[2019-12-09T03:49:17.773+0000][1][gc] Using Concurrent Mark Sweep
[2019-12-09T03:49:17.773+0000][1][gc,heap,coops] Heap address: 0x00000000f0000000, size: 256 MB, Compressed Oops mode: 32-bit
[2019-12-09T03:49:18.192+0000][1][safepoint    ] Entering safepoint region: EnableBiasedLocking
[2019-12-09T03:49:18.192+0000][1][safepoint    ] Leaving safepoint region
[2019-12-09T03:49:18.192+0000][1][safepoint    ] Total time for which application threads were stopped: 0.0249538 seconds, Stopping threads took: 0.0248644 seconds
[2019-12-09T03:49:18.213+0000][1][safepoint    ] Application time: 0.0170509 seconds
[2019-12-09T03:49:18.213+0000][1][safepoint    ] Entering safepoint region: RevokeBias
[2019-12-09T03:49:18.213+0000][1][safepoint    ] Leaving safepoint region
[2019-12-09T03:49:18.213+0000][1][safepoint    ] Total time for which application threads were stopped: 0.0000874 seconds, Stopping threads took: 0.0000093 seconds
[2019-12-09T03:49:18.379+0000][1][safepoint    ] Application time: 0.1662609 seconds
[2019-12-09T03:49:18.379+0000][1][safepoint    ] Entering safepoint region: Deoptimize
[2019-12-09T03:49:18.379+0000][1][safepoint    ] Leaving safepoint region
[2019-12-09T03:49:18.379+0000][1][safepoint    ] Total time for which application threads were stopped: 0.0000730 seconds, Stopping threads took: 0.0000127 seconds
[2019-12-09T03:49:18.919+0000][1][safepoint    ] Application time: 0.5398101 seconds
[2019-12-09T03:49:18.919+0000][1][safepoint    ] Entering safepoint region: RevokeBias
[2019-12-09T03:49:18.919+0000][1][safepoint    ] Leaving safepoint region
[2019-12-09T03:49:18.919+0000][1][safepoint    ] Total time for which application threads were stopped: 0.0000741 seconds, Stopping threads took: 0.0000115 seconds
[2019-12-09T03:49:19.198+0000][1][safepoint    ] Application time: 0.2789080 seconds
[2019-12-09T03:49:19.198+0000][1][safepoint    ] Entering safepoint region: Deoptimize
[2019-12-09T03:49:19.198+0000][1][safepoint    ] Leaving safepoint region
[2019-12-09T03:49:19.198+0000][1][safepoint    ] Total time for which application threads were stopped: 0.0000783 seconds, Stopping threads took: 0.0000102 seconds
[2019-12-09T03:49:20.202+0000][1][safepoint    ] Application time: 1.0034883 seconds
[2019-12-09T03:49:20.202+0000][1][safepoint    ] Entering safepoint region: Cleanup
[2019-12-09T03:49:20.202+0000][1][safepoint    ] Leaving safepoint region
[2019-12-09T03:49:20.202+0000][1][safepoint    ] Total time for which application threads were stopped: 0.0000781 seconds, Stopping threads took: 0.0000153 seconds
[2019-12-09T03:49:21.211+0000][1][safepoint    ] Application time: 1.0093663 seconds
[2019-12-09T03:49:21.239+0000][1][safepoint    ] Entering safepoint region: Cleanup
[2019-12-09T03:49:21.239+0000][1][safepoint    ] Leaving safepoint region
[2019-12-09T03:49:21.239+0000][1][safepoint    ] Total time for which application threads were stopped: 0.0280302 seconds, Stopping threads took: 0.0279520 seconds
[2019-12-09T03:49:21.675+0000][1][safepoint    ] Application time: 0.4357993 seconds
[2019-12-09T03:49:21.675+0000][1][safepoint    ] Entering safepoint region: Deoptimize
[2019-12-09T03:49:21.675+0000][1][safepoint    ] Leaving safepoint region
[2019-12-09T03:49:21.675+0000][1][safepoint    ] Total time for which application threads were stopped: 0.0001648 seconds, Stopping threads took: 0.0000115 seconds
[2019-12-09T03:49:22.192+0000][1][safepoint    ] Application time: 0.5163660 seconds
[2019-12-09T03:49:22.192+0000][1][safepoint    ] Entering safepoint region: Deoptimize
[2019-12-09T03:49:22.192+0000][1][safepoint    ] Leaving safepoint region
[2019-12-09T03:49:22.192+0000][1][safepoint    ] Total time for which application threads were stopped: 0.0001660 seconds, Stopping threads took: 0.0000107 seconds
[2019-12-09T03:49:22.231+0000][1][safepoint    ] Application time: 0.0387915 seconds
[2019-12-09T03:49:22.231+0000][1][safepoint    ] Entering safepoint region: Deoptimize
[2019-12-09T03:49:22.231+0000][1][safepoint    ] Leaving safepoint region
[2019-12-09T03:49:22.231+0000][1][safepoint    ] Total time for which application threads were stopped: 0.0001474 seconds, Stopping threads took: 0.0000104 seconds
[2019-12-09T03:49:23.259+0000][1][safepoint    ] Application time: 1.0278079 seconds
[2019-12-09T03:49:23.301+0000][1][safepoint    ] Entering safepoint region: Cleanup
[2019-12-09T03:49:23.301+0000][1][safepoint    ] Leaving safepoint region
[2019-12-09T03:49:23.301+0000][1][safepoint    ] Total time for which application threads were stopped: 0.0422365 seconds, Stopping threads took: 0.0421826 seconds
[2019-12-09T03:49:24.303+0000][1][safepoint    ] Application time: 1.0017059 seconds
[2019-12-09T03:49:24.311+0000][1][safepoint    ] Entering safepoint region: Cleanup
[2019-12-09T03:49:24.311+0000][1][safepoint    ] Leaving safepoint region
[2019-12-09T03:49:24.311+0000][1][safepoint    ] Total time for which application threads were stopped: 0.0080430 seconds, Stopping threads took: 0.0079934 seconds
[2019-12-09T03:49:25.313+0000][1][safepoint    ] Application time: 1.0019147 seconds
[2019-12-09T03:49:25.313+0000][1][safepoint    ] Entering safepoint region: Cleanup
[2019-12-09T03:49:25.313+0000][1][safepoint    ] Leaving safepoint region
[2019-12-09T03:49:25.313+0000][1][safepoint    ] Total time for which application threads were stopped: 0.0000580 seconds, Stopping threads took: 0.0000126 seconds
[2019-12-09T03:49:25.898+0000][1][safepoint    ] Application time: 0.5848970 seconds
[2019-12-09T03:49:25.898+0000][1][safepoint    ] Entering safepoint region: Deoptimize
[2019-12-09T03:49:25.898+0000][1][safepoint    ] Leaving safepoint region
[2019-12-09T03:49:25.898+0000][1][safepoint    ] Total time for which application threads were stopped: 0.0002147 seconds, Stopping threads took: 0.0000101 seconds
[2019-12-09T03:49:26.918+0000][1][safepoint    ] Application time: 1.0197402 seconds
[2019-12-09T03:49:26.918+0000][1][safepoint    ] Entering safepoint region: Cleanup
[2019-12-09T03:49:26.918+0000][1][safepoint    ] Leaving safepoint region
[2019-12-09T03:49:26.918+0000][1][safepoint    ] Total time for which application threads were stopped: 0.0000477 seconds, Stopping threads took: 0.0000129 seconds
[2019-12-09T03:49:27.945+0000][1][safepoint    ] Application time: 1.0270075 seconds
[2019-12-09T03:49:27.945+0000][1][safepoint    ] Entering safepoint region: Cleanup
[2019-12-09T03:49:27.945+0000][1][safepoint    ] Leaving safepoint region
[2019-12-09T03:49:27.945+0000][1][safepoint    ] Total time for which application threads were stopped: 0.0000581 seconds, Stopping threads took: 0.0000152 seconds
[2019-12-09T03:49:28.947+0000][1][safepoint    ] Application time: 1.0018009 seconds
[2019-12-09T03:49:28.964+0000][1][safepoint    ] Entering safepoint region: Cleanup
[2019-12-09T03:49:28.964+0000][1][safepoint    ] Leaving safepoint region
[2019-12-09T03:49:28.964+0000][1][safepoint    ] Total time for which application threads were stopped: 0.0171774 seconds, Stopping threads took: 0.0170817 seconds
[2019-12-09T03:49:29.266+0000][1][safepoint    ] Application time: 0.3019349 seconds
[2019-12-09T03:49:29.266+0000][1][safepoint    ] Entering safepoint region: Deoptimize
[2019-12-09T03:49:29.266+0000][1][safepoint    ] Leaving safepoint region
[2019-12-09T03:49:29.266+0000][1][safepoint    ] Total time for which application threads were stopped: 0.0002328 seconds, Stopping threads took: 0.0000108 seconds
[2019-12-09T03:49:30.269+0000][1][safepoint    ] Application time: 1.0032576 seconds
[2019-12-09T03:49:30.270+0000][1][safepoint    ] Entering safepoint region: Cleanup
[2019-12-09T03:49:30.270+0000][1][safepoint    ] Leaving safepoint region
[2019-12-09T03:49:30.270+0000][1][safepoint    ] Total time for which application threads were stopped: 0.0003665 seconds, Stopping threads took: 0.0003064 seconds
[2019-12-09T03:49:30.397+0000][1][safepoint    ] Application time: 0.1272054 seconds
[2019-12-09T03:49:30.397+0000][1][safepoint    ] Entering safepoint region: Deoptimize
[2019-12-09T03:49:30.397+0000][1][safepoint    ] Leaving safepoint region
[2019-12-09T03:49:30.397+0000][1][safepoint    ] Total time for which application threads were stopped: 0.0002550 seconds, Stopping threads took: 0.0000114 seconds
[2019-12-09T03:49:30.397+0000][1][safepoint    ] Application time: 0.0001457 seconds
[2019-12-09T03:49:30.397+0000][1][safepoint    ] Entering safepoint region: Deoptimize
[2019-12-09T03:49:30.398+0000][1][safepoint    ] Leaving safepoint region
[2019-12-09T03:49:30.398+0000][1][safepoint    ] Total time for which application threads were stopped: 0.0002233 seconds, Stopping threads took: 0.0000086 seconds
[2019-12-09T03:49:30.617+0000][1][safepoint    ] Application time: 0.2188946 seconds
[2019-12-09T03:49:30.617+0000][1][safepoint    ] Entering safepoint region: Deoptimize
[2019-12-09T03:49:30.617+0000][1][safepoint    ] Leaving safepoint region
[2019-12-09T03:49:30.617+0000][1][safepoint    ] Total time for which application threads were stopped: 0.0002998 seconds, Stopping threads took: 0.0000135 seconds
[2019-12-09T03:49:30.678+0000][1][safepoint    ] Application time: 0.0609373 seconds
[2019-12-09T03:49:30.723+0000][1][safepoint    ] Entering safepoint region: RevokeBias
[2019-12-09T03:49:30.723+0000][1][safepoint    ] Leaving safepoint region
[2019-12-09T03:49:30.723+0000][1][safepoint    ] Total time for which application threads were stopped: 0.0450988 seconds, Stopping threads took: 0.0450161 seconds
[2019-12-09T03:49:30.723+0000][1][safepoint    ] Application time: 0.0002111 seconds
[2019-12-09T03:49:30.723+0000][1][safepoint    ] Entering safepoint region: RevokeBias
[2019-12-09T03:49:30.723+0000][1][safepoint    ] Leaving safepoint region
[2019-12-09T03:49:30.723+0000][1][safepoint    ] Total time for which application threads were stopped: 0.0000692 seconds, Stopping threads took: 0.0000117 seconds
[2019-12-09T03:49:30.724+0000][1][safepoint    ] Application time: 0.0001582 seconds
[2019-12-09T03:49:30.724+0000][1][safepoint    ] Entering safepoint region: RevokeBias
[2019-12-09T03:49:30.724+0000][1][safepoint    ] Leaving safepoint region
[2019-12-09T03:49:30.724+0000][1][safepoint    ] Total time for which application threads were stopped: 0.0000493 seconds, Stopping threads took: 0.0000086 seconds
[2019-12-09T03:49:30.724+0000][1][safepoint    ] Application time: 0.0000519 seconds
[2019-12-09T03:49:30.724+0000][1][safepoint    ] Entering safepoint region: RevokeBias
[2019-12-09T03:49:30.724+0000][1][safepoint    ] Leaving safepoint region
[2019-12-09T03:49:30.724+0000][1][safepoint    ] Total time for which application threads were stopped: 0.0000544 seconds, Stopping threads took: 0.0000077 seconds
[2019-12-09T03:49:30.724+0000][1][safepoint    ] Application time: 0.0000836 seconds
[2019-12-09T03:49:30.724+0000][1][safepoint    ] Entering safepoint region: RevokeBias
[2019-12-09T03:49:30.724+0000][1][safepoint    ] Leaving safepoint region
[2019-12-09T03:49:30.724+0000][1][safepoint    ] Total time for which application threads were stopped: 0.0000440 seconds, Stopping threads took: 0.0000085 seconds
[2019-12-09T03:49:30.724+0000][1][safepoint    ] Application time: 0.0001742 seconds
[2019-12-09T03:49:30.724+0000][1][safepoint    ] Entering safepoint region: RevokeBias
[2019-12-09T03:49:30.724+0000][1][safepoint    ] Leaving safepoint region
[2019-12-09T03:49:30.724+0000][1][safepoint    ] Total time for which application threads were stopped: 0.0000462 seconds, Stopping threads took: 0.0000092 seconds
[2019-12-09T03:49:31.726+0000][1][safepoint    ] Application time: 1.0016173 seconds
[2019-12-09T03:49:31.726+0000][1][safepoint    ] Entering safepoint region: Cleanup
[2019-12-09T03:49:31.726+0000][1][safepoint    ] Leaving safepoint region
[2019-12-09T03:49:31.726+0000][1][safepoint    ] Total time for which application threads were stopped: 0.0001092 seconds, Stopping threads took: 0.0000510 seconds
[2019-12-09T03:49:32.469+0000][1][safepoint    ] Application time: 0.7434148 seconds
[2019-12-09T03:49:32.469+0000][1][safepoint    ] Entering safepoint region: GenCollectForAllocation
[2019-12-09T03:49:32.469+0000][1][gc,start     ] GC(0) Pause Young (Allocation Failure)
[2019-12-09T03:49:32.480+0000][1][gc,task      ] GC(0) Using 2 workers of 2 for evacuation
[2019-12-09T03:49:32.682+0000][1][gc,age       ] GC(0) Desired survivor size 4456448 bytes, new threshold 1 (max threshold 6)
[2019-12-09T03:49:32.682+0000][1][gc,age       ] GC(0) Age table with threshold 1 (max threshold 6)
[2019-12-09T03:49:32.682+0000][1][gc,age       ] GC(0) - age   1:    6720976 bytes,    6720976 total
[2019-12-09T03:49:32.682+0000][1][gc,heap      ] GC(0) ParNew: 69952K->6608K(78656K)
[2019-12-09T03:49:32.682+0000][1][gc,heap      ] GC(0) CMS: 0K->0K(174784K)
[2019-12-09T03:49:32.682+0000][1][gc,metaspace ] GC(0) Metaspace: 12843K->12843K(1060864K)
[2019-12-09T03:49:32.682+0000][1][gc           ] GC(0) Pause Young (Allocation Failure) 68M->6M(247M) 212.768ms
[2019-12-09T03:49:32.682+0000][1][gc,cpu       ] GC(0) User=0.04s Sys=0.00s Real=0.21s
[2019-12-09T03:49:32.682+0000][1][safepoint    ] Leaving safepoint region
[2019-12-09T03:49:32.682+0000][1][safepoint    ] Total time for which application threads were stopped: 0.2129245 seconds, Stopping threads took: 0.0000155 seconds
[2019-12-09T03:49:32.691+0000][1][safepoint    ] Application time: 0.0084570 seconds
[2019-12-09T03:49:32.762+0000][1][safepoint    ] Entering safepoint region: RevokeBias
[2019-12-09T03:49:32.762+0000][1][safepoint    ] Leaving safepoint region
[2019-12-09T03:49:32.762+0000][1][safepoint    ] Total time for which application threads were stopped: 0.0712146 seconds, Stopping threads took: 0.0710815 seconds
[2019-12-09T03:49:32.766+0000][1][safepoint    ] Application time: 0.0037436 seconds
[2019-12-09T03:49:32.789+0000][1][safepoint    ] Entering safepoint region: RevokeBias
[2019-12-09T03:49:32.789+0000][1][safepoint    ] Leaving safepoint region
[2019-12-09T03:49:32.789+0000][1][safepoint    ] Total time for which application threads were stopped: 0.0230919 seconds, Stopping threads took: 0.0230002 seconds
[2019-12-09T03:49:32.791+0000][1][safepoint    ] Application time: 0.0018887 seconds
[2019-12-09T03:49:32.819+0000][1][safepoint    ] Entering safepoint region: RevokeBias
[2019-12-09T03:49:32.819+0000][1][safepoint    ] Leaving safepoint region
[2019-12-09T03:49:32.819+0000][1][safepoint    ] Total time for which application threads were stopped: 0.0281620 seconds, Stopping threads took: 0.0280733 seconds
[2019-12-09T03:49:32.819+0000][1][safepoint    ] Application time: 0.0000746 seconds
[2019-12-09T03:49:32.819+0000][1][safepoint    ] Entering safepoint region: RevokeBias
[2019-12-09T03:49:32.819+0000][1][safepoint    ] Leaving safepoint region
[2019-12-09T03:49:32.819+0000][1][safepoint    ] Total time for which application threads were stopped: 0.0000691 seconds, Stopping threads took: 0.0000093 seconds
[2019-12-09T03:49:32.819+0000][1][safepoint    ] Application time: 0.0000745 seconds
[2019-12-09T03:49:32.819+0000][1][safepoint    ] Entering safepoint region: RevokeBias
[2019-12-09T03:49:32.819+0000][1][safepoint    ] Leaving safepoint region
[2019-12-09T03:49:32.819+0000][1][safepoint    ] Total time for which application threads were stopped: 0.0000619 seconds, Stopping threads took: 0.0000080 seconds
[2019-12-09T03:49:32.819+0000][1][safepoint    ] Application time: 0.0000517 seconds
[2019-12-09T03:49:32.819+0000][1][safepoint    ] Entering safepoint region: RevokeBias
[2019-12-09T03:49:32.819+0000][1][safepoint    ] Leaving safepoint region
[2019-12-09T03:49:32.819+0000][1][safepoint    ] Total time for which application threads were stopped: 0.0000567 seconds, Stopping threads took: 0.0000083 seconds
[2019-12-09T03:49:32.819+0000][1][safepoint    ] Application time: 0.0000583 seconds
[2019-12-09T03:49:32.819+0000][1][safepoint    ] Entering safepoint region: RevokeBias
[2019-12-09T03:49:32.819+0000][1][safepoint    ] Leaving safepoint region
[2019-12-09T03:49:32.819+0000][1][safepoint    ] Total time for which application threads were stopped: 0.0000560 seconds, Stopping threads took: 0.0000081 seconds
[2019-12-09T03:49:32.820+0000][1][safepoint    ] Application time: 0.0000529 seconds
[2019-12-09T03:49:32.820+0000][1][safepoint    ] Entering safepoint region: RevokeBias
[2019-12-09T03:49:32.820+0000][1][safepoint    ] Leaving safepoint region
[2019-12-09T03:49:32.820+0000][1][safepoint    ] Total time for which application threads were stopped: 0.0000675 seconds, Stopping threads took: 0.0000176 seconds
[2019-12-09T03:49:32.820+0000][1][safepoint    ] Application time: 0.0000758 seconds
[2019-12-09T03:49:32.820+0000][1][safepoint    ] Entering safepoint region: RevokeBias
[2019-12-09T03:49:32.820+0000][1][safepoint    ] Leaving safepoint region
[2019-12-09T03:49:32.820+0000][1][safepoint    ] Total time for which application threads were stopped: 0.0000515 seconds, Stopping threads took: 0.0000070 seconds
[2019-12-09T03:49:32.820+0000][1][safepoint    ] Application time: 0.0000430 seconds
[2019-12-09T03:49:32.820+0000][1][safepoint    ] Entering safepoint region: RevokeBias
[2019-12-09T03:49:32.820+0000][1][safepoint    ] Leaving safepoint region
[2019-12-09T03:49:32.820+0000][1][safepoint    ] Total time for which application threads were stopped: 0.0000458 seconds, Stopping threads took: 0.0000065 seconds
[2019-12-09T03:49:32.820+0000][1][safepoint    ] Application time: 0.0000472 seconds
[2019-12-09T03:49:32.820+0000][1][safepoint    ] Entering safepoint region: RevokeBias
[2019-12-09T03:49:32.820+0000][1][safepoint    ] Leaving safepoint region
[2019-12-09T03:49:32.820+0000][1][safepoint    ] Total time for which application threads were stopped: 0.0000461 seconds, Stopping threads took: 0.0000061 seconds
[2019-12-09T03:49:32.820+0000][1][safepoint    ] Application time: 0.0000431 seconds
[2019-12-09T03:49:32.820+0000][1][safepoint    ] Entering safepoint region: RevokeBias
[2019-12-09T03:49:32.820+0000][1][safepoint    ] Leaving safepoint region
[2019-12-09T03:49:32.820+0000][1][safepoint    ] Total time for which application threads were stopped: 0.0000451 seconds, Stopping threads took: 0.0000063 seconds
[2019-12-09T03:49:32.820+0000][1][safepoint    ] Application time: 0.0000466 seconds
[2019-12-09T03:49:32.820+0000][1][safepoint    ] Entering safepoint region: RevokeBias
[2019-12-09T03:49:32.820+0000][1][safepoint    ] Leaving safepoint region
[2019-12-09T03:49:32.820+0000][1][safepoint    ] Total time for which application threads were stopped: 0.0000471 seconds, Stopping threads took: 0.0000064 seconds
[2019-12-09T03:49:32.820+0000][1][safepoint    ] Application time: 0.0000421 seconds
[2019-12-09T03:49:32.820+0000][1][safepoint    ] Entering safepoint region: RevokeBias
[2019-12-09T03:49:32.820+0000][1][safepoint    ] Leaving safepoint region
[2019-12-09T03:49:32.820+0000][1][safepoint    ] Total time for which application threads were stopped: 0.0000469 seconds, Stopping threads took: 0.0000066 seconds
[2019-12-09T03:49:32.820+0000][1][safepoint    ] Application time: 0.0000551 seconds
[2019-12-09T03:49:32.820+0000][1][safepoint    ] Entering safepoint region: RevokeBias
[2019-12-09T03:49:32.820+0000][1][safepoint    ] Leaving safepoint region
[2019-12-09T03:49:32.820+0000][1][safepoint    ] Total time for which application threads were stopped: 0.0000476 seconds, Stopping threads took: 0.0000066 seconds
[2019-12-09T03:49:32.820+0000][1][safepoint    ] Application time: 0.0000426 seconds
[2019-12-09T03:49:32.820+0000][1][safepoint    ] Entering safepoint region: RevokeBias
[2019-12-09T03:49:32.821+0000][1][safepoint    ] Leaving safepoint region
[2019-12-09T03:49:32.821+0000][1][safepoint    ] Total time for which application threads were stopped: 0.0000456 seconds, Stopping threads took: 0.0000066 seconds
[2019-12-09T03:49:32.821+0000][1][safepoint    ] Application time: 0.0000500 seconds
[2019-12-09T03:49:32.821+0000][1][safepoint    ] Entering safepoint region: RevokeBias
[2019-12-09T03:49:32.821+0000][1][safepoint    ] Leaving safepoint region
[2019-12-09T03:49:32.821+0000][1][safepoint    ] Total time for which application threads were stopped: 0.0000464 seconds, Stopping threads took: 0.0000066 seconds
[2019-12-09T03:49:32.821+0000][1][safepoint    ] Application time: 0.0000424 seconds
[2019-12-09T03:49:32.821+0000][1][safepoint    ] Entering safepoint region: RevokeBias
[2019-12-09T03:49:32.821+0000][1][safepoint    ] Leaving safepoint region
[2019-12-09T03:49:32.821+0000][1][safepoint    ] Total time for which application threads were stopped: 0.0000687 seconds, Stopping threads took: 0.0000262 seconds
[2019-12-09T03:49:32.821+0000][1][safepoint    ] Application time: 0.0000700 seconds
[2019-12-09T03:49:32.821+0000][1][safepoint    ] Entering safepoint region: RevokeBias
[2019-12-09T03:49:32.821+0000][1][safepoint    ] Leaving safepoint region
[2019-12-09T03:49:32.821+0000][1][safepoint    ] Total time for which application threads were stopped: 0.0000478 seconds, Stopping threads took: 0.0000066 seconds
[2019-12-09T03:49:32.821+0000][1][safepoint    ] Application time: 0.0000423 seconds
[2019-12-09T03:49:32.821+0000][1][safepoint    ] Entering safepoint region: RevokeBias
[2019-12-09T03:49:32.821+0000][1][safepoint    ] Leaving safepoint region
[2019-12-09T03:49:32.821+0000][1][safepoint    ] Total time for which application threads were stopped: 0.0000471 seconds, Stopping threads took: 0.0000067 seconds
[2019-12-09T03:49:32.821+0000][1][safepoint    ] Application time: 0.0000454 seconds
[2019-12-09T03:49:32.821+0000][1][safepoint    ] Entering safepoint region: RevokeBias
[2019-12-09T03:49:32.821+0000][1][safepoint    ] Leaving safepoint region
[2019-12-09T03:49:32.821+0000][1][safepoint    ] Total time for which application threads were stopped: 0.0000470 seconds, Stopping threads took: 0.0000065 seconds
[2019-12-09T03:49:32.821+0000][1][safepoint    ] Application time: 0.0000420 seconds
[2019-12-09T03:49:32.821+0000][1][safepoint    ] Entering safepoint region: RevokeBias
[2019-12-09T03:49:32.821+0000][1][safepoint    ] Leaving safepoint region
[2019-12-09T03:49:32.821+0000][1][safepoint    ] Total time for which application threads were stopped: 0.0000471 seconds, Stopping threads took: 0.0000068 seconds
[2019-12-09T03:49:32.821+0000][1][safepoint    ] Application time: 0.0000453 seconds
[2019-12-09T03:49:32.821+0000][1][safepoint    ] Entering safepoint region: RevokeBias
[2019-12-09T03:49:32.821+0000][1][safepoint    ] Leaving safepoint region
[2019-12-09T03:49:32.821+0000][1][safepoint    ] Total time for which application threads were stopped: 0.0000471 seconds, Stopping threads took: 0.0000063 seconds
[2019-12-09T03:49:32.821+0000][1][safepoint    ] Application time: 0.0000426 seconds
[2019-12-09T03:49:32.821+0000][1][safepoint    ] Entering safepoint region: RevokeBias
[2019-12-09T03:49:32.821+0000][1][safepoint    ] Leaving safepoint region
[2019-12-09T03:49:32.821+0000][1][safepoint    ] Total time for which application threads were stopped: 0.0000461 seconds, Stopping threads took: 0.0000069 seconds
[2019-12-09T03:49:32.821+0000][1][safepoint    ] Application time: 0.0000647 seconds
[2019-12-09T03:49:32.821+0000][1][safepoint    ] Entering safepoint region: RevokeBias
[2019-12-09T03:49:32.822+0000][1][safepoint    ] Leaving safepoint region
[2019-12-09T03:49:32.822+0000][1][safepoint    ] Total time for which application threads were stopped: 0.0000439 seconds, Stopping threads took: 0.0000058 seconds
[2019-12-09T03:49:32.822+0000][1][safepoint    ] Application time: 0.0000406 seconds
[2019-12-09T03:49:32.822+0000][1][safepoint    ] Entering safepoint region: RevokeBias
[2019-12-09T03:49:32.822+0000][1][safepoint    ] Leaving safepoint region
[2019-12-09T03:49:32.822+0000][1][safepoint    ] Total time for which application threads were stopped: 0.0000464 seconds, Stopping threads took: 0.0000061 seconds
[2019-12-09T03:49:32.822+0000][1][safepoint    ] Application time: 0.0002953 seconds
[2019-12-09T03:49:32.822+0000][1][safepoint    ] Entering safepoint region: RevokeBias
[2019-12-09T03:49:32.822+0000][1][safepoint    ] Leaving safepoint region
[2019-12-09T03:49:32.822+0000][1][safepoint    ] Total time for which application threads were stopped: 0.0000677 seconds, Stopping threads took: 0.0000084 seconds
[2019-12-09T03:49:32.822+0000][1][safepoint    ] Application time: 0.0000536 seconds
[2019-12-09T03:49:32.822+0000][1][safepoint    ] Entering safepoint region: RevokeBias
[2019-12-09T03:49:32.822+0000][1][safepoint    ] Leaving safepoint region
[2019-12-09T03:49:32.822+0000][1][safepoint    ] Total time for which application threads were stopped: 0.0000645 seconds, Stopping threads took: 0.0000142 seconds
[2019-12-09T03:49:32.822+0000][1][safepoint    ] Application time: 0.0000612 seconds
[2019-12-09T03:49:32.822+0000][1][safepoint    ] Entering safepoint region: RevokeBias
[2019-12-09T03:49:32.822+0000][1][safepoint    ] Leaving safepoint region
[2019-12-09T03:49:32.822+0000][1][safepoint    ] Total time for which application threads were stopped: 0.0000588 seconds, Stopping threads took: 0.0000085 seconds
[2019-12-09T03:49:32.822+0000][1][safepoint    ] Application time: 0.0000517 seconds
[2019-12-09T03:49:32.822+0000][1][safepoint    ] Entering safepoint region: RevokeBias
[2019-12-09T03:49:32.822+0000][1][safepoint    ] Leaving safepoint region
[2019-12-09T03:49:32.822+0000][1][safepoint    ] Total time for which application threads were stopped: 0.0000550 seconds, Stopping threads took: 0.0000080 seconds
[2019-12-09T03:49:33.944+0000][1][safepoint    ] Application time: 1.1211651 seconds
[2019-12-09T03:49:33.944+0000][1][safepoint    ] Entering safepoint region: Deoptimize
[2019-12-09T03:49:33.944+0000][1][safepoint    ] Leaving safepoint region
[2019-12-09T03:49:33.944+0000][1][safepoint    ] Total time for which application threads were stopped: 0.0004763 seconds, Stopping threads took: 0.0000138 seconds
[2019-12-09T03:49:34.957+0000][1][safepoint    ] Application time: 1.0126499 seconds
[2019-12-09T03:49:35.017+0000][1][safepoint    ] Entering safepoint region: Cleanup
[2019-12-09T03:49:35.017+0000][1][safepoint    ] Leaving safepoint region
[2019-12-09T03:49:35.017+0000][1][safepoint    ] Total time for which application threads were stopped: 0.0601726 seconds, Stopping threads took: 0.0600848 seconds
[2019-12-09T03:49:35.250+0000][1][safepoint    ] Application time: 0.2327722 seconds
[2019-12-09T03:49:35.250+0000][1][safepoint    ] Entering safepoint region: RevokeBias
[2019-12-09T03:49:35.250+0000][1][safepoint    ] Leaving safepoint region
[2019-12-09T03:49:35.250+0000][1][safepoint    ] Total time for which application threads were stopped: 0.0001245 seconds, Stopping threads took: 0.0000482 seconds
[2019-12-09T03:49:36.254+0000][1][safepoint    ] Application time: 1.0038542 seconds
[2019-12-09T03:49:36.299+0000][1][safepoint    ] Entering safepoint region: Cleanup
[2019-12-09T03:49:36.299+0000][1][safepoint    ] Leaving safepoint region
[2019-12-09T03:49:36.299+0000][1][safepoint    ] Total time for which application threads were stopped: 0.0449364 seconds, Stopping threads took: 0.0448582 seconds
[2019-12-09T03:49:36.594+0000][1][safepoint    ] Application time: 0.2955809 seconds
[2019-12-09T03:49:36.594+0000][1][safepoint    ] Entering safepoint region: GenCollectForAllocation
[2019-12-09T03:49:36.594+0000][1][gc,start     ] GC(1) Pause Young (Allocation Failure)
[2019-12-09T03:49:36.594+0000][1][gc,task      ] GC(1) Using 2 workers of 2 for evacuation
[2019-12-09T03:49:36.893+0000][1][gc,age       ] GC(1) Desired survivor size 4456448 bytes, new threshold 6 (max threshold 6)
[2019-12-09T03:49:36.893+0000][1][gc,age       ] GC(1) Age table with threshold 6 (max threshold 6)
[2019-12-09T03:49:36.893+0000][1][gc,age       ] GC(1) - age   1:    1190456 bytes,    1190456 total
[2019-12-09T03:49:36.893+0000][1][gc,heap      ] GC(1) ParNew: 76560K->4282K(78656K)
[2019-12-09T03:49:36.893+0000][1][gc,heap      ] GC(1) CMS: 0K->7031K(174784K)
[2019-12-09T03:49:36.893+0000][1][gc,metaspace ] GC(1) Metaspace: 14804K->14804K(1062912K)
[2019-12-09T03:49:36.893+0000][1][gc           ] GC(1) Pause Young (Allocation Failure) 74M->11M(247M) 298.660ms
[2019-12-09T03:49:36.893+0000][1][gc,cpu       ] GC(1) User=0.07s Sys=0.00s Real=0.30s
[2019-12-09T03:49:36.893+0000][1][safepoint    ] Leaving safepoint region
[2019-12-09T03:49:36.893+0000][1][safepoint    ] Total time for which application threads were stopped: 0.2988139 seconds, Stopping threads took: 0.0000153 seconds
[2019-12-09T03:49:36.898+0000][1][safepoint    ] Application time: 0.0047005 seconds
[2019-12-09T03:49:36.898+0000][1][safepoint    ] Entering safepoint region: BulkRevokeBias
[2019-12-09T03:49:36.898+0000][1][safepoint    ] Leaving safepoint region
[2019-12-09T03:49:36.898+0000][1][safepoint    ] Total time for which application threads were stopped: 0.0002491 seconds, Stopping threads took: 0.0000830 seconds
[2019-12-09T03:49:36.898+0000][1][safepoint    ] Application time: 0.0001255 seconds
[2019-12-09T03:49:36.898+0000][1][safepoint    ] Entering safepoint region: RevokeBias
[2019-12-09T03:49:36.898+0000][1][safepoint    ] Leaving safepoint region
[2019-12-09T03:49:36.898+0000][1][safepoint    ] Total time for which application threads were stopped: 0.0000793 seconds, Stopping threads took: 0.0000102 seconds
[2019-12-09T03:49:36.902+0000][1][safepoint    ] Application time: 0.0034434 seconds
[2019-12-09T03:49:36.902+0000][1][safepoint    ] Entering safepoint region: RevokeBias
[2019-12-09T03:49:36.902+0000][1][safepoint    ] Leaving safepoint region
[2019-12-09T03:49:36.902+0000][1][safepoint    ] Total time for which application threads were stopped: 0.0000871 seconds, Stopping threads took: 0.0000113 seconds
[2019-12-09T03:49:36.902+0000][1][safepoint    ] Application time: 0.0000583 seconds
[2019-12-09T03:49:36.902+0000][1][safepoint    ] Entering safepoint region: RevokeBias
[2019-12-09T03:49:36.902+0000][1][safepoint    ] Leaving safepoint region
[2019-12-09T03:49:36.902+0000][1][safepoint    ] Total time for which application threads were stopped: 0.0000627 seconds, Stopping threads took: 0.0000084 seconds
[2019-12-09T03:49:36.902+0000][1][safepoint    ] Application time: 0.0000594 seconds
[2019-12-09T03:49:36.902+0000][1][safepoint    ] Entering safepoint region: RevokeBias
[2019-12-09T03:49:36.902+0000][1][safepoint    ] Leaving safepoint region
[2019-12-09T03:49:36.902+0000][1][safepoint    ] Total time for which application threads were stopped: 0.0000601 seconds, Stopping threads took: 0.0000082 seconds
[2019-12-09T03:49:36.902+0000][1][safepoint    ] Application time: 0.0000517 seconds
[2019-12-09T03:49:36.902+0000][1][safepoint    ] Entering safepoint region: RevokeBias
[2019-12-09T03:49:36.902+0000][1][safepoint    ] Leaving safepoint region
[2019-12-09T03:49:36.902+0000][1][safepoint    ] Total time for which application threads were stopped: 0.0000577 seconds, Stopping threads took: 0.0000082 seconds
[2019-12-09T03:49:36.904+0000][1][safepoint    ] Application time: 0.0012637 seconds
[2019-12-09T03:49:36.904+0000][1][safepoint    ] Entering safepoint region: BulkRevokeBias
[2019-12-09T03:49:36.904+0000][1][safepoint    ] Leaving safepoint region
[2019-12-09T03:49:36.904+0000][1][safepoint    ] Total time for which application threads were stopped: 0.0001276 seconds, Stopping threads took: 0.0000111 seconds
[2019-12-09T03:49:36.904+0000][1][safepoint    ] Application time: 0.0000607 seconds
[2019-12-09T03:49:36.904+0000][1][safepoint    ] Entering safepoint region: RevokeBias
[2019-12-09T03:49:36.904+0000][1][safepoint    ] Leaving safepoint region
[2019-12-09T03:49:36.904+0000][1][safepoint    ] Total time for which application threads were stopped: 0.0000642 seconds, Stopping threads took: 0.0000088 seconds
[2019-12-09T03:49:36.904+0000][1][safepoint    ] Application time: 0.0000627 seconds
[2019-12-09T03:49:36.904+0000][1][safepoint    ] Entering safepoint region: BulkRevokeBias
[2019-12-09T03:49:36.904+0000][1][safepoint    ] Leaving safepoint region
[2019-12-09T03:49:36.904+0000][1][safepoint    ] Total time for which application threads were stopped: 0.0000836 seconds, Stopping threads took: 0.0000085 seconds
[2019-12-09T03:49:37.906+0000][1][safepoint    ] Application time: 1.0016431 seconds
[2019-12-09T03:49:37.945+0000][1][safepoint    ] Entering safepoint region: Cleanup
[2019-12-09T03:49:37.945+0000][1][safepoint    ] Leaving safepoint region
[2019-12-09T03:49:37.945+0000][1][safepoint    ] Total time for which application threads were stopped: 0.0390875 seconds, Stopping threads took: 0.0390276 seconds
[2019-12-09T03:49:38.137+0000][1][safepoint    ] Application time: 0.1917340 seconds
[2019-12-09T03:49:38.137+0000][1][safepoint    ] Entering safepoint region: GenCollectForAllocation
[2019-12-09T03:49:38.137+0000][1][gc,start     ] GC(2) Pause Young (Allocation Failure)
[2019-12-09T03:49:38.137+0000][1][gc,task      ] GC(2) Using 2 workers of 2 for evacuation
[2019-12-09T03:49:38.212+0000][1][gc,age       ] GC(2) Desired survivor size 4456448 bytes, new threshold 6 (max threshold 6)
[2019-12-09T03:49:38.212+0000][1][gc,age       ] GC(2) Age table with threshold 6 (max threshold 6)
[2019-12-09T03:49:38.212+0000][1][gc,age       ] GC(2) - age   1:    1082360 bytes,    1082360 total
[2019-12-09T03:49:38.212+0000][1][gc,age       ] GC(2) - age   2:     920472 bytes,    2002832 total
[2019-12-09T03:49:38.212+0000][1][gc,heap      ] GC(2) ParNew: 74234K->2342K(78656K)
[2019-12-09T03:49:38.212+0000][1][gc,heap      ] GC(2) CMS: 7031K->7031K(174784K)
[2019-12-09T03:49:38.212+0000][1][gc,metaspace ] GC(2) Metaspace: 14901K->14901K(1062912K)
[2019-12-09T03:49:38.212+0000][1][gc           ] GC(2) Pause Young (Allocation Failure) 79M->9M(247M) 75.242ms
[2019-12-09T03:49:38.212+0000][1][gc,cpu       ] GC(2) User=0.02s Sys=0.00s Real=0.07s
[2019-12-09T03:49:38.212+0000][1][safepoint    ] Leaving safepoint region
[2019-12-09T03:49:38.212+0000][1][safepoint    ] Total time for which application threads were stopped: 0.0753957 seconds, Stopping threads took: 0.0000134 seconds
[2019-12-09T03:49:38.223+0000][1][safepoint    ] Application time: 0.0108207 seconds
[2019-12-09T03:49:38.268+0000][1][safepoint    ] Entering safepoint region: RevokeBias
[2019-12-09T03:49:38.269+0000][1][safepoint    ] Leaving safepoint region
[2019-12-09T03:49:38.269+0000][1][safepoint    ] Total time for which application threads were stopped: 0.0457465 seconds, Stopping threads took: 0.0456472 seconds
[2019-12-09T03:49:38.269+0000][1][safepoint    ] Application time: 0.0000817 seconds
[2019-12-09T03:49:38.269+0000][1][safepoint    ] Entering safepoint region: RevokeBias
[2019-12-09T03:49:38.269+0000][1][safepoint    ] Leaving safepoint region
[2019-12-09T03:49:38.269+0000][1][safepoint    ] Total time for which application threads were stopped: 0.0000756 seconds, Stopping threads took: 0.0000089 seconds
[2019-12-09T03:49:38.269+0000][1][safepoint    ] Application time: 0.0000668 seconds
[2019-12-09T03:49:38.269+0000][1][safepoint    ] Entering safepoint region: RevokeBias
[2019-12-09T03:49:38.269+0000][1][safepoint    ] Leaving safepoint region
[2019-12-09T03:49:38.269+0000][1][safepoint    ] Total time for which application threads were stopped: 0.0000636 seconds, Stopping threads took: 0.0000083 seconds
[2019-12-09T03:49:38.269+0000][1][safepoint    ] Application time: 0.0000470 seconds
[2019-12-09T03:49:38.269+0000][1][safepoint    ] Entering safepoint region: RevokeBias
[2019-12-09T03:49:38.269+0000][1][safepoint    ] Leaving safepoint region
[2019-12-09T03:49:38.269+0000][1][safepoint    ] Total time for which application threads were stopped: 0.0000593 seconds, Stopping threads took: 0.0000075 seconds
[2019-12-09T03:49:38.269+0000][1][safepoint    ] Application time: 0.0000533 seconds
[2019-12-09T03:49:38.269+0000][1][safepoint    ] Entering safepoint region: RevokeBias
[2019-12-09T03:49:38.269+0000][1][safepoint    ] Leaving safepoint region
[2019-12-09T03:49:38.269+0000][1][safepoint    ] Total time for which application threads were stopped: 0.0000610 seconds, Stopping threads took: 0.0000077 seconds
[2019-12-09T03:49:38.269+0000][1][safepoint    ] Application time: 0.0000469 seconds
[2019-12-09T03:49:38.269+0000][1][safepoint    ] Entering safepoint region: RevokeBias
[2019-12-09T03:49:38.269+0000][1][safepoint    ] Leaving safepoint region
[2019-12-09T03:49:38.269+0000][1][safepoint    ] Total time for which application threads were stopped: 0.0000598 seconds, Stopping threads took: 0.0000074 seconds
[2019-12-09T03:49:38.269+0000][1][safepoint    ] Application time: 0.0000522 seconds
[2019-12-09T03:49:38.269+0000][1][safepoint    ] Entering safepoint region: RevokeBias
[2019-12-09T03:49:38.269+0000][1][safepoint    ] Leaving safepoint region
[2019-12-09T03:49:38.269+0000][1][safepoint    ] Total time for which application threads were stopped: 0.0000685 seconds, Stopping threads took: 0.0000169 seconds
[2019-12-09T03:49:38.269+0000][1][safepoint    ] Application time: 0.0000454 seconds
[2019-12-09T03:49:38.270+0000][1][safepoint    ] Entering safepoint region: RevokeBias
[2019-12-09T03:49:38.270+0000][1][safepoint    ] Leaving safepoint region
[2019-12-09T03:49:38.270+0000][1][safepoint    ] Total time for which application threads were stopped: 0.0000564 seconds, Stopping threads took: 0.0000070 seconds
[2019-12-09T03:49:38.270+0000][1][safepoint    ] Application time: 0.0000515 seconds
[2019-12-09T03:49:38.270+0000][1][safepoint    ] Entering safepoint region: RevokeBias
[2019-12-09T03:49:38.270+0000][1][safepoint    ] Leaving safepoint region
[2019-12-09T03:49:38.270+0000][1][safepoint    ] Total time for which application threads were stopped: 0.0000761 seconds, Stopping threads took: 0.0000073 seconds
[2019-12-09T03:49:38.270+0000][1][safepoint    ] Application time: 0.0000462 seconds
[2019-12-09T03:49:38.270+0000][1][safepoint    ] Entering safepoint region: RevokeBias
[2019-12-09T03:49:38.270+0000][1][safepoint    ] Leaving safepoint region
[2019-12-09T03:49:38.270+0000][1][safepoint    ] Total time for which application threads were stopped: 0.0000581 seconds, Stopping threads took: 0.0000072 seconds
[2019-12-09T03:49:38.270+0000][1][safepoint    ] Application time: 0.0000502 seconds
[2019-12-09T03:49:38.270+0000][1][safepoint    ] Entering safepoint region: RevokeBias
[2019-12-09T03:49:38.270+0000][1][safepoint    ] Leaving safepoint region
[2019-12-09T03:49:38.270+0000][1][safepoint    ] Total time for which application threads were stopped: 0.0000581 seconds, Stopping threads took: 0.0000074 seconds
[2019-12-09T03:49:38.270+0000][1][safepoint    ] Application time: 0.0000447 seconds
[2019-12-09T03:49:38.270+0000][1][safepoint    ] Entering safepoint region: RevokeBias
[2019-12-09T03:49:38.270+0000][1][safepoint    ] Leaving safepoint region
[2019-12-09T03:49:38.270+0000][1][safepoint    ] Total time for which application threads were stopped: 0.0000572 seconds, Stopping threads took: 0.0000071 seconds
[2019-12-09T03:49:38.270+0000][1][safepoint    ] Application time: 0.0000494 seconds
[2019-12-09T03:49:38.270+0000][1][safepoint    ] Entering safepoint region: RevokeBias
[2019-12-09T03:49:38.270+0000][1][safepoint    ] Leaving safepoint region
[2019-12-09T03:49:38.270+0000][1][safepoint    ] Total time for which application threads were stopped: 0.0000591 seconds, Stopping threads took: 0.0000074 seconds
[2019-12-09T03:49:38.270+0000][1][safepoint    ] Application time: 0.0000462 seconds
[2019-12-09T03:49:38.270+0000][1][safepoint    ] Entering safepoint region: RevokeBias
[2019-12-09T03:49:38.270+0000][1][safepoint    ] Leaving safepoint region
[2019-12-09T03:49:38.270+0000][1][safepoint    ] Total time for which application threads were stopped: 0.0000606 seconds, Stopping threads took: 0.0000074 seconds
[2019-12-09T03:49:38.270+0000][1][safepoint    ] Application time: 0.0000654 seconds
[2019-12-09T03:49:38.270+0000][1][safepoint    ] Entering safepoint region: RevokeBias
[2019-12-09T03:49:38.270+0000][1][safepoint    ] Leaving safepoint region
[2019-12-09T03:49:38.270+0000][1][safepoint    ] Total time for which application threads were stopped: 0.0000597 seconds, Stopping threads took: 0.0000074 seconds
[2019-12-09T03:49:38.270+0000][1][safepoint    ] Application time: 0.0000475 seconds
[2019-12-09T03:49:38.271+0000][1][safepoint    ] Entering safepoint region: RevokeBias
[2019-12-09T03:49:38.271+0000][1][safepoint    ] Leaving safepoint region
[2019-12-09T03:49:38.271+0000][1][safepoint    ] Total time for which application threads were stopped: 0.0000598 seconds, Stopping threads took: 0.0000076 seconds
[2019-12-09T03:49:38.271+0000][1][safepoint    ] Application time: 0.0000528 seconds
[2019-12-09T03:49:38.271+0000][1][safepoint    ] Entering safepoint region: RevokeBias
[2019-12-09T03:49:38.271+0000][1][safepoint    ] Leaving safepoint region
[2019-12-09T03:49:38.271+0000][1][safepoint    ] Total time for which application threads were stopped: 0.0000816 seconds, Stopping threads took: 0.0000124 seconds
[2019-12-09T03:49:38.271+0000][1][safepoint    ] Application time: 0.0000466 seconds
[2019-12-09T03:49:38.271+0000][1][safepoint    ] Entering safepoint region: RevokeBias
[2019-12-09T03:49:38.271+0000][1][safepoint    ] Leaving safepoint region
[2019-12-09T03:49:38.271+0000][1][safepoint    ] Total time for which application threads were stopped: 0.0000581 seconds, Stopping threads took: 0.0000073 seconds
[2019-12-09T03:49:39.171+0000][1][safepoint    ] Application time: 0.8998712 seconds
[2019-12-09T03:49:39.171+0000][1][safepoint    ] Entering safepoint region: Deoptimize
[2019-12-09T03:49:39.171+0000][1][safepoint    ] Leaving safepoint region
[2019-12-09T03:49:39.171+0000][1][safepoint    ] Total time for which application threads were stopped: 0.0003950 seconds, Stopping threads took: 0.0000124 seconds
[2019-12-09T03:49:39.172+0000][1][safepoint    ] Application time: 0.0004902 seconds
[2019-12-09T03:49:39.172+0000][1][safepoint    ] Entering safepoint region: Deoptimize
[2019-12-09T03:49:39.172+0000][1][safepoint    ] Leaving safepoint region
[2019-12-09T03:49:39.172+0000][1][safepoint    ] Total time for which application threads were stopped: 0.0003158 seconds, Stopping threads took: 0.0000117 seconds
[2019-12-09T03:49:40.176+0000][1][safepoint    ] Application time: 1.0037314 seconds
[2019-12-09T03:49:40.215+0000][1][safepoint    ] Entering safepoint region: Cleanup
[2019-12-09T03:49:40.215+0000][1][safepoint    ] Leaving safepoint region
[2019-12-09T03:49:40.215+0000][1][safepoint    ] Total time for which application threads were stopped: 0.0392680 seconds, Stopping threads took: 0.0391969 seconds
[2019-12-09T03:49:41.205+0000][1][safepoint    ] Application time: 0.9904289 seconds
[2019-12-09T03:49:41.205+0000][1][safepoint    ] Entering safepoint region: GenCollectForAllocation
[2019-12-09T03:49:41.206+0000][1][gc,start     ] GC(3) Pause Young (Allocation Failure)
[2019-12-09T03:49:41.206+0000][1][gc,task      ] GC(3) Using 2 workers of 2 for evacuation
[2019-12-09T03:49:41.335+0000][1][gc,age       ] GC(3) Desired survivor size 4456448 bytes, new threshold 3 (max threshold 6)
[2019-12-09T03:49:41.335+0000][1][gc,age       ] GC(3) Age table with threshold 3 (max threshold 6)
[2019-12-09T03:49:41.335+0000][1][gc,age       ] GC(3) - age   1:    3234848 bytes,    3234848 total
[2019-12-09T03:49:41.335+0000][1][gc,age       ] GC(3) - age   2:    1065008 bytes,    4299856 total
[2019-12-09T03:49:41.335+0000][1][gc,age       ] GC(3) - age   3:     918168 bytes,    5218024 total
[2019-12-09T03:49:41.335+0000][1][gc,heap      ] GC(3) ParNew: 72294K->6461K(78656K)
[2019-12-09T03:49:41.335+0000][1][gc,heap      ] GC(3) CMS: 7031K->7031K(174784K)
[2019-12-09T03:49:41.335+0000][1][gc,metaspace ] GC(3) Metaspace: 18360K->18360K(1067008K)
[2019-12-09T03:49:41.335+0000][1][gc           ] GC(3) Pause Young (Allocation Failure) 77M->13M(247M) 129.460ms
[2019-12-09T03:49:41.335+0000][1][gc,cpu       ] GC(3) User=0.03s Sys=0.00s Real=0.13s
[2019-12-09T03:49:41.335+0000][1][safepoint    ] Leaving safepoint region
[2019-12-09T03:49:41.335+0000][1][safepoint    ] Total time for which application threads were stopped: 0.1296021 seconds, Stopping threads took: 0.0000133 seconds
[2019-12-09T03:49:41.336+0000][1][safepoint    ] Application time: 0.0008911 seconds
[2019-12-09T03:49:41.336+0000][1][safepoint    ] Entering safepoint region: BulkRevokeBias
[2019-12-09T03:49:41.336+0000][1][safepoint    ] Leaving safepoint region
[2019-12-09T03:49:41.336+0000][1][safepoint    ] Total time for which application threads were stopped: 0.0001997 seconds, Stopping threads took: 0.0000465 seconds
[2019-12-09T03:49:41.337+0000][1][safepoint    ] Application time: 0.0006998 seconds
[2019-12-09T03:49:41.337+0000][1][safepoint    ] Entering safepoint region: RevokeBias
[2019-12-09T03:49:41.337+0000][1][safepoint    ] Leaving safepoint region
[2019-12-09T03:49:41.337+0000][1][safepoint    ] Total time for which application threads were stopped: 0.0000748 seconds, Stopping threads took: 0.0000094 seconds
[2019-12-09T03:49:41.337+0000][1][safepoint    ] Application time: 0.0001908 seconds
[2019-12-09T03:49:41.337+0000][1][safepoint    ] Entering safepoint region: RevokeBias
[2019-12-09T03:49:41.337+0000][1][safepoint    ] Leaving safepoint region
[2019-12-09T03:49:41.337+0000][1][safepoint    ] Total time for which application threads were stopped: 0.0000472 seconds, Stopping threads took: 0.0000075 seconds
[2019-12-09T03:49:41.337+0000][1][safepoint    ] Application time: 0.0000456 seconds
[2019-12-09T03:49:41.337+0000][1][safepoint    ] Entering safepoint region: RevokeBias
[2019-12-09T03:49:41.337+0000][1][safepoint    ] Leaving safepoint region
[2019-12-09T03:49:41.337+0000][1][safepoint    ] Total time for which application threads were stopped: 0.0000418 seconds, Stopping threads took: 0.0000067 seconds
[2019-12-09T03:49:41.337+0000][1][safepoint    ] Application time: 0.0000654 seconds
[2019-12-09T03:49:41.337+0000][1][safepoint    ] Entering safepoint region: RevokeBias
[2019-12-09T03:49:41.337+0000][1][safepoint    ] Leaving safepoint region
[2019-12-09T03:49:41.337+0000][1][safepoint    ] Total time for which application threads were stopped: 0.0000393 seconds, Stopping threads took: 0.0000059 seconds
[2019-12-09T03:49:41.338+0000][1][safepoint    ] Application time: 0.0000418 seconds
[2019-12-09T03:49:41.338+0000][1][safepoint    ] Entering safepoint region: RevokeBias
[2019-12-09T03:49:41.338+0000][1][safepoint    ] Leaving safepoint region
[2019-12-09T03:49:41.338+0000][1][safepoint    ] Total time for which application threads were stopped: 0.0000383 seconds, Stopping threads took: 0.0000066 seconds
[2019-12-09T03:49:42.372+0000][1][safepoint    ] Application time: 1.0341173 seconds
[2019-12-09T03:49:42.372+0000][1][safepoint    ] Entering safepoint region: GenCollectForAllocation
[2019-12-09T03:49:42.372+0000][1][gc,start     ] GC(4) Pause Young (Allocation Failure)
[2019-12-09T03:49:42.372+0000][1][gc,task      ] GC(4) Using 2 workers of 2 for evacuation
[2019-12-09T03:49:42.481+0000][1][gc,age       ] GC(4) Desired survivor size 4456448 bytes, new threshold 2 (max threshold 6)
[2019-12-09T03:49:42.481+0000][1][gc,age       ] GC(4) Age table with threshold 2 (max threshold 6)
[2019-12-09T03:49:42.481+0000][1][gc,age       ] GC(4) - age   1:    2000120 bytes,    2000120 total
[2019-12-09T03:49:42.481+0000][1][gc,age       ] GC(4) - age   2:    2672264 bytes,    4672384 total
[2019-12-09T03:49:42.481+0000][1][gc,age       ] GC(4) - age   3:    1065008 bytes,    5737392 total
[2019-12-09T03:49:42.481+0000][1][gc,heap      ] GC(4) ParNew: 76413K->8233K(78656K)
[2019-12-09T03:49:42.481+0000][1][gc,heap      ] GC(4) CMS: 7031K->7941K(174784K)
[2019-12-09T03:49:42.481+0000][1][gc,metaspace ] GC(4) Metaspace: 18567K->18567K(1067008K)
[2019-12-09T03:49:42.481+0000][1][gc           ] GC(4) Pause Young (Allocation Failure) 81M->15M(247M) 109.137ms
[2019-12-09T03:49:42.481+0000][1][gc,cpu       ] GC(4) User=0.03s Sys=0.00s Real=0.11s
[2019-12-09T03:49:42.481+0000][1][safepoint    ] Leaving safepoint region
[2019-12-09T03:49:42.481+0000][1][safepoint    ] Total time for which application threads were stopped: 0.1092703 seconds, Stopping threads took: 0.0000136 seconds
[2019-12-09T03:49:42.483+0000][1][safepoint    ] Application time: 0.0018143 seconds
[2019-12-09T03:49:42.589+0000][1][safepoint    ] Entering safepoint region: RevokeBias
[2019-12-09T03:49:42.589+0000][1][safepoint    ] Leaving safepoint region
[2019-12-09T03:49:42.589+0000][1][safepoint    ] Total time for which application threads were stopped: 0.1060311 seconds, Stopping threads took: 0.1059425 seconds
[2019-12-09T03:49:42.589+0000][1][safepoint    ] Application time: 0.0000688 seconds
[2019-12-09T03:49:42.589+0000][1][safepoint    ] Entering safepoint region: RevokeBias
[2019-12-09T03:49:42.589+0000][1][safepoint    ] Leaving safepoint region
[2019-12-09T03:49:42.589+0000][1][safepoint    ] Total time for which application threads were stopped: 0.0000676 seconds, Stopping threads took: 0.0000078 seconds
[2019-12-09T03:49:42.589+0000][1][safepoint    ] Application time: 0.0000824 seconds
[2019-12-09T03:49:42.589+0000][1][safepoint    ] Entering safepoint region: RevokeBias
[2019-12-09T03:49:42.589+0000][1][safepoint    ] Leaving safepoint region
[2019-12-09T03:49:42.589+0000][1][safepoint    ] Total time for which application threads were stopped: 0.0000561 seconds, Stopping threads took: 0.0000072 seconds
[2019-12-09T03:49:42.589+0000][1][safepoint    ] Application time: 0.0000432 seconds
[2019-12-09T03:49:42.589+0000][1][safepoint    ] Entering safepoint region: RevokeBias
[2019-12-09T03:49:42.589+0000][1][safepoint    ] Leaving safepoint region
[2019-12-09T03:49:42.589+0000][1][safepoint    ] Total time for which application threads were stopped: 0.0000465 seconds, Stopping threads took: 0.0000064 seconds
[2019-12-09T03:49:42.731+0000][1][safepoint    ] Application time: 0.1414025 seconds
[2019-12-09T03:49:42.731+0000][1][safepoint    ] Entering safepoint region: Deoptimize
[2019-12-09T03:49:42.731+0000][1][safepoint    ] Leaving safepoint region
[2019-12-09T03:49:42.731+0000][1][safepoint    ] Total time for which application threads were stopped: 0.0004100 seconds, Stopping threads took: 0.0000144 seconds
[2019-12-09T03:49:43.091+0000][1][safepoint    ] Application time: 0.3601555 seconds
[2019-12-09T03:49:43.091+0000][1][safepoint    ] Entering safepoint region: Deoptimize
[2019-12-09T03:49:43.092+0000][1][safepoint    ] Leaving safepoint region
[2019-12-09T03:49:43.092+0000][1][safepoint    ] Total time for which application threads were stopped: 0.0004384 seconds, Stopping threads took: 0.0000137 seconds
[2019-12-09T03:49:43.115+0000][1][safepoint    ] Application time: 0.0235859 seconds
[2019-12-09T03:49:43.115+0000][1][safepoint    ] Entering safepoint region: RevokeBias
[2019-12-09T03:49:43.116+0000][1][safepoint    ] Leaving safepoint region
[2019-12-09T03:49:43.116+0000][1][safepoint    ] Total time for which application threads were stopped: 0.0000850 seconds, Stopping threads took: 0.0000133 seconds
[2019-12-09T03:49:43.928+0000][1][safepoint    ] Application time: 0.8122797 seconds
[2019-12-09T03:49:43.928+0000][1][safepoint    ] Entering safepoint region: GenCollectForAllocation
[2019-12-09T03:49:43.928+0000][1][gc,start     ] GC(5) Pause Young (Allocation Failure)
[2019-12-09T03:49:43.928+0000][1][gc,task      ] GC(5) Using 2 workers of 2 for evacuation
[2019-12-09T03:49:44.116+0000][1][gc,age       ] GC(5) Desired survivor size 4456448 bytes, new threshold 6 (max threshold 6)
[2019-12-09T03:49:44.116+0000][1][gc,age       ] GC(5) Age table with threshold 6 (max threshold 6)
[2019-12-09T03:49:44.116+0000][1][gc,age       ] GC(5) - age   1:    2863488 bytes,    2863488 total
[2019-12-09T03:49:44.116+0000][1][gc,age       ] GC(5) - age   2:     442472 bytes,    3305960 total
[2019-12-09T03:49:44.116+0000][1][gc,heap      ] GC(5) ParNew: 78185K->5231K(78656K)
[2019-12-09T03:49:44.116+0000][1][gc,heap      ] GC(5) CMS: 7941K->11621K(174784K)
[2019-12-09T03:49:44.116+0000][1][gc,metaspace ] GC(5) Metaspace: 18909K->18909K(1067008K)
[2019-12-09T03:49:44.116+0000][1][gc           ] GC(5) Pause Young (Allocation Failure) 84M->16M(247M) 187.761ms
[2019-12-09T03:49:44.116+0000][1][gc,cpu       ] GC(5) User=0.03s Sys=0.00s Real=0.19s
[2019-12-09T03:49:44.116+0000][1][safepoint    ] Leaving safepoint region
[2019-12-09T03:49:44.116+0000][1][safepoint    ] Total time for which application threads were stopped: 0.1879178 seconds, Stopping threads took: 0.0000148 seconds
[2019-12-09T03:49:44.117+0000][1][safepoint    ] Application time: 0.0010483 seconds
[2019-12-09T03:49:44.117+0000][1][safepoint    ] Entering safepoint region: RevokeBias
[2019-12-09T03:49:44.117+0000][1][safepoint    ] Leaving safepoint region
[2019-12-09T03:49:44.117+0000][1][safepoint    ] Total time for which application threads were stopped: 0.0002989 seconds, Stopping threads took: 0.0002203 seconds
[2019-12-09T03:49:44.117+0000][1][safepoint    ] Application time: 0.0000655 seconds
[2019-12-09T03:49:44.117+0000][1][safepoint    ] Entering safepoint region: RevokeBias
[2019-12-09T03:49:44.117+0000][1][safepoint    ] Leaving safepoint region
[2019-12-09T03:49:44.117+0000][1][safepoint    ] Total time for which application threads were stopped: 0.0000558 seconds, Stopping threads took: 0.0000090 seconds
[2019-12-09T03:49:44.117+0000][1][safepoint    ] Application time: 0.0000654 seconds
[2019-12-09T03:49:44.117+0000][1][safepoint    ] Entering safepoint region: RevokeBias
[2019-12-09T03:49:44.117+0000][1][safepoint    ] Leaving safepoint region
[2019-12-09T03:49:44.117+0000][1][safepoint    ] Total time for which application threads were stopped: 0.0000481 seconds, Stopping threads took: 0.0000079 seconds
[2019-12-09T03:49:44.117+0000][1][safepoint    ] Application time: 0.0000453 seconds
[2019-12-09T03:49:44.117+0000][1][safepoint    ] Entering safepoint region: RevokeBias
[2019-12-09T03:49:44.118+0000][1][safepoint    ] Leaving safepoint region
[2019-12-09T03:49:44.118+0000][1][safepoint    ] Total time for which application threads were stopped: 0.0000462 seconds, Stopping threads took: 0.0000075 seconds
[2019-12-09T03:49:44.118+0000][1][safepoint    ] Application time: 0.0000468 seconds
[2019-12-09T03:49:44.118+0000][1][safepoint    ] Entering safepoint region: RevokeBias
[2019-12-09T03:49:44.118+0000][1][safepoint    ] Leaving safepoint region
[2019-12-09T03:49:44.118+0000][1][safepoint    ] Total time for which application threads were stopped: 0.0000467 seconds, Stopping threads took: 0.0000074 seconds
[2019-12-09T03:49:44.118+0000][1][safepoint    ] Application time: 0.0000590 seconds
[2019-12-09T03:49:44.118+0000][1][safepoint    ] Entering safepoint region: RevokeBias
[2019-12-09T03:49:44.118+0000][1][safepoint    ] Leaving safepoint region
[2019-12-09T03:49:44.118+0000][1][safepoint    ] Total time for which application threads were stopped: 0.0000468 seconds, Stopping threads took: 0.0000076 seconds
[2019-12-09T03:49:44.137+0000][1][safepoint    ] Application time: 0.0189318 seconds
[2019-12-09T03:49:44.137+0000][1][safepoint    ] Entering safepoint region: RevokeBias
[2019-12-09T03:49:44.137+0000][1][safepoint    ] Leaving safepoint region
[2019-12-09T03:49:44.137+0000][1][safepoint    ] Total time for which application threads were stopped: 0.0001179 seconds, Stopping threads took: 0.0000132 seconds
[2019-12-09T03:49:44.810+0000][1][safepoint    ] Application time: 0.6734696 seconds
[2019-12-09T03:49:44.810+0000][1][safepoint    ] Entering safepoint region: RevokeBias
[2019-12-09T03:49:44.810+0000][1][safepoint    ] Leaving safepoint region
[2019-12-09T03:49:44.810+0000][1][safepoint    ] Total time for which application threads were stopped: 0.0000738 seconds, Stopping threads took: 0.0000139 seconds
[2019-12-09T03:49:44.811+0000][1][safepoint    ] Application time: 0.0002148 seconds
[2019-12-09T03:49:44.811+0000][1][safepoint    ] Entering safepoint region: RevokeBias
[2019-12-09T03:49:44.811+0000][1][safepoint    ] Leaving safepoint region
[2019-12-09T03:49:44.811+0000][1][safepoint    ] Total time for which application threads were stopped: 0.0000527 seconds, Stopping threads took: 0.0000111 seconds
[2019-12-09T03:49:45.118+0000][1][safepoint    ] Application time: 0.3072245 seconds
[2019-12-09T03:49:45.118+0000][1][safepoint    ] Entering safepoint region: GenCollectForAllocation
[2019-12-09T03:49:45.118+0000][1][gc,start     ] GC(6) Pause Young (Allocation Failure)
[2019-12-09T03:49:45.118+0000][1][gc,task      ] GC(6) Using 2 workers of 2 for evacuation
[2019-12-09T03:49:45.215+0000][1][gc,age       ] GC(6) Desired survivor size 4456448 bytes, new threshold 6 (max threshold 6)
[2019-12-09T03:49:45.215+0000][1][gc,age       ] GC(6) Age table with threshold 6 (max threshold 6)
[2019-12-09T03:49:45.215+0000][1][gc,age       ] GC(6) - age   1:    1600856 bytes,    1600856 total
[2019-12-09T03:49:45.215+0000][1][gc,age       ] GC(6) - age   2:    2191248 bytes,    3792104 total
[2019-12-09T03:49:45.215+0000][1][gc,age       ] GC(6) - age   3:     442472 bytes,    4234576 total
[2019-12-09T03:49:45.215+0000][1][gc,heap      ] GC(6) ParNew: 75183K->7458K(78656K)
[2019-12-09T03:49:45.215+0000][1][gc,heap      ] GC(6) CMS: 11621K->11621K(174784K)
[2019-12-09T03:49:45.215+0000][1][gc,metaspace ] GC(6) Metaspace: 19217K->19217K(1067008K)
[2019-12-09T03:49:45.215+0000][1][gc           ] GC(6) Pause Young (Allocation Failure) 84M->18M(247M) 96.817ms
[2019-12-09T03:49:45.215+0000][1][gc,cpu       ] GC(6) User=0.03s Sys=0.00s Real=0.10s
[2019-12-09T03:49:45.215+0000][1][safepoint    ] Leaving safepoint region
[2019-12-09T03:49:45.215+0000][1][safepoint    ] Total time for which application threads were stopped: 0.0969465 seconds, Stopping threads took: 0.0000133 seconds
[2019-12-09T03:49:45.217+0000][1][safepoint    ] Application time: 0.0018173 seconds
[2019-12-09T03:49:45.270+0000][1][safepoint    ] Entering safepoint region: RevokeBias
[2019-12-09T03:49:45.270+0000][1][safepoint    ] Leaving safepoint region
[2019-12-09T03:49:45.270+0000][1][safepoint    ] Total time for which application threads were stopped: 0.0532329 seconds, Stopping threads took: 0.0530240 seconds
[2019-12-09T03:49:45.270+0000][1][safepoint    ] Application time: 0.0000817 seconds
[2019-12-09T03:49:45.270+0000][1][safepoint    ] Entering safepoint region: RevokeBias
[2019-12-09T03:49:45.270+0000][1][safepoint    ] Leaving safepoint region
[2019-12-09T03:49:45.270+0000][1][safepoint    ] Total time for which application threads were stopped: 0.0000861 seconds, Stopping threads took: 0.0000095 seconds
[2019-12-09T03:49:45.270+0000][1][safepoint    ] Application time: 0.0000799 seconds
[2019-12-09T03:49:45.270+0000][1][safepoint    ] Entering safepoint region: BulkRevokeBias
[2019-12-09T03:49:45.270+0000][1][safepoint    ] Leaving safepoint region
[2019-12-09T03:49:45.270+0000][1][safepoint    ] Total time for which application threads were stopped: 0.0001549 seconds, Stopping threads took: 0.0000083 seconds
[2019-12-09T03:49:45.271+0000][1][safepoint    ] Application time: 0.0000486 seconds
[2019-12-09T03:49:45.271+0000][1][safepoint    ] Entering safepoint region: BulkRevokeBias
[2019-12-09T03:49:45.271+0000][1][safepoint    ] Leaving safepoint region
[2019-12-09T03:49:45.271+0000][1][safepoint    ] Total time for which application threads were stopped: 0.0000972 seconds, Stopping threads took: 0.0000067 seconds
[2019-12-09T03:49:46.321+0000][1][safepoint    ] Application time: 1.0507079 seconds
[2019-12-09T03:49:46.321+0000][1][safepoint    ] Entering safepoint region: GenCollectForAllocation
[2019-12-09T03:49:46.322+0000][1][gc,start     ] GC(7) Pause Young (Allocation Failure)
[2019-12-09T03:49:46.322+0000][1][gc,task      ] GC(7) Using 2 workers of 2 for evacuation
[2019-12-09T03:49:46.405+0000][1][gc,age       ] GC(7) Desired survivor size 4456448 bytes, new threshold 6 (max threshold 6)
[2019-12-09T03:49:46.405+0000][1][gc,age       ] GC(7) Age table with threshold 6 (max threshold 6)
[2019-12-09T03:49:46.405+0000][1][gc,age       ] GC(7) - age   1:     396864 bytes,     396864 total
[2019-12-09T03:49:46.405+0000][1][gc,age       ] GC(7) - age   2:    1128792 bytes,    1525656 total
[2019-12-09T03:49:46.405+0000][1][gc,age       ] GC(7) - age   3:    2191168 bytes,    3716824 total
[2019-12-09T03:49:46.405+0000][1][gc,age       ] GC(7) - age   4:     442472 bytes,    4159296 total
[2019-12-09T03:49:46.406+0000][1][gc,heap      ] GC(7) ParNew: 77410K->5134K(78656K)
[2019-12-09T03:49:46.406+0000][1][gc,heap      ] GC(7) CMS: 11621K->11621K(174784K)
[2019-12-09T03:49:46.406+0000][1][gc,metaspace ] GC(7) Metaspace: 19495K->19495K(1067008K)
[2019-12-09T03:49:46.406+0000][1][gc           ] GC(7) Pause Young (Allocation Failure) 86M->16M(247M) 84.004ms
[2019-12-09T03:49:46.406+0000][1][gc,cpu       ] GC(7) User=0.01s Sys=0.00s Real=0.09s
[2019-12-09T03:49:46.406+0000][1][safepoint    ] Leaving safepoint region
[2019-12-09T03:49:46.406+0000][1][safepoint    ] Total time for which application threads were stopped: 0.0841856 seconds, Stopping threads took: 0.0000186 seconds
[2019-12-09T03:49:47.314+0000][1][safepoint    ] Application time: 0.9080949 seconds
[2019-12-09T03:49:47.314+0000][1][safepoint    ] Entering safepoint region: CollectForMetadataAllocation
[2019-12-09T03:49:47.314+0000][1][safepoint    ] Leaving safepoint region
[2019-12-09T03:49:47.314+0000][1][safepoint    ] Total time for which application threads were stopped: 0.0002379 seconds, Stopping threads took: 0.0000141 seconds
[2019-12-09T03:49:47.527+0000][1][safepoint    ] Application time: 0.2134964 seconds
[2019-12-09T03:49:47.528+0000][1][safepoint    ] Entering safepoint region: GenCollectForAllocation
[2019-12-09T03:49:47.528+0000][1][gc,start     ] GC(8) Pause Young (Allocation Failure)
[2019-12-09T03:49:47.528+0000][1][gc,task      ] GC(8) Using 2 workers of 2 for evacuation
[2019-12-09T03:49:47.560+0000][1][gc,age       ] GC(8) Desired survivor size 4456448 bytes, new threshold 4 (max threshold 6)
[2019-12-09T03:49:47.560+0000][1][gc,age       ] GC(8) Age table with threshold 4 (max threshold 6)
[2019-12-09T03:49:47.560+0000][1][gc,age       ] GC(8) - age   1:     968656 bytes,     968656 total
[2019-12-09T03:49:47.560+0000][1][gc,age       ] GC(8) - age   2:     378472 bytes,    1347128 total
[2019-12-09T03:49:47.560+0000][1][gc,age       ] GC(8) - age   3:    1128648 bytes,    2475776 total
[2019-12-09T03:49:47.560+0000][1][gc,age       ] GC(8) - age   4:    2188952 bytes,    4664728 total
[2019-12-09T03:49:47.560+0000][1][gc,age       ] GC(8) - age   5:     442472 bytes,    5107200 total
[2019-12-09T03:49:47.560+0000][1][gc,heap      ] GC(8) ParNew: 75086K->5311K(78656K)
[2019-12-09T03:49:47.560+0000][1][gc,heap      ] GC(8) CMS: 11621K->11621K(174784K)
[2019-12-09T03:49:47.560+0000][1][gc,metaspace ] GC(8) Metaspace: 20294K->20294K(1069056K)
[2019-12-09T03:49:47.560+0000][1][gc           ] GC(8) Pause Young (Allocation Failure) 84M->16M(247M) 32.402ms
[2019-12-09T03:49:47.560+0000][1][gc,cpu       ] GC(8) User=0.04s Sys=0.00s Real=0.03s
[2019-12-09T03:49:47.560+0000][1][safepoint    ] Leaving safepoint region
[2019-12-09T03:49:47.560+0000][1][safepoint    ] Total time for which application threads were stopped: 0.0325284 seconds, Stopping threads took: 0.0000138 seconds
[2019-12-09T03:49:47.568+0000][1][safepoint    ] Application time: 0.0075070 seconds
[2019-12-09T03:49:47.568+0000][1][safepoint    ] Entering safepoint region: CMS_Initial_Mark
[2019-12-09T03:49:47.568+0000][1][gc,start     ] GC(9) Pause Initial Mark
[2019-12-09T03:49:47.572+0000][1][gc           ] GC(9) Pause Initial Mark 22M->22M(247M) 4.614ms
[2019-12-09T03:49:47.573+0000][1][gc,cpu       ] GC(9) User=0.01s Sys=0.00s Real=0.00s
[2019-12-09T03:49:47.573+0000][1][safepoint    ] Leaving safepoint region
[2019-12-09T03:49:47.573+0000][1][safepoint    ] Total time for which application threads were stopped: 0.0049463 seconds, Stopping threads took: 0.0002522 seconds
[2019-12-09T03:49:47.573+0000][1][gc           ] GC(9) Concurrent Mark
[2019-12-09T03:49:47.613+0000][1][gc           ] GC(9) Concurrent Mark 40.122ms
[2019-12-09T03:49:47.613+0000][1][gc,cpu       ] GC(9) User=0.03s Sys=0.00s Real=0.04s
[2019-12-09T03:49:47.613+0000][1][gc           ] GC(9) Concurrent Preclean
[2019-12-09T03:49:47.613+0000][1][gc           ] GC(9) Concurrent Preclean 0.454ms
[2019-12-09T03:49:47.613+0000][1][gc,cpu       ] GC(9) User=0.00s Sys=0.00s Real=0.00s
[2019-12-09T03:49:47.613+0000][1][gc           ] GC(9) Concurrent Abortable Preclean
[2019-12-09T03:49:48.218+0000][1][safepoint    ] Application time: 0.6451587 seconds
[2019-12-09T03:49:48.218+0000][1][safepoint    ] Entering safepoint region: CollectForMetadataAllocation
[2019-12-09T03:49:48.218+0000][1][safepoint    ] Leaving safepoint region
[2019-12-09T03:49:48.218+0000][1][safepoint    ] Total time for which application threads were stopped: 0.0002512 seconds, Stopping threads took: 0.0000174 seconds
[2019-12-09T03:49:48.534+0000][1][safepoint    ] Application time: 0.3157358 seconds
[2019-12-09T03:49:48.534+0000][1][safepoint    ] Entering safepoint region: GenCollectForAllocation
[2019-12-09T03:49:48.534+0000][1][gc,start     ] GC(10) Pause Young (Allocation Failure)
[2019-12-09T03:49:48.534+0000][1][gc,task      ] GC(10) Using 2 workers of 2 for evacuation
[2019-12-09T03:49:48.703+0000][1][gc,age       ] GC(10) Desired survivor size 4456448 bytes, new threshold 6 (max threshold 6)
[2019-12-09T03:49:48.703+0000][1][gc,age       ] GC(10) Age table with threshold 6 (max threshold 6)
[2019-12-09T03:49:48.703+0000][1][gc,age       ] GC(10) - age   1:    1225104 bytes,    1225104 total
[2019-12-09T03:49:48.703+0000][1][gc,age       ] GC(10) - age   2:     632488 bytes,    1857592 total
[2019-12-09T03:49:48.703+0000][1][gc,age       ] GC(10) - age   3:     378472 bytes,    2236064 total
[2019-12-09T03:49:48.703+0000][1][gc,age       ] GC(10) - age   4:    1128648 bytes,    3364712 total
[2019-12-09T03:49:48.703+0000][1][gc,heap      ] GC(10) ParNew: 75263K->4625K(78656K)
[2019-12-09T03:49:48.703+0000][1][gc,heap      ] GC(10) CMS: 11621K->14209K(174784K)
[2019-12-09T03:49:48.703+0000][1][gc,metaspace ] GC(10) Metaspace: 20409K->20409K(1069056K)
[2019-12-09T03:49:48.703+0000][1][gc           ] GC(10) Pause Young (Allocation Failure) 84M->18M(247M) 168.772ms
[2019-12-09T03:49:48.703+0000][1][gc,cpu       ] GC(10) User=0.05s Sys=0.00s Real=0.17s
[2019-12-09T03:49:48.703+0000][1][safepoint    ] Leaving safepoint region
[2019-12-09T03:49:48.703+0000][1][safepoint    ] Total time for which application threads were stopped: 0.1689283 seconds, Stopping threads took: 0.0000272 seconds
[2019-12-09T03:49:49.465+0000][1][gc           ] GC(9) Concurrent Abortable Preclean 1851.450ms
[2019-12-09T03:49:49.465+0000][1][gc,cpu       ] GC(9) User=0.52s Sys=0.01s Real=1.86s
[2019-12-09T03:49:49.465+0000][1][safepoint    ] Application time: 0.7620823 seconds
[2019-12-09T03:49:49.465+0000][1][safepoint    ] Entering safepoint region: CMS_Final_Remark
[2019-12-09T03:49:49.465+0000][1][gc,start     ] GC(9) Pause Remark
[2019-12-09T03:49:49.715+0000][1][gc           ] GC(9) Pause Remark 63M->63M(247M) 250.539ms
[2019-12-09T03:49:49.715+0000][1][gc,cpu       ] GC(9) User=0.07s Sys=0.00s Real=0.25s
[2019-12-09T03:49:49.715+0000][1][safepoint    ] Leaving safepoint region
[2019-12-09T03:49:49.715+0000][1][safepoint    ] Total time for which application threads were stopped: 0.2506712 seconds, Stopping threads took: 0.0000136 seconds
[2019-12-09T03:49:49.746+0000][1][gc           ] GC(9) Concurrent Sweep
[2019-12-09T03:49:49.833+0000][1][gc           ] GC(9) Concurrent Sweep 87.671ms
[2019-12-09T03:49:49.833+0000][1][gc,cpu       ] GC(9) User=0.01s Sys=0.00s Real=0.08s
[2019-12-09T03:49:49.833+0000][1][gc           ] GC(9) Concurrent Reset
[2019-12-09T03:49:49.836+0000][1][gc           ] GC(9) Concurrent Reset 2.354ms
[2019-12-09T03:49:49.836+0000][1][gc,cpu       ] GC(9) User=0.00s Sys=0.00s Real=0.01s
[2019-12-09T03:49:49.836+0000][1][gc,heap      ] GC(9) Old: 11621K->14184K(174784K)
[2019-12-09T03:49:50.324+0000][1][safepoint    ] Application time: 0.6082344 seconds
[2019-12-09T03:49:50.324+0000][1][safepoint    ] Entering safepoint region: GenCollectForAllocation
[2019-12-09T03:49:50.324+0000][1][gc,start     ] GC(11) Pause Young (Allocation Failure)
[2019-12-09T03:49:50.324+0000][1][gc,task      ] GC(11) Using 2 workers of 2 for evacuation
[2019-12-09T03:49:50.424+0000][1][gc,age       ] GC(11) Desired survivor size 4456448 bytes, new threshold 6 (max threshold 6)
[2019-12-09T03:49:50.424+0000][1][gc,age       ] GC(11) Age table with threshold 6 (max threshold 6)
[2019-12-09T03:49:50.424+0000][1][gc,age       ] GC(11) - age   1:    1003536 bytes,    1003536 total
[2019-12-09T03:49:50.424+0000][1][gc,age       ] GC(11) - age   2:      97640 bytes,    1101176 total
[2019-12-09T03:49:50.424+0000][1][gc,age       ] GC(11) - age   3:     632440 bytes,    1733616 total
[2019-12-09T03:49:50.424+0000][1][gc,age       ] GC(11) - age   4:     378368 bytes,    2111984 total
[2019-12-09T03:49:50.424+0000][1][gc,age       ] GC(11) - age   5:    1128360 bytes,    3240344 total
[2019-12-09T03:49:50.424+0000][1][gc,heap      ] GC(11) ParNew: 74577K->3620K(78656K)
[2019-12-09T03:49:50.424+0000][1][gc,heap      ] GC(11) CMS: 14184K->14184K(174784K)
[2019-12-09T03:49:50.424+0000][1][gc,metaspace ] GC(11) Metaspace: 20493K->20493K(1069056K)
[2019-12-09T03:49:50.424+0000][1][gc           ] GC(11) Pause Young (Allocation Failure) 86M->17M(247M) 99.862ms
[2019-12-09T03:49:50.424+0000][1][gc,cpu       ] GC(11) User=0.01s Sys=0.00s Real=0.10s
[2019-12-09T03:49:50.424+0000][1][safepoint    ] Leaving safepoint region
[2019-12-09T03:49:50.424+0000][1][safepoint    ] Total time for which application threads were stopped: 0.1003864 seconds, Stopping threads took: 0.0000129 seconds
[2019-12-09T03:49:51.426+0000][1][safepoint    ] Application time: 1.0015824 seconds
[2019-12-09T03:49:51.514+0000][1][safepoint    ] Entering safepoint region: Cleanup
[2019-12-09T03:49:51.514+0000][1][safepoint    ] Leaving safepoint region
[2019-12-09T03:49:51.514+0000][1][safepoint    ] Total time for which application threads were stopped: 0.0884001 seconds, Stopping threads took: 0.0883373 seconds
[2019-12-09T03:49:51.539+0000][1][safepoint    ] Application time: 0.0249073 seconds
[2019-12-09T03:49:51.539+0000][1][safepoint    ] Entering safepoint region: Deoptimize
[2019-12-09T03:49:51.540+0000][1][safepoint    ] Leaving safepoint region
[2019-12-09T03:49:51.540+0000][1][safepoint    ] Total time for which application threads were stopped: 0.0004060 seconds, Stopping threads took: 0.0000117 seconds
[2019-12-09T03:49:52.544+0000][1][safepoint    ] Application time: 1.0041952 seconds
[2019-12-09T03:49:52.544+0000][1][safepoint    ] Entering safepoint region: Cleanup
[2019-12-09T03:49:52.544+0000][1][safepoint    ] Leaving safepoint region
[2019-12-09T03:49:52.544+0000][1][safepoint    ] Total time for which application threads were stopped: 0.0001022 seconds, Stopping threads took: 0.0000496 seconds
[2019-12-09T03:49:53.458+0000][1][safepoint    ] Application time: 0.9138636 seconds
[2019-12-09T03:49:53.458+0000][1][safepoint    ] Entering safepoint region: GenCollectForAllocation
[2019-12-09T03:49:53.458+0000][1][gc,start     ] GC(12) Pause Young (Allocation Failure)
[2019-12-09T03:49:53.458+0000][1][gc,task      ] GC(12) Using 2 workers of 2 for evacuation
[2019-12-09T03:49:53.581+0000][1][gc,age       ] GC(12) Desired survivor size 4456448 bytes, new threshold 6 (max threshold 6)
[2019-12-09T03:49:53.581+0000][1][gc,age       ] GC(12) Age table with threshold 6 (max threshold 6)
[2019-12-09T03:49:53.581+0000][1][gc,age       ] GC(12) - age   1:    1039512 bytes,    1039512 total
[2019-12-09T03:49:53.581+0000][1][gc,age       ] GC(12) - age   2:     305920 bytes,    1345432 total
[2019-12-09T03:49:53.581+0000][1][gc,age       ] GC(12) - age   3:      97640 bytes,    1443072 total
[2019-12-09T03:49:53.581+0000][1][gc,age       ] GC(12) - age   4:     632376 bytes,    2075448 total
[2019-12-09T03:49:53.581+0000][1][gc,age       ] GC(12) - age   5:     378368 bytes,    2453816 total
[2019-12-09T03:49:53.581+0000][1][gc,age       ] GC(12) - age   6:    1128360 bytes,    3582176 total
[2019-12-09T03:49:53.581+0000][1][gc,heap      ] GC(12) ParNew: 73572K->4917K(78656K)
[2019-12-09T03:49:53.581+0000][1][gc,heap      ] GC(12) CMS: 14184K->14184K(174784K)
[2019-12-09T03:49:53.581+0000][1][gc,metaspace ] GC(12) Metaspace: 22751K->22751K(1071104K)
[2019-12-09T03:49:53.581+0000][1][gc           ] GC(12) Pause Young (Allocation Failure) 85M->18M(247M) 123.177ms
[2019-12-09T03:49:53.581+0000][1][gc,cpu       ] GC(12) User=0.04s Sys=0.00s Real=0.12s
[2019-12-09T03:49:53.581+0000][1][safepoint    ] Leaving safepoint region
[2019-12-09T03:49:53.581+0000][1][safepoint    ] Total time for which application threads were stopped: 0.1233424 seconds, Stopping threads took: 0.0000160 seconds
[2019-12-09T03:49:54.585+0000][1][safepoint    ] Application time: 1.0035887 seconds
[2019-12-09T03:49:54.585+0000][1][safepoint    ] Entering safepoint region: Deoptimize
[2019-12-09T03:49:54.585+0000][1][safepoint    ] Leaving safepoint region
[2019-12-09T03:49:54.585+0000][1][safepoint    ] Total time for which application threads were stopped: 0.0006284 seconds, Stopping threads took: 0.0000132 seconds
[2019-12-09T03:49:55.334+0000][1][safepoint    ] Application time: 0.7483054 seconds
[2019-12-09T03:49:55.334+0000][1][safepoint    ] Entering safepoint region: Deoptimize
[2019-12-09T03:49:55.334+0000][1][safepoint    ] Leaving safepoint region
[2019-12-09T03:49:55.334+0000][1][safepoint    ] Total time for which application threads were stopped: 0.0004280 seconds, Stopping threads took: 0.0000143 seconds
[2019-12-09T03:49:55.397+0000][1][safepoint    ] Application time: 0.0624486 seconds
[2019-12-09T03:49:55.397+0000][1][safepoint    ] Entering safepoint region: Deoptimize
[2019-12-09T03:49:55.397+0000][1][safepoint    ] Leaving safepoint region
[2019-12-09T03:49:55.397+0000][1][safepoint    ] Total time for which application threads were stopped: 0.0004250 seconds, Stopping threads took: 0.0000167 seconds
[2019-12-09T03:49:55.443+0000][1][safepoint    ] Application time: 0.0453745 seconds
[2019-12-09T03:49:55.443+0000][1][safepoint    ] Entering safepoint region: Deoptimize
[2019-12-09T03:49:55.443+0000][1][safepoint    ] Leaving safepoint region
[2019-12-09T03:49:55.443+0000][1][safepoint    ] Total time for which application threads were stopped: 0.0004517 seconds, Stopping threads took: 0.0000133 seconds
[2019-12-09T03:49:56.453+0000][1][safepoint    ] Application time: 1.0097182 seconds
[2019-12-09T03:49:56.453+0000][1][safepoint    ] Entering safepoint region: Cleanup
[2019-12-09T03:49:56.453+0000][1][safepoint    ] Leaving safepoint region
[2019-12-09T03:49:56.453+0000][1][safepoint    ] Total time for which application threads were stopped: 0.0001212 seconds, Stopping threads took: 0.0000721 seconds
[2019-12-09T03:49:57.454+0000][1][safepoint    ] Application time: 1.0008199 seconds
[2019-12-09T03:49:57.470+0000][1][safepoint    ] Entering safepoint region: Cleanup
[2019-12-09T03:49:57.470+0000][1][safepoint    ] Leaving safepoint region
[2019-12-09T03:49:57.470+0000][1][safepoint    ] Total time for which application threads were stopped: 0.0162647 seconds, Stopping threads took: 0.0160251 seconds
[2019-12-09T03:49:58.475+0000][1][safepoint    ] Application time: 1.0046849 seconds
[2019-12-09T03:49:58.502+0000][1][safepoint    ] Entering safepoint region: Cleanup
[2019-12-09T03:49:58.502+0000][1][safepoint    ] Leaving safepoint region
[2019-12-09T03:49:58.502+0000][1][safepoint    ] Total time for which application threads were stopped: 0.0274219 seconds, Stopping threads took: 0.0273665 seconds
[2019-12-09T03:49:59.503+0000][1][safepoint    ] Application time: 1.0005288 seconds
[2019-12-09T03:49:59.575+0000][1][safepoint    ] Entering safepoint region: Cleanup
[2019-12-09T03:49:59.575+0000][1][safepoint    ] Leaving safepoint region
[2019-12-09T03:49:59.575+0000][1][safepoint    ] Total time for which application threads were stopped: 0.0723110 seconds, Stopping threads took: 0.0722306 seconds
[2019-12-09T03:50:00.585+0000][1][safepoint    ] Application time: 1.0096697 seconds
[2019-12-09T03:50:00.591+0000][1][safepoint    ] Entering safepoint region: Cleanup
[2019-12-09T03:50:00.591+0000][1][safepoint    ] Leaving safepoint region
[2019-12-09T03:50:00.591+0000][1][safepoint    ] Total time for which application threads were stopped: 0.0060211 seconds, Stopping threads took: 0.0059518 seconds
[2019-12-09T03:50:01.596+0000][1][safepoint    ] Application time: 1.0049108 seconds
[2019-12-09T03:50:01.596+0000][1][safepoint    ] Entering safepoint region: GenCollectForAllocation
[2019-12-09T03:50:01.596+0000][1][gc,start     ] GC(13) Pause Young (Allocation Failure)
[2019-12-09T03:50:01.596+0000][1][gc,task      ] GC(13) Using 2 workers of 2 for evacuation
[2019-12-09T03:50:02.250+0000][1][gc,age       ] GC(13) Desired survivor size 4456448 bytes, new threshold 1 (max threshold 6)
[2019-12-09T03:50:02.250+0000][1][gc,age       ] GC(13) Age table with threshold 1 (max threshold 6)
[2019-12-09T03:50:02.250+0000][1][gc,age       ] GC(13) - age   1:    6769120 bytes,    6769120 total
[2019-12-09T03:50:02.250+0000][1][gc,age       ] GC(13) - age   2:     735024 bytes,    7504144 total
[2019-12-09T03:50:02.250+0000][1][gc,age       ] GC(13) - age   3:     305688 bytes,    7809832 total
[2019-12-09T03:50:02.250+0000][1][gc,age       ] GC(13) - age   4:      97488 bytes,    7907320 total
[2019-12-09T03:50:02.250+0000][1][gc,age       ] GC(13) - age   5:     629192 bytes,    8536512 total
[2019-12-09T03:50:02.250+0000][1][gc,age       ] GC(13) - age   6:     376176 bytes,    8912688 total
[2019-12-09T03:50:02.250+0000][1][gc,heap      ] GC(13) ParNew: 74869K->8704K(78656K)
[2019-12-09T03:50:02.250+0000][1][gc,heap      ] GC(13) CMS: 14184K->21433K(174784K)
[2019-12-09T03:50:02.250+0000][1][gc,metaspace ] GC(13) Metaspace: 27073K->27073K(1075200K)
[2019-12-09T03:50:02.250+0000][1][gc           ] GC(13) Pause Young (Allocation Failure) 86M->29M(247M) 654.573ms
[2019-12-09T03:50:02.250+0000][1][gc,cpu       ] GC(13) User=0.11s Sys=0.00s Real=0.65s
[2019-12-09T03:50:02.251+0000][1][safepoint    ] Leaving safepoint region
[2019-12-09T03:50:02.251+0000][1][safepoint    ] Total time for which application threads were stopped: 0.6547505 seconds, Stopping threads took: 0.0000166 seconds
[2019-12-09T03:50:03.256+0000][1][safepoint    ] Application time: 1.0051942 seconds
[2019-12-09T03:50:03.256+0000][1][safepoint    ] Entering safepoint region: Cleanup
[2019-12-09T03:50:03.256+0000][1][safepoint    ] Leaving safepoint region
[2019-12-09T03:50:03.256+0000][1][safepoint    ] Total time for which application threads were stopped: 0.0007012 seconds, Stopping threads took: 0.0006616 seconds
[2019-12-09T03:50:04.089+0000][1][safepoint    ] Application time: 0.8320381 seconds
[2019-12-09T03:50:04.089+0000][1][safepoint    ] Entering safepoint region: RevokeBias
[2019-12-09T03:50:04.089+0000][1][safepoint    ] Leaving safepoint region
[2019-12-09T03:50:04.089+0000][1][safepoint    ] Total time for which application threads were stopped: 0.0000905 seconds, Stopping threads took: 0.0000145 seconds
[2019-12-09T03:50:05.099+0000][1][safepoint    ] Application time: 1.0100653 seconds
[2019-12-09T03:50:05.143+0000][1][safepoint    ] Entering safepoint region: Cleanup
[2019-12-09T03:50:05.143+0000][1][safepoint    ] Leaving safepoint region
[2019-12-09T03:50:05.143+0000][1][safepoint    ] Total time for which application threads were stopped: 0.0440721 seconds, Stopping threads took: 0.0440236 seconds
[2019-12-09T03:50:06.147+0000][1][safepoint    ] Application time: 1.0038717 seconds
[2019-12-09T03:50:06.147+0000][1][safepoint    ] Entering safepoint region: Cleanup
[2019-12-09T03:50:06.147+0000][1][safepoint    ] Leaving safepoint region
[2019-12-09T03:50:06.147+0000][1][safepoint    ] Total time for which application threads were stopped: 0.0000590 seconds, Stopping threads took: 0.0000198 seconds
[2019-12-09T03:50:06.685+0000][1][safepoint    ] Application time: 0.5379270 seconds
[2019-12-09T03:50:06.685+0000][1][safepoint    ] Entering safepoint region: GenCollectForAllocation
[2019-12-09T03:50:06.685+0000][1][gc,start     ] GC(14) Pause Young (Allocation Failure)
[2019-12-09T03:50:06.685+0000][1][gc,task      ] GC(14) Using 2 workers of 2 for evacuation
[2019-12-09T03:50:07.390+0000][1][gc,age       ] GC(14) Desired survivor size 4456448 bytes, new threshold 1 (max threshold 6)
[2019-12-09T03:50:07.390+0000][1][gc,age       ] GC(14) Age table with threshold 1 (max threshold 6)
[2019-12-09T03:50:07.390+0000][1][gc,age       ] GC(14) - age   1:    8912640 bytes,    8912640 total
[2019-12-09T03:50:07.390+0000][1][gc,heap      ] GC(14) ParNew: 78656K->8704K(78656K)
[2019-12-09T03:50:07.390+0000][1][gc,heap      ] GC(14) CMS: 21433K->35030K(174784K)
[2019-12-09T03:50:07.390+0000][1][gc,metaspace ] GC(14) Metaspace: 27131K->27131K(1075200K)
[2019-12-09T03:50:07.390+0000][1][gc           ] GC(14) Pause Young (Allocation Failure) 97M->42M(247M) 705.384ms
[2019-12-09T03:50:07.390+0000][1][gc,cpu       ] GC(14) User=0.20s Sys=0.00s Real=0.70s
[2019-12-09T03:50:07.390+0000][1][safepoint    ] Leaving safepoint region
[2019-12-09T03:50:07.390+0000][1][safepoint    ] Total time for which application threads were stopped: 0.7055077 seconds, Stopping threads took: 0.0000131 seconds
[2019-12-09T03:50:10.404+0000][1][safepoint    ] Application time: 3.0134483 seconds
[2019-12-09T03:50:10.460+0000][1][safepoint    ] Entering safepoint region: Cleanup
[2019-12-09T03:50:10.460+0000][1][safepoint    ] Leaving safepoint region
[2019-12-09T03:50:10.460+0000][1][safepoint    ] Total time for which application threads were stopped: 0.0563500 seconds, Stopping threads took: 0.0563061 seconds
[2019-12-09T03:50:11.471+0000][1][safepoint    ] Application time: 1.0105388 seconds
[2019-12-09T03:50:11.520+0000][1][safepoint    ] Entering safepoint region: Cleanup
[2019-12-09T03:50:11.520+0000][1][safepoint    ] Leaving safepoint region
[2019-12-09T03:50:11.520+0000][1][safepoint    ] Total time for which application threads were stopped: 0.0491603 seconds, Stopping threads took: 0.0491050 seconds
[2019-12-09T03:50:12.522+0000][1][safepoint    ] Application time: 1.0017977 seconds
[2019-12-09T03:50:12.555+0000][1][safepoint    ] Entering safepoint region: Cleanup
[2019-12-09T03:50:12.555+0000][1][safepoint    ] Leaving safepoint region
[2019-12-09T03:50:12.555+0000][1][safepoint    ] Total time for which application threads were stopped: 0.0330522 seconds, Stopping threads took: 0.0329513 seconds
[2019-12-09T03:50:13.021+0000][1][safepoint    ] Application time: 0.4661576 seconds
[2019-12-09T03:50:13.021+0000][1][safepoint    ] Entering safepoint region: GenCollectForAllocation
[2019-12-09T03:50:13.021+0000][1][gc,start     ] GC(15) Pause Young (Allocation Failure)
[2019-12-09T03:50:13.021+0000][1][gc,task      ] GC(15) Using 2 workers of 2 for evacuation
[2019-12-09T03:50:13.536+0000][1][gc,age       ] GC(15) Desired survivor size 4456448 bytes, new threshold 1 (max threshold 6)
[2019-12-09T03:50:13.536+0000][1][gc,age       ] GC(15) Age table with threshold 1 (max threshold 6)
[2019-12-09T03:50:13.536+0000][1][gc,age       ] GC(15) - age   1:    8912832 bytes,    8912832 total
[2019-12-09T03:50:13.536+0000][1][gc,heap      ] GC(15) ParNew: 78656K->8704K(78656K)
[2019-12-09T03:50:13.536+0000][1][gc,heap      ] GC(15) CMS: 35030K->45803K(174784K)
[2019-12-09T03:50:13.536+0000][1][gc,metaspace ] GC(15) Metaspace: 29394K->29394K(1077248K)
[2019-12-09T03:50:13.536+0000][1][gc           ] GC(15) Pause Young (Allocation Failure) 111M->53M(247M) 515.219ms
[2019-12-09T03:50:13.536+0000][1][gc,cpu       ] GC(15) User=0.15s Sys=0.00s Real=0.52s
[2019-12-09T03:50:13.536+0000][1][safepoint    ] Leaving safepoint region
[2019-12-09T03:50:13.536+0000][1][safepoint    ] Total time for which application threads were stopped: 0.5153542 seconds, Stopping threads took: 0.0000123 seconds
[2019-12-09T03:50:14.558+0000][1][safepoint    ] Application time: 1.0213329 seconds
[2019-12-09T03:50:14.558+0000][1][safepoint    ] Entering safepoint region: Cleanup
[2019-12-09T03:50:14.558+0000][1][safepoint    ] Leaving safepoint region
[2019-12-09T03:50:14.558+0000][1][safepoint    ] Total time for which application threads were stopped: 0.0000654 seconds, Stopping threads took: 0.0000143 seconds
[2019-12-09T03:50:16.586+0000][1][safepoint    ] Application time: 2.0278852 seconds
[2019-12-09T03:50:16.682+0000][1][safepoint    ] Entering safepoint region: Cleanup
[2019-12-09T03:50:16.682+0000][1][safepoint    ] Leaving safepoint region
[2019-12-09T03:50:16.682+0000][1][safepoint    ] Total time for which application threads were stopped: 0.0961459 seconds, Stopping threads took: 0.0960810 seconds
[2019-12-09T03:50:16.947+0000][1][safepoint    ] Application time: 0.2651899 seconds
[2019-12-09T03:50:16.947+0000][1][safepoint    ] Entering safepoint region: GenCollectForAllocation
[2019-12-09T03:50:16.947+0000][1][gc,start     ] GC(16) Pause Young (Allocation Failure)
[2019-12-09T03:50:16.947+0000][1][gc,task      ] GC(16) Using 2 workers of 2 for evacuation
[2019-12-09T03:50:17.326+0000][1][gc,age       ] GC(16) Desired survivor size 4456448 bytes, new threshold 6 (max threshold 6)
[2019-12-09T03:50:17.326+0000][1][gc,age       ] GC(16) Age table with threshold 6 (max threshold 6)
[2019-12-09T03:50:17.326+0000][1][gc,age       ] GC(16) - age   1:    1272104 bytes,    1272104 total
[2019-12-09T03:50:17.326+0000][1][gc,heap      ] GC(16) ParNew: 78656K->8621K(78656K)
[2019-12-09T03:50:17.326+0000][1][gc,heap      ] GC(16) CMS: 45803K->54570K(174784K)
[2019-12-09T03:50:17.326+0000][1][gc,metaspace ] GC(16) Metaspace: 32941K->32941K(1079296K)
[2019-12-09T03:50:17.326+0000][1][gc           ] GC(16) Pause Young (Allocation Failure) 121M->61M(247M) 379.029ms
[2019-12-09T03:50:17.326+0000][1][gc,cpu       ] GC(16) User=0.12s Sys=0.00s Real=0.38s
[2019-12-09T03:50:17.326+0000][1][safepoint    ] Leaving safepoint region
[2019-12-09T03:50:17.326+0000][1][safepoint    ] Total time for which application threads were stopped: 0.3791599 seconds, Stopping threads took: 0.0000157 seconds
[2019-12-09T03:50:18.327+0000][1][safepoint    ] Application time: 1.0004119 seconds
[2019-12-09T03:50:18.383+0000][1][safepoint    ] Entering safepoint region: Cleanup
[2019-12-09T03:50:18.383+0000][1][safepoint    ] Leaving safepoint region
[2019-12-09T03:50:18.383+0000][1][safepoint    ] Total time for which application threads were stopped: 0.0564614 seconds, Stopping threads took: 0.0564116 seconds
[2019-12-09T03:50:19.384+0000][1][safepoint    ] Application time: 1.0005107 seconds
[2019-12-09T03:50:19.384+0000][1][safepoint    ] Entering safepoint region: Cleanup
[2019-12-09T03:50:19.384+0000][1][safepoint    ] Leaving safepoint region
[2019-12-09T03:50:19.384+0000][1][safepoint    ] Total time for which application threads were stopped: 0.0000760 seconds, Stopping threads took: 0.0000226 seconds
[2019-12-09T03:50:19.568+0000][1][safepoint    ] Application time: 0.1841739 seconds
[2019-12-09T03:50:19.568+0000][1][safepoint    ] Entering safepoint region: CollectForMetadataAllocation
[2019-12-09T03:50:19.568+0000][1][safepoint    ] Leaving safepoint region
[2019-12-09T03:50:19.568+0000][1][safepoint    ] Total time for which application threads were stopped: 0.0002381 seconds, Stopping threads took: 0.0000143 seconds
[2019-12-09T03:50:19.785+0000][1][safepoint    ] Application time: 0.2164245 seconds
[2019-12-09T03:50:19.785+0000][1][safepoint    ] Entering safepoint region: CollectForMetadataAllocation
[2019-12-09T03:50:19.785+0000][1][safepoint    ] Leaving safepoint region
[2019-12-09T03:50:19.785+0000][1][safepoint    ] Total time for which application threads were stopped: 0.0001497 seconds, Stopping threads took: 0.0000129 seconds
[2019-12-09T03:50:20.041+0000][1][safepoint    ] Application time: 0.2560196 seconds
[2019-12-09T03:50:20.041+0000][1][safepoint    ] Entering safepoint region: CollectForMetadataAllocation
[2019-12-09T03:50:20.041+0000][1][safepoint    ] Leaving safepoint region
[2019-12-09T03:50:20.041+0000][1][safepoint    ] Total time for which application threads were stopped: 0.0002523 seconds, Stopping threads took: 0.0000126 seconds
[2019-12-09T03:50:20.200+0000][1][safepoint    ] Application time: 0.1583344 seconds
[2019-12-09T03:50:20.200+0000][1][safepoint    ] Entering safepoint region: CollectForMetadataAllocation
[2019-12-09T03:50:20.200+0000][1][safepoint    ] Leaving safepoint region
[2019-12-09T03:50:20.200+0000][1][safepoint    ] Total time for which application threads were stopped: 0.0002680 seconds, Stopping threads took: 0.0000128 seconds
[2019-12-09T03:50:20.356+0000][1][safepoint    ] Application time: 0.1565611 seconds
[2019-12-09T03:50:20.356+0000][1][safepoint    ] Entering safepoint region: CollectForMetadataAllocation
[2019-12-09T03:50:20.357+0000][1][safepoint    ] Leaving safepoint region
[2019-12-09T03:50:20.357+0000][1][safepoint    ] Total time for which application threads were stopped: 0.0002569 seconds, Stopping threads took: 0.0000152 seconds
[2019-12-09T03:50:20.534+0000][1][safepoint    ] Application time: 0.1776801 seconds
[2019-12-09T03:50:20.534+0000][1][safepoint    ] Entering safepoint region: CollectForMetadataAllocation
[2019-12-09T03:50:20.535+0000][1][safepoint    ] Leaving safepoint region
[2019-12-09T03:50:20.535+0000][1][safepoint    ] Total time for which application threads were stopped: 0.0002675 seconds, Stopping threads took: 0.0000136 seconds
[2019-12-09T03:50:20.608+0000][1][safepoint    ] Application time: 0.0735670 seconds
[2019-12-09T03:50:20.608+0000][1][safepoint    ] Entering safepoint region: GenCollectForAllocation
[2019-12-09T03:50:20.608+0000][1][gc,start     ] GC(17) Pause Young (Allocation Failure)
[2019-12-09T03:50:20.608+0000][1][gc,task      ] GC(17) Using 2 workers of 2 for evacuation
[2019-12-09T03:50:20.736+0000][1][gc,age       ] GC(17) Desired survivor size 4456448 bytes, new threshold 6 (max threshold 6)
[2019-12-09T03:50:20.736+0000][1][gc,age       ] GC(17) Age table with threshold 6 (max threshold 6)
[2019-12-09T03:50:20.736+0000][1][gc,age       ] GC(17) - age   1:    1943416 bytes,    1943416 total
[2019-12-09T03:50:20.736+0000][1][gc,age       ] GC(17) - age   2:    1205536 bytes,    3148952 total
[2019-12-09T03:50:20.736+0000][1][gc,heap      ] GC(17) ParNew: 78573K->3582K(78656K)
[2019-12-09T03:50:20.736+0000][1][gc,heap      ] GC(17) CMS: 54570K->54570K(174784K)
[2019-12-09T03:50:20.736+0000][1][gc,metaspace ] GC(17) Metaspace: 35248K->35248K(1081344K)
[2019-12-09T03:50:20.736+0000][1][gc           ] GC(17) Pause Young (Allocation Failure) 130M->56M(247M) 127.712ms
[2019-12-09T03:50:20.736+0000][1][gc,cpu       ] GC(17) User=0.03s Sys=0.00s Real=0.13s
[2019-12-09T03:50:20.736+0000][1][safepoint    ] Leaving safepoint region
[2019-12-09T03:50:20.736+0000][1][safepoint    ] Total time for which application threads were stopped: 0.1278348 seconds, Stopping threads took: 0.0000126 seconds
[2019-12-09T03:50:20.742+0000][1][safepoint    ] Application time: 0.0055433 seconds
[2019-12-09T03:50:20.742+0000][1][safepoint    ] Entering safepoint region: CMS_Initial_Mark
[2019-12-09T03:50:20.742+0000][1][gc,start     ] GC(18) Pause Initial Mark
[2019-12-09T03:50:20.756+0000][1][gc           ] GC(18) Pause Initial Mark 58M->58M(247M) 13.755ms
[2019-12-09T03:50:20.756+0000][1][gc,cpu       ] GC(18) User=0.00s Sys=0.00s Real=0.02s
[2019-12-09T03:50:20.756+0000][1][safepoint    ] Leaving safepoint region
[2019-12-09T03:50:20.756+0000][1][safepoint    ] Total time for which application threads were stopped: 0.0140710 seconds, Stopping threads took: 0.0002162 seconds
[2019-12-09T03:50:20.756+0000][1][gc           ] GC(18) Concurrent Mark
[2019-12-09T03:50:20.860+0000][1][safepoint    ] Application time: 0.1038005 seconds
[2019-12-09T03:50:20.860+0000][1][safepoint    ] Entering safepoint region: CollectForMetadataAllocation
[2019-12-09T03:50:20.860+0000][1][safepoint    ] Leaving safepoint region
[2019-12-09T03:50:20.860+0000][1][safepoint    ] Total time for which application threads were stopped: 0.0002473 seconds, Stopping threads took: 0.0000131 seconds
[2019-12-09T03:50:21.226+0000][1][safepoint    ] Application time: 0.3655816 seconds
[2019-12-09T03:50:21.226+0000][1][safepoint    ] Entering safepoint region: CollectForMetadataAllocation
[2019-12-09T03:50:21.226+0000][1][safepoint    ] Leaving safepoint region
[2019-12-09T03:50:21.226+0000][1][safepoint    ] Total time for which application threads were stopped: 0.0002577 seconds, Stopping threads took: 0.0000125 seconds
[2019-12-09T03:50:21.476+0000][1][safepoint    ] Application time: 0.2499466 seconds
[2019-12-09T03:50:21.476+0000][1][safepoint    ] Entering safepoint region: CollectForMetadataAllocation
[2019-12-09T03:50:21.476+0000][1][safepoint    ] Leaving safepoint region
[2019-12-09T03:50:21.476+0000][1][safepoint    ] Total time for which application threads were stopped: 0.0002148 seconds, Stopping threads took: 0.0000126 seconds
[2019-12-09T03:50:21.531+0000][1][gc           ] GC(18) Concurrent Mark 774.725ms
[2019-12-09T03:50:21.531+0000][1][gc,cpu       ] GC(18) User=0.22s Sys=0.00s Real=0.77s
[2019-12-09T03:50:21.531+0000][1][gc           ] GC(18) Concurrent Preclean
[2019-12-09T03:50:21.546+0000][1][gc           ] GC(18) Concurrent Preclean 15.179ms
[2019-12-09T03:50:21.546+0000][1][gc,cpu       ] GC(18) User=0.00s Sys=0.00s Real=0.02s
[2019-12-09T03:50:21.546+0000][1][gc           ] GC(18) Concurrent Abortable Preclean
[2019-12-09T03:50:21.706+0000][1][safepoint    ] Application time: 0.2297162 seconds
[2019-12-09T03:50:21.706+0000][1][safepoint    ] Entering safepoint region: CollectForMetadataAllocation
[2019-12-09T03:50:21.706+0000][1][safepoint    ] Leaving safepoint region
[2019-12-09T03:50:21.706+0000][1][safepoint    ] Total time for which application threads were stopped: 0.0002290 seconds, Stopping threads took: 0.0000141 seconds
[2019-12-09T03:50:22.128+0000][1][safepoint    ] Application time: 0.4217250 seconds
[2019-12-09T03:50:22.128+0000][1][safepoint    ] Entering safepoint region: CollectForMetadataAllocation
[2019-12-09T03:50:22.128+0000][1][safepoint    ] Leaving safepoint region
[2019-12-09T03:50:22.128+0000][1][safepoint    ] Total time for which application threads were stopped: 0.0001854 seconds, Stopping threads took: 0.0000181 seconds
[2019-12-09T03:50:22.130+0000][1][safepoint    ] Application time: 0.0016129 seconds
[2019-12-09T03:50:22.130+0000][1][safepoint    ] Entering safepoint region: RevokeBias
[2019-12-09T03:50:22.130+0000][1][safepoint    ] Leaving safepoint region
[2019-12-09T03:50:22.130+0000][1][safepoint    ] Total time for which application threads were stopped: 0.0001387 seconds, Stopping threads took: 0.0000122 seconds
[2019-12-09T03:50:22.514+0000][1][safepoint    ] Application time: 0.3839791 seconds
[2019-12-09T03:50:22.514+0000][1][safepoint    ] Entering safepoint region: CollectForMetadataAllocation
[2019-12-09T03:50:22.514+0000][1][safepoint    ] Leaving safepoint region
[2019-12-09T03:50:22.514+0000][1][safepoint    ] Total time for which application threads were stopped: 0.0002524 seconds, Stopping threads took: 0.0000128 seconds
[2019-12-09T03:50:22.763+0000][1][safepoint    ] Application time: 0.2493082 seconds
[2019-12-09T03:50:22.763+0000][1][safepoint    ] Entering safepoint region: CollectForMetadataAllocation
[2019-12-09T03:50:22.764+0000][1][safepoint    ] Leaving safepoint region
[2019-12-09T03:50:22.764+0000][1][safepoint    ] Total time for which application threads were stopped: 0.0002246 seconds, Stopping threads took: 0.0000138 seconds
[2019-12-09T03:50:23.102+0000][1][safepoint    ] Application time: 0.3381468 seconds
[2019-12-09T03:50:23.102+0000][1][safepoint    ] Entering safepoint region: CollectForMetadataAllocation
[2019-12-09T03:50:23.102+0000][1][safepoint    ] Leaving safepoint region
[2019-12-09T03:50:23.102+0000][1][safepoint    ] Total time for which application threads were stopped: 0.0001527 seconds, Stopping threads took: 0.0000137 seconds
[2019-12-09T03:50:23.375+0000][1][safepoint    ] Application time: 0.2727967 seconds
[2019-12-09T03:50:23.375+0000][1][safepoint    ] Entering safepoint region: CollectForMetadataAllocation
[2019-12-09T03:50:23.375+0000][1][safepoint    ] Leaving safepoint region
[2019-12-09T03:50:23.375+0000][1][safepoint    ] Total time for which application threads were stopped: 0.0002559 seconds, Stopping threads took: 0.0000176 seconds
[2019-12-09T03:50:23.659+0000][1][safepoint    ] Application time: 0.2837005 seconds
[2019-12-09T03:50:23.659+0000][1][safepoint    ] Entering safepoint region: CollectForMetadataAllocation
[2019-12-09T03:50:23.659+0000][1][safepoint    ] Leaving safepoint region
[2019-12-09T03:50:23.659+0000][1][safepoint    ] Total time for which application threads were stopped: 0.0002087 seconds, Stopping threads took: 0.0000138 seconds
[2019-12-09T03:50:23.980+0000][1][safepoint    ] Application time: 0.3212340 seconds
[2019-12-09T03:50:23.980+0000][1][safepoint    ] Entering safepoint region: CollectForMetadataAllocation
[2019-12-09T03:50:23.980+0000][1][safepoint    ] Leaving safepoint region
[2019-12-09T03:50:23.981+0000][1][safepoint    ] Total time for which application threads were stopped: 0.0002343 seconds, Stopping threads took: 0.0000156 seconds
[2019-12-09T03:50:24.290+0000][1][safepoint    ] Application time: 0.3092558 seconds
[2019-12-09T03:50:24.290+0000][1][safepoint    ] Entering safepoint region: CollectForMetadataAllocation
[2019-12-09T03:50:24.290+0000][1][safepoint    ] Leaving safepoint region
[2019-12-09T03:50:24.290+0000][1][safepoint    ] Total time for which application threads were stopped: 0.0002403 seconds, Stopping threads took: 0.0000207 seconds
[2019-12-09T03:50:24.607+0000][1][safepoint    ] Application time: 0.3172745 seconds
[2019-12-09T03:50:24.607+0000][1][safepoint    ] Entering safepoint region: CollectForMetadataAllocation
[2019-12-09T03:50:24.608+0000][1][safepoint    ] Leaving safepoint region
[2019-12-09T03:50:24.608+0000][1][safepoint    ] Total time for which application threads were stopped: 0.0002144 seconds, Stopping threads took: 0.0000135 seconds
[2019-12-09T03:50:24.880+0000][1][safepoint    ] Application time: 0.2723829 seconds
[2019-12-09T03:50:24.880+0000][1][safepoint    ] Entering safepoint region: CollectForMetadataAllocation
[2019-12-09T03:50:24.880+0000][1][safepoint    ] Leaving safepoint region
[2019-12-09T03:50:24.880+0000][1][safepoint    ] Total time for which application threads were stopped: 0.0002861 seconds, Stopping threads took: 0.0000132 seconds
[2019-12-09T03:50:25.212+0000][1][safepoint    ] Application time: 0.3312482 seconds
[2019-12-09T03:50:25.212+0000][1][safepoint    ] Entering safepoint region: CollectForMetadataAllocation
[2019-12-09T03:50:25.212+0000][1][safepoint    ] Leaving safepoint region
[2019-12-09T03:50:25.212+0000][1][safepoint    ] Total time for which application threads were stopped: 0.0002550 seconds, Stopping threads took: 0.0000128 seconds
[2019-12-09T03:50:25.462+0000][1][safepoint    ] Application time: 0.2496795 seconds
[2019-12-09T03:50:25.462+0000][1][safepoint    ] Entering safepoint region: CollectForMetadataAllocation
[2019-12-09T03:50:25.462+0000][1][safepoint    ] Leaving safepoint region
[2019-12-09T03:50:25.462+0000][1][safepoint    ] Total time for which application threads were stopped: 0.0002065 seconds, Stopping threads took: 0.0000156 seconds
[2019-12-09T03:50:25.862+0000][1][safepoint    ] Application time: 0.3999432 seconds
[2019-12-09T03:50:25.862+0000][1][safepoint    ] Entering safepoint region: CollectForMetadataAllocation
[2019-12-09T03:50:25.862+0000][1][safepoint    ] Leaving safepoint region
[2019-12-09T03:50:25.862+0000][1][safepoint    ] Total time for which application threads were stopped: 0.0002174 seconds, Stopping threads took: 0.0000134 seconds
[2019-12-09T03:50:26.323+0000][1][safepoint    ] Application time: 0.4607432 seconds
[2019-12-09T03:50:26.323+0000][1][safepoint    ] Entering safepoint region: CollectForMetadataAllocation
[2019-12-09T03:50:26.323+0000][1][safepoint    ] Leaving safepoint region
[2019-12-09T03:50:26.323+0000][1][safepoint    ] Total time for which application threads were stopped: 0.0002284 seconds, Stopping threads took: 0.0000144 seconds
[2019-12-09T03:50:26.530+0000][1][safepoint    ] Application time: 0.2067756 seconds
[2019-12-09T03:50:26.530+0000][1][safepoint    ] Entering safepoint region: CollectForMetadataAllocation
[2019-12-09T03:50:26.530+0000][1][safepoint    ] Leaving safepoint region
[2019-12-09T03:50:26.530+0000][1][safepoint    ] Total time for which application threads were stopped: 0.0001677 seconds, Stopping threads took: 0.0000134 seconds
[2019-12-09T03:50:26.817+0000][1][gc           ] GC(18) Concurrent Abortable Preclean 5270.813ms
[2019-12-09T03:50:26.817+0000][1][gc,cpu       ] GC(18) User=1.44s Sys=0.03s Real=5.27s
[2019-12-09T03:50:26.840+0000][1][safepoint    ] Application time: 0.3097270 seconds
[2019-12-09T03:50:26.840+0000][1][safepoint    ] Entering safepoint region: CollectForMetadataAllocation
[2019-12-09T03:50:26.840+0000][1][safepoint    ] Leaving safepoint region
[2019-12-09T03:50:26.840+0000][1][safepoint    ] Total time for which application threads were stopped: 0.0002526 seconds, Stopping threads took: 0.0000251 seconds
[2019-12-09T03:50:26.852+0000][1][safepoint    ] Application time: 0.0117224 seconds
[2019-12-09T03:50:26.898+0000][1][safepoint    ] Entering safepoint region: CMS_Final_Remark
[2019-12-09T03:50:26.898+0000][1][gc,start     ] GC(18) Pause Remark
[2019-12-09T03:50:26.981+0000][1][gc           ] GC(18) Pause Remark 84M->84M(247M) 82.805ms
[2019-12-09T03:50:26.981+0000][1][gc,cpu       ] GC(18) User=0.03s Sys=0.00s Real=0.08s
[2019-12-09T03:50:26.981+0000][1][safepoint    ] Leaving safepoint region
[2019-12-09T03:50:26.981+0000][1][safepoint    ] Total time for which application threads were stopped: 0.1290576 seconds, Stopping threads took: 0.0461230 seconds
[2019-12-09T03:50:26.998+0000][1][gc           ] GC(18) Concurrent Sweep
[2019-12-09T03:50:27.214+0000][1][safepoint    ] Application time: 0.2329076 seconds
[2019-12-09T03:50:27.214+0000][1][safepoint    ] Entering safepoint region: CollectForMetadataAllocation
[2019-12-09T03:50:27.215+0000][1][safepoint    ] Leaving safepoint region
[2019-12-09T03:50:27.215+0000][1][safepoint    ] Total time for which application threads were stopped: 0.0010249 seconds, Stopping threads took: 0.0000160 seconds
[2019-12-09T03:50:27.463+0000][1][gc           ] GC(18) Concurrent Sweep 464.837ms
[2019-12-09T03:50:27.463+0000][1][gc,cpu       ] GC(18) User=0.12s Sys=0.00s Real=0.46s
[2019-12-09T03:50:27.463+0000][1][gc           ] GC(18) Concurrent Reset
[2019-12-09T03:50:27.476+0000][1][gc           ] GC(18) Concurrent Reset 13.362ms
[2019-12-09T03:50:27.476+0000][1][gc,cpu       ] GC(18) User=0.00s Sys=0.00s Real=0.02s
[2019-12-09T03:50:27.476+0000][1][gc,heap      ] GC(18) Old: 54570K->54382K(174784K)
[2019-12-09T03:50:27.594+0000][1][safepoint    ] Application time: 0.3792527 seconds
[2019-12-09T03:50:27.743+0000][1][safepoint    ] Entering safepoint region: RevokeBias
[2019-12-09T03:50:27.743+0000][1][safepoint    ] Leaving safepoint region
[2019-12-09T03:50:27.743+0000][1][safepoint    ] Total time for which application threads were stopped: 0.1487388 seconds, Stopping threads took: 0.1486391 seconds
[2019-12-09T03:50:27.753+0000][1][safepoint    ] Application time: 0.0098530 seconds
[2019-12-09T03:50:27.753+0000][1][safepoint    ] Entering safepoint region: RevokeBias
[2019-12-09T03:50:27.753+0000][1][safepoint    ] Leaving safepoint region
[2019-12-09T03:50:27.753+0000][1][safepoint    ] Total time for which application threads were stopped: 0.0001585 seconds, Stopping threads took: 0.0000358 seconds
[2019-12-09T03:50:27.769+0000][1][safepoint    ] Application time: 0.0158042 seconds
[2019-12-09T03:50:27.769+0000][1][safepoint    ] Entering safepoint region: RevokeBias
[2019-12-09T03:50:27.769+0000][1][safepoint    ] Leaving safepoint region
[2019-12-09T03:50:27.769+0000][1][safepoint    ] Total time for which application threads were stopped: 0.0001022 seconds, Stopping threads took: 0.0000432 seconds
[2019-12-09T03:50:28.816+0000][1][safepoint    ] Application time: 1.0468608 seconds
[2019-12-09T03:50:28.863+0000][1][safepoint    ] Entering safepoint region: Cleanup
[2019-12-09T03:50:28.863+0000][1][safepoint    ] Leaving safepoint region
[2019-12-09T03:50:28.863+0000][1][safepoint    ] Total time for which application threads were stopped: 0.0470790 seconds, Stopping threads took: 0.0470286 seconds
[2019-12-09T03:50:30.783+0000][1][safepoint    ] Application time: 1.9198830 seconds
[2019-12-09T03:50:30.864+0000][1][safepoint    ] Entering safepoint region: RevokeBias
[2019-12-09T03:50:30.864+0000][1][safepoint    ] Leaving safepoint region
[2019-12-09T03:50:30.864+0000][1][safepoint    ] Total time for which application threads were stopped: 0.0812039 seconds, Stopping threads took: 0.0810655 seconds
[2019-12-09T03:50:30.869+0000][1][safepoint    ] Application time: 0.0051987 seconds
[2019-12-09T03:50:30.869+0000][1][safepoint    ] Entering safepoint region: RevokeBias
[2019-12-09T03:50:30.869+0000][1][safepoint    ] Leaving safepoint region
[2019-12-09T03:50:30.869+0000][1][safepoint    ] Total time for which application threads were stopped: 0.0001456 seconds, Stopping threads took: 0.0000445 seconds
[2019-12-09T03:50:32.825+0000][1][safepoint    ] Application time: 1.9553636 seconds
[2019-12-09T03:50:32.826+0000][1][safepoint    ] Entering safepoint region: RevokeBias
[2019-12-09T03:50:32.826+0000][1][safepoint    ] Leaving safepoint region
[2019-12-09T03:50:32.826+0000][1][safepoint    ] Total time for which application threads were stopped: 0.0011005 seconds, Stopping threads took: 0.0009906 seconds
[2019-12-09T03:50:32.826+0000][1][safepoint    ] Application time: 0.0001479 seconds
[2019-12-09T03:50:32.826+0000][1][safepoint    ] Entering safepoint region: RevokeBias
[2019-12-09T03:50:32.826+0000][1][safepoint    ] Leaving safepoint region
[2019-12-09T03:50:32.826+0000][1][safepoint    ] Total time for which application threads were stopped: 0.0000782 seconds, Stopping threads took: 0.0000095 seconds
[2019-12-09T03:50:32.826+0000][1][safepoint    ] Application time: 0.0001880 seconds
[2019-12-09T03:50:32.826+0000][1][safepoint    ] Entering safepoint region: RevokeBias
[2019-12-09T03:50:32.826+0000][1][safepoint    ] Leaving safepoint region
[2019-12-09T03:50:32.826+0000][1][safepoint    ] Total time for which application threads were stopped: 0.0000757 seconds, Stopping threads took: 0.0000083 seconds
[2019-12-09T03:50:32.827+0000][1][safepoint    ] Application time: 0.0001451 seconds
[2019-12-09T03:50:32.827+0000][1][safepoint    ] Entering safepoint region: RevokeBias
[2019-12-09T03:50:32.827+0000][1][safepoint    ] Leaving safepoint region
[2019-12-09T03:50:32.827+0000][1][safepoint    ] Total time for which application threads were stopped: 0.0000699 seconds, Stopping threads took: 0.0000079 seconds
[2019-12-09T03:50:32.827+0000][1][safepoint    ] Application time: 0.0001026 seconds
[2019-12-09T03:50:32.827+0000][1][safepoint    ] Entering safepoint region: RevokeBias
[2019-12-09T03:50:32.827+0000][1][safepoint    ] Leaving safepoint region
[2019-12-09T03:50:32.827+0000][1][safepoint    ] Total time for which application threads were stopped: 0.0000732 seconds, Stopping threads took: 0.0000079 seconds
[2019-12-09T03:50:32.827+0000][1][safepoint    ] Application time: 0.0000525 seconds
[2019-12-09T03:50:32.827+0000][1][safepoint    ] Entering safepoint region: RevokeBias
[2019-12-09T03:50:32.827+0000][1][safepoint    ] Leaving safepoint region
[2019-12-09T03:50:32.827+0000][1][safepoint    ] Total time for which application threads were stopped: 0.0000605 seconds, Stopping threads took: 0.0000075 seconds
[2019-12-09T03:50:32.827+0000][1][safepoint    ] Application time: 0.0000899 seconds
[2019-12-09T03:50:32.827+0000][1][safepoint    ] Entering safepoint region: RevokeBias
[2019-12-09T03:50:32.827+0000][1][safepoint    ] Leaving safepoint region
[2019-12-09T03:50:32.827+0000][1][safepoint    ] Total time for which application threads were stopped: 0.0000648 seconds, Stopping threads took: 0.0000073 seconds
[2019-12-09T03:50:32.827+0000][1][safepoint    ] Application time: 0.0000591 seconds
[2019-12-09T03:50:32.827+0000][1][safepoint    ] Entering safepoint region: RevokeBias
[2019-12-09T03:50:32.827+0000][1][safepoint    ] Leaving safepoint region
[2019-12-09T03:50:32.827+0000][1][safepoint    ] Total time for which application threads were stopped: 0.0000632 seconds, Stopping threads took: 0.0000072 seconds
[2019-12-09T03:50:32.828+0000][1][safepoint    ] Application time: 0.0010882 seconds
[2019-12-09T03:50:32.828+0000][1][safepoint    ] Entering safepoint region: RevokeBias
[2019-12-09T03:50:32.828+0000][1][safepoint    ] Leaving safepoint region
[2019-12-09T03:50:32.828+0000][1][safepoint    ] Total time for which application threads were stopped: 0.0000945 seconds, Stopping threads took: 0.0000115 seconds
[2019-12-09T03:50:32.829+0000][1][safepoint    ] Application time: 0.0002880 seconds
[2019-12-09T03:50:32.829+0000][1][safepoint    ] Entering safepoint region: RevokeBias
[2019-12-09T03:50:32.829+0000][1][safepoint    ] Leaving safepoint region
[2019-12-09T03:50:32.829+0000][1][safepoint    ] Total time for which application threads were stopped: 0.0000788 seconds, Stopping threads took: 0.0000108 seconds
[2019-12-09T03:50:34.870+0000][1][safepoint    ] Application time: 2.0412154 seconds
[2019-12-09T03:50:34.905+0000][1][safepoint    ] Entering safepoint region: Cleanup
[2019-12-09T03:50:34.905+0000][1][safepoint    ] Leaving safepoint region
[2019-12-09T03:50:34.905+0000][1][safepoint    ] Total time for which application threads were stopped: 0.0348095 seconds, Stopping threads took: 0.0347504 seconds
[2019-12-09T03:50:35.202+0000][1][safepoint    ] Application time: 0.2966943 seconds
[2019-12-09T03:50:35.202+0000][1][safepoint    ] Entering safepoint region: RevokeBias
[2019-12-09T03:50:35.202+0000][1][safepoint    ] Leaving safepoint region
[2019-12-09T03:50:35.202+0000][1][safepoint    ] Total time for which application threads were stopped: 0.0000649 seconds, Stopping threads took: 0.0000166 seconds
[2019-12-09T03:50:36.209+0000][1][safepoint    ] Application time: 1.0069608 seconds
[2019-12-09T03:50:36.252+0000][1][safepoint    ] Entering safepoint region: Cleanup
[2019-12-09T03:50:36.252+0000][1][safepoint    ] Leaving safepoint region
[2019-12-09T03:50:36.252+0000][1][safepoint    ] Total time for which application threads were stopped: 0.0431087 seconds, Stopping threads took: 0.0430367 seconds
[2019-12-09T03:50:37.257+0000][1][safepoint    ] Application time: 1.0049276 seconds
[2019-12-09T03:50:37.417+0000][1][safepoint    ] Entering safepoint region: Cleanup
[2019-12-09T03:50:37.417+0000][1][safepoint    ] Leaving safepoint region
[2019-12-09T03:50:37.417+0000][1][safepoint    ] Total time for which application threads were stopped: 0.1600566 seconds, Stopping threads took: 0.1599819 seconds
[2019-12-09T03:50:37.905+0000][1][safepoint    ] Application time: 0.4878086 seconds
[2019-12-09T03:50:37.905+0000][1][safepoint    ] Entering safepoint region: GenCollectForAllocation
[2019-12-09T03:50:37.905+0000][1][gc,start     ] GC(19) Pause Young (Allocation Failure)
[2019-12-09T03:50:37.905+0000][1][gc,task      ] GC(19) Using 2 workers of 2 for evacuation
[2019-12-09T03:50:38.068+0000][1][gc,age       ] GC(19) Desired survivor size 4456448 bytes, new threshold 2 (max threshold 6)
[2019-12-09T03:50:38.068+0000][1][gc,age       ] GC(19) Age table with threshold 2 (max threshold 6)
[2019-12-09T03:50:38.068+0000][1][gc,age       ] GC(19) - age   1:    2595496 bytes,    2595496 total
[2019-12-09T03:50:38.068+0000][1][gc,age       ] GC(19) - age   2:    1917480 bytes,    4512976 total
[2019-12-09T03:50:38.068+0000][1][gc,age       ] GC(19) - age   3:    1203136 bytes,    5716112 total
[2019-12-09T03:50:38.068+0000][1][gc,heap      ] GC(19) ParNew: 73534K->7258K(78656K)
[2019-12-09T03:50:38.068+0000][1][gc,heap      ] GC(19) CMS: 54382K->54382K(174784K)
[2019-12-09T03:50:38.068+0000][1][gc,metaspace ] GC(19) Metaspace: 42920K->42920K(1089536K)
[2019-12-09T03:50:38.068+0000][1][gc           ] GC(19) Pause Young (Allocation Failure) 124M->60M(247M) 163.423ms
[2019-12-09T03:50:38.068+0000][1][gc,cpu       ] GC(19) User=0.04s Sys=0.00s Real=0.16s
[2019-12-09T03:50:38.068+0000][1][safepoint    ] Leaving safepoint region
[2019-12-09T03:50:38.068+0000][1][safepoint    ] Total time for which application threads were stopped: 0.1635810 seconds, Stopping threads took: 0.0000170 seconds
[2019-12-09T03:50:38.127+0000][1][safepoint    ] Application time: 0.0583673 seconds
[2019-12-09T03:50:38.127+0000][1][safepoint    ] Entering safepoint region: RevokeBias
[2019-12-09T03:50:38.127+0000][1][safepoint    ] Leaving safepoint region
[2019-12-09T03:50:38.127+0000][1][safepoint    ] Total time for which application threads were stopped: 0.0000722 seconds, Stopping threads took: 0.0000150 seconds
[2019-12-09T03:50:39.136+0000][1][safepoint    ] Application time: 1.0088776 seconds
[2019-12-09T03:50:39.218+0000][1][safepoint    ] Entering safepoint region: Cleanup
[2019-12-09T03:50:39.218+0000][1][safepoint    ] Leaving safepoint region
[2019-12-09T03:50:39.218+0000][1][safepoint    ] Total time for which application threads were stopped: 0.0820621 seconds, Stopping threads took: 0.0819877 seconds
[2019-12-09T03:50:39.775+0000][1][safepoint    ] Application time: 0.5572542 seconds
[2019-12-09T03:50:39.775+0000][1][safepoint    ] Entering safepoint region: RevokeBias
[2019-12-09T03:50:39.775+0000][1][safepoint    ] Leaving safepoint region
[2019-12-09T03:50:39.775+0000][1][safepoint    ] Total time for which application threads were stopped: 0.0001251 seconds, Stopping threads took: 0.0000137 seconds
[2019-12-09T03:50:39.832+0000][1][safepoint    ] Application time: 0.0567550 seconds
[2019-12-09T03:50:39.832+0000][1][safepoint    ] Entering safepoint region: RevokeBias
[2019-12-09T03:50:39.832+0000][1][safepoint    ] Leaving safepoint region
[2019-12-09T03:50:39.832+0000][1][safepoint    ] Total time for which application threads were stopped: 0.0001059 seconds, Stopping threads took: 0.0000133 seconds
[2019-12-09T03:50:40.833+0000][1][safepoint    ] Application time: 1.0005670 seconds
[2019-12-09T03:50:40.838+0000][1][safepoint    ] Entering safepoint region: Cleanup
[2019-12-09T03:50:40.838+0000][1][safepoint    ] Leaving safepoint region
[2019-12-09T03:50:40.838+0000][1][safepoint    ] Total time for which application threads were stopped: 0.0050402 seconds, Stopping threads took: 0.0049798 seconds
[2019-12-09T03:50:41.408+0000][1][safepoint    ] Application time: 0.5702343 seconds
[2019-12-09T03:50:41.408+0000][1][safepoint    ] Entering safepoint region: RevokeBias
[2019-12-09T03:50:41.408+0000][1][safepoint    ] Leaving safepoint region
[2019-12-09T03:50:41.409+0000][1][safepoint    ] Total time for which application threads were stopped: 0.0004381 seconds, Stopping threads took: 0.0000137 seconds
[2019-12-09T03:50:42.103+0000][1][safepoint    ] Application time: 0.6941947 seconds
[2019-12-09T03:50:42.110+0000][1][safepoint    ] Entering safepoint region: RevokeBias
[2019-12-09T03:50:42.110+0000][1][safepoint    ] Leaving safepoint region
[2019-12-09T03:50:42.110+0000][1][safepoint    ] Total time for which application threads were stopped: 0.0070803 seconds, Stopping threads took: 0.0069810 seconds
[2019-12-09T03:50:42.110+0000][1][safepoint    ] Application time: 0.0001053 seconds
[2019-12-09T03:50:42.110+0000][1][safepoint    ] Entering safepoint region: RevokeBias
[2019-12-09T03:50:42.110+0000][1][safepoint    ] Leaving safepoint region
[2019-12-09T03:50:42.110+0000][1][safepoint    ] Total time for which application threads were stopped: 0.0000509 seconds, Stopping threads took: 0.0000076 seconds
[2019-12-09T03:50:42.110+0000][1][safepoint    ] Application time: 0.0000520 seconds
[2019-12-09T03:50:42.110+0000][1][safepoint    ] Entering safepoint region: RevokeBias
[2019-12-09T03:50:42.110+0000][1][safepoint    ] Leaving safepoint region
[2019-12-09T03:50:42.110+0000][1][safepoint    ] Total time for which application threads were stopped: 0.0000447 seconds, Stopping threads took: 0.0000068 seconds
[2019-12-09T03:50:42.110+0000][1][safepoint    ] Application time: 0.0001124 seconds
[2019-12-09T03:50:42.110+0000][1][safepoint    ] Entering safepoint region: RevokeBias
[2019-12-09T03:50:42.110+0000][1][safepoint    ] Leaving safepoint region
[2019-12-09T03:50:42.110+0000][1][safepoint    ] Total time for which application threads were stopped: 0.0000513 seconds, Stopping threads took: 0.0000071 seconds
[2019-12-09T03:50:42.110+0000][1][safepoint    ] Application time: 0.0001611 seconds
[2019-12-09T03:50:42.110+0000][1][safepoint    ] Entering safepoint region: RevokeBias
[2019-12-09T03:50:42.111+0000][1][safepoint    ] Leaving safepoint region
[2019-12-09T03:50:42.111+0000][1][safepoint    ] Total time for which application threads were stopped: 0.0000527 seconds, Stopping threads took: 0.0000069 seconds
[2019-12-09T03:50:42.111+0000][1][safepoint    ] Application time: 0.0000656 seconds
[2019-12-09T03:50:42.111+0000][1][safepoint    ] Entering safepoint region: RevokeBias
[2019-12-09T03:50:42.111+0000][1][safepoint    ] Leaving safepoint region
[2019-12-09T03:50:42.111+0000][1][safepoint    ] Total time for which application threads were stopped: 0.0000429 seconds, Stopping threads took: 0.0000066 seconds
[2019-12-09T03:50:42.111+0000][1][safepoint    ] Application time: 0.0002038 seconds
[2019-12-09T03:50:42.111+0000][1][safepoint    ] Entering safepoint region: RevokeBias
[2019-12-09T03:50:42.111+0000][1][safepoint    ] Leaving safepoint region
[2019-12-09T03:50:42.111+0000][1][safepoint    ] Total time for which application threads were stopped: 0.0000789 seconds, Stopping threads took: 0.0000093 seconds
[2019-12-09T03:50:42.111+0000][1][safepoint    ] Application time: 0.0000571 seconds
[2019-12-09T03:50:42.111+0000][1][safepoint    ] Entering safepoint region: RevokeBias
[2019-12-09T03:50:42.111+0000][1][safepoint    ] Leaving safepoint region
[2019-12-09T03:50:42.111+0000][1][safepoint    ] Total time for which application threads were stopped: 0.0000529 seconds, Stopping threads took: 0.0000085 seconds
[2019-12-09T03:50:42.111+0000][1][safepoint    ] Application time: 0.0000553 seconds
[2019-12-09T03:50:42.111+0000][1][safepoint    ] Entering safepoint region: RevokeBias
[2019-12-09T03:50:42.111+0000][1][safepoint    ] Leaving safepoint region
[2019-12-09T03:50:42.111+0000][1][safepoint    ] Total time for which application threads were stopped: 0.0000497 seconds, Stopping threads took: 0.0000076 seconds
[2019-12-09T03:50:42.111+0000][1][safepoint    ] Application time: 0.0000540 seconds
[2019-12-09T03:50:42.111+0000][1][safepoint    ] Entering safepoint region: RevokeBias
[2019-12-09T03:50:42.111+0000][1][safepoint    ] Leaving safepoint region
[2019-12-09T03:50:42.111+0000][1][safepoint    ] Total time for which application threads were stopped: 0.0000448 seconds, Stopping threads took: 0.0000075 seconds
[2019-12-09T03:50:42.111+0000][1][safepoint    ] Application time: 0.0000512 seconds
[2019-12-09T03:50:42.111+0000][1][safepoint    ] Entering safepoint region: RevokeBias
[2019-12-09T03:50:42.111+0000][1][safepoint    ] Leaving safepoint region
[2019-12-09T03:50:42.111+0000][1][safepoint    ] Total time for which application threads were stopped: 0.0000485 seconds, Stopping threads took: 0.0000083 seconds
[2019-12-09T03:50:42.111+0000][1][safepoint    ] Application time: 0.0000514 seconds
[2019-12-09T03:50:42.112+0000][1][safepoint    ] Entering safepoint region: RevokeBias
[2019-12-09T03:50:42.112+0000][1][safepoint    ] Leaving safepoint region
[2019-12-09T03:50:42.112+0000][1][safepoint    ] Total time for which application threads were stopped: 0.0000450 seconds, Stopping threads took: 0.0000075 seconds
[2019-12-09T03:50:42.112+0000][1][safepoint    ] Application time: 0.0003610 seconds
[2019-12-09T03:50:42.112+0000][1][safepoint    ] Entering safepoint region: RevokeBias
[2019-12-09T03:50:42.112+0000][1][safepoint    ] Leaving safepoint region
[2019-12-09T03:50:42.112+0000][1][safepoint    ] Total time for which application threads were stopped: 0.0000694 seconds, Stopping threads took: 0.0000101 seconds
[2019-12-09T03:50:42.112+0000][1][safepoint    ] Application time: 0.0000578 seconds
[2019-12-09T03:50:42.112+0000][1][safepoint    ] Entering safepoint region: RevokeBias
[2019-12-09T03:50:42.112+0000][1][safepoint    ] Leaving safepoint region
[2019-12-09T03:50:42.112+0000][1][safepoint    ] Total time for which application threads were stopped: 0.0000513 seconds, Stopping threads took: 0.0000084 seconds
[2019-12-09T03:50:42.112+0000][1][safepoint    ] Application time: 0.0000541 seconds
[2019-12-09T03:50:42.112+0000][1][safepoint    ] Entering safepoint region: RevokeBias
[2019-12-09T03:50:42.112+0000][1][safepoint    ] Leaving safepoint region
[2019-12-09T03:50:42.112+0000][1][safepoint    ] Total time for which application threads were stopped: 0.0000475 seconds, Stopping threads took: 0.0000085 seconds
[2019-12-09T03:50:42.112+0000][1][safepoint    ] Application time: 0.0000541 seconds
[2019-12-09T03:50:42.112+0000][1][safepoint    ] Entering safepoint region: RevokeBias
[2019-12-09T03:50:42.112+0000][1][safepoint    ] Leaving safepoint region
[2019-12-09T03:50:42.112+0000][1][safepoint    ] Total time for which application threads were stopped: 0.0000496 seconds, Stopping threads took: 0.0000086 seconds
[2019-12-09T03:50:42.112+0000][1][safepoint    ] Application time: 0.0000529 seconds
[2019-12-09T03:50:42.112+0000][1][safepoint    ] Entering safepoint region: RevokeBias
[2019-12-09T03:50:42.112+0000][1][safepoint    ] Leaving safepoint region
[2019-12-09T03:50:42.112+0000][1][safepoint    ] Total time for which application threads were stopped: 0.0000544 seconds, Stopping threads took: 0.0000087 seconds
[2019-12-09T03:50:42.113+0000][1][safepoint    ] Application time: 0.0000553 seconds
[2019-12-09T03:50:42.113+0000][1][safepoint    ] Entering safepoint region: RevokeBias
[2019-12-09T03:50:42.113+0000][1][safepoint    ] Leaving safepoint region
[2019-12-09T03:50:42.113+0000][1][safepoint    ] Total time for which application threads were stopped: 0.0000505 seconds, Stopping threads took: 0.0000078 seconds
[2019-12-09T03:50:42.113+0000][1][safepoint    ] Application time: 0.0000534 seconds
[2019-12-09T03:50:42.113+0000][1][safepoint    ] Entering safepoint region: RevokeBias
[2019-12-09T03:50:42.113+0000][1][safepoint    ] Leaving safepoint region
[2019-12-09T03:50:42.113+0000][1][safepoint    ] Total time for which application threads were stopped: 0.0000475 seconds, Stopping threads took: 0.0000085 seconds
[2019-12-09T03:50:42.113+0000][1][safepoint    ] Application time: 0.0000525 seconds
[2019-12-09T03:50:42.113+0000][1][safepoint    ] Entering safepoint region: RevokeBias
[2019-12-09T03:50:42.113+0000][1][safepoint    ] Leaving safepoint region
[2019-12-09T03:50:42.113+0000][1][safepoint    ] Total time for which application threads were stopped: 0.0000430 seconds, Stopping threads took: 0.0000075 seconds
[2019-12-09T03:50:42.113+0000][1][safepoint    ] Application time: 0.0000520 seconds
[2019-12-09T03:50:42.113+0000][1][safepoint    ] Entering safepoint region: RevokeBias
[2019-12-09T03:50:42.113+0000][1][safepoint    ] Leaving safepoint region
[2019-12-09T03:50:42.113+0000][1][safepoint    ] Total time for which application threads were stopped: 0.0000470 seconds, Stopping threads took: 0.0000091 seconds
[2019-12-09T03:50:42.113+0000][1][safepoint    ] Application time: 0.0000523 seconds
[2019-12-09T03:50:42.113+0000][1][safepoint    ] Entering safepoint region: RevokeBias
[2019-12-09T03:50:42.113+0000][1][safepoint    ] Leaving safepoint region
[2019-12-09T03:50:42.113+0000][1][safepoint    ] Total time for which application threads were stopped: 0.0000420 seconds, Stopping threads took: 0.0000074 seconds
[2019-12-09T03:50:42.113+0000][1][safepoint    ] Application time: 0.0000506 seconds
[2019-12-09T03:50:42.113+0000][1][safepoint    ] Entering safepoint region: RevokeBias
[2019-12-09T03:50:42.113+0000][1][safepoint    ] Leaving safepoint region
[2019-12-09T03:50:42.113+0000][1][safepoint    ] Total time for which application threads were stopped: 0.0000428 seconds, Stopping threads took: 0.0000077 seconds
[2019-12-09T03:50:42.113+0000][1][safepoint    ] Application time: 0.0000510 seconds
[2019-12-09T03:50:42.113+0000][1][safepoint    ] Entering safepoint region: BulkRevokeBias
[2019-12-09T03:50:42.113+0000][1][safepoint    ] Leaving safepoint region
[2019-12-09T03:50:42.113+0000][1][safepoint    ] Total time for which application threads were stopped: 0.0001036 seconds, Stopping threads took: 0.0000081 seconds
[2019-12-09T03:50:42.114+0000][1][safepoint    ] Application time: 0.0001923 seconds
[2019-12-09T03:50:42.114+0000][1][safepoint    ] Entering safepoint region: RevokeBias
[2019-12-09T03:50:42.114+0000][1][safepoint    ] Leaving safepoint region
[2019-12-09T03:50:42.114+0000][1][safepoint    ] Total time for which application threads were stopped: 0.0000637 seconds, Stopping threads took: 0.0000098 seconds
[2019-12-09T03:50:42.114+0000][1][safepoint    ] Application time: 0.0001120 seconds
[2019-12-09T03:50:42.114+0000][1][safepoint    ] Entering safepoint region: RevokeBias
[2019-12-09T03:50:42.114+0000][1][safepoint    ] Leaving safepoint region
[2019-12-09T03:50:42.114+0000][1][safepoint    ] Total time for which application threads were stopped: 0.0000525 seconds, Stopping threads took: 0.0000087 seconds
[2019-12-09T03:50:42.114+0000][1][safepoint    ] Application time: 0.0001230 seconds
[2019-12-09T03:50:42.114+0000][1][safepoint    ] Entering safepoint region: RevokeBias
[2019-12-09T03:50:42.114+0000][1][safepoint    ] Leaving safepoint region
[2019-12-09T03:50:42.114+0000][1][safepoint    ] Total time for which application threads were stopped: 0.0000545 seconds, Stopping threads took: 0.0000074 seconds
[2019-12-09T03:50:42.114+0000][1][safepoint    ] Application time: 0.0000787 seconds
[2019-12-09T03:50:42.114+0000][1][safepoint    ] Entering safepoint region: RevokeBias
[2019-12-09T03:50:42.114+0000][1][safepoint    ] Leaving safepoint region
[2019-12-09T03:50:42.114+0000][1][safepoint    ] Total time for which application threads were stopped: 0.0000558 seconds, Stopping threads took: 0.0000089 seconds
[2019-12-09T03:50:42.114+0000][1][safepoint    ] Application time: 0.0000980 seconds
[2019-12-09T03:50:42.114+0000][1][safepoint    ] Entering safepoint region: RevokeBias
[2019-12-09T03:50:42.114+0000][1][safepoint    ] Leaving safepoint region
[2019-12-09T03:50:42.114+0000][1][safepoint    ] Total time for which application threads were stopped: 0.0000455 seconds, Stopping threads took: 0.0000081 seconds
[2019-12-09T03:50:42.114+0000][1][safepoint    ] Application time: 0.0000897 seconds
[2019-12-09T03:50:42.114+0000][1][safepoint    ] Entering safepoint region: RevokeBias
[2019-12-09T03:50:42.115+0000][1][safepoint    ] Leaving safepoint region
[2019-12-09T03:50:42.115+0000][1][safepoint    ] Total time for which application threads were stopped: 0.0000657 seconds, Stopping threads took: 0.0000085 seconds
[2019-12-09T03:50:42.115+0000][1][safepoint    ] Application time: 0.0000577 seconds
[2019-12-09T03:50:42.115+0000][1][safepoint    ] Entering safepoint region: RevokeBias
[2019-12-09T03:50:42.115+0000][1][safepoint    ] Leaving safepoint region
[2019-12-09T03:50:42.115+0000][1][safepoint    ] Total time for which application threads were stopped: 0.0000485 seconds, Stopping threads took: 0.0000080 seconds
[2019-12-09T03:50:42.115+0000][1][safepoint    ] Application time: 0.0000774 seconds
[2019-12-09T03:50:42.115+0000][1][safepoint    ] Entering safepoint region: RevokeBias
[2019-12-09T03:50:42.115+0000][1][safepoint    ] Leaving safepoint region
[2019-12-09T03:50:42.115+0000][1][safepoint    ] Total time for which application threads were stopped: 0.0000694 seconds, Stopping threads took: 0.0000087 seconds
[2019-12-09T03:50:42.115+0000][1][safepoint    ] Application time: 0.0000586 seconds
[2019-12-09T03:50:42.115+0000][1][safepoint    ] Entering safepoint region: RevokeBias
[2019-12-09T03:50:42.115+0000][1][safepoint    ] Leaving safepoint region
[2019-12-09T03:50:42.115+0000][1][safepoint    ] Total time for which application threads were stopped: 0.0000505 seconds, Stopping threads took: 0.0000076 seconds
[2019-12-09T03:50:42.115+0000][1][safepoint    ] Application time: 0.0001794 seconds
[2019-12-09T03:50:42.115+0000][1][safepoint    ] Entering safepoint region: RevokeBias
[2019-12-09T03:50:42.115+0000][1][safepoint    ] Leaving safepoint region
[2019-12-09T03:50:42.115+0000][1][safepoint    ] Total time for which application threads were stopped: 0.0000671 seconds, Stopping threads took: 0.0000097 seconds
[2019-12-09T03:50:42.115+0000][1][safepoint    ] Application time: 0.0000590 seconds
[2019-12-09T03:50:42.115+0000][1][safepoint    ] Entering safepoint region: RevokeBias
[2019-12-09T03:50:42.115+0000][1][safepoint    ] Leaving safepoint region
[2019-12-09T03:50:42.115+0000][1][safepoint    ] Total time for which application threads were stopped: 0.0000468 seconds, Stopping threads took: 0.0000086 seconds
[2019-12-09T03:50:42.115+0000][1][safepoint    ] Application time: 0.0000601 seconds
[2019-12-09T03:50:42.115+0000][1][safepoint    ] Entering safepoint region: RevokeBias
[2019-12-09T03:50:42.115+0000][1][safepoint    ] Leaving safepoint region
[2019-12-09T03:50:42.115+0000][1][safepoint    ] Total time for which application threads were stopped: 0.0000608 seconds, Stopping threads took: 0.0000084 seconds
[2019-12-09T03:50:42.116+0000][1][safepoint    ] Application time: 0.0000542 seconds
[2019-12-09T03:50:42.116+0000][1][safepoint    ] Entering safepoint region: RevokeBias
[2019-12-09T03:50:42.116+0000][1][safepoint    ] Leaving safepoint region
[2019-12-09T03:50:42.116+0000][1][safepoint    ] Total time for which application threads were stopped: 0.0000555 seconds, Stopping threads took: 0.0000078 seconds
[2019-12-09T03:50:42.116+0000][1][safepoint    ] Application time: 0.0003160 seconds
[2019-12-09T03:50:42.116+0000][1][safepoint    ] Entering safepoint region: RevokeBias
[2019-12-09T03:50:42.116+0000][1][safepoint    ] Leaving safepoint region
[2019-12-09T03:50:42.116+0000][1][safepoint    ] Total time for which application threads were stopped: 0.0000635 seconds, Stopping threads took: 0.0000106 seconds
[2019-12-09T03:50:42.116+0000][1][safepoint    ] Application time: 0.0000573 seconds
[2019-12-09T03:50:42.116+0000][1][safepoint    ] Entering safepoint region: RevokeBias
[2019-12-09T03:50:42.116+0000][1][safepoint    ] Leaving safepoint region
[2019-12-09T03:50:42.116+0000][1][safepoint    ] Total time for which application threads were stopped: 0.0000530 seconds, Stopping threads took: 0.0000089 seconds
[2019-12-09T03:50:42.116+0000][1][safepoint    ] Application time: 0.0000543 seconds
[2019-12-09T03:50:42.116+0000][1][safepoint    ] Entering safepoint region: RevokeBias
[2019-12-09T03:50:42.116+0000][1][safepoint    ] Leaving safepoint region
[2019-12-09T03:50:42.116+0000][1][safepoint    ] Total time for which application threads were stopped: 0.0000496 seconds, Stopping threads took: 0.0000083 seconds
[2019-12-09T03:50:42.116+0000][1][safepoint    ] Application time: 0.0000539 seconds
[2019-12-09T03:50:42.116+0000][1][safepoint    ] Entering safepoint region: RevokeBias
[2019-12-09T03:50:42.116+0000][1][safepoint    ] Leaving safepoint region
[2019-12-09T03:50:42.116+0000][1][safepoint    ] Total time for which application threads were stopped: 0.0000497 seconds, Stopping threads took: 0.0000087 seconds
[2019-12-09T03:50:42.116+0000][1][safepoint    ] Application time: 0.0000560 seconds
[2019-12-09T03:50:42.116+0000][1][safepoint    ] Entering safepoint region: RevokeBias
[2019-12-09T03:50:42.116+0000][1][safepoint    ] Leaving safepoint region
[2019-12-09T03:50:42.116+0000][1][safepoint    ] Total time for which application threads were stopped: 0.0000454 seconds, Stopping threads took: 0.0000082 seconds
[2019-12-09T03:50:42.117+0000][1][safepoint    ] Application time: 0.0000544 seconds
[2019-12-09T03:50:42.117+0000][1][safepoint    ] Entering safepoint region: RevokeBias
[2019-12-09T03:50:42.117+0000][1][safepoint    ] Leaving safepoint region
[2019-12-09T03:50:42.117+0000][1][safepoint    ] Total time for which application threads were stopped: 0.0000414 seconds, Stopping threads took: 0.0000074 seconds
[2019-12-09T03:50:42.117+0000][1][safepoint    ] Application time: 0.0000529 seconds
[2019-12-09T03:50:42.117+0000][1][safepoint    ] Entering safepoint region: RevokeBias
[2019-12-09T03:50:42.117+0000][1][safepoint    ] Leaving safepoint region
[2019-12-09T03:50:42.117+0000][1][safepoint    ] Total time for which application threads were stopped: 0.0000609 seconds, Stopping threads took: 0.0000077 seconds
[2019-12-09T03:50:42.117+0000][1][safepoint    ] Application time: 0.0000510 seconds
[2019-12-09T03:50:42.117+0000][1][safepoint    ] Entering safepoint region: RevokeBias
[2019-12-09T03:50:42.117+0000][1][safepoint    ] Leaving safepoint region
[2019-12-09T03:50:42.117+0000][1][safepoint    ] Total time for which application threads were stopped: 0.0000424 seconds, Stopping threads took: 0.0000075 seconds
[2019-12-09T03:50:42.117+0000][1][safepoint    ] Application time: 0.0000538 seconds
[2019-12-09T03:50:42.117+0000][1][safepoint    ] Entering safepoint region: RevokeBias
[2019-12-09T03:50:42.117+0000][1][safepoint    ] Leaving safepoint region
[2019-12-09T03:50:42.117+0000][1][safepoint    ] Total time for which application threads were stopped: 0.0000574 seconds, Stopping threads took: 0.0000084 seconds
[2019-12-09T03:50:42.117+0000][1][safepoint    ] Application time: 0.0000535 seconds
[2019-12-09T03:50:42.117+0000][1][safepoint    ] Entering safepoint region: RevokeBias
[2019-12-09T03:50:42.117+0000][1][safepoint    ] Leaving safepoint region
[2019-12-09T03:50:42.117+0000][1][safepoint    ] Total time for which application threads were stopped: 0.0000505 seconds, Stopping threads took: 0.0000081 seconds
[2019-12-09T03:50:42.117+0000][1][safepoint    ] Application time: 0.0000530 seconds
[2019-12-09T03:50:42.117+0000][1][safepoint    ] Entering safepoint region: RevokeBias
[2019-12-09T03:50:42.117+0000][1][safepoint    ] Leaving safepoint region
[2019-12-09T03:50:42.117+0000][1][safepoint    ] Total time for which application threads were stopped: 0.0000461 seconds, Stopping threads took: 0.0000082 seconds
[2019-12-09T03:50:42.117+0000][1][safepoint    ] Application time: 0.0000529 seconds
[2019-12-09T03:50:42.117+0000][1][safepoint    ] Entering safepoint region: RevokeBias
[2019-12-09T03:50:42.117+0000][1][safepoint    ] Leaving safepoint region
[2019-12-09T03:50:42.117+0000][1][safepoint    ] Total time for which application threads were stopped: 0.0000425 seconds, Stopping threads took: 0.0000086 seconds
[2019-12-09T03:50:42.117+0000][1][safepoint    ] Application time: 0.0000532 seconds
[2019-12-09T03:50:42.117+0000][1][safepoint    ] Entering safepoint region: RevokeBias
[2019-12-09T03:50:42.117+0000][1][safepoint    ] Leaving safepoint region
[2019-12-09T03:50:42.117+0000][1][safepoint    ] Total time for which application threads were stopped: 0.0000463 seconds, Stopping threads took: 0.0000083 seconds
[2019-12-09T03:50:42.117+0000][1][safepoint    ] Application time: 0.0000526 seconds
[2019-12-09T03:50:42.117+0000][1][safepoint    ] Entering safepoint region: RevokeBias
[2019-12-09T03:50:42.118+0000][1][safepoint    ] Leaving safepoint region
[2019-12-09T03:50:42.118+0000][1][safepoint    ] Total time for which application threads were stopped: 0.0000472 seconds, Stopping threads took: 0.0000085 seconds
[2019-12-09T03:50:42.118+0000][1][safepoint    ] Application time: 0.0000531 seconds
[2019-12-09T03:50:42.118+0000][1][safepoint    ] Entering safepoint region: BulkRevokeBias
[2019-12-09T03:50:42.118+0000][1][safepoint    ] Leaving safepoint region
[2019-12-09T03:50:42.118+0000][1][safepoint    ] Total time for which application threads were stopped: 0.0001259 seconds, Stopping threads took: 0.0000080 seconds
[2019-12-09T03:50:42.150+0000][1][safepoint    ] Application time: 0.0320201 seconds
[2019-12-09T03:50:42.150+0000][1][safepoint    ] Entering safepoint region: RevokeBias
[2019-12-09T03:50:42.150+0000][1][safepoint    ] Leaving safepoint region
[2019-12-09T03:50:42.150+0000][1][safepoint    ] Total time for which application threads were stopped: 0.0003161 seconds, Stopping threads took: 0.0002164 seconds
[2019-12-09T03:50:42.150+0000][1][safepoint    ] Application time: 0.0001122 seconds
[2019-12-09T03:50:42.150+0000][1][safepoint    ] Entering safepoint region: RevokeBias
[2019-12-09T03:50:42.150+0000][1][safepoint    ] Leaving safepoint region
[2019-12-09T03:50:42.150+0000][1][safepoint    ] Total time for which application threads were stopped: 0.0000647 seconds, Stopping threads took: 0.0000091 seconds
[2019-12-09T03:50:42.150+0000][1][safepoint    ] Application time: 0.0000532 seconds
[2019-12-09T03:50:42.150+0000][1][safepoint    ] Entering safepoint region: BulkRevokeBias
[2019-12-09T03:50:42.150+0000][1][safepoint    ] Leaving safepoint region
[2019-12-09T03:50:42.150+0000][1][safepoint    ] Total time for which application threads were stopped: 0.0001094 seconds, Stopping threads took: 0.0000082 seconds
[2019-12-09T03:50:42.151+0000][1][safepoint    ] Application time: 0.0001606 seconds
[2019-12-09T03:50:42.151+0000][1][safepoint    ] Entering safepoint region: RevokeBias
[2019-12-09T03:50:42.151+0000][1][safepoint    ] Leaving safepoint region
[2019-12-09T03:50:42.151+0000][1][safepoint    ] Total time for which application threads were stopped: 0.0000802 seconds, Stopping threads took: 0.0000085 seconds
[2019-12-09T03:50:42.151+0000][1][safepoint    ] Application time: 0.0001954 seconds
[2019-12-09T03:50:42.151+0000][1][safepoint    ] Entering safepoint region: RevokeBias
[2019-12-09T03:50:42.151+0000][1][safepoint    ] Leaving safepoint region
[2019-12-09T03:50:42.151+0000][1][safepoint    ] Total time for which application threads were stopped: 0.0000764 seconds, Stopping threads took: 0.0000100 seconds
[2019-12-09T03:50:42.151+0000][1][safepoint    ] Application time: 0.0000806 seconds
[2019-12-09T03:50:42.151+0000][1][safepoint    ] Entering safepoint region: RevokeBias
[2019-12-09T03:50:42.151+0000][1][safepoint    ] Leaving safepoint region
[2019-12-09T03:50:42.151+0000][1][safepoint    ] Total time for which application threads were stopped: 0.0000586 seconds, Stopping threads took: 0.0000089 seconds
[2019-12-09T03:50:42.151+0000][1][safepoint    ] Application time: 0.0000571 seconds
[2019-12-09T03:50:42.151+0000][1][safepoint    ] Entering safepoint region: RevokeBias
[2019-12-09T03:50:42.151+0000][1][safepoint    ] Leaving safepoint region
[2019-12-09T03:50:42.151+0000][1][safepoint    ] Total time for which application threads were stopped: 0.0000545 seconds, Stopping threads took: 0.0000081 seconds
[2019-12-09T03:50:42.151+0000][1][safepoint    ] Application time: 0.0000558 seconds
[2019-12-09T03:50:42.151+0000][1][safepoint    ] Entering safepoint region: RevokeBias
[2019-12-09T03:50:42.151+0000][1][safepoint    ] Leaving safepoint region
[2019-12-09T03:50:42.151+0000][1][safepoint    ] Total time for which application threads were stopped: 0.0000530 seconds, Stopping threads took: 0.0000082 seconds
[2019-12-09T03:50:42.152+0000][1][safepoint    ] Application time: 0.0003757 seconds
[2019-12-09T03:50:42.152+0000][1][safepoint    ] Entering safepoint region: RevokeBias
[2019-12-09T03:50:42.152+0000][1][safepoint    ] Leaving safepoint region
[2019-12-09T03:50:42.152+0000][1][safepoint    ] Total time for which application threads were stopped: 0.0000629 seconds, Stopping threads took: 0.0000105 seconds
[2019-12-09T03:50:42.152+0000][1][safepoint    ] Application time: 0.0001348 seconds
[2019-12-09T03:50:42.152+0000][1][safepoint    ] Entering safepoint region: RevokeBias
[2019-12-09T03:50:42.152+0000][1][safepoint    ] Leaving safepoint region
[2019-12-09T03:50:42.152+0000][1][safepoint    ] Total time for which application threads were stopped: 0.0000553 seconds, Stopping threads took: 0.0000079 seconds
[2019-12-09T03:50:42.152+0000][1][safepoint    ] Application time: 0.0001811 seconds
[2019-12-09T03:50:42.152+0000][1][safepoint    ] Entering safepoint region: RevokeBias
[2019-12-09T03:50:42.152+0000][1][safepoint    ] Leaving safepoint region
[2019-12-09T03:50:42.152+0000][1][safepoint    ] Total time for which application threads were stopped: 0.0000565 seconds, Stopping threads took: 0.0000073 seconds
[2019-12-09T03:50:42.153+0000][1][safepoint    ] Application time: 0.0003483 seconds
[2019-12-09T03:50:42.153+0000][1][safepoint    ] Entering safepoint region: RevokeBias
[2019-12-09T03:50:42.153+0000][1][safepoint    ] Leaving safepoint region
[2019-12-09T03:50:42.153+0000][1][safepoint    ] Total time for which application threads were stopped: 0.0000614 seconds, Stopping threads took: 0.0000097 seconds
[2019-12-09T03:50:42.153+0000][1][safepoint    ] Application time: 0.0004413 seconds
[2019-12-09T03:50:42.153+0000][1][safepoint    ] Entering safepoint region: RevokeBias
[2019-12-09T03:50:42.153+0000][1][safepoint    ] Leaving safepoint region
[2019-12-09T03:50:42.153+0000][1][safepoint    ] Total time for which application threads were stopped: 0.0000651 seconds, Stopping threads took: 0.0000104 seconds
[2019-12-09T03:50:42.154+0000][1][safepoint    ] Application time: 0.0001606 seconds
[2019-12-09T03:50:42.154+0000][1][safepoint    ] Entering safepoint region: RevokeBias
[2019-12-09T03:50:42.154+0000][1][safepoint    ] Leaving safepoint region
[2019-12-09T03:50:42.154+0000][1][safepoint    ] Total time for which application threads were stopped: 0.0000672 seconds, Stopping threads took: 0.0000094 seconds
[2019-12-09T03:50:42.154+0000][1][safepoint    ] Application time: 0.0002682 seconds
[2019-12-09T03:50:42.154+0000][1][safepoint    ] Entering safepoint region: RevokeBias
[2019-12-09T03:50:42.154+0000][1][safepoint    ] Leaving safepoint region
[2019-12-09T03:50:42.154+0000][1][safepoint    ] Total time for which application threads were stopped: 0.0000728 seconds, Stopping threads took: 0.0000093 seconds
[2019-12-09T03:50:42.172+0000][1][safepoint    ] Application time: 0.0177397 seconds
[2019-12-09T03:50:42.172+0000][1][safepoint    ] Entering safepoint region: RevokeBias
[2019-12-09T03:50:42.172+0000][1][safepoint    ] Leaving safepoint region
[2019-12-09T03:50:42.172+0000][1][safepoint    ] Total time for which application threads were stopped: 0.0000937 seconds, Stopping threads took: 0.0000422 seconds
[2019-12-09T03:50:42.173+0000][1][safepoint    ] Application time: 0.0009806 seconds
[2019-12-09T03:50:42.173+0000][1][safepoint    ] Entering safepoint region: RevokeBias
[2019-12-09T03:50:42.173+0000][1][safepoint    ] Leaving safepoint region
[2019-12-09T03:50:42.173+0000][1][safepoint    ] Total time for which application threads were stopped: 0.0000895 seconds, Stopping threads took: 0.0000418 seconds
[2019-12-09T03:50:42.173+0000][1][safepoint    ] Application time: 0.0000673 seconds
[2019-12-09T03:50:42.173+0000][1][safepoint    ] Entering safepoint region: RevokeBias
[2019-12-09T03:50:42.173+0000][1][safepoint    ] Leaving safepoint region
[2019-12-09T03:50:42.173+0000][1][safepoint    ] Total time for which application threads were stopped: 0.0000433 seconds, Stopping threads took: 0.0000078 seconds
[2019-12-09T03:50:42.174+0000][1][safepoint    ] Application time: 0.0009339 seconds
[2019-12-09T03:50:42.174+0000][1][safepoint    ] Entering safepoint region: RevokeBias
[2019-12-09T03:50:42.174+0000][1][safepoint    ] Leaving safepoint region
[2019-12-09T03:50:42.174+0000][1][safepoint    ] Total time for which application threads were stopped: 0.0000548 seconds, Stopping threads took: 0.0000103 seconds
[2019-12-09T03:50:42.175+0000][1][safepoint    ] Application time: 0.0011094 seconds
[2019-12-09T03:50:42.175+0000][1][safepoint    ] Entering safepoint region: RevokeBias
[2019-12-09T03:50:42.175+0000][1][safepoint    ] Leaving safepoint region
[2019-12-09T03:50:42.175+0000][1][safepoint    ] Total time for which application threads were stopped: 0.0000877 seconds, Stopping threads took: 0.0000230 seconds
[2019-12-09T03:50:42.181+0000][1][safepoint    ] Application time: 0.0053986 seconds
[2019-12-09T03:50:42.181+0000][1][safepoint    ] Entering safepoint region: RevokeBias
[2019-12-09T03:50:42.181+0000][1][safepoint    ] Leaving safepoint region
[2019-12-09T03:50:42.181+0000][1][safepoint    ] Total time for which application threads were stopped: 0.0000984 seconds, Stopping threads took: 0.0000409 seconds
[2019-12-09T03:50:42.181+0000][1][safepoint    ] Application time: 0.0002398 seconds
[2019-12-09T03:50:42.181+0000][1][safepoint    ] Entering safepoint region: RevokeBias
[2019-12-09T03:50:42.181+0000][1][safepoint    ] Leaving safepoint region
[2019-12-09T03:50:42.181+0000][1][safepoint    ] Total time for which application threads were stopped: 0.0000509 seconds, Stopping threads took: 0.0000076 seconds
[2019-12-09T03:50:42.184+0000][1][safepoint    ] Application time: 0.0023749 seconds
[2019-12-09T03:50:42.184+0000][1][safepoint    ] Entering safepoint region: RevokeBias
[2019-12-09T03:50:42.184+0000][1][safepoint    ] Leaving safepoint region
[2019-12-09T03:50:42.184+0000][1][safepoint    ] Total time for which application threads were stopped: 0.0000572 seconds, Stopping threads took: 0.0000102 seconds
[2019-12-09T03:50:42.185+0000][1][safepoint    ] Application time: 0.0017020 seconds
[2019-12-09T03:50:42.185+0000][1][safepoint    ] Entering safepoint region: RevokeBias
[2019-12-09T03:50:42.185+0000][1][safepoint    ] Leaving safepoint region
[2019-12-09T03:50:42.185+0000][1][safepoint    ] Total time for which application threads were stopped: 0.0000414 seconds, Stopping threads took: 0.0000109 seconds
[2019-12-09T03:50:42.192+0000][1][safepoint    ] Application time: 0.0063291 seconds
[2019-12-09T03:50:42.192+0000][1][safepoint    ] Entering safepoint region: RevokeBias
[2019-12-09T03:50:42.192+0000][1][safepoint    ] Leaving safepoint region
[2019-12-09T03:50:42.192+0000][1][safepoint    ] Total time for which application threads were stopped: 0.0000475 seconds, Stopping threads took: 0.0000112 seconds
[2019-12-09T03:50:42.353+0000][1][safepoint    ] Application time: 0.1606971 seconds
[2019-12-09T03:50:42.420+0000][1][safepoint    ] Entering safepoint region: RevokeBias
[2019-12-09T03:50:42.420+0000][1][safepoint    ] Leaving safepoint region
[2019-12-09T03:50:42.420+0000][1][safepoint    ] Total time for which application threads were stopped: 0.0674134 seconds, Stopping threads took: 0.0672625 seconds
[2019-12-09T03:50:42.420+0000][1][safepoint    ] Application time: 0.0000699 seconds
[2019-12-09T03:50:42.420+0000][1][safepoint    ] Entering safepoint region: RevokeBias
[2019-12-09T03:50:42.420+0000][1][safepoint    ] Leaving safepoint region
[2019-12-09T03:50:42.420+0000][1][safepoint    ] Total time for which application threads were stopped: 0.0000549 seconds, Stopping threads took: 0.0000165 seconds
[2019-12-09T03:50:42.744+0000][1][safepoint    ] Application time: 0.3238003 seconds
[2019-12-09T03:50:42.744+0000][1][safepoint    ] Entering safepoint region: RevokeBias
[2019-12-09T03:50:42.744+0000][1][safepoint    ] Leaving safepoint region
[2019-12-09T03:50:42.744+0000][1][safepoint    ] Total time for which application threads were stopped: 0.0000760 seconds, Stopping threads took: 0.0000151 seconds
[2019-12-09T03:50:43.523+0000][1][safepoint    ] Application time: 0.7788387 seconds
[2019-12-09T03:50:43.523+0000][1][safepoint    ] Entering safepoint region: RevokeBias
[2019-12-09T03:50:43.523+0000][1][safepoint    ] Leaving safepoint region
[2019-12-09T03:50:43.523+0000][1][safepoint    ] Total time for which application threads were stopped: 0.0002894 seconds, Stopping threads took: 0.0002351 seconds
[2019-12-09T03:50:43.523+0000][1][safepoint    ] Application time: 0.0000830 seconds
[2019-12-09T03:50:43.523+0000][1][safepoint    ] Entering safepoint region: RevokeBias
[2019-12-09T03:50:43.523+0000][1][safepoint    ] Leaving safepoint region
[2019-12-09T03:50:43.523+0000][1][safepoint    ] Total time for which application threads were stopped: 0.0000335 seconds, Stopping threads took: 0.0000083 seconds
[2019-12-09T03:50:43.556+0000][1][safepoint    ] Application time: 0.0329002 seconds
[2019-12-09T03:50:43.556+0000][1][safepoint    ] Entering safepoint region: GenCollectForAllocation
[2019-12-09T03:50:43.556+0000][1][gc,start     ] GC(20) Pause Young (Allocation Failure)
[2019-12-09T03:50:43.556+0000][1][gc,task      ] GC(20) Using 2 workers of 2 for evacuation
[2019-12-09T03:50:43.793+0000][1][gc,age       ] GC(20) Desired survivor size 4456448 bytes, new threshold 2 (max threshold 6)
[2019-12-09T03:50:43.793+0000][1][gc,age       ] GC(20) Age table with threshold 2 (max threshold 6)
[2019-12-09T03:50:43.793+0000][1][gc,age       ] GC(20) - age   1:    2825744 bytes,    2825744 total
[2019-12-09T03:50:43.793+0000][1][gc,age       ] GC(20) - age   2:    2455760 bytes,    5281504 total
[2019-12-09T03:50:43.793+0000][1][gc,heap      ] GC(20) ParNew: 77210K->7368K(78656K)
[2019-12-09T03:50:43.793+0000][1][gc,heap      ] GC(20) CMS: 54382K->57517K(174784K)
[2019-12-09T03:50:43.793+0000][1][gc,metaspace ] GC(20) Metaspace: 48276K->48276K(1093632K)
[2019-12-09T03:50:43.793+0000][1][gc           ] GC(20) Pause Young (Allocation Failure) 128M->63M(247M) 236.752ms
[2019-12-09T03:50:43.793+0000][1][gc,cpu       ] GC(20) User=0.06s Sys=0.00s Real=0.23s
[2019-12-09T03:50:43.793+0000][1][safepoint    ] Leaving safepoint region
[2019-12-09T03:50:43.793+0000][1][safepoint    ] Total time for which application threads were stopped: 0.2368945 seconds, Stopping threads took: 0.0000132 seconds
[2019-12-09T03:50:44.562+0000][1][safepoint    ] Application time: 0.7687847 seconds
[2019-12-09T03:50:44.582+0000][1][safepoint    ] Entering safepoint region: RevokeBias
[2019-12-09T03:50:44.582+0000][1][safepoint    ] Leaving safepoint region
[2019-12-09T03:50:44.582+0000][1][safepoint    ] Total time for which application threads were stopped: 0.0198006 seconds, Stopping threads took: 0.0197323 seconds
[2019-12-09T03:50:45.056+0000][1][safepoint    ] Application time: 0.4743161 seconds
[2019-12-09T03:50:45.056+0000][1][safepoint    ] Entering safepoint region: RevokeBias
[2019-12-09T03:50:45.057+0000][1][safepoint    ] Leaving safepoint region
[2019-12-09T03:50:45.057+0000][1][safepoint    ] Total time for which application threads were stopped: 0.0005674 seconds, Stopping threads took: 0.0000171 seconds
[2019-12-09T03:50:45.602+0000][1][safepoint    ] Application time: 0.5454220 seconds
[2019-12-09T03:50:45.612+0000][1][safepoint    ] Entering safepoint region: RevokeBias
[2019-12-09T03:50:45.612+0000][1][safepoint    ] Leaving safepoint region
[2019-12-09T03:50:45.612+0000][1][safepoint    ] Total time for which application threads were stopped: 0.0096265 seconds, Stopping threads took: 0.0095665 seconds
[2019-12-09T03:50:45.868+0000][1][safepoint    ] Application time: 0.2562125 seconds
[2019-12-09T03:50:45.868+0000][1][safepoint    ] Entering safepoint region: RevokeBias
[2019-12-09T03:50:45.868+0000][1][safepoint    ] Leaving safepoint region
[2019-12-09T03:50:45.868+0000][1][safepoint    ] Total time for which application threads were stopped: 0.0000662 seconds, Stopping threads took: 0.0000146 seconds
[2019-12-09T03:50:45.869+0000][1][safepoint    ] Application time: 0.0010186 seconds
[2019-12-09T03:50:45.869+0000][1][safepoint    ] Entering safepoint region: RevokeBias
[2019-12-09T03:50:45.869+0000][1][safepoint    ] Leaving safepoint region
[2019-12-09T03:50:45.869+0000][1][safepoint    ] Total time for which application threads were stopped: 0.0000574 seconds, Stopping threads took: 0.0000124 seconds
[2019-12-09T03:50:45.905+0000][1][safepoint    ] Application time: 0.0358036 seconds
[2019-12-09T03:50:45.905+0000][1][safepoint    ] Entering safepoint region: RevokeBias
[2019-12-09T03:50:45.905+0000][1][safepoint    ] Leaving safepoint region
[2019-12-09T03:50:45.905+0000][1][safepoint    ] Total time for which application threads were stopped: 0.0000620 seconds, Stopping threads took: 0.0000143 seconds
[2019-12-09T03:50:45.926+0000][1][safepoint    ] Application time: 0.0209637 seconds
[2019-12-09T03:50:45.926+0000][1][safepoint    ] Entering safepoint region: RevokeBias
[2019-12-09T03:50:45.926+0000][1][safepoint    ] Leaving safepoint region
[2019-12-09T03:50:45.926+0000][1][safepoint    ] Total time for which application threads were stopped: 0.0000650 seconds, Stopping threads took: 0.0000139 seconds
[2019-12-09T03:50:45.960+0000][1][safepoint    ] Application time: 0.0334457 seconds
[2019-12-09T03:50:45.960+0000][1][safepoint    ] Entering safepoint region: RevokeBias
[2019-12-09T03:50:45.960+0000][1][safepoint    ] Leaving safepoint region
[2019-12-09T03:50:45.960+0000][1][safepoint    ] Total time for which application threads were stopped: 0.0000681 seconds, Stopping threads took: 0.0000157 seconds
[2019-12-09T03:50:46.093+0000][1][safepoint    ] Application time: 0.1335570 seconds
[2019-12-09T03:50:46.093+0000][1][safepoint    ] Entering safepoint region: RevokeBias
[2019-12-09T03:50:46.093+0000][1][safepoint    ] Leaving safepoint region
[2019-12-09T03:50:46.093+0000][1][safepoint    ] Total time for which application threads were stopped: 0.0000702 seconds, Stopping threads took: 0.0000158 seconds
[2019-12-09T03:50:46.174+0000][1][safepoint    ] Application time: 0.0801260 seconds
[2019-12-09T03:50:46.174+0000][1][safepoint    ] Entering safepoint region: RevokeBias
[2019-12-09T03:50:46.174+0000][1][safepoint    ] Leaving safepoint region
[2019-12-09T03:50:46.174+0000][1][safepoint    ] Total time for which application threads were stopped: 0.0000920 seconds, Stopping threads took: 0.0000156 seconds
[2019-12-09T03:50:46.327+0000][1][safepoint    ] Application time: 0.1529646 seconds
[2019-12-09T03:50:46.327+0000][1][safepoint    ] Entering safepoint region: RevokeBias
[2019-12-09T03:50:46.327+0000][1][safepoint    ] Leaving safepoint region
[2019-12-09T03:50:46.327+0000][1][safepoint    ] Total time for which application threads were stopped: 0.0000672 seconds, Stopping threads took: 0.0000142 seconds
[2019-12-09T03:50:47.333+0000][1][safepoint    ] Application time: 1.0058899 seconds
[2019-12-09T03:50:47.340+0000][1][safepoint    ] Entering safepoint region: Cleanup
[2019-12-09T03:50:47.340+0000][1][safepoint    ] Leaving safepoint region
[2019-12-09T03:50:47.340+0000][1][safepoint    ] Total time for which application threads were stopped: 0.0075651 seconds, Stopping threads took: 0.0070934 seconds
[2019-12-09T03:50:48.448+0000][1][safepoint    ] Application time: 1.1077226 seconds
[2019-12-09T03:50:48.448+0000][1][safepoint    ] Entering safepoint region: RevokeBias
[2019-12-09T03:50:48.448+0000][1][safepoint    ] Leaving safepoint region
[2019-12-09T03:50:48.448+0000][1][safepoint    ] Total time for which application threads were stopped: 0.0000699 seconds, Stopping threads took: 0.0000130 seconds
[2019-12-09T03:50:48.450+0000][1][safepoint    ] Application time: 0.0018083 seconds
[2019-12-09T03:50:48.450+0000][1][safepoint    ] Entering safepoint region: RevokeBias
[2019-12-09T03:50:48.450+0000][1][safepoint    ] Leaving safepoint region
[2019-12-09T03:50:48.450+0000][1][safepoint    ] Total time for which application threads were stopped: 0.0000573 seconds, Stopping threads took: 0.0000129 seconds
[2019-12-09T03:50:49.451+0000][1][safepoint    ] Application time: 1.0010858 seconds
[2019-12-09T03:50:49.451+0000][1][safepoint    ] Entering safepoint region: Cleanup
[2019-12-09T03:50:49.451+0000][1][safepoint    ] Leaving safepoint region
[2019-12-09T03:50:49.451+0000][1][safepoint    ] Total time for which application threads were stopped: 0.0000802 seconds, Stopping threads took: 0.0000158 seconds
[2019-12-09T03:50:49.537+0000][1][safepoint    ] Application time: 0.0861502 seconds
[2019-12-09T03:50:49.537+0000][1][safepoint    ] Entering safepoint region: RevokeBias
[2019-12-09T03:50:49.538+0000][1][safepoint    ] Leaving safepoint region
[2019-12-09T03:50:49.538+0000][1][safepoint    ] Total time for which application threads were stopped: 0.0000824 seconds, Stopping threads took: 0.0000160 seconds
[2019-12-09T03:50:49.541+0000][1][safepoint    ] Application time: 0.0030465 seconds
[2019-12-09T03:50:49.541+0000][1][safepoint    ] Entering safepoint region: RevokeBias
[2019-12-09T03:50:49.541+0000][1][safepoint    ] Leaving safepoint region
[2019-12-09T03:50:49.541+0000][1][safepoint    ] Total time for which application threads were stopped: 0.0000569 seconds, Stopping threads took: 0.0000121 seconds
[2019-12-09T03:50:49.541+0000][1][safepoint    ] Application time: 0.0004944 seconds
[2019-12-09T03:50:49.541+0000][1][safepoint    ] Entering safepoint region: RevokeBias
[2019-12-09T03:50:49.541+0000][1][safepoint    ] Leaving safepoint region
[2019-12-09T03:50:49.541+0000][1][safepoint    ] Total time for which application threads were stopped: 0.0000571 seconds, Stopping threads took: 0.0000120 seconds
[2019-12-09T03:50:49.543+0000][1][safepoint    ] Application time: 0.0015271 seconds
[2019-12-09T03:50:49.543+0000][1][safepoint    ] Entering safepoint region: BulkRevokeBias
[2019-12-09T03:50:49.543+0000][1][safepoint    ] Leaving safepoint region
[2019-12-09T03:50:49.543+0000][1][safepoint    ] Total time for which application threads were stopped: 0.0002159 seconds, Stopping threads took: 0.0000114 seconds
[2019-12-09T03:50:49.710+0000][1][safepoint    ] Application time: 0.1673185 seconds
[2019-12-09T03:50:49.710+0000][1][safepoint    ] Entering safepoint region: GenCollectForAllocation
[2019-12-09T03:50:49.710+0000][1][gc,start     ] GC(21) Pause Young (Allocation Failure)
[2019-12-09T03:50:49.710+0000][1][gc,task      ] GC(21) Using 2 workers of 2 for evacuation
[2019-12-09T03:50:49.911+0000][1][gc,age       ] GC(21) Desired survivor size 4456448 bytes, new threshold 2 (max threshold 6)
[2019-12-09T03:50:49.911+0000][1][gc,age       ] GC(21) Age table with threshold 2 (max threshold 6)
[2019-12-09T03:50:49.911+0000][1][gc,age       ] GC(21) - age   1:    1816184 bytes,    1816184 total
[2019-12-09T03:50:49.911+0000][1][gc,age       ] GC(21) - age   2:    2761080 bytes,    4577264 total
[2019-12-09T03:50:49.911+0000][1][gc,heap      ] GC(21) ParNew: 77320K->5096K(78656K)
[2019-12-09T03:50:49.911+0000][1][gc,heap      ] GC(21) CMS: 57517K->59980K(174784K)
[2019-12-09T03:50:49.911+0000][1][gc,metaspace ] GC(21) Metaspace: 56220K->56220K(1099776K)
[2019-12-09T03:50:49.911+0000][1][gc           ] GC(21) Pause Young (Allocation Failure) 131M->63M(247M) 200.490ms
[2019-12-09T03:50:49.911+0000][1][gc,cpu       ] GC(21) User=0.07s Sys=0.00s Real=0.20s
[2019-12-09T03:50:49.911+0000][1][safepoint    ] Leaving safepoint region
[2019-12-09T03:50:49.911+0000][1][safepoint    ] Total time for which application threads were stopped: 0.2006386 seconds, Stopping threads took: 0.0000149 seconds
[2019-12-09T03:50:50.374+0000][1][safepoint    ] Application time: 0.4630506 seconds
[2019-12-09T03:50:50.394+0000][1][safepoint    ] Entering safepoint region: RevokeBias
[2019-12-09T03:50:50.395+0000][1][safepoint    ] Leaving safepoint region
[2019-12-09T03:50:50.395+0000][1][safepoint    ] Total time for which application threads were stopped: 0.0207627 seconds, Stopping threads took: 0.0196783 seconds
[2019-12-09T03:50:50.395+0000][1][safepoint    ] Application time: 0.0000782 seconds
[2019-12-09T03:50:50.395+0000][1][safepoint    ] Entering safepoint region: RevokeBias
[2019-12-09T03:50:50.395+0000][1][safepoint    ] Leaving safepoint region
[2019-12-09T03:50:50.395+0000][1][safepoint    ] Total time for which application threads were stopped: 0.0000679 seconds, Stopping threads took: 0.0000102 seconds
[2019-12-09T03:50:50.395+0000][1][safepoint    ] Application time: 0.0002054 seconds
[2019-12-09T03:50:50.395+0000][1][safepoint    ] Entering safepoint region: RevokeBias
[2019-12-09T03:50:50.395+0000][1][safepoint    ] Leaving safepoint region
[2019-12-09T03:50:50.395+0000][1][safepoint    ] Total time for which application threads were stopped: 0.0000709 seconds, Stopping threads took: 0.0000118 seconds
[2019-12-09T03:50:51.405+0000][1][safepoint    ] Application time: 1.0094090 seconds
[2019-12-09T03:50:51.405+0000][1][safepoint    ] Entering safepoint region: Cleanup
[2019-12-09T03:50:51.405+0000][1][safepoint    ] Leaving safepoint region
[2019-12-09T03:50:51.405+0000][1][safepoint    ] Total time for which application threads were stopped: 0.0005238 seconds, Stopping threads took: 0.0000194 seconds
[2019-12-09T03:50:52.125+0000][1][safepoint    ] Application time: 0.7198523 seconds
[2019-12-09T03:50:52.125+0000][1][safepoint    ] Entering safepoint region: Deoptimize
[2019-12-09T03:50:52.128+0000][1][safepoint    ] Leaving safepoint region
[2019-12-09T03:50:52.128+0000][1][safepoint    ] Total time for which application threads were stopped: 0.0026971 seconds, Stopping threads took: 0.0000154 seconds
[2019-12-09T03:50:53.131+0000][1][safepoint    ] Application time: 1.0028103 seconds
[2019-12-09T03:50:53.143+0000][1][safepoint    ] Entering safepoint region: Cleanup
[2019-12-09T03:50:53.143+0000][1][safepoint    ] Leaving safepoint region
[2019-12-09T03:50:53.143+0000][1][safepoint    ] Total time for which application threads were stopped: 0.0120676 seconds, Stopping threads took: 0.0119977 seconds
[2019-12-09T03:50:54.154+0000][1][safepoint    ] Application time: 1.0108872 seconds
[2019-12-09T03:50:54.154+0000][1][safepoint    ] Entering safepoint region: Cleanup
[2019-12-09T03:50:54.154+0000][1][safepoint    ] Leaving safepoint region
[2019-12-09T03:50:54.154+0000][1][safepoint    ] Total time for which application threads were stopped: 0.0003346 seconds, Stopping threads took: 0.0002540 seconds
[2019-12-09T03:50:55.161+0000][1][safepoint    ] Application time: 1.0066730 seconds
[2019-12-09T03:50:55.161+0000][1][safepoint    ] Entering safepoint region: Cleanup
[2019-12-09T03:50:55.161+0000][1][safepoint    ] Leaving safepoint region
[2019-12-09T03:50:55.161+0000][1][safepoint    ] Total time for which application threads were stopped: 0.0005396 seconds, Stopping threads took: 0.0004848 seconds
[2019-12-09T03:50:56.142+0000][1][safepoint    ] Application time: 0.9802847 seconds
[2019-12-09T03:50:56.142+0000][1][safepoint    ] Entering safepoint region: RevokeBias
[2019-12-09T03:50:56.142+0000][1][safepoint    ] Leaving safepoint region
[2019-12-09T03:50:56.142+0000][1][safepoint    ] Total time for which application threads were stopped: 0.0000950 seconds, Stopping threads took: 0.0000296 seconds
[2019-12-09T03:50:57.053+0000][1][safepoint    ] Application time: 0.9110699 seconds
[2019-12-09T03:50:57.054+0000][1][safepoint    ] Entering safepoint region: RevokeBias
[2019-12-09T03:50:57.054+0000][1][safepoint    ] Leaving safepoint region
[2019-12-09T03:50:57.054+0000][1][safepoint    ] Total time for which application threads were stopped: 0.0010014 seconds, Stopping threads took: 0.0008666 seconds
[2019-12-09T03:50:57.054+0000][1][safepoint    ] Application time: 0.0000942 seconds
[2019-12-09T03:50:57.054+0000][1][safepoint    ] Entering safepoint region: RevokeBias
[2019-12-09T03:50:57.054+0000][1][safepoint    ] Leaving safepoint region
[2019-12-09T03:50:57.054+0000][1][safepoint    ] Total time for which application threads were stopped: 0.0000974 seconds, Stopping threads took: 0.0000101 seconds
[2019-12-09T03:50:57.054+0000][1][safepoint    ] Application time: 0.0000623 seconds
[2019-12-09T03:50:57.054+0000][1][safepoint    ] Entering safepoint region: RevokeBias
[2019-12-09T03:50:57.054+0000][1][safepoint    ] Leaving safepoint region
[2019-12-09T03:50:57.054+0000][1][safepoint    ] Total time for which application threads were stopped: 0.0000852 seconds, Stopping threads took: 0.0000078 seconds
[2019-12-09T03:50:57.054+0000][1][safepoint    ] Application time: 0.0000586 seconds
[2019-12-09T03:50:57.054+0000][1][safepoint    ] Entering safepoint region: RevokeBias
[2019-12-09T03:50:57.054+0000][1][safepoint    ] Leaving safepoint region
[2019-12-09T03:50:57.054+0000][1][safepoint    ] Total time for which application threads were stopped: 0.0000643 seconds, Stopping threads took: 0.0000083 seconds
[2019-12-09T03:50:57.054+0000][1][safepoint    ] Application time: 0.0000568 seconds
[2019-12-09T03:50:57.054+0000][1][safepoint    ] Entering safepoint region: RevokeBias
[2019-12-09T03:50:57.055+0000][1][safepoint    ] Leaving safepoint region
[2019-12-09T03:50:57.055+0000][1][safepoint    ] Total time for which application threads were stopped: 0.0000635 seconds, Stopping threads took: 0.0000083 seconds
[2019-12-09T03:50:57.055+0000][1][safepoint    ] Application time: 0.0000611 seconds
[2019-12-09T03:50:57.055+0000][1][safepoint    ] Entering safepoint region: RevokeBias
[2019-12-09T03:50:57.055+0000][1][safepoint    ] Leaving safepoint region
[2019-12-09T03:50:57.055+0000][1][safepoint    ] Total time for which application threads were stopped: 0.0000617 seconds, Stopping threads took: 0.0000080 seconds
[2019-12-09T03:50:57.055+0000][1][safepoint    ] Application time: 0.0000744 seconds
[2019-12-09T03:50:57.055+0000][1][safepoint    ] Entering safepoint region: RevokeBias
[2019-12-09T03:50:57.055+0000][1][safepoint    ] Leaving safepoint region
[2019-12-09T03:50:57.055+0000][1][safepoint    ] Total time for which application threads were stopped: 0.0000719 seconds, Stopping threads took: 0.0000088 seconds
[2019-12-09T03:50:57.055+0000][1][safepoint    ] Application time: 0.0000606 seconds
[2019-12-09T03:50:57.055+0000][1][safepoint    ] Entering safepoint region: RevokeBias
[2019-12-09T03:50:57.055+0000][1][safepoint    ] Leaving safepoint region
[2019-12-09T03:50:57.055+0000][1][safepoint    ] Total time for which application threads were stopped: 0.0000637 seconds, Stopping threads took: 0.0000084 seconds
[2019-12-09T03:50:57.109+0000][1][safepoint    ] Application time: 0.0536617 seconds
[2019-12-09T03:50:57.109+0000][1][safepoint    ] Entering safepoint region: Deoptimize
[2019-12-09T03:50:57.109+0000][1][safepoint    ] Leaving safepoint region
[2019-12-09T03:50:57.109+0000][1][safepoint    ] Total time for which application threads were stopped: 0.0006482 seconds, Stopping threads took: 0.0000154 seconds
[2019-12-09T03:50:57.157+0000][1][safepoint    ] Application time: 0.0473199 seconds
[2019-12-09T03:50:57.157+0000][1][safepoint    ] Entering safepoint region: BulkRevokeBias
[2019-12-09T03:50:57.157+0000][1][safepoint    ] Leaving safepoint region
[2019-12-09T03:50:57.157+0000][1][safepoint    ] Total time for which application threads were stopped: 0.0001830 seconds, Stopping threads took: 0.0000148 seconds
[2019-12-09T03:50:57.158+0000][1][safepoint    ] Application time: 0.0010624 seconds
[2019-12-09T03:50:57.158+0000][1][safepoint    ] Entering safepoint region: RevokeBias
[2019-12-09T03:50:57.158+0000][1][safepoint    ] Leaving safepoint region
[2019-12-09T03:50:57.158+0000][1][safepoint    ] Total time for which application threads were stopped: 0.0000601 seconds, Stopping threads took: 0.0000106 seconds
[2019-12-09T03:50:57.158+0000][1][safepoint    ] Application time: 0.0003611 seconds
[2019-12-09T03:50:57.158+0000][1][safepoint    ] Entering safepoint region: RevokeBias
[2019-12-09T03:50:57.159+0000][1][safepoint    ] Leaving safepoint region
[2019-12-09T03:50:57.159+0000][1][safepoint    ] Total time for which application threads were stopped: 0.0000663 seconds, Stopping threads took: 0.0000111 seconds
[2019-12-09T03:50:57.159+0000][1][safepoint    ] Application time: 0.0000594 seconds
[2019-12-09T03:50:57.159+0000][1][safepoint    ] Entering safepoint region: RevokeBias
[2019-12-09T03:50:57.159+0000][1][safepoint    ] Leaving safepoint region
[2019-12-09T03:50:57.159+0000][1][safepoint    ] Total time for which application threads were stopped: 0.0000494 seconds, Stopping threads took: 0.0000083 seconds
[2019-12-09T03:50:57.159+0000][1][safepoint    ] Application time: 0.0003463 seconds
[2019-12-09T03:50:57.159+0000][1][safepoint    ] Entering safepoint region: RevokeBias
[2019-12-09T03:50:57.159+0000][1][safepoint    ] Leaving safepoint region
[2019-12-09T03:50:57.159+0000][1][safepoint    ] Total time for which application threads were stopped: 0.0000535 seconds, Stopping threads took: 0.0000104 seconds
[2019-12-09T03:50:57.159+0000][1][safepoint    ] Application time: 0.0001812 seconds
[2019-12-09T03:50:57.159+0000][1][safepoint    ] Entering safepoint region: RevokeBias
[2019-12-09T03:50:57.159+0000][1][safepoint    ] Leaving safepoint region
[2019-12-09T03:50:57.159+0000][1][safepoint    ] Total time for which application threads were stopped: 0.0000513 seconds, Stopping threads took: 0.0000092 seconds
[2019-12-09T03:50:57.159+0000][1][safepoint    ] Application time: 0.0000557 seconds
[2019-12-09T03:50:57.159+0000][1][safepoint    ] Entering safepoint region: RevokeBias
[2019-12-09T03:50:57.159+0000][1][safepoint    ] Leaving safepoint region
[2019-12-09T03:50:57.159+0000][1][safepoint    ] Total time for which application threads were stopped: 0.0000450 seconds, Stopping threads took: 0.0000080 seconds
[2019-12-09T03:50:57.204+0000][1][safepoint    ] Application time: 0.0442793 seconds
[2019-12-09T03:50:57.204+0000][1][safepoint    ] Entering safepoint region: RevokeBias
[2019-12-09T03:50:57.204+0000][1][safepoint    ] Leaving safepoint region
[2019-12-09T03:50:57.204+0000][1][safepoint    ] Total time for which application threads were stopped: 0.0000905 seconds, Stopping threads took: 0.0000167 seconds
[2019-12-09T03:50:57.204+0000][1][safepoint    ] Application time: 0.0001290 seconds
[2019-12-09T03:50:57.204+0000][1][safepoint    ] Entering safepoint region: RevokeBias
[2019-12-09T03:50:57.204+0000][1][safepoint    ] Leaving safepoint region
[2019-12-09T03:50:57.204+0000][1][safepoint    ] Total time for which application threads were stopped: 0.0000542 seconds, Stopping threads took: 0.0000088 seconds
[2019-12-09T03:50:57.295+0000][1][safepoint    ] Application time: 0.0907810 seconds
[2019-12-09T03:50:57.295+0000][1][safepoint    ] Entering safepoint region: Deoptimize
[2019-12-09T03:50:57.296+0000][1][safepoint    ] Leaving safepoint region
[2019-12-09T03:50:57.296+0000][1][safepoint    ] Total time for which application threads were stopped: 0.0006508 seconds, Stopping threads took: 0.0000150 seconds
[2019-12-09T03:50:57.296+0000][1][safepoint    ] Application time: 0.0005991 seconds
[2019-12-09T03:50:57.296+0000][1][safepoint    ] Entering safepoint region: RevokeBias
[2019-12-09T03:50:57.296+0000][1][safepoint    ] Leaving safepoint region
[2019-12-09T03:50:57.296+0000][1][safepoint    ] Total time for which application threads were stopped: 0.0000830 seconds, Stopping threads took: 0.0000135 seconds
[2019-12-09T03:50:57.555+0000][1][safepoint    ] Application time: 0.2592179 seconds
[2019-12-09T03:50:57.637+0000][1][safepoint    ] Entering safepoint region: RevokeBias
[2019-12-09T03:50:57.637+0000][1][safepoint    ] Leaving safepoint region
[2019-12-09T03:50:57.637+0000][1][safepoint    ] Total time for which application threads were stopped: 0.0813648 seconds, Stopping threads took: 0.0812552 seconds
[2019-12-09T03:50:57.640+0000][1][safepoint    ] Application time: 0.0029055 seconds
[2019-12-09T03:50:57.640+0000][1][safepoint    ] Entering safepoint region: RevokeBias
[2019-12-09T03:50:57.640+0000][1][safepoint    ] Leaving safepoint region
[2019-12-09T03:50:57.640+0000][1][safepoint    ] Total time for which application threads were stopped: 0.0001473 seconds, Stopping threads took: 0.0000626 seconds
[2019-12-09T03:50:57.640+0000][1][safepoint    ] Application time: 0.0000883 seconds
[2019-12-09T03:50:57.640+0000][1][safepoint    ] Entering safepoint region: RevokeBias
[2019-12-09T03:50:57.640+0000][1][safepoint    ] Leaving safepoint region
[2019-12-09T03:50:57.640+0000][1][safepoint    ] Total time for which application threads were stopped: 0.0000622 seconds, Stopping threads took: 0.0000100 seconds
[2019-12-09T03:50:57.640+0000][1][safepoint    ] Application time: 0.0003151 seconds
[2019-12-09T03:50:57.640+0000][1][safepoint    ] Entering safepoint region: RevokeBias
[2019-12-09T03:50:57.641+0000][1][safepoint    ] Leaving safepoint region
[2019-12-09T03:50:57.641+0000][1][safepoint    ] Total time for which application threads were stopped: 0.0000871 seconds, Stopping threads took: 0.0000121 seconds
[2019-12-09T03:50:57.641+0000][1][safepoint    ] Application time: 0.0000647 seconds
[2019-12-09T03:50:57.641+0000][1][safepoint    ] Entering safepoint region: RevokeBias
[2019-12-09T03:50:57.641+0000][1][safepoint    ] Leaving safepoint region
[2019-12-09T03:50:57.641+0000][1][safepoint    ] Total time for which application threads were stopped: 0.0000864 seconds, Stopping threads took: 0.0000094 seconds
[2019-12-09T03:50:57.707+0000][1][safepoint    ] Application time: 0.0660656 seconds
[2019-12-09T03:50:57.707+0000][1][safepoint    ] Entering safepoint region: RevokeBias
[2019-12-09T03:50:57.707+0000][1][safepoint    ] Leaving safepoint region
[2019-12-09T03:50:57.707+0000][1][safepoint    ] Total time for which application threads were stopped: 0.0001328 seconds, Stopping threads took: 0.0000575 seconds
[2019-12-09T03:50:57.721+0000][1][safepoint    ] Application time: 0.0140688 seconds
[2019-12-09T03:50:57.721+0000][1][safepoint    ] Entering safepoint region: RevokeBias
[2019-12-09T03:50:57.721+0000][1][safepoint    ] Leaving safepoint region
[2019-12-09T03:50:57.721+0000][1][safepoint    ] Total time for which application threads were stopped: 0.0001171 seconds, Stopping threads took: 0.0000553 seconds
[2019-12-09T03:50:57.757+0000][1][safepoint    ] Application time: 0.0353855 seconds
[2019-12-09T03:50:57.821+0000][1][safepoint    ] Entering safepoint region: RevokeBias
[2019-12-09T03:50:57.821+0000][1][safepoint    ] Leaving safepoint region
[2019-12-09T03:50:57.821+0000][1][safepoint    ] Total time for which application threads were stopped: 0.0642824 seconds, Stopping threads took: 0.0641952 seconds
[2019-12-09T03:50:57.822+0000][1][safepoint    ] Application time: 0.0012734 seconds
[2019-12-09T03:50:57.822+0000][1][safepoint    ] Entering safepoint region: RevokeBias
[2019-12-09T03:50:57.822+0000][1][safepoint    ] Leaving safepoint region
[2019-12-09T03:50:57.822+0000][1][safepoint    ] Total time for which application threads were stopped: 0.0000714 seconds, Stopping threads took: 0.0000146 seconds
[2019-12-09T03:50:57.858+0000][1][safepoint    ] Application time: 0.0355555 seconds
[2019-12-09T03:50:57.928+0000][1][safepoint    ] Entering safepoint region: RevokeBias
[2019-12-09T03:50:57.928+0000][1][safepoint    ] Leaving safepoint region
[2019-12-09T03:50:57.928+0000][1][safepoint    ] Total time for which application threads were stopped: 0.0699460 seconds, Stopping threads took: 0.0698548 seconds
[2019-12-09T03:50:57.935+0000][1][safepoint    ] Application time: 0.0068709 seconds
[2019-12-09T03:50:57.935+0000][1][safepoint    ] Entering safepoint region: RevokeBias
[2019-12-09T03:50:57.935+0000][1][safepoint    ] Leaving safepoint region
[2019-12-09T03:50:57.935+0000][1][safepoint    ] Total time for which application threads were stopped: 0.0000924 seconds, Stopping threads took: 0.0000283 seconds
[2019-12-09T03:50:57.935+0000][1][safepoint    ] Application time: 0.0000573 seconds
[2019-12-09T03:50:57.935+0000][1][safepoint    ] Entering safepoint region: RevokeBias
[2019-12-09T03:50:57.935+0000][1][safepoint    ] Leaving safepoint region
[2019-12-09T03:50:57.935+0000][1][safepoint    ] Total time for which application threads were stopped: 0.0000423 seconds, Stopping threads took: 0.0000089 seconds
[2019-12-09T03:50:57.947+0000][1][safepoint    ] Application time: 0.0122691 seconds
[2019-12-09T03:50:57.947+0000][1][safepoint    ] Entering safepoint region: RevokeBias
[2019-12-09T03:50:57.947+0000][1][safepoint    ] Leaving safepoint region
[2019-12-09T03:50:57.947+0000][1][safepoint    ] Total time for which application threads were stopped: 0.0001192 seconds, Stopping threads took: 0.0000156 seconds
[2019-12-09T03:50:58.003+0000][1][safepoint    ] Application time: 0.0553818 seconds
[2019-12-09T03:50:58.012+0000][1][safepoint    ] Entering safepoint region: RevokeBias
[2019-12-09T03:50:58.012+0000][1][safepoint    ] Leaving safepoint region
[2019-12-09T03:50:58.012+0000][1][safepoint    ] Total time for which application threads were stopped: 0.0090879 seconds, Stopping threads took: 0.0089692 seconds
[2019-12-09T03:50:58.046+0000][1][safepoint    ] Application time: 0.0344621 seconds
[2019-12-09T03:50:58.046+0000][1][safepoint    ] Entering safepoint region: RevokeBias
[2019-12-09T03:50:58.047+0000][1][safepoint    ] Leaving safepoint region
[2019-12-09T03:50:58.047+0000][1][safepoint    ] Total time for which application threads were stopped: 0.0002132 seconds, Stopping threads took: 0.0000773 seconds
[2019-12-09T03:50:58.047+0000][1][safepoint    ] Application time: 0.0002979 seconds
[2019-12-09T03:50:58.047+0000][1][safepoint    ] Entering safepoint region: RevokeBias
[2019-12-09T03:50:58.047+0000][1][safepoint    ] Leaving safepoint region
[2019-12-09T03:50:58.047+0000][1][safepoint    ] Total time for which application threads were stopped: 0.0000760 seconds, Stopping threads took: 0.0000112 seconds
[2019-12-09T03:50:58.050+0000][1][safepoint    ] Application time: 0.0032875 seconds
[2019-12-09T03:50:58.050+0000][1][safepoint    ] Entering safepoint region: RevokeBias
[2019-12-09T03:50:58.050+0000][1][safepoint    ] Leaving safepoint region
[2019-12-09T03:50:58.050+0000][1][safepoint    ] Total time for which application threads were stopped: 0.0001604 seconds, Stopping threads took: 0.0000823 seconds
[2019-12-09T03:50:58.074+0000][1][safepoint    ] Application time: 0.0237515 seconds
[2019-12-09T03:50:58.160+0000][1][safepoint    ] Entering safepoint region: RevokeBias
[2019-12-09T03:50:58.160+0000][1][safepoint    ] Leaving safepoint region
[2019-12-09T03:50:58.160+0000][1][safepoint    ] Total time for which application threads were stopped: 0.0856505 seconds, Stopping threads took: 0.0855435 seconds
[2019-12-09T03:50:58.201+0000][1][safepoint    ] Application time: 0.0409855 seconds
[2019-12-09T03:50:58.264+0000][1][safepoint    ] Entering safepoint region: RevokeBias
[2019-12-09T03:50:58.264+0000][1][gc,start     ] GC(22) Pause Young (Allocation Failure)
[2019-12-09T03:50:58.264+0000][1][gc,task      ] GC(22) Using 2 workers of 2 for evacuation
[2019-12-09T03:50:58.490+0000][1][gc,age       ] GC(22) Desired survivor size 4456448 bytes, new threshold 2 (max threshold 6)
[2019-12-09T03:50:58.490+0000][1][gc,age       ] GC(22) Age table with threshold 2 (max threshold 6)
[2019-12-09T03:50:58.490+0000][1][gc,age       ] GC(22) - age   1:    3493080 bytes,    3493080 total
[2019-12-09T03:50:58.490+0000][1][gc,age       ] GC(22) - age   2:    1645576 bytes,    5138656 total
[2019-12-09T03:50:58.490+0000][1][gc,heap      ] GC(22) ParNew: 75048K->6939K(78656K)
[2019-12-09T03:50:58.490+0000][1][gc,heap      ] GC(22) CMS: 59980K->62704K(174784K)
[2019-12-09T03:50:58.490+0000][1][gc,metaspace ] GC(22) Metaspace: 63788K->63788K(1107968K)
[2019-12-09T03:50:58.490+0000][1][gc           ] GC(22) Pause Young (Allocation Failure) 131M->68M(247M) 225.716ms
[2019-12-09T03:50:58.490+0000][1][gc,cpu       ] GC(22) User=0.14s Sys=0.00s Real=0.23s
[2019-12-09T03:50:58.490+0000][1][safepoint    ] Leaving safepoint region
[2019-12-09T03:50:58.490+0000][1][safepoint    ] Total time for which application threads were stopped: 0.2887378 seconds, Stopping threads took: 0.0627981 seconds
[2019-12-09T03:50:58.521+0000][1][safepoint    ] Application time: 0.0317357 seconds
[2019-12-09T03:50:58.538+0000][1][safepoint    ] Entering safepoint region: RevokeBias
[2019-12-09T03:50:58.538+0000][1][safepoint    ] Leaving safepoint region
[2019-12-09T03:50:58.538+0000][1][safepoint    ] Total time for which application threads were stopped: 0.0163953 seconds, Stopping threads took: 0.0163032 seconds
[2019-12-09T03:50:58.539+0000][1][safepoint    ] Application time: 0.0008994 seconds
[2019-12-09T03:50:58.539+0000][1][safepoint    ] Entering safepoint region: RevokeBias
[2019-12-09T03:50:58.539+0000][1][safepoint    ] Leaving safepoint region
[2019-12-09T03:50:58.539+0000][1][safepoint    ] Total time for which application threads were stopped: 0.0000964 seconds, Stopping threads took: 0.0000130 seconds
[2019-12-09T03:50:58.539+0000][1][safepoint    ] Application time: 0.0001784 seconds
[2019-12-09T03:50:58.539+0000][1][safepoint    ] Entering safepoint region: RevokeBias
[2019-12-09T03:50:58.539+0000][1][safepoint    ] Leaving safepoint region
[2019-12-09T03:50:58.539+0000][1][safepoint    ] Total time for which application threads were stopped: 0.0000773 seconds, Stopping threads took: 0.0000088 seconds
[2019-12-09T03:50:58.539+0000][1][safepoint    ] Application time: 0.0001768 seconds
[2019-12-09T03:50:58.539+0000][1][safepoint    ] Entering safepoint region: RevokeBias
[2019-12-09T03:50:58.540+0000][1][safepoint    ] Leaving safepoint region
[2019-12-09T03:50:58.540+0000][1][safepoint    ] Total time for which application threads were stopped: 0.0004090 seconds, Stopping threads took: 0.0000190 seconds
[2019-12-09T03:50:58.546+0000][1][safepoint    ] Application time: 0.0057852 seconds
[2019-12-09T03:50:58.546+0000][1][safepoint    ] Entering safepoint region: RevokeBias
[2019-12-09T03:50:58.546+0000][1][safepoint    ] Leaving safepoint region
[2019-12-09T03:50:58.546+0000][1][safepoint    ] Total time for which application threads were stopped: 0.0000775 seconds, Stopping threads took: 0.0000135 seconds
[2019-12-09T03:50:58.546+0000][1][safepoint    ] Application time: 0.0000804 seconds
[2019-12-09T03:50:58.546+0000][1][safepoint    ] Entering safepoint region: RevokeBias
[2019-12-09T03:50:58.546+0000][1][safepoint    ] Leaving safepoint region
[2019-12-09T03:50:58.546+0000][1][safepoint    ] Total time for which application threads were stopped: 0.0000728 seconds, Stopping threads took: 0.0000098 seconds
[2019-12-09T03:50:58.550+0000][1][safepoint    ] Application time: 0.0043233 seconds
[2019-12-09T03:50:58.550+0000][1][safepoint    ] Entering safepoint region: RevokeBias
[2019-12-09T03:50:58.550+0000][1][safepoint    ] Leaving safepoint region
[2019-12-09T03:50:58.550+0000][1][safepoint    ] Total time for which application threads were stopped: 0.0000829 seconds, Stopping threads took: 0.0000107 seconds
[2019-12-09T03:50:58.551+0000][1][safepoint    ] Application time: 0.0002843 seconds
[2019-12-09T03:50:58.551+0000][1][safepoint    ] Entering safepoint region: RevokeBias
[2019-12-09T03:50:58.551+0000][1][safepoint    ] Leaving safepoint region
[2019-12-09T03:50:58.551+0000][1][safepoint    ] Total time for which application threads were stopped: 0.0000641 seconds, Stopping threads took: 0.0000099 seconds
[2019-12-09T03:50:58.551+0000][1][safepoint    ] Application time: 0.0002973 seconds
[2019-12-09T03:50:58.551+0000][1][safepoint    ] Entering safepoint region: RevokeBias
[2019-12-09T03:50:58.551+0000][1][safepoint    ] Leaving safepoint region
[2019-12-09T03:50:58.551+0000][1][safepoint    ] Total time for which application threads were stopped: 0.0001170 seconds, Stopping threads took: 0.0000144 seconds
[2019-12-09T03:50:58.551+0000][1][safepoint    ] Application time: 0.0001285 seconds
[2019-12-09T03:50:58.551+0000][1][safepoint    ] Entering safepoint region: RevokeBias
[2019-12-09T03:50:58.551+0000][1][safepoint    ] Leaving safepoint region
[2019-12-09T03:50:58.551+0000][1][safepoint    ] Total time for which application threads were stopped: 0.0000657 seconds, Stopping threads took: 0.0000099 seconds
[2019-12-09T03:50:58.551+0000][1][safepoint    ] Application time: 0.0000586 seconds
[2019-12-09T03:50:58.551+0000][1][safepoint    ] Entering safepoint region: RevokeBias
[2019-12-09T03:50:58.551+0000][1][safepoint    ] Leaving safepoint region
[2019-12-09T03:50:58.551+0000][1][safepoint    ] Total time for which application threads were stopped: 0.0000520 seconds, Stopping threads took: 0.0000085 seconds
[2019-12-09T03:50:58.563+0000][1][safepoint    ] Application time: 0.0115876 seconds
[2019-12-09T03:50:58.563+0000][1][safepoint    ] Entering safepoint region: RevokeBias
[2019-12-09T03:50:58.563+0000][1][safepoint    ] Leaving safepoint region
[2019-12-09T03:50:58.563+0000][1][safepoint    ] Total time for which application threads were stopped: 0.0000639 seconds, Stopping threads took: 0.0000127 seconds
[2019-12-09T03:50:58.564+0000][1][safepoint    ] Application time: 0.0011608 seconds
[2019-12-09T03:50:58.564+0000][1][safepoint    ] Entering safepoint region: RevokeBias
[2019-12-09T03:50:58.564+0000][1][safepoint    ] Leaving safepoint region
[2019-12-09T03:50:58.564+0000][1][safepoint    ] Total time for which application threads were stopped: 0.0000541 seconds, Stopping threads took: 0.0000114 seconds
[2019-12-09T03:50:58.579+0000][1][safepoint    ] Application time: 0.0144122 seconds
[2019-12-09T03:50:58.579+0000][1][safepoint    ] Entering safepoint region: RevokeBias
[2019-12-09T03:50:58.579+0000][1][safepoint    ] Leaving safepoint region
[2019-12-09T03:50:58.579+0000][1][safepoint    ] Total time for which application threads were stopped: 0.0001403 seconds, Stopping threads took: 0.0000749 seconds
[2019-12-09T03:50:58.609+0000][1][safepoint    ] Application time: 0.0297830 seconds
[2019-12-09T03:50:58.614+0000][1][safepoint    ] Entering safepoint region: RevokeBias
[2019-12-09T03:50:58.614+0000][1][safepoint    ] Leaving safepoint region
[2019-12-09T03:50:58.614+0000][1][safepoint    ] Total time for which application threads were stopped: 0.0049303 seconds, Stopping threads took: 0.0048549 seconds
[2019-12-09T03:50:58.619+0000][1][safepoint    ] Application time: 0.0050212 seconds
[2019-12-09T03:50:58.619+0000][1][safepoint    ] Entering safepoint region: RevokeBias
[2019-12-09T03:50:58.619+0000][1][safepoint    ] Leaving safepoint region
[2019-12-09T03:50:58.619+0000][1][safepoint    ] Total time for which application threads were stopped: 0.0000776 seconds, Stopping threads took: 0.0000111 seconds
[2019-12-09T03:50:58.632+0000][1][safepoint    ] Application time: 0.0134889 seconds
[2019-12-09T03:50:58.643+0000][1][safepoint    ] Entering safepoint region: RevokeBias
[2019-12-09T03:50:58.643+0000][1][safepoint    ] Leaving safepoint region
[2019-12-09T03:50:58.643+0000][1][safepoint    ] Total time for which application threads were stopped: 0.0109589 seconds, Stopping threads took: 0.0108618 seconds
[2019-12-09T03:50:58.644+0000][1][safepoint    ] Application time: 0.0006628 seconds
[2019-12-09T03:50:58.644+0000][1][safepoint    ] Entering safepoint region: RevokeBias
[2019-12-09T03:50:58.644+0000][1][safepoint    ] Leaving safepoint region
[2019-12-09T03:50:58.644+0000][1][safepoint    ] Total time for which application threads were stopped: 0.0000825 seconds, Stopping threads took: 0.0000130 seconds
[2019-12-09T03:50:58.665+0000][1][safepoint    ] Application time: 0.0206503 seconds
[2019-12-09T03:50:58.665+0000][1][safepoint    ] Entering safepoint region: RevokeBias
[2019-12-09T03:50:58.665+0000][1][safepoint    ] Leaving safepoint region
[2019-12-09T03:50:58.665+0000][1][safepoint    ] Total time for which application threads were stopped: 0.0000836 seconds, Stopping threads took: 0.0000142 seconds
[2019-12-09T03:50:58.667+0000][1][safepoint    ] Application time: 0.0017510 seconds
[2019-12-09T03:50:58.667+0000][1][safepoint    ] Entering safepoint region: RevokeBias
[2019-12-09T03:50:58.667+0000][1][safepoint    ] Leaving safepoint region
[2019-12-09T03:50:58.667+0000][1][safepoint    ] Total time for which application threads were stopped: 0.0000932 seconds, Stopping threads took: 0.0000120 seconds
[2019-12-09T03:50:58.667+0000][1][safepoint    ] Application time: 0.0000608 seconds
[2019-12-09T03:50:58.667+0000][1][safepoint    ] Entering safepoint region: RevokeBias
[2019-12-09T03:50:58.667+0000][1][safepoint    ] Leaving safepoint region
[2019-12-09T03:50:58.667+0000][1][safepoint    ] Total time for which application threads were stopped: 0.0000600 seconds, Stopping threads took: 0.0000083 seconds
[2019-12-09T03:50:58.682+0000][1][safepoint    ] Application time: 0.0147102 seconds
[2019-12-09T03:50:58.682+0000][1][safepoint    ] Entering safepoint region: RevokeBias
[2019-12-09T03:50:58.682+0000][1][safepoint    ] Leaving safepoint region
[2019-12-09T03:50:58.682+0000][1][safepoint    ] Total time for which application threads were stopped: 0.0002110 seconds, Stopping threads took: 0.0001459 seconds
[2019-12-09T03:50:58.682+0000][1][safepoint    ] Application time: 0.0001985 seconds
[2019-12-09T03:50:58.682+0000][1][safepoint    ] Entering safepoint region: RevokeBias
[2019-12-09T03:50:58.682+0000][1][safepoint    ] Leaving safepoint region
[2019-12-09T03:50:58.682+0000][1][safepoint    ] Total time for which application threads were stopped: 0.0000618 seconds, Stopping threads took: 0.0000087 seconds
[2019-12-09T03:50:58.766+0000][1][safepoint    ] Application time: 0.0843545 seconds
[2019-12-09T03:50:58.766+0000][1][safepoint    ] Entering safepoint region: RevokeBias
[2019-12-09T03:50:58.767+0000][1][safepoint    ] Leaving safepoint region
[2019-12-09T03:50:58.767+0000][1][safepoint    ] Total time for which application threads were stopped: 0.0001359 seconds, Stopping threads took: 0.0000512 seconds
[2019-12-09T03:50:58.834+0000][1][safepoint    ] Application time: 0.0678723 seconds
[2019-12-09T03:50:58.835+0000][1][safepoint    ] Entering safepoint region: RevokeBias
[2019-12-09T03:50:58.835+0000][1][safepoint    ] Leaving safepoint region
[2019-12-09T03:50:58.835+0000][1][safepoint    ] Total time for which application threads were stopped: 0.0000957 seconds, Stopping threads took: 0.0000160 seconds
[2019-12-09T03:50:58.835+0000][1][safepoint    ] Application time: 0.0003320 seconds
[2019-12-09T03:50:58.835+0000][1][safepoint    ] Entering safepoint region: RevokeBias
[2019-12-09T03:50:58.835+0000][1][safepoint    ] Leaving safepoint region
[2019-12-09T03:50:58.835+0000][1][safepoint    ] Total time for which application threads were stopped: 0.0000820 seconds, Stopping threads took: 0.0000124 seconds
[2019-12-09T03:50:58.835+0000][1][safepoint    ] Application time: 0.0001221 seconds
[2019-12-09T03:50:58.835+0000][1][safepoint    ] Entering safepoint region: RevokeBias
[2019-12-09T03:50:58.835+0000][1][safepoint    ] Leaving safepoint region
[2019-12-09T03:50:58.835+0000][1][safepoint    ] Total time for which application threads were stopped: 0.0000597 seconds, Stopping threads took: 0.0000090 seconds
[2019-12-09T03:50:58.835+0000][1][safepoint    ] Application time: 0.0000558 seconds
[2019-12-09T03:50:58.835+0000][1][safepoint    ] Entering safepoint region: RevokeBias
[2019-12-09T03:50:58.835+0000][1][safepoint    ] Leaving safepoint region
[2019-12-09T03:50:58.835+0000][1][safepoint    ] Total time for which application threads were stopped: 0.0000587 seconds, Stopping threads took: 0.0000081 seconds
[2019-12-09T03:50:58.836+0000][1][safepoint    ] Application time: 0.0003234 seconds
[2019-12-09T03:50:58.836+0000][1][safepoint    ] Entering safepoint region: RevokeBias
[2019-12-09T03:50:58.836+0000][1][safepoint    ] Leaving safepoint region
[2019-12-09T03:50:58.836+0000][1][safepoint    ] Total time for which application threads were stopped: 0.0000804 seconds, Stopping threads took: 0.0000120 seconds
[2019-12-09T03:50:58.985+0000][1][safepoint    ] Application time: 0.1491860 seconds
[2019-12-09T03:50:58.998+0000][1][safepoint    ] Entering safepoint region: RevokeBias
[2019-12-09T03:50:58.998+0000][1][safepoint    ] Leaving safepoint region
[2019-12-09T03:50:58.998+0000][1][safepoint    ] Total time for which application threads were stopped: 0.0126119 seconds, Stopping threads took: 0.0125102 seconds
[2019-12-09T03:50:59.021+0000][1][safepoint    ] Application time: 0.0230100 seconds
[2019-12-09T03:50:59.101+0000][1][safepoint    ] Entering safepoint region: RevokeBias
[2019-12-09T03:50:59.101+0000][1][safepoint    ] Leaving safepoint region
[2019-12-09T03:50:59.101+0000][1][safepoint    ] Total time for which application threads were stopped: 0.0801854 seconds, Stopping threads took: 0.0800895 seconds
[2019-12-09T03:50:59.134+0000][1][safepoint    ] Application time: 0.0328288 seconds
[2019-12-09T03:50:59.151+0000][1][safepoint    ] Entering safepoint region: RevokeBias
[2019-12-09T03:50:59.151+0000][1][safepoint    ] Leaving safepoint region
[2019-12-09T03:50:59.151+0000][1][safepoint    ] Total time for which application threads were stopped: 0.0170844 seconds, Stopping threads took: 0.0169942 seconds
[2019-12-09T03:50:59.161+0000][1][safepoint    ] Application time: 0.0100244 seconds
[2019-12-09T03:50:59.161+0000][1][safepoint    ] Entering safepoint region: RevokeBias
[2019-12-09T03:50:59.161+0000][1][safepoint    ] Leaving safepoint region
[2019-12-09T03:50:59.161+0000][1][safepoint    ] Total time for which application threads were stopped: 0.0000999 seconds, Stopping threads took: 0.0000154 seconds
[2019-12-09T03:50:59.161+0000][1][safepoint    ] Application time: 0.0002435 seconds
[2019-12-09T03:50:59.161+0000][1][safepoint    ] Entering safepoint region: RevokeBias
[2019-12-09T03:50:59.161+0000][1][safepoint    ] Leaving safepoint region
[2019-12-09T03:50:59.161+0000][1][safepoint    ] Total time for which application threads were stopped: 0.0000870 seconds, Stopping threads took: 0.0000118 seconds
[2019-12-09T03:50:59.162+0000][1][safepoint    ] Application time: 0.0003959 seconds
[2019-12-09T03:50:59.162+0000][1][safepoint    ] Entering safepoint region: RevokeBias
[2019-12-09T03:50:59.162+0000][1][safepoint    ] Leaving safepoint region
[2019-12-09T03:50:59.162+0000][1][safepoint    ] Total time for which application threads were stopped: 0.0001018 seconds, Stopping threads took: 0.0000125 seconds
[2019-12-09T03:50:59.162+0000][1][safepoint    ] Application time: 0.0004090 seconds
[2019-12-09T03:50:59.162+0000][1][safepoint    ] Entering safepoint region: RevokeBias
[2019-12-09T03:50:59.162+0000][1][safepoint    ] Leaving safepoint region
[2019-12-09T03:50:59.162+0000][1][safepoint    ] Total time for which application threads were stopped: 0.0000740 seconds, Stopping threads took: 0.0000107 seconds
[2019-12-09T03:50:59.163+0000][1][safepoint    ] Application time: 0.0001602 seconds
[2019-12-09T03:50:59.163+0000][1][safepoint    ] Entering safepoint region: RevokeBias
[2019-12-09T03:50:59.163+0000][1][safepoint    ] Leaving safepoint region
[2019-12-09T03:50:59.163+0000][1][safepoint    ] Total time for which application threads were stopped: 0.0000464 seconds, Stopping threads took: 0.0000092 seconds
[2019-12-09T03:50:59.163+0000][1][safepoint    ] Application time: 0.0002902 seconds
[2019-12-09T03:50:59.163+0000][1][safepoint    ] Entering safepoint region: RevokeBias
[2019-12-09T03:50:59.163+0000][1][safepoint    ] Leaving safepoint region
[2019-12-09T03:50:59.163+0000][1][safepoint    ] Total time for which application threads were stopped: 0.0000821 seconds, Stopping threads took: 0.0000189 seconds
[2019-12-09T03:50:59.163+0000][1][safepoint    ] Application time: 0.0004195 seconds
[2019-12-09T03:50:59.163+0000][1][safepoint    ] Entering safepoint region: RevokeBias
[2019-12-09T03:50:59.164+0000][1][safepoint    ] Leaving safepoint region
[2019-12-09T03:50:59.164+0000][1][safepoint    ] Total time for which application threads were stopped: 0.0000795 seconds, Stopping threads took: 0.0000110 seconds
[2019-12-09T03:50:59.164+0000][1][safepoint    ] Application time: 0.0009227 seconds
[2019-12-09T03:50:59.165+0000][1][safepoint    ] Entering safepoint region: RevokeBias
[2019-12-09T03:50:59.165+0000][1][safepoint    ] Leaving safepoint region
[2019-12-09T03:50:59.165+0000][1][safepoint    ] Total time for which application threads were stopped: 0.0000644 seconds, Stopping threads took: 0.0000126 seconds
[2019-12-09T03:50:59.165+0000][1][safepoint    ] Application time: 0.0000767 seconds
[2019-12-09T03:50:59.165+0000][1][safepoint    ] Entering safepoint region: RevokeBias
[2019-12-09T03:50:59.165+0000][1][safepoint    ] Leaving safepoint region
[2019-12-09T03:50:59.165+0000][1][safepoint    ] Total time for which application threads were stopped: 0.0000726 seconds, Stopping threads took: 0.0000094 seconds
[2019-12-09T03:50:59.165+0000][1][safepoint    ] Application time: 0.0001438 seconds
[2019-12-09T03:50:59.165+0000][1][safepoint    ] Entering safepoint region: RevokeBias
[2019-12-09T03:50:59.165+0000][1][safepoint    ] Leaving safepoint region
[2019-12-09T03:50:59.165+0000][1][safepoint    ] Total time for which application threads were stopped: 0.0000526 seconds, Stopping threads took: 0.0000101 seconds
[2019-12-09T03:50:59.165+0000][1][safepoint    ] Application time: 0.0003386 seconds
[2019-12-09T03:50:59.165+0000][1][safepoint    ] Entering safepoint region: RevokeBias
[2019-12-09T03:50:59.165+0000][1][safepoint    ] Leaving safepoint region
[2019-12-09T03:50:59.165+0000][1][safepoint    ] Total time for which application threads were stopped: 0.0000657 seconds, Stopping threads took: 0.0000110 seconds
[2019-12-09T03:50:59.166+0000][1][safepoint    ] Application time: 0.0001791 seconds
[2019-12-09T03:50:59.166+0000][1][safepoint    ] Entering safepoint region: RevokeBias
[2019-12-09T03:50:59.166+0000][1][safepoint    ] Leaving safepoint region
[2019-12-09T03:50:59.166+0000][1][safepoint    ] Total time for which application threads were stopped: 0.0000570 seconds, Stopping threads took: 0.0000110 seconds
[2019-12-09T03:50:59.166+0000][1][safepoint    ] Application time: 0.0004859 seconds
[2019-12-09T03:50:59.166+0000][1][safepoint    ] Entering safepoint region: RevokeBias
[2019-12-09T03:50:59.166+0000][1][safepoint    ] Leaving safepoint region
[2019-12-09T03:50:59.166+0000][1][safepoint    ] Total time for which application threads were stopped: 0.0000701 seconds, Stopping threads took: 0.0000123 seconds
[2019-12-09T03:50:59.166+0000][1][safepoint    ] Application time: 0.0001117 seconds
[2019-12-09T03:50:59.166+0000][1][safepoint    ] Entering safepoint region: RevokeBias
[2019-12-09T03:50:59.166+0000][1][safepoint    ] Leaving safepoint region
[2019-12-09T03:50:59.166+0000][1][safepoint    ] Total time for which application threads were stopped: 0.0000525 seconds, Stopping threads took: 0.0000099 seconds
[2019-12-09T03:50:59.167+0000][1][safepoint    ] Application time: 0.0005781 seconds
[2019-12-09T03:50:59.167+0000][1][safepoint    ] Entering safepoint region: RevokeBias
[2019-12-09T03:50:59.167+0000][1][safepoint    ] Leaving safepoint region
[2019-12-09T03:50:59.167+0000][1][safepoint    ] Total time for which application threads were stopped: 0.0000619 seconds, Stopping threads took: 0.0000127 seconds
[2019-12-09T03:50:59.167+0000][1][safepoint    ] Application time: 0.0001066 seconds
[2019-12-09T03:50:59.167+0000][1][safepoint    ] Entering safepoint region: RevokeBias
[2019-12-09T03:50:59.167+0000][1][safepoint    ] Leaving safepoint region
[2019-12-09T03:50:59.167+0000][1][safepoint    ] Total time for which application threads were stopped: 0.0000566 seconds, Stopping threads took: 0.0000143 seconds
[2019-12-09T03:50:59.167+0000][1][safepoint    ] Application time: 0.0001735 seconds
[2019-12-09T03:50:59.167+0000][1][safepoint    ] Entering safepoint region: RevokeBias
[2019-12-09T03:50:59.167+0000][1][safepoint    ] Leaving safepoint region
[2019-12-09T03:50:59.168+0000][1][safepoint    ] Total time for which application threads were stopped: 0.0000528 seconds, Stopping threads took: 0.0000100 seconds
[2019-12-09T03:50:59.168+0000][1][safepoint    ] Application time: 0.0002970 seconds
[2019-12-09T03:50:59.168+0000][1][safepoint    ] Entering safepoint region: RevokeBias
[2019-12-09T03:50:59.168+0000][1][safepoint    ] Leaving safepoint region
[2019-12-09T03:50:59.168+0000][1][safepoint    ] Total time for which application threads were stopped: 0.0000551 seconds, Stopping threads took: 0.0000108 seconds
[2019-12-09T03:50:59.168+0000][1][safepoint    ] Application time: 0.0002243 seconds
[2019-12-09T03:50:59.168+0000][1][safepoint    ] Entering safepoint region: RevokeBias
[2019-12-09T03:50:59.168+0000][1][safepoint    ] Leaving safepoint region
[2019-12-09T03:50:59.168+0000][1][safepoint    ] Total time for which application threads were stopped: 0.0000574 seconds, Stopping threads took: 0.0000111 seconds
[2019-12-09T03:50:59.168+0000][1][safepoint    ] Application time: 0.0001974 seconds
[2019-12-09T03:50:59.168+0000][1][safepoint    ] Entering safepoint region: RevokeBias
[2019-12-09T03:50:59.168+0000][1][safepoint    ] Leaving safepoint region
[2019-12-09T03:50:59.168+0000][1][safepoint    ] Total time for which application threads were stopped: 0.0000550 seconds, Stopping threads took: 0.0000105 seconds
[2019-12-09T03:50:59.226+0000][1][safepoint    ] Application time: 0.0573102 seconds
[2019-12-09T03:50:59.226+0000][1][safepoint    ] Entering safepoint region: RevokeBias
[2019-12-09T03:50:59.226+0000][1][safepoint    ] Leaving safepoint region
[2019-12-09T03:50:59.226+0000][1][safepoint    ] Total time for which application threads were stopped: 0.0000818 seconds, Stopping threads took: 0.0000163 seconds
[2019-12-09T03:50:59.256+0000][1][safepoint    ] Application time: 0.0297978 seconds
[2019-12-09T03:50:59.256+0000][1][safepoint    ] Entering safepoint region: RevokeBias
[2019-12-09T03:50:59.256+0000][1][safepoint    ] Leaving safepoint region
[2019-12-09T03:50:59.256+0000][1][safepoint    ] Total time for which application threads were stopped: 0.0001210 seconds, Stopping threads took: 0.0000477 seconds
[2019-12-09T03:50:59.266+0000][1][safepoint    ] Application time: 0.0100546 seconds
[2019-12-09T03:50:59.266+0000][1][safepoint    ] Entering safepoint region: RevokeBias
[2019-12-09T03:50:59.266+0000][1][safepoint    ] Leaving safepoint region
[2019-12-09T03:50:59.266+0000][1][safepoint    ] Total time for which application threads were stopped: 0.0000832 seconds, Stopping threads took: 0.0000165 seconds
[2019-12-09T03:50:59.266+0000][1][safepoint    ] Application time: 0.0001818 seconds
[2019-12-09T03:50:59.266+0000][1][safepoint    ] Entering safepoint region: RevokeBias
[2019-12-09T03:50:59.266+0000][1][safepoint    ] Leaving safepoint region
[2019-12-09T03:50:59.266+0000][1][safepoint    ] Total time for which application threads were stopped: 0.0000557 seconds, Stopping threads took: 0.0000105 seconds
[2019-12-09T03:50:59.267+0000][1][safepoint    ] Application time: 0.0002095 seconds
[2019-12-09T03:50:59.267+0000][1][safepoint    ] Entering safepoint region: RevokeBias
[2019-12-09T03:50:59.267+0000][1][safepoint    ] Leaving safepoint region
[2019-12-09T03:50:59.267+0000][1][safepoint    ] Total time for which application threads were stopped: 0.0000476 seconds, Stopping threads took: 0.0000096 seconds
[2019-12-09T03:50:59.267+0000][1][safepoint    ] Application time: 0.0001053 seconds
[2019-12-09T03:50:59.267+0000][1][safepoint    ] Entering safepoint region: RevokeBias
[2019-12-09T03:50:59.267+0000][1][safepoint    ] Leaving safepoint region
[2019-12-09T03:50:59.267+0000][1][safepoint    ] Total time for which application threads were stopped: 0.0000510 seconds, Stopping threads took: 0.0000143 seconds
[2019-12-09T03:50:59.280+0000][1][safepoint    ] Application time: 0.0136554 seconds
[2019-12-09T03:50:59.280+0000][1][safepoint    ] Entering safepoint region: RevokeBias
[2019-12-09T03:50:59.280+0000][1][safepoint    ] Leaving safepoint region
[2019-12-09T03:50:59.280+0000][1][safepoint    ] Total time for which application threads were stopped: 0.0000637 seconds, Stopping threads took: 0.0000134 seconds
[2019-12-09T03:50:59.281+0000][1][safepoint    ] Application time: 0.0003966 seconds
[2019-12-09T03:50:59.281+0000][1][safepoint    ] Entering safepoint region: RevokeBias
[2019-12-09T03:50:59.281+0000][1][safepoint    ] Leaving safepoint region
[2019-12-09T03:50:59.281+0000][1][safepoint    ] Total time for which application threads were stopped: 0.0000627 seconds, Stopping threads took: 0.0000123 seconds
[2019-12-09T03:50:59.281+0000][1][safepoint    ] Application time: 0.0002309 seconds
[2019-12-09T03:50:59.281+0000][1][safepoint    ] Entering safepoint region: RevokeBias
[2019-12-09T03:50:59.281+0000][1][safepoint    ] Leaving safepoint region
[2019-12-09T03:50:59.281+0000][1][safepoint    ] Total time for which application threads were stopped: 0.0000564 seconds, Stopping threads took: 0.0000109 seconds
[2019-12-09T03:50:59.282+0000][1][safepoint    ] Application time: 0.0004838 seconds
[2019-12-09T03:50:59.282+0000][1][safepoint    ] Entering safepoint region: RevokeBias
[2019-12-09T03:50:59.282+0000][1][safepoint    ] Leaving safepoint region
[2019-12-09T03:50:59.282+0000][1][safepoint    ] Total time for which application threads were stopped: 0.0000579 seconds, Stopping threads took: 0.0000126 seconds
[2019-12-09T03:50:59.298+0000][1][safepoint    ] Application time: 0.0157402 seconds
[2019-12-09T03:50:59.298+0000][1][safepoint    ] Entering safepoint region: RevokeBias
[2019-12-09T03:50:59.298+0000][1][safepoint    ] Leaving safepoint region
[2019-12-09T03:50:59.298+0000][1][safepoint    ] Total time for which application threads were stopped: 0.0000929 seconds, Stopping threads took: 0.0000156 seconds
[2019-12-09T03:50:59.316+0000][1][safepoint    ] Application time: 0.0184441 seconds
[2019-12-09T03:50:59.316+0000][1][safepoint    ] Entering safepoint region: BulkRevokeBias
[2019-12-09T03:50:59.317+0000][1][safepoint    ] Leaving safepoint region
[2019-12-09T03:50:59.317+0000][1][safepoint    ] Total time for which application threads were stopped: 0.0003449 seconds, Stopping threads took: 0.0000126 seconds
[2019-12-09T03:50:59.362+0000][1][safepoint    ] Application time: 0.0454733 seconds
[2019-12-09T03:50:59.362+0000][1][safepoint    ] Entering safepoint region: RevokeBias
[2019-12-09T03:50:59.362+0000][1][safepoint    ] Leaving safepoint region
[2019-12-09T03:50:59.362+0000][1][safepoint    ] Total time for which application threads were stopped: 0.0000856 seconds, Stopping threads took: 0.0000185 seconds
[2019-12-09T03:50:59.372+0000][1][safepoint    ] Application time: 0.0094313 seconds
[2019-12-09T03:50:59.372+0000][1][safepoint    ] Entering safepoint region: RevokeBias
[2019-12-09T03:50:59.372+0000][1][safepoint    ] Leaving safepoint region
[2019-12-09T03:50:59.372+0000][1][safepoint    ] Total time for which application threads were stopped: 0.0000949 seconds, Stopping threads took: 0.0000145 seconds
[2019-12-09T03:50:59.436+0000][1][safepoint    ] Application time: 0.0639731 seconds
[2019-12-09T03:50:59.443+0000][1][safepoint    ] Entering safepoint region: RevokeBias
[2019-12-09T03:50:59.443+0000][1][safepoint    ] Leaving safepoint region
[2019-12-09T03:50:59.443+0000][1][safepoint    ] Total time for which application threads were stopped: 0.0073486 seconds, Stopping threads took: 0.0072455 seconds
[2019-12-09T03:50:59.445+0000][1][safepoint    ] Application time: 0.0016861 seconds
[2019-12-09T03:50:59.445+0000][1][safepoint    ] Entering safepoint region: RevokeBias
[2019-12-09T03:50:59.445+0000][1][safepoint    ] Leaving safepoint region
[2019-12-09T03:50:59.445+0000][1][safepoint    ] Total time for which application threads were stopped: 0.0004079 seconds, Stopping threads took: 0.0003419 seconds
[2019-12-09T03:50:59.465+0000][1][safepoint    ] Application time: 0.0195618 seconds
[2019-12-09T03:50:59.489+0000][1][safepoint    ] Entering safepoint region: RevokeBias
[2019-12-09T03:50:59.489+0000][1][safepoint    ] Leaving safepoint region
[2019-12-09T03:50:59.489+0000][1][safepoint    ] Total time for which application threads were stopped: 0.0244488 seconds, Stopping threads took: 0.0243627 seconds
[2019-12-09T03:50:59.491+0000][1][safepoint    ] Application time: 0.0018055 seconds
[2019-12-09T03:50:59.491+0000][1][safepoint    ] Entering safepoint region: RevokeBias
[2019-12-09T03:50:59.491+0000][1][safepoint    ] Leaving safepoint region
[2019-12-09T03:50:59.491+0000][1][safepoint    ] Total time for which application threads were stopped: 0.0000752 seconds, Stopping threads took: 0.0000129 seconds
[2019-12-09T03:50:59.526+0000][1][safepoint    ] Application time: 0.0349778 seconds
[2019-12-09T03:50:59.526+0000][1][safepoint    ] Entering safepoint region: BulkRevokeBias
[2019-12-09T03:50:59.526+0000][1][safepoint    ] Leaving safepoint region
[2019-12-09T03:50:59.526+0000][1][safepoint    ] Total time for which application threads were stopped: 0.0002920 seconds, Stopping threads took: 0.0000154 seconds
[2019-12-09T03:50:59.527+0000][1][safepoint    ] Application time: 0.0003517 seconds
[2019-12-09T03:50:59.527+0000][1][safepoint    ] Entering safepoint region: RevokeBias
[2019-12-09T03:50:59.527+0000][1][safepoint    ] Leaving safepoint region
[2019-12-09T03:50:59.527+0000][1][safepoint    ] Total time for which application threads were stopped: 0.0000648 seconds, Stopping threads took: 0.0000135 seconds
[2019-12-09T03:50:59.527+0000][1][safepoint    ] Application time: 0.0003341 seconds
[2019-12-09T03:50:59.527+0000][1][safepoint    ] Entering safepoint region: RevokeBias
[2019-12-09T03:50:59.527+0000][1][safepoint    ] Leaving safepoint region
[2019-12-09T03:50:59.527+0000][1][safepoint    ] Total time for which application threads were stopped: 0.0000498 seconds, Stopping threads took: 0.0000112 seconds
[2019-12-09T03:50:59.528+0000][1][safepoint    ] Application time: 0.0005096 seconds
[2019-12-09T03:50:59.528+0000][1][safepoint    ] Entering safepoint region: RevokeBias
[2019-12-09T03:50:59.528+0000][1][safepoint    ] Leaving safepoint region
[2019-12-09T03:50:59.528+0000][1][safepoint    ] Total time for which application threads were stopped: 0.0000496 seconds, Stopping threads took: 0.0000099 seconds
[2019-12-09T03:50:59.528+0000][1][safepoint    ] Application time: 0.0004745 seconds
[2019-12-09T03:50:59.528+0000][1][safepoint    ] Entering safepoint region: RevokeBias
[2019-12-09T03:50:59.528+0000][1][safepoint    ] Leaving safepoint region
[2019-12-09T03:50:59.528+0000][1][safepoint    ] Total time for which application threads were stopped: 0.0000442 seconds, Stopping threads took: 0.0000095 seconds
[2019-12-09T03:50:59.582+0000][1][safepoint    ] Application time: 0.0534288 seconds
[2019-12-09T03:50:59.582+0000][1][safepoint    ] Entering safepoint region: RevokeBias
[2019-12-09T03:50:59.582+0000][1][safepoint    ] Leaving safepoint region
[2019-12-09T03:50:59.582+0000][1][safepoint    ] Total time for which application threads were stopped: 0.0001859 seconds, Stopping threads took: 0.0001207 seconds
[2019-12-09T03:50:59.605+0000][1][safepoint    ] Application time: 0.0224738 seconds
[2019-12-09T03:50:59.605+0000][1][safepoint    ] Entering safepoint region: RevokeBias
[2019-12-09T03:50:59.605+0000][1][safepoint    ] Leaving safepoint region
[2019-12-09T03:50:59.605+0000][1][safepoint    ] Total time for which application threads were stopped: 0.0001808 seconds, Stopping threads took: 0.0001059 seconds
[2019-12-09T03:50:59.612+0000][1][safepoint    ] Application time: 0.0068885 seconds
[2019-12-09T03:50:59.612+0000][1][safepoint    ] Entering safepoint region: RevokeBias
[2019-12-09T03:50:59.612+0000][1][safepoint    ] Leaving safepoint region
[2019-12-09T03:50:59.612+0000][1][safepoint    ] Total time for which application threads were stopped: 0.0001264 seconds, Stopping threads took: 0.0000653 seconds
[2019-12-09T03:50:59.612+0000][1][safepoint    ] Application time: 0.0004007 seconds
[2019-12-09T03:50:59.612+0000][1][safepoint    ] Entering safepoint region: RevokeBias
[2019-12-09T03:50:59.612+0000][1][safepoint    ] Leaving safepoint region
[2019-12-09T03:50:59.612+0000][1][safepoint    ] Total time for which application threads were stopped: 0.0000663 seconds, Stopping threads took: 0.0000117 seconds
[2019-12-09T03:50:59.619+0000][1][safepoint    ] Application time: 0.0065599 seconds
[2019-12-09T03:50:59.619+0000][1][safepoint    ] Entering safepoint region: RevokeBias
[2019-12-09T03:50:59.619+0000][1][safepoint    ] Leaving safepoint region
[2019-12-09T03:50:59.619+0000][1][safepoint    ] Total time for which application threads were stopped: 0.0001582 seconds, Stopping threads took: 0.0001070 seconds
[2019-12-09T03:50:59.627+0000][1][safepoint    ] Application time: 0.0082068 seconds
[2019-12-09T03:50:59.627+0000][1][safepoint    ] Entering safepoint region: RevokeBias
[2019-12-09T03:50:59.627+0000][1][safepoint    ] Leaving safepoint region
[2019-12-09T03:50:59.627+0000][1][safepoint    ] Total time for which application threads were stopped: 0.0001148 seconds, Stopping threads took: 0.0000546 seconds
[2019-12-09T03:50:59.628+0000][1][safepoint    ] Application time: 0.0009009 seconds
[2019-12-09T03:50:59.628+0000][1][safepoint    ] Entering safepoint region: RevokeBias
[2019-12-09T03:50:59.628+0000][1][safepoint    ] Leaving safepoint region
[2019-12-09T03:50:59.628+0000][1][safepoint    ] Total time for which application threads were stopped: 0.0000714 seconds, Stopping threads took: 0.0000132 seconds
[2019-12-09T03:50:59.629+0000][1][safepoint    ] Application time: 0.0004157 seconds
[2019-12-09T03:50:59.629+0000][1][safepoint    ] Entering safepoint region: RevokeBias
[2019-12-09T03:50:59.629+0000][1][safepoint    ] Leaving safepoint region
[2019-12-09T03:50:59.629+0000][1][safepoint    ] Total time for which application threads were stopped: 0.0000694 seconds, Stopping threads took: 0.0000121 seconds
[2019-12-09T03:50:59.637+0000][1][safepoint    ] Application time: 0.0084262 seconds
[2019-12-09T03:50:59.638+0000][1][safepoint    ] Entering safepoint region: RevokeBias
[2019-12-09T03:50:59.638+0000][1][safepoint    ] Leaving safepoint region
[2019-12-09T03:50:59.638+0000][1][safepoint    ] Total time for which application threads were stopped: 0.0002974 seconds, Stopping threads took: 0.0002203 seconds
[2019-12-09T03:50:59.641+0000][1][safepoint    ] Application time: 0.0033041 seconds
[2019-12-09T03:50:59.641+0000][1][safepoint    ] Entering safepoint region: RevokeBias
[2019-12-09T03:50:59.641+0000][1][safepoint    ] Leaving safepoint region
[2019-12-09T03:50:59.641+0000][1][safepoint    ] Total time for which application threads were stopped: 0.0001067 seconds, Stopping threads took: 0.0000477 seconds
[2019-12-09T03:50:59.645+0000][1][safepoint    ] Application time: 0.0034718 seconds
[2019-12-09T03:50:59.645+0000][1][safepoint    ] Entering safepoint region: RevokeBias
[2019-12-09T03:50:59.645+0000][1][safepoint    ] Leaving safepoint region
[2019-12-09T03:50:59.645+0000][1][safepoint    ] Total time for which application threads were stopped: 0.0000706 seconds, Stopping threads took: 0.0000136 seconds
[2019-12-09T03:50:59.648+0000][1][safepoint    ] Application time: 0.0036934 seconds
[2019-12-09T03:50:59.648+0000][1][safepoint    ] Entering safepoint region: RevokeBias
[2019-12-09T03:50:59.649+0000][1][safepoint    ] Leaving safepoint region
[2019-12-09T03:50:59.649+0000][1][safepoint    ] Total time for which application threads were stopped: 0.0000630 seconds, Stopping threads took: 0.0000118 seconds
[2019-12-09T03:50:59.649+0000][1][safepoint    ] Application time: 0.0000604 seconds
[2019-12-09T03:50:59.649+0000][1][safepoint    ] Entering safepoint region: RevokeBias
[2019-12-09T03:50:59.649+0000][1][safepoint    ] Leaving safepoint region
[2019-12-09T03:50:59.649+0000][1][safepoint    ] Total time for which application threads were stopped: 0.0000742 seconds, Stopping threads took: 0.0000134 seconds
[2019-12-09T03:50:59.655+0000][1][safepoint    ] Application time: 0.0059579 seconds
[2019-12-09T03:50:59.655+0000][1][safepoint    ] Entering safepoint region: RevokeBias
[2019-12-09T03:50:59.655+0000][1][safepoint    ] Leaving safepoint region
[2019-12-09T03:50:59.655+0000][1][safepoint    ] Total time for which application threads were stopped: 0.0001592 seconds, Stopping threads took: 0.0001168 seconds
[2019-12-09T03:50:59.679+0000][1][safepoint    ] Application time: 0.0239056 seconds
[2019-12-09T03:50:59.679+0000][1][safepoint    ] Entering safepoint region: RevokeBias
[2019-12-09T03:50:59.679+0000][1][safepoint    ] Leaving safepoint region
[2019-12-09T03:50:59.679+0000][1][safepoint    ] Total time for which application threads were stopped: 0.0000668 seconds, Stopping threads took: 0.0000136 seconds
[2019-12-09T03:50:59.681+0000][1][safepoint    ] Application time: 0.0018893 seconds
[2019-12-09T03:50:59.681+0000][1][safepoint    ] Entering safepoint region: RevokeBias
[2019-12-09T03:50:59.681+0000][1][safepoint    ] Leaving safepoint region
[2019-12-09T03:50:59.681+0000][1][safepoint    ] Total time for which application threads were stopped: 0.0000570 seconds, Stopping threads took: 0.0000118 seconds
[2019-12-09T03:50:59.685+0000][1][safepoint    ] Application time: 0.0046067 seconds
[2019-12-09T03:50:59.685+0000][1][safepoint    ] Entering safepoint region: RevokeBias
[2019-12-09T03:50:59.686+0000][1][safepoint    ] Leaving safepoint region
[2019-12-09T03:50:59.686+0000][1][safepoint    ] Total time for which application threads were stopped: 0.0000548 seconds, Stopping threads took: 0.0000118 seconds
[2019-12-09T03:50:59.686+0000][1][safepoint    ] Application time: 0.0003811 seconds
[2019-12-09T03:50:59.686+0000][1][safepoint    ] Entering safepoint region: RevokeBias
[2019-12-09T03:50:59.686+0000][1][safepoint    ] Leaving safepoint region
[2019-12-09T03:50:59.686+0000][1][safepoint    ] Total time for which application threads were stopped: 0.0000558 seconds, Stopping threads took: 0.0000121 seconds
[2019-12-09T03:50:59.729+0000][1][safepoint    ] Application time: 0.0430369 seconds
[2019-12-09T03:50:59.729+0000][1][safepoint    ] Entering safepoint region: RevokeBias
[2019-12-09T03:50:59.729+0000][1][safepoint    ] Leaving safepoint region
[2019-12-09T03:50:59.729+0000][1][safepoint    ] Total time for which application threads were stopped: 0.0000834 seconds, Stopping threads took: 0.0000154 seconds
[2019-12-09T03:50:59.737+0000][1][safepoint    ] Application time: 0.0081362 seconds
[2019-12-09T03:50:59.737+0000][1][safepoint    ] Entering safepoint region: RevokeBias
[2019-12-09T03:50:59.737+0000][1][safepoint    ] Leaving safepoint region
[2019-12-09T03:50:59.737+0000][1][safepoint    ] Total time for which application threads were stopped: 0.0000639 seconds, Stopping threads took: 0.0000135 seconds
[2019-12-09T03:51:00.589+0000][1][safepoint    ] Application time: 0.8516664 seconds
[2019-12-09T03:51:00.589+0000][1][safepoint    ] Entering safepoint region: RevokeBias
[2019-12-09T03:51:00.589+0000][1][safepoint    ] Leaving safepoint region
[2019-12-09T03:51:00.589+0000][1][safepoint    ] Total time for which application threads were stopped: 0.0000872 seconds, Stopping threads took: 0.0000161 seconds
[2019-12-09T03:51:00.625+0000][1][safepoint    ] Application time: 0.0353568 seconds
[2019-12-09T03:51:00.635+0000][1][safepoint    ] Entering safepoint region: RevokeBias
[2019-12-09T03:51:00.635+0000][1][safepoint    ] Leaving safepoint region
[2019-12-09T03:51:00.635+0000][1][safepoint    ] Total time for which application threads were stopped: 0.0102340 seconds, Stopping threads took: 0.0101501 seconds
[2019-12-09T03:51:00.668+0000][1][safepoint    ] Application time: 0.0333353 seconds
[2019-12-09T03:51:00.668+0000][1][safepoint    ] Entering safepoint region: RevokeBias
[2019-12-09T03:51:00.668+0000][1][safepoint    ] Leaving safepoint region
[2019-12-09T03:51:00.668+0000][1][safepoint    ] Total time for which application threads were stopped: 0.0001451 seconds, Stopping threads took: 0.0000757 seconds
[2019-12-09T03:51:00.673+0000][1][safepoint    ] Application time: 0.0049250 seconds
[2019-12-09T03:51:00.673+0000][1][safepoint    ] Entering safepoint region: BulkRevokeBias
[2019-12-09T03:51:00.674+0000][1][safepoint    ] Leaving safepoint region
[2019-12-09T03:51:00.674+0000][1][safepoint    ] Total time for which application threads were stopped: 0.0004093 seconds, Stopping threads took: 0.0000569 seconds
[2019-12-09T03:51:00.675+0000][1][safepoint    ] Application time: 0.0011667 seconds
[2019-12-09T03:51:00.675+0000][1][safepoint    ] Entering safepoint region: RevokeBias
[2019-12-09T03:51:00.675+0000][1][safepoint    ] Leaving safepoint region
[2019-12-09T03:51:00.675+0000][1][safepoint    ] Total time for which application threads were stopped: 0.0003383 seconds, Stopping threads took: 0.0000124 seconds
[2019-12-09T03:51:00.818+0000][1][safepoint    ] Application time: 0.1426046 seconds
[2019-12-09T03:51:00.818+0000][1][safepoint    ] Entering safepoint region: RevokeBias
[2019-12-09T03:51:00.818+0000][1][safepoint    ] Leaving safepoint region
[2019-12-09T03:51:00.818+0000][1][safepoint    ] Total time for which application threads were stopped: 0.0000945 seconds, Stopping threads took: 0.0000159 seconds
[2019-12-09T03:51:00.818+0000][1][safepoint    ] Application time: 0.0001582 seconds
[2019-12-09T03:51:00.818+0000][1][safepoint    ] Entering safepoint region: RevokeBias
[2019-12-09T03:51:00.818+0000][1][safepoint    ] Leaving safepoint region
[2019-12-09T03:51:00.818+0000][1][safepoint    ] Total time for which application threads were stopped: 0.0000557 seconds, Stopping threads took: 0.0000089 seconds
[2019-12-09T03:51:00.820+0000][1][safepoint    ] Application time: 0.0015971 seconds
[2019-12-09T03:51:00.820+0000][1][safepoint    ] Entering safepoint region: RevokeBias
[2019-12-09T03:51:00.820+0000][1][safepoint    ] Leaving safepoint region
[2019-12-09T03:51:00.820+0000][1][safepoint    ] Total time for which application threads were stopped: 0.0000514 seconds, Stopping threads took: 0.0000114 seconds
[2019-12-09T03:51:01.675+0000][1][safepoint    ] Application time: 0.8555518 seconds
[2019-12-09T03:51:01.676+0000][1][safepoint    ] Entering safepoint region: RevokeBias
[2019-12-09T03:51:01.676+0000][1][safepoint    ] Leaving safepoint region
[2019-12-09T03:51:01.676+0000][1][safepoint    ] Total time for which application threads were stopped: 0.0001936 seconds, Stopping threads took: 0.0001026 seconds
[2019-12-09T03:51:01.677+0000][1][safepoint    ] Application time: 0.0008060 seconds
[2019-12-09T03:51:01.677+0000][1][safepoint    ] Entering safepoint region: RevokeBias
[2019-12-09T03:51:01.677+0000][1][safepoint    ] Leaving safepoint region
[2019-12-09T03:51:01.677+0000][1][safepoint    ] Total time for which application threads were stopped: 0.0001436 seconds, Stopping threads took: 0.0000842 seconds
[2019-12-09T03:51:01.678+0000][1][safepoint    ] Application time: 0.0008571 seconds
[2019-12-09T03:51:01.678+0000][1][safepoint    ] Entering safepoint region: RevokeBias
[2019-12-09T03:51:01.678+0000][1][safepoint    ] Leaving safepoint region
[2019-12-09T03:51:01.678+0000][1][safepoint    ] Total time for which application threads were stopped: 0.0000893 seconds, Stopping threads took: 0.0000452 seconds
[2019-12-09T03:51:01.678+0000][1][safepoint    ] Application time: 0.0003691 seconds
[2019-12-09T03:51:01.678+0000][1][safepoint    ] Entering safepoint region: RevokeBias
[2019-12-09T03:51:01.678+0000][1][safepoint    ] Leaving safepoint region
[2019-12-09T03:51:01.678+0000][1][safepoint    ] Total time for which application threads were stopped: 0.0000568 seconds, Stopping threads took: 0.0000120 seconds
[2019-12-09T03:51:01.699+0000][1][safepoint    ] Application time: 0.0207469 seconds
[2019-12-09T03:51:01.699+0000][1][safepoint    ] Entering safepoint region: RevokeBias
[2019-12-09T03:51:01.699+0000][1][safepoint    ] Leaving safepoint region
[2019-12-09T03:51:01.699+0000][1][safepoint    ] Total time for which application threads were stopped: 0.0000909 seconds, Stopping threads took: 0.0000229 seconds
[2019-12-09T03:51:01.700+0000][1][safepoint    ] Application time: 0.0005112 seconds
[2019-12-09T03:51:01.700+0000][1][safepoint    ] Entering safepoint region: RevokeBias
[2019-12-09T03:51:01.700+0000][1][safepoint    ] Leaving safepoint region
[2019-12-09T03:51:01.700+0000][1][safepoint    ] Total time for which application threads were stopped: 0.0000678 seconds, Stopping threads took: 0.0000132 seconds
[2019-12-09T03:51:01.727+0000][1][safepoint    ] Application time: 0.0271240 seconds
[2019-12-09T03:51:01.727+0000][1][safepoint    ] Entering safepoint region: RevokeBias
[2019-12-09T03:51:01.727+0000][1][safepoint    ] Leaving safepoint region
[2019-12-09T03:51:01.727+0000][1][safepoint    ] Total time for which application threads were stopped: 0.0000774 seconds, Stopping threads took: 0.0000167 seconds
[2019-12-09T03:51:01.772+0000][1][safepoint    ] Application time: 0.0453738 seconds
[2019-12-09T03:51:01.772+0000][1][safepoint    ] Entering safepoint region: RevokeBias
[2019-12-09T03:51:01.772+0000][1][safepoint    ] Leaving safepoint region
[2019-12-09T03:51:01.772+0000][1][safepoint    ] Total time for which application threads were stopped: 0.0000978 seconds, Stopping threads took: 0.0000191 seconds
[2019-12-09T03:51:02.576+0000][1][safepoint    ] Application time: 0.8036319 seconds
[2019-12-09T03:51:02.586+0000][1][safepoint    ] Entering safepoint region: RevokeBias
[2019-12-09T03:51:02.586+0000][1][safepoint    ] Leaving safepoint region
[2019-12-09T03:51:02.586+0000][1][safepoint    ] Total time for which application threads were stopped: 0.0097898 seconds, Stopping threads took: 0.0096658 seconds
[2019-12-09T03:51:02.587+0000][1][safepoint    ] Application time: 0.0011917 seconds
[2019-12-09T03:51:02.587+0000][1][safepoint    ] Entering safepoint region: RevokeBias
[2019-12-09T03:51:02.587+0000][1][safepoint    ] Leaving safepoint region
[2019-12-09T03:51:02.587+0000][1][safepoint    ] Total time for which application threads were stopped: 0.0001056 seconds, Stopping threads took: 0.0000155 seconds
[2019-12-09T03:51:02.588+0000][1][safepoint    ] Application time: 0.0008075 seconds
[2019-12-09T03:51:02.588+0000][1][safepoint    ] Entering safepoint region: RevokeBias
[2019-12-09T03:51:02.588+0000][1][safepoint    ] Leaving safepoint region
[2019-12-09T03:51:02.588+0000][1][safepoint    ] Total time for which application threads were stopped: 0.0001374 seconds, Stopping threads took: 0.0000779 seconds
[2019-12-09T03:51:02.589+0000][1][safepoint    ] Application time: 0.0004603 seconds
[2019-12-09T03:51:02.589+0000][1][safepoint    ] Entering safepoint region: RevokeBias
[2019-12-09T03:51:02.589+0000][1][safepoint    ] Leaving safepoint region
[2019-12-09T03:51:02.589+0000][1][safepoint    ] Total time for which application threads were stopped: 0.0000808 seconds, Stopping threads took: 0.0000119 seconds
[2019-12-09T03:51:02.589+0000][1][safepoint    ] Application time: 0.0003862 seconds
[2019-12-09T03:51:02.589+0000][1][safepoint    ] Entering safepoint region: RevokeBias
[2019-12-09T03:51:02.589+0000][1][safepoint    ] Leaving safepoint region
[2019-12-09T03:51:02.589+0000][1][safepoint    ] Total time for which application threads were stopped: 0.0000972 seconds, Stopping threads took: 0.0000441 seconds
[2019-12-09T03:51:02.590+0000][1][safepoint    ] Application time: 0.0009572 seconds
[2019-12-09T03:51:02.590+0000][1][safepoint    ] Entering safepoint region: BulkRevokeBias
[2019-12-09T03:51:02.591+0000][1][safepoint    ] Leaving safepoint region
[2019-12-09T03:51:02.591+0000][1][safepoint    ] Total time for which application threads were stopped: 0.0004348 seconds, Stopping threads took: 0.0000660 seconds
[2019-12-09T03:51:02.593+0000][1][safepoint    ] Application time: 0.0022437 seconds
[2019-12-09T03:51:02.593+0000][1][safepoint    ] Entering safepoint region: RevokeBias
[2019-12-09T03:51:02.593+0000][1][safepoint    ] Leaving safepoint region
[2019-12-09T03:51:02.593+0000][1][safepoint    ] Total time for which application threads were stopped: 0.0000839 seconds, Stopping threads took: 0.0000202 seconds
[2019-12-09T03:51:02.598+0000][1][safepoint    ] Application time: 0.0053592 seconds
[2019-12-09T03:51:02.598+0000][1][safepoint    ] Entering safepoint region: BulkRevokeBias
[2019-12-09T03:51:02.599+0000][1][safepoint    ] Leaving safepoint region
[2019-12-09T03:51:02.599+0000][1][safepoint    ] Total time for which application threads were stopped: 0.0006327 seconds, Stopping threads took: 0.0000120 seconds
[2019-12-09T03:51:02.602+0000][1][safepoint    ] Application time: 0.0030361 seconds
[2019-12-09T03:51:02.602+0000][1][safepoint    ] Entering safepoint region: RevokeBias
[2019-12-09T03:51:02.602+0000][1][safepoint    ] Leaving safepoint region
[2019-12-09T03:51:02.602+0000][1][safepoint    ] Total time for which application threads were stopped: 0.0001112 seconds, Stopping threads took: 0.0000128 seconds
[2019-12-09T03:51:02.602+0000][1][safepoint    ] Application time: 0.0002181 seconds
[2019-12-09T03:51:02.602+0000][1][safepoint    ] Entering safepoint region: RevokeBias
[2019-12-09T03:51:02.603+0000][1][safepoint    ] Leaving safepoint region
[2019-12-09T03:51:02.603+0000][1][safepoint    ] Total time for which application threads were stopped: 0.0000755 seconds, Stopping threads took: 0.0000124 seconds
[2019-12-09T03:51:02.603+0000][1][safepoint    ] Application time: 0.0002116 seconds
[2019-12-09T03:51:02.603+0000][1][safepoint    ] Entering safepoint region: RevokeBias
[2019-12-09T03:51:02.603+0000][1][safepoint    ] Leaving safepoint region
[2019-12-09T03:51:02.603+0000][1][safepoint    ] Total time for which application threads were stopped: 0.0000779 seconds, Stopping threads took: 0.0000128 seconds
[2019-12-09T03:51:02.603+0000][1][safepoint    ] Application time: 0.0002057 seconds
[2019-12-09T03:51:02.603+0000][1][safepoint    ] Entering safepoint region: RevokeBias
[2019-12-09T03:51:02.603+0000][1][safepoint    ] Leaving safepoint region
[2019-12-09T03:51:02.603+0000][1][safepoint    ] Total time for which application threads were stopped: 0.0000756 seconds, Stopping threads took: 0.0000124 seconds
[2019-12-09T03:51:02.604+0000][1][safepoint    ] Application time: 0.0004352 seconds
[2019-12-09T03:51:02.604+0000][1][safepoint    ] Entering safepoint region: RevokeBias
[2019-12-09T03:51:02.604+0000][1][safepoint    ] Leaving safepoint region
[2019-12-09T03:51:02.604+0000][1][safepoint    ] Total time for which application threads were stopped: 0.0001067 seconds, Stopping threads took: 0.0000274 seconds
[2019-12-09T03:51:02.607+0000][1][safepoint    ] Application time: 0.0033635 seconds
[2019-12-09T03:51:02.607+0000][1][safepoint    ] Entering safepoint region: RevokeBias
[2019-12-09T03:51:02.607+0000][1][safepoint    ] Leaving safepoint region
[2019-12-09T03:51:02.607+0000][1][safepoint    ] Total time for which application threads were stopped: 0.0000654 seconds, Stopping threads took: 0.0000128 seconds
[2019-12-09T03:51:02.613+0000][1][safepoint    ] Application time: 0.0062169 seconds
[2019-12-09T03:51:02.613+0000][1][safepoint    ] Entering safepoint region: RevokeBias
[2019-12-09T03:51:02.613+0000][1][safepoint    ] Leaving safepoint region
[2019-12-09T03:51:02.613+0000][1][safepoint    ] Total time for which application threads were stopped: 0.0000710 seconds, Stopping threads took: 0.0000127 seconds
[2019-12-09T03:51:02.614+0000][1][safepoint    ] Application time: 0.0005150 seconds
[2019-12-09T03:51:02.614+0000][1][safepoint    ] Entering safepoint region: RevokeBias
[2019-12-09T03:51:02.614+0000][1][safepoint    ] Leaving safepoint region
[2019-12-09T03:51:02.614+0000][1][safepoint    ] Total time for which application threads were stopped: 0.0000650 seconds, Stopping threads took: 0.0000119 seconds
[2019-12-09T03:51:02.620+0000][1][safepoint    ] Application time: 0.0054298 seconds
[2019-12-09T03:51:02.620+0000][1][safepoint    ] Entering safepoint region: RevokeBias
[2019-12-09T03:51:02.620+0000][1][safepoint    ] Leaving safepoint region
[2019-12-09T03:51:02.620+0000][1][safepoint    ] Total time for which application threads were stopped: 0.0000884 seconds, Stopping threads took: 0.0000296 seconds
[2019-12-09T03:51:02.620+0000][1][safepoint    ] Application time: 0.0004648 seconds
[2019-12-09T03:51:02.620+0000][1][safepoint    ] Entering safepoint region: RevokeBias
[2019-12-09T03:51:02.620+0000][1][safepoint    ] Leaving safepoint region
[2019-12-09T03:51:02.620+0000][1][safepoint    ] Total time for which application threads were stopped: 0.0000838 seconds, Stopping threads took: 0.0000108 seconds
[2019-12-09T03:51:02.624+0000][1][safepoint    ] Application time: 0.0032926 seconds
[2019-12-09T03:51:02.624+0000][1][safepoint    ] Entering safepoint region: BulkRevokeBias
[2019-12-09T03:51:02.624+0000][1][safepoint    ] Leaving safepoint region
[2019-12-09T03:51:02.624+0000][1][safepoint    ] Total time for which application threads were stopped: 0.0004510 seconds, Stopping threads took: 0.0000441 seconds
[2019-12-09T03:51:02.690+0000][1][safepoint    ] Application time: 0.0656936 seconds
[2019-12-09T03:51:02.690+0000][1][safepoint    ] Entering safepoint region: RevokeBias
[2019-12-09T03:51:02.690+0000][1][safepoint    ] Leaving safepoint region
[2019-12-09T03:51:02.690+0000][1][safepoint    ] Total time for which application threads were stopped: 0.0001213 seconds, Stopping threads took: 0.0000431 seconds
[2019-12-09T03:51:02.703+0000][1][safepoint    ] Application time: 0.0133532 seconds
[2019-12-09T03:51:02.703+0000][1][safepoint    ] Entering safepoint region: RevokeBias
[2019-12-09T03:51:02.703+0000][1][safepoint    ] Leaving safepoint region
[2019-12-09T03:51:02.703+0000][1][safepoint    ] Total time for which application threads were stopped: 0.0000908 seconds, Stopping threads took: 0.0000181 seconds
[2019-12-09T03:51:02.768+0000][1][safepoint    ] Application time: 0.0645801 seconds
[2019-12-09T03:51:02.768+0000][1][safepoint    ] Entering safepoint region: RevokeBias
[2019-12-09T03:51:02.768+0000][1][safepoint    ] Leaving safepoint region
[2019-12-09T03:51:02.768+0000][1][safepoint    ] Total time for which application threads were stopped: 0.0001037 seconds, Stopping threads took: 0.0000209 seconds
[2019-12-09T03:51:02.768+0000][1][safepoint    ] Application time: 0.0002775 seconds
[2019-12-09T03:51:02.768+0000][1][safepoint    ] Entering safepoint region: RevokeBias
[2019-12-09T03:51:02.768+0000][1][safepoint    ] Leaving safepoint region
[2019-12-09T03:51:02.768+0000][1][safepoint    ] Total time for which application threads were stopped: 0.0000709 seconds, Stopping threads took: 0.0000137 seconds
[2019-12-09T03:51:02.801+0000][1][safepoint    ] Application time: 0.0327902 seconds
[2019-12-09T03:51:02.801+0000][1][safepoint    ] Entering safepoint region: RevokeBias
[2019-12-09T03:51:02.801+0000][1][safepoint    ] Leaving safepoint region
[2019-12-09T03:51:02.801+0000][1][safepoint    ] Total time for which application threads were stopped: 0.0000995 seconds, Stopping threads took: 0.0000173 seconds
[2019-12-09T03:51:02.802+0000][1][safepoint    ] Application time: 0.0002663 seconds
[2019-12-09T03:51:02.802+0000][1][safepoint    ] Entering safepoint region: RevokeBias
[2019-12-09T03:51:02.802+0000][1][safepoint    ] Leaving safepoint region
[2019-12-09T03:51:02.802+0000][1][safepoint    ] Total time for which application threads were stopped: 0.0000976 seconds, Stopping threads took: 0.0000130 seconds
[2019-12-09T03:51:02.802+0000][1][safepoint    ] Application time: 0.0000681 seconds
[2019-12-09T03:51:02.802+0000][1][safepoint    ] Entering safepoint region: RevokeBias
[2019-12-09T03:51:02.802+0000][1][safepoint    ] Leaving safepoint region
[2019-12-09T03:51:02.802+0000][1][safepoint    ] Total time for which application threads were stopped: 0.0000559 seconds, Stopping threads took: 0.0000093 seconds
[2019-12-09T03:51:02.802+0000][1][safepoint    ] Application time: 0.0001990 seconds
[2019-12-09T03:51:02.802+0000][1][safepoint    ] Entering safepoint region: RevokeBias
[2019-12-09T03:51:02.802+0000][1][safepoint    ] Leaving safepoint region
[2019-12-09T03:51:02.802+0000][1][safepoint    ] Total time for which application threads were stopped: 0.0000692 seconds, Stopping threads took: 0.0000175 seconds
[2019-12-09T03:51:02.804+0000][1][safepoint    ] Application time: 0.0014848 seconds
[2019-12-09T03:51:02.804+0000][1][safepoint    ] Entering safepoint region: RevokeBias
[2019-12-09T03:51:02.804+0000][1][safepoint    ] Leaving safepoint region
[2019-12-09T03:51:02.804+0000][1][safepoint    ] Total time for which application threads were stopped: 0.0000727 seconds, Stopping threads took: 0.0000130 seconds
[2019-12-09T03:51:02.804+0000][1][safepoint    ] Application time: 0.0003038 seconds
[2019-12-09T03:51:02.804+0000][1][safepoint    ] Entering safepoint region: RevokeBias
[2019-12-09T03:51:02.804+0000][1][safepoint    ] Leaving safepoint region
[2019-12-09T03:51:02.804+0000][1][safepoint    ] Total time for which application threads were stopped: 0.0000605 seconds, Stopping threads took: 0.0000121 seconds
[2019-12-09T03:51:02.858+0000][1][safepoint    ] Application time: 0.0537234 seconds
[2019-12-09T03:51:02.858+0000][1][safepoint    ] Entering safepoint region: RevokeBias
[2019-12-09T03:51:02.858+0000][1][safepoint    ] Leaving safepoint region
[2019-12-09T03:51:02.858+0000][1][safepoint    ] Total time for which application threads were stopped: 0.0001108 seconds, Stopping threads took: 0.0000183 seconds
[2019-12-09T03:51:02.858+0000][1][safepoint    ] Application time: 0.0000704 seconds
[2019-12-09T03:51:02.858+0000][1][safepoint    ] Entering safepoint region: RevokeBias
[2019-12-09T03:51:02.858+0000][1][safepoint    ] Leaving safepoint region
[2019-12-09T03:51:02.858+0000][1][safepoint    ] Total time for which application threads were stopped: 0.0000643 seconds, Stopping threads took: 0.0000090 seconds
[2019-12-09T03:51:03.420+0000][1][safepoint    ] Application time: 0.5616393 seconds
[2019-12-09T03:51:03.420+0000][1][safepoint    ] Entering safepoint region: Deoptimize
[2019-12-09T03:51:03.421+0000][1][safepoint    ] Leaving safepoint region
[2019-12-09T03:51:03.421+0000][1][safepoint    ] Total time for which application threads were stopped: 0.0006760 seconds, Stopping threads took: 0.0000184 seconds
[2019-12-09T03:51:03.918+0000][1][safepoint    ] Application time: 0.4978644 seconds
[2019-12-09T03:51:03.918+0000][1][safepoint    ] Entering safepoint region: BulkRevokeBias
[2019-12-09T03:51:03.919+0000][1][safepoint    ] Leaving safepoint region
[2019-12-09T03:51:03.919+0000][1][safepoint    ] Total time for which application threads were stopped: 0.0004677 seconds, Stopping threads took: 0.0000197 seconds
[2019-12-09T03:51:03.930+0000][1][safepoint    ] Application time: 0.0108803 seconds
[2019-12-09T03:51:03.930+0000][1][safepoint    ] Entering safepoint region: BulkRevokeBias
[2019-12-09T03:51:03.930+0000][1][safepoint    ] Leaving safepoint region
[2019-12-09T03:51:03.930+0000][1][safepoint    ] Total time for which application threads were stopped: 0.0003841 seconds, Stopping threads took: 0.0000181 seconds
[2019-12-09T03:51:03.968+0000][1][safepoint    ] Application time: 0.0381750 seconds
[2019-12-09T03:51:03.968+0000][1][safepoint    ] Entering safepoint region: RevokeBias
[2019-12-09T03:51:03.969+0000][1][safepoint    ] Leaving safepoint region
[2019-12-09T03:51:03.969+0000][1][safepoint    ] Total time for which application threads were stopped: 0.0000978 seconds, Stopping threads took: 0.0000180 seconds
[2019-12-09T03:51:03.969+0000][1][safepoint    ] Application time: 0.0002826 seconds
[2019-12-09T03:51:03.969+0000][1][safepoint    ] Entering safepoint region: RevokeBias
[2019-12-09T03:51:03.969+0000][1][safepoint    ] Leaving safepoint region
[2019-12-09T03:51:03.969+0000][1][safepoint    ] Total time for which application threads were stopped: 0.0000825 seconds, Stopping threads took: 0.0000151 seconds
[2019-12-09T03:51:03.996+0000][1][safepoint    ] Application time: 0.0269365 seconds
[2019-12-09T03:51:03.996+0000][1][safepoint    ] Entering safepoint region: RevokeBias
[2019-12-09T03:51:03.996+0000][1][safepoint    ] Leaving safepoint region
[2019-12-09T03:51:03.996+0000][1][safepoint    ] Total time for which application threads were stopped: 0.0000951 seconds, Stopping threads took: 0.0000240 seconds
[2019-12-09T03:51:04.004+0000][1][safepoint    ] Application time: 0.0078480 seconds
[2019-12-09T03:51:04.004+0000][1][safepoint    ] Entering safepoint region: RevokeBias
[2019-12-09T03:51:04.004+0000][1][safepoint    ] Leaving safepoint region
[2019-12-09T03:51:04.004+0000][1][safepoint    ] Total time for which application threads were stopped: 0.0000971 seconds, Stopping threads took: 0.0000181 seconds
[2019-12-09T03:51:04.008+0000][1][safepoint    ] Application time: 0.0043584 seconds
[2019-12-09T03:51:04.008+0000][1][safepoint    ] Entering safepoint region: RevokeBias
[2019-12-09T03:51:04.008+0000][1][safepoint    ] Leaving safepoint region
[2019-12-09T03:51:04.008+0000][1][safepoint    ] Total time for which application threads were stopped: 0.0000902 seconds, Stopping threads took: 0.0000154 seconds
[2019-12-09T03:51:04.015+0000][1][safepoint    ] Application time: 0.0064608 seconds
[2019-12-09T03:51:04.015+0000][1][safepoint    ] Entering safepoint region: RevokeBias
[2019-12-09T03:51:04.015+0000][1][safepoint    ] Leaving safepoint region
[2019-12-09T03:51:04.015+0000][1][safepoint    ] Total time for which application threads were stopped: 0.0001008 seconds, Stopping threads took: 0.0000198 seconds
[2019-12-09T03:51:04.015+0000][1][safepoint    ] Application time: 0.0000716 seconds
[2019-12-09T03:51:04.015+0000][1][safepoint    ] Entering safepoint region: RevokeBias
[2019-12-09T03:51:04.015+0000][1][safepoint    ] Leaving safepoint region
[2019-12-09T03:51:04.015+0000][1][safepoint    ] Total time for which application threads were stopped: 0.0000570 seconds, Stopping threads took: 0.0000095 seconds
[2019-12-09T03:51:04.015+0000][1][safepoint    ] Application time: 0.0000385 seconds
[2019-12-09T03:51:04.015+0000][1][safepoint    ] Entering safepoint region: RevokeBias
[2019-12-09T03:51:04.015+0000][1][safepoint    ] Leaving safepoint region
[2019-12-09T03:51:04.015+0000][1][safepoint    ] Total time for which application threads were stopped: 0.0000503 seconds, Stopping threads took: 0.0000092 seconds
[2019-12-09T03:51:04.015+0000][1][safepoint    ] Application time: 0.0000377 seconds
[2019-12-09T03:51:04.015+0000][1][safepoint    ] Entering safepoint region: RevokeBias
[2019-12-09T03:51:04.015+0000][1][safepoint    ] Leaving safepoint region
[2019-12-09T03:51:04.015+0000][1][safepoint    ] Total time for which application threads were stopped: 0.0000484 seconds, Stopping threads took: 0.0000097 seconds
[2019-12-09T03:51:04.015+0000][1][safepoint    ] Application time: 0.0000432 seconds
[2019-12-09T03:51:04.015+0000][1][safepoint    ] Entering safepoint region: RevokeBias
[2019-12-09T03:51:04.016+0000][1][safepoint    ] Leaving safepoint region
[2019-12-09T03:51:04.016+0000][1][safepoint    ] Total time for which application threads were stopped: 0.0000412 seconds, Stopping threads took: 0.0000081 seconds
[2019-12-09T03:51:04.016+0000][1][safepoint    ] Application time: 0.0000325 seconds
[2019-12-09T03:51:04.016+0000][1][safepoint    ] Entering safepoint region: RevokeBias
[2019-12-09T03:51:04.016+0000][1][safepoint    ] Leaving safepoint region
[2019-12-09T03:51:04.016+0000][1][safepoint    ] Total time for which application threads were stopped: 0.0000412 seconds, Stopping threads took: 0.0000074 seconds
[2019-12-09T03:51:04.016+0000][1][safepoint    ] Application time: 0.0000327 seconds
[2019-12-09T03:51:04.016+0000][1][safepoint    ] Entering safepoint region: RevokeBias
[2019-12-09T03:51:04.016+0000][1][safepoint    ] Leaving safepoint region
[2019-12-09T03:51:04.016+0000][1][safepoint    ] Total time for which application threads were stopped: 0.0000608 seconds, Stopping threads took: 0.0000077 seconds
[2019-12-09T03:51:04.016+0000][1][safepoint    ] Application time: 0.0000387 seconds
[2019-12-09T03:51:04.016+0000][1][safepoint    ] Entering safepoint region: RevokeBias
[2019-12-09T03:51:04.016+0000][1][safepoint    ] Leaving safepoint region
[2019-12-09T03:51:04.016+0000][1][safepoint    ] Total time for which application threads were stopped: 0.0000497 seconds, Stopping threads took: 0.0000150 seconds
[2019-12-09T03:51:05.020+0000][1][safepoint    ] Application time: 1.0038902 seconds
[2019-12-09T03:51:05.051+0000][1][safepoint    ] Entering safepoint region: Cleanup
[2019-12-09T03:51:05.051+0000][1][safepoint    ] Leaving safepoint region
[2019-12-09T03:51:05.051+0000][1][safepoint    ] Total time for which application threads were stopped: 0.0309823 seconds, Stopping threads took: 0.0308808 seconds
[2019-12-09T03:51:05.385+0000][1][safepoint    ] Application time: 0.3347296 seconds
[2019-12-09T03:51:05.386+0000][1][safepoint    ] Entering safepoint region: RevokeBias
[2019-12-09T03:51:05.386+0000][1][safepoint    ] Leaving safepoint region
[2019-12-09T03:51:05.386+0000][1][safepoint    ] Total time for which application threads were stopped: 0.0001082 seconds, Stopping threads took: 0.0000202 seconds
[2019-12-09T03:51:05.394+0000][1][safepoint    ] Application time: 0.0087586 seconds
[2019-12-09T03:51:05.394+0000][1][safepoint    ] Entering safepoint region: RevokeBias
[2019-12-09T03:51:05.394+0000][1][safepoint    ] Leaving safepoint region
[2019-12-09T03:51:05.395+0000][1][safepoint    ] Total time for which application threads were stopped: 0.0000947 seconds, Stopping threads took: 0.0000166 seconds
[2019-12-09T03:51:05.536+0000][1][safepoint    ] Application time: 0.1414740 seconds
[2019-12-09T03:51:05.536+0000][1][safepoint    ] Entering safepoint region: RevokeBias
[2019-12-09T03:51:05.536+0000][1][safepoint    ] Leaving safepoint region
[2019-12-09T03:51:05.536+0000][1][safepoint    ] Total time for which application threads were stopped: 0.0001093 seconds, Stopping threads took: 0.0000194 seconds
[2019-12-09T03:51:05.557+0000][1][safepoint    ] Application time: 0.0213535 seconds
[2019-12-09T03:51:05.578+0000][1][safepoint    ] Entering safepoint region: RevokeBias
[2019-12-09T03:51:05.578+0000][1][safepoint    ] Leaving safepoint region
[2019-12-09T03:51:05.578+0000][1][safepoint    ] Total time for which application threads were stopped: 0.0203835 seconds, Stopping threads took: 0.0202832 seconds
[2019-12-09T03:51:05.578+0000][1][safepoint    ] Application time: 0.0000626 seconds
[2019-12-09T03:51:05.578+0000][1][safepoint    ] Entering safepoint region: RevokeBias
[2019-12-09T03:51:05.578+0000][1][safepoint    ] Leaving safepoint region
[2019-12-09T03:51:05.578+0000][1][safepoint    ] Total time for which application threads were stopped: 0.0000453 seconds, Stopping threads took: 0.0000093 seconds
[2019-12-09T03:51:05.578+0000][1][safepoint    ] Application time: 0.0000487 seconds
[2019-12-09T03:51:05.578+0000][1][safepoint    ] Entering safepoint region: RevokeBias
[2019-12-09T03:51:05.578+0000][1][safepoint    ] Leaving safepoint region
[2019-12-09T03:51:05.578+0000][1][safepoint    ] Total time for which application threads were stopped: 0.0000420 seconds, Stopping threads took: 0.0000074 seconds
[2019-12-09T03:51:05.580+0000][1][safepoint    ] Application time: 0.0014457 seconds
[2019-12-09T03:51:05.580+0000][1][safepoint    ] Entering safepoint region: RevokeBias
[2019-12-09T03:51:05.580+0000][1][safepoint    ] Leaving safepoint region
[2019-12-09T03:51:05.580+0000][1][safepoint    ] Total time for which application threads were stopped: 0.0001229 seconds, Stopping threads took: 0.0000164 seconds
[2019-12-09T03:51:05.580+0000][1][safepoint    ] Application time: 0.0001933 seconds
[2019-12-09T03:51:05.580+0000][1][safepoint    ] Entering safepoint region: RevokeBias
[2019-12-09T03:51:05.580+0000][1][safepoint    ] Leaving safepoint region
[2019-12-09T03:51:05.580+0000][1][safepoint    ] Total time for which application threads were stopped: 0.0000745 seconds, Stopping threads took: 0.0000109 seconds
[2019-12-09T03:51:05.712+0000][1][safepoint    ] Application time: 0.1322642 seconds
[2019-12-09T03:51:05.712+0000][1][safepoint    ] Entering safepoint region: RevokeBias
[2019-12-09T03:51:05.712+0000][1][safepoint    ] Leaving safepoint region
[2019-12-09T03:51:05.712+0000][1][safepoint    ] Total time for which application threads were stopped: 0.0001251 seconds, Stopping threads took: 0.0000235 seconds
[2019-12-09T03:51:05.713+0000][1][safepoint    ] Application time: 0.0010209 seconds
[2019-12-09T03:51:05.714+0000][1][safepoint    ] Entering safepoint region: RevokeBias
[2019-12-09T03:51:05.714+0000][1][safepoint    ] Leaving safepoint region
[2019-12-09T03:51:05.714+0000][1][safepoint    ] Total time for which application threads were stopped: 0.0000979 seconds, Stopping threads took: 0.0000184 seconds
[2019-12-09T03:51:07.393+0000][1][safepoint    ] Application time: 1.6791044 seconds
[2019-12-09T03:51:07.393+0000][1][safepoint    ] Entering safepoint region: Cleanup
[2019-12-09T03:51:07.393+0000][1][safepoint    ] Leaving safepoint region
[2019-12-09T03:51:07.393+0000][1][safepoint    ] Total time for which application threads were stopped: 0.0001053 seconds, Stopping threads took: 0.0000231 seconds
[2019-12-09T03:51:08.394+0000][1][safepoint    ] Application time: 1.0008556 seconds
[2019-12-09T03:51:08.394+0000][1][safepoint    ] Entering safepoint region: Cleanup
[2019-12-09T03:51:08.394+0000][1][safepoint    ] Leaving safepoint region
[2019-12-09T03:51:08.394+0000][1][safepoint    ] Total time for which application threads were stopped: 0.0000972 seconds, Stopping threads took: 0.0000215 seconds
[2019-12-09T03:51:09.395+0000][1][safepoint    ] Application time: 1.0008624 seconds
[2019-12-09T03:51:09.395+0000][1][safepoint    ] Entering safepoint region: Cleanup
[2019-12-09T03:51:09.395+0000][1][safepoint    ] Leaving safepoint region
[2019-12-09T03:51:09.395+0000][1][safepoint    ] Total time for which application threads were stopped: 0.0000962 seconds, Stopping threads took: 0.0000234 seconds
[2019-12-09T03:51:10.398+0000][1][safepoint    ] Application time: 1.0028588 seconds
[2019-12-09T03:51:10.398+0000][1][safepoint    ] Entering safepoint region: Cleanup
[2019-12-09T03:51:10.398+0000][1][safepoint    ] Leaving safepoint region
[2019-12-09T03:51:10.398+0000][1][safepoint    ] Total time for which application threads were stopped: 0.0000995 seconds, Stopping threads took: 0.0000237 seconds
[2019-12-09T03:51:11.399+0000][1][safepoint    ] Application time: 1.0009779 seconds
[2019-12-09T03:51:11.399+0000][1][safepoint    ] Entering safepoint region: Cleanup
[2019-12-09T03:51:11.399+0000][1][safepoint    ] Leaving safepoint region
[2019-12-09T03:51:11.399+0000][1][safepoint    ] Total time for which application threads were stopped: 0.0000972 seconds, Stopping threads took: 0.0000246 seconds
[2019-12-09T03:51:12.400+0000][1][safepoint    ] Application time: 1.0007314 seconds
[2019-12-09T03:51:12.400+0000][1][safepoint    ] Entering safepoint region: Cleanup
[2019-12-09T03:51:12.400+0000][1][safepoint    ] Leaving safepoint region
[2019-12-09T03:51:12.400+0000][1][safepoint    ] Total time for which application threads were stopped: 0.0001050 seconds, Stopping threads took: 0.0000261 seconds
[2019-12-09T03:51:13.402+0000][1][safepoint    ] Application time: 1.0018589 seconds
[2019-12-09T03:51:13.402+0000][1][safepoint    ] Entering safepoint region: Cleanup
[2019-12-09T03:51:13.402+0000][1][safepoint    ] Leaving safepoint region
[2019-12-09T03:51:13.402+0000][1][safepoint    ] Total time for which application threads were stopped: 0.0001093 seconds, Stopping threads took: 0.0000252 seconds
[2019-12-09T03:51:14.403+0000][1][safepoint    ] Application time: 1.0008104 seconds
[2019-12-09T03:51:14.403+0000][1][safepoint    ] Entering safepoint region: Cleanup
[2019-12-09T03:51:14.403+0000][1][safepoint    ] Leaving safepoint region
[2019-12-09T03:51:14.403+0000][1][safepoint    ] Total time for which application threads were stopped: 0.0001130 seconds, Stopping threads took: 0.0000393 seconds
[2019-12-09T03:51:15.404+0000][1][safepoint    ] Application time: 1.0008319 seconds
[2019-12-09T03:51:15.404+0000][1][safepoint    ] Entering safepoint region: Cleanup
[2019-12-09T03:51:15.404+0000][1][safepoint    ] Leaving safepoint region
[2019-12-09T03:51:15.404+0000][1][safepoint    ] Total time for which application threads were stopped: 0.0001061 seconds, Stopping threads took: 0.0000334 seconds
[2019-12-09T03:51:16.408+0000][1][safepoint    ] Application time: 1.0038609 seconds
[2019-12-09T03:51:16.408+0000][1][safepoint    ] Entering safepoint region: Cleanup
[2019-12-09T03:51:16.408+0000][1][safepoint    ] Leaving safepoint region
[2019-12-09T03:51:16.408+0000][1][safepoint    ] Total time for which application threads were stopped: 0.0001037 seconds, Stopping threads took: 0.0000258 seconds
[2019-12-09T03:51:17.409+0000][1][safepoint    ] Application time: 1.0008099 seconds
[2019-12-09T03:51:17.409+0000][1][safepoint    ] Entering safepoint region: Cleanup
[2019-12-09T03:51:17.409+0000][1][safepoint    ] Leaving safepoint region
[2019-12-09T03:51:17.409+0000][1][safepoint    ] Total time for which application threads were stopped: 0.0001124 seconds, Stopping threads took: 0.0000281 seconds
[2019-12-09T03:51:18.410+0000][1][safepoint    ] Application time: 1.0008298 seconds
[2019-12-09T03:51:18.410+0000][1][safepoint    ] Entering safepoint region: Cleanup
[2019-12-09T03:51:18.410+0000][1][safepoint    ] Leaving safepoint region
[2019-12-09T03:51:18.410+0000][1][safepoint    ] Total time for which application threads were stopped: 0.0001011 seconds, Stopping threads took: 0.0000242 seconds
[2019-12-09T03:51:19.411+0000][1][safepoint    ] Application time: 1.0008547 seconds
[2019-12-09T03:51:19.411+0000][1][safepoint    ] Entering safepoint region: Cleanup
[2019-12-09T03:51:19.411+0000][1][safepoint    ] Leaving safepoint region
[2019-12-09T03:51:19.411+0000][1][safepoint    ] Total time for which application threads were stopped: 0.0001171 seconds, Stopping threads took: 0.0000248 seconds
[2019-12-09T03:51:20.416+0000][1][safepoint    ] Application time: 1.0048141 seconds
[2019-12-09T03:51:20.416+0000][1][safepoint    ] Entering safepoint region: Cleanup
[2019-12-09T03:51:20.416+0000][1][safepoint    ] Leaving safepoint region
[2019-12-09T03:51:20.416+0000][1][safepoint    ] Total time for which application threads were stopped: 0.0001005 seconds, Stopping threads took: 0.0000246 seconds
[2019-12-09T03:51:21.419+0000][1][safepoint    ] Application time: 1.0029858 seconds
[2019-12-09T03:51:21.419+0000][1][safepoint    ] Entering safepoint region: Cleanup
[2019-12-09T03:51:21.419+0000][1][safepoint    ] Leaving safepoint region
[2019-12-09T03:51:21.419+0000][1][safepoint    ] Total time for which application threads were stopped: 0.0001135 seconds, Stopping threads took: 0.0000277 seconds
[2019-12-09T03:51:22.420+0000][1][safepoint    ] Application time: 1.0006974 seconds
[2019-12-09T03:51:22.420+0000][1][safepoint    ] Entering safepoint region: Cleanup
[2019-12-09T03:51:22.420+0000][1][safepoint    ] Leaving safepoint region
[2019-12-09T03:51:22.420+0000][1][safepoint    ] Total time for which application threads were stopped: 0.0001065 seconds, Stopping threads took: 0.0000231 seconds
[2019-12-09T03:51:23.422+0000][1][safepoint    ] Application time: 1.0018704 seconds
[2019-12-09T03:51:23.422+0000][1][safepoint    ] Entering safepoint region: Cleanup
[2019-12-09T03:51:23.422+0000][1][safepoint    ] Leaving safepoint region
[2019-12-09T03:51:23.422+0000][1][safepoint    ] Total time for which application threads were stopped: 0.0000999 seconds, Stopping threads took: 0.0000211 seconds
[2019-12-09T03:51:24.430+0000][1][safepoint    ] Application time: 1.0076366 seconds
[2019-12-09T03:51:24.430+0000][1][safepoint    ] Entering safepoint region: Cleanup
[2019-12-09T03:51:24.430+0000][1][safepoint    ] Leaving safepoint region
[2019-12-09T03:51:24.430+0000][1][safepoint    ] Total time for which application threads were stopped: 0.0001055 seconds, Stopping threads took: 0.0000228 seconds
[2019-12-09T03:51:25.431+0000][1][safepoint    ] Application time: 1.0010595 seconds
[2019-12-09T03:51:25.431+0000][1][safepoint    ] Entering safepoint region: Cleanup
[2019-12-09T03:51:25.431+0000][1][safepoint    ] Leaving safepoint region
[2019-12-09T03:51:25.431+0000][1][safepoint    ] Total time for which application threads were stopped: 0.0001294 seconds, Stopping threads took: 0.0000320 seconds
[2019-12-09T03:51:26.432+0000][1][safepoint    ] Application time: 1.0008079 seconds
[2019-12-09T03:51:26.432+0000][1][safepoint    ] Entering safepoint region: Cleanup
[2019-12-09T03:51:26.432+0000][1][safepoint    ] Leaving safepoint region
[2019-12-09T03:51:26.432+0000][1][safepoint    ] Total time for which application threads were stopped: 0.0001045 seconds, Stopping threads took: 0.0000244 seconds
[2019-12-09T03:51:27.433+0000][1][safepoint    ] Application time: 1.0008981 seconds
[2019-12-09T03:51:27.433+0000][1][safepoint    ] Entering safepoint region: Cleanup
[2019-12-09T03:51:27.433+0000][1][safepoint    ] Leaving safepoint region
[2019-12-09T03:51:27.433+0000][1][safepoint    ] Total time for which application threads were stopped: 0.0001178 seconds, Stopping threads took: 0.0000267 seconds
[2019-12-09T03:51:28.435+0000][1][safepoint    ] Application time: 1.0017874 seconds
[2019-12-09T03:51:28.435+0000][1][safepoint    ] Entering safepoint region: Cleanup
[2019-12-09T03:51:28.435+0000][1][safepoint    ] Leaving safepoint region
[2019-12-09T03:51:28.435+0000][1][safepoint    ] Total time for which application threads were stopped: 0.0001206 seconds, Stopping threads took: 0.0000276 seconds
[2019-12-09T03:51:29.437+0000][1][safepoint    ] Application time: 1.0018454 seconds
[2019-12-09T03:51:29.437+0000][1][safepoint    ] Entering safepoint region: Cleanup
[2019-12-09T03:51:29.437+0000][1][safepoint    ] Leaving safepoint region
[2019-12-09T03:51:29.437+0000][1][safepoint    ] Total time for which application threads were stopped: 0.0001110 seconds, Stopping threads took: 0.0000231 seconds
[2019-12-09T03:51:30.441+0000][1][safepoint    ] Application time: 1.0038319 seconds
[2019-12-09T03:51:30.441+0000][1][safepoint    ] Entering safepoint region: Cleanup
[2019-12-09T03:51:30.441+0000][1][safepoint    ] Leaving safepoint region
[2019-12-09T03:51:30.441+0000][1][safepoint    ] Total time for which application threads were stopped: 0.0001059 seconds, Stopping threads took: 0.0000308 seconds
[2019-12-09T03:51:31.442+0000][1][safepoint    ] Application time: 1.0008616 seconds
[2019-12-09T03:51:31.442+0000][1][safepoint    ] Entering safepoint region: Cleanup
[2019-12-09T03:51:31.442+0000][1][safepoint    ] Leaving safepoint region
[2019-12-09T03:51:31.442+0000][1][safepoint    ] Total time for which application threads were stopped: 0.0000982 seconds, Stopping threads took: 0.0000239 seconds
[2019-12-09T03:51:32.443+0000][1][safepoint    ] Application time: 1.0008972 seconds
[2019-12-09T03:51:32.443+0000][1][safepoint    ] Entering safepoint region: Cleanup
[2019-12-09T03:51:32.443+0000][1][safepoint    ] Leaving safepoint region
[2019-12-09T03:51:32.443+0000][1][safepoint    ] Total time for which application threads were stopped: 0.0001193 seconds, Stopping threads took: 0.0000275 seconds
[2019-12-09T03:51:33.443+0000][1][safepoint    ] Application time: 1.0000884 seconds
[2019-12-09T03:51:33.443+0000][1][safepoint    ] Entering safepoint region: Cleanup
[2019-12-09T03:51:33.443+0000][1][safepoint    ] Leaving safepoint region
[2019-12-09T03:51:33.443+0000][1][safepoint    ] Total time for which application threads were stopped: 0.0001171 seconds, Stopping threads took: 0.0000242 seconds
[2019-12-09T03:51:34.444+0000][1][safepoint    ] Application time: 1.0005413 seconds
[2019-12-09T03:51:34.444+0000][1][safepoint    ] Entering safepoint region: Cleanup
[2019-12-09T03:51:34.444+0000][1][safepoint    ] Leaving safepoint region
[2019-12-09T03:51:34.444+0000][1][safepoint    ] Total time for which application threads were stopped: 0.0001155 seconds, Stopping threads took: 0.0000248 seconds
[2019-12-09T03:51:35.446+0000][1][safepoint    ] Application time: 1.0018197 seconds
[2019-12-09T03:51:35.446+0000][1][safepoint    ] Entering safepoint region: Cleanup
[2019-12-09T03:51:35.446+0000][1][safepoint    ] Leaving safepoint region
[2019-12-09T03:51:35.446+0000][1][safepoint    ] Total time for which application threads were stopped: 0.0001202 seconds, Stopping threads took: 0.0000343 seconds
[2019-12-09T03:51:36.447+0000][1][safepoint    ] Application time: 1.0008320 seconds
[2019-12-09T03:51:36.447+0000][1][safepoint    ] Entering safepoint region: Cleanup
[2019-12-09T03:51:36.447+0000][1][safepoint    ] Leaving safepoint region
[2019-12-09T03:51:36.447+0000][1][safepoint    ] Total time for which application threads were stopped: 0.0001408 seconds, Stopping threads took: 0.0000407 seconds
[2019-12-09T03:51:37.447+0000][1][safepoint    ] Application time: 1.0000778 seconds
[2019-12-09T03:51:37.447+0000][1][safepoint    ] Entering safepoint region: Cleanup
[2019-12-09T03:51:37.447+0000][1][safepoint    ] Leaving safepoint region
[2019-12-09T03:51:37.447+0000][1][safepoint    ] Total time for which application threads were stopped: 0.0000840 seconds, Stopping threads took: 0.0000182 seconds
[2019-12-09T03:51:38.447+0000][1][safepoint    ] Application time: 1.0000770 seconds
[2019-12-09T03:51:38.447+0000][1][safepoint    ] Entering safepoint region: Cleanup
[2019-12-09T03:51:38.447+0000][1][safepoint    ] Leaving safepoint region
[2019-12-09T03:51:38.447+0000][1][safepoint    ] Total time for which application threads were stopped: 0.0000780 seconds, Stopping threads took: 0.0000170 seconds
[2019-12-09T03:51:39.447+0000][1][safepoint    ] Application time: 1.0000753 seconds
[2019-12-09T03:51:39.447+0000][1][safepoint    ] Entering safepoint region: Cleanup
[2019-12-09T03:51:39.447+0000][1][safepoint    ] Leaving safepoint region
[2019-12-09T03:51:39.448+0000][1][safepoint    ] Total time for which application threads were stopped: 0.0000855 seconds, Stopping threads took: 0.0000181 seconds
[2019-12-09T03:51:40.448+0000][1][safepoint    ] Application time: 1.0000762 seconds
[2019-12-09T03:51:40.448+0000][1][safepoint    ] Entering safepoint region: Cleanup
[2019-12-09T03:51:40.448+0000][1][safepoint    ] Leaving safepoint region
[2019-12-09T03:51:40.448+0000][1][safepoint    ] Total time for which application threads were stopped: 0.0000941 seconds, Stopping threads took: 0.0000174 seconds
[2019-12-09T03:51:41.448+0000][1][safepoint    ] Application time: 1.0000763 seconds
[2019-12-09T03:51:41.448+0000][1][safepoint    ] Entering safepoint region: Cleanup
[2019-12-09T03:51:41.448+0000][1][safepoint    ] Leaving safepoint region
[2019-12-09T03:51:41.448+0000][1][safepoint    ] Total time for which application threads were stopped: 0.0000816 seconds, Stopping threads took: 0.0000177 seconds
[2019-12-09T03:51:42.448+0000][1][safepoint    ] Application time: 1.0000775 seconds
[2019-12-09T03:51:42.448+0000][1][safepoint    ] Entering safepoint region: Cleanup
[2019-12-09T03:51:42.448+0000][1][safepoint    ] Leaving safepoint region
[2019-12-09T03:51:42.448+0000][1][safepoint    ] Total time for which application threads were stopped: 0.0000898 seconds, Stopping threads took: 0.0000196 seconds
[2019-12-09T03:51:43.448+0000][1][safepoint    ] Application time: 1.0000785 seconds
[2019-12-09T03:51:43.448+0000][1][safepoint    ] Entering safepoint region: Cleanup
[2019-12-09T03:51:43.448+0000][1][safepoint    ] Leaving safepoint region
[2019-12-09T03:51:43.448+0000][1][safepoint    ] Total time for which application threads were stopped: 0.0000840 seconds, Stopping threads took: 0.0000173 seconds
[2019-12-09T03:51:44.448+0000][1][safepoint    ] Application time: 1.0000769 seconds
[2019-12-09T03:51:44.448+0000][1][safepoint    ] Entering safepoint region: Cleanup
[2019-12-09T03:51:44.449+0000][1][safepoint    ] Leaving safepoint region
[2019-12-09T03:51:44.449+0000][1][safepoint    ] Total time for which application threads were stopped: 0.0000814 seconds, Stopping threads took: 0.0000164 seconds
[2019-12-09T03:51:45.449+0000][1][safepoint    ] Application time: 1.0000800 seconds
[2019-12-09T03:51:45.449+0000][1][safepoint    ] Entering safepoint region: Cleanup
[2019-12-09T03:51:45.449+0000][1][safepoint    ] Leaving safepoint region
[2019-12-09T03:51:45.449+0000][1][safepoint    ] Total time for which application threads were stopped: 0.0001095 seconds, Stopping threads took: 0.0000184 seconds
[2019-12-09T03:51:46.078+0000][1][safepoint    ] Application time: 0.6289296 seconds
[2019-12-09T03:51:46.078+0000][1][safepoint    ] Entering safepoint region: GenCollectForAllocation
[2019-12-09T03:51:46.078+0000][1][gc,start     ] GC(23) Pause Young (Allocation Failure)
[2019-12-09T03:51:46.078+0000][1][gc,task      ] GC(23) Using 2 workers of 2 for evacuation
[2019-12-09T03:51:46.095+0000][1][gc,age       ] GC(23) Desired survivor size 4456448 bytes, new threshold 2 (max threshold 6)
[2019-12-09T03:51:46.095+0000][1][gc,age       ] GC(23) Age table with threshold 2 (max threshold 6)
[2019-12-09T03:51:46.095+0000][1][gc,age       ] GC(23) - age   1:    1549896 bytes,    1549896 total
[2019-12-09T03:51:46.095+0000][1][gc,age       ] GC(23) - age   2:    3414400 bytes,    4964296 total
[2019-12-09T03:51:46.095+0000][1][gc,heap      ] GC(23) ParNew: 76891K->7380K(78656K)
[2019-12-09T03:51:46.095+0000][1][gc,heap      ] GC(23) CMS: 62704K->64361K(174784K)
[2019-12-09T03:51:46.095+0000][1][gc,metaspace ] GC(23) Metaspace: 67669K->67669K(1110016K)
[2019-12-09T03:51:46.095+0000][1][gc           ] GC(23) Pause Young (Allocation Failure) 136M->70M(247M) 17.459ms
[2019-12-09T03:51:46.095+0000][1][gc,cpu       ] GC(23) User=0.03s Sys=0.00s Real=0.02s
[2019-12-09T03:51:46.095+0000][1][safepoint    ] Leaving safepoint region
[2019-12-09T03:51:46.095+0000][1][safepoint    ] Total time for which application threads were stopped: 0.0176151 seconds, Stopping threads took: 0.0000152 seconds
[2019-12-09T03:51:47.095+0000][1][safepoint    ] Application time: 1.0000921 seconds
[2019-12-09T03:51:47.095+0000][1][safepoint    ] Entering safepoint region: Cleanup
[2019-12-09T03:51:47.096+0000][1][safepoint    ] Leaving safepoint region
[2019-12-09T03:51:47.096+0000][1][safepoint    ] Total time for which application threads were stopped: 0.0000894 seconds, Stopping threads took: 0.0000185 seconds
[2019-12-09T03:51:48.096+0000][1][safepoint    ] Application time: 1.0000787 seconds
[2019-12-09T03:51:48.096+0000][1][safepoint    ] Entering safepoint region: Cleanup
[2019-12-09T03:51:48.096+0000][1][safepoint    ] Leaving safepoint region
[2019-12-09T03:51:48.096+0000][1][safepoint    ] Total time for which application threads were stopped: 0.0000898 seconds, Stopping threads took: 0.0000176 seconds
[2019-12-09T03:51:49.096+0000][1][safepoint    ] Application time: 1.0000792 seconds
[2019-12-09T03:51:49.096+0000][1][safepoint    ] Entering safepoint region: Cleanup
[2019-12-09T03:51:49.096+0000][1][safepoint    ] Leaving safepoint region
[2019-12-09T03:51:49.096+0000][1][safepoint    ] Total time for which application threads were stopped: 0.0000817 seconds, Stopping threads took: 0.0000187 seconds
[2019-12-09T03:51:50.096+0000][1][safepoint    ] Application time: 1.0000803 seconds
[2019-12-09T03:51:50.096+0000][1][safepoint    ] Entering safepoint region: Cleanup
[2019-12-09T03:51:50.096+0000][1][safepoint    ] Leaving safepoint region
[2019-12-09T03:51:50.096+0000][1][safepoint    ] Total time for which application threads were stopped: 0.0000868 seconds, Stopping threads took: 0.0000199 seconds
[2019-12-09T03:51:51.096+0000][1][safepoint    ] Application time: 1.0000806 seconds
[2019-12-09T03:51:51.096+0000][1][safepoint    ] Entering safepoint region: Cleanup
[2019-12-09T03:51:51.096+0000][1][safepoint    ] Leaving safepoint region
[2019-12-09T03:51:51.096+0000][1][safepoint    ] Total time for which application threads were stopped: 0.0000847 seconds, Stopping threads took: 0.0000185 seconds
[2019-12-09T03:51:52.096+0000][1][safepoint    ] Application time: 1.0000798 seconds
[2019-12-09T03:51:52.097+0000][1][safepoint    ] Entering safepoint region: Cleanup
[2019-12-09T03:51:52.097+0000][1][safepoint    ] Leaving safepoint region
[2019-12-09T03:51:52.097+0000][1][safepoint    ] Total time for which application threads were stopped: 0.0000861 seconds, Stopping threads took: 0.0000166 seconds
[2019-12-09T03:51:53.097+0000][1][safepoint    ] Application time: 1.0000871 seconds
[2019-12-09T03:51:53.097+0000][1][safepoint    ] Entering safepoint region: Cleanup
[2019-12-09T03:51:53.097+0000][1][safepoint    ] Leaving safepoint region
[2019-12-09T03:51:53.097+0000][1][safepoint    ] Total time for which application threads were stopped: 0.0000816 seconds, Stopping threads took: 0.0000166 seconds
[2019-12-09T03:51:54.097+0000][1][safepoint    ] Application time: 1.0000761 seconds
[2019-12-09T03:51:54.097+0000][1][safepoint    ] Entering safepoint region: Cleanup
[2019-12-09T03:51:54.097+0000][1][safepoint    ] Leaving safepoint region
[2019-12-09T03:51:54.097+0000][1][safepoint    ] Total time for which application threads were stopped: 0.0000781 seconds, Stopping threads took: 0.0000181 seconds
[2019-12-09T03:51:55.097+0000][1][safepoint    ] Application time: 1.0000761 seconds
[2019-12-09T03:51:55.097+0000][1][safepoint    ] Entering safepoint region: Cleanup
[2019-12-09T03:51:55.097+0000][1][safepoint    ] Leaving safepoint region
[2019-12-09T03:51:55.097+0000][1][safepoint    ] Total time for which application threads were stopped: 0.0000818 seconds, Stopping threads took: 0.0000179 seconds
[2019-12-09T03:51:56.097+0000][1][safepoint    ] Application time: 1.0000765 seconds
[2019-12-09T03:51:56.097+0000][1][safepoint    ] Entering safepoint region: Cleanup
[2019-12-09T03:51:56.097+0000][1][safepoint    ] Leaving safepoint region
[2019-12-09T03:51:56.097+0000][1][safepoint    ] Total time for which application threads were stopped: 0.0000774 seconds, Stopping threads took: 0.0000181 seconds
[2019-12-09T03:51:57.097+0000][1][safepoint    ] Application time: 1.0000747 seconds
[2019-12-09T03:51:57.098+0000][1][safepoint    ] Entering safepoint region: Cleanup
[2019-12-09T03:51:57.098+0000][1][safepoint    ] Leaving safepoint region
[2019-12-09T03:51:57.098+0000][1][safepoint    ] Total time for which application threads were stopped: 0.0000798 seconds, Stopping threads took: 0.0000177 seconds
[2019-12-09T03:51:58.098+0000][1][safepoint    ] Application time: 1.0000741 seconds
[2019-12-09T03:51:58.098+0000][1][safepoint    ] Entering safepoint region: Cleanup
[2019-12-09T03:51:58.098+0000][1][safepoint    ] Leaving safepoint region
[2019-12-09T03:51:58.098+0000][1][safepoint    ] Total time for which application threads were stopped: 0.0000802 seconds, Stopping threads took: 0.0000175 seconds
[2019-12-09T03:51:59.098+0000][1][safepoint    ] Application time: 1.0000766 seconds
[2019-12-09T03:51:59.098+0000][1][safepoint    ] Entering safepoint region: Cleanup
[2019-12-09T03:51:59.098+0000][1][safepoint    ] Leaving safepoint region
[2019-12-09T03:51:59.098+0000][1][safepoint    ] Total time for which application threads were stopped: 0.0000825 seconds, Stopping threads took: 0.0000182 seconds
[2019-12-09T03:52:00.099+0000][1][safepoint    ] Application time: 1.0007254 seconds
[2019-12-09T03:52:00.099+0000][1][safepoint    ] Entering safepoint region: Cleanup
[2019-12-09T03:52:00.099+0000][1][safepoint    ] Leaving safepoint region
[2019-12-09T03:52:00.099+0000][1][safepoint    ] Total time for which application threads were stopped: 0.0001272 seconds, Stopping threads took: 0.0000226 seconds
[2019-12-09T03:52:01.100+0000][1][safepoint    ] Application time: 1.0008188 seconds
[2019-12-09T03:52:01.100+0000][1][safepoint    ] Entering safepoint region: Cleanup
[2019-12-09T03:52:01.100+0000][1][safepoint    ] Leaving safepoint region
[2019-12-09T03:52:01.100+0000][1][safepoint    ] Total time for which application threads were stopped: 0.0001429 seconds, Stopping threads took: 0.0000368 seconds
[2019-12-09T03:52:02.101+0000][1][safepoint    ] Application time: 1.0008096 seconds
[2019-12-09T03:52:02.101+0000][1][safepoint    ] Entering safepoint region: Cleanup
[2019-12-09T03:52:02.101+0000][1][safepoint    ] Leaving safepoint region
[2019-12-09T03:52:02.101+0000][1][safepoint    ] Total time for which application threads were stopped: 0.0001175 seconds, Stopping threads took: 0.0000299 seconds
[2019-12-09T03:52:05.104+0000][1][safepoint    ] Application time: 3.0029118 seconds
[2019-12-09T03:52:05.104+0000][1][safepoint    ] Entering safepoint region: Cleanup
[2019-12-09T03:52:05.104+0000][1][safepoint    ] Leaving safepoint region
[2019-12-09T03:52:05.104+0000][1][safepoint    ] Total time for which application threads were stopped: 0.0001158 seconds, Stopping threads took: 0.0000249 seconds
[2019-12-09T03:52:06.106+0000][1][safepoint    ] Application time: 1.0015644 seconds
[2019-12-09T03:52:06.106+0000][1][safepoint    ] Entering safepoint region: Cleanup
[2019-12-09T03:52:06.106+0000][1][safepoint    ] Leaving safepoint region
[2019-12-09T03:52:06.106+0000][1][safepoint    ] Total time for which application threads were stopped: 0.0001017 seconds, Stopping threads took: 0.0000216 seconds
[2019-12-09T03:52:07.107+0000][1][safepoint    ] Application time: 1.0010405 seconds
[2019-12-09T03:52:07.107+0000][1][safepoint    ] Entering safepoint region: Cleanup
[2019-12-09T03:52:07.107+0000][1][safepoint    ] Leaving safepoint region
[2019-12-09T03:52:07.107+0000][1][safepoint    ] Total time for which application threads were stopped: 0.0001154 seconds, Stopping threads took: 0.0000254 seconds
[2019-12-09T03:52:08.108+0000][1][safepoint    ] Application time: 1.0008460 seconds
[2019-12-09T03:52:08.108+0000][1][safepoint    ] Entering safepoint region: Cleanup
[2019-12-09T03:52:08.108+0000][1][safepoint    ] Leaving safepoint region
[2019-12-09T03:52:08.108+0000][1][safepoint    ] Total time for which application threads were stopped: 0.0001073 seconds, Stopping threads took: 0.0000239 seconds
[2019-12-09T03:52:09.110+0000][1][safepoint    ] Application time: 1.0018432 seconds
[2019-12-09T03:52:09.110+0000][1][safepoint    ] Entering safepoint region: Cleanup
[2019-12-09T03:52:09.110+0000][1][safepoint    ] Leaving safepoint region
[2019-12-09T03:52:09.110+0000][1][safepoint    ] Total time for which application threads were stopped: 0.0001074 seconds, Stopping threads took: 0.0000242 seconds
[2019-12-09T03:52:10.110+0000][1][safepoint    ] Application time: 1.0000793 seconds
[2019-12-09T03:52:10.110+0000][1][safepoint    ] Entering safepoint region: Cleanup
[2019-12-09T03:52:10.110+0000][1][safepoint    ] Leaving safepoint region
[2019-12-09T03:52:10.110+0000][1][safepoint    ] Total time for which application threads were stopped: 0.0000869 seconds, Stopping threads took: 0.0000184 seconds
[2019-12-09T03:52:11.115+0000][1][safepoint    ] Application time: 1.0047057 seconds
[2019-12-09T03:52:11.115+0000][1][safepoint    ] Entering safepoint region: Cleanup
[2019-12-09T03:52:11.115+0000][1][safepoint    ] Leaving safepoint region
[2019-12-09T03:52:11.115+0000][1][safepoint    ] Total time for which application threads were stopped: 0.0001140 seconds, Stopping threads took: 0.0000258 seconds
[2019-12-09T03:52:12.116+0000][1][safepoint    ] Application time: 1.0007605 seconds
[2019-12-09T03:52:12.116+0000][1][safepoint    ] Entering safepoint region: Cleanup
[2019-12-09T03:52:12.116+0000][1][safepoint    ] Leaving safepoint region
[2019-12-09T03:52:12.116+0000][1][safepoint    ] Total time for which application threads were stopped: 0.0001014 seconds, Stopping threads took: 0.0000230 seconds
[2019-12-09T03:52:14.124+0000][1][safepoint    ] Application time: 2.0078741 seconds
[2019-12-09T03:52:14.124+0000][1][safepoint    ] Entering safepoint region: Cleanup
[2019-12-09T03:52:14.124+0000][1][safepoint    ] Leaving safepoint region
[2019-12-09T03:52:14.124+0000][1][safepoint    ] Total time for which application threads were stopped: 0.0001118 seconds, Stopping threads took: 0.0000241 seconds
[2019-12-09T03:52:15.125+0000][1][safepoint    ] Application time: 1.0008277 seconds
[2019-12-09T03:52:15.125+0000][1][safepoint    ] Entering safepoint region: Cleanup
[2019-12-09T03:52:15.125+0000][1][safepoint    ] Leaving safepoint region
[2019-12-09T03:52:15.125+0000][1][safepoint    ] Total time for which application threads were stopped: 0.0001052 seconds, Stopping threads took: 0.0000236 seconds
[2019-12-09T03:52:16.125+0000][1][safepoint    ] Application time: 1.0000805 seconds
[2019-12-09T03:52:16.125+0000][1][safepoint    ] Entering safepoint region: Cleanup
[2019-12-09T03:52:16.125+0000][1][safepoint    ] Leaving safepoint region
[2019-12-09T03:52:16.125+0000][1][safepoint    ] Total time for which application threads were stopped: 0.0001057 seconds, Stopping threads took: 0.0000229 seconds
[2019-12-09T03:52:18.127+0000][1][safepoint    ] Application time: 2.0016213 seconds
[2019-12-09T03:52:18.127+0000][1][safepoint    ] Entering safepoint region: Cleanup
[2019-12-09T03:52:18.127+0000][1][safepoint    ] Leaving safepoint region
[2019-12-09T03:52:18.127+0000][1][safepoint    ] Total time for which application threads were stopped: 0.0001108 seconds, Stopping threads took: 0.0000245 seconds
[2019-12-09T03:52:20.130+0000][1][safepoint    ] Application time: 2.0028543 seconds
[2019-12-09T03:52:20.130+0000][1][safepoint    ] Entering safepoint region: Cleanup
[2019-12-09T03:52:20.130+0000][1][safepoint    ] Leaving safepoint region
[2019-12-09T03:52:20.130+0000][1][safepoint    ] Total time for which application threads were stopped: 0.0001023 seconds, Stopping threads took: 0.0000217 seconds
[2019-12-09T03:52:21.132+0000][1][safepoint    ] Application time: 1.0018531 seconds
[2019-12-09T03:52:21.132+0000][1][safepoint    ] Entering safepoint region: Cleanup
[2019-12-09T03:52:21.132+0000][1][safepoint    ] Leaving safepoint region
[2019-12-09T03:52:21.132+0000][1][safepoint    ] Total time for which application threads were stopped: 0.0000958 seconds, Stopping threads took: 0.0000202 seconds
[2019-12-09T03:52:22.132+0000][1][safepoint    ] Application time: 1.0001066 seconds
[2019-12-09T03:52:22.132+0000][1][safepoint    ] Entering safepoint region: Cleanup
[2019-12-09T03:52:22.132+0000][1][safepoint    ] Leaving safepoint region
[2019-12-09T03:52:22.132+0000][1][safepoint    ] Total time for which application threads were stopped: 0.0001158 seconds, Stopping threads took: 0.0000240 seconds
[2019-12-09T03:52:23.133+0000][1][safepoint    ] Application time: 1.0006171 seconds
[2019-12-09T03:52:23.133+0000][1][safepoint    ] Entering safepoint region: Cleanup
[2019-12-09T03:52:23.133+0000][1][safepoint    ] Leaving safepoint region
[2019-12-09T03:52:23.133+0000][1][safepoint    ] Total time for which application threads were stopped: 0.0001247 seconds, Stopping threads took: 0.0000232 seconds
[2019-12-09T03:52:25.136+0000][1][safepoint    ] Application time: 2.0029029 seconds
[2019-12-09T03:52:25.136+0000][1][safepoint    ] Entering safepoint region: Cleanup
[2019-12-09T03:52:25.136+0000][1][safepoint    ] Leaving safepoint region
[2019-12-09T03:52:25.136+0000][1][safepoint    ] Total time for which application threads were stopped: 0.0000823 seconds, Stopping threads took: 0.0000174 seconds
[2019-12-09T03:52:27.136+0000][1][safepoint    ] Application time: 2.0001432 seconds
[2019-12-09T03:52:27.136+0000][1][safepoint    ] Entering safepoint region: Cleanup
[2019-12-09T03:52:27.136+0000][1][safepoint    ] Leaving safepoint region
[2019-12-09T03:52:27.136+0000][1][safepoint    ] Total time for which application threads were stopped: 0.0000805 seconds, Stopping threads took: 0.0000172 seconds
[2019-12-09T03:52:28.136+0000][1][safepoint    ] Application time: 1.0000770 seconds
[2019-12-09T03:52:28.136+0000][1][safepoint    ] Entering safepoint region: Cleanup
[2019-12-09T03:52:28.136+0000][1][safepoint    ] Leaving safepoint region
[2019-12-09T03:52:28.136+0000][1][safepoint    ] Total time for which application threads were stopped: 0.0000821 seconds, Stopping threads took: 0.0000188 seconds
[2019-12-09T03:52:30.137+0000][1][safepoint    ] Application time: 2.0001486 seconds
[2019-12-09T03:52:30.137+0000][1][safepoint    ] Entering safepoint region: Cleanup
[2019-12-09T03:52:30.137+0000][1][safepoint    ] Leaving safepoint region
[2019-12-09T03:52:30.137+0000][1][safepoint    ] Total time for which application threads were stopped: 0.0000934 seconds, Stopping threads took: 0.0000265 seconds
[2019-12-09T03:52:31.137+0000][1][safepoint    ] Application time: 1.0001221 seconds
[2019-12-09T03:52:31.137+0000][1][safepoint    ] Entering safepoint region: Cleanup
[2019-12-09T03:52:31.137+0000][1][safepoint    ] Leaving safepoint region
[2019-12-09T03:52:31.137+0000][1][safepoint    ] Total time for which application threads were stopped: 0.0001132 seconds, Stopping threads took: 0.0000322 seconds
[2019-12-09T03:52:34.141+0000][1][safepoint    ] Application time: 3.0038263 seconds
[2019-12-09T03:52:34.141+0000][1][safepoint    ] Entering safepoint region: Cleanup
[2019-12-09T03:52:34.141+0000][1][safepoint    ] Leaving safepoint region
[2019-12-09T03:52:34.141+0000][1][safepoint    ] Total time for which application threads were stopped: 0.0000779 seconds, Stopping threads took: 0.0000173 seconds
[2019-12-09T03:52:36.141+0000][1][safepoint    ] Application time: 2.0001579 seconds
[2019-12-09T03:52:36.141+0000][1][safepoint    ] Entering safepoint region: Cleanup
[2019-12-09T03:52:36.141+0000][1][safepoint    ] Leaving safepoint region
[2019-12-09T03:52:36.141+0000][1][safepoint    ] Total time for which application threads were stopped: 0.0000985 seconds, Stopping threads took: 0.0000207 seconds
[2019-12-09T03:52:38.141+0000][1][safepoint    ] Application time: 2.0001430 seconds
[2019-12-09T03:52:38.141+0000][1][safepoint    ] Entering safepoint region: Cleanup
[2019-12-09T03:52:38.141+0000][1][safepoint    ] Leaving safepoint region
[2019-12-09T03:52:38.141+0000][1][safepoint    ] Total time for which application threads were stopped: 0.0000751 seconds, Stopping threads took: 0.0000161 seconds
[2019-12-09T03:52:40.142+0000][1][safepoint    ] Application time: 2.0001443 seconds
[2019-12-09T03:52:40.142+0000][1][safepoint    ] Entering safepoint region: Cleanup
[2019-12-09T03:52:40.142+0000][1][safepoint    ] Leaving safepoint region
[2019-12-09T03:52:40.142+0000][1][safepoint    ] Total time for which application threads were stopped: 0.0000901 seconds, Stopping threads took: 0.0000175 seconds
[2019-12-09T03:52:44.142+0000][1][safepoint    ] Application time: 4.0002723 seconds
[2019-12-09T03:52:44.142+0000][1][safepoint    ] Entering safepoint region: Cleanup
[2019-12-09T03:52:44.142+0000][1][safepoint    ] Leaving safepoint region
[2019-12-09T03:52:44.142+0000][1][safepoint    ] Total time for which application threads were stopped: 0.0000769 seconds, Stopping threads took: 0.0000164 seconds
[2019-12-09T03:52:45.142+0000][1][safepoint    ] Application time: 1.0000773 seconds
[2019-12-09T03:52:45.142+0000][1][safepoint    ] Entering safepoint region: Cleanup
[2019-12-09T03:52:45.142+0000][1][safepoint    ] Leaving safepoint region
[2019-12-09T03:52:45.142+0000][1][safepoint    ] Total time for which application threads were stopped: 0.0000780 seconds, Stopping threads took: 0.0000166 seconds
[2019-12-09T03:52:46.143+0000][1][safepoint    ] Application time: 1.0004235 seconds
[2019-12-09T03:52:46.143+0000][1][safepoint    ] Entering safepoint region: Cleanup
[2019-12-09T03:52:46.143+0000][1][safepoint    ] Leaving safepoint region
[2019-12-09T03:52:46.143+0000][1][safepoint    ] Total time for which application threads were stopped: 0.0000979 seconds, Stopping threads took: 0.0000227 seconds
[2019-12-09T03:52:48.143+0000][1][safepoint    ] Application time: 2.0001574 seconds
[2019-12-09T03:52:48.143+0000][1][safepoint    ] Entering safepoint region: Cleanup
[2019-12-09T03:52:48.143+0000][1][safepoint    ] Leaving safepoint region
[2019-12-09T03:52:48.143+0000][1][safepoint    ] Total time for which application threads were stopped: 0.0000757 seconds, Stopping threads took: 0.0000165 seconds
[2019-12-09T03:52:52.146+0000][1][safepoint    ] Application time: 4.0026574 seconds
[2019-12-09T03:52:52.146+0000][1][safepoint    ] Entering safepoint region: Cleanup
[2019-12-09T03:52:52.146+0000][1][safepoint    ] Leaving safepoint region
[2019-12-09T03:52:52.146+0000][1][safepoint    ] Total time for which application threads were stopped: 0.0000885 seconds, Stopping threads took: 0.0000204 seconds
[2019-12-09T03:52:53.146+0000][1][safepoint    ] Application time: 1.0000773 seconds
[2019-12-09T03:52:53.146+0000][1][safepoint    ] Entering safepoint region: Cleanup
[2019-12-09T03:52:53.146+0000][1][safepoint    ] Leaving safepoint region
[2019-12-09T03:52:53.146+0000][1][safepoint    ] Total time for which application threads were stopped: 0.0000735 seconds, Stopping threads took: 0.0000160 seconds
[2019-12-09T03:52:55.146+0000][1][safepoint    ] Application time: 2.0001479 seconds
[2019-12-09T03:52:55.146+0000][1][safepoint    ] Entering safepoint region: Cleanup
[2019-12-09T03:52:55.146+0000][1][safepoint    ] Leaving safepoint region
[2019-12-09T03:52:55.146+0000][1][safepoint    ] Total time for which application threads were stopped: 0.0000738 seconds, Stopping threads took: 0.0000161 seconds
[2019-12-09T03:52:56.146+0000][1][safepoint    ] Application time: 1.0000777 seconds
[2019-12-09T03:52:56.146+0000][1][safepoint    ] Entering safepoint region: Cleanup
[2019-12-09T03:52:56.147+0000][1][safepoint    ] Leaving safepoint region
[2019-12-09T03:52:56.147+0000][1][safepoint    ] Total time for which application threads were stopped: 0.0000785 seconds, Stopping threads took: 0.0000168 seconds
[2019-12-09T03:52:58.147+0000][1][safepoint    ] Application time: 2.0001440 seconds
[2019-12-09T03:52:58.147+0000][1][safepoint    ] Entering safepoint region: Cleanup
[2019-12-09T03:52:58.147+0000][1][safepoint    ] Leaving safepoint region
[2019-12-09T03:52:58.147+0000][1][safepoint    ] Total time for which application threads were stopped: 0.0000754 seconds, Stopping threads took: 0.0000164 seconds
[2019-12-09T03:53:00.149+0000][1][safepoint    ] Application time: 2.0019802 seconds
[2019-12-09T03:53:00.149+0000][1][safepoint    ] Entering safepoint region: Cleanup
[2019-12-09T03:53:00.149+0000][1][safepoint    ] Leaving safepoint region
[2019-12-09T03:53:00.149+0000][1][safepoint    ] Total time for which application threads were stopped: 0.0001098 seconds, Stopping threads took: 0.0000302 seconds
[2019-12-09T03:53:02.149+0000][1][safepoint    ] Application time: 2.0001469 seconds
[2019-12-09T03:53:02.149+0000][1][safepoint    ] Entering safepoint region: Cleanup
[2019-12-09T03:53:02.149+0000][1][safepoint    ] Leaving safepoint region
[2019-12-09T03:53:02.149+0000][1][safepoint    ] Total time for which application threads were stopped: 0.0000760 seconds, Stopping threads took: 0.0000175 seconds
[2019-12-09T03:53:03.149+0000][1][safepoint    ] Application time: 1.0000772 seconds
[2019-12-09T03:53:03.149+0000][1][safepoint    ] Entering safepoint region: Cleanup
[2019-12-09T03:53:03.149+0000][1][safepoint    ] Leaving safepoint region
[2019-12-09T03:53:03.149+0000][1][safepoint    ] Total time for which application threads were stopped: 0.0000797 seconds, Stopping threads took: 0.0000167 seconds
[2019-12-09T03:53:04.149+0000][1][safepoint    ] Application time: 1.0000764 seconds
[2019-12-09T03:53:04.149+0000][1][safepoint    ] Entering safepoint region: Cleanup
[2019-12-09T03:53:04.150+0000][1][safepoint    ] Leaving safepoint region
[2019-12-09T03:53:04.150+0000][1][safepoint    ] Total time for which application threads were stopped: 0.0000846 seconds, Stopping threads took: 0.0000169 seconds
[2019-12-09T03:53:05.150+0000][1][safepoint    ] Application time: 1.0000760 seconds
[2019-12-09T03:53:05.150+0000][1][safepoint    ] Entering safepoint region: Cleanup
[2019-12-09T03:53:05.150+0000][1][safepoint    ] Leaving safepoint region
[2019-12-09T03:53:05.150+0000][1][safepoint    ] Total time for which application threads were stopped: 0.0000870 seconds, Stopping threads took: 0.0000151 seconds
[2019-12-09T03:53:06.150+0000][1][safepoint    ] Application time: 1.0000805 seconds
[2019-12-09T03:53:06.150+0000][1][safepoint    ] Entering safepoint region: Cleanup
[2019-12-09T03:53:06.150+0000][1][safepoint    ] Leaving safepoint region
[2019-12-09T03:53:06.150+0000][1][safepoint    ] Total time for which application threads were stopped: 0.0000789 seconds, Stopping threads took: 0.0000177 seconds
[2019-12-09T03:53:08.150+0000][1][safepoint    ] Application time: 2.0001449 seconds
[2019-12-09T03:53:08.150+0000][1][safepoint    ] Entering safepoint region: Cleanup
[2019-12-09T03:53:08.150+0000][1][safepoint    ] Leaving safepoint region
[2019-12-09T03:53:08.150+0000][1][safepoint    ] Total time for which application threads were stopped: 0.0000729 seconds, Stopping threads took: 0.0000159 seconds
[2019-12-09T03:53:10.150+0000][1][safepoint    ] Application time: 2.0001424 seconds
[2019-12-09T03:53:10.150+0000][1][safepoint    ] Entering safepoint region: Cleanup
[2019-12-09T03:53:10.150+0000][1][safepoint    ] Leaving safepoint region
[2019-12-09T03:53:10.150+0000][1][safepoint    ] Total time for which application threads were stopped: 0.0000715 seconds, Stopping threads took: 0.0000147 seconds
[2019-12-09T03:53:11.151+0000][1][safepoint    ] Application time: 1.0000776 seconds
[2019-12-09T03:53:11.151+0000][1][safepoint    ] Entering safepoint region: Cleanup
[2019-12-09T03:53:11.151+0000][1][safepoint    ] Leaving safepoint region
[2019-12-09T03:53:11.151+0000][1][safepoint    ] Total time for which application threads were stopped: 0.0000713 seconds, Stopping threads took: 0.0000151 seconds
[2019-12-09T03:53:12.152+0000][1][safepoint    ] Application time: 1.0010849 seconds
[2019-12-09T03:53:12.152+0000][1][safepoint    ] Entering safepoint region: Cleanup
[2019-12-09T03:53:12.152+0000][1][safepoint    ] Leaving safepoint region
[2019-12-09T03:53:12.152+0000][1][safepoint    ] Total time for which application threads were stopped: 0.0001069 seconds, Stopping threads took: 0.0000241 seconds
[2019-12-09T03:53:19.152+0000][1][safepoint    ] Application time: 7.0004771 seconds
[2019-12-09T03:53:19.152+0000][1][safepoint    ] Entering safepoint region: Cleanup
[2019-12-09T03:53:19.152+0000][1][safepoint    ] Leaving safepoint region
[2019-12-09T03:53:19.152+0000][1][safepoint    ] Total time for which application threads were stopped: 0.0000762 seconds, Stopping threads took: 0.0000153 seconds
[2019-12-09T03:53:21.153+0000][1][safepoint    ] Application time: 2.0001439 seconds
[2019-12-09T03:53:21.153+0000][1][safepoint    ] Entering safepoint region: Cleanup
[2019-12-09T03:53:21.153+0000][1][safepoint    ] Leaving safepoint region
[2019-12-09T03:53:21.153+0000][1][safepoint    ] Total time for which application threads were stopped: 0.0000727 seconds, Stopping threads took: 0.0000160 seconds
[2019-12-09T03:53:23.153+0000][1][safepoint    ] Application time: 2.0001457 seconds
[2019-12-09T03:53:23.153+0000][1][safepoint    ] Entering safepoint region: Cleanup
[2019-12-09T03:53:23.153+0000][1][safepoint    ] Leaving safepoint region
[2019-12-09T03:53:23.153+0000][1][safepoint    ] Total time for which application threads were stopped: 0.0000811 seconds, Stopping threads took: 0.0000164 seconds
[2019-12-09T03:53:25.153+0000][1][safepoint    ] Application time: 2.0001435 seconds
[2019-12-09T03:53:25.153+0000][1][safepoint    ] Entering safepoint region: Cleanup
[2019-12-09T03:53:25.153+0000][1][safepoint    ] Leaving safepoint region
[2019-12-09T03:53:25.153+0000][1][safepoint    ] Total time for which application threads were stopped: 0.0000803 seconds, Stopping threads took: 0.0000151 seconds
[2019-12-09T03:53:28.153+0000][1][safepoint    ] Application time: 3.0002131 seconds
[2019-12-09T03:53:28.153+0000][1][safepoint    ] Entering safepoint region: Cleanup
[2019-12-09T03:53:28.154+0000][1][safepoint    ] Leaving safepoint region
[2019-12-09T03:53:28.154+0000][1][safepoint    ] Total time for which application threads were stopped: 0.0000727 seconds, Stopping threads took: 0.0000148 seconds
[2019-12-09T03:53:31.155+0000][1][safepoint    ] Application time: 3.0012836 seconds
[2019-12-09T03:53:31.155+0000][1][safepoint    ] Entering safepoint region: Cleanup
[2019-12-09T03:53:31.155+0000][1][safepoint    ] Leaving safepoint region
[2019-12-09T03:53:31.155+0000][1][safepoint    ] Total time for which application threads were stopped: 0.0001287 seconds, Stopping threads took: 0.0000367 seconds
[2019-12-09T03:53:32.155+0000][1][safepoint    ] Application time: 1.0000792 seconds
[2019-12-09T03:53:32.155+0000][1][safepoint    ] Entering safepoint region: Cleanup
[2019-12-09T03:53:32.155+0000][1][safepoint    ] Leaving safepoint region
[2019-12-09T03:53:32.155+0000][1][safepoint    ] Total time for which application threads were stopped: 0.0000888 seconds, Stopping threads took: 0.0000232 seconds
[2019-12-09T03:53:34.155+0000][1][safepoint    ] Application time: 2.0001461 seconds
[2019-12-09T03:53:34.155+0000][1][safepoint    ] Entering safepoint region: Cleanup
[2019-12-09T03:53:34.155+0000][1][safepoint    ] Leaving safepoint region
[2019-12-09T03:53:34.155+0000][1][safepoint    ] Total time for which application threads were stopped: 0.0000811 seconds, Stopping threads took: 0.0000181 seconds
[2019-12-09T03:53:35.156+0000][1][safepoint    ] Application time: 1.0000854 seconds
[2019-12-09T03:53:35.156+0000][1][safepoint    ] Entering safepoint region: Cleanup
[2019-12-09T03:53:35.156+0000][1][safepoint    ] Leaving safepoint region
[2019-12-09T03:53:35.156+0000][1][safepoint    ] Total time for which application threads were stopped: 0.0001226 seconds, Stopping threads took: 0.0000234 seconds
[2019-12-09T03:53:36.156+0000][1][safepoint    ] Application time: 1.0000786 seconds
[2019-12-09T03:53:36.156+0000][1][safepoint    ] Entering safepoint region: Cleanup
[2019-12-09T03:53:36.156+0000][1][safepoint    ] Leaving safepoint region
[2019-12-09T03:53:36.156+0000][1][safepoint    ] Total time for which application threads were stopped: 0.0000773 seconds, Stopping threads took: 0.0000169 seconds
[2019-12-09T03:53:36.175+0000][1][safepoint    ] Application time: 0.0189348 seconds
[2019-12-09T03:53:36.175+0000][1][safepoint    ] Entering safepoint region: GenCollectForAllocation
[2019-12-09T03:53:36.175+0000][1][gc,start     ] GC(24) Pause Young (Allocation Failure)
[2019-12-09T03:53:36.175+0000][1][gc,task      ] GC(24) Using 2 workers of 2 for evacuation
[2019-12-09T03:53:36.190+0000][1][gc,age       ] GC(24) Desired survivor size 4456448 bytes, new threshold 6 (max threshold 6)
[2019-12-09T03:53:36.190+0000][1][gc,age       ] GC(24) Age table with threshold 6 (max threshold 6)
[2019-12-09T03:53:36.190+0000][1][gc,age       ] GC(24) - age   1:      30152 bytes,      30152 total
[2019-12-09T03:53:36.190+0000][1][gc,age       ] GC(24) - age   2:    1512584 bytes,    1542736 total
[2019-12-09T03:53:36.190+0000][1][gc,heap      ] GC(24) ParNew: 77332K->4866K(78656K)
[2019-12-09T03:53:36.190+0000][1][gc,heap      ] GC(24) CMS: 64361K->67819K(174784K)
[2019-12-09T03:53:36.190+0000][1][gc,metaspace ] GC(24) Metaspace: 67958K->67958K(1112064K)
[2019-12-09T03:53:36.190+0000][1][gc           ] GC(24) Pause Young (Allocation Failure) 138M->70M(247M) 15.299ms
[2019-12-09T03:53:36.190+0000][1][gc,cpu       ] GC(24) User=0.03s Sys=0.00s Real=0.01s
[2019-12-09T03:53:36.190+0000][1][safepoint    ] Leaving safepoint region
[2019-12-09T03:53:36.190+0000][1][safepoint    ] Total time for which application threads were stopped: 0.0154348 seconds, Stopping threads took: 0.0000138 seconds
[2019-12-09T03:53:41.194+0000][1][safepoint    ] Application time: 5.0032038 seconds
[2019-12-09T03:53:41.194+0000][1][safepoint    ] Entering safepoint region: Cleanup
[2019-12-09T03:53:41.194+0000][1][safepoint    ] Leaving safepoint region
[2019-12-09T03:53:41.194+0000][1][safepoint    ] Total time for which application threads were stopped: 0.0001635 seconds, Stopping threads took: 0.0000452 seconds
[2019-12-09T03:53:43.194+0000][1][safepoint    ] Application time: 2.0001465 seconds
[2019-12-09T03:53:43.194+0000][1][safepoint    ] Entering safepoint region: Cleanup
[2019-12-09T03:53:43.194+0000][1][safepoint    ] Leaving safepoint region
[2019-12-09T03:53:43.194+0000][1][safepoint    ] Total time for which application threads were stopped: 0.0000732 seconds, Stopping threads took: 0.0000153 seconds
[2019-12-09T03:53:46.194+0000][1][safepoint    ] Application time: 3.0002138 seconds
[2019-12-09T03:53:46.194+0000][1][safepoint    ] Entering safepoint region: Cleanup
[2019-12-09T03:53:46.194+0000][1][safepoint    ] Leaving safepoint region
[2019-12-09T03:53:46.194+0000][1][safepoint    ] Total time for which application threads were stopped: 0.0000923 seconds, Stopping threads took: 0.0000211 seconds
[2019-12-09T03:53:47.194+0000][1][safepoint    ] Application time: 1.0000857 seconds
[2019-12-09T03:53:47.194+0000][1][safepoint    ] Entering safepoint region: Cleanup
[2019-12-09T03:53:47.195+0000][1][safepoint    ] Leaving safepoint region
[2019-12-09T03:53:47.195+0000][1][safepoint    ] Total time for which application threads were stopped: 0.0000842 seconds, Stopping threads took: 0.0000161 seconds
[2019-12-09T03:53:49.195+0000][1][safepoint    ] Application time: 2.0001424 seconds
[2019-12-09T03:53:49.195+0000][1][safepoint    ] Entering safepoint region: Cleanup
[2019-12-09T03:53:49.195+0000][1][safepoint    ] Leaving safepoint region
[2019-12-09T03:53:49.195+0000][1][safepoint    ] Total time for which application threads were stopped: 0.0000766 seconds, Stopping threads took: 0.0000158 seconds
[2019-12-09T03:54:02.196+0000][1][safepoint    ] Application time: 13.0009037 seconds
[2019-12-09T03:54:02.196+0000][1][safepoint    ] Entering safepoint region: Cleanup
[2019-12-09T03:54:02.196+0000][1][safepoint    ] Leaving safepoint region
[2019-12-09T03:54:02.196+0000][1][safepoint    ] Total time for which application threads were stopped: 0.0000879 seconds, Stopping threads took: 0.0000254 seconds
[2019-12-09T03:54:05.196+0000][1][safepoint    ] Application time: 3.0002085 seconds
[2019-12-09T03:54:05.196+0000][1][safepoint    ] Entering safepoint region: Cleanup
[2019-12-09T03:54:05.196+0000][1][safepoint    ] Leaving safepoint region
[2019-12-09T03:54:05.196+0000][1][safepoint    ] Total time for which application threads were stopped: 0.0000762 seconds, Stopping threads took: 0.0000158 seconds
[2019-12-09T03:54:06.196+0000][1][safepoint    ] Application time: 1.0000764 seconds
[2019-12-09T03:54:06.196+0000][1][safepoint    ] Entering safepoint region: Cleanup
[2019-12-09T03:54:06.196+0000][1][safepoint    ] Leaving safepoint region
[2019-12-09T03:54:06.196+0000][1][safepoint    ] Total time for which application threads were stopped: 0.0000789 seconds, Stopping threads took: 0.0000174 seconds
[2019-12-09T03:54:07.196+0000][1][safepoint    ] Application time: 1.0000764 seconds
[2019-12-09T03:54:07.196+0000][1][safepoint    ] Entering safepoint region: Cleanup
[2019-12-09T03:54:07.197+0000][1][safepoint    ] Leaving safepoint region
[2019-12-09T03:54:07.197+0000][1][safepoint    ] Total time for which application threads were stopped: 0.0000717 seconds, Stopping threads took: 0.0000153 seconds
[2019-12-09T03:54:08.197+0000][1][safepoint    ] Application time: 1.0000757 seconds
[2019-12-09T03:54:08.197+0000][1][safepoint    ] Entering safepoint region: Cleanup
[2019-12-09T03:54:08.197+0000][1][safepoint    ] Leaving safepoint region
[2019-12-09T03:54:08.197+0000][1][safepoint    ] Total time for which application threads were stopped: 0.0000855 seconds, Stopping threads took: 0.0000250 seconds
[2019-12-09T03:54:16.197+0000][1][safepoint    ] Application time: 8.0005501 seconds
[2019-12-09T03:54:16.197+0000][1][safepoint    ] Entering safepoint region: Cleanup
[2019-12-09T03:54:16.197+0000][1][safepoint    ] Leaving safepoint region
[2019-12-09T03:54:16.197+0000][1][safepoint    ] Total time for which application threads were stopped: 0.0000825 seconds, Stopping threads took: 0.0000182 seconds
[2019-12-09T03:54:26.198+0000][1][safepoint    ] Application time: 10.0007099 seconds
[2019-12-09T03:54:26.198+0000][1][safepoint    ] Entering safepoint region: Cleanup
[2019-12-09T03:54:26.198+0000][1][safepoint    ] Leaving safepoint region
[2019-12-09T03:54:26.198+0000][1][safepoint    ] Total time for which application threads were stopped: 0.0000781 seconds, Stopping threads took: 0.0000169 seconds
[2019-12-09T03:54:32.199+0000][1][safepoint    ] Application time: 6.0004075 seconds
[2019-12-09T03:54:32.199+0000][1][safepoint    ] Entering safepoint region: Cleanup
[2019-12-09T03:54:32.199+0000][1][safepoint    ] Leaving safepoint region
[2019-12-09T03:54:32.199+0000][1][safepoint    ] Total time for which application threads were stopped: 0.0000824 seconds, Stopping threads took: 0.0000243 seconds
[2019-12-09T03:54:36.199+0000][1][safepoint    ] Application time: 4.0002766 seconds
[2019-12-09T03:54:36.199+0000][1][safepoint    ] Entering safepoint region: Cleanup
[2019-12-09T03:54:36.199+0000][1][safepoint    ] Leaving safepoint region
[2019-12-09T03:54:36.199+0000][1][safepoint    ] Total time for which application threads were stopped: 0.0000849 seconds, Stopping threads took: 0.0000172 seconds
[2019-12-09T03:54:37.199+0000][1][safepoint    ] Application time: 1.0000754 seconds
[2019-12-09T03:54:37.199+0000][1][safepoint    ] Entering safepoint region: Cleanup
[2019-12-09T03:54:37.199+0000][1][safepoint    ] Leaving safepoint region
[2019-12-09T03:54:37.199+0000][1][safepoint    ] Total time for which application threads were stopped: 0.0000741 seconds, Stopping threads took: 0.0000157 seconds
[2019-12-09T03:54:38.199+0000][1][safepoint    ] Application time: 1.0000767 seconds
[2019-12-09T03:54:38.200+0000][1][safepoint    ] Entering safepoint region: Cleanup
[2019-12-09T03:54:38.200+0000][1][safepoint    ] Leaving safepoint region
[2019-12-09T03:54:38.200+0000][1][safepoint    ] Total time for which application threads were stopped: 0.0000745 seconds, Stopping threads took: 0.0000188 seconds
[2019-12-09T03:54:40.200+0000][1][safepoint    ] Application time: 2.0001520 seconds
[2019-12-09T03:54:40.200+0000][1][safepoint    ] Entering safepoint region: Cleanup
[2019-12-09T03:54:40.200+0000][1][safepoint    ] Leaving safepoint region
[2019-12-09T03:54:40.200+0000][1][safepoint    ] Total time for which application threads were stopped: 0.0000749 seconds, Stopping threads took: 0.0000155 seconds
[2019-12-09T03:54:46.200+0000][1][safepoint    ] Application time: 6.0004091 seconds
[2019-12-09T03:54:46.200+0000][1][safepoint    ] Entering safepoint region: Cleanup
[2019-12-09T03:54:46.200+0000][1][safepoint    ] Leaving safepoint region
[2019-12-09T03:54:46.200+0000][1][safepoint    ] Total time for which application threads were stopped: 0.0000794 seconds, Stopping threads took: 0.0000175 seconds
[2019-12-09T03:54:48.201+0000][1][safepoint    ] Application time: 2.0001403 seconds
[2019-12-09T03:54:48.201+0000][1][safepoint    ] Entering safepoint region: Cleanup
[2019-12-09T03:54:48.201+0000][1][safepoint    ] Leaving safepoint region
[2019-12-09T03:54:48.201+0000][1][safepoint    ] Total time for which application threads were stopped: 0.0000715 seconds, Stopping threads took: 0.0000149 seconds
[2019-12-09T03:54:50.201+0000][1][safepoint    ] Application time: 2.0001412 seconds
[2019-12-09T03:54:50.201+0000][1][safepoint    ] Entering safepoint region: Cleanup
[2019-12-09T03:54:50.201+0000][1][safepoint    ] Leaving safepoint region
[2019-12-09T03:54:50.201+0000][1][safepoint    ] Total time for which application threads were stopped: 0.0000779 seconds, Stopping threads took: 0.0000169 seconds
[2019-12-09T03:54:53.201+0000][1][safepoint    ] Application time: 3.0002107 seconds
[2019-12-09T03:54:53.201+0000][1][safepoint    ] Entering safepoint region: Cleanup
[2019-12-09T03:54:53.201+0000][1][safepoint    ] Leaving safepoint region
[2019-12-09T03:54:53.201+0000][1][safepoint    ] Total time for which application threads were stopped: 0.0000758 seconds, Stopping threads took: 0.0000157 seconds
[2019-12-09T03:54:56.201+0000][1][safepoint    ] Application time: 3.0002137 seconds
[2019-12-09T03:54:56.201+0000][1][safepoint    ] Entering safepoint region: Cleanup
[2019-12-09T03:54:56.202+0000][1][safepoint    ] Leaving safepoint region
[2019-12-09T03:54:56.202+0000][1][safepoint    ] Total time for which application threads were stopped: 0.0000748 seconds, Stopping threads took: 0.0000158 seconds
[2019-12-09T03:54:57.202+0000][1][safepoint    ] Application time: 1.0000764 seconds
[2019-12-09T03:54:57.202+0000][1][safepoint    ] Entering safepoint region: Cleanup
[2019-12-09T03:54:57.202+0000][1][safepoint    ] Leaving safepoint region
[2019-12-09T03:54:57.202+0000][1][safepoint    ] Total time for which application threads were stopped: 0.0000854 seconds, Stopping threads took: 0.0000292 seconds
[2019-12-09T03:54:59.202+0000][1][safepoint    ] Application time: 2.0001553 seconds
[2019-12-09T03:54:59.202+0000][1][safepoint    ] Entering safepoint region: Cleanup
[2019-12-09T03:54:59.202+0000][1][safepoint    ] Leaving safepoint region
[2019-12-09T03:54:59.202+0000][1][safepoint    ] Total time for which application threads were stopped: 0.0000841 seconds, Stopping threads took: 0.0000151 seconds
[2019-12-09T03:55:00.202+0000][1][safepoint    ] Application time: 1.0000787 seconds
[2019-12-09T03:55:00.202+0000][1][safepoint    ] Entering safepoint region: Cleanup
[2019-12-09T03:55:00.202+0000][1][safepoint    ] Leaving safepoint region
[2019-12-09T03:55:00.202+0000][1][safepoint    ] Total time for which application threads were stopped: 0.0000890 seconds, Stopping threads took: 0.0000279 seconds
[2019-12-09T03:55:04.203+0000][1][safepoint    ] Application time: 4.0002795 seconds
[2019-12-09T03:55:04.203+0000][1][safepoint    ] Entering safepoint region: Cleanup
[2019-12-09T03:55:04.203+0000][1][safepoint    ] Leaving safepoint region
[2019-12-09T03:55:04.203+0000][1][safepoint    ] Total time for which application threads were stopped: 0.0000811 seconds, Stopping threads took: 0.0000155 seconds
[2019-12-09T03:55:12.205+0000][1][safepoint    ] Application time: 8.0024363 seconds
[2019-12-09T03:55:12.205+0000][1][safepoint    ] Entering safepoint region: Cleanup
[2019-12-09T03:55:12.205+0000][1][safepoint    ] Leaving safepoint region
[2019-12-09T03:55:12.205+0000][1][safepoint    ] Total time for which application threads were stopped: 0.0000744 seconds, Stopping threads took: 0.0000161 seconds
[2019-12-09T03:55:14.205+0000][1][safepoint    ] Application time: 2.0001587 seconds
[2019-12-09T03:55:14.205+0000][1][safepoint    ] Entering safepoint region: Cleanup
[2019-12-09T03:55:14.206+0000][1][safepoint    ] Leaving safepoint region
[2019-12-09T03:55:14.206+0000][1][safepoint    ] Total time for which application threads were stopped: 0.0001105 seconds, Stopping threads took: 0.0000522 seconds
[2019-12-09T03:55:16.206+0000][1][safepoint    ] Application time: 2.0001488 seconds
[2019-12-09T03:55:16.206+0000][1][safepoint    ] Entering safepoint region: Cleanup
[2019-12-09T03:55:16.206+0000][1][safepoint    ] Leaving safepoint region
[2019-12-09T03:55:16.206+0000][1][safepoint    ] Total time for which application threads were stopped: 0.0000776 seconds, Stopping threads took: 0.0000154 seconds
[2019-12-09T03:55:19.206+0000][1][safepoint    ] Application time: 3.0005695 seconds
[2019-12-09T03:55:19.206+0000][1][safepoint    ] Entering safepoint region: Cleanup
[2019-12-09T03:55:19.207+0000][1][safepoint    ] Leaving safepoint region
[2019-12-09T03:55:19.207+0000][1][safepoint    ] Total time for which application threads were stopped: 0.0000991 seconds, Stopping threads took: 0.0000197 seconds
[2019-12-09T03:55:35.912+0000][1][safepoint    ] Application time: 16.7056336 seconds
[2019-12-09T03:55:35.912+0000][1][safepoint    ] Entering safepoint region: GenCollectForAllocation
[2019-12-09T03:55:35.912+0000][1][gc,start     ] GC(25) Pause Young (Allocation Failure)
[2019-12-09T03:55:35.912+0000][1][gc,task      ] GC(25) Using 2 workers of 2 for evacuation
[2019-12-09T03:55:35.922+0000][1][gc,age       ] GC(25) Desired survivor size 4456448 bytes, new threshold 6 (max threshold 6)
[2019-12-09T03:55:35.922+0000][1][gc,age       ] GC(25) Age table with threshold 6 (max threshold 6)
[2019-12-09T03:55:35.922+0000][1][gc,age       ] GC(25) - age   1:       9112 bytes,       9112 total
[2019-12-09T03:55:35.922+0000][1][gc,age       ] GC(25) - age   2:      26024 bytes,      35136 total
[2019-12-09T03:55:35.922+0000][1][gc,age       ] GC(25) - age   3:    1512584 bytes,    1547720 total
[2019-12-09T03:55:35.922+0000][1][gc,heap      ] GC(25) ParNew: 74765K->2389K(78656K)
[2019-12-09T03:55:35.922+0000][1][gc,heap      ] GC(25) CMS: 67819K->67819K(174784K)
[2019-12-09T03:55:35.922+0000][1][gc,metaspace ] GC(25) Metaspace: 68205K->68205K(1112064K)
[2019-12-09T03:55:35.922+0000][1][gc           ] GC(25) Pause Young (Allocation Failure) 139M->68M(247M) 9.692ms
[2019-12-09T03:55:35.922+0000][1][gc,cpu       ] GC(25) User=0.01s Sys=0.00s Real=0.01s
[2019-12-09T03:55:35.922+0000][1][safepoint    ] Leaving safepoint region
[2019-12-09T03:55:35.922+0000][1][safepoint    ] Total time for which application threads were stopped: 0.0098978 seconds, Stopping threads took: 0.0000325 seconds
[2019-12-09T03:55:36.924+0000][1][safepoint    ] Application time: 1.0015990 seconds
[2019-12-09T03:55:36.924+0000][1][safepoint    ] Entering safepoint region: Cleanup
[2019-12-09T03:55:36.924+0000][1][safepoint    ] Leaving safepoint region
[2019-12-09T03:55:36.924+0000][1][safepoint    ] Total time for which application threads were stopped: 0.0001137 seconds, Stopping threads took: 0.0000249 seconds
[2019-12-09T03:55:42.924+0000][1][safepoint    ] Application time: 6.0004110 seconds
[2019-12-09T03:55:42.924+0000][1][safepoint    ] Entering safepoint region: Cleanup
[2019-12-09T03:55:42.924+0000][1][safepoint    ] Leaving safepoint region
[2019-12-09T03:55:42.924+0000][1][safepoint    ] Total time for which application threads were stopped: 0.0000750 seconds, Stopping threads took: 0.0000159 seconds
[2019-12-09T03:55:52.925+0000][1][safepoint    ] Application time: 10.0007045 seconds
[2019-12-09T03:55:52.925+0000][1][safepoint    ] Entering safepoint region: Cleanup
[2019-12-09T03:55:52.925+0000][1][safepoint    ] Leaving safepoint region
[2019-12-09T03:55:52.925+0000][1][safepoint    ] Total time for which application threads were stopped: 0.0000852 seconds, Stopping threads took: 0.0000187 seconds
[2019-12-09T03:55:53.925+0000][1][safepoint    ] Application time: 1.0000754 seconds
[2019-12-09T03:55:53.925+0000][1][safepoint    ] Entering safepoint region: Cleanup
[2019-12-09T03:55:53.925+0000][1][safepoint    ] Leaving safepoint region
[2019-12-09T03:55:53.925+0000][1][safepoint    ] Total time for which application threads were stopped: 0.0000766 seconds, Stopping threads took: 0.0000155 seconds
[2019-12-09T03:55:56.926+0000][1][safepoint    ] Application time: 3.0002125 seconds
[2019-12-09T03:55:56.926+0000][1][safepoint    ] Entering safepoint region: Cleanup
[2019-12-09T03:55:56.926+0000][1][safepoint    ] Leaving safepoint region
[2019-12-09T03:55:56.926+0000][1][safepoint    ] Total time for which application threads were stopped: 0.0000735 seconds, Stopping threads took: 0.0000153 seconds
[2019-12-09T03:55:58.926+0000][1][safepoint    ] Application time: 2.0001409 seconds
[2019-12-09T03:55:58.926+0000][1][safepoint    ] Entering safepoint region: Cleanup
[2019-12-09T03:55:58.926+0000][1][safepoint    ] Leaving safepoint region
[2019-12-09T03:55:58.926+0000][1][safepoint    ] Total time for which application threads were stopped: 0.0000747 seconds, Stopping threads took: 0.0000155 seconds
[2019-12-09T03:56:00.926+0000][1][safepoint    ] Application time: 2.0001446 seconds
[2019-12-09T03:56:00.926+0000][1][safepoint    ] Entering safepoint region: Cleanup
[2019-12-09T03:56:00.926+0000][1][safepoint    ] Leaving safepoint region
[2019-12-09T03:56:00.926+0000][1][safepoint    ] Total time for which application threads were stopped: 0.0001051 seconds, Stopping threads took: 0.0000280 seconds
[2019-12-09T03:56:02.927+0000][1][safepoint    ] Application time: 2.0003443 seconds
[2019-12-09T03:56:02.927+0000][1][safepoint    ] Entering safepoint region: Cleanup
[2019-12-09T03:56:02.927+0000][1][safepoint    ] Leaving safepoint region
[2019-12-09T03:56:02.927+0000][1][safepoint    ] Total time for which application threads were stopped: 0.0001166 seconds, Stopping threads took: 0.0000251 seconds
[2019-12-09T03:56:03.927+0000][1][safepoint    ] Application time: 1.0000761 seconds
[2019-12-09T03:56:03.927+0000][1][safepoint    ] Entering safepoint region: Cleanup
[2019-12-09T03:56:03.927+0000][1][safepoint    ] Leaving safepoint region
[2019-12-09T03:56:03.927+0000][1][safepoint    ] Total time for which application threads were stopped: 0.0001097 seconds, Stopping threads took: 0.0000247 seconds
[2019-12-09T03:56:06.927+0000][1][safepoint    ] Application time: 3.0002117 seconds
[2019-12-09T03:56:06.927+0000][1][safepoint    ] Entering safepoint region: Cleanup
[2019-12-09T03:56:06.927+0000][1][safepoint    ] Leaving safepoint region
[2019-12-09T03:56:06.927+0000][1][safepoint    ] Total time for which application threads were stopped: 0.0000751 seconds, Stopping threads took: 0.0000156 seconds
[2019-12-09T03:56:18.928+0000][1][safepoint    ] Application time: 12.0008461 seconds
[2019-12-09T03:56:18.928+0000][1][safepoint    ] Entering safepoint region: Cleanup
[2019-12-09T03:56:18.928+0000][1][safepoint    ] Leaving safepoint region
[2019-12-09T03:56:18.928+0000][1][safepoint    ] Total time for which application threads were stopped: 0.0000746 seconds, Stopping threads took: 0.0000155 seconds
[2019-12-09T03:56:28.929+0000][1][safepoint    ] Application time: 10.0007005 seconds
[2019-12-09T03:56:28.929+0000][1][safepoint    ] Entering safepoint region: Cleanup
[2019-12-09T03:56:28.929+0000][1][safepoint    ] Leaving safepoint region
[2019-12-09T03:56:28.929+0000][1][safepoint    ] Total time for which application threads were stopped: 0.0000773 seconds, Stopping threads took: 0.0000162 seconds
[2019-12-09T03:56:31.929+0000][1][safepoint    ] Application time: 3.0002205 seconds
[2019-12-09T03:56:31.929+0000][1][safepoint    ] Entering safepoint region: Cleanup
[2019-12-09T03:56:31.929+0000][1][safepoint    ] Leaving safepoint region
[2019-12-09T03:56:31.929+0000][1][safepoint    ] Total time for which application threads were stopped: 0.0000907 seconds, Stopping threads took: 0.0000270 seconds
[2019-12-09T03:56:33.930+0000][1][safepoint    ] Application time: 2.0001421 seconds
[2019-12-09T03:56:33.930+0000][1][safepoint    ] Entering safepoint region: Cleanup
[2019-12-09T03:56:33.930+0000][1][safepoint    ] Leaving safepoint region
[2019-12-09T03:56:33.930+0000][1][safepoint    ] Total time for which application threads were stopped: 0.0000903 seconds, Stopping threads took: 0.0000171 seconds
[2019-12-09T03:56:40.930+0000][1][safepoint    ] Application time: 7.0005097 seconds
[2019-12-09T03:56:40.930+0000][1][safepoint    ] Entering safepoint region: Cleanup
[2019-12-09T03:56:40.930+0000][1][safepoint    ] Leaving safepoint region
[2019-12-09T03:56:40.930+0000][1][safepoint    ] Total time for which application threads were stopped: 0.0000750 seconds, Stopping threads took: 0.0000175 seconds
[2019-12-09T03:56:41.930+0000][1][safepoint    ] Application time: 1.0000797 seconds
[2019-12-09T03:56:41.930+0000][1][safepoint    ] Entering safepoint region: Cleanup
[2019-12-09T03:56:41.931+0000][1][safepoint    ] Leaving safepoint region
[2019-12-09T03:56:41.931+0000][1][safepoint    ] Total time for which application threads were stopped: 0.0000797 seconds, Stopping threads took: 0.0000185 seconds
[2019-12-09T03:56:43.931+0000][1][safepoint    ] Application time: 2.0001525 seconds
[2019-12-09T03:56:43.931+0000][1][safepoint    ] Entering safepoint region: Cleanup
[2019-12-09T03:56:43.931+0000][1][safepoint    ] Leaving safepoint region
[2019-12-09T03:56:43.931+0000][1][safepoint    ] Total time for which application threads were stopped: 0.0000738 seconds, Stopping threads took: 0.0000153 seconds
[2019-12-09T03:56:45.931+0000][1][safepoint    ] Application time: 2.0001415 seconds
[2019-12-09T03:56:45.931+0000][1][safepoint    ] Entering safepoint region: Cleanup
[2019-12-09T03:56:45.931+0000][1][safepoint    ] Leaving safepoint region
[2019-12-09T03:56:45.931+0000][1][safepoint    ] Total time for which application threads were stopped: 0.0000852 seconds, Stopping threads took: 0.0000172 seconds
[2019-12-09T03:56:46.931+0000][1][safepoint    ] Application time: 1.0000762 seconds
[2019-12-09T03:56:46.931+0000][1][safepoint    ] Entering safepoint region: Cleanup
[2019-12-09T03:56:46.931+0000][1][safepoint    ] Leaving safepoint region
[2019-12-09T03:56:46.931+0000][1][safepoint    ] Total time for which application threads were stopped: 0.0000863 seconds, Stopping threads took: 0.0000166 seconds
[2019-12-09T03:56:48.931+0000][1][safepoint    ] Application time: 2.0001442 seconds
[2019-12-09T03:56:48.931+0000][1][safepoint    ] Entering safepoint region: Cleanup
[2019-12-09T03:56:48.932+0000][1][safepoint    ] Leaving safepoint region
[2019-12-09T03:56:48.932+0000][1][safepoint    ] Total time for which application threads were stopped: 0.0000752 seconds, Stopping threads took: 0.0000155 seconds
[2019-12-09T03:56:51.932+0000][1][safepoint    ] Application time: 3.0003014 seconds
[2019-12-09T03:56:51.932+0000][1][safepoint    ] Entering safepoint region: Cleanup
[2019-12-09T03:56:51.932+0000][1][safepoint    ] Leaving safepoint region
[2019-12-09T03:56:51.932+0000][1][safepoint    ] Total time for which application threads were stopped: 0.0000795 seconds, Stopping threads took: 0.0000199 seconds
[2019-12-09T03:56:54.932+0000][1][safepoint    ] Application time: 3.0002280 seconds
[2019-12-09T03:56:54.932+0000][1][safepoint    ] Entering safepoint region: Cleanup
[2019-12-09T03:56:54.932+0000][1][safepoint    ] Leaving safepoint region
[2019-12-09T03:56:54.932+0000][1][safepoint    ] Total time for which application threads were stopped: 0.0001126 seconds, Stopping threads took: 0.0000254 seconds
[2019-12-09T03:56:56.933+0000][1][safepoint    ] Application time: 2.0001430 seconds
[2019-12-09T03:56:56.933+0000][1][safepoint    ] Entering safepoint region: Cleanup
[2019-12-09T03:56:56.933+0000][1][safepoint    ] Leaving safepoint region
[2019-12-09T03:56:56.933+0000][1][safepoint    ] Total time for which application threads were stopped: 0.0000795 seconds, Stopping threads took: 0.0000158 seconds
[2019-12-09T03:56:57.933+0000][1][safepoint    ] Application time: 1.0000757 seconds
[2019-12-09T03:56:57.933+0000][1][safepoint    ] Entering safepoint region: Cleanup
[2019-12-09T03:56:57.933+0000][1][safepoint    ] Leaving safepoint region
[2019-12-09T03:56:57.933+0000][1][safepoint    ] Total time for which application threads were stopped: 0.0000791 seconds, Stopping threads took: 0.0000167 seconds
[2019-12-09T03:57:04.933+0000][1][safepoint    ] Application time: 7.0004890 seconds
[2019-12-09T03:57:04.933+0000][1][safepoint    ] Entering safepoint region: Cleanup
[2019-12-09T03:57:04.933+0000][1][safepoint    ] Leaving safepoint region
[2019-12-09T03:57:04.933+0000][1][safepoint    ] Total time for which application threads were stopped: 0.0000904 seconds, Stopping threads took: 0.0000270 seconds
[2019-12-09T03:57:05.934+0000][1][safepoint    ] Application time: 1.0000832 seconds
[2019-12-09T03:57:05.934+0000][1][safepoint    ] Entering safepoint region: Cleanup
[2019-12-09T03:57:05.934+0000][1][safepoint    ] Leaving safepoint region
[2019-12-09T03:57:05.934+0000][1][safepoint    ] Total time for which application threads were stopped: 0.0000806 seconds, Stopping threads took: 0.0000177 seconds
[2019-12-09T03:57:10.934+0000][1][safepoint    ] Application time: 5.0003572 seconds
[2019-12-09T03:57:10.934+0000][1][safepoint    ] Entering safepoint region: Cleanup
[2019-12-09T03:57:10.934+0000][1][safepoint    ] Leaving safepoint region
[2019-12-09T03:57:10.934+0000][1][safepoint    ] Total time for which application threads were stopped: 0.0000774 seconds, Stopping threads took: 0.0000178 seconds
[2019-12-09T03:57:16.935+0000][1][safepoint    ] Application time: 6.0004269 seconds
[2019-12-09T03:57:16.935+0000][1][safepoint    ] Entering safepoint region: Cleanup
[2019-12-09T03:57:16.935+0000][1][safepoint    ] Leaving safepoint region
[2019-12-09T03:57:16.935+0000][1][safepoint    ] Total time for which application threads were stopped: 0.0000992 seconds, Stopping threads took: 0.0000192 seconds
[2019-12-09T03:57:26.935+0000][1][safepoint    ] Application time: 10.0006894 seconds
[2019-12-09T03:57:26.935+0000][1][safepoint    ] Entering safepoint region: Cleanup
[2019-12-09T03:57:26.935+0000][1][safepoint    ] Leaving safepoint region
[2019-12-09T03:57:26.935+0000][1][safepoint    ] Total time for which application threads were stopped: 0.0000792 seconds, Stopping threads took: 0.0000168 seconds
[2019-12-09T03:57:27.936+0000][1][safepoint    ] Application time: 1.0000767 seconds
[2019-12-09T03:57:27.936+0000][1][safepoint    ] Entering safepoint region: Cleanup
[2019-12-09T03:57:27.936+0000][1][safepoint    ] Leaving safepoint region
[2019-12-09T03:57:27.936+0000][1][safepoint    ] Total time for which application threads were stopped: 0.0000865 seconds, Stopping threads took: 0.0000161 seconds
[2019-12-09T03:57:31.323+0000][1][safepoint    ] Application time: 3.3872173 seconds
[2019-12-09T03:57:31.323+0000][1][safepoint    ] Entering safepoint region: GenCollectForAllocation
[2019-12-09T03:57:31.323+0000][1][gc,start     ] GC(26) Pause Young (Allocation Failure)
[2019-12-09T03:57:31.323+0000][1][gc,task      ] GC(26) Using 2 workers of 2 for evacuation
[2019-12-09T03:57:31.328+0000][1][gc,age       ] GC(26) Desired survivor size 4456448 bytes, new threshold 6 (max threshold 6)
[2019-12-09T03:57:31.328+0000][1][gc,age       ] GC(26) Age table with threshold 6 (max threshold 6)
[2019-12-09T03:57:31.328+0000][1][gc,age       ] GC(26) - age   1:       6368 bytes,       6368 total
[2019-12-09T03:57:31.328+0000][1][gc,age       ] GC(26) - age   2:       6080 bytes,      12448 total
[2019-12-09T03:57:31.328+0000][1][gc,age       ] GC(26) - age   3:      25800 bytes,      38248 total
[2019-12-09T03:57:31.328+0000][1][gc,age       ] GC(26) - age   4:    1439624 bytes,    1477872 total
[2019-12-09T03:57:31.328+0000][1][gc,heap      ] GC(26) ParNew: 72341K->2297K(78656K)
[2019-12-09T03:57:31.328+0000][1][gc,heap      ] GC(26) CMS: 67819K->67819K(174784K)
[2019-12-09T03:57:31.328+0000][1][gc,metaspace ] GC(26) Metaspace: 68319K->68319K(1112064K)
[2019-12-09T03:57:31.328+0000][1][gc           ] GC(26) Pause Young (Allocation Failure) 136M->68M(247M) 4.914ms
[2019-12-09T03:57:31.328+0000][1][gc,cpu       ] GC(26) User=0.01s Sys=0.00s Real=0.01s
[2019-12-09T03:57:31.328+0000][1][safepoint    ] Leaving safepoint region
[2019-12-09T03:57:31.328+0000][1][safepoint    ] Total time for which application threads were stopped: 0.0050609 seconds, Stopping threads took: 0.0000242 seconds
[2019-12-09T03:57:33.328+0000][1][safepoint    ] Application time: 2.0001528 seconds
[2019-12-09T03:57:33.328+0000][1][safepoint    ] Entering safepoint region: Cleanup
[2019-12-09T03:57:33.328+0000][1][safepoint    ] Leaving safepoint region
[2019-12-09T03:57:33.328+0000][1][safepoint    ] Total time for which application threads were stopped: 0.0000748 seconds, Stopping threads took: 0.0000165 seconds
[2019-12-09T03:57:39.329+0000][1][safepoint    ] Application time: 6.0004094 seconds
[2019-12-09T03:57:39.329+0000][1][safepoint    ] Entering safepoint region: Cleanup
[2019-12-09T03:57:39.329+0000][1][safepoint    ] Leaving safepoint region
[2019-12-09T03:57:39.329+0000][1][safepoint    ] Total time for which application threads were stopped: 0.0000889 seconds, Stopping threads took: 0.0000210 seconds
[2019-12-09T03:57:40.329+0000][1][safepoint    ] Application time: 1.0000793 seconds
[2019-12-09T03:57:40.329+0000][1][safepoint    ] Entering safepoint region: Cleanup
[2019-12-09T03:57:40.329+0000][1][safepoint    ] Leaving safepoint region
[2019-12-09T03:57:40.329+0000][1][safepoint    ] Total time for which application threads were stopped: 0.0000857 seconds, Stopping threads took: 0.0000179 seconds
[2019-12-09T03:57:43.329+0000][1][safepoint    ] Application time: 3.0002133 seconds
[2019-12-09T03:57:43.329+0000][1][safepoint    ] Entering safepoint region: Cleanup
[2019-12-09T03:57:43.329+0000][1][safepoint    ] Leaving safepoint region
[2019-12-09T03:57:43.329+0000][1][safepoint    ] Total time for which application threads were stopped: 0.0000751 seconds, Stopping threads took: 0.0000162 seconds
[2019-12-09T03:57:46.330+0000][1][safepoint    ] Application time: 3.0002183 seconds
[2019-12-09T03:57:46.330+0000][1][safepoint    ] Entering safepoint region: Cleanup
[2019-12-09T03:57:46.330+0000][1][safepoint    ] Leaving safepoint region
[2019-12-09T03:57:46.330+0000][1][safepoint    ] Total time for which application threads were stopped: 0.0000754 seconds, Stopping threads took: 0.0000156 seconds
[2019-12-09T03:57:52.330+0000][1][safepoint    ] Application time: 6.0004761 seconds
[2019-12-09T03:57:52.330+0000][1][safepoint    ] Entering safepoint region: Cleanup
[2019-12-09T03:57:52.330+0000][1][safepoint    ] Leaving safepoint region
[2019-12-09T03:57:52.330+0000][1][safepoint    ] Total time for which application threads were stopped: 0.0000756 seconds, Stopping threads took: 0.0000152 seconds
[2019-12-09T03:58:08.332+0000][1][safepoint    ] Application time: 16.0018950 seconds
[2019-12-09T03:58:08.332+0000][1][safepoint    ] Entering safepoint region: Cleanup
[2019-12-09T03:58:08.332+0000][1][safepoint    ] Leaving safepoint region
[2019-12-09T03:58:08.332+0000][1][safepoint    ] Total time for which application threads were stopped: 0.0000804 seconds, Stopping threads took: 0.0000252 seconds
[2019-12-09T03:58:12.333+0000][1][safepoint    ] Application time: 4.0002766 seconds
[2019-12-09T03:58:12.333+0000][1][safepoint    ] Entering safepoint region: Cleanup
[2019-12-09T03:58:12.333+0000][1][safepoint    ] Leaving safepoint region
[2019-12-09T03:58:12.333+0000][1][safepoint    ] Total time for which application threads were stopped: 0.0000746 seconds, Stopping threads took: 0.0000146 seconds
[2019-12-09T03:58:23.333+0000][1][safepoint    ] Application time: 11.0007463 seconds
[2019-12-09T03:58:23.333+0000][1][safepoint    ] Entering safepoint region: Cleanup
[2019-12-09T03:58:23.334+0000][1][safepoint    ] Leaving safepoint region
[2019-12-09T03:58:23.334+0000][1][safepoint    ] Total time for which application threads were stopped: 0.0000721 seconds, Stopping threads took: 0.0000151 seconds
[2019-12-09T03:58:32.334+0000][1][safepoint    ] Application time: 9.0005956 seconds
[2019-12-09T03:58:32.334+0000][1][safepoint    ] Entering safepoint region: Cleanup
[2019-12-09T03:58:32.334+0000][1][safepoint    ] Leaving safepoint region
[2019-12-09T03:58:32.334+0000][1][safepoint    ] Total time for which application threads were stopped: 0.0001073 seconds, Stopping threads took: 0.0000275 seconds
[2019-12-09T03:59:21.338+0000][1][safepoint    ] Application time: 49.0032848 seconds
[2019-12-09T03:59:21.338+0000][1][safepoint    ] Entering safepoint region: Cleanup
[2019-12-09T03:59:21.338+0000][1][safepoint    ] Leaving safepoint region
[2019-12-09T03:59:21.338+0000][1][safepoint    ] Total time for which application threads were stopped: 0.0000770 seconds, Stopping threads took: 0.0000210 seconds
[2019-12-09T03:59:22.338+0000][1][safepoint    ] Application time: 1.0000748 seconds
[2019-12-09T03:59:22.338+0000][1][safepoint    ] Entering safepoint region: Cleanup
[2019-12-09T03:59:22.338+0000][1][safepoint    ] Leaving safepoint region
[2019-12-09T03:59:22.338+0000][1][safepoint    ] Total time for which application threads were stopped: 0.0000721 seconds, Stopping threads took: 0.0000155 seconds
[2019-12-09T03:59:26.338+0000][1][safepoint    ] Application time: 4.0002718 seconds
[2019-12-09T03:59:26.338+0000][1][safepoint    ] Entering safepoint region: Cleanup
[2019-12-09T03:59:26.338+0000][1][safepoint    ] Leaving safepoint region
[2019-12-09T03:59:26.338+0000][1][safepoint    ] Total time for which application threads were stopped: 0.0000724 seconds, Stopping threads took: 0.0000136 seconds
[2019-12-09T03:59:31.337+0000][1][safepoint    ] Application time: 4.9982841 seconds
[2019-12-09T03:59:31.337+0000][1][safepoint    ] Entering safepoint region: GenCollectForAllocation
[2019-12-09T03:59:31.337+0000][1][gc,start     ] GC(27) Pause Young (Allocation Failure)
[2019-12-09T03:59:31.337+0000][1][gc,task      ] GC(27) Using 2 workers of 2 for evacuation
[2019-12-09T03:59:31.342+0000][1][gc,age       ] GC(27) Desired survivor size 4456448 bytes, new threshold 6 (max threshold 6)
[2019-12-09T03:59:31.342+0000][1][gc,age       ] GC(27) Age table with threshold 6 (max threshold 6)
[2019-12-09T03:59:31.342+0000][1][gc,age       ] GC(27) - age   1:       8776 bytes,       8776 total
[2019-12-09T03:59:31.342+0000][1][gc,age       ] GC(27) - age   2:       3336 bytes,      12112 total
[2019-12-09T03:59:31.342+0000][1][gc,age       ] GC(27) - age   3:       6080 bytes,      18192 total
[2019-12-09T03:59:31.342+0000][1][gc,age       ] GC(27) - age   4:      25800 bytes,      43992 total
[2019-12-09T03:59:31.342+0000][1][gc,age       ] GC(27) - age   5:    1439624 bytes,    1483616 total
[2019-12-09T03:59:31.342+0000][1][gc,heap      ] GC(27) ParNew: 72249K->2198K(78656K)
[2019-12-09T03:59:31.342+0000][1][gc,heap      ] GC(27) CMS: 67819K->67819K(174784K)
[2019-12-09T03:59:31.342+0000][1][gc,metaspace ] GC(27) Metaspace: 68338K->68338K(1112064K)
[2019-12-09T03:59:31.342+0000][1][gc           ] GC(27) Pause Young (Allocation Failure) 136M->68M(247M) 5.049ms
[2019-12-09T03:59:31.342+0000][1][gc,cpu       ] GC(27) User=0.01s Sys=0.00s Real=0.00s
[2019-12-09T03:59:31.342+0000][1][safepoint    ] Leaving safepoint region
[2019-12-09T03:59:31.342+0000][1][safepoint    ] Total time for which application threads were stopped: 0.0051978 seconds, Stopping threads took: 0.0000155 seconds
[2019-12-09T03:59:55.343+0000][1][safepoint    ] Application time: 24.0016291 seconds
[2019-12-09T03:59:55.343+0000][1][safepoint    ] Entering safepoint region: Cleanup
[2019-12-09T03:59:55.343+0000][1][safepoint    ] Leaving safepoint region
[2019-12-09T03:59:55.343+0000][1][safepoint    ] Total time for which application threads were stopped: 0.0000814 seconds, Stopping threads took: 0.0000239 seconds
[2019-12-09T03:59:56.344+0000][1][safepoint    ] Application time: 1.0000769 seconds
[2019-12-09T03:59:56.344+0000][1][safepoint    ] Entering safepoint region: Cleanup
[2019-12-09T03:59:56.344+0000][1][safepoint    ] Leaving safepoint region
[2019-12-09T03:59:56.344+0000][1][safepoint    ] Total time for which application threads were stopped: 0.0000806 seconds, Stopping threads took: 0.0000143 seconds
[2019-12-09T03:59:57.344+0000][1][safepoint    ] Application time: 1.0000797 seconds
[2019-12-09T03:59:57.344+0000][1][safepoint    ] Entering safepoint region: Cleanup
[2019-12-09T03:59:57.344+0000][1][safepoint    ] Leaving safepoint region
[2019-12-09T03:59:57.344+0000][1][safepoint    ] Total time for which application threads were stopped: 0.0000787 seconds, Stopping threads took: 0.0000151 seconds
[2019-12-09T04:00:10.345+0000][1][safepoint    ] Application time: 13.0008678 seconds
[2019-12-09T04:00:10.345+0000][1][safepoint    ] Entering safepoint region: Cleanup
[2019-12-09T04:00:10.345+0000][1][safepoint    ] Leaving safepoint region
[2019-12-09T04:00:10.345+0000][1][safepoint    ] Total time for which application threads were stopped: 0.0000860 seconds, Stopping threads took: 0.0000239 seconds
[2019-12-09T04:00:12.345+0000][1][safepoint    ] Application time: 2.0001465 seconds
[2019-12-09T04:00:12.345+0000][1][safepoint    ] Entering safepoint region: Cleanup
[2019-12-09T04:00:12.345+0000][1][safepoint    ] Leaving safepoint region
[2019-12-09T04:00:12.345+0000][1][safepoint    ] Total time for which application threads were stopped: 0.0000763 seconds, Stopping threads took: 0.0000157 seconds
[2019-12-09T04:00:25.346+0000][1][safepoint    ] Application time: 13.0008939 seconds
[2019-12-09T04:00:25.346+0000][1][safepoint    ] Entering safepoint region: Cleanup
[2019-12-09T04:00:25.346+0000][1][safepoint    ] Leaving safepoint region
[2019-12-09T04:00:25.346+0000][1][safepoint    ] Total time for which application threads were stopped: 0.0000780 seconds, Stopping threads took: 0.0000169 seconds
[2019-12-09T04:00:29.346+0000][1][safepoint    ] Application time: 4.0002764 seconds
[2019-12-09T04:00:29.346+0000][1][safepoint    ] Entering safepoint region: Cleanup
[2019-12-09T04:00:29.347+0000][1][safepoint    ] Leaving safepoint region
[2019-12-09T04:00:29.347+0000][1][safepoint    ] Total time for which application threads were stopped: 0.0000789 seconds, Stopping threads took: 0.0000194 seconds
[2019-12-09T04:00:40.347+0000][1][safepoint    ] Application time: 11.0007370 seconds
[2019-12-09T04:00:40.347+0000][1][safepoint    ] Entering safepoint region: Cleanup
[2019-12-09T04:00:40.347+0000][1][safepoint    ] Leaving safepoint region
[2019-12-09T04:00:40.347+0000][1][safepoint    ] Total time for which application threads were stopped: 0.0000932 seconds, Stopping threads took: 0.0000256 seconds
[2019-12-09T04:00:50.348+0000][1][safepoint    ] Application time: 10.0006675 seconds
[2019-12-09T04:00:50.348+0000][1][safepoint    ] Entering safepoint region: Cleanup
[2019-12-09T04:00:50.348+0000][1][safepoint    ] Leaving safepoint region
[2019-12-09T04:00:50.348+0000][1][safepoint    ] Total time for which application threads were stopped: 0.0000808 seconds, Stopping threads took: 0.0000189 seconds
[2019-12-09T04:00:53.348+0000][1][safepoint    ] Application time: 3.0002087 seconds
[2019-12-09T04:00:53.348+0000][1][safepoint    ] Entering safepoint region: Cleanup
[2019-12-09T04:00:53.349+0000][1][safepoint    ] Leaving safepoint region
[2019-12-09T04:00:53.349+0000][1][safepoint    ] Total time for which application threads were stopped: 0.0000794 seconds, Stopping threads took: 0.0000173 seconds
[2019-12-09T04:00:55.349+0000][1][safepoint    ] Application time: 2.0001499 seconds
[2019-12-09T04:00:55.349+0000][1][safepoint    ] Entering safepoint region: Cleanup
[2019-12-09T04:00:55.349+0000][1][safepoint    ] Leaving safepoint region
[2019-12-09T04:00:55.349+0000][1][safepoint    ] Total time for which application threads were stopped: 0.0000848 seconds, Stopping threads took: 0.0000194 seconds
[2019-12-09T04:00:57.349+0000][1][safepoint    ] Application time: 2.0001520 seconds
[2019-12-09T04:00:57.349+0000][1][safepoint    ] Entering safepoint region: Cleanup
[2019-12-09T04:00:57.349+0000][1][safepoint    ] Leaving safepoint region
[2019-12-09T04:00:57.349+0000][1][safepoint    ] Total time for which application threads were stopped: 0.0000822 seconds, Stopping threads took: 0.0000170 seconds
[2019-12-09T04:01:02.349+0000][1][safepoint    ] Application time: 5.0003591 seconds
[2019-12-09T04:01:02.350+0000][1][safepoint    ] Entering safepoint region: Cleanup
[2019-12-09T04:01:02.350+0000][1][safepoint    ] Leaving safepoint region
[2019-12-09T04:01:02.350+0000][1][safepoint    ] Total time for which application threads were stopped: 0.0000782 seconds, Stopping threads took: 0.0000171 seconds
[2019-12-09T04:01:05.350+0000][1][safepoint    ] Application time: 3.0002162 seconds
[2019-12-09T04:01:05.350+0000][1][safepoint    ] Entering safepoint region: Cleanup
[2019-12-09T04:01:05.350+0000][1][safepoint    ] Leaving safepoint region
[2019-12-09T04:01:05.350+0000][1][safepoint    ] Total time for which application threads were stopped: 0.0000814 seconds, Stopping threads took: 0.0000167 seconds
[2019-12-09T04:01:07.350+0000][1][safepoint    ] Application time: 2.0001464 seconds
[2019-12-09T04:01:07.350+0000][1][safepoint    ] Entering safepoint region: Cleanup
[2019-12-09T04:01:07.350+0000][1][safepoint    ] Leaving safepoint region
[2019-12-09T04:01:07.350+0000][1][safepoint    ] Total time for which application threads were stopped: 0.0000859 seconds, Stopping threads took: 0.0000245 seconds
[2019-12-09T04:01:10.350+0000][1][safepoint    ] Application time: 3.0002124 seconds
[2019-12-09T04:01:10.350+0000][1][safepoint    ] Entering safepoint region: Cleanup
[2019-12-09T04:01:10.351+0000][1][safepoint    ] Leaving safepoint region
[2019-12-09T04:01:10.351+0000][1][safepoint    ] Total time for which application threads were stopped: 0.0000768 seconds, Stopping threads took: 0.0000156 seconds
[2019-12-09T04:01:11.375+0000][1][safepoint    ] Application time: 1.0247723 seconds
[2019-12-09T04:01:11.375+0000][1][safepoint    ] Entering safepoint region: Cleanup
[2019-12-09T04:01:11.376+0000][1][safepoint    ] Leaving safepoint region
[2019-12-09T04:01:11.376+0000][1][safepoint    ] Total time for which application threads were stopped: 0.0001974 seconds, Stopping threads took: 0.0000157 seconds
[2019-12-09T04:01:13.296+0000][1][safepoint    ] Application time: 1.9200837 seconds
[2019-12-09T04:01:13.296+0000][1][safepoint    ] Entering safepoint region: Cleanup
[2019-12-09T04:01:13.296+0000][1][safepoint    ] Leaving safepoint region
[2019-12-09T04:01:13.296+0000][1][safepoint    ] Total time for which application threads were stopped: 0.0000937 seconds, Stopping threads took: 0.0000147 seconds
[2019-12-09T04:01:14.296+0000][1][safepoint    ] Application time: 1.0000743 seconds
[2019-12-09T04:01:14.296+0000][1][safepoint    ] Entering safepoint region: Cleanup
[2019-12-09T04:01:14.296+0000][1][safepoint    ] Leaving safepoint region
[2019-12-09T04:01:14.296+0000][1][safepoint    ] Total time for which application threads were stopped: 0.0000755 seconds, Stopping threads took: 0.0000193 seconds
[2019-12-09T04:01:18.296+0000][1][safepoint    ] Application time: 4.0003261 seconds
[2019-12-09T04:01:18.296+0000][1][safepoint    ] Entering safepoint region: Cleanup
[2019-12-09T04:01:18.296+0000][1][safepoint    ] Leaving safepoint region
[2019-12-09T04:01:18.296+0000][1][safepoint    ] Total time for which application threads were stopped: 0.0000751 seconds, Stopping threads took: 0.0000167 seconds
[2019-12-09T04:01:22.297+0000][1][safepoint    ] Application time: 4.0002891 seconds
[2019-12-09T04:01:22.297+0000][1][safepoint    ] Entering safepoint region: Cleanup
[2019-12-09T04:01:22.297+0000][1][safepoint    ] Leaving safepoint region
[2019-12-09T04:01:22.297+0000][1][safepoint    ] Total time for which application threads were stopped: 0.0000756 seconds, Stopping threads took: 0.0000163 seconds
[2019-12-09T04:01:29.297+0000][1][safepoint    ] Application time: 7.0004857 seconds
[2019-12-09T04:01:29.297+0000][1][safepoint    ] Entering safepoint region: Cleanup
[2019-12-09T04:01:29.297+0000][1][safepoint    ] Leaving safepoint region
[2019-12-09T04:01:29.297+0000][1][safepoint    ] Total time for which application threads were stopped: 0.0000774 seconds, Stopping threads took: 0.0000180 seconds
[2019-12-09T04:01:31.389+0000][1][safepoint    ] Application time: 2.0915842 seconds
[2019-12-09T04:01:31.389+0000][1][safepoint    ] Entering safepoint region: GenCollectForAllocation
[2019-12-09T04:01:31.389+0000][1][gc,start     ] GC(28) Pause Young (Allocation Failure)
[2019-12-09T04:01:31.389+0000][1][gc,task      ] GC(28) Using 2 workers of 2 for evacuation
[2019-12-09T04:01:31.394+0000][1][gc,age       ] GC(28) Desired survivor size 4456448 bytes, new threshold 6 (max threshold 6)
[2019-12-09T04:01:31.394+0000][1][gc,age       ] GC(28) Age table with threshold 6 (max threshold 6)
[2019-12-09T04:01:31.394+0000][1][gc,age       ] GC(28) - age   1:       5616 bytes,       5616 total
[2019-12-09T04:01:31.394+0000][1][gc,age       ] GC(28) - age   2:       5664 bytes,      11280 total
[2019-12-09T04:01:31.394+0000][1][gc,age       ] GC(28) - age   3:       3336 bytes,      14616 total
[2019-12-09T04:01:31.394+0000][1][gc,age       ] GC(28) - age   4:       6080 bytes,      20696 total
[2019-12-09T04:01:31.394+0000][1][gc,age       ] GC(28) - age   5:      25800 bytes,      46496 total
[2019-12-09T04:01:31.394+0000][1][gc,age       ] GC(28) - age   6:    1439624 bytes,    1486120 total
[2019-12-09T04:01:31.394+0000][1][gc,heap      ] GC(28) ParNew: 72150K->2179K(78656K)
[2019-12-09T04:01:31.394+0000][1][gc,heap      ] GC(28) CMS: 67819K->67819K(174784K)
[2019-12-09T04:01:31.394+0000][1][gc,metaspace ] GC(28) Metaspace: 68356K->68356K(1112064K)
[2019-12-09T04:01:31.394+0000][1][gc           ] GC(28) Pause Young (Allocation Failure) 136M->68M(247M) 4.903ms
[2019-12-09T04:01:31.394+0000][1][gc,cpu       ] GC(28) User=0.01s Sys=0.00s Real=0.00s
[2019-12-09T04:01:31.394+0000][1][safepoint    ] Leaving safepoint region
[2019-12-09T04:01:31.394+0000][1][safepoint    ] Total time for which application threads were stopped: 0.0050393 seconds, Stopping threads took: 0.0000143 seconds
[2019-12-09T04:01:37.394+0000][1][safepoint    ] Application time: 6.0004277 seconds
[2019-12-09T04:01:37.395+0000][1][safepoint    ] Entering safepoint region: Cleanup
[2019-12-09T04:01:37.395+0000][1][safepoint    ] Leaving safepoint region
[2019-12-09T04:01:37.395+0000][1][safepoint    ] Total time for which application threads were stopped: 0.0000801 seconds, Stopping threads took: 0.0000240 seconds
[2019-12-09T04:01:40.395+0000][1][safepoint    ] Application time: 3.0002214 seconds
[2019-12-09T04:01:40.395+0000][1][safepoint    ] Entering safepoint region: Cleanup
[2019-12-09T04:01:40.395+0000][1][safepoint    ] Leaving safepoint region
[2019-12-09T04:01:40.395+0000][1][safepoint    ] Total time for which application threads were stopped: 0.0000759 seconds, Stopping threads took: 0.0000165 seconds
[2019-12-09T04:02:05.397+0000][1][safepoint    ] Application time: 25.0016906 seconds
[2019-12-09T04:02:05.397+0000][1][safepoint    ] Entering safepoint region: Cleanup
[2019-12-09T04:02:05.397+0000][1][safepoint    ] Leaving safepoint region
[2019-12-09T04:02:05.397+0000][1][safepoint    ] Total time for which application threads were stopped: 0.0000783 seconds, Stopping threads took: 0.0000180 seconds
[2019-12-09T04:02:12.397+0000][1][safepoint    ] Application time: 7.0004803 seconds
[2019-12-09T04:02:12.397+0000][1][safepoint    ] Entering safepoint region: Cleanup
[2019-12-09T04:02:12.397+0000][1][safepoint    ] Leaving safepoint region
[2019-12-09T04:02:12.397+0000][1][safepoint    ] Total time for which application threads were stopped: 0.0000853 seconds, Stopping threads took: 0.0000266 seconds
[2019-12-09T04:02:23.398+0000][1][safepoint    ] Application time: 11.0007470 seconds
[2019-12-09T04:02:23.398+0000][1][safepoint    ] Entering safepoint region: Cleanup
[2019-12-09T04:02:23.398+0000][1][safepoint    ] Leaving safepoint region
[2019-12-09T04:02:23.398+0000][1][safepoint    ] Total time for which application threads were stopped: 0.0001049 seconds, Stopping threads took: 0.0000231 seconds
[2019-12-09T04:02:40.400+0000][1][safepoint    ] Application time: 17.0012609 seconds
[2019-12-09T04:02:40.400+0000][1][safepoint    ] Entering safepoint region: Cleanup
[2019-12-09T04:02:40.400+0000][1][safepoint    ] Leaving safepoint region
[2019-12-09T04:02:40.400+0000][1][safepoint    ] Total time for which application threads were stopped: 0.0000878 seconds, Stopping threads took: 0.0000251 seconds
[2019-12-09T04:02:43.400+0000][1][safepoint    ] Application time: 3.0002092 seconds
[2019-12-09T04:02:43.400+0000][1][safepoint    ] Entering safepoint region: Cleanup
[2019-12-09T04:02:43.400+0000][1][safepoint    ] Leaving safepoint region
[2019-12-09T04:02:43.400+0000][1][safepoint    ] Total time for which application threads were stopped: 0.0000760 seconds, Stopping threads took: 0.0000162 seconds
[2019-12-09T04:03:05.401+0000][1][safepoint    ] Application time: 22.0014886 seconds
[2019-12-09T04:03:05.402+0000][1][safepoint    ] Entering safepoint region: Cleanup
[2019-12-09T04:03:05.402+0000][1][safepoint    ] Leaving safepoint region
[2019-12-09T04:03:05.402+0000][1][safepoint    ] Total time for which application threads were stopped: 0.0000779 seconds, Stopping threads took: 0.0000180 seconds
[2019-12-09T04:03:31.441+0000][1][safepoint    ] Application time: 26.0396900 seconds
[2019-12-09T04:03:31.441+0000][1][safepoint    ] Entering safepoint region: GenCollectForAllocation
[2019-12-09T04:03:31.441+0000][1][gc,start     ] GC(29) Pause Young (Allocation Failure)
[2019-12-09T04:03:31.441+0000][1][gc,task      ] GC(29) Using 2 workers of 2 for evacuation
[2019-12-09T04:03:31.448+0000][1][gc,age       ] GC(29) Desired survivor size 4456448 bytes, new threshold 6 (max threshold 6)
[2019-12-09T04:03:31.448+0000][1][gc,age       ] GC(29) Age table with threshold 6 (max threshold 6)
[2019-12-09T04:03:31.448+0000][1][gc,age       ] GC(29) - age   1:       7352 bytes,       7352 total
[2019-12-09T04:03:31.448+0000][1][gc,age       ] GC(29) - age   2:       1536 bytes,       8888 total
[2019-12-09T04:03:31.448+0000][1][gc,age       ] GC(29) - age   3:       5664 bytes,      14552 total
[2019-12-09T04:03:31.448+0000][1][gc,age       ] GC(29) - age   4:       3336 bytes,      17888 total
[2019-12-09T04:03:31.448+0000][1][gc,age       ] GC(29) - age   5:       6080 bytes,      23968 total
[2019-12-09T04:03:31.448+0000][1][gc,age       ] GC(29) - age   6:      25800 bytes,      49768 total
[2019-12-09T04:03:31.448+0000][1][gc,heap      ] GC(29) ParNew: 72131K->1451K(78656K)
[2019-12-09T04:03:31.448+0000][1][gc,heap      ] GC(29) CMS: 67819K->69266K(174784K)
[2019-12-09T04:03:31.448+0000][1][gc,metaspace ] GC(29) Metaspace: 68369K->68369K(1112064K)
[2019-12-09T04:03:31.448+0000][1][gc           ] GC(29) Pause Young (Allocation Failure) 136M->69M(247M) 6.402ms
[2019-12-09T04:03:31.448+0000][1][gc,cpu       ] GC(29) User=0.01s Sys=0.00s Real=0.01s
[2019-12-09T04:03:31.448+0000][1][safepoint    ] Leaving safepoint region
[2019-12-09T04:03:31.448+0000][1][safepoint    ] Total time for which application threads were stopped: 0.0065480 seconds, Stopping threads took: 0.0000250 seconds
[2019-12-09T04:03:35.448+0000][1][safepoint    ] Application time: 4.0002847 seconds
[2019-12-09T04:03:35.448+0000][1][safepoint    ] Entering safepoint region: Cleanup
[2019-12-09T04:03:35.448+0000][1][safepoint    ] Leaving safepoint region
[2019-12-09T04:03:35.448+0000][1][safepoint    ] Total time for which application threads were stopped: 0.0000750 seconds, Stopping threads took: 0.0000165 seconds
[2019-12-09T04:03:36.448+0000][1][safepoint    ] Application time: 1.0000779 seconds
[2019-12-09T04:03:36.448+0000][1][safepoint    ] Entering safepoint region: Cleanup
[2019-12-09T04:03:36.448+0000][1][safepoint    ] Leaving safepoint region
[2019-12-09T04:03:36.448+0000][1][safepoint    ] Total time for which application threads were stopped: 0.0000773 seconds, Stopping threads took: 0.0000238 seconds
[2019-12-09T04:04:37.454+0000][1][safepoint    ] Application time: 61.0051369 seconds
[2019-12-09T04:04:37.454+0000][1][safepoint    ] Entering safepoint region: Cleanup
[2019-12-09T04:04:37.454+0000][1][safepoint    ] Leaving safepoint region
[2019-12-09T04:04:37.454+0000][1][safepoint    ] Total time for which application threads were stopped: 0.0000911 seconds, Stopping threads took: 0.0000381 seconds
[2019-12-09T04:05:21.457+0000][1][safepoint    ] Application time: 44.0029399 seconds
[2019-12-09T04:05:21.457+0000][1][safepoint    ] Entering safepoint region: Cleanup
[2019-12-09T04:05:21.457+0000][1][safepoint    ] Leaving safepoint region
[2019-12-09T04:05:21.457+0000][1][safepoint    ] Total time for which application threads were stopped: 0.0000822 seconds, Stopping threads took: 0.0000259 seconds
[2019-12-09T04:05:28.515+0000][1][safepoint    ] Application time: 7.0576908 seconds
[2019-12-09T04:05:28.515+0000][1][safepoint    ] Entering safepoint region: GenCollectForAllocation
[2019-12-09T04:05:28.515+0000][1][gc,start     ] GC(30) Pause Young (Allocation Failure)
[2019-12-09T04:05:28.515+0000][1][gc,task      ] GC(30) Using 2 workers of 2 for evacuation
[2019-12-09T04:05:28.517+0000][1][gc,age       ] GC(30) Desired survivor size 4456448 bytes, new threshold 6 (max threshold 6)
[2019-12-09T04:05:28.517+0000][1][gc,age       ] GC(30) Age table with threshold 6 (max threshold 6)
[2019-12-09T04:05:28.517+0000][1][gc,age       ] GC(30) - age   1:       3544 bytes,       3544 total
[2019-12-09T04:05:28.517+0000][1][gc,age       ] GC(30) - age   2:       3360 bytes,       6904 total
[2019-12-09T04:05:28.517+0000][1][gc,age       ] GC(30) - age   3:       1536 bytes,       8440 total
[2019-12-09T04:05:28.517+0000][1][gc,age       ] GC(30) - age   4:       5664 bytes,      14104 total
[2019-12-09T04:05:28.517+0000][1][gc,age       ] GC(30) - age   5:       3336 bytes,      17440 total
[2019-12-09T04:05:28.517+0000][1][gc,age       ] GC(30) - age   6:       6080 bytes,      23520 total
[2019-12-09T04:05:28.517+0000][1][gc,heap      ] GC(30) ParNew: 71386K->372K(78656K)
[2019-12-09T04:05:28.517+0000][1][gc,heap      ] GC(30) CMS: 69266K->69292K(174784K)
[2019-12-09T04:05:28.517+0000][1][gc,metaspace ] GC(30) Metaspace: 68371K->68371K(1112064K)
[2019-12-09T04:05:28.517+0000][1][gc           ] GC(30) Pause Young (Allocation Failure) 137M->68M(247M) 2.026ms
[2019-12-09T04:05:28.517+0000][1][gc,cpu       ] GC(30) User=0.00s Sys=0.00s Real=0.01s
[2019-12-09T04:05:28.517+0000][1][safepoint    ] Leaving safepoint region
[2019-12-09T04:05:28.517+0000][1][safepoint    ] Total time for which application threads were stopped: 0.0021677 seconds, Stopping threads took: 0.0000174 seconds
[2019-12-09T04:05:56.519+0000][1][safepoint    ] Application time: 28.0019918 seconds
[2019-12-09T04:05:56.519+0000][1][safepoint    ] Entering safepoint region: Cleanup
[2019-12-09T04:05:56.519+0000][1][safepoint    ] Leaving safepoint region
[2019-12-09T04:05:56.519+0000][1][safepoint    ] Total time for which application threads were stopped: 0.0001028 seconds, Stopping threads took: 0.0000330 seconds
[2019-12-09T04:06:41.522+0000][1][safepoint    ] Application time: 45.0029729 seconds
[2019-12-09T04:06:41.522+0000][1][safepoint    ] Entering safepoint region: Cleanup
[2019-12-09T04:06:41.522+0000][1][safepoint    ] Leaving safepoint region
[2019-12-09T04:06:41.522+0000][1][safepoint    ] Total time for which application threads were stopped: 0.0000804 seconds, Stopping threads took: 0.0000223 seconds
[2019-12-09T04:06:43.522+0000][1][safepoint    ] Application time: 2.0001432 seconds
[2019-12-09T04:06:43.522+0000][1][safepoint    ] Entering safepoint region: Cleanup
[2019-12-09T04:06:43.522+0000][1][safepoint    ] Leaving safepoint region
[2019-12-09T04:06:43.522+0000][1][safepoint    ] Total time for which application threads were stopped: 0.0000671 seconds, Stopping threads took: 0.0000154 seconds
[2019-12-09T04:06:46.522+0000][1][safepoint    ] Application time: 3.0002066 seconds
[2019-12-09T04:06:46.522+0000][1][safepoint    ] Entering safepoint region: Cleanup
[2019-12-09T04:06:46.523+0000][1][safepoint    ] Leaving safepoint region
[2019-12-09T04:06:46.523+0000][1][safepoint    ] Total time for which application threads were stopped: 0.0000718 seconds, Stopping threads took: 0.0000213 seconds
[2019-12-09T04:07:12.527+0000][1][safepoint    ] Application time: 26.0042196 seconds
[2019-12-09T04:07:12.527+0000][1][safepoint    ] Entering safepoint region: Cleanup
[2019-12-09T04:07:12.527+0000][1][safepoint    ] Leaving safepoint region
[2019-12-09T04:07:12.527+0000][1][safepoint    ] Total time for which application threads were stopped: 0.0000738 seconds, Stopping threads took: 0.0000234 seconds
[2019-12-09T04:07:14.527+0000][1][safepoint    ] Application time: 2.0001420 seconds
[2019-12-09T04:07:14.527+0000][1][safepoint    ] Entering safepoint region: Cleanup
[2019-12-09T04:07:14.527+0000][1][safepoint    ] Leaving safepoint region
[2019-12-09T04:07:14.527+0000][1][safepoint    ] Total time for which application threads were stopped: 0.0000625 seconds, Stopping threads took: 0.0000145 seconds
[2019-12-09T04:07:25.528+0000][1][safepoint    ] Application time: 11.0007434 seconds
[2019-12-09T04:07:25.528+0000][1][safepoint    ] Entering safepoint region: Cleanup
[2019-12-09T04:07:25.528+0000][1][safepoint    ] Leaving safepoint region
[2019-12-09T04:07:25.528+0000][1][safepoint    ] Total time for which application threads were stopped: 0.0000736 seconds, Stopping threads took: 0.0000236 seconds
[2019-12-09T04:07:26.528+0000][1][safepoint    ] Application time: 1.0000766 seconds
[2019-12-09T04:07:26.528+0000][1][safepoint    ] Entering safepoint region: Cleanup
[2019-12-09T04:07:26.528+0000][1][safepoint    ] Leaving safepoint region
[2019-12-09T04:07:26.528+0000][1][safepoint    ] Total time for which application threads were stopped: 0.0000658 seconds, Stopping threads took: 0.0000160 seconds
[2019-12-09T04:07:26.575+0000][1][safepoint    ] Application time: 0.0464874 seconds
[2019-12-09T04:07:26.575+0000][1][safepoint    ] Entering safepoint region: GenCollectForAllocation
[2019-12-09T04:07:26.575+0000][1][gc,start     ] GC(31) Pause Young (Allocation Failure)
[2019-12-09T04:07:26.575+0000][1][gc,task      ] GC(31) Using 2 workers of 2 for evacuation
[2019-12-09T04:07:26.577+0000][1][gc,age       ] GC(31) Desired survivor size 4456448 bytes, new threshold 6 (max threshold 6)
[2019-12-09T04:07:26.577+0000][1][gc,age       ] GC(31) Age table with threshold 6 (max threshold 6)
[2019-12-09T04:07:26.577+0000][1][gc,age       ] GC(31) - age   1:       6352 bytes,       6352 total
[2019-12-09T04:07:26.577+0000][1][gc,age       ] GC(31) - age   2:        272 bytes,       6624 total
[2019-12-09T04:07:26.577+0000][1][gc,age       ] GC(31) - age   3:       3360 bytes,       9984 total
[2019-12-09T04:07:26.577+0000][1][gc,age       ] GC(31) - age   4:       1536 bytes,      11520 total
[2019-12-09T04:07:26.577+0000][1][gc,age       ] GC(31) - age   5:       5664 bytes,      17184 total
[2019-12-09T04:07:26.577+0000][1][gc,age       ] GC(31) - age   6:       3336 bytes,      20520 total
[2019-12-09T04:07:26.577+0000][1][gc,heap      ] GC(31) ParNew: 70324K->97K(78656K)
[2019-12-09T04:07:26.577+0000][1][gc,heap      ] GC(31) CMS: 69292K->69298K(174784K)
[2019-12-09T04:07:26.577+0000][1][gc,metaspace ] GC(31) Metaspace: 68377K->68377K(1112064K)
[2019-12-09T04:07:26.577+0000][1][gc           ] GC(31) Pause Young (Allocation Failure) 136M->67M(247M) 2.708ms
[2019-12-09T04:07:26.577+0000][1][gc,cpu       ] GC(31) User=0.00s Sys=0.00s Real=0.00s
[2019-12-09T04:07:26.578+0000][1][safepoint    ] Leaving safepoint region
[2019-12-09T04:07:26.578+0000][1][safepoint    ] Total time for which application threads were stopped: 0.0028767 seconds, Stopping threads took: 0.0000218 seconds
[2019-12-09T04:07:31.578+0000][1][safepoint    ] Application time: 5.0003651 seconds
[2019-12-09T04:07:31.578+0000][1][safepoint    ] Entering safepoint region: Cleanup
[2019-12-09T04:07:31.578+0000][1][safepoint    ] Leaving safepoint region
[2019-12-09T04:07:31.578+0000][1][safepoint    ] Total time for which application threads were stopped: 0.0000657 seconds, Stopping threads took: 0.0000167 seconds
[2019-12-09T04:07:39.579+0000][1][safepoint    ] Application time: 8.0005560 seconds
[2019-12-09T04:07:39.579+0000][1][safepoint    ] Entering safepoint region: Cleanup
[2019-12-09T04:07:39.579+0000][1][safepoint    ] Leaving safepoint region
[2019-12-09T04:07:39.579+0000][1][safepoint    ] Total time for which application threads were stopped: 0.0000662 seconds, Stopping threads took: 0.0000161 seconds
[2019-12-09T04:07:59.580+0000][1][safepoint    ] Application time: 20.0013558 seconds
[2019-12-09T04:07:59.580+0000][1][safepoint    ] Entering safepoint region: Cleanup
[2019-12-09T04:07:59.580+0000][1][safepoint    ] Leaving safepoint region
[2019-12-09T04:07:59.580+0000][1][safepoint    ] Total time for which application threads were stopped: 0.0000813 seconds, Stopping threads took: 0.0000253 seconds
[2019-12-09T04:08:02.580+0000][1][safepoint    ] Application time: 3.0002121 seconds
[2019-12-09T04:08:02.580+0000][1][safepoint    ] Entering safepoint region: Cleanup
[2019-12-09T04:08:02.580+0000][1][safepoint    ] Leaving safepoint region
[2019-12-09T04:08:02.580+0000][1][safepoint    ] Total time for which application threads were stopped: 0.0000788 seconds, Stopping threads took: 0.0000259 seconds
[2019-12-09T04:08:04.581+0000][1][safepoint    ] Application time: 2.0001418 seconds
[2019-12-09T04:08:04.581+0000][1][safepoint    ] Entering safepoint region: Cleanup
[2019-12-09T04:08:04.581+0000][1][safepoint    ] Leaving safepoint region
[2019-12-09T04:08:04.581+0000][1][safepoint    ] Total time for which application threads were stopped: 0.0000856 seconds, Stopping threads took: 0.0000173 seconds
[2019-12-09T04:08:12.581+0000][1][safepoint    ] Application time: 8.0005344 seconds
[2019-12-09T04:08:12.581+0000][1][safepoint    ] Entering safepoint region: Cleanup
[2019-12-09T04:08:12.581+0000][1][safepoint    ] Leaving safepoint region
[2019-12-09T04:08:12.581+0000][1][safepoint    ] Total time for which application threads were stopped: 0.0000717 seconds, Stopping threads took: 0.0000161 seconds
[2019-12-09T04:08:13.581+0000][1][safepoint    ] Application time: 1.0000753 seconds
[2019-12-09T04:08:13.582+0000][1][safepoint    ] Entering safepoint region: Cleanup
[2019-12-09T04:08:13.582+0000][1][safepoint    ] Leaving safepoint region
[2019-12-09T04:08:13.582+0000][1][safepoint    ] Total time for which application threads were stopped: 0.0000713 seconds, Stopping threads took: 0.0000172 seconds
[2019-12-09T04:08:14.582+0000][1][safepoint    ] Application time: 1.0000752 seconds
[2019-12-09T04:08:14.582+0000][1][safepoint    ] Entering safepoint region: Cleanup
[2019-12-09T04:08:14.582+0000][1][safepoint    ] Leaving safepoint region
[2019-12-09T04:08:14.582+0000][1][safepoint    ] Total time for which application threads were stopped: 0.0000828 seconds, Stopping threads took: 0.0000264 seconds
[2019-12-09T04:08:16.582+0000][1][safepoint    ] Application time: 2.0001422 seconds
[2019-12-09T04:08:16.582+0000][1][safepoint    ] Entering safepoint region: Cleanup
[2019-12-09T04:08:16.582+0000][1][safepoint    ] Leaving safepoint region
[2019-12-09T04:08:16.582+0000][1][safepoint    ] Total time for which application threads were stopped: 0.0000643 seconds, Stopping threads took: 0.0000158 seconds
[2019-12-09T04:08:42.584+0000][1][safepoint    ] Application time: 26.0017380 seconds
[2019-12-09T04:08:42.584+0000][1][safepoint    ] Entering safepoint region: Cleanup
[2019-12-09T04:08:42.584+0000][1][safepoint    ] Leaving safepoint region
[2019-12-09T04:08:42.584+0000][1][safepoint    ] Total time for which application threads were stopped: 0.0000810 seconds, Stopping threads took: 0.0000265 seconds
[2019-12-09T04:09:00.585+0000][1][safepoint    ] Application time: 18.0012026 seconds
[2019-12-09T04:09:00.585+0000][1][safepoint    ] Entering safepoint region: Cleanup
[2019-12-09T04:09:00.585+0000][1][safepoint    ] Leaving safepoint region
[2019-12-09T04:09:00.585+0000][1][safepoint    ] Total time for which application threads were stopped: 0.0000793 seconds, Stopping threads took: 0.0000250 seconds
[2019-12-09T04:09:01.585+0000][1][safepoint    ] Application time: 1.0000972 seconds
[2019-12-09T04:09:01.585+0000][1][safepoint    ] Entering safepoint region: Cleanup
[2019-12-09T04:09:01.585+0000][1][safepoint    ] Leaving safepoint region
[2019-12-09T04:09:01.586+0000][1][safepoint    ] Total time for which application threads were stopped: 0.0001068 seconds, Stopping threads took: 0.0000280 seconds
[2019-12-09T04:09:05.586+0000][1][safepoint    ] Application time: 4.0002731 seconds
[2019-12-09T04:09:05.586+0000][1][safepoint    ] Entering safepoint region: Cleanup
[2019-12-09T04:09:05.586+0000][1][safepoint    ] Leaving safepoint region
[2019-12-09T04:09:05.586+0000][1][safepoint    ] Total time for which application threads were stopped: 0.0000726 seconds, Stopping threads took: 0.0000168 seconds
[2019-12-09T04:09:19.587+0000][1][safepoint    ] Application time: 14.0009298 seconds
[2019-12-09T04:09:19.587+0000][1][safepoint    ] Entering safepoint region: Cleanup
[2019-12-09T04:09:19.587+0000][1][safepoint    ] Leaving safepoint region
[2019-12-09T04:09:19.587+0000][1][safepoint    ] Total time for which application threads were stopped: 0.0000802 seconds, Stopping threads took: 0.0000264 seconds
[2019-12-09T04:09:26.579+0000][1][safepoint    ] Application time: 6.9922385 seconds
[2019-12-09T04:09:26.579+0000][1][safepoint    ] Entering safepoint region: GenCollectForAllocation
[2019-12-09T04:09:26.579+0000][1][gc,start     ] GC(32) Pause Young (Allocation Failure)
[2019-12-09T04:09:26.579+0000][1][gc,task      ] GC(32) Using 2 workers of 2 for evacuation
[2019-12-09T04:09:26.581+0000][1][gc,age       ] GC(32) Desired survivor size 4456448 bytes, new threshold 6 (max threshold 6)
[2019-12-09T04:09:26.581+0000][1][gc,age       ] GC(32) Age table with threshold 6 (max threshold 6)
[2019-12-09T04:09:26.581+0000][1][gc,age       ] GC(32) - age   1:       5648 bytes,       5648 total
[2019-12-09T04:09:26.581+0000][1][gc,age       ] GC(32) - age   2:       3080 bytes,       8728 total
[2019-12-09T04:09:26.581+0000][1][gc,age       ] GC(32) - age   3:        272 bytes,       9000 total
[2019-12-09T04:09:26.581+0000][1][gc,age       ] GC(32) - age   4:       3360 bytes,      12360 total
[2019-12-09T04:09:26.581+0000][1][gc,age       ] GC(32) - age   5:       1536 bytes,      13896 total
[2019-12-09T04:09:26.581+0000][1][gc,age       ] GC(32) - age   6:       5664 bytes,      19560 total
[2019-12-09T04:09:26.581+0000][1][gc,heap      ] GC(32) ParNew: 70049K->29K(78656K)
[2019-12-09T04:09:26.581+0000][1][gc,heap      ] GC(32) CMS: 69298K->69301K(174784K)
[2019-12-09T04:09:26.581+0000][1][gc,metaspace ] GC(32) Metaspace: 68381K->68381K(1112064K)
[2019-12-09T04:09:26.581+0000][1][gc           ] GC(32) Pause Young (Allocation Failure) 136M->67M(247M) 1.682ms
[2019-12-09T04:09:26.581+0000][1][gc,cpu       ] GC(32) User=0.00s Sys=0.00s Real=0.00s
[2019-12-09T04:09:26.581+0000][1][safepoint    ] Leaving safepoint region
[2019-12-09T04:09:26.581+0000][1][safepoint    ] Total time for which application threads were stopped: 0.0018275 seconds, Stopping threads took: 0.0000233 seconds
[2019-12-09T04:09:33.582+0000][1][safepoint    ] Application time: 7.0004801 seconds
[2019-12-09T04:09:33.582+0000][1][safepoint    ] Entering safepoint region: Cleanup
[2019-12-09T04:09:33.582+0000][1][safepoint    ] Leaving safepoint region
[2019-12-09T04:09:33.582+0000][1][safepoint    ] Total time for which application threads were stopped: 0.0000736 seconds, Stopping threads took: 0.0000203 seconds
[2019-12-09T04:09:37.582+0000][1][safepoint    ] Application time: 4.0002770 seconds
[2019-12-09T04:09:37.582+0000][1][safepoint    ] Entering safepoint region: Cleanup
[2019-12-09T04:09:37.582+0000][1][safepoint    ] Leaving safepoint region
[2019-12-09T04:09:37.582+0000][1][safepoint    ] Total time for which application threads were stopped: 0.0000700 seconds, Stopping threads took: 0.0000167 seconds
[2019-12-09T04:09:40.582+0000][1][safepoint    ] Application time: 3.0002074 seconds
[2019-12-09T04:09:40.582+0000][1][safepoint    ] Entering safepoint region: Cleanup
[2019-12-09T04:09:40.582+0000][1][safepoint    ] Leaving safepoint region
[2019-12-09T04:09:40.582+0000][1][safepoint    ] Total time for which application threads were stopped: 0.0000743 seconds, Stopping threads took: 0.0000167 seconds
[2019-12-09T04:10:06.584+0000][1][safepoint    ] Application time: 26.0018005 seconds
[2019-12-09T04:10:06.584+0000][1][safepoint    ] Entering safepoint region: Cleanup
[2019-12-09T04:10:06.584+0000][1][safepoint    ] Leaving safepoint region
[2019-12-09T04:10:06.584+0000][1][safepoint    ] Total time for which application threads were stopped: 0.0000939 seconds, Stopping threads took: 0.0000285 seconds
[2019-12-09T04:10:07.584+0000][1][safepoint    ] Application time: 1.0000754 seconds
[2019-12-09T04:10:07.584+0000][1][safepoint    ] Entering safepoint region: Cleanup
[2019-12-09T04:10:07.584+0000][1][safepoint    ] Leaving safepoint region
[2019-12-09T04:10:07.584+0000][1][safepoint    ] Total time for which application threads were stopped: 0.0000712 seconds, Stopping threads took: 0.0000168 seconds
[2019-12-09T04:10:15.585+0000][1][safepoint    ] Application time: 8.0005364 seconds
[2019-12-09T04:10:15.585+0000][1][safepoint    ] Entering safepoint region: Cleanup
[2019-12-09T04:10:15.585+0000][1][safepoint    ] Leaving safepoint region
[2019-12-09T04:10:15.585+0000][1][safepoint    ] Total time for which application threads were stopped: 0.0000722 seconds, Stopping threads took: 0.0000172 seconds
[2019-12-09T04:10:19.585+0000][1][safepoint    ] Application time: 4.0002815 seconds
[2019-12-09T04:10:19.585+0000][1][safepoint    ] Entering safepoint region: Cleanup
[2019-12-09T04:10:19.586+0000][1][safepoint    ] Leaving safepoint region
[2019-12-09T04:10:19.586+0000][1][safepoint    ] Total time for which application threads were stopped: 0.0000698 seconds, Stopping threads took: 0.0000181 seconds
[2019-12-09T04:10:20.586+0000][1][safepoint    ] Application time: 1.0000765 seconds
[2019-12-09T04:10:20.586+0000][1][safepoint    ] Entering safepoint region: Cleanup
[2019-12-09T04:10:20.586+0000][1][safepoint    ] Leaving safepoint region
[2019-12-09T04:10:20.586+0000][1][safepoint    ] Total time for which application threads were stopped: 0.0000852 seconds, Stopping threads took: 0.0000304 seconds
[2019-12-09T04:10:43.587+0000][1][safepoint    ] Application time: 23.0015418 seconds
[2019-12-09T04:10:43.587+0000][1][safepoint    ] Entering safepoint region: Cleanup
[2019-12-09T04:10:43.587+0000][1][safepoint    ] Leaving safepoint region
[2019-12-09T04:10:43.587+0000][1][safepoint    ] Total time for which application threads were stopped: 0.0000787 seconds, Stopping threads took: 0.0000249 seconds
[2019-12-09T04:10:47.588+0000][1][safepoint    ] Application time: 4.0002790 seconds
[2019-12-09T04:10:47.588+0000][1][safepoint    ] Entering safepoint region: Cleanup
[2019-12-09T04:10:47.588+0000][1][safepoint    ] Leaving safepoint region
[2019-12-09T04:10:47.588+0000][1][safepoint    ] Total time for which application threads were stopped: 0.0000707 seconds, Stopping threads took: 0.0000179 seconds
[2019-12-09T04:11:26.626+0000][1][safepoint    ] Application time: 39.0377611 seconds
[2019-12-09T04:11:26.626+0000][1][safepoint    ] Entering safepoint region: GenCollectForAllocation
[2019-12-09T04:11:26.626+0000][1][gc,start     ] GC(33) Pause Young (Allocation Failure)
[2019-12-09T04:11:26.626+0000][1][gc,task      ] GC(33) Using 2 workers of 2 for evacuation
[2019-12-09T04:11:26.627+0000][1][gc,age       ] GC(33) Desired survivor size 4456448 bytes, new threshold 6 (max threshold 6)
[2019-12-09T04:11:26.627+0000][1][gc,age       ] GC(33) Age table with threshold 6 (max threshold 6)
[2019-12-09T04:11:26.627+0000][1][gc,age       ] GC(33) - age   1:       5192 bytes,       5192 total
[2019-12-09T04:11:26.627+0000][1][gc,age       ] GC(33) - age   2:       1632 bytes,       6824 total
[2019-12-09T04:11:26.627+0000][1][gc,age       ] GC(33) - age   3:       3080 bytes,       9904 total
[2019-12-09T04:11:26.627+0000][1][gc,age       ] GC(33) - age   4:        272 bytes,      10176 total
[2019-12-09T04:11:26.627+0000][1][gc,age       ] GC(33) - age   5:       3360 bytes,      13536 total
[2019-12-09T04:11:26.627+0000][1][gc,age       ] GC(33) - age   6:       1536 bytes,      15072 total
[2019-12-09T04:11:26.627+0000][1][gc,heap      ] GC(33) ParNew: 69981K->21K(78656K)
[2019-12-09T04:11:26.627+0000][1][gc,heap      ] GC(33) CMS: 69301K->69307K(174784K)
[2019-12-09T04:11:26.627+0000][1][gc,metaspace ] GC(33) Metaspace: 68381K->68381K(1112064K)
[2019-12-09T04:11:26.627+0000][1][gc           ] GC(33) Pause Young (Allocation Failure) 136M->67M(247M) 1.600ms
[2019-12-09T04:11:26.627+0000][1][gc,cpu       ] GC(33) User=0.00s Sys=0.00s Real=0.00s
[2019-12-09T04:11:26.627+0000][1][safepoint    ] Leaving safepoint region
[2019-12-09T04:11:26.627+0000][1][safepoint    ] Total time for which application threads were stopped: 0.0017632 seconds, Stopping threads took: 0.0000235 seconds
[2019-12-09T04:11:53.629+0000][1][safepoint    ] Application time: 27.0018085 seconds
[2019-12-09T04:11:53.629+0000][1][safepoint    ] Entering safepoint region: Cleanup
[2019-12-09T04:11:53.629+0000][1][safepoint    ] Leaving safepoint region
[2019-12-09T04:11:53.629+0000][1][safepoint    ] Total time for which application threads were stopped: 0.0000820 seconds, Stopping threads took: 0.0000259 seconds
[2019-12-09T04:11:58.630+0000][1][safepoint    ] Application time: 5.0003418 seconds
[2019-12-09T04:11:58.630+0000][1][safepoint    ] Entering safepoint region: Cleanup
[2019-12-09T04:11:58.630+0000][1][safepoint    ] Leaving safepoint region
[2019-12-09T04:11:58.630+0000][1][safepoint    ] Total time for which application threads were stopped: 0.0000740 seconds, Stopping threads took: 0.0000179 seconds
[2019-12-09T04:12:34.632+0000][1][safepoint    ] Application time: 36.0024161 seconds
[2019-12-09T04:12:34.632+0000][1][safepoint    ] Entering safepoint region: Cleanup
[2019-12-09T04:12:34.632+0000][1][safepoint    ] Leaving safepoint region
[2019-12-09T04:12:34.632+0000][1][safepoint    ] Total time for which application threads were stopped: 0.0000816 seconds, Stopping threads took: 0.0000261 seconds
[2019-12-09T04:12:46.633+0000][1][safepoint    ] Application time: 12.0008202 seconds
[2019-12-09T04:12:46.633+0000][1][safepoint    ] Entering safepoint region: Cleanup
[2019-12-09T04:12:46.633+0000][1][safepoint    ] Leaving safepoint region
[2019-12-09T04:12:46.633+0000][1][safepoint    ] Total time for which application threads were stopped: 0.0000845 seconds, Stopping threads took: 0.0000265 seconds
[2019-12-09T04:12:47.633+0000][1][safepoint    ] Application time: 1.0000782 seconds
[2019-12-09T04:12:47.633+0000][1][safepoint    ] Entering safepoint region: Cleanup
[2019-12-09T04:12:47.633+0000][1][safepoint    ] Leaving safepoint region
[2019-12-09T04:12:47.633+0000][1][safepoint    ] Total time for which application threads were stopped: 0.0000725 seconds, Stopping threads took: 0.0000168 seconds
[2019-12-09T04:13:26.668+0000][1][safepoint    ] Application time: 39.0340845 seconds
[2019-12-09T04:13:26.668+0000][1][safepoint    ] Entering safepoint region: GenCollectForAllocation
[2019-12-09T04:13:26.668+0000][1][gc,start     ] GC(34) Pause Young (Allocation Failure)
[2019-12-09T04:13:26.668+0000][1][gc,task      ] GC(34) Using 2 workers of 2 for evacuation
[2019-12-09T04:13:26.669+0000][1][gc,age       ] GC(34) Desired survivor size 4456448 bytes, new threshold 6 (max threshold 6)
[2019-12-09T04:13:26.669+0000][1][gc,age       ] GC(34) Age table with threshold 6 (max threshold 6)
[2019-12-09T04:13:26.669+0000][1][gc,age       ] GC(34) - age   1:       6040 bytes,       6040 total
[2019-12-09T04:13:26.669+0000][1][gc,age       ] GC(34) - age   2:       2056 bytes,       8096 total
[2019-12-09T04:13:26.669+0000][1][gc,age       ] GC(34) - age   3:       1632 bytes,       9728 total
[2019-12-09T04:13:26.669+0000][1][gc,age       ] GC(34) - age   4:       3080 bytes,      12808 total
[2019-12-09T04:13:26.669+0000][1][gc,age       ] GC(34) - age   5:        272 bytes,      13080 total
[2019-12-09T04:13:26.669+0000][1][gc,age       ] GC(34) - age   6:       3360 bytes,      16440 total
[2019-12-09T04:13:26.669+0000][1][gc,heap      ] GC(34) ParNew: 69973K->24K(78656K)
[2019-12-09T04:13:26.669+0000][1][gc,heap      ] GC(34) CMS: 69307K->69308K(174784K)
[2019-12-09T04:13:26.669+0000][1][gc,metaspace ] GC(34) Metaspace: 68416K->68416K(1112064K)
[2019-12-09T04:13:26.669+0000][1][gc           ] GC(34) Pause Young (Allocation Failure) 136M->67M(247M) 1.541ms
[2019-12-09T04:13:26.669+0000][1][gc,cpu       ] GC(34) User=0.00s Sys=0.00s Real=0.00s
[2019-12-09T04:13:26.669+0000][1][safepoint    ] Leaving safepoint region
[2019-12-09T04:13:26.669+0000][1][safepoint    ] Total time for which application threads were stopped: 0.0016982 seconds, Stopping threads took: 0.0000246 seconds
[2019-12-09T04:13:28.669+0000][1][safepoint    ] Application time: 2.0001502 seconds
[2019-12-09T04:13:28.669+0000][1][safepoint    ] Entering safepoint region: Cleanup
[2019-12-09T04:13:28.670+0000][1][safepoint    ] Leaving safepoint region
[2019-12-09T04:13:28.670+0000][1][safepoint    ] Total time for which application threads were stopped: 0.0000666 seconds, Stopping threads took: 0.0000154 seconds
[2019-12-09T04:13:40.670+0000][1][safepoint    ] Application time: 12.0008062 seconds
[2019-12-09T04:13:40.670+0000][1][safepoint    ] Entering safepoint region: Cleanup
[2019-12-09T04:13:40.670+0000][1][safepoint    ] Leaving safepoint region
[2019-12-09T04:13:40.670+0000][1][safepoint    ] Total time for which application threads were stopped: 0.0000644 seconds, Stopping threads took: 0.0000149 seconds
[2019-12-09T04:13:50.671+0000][1][safepoint    ] Application time: 10.0006675 seconds
[2019-12-09T04:13:50.671+0000][1][safepoint    ] Entering safepoint region: Cleanup
[2019-12-09T04:13:50.671+0000][1][safepoint    ] Leaving safepoint region
[2019-12-09T04:13:50.671+0000][1][safepoint    ] Total time for which application threads were stopped: 0.0000744 seconds, Stopping threads took: 0.0000232 seconds
[2019-12-09T04:13:51.671+0000][1][safepoint    ] Application time: 1.0000750 seconds
[2019-12-09T04:13:51.671+0000][1][safepoint    ] Entering safepoint region: Cleanup
[2019-12-09T04:13:51.671+0000][1][safepoint    ] Leaving safepoint region
[2019-12-09T04:13:51.671+0000][1][safepoint    ] Total time for which application threads were stopped: 0.0000679 seconds, Stopping threads took: 0.0000155 seconds
[2019-12-09T04:14:00.672+0000][1][safepoint    ] Application time: 9.0005878 seconds
[2019-12-09T04:14:00.672+0000][1][safepoint    ] Entering safepoint region: Cleanup
[2019-12-09T04:14:00.672+0000][1][safepoint    ] Leaving safepoint region
[2019-12-09T04:14:00.672+0000][1][safepoint    ] Total time for which application threads were stopped: 0.0000822 seconds, Stopping threads took: 0.0000248 seconds
[2019-12-09T04:14:25.674+0000][1][safepoint    ] Application time: 25.0016722 seconds
[2019-12-09T04:14:25.674+0000][1][safepoint    ] Entering safepoint region: Cleanup
[2019-12-09T04:14:25.674+0000][1][safepoint    ] Leaving safepoint region
[2019-12-09T04:14:25.674+0000][1][safepoint    ] Total time for which application threads were stopped: 0.0000834 seconds, Stopping threads took: 0.0000263 seconds
[2019-12-09T04:14:42.675+0000][1][safepoint    ] Application time: 17.0011326 seconds
[2019-12-09T04:14:42.675+0000][1][safepoint    ] Entering safepoint region: Cleanup
[2019-12-09T04:14:42.675+0000][1][safepoint    ] Leaving safepoint region
[2019-12-09T04:14:42.675+0000][1][safepoint    ] Total time for which application threads were stopped: 0.0000973 seconds, Stopping threads took: 0.0000336 seconds
[2019-12-09T04:15:26.711+0000][1][safepoint    ] Application time: 44.0362729 seconds
[2019-12-09T04:15:26.711+0000][1][safepoint    ] Entering safepoint region: GenCollectForAllocation
[2019-12-09T04:15:26.712+0000][1][gc,start     ] GC(35) Pause Young (Allocation Failure)
[2019-12-09T04:15:26.712+0000][1][gc,task      ] GC(35) Using 2 workers of 2 for evacuation
[2019-12-09T04:15:26.713+0000][1][gc,age       ] GC(35) Desired survivor size 4456448 bytes, new threshold 6 (max threshold 6)
[2019-12-09T04:15:26.713+0000][1][gc,age       ] GC(35) Age table with threshold 6 (max threshold 6)
[2019-12-09T04:15:26.713+0000][1][gc,age       ] GC(35) - age   1:       6072 bytes,       6072 total
[2019-12-09T04:15:26.713+0000][1][gc,age       ] GC(35) - age   2:       1992 bytes,       8064 total
[2019-12-09T04:15:26.713+0000][1][gc,age       ] GC(35) - age   3:       2056 bytes,      10120 total
[2019-12-09T04:15:26.713+0000][1][gc,age       ] GC(35) - age   4:       1632 bytes,      11752 total
[2019-12-09T04:15:26.713+0000][1][gc,age       ] GC(35) - age   5:       3080 bytes,      14832 total
[2019-12-09T04:15:26.713+0000][1][gc,age       ] GC(35) - age   6:        272 bytes,      15104 total
[2019-12-09T04:15:26.713+0000][1][gc,heap      ] GC(35) ParNew: 69976K->24K(78656K)
[2019-12-09T04:15:26.713+0000][1][gc,heap      ] GC(35) CMS: 69308K->69312K(174784K)
[2019-12-09T04:15:26.713+0000][1][gc,metaspace ] GC(35) Metaspace: 68416K->68416K(1112064K)
[2019-12-09T04:15:26.713+0000][1][gc           ] GC(35) Pause Young (Allocation Failure) 136M->67M(247M) 1.525ms
[2019-12-09T04:15:26.713+0000][1][gc,cpu       ] GC(35) User=0.01s Sys=0.00s Real=0.00s
[2019-12-09T04:15:26.713+0000][1][safepoint    ] Leaving safepoint region
[2019-12-09T04:15:26.713+0000][1][safepoint    ] Total time for which application threads were stopped: 0.0016879 seconds, Stopping threads took: 0.0000250 seconds
[2019-12-09T04:16:44.721+0000][1][safepoint    ] Application time: 78.0078725 seconds
[2019-12-09T04:16:44.721+0000][1][safepoint    ] Entering safepoint region: Cleanup
[2019-12-09T04:16:44.721+0000][1][safepoint    ] Leaving safepoint region
[2019-12-09T04:16:44.721+0000][1][safepoint    ] Total time for which application threads were stopped: 0.0000835 seconds, Stopping threads took: 0.0000287 seconds
[2019-12-09T04:16:48.721+0000][1][safepoint    ] Application time: 4.0002800 seconds
[2019-12-09T04:16:48.721+0000][1][safepoint    ] Entering safepoint region: Cleanup
[2019-12-09T04:16:48.722+0000][1][safepoint    ] Leaving safepoint region
[2019-12-09T04:16:48.722+0000][1][safepoint    ] Total time for which application threads were stopped: 0.0000730 seconds, Stopping threads took: 0.0000174 seconds
[2019-12-09T04:16:57.722+0000][1][safepoint    ] Application time: 9.0006168 seconds
[2019-12-09T04:16:57.722+0000][1][safepoint    ] Entering safepoint region: Cleanup
[2019-12-09T04:16:57.722+0000][1][safepoint    ] Leaving safepoint region
[2019-12-09T04:16:57.722+0000][1][safepoint    ] Total time for which application threads were stopped: 0.0000874 seconds, Stopping threads took: 0.0000254 seconds
[2019-12-09T04:17:16.724+0000][1][safepoint    ] Application time: 19.0012724 seconds
[2019-12-09T04:17:16.724+0000][1][safepoint    ] Entering safepoint region: Cleanup
[2019-12-09T04:17:16.724+0000][1][safepoint    ] Leaving safepoint region
[2019-12-09T04:17:16.724+0000][1][safepoint    ] Total time for which application threads were stopped: 0.0000922 seconds, Stopping threads took: 0.0000194 seconds
[2019-12-09T04:17:22.920+0000][1][safepoint    ] Application time: 6.1958900 seconds
[2019-12-09T04:17:22.920+0000][1][safepoint    ] Entering safepoint region: GenCollectForAllocation
[2019-12-09T04:17:22.920+0000][1][gc,start     ] GC(36) Pause Young (Allocation Failure)
[2019-12-09T04:17:22.920+0000][1][gc,task      ] GC(36) Using 2 workers of 2 for evacuation
[2019-12-09T04:17:22.922+0000][1][gc,age       ] GC(36) Desired survivor size 4456448 bytes, new threshold 6 (max threshold 6)
[2019-12-09T04:17:22.922+0000][1][gc,age       ] GC(36) Age table with threshold 6 (max threshold 6)
[2019-12-09T04:17:22.922+0000][1][gc,age       ] GC(36) - age   1:      11776 bytes,      11776 total
[2019-12-09T04:17:22.922+0000][1][gc,age       ] GC(36) - age   2:       2056 bytes,      13832 total
[2019-12-09T04:17:22.922+0000][1][gc,age       ] GC(36) - age   3:       1992 bytes,      15824 total
[2019-12-09T04:17:22.922+0000][1][gc,age       ] GC(36) - age   4:       2056 bytes,      17880 total
[2019-12-09T04:17:22.922+0000][1][gc,age       ] GC(36) - age   5:       1632 bytes,      19512 total
[2019-12-09T04:17:22.922+0000][1][gc,age       ] GC(36) - age   6:       3080 bytes,      22592 total
[2019-12-09T04:17:22.922+0000][1][gc,heap      ] GC(36) ParNew: 69976K->22K(78656K)
[2019-12-09T04:17:22.922+0000][1][gc,heap      ] GC(36) CMS: 69312K->69312K(174784K)
[2019-12-09T04:17:22.922+0000][1][gc,metaspace ] GC(36) Metaspace: 68417K->68417K(1112064K)
[2019-12-09T04:17:22.922+0000][1][gc           ] GC(36) Pause Young (Allocation Failure) 136M->67M(247M) 2.124ms
[2019-12-09T04:17:22.922+0000][1][gc,cpu       ] GC(36) User=0.00s Sys=0.00s Real=0.00s
[2019-12-09T04:17:22.922+0000][1][safepoint    ] Leaving safepoint region
[2019-12-09T04:17:22.922+0000][1][safepoint    ] Total time for which application threads were stopped: 0.0023138 seconds, Stopping threads took: 0.0000190 seconds
[2019-12-09T04:17:25.922+0000][1][safepoint    ] Application time: 3.0001794 seconds
[2019-12-09T04:17:25.922+0000][1][safepoint    ] Entering safepoint region: Cleanup
[2019-12-09T04:17:25.922+0000][1][safepoint    ] Leaving safepoint region
[2019-12-09T04:17:25.922+0000][1][safepoint    ] Total time for which application threads were stopped: 0.0000833 seconds, Stopping threads took: 0.0000190 seconds
[2019-12-09T04:18:08.925+0000][1][safepoint    ] Application time: 43.0028394 seconds
[2019-12-09T04:18:08.925+0000][1][safepoint    ] Entering safepoint region: Cleanup
[2019-12-09T04:18:08.925+0000][1][safepoint    ] Leaving safepoint region
[2019-12-09T04:18:08.925+0000][1][safepoint    ] Total time for which application threads were stopped: 0.0000803 seconds, Stopping threads took: 0.0000270 seconds
[2019-12-09T04:18:23.926+0000][1][safepoint    ] Application time: 15.0010115 seconds
[2019-12-09T04:18:23.926+0000][1][safepoint    ] Entering safepoint region: Cleanup
[2019-12-09T04:18:23.926+0000][1][safepoint    ] Leaving safepoint region
[2019-12-09T04:18:23.926+0000][1][safepoint    ] Total time for which application threads were stopped: 0.0000642 seconds, Stopping threads took: 0.0000153 seconds
[2019-12-09T04:19:08.929+0000][1][safepoint    ] Application time: 45.0030664 seconds
[2019-12-09T04:19:08.929+0000][1][safepoint    ] Entering safepoint region: Cleanup
[2019-12-09T04:19:08.930+0000][1][safepoint    ] Leaving safepoint region
[2019-12-09T04:19:08.930+0000][1][safepoint    ] Total time for which application threads were stopped: 0.0000711 seconds, Stopping threads took: 0.0000167 seconds
[2019-12-09T04:19:21.796+0000][1][safepoint    ] Application time: 12.8667405 seconds
[2019-12-09T04:19:21.796+0000][1][safepoint    ] Entering safepoint region: GenCollectForAllocation
[2019-12-09T04:19:21.796+0000][1][gc,start     ] GC(37) Pause Young (Allocation Failure)
[2019-12-09T04:19:21.796+0000][1][gc,task      ] GC(37) Using 2 workers of 2 for evacuation
[2019-12-09T04:19:21.798+0000][1][gc,age       ] GC(37) Desired survivor size 4456448 bytes, new threshold 6 (max threshold 6)
[2019-12-09T04:19:21.798+0000][1][gc,age       ] GC(37) Age table with threshold 6 (max threshold 6)
[2019-12-09T04:19:21.798+0000][1][gc,age       ] GC(37) - age   1:       2872 bytes,       2872 total
[2019-12-09T04:19:21.798+0000][1][gc,age       ] GC(37) - age   2:       1344 bytes,       4216 total
[2019-12-09T04:19:21.798+0000][1][gc,age       ] GC(37) - age   3:       2056 bytes,       6272 total
[2019-12-09T04:19:21.798+0000][1][gc,age       ] GC(37) - age   4:       1992 bytes,       8264 total
[2019-12-09T04:19:21.798+0000][1][gc,age       ] GC(37) - age   5:       2056 bytes,      10320 total
[2019-12-09T04:19:21.798+0000][1][gc,age       ] GC(37) - age   6:       1632 bytes,      11952 total
[2019-12-09T04:19:21.798+0000][1][gc,heap      ] GC(37) ParNew: 69974K->20K(78656K)
[2019-12-09T04:19:21.798+0000][1][gc,heap      ] GC(37) CMS: 69312K->69315K(174784K)
[2019-12-09T04:19:21.798+0000][1][gc,metaspace ] GC(37) Metaspace: 68417K->68417K(1112064K)
[2019-12-09T04:19:21.798+0000][1][gc           ] GC(37) Pause Young (Allocation Failure) 136M->67M(247M) 1.486ms
[2019-12-09T04:19:21.798+0000][1][gc,cpu       ] GC(37) User=0.00s Sys=0.00s Real=0.00s
[2019-12-09T04:19:21.798+0000][1][safepoint    ] Leaving safepoint region
[2019-12-09T04:19:21.798+0000][1][safepoint    ] Total time for which application threads were stopped: 0.0016218 seconds, Stopping threads took: 0.0000230 seconds
[2019-12-09T04:19:25.798+0000][1][safepoint    ] Application time: 4.0002964 seconds
[2019-12-09T04:19:25.798+0000][1][safepoint    ] Entering safepoint region: Cleanup
[2019-12-09T04:19:25.798+0000][1][safepoint    ] Leaving safepoint region
[2019-12-09T04:19:25.798+0000][1][safepoint    ] Total time for which application threads were stopped: 0.0000766 seconds, Stopping threads took: 0.0000158 seconds
[2019-12-09T04:19:46.800+0000][1][safepoint    ] Application time: 21.0014332 seconds
[2019-12-09T04:19:46.800+0000][1][safepoint    ] Entering safepoint region: Cleanup
[2019-12-09T04:19:46.800+0000][1][safepoint    ] Leaving safepoint region
[2019-12-09T04:19:46.800+0000][1][safepoint    ] Total time for which application threads were stopped: 0.0000828 seconds, Stopping threads took: 0.0000264 seconds
[2019-12-09T04:20:21.802+0000][1][safepoint    ] Application time: 35.0023620 seconds
[2019-12-09T04:20:21.802+0000][1][safepoint    ] Entering safepoint region: Cleanup
[2019-12-09T04:20:21.802+0000][1][safepoint    ] Leaving safepoint region
[2019-12-09T04:20:21.802+0000][1][safepoint    ] Total time for which application threads were stopped: 0.0000822 seconds, Stopping threads took: 0.0000267 seconds
[2019-12-09T04:20:27.803+0000][1][safepoint    ] Application time: 6.0004036 seconds
[2019-12-09T04:20:27.803+0000][1][safepoint    ] Entering safepoint region: Cleanup
[2019-12-09T04:20:27.803+0000][1][safepoint    ] Leaving safepoint region
[2019-12-09T04:20:27.803+0000][1][safepoint    ] Total time for which application threads were stopped: 0.0000778 seconds, Stopping threads took: 0.0000222 seconds
[2019-12-09T04:20:46.804+0000][1][safepoint    ] Application time: 19.0012808 seconds
[2019-12-09T04:20:46.804+0000][1][safepoint    ] Entering safepoint region: Cleanup
[2019-12-09T04:20:46.804+0000][1][safepoint    ] Leaving safepoint region
[2019-12-09T04:20:46.804+0000][1][safepoint    ] Total time for which application threads were stopped: 0.0000730 seconds, Stopping threads took: 0.0000175 seconds
[2019-12-09T04:21:21.837+0000][1][safepoint    ] Application time: 35.0330728 seconds
[2019-12-09T04:21:21.837+0000][1][safepoint    ] Entering safepoint region: GenCollectForAllocation
[2019-12-09T04:21:21.838+0000][1][gc,start     ] GC(38) Pause Young (Allocation Failure)
[2019-12-09T04:21:21.838+0000][1][gc,task      ] GC(38) Using 2 workers of 2 for evacuation
[2019-12-09T04:21:21.839+0000][1][gc,age       ] GC(38) Desired survivor size 4456448 bytes, new threshold 6 (max threshold 6)
[2019-12-09T04:21:21.839+0000][1][gc,age       ] GC(38) Age table with threshold 6 (max threshold 6)
[2019-12-09T04:21:21.839+0000][1][gc,age       ] GC(38) - age   1:       4136 bytes,       4136 total
[2019-12-09T04:21:21.839+0000][1][gc,age       ] GC(38) - age   3:       1344 bytes,       5480 total
[2019-12-09T04:21:21.839+0000][1][gc,age       ] GC(38) - age   4:       2056 bytes,       7536 total
[2019-12-09T04:21:21.839+0000][1][gc,age       ] GC(38) - age   5:       1992 bytes,       9528 total
[2019-12-09T04:21:21.839+0000][1][gc,age       ] GC(38) - age   6:       2056 bytes,      11584 total
[2019-12-09T04:21:21.839+0000][1][gc,heap      ] GC(38) ParNew: 69972K->18K(78656K)
[2019-12-09T04:21:21.839+0000][1][gc,heap      ] GC(38) CMS: 69315K->69317K(174784K)
[2019-12-09T04:21:21.839+0000][1][gc,metaspace ] GC(38) Metaspace: 68417K->68417K(1112064K)
[2019-12-09T04:21:21.839+0000][1][gc           ] GC(38) Pause Young (Allocation Failure) 136M->67M(247M) 1.465ms
[2019-12-09T04:21:21.839+0000][1][gc,cpu       ] GC(38) User=0.00s Sys=0.00s Real=0.00s
[2019-12-09T04:21:21.839+0000][1][safepoint    ] Leaving safepoint region
[2019-12-09T04:21:21.839+0000][1][safepoint    ] Total time for which application threads were stopped: 0.0016060 seconds, Stopping threads took: 0.0000266 seconds
[2019-12-09T04:22:01.842+0000][1][safepoint    ] Application time: 40.0027195 seconds
[2019-12-09T04:22:01.842+0000][1][safepoint    ] Entering safepoint region: Cleanup
[2019-12-09T04:22:01.842+0000][1][safepoint    ] Leaving safepoint region
[2019-12-09T04:22:01.842+0000][1][safepoint    ] Total time for which application threads were stopped: 0.0000790 seconds, Stopping threads took: 0.0000249 seconds
[2019-12-09T04:22:28.844+0000][1][safepoint    ] Application time: 27.0018175 seconds
[2019-12-09T04:22:28.844+0000][1][safepoint    ] Entering safepoint region: Cleanup
[2019-12-09T04:22:28.844+0000][1][safepoint    ] Leaving safepoint region
[2019-12-09T04:22:28.844+0000][1][safepoint    ] Total time for which application threads were stopped: 0.0000733 seconds, Stopping threads took: 0.0000229 seconds
[2019-12-09T04:22:33.844+0000][1][safepoint    ] Application time: 5.0003418 seconds
[2019-12-09T04:22:33.844+0000][1][safepoint    ] Entering safepoint region: Cleanup
[2019-12-09T04:22:33.844+0000][1][safepoint    ] Leaving safepoint region
[2019-12-09T04:22:33.844+0000][1][safepoint    ] Total time for which application threads were stopped: 0.0000668 seconds, Stopping threads took: 0.0000162 seconds
[2019-12-09T04:22:50.845+0000][1][safepoint    ] Application time: 17.0011600 seconds
[2019-12-09T04:22:50.845+0000][1][safepoint    ] Entering safepoint region: Cleanup
[2019-12-09T04:22:50.846+0000][1][safepoint    ] Leaving safepoint region
[2019-12-09T04:22:50.846+0000][1][safepoint    ] Total time for which application threads were stopped: 0.0000734 seconds, Stopping threads took: 0.0000185 seconds
[2019-12-09T04:22:53.846+0000][1][safepoint    ] Application time: 3.0002085 seconds
[2019-12-09T04:22:53.846+0000][1][safepoint    ] Entering safepoint region: Cleanup
[2019-12-09T04:22:53.846+0000][1][safepoint    ] Leaving safepoint region
[2019-12-09T04:22:53.846+0000][1][safepoint    ] Total time for which application threads were stopped: 0.0000693 seconds, Stopping threads took: 0.0000179 seconds
[2019-12-09T04:23:16.847+0000][1][safepoint    ] Application time: 23.0015355 seconds
[2019-12-09T04:23:16.847+0000][1][safepoint    ] Entering safepoint region: Cleanup
[2019-12-09T04:23:16.848+0000][1][safepoint    ] Leaving safepoint region
[2019-12-09T04:23:16.848+0000][1][safepoint    ] Total time for which application threads were stopped: 0.0000796 seconds, Stopping threads took: 0.0000263 seconds
[2019-12-09T04:23:21.880+0000][1][safepoint    ] Application time: 5.0328946 seconds
[2019-12-09T04:23:21.880+0000][1][safepoint    ] Entering safepoint region: GenCollectForAllocation
[2019-12-09T04:23:21.881+0000][1][gc,start     ] GC(39) Pause Young (Allocation Failure)
[2019-12-09T04:23:21.881+0000][1][gc,task      ] GC(39) Using 2 workers of 2 for evacuation
[2019-12-09T04:23:21.882+0000][1][gc,age       ] GC(39) Desired survivor size 4456448 bytes, new threshold 6 (max threshold 6)
[2019-12-09T04:23:21.882+0000][1][gc,age       ] GC(39) Age table with threshold 6 (max threshold 6)
[2019-12-09T04:23:21.882+0000][1][gc,age       ] GC(39) - age   1:       3112 bytes,       3112 total
[2019-12-09T04:23:21.882+0000][1][gc,age       ] GC(39) - age   2:        120 bytes,       3232 total
[2019-12-09T04:23:21.882+0000][1][gc,age       ] GC(39) - age   4:       1344 bytes,       4576 total
[2019-12-09T04:23:21.882+0000][1][gc,age       ] GC(39) - age   5:       2056 bytes,       6632 total
[2019-12-09T04:23:21.882+0000][1][gc,age       ] GC(39) - age   6:       1992 bytes,       8624 total
[2019-12-09T04:23:21.882+0000][1][gc,heap      ] GC(39) ParNew: 69970K->16K(78656K)
[2019-12-09T04:23:21.882+0000][1][gc,heap      ] GC(39) CMS: 69317K->69319K(174784K)
[2019-12-09T04:23:21.882+0000][1][gc,metaspace ] GC(39) Metaspace: 68420K->68420K(1112064K)
[2019-12-09T04:23:21.882+0000][1][gc           ] GC(39) Pause Young (Allocation Failure) 136M->67M(247M) 1.404ms
[2019-12-09T04:23:21.882+0000][1][gc,cpu       ] GC(39) User=0.00s Sys=0.00s Real=0.00s
[2019-12-09T04:23:21.882+0000][1][safepoint    ] Leaving safepoint region
[2019-12-09T04:23:21.882+0000][1][safepoint    ] Total time for which application threads were stopped: 0.0015355 seconds, Stopping threads took: 0.0000152 seconds
[2019-12-09T04:24:46.888+0000][1][safepoint    ] Application time: 85.0056323 seconds
[2019-12-09T04:24:46.888+0000][1][safepoint    ] Entering safepoint region: Cleanup
[2019-12-09T04:24:46.888+0000][1][safepoint    ] Leaving safepoint region
[2019-12-09T04:24:46.888+0000][1][safepoint    ] Total time for which application threads were stopped: 0.0000787 seconds, Stopping threads took: 0.0000238 seconds
[2019-12-09T04:25:14.890+0000][1][safepoint    ] Application time: 28.0018156 seconds
[2019-12-09T04:25:14.890+0000][1][safepoint    ] Entering safepoint region: Cleanup
[2019-12-09T04:25:14.890+0000][1][safepoint    ] Leaving safepoint region
[2019-12-09T04:25:14.890+0000][1][safepoint    ] Total time for which application threads were stopped: 0.0000942 seconds, Stopping threads took: 0.0000258 seconds
[2019-12-09T04:25:16.890+0000][1][safepoint    ] Application time: 2.0001425 seconds
[2019-12-09T04:25:16.890+0000][1][safepoint    ] Entering safepoint region: Cleanup
[2019-12-09T04:25:16.890+0000][1][safepoint    ] Leaving safepoint region
[2019-12-09T04:25:16.890+0000][1][safepoint    ] Total time for which application threads were stopped: 0.0000651 seconds, Stopping threads took: 0.0000161 seconds
[2019-12-09T04:25:21.925+0000][1][safepoint    ] Application time: 5.0353879 seconds
[2019-12-09T04:25:21.925+0000][1][safepoint    ] Entering safepoint region: GenCollectForAllocation
[2019-12-09T04:25:21.926+0000][1][gc,start     ] GC(40) Pause Young (Allocation Failure)
[2019-12-09T04:25:21.926+0000][1][gc,task      ] GC(40) Using 2 workers of 2 for evacuation
[2019-12-09T04:25:21.927+0000][1][gc,age       ] GC(40) Desired survivor size 4456448 bytes, new threshold 6 (max threshold 6)
[2019-12-09T04:25:21.927+0000][1][gc,age       ] GC(40) Age table with threshold 6 (max threshold 6)
[2019-12-09T04:25:21.927+0000][1][gc,age       ] GC(40) - age   1:       5920 bytes,       5920 total
[2019-12-09T04:25:21.927+0000][1][gc,age       ] GC(40) - age   3:        120 bytes,       6040 total
[2019-12-09T04:25:21.927+0000][1][gc,age       ] GC(40) - age   5:       1344 bytes,       7384 total
[2019-12-09T04:25:21.927+0000][1][gc,age       ] GC(40) - age   6:       2056 bytes,       9440 total
[2019-12-09T04:25:21.927+0000][1][gc,heap      ] GC(40) ParNew: 69968K->14K(78656K)
[2019-12-09T04:25:21.927+0000][1][gc,heap      ] GC(40) CMS: 69319K->69320K(174784K)
[2019-12-09T04:25:21.927+0000][1][gc,metaspace ] GC(40) Metaspace: 68423K->68423K(1112064K)
[2019-12-09T04:25:21.927+0000][1][gc           ] GC(40) Pause Young (Allocation Failure) 136M->67M(247M) 1.439ms
[2019-12-09T04:25:21.927+0000][1][gc,cpu       ] GC(40) User=0.00s Sys=0.00s Real=0.00s
[2019-12-09T04:25:21.927+0000][1][safepoint    ] Leaving safepoint region
[2019-12-09T04:25:21.927+0000][1][safepoint    ] Total time for which application threads were stopped: 0.0015714 seconds, Stopping threads took: 0.0000155 seconds
[2019-12-09T04:25:49.935+0000][1][safepoint    ] Application time: 28.0084273 seconds
[2019-12-09T04:25:49.935+0000][1][safepoint    ] Entering safepoint region: Cleanup
[2019-12-09T04:25:49.936+0000][1][safepoint    ] Leaving safepoint region
[2019-12-09T04:25:49.936+0000][1][safepoint    ] Total time for which application threads were stopped: 0.0000769 seconds, Stopping threads took: 0.0000249 seconds
[2019-12-09T04:26:03.937+0000][1][safepoint    ] Application time: 14.0009595 seconds
[2019-12-09T04:26:03.937+0000][1][safepoint    ] Entering safepoint region: Cleanup
[2019-12-09T04:26:03.937+0000][1][safepoint    ] Leaving safepoint region
[2019-12-09T04:26:03.937+0000][1][safepoint    ] Total time for which application threads were stopped: 0.0000830 seconds, Stopping threads took: 0.0000288 seconds
[2019-12-09T04:26:04.937+0000][1][safepoint    ] Application time: 1.0000751 seconds
[2019-12-09T04:26:04.937+0000][1][safepoint    ] Entering safepoint region: Cleanup
[2019-12-09T04:26:04.937+0000][1][safepoint    ] Leaving safepoint region
[2019-12-09T04:26:04.937+0000][1][safepoint    ] Total time for which application threads were stopped: 0.0000711 seconds, Stopping threads took: 0.0000171 seconds
[2019-12-09T04:26:06.937+0000][1][safepoint    ] Application time: 2.0001416 seconds
[2019-12-09T04:26:06.937+0000][1][safepoint    ] Entering safepoint region: Cleanup
[2019-12-09T04:26:06.937+0000][1][safepoint    ] Leaving safepoint region
[2019-12-09T04:26:06.937+0000][1][safepoint    ] Total time for which application threads were stopped: 0.0000698 seconds, Stopping threads took: 0.0000173 seconds
[2019-12-09T04:26:07.937+0000][1][safepoint    ] Application time: 1.0000742 seconds
[2019-12-09T04:26:07.937+0000][1][safepoint    ] Entering safepoint region: Cleanup
[2019-12-09T04:26:07.937+0000][1][safepoint    ] Leaving safepoint region
[2019-12-09T04:26:07.937+0000][1][safepoint    ] Total time for which application threads were stopped: 0.0000678 seconds, Stopping threads took: 0.0000167 seconds
[2019-12-09T04:26:39.939+0000][1][safepoint    ] Application time: 32.0021333 seconds
[2019-12-09T04:26:39.939+0000][1][safepoint    ] Entering safepoint region: Cleanup
[2019-12-09T04:26:39.939+0000][1][safepoint    ] Leaving safepoint region
[2019-12-09T04:26:39.940+0000][1][safepoint    ] Total time for which application threads were stopped: 0.0000810 seconds, Stopping threads took: 0.0000266 seconds
[2019-12-09T04:26:51.940+0000][1][safepoint    ] Application time: 12.0007971 seconds
[2019-12-09T04:26:51.940+0000][1][safepoint    ] Entering safepoint region: Cleanup
[2019-12-09T04:26:51.940+0000][1][safepoint    ] Leaving safepoint region
[2019-12-09T04:26:51.940+0000][1][safepoint    ] Total time for which application threads were stopped: 0.0000766 seconds, Stopping threads took: 0.0000245 seconds
[2019-12-09T04:26:56.941+0000][1][safepoint    ] Application time: 5.0003449 seconds
[2019-12-09T04:26:56.941+0000][1][safepoint    ] Entering safepoint region: Cleanup
[2019-12-09T04:26:56.941+0000][1][safepoint    ] Leaving safepoint region
[2019-12-09T04:26:56.941+0000][1][safepoint    ] Total time for which application threads were stopped: 0.0000688 seconds, Stopping threads took: 0.0000173 seconds
[2019-12-09T04:27:06.942+0000][1][safepoint    ] Application time: 10.0006919 seconds
[2019-12-09T04:27:06.942+0000][1][safepoint    ] Entering safepoint region: Cleanup
[2019-12-09T04:27:06.942+0000][1][safepoint    ] Leaving safepoint region
[2019-12-09T04:27:06.942+0000][1][safepoint    ] Total time for which application threads were stopped: 0.0000894 seconds, Stopping threads took: 0.0000174 seconds
[2019-12-09T04:27:07.942+0000][1][safepoint    ] Application time: 1.0000785 seconds
[2019-12-09T04:27:07.942+0000][1][safepoint    ] Entering safepoint region: Cleanup
[2019-12-09T04:27:07.942+0000][1][safepoint    ] Leaving safepoint region
[2019-12-09T04:27:07.942+0000][1][safepoint    ] Total time for which application threads were stopped: 0.0000681 seconds, Stopping threads took: 0.0000165 seconds
[2019-12-09T04:27:11.942+0000][1][safepoint    ] Application time: 4.0002759 seconds
[2019-12-09T04:27:11.942+0000][1][safepoint    ] Entering safepoint region: Cleanup
[2019-12-09T04:27:11.942+0000][1][safepoint    ] Leaving safepoint region
[2019-12-09T04:27:11.942+0000][1][safepoint    ] Total time for which application threads were stopped: 0.0000704 seconds, Stopping threads took: 0.0000169 seconds
[2019-12-09T04:27:12.942+0000][1][safepoint    ] Application time: 1.0000748 seconds
[2019-12-09T04:27:12.942+0000][1][safepoint    ] Entering safepoint region: Cleanup
[2019-12-09T04:27:12.942+0000][1][safepoint    ] Leaving safepoint region
[2019-12-09T04:27:12.942+0000][1][safepoint    ] Total time for which application threads were stopped: 0.0000698 seconds, Stopping threads took: 0.0000167 seconds
[2019-12-09T04:27:21.970+0000][1][safepoint    ] Application time: 9.0276800 seconds
[2019-12-09T04:27:21.970+0000][1][safepoint    ] Entering safepoint region: GenCollectForAllocation
[2019-12-09T04:27:21.970+0000][1][gc,start     ] GC(41) Pause Young (Allocation Failure)
[2019-12-09T04:27:21.970+0000][1][gc,task      ] GC(41) Using 2 workers of 2 for evacuation
[2019-12-09T04:27:21.972+0000][1][gc,age       ] GC(41) Desired survivor size 4456448 bytes, new threshold 6 (max threshold 6)
[2019-12-09T04:27:21.972+0000][1][gc,age       ] GC(41) Age table with threshold 6 (max threshold 6)
[2019-12-09T04:27:21.972+0000][1][gc,age       ] GC(41) - age   1:       4312 bytes,       4312 total
[2019-12-09T04:27:21.972+0000][1][gc,age       ] GC(41) - age   2:       1928 bytes,       6240 total
[2019-12-09T04:27:21.972+0000][1][gc,age       ] GC(41) - age   4:        120 bytes,       6360 total
[2019-12-09T04:27:21.972+0000][1][gc,age       ] GC(41) - age   6:       1344 bytes,       7704 total
[2019-12-09T04:27:21.972+0000][1][gc,heap      ] GC(41) ParNew: 69966K->12K(78656K)
[2019-12-09T04:27:21.972+0000][1][gc,heap      ] GC(41) CMS: 69320K->69322K(174784K)
[2019-12-09T04:27:21.972+0000][1][gc,metaspace ] GC(41) Metaspace: 68423K->68423K(1112064K)
[2019-12-09T04:27:21.972+0000][1][gc           ] GC(41) Pause Young (Allocation Failure) 136M->67M(247M) 1.423ms
[2019-12-09T04:27:21.972+0000][1][gc,cpu       ] GC(41) User=0.00s Sys=0.00s Real=0.00s
[2019-12-09T04:27:21.972+0000][1][safepoint    ] Leaving safepoint region
[2019-12-09T04:27:21.972+0000][1][safepoint    ] Total time for which application threads were stopped: 0.0015645 seconds, Stopping threads took: 0.0000254 seconds
[2019-12-09T04:27:36.973+0000][1][safepoint    ] Application time: 15.0010104 seconds
[2019-12-09T04:27:36.973+0000][1][safepoint    ] Entering safepoint region: Cleanup
[2019-12-09T04:27:36.973+0000][1][safepoint    ] Leaving safepoint region
[2019-12-09T04:27:36.973+0000][1][safepoint    ] Total time for which application threads were stopped: 0.0000718 seconds, Stopping threads took: 0.0000182 seconds
[2019-12-09T04:27:47.974+0000][1][safepoint    ] Application time: 11.0007371 seconds
[2019-12-09T04:27:47.974+0000][1][safepoint    ] Entering safepoint region: Cleanup
[2019-12-09T04:27:47.974+0000][1][safepoint    ] Leaving safepoint region
[2019-12-09T04:27:47.974+0000][1][safepoint    ] Total time for which application threads were stopped: 0.0000917 seconds, Stopping threads took: 0.0000271 seconds
[2019-12-09T04:27:54.974+0000][1][safepoint    ] Application time: 7.0004702 seconds
[2019-12-09T04:27:54.974+0000][1][safepoint    ] Entering safepoint region: Cleanup
[2019-12-09T04:27:54.974+0000][1][safepoint    ] Leaving safepoint region
[2019-12-09T04:27:54.974+0000][1][safepoint    ] Total time for which application threads were stopped: 0.0000762 seconds, Stopping threads took: 0.0000164 seconds
[2019-12-09T04:28:02.975+0000][1][safepoint    ] Application time: 8.0005415 seconds
[2019-12-09T04:28:02.975+0000][1][safepoint    ] Entering safepoint region: Cleanup
[2019-12-09T04:28:02.975+0000][1][safepoint    ] Leaving safepoint region
[2019-12-09T04:28:02.975+0000][1][safepoint    ] Total time for which application threads were stopped: 0.0000694 seconds, Stopping threads took: 0.0000160 seconds
[2019-12-09T04:28:03.975+0000][1][safepoint    ] Application time: 1.0000764 seconds
[2019-12-09T04:28:03.975+0000][1][safepoint    ] Entering safepoint region: Cleanup
[2019-12-09T04:28:03.975+0000][1][safepoint    ] Leaving safepoint region
[2019-12-09T04:28:03.975+0000][1][safepoint    ] Total time for which application threads were stopped: 0.0000702 seconds, Stopping threads took: 0.0000166 seconds
[2019-12-09T04:28:13.976+0000][1][safepoint    ] Application time: 10.0006734 seconds
[2019-12-09T04:28:13.976+0000][1][safepoint    ] Entering safepoint region: Cleanup
[2019-12-09T04:28:13.976+0000][1][safepoint    ] Leaving safepoint region
[2019-12-09T04:28:13.976+0000][1][safepoint    ] Total time for which application threads were stopped: 0.0000900 seconds, Stopping threads took: 0.0000252 seconds
[2019-12-09T04:28:40.978+0000][1][safepoint    ] Application time: 27.0017964 seconds
[2019-12-09T04:28:40.978+0000][1][safepoint    ] Entering safepoint region: Cleanup
[2019-12-09T04:28:40.978+0000][1][safepoint    ] Leaving safepoint region
[2019-12-09T04:28:40.978+0000][1][safepoint    ] Total time for which application threads were stopped: 0.0000721 seconds, Stopping threads took: 0.0000180 seconds
[2019-12-09T04:28:42.978+0000][1][safepoint    ] Application time: 2.0001452 seconds
[2019-12-09T04:28:42.978+0000][1][safepoint    ] Entering safepoint region: Cleanup
[2019-12-09T04:28:42.978+0000][1][safepoint    ] Leaving safepoint region
[2019-12-09T04:28:42.978+0000][1][safepoint    ] Total time for which application threads were stopped: 0.0000706 seconds, Stopping threads took: 0.0000173 seconds
[2019-12-09T04:29:04.980+0000][1][safepoint    ] Application time: 22.0014810 seconds
[2019-12-09T04:29:04.980+0000][1][safepoint    ] Entering safepoint region: Cleanup
[2019-12-09T04:29:04.980+0000][1][safepoint    ] Leaving safepoint region
[2019-12-09T04:29:04.980+0000][1][safepoint    ] Total time for which application threads were stopped: 0.0000795 seconds, Stopping threads took: 0.0000254 seconds
[2019-12-09T04:29:17.981+0000][1][safepoint    ] Application time: 13.0008764 seconds
[2019-12-09T04:29:17.981+0000][1][safepoint    ] Entering safepoint region: Cleanup
[2019-12-09T04:29:17.981+0000][1][safepoint    ] Leaving safepoint region
[2019-12-09T04:29:17.981+0000][1][safepoint    ] Total time for which application threads were stopped: 0.0000833 seconds, Stopping threads took: 0.0000281 seconds
[2019-12-09T04:29:22.013+0000][1][safepoint    ] Application time: 4.0318898 seconds
[2019-12-09T04:29:22.013+0000][1][safepoint    ] Entering safepoint region: GenCollectForAllocation
[2019-12-09T04:29:22.013+0000][1][gc,start     ] GC(42) Pause Young (Allocation Failure)
[2019-12-09T04:29:22.013+0000][1][gc,task      ] GC(42) Using 2 workers of 2 for evacuation
[2019-12-09T04:29:22.014+0000][1][gc,age       ] GC(42) Desired survivor size 4456448 bytes, new threshold 6 (max threshold 6)
[2019-12-09T04:29:22.014+0000][1][gc,age       ] GC(42) Age table with threshold 6 (max threshold 6)
[2019-12-09T04:29:22.014+0000][1][gc,age       ] GC(42) - age   1:       7904 bytes,       7904 total
[2019-12-09T04:29:22.014+0000][1][gc,age       ] GC(42) - age   2:        232 bytes,       8136 total
[2019-12-09T04:29:22.014+0000][1][gc,age       ] GC(42) - age   3:       1928 bytes,      10064 total
[2019-12-09T04:29:22.014+0000][1][gc,age       ] GC(42) - age   5:        120 bytes,      10184 total
[2019-12-09T04:29:22.014+0000][1][gc,heap      ] GC(42) ParNew: 69964K->11K(78656K)
[2019-12-09T04:29:22.014+0000][1][gc,heap      ] GC(42) CMS: 69322K->69324K(174784K)
[2019-12-09T04:29:22.014+0000][1][gc,metaspace ] GC(42) Metaspace: 68427K->68427K(1112064K)
[2019-12-09T04:29:22.014+0000][1][gc           ] GC(42) Pause Young (Allocation Failure) 136M->67M(247M) 1.455ms
[2019-12-09T04:29:22.014+0000][1][gc,cpu       ] GC(42) User=0.00s Sys=0.00s Real=0.00s
[2019-12-09T04:29:22.014+0000][1][safepoint    ] Leaving safepoint region
[2019-12-09T04:29:22.014+0000][1][safepoint    ] Total time for which application threads were stopped: 0.0015879 seconds, Stopping threads took: 0.0000166 seconds
[2019-12-09T04:29:43.016+0000][1][safepoint    ] Application time: 21.0014201 seconds
[2019-12-09T04:29:43.016+0000][1][safepoint    ] Entering safepoint region: Cleanup
[2019-12-09T04:29:43.016+0000][1][safepoint    ] Leaving safepoint region
[2019-12-09T04:29:43.016+0000][1][safepoint    ] Total time for which application threads were stopped: 0.0000660 seconds, Stopping threads took: 0.0000157 seconds
[2019-12-09T04:29:45.016+0000][1][safepoint    ] Application time: 2.0001466 seconds
[2019-12-09T04:29:45.016+0000][1][safepoint    ] Entering safepoint region: Cleanup
[2019-12-09T04:29:45.016+0000][1][safepoint    ] Leaving safepoint region
[2019-12-09T04:29:45.016+0000][1][safepoint    ] Total time for which application threads were stopped: 0.0000716 seconds, Stopping threads took: 0.0000220 seconds
[2019-12-09T04:29:46.016+0000][1][safepoint    ] Application time: 1.0000759 seconds
[2019-12-09T04:29:46.016+0000][1][safepoint    ] Entering safepoint region: Cleanup
[2019-12-09T04:29:46.016+0000][1][safepoint    ] Leaving safepoint region
[2019-12-09T04:29:46.016+0000][1][safepoint    ] Total time for which application threads were stopped: 0.0000662 seconds, Stopping threads took: 0.0000150 seconds
[2019-12-09T04:30:59.021+0000][1][safepoint    ] Application time: 73.0048373 seconds
[2019-12-09T04:30:59.021+0000][1][safepoint    ] Entering safepoint region: Cleanup
[2019-12-09T04:30:59.021+0000][1][safepoint    ] Leaving safepoint region
[2019-12-09T04:30:59.021+0000][1][safepoint    ] Total time for which application threads were stopped: 0.0000714 seconds, Stopping threads took: 0.0000246 seconds
[2019-12-09T04:31:00.021+0000][1][safepoint    ] Application time: 1.0000781 seconds
[2019-12-09T04:31:00.021+0000][1][safepoint    ] Entering safepoint region: Cleanup
[2019-12-09T04:31:00.021+0000][1][safepoint    ] Leaving safepoint region
[2019-12-09T04:31:00.021+0000][1][safepoint    ] Total time for which application threads were stopped: 0.0000683 seconds, Stopping threads took: 0.0000184 seconds
[2019-12-09T04:31:01.021+0000][1][safepoint    ] Application time: 1.0000780 seconds
[2019-12-09T04:31:01.022+0000][1][safepoint    ] Entering safepoint region: Cleanup
[2019-12-09T04:31:01.022+0000][1][safepoint    ] Leaving safepoint region
[2019-12-09T04:31:01.022+0000][1][safepoint    ] Total time for which application threads were stopped: 0.0000641 seconds, Stopping threads took: 0.0000164 seconds
[2019-12-09T04:31:02.022+0000][1][safepoint    ] Application time: 1.0003129 seconds
[2019-12-09T04:31:02.022+0000][1][safepoint    ] Entering safepoint region: Cleanup
[2019-12-09T04:31:02.022+0000][1][safepoint    ] Leaving safepoint region
[2019-12-09T04:31:02.022+0000][1][safepoint    ] Total time for which application threads were stopped: 0.0000940 seconds, Stopping threads took: 0.0000236 seconds
[2019-12-09T04:31:03.022+0000][1][safepoint    ] Application time: 1.0000801 seconds
[2019-12-09T04:31:03.022+0000][1][safepoint    ] Entering safepoint region: Cleanup
[2019-12-09T04:31:03.022+0000][1][safepoint    ] Leaving safepoint region
[2019-12-09T04:31:03.022+0000][1][safepoint    ] Total time for which application threads were stopped: 0.0000643 seconds, Stopping threads took: 0.0000167 seconds
[2019-12-09T04:31:04.022+0000][1][safepoint    ] Application time: 1.0000803 seconds
[2019-12-09T04:31:04.022+0000][1][safepoint    ] Entering safepoint region: Cleanup
[2019-12-09T04:31:04.022+0000][1][safepoint    ] Leaving safepoint region
[2019-12-09T04:31:04.022+0000][1][safepoint    ] Total time for which application threads were stopped: 0.0000756 seconds, Stopping threads took: 0.0000275 seconds
[2019-12-09T04:31:05.023+0000][1][safepoint    ] Application time: 1.0000806 seconds
[2019-12-09T04:31:05.023+0000][1][safepoint    ] Entering safepoint region: Cleanup
[2019-12-09T04:31:05.023+0000][1][safepoint    ] Leaving safepoint region
[2019-12-09T04:31:05.023+0000][1][safepoint    ] Total time for which application threads were stopped: 0.0000672 seconds, Stopping threads took: 0.0000193 seconds
[2019-12-09T04:31:06.023+0000][1][safepoint    ] Application time: 1.0000906 seconds
[2019-12-09T04:31:06.023+0000][1][safepoint    ] Entering safepoint region: Cleanup
[2019-12-09T04:31:06.023+0000][1][safepoint    ] Leaving safepoint region
[2019-12-09T04:31:06.023+0000][1][safepoint    ] Total time for which application threads were stopped: 0.0000682 seconds, Stopping threads took: 0.0000174 seconds
[2019-12-09T04:31:07.023+0000][1][safepoint    ] Application time: 1.0000796 seconds
[2019-12-09T04:31:07.023+0000][1][safepoint    ] Entering safepoint region: Cleanup
[2019-12-09T04:31:07.023+0000][1][safepoint    ] Leaving safepoint region
[2019-12-09T04:31:07.023+0000][1][safepoint    ] Total time for which application threads were stopped: 0.0000635 seconds, Stopping threads took: 0.0000166 seconds
[2019-12-09T04:31:08.023+0000][1][safepoint    ] Application time: 1.0000788 seconds
[2019-12-09T04:31:08.023+0000][1][safepoint    ] Entering safepoint region: Cleanup
[2019-12-09T04:31:08.023+0000][1][safepoint    ] Leaving safepoint region
[2019-12-09T04:31:08.023+0000][1][safepoint    ] Total time for which application threads were stopped: 0.0000641 seconds, Stopping threads took: 0.0000168 seconds
[2019-12-09T04:31:09.023+0000][1][safepoint    ] Application time: 1.0000825 seconds
[2019-12-09T04:31:09.023+0000][1][safepoint    ] Entering safepoint region: Cleanup
[2019-12-09T04:31:09.023+0000][1][safepoint    ] Leaving safepoint region
[2019-12-09T04:31:09.023+0000][1][safepoint    ] Total time for which application threads were stopped: 0.0000684 seconds, Stopping threads took: 0.0000175 seconds
[2019-12-09T04:31:10.023+0000][1][safepoint    ] Application time: 1.0000811 seconds
[2019-12-09T04:31:10.024+0000][1][safepoint    ] Entering safepoint region: Cleanup
[2019-12-09T04:31:10.024+0000][1][safepoint    ] Leaving safepoint region
[2019-12-09T04:31:10.024+0000][1][safepoint    ] Total time for which application threads were stopped: 0.0000644 seconds, Stopping threads took: 0.0000172 seconds
[2019-12-09T04:31:11.024+0000][1][safepoint    ] Application time: 1.0000789 seconds
[2019-12-09T04:31:11.024+0000][1][safepoint    ] Entering safepoint region: Cleanup
[2019-12-09T04:31:11.024+0000][1][safepoint    ] Leaving safepoint region
[2019-12-09T04:31:11.024+0000][1][safepoint    ] Total time for which application threads were stopped: 0.0000705 seconds, Stopping threads took: 0.0000205 seconds
[2019-12-09T04:31:12.024+0000][1][safepoint    ] Application time: 1.0000841 seconds
[2019-12-09T04:31:12.024+0000][1][safepoint    ] Entering safepoint region: Cleanup
[2019-12-09T04:31:12.024+0000][1][safepoint    ] Leaving safepoint region
[2019-12-09T04:31:12.024+0000][1][safepoint    ] Total time for which application threads were stopped: 0.0000673 seconds, Stopping threads took: 0.0000177 seconds
[2019-12-09T04:31:13.024+0000][1][safepoint    ] Application time: 1.0000814 seconds
[2019-12-09T04:31:13.024+0000][1][safepoint    ] Entering safepoint region: Cleanup
[2019-12-09T04:31:13.024+0000][1][safepoint    ] Leaving safepoint region
[2019-12-09T04:31:13.024+0000][1][safepoint    ] Total time for which application threads were stopped: 0.0000649 seconds, Stopping threads took: 0.0000168 seconds
[2019-12-09T04:31:14.024+0000][1][safepoint    ] Application time: 1.0000854 seconds
[2019-12-09T04:31:14.024+0000][1][safepoint    ] Entering safepoint region: Cleanup
[2019-12-09T04:31:14.024+0000][1][safepoint    ] Leaving safepoint region
[2019-12-09T04:31:14.024+0000][1][safepoint    ] Total time for which application threads were stopped: 0.0000746 seconds, Stopping threads took: 0.0000185 seconds
[2019-12-09T04:31:15.024+0000][1][safepoint    ] Application time: 1.0000836 seconds
[2019-12-09T04:31:15.024+0000][1][safepoint    ] Entering safepoint region: Cleanup
[2019-12-09T04:31:15.025+0000][1][safepoint    ] Leaving safepoint region
[2019-12-09T04:31:15.025+0000][1][safepoint    ] Total time for which application threads were stopped: 0.0000661 seconds, Stopping threads took: 0.0000196 seconds
[2019-12-09T04:31:16.025+0000][1][safepoint    ] Application time: 1.0000847 seconds
[2019-12-09T04:31:16.025+0000][1][safepoint    ] Entering safepoint region: Cleanup
[2019-12-09T04:31:16.025+0000][1][safepoint    ] Leaving safepoint region
[2019-12-09T04:31:16.025+0000][1][safepoint    ] Total time for which application threads were stopped: 0.0000685 seconds, Stopping threads took: 0.0000201 seconds
[2019-12-09T04:31:17.025+0000][1][safepoint    ] Application time: 1.0000814 seconds
[2019-12-09T04:31:17.025+0000][1][safepoint    ] Entering safepoint region: Cleanup
[2019-12-09T04:31:17.025+0000][1][safepoint    ] Leaving safepoint region
[2019-12-09T04:31:17.025+0000][1][safepoint    ] Total time for which application threads were stopped: 0.0000643 seconds, Stopping threads took: 0.0000177 seconds
[2019-12-09T04:31:18.025+0000][1][safepoint    ] Application time: 1.0000790 seconds
[2019-12-09T04:31:18.025+0000][1][safepoint    ] Entering safepoint region: Cleanup
[2019-12-09T04:31:18.025+0000][1][safepoint    ] Leaving safepoint region
[2019-12-09T04:31:18.025+0000][1][safepoint    ] Total time for which application threads were stopped: 0.0000659 seconds, Stopping threads took: 0.0000177 seconds
[2019-12-09T04:31:19.025+0000][1][safepoint    ] Application time: 1.0000779 seconds
[2019-12-09T04:31:19.025+0000][1][safepoint    ] Entering safepoint region: Cleanup
[2019-12-09T04:31:19.025+0000][1][safepoint    ] Leaving safepoint region
[2019-12-09T04:31:19.025+0000][1][safepoint    ] Total time for which application threads were stopped: 0.0000663 seconds, Stopping threads took: 0.0000195 seconds
[2019-12-09T04:31:20.025+0000][1][safepoint    ] Application time: 1.0000813 seconds
[2019-12-09T04:31:20.025+0000][1][safepoint    ] Entering safepoint region: Cleanup
[2019-12-09T04:31:20.026+0000][1][safepoint    ] Leaving safepoint region
[2019-12-09T04:31:20.026+0000][1][safepoint    ] Total time for which application threads were stopped: 0.0000643 seconds, Stopping threads took: 0.0000167 seconds
[2019-12-09T04:31:21.411+0000][1][safepoint    ] Application time: 1.3853794 seconds
[2019-12-09T04:31:21.411+0000][1][safepoint    ] Entering safepoint region: Cleanup
[2019-12-09T04:31:21.411+0000][1][safepoint    ] Leaving safepoint region
[2019-12-09T04:31:21.411+0000][1][safepoint    ] Total time for which application threads were stopped: 0.0001032 seconds, Stopping threads took: 0.0000231 seconds
[2019-12-09T04:31:22.056+0000][1][safepoint    ] Application time: 0.6446537 seconds
[2019-12-09T04:31:22.056+0000][1][safepoint    ] Entering safepoint region: GenCollectForAllocation
[2019-12-09T04:31:22.056+0000][1][gc,start     ] GC(43) Pause Young (Allocation Failure)
[2019-12-09T04:31:22.056+0000][1][gc,task      ] GC(43) Using 2 workers of 2 for evacuation
[2019-12-09T04:31:22.057+0000][1][gc,age       ] GC(43) Desired survivor size 4456448 bytes, new threshold 6 (max threshold 6)
[2019-12-09T04:31:22.057+0000][1][gc,age       ] GC(43) Age table with threshold 6 (max threshold 6)
[2019-12-09T04:31:22.057+0000][1][gc,age       ] GC(43) - age   1:       7608 bytes,       7608 total
[2019-12-09T04:31:22.057+0000][1][gc,age       ] GC(43) - age   2:       3912 bytes,      11520 total
[2019-12-09T04:31:22.057+0000][1][gc,age       ] GC(43) - age   3:        232 bytes,      11752 total
[2019-12-09T04:31:22.057+0000][1][gc,age       ] GC(43) - age   4:       1928 bytes,      13680 total
[2019-12-09T04:31:22.057+0000][1][gc,age       ] GC(43) - age   6:        120 bytes,      13800 total
[2019-12-09T04:31:22.057+0000][1][gc,heap      ] GC(43) ParNew: 69963K->18K(78656K)
[2019-12-09T04:31:22.057+0000][1][gc,heap      ] GC(43) CMS: 69324K->69324K(174784K)
[2019-12-09T04:31:22.057+0000][1][gc,metaspace ] GC(43) Metaspace: 68428K->68428K(1112064K)
[2019-12-09T04:31:22.057+0000][1][gc           ] GC(43) Pause Young (Allocation Failure) 136M->67M(247M) 1.436ms
[2019-12-09T04:31:22.057+0000][1][gc,cpu       ] GC(43) User=0.00s Sys=0.00s Real=0.00s
[2019-12-09T04:31:22.057+0000][1][safepoint    ] Leaving safepoint region
[2019-12-09T04:31:22.057+0000][1][safepoint    ] Total time for which application threads were stopped: 0.0015668 seconds, Stopping threads took: 0.0000151 seconds
[2019-12-09T04:31:23.057+0000][1][safepoint    ] Application time: 1.0000845 seconds
[2019-12-09T04:31:23.057+0000][1][safepoint    ] Entering safepoint region: Cleanup
[2019-12-09T04:31:23.057+0000][1][safepoint    ] Leaving safepoint region
[2019-12-09T04:31:23.057+0000][1][safepoint    ] Total time for which application threads were stopped: 0.0000645 seconds, Stopping threads took: 0.0000161 seconds
[2019-12-09T04:31:24.058+0000][1][safepoint    ] Application time: 1.0000757 seconds
[2019-12-09T04:31:24.058+0000][1][safepoint    ] Entering safepoint region: Cleanup
[2019-12-09T04:31:24.058+0000][1][safepoint    ] Leaving safepoint region
[2019-12-09T04:31:24.058+0000][1][safepoint    ] Total time for which application threads were stopped: 0.0000681 seconds, Stopping threads took: 0.0000175 seconds
[2019-12-09T04:31:25.058+0000][1][safepoint    ] Application time: 1.0000760 seconds
[2019-12-09T04:31:25.058+0000][1][safepoint    ] Entering safepoint region: Cleanup
[2019-12-09T04:31:25.058+0000][1][safepoint    ] Leaving safepoint region
[2019-12-09T04:31:25.058+0000][1][safepoint    ] Total time for which application threads were stopped: 0.0000675 seconds, Stopping threads took: 0.0000197 seconds
[2019-12-09T04:31:26.058+0000][1][safepoint    ] Application time: 1.0000767 seconds
[2019-12-09T04:31:26.058+0000][1][safepoint    ] Entering safepoint region: Cleanup
[2019-12-09T04:31:26.058+0000][1][safepoint    ] Leaving safepoint region
[2019-12-09T04:31:26.058+0000][1][safepoint    ] Total time for which application threads were stopped: 0.0000662 seconds, Stopping threads took: 0.0000184 seconds
[2019-12-09T04:31:27.058+0000][1][safepoint    ] Application time: 1.0000758 seconds
[2019-12-09T04:31:27.058+0000][1][safepoint    ] Entering safepoint region: Cleanup
[2019-12-09T04:31:27.058+0000][1][safepoint    ] Leaving safepoint region
[2019-12-09T04:31:27.058+0000][1][safepoint    ] Total time for which application threads were stopped: 0.0000786 seconds, Stopping threads took: 0.0000175 seconds
[2019-12-09T04:31:28.058+0000][1][safepoint    ] Application time: 1.0000745 seconds
[2019-12-09T04:31:28.058+0000][1][safepoint    ] Entering safepoint region: Cleanup
[2019-12-09T04:31:28.058+0000][1][safepoint    ] Leaving safepoint region
[2019-12-09T04:31:28.058+0000][1][safepoint    ] Total time for which application threads were stopped: 0.0000646 seconds, Stopping threads took: 0.0000172 seconds
[2019-12-09T04:31:29.059+0000][1][safepoint    ] Application time: 1.0000762 seconds
[2019-12-09T04:31:29.059+0000][1][safepoint    ] Entering safepoint region: Cleanup
[2019-12-09T04:31:29.059+0000][1][safepoint    ] Leaving safepoint region
[2019-12-09T04:31:29.059+0000][1][safepoint    ] Total time for which application threads were stopped: 0.0001036 seconds, Stopping threads took: 0.0000450 seconds
[2019-12-09T04:31:30.059+0000][1][safepoint    ] Application time: 1.0000769 seconds
[2019-12-09T04:31:30.059+0000][1][safepoint    ] Entering safepoint region: Cleanup
[2019-12-09T04:31:30.059+0000][1][safepoint    ] Leaving safepoint region
[2019-12-09T04:31:30.059+0000][1][safepoint    ] Total time for which application threads were stopped: 0.0000670 seconds, Stopping threads took: 0.0000180 seconds
[2019-12-09T04:31:31.059+0000][1][safepoint    ] Application time: 1.0000766 seconds
[2019-12-09T04:31:31.059+0000][1][safepoint    ] Entering safepoint region: Cleanup
[2019-12-09T04:31:31.059+0000][1][safepoint    ] Leaving safepoint region
[2019-12-09T04:31:31.059+0000][1][safepoint    ] Total time for which application threads were stopped: 0.0000667 seconds, Stopping threads took: 0.0000189 seconds
[2019-12-09T04:31:32.059+0000][1][safepoint    ] Application time: 1.0000759 seconds
[2019-12-09T04:31:32.059+0000][1][safepoint    ] Entering safepoint region: Cleanup
[2019-12-09T04:31:32.059+0000][1][safepoint    ] Leaving safepoint region
[2019-12-09T04:31:32.059+0000][1][safepoint    ] Total time for which application threads were stopped: 0.0000673 seconds, Stopping threads took: 0.0000179 seconds
[2019-12-09T04:31:33.059+0000][1][safepoint    ] Application time: 1.0000755 seconds
[2019-12-09T04:31:33.059+0000][1][safepoint    ] Entering safepoint region: Cleanup
[2019-12-09T04:31:33.059+0000][1][safepoint    ] Leaving safepoint region
[2019-12-09T04:31:33.059+0000][1][safepoint    ] Total time for which application threads were stopped: 0.0000695 seconds, Stopping threads took: 0.0000204 seconds
[2019-12-09T04:31:34.060+0000][1][safepoint    ] Application time: 1.0000771 seconds
[2019-12-09T04:31:34.060+0000][1][safepoint    ] Entering safepoint region: Cleanup
[2019-12-09T04:31:34.060+0000][1][safepoint    ] Leaving safepoint region
[2019-12-09T04:31:34.060+0000][1][safepoint    ] Total time for which application threads were stopped: 0.0000639 seconds, Stopping threads took: 0.0000175 seconds
[2019-12-09T04:31:35.060+0000][1][safepoint    ] Application time: 1.0000837 seconds
[2019-12-09T04:31:35.060+0000][1][safepoint    ] Entering safepoint region: Cleanup
[2019-12-09T04:31:35.060+0000][1][safepoint    ] Leaving safepoint region
[2019-12-09T04:31:35.060+0000][1][safepoint    ] Total time for which application threads were stopped: 0.0000678 seconds, Stopping threads took: 0.0000191 seconds
[2019-12-09T04:31:36.060+0000][1][safepoint    ] Application time: 1.0000760 seconds
[2019-12-09T04:31:36.060+0000][1][safepoint    ] Entering safepoint region: Cleanup
[2019-12-09T04:31:36.060+0000][1][safepoint    ] Leaving safepoint region
[2019-12-09T04:31:36.060+0000][1][safepoint    ] Total time for which application threads were stopped: 0.0000682 seconds, Stopping threads took: 0.0000179 seconds
[2019-12-09T04:31:37.060+0000][1][safepoint    ] Application time: 1.0000761 seconds
[2019-12-09T04:31:37.060+0000][1][safepoint    ] Entering safepoint region: Cleanup
[2019-12-09T04:31:37.060+0000][1][safepoint    ] Leaving safepoint region
[2019-12-09T04:31:37.060+0000][1][safepoint    ] Total time for which application threads were stopped: 0.0000649 seconds, Stopping threads took: 0.0000181 seconds
[2019-12-09T04:31:38.060+0000][1][safepoint    ] Application time: 1.0000764 seconds
[2019-12-09T04:31:38.060+0000][1][safepoint    ] Entering safepoint region: Cleanup
[2019-12-09T04:31:38.060+0000][1][safepoint    ] Leaving safepoint region
[2019-12-09T04:31:38.060+0000][1][safepoint    ] Total time for which application threads were stopped: 0.0000668 seconds, Stopping threads took: 0.0000198 seconds
[2019-12-09T04:31:39.060+0000][1][safepoint    ] Application time: 1.0000760 seconds
[2019-12-09T04:31:39.060+0000][1][safepoint    ] Entering safepoint region: Cleanup
[2019-12-09T04:31:39.061+0000][1][safepoint    ] Leaving safepoint region
[2019-12-09T04:31:39.061+0000][1][safepoint    ] Total time for which application threads were stopped: 0.0000696 seconds, Stopping threads took: 0.0000171 seconds
[2019-12-09T04:31:40.061+0000][1][safepoint    ] Application time: 1.0000766 seconds
[2019-12-09T04:31:40.061+0000][1][safepoint    ] Entering safepoint region: Cleanup
[2019-12-09T04:31:40.061+0000][1][safepoint    ] Leaving safepoint region
[2019-12-09T04:31:40.061+0000][1][safepoint    ] Total time for which application threads were stopped: 0.0000778 seconds, Stopping threads took: 0.0000267 seconds
[2019-12-09T04:31:41.061+0000][1][safepoint    ] Application time: 1.0000764 seconds
[2019-12-09T04:31:41.061+0000][1][safepoint    ] Entering safepoint region: Cleanup
[2019-12-09T04:31:41.061+0000][1][safepoint    ] Leaving safepoint region
[2019-12-09T04:31:41.061+0000][1][safepoint    ] Total time for which application threads were stopped: 0.0000739 seconds, Stopping threads took: 0.0000255 seconds
[2019-12-09T04:31:42.061+0000][1][safepoint    ] Application time: 1.0000790 seconds
[2019-12-09T04:31:42.061+0000][1][safepoint    ] Entering safepoint region: Cleanup
[2019-12-09T04:31:42.061+0000][1][safepoint    ] Leaving safepoint region
[2019-12-09T04:31:42.061+0000][1][safepoint    ] Total time for which application threads were stopped: 0.0000661 seconds, Stopping threads took: 0.0000178 seconds
[2019-12-09T04:31:43.061+0000][1][safepoint    ] Application time: 1.0000773 seconds
[2019-12-09T04:31:43.061+0000][1][safepoint    ] Entering safepoint region: Cleanup
[2019-12-09T04:31:43.061+0000][1][safepoint    ] Leaving safepoint region
[2019-12-09T04:31:43.061+0000][1][safepoint    ] Total time for which application threads were stopped: 0.0000640 seconds, Stopping threads took: 0.0000171 seconds
[2019-12-09T04:31:44.061+0000][1][safepoint    ] Application time: 1.0000764 seconds
[2019-12-09T04:31:44.061+0000][1][safepoint    ] Entering safepoint region: Cleanup
[2019-12-09T04:31:44.061+0000][1][safepoint    ] Leaving safepoint region
[2019-12-09T04:31:44.062+0000][1][safepoint    ] Total time for which application threads were stopped: 0.0000697 seconds, Stopping threads took: 0.0000192 seconds
[2019-12-09T04:31:45.062+0000][1][safepoint    ] Application time: 1.0000776 seconds
[2019-12-09T04:31:45.062+0000][1][safepoint    ] Entering safepoint region: Cleanup
[2019-12-09T04:31:45.062+0000][1][safepoint    ] Leaving safepoint region
[2019-12-09T04:31:45.062+0000][1][safepoint    ] Total time for which application threads were stopped: 0.0000763 seconds, Stopping threads took: 0.0000172 seconds
[2019-12-09T04:31:46.062+0000][1][safepoint    ] Application time: 1.0000771 seconds
[2019-12-09T04:31:46.062+0000][1][safepoint    ] Entering safepoint region: Cleanup
[2019-12-09T04:31:46.062+0000][1][safepoint    ] Leaving safepoint region
[2019-12-09T04:31:46.062+0000][1][safepoint    ] Total time for which application threads were stopped: 0.0000682 seconds, Stopping threads took: 0.0000178 seconds
[2019-12-09T04:31:47.062+0000][1][safepoint    ] Application time: 1.0000774 seconds
[2019-12-09T04:31:47.062+0000][1][safepoint    ] Entering safepoint region: Cleanup
[2019-12-09T04:31:47.062+0000][1][safepoint    ] Leaving safepoint region
[2019-12-09T04:31:47.062+0000][1][safepoint    ] Total time for which application threads were stopped: 0.0000666 seconds, Stopping threads took: 0.0000172 seconds
[2019-12-09T04:31:48.067+0000][1][safepoint    ] Application time: 1.0047282 seconds
[2019-12-09T04:31:48.067+0000][1][safepoint    ] Entering safepoint region: Cleanup
[2019-12-09T04:31:48.067+0000][1][safepoint    ] Leaving safepoint region
[2019-12-09T04:31:48.067+0000][1][safepoint    ] Total time for which application threads were stopped: 0.0000665 seconds, Stopping threads took: 0.0000166 seconds
[2019-12-09T04:31:49.067+0000][1][safepoint    ] Application time: 1.0000775 seconds
[2019-12-09T04:31:49.067+0000][1][safepoint    ] Entering safepoint region: Cleanup
[2019-12-09T04:31:49.067+0000][1][safepoint    ] Leaving safepoint region
[2019-12-09T04:31:49.067+0000][1][safepoint    ] Total time for which application threads were stopped: 0.0000624 seconds, Stopping threads took: 0.0000162 seconds
[2019-12-09T04:31:50.067+0000][1][safepoint    ] Application time: 1.0000775 seconds
[2019-12-09T04:31:50.067+0000][1][safepoint    ] Entering safepoint region: Cleanup
[2019-12-09T04:31:50.067+0000][1][safepoint    ] Leaving safepoint region
[2019-12-09T04:31:50.067+0000][1][safepoint    ] Total time for which application threads were stopped: 0.0000650 seconds, Stopping threads took: 0.0000175 seconds
[2019-12-09T04:31:51.067+0000][1][safepoint    ] Application time: 1.0000763 seconds
[2019-12-09T04:31:51.067+0000][1][safepoint    ] Entering safepoint region: Cleanup
[2019-12-09T04:31:51.067+0000][1][safepoint    ] Leaving safepoint region
[2019-12-09T04:31:51.067+0000][1][safepoint    ] Total time for which application threads were stopped: 0.0000726 seconds, Stopping threads took: 0.0000258 seconds
[2019-12-09T04:31:52.068+0000][1][safepoint    ] Application time: 1.0000822 seconds
[2019-12-09T04:31:52.068+0000][1][safepoint    ] Entering safepoint region: Cleanup
[2019-12-09T04:31:52.068+0000][1][safepoint    ] Leaving safepoint region
[2019-12-09T04:31:52.068+0000][1][safepoint    ] Total time for which application threads were stopped: 0.0001453 seconds, Stopping threads took: 0.0000878 seconds
[2019-12-09T04:31:53.068+0000][1][safepoint    ] Application time: 1.0000831 seconds
[2019-12-09T04:31:53.068+0000][1][safepoint    ] Entering safepoint region: Cleanup
[2019-12-09T04:31:53.068+0000][1][safepoint    ] Leaving safepoint region
[2019-12-09T04:31:53.068+0000][1][safepoint    ] Total time for which application threads were stopped: 0.0000641 seconds, Stopping threads took: 0.0000179 seconds
[2019-12-09T04:31:54.068+0000][1][safepoint    ] Application time: 1.0000770 seconds
[2019-12-09T04:31:54.068+0000][1][safepoint    ] Entering safepoint region: Cleanup
[2019-12-09T04:31:54.068+0000][1][safepoint    ] Leaving safepoint region
[2019-12-09T04:31:54.068+0000][1][safepoint    ] Total time for which application threads were stopped: 0.0000632 seconds, Stopping threads took: 0.0000163 seconds
[2019-12-09T04:31:55.068+0000][1][safepoint    ] Application time: 1.0000783 seconds
[2019-12-09T04:31:55.068+0000][1][safepoint    ] Entering safepoint region: Cleanup
[2019-12-09T04:31:55.068+0000][1][safepoint    ] Leaving safepoint region
[2019-12-09T04:31:55.068+0000][1][safepoint    ] Total time for which application threads were stopped: 0.0000667 seconds, Stopping threads took: 0.0000185 seconds
[2019-12-09T04:31:57.004+0000][1][safepoint    ] Application time: 1.9360761 seconds
[2019-12-09T04:31:57.004+0000][1][safepoint    ] Entering safepoint region: Cleanup
[2019-12-09T04:31:57.004+0000][1][safepoint    ] Leaving safepoint region
[2019-12-09T04:31:57.005+0000][1][safepoint    ] Total time for which application threads were stopped: 0.0000630 seconds, Stopping threads took: 0.0000161 seconds
[2019-12-09T04:31:58.005+0000][1][safepoint    ] Application time: 1.0000773 seconds
[2019-12-09T04:31:58.005+0000][1][safepoint    ] Entering safepoint region: Cleanup
[2019-12-09T04:31:58.005+0000][1][safepoint    ] Leaving safepoint region
[2019-12-09T04:31:58.005+0000][1][safepoint    ] Total time for which application threads were stopped: 0.0000808 seconds, Stopping threads took: 0.0000163 seconds
[2019-12-09T04:31:59.005+0000][1][safepoint    ] Application time: 1.0000783 seconds
[2019-12-09T04:31:59.005+0000][1][safepoint    ] Entering safepoint region: Cleanup
[2019-12-09T04:31:59.005+0000][1][safepoint    ] Leaving safepoint region
[2019-12-09T04:31:59.005+0000][1][safepoint    ] Total time for which application threads were stopped: 0.0000711 seconds, Stopping threads took: 0.0000239 seconds
[2019-12-09T04:32:00.005+0000][1][safepoint    ] Application time: 1.0000771 seconds
[2019-12-09T04:32:00.005+0000][1][safepoint    ] Entering safepoint region: Cleanup
[2019-12-09T04:32:00.005+0000][1][safepoint    ] Leaving safepoint region
[2019-12-09T04:32:00.005+0000][1][safepoint    ] Total time for which application threads were stopped: 0.0000697 seconds, Stopping threads took: 0.0000209 seconds
[2019-12-09T04:32:01.005+0000][1][safepoint    ] Application time: 1.0000794 seconds
[2019-12-09T04:32:01.005+0000][1][safepoint    ] Entering safepoint region: Cleanup
[2019-12-09T04:32:01.005+0000][1][safepoint    ] Leaving safepoint region
[2019-12-09T04:32:01.005+0000][1][safepoint    ] Total time for which application threads were stopped: 0.0000649 seconds, Stopping threads took: 0.0000167 seconds
[2019-12-09T04:32:02.005+0000][1][safepoint    ] Application time: 1.0000827 seconds
[2019-12-09T04:32:02.005+0000][1][safepoint    ] Entering safepoint region: Cleanup
[2019-12-09T04:32:02.005+0000][1][safepoint    ] Leaving safepoint region
[2019-12-09T04:32:02.005+0000][1][safepoint    ] Total time for which application threads were stopped: 0.0000782 seconds, Stopping threads took: 0.0000277 seconds
[2019-12-09T04:32:03.006+0000][1][safepoint    ] Application time: 1.0000787 seconds
[2019-12-09T04:32:03.006+0000][1][safepoint    ] Entering safepoint region: Cleanup
[2019-12-09T04:32:03.006+0000][1][safepoint    ] Leaving safepoint region
[2019-12-09T04:32:03.006+0000][1][safepoint    ] Total time for which application threads were stopped: 0.0000655 seconds, Stopping threads took: 0.0000174 seconds
[2019-12-09T04:32:04.006+0000][1][safepoint    ] Application time: 1.0000868 seconds
[2019-12-09T04:32:04.006+0000][1][safepoint    ] Entering safepoint region: Cleanup
[2019-12-09T04:32:04.006+0000][1][safepoint    ] Leaving safepoint region
[2019-12-09T04:32:04.006+0000][1][safepoint    ] Total time for which application threads were stopped: 0.0000660 seconds, Stopping threads took: 0.0000177 seconds
[2019-12-09T04:32:05.006+0000][1][safepoint    ] Application time: 1.0000774 seconds
[2019-12-09T04:32:05.006+0000][1][safepoint    ] Entering safepoint region: Cleanup
[2019-12-09T04:32:05.006+0000][1][safepoint    ] Leaving safepoint region
[2019-12-09T04:32:05.006+0000][1][safepoint    ] Total time for which application threads were stopped: 0.0000660 seconds, Stopping threads took: 0.0000187 seconds
[2019-12-09T04:32:06.006+0000][1][safepoint    ] Application time: 1.0000805 seconds
[2019-12-09T04:32:06.006+0000][1][safepoint    ] Entering safepoint region: Cleanup
[2019-12-09T04:32:06.006+0000][1][safepoint    ] Leaving safepoint region
[2019-12-09T04:32:06.006+0000][1][safepoint    ] Total time for which application threads were stopped: 0.0000637 seconds, Stopping threads took: 0.0000163 seconds
[2019-12-09T04:32:07.006+0000][1][safepoint    ] Application time: 1.0000782 seconds
[2019-12-09T04:32:07.006+0000][1][safepoint    ] Entering safepoint region: Cleanup
[2019-12-09T04:32:07.006+0000][1][safepoint    ] Leaving safepoint region
[2019-12-09T04:32:07.006+0000][1][safepoint    ] Total time for which application threads were stopped: 0.0000667 seconds, Stopping threads took: 0.0000181 seconds
[2019-12-09T04:32:08.007+0000][1][safepoint    ] Application time: 1.0000786 seconds
[2019-12-09T04:32:08.007+0000][1][safepoint    ] Entering safepoint region: Cleanup
[2019-12-09T04:32:08.007+0000][1][safepoint    ] Leaving safepoint region
[2019-12-09T04:32:08.007+0000][1][safepoint    ] Total time for which application threads were stopped: 0.0000812 seconds, Stopping threads took: 0.0000168 seconds
[2019-12-09T04:32:09.007+0000][1][safepoint    ] Application time: 1.0000708 seconds
[2019-12-09T04:32:09.007+0000][1][safepoint    ] Entering safepoint region: Cleanup
[2019-12-09T04:32:09.007+0000][1][safepoint    ] Leaving safepoint region
[2019-12-09T04:32:09.007+0000][1][safepoint    ] Total time for which application threads were stopped: 0.0000657 seconds, Stopping threads took: 0.0000169 seconds
[2019-12-09T04:32:10.007+0000][1][safepoint    ] Application time: 1.0000803 seconds
[2019-12-09T04:32:10.007+0000][1][safepoint    ] Entering safepoint region: Cleanup
[2019-12-09T04:32:10.007+0000][1][safepoint    ] Leaving safepoint region
[2019-12-09T04:32:10.007+0000][1][safepoint    ] Total time for which application threads were stopped: 0.0000665 seconds, Stopping threads took: 0.0000174 seconds
[2019-12-09T04:32:11.007+0000][1][safepoint    ] Application time: 1.0000776 seconds
[2019-12-09T04:32:11.007+0000][1][safepoint    ] Entering safepoint region: Cleanup
[2019-12-09T04:32:11.007+0000][1][safepoint    ] Leaving safepoint region
[2019-12-09T04:32:11.007+0000][1][safepoint    ] Total time for which application threads were stopped: 0.0000689 seconds, Stopping threads took: 0.0000187 seconds
[2019-12-09T04:32:12.007+0000][1][safepoint    ] Application time: 1.0000811 seconds
[2019-12-09T04:32:12.007+0000][1][safepoint    ] Entering safepoint region: Cleanup
[2019-12-09T04:32:12.007+0000][1][safepoint    ] Leaving safepoint region
[2019-12-09T04:32:12.007+0000][1][safepoint    ] Total time for which application threads were stopped: 0.0000745 seconds, Stopping threads took: 0.0000262 seconds
[2019-12-09T04:32:13.007+0000][1][safepoint    ] Application time: 1.0000860 seconds
[2019-12-09T04:32:13.008+0000][1][safepoint    ] Entering safepoint region: Cleanup
[2019-12-09T04:32:13.008+0000][1][safepoint    ] Leaving safepoint region
[2019-12-09T04:32:13.008+0000][1][safepoint    ] Total time for which application threads were stopped: 0.0000854 seconds, Stopping threads took: 0.0000237 seconds
[2019-12-09T04:32:14.008+0000][1][safepoint    ] Application time: 1.0000820 seconds
[2019-12-09T04:32:14.008+0000][1][safepoint    ] Entering safepoint region: Cleanup
[2019-12-09T04:32:14.008+0000][1][safepoint    ] Leaving safepoint region
[2019-12-09T04:32:14.008+0000][1][safepoint    ] Total time for which application threads were stopped: 0.0000649 seconds, Stopping threads took: 0.0000180 seconds
[2019-12-09T04:32:15.008+0000][1][safepoint    ] Application time: 1.0000757 seconds
[2019-12-09T04:32:15.008+0000][1][safepoint    ] Entering safepoint region: Cleanup
[2019-12-09T04:32:15.008+0000][1][safepoint    ] Leaving safepoint region
[2019-12-09T04:32:15.008+0000][1][safepoint    ] Total time for which application threads were stopped: 0.0000646 seconds, Stopping threads took: 0.0000159 seconds
[2019-12-09T04:32:16.008+0000][1][safepoint    ] Application time: 1.0000783 seconds
[2019-12-09T04:32:16.008+0000][1][safepoint    ] Entering safepoint region: Cleanup
[2019-12-09T04:32:16.008+0000][1][safepoint    ] Leaving safepoint region
[2019-12-09T04:32:16.008+0000][1][safepoint    ] Total time for which application threads were stopped: 0.0000644 seconds, Stopping threads took: 0.0000163 seconds
[2019-12-09T04:32:17.008+0000][1][safepoint    ] Application time: 1.0000749 seconds
[2019-12-09T04:32:17.008+0000][1][safepoint    ] Entering safepoint region: Cleanup
[2019-12-09T04:32:17.008+0000][1][safepoint    ] Leaving safepoint region
[2019-12-09T04:32:17.008+0000][1][safepoint    ] Total time for which application threads were stopped: 0.0000631 seconds, Stopping threads took: 0.0000165 seconds
[2019-12-09T04:32:18.008+0000][1][safepoint    ] Application time: 1.0000778 seconds
[2019-12-09T04:32:18.008+0000][1][safepoint    ] Entering safepoint region: Cleanup
[2019-12-09T04:32:18.009+0000][1][safepoint    ] Leaving safepoint region
[2019-12-09T04:32:18.009+0000][1][safepoint    ] Total time for which application threads were stopped: 0.0000658 seconds, Stopping threads took: 0.0000167 seconds
[2019-12-09T04:32:19.009+0000][1][safepoint    ] Application time: 1.0000798 seconds
[2019-12-09T04:32:19.009+0000][1][safepoint    ] Entering safepoint region: Cleanup
[2019-12-09T04:32:19.009+0000][1][safepoint    ] Leaving safepoint region
[2019-12-09T04:32:19.009+0000][1][safepoint    ] Total time for which application threads were stopped: 0.0000796 seconds, Stopping threads took: 0.0000168 seconds
[2019-12-09T04:32:20.009+0000][1][safepoint    ] Application time: 1.0000781 seconds
[2019-12-09T04:32:20.009+0000][1][safepoint    ] Entering safepoint region: Cleanup
[2019-12-09T04:32:20.009+0000][1][safepoint    ] Leaving safepoint region
[2019-12-09T04:32:20.009+0000][1][safepoint    ] Total time for which application threads were stopped: 0.0000623 seconds, Stopping threads took: 0.0000159 seconds
[2019-12-09T04:32:21.009+0000][1][safepoint    ] Application time: 1.0000787 seconds
[2019-12-09T04:32:21.009+0000][1][safepoint    ] Entering safepoint region: Cleanup
[2019-12-09T04:32:21.009+0000][1][safepoint    ] Leaving safepoint region
[2019-12-09T04:32:21.009+0000][1][safepoint    ] Total time for which application threads were stopped: 0.0000636 seconds, Stopping threads took: 0.0000166 seconds
[2019-12-09T04:32:22.009+0000][1][safepoint    ] Application time: 1.0000773 seconds
[2019-12-09T04:32:22.009+0000][1][safepoint    ] Entering safepoint region: Cleanup
[2019-12-09T04:32:22.009+0000][1][safepoint    ] Leaving safepoint region
[2019-12-09T04:32:22.009+0000][1][safepoint    ] Total time for which application threads were stopped: 0.0000719 seconds, Stopping threads took: 0.0000165 seconds
[2019-12-09T04:32:23.009+0000][1][safepoint    ] Application time: 1.0000782 seconds
[2019-12-09T04:32:23.009+0000][1][safepoint    ] Entering safepoint region: Cleanup
[2019-12-09T04:32:23.009+0000][1][safepoint    ] Leaving safepoint region
[2019-12-09T04:32:23.009+0000][1][safepoint    ] Total time for which application threads were stopped: 0.0000691 seconds, Stopping threads took: 0.0000197 seconds
[2019-12-09T04:32:24.010+0000][1][safepoint    ] Application time: 1.0000827 seconds
[2019-12-09T04:32:24.010+0000][1][safepoint    ] Entering safepoint region: Cleanup
[2019-12-09T04:32:24.010+0000][1][safepoint    ] Leaving safepoint region
[2019-12-09T04:32:24.010+0000][1][safepoint    ] Total time for which application threads were stopped: 0.0000904 seconds, Stopping threads took: 0.0000278 seconds
[2019-12-09T04:32:25.010+0000][1][safepoint    ] Application time: 1.0000790 seconds
[2019-12-09T04:32:25.010+0000][1][safepoint    ] Entering safepoint region: Cleanup
[2019-12-09T04:32:25.010+0000][1][safepoint    ] Leaving safepoint region
[2019-12-09T04:32:25.010+0000][1][safepoint    ] Total time for which application threads were stopped: 0.0000668 seconds, Stopping threads took: 0.0000184 seconds
[2019-12-09T04:32:26.010+0000][1][safepoint    ] Application time: 1.0000795 seconds
[2019-12-09T04:32:26.010+0000][1][safepoint    ] Entering safepoint region: Cleanup
[2019-12-09T04:32:26.010+0000][1][safepoint    ] Leaving safepoint region
[2019-12-09T04:32:26.010+0000][1][safepoint    ] Total time for which application threads were stopped: 0.0000705 seconds, Stopping threads took: 0.0000187 seconds
[2019-12-09T04:32:27.083+0000][1][safepoint    ] Application time: 1.0733826 seconds
[2019-12-09T04:32:27.084+0000][1][safepoint    ] Entering safepoint region: Cleanup
[2019-12-09T04:32:27.084+0000][1][safepoint    ] Leaving safepoint region
[2019-12-09T04:32:27.084+0000][1][safepoint    ] Total time for which application threads were stopped: 0.0000667 seconds, Stopping threads took: 0.0000142 seconds
[2019-12-09T04:32:28.084+0000][1][safepoint    ] Application time: 1.0000772 seconds
[2019-12-09T04:32:28.084+0000][1][safepoint    ] Entering safepoint region: Cleanup
[2019-12-09T04:32:28.084+0000][1][safepoint    ] Leaving safepoint region
[2019-12-09T04:32:28.084+0000][1][safepoint    ] Total time for which application threads were stopped: 0.0000591 seconds, Stopping threads took: 0.0000142 seconds
[2019-12-09T04:32:29.084+0000][1][safepoint    ] Application time: 1.0000753 seconds
[2019-12-09T04:32:29.084+0000][1][safepoint    ] Entering safepoint region: Cleanup
[2019-12-09T04:32:29.084+0000][1][safepoint    ] Leaving safepoint region
[2019-12-09T04:32:29.084+0000][1][safepoint    ] Total time for which application threads were stopped: 0.0000688 seconds, Stopping threads took: 0.0000230 seconds
[2019-12-09T04:32:30.084+0000][1][safepoint    ] Application time: 1.0000754 seconds
[2019-12-09T04:32:30.084+0000][1][safepoint    ] Entering safepoint region: Cleanup
[2019-12-09T04:32:30.084+0000][1][safepoint    ] Leaving safepoint region
[2019-12-09T04:32:30.084+0000][1][safepoint    ] Total time for which application threads were stopped: 0.0000609 seconds, Stopping threads took: 0.0000148 seconds
[2019-12-09T04:32:31.084+0000][1][safepoint    ] Application time: 1.0000729 seconds
[2019-12-09T04:32:31.084+0000][1][safepoint    ] Entering safepoint region: Cleanup
[2019-12-09T04:32:31.084+0000][1][safepoint    ] Leaving safepoint region
[2019-12-09T04:32:31.084+0000][1][safepoint    ] Total time for which application threads were stopped: 0.0000596 seconds, Stopping threads took: 0.0000133 seconds
[2019-12-09T04:32:32.084+0000][1][safepoint    ] Application time: 1.0000816 seconds
[2019-12-09T04:32:32.084+0000][1][safepoint    ] Entering safepoint region: Cleanup
[2019-12-09T04:32:32.084+0000][1][safepoint    ] Leaving safepoint region
[2019-12-09T04:32:32.085+0000][1][safepoint    ] Total time for which application threads were stopped: 0.0000669 seconds, Stopping threads took: 0.0000135 seconds
[2019-12-09T04:32:33.085+0000][1][safepoint    ] Application time: 1.0000756 seconds
[2019-12-09T04:32:33.085+0000][1][safepoint    ] Entering safepoint region: Cleanup
[2019-12-09T04:32:33.085+0000][1][safepoint    ] Leaving safepoint region
[2019-12-09T04:32:33.085+0000][1][safepoint    ] Total time for which application threads were stopped: 0.0000709 seconds, Stopping threads took: 0.0000137 seconds
[2019-12-09T04:32:34.085+0000][1][safepoint    ] Application time: 1.0000759 seconds
[2019-12-09T04:32:34.085+0000][1][safepoint    ] Entering safepoint region: Cleanup
[2019-12-09T04:32:34.085+0000][1][safepoint    ] Leaving safepoint region
[2019-12-09T04:32:34.085+0000][1][safepoint    ] Total time for which application threads were stopped: 0.0000605 seconds, Stopping threads took: 0.0000143 seconds
[2019-12-09T04:32:35.085+0000][1][safepoint    ] Application time: 1.0000738 seconds
[2019-12-09T04:32:35.085+0000][1][safepoint    ] Entering safepoint region: Cleanup
[2019-12-09T04:32:35.085+0000][1][safepoint    ] Leaving safepoint region
[2019-12-09T04:32:35.085+0000][1][safepoint    ] Total time for which application threads were stopped: 0.0000637 seconds, Stopping threads took: 0.0000162 seconds
[2019-12-09T04:32:36.085+0000][1][safepoint    ] Application time: 1.0000752 seconds
[2019-12-09T04:32:36.085+0000][1][safepoint    ] Entering safepoint region: Cleanup
[2019-12-09T04:32:36.085+0000][1][safepoint    ] Leaving safepoint region
[2019-12-09T04:32:36.085+0000][1][safepoint    ] Total time for which application threads were stopped: 0.0000618 seconds, Stopping threads took: 0.0000142 seconds
[2019-12-09T04:32:37.085+0000][1][safepoint    ] Application time: 1.0000751 seconds
[2019-12-09T04:32:37.085+0000][1][safepoint    ] Entering safepoint region: Cleanup
[2019-12-09T04:32:37.085+0000][1][safepoint    ] Leaving safepoint region
[2019-12-09T04:32:37.085+0000][1][safepoint    ] Total time for which application threads were stopped: 0.0000624 seconds, Stopping threads took: 0.0000143 seconds
[2019-12-09T04:32:38.086+0000][1][safepoint    ] Application time: 1.0000763 seconds
[2019-12-09T04:32:38.086+0000][1][safepoint    ] Entering safepoint region: Cleanup
[2019-12-09T04:32:38.086+0000][1][safepoint    ] Leaving safepoint region
[2019-12-09T04:32:38.086+0000][1][safepoint    ] Total time for which application threads were stopped: 0.0000615 seconds, Stopping threads took: 0.0000160 seconds
[2019-12-09T04:32:39.086+0000][1][safepoint    ] Application time: 1.0000859 seconds
[2019-12-09T04:32:39.086+0000][1][safepoint    ] Entering safepoint region: Cleanup
[2019-12-09T04:32:39.086+0000][1][safepoint    ] Leaving safepoint region
[2019-12-09T04:32:39.086+0000][1][safepoint    ] Total time for which application threads were stopped: 0.0000607 seconds, Stopping threads took: 0.0000141 seconds
[2019-12-09T04:32:40.086+0000][1][safepoint    ] Application time: 1.0000748 seconds
[2019-12-09T04:32:40.086+0000][1][safepoint    ] Entering safepoint region: Cleanup
[2019-12-09T04:32:40.086+0000][1][safepoint    ] Leaving safepoint region
[2019-12-09T04:32:40.086+0000][1][safepoint    ] Total time for which application threads were stopped: 0.0000622 seconds, Stopping threads took: 0.0000148 seconds
[2019-12-09T04:32:41.086+0000][1][safepoint    ] Application time: 1.0000779 seconds
[2019-12-09T04:32:41.086+0000][1][safepoint    ] Entering safepoint region: Cleanup
[2019-12-09T04:32:41.086+0000][1][safepoint    ] Leaving safepoint region
[2019-12-09T04:32:41.086+0000][1][safepoint    ] Total time for which application threads were stopped: 0.0000623 seconds, Stopping threads took: 0.0000153 seconds
[2019-12-09T04:32:42.086+0000][1][safepoint    ] Application time: 1.0000895 seconds
[2019-12-09T04:32:42.086+0000][1][safepoint    ] Entering safepoint region: Cleanup
[2019-12-09T04:32:42.086+0000][1][safepoint    ] Leaving safepoint region
[2019-12-09T04:32:42.086+0000][1][safepoint    ] Total time for which application threads were stopped: 0.0000641 seconds, Stopping threads took: 0.0000162 seconds
[2019-12-09T04:32:43.086+0000][1][safepoint    ] Application time: 1.0000858 seconds
[2019-12-09T04:32:43.087+0000][1][safepoint    ] Entering safepoint region: Cleanup
[2019-12-09T04:32:43.087+0000][1][safepoint    ] Leaving safepoint region
[2019-12-09T04:32:43.087+0000][1][safepoint    ] Total time for which application threads were stopped: 0.0000806 seconds, Stopping threads took: 0.0000190 seconds
[2019-12-09T04:32:44.087+0000][1][safepoint    ] Application time: 1.0001264 seconds
[2019-12-09T04:32:44.087+0000][1][safepoint    ] Entering safepoint region: Cleanup
[2019-12-09T04:32:44.087+0000][1][safepoint    ] Leaving safepoint region
[2019-12-09T04:32:44.087+0000][1][safepoint    ] Total time for which application threads were stopped: 0.0000664 seconds, Stopping threads took: 0.0000182 seconds
[2019-12-09T04:32:45.087+0000][1][safepoint    ] Application time: 1.0000802 seconds
[2019-12-09T04:32:45.087+0000][1][safepoint    ] Entering safepoint region: Cleanup
[2019-12-09T04:32:45.087+0000][1][safepoint    ] Leaving safepoint region
[2019-12-09T04:32:45.087+0000][1][safepoint    ] Total time for which application threads were stopped: 0.0000648 seconds, Stopping threads took: 0.0000161 seconds
[2019-12-09T04:32:46.087+0000][1][safepoint    ] Application time: 1.0000773 seconds
[2019-12-09T04:32:46.087+0000][1][safepoint    ] Entering safepoint region: Cleanup
[2019-12-09T04:32:46.087+0000][1][safepoint    ] Leaving safepoint region
[2019-12-09T04:32:46.087+0000][1][safepoint    ] Total time for which application threads were stopped: 0.0000644 seconds, Stopping threads took: 0.0000154 seconds
[2019-12-09T04:32:47.087+0000][1][safepoint    ] Application time: 1.0001021 seconds
[2019-12-09T04:32:47.087+0000][1][safepoint    ] Entering safepoint region: Cleanup
[2019-12-09T04:32:47.087+0000][1][safepoint    ] Leaving safepoint region
[2019-12-09T04:32:47.087+0000][1][safepoint    ] Total time for which application threads were stopped: 0.0000722 seconds, Stopping threads took: 0.0000218 seconds
[2019-12-09T04:32:48.088+0000][1][safepoint    ] Application time: 1.0000920 seconds
[2019-12-09T04:32:48.088+0000][1][safepoint    ] Entering safepoint region: Cleanup
[2019-12-09T04:32:48.088+0000][1][safepoint    ] Leaving safepoint region
[2019-12-09T04:32:48.088+0000][1][safepoint    ] Total time for which application threads were stopped: 0.0000666 seconds, Stopping threads took: 0.0000173 seconds
[2019-12-09T04:32:49.088+0000][1][safepoint    ] Application time: 1.0000760 seconds
[2019-12-09T04:32:49.088+0000][1][safepoint    ] Entering safepoint region: Cleanup
[2019-12-09T04:32:49.088+0000][1][safepoint    ] Leaving safepoint region
[2019-12-09T04:32:49.088+0000][1][safepoint    ] Total time for which application threads were stopped: 0.0000649 seconds, Stopping threads took: 0.0000167 seconds
[2019-12-09T04:32:50.088+0000][1][safepoint    ] Application time: 1.0000750 seconds
[2019-12-09T04:32:50.088+0000][1][safepoint    ] Entering safepoint region: Cleanup
[2019-12-09T04:32:50.088+0000][1][safepoint    ] Leaving safepoint region
[2019-12-09T04:32:50.088+0000][1][safepoint    ] Total time for which application threads were stopped: 0.0000634 seconds, Stopping threads took: 0.0000172 seconds
[2019-12-09T04:32:51.088+0000][1][safepoint    ] Application time: 1.0000763 seconds
[2019-12-09T04:32:51.088+0000][1][safepoint    ] Entering safepoint region: Cleanup
[2019-12-09T04:32:51.088+0000][1][safepoint    ] Leaving safepoint region
[2019-12-09T04:32:51.088+0000][1][safepoint    ] Total time for which application threads were stopped: 0.0000661 seconds, Stopping threads took: 0.0000182 seconds
[2019-12-09T04:32:52.088+0000][1][safepoint    ] Application time: 1.0000861 seconds
[2019-12-09T04:32:52.088+0000][1][safepoint    ] Entering safepoint region: Cleanup
[2019-12-09T04:32:52.088+0000][1][safepoint    ] Leaving safepoint region
[2019-12-09T04:32:52.088+0000][1][safepoint    ] Total time for which application threads were stopped: 0.0001031 seconds, Stopping threads took: 0.0000494 seconds
[2019-12-09T04:32:53.089+0000][1][safepoint    ] Application time: 1.0000843 seconds
[2019-12-09T04:32:53.089+0000][1][safepoint    ] Entering safepoint region: Cleanup
[2019-12-09T04:32:53.089+0000][1][safepoint    ] Leaving safepoint region
[2019-12-09T04:32:53.089+0000][1][safepoint    ] Total time for which application threads were stopped: 0.0000668 seconds, Stopping threads took: 0.0000165 seconds
[2019-12-09T04:32:54.089+0000][1][safepoint    ] Application time: 1.0000768 seconds
[2019-12-09T04:32:54.089+0000][1][safepoint    ] Entering safepoint region: Cleanup
[2019-12-09T04:32:54.089+0000][1][safepoint    ] Leaving safepoint region
[2019-12-09T04:32:54.089+0000][1][safepoint    ] Total time for which application threads were stopped: 0.0000687 seconds, Stopping threads took: 0.0000192 seconds
[2019-12-09T04:32:55.089+0000][1][safepoint    ] Application time: 1.0000769 seconds
[2019-12-09T04:32:55.089+0000][1][safepoint    ] Entering safepoint region: Cleanup
[2019-12-09T04:32:55.089+0000][1][safepoint    ] Leaving safepoint region
[2019-12-09T04:32:55.089+0000][1][safepoint    ] Total time for which application threads were stopped: 0.0000657 seconds, Stopping threads took: 0.0000169 seconds
[2019-12-09T04:32:56.357+0000][1][safepoint    ] Application time: 1.2679164 seconds
[2019-12-09T04:32:56.357+0000][1][safepoint    ] Entering safepoint region: Cleanup
[2019-12-09T04:32:56.357+0000][1][safepoint    ] Leaving safepoint region
[2019-12-09T04:32:56.357+0000][1][safepoint    ] Total time for which application threads were stopped: 0.0000651 seconds, Stopping threads took: 0.0000170 seconds
[2019-12-09T04:32:57.357+0000][1][safepoint    ] Application time: 1.0000814 seconds
[2019-12-09T04:32:57.357+0000][1][safepoint    ] Entering safepoint region: Cleanup
[2019-12-09T04:32:57.357+0000][1][safepoint    ] Leaving safepoint region
[2019-12-09T04:32:57.357+0000][1][safepoint    ] Total time for which application threads were stopped: 0.0000796 seconds, Stopping threads took: 0.0000232 seconds
[2019-12-09T04:32:58.357+0000][1][safepoint    ] Application time: 1.0000821 seconds
[2019-12-09T04:32:58.357+0000][1][safepoint    ] Entering safepoint region: Cleanup
[2019-12-09T04:32:58.357+0000][1][safepoint    ] Leaving safepoint region
[2019-12-09T04:32:58.357+0000][1][safepoint    ] Total time for which application threads were stopped: 0.0000867 seconds, Stopping threads took: 0.0000237 seconds
[2019-12-09T04:32:59.358+0000][1][safepoint    ] Application time: 1.0000803 seconds
[2019-12-09T04:32:59.358+0000][1][safepoint    ] Entering safepoint region: Cleanup
[2019-12-09T04:32:59.358+0000][1][safepoint    ] Leaving safepoint region
[2019-12-09T04:32:59.358+0000][1][safepoint    ] Total time for which application threads were stopped: 0.0001238 seconds, Stopping threads took: 0.0000444 seconds
[2019-12-09T04:33:00.358+0000][1][safepoint    ] Application time: 1.0000809 seconds
[2019-12-09T04:33:00.358+0000][1][safepoint    ] Entering safepoint region: Cleanup
[2019-12-09T04:33:00.358+0000][1][safepoint    ] Leaving safepoint region
[2019-12-09T04:33:00.358+0000][1][safepoint    ] Total time for which application threads were stopped: 0.0000878 seconds, Stopping threads took: 0.0000233 seconds
[2019-12-09T04:33:01.360+0000][1][safepoint    ] Application time: 1.0017436 seconds
[2019-12-09T04:33:01.360+0000][1][safepoint    ] Entering safepoint region: Cleanup
[2019-12-09T04:33:01.360+0000][1][safepoint    ] Leaving safepoint region
[2019-12-09T04:33:01.360+0000][1][safepoint    ] Total time for which application threads were stopped: 0.0000662 seconds, Stopping threads took: 0.0000186 seconds
[2019-12-09T04:33:02.360+0000][1][safepoint    ] Application time: 1.0000866 seconds
[2019-12-09T04:33:02.360+0000][1][safepoint    ] Entering safepoint region: Cleanup
[2019-12-09T04:33:02.360+0000][1][safepoint    ] Leaving safepoint region
[2019-12-09T04:33:02.360+0000][1][safepoint    ] Total time for which application threads were stopped: 0.0000863 seconds, Stopping threads took: 0.0000217 seconds
[2019-12-09T04:33:03.360+0000][1][safepoint    ] Application time: 1.0000848 seconds
[2019-12-09T04:33:03.360+0000][1][safepoint    ] Entering safepoint region: Cleanup
[2019-12-09T04:33:03.360+0000][1][safepoint    ] Leaving safepoint region
[2019-12-09T04:33:03.360+0000][1][safepoint    ] Total time for which application threads were stopped: 0.0000804 seconds, Stopping threads took: 0.0000263 seconds
[2019-12-09T04:33:04.360+0000][1][safepoint    ] Application time: 1.0000816 seconds
[2019-12-09T04:33:04.360+0000][1][safepoint    ] Entering safepoint region: Cleanup
[2019-12-09T04:33:04.360+0000][1][safepoint    ] Leaving safepoint region
[2019-12-09T04:33:04.360+0000][1][safepoint    ] Total time for which application threads were stopped: 0.0000851 seconds, Stopping threads took: 0.0000229 seconds
[2019-12-09T04:33:05.361+0000][1][safepoint    ] Application time: 1.0000812 seconds
[2019-12-09T04:33:05.361+0000][1][safepoint    ] Entering safepoint region: Cleanup
[2019-12-09T04:33:05.361+0000][1][safepoint    ] Leaving safepoint region
[2019-12-09T04:33:05.361+0000][1][safepoint    ] Total time for which application threads were stopped: 0.0001170 seconds, Stopping threads took: 0.0000354 seconds
[2019-12-09T04:33:06.361+0000][1][safepoint    ] Application time: 1.0000789 seconds
[2019-12-09T04:33:06.361+0000][1][safepoint    ] Entering safepoint region: Cleanup
[2019-12-09T04:33:06.361+0000][1][safepoint    ] Leaving safepoint region
[2019-12-09T04:33:06.361+0000][1][safepoint    ] Total time for which application threads were stopped: 0.0000862 seconds, Stopping threads took: 0.0000222 seconds
[2019-12-09T04:33:07.361+0000][1][safepoint    ] Application time: 1.0000797 seconds
[2019-12-09T04:33:07.361+0000][1][safepoint    ] Entering safepoint region: Cleanup
[2019-12-09T04:33:07.361+0000][1][safepoint    ] Leaving safepoint region
[2019-12-09T04:33:07.361+0000][1][safepoint    ] Total time for which application threads were stopped: 0.0000652 seconds, Stopping threads took: 0.0000170 seconds
[2019-12-09T04:33:08.361+0000][1][safepoint    ] Application time: 1.0001041 seconds
[2019-12-09T04:33:08.361+0000][1][safepoint    ] Entering safepoint region: Cleanup
[2019-12-09T04:33:08.361+0000][1][safepoint    ] Leaving safepoint region
[2019-12-09T04:33:08.361+0000][1][safepoint    ] Total time for which application threads were stopped: 0.0000639 seconds, Stopping threads took: 0.0000157 seconds
[2019-12-09T04:33:09.361+0000][1][safepoint    ] Application time: 1.0000839 seconds
[2019-12-09T04:33:09.362+0000][1][safepoint    ] Entering safepoint region: Cleanup
[2019-12-09T04:33:09.362+0000][1][safepoint    ] Leaving safepoint region
[2019-12-09T04:33:09.362+0000][1][safepoint    ] Total time for which application threads were stopped: 0.0000991 seconds, Stopping threads took: 0.0000341 seconds
[2019-12-09T04:33:10.362+0000][1][safepoint    ] Application time: 1.0000822 seconds
[2019-12-09T04:33:10.362+0000][1][safepoint    ] Entering safepoint region: Cleanup
[2019-12-09T04:33:10.362+0000][1][safepoint    ] Leaving safepoint region
[2019-12-09T04:33:10.362+0000][1][safepoint    ] Total time for which application threads were stopped: 0.0000670 seconds, Stopping threads took: 0.0000186 seconds
[2019-12-09T04:33:11.362+0000][1][safepoint    ] Application time: 1.0000741 seconds
[2019-12-09T04:33:11.362+0000][1][safepoint    ] Entering safepoint region: Cleanup
[2019-12-09T04:33:11.362+0000][1][safepoint    ] Leaving safepoint region
[2019-12-09T04:33:11.362+0000][1][safepoint    ] Total time for which application threads were stopped: 0.0000653 seconds, Stopping threads took: 0.0000167 seconds
[2019-12-09T04:33:13.147+0000][1][safepoint    ] Application time: 1.7846669 seconds
[2019-12-09T04:33:13.147+0000][1][safepoint    ] Entering safepoint region: Cleanup
[2019-12-09T04:33:13.147+0000][1][safepoint    ] Leaving safepoint region
[2019-12-09T04:33:13.147+0000][1][safepoint    ] Total time for which application threads were stopped: 0.0000718 seconds, Stopping threads took: 0.0000178 seconds
[2019-12-09T04:33:14.147+0000][1][safepoint    ] Application time: 1.0000760 seconds
[2019-12-09T04:33:14.147+0000][1][safepoint    ] Entering safepoint region: Cleanup
[2019-12-09T04:33:14.147+0000][1][safepoint    ] Leaving safepoint region
[2019-12-09T04:33:14.147+0000][1][safepoint    ] Total time for which application threads were stopped: 0.0000608 seconds, Stopping threads took: 0.0000166 seconds
[2019-12-09T04:33:15.147+0000][1][safepoint    ] Application time: 1.0000746 seconds
[2019-12-09T04:33:15.147+0000][1][safepoint    ] Entering safepoint region: Cleanup
[2019-12-09T04:33:15.147+0000][1][safepoint    ] Leaving safepoint region
[2019-12-09T04:33:15.147+0000][1][safepoint    ] Total time for which application threads were stopped: 0.0000616 seconds, Stopping threads took: 0.0000149 seconds
[2019-12-09T04:33:16.147+0000][1][safepoint    ] Application time: 1.0000753 seconds
[2019-12-09T04:33:16.147+0000][1][safepoint    ] Entering safepoint region: Cleanup
[2019-12-09T04:33:16.147+0000][1][safepoint    ] Leaving safepoint region
[2019-12-09T04:33:16.147+0000][1][safepoint    ] Total time for which application threads were stopped: 0.0000636 seconds, Stopping threads took: 0.0000173 seconds
[2019-12-09T04:33:17.147+0000][1][safepoint    ] Application time: 1.0000751 seconds
[2019-12-09T04:33:17.147+0000][1][safepoint    ] Entering safepoint region: Cleanup
[2019-12-09T04:33:17.147+0000][1][safepoint    ] Leaving safepoint region
[2019-12-09T04:33:17.147+0000][1][safepoint    ] Total time for which application threads were stopped: 0.0000571 seconds, Stopping threads took: 0.0000131 seconds
[2019-12-09T04:33:18.148+0000][1][safepoint    ] Application time: 1.0000760 seconds
[2019-12-09T04:33:18.148+0000][1][safepoint    ] Entering safepoint region: Cleanup
[2019-12-09T04:33:18.148+0000][1][safepoint    ] Leaving safepoint region
[2019-12-09T04:33:18.148+0000][1][safepoint    ] Total time for which application threads were stopped: 0.0000594 seconds, Stopping threads took: 0.0000154 seconds
[2019-12-09T04:33:19.148+0000][1][safepoint    ] Application time: 1.0000749 seconds
[2019-12-09T04:33:19.148+0000][1][safepoint    ] Entering safepoint region: Cleanup
[2019-12-09T04:33:19.148+0000][1][safepoint    ] Leaving safepoint region
[2019-12-09T04:33:19.148+0000][1][safepoint    ] Total time for which application threads were stopped: 0.0000616 seconds, Stopping threads took: 0.0000175 seconds
[2019-12-09T04:33:20.148+0000][1][safepoint    ] Application time: 1.0000737 seconds
[2019-12-09T04:33:20.148+0000][1][safepoint    ] Entering safepoint region: Cleanup
[2019-12-09T04:33:20.148+0000][1][safepoint    ] Leaving safepoint region
[2019-12-09T04:33:20.148+0000][1][safepoint    ] Total time for which application threads were stopped: 0.0000615 seconds, Stopping threads took: 0.0000170 seconds
[2019-12-09T04:33:21.148+0000][1][safepoint    ] Application time: 1.0000761 seconds
[2019-12-09T04:33:21.148+0000][1][safepoint    ] Entering safepoint region: Cleanup
[2019-12-09T04:33:21.148+0000][1][safepoint    ] Leaving safepoint region
[2019-12-09T04:33:21.148+0000][1][safepoint    ] Total time for which application threads were stopped: 0.0000595 seconds, Stopping threads took: 0.0000154 seconds
[2019-12-09T04:33:21.367+0000][1][safepoint    ] Application time: 0.2191128 seconds
[2019-12-09T04:33:21.367+0000][1][safepoint    ] Entering safepoint region: GenCollectForAllocation
[2019-12-09T04:33:21.367+0000][1][gc,start     ] GC(44) Pause Young (Allocation Failure)
[2019-12-09T04:33:21.367+0000][1][gc,task      ] GC(44) Using 2 workers of 2 for evacuation
[2019-12-09T04:33:21.369+0000][1][gc,age       ] GC(44) Desired survivor size 4456448 bytes, new threshold 6 (max threshold 6)
[2019-12-09T04:33:21.369+0000][1][gc,age       ] GC(44) Age table with threshold 6 (max threshold 6)
[2019-12-09T04:33:21.369+0000][1][gc,age       ] GC(44) - age   1:       3328 bytes,       3328 total
[2019-12-09T04:33:21.369+0000][1][gc,age       ] GC(44) - age   2:       3608 bytes,       6936 total
[2019-12-09T04:33:21.369+0000][1][gc,age       ] GC(44) - age   3:       3912 bytes,      10848 total
[2019-12-09T04:33:21.369+0000][1][gc,age       ] GC(44) - age   4:        232 bytes,      11080 total
[2019-12-09T04:33:21.369+0000][1][gc,age       ] GC(44) - age   5:       1928 bytes,      13008 total
[2019-12-09T04:33:21.369+0000][1][gc,heap      ] GC(44) ParNew: 69918K->18K(78656K)
[2019-12-09T04:33:21.369+0000][1][gc,heap      ] GC(44) CMS: 69324K->69324K(174784K)
[2019-12-09T04:33:21.369+0000][1][gc,metaspace ] GC(44) Metaspace: 68442K->68442K(1112064K)
[2019-12-09T04:33:21.369+0000][1][gc           ] GC(44) Pause Young (Allocation Failure) 135M->67M(247M) 1.603ms
[2019-12-09T04:33:21.369+0000][1][gc,cpu       ] GC(44) User=0.00s Sys=0.00s Real=0.00s
[2019-12-09T04:33:21.369+0000][1][safepoint    ] Leaving safepoint region
[2019-12-09T04:33:21.369+0000][1][safepoint    ] Total time for which application threads were stopped: 0.0017656 seconds, Stopping threads took: 0.0000206 seconds
[2019-12-09T04:33:22.369+0000][1][safepoint    ] Application time: 1.0000916 seconds
[2019-12-09T04:33:22.369+0000][1][safepoint    ] Entering safepoint region: Cleanup
[2019-12-09T04:33:22.369+0000][1][safepoint    ] Leaving safepoint region
[2019-12-09T04:33:22.369+0000][1][safepoint    ] Total time for which application threads were stopped: 0.0000703 seconds, Stopping threads took: 0.0000184 seconds
[2019-12-09T04:33:23.369+0000][1][safepoint    ] Application time: 1.0000798 seconds
[2019-12-09T04:33:23.369+0000][1][safepoint    ] Entering safepoint region: Cleanup
[2019-12-09T04:33:23.369+0000][1][safepoint    ] Leaving safepoint region
[2019-12-09T04:33:23.369+0000][1][safepoint    ] Total time for which application threads were stopped: 0.0000628 seconds, Stopping threads took: 0.0000160 seconds
[2019-12-09T04:33:24.370+0000][1][safepoint    ] Application time: 1.0000767 seconds
[2019-12-09T04:33:24.370+0000][1][safepoint    ] Entering safepoint region: Cleanup
[2019-12-09T04:33:24.370+0000][1][safepoint    ] Leaving safepoint region
[2019-12-09T04:33:24.370+0000][1][safepoint    ] Total time for which application threads were stopped: 0.0000626 seconds, Stopping threads took: 0.0000173 seconds
[2019-12-09T04:33:25.370+0000][1][safepoint    ] Application time: 1.0000908 seconds
[2019-12-09T04:33:25.370+0000][1][safepoint    ] Entering safepoint region: Cleanup
[2019-12-09T04:33:25.370+0000][1][safepoint    ] Leaving safepoint region
[2019-12-09T04:33:25.370+0000][1][safepoint    ] Total time for which application threads were stopped: 0.0000641 seconds, Stopping threads took: 0.0000160 seconds
[2019-12-09T04:33:26.370+0000][1][safepoint    ] Application time: 1.0000778 seconds
[2019-12-09T04:33:26.370+0000][1][safepoint    ] Entering safepoint region: Cleanup
[2019-12-09T04:33:26.370+0000][1][safepoint    ] Leaving safepoint region
[2019-12-09T04:33:26.370+0000][1][safepoint    ] Total time for which application threads were stopped: 0.0000689 seconds, Stopping threads took: 0.0000178 seconds
[2019-12-09T04:33:27.370+0000][1][safepoint    ] Application time: 1.0000800 seconds
[2019-12-09T04:33:27.370+0000][1][safepoint    ] Entering safepoint region: Cleanup
[2019-12-09T04:33:27.370+0000][1][safepoint    ] Leaving safepoint region
[2019-12-09T04:33:27.370+0000][1][safepoint    ] Total time for which application threads were stopped: 0.0000668 seconds, Stopping threads took: 0.0000167 seconds
[2019-12-09T04:33:28.370+0000][1][safepoint    ] Application time: 1.0000808 seconds
[2019-12-09T04:33:28.370+0000][1][safepoint    ] Entering safepoint region: Cleanup
[2019-12-09T04:33:28.370+0000][1][safepoint    ] Leaving safepoint region
[2019-12-09T04:33:28.370+0000][1][safepoint    ] Total time for which application threads were stopped: 0.0000671 seconds, Stopping threads took: 0.0000173 seconds
[2019-12-09T04:33:29.370+0000][1][safepoint    ] Application time: 1.0000836 seconds
[2019-12-09T04:33:29.371+0000][1][safepoint    ] Entering safepoint region: Cleanup
[2019-12-09T04:33:29.371+0000][1][safepoint    ] Leaving safepoint region
[2019-12-09T04:33:29.371+0000][1][safepoint    ] Total time for which application threads were stopped: 0.0000987 seconds, Stopping threads took: 0.0000224 seconds
[2019-12-09T04:33:30.371+0000][1][safepoint    ] Application time: 1.0001109 seconds
[2019-12-09T04:33:30.371+0000][1][safepoint    ] Entering safepoint region: Cleanup
[2019-12-09T04:33:30.371+0000][1][safepoint    ] Leaving safepoint region
[2019-12-09T04:33:30.371+0000][1][safepoint    ] Total time for which application threads were stopped: 0.0000844 seconds, Stopping threads took: 0.0000217 seconds
[2019-12-09T04:33:31.371+0000][1][safepoint    ] Application time: 1.0000801 seconds
[2019-12-09T04:33:31.371+0000][1][safepoint    ] Entering safepoint region: Cleanup
[2019-12-09T04:33:31.371+0000][1][safepoint    ] Leaving safepoint region
[2019-12-09T04:33:31.371+0000][1][safepoint    ] Total time for which application threads were stopped: 0.0001078 seconds, Stopping threads took: 0.0000214 seconds
[2019-12-09T04:33:32.371+0000][1][safepoint    ] Application time: 1.0000516 seconds
[2019-12-09T04:33:32.371+0000][1][safepoint    ] Entering safepoint region: Cleanup
[2019-12-09T04:33:32.371+0000][1][safepoint    ] Leaving safepoint region
[2019-12-09T04:33:32.371+0000][1][safepoint    ] Total time for which application threads were stopped: 0.0000906 seconds, Stopping threads took: 0.0000215 seconds
[2019-12-09T04:33:33.371+0000][1][safepoint    ] Application time: 1.0000747 seconds
[2019-12-09T04:33:33.371+0000][1][safepoint    ] Entering safepoint region: Cleanup
[2019-12-09T04:33:33.371+0000][1][safepoint    ] Leaving safepoint region
[2019-12-09T04:33:33.371+0000][1][safepoint    ] Total time for which application threads were stopped: 0.0000663 seconds, Stopping threads took: 0.0000181 seconds
[2019-12-09T04:33:34.372+0000][1][safepoint    ] Application time: 1.0000727 seconds
[2019-12-09T04:33:34.372+0000][1][safepoint    ] Entering safepoint region: Cleanup
[2019-12-09T04:33:34.372+0000][1][safepoint    ] Leaving safepoint region
[2019-12-09T04:33:34.372+0000][1][safepoint    ] Total time for which application threads were stopped: 0.0000656 seconds, Stopping threads took: 0.0000169 seconds
[2019-12-09T04:33:35.372+0000][1][safepoint    ] Application time: 1.0000765 seconds
[2019-12-09T04:33:35.372+0000][1][safepoint    ] Entering safepoint region: Cleanup
[2019-12-09T04:33:35.372+0000][1][safepoint    ] Leaving safepoint region
[2019-12-09T04:33:35.372+0000][1][safepoint    ] Total time for which application threads were stopped: 0.0000650 seconds, Stopping threads took: 0.0000183 seconds
[2019-12-09T04:33:36.372+0000][1][safepoint    ] Application time: 1.0000762 seconds
[2019-12-09T04:33:36.372+0000][1][safepoint    ] Entering safepoint region: Cleanup
[2019-12-09T04:33:36.372+0000][1][safepoint    ] Leaving safepoint region
[2019-12-09T04:33:36.372+0000][1][safepoint    ] Total time for which application threads were stopped: 0.0000633 seconds, Stopping threads took: 0.0000161 seconds
[2019-12-09T04:33:37.372+0000][1][safepoint    ] Application time: 1.0000746 seconds
[2019-12-09T04:33:37.372+0000][1][safepoint    ] Entering safepoint region: Cleanup
[2019-12-09T04:33:37.372+0000][1][safepoint    ] Leaving safepoint region
[2019-12-09T04:33:37.372+0000][1][safepoint    ] Total time for which application threads were stopped: 0.0000620 seconds, Stopping threads took: 0.0000153 seconds
[2019-12-09T04:33:38.372+0000][1][safepoint    ] Application time: 1.0000759 seconds
[2019-12-09T04:33:38.372+0000][1][safepoint    ] Entering safepoint region: Cleanup
[2019-12-09T04:33:38.372+0000][1][safepoint    ] Leaving safepoint region
[2019-12-09T04:33:38.372+0000][1][safepoint    ] Total time for which application threads were stopped: 0.0000623 seconds, Stopping threads took: 0.0000159 seconds
[2019-12-09T04:33:39.372+0000][1][safepoint    ] Application time: 1.0000749 seconds
[2019-12-09T04:33:39.373+0000][1][safepoint    ] Entering safepoint region: Cleanup
[2019-12-09T04:33:39.373+0000][1][safepoint    ] Leaving safepoint region
[2019-12-09T04:33:39.373+0000][1][safepoint    ] Total time for which application threads were stopped: 0.0000842 seconds, Stopping threads took: 0.0000239 seconds
[2019-12-09T04:33:40.373+0000][1][safepoint    ] Application time: 1.0000747 seconds
[2019-12-09T04:33:40.373+0000][1][safepoint    ] Entering safepoint region: Cleanup
[2019-12-09T04:33:40.373+0000][1][safepoint    ] Leaving safepoint region
[2019-12-09T04:33:40.373+0000][1][safepoint    ] Total time for which application threads were stopped: 0.0000636 seconds, Stopping threads took: 0.0000170 seconds
[2019-12-09T04:33:41.373+0000][1][safepoint    ] Application time: 1.0000779 seconds
[2019-12-09T04:33:41.373+0000][1][safepoint    ] Entering safepoint region: Cleanup
[2019-12-09T04:33:41.373+0000][1][safepoint    ] Leaving safepoint region
[2019-12-09T04:33:41.373+0000][1][safepoint    ] Total time for which application threads were stopped: 0.0000624 seconds, Stopping threads took: 0.0000156 seconds
[2019-12-09T04:33:42.373+0000][1][safepoint    ] Application time: 1.0000747 seconds
[2019-12-09T04:33:42.373+0000][1][safepoint    ] Entering safepoint region: Cleanup
[2019-12-09T04:33:42.373+0000][1][safepoint    ] Leaving safepoint region
[2019-12-09T04:33:42.373+0000][1][safepoint    ] Total time for which application threads were stopped: 0.0000649 seconds, Stopping threads took: 0.0000165 seconds
[2019-12-09T04:33:43.373+0000][1][safepoint    ] Application time: 1.0000767 seconds
[2019-12-09T04:33:43.373+0000][1][safepoint    ] Entering safepoint region: Cleanup
[2019-12-09T04:33:43.373+0000][1][safepoint    ] Leaving safepoint region
[2019-12-09T04:33:43.373+0000][1][safepoint    ] Total time for which application threads were stopped: 0.0000609 seconds, Stopping threads took: 0.0000162 seconds
[2019-12-09T04:33:44.373+0000][1][safepoint    ] Application time: 1.0000764 seconds
[2019-12-09T04:33:44.373+0000][1][safepoint    ] Entering safepoint region: Cleanup
[2019-12-09T04:33:44.374+0000][1][safepoint    ] Leaving safepoint region
[2019-12-09T04:33:44.374+0000][1][safepoint    ] Total time for which application threads were stopped: 0.0000660 seconds, Stopping threads took: 0.0000175 seconds
[2019-12-09T04:33:45.374+0000][1][safepoint    ] Application time: 1.0000730 seconds
[2019-12-09T04:33:45.374+0000][1][safepoint    ] Entering safepoint region: Cleanup
[2019-12-09T04:33:45.374+0000][1][safepoint    ] Leaving safepoint region
[2019-12-09T04:33:45.374+0000][1][safepoint    ] Total time for which application threads were stopped: 0.0000852 seconds, Stopping threads took: 0.0000174 seconds
[2019-12-09T04:33:46.374+0000][1][safepoint    ] Application time: 1.0000756 seconds
[2019-12-09T04:33:46.374+0000][1][safepoint    ] Entering safepoint region: Cleanup
[2019-12-09T04:33:46.374+0000][1][safepoint    ] Leaving safepoint region
[2019-12-09T04:33:46.374+0000][1][safepoint    ] Total time for which application threads were stopped: 0.0000622 seconds, Stopping threads took: 0.0000157 seconds
[2019-12-09T04:33:47.374+0000][1][safepoint    ] Application time: 1.0000757 seconds
[2019-12-09T04:33:47.374+0000][1][safepoint    ] Entering safepoint region: Cleanup
[2019-12-09T04:33:47.374+0000][1][safepoint    ] Leaving safepoint region
[2019-12-09T04:33:47.374+0000][1][safepoint    ] Total time for which application threads were stopped: 0.0000639 seconds, Stopping threads took: 0.0000172 seconds
[2019-12-09T04:33:48.374+0000][1][safepoint    ] Application time: 1.0000760 seconds
[2019-12-09T04:33:48.374+0000][1][safepoint    ] Entering safepoint region: Cleanup
[2019-12-09T04:33:48.374+0000][1][safepoint    ] Leaving safepoint region
[2019-12-09T04:33:48.374+0000][1][safepoint    ] Total time for which application threads were stopped: 0.0000625 seconds, Stopping threads took: 0.0000174 seconds
[2019-12-09T04:33:49.387+0000][1][safepoint    ] Application time: 1.0128057 seconds
[2019-12-09T04:33:49.387+0000][1][safepoint    ] Entering safepoint region: Cleanup
[2019-12-09T04:33:49.387+0000][1][safepoint    ] Leaving safepoint region
[2019-12-09T04:33:49.387+0000][1][safepoint    ] Total time for which application threads were stopped: 0.0000589 seconds, Stopping threads took: 0.0000165 seconds
[2019-12-09T04:33:50.387+0000][1][safepoint    ] Application time: 1.0000750 seconds
[2019-12-09T04:33:50.387+0000][1][safepoint    ] Entering safepoint region: Cleanup
[2019-12-09T04:33:50.387+0000][1][safepoint    ] Leaving safepoint region
[2019-12-09T04:33:50.387+0000][1][safepoint    ] Total time for which application threads were stopped: 0.0000571 seconds, Stopping threads took: 0.0000147 seconds
[2019-12-09T04:33:51.387+0000][1][safepoint    ] Application time: 1.0000746 seconds
[2019-12-09T04:33:51.387+0000][1][safepoint    ] Entering safepoint region: Cleanup
[2019-12-09T04:33:51.387+0000][1][safepoint    ] Leaving safepoint region
[2019-12-09T04:33:51.387+0000][1][safepoint    ] Total time for which application threads were stopped: 0.0000595 seconds, Stopping threads took: 0.0000154 seconds
[2019-12-09T04:33:52.388+0000][1][safepoint    ] Application time: 1.0000767 seconds
[2019-12-09T04:33:52.388+0000][1][safepoint    ] Entering safepoint region: Cleanup
[2019-12-09T04:33:52.388+0000][1][safepoint    ] Leaving safepoint region
[2019-12-09T04:33:52.388+0000][1][safepoint    ] Total time for which application threads were stopped: 0.0000632 seconds, Stopping threads took: 0.0000176 seconds
[2019-12-09T04:33:53.388+0000][1][safepoint    ] Application time: 1.0000756 seconds
[2019-12-09T04:33:53.388+0000][1][safepoint    ] Entering safepoint region: Cleanup
[2019-12-09T04:33:53.388+0000][1][safepoint    ] Leaving safepoint region
[2019-12-09T04:33:53.388+0000][1][safepoint    ] Total time for which application threads were stopped: 0.0000623 seconds, Stopping threads took: 0.0000160 seconds
[2019-12-09T04:33:54.388+0000][1][safepoint    ] Application time: 1.0000751 seconds
[2019-12-09T04:33:54.388+0000][1][safepoint    ] Entering safepoint region: Cleanup
[2019-12-09T04:33:54.388+0000][1][safepoint    ] Leaving safepoint region
[2019-12-09T04:33:54.388+0000][1][safepoint    ] Total time for which application threads were stopped: 0.0000640 seconds, Stopping threads took: 0.0000183 seconds
[2019-12-09T04:33:55.388+0000][1][safepoint    ] Application time: 1.0000753 seconds
[2019-12-09T04:33:55.388+0000][1][safepoint    ] Entering safepoint region: Cleanup
[2019-12-09T04:33:55.388+0000][1][safepoint    ] Leaving safepoint region
[2019-12-09T04:33:55.388+0000][1][safepoint    ] Total time for which application threads were stopped: 0.0000617 seconds, Stopping threads took: 0.0000158 seconds
[2019-12-09T04:33:56.388+0000][1][safepoint    ] Application time: 1.0000759 seconds
[2019-12-09T04:33:56.388+0000][1][safepoint    ] Entering safepoint region: Cleanup
[2019-12-09T04:33:56.388+0000][1][safepoint    ] Leaving safepoint region
[2019-12-09T04:33:56.388+0000][1][safepoint    ] Total time for which application threads were stopped: 0.0000697 seconds, Stopping threads took: 0.0000207 seconds
[2019-12-09T04:33:57.389+0000][1][safepoint    ] Application time: 1.0000758 seconds
[2019-12-09T04:33:57.389+0000][1][safepoint    ] Entering safepoint region: Cleanup
[2019-12-09T04:33:57.389+0000][1][safepoint    ] Leaving safepoint region
[2019-12-09T04:33:57.389+0000][1][safepoint    ] Total time for which application threads were stopped: 0.0000616 seconds, Stopping threads took: 0.0000159 seconds
[2019-12-09T04:33:58.389+0000][1][safepoint    ] Application time: 1.0000826 seconds
[2019-12-09T04:33:58.389+0000][1][safepoint    ] Entering safepoint region: Cleanup
[2019-12-09T04:33:58.389+0000][1][safepoint    ] Leaving safepoint region
[2019-12-09T04:33:58.389+0000][1][safepoint    ] Total time for which application threads were stopped: 0.0000620 seconds, Stopping threads took: 0.0000149 seconds
[2019-12-09T04:33:59.389+0000][1][safepoint    ] Application time: 1.0000757 seconds
[2019-12-09T04:33:59.389+0000][1][safepoint    ] Entering safepoint region: Cleanup
[2019-12-09T04:33:59.389+0000][1][safepoint    ] Leaving safepoint region
[2019-12-09T04:33:59.389+0000][1][safepoint    ] Total time for which application threads were stopped: 0.0000593 seconds, Stopping threads took: 0.0000148 seconds
[2019-12-09T04:34:00.389+0000][1][safepoint    ] Application time: 1.0000773 seconds
[2019-12-09T04:34:00.389+0000][1][safepoint    ] Entering safepoint region: Cleanup
[2019-12-09T04:34:00.389+0000][1][safepoint    ] Leaving safepoint region
[2019-12-09T04:34:00.389+0000][1][safepoint    ] Total time for which application threads were stopped: 0.0000594 seconds, Stopping threads took: 0.0000148 seconds
[2019-12-09T04:34:01.389+0000][1][safepoint    ] Application time: 1.0000759 seconds
[2019-12-09T04:34:01.389+0000][1][safepoint    ] Entering safepoint region: Cleanup
[2019-12-09T04:34:01.389+0000][1][safepoint    ] Leaving safepoint region
[2019-12-09T04:34:01.389+0000][1][safepoint    ] Total time for which application threads were stopped: 0.0000606 seconds, Stopping threads took: 0.0000146 seconds
[2019-12-09T04:34:02.389+0000][1][safepoint    ] Application time: 1.0000782 seconds
[2019-12-09T04:34:02.389+0000][1][safepoint    ] Entering safepoint region: Cleanup
[2019-12-09T04:34:02.389+0000][1][safepoint    ] Leaving safepoint region
[2019-12-09T04:34:02.390+0000][1][safepoint    ] Total time for which application threads were stopped: 0.0000640 seconds, Stopping threads took: 0.0000153 seconds
[2019-12-09T04:34:03.390+0000][1][safepoint    ] Application time: 1.0000752 seconds
[2019-12-09T04:34:03.390+0000][1][safepoint    ] Entering safepoint region: Cleanup
[2019-12-09T04:34:03.390+0000][1][safepoint    ] Leaving safepoint region
[2019-12-09T04:34:03.390+0000][1][safepoint    ] Total time for which application threads were stopped: 0.0000813 seconds, Stopping threads took: 0.0000245 seconds
[2019-12-09T04:34:04.390+0000][1][safepoint    ] Application time: 1.0000768 seconds
[2019-12-09T04:34:04.390+0000][1][safepoint    ] Entering safepoint region: Cleanup
[2019-12-09T04:34:04.390+0000][1][safepoint    ] Leaving safepoint region
[2019-12-09T04:34:04.390+0000][1][safepoint    ] Total time for which application threads were stopped: 0.0000600 seconds, Stopping threads took: 0.0000157 seconds
[2019-12-09T04:34:05.390+0000][1][safepoint    ] Application time: 1.0000771 seconds
[2019-12-09T04:34:05.390+0000][1][safepoint    ] Entering safepoint region: Cleanup
[2019-12-09T04:34:05.390+0000][1][safepoint    ] Leaving safepoint region
[2019-12-09T04:34:05.390+0000][1][safepoint    ] Total time for which application threads were stopped: 0.0000655 seconds, Stopping threads took: 0.0000155 seconds
[2019-12-09T04:34:06.390+0000][1][safepoint    ] Application time: 1.0000753 seconds
[2019-12-09T04:34:06.390+0000][1][safepoint    ] Entering safepoint region: Cleanup
[2019-12-09T04:34:06.390+0000][1][safepoint    ] Leaving safepoint region
[2019-12-09T04:34:06.390+0000][1][safepoint    ] Total time for which application threads were stopped: 0.0000621 seconds, Stopping threads took: 0.0000162 seconds
[2019-12-09T04:34:08.390+0000][1][safepoint    ] Application time: 2.0001789 seconds
[2019-12-09T04:34:08.390+0000][1][safepoint    ] Entering safepoint region: Cleanup
[2019-12-09T04:34:08.391+0000][1][safepoint    ] Leaving safepoint region
[2019-12-09T04:34:08.391+0000][1][safepoint    ] Total time for which application threads were stopped: 0.0000587 seconds, Stopping threads took: 0.0000143 seconds
[2019-12-09T04:34:09.391+0000][1][safepoint    ] Application time: 1.0000769 seconds
[2019-12-09T04:34:09.391+0000][1][safepoint    ] Entering safepoint region: Cleanup
[2019-12-09T04:34:09.391+0000][1][safepoint    ] Leaving safepoint region
[2019-12-09T04:34:09.391+0000][1][safepoint    ] Total time for which application threads were stopped: 0.0000807 seconds, Stopping threads took: 0.0000234 seconds
[2019-12-09T04:34:10.391+0000][1][safepoint    ] Application time: 1.0000751 seconds
[2019-12-09T04:34:10.391+0000][1][safepoint    ] Entering safepoint region: Cleanup
[2019-12-09T04:34:10.391+0000][1][safepoint    ] Leaving safepoint region
[2019-12-09T04:34:10.391+0000][1][safepoint    ] Total time for which application threads were stopped: 0.0000625 seconds, Stopping threads took: 0.0000186 seconds
[2019-12-09T04:34:11.391+0000][1][safepoint    ] Application time: 1.0000762 seconds
[2019-12-09T04:34:11.391+0000][1][safepoint    ] Entering safepoint region: Cleanup
[2019-12-09T04:34:11.391+0000][1][safepoint    ] Leaving safepoint region
[2019-12-09T04:34:11.391+0000][1][safepoint    ] Total time for which application threads were stopped: 0.0000616 seconds, Stopping threads took: 0.0000153 seconds
[2019-12-09T04:34:12.391+0000][1][safepoint    ] Application time: 1.0000756 seconds
[2019-12-09T04:34:12.391+0000][1][safepoint    ] Entering safepoint region: Cleanup
[2019-12-09T04:34:12.391+0000][1][safepoint    ] Leaving safepoint region
[2019-12-09T04:34:12.391+0000][1][safepoint    ] Total time for which application threads were stopped: 0.0000615 seconds, Stopping threads took: 0.0000168 seconds
[2019-12-09T04:34:13.391+0000][1][safepoint    ] Application time: 1.0000768 seconds
[2019-12-09T04:34:13.391+0000][1][safepoint    ] Entering safepoint region: Cleanup
[2019-12-09T04:34:13.391+0000][1][safepoint    ] Leaving safepoint region
[2019-12-09T04:34:13.391+0000][1][safepoint    ] Total time for which application threads were stopped: 0.0000618 seconds, Stopping threads took: 0.0000160 seconds
[2019-12-09T04:34:14.392+0000][1][safepoint    ] Application time: 1.0000773 seconds
[2019-12-09T04:34:14.392+0000][1][safepoint    ] Entering safepoint region: Cleanup
[2019-12-09T04:34:14.392+0000][1][safepoint    ] Leaving safepoint region
[2019-12-09T04:34:14.392+0000][1][safepoint    ] Total time for which application threads were stopped: 0.0000747 seconds, Stopping threads took: 0.0000165 seconds
[2019-12-09T04:34:15.392+0000][1][safepoint    ] Application time: 1.0000780 seconds
[2019-12-09T04:34:15.392+0000][1][safepoint    ] Entering safepoint region: Cleanup
[2019-12-09T04:34:15.392+0000][1][safepoint    ] Leaving safepoint region
[2019-12-09T04:34:15.392+0000][1][safepoint    ] Total time for which application threads were stopped: 0.0000647 seconds, Stopping threads took: 0.0000159 seconds
[2019-12-09T04:34:16.392+0000][1][safepoint    ] Application time: 1.0000815 seconds
[2019-12-09T04:34:16.392+0000][1][safepoint    ] Entering safepoint region: Cleanup
[2019-12-09T04:34:16.392+0000][1][safepoint    ] Leaving safepoint region
[2019-12-09T04:34:16.392+0000][1][safepoint    ] Total time for which application threads were stopped: 0.0000667 seconds, Stopping threads took: 0.0000173 seconds
[2019-12-09T04:34:17.392+0000][1][safepoint    ] Application time: 1.0000916 seconds
[2019-12-09T04:34:17.392+0000][1][safepoint    ] Entering safepoint region: Cleanup
[2019-12-09T04:34:17.392+0000][1][safepoint    ] Leaving safepoint region
[2019-12-09T04:34:17.392+0000][1][safepoint    ] Total time for which application threads were stopped: 0.0000661 seconds, Stopping threads took: 0.0000154 seconds
[2019-12-09T04:34:18.392+0000][1][safepoint    ] Application time: 1.0000817 seconds
[2019-12-09T04:34:18.392+0000][1][safepoint    ] Entering safepoint region: Cleanup
[2019-12-09T04:34:18.392+0000][1][safepoint    ] Leaving safepoint region
[2019-12-09T04:34:18.392+0000][1][safepoint    ] Total time for which application threads were stopped: 0.0000634 seconds, Stopping threads took: 0.0000163 seconds
[2019-12-09T04:34:19.392+0000][1][safepoint    ] Application time: 1.0000806 seconds
[2019-12-09T04:34:19.393+0000][1][safepoint    ] Entering safepoint region: Cleanup
[2019-12-09T04:34:19.393+0000][1][safepoint    ] Leaving safepoint region
[2019-12-09T04:34:19.393+0000][1][safepoint    ] Total time for which application threads were stopped: 0.0000723 seconds, Stopping threads took: 0.0000240 seconds
[2019-12-09T04:34:20.393+0000][1][safepoint    ] Application time: 1.0001216 seconds
[2019-12-09T04:34:20.393+0000][1][safepoint    ] Entering safepoint region: Cleanup
[2019-12-09T04:34:20.393+0000][1][safepoint    ] Leaving safepoint region
[2019-12-09T04:34:20.393+0000][1][safepoint    ] Total time for which application threads were stopped: 0.0000857 seconds, Stopping threads took: 0.0000243 seconds
[2019-12-09T04:34:21.393+0000][1][safepoint    ] Application time: 1.0001777 seconds
[2019-12-09T04:34:21.393+0000][1][safepoint    ] Entering safepoint region: Cleanup
[2019-12-09T04:34:21.393+0000][1][safepoint    ] Leaving safepoint region
[2019-12-09T04:34:21.393+0000][1][safepoint    ] Total time for which application threads were stopped: 0.0000890 seconds, Stopping threads took: 0.0000215 seconds
[2019-12-09T04:34:22.393+0000][1][safepoint    ] Application time: 1.0000888 seconds
[2019-12-09T04:34:22.393+0000][1][safepoint    ] Entering safepoint region: Cleanup
[2019-12-09T04:34:22.393+0000][1][safepoint    ] Leaving safepoint region
[2019-12-09T04:34:22.393+0000][1][safepoint    ] Total time for which application threads were stopped: 0.0000752 seconds, Stopping threads took: 0.0000166 seconds
[2019-12-09T04:34:23.393+0000][1][safepoint    ] Application time: 1.0000927 seconds
[2019-12-09T04:34:23.394+0000][1][safepoint    ] Entering safepoint region: Cleanup
[2019-12-09T04:34:23.394+0000][1][safepoint    ] Leaving safepoint region
[2019-12-09T04:34:23.394+0000][1][safepoint    ] Total time for which application threads were stopped: 0.0000657 seconds, Stopping threads took: 0.0000162 seconds
[2019-12-09T04:34:24.394+0000][1][safepoint    ] Application time: 1.0001288 seconds
[2019-12-09T04:34:24.394+0000][1][safepoint    ] Entering safepoint region: Cleanup
[2019-12-09T04:34:24.394+0000][1][safepoint    ] Leaving safepoint region
[2019-12-09T04:34:24.394+0000][1][safepoint    ] Total time for which application threads were stopped: 0.0000947 seconds, Stopping threads took: 0.0000313 seconds
[2019-12-09T04:34:25.394+0000][1][safepoint    ] Application time: 1.0000780 seconds
[2019-12-09T04:34:25.394+0000][1][safepoint    ] Entering safepoint region: Cleanup
[2019-12-09T04:34:25.394+0000][1][safepoint    ] Leaving safepoint region
[2019-12-09T04:34:25.394+0000][1][safepoint    ] Total time for which application threads were stopped: 0.0000798 seconds, Stopping threads took: 0.0000201 seconds
[2019-12-09T04:34:26.394+0000][1][safepoint    ] Application time: 1.0000739 seconds
[2019-12-09T04:34:26.394+0000][1][safepoint    ] Entering safepoint region: Cleanup
[2019-12-09T04:34:26.394+0000][1][safepoint    ] Leaving safepoint region
[2019-12-09T04:34:26.394+0000][1][safepoint    ] Total time for which application threads were stopped: 0.0000628 seconds, Stopping threads took: 0.0000167 seconds
[2019-12-09T04:34:27.394+0000][1][safepoint    ] Application time: 1.0000763 seconds
[2019-12-09T04:34:27.394+0000][1][safepoint    ] Entering safepoint region: Cleanup
[2019-12-09T04:34:27.394+0000][1][safepoint    ] Leaving safepoint region
[2019-12-09T04:34:27.394+0000][1][safepoint    ] Total time for which application threads were stopped: 0.0000623 seconds, Stopping threads took: 0.0000166 seconds
[2019-12-09T04:34:28.395+0000][1][safepoint    ] Application time: 1.0000753 seconds
[2019-12-09T04:34:28.395+0000][1][safepoint    ] Entering safepoint region: Cleanup
[2019-12-09T04:34:28.395+0000][1][safepoint    ] Leaving safepoint region
[2019-12-09T04:34:28.395+0000][1][safepoint    ] Total time for which application threads were stopped: 0.0000602 seconds, Stopping threads took: 0.0000152 seconds
[2019-12-09T04:34:29.395+0000][1][safepoint    ] Application time: 1.0000752 seconds
[2019-12-09T04:34:29.395+0000][1][safepoint    ] Entering safepoint region: Cleanup
[2019-12-09T04:34:29.395+0000][1][safepoint    ] Leaving safepoint region
[2019-12-09T04:34:29.395+0000][1][safepoint    ] Total time for which application threads were stopped: 0.0000648 seconds, Stopping threads took: 0.0000171 seconds
[2019-12-09T04:34:30.395+0000][1][safepoint    ] Application time: 1.0000746 seconds
[2019-12-09T04:34:30.395+0000][1][safepoint    ] Entering safepoint region: Cleanup
[2019-12-09T04:34:30.395+0000][1][safepoint    ] Leaving safepoint region
[2019-12-09T04:34:30.395+0000][1][safepoint    ] Total time for which application threads were stopped: 0.0000636 seconds, Stopping threads took: 0.0000165 seconds
[2019-12-09T04:34:31.395+0000][1][safepoint    ] Application time: 1.0000738 seconds
[2019-12-09T04:34:31.395+0000][1][safepoint    ] Entering safepoint region: Cleanup
[2019-12-09T04:34:31.395+0000][1][safepoint    ] Leaving safepoint region
[2019-12-09T04:34:31.395+0000][1][safepoint    ] Total time for which application threads were stopped: 0.0000672 seconds, Stopping threads took: 0.0000180 seconds
[2019-12-09T04:34:32.395+0000][1][safepoint    ] Application time: 1.0000757 seconds
[2019-12-09T04:34:32.395+0000][1][safepoint    ] Entering safepoint region: Cleanup
[2019-12-09T04:34:32.395+0000][1][safepoint    ] Leaving safepoint region
[2019-12-09T04:34:32.395+0000][1][safepoint    ] Total time for which application threads were stopped: 0.0000635 seconds, Stopping threads took: 0.0000165 seconds
[2019-12-09T04:34:33.395+0000][1][safepoint    ] Application time: 1.0000784 seconds
[2019-12-09T04:34:33.395+0000][1][safepoint    ] Entering safepoint region: Cleanup
[2019-12-09T04:34:33.396+0000][1][safepoint    ] Leaving safepoint region
[2019-12-09T04:34:33.396+0000][1][safepoint    ] Total time for which application threads were stopped: 0.0000639 seconds, Stopping threads took: 0.0000156 seconds
[2019-12-09T04:34:34.396+0000][1][safepoint    ] Application time: 1.0000748 seconds
[2019-12-09T04:34:34.396+0000][1][safepoint    ] Entering safepoint region: Cleanup
[2019-12-09T04:34:34.396+0000][1][safepoint    ] Leaving safepoint region
[2019-12-09T04:34:34.396+0000][1][safepoint    ] Total time for which application threads were stopped: 0.0000782 seconds, Stopping threads took: 0.0000285 seconds
[2019-12-09T04:34:35.396+0000][1][safepoint    ] Application time: 1.0000756 seconds
[2019-12-09T04:34:35.396+0000][1][safepoint    ] Entering safepoint region: Cleanup
[2019-12-09T04:34:35.396+0000][1][safepoint    ] Leaving safepoint region
[2019-12-09T04:34:35.396+0000][1][safepoint    ] Total time for which application threads were stopped: 0.0000649 seconds, Stopping threads took: 0.0000168 seconds
[2019-12-09T04:34:36.396+0000][1][safepoint    ] Application time: 1.0000758 seconds
[2019-12-09T04:34:36.396+0000][1][safepoint    ] Entering safepoint region: Cleanup
[2019-12-09T04:34:36.396+0000][1][safepoint    ] Leaving safepoint region
[2019-12-09T04:34:36.396+0000][1][safepoint    ] Total time for which application threads were stopped: 0.0000641 seconds, Stopping threads took: 0.0000170 seconds
[2019-12-09T04:34:37.396+0000][1][safepoint    ] Application time: 1.0000755 seconds
[2019-12-09T04:34:37.396+0000][1][safepoint    ] Entering safepoint region: Cleanup
[2019-12-09T04:34:37.396+0000][1][safepoint    ] Leaving safepoint region
[2019-12-09T04:34:37.396+0000][1][safepoint    ] Total time for which application threads were stopped: 0.0000646 seconds, Stopping threads took: 0.0000168 seconds
[2019-12-09T04:34:38.396+0000][1][safepoint    ] Application time: 1.0000817 seconds
[2019-12-09T04:34:38.396+0000][1][safepoint    ] Entering safepoint region: Cleanup
[2019-12-09T04:34:38.396+0000][1][safepoint    ] Leaving safepoint region
[2019-12-09T04:34:38.396+0000][1][safepoint    ] Total time for which application threads were stopped: 0.0000632 seconds, Stopping threads took: 0.0000163 seconds
[2019-12-09T04:34:39.397+0000][1][safepoint    ] Application time: 1.0000774 seconds
[2019-12-09T04:34:39.397+0000][1][safepoint    ] Entering safepoint region: Cleanup
[2019-12-09T04:34:39.397+0000][1][safepoint    ] Leaving safepoint region
[2019-12-09T04:34:39.397+0000][1][safepoint    ] Total time for which application threads were stopped: 0.0000797 seconds, Stopping threads took: 0.0000240 seconds
[2019-12-09T04:34:40.397+0000][1][safepoint    ] Application time: 1.0000761 seconds
[2019-12-09T04:34:40.397+0000][1][safepoint    ] Entering safepoint region: Cleanup
[2019-12-09T04:34:40.397+0000][1][safepoint    ] Leaving safepoint region
[2019-12-09T04:34:40.397+0000][1][safepoint    ] Total time for which application threads were stopped: 0.0000623 seconds, Stopping threads took: 0.0000161 seconds
[2019-12-09T04:34:41.397+0000][1][safepoint    ] Application time: 1.0000749 seconds
[2019-12-09T04:34:41.397+0000][1][safepoint    ] Entering safepoint region: Cleanup
[2019-12-09T04:34:41.397+0000][1][safepoint    ] Leaving safepoint region
[2019-12-09T04:34:41.397+0000][1][safepoint    ] Total time for which application threads were stopped: 0.0000636 seconds, Stopping threads took: 0.0000159 seconds
[2019-12-09T04:34:42.397+0000][1][safepoint    ] Application time: 1.0000748 seconds
[2019-12-09T04:34:42.397+0000][1][safepoint    ] Entering safepoint region: Cleanup
[2019-12-09T04:34:42.397+0000][1][safepoint    ] Leaving safepoint region
[2019-12-09T04:34:42.397+0000][1][safepoint    ] Total time for which application threads were stopped: 0.0000626 seconds, Stopping threads took: 0.0000150 seconds
[2019-12-09T04:34:43.397+0000][1][safepoint    ] Application time: 1.0000745 seconds
[2019-12-09T04:34:43.397+0000][1][safepoint    ] Entering safepoint region: Cleanup
[2019-12-09T04:34:43.397+0000][1][safepoint    ] Leaving safepoint region
[2019-12-09T04:34:43.397+0000][1][safepoint    ] Total time for which application threads were stopped: 0.0000621 seconds, Stopping threads took: 0.0000161 seconds
[2019-12-09T04:34:44.398+0000][1][safepoint    ] Application time: 1.0000786 seconds
[2019-12-09T04:34:44.398+0000][1][safepoint    ] Entering safepoint region: Cleanup
[2019-12-09T04:34:44.398+0000][1][safepoint    ] Leaving safepoint region
[2019-12-09T04:34:44.398+0000][1][safepoint    ] Total time for which application threads were stopped: 0.0000672 seconds, Stopping threads took: 0.0000202 seconds
[2019-12-09T04:34:45.398+0000][1][safepoint    ] Application time: 1.0000843 seconds
[2019-12-09T04:34:45.398+0000][1][safepoint    ] Entering safepoint region: Cleanup
[2019-12-09T04:34:45.398+0000][1][safepoint    ] Leaving safepoint region
[2019-12-09T04:34:45.398+0000][1][safepoint    ] Total time for which application threads were stopped: 0.0000626 seconds, Stopping threads took: 0.0000158 seconds
[2019-12-09T04:34:46.398+0000][1][safepoint    ] Application time: 1.0000746 seconds
[2019-12-09T04:34:46.398+0000][1][safepoint    ] Entering safepoint region: Cleanup
[2019-12-09T04:34:46.398+0000][1][safepoint    ] Leaving safepoint region
[2019-12-09T04:34:46.398+0000][1][safepoint    ] Total time for which application threads were stopped: 0.0000648 seconds, Stopping threads took: 0.0000165 seconds
[2019-12-09T04:34:47.398+0000][1][safepoint    ] Application time: 1.0000757 seconds
[2019-12-09T04:34:47.398+0000][1][safepoint    ] Entering safepoint region: Cleanup
[2019-12-09T04:34:47.398+0000][1][safepoint    ] Leaving safepoint region
[2019-12-09T04:34:47.398+0000][1][safepoint    ] Total time for which application threads were stopped: 0.0000613 seconds, Stopping threads took: 0.0000161 seconds
[2019-12-09T04:34:48.398+0000][1][safepoint    ] Application time: 1.0000750 seconds
[2019-12-09T04:34:48.398+0000][1][safepoint    ] Entering safepoint region: Cleanup
[2019-12-09T04:34:48.398+0000][1][safepoint    ] Leaving safepoint region
[2019-12-09T04:34:48.398+0000][1][safepoint    ] Total time for which application threads were stopped: 0.0000605 seconds, Stopping threads took: 0.0000158 seconds
[2019-12-09T04:34:49.398+0000][1][safepoint    ] Application time: 1.0000769 seconds
[2019-12-09T04:34:49.398+0000][1][safepoint    ] Entering safepoint region: Cleanup
[2019-12-09T04:34:49.399+0000][1][safepoint    ] Leaving safepoint region
[2019-12-09T04:34:49.399+0000][1][safepoint    ] Total time for which application threads were stopped: 0.0000651 seconds, Stopping threads took: 0.0000183 seconds
[2019-12-09T04:34:50.399+0000][1][safepoint    ] Application time: 1.0000761 seconds
[2019-12-09T04:34:50.399+0000][1][safepoint    ] Entering safepoint region: Cleanup
[2019-12-09T04:34:50.399+0000][1][safepoint    ] Leaving safepoint region
[2019-12-09T04:34:50.399+0000][1][safepoint    ] Total time for which application threads were stopped: 0.0000762 seconds, Stopping threads took: 0.0000158 seconds
[2019-12-09T04:34:51.399+0000][1][safepoint    ] Application time: 1.0000749 seconds
[2019-12-09T04:34:51.399+0000][1][safepoint    ] Entering safepoint region: Cleanup
[2019-12-09T04:34:51.399+0000][1][safepoint    ] Leaving safepoint region
[2019-12-09T04:34:51.399+0000][1][safepoint    ] Total time for which application threads were stopped: 0.0000663 seconds, Stopping threads took: 0.0000169 seconds
[2019-12-09T04:34:52.399+0000][1][safepoint    ] Application time: 1.0000745 seconds
[2019-12-09T04:34:52.399+0000][1][safepoint    ] Entering safepoint region: Cleanup
[2019-12-09T04:34:52.399+0000][1][safepoint    ] Leaving safepoint region
[2019-12-09T04:34:52.399+0000][1][safepoint    ] Total time for which application threads were stopped: 0.0000650 seconds, Stopping threads took: 0.0000170 seconds
[2019-12-09T04:34:53.399+0000][1][safepoint    ] Application time: 1.0000747 seconds
[2019-12-09T04:34:53.399+0000][1][safepoint    ] Entering safepoint region: Cleanup
[2019-12-09T04:34:53.399+0000][1][safepoint    ] Leaving safepoint region
[2019-12-09T04:34:53.399+0000][1][safepoint    ] Total time for which application threads were stopped: 0.0000629 seconds, Stopping threads took: 0.0000160 seconds
[2019-12-09T04:34:54.399+0000][1][safepoint    ] Application time: 1.0000760 seconds
[2019-12-09T04:34:54.399+0000][1][safepoint    ] Entering safepoint region: Cleanup
[2019-12-09T04:34:54.399+0000][1][safepoint    ] Leaving safepoint region
[2019-12-09T04:34:54.399+0000][1][safepoint    ] Total time for which application threads were stopped: 0.0000641 seconds, Stopping threads took: 0.0000166 seconds
[2019-12-09T04:34:55.400+0000][1][safepoint    ] Application time: 1.0000757 seconds
[2019-12-09T04:34:55.400+0000][1][safepoint    ] Entering safepoint region: Cleanup
[2019-12-09T04:34:55.400+0000][1][safepoint    ] Leaving safepoint region
[2019-12-09T04:34:55.400+0000][1][safepoint    ] Total time for which application threads were stopped: 0.0000657 seconds, Stopping threads took: 0.0000175 seconds
[2019-12-09T04:34:56.400+0000][1][safepoint    ] Application time: 1.0000758 seconds
[2019-12-09T04:34:56.400+0000][1][safepoint    ] Entering safepoint region: Cleanup
[2019-12-09T04:34:56.400+0000][1][safepoint    ] Leaving safepoint region
[2019-12-09T04:34:56.400+0000][1][safepoint    ] Total time for which application threads were stopped: 0.0000648 seconds, Stopping threads took: 0.0000170 seconds
[2019-12-09T04:34:57.400+0000][1][safepoint    ] Application time: 1.0000761 seconds
[2019-12-09T04:34:57.400+0000][1][safepoint    ] Entering safepoint region: Cleanup
[2019-12-09T04:34:57.400+0000][1][safepoint    ] Leaving safepoint region
[2019-12-09T04:34:57.400+0000][1][safepoint    ] Total time for which application threads were stopped: 0.0000617 seconds, Stopping threads took: 0.0000163 seconds
[2019-12-09T04:34:58.400+0000][1][safepoint    ] Application time: 1.0000767 seconds
[2019-12-09T04:34:58.400+0000][1][safepoint    ] Entering safepoint region: Cleanup
[2019-12-09T04:34:58.400+0000][1][safepoint    ] Leaving safepoint region
[2019-12-09T04:34:58.400+0000][1][safepoint    ] Total time for which application threads were stopped: 0.0000660 seconds, Stopping threads took: 0.0000173 seconds
[2019-12-09T04:34:59.400+0000][1][safepoint    ] Application time: 1.0000769 seconds
[2019-12-09T04:34:59.400+0000][1][safepoint    ] Entering safepoint region: Cleanup
[2019-12-09T04:34:59.400+0000][1][safepoint    ] Leaving safepoint region
[2019-12-09T04:34:59.400+0000][1][safepoint    ] Total time for which application threads were stopped: 0.0000634 seconds, Stopping threads took: 0.0000164 seconds
[2019-12-09T04:35:00.400+0000][1][safepoint    ] Application time: 1.0000775 seconds
[2019-12-09T04:35:00.401+0000][1][safepoint    ] Entering safepoint region: Cleanup
[2019-12-09T04:35:00.401+0000][1][safepoint    ] Leaving safepoint region
[2019-12-09T04:35:00.401+0000][1][safepoint    ] Total time for which application threads were stopped: 0.0000667 seconds, Stopping threads took: 0.0000194 seconds
[2019-12-09T04:35:01.401+0000][1][safepoint    ] Application time: 1.0000780 seconds
[2019-12-09T04:35:01.401+0000][1][safepoint    ] Entering safepoint region: Cleanup
[2019-12-09T04:35:01.401+0000][1][safepoint    ] Leaving safepoint region
[2019-12-09T04:35:01.401+0000][1][safepoint    ] Total time for which application threads were stopped: 0.0000665 seconds, Stopping threads took: 0.0000182 seconds
[2019-12-09T04:35:02.401+0000][1][safepoint    ] Application time: 1.0000787 seconds
[2019-12-09T04:35:02.401+0000][1][safepoint    ] Entering safepoint region: Cleanup
[2019-12-09T04:35:02.401+0000][1][safepoint    ] Leaving safepoint region
[2019-12-09T04:35:02.401+0000][1][safepoint    ] Total time for which application threads were stopped: 0.0000640 seconds, Stopping threads took: 0.0000165 seconds
[2019-12-09T04:35:03.401+0000][1][safepoint    ] Application time: 1.0000770 seconds
[2019-12-09T04:35:03.401+0000][1][safepoint    ] Entering safepoint region: Cleanup
[2019-12-09T04:35:03.401+0000][1][safepoint    ] Leaving safepoint region
[2019-12-09T04:35:03.401+0000][1][safepoint    ] Total time for which application threads were stopped: 0.0000671 seconds, Stopping threads took: 0.0000171 seconds
[2019-12-09T04:35:04.401+0000][1][safepoint    ] Application time: 1.0000766 seconds
[2019-12-09T04:35:04.401+0000][1][safepoint    ] Entering safepoint region: Cleanup
[2019-12-09T04:35:04.401+0000][1][safepoint    ] Leaving safepoint region
[2019-12-09T04:35:04.401+0000][1][safepoint    ] Total time for which application threads were stopped: 0.0000688 seconds, Stopping threads took: 0.0000175 seconds
[2019-12-09T04:35:05.401+0000][1][safepoint    ] Application time: 1.0000765 seconds
[2019-12-09T04:35:05.401+0000][1][safepoint    ] Entering safepoint region: Cleanup
[2019-12-09T04:35:05.402+0000][1][safepoint    ] Leaving safepoint region
[2019-12-09T04:35:05.402+0000][1][safepoint    ] Total time for which application threads were stopped: 0.0000658 seconds, Stopping threads took: 0.0000165 seconds
[2019-12-09T04:35:06.402+0000][1][safepoint    ] Application time: 1.0000774 seconds
[2019-12-09T04:35:06.402+0000][1][safepoint    ] Entering safepoint region: Cleanup
[2019-12-09T04:35:06.402+0000][1][safepoint    ] Leaving safepoint region
[2019-12-09T04:35:06.402+0000][1][safepoint    ] Total time for which application threads were stopped: 0.0000799 seconds, Stopping threads took: 0.0000279 seconds
[2019-12-09T04:35:07.402+0000][1][safepoint    ] Application time: 1.0000803 seconds
[2019-12-09T04:35:07.402+0000][1][safepoint    ] Entering safepoint region: Cleanup
[2019-12-09T04:35:07.402+0000][1][safepoint    ] Leaving safepoint region
[2019-12-09T04:35:07.402+0000][1][safepoint    ] Total time for which application threads were stopped: 0.0000650 seconds, Stopping threads took: 0.0000171 seconds
[2019-12-09T04:35:08.402+0000][1][safepoint    ] Application time: 1.0000762 seconds
[2019-12-09T04:35:08.402+0000][1][safepoint    ] Entering safepoint region: Cleanup
[2019-12-09T04:35:08.402+0000][1][safepoint    ] Leaving safepoint region
[2019-12-09T04:35:08.402+0000][1][safepoint    ] Total time for which application threads were stopped: 0.0000642 seconds, Stopping threads took: 0.0000168 seconds
[2019-12-09T04:35:09.402+0000][1][safepoint    ] Application time: 1.0000763 seconds
[2019-12-09T04:35:09.402+0000][1][safepoint    ] Entering safepoint region: Cleanup
[2019-12-09T04:35:09.402+0000][1][safepoint    ] Leaving safepoint region
[2019-12-09T04:35:09.402+0000][1][safepoint    ] Total time for which application threads were stopped: 0.0000721 seconds, Stopping threads took: 0.0000247 seconds
[2019-12-09T04:35:10.402+0000][1][safepoint    ] Application time: 1.0000759 seconds
[2019-12-09T04:35:10.402+0000][1][safepoint    ] Entering safepoint region: Cleanup
[2019-12-09T04:35:10.402+0000][1][safepoint    ] Leaving safepoint region
[2019-12-09T04:35:10.402+0000][1][safepoint    ] Total time for which application threads were stopped: 0.0000651 seconds, Stopping threads took: 0.0000176 seconds
[2019-12-09T04:35:11.403+0000][1][safepoint    ] Application time: 1.0000766 seconds
[2019-12-09T04:35:11.403+0000][1][safepoint    ] Entering safepoint region: Cleanup
[2019-12-09T04:35:11.403+0000][1][safepoint    ] Leaving safepoint region
[2019-12-09T04:35:11.403+0000][1][safepoint    ] Total time for which application threads were stopped: 0.0000761 seconds, Stopping threads took: 0.0000164 seconds
[2019-12-09T04:35:12.403+0000][1][safepoint    ] Application time: 1.0000753 seconds
[2019-12-09T04:35:12.403+0000][1][safepoint    ] Entering safepoint region: Cleanup
[2019-12-09T04:35:12.403+0000][1][safepoint    ] Leaving safepoint region
[2019-12-09T04:35:12.403+0000][1][safepoint    ] Total time for which application threads were stopped: 0.0000644 seconds, Stopping threads took: 0.0000163 seconds
[2019-12-09T04:35:13.403+0000][1][safepoint    ] Application time: 1.0000762 seconds
[2019-12-09T04:35:13.403+0000][1][safepoint    ] Entering safepoint region: Cleanup
[2019-12-09T04:35:13.403+0000][1][safepoint    ] Leaving safepoint region
[2019-12-09T04:35:13.403+0000][1][safepoint    ] Total time for which application threads were stopped: 0.0000638 seconds, Stopping threads took: 0.0000163 seconds
[2019-12-09T04:35:14.403+0000][1][safepoint    ] Application time: 1.0000785 seconds
[2019-12-09T04:35:14.403+0000][1][safepoint    ] Entering safepoint region: Cleanup
[2019-12-09T04:35:14.403+0000][1][safepoint    ] Leaving safepoint region
[2019-12-09T04:35:14.403+0000][1][safepoint    ] Total time for which application threads were stopped: 0.0000671 seconds, Stopping threads took: 0.0000181 seconds
[2019-12-09T04:35:15.403+0000][1][safepoint    ] Application time: 1.0000765 seconds
[2019-12-09T04:35:15.403+0000][1][safepoint    ] Entering safepoint region: Cleanup
[2019-12-09T04:35:15.403+0000][1][safepoint    ] Leaving safepoint region
[2019-12-09T04:35:15.403+0000][1][safepoint    ] Total time for which application threads were stopped: 0.0000682 seconds, Stopping threads took: 0.0000207 seconds
[2019-12-09T04:35:16.404+0000][1][safepoint    ] Application time: 1.0000775 seconds
[2019-12-09T04:35:16.404+0000][1][safepoint    ] Entering safepoint region: Cleanup
[2019-12-09T04:35:16.404+0000][1][safepoint    ] Leaving safepoint region
[2019-12-09T04:35:16.404+0000][1][safepoint    ] Total time for which application threads were stopped: 0.0000647 seconds, Stopping threads took: 0.0000177 seconds
[2019-12-09T04:35:17.404+0000][1][safepoint    ] Application time: 1.0000769 seconds
[2019-12-09T04:35:17.404+0000][1][safepoint    ] Entering safepoint region: Cleanup
[2019-12-09T04:35:17.404+0000][1][safepoint    ] Leaving safepoint region
[2019-12-09T04:35:17.404+0000][1][safepoint    ] Total time for which application threads were stopped: 0.0000641 seconds, Stopping threads took: 0.0000159 seconds
[2019-12-09T04:35:18.404+0000][1][safepoint    ] Application time: 1.0000752 seconds
[2019-12-09T04:35:18.404+0000][1][safepoint    ] Entering safepoint region: Cleanup
[2019-12-09T04:35:18.404+0000][1][safepoint    ] Leaving safepoint region
[2019-12-09T04:35:18.404+0000][1][safepoint    ] Total time for which application threads were stopped: 0.0000643 seconds, Stopping threads took: 0.0000162 seconds
[2019-12-09T04:35:18.489+0000][1][safepoint    ] Application time: 0.0851275 seconds
[2019-12-09T04:35:18.489+0000][1][safepoint    ] Entering safepoint region: GenCollectForAllocation
[2019-12-09T04:35:18.489+0000][1][gc,start     ] GC(45) Pause Young (Allocation Failure)
[2019-12-09T04:35:18.489+0000][1][gc,task      ] GC(45) Using 2 workers of 2 for evacuation
[2019-12-09T04:35:18.491+0000][1][gc,age       ] GC(45) Desired survivor size 4456448 bytes, new threshold 6 (max threshold 6)
[2019-12-09T04:35:18.491+0000][1][gc,age       ] GC(45) Age table with threshold 6 (max threshold 6)
[2019-12-09T04:35:18.491+0000][1][gc,age       ] GC(45) - age   1:       3032 bytes,       3032 total
[2019-12-09T04:35:18.491+0000][1][gc,age       ] GC(45) - age   2:         56 bytes,       3088 total
[2019-12-09T04:35:18.491+0000][1][gc,age       ] GC(45) - age   3:       3608 bytes,       6696 total
[2019-12-09T04:35:18.491+0000][1][gc,age       ] GC(45) - age   4:       3912 bytes,      10608 total
[2019-12-09T04:35:18.491+0000][1][gc,age       ] GC(45) - age   5:        232 bytes,      10840 total
[2019-12-09T04:35:18.491+0000][1][gc,age       ] GC(45) - age   6:       1928 bytes,      12768 total
[2019-12-09T04:35:18.491+0000][1][gc,heap      ] GC(45) ParNew: 69970K->18K(78656K)
[2019-12-09T04:35:18.491+0000][1][gc,heap      ] GC(45) CMS: 69324K->69324K(174784K)
[2019-12-09T04:35:18.491+0000][1][gc,metaspace ] GC(45) Metaspace: 68445K->68445K(1112064K)
[2019-12-09T04:35:18.491+0000][1][gc           ] GC(45) Pause Young (Allocation Failure) 136M->67M(247M) 1.534ms
[2019-12-09T04:35:18.491+0000][1][gc,cpu       ] GC(45) User=0.01s Sys=0.00s Real=0.00s
[2019-12-09T04:35:18.491+0000][1][safepoint    ] Leaving safepoint region
[2019-12-09T04:35:18.491+0000][1][safepoint    ] Total time for which application threads were stopped: 0.0016905 seconds, Stopping threads took: 0.0000205 seconds
[2019-12-09T04:35:19.491+0000][1][safepoint    ] Application time: 1.0000936 seconds
[2019-12-09T04:35:19.491+0000][1][safepoint    ] Entering safepoint region: Cleanup
[2019-12-09T04:35:19.491+0000][1][safepoint    ] Leaving safepoint region
[2019-12-09T04:35:19.491+0000][1][safepoint    ] Total time for which application threads were stopped: 0.0000667 seconds, Stopping threads took: 0.0000222 seconds
[2019-12-09T04:35:20.491+0000][1][safepoint    ] Application time: 1.0000743 seconds
[2019-12-09T04:35:20.491+0000][1][safepoint    ] Entering safepoint region: Cleanup
[2019-12-09T04:35:20.491+0000][1][safepoint    ] Leaving safepoint region
[2019-12-09T04:35:20.491+0000][1][safepoint    ] Total time for which application threads were stopped: 0.0000619 seconds, Stopping threads took: 0.0000154 seconds
[2019-12-09T04:35:21.491+0000][1][safepoint    ] Application time: 1.0000748 seconds
[2019-12-09T04:35:21.491+0000][1][safepoint    ] Entering safepoint region: Cleanup
[2019-12-09T04:35:21.491+0000][1][safepoint    ] Leaving safepoint region
[2019-12-09T04:35:21.491+0000][1][safepoint    ] Total time for which application threads were stopped: 0.0000606 seconds, Stopping threads took: 0.0000154 seconds
[2019-12-09T04:35:22.491+0000][1][safepoint    ] Application time: 1.0000791 seconds
[2019-12-09T04:35:22.492+0000][1][safepoint    ] Entering safepoint region: Cleanup
[2019-12-09T04:35:22.492+0000][1][safepoint    ] Leaving safepoint region
[2019-12-09T04:35:22.492+0000][1][safepoint    ] Total time for which application threads were stopped: 0.0000608 seconds, Stopping threads took: 0.0000153 seconds
[2019-12-09T04:35:23.492+0000][1][safepoint    ] Application time: 1.0000757 seconds
[2019-12-09T04:35:23.492+0000][1][safepoint    ] Entering safepoint region: Cleanup
[2019-12-09T04:35:23.492+0000][1][safepoint    ] Leaving safepoint region
[2019-12-09T04:35:23.492+0000][1][safepoint    ] Total time for which application threads were stopped: 0.0000625 seconds, Stopping threads took: 0.0000172 seconds
[2019-12-09T04:35:24.492+0000][1][safepoint    ] Application time: 1.0000754 seconds
[2019-12-09T04:35:24.492+0000][1][safepoint    ] Entering safepoint region: Cleanup
[2019-12-09T04:35:24.492+0000][1][safepoint    ] Leaving safepoint region
[2019-12-09T04:35:24.492+0000][1][safepoint    ] Total time for which application threads were stopped: 0.0000720 seconds, Stopping threads took: 0.0000237 seconds
[2019-12-09T04:35:25.492+0000][1][safepoint    ] Application time: 1.0000761 seconds
[2019-12-09T04:35:25.492+0000][1][safepoint    ] Entering safepoint region: Cleanup
[2019-12-09T04:35:25.492+0000][1][safepoint    ] Leaving safepoint region
[2019-12-09T04:35:25.492+0000][1][safepoint    ] Total time for which application threads were stopped: 0.0000589 seconds, Stopping threads took: 0.0000158 seconds
[2019-12-09T04:35:26.492+0000][1][safepoint    ] Application time: 1.0000748 seconds
[2019-12-09T04:35:26.492+0000][1][safepoint    ] Entering safepoint region: Cleanup
[2019-12-09T04:35:26.492+0000][1][safepoint    ] Leaving safepoint region
[2019-12-09T04:35:26.492+0000][1][safepoint    ] Total time for which application threads were stopped: 0.0000682 seconds, Stopping threads took: 0.0000146 seconds
[2019-12-09T04:35:27.492+0000][1][safepoint    ] Application time: 1.0000757 seconds
[2019-12-09T04:35:27.492+0000][1][safepoint    ] Entering safepoint region: Cleanup
[2019-12-09T04:35:27.492+0000][1][safepoint    ] Leaving safepoint region
[2019-12-09T04:35:27.492+0000][1][safepoint    ] Total time for which application threads were stopped: 0.0000595 seconds, Stopping threads took: 0.0000147 seconds
[2019-12-09T04:35:28.493+0000][1][safepoint    ] Application time: 1.0000750 seconds
[2019-12-09T04:35:28.493+0000][1][safepoint    ] Entering safepoint region: Cleanup
[2019-12-09T04:35:28.493+0000][1][safepoint    ] Leaving safepoint region
[2019-12-09T04:35:28.493+0000][1][safepoint    ] Total time for which application threads were stopped: 0.0000624 seconds, Stopping threads took: 0.0000157 seconds
[2019-12-09T04:35:29.493+0000][1][safepoint    ] Application time: 1.0000741 seconds
[2019-12-09T04:35:29.493+0000][1][safepoint    ] Entering safepoint region: Cleanup
[2019-12-09T04:35:29.493+0000][1][safepoint    ] Leaving safepoint region
[2019-12-09T04:35:29.493+0000][1][safepoint    ] Total time for which application threads were stopped: 0.0000608 seconds, Stopping threads took: 0.0000171 seconds
[2019-12-09T04:35:30.493+0000][1][safepoint    ] Application time: 1.0000745 seconds
[2019-12-09T04:35:30.493+0000][1][safepoint    ] Entering safepoint region: Cleanup
[2019-12-09T04:35:30.493+0000][1][safepoint    ] Leaving safepoint region
[2019-12-09T04:35:30.493+0000][1][safepoint    ] Total time for which application threads were stopped: 0.0000593 seconds, Stopping threads took: 0.0000155 seconds
[2019-12-09T04:35:31.493+0000][1][safepoint    ] Application time: 1.0000748 seconds
[2019-12-09T04:35:31.493+0000][1][safepoint    ] Entering safepoint region: Cleanup
[2019-12-09T04:35:31.493+0000][1][safepoint    ] Leaving safepoint region
[2019-12-09T04:35:31.493+0000][1][safepoint    ] Total time for which application threads were stopped: 0.0000590 seconds, Stopping threads took: 0.0000159 seconds
[2019-12-09T04:35:32.493+0000][1][safepoint    ] Application time: 1.0000765 seconds
[2019-12-09T04:35:32.493+0000][1][safepoint    ] Entering safepoint region: Cleanup
[2019-12-09T04:35:32.493+0000][1][safepoint    ] Leaving safepoint region
[2019-12-09T04:35:32.493+0000][1][safepoint    ] Total time for which application threads were stopped: 0.0000616 seconds, Stopping threads took: 0.0000162 seconds
[2019-12-09T04:35:33.493+0000][1][safepoint    ] Application time: 1.0000759 seconds
[2019-12-09T04:35:33.493+0000][1][safepoint    ] Entering safepoint region: Cleanup
[2019-12-09T04:35:33.493+0000][1][safepoint    ] Leaving safepoint region
[2019-12-09T04:35:33.493+0000][1][safepoint    ] Total time for which application threads were stopped: 0.0000629 seconds, Stopping threads took: 0.0000166 seconds
[2019-12-09T04:35:35.429+0000][1][safepoint    ] Application time: 1.9352669 seconds
[2019-12-09T04:35:35.429+0000][1][safepoint    ] Entering safepoint region: Cleanup
[2019-12-09T04:35:35.429+0000][1][safepoint    ] Leaving safepoint region
[2019-12-09T04:35:35.429+0000][1][safepoint    ] Total time for which application threads were stopped: 0.0001168 seconds, Stopping threads took: 0.0000616 seconds
[2019-12-09T04:35:36.429+0000][1][safepoint    ] Application time: 1.0000881 seconds
[2019-12-09T04:35:36.429+0000][1][safepoint    ] Entering safepoint region: Cleanup
[2019-12-09T04:35:36.429+0000][1][safepoint    ] Leaving safepoint region
[2019-12-09T04:35:36.429+0000][1][safepoint    ] Total time for which application threads were stopped: 0.0000879 seconds, Stopping threads took: 0.0000219 seconds
[2019-12-09T04:35:37.429+0000][1][safepoint    ] Application time: 1.0001768 seconds
[2019-12-09T04:35:37.429+0000][1][safepoint    ] Entering safepoint region: Cleanup
[2019-12-09T04:35:37.429+0000][1][safepoint    ] Leaving safepoint region
[2019-12-09T04:35:37.429+0000][1][safepoint    ] Total time for which application threads were stopped: 0.0000892 seconds, Stopping threads took: 0.0000233 seconds
[2019-12-09T04:35:38.430+0000][1][safepoint    ] Application time: 1.0000860 seconds
[2019-12-09T04:35:38.430+0000][1][safepoint    ] Entering safepoint region: Cleanup
[2019-12-09T04:35:38.430+0000][1][safepoint    ] Leaving safepoint region
[2019-12-09T04:35:38.430+0000][1][safepoint    ] Total time for which application threads were stopped: 0.0001022 seconds, Stopping threads took: 0.0000239 seconds
[2019-12-09T04:35:39.430+0000][1][safepoint    ] Application time: 1.0000745 seconds
[2019-12-09T04:35:39.430+0000][1][safepoint    ] Entering safepoint region: Cleanup
[2019-12-09T04:35:39.430+0000][1][safepoint    ] Leaving safepoint region
[2019-12-09T04:35:39.430+0000][1][safepoint    ] Total time for which application threads were stopped: 0.0000804 seconds, Stopping threads took: 0.0000159 seconds
[2019-12-09T04:35:40.430+0000][1][safepoint    ] Application time: 1.0000739 seconds
[2019-12-09T04:35:40.430+0000][1][safepoint    ] Entering safepoint region: Cleanup
[2019-12-09T04:35:40.430+0000][1][safepoint    ] Leaving safepoint region
[2019-12-09T04:35:40.430+0000][1][safepoint    ] Total time for which application threads were stopped: 0.0000650 seconds, Stopping threads took: 0.0000163 seconds
[2019-12-09T04:35:41.430+0000][1][safepoint    ] Application time: 1.0000865 seconds
[2019-12-09T04:35:41.430+0000][1][safepoint    ] Entering safepoint region: Cleanup
[2019-12-09T04:35:41.430+0000][1][safepoint    ] Leaving safepoint region
[2019-12-09T04:35:41.430+0000][1][safepoint    ] Total time for which application threads were stopped: 0.0000855 seconds, Stopping threads took: 0.0000214 seconds
[2019-12-09T04:35:42.430+0000][1][safepoint    ] Application time: 1.0000753 seconds
[2019-12-09T04:35:42.430+0000][1][safepoint    ] Entering safepoint region: Cleanup
[2019-12-09T04:35:42.430+0000][1][safepoint    ] Leaving safepoint region
[2019-12-09T04:35:42.430+0000][1][safepoint    ] Total time for which application threads were stopped: 0.0000644 seconds, Stopping threads took: 0.0000169 seconds
[2019-12-09T04:35:43.431+0000][1][safepoint    ] Application time: 1.0000759 seconds
[2019-12-09T04:35:43.431+0000][1][safepoint    ] Entering safepoint region: Cleanup
[2019-12-09T04:35:43.431+0000][1][safepoint    ] Leaving safepoint region
[2019-12-09T04:35:43.431+0000][1][safepoint    ] Total time for which application threads were stopped: 0.0000809 seconds, Stopping threads took: 0.0000173 seconds
[2019-12-09T04:35:44.431+0000][1][safepoint    ] Application time: 1.0000732 seconds
[2019-12-09T04:35:44.431+0000][1][safepoint    ] Entering safepoint region: Cleanup
[2019-12-09T04:35:44.431+0000][1][safepoint    ] Leaving safepoint region
[2019-12-09T04:35:44.431+0000][1][safepoint    ] Total time for which application threads were stopped: 0.0000641 seconds, Stopping threads took: 0.0000160 seconds
[2019-12-09T04:35:45.431+0000][1][safepoint    ] Application time: 1.0000762 seconds
[2019-12-09T04:35:45.431+0000][1][safepoint    ] Entering safepoint region: Cleanup
[2019-12-09T04:35:45.431+0000][1][safepoint    ] Leaving safepoint region
[2019-12-09T04:35:45.431+0000][1][safepoint    ] Total time for which application threads were stopped: 0.0000656 seconds, Stopping threads took: 0.0000164 seconds
[2019-12-09T04:35:46.431+0000][1][safepoint    ] Application time: 1.0000773 seconds
[2019-12-09T04:35:46.431+0000][1][safepoint    ] Entering safepoint region: Cleanup
[2019-12-09T04:35:46.431+0000][1][safepoint    ] Leaving safepoint region
[2019-12-09T04:35:46.431+0000][1][safepoint    ] Total time for which application threads were stopped: 0.0000670 seconds, Stopping threads took: 0.0000166 seconds
[2019-12-09T04:35:47.431+0000][1][safepoint    ] Application time: 1.0000756 seconds
[2019-12-09T04:35:47.431+0000][1][safepoint    ] Entering safepoint region: Cleanup
[2019-12-09T04:35:47.431+0000][1][safepoint    ] Leaving safepoint region
[2019-12-09T04:35:47.431+0000][1][safepoint    ] Total time for which application threads were stopped: 0.0000636 seconds, Stopping threads took: 0.0000167 seconds
[2019-12-09T04:35:48.432+0000][1][safepoint    ] Application time: 1.0000769 seconds
[2019-12-09T04:35:48.432+0000][1][safepoint    ] Entering safepoint region: Cleanup
[2019-12-09T04:35:48.432+0000][1][safepoint    ] Leaving safepoint region
[2019-12-09T04:35:48.432+0000][1][safepoint    ] Total time for which application threads were stopped: 0.0000672 seconds, Stopping threads took: 0.0000163 seconds
[2019-12-09T04:35:49.432+0000][1][safepoint    ] Application time: 1.0000753 seconds
[2019-12-09T04:35:49.432+0000][1][safepoint    ] Entering safepoint region: Cleanup
[2019-12-09T04:35:49.432+0000][1][safepoint    ] Leaving safepoint region
[2019-12-09T04:35:49.432+0000][1][safepoint    ] Total time for which application threads were stopped: 0.0000671 seconds, Stopping threads took: 0.0000166 seconds
[2019-12-09T04:35:50.432+0000][1][safepoint    ] Application time: 1.0000779 seconds
[2019-12-09T04:35:50.432+0000][1][safepoint    ] Entering safepoint region: Cleanup
[2019-12-09T04:35:50.432+0000][1][safepoint    ] Leaving safepoint region
[2019-12-09T04:35:50.432+0000][1][safepoint    ] Total time for which application threads were stopped: 0.0000688 seconds, Stopping threads took: 0.0000187 seconds
[2019-12-09T04:35:51.432+0000][1][safepoint    ] Application time: 1.0000784 seconds
[2019-12-09T04:35:51.432+0000][1][safepoint    ] Entering safepoint region: Cleanup
[2019-12-09T04:35:51.432+0000][1][safepoint    ] Leaving safepoint region
[2019-12-09T04:35:51.432+0000][1][safepoint    ] Total time for which application threads were stopped: 0.0000677 seconds, Stopping threads took: 0.0000167 seconds
[2019-12-09T04:35:52.432+0000][1][safepoint    ] Application time: 1.0000767 seconds
[2019-12-09T04:35:52.432+0000][1][safepoint    ] Entering safepoint region: Cleanup
[2019-12-09T04:35:52.432+0000][1][safepoint    ] Leaving safepoint region
[2019-12-09T04:35:52.432+0000][1][safepoint    ] Total time for which application threads were stopped: 0.0000696 seconds, Stopping threads took: 0.0000167 seconds
[2019-12-09T04:35:53.432+0000][1][safepoint    ] Application time: 1.0000787 seconds
[2019-12-09T04:35:53.433+0000][1][safepoint    ] Entering safepoint region: Cleanup
[2019-12-09T04:35:53.433+0000][1][safepoint    ] Leaving safepoint region
[2019-12-09T04:35:53.433+0000][1][safepoint    ] Total time for which application threads were stopped: 0.0000701 seconds, Stopping threads took: 0.0000172 seconds
[2019-12-09T04:35:54.433+0000][1][safepoint    ] Application time: 1.0000773 seconds
[2019-12-09T04:35:54.433+0000][1][safepoint    ] Entering safepoint region: Cleanup
[2019-12-09T04:35:54.433+0000][1][safepoint    ] Leaving safepoint region
[2019-12-09T04:35:54.433+0000][1][safepoint    ] Total time for which application threads were stopped: 0.0000724 seconds, Stopping threads took: 0.0000202 seconds
[2019-12-09T04:35:55.433+0000][1][safepoint    ] Application time: 1.0000757 seconds
[2019-12-09T04:35:55.433+0000][1][safepoint    ] Entering safepoint region: Cleanup
[2019-12-09T04:35:55.433+0000][1][safepoint    ] Leaving safepoint region
[2019-12-09T04:35:55.433+0000][1][safepoint    ] Total time for which application threads were stopped: 0.0000687 seconds, Stopping threads took: 0.0000170 seconds
[2019-12-09T04:35:56.433+0000][1][safepoint    ] Application time: 1.0000784 seconds
[2019-12-09T04:35:56.433+0000][1][safepoint    ] Entering safepoint region: Cleanup
[2019-12-09T04:35:56.433+0000][1][safepoint    ] Leaving safepoint region
[2019-12-09T04:35:56.433+0000][1][safepoint    ] Total time for which application threads were stopped: 0.0000691 seconds, Stopping threads took: 0.0000170 seconds
[2019-12-09T04:35:57.433+0000][1][safepoint    ] Application time: 1.0000753 seconds
[2019-12-09T04:35:57.433+0000][1][safepoint    ] Entering safepoint region: Cleanup
[2019-12-09T04:35:57.433+0000][1][safepoint    ] Leaving safepoint region
[2019-12-09T04:35:57.433+0000][1][safepoint    ] Total time for which application threads were stopped: 0.0000705 seconds, Stopping threads took: 0.0000175 seconds
[2019-12-09T04:35:58.433+0000][1][safepoint    ] Application time: 1.0000766 seconds
[2019-12-09T04:35:58.433+0000][1][safepoint    ] Entering safepoint region: Cleanup
[2019-12-09T04:35:58.434+0000][1][safepoint    ] Leaving safepoint region
[2019-12-09T04:35:58.434+0000][1][safepoint    ] Total time for which application threads were stopped: 0.0000678 seconds, Stopping threads took: 0.0000163 seconds
[2019-12-09T04:35:59.434+0000][1][safepoint    ] Application time: 1.0000767 seconds
[2019-12-09T04:35:59.434+0000][1][safepoint    ] Entering safepoint region: Cleanup
[2019-12-09T04:35:59.434+0000][1][safepoint    ] Leaving safepoint region
[2019-12-09T04:35:59.434+0000][1][safepoint    ] Total time for which application threads were stopped: 0.0000800 seconds, Stopping threads took: 0.0000167 seconds
[2019-12-09T04:36:00.434+0000][1][safepoint    ] Application time: 1.0000771 seconds
[2019-12-09T04:36:00.434+0000][1][safepoint    ] Entering safepoint region: Cleanup
[2019-12-09T04:36:00.434+0000][1][safepoint    ] Leaving safepoint region
[2019-12-09T04:36:00.434+0000][1][safepoint    ] Total time for which application threads were stopped: 0.0000689 seconds, Stopping threads took: 0.0000169 seconds
[2019-12-09T04:36:01.434+0000][1][safepoint    ] Application time: 1.0000804 seconds
[2019-12-09T04:36:01.434+0000][1][safepoint    ] Entering safepoint region: Cleanup
[2019-12-09T04:36:01.434+0000][1][safepoint    ] Leaving safepoint region
[2019-12-09T04:36:01.434+0000][1][safepoint    ] Total time for which application threads were stopped: 0.0000712 seconds, Stopping threads took: 0.0000173 seconds
[2019-12-09T04:36:02.434+0000][1][safepoint    ] Application time: 1.0000769 seconds
[2019-12-09T04:36:02.434+0000][1][safepoint    ] Entering safepoint region: Cleanup
[2019-12-09T04:36:02.434+0000][1][safepoint    ] Leaving safepoint region
[2019-12-09T04:36:02.434+0000][1][safepoint    ] Total time for which application threads were stopped: 0.0000681 seconds, Stopping threads took: 0.0000154 seconds
[2019-12-09T04:36:03.434+0000][1][safepoint    ] Application time: 1.0000769 seconds
[2019-12-09T04:36:03.434+0000][1][safepoint    ] Entering safepoint region: Cleanup
[2019-12-09T04:36:03.434+0000][1][safepoint    ] Leaving safepoint region
[2019-12-09T04:36:03.434+0000][1][safepoint    ] Total time for which application threads were stopped: 0.0000693 seconds, Stopping threads took: 0.0000167 seconds
[2019-12-09T04:36:04.435+0000][1][safepoint    ] Application time: 1.0000757 seconds
[2019-12-09T04:36:04.435+0000][1][safepoint    ] Entering safepoint region: Cleanup
[2019-12-09T04:36:04.435+0000][1][safepoint    ] Leaving safepoint region
[2019-12-09T04:36:04.435+0000][1][safepoint    ] Total time for which application threads were stopped: 0.0000887 seconds, Stopping threads took: 0.0000239 seconds
[2019-12-09T04:36:05.435+0000][1][safepoint    ] Application time: 1.0000762 seconds
[2019-12-09T04:36:05.435+0000][1][safepoint    ] Entering safepoint region: Cleanup
[2019-12-09T04:36:05.435+0000][1][safepoint    ] Leaving safepoint region
[2019-12-09T04:36:05.435+0000][1][safepoint    ] Total time for which application threads were stopped: 0.0000695 seconds, Stopping threads took: 0.0000171 seconds
[2019-12-09T04:36:06.435+0000][1][safepoint    ] Application time: 1.0000761 seconds
[2019-12-09T04:36:06.435+0000][1][safepoint    ] Entering safepoint region: Cleanup
[2019-12-09T04:36:06.435+0000][1][safepoint    ] Leaving safepoint region
[2019-12-09T04:36:06.435+0000][1][safepoint    ] Total time for which application threads were stopped: 0.0000716 seconds, Stopping threads took: 0.0000174 seconds
[2019-12-09T04:36:07.435+0000][1][safepoint    ] Application time: 1.0000769 seconds
[2019-12-09T04:36:07.435+0000][1][safepoint    ] Entering safepoint region: Cleanup
[2019-12-09T04:36:07.435+0000][1][safepoint    ] Leaving safepoint region
[2019-12-09T04:36:07.435+0000][1][safepoint    ] Total time for which application threads were stopped: 0.0000691 seconds, Stopping threads took: 0.0000161 seconds
[2019-12-09T04:36:08.435+0000][1][safepoint    ] Application time: 1.0000763 seconds
[2019-12-09T04:36:08.435+0000][1][safepoint    ] Entering safepoint region: Cleanup
[2019-12-09T04:36:08.435+0000][1][safepoint    ] Leaving safepoint region
[2019-12-09T04:36:08.435+0000][1][safepoint    ] Total time for which application threads were stopped: 0.0000695 seconds, Stopping threads took: 0.0000167 seconds
[2019-12-09T04:36:09.436+0000][1][safepoint    ] Application time: 1.0000767 seconds
[2019-12-09T04:36:09.436+0000][1][safepoint    ] Entering safepoint region: Cleanup
[2019-12-09T04:36:09.436+0000][1][safepoint    ] Leaving safepoint region
[2019-12-09T04:36:09.436+0000][1][safepoint    ] Total time for which application threads were stopped: 0.0000694 seconds, Stopping threads took: 0.0000165 seconds
[2019-12-09T04:36:10.436+0000][1][safepoint    ] Application time: 1.0000767 seconds
[2019-12-09T04:36:10.436+0000][1][safepoint    ] Entering safepoint region: Cleanup
[2019-12-09T04:36:10.436+0000][1][safepoint    ] Leaving safepoint region
[2019-12-09T04:36:10.436+0000][1][safepoint    ] Total time for which application threads were stopped: 0.0000732 seconds, Stopping threads took: 0.0000171 seconds
[2019-12-09T04:36:11.449+0000][1][safepoint    ] Application time: 1.0128417 seconds
[2019-12-09T04:36:11.449+0000][1][safepoint    ] Entering safepoint region: Cleanup
[2019-12-09T04:36:11.449+0000][1][safepoint    ] Leaving safepoint region
[2019-12-09T04:36:11.449+0000][1][safepoint    ] Total time for which application threads were stopped: 0.0000743 seconds, Stopping threads took: 0.0000168 seconds
[2019-12-09T04:36:12.449+0000][1][safepoint    ] Application time: 1.0000799 seconds
[2019-12-09T04:36:12.449+0000][1][safepoint    ] Entering safepoint region: Cleanup
[2019-12-09T04:36:12.449+0000][1][safepoint    ] Leaving safepoint region
[2019-12-09T04:36:12.449+0000][1][safepoint    ] Total time for which application threads were stopped: 0.0000715 seconds, Stopping threads took: 0.0000173 seconds
[2019-12-09T04:36:13.449+0000][1][safepoint    ] Application time: 1.0000800 seconds
[2019-12-09T04:36:13.449+0000][1][safepoint    ] Entering safepoint region: Cleanup
[2019-12-09T04:36:13.449+0000][1][safepoint    ] Leaving safepoint region
[2019-12-09T04:36:13.449+0000][1][safepoint    ] Total time for which application threads were stopped: 0.0000885 seconds, Stopping threads took: 0.0000220 seconds
[2019-12-09T04:36:14.449+0000][1][safepoint    ] Application time: 1.0000826 seconds
[2019-12-09T04:36:14.449+0000][1][safepoint    ] Entering safepoint region: Cleanup
[2019-12-09T04:36:14.449+0000][1][safepoint    ] Leaving safepoint region
[2019-12-09T04:36:14.449+0000][1][safepoint    ] Total time for which application threads were stopped: 0.0001179 seconds, Stopping threads took: 0.0000314 seconds
[2019-12-09T04:36:15.450+0000][1][safepoint    ] Application time: 1.0000773 seconds
[2019-12-09T04:36:15.450+0000][1][safepoint    ] Entering safepoint region: Cleanup
[2019-12-09T04:36:15.450+0000][1][safepoint    ] Leaving safepoint region
[2019-12-09T04:36:15.450+0000][1][safepoint    ] Total time for which application threads were stopped: 0.0000940 seconds, Stopping threads took: 0.0000158 seconds
[2019-12-09T04:36:16.450+0000][1][safepoint    ] Application time: 1.0000757 seconds
[2019-12-09T04:36:16.450+0000][1][safepoint    ] Entering safepoint region: Cleanup
[2019-12-09T04:36:16.450+0000][1][safepoint    ] Leaving safepoint region
[2019-12-09T04:36:16.450+0000][1][safepoint    ] Total time for which application threads were stopped: 0.0000701 seconds, Stopping threads took: 0.0000159 seconds
[2019-12-09T04:36:17.450+0000][1][safepoint    ] Application time: 1.0000826 seconds
[2019-12-09T04:36:17.450+0000][1][safepoint    ] Entering safepoint region: Cleanup
[2019-12-09T04:36:17.450+0000][1][safepoint    ] Leaving safepoint region
[2019-12-09T04:36:17.450+0000][1][safepoint    ] Total time for which application threads were stopped: 0.0000816 seconds, Stopping threads took: 0.0000166 seconds
[2019-12-09T04:36:18.450+0000][1][safepoint    ] Application time: 1.0000813 seconds
[2019-12-09T04:36:18.450+0000][1][safepoint    ] Entering safepoint region: Cleanup
[2019-12-09T04:36:18.450+0000][1][safepoint    ] Leaving safepoint region
[2019-12-09T04:36:18.450+0000][1][safepoint    ] Total time for which application threads were stopped: 0.0000984 seconds, Stopping threads took: 0.0000244 seconds
[2019-12-09T04:36:19.450+0000][1][safepoint    ] Application time: 1.0000808 seconds
[2019-12-09T04:36:19.450+0000][1][safepoint    ] Entering safepoint region: Cleanup
[2019-12-09T04:36:19.451+0000][1][safepoint    ] Leaving safepoint region
[2019-12-09T04:36:19.451+0000][1][safepoint    ] Total time for which application threads were stopped: 0.0000725 seconds, Stopping threads took: 0.0000188 seconds
[2019-12-09T04:36:20.451+0000][1][safepoint    ] Application time: 1.0000804 seconds
[2019-12-09T04:36:20.451+0000][1][safepoint    ] Entering safepoint region: Cleanup
[2019-12-09T04:36:20.451+0000][1][safepoint    ] Leaving safepoint region
[2019-12-09T04:36:20.451+0000][1][safepoint    ] Total time for which application threads were stopped: 0.0000893 seconds, Stopping threads took: 0.0000182 seconds
[2019-12-09T04:36:21.451+0000][1][safepoint    ] Application time: 1.0000803 seconds
[2019-12-09T04:36:21.451+0000][1][safepoint    ] Entering safepoint region: Cleanup
[2019-12-09T04:36:21.451+0000][1][safepoint    ] Leaving safepoint region
[2019-12-09T04:36:21.451+0000][1][safepoint    ] Total time for which application threads were stopped: 0.0000758 seconds, Stopping threads took: 0.0000172 seconds
[2019-12-09T04:36:22.451+0000][1][safepoint    ] Application time: 1.0000839 seconds
[2019-12-09T04:36:22.451+0000][1][safepoint    ] Entering safepoint region: Cleanup
[2019-12-09T04:36:22.451+0000][1][safepoint    ] Leaving safepoint region
[2019-12-09T04:36:22.451+0000][1][safepoint    ] Total time for which application threads were stopped: 0.0000940 seconds, Stopping threads took: 0.0000225 seconds
[2019-12-09T04:36:23.451+0000][1][safepoint    ] Application time: 1.0000814 seconds
[2019-12-09T04:36:23.451+0000][1][safepoint    ] Entering safepoint region: Cleanup
[2019-12-09T04:36:23.451+0000][1][safepoint    ] Leaving safepoint region
[2019-12-09T04:36:23.451+0000][1][safepoint    ] Total time for which application threads were stopped: 0.0000966 seconds, Stopping threads took: 0.0000227 seconds
[2019-12-09T04:36:24.452+0000][1][safepoint    ] Application time: 1.0000763 seconds
[2019-12-09T04:36:24.452+0000][1][safepoint    ] Entering safepoint region: Cleanup
[2019-12-09T04:36:24.452+0000][1][safepoint    ] Leaving safepoint region
[2019-12-09T04:36:24.452+0000][1][safepoint    ] Total time for which application threads were stopped: 0.0001062 seconds, Stopping threads took: 0.0000158 seconds
[2019-12-09T04:36:25.452+0000][1][safepoint    ] Application time: 1.0000781 seconds
[2019-12-09T04:36:25.452+0000][1][safepoint    ] Entering safepoint region: Cleanup
[2019-12-09T04:36:25.452+0000][1][safepoint    ] Leaving safepoint region
[2019-12-09T04:36:25.452+0000][1][safepoint    ] Total time for which application threads were stopped: 0.0000736 seconds, Stopping threads took: 0.0000185 seconds
[2019-12-09T04:36:26.452+0000][1][safepoint    ] Application time: 1.0000760 seconds
[2019-12-09T04:36:26.452+0000][1][safepoint    ] Entering safepoint region: Cleanup
[2019-12-09T04:36:26.452+0000][1][safepoint    ] Leaving safepoint region
[2019-12-09T04:36:26.452+0000][1][safepoint    ] Total time for which application threads were stopped: 0.0000731 seconds, Stopping threads took: 0.0000156 seconds
[2019-12-09T04:36:27.452+0000][1][safepoint    ] Application time: 1.0001018 seconds
[2019-12-09T04:36:27.452+0000][1][safepoint    ] Entering safepoint region: Cleanup
[2019-12-09T04:36:27.452+0000][1][safepoint    ] Leaving safepoint region
[2019-12-09T04:36:27.452+0000][1][safepoint    ] Total time for which application threads were stopped: 0.0000720 seconds, Stopping threads took: 0.0000165 seconds
[2019-12-09T04:36:28.452+0000][1][safepoint    ] Application time: 1.0000975 seconds
[2019-12-09T04:36:28.452+0000][1][safepoint    ] Entering safepoint region: Cleanup
[2019-12-09T04:36:28.453+0000][1][safepoint    ] Leaving safepoint region
[2019-12-09T04:36:28.453+0000][1][safepoint    ] Total time for which application threads were stopped: 0.0001098 seconds, Stopping threads took: 0.0000492 seconds
[2019-12-09T04:36:29.453+0000][1][safepoint    ] Application time: 1.0000823 seconds
[2019-12-09T04:36:29.453+0000][1][safepoint    ] Entering safepoint region: Cleanup
[2019-12-09T04:36:29.453+0000][1][safepoint    ] Leaving safepoint region
[2019-12-09T04:36:29.453+0000][1][safepoint    ] Total time for which application threads were stopped: 0.0000802 seconds, Stopping threads took: 0.0000167 seconds
[2019-12-09T04:36:30.453+0000][1][safepoint    ] Application time: 1.0000751 seconds
[2019-12-09T04:36:30.453+0000][1][safepoint    ] Entering safepoint region: Cleanup
[2019-12-09T04:36:30.453+0000][1][safepoint    ] Leaving safepoint region
[2019-12-09T04:36:30.453+0000][1][safepoint    ] Total time for which application threads were stopped: 0.0000679 seconds, Stopping threads took: 0.0000161 seconds
[2019-12-09T04:36:31.453+0000][1][safepoint    ] Application time: 1.0000746 seconds
[2019-12-09T04:36:31.453+0000][1][safepoint    ] Entering safepoint region: Cleanup
[2019-12-09T04:36:31.453+0000][1][safepoint    ] Leaving safepoint region
[2019-12-09T04:36:31.453+0000][1][safepoint    ] Total time for which application threads were stopped: 0.0000705 seconds, Stopping threads took: 0.0000165 seconds
[2019-12-09T04:36:32.453+0000][1][safepoint    ] Application time: 1.0000752 seconds
[2019-12-09T04:36:32.453+0000][1][safepoint    ] Entering safepoint region: Cleanup
[2019-12-09T04:36:32.453+0000][1][safepoint    ] Leaving safepoint region
[2019-12-09T04:36:32.453+0000][1][safepoint    ] Total time for which application threads were stopped: 0.0000702 seconds, Stopping threads took: 0.0000177 seconds
[2019-12-09T04:36:33.453+0000][1][safepoint    ] Application time: 1.0000820 seconds
[2019-12-09T04:36:33.453+0000][1][safepoint    ] Entering safepoint region: Cleanup
[2019-12-09T04:36:33.453+0000][1][safepoint    ] Leaving safepoint region
[2019-12-09T04:36:33.453+0000][1][safepoint    ] Total time for which application threads were stopped: 0.0000722 seconds, Stopping threads took: 0.0000172 seconds
[2019-12-09T04:36:34.454+0000][1][safepoint    ] Application time: 1.0000771 seconds
[2019-12-09T04:36:34.454+0000][1][safepoint    ] Entering safepoint region: Cleanup
[2019-12-09T04:36:34.454+0000][1][safepoint    ] Leaving safepoint region
[2019-12-09T04:36:34.454+0000][1][safepoint    ] Total time for which application threads were stopped: 0.0000813 seconds, Stopping threads took: 0.0000191 seconds
[2019-12-09T04:36:35.454+0000][1][safepoint    ] Application time: 1.0000753 seconds
[2019-12-09T04:36:35.454+0000][1][safepoint    ] Entering safepoint region: Cleanup
[2019-12-09T04:36:35.454+0000][1][safepoint    ] Leaving safepoint region
[2019-12-09T04:36:35.454+0000][1][safepoint    ] Total time for which application threads were stopped: 0.0000681 seconds, Stopping threads took: 0.0000165 seconds
[2019-12-09T04:36:36.454+0000][1][safepoint    ] Application time: 1.0000727 seconds
[2019-12-09T04:36:36.454+0000][1][safepoint    ] Entering safepoint region: Cleanup
[2019-12-09T04:36:36.454+0000][1][safepoint    ] Leaving safepoint region
[2019-12-09T04:36:36.454+0000][1][safepoint    ] Total time for which application threads were stopped: 0.0000724 seconds, Stopping threads took: 0.0000174 seconds
[2019-12-09T04:36:37.454+0000][1][safepoint    ] Application time: 1.0000744 seconds
[2019-12-09T04:36:37.454+0000][1][safepoint    ] Entering safepoint region: Cleanup
[2019-12-09T04:36:37.454+0000][1][safepoint    ] Leaving safepoint region
[2019-12-09T04:36:37.454+0000][1][safepoint    ] Total time for which application threads were stopped: 0.0000717 seconds, Stopping threads took: 0.0000176 seconds
[2019-12-09T04:36:38.454+0000][1][safepoint    ] Application time: 1.0000761 seconds
[2019-12-09T04:36:38.454+0000][1][safepoint    ] Entering safepoint region: Cleanup
[2019-12-09T04:36:38.454+0000][1][safepoint    ] Leaving safepoint region
[2019-12-09T04:36:38.454+0000][1][safepoint    ] Total time for which application threads were stopped: 0.0000710 seconds, Stopping threads took: 0.0000170 seconds
[2019-12-09T04:36:39.455+0000][1][safepoint    ] Application time: 1.0000772 seconds
[2019-12-09T04:36:39.455+0000][1][safepoint    ] Entering safepoint region: Cleanup
[2019-12-09T04:36:39.455+0000][1][safepoint    ] Leaving safepoint region
[2019-12-09T04:36:39.455+0000][1][safepoint    ] Total time for which application threads were stopped: 0.0000758 seconds, Stopping threads took: 0.0000235 seconds
[2019-12-09T04:36:40.455+0000][1][safepoint    ] Application time: 1.0000516 seconds
[2019-12-09T04:36:40.455+0000][1][safepoint    ] Entering safepoint region: Cleanup
[2019-12-09T04:36:40.455+0000][1][safepoint    ] Leaving safepoint region
[2019-12-09T04:36:40.455+0000][1][safepoint    ] Total time for which application threads were stopped: 0.0000694 seconds, Stopping threads took: 0.0000158 seconds
[2019-12-09T04:36:41.455+0000][1][safepoint    ] Application time: 1.0000771 seconds
[2019-12-09T04:36:41.455+0000][1][safepoint    ] Entering safepoint region: Cleanup
[2019-12-09T04:36:41.455+0000][1][safepoint    ] Leaving safepoint region
[2019-12-09T04:36:41.455+0000][1][safepoint    ] Total time for which application threads were stopped: 0.0000716 seconds, Stopping threads took: 0.0000178 seconds
[2019-12-09T04:36:42.455+0000][1][safepoint    ] Application time: 1.0000759 seconds
[2019-12-09T04:36:42.455+0000][1][safepoint    ] Entering safepoint region: Cleanup
[2019-12-09T04:36:42.455+0000][1][safepoint    ] Leaving safepoint region
[2019-12-09T04:36:42.455+0000][1][safepoint    ] Total time for which application threads were stopped: 0.0000672 seconds, Stopping threads took: 0.0000166 seconds
[2019-12-09T04:36:43.455+0000][1][safepoint    ] Application time: 1.0000779 seconds
[2019-12-09T04:36:43.455+0000][1][safepoint    ] Entering safepoint region: Cleanup
[2019-12-09T04:36:43.455+0000][1][safepoint    ] Leaving safepoint region
[2019-12-09T04:36:43.455+0000][1][safepoint    ] Total time for which application threads were stopped: 0.0000724 seconds, Stopping threads took: 0.0000177 seconds
[2019-12-09T04:36:44.455+0000][1][safepoint    ] Application time: 1.0000768 seconds
[2019-12-09T04:36:44.455+0000][1][safepoint    ] Entering safepoint region: Cleanup
[2019-12-09T04:36:44.456+0000][1][safepoint    ] Leaving safepoint region
[2019-12-09T04:36:44.456+0000][1][safepoint    ] Total time for which application threads were stopped: 0.0000706 seconds, Stopping threads took: 0.0000169 seconds
[2019-12-09T04:36:45.456+0000][1][safepoint    ] Application time: 1.0000765 seconds
[2019-12-09T04:36:45.456+0000][1][safepoint    ] Entering safepoint region: Cleanup
[2019-12-09T04:36:45.456+0000][1][safepoint    ] Leaving safepoint region
[2019-12-09T04:36:45.456+0000][1][safepoint    ] Total time for which application threads were stopped: 0.0000852 seconds, Stopping threads took: 0.0000269 seconds
[2019-12-09T04:36:46.456+0000][1][safepoint    ] Application time: 1.0000767 seconds
[2019-12-09T04:36:46.456+0000][1][safepoint    ] Entering safepoint region: Cleanup
[2019-12-09T04:36:46.456+0000][1][safepoint    ] Leaving safepoint region
[2019-12-09T04:36:46.456+0000][1][safepoint    ] Total time for which application threads were stopped: 0.0000732 seconds, Stopping threads took: 0.0000178 seconds
[2019-12-09T04:36:47.456+0000][1][safepoint    ] Application time: 1.0000755 seconds
[2019-12-09T04:36:47.456+0000][1][safepoint    ] Entering safepoint region: Cleanup
[2019-12-09T04:36:47.456+0000][1][safepoint    ] Leaving safepoint region
[2019-12-09T04:36:47.456+0000][1][safepoint    ] Total time for which application threads were stopped: 0.0000688 seconds, Stopping threads took: 0.0000160 seconds
[2019-12-09T04:36:48.456+0000][1][safepoint    ] Application time: 1.0000781 seconds
[2019-12-09T04:36:48.456+0000][1][safepoint    ] Entering safepoint region: Cleanup
[2019-12-09T04:36:48.456+0000][1][safepoint    ] Leaving safepoint region
[2019-12-09T04:36:48.456+0000][1][safepoint    ] Total time for which application threads were stopped: 0.0000713 seconds, Stopping threads took: 0.0000174 seconds
[2019-12-09T04:36:49.456+0000][1][safepoint    ] Application time: 1.0000775 seconds
[2019-12-09T04:36:49.456+0000][1][safepoint    ] Entering safepoint region: Cleanup
[2019-12-09T04:36:49.457+0000][1][safepoint    ] Leaving safepoint region
[2019-12-09T04:36:49.457+0000][1][safepoint    ] Total time for which application threads were stopped: 0.0000763 seconds, Stopping threads took: 0.0000175 seconds
[2019-12-09T04:36:50.457+0000][1][safepoint    ] Application time: 1.0000755 seconds
[2019-12-09T04:36:50.457+0000][1][safepoint    ] Entering safepoint region: Cleanup
[2019-12-09T04:36:50.457+0000][1][safepoint    ] Leaving safepoint region
[2019-12-09T04:36:50.457+0000][1][safepoint    ] Total time for which application threads were stopped: 0.0000777 seconds, Stopping threads took: 0.0000156 seconds
[2019-12-09T04:36:51.457+0000][1][safepoint    ] Application time: 1.0000789 seconds
[2019-12-09T04:36:51.457+0000][1][safepoint    ] Entering safepoint region: Cleanup
[2019-12-09T04:36:51.457+0000][1][safepoint    ] Leaving safepoint region
[2019-12-09T04:36:51.457+0000][1][safepoint    ] Total time for which application threads were stopped: 0.0000738 seconds, Stopping threads took: 0.0000190 seconds
[2019-12-09T04:36:52.457+0000][1][safepoint    ] Application time: 1.0000763 seconds
[2019-12-09T04:36:52.457+0000][1][safepoint    ] Entering safepoint region: Cleanup
[2019-12-09T04:36:52.457+0000][1][safepoint    ] Leaving safepoint region
[2019-12-09T04:36:52.457+0000][1][safepoint    ] Total time for which application threads were stopped: 0.0000705 seconds, Stopping threads took: 0.0000178 seconds
[2019-12-09T04:36:53.457+0000][1][safepoint    ] Application time: 1.0000782 seconds
[2019-12-09T04:36:53.457+0000][1][safepoint    ] Entering safepoint region: Cleanup
[2019-12-09T04:36:53.457+0000][1][safepoint    ] Leaving safepoint region
[2019-12-09T04:36:53.457+0000][1][safepoint    ] Total time for which application threads were stopped: 0.0000733 seconds, Stopping threads took: 0.0000170 seconds
[2019-12-09T04:36:54.457+0000][1][safepoint    ] Application time: 1.0000748 seconds
[2019-12-09T04:36:54.457+0000][1][safepoint    ] Entering safepoint region: Cleanup
[2019-12-09T04:36:54.457+0000][1][safepoint    ] Leaving safepoint region
[2019-12-09T04:36:54.457+0000][1][safepoint    ] Total time for which application threads were stopped: 0.0000710 seconds, Stopping threads took: 0.0000170 seconds
[2019-12-09T04:36:55.458+0000][1][safepoint    ] Application time: 1.0000754 seconds
[2019-12-09T04:36:55.458+0000][1][safepoint    ] Entering safepoint region: Cleanup
[2019-12-09T04:36:55.458+0000][1][safepoint    ] Leaving safepoint region
[2019-12-09T04:36:55.458+0000][1][safepoint    ] Total time for which application threads were stopped: 0.0000982 seconds, Stopping threads took: 0.0000168 seconds
[2019-12-09T04:36:56.458+0000][1][safepoint    ] Application time: 1.0000756 seconds
[2019-12-09T04:36:56.458+0000][1][safepoint    ] Entering safepoint region: Cleanup
[2019-12-09T04:36:56.458+0000][1][safepoint    ] Leaving safepoint region
[2019-12-09T04:36:56.458+0000][1][safepoint    ] Total time for which application threads were stopped: 0.0000726 seconds, Stopping threads took: 0.0000176 seconds
[2019-12-09T04:36:57.458+0000][1][safepoint    ] Application time: 1.0000766 seconds
[2019-12-09T04:36:57.458+0000][1][safepoint    ] Entering safepoint region: Cleanup
[2019-12-09T04:36:57.458+0000][1][safepoint    ] Leaving safepoint region
[2019-12-09T04:36:57.458+0000][1][safepoint    ] Total time for which application threads were stopped: 0.0000716 seconds, Stopping threads took: 0.0000177 seconds
[2019-12-09T04:36:58.458+0000][1][safepoint    ] Application time: 1.0000808 seconds
[2019-12-09T04:36:58.458+0000][1][safepoint    ] Entering safepoint region: Cleanup
[2019-12-09T04:36:58.458+0000][1][safepoint    ] Leaving safepoint region
[2019-12-09T04:36:58.458+0000][1][safepoint    ] Total time for which application threads were stopped: 0.0000718 seconds, Stopping threads took: 0.0000182 seconds
[2019-12-09T04:36:59.458+0000][1][safepoint    ] Application time: 1.0000759 seconds
[2019-12-09T04:36:59.458+0000][1][safepoint    ] Entering safepoint region: Cleanup
[2019-12-09T04:36:59.458+0000][1][safepoint    ] Leaving safepoint region
[2019-12-09T04:36:59.458+0000][1][safepoint    ] Total time for which application threads were stopped: 0.0000677 seconds, Stopping threads took: 0.0000160 seconds
[2019-12-09T04:37:00.459+0000][1][safepoint    ] Application time: 1.0000747 seconds
[2019-12-09T04:37:00.459+0000][1][safepoint    ] Entering safepoint region: Cleanup
[2019-12-09T04:37:00.459+0000][1][safepoint    ] Leaving safepoint region
[2019-12-09T04:37:00.459+0000][1][safepoint    ] Total time for which application threads were stopped: 0.0000711 seconds, Stopping threads took: 0.0000179 seconds
[2019-12-09T04:37:01.459+0000][1][safepoint    ] Application time: 1.0000370 seconds
[2019-12-09T04:37:01.459+0000][1][safepoint    ] Entering safepoint region: Cleanup
[2019-12-09T04:37:01.459+0000][1][safepoint    ] Leaving safepoint region
[2019-12-09T04:37:01.459+0000][1][safepoint    ] Total time for which application threads were stopped: 0.0000954 seconds, Stopping threads took: 0.0000179 seconds
[2019-12-09T04:37:02.459+0000][1][safepoint    ] Application time: 1.0000737 seconds
[2019-12-09T04:37:02.459+0000][1][safepoint    ] Entering safepoint region: Cleanup
[2019-12-09T04:37:02.459+0000][1][safepoint    ] Leaving safepoint region
[2019-12-09T04:37:02.459+0000][1][safepoint    ] Total time for which application threads were stopped: 0.0000719 seconds, Stopping threads took: 0.0000176 seconds
[2019-12-09T04:37:03.459+0000][1][safepoint    ] Application time: 1.0000768 seconds
[2019-12-09T04:37:03.459+0000][1][safepoint    ] Entering safepoint region: Cleanup
[2019-12-09T04:37:03.459+0000][1][safepoint    ] Leaving safepoint region
[2019-12-09T04:37:03.459+0000][1][safepoint    ] Total time for which application threads were stopped: 0.0000707 seconds, Stopping threads took: 0.0000180 seconds
[2019-12-09T04:37:04.459+0000][1][safepoint    ] Application time: 1.0000761 seconds
[2019-12-09T04:37:04.459+0000][1][safepoint    ] Entering safepoint region: Cleanup
[2019-12-09T04:37:04.459+0000][1][safepoint    ] Leaving safepoint region
[2019-12-09T04:37:04.459+0000][1][safepoint    ] Total time for which application threads were stopped: 0.0000764 seconds, Stopping threads took: 0.0000177 seconds
[2019-12-09T04:37:05.459+0000][1][safepoint    ] Application time: 1.0000748 seconds
[2019-12-09T04:37:05.460+0000][1][safepoint    ] Entering safepoint region: Cleanup
[2019-12-09T04:37:05.460+0000][1][safepoint    ] Leaving safepoint region
[2019-12-09T04:37:05.460+0000][1][safepoint    ] Total time for which application threads were stopped: 0.0000686 seconds, Stopping threads took: 0.0000159 seconds
[2019-12-09T04:37:06.460+0000][1][safepoint    ] Application time: 1.0000835 seconds
[2019-12-09T04:37:06.460+0000][1][safepoint    ] Entering safepoint region: Cleanup
[2019-12-09T04:37:06.460+0000][1][safepoint    ] Leaving safepoint region
[2019-12-09T04:37:06.460+0000][1][safepoint    ] Total time for which application threads were stopped: 0.0000688 seconds, Stopping threads took: 0.0000163 seconds
[2019-12-09T04:37:07.460+0000][1][safepoint    ] Application time: 1.0000759 seconds
[2019-12-09T04:37:07.460+0000][1][safepoint    ] Entering safepoint region: Cleanup
[2019-12-09T04:37:07.460+0000][1][safepoint    ] Leaving safepoint region
[2019-12-09T04:37:07.460+0000][1][safepoint    ] Total time for which application threads were stopped: 0.0000698 seconds, Stopping threads took: 0.0000157 seconds
[2019-12-09T04:37:08.460+0000][1][safepoint    ] Application time: 1.0000755 seconds
[2019-12-09T04:37:08.460+0000][1][safepoint    ] Entering safepoint region: Cleanup
[2019-12-09T04:37:08.460+0000][1][safepoint    ] Leaving safepoint region
[2019-12-09T04:37:08.460+0000][1][safepoint    ] Total time for which application threads were stopped: 0.0000680 seconds, Stopping threads took: 0.0000161 seconds
[2019-12-09T04:37:09.460+0000][1][safepoint    ] Application time: 1.0000747 seconds
[2019-12-09T04:37:09.460+0000][1][safepoint    ] Entering safepoint region: Cleanup
[2019-12-09T04:37:09.460+0000][1][safepoint    ] Leaving safepoint region
[2019-12-09T04:37:09.460+0000][1][safepoint    ] Total time for which application threads were stopped: 0.0000769 seconds, Stopping threads took: 0.0000230 seconds
[2019-12-09T04:37:10.460+0000][1][safepoint    ] Application time: 1.0000753 seconds
[2019-12-09T04:37:10.460+0000][1][safepoint    ] Entering safepoint region: Cleanup
[2019-12-09T04:37:10.461+0000][1][safepoint    ] Leaving safepoint region
[2019-12-09T04:37:10.461+0000][1][safepoint    ] Total time for which application threads were stopped: 0.0000684 seconds, Stopping threads took: 0.0000154 seconds
[2019-12-09T04:37:11.461+0000][1][safepoint    ] Application time: 1.0000753 seconds
[2019-12-09T04:37:11.461+0000][1][safepoint    ] Entering safepoint region: Cleanup
[2019-12-09T04:37:11.461+0000][1][safepoint    ] Leaving safepoint region
[2019-12-09T04:37:11.461+0000][1][safepoint    ] Total time for which application threads were stopped: 0.0000829 seconds, Stopping threads took: 0.0000296 seconds
[2019-12-09T04:37:12.461+0000][1][safepoint    ] Application time: 1.0000758 seconds
[2019-12-09T04:37:12.461+0000][1][safepoint    ] Entering safepoint region: Cleanup
[2019-12-09T04:37:12.461+0000][1][safepoint    ] Leaving safepoint region
[2019-12-09T04:37:12.461+0000][1][safepoint    ] Total time for which application threads were stopped: 0.0000694 seconds, Stopping threads took: 0.0000162 seconds
[2019-12-09T04:37:13.461+0000][1][safepoint    ] Application time: 1.0000749 seconds
[2019-12-09T04:37:13.461+0000][1][safepoint    ] Entering safepoint region: Cleanup
[2019-12-09T04:37:13.461+0000][1][safepoint    ] Leaving safepoint region
[2019-12-09T04:37:13.461+0000][1][safepoint    ] Total time for which application threads were stopped: 0.0000720 seconds, Stopping threads took: 0.0000178 seconds
[2019-12-09T04:37:14.461+0000][1][safepoint    ] Application time: 1.0000762 seconds
[2019-12-09T04:37:14.461+0000][1][safepoint    ] Entering safepoint region: Cleanup
[2019-12-09T04:37:14.461+0000][1][safepoint    ] Leaving safepoint region
[2019-12-09T04:37:14.461+0000][1][safepoint    ] Total time for which application threads were stopped: 0.0000687 seconds, Stopping threads took: 0.0000159 seconds
[2019-12-09T04:37:15.461+0000][1][safepoint    ] Application time: 1.0000727 seconds
[2019-12-09T04:37:15.461+0000][1][safepoint    ] Entering safepoint region: Cleanup
[2019-12-09T04:37:15.461+0000][1][safepoint    ] Leaving safepoint region
[2019-12-09T04:37:15.461+0000][1][safepoint    ] Total time for which application threads were stopped: 0.0000709 seconds, Stopping threads took: 0.0000164 seconds
[2019-12-09T04:37:16.462+0000][1][safepoint    ] Application time: 1.0000755 seconds
[2019-12-09T04:37:16.462+0000][1][safepoint    ] Entering safepoint region: Cleanup
[2019-12-09T04:37:16.462+0000][1][safepoint    ] Leaving safepoint region
[2019-12-09T04:37:16.462+0000][1][safepoint    ] Total time for which application threads were stopped: 0.0000798 seconds, Stopping threads took: 0.0000178 seconds
[2019-12-09T04:37:17.462+0000][1][safepoint    ] Application time: 1.0000772 seconds
[2019-12-09T04:37:17.462+0000][1][safepoint    ] Entering safepoint region: Cleanup
[2019-12-09T04:37:17.462+0000][1][safepoint    ] Leaving safepoint region
[2019-12-09T04:37:17.462+0000][1][safepoint    ] Total time for which application threads were stopped: 0.0000688 seconds, Stopping threads took: 0.0000162 seconds
[2019-12-09T04:37:17.475+0000][1][safepoint    ] Application time: 0.0130454 seconds
[2019-12-09T04:37:17.475+0000][1][safepoint    ] Entering safepoint region: GenCollectForAllocation
[2019-12-09T04:37:17.475+0000][1][gc,start     ] GC(46) Pause Young (Allocation Failure)
[2019-12-09T04:37:17.475+0000][1][gc,task      ] GC(46) Using 2 workers of 2 for evacuation
[2019-12-09T04:37:17.476+0000][1][gc,age       ] GC(46) Desired survivor size 4456448 bytes, new threshold 6 (max threshold 6)
[2019-12-09T04:37:17.476+0000][1][gc,age       ] GC(46) Age table with threshold 6 (max threshold 6)
[2019-12-09T04:37:17.476+0000][1][gc,age       ] GC(46) - age   1:       3792 bytes,       3792 total
[2019-12-09T04:37:17.476+0000][1][gc,age       ] GC(46) - age   3:         56 bytes,       3848 total
[2019-12-09T04:37:17.476+0000][1][gc,age       ] GC(46) - age   4:       3608 bytes,       7456 total
[2019-12-09T04:37:17.476+0000][1][gc,age       ] GC(46) - age   5:       3912 bytes,      11368 total
[2019-12-09T04:37:17.476+0000][1][gc,age       ] GC(46) - age   6:        232 bytes,      11600 total
[2019-12-09T04:37:17.476+0000][1][gc,heap      ] GC(46) ParNew: 69970K->18K(78656K)
[2019-12-09T04:37:17.476+0000][1][gc,heap      ] GC(46) CMS: 69324K->69326K(174784K)
[2019-12-09T04:37:17.476+0000][1][gc,metaspace ] GC(46) Metaspace: 68445K->68445K(1112064K)
[2019-12-09T04:37:17.476+0000][1][gc           ] GC(46) Pause Young (Allocation Failure) 136M->67M(247M) 1.406ms
[2019-12-09T04:37:17.476+0000][1][gc,cpu       ] GC(46) User=0.00s Sys=0.00s Real=0.00s
[2019-12-09T04:37:17.476+0000][1][safepoint    ] Leaving safepoint region
[2019-12-09T04:37:17.476+0000][1][safepoint    ] Total time for which application threads were stopped: 0.0015297 seconds, Stopping threads took: 0.0000205 seconds
[2019-12-09T04:37:18.477+0000][1][safepoint    ] Application time: 1.0000851 seconds
[2019-12-09T04:37:18.477+0000][1][safepoint    ] Entering safepoint region: Cleanup
[2019-12-09T04:37:18.477+0000][1][safepoint    ] Leaving safepoint region
[2019-12-09T04:37:18.477+0000][1][safepoint    ] Total time for which application threads were stopped: 0.0000951 seconds, Stopping threads took: 0.0000237 seconds
[2019-12-09T04:37:19.477+0000][1][safepoint    ] Application time: 1.0000774 seconds
[2019-12-09T04:37:19.477+0000][1][safepoint    ] Entering safepoint region: Cleanup
[2019-12-09T04:37:19.477+0000][1][safepoint    ] Leaving safepoint region
[2019-12-09T04:37:19.477+0000][1][safepoint    ] Total time for which application threads were stopped: 0.0000625 seconds, Stopping threads took: 0.0000151 seconds
[2019-12-09T04:37:20.477+0000][1][safepoint    ] Application time: 1.0000782 seconds
[2019-12-09T04:37:20.477+0000][1][safepoint    ] Entering safepoint region: Cleanup
[2019-12-09T04:37:20.477+0000][1][safepoint    ] Leaving safepoint region
[2019-12-09T04:37:20.477+0000][1][safepoint    ] Total time for which application threads were stopped: 0.0000636 seconds, Stopping threads took: 0.0000153 seconds
[2019-12-09T04:37:21.477+0000][1][safepoint    ] Application time: 1.0000785 seconds
[2019-12-09T04:37:21.477+0000][1][safepoint    ] Entering safepoint region: Cleanup
[2019-12-09T04:37:21.477+0000][1][safepoint    ] Leaving safepoint region
[2019-12-09T04:37:21.477+0000][1][safepoint    ] Total time for which application threads were stopped: 0.0000648 seconds, Stopping threads took: 0.0000153 seconds
[2019-12-09T04:37:22.477+0000][1][safepoint    ] Application time: 1.0000743 seconds
[2019-12-09T04:37:22.477+0000][1][safepoint    ] Entering safepoint region: Cleanup
[2019-12-09T04:37:22.477+0000][1][safepoint    ] Leaving safepoint region
[2019-12-09T04:37:22.477+0000][1][safepoint    ] Total time for which application threads were stopped: 0.0000734 seconds, Stopping threads took: 0.0000258 seconds
[2019-12-09T04:37:23.477+0000][1][safepoint    ] Application time: 1.0000801 seconds
[2019-12-09T04:37:23.478+0000][1][safepoint    ] Entering safepoint region: Cleanup
[2019-12-09T04:37:23.478+0000][1][safepoint    ] Leaving safepoint region
[2019-12-09T04:37:23.478+0000][1][safepoint    ] Total time for which application threads were stopped: 0.0000666 seconds, Stopping threads took: 0.0000156 seconds
[2019-12-09T04:37:24.478+0000][1][safepoint    ] Application time: 1.0001442 seconds
[2019-12-09T04:37:24.478+0000][1][safepoint    ] Entering safepoint region: Cleanup
[2019-12-09T04:37:24.478+0000][1][safepoint    ] Leaving safepoint region
[2019-12-09T04:37:24.478+0000][1][safepoint    ] Total time for which application threads were stopped: 0.0000689 seconds, Stopping threads took: 0.0000164 seconds
[2019-12-09T04:37:25.478+0000][1][safepoint    ] Application time: 1.0002098 seconds
[2019-12-09T04:37:25.478+0000][1][safepoint    ] Entering safepoint region: Cleanup
[2019-12-09T04:37:25.478+0000][1][safepoint    ] Leaving safepoint region
[2019-12-09T04:37:25.478+0000][1][safepoint    ] Total time for which application threads were stopped: 0.0000891 seconds, Stopping threads took: 0.0000229 seconds
[2019-12-09T04:37:26.478+0000][1][safepoint    ] Application time: 1.0001394 seconds
[2019-12-09T04:37:26.478+0000][1][safepoint    ] Entering safepoint region: Cleanup
[2019-12-09T04:37:26.478+0000][1][safepoint    ] Leaving safepoint region
[2019-12-09T04:37:26.478+0000][1][safepoint    ] Total time for which application threads were stopped: 0.0000921 seconds, Stopping threads took: 0.0000236 seconds
[2019-12-09T04:37:27.479+0000][1][safepoint    ] Application time: 1.0001055 seconds
[2019-12-09T04:37:27.479+0000][1][safepoint    ] Entering safepoint region: Cleanup
[2019-12-09T04:37:27.479+0000][1][safepoint    ] Leaving safepoint region
[2019-12-09T04:37:27.479+0000][1][safepoint    ] Total time for which application threads were stopped: 0.0001238 seconds, Stopping threads took: 0.0000218 seconds
[2019-12-09T04:37:28.479+0000][1][safepoint    ] Application time: 1.0000776 seconds
[2019-12-09T04:37:28.479+0000][1][safepoint    ] Entering safepoint region: Cleanup
[2019-12-09T04:37:28.479+0000][1][safepoint    ] Leaving safepoint region
[2019-12-09T04:37:28.479+0000][1][safepoint    ] Total time for which application threads were stopped: 0.0000695 seconds, Stopping threads took: 0.0000193 seconds
[2019-12-09T04:37:29.479+0000][1][safepoint    ] Application time: 1.0000800 seconds
[2019-12-09T04:37:29.479+0000][1][safepoint    ] Entering safepoint region: Cleanup
[2019-12-09T04:37:29.479+0000][1][safepoint    ] Leaving safepoint region
[2019-12-09T04:37:29.479+0000][1][safepoint    ] Total time for which application threads were stopped: 0.0001121 seconds, Stopping threads took: 0.0000512 seconds
[2019-12-09T04:37:30.479+0000][1][safepoint    ] Application time: 1.0000843 seconds
[2019-12-09T04:37:30.479+0000][1][safepoint    ] Entering safepoint region: Cleanup
[2019-12-09T04:37:30.479+0000][1][safepoint    ] Leaving safepoint region
[2019-12-09T04:37:30.479+0000][1][safepoint    ] Total time for which application threads were stopped: 0.0000633 seconds, Stopping threads took: 0.0000155 seconds
[2019-12-09T04:37:31.479+0000][1][safepoint    ] Application time: 1.0000754 seconds
[2019-12-09T04:37:31.479+0000][1][safepoint    ] Entering safepoint region: Cleanup
[2019-12-09T04:37:31.479+0000][1][safepoint    ] Leaving safepoint region
[2019-12-09T04:37:31.479+0000][1][safepoint    ] Total time for which application threads were stopped: 0.0000640 seconds, Stopping threads took: 0.0000164 seconds
[2019-12-09T04:37:32.480+0000][1][safepoint    ] Application time: 1.0000745 seconds
[2019-12-09T04:37:32.480+0000][1][safepoint    ] Entering safepoint region: Cleanup
[2019-12-09T04:37:32.480+0000][1][safepoint    ] Leaving safepoint region
[2019-12-09T04:37:32.480+0000][1][safepoint    ] Total time for which application threads were stopped: 0.0000636 seconds, Stopping threads took: 0.0000141 seconds
[2019-12-09T04:37:33.480+0000][1][safepoint    ] Application time: 1.0000755 seconds
[2019-12-09T04:37:33.480+0000][1][safepoint    ] Entering safepoint region: Cleanup
[2019-12-09T04:37:33.480+0000][1][safepoint    ] Leaving safepoint region
[2019-12-09T04:37:33.480+0000][1][safepoint    ] Total time for which application threads were stopped: 0.0000637 seconds, Stopping threads took: 0.0000144 seconds
[2019-12-09T04:37:34.480+0000][1][safepoint    ] Application time: 1.0000750 seconds
[2019-12-09T04:37:34.480+0000][1][safepoint    ] Entering safepoint region: Cleanup
[2019-12-09T04:37:34.480+0000][1][safepoint    ] Leaving safepoint region
[2019-12-09T04:37:34.480+0000][1][safepoint    ] Total time for which application threads were stopped: 0.0000651 seconds, Stopping threads took: 0.0000157 seconds
[2019-12-09T04:37:35.480+0000][1][safepoint    ] Application time: 1.0000755 seconds
[2019-12-09T04:37:35.480+0000][1][safepoint    ] Entering safepoint region: Cleanup
[2019-12-09T04:37:35.480+0000][1][safepoint    ] Leaving safepoint region
[2019-12-09T04:37:35.480+0000][1][safepoint    ] Total time for which application threads were stopped: 0.0000685 seconds, Stopping threads took: 0.0000171 seconds
[2019-12-09T04:37:36.480+0000][1][safepoint    ] Application time: 1.0000752 seconds
[2019-12-09T04:37:36.480+0000][1][safepoint    ] Entering safepoint region: Cleanup
[2019-12-09T04:37:36.480+0000][1][safepoint    ] Leaving safepoint region
[2019-12-09T04:37:36.480+0000][1][safepoint    ] Total time for which application threads were stopped: 0.0000686 seconds, Stopping threads took: 0.0000171 seconds
[2019-12-09T04:37:37.480+0000][1][safepoint    ] Application time: 1.0000751 seconds
[2019-12-09T04:37:37.480+0000][1][safepoint    ] Entering safepoint region: Cleanup
[2019-12-09T04:37:37.480+0000][1][safepoint    ] Leaving safepoint region
[2019-12-09T04:37:37.480+0000][1][safepoint    ] Total time for which application threads were stopped: 0.0000662 seconds, Stopping threads took: 0.0000162 seconds
[2019-12-09T04:37:38.481+0000][1][safepoint    ] Application time: 1.0000784 seconds
[2019-12-09T04:37:38.481+0000][1][safepoint    ] Entering safepoint region: Cleanup
[2019-12-09T04:37:38.481+0000][1][safepoint    ] Leaving safepoint region
[2019-12-09T04:37:38.481+0000][1][safepoint    ] Total time for which application threads were stopped: 0.0000795 seconds, Stopping threads took: 0.0000164 seconds
[2019-12-09T04:37:39.481+0000][1][safepoint    ] Application time: 1.0000770 seconds
[2019-12-09T04:37:39.481+0000][1][safepoint    ] Entering safepoint region: Cleanup
[2019-12-09T04:37:39.481+0000][1][safepoint    ] Leaving safepoint region
[2019-12-09T04:37:39.481+0000][1][safepoint    ] Total time for which application threads were stopped: 0.0000726 seconds, Stopping threads took: 0.0000211 seconds
[2019-12-09T04:37:40.481+0000][1][safepoint    ] Application time: 1.0000761 seconds
[2019-12-09T04:37:40.481+0000][1][safepoint    ] Entering safepoint region: Cleanup
[2019-12-09T04:37:40.481+0000][1][safepoint    ] Leaving safepoint region
[2019-12-09T04:37:40.481+0000][1][safepoint    ] Total time for which application threads were stopped: 0.0000661 seconds, Stopping threads took: 0.0000153 seconds
[2019-12-09T04:37:41.481+0000][1][safepoint    ] Application time: 1.0000743 seconds
[2019-12-09T04:37:41.481+0000][1][safepoint    ] Entering safepoint region: Cleanup
[2019-12-09T04:37:41.481+0000][1][safepoint    ] Leaving safepoint region
[2019-12-09T04:37:41.481+0000][1][safepoint    ] Total time for which application threads were stopped: 0.0000702 seconds, Stopping threads took: 0.0000177 seconds
[2019-12-09T04:37:42.481+0000][1][safepoint    ] Application time: 1.0000750 seconds
[2019-12-09T04:37:42.481+0000][1][safepoint    ] Entering safepoint region: Cleanup
[2019-12-09T04:37:42.481+0000][1][safepoint    ] Leaving safepoint region
[2019-12-09T04:37:42.481+0000][1][safepoint    ] Total time for which application threads were stopped: 0.0000678 seconds, Stopping threads took: 0.0000166 seconds
[2019-12-09T04:37:43.482+0000][1][safepoint    ] Application time: 1.0000755 seconds
[2019-12-09T04:37:43.482+0000][1][safepoint    ] Entering safepoint region: Cleanup
[2019-12-09T04:37:43.482+0000][1][safepoint    ] Leaving safepoint region
[2019-12-09T04:37:43.482+0000][1][safepoint    ] Total time for which application threads were stopped: 0.0000696 seconds, Stopping threads took: 0.0000170 seconds
[2019-12-09T04:37:44.482+0000][1][safepoint    ] Application time: 1.0000776 seconds
[2019-12-09T04:37:44.482+0000][1][safepoint    ] Entering safepoint region: Cleanup
[2019-12-09T04:37:44.482+0000][1][safepoint    ] Leaving safepoint region
[2019-12-09T04:37:44.482+0000][1][safepoint    ] Total time for which application threads were stopped: 0.0000685 seconds, Stopping threads took: 0.0000169 seconds
[2019-12-09T04:37:45.482+0000][1][safepoint    ] Application time: 1.0000759 seconds
[2019-12-09T04:37:45.482+0000][1][safepoint    ] Entering safepoint region: Cleanup
[2019-12-09T04:37:45.482+0000][1][safepoint    ] Leaving safepoint region
[2019-12-09T04:37:45.482+0000][1][safepoint    ] Total time for which application threads were stopped: 0.0000675 seconds, Stopping threads took: 0.0000165 seconds
[2019-12-09T04:37:46.482+0000][1][safepoint    ] Application time: 1.0000758 seconds
[2019-12-09T04:37:46.482+0000][1][safepoint    ] Entering safepoint region: Cleanup
[2019-12-09T04:37:46.482+0000][1][safepoint    ] Leaving safepoint region
[2019-12-09T04:37:46.482+0000][1][safepoint    ] Total time for which application threads were stopped: 0.0000669 seconds, Stopping threads took: 0.0000159 seconds
[2019-12-09T04:37:47.482+0000][1][safepoint    ] Application time: 1.0000751 seconds
[2019-12-09T04:37:47.482+0000][1][safepoint    ] Entering safepoint region: Cleanup
[2019-12-09T04:37:47.482+0000][1][safepoint    ] Leaving safepoint region
[2019-12-09T04:37:47.482+0000][1][safepoint    ] Total time for which application threads were stopped: 0.0000678 seconds, Stopping threads took: 0.0000161 seconds
[2019-12-09T04:37:48.482+0000][1][safepoint    ] Application time: 1.0000762 seconds
[2019-12-09T04:37:48.482+0000][1][safepoint    ] Entering safepoint region: Cleanup
[2019-12-09T04:37:48.483+0000][1][safepoint    ] Leaving safepoint region
[2019-12-09T04:37:48.483+0000][1][safepoint    ] Total time for which application threads were stopped: 0.0000698 seconds, Stopping threads took: 0.0000165 seconds
[2019-12-09T04:37:49.483+0000][1][safepoint    ] Application time: 1.0000754 seconds
[2019-12-09T04:37:49.483+0000][1][safepoint    ] Entering safepoint region: Cleanup
[2019-12-09T04:37:49.483+0000][1][safepoint    ] Leaving safepoint region
[2019-12-09T04:37:49.483+0000][1][safepoint    ] Total time for which application threads were stopped: 0.0000827 seconds, Stopping threads took: 0.0000294 seconds
[2019-12-09T04:37:50.483+0000][1][safepoint    ] Application time: 1.0000753 seconds
[2019-12-09T04:37:50.483+0000][1][safepoint    ] Entering safepoint region: Cleanup
[2019-12-09T04:37:50.483+0000][1][safepoint    ] Leaving safepoint region
[2019-12-09T04:37:50.483+0000][1][safepoint    ] Total time for which application threads were stopped: 0.0000648 seconds, Stopping threads took: 0.0000154 seconds
[2019-12-09T04:37:51.486+0000][1][safepoint    ] Application time: 1.0027882 seconds
[2019-12-09T04:37:51.486+0000][1][safepoint    ] Entering safepoint region: Cleanup
[2019-12-09T04:37:51.486+0000][1][safepoint    ] Leaving safepoint region
[2019-12-09T04:37:51.486+0000][1][safepoint    ] Total time for which application threads were stopped: 0.0001017 seconds, Stopping threads took: 0.0000316 seconds
[2019-12-09T04:37:52.486+0000][1][safepoint    ] Application time: 1.0000767 seconds
[2019-12-09T04:37:52.486+0000][1][safepoint    ] Entering safepoint region: Cleanup
[2019-12-09T04:37:52.486+0000][1][safepoint    ] Leaving safepoint region
[2019-12-09T04:37:52.486+0000][1][safepoint    ] Total time for which application threads were stopped: 0.0000630 seconds, Stopping threads took: 0.0000166 seconds
[2019-12-09T04:37:53.486+0000][1][safepoint    ] Application time: 1.0000745 seconds
[2019-12-09T04:37:53.486+0000][1][safepoint    ] Entering safepoint region: Cleanup
[2019-12-09T04:37:53.486+0000][1][safepoint    ] Leaving safepoint region
[2019-12-09T04:37:53.486+0000][1][safepoint    ] Total time for which application threads were stopped: 0.0000647 seconds, Stopping threads took: 0.0000162 seconds
[2019-12-09T04:37:54.486+0000][1][safepoint    ] Application time: 1.0000743 seconds
[2019-12-09T04:37:54.486+0000][1][safepoint    ] Entering safepoint region: Cleanup
[2019-12-09T04:37:54.486+0000][1][safepoint    ] Leaving safepoint region
[2019-12-09T04:37:54.486+0000][1][safepoint    ] Total time for which application threads were stopped: 0.0000643 seconds, Stopping threads took: 0.0000155 seconds
[2019-12-09T04:37:55.486+0000][1][safepoint    ] Application time: 1.0000749 seconds
[2019-12-09T04:37:55.487+0000][1][safepoint    ] Entering safepoint region: Cleanup
[2019-12-09T04:37:55.487+0000][1][safepoint    ] Leaving safepoint region
[2019-12-09T04:37:55.487+0000][1][safepoint    ] Total time for which application threads were stopped: 0.0000687 seconds, Stopping threads took: 0.0000178 seconds
[2019-12-09T04:37:56.487+0000][1][safepoint    ] Application time: 1.0000756 seconds
[2019-12-09T04:37:56.487+0000][1][safepoint    ] Entering safepoint region: Cleanup
[2019-12-09T04:37:56.487+0000][1][safepoint    ] Leaving safepoint region
[2019-12-09T04:37:56.487+0000][1][safepoint    ] Total time for which application threads were stopped: 0.0000690 seconds, Stopping threads took: 0.0000168 seconds
[2019-12-09T04:37:57.487+0000][1][safepoint    ] Application time: 1.0000740 seconds
[2019-12-09T04:37:57.487+0000][1][safepoint    ] Entering safepoint region: Cleanup
[2019-12-09T04:37:57.487+0000][1][safepoint    ] Leaving safepoint region
[2019-12-09T04:37:57.487+0000][1][safepoint    ] Total time for which application threads were stopped: 0.0000629 seconds, Stopping threads took: 0.0000146 seconds
[2019-12-09T04:37:58.487+0000][1][safepoint    ] Application time: 1.0000747 seconds
[2019-12-09T04:37:58.487+0000][1][safepoint    ] Entering safepoint region: Cleanup
[2019-12-09T04:37:58.487+0000][1][safepoint    ] Leaving safepoint region
[2019-12-09T04:37:58.487+0000][1][safepoint    ] Total time for which application threads were stopped: 0.0000674 seconds, Stopping threads took: 0.0000161 seconds
[2019-12-09T04:37:59.487+0000][1][safepoint    ] Application time: 1.0000745 seconds
[2019-12-09T04:37:59.487+0000][1][safepoint    ] Entering safepoint region: Cleanup
[2019-12-09T04:37:59.487+0000][1][safepoint    ] Leaving safepoint region
[2019-12-09T04:37:59.487+0000][1][safepoint    ] Total time for which application threads were stopped: 0.0000652 seconds, Stopping threads took: 0.0000162 seconds
[2019-12-09T04:38:00.487+0000][1][safepoint    ] Application time: 1.0000734 seconds
[2019-12-09T04:38:00.487+0000][1][safepoint    ] Entering safepoint region: Cleanup
[2019-12-09T04:38:00.487+0000][1][safepoint    ] Leaving safepoint region
[2019-12-09T04:38:00.487+0000][1][safepoint    ] Total time for which application threads were stopped: 0.0000651 seconds, Stopping threads took: 0.0000155 seconds
[2019-12-09T04:38:01.488+0000][1][safepoint    ] Application time: 1.0000744 seconds
[2019-12-09T04:38:01.488+0000][1][safepoint    ] Entering safepoint region: Cleanup
[2019-12-09T04:38:01.488+0000][1][safepoint    ] Leaving safepoint region
[2019-12-09T04:38:01.488+0000][1][safepoint    ] Total time for which application threads were stopped: 0.0000868 seconds, Stopping threads took: 0.0000210 seconds
[2019-12-09T04:38:02.488+0000][1][safepoint    ] Application time: 1.0000737 seconds
[2019-12-09T04:38:02.488+0000][1][safepoint    ] Entering safepoint region: Cleanup
[2019-12-09T04:38:02.488+0000][1][safepoint    ] Leaving safepoint region
[2019-12-09T04:38:02.488+0000][1][safepoint    ] Total time for which application threads were stopped: 0.0000644 seconds, Stopping threads took: 0.0000154 seconds
[2019-12-09T04:38:03.488+0000][1][safepoint    ] Application time: 1.0000745 seconds
[2019-12-09T04:38:03.488+0000][1][safepoint    ] Entering safepoint region: Cleanup
[2019-12-09T04:38:03.488+0000][1][safepoint    ] Leaving safepoint region
[2019-12-09T04:38:03.488+0000][1][safepoint    ] Total time for which application threads were stopped: 0.0000671 seconds, Stopping threads took: 0.0000153 seconds
[2019-12-09T04:38:04.488+0000][1][safepoint    ] Application time: 1.0000763 seconds
[2019-12-09T04:38:04.488+0000][1][safepoint    ] Entering safepoint region: Cleanup
[2019-12-09T04:38:04.488+0000][1][safepoint    ] Leaving safepoint region
[2019-12-09T04:38:04.488+0000][1][safepoint    ] Total time for which application threads were stopped: 0.0000733 seconds, Stopping threads took: 0.0000207 seconds
[2019-12-09T04:38:05.488+0000][1][safepoint    ] Application time: 1.0000743 seconds
[2019-12-09T04:38:05.488+0000][1][safepoint    ] Entering safepoint region: Cleanup
[2019-12-09T04:38:05.488+0000][1][safepoint    ] Leaving safepoint region
[2019-12-09T04:38:05.488+0000][1][safepoint    ] Total time for which application threads were stopped: 0.0000640 seconds, Stopping threads took: 0.0000144 seconds
[2019-12-09T04:38:06.488+0000][1][safepoint    ] Application time: 1.0000742 seconds
[2019-12-09T04:38:06.488+0000][1][safepoint    ] Entering safepoint region: Cleanup
[2019-12-09T04:38:06.489+0000][1][safepoint    ] Leaving safepoint region
[2019-12-09T04:38:06.489+0000][1][safepoint    ] Total time for which application threads were stopped: 0.0000661 seconds, Stopping threads took: 0.0000166 seconds
[2019-12-09T04:38:07.489+0000][1][safepoint    ] Application time: 1.0000755 seconds
[2019-12-09T04:38:07.489+0000][1][safepoint    ] Entering safepoint region: Cleanup
[2019-12-09T04:38:07.489+0000][1][safepoint    ] Leaving safepoint region
[2019-12-09T04:38:07.489+0000][1][safepoint    ] Total time for which application threads were stopped: 0.0000722 seconds, Stopping threads took: 0.0000143 seconds
[2019-12-09T04:38:08.489+0000][1][safepoint    ] Application time: 1.0000759 seconds
[2019-12-09T04:38:08.489+0000][1][safepoint    ] Entering safepoint region: Cleanup
[2019-12-09T04:38:08.489+0000][1][safepoint    ] Leaving safepoint region
[2019-12-09T04:38:08.489+0000][1][safepoint    ] Total time for which application threads were stopped: 0.0000659 seconds, Stopping threads took: 0.0000149 seconds
[2019-12-09T04:38:09.489+0000][1][safepoint    ] Application time: 1.0000740 seconds
[2019-12-09T04:38:09.489+0000][1][safepoint    ] Entering safepoint region: Cleanup
[2019-12-09T04:38:09.489+0000][1][safepoint    ] Leaving safepoint region
[2019-12-09T04:38:09.489+0000][1][safepoint    ] Total time for which application threads were stopped: 0.0000658 seconds, Stopping threads took: 0.0000158 seconds
[2019-12-09T04:38:10.489+0000][1][safepoint    ] Application time: 1.0000746 seconds
[2019-12-09T04:38:10.489+0000][1][safepoint    ] Entering safepoint region: Cleanup
[2019-12-09T04:38:10.489+0000][1][safepoint    ] Leaving safepoint region
[2019-12-09T04:38:10.489+0000][1][safepoint    ] Total time for which application threads were stopped: 0.0000650 seconds, Stopping threads took: 0.0000154 seconds
[2019-12-09T04:38:11.489+0000][1][safepoint    ] Application time: 1.0000745 seconds
[2019-12-09T04:38:11.489+0000][1][safepoint    ] Entering safepoint region: Cleanup
[2019-12-09T04:38:11.489+0000][1][safepoint    ] Leaving safepoint region
[2019-12-09T04:38:11.489+0000][1][safepoint    ] Total time for which application threads were stopped: 0.0000658 seconds, Stopping threads took: 0.0000162 seconds
[2019-12-09T04:38:12.490+0000][1][safepoint    ] Application time: 1.0000755 seconds
[2019-12-09T04:38:12.490+0000][1][safepoint    ] Entering safepoint region: Cleanup
[2019-12-09T04:38:12.490+0000][1][safepoint    ] Leaving safepoint region
[2019-12-09T04:38:12.490+0000][1][safepoint    ] Total time for which application threads were stopped: 0.0000626 seconds, Stopping threads took: 0.0000152 seconds
[2019-12-09T04:38:13.490+0000][1][safepoint    ] Application time: 1.0000852 seconds
[2019-12-09T04:38:13.490+0000][1][safepoint    ] Entering safepoint region: Cleanup
[2019-12-09T04:38:13.490+0000][1][safepoint    ] Leaving safepoint region
[2019-12-09T04:38:13.490+0000][1][safepoint    ] Total time for which application threads were stopped: 0.0000703 seconds, Stopping threads took: 0.0000172 seconds
[2019-12-09T04:38:14.490+0000][1][safepoint    ] Application time: 1.0000795 seconds
[2019-12-09T04:38:14.490+0000][1][safepoint    ] Entering safepoint region: Cleanup
[2019-12-09T04:38:14.490+0000][1][safepoint    ] Leaving safepoint region
[2019-12-09T04:38:14.490+0000][1][safepoint    ] Total time for which application threads were stopped: 0.0000830 seconds, Stopping threads took: 0.0000284 seconds
[2019-12-09T04:38:15.490+0000][1][safepoint    ] Application time: 1.0000763 seconds
[2019-12-09T04:38:15.490+0000][1][safepoint    ] Entering safepoint region: Cleanup
[2019-12-09T04:38:15.490+0000][1][safepoint    ] Leaving safepoint region
[2019-12-09T04:38:15.490+0000][1][safepoint    ] Total time for which application threads were stopped: 0.0000676 seconds, Stopping threads took: 0.0000155 seconds
[2019-12-09T04:38:16.490+0000][1][safepoint    ] Application time: 1.0000746 seconds
[2019-12-09T04:38:16.490+0000][1][safepoint    ] Entering safepoint region: Cleanup
[2019-12-09T04:38:16.490+0000][1][safepoint    ] Leaving safepoint region
[2019-12-09T04:38:16.490+0000][1][safepoint    ] Total time for which application threads were stopped: 0.0000680 seconds, Stopping threads took: 0.0000169 seconds
[2019-12-09T04:38:17.490+0000][1][safepoint    ] Application time: 1.0000742 seconds
[2019-12-09T04:38:17.490+0000][1][safepoint    ] Entering safepoint region: Cleanup
[2019-12-09T04:38:17.491+0000][1][safepoint    ] Leaving safepoint region
[2019-12-09T04:38:17.491+0000][1][safepoint    ] Total time for which application threads were stopped: 0.0000702 seconds, Stopping threads took: 0.0000177 seconds
[2019-12-09T04:38:18.491+0000][1][safepoint    ] Application time: 1.0000784 seconds
[2019-12-09T04:38:18.491+0000][1][safepoint    ] Entering safepoint region: Cleanup
[2019-12-09T04:38:18.491+0000][1][safepoint    ] Leaving safepoint region
[2019-12-09T04:38:18.491+0000][1][safepoint    ] Total time for which application threads were stopped: 0.0000776 seconds, Stopping threads took: 0.0000260 seconds
[2019-12-09T04:38:19.491+0000][1][safepoint    ] Application time: 1.0000782 seconds
[2019-12-09T04:38:19.491+0000][1][safepoint    ] Entering safepoint region: Cleanup
[2019-12-09T04:38:19.491+0000][1][safepoint    ] Leaving safepoint region
[2019-12-09T04:38:19.491+0000][1][safepoint    ] Total time for which application threads were stopped: 0.0000746 seconds, Stopping threads took: 0.0000230 seconds
[2019-12-09T04:38:20.491+0000][1][safepoint    ] Application time: 1.0000803 seconds
[2019-12-09T04:38:20.491+0000][1][safepoint    ] Entering safepoint region: Cleanup
[2019-12-09T04:38:20.491+0000][1][safepoint    ] Leaving safepoint region
[2019-12-09T04:38:20.491+0000][1][safepoint    ] Total time for which application threads were stopped: 0.0000686 seconds, Stopping threads took: 0.0000169 seconds
[2019-12-09T04:38:21.491+0000][1][safepoint    ] Application time: 1.0000777 seconds
[2019-12-09T04:38:21.491+0000][1][safepoint    ] Entering safepoint region: Cleanup
[2019-12-09T04:38:21.491+0000][1][safepoint    ] Leaving safepoint region
[2019-12-09T04:38:21.491+0000][1][safepoint    ] Total time for which application threads were stopped: 0.0000658 seconds, Stopping threads took: 0.0000157 seconds
[2019-12-09T04:38:22.491+0000][1][safepoint    ] Application time: 1.0000769 seconds
[2019-12-09T04:38:22.491+0000][1][safepoint    ] Entering safepoint region: Cleanup
[2019-12-09T04:38:22.492+0000][1][safepoint    ] Leaving safepoint region
[2019-12-09T04:38:22.492+0000][1][safepoint    ] Total time for which application threads were stopped: 0.0000696 seconds, Stopping threads took: 0.0000184 seconds
[2019-12-09T04:38:23.492+0000][1][safepoint    ] Application time: 1.0000767 seconds
[2019-12-09T04:38:23.492+0000][1][safepoint    ] Entering safepoint region: Cleanup
[2019-12-09T04:38:23.492+0000][1][safepoint    ] Leaving safepoint region
[2019-12-09T04:38:23.492+0000][1][safepoint    ] Total time for which application threads were stopped: 0.0000786 seconds, Stopping threads took: 0.0000174 seconds
[2019-12-09T04:38:24.492+0000][1][safepoint    ] Application time: 1.0000783 seconds
[2019-12-09T04:38:24.492+0000][1][safepoint    ] Entering safepoint region: Cleanup
[2019-12-09T04:38:24.492+0000][1][safepoint    ] Leaving safepoint region
[2019-12-09T04:38:24.492+0000][1][safepoint    ] Total time for which application threads were stopped: 0.0000784 seconds, Stopping threads took: 0.0000245 seconds
[2019-12-09T04:38:25.492+0000][1][safepoint    ] Application time: 1.0000787 seconds
[2019-12-09T04:38:25.492+0000][1][safepoint    ] Entering safepoint region: Cleanup
[2019-12-09T04:38:25.492+0000][1][safepoint    ] Leaving safepoint region
[2019-12-09T04:38:25.492+0000][1][safepoint    ] Total time for which application threads were stopped: 0.0000751 seconds, Stopping threads took: 0.0000235 seconds
[2019-12-09T04:38:26.492+0000][1][safepoint    ] Application time: 1.0000770 seconds
[2019-12-09T04:38:26.492+0000][1][safepoint    ] Entering safepoint region: Cleanup
[2019-12-09T04:38:26.492+0000][1][safepoint    ] Leaving safepoint region
[2019-12-09T04:38:26.492+0000][1][safepoint    ] Total time for which application threads were stopped: 0.0000658 seconds, Stopping threads took: 0.0000154 seconds
[2019-12-09T04:38:27.492+0000][1][safepoint    ] Application time: 1.0000777 seconds
[2019-12-09T04:38:27.492+0000][1][safepoint    ] Entering safepoint region: Cleanup
[2019-12-09T04:38:27.492+0000][1][safepoint    ] Leaving safepoint region
[2019-12-09T04:38:27.492+0000][1][safepoint    ] Total time for which application threads were stopped: 0.0000697 seconds, Stopping threads took: 0.0000173 seconds
[2019-12-09T04:38:28.493+0000][1][safepoint    ] Application time: 1.0000778 seconds
[2019-12-09T04:38:28.493+0000][1][safepoint    ] Entering safepoint region: Cleanup
[2019-12-09T04:38:28.493+0000][1][safepoint    ] Leaving safepoint region
[2019-12-09T04:38:28.493+0000][1][safepoint    ] Total time for which application threads were stopped: 0.0000713 seconds, Stopping threads took: 0.0000172 seconds
[2019-12-09T04:38:29.493+0000][1][safepoint    ] Application time: 1.0000767 seconds
[2019-12-09T04:38:29.493+0000][1][safepoint    ] Entering safepoint region: Cleanup
[2019-12-09T04:38:29.493+0000][1][safepoint    ] Leaving safepoint region
[2019-12-09T04:38:29.493+0000][1][safepoint    ] Total time for which application threads were stopped: 0.0000674 seconds, Stopping threads took: 0.0000168 seconds
[2019-12-09T04:38:30.493+0000][1][safepoint    ] Application time: 1.0000772 seconds
[2019-12-09T04:38:30.493+0000][1][safepoint    ] Entering safepoint region: Cleanup
[2019-12-09T04:38:30.493+0000][1][safepoint    ] Leaving safepoint region
[2019-12-09T04:38:30.493+0000][1][safepoint    ] Total time for which application threads were stopped: 0.0000684 seconds, Stopping threads took: 0.0000161 seconds
[2019-12-09T04:38:31.493+0000][1][safepoint    ] Application time: 1.0000872 seconds
[2019-12-09T04:38:31.493+0000][1][safepoint    ] Entering safepoint region: Cleanup
[2019-12-09T04:38:31.493+0000][1][safepoint    ] Leaving safepoint region
[2019-12-09T04:38:31.493+0000][1][safepoint    ] Total time for which application threads were stopped: 0.0000902 seconds, Stopping threads took: 0.0000214 seconds
[2019-12-09T04:38:32.493+0000][1][safepoint    ] Application time: 1.0000779 seconds
[2019-12-09T04:38:32.493+0000][1][safepoint    ] Entering safepoint region: Cleanup
[2019-12-09T04:38:32.493+0000][1][safepoint    ] Leaving safepoint region
[2019-12-09T04:38:32.493+0000][1][safepoint    ] Total time for which application threads were stopped: 0.0000689 seconds, Stopping threads took: 0.0000162 seconds
[2019-12-09T04:38:33.494+0000][1][safepoint    ] Application time: 1.0000772 seconds
[2019-12-09T04:38:33.494+0000][1][safepoint    ] Entering safepoint region: Cleanup
[2019-12-09T04:38:33.494+0000][1][safepoint    ] Leaving safepoint region
[2019-12-09T04:38:33.494+0000][1][safepoint    ] Total time for which application threads were stopped: 0.0000707 seconds, Stopping threads took: 0.0000167 seconds
[2019-12-09T04:38:34.494+0000][1][safepoint    ] Application time: 1.0000840 seconds
[2019-12-09T04:38:34.494+0000][1][safepoint    ] Entering safepoint region: Cleanup
[2019-12-09T04:38:34.494+0000][1][safepoint    ] Leaving safepoint region
[2019-12-09T04:38:34.494+0000][1][safepoint    ] Total time for which application threads were stopped: 0.0000781 seconds, Stopping threads took: 0.0000249 seconds
[2019-12-09T04:38:35.494+0000][1][safepoint    ] Application time: 1.0000814 seconds
[2019-12-09T04:38:35.494+0000][1][safepoint    ] Entering safepoint region: Cleanup
[2019-12-09T04:38:35.494+0000][1][safepoint    ] Leaving safepoint region
[2019-12-09T04:38:35.494+0000][1][safepoint    ] Total time for which application threads were stopped: 0.0000746 seconds, Stopping threads took: 0.0000229 seconds
[2019-12-09T04:38:36.495+0000][1][safepoint    ] Application time: 1.0004408 seconds
[2019-12-09T04:38:36.495+0000][1][safepoint    ] Entering safepoint region: Cleanup
[2019-12-09T04:38:36.495+0000][1][safepoint    ] Leaving safepoint region
[2019-12-09T04:38:36.495+0000][1][safepoint    ] Total time for which application threads were stopped: 0.0000928 seconds, Stopping threads took: 0.0000209 seconds
[2019-12-09T04:38:37.495+0000][1][safepoint    ] Application time: 1.0000914 seconds
[2019-12-09T04:38:37.495+0000][1][safepoint    ] Entering safepoint region: Cleanup
[2019-12-09T04:38:37.495+0000][1][safepoint    ] Leaving safepoint region
[2019-12-09T04:38:37.495+0000][1][safepoint    ] Total time for which application threads were stopped: 0.0000689 seconds, Stopping threads took: 0.0000163 seconds
[2019-12-09T04:38:38.495+0000][1][safepoint    ] Application time: 1.0000817 seconds
[2019-12-09T04:38:38.495+0000][1][safepoint    ] Entering safepoint region: Cleanup
[2019-12-09T04:38:38.495+0000][1][safepoint    ] Leaving safepoint region
[2019-12-09T04:38:38.495+0000][1][safepoint    ] Total time for which application threads were stopped: 0.0000700 seconds, Stopping threads took: 0.0000180 seconds
[2019-12-09T04:38:39.495+0000][1][safepoint    ] Application time: 1.0000739 seconds
[2019-12-09T04:38:39.495+0000][1][safepoint    ] Entering safepoint region: Cleanup
[2019-12-09T04:38:39.495+0000][1][safepoint    ] Leaving safepoint region
[2019-12-09T04:38:39.495+0000][1][safepoint    ] Total time for which application threads were stopped: 0.0000699 seconds, Stopping threads took: 0.0000166 seconds
[2019-12-09T04:38:40.495+0000][1][safepoint    ] Application time: 1.0000737 seconds
[2019-12-09T04:38:40.495+0000][1][safepoint    ] Entering safepoint region: Cleanup
[2019-12-09T04:38:40.495+0000][1][safepoint    ] Leaving safepoint region
[2019-12-09T04:38:40.495+0000][1][safepoint    ] Total time for which application threads were stopped: 0.0000690 seconds, Stopping threads took: 0.0000159 seconds
[2019-12-09T04:38:41.496+0000][1][safepoint    ] Application time: 1.0000751 seconds
[2019-12-09T04:38:41.496+0000][1][safepoint    ] Entering safepoint region: Cleanup
[2019-12-09T04:38:41.496+0000][1][safepoint    ] Leaving safepoint region
[2019-12-09T04:38:41.496+0000][1][safepoint    ] Total time for which application threads were stopped: 0.0000704 seconds, Stopping threads took: 0.0000162 seconds
[2019-12-09T04:38:42.496+0000][1][safepoint    ] Application time: 1.0000747 seconds
[2019-12-09T04:38:42.496+0000][1][safepoint    ] Entering safepoint region: Cleanup
[2019-12-09T04:38:42.496+0000][1][safepoint    ] Leaving safepoint region
[2019-12-09T04:38:42.496+0000][1][safepoint    ] Total time for which application threads were stopped: 0.0000682 seconds, Stopping threads took: 0.0000162 seconds
[2019-12-09T04:38:43.496+0000][1][safepoint    ] Application time: 1.0000765 seconds
[2019-12-09T04:38:43.496+0000][1][safepoint    ] Entering safepoint region: Cleanup
[2019-12-09T04:38:43.496+0000][1][safepoint    ] Leaving safepoint region
[2019-12-09T04:38:43.496+0000][1][safepoint    ] Total time for which application threads were stopped: 0.0000700 seconds, Stopping threads took: 0.0000165 seconds
[2019-12-09T04:38:44.496+0000][1][safepoint    ] Application time: 1.0000546 seconds
[2019-12-09T04:38:44.496+0000][1][safepoint    ] Entering safepoint region: Cleanup
[2019-12-09T04:38:44.496+0000][1][safepoint    ] Leaving safepoint region
[2019-12-09T04:38:44.496+0000][1][safepoint    ] Total time for which application threads were stopped: 0.0000748 seconds, Stopping threads took: 0.0000222 seconds
[2019-12-09T04:38:45.496+0000][1][safepoint    ] Application time: 1.0000766 seconds
[2019-12-09T04:38:45.496+0000][1][safepoint    ] Entering safepoint region: Cleanup
[2019-12-09T04:38:45.496+0000][1][safepoint    ] Leaving safepoint region
[2019-12-09T04:38:45.496+0000][1][safepoint    ] Total time for which application threads were stopped: 0.0000683 seconds, Stopping threads took: 0.0000157 seconds
[2019-12-09T04:38:46.496+0000][1][safepoint    ] Application time: 1.0000757 seconds
[2019-12-09T04:38:46.496+0000][1][safepoint    ] Entering safepoint region: Cleanup
[2019-12-09T04:38:46.497+0000][1][safepoint    ] Leaving safepoint region
[2019-12-09T04:38:46.497+0000][1][safepoint    ] Total time for which application threads were stopped: 0.0000678 seconds, Stopping threads took: 0.0000168 seconds
[2019-12-09T04:38:47.497+0000][1][safepoint    ] Application time: 1.0000771 seconds
[2019-12-09T04:38:47.497+0000][1][safepoint    ] Entering safepoint region: Cleanup
[2019-12-09T04:38:47.497+0000][1][safepoint    ] Leaving safepoint region
[2019-12-09T04:38:47.497+0000][1][safepoint    ] Total time for which application threads were stopped: 0.0000779 seconds, Stopping threads took: 0.0000258 seconds
[2019-12-09T04:38:48.497+0000][1][safepoint    ] Application time: 1.0000767 seconds
[2019-12-09T04:38:48.497+0000][1][safepoint    ] Entering safepoint region: Cleanup
[2019-12-09T04:38:48.497+0000][1][safepoint    ] Leaving safepoint region
[2019-12-09T04:38:48.497+0000][1][safepoint    ] Total time for which application threads were stopped: 0.0000690 seconds, Stopping threads took: 0.0000158 seconds
[2019-12-09T04:38:49.497+0000][1][safepoint    ] Application time: 1.0000775 seconds
[2019-12-09T04:38:49.497+0000][1][safepoint    ] Entering safepoint region: Cleanup
[2019-12-09T04:38:49.497+0000][1][safepoint    ] Leaving safepoint region
[2019-12-09T04:38:49.497+0000][1][safepoint    ] Total time for which application threads were stopped: 0.0000697 seconds, Stopping threads took: 0.0000168 seconds
[2019-12-09T04:38:50.497+0000][1][safepoint    ] Application time: 1.0000812 seconds
[2019-12-09T04:38:50.497+0000][1][safepoint    ] Entering safepoint region: Cleanup
[2019-12-09T04:38:50.497+0000][1][safepoint    ] Leaving safepoint region
[2019-12-09T04:38:50.497+0000][1][safepoint    ] Total time for which application threads were stopped: 0.0000715 seconds, Stopping threads took: 0.0000182 seconds
[2019-12-09T04:38:51.497+0000][1][safepoint    ] Application time: 1.0000758 seconds
[2019-12-09T04:38:51.497+0000][1][safepoint    ] Entering safepoint region: Cleanup
[2019-12-09T04:38:51.498+0000][1][safepoint    ] Leaving safepoint region
[2019-12-09T04:38:51.498+0000][1][safepoint    ] Total time for which application threads were stopped: 0.0000728 seconds, Stopping threads took: 0.0000179 seconds
[2019-12-09T04:38:52.498+0000][1][safepoint    ] Application time: 1.0000759 seconds
[2019-12-09T04:38:52.498+0000][1][safepoint    ] Entering safepoint region: Cleanup
[2019-12-09T04:38:52.498+0000][1][safepoint    ] Leaving safepoint region
[2019-12-09T04:38:52.498+0000][1][safepoint    ] Total time for which application threads were stopped: 0.0000814 seconds, Stopping threads took: 0.0000167 seconds
[2019-12-09T04:38:53.498+0000][1][safepoint    ] Application time: 1.0000475 seconds
[2019-12-09T04:38:53.498+0000][1][safepoint    ] Entering safepoint region: Cleanup
[2019-12-09T04:38:53.498+0000][1][safepoint    ] Leaving safepoint region
[2019-12-09T04:38:53.498+0000][1][safepoint    ] Total time for which application threads were stopped: 0.0000713 seconds, Stopping threads took: 0.0000173 seconds
[2019-12-09T04:38:54.498+0000][1][safepoint    ] Application time: 1.0000757 seconds
[2019-12-09T04:38:54.498+0000][1][safepoint    ] Entering safepoint region: Cleanup
[2019-12-09T04:38:54.498+0000][1][safepoint    ] Leaving safepoint region
[2019-12-09T04:38:54.498+0000][1][safepoint    ] Total time for which application threads were stopped: 0.0000822 seconds, Stopping threads took: 0.0000165 seconds
[2019-12-09T04:38:55.498+0000][1][safepoint    ] Application time: 1.0000756 seconds
[2019-12-09T04:38:55.498+0000][1][safepoint    ] Entering safepoint region: Cleanup
[2019-12-09T04:38:55.498+0000][1][safepoint    ] Leaving safepoint region
[2019-12-09T04:38:55.498+0000][1][safepoint    ] Total time for which application threads were stopped: 0.0000698 seconds, Stopping threads took: 0.0000173 seconds
[2019-12-09T04:38:56.498+0000][1][safepoint    ] Application time: 1.0000771 seconds
[2019-12-09T04:38:56.498+0000][1][safepoint    ] Entering safepoint region: Cleanup
[2019-12-09T04:38:56.498+0000][1][safepoint    ] Leaving safepoint region
[2019-12-09T04:38:56.498+0000][1][safepoint    ] Total time for which application threads were stopped: 0.0000728 seconds, Stopping threads took: 0.0000179 seconds
[2019-12-09T04:38:57.499+0000][1][safepoint    ] Application time: 1.0000756 seconds
[2019-12-09T04:38:57.499+0000][1][safepoint    ] Entering safepoint region: Cleanup
[2019-12-09T04:38:57.499+0000][1][safepoint    ] Leaving safepoint region
[2019-12-09T04:38:57.499+0000][1][safepoint    ] Total time for which application threads were stopped: 0.0000731 seconds, Stopping threads took: 0.0000185 seconds
[2019-12-09T04:38:58.499+0000][1][safepoint    ] Application time: 1.0000774 seconds
[2019-12-09T04:38:58.499+0000][1][safepoint    ] Entering safepoint region: Cleanup
[2019-12-09T04:38:58.499+0000][1][safepoint    ] Leaving safepoint region
[2019-12-09T04:38:58.499+0000][1][safepoint    ] Total time for which application threads were stopped: 0.0000705 seconds, Stopping threads took: 0.0000173 seconds
[2019-12-09T04:38:59.499+0000][1][safepoint    ] Application time: 1.0000774 seconds
[2019-12-09T04:38:59.499+0000][1][safepoint    ] Entering safepoint region: Cleanup
[2019-12-09T04:38:59.499+0000][1][safepoint    ] Leaving safepoint region
[2019-12-09T04:38:59.499+0000][1][safepoint    ] Total time for which application threads were stopped: 0.0000696 seconds, Stopping threads took: 0.0000160 seconds
[2019-12-09T04:39:00.499+0000][1][safepoint    ] Application time: 1.0000744 seconds
[2019-12-09T04:39:00.499+0000][1][safepoint    ] Entering safepoint region: Cleanup
[2019-12-09T04:39:00.499+0000][1][safepoint    ] Leaving safepoint region
[2019-12-09T04:39:00.499+0000][1][safepoint    ] Total time for which application threads were stopped: 0.0000817 seconds, Stopping threads took: 0.0000189 seconds
[2019-12-09T04:39:01.499+0000][1][safepoint    ] Application time: 1.0000759 seconds
[2019-12-09T04:39:01.499+0000][1][safepoint    ] Entering safepoint region: Cleanup
[2019-12-09T04:39:01.499+0000][1][safepoint    ] Leaving safepoint region
[2019-12-09T04:39:01.499+0000][1][safepoint    ] Total time for which application threads were stopped: 0.0000726 seconds, Stopping threads took: 0.0000174 seconds
[2019-12-09T04:39:02.500+0000][1][safepoint    ] Application time: 1.0000774 seconds
[2019-12-09T04:39:02.500+0000][1][safepoint    ] Entering safepoint region: Cleanup
[2019-12-09T04:39:02.500+0000][1][safepoint    ] Leaving safepoint region
[2019-12-09T04:39:02.500+0000][1][safepoint    ] Total time for which application threads were stopped: 0.0000700 seconds, Stopping threads took: 0.0000175 seconds
[2019-12-09T04:39:03.500+0000][1][safepoint    ] Application time: 1.0000752 seconds
[2019-12-09T04:39:03.500+0000][1][safepoint    ] Entering safepoint region: Cleanup
[2019-12-09T04:39:03.500+0000][1][safepoint    ] Leaving safepoint region
[2019-12-09T04:39:03.500+0000][1][safepoint    ] Total time for which application threads were stopped: 0.0000704 seconds, Stopping threads took: 0.0000173 seconds
[2019-12-09T04:39:04.500+0000][1][safepoint    ] Application time: 1.0000752 seconds
[2019-12-09T04:39:04.500+0000][1][safepoint    ] Entering safepoint region: Cleanup
[2019-12-09T04:39:04.500+0000][1][safepoint    ] Leaving safepoint region
[2019-12-09T04:39:04.500+0000][1][safepoint    ] Total time for which application threads were stopped: 0.0000776 seconds, Stopping threads took: 0.0000166 seconds
[2019-12-09T04:39:05.500+0000][1][safepoint    ] Application time: 1.0000770 seconds
[2019-12-09T04:39:05.500+0000][1][safepoint    ] Entering safepoint region: Cleanup
[2019-12-09T04:39:05.500+0000][1][safepoint    ] Leaving safepoint region
[2019-12-09T04:39:05.500+0000][1][safepoint    ] Total time for which application threads were stopped: 0.0000810 seconds, Stopping threads took: 0.0000283 seconds
[2019-12-09T04:39:06.500+0000][1][safepoint    ] Application time: 1.0000763 seconds
[2019-12-09T04:39:06.500+0000][1][safepoint    ] Entering safepoint region: Cleanup
[2019-12-09T04:39:06.500+0000][1][safepoint    ] Leaving safepoint region
[2019-12-09T04:39:06.500+0000][1][safepoint    ] Total time for which application threads were stopped: 0.0000725 seconds, Stopping threads took: 0.0000189 seconds
[2019-12-09T04:39:07.500+0000][1][safepoint    ] Application time: 1.0000751 seconds
[2019-12-09T04:39:07.501+0000][1][safepoint    ] Entering safepoint region: Cleanup
[2019-12-09T04:39:07.501+0000][1][safepoint    ] Leaving safepoint region
[2019-12-09T04:39:07.501+0000][1][safepoint    ] Total time for which application threads were stopped: 0.0000703 seconds, Stopping threads took: 0.0000179 seconds
[2019-12-09T04:39:08.501+0000][1][safepoint    ] Application time: 1.0000841 seconds
[2019-12-09T04:39:08.501+0000][1][safepoint    ] Entering safepoint region: Cleanup
[2019-12-09T04:39:08.501+0000][1][safepoint    ] Leaving safepoint region
[2019-12-09T04:39:08.501+0000][1][safepoint    ] Total time for which application threads were stopped: 0.0000704 seconds, Stopping threads took: 0.0000163 seconds
[2019-12-09T04:39:09.501+0000][1][safepoint    ] Application time: 1.0000757 seconds
[2019-12-09T04:39:09.501+0000][1][safepoint    ] Entering safepoint region: Cleanup
[2019-12-09T04:39:09.501+0000][1][safepoint    ] Leaving safepoint region
[2019-12-09T04:39:09.501+0000][1][safepoint    ] Total time for which application threads were stopped: 0.0000717 seconds, Stopping threads took: 0.0000190 seconds
[2019-12-09T04:39:10.501+0000][1][safepoint    ] Application time: 1.0000759 seconds
[2019-12-09T04:39:10.501+0000][1][safepoint    ] Entering safepoint region: Cleanup
[2019-12-09T04:39:10.501+0000][1][safepoint    ] Leaving safepoint region
[2019-12-09T04:39:10.501+0000][1][safepoint    ] Total time for which application threads were stopped: 0.0000716 seconds, Stopping threads took: 0.0000168 seconds
[2019-12-09T04:39:11.501+0000][1][safepoint    ] Application time: 1.0000758 seconds
[2019-12-09T04:39:11.501+0000][1][safepoint    ] Entering safepoint region: Cleanup
[2019-12-09T04:39:11.501+0000][1][safepoint    ] Leaving safepoint region
[2019-12-09T04:39:11.501+0000][1][safepoint    ] Total time for which application threads were stopped: 0.0000702 seconds, Stopping threads took: 0.0000172 seconds
[2019-12-09T04:39:12.501+0000][1][safepoint    ] Application time: 1.0000758 seconds
[2019-12-09T04:39:12.501+0000][1][safepoint    ] Entering safepoint region: Cleanup
[2019-12-09T04:39:12.502+0000][1][safepoint    ] Leaving safepoint region
[2019-12-09T04:39:12.502+0000][1][safepoint    ] Total time for which application threads were stopped: 0.0000688 seconds, Stopping threads took: 0.0000168 seconds
[2019-12-09T04:39:13.502+0000][1][safepoint    ] Application time: 1.0000762 seconds
[2019-12-09T04:39:13.502+0000][1][safepoint    ] Entering safepoint region: Cleanup
[2019-12-09T04:39:13.502+0000][1][safepoint    ] Leaving safepoint region
[2019-12-09T04:39:13.502+0000][1][safepoint    ] Total time for which application threads were stopped: 0.0000721 seconds, Stopping threads took: 0.0000196 seconds
[2019-12-09T04:39:14.502+0000][1][safepoint    ] Application time: 1.0000774 seconds
[2019-12-09T04:39:14.502+0000][1][safepoint    ] Entering safepoint region: Cleanup
[2019-12-09T04:39:14.502+0000][1][safepoint    ] Leaving safepoint region
[2019-12-09T04:39:14.502+0000][1][safepoint    ] Total time for which application threads were stopped: 0.0000687 seconds, Stopping threads took: 0.0000161 seconds
[2019-12-09T04:39:15.502+0000][1][safepoint    ] Application time: 1.0000756 seconds
[2019-12-09T04:39:15.502+0000][1][safepoint    ] Entering safepoint region: Cleanup
[2019-12-09T04:39:15.502+0000][1][safepoint    ] Leaving safepoint region
[2019-12-09T04:39:15.502+0000][1][safepoint    ] Total time for which application threads were stopped: 0.0000716 seconds, Stopping threads took: 0.0000193 seconds
[2019-12-09T04:39:16.502+0000][1][safepoint    ] Application time: 1.0000759 seconds
[2019-12-09T04:39:16.502+0000][1][safepoint    ] Entering safepoint region: Cleanup
[2019-12-09T04:39:16.502+0000][1][safepoint    ] Leaving safepoint region
[2019-12-09T04:39:16.502+0000][1][safepoint    ] Total time for which application threads were stopped: 0.0000725 seconds, Stopping threads took: 0.0000178 seconds
[2019-12-09T04:39:17.502+0000][1][safepoint    ] Application time: 1.0000769 seconds
[2019-12-09T04:39:17.502+0000][1][safepoint    ] Entering safepoint region: Cleanup
[2019-12-09T04:39:17.503+0000][1][safepoint    ] Leaving safepoint region
[2019-12-09T04:39:17.503+0000][1][safepoint    ] Total time for which application threads were stopped: 0.0000708 seconds, Stopping threads took: 0.0000166 seconds
[2019-12-09T04:39:17.526+0000][1][safepoint    ] Application time: 0.0237508 seconds
[2019-12-09T04:39:17.526+0000][1][safepoint    ] Entering safepoint region: GenCollectForAllocation
[2019-12-09T04:39:17.526+0000][1][gc,start     ] GC(47) Pause Young (Allocation Failure)
[2019-12-09T04:39:17.526+0000][1][gc,task      ] GC(47) Using 2 workers of 2 for evacuation
[2019-12-09T04:39:17.528+0000][1][gc,age       ] GC(47) Desired survivor size 4456448 bytes, new threshold 6 (max threshold 6)
[2019-12-09T04:39:17.528+0000][1][gc,age       ] GC(47) Age table with threshold 6 (max threshold 6)
[2019-12-09T04:39:17.528+0000][1][gc,age       ] GC(47) - age   1:       3272 bytes,       3272 total
[2019-12-09T04:39:17.528+0000][1][gc,age       ] GC(47) - age   2:        520 bytes,       3792 total
[2019-12-09T04:39:17.528+0000][1][gc,age       ] GC(47) - age   4:         56 bytes,       3848 total
[2019-12-09T04:39:17.528+0000][1][gc,age       ] GC(47) - age   5:       3608 bytes,       7456 total
[2019-12-09T04:39:17.528+0000][1][gc,age       ] GC(47) - age   6:       3912 bytes,      11368 total
[2019-12-09T04:39:17.528+0000][1][gc,heap      ] GC(47) ParNew: 69970K->17K(78656K)
[2019-12-09T04:39:17.528+0000][1][gc,heap      ] GC(47) CMS: 69326K->69326K(174784K)
[2019-12-09T04:39:17.528+0000][1][gc,metaspace ] GC(47) Metaspace: 68445K->68445K(1112064K)
[2019-12-09T04:39:17.528+0000][1][gc           ] GC(47) Pause Young (Allocation Failure) 136M->67M(247M) 1.489ms
[2019-12-09T04:39:17.528+0000][1][gc,cpu       ] GC(47) User=0.00s Sys=0.00s Real=0.00s
[2019-12-09T04:39:17.528+0000][1][safepoint    ] Leaving safepoint region
[2019-12-09T04:39:17.528+0000][1][safepoint    ] Total time for which application threads were stopped: 0.0016093 seconds, Stopping threads took: 0.0000156 seconds
[2019-12-09T04:39:18.528+0000][1][safepoint    ] Application time: 1.0000858 seconds
[2019-12-09T04:39:18.528+0000][1][safepoint    ] Entering safepoint region: Cleanup
[2019-12-09T04:39:18.528+0000][1][safepoint    ] Leaving safepoint region
[2019-12-09T04:39:18.528+0000][1][safepoint    ] Total time for which application threads were stopped: 0.0000814 seconds, Stopping threads took: 0.0000166 seconds
[2019-12-09T04:39:19.528+0000][1][safepoint    ] Application time: 1.0000796 seconds
[2019-12-09T04:39:19.528+0000][1][safepoint    ] Entering safepoint region: Cleanup
[2019-12-09T04:39:19.528+0000][1][safepoint    ] Leaving safepoint region
[2019-12-09T04:39:19.528+0000][1][safepoint    ] Total time for which application threads were stopped: 0.0000629 seconds, Stopping threads took: 0.0000141 seconds
[2019-12-09T04:39:20.528+0000][1][safepoint    ] Application time: 1.0000760 seconds
[2019-12-09T04:39:20.528+0000][1][safepoint    ] Entering safepoint region: Cleanup
[2019-12-09T04:39:20.528+0000][1][safepoint    ] Leaving safepoint region
[2019-12-09T04:39:20.528+0000][1][safepoint    ] Total time for which application threads were stopped: 0.0000724 seconds, Stopping threads took: 0.0000227 seconds
[2019-12-09T04:39:21.529+0000][1][safepoint    ] Application time: 1.0000798 seconds
[2019-12-09T04:39:21.529+0000][1][safepoint    ] Entering safepoint region: Cleanup
[2019-12-09T04:39:21.529+0000][1][safepoint    ] Leaving safepoint region
[2019-12-09T04:39:21.529+0000][1][safepoint    ] Total time for which application threads were stopped: 0.0000693 seconds, Stopping threads took: 0.0000168 seconds
[2019-12-09T04:39:22.529+0000][1][safepoint    ] Application time: 1.0000803 seconds
[2019-12-09T04:39:22.529+0000][1][safepoint    ] Entering safepoint region: Cleanup
[2019-12-09T04:39:22.529+0000][1][safepoint    ] Leaving safepoint region
[2019-12-09T04:39:22.529+0000][1][safepoint    ] Total time for which application threads were stopped: 0.0000687 seconds, Stopping threads took: 0.0000173 seconds
[2019-12-09T04:39:23.529+0000][1][safepoint    ] Application time: 1.0001473 seconds
[2019-12-09T04:39:23.529+0000][1][safepoint    ] Entering safepoint region: Cleanup
[2019-12-09T04:39:23.529+0000][1][safepoint    ] Leaving safepoint region
[2019-12-09T04:39:23.529+0000][1][safepoint    ] Total time for which application threads were stopped: 0.0000687 seconds, Stopping threads took: 0.0000170 seconds
[2019-12-09T04:39:24.529+0000][1][safepoint    ] Application time: 1.0000822 seconds
[2019-12-09T04:39:24.529+0000][1][safepoint    ] Entering safepoint region: Cleanup
[2019-12-09T04:39:24.529+0000][1][safepoint    ] Leaving safepoint region
[2019-12-09T04:39:24.529+0000][1][safepoint    ] Total time for which application threads were stopped: 0.0000937 seconds, Stopping threads took: 0.0000234 seconds
[2019-12-09T04:39:25.529+0000][1][safepoint    ] Application time: 1.0000730 seconds
[2019-12-09T04:39:25.529+0000][1][safepoint    ] Entering safepoint region: Cleanup
[2019-12-09T04:39:25.529+0000][1][safepoint    ] Leaving safepoint region
[2019-12-09T04:39:25.529+0000][1][safepoint    ] Total time for which application threads were stopped: 0.0000650 seconds, Stopping threads took: 0.0000161 seconds
[2019-12-09T04:39:26.530+0000][1][safepoint    ] Application time: 1.0000750 seconds
[2019-12-09T04:39:26.530+0000][1][safepoint    ] Entering safepoint region: Cleanup
[2019-12-09T04:39:26.530+0000][1][safepoint    ] Leaving safepoint region
[2019-12-09T04:39:26.530+0000][1][safepoint    ] Total time for which application threads were stopped: 0.0000647 seconds, Stopping threads took: 0.0000160 seconds
[2019-12-09T04:39:27.530+0000][1][safepoint    ] Application time: 1.0000733 seconds
[2019-12-09T04:39:27.530+0000][1][safepoint    ] Entering safepoint region: Cleanup
[2019-12-09T04:39:27.530+0000][1][safepoint    ] Leaving safepoint region
[2019-12-09T04:39:27.530+0000][1][safepoint    ] Total time for which application threads were stopped: 0.0000647 seconds, Stopping threads took: 0.0000148 seconds
[2019-12-09T04:39:28.530+0000][1][safepoint    ] Application time: 1.0000754 seconds
[2019-12-09T04:39:28.530+0000][1][safepoint    ] Entering safepoint region: Cleanup
[2019-12-09T04:39:28.530+0000][1][safepoint    ] Leaving safepoint region
[2019-12-09T04:39:28.530+0000][1][safepoint    ] Total time for which application threads were stopped: 0.0000630 seconds, Stopping threads took: 0.0000149 seconds
[2019-12-09T04:39:29.530+0000][1][safepoint    ] Application time: 1.0000738 seconds
[2019-12-09T04:39:29.530+0000][1][safepoint    ] Entering safepoint region: Cleanup
[2019-12-09T04:39:29.530+0000][1][safepoint    ] Leaving safepoint region
[2019-12-09T04:39:29.530+0000][1][safepoint    ] Total time for which application threads were stopped: 0.0000630 seconds, Stopping threads took: 0.0000155 seconds
[2019-12-09T04:39:30.530+0000][1][safepoint    ] Application time: 1.0000734 seconds
[2019-12-09T04:39:30.530+0000][1][safepoint    ] Entering safepoint region: Cleanup
[2019-12-09T04:39:30.530+0000][1][safepoint    ] Leaving safepoint region
[2019-12-09T04:39:30.530+0000][1][safepoint    ] Total time for which application threads were stopped: 0.0000778 seconds, Stopping threads took: 0.0000239 seconds
[2019-12-09T04:39:31.530+0000][1][safepoint    ] Application time: 1.0000741 seconds
[2019-12-09T04:39:31.530+0000][1][safepoint    ] Entering safepoint region: Cleanup
[2019-12-09T04:39:31.530+0000][1][safepoint    ] Leaving safepoint region
[2019-12-09T04:39:31.530+0000][1][safepoint    ] Total time for which application threads were stopped: 0.0000704 seconds, Stopping threads took: 0.0000177 seconds
[2019-12-09T04:39:32.531+0000][1][safepoint    ] Application time: 1.0000758 seconds
[2019-12-09T04:39:32.531+0000][1][safepoint    ] Entering safepoint region: Cleanup
[2019-12-09T04:39:32.531+0000][1][safepoint    ] Leaving safepoint region
[2019-12-09T04:39:32.531+0000][1][safepoint    ] Total time for which application threads were stopped: 0.0000705 seconds, Stopping threads took: 0.0000174 seconds
[2019-12-09T04:39:33.531+0000][1][safepoint    ] Application time: 1.0000751 seconds
[2019-12-09T04:39:33.531+0000][1][safepoint    ] Entering safepoint region: Cleanup
[2019-12-09T04:39:33.531+0000][1][safepoint    ] Leaving safepoint region
[2019-12-09T04:39:33.531+0000][1][safepoint    ] Total time for which application threads were stopped: 0.0000708 seconds, Stopping threads took: 0.0000182 seconds
[2019-12-09T04:39:34.531+0000][1][safepoint    ] Application time: 1.0000751 seconds
[2019-12-09T04:39:34.531+0000][1][safepoint    ] Entering safepoint region: Cleanup
[2019-12-09T04:39:34.531+0000][1][safepoint    ] Leaving safepoint region
[2019-12-09T04:39:34.531+0000][1][safepoint    ] Total time for which application threads were stopped: 0.0000722 seconds, Stopping threads took: 0.0000177 seconds
[2019-12-09T04:39:35.531+0000][1][safepoint    ] Application time: 1.0000767 seconds
[2019-12-09T04:39:35.531+0000][1][safepoint    ] Entering safepoint region: Cleanup
[2019-12-09T04:39:35.531+0000][1][safepoint    ] Leaving safepoint region
[2019-12-09T04:39:35.531+0000][1][safepoint    ] Total time for which application threads were stopped: 0.0000764 seconds, Stopping threads took: 0.0000247 seconds
[2019-12-09T04:39:36.531+0000][1][safepoint    ] Application time: 1.0000757 seconds
[2019-12-09T04:39:36.531+0000][1][safepoint    ] Entering safepoint region: Cleanup
[2019-12-09T04:39:36.532+0000][1][safepoint    ] Leaving safepoint region
[2019-12-09T04:39:36.532+0000][1][safepoint    ] Total time for which application threads were stopped: 0.0000702 seconds, Stopping threads took: 0.0000161 seconds
[2019-12-09T04:39:37.532+0000][1][safepoint    ] Application time: 1.0000762 seconds
[2019-12-09T04:39:37.532+0000][1][safepoint    ] Entering safepoint region: Cleanup
[2019-12-09T04:39:37.532+0000][1][safepoint    ] Leaving safepoint region
[2019-12-09T04:39:37.532+0000][1][safepoint    ] Total time for which application threads were stopped: 0.0000805 seconds, Stopping threads took: 0.0000178 seconds
[2019-12-09T04:39:38.532+0000][1][safepoint    ] Application time: 1.0000767 seconds
[2019-12-09T04:39:38.532+0000][1][safepoint    ] Entering safepoint region: Cleanup
[2019-12-09T04:39:38.532+0000][1][safepoint    ] Leaving safepoint region
[2019-12-09T04:39:38.532+0000][1][safepoint    ] Total time for which application threads were stopped: 0.0000717 seconds, Stopping threads took: 0.0000179 seconds
[2019-12-09T04:39:39.532+0000][1][safepoint    ] Application time: 1.0000739 seconds
[2019-12-09T04:39:39.532+0000][1][safepoint    ] Entering safepoint region: Cleanup
[2019-12-09T04:39:39.532+0000][1][safepoint    ] Leaving safepoint region
[2019-12-09T04:39:39.532+0000][1][safepoint    ] Total time for which application threads were stopped: 0.0000685 seconds, Stopping threads took: 0.0000166 seconds
[2019-12-09T04:39:40.532+0000][1][safepoint    ] Application time: 1.0000762 seconds
[2019-12-09T04:39:40.532+0000][1][safepoint    ] Entering safepoint region: Cleanup
[2019-12-09T04:39:40.532+0000][1][safepoint    ] Leaving safepoint region
[2019-12-09T04:39:40.532+0000][1][safepoint    ] Total time for which application threads were stopped: 0.0000792 seconds, Stopping threads took: 0.0000246 seconds
[2019-12-09T04:39:41.532+0000][1][safepoint    ] Application time: 1.0000764 seconds
[2019-12-09T04:39:41.532+0000][1][safepoint    ] Entering safepoint region: Cleanup
[2019-12-09T04:39:41.532+0000][1][safepoint    ] Leaving safepoint region
[2019-12-09T04:39:41.532+0000][1][safepoint    ] Total time for which application threads were stopped: 0.0000698 seconds, Stopping threads took: 0.0000168 seconds
[2019-12-09T04:39:42.533+0000][1][safepoint    ] Application time: 1.0000767 seconds
[2019-12-09T04:39:42.533+0000][1][safepoint    ] Entering safepoint region: Cleanup
[2019-12-09T04:39:42.533+0000][1][safepoint    ] Leaving safepoint region
[2019-12-09T04:39:42.533+0000][1][safepoint    ] Total time for which application threads were stopped: 0.0000700 seconds, Stopping threads took: 0.0000162 seconds
[2019-12-09T04:39:43.533+0000][1][safepoint    ] Application time: 1.0000761 seconds
[2019-12-09T04:39:43.533+0000][1][safepoint    ] Entering safepoint region: Cleanup
[2019-12-09T04:39:43.533+0000][1][safepoint    ] Leaving safepoint region
[2019-12-09T04:39:43.533+0000][1][safepoint    ] Total time for which application threads were stopped: 0.0000686 seconds, Stopping threads took: 0.0000160 seconds
[2019-12-09T04:39:44.533+0000][1][safepoint    ] Application time: 1.0000766 seconds
[2019-12-09T04:39:44.533+0000][1][safepoint    ] Entering safepoint region: Cleanup
[2019-12-09T04:39:44.533+0000][1][safepoint    ] Leaving safepoint region
[2019-12-09T04:39:44.533+0000][1][safepoint    ] Total time for which application threads were stopped: 0.0000695 seconds, Stopping threads took: 0.0000170 seconds
[2019-12-09T04:39:45.533+0000][1][safepoint    ] Application time: 1.0000756 seconds
[2019-12-09T04:39:45.533+0000][1][safepoint    ] Entering safepoint region: Cleanup
[2019-12-09T04:39:45.533+0000][1][safepoint    ] Leaving safepoint region
[2019-12-09T04:39:45.533+0000][1][safepoint    ] Total time for which application threads were stopped: 0.0000755 seconds, Stopping threads took: 0.0000234 seconds
[2019-12-09T04:39:46.533+0000][1][safepoint    ] Application time: 1.0000764 seconds
[2019-12-09T04:39:46.533+0000][1][safepoint    ] Entering safepoint region: Cleanup
[2019-12-09T04:39:46.533+0000][1][safepoint    ] Leaving safepoint region
[2019-12-09T04:39:46.533+0000][1][safepoint    ] Total time for which application threads were stopped: 0.0000680 seconds, Stopping threads took: 0.0000161 seconds
[2019-12-09T04:39:47.533+0000][1][safepoint    ] Application time: 1.0000745 seconds
[2019-12-09T04:39:47.534+0000][1][safepoint    ] Entering safepoint region: Cleanup
[2019-12-09T04:39:47.534+0000][1][safepoint    ] Leaving safepoint region
[2019-12-09T04:39:47.534+0000][1][safepoint    ] Total time for which application threads were stopped: 0.0000694 seconds, Stopping threads took: 0.0000178 seconds
[2019-12-09T04:39:48.534+0000][1][safepoint    ] Application time: 1.0000852 seconds
[2019-12-09T04:39:48.534+0000][1][safepoint    ] Entering safepoint region: Cleanup
[2019-12-09T04:39:48.534+0000][1][safepoint    ] Leaving safepoint region
[2019-12-09T04:39:48.534+0000][1][safepoint    ] Total time for which application threads were stopped: 0.0000700 seconds, Stopping threads took: 0.0000161 seconds
[2019-12-09T04:39:49.534+0000][1][safepoint    ] Application time: 1.0000744 seconds
[2019-12-09T04:39:49.534+0000][1][safepoint    ] Entering safepoint region: Cleanup
[2019-12-09T04:39:49.534+0000][1][safepoint    ] Leaving safepoint region
[2019-12-09T04:39:49.534+0000][1][safepoint    ] Total time for which application threads were stopped: 0.0000722 seconds, Stopping threads took: 0.0000179 seconds
[2019-12-09T04:39:50.534+0000][1][safepoint    ] Application time: 1.0000768 seconds
[2019-12-09T04:39:50.534+0000][1][safepoint    ] Entering safepoint region: Cleanup
[2019-12-09T04:39:50.534+0000][1][safepoint    ] Leaving safepoint region
[2019-12-09T04:39:50.534+0000][1][safepoint    ] Total time for which application threads were stopped: 0.0000779 seconds, Stopping threads took: 0.0000170 seconds
[2019-12-09T04:39:51.534+0000][1][safepoint    ] Application time: 1.0000776 seconds
[2019-12-09T04:39:51.534+0000][1][safepoint    ] Entering safepoint region: Cleanup
[2019-12-09T04:39:51.534+0000][1][safepoint    ] Leaving safepoint region
[2019-12-09T04:39:51.534+0000][1][safepoint    ] Total time for which application threads were stopped: 0.0000692 seconds, Stopping threads took: 0.0000173 seconds
[2019-12-09T04:39:52.534+0000][1][safepoint    ] Application time: 1.0000769 seconds
[2019-12-09T04:39:52.535+0000][1][safepoint    ] Entering safepoint region: Cleanup
[2019-12-09T04:39:52.535+0000][1][safepoint    ] Leaving safepoint region
[2019-12-09T04:39:52.535+0000][1][safepoint    ] Total time for which application threads were stopped: 0.0000679 seconds, Stopping threads took: 0.0000165 seconds
[2019-12-09T04:39:53.535+0000][1][safepoint    ] Application time: 1.0000739 seconds
[2019-12-09T04:39:53.535+0000][1][safepoint    ] Entering safepoint region: Cleanup
[2019-12-09T04:39:53.535+0000][1][safepoint    ] Leaving safepoint region
[2019-12-09T04:39:53.535+0000][1][safepoint    ] Total time for which application threads were stopped: 0.0000852 seconds, Stopping threads took: 0.0000322 seconds
[2019-12-09T04:39:54.535+0000][1][safepoint    ] Application time: 1.0000737 seconds
[2019-12-09T04:39:54.535+0000][1][safepoint    ] Entering safepoint region: Cleanup
[2019-12-09T04:39:54.535+0000][1][safepoint    ] Leaving safepoint region
[2019-12-09T04:39:54.535+0000][1][safepoint    ] Total time for which application threads were stopped: 0.0000699 seconds, Stopping threads took: 0.0000182 seconds
[2019-12-09T04:39:55.535+0000][1][safepoint    ] Application time: 1.0000838 seconds
[2019-12-09T04:39:55.535+0000][1][safepoint    ] Entering safepoint region: Cleanup
[2019-12-09T04:39:55.535+0000][1][safepoint    ] Leaving safepoint region
[2019-12-09T04:39:55.535+0000][1][safepoint    ] Total time for which application threads were stopped: 0.0000697 seconds, Stopping threads took: 0.0000177 seconds
[2019-12-09T04:39:56.535+0000][1][safepoint    ] Application time: 1.0000751 seconds
[2019-12-09T04:39:56.535+0000][1][safepoint    ] Entering safepoint region: Cleanup
[2019-12-09T04:39:56.535+0000][1][safepoint    ] Leaving safepoint region
[2019-12-09T04:39:56.535+0000][1][safepoint    ] Total time for which application threads were stopped: 0.0000726 seconds, Stopping threads took: 0.0000184 seconds
[2019-12-09T04:39:57.535+0000][1][safepoint    ] Application time: 1.0000770 seconds
[2019-12-09T04:39:57.535+0000][1][safepoint    ] Entering safepoint region: Cleanup
[2019-12-09T04:39:57.536+0000][1][safepoint    ] Leaving safepoint region
[2019-12-09T04:39:57.536+0000][1][safepoint    ] Total time for which application threads were stopped: 0.0000700 seconds, Stopping threads took: 0.0000168 seconds
[2019-12-09T04:39:58.536+0000][1][safepoint    ] Application time: 1.0000751 seconds
[2019-12-09T04:39:58.536+0000][1][safepoint    ] Entering safepoint region: Cleanup
[2019-12-09T04:39:58.536+0000][1][safepoint    ] Leaving safepoint region
[2019-12-09T04:39:58.536+0000][1][safepoint    ] Total time for which application threads were stopped: 0.0000824 seconds, Stopping threads took: 0.0000173 seconds
[2019-12-09T04:39:59.536+0000][1][safepoint    ] Application time: 1.0000768 seconds
[2019-12-09T04:39:59.536+0000][1][safepoint    ] Entering safepoint region: Cleanup
[2019-12-09T04:39:59.536+0000][1][safepoint    ] Leaving safepoint region
[2019-12-09T04:39:59.536+0000][1][safepoint    ] Total time for which application threads were stopped: 0.0000685 seconds, Stopping threads took: 0.0000168 seconds
[2019-12-09T04:40:00.536+0000][1][safepoint    ] Application time: 1.0000761 seconds
[2019-12-09T04:40:00.536+0000][1][safepoint    ] Entering safepoint region: Cleanup
[2019-12-09T04:40:00.536+0000][1][safepoint    ] Leaving safepoint region
[2019-12-09T04:40:00.536+0000][1][safepoint    ] Total time for which application threads were stopped: 0.0000761 seconds, Stopping threads took: 0.0000166 seconds
[2019-12-09T04:40:01.536+0000][1][safepoint    ] Application time: 1.0000751 seconds
[2019-12-09T04:40:01.536+0000][1][safepoint    ] Entering safepoint region: Cleanup
[2019-12-09T04:40:01.536+0000][1][safepoint    ] Leaving safepoint region
[2019-12-09T04:40:01.536+0000][1][safepoint    ] Total time for which application threads were stopped: 0.0000718 seconds, Stopping threads took: 0.0000177 seconds
[2019-12-09T04:40:02.536+0000][1][safepoint    ] Application time: 1.0000758 seconds
[2019-12-09T04:40:02.536+0000][1][safepoint    ] Entering safepoint region: Cleanup
[2019-12-09T04:40:02.536+0000][1][safepoint    ] Leaving safepoint region
[2019-12-09T04:40:02.536+0000][1][safepoint    ] Total time for which application threads were stopped: 0.0000701 seconds, Stopping threads took: 0.0000168 seconds
[2019-12-09T04:40:03.537+0000][1][safepoint    ] Application time: 1.0000750 seconds
[2019-12-09T04:40:03.537+0000][1][safepoint    ] Entering safepoint region: Cleanup
[2019-12-09T04:40:03.537+0000][1][safepoint    ] Leaving safepoint region
[2019-12-09T04:40:03.537+0000][1][safepoint    ] Total time for which application threads were stopped: 0.0000786 seconds, Stopping threads took: 0.0000181 seconds
[2019-12-09T04:40:04.537+0000][1][safepoint    ] Application time: 1.0000739 seconds
[2019-12-09T04:40:04.537+0000][1][safepoint    ] Entering safepoint region: Cleanup
[2019-12-09T04:40:04.537+0000][1][safepoint    ] Leaving safepoint region
[2019-12-09T04:40:04.537+0000][1][safepoint    ] Total time for which application threads were stopped: 0.0000707 seconds, Stopping threads took: 0.0000173 seconds
[2019-12-09T04:40:05.537+0000][1][safepoint    ] Application time: 1.0000735 seconds
[2019-12-09T04:40:05.537+0000][1][safepoint    ] Entering safepoint region: Cleanup
[2019-12-09T04:40:05.537+0000][1][safepoint    ] Leaving safepoint region
[2019-12-09T04:40:05.537+0000][1][safepoint    ] Total time for which application threads were stopped: 0.0000736 seconds, Stopping threads took: 0.0000189 seconds
[2019-12-09T04:40:06.537+0000][1][safepoint    ] Application time: 1.0000739 seconds
[2019-12-09T04:40:06.537+0000][1][safepoint    ] Entering safepoint region: Cleanup
[2019-12-09T04:40:06.537+0000][1][safepoint    ] Leaving safepoint region
[2019-12-09T04:40:06.537+0000][1][safepoint    ] Total time for which application threads were stopped: 0.0000717 seconds, Stopping threads took: 0.0000184 seconds
[2019-12-09T04:40:07.537+0000][1][safepoint    ] Application time: 1.0000746 seconds
[2019-12-09T04:40:07.537+0000][1][safepoint    ] Entering safepoint region: Cleanup
[2019-12-09T04:40:07.537+0000][1][safepoint    ] Leaving safepoint region
[2019-12-09T04:40:07.537+0000][1][safepoint    ] Total time for which application threads were stopped: 0.0000704 seconds, Stopping threads took: 0.0000180 seconds
[2019-12-09T04:40:08.538+0000][1][safepoint    ] Application time: 1.0000766 seconds
[2019-12-09T04:40:08.538+0000][1][safepoint    ] Entering safepoint region: Cleanup
[2019-12-09T04:40:08.538+0000][1][safepoint    ] Leaving safepoint region
[2019-12-09T04:40:08.538+0000][1][safepoint    ] Total time for which application threads were stopped: 0.0000696 seconds, Stopping threads took: 0.0000179 seconds
[2019-12-09T04:40:09.538+0000][1][safepoint    ] Application time: 1.0000756 seconds
[2019-12-09T04:40:09.538+0000][1][safepoint    ] Entering safepoint region: Cleanup
[2019-12-09T04:40:09.538+0000][1][safepoint    ] Leaving safepoint region
[2019-12-09T04:40:09.538+0000][1][safepoint    ] Total time for which application threads were stopped: 0.0000727 seconds, Stopping threads took: 0.0000170 seconds
[2019-12-09T04:40:10.538+0000][1][safepoint    ] Application time: 1.0000760 seconds
[2019-12-09T04:40:10.538+0000][1][safepoint    ] Entering safepoint region: Cleanup
[2019-12-09T04:40:10.538+0000][1][safepoint    ] Leaving safepoint region
[2019-12-09T04:40:10.538+0000][1][safepoint    ] Total time for which application threads were stopped: 0.0000788 seconds, Stopping threads took: 0.0000164 seconds
[2019-12-09T04:40:11.538+0000][1][safepoint    ] Application time: 1.0000769 seconds
[2019-12-09T04:40:11.538+0000][1][safepoint    ] Entering safepoint region: Cleanup
[2019-12-09T04:40:11.538+0000][1][safepoint    ] Leaving safepoint region
[2019-12-09T04:40:11.538+0000][1][safepoint    ] Total time for which application threads were stopped: 0.0000702 seconds, Stopping threads took: 0.0000170 seconds
[2019-12-09T04:40:12.538+0000][1][safepoint    ] Application time: 1.0000761 seconds
[2019-12-09T04:40:12.538+0000][1][safepoint    ] Entering safepoint region: Cleanup
[2019-12-09T04:40:12.538+0000][1][safepoint    ] Leaving safepoint region
[2019-12-09T04:40:12.538+0000][1][safepoint    ] Total time for which application threads were stopped: 0.0000707 seconds, Stopping threads took: 0.0000169 seconds
[2019-12-09T04:40:13.538+0000][1][safepoint    ] Application time: 1.0000755 seconds
[2019-12-09T04:40:13.539+0000][1][safepoint    ] Entering safepoint region: Cleanup
[2019-12-09T04:40:13.539+0000][1][safepoint    ] Leaving safepoint region
[2019-12-09T04:40:13.539+0000][1][safepoint    ] Total time for which application threads were stopped: 0.0000714 seconds, Stopping threads took: 0.0000181 seconds
[2019-12-09T04:40:14.539+0000][1][safepoint    ] Application time: 1.0000753 seconds
[2019-12-09T04:40:14.539+0000][1][safepoint    ] Entering safepoint region: Cleanup
[2019-12-09T04:40:14.539+0000][1][safepoint    ] Leaving safepoint region
[2019-12-09T04:40:14.539+0000][1][safepoint    ] Total time for which application threads were stopped: 0.0000704 seconds, Stopping threads took: 0.0000185 seconds
[2019-12-09T04:40:15.539+0000][1][safepoint    ] Application time: 1.0000750 seconds
[2019-12-09T04:40:15.539+0000][1][safepoint    ] Entering safepoint region: Cleanup
[2019-12-09T04:40:15.539+0000][1][safepoint    ] Leaving safepoint region
[2019-12-09T04:40:15.539+0000][1][safepoint    ] Total time for which application threads were stopped: 0.0000827 seconds, Stopping threads took: 0.0000295 seconds
[2019-12-09T04:40:16.539+0000][1][safepoint    ] Application time: 1.0000749 seconds
[2019-12-09T04:40:16.539+0000][1][safepoint    ] Entering safepoint region: Cleanup
[2019-12-09T04:40:16.539+0000][1][safepoint    ] Leaving safepoint region
[2019-12-09T04:40:16.539+0000][1][safepoint    ] Total time for which application threads were stopped: 0.0000704 seconds, Stopping threads took: 0.0000167 seconds
[2019-12-09T04:40:17.539+0000][1][safepoint    ] Application time: 1.0000736 seconds
[2019-12-09T04:40:17.539+0000][1][safepoint    ] Entering safepoint region: Cleanup
[2019-12-09T04:40:17.539+0000][1][safepoint    ] Leaving safepoint region
[2019-12-09T04:40:17.539+0000][1][safepoint    ] Total time for which application threads were stopped: 0.0000723 seconds, Stopping threads took: 0.0000170 seconds
[2019-12-09T04:40:18.539+0000][1][safepoint    ] Application time: 1.0000800 seconds
[2019-12-09T04:40:18.540+0000][1][safepoint    ] Entering safepoint region: Cleanup
[2019-12-09T04:40:18.540+0000][1][safepoint    ] Leaving safepoint region
[2019-12-09T04:40:18.540+0000][1][safepoint    ] Total time for which application threads were stopped: 0.0000710 seconds, Stopping threads took: 0.0000178 seconds
[2019-12-09T04:40:19.540+0000][1][safepoint    ] Application time: 1.0000758 seconds
[2019-12-09T04:40:19.540+0000][1][safepoint    ] Entering safepoint region: Cleanup
[2019-12-09T04:40:19.540+0000][1][safepoint    ] Leaving safepoint region
[2019-12-09T04:40:19.540+0000][1][safepoint    ] Total time for which application threads were stopped: 0.0000709 seconds, Stopping threads took: 0.0000182 seconds
[2019-12-09T04:40:20.540+0000][1][safepoint    ] Application time: 1.0000768 seconds
[2019-12-09T04:40:20.540+0000][1][safepoint    ] Entering safepoint region: Cleanup
[2019-12-09T04:40:20.540+0000][1][safepoint    ] Leaving safepoint region
[2019-12-09T04:40:20.540+0000][1][safepoint    ] Total time for which application threads were stopped: 0.0000677 seconds, Stopping threads took: 0.0000163 seconds
[2019-12-09T04:40:21.540+0000][1][safepoint    ] Application time: 1.0000760 seconds
[2019-12-09T04:40:21.540+0000][1][safepoint    ] Entering safepoint region: Cleanup
[2019-12-09T04:40:21.540+0000][1][safepoint    ] Leaving safepoint region
[2019-12-09T04:40:21.540+0000][1][safepoint    ] Total time for which application threads were stopped: 0.0000709 seconds, Stopping threads took: 0.0000174 seconds
[2019-12-09T04:40:22.540+0000][1][safepoint    ] Application time: 1.0000761 seconds
[2019-12-09T04:40:22.540+0000][1][safepoint    ] Entering safepoint region: Cleanup
[2019-12-09T04:40:22.540+0000][1][safepoint    ] Leaving safepoint region
[2019-12-09T04:40:22.540+0000][1][safepoint    ] Total time for which application threads were stopped: 0.0000713 seconds, Stopping threads took: 0.0000168 seconds
[2019-12-09T04:40:23.540+0000][1][safepoint    ] Application time: 1.0000470 seconds
[2019-12-09T04:40:23.540+0000][1][safepoint    ] Entering safepoint region: Cleanup
[2019-12-09T04:40:23.541+0000][1][safepoint    ] Leaving safepoint region
[2019-12-09T04:40:23.541+0000][1][safepoint    ] Total time for which application threads were stopped: 0.0000694 seconds, Stopping threads took: 0.0000178 seconds
[2019-12-09T04:40:24.541+0000][1][safepoint    ] Application time: 1.0000773 seconds
[2019-12-09T04:40:24.541+0000][1][safepoint    ] Entering safepoint region: Cleanup
[2019-12-09T04:40:24.541+0000][1][safepoint    ] Leaving safepoint region
[2019-12-09T04:40:24.541+0000][1][safepoint    ] Total time for which application threads were stopped: 0.0000820 seconds, Stopping threads took: 0.0000175 seconds
[2019-12-09T04:40:25.541+0000][1][safepoint    ] Application time: 1.0000757 seconds
[2019-12-09T04:40:25.541+0000][1][safepoint    ] Entering safepoint region: Cleanup
[2019-12-09T04:40:25.541+0000][1][safepoint    ] Leaving safepoint region
[2019-12-09T04:40:25.541+0000][1][safepoint    ] Total time for which application threads were stopped: 0.0000766 seconds, Stopping threads took: 0.0000254 seconds
[2019-12-09T04:40:26.541+0000][1][safepoint    ] Application time: 1.0000763 seconds
[2019-12-09T04:40:26.541+0000][1][safepoint    ] Entering safepoint region: Cleanup
[2019-12-09T04:40:26.541+0000][1][safepoint    ] Leaving safepoint region
[2019-12-09T04:40:26.541+0000][1][safepoint    ] Total time for which application threads were stopped: 0.0000730 seconds, Stopping threads took: 0.0000181 seconds
[2019-12-09T04:40:27.541+0000][1][safepoint    ] Application time: 1.0000758 seconds
[2019-12-09T04:40:27.541+0000][1][safepoint    ] Entering safepoint region: Cleanup
[2019-12-09T04:40:27.541+0000][1][safepoint    ] Leaving safepoint region
[2019-12-09T04:40:27.541+0000][1][safepoint    ] Total time for which application threads were stopped: 0.0000708 seconds, Stopping threads took: 0.0000174 seconds
[2019-12-09T04:40:28.541+0000][1][safepoint    ] Application time: 1.0000760 seconds
[2019-12-09T04:40:28.541+0000][1][safepoint    ] Entering safepoint region: Cleanup
[2019-12-09T04:40:28.541+0000][1][safepoint    ] Leaving safepoint region
[2019-12-09T04:40:28.541+0000][1][safepoint    ] Total time for which application threads were stopped: 0.0000697 seconds, Stopping threads took: 0.0000175 seconds
[2019-12-09T04:40:29.542+0000][1][safepoint    ] Application time: 1.0000762 seconds
[2019-12-09T04:40:29.542+0000][1][safepoint    ] Entering safepoint region: Cleanup
[2019-12-09T04:40:29.542+0000][1][safepoint    ] Leaving safepoint region
[2019-12-09T04:40:29.542+0000][1][safepoint    ] Total time for which application threads were stopped: 0.0000707 seconds, Stopping threads took: 0.0000170 seconds
[2019-12-09T04:40:30.542+0000][1][safepoint    ] Application time: 1.0000767 seconds
[2019-12-09T04:40:30.542+0000][1][safepoint    ] Entering safepoint region: Cleanup
[2019-12-09T04:40:30.542+0000][1][safepoint    ] Leaving safepoint region
[2019-12-09T04:40:30.542+0000][1][safepoint    ] Total time for which application threads were stopped: 0.0000687 seconds, Stopping threads took: 0.0000158 seconds
[2019-12-09T04:40:31.542+0000][1][safepoint    ] Application time: 1.0000750 seconds
[2019-12-09T04:40:31.542+0000][1][safepoint    ] Entering safepoint region: Cleanup
[2019-12-09T04:40:31.542+0000][1][safepoint    ] Leaving safepoint region
[2019-12-09T04:40:31.542+0000][1][safepoint    ] Total time for which application threads were stopped: 0.0000688 seconds, Stopping threads took: 0.0000170 seconds
[2019-12-09T04:40:32.542+0000][1][safepoint    ] Application time: 1.0000749 seconds
[2019-12-09T04:40:32.542+0000][1][safepoint    ] Entering safepoint region: Cleanup
[2019-12-09T04:40:32.542+0000][1][safepoint    ] Leaving safepoint region
[2019-12-09T04:40:32.542+0000][1][safepoint    ] Total time for which application threads were stopped: 0.0000714 seconds, Stopping threads took: 0.0000172 seconds
[2019-12-09T04:40:33.542+0000][1][safepoint    ] Application time: 1.0000760 seconds
[2019-12-09T04:40:33.542+0000][1][safepoint    ] Entering safepoint region: Cleanup
[2019-12-09T04:40:33.542+0000][1][safepoint    ] Leaving safepoint region
[2019-12-09T04:40:33.542+0000][1][safepoint    ] Total time for which application threads were stopped: 0.0000701 seconds, Stopping threads took: 0.0000172 seconds
[2019-12-09T04:40:34.543+0000][1][safepoint    ] Application time: 1.0000755 seconds
[2019-12-09T04:40:34.543+0000][1][safepoint    ] Entering safepoint region: Cleanup
[2019-12-09T04:40:34.543+0000][1][safepoint    ] Leaving safepoint region
[2019-12-09T04:40:34.543+0000][1][safepoint    ] Total time for which application threads were stopped: 0.0000697 seconds, Stopping threads took: 0.0000166 seconds
[2019-12-09T04:40:35.543+0000][1][safepoint    ] Application time: 1.0000766 seconds
[2019-12-09T04:40:35.543+0000][1][safepoint    ] Entering safepoint region: Cleanup
[2019-12-09T04:40:35.543+0000][1][safepoint    ] Leaving safepoint region
[2019-12-09T04:40:35.543+0000][1][safepoint    ] Total time for which application threads were stopped: 0.0000680 seconds, Stopping threads took: 0.0000158 seconds
[2019-12-09T04:40:36.543+0000][1][safepoint    ] Application time: 1.0000778 seconds
[2019-12-09T04:40:36.543+0000][1][safepoint    ] Entering safepoint region: Cleanup
[2019-12-09T04:40:36.543+0000][1][safepoint    ] Leaving safepoint region
[2019-12-09T04:40:36.543+0000][1][safepoint    ] Total time for which application threads were stopped: 0.0000725 seconds, Stopping threads took: 0.0000179 seconds
[2019-12-09T04:40:37.543+0000][1][safepoint    ] Application time: 1.0000780 seconds
[2019-12-09T04:40:37.543+0000][1][safepoint    ] Entering safepoint region: Cleanup
[2019-12-09T04:40:37.543+0000][1][safepoint    ] Leaving safepoint region
[2019-12-09T04:40:37.543+0000][1][safepoint    ] Total time for which application threads were stopped: 0.0000673 seconds, Stopping threads took: 0.0000160 seconds
[2019-12-09T04:40:38.543+0000][1][safepoint    ] Application time: 1.0000756 seconds
[2019-12-09T04:40:38.543+0000][1][safepoint    ] Entering safepoint region: Cleanup
[2019-12-09T04:40:38.543+0000][1][safepoint    ] Leaving safepoint region
[2019-12-09T04:40:38.543+0000][1][safepoint    ] Total time for which application threads were stopped: 0.0000697 seconds, Stopping threads took: 0.0000166 seconds
[2019-12-09T04:40:39.567+0000][1][safepoint    ] Application time: 1.0235980 seconds
[2019-12-09T04:40:39.567+0000][1][safepoint    ] Entering safepoint region: Cleanup
[2019-12-09T04:40:39.567+0000][1][safepoint    ] Leaving safepoint region
[2019-12-09T04:40:39.567+0000][1][safepoint    ] Total time for which application threads were stopped: 0.0000666 seconds, Stopping threads took: 0.0000146 seconds
[2019-12-09T04:40:40.567+0000][1][safepoint    ] Application time: 1.0000760 seconds
[2019-12-09T04:40:40.567+0000][1][safepoint    ] Entering safepoint region: Cleanup
[2019-12-09T04:40:40.567+0000][1][safepoint    ] Leaving safepoint region
[2019-12-09T04:40:40.567+0000][1][safepoint    ] Total time for which application threads were stopped: 0.0000671 seconds, Stopping threads took: 0.0000158 seconds
[2019-12-09T04:40:41.567+0000][1][safepoint    ] Application time: 1.0000761 seconds
[2019-12-09T04:40:41.567+0000][1][safepoint    ] Entering safepoint region: Cleanup
[2019-12-09T04:40:41.567+0000][1][safepoint    ] Leaving safepoint region
[2019-12-09T04:40:41.567+0000][1][safepoint    ] Total time for which application threads were stopped: 0.0000673 seconds, Stopping threads took: 0.0000162 seconds
[2019-12-09T04:40:42.568+0000][1][safepoint    ] Application time: 1.0000751 seconds
[2019-12-09T04:40:42.568+0000][1][safepoint    ] Entering safepoint region: Cleanup
[2019-12-09T04:40:42.568+0000][1][safepoint    ] Leaving safepoint region
[2019-12-09T04:40:42.568+0000][1][safepoint    ] Total time for which application threads were stopped: 0.0000667 seconds, Stopping threads took: 0.0000157 seconds
[2019-12-09T04:40:43.568+0000][1][safepoint    ] Application time: 1.0000873 seconds
[2019-12-09T04:40:43.568+0000][1][safepoint    ] Entering safepoint region: Cleanup
[2019-12-09T04:40:43.568+0000][1][safepoint    ] Leaving safepoint region
[2019-12-09T04:40:43.568+0000][1][safepoint    ] Total time for which application threads were stopped: 0.0000848 seconds, Stopping threads took: 0.0000205 seconds
[2019-12-09T04:40:44.568+0000][1][safepoint    ] Application time: 1.0000845 seconds
[2019-12-09T04:40:44.568+0000][1][safepoint    ] Entering safepoint region: Cleanup
[2019-12-09T04:40:44.568+0000][1][safepoint    ] Leaving safepoint region
[2019-12-09T04:40:44.568+0000][1][safepoint    ] Total time for which application threads were stopped: 0.0000928 seconds, Stopping threads took: 0.0000228 seconds
[2019-12-09T04:40:45.568+0000][1][safepoint    ] Application time: 1.0000782 seconds
[2019-12-09T04:40:45.568+0000][1][safepoint    ] Entering safepoint region: Cleanup
[2019-12-09T04:40:45.568+0000][1][safepoint    ] Leaving safepoint region
[2019-12-09T04:40:45.568+0000][1][safepoint    ] Total time for which application threads were stopped: 0.0000640 seconds, Stopping threads took: 0.0000153 seconds
[2019-12-09T04:40:46.568+0000][1][safepoint    ] Application time: 1.0000772 seconds
[2019-12-09T04:40:46.568+0000][1][safepoint    ] Entering safepoint region: Cleanup
[2019-12-09T04:40:46.568+0000][1][safepoint    ] Leaving safepoint region
[2019-12-09T04:40:46.568+0000][1][safepoint    ] Total time for which application threads were stopped: 0.0000666 seconds, Stopping threads took: 0.0000151 seconds
[2019-12-09T04:40:47.569+0000][1][safepoint    ] Application time: 1.0000793 seconds
[2019-12-09T04:40:47.569+0000][1][safepoint    ] Entering safepoint region: Cleanup
[2019-12-09T04:40:47.569+0000][1][safepoint    ] Leaving safepoint region
[2019-12-09T04:40:47.569+0000][1][safepoint    ] Total time for which application threads were stopped: 0.0000741 seconds, Stopping threads took: 0.0000155 seconds
[2019-12-09T04:40:48.569+0000][1][safepoint    ] Application time: 1.0000814 seconds
[2019-12-09T04:40:48.569+0000][1][safepoint    ] Entering safepoint region: Cleanup
[2019-12-09T04:40:48.569+0000][1][safepoint    ] Leaving safepoint region
[2019-12-09T04:40:48.569+0000][1][safepoint    ] Total time for which application threads were stopped: 0.0000787 seconds, Stopping threads took: 0.0000166 seconds
[2019-12-09T04:40:49.569+0000][1][safepoint    ] Application time: 1.0000790 seconds
[2019-12-09T04:40:49.569+0000][1][safepoint    ] Entering safepoint region: Cleanup
[2019-12-09T04:40:49.569+0000][1][safepoint    ] Leaving safepoint region
[2019-12-09T04:40:49.569+0000][1][safepoint    ] Total time for which application threads were stopped: 0.0000824 seconds, Stopping threads took: 0.0000171 seconds
[2019-12-09T04:40:50.569+0000][1][safepoint    ] Application time: 1.0000801 seconds
[2019-12-09T04:40:50.569+0000][1][safepoint    ] Entering safepoint region: Cleanup
[2019-12-09T04:40:50.569+0000][1][safepoint    ] Leaving safepoint region
[2019-12-09T04:40:50.569+0000][1][safepoint    ] Total time for which application threads were stopped: 0.0000705 seconds, Stopping threads took: 0.0000157 seconds
[2019-12-09T04:40:51.569+0000][1][safepoint    ] Application time: 1.0000963 seconds
[2019-12-09T04:40:51.570+0000][1][safepoint    ] Entering safepoint region: Cleanup
[2019-12-09T04:40:51.570+0000][1][safepoint    ] Leaving safepoint region
[2019-12-09T04:40:51.570+0000][1][safepoint    ] Total time for which application threads were stopped: 0.0001224 seconds, Stopping threads took: 0.0000645 seconds
[2019-12-09T04:40:52.570+0000][1][safepoint    ] Application time: 1.0001102 seconds
[2019-12-09T04:40:52.570+0000][1][safepoint    ] Entering safepoint region: Cleanup
[2019-12-09T04:40:52.570+0000][1][safepoint    ] Leaving safepoint region
[2019-12-09T04:40:52.570+0000][1][safepoint    ] Total time for which application threads were stopped: 0.0001410 seconds, Stopping threads took: 0.0000837 seconds
[2019-12-09T04:40:53.570+0000][1][safepoint    ] Application time: 1.0001064 seconds
[2019-12-09T04:40:53.570+0000][1][safepoint    ] Entering safepoint region: Cleanup
[2019-12-09T04:40:53.570+0000][1][safepoint    ] Leaving safepoint region
[2019-12-09T04:40:53.570+0000][1][safepoint    ] Total time for which application threads were stopped: 0.0000753 seconds, Stopping threads took: 0.0000194 seconds
[2019-12-09T04:40:54.570+0000][1][safepoint    ] Application time: 1.0001993 seconds
[2019-12-09T04:40:54.570+0000][1][safepoint    ] Entering safepoint region: Cleanup
[2019-12-09T04:40:54.570+0000][1][safepoint    ] Leaving safepoint region
[2019-12-09T04:40:54.570+0000][1][safepoint    ] Total time for which application threads were stopped: 0.0000746 seconds, Stopping threads took: 0.0000191 seconds
[2019-12-09T04:40:55.571+0000][1][safepoint    ] Application time: 1.0000915 seconds
[2019-12-09T04:40:55.571+0000][1][safepoint    ] Entering safepoint region: Cleanup
[2019-12-09T04:40:55.571+0000][1][safepoint    ] Leaving safepoint region
[2019-12-09T04:40:55.571+0000][1][safepoint    ] Total time for which application threads were stopped: 0.0001254 seconds, Stopping threads took: 0.0000330 seconds
[2019-12-09T04:40:56.571+0000][1][safepoint    ] Application time: 1.0000878 seconds
[2019-12-09T04:40:56.571+0000][1][safepoint    ] Entering safepoint region: Cleanup
[2019-12-09T04:40:56.571+0000][1][safepoint    ] Leaving safepoint region
[2019-12-09T04:40:56.571+0000][1][safepoint    ] Total time for which application threads were stopped: 0.0000681 seconds, Stopping threads took: 0.0000156 seconds
[2019-12-09T04:40:57.571+0000][1][safepoint    ] Application time: 1.0000787 seconds
[2019-12-09T04:40:57.571+0000][1][safepoint    ] Entering safepoint region: Cleanup
[2019-12-09T04:40:57.571+0000][1][safepoint    ] Leaving safepoint region
[2019-12-09T04:40:57.571+0000][1][safepoint    ] Total time for which application threads were stopped: 0.0000720 seconds, Stopping threads took: 0.0000166 seconds
[2019-12-09T04:40:58.571+0000][1][safepoint    ] Application time: 1.0000818 seconds
[2019-12-09T04:40:58.571+0000][1][safepoint    ] Entering safepoint region: Cleanup
[2019-12-09T04:40:58.571+0000][1][safepoint    ] Leaving safepoint region
[2019-12-09T04:40:58.571+0000][1][safepoint    ] Total time for which application threads were stopped: 0.0000729 seconds, Stopping threads took: 0.0000169 seconds
[2019-12-09T04:40:59.571+0000][1][safepoint    ] Application time: 1.0000811 seconds
[2019-12-09T04:40:59.571+0000][1][safepoint    ] Entering safepoint region: Cleanup
[2019-12-09T04:40:59.572+0000][1][safepoint    ] Leaving safepoint region
[2019-12-09T04:40:59.572+0000][1][safepoint    ] Total time for which application threads were stopped: 0.0000734 seconds, Stopping threads took: 0.0000181 seconds
[2019-12-09T04:41:00.572+0000][1][safepoint    ] Application time: 1.0000843 seconds
[2019-12-09T04:41:00.572+0000][1][safepoint    ] Entering safepoint region: Cleanup
[2019-12-09T04:41:00.572+0000][1][safepoint    ] Leaving safepoint region
[2019-12-09T04:41:00.572+0000][1][safepoint    ] Total time for which application threads were stopped: 0.0000870 seconds, Stopping threads took: 0.0000171 seconds
[2019-12-09T04:41:01.572+0000][1][safepoint    ] Application time: 1.0001512 seconds
[2019-12-09T04:41:01.572+0000][1][safepoint    ] Entering safepoint region: Cleanup
[2019-12-09T04:41:01.572+0000][1][safepoint    ] Leaving safepoint region
[2019-12-09T04:41:01.572+0000][1][safepoint    ] Total time for which application threads were stopped: 0.0000960 seconds, Stopping threads took: 0.0000245 seconds
[2019-12-09T04:41:02.572+0000][1][safepoint    ] Application time: 1.0001928 seconds
[2019-12-09T04:41:02.572+0000][1][safepoint    ] Entering safepoint region: Cleanup
[2019-12-09T04:41:02.572+0000][1][safepoint    ] Leaving safepoint region
[2019-12-09T04:41:02.572+0000][1][safepoint    ] Total time for which application threads were stopped: 0.0000980 seconds, Stopping threads took: 0.0000239 seconds
[2019-12-09T04:41:03.572+0000][1][safepoint    ] Application time: 1.0000756 seconds
[2019-12-09T04:41:03.573+0000][1][safepoint    ] Entering safepoint region: Cleanup
[2019-12-09T04:41:03.573+0000][1][safepoint    ] Leaving safepoint region
[2019-12-09T04:41:03.573+0000][1][safepoint    ] Total time for which application threads were stopped: 0.0001020 seconds, Stopping threads took: 0.0000317 seconds
[2019-12-09T04:41:04.573+0000][1][safepoint    ] Application time: 1.0000742 seconds
[2019-12-09T04:41:04.573+0000][1][safepoint    ] Entering safepoint region: Cleanup
[2019-12-09T04:41:04.573+0000][1][safepoint    ] Leaving safepoint region
[2019-12-09T04:41:04.573+0000][1][safepoint    ] Total time for which application threads were stopped: 0.0000686 seconds, Stopping threads took: 0.0000160 seconds
[2019-12-09T04:41:05.576+0000][1][safepoint    ] Application time: 1.0029703 seconds
[2019-12-09T04:41:05.576+0000][1][safepoint    ] Entering safepoint region: Cleanup
[2019-12-09T04:41:05.576+0000][1][safepoint    ] Leaving safepoint region
[2019-12-09T04:41:05.576+0000][1][safepoint    ] Total time for which application threads were stopped: 0.0000640 seconds, Stopping threads took: 0.0000132 seconds
[2019-12-09T04:41:06.576+0000][1][safepoint    ] Application time: 1.0000765 seconds
[2019-12-09T04:41:06.576+0000][1][safepoint    ] Entering safepoint region: Cleanup
[2019-12-09T04:41:06.576+0000][1][safepoint    ] Leaving safepoint region
[2019-12-09T04:41:06.576+0000][1][safepoint    ] Total time for which application threads were stopped: 0.0000680 seconds, Stopping threads took: 0.0000160 seconds
[2019-12-09T04:41:07.576+0000][1][safepoint    ] Application time: 1.0000780 seconds
[2019-12-09T04:41:07.576+0000][1][safepoint    ] Entering safepoint region: Cleanup
[2019-12-09T04:41:07.576+0000][1][safepoint    ] Leaving safepoint region
[2019-12-09T04:41:07.576+0000][1][safepoint    ] Total time for which application threads were stopped: 0.0000674 seconds, Stopping threads took: 0.0000152 seconds
[2019-12-09T04:41:08.576+0000][1][safepoint    ] Application time: 1.0000813 seconds
[2019-12-09T04:41:08.576+0000][1][safepoint    ] Entering safepoint region: Cleanup
[2019-12-09T04:41:08.576+0000][1][safepoint    ] Leaving safepoint region
[2019-12-09T04:41:08.576+0000][1][safepoint    ] Total time for which application threads were stopped: 0.0000705 seconds, Stopping threads took: 0.0000160 seconds
[2019-12-09T04:41:09.577+0000][1][safepoint    ] Application time: 1.0000874 seconds
[2019-12-09T04:41:09.577+0000][1][safepoint    ] Entering safepoint region: Cleanup
[2019-12-09T04:41:09.577+0000][1][safepoint    ] Leaving safepoint region
[2019-12-09T04:41:09.577+0000][1][safepoint    ] Total time for which application threads were stopped: 0.0000717 seconds, Stopping threads took: 0.0000165 seconds
[2019-12-09T04:41:10.577+0000][1][safepoint    ] Application time: 1.0000951 seconds
[2019-12-09T04:41:10.577+0000][1][safepoint    ] Entering safepoint region: Cleanup
[2019-12-09T04:41:10.577+0000][1][safepoint    ] Leaving safepoint region
[2019-12-09T04:41:10.577+0000][1][safepoint    ] Total time for which application threads were stopped: 0.0000998 seconds, Stopping threads took: 0.0000243 seconds
[2019-12-09T04:41:11.577+0000][1][safepoint    ] Application time: 1.0000878 seconds
[2019-12-09T04:41:11.577+0000][1][safepoint    ] Entering safepoint region: Cleanup
[2019-12-09T04:41:11.577+0000][1][safepoint    ] Leaving safepoint region
[2019-12-09T04:41:11.577+0000][1][safepoint    ] Total time for which application threads were stopped: 0.0000913 seconds, Stopping threads took: 0.0000222 seconds
[2019-12-09T04:41:12.577+0000][1][safepoint    ] Application time: 1.0000821 seconds
[2019-12-09T04:41:12.577+0000][1][safepoint    ] Entering safepoint region: Cleanup
[2019-12-09T04:41:12.577+0000][1][safepoint    ] Leaving safepoint region
[2019-12-09T04:41:12.577+0000][1][safepoint    ] Total time for which application threads were stopped: 0.0001009 seconds, Stopping threads took: 0.0000235 seconds
[2019-12-09T04:41:13.577+0000][1][safepoint    ] Application time: 1.0000793 seconds
[2019-12-09T04:41:13.578+0000][1][safepoint    ] Entering safepoint region: Cleanup
[2019-12-09T04:41:13.578+0000][1][safepoint    ] Leaving safepoint region
[2019-12-09T04:41:13.578+0000][1][safepoint    ] Total time for which application threads were stopped: 0.0000955 seconds, Stopping threads took: 0.0000240 seconds
[2019-12-09T04:41:14.578+0000][1][safepoint    ] Application time: 1.0000741 seconds
[2019-12-09T04:41:14.578+0000][1][safepoint    ] Entering safepoint region: Cleanup
[2019-12-09T04:41:14.578+0000][1][safepoint    ] Leaving safepoint region
[2019-12-09T04:41:14.578+0000][1][safepoint    ] Total time for which application threads were stopped: 0.0000689 seconds, Stopping threads took: 0.0000157 seconds
[2019-12-09T04:41:15.578+0000][1][safepoint    ] Application time: 1.0000752 seconds
[2019-12-09T04:41:15.578+0000][1][safepoint    ] Entering safepoint region: Cleanup
[2019-12-09T04:41:15.578+0000][1][safepoint    ] Leaving safepoint region
[2019-12-09T04:41:15.578+0000][1][safepoint    ] Total time for which application threads were stopped: 0.0000677 seconds, Stopping threads took: 0.0000166 seconds
[2019-12-09T04:41:16.578+0000][1][safepoint    ] Application time: 1.0000763 seconds
[2019-12-09T04:41:16.578+0000][1][safepoint    ] Entering safepoint region: Cleanup
[2019-12-09T04:41:16.578+0000][1][safepoint    ] Leaving safepoint region
[2019-12-09T04:41:16.578+0000][1][safepoint    ] Total time for which application threads were stopped: 0.0000714 seconds, Stopping threads took: 0.0000176 seconds
[2019-12-09T04:41:17.261+0000][1][safepoint    ] Application time: 0.6824599 seconds
[2019-12-09T04:41:17.261+0000][1][safepoint    ] Entering safepoint region: GenCollectForAllocation
[2019-12-09T04:41:17.261+0000][1][gc,start     ] GC(48) Pause Young (Allocation Failure)
[2019-12-09T04:41:17.261+0000][1][gc,task      ] GC(48) Using 2 workers of 2 for evacuation
[2019-12-09T04:41:17.262+0000][1][gc,age       ] GC(48) Desired survivor size 4456448 bytes, new threshold 6 (max threshold 6)
[2019-12-09T04:41:17.262+0000][1][gc,age       ] GC(48) Age table with threshold 6 (max threshold 6)
[2019-12-09T04:41:17.262+0000][1][gc,age       ] GC(48) - age   1:       4656 bytes,       4656 total
[2019-12-09T04:41:17.262+0000][1][gc,age       ] GC(48) - age   3:        520 bytes,       5176 total
[2019-12-09T04:41:17.262+0000][1][gc,age       ] GC(48) - age   5:         56 bytes,       5232 total
[2019-12-09T04:41:17.262+0000][1][gc,age       ] GC(48) - age   6:       3608 bytes,       8840 total
[2019-12-09T04:41:17.262+0000][1][gc,heap      ] GC(48) ParNew: 69969K->11K(78656K)
[2019-12-09T04:41:17.262+0000][1][gc,heap      ] GC(48) CMS: 69326K->69330K(174784K)
[2019-12-09T04:41:17.262+0000][1][gc,metaspace ] GC(48) Metaspace: 68445K->68445K(1112064K)
[2019-12-09T04:41:17.262+0000][1][gc           ] GC(48) Pause Young (Allocation Failure) 136M->67M(247M) 1.411ms
[2019-12-09T04:41:17.262+0000][1][gc,cpu       ] GC(48) User=0.00s Sys=0.00s Real=0.00s
[2019-12-09T04:41:17.262+0000][1][safepoint    ] Leaving safepoint region
[2019-12-09T04:41:17.262+0000][1][safepoint    ] Total time for which application threads were stopped: 0.0015476 seconds, Stopping threads took: 0.0000164 seconds
[2019-12-09T04:41:18.262+0000][1][safepoint    ] Application time: 1.0000871 seconds
[2019-12-09T04:41:18.262+0000][1][safepoint    ] Entering safepoint region: Cleanup
[2019-12-09T04:41:18.262+0000][1][safepoint    ] Leaving safepoint region
[2019-12-09T04:41:18.262+0000][1][safepoint    ] Total time for which application threads were stopped: 0.0000690 seconds, Stopping threads took: 0.0000170 seconds
[2019-12-09T04:41:19.263+0000][1][safepoint    ] Application time: 1.0000763 seconds
[2019-12-09T04:41:19.263+0000][1][safepoint    ] Entering safepoint region: Cleanup
[2019-12-09T04:41:19.263+0000][1][safepoint    ] Leaving safepoint region
[2019-12-09T04:41:19.263+0000][1][safepoint    ] Total time for which application threads were stopped: 0.0000715 seconds, Stopping threads took: 0.0000190 seconds
[2019-12-09T04:41:20.263+0000][1][safepoint    ] Application time: 1.0000747 seconds
[2019-12-09T04:41:20.263+0000][1][safepoint    ] Entering safepoint region: Cleanup
[2019-12-09T04:41:20.263+0000][1][safepoint    ] Leaving safepoint region
[2019-12-09T04:41:20.263+0000][1][safepoint    ] Total time for which application threads were stopped: 0.0000700 seconds, Stopping threads took: 0.0000180 seconds
[2019-12-09T04:41:21.263+0000][1][safepoint    ] Application time: 1.0000754 seconds
[2019-12-09T04:41:21.263+0000][1][safepoint    ] Entering safepoint region: Cleanup
[2019-12-09T04:41:21.263+0000][1][safepoint    ] Leaving safepoint region
[2019-12-09T04:41:21.263+0000][1][safepoint    ] Total time for which application threads were stopped: 0.0001008 seconds, Stopping threads took: 0.0000306 seconds
[2019-12-09T04:41:22.641+0000][1][safepoint    ] Application time: 1.3774356 seconds
[2019-12-09T04:41:22.641+0000][1][safepoint    ] Entering safepoint region: Cleanup
[2019-12-09T04:41:22.641+0000][1][safepoint    ] Leaving safepoint region
[2019-12-09T04:41:22.641+0000][1][safepoint    ] Total time for which application threads were stopped: 0.0000739 seconds, Stopping threads took: 0.0000164 seconds
[2019-12-09T04:41:23.641+0000][1][safepoint    ] Application time: 1.0000757 seconds
[2019-12-09T04:41:23.641+0000][1][safepoint    ] Entering safepoint region: Cleanup
[2019-12-09T04:41:23.641+0000][1][safepoint    ] Leaving safepoint region
[2019-12-09T04:41:23.641+0000][1][safepoint    ] Total time for which application threads were stopped: 0.0000669 seconds, Stopping threads took: 0.0000149 seconds
[2019-12-09T04:41:24.641+0000][1][safepoint    ] Application time: 1.0000767 seconds
[2019-12-09T04:41:24.641+0000][1][safepoint    ] Entering safepoint region: Cleanup
[2019-12-09T04:41:24.641+0000][1][safepoint    ] Leaving safepoint region
[2019-12-09T04:41:24.641+0000][1][safepoint    ] Total time for which application threads were stopped: 0.0000683 seconds, Stopping threads took: 0.0000162 seconds
[2019-12-09T04:41:25.641+0000][1][safepoint    ] Application time: 1.0000759 seconds
[2019-12-09T04:41:25.641+0000][1][safepoint    ] Entering safepoint region: Cleanup
[2019-12-09T04:41:25.641+0000][1][safepoint    ] Leaving safepoint region
[2019-12-09T04:41:25.641+0000][1][safepoint    ] Total time for which application threads were stopped: 0.0000761 seconds, Stopping threads took: 0.0000238 seconds
[2019-12-09T04:41:26.641+0000][1][safepoint    ] Application time: 1.0000760 seconds
[2019-12-09T04:41:26.641+0000][1][safepoint    ] Entering safepoint region: Cleanup
[2019-12-09T04:41:26.641+0000][1][safepoint    ] Leaving safepoint region
[2019-12-09T04:41:26.641+0000][1][safepoint    ] Total time for which application threads were stopped: 0.0000683 seconds, Stopping threads took: 0.0000161 seconds
[2019-12-09T04:41:27.641+0000][1][safepoint    ] Application time: 1.0000761 seconds
[2019-12-09T04:41:27.642+0000][1][safepoint    ] Entering safepoint region: Cleanup
[2019-12-09T04:41:27.642+0000][1][safepoint    ] Leaving safepoint region
[2019-12-09T04:41:27.642+0000][1][safepoint    ] Total time for which application threads were stopped: 0.0000697 seconds, Stopping threads took: 0.0000178 seconds
[2019-12-09T04:41:28.642+0000][1][safepoint    ] Application time: 1.0000766 seconds
[2019-12-09T04:41:28.642+0000][1][safepoint    ] Entering safepoint region: Cleanup
[2019-12-09T04:41:28.642+0000][1][safepoint    ] Leaving safepoint region
[2019-12-09T04:41:28.642+0000][1][safepoint    ] Total time for which application threads were stopped: 0.0000709 seconds, Stopping threads took: 0.0000172 seconds
[2019-12-09T04:41:29.642+0000][1][safepoint    ] Application time: 1.0000770 seconds
[2019-12-09T04:41:29.642+0000][1][safepoint    ] Entering safepoint region: Cleanup
[2019-12-09T04:41:29.642+0000][1][safepoint    ] Leaving safepoint region
[2019-12-09T04:41:29.642+0000][1][safepoint    ] Total time for which application threads were stopped: 0.0000671 seconds, Stopping threads took: 0.0000161 seconds
[2019-12-09T04:41:30.642+0000][1][safepoint    ] Application time: 1.0000756 seconds
[2019-12-09T04:41:30.642+0000][1][safepoint    ] Entering safepoint region: Cleanup
[2019-12-09T04:41:30.642+0000][1][safepoint    ] Leaving safepoint region
[2019-12-09T04:41:30.642+0000][1][safepoint    ] Total time for which application threads were stopped: 0.0000693 seconds, Stopping threads took: 0.0000176 seconds
[2019-12-09T04:41:31.642+0000][1][safepoint    ] Application time: 1.0000759 seconds
[2019-12-09T04:41:31.642+0000][1][safepoint    ] Entering safepoint region: Cleanup
[2019-12-09T04:41:31.642+0000][1][safepoint    ] Leaving safepoint region
[2019-12-09T04:41:31.642+0000][1][safepoint    ] Total time for which application threads were stopped: 0.0000684 seconds, Stopping threads took: 0.0000161 seconds
[2019-12-09T04:41:32.642+0000][1][safepoint    ] Application time: 1.0000753 seconds
[2019-12-09T04:41:32.642+0000][1][safepoint    ] Entering safepoint region: Cleanup
[2019-12-09T04:41:32.643+0000][1][safepoint    ] Leaving safepoint region
[2019-12-09T04:41:32.643+0000][1][safepoint    ] Total time for which application threads were stopped: 0.0000694 seconds, Stopping threads took: 0.0000167 seconds
[2019-12-09T04:41:33.643+0000][1][safepoint    ] Application time: 1.0000748 seconds
[2019-12-09T04:41:33.643+0000][1][safepoint    ] Entering safepoint region: Cleanup
[2019-12-09T04:41:33.643+0000][1][safepoint    ] Leaving safepoint region
[2019-12-09T04:41:33.643+0000][1][safepoint    ] Total time for which application threads were stopped: 0.0000754 seconds, Stopping threads took: 0.0000152 seconds
[2019-12-09T04:41:34.643+0000][1][safepoint    ] Application time: 1.0000834 seconds
[2019-12-09T04:41:34.643+0000][1][safepoint    ] Entering safepoint region: Cleanup
[2019-12-09T04:41:34.643+0000][1][safepoint    ] Leaving safepoint region
[2019-12-09T04:41:34.643+0000][1][safepoint    ] Total time for which application threads were stopped: 0.0000952 seconds, Stopping threads took: 0.0000237 seconds
[2019-12-09T04:41:35.643+0000][1][safepoint    ] Application time: 1.0000769 seconds
[2019-12-09T04:41:35.643+0000][1][safepoint    ] Entering safepoint region: Cleanup
[2019-12-09T04:41:35.643+0000][1][safepoint    ] Leaving safepoint region
[2019-12-09T04:41:35.643+0000][1][safepoint    ] Total time for which application threads were stopped: 0.0000675 seconds, Stopping threads took: 0.0000154 seconds
[2019-12-09T04:41:36.643+0000][1][safepoint    ] Application time: 1.0000753 seconds
[2019-12-09T04:41:36.643+0000][1][safepoint    ] Entering safepoint region: Cleanup
[2019-12-09T04:41:36.643+0000][1][safepoint    ] Leaving safepoint region
[2019-12-09T04:41:36.643+0000][1][safepoint    ] Total time for which application threads were stopped: 0.0000681 seconds, Stopping threads took: 0.0000159 seconds
[2019-12-09T04:41:37.643+0000][1][safepoint    ] Application time: 1.0000755 seconds
[2019-12-09T04:41:37.643+0000][1][safepoint    ] Entering safepoint region: Cleanup
[2019-12-09T04:41:37.643+0000][1][safepoint    ] Leaving safepoint region
[2019-12-09T04:41:37.644+0000][1][safepoint    ] Total time for which application threads were stopped: 0.0000670 seconds, Stopping threads took: 0.0000156 seconds
[2019-12-09T04:41:38.644+0000][1][safepoint    ] Application time: 1.0000760 seconds
[2019-12-09T04:41:38.644+0000][1][safepoint    ] Entering safepoint region: Cleanup
[2019-12-09T04:41:38.644+0000][1][safepoint    ] Leaving safepoint region
[2019-12-09T04:41:38.644+0000][1][safepoint    ] Total time for which application threads were stopped: 0.0000756 seconds, Stopping threads took: 0.0000155 seconds
[2019-12-09T04:41:39.644+0000][1][safepoint    ] Application time: 1.0000762 seconds
[2019-12-09T04:41:39.644+0000][1][safepoint    ] Entering safepoint region: Cleanup
[2019-12-09T04:41:39.644+0000][1][safepoint    ] Leaving safepoint region
[2019-12-09T04:41:39.644+0000][1][safepoint    ] Total time for which application threads were stopped: 0.0000696 seconds, Stopping threads took: 0.0000168 seconds
[2019-12-09T04:41:40.644+0000][1][safepoint    ] Application time: 1.0000739 seconds
[2019-12-09T04:41:40.644+0000][1][safepoint    ] Entering safepoint region: Cleanup
[2019-12-09T04:41:40.644+0000][1][safepoint    ] Leaving safepoint region
[2019-12-09T04:41:40.644+0000][1][safepoint    ] Total time for which application threads were stopped: 0.0000764 seconds, Stopping threads took: 0.0000248 seconds
[2019-12-09T04:41:41.644+0000][1][safepoint    ] Application time: 1.0000761 seconds
[2019-12-09T04:41:41.644+0000][1][safepoint    ] Entering safepoint region: Cleanup
[2019-12-09T04:41:41.644+0000][1][safepoint    ] Leaving safepoint region
[2019-12-09T04:41:41.644+0000][1][safepoint    ] Total time for which application threads were stopped: 0.0000634 seconds, Stopping threads took: 0.0000148 seconds
[2019-12-09T04:41:42.644+0000][1][safepoint    ] Application time: 1.0000753 seconds
[2019-12-09T04:41:42.644+0000][1][safepoint    ] Entering safepoint region: Cleanup
[2019-12-09T04:41:42.644+0000][1][safepoint    ] Leaving safepoint region
[2019-12-09T04:41:42.644+0000][1][safepoint    ] Total time for which application threads were stopped: 0.0000656 seconds, Stopping threads took: 0.0000160 seconds
[2019-12-09T04:41:43.645+0000][1][safepoint    ] Application time: 1.0000754 seconds
[2019-12-09T04:41:43.645+0000][1][safepoint    ] Entering safepoint region: Cleanup
[2019-12-09T04:41:43.645+0000][1][safepoint    ] Leaving safepoint region
[2019-12-09T04:41:43.645+0000][1][safepoint    ] Total time for which application threads were stopped: 0.0000667 seconds, Stopping threads took: 0.0000156 seconds
[2019-12-09T04:41:44.645+0000][1][safepoint    ] Application time: 1.0000670 seconds
[2019-12-09T04:41:44.645+0000][1][safepoint    ] Entering safepoint region: Cleanup
[2019-12-09T04:41:44.645+0000][1][safepoint    ] Leaving safepoint region
[2019-12-09T04:41:44.645+0000][1][safepoint    ] Total time for which application threads were stopped: 0.0000699 seconds, Stopping threads took: 0.0000166 seconds
[2019-12-09T04:41:45.645+0000][1][safepoint    ] Application time: 1.0000743 seconds
[2019-12-09T04:41:45.645+0000][1][safepoint    ] Entering safepoint region: Cleanup
[2019-12-09T04:41:45.645+0000][1][safepoint    ] Leaving safepoint region
[2019-12-09T04:41:45.645+0000][1][safepoint    ] Total time for which application threads were stopped: 0.0000670 seconds, Stopping threads took: 0.0000156 seconds
[2019-12-09T04:41:46.645+0000][1][safepoint    ] Application time: 1.0000758 seconds
[2019-12-09T04:41:46.645+0000][1][safepoint    ] Entering safepoint region: Cleanup
[2019-12-09T04:41:46.645+0000][1][safepoint    ] Leaving safepoint region
[2019-12-09T04:41:46.645+0000][1][safepoint    ] Total time for which application threads were stopped: 0.0000676 seconds, Stopping threads took: 0.0000148 seconds
[2019-12-09T04:41:47.645+0000][1][safepoint    ] Application time: 1.0000753 seconds
[2019-12-09T04:41:47.645+0000][1][safepoint    ] Entering safepoint region: Cleanup
[2019-12-09T04:41:47.645+0000][1][safepoint    ] Leaving safepoint region
[2019-12-09T04:41:47.645+0000][1][safepoint    ] Total time for which application threads were stopped: 0.0000676 seconds, Stopping threads took: 0.0000170 seconds
[2019-12-09T04:41:48.645+0000][1][safepoint    ] Application time: 1.0000746 seconds
[2019-12-09T04:41:48.645+0000][1][safepoint    ] Entering safepoint region: Cleanup
[2019-12-09T04:41:48.646+0000][1][safepoint    ] Leaving safepoint region
[2019-12-09T04:41:48.646+0000][1][safepoint    ] Total time for which application threads were stopped: 0.0000703 seconds, Stopping threads took: 0.0000171 seconds
[2019-12-09T04:41:49.646+0000][1][safepoint    ] Application time: 1.0000752 seconds
[2019-12-09T04:41:49.646+0000][1][safepoint    ] Entering safepoint region: Cleanup
[2019-12-09T04:41:49.646+0000][1][safepoint    ] Leaving safepoint region
[2019-12-09T04:41:49.646+0000][1][safepoint    ] Total time for which application threads were stopped: 0.0000786 seconds, Stopping threads took: 0.0000173 seconds
[2019-12-09T04:41:51.595+0000][1][safepoint    ] Application time: 1.9488478 seconds
[2019-12-09T04:41:51.595+0000][1][safepoint    ] Entering safepoint region: Cleanup
[2019-12-09T04:41:51.595+0000][1][safepoint    ] Leaving safepoint region
[2019-12-09T04:41:51.595+0000][1][safepoint    ] Total time for which application threads were stopped: 0.0000849 seconds, Stopping threads took: 0.0000236 seconds
[2019-12-09T04:41:52.595+0000][1][safepoint    ] Application time: 1.0000793 seconds
[2019-12-09T04:41:52.595+0000][1][safepoint    ] Entering safepoint region: Cleanup
[2019-12-09T04:41:52.595+0000][1][safepoint    ] Leaving safepoint region
[2019-12-09T04:41:52.595+0000][1][safepoint    ] Total time for which application threads were stopped: 0.0000879 seconds, Stopping threads took: 0.0000192 seconds
[2019-12-09T04:41:53.595+0000][1][safepoint    ] Application time: 1.0000809 seconds
[2019-12-09T04:41:53.595+0000][1][safepoint    ] Entering safepoint region: Cleanup
[2019-12-09T04:41:53.595+0000][1][safepoint    ] Leaving safepoint region
[2019-12-09T04:41:53.595+0000][1][safepoint    ] Total time for which application threads were stopped: 0.0000838 seconds, Stopping threads took: 0.0000187 seconds
[2019-12-09T04:41:54.595+0000][1][safepoint    ] Application time: 1.0000796 seconds
[2019-12-09T04:41:54.595+0000][1][safepoint    ] Entering safepoint region: Cleanup
[2019-12-09T04:41:54.595+0000][1][safepoint    ] Leaving safepoint region
[2019-12-09T04:41:54.595+0000][1][safepoint    ] Total time for which application threads were stopped: 0.0000923 seconds, Stopping threads took: 0.0000222 seconds
[2019-12-09T04:41:55.595+0000][1][safepoint    ] Application time: 1.0000829 seconds
[2019-12-09T04:41:55.595+0000][1][safepoint    ] Entering safepoint region: Cleanup
[2019-12-09T04:41:55.596+0000][1][safepoint    ] Leaving safepoint region
[2019-12-09T04:41:55.596+0000][1][safepoint    ] Total time for which application threads were stopped: 0.0000925 seconds, Stopping threads took: 0.0000226 seconds
[2019-12-09T04:41:56.596+0000][1][safepoint    ] Application time: 1.0001216 seconds
[2019-12-09T04:41:56.596+0000][1][safepoint    ] Entering safepoint region: Cleanup
[2019-12-09T04:41:56.596+0000][1][safepoint    ] Leaving safepoint region
[2019-12-09T04:41:56.596+0000][1][safepoint    ] Total time for which application threads were stopped: 0.0000925 seconds, Stopping threads took: 0.0000227 seconds
[2019-12-09T04:41:57.596+0000][1][safepoint    ] Application time: 1.0000779 seconds
[2019-12-09T04:41:57.596+0000][1][safepoint    ] Entering safepoint region: Cleanup
[2019-12-09T04:41:57.596+0000][1][safepoint    ] Leaving safepoint region
[2019-12-09T04:41:57.596+0000][1][safepoint    ] Total time for which application threads were stopped: 0.0001040 seconds, Stopping threads took: 0.0000233 seconds
[2019-12-09T04:41:58.596+0000][1][safepoint    ] Application time: 1.0001183 seconds
[2019-12-09T04:41:58.596+0000][1][safepoint    ] Entering safepoint region: Cleanup
[2019-12-09T04:41:58.596+0000][1][safepoint    ] Leaving safepoint region
[2019-12-09T04:41:58.596+0000][1][safepoint    ] Total time for which application threads were stopped: 0.0000906 seconds, Stopping threads took: 0.0000230 seconds
[2019-12-09T04:41:59.596+0000][1][safepoint    ] Application time: 1.0000819 seconds
[2019-12-09T04:41:59.596+0000][1][safepoint    ] Entering safepoint region: Cleanup
[2019-12-09T04:41:59.597+0000][1][safepoint    ] Leaving safepoint region
[2019-12-09T04:41:59.597+0000][1][safepoint    ] Total time for which application threads were stopped: 0.0000941 seconds, Stopping threads took: 0.0000236 seconds
[2019-12-09T04:42:00.597+0000][1][safepoint    ] Application time: 1.0000765 seconds
[2019-12-09T04:42:00.597+0000][1][safepoint    ] Entering safepoint region: Cleanup
[2019-12-09T04:42:00.597+0000][1][safepoint    ] Leaving safepoint region
[2019-12-09T04:42:00.597+0000][1][safepoint    ] Total time for which application threads were stopped: 0.0000898 seconds, Stopping threads took: 0.0000225 seconds
[2019-12-09T04:42:01.597+0000][1][safepoint    ] Application time: 1.0000765 seconds
[2019-12-09T04:42:01.597+0000][1][safepoint    ] Entering safepoint region: Cleanup
[2019-12-09T04:42:01.597+0000][1][safepoint    ] Leaving safepoint region
[2019-12-09T04:42:01.597+0000][1][safepoint    ] Total time for which application threads were stopped: 0.0000901 seconds, Stopping threads took: 0.0000226 seconds
[2019-12-09T04:42:02.597+0000][1][safepoint    ] Application time: 1.0000771 seconds
[2019-12-09T04:42:02.597+0000][1][safepoint    ] Entering safepoint region: Cleanup
[2019-12-09T04:42:02.597+0000][1][safepoint    ] Leaving safepoint region
[2019-12-09T04:42:02.597+0000][1][safepoint    ] Total time for which application threads were stopped: 0.0000905 seconds, Stopping threads took: 0.0000223 seconds
[2019-12-09T04:42:03.597+0000][1][safepoint    ] Application time: 1.0000781 seconds
[2019-12-09T04:42:03.597+0000][1][safepoint    ] Entering safepoint region: Cleanup
[2019-12-09T04:42:03.597+0000][1][safepoint    ] Leaving safepoint region
[2019-12-09T04:42:03.597+0000][1][safepoint    ] Total time for which application threads were stopped: 0.0000926 seconds, Stopping threads took: 0.0000233 seconds
[2019-12-09T04:42:04.598+0000][1][safepoint    ] Application time: 1.0000789 seconds
[2019-12-09T04:42:04.598+0000][1][safepoint    ] Entering safepoint region: Cleanup
[2019-12-09T04:42:04.598+0000][1][safepoint    ] Leaving safepoint region
[2019-12-09T04:42:04.598+0000][1][safepoint    ] Total time for which application threads were stopped: 0.0001050 seconds, Stopping threads took: 0.0000241 seconds
[2019-12-09T04:42:05.598+0000][1][safepoint    ] Application time: 1.0000769 seconds
[2019-12-09T04:42:05.598+0000][1][safepoint    ] Entering safepoint region: Cleanup
[2019-12-09T04:42:05.598+0000][1][safepoint    ] Leaving safepoint region
[2019-12-09T04:42:05.598+0000][1][safepoint    ] Total time for which application threads were stopped: 0.0000916 seconds, Stopping threads took: 0.0000218 seconds
[2019-12-09T04:42:06.598+0000][1][safepoint    ] Application time: 1.0000773 seconds
[2019-12-09T04:42:06.598+0000][1][safepoint    ] Entering safepoint region: Cleanup
[2019-12-09T04:42:06.598+0000][1][safepoint    ] Leaving safepoint region
[2019-12-09T04:42:06.598+0000][1][safepoint    ] Total time for which application threads were stopped: 0.0000931 seconds, Stopping threads took: 0.0000230 seconds
[2019-12-09T04:42:07.598+0000][1][safepoint    ] Application time: 1.0000756 seconds
[2019-12-09T04:42:07.598+0000][1][safepoint    ] Entering safepoint region: Cleanup
[2019-12-09T04:42:07.598+0000][1][safepoint    ] Leaving safepoint region
[2019-12-09T04:42:07.598+0000][1][safepoint    ] Total time for which application threads were stopped: 0.0000886 seconds, Stopping threads took: 0.0000211 seconds
[2019-12-09T04:42:08.598+0000][1][safepoint    ] Application time: 1.0000747 seconds
[2019-12-09T04:42:08.598+0000][1][safepoint    ] Entering safepoint region: Cleanup
[2019-12-09T04:42:08.599+0000][1][safepoint    ] Leaving safepoint region
[2019-12-09T04:42:08.599+0000][1][safepoint    ] Total time for which application threads were stopped: 0.0000880 seconds, Stopping threads took: 0.0000203 seconds
[2019-12-09T04:42:09.599+0000][1][safepoint    ] Application time: 1.0000743 seconds
[2019-12-09T04:42:09.599+0000][1][safepoint    ] Entering safepoint region: Cleanup
[2019-12-09T04:42:09.599+0000][1][safepoint    ] Leaving safepoint region
[2019-12-09T04:42:09.599+0000][1][safepoint    ] Total time for which application threads were stopped: 0.0000899 seconds, Stopping threads took: 0.0000234 seconds
[2019-12-09T04:42:10.599+0000][1][safepoint    ] Application time: 1.0000739 seconds
[2019-12-09T04:42:10.599+0000][1][safepoint    ] Entering safepoint region: Cleanup
[2019-12-09T04:42:10.599+0000][1][safepoint    ] Leaving safepoint region
[2019-12-09T04:42:10.599+0000][1][safepoint    ] Total time for which application threads were stopped: 0.0000959 seconds, Stopping threads took: 0.0000230 seconds
[2019-12-09T04:42:11.599+0000][1][safepoint    ] Application time: 1.0000748 seconds
[2019-12-09T04:42:11.599+0000][1][safepoint    ] Entering safepoint region: Cleanup
[2019-12-09T04:42:11.599+0000][1][safepoint    ] Leaving safepoint region
[2019-12-09T04:42:11.599+0000][1][safepoint    ] Total time for which application threads were stopped: 0.0000922 seconds, Stopping threads took: 0.0000239 seconds
[2019-12-09T04:42:12.599+0000][1][safepoint    ] Application time: 1.0000759 seconds
[2019-12-09T04:42:12.599+0000][1][safepoint    ] Entering safepoint region: Cleanup
[2019-12-09T04:42:12.599+0000][1][safepoint    ] Leaving safepoint region
[2019-12-09T04:42:12.599+0000][1][safepoint    ] Total time for which application threads were stopped: 0.0000917 seconds, Stopping threads took: 0.0000225 seconds
[2019-12-09T04:42:13.600+0000][1][safepoint    ] Application time: 1.0000744 seconds
[2019-12-09T04:42:13.600+0000][1][safepoint    ] Entering safepoint region: Cleanup
[2019-12-09T04:42:13.600+0000][1][safepoint    ] Leaving safepoint region
[2019-12-09T04:42:13.600+0000][1][safepoint    ] Total time for which application threads were stopped: 0.0000895 seconds, Stopping threads took: 0.0000216 seconds
[2019-12-09T04:42:14.600+0000][1][safepoint    ] Application time: 1.0000753 seconds
[2019-12-09T04:42:14.600+0000][1][safepoint    ] Entering safepoint region: Cleanup
[2019-12-09T04:42:14.600+0000][1][safepoint    ] Leaving safepoint region
[2019-12-09T04:42:14.600+0000][1][safepoint    ] Total time for which application threads were stopped: 0.0000837 seconds, Stopping threads took: 0.0000162 seconds
[2019-12-09T04:42:15.600+0000][1][safepoint    ] Application time: 1.0000748 seconds
[2019-12-09T04:42:15.600+0000][1][safepoint    ] Entering safepoint region: Cleanup
[2019-12-09T04:42:15.600+0000][1][safepoint    ] Leaving safepoint region
[2019-12-09T04:42:15.600+0000][1][safepoint    ] Total time for which application threads were stopped: 0.0000866 seconds, Stopping threads took: 0.0000179 seconds
[2019-12-09T04:42:16.600+0000][1][safepoint    ] Application time: 1.0000734 seconds
[2019-12-09T04:42:16.600+0000][1][safepoint    ] Entering safepoint region: Cleanup
[2019-12-09T04:42:16.600+0000][1][safepoint    ] Leaving safepoint region
[2019-12-09T04:42:16.600+0000][1][safepoint    ] Total time for which application threads were stopped: 0.0000867 seconds, Stopping threads took: 0.0000169 seconds
[2019-12-09T04:42:17.600+0000][1][safepoint    ] Application time: 1.0000737 seconds
[2019-12-09T04:42:17.600+0000][1][safepoint    ] Entering safepoint region: Cleanup
[2019-12-09T04:42:17.600+0000][1][safepoint    ] Leaving safepoint region
[2019-12-09T04:42:17.600+0000][1][safepoint    ] Total time for which application threads were stopped: 0.0000849 seconds, Stopping threads took: 0.0000170 seconds
[2019-12-09T04:42:18.601+0000][1][safepoint    ] Application time: 1.0000750 seconds
[2019-12-09T04:42:18.601+0000][1][safepoint    ] Entering safepoint region: Cleanup
[2019-12-09T04:42:18.601+0000][1][safepoint    ] Leaving safepoint region
[2019-12-09T04:42:18.601+0000][1][safepoint    ] Total time for which application threads were stopped: 0.0000832 seconds, Stopping threads took: 0.0000165 seconds
[2019-12-09T04:42:19.601+0000][1][safepoint    ] Application time: 1.0000859 seconds
[2019-12-09T04:42:19.601+0000][1][safepoint    ] Entering safepoint region: Cleanup
[2019-12-09T04:42:19.601+0000][1][safepoint    ] Leaving safepoint region
[2019-12-09T04:42:19.601+0000][1][safepoint    ] Total time for which application threads were stopped: 0.0000847 seconds, Stopping threads took: 0.0000178 seconds
[2019-12-09T04:42:20.601+0000][1][safepoint    ] Application time: 1.0000772 seconds
[2019-12-09T04:42:20.601+0000][1][safepoint    ] Entering safepoint region: Cleanup
[2019-12-09T04:42:20.601+0000][1][safepoint    ] Leaving safepoint region
[2019-12-09T04:42:20.601+0000][1][safepoint    ] Total time for which application threads were stopped: 0.0001005 seconds, Stopping threads took: 0.0000283 seconds
[2019-12-09T04:42:21.601+0000][1][safepoint    ] Application time: 1.0000730 seconds
[2019-12-09T04:42:21.601+0000][1][safepoint    ] Entering safepoint region: Cleanup
[2019-12-09T04:42:21.601+0000][1][safepoint    ] Leaving safepoint region
[2019-12-09T04:42:21.601+0000][1][safepoint    ] Total time for which application threads were stopped: 0.0000830 seconds, Stopping threads took: 0.0000159 seconds
[2019-12-09T04:42:22.601+0000][1][safepoint    ] Application time: 1.0000737 seconds
[2019-12-09T04:42:22.601+0000][1][safepoint    ] Entering safepoint region: Cleanup
[2019-12-09T04:42:22.602+0000][1][safepoint    ] Leaving safepoint region
[2019-12-09T04:42:22.602+0000][1][safepoint    ] Total time for which application threads were stopped: 0.0000841 seconds, Stopping threads took: 0.0000171 seconds
[2019-12-09T04:42:23.602+0000][1][safepoint    ] Application time: 1.0000751 seconds
[2019-12-09T04:42:23.602+0000][1][safepoint    ] Entering safepoint region: Cleanup
[2019-12-09T04:42:23.602+0000][1][safepoint    ] Leaving safepoint region
[2019-12-09T04:42:23.602+0000][1][safepoint    ] Total time for which application threads were stopped: 0.0000908 seconds, Stopping threads took: 0.0000165 seconds
[2019-12-09T04:42:24.602+0000][1][safepoint    ] Application time: 1.0000755 seconds
[2019-12-09T04:42:24.602+0000][1][safepoint    ] Entering safepoint region: Cleanup
[2019-12-09T04:42:24.602+0000][1][safepoint    ] Leaving safepoint region
[2019-12-09T04:42:24.602+0000][1][safepoint    ] Total time for which application threads were stopped: 0.0000804 seconds, Stopping threads took: 0.0000165 seconds
[2019-12-09T04:42:25.602+0000][1][safepoint    ] Application time: 1.0000751 seconds
[2019-12-09T04:42:25.602+0000][1][safepoint    ] Entering safepoint region: Cleanup
[2019-12-09T04:42:25.602+0000][1][safepoint    ] Leaving safepoint region
[2019-12-09T04:42:25.602+0000][1][safepoint    ] Total time for which application threads were stopped: 0.0000791 seconds, Stopping threads took: 0.0000159 seconds
[2019-12-09T04:42:26.602+0000][1][safepoint    ] Application time: 1.0000745 seconds
[2019-12-09T04:42:26.602+0000][1][safepoint    ] Entering safepoint region: Cleanup
[2019-12-09T04:42:26.602+0000][1][safepoint    ] Leaving safepoint region
[2019-12-09T04:42:26.602+0000][1][safepoint    ] Total time for which application threads were stopped: 0.0000784 seconds, Stopping threads took: 0.0000162 seconds
[2019-12-09T04:42:27.602+0000][1][safepoint    ] Application time: 1.0000754 seconds
[2019-12-09T04:42:27.602+0000][1][safepoint    ] Entering safepoint region: Cleanup
[2019-12-09T04:42:27.603+0000][1][safepoint    ] Leaving safepoint region
[2019-12-09T04:42:27.603+0000][1][safepoint    ] Total time for which application threads were stopped: 0.0000771 seconds, Stopping threads took: 0.0000169 seconds
[2019-12-09T04:42:28.603+0000][1][safepoint    ] Application time: 1.0000754 seconds
[2019-12-09T04:42:28.603+0000][1][safepoint    ] Entering safepoint region: Cleanup
[2019-12-09T04:42:28.603+0000][1][safepoint    ] Leaving safepoint region
[2019-12-09T04:42:28.603+0000][1][safepoint    ] Total time for which application threads were stopped: 0.0000924 seconds, Stopping threads took: 0.0000191 seconds
[2019-12-09T04:42:29.603+0000][1][safepoint    ] Application time: 1.0000741 seconds
[2019-12-09T04:42:29.603+0000][1][safepoint    ] Entering safepoint region: Cleanup
[2019-12-09T04:42:29.603+0000][1][safepoint    ] Leaving safepoint region
[2019-12-09T04:42:29.603+0000][1][safepoint    ] Total time for which application threads were stopped: 0.0000908 seconds, Stopping threads took: 0.0000251 seconds
[2019-12-09T04:42:30.603+0000][1][safepoint    ] Application time: 1.0000742 seconds
[2019-12-09T04:42:30.603+0000][1][safepoint    ] Entering safepoint region: Cleanup
[2019-12-09T04:42:30.603+0000][1][safepoint    ] Leaving safepoint region
[2019-12-09T04:42:30.603+0000][1][safepoint    ] Total time for which application threads were stopped: 0.0000774 seconds, Stopping threads took: 0.0000242 seconds
[2019-12-09T04:42:31.603+0000][1][safepoint    ] Application time: 1.0000749 seconds
[2019-12-09T04:42:31.603+0000][1][safepoint    ] Entering safepoint region: Cleanup
[2019-12-09T04:42:31.603+0000][1][safepoint    ] Leaving safepoint region
[2019-12-09T04:42:31.603+0000][1][safepoint    ] Total time for which application threads were stopped: 0.0000712 seconds, Stopping threads took: 0.0000180 seconds
[2019-12-09T04:42:32.603+0000][1][safepoint    ] Application time: 1.0000757 seconds
[2019-12-09T04:42:32.603+0000][1][safepoint    ] Entering safepoint region: Cleanup
[2019-12-09T04:42:32.604+0000][1][safepoint    ] Leaving safepoint region
[2019-12-09T04:42:32.604+0000][1][safepoint    ] Total time for which application threads were stopped: 0.0000687 seconds, Stopping threads took: 0.0000172 seconds
[2019-12-09T04:42:33.604+0000][1][safepoint    ] Application time: 1.0000745 seconds
[2019-12-09T04:42:33.604+0000][1][safepoint    ] Entering safepoint region: Cleanup
[2019-12-09T04:42:33.604+0000][1][safepoint    ] Leaving safepoint region
[2019-12-09T04:42:33.604+0000][1][safepoint    ] Total time for which application threads were stopped: 0.0000792 seconds, Stopping threads took: 0.0000169 seconds
[2019-12-09T04:42:34.604+0000][1][safepoint    ] Application time: 1.0000760 seconds
[2019-12-09T04:42:34.604+0000][1][safepoint    ] Entering safepoint region: Cleanup
[2019-12-09T04:42:34.604+0000][1][safepoint    ] Leaving safepoint region
[2019-12-09T04:42:34.604+0000][1][safepoint    ] Total time for which application threads were stopped: 0.0000694 seconds, Stopping threads took: 0.0000158 seconds
[2019-12-09T04:42:35.604+0000][1][safepoint    ] Application time: 1.0000770 seconds
[2019-12-09T04:42:35.604+0000][1][safepoint    ] Entering safepoint region: Cleanup
[2019-12-09T04:42:35.604+0000][1][safepoint    ] Leaving safepoint region
[2019-12-09T04:42:35.604+0000][1][safepoint    ] Total time for which application threads were stopped: 0.0000712 seconds, Stopping threads took: 0.0000191 seconds
[2019-12-09T04:42:36.604+0000][1][safepoint    ] Application time: 1.0000778 seconds
[2019-12-09T04:42:36.604+0000][1][safepoint    ] Entering safepoint region: Cleanup
[2019-12-09T04:42:36.604+0000][1][safepoint    ] Leaving safepoint region
[2019-12-09T04:42:36.604+0000][1][safepoint    ] Total time for which application threads were stopped: 0.0000746 seconds, Stopping threads took: 0.0000222 seconds
[2019-12-09T04:42:37.604+0000][1][safepoint    ] Application time: 1.0000768 seconds
[2019-12-09T04:42:37.604+0000][1][safepoint    ] Entering safepoint region: Cleanup
[2019-12-09T04:42:37.604+0000][1][safepoint    ] Leaving safepoint region
[2019-12-09T04:42:37.605+0000][1][safepoint    ] Total time for which application threads were stopped: 0.0000689 seconds, Stopping threads took: 0.0000159 seconds
[2019-12-09T04:42:38.605+0000][1][safepoint    ] Application time: 1.0000763 seconds
[2019-12-09T04:42:38.605+0000][1][safepoint    ] Entering safepoint region: Cleanup
[2019-12-09T04:42:38.605+0000][1][safepoint    ] Leaving safepoint region
[2019-12-09T04:42:38.605+0000][1][safepoint    ] Total time for which application threads were stopped: 0.0000841 seconds, Stopping threads took: 0.0000161 seconds
[2019-12-09T04:42:39.605+0000][1][safepoint    ] Application time: 1.0000784 seconds
[2019-12-09T04:42:39.605+0000][1][safepoint    ] Entering safepoint region: Cleanup
[2019-12-09T04:42:39.605+0000][1][safepoint    ] Leaving safepoint region
[2019-12-09T04:42:39.605+0000][1][safepoint    ] Total time for which application threads were stopped: 0.0000766 seconds, Stopping threads took: 0.0000234 seconds
[2019-12-09T04:42:40.605+0000][1][safepoint    ] Application time: 1.0000760 seconds
[2019-12-09T04:42:40.605+0000][1][safepoint    ] Entering safepoint region: Cleanup
[2019-12-09T04:42:40.605+0000][1][safepoint    ] Leaving safepoint region
[2019-12-09T04:42:40.605+0000][1][safepoint    ] Total time for which application threads were stopped: 0.0000782 seconds, Stopping threads took: 0.0000252 seconds
[2019-12-09T04:42:41.605+0000][1][safepoint    ] Application time: 1.0000764 seconds
[2019-12-09T04:42:41.605+0000][1][safepoint    ] Entering safepoint region: Cleanup
[2019-12-09T04:42:41.605+0000][1][safepoint    ] Leaving safepoint region
[2019-12-09T04:42:41.605+0000][1][safepoint    ] Total time for which application threads were stopped: 0.0000694 seconds, Stopping threads took: 0.0000164 seconds
[2019-12-09T04:42:42.605+0000][1][safepoint    ] Application time: 1.0000765 seconds
[2019-12-09T04:42:42.605+0000][1][safepoint    ] Entering safepoint region: Cleanup
[2019-12-09T04:42:42.605+0000][1][safepoint    ] Leaving safepoint region
[2019-12-09T04:42:42.605+0000][1][safepoint    ] Total time for which application threads were stopped: 0.0000707 seconds, Stopping threads took: 0.0000170 seconds
[2019-12-09T04:42:43.606+0000][1][safepoint    ] Application time: 1.0000763 seconds
[2019-12-09T04:42:43.606+0000][1][safepoint    ] Entering safepoint region: Cleanup
[2019-12-09T04:42:43.606+0000][1][safepoint    ] Leaving safepoint region
[2019-12-09T04:42:43.606+0000][1][safepoint    ] Total time for which application threads were stopped: 0.0000692 seconds, Stopping threads took: 0.0000170 seconds
[2019-12-09T04:42:44.606+0000][1][safepoint    ] Application time: 1.0000768 seconds
[2019-12-09T04:42:44.606+0000][1][safepoint    ] Entering safepoint region: Cleanup
[2019-12-09T04:42:44.606+0000][1][safepoint    ] Leaving safepoint region
[2019-12-09T04:42:44.606+0000][1][safepoint    ] Total time for which application threads were stopped: 0.0000653 seconds, Stopping threads took: 0.0000154 seconds
[2019-12-09T04:42:45.606+0000][1][safepoint    ] Application time: 1.0000746 seconds
[2019-12-09T04:42:45.606+0000][1][safepoint    ] Entering safepoint region: Cleanup
[2019-12-09T04:42:45.606+0000][1][safepoint    ] Leaving safepoint region
[2019-12-09T04:42:45.606+0000][1][safepoint    ] Total time for which application threads were stopped: 0.0000681 seconds, Stopping threads took: 0.0000159 seconds
[2019-12-09T04:42:46.606+0000][1][safepoint    ] Application time: 1.0000834 seconds
[2019-12-09T04:42:46.606+0000][1][safepoint    ] Entering safepoint region: Cleanup
[2019-12-09T04:42:46.606+0000][1][safepoint    ] Leaving safepoint region
[2019-12-09T04:42:46.606+0000][1][safepoint    ] Total time for which application threads were stopped: 0.0000701 seconds, Stopping threads took: 0.0000163 seconds
[2019-12-09T04:42:47.606+0000][1][safepoint    ] Application time: 1.0000769 seconds
[2019-12-09T04:42:47.606+0000][1][safepoint    ] Entering safepoint region: Cleanup
[2019-12-09T04:42:47.606+0000][1][safepoint    ] Leaving safepoint region
[2019-12-09T04:42:47.606+0000][1][safepoint    ] Total time for which application threads were stopped: 0.0000680 seconds, Stopping threads took: 0.0000160 seconds
[2019-12-09T04:42:48.607+0000][1][safepoint    ] Application time: 1.0000753 seconds
[2019-12-09T04:42:48.607+0000][1][safepoint    ] Entering safepoint region: Cleanup
[2019-12-09T04:42:48.607+0000][1][safepoint    ] Leaving safepoint region
[2019-12-09T04:42:48.607+0000][1][safepoint    ] Total time for which application threads were stopped: 0.0000671 seconds, Stopping threads took: 0.0000156 seconds
[2019-12-09T04:42:49.607+0000][1][safepoint    ] Application time: 1.0000819 seconds
[2019-12-09T04:42:49.607+0000][1][safepoint    ] Entering safepoint region: Cleanup
[2019-12-09T04:42:49.607+0000][1][safepoint    ] Leaving safepoint region
[2019-12-09T04:42:49.607+0000][1][safepoint    ] Total time for which application threads were stopped: 0.0000727 seconds, Stopping threads took: 0.0000219 seconds
[2019-12-09T04:42:50.607+0000][1][safepoint    ] Application time: 1.0000780 seconds
[2019-12-09T04:42:50.607+0000][1][safepoint    ] Entering safepoint region: Cleanup
[2019-12-09T04:42:50.607+0000][1][safepoint    ] Leaving safepoint region
[2019-12-09T04:42:50.607+0000][1][safepoint    ] Total time for which application threads were stopped: 0.0000689 seconds, Stopping threads took: 0.0000169 seconds
[2019-12-09T04:42:51.607+0000][1][safepoint    ] Application time: 1.0000758 seconds
[2019-12-09T04:42:51.607+0000][1][safepoint    ] Entering safepoint region: Cleanup
[2019-12-09T04:42:51.607+0000][1][safepoint    ] Leaving safepoint region
[2019-12-09T04:42:51.607+0000][1][safepoint    ] Total time for which application threads were stopped: 0.0000722 seconds, Stopping threads took: 0.0000169 seconds
[2019-12-09T04:42:52.607+0000][1][safepoint    ] Application time: 1.0000766 seconds
[2019-12-09T04:42:52.607+0000][1][safepoint    ] Entering safepoint region: Cleanup
[2019-12-09T04:42:52.607+0000][1][safepoint    ] Leaving safepoint region
[2019-12-09T04:42:52.607+0000][1][safepoint    ] Total time for which application threads were stopped: 0.0000701 seconds, Stopping threads took: 0.0000164 seconds
[2019-12-09T04:42:53.607+0000][1][safepoint    ] Application time: 1.0000761 seconds
[2019-12-09T04:42:53.608+0000][1][safepoint    ] Entering safepoint region: Cleanup
[2019-12-09T04:42:53.608+0000][1][safepoint    ] Leaving safepoint region
[2019-12-09T04:42:53.608+0000][1][safepoint    ] Total time for which application threads were stopped: 0.0000683 seconds, Stopping threads took: 0.0000178 seconds
[2019-12-09T04:42:54.608+0000][1][safepoint    ] Application time: 1.0001820 seconds
[2019-12-09T04:42:54.608+0000][1][safepoint    ] Entering safepoint region: Cleanup
[2019-12-09T04:42:54.608+0000][1][safepoint    ] Leaving safepoint region
[2019-12-09T04:42:54.608+0000][1][safepoint    ] Total time for which application threads were stopped: 0.0000953 seconds, Stopping threads took: 0.0000230 seconds
[2019-12-09T04:42:55.608+0000][1][safepoint    ] Application time: 1.0000758 seconds
[2019-12-09T04:42:55.608+0000][1][safepoint    ] Entering safepoint region: Cleanup
[2019-12-09T04:42:55.608+0000][1][safepoint    ] Leaving safepoint region
[2019-12-09T04:42:55.608+0000][1][safepoint    ] Total time for which application threads were stopped: 0.0000680 seconds, Stopping threads took: 0.0000160 seconds
[2019-12-09T04:42:56.622+0000][1][safepoint    ] Application time: 1.0139526 seconds
[2019-12-09T04:42:56.622+0000][1][safepoint    ] Entering safepoint region: Cleanup
[2019-12-09T04:42:56.622+0000][1][safepoint    ] Leaving safepoint region
[2019-12-09T04:42:56.622+0000][1][safepoint    ] Total time for which application threads were stopped: 0.0001020 seconds, Stopping threads took: 0.0000237 seconds
[2019-12-09T04:42:57.622+0000][1][safepoint    ] Application time: 1.0000842 seconds
[2019-12-09T04:42:57.622+0000][1][safepoint    ] Entering safepoint region: Cleanup
[2019-12-09T04:42:57.622+0000][1][safepoint    ] Leaving safepoint region
[2019-12-09T04:42:57.622+0000][1][safepoint    ] Total time for which application threads were stopped: 0.0000970 seconds, Stopping threads took: 0.0000213 seconds
[2019-12-09T04:42:58.623+0000][1][safepoint    ] Application time: 1.0000795 seconds
[2019-12-09T04:42:58.623+0000][1][safepoint    ] Entering safepoint region: Cleanup
[2019-12-09T04:42:58.623+0000][1][safepoint    ] Leaving safepoint region
[2019-12-09T04:42:58.623+0000][1][safepoint    ] Total time for which application threads were stopped: 0.0000841 seconds, Stopping threads took: 0.0000155 seconds
[2019-12-09T04:42:59.623+0000][1][safepoint    ] Application time: 1.0005617 seconds
[2019-12-09T04:42:59.623+0000][1][safepoint    ] Entering safepoint region: Cleanup
[2019-12-09T04:42:59.623+0000][1][safepoint    ] Leaving safepoint region
[2019-12-09T04:42:59.623+0000][1][safepoint    ] Total time for which application threads were stopped: 0.0001025 seconds, Stopping threads took: 0.0000216 seconds
[2019-12-09T04:43:00.623+0000][1][safepoint    ] Application time: 1.0000847 seconds
[2019-12-09T04:43:00.624+0000][1][safepoint    ] Entering safepoint region: Cleanup
[2019-12-09T04:43:00.624+0000][1][safepoint    ] Leaving safepoint region
[2019-12-09T04:43:00.624+0000][1][safepoint    ] Total time for which application threads were stopped: 0.0000790 seconds, Stopping threads took: 0.0000229 seconds
[2019-12-09T04:43:01.624+0000][1][safepoint    ] Application time: 1.0000984 seconds
[2019-12-09T04:43:01.624+0000][1][safepoint    ] Entering safepoint region: Cleanup
[2019-12-09T04:43:01.624+0000][1][safepoint    ] Leaving safepoint region
[2019-12-09T04:43:01.624+0000][1][safepoint    ] Total time for which application threads were stopped: 0.0001005 seconds, Stopping threads took: 0.0000234 seconds
[2019-12-09T04:43:02.624+0000][1][safepoint    ] Application time: 1.0000852 seconds
[2019-12-09T04:43:02.624+0000][1][safepoint    ] Entering safepoint region: Cleanup
[2019-12-09T04:43:02.624+0000][1][safepoint    ] Leaving safepoint region
[2019-12-09T04:43:02.624+0000][1][safepoint    ] Total time for which application threads were stopped: 0.0000995 seconds, Stopping threads took: 0.0000224 seconds
[2019-12-09T04:43:03.624+0000][1][safepoint    ] Application time: 1.0000789 seconds
[2019-12-09T04:43:03.624+0000][1][safepoint    ] Entering safepoint region: Cleanup
[2019-12-09T04:43:03.624+0000][1][safepoint    ] Leaving safepoint region
[2019-12-09T04:43:03.624+0000][1][safepoint    ] Total time for which application threads were stopped: 0.0000721 seconds, Stopping threads took: 0.0000178 seconds
[2019-12-09T04:43:04.624+0000][1][safepoint    ] Application time: 1.0000846 seconds
[2019-12-09T04:43:04.624+0000][1][safepoint    ] Entering safepoint region: Cleanup
[2019-12-09T04:43:04.624+0000][1][safepoint    ] Leaving safepoint region
[2019-12-09T04:43:04.625+0000][1][safepoint    ] Total time for which application threads were stopped: 0.0000747 seconds, Stopping threads took: 0.0000189 seconds
[2019-12-09T04:43:05.625+0000][1][safepoint    ] Application time: 1.0001038 seconds
[2019-12-09T04:43:05.625+0000][1][safepoint    ] Entering safepoint region: Cleanup
[2019-12-09T04:43:05.625+0000][1][safepoint    ] Leaving safepoint region
[2019-12-09T04:43:05.625+0000][1][safepoint    ] Total time for which application threads were stopped: 0.0001057 seconds, Stopping threads took: 0.0000348 seconds
[2019-12-09T04:43:06.625+0000][1][safepoint    ] Application time: 1.0000779 seconds
[2019-12-09T04:43:06.625+0000][1][safepoint    ] Entering safepoint region: Cleanup
[2019-12-09T04:43:06.625+0000][1][safepoint    ] Leaving safepoint region
[2019-12-09T04:43:06.625+0000][1][safepoint    ] Total time for which application threads were stopped: 0.0000919 seconds, Stopping threads took: 0.0000219 seconds
[2019-12-09T04:43:07.625+0000][1][safepoint    ] Application time: 1.0000760 seconds
[2019-12-09T04:43:07.625+0000][1][safepoint    ] Entering safepoint region: Cleanup
[2019-12-09T04:43:07.625+0000][1][safepoint    ] Leaving safepoint region
[2019-12-09T04:43:07.625+0000][1][safepoint    ] Total time for which application threads were stopped: 0.0000813 seconds, Stopping threads took: 0.0000164 seconds
[2019-12-09T04:43:08.625+0000][1][safepoint    ] Application time: 1.0000811 seconds
[2019-12-09T04:43:08.625+0000][1][safepoint    ] Entering safepoint region: Cleanup
[2019-12-09T04:43:08.625+0000][1][safepoint    ] Leaving safepoint region
[2019-12-09T04:43:08.625+0000][1][safepoint    ] Total time for which application threads were stopped: 0.0000672 seconds, Stopping threads took: 0.0000156 seconds
[2019-12-09T04:43:09.625+0000][1][safepoint    ] Application time: 1.0000766 seconds
[2019-12-09T04:43:09.626+0000][1][safepoint    ] Entering safepoint region: Cleanup
[2019-12-09T04:43:09.626+0000][1][safepoint    ] Leaving safepoint region
[2019-12-09T04:43:09.626+0000][1][safepoint    ] Total time for which application threads were stopped: 0.0000780 seconds, Stopping threads took: 0.0000175 seconds
[2019-12-09T04:43:10.626+0000][1][safepoint    ] Application time: 1.0000749 seconds
[2019-12-09T04:43:10.626+0000][1][safepoint    ] Entering safepoint region: Cleanup
[2019-12-09T04:43:10.626+0000][1][safepoint    ] Leaving safepoint region
[2019-12-09T04:43:10.626+0000][1][safepoint    ] Total time for which application threads were stopped: 0.0000780 seconds, Stopping threads took: 0.0000248 seconds
[2019-12-09T04:43:11.626+0000][1][safepoint    ] Application time: 1.0000779 seconds
[2019-12-09T04:43:11.626+0000][1][safepoint    ] Entering safepoint region: Cleanup
[2019-12-09T04:43:11.626+0000][1][safepoint    ] Leaving safepoint region
[2019-12-09T04:43:11.626+0000][1][safepoint    ] Total time for which application threads were stopped: 0.0000686 seconds, Stopping threads took: 0.0000161 seconds
[2019-12-09T04:43:12.626+0000][1][safepoint    ] Application time: 1.0000764 seconds
[2019-12-09T04:43:12.626+0000][1][safepoint    ] Entering safepoint region: Cleanup
[2019-12-09T04:43:12.626+0000][1][safepoint    ] Leaving safepoint region
[2019-12-09T04:43:12.626+0000][1][safepoint    ] Total time for which application threads were stopped: 0.0000709 seconds, Stopping threads took: 0.0000192 seconds
[2019-12-09T04:43:13.626+0000][1][safepoint    ] Application time: 1.0000778 seconds
[2019-12-09T04:43:13.626+0000][1][safepoint    ] Entering safepoint region: Cleanup
[2019-12-09T04:43:13.626+0000][1][safepoint    ] Leaving safepoint region
[2019-12-09T04:43:13.626+0000][1][safepoint    ] Total time for which application threads were stopped: 0.0000703 seconds, Stopping threads took: 0.0000163 seconds
[2019-12-09T04:43:14.626+0000][1][safepoint    ] Application time: 1.0000755 seconds
[2019-12-09T04:43:14.626+0000][1][safepoint    ] Entering safepoint region: Cleanup
[2019-12-09T04:43:14.627+0000][1][safepoint    ] Leaving safepoint region
[2019-12-09T04:43:14.627+0000][1][safepoint    ] Total time for which application threads were stopped: 0.0000683 seconds, Stopping threads took: 0.0000166 seconds
[2019-12-09T04:43:15.627+0000][1][safepoint    ] Application time: 1.0000760 seconds
[2019-12-09T04:43:15.627+0000][1][safepoint    ] Entering safepoint region: Cleanup
[2019-12-09T04:43:15.627+0000][1][safepoint    ] Leaving safepoint region
[2019-12-09T04:43:15.627+0000][1][safepoint    ] Total time for which application threads were stopped: 0.0000841 seconds, Stopping threads took: 0.0000322 seconds
[2019-12-09T04:43:16.627+0000][1][safepoint    ] Application time: 1.0000767 seconds
[2019-12-09T04:43:16.627+0000][1][safepoint    ] Entering safepoint region: Cleanup
[2019-12-09T04:43:16.627+0000][1][safepoint    ] Leaving safepoint region
[2019-12-09T04:43:16.627+0000][1][safepoint    ] Total time for which application threads were stopped: 0.0000806 seconds, Stopping threads took: 0.0000172 seconds
[2019-12-09T04:43:17.303+0000][1][safepoint    ] Application time: 0.6763073 seconds
[2019-12-09T04:43:17.303+0000][1][safepoint    ] Entering safepoint region: GenCollectForAllocation
[2019-12-09T04:43:17.303+0000][1][gc,start     ] GC(49) Pause Young (Allocation Failure)
[2019-12-09T04:43:17.303+0000][1][gc,task      ] GC(49) Using 2 workers of 2 for evacuation
[2019-12-09T04:43:17.305+0000][1][gc,age       ] GC(49) Desired survivor size 4456448 bytes, new threshold 6 (max threshold 6)
[2019-12-09T04:43:17.305+0000][1][gc,age       ] GC(49) Age table with threshold 6 (max threshold 6)
[2019-12-09T04:43:17.305+0000][1][gc,age       ] GC(49) - age   1:       3992 bytes,       3992 total
[2019-12-09T04:43:17.305+0000][1][gc,age       ] GC(49) - age   2:        768 bytes,       4760 total
[2019-12-09T04:43:17.305+0000][1][gc,age       ] GC(49) - age   4:        520 bytes,       5280 total
[2019-12-09T04:43:17.305+0000][1][gc,age       ] GC(49) - age   6:         56 bytes,       5336 total
[2019-12-09T04:43:17.305+0000][1][gc,heap      ] GC(49) ParNew: 69963K->9K(78656K)
[2019-12-09T04:43:17.305+0000][1][gc,heap      ] GC(49) CMS: 69330K->69333K(174784K)
[2019-12-09T04:43:17.305+0000][1][gc,metaspace ] GC(49) Metaspace: 68448K->68448K(1112064K)
[2019-12-09T04:43:17.305+0000][1][gc           ] GC(49) Pause Young (Allocation Failure) 136M->67M(247M) 1.399ms
[2019-12-09T04:43:17.305+0000][1][gc,cpu       ] GC(49) User=0.00s Sys=0.00s Real=0.01s
[2019-12-09T04:43:17.305+0000][1][safepoint    ] Leaving safepoint region
[2019-12-09T04:43:17.305+0000][1][safepoint    ] Total time for which application threads were stopped: 0.0015382 seconds, Stopping threads took: 0.0000159 seconds
[2019-12-09T04:43:18.305+0000][1][safepoint    ] Application time: 1.0000854 seconds
[2019-12-09T04:43:18.305+0000][1][safepoint    ] Entering safepoint region: Cleanup
[2019-12-09T04:43:18.305+0000][1][safepoint    ] Leaving safepoint region
[2019-12-09T04:43:18.305+0000][1][safepoint    ] Total time for which application threads were stopped: 0.0000690 seconds, Stopping threads took: 0.0000158 seconds
[2019-12-09T04:43:19.305+0000][1][safepoint    ] Application time: 1.0000744 seconds
[2019-12-09T04:43:19.305+0000][1][safepoint    ] Entering safepoint region: Cleanup
[2019-12-09T04:43:19.305+0000][1][safepoint    ] Leaving safepoint region
[2019-12-09T04:43:19.305+0000][1][safepoint    ] Total time for which application threads were stopped: 0.0000689 seconds, Stopping threads took: 0.0000169 seconds
[2019-12-09T04:43:20.305+0000][1][safepoint    ] Application time: 1.0000746 seconds
[2019-12-09T04:43:20.305+0000][1][safepoint    ] Entering safepoint region: Cleanup
[2019-12-09T04:43:20.305+0000][1][safepoint    ] Leaving safepoint region
[2019-12-09T04:43:20.305+0000][1][safepoint    ] Total time for which application threads were stopped: 0.0000778 seconds, Stopping threads took: 0.0000248 seconds
[2019-12-09T04:43:21.306+0000][1][safepoint    ] Application time: 1.0000759 seconds
[2019-12-09T04:43:21.306+0000][1][safepoint    ] Entering safepoint region: Cleanup
[2019-12-09T04:43:21.306+0000][1][safepoint    ] Leaving safepoint region
[2019-12-09T04:43:21.306+0000][1][safepoint    ] Total time for which application threads were stopped: 0.0000724 seconds, Stopping threads took: 0.0000185 seconds
[2019-12-09T04:43:22.306+0000][1][safepoint    ] Application time: 1.0000871 seconds
[2019-12-09T04:43:22.306+0000][1][safepoint    ] Entering safepoint region: Cleanup
[2019-12-09T04:43:22.306+0000][1][safepoint    ] Leaving safepoint region
[2019-12-09T04:43:22.306+0000][1][safepoint    ] Total time for which application threads were stopped: 0.0001098 seconds, Stopping threads took: 0.0000510 seconds
[2019-12-09T04:43:23.306+0000][1][safepoint    ] Application time: 1.0000830 seconds
[2019-12-09T04:43:23.306+0000][1][safepoint    ] Entering safepoint region: Cleanup
[2019-12-09T04:43:23.306+0000][1][safepoint    ] Leaving safepoint region
[2019-12-09T04:43:23.306+0000][1][safepoint    ] Total time for which application threads were stopped: 0.0000691 seconds, Stopping threads took: 0.0000170 seconds
[2019-12-09T04:43:24.306+0000][1][safepoint    ] Application time: 1.0000761 seconds
[2019-12-09T04:43:24.306+0000][1][safepoint    ] Entering safepoint region: Cleanup
[2019-12-09T04:43:24.306+0000][1][safepoint    ] Leaving safepoint region
[2019-12-09T04:43:24.306+0000][1][safepoint    ] Total time for which application threads were stopped: 0.0000672 seconds, Stopping threads took: 0.0000159 seconds
[2019-12-09T04:43:25.306+0000][1][safepoint    ] Application time: 1.0000747 seconds
[2019-12-09T04:43:25.306+0000][1][safepoint    ] Entering safepoint region: Cleanup
[2019-12-09T04:43:25.306+0000][1][safepoint    ] Leaving safepoint region
[2019-12-09T04:43:25.306+0000][1][safepoint    ] Total time for which application threads were stopped: 0.0000717 seconds, Stopping threads took: 0.0000187 seconds
[2019-12-09T04:43:26.307+0000][1][safepoint    ] Application time: 1.0000778 seconds
[2019-12-09T04:43:26.307+0000][1][safepoint    ] Entering safepoint region: Cleanup
[2019-12-09T04:43:26.307+0000][1][safepoint    ] Leaving safepoint region
[2019-12-09T04:43:26.307+0000][1][safepoint    ] Total time for which application threads were stopped: 0.0000790 seconds, Stopping threads took: 0.0000173 seconds
[2019-12-09T04:43:27.307+0000][1][safepoint    ] Application time: 1.0000756 seconds
[2019-12-09T04:43:27.307+0000][1][safepoint    ] Entering safepoint region: Cleanup
[2019-12-09T04:43:27.307+0000][1][safepoint    ] Leaving safepoint region
[2019-12-09T04:43:27.307+0000][1][safepoint    ] Total time for which application threads were stopped: 0.0000686 seconds, Stopping threads took: 0.0000169 seconds
[2019-12-09T04:43:28.307+0000][1][safepoint    ] Application time: 1.0000762 seconds
[2019-12-09T04:43:28.307+0000][1][safepoint    ] Entering safepoint region: Cleanup
[2019-12-09T04:43:28.307+0000][1][safepoint    ] Leaving safepoint region
[2019-12-09T04:43:28.307+0000][1][safepoint    ] Total time for which application threads were stopped: 0.0000714 seconds, Stopping threads took: 0.0000175 seconds
[2019-12-09T04:43:29.307+0000][1][safepoint    ] Application time: 1.0000752 seconds
[2019-12-09T04:43:29.307+0000][1][safepoint    ] Entering safepoint region: Cleanup
[2019-12-09T04:43:29.307+0000][1][safepoint    ] Leaving safepoint region
[2019-12-09T04:43:29.307+0000][1][safepoint    ] Total time for which application threads were stopped: 0.0000682 seconds, Stopping threads took: 0.0000167 seconds
[2019-12-09T04:43:30.307+0000][1][safepoint    ] Application time: 1.0000751 seconds
[2019-12-09T04:43:30.307+0000][1][safepoint    ] Entering safepoint region: Cleanup
[2019-12-09T04:43:30.307+0000][1][safepoint    ] Leaving safepoint region
[2019-12-09T04:43:30.307+0000][1][safepoint    ] Total time for which application threads were stopped: 0.0000695 seconds, Stopping threads took: 0.0000179 seconds
[2019-12-09T04:43:31.307+0000][1][safepoint    ] Application time: 1.0000744 seconds
[2019-12-09T04:43:31.308+0000][1][safepoint    ] Entering safepoint region: Cleanup
[2019-12-09T04:43:31.308+0000][1][safepoint    ] Leaving safepoint region
[2019-12-09T04:43:31.308+0000][1][safepoint    ] Total time for which application threads were stopped: 0.0000713 seconds, Stopping threads took: 0.0000171 seconds
[2019-12-09T04:43:32.308+0000][1][safepoint    ] Application time: 1.0000757 seconds
[2019-12-09T04:43:32.308+0000][1][safepoint    ] Entering safepoint region: Cleanup
[2019-12-09T04:43:32.308+0000][1][safepoint    ] Leaving safepoint region
[2019-12-09T04:43:32.308+0000][1][safepoint    ] Total time for which application threads were stopped: 0.0000694 seconds, Stopping threads took: 0.0000159 seconds
[2019-12-09T04:43:33.308+0000][1][safepoint    ] Application time: 1.0000746 seconds
[2019-12-09T04:43:33.308+0000][1][safepoint    ] Entering safepoint region: Cleanup
[2019-12-09T04:43:33.308+0000][1][safepoint    ] Leaving safepoint region
[2019-12-09T04:43:33.308+0000][1][safepoint    ] Total time for which application threads were stopped: 0.0000689 seconds, Stopping threads took: 0.0000166 seconds
[2019-12-09T04:43:34.308+0000][1][safepoint    ] Application time: 1.0000800 seconds
[2019-12-09T04:43:34.308+0000][1][safepoint    ] Entering safepoint region: Cleanup
[2019-12-09T04:43:34.308+0000][1][safepoint    ] Leaving safepoint region
[2019-12-09T04:43:34.308+0000][1][safepoint    ] Total time for which application threads were stopped: 0.0000705 seconds, Stopping threads took: 0.0000165 seconds
[2019-12-09T04:43:35.308+0000][1][safepoint    ] Application time: 1.0000734 seconds
[2019-12-09T04:43:35.308+0000][1][safepoint    ] Entering safepoint region: Cleanup
[2019-12-09T04:43:35.308+0000][1][safepoint    ] Leaving safepoint region
[2019-12-09T04:43:35.308+0000][1][safepoint    ] Total time for which application threads were stopped: 0.0000709 seconds, Stopping threads took: 0.0000169 seconds
[2019-12-09T04:43:36.308+0000][1][safepoint    ] Application time: 1.0000918 seconds
[2019-12-09T04:43:36.308+0000][1][safepoint    ] Entering safepoint region: Cleanup
[2019-12-09T04:43:36.309+0000][1][safepoint    ] Leaving safepoint region
[2019-12-09T04:43:36.309+0000][1][safepoint    ] Total time for which application threads were stopped: 0.0001069 seconds, Stopping threads took: 0.0000242 seconds
[2019-12-09T04:43:37.309+0000][1][safepoint    ] Application time: 1.0000845 seconds
[2019-12-09T04:43:37.309+0000][1][safepoint    ] Entering safepoint region: Cleanup
[2019-12-09T04:43:37.309+0000][1][safepoint    ] Leaving safepoint region
[2019-12-09T04:43:37.309+0000][1][safepoint    ] Total time for which application threads were stopped: 0.0000673 seconds, Stopping threads took: 0.0000163 seconds
[2019-12-09T04:43:38.309+0000][1][safepoint    ] Application time: 1.0000761 seconds
[2019-12-09T04:43:38.309+0000][1][safepoint    ] Entering safepoint region: Cleanup
[2019-12-09T04:43:38.309+0000][1][safepoint    ] Leaving safepoint region
[2019-12-09T04:43:38.309+0000][1][safepoint    ] Total time for which application threads were stopped: 0.0000695 seconds, Stopping threads took: 0.0000164 seconds
[2019-12-09T04:43:39.309+0000][1][safepoint    ] Application time: 1.0000763 seconds
[2019-12-09T04:43:39.309+0000][1][safepoint    ] Entering safepoint region: Cleanup
[2019-12-09T04:43:39.309+0000][1][safepoint    ] Leaving safepoint region
[2019-12-09T04:43:39.309+0000][1][safepoint    ] Total time for which application threads were stopped: 0.0000708 seconds, Stopping threads took: 0.0000172 seconds
[2019-12-09T04:43:40.309+0000][1][safepoint    ] Application time: 1.0000756 seconds
[2019-12-09T04:43:40.309+0000][1][safepoint    ] Entering safepoint region: Cleanup
[2019-12-09T04:43:40.309+0000][1][safepoint    ] Leaving safepoint region
[2019-12-09T04:43:40.309+0000][1][safepoint    ] Total time for which application threads were stopped: 0.0000694 seconds, Stopping threads took: 0.0000166 seconds
[2019-12-09T04:43:41.309+0000][1][safepoint    ] Application time: 1.0000775 seconds
[2019-12-09T04:43:41.309+0000][1][safepoint    ] Entering safepoint region: Cleanup
[2019-12-09T04:43:41.310+0000][1][safepoint    ] Leaving safepoint region
[2019-12-09T04:43:41.310+0000][1][safepoint    ] Total time for which application threads were stopped: 0.0000702 seconds, Stopping threads took: 0.0000174 seconds
[2019-12-09T04:43:42.310+0000][1][safepoint    ] Application time: 1.0000769 seconds
[2019-12-09T04:43:42.310+0000][1][safepoint    ] Entering safepoint region: Cleanup
[2019-12-09T04:43:42.310+0000][1][safepoint    ] Leaving safepoint region
[2019-12-09T04:43:42.310+0000][1][safepoint    ] Total time for which application threads were stopped: 0.0000794 seconds, Stopping threads took: 0.0000272 seconds
[2019-12-09T04:43:43.310+0000][1][safepoint    ] Application time: 1.0000773 seconds
[2019-12-09T04:43:43.310+0000][1][safepoint    ] Entering safepoint region: Cleanup
[2019-12-09T04:43:43.310+0000][1][safepoint    ] Leaving safepoint region
[2019-12-09T04:43:43.310+0000][1][safepoint    ] Total time for which application threads were stopped: 0.0000678 seconds, Stopping threads took: 0.0000167 seconds
[2019-12-09T04:43:44.310+0000][1][safepoint    ] Application time: 1.0000752 seconds
[2019-12-09T04:43:44.310+0000][1][safepoint    ] Entering safepoint region: Cleanup
[2019-12-09T04:43:44.310+0000][1][safepoint    ] Leaving safepoint region
[2019-12-09T04:43:44.310+0000][1][safepoint    ] Total time for which application threads were stopped: 0.0000691 seconds, Stopping threads took: 0.0000168 seconds
[2019-12-09T04:43:45.310+0000][1][safepoint    ] Application time: 1.0000769 seconds
[2019-12-09T04:43:45.310+0000][1][safepoint    ] Entering safepoint region: Cleanup
[2019-12-09T04:43:45.310+0000][1][safepoint    ] Leaving safepoint region
[2019-12-09T04:43:45.310+0000][1][safepoint    ] Total time for which application threads were stopped: 0.0000741 seconds, Stopping threads took: 0.0000210 seconds
[2019-12-09T04:43:46.310+0000][1][safepoint    ] Application time: 1.0000757 seconds
[2019-12-09T04:43:46.310+0000][1][safepoint    ] Entering safepoint region: Cleanup
[2019-12-09T04:43:46.311+0000][1][safepoint    ] Leaving safepoint region
[2019-12-09T04:43:46.311+0000][1][safepoint    ] Total time for which application threads were stopped: 0.0000730 seconds, Stopping threads took: 0.0000183 seconds
[2019-12-09T04:43:47.311+0000][1][safepoint    ] Application time: 1.0000470 seconds
[2019-12-09T04:43:47.311+0000][1][safepoint    ] Entering safepoint region: Cleanup
[2019-12-09T04:43:47.311+0000][1][safepoint    ] Leaving safepoint region
[2019-12-09T04:43:47.311+0000][1][safepoint    ] Total time for which application threads were stopped: 0.0000830 seconds, Stopping threads took: 0.0000178 seconds
[2019-12-09T04:43:48.311+0000][1][safepoint    ] Application time: 1.0000734 seconds
[2019-12-09T04:43:48.311+0000][1][safepoint    ] Entering safepoint region: Cleanup
[2019-12-09T04:43:48.311+0000][1][safepoint    ] Leaving safepoint region
[2019-12-09T04:43:48.311+0000][1][safepoint    ] Total time for which application threads were stopped: 0.0000696 seconds, Stopping threads took: 0.0000168 seconds
[2019-12-09T04:43:49.311+0000][1][safepoint    ] Application time: 1.0000754 seconds
[2019-12-09T04:43:49.311+0000][1][safepoint    ] Entering safepoint region: Cleanup
[2019-12-09T04:43:49.311+0000][1][safepoint    ] Leaving safepoint region
[2019-12-09T04:43:49.311+0000][1][safepoint    ] Total time for which application threads were stopped: 0.0000700 seconds, Stopping threads took: 0.0000178 seconds
[2019-12-09T04:43:50.311+0000][1][safepoint    ] Application time: 1.0000760 seconds
[2019-12-09T04:43:50.311+0000][1][safepoint    ] Entering safepoint region: Cleanup
[2019-12-09T04:43:50.311+0000][1][safepoint    ] Leaving safepoint region
[2019-12-09T04:43:50.311+0000][1][safepoint    ] Total time for which application threads were stopped: 0.0000708 seconds, Stopping threads took: 0.0000165 seconds
[2019-12-09T04:43:51.311+0000][1][safepoint    ] Application time: 1.0000813 seconds
[2019-12-09T04:43:51.311+0000][1][safepoint    ] Entering safepoint region: Cleanup
[2019-12-09T04:43:51.311+0000][1][safepoint    ] Leaving safepoint region
[2019-12-09T04:43:51.311+0000][1][safepoint    ] Total time for which application threads were stopped: 0.0000726 seconds, Stopping threads took: 0.0000170 seconds
[2019-12-09T04:43:52.312+0000][1][safepoint    ] Application time: 1.0000764 seconds
[2019-12-09T04:43:52.312+0000][1][safepoint    ] Entering safepoint region: Cleanup
[2019-12-09T04:43:52.312+0000][1][safepoint    ] Leaving safepoint region
[2019-12-09T04:43:52.312+0000][1][safepoint    ] Total time for which application threads were stopped: 0.0000663 seconds, Stopping threads took: 0.0000155 seconds
[2019-12-09T04:43:53.312+0000][1][safepoint    ] Application time: 1.0000764 seconds
[2019-12-09T04:43:53.312+0000][1][safepoint    ] Entering safepoint region: Cleanup
[2019-12-09T04:43:53.312+0000][1][safepoint    ] Leaving safepoint region
[2019-12-09T04:43:53.312+0000][1][safepoint    ] Total time for which application threads were stopped: 0.0000703 seconds, Stopping threads took: 0.0000177 seconds
[2019-12-09T04:43:54.312+0000][1][safepoint    ] Application time: 1.0000763 seconds
[2019-12-09T04:43:54.312+0000][1][safepoint    ] Entering safepoint region: Cleanup
[2019-12-09T04:43:54.312+0000][1][safepoint    ] Leaving safepoint region
[2019-12-09T04:43:54.312+0000][1][safepoint    ] Total time for which application threads were stopped: 0.0000718 seconds, Stopping threads took: 0.0000171 seconds
[2019-12-09T04:43:55.657+0000][1][safepoint    ] Application time: 1.3449842 seconds
[2019-12-09T04:43:55.657+0000][1][safepoint    ] Entering safepoint region: Cleanup
[2019-12-09T04:43:55.657+0000][1][safepoint    ] Leaving safepoint region
[2019-12-09T04:43:55.657+0000][1][safepoint    ] Total time for which application threads were stopped: 0.0001085 seconds, Stopping threads took: 0.0000529 seconds
[2019-12-09T04:43:56.657+0000][1][safepoint    ] Application time: 1.0000838 seconds
[2019-12-09T04:43:56.657+0000][1][safepoint    ] Entering safepoint region: Cleanup
[2019-12-09T04:43:56.657+0000][1][safepoint    ] Leaving safepoint region
[2019-12-09T04:43:56.657+0000][1][safepoint    ] Total time for which application threads were stopped: 0.0000676 seconds, Stopping threads took: 0.0000168 seconds
[2019-12-09T04:43:57.657+0000][1][safepoint    ] Application time: 1.0000802 seconds
[2019-12-09T04:43:57.657+0000][1][safepoint    ] Entering safepoint region: Cleanup
[2019-12-09T04:43:57.658+0000][1][safepoint    ] Leaving safepoint region
[2019-12-09T04:43:57.658+0000][1][safepoint    ] Total time for which application threads were stopped: 0.0000670 seconds, Stopping threads took: 0.0000168 seconds
[2019-12-09T04:43:58.658+0000][1][safepoint    ] Application time: 1.0000877 seconds
[2019-12-09T04:43:58.658+0000][1][safepoint    ] Entering safepoint region: Cleanup
[2019-12-09T04:43:58.658+0000][1][safepoint    ] Leaving safepoint region
[2019-12-09T04:43:58.658+0000][1][safepoint    ] Total time for which application threads were stopped: 0.0001145 seconds, Stopping threads took: 0.0000468 seconds
[2019-12-09T04:43:59.658+0000][1][safepoint    ] Application time: 1.0001057 seconds
[2019-12-09T04:43:59.658+0000][1][safepoint    ] Entering safepoint region: Cleanup
[2019-12-09T04:43:59.658+0000][1][safepoint    ] Leaving safepoint region
[2019-12-09T04:43:59.658+0000][1][safepoint    ] Total time for which application threads were stopped: 0.0001044 seconds, Stopping threads took: 0.0000514 seconds
[2019-12-09T04:44:00.658+0000][1][safepoint    ] Application time: 1.0000862 seconds
[2019-12-09T04:44:00.658+0000][1][safepoint    ] Entering safepoint region: Cleanup
[2019-12-09T04:44:00.658+0000][1][safepoint    ] Leaving safepoint region
[2019-12-09T04:44:00.658+0000][1][safepoint    ] Total time for which application threads were stopped: 0.0000688 seconds, Stopping threads took: 0.0000168 seconds
[2019-12-09T04:44:01.658+0000][1][safepoint    ] Application time: 1.0000918 seconds
[2019-12-09T04:44:01.658+0000][1][safepoint    ] Entering safepoint region: Cleanup
[2019-12-09T04:44:01.658+0000][1][safepoint    ] Leaving safepoint region
[2019-12-09T04:44:01.658+0000][1][safepoint    ] Total time for which application threads were stopped: 0.0001110 seconds, Stopping threads took: 0.0000272 seconds
[2019-12-09T04:44:02.659+0000][1][safepoint    ] Application time: 1.0001011 seconds
[2019-12-09T04:44:02.659+0000][1][safepoint    ] Entering safepoint region: Cleanup
[2019-12-09T04:44:02.659+0000][1][safepoint    ] Leaving safepoint region
[2019-12-09T04:44:02.659+0000][1][safepoint    ] Total time for which application threads were stopped: 0.0000880 seconds, Stopping threads took: 0.0000177 seconds
[2019-12-09T04:44:03.659+0000][1][safepoint    ] Application time: 1.0000806 seconds
[2019-12-09T04:44:03.659+0000][1][safepoint    ] Entering safepoint region: Cleanup
[2019-12-09T04:44:03.659+0000][1][safepoint    ] Leaving safepoint region
[2019-12-09T04:44:03.659+0000][1][safepoint    ] Total time for which application threads were stopped: 0.0000984 seconds, Stopping threads took: 0.0000267 seconds
[2019-12-09T04:44:04.659+0000][1][safepoint    ] Application time: 1.0000871 seconds
[2019-12-09T04:44:04.659+0000][1][safepoint    ] Entering safepoint region: Cleanup
[2019-12-09T04:44:04.659+0000][1][safepoint    ] Leaving safepoint region
[2019-12-09T04:44:04.659+0000][1][safepoint    ] Total time for which application threads were stopped: 0.0000914 seconds, Stopping threads took: 0.0000225 seconds
[2019-12-09T04:44:05.659+0000][1][safepoint    ] Application time: 1.0000789 seconds
[2019-12-09T04:44:05.659+0000][1][safepoint    ] Entering safepoint region: Cleanup
[2019-12-09T04:44:05.659+0000][1][safepoint    ] Leaving safepoint region
[2019-12-09T04:44:05.659+0000][1][safepoint    ] Total time for which application threads were stopped: 0.0000673 seconds, Stopping threads took: 0.0000161 seconds
[2019-12-09T04:44:06.659+0000][1][safepoint    ] Application time: 1.0000857 seconds
[2019-12-09T04:44:06.659+0000][1][safepoint    ] Entering safepoint region: Cleanup
[2019-12-09T04:44:06.660+0000][1][safepoint    ] Leaving safepoint region
[2019-12-09T04:44:06.660+0000][1][safepoint    ] Total time for which application threads were stopped: 0.0000690 seconds, Stopping threads took: 0.0000172 seconds
[2019-12-09T04:44:07.660+0000][1][safepoint    ] Application time: 1.0001743 seconds
[2019-12-09T04:44:07.660+0000][1][safepoint    ] Entering safepoint region: Cleanup
[2019-12-09T04:44:07.660+0000][1][safepoint    ] Leaving safepoint region
[2019-12-09T04:44:07.660+0000][1][safepoint    ] Total time for which application threads were stopped: 0.0000977 seconds, Stopping threads took: 0.0000252 seconds
[2019-12-09T04:44:08.660+0000][1][safepoint    ] Application time: 1.0000861 seconds
[2019-12-09T04:44:08.660+0000][1][safepoint    ] Entering safepoint region: Cleanup
[2019-12-09T04:44:08.660+0000][1][safepoint    ] Leaving safepoint region
[2019-12-09T04:44:08.660+0000][1][safepoint    ] Total time for which application threads were stopped: 0.0000941 seconds, Stopping threads took: 0.0000226 seconds
[2019-12-09T04:44:09.660+0000][1][safepoint    ] Application time: 1.0000745 seconds
[2019-12-09T04:44:09.660+0000][1][safepoint    ] Entering safepoint region: Cleanup
[2019-12-09T04:44:09.660+0000][1][safepoint    ] Leaving safepoint region
[2019-12-09T04:44:09.660+0000][1][safepoint    ] Total time for which application threads were stopped: 0.0000651 seconds, Stopping threads took: 0.0000149 seconds
[2019-12-09T04:44:10.660+0000][1][safepoint    ] Application time: 1.0000730 seconds
[2019-12-09T04:44:10.660+0000][1][safepoint    ] Entering safepoint region: Cleanup
[2019-12-09T04:44:10.660+0000][1][safepoint    ] Leaving safepoint region
[2019-12-09T04:44:10.660+0000][1][safepoint    ] Total time for which application threads were stopped: 0.0000682 seconds, Stopping threads took: 0.0000183 seconds
[2019-12-09T04:44:11.660+0000][1][safepoint    ] Application time: 1.0000769 seconds
[2019-12-09T04:44:11.661+0000][1][safepoint    ] Entering safepoint region: Cleanup
[2019-12-09T04:44:11.661+0000][1][safepoint    ] Leaving safepoint region
[2019-12-09T04:44:11.661+0000][1][safepoint    ] Total time for which application threads were stopped: 0.0000645 seconds, Stopping threads took: 0.0000161 seconds
[2019-12-09T04:44:12.661+0000][1][safepoint    ] Application time: 1.0000758 seconds
[2019-12-09T04:44:12.661+0000][1][safepoint    ] Entering safepoint region: Cleanup
[2019-12-09T04:44:12.661+0000][1][safepoint    ] Leaving safepoint region
[2019-12-09T04:44:12.661+0000][1][safepoint    ] Total time for which application threads were stopped: 0.0000789 seconds, Stopping threads took: 0.0000286 seconds
[2019-12-09T04:44:13.661+0000][1][safepoint    ] Application time: 1.0000776 seconds
[2019-12-09T04:44:13.661+0000][1][safepoint    ] Entering safepoint region: Cleanup
[2019-12-09T04:44:13.661+0000][1][safepoint    ] Leaving safepoint region
[2019-12-09T04:44:13.661+0000][1][safepoint    ] Total time for which application threads were stopped: 0.0000668 seconds, Stopping threads took: 0.0000164 seconds
[2019-12-09T04:44:14.661+0000][1][safepoint    ] Application time: 1.0000790 seconds
[2019-12-09T04:44:14.661+0000][1][safepoint    ] Entering safepoint region: Cleanup
[2019-12-09T04:44:14.661+0000][1][safepoint    ] Leaving safepoint region
[2019-12-09T04:44:14.661+0000][1][safepoint    ] Total time for which application threads were stopped: 0.0000705 seconds, Stopping threads took: 0.0000169 seconds
[2019-12-09T04:44:15.661+0000][1][safepoint    ] Application time: 1.0000756 seconds
[2019-12-09T04:44:15.661+0000][1][safepoint    ] Entering safepoint region: Cleanup
[2019-12-09T04:44:15.661+0000][1][safepoint    ] Leaving safepoint region
[2019-12-09T04:44:15.661+0000][1][safepoint    ] Total time for which application threads were stopped: 0.0000649 seconds, Stopping threads took: 0.0000158 seconds
[2019-12-09T04:44:16.661+0000][1][safepoint    ] Application time: 1.0000752 seconds
[2019-12-09T04:44:16.661+0000][1][safepoint    ] Entering safepoint region: Cleanup
[2019-12-09T04:44:16.661+0000][1][safepoint    ] Leaving safepoint region
[2019-12-09T04:44:16.661+0000][1][safepoint    ] Total time for which application threads were stopped: 0.0000671 seconds, Stopping threads took: 0.0000168 seconds
[2019-12-09T04:44:17.662+0000][1][safepoint    ] Application time: 1.0000751 seconds
[2019-12-09T04:44:17.662+0000][1][safepoint    ] Entering safepoint region: Cleanup
[2019-12-09T04:44:17.662+0000][1][safepoint    ] Leaving safepoint region
[2019-12-09T04:44:17.662+0000][1][safepoint    ] Total time for which application threads were stopped: 0.0000661 seconds, Stopping threads took: 0.0000178 seconds
[2019-12-09T04:44:18.662+0000][1][safepoint    ] Application time: 1.0000762 seconds
[2019-12-09T04:44:18.662+0000][1][safepoint    ] Entering safepoint region: Cleanup
[2019-12-09T04:44:18.662+0000][1][safepoint    ] Leaving safepoint region
[2019-12-09T04:44:18.662+0000][1][safepoint    ] Total time for which application threads were stopped: 0.0000657 seconds, Stopping threads took: 0.0000158 seconds
[2019-12-09T04:44:19.662+0000][1][safepoint    ] Application time: 1.0000777 seconds
[2019-12-09T04:44:19.662+0000][1][safepoint    ] Entering safepoint region: Cleanup
[2019-12-09T04:44:19.662+0000][1][safepoint    ] Leaving safepoint region
[2019-12-09T04:44:19.662+0000][1][safepoint    ] Total time for which application threads were stopped: 0.0000674 seconds, Stopping threads took: 0.0000165 seconds
[2019-12-09T04:44:20.827+0000][1][safepoint    ] Application time: 1.1648445 seconds
[2019-12-09T04:44:20.827+0000][1][safepoint    ] Entering safepoint region: Cleanup
[2019-12-09T04:44:20.827+0000][1][safepoint    ] Leaving safepoint region
[2019-12-09T04:44:20.827+0000][1][safepoint    ] Total time for which application threads were stopped: 0.0000732 seconds, Stopping threads took: 0.0000157 seconds
[2019-12-09T04:44:21.827+0000][1][safepoint    ] Application time: 1.0000767 seconds
[2019-12-09T04:44:21.827+0000][1][safepoint    ] Entering safepoint region: Cleanup
[2019-12-09T04:44:21.827+0000][1][safepoint    ] Leaving safepoint region
[2019-12-09T04:44:21.827+0000][1][safepoint    ] Total time for which application threads were stopped: 0.0000674 seconds, Stopping threads took: 0.0000168 seconds
[2019-12-09T04:44:22.827+0000][1][safepoint    ] Application time: 1.0000750 seconds
[2019-12-09T04:44:22.827+0000][1][safepoint    ] Entering safepoint region: Cleanup
[2019-12-09T04:44:22.827+0000][1][safepoint    ] Leaving safepoint region
[2019-12-09T04:44:22.827+0000][1][safepoint    ] Total time for which application threads were stopped: 0.0000682 seconds, Stopping threads took: 0.0000160 seconds
[2019-12-09T04:44:23.827+0000][1][safepoint    ] Application time: 1.0000758 seconds
[2019-12-09T04:44:23.827+0000][1][safepoint    ] Entering safepoint region: Cleanup
[2019-12-09T04:44:23.828+0000][1][safepoint    ] Leaving safepoint region
[2019-12-09T04:44:23.828+0000][1][safepoint    ] Total time for which application threads were stopped: 0.0000681 seconds, Stopping threads took: 0.0000156 seconds
[2019-12-09T04:44:24.828+0000][1][safepoint    ] Application time: 1.0000747 seconds
[2019-12-09T04:44:24.828+0000][1][safepoint    ] Entering safepoint region: Cleanup
[2019-12-09T04:44:24.828+0000][1][safepoint    ] Leaving safepoint region
[2019-12-09T04:44:24.828+0000][1][safepoint    ] Total time for which application threads were stopped: 0.0000775 seconds, Stopping threads took: 0.0000156 seconds
[2019-12-09T04:44:25.828+0000][1][safepoint    ] Application time: 1.0000755 seconds
[2019-12-09T04:44:25.828+0000][1][safepoint    ] Entering safepoint region: Cleanup
[2019-12-09T04:44:25.828+0000][1][safepoint    ] Leaving safepoint region
[2019-12-09T04:44:25.828+0000][1][safepoint    ] Total time for which application threads were stopped: 0.0000766 seconds, Stopping threads took: 0.0000246 seconds
[2019-12-09T04:44:26.828+0000][1][safepoint    ] Application time: 1.0000748 seconds
[2019-12-09T04:44:26.828+0000][1][safepoint    ] Entering safepoint region: Cleanup
[2019-12-09T04:44:26.828+0000][1][safepoint    ] Leaving safepoint region
[2019-12-09T04:44:26.828+0000][1][safepoint    ] Total time for which application threads were stopped: 0.0000680 seconds, Stopping threads took: 0.0000160 seconds
[2019-12-09T04:44:27.828+0000][1][safepoint    ] Application time: 1.0000756 seconds
[2019-12-09T04:44:27.828+0000][1][safepoint    ] Entering safepoint region: Cleanup
[2019-12-09T04:44:27.828+0000][1][safepoint    ] Leaving safepoint region
[2019-12-09T04:44:27.828+0000][1][safepoint    ] Total time for which application threads were stopped: 0.0000690 seconds, Stopping threads took: 0.0000166 seconds
[2019-12-09T04:44:28.828+0000][1][safepoint    ] Application time: 1.0000757 seconds
[2019-12-09T04:44:28.828+0000][1][safepoint    ] Entering safepoint region: Cleanup
[2019-12-09T04:44:28.828+0000][1][safepoint    ] Leaving safepoint region
[2019-12-09T04:44:28.828+0000][1][safepoint    ] Total time for which application threads were stopped: 0.0000701 seconds, Stopping threads took: 0.0000163 seconds
[2019-12-09T04:44:29.829+0000][1][safepoint    ] Application time: 1.0000757 seconds
[2019-12-09T04:44:29.829+0000][1][safepoint    ] Entering safepoint region: Cleanup
[2019-12-09T04:44:29.829+0000][1][safepoint    ] Leaving safepoint region
[2019-12-09T04:44:29.829+0000][1][safepoint    ] Total time for which application threads were stopped: 0.0000674 seconds, Stopping threads took: 0.0000158 seconds
[2019-12-09T04:44:30.829+0000][1][safepoint    ] Application time: 1.0000854 seconds
[2019-12-09T04:44:30.829+0000][1][safepoint    ] Entering safepoint region: Cleanup
[2019-12-09T04:44:30.829+0000][1][safepoint    ] Leaving safepoint region
[2019-12-09T04:44:30.829+0000][1][safepoint    ] Total time for which application threads were stopped: 0.0000706 seconds, Stopping threads took: 0.0000177 seconds
[2019-12-09T04:44:31.829+0000][1][safepoint    ] Application time: 1.0000758 seconds
[2019-12-09T04:44:31.829+0000][1][safepoint    ] Entering safepoint region: Cleanup
[2019-12-09T04:44:31.829+0000][1][safepoint    ] Leaving safepoint region
[2019-12-09T04:44:31.829+0000][1][safepoint    ] Total time for which application threads were stopped: 0.0000714 seconds, Stopping threads took: 0.0000172 seconds
[2019-12-09T04:44:32.829+0000][1][safepoint    ] Application time: 1.0000766 seconds
[2019-12-09T04:44:32.829+0000][1][safepoint    ] Entering safepoint region: Cleanup
[2019-12-09T04:44:32.829+0000][1][safepoint    ] Leaving safepoint region
[2019-12-09T04:44:32.829+0000][1][safepoint    ] Total time for which application threads were stopped: 0.0000681 seconds, Stopping threads took: 0.0000153 seconds
[2019-12-09T04:44:33.829+0000][1][safepoint    ] Application time: 1.0000765 seconds
[2019-12-09T04:44:33.829+0000][1][safepoint    ] Entering safepoint region: Cleanup
[2019-12-09T04:44:33.829+0000][1][safepoint    ] Leaving safepoint region
[2019-12-09T04:44:33.829+0000][1][safepoint    ] Total time for which application threads were stopped: 0.0000701 seconds, Stopping threads took: 0.0000175 seconds
[2019-12-09T04:44:34.830+0000][1][safepoint    ] Application time: 1.0000761 seconds
[2019-12-09T04:44:34.830+0000][1][safepoint    ] Entering safepoint region: Cleanup
[2019-12-09T04:44:34.830+0000][1][safepoint    ] Leaving safepoint region
[2019-12-09T04:44:34.830+0000][1][safepoint    ] Total time for which application threads were stopped: 0.0000691 seconds, Stopping threads took: 0.0000166 seconds
[2019-12-09T04:44:35.830+0000][1][safepoint    ] Application time: 1.0000752 seconds
[2019-12-09T04:44:35.830+0000][1][safepoint    ] Entering safepoint region: Cleanup
[2019-12-09T04:44:35.830+0000][1][safepoint    ] Leaving safepoint region
[2019-12-09T04:44:35.830+0000][1][safepoint    ] Total time for which application threads were stopped: 0.0000716 seconds, Stopping threads took: 0.0000185 seconds
[2019-12-09T04:44:36.830+0000][1][safepoint    ] Application time: 1.0000765 seconds
[2019-12-09T04:44:36.830+0000][1][safepoint    ] Entering safepoint region: Cleanup
[2019-12-09T04:44:36.830+0000][1][safepoint    ] Leaving safepoint region
[2019-12-09T04:44:36.830+0000][1][safepoint    ] Total time for which application threads were stopped: 0.0000698 seconds, Stopping threads took: 0.0000160 seconds
[2019-12-09T04:44:37.830+0000][1][safepoint    ] Application time: 1.0000761 seconds
[2019-12-09T04:44:37.830+0000][1][safepoint    ] Entering safepoint region: Cleanup
[2019-12-09T04:44:37.830+0000][1][safepoint    ] Leaving safepoint region
[2019-12-09T04:44:37.830+0000][1][safepoint    ] Total time for which application threads were stopped: 0.0000718 seconds, Stopping threads took: 0.0000179 seconds
[2019-12-09T04:44:38.830+0000][1][safepoint    ] Application time: 1.0000753 seconds
[2019-12-09T04:44:38.830+0000][1][safepoint    ] Entering safepoint region: Cleanup
[2019-12-09T04:44:38.830+0000][1][safepoint    ] Leaving safepoint region
[2019-12-09T04:44:38.830+0000][1][safepoint    ] Total time for which application threads were stopped: 0.0000706 seconds, Stopping threads took: 0.0000172 seconds
[2019-12-09T04:44:39.830+0000][1][safepoint    ] Application time: 1.0000740 seconds
[2019-12-09T04:44:39.831+0000][1][safepoint    ] Entering safepoint region: Cleanup
[2019-12-09T04:44:39.831+0000][1][safepoint    ] Leaving safepoint region
[2019-12-09T04:44:39.831+0000][1][safepoint    ] Total time for which application threads were stopped: 0.0000699 seconds, Stopping threads took: 0.0000170 seconds
[2019-12-09T04:44:40.831+0000][1][safepoint    ] Application time: 1.0000789 seconds
[2019-12-09T04:44:40.831+0000][1][safepoint    ] Entering safepoint region: Cleanup
[2019-12-09T04:44:40.831+0000][1][safepoint    ] Leaving safepoint region
[2019-12-09T04:44:40.831+0000][1][safepoint    ] Total time for which application threads were stopped: 0.0000736 seconds, Stopping threads took: 0.0000183 seconds
[2019-12-09T04:44:41.831+0000][1][safepoint    ] Application time: 1.0000788 seconds
[2019-12-09T04:44:41.831+0000][1][safepoint    ] Entering safepoint region: Cleanup
[2019-12-09T04:44:41.831+0000][1][safepoint    ] Leaving safepoint region
[2019-12-09T04:44:41.831+0000][1][safepoint    ] Total time for which application threads were stopped: 0.0000693 seconds, Stopping threads took: 0.0000161 seconds
[2019-12-09T04:44:42.831+0000][1][safepoint    ] Application time: 1.0000783 seconds
[2019-12-09T04:44:42.831+0000][1][safepoint    ] Entering safepoint region: Cleanup
[2019-12-09T04:44:42.831+0000][1][safepoint    ] Leaving safepoint region
[2019-12-09T04:44:42.831+0000][1][safepoint    ] Total time for which application threads were stopped: 0.0000704 seconds, Stopping threads took: 0.0000173 seconds
[2019-12-09T04:44:44.705+0000][1][safepoint    ] Application time: 1.8741879 seconds
[2019-12-09T04:44:44.705+0000][1][safepoint    ] Entering safepoint region: Cleanup
[2019-12-09T04:44:44.705+0000][1][safepoint    ] Leaving safepoint region
[2019-12-09T04:44:44.705+0000][1][safepoint    ] Total time for which application threads were stopped: 0.0000679 seconds, Stopping threads took: 0.0000167 seconds
[2019-12-09T04:44:45.706+0000][1][safepoint    ] Application time: 1.0000748 seconds
[2019-12-09T04:44:45.706+0000][1][safepoint    ] Entering safepoint region: Cleanup
[2019-12-09T04:44:45.706+0000][1][safepoint    ] Leaving safepoint region
[2019-12-09T04:44:45.706+0000][1][safepoint    ] Total time for which application threads were stopped: 0.0000661 seconds, Stopping threads took: 0.0000158 seconds
[2019-12-09T04:44:46.706+0000][1][safepoint    ] Application time: 1.0000785 seconds
[2019-12-09T04:44:46.706+0000][1][safepoint    ] Entering safepoint region: Cleanup
[2019-12-09T04:44:46.706+0000][1][safepoint    ] Leaving safepoint region
[2019-12-09T04:44:46.706+0000][1][safepoint    ] Total time for which application threads were stopped: 0.0000658 seconds, Stopping threads took: 0.0000153 seconds
[2019-12-09T04:44:47.706+0000][1][safepoint    ] Application time: 1.0000760 seconds
[2019-12-09T04:44:47.706+0000][1][safepoint    ] Entering safepoint region: Cleanup
[2019-12-09T04:44:47.706+0000][1][safepoint    ] Leaving safepoint region
[2019-12-09T04:44:47.706+0000][1][safepoint    ] Total time for which application threads were stopped: 0.0000628 seconds, Stopping threads took: 0.0000150 seconds
[2019-12-09T04:44:48.706+0000][1][safepoint    ] Application time: 1.0000748 seconds
[2019-12-09T04:44:48.706+0000][1][safepoint    ] Entering safepoint region: Cleanup
[2019-12-09T04:44:48.706+0000][1][safepoint    ] Leaving safepoint region
[2019-12-09T04:44:48.706+0000][1][safepoint    ] Total time for which application threads were stopped: 0.0000645 seconds, Stopping threads took: 0.0000151 seconds
[2019-12-09T04:44:49.706+0000][1][safepoint    ] Application time: 1.0000755 seconds
[2019-12-09T04:44:49.706+0000][1][safepoint    ] Entering safepoint region: Cleanup
[2019-12-09T04:44:49.706+0000][1][safepoint    ] Leaving safepoint region
[2019-12-09T04:44:49.706+0000][1][safepoint    ] Total time for which application threads were stopped: 0.0000614 seconds, Stopping threads took: 0.0000137 seconds
[2019-12-09T04:44:50.706+0000][1][safepoint    ] Application time: 1.0000749 seconds
[2019-12-09T04:44:50.706+0000][1][safepoint    ] Entering safepoint region: Cleanup
[2019-12-09T04:44:50.706+0000][1][safepoint    ] Leaving safepoint region
[2019-12-09T04:44:50.706+0000][1][safepoint    ] Total time for which application threads were stopped: 0.0000614 seconds, Stopping threads took: 0.0000133 seconds
[2019-12-09T04:44:51.707+0000][1][safepoint    ] Application time: 1.0000736 seconds
[2019-12-09T04:44:51.707+0000][1][safepoint    ] Entering safepoint region: Cleanup
[2019-12-09T04:44:51.707+0000][1][safepoint    ] Leaving safepoint region
[2019-12-09T04:44:51.707+0000][1][safepoint    ] Total time for which application threads were stopped: 0.0000630 seconds, Stopping threads took: 0.0000148 seconds
[2019-12-09T04:44:52.707+0000][1][safepoint    ] Application time: 1.0000853 seconds
[2019-12-09T04:44:52.707+0000][1][safepoint    ] Entering safepoint region: Cleanup
[2019-12-09T04:44:52.707+0000][1][safepoint    ] Leaving safepoint region
[2019-12-09T04:44:52.707+0000][1][safepoint    ] Total time for which application threads were stopped: 0.0000628 seconds, Stopping threads took: 0.0000151 seconds
[2019-12-09T04:44:53.707+0000][1][safepoint    ] Application time: 1.0000756 seconds
[2019-12-09T04:44:53.707+0000][1][safepoint    ] Entering safepoint region: Cleanup
[2019-12-09T04:44:53.707+0000][1][safepoint    ] Leaving safepoint region
[2019-12-09T04:44:53.707+0000][1][safepoint    ] Total time for which application threads were stopped: 0.0000635 seconds, Stopping threads took: 0.0000161 seconds
[2019-12-09T04:44:54.707+0000][1][safepoint    ] Application time: 1.0000758 seconds
[2019-12-09T04:44:54.707+0000][1][safepoint    ] Entering safepoint region: Cleanup
[2019-12-09T04:44:54.707+0000][1][safepoint    ] Leaving safepoint region
[2019-12-09T04:44:54.707+0000][1][safepoint    ] Total time for which application threads were stopped: 0.0000622 seconds, Stopping threads took: 0.0000144 seconds
[2019-12-09T04:44:55.707+0000][1][safepoint    ] Application time: 1.0000745 seconds
[2019-12-09T04:44:55.707+0000][1][safepoint    ] Entering safepoint region: Cleanup
[2019-12-09T04:44:55.707+0000][1][safepoint    ] Leaving safepoint region
[2019-12-09T04:44:55.707+0000][1][safepoint    ] Total time for which application threads were stopped: 0.0000683 seconds, Stopping threads took: 0.0000214 seconds
[2019-12-09T04:44:56.707+0000][1][safepoint    ] Application time: 1.0000752 seconds
[2019-12-09T04:44:56.707+0000][1][safepoint    ] Entering safepoint region: Cleanup
[2019-12-09T04:44:56.707+0000][1][safepoint    ] Leaving safepoint region
[2019-12-09T04:44:56.707+0000][1][safepoint    ] Total time for which application threads were stopped: 0.0000621 seconds, Stopping threads took: 0.0000142 seconds
[2019-12-09T04:44:57.708+0000][1][safepoint    ] Application time: 1.0000752 seconds
[2019-12-09T04:44:57.708+0000][1][safepoint    ] Entering safepoint region: Cleanup
[2019-12-09T04:44:57.708+0000][1][safepoint    ] Leaving safepoint region
[2019-12-09T04:44:57.708+0000][1][safepoint    ] Total time for which application threads were stopped: 0.0000624 seconds, Stopping threads took: 0.0000149 seconds
[2019-12-09T04:44:59.341+0000][1][safepoint    ] Application time: 1.6335430 seconds
[2019-12-09T04:44:59.341+0000][1][safepoint    ] Entering safepoint region: Cleanup
[2019-12-09T04:44:59.341+0000][1][safepoint    ] Leaving safepoint region
[2019-12-09T04:44:59.341+0000][1][safepoint    ] Total time for which application threads were stopped: 0.0000620 seconds, Stopping threads took: 0.0000133 seconds
[2019-12-09T04:45:00.341+0000][1][safepoint    ] Application time: 1.0000756 seconds
[2019-12-09T04:45:00.341+0000][1][safepoint    ] Entering safepoint region: Cleanup
[2019-12-09T04:45:00.341+0000][1][safepoint    ] Leaving safepoint region
[2019-12-09T04:45:00.341+0000][1][safepoint    ] Total time for which application threads were stopped: 0.0000665 seconds, Stopping threads took: 0.0000148 seconds
[2019-12-09T04:45:01.342+0000][1][safepoint    ] Application time: 1.0000745 seconds
[2019-12-09T04:45:01.342+0000][1][safepoint    ] Entering safepoint region: Cleanup
[2019-12-09T04:45:01.342+0000][1][safepoint    ] Leaving safepoint region
[2019-12-09T04:45:01.342+0000][1][safepoint    ] Total time for which application threads were stopped: 0.0000800 seconds, Stopping threads took: 0.0000150 seconds
[2019-12-09T04:45:02.342+0000][1][safepoint    ] Application time: 1.0000795 seconds
[2019-12-09T04:45:02.342+0000][1][safepoint    ] Entering safepoint region: Cleanup
[2019-12-09T04:45:02.342+0000][1][safepoint    ] Leaving safepoint region
[2019-12-09T04:45:02.342+0000][1][safepoint    ] Total time for which application threads were stopped: 0.0000656 seconds, Stopping threads took: 0.0000145 seconds
[2019-12-09T04:45:03.342+0000][1][safepoint    ] Application time: 1.0000775 seconds
[2019-12-09T04:45:03.342+0000][1][safepoint    ] Entering safepoint region: Cleanup
[2019-12-09T04:45:03.342+0000][1][safepoint    ] Leaving safepoint region
[2019-12-09T04:45:03.342+0000][1][safepoint    ] Total time for which application threads were stopped: 0.0000721 seconds, Stopping threads took: 0.0000170 seconds
[2019-12-09T04:45:04.342+0000][1][safepoint    ] Application time: 1.0000782 seconds
[2019-12-09T04:45:04.342+0000][1][safepoint    ] Entering safepoint region: Cleanup
[2019-12-09T04:45:04.342+0000][1][safepoint    ] Leaving safepoint region
[2019-12-09T04:45:04.342+0000][1][safepoint    ] Total time for which application threads were stopped: 0.0000675 seconds, Stopping threads took: 0.0000149 seconds
[2019-12-09T04:45:05.342+0000][1][safepoint    ] Application time: 1.0000790 seconds
[2019-12-09T04:45:05.342+0000][1][safepoint    ] Entering safepoint region: Cleanup
[2019-12-09T04:45:05.342+0000][1][safepoint    ] Leaving safepoint region
[2019-12-09T04:45:05.342+0000][1][safepoint    ] Total time for which application threads were stopped: 0.0000682 seconds, Stopping threads took: 0.0000155 seconds
[2019-12-09T04:45:06.343+0000][1][safepoint    ] Application time: 1.0000787 seconds
[2019-12-09T04:45:06.343+0000][1][safepoint    ] Entering safepoint region: Cleanup
[2019-12-09T04:45:06.343+0000][1][safepoint    ] Leaving safepoint region
[2019-12-09T04:45:06.343+0000][1][safepoint    ] Total time for which application threads were stopped: 0.0000701 seconds, Stopping threads took: 0.0000155 seconds
[2019-12-09T04:45:07.343+0000][1][safepoint    ] Application time: 1.0000961 seconds
[2019-12-09T04:45:07.343+0000][1][safepoint    ] Entering safepoint region: Cleanup
[2019-12-09T04:45:07.343+0000][1][safepoint    ] Leaving safepoint region
[2019-12-09T04:45:07.343+0000][1][safepoint    ] Total time for which application threads were stopped: 0.0001097 seconds, Stopping threads took: 0.0000507 seconds
[2019-12-09T04:45:08.343+0000][1][safepoint    ] Application time: 1.0000861 seconds
[2019-12-09T04:45:08.343+0000][1][safepoint    ] Entering safepoint region: Cleanup
[2019-12-09T04:45:08.343+0000][1][safepoint    ] Leaving safepoint region
[2019-12-09T04:45:08.343+0000][1][safepoint    ] Total time for which application threads were stopped: 0.0000710 seconds, Stopping threads took: 0.0000171 seconds
[2019-12-09T04:45:09.343+0000][1][safepoint    ] Application time: 1.0000768 seconds
[2019-12-09T04:45:09.343+0000][1][safepoint    ] Entering safepoint region: Cleanup
[2019-12-09T04:45:09.343+0000][1][safepoint    ] Leaving safepoint region
[2019-12-09T04:45:09.343+0000][1][safepoint    ] Total time for which application threads were stopped: 0.0000692 seconds, Stopping threads took: 0.0000161 seconds
[2019-12-09T04:45:10.343+0000][1][safepoint    ] Application time: 1.0000767 seconds
[2019-12-09T04:45:10.343+0000][1][safepoint    ] Entering safepoint region: Cleanup
[2019-12-09T04:45:10.344+0000][1][safepoint    ] Leaving safepoint region
[2019-12-09T04:45:10.344+0000][1][safepoint    ] Total time for which application threads were stopped: 0.0000707 seconds, Stopping threads took: 0.0000170 seconds
[2019-12-09T04:45:11.344+0000][1][safepoint    ] Application time: 1.0000788 seconds
[2019-12-09T04:45:11.344+0000][1][safepoint    ] Entering safepoint region: Cleanup
[2019-12-09T04:45:11.344+0000][1][safepoint    ] Leaving safepoint region
[2019-12-09T04:45:11.344+0000][1][safepoint    ] Total time for which application threads were stopped: 0.0000808 seconds, Stopping threads took: 0.0000162 seconds
[2019-12-09T04:45:12.344+0000][1][safepoint    ] Application time: 1.0000802 seconds
[2019-12-09T04:45:12.344+0000][1][safepoint    ] Entering safepoint region: Cleanup
[2019-12-09T04:45:12.344+0000][1][safepoint    ] Leaving safepoint region
[2019-12-09T04:45:12.344+0000][1][safepoint    ] Total time for which application threads were stopped: 0.0001076 seconds, Stopping threads took: 0.0000482 seconds
[2019-12-09T04:45:13.344+0000][1][safepoint    ] Application time: 1.0000841 seconds
[2019-12-09T04:45:13.344+0000][1][safepoint    ] Entering safepoint region: Cleanup
[2019-12-09T04:45:13.344+0000][1][safepoint    ] Leaving safepoint region
[2019-12-09T04:45:13.344+0000][1][safepoint    ] Total time for which application threads were stopped: 0.0000698 seconds, Stopping threads took: 0.0000175 seconds
[2019-12-09T04:45:14.344+0000][1][safepoint    ] Application time: 1.0000748 seconds
[2019-12-09T04:45:14.344+0000][1][safepoint    ] Entering safepoint region: Cleanup
[2019-12-09T04:45:14.344+0000][1][safepoint    ] Leaving safepoint region
[2019-12-09T04:45:14.344+0000][1][safepoint    ] Total time for which application threads were stopped: 0.0000703 seconds, Stopping threads took: 0.0000179 seconds
[2019-12-09T04:45:15.344+0000][1][safepoint    ] Application time: 1.0000756 seconds
[2019-12-09T04:45:15.344+0000][1][safepoint    ] Entering safepoint region: Cleanup
[2019-12-09T04:45:15.345+0000][1][safepoint    ] Leaving safepoint region
[2019-12-09T04:45:15.345+0000][1][safepoint    ] Total time for which application threads were stopped: 0.0000771 seconds, Stopping threads took: 0.0000243 seconds
[2019-12-09T04:45:16.345+0000][1][safepoint    ] Application time: 1.0000800 seconds
[2019-12-09T04:45:16.345+0000][1][safepoint    ] Entering safepoint region: Cleanup
[2019-12-09T04:45:16.345+0000][1][safepoint    ] Leaving safepoint region
[2019-12-09T04:45:16.345+0000][1][safepoint    ] Total time for which application threads were stopped: 0.0000730 seconds, Stopping threads took: 0.0000197 seconds
[2019-12-09T04:45:17.345+0000][1][safepoint    ] Application time: 1.0000768 seconds
[2019-12-09T04:45:17.345+0000][1][safepoint    ] Entering safepoint region: Cleanup
[2019-12-09T04:45:17.345+0000][1][safepoint    ] Leaving safepoint region
[2019-12-09T04:45:17.345+0000][1][safepoint    ] Total time for which application threads were stopped: 0.0000720 seconds, Stopping threads took: 0.0000167 seconds
[2019-12-09T04:45:17.347+0000][1][safepoint    ] Application time: 0.0019036 seconds
[2019-12-09T04:45:17.347+0000][1][safepoint    ] Entering safepoint region: GenCollectForAllocation
[2019-12-09T04:45:17.347+0000][1][gc,start     ] GC(50) Pause Young (Allocation Failure)
[2019-12-09T04:45:17.347+0000][1][gc,task      ] GC(50) Using 2 workers of 2 for evacuation
[2019-12-09T04:45:17.348+0000][1][gc,age       ] GC(50) Desired survivor size 4456448 bytes, new threshold 6 (max threshold 6)
[2019-12-09T04:45:17.348+0000][1][gc,age       ] GC(50) Age table with threshold 6 (max threshold 6)
[2019-12-09T04:45:17.348+0000][1][gc,age       ] GC(50) - age   1:       4504 bytes,       4504 total
[2019-12-09T04:45:17.348+0000][1][gc,age       ] GC(50) - age   3:        672 bytes,       5176 total
[2019-12-09T04:45:17.348+0000][1][gc,age       ] GC(50) - age   5:        520 bytes,       5696 total
[2019-12-09T04:45:17.348+0000][1][gc,heap      ] GC(50) ParNew: 69961K->6K(78656K)
[2019-12-09T04:45:17.348+0000][1][gc,heap      ] GC(50) CMS: 69333K->69333K(174784K)
[2019-12-09T04:45:17.348+0000][1][gc,metaspace ] GC(50) Metaspace: 68449K->68449K(1112064K)
[2019-12-09T04:45:17.348+0000][1][gc           ] GC(50) Pause Young (Allocation Failure) 136M->67M(247M) 1.470ms
[2019-12-09T04:45:17.348+0000][1][gc,cpu       ] GC(50) User=0.01s Sys=0.00s Real=0.00s
[2019-12-09T04:45:17.348+0000][1][safepoint    ] Leaving safepoint region
[2019-12-09T04:45:17.348+0000][1][safepoint    ] Total time for which application threads were stopped: 0.0015981 seconds, Stopping threads took: 0.0000152 seconds
[2019-12-09T04:45:18.349+0000][1][safepoint    ] Application time: 1.0000908 seconds
[2019-12-09T04:45:18.349+0000][1][safepoint    ] Entering safepoint region: Cleanup
[2019-12-09T04:45:18.349+0000][1][safepoint    ] Leaving safepoint region
[2019-12-09T04:45:18.349+0000][1][safepoint    ] Total time for which application threads were stopped: 0.0000898 seconds, Stopping threads took: 0.0000172 seconds
[2019-12-09T04:45:19.349+0000][1][safepoint    ] Application time: 1.0000786 seconds
[2019-12-09T04:45:19.349+0000][1][safepoint    ] Entering safepoint region: Cleanup
[2019-12-09T04:45:19.349+0000][1][safepoint    ] Leaving safepoint region
[2019-12-09T04:45:19.349+0000][1][safepoint    ] Total time for which application threads were stopped: 0.0000736 seconds, Stopping threads took: 0.0000172 seconds
[2019-12-09T04:45:20.349+0000][1][safepoint    ] Application time: 1.0000797 seconds
[2019-12-09T04:45:20.349+0000][1][safepoint    ] Entering safepoint region: Cleanup
[2019-12-09T04:45:20.349+0000][1][safepoint    ] Leaving safepoint region
[2019-12-09T04:45:20.349+0000][1][safepoint    ] Total time for which application threads were stopped: 0.0000739 seconds, Stopping threads took: 0.0000176 seconds
[2019-12-09T04:45:21.349+0000][1][safepoint    ] Application time: 1.0000799 seconds
[2019-12-09T04:45:21.349+0000][1][safepoint    ] Entering safepoint region: Cleanup
[2019-12-09T04:45:21.349+0000][1][safepoint    ] Leaving safepoint region
[2019-12-09T04:45:21.349+0000][1][safepoint    ] Total time for which application threads were stopped: 0.0000785 seconds, Stopping threads took: 0.0000169 seconds
[2019-12-09T04:45:22.349+0000][1][safepoint    ] Application time: 1.0001058 seconds
[2019-12-09T04:45:22.350+0000][1][safepoint    ] Entering safepoint region: Cleanup
[2019-12-09T04:45:22.350+0000][1][safepoint    ] Leaving safepoint region
[2019-12-09T04:45:22.350+0000][1][safepoint    ] Total time for which application threads were stopped: 0.0001237 seconds, Stopping threads took: 0.0000644 seconds
[2019-12-09T04:45:23.350+0000][1][safepoint    ] Application time: 1.0000471 seconds
[2019-12-09T04:45:23.350+0000][1][safepoint    ] Entering safepoint region: Cleanup
[2019-12-09T04:45:23.350+0000][1][safepoint    ] Leaving safepoint region
[2019-12-09T04:45:23.350+0000][1][safepoint    ] Total time for which application threads were stopped: 0.0000767 seconds, Stopping threads took: 0.0000199 seconds
[2019-12-09T04:45:24.350+0000][1][safepoint    ] Application time: 1.0000798 seconds
[2019-12-09T04:45:24.350+0000][1][safepoint    ] Entering safepoint region: Cleanup
[2019-12-09T04:45:24.350+0000][1][safepoint    ] Leaving safepoint region
[2019-12-09T04:45:24.350+0000][1][safepoint    ] Total time for which application threads were stopped: 0.0000728 seconds, Stopping threads took: 0.0000180 seconds
[2019-12-09T04:45:25.350+0000][1][safepoint    ] Application time: 1.0000800 seconds
[2019-12-09T04:45:25.350+0000][1][safepoint    ] Entering safepoint region: Cleanup
[2019-12-09T04:45:25.350+0000][1][safepoint    ] Leaving safepoint region
[2019-12-09T04:45:25.350+0000][1][safepoint    ] Total time for which application threads were stopped: 0.0000828 seconds, Stopping threads took: 0.0000263 seconds
[2019-12-09T04:45:26.350+0000][1][safepoint    ] Application time: 1.0000817 seconds
[2019-12-09T04:45:26.350+0000][1][safepoint    ] Entering safepoint region: Cleanup
[2019-12-09T04:45:26.350+0000][1][safepoint    ] Leaving safepoint region
[2019-12-09T04:45:26.350+0000][1][safepoint    ] Total time for which application threads were stopped: 0.0000763 seconds, Stopping threads took: 0.0000191 seconds
[2019-12-09T04:45:27.350+0000][1][safepoint    ] Application time: 1.0000814 seconds
[2019-12-09T04:45:27.351+0000][1][safepoint    ] Entering safepoint region: Cleanup
[2019-12-09T04:45:27.351+0000][1][safepoint    ] Leaving safepoint region
[2019-12-09T04:45:27.351+0000][1][safepoint    ] Total time for which application threads were stopped: 0.0000736 seconds, Stopping threads took: 0.0000177 seconds
[2019-12-09T04:45:28.351+0000][1][safepoint    ] Application time: 1.0000894 seconds
[2019-12-09T04:45:28.351+0000][1][safepoint    ] Entering safepoint region: Cleanup
[2019-12-09T04:45:28.351+0000][1][safepoint    ] Leaving safepoint region
[2019-12-09T04:45:28.351+0000][1][safepoint    ] Total time for which application threads were stopped: 0.0000719 seconds, Stopping threads took: 0.0000175 seconds
[2019-12-09T04:45:29.351+0000][1][safepoint    ] Application time: 1.0000803 seconds
[2019-12-09T04:45:29.351+0000][1][safepoint    ] Entering safepoint region: Cleanup
[2019-12-09T04:45:29.351+0000][1][safepoint    ] Leaving safepoint region
[2019-12-09T04:45:29.351+0000][1][safepoint    ] Total time for which application threads were stopped: 0.0000690 seconds, Stopping threads took: 0.0000173 seconds
[2019-12-09T04:45:30.351+0000][1][safepoint    ] Application time: 1.0000782 seconds
[2019-12-09T04:45:30.351+0000][1][safepoint    ] Entering safepoint region: Cleanup
[2019-12-09T04:45:30.351+0000][1][safepoint    ] Leaving safepoint region
[2019-12-09T04:45:30.351+0000][1][safepoint    ] Total time for which application threads were stopped: 0.0000719 seconds, Stopping threads took: 0.0000174 seconds
[2019-12-09T04:45:31.351+0000][1][safepoint    ] Application time: 1.0000832 seconds
[2019-12-09T04:45:31.351+0000][1][safepoint    ] Entering safepoint region: Cleanup
[2019-12-09T04:45:31.351+0000][1][safepoint    ] Leaving safepoint region
[2019-12-09T04:45:31.351+0000][1][safepoint    ] Total time for which application threads were stopped: 0.0000733 seconds, Stopping threads took: 0.0000179 seconds
[2019-12-09T04:45:32.351+0000][1][safepoint    ] Application time: 1.0000817 seconds
[2019-12-09T04:45:32.352+0000][1][safepoint    ] Entering safepoint region: Cleanup
[2019-12-09T04:45:32.352+0000][1][safepoint    ] Leaving safepoint region
[2019-12-09T04:45:32.352+0000][1][safepoint    ] Total time for which application threads were stopped: 0.0000758 seconds, Stopping threads took: 0.0000186 seconds
[2019-12-09T04:45:33.352+0000][1][safepoint    ] Application time: 1.0000898 seconds
[2019-12-09T04:45:33.352+0000][1][safepoint    ] Entering safepoint region: Cleanup
[2019-12-09T04:45:33.352+0000][1][safepoint    ] Leaving safepoint region
[2019-12-09T04:45:33.352+0000][1][safepoint    ] Total time for which application threads were stopped: 0.0000741 seconds, Stopping threads took: 0.0000193 seconds
[2019-12-09T04:45:34.352+0000][1][safepoint    ] Application time: 1.0000829 seconds
[2019-12-09T04:45:34.352+0000][1][safepoint    ] Entering safepoint region: Cleanup
[2019-12-09T04:45:34.352+0000][1][safepoint    ] Leaving safepoint region
[2019-12-09T04:45:34.352+0000][1][safepoint    ] Total time for which application threads were stopped: 0.0000798 seconds, Stopping threads took: 0.0000204 seconds
[2019-12-09T04:45:35.352+0000][1][safepoint    ] Application time: 1.0000816 seconds
[2019-12-09T04:45:35.352+0000][1][safepoint    ] Entering safepoint region: Cleanup
[2019-12-09T04:45:35.352+0000][1][safepoint    ] Leaving safepoint region
[2019-12-09T04:45:35.352+0000][1][safepoint    ] Total time for which application threads were stopped: 0.0000810 seconds, Stopping threads took: 0.0000259 seconds
[2019-12-09T04:45:36.352+0000][1][safepoint    ] Application time: 1.0000839 seconds
[2019-12-09T04:45:36.352+0000][1][safepoint    ] Entering safepoint region: Cleanup
[2019-12-09T04:45:36.352+0000][1][safepoint    ] Leaving safepoint region
[2019-12-09T04:45:36.352+0000][1][safepoint    ] Total time for which application threads were stopped: 0.0000740 seconds, Stopping threads took: 0.0000182 seconds
[2019-12-09T04:45:37.353+0000][1][safepoint    ] Application time: 1.0000800 seconds
[2019-12-09T04:45:37.353+0000][1][safepoint    ] Entering safepoint region: Cleanup
[2019-12-09T04:45:37.353+0000][1][safepoint    ] Leaving safepoint region
[2019-12-09T04:45:37.353+0000][1][safepoint    ] Total time for which application threads were stopped: 0.0000743 seconds, Stopping threads took: 0.0000187 seconds
[2019-12-09T04:45:38.353+0000][1][safepoint    ] Application time: 1.0000788 seconds
[2019-12-09T04:45:38.353+0000][1][safepoint    ] Entering safepoint region: Cleanup
[2019-12-09T04:45:38.353+0000][1][safepoint    ] Leaving safepoint region
[2019-12-09T04:45:38.353+0000][1][safepoint    ] Total time for which application threads were stopped: 0.0000741 seconds, Stopping threads took: 0.0000169 seconds
[2019-12-09T04:45:39.353+0000][1][safepoint    ] Application time: 1.0000804 seconds
[2019-12-09T04:45:39.353+0000][1][safepoint    ] Entering safepoint region: Cleanup
[2019-12-09T04:45:39.353+0000][1][safepoint    ] Leaving safepoint region
[2019-12-09T04:45:39.353+0000][1][safepoint    ] Total time for which application threads were stopped: 0.0000724 seconds, Stopping threads took: 0.0000177 seconds
[2019-12-09T04:45:40.353+0000][1][safepoint    ] Application time: 1.0000813 seconds
[2019-12-09T04:45:40.353+0000][1][safepoint    ] Entering safepoint region: Cleanup
[2019-12-09T04:45:40.353+0000][1][safepoint    ] Leaving safepoint region
[2019-12-09T04:45:40.353+0000][1][safepoint    ] Total time for which application threads were stopped: 0.0000741 seconds, Stopping threads took: 0.0000197 seconds
[2019-12-09T04:45:41.353+0000][1][safepoint    ] Application time: 1.0000798 seconds
[2019-12-09T04:45:41.353+0000][1][safepoint    ] Entering safepoint region: Cleanup
[2019-12-09T04:45:41.353+0000][1][safepoint    ] Leaving safepoint region
[2019-12-09T04:45:41.353+0000][1][safepoint    ] Total time for which application threads were stopped: 0.0000723 seconds, Stopping threads took: 0.0000159 seconds
[2019-12-09T04:45:42.354+0000][1][safepoint    ] Application time: 1.0000780 seconds
[2019-12-09T04:45:42.354+0000][1][safepoint    ] Entering safepoint region: Cleanup
[2019-12-09T04:45:42.354+0000][1][safepoint    ] Leaving safepoint region
[2019-12-09T04:45:42.354+0000][1][safepoint    ] Total time for which application threads were stopped: 0.0000707 seconds, Stopping threads took: 0.0000162 seconds
[2019-12-09T04:45:43.354+0000][1][safepoint    ] Application time: 1.0000777 seconds
[2019-12-09T04:45:43.354+0000][1][safepoint    ] Entering safepoint region: Cleanup
[2019-12-09T04:45:43.354+0000][1][safepoint    ] Leaving safepoint region
[2019-12-09T04:45:43.354+0000][1][safepoint    ] Total time for which application threads were stopped: 0.0000709 seconds, Stopping threads took: 0.0000176 seconds
[2019-12-09T04:45:44.354+0000][1][safepoint    ] Application time: 1.0000792 seconds
[2019-12-09T04:45:44.354+0000][1][safepoint    ] Entering safepoint region: Cleanup
[2019-12-09T04:45:44.354+0000][1][safepoint    ] Leaving safepoint region
[2019-12-09T04:45:44.354+0000][1][safepoint    ] Total time for which application threads were stopped: 0.0000720 seconds, Stopping threads took: 0.0000173 seconds
[2019-12-09T04:45:45.354+0000][1][safepoint    ] Application time: 1.0000786 seconds
[2019-12-09T04:45:45.354+0000][1][safepoint    ] Entering safepoint region: Cleanup
[2019-12-09T04:45:45.354+0000][1][safepoint    ] Leaving safepoint region
[2019-12-09T04:45:45.354+0000][1][safepoint    ] Total time for which application threads were stopped: 0.0000871 seconds, Stopping threads took: 0.0000237 seconds
[2019-12-09T04:45:46.354+0000][1][safepoint    ] Application time: 1.0000792 seconds
[2019-12-09T04:45:46.354+0000][1][safepoint    ] Entering safepoint region: Cleanup
[2019-12-09T04:45:46.354+0000][1][safepoint    ] Leaving safepoint region
[2019-12-09T04:45:46.354+0000][1][safepoint    ] Total time for which application threads were stopped: 0.0000731 seconds, Stopping threads took: 0.0000176 seconds
[2019-12-09T04:45:47.355+0000][1][safepoint    ] Application time: 1.0000798 seconds
[2019-12-09T04:45:47.355+0000][1][safepoint    ] Entering safepoint region: Cleanup
[2019-12-09T04:45:47.355+0000][1][safepoint    ] Leaving safepoint region
[2019-12-09T04:45:47.355+0000][1][safepoint    ] Total time for which application threads were stopped: 0.0000725 seconds, Stopping threads took: 0.0000160 seconds
[2019-12-09T04:45:48.355+0000][1][safepoint    ] Application time: 1.0000803 seconds
[2019-12-09T04:45:48.355+0000][1][safepoint    ] Entering safepoint region: Cleanup
[2019-12-09T04:45:48.355+0000][1][safepoint    ] Leaving safepoint region
[2019-12-09T04:45:48.355+0000][1][safepoint    ] Total time for which application threads were stopped: 0.0000725 seconds, Stopping threads took: 0.0000182 seconds
[2019-12-09T04:45:49.355+0000][1][safepoint    ] Application time: 1.0000789 seconds
[2019-12-09T04:45:49.355+0000][1][safepoint    ] Entering safepoint region: Cleanup
[2019-12-09T04:45:49.355+0000][1][safepoint    ] Leaving safepoint region
[2019-12-09T04:45:49.355+0000][1][safepoint    ] Total time for which application threads were stopped: 0.0000740 seconds, Stopping threads took: 0.0000189 seconds
[2019-12-09T04:45:50.355+0000][1][safepoint    ] Application time: 1.0000805 seconds
[2019-12-09T04:45:50.355+0000][1][safepoint    ] Entering safepoint region: Cleanup
[2019-12-09T04:45:50.355+0000][1][safepoint    ] Leaving safepoint region
[2019-12-09T04:45:50.355+0000][1][safepoint    ] Total time for which application threads were stopped: 0.0000723 seconds, Stopping threads took: 0.0000175 seconds
[2019-12-09T04:45:51.355+0000][1][safepoint    ] Application time: 1.0000814 seconds
[2019-12-09T04:45:51.355+0000][1][safepoint    ] Entering safepoint region: Cleanup
[2019-12-09T04:45:51.355+0000][1][safepoint    ] Leaving safepoint region
[2019-12-09T04:45:51.355+0000][1][safepoint    ] Total time for which application threads were stopped: 0.0000764 seconds, Stopping threads took: 0.0000175 seconds
[2019-12-09T04:45:52.355+0000][1][safepoint    ] Application time: 1.0000814 seconds
[2019-12-09T04:45:52.356+0000][1][safepoint    ] Entering safepoint region: Cleanup
[2019-12-09T04:45:52.356+0000][1][safepoint    ] Leaving safepoint region
[2019-12-09T04:45:52.356+0000][1][safepoint    ] Total time for which application threads were stopped: 0.0000725 seconds, Stopping threads took: 0.0000169 seconds
[2019-12-09T04:45:53.356+0000][1][safepoint    ] Application time: 1.0000886 seconds
[2019-12-09T04:45:53.356+0000][1][safepoint    ] Entering safepoint region: Cleanup
[2019-12-09T04:45:53.356+0000][1][safepoint    ] Leaving safepoint region
[2019-12-09T04:45:53.356+0000][1][safepoint    ] Total time for which application threads were stopped: 0.0000710 seconds, Stopping threads took: 0.0000164 seconds
[2019-12-09T04:45:54.356+0000][1][safepoint    ] Application time: 1.0000797 seconds
[2019-12-09T04:45:54.356+0000][1][safepoint    ] Entering safepoint region: Cleanup
[2019-12-09T04:45:54.356+0000][1][safepoint    ] Leaving safepoint region
[2019-12-09T04:45:54.356+0000][1][safepoint    ] Total time for which application threads were stopped: 0.0000747 seconds, Stopping threads took: 0.0000171 seconds
[2019-12-09T04:45:55.356+0000][1][safepoint    ] Application time: 1.0000797 seconds
[2019-12-09T04:45:55.356+0000][1][safepoint    ] Entering safepoint region: Cleanup
[2019-12-09T04:45:55.356+0000][1][safepoint    ] Leaving safepoint region
[2019-12-09T04:45:55.356+0000][1][safepoint    ] Total time for which application threads were stopped: 0.0000830 seconds, Stopping threads took: 0.0000180 seconds
[2019-12-09T04:45:56.356+0000][1][safepoint    ] Application time: 1.0000847 seconds
[2019-12-09T04:45:56.356+0000][1][safepoint    ] Entering safepoint region: Cleanup
[2019-12-09T04:45:56.356+0000][1][safepoint    ] Leaving safepoint region
[2019-12-09T04:45:56.356+0000][1][safepoint    ] Total time for which application threads were stopped: 0.0000746 seconds, Stopping threads took: 0.0000171 seconds
[2019-12-09T04:45:57.357+0000][1][safepoint    ] Application time: 1.0000803 seconds
[2019-12-09T04:45:57.357+0000][1][safepoint    ] Entering safepoint region: Cleanup
[2019-12-09T04:45:57.357+0000][1][safepoint    ] Leaving safepoint region
[2019-12-09T04:45:57.357+0000][1][safepoint    ] Total time for which application threads were stopped: 0.0000753 seconds, Stopping threads took: 0.0000178 seconds
[2019-12-09T04:45:58.357+0000][1][safepoint    ] Application time: 1.0000838 seconds
[2019-12-09T04:45:58.357+0000][1][safepoint    ] Entering safepoint region: Cleanup
[2019-12-09T04:45:58.357+0000][1][safepoint    ] Leaving safepoint region
[2019-12-09T04:45:58.357+0000][1][safepoint    ] Total time for which application threads were stopped: 0.0000741 seconds, Stopping threads took: 0.0000179 seconds
[2019-12-09T04:45:59.357+0000][1][safepoint    ] Application time: 1.0000830 seconds
[2019-12-09T04:45:59.357+0000][1][safepoint    ] Entering safepoint region: Cleanup
[2019-12-09T04:45:59.357+0000][1][safepoint    ] Leaving safepoint region
[2019-12-09T04:45:59.357+0000][1][safepoint    ] Total time for which application threads were stopped: 0.0000726 seconds, Stopping threads took: 0.0000177 seconds
[2019-12-09T04:46:00.357+0000][1][safepoint    ] Application time: 1.0000817 seconds
[2019-12-09T04:46:00.357+0000][1][safepoint    ] Entering safepoint region: Cleanup
[2019-12-09T04:46:00.357+0000][1][safepoint    ] Leaving safepoint region
[2019-12-09T04:46:00.357+0000][1][safepoint    ] Total time for which application threads were stopped: 0.0000726 seconds, Stopping threads took: 0.0000177 seconds
[2019-12-09T04:46:01.357+0000][1][safepoint    ] Application time: 1.0000862 seconds
[2019-12-09T04:46:01.357+0000][1][safepoint    ] Entering safepoint region: Cleanup
[2019-12-09T04:46:01.357+0000][1][safepoint    ] Leaving safepoint region
[2019-12-09T04:46:01.357+0000][1][safepoint    ] Total time for which application threads were stopped: 0.0000741 seconds, Stopping threads took: 0.0000179 seconds
[2019-12-09T04:46:02.358+0000][1][safepoint    ] Application time: 1.0000825 seconds
[2019-12-09T04:46:02.358+0000][1][safepoint    ] Entering safepoint region: Cleanup
[2019-12-09T04:46:02.358+0000][1][safepoint    ] Leaving safepoint region
[2019-12-09T04:46:02.358+0000][1][safepoint    ] Total time for which application threads were stopped: 0.0000734 seconds, Stopping threads took: 0.0000170 seconds
[2019-12-09T04:46:03.358+0000][1][safepoint    ] Application time: 1.0000791 seconds
[2019-12-09T04:46:03.358+0000][1][safepoint    ] Entering safepoint region: Cleanup
[2019-12-09T04:46:03.358+0000][1][safepoint    ] Leaving safepoint region
[2019-12-09T04:46:03.358+0000][1][safepoint    ] Total time for which application threads were stopped: 0.0000709 seconds, Stopping threads took: 0.0000158 seconds
[2019-12-09T04:46:04.358+0000][1][safepoint    ] Application time: 1.0000790 seconds
[2019-12-09T04:46:04.358+0000][1][safepoint    ] Entering safepoint region: Cleanup
[2019-12-09T04:46:04.358+0000][1][safepoint    ] Leaving safepoint region
[2019-12-09T04:46:04.358+0000][1][safepoint    ] Total time for which application threads were stopped: 0.0000715 seconds, Stopping threads took: 0.0000169 seconds
[2019-12-09T04:46:05.358+0000][1][safepoint    ] Application time: 1.0000789 seconds
[2019-12-09T04:46:05.358+0000][1][safepoint    ] Entering safepoint region: Cleanup
[2019-12-09T04:46:05.358+0000][1][safepoint    ] Leaving safepoint region
[2019-12-09T04:46:05.358+0000][1][safepoint    ] Total time for which application threads were stopped: 0.0000812 seconds, Stopping threads took: 0.0000172 seconds
[2019-12-09T04:46:06.358+0000][1][safepoint    ] Application time: 1.0000785 seconds
[2019-12-09T04:46:06.358+0000][1][safepoint    ] Entering safepoint region: Cleanup
[2019-12-09T04:46:06.358+0000][1][safepoint    ] Leaving safepoint region
[2019-12-09T04:46:06.358+0000][1][safepoint    ] Total time for which application threads were stopped: 0.0000750 seconds, Stopping threads took: 0.0000194 seconds
[2019-12-09T04:46:07.359+0000][1][safepoint    ] Application time: 1.0000783 seconds
[2019-12-09T04:46:07.359+0000][1][safepoint    ] Entering safepoint region: Cleanup
[2019-12-09T04:46:07.359+0000][1][safepoint    ] Leaving safepoint region
[2019-12-09T04:46:07.359+0000][1][safepoint    ] Total time for which application threads were stopped: 0.0000818 seconds, Stopping threads took: 0.0000172 seconds
[2019-12-09T04:46:08.359+0000][1][safepoint    ] Application time: 1.0000802 seconds
[2019-12-09T04:46:08.359+0000][1][safepoint    ] Entering safepoint region: Cleanup
[2019-12-09T04:46:08.359+0000][1][safepoint    ] Leaving safepoint region
[2019-12-09T04:46:08.359+0000][1][safepoint    ] Total time for which application threads were stopped: 0.0000734 seconds, Stopping threads took: 0.0000177 seconds
[2019-12-09T04:46:09.359+0000][1][safepoint    ] Application time: 1.0000797 seconds
[2019-12-09T04:46:09.359+0000][1][safepoint    ] Entering safepoint region: Cleanup
[2019-12-09T04:46:09.359+0000][1][safepoint    ] Leaving safepoint region
[2019-12-09T04:46:09.359+0000][1][safepoint    ] Total time for which application threads were stopped: 0.0000718 seconds, Stopping threads took: 0.0000174 seconds
[2019-12-09T04:46:10.359+0000][1][safepoint    ] Application time: 1.0000810 seconds
[2019-12-09T04:46:10.359+0000][1][safepoint    ] Entering safepoint region: Cleanup
[2019-12-09T04:46:10.359+0000][1][safepoint    ] Leaving safepoint region
[2019-12-09T04:46:10.359+0000][1][safepoint    ] Total time for which application threads were stopped: 0.0000707 seconds, Stopping threads took: 0.0000172 seconds
[2019-12-09T04:46:11.359+0000][1][safepoint    ] Application time: 1.0000790 seconds
[2019-12-09T04:46:11.359+0000][1][safepoint    ] Entering safepoint region: Cleanup
[2019-12-09T04:46:11.359+0000][1][safepoint    ] Leaving safepoint region
[2019-12-09T04:46:11.359+0000][1][safepoint    ] Total time for which application threads were stopped: 0.0000769 seconds, Stopping threads took: 0.0000201 seconds
[2019-12-09T04:46:12.360+0000][1][safepoint    ] Application time: 1.0000806 seconds
[2019-12-09T04:46:12.360+0000][1][safepoint    ] Entering safepoint region: Cleanup
[2019-12-09T04:46:12.360+0000][1][safepoint    ] Leaving safepoint region
[2019-12-09T04:46:12.360+0000][1][safepoint    ] Total time for which application threads were stopped: 0.0000697 seconds, Stopping threads took: 0.0000176 seconds
[2019-12-09T04:46:13.360+0000][1][safepoint    ] Application time: 1.0000646 seconds
[2019-12-09T04:46:13.360+0000][1][safepoint    ] Entering safepoint region: Cleanup
[2019-12-09T04:46:13.360+0000][1][safepoint    ] Leaving safepoint region
[2019-12-09T04:46:13.360+0000][1][safepoint    ] Total time for which application threads were stopped: 0.0000962 seconds, Stopping threads took: 0.0000231 seconds
[2019-12-09T04:46:14.360+0000][1][safepoint    ] Application time: 1.0000776 seconds
[2019-12-09T04:46:14.360+0000][1][safepoint    ] Entering safepoint region: Cleanup
[2019-12-09T04:46:14.360+0000][1][safepoint    ] Leaving safepoint region
[2019-12-09T04:46:14.360+0000][1][safepoint    ] Total time for which application threads were stopped: 0.0000733 seconds, Stopping threads took: 0.0000180 seconds
[2019-12-09T04:46:15.360+0000][1][safepoint    ] Application time: 1.0000800 seconds
[2019-12-09T04:46:15.360+0000][1][safepoint    ] Entering safepoint region: Cleanup
[2019-12-09T04:46:15.360+0000][1][safepoint    ] Leaving safepoint region
[2019-12-09T04:46:15.360+0000][1][safepoint    ] Total time for which application threads were stopped: 0.0000770 seconds, Stopping threads took: 0.0000228 seconds
[2019-12-09T04:46:16.361+0000][1][safepoint    ] Application time: 1.0002475 seconds
[2019-12-09T04:46:16.361+0000][1][safepoint    ] Entering safepoint region: Cleanup
[2019-12-09T04:46:16.361+0000][1][safepoint    ] Leaving safepoint region
[2019-12-09T04:46:16.361+0000][1][safepoint    ] Total time for which application threads were stopped: 0.0001035 seconds, Stopping threads took: 0.0000256 seconds
[2019-12-09T04:46:17.361+0000][1][safepoint    ] Application time: 1.0000783 seconds
[2019-12-09T04:46:17.361+0000][1][safepoint    ] Entering safepoint region: Cleanup
[2019-12-09T04:46:17.361+0000][1][safepoint    ] Leaving safepoint region
[2019-12-09T04:46:17.361+0000][1][safepoint    ] Total time for which application threads were stopped: 0.0000737 seconds, Stopping threads took: 0.0000169 seconds
[2019-12-09T04:46:18.361+0000][1][safepoint    ] Application time: 1.0000793 seconds
[2019-12-09T04:46:18.361+0000][1][safepoint    ] Entering safepoint region: Cleanup
[2019-12-09T04:46:18.361+0000][1][safepoint    ] Leaving safepoint region
[2019-12-09T04:46:18.361+0000][1][safepoint    ] Total time for which application threads were stopped: 0.0000737 seconds, Stopping threads took: 0.0000188 seconds
[2019-12-09T04:46:19.361+0000][1][safepoint    ] Application time: 1.0000802 seconds
[2019-12-09T04:46:19.361+0000][1][safepoint    ] Entering safepoint region: Cleanup
[2019-12-09T04:46:19.361+0000][1][safepoint    ] Leaving safepoint region
[2019-12-09T04:46:19.361+0000][1][safepoint    ] Total time for which application threads were stopped: 0.0000706 seconds, Stopping threads took: 0.0000167 seconds
[2019-12-09T04:46:20.361+0000][1][safepoint    ] Application time: 1.0000818 seconds
[2019-12-09T04:46:20.361+0000][1][safepoint    ] Entering safepoint region: Cleanup
[2019-12-09T04:46:20.361+0000][1][safepoint    ] Leaving safepoint region
[2019-12-09T04:46:20.361+0000][1][safepoint    ] Total time for which application threads were stopped: 0.0000722 seconds, Stopping threads took: 0.0000172 seconds
[2019-12-09T04:46:21.362+0000][1][safepoint    ] Application time: 1.0000881 seconds
[2019-12-09T04:46:21.362+0000][1][safepoint    ] Entering safepoint region: Cleanup
[2019-12-09T04:46:21.362+0000][1][safepoint    ] Leaving safepoint region
[2019-12-09T04:46:21.362+0000][1][safepoint    ] Total time for which application threads were stopped: 0.0001174 seconds, Stopping threads took: 0.0000231 seconds
[2019-12-09T04:46:39.380+0000][1][safepoint    ] Application time: 18.0186270 seconds
[2019-12-09T04:46:39.380+0000][1][safepoint    ] Entering safepoint region: Cleanup
[2019-12-09T04:46:39.380+0000][1][safepoint    ] Leaving safepoint region
[2019-12-09T04:46:39.380+0000][1][safepoint    ] Total time for which application threads were stopped: 0.0000668 seconds, Stopping threads took: 0.0000154 seconds
[2019-12-09T04:46:40.381+0000][1][safepoint    ] Application time: 1.0000747 seconds
[2019-12-09T04:46:40.381+0000][1][safepoint    ] Entering safepoint region: Cleanup
[2019-12-09T04:46:40.381+0000][1][safepoint    ] Leaving safepoint region
[2019-12-09T04:46:40.381+0000][1][safepoint    ] Total time for which application threads were stopped: 0.0000657 seconds, Stopping threads took: 0.0000127 seconds
[2019-12-09T04:46:41.381+0000][1][safepoint    ] Application time: 1.0000735 seconds
[2019-12-09T04:46:41.381+0000][1][safepoint    ] Entering safepoint region: Cleanup
[2019-12-09T04:46:41.381+0000][1][safepoint    ] Leaving safepoint region
[2019-12-09T04:46:41.381+0000][1][safepoint    ] Total time for which application threads were stopped: 0.0000954 seconds, Stopping threads took: 0.0000205 seconds
[2019-12-09T04:46:43.381+0000][1][safepoint    ] Application time: 2.0001388 seconds
[2019-12-09T04:46:43.381+0000][1][safepoint    ] Entering safepoint region: Cleanup
[2019-12-09T04:46:43.381+0000][1][safepoint    ] Leaving safepoint region
[2019-12-09T04:46:43.381+0000][1][safepoint    ] Total time for which application threads were stopped: 0.0000700 seconds, Stopping threads took: 0.0000146 seconds
[2019-12-09T04:46:48.381+0000][1][safepoint    ] Application time: 5.0003469 seconds
[2019-12-09T04:46:48.382+0000][1][safepoint    ] Entering safepoint region: Cleanup
[2019-12-09T04:46:48.382+0000][1][safepoint    ] Leaving safepoint region
[2019-12-09T04:46:48.382+0000][1][safepoint    ] Total time for which application threads were stopped: 0.0000773 seconds, Stopping threads took: 0.0000229 seconds
[2019-12-09T04:46:49.382+0000][1][safepoint    ] Application time: 1.0000750 seconds
[2019-12-09T04:46:49.382+0000][1][safepoint    ] Entering safepoint region: Cleanup
[2019-12-09T04:46:49.382+0000][1][safepoint    ] Leaving safepoint region
[2019-12-09T04:46:49.382+0000][1][safepoint    ] Total time for which application threads were stopped: 0.0000729 seconds, Stopping threads took: 0.0000145 seconds
[2019-12-09T04:46:53.382+0000][1][safepoint    ] Application time: 4.0002721 seconds
[2019-12-09T04:46:53.382+0000][1][safepoint    ] Entering safepoint region: Cleanup
[2019-12-09T04:46:53.382+0000][1][safepoint    ] Leaving safepoint region
[2019-12-09T04:46:53.382+0000][1][safepoint    ] Total time for which application threads were stopped: 0.0000701 seconds, Stopping threads took: 0.0000161 seconds
[2019-12-09T04:47:17.389+0000][1][safepoint    ] Application time: 24.0069372 seconds
[2019-12-09T04:47:17.389+0000][1][safepoint    ] Entering safepoint region: GenCollectForAllocation
[2019-12-09T04:47:17.389+0000][1][gc,start     ] GC(51) Pause Young (Allocation Failure)
[2019-12-09T04:47:17.389+0000][1][gc,task      ] GC(51) Using 2 workers of 2 for evacuation
[2019-12-09T04:47:17.391+0000][1][gc,age       ] GC(51) Desired survivor size 4456448 bytes, new threshold 6 (max threshold 6)
[2019-12-09T04:47:17.391+0000][1][gc,age       ] GC(51) Age table with threshold 6 (max threshold 6)
[2019-12-09T04:47:17.391+0000][1][gc,age       ] GC(51) - age   1:       4168 bytes,       4168 total
[2019-12-09T04:47:17.391+0000][1][gc,age       ] GC(51) - age   2:        488 bytes,       4656 total
[2019-12-09T04:47:17.391+0000][1][gc,age       ] GC(51) - age   4:        672 bytes,       5328 total
[2019-12-09T04:47:17.391+0000][1][gc,age       ] GC(51) - age   6:        520 bytes,       5848 total
[2019-12-09T04:47:17.391+0000][1][gc,heap      ] GC(51) ParNew: 69958K->7K(78656K)
[2019-12-09T04:47:17.391+0000][1][gc,heap      ] GC(51) CMS: 69333K->69333K(174784K)
[2019-12-09T04:47:17.391+0000][1][gc,metaspace ] GC(51) Metaspace: 68449K->68449K(1112064K)
[2019-12-09T04:47:17.391+0000][1][gc           ] GC(51) Pause Young (Allocation Failure) 136M->67M(247M) 1.405ms
[2019-12-09T04:47:17.391+0000][1][gc,cpu       ] GC(51) User=0.00s Sys=0.00s Real=0.00s
[2019-12-09T04:47:17.391+0000][1][safepoint    ] Leaving safepoint region
[2019-12-09T04:47:17.391+0000][1][safepoint    ] Total time for which application threads were stopped: 0.0015665 seconds, Stopping threads took: 0.0000247 seconds
[2019-12-09T04:49:17.431+0000][1][safepoint    ] Application time: 120.0402285 seconds
[2019-12-09T04:49:17.431+0000][1][safepoint    ] Entering safepoint region: GenCollectForAllocation
[2019-12-09T04:49:17.431+0000][1][gc,start     ] GC(52) Pause Young (Allocation Failure)
[2019-12-09T04:49:17.431+0000][1][gc,task      ] GC(52) Using 2 workers of 2 for evacuation
[2019-12-09T04:49:17.432+0000][1][gc,age       ] GC(52) Desired survivor size 4456448 bytes, new threshold 6 (max threshold 6)
[2019-12-09T04:49:17.432+0000][1][gc,age       ] GC(52) Age table with threshold 6 (max threshold 6)
[2019-12-09T04:49:17.432+0000][1][gc,age       ] GC(52) - age   1:       4056 bytes,       4056 total
[2019-12-09T04:49:17.432+0000][1][gc,age       ] GC(52) - age   2:         88 bytes,       4144 total
[2019-12-09T04:49:17.432+0000][1][gc,age       ] GC(52) - age   3:        488 bytes,       4632 total
[2019-12-09T04:49:17.432+0000][1][gc,age       ] GC(52) - age   5:        672 bytes,       5304 total
[2019-12-09T04:49:17.432+0000][1][gc,heap      ] GC(52) ParNew: 69959K->8K(78656K)
[2019-12-09T04:49:17.432+0000][1][gc,heap      ] GC(52) CMS: 69333K->69334K(174784K)
[2019-12-09T04:49:17.432+0000][1][gc,metaspace ] GC(52) Metaspace: 68449K->68449K(1112064K)
[2019-12-09T04:49:17.432+0000][1][gc           ] GC(52) Pause Young (Allocation Failure) 136M->67M(247M) 1.401ms
[2019-12-09T04:49:17.433+0000][1][gc,cpu       ] GC(52) User=0.00s Sys=0.00s Real=0.00s
[2019-12-09T04:49:17.433+0000][1][safepoint    ] Leaving safepoint region
[2019-12-09T04:49:17.433+0000][1][safepoint    ] Total time for which application threads were stopped: 0.0015411 seconds, Stopping threads took: 0.0000246 seconds
[2019-12-09T04:49:43.434+0000][1][safepoint    ] Application time: 26.0017660 seconds
[2019-12-09T04:49:43.434+0000][1][safepoint    ] Entering safepoint region: Cleanup
[2019-12-09T04:49:43.434+0000][1][safepoint    ] Leaving safepoint region
[2019-12-09T04:49:43.434+0000][1][safepoint    ] Total time for which application threads were stopped: 0.0000701 seconds, Stopping threads took: 0.0000179 seconds
[2019-12-09T04:50:46.439+0000][1][safepoint    ] Application time: 63.0041749 seconds
[2019-12-09T04:50:46.439+0000][1][safepoint    ] Entering safepoint region: Cleanup
[2019-12-09T04:50:46.439+0000][1][safepoint    ] Leaving safepoint region
[2019-12-09T04:50:46.439+0000][1][safepoint    ] Total time for which application threads were stopped: 0.0000945 seconds, Stopping threads took: 0.0000251 seconds
[2019-12-09T04:51:02.440+0000][1][safepoint    ] Application time: 16.0011013 seconds
[2019-12-09T04:51:02.440+0000][1][safepoint    ] Entering safepoint region: Cleanup
[2019-12-09T04:51:02.440+0000][1][safepoint    ] Leaving safepoint region
[2019-12-09T04:51:02.440+0000][1][safepoint    ] Total time for which application threads were stopped: 0.0000803 seconds, Stopping threads took: 0.0000165 seconds
[2019-12-09T04:51:17.474+0000][1][safepoint    ] Application time: 15.0335478 seconds
[2019-12-09T04:51:17.474+0000][1][safepoint    ] Entering safepoint region: GenCollectForAllocation
[2019-12-09T04:51:17.474+0000][1][gc,start     ] GC(53) Pause Young (Allocation Failure)
[2019-12-09T04:51:17.474+0000][1][gc,task      ] GC(53) Using 2 workers of 2 for evacuation
[2019-12-09T04:51:17.475+0000][1][gc,age       ] GC(53) Desired survivor size 4456448 bytes, new threshold 6 (max threshold 6)
[2019-12-09T04:51:17.475+0000][1][gc,age       ] GC(53) Age table with threshold 6 (max threshold 6)
[2019-12-09T04:51:17.475+0000][1][gc,age       ] GC(53) - age   1:       3112 bytes,       3112 total
[2019-12-09T04:51:17.475+0000][1][gc,age       ] GC(53) - age   3:         88 bytes,       3200 total
[2019-12-09T04:51:17.475+0000][1][gc,age       ] GC(53) - age   4:        488 bytes,       3688 total
[2019-12-09T04:51:17.475+0000][1][gc,age       ] GC(53) - age   6:        672 bytes,       4360 total
[2019-12-09T04:51:17.475+0000][1][gc,heap      ] GC(53) ParNew: 69960K->7K(78656K)
[2019-12-09T04:51:17.475+0000][1][gc,heap      ] GC(53) CMS: 69334K->69334K(174784K)
[2019-12-09T04:51:17.475+0000][1][gc,metaspace ] GC(53) Metaspace: 68449K->68449K(1112064K)
[2019-12-09T04:51:17.475+0000][1][gc           ] GC(53) Pause Young (Allocation Failure) 136M->67M(247M) 1.422ms
[2019-12-09T04:51:17.475+0000][1][gc,cpu       ] GC(53) User=0.00s Sys=0.00s Real=0.01s
[2019-12-09T04:51:17.475+0000][1][safepoint    ] Leaving safepoint region
[2019-12-09T04:51:17.475+0000][1][safepoint    ] Total time for which application threads were stopped: 0.0015651 seconds, Stopping threads took: 0.0000259 seconds
[2019-12-09T04:53:17.515+0000][1][safepoint    ] Application time: 120.0401938 seconds
[2019-12-09T04:53:17.515+0000][1][safepoint    ] Entering safepoint region: GenCollectForAllocation
[2019-12-09T04:53:17.515+0000][1][gc,start     ] GC(54) Pause Young (Allocation Failure)
[2019-12-09T04:53:17.515+0000][1][gc,task      ] GC(54) Using 2 workers of 2 for evacuation
[2019-12-09T04:53:17.517+0000][1][gc,age       ] GC(54) Desired survivor size 4456448 bytes, new threshold 6 (max threshold 6)
[2019-12-09T04:53:17.517+0000][1][gc,age       ] GC(54) Age table with threshold 6 (max threshold 6)
[2019-12-09T04:53:17.517+0000][1][gc,age       ] GC(54) - age   1:       3168 bytes,       3168 total
[2019-12-09T04:53:17.517+0000][1][gc,age       ] GC(54) - age   4:         88 bytes,       3256 total
[2019-12-09T04:53:17.517+0000][1][gc,age       ] GC(54) - age   5:        488 bytes,       3744 total
[2019-12-09T04:53:17.517+0000][1][gc,heap      ] GC(54) ParNew: 69959K->4K(78656K)
[2019-12-09T04:53:17.517+0000][1][gc,heap      ] GC(54) CMS: 69334K->69335K(174784K)
[2019-12-09T04:53:17.517+0000][1][gc,metaspace ] GC(54) Metaspace: 68449K->68449K(1112064K)
[2019-12-09T04:53:17.517+0000][1][gc           ] GC(54) Pause Young (Allocation Failure) 136M->67M(247M) 1.423ms
[2019-12-09T04:53:17.517+0000][1][gc,cpu       ] GC(54) User=0.00s Sys=0.00s Real=0.00s
[2019-12-09T04:53:17.517+0000][1][safepoint    ] Leaving safepoint region
[2019-12-09T04:53:17.517+0000][1][safepoint    ] Total time for which application threads were stopped: 0.0015597 seconds, Stopping threads took: 0.0000237 seconds
[2019-12-09T04:54:11.523+0000][1][safepoint    ] Application time: 54.0060210 seconds
[2019-12-09T04:54:11.523+0000][1][safepoint    ] Entering safepoint region: Cleanup
[2019-12-09T04:54:11.523+0000][1][safepoint    ] Leaving safepoint region
[2019-12-09T04:54:11.523+0000][1][safepoint    ] Total time for which application threads were stopped: 0.0000797 seconds, Stopping threads took: 0.0000244 seconds
[2019-12-09T04:55:17.557+0000][1][safepoint    ] Application time: 66.0340609 seconds
[2019-12-09T04:55:17.557+0000][1][safepoint    ] Entering safepoint region: GenCollectForAllocation
[2019-12-09T04:55:17.557+0000][1][gc,start     ] GC(55) Pause Young (Allocation Failure)
[2019-12-09T04:55:17.557+0000][1][gc,task      ] GC(55) Using 2 workers of 2 for evacuation
[2019-12-09T04:55:17.559+0000][1][gc,age       ] GC(55) Desired survivor size 4456448 bytes, new threshold 6 (max threshold 6)
[2019-12-09T04:55:17.559+0000][1][gc,age       ] GC(55) Age table with threshold 6 (max threshold 6)
[2019-12-09T04:55:17.559+0000][1][gc,age       ] GC(55) - age   1:       5664 bytes,       5664 total
[2019-12-09T04:55:17.559+0000][1][gc,age       ] GC(55) - age   5:         88 bytes,       5752 total
[2019-12-09T04:55:17.559+0000][1][gc,age       ] GC(55) - age   6:        488 bytes,       6240 total
[2019-12-09T04:55:17.559+0000][1][gc,heap      ] GC(55) ParNew: 69956K->8K(78656K)
[2019-12-09T04:55:17.559+0000][1][gc,heap      ] GC(55) CMS: 69335K->69335K(174784K)
[2019-12-09T04:55:17.559+0000][1][gc,metaspace ] GC(55) Metaspace: 68453K->68453K(1112064K)
[2019-12-09T04:55:17.559+0000][1][gc           ] GC(55) Pause Young (Allocation Failure) 136M->67M(247M) 1.398ms
[2019-12-09T04:55:17.559+0000][1][gc,cpu       ] GC(55) User=0.00s Sys=0.00s Real=0.00s
[2019-12-09T04:55:17.559+0000][1][safepoint    ] Leaving safepoint region
[2019-12-09T04:55:17.559+0000][1][safepoint    ] Total time for which application threads were stopped: 0.0015508 seconds, Stopping threads took: 0.0000233 seconds
[2019-12-09T04:56:58.565+0000][1][safepoint    ] Application time: 101.0065747 seconds
[2019-12-09T04:56:58.565+0000][1][safepoint    ] Entering safepoint region: Cleanup
[2019-12-09T04:56:58.565+0000][1][safepoint    ] Leaving safepoint region
[2019-12-09T04:56:58.565+0000][1][safepoint    ] Total time for which application threads were stopped: 0.0000780 seconds, Stopping threads took: 0.0000230 seconds
[2019-12-09T04:57:17.599+0000][1][safepoint    ] Application time: 19.0336418 seconds
[2019-12-09T04:57:17.599+0000][1][safepoint    ] Entering safepoint region: GenCollectForAllocation
[2019-12-09T04:57:17.599+0000][1][gc,start     ] GC(56) Pause Young (Allocation Failure)
[2019-12-09T04:57:17.599+0000][1][gc,task      ] GC(56) Using 2 workers of 2 for evacuation
[2019-12-09T04:57:17.601+0000][1][gc,age       ] GC(56) Desired survivor size 4456448 bytes, new threshold 6 (max threshold 6)
[2019-12-09T04:57:17.601+0000][1][gc,age       ] GC(56) Age table with threshold 6 (max threshold 6)
[2019-12-09T04:57:17.601+0000][1][gc,age       ] GC(56) - age   1:       4064 bytes,       4064 total
[2019-12-09T04:57:17.601+0000][1][gc,age       ] GC(56) - age   2:       1648 bytes,       5712 total
[2019-12-09T04:57:17.601+0000][1][gc,age       ] GC(56) - age   6:         88 bytes,       5800 total
[2019-12-09T04:57:17.601+0000][1][gc,heap      ] GC(56) ParNew: 69960K->8K(78656K)
[2019-12-09T04:57:17.601+0000][1][gc,heap      ] GC(56) CMS: 69335K->69335K(174784K)
[2019-12-09T04:57:17.601+0000][1][gc,metaspace ] GC(56) Metaspace: 68453K->68453K(1112064K)
[2019-12-09T04:57:17.601+0000][1][gc           ] GC(56) Pause Young (Allocation Failure) 136M->67M(247M) 1.436ms
[2019-12-09T04:57:17.601+0000][1][gc,cpu       ] GC(56) User=0.01s Sys=0.00s Real=0.00s
[2019-12-09T04:57:17.601+0000][1][safepoint    ] Leaving safepoint region
[2019-12-09T04:57:17.601+0000][1][safepoint    ] Total time for which application threads were stopped: 0.0015680 seconds, Stopping threads took: 0.0000162 seconds
[2019-12-09T04:57:49.603+0000][1][safepoint    ] Application time: 32.0021751 seconds
[2019-12-09T04:57:49.603+0000][1][safepoint    ] Entering safepoint region: Cleanup
[2019-12-09T04:57:49.603+0000][1][safepoint    ] Leaving safepoint region
[2019-12-09T04:57:49.603+0000][1][safepoint    ] Total time for which application threads were stopped: 0.0000693 seconds, Stopping threads took: 0.0000163 seconds
[2019-12-09T04:59:17.641+0000][1][safepoint    ] Application time: 88.0378154 seconds
[2019-12-09T04:59:17.641+0000][1][safepoint    ] Entering safepoint region: GenCollectForAllocation
[2019-12-09T04:59:17.641+0000][1][gc,start     ] GC(57) Pause Young (Allocation Failure)
[2019-12-09T04:59:17.641+0000][1][gc,task      ] GC(57) Using 2 workers of 2 for evacuation
[2019-12-09T04:59:17.642+0000][1][gc,age       ] GC(57) Desired survivor size 4456448 bytes, new threshold 6 (max threshold 6)
[2019-12-09T04:59:17.642+0000][1][gc,age       ] GC(57) Age table with threshold 6 (max threshold 6)
[2019-12-09T04:59:17.642+0000][1][gc,age       ] GC(57) - age   1:       4512 bytes,       4512 total
[2019-12-09T04:59:17.642+0000][1][gc,age       ] GC(57) - age   3:       1648 bytes,       6160 total
[2019-12-09T04:59:17.642+0000][1][gc,heap      ] GC(57) ParNew: 69960K->8K(78656K)
[2019-12-09T04:59:17.642+0000][1][gc,heap      ] GC(57) CMS: 69335K->69335K(174784K)
[2019-12-09T04:59:17.642+0000][1][gc,metaspace ] GC(57) Metaspace: 68453K->68453K(1112064K)
[2019-12-09T04:59:17.642+0000][1][gc           ] GC(57) Pause Young (Allocation Failure) 136M->67M(247M) 1.400ms
[2019-12-09T04:59:17.642+0000][1][gc,cpu       ] GC(57) User=0.00s Sys=0.00s Real=0.00s
[2019-12-09T04:59:17.642+0000][1][safepoint    ] Leaving safepoint region
[2019-12-09T04:59:17.642+0000][1][safepoint    ] Total time for which application threads were stopped: 0.0015415 seconds, Stopping threads took: 0.0000235 seconds
[2019-12-09T04:59:48.644+0000][1][safepoint    ] Application time: 31.0020857 seconds
[2019-12-09T04:59:48.644+0000][1][safepoint    ] Entering safepoint region: Cleanup
[2019-12-09T04:59:48.645+0000][1][safepoint    ] Leaving safepoint region
[2019-12-09T04:59:48.645+0000][1][safepoint    ] Total time for which application threads were stopped: 0.0000721 seconds, Stopping threads took: 0.0000172 seconds
[2019-12-09T05:00:14.646+0000][1][safepoint    ] Application time: 26.0017471 seconds
[2019-12-09T05:00:14.646+0000][1][safepoint    ] Entering safepoint region: Cleanup
[2019-12-09T05:00:14.646+0000][1][safepoint    ] Leaving safepoint region
[2019-12-09T05:00:14.646+0000][1][safepoint    ] Total time for which application threads were stopped: 0.0000756 seconds, Stopping threads took: 0.0000238 seconds
[2019-12-09T05:01:17.682+0000][1][safepoint    ] Application time: 63.0360342 seconds
[2019-12-09T05:01:17.682+0000][1][safepoint    ] Entering safepoint region: GenCollectForAllocation
[2019-12-09T05:01:17.683+0000][1][gc,start     ] GC(58) Pause Young (Allocation Failure)
[2019-12-09T05:01:17.683+0000][1][gc,task      ] GC(58) Using 2 workers of 2 for evacuation
[2019-12-09T05:01:17.684+0000][1][gc,age       ] GC(58) Desired survivor size 4456448 bytes, new threshold 6 (max threshold 6)
[2019-12-09T05:01:17.684+0000][1][gc,age       ] GC(58) Age table with threshold 6 (max threshold 6)
[2019-12-09T05:01:17.684+0000][1][gc,age       ] GC(58) - age   1:      20464 bytes,      20464 total
[2019-12-09T05:01:17.684+0000][1][gc,age       ] GC(58) - age   2:        456 bytes,      20920 total
[2019-12-09T05:01:17.684+0000][1][gc,age       ] GC(58) - age   4:       1648 bytes,      22568 total
[2019-12-09T05:01:17.684+0000][1][gc,heap      ] GC(58) ParNew: 69960K->24K(78656K)
[2019-12-09T05:01:17.684+0000][1][gc,heap      ] GC(58) CMS: 69335K->69335K(174784K)
[2019-12-09T05:01:17.684+0000][1][gc,metaspace ] GC(58) Metaspace: 68453K->68453K(1112064K)
[2019-12-09T05:01:17.684+0000][1][gc           ] GC(58) Pause Young (Allocation Failure) 136M->67M(247M) 1.377ms
[2019-12-09T05:01:17.684+0000][1][gc,cpu       ] GC(58) User=0.00s Sys=0.00s Real=0.00s
[2019-12-09T05:01:17.684+0000][1][safepoint    ] Leaving safepoint region
[2019-12-09T05:01:17.684+0000][1][safepoint    ] Total time for which application threads were stopped: 0.0015206 seconds, Stopping threads took: 0.0000238 seconds
[2019-12-09T05:02:45.690+0000][1][safepoint    ] Application time: 88.0058249 seconds
[2019-12-09T05:02:45.690+0000][1][safepoint    ] Entering safepoint region: Cleanup
[2019-12-09T05:02:45.690+0000][1][safepoint    ] Leaving safepoint region
[2019-12-09T05:02:45.690+0000][1][safepoint    ] Total time for which application threads were stopped: 0.0000800 seconds, Stopping threads took: 0.0000259 seconds
[2019-12-09T05:02:54.691+0000][1][safepoint    ] Application time: 9.0006000 seconds
[2019-12-09T05:02:54.691+0000][1][safepoint    ] Entering safepoint region: Cleanup
[2019-12-09T05:02:54.691+0000][1][safepoint    ] Leaving safepoint region
[2019-12-09T05:02:54.691+0000][1][safepoint    ] Total time for which application threads were stopped: 0.0000660 seconds, Stopping threads took: 0.0000167 seconds
[2019-12-09T05:02:55.691+0000][1][safepoint    ] Application time: 1.0000746 seconds
[2019-12-09T05:02:55.691+0000][1][safepoint    ] Entering safepoint region: Cleanup
[2019-12-09T05:02:55.691+0000][1][safepoint    ] Leaving safepoint region
[2019-12-09T05:02:55.691+0000][1][safepoint    ] Total time for which application threads were stopped: 0.0000638 seconds, Stopping threads took: 0.0000167 seconds
[2019-12-09T05:02:56.691+0000][1][safepoint    ] Application time: 1.0000755 seconds
[2019-12-09T05:02:56.691+0000][1][safepoint    ] Entering safepoint region: Cleanup
[2019-12-09T05:02:56.691+0000][1][safepoint    ] Leaving safepoint region
[2019-12-09T05:02:56.691+0000][1][safepoint    ] Total time for which application threads were stopped: 0.0000652 seconds, Stopping threads took: 0.0000168 seconds
[2019-12-09T05:02:57.691+0000][1][safepoint    ] Application time: 1.0000750 seconds
[2019-12-09T05:02:57.691+0000][1][safepoint    ] Entering safepoint region: Cleanup
[2019-12-09T05:02:57.691+0000][1][safepoint    ] Leaving safepoint region
[2019-12-09T05:02:57.691+0000][1][safepoint    ] Total time for which application threads were stopped: 0.0000622 seconds, Stopping threads took: 0.0000153 seconds
[2019-12-09T05:02:58.691+0000][1][safepoint    ] Application time: 1.0000754 seconds
[2019-12-09T05:02:58.691+0000][1][safepoint    ] Entering safepoint region: Cleanup
[2019-12-09T05:02:58.691+0000][1][safepoint    ] Leaving safepoint region
[2019-12-09T05:02:58.691+0000][1][safepoint    ] Total time for which application threads were stopped: 0.0000608 seconds, Stopping threads took: 0.0000158 seconds
[2019-12-09T05:02:59.691+0000][1][safepoint    ] Application time: 1.0000758 seconds
[2019-12-09T05:02:59.691+0000][1][safepoint    ] Entering safepoint region: Cleanup
[2019-12-09T05:02:59.692+0000][1][safepoint    ] Leaving safepoint region
[2019-12-09T05:02:59.692+0000][1][safepoint    ] Total time for which application threads were stopped: 0.0000626 seconds, Stopping threads took: 0.0000155 seconds
[2019-12-09T05:03:00.692+0000][1][safepoint    ] Application time: 1.0000762 seconds
[2019-12-09T05:03:00.692+0000][1][safepoint    ] Entering safepoint region: Cleanup
[2019-12-09T05:03:00.692+0000][1][safepoint    ] Leaving safepoint region
[2019-12-09T05:03:00.692+0000][1][safepoint    ] Total time for which application threads were stopped: 0.0000757 seconds, Stopping threads took: 0.0000163 seconds
[2019-12-09T05:03:01.692+0000][1][safepoint    ] Application time: 1.0000786 seconds
[2019-12-09T05:03:01.692+0000][1][safepoint    ] Entering safepoint region: Cleanup
[2019-12-09T05:03:01.692+0000][1][safepoint    ] Leaving safepoint region
[2019-12-09T05:03:01.692+0000][1][safepoint    ] Total time for which application threads were stopped: 0.0000701 seconds, Stopping threads took: 0.0000175 seconds
[2019-12-09T05:03:02.692+0000][1][safepoint    ] Application time: 1.0000782 seconds
[2019-12-09T05:03:02.692+0000][1][safepoint    ] Entering safepoint region: Cleanup
[2019-12-09T05:03:02.692+0000][1][safepoint    ] Leaving safepoint region
[2019-12-09T05:03:02.692+0000][1][safepoint    ] Total time for which application threads were stopped: 0.0000650 seconds, Stopping threads took: 0.0000162 seconds
[2019-12-09T05:03:03.692+0000][1][safepoint    ] Application time: 1.0000781 seconds
[2019-12-09T05:03:03.692+0000][1][safepoint    ] Entering safepoint region: Cleanup
[2019-12-09T05:03:03.692+0000][1][safepoint    ] Leaving safepoint region
[2019-12-09T05:03:03.692+0000][1][safepoint    ] Total time for which application threads were stopped: 0.0000639 seconds, Stopping threads took: 0.0000155 seconds
[2019-12-09T05:03:04.692+0000][1][safepoint    ] Application time: 1.0000776 seconds
[2019-12-09T05:03:04.692+0000][1][safepoint    ] Entering safepoint region: Cleanup
[2019-12-09T05:03:04.692+0000][1][safepoint    ] Leaving safepoint region
[2019-12-09T05:03:04.692+0000][1][safepoint    ] Total time for which application threads were stopped: 0.0000650 seconds, Stopping threads took: 0.0000166 seconds
[2019-12-09T05:03:05.693+0000][1][safepoint    ] Application time: 1.0000759 seconds
[2019-12-09T05:03:05.693+0000][1][safepoint    ] Entering safepoint region: Cleanup
[2019-12-09T05:03:05.693+0000][1][safepoint    ] Leaving safepoint region
[2019-12-09T05:03:05.693+0000][1][safepoint    ] Total time for which application threads were stopped: 0.0000660 seconds, Stopping threads took: 0.0000167 seconds
[2019-12-09T05:03:06.693+0000][1][safepoint    ] Application time: 1.0000768 seconds
[2019-12-09T05:03:06.693+0000][1][safepoint    ] Entering safepoint region: Cleanup
[2019-12-09T05:03:06.693+0000][1][safepoint    ] Leaving safepoint region
[2019-12-09T05:03:06.693+0000][1][safepoint    ] Total time for which application threads were stopped: 0.0000648 seconds, Stopping threads took: 0.0000172 seconds
[2019-12-09T05:03:07.693+0000][1][safepoint    ] Application time: 1.0000775 seconds
[2019-12-09T05:03:07.693+0000][1][safepoint    ] Entering safepoint region: Cleanup
[2019-12-09T05:03:07.693+0000][1][safepoint    ] Leaving safepoint region
[2019-12-09T05:03:07.693+0000][1][safepoint    ] Total time for which application threads were stopped: 0.0000647 seconds, Stopping threads took: 0.0000160 seconds
[2019-12-09T05:03:08.693+0000][1][safepoint    ] Application time: 1.0000763 seconds
[2019-12-09T05:03:08.693+0000][1][safepoint    ] Entering safepoint region: Cleanup
[2019-12-09T05:03:08.693+0000][1][safepoint    ] Leaving safepoint region
[2019-12-09T05:03:08.693+0000][1][safepoint    ] Total time for which application threads were stopped: 0.0000601 seconds, Stopping threads took: 0.0000150 seconds
[2019-12-09T05:03:09.693+0000][1][safepoint    ] Application time: 1.0000770 seconds
[2019-12-09T05:03:09.693+0000][1][safepoint    ] Entering safepoint region: Cleanup
[2019-12-09T05:03:09.693+0000][1][safepoint    ] Leaving safepoint region
[2019-12-09T05:03:09.693+0000][1][safepoint    ] Total time for which application threads were stopped: 0.0000644 seconds, Stopping threads took: 0.0000160 seconds
[2019-12-09T05:03:10.693+0000][1][safepoint    ] Application time: 1.0000757 seconds
[2019-12-09T05:03:10.693+0000][1][safepoint    ] Entering safepoint region: Cleanup
[2019-12-09T05:03:10.694+0000][1][safepoint    ] Leaving safepoint region
[2019-12-09T05:03:10.694+0000][1][safepoint    ] Total time for which application threads were stopped: 0.0000653 seconds, Stopping threads took: 0.0000169 seconds
[2019-12-09T05:03:11.694+0000][1][safepoint    ] Application time: 1.0000753 seconds
[2019-12-09T05:03:11.694+0000][1][safepoint    ] Entering safepoint region: Cleanup
[2019-12-09T05:03:11.694+0000][1][safepoint    ] Leaving safepoint region
[2019-12-09T05:03:11.694+0000][1][safepoint    ] Total time for which application threads were stopped: 0.0000792 seconds, Stopping threads took: 0.0000162 seconds
[2019-12-09T05:03:12.694+0000][1][safepoint    ] Application time: 1.0000767 seconds
[2019-12-09T05:03:12.694+0000][1][safepoint    ] Entering safepoint region: Cleanup
[2019-12-09T05:03:12.694+0000][1][safepoint    ] Leaving safepoint region
[2019-12-09T05:03:12.694+0000][1][safepoint    ] Total time for which application threads were stopped: 0.0000726 seconds, Stopping threads took: 0.0000231 seconds
[2019-12-09T05:03:13.694+0000][1][safepoint    ] Application time: 1.0000760 seconds
[2019-12-09T05:03:13.694+0000][1][safepoint    ] Entering safepoint region: Cleanup
[2019-12-09T05:03:13.694+0000][1][safepoint    ] Leaving safepoint region
[2019-12-09T05:03:13.694+0000][1][safepoint    ] Total time for which application threads were stopped: 0.0000670 seconds, Stopping threads took: 0.0000166 seconds
[2019-12-09T05:03:14.694+0000][1][safepoint    ] Application time: 1.0000762 seconds
[2019-12-09T05:03:14.694+0000][1][safepoint    ] Entering safepoint region: Cleanup
[2019-12-09T05:03:14.694+0000][1][safepoint    ] Leaving safepoint region
[2019-12-09T05:03:14.694+0000][1][safepoint    ] Total time for which application threads were stopped: 0.0000639 seconds, Stopping threads took: 0.0000160 seconds
[2019-12-09T05:03:15.694+0000][1][safepoint    ] Application time: 1.0000767 seconds
[2019-12-09T05:03:15.694+0000][1][safepoint    ] Entering safepoint region: Cleanup
[2019-12-09T05:03:15.694+0000][1][safepoint    ] Leaving safepoint region
[2019-12-09T05:03:15.694+0000][1][safepoint    ] Total time for which application threads were stopped: 0.0000653 seconds, Stopping threads took: 0.0000168 seconds
[2019-12-09T05:03:16.695+0000][1][safepoint    ] Application time: 1.0000796 seconds
[2019-12-09T05:03:16.695+0000][1][safepoint    ] Entering safepoint region: Cleanup
[2019-12-09T05:03:16.695+0000][1][safepoint    ] Leaving safepoint region
[2019-12-09T05:03:16.695+0000][1][safepoint    ] Total time for which application threads were stopped: 0.0000644 seconds, Stopping threads took: 0.0000167 seconds
[2019-12-09T05:03:17.695+0000][1][safepoint    ] Application time: 1.0000750 seconds
[2019-12-09T05:03:17.695+0000][1][safepoint    ] Entering safepoint region: Cleanup
[2019-12-09T05:03:17.695+0000][1][safepoint    ] Leaving safepoint region
[2019-12-09T05:03:17.695+0000][1][safepoint    ] Total time for which application threads were stopped: 0.0000642 seconds, Stopping threads took: 0.0000173 seconds
[2019-12-09T05:03:17.724+0000][1][safepoint    ] Application time: 0.0293664 seconds
[2019-12-09T05:03:17.724+0000][1][safepoint    ] Entering safepoint region: GenCollectForAllocation
[2019-12-09T05:03:17.724+0000][1][gc,start     ] GC(59) Pause Young (Allocation Failure)
[2019-12-09T05:03:17.724+0000][1][gc,task      ] GC(59) Using 2 workers of 2 for evacuation
[2019-12-09T05:03:17.726+0000][1][gc,age       ] GC(59) Desired survivor size 4456448 bytes, new threshold 6 (max threshold 6)
[2019-12-09T05:03:17.726+0000][1][gc,age       ] GC(59) Age table with threshold 6 (max threshold 6)
[2019-12-09T05:03:17.726+0000][1][gc,age       ] GC(59) - age   1:       4024 bytes,       4024 total
[2019-12-09T05:03:17.726+0000][1][gc,age       ] GC(59) - age   2:      16400 bytes,      20424 total
[2019-12-09T05:03:17.726+0000][1][gc,age       ] GC(59) - age   3:        456 bytes,      20880 total
[2019-12-09T05:03:17.726+0000][1][gc,age       ] GC(59) - age   5:       1648 bytes,      22528 total
[2019-12-09T05:03:17.726+0000][1][gc,heap      ] GC(59) ParNew: 69976K->24K(78656K)
[2019-12-09T05:03:17.726+0000][1][gc,heap      ] GC(59) CMS: 69335K->69335K(174784K)
[2019-12-09T05:03:17.726+0000][1][gc,metaspace ] GC(59) Metaspace: 68453K->68453K(1112064K)
[2019-12-09T05:03:17.726+0000][1][gc           ] GC(59) Pause Young (Allocation Failure) 136M->67M(247M) 1.401ms
[2019-12-09T05:03:17.726+0000][1][gc,cpu       ] GC(59) User=0.00s Sys=0.00s Real=0.01s
[2019-12-09T05:03:17.726+0000][1][safepoint    ] Leaving safepoint region
[2019-12-09T05:03:17.726+0000][1][safepoint    ] Total time for which application threads were stopped: 0.0015300 seconds, Stopping threads took: 0.0000134 seconds
[2019-12-09T05:03:18.726+0000][1][safepoint    ] Application time: 1.0000825 seconds
[2019-12-09T05:03:18.726+0000][1][safepoint    ] Entering safepoint region: Cleanup
[2019-12-09T05:03:18.726+0000][1][safepoint    ] Leaving safepoint region
[2019-12-09T05:03:18.726+0000][1][safepoint    ] Total time for which application threads were stopped: 0.0000664 seconds, Stopping threads took: 0.0000170 seconds
[2019-12-09T05:03:19.726+0000][1][safepoint    ] Application time: 1.0000769 seconds
[2019-12-09T05:03:19.726+0000][1][safepoint    ] Entering safepoint region: Cleanup
[2019-12-09T05:03:19.726+0000][1][safepoint    ] Leaving safepoint region
[2019-12-09T05:03:19.726+0000][1][safepoint    ] Total time for which application threads were stopped: 0.0000686 seconds, Stopping threads took: 0.0000175 seconds
[2019-12-09T05:03:20.726+0000][1][safepoint    ] Application time: 1.0000732 seconds
[2019-12-09T05:03:20.726+0000][1][safepoint    ] Entering safepoint region: Cleanup
[2019-12-09T05:03:20.726+0000][1][safepoint    ] Leaving safepoint region
[2019-12-09T05:03:20.726+0000][1][safepoint    ] Total time for which application threads were stopped: 0.0000685 seconds, Stopping threads took: 0.0000163 seconds
[2019-12-09T05:03:21.726+0000][1][safepoint    ] Application time: 1.0000734 seconds
[2019-12-09T05:03:21.726+0000][1][safepoint    ] Entering safepoint region: Cleanup
[2019-12-09T05:03:21.726+0000][1][safepoint    ] Leaving safepoint region
[2019-12-09T05:03:21.726+0000][1][safepoint    ] Total time for which application threads were stopped: 0.0000661 seconds, Stopping threads took: 0.0000167 seconds
[2019-12-09T05:03:22.727+0000][1][safepoint    ] Application time: 1.0000762 seconds
[2019-12-09T05:03:22.727+0000][1][safepoint    ] Entering safepoint region: Cleanup
[2019-12-09T05:03:22.727+0000][1][safepoint    ] Leaving safepoint region
[2019-12-09T05:03:22.727+0000][1][safepoint    ] Total time for which application threads were stopped: 0.0000879 seconds, Stopping threads took: 0.0000177 seconds
[2019-12-09T05:03:23.727+0000][1][safepoint    ] Application time: 1.0000809 seconds
[2019-12-09T05:03:23.727+0000][1][safepoint    ] Entering safepoint region: Cleanup
[2019-12-09T05:03:23.727+0000][1][safepoint    ] Leaving safepoint region
[2019-12-09T05:03:23.727+0000][1][safepoint    ] Total time for which application threads were stopped: 0.0000640 seconds, Stopping threads took: 0.0000158 seconds
[2019-12-09T05:03:24.727+0000][1][safepoint    ] Application time: 1.0000752 seconds
[2019-12-09T05:03:24.727+0000][1][safepoint    ] Entering safepoint region: Cleanup
[2019-12-09T05:03:24.727+0000][1][safepoint    ] Leaving safepoint region
[2019-12-09T05:03:24.727+0000][1][safepoint    ] Total time for which application threads were stopped: 0.0000651 seconds, Stopping threads took: 0.0000167 seconds
[2019-12-09T05:03:25.727+0000][1][safepoint    ] Application time: 1.0000747 seconds
[2019-12-09T05:03:25.727+0000][1][safepoint    ] Entering safepoint region: Cleanup
[2019-12-09T05:03:25.727+0000][1][safepoint    ] Leaving safepoint region
[2019-12-09T05:03:25.727+0000][1][safepoint    ] Total time for which application threads were stopped: 0.0000688 seconds, Stopping threads took: 0.0000179 seconds
[2019-12-09T05:03:26.727+0000][1][safepoint    ] Application time: 1.0000759 seconds
[2019-12-09T05:03:26.727+0000][1][safepoint    ] Entering safepoint region: Cleanup
[2019-12-09T05:03:26.727+0000][1][safepoint    ] Leaving safepoint region
[2019-12-09T05:03:26.727+0000][1][safepoint    ] Total time for which application threads were stopped: 0.0000669 seconds, Stopping threads took: 0.0000168 seconds
[2019-12-09T05:03:27.728+0000][1][safepoint    ] Application time: 1.0000752 seconds
[2019-12-09T05:03:27.728+0000][1][safepoint    ] Entering safepoint region: Cleanup
[2019-12-09T05:03:27.728+0000][1][safepoint    ] Leaving safepoint region
[2019-12-09T05:03:27.728+0000][1][safepoint    ] Total time for which application threads were stopped: 0.0000688 seconds, Stopping threads took: 0.0000177 seconds
[2019-12-09T05:03:28.728+0000][1][safepoint    ] Application time: 1.0000750 seconds
[2019-12-09T05:03:28.728+0000][1][safepoint    ] Entering safepoint region: Cleanup
[2019-12-09T05:03:28.728+0000][1][safepoint    ] Leaving safepoint region
[2019-12-09T05:03:28.728+0000][1][safepoint    ] Total time for which application threads were stopped: 0.0000762 seconds, Stopping threads took: 0.0000163 seconds
[2019-12-09T05:03:29.728+0000][1][safepoint    ] Application time: 1.0000751 seconds
[2019-12-09T05:03:29.728+0000][1][safepoint    ] Entering safepoint region: Cleanup
[2019-12-09T05:03:29.728+0000][1][safepoint    ] Leaving safepoint region
[2019-12-09T05:03:29.728+0000][1][safepoint    ] Total time for which application threads were stopped: 0.0000669 seconds, Stopping threads took: 0.0000181 seconds
[2019-12-09T05:03:30.728+0000][1][safepoint    ] Application time: 1.0000761 seconds
[2019-12-09T05:03:30.728+0000][1][safepoint    ] Entering safepoint region: Cleanup
[2019-12-09T05:03:30.728+0000][1][safepoint    ] Leaving safepoint region
[2019-12-09T05:03:30.728+0000][1][safepoint    ] Total time for which application threads were stopped: 0.0000660 seconds, Stopping threads took: 0.0000158 seconds
[2019-12-09T05:03:31.728+0000][1][safepoint    ] Application time: 1.0000730 seconds
[2019-12-09T05:03:31.728+0000][1][safepoint    ] Entering safepoint region: Cleanup
[2019-12-09T05:03:31.728+0000][1][safepoint    ] Leaving safepoint region
[2019-12-09T05:03:31.728+0000][1][safepoint    ] Total time for which application threads were stopped: 0.0000815 seconds, Stopping threads took: 0.0000319 seconds
[2019-12-09T05:03:32.728+0000][1][safepoint    ] Application time: 1.0000761 seconds
[2019-12-09T05:03:32.729+0000][1][safepoint    ] Entering safepoint region: Cleanup
[2019-12-09T05:03:32.729+0000][1][safepoint    ] Leaving safepoint region
[2019-12-09T05:03:32.729+0000][1][safepoint    ] Total time for which application threads were stopped: 0.0000676 seconds, Stopping threads took: 0.0000168 seconds
[2019-12-09T05:03:33.729+0000][1][safepoint    ] Application time: 1.0000757 seconds
[2019-12-09T05:03:33.729+0000][1][safepoint    ] Entering safepoint region: Cleanup
[2019-12-09T05:03:33.729+0000][1][safepoint    ] Leaving safepoint region
[2019-12-09T05:03:33.729+0000][1][safepoint    ] Total time for which application threads were stopped: 0.0000675 seconds, Stopping threads took: 0.0000177 seconds
[2019-12-09T05:03:34.729+0000][1][safepoint    ] Application time: 1.0000761 seconds
[2019-12-09T05:03:34.729+0000][1][safepoint    ] Entering safepoint region: Cleanup
[2019-12-09T05:03:34.729+0000][1][safepoint    ] Leaving safepoint region
[2019-12-09T05:03:34.729+0000][1][safepoint    ] Total time for which application threads were stopped: 0.0000682 seconds, Stopping threads took: 0.0000181 seconds
[2019-12-09T05:03:35.729+0000][1][safepoint    ] Application time: 1.0000749 seconds
[2019-12-09T05:03:35.729+0000][1][safepoint    ] Entering safepoint region: Cleanup
[2019-12-09T05:03:35.729+0000][1][safepoint    ] Leaving safepoint region
[2019-12-09T05:03:35.729+0000][1][safepoint    ] Total time for which application threads were stopped: 0.0000706 seconds, Stopping threads took: 0.0000209 seconds
[2019-12-09T05:03:36.729+0000][1][safepoint    ] Application time: 1.0000733 seconds
[2019-12-09T05:03:36.729+0000][1][safepoint    ] Entering safepoint region: Cleanup
[2019-12-09T05:03:36.729+0000][1][safepoint    ] Leaving safepoint region
[2019-12-09T05:03:36.729+0000][1][safepoint    ] Total time for which application threads were stopped: 0.0000673 seconds, Stopping threads took: 0.0000174 seconds
[2019-12-09T05:03:37.729+0000][1][safepoint    ] Application time: 1.0000760 seconds
[2019-12-09T05:03:37.729+0000][1][safepoint    ] Entering safepoint region: Cleanup
[2019-12-09T05:03:37.730+0000][1][safepoint    ] Leaving safepoint region
[2019-12-09T05:03:37.730+0000][1][safepoint    ] Total time for which application threads were stopped: 0.0000672 seconds, Stopping threads took: 0.0000166 seconds
[2019-12-09T05:03:38.730+0000][1][safepoint    ] Application time: 1.0000765 seconds
[2019-12-09T05:03:38.730+0000][1][safepoint    ] Entering safepoint region: Cleanup
[2019-12-09T05:03:38.730+0000][1][safepoint    ] Leaving safepoint region
[2019-12-09T05:03:38.730+0000][1][safepoint    ] Total time for which application threads were stopped: 0.0000789 seconds, Stopping threads took: 0.0000173 seconds
[2019-12-09T05:03:39.730+0000][1][safepoint    ] Application time: 1.0000756 seconds
[2019-12-09T05:03:39.730+0000][1][safepoint    ] Entering safepoint region: Cleanup
[2019-12-09T05:03:39.730+0000][1][safepoint    ] Leaving safepoint region
[2019-12-09T05:03:39.730+0000][1][safepoint    ] Total time for which application threads were stopped: 0.0000649 seconds, Stopping threads took: 0.0000166 seconds
[2019-12-09T05:03:40.730+0000][1][safepoint    ] Application time: 1.0000760 seconds
[2019-12-09T05:03:40.730+0000][1][safepoint    ] Entering safepoint region: Cleanup
[2019-12-09T05:03:40.730+0000][1][safepoint    ] Leaving safepoint region
[2019-12-09T05:03:40.730+0000][1][safepoint    ] Total time for which application threads were stopped: 0.0000681 seconds, Stopping threads took: 0.0000170 seconds
[2019-12-09T05:03:41.730+0000][1][safepoint    ] Application time: 1.0000755 seconds
[2019-12-09T05:03:41.730+0000][1][safepoint    ] Entering safepoint region: Cleanup
[2019-12-09T05:03:41.730+0000][1][safepoint    ] Leaving safepoint region
[2019-12-09T05:03:41.730+0000][1][safepoint    ] Total time for which application threads were stopped: 0.0000669 seconds, Stopping threads took: 0.0000168 seconds
[2019-12-09T05:03:42.730+0000][1][safepoint    ] Application time: 1.0000756 seconds
[2019-12-09T05:03:42.730+0000][1][safepoint    ] Entering safepoint region: Cleanup
[2019-12-09T05:03:42.730+0000][1][safepoint    ] Leaving safepoint region
[2019-12-09T05:03:42.730+0000][1][safepoint    ] Total time for which application threads were stopped: 0.0000767 seconds, Stopping threads took: 0.0000260 seconds
[2019-12-09T05:03:43.731+0000][1][safepoint    ] Application time: 1.0000778 seconds
[2019-12-09T05:03:43.731+0000][1][safepoint    ] Entering safepoint region: Cleanup
[2019-12-09T05:03:43.731+0000][1][safepoint    ] Leaving safepoint region
[2019-12-09T05:03:43.731+0000][1][safepoint    ] Total time for which application threads were stopped: 0.0000682 seconds, Stopping threads took: 0.0000173 seconds
[2019-12-09T05:03:44.731+0000][1][safepoint    ] Application time: 1.0000751 seconds
[2019-12-09T05:03:44.731+0000][1][safepoint    ] Entering safepoint region: Cleanup
[2019-12-09T05:03:44.731+0000][1][safepoint    ] Leaving safepoint region
[2019-12-09T05:03:44.731+0000][1][safepoint    ] Total time for which application threads were stopped: 0.0000657 seconds, Stopping threads took: 0.0000163 seconds
[2019-12-09T05:03:45.731+0000][1][safepoint    ] Application time: 1.0000749 seconds
[2019-12-09T05:03:45.731+0000][1][safepoint    ] Entering safepoint region: Cleanup
[2019-12-09T05:03:45.731+0000][1][safepoint    ] Leaving safepoint region
[2019-12-09T05:03:45.731+0000][1][safepoint    ] Total time for which application threads were stopped: 0.0000656 seconds, Stopping threads took: 0.0000170 seconds
[2019-12-09T05:03:46.731+0000][1][safepoint    ] Application time: 1.0000753 seconds
[2019-12-09T05:03:46.731+0000][1][safepoint    ] Entering safepoint region: Cleanup
[2019-12-09T05:03:46.731+0000][1][safepoint    ] Leaving safepoint region
[2019-12-09T05:03:46.731+0000][1][safepoint    ] Total time for which application threads were stopped: 0.0000667 seconds, Stopping threads took: 0.0000176 seconds
[2019-12-09T05:03:47.731+0000][1][safepoint    ] Application time: 1.0000774 seconds
[2019-12-09T05:03:47.731+0000][1][safepoint    ] Entering safepoint region: Cleanup
[2019-12-09T05:03:47.731+0000][1][safepoint    ] Leaving safepoint region
[2019-12-09T05:03:47.731+0000][1][safepoint    ] Total time for which application threads were stopped: 0.0000682 seconds, Stopping threads took: 0.0000172 seconds
[2019-12-09T05:03:48.731+0000][1][safepoint    ] Application time: 1.0000768 seconds
[2019-12-09T05:03:48.732+0000][1][safepoint    ] Entering safepoint region: Cleanup
[2019-12-09T05:03:48.732+0000][1][safepoint    ] Leaving safepoint region
[2019-12-09T05:03:48.732+0000][1][safepoint    ] Total time for which application threads were stopped: 0.0000674 seconds, Stopping threads took: 0.0000188 seconds
[2019-12-09T05:03:49.732+0000][1][safepoint    ] Application time: 1.0000754 seconds
[2019-12-09T05:03:49.732+0000][1][safepoint    ] Entering safepoint region: Cleanup
[2019-12-09T05:03:49.732+0000][1][safepoint    ] Leaving safepoint region
[2019-12-09T05:03:49.732+0000][1][safepoint    ] Total time for which application threads were stopped: 0.0000677 seconds, Stopping threads took: 0.0000179 seconds
[2019-12-09T05:03:50.732+0000][1][safepoint    ] Application time: 1.0000743 seconds
[2019-12-09T05:03:50.732+0000][1][safepoint    ] Entering safepoint region: Cleanup
[2019-12-09T05:03:50.732+0000][1][safepoint    ] Leaving safepoint region
[2019-12-09T05:03:50.732+0000][1][safepoint    ] Total time for which application threads were stopped: 0.0000684 seconds, Stopping threads took: 0.0000182 seconds
[2019-12-09T05:03:51.732+0000][1][safepoint    ] Application time: 1.0000754 seconds
[2019-12-09T05:03:51.732+0000][1][safepoint    ] Entering safepoint region: Cleanup
[2019-12-09T05:03:51.732+0000][1][safepoint    ] Leaving safepoint region
[2019-12-09T05:03:51.732+0000][1][safepoint    ] Total time for which application threads were stopped: 0.0000699 seconds, Stopping threads took: 0.0000170 seconds
[2019-12-09T05:03:52.732+0000][1][safepoint    ] Application time: 1.0000746 seconds
[2019-12-09T05:03:52.732+0000][1][safepoint    ] Entering safepoint region: Cleanup
[2019-12-09T05:03:52.732+0000][1][safepoint    ] Leaving safepoint region
[2019-12-09T05:03:52.732+0000][1][safepoint    ] Total time for which application threads were stopped: 0.0000675 seconds, Stopping threads took: 0.0000170 seconds
[2019-12-09T05:03:53.732+0000][1][safepoint    ] Application time: 1.0000749 seconds
[2019-12-09T05:03:53.732+0000][1][safepoint    ] Entering safepoint region: Cleanup
[2019-12-09T05:03:53.733+0000][1][safepoint    ] Leaving safepoint region
[2019-12-09T05:03:53.733+0000][1][safepoint    ] Total time for which application threads were stopped: 0.0000686 seconds, Stopping threads took: 0.0000194 seconds
[2019-12-09T05:03:54.733+0000][1][safepoint    ] Application time: 1.0000753 seconds
[2019-12-09T05:03:54.733+0000][1][safepoint    ] Entering safepoint region: Cleanup
[2019-12-09T05:03:54.733+0000][1][safepoint    ] Leaving safepoint region
[2019-12-09T05:03:54.733+0000][1][safepoint    ] Total time for which application threads were stopped: 0.0000780 seconds, Stopping threads took: 0.0000165 seconds
[2019-12-09T05:03:55.733+0000][1][safepoint    ] Application time: 1.0000738 seconds
[2019-12-09T05:03:55.733+0000][1][safepoint    ] Entering safepoint region: Cleanup
[2019-12-09T05:03:55.733+0000][1][safepoint    ] Leaving safepoint region
[2019-12-09T05:03:55.733+0000][1][safepoint    ] Total time for which application threads were stopped: 0.0000672 seconds, Stopping threads took: 0.0000170 seconds
[2019-12-09T05:03:56.733+0000][1][safepoint    ] Application time: 1.0000757 seconds
[2019-12-09T05:03:56.733+0000][1][safepoint    ] Entering safepoint region: Cleanup
[2019-12-09T05:03:56.733+0000][1][safepoint    ] Leaving safepoint region
[2019-12-09T05:03:56.733+0000][1][safepoint    ] Total time for which application threads were stopped: 0.0000806 seconds, Stopping threads took: 0.0000281 seconds
[2019-12-09T05:03:58.644+0000][1][safepoint    ] Application time: 1.9107923 seconds
[2019-12-09T05:03:58.644+0000][1][safepoint    ] Entering safepoint region: Cleanup
[2019-12-09T05:03:58.644+0000][1][safepoint    ] Leaving safepoint region
[2019-12-09T05:03:58.644+0000][1][safepoint    ] Total time for which application threads were stopped: 0.0000735 seconds, Stopping threads took: 0.0000147 seconds
[2019-12-09T05:03:59.644+0000][1][safepoint    ] Application time: 1.0000764 seconds
[2019-12-09T05:03:59.644+0000][1][safepoint    ] Entering safepoint region: Cleanup
[2019-12-09T05:03:59.644+0000][1][safepoint    ] Leaving safepoint region
[2019-12-09T05:03:59.644+0000][1][safepoint    ] Total time for which application threads were stopped: 0.0000670 seconds, Stopping threads took: 0.0000171 seconds
[2019-12-09T05:04:00.644+0000][1][safepoint    ] Application time: 1.0000749 seconds
[2019-12-09T05:04:00.644+0000][1][safepoint    ] Entering safepoint region: Cleanup
[2019-12-09T05:04:00.644+0000][1][safepoint    ] Leaving safepoint region
[2019-12-09T05:04:00.644+0000][1][safepoint    ] Total time for which application threads were stopped: 0.0000664 seconds, Stopping threads took: 0.0000164 seconds
[2019-12-09T05:04:01.645+0000][1][safepoint    ] Application time: 1.0003629 seconds
[2019-12-09T05:04:01.645+0000][1][safepoint    ] Entering safepoint region: Cleanup
[2019-12-09T05:04:01.645+0000][1][safepoint    ] Leaving safepoint region
[2019-12-09T05:04:01.645+0000][1][safepoint    ] Total time for which application threads were stopped: 0.0000872 seconds, Stopping threads took: 0.0000227 seconds
[2019-12-09T05:04:02.645+0000][1][safepoint    ] Application time: 1.0000805 seconds
[2019-12-09T05:04:02.645+0000][1][safepoint    ] Entering safepoint region: Cleanup
[2019-12-09T05:04:02.645+0000][1][safepoint    ] Leaving safepoint region
[2019-12-09T05:04:02.645+0000][1][safepoint    ] Total time for which application threads were stopped: 0.0000679 seconds, Stopping threads took: 0.0000177 seconds
[2019-12-09T05:04:03.645+0000][1][safepoint    ] Application time: 1.0000763 seconds
[2019-12-09T05:04:03.645+0000][1][safepoint    ] Entering safepoint region: Cleanup
[2019-12-09T05:04:03.645+0000][1][safepoint    ] Leaving safepoint region
[2019-12-09T05:04:03.645+0000][1][safepoint    ] Total time for which application threads were stopped: 0.0000666 seconds, Stopping threads took: 0.0000173 seconds
[2019-12-09T05:04:04.645+0000][1][safepoint    ] Application time: 1.0000741 seconds
[2019-12-09T05:04:04.645+0000][1][safepoint    ] Entering safepoint region: Cleanup
[2019-12-09T05:04:04.645+0000][1][safepoint    ] Leaving safepoint region
[2019-12-09T05:04:04.645+0000][1][safepoint    ] Total time for which application threads were stopped: 0.0000652 seconds, Stopping threads took: 0.0000157 seconds
[2019-12-09T05:04:05.646+0000][1][safepoint    ] Application time: 1.0000741 seconds
[2019-12-09T05:04:05.646+0000][1][safepoint    ] Entering safepoint region: Cleanup
[2019-12-09T05:04:05.646+0000][1][safepoint    ] Leaving safepoint region
[2019-12-09T05:04:05.646+0000][1][safepoint    ] Total time for which application threads were stopped: 0.0000661 seconds, Stopping threads took: 0.0000159 seconds
[2019-12-09T05:04:06.646+0000][1][safepoint    ] Application time: 1.0000740 seconds
[2019-12-09T05:04:06.646+0000][1][safepoint    ] Entering safepoint region: Cleanup
[2019-12-09T05:04:06.646+0000][1][safepoint    ] Leaving safepoint region
[2019-12-09T05:04:06.646+0000][1][safepoint    ] Total time for which application threads were stopped: 0.0000648 seconds, Stopping threads took: 0.0000167 seconds
[2019-12-09T05:04:07.646+0000][1][safepoint    ] Application time: 1.0000745 seconds
[2019-12-09T05:04:07.646+0000][1][safepoint    ] Entering safepoint region: Cleanup
[2019-12-09T05:04:07.646+0000][1][safepoint    ] Leaving safepoint region
[2019-12-09T05:04:07.646+0000][1][safepoint    ] Total time for which application threads were stopped: 0.0000735 seconds, Stopping threads took: 0.0000254 seconds
[2019-12-09T05:04:08.646+0000][1][safepoint    ] Application time: 1.0000767 seconds
[2019-12-09T05:04:08.646+0000][1][safepoint    ] Entering safepoint region: Cleanup
[2019-12-09T05:04:08.646+0000][1][safepoint    ] Leaving safepoint region
[2019-12-09T05:04:08.646+0000][1][safepoint    ] Total time for which application threads were stopped: 0.0000662 seconds, Stopping threads took: 0.0000163 seconds
[2019-12-09T05:04:09.646+0000][1][safepoint    ] Application time: 1.0000769 seconds
[2019-12-09T05:04:09.646+0000][1][safepoint    ] Entering safepoint region: Cleanup
[2019-12-09T05:04:09.646+0000][1][safepoint    ] Leaving safepoint region
[2019-12-09T05:04:09.646+0000][1][safepoint    ] Total time for which application threads were stopped: 0.0000664 seconds, Stopping threads took: 0.0000176 seconds
[2019-12-09T05:04:10.646+0000][1][safepoint    ] Application time: 1.0000762 seconds
[2019-12-09T05:04:10.646+0000][1][safepoint    ] Entering safepoint region: Cleanup
[2019-12-09T05:04:10.647+0000][1][safepoint    ] Leaving safepoint region
[2019-12-09T05:04:10.647+0000][1][safepoint    ] Total time for which application threads were stopped: 0.0000688 seconds, Stopping threads took: 0.0000166 seconds
[2019-12-09T05:04:11.647+0000][1][safepoint    ] Application time: 1.0000775 seconds
[2019-12-09T05:04:11.647+0000][1][safepoint    ] Entering safepoint region: Cleanup
[2019-12-09T05:04:11.647+0000][1][safepoint    ] Leaving safepoint region
[2019-12-09T05:04:11.647+0000][1][safepoint    ] Total time for which application threads were stopped: 0.0000762 seconds, Stopping threads took: 0.0000254 seconds
[2019-12-09T05:04:12.647+0000][1][safepoint    ] Application time: 1.0000735 seconds
[2019-12-09T05:04:12.647+0000][1][safepoint    ] Entering safepoint region: Cleanup
[2019-12-09T05:04:12.647+0000][1][safepoint    ] Leaving safepoint region
[2019-12-09T05:04:12.647+0000][1][safepoint    ] Total time for which application threads were stopped: 0.0000745 seconds, Stopping threads took: 0.0000246 seconds
[2019-12-09T05:04:13.647+0000][1][safepoint    ] Application time: 1.0000780 seconds
[2019-12-09T05:04:13.647+0000][1][safepoint    ] Entering safepoint region: Cleanup
[2019-12-09T05:04:13.647+0000][1][safepoint    ] Leaving safepoint region
[2019-12-09T05:04:13.647+0000][1][safepoint    ] Total time for which application threads were stopped: 0.0000680 seconds, Stopping threads took: 0.0000159 seconds
[2019-12-09T05:04:14.647+0000][1][safepoint    ] Application time: 1.0000767 seconds
[2019-12-09T05:04:14.647+0000][1][safepoint    ] Entering safepoint region: Cleanup
[2019-12-09T05:04:14.647+0000][1][safepoint    ] Leaving safepoint region
[2019-12-09T05:04:14.647+0000][1][safepoint    ] Total time for which application threads were stopped: 0.0000655 seconds, Stopping threads took: 0.0000172 seconds
[2019-12-09T05:04:15.647+0000][1][safepoint    ] Application time: 1.0000748 seconds
[2019-12-09T05:04:15.647+0000][1][safepoint    ] Entering safepoint region: Cleanup
[2019-12-09T05:04:15.647+0000][1][safepoint    ] Leaving safepoint region
[2019-12-09T05:04:15.647+0000][1][safepoint    ] Total time for which application threads were stopped: 0.0000652 seconds, Stopping threads took: 0.0000160 seconds
[2019-12-09T05:04:16.648+0000][1][safepoint    ] Application time: 1.0000754 seconds
[2019-12-09T05:04:16.648+0000][1][safepoint    ] Entering safepoint region: Cleanup
[2019-12-09T05:04:16.648+0000][1][safepoint    ] Leaving safepoint region
[2019-12-09T05:04:16.648+0000][1][safepoint    ] Total time for which application threads were stopped: 0.0000654 seconds, Stopping threads took: 0.0000166 seconds
[2019-12-09T05:04:17.648+0000][1][safepoint    ] Application time: 1.0000750 seconds
[2019-12-09T05:04:17.648+0000][1][safepoint    ] Entering safepoint region: Cleanup
[2019-12-09T05:04:17.648+0000][1][safepoint    ] Leaving safepoint region
[2019-12-09T05:04:17.648+0000][1][safepoint    ] Total time for which application threads were stopped: 0.0000706 seconds, Stopping threads took: 0.0000230 seconds
[2019-12-09T05:04:18.648+0000][1][safepoint    ] Application time: 1.0000783 seconds
[2019-12-09T05:04:18.648+0000][1][safepoint    ] Entering safepoint region: Cleanup
[2019-12-09T05:04:18.648+0000][1][safepoint    ] Leaving safepoint region
[2019-12-09T05:04:18.648+0000][1][safepoint    ] Total time for which application threads were stopped: 0.0000660 seconds, Stopping threads took: 0.0000174 seconds
[2019-12-09T05:04:19.648+0000][1][safepoint    ] Application time: 1.0000760 seconds
[2019-12-09T05:04:19.648+0000][1][safepoint    ] Entering safepoint region: Cleanup
[2019-12-09T05:04:19.648+0000][1][safepoint    ] Leaving safepoint region
[2019-12-09T05:04:19.648+0000][1][safepoint    ] Total time for which application threads were stopped: 0.0000642 seconds, Stopping threads took: 0.0000166 seconds
[2019-12-09T05:04:20.648+0000][1][safepoint    ] Application time: 1.0000775 seconds
[2019-12-09T05:04:20.648+0000][1][safepoint    ] Entering safepoint region: Cleanup
[2019-12-09T05:04:20.648+0000][1][safepoint    ] Leaving safepoint region
[2019-12-09T05:04:20.648+0000][1][safepoint    ] Total time for which application threads were stopped: 0.0000667 seconds, Stopping threads took: 0.0000170 seconds
[2019-12-09T05:04:21.648+0000][1][safepoint    ] Application time: 1.0000768 seconds
[2019-12-09T05:04:21.649+0000][1][safepoint    ] Entering safepoint region: Cleanup
[2019-12-09T05:04:21.649+0000][1][safepoint    ] Leaving safepoint region
[2019-12-09T05:04:21.649+0000][1][safepoint    ] Total time for which application threads were stopped: 0.0000667 seconds, Stopping threads took: 0.0000167 seconds
[2019-12-09T05:04:22.649+0000][1][safepoint    ] Application time: 1.0000757 seconds
[2019-12-09T05:04:22.649+0000][1][safepoint    ] Entering safepoint region: Cleanup
[2019-12-09T05:04:22.649+0000][1][safepoint    ] Leaving safepoint region
[2019-12-09T05:04:22.649+0000][1][safepoint    ] Total time for which application threads were stopped: 0.0000670 seconds, Stopping threads took: 0.0000165 seconds
[2019-12-09T05:04:23.649+0000][1][safepoint    ] Application time: 1.0000784 seconds
[2019-12-09T05:04:23.649+0000][1][safepoint    ] Entering safepoint region: Cleanup
[2019-12-09T05:04:23.649+0000][1][safepoint    ] Leaving safepoint region
[2019-12-09T05:04:23.649+0000][1][safepoint    ] Total time for which application threads were stopped: 0.0000657 seconds, Stopping threads took: 0.0000166 seconds
[2019-12-09T05:04:24.649+0000][1][safepoint    ] Application time: 1.0000771 seconds
[2019-12-09T05:04:24.649+0000][1][safepoint    ] Entering safepoint region: Cleanup
[2019-12-09T05:04:24.649+0000][1][safepoint    ] Leaving safepoint region
[2019-12-09T05:04:24.649+0000][1][safepoint    ] Total time for which application threads were stopped: 0.0000665 seconds, Stopping threads took: 0.0000171 seconds
[2019-12-09T05:04:25.649+0000][1][safepoint    ] Application time: 1.0000766 seconds
[2019-12-09T05:04:25.649+0000][1][safepoint    ] Entering safepoint region: Cleanup
[2019-12-09T05:04:25.649+0000][1][safepoint    ] Leaving safepoint region
[2019-12-09T05:04:25.649+0000][1][safepoint    ] Total time for which application threads were stopped: 0.0000684 seconds, Stopping threads took: 0.0000162 seconds
[2019-12-09T05:04:26.649+0000][1][safepoint    ] Application time: 1.0000763 seconds
[2019-12-09T05:04:26.649+0000][1][safepoint    ] Entering safepoint region: Cleanup
[2019-12-09T05:04:26.650+0000][1][safepoint    ] Leaving safepoint region
[2019-12-09T05:04:26.650+0000][1][safepoint    ] Total time for which application threads were stopped: 0.0000639 seconds, Stopping threads took: 0.0000155 seconds
[2019-12-09T05:04:27.650+0000][1][safepoint    ] Application time: 1.0000753 seconds
[2019-12-09T05:04:27.650+0000][1][safepoint    ] Entering safepoint region: Cleanup
[2019-12-09T05:04:27.650+0000][1][safepoint    ] Leaving safepoint region
[2019-12-09T05:04:27.650+0000][1][safepoint    ] Total time for which application threads were stopped: 0.0000874 seconds, Stopping threads took: 0.0000169 seconds
[2019-12-09T05:04:28.650+0000][1][safepoint    ] Application time: 1.0000762 seconds
[2019-12-09T05:04:28.650+0000][1][safepoint    ] Entering safepoint region: Cleanup
[2019-12-09T05:04:28.650+0000][1][safepoint    ] Leaving safepoint region
[2019-12-09T05:04:28.650+0000][1][safepoint    ] Total time for which application threads were stopped: 0.0000663 seconds, Stopping threads took: 0.0000168 seconds
[2019-12-09T05:04:29.650+0000][1][safepoint    ] Application time: 1.0000744 seconds
[2019-12-09T05:04:29.650+0000][1][safepoint    ] Entering safepoint region: Cleanup
[2019-12-09T05:04:29.650+0000][1][safepoint    ] Leaving safepoint region
[2019-12-09T05:04:29.650+0000][1][safepoint    ] Total time for which application threads were stopped: 0.0000651 seconds, Stopping threads took: 0.0000161 seconds
[2019-12-09T05:04:30.650+0000][1][safepoint    ] Application time: 1.0000766 seconds
[2019-12-09T05:04:30.650+0000][1][safepoint    ] Entering safepoint region: Cleanup
[2019-12-09T05:04:30.650+0000][1][safepoint    ] Leaving safepoint region
[2019-12-09T05:04:30.650+0000][1][safepoint    ] Total time for which application threads were stopped: 0.0000666 seconds, Stopping threads took: 0.0000171 seconds
[2019-12-09T05:04:31.650+0000][1][safepoint    ] Application time: 1.0000742 seconds
[2019-12-09T05:04:31.650+0000][1][safepoint    ] Entering safepoint region: Cleanup
[2019-12-09T05:04:31.650+0000][1][safepoint    ] Leaving safepoint region
[2019-12-09T05:04:31.650+0000][1][safepoint    ] Total time for which application threads were stopped: 0.0000659 seconds, Stopping threads took: 0.0000169 seconds
[2019-12-09T05:04:32.651+0000][1][safepoint    ] Application time: 1.0000768 seconds
[2019-12-09T05:04:32.651+0000][1][safepoint    ] Entering safepoint region: Cleanup
[2019-12-09T05:04:32.651+0000][1][safepoint    ] Leaving safepoint region
[2019-12-09T05:04:32.651+0000][1][safepoint    ] Total time for which application threads were stopped: 0.0000670 seconds, Stopping threads took: 0.0000190 seconds
[2019-12-09T05:04:33.651+0000][1][safepoint    ] Application time: 1.0000402 seconds
[2019-12-09T05:04:33.651+0000][1][safepoint    ] Entering safepoint region: Cleanup
[2019-12-09T05:04:33.651+0000][1][safepoint    ] Leaving safepoint region
[2019-12-09T05:04:33.651+0000][1][safepoint    ] Total time for which application threads were stopped: 0.0000662 seconds, Stopping threads took: 0.0000170 seconds
[2019-12-09T05:04:34.651+0000][1][safepoint    ] Application time: 1.0000752 seconds
[2019-12-09T05:04:34.651+0000][1][safepoint    ] Entering safepoint region: Cleanup
[2019-12-09T05:04:34.651+0000][1][safepoint    ] Leaving safepoint region
[2019-12-09T05:04:34.651+0000][1][safepoint    ] Total time for which application threads were stopped: 0.0000655 seconds, Stopping threads took: 0.0000162 seconds
[2019-12-09T05:04:35.651+0000][1][safepoint    ] Application time: 1.0000766 seconds
[2019-12-09T05:04:35.651+0000][1][safepoint    ] Entering safepoint region: Cleanup
[2019-12-09T05:04:35.651+0000][1][safepoint    ] Leaving safepoint region
[2019-12-09T05:04:35.651+0000][1][safepoint    ] Total time for which application threads were stopped: 0.0000658 seconds, Stopping threads took: 0.0000170 seconds
[2019-12-09T05:04:36.651+0000][1][safepoint    ] Application time: 1.0000757 seconds
[2019-12-09T05:04:36.651+0000][1][safepoint    ] Entering safepoint region: Cleanup
[2019-12-09T05:04:36.651+0000][1][safepoint    ] Leaving safepoint region
[2019-12-09T05:04:36.651+0000][1][safepoint    ] Total time for which application threads were stopped: 0.0000654 seconds, Stopping threads took: 0.0000166 seconds
[2019-12-09T05:04:37.651+0000][1][safepoint    ] Application time: 1.0000749 seconds
[2019-12-09T05:04:37.651+0000][1][safepoint    ] Entering safepoint region: Cleanup
[2019-12-09T05:04:37.652+0000][1][safepoint    ] Leaving safepoint region
[2019-12-09T05:04:37.652+0000][1][safepoint    ] Total time for which application threads were stopped: 0.0000757 seconds, Stopping threads took: 0.0000163 seconds
[2019-12-09T05:04:38.652+0000][1][safepoint    ] Application time: 1.0000763 seconds
[2019-12-09T05:04:38.652+0000][1][safepoint    ] Entering safepoint region: Cleanup
[2019-12-09T05:04:38.652+0000][1][safepoint    ] Leaving safepoint region
[2019-12-09T05:04:38.652+0000][1][safepoint    ] Total time for which application threads were stopped: 0.0000761 seconds, Stopping threads took: 0.0000253 seconds
[2019-12-09T05:04:39.652+0000][1][safepoint    ] Application time: 1.0000769 seconds
[2019-12-09T05:04:39.652+0000][1][safepoint    ] Entering safepoint region: Cleanup
[2019-12-09T05:04:39.652+0000][1][safepoint    ] Leaving safepoint region
[2019-12-09T05:04:39.652+0000][1][safepoint    ] Total time for which application threads were stopped: 0.0000664 seconds, Stopping threads took: 0.0000173 seconds
[2019-12-09T05:04:40.652+0000][1][safepoint    ] Application time: 1.0000767 seconds
[2019-12-09T05:04:40.652+0000][1][safepoint    ] Entering safepoint region: Cleanup
[2019-12-09T05:04:40.652+0000][1][safepoint    ] Leaving safepoint region
[2019-12-09T05:04:40.652+0000][1][safepoint    ] Total time for which application threads were stopped: 0.0000677 seconds, Stopping threads took: 0.0000181 seconds
[2019-12-09T05:04:41.652+0000][1][safepoint    ] Application time: 1.0000757 seconds
[2019-12-09T05:04:41.652+0000][1][safepoint    ] Entering safepoint region: Cleanup
[2019-12-09T05:04:41.652+0000][1][safepoint    ] Leaving safepoint region
[2019-12-09T05:04:41.652+0000][1][safepoint    ] Total time for which application threads were stopped: 0.0000655 seconds, Stopping threads took: 0.0000162 seconds
[2019-12-09T05:04:42.652+0000][1][safepoint    ] Application time: 1.0000763 seconds
[2019-12-09T05:04:42.652+0000][1][safepoint    ] Entering safepoint region: Cleanup
[2019-12-09T05:04:42.652+0000][1][safepoint    ] Leaving safepoint region
[2019-12-09T05:04:42.652+0000][1][safepoint    ] Total time for which application threads were stopped: 0.0000692 seconds, Stopping threads took: 0.0000224 seconds
[2019-12-09T05:04:43.653+0000][1][safepoint    ] Application time: 1.0000782 seconds
[2019-12-09T05:04:43.653+0000][1][safepoint    ] Entering safepoint region: Cleanup
[2019-12-09T05:04:43.653+0000][1][safepoint    ] Leaving safepoint region
[2019-12-09T05:04:43.653+0000][1][safepoint    ] Total time for which application threads were stopped: 0.0000661 seconds, Stopping threads took: 0.0000173 seconds
[2019-12-09T05:04:44.653+0000][1][safepoint    ] Application time: 1.0000840 seconds
[2019-12-09T05:04:44.653+0000][1][safepoint    ] Entering safepoint region: Cleanup
[2019-12-09T05:04:44.653+0000][1][safepoint    ] Leaving safepoint region
[2019-12-09T05:04:44.653+0000][1][safepoint    ] Total time for which application threads were stopped: 0.0000659 seconds, Stopping threads took: 0.0000163 seconds
[2019-12-09T05:04:45.653+0000][1][safepoint    ] Application time: 1.0000807 seconds
[2019-12-09T05:04:45.653+0000][1][safepoint    ] Entering safepoint region: Cleanup
[2019-12-09T05:04:45.653+0000][1][safepoint    ] Leaving safepoint region
[2019-12-09T05:04:45.653+0000][1][safepoint    ] Total time for which application threads were stopped: 0.0000663 seconds, Stopping threads took: 0.0000172 seconds
[2019-12-09T05:04:46.653+0000][1][safepoint    ] Application time: 1.0000820 seconds
[2019-12-09T05:04:46.653+0000][1][safepoint    ] Entering safepoint region: Cleanup
[2019-12-09T05:04:46.653+0000][1][safepoint    ] Leaving safepoint region
[2019-12-09T05:04:46.653+0000][1][safepoint    ] Total time for which application threads were stopped: 0.0000684 seconds, Stopping threads took: 0.0000197 seconds
[2019-12-09T05:04:47.653+0000][1][safepoint    ] Application time: 1.0000751 seconds
[2019-12-09T05:04:47.653+0000][1][safepoint    ] Entering safepoint region: Cleanup
[2019-12-09T05:04:47.653+0000][1][safepoint    ] Leaving safepoint region
[2019-12-09T05:04:47.653+0000][1][safepoint    ] Total time for which application threads were stopped: 0.0000740 seconds, Stopping threads took: 0.0000168 seconds
[2019-12-09T05:04:49.188+0000][1][safepoint    ] Application time: 1.5346842 seconds
[2019-12-09T05:04:49.188+0000][1][safepoint    ] Entering safepoint region: Cleanup
[2019-12-09T05:04:49.188+0000][1][safepoint    ] Leaving safepoint region
[2019-12-09T05:04:49.188+0000][1][safepoint    ] Total time for which application threads were stopped: 0.0000713 seconds, Stopping threads took: 0.0000167 seconds
[2019-12-09T05:04:50.188+0000][1][safepoint    ] Application time: 1.0001068 seconds
[2019-12-09T05:04:50.188+0000][1][safepoint    ] Entering safepoint region: Cleanup
[2019-12-09T05:04:50.188+0000][1][safepoint    ] Leaving safepoint region
[2019-12-09T05:04:50.188+0000][1][safepoint    ] Total time for which application threads were stopped: 0.0000702 seconds, Stopping threads took: 0.0000174 seconds
[2019-12-09T05:04:51.189+0000][1][safepoint    ] Application time: 1.0000850 seconds
[2019-12-09T05:04:51.189+0000][1][safepoint    ] Entering safepoint region: Cleanup
[2019-12-09T05:04:51.189+0000][1][safepoint    ] Leaving safepoint region
[2019-12-09T05:04:51.189+0000][1][safepoint    ] Total time for which application threads were stopped: 0.0001202 seconds, Stopping threads took: 0.0000250 seconds
[2019-12-09T05:04:52.189+0000][1][safepoint    ] Application time: 1.0000857 seconds
[2019-12-09T05:04:52.189+0000][1][safepoint    ] Entering safepoint region: Cleanup
[2019-12-09T05:04:52.189+0000][1][safepoint    ] Leaving safepoint region
[2019-12-09T05:04:52.189+0000][1][safepoint    ] Total time for which application threads were stopped: 0.0000924 seconds, Stopping threads took: 0.0000222 seconds
[2019-12-09T05:04:53.189+0000][1][safepoint    ] Application time: 1.0000800 seconds
[2019-12-09T05:04:53.189+0000][1][safepoint    ] Entering safepoint region: Cleanup
[2019-12-09T05:04:53.189+0000][1][safepoint    ] Leaving safepoint region
[2019-12-09T05:04:53.189+0000][1][safepoint    ] Total time for which application threads were stopped: 0.0000690 seconds, Stopping threads took: 0.0000167 seconds
[2019-12-09T05:04:54.189+0000][1][safepoint    ] Application time: 1.0000823 seconds
[2019-12-09T05:04:54.189+0000][1][safepoint    ] Entering safepoint region: Cleanup
[2019-12-09T05:04:54.189+0000][1][safepoint    ] Leaving safepoint region
[2019-12-09T05:04:54.189+0000][1][safepoint    ] Total time for which application threads were stopped: 0.0000710 seconds, Stopping threads took: 0.0000176 seconds
[2019-12-09T05:04:55.189+0000][1][safepoint    ] Application time: 1.0000841 seconds
[2019-12-09T05:04:55.189+0000][1][safepoint    ] Entering safepoint region: Cleanup
[2019-12-09T05:04:55.190+0000][1][safepoint    ] Leaving safepoint region
[2019-12-09T05:04:55.190+0000][1][safepoint    ] Total time for which application threads were stopped: 0.0000940 seconds, Stopping threads took: 0.0000236 seconds
[2019-12-09T05:04:56.190+0000][1][safepoint    ] Application time: 1.0000812 seconds
[2019-12-09T05:04:56.190+0000][1][safepoint    ] Entering safepoint region: Cleanup
[2019-12-09T05:04:56.190+0000][1][safepoint    ] Leaving safepoint region
[2019-12-09T05:04:56.190+0000][1][safepoint    ] Total time for which application threads were stopped: 0.0000984 seconds, Stopping threads took: 0.0000245 seconds
[2019-12-09T05:04:57.190+0000][1][safepoint    ] Application time: 1.0000762 seconds
[2019-12-09T05:04:57.190+0000][1][safepoint    ] Entering safepoint region: Cleanup
[2019-12-09T05:04:57.190+0000][1][safepoint    ] Leaving safepoint region
[2019-12-09T05:04:57.190+0000][1][safepoint    ] Total time for which application threads were stopped: 0.0000834 seconds, Stopping threads took: 0.0000224 seconds
[2019-12-09T05:04:58.190+0000][1][safepoint    ] Application time: 1.0000845 seconds
[2019-12-09T05:04:58.190+0000][1][safepoint    ] Entering safepoint region: Cleanup
[2019-12-09T05:04:58.190+0000][1][safepoint    ] Leaving safepoint region
[2019-12-09T05:04:58.190+0000][1][safepoint    ] Total time for which application threads were stopped: 0.0000983 seconds, Stopping threads took: 0.0000223 seconds
[2019-12-09T05:04:59.190+0000][1][safepoint    ] Application time: 1.0001039 seconds
[2019-12-09T05:04:59.191+0000][1][safepoint    ] Entering safepoint region: Cleanup
[2019-12-09T05:04:59.191+0000][1][safepoint    ] Leaving safepoint region
[2019-12-09T05:04:59.191+0000][1][safepoint    ] Total time for which application threads were stopped: 0.0001516 seconds, Stopping threads took: 0.0000936 seconds
[2019-12-09T05:05:00.191+0000][1][safepoint    ] Application time: 1.0000835 seconds
[2019-12-09T05:05:00.191+0000][1][safepoint    ] Entering safepoint region: Cleanup
[2019-12-09T05:05:00.191+0000][1][safepoint    ] Leaving safepoint region
[2019-12-09T05:05:00.191+0000][1][safepoint    ] Total time for which application threads were stopped: 0.0000695 seconds, Stopping threads took: 0.0000172 seconds
[2019-12-09T05:05:01.191+0000][1][safepoint    ] Application time: 1.0000758 seconds
[2019-12-09T05:05:01.191+0000][1][safepoint    ] Entering safepoint region: Cleanup
[2019-12-09T05:05:01.191+0000][1][safepoint    ] Leaving safepoint region
[2019-12-09T05:05:01.191+0000][1][safepoint    ] Total time for which application threads were stopped: 0.0000658 seconds, Stopping threads took: 0.0000164 seconds
[2019-12-09T05:05:02.191+0000][1][safepoint    ] Application time: 1.0000757 seconds
[2019-12-09T05:05:02.191+0000][1][safepoint    ] Entering safepoint region: Cleanup
[2019-12-09T05:05:02.191+0000][1][safepoint    ] Leaving safepoint region
[2019-12-09T05:05:02.191+0000][1][safepoint    ] Total time for which application threads were stopped: 0.0000697 seconds, Stopping threads took: 0.0000173 seconds
[2019-12-09T05:05:03.191+0000][1][safepoint    ] Application time: 1.0000788 seconds
[2019-12-09T05:05:03.191+0000][1][safepoint    ] Entering safepoint region: Cleanup
[2019-12-09T05:05:03.191+0000][1][safepoint    ] Leaving safepoint region
[2019-12-09T05:05:03.191+0000][1][safepoint    ] Total time for which application threads were stopped: 0.0000658 seconds, Stopping threads took: 0.0000156 seconds
[2019-12-09T05:05:04.191+0000][1][safepoint    ] Application time: 1.0000755 seconds
[2019-12-09T05:05:04.191+0000][1][safepoint    ] Entering safepoint region: Cleanup
[2019-12-09T05:05:04.192+0000][1][safepoint    ] Leaving safepoint region
[2019-12-09T05:05:04.192+0000][1][safepoint    ] Total time for which application threads were stopped: 0.0000665 seconds, Stopping threads took: 0.0000172 seconds
[2019-12-09T05:05:05.192+0000][1][safepoint    ] Application time: 1.0000762 seconds
[2019-12-09T05:05:05.192+0000][1][safepoint    ] Entering safepoint region: Cleanup
[2019-12-09T05:05:05.192+0000][1][safepoint    ] Leaving safepoint region
[2019-12-09T05:05:05.192+0000][1][safepoint    ] Total time for which application threads were stopped: 0.0000784 seconds, Stopping threads took: 0.0000260 seconds
[2019-12-09T05:05:06.192+0000][1][safepoint    ] Application time: 1.0000765 seconds
[2019-12-09T05:05:06.192+0000][1][safepoint    ] Entering safepoint region: Cleanup
[2019-12-09T05:05:06.192+0000][1][safepoint    ] Leaving safepoint region
[2019-12-09T05:05:06.192+0000][1][safepoint    ] Total time for which application threads were stopped: 0.0000651 seconds, Stopping threads took: 0.0000158 seconds
[2019-12-09T05:05:07.192+0000][1][safepoint    ] Application time: 1.0000752 seconds
[2019-12-09T05:05:07.192+0000][1][safepoint    ] Entering safepoint region: Cleanup
[2019-12-09T05:05:07.192+0000][1][safepoint    ] Leaving safepoint region
[2019-12-09T05:05:07.192+0000][1][safepoint    ] Total time for which application threads were stopped: 0.0000719 seconds, Stopping threads took: 0.0000225 seconds
[2019-12-09T05:05:08.192+0000][1][safepoint    ] Application time: 1.0000820 seconds
[2019-12-09T05:05:08.192+0000][1][safepoint    ] Entering safepoint region: Cleanup
[2019-12-09T05:05:08.192+0000][1][safepoint    ] Leaving safepoint region
[2019-12-09T05:05:08.192+0000][1][safepoint    ] Total time for which application threads were stopped: 0.0000869 seconds, Stopping threads took: 0.0000220 seconds
[2019-12-09T05:05:09.192+0000][1][safepoint    ] Application time: 1.0000755 seconds
[2019-12-09T05:05:09.192+0000][1][safepoint    ] Entering safepoint region: Cleanup
[2019-12-09T05:05:09.193+0000][1][safepoint    ] Leaving safepoint region
[2019-12-09T05:05:09.193+0000][1][safepoint    ] Total time for which application threads were stopped: 0.0000667 seconds, Stopping threads took: 0.0000174 seconds
[2019-12-09T05:05:10.193+0000][1][safepoint    ] Application time: 1.0000772 seconds
[2019-12-09T05:05:10.193+0000][1][safepoint    ] Entering safepoint region: Cleanup
[2019-12-09T05:05:10.193+0000][1][safepoint    ] Leaving safepoint region
[2019-12-09T05:05:10.193+0000][1][safepoint    ] Total time for which application threads were stopped: 0.0000741 seconds, Stopping threads took: 0.0000165 seconds
[2019-12-09T05:05:11.193+0000][1][safepoint    ] Application time: 1.0000754 seconds
[2019-12-09T05:05:11.193+0000][1][safepoint    ] Entering safepoint region: Cleanup
[2019-12-09T05:05:11.193+0000][1][safepoint    ] Leaving safepoint region
[2019-12-09T05:05:11.193+0000][1][safepoint    ] Total time for which application threads were stopped: 0.0000695 seconds, Stopping threads took: 0.0000163 seconds
[2019-12-09T05:05:12.193+0000][1][safepoint    ] Application time: 1.0000770 seconds
[2019-12-09T05:05:12.193+0000][1][safepoint    ] Entering safepoint region: Cleanup
[2019-12-09T05:05:12.193+0000][1][safepoint    ] Leaving safepoint region
[2019-12-09T05:05:12.193+0000][1][safepoint    ] Total time for which application threads were stopped: 0.0000683 seconds, Stopping threads took: 0.0000175 seconds
[2019-12-09T05:05:13.193+0000][1][safepoint    ] Application time: 1.0000800 seconds
[2019-12-09T05:05:13.193+0000][1][safepoint    ] Entering safepoint region: Cleanup
[2019-12-09T05:05:13.193+0000][1][safepoint    ] Leaving safepoint region
[2019-12-09T05:05:13.193+0000][1][safepoint    ] Total time for which application threads were stopped: 0.0000670 seconds, Stopping threads took: 0.0000163 seconds
[2019-12-09T05:05:14.193+0000][1][safepoint    ] Application time: 1.0000782 seconds
[2019-12-09T05:05:14.193+0000][1][safepoint    ] Entering safepoint region: Cleanup
[2019-12-09T05:05:14.193+0000][1][safepoint    ] Leaving safepoint region
[2019-12-09T05:05:14.193+0000][1][safepoint    ] Total time for which application threads were stopped: 0.0000673 seconds, Stopping threads took: 0.0000165 seconds
[2019-12-09T05:05:15.194+0000][1][safepoint    ] Application time: 1.0000766 seconds
[2019-12-09T05:05:15.194+0000][1][safepoint    ] Entering safepoint region: Cleanup
[2019-12-09T05:05:15.194+0000][1][safepoint    ] Leaving safepoint region
[2019-12-09T05:05:15.194+0000][1][safepoint    ] Total time for which application threads were stopped: 0.0000675 seconds, Stopping threads took: 0.0000177 seconds
[2019-12-09T05:05:16.194+0000][1][safepoint    ] Application time: 1.0000861 seconds
[2019-12-09T05:05:16.194+0000][1][safepoint    ] Entering safepoint region: Cleanup
[2019-12-09T05:05:16.194+0000][1][safepoint    ] Leaving safepoint region
[2019-12-09T05:05:16.194+0000][1][safepoint    ] Total time for which application threads were stopped: 0.0000697 seconds, Stopping threads took: 0.0000173 seconds
[2019-12-09T05:05:17.194+0000][1][safepoint    ] Application time: 1.0000780 seconds
[2019-12-09T05:05:17.194+0000][1][safepoint    ] Entering safepoint region: Cleanup
[2019-12-09T05:05:17.194+0000][1][safepoint    ] Leaving safepoint region
[2019-12-09T05:05:17.194+0000][1][safepoint    ] Total time for which application threads were stopped: 0.0000660 seconds, Stopping threads took: 0.0000176 seconds
[2019-12-09T05:05:17.767+0000][1][safepoint    ] Application time: 0.5731394 seconds
[2019-12-09T05:05:17.767+0000][1][safepoint    ] Entering safepoint region: GenCollectForAllocation
[2019-12-09T05:05:17.767+0000][1][gc,start     ] GC(60) Pause Young (Allocation Failure)
[2019-12-09T05:05:17.767+0000][1][gc,task      ] GC(60) Using 2 workers of 2 for evacuation
[2019-12-09T05:05:17.769+0000][1][gc,age       ] GC(60) Desired survivor size 4456448 bytes, new threshold 6 (max threshold 6)
[2019-12-09T05:05:17.769+0000][1][gc,age       ] GC(60) Age table with threshold 6 (max threshold 6)
[2019-12-09T05:05:17.769+0000][1][gc,age       ] GC(60) - age   1:       4584 bytes,       4584 total
[2019-12-09T05:05:17.769+0000][1][gc,age       ] GC(60) - age   3:      16400 bytes,      20984 total
[2019-12-09T05:05:17.769+0000][1][gc,age       ] GC(60) - age   4:        456 bytes,      21440 total
[2019-12-09T05:05:17.769+0000][1][gc,age       ] GC(60) - age   6:       1648 bytes,      23088 total
[2019-12-09T05:05:17.769+0000][1][gc,heap      ] GC(60) ParNew: 69976K->24K(78656K)
[2019-12-09T05:05:17.769+0000][1][gc,heap      ] GC(60) CMS: 69335K->69335K(174784K)
[2019-12-09T05:05:17.769+0000][1][gc,metaspace ] GC(60) Metaspace: 68453K->68453K(1112064K)
[2019-12-09T05:05:17.769+0000][1][gc           ] GC(60) Pause Young (Allocation Failure) 136M->67M(247M) 1.383ms
[2019-12-09T05:05:17.769+0000][1][gc,cpu       ] GC(60) User=0.00s Sys=0.00s Real=0.00s
[2019-12-09T05:05:17.769+0000][1][safepoint    ] Leaving safepoint region
[2019-12-09T05:05:17.769+0000][1][safepoint    ] Total time for which application threads were stopped: 0.0015150 seconds, Stopping threads took: 0.0000155 seconds
[2019-12-09T05:05:18.769+0000][1][safepoint    ] Application time: 1.0000879 seconds
[2019-12-09T05:05:18.769+0000][1][safepoint    ] Entering safepoint region: Cleanup
[2019-12-09T05:05:18.769+0000][1][safepoint    ] Leaving safepoint region
[2019-12-09T05:05:18.769+0000][1][safepoint    ] Total time for which application threads were stopped: 0.0000671 seconds, Stopping threads took: 0.0000168 seconds
[2019-12-09T05:05:19.769+0000][1][safepoint    ] Application time: 1.0000762 seconds
[2019-12-09T05:05:19.769+0000][1][safepoint    ] Entering safepoint region: Cleanup
[2019-12-09T05:05:19.769+0000][1][safepoint    ] Leaving safepoint region
[2019-12-09T05:05:19.769+0000][1][safepoint    ] Total time for which application threads were stopped: 0.0000657 seconds, Stopping threads took: 0.0000162 seconds
[2019-12-09T05:05:20.769+0000][1][safepoint    ] Application time: 1.0000750 seconds
[2019-12-09T05:05:20.769+0000][1][safepoint    ] Entering safepoint region: Cleanup
[2019-12-09T05:05:20.769+0000][1][safepoint    ] Leaving safepoint region
[2019-12-09T05:05:20.769+0000][1][safepoint    ] Total time for which application threads were stopped: 0.0000678 seconds, Stopping threads took: 0.0000182 seconds
[2019-12-09T05:05:21.769+0000][1][safepoint    ] Application time: 1.0000882 seconds
[2019-12-09T05:05:21.769+0000][1][safepoint    ] Entering safepoint region: Cleanup
[2019-12-09T05:05:21.770+0000][1][safepoint    ] Leaving safepoint region
[2019-12-09T05:05:21.770+0000][1][safepoint    ] Total time for which application threads were stopped: 0.0001031 seconds, Stopping threads took: 0.0000233 seconds
[2019-12-09T05:05:22.770+0000][1][safepoint    ] Application time: 1.0000871 seconds
[2019-12-09T05:05:22.770+0000][1][safepoint    ] Entering safepoint region: Cleanup
[2019-12-09T05:05:22.770+0000][1][safepoint    ] Leaving safepoint region
[2019-12-09T05:05:22.770+0000][1][safepoint    ] Total time for which application threads were stopped: 0.0001089 seconds, Stopping threads took: 0.0000519 seconds
[2019-12-09T05:05:23.770+0000][1][safepoint    ] Application time: 1.0000816 seconds
[2019-12-09T05:05:23.770+0000][1][safepoint    ] Entering safepoint region: Cleanup
[2019-12-09T05:05:23.770+0000][1][safepoint    ] Leaving safepoint region
[2019-12-09T05:05:23.770+0000][1][safepoint    ] Total time for which application threads were stopped: 0.0000647 seconds, Stopping threads took: 0.0000167 seconds
[2019-12-09T05:05:24.770+0000][1][safepoint    ] Application time: 1.0000762 seconds
[2019-12-09T05:05:24.770+0000][1][safepoint    ] Entering safepoint region: Cleanup
[2019-12-09T05:05:24.770+0000][1][safepoint    ] Leaving safepoint region
[2019-12-09T05:05:24.770+0000][1][safepoint    ] Total time for which application threads were stopped: 0.0000694 seconds, Stopping threads took: 0.0000176 seconds
[2019-12-09T05:05:25.770+0000][1][safepoint    ] Application time: 1.0000748 seconds
[2019-12-09T05:05:25.770+0000][1][safepoint    ] Entering safepoint region: Cleanup
[2019-12-09T05:05:25.770+0000][1][safepoint    ] Leaving safepoint region
[2019-12-09T05:05:25.770+0000][1][safepoint    ] Total time for which application threads were stopped: 0.0000697 seconds, Stopping threads took: 0.0000193 seconds
[2019-12-09T05:05:26.770+0000][1][safepoint    ] Application time: 1.0000845 seconds
[2019-12-09T05:05:26.771+0000][1][safepoint    ] Entering safepoint region: Cleanup
[2019-12-09T05:05:26.771+0000][1][safepoint    ] Leaving safepoint region
[2019-12-09T05:05:26.771+0000][1][safepoint    ] Total time for which application threads were stopped: 0.0000957 seconds, Stopping threads took: 0.0000248 seconds
[2019-12-09T05:05:27.771+0000][1][safepoint    ] Application time: 1.0000748 seconds
[2019-12-09T05:05:27.771+0000][1][safepoint    ] Entering safepoint region: Cleanup
[2019-12-09T05:05:27.771+0000][1][safepoint    ] Leaving safepoint region
[2019-12-09T05:05:27.771+0000][1][safepoint    ] Total time for which application threads were stopped: 0.0000666 seconds, Stopping threads took: 0.0000172 seconds
[2019-12-09T05:05:28.771+0000][1][safepoint    ] Application time: 1.0000766 seconds
[2019-12-09T05:05:28.771+0000][1][safepoint    ] Entering safepoint region: Cleanup
[2019-12-09T05:05:28.771+0000][1][safepoint    ] Leaving safepoint region
[2019-12-09T05:05:28.771+0000][1][safepoint    ] Total time for which application threads were stopped: 0.0000680 seconds, Stopping threads took: 0.0000178 seconds
[2019-12-09T05:05:29.771+0000][1][safepoint    ] Application time: 1.0000754 seconds
[2019-12-09T05:05:29.771+0000][1][safepoint    ] Entering safepoint region: Cleanup
[2019-12-09T05:05:29.771+0000][1][safepoint    ] Leaving safepoint region
[2019-12-09T05:05:29.771+0000][1][safepoint    ] Total time for which application threads were stopped: 0.0000651 seconds, Stopping threads took: 0.0000161 seconds
[2019-12-09T05:05:30.771+0000][1][safepoint    ] Application time: 1.0000743 seconds
[2019-12-09T05:05:30.771+0000][1][safepoint    ] Entering safepoint region: Cleanup
[2019-12-09T05:05:30.771+0000][1][safepoint    ] Leaving safepoint region
[2019-12-09T05:05:30.771+0000][1][safepoint    ] Total time for which application threads were stopped: 0.0000675 seconds, Stopping threads took: 0.0000176 seconds
[2019-12-09T05:05:31.771+0000][1][safepoint    ] Application time: 1.0000779 seconds
[2019-12-09T05:05:31.772+0000][1][safepoint    ] Entering safepoint region: Cleanup
[2019-12-09T05:05:31.772+0000][1][safepoint    ] Leaving safepoint region
[2019-12-09T05:05:31.772+0000][1][safepoint    ] Total time for which application threads were stopped: 0.0001075 seconds, Stopping threads took: 0.0000297 seconds
[2019-12-09T05:05:32.772+0000][1][safepoint    ] Application time: 1.0000791 seconds
[2019-12-09T05:05:32.772+0000][1][safepoint    ] Entering safepoint region: Cleanup
[2019-12-09T05:05:32.772+0000][1][safepoint    ] Leaving safepoint region
[2019-12-09T05:05:32.772+0000][1][safepoint    ] Total time for which application threads were stopped: 0.0000787 seconds, Stopping threads took: 0.0000208 seconds
[2019-12-09T05:05:33.772+0000][1][safepoint    ] Application time: 1.0000726 seconds
[2019-12-09T05:05:33.772+0000][1][safepoint    ] Entering safepoint region: Cleanup
[2019-12-09T05:05:33.772+0000][1][safepoint    ] Leaving safepoint region
[2019-12-09T05:05:33.772+0000][1][safepoint    ] Total time for which application threads were stopped: 0.0000685 seconds, Stopping threads took: 0.0000160 seconds
[2019-12-09T05:05:34.772+0000][1][safepoint    ] Application time: 1.0000771 seconds
[2019-12-09T05:05:34.772+0000][1][safepoint    ] Entering safepoint region: Cleanup
[2019-12-09T05:05:34.772+0000][1][safepoint    ] Leaving safepoint region
[2019-12-09T05:05:34.772+0000][1][safepoint    ] Total time for which application threads were stopped: 0.0000663 seconds, Stopping threads took: 0.0000181 seconds
[2019-12-09T05:05:35.772+0000][1][safepoint    ] Application time: 1.0000764 seconds
[2019-12-09T05:05:35.772+0000][1][safepoint    ] Entering safepoint region: Cleanup
[2019-12-09T05:05:35.772+0000][1][safepoint    ] Leaving safepoint region
[2019-12-09T05:05:35.772+0000][1][safepoint    ] Total time for which application threads were stopped: 0.0000684 seconds, Stopping threads took: 0.0000173 seconds
[2019-12-09T05:05:36.772+0000][1][safepoint    ] Application time: 1.0000764 seconds
[2019-12-09T05:05:36.773+0000][1][safepoint    ] Entering safepoint region: Cleanup
[2019-12-09T05:05:36.773+0000][1][safepoint    ] Leaving safepoint region
[2019-12-09T05:05:36.773+0000][1][safepoint    ] Total time for which application threads were stopped: 0.0000667 seconds, Stopping threads took: 0.0000179 seconds
[2019-12-09T05:05:37.773+0000][1][safepoint    ] Application time: 1.0000741 seconds
[2019-12-09T05:05:37.773+0000][1][safepoint    ] Entering safepoint region: Cleanup
[2019-12-09T05:05:37.773+0000][1][safepoint    ] Leaving safepoint region
[2019-12-09T05:05:37.773+0000][1][safepoint    ] Total time for which application threads were stopped: 0.0000802 seconds, Stopping threads took: 0.0000318 seconds
[2019-12-09T05:05:38.773+0000][1][safepoint    ] Application time: 1.0000766 seconds
[2019-12-09T05:05:38.773+0000][1][safepoint    ] Entering safepoint region: Cleanup
[2019-12-09T05:05:38.773+0000][1][safepoint    ] Leaving safepoint region
[2019-12-09T05:05:38.773+0000][1][safepoint    ] Total time for which application threads were stopped: 0.0000652 seconds, Stopping threads took: 0.0000157 seconds
[2019-12-09T05:05:39.773+0000][1][safepoint    ] Application time: 1.0000761 seconds
[2019-12-09T05:05:39.773+0000][1][safepoint    ] Entering safepoint region: Cleanup
[2019-12-09T05:05:39.773+0000][1][safepoint    ] Leaving safepoint region
[2019-12-09T05:05:39.773+0000][1][safepoint    ] Total time for which application threads were stopped: 0.0000659 seconds, Stopping threads took: 0.0000168 seconds
[2019-12-09T05:05:40.773+0000][1][safepoint    ] Application time: 1.0000765 seconds
[2019-12-09T05:05:40.773+0000][1][safepoint    ] Entering safepoint region: Cleanup
[2019-12-09T05:05:40.773+0000][1][safepoint    ] Leaving safepoint region
[2019-12-09T05:05:40.773+0000][1][safepoint    ] Total time for which application threads were stopped: 0.0000689 seconds, Stopping threads took: 0.0000179 seconds
[2019-12-09T05:05:41.773+0000][1][safepoint    ] Application time: 1.0000791 seconds
[2019-12-09T05:05:41.773+0000][1][safepoint    ] Entering safepoint region: Cleanup
[2019-12-09T05:05:41.773+0000][1][safepoint    ] Leaving safepoint region
[2019-12-09T05:05:41.774+0000][1][safepoint    ] Total time for which application threads were stopped: 0.0000690 seconds, Stopping threads took: 0.0000184 seconds
[2019-12-09T05:05:42.774+0000][1][safepoint    ] Application time: 1.0000767 seconds
[2019-12-09T05:05:42.774+0000][1][safepoint    ] Entering safepoint region: Cleanup
[2019-12-09T05:05:42.774+0000][1][safepoint    ] Leaving safepoint region
[2019-12-09T05:05:42.774+0000][1][safepoint    ] Total time for which application threads were stopped: 0.0000801 seconds, Stopping threads took: 0.0000176 seconds
[2019-12-09T05:05:43.774+0000][1][safepoint    ] Application time: 1.0000776 seconds
[2019-12-09T05:05:43.774+0000][1][safepoint    ] Entering safepoint region: Cleanup
[2019-12-09T05:05:43.774+0000][1][safepoint    ] Leaving safepoint region
[2019-12-09T05:05:43.774+0000][1][safepoint    ] Total time for which application threads were stopped: 0.0000666 seconds, Stopping threads took: 0.0000163 seconds
[2019-12-09T05:05:44.774+0000][1][safepoint    ] Application time: 1.0000765 seconds
[2019-12-09T05:05:44.774+0000][1][safepoint    ] Entering safepoint region: Cleanup
[2019-12-09T05:05:44.774+0000][1][safepoint    ] Leaving safepoint region
[2019-12-09T05:05:44.774+0000][1][safepoint    ] Total time for which application threads were stopped: 0.0000682 seconds, Stopping threads took: 0.0000167 seconds
[2019-12-09T05:05:45.774+0000][1][safepoint    ] Application time: 1.0000756 seconds
[2019-12-09T05:05:45.774+0000][1][safepoint    ] Entering safepoint region: Cleanup
[2019-12-09T05:05:45.774+0000][1][safepoint    ] Leaving safepoint region
[2019-12-09T05:05:45.774+0000][1][safepoint    ] Total time for which application threads were stopped: 0.0000696 seconds, Stopping threads took: 0.0000179 seconds
[2019-12-09T05:05:46.774+0000][1][safepoint    ] Application time: 1.0000758 seconds
[2019-12-09T05:05:46.774+0000][1][safepoint    ] Entering safepoint region: Cleanup
[2019-12-09T05:05:46.774+0000][1][safepoint    ] Leaving safepoint region
[2019-12-09T05:05:46.774+0000][1][safepoint    ] Total time for which application threads were stopped: 0.0000665 seconds, Stopping threads took: 0.0000173 seconds
[2019-12-09T05:05:47.775+0000][1][safepoint    ] Application time: 1.0000746 seconds
[2019-12-09T05:05:47.775+0000][1][safepoint    ] Entering safepoint region: Cleanup
[2019-12-09T05:05:47.775+0000][1][safepoint    ] Leaving safepoint region
[2019-12-09T05:05:47.775+0000][1][safepoint    ] Total time for which application threads were stopped: 0.0000687 seconds, Stopping threads took: 0.0000162 seconds
[2019-12-09T05:05:48.775+0000][1][safepoint    ] Application time: 1.0000786 seconds
[2019-12-09T05:05:48.775+0000][1][safepoint    ] Entering safepoint region: Cleanup
[2019-12-09T05:05:48.775+0000][1][safepoint    ] Leaving safepoint region
[2019-12-09T05:05:48.775+0000][1][safepoint    ] Total time for which application threads were stopped: 0.0000683 seconds, Stopping threads took: 0.0000172 seconds
[2019-12-09T05:05:49.775+0000][1][safepoint    ] Application time: 1.0000771 seconds
[2019-12-09T05:05:49.775+0000][1][safepoint    ] Entering safepoint region: Cleanup
[2019-12-09T05:05:49.775+0000][1][safepoint    ] Leaving safepoint region
[2019-12-09T05:05:49.775+0000][1][safepoint    ] Total time for which application threads were stopped: 0.0000692 seconds, Stopping threads took: 0.0000173 seconds
[2019-12-09T05:05:50.775+0000][1][safepoint    ] Application time: 1.0000775 seconds
[2019-12-09T05:05:50.775+0000][1][safepoint    ] Entering safepoint region: Cleanup
[2019-12-09T05:05:50.775+0000][1][safepoint    ] Leaving safepoint region
[2019-12-09T05:05:50.775+0000][1][safepoint    ] Total time for which application threads were stopped: 0.0000672 seconds, Stopping threads took: 0.0000167 seconds
[2019-12-09T05:05:51.775+0000][1][safepoint    ] Application time: 1.0000731 seconds
[2019-12-09T05:05:51.775+0000][1][safepoint    ] Entering safepoint region: Cleanup
[2019-12-09T05:05:51.775+0000][1][safepoint    ] Leaving safepoint region
[2019-12-09T05:05:51.775+0000][1][safepoint    ] Total time for which application threads were stopped: 0.0000696 seconds, Stopping threads took: 0.0000172 seconds
[2019-12-09T05:05:53.232+0000][1][safepoint    ] Application time: 1.4565561 seconds
[2019-12-09T05:05:53.232+0000][1][safepoint    ] Entering safepoint region: Cleanup
[2019-12-09T05:05:53.232+0000][1][safepoint    ] Leaving safepoint region
[2019-12-09T05:05:53.232+0000][1][safepoint    ] Total time for which application threads were stopped: 0.0000693 seconds, Stopping threads took: 0.0000167 seconds
[2019-12-09T05:05:54.232+0000][1][safepoint    ] Application time: 1.0000772 seconds
[2019-12-09T05:05:54.232+0000][1][safepoint    ] Entering safepoint region: Cleanup
[2019-12-09T05:05:54.232+0000][1][safepoint    ] Leaving safepoint region
[2019-12-09T05:05:54.232+0000][1][safepoint    ] Total time for which application threads were stopped: 0.0000669 seconds, Stopping threads took: 0.0000173 seconds
[2019-12-09T05:05:55.232+0000][1][safepoint    ] Application time: 1.0000769 seconds
[2019-12-09T05:05:55.232+0000][1][safepoint    ] Entering safepoint region: Cleanup
[2019-12-09T05:05:55.232+0000][1][safepoint    ] Leaving safepoint region
[2019-12-09T05:05:55.232+0000][1][safepoint    ] Total time for which application threads were stopped: 0.0000655 seconds, Stopping threads took: 0.0000171 seconds
[2019-12-09T05:05:56.233+0000][1][safepoint    ] Application time: 1.0000789 seconds
[2019-12-09T05:05:56.233+0000][1][safepoint    ] Entering safepoint region: Cleanup
[2019-12-09T05:05:56.233+0000][1][safepoint    ] Leaving safepoint region
[2019-12-09T05:05:56.233+0000][1][safepoint    ] Total time for which application threads were stopped: 0.0000655 seconds, Stopping threads took: 0.0000162 seconds
[2019-12-09T05:05:57.233+0000][1][safepoint    ] Application time: 1.0000768 seconds
[2019-12-09T05:05:57.233+0000][1][safepoint    ] Entering safepoint region: Cleanup
[2019-12-09T05:05:57.233+0000][1][safepoint    ] Leaving safepoint region
[2019-12-09T05:05:57.233+0000][1][safepoint    ] Total time for which application threads were stopped: 0.0000670 seconds, Stopping threads took: 0.0000179 seconds
[2019-12-09T05:05:58.233+0000][1][safepoint    ] Application time: 1.0000765 seconds
[2019-12-09T05:05:58.233+0000][1][safepoint    ] Entering safepoint region: Cleanup
[2019-12-09T05:05:58.233+0000][1][safepoint    ] Leaving safepoint region
[2019-12-09T05:05:58.233+0000][1][safepoint    ] Total time for which application threads were stopped: 0.0000649 seconds, Stopping threads took: 0.0000168 seconds
[2019-12-09T05:05:59.233+0000][1][safepoint    ] Application time: 1.0000767 seconds
[2019-12-09T05:05:59.233+0000][1][safepoint    ] Entering safepoint region: Cleanup
[2019-12-09T05:05:59.233+0000][1][safepoint    ] Leaving safepoint region
[2019-12-09T05:05:59.233+0000][1][safepoint    ] Total time for which application threads were stopped: 0.0000664 seconds, Stopping threads took: 0.0000170 seconds
[2019-12-09T05:06:00.233+0000][1][safepoint    ] Application time: 1.0000772 seconds
[2019-12-09T05:06:00.233+0000][1][safepoint    ] Entering safepoint region: Cleanup
[2019-12-09T05:06:00.233+0000][1][safepoint    ] Leaving safepoint region
[2019-12-09T05:06:00.233+0000][1][safepoint    ] Total time for which application threads were stopped: 0.0000654 seconds, Stopping threads took: 0.0000169 seconds
[2019-12-09T05:06:01.233+0000][1][safepoint    ] Application time: 1.0000773 seconds
[2019-12-09T05:06:01.234+0000][1][safepoint    ] Entering safepoint region: Cleanup
[2019-12-09T05:06:01.234+0000][1][safepoint    ] Leaving safepoint region
[2019-12-09T05:06:01.234+0000][1][safepoint    ] Total time for which application threads were stopped: 0.0000662 seconds, Stopping threads took: 0.0000169 seconds
[2019-12-09T05:06:02.234+0000][1][safepoint    ] Application time: 1.0000764 seconds
[2019-12-09T05:06:02.234+0000][1][safepoint    ] Entering safepoint region: Cleanup
[2019-12-09T05:06:02.234+0000][1][safepoint    ] Leaving safepoint region
[2019-12-09T05:06:02.234+0000][1][safepoint    ] Total time for which application threads were stopped: 0.0000759 seconds, Stopping threads took: 0.0000276 seconds
[2019-12-09T05:06:03.234+0000][1][safepoint    ] Application time: 1.0000767 seconds
[2019-12-09T05:06:03.234+0000][1][safepoint    ] Entering safepoint region: Cleanup
[2019-12-09T05:06:03.234+0000][1][safepoint    ] Leaving safepoint region
[2019-12-09T05:06:03.234+0000][1][safepoint    ] Total time for which application threads were stopped: 0.0000673 seconds, Stopping threads took: 0.0000170 seconds
[2019-12-09T05:06:04.234+0000][1][safepoint    ] Application time: 1.0000772 seconds
[2019-12-09T05:06:04.234+0000][1][safepoint    ] Entering safepoint region: Cleanup
[2019-12-09T05:06:04.234+0000][1][safepoint    ] Leaving safepoint region
[2019-12-09T05:06:04.234+0000][1][safepoint    ] Total time for which application threads were stopped: 0.0000644 seconds, Stopping threads took: 0.0000162 seconds
[2019-12-09T05:06:05.234+0000][1][safepoint    ] Application time: 1.0000771 seconds
[2019-12-09T05:06:05.234+0000][1][safepoint    ] Entering safepoint region: Cleanup
[2019-12-09T05:06:05.234+0000][1][safepoint    ] Leaving safepoint region
[2019-12-09T05:06:05.234+0000][1][safepoint    ] Total time for which application threads were stopped: 0.0000695 seconds, Stopping threads took: 0.0000175 seconds
[2019-12-09T05:06:06.234+0000][1][safepoint    ] Application time: 1.0000769 seconds
[2019-12-09T05:06:06.234+0000][1][safepoint    ] Entering safepoint region: Cleanup
[2019-12-09T05:06:06.234+0000][1][safepoint    ] Leaving safepoint region
[2019-12-09T05:06:06.235+0000][1][safepoint    ] Total time for which application threads were stopped: 0.0000674 seconds, Stopping threads took: 0.0000171 seconds
[2019-12-09T05:06:07.235+0000][1][safepoint    ] Application time: 1.0000766 seconds
[2019-12-09T05:06:07.235+0000][1][safepoint    ] Entering safepoint region: Cleanup
[2019-12-09T05:06:07.235+0000][1][safepoint    ] Leaving safepoint region
[2019-12-09T05:06:07.235+0000][1][safepoint    ] Total time for which application threads were stopped: 0.0000752 seconds, Stopping threads took: 0.0000171 seconds
[2019-12-09T05:06:08.235+0000][1][safepoint    ] Application time: 1.0000766 seconds
[2019-12-09T05:06:08.235+0000][1][safepoint    ] Entering safepoint region: Cleanup
[2019-12-09T05:06:08.235+0000][1][safepoint    ] Leaving safepoint region
[2019-12-09T05:06:08.235+0000][1][safepoint    ] Total time for which application threads were stopped: 0.0000721 seconds, Stopping threads took: 0.0000232 seconds
[2019-12-09T05:06:09.235+0000][1][safepoint    ] Application time: 1.0000765 seconds
[2019-12-09T05:06:09.235+0000][1][safepoint    ] Entering safepoint region: Cleanup
[2019-12-09T05:06:09.235+0000][1][safepoint    ] Leaving safepoint region
[2019-12-09T05:06:09.235+0000][1][safepoint    ] Total time for which application threads were stopped: 0.0000654 seconds, Stopping threads took: 0.0000161 seconds
[2019-12-09T05:06:10.235+0000][1][safepoint    ] Application time: 1.0000773 seconds
[2019-12-09T05:06:10.235+0000][1][safepoint    ] Entering safepoint region: Cleanup
[2019-12-09T05:06:10.235+0000][1][safepoint    ] Leaving safepoint region
[2019-12-09T05:06:10.235+0000][1][safepoint    ] Total time for which application threads were stopped: 0.0000668 seconds, Stopping threads took: 0.0000165 seconds
[2019-12-09T05:06:11.235+0000][1][safepoint    ] Application time: 1.0000761 seconds
[2019-12-09T05:06:11.235+0000][1][safepoint    ] Entering safepoint region: Cleanup
[2019-12-09T05:06:11.235+0000][1][safepoint    ] Leaving safepoint region
[2019-12-09T05:06:11.235+0000][1][safepoint    ] Total time for which application threads were stopped: 0.0000667 seconds, Stopping threads took: 0.0000161 seconds
[2019-12-09T05:06:12.236+0000][1][safepoint    ] Application time: 1.0000757 seconds
[2019-12-09T05:06:12.236+0000][1][safepoint    ] Entering safepoint region: Cleanup
[2019-12-09T05:06:12.236+0000][1][safepoint    ] Leaving safepoint region
[2019-12-09T05:06:12.236+0000][1][safepoint    ] Total time for which application threads were stopped: 0.0000648 seconds, Stopping threads took: 0.0000167 seconds
[2019-12-09T05:06:13.236+0000][1][safepoint    ] Application time: 1.0000743 seconds
[2019-12-09T05:06:13.236+0000][1][safepoint    ] Entering safepoint region: Cleanup
[2019-12-09T05:06:13.236+0000][1][safepoint    ] Leaving safepoint region
[2019-12-09T05:06:13.236+0000][1][safepoint    ] Total time for which application threads were stopped: 0.0000746 seconds, Stopping threads took: 0.0000248 seconds
[2019-12-09T05:06:14.236+0000][1][safepoint    ] Application time: 1.0000774 seconds
[2019-12-09T05:06:14.236+0000][1][safepoint    ] Entering safepoint region: Cleanup
[2019-12-09T05:06:14.236+0000][1][safepoint    ] Leaving safepoint region
[2019-12-09T05:06:14.236+0000][1][safepoint    ] Total time for which application threads were stopped: 0.0000642 seconds, Stopping threads took: 0.0000158 seconds
[2019-12-09T05:06:15.236+0000][1][safepoint    ] Application time: 1.0000736 seconds
[2019-12-09T05:06:15.236+0000][1][safepoint    ] Entering safepoint region: Cleanup
[2019-12-09T05:06:15.236+0000][1][safepoint    ] Leaving safepoint region
[2019-12-09T05:06:15.236+0000][1][safepoint    ] Total time for which application threads were stopped: 0.0000676 seconds, Stopping threads took: 0.0000166 seconds
[2019-12-09T05:06:16.236+0000][1][safepoint    ] Application time: 1.0000757 seconds
[2019-12-09T05:06:16.236+0000][1][safepoint    ] Entering safepoint region: Cleanup
[2019-12-09T05:06:16.236+0000][1][safepoint    ] Leaving safepoint region
[2019-12-09T05:06:16.236+0000][1][safepoint    ] Total time for which application threads were stopped: 0.0000666 seconds, Stopping threads took: 0.0000174 seconds
[2019-12-09T05:06:17.236+0000][1][safepoint    ] Application time: 1.0000751 seconds
[2019-12-09T05:06:17.237+0000][1][safepoint    ] Entering safepoint region: Cleanup
[2019-12-09T05:06:17.237+0000][1][safepoint    ] Leaving safepoint region
[2019-12-09T05:06:17.237+0000][1][safepoint    ] Total time for which application threads were stopped: 0.0000624 seconds, Stopping threads took: 0.0000155 seconds
[2019-12-09T05:06:18.237+0000][1][safepoint    ] Application time: 1.0000733 seconds
[2019-12-09T05:06:18.237+0000][1][safepoint    ] Entering safepoint region: Cleanup
[2019-12-09T05:06:18.237+0000][1][safepoint    ] Leaving safepoint region
[2019-12-09T05:06:18.237+0000][1][safepoint    ] Total time for which application threads were stopped: 0.0000840 seconds, Stopping threads took: 0.0000211 seconds
[2019-12-09T05:06:19.237+0000][1][safepoint    ] Application time: 1.0000757 seconds
[2019-12-09T05:06:19.237+0000][1][safepoint    ] Entering safepoint region: Cleanup
[2019-12-09T05:06:19.237+0000][1][safepoint    ] Leaving safepoint region
[2019-12-09T05:06:19.237+0000][1][safepoint    ] Total time for which application threads were stopped: 0.0000660 seconds, Stopping threads took: 0.0000166 seconds
[2019-12-09T05:06:20.237+0000][1][safepoint    ] Application time: 1.0000719 seconds
[2019-12-09T05:06:20.237+0000][1][safepoint    ] Entering safepoint region: Cleanup
[2019-12-09T05:06:20.237+0000][1][safepoint    ] Leaving safepoint region
[2019-12-09T05:06:20.237+0000][1][safepoint    ] Total time for which application threads were stopped: 0.0000646 seconds, Stopping threads took: 0.0000160 seconds
[2019-12-09T05:06:21.237+0000][1][safepoint    ] Application time: 1.0000811 seconds
[2019-12-09T05:06:21.237+0000][1][safepoint    ] Entering safepoint region: Cleanup
[2019-12-09T05:06:21.237+0000][1][safepoint    ] Leaving safepoint region
[2019-12-09T05:06:21.237+0000][1][safepoint    ] Total time for which application threads were stopped: 0.0000653 seconds, Stopping threads took: 0.0000167 seconds
[2019-12-09T05:06:22.237+0000][1][safepoint    ] Application time: 1.0000773 seconds
[2019-12-09T05:06:22.237+0000][1][safepoint    ] Entering safepoint region: Cleanup
[2019-12-09T05:06:22.238+0000][1][safepoint    ] Leaving safepoint region
[2019-12-09T05:06:22.238+0000][1][safepoint    ] Total time for which application threads were stopped: 0.0000656 seconds, Stopping threads took: 0.0000169 seconds
[2019-12-09T05:06:23.238+0000][1][safepoint    ] Application time: 1.0000792 seconds
[2019-12-09T05:06:23.238+0000][1][safepoint    ] Entering safepoint region: Cleanup
[2019-12-09T05:06:23.238+0000][1][safepoint    ] Leaving safepoint region
[2019-12-09T05:06:23.238+0000][1][safepoint    ] Total time for which application threads were stopped: 0.0000740 seconds, Stopping threads took: 0.0000149 seconds
[2019-12-09T05:06:24.238+0000][1][safepoint    ] Application time: 1.0000792 seconds
[2019-12-09T05:06:24.238+0000][1][safepoint    ] Entering safepoint region: Cleanup
[2019-12-09T05:06:24.238+0000][1][safepoint    ] Leaving safepoint region
[2019-12-09T05:06:24.238+0000][1][safepoint    ] Total time for which application threads were stopped: 0.0000660 seconds, Stopping threads took: 0.0000165 seconds
[2019-12-09T05:06:25.238+0000][1][safepoint    ] Application time: 1.0000810 seconds
[2019-12-09T05:06:25.238+0000][1][safepoint    ] Entering safepoint region: Cleanup
[2019-12-09T05:06:25.238+0000][1][safepoint    ] Leaving safepoint region
[2019-12-09T05:06:25.238+0000][1][safepoint    ] Total time for which application threads were stopped: 0.0000644 seconds, Stopping threads took: 0.0000151 seconds
[2019-12-09T05:06:26.238+0000][1][safepoint    ] Application time: 1.0000810 seconds
[2019-12-09T05:06:26.238+0000][1][safepoint    ] Entering safepoint region: Cleanup
[2019-12-09T05:06:26.238+0000][1][safepoint    ] Leaving safepoint region
[2019-12-09T05:06:26.238+0000][1][safepoint    ] Total time for which application threads were stopped: 0.0000676 seconds, Stopping threads took: 0.0000167 seconds
[2019-12-09T05:06:27.238+0000][1][safepoint    ] Application time: 1.0000786 seconds
[2019-12-09T05:06:27.238+0000][1][safepoint    ] Entering safepoint region: Cleanup
[2019-12-09T05:06:27.238+0000][1][safepoint    ] Leaving safepoint region
[2019-12-09T05:06:27.238+0000][1][safepoint    ] Total time for which application threads were stopped: 0.0000677 seconds, Stopping threads took: 0.0000179 seconds
[2019-12-09T05:06:28.239+0000][1][safepoint    ] Application time: 1.0000816 seconds
[2019-12-09T05:06:28.239+0000][1][safepoint    ] Entering safepoint region: Cleanup
[2019-12-09T05:06:28.239+0000][1][safepoint    ] Leaving safepoint region
[2019-12-09T05:06:28.239+0000][1][safepoint    ] Total time for which application threads were stopped: 0.0000656 seconds, Stopping threads took: 0.0000165 seconds
[2019-12-09T05:06:29.239+0000][1][safepoint    ] Application time: 1.0000778 seconds
[2019-12-09T05:06:29.239+0000][1][safepoint    ] Entering safepoint region: Cleanup
[2019-12-09T05:06:29.239+0000][1][safepoint    ] Leaving safepoint region
[2019-12-09T05:06:29.239+0000][1][safepoint    ] Total time for which application threads were stopped: 0.0000650 seconds, Stopping threads took: 0.0000156 seconds
[2019-12-09T05:06:30.239+0000][1][safepoint    ] Application time: 1.0000788 seconds
[2019-12-09T05:06:30.239+0000][1][safepoint    ] Entering safepoint region: Cleanup
[2019-12-09T05:06:30.239+0000][1][safepoint    ] Leaving safepoint region
[2019-12-09T05:06:30.239+0000][1][safepoint    ] Total time for which application threads were stopped: 0.0000674 seconds, Stopping threads took: 0.0000164 seconds
[2019-12-09T05:06:31.239+0000][1][safepoint    ] Application time: 1.0000816 seconds
[2019-12-09T05:06:31.239+0000][1][safepoint    ] Entering safepoint region: Cleanup
[2019-12-09T05:06:31.239+0000][1][safepoint    ] Leaving safepoint region
[2019-12-09T05:06:31.239+0000][1][safepoint    ] Total time for which application threads were stopped: 0.0000654 seconds, Stopping threads took: 0.0000170 seconds
[2019-12-09T05:06:32.239+0000][1][safepoint    ] Application time: 1.0000789 seconds
[2019-12-09T05:06:32.239+0000][1][safepoint    ] Entering safepoint region: Cleanup
[2019-12-09T05:06:32.239+0000][1][safepoint    ] Leaving safepoint region
[2019-12-09T05:06:32.239+0000][1][safepoint    ] Total time for which application threads were stopped: 0.0000666 seconds, Stopping threads took: 0.0000188 seconds
[2019-12-09T05:06:33.796+0000][1][safepoint    ] Application time: 1.5565808 seconds
[2019-12-09T05:06:33.796+0000][1][safepoint    ] Entering safepoint region: Cleanup
[2019-12-09T05:06:33.796+0000][1][safepoint    ] Leaving safepoint region
[2019-12-09T05:06:33.796+0000][1][safepoint    ] Total time for which application threads were stopped: 0.0000650 seconds, Stopping threads took: 0.0000150 seconds
[2019-12-09T05:06:34.796+0000][1][safepoint    ] Application time: 1.0000768 seconds
[2019-12-09T05:06:34.796+0000][1][safepoint    ] Entering safepoint region: Cleanup
[2019-12-09T05:06:34.796+0000][1][safepoint    ] Leaving safepoint region
[2019-12-09T05:06:34.796+0000][1][safepoint    ] Total time for which application threads were stopped: 0.0000603 seconds, Stopping threads took: 0.0000144 seconds
[2019-12-09T05:06:35.796+0000][1][safepoint    ] Application time: 1.0000760 seconds
[2019-12-09T05:06:35.796+0000][1][safepoint    ] Entering safepoint region: Cleanup
[2019-12-09T05:06:35.796+0000][1][safepoint    ] Leaving safepoint region
[2019-12-09T05:06:35.796+0000][1][safepoint    ] Total time for which application threads were stopped: 0.0000663 seconds, Stopping threads took: 0.0000172 seconds
[2019-12-09T05:06:36.797+0000][1][safepoint    ] Application time: 1.0000796 seconds
[2019-12-09T05:06:36.797+0000][1][safepoint    ] Entering safepoint region: Cleanup
[2019-12-09T05:06:36.797+0000][1][safepoint    ] Leaving safepoint region
[2019-12-09T05:06:36.797+0000][1][safepoint    ] Total time for which application threads were stopped: 0.0000659 seconds, Stopping threads took: 0.0000158 seconds
[2019-12-09T05:06:37.797+0000][1][safepoint    ] Application time: 1.0000853 seconds
[2019-12-09T05:06:37.797+0000][1][safepoint    ] Entering safepoint region: Cleanup
[2019-12-09T05:06:37.797+0000][1][safepoint    ] Leaving safepoint region
[2019-12-09T05:06:37.797+0000][1][safepoint    ] Total time for which application threads were stopped: 0.0000766 seconds, Stopping threads took: 0.0000217 seconds
[2019-12-09T05:06:38.797+0000][1][safepoint    ] Application time: 1.0000925 seconds
[2019-12-09T05:06:38.797+0000][1][safepoint    ] Entering safepoint region: Cleanup
[2019-12-09T05:06:38.797+0000][1][safepoint    ] Leaving safepoint region
[2019-12-09T05:06:38.797+0000][1][safepoint    ] Total time for which application threads were stopped: 0.0000687 seconds, Stopping threads took: 0.0000178 seconds
[2019-12-09T05:06:39.797+0000][1][safepoint    ] Application time: 1.0000830 seconds
[2019-12-09T05:06:39.797+0000][1][safepoint    ] Entering safepoint region: Cleanup
[2019-12-09T05:06:39.797+0000][1][safepoint    ] Leaving safepoint region
[2019-12-09T05:06:39.797+0000][1][safepoint    ] Total time for which application threads were stopped: 0.0000653 seconds, Stopping threads took: 0.0000171 seconds
[2019-12-09T05:06:40.797+0000][1][safepoint    ] Application time: 1.0000825 seconds
[2019-12-09T05:06:40.797+0000][1][safepoint    ] Entering safepoint region: Cleanup
[2019-12-09T05:06:40.797+0000][1][safepoint    ] Leaving safepoint region
[2019-12-09T05:06:40.797+0000][1][safepoint    ] Total time for which application threads were stopped: 0.0000675 seconds, Stopping threads took: 0.0000171 seconds
[2019-12-09T05:06:41.798+0000][1][safepoint    ] Application time: 1.0000785 seconds
[2019-12-09T05:06:41.798+0000][1][safepoint    ] Entering safepoint region: Cleanup
[2019-12-09T05:06:41.798+0000][1][safepoint    ] Leaving safepoint region
[2019-12-09T05:06:41.798+0000][1][safepoint    ] Total time for which application threads were stopped: 0.0000697 seconds, Stopping threads took: 0.0000187 seconds
[2019-12-09T05:06:42.798+0000][1][safepoint    ] Application time: 1.0000834 seconds
[2019-12-09T05:06:42.798+0000][1][safepoint    ] Entering safepoint region: Cleanup
[2019-12-09T05:06:42.798+0000][1][safepoint    ] Leaving safepoint region
[2019-12-09T05:06:42.798+0000][1][safepoint    ] Total time for which application threads were stopped: 0.0001159 seconds, Stopping threads took: 0.0000586 seconds
[2019-12-09T05:06:43.798+0000][1][safepoint    ] Application time: 1.0000910 seconds
[2019-12-09T05:06:43.798+0000][1][safepoint    ] Entering safepoint region: Cleanup
[2019-12-09T05:06:43.798+0000][1][safepoint    ] Leaving safepoint region
[2019-12-09T05:06:43.798+0000][1][safepoint    ] Total time for which application threads were stopped: 0.0000672 seconds, Stopping threads took: 0.0000166 seconds
[2019-12-09T05:06:44.798+0000][1][safepoint    ] Application time: 1.0000807 seconds
[2019-12-09T05:06:44.798+0000][1][safepoint    ] Entering safepoint region: Cleanup
[2019-12-09T05:06:44.798+0000][1][safepoint    ] Leaving safepoint region
[2019-12-09T05:06:44.798+0000][1][safepoint    ] Total time for which application threads were stopped: 0.0000652 seconds, Stopping threads took: 0.0000167 seconds
[2019-12-09T05:06:45.798+0000][1][safepoint    ] Application time: 1.0000802 seconds
[2019-12-09T05:06:45.798+0000][1][safepoint    ] Entering safepoint region: Cleanup
[2019-12-09T05:06:45.798+0000][1][safepoint    ] Leaving safepoint region
[2019-12-09T05:06:45.798+0000][1][safepoint    ] Total time for which application threads were stopped: 0.0000639 seconds, Stopping threads took: 0.0000162 seconds
[2019-12-09T05:06:46.799+0000][1][safepoint    ] Application time: 1.0000748 seconds
[2019-12-09T05:06:46.799+0000][1][safepoint    ] Entering safepoint region: Cleanup
[2019-12-09T05:06:46.799+0000][1][safepoint    ] Leaving safepoint region
[2019-12-09T05:06:46.799+0000][1][safepoint    ] Total time for which application threads were stopped: 0.0000676 seconds, Stopping threads took: 0.0000177 seconds
[2019-12-09T05:06:47.799+0000][1][safepoint    ] Application time: 1.0000866 seconds
[2019-12-09T05:06:47.799+0000][1][safepoint    ] Entering safepoint region: Cleanup
[2019-12-09T05:06:47.799+0000][1][safepoint    ] Leaving safepoint region
[2019-12-09T05:06:47.799+0000][1][safepoint    ] Total time for which application threads were stopped: 0.0000669 seconds, Stopping threads took: 0.0000170 seconds
[2019-12-09T05:06:48.799+0000][1][safepoint    ] Application time: 1.0000779 seconds
[2019-12-09T05:06:48.799+0000][1][safepoint    ] Entering safepoint region: Cleanup
[2019-12-09T05:06:48.799+0000][1][safepoint    ] Leaving safepoint region
[2019-12-09T05:06:48.799+0000][1][safepoint    ] Total time for which application threads were stopped: 0.0000674 seconds, Stopping threads took: 0.0000174 seconds
[2019-12-09T05:06:49.799+0000][1][safepoint    ] Application time: 1.0000759 seconds
[2019-12-09T05:06:49.799+0000][1][safepoint    ] Entering safepoint region: Cleanup
[2019-12-09T05:06:49.799+0000][1][safepoint    ] Leaving safepoint region
[2019-12-09T05:06:49.799+0000][1][safepoint    ] Total time for which application threads were stopped: 0.0000665 seconds, Stopping threads took: 0.0000176 seconds
[2019-12-09T05:06:50.799+0000][1][safepoint    ] Application time: 1.0000777 seconds
[2019-12-09T05:06:50.799+0000][1][safepoint    ] Entering safepoint region: Cleanup
[2019-12-09T05:06:50.799+0000][1][safepoint    ] Leaving safepoint region
[2019-12-09T05:06:50.799+0000][1][safepoint    ] Total time for which application threads were stopped: 0.0000663 seconds, Stopping threads took: 0.0000159 seconds
[2019-12-09T05:06:51.800+0000][1][safepoint    ] Application time: 1.0000841 seconds
[2019-12-09T05:06:51.800+0000][1][safepoint    ] Entering safepoint region: Cleanup
[2019-12-09T05:06:51.800+0000][1][safepoint    ] Leaving safepoint region
[2019-12-09T05:06:51.800+0000][1][safepoint    ] Total time for which application threads were stopped: 0.0000864 seconds, Stopping threads took: 0.0000220 seconds
[2019-12-09T05:06:52.800+0000][1][safepoint    ] Application time: 1.0000756 seconds
[2019-12-09T05:06:52.800+0000][1][safepoint    ] Entering safepoint region: Cleanup
[2019-12-09T05:06:52.800+0000][1][safepoint    ] Leaving safepoint region
[2019-12-09T05:06:52.800+0000][1][safepoint    ] Total time for which application threads were stopped: 0.0000735 seconds, Stopping threads took: 0.0000235 seconds
[2019-12-09T05:06:53.800+0000][1][safepoint    ] Application time: 1.0000749 seconds
[2019-12-09T05:06:53.800+0000][1][safepoint    ] Entering safepoint region: Cleanup
[2019-12-09T05:06:53.800+0000][1][safepoint    ] Leaving safepoint region
[2019-12-09T05:06:53.800+0000][1][safepoint    ] Total time for which application threads were stopped: 0.0000662 seconds, Stopping threads took: 0.0000162 seconds
[2019-12-09T05:06:54.800+0000][1][safepoint    ] Application time: 1.0000756 seconds
[2019-12-09T05:06:54.800+0000][1][safepoint    ] Entering safepoint region: Cleanup
[2019-12-09T05:06:54.800+0000][1][safepoint    ] Leaving safepoint region
[2019-12-09T05:06:54.800+0000][1][safepoint    ] Total time for which application threads were stopped: 0.0000657 seconds, Stopping threads took: 0.0000170 seconds
[2019-12-09T05:06:55.800+0000][1][safepoint    ] Application time: 1.0000745 seconds
[2019-12-09T05:06:55.800+0000][1][safepoint    ] Entering safepoint region: Cleanup
[2019-12-09T05:06:55.800+0000][1][safepoint    ] Leaving safepoint region
[2019-12-09T05:06:55.800+0000][1][safepoint    ] Total time for which application threads were stopped: 0.0000647 seconds, Stopping threads took: 0.0000162 seconds
[2019-12-09T05:06:56.800+0000][1][safepoint    ] Application time: 1.0000777 seconds
[2019-12-09T05:06:56.801+0000][1][safepoint    ] Entering safepoint region: Cleanup
[2019-12-09T05:06:56.801+0000][1][safepoint    ] Leaving safepoint region
[2019-12-09T05:06:56.801+0000][1][safepoint    ] Total time for which application threads were stopped: 0.0000685 seconds, Stopping threads took: 0.0000181 seconds
[2019-12-09T05:06:57.801+0000][1][safepoint    ] Application time: 1.0000750 seconds
[2019-12-09T05:06:57.801+0000][1][safepoint    ] Entering safepoint region: Cleanup
[2019-12-09T05:06:57.801+0000][1][safepoint    ] Leaving safepoint region
[2019-12-09T05:06:57.801+0000][1][safepoint    ] Total time for which application threads were stopped: 0.0000727 seconds, Stopping threads took: 0.0000246 seconds
[2019-12-09T05:06:58.801+0000][1][safepoint    ] Application time: 1.0000760 seconds
[2019-12-09T05:06:58.801+0000][1][safepoint    ] Entering safepoint region: Cleanup
[2019-12-09T05:06:58.801+0000][1][safepoint    ] Leaving safepoint region
[2019-12-09T05:06:58.801+0000][1][safepoint    ] Total time for which application threads were stopped: 0.0000654 seconds, Stopping threads took: 0.0000172 seconds
[2019-12-09T05:06:59.801+0000][1][safepoint    ] Application time: 1.0000758 seconds
[2019-12-09T05:06:59.801+0000][1][safepoint    ] Entering safepoint region: Cleanup
[2019-12-09T05:06:59.801+0000][1][safepoint    ] Leaving safepoint region
[2019-12-09T05:06:59.801+0000][1][safepoint    ] Total time for which application threads were stopped: 0.0000679 seconds, Stopping threads took: 0.0000192 seconds
[2019-12-09T05:07:00.801+0000][1][safepoint    ] Application time: 1.0000769 seconds
[2019-12-09T05:07:00.801+0000][1][safepoint    ] Entering safepoint region: Cleanup
[2019-12-09T05:07:00.801+0000][1][safepoint    ] Leaving safepoint region
[2019-12-09T05:07:00.801+0000][1][safepoint    ] Total time for which application threads were stopped: 0.0000692 seconds, Stopping threads took: 0.0000192 seconds
[2019-12-09T05:07:01.801+0000][1][safepoint    ] Application time: 1.0000768 seconds
[2019-12-09T05:07:01.801+0000][1][safepoint    ] Entering safepoint region: Cleanup
[2019-12-09T05:07:01.802+0000][1][safepoint    ] Leaving safepoint region
[2019-12-09T05:07:01.802+0000][1][safepoint    ] Total time for which application threads were stopped: 0.0000698 seconds, Stopping threads took: 0.0000171 seconds
[2019-12-09T05:07:02.802+0000][1][safepoint    ] Application time: 1.0000777 seconds
[2019-12-09T05:07:02.802+0000][1][safepoint    ] Entering safepoint region: Cleanup
[2019-12-09T05:07:02.802+0000][1][safepoint    ] Leaving safepoint region
[2019-12-09T05:07:02.802+0000][1][safepoint    ] Total time for which application threads were stopped: 0.0000765 seconds, Stopping threads took: 0.0000266 seconds
[2019-12-09T05:07:03.802+0000][1][safepoint    ] Application time: 1.0000763 seconds
[2019-12-09T05:07:03.802+0000][1][safepoint    ] Entering safepoint region: Cleanup
[2019-12-09T05:07:03.802+0000][1][safepoint    ] Leaving safepoint region
[2019-12-09T05:07:03.802+0000][1][safepoint    ] Total time for which application threads were stopped: 0.0000694 seconds, Stopping threads took: 0.0000179 seconds
[2019-12-09T05:07:04.802+0000][1][safepoint    ] Application time: 1.0000691 seconds
[2019-12-09T05:07:04.802+0000][1][safepoint    ] Entering safepoint region: Cleanup
[2019-12-09T05:07:04.802+0000][1][safepoint    ] Leaving safepoint region
[2019-12-09T05:07:04.802+0000][1][safepoint    ] Total time for which application threads were stopped: 0.0000673 seconds, Stopping threads took: 0.0000171 seconds
[2019-12-09T05:07:05.802+0000][1][safepoint    ] Application time: 1.0000814 seconds
[2019-12-09T05:07:05.802+0000][1][safepoint    ] Entering safepoint region: Cleanup
[2019-12-09T05:07:05.802+0000][1][safepoint    ] Leaving safepoint region
[2019-12-09T05:07:05.802+0000][1][safepoint    ] Total time for which application threads were stopped: 0.0000673 seconds, Stopping threads took: 0.0000175 seconds
[2019-12-09T05:07:06.802+0000][1][safepoint    ] Application time: 1.0000800 seconds
[2019-12-09T05:07:06.802+0000][1][safepoint    ] Entering safepoint region: Cleanup
[2019-12-09T05:07:06.803+0000][1][safepoint    ] Leaving safepoint region
[2019-12-09T05:07:06.803+0000][1][safepoint    ] Total time for which application threads were stopped: 0.0000753 seconds, Stopping threads took: 0.0000247 seconds
[2019-12-09T05:07:07.803+0000][1][safepoint    ] Application time: 1.0000760 seconds
[2019-12-09T05:07:07.803+0000][1][safepoint    ] Entering safepoint region: Cleanup
[2019-12-09T05:07:07.803+0000][1][safepoint    ] Leaving safepoint region
[2019-12-09T05:07:07.803+0000][1][safepoint    ] Total time for which application threads were stopped: 0.0000831 seconds, Stopping threads took: 0.0000228 seconds
[2019-12-09T05:07:08.803+0000][1][safepoint    ] Application time: 1.0000771 seconds
[2019-12-09T05:07:08.803+0000][1][safepoint    ] Entering safepoint region: Cleanup
[2019-12-09T05:07:08.803+0000][1][safepoint    ] Leaving safepoint region
[2019-12-09T05:07:08.803+0000][1][safepoint    ] Total time for which application threads were stopped: 0.0000678 seconds, Stopping threads took: 0.0000164 seconds
[2019-12-09T05:07:09.803+0000][1][safepoint    ] Application time: 1.0000770 seconds
[2019-12-09T05:07:09.803+0000][1][safepoint    ] Entering safepoint region: Cleanup
[2019-12-09T05:07:09.803+0000][1][safepoint    ] Leaving safepoint region
[2019-12-09T05:07:09.803+0000][1][safepoint    ] Total time for which application threads were stopped: 0.0000703 seconds, Stopping threads took: 0.0000172 seconds
[2019-12-09T05:07:10.803+0000][1][safepoint    ] Application time: 1.0000771 seconds
[2019-12-09T05:07:10.803+0000][1][safepoint    ] Entering safepoint region: Cleanup
[2019-12-09T05:07:10.803+0000][1][safepoint    ] Leaving safepoint region
[2019-12-09T05:07:10.803+0000][1][safepoint    ] Total time for which application threads were stopped: 0.0000659 seconds, Stopping threads took: 0.0000168 seconds
[2019-12-09T05:07:11.803+0000][1][safepoint    ] Application time: 1.0000800 seconds
[2019-12-09T05:07:11.803+0000][1][safepoint    ] Entering safepoint region: Cleanup
[2019-12-09T05:07:11.803+0000][1][safepoint    ] Leaving safepoint region
[2019-12-09T05:07:11.803+0000][1][safepoint    ] Total time for which application threads were stopped: 0.0000718 seconds, Stopping threads took: 0.0000175 seconds
[2019-12-09T05:07:12.804+0000][1][safepoint    ] Application time: 1.0000770 seconds
[2019-12-09T05:07:12.804+0000][1][safepoint    ] Entering safepoint region: Cleanup
[2019-12-09T05:07:12.804+0000][1][safepoint    ] Leaving safepoint region
[2019-12-09T05:07:12.804+0000][1][safepoint    ] Total time for which application threads were stopped: 0.0000735 seconds, Stopping threads took: 0.0000245 seconds
[2019-12-09T05:07:13.804+0000][1][safepoint    ] Application time: 1.0000780 seconds
[2019-12-09T05:07:13.804+0000][1][safepoint    ] Entering safepoint region: Cleanup
[2019-12-09T05:07:13.804+0000][1][safepoint    ] Leaving safepoint region
[2019-12-09T05:07:13.804+0000][1][safepoint    ] Total time for which application threads were stopped: 0.0000678 seconds, Stopping threads took: 0.0000170 seconds
[2019-12-09T05:07:14.804+0000][1][safepoint    ] Application time: 1.0000770 seconds
[2019-12-09T05:07:14.804+0000][1][safepoint    ] Entering safepoint region: Cleanup
[2019-12-09T05:07:14.804+0000][1][safepoint    ] Leaving safepoint region
[2019-12-09T05:07:14.804+0000][1][safepoint    ] Total time for which application threads were stopped: 0.0000659 seconds, Stopping threads took: 0.0000162 seconds
[2019-12-09T05:07:15.804+0000][1][safepoint    ] Application time: 1.0000772 seconds
[2019-12-09T05:07:15.804+0000][1][safepoint    ] Entering safepoint region: Cleanup
[2019-12-09T05:07:15.804+0000][1][safepoint    ] Leaving safepoint region
[2019-12-09T05:07:15.804+0000][1][safepoint    ] Total time for which application threads were stopped: 0.0000652 seconds, Stopping threads took: 0.0000167 seconds
[2019-12-09T05:07:16.804+0000][1][safepoint    ] Application time: 1.0000895 seconds
[2019-12-09T05:07:16.804+0000][1][safepoint    ] Entering safepoint region: Cleanup
[2019-12-09T05:07:16.804+0000][1][safepoint    ] Leaving safepoint region
[2019-12-09T05:07:16.805+0000][1][safepoint    ] Total time for which application threads were stopped: 0.0001105 seconds, Stopping threads took: 0.0000363 seconds
[2019-12-09T05:07:17.805+0000][1][safepoint    ] Application time: 1.0000289 seconds
[2019-12-09T05:07:17.805+0000][1][safepoint    ] Entering safepoint region: Cleanup
[2019-12-09T05:07:17.805+0000][1][safepoint    ] Leaving safepoint region
[2019-12-09T05:07:17.805+0000][1][safepoint    ] Total time for which application threads were stopped: 0.0000664 seconds, Stopping threads took: 0.0000172 seconds
[2019-12-09T05:07:17.810+0000][1][safepoint    ] Application time: 0.0054327 seconds
[2019-12-09T05:07:17.810+0000][1][safepoint    ] Entering safepoint region: GenCollectForAllocation
[2019-12-09T05:07:17.810+0000][1][gc,start     ] GC(61) Pause Young (Allocation Failure)
[2019-12-09T05:07:17.810+0000][1][gc,task      ] GC(61) Using 2 workers of 2 for evacuation
[2019-12-09T05:07:17.811+0000][1][gc,age       ] GC(61) Desired survivor size 4456448 bytes, new threshold 6 (max threshold 6)
[2019-12-09T05:07:17.812+0000][1][gc,age       ] GC(61) Age table with threshold 6 (max threshold 6)
[2019-12-09T05:07:17.812+0000][1][gc,age       ] GC(61) - age   1:       4072 bytes,       4072 total
[2019-12-09T05:07:17.812+0000][1][gc,age       ] GC(61) - age   2:        584 bytes,       4656 total
[2019-12-09T05:07:17.812+0000][1][gc,age       ] GC(61) - age   4:      16400 bytes,      21056 total
[2019-12-09T05:07:17.812+0000][1][gc,age       ] GC(61) - age   5:        456 bytes,      21512 total
[2019-12-09T05:07:17.812+0000][1][gc,heap      ] GC(61) ParNew: 69976K->22K(78656K)
[2019-12-09T05:07:17.812+0000][1][gc,heap      ] GC(61) CMS: 69335K->69337K(174784K)
[2019-12-09T05:07:17.812+0000][1][gc,metaspace ] GC(61) Metaspace: 68453K->68453K(1112064K)
[2019-12-09T05:07:17.812+0000][1][gc           ] GC(61) Pause Young (Allocation Failure) 136M->67M(247M) 1.395ms
[2019-12-09T05:07:17.812+0000][1][gc,cpu       ] GC(61) User=0.01s Sys=0.00s Real=0.00s
[2019-12-09T05:07:17.812+0000][1][safepoint    ] Leaving safepoint region
[2019-12-09T05:07:17.812+0000][1][safepoint    ] Total time for which application threads were stopped: 0.0015080 seconds, Stopping threads took: 0.0000115 seconds
[2019-12-09T05:07:18.812+0000][1][safepoint    ] Application time: 1.0000865 seconds
[2019-12-09T05:07:18.812+0000][1][safepoint    ] Entering safepoint region: Cleanup
[2019-12-09T05:07:18.812+0000][1][safepoint    ] Leaving safepoint region
[2019-12-09T05:07:18.812+0000][1][safepoint    ] Total time for which application threads were stopped: 0.0000694 seconds, Stopping threads took: 0.0000166 seconds
[2019-12-09T05:07:19.812+0000][1][safepoint    ] Application time: 1.0000751 seconds
[2019-12-09T05:07:19.812+0000][1][safepoint    ] Entering safepoint region: Cleanup
[2019-12-09T05:07:19.812+0000][1][safepoint    ] Leaving safepoint region
[2019-12-09T05:07:19.812+0000][1][safepoint    ] Total time for which application threads were stopped: 0.0000659 seconds, Stopping threads took: 0.0000161 seconds
[2019-12-09T05:07:20.812+0000][1][safepoint    ] Application time: 1.0000774 seconds
[2019-12-09T05:07:20.812+0000][1][safepoint    ] Entering safepoint region: Cleanup
[2019-12-09T05:07:20.812+0000][1][safepoint    ] Leaving safepoint region
[2019-12-09T05:07:20.812+0000][1][safepoint    ] Total time for which application threads were stopped: 0.0000669 seconds, Stopping threads took: 0.0000168 seconds
[2019-12-09T05:07:21.812+0000][1][safepoint    ] Application time: 1.0000765 seconds
[2019-12-09T05:07:21.812+0000][1][safepoint    ] Entering safepoint region: Cleanup
[2019-12-09T05:07:21.812+0000][1][safepoint    ] Leaving safepoint region
[2019-12-09T05:07:21.812+0000][1][safepoint    ] Total time for which application threads were stopped: 0.0000684 seconds, Stopping threads took: 0.0000180 seconds
[2019-12-09T05:07:22.812+0000][1][safepoint    ] Application time: 1.0000739 seconds
[2019-12-09T05:07:22.813+0000][1][safepoint    ] Entering safepoint region: Cleanup
[2019-12-09T05:07:22.813+0000][1][safepoint    ] Leaving safepoint region
[2019-12-09T05:07:22.813+0000][1][safepoint    ] Total time for which application threads were stopped: 0.0001164 seconds, Stopping threads took: 0.0000625 seconds
[2019-12-09T05:07:23.813+0000][1][safepoint    ] Application time: 1.0000773 seconds
[2019-12-09T05:07:23.813+0000][1][safepoint    ] Entering safepoint region: Cleanup
[2019-12-09T05:07:23.813+0000][1][safepoint    ] Leaving safepoint region
[2019-12-09T05:07:23.813+0000][1][safepoint    ] Total time for which application threads were stopped: 0.0000670 seconds, Stopping threads took: 0.0000187 seconds
[2019-12-09T05:07:24.813+0000][1][safepoint    ] Application time: 1.0000757 seconds
[2019-12-09T05:07:24.813+0000][1][safepoint    ] Entering safepoint region: Cleanup
[2019-12-09T05:07:24.813+0000][1][safepoint    ] Leaving safepoint region
[2019-12-09T05:07:24.813+0000][1][safepoint    ] Total time for which application threads were stopped: 0.0000673 seconds, Stopping threads took: 0.0000165 seconds
[2019-12-09T05:07:25.813+0000][1][safepoint    ] Application time: 1.0000749 seconds
[2019-12-09T05:07:25.813+0000][1][safepoint    ] Entering safepoint region: Cleanup
[2019-12-09T05:07:25.813+0000][1][safepoint    ] Leaving safepoint region
[2019-12-09T05:07:25.813+0000][1][safepoint    ] Total time for which application threads were stopped: 0.0000666 seconds, Stopping threads took: 0.0000172 seconds
[2019-12-09T05:07:26.813+0000][1][safepoint    ] Application time: 1.0000755 seconds
[2019-12-09T05:07:26.813+0000][1][safepoint    ] Entering safepoint region: Cleanup
[2019-12-09T05:07:26.813+0000][1][safepoint    ] Leaving safepoint region
[2019-12-09T05:07:26.813+0000][1][safepoint    ] Total time for which application threads were stopped: 0.0000659 seconds, Stopping threads took: 0.0000162 seconds
[2019-12-09T05:07:27.813+0000][1][safepoint    ] Application time: 1.0000774 seconds
[2019-12-09T05:07:27.813+0000][1][safepoint    ] Entering safepoint region: Cleanup
[2019-12-09T05:07:27.814+0000][1][safepoint    ] Leaving safepoint region
[2019-12-09T05:07:27.814+0000][1][safepoint    ] Total time for which application threads were stopped: 0.0000660 seconds, Stopping threads took: 0.0000174 seconds
[2019-12-09T05:07:28.814+0000][1][safepoint    ] Application time: 1.0000766 seconds
[2019-12-09T05:07:28.814+0000][1][safepoint    ] Entering safepoint region: Cleanup
[2019-12-09T05:07:28.814+0000][1][safepoint    ] Leaving safepoint region
[2019-12-09T05:07:28.814+0000][1][safepoint    ] Total time for which application threads were stopped: 0.0000840 seconds, Stopping threads took: 0.0000311 seconds
[2019-12-09T05:07:29.814+0000][1][safepoint    ] Application time: 1.0000767 seconds
[2019-12-09T05:07:29.814+0000][1][safepoint    ] Entering safepoint region: Cleanup
[2019-12-09T05:07:29.814+0000][1][safepoint    ] Leaving safepoint region
[2019-12-09T05:07:29.814+0000][1][safepoint    ] Total time for which application threads were stopped: 0.0000694 seconds, Stopping threads took: 0.0000179 seconds
[2019-12-09T05:07:30.814+0000][1][safepoint    ] Application time: 1.0000764 seconds
[2019-12-09T05:07:30.814+0000][1][safepoint    ] Entering safepoint region: Cleanup
[2019-12-09T05:07:30.814+0000][1][safepoint    ] Leaving safepoint region
[2019-12-09T05:07:30.814+0000][1][safepoint    ] Total time for which application threads were stopped: 0.0000701 seconds, Stopping threads took: 0.0000192 seconds
[2019-12-09T05:07:31.814+0000][1][safepoint    ] Application time: 1.0000782 seconds
[2019-12-09T05:07:31.814+0000][1][safepoint    ] Entering safepoint region: Cleanup
[2019-12-09T05:07:31.814+0000][1][safepoint    ] Leaving safepoint region
[2019-12-09T05:07:31.814+0000][1][safepoint    ] Total time for which application threads were stopped: 0.0000668 seconds, Stopping threads took: 0.0000168 seconds
[2019-12-09T05:07:32.814+0000][1][safepoint    ] Application time: 1.0000764 seconds
[2019-12-09T05:07:32.814+0000][1][safepoint    ] Entering safepoint region: Cleanup
[2019-12-09T05:07:32.815+0000][1][safepoint    ] Leaving safepoint region
[2019-12-09T05:07:32.815+0000][1][safepoint    ] Total time for which application threads were stopped: 0.0000770 seconds, Stopping threads took: 0.0000260 seconds
[2019-12-09T05:07:33.815+0000][1][safepoint    ] Application time: 1.0000766 seconds
[2019-12-09T05:07:33.815+0000][1][safepoint    ] Entering safepoint region: Cleanup
[2019-12-09T05:07:33.815+0000][1][safepoint    ] Leaving safepoint region
[2019-12-09T05:07:33.815+0000][1][safepoint    ] Total time for which application threads were stopped: 0.0000774 seconds, Stopping threads took: 0.0000171 seconds
[2019-12-09T05:07:34.815+0000][1][safepoint    ] Application time: 1.0000744 seconds
[2019-12-09T05:07:34.815+0000][1][safepoint    ] Entering safepoint region: Cleanup
[2019-12-09T05:07:34.815+0000][1][safepoint    ] Leaving safepoint region
[2019-12-09T05:07:34.815+0000][1][safepoint    ] Total time for which application threads were stopped: 0.0000674 seconds, Stopping threads took: 0.0000180 seconds
[2019-12-09T05:07:35.815+0000][1][safepoint    ] Application time: 1.0000743 seconds
[2019-12-09T05:07:35.815+0000][1][safepoint    ] Entering safepoint region: Cleanup
[2019-12-09T05:07:35.815+0000][1][safepoint    ] Leaving safepoint region
[2019-12-09T05:07:35.815+0000][1][safepoint    ] Total time for which application threads were stopped: 0.0000702 seconds, Stopping threads took: 0.0000192 seconds
[2019-12-09T05:07:36.815+0000][1][safepoint    ] Application time: 1.0000640 seconds
[2019-12-09T05:07:36.815+0000][1][safepoint    ] Entering safepoint region: Cleanup
[2019-12-09T05:07:36.815+0000][1][safepoint    ] Leaving safepoint region
[2019-12-09T05:07:36.815+0000][1][safepoint    ] Total time for which application threads were stopped: 0.0000670 seconds, Stopping threads took: 0.0000164 seconds
[2019-12-09T05:07:37.815+0000][1][safepoint    ] Application time: 1.0000759 seconds
[2019-12-09T05:07:37.815+0000][1][safepoint    ] Entering safepoint region: Cleanup
[2019-12-09T05:07:37.815+0000][1][safepoint    ] Leaving safepoint region
[2019-12-09T05:07:37.815+0000][1][safepoint    ] Total time for which application threads were stopped: 0.0000669 seconds, Stopping threads took: 0.0000170 seconds
[2019-12-09T05:07:38.816+0000][1][safepoint    ] Application time: 1.0000759 seconds
[2019-12-09T05:07:38.816+0000][1][safepoint    ] Entering safepoint region: Cleanup
[2019-12-09T05:07:38.816+0000][1][safepoint    ] Leaving safepoint region
[2019-12-09T05:07:38.816+0000][1][safepoint    ] Total time for which application threads were stopped: 0.0000653 seconds, Stopping threads took: 0.0000158 seconds
[2019-12-09T05:07:39.816+0000][1][safepoint    ] Application time: 1.0000752 seconds
[2019-12-09T05:07:39.816+0000][1][safepoint    ] Entering safepoint region: Cleanup
[2019-12-09T05:07:39.816+0000][1][safepoint    ] Leaving safepoint region
[2019-12-09T05:07:39.816+0000][1][safepoint    ] Total time for which application threads were stopped: 0.0000663 seconds, Stopping threads took: 0.0000183 seconds
[2019-12-09T05:07:40.816+0000][1][safepoint    ] Application time: 1.0000818 seconds
[2019-12-09T05:07:40.816+0000][1][safepoint    ] Entering safepoint region: Cleanup
[2019-12-09T05:07:40.816+0000][1][safepoint    ] Leaving safepoint region
[2019-12-09T05:07:40.816+0000][1][safepoint    ] Total time for which application threads were stopped: 0.0000690 seconds, Stopping threads took: 0.0000182 seconds
[2019-12-09T05:07:41.816+0000][1][safepoint    ] Application time: 1.0000750 seconds
[2019-12-09T05:07:41.816+0000][1][safepoint    ] Entering safepoint region: Cleanup
[2019-12-09T05:07:41.816+0000][1][safepoint    ] Leaving safepoint region
[2019-12-09T05:07:41.816+0000][1][safepoint    ] Total time for which application threads were stopped: 0.0000683 seconds, Stopping threads took: 0.0000170 seconds
[2019-12-09T05:07:42.816+0000][1][safepoint    ] Application time: 1.0000766 seconds
[2019-12-09T05:07:42.816+0000][1][safepoint    ] Entering safepoint region: Cleanup
[2019-12-09T05:07:42.816+0000][1][safepoint    ] Leaving safepoint region
[2019-12-09T05:07:42.816+0000][1][safepoint    ] Total time for which application threads were stopped: 0.0000746 seconds, Stopping threads took: 0.0000255 seconds
[2019-12-09T05:07:43.816+0000][1][safepoint    ] Application time: 1.0000753 seconds
[2019-12-09T05:07:43.817+0000][1][safepoint    ] Entering safepoint region: Cleanup
[2019-12-09T05:07:43.817+0000][1][safepoint    ] Leaving safepoint region
[2019-12-09T05:07:43.817+0000][1][safepoint    ] Total time for which application threads were stopped: 0.0000649 seconds, Stopping threads took: 0.0000169 seconds
[2019-12-09T05:07:44.817+0000][1][safepoint    ] Application time: 1.0000756 seconds
[2019-12-09T05:07:44.817+0000][1][safepoint    ] Entering safepoint region: Cleanup
[2019-12-09T05:07:44.817+0000][1][safepoint    ] Leaving safepoint region
[2019-12-09T05:07:44.817+0000][1][safepoint    ] Total time for which application threads were stopped: 0.0000661 seconds, Stopping threads took: 0.0000163 seconds
[2019-12-09T05:07:45.817+0000][1][safepoint    ] Application time: 1.0000735 seconds
[2019-12-09T05:07:45.817+0000][1][safepoint    ] Entering safepoint region: Cleanup
[2019-12-09T05:07:45.817+0000][1][safepoint    ] Leaving safepoint region
[2019-12-09T05:07:45.817+0000][1][safepoint    ] Total time for which application threads were stopped: 0.0000673 seconds, Stopping threads took: 0.0000167 seconds
[2019-12-09T05:07:46.817+0000][1][safepoint    ] Application time: 1.0000768 seconds
[2019-12-09T05:07:46.817+0000][1][safepoint    ] Entering safepoint region: Cleanup
[2019-12-09T05:07:46.817+0000][1][safepoint    ] Leaving safepoint region
[2019-12-09T05:07:46.817+0000][1][safepoint    ] Total time for which application threads were stopped: 0.0000680 seconds, Stopping threads took: 0.0000181 seconds
[2019-12-09T05:07:47.817+0000][1][safepoint    ] Application time: 1.0000759 seconds
[2019-12-09T05:07:47.817+0000][1][safepoint    ] Entering safepoint region: Cleanup
[2019-12-09T05:07:47.817+0000][1][safepoint    ] Leaving safepoint region
[2019-12-09T05:07:47.817+0000][1][safepoint    ] Total time for which application threads were stopped: 0.0000666 seconds, Stopping threads took: 0.0000164 seconds
[2019-12-09T05:07:48.817+0000][1][safepoint    ] Application time: 1.0000742 seconds
[2019-12-09T05:07:48.817+0000][1][safepoint    ] Entering safepoint region: Cleanup
[2019-12-09T05:07:48.818+0000][1][safepoint    ] Leaving safepoint region
[2019-12-09T05:07:48.818+0000][1][safepoint    ] Total time for which application threads were stopped: 0.0000668 seconds, Stopping threads took: 0.0000170 seconds
[2019-12-09T05:07:49.818+0000][1][safepoint    ] Application time: 1.0000795 seconds
[2019-12-09T05:07:49.818+0000][1][safepoint    ] Entering safepoint region: Cleanup
[2019-12-09T05:07:49.818+0000][1][safepoint    ] Leaving safepoint region
[2019-12-09T05:07:49.818+0000][1][safepoint    ] Total time for which application threads were stopped: 0.0000787 seconds, Stopping threads took: 0.0000168 seconds
[2019-12-09T05:07:50.818+0000][1][safepoint    ] Application time: 1.0000747 seconds
[2019-12-09T05:07:50.818+0000][1][safepoint    ] Entering safepoint region: Cleanup
[2019-12-09T05:07:50.818+0000][1][safepoint    ] Leaving safepoint region
[2019-12-09T05:07:50.818+0000][1][safepoint    ] Total time for which application threads were stopped: 0.0000635 seconds, Stopping threads took: 0.0000157 seconds
[2019-12-09T05:07:51.818+0000][1][safepoint    ] Application time: 1.0000743 seconds
[2019-12-09T05:07:51.818+0000][1][safepoint    ] Entering safepoint region: Cleanup
[2019-12-09T05:07:51.818+0000][1][safepoint    ] Leaving safepoint region
[2019-12-09T05:07:51.818+0000][1][safepoint    ] Total time for which application threads were stopped: 0.0000671 seconds, Stopping threads took: 0.0000166 seconds
[2019-12-09T05:07:52.818+0000][1][safepoint    ] Application time: 1.0000752 seconds
[2019-12-09T05:07:52.818+0000][1][safepoint    ] Entering safepoint region: Cleanup
[2019-12-09T05:07:52.818+0000][1][safepoint    ] Leaving safepoint region
[2019-12-09T05:07:52.818+0000][1][safepoint    ] Total time for which application threads were stopped: 0.0000824 seconds, Stopping threads took: 0.0000340 seconds
[2019-12-09T05:07:53.818+0000][1][safepoint    ] Application time: 1.0000748 seconds
[2019-12-09T05:07:53.818+0000][1][safepoint    ] Entering safepoint region: Cleanup
[2019-12-09T05:07:53.818+0000][1][safepoint    ] Leaving safepoint region
[2019-12-09T05:07:53.818+0000][1][safepoint    ] Total time for which application threads were stopped: 0.0000671 seconds, Stopping threads took: 0.0000163 seconds
[2019-12-09T05:07:54.819+0000][1][safepoint    ] Application time: 1.0000769 seconds
[2019-12-09T05:07:54.819+0000][1][safepoint    ] Entering safepoint region: Cleanup
[2019-12-09T05:07:54.819+0000][1][safepoint    ] Leaving safepoint region
[2019-12-09T05:07:54.819+0000][1][safepoint    ] Total time for which application threads were stopped: 0.0000681 seconds, Stopping threads took: 0.0000180 seconds
[2019-12-09T05:07:55.819+0000][1][safepoint    ] Application time: 1.0000751 seconds
[2019-12-09T05:07:55.819+0000][1][safepoint    ] Entering safepoint region: Cleanup
[2019-12-09T05:07:55.819+0000][1][safepoint    ] Leaving safepoint region
[2019-12-09T05:07:55.819+0000][1][safepoint    ] Total time for which application threads were stopped: 0.0000668 seconds, Stopping threads took: 0.0000169 seconds
[2019-12-09T05:07:56.819+0000][1][safepoint    ] Application time: 1.0000799 seconds
[2019-12-09T05:07:56.819+0000][1][safepoint    ] Entering safepoint region: Cleanup
[2019-12-09T05:07:56.819+0000][1][safepoint    ] Leaving safepoint region
[2019-12-09T05:07:56.819+0000][1][safepoint    ] Total time for which application threads were stopped: 0.0000666 seconds, Stopping threads took: 0.0000174 seconds
[2019-12-09T05:07:57.819+0000][1][safepoint    ] Application time: 1.0000769 seconds
[2019-12-09T05:07:57.819+0000][1][safepoint    ] Entering safepoint region: Cleanup
[2019-12-09T05:07:57.819+0000][1][safepoint    ] Leaving safepoint region
[2019-12-09T05:07:57.819+0000][1][safepoint    ] Total time for which application threads were stopped: 0.0000662 seconds, Stopping threads took: 0.0000176 seconds
[2019-12-09T05:07:58.819+0000][1][safepoint    ] Application time: 1.0000773 seconds
[2019-12-09T05:07:58.819+0000][1][safepoint    ] Entering safepoint region: Cleanup
[2019-12-09T05:07:58.819+0000][1][safepoint    ] Leaving safepoint region
[2019-12-09T05:07:58.819+0000][1][safepoint    ] Total time for which application threads were stopped: 0.0000663 seconds, Stopping threads took: 0.0000165 seconds
[2019-12-09T05:07:59.819+0000][1][safepoint    ] Application time: 1.0000765 seconds
[2019-12-09T05:07:59.820+0000][1][safepoint    ] Entering safepoint region: Cleanup
[2019-12-09T05:07:59.820+0000][1][safepoint    ] Leaving safepoint region
[2019-12-09T05:07:59.820+0000][1][safepoint    ] Total time for which application threads were stopped: 0.0000665 seconds, Stopping threads took: 0.0000164 seconds
[2019-12-09T05:08:00.820+0000][1][safepoint    ] Application time: 1.0000761 seconds
[2019-12-09T05:08:00.820+0000][1][safepoint    ] Entering safepoint region: Cleanup
[2019-12-09T05:08:00.820+0000][1][safepoint    ] Leaving safepoint region
[2019-12-09T05:08:00.820+0000][1][safepoint    ] Total time for which application threads were stopped: 0.0000620 seconds, Stopping threads took: 0.0000160 seconds
[2019-12-09T05:08:01.820+0000][1][safepoint    ] Application time: 1.0000767 seconds
[2019-12-09T05:08:01.820+0000][1][safepoint    ] Entering safepoint region: Cleanup
[2019-12-09T05:08:01.820+0000][1][safepoint    ] Leaving safepoint region
[2019-12-09T05:08:01.820+0000][1][safepoint    ] Total time for which application threads were stopped: 0.0000695 seconds, Stopping threads took: 0.0000181 seconds
[2019-12-09T05:08:02.820+0000][1][safepoint    ] Application time: 1.0000767 seconds
[2019-12-09T05:08:02.820+0000][1][safepoint    ] Entering safepoint region: Cleanup
[2019-12-09T05:08:02.820+0000][1][safepoint    ] Leaving safepoint region
[2019-12-09T05:08:02.820+0000][1][safepoint    ] Total time for which application threads were stopped: 0.0000734 seconds, Stopping threads took: 0.0000166 seconds
[2019-12-09T05:08:03.820+0000][1][safepoint    ] Application time: 1.0000752 seconds
[2019-12-09T05:08:03.820+0000][1][safepoint    ] Entering safepoint region: Cleanup
[2019-12-09T05:08:03.820+0000][1][safepoint    ] Leaving safepoint region
[2019-12-09T05:08:03.820+0000][1][safepoint    ] Total time for which application threads were stopped: 0.0000664 seconds, Stopping threads took: 0.0000172 seconds
[2019-12-09T05:08:04.820+0000][1][safepoint    ] Application time: 1.0000759 seconds
[2019-12-09T05:08:04.820+0000][1][safepoint    ] Entering safepoint region: Cleanup
[2019-12-09T05:08:04.821+0000][1][safepoint    ] Leaving safepoint region
[2019-12-09T05:08:04.821+0000][1][safepoint    ] Total time for which application threads were stopped: 0.0000661 seconds, Stopping threads took: 0.0000166 seconds
[2019-12-09T05:08:05.821+0000][1][safepoint    ] Application time: 1.0000766 seconds
[2019-12-09T05:08:05.821+0000][1][safepoint    ] Entering safepoint region: Cleanup
[2019-12-09T05:08:05.821+0000][1][safepoint    ] Leaving safepoint region
[2019-12-09T05:08:05.821+0000][1][safepoint    ] Total time for which application threads were stopped: 0.0000747 seconds, Stopping threads took: 0.0000165 seconds
[2019-12-09T05:08:06.821+0000][1][safepoint    ] Application time: 1.0000750 seconds
[2019-12-09T05:08:06.821+0000][1][safepoint    ] Entering safepoint region: Cleanup
[2019-12-09T05:08:06.821+0000][1][safepoint    ] Leaving safepoint region
[2019-12-09T05:08:06.821+0000][1][safepoint    ] Total time for which application threads were stopped: 0.0000672 seconds, Stopping threads took: 0.0000162 seconds
[2019-12-09T05:08:07.821+0000][1][safepoint    ] Application time: 1.0000763 seconds
[2019-12-09T05:08:07.821+0000][1][safepoint    ] Entering safepoint region: Cleanup
[2019-12-09T05:08:07.821+0000][1][safepoint    ] Leaving safepoint region
[2019-12-09T05:08:07.821+0000][1][safepoint    ] Total time for which application threads were stopped: 0.0000664 seconds, Stopping threads took: 0.0000164 seconds
[2019-12-09T05:08:08.821+0000][1][safepoint    ] Application time: 1.0000757 seconds
[2019-12-09T05:08:08.821+0000][1][safepoint    ] Entering safepoint region: Cleanup
[2019-12-09T05:08:08.821+0000][1][safepoint    ] Leaving safepoint region
[2019-12-09T05:08:08.821+0000][1][safepoint    ] Total time for which application threads were stopped: 0.0000681 seconds, Stopping threads took: 0.0000173 seconds
[2019-12-09T05:08:09.821+0000][1][safepoint    ] Application time: 1.0000758 seconds
[2019-12-09T05:08:09.821+0000][1][safepoint    ] Entering safepoint region: Cleanup
[2019-12-09T05:08:09.821+0000][1][safepoint    ] Leaving safepoint region
[2019-12-09T05:08:09.821+0000][1][safepoint    ] Total time for which application threads were stopped: 0.0000666 seconds, Stopping threads took: 0.0000178 seconds
[2019-12-09T05:08:10.822+0000][1][safepoint    ] Application time: 1.0000755 seconds
[2019-12-09T05:08:10.822+0000][1][safepoint    ] Entering safepoint region: Cleanup
[2019-12-09T05:08:10.822+0000][1][safepoint    ] Leaving safepoint region
[2019-12-09T05:08:10.822+0000][1][safepoint    ] Total time for which application threads were stopped: 0.0000653 seconds, Stopping threads took: 0.0000158 seconds
[2019-12-09T05:08:11.822+0000][1][safepoint    ] Application time: 1.0000624 seconds
[2019-12-09T05:08:11.822+0000][1][safepoint    ] Entering safepoint region: Cleanup
[2019-12-09T05:08:11.822+0000][1][safepoint    ] Leaving safepoint region
[2019-12-09T05:08:11.822+0000][1][safepoint    ] Total time for which application threads were stopped: 0.0000708 seconds, Stopping threads took: 0.0000178 seconds
[2019-12-09T05:08:12.822+0000][1][safepoint    ] Application time: 1.0000787 seconds
[2019-12-09T05:08:12.822+0000][1][safepoint    ] Entering safepoint region: Cleanup
[2019-12-09T05:08:12.822+0000][1][safepoint    ] Leaving safepoint region
[2019-12-09T05:08:12.822+0000][1][safepoint    ] Total time for which application threads were stopped: 0.0000772 seconds, Stopping threads took: 0.0000175 seconds
[2019-12-09T05:08:13.822+0000][1][safepoint    ] Application time: 1.0000760 seconds
[2019-12-09T05:08:13.822+0000][1][safepoint    ] Entering safepoint region: Cleanup
[2019-12-09T05:08:13.822+0000][1][safepoint    ] Leaving safepoint region
[2019-12-09T05:08:13.822+0000][1][safepoint    ] Total time for which application threads were stopped: 0.0000656 seconds, Stopping threads took: 0.0000170 seconds
[2019-12-09T05:08:15.278+0000][1][safepoint    ] Application time: 1.4553350 seconds
[2019-12-09T05:08:15.278+0000][1][safepoint    ] Entering safepoint region: Cleanup
[2019-12-09T05:08:15.278+0000][1][safepoint    ] Leaving safepoint region
[2019-12-09T05:08:15.278+0000][1][safepoint    ] Total time for which application threads were stopped: 0.0000666 seconds, Stopping threads took: 0.0000154 seconds
[2019-12-09T05:08:16.278+0000][1][safepoint    ] Application time: 1.0001484 seconds
[2019-12-09T05:08:16.278+0000][1][safepoint    ] Entering safepoint region: Cleanup
[2019-12-09T05:08:16.278+0000][1][safepoint    ] Leaving safepoint region
[2019-12-09T05:08:16.278+0000][1][safepoint    ] Total time for which application threads were stopped: 0.0000783 seconds, Stopping threads took: 0.0000243 seconds
[2019-12-09T05:08:17.278+0000][1][safepoint    ] Application time: 1.0000944 seconds
[2019-12-09T05:08:17.278+0000][1][safepoint    ] Entering safepoint region: Cleanup
[2019-12-09T05:08:17.278+0000][1][safepoint    ] Leaving safepoint region
[2019-12-09T05:08:17.278+0000][1][safepoint    ] Total time for which application threads were stopped: 0.0000928 seconds, Stopping threads took: 0.0000227 seconds
[2019-12-09T05:08:18.278+0000][1][safepoint    ] Application time: 1.0000840 seconds
[2019-12-09T05:08:18.278+0000][1][safepoint    ] Entering safepoint region: Cleanup
[2019-12-09T05:08:18.278+0000][1][safepoint    ] Leaving safepoint region
[2019-12-09T05:08:18.278+0000][1][safepoint    ] Total time for which application threads were stopped: 0.0000896 seconds, Stopping threads took: 0.0000229 seconds
[2019-12-09T05:08:19.278+0000][1][safepoint    ] Application time: 1.0000814 seconds
[2019-12-09T05:08:19.279+0000][1][safepoint    ] Entering safepoint region: Cleanup
[2019-12-09T05:08:19.279+0000][1][safepoint    ] Leaving safepoint region
[2019-12-09T05:08:19.279+0000][1][safepoint    ] Total time for which application threads were stopped: 0.0000930 seconds, Stopping threads took: 0.0000233 seconds
[2019-12-09T05:08:20.279+0000][1][safepoint    ] Application time: 1.0001122 seconds
[2019-12-09T05:08:20.279+0000][1][safepoint    ] Entering safepoint region: Cleanup
[2019-12-09T05:08:20.279+0000][1][safepoint    ] Leaving safepoint region
[2019-12-09T05:08:20.279+0000][1][safepoint    ] Total time for which application threads were stopped: 0.0000936 seconds, Stopping threads took: 0.0000234 seconds
[2019-12-09T05:08:21.279+0000][1][safepoint    ] Application time: 1.0000803 seconds
[2019-12-09T05:08:21.279+0000][1][safepoint    ] Entering safepoint region: Cleanup
[2019-12-09T05:08:21.279+0000][1][safepoint    ] Leaving safepoint region
[2019-12-09T05:08:21.279+0000][1][safepoint    ] Total time for which application threads were stopped: 0.0000930 seconds, Stopping threads took: 0.0000225 seconds
[2019-12-09T05:08:22.279+0000][1][safepoint    ] Application time: 1.0000793 seconds
[2019-12-09T05:08:22.279+0000][1][safepoint    ] Entering safepoint region: Cleanup
[2019-12-09T05:08:22.279+0000][1][safepoint    ] Leaving safepoint region
[2019-12-09T05:08:22.279+0000][1][safepoint    ] Total time for which application threads were stopped: 0.0000801 seconds, Stopping threads took: 0.0000171 seconds
[2019-12-09T05:08:23.279+0000][1][safepoint    ] Application time: 1.0000794 seconds
[2019-12-09T05:08:23.279+0000][1][safepoint    ] Entering safepoint region: Cleanup
[2019-12-09T05:08:23.280+0000][1][safepoint    ] Leaving safepoint region
[2019-12-09T05:08:23.280+0000][1][safepoint    ] Total time for which application threads were stopped: 0.0000796 seconds, Stopping threads took: 0.0000231 seconds
[2019-12-09T05:08:24.280+0000][1][safepoint    ] Application time: 1.0000801 seconds
[2019-12-09T05:08:24.280+0000][1][safepoint    ] Entering safepoint region: Cleanup
[2019-12-09T05:08:24.280+0000][1][safepoint    ] Leaving safepoint region
[2019-12-09T05:08:24.280+0000][1][safepoint    ] Total time for which application threads were stopped: 0.0000805 seconds, Stopping threads took: 0.0000174 seconds
[2019-12-09T05:08:25.280+0000][1][safepoint    ] Application time: 1.0000824 seconds
[2019-12-09T05:08:25.280+0000][1][safepoint    ] Entering safepoint region: Cleanup
[2019-12-09T05:08:25.280+0000][1][safepoint    ] Leaving safepoint region
[2019-12-09T05:08:25.280+0000][1][safepoint    ] Total time for which application threads were stopped: 0.0001052 seconds, Stopping threads took: 0.0000224 seconds
[2019-12-09T05:08:26.280+0000][1][safepoint    ] Application time: 1.0000886 seconds
[2019-12-09T05:08:26.280+0000][1][safepoint    ] Entering safepoint region: Cleanup
[2019-12-09T05:08:26.280+0000][1][safepoint    ] Leaving safepoint region
[2019-12-09T05:08:26.280+0000][1][safepoint    ] Total time for which application threads were stopped: 0.0000976 seconds, Stopping threads took: 0.0000328 seconds
[2019-12-09T05:08:27.280+0000][1][safepoint    ] Application time: 1.0000868 seconds
[2019-12-09T05:08:27.280+0000][1][safepoint    ] Entering safepoint region: Cleanup
[2019-12-09T05:08:27.280+0000][1][safepoint    ] Leaving safepoint region
[2019-12-09T05:08:27.280+0000][1][safepoint    ] Total time for which application threads were stopped: 0.0000673 seconds, Stopping threads took: 0.0000167 seconds
[2019-12-09T05:08:28.280+0000][1][safepoint    ] Application time: 1.0000778 seconds
[2019-12-09T05:08:28.281+0000][1][safepoint    ] Entering safepoint region: Cleanup
[2019-12-09T05:08:28.281+0000][1][safepoint    ] Leaving safepoint region
[2019-12-09T05:08:28.281+0000][1][safepoint    ] Total time for which application threads were stopped: 0.0000661 seconds, Stopping threads took: 0.0000163 seconds
[2019-12-09T05:08:29.281+0000][1][safepoint    ] Application time: 1.0000847 seconds
[2019-12-09T05:08:29.281+0000][1][safepoint    ] Entering safepoint region: Cleanup
[2019-12-09T05:08:29.281+0000][1][safepoint    ] Leaving safepoint region
[2019-12-09T05:08:29.281+0000][1][safepoint    ] Total time for which application threads were stopped: 0.0000643 seconds, Stopping threads took: 0.0000158 seconds
[2019-12-09T05:08:30.281+0000][1][safepoint    ] Application time: 1.0000763 seconds
[2019-12-09T05:08:30.281+0000][1][safepoint    ] Entering safepoint region: Cleanup
[2019-12-09T05:08:30.281+0000][1][safepoint    ] Leaving safepoint region
[2019-12-09T05:08:30.281+0000][1][safepoint    ] Total time for which application threads were stopped: 0.0000683 seconds, Stopping threads took: 0.0000183 seconds
[2019-12-09T05:08:31.281+0000][1][safepoint    ] Application time: 1.0000757 seconds
[2019-12-09T05:08:31.281+0000][1][safepoint    ] Entering safepoint region: Cleanup
[2019-12-09T05:08:31.281+0000][1][safepoint    ] Leaving safepoint region
[2019-12-09T05:08:31.281+0000][1][safepoint    ] Total time for which application threads were stopped: 0.0000672 seconds, Stopping threads took: 0.0000173 seconds
[2019-12-09T05:08:32.281+0000][1][safepoint    ] Application time: 1.0000761 seconds
[2019-12-09T05:08:32.281+0000][1][safepoint    ] Entering safepoint region: Cleanup
[2019-12-09T05:08:32.281+0000][1][safepoint    ] Leaving safepoint region
[2019-12-09T05:08:32.281+0000][1][safepoint    ] Total time for which application threads were stopped: 0.0000679 seconds, Stopping threads took: 0.0000170 seconds
[2019-12-09T05:08:33.281+0000][1][safepoint    ] Application time: 1.0000772 seconds
[2019-12-09T05:08:33.281+0000][1][safepoint    ] Entering safepoint region: Cleanup
[2019-12-09T05:08:33.282+0000][1][safepoint    ] Leaving safepoint region
[2019-12-09T05:08:33.282+0000][1][safepoint    ] Total time for which application threads were stopped: 0.0000659 seconds, Stopping threads took: 0.0000170 seconds
[2019-12-09T05:08:34.282+0000][1][safepoint    ] Application time: 1.0000764 seconds
[2019-12-09T05:08:34.282+0000][1][safepoint    ] Entering safepoint region: Cleanup
[2019-12-09T05:08:34.282+0000][1][safepoint    ] Leaving safepoint region
[2019-12-09T05:08:34.282+0000][1][safepoint    ] Total time for which application threads were stopped: 0.0000794 seconds, Stopping threads took: 0.0000312 seconds
[2019-12-09T05:08:35.282+0000][1][safepoint    ] Application time: 1.0000782 seconds
[2019-12-09T05:08:35.282+0000][1][safepoint    ] Entering safepoint region: Cleanup
[2019-12-09T05:08:35.282+0000][1][safepoint    ] Leaving safepoint region
[2019-12-09T05:08:35.282+0000][1][safepoint    ] Total time for which application threads were stopped: 0.0000671 seconds, Stopping threads took: 0.0000168 seconds
[2019-12-09T05:08:36.282+0000][1][safepoint    ] Application time: 1.0000743 seconds
[2019-12-09T05:08:36.282+0000][1][safepoint    ] Entering safepoint region: Cleanup
[2019-12-09T05:08:36.282+0000][1][safepoint    ] Leaving safepoint region
[2019-12-09T05:08:36.282+0000][1][safepoint    ] Total time for which application threads were stopped: 0.0000693 seconds, Stopping threads took: 0.0000185 seconds
[2019-12-09T05:08:37.282+0000][1][safepoint    ] Application time: 1.0000750 seconds
[2019-12-09T05:08:37.282+0000][1][safepoint    ] Entering safepoint region: Cleanup
[2019-12-09T05:08:37.282+0000][1][safepoint    ] Leaving safepoint region
[2019-12-09T05:08:37.282+0000][1][safepoint    ] Total time for which application threads were stopped: 0.0000752 seconds, Stopping threads took: 0.0000180 seconds
[2019-12-09T05:08:38.282+0000][1][safepoint    ] Application time: 1.0000768 seconds
[2019-12-09T05:08:38.282+0000][1][safepoint    ] Entering safepoint region: Cleanup
[2019-12-09T05:08:38.282+0000][1][safepoint    ] Leaving safepoint region
[2019-12-09T05:08:38.283+0000][1][safepoint    ] Total time for which application threads were stopped: 0.0000648 seconds, Stopping threads took: 0.0000167 seconds
[2019-12-09T05:08:39.283+0000][1][safepoint    ] Application time: 1.0000769 seconds
[2019-12-09T05:08:39.283+0000][1][safepoint    ] Entering safepoint region: Cleanup
[2019-12-09T05:08:39.283+0000][1][safepoint    ] Leaving safepoint region
[2019-12-09T05:08:39.283+0000][1][safepoint    ] Total time for which application threads were stopped: 0.0000759 seconds, Stopping threads took: 0.0000164 seconds
[2019-12-09T05:08:40.283+0000][1][safepoint    ] Application time: 1.0000755 seconds
[2019-12-09T05:08:40.283+0000][1][safepoint    ] Entering safepoint region: Cleanup
[2019-12-09T05:08:40.283+0000][1][safepoint    ] Leaving safepoint region
[2019-12-09T05:08:40.283+0000][1][safepoint    ] Total time for which application threads were stopped: 0.0000662 seconds, Stopping threads took: 0.0000170 seconds
[2019-12-09T05:08:41.283+0000][1][safepoint    ] Application time: 1.0000780 seconds
[2019-12-09T05:08:41.283+0000][1][safepoint    ] Entering safepoint region: Cleanup
[2019-12-09T05:08:41.283+0000][1][safepoint    ] Leaving safepoint region
[2019-12-09T05:08:41.283+0000][1][safepoint    ] Total time for which application threads were stopped: 0.0000678 seconds, Stopping threads took: 0.0000189 seconds
[2019-12-09T05:08:42.283+0000][1][safepoint    ] Application time: 1.0000777 seconds
[2019-12-09T05:08:42.283+0000][1][safepoint    ] Entering safepoint region: Cleanup
[2019-12-09T05:08:42.283+0000][1][safepoint    ] Leaving safepoint region
[2019-12-09T05:08:42.283+0000][1][safepoint    ] Total time for which application threads were stopped: 0.0000676 seconds, Stopping threads took: 0.0000174 seconds
[2019-12-09T05:08:43.283+0000][1][safepoint    ] Application time: 1.0000756 seconds
[2019-12-09T05:08:43.283+0000][1][safepoint    ] Entering safepoint region: Cleanup
[2019-12-09T05:08:43.283+0000][1][safepoint    ] Leaving safepoint region
[2019-12-09T05:08:43.283+0000][1][safepoint    ] Total time for which application threads were stopped: 0.0000656 seconds, Stopping threads took: 0.0000176 seconds
[2019-12-09T05:08:44.284+0000][1][safepoint    ] Application time: 1.0000766 seconds
[2019-12-09T05:08:44.284+0000][1][safepoint    ] Entering safepoint region: Cleanup
[2019-12-09T05:08:44.284+0000][1][safepoint    ] Leaving safepoint region
[2019-12-09T05:08:44.284+0000][1][safepoint    ] Total time for which application threads were stopped: 0.0000650 seconds, Stopping threads took: 0.0000152 seconds
[2019-12-09T05:08:45.284+0000][1][safepoint    ] Application time: 1.0000763 seconds
[2019-12-09T05:08:45.284+0000][1][safepoint    ] Entering safepoint region: Cleanup
[2019-12-09T05:08:45.284+0000][1][safepoint    ] Leaving safepoint region
[2019-12-09T05:08:45.284+0000][1][safepoint    ] Total time for which application threads were stopped: 0.0000651 seconds, Stopping threads took: 0.0000166 seconds
[2019-12-09T05:08:46.284+0000][1][safepoint    ] Application time: 1.0000769 seconds
[2019-12-09T05:08:46.284+0000][1][safepoint    ] Entering safepoint region: Cleanup
[2019-12-09T05:08:46.284+0000][1][safepoint    ] Leaving safepoint region
[2019-12-09T05:08:46.284+0000][1][safepoint    ] Total time for which application threads were stopped: 0.0000677 seconds, Stopping threads took: 0.0000175 seconds
[2019-12-09T05:08:47.284+0000][1][safepoint    ] Application time: 1.0000768 seconds
[2019-12-09T05:08:47.284+0000][1][safepoint    ] Entering safepoint region: Cleanup
[2019-12-09T05:08:47.284+0000][1][safepoint    ] Leaving safepoint region
[2019-12-09T05:08:47.284+0000][1][safepoint    ] Total time for which application threads were stopped: 0.0000678 seconds, Stopping threads took: 0.0000173 seconds
[2019-12-09T05:08:48.284+0000][1][safepoint    ] Application time: 1.0000760 seconds
[2019-12-09T05:08:48.284+0000][1][safepoint    ] Entering safepoint region: Cleanup
[2019-12-09T05:08:48.284+0000][1][safepoint    ] Leaving safepoint region
[2019-12-09T05:08:48.284+0000][1][safepoint    ] Total time for which application threads were stopped: 0.0000660 seconds, Stopping threads took: 0.0000174 seconds
[2019-12-09T05:08:49.368+0000][1][safepoint    ] Application time: 1.0836394 seconds
[2019-12-09T05:08:49.368+0000][1][safepoint    ] Entering safepoint region: Cleanup
[2019-12-09T05:08:49.368+0000][1][safepoint    ] Leaving safepoint region
[2019-12-09T05:08:49.368+0000][1][safepoint    ] Total time for which application threads were stopped: 0.0000651 seconds, Stopping threads took: 0.0000160 seconds
[2019-12-09T05:08:50.368+0000][1][safepoint    ] Application time: 1.0000734 seconds
[2019-12-09T05:08:50.368+0000][1][safepoint    ] Entering safepoint region: Cleanup
[2019-12-09T05:08:50.368+0000][1][safepoint    ] Leaving safepoint region
[2019-12-09T05:08:50.368+0000][1][safepoint    ] Total time for which application threads were stopped: 0.0000654 seconds, Stopping threads took: 0.0000167 seconds
[2019-12-09T05:08:51.368+0000][1][safepoint    ] Application time: 1.0000765 seconds
[2019-12-09T05:08:51.368+0000][1][safepoint    ] Entering safepoint region: Cleanup
[2019-12-09T05:08:51.368+0000][1][safepoint    ] Leaving safepoint region
[2019-12-09T05:08:51.369+0000][1][safepoint    ] Total time for which application threads were stopped: 0.0000651 seconds, Stopping threads took: 0.0000178 seconds
[2019-12-09T05:08:52.369+0000][1][safepoint    ] Application time: 1.0000760 seconds
[2019-12-09T05:08:52.369+0000][1][safepoint    ] Entering safepoint region: Cleanup
[2019-12-09T05:08:52.369+0000][1][safepoint    ] Leaving safepoint region
[2019-12-09T05:08:52.369+0000][1][safepoint    ] Total time for which application threads were stopped: 0.0000765 seconds, Stopping threads took: 0.0000167 seconds
[2019-12-09T05:08:53.369+0000][1][safepoint    ] Application time: 1.0000769 seconds
[2019-12-09T05:08:53.369+0000][1][safepoint    ] Entering safepoint region: Cleanup
[2019-12-09T05:08:53.369+0000][1][safepoint    ] Leaving safepoint region
[2019-12-09T05:08:53.369+0000][1][safepoint    ] Total time for which application threads were stopped: 0.0000689 seconds, Stopping threads took: 0.0000219 seconds
[2019-12-09T05:08:54.369+0000][1][safepoint    ] Application time: 1.0000747 seconds
[2019-12-09T05:08:54.369+0000][1][safepoint    ] Entering safepoint region: Cleanup
[2019-12-09T05:08:54.369+0000][1][safepoint    ] Leaving safepoint region
[2019-12-09T05:08:54.369+0000][1][safepoint    ] Total time for which application threads were stopped: 0.0000656 seconds, Stopping threads took: 0.0000175 seconds
[2019-12-09T05:08:55.369+0000][1][safepoint    ] Application time: 1.0000414 seconds
[2019-12-09T05:08:55.369+0000][1][safepoint    ] Entering safepoint region: Cleanup
[2019-12-09T05:08:55.369+0000][1][safepoint    ] Leaving safepoint region
[2019-12-09T05:08:55.369+0000][1][safepoint    ] Total time for which application threads were stopped: 0.0000685 seconds, Stopping threads took: 0.0000178 seconds
[2019-12-09T05:08:56.369+0000][1][safepoint    ] Application time: 1.0000750 seconds
[2019-12-09T05:08:56.369+0000][1][safepoint    ] Entering safepoint region: Cleanup
[2019-12-09T05:08:56.369+0000][1][safepoint    ] Leaving safepoint region
[2019-12-09T05:08:56.369+0000][1][safepoint    ] Total time for which application threads were stopped: 0.0000644 seconds, Stopping threads took: 0.0000148 seconds
[2019-12-09T05:08:57.370+0000][1][safepoint    ] Application time: 1.0000755 seconds
[2019-12-09T05:08:57.370+0000][1][safepoint    ] Entering safepoint region: Cleanup
[2019-12-09T05:08:57.370+0000][1][safepoint    ] Leaving safepoint region
[2019-12-09T05:08:57.370+0000][1][safepoint    ] Total time for which application threads were stopped: 0.0000642 seconds, Stopping threads took: 0.0000167 seconds
[2019-12-09T05:08:58.370+0000][1][safepoint    ] Application time: 1.0000740 seconds
[2019-12-09T05:08:58.370+0000][1][safepoint    ] Entering safepoint region: Cleanup
[2019-12-09T05:08:58.370+0000][1][safepoint    ] Leaving safepoint region
[2019-12-09T05:08:58.370+0000][1][safepoint    ] Total time for which application threads were stopped: 0.0000653 seconds, Stopping threads took: 0.0000164 seconds
[2019-12-09T05:08:59.370+0000][1][safepoint    ] Application time: 1.0000771 seconds
[2019-12-09T05:08:59.370+0000][1][safepoint    ] Entering safepoint region: Cleanup
[2019-12-09T05:08:59.370+0000][1][safepoint    ] Leaving safepoint region
[2019-12-09T05:08:59.370+0000][1][safepoint    ] Total time for which application threads were stopped: 0.0000653 seconds, Stopping threads took: 0.0000168 seconds
[2019-12-09T05:09:00.370+0000][1][safepoint    ] Application time: 1.0000750 seconds
[2019-12-09T05:09:00.370+0000][1][safepoint    ] Entering safepoint region: Cleanup
[2019-12-09T05:09:00.370+0000][1][safepoint    ] Leaving safepoint region
[2019-12-09T05:09:00.370+0000][1][safepoint    ] Total time for which application threads were stopped: 0.0000638 seconds, Stopping threads took: 0.0000157 seconds
[2019-12-09T05:09:01.370+0000][1][safepoint    ] Application time: 1.0000772 seconds
[2019-12-09T05:09:01.370+0000][1][safepoint    ] Entering safepoint region: Cleanup
[2019-12-09T05:09:01.370+0000][1][safepoint    ] Leaving safepoint region
[2019-12-09T05:09:01.370+0000][1][safepoint    ] Total time for which application threads were stopped: 0.0000729 seconds, Stopping threads took: 0.0000164 seconds
[2019-12-09T05:09:02.370+0000][1][safepoint    ] Application time: 1.0000756 seconds
[2019-12-09T05:09:02.370+0000][1][safepoint    ] Entering safepoint region: Cleanup
[2019-12-09T05:09:02.371+0000][1][safepoint    ] Leaving safepoint region
[2019-12-09T05:09:02.371+0000][1][safepoint    ] Total time for which application threads were stopped: 0.0000656 seconds, Stopping threads took: 0.0000171 seconds
[2019-12-09T05:09:03.371+0000][1][safepoint    ] Application time: 1.0000759 seconds
[2019-12-09T05:09:03.371+0000][1][safepoint    ] Entering safepoint region: Cleanup
[2019-12-09T05:09:03.371+0000][1][safepoint    ] Leaving safepoint region
[2019-12-09T05:09:03.371+0000][1][safepoint    ] Total time for which application threads were stopped: 0.0000834 seconds, Stopping threads took: 0.0000175 seconds
[2019-12-09T05:09:04.371+0000][1][safepoint    ] Application time: 1.0000765 seconds
[2019-12-09T05:09:04.371+0000][1][safepoint    ] Entering safepoint region: Cleanup
[2019-12-09T05:09:04.371+0000][1][safepoint    ] Leaving safepoint region
[2019-12-09T05:09:04.371+0000][1][safepoint    ] Total time for which application threads were stopped: 0.0000681 seconds, Stopping threads took: 0.0000198 seconds
[2019-12-09T05:09:05.371+0000][1][safepoint    ] Application time: 1.0000767 seconds
[2019-12-09T05:09:05.371+0000][1][safepoint    ] Entering safepoint region: Cleanup
[2019-12-09T05:09:05.371+0000][1][safepoint    ] Leaving safepoint region
[2019-12-09T05:09:05.371+0000][1][safepoint    ] Total time for which application threads were stopped: 0.0000657 seconds, Stopping threads took: 0.0000168 seconds
[2019-12-09T05:09:06.371+0000][1][safepoint    ] Application time: 1.0000765 seconds
[2019-12-09T05:09:06.371+0000][1][safepoint    ] Entering safepoint region: Cleanup
[2019-12-09T05:09:06.371+0000][1][safepoint    ] Leaving safepoint region
[2019-12-09T05:09:06.371+0000][1][safepoint    ] Total time for which application threads were stopped: 0.0000661 seconds, Stopping threads took: 0.0000176 seconds
[2019-12-09T05:09:07.371+0000][1][safepoint    ] Application time: 1.0000759 seconds
[2019-12-09T05:09:07.371+0000][1][safepoint    ] Entering safepoint region: Cleanup
[2019-12-09T05:09:07.371+0000][1][safepoint    ] Leaving safepoint region
[2019-12-09T05:09:07.371+0000][1][safepoint    ] Total time for which application threads were stopped: 0.0000642 seconds, Stopping threads took: 0.0000155 seconds
[2019-12-09T05:09:08.372+0000][1][safepoint    ] Application time: 1.0000771 seconds
[2019-12-09T05:09:08.372+0000][1][safepoint    ] Entering safepoint region: Cleanup
[2019-12-09T05:09:08.372+0000][1][safepoint    ] Leaving safepoint region
[2019-12-09T05:09:08.372+0000][1][safepoint    ] Total time for which application threads were stopped: 0.0000653 seconds, Stopping threads took: 0.0000181 seconds
[2019-12-09T05:09:09.372+0000][1][safepoint    ] Application time: 1.0000778 seconds
[2019-12-09T05:09:09.372+0000][1][safepoint    ] Entering safepoint region: Cleanup
[2019-12-09T05:09:09.372+0000][1][safepoint    ] Leaving safepoint region
[2019-12-09T05:09:09.372+0000][1][safepoint    ] Total time for which application threads were stopped: 0.0000685 seconds, Stopping threads took: 0.0000189 seconds
[2019-12-09T05:09:10.372+0000][1][safepoint    ] Application time: 1.0000764 seconds
[2019-12-09T05:09:10.372+0000][1][safepoint    ] Entering safepoint region: Cleanup
[2019-12-09T05:09:10.372+0000][1][safepoint    ] Leaving safepoint region
[2019-12-09T05:09:10.372+0000][1][safepoint    ] Total time for which application threads were stopped: 0.0000660 seconds, Stopping threads took: 0.0000165 seconds
[2019-12-09T05:09:11.372+0000][1][safepoint    ] Application time: 1.0000757 seconds
[2019-12-09T05:09:11.372+0000][1][safepoint    ] Entering safepoint region: Cleanup
[2019-12-09T05:09:11.372+0000][1][safepoint    ] Leaving safepoint region
[2019-12-09T05:09:11.372+0000][1][safepoint    ] Total time for which application threads were stopped: 0.0000623 seconds, Stopping threads took: 0.0000159 seconds
[2019-12-09T05:09:12.372+0000][1][safepoint    ] Application time: 1.0000762 seconds
[2019-12-09T05:09:12.372+0000][1][safepoint    ] Entering safepoint region: Cleanup
[2019-12-09T05:09:12.372+0000][1][safepoint    ] Leaving safepoint region
[2019-12-09T05:09:12.372+0000][1][safepoint    ] Total time for which application threads were stopped: 0.0000661 seconds, Stopping threads took: 0.0000170 seconds
[2019-12-09T05:09:13.372+0000][1][safepoint    ] Application time: 1.0000744 seconds
[2019-12-09T05:09:13.373+0000][1][safepoint    ] Entering safepoint region: Cleanup
[2019-12-09T05:09:13.373+0000][1][safepoint    ] Leaving safepoint region
[2019-12-09T05:09:13.373+0000][1][safepoint    ] Total time for which application threads were stopped: 0.0000638 seconds, Stopping threads took: 0.0000161 seconds
[2019-12-09T05:09:14.373+0000][1][safepoint    ] Application time: 1.0000766 seconds
[2019-12-09T05:09:14.373+0000][1][safepoint    ] Entering safepoint region: Cleanup
[2019-12-09T05:09:14.373+0000][1][safepoint    ] Leaving safepoint region
[2019-12-09T05:09:14.373+0000][1][safepoint    ] Total time for which application threads were stopped: 0.0000677 seconds, Stopping threads took: 0.0000165 seconds
[2019-12-09T05:09:15.373+0000][1][safepoint    ] Application time: 1.0000771 seconds
[2019-12-09T05:09:15.373+0000][1][safepoint    ] Entering safepoint region: Cleanup
[2019-12-09T05:09:15.373+0000][1][safepoint    ] Leaving safepoint region
[2019-12-09T05:09:15.373+0000][1][safepoint    ] Total time for which application threads were stopped: 0.0000633 seconds, Stopping threads took: 0.0000166 seconds
[2019-12-09T05:09:16.373+0000][1][safepoint    ] Application time: 1.0000758 seconds
[2019-12-09T05:09:16.373+0000][1][safepoint    ] Entering safepoint region: Cleanup
[2019-12-09T05:09:16.373+0000][1][safepoint    ] Leaving safepoint region
[2019-12-09T05:09:16.373+0000][1][safepoint    ] Total time for which application threads were stopped: 0.0000654 seconds, Stopping threads took: 0.0000167 seconds
[2019-12-09T05:09:17.373+0000][1][safepoint    ] Application time: 1.0000760 seconds
[2019-12-09T05:09:17.373+0000][1][safepoint    ] Entering safepoint region: Cleanup
[2019-12-09T05:09:17.373+0000][1][safepoint    ] Leaving safepoint region
[2019-12-09T05:09:17.373+0000][1][safepoint    ] Total time for which application threads were stopped: 0.0000633 seconds, Stopping threads took: 0.0000155 seconds
[2019-12-09T05:09:17.852+0000][1][safepoint    ] Application time: 0.4785734 seconds
[2019-12-09T05:09:17.852+0000][1][safepoint    ] Entering safepoint region: GenCollectForAllocation
[2019-12-09T05:09:17.852+0000][1][gc,start     ] GC(62) Pause Young (Allocation Failure)
[2019-12-09T05:09:17.852+0000][1][gc,task      ] GC(62) Using 2 workers of 2 for evacuation
[2019-12-09T05:09:17.853+0000][1][gc,age       ] GC(62) Desired survivor size 4456448 bytes, new threshold 6 (max threshold 6)
[2019-12-09T05:09:17.853+0000][1][gc,age       ] GC(62) Age table with threshold 6 (max threshold 6)
[2019-12-09T05:09:17.853+0000][1][gc,age       ] GC(62) - age   1:       4056 bytes,       4056 total
[2019-12-09T05:09:17.853+0000][1][gc,age       ] GC(62) - age   3:        584 bytes,       4640 total
[2019-12-09T05:09:17.853+0000][1][gc,age       ] GC(62) - age   5:      16400 bytes,      21040 total
[2019-12-09T05:09:17.853+0000][1][gc,age       ] GC(62) - age   6:        456 bytes,      21496 total
[2019-12-09T05:09:17.853+0000][1][gc,heap      ] GC(62) ParNew: 69974K->24K(78656K)
[2019-12-09T05:09:17.853+0000][1][gc,heap      ] GC(62) CMS: 69337K->69337K(174784K)
[2019-12-09T05:09:17.853+0000][1][gc,metaspace ] GC(62) Metaspace: 68453K->68453K(1112064K)
[2019-12-09T05:09:17.853+0000][1][gc           ] GC(62) Pause Young (Allocation Failure) 136M->67M(247M) 1.347ms
[2019-12-09T05:09:17.853+0000][1][gc,cpu       ] GC(62) User=0.01s Sys=0.00s Real=0.00s
[2019-12-09T05:09:17.853+0000][1][safepoint    ] Leaving safepoint region
[2019-12-09T05:09:17.853+0000][1][safepoint    ] Total time for which application threads were stopped: 0.0014816 seconds, Stopping threads took: 0.0000152 seconds
[2019-12-09T05:09:18.853+0000][1][safepoint    ] Application time: 1.0000870 seconds
[2019-12-09T05:09:18.854+0000][1][safepoint    ] Entering safepoint region: Cleanup
[2019-12-09T05:09:18.854+0000][1][safepoint    ] Leaving safepoint region
[2019-12-09T05:09:18.854+0000][1][safepoint    ] Total time for which application threads were stopped: 0.0000667 seconds, Stopping threads took: 0.0000167 seconds
[2019-12-09T05:09:19.854+0000][1][safepoint    ] Application time: 1.0000872 seconds
[2019-12-09T05:09:19.854+0000][1][safepoint    ] Entering safepoint region: Cleanup
[2019-12-09T05:09:19.854+0000][1][safepoint    ] Leaving safepoint region
[2019-12-09T05:09:19.854+0000][1][safepoint    ] Total time for which application threads were stopped: 0.0000683 seconds, Stopping threads took: 0.0000174 seconds
[2019-12-09T05:09:20.854+0000][1][safepoint    ] Application time: 1.0000754 seconds
[2019-12-09T05:09:20.854+0000][1][safepoint    ] Entering safepoint region: Cleanup
[2019-12-09T05:09:20.854+0000][1][safepoint    ] Leaving safepoint region
[2019-12-09T05:09:20.854+0000][1][safepoint    ] Total time for which application threads were stopped: 0.0000744 seconds, Stopping threads took: 0.0000252 seconds
[2019-12-09T05:09:21.854+0000][1][safepoint    ] Application time: 1.0000767 seconds
[2019-12-09T05:09:21.854+0000][1][safepoint    ] Entering safepoint region: Cleanup
[2019-12-09T05:09:21.854+0000][1][safepoint    ] Leaving safepoint region
[2019-12-09T05:09:21.854+0000][1][safepoint    ] Total time for which application threads were stopped: 0.0000673 seconds, Stopping threads took: 0.0000165 seconds
[2019-12-09T05:09:22.854+0000][1][safepoint    ] Application time: 1.0000736 seconds
[2019-12-09T05:09:22.854+0000][1][safepoint    ] Entering safepoint region: Cleanup
[2019-12-09T05:09:22.854+0000][1][safepoint    ] Leaving safepoint region
[2019-12-09T05:09:22.854+0000][1][safepoint    ] Total time for which application threads were stopped: 0.0000872 seconds, Stopping threads took: 0.0000237 seconds
[2019-12-09T05:09:23.854+0000][1][safepoint    ] Application time: 1.0000821 seconds
[2019-12-09T05:09:23.855+0000][1][safepoint    ] Entering safepoint region: Cleanup
[2019-12-09T05:09:23.855+0000][1][safepoint    ] Leaving safepoint region
[2019-12-09T05:09:23.855+0000][1][safepoint    ] Total time for which application threads were stopped: 0.0000643 seconds, Stopping threads took: 0.0000167 seconds
[2019-12-09T05:09:24.855+0000][1][safepoint    ] Application time: 1.0000759 seconds
[2019-12-09T05:09:24.855+0000][1][safepoint    ] Entering safepoint region: Cleanup
[2019-12-09T05:09:24.855+0000][1][safepoint    ] Leaving safepoint region
[2019-12-09T05:09:24.855+0000][1][safepoint    ] Total time for which application threads were stopped: 0.0000720 seconds, Stopping threads took: 0.0000219 seconds
[2019-12-09T05:09:25.855+0000][1][safepoint    ] Application time: 1.0000748 seconds
[2019-12-09T05:09:25.855+0000][1][safepoint    ] Entering safepoint region: Cleanup
[2019-12-09T05:09:25.855+0000][1][safepoint    ] Leaving safepoint region
[2019-12-09T05:09:25.855+0000][1][safepoint    ] Total time for which application threads were stopped: 0.0000651 seconds, Stopping threads took: 0.0000157 seconds
[2019-12-09T05:09:26.855+0000][1][safepoint    ] Application time: 1.0000746 seconds
[2019-12-09T05:09:26.855+0000][1][safepoint    ] Entering safepoint region: Cleanup
[2019-12-09T05:09:26.855+0000][1][safepoint    ] Leaving safepoint region
[2019-12-09T05:09:26.855+0000][1][safepoint    ] Total time for which application threads were stopped: 0.0000675 seconds, Stopping threads took: 0.0000161 seconds
[2019-12-09T05:09:27.855+0000][1][safepoint    ] Application time: 1.0000761 seconds
[2019-12-09T05:09:27.855+0000][1][safepoint    ] Entering safepoint region: Cleanup
[2019-12-09T05:09:27.855+0000][1][safepoint    ] Leaving safepoint region
[2019-12-09T05:09:27.855+0000][1][safepoint    ] Total time for which application threads were stopped: 0.0000654 seconds, Stopping threads took: 0.0000171 seconds
[2019-12-09T05:09:28.855+0000][1][safepoint    ] Application time: 1.0000770 seconds
[2019-12-09T05:09:28.855+0000][1][safepoint    ] Entering safepoint region: Cleanup
[2019-12-09T05:09:28.855+0000][1][safepoint    ] Leaving safepoint region
[2019-12-09T05:09:28.855+0000][1][safepoint    ] Total time for which application threads were stopped: 0.0000655 seconds, Stopping threads took: 0.0000164 seconds
[2019-12-09T05:09:29.856+0000][1][safepoint    ] Application time: 1.0000821 seconds
[2019-12-09T05:09:29.856+0000][1][safepoint    ] Entering safepoint region: Cleanup
[2019-12-09T05:09:29.856+0000][1][safepoint    ] Leaving safepoint region
[2019-12-09T05:09:29.856+0000][1][safepoint    ] Total time for which application threads were stopped: 0.0000699 seconds, Stopping threads took: 0.0000190 seconds
[2019-12-09T05:09:30.856+0000][1][safepoint    ] Application time: 1.0000780 seconds
[2019-12-09T05:09:30.856+0000][1][safepoint    ] Entering safepoint region: Cleanup
[2019-12-09T05:09:30.856+0000][1][safepoint    ] Leaving safepoint region
[2019-12-09T05:09:30.856+0000][1][safepoint    ] Total time for which application threads were stopped: 0.0000644 seconds, Stopping threads took: 0.0000156 seconds
[2019-12-09T05:09:31.856+0000][1][safepoint    ] Application time: 1.0000759 seconds
[2019-12-09T05:09:31.856+0000][1][safepoint    ] Entering safepoint region: Cleanup
[2019-12-09T05:09:31.856+0000][1][safepoint    ] Leaving safepoint region
[2019-12-09T05:09:31.856+0000][1][safepoint    ] Total time for which application threads were stopped: 0.0000644 seconds, Stopping threads took: 0.0000154 seconds
[2019-12-09T05:09:32.856+0000][1][safepoint    ] Application time: 1.0000761 seconds
[2019-12-09T05:09:32.856+0000][1][safepoint    ] Entering safepoint region: Cleanup
[2019-12-09T05:09:32.856+0000][1][safepoint    ] Leaving safepoint region
[2019-12-09T05:09:32.856+0000][1][safepoint    ] Total time for which application threads were stopped: 0.0000614 seconds, Stopping threads took: 0.0000162 seconds
[2019-12-09T05:09:33.856+0000][1][safepoint    ] Application time: 1.0000775 seconds
[2019-12-09T05:09:33.856+0000][1][safepoint    ] Entering safepoint region: Cleanup
[2019-12-09T05:09:33.856+0000][1][safepoint    ] Leaving safepoint region
[2019-12-09T05:09:33.856+0000][1][safepoint    ] Total time for which application threads were stopped: 0.0000632 seconds, Stopping threads took: 0.0000159 seconds
[2019-12-09T05:09:34.856+0000][1][safepoint    ] Application time: 1.0000747 seconds
[2019-12-09T05:09:34.857+0000][1][safepoint    ] Entering safepoint region: Cleanup
[2019-12-09T05:09:34.857+0000][1][safepoint    ] Leaving safepoint region
[2019-12-09T05:09:34.857+0000][1][safepoint    ] Total time for which application threads were stopped: 0.0000631 seconds, Stopping threads took: 0.0000162 seconds
[2019-12-09T05:09:35.857+0000][1][safepoint    ] Application time: 1.0000758 seconds
[2019-12-09T05:09:35.857+0000][1][safepoint    ] Entering safepoint region: Cleanup
[2019-12-09T05:09:35.857+0000][1][safepoint    ] Leaving safepoint region
[2019-12-09T05:09:35.857+0000][1][safepoint    ] Total time for which application threads were stopped: 0.0000682 seconds, Stopping threads took: 0.0000172 seconds
[2019-12-09T05:09:36.857+0000][1][safepoint    ] Application time: 1.0000776 seconds
[2019-12-09T05:09:36.857+0000][1][safepoint    ] Entering safepoint region: Cleanup
[2019-12-09T05:09:36.857+0000][1][safepoint    ] Leaving safepoint region
[2019-12-09T05:09:36.857+0000][1][safepoint    ] Total time for which application threads were stopped: 0.0000652 seconds, Stopping threads took: 0.0000168 seconds
[2019-12-09T05:09:37.857+0000][1][safepoint    ] Application time: 1.0000757 seconds
[2019-12-09T05:09:37.857+0000][1][safepoint    ] Entering safepoint region: Cleanup
[2019-12-09T05:09:37.857+0000][1][safepoint    ] Leaving safepoint region
[2019-12-09T05:09:37.857+0000][1][safepoint    ] Total time for which application threads were stopped: 0.0000631 seconds, Stopping threads took: 0.0000156 seconds
[2019-12-09T05:09:38.857+0000][1][safepoint    ] Application time: 1.0000767 seconds
[2019-12-09T05:09:38.857+0000][1][safepoint    ] Entering safepoint region: Cleanup
[2019-12-09T05:09:38.857+0000][1][safepoint    ] Leaving safepoint region
[2019-12-09T05:09:38.857+0000][1][safepoint    ] Total time for which application threads were stopped: 0.0000645 seconds, Stopping threads took: 0.0000173 seconds
[2019-12-09T05:09:39.857+0000][1][safepoint    ] Application time: 1.0000767 seconds
[2019-12-09T05:09:39.857+0000][1][safepoint    ] Entering safepoint region: Cleanup
[2019-12-09T05:09:39.857+0000][1][safepoint    ] Leaving safepoint region
[2019-12-09T05:09:39.857+0000][1][safepoint    ] Total time for which application threads were stopped: 0.0000662 seconds, Stopping threads took: 0.0000181 seconds
[2019-12-09T05:09:40.858+0000][1][safepoint    ] Application time: 1.0000761 seconds
[2019-12-09T05:09:40.858+0000][1][safepoint    ] Entering safepoint region: Cleanup
[2019-12-09T05:09:40.858+0000][1][safepoint    ] Leaving safepoint region
[2019-12-09T05:09:40.858+0000][1][safepoint    ] Total time for which application threads were stopped: 0.0000660 seconds, Stopping threads took: 0.0000180 seconds
[2019-12-09T05:09:41.979+0000][1][safepoint    ] Application time: 1.1217596 seconds
[2019-12-09T05:09:41.979+0000][1][safepoint    ] Entering safepoint region: Cleanup
[2019-12-09T05:09:41.980+0000][1][safepoint    ] Leaving safepoint region
[2019-12-09T05:09:41.980+0000][1][safepoint    ] Total time for which application threads were stopped: 0.0000727 seconds, Stopping threads took: 0.0000157 seconds
[2019-12-09T05:09:42.980+0000][1][safepoint    ] Application time: 1.0000755 seconds
[2019-12-09T05:09:42.980+0000][1][safepoint    ] Entering safepoint region: Cleanup
[2019-12-09T05:09:42.980+0000][1][safepoint    ] Leaving safepoint region
[2019-12-09T05:09:42.980+0000][1][safepoint    ] Total time for which application threads were stopped: 0.0000768 seconds, Stopping threads took: 0.0000150 seconds
[2019-12-09T05:09:43.980+0000][1][safepoint    ] Application time: 1.0000749 seconds
[2019-12-09T05:09:43.980+0000][1][safepoint    ] Entering safepoint region: Cleanup
[2019-12-09T05:09:43.980+0000][1][safepoint    ] Leaving safepoint region
[2019-12-09T05:09:43.980+0000][1][safepoint    ] Total time for which application threads were stopped: 0.0000605 seconds, Stopping threads took: 0.0000148 seconds
[2019-12-09T05:09:44.980+0000][1][safepoint    ] Application time: 1.0000808 seconds
[2019-12-09T05:09:44.980+0000][1][safepoint    ] Entering safepoint region: Cleanup
[2019-12-09T05:09:44.980+0000][1][safepoint    ] Leaving safepoint region
[2019-12-09T05:09:44.980+0000][1][safepoint    ] Total time for which application threads were stopped: 0.0000604 seconds, Stopping threads took: 0.0000150 seconds
[2019-12-09T05:09:45.980+0000][1][safepoint    ] Application time: 1.0000740 seconds
[2019-12-09T05:09:45.980+0000][1][safepoint    ] Entering safepoint region: Cleanup
[2019-12-09T05:09:45.980+0000][1][safepoint    ] Leaving safepoint region
[2019-12-09T05:09:45.980+0000][1][safepoint    ] Total time for which application threads were stopped: 0.0000611 seconds, Stopping threads took: 0.0000149 seconds
[2019-12-09T05:09:46.980+0000][1][safepoint    ] Application time: 1.0000751 seconds
[2019-12-09T05:09:46.980+0000][1][safepoint    ] Entering safepoint region: Cleanup
[2019-12-09T05:09:46.980+0000][1][safepoint    ] Leaving safepoint region
[2019-12-09T05:09:46.980+0000][1][safepoint    ] Total time for which application threads were stopped: 0.0000596 seconds, Stopping threads took: 0.0000146 seconds
[2019-12-09T05:09:47.980+0000][1][safepoint    ] Application time: 1.0000757 seconds
[2019-12-09T05:09:47.980+0000][1][safepoint    ] Entering safepoint region: Cleanup
[2019-12-09T05:09:47.981+0000][1][safepoint    ] Leaving safepoint region
[2019-12-09T05:09:47.981+0000][1][safepoint    ] Total time for which application threads were stopped: 0.0000620 seconds, Stopping threads took: 0.0000162 seconds
[2019-12-09T05:09:48.981+0000][1][safepoint    ] Application time: 1.0000748 seconds
[2019-12-09T05:09:48.981+0000][1][safepoint    ] Entering safepoint region: Cleanup
[2019-12-09T05:09:48.981+0000][1][safepoint    ] Leaving safepoint region
[2019-12-09T05:09:48.981+0000][1][safepoint    ] Total time for which application threads were stopped: 0.0000733 seconds, Stopping threads took: 0.0000151 seconds
[2019-12-09T05:09:49.981+0000][1][safepoint    ] Application time: 1.0000780 seconds
[2019-12-09T05:09:49.981+0000][1][safepoint    ] Entering safepoint region: Cleanup
[2019-12-09T05:09:49.981+0000][1][safepoint    ] Leaving safepoint region
[2019-12-09T05:09:49.981+0000][1][safepoint    ] Total time for which application threads were stopped: 0.0000637 seconds, Stopping threads took: 0.0000149 seconds
[2019-12-09T05:09:50.981+0000][1][safepoint    ] Application time: 1.0000762 seconds
[2019-12-09T05:09:50.981+0000][1][safepoint    ] Entering safepoint region: Cleanup
[2019-12-09T05:09:50.981+0000][1][safepoint    ] Leaving safepoint region
[2019-12-09T05:09:50.981+0000][1][safepoint    ] Total time for which application threads were stopped: 0.0000629 seconds, Stopping threads took: 0.0000153 seconds
[2019-12-09T05:09:51.981+0000][1][safepoint    ] Application time: 1.0000758 seconds
[2019-12-09T05:09:51.981+0000][1][safepoint    ] Entering safepoint region: Cleanup
[2019-12-09T05:09:51.981+0000][1][safepoint    ] Leaving safepoint region
[2019-12-09T05:09:51.981+0000][1][safepoint    ] Total time for which application threads were stopped: 0.0000650 seconds, Stopping threads took: 0.0000179 seconds
[2019-12-09T05:09:52.981+0000][1][safepoint    ] Application time: 1.0000759 seconds
[2019-12-09T05:09:52.981+0000][1][safepoint    ] Entering safepoint region: Cleanup
[2019-12-09T05:09:52.981+0000][1][safepoint    ] Leaving safepoint region
[2019-12-09T05:09:52.981+0000][1][safepoint    ] Total time for which application threads were stopped: 0.0000675 seconds, Stopping threads took: 0.0000214 seconds
[2019-12-09T05:09:53.981+0000][1][safepoint    ] Application time: 1.0000756 seconds
[2019-12-09T05:09:53.981+0000][1][safepoint    ] Entering safepoint region: Cleanup
[2019-12-09T05:09:53.982+0000][1][safepoint    ] Leaving safepoint region
[2019-12-09T05:09:53.982+0000][1][safepoint    ] Total time for which application threads were stopped: 0.0000693 seconds, Stopping threads took: 0.0000171 seconds
[2019-12-09T05:09:54.982+0000][1][safepoint    ] Application time: 1.0000760 seconds
[2019-12-09T05:09:54.982+0000][1][safepoint    ] Entering safepoint region: Cleanup
[2019-12-09T05:09:54.982+0000][1][safepoint    ] Leaving safepoint region
[2019-12-09T05:09:54.982+0000][1][safepoint    ] Total time for which application threads were stopped: 0.0000707 seconds, Stopping threads took: 0.0000148 seconds
[2019-12-09T05:09:55.982+0000][1][safepoint    ] Application time: 1.0000760 seconds
[2019-12-09T05:09:55.982+0000][1][safepoint    ] Entering safepoint region: Cleanup
[2019-12-09T05:09:55.982+0000][1][safepoint    ] Leaving safepoint region
[2019-12-09T05:09:55.982+0000][1][safepoint    ] Total time for which application threads were stopped: 0.0000618 seconds, Stopping threads took: 0.0000165 seconds
[2019-12-09T05:09:56.982+0000][1][safepoint    ] Application time: 1.0000750 seconds
[2019-12-09T05:09:56.982+0000][1][safepoint    ] Entering safepoint region: Cleanup
[2019-12-09T05:09:56.982+0000][1][safepoint    ] Leaving safepoint region
[2019-12-09T05:09:56.982+0000][1][safepoint    ] Total time for which application threads were stopped: 0.0000621 seconds, Stopping threads took: 0.0000157 seconds
[2019-12-09T05:09:57.982+0000][1][safepoint    ] Application time: 1.0000746 seconds
[2019-12-09T05:09:57.982+0000][1][safepoint    ] Entering safepoint region: Cleanup
[2019-12-09T05:09:57.982+0000][1][safepoint    ] Leaving safepoint region
[2019-12-09T05:09:57.982+0000][1][safepoint    ] Total time for which application threads were stopped: 0.0000616 seconds, Stopping threads took: 0.0000148 seconds
[2019-12-09T05:09:58.982+0000][1][safepoint    ] Application time: 1.0000754 seconds
[2019-12-09T05:09:58.982+0000][1][safepoint    ] Entering safepoint region: Cleanup
[2019-12-09T05:09:58.982+0000][1][safepoint    ] Leaving safepoint region
[2019-12-09T05:09:58.982+0000][1][safepoint    ] Total time for which application threads were stopped: 0.0000615 seconds, Stopping threads took: 0.0000154 seconds
[2019-12-09T05:09:59.982+0000][1][safepoint    ] Application time: 1.0000769 seconds
[2019-12-09T05:09:59.982+0000][1][safepoint    ] Entering safepoint region: Cleanup
[2019-12-09T05:09:59.983+0000][1][safepoint    ] Leaving safepoint region
[2019-12-09T05:09:59.983+0000][1][safepoint    ] Total time for which application threads were stopped: 0.0000651 seconds, Stopping threads took: 0.0000171 seconds
[2019-12-09T05:10:00.983+0000][1][safepoint    ] Application time: 1.0000764 seconds
[2019-12-09T05:10:00.983+0000][1][safepoint    ] Entering safepoint region: Cleanup
[2019-12-09T05:10:00.983+0000][1][safepoint    ] Leaving safepoint region
[2019-12-09T05:10:00.983+0000][1][safepoint    ] Total time for which application threads were stopped: 0.0000719 seconds, Stopping threads took: 0.0000241 seconds
[2019-12-09T05:10:01.983+0000][1][safepoint    ] Application time: 1.0000821 seconds
[2019-12-09T05:10:01.983+0000][1][safepoint    ] Entering safepoint region: Cleanup
[2019-12-09T05:10:01.983+0000][1][safepoint    ] Leaving safepoint region
[2019-12-09T05:10:01.983+0000][1][safepoint    ] Total time for which application threads were stopped: 0.0000777 seconds, Stopping threads took: 0.0000176 seconds
[2019-12-09T05:10:02.983+0000][1][safepoint    ] Application time: 1.0000755 seconds
[2019-12-09T05:10:02.983+0000][1][safepoint    ] Entering safepoint region: Cleanup
[2019-12-09T05:10:02.983+0000][1][safepoint    ] Leaving safepoint region
[2019-12-09T05:10:02.983+0000][1][safepoint    ] Total time for which application threads were stopped: 0.0000623 seconds, Stopping threads took: 0.0000155 seconds
[2019-12-09T05:10:03.983+0000][1][safepoint    ] Application time: 1.0000757 seconds
[2019-12-09T05:10:03.983+0000][1][safepoint    ] Entering safepoint region: Cleanup
[2019-12-09T05:10:03.983+0000][1][safepoint    ] Leaving safepoint region
[2019-12-09T05:10:03.983+0000][1][safepoint    ] Total time for which application threads were stopped: 0.0000613 seconds, Stopping threads took: 0.0000174 seconds
[2019-12-09T05:10:04.983+0000][1][safepoint    ] Application time: 1.0000743 seconds
[2019-12-09T05:10:04.983+0000][1][safepoint    ] Entering safepoint region: Cleanup
[2019-12-09T05:10:04.983+0000][1][safepoint    ] Leaving safepoint region
[2019-12-09T05:10:04.983+0000][1][safepoint    ] Total time for which application threads were stopped: 0.0000600 seconds, Stopping threads took: 0.0000147 seconds
[2019-12-09T05:10:05.984+0000][1][safepoint    ] Application time: 1.0000831 seconds
[2019-12-09T05:10:05.984+0000][1][safepoint    ] Entering safepoint region: Cleanup
[2019-12-09T05:10:05.984+0000][1][safepoint    ] Leaving safepoint region
[2019-12-09T05:10:05.984+0000][1][safepoint    ] Total time for which application threads were stopped: 0.0000620 seconds, Stopping threads took: 0.0000160 seconds
[2019-12-09T05:10:06.984+0000][1][safepoint    ] Application time: 1.0000836 seconds
[2019-12-09T05:10:06.984+0000][1][safepoint    ] Entering safepoint region: Cleanup
[2019-12-09T05:10:06.984+0000][1][safepoint    ] Leaving safepoint region
[2019-12-09T05:10:06.984+0000][1][safepoint    ] Total time for which application threads were stopped: 0.0000642 seconds, Stopping threads took: 0.0000168 seconds
[2019-12-09T05:10:07.984+0000][1][safepoint    ] Application time: 1.0002900 seconds
[2019-12-09T05:10:07.984+0000][1][safepoint    ] Entering safepoint region: Cleanup
[2019-12-09T05:10:07.984+0000][1][safepoint    ] Leaving safepoint region
[2019-12-09T05:10:07.984+0000][1][safepoint    ] Total time for which application threads were stopped: 0.0000661 seconds, Stopping threads took: 0.0000176 seconds
[2019-12-09T05:10:08.984+0000][1][safepoint    ] Application time: 1.0000773 seconds
[2019-12-09T05:10:08.984+0000][1][safepoint    ] Entering safepoint region: Cleanup
[2019-12-09T05:10:08.984+0000][1][safepoint    ] Leaving safepoint region
[2019-12-09T05:10:08.984+0000][1][safepoint    ] Total time for which application threads were stopped: 0.0000629 seconds, Stopping threads took: 0.0000168 seconds
[2019-12-09T05:10:09.984+0000][1][safepoint    ] Application time: 1.0000754 seconds
[2019-12-09T05:10:09.984+0000][1][safepoint    ] Entering safepoint region: Cleanup
[2019-12-09T05:10:09.985+0000][1][safepoint    ] Leaving safepoint region
[2019-12-09T05:10:09.985+0000][1][safepoint    ] Total time for which application threads were stopped: 0.0000630 seconds, Stopping threads took: 0.0000167 seconds
[2019-12-09T05:10:10.985+0000][1][safepoint    ] Application time: 1.0000796 seconds
[2019-12-09T05:10:10.985+0000][1][safepoint    ] Entering safepoint region: Cleanup
[2019-12-09T05:10:10.985+0000][1][safepoint    ] Leaving safepoint region
[2019-12-09T05:10:10.985+0000][1][safepoint    ] Total time for which application threads were stopped: 0.0000756 seconds, Stopping threads took: 0.0000155 seconds
[2019-12-09T05:10:11.985+0000][1][safepoint    ] Application time: 1.0000753 seconds
[2019-12-09T05:10:11.985+0000][1][safepoint    ] Entering safepoint region: Cleanup
[2019-12-09T05:10:11.985+0000][1][safepoint    ] Leaving safepoint region
[2019-12-09T05:10:11.985+0000][1][safepoint    ] Total time for which application threads were stopped: 0.0000634 seconds, Stopping threads took: 0.0000145 seconds
[2019-12-09T05:10:12.985+0000][1][safepoint    ] Application time: 1.0000745 seconds
[2019-12-09T05:10:12.985+0000][1][safepoint    ] Entering safepoint region: Cleanup
[2019-12-09T05:10:12.985+0000][1][safepoint    ] Leaving safepoint region
[2019-12-09T05:10:12.985+0000][1][safepoint    ] Total time for which application threads were stopped: 0.0000619 seconds, Stopping threads took: 0.0000153 seconds
[2019-12-09T05:10:13.985+0000][1][safepoint    ] Application time: 1.0000750 seconds
[2019-12-09T05:10:13.985+0000][1][safepoint    ] Entering safepoint region: Cleanup
[2019-12-09T05:10:13.985+0000][1][safepoint    ] Leaving safepoint region
[2019-12-09T05:10:13.985+0000][1][safepoint    ] Total time for which application threads were stopped: 0.0000612 seconds, Stopping threads took: 0.0000151 seconds
[2019-12-09T05:10:14.985+0000][1][safepoint    ] Application time: 1.0000750 seconds
[2019-12-09T05:10:14.985+0000][1][safepoint    ] Entering safepoint region: Cleanup
[2019-12-09T05:10:14.985+0000][1][safepoint    ] Leaving safepoint region
[2019-12-09T05:10:14.985+0000][1][safepoint    ] Total time for which application threads were stopped: 0.0000647 seconds, Stopping threads took: 0.0000162 seconds
[2019-12-09T05:10:15.985+0000][1][safepoint    ] Application time: 1.0000752 seconds
[2019-12-09T05:10:15.985+0000][1][safepoint    ] Entering safepoint region: Cleanup
[2019-12-09T05:10:15.986+0000][1][safepoint    ] Leaving safepoint region
[2019-12-09T05:10:15.986+0000][1][safepoint    ] Total time for which application threads were stopped: 0.0000654 seconds, Stopping threads took: 0.0000173 seconds
[2019-12-09T05:10:16.986+0000][1][safepoint    ] Application time: 1.0000751 seconds
[2019-12-09T05:10:16.986+0000][1][safepoint    ] Entering safepoint region: Cleanup
[2019-12-09T05:10:16.986+0000][1][safepoint    ] Leaving safepoint region
[2019-12-09T05:10:16.986+0000][1][safepoint    ] Total time for which application threads were stopped: 0.0000767 seconds, Stopping threads took: 0.0000281 seconds
[2019-12-09T05:10:17.986+0000][1][safepoint    ] Application time: 1.0000581 seconds
[2019-12-09T05:10:17.986+0000][1][safepoint    ] Entering safepoint region: Cleanup
[2019-12-09T05:10:17.986+0000][1][safepoint    ] Leaving safepoint region
[2019-12-09T05:10:17.986+0000][1][safepoint    ] Total time for which application threads were stopped: 0.0000647 seconds, Stopping threads took: 0.0000164 seconds
[2019-12-09T05:10:18.986+0000][1][safepoint    ] Application time: 1.0000776 seconds
[2019-12-09T05:10:18.986+0000][1][safepoint    ] Entering safepoint region: Cleanup
[2019-12-09T05:10:18.986+0000][1][safepoint    ] Leaving safepoint region
[2019-12-09T05:10:18.986+0000][1][safepoint    ] Total time for which application threads were stopped: 0.0000643 seconds, Stopping threads took: 0.0000166 seconds
[2019-12-09T05:10:19.986+0000][1][safepoint    ] Application time: 1.0000773 seconds
[2019-12-09T05:10:19.986+0000][1][safepoint    ] Entering safepoint region: Cleanup
[2019-12-09T05:10:19.986+0000][1][safepoint    ] Leaving safepoint region
[2019-12-09T05:10:19.986+0000][1][safepoint    ] Total time for which application threads were stopped: 0.0000653 seconds, Stopping threads took: 0.0000169 seconds
[2019-12-09T05:10:20.986+0000][1][safepoint    ] Application time: 1.0000778 seconds
[2019-12-09T05:10:20.986+0000][1][safepoint    ] Entering safepoint region: Cleanup
[2019-12-09T05:10:20.986+0000][1][safepoint    ] Leaving safepoint region
[2019-12-09T05:10:20.986+0000][1][safepoint    ] Total time for which application threads were stopped: 0.0000664 seconds, Stopping threads took: 0.0000171 seconds
[2019-12-09T05:10:21.987+0000][1][safepoint    ] Application time: 1.0000758 seconds
[2019-12-09T05:10:21.987+0000][1][safepoint    ] Entering safepoint region: Cleanup
[2019-12-09T05:10:21.987+0000][1][safepoint    ] Leaving safepoint region
[2019-12-09T05:10:21.987+0000][1][safepoint    ] Total time for which application threads were stopped: 0.0000621 seconds, Stopping threads took: 0.0000152 seconds
[2019-12-09T05:10:22.987+0000][1][safepoint    ] Application time: 1.0000733 seconds
[2019-12-09T05:10:22.987+0000][1][safepoint    ] Entering safepoint region: Cleanup
[2019-12-09T05:10:22.987+0000][1][safepoint    ] Leaving safepoint region
[2019-12-09T05:10:22.987+0000][1][safepoint    ] Total time for which application threads were stopped: 0.0000660 seconds, Stopping threads took: 0.0000194 seconds
[2019-12-09T05:10:23.987+0000][1][safepoint    ] Application time: 1.0000730 seconds
[2019-12-09T05:10:23.987+0000][1][safepoint    ] Entering safepoint region: Cleanup
[2019-12-09T05:10:23.987+0000][1][safepoint    ] Leaving safepoint region
[2019-12-09T05:10:23.987+0000][1][safepoint    ] Total time for which application threads were stopped: 0.0000672 seconds, Stopping threads took: 0.0000151 seconds
[2019-12-09T05:10:24.987+0000][1][safepoint    ] Application time: 1.0000749 seconds
[2019-12-09T05:10:24.987+0000][1][safepoint    ] Entering safepoint region: Cleanup
[2019-12-09T05:10:24.987+0000][1][safepoint    ] Leaving safepoint region
[2019-12-09T05:10:24.987+0000][1][safepoint    ] Total time for which application threads were stopped: 0.0000764 seconds, Stopping threads took: 0.0000151 seconds
[2019-12-09T05:10:25.987+0000][1][safepoint    ] Application time: 1.0000748 seconds
[2019-12-09T05:10:25.987+0000][1][safepoint    ] Entering safepoint region: Cleanup
[2019-12-09T05:10:25.987+0000][1][safepoint    ] Leaving safepoint region
[2019-12-09T05:10:25.987+0000][1][safepoint    ] Total time for which application threads were stopped: 0.0000593 seconds, Stopping threads took: 0.0000151 seconds
[2019-12-09T05:10:26.987+0000][1][safepoint    ] Application time: 1.0000776 seconds
[2019-12-09T05:10:26.987+0000][1][safepoint    ] Entering safepoint region: Cleanup
[2019-12-09T05:10:26.987+0000][1][safepoint    ] Leaving safepoint region
[2019-12-09T05:10:26.987+0000][1][safepoint    ] Total time for which application threads were stopped: 0.0000628 seconds, Stopping threads took: 0.0000167 seconds
[2019-12-09T05:10:27.988+0000][1][safepoint    ] Application time: 1.0000769 seconds
[2019-12-09T05:10:27.988+0000][1][safepoint    ] Entering safepoint region: Cleanup
[2019-12-09T05:10:27.988+0000][1][safepoint    ] Leaving safepoint region
[2019-12-09T05:10:27.988+0000][1][safepoint    ] Total time for which application threads were stopped: 0.0000601 seconds, Stopping threads took: 0.0000151 seconds
[2019-12-09T05:10:28.988+0000][1][safepoint    ] Application time: 1.0000739 seconds
[2019-12-09T05:10:28.988+0000][1][safepoint    ] Entering safepoint region: Cleanup
[2019-12-09T05:10:28.988+0000][1][safepoint    ] Leaving safepoint region
[2019-12-09T05:10:28.988+0000][1][safepoint    ] Total time for which application threads were stopped: 0.0000610 seconds, Stopping threads took: 0.0000151 seconds
[2019-12-09T05:10:29.988+0000][1][safepoint    ] Application time: 1.0000750 seconds
[2019-12-09T05:10:29.988+0000][1][safepoint    ] Entering safepoint region: Cleanup
[2019-12-09T05:10:29.988+0000][1][safepoint    ] Leaving safepoint region
[2019-12-09T05:10:29.988+0000][1][safepoint    ] Total time for which application threads were stopped: 0.0000622 seconds, Stopping threads took: 0.0000152 seconds
[2019-12-09T05:10:30.988+0000][1][safepoint    ] Application time: 1.0000760 seconds
[2019-12-09T05:10:30.988+0000][1][safepoint    ] Entering safepoint region: Cleanup
[2019-12-09T05:10:30.988+0000][1][safepoint    ] Leaving safepoint region
[2019-12-09T05:10:30.988+0000][1][safepoint    ] Total time for which application threads were stopped: 0.0000707 seconds, Stopping threads took: 0.0000232 seconds
[2019-12-09T05:10:31.988+0000][1][safepoint    ] Application time: 1.0000754 seconds
[2019-12-09T05:10:31.988+0000][1][safepoint    ] Entering safepoint region: Cleanup
[2019-12-09T05:10:31.988+0000][1][safepoint    ] Leaving safepoint region
[2019-12-09T05:10:31.988+0000][1][safepoint    ] Total time for which application threads were stopped: 0.0000603 seconds, Stopping threads took: 0.0000154 seconds
[2019-12-09T05:10:33.337+0000][1][safepoint    ] Application time: 1.3483448 seconds
[2019-12-09T05:10:33.337+0000][1][safepoint    ] Entering safepoint region: Cleanup
[2019-12-09T05:10:33.337+0000][1][safepoint    ] Leaving safepoint region
[2019-12-09T05:10:33.337+0000][1][safepoint    ] Total time for which application threads were stopped: 0.0000779 seconds, Stopping threads took: 0.0000233 seconds
[2019-12-09T05:10:34.337+0000][1][safepoint    ] Application time: 1.0000848 seconds
[2019-12-09T05:10:34.337+0000][1][safepoint    ] Entering safepoint region: Cleanup
[2019-12-09T05:10:34.337+0000][1][safepoint    ] Leaving safepoint region
[2019-12-09T05:10:34.337+0000][1][safepoint    ] Total time for which application threads were stopped: 0.0001179 seconds, Stopping threads took: 0.0000630 seconds
[2019-12-09T05:10:35.337+0000][1][safepoint    ] Application time: 1.0000903 seconds
[2019-12-09T05:10:35.337+0000][1][safepoint    ] Entering safepoint region: Cleanup
[2019-12-09T05:10:35.337+0000][1][safepoint    ] Leaving safepoint region
[2019-12-09T05:10:35.337+0000][1][safepoint    ] Total time for which application threads were stopped: 0.0000790 seconds, Stopping threads took: 0.0000227 seconds
[2019-12-09T05:10:36.337+0000][1][safepoint    ] Application time: 1.0001346 seconds
[2019-12-09T05:10:36.337+0000][1][safepoint    ] Entering safepoint region: Cleanup
[2019-12-09T05:10:36.338+0000][1][safepoint    ] Leaving safepoint region
[2019-12-09T05:10:36.338+0000][1][safepoint    ] Total time for which application threads were stopped: 0.0000980 seconds, Stopping threads took: 0.0000239 seconds
[2019-12-09T05:10:37.338+0000][1][safepoint    ] Application time: 1.0001415 seconds
[2019-12-09T05:10:37.338+0000][1][safepoint    ] Entering safepoint region: Cleanup
[2019-12-09T05:10:37.338+0000][1][safepoint    ] Leaving safepoint region
[2019-12-09T05:10:37.338+0000][1][safepoint    ] Total time for which application threads were stopped: 0.0000887 seconds, Stopping threads took: 0.0000220 seconds
[2019-12-09T05:10:38.338+0000][1][safepoint    ] Application time: 1.0000831 seconds
[2019-12-09T05:10:38.338+0000][1][safepoint    ] Entering safepoint region: Cleanup
[2019-12-09T05:10:38.338+0000][1][safepoint    ] Leaving safepoint region
[2019-12-09T05:10:38.338+0000][1][safepoint    ] Total time for which application threads were stopped: 0.0000913 seconds, Stopping threads took: 0.0000235 seconds
[2019-12-09T05:10:39.338+0000][1][safepoint    ] Application time: 1.0000755 seconds
[2019-12-09T05:10:39.338+0000][1][safepoint    ] Entering safepoint region: Cleanup
[2019-12-09T05:10:39.338+0000][1][safepoint    ] Leaving safepoint region
[2019-12-09T05:10:39.338+0000][1][safepoint    ] Total time for which application threads were stopped: 0.0000840 seconds, Stopping threads took: 0.0000165 seconds
[2019-12-09T05:10:40.338+0000][1][safepoint    ] Application time: 1.0000746 seconds
[2019-12-09T05:10:40.338+0000][1][safepoint    ] Entering safepoint region: Cleanup
[2019-12-09T05:10:40.338+0000][1][safepoint    ] Leaving safepoint region
[2019-12-09T05:10:40.338+0000][1][safepoint    ] Total time for which application threads were stopped: 0.0000668 seconds, Stopping threads took: 0.0000165 seconds
[2019-12-09T05:10:41.339+0000][1][safepoint    ] Application time: 1.0000780 seconds
[2019-12-09T05:10:41.339+0000][1][safepoint    ] Entering safepoint region: Cleanup
[2019-12-09T05:10:41.339+0000][1][safepoint    ] Leaving safepoint region
[2019-12-09T05:10:41.339+0000][1][safepoint    ] Total time for which application threads were stopped: 0.0000735 seconds, Stopping threads took: 0.0000240 seconds
[2019-12-09T05:10:42.339+0000][1][safepoint    ] Application time: 1.0000833 seconds
[2019-12-09T05:10:42.339+0000][1][safepoint    ] Entering safepoint region: Cleanup
[2019-12-09T05:10:42.339+0000][1][safepoint    ] Leaving safepoint region
[2019-12-09T05:10:42.339+0000][1][safepoint    ] Total time for which application threads were stopped: 0.0000659 seconds, Stopping threads took: 0.0000166 seconds
[2019-12-09T05:10:43.339+0000][1][safepoint    ] Application time: 1.0000766 seconds
[2019-12-09T05:10:43.339+0000][1][safepoint    ] Entering safepoint region: Cleanup
[2019-12-09T05:10:43.339+0000][1][safepoint    ] Leaving safepoint region
[2019-12-09T05:10:43.339+0000][1][safepoint    ] Total time for which application threads were stopped: 0.0000655 seconds, Stopping threads took: 0.0000176 seconds
[2019-12-09T05:10:44.339+0000][1][safepoint    ] Application time: 1.0000750 seconds
[2019-12-09T05:10:44.339+0000][1][safepoint    ] Entering safepoint region: Cleanup
[2019-12-09T05:10:44.339+0000][1][safepoint    ] Leaving safepoint region
[2019-12-09T05:10:44.339+0000][1][safepoint    ] Total time for which application threads were stopped: 0.0000655 seconds, Stopping threads took: 0.0000177 seconds
[2019-12-09T05:10:45.339+0000][1][safepoint    ] Application time: 1.0000760 seconds
[2019-12-09T05:10:45.339+0000][1][safepoint    ] Entering safepoint region: Cleanup
[2019-12-09T05:10:45.339+0000][1][safepoint    ] Leaving safepoint region
[2019-12-09T05:10:45.339+0000][1][safepoint    ] Total time for which application threads were stopped: 0.0000661 seconds, Stopping threads took: 0.0000169 seconds
[2019-12-09T05:10:46.339+0000][1][safepoint    ] Application time: 1.0000778 seconds
[2019-12-09T05:10:46.340+0000][1][safepoint    ] Entering safepoint region: Cleanup
[2019-12-09T05:10:46.340+0000][1][safepoint    ] Leaving safepoint region
[2019-12-09T05:10:46.340+0000][1][safepoint    ] Total time for which application threads were stopped: 0.0000736 seconds, Stopping threads took: 0.0000200 seconds
[2019-12-09T05:10:47.340+0000][1][safepoint    ] Application time: 1.0000850 seconds
[2019-12-09T05:10:47.340+0000][1][safepoint    ] Entering safepoint region: Cleanup
[2019-12-09T05:10:47.340+0000][1][safepoint    ] Leaving safepoint region
[2019-12-09T05:10:47.340+0000][1][safepoint    ] Total time for which application threads were stopped: 0.0000651 seconds, Stopping threads took: 0.0000153 seconds
[2019-12-09T05:10:48.340+0000][1][safepoint    ] Application time: 1.0000786 seconds
[2019-12-09T05:10:48.340+0000][1][safepoint    ] Entering safepoint region: Cleanup
[2019-12-09T05:10:48.340+0000][1][safepoint    ] Leaving safepoint region
[2019-12-09T05:10:48.340+0000][1][safepoint    ] Total time for which application threads were stopped: 0.0000794 seconds, Stopping threads took: 0.0000280 seconds
[2019-12-09T05:10:49.340+0000][1][safepoint    ] Application time: 1.0000751 seconds
[2019-12-09T05:10:49.340+0000][1][safepoint    ] Entering safepoint region: Cleanup
[2019-12-09T05:10:49.340+0000][1][safepoint    ] Leaving safepoint region
[2019-12-09T05:10:49.340+0000][1][safepoint    ] Total time for which application threads were stopped: 0.0000689 seconds, Stopping threads took: 0.0000170 seconds
[2019-12-09T05:10:50.340+0000][1][safepoint    ] Application time: 1.0000784 seconds
[2019-12-09T05:10:50.340+0000][1][safepoint    ] Entering safepoint region: Cleanup
[2019-12-09T05:10:50.340+0000][1][safepoint    ] Leaving safepoint region
[2019-12-09T05:10:50.340+0000][1][safepoint    ] Total time for which application threads were stopped: 0.0000718 seconds, Stopping threads took: 0.0000184 seconds
[2019-12-09T05:10:51.340+0000][1][safepoint    ] Application time: 1.0000787 seconds
[2019-12-09T05:10:51.341+0000][1][safepoint    ] Entering safepoint region: Cleanup
[2019-12-09T05:10:51.341+0000][1][safepoint    ] Leaving safepoint region
[2019-12-09T05:10:51.341+0000][1][safepoint    ] Total time for which application threads were stopped: 0.0000906 seconds, Stopping threads took: 0.0000383 seconds
[2019-12-09T05:10:52.341+0000][1][safepoint    ] Application time: 1.0000824 seconds
[2019-12-09T05:10:52.341+0000][1][safepoint    ] Entering safepoint region: Cleanup
[2019-12-09T05:10:52.341+0000][1][safepoint    ] Leaving safepoint region
[2019-12-09T05:10:52.341+0000][1][safepoint    ] Total time for which application threads were stopped: 0.0000646 seconds, Stopping threads took: 0.0000156 seconds
[2019-12-09T05:10:53.341+0000][1][safepoint    ] Application time: 1.0000751 seconds
[2019-12-09T05:10:53.341+0000][1][safepoint    ] Entering safepoint region: Cleanup
[2019-12-09T05:10:53.341+0000][1][safepoint    ] Leaving safepoint region
[2019-12-09T05:10:53.341+0000][1][safepoint    ] Total time for which application threads were stopped: 0.0000747 seconds, Stopping threads took: 0.0000243 seconds
[2019-12-09T05:10:54.341+0000][1][safepoint    ] Application time: 1.0000762 seconds
[2019-12-09T05:10:54.341+0000][1][safepoint    ] Entering safepoint region: Cleanup
[2019-12-09T05:10:54.341+0000][1][safepoint    ] Leaving safepoint region
[2019-12-09T05:10:54.341+0000][1][safepoint    ] Total time for which application threads were stopped: 0.0000671 seconds, Stopping threads took: 0.0000175 seconds
[2019-12-09T05:10:55.341+0000][1][safepoint    ] Application time: 1.0000754 seconds
[2019-12-09T05:10:55.341+0000][1][safepoint    ] Entering safepoint region: Cleanup
[2019-12-09T05:10:55.341+0000][1][safepoint    ] Leaving safepoint region
[2019-12-09T05:10:55.341+0000][1][safepoint    ] Total time for which application threads were stopped: 0.0000659 seconds, Stopping threads took: 0.0000172 seconds
[2019-12-09T05:10:57.010+0000][1][safepoint    ] Application time: 1.6687384 seconds
[2019-12-09T05:10:57.010+0000][1][safepoint    ] Entering safepoint region: Cleanup
[2019-12-09T05:10:57.010+0000][1][safepoint    ] Leaving safepoint region
[2019-12-09T05:10:57.010+0000][1][safepoint    ] Total time for which application threads were stopped: 0.0000664 seconds, Stopping threads took: 0.0000173 seconds
[2019-12-09T05:10:58.010+0000][1][safepoint    ] Application time: 1.0000776 seconds
[2019-12-09T05:10:58.010+0000][1][safepoint    ] Entering safepoint region: Cleanup
[2019-12-09T05:10:58.010+0000][1][safepoint    ] Leaving safepoint region
[2019-12-09T05:10:58.010+0000][1][safepoint    ] Total time for which application threads were stopped: 0.0000672 seconds, Stopping threads took: 0.0000176 seconds
[2019-12-09T05:10:59.010+0000][1][safepoint    ] Application time: 1.0000780 seconds
[2019-12-09T05:10:59.011+0000][1][safepoint    ] Entering safepoint region: Cleanup
[2019-12-09T05:10:59.011+0000][1][safepoint    ] Leaving safepoint region
[2019-12-09T05:10:59.011+0000][1][safepoint    ] Total time for which application threads were stopped: 0.0000673 seconds, Stopping threads took: 0.0000178 seconds
[2019-12-09T05:11:00.011+0000][1][safepoint    ] Application time: 1.0000787 seconds
[2019-12-09T05:11:00.011+0000][1][safepoint    ] Entering safepoint region: Cleanup
[2019-12-09T05:11:00.011+0000][1][safepoint    ] Leaving safepoint region
[2019-12-09T05:11:00.011+0000][1][safepoint    ] Total time for which application threads were stopped: 0.0000699 seconds, Stopping threads took: 0.0000182 seconds
[2019-12-09T05:11:01.011+0000][1][safepoint    ] Application time: 1.0000765 seconds
[2019-12-09T05:11:01.011+0000][1][safepoint    ] Entering safepoint region: Cleanup
[2019-12-09T05:11:01.011+0000][1][safepoint    ] Leaving safepoint region
[2019-12-09T05:11:01.011+0000][1][safepoint    ] Total time for which application threads were stopped: 0.0000677 seconds, Stopping threads took: 0.0000172 seconds
[2019-12-09T05:11:02.011+0000][1][safepoint    ] Application time: 1.0000867 seconds
[2019-12-09T05:11:02.011+0000][1][safepoint    ] Entering safepoint region: Cleanup
[2019-12-09T05:11:02.011+0000][1][safepoint    ] Leaving safepoint region
[2019-12-09T05:11:02.011+0000][1][safepoint    ] Total time for which application threads were stopped: 0.0000962 seconds, Stopping threads took: 0.0000227 seconds
[2019-12-09T05:11:03.011+0000][1][safepoint    ] Application time: 1.0000773 seconds
[2019-12-09T05:11:03.011+0000][1][safepoint    ] Entering safepoint region: Cleanup
[2019-12-09T05:11:03.011+0000][1][safepoint    ] Leaving safepoint region
[2019-12-09T05:11:03.011+0000][1][safepoint    ] Total time for which application threads were stopped: 0.0000670 seconds, Stopping threads took: 0.0000167 seconds
[2019-12-09T05:11:04.011+0000][1][safepoint    ] Application time: 1.0000769 seconds
[2019-12-09T05:11:04.012+0000][1][safepoint    ] Entering safepoint region: Cleanup
[2019-12-09T05:11:04.012+0000][1][safepoint    ] Leaving safepoint region
[2019-12-09T05:11:04.012+0000][1][safepoint    ] Total time for which application threads were stopped: 0.0000685 seconds, Stopping threads took: 0.0000169 seconds
[2019-12-09T05:11:05.012+0000][1][safepoint    ] Application time: 1.0000799 seconds
[2019-12-09T05:11:05.012+0000][1][safepoint    ] Entering safepoint region: Cleanup
[2019-12-09T05:11:05.012+0000][1][safepoint    ] Leaving safepoint region
[2019-12-09T05:11:05.012+0000][1][safepoint    ] Total time for which application threads were stopped: 0.0000693 seconds, Stopping threads took: 0.0000204 seconds
[2019-12-09T05:11:06.012+0000][1][safepoint    ] Application time: 1.0000756 seconds
[2019-12-09T05:11:06.012+0000][1][safepoint    ] Entering safepoint region: Cleanup
[2019-12-09T05:11:06.012+0000][1][safepoint    ] Leaving safepoint region
[2019-12-09T05:11:06.012+0000][1][safepoint    ] Total time for which application threads were stopped: 0.0000642 seconds, Stopping threads took: 0.0000161 seconds
[2019-12-09T05:11:07.012+0000][1][safepoint    ] Application time: 1.0000768 seconds
[2019-12-09T05:11:07.012+0000][1][safepoint    ] Entering safepoint region: Cleanup
[2019-12-09T05:11:07.012+0000][1][safepoint    ] Leaving safepoint region
[2019-12-09T05:11:07.012+0000][1][safepoint    ] Total time for which application threads were stopped: 0.0000668 seconds, Stopping threads took: 0.0000168 seconds
[2019-12-09T05:11:08.012+0000][1][safepoint    ] Application time: 1.0000780 seconds
[2019-12-09T05:11:08.012+0000][1][safepoint    ] Entering safepoint region: Cleanup
[2019-12-09T05:11:08.012+0000][1][safepoint    ] Leaving safepoint region
[2019-12-09T05:11:08.012+0000][1][safepoint    ] Total time for which application threads were stopped: 0.0000681 seconds, Stopping threads took: 0.0000174 seconds
[2019-12-09T05:11:09.012+0000][1][safepoint    ] Application time: 1.0000789 seconds
[2019-12-09T05:11:09.012+0000][1][safepoint    ] Entering safepoint region: Cleanup
[2019-12-09T05:11:09.013+0000][1][safepoint    ] Leaving safepoint region
[2019-12-09T05:11:09.013+0000][1][safepoint    ] Total time for which application threads were stopped: 0.0000652 seconds, Stopping threads took: 0.0000160 seconds
[2019-12-09T05:11:10.013+0000][1][safepoint    ] Application time: 1.0000798 seconds
[2019-12-09T05:11:10.013+0000][1][safepoint    ] Entering safepoint region: Cleanup
[2019-12-09T05:11:10.013+0000][1][safepoint    ] Leaving safepoint region
[2019-12-09T05:11:10.013+0000][1][safepoint    ] Total time for which application threads were stopped: 0.0000788 seconds, Stopping threads took: 0.0000180 seconds
[2019-12-09T05:11:11.013+0000][1][safepoint    ] Application time: 1.0000755 seconds
[2019-12-09T05:11:11.013+0000][1][safepoint    ] Entering safepoint region: Cleanup
[2019-12-09T05:11:11.013+0000][1][safepoint    ] Leaving safepoint region
[2019-12-09T05:11:11.013+0000][1][safepoint    ] Total time for which application threads were stopped: 0.0000736 seconds, Stopping threads took: 0.0000171 seconds
[2019-12-09T05:11:12.013+0000][1][safepoint    ] Application time: 1.0000750 seconds
[2019-12-09T05:11:12.013+0000][1][safepoint    ] Entering safepoint region: Cleanup
[2019-12-09T05:11:12.013+0000][1][safepoint    ] Leaving safepoint region
[2019-12-09T05:11:12.013+0000][1][safepoint    ] Total time for which application threads were stopped: 0.0000767 seconds, Stopping threads took: 0.0000188 seconds
[2019-12-09T05:11:13.013+0000][1][safepoint    ] Application time: 1.0000808 seconds
[2019-12-09T05:11:13.013+0000][1][safepoint    ] Entering safepoint region: Cleanup
[2019-12-09T05:11:13.013+0000][1][safepoint    ] Leaving safepoint region
[2019-12-09T05:11:13.013+0000][1][safepoint    ] Total time for which application threads were stopped: 0.0000664 seconds, Stopping threads took: 0.0000166 seconds
[2019-12-09T05:11:14.013+0000][1][safepoint    ] Application time: 1.0000735 seconds
[2019-12-09T05:11:14.013+0000][1][safepoint    ] Entering safepoint region: Cleanup
[2019-12-09T05:11:14.013+0000][1][safepoint    ] Leaving safepoint region
[2019-12-09T05:11:14.013+0000][1][safepoint    ] Total time for which application threads were stopped: 0.0000684 seconds, Stopping threads took: 0.0000161 seconds
[2019-12-09T05:11:15.014+0000][1][safepoint    ] Application time: 1.0000802 seconds
[2019-12-09T05:11:15.014+0000][1][safepoint    ] Entering safepoint region: Cleanup
[2019-12-09T05:11:15.014+0000][1][safepoint    ] Leaving safepoint region
[2019-12-09T05:11:15.014+0000][1][safepoint    ] Total time for which application threads were stopped: 0.0000758 seconds, Stopping threads took: 0.0000180 seconds
[2019-12-09T05:11:16.014+0000][1][safepoint    ] Application time: 1.0000769 seconds
[2019-12-09T05:11:16.014+0000][1][safepoint    ] Entering safepoint region: Cleanup
[2019-12-09T05:11:16.014+0000][1][safepoint    ] Leaving safepoint region
[2019-12-09T05:11:16.014+0000][1][safepoint    ] Total time for which application threads were stopped: 0.0000669 seconds, Stopping threads took: 0.0000171 seconds
[2019-12-09T05:11:17.014+0000][1][safepoint    ] Application time: 1.0000845 seconds
[2019-12-09T05:11:17.014+0000][1][safepoint    ] Entering safepoint region: Cleanup
[2019-12-09T05:11:17.014+0000][1][safepoint    ] Leaving safepoint region
[2019-12-09T05:11:17.014+0000][1][safepoint    ] Total time for which application threads were stopped: 0.0000680 seconds, Stopping threads took: 0.0000173 seconds
[2019-12-09T05:11:17.354+0000][1][safepoint    ] Application time: 0.3402526 seconds
[2019-12-09T05:11:17.354+0000][1][safepoint    ] Entering safepoint region: GenCollectForAllocation
[2019-12-09T05:11:17.354+0000][1][gc,start     ] GC(63) Pause Young (Allocation Failure)
[2019-12-09T05:11:17.354+0000][1][gc,task      ] GC(63) Using 2 workers of 2 for evacuation
[2019-12-09T05:11:17.356+0000][1][gc,age       ] GC(63) Desired survivor size 4456448 bytes, new threshold 6 (max threshold 6)
[2019-12-09T05:11:17.356+0000][1][gc,age       ] GC(63) Age table with threshold 6 (max threshold 6)
[2019-12-09T05:11:17.356+0000][1][gc,age       ] GC(63) - age   1:       3032 bytes,       3032 total
[2019-12-09T05:11:17.356+0000][1][gc,age       ] GC(63) - age   4:        584 bytes,       3616 total
[2019-12-09T05:11:17.356+0000][1][gc,age       ] GC(63) - age   6:      16400 bytes,      20016 total
[2019-12-09T05:11:17.356+0000][1][gc,heap      ] GC(63) ParNew: 69927K->21K(78656K)
[2019-12-09T05:11:17.356+0000][1][gc,heap      ] GC(63) CMS: 69337K->69337K(174784K)
[2019-12-09T05:11:17.356+0000][1][gc,metaspace ] GC(63) Metaspace: 68453K->68453K(1112064K)
[2019-12-09T05:11:17.356+0000][1][gc           ] GC(63) Pause Young (Allocation Failure) 136M->67M(247M) 1.464ms
[2019-12-09T05:11:17.356+0000][1][gc,cpu       ] GC(63) User=0.00s Sys=0.00s Real=0.01s
[2019-12-09T05:11:17.356+0000][1][safepoint    ] Leaving safepoint region
[2019-12-09T05:11:17.356+0000][1][safepoint    ] Total time for which application threads were stopped: 0.0016169 seconds, Stopping threads took: 0.0000160 seconds
[2019-12-09T05:11:18.356+0000][1][safepoint    ] Application time: 1.0000830 seconds
[2019-12-09T05:11:18.356+0000][1][safepoint    ] Entering safepoint region: Cleanup
[2019-12-09T05:11:18.356+0000][1][safepoint    ] Leaving safepoint region
[2019-12-09T05:11:18.356+0000][1][safepoint    ] Total time for which application threads were stopped: 0.0000752 seconds, Stopping threads took: 0.0000153 seconds
[2019-12-09T05:11:19.356+0000][1][safepoint    ] Application time: 1.0000734 seconds
[2019-12-09T05:11:19.356+0000][1][safepoint    ] Entering safepoint region: Cleanup
[2019-12-09T05:11:19.356+0000][1][safepoint    ] Leaving safepoint region
[2019-12-09T05:11:19.356+0000][1][safepoint    ] Total time for which application threads were stopped: 0.0000637 seconds, Stopping threads took: 0.0000159 seconds
[2019-12-09T05:11:20.356+0000][1][safepoint    ] Application time: 1.0000742 seconds
[2019-12-09T05:11:20.357+0000][1][safepoint    ] Entering safepoint region: Cleanup
[2019-12-09T05:11:20.357+0000][1][safepoint    ] Leaving safepoint region
[2019-12-09T05:11:20.357+0000][1][safepoint    ] Total time for which application threads were stopped: 0.0000639 seconds, Stopping threads took: 0.0000170 seconds
[2019-12-09T05:11:21.357+0000][1][safepoint    ] Application time: 1.0000758 seconds
[2019-12-09T05:11:21.357+0000][1][safepoint    ] Entering safepoint region: Cleanup
[2019-12-09T05:11:21.357+0000][1][safepoint    ] Leaving safepoint region
[2019-12-09T05:11:21.357+0000][1][safepoint    ] Total time for which application threads were stopped: 0.0000775 seconds, Stopping threads took: 0.0000294 seconds
[2019-12-09T05:11:22.357+0000][1][safepoint    ] Application time: 1.0000739 seconds
[2019-12-09T05:11:22.357+0000][1][safepoint    ] Entering safepoint region: Cleanup
[2019-12-09T05:11:22.357+0000][1][safepoint    ] Leaving safepoint region
[2019-12-09T05:11:22.357+0000][1][safepoint    ] Total time for which application threads were stopped: 0.0000669 seconds, Stopping threads took: 0.0000184 seconds
[2019-12-09T05:11:23.357+0000][1][safepoint    ] Application time: 1.0000747 seconds
[2019-12-09T05:11:23.357+0000][1][safepoint    ] Entering safepoint region: Cleanup
[2019-12-09T05:11:23.357+0000][1][safepoint    ] Leaving safepoint region
[2019-12-09T05:11:23.357+0000][1][safepoint    ] Total time for which application threads were stopped: 0.0001041 seconds, Stopping threads took: 0.0000268 seconds
[2019-12-09T05:11:24.357+0000][1][safepoint    ] Application time: 1.0000777 seconds
[2019-12-09T05:11:24.357+0000][1][safepoint    ] Entering safepoint region: Cleanup
[2019-12-09T05:11:24.357+0000][1][safepoint    ] Leaving safepoint region
[2019-12-09T05:11:24.357+0000][1][safepoint    ] Total time for which application threads were stopped: 0.0000751 seconds, Stopping threads took: 0.0000222 seconds
[2019-12-09T05:11:25.357+0000][1][safepoint    ] Application time: 1.0000787 seconds
[2019-12-09T05:11:25.357+0000][1][safepoint    ] Entering safepoint region: Cleanup
[2019-12-09T05:11:25.358+0000][1][safepoint    ] Leaving safepoint region
[2019-12-09T05:11:25.358+0000][1][safepoint    ] Total time for which application threads were stopped: 0.0000693 seconds, Stopping threads took: 0.0000177 seconds
[2019-12-09T05:11:26.358+0000][1][safepoint    ] Application time: 1.0000814 seconds
[2019-12-09T05:11:26.358+0000][1][safepoint    ] Entering safepoint region: Cleanup
[2019-12-09T05:11:26.358+0000][1][safepoint    ] Leaving safepoint region
[2019-12-09T05:11:26.358+0000][1][safepoint    ] Total time for which application threads were stopped: 0.0000669 seconds, Stopping threads took: 0.0000159 seconds
[2019-12-09T05:11:27.358+0000][1][safepoint    ] Application time: 1.0000814 seconds
[2019-12-09T05:11:27.358+0000][1][safepoint    ] Entering safepoint region: Cleanup
[2019-12-09T05:11:27.358+0000][1][safepoint    ] Leaving safepoint region
[2019-12-09T05:11:27.358+0000][1][safepoint    ] Total time for which application threads were stopped: 0.0000869 seconds, Stopping threads took: 0.0000210 seconds
[2019-12-09T05:11:28.358+0000][1][safepoint    ] Application time: 1.0000793 seconds
[2019-12-09T05:11:28.358+0000][1][safepoint    ] Entering safepoint region: Cleanup
[2019-12-09T05:11:28.358+0000][1][safepoint    ] Leaving safepoint region
[2019-12-09T05:11:28.358+0000][1][safepoint    ] Total time for which application threads were stopped: 0.0000743 seconds, Stopping threads took: 0.0000240 seconds
[2019-12-09T05:11:29.358+0000][1][safepoint    ] Application time: 1.0000824 seconds
[2019-12-09T05:11:29.358+0000][1][safepoint    ] Entering safepoint region: Cleanup
[2019-12-09T05:11:29.358+0000][1][safepoint    ] Leaving safepoint region
[2019-12-09T05:11:29.358+0000][1][safepoint    ] Total time for which application threads were stopped: 0.0000652 seconds, Stopping threads took: 0.0000162 seconds
[2019-12-09T05:11:30.358+0000][1][safepoint    ] Application time: 1.0000764 seconds
[2019-12-09T05:11:30.358+0000][1][safepoint    ] Entering safepoint region: Cleanup
[2019-12-09T05:11:30.359+0000][1][safepoint    ] Leaving safepoint region
[2019-12-09T05:11:30.359+0000][1][safepoint    ] Total time for which application threads were stopped: 0.0000650 seconds, Stopping threads took: 0.0000155 seconds
[2019-12-09T05:11:31.359+0000][1][safepoint    ] Application time: 1.0000761 seconds
[2019-12-09T05:11:31.359+0000][1][safepoint    ] Entering safepoint region: Cleanup
[2019-12-09T05:11:31.359+0000][1][safepoint    ] Leaving safepoint region
[2019-12-09T05:11:31.359+0000][1][safepoint    ] Total time for which application threads were stopped: 0.0000786 seconds, Stopping threads took: 0.0000281 seconds
[2019-12-09T05:11:32.359+0000][1][safepoint    ] Application time: 1.0000759 seconds
[2019-12-09T05:11:32.359+0000][1][safepoint    ] Entering safepoint region: Cleanup
[2019-12-09T05:11:32.359+0000][1][safepoint    ] Leaving safepoint region
[2019-12-09T05:11:32.359+0000][1][safepoint    ] Total time for which application threads were stopped: 0.0000653 seconds, Stopping threads took: 0.0000168 seconds
[2019-12-09T05:11:33.359+0000][1][safepoint    ] Application time: 1.0000756 seconds
[2019-12-09T05:11:33.359+0000][1][safepoint    ] Entering safepoint region: Cleanup
[2019-12-09T05:11:33.359+0000][1][safepoint    ] Leaving safepoint region
[2019-12-09T05:11:33.359+0000][1][safepoint    ] Total time for which application threads were stopped: 0.0000698 seconds, Stopping threads took: 0.0000165 seconds
[2019-12-09T05:11:34.359+0000][1][safepoint    ] Application time: 1.0000769 seconds
[2019-12-09T05:11:34.359+0000][1][safepoint    ] Entering safepoint region: Cleanup
[2019-12-09T05:11:34.359+0000][1][safepoint    ] Leaving safepoint region
[2019-12-09T05:11:34.359+0000][1][safepoint    ] Total time for which application threads were stopped: 0.0000664 seconds, Stopping threads took: 0.0000162 seconds
[2019-12-09T05:11:35.359+0000][1][safepoint    ] Application time: 1.0000769 seconds
[2019-12-09T05:11:35.359+0000][1][safepoint    ] Entering safepoint region: Cleanup
[2019-12-09T05:11:35.359+0000][1][safepoint    ] Leaving safepoint region
[2019-12-09T05:11:35.359+0000][1][safepoint    ] Total time for which application threads were stopped: 0.0000704 seconds, Stopping threads took: 0.0000180 seconds
[2019-12-09T05:11:36.360+0000][1][safepoint    ] Application time: 1.0000793 seconds
[2019-12-09T05:11:36.360+0000][1][safepoint    ] Entering safepoint region: Cleanup
[2019-12-09T05:11:36.360+0000][1][safepoint    ] Leaving safepoint region
[2019-12-09T05:11:36.360+0000][1][safepoint    ] Total time for which application threads were stopped: 0.0000784 seconds, Stopping threads took: 0.0000170 seconds
[2019-12-09T05:11:37.360+0000][1][safepoint    ] Application time: 1.0000762 seconds
[2019-12-09T05:11:37.360+0000][1][safepoint    ] Entering safepoint region: Cleanup
[2019-12-09T05:11:37.360+0000][1][safepoint    ] Leaving safepoint region
[2019-12-09T05:11:37.360+0000][1][safepoint    ] Total time for which application threads were stopped: 0.0000641 seconds, Stopping threads took: 0.0000162 seconds
[2019-12-09T05:11:38.360+0000][1][safepoint    ] Application time: 1.0000752 seconds
[2019-12-09T05:11:38.360+0000][1][safepoint    ] Entering safepoint region: Cleanup
[2019-12-09T05:11:38.360+0000][1][safepoint    ] Leaving safepoint region
[2019-12-09T05:11:38.360+0000][1][safepoint    ] Total time for which application threads were stopped: 0.0000638 seconds, Stopping threads took: 0.0000153 seconds
[2019-12-09T05:11:39.360+0000][1][safepoint    ] Application time: 1.0000825 seconds
[2019-12-09T05:11:39.360+0000][1][safepoint    ] Entering safepoint region: Cleanup
[2019-12-09T05:11:39.360+0000][1][safepoint    ] Leaving safepoint region
[2019-12-09T05:11:39.360+0000][1][safepoint    ] Total time for which application threads were stopped: 0.0000689 seconds, Stopping threads took: 0.0000167 seconds
[2019-12-09T05:11:40.360+0000][1][safepoint    ] Application time: 1.0000769 seconds
[2019-12-09T05:11:40.360+0000][1][safepoint    ] Entering safepoint region: Cleanup
[2019-12-09T05:11:40.360+0000][1][safepoint    ] Leaving safepoint region
[2019-12-09T05:11:40.360+0000][1][safepoint    ] Total time for which application threads were stopped: 0.0000647 seconds, Stopping threads took: 0.0000175 seconds
[2019-12-09T05:11:41.917+0000][1][safepoint    ] Application time: 1.5566938 seconds
[2019-12-09T05:11:41.917+0000][1][safepoint    ] Entering safepoint region: Cleanup
[2019-12-09T05:11:41.917+0000][1][safepoint    ] Leaving safepoint region
[2019-12-09T05:11:41.917+0000][1][safepoint    ] Total time for which application threads were stopped: 0.0000613 seconds, Stopping threads took: 0.0000155 seconds
[2019-12-09T05:11:42.917+0000][1][safepoint    ] Application time: 1.0000748 seconds
[2019-12-09T05:11:42.917+0000][1][safepoint    ] Entering safepoint region: Cleanup
[2019-12-09T05:11:42.917+0000][1][safepoint    ] Leaving safepoint region
[2019-12-09T05:11:42.917+0000][1][safepoint    ] Total time for which application threads were stopped: 0.0000619 seconds, Stopping threads took: 0.0000168 seconds
[2019-12-09T05:11:43.917+0000][1][safepoint    ] Application time: 1.0000750 seconds
[2019-12-09T05:11:43.917+0000][1][safepoint    ] Entering safepoint region: Cleanup
[2019-12-09T05:11:43.918+0000][1][safepoint    ] Leaving safepoint region
[2019-12-09T05:11:43.918+0000][1][safepoint    ] Total time for which application threads were stopped: 0.0000603 seconds, Stopping threads took: 0.0000169 seconds
[2019-12-09T05:11:44.918+0000][1][safepoint    ] Application time: 1.0000742 seconds
[2019-12-09T05:11:44.918+0000][1][safepoint    ] Entering safepoint region: Cleanup
[2019-12-09T05:11:44.918+0000][1][safepoint    ] Leaving safepoint region
[2019-12-09T05:11:44.918+0000][1][safepoint    ] Total time for which application threads were stopped: 0.0000769 seconds, Stopping threads took: 0.0000145 seconds
[2019-12-09T05:11:45.918+0000][1][safepoint    ] Application time: 1.0000749 seconds
[2019-12-09T05:11:45.918+0000][1][safepoint    ] Entering safepoint region: Cleanup
[2019-12-09T05:11:45.918+0000][1][safepoint    ] Leaving safepoint region
[2019-12-09T05:11:45.918+0000][1][safepoint    ] Total time for which application threads were stopped: 0.0000701 seconds, Stopping threads took: 0.0000158 seconds
[2019-12-09T05:11:46.918+0000][1][safepoint    ] Application time: 1.0000813 seconds
[2019-12-09T05:11:46.918+0000][1][safepoint    ] Entering safepoint region: Cleanup
[2019-12-09T05:11:46.918+0000][1][safepoint    ] Leaving safepoint region
[2019-12-09T05:11:46.918+0000][1][safepoint    ] Total time for which application threads were stopped: 0.0000576 seconds, Stopping threads took: 0.0000139 seconds
[2019-12-09T05:11:47.918+0000][1][safepoint    ] Application time: 1.0000757 seconds
[2019-12-09T05:11:47.918+0000][1][safepoint    ] Entering safepoint region: Cleanup
[2019-12-09T05:11:47.918+0000][1][safepoint    ] Leaving safepoint region
[2019-12-09T05:11:47.918+0000][1][safepoint    ] Total time for which application threads were stopped: 0.0000643 seconds, Stopping threads took: 0.0000168 seconds
[2019-12-09T05:11:48.918+0000][1][safepoint    ] Application time: 1.0000748 seconds
[2019-12-09T05:11:48.918+0000][1][safepoint    ] Entering safepoint region: Cleanup
[2019-12-09T05:11:48.918+0000][1][safepoint    ] Leaving safepoint region
[2019-12-09T05:11:48.918+0000][1][safepoint    ] Total time for which application threads were stopped: 0.0000634 seconds, Stopping threads took: 0.0000172 seconds
[2019-12-09T05:11:49.918+0000][1][safepoint    ] Application time: 1.0000781 seconds
[2019-12-09T05:11:49.919+0000][1][safepoint    ] Entering safepoint region: Cleanup
[2019-12-09T05:11:49.919+0000][1][safepoint    ] Leaving safepoint region
[2019-12-09T05:11:49.919+0000][1][safepoint    ] Total time for which application threads were stopped: 0.0000624 seconds, Stopping threads took: 0.0000164 seconds
[2019-12-09T05:11:50.919+0000][1][safepoint    ] Application time: 1.0000733 seconds
[2019-12-09T05:11:50.919+0000][1][safepoint    ] Entering safepoint region: Cleanup
[2019-12-09T05:11:50.919+0000][1][safepoint    ] Leaving safepoint region
[2019-12-09T05:11:50.919+0000][1][safepoint    ] Total time for which application threads were stopped: 0.0000605 seconds, Stopping threads took: 0.0000143 seconds
[2019-12-09T05:11:51.919+0000][1][safepoint    ] Application time: 1.0000746 seconds
[2019-12-09T05:11:51.919+0000][1][safepoint    ] Entering safepoint region: Cleanup
[2019-12-09T05:11:51.919+0000][1][safepoint    ] Leaving safepoint region
[2019-12-09T05:11:51.919+0000][1][safepoint    ] Total time for which application threads were stopped: 0.0000641 seconds, Stopping threads took: 0.0000154 seconds
[2019-12-09T05:11:52.919+0000][1][safepoint    ] Application time: 1.0000756 seconds
[2019-12-09T05:11:52.919+0000][1][safepoint    ] Entering safepoint region: Cleanup
[2019-12-09T05:11:52.919+0000][1][safepoint    ] Leaving safepoint region
[2019-12-09T05:11:52.919+0000][1][safepoint    ] Total time for which application threads were stopped: 0.0000594 seconds, Stopping threads took: 0.0000133 seconds
[2019-12-09T05:11:53.919+0000][1][safepoint    ] Application time: 1.0000762 seconds
[2019-12-09T05:11:53.919+0000][1][safepoint    ] Entering safepoint region: Cleanup
[2019-12-09T05:11:53.919+0000][1][safepoint    ] Leaving safepoint region
[2019-12-09T05:11:53.919+0000][1][safepoint    ] Total time for which application threads were stopped: 0.0000694 seconds, Stopping threads took: 0.0000224 seconds
[2019-12-09T05:11:54.919+0000][1][safepoint    ] Application time: 1.0000769 seconds
[2019-12-09T05:11:54.919+0000][1][safepoint    ] Entering safepoint region: Cleanup
[2019-12-09T05:11:54.919+0000][1][safepoint    ] Leaving safepoint region
[2019-12-09T05:11:54.919+0000][1][safepoint    ] Total time for which application threads were stopped: 0.0000615 seconds, Stopping threads took: 0.0000137 seconds
[2019-12-09T05:11:55.920+0000][1][safepoint    ] Application time: 1.0000746 seconds
[2019-12-09T05:11:55.920+0000][1][safepoint    ] Entering safepoint region: Cleanup
[2019-12-09T05:11:55.920+0000][1][safepoint    ] Leaving safepoint region
[2019-12-09T05:11:55.920+0000][1][safepoint    ] Total time for which application threads were stopped: 0.0000623 seconds, Stopping threads took: 0.0000149 seconds
[2019-12-09T05:11:56.920+0000][1][safepoint    ] Application time: 1.0000856 seconds
[2019-12-09T05:11:56.920+0000][1][safepoint    ] Entering safepoint region: Cleanup
[2019-12-09T05:11:56.920+0000][1][safepoint    ] Leaving safepoint region
[2019-12-09T05:11:56.920+0000][1][safepoint    ] Total time for which application threads were stopped: 0.0000658 seconds, Stopping threads took: 0.0000196 seconds
[2019-12-09T05:11:57.920+0000][1][safepoint    ] Application time: 1.0000757 seconds
[2019-12-09T05:11:57.920+0000][1][safepoint    ] Entering safepoint region: Cleanup
[2019-12-09T05:11:57.920+0000][1][safepoint    ] Leaving safepoint region
[2019-12-09T05:11:57.920+0000][1][safepoint    ] Total time for which application threads were stopped: 0.0000617 seconds, Stopping threads took: 0.0000156 seconds
[2019-12-09T05:11:58.920+0000][1][safepoint    ] Application time: 1.0000794 seconds
[2019-12-09T05:11:58.920+0000][1][safepoint    ] Entering safepoint region: Cleanup
[2019-12-09T05:11:58.920+0000][1][safepoint    ] Leaving safepoint region
[2019-12-09T05:11:58.920+0000][1][safepoint    ] Total time for which application threads were stopped: 0.0000626 seconds, Stopping threads took: 0.0000159 seconds
[2019-12-09T05:11:59.920+0000][1][safepoint    ] Application time: 1.0000758 seconds
[2019-12-09T05:11:59.920+0000][1][safepoint    ] Entering safepoint region: Cleanup
[2019-12-09T05:11:59.920+0000][1][safepoint    ] Leaving safepoint region
[2019-12-09T05:11:59.920+0000][1][safepoint    ] Total time for which application threads were stopped: 0.0000636 seconds, Stopping threads took: 0.0000165 seconds
[2019-12-09T05:12:00.920+0000][1][safepoint    ] Application time: 1.0000752 seconds
[2019-12-09T05:12:00.921+0000][1][safepoint    ] Entering safepoint region: Cleanup
[2019-12-09T05:12:00.921+0000][1][safepoint    ] Leaving safepoint region
[2019-12-09T05:12:00.921+0000][1][safepoint    ] Total time for which application threads were stopped: 0.0000638 seconds, Stopping threads took: 0.0000163 seconds
[2019-12-09T05:12:01.921+0000][1][safepoint    ] Application time: 1.0000758 seconds
[2019-12-09T05:12:01.921+0000][1][safepoint    ] Entering safepoint region: Cleanup
[2019-12-09T05:12:01.921+0000][1][safepoint    ] Leaving safepoint region
[2019-12-09T05:12:01.921+0000][1][safepoint    ] Total time for which application threads were stopped: 0.0000662 seconds, Stopping threads took: 0.0000157 seconds
[2019-12-09T05:12:02.921+0000][1][safepoint    ] Application time: 1.0000754 seconds
[2019-12-09T05:12:02.921+0000][1][safepoint    ] Entering safepoint region: Cleanup
[2019-12-09T05:12:02.921+0000][1][safepoint    ] Leaving safepoint region
[2019-12-09T05:12:02.921+0000][1][safepoint    ] Total time for which application threads were stopped: 0.0000611 seconds, Stopping threads took: 0.0000126 seconds
[2019-12-09T05:12:03.921+0000][1][safepoint    ] Application time: 1.0000764 seconds
[2019-12-09T05:12:03.921+0000][1][safepoint    ] Entering safepoint region: Cleanup
[2019-12-09T05:12:03.921+0000][1][safepoint    ] Leaving safepoint region
[2019-12-09T05:12:03.921+0000][1][safepoint    ] Total time for which application threads were stopped: 0.0000650 seconds, Stopping threads took: 0.0000172 seconds
[2019-12-09T05:12:04.921+0000][1][safepoint    ] Application time: 1.0000739 seconds
[2019-12-09T05:12:04.921+0000][1][safepoint    ] Entering safepoint region: Cleanup
[2019-12-09T05:12:04.921+0000][1][safepoint    ] Leaving safepoint region
[2019-12-09T05:12:04.921+0000][1][safepoint    ] Total time for which application threads were stopped: 0.0000648 seconds, Stopping threads took: 0.0000159 seconds
[2019-12-09T05:12:05.921+0000][1][safepoint    ] Application time: 1.0000763 seconds
[2019-12-09T05:12:05.921+0000][1][safepoint    ] Entering safepoint region: Cleanup
[2019-12-09T05:12:05.922+0000][1][safepoint    ] Leaving safepoint region
[2019-12-09T05:12:05.922+0000][1][safepoint    ] Total time for which application threads were stopped: 0.0000617 seconds, Stopping threads took: 0.0000145 seconds
[2019-12-09T05:12:06.922+0000][1][safepoint    ] Application time: 1.0000752 seconds
[2019-12-09T05:12:06.922+0000][1][safepoint    ] Entering safepoint region: Cleanup
[2019-12-09T05:12:06.922+0000][1][safepoint    ] Leaving safepoint region
[2019-12-09T05:12:06.922+0000][1][safepoint    ] Total time for which application threads were stopped: 0.0000714 seconds, Stopping threads took: 0.0000148 seconds
[2019-12-09T05:12:07.922+0000][1][safepoint    ] Application time: 1.0000758 seconds
[2019-12-09T05:12:07.922+0000][1][safepoint    ] Entering safepoint region: Cleanup
[2019-12-09T05:12:07.922+0000][1][safepoint    ] Leaving safepoint region
[2019-12-09T05:12:07.922+0000][1][safepoint    ] Total time for which application threads were stopped: 0.0000631 seconds, Stopping threads took: 0.0000150 seconds
[2019-12-09T05:12:08.922+0000][1][safepoint    ] Application time: 1.0000748 seconds
[2019-12-09T05:12:08.922+0000][1][safepoint    ] Entering safepoint region: Cleanup
[2019-12-09T05:12:08.922+0000][1][safepoint    ] Leaving safepoint region
[2019-12-09T05:12:08.922+0000][1][safepoint    ] Total time for which application threads were stopped: 0.0000623 seconds, Stopping threads took: 0.0000137 seconds
[2019-12-09T05:12:09.922+0000][1][safepoint    ] Application time: 1.0000874 seconds
[2019-12-09T05:12:09.922+0000][1][safepoint    ] Entering safepoint region: Cleanup
[2019-12-09T05:12:09.922+0000][1][safepoint    ] Leaving safepoint region
[2019-12-09T05:12:09.922+0000][1][safepoint    ] Total time for which application threads were stopped: 0.0000929 seconds, Stopping threads took: 0.0000222 seconds
[2019-12-09T05:12:10.922+0000][1][safepoint    ] Application time: 1.0000762 seconds
[2019-12-09T05:12:10.922+0000][1][safepoint    ] Entering safepoint region: Cleanup
[2019-12-09T05:12:10.922+0000][1][safepoint    ] Leaving safepoint region
[2019-12-09T05:12:10.922+0000][1][safepoint    ] Total time for which application threads were stopped: 0.0000634 seconds, Stopping threads took: 0.0000157 seconds
[2019-12-09T05:12:11.923+0000][1][safepoint    ] Application time: 1.0000766 seconds
[2019-12-09T05:12:11.923+0000][1][safepoint    ] Entering safepoint region: Cleanup
[2019-12-09T05:12:11.923+0000][1][safepoint    ] Leaving safepoint region
[2019-12-09T05:12:11.923+0000][1][safepoint    ] Total time for which application threads were stopped: 0.0000647 seconds, Stopping threads took: 0.0000153 seconds
[2019-12-09T05:12:12.923+0000][1][safepoint    ] Application time: 1.0000745 seconds
[2019-12-09T05:12:12.923+0000][1][safepoint    ] Entering safepoint region: Cleanup
[2019-12-09T05:12:12.923+0000][1][safepoint    ] Leaving safepoint region
[2019-12-09T05:12:12.923+0000][1][safepoint    ] Total time for which application threads were stopped: 0.0000620 seconds, Stopping threads took: 0.0000152 seconds
[2019-12-09T05:12:13.923+0000][1][safepoint    ] Application time: 1.0000762 seconds
[2019-12-09T05:12:13.923+0000][1][safepoint    ] Entering safepoint region: Cleanup
[2019-12-09T05:12:13.923+0000][1][safepoint    ] Leaving safepoint region
[2019-12-09T05:12:13.923+0000][1][safepoint    ] Total time for which application threads were stopped: 0.0000629 seconds, Stopping threads took: 0.0000149 seconds
[2019-12-09T05:12:14.923+0000][1][safepoint    ] Application time: 1.0000766 seconds
[2019-12-09T05:12:14.923+0000][1][safepoint    ] Entering safepoint region: Cleanup
[2019-12-09T05:12:14.923+0000][1][safepoint    ] Leaving safepoint region
[2019-12-09T05:12:14.923+0000][1][safepoint    ] Total time for which application threads were stopped: 0.0000643 seconds, Stopping threads took: 0.0000174 seconds
[2019-12-09T05:12:15.923+0000][1][safepoint    ] Application time: 1.0000756 seconds
[2019-12-09T05:12:15.923+0000][1][safepoint    ] Entering safepoint region: Cleanup
[2019-12-09T05:12:15.923+0000][1][safepoint    ] Leaving safepoint region
[2019-12-09T05:12:15.923+0000][1][safepoint    ] Total time for which application threads were stopped: 0.0000639 seconds, Stopping threads took: 0.0000173 seconds
[2019-12-09T05:12:16.923+0000][1][safepoint    ] Application time: 1.0000763 seconds
[2019-12-09T05:12:16.924+0000][1][safepoint    ] Entering safepoint region: Cleanup
[2019-12-09T05:12:16.924+0000][1][safepoint    ] Leaving safepoint region
[2019-12-09T05:12:16.924+0000][1][safepoint    ] Total time for which application threads were stopped: 0.0000656 seconds, Stopping threads took: 0.0000168 seconds
[2019-12-09T05:12:17.924+0000][1][safepoint    ] Application time: 1.0000889 seconds
[2019-12-09T05:12:17.924+0000][1][safepoint    ] Entering safepoint region: Cleanup
[2019-12-09T05:12:17.924+0000][1][safepoint    ] Leaving safepoint region
[2019-12-09T05:12:17.924+0000][1][safepoint    ] Total time for which application threads were stopped: 0.0000611 seconds, Stopping threads took: 0.0000141 seconds
[2019-12-09T05:12:18.924+0000][1][safepoint    ] Application time: 1.0000740 seconds
[2019-12-09T05:12:18.924+0000][1][safepoint    ] Entering safepoint region: Cleanup
[2019-12-09T05:12:18.924+0000][1][safepoint    ] Leaving safepoint region
[2019-12-09T05:12:18.924+0000][1][safepoint    ] Total time for which application threads were stopped: 0.0000628 seconds, Stopping threads took: 0.0000160 seconds
[2019-12-09T05:12:19.924+0000][1][safepoint    ] Application time: 1.0000739 seconds
[2019-12-09T05:12:19.924+0000][1][safepoint    ] Entering safepoint region: Cleanup
[2019-12-09T05:12:19.924+0000][1][safepoint    ] Leaving safepoint region
[2019-12-09T05:12:19.924+0000][1][safepoint    ] Total time for which application threads were stopped: 0.0000628 seconds, Stopping threads took: 0.0000156 seconds
[2019-12-09T05:12:20.924+0000][1][safepoint    ] Application time: 1.0000768 seconds
[2019-12-09T05:12:20.924+0000][1][safepoint    ] Entering safepoint region: Cleanup
[2019-12-09T05:12:20.924+0000][1][safepoint    ] Leaving safepoint region
[2019-12-09T05:12:20.924+0000][1][safepoint    ] Total time for which application threads were stopped: 0.0000625 seconds, Stopping threads took: 0.0000148 seconds
[2019-12-09T05:12:21.924+0000][1][safepoint    ] Application time: 1.0000731 seconds
[2019-12-09T05:12:21.924+0000][1][safepoint    ] Entering safepoint region: Cleanup
[2019-12-09T05:12:21.925+0000][1][safepoint    ] Leaving safepoint region
[2019-12-09T05:12:21.925+0000][1][safepoint    ] Total time for which application threads were stopped: 0.0000742 seconds, Stopping threads took: 0.0000155 seconds
[2019-12-09T05:12:22.925+0000][1][safepoint    ] Application time: 1.0000769 seconds
[2019-12-09T05:12:22.925+0000][1][safepoint    ] Entering safepoint region: Cleanup
[2019-12-09T05:12:22.925+0000][1][safepoint    ] Leaving safepoint region
[2019-12-09T05:12:22.925+0000][1][safepoint    ] Total time for which application threads were stopped: 0.0000768 seconds, Stopping threads took: 0.0000153 seconds
[2019-12-09T05:12:23.925+0000][1][safepoint    ] Application time: 1.0000752 seconds
[2019-12-09T05:12:23.925+0000][1][safepoint    ] Entering safepoint region: Cleanup
[2019-12-09T05:12:23.925+0000][1][safepoint    ] Leaving safepoint region
[2019-12-09T05:12:23.925+0000][1][safepoint    ] Total time for which application threads were stopped: 0.0000722 seconds, Stopping threads took: 0.0000243 seconds
[2019-12-09T05:12:24.925+0000][1][safepoint    ] Application time: 1.0000746 seconds
[2019-12-09T05:12:24.925+0000][1][safepoint    ] Entering safepoint region: Cleanup
[2019-12-09T05:12:24.925+0000][1][safepoint    ] Leaving safepoint region
[2019-12-09T05:12:24.925+0000][1][safepoint    ] Total time for which application threads were stopped: 0.0000644 seconds, Stopping threads took: 0.0000153 seconds
[2019-12-09T05:12:25.925+0000][1][safepoint    ] Application time: 1.0000760 seconds
[2019-12-09T05:12:25.925+0000][1][safepoint    ] Entering safepoint region: Cleanup
[2019-12-09T05:12:25.925+0000][1][safepoint    ] Leaving safepoint region
[2019-12-09T05:12:25.925+0000][1][safepoint    ] Total time for which application threads were stopped: 0.0000610 seconds, Stopping threads took: 0.0000146 seconds
[2019-12-09T05:12:26.925+0000][1][safepoint    ] Application time: 1.0000752 seconds
[2019-12-09T05:12:26.925+0000][1][safepoint    ] Entering safepoint region: Cleanup
[2019-12-09T05:12:26.925+0000][1][safepoint    ] Leaving safepoint region
[2019-12-09T05:12:26.925+0000][1][safepoint    ] Total time for which application threads were stopped: 0.0000650 seconds, Stopping threads took: 0.0000170 seconds
[2019-12-09T05:12:27.926+0000][1][safepoint    ] Application time: 1.0000745 seconds
[2019-12-09T05:12:27.926+0000][1][safepoint    ] Entering safepoint region: Cleanup
[2019-12-09T05:12:27.926+0000][1][safepoint    ] Leaving safepoint region
[2019-12-09T05:12:27.926+0000][1][safepoint    ] Total time for which application threads were stopped: 0.0000612 seconds, Stopping threads took: 0.0000151 seconds
[2019-12-09T05:12:28.926+0000][1][safepoint    ] Application time: 1.0000752 seconds
[2019-12-09T05:12:28.926+0000][1][safepoint    ] Entering safepoint region: Cleanup
[2019-12-09T05:12:28.926+0000][1][safepoint    ] Leaving safepoint region
[2019-12-09T05:12:28.926+0000][1][safepoint    ] Total time for which application threads were stopped: 0.0000568 seconds, Stopping threads took: 0.0000131 seconds
[2019-12-09T05:12:29.926+0000][1][safepoint    ] Application time: 1.0000735 seconds
[2019-12-09T05:12:29.926+0000][1][safepoint    ] Entering safepoint region: Cleanup
[2019-12-09T05:12:29.926+0000][1][safepoint    ] Leaving safepoint region
[2019-12-09T05:12:29.926+0000][1][safepoint    ] Total time for which application threads were stopped: 0.0000591 seconds, Stopping threads took: 0.0000140 seconds
[2019-12-09T05:12:30.926+0000][1][safepoint    ] Application time: 1.0000747 seconds
[2019-12-09T05:12:30.926+0000][1][safepoint    ] Entering safepoint region: Cleanup
[2019-12-09T05:12:30.926+0000][1][safepoint    ] Leaving safepoint region
[2019-12-09T05:12:30.926+0000][1][safepoint    ] Total time for which application threads were stopped: 0.0000605 seconds, Stopping threads took: 0.0000149 seconds
[2019-12-09T05:12:31.926+0000][1][safepoint    ] Application time: 1.0000738 seconds
[2019-12-09T05:12:31.926+0000][1][safepoint    ] Entering safepoint region: Cleanup
[2019-12-09T05:12:31.926+0000][1][safepoint    ] Leaving safepoint region
[2019-12-09T05:12:31.926+0000][1][safepoint    ] Total time for which application threads were stopped: 0.0000601 seconds, Stopping threads took: 0.0000154 seconds
[2019-12-09T05:12:32.926+0000][1][safepoint    ] Application time: 1.0000744 seconds
[2019-12-09T05:12:32.926+0000][1][safepoint    ] Entering safepoint region: Cleanup
[2019-12-09T05:12:32.926+0000][1][safepoint    ] Leaving safepoint region
[2019-12-09T05:12:32.926+0000][1][safepoint    ] Total time for which application threads were stopped: 0.0000588 seconds, Stopping threads took: 0.0000138 seconds
[2019-12-09T05:12:33.927+0000][1][safepoint    ] Application time: 1.0000760 seconds
[2019-12-09T05:12:33.927+0000][1][safepoint    ] Entering safepoint region: Cleanup
[2019-12-09T05:12:33.927+0000][1][safepoint    ] Leaving safepoint region
[2019-12-09T05:12:33.927+0000][1][safepoint    ] Total time for which application threads were stopped: 0.0000584 seconds, Stopping threads took: 0.0000148 seconds
[2019-12-09T05:12:34.927+0000][1][safepoint    ] Application time: 1.0000746 seconds
[2019-12-09T05:12:34.927+0000][1][safepoint    ] Entering safepoint region: Cleanup
[2019-12-09T05:12:34.927+0000][1][safepoint    ] Leaving safepoint region
[2019-12-09T05:12:34.927+0000][1][safepoint    ] Total time for which application threads were stopped: 0.0000599 seconds, Stopping threads took: 0.0000142 seconds
[2019-12-09T05:12:35.927+0000][1][safepoint    ] Application time: 1.0000738 seconds
[2019-12-09T05:12:35.927+0000][1][safepoint    ] Entering safepoint region: Cleanup
[2019-12-09T05:12:35.927+0000][1][safepoint    ] Leaving safepoint region
[2019-12-09T05:12:35.927+0000][1][safepoint    ] Total time for which application threads were stopped: 0.0000618 seconds, Stopping threads took: 0.0000173 seconds
[2019-12-09T05:12:36.927+0000][1][safepoint    ] Application time: 1.0000747 seconds
[2019-12-09T05:12:36.927+0000][1][safepoint    ] Entering safepoint region: Cleanup
[2019-12-09T05:12:36.927+0000][1][safepoint    ] Leaving safepoint region
[2019-12-09T05:12:36.927+0000][1][safepoint    ] Total time for which application threads were stopped: 0.0000620 seconds, Stopping threads took: 0.0000174 seconds
[2019-12-09T05:12:37.927+0000][1][safepoint    ] Application time: 1.0000739 seconds
[2019-12-09T05:12:37.927+0000][1][safepoint    ] Entering safepoint region: Cleanup
[2019-12-09T05:12:37.927+0000][1][safepoint    ] Leaving safepoint region
[2019-12-09T05:12:37.927+0000][1][safepoint    ] Total time for which application threads were stopped: 0.0000574 seconds, Stopping threads took: 0.0000150 seconds
[2019-12-09T05:12:38.927+0000][1][safepoint    ] Application time: 1.0000764 seconds
[2019-12-09T05:12:38.927+0000][1][safepoint    ] Entering safepoint region: Cleanup
[2019-12-09T05:12:38.927+0000][1][safepoint    ] Leaving safepoint region
[2019-12-09T05:12:38.927+0000][1][safepoint    ] Total time for which application threads were stopped: 0.0000588 seconds, Stopping threads took: 0.0000130 seconds
[2019-12-09T05:12:39.928+0000][1][safepoint    ] Application time: 1.0000737 seconds
[2019-12-09T05:12:39.928+0000][1][safepoint    ] Entering safepoint region: Cleanup
[2019-12-09T05:12:39.928+0000][1][safepoint    ] Leaving safepoint region
[2019-12-09T05:12:39.928+0000][1][safepoint    ] Total time for which application threads were stopped: 0.0000593 seconds, Stopping threads took: 0.0000147 seconds
[2019-12-09T05:12:40.928+0000][1][safepoint    ] Application time: 1.0000756 seconds
[2019-12-09T05:12:40.928+0000][1][safepoint    ] Entering safepoint region: Cleanup
[2019-12-09T05:12:40.928+0000][1][safepoint    ] Leaving safepoint region
[2019-12-09T05:12:40.928+0000][1][safepoint    ] Total time for which application threads were stopped: 0.0000578 seconds, Stopping threads took: 0.0000136 seconds
[2019-12-09T05:12:41.928+0000][1][safepoint    ] Application time: 1.0000750 seconds
[2019-12-09T05:12:41.928+0000][1][safepoint    ] Entering safepoint region: Cleanup
[2019-12-09T05:12:41.928+0000][1][safepoint    ] Leaving safepoint region
[2019-12-09T05:12:41.928+0000][1][safepoint    ] Total time for which application threads were stopped: 0.0000587 seconds, Stopping threads took: 0.0000140 seconds
[2019-12-09T05:12:42.928+0000][1][safepoint    ] Application time: 1.0000765 seconds
[2019-12-09T05:12:42.928+0000][1][safepoint    ] Entering safepoint region: Cleanup
[2019-12-09T05:12:42.928+0000][1][safepoint    ] Leaving safepoint region
[2019-12-09T05:12:42.928+0000][1][safepoint    ] Total time for which application threads were stopped: 0.0000616 seconds, Stopping threads took: 0.0000153 seconds
[2019-12-09T05:12:43.928+0000][1][safepoint    ] Application time: 1.0000782 seconds
[2019-12-09T05:12:43.928+0000][1][safepoint    ] Entering safepoint region: Cleanup
[2019-12-09T05:12:43.928+0000][1][safepoint    ] Leaving safepoint region
[2019-12-09T05:12:43.928+0000][1][safepoint    ] Total time for which application threads were stopped: 0.0000589 seconds, Stopping threads took: 0.0000139 seconds
[2019-12-09T05:12:44.928+0000][1][safepoint    ] Application time: 1.0000771 seconds
[2019-12-09T05:12:44.928+0000][1][safepoint    ] Entering safepoint region: Cleanup
[2019-12-09T05:12:44.928+0000][1][safepoint    ] Leaving safepoint region
[2019-12-09T05:12:44.928+0000][1][safepoint    ] Total time for which application threads were stopped: 0.0000587 seconds, Stopping threads took: 0.0000147 seconds
[2019-12-09T05:12:45.929+0000][1][safepoint    ] Application time: 1.0000748 seconds
[2019-12-09T05:12:45.929+0000][1][safepoint    ] Entering safepoint region: Cleanup
[2019-12-09T05:12:45.929+0000][1][safepoint    ] Leaving safepoint region
[2019-12-09T05:12:45.929+0000][1][safepoint    ] Total time for which application threads were stopped: 0.0000606 seconds, Stopping threads took: 0.0000146 seconds
[2019-12-09T05:12:46.929+0000][1][safepoint    ] Application time: 1.0000747 seconds
[2019-12-09T05:12:46.929+0000][1][safepoint    ] Entering safepoint region: Cleanup
[2019-12-09T05:12:46.929+0000][1][safepoint    ] Leaving safepoint region
[2019-12-09T05:12:46.929+0000][1][safepoint    ] Total time for which application threads were stopped: 0.0000586 seconds, Stopping threads took: 0.0000147 seconds
[2019-12-09T05:12:47.929+0000][1][safepoint    ] Application time: 1.0000760 seconds
[2019-12-09T05:12:47.929+0000][1][safepoint    ] Entering safepoint region: Cleanup
[2019-12-09T05:12:47.929+0000][1][safepoint    ] Leaving safepoint region
[2019-12-09T05:12:47.929+0000][1][safepoint    ] Total time for which application threads were stopped: 0.0000593 seconds, Stopping threads took: 0.0000158 seconds
[2019-12-09T05:12:48.929+0000][1][safepoint    ] Application time: 1.0000733 seconds
[2019-12-09T05:12:48.929+0000][1][safepoint    ] Entering safepoint region: Cleanup
[2019-12-09T05:12:48.929+0000][1][safepoint    ] Leaving safepoint region
[2019-12-09T05:12:48.929+0000][1][safepoint    ] Total time for which application threads were stopped: 0.0000577 seconds, Stopping threads took: 0.0000137 seconds
[2019-12-09T05:12:49.929+0000][1][safepoint    ] Application time: 1.0000752 seconds
[2019-12-09T05:12:49.929+0000][1][safepoint    ] Entering safepoint region: Cleanup
[2019-12-09T05:12:49.929+0000][1][safepoint    ] Leaving safepoint region
[2019-12-09T05:12:49.929+0000][1][safepoint    ] Total time for which application threads were stopped: 0.0000624 seconds, Stopping threads took: 0.0000170 seconds
[2019-12-09T05:12:50.929+0000][1][safepoint    ] Application time: 1.0000750 seconds
[2019-12-09T05:12:50.929+0000][1][safepoint    ] Entering safepoint region: Cleanup
[2019-12-09T05:12:50.929+0000][1][safepoint    ] Leaving safepoint region
[2019-12-09T05:12:50.929+0000][1][safepoint    ] Total time for which application threads were stopped: 0.0000585 seconds, Stopping threads took: 0.0000144 seconds
[2019-12-09T05:12:51.930+0000][1][safepoint    ] Application time: 1.0000850 seconds
[2019-12-09T05:12:51.930+0000][1][safepoint    ] Entering safepoint region: Cleanup
[2019-12-09T05:12:51.930+0000][1][safepoint    ] Leaving safepoint region
[2019-12-09T05:12:51.930+0000][1][safepoint    ] Total time for which application threads were stopped: 0.0000820 seconds, Stopping threads took: 0.0000203 seconds
[2019-12-09T05:12:52.930+0000][1][safepoint    ] Application time: 1.0000845 seconds
[2019-12-09T05:12:52.930+0000][1][safepoint    ] Entering safepoint region: Cleanup
[2019-12-09T05:12:52.930+0000][1][safepoint    ] Leaving safepoint region
[2019-12-09T05:12:52.930+0000][1][safepoint    ] Total time for which application threads were stopped: 0.0000583 seconds, Stopping threads took: 0.0000150 seconds
[2019-12-09T05:12:53.930+0000][1][safepoint    ] Application time: 1.0000740 seconds
[2019-12-09T05:12:53.930+0000][1][safepoint    ] Entering safepoint region: Cleanup
[2019-12-09T05:12:53.930+0000][1][safepoint    ] Leaving safepoint region
[2019-12-09T05:12:53.930+0000][1][safepoint    ] Total time for which application threads were stopped: 0.0000653 seconds, Stopping threads took: 0.0000228 seconds
[2019-12-09T05:12:54.930+0000][1][safepoint    ] Application time: 1.0000793 seconds
[2019-12-09T05:12:54.930+0000][1][safepoint    ] Entering safepoint region: Cleanup
[2019-12-09T05:12:54.930+0000][1][safepoint    ] Leaving safepoint region
[2019-12-09T05:12:54.930+0000][1][safepoint    ] Total time for which application threads were stopped: 0.0000653 seconds, Stopping threads took: 0.0000181 seconds
[2019-12-09T05:12:55.930+0000][1][safepoint    ] Application time: 1.0000768 seconds
[2019-12-09T05:12:55.930+0000][1][safepoint    ] Entering safepoint region: Cleanup
[2019-12-09T05:12:55.930+0000][1][safepoint    ] Leaving safepoint region
[2019-12-09T05:12:55.930+0000][1][safepoint    ] Total time for which application threads were stopped: 0.0000581 seconds, Stopping threads took: 0.0000135 seconds
[2019-12-09T05:12:56.930+0000][1][safepoint    ] Application time: 1.0000729 seconds
[2019-12-09T05:12:56.930+0000][1][safepoint    ] Entering safepoint region: Cleanup
[2019-12-09T05:12:56.931+0000][1][safepoint    ] Leaving safepoint region
[2019-12-09T05:12:56.931+0000][1][safepoint    ] Total time for which application threads were stopped: 0.0000625 seconds, Stopping threads took: 0.0000164 seconds
[2019-12-09T05:12:57.931+0000][1][safepoint    ] Application time: 1.0000754 seconds
[2019-12-09T05:12:57.931+0000][1][safepoint    ] Entering safepoint region: Cleanup
[2019-12-09T05:12:57.931+0000][1][safepoint    ] Leaving safepoint region
[2019-12-09T05:12:57.931+0000][1][safepoint    ] Total time for which application threads were stopped: 0.0000795 seconds, Stopping threads took: 0.0000156 seconds
[2019-12-09T05:12:58.931+0000][1][safepoint    ] Application time: 1.0000712 seconds
[2019-12-09T05:12:58.931+0000][1][safepoint    ] Entering safepoint region: Cleanup
[2019-12-09T05:12:58.931+0000][1][safepoint    ] Leaving safepoint region
[2019-12-09T05:12:58.931+0000][1][safepoint    ] Total time for which application threads were stopped: 0.0000591 seconds, Stopping threads took: 0.0000149 seconds
[2019-12-09T05:12:59.931+0000][1][safepoint    ] Application time: 1.0000732 seconds
[2019-12-09T05:12:59.931+0000][1][safepoint    ] Entering safepoint region: Cleanup
[2019-12-09T05:12:59.931+0000][1][safepoint    ] Leaving safepoint region
[2019-12-09T05:12:59.931+0000][1][safepoint    ] Total time for which application threads were stopped: 0.0000677 seconds, Stopping threads took: 0.0000208 seconds
[2019-12-09T05:13:00.931+0000][1][safepoint    ] Application time: 1.0000738 seconds
[2019-12-09T05:13:00.931+0000][1][safepoint    ] Entering safepoint region: Cleanup
[2019-12-09T05:13:00.931+0000][1][safepoint    ] Leaving safepoint region
[2019-12-09T05:13:00.931+0000][1][safepoint    ] Total time for which application threads were stopped: 0.0000573 seconds, Stopping threads took: 0.0000138 seconds
[2019-12-09T05:13:01.931+0000][1][safepoint    ] Application time: 1.0000747 seconds
[2019-12-09T05:13:01.931+0000][1][safepoint    ] Entering safepoint region: Cleanup
[2019-12-09T05:13:01.931+0000][1][safepoint    ] Leaving safepoint region
[2019-12-09T05:13:01.931+0000][1][safepoint    ] Total time for which application threads were stopped: 0.0000619 seconds, Stopping threads took: 0.0000148 seconds
[2019-12-09T05:13:02.931+0000][1][safepoint    ] Application time: 1.0000748 seconds
[2019-12-09T05:13:02.931+0000][1][safepoint    ] Entering safepoint region: Cleanup
[2019-12-09T05:13:02.932+0000][1][safepoint    ] Leaving safepoint region
[2019-12-09T05:13:02.932+0000][1][safepoint    ] Total time for which application threads were stopped: 0.0000586 seconds, Stopping threads took: 0.0000131 seconds
[2019-12-09T05:13:03.932+0000][1][safepoint    ] Application time: 1.0000743 seconds
[2019-12-09T05:13:03.932+0000][1][safepoint    ] Entering safepoint region: Cleanup
[2019-12-09T05:13:03.932+0000][1][safepoint    ] Leaving safepoint region
[2019-12-09T05:13:03.932+0000][1][safepoint    ] Total time for which application threads were stopped: 0.0000718 seconds, Stopping threads took: 0.0000257 seconds
[2019-12-09T05:13:04.932+0000][1][safepoint    ] Application time: 1.0000748 seconds
[2019-12-09T05:13:04.932+0000][1][safepoint    ] Entering safepoint region: Cleanup
[2019-12-09T05:13:04.932+0000][1][safepoint    ] Leaving safepoint region
[2019-12-09T05:13:04.932+0000][1][safepoint    ] Total time for which application threads were stopped: 0.0000624 seconds, Stopping threads took: 0.0000167 seconds
[2019-12-09T05:13:05.932+0000][1][safepoint    ] Application time: 1.0000746 seconds
[2019-12-09T05:13:05.932+0000][1][safepoint    ] Entering safepoint region: Cleanup
[2019-12-09T05:13:05.932+0000][1][safepoint    ] Leaving safepoint region
[2019-12-09T05:13:05.932+0000][1][safepoint    ] Total time for which application threads were stopped: 0.0000631 seconds, Stopping threads took: 0.0000143 seconds
[2019-12-09T05:13:06.932+0000][1][safepoint    ] Application time: 1.0000742 seconds
[2019-12-09T05:13:06.932+0000][1][safepoint    ] Entering safepoint region: Cleanup
[2019-12-09T05:13:06.932+0000][1][safepoint    ] Leaving safepoint region
[2019-12-09T05:13:06.932+0000][1][safepoint    ] Total time for which application threads were stopped: 0.0000618 seconds, Stopping threads took: 0.0000146 seconds
[2019-12-09T05:13:07.932+0000][1][safepoint    ] Application time: 1.0000801 seconds
[2019-12-09T05:13:07.932+0000][1][safepoint    ] Entering safepoint region: Cleanup
[2019-12-09T05:13:07.932+0000][1][safepoint    ] Leaving safepoint region
[2019-12-09T05:13:07.932+0000][1][safepoint    ] Total time for which application threads were stopped: 0.0000642 seconds, Stopping threads took: 0.0000151 seconds
[2019-12-09T05:13:08.933+0000][1][safepoint    ] Application time: 1.0000772 seconds
[2019-12-09T05:13:08.933+0000][1][safepoint    ] Entering safepoint region: Cleanup
[2019-12-09T05:13:08.933+0000][1][safepoint    ] Leaving safepoint region
[2019-12-09T05:13:08.933+0000][1][safepoint    ] Total time for which application threads were stopped: 0.0000676 seconds, Stopping threads took: 0.0000168 seconds
[2019-12-09T05:13:09.933+0000][1][safepoint    ] Application time: 1.0000747 seconds
[2019-12-09T05:13:09.933+0000][1][safepoint    ] Entering safepoint region: Cleanup
[2019-12-09T05:13:09.933+0000][1][safepoint    ] Leaving safepoint region
[2019-12-09T05:13:09.933+0000][1][safepoint    ] Total time for which application threads were stopped: 0.0000740 seconds, Stopping threads took: 0.0000258 seconds
[2019-12-09T05:13:10.933+0000][1][safepoint    ] Application time: 1.0000774 seconds
[2019-12-09T05:13:10.933+0000][1][safepoint    ] Entering safepoint region: Cleanup
[2019-12-09T05:13:10.933+0000][1][safepoint    ] Leaving safepoint region
[2019-12-09T05:13:10.933+0000][1][safepoint    ] Total time for which application threads were stopped: 0.0000663 seconds, Stopping threads took: 0.0000166 seconds
[2019-12-09T05:13:11.933+0000][1][safepoint    ] Application time: 1.0000773 seconds
[2019-12-09T05:13:11.933+0000][1][safepoint    ] Entering safepoint region: Cleanup
[2019-12-09T05:13:11.933+0000][1][safepoint    ] Leaving safepoint region
[2019-12-09T05:13:11.933+0000][1][safepoint    ] Total time for which application threads were stopped: 0.0000745 seconds, Stopping threads took: 0.0000210 seconds
[2019-12-09T05:13:12.933+0000][1][safepoint    ] Application time: 1.0000899 seconds
[2019-12-09T05:13:12.933+0000][1][safepoint    ] Entering safepoint region: Cleanup
[2019-12-09T05:13:12.933+0000][1][safepoint    ] Leaving safepoint region
[2019-12-09T05:13:12.933+0000][1][safepoint    ] Total time for which application threads were stopped: 0.0000740 seconds, Stopping threads took: 0.0000215 seconds
[2019-12-09T05:13:13.934+0000][1][safepoint    ] Application time: 1.0000888 seconds
[2019-12-09T05:13:13.934+0000][1][safepoint    ] Entering safepoint region: Cleanup
[2019-12-09T05:13:13.934+0000][1][safepoint    ] Leaving safepoint region
[2019-12-09T05:13:13.934+0000][1][safepoint    ] Total time for which application threads were stopped: 0.0000686 seconds, Stopping threads took: 0.0000193 seconds
[2019-12-09T05:13:14.008+0000][1][safepoint    ] Application time: 0.0741844 seconds
[2019-12-09T05:13:14.008+0000][1][safepoint    ] Entering safepoint region: GenCollectForAllocation
[2019-12-09T05:13:14.008+0000][1][gc,start     ] GC(64) Pause Young (Allocation Failure)
[2019-12-09T05:13:14.008+0000][1][gc,task      ] GC(64) Using 2 workers of 2 for evacuation
[2019-12-09T05:13:14.009+0000][1][gc,age       ] GC(64) Desired survivor size 4456448 bytes, new threshold 6 (max threshold 6)
[2019-12-09T05:13:14.009+0000][1][gc,age       ] GC(64) Age table with threshold 6 (max threshold 6)
[2019-12-09T05:13:14.009+0000][1][gc,age       ] GC(64) - age   1:       3032 bytes,       3032 total
[2019-12-09T05:13:14.009+0000][1][gc,age       ] GC(64) - age   5:        584 bytes,       3616 total
[2019-12-09T05:13:14.009+0000][1][gc,heap      ] GC(64) ParNew: 69935K->6K(78656K)
[2019-12-09T05:13:14.009+0000][1][gc,heap      ] GC(64) CMS: 69337K->69353K(174784K)
[2019-12-09T05:13:14.009+0000][1][gc,metaspace ] GC(64) Metaspace: 68453K->68453K(1112064K)
[2019-12-09T05:13:14.009+0000][1][gc           ] GC(64) Pause Young (Allocation Failure) 136M->67M(247M) 1.483ms
[2019-12-09T05:13:14.010+0000][1][gc,cpu       ] GC(64) User=0.00s Sys=0.00s Real=0.00s
[2019-12-09T05:13:14.010+0000][1][safepoint    ] Leaving safepoint region
[2019-12-09T05:13:14.010+0000][1][safepoint    ] Total time for which application threads were stopped: 0.0016490 seconds, Stopping threads took: 0.0000211 seconds
[2019-12-09T05:13:15.010+0000][1][safepoint    ] Application time: 1.0000990 seconds
[2019-12-09T05:13:15.010+0000][1][safepoint    ] Entering safepoint region: Cleanup
[2019-12-09T05:13:15.010+0000][1][safepoint    ] Leaving safepoint region
[2019-12-09T05:13:15.010+0000][1][safepoint    ] Total time for which application threads were stopped: 0.0000792 seconds, Stopping threads took: 0.0000262 seconds
[2019-12-09T05:13:16.010+0000][1][safepoint    ] Application time: 1.0000773 seconds
[2019-12-09T05:13:16.010+0000][1][safepoint    ] Entering safepoint region: Cleanup
[2019-12-09T05:13:16.010+0000][1][safepoint    ] Leaving safepoint region
[2019-12-09T05:13:16.010+0000][1][safepoint    ] Total time for which application threads were stopped: 0.0000662 seconds, Stopping threads took: 0.0000163 seconds
[2019-12-09T05:13:17.010+0000][1][safepoint    ] Application time: 1.0000797 seconds
[2019-12-09T05:13:17.010+0000][1][safepoint    ] Entering safepoint region: Cleanup
[2019-12-09T05:13:17.010+0000][1][safepoint    ] Leaving safepoint region
[2019-12-09T05:13:17.010+0000][1][safepoint    ] Total time for which application threads were stopped: 0.0000662 seconds, Stopping threads took: 0.0000168 seconds
[2019-12-09T05:13:18.010+0000][1][safepoint    ] Application time: 1.0000777 seconds
[2019-12-09T05:13:18.010+0000][1][safepoint    ] Entering safepoint region: Cleanup
[2019-12-09T05:13:18.010+0000][1][safepoint    ] Leaving safepoint region
[2019-12-09T05:13:18.010+0000][1][safepoint    ] Total time for which application threads were stopped: 0.0000695 seconds, Stopping threads took: 0.0000170 seconds
[2019-12-09T05:13:19.010+0000][1][safepoint    ] Application time: 1.0000786 seconds
[2019-12-09T05:13:19.010+0000][1][safepoint    ] Entering safepoint region: Cleanup
[2019-12-09T05:13:19.010+0000][1][safepoint    ] Leaving safepoint region
[2019-12-09T05:13:19.011+0000][1][safepoint    ] Total time for which application threads were stopped: 0.0000711 seconds, Stopping threads took: 0.0000175 seconds
[2019-12-09T05:13:20.011+0000][1][safepoint    ] Application time: 1.0000754 seconds
[2019-12-09T05:13:20.011+0000][1][safepoint    ] Entering safepoint region: Cleanup
[2019-12-09T05:13:20.011+0000][1][safepoint    ] Leaving safepoint region
[2019-12-09T05:13:20.011+0000][1][safepoint    ] Total time for which application threads were stopped: 0.0000794 seconds, Stopping threads took: 0.0000178 seconds
[2019-12-09T05:13:21.011+0000][1][safepoint    ] Application time: 1.0000848 seconds
[2019-12-09T05:13:21.011+0000][1][safepoint    ] Entering safepoint region: Cleanup
[2019-12-09T05:13:21.011+0000][1][safepoint    ] Leaving safepoint region
[2019-12-09T05:13:21.011+0000][1][safepoint    ] Total time for which application threads were stopped: 0.0000654 seconds, Stopping threads took: 0.0000169 seconds
[2019-12-09T05:13:22.011+0000][1][safepoint    ] Application time: 1.0000753 seconds
[2019-12-09T05:13:22.011+0000][1][safepoint    ] Entering safepoint region: Cleanup
[2019-12-09T05:13:22.011+0000][1][safepoint    ] Leaving safepoint region
[2019-12-09T05:13:22.011+0000][1][safepoint    ] Total time for which application threads were stopped: 0.0000667 seconds, Stopping threads took: 0.0000166 seconds
[2019-12-09T05:13:23.011+0000][1][safepoint    ] Application time: 1.0000759 seconds
[2019-12-09T05:13:23.011+0000][1][safepoint    ] Entering safepoint region: Cleanup
[2019-12-09T05:13:23.011+0000][1][safepoint    ] Leaving safepoint region
[2019-12-09T05:13:23.011+0000][1][safepoint    ] Total time for which application threads were stopped: 0.0000654 seconds, Stopping threads took: 0.0000158 seconds
[2019-12-09T05:13:24.011+0000][1][safepoint    ] Application time: 1.0000770 seconds
[2019-12-09T05:13:24.011+0000][1][safepoint    ] Entering safepoint region: Cleanup
[2019-12-09T05:13:24.011+0000][1][safepoint    ] Leaving safepoint region
[2019-12-09T05:13:24.011+0000][1][safepoint    ] Total time for which application threads were stopped: 0.0000752 seconds, Stopping threads took: 0.0000259 seconds
[2019-12-09T05:13:25.012+0000][1][safepoint    ] Application time: 1.0000764 seconds
[2019-12-09T05:13:25.012+0000][1][safepoint    ] Entering safepoint region: Cleanup
[2019-12-09T05:13:25.012+0000][1][safepoint    ] Leaving safepoint region
[2019-12-09T05:13:25.012+0000][1][safepoint    ] Total time for which application threads were stopped: 0.0000734 seconds, Stopping threads took: 0.0000235 seconds
[2019-12-09T05:13:26.012+0000][1][safepoint    ] Application time: 1.0000746 seconds
[2019-12-09T05:13:26.012+0000][1][safepoint    ] Entering safepoint region: Cleanup
[2019-12-09T05:13:26.012+0000][1][safepoint    ] Leaving safepoint region
[2019-12-09T05:13:26.012+0000][1][safepoint    ] Total time for which application threads were stopped: 0.0000655 seconds, Stopping threads took: 0.0000169 seconds
[2019-12-09T05:13:27.012+0000][1][safepoint    ] Application time: 1.0000748 seconds
[2019-12-09T05:13:27.012+0000][1][safepoint    ] Entering safepoint region: Cleanup
[2019-12-09T05:13:27.012+0000][1][safepoint    ] Leaving safepoint region
[2019-12-09T05:13:27.012+0000][1][safepoint    ] Total time for which application threads were stopped: 0.0000650 seconds, Stopping threads took: 0.0000153 seconds
[2019-12-09T05:13:28.012+0000][1][safepoint    ] Application time: 1.0000755 seconds
[2019-12-09T05:13:28.012+0000][1][safepoint    ] Entering safepoint region: Cleanup
[2019-12-09T05:13:28.012+0000][1][safepoint    ] Leaving safepoint region
[2019-12-09T05:13:28.012+0000][1][safepoint    ] Total time for which application threads were stopped: 0.0000667 seconds, Stopping threads took: 0.0000173 seconds
[2019-12-09T05:13:29.012+0000][1][safepoint    ] Application time: 1.0000776 seconds
[2019-12-09T05:13:29.012+0000][1][safepoint    ] Entering safepoint region: Cleanup
[2019-12-09T05:13:29.012+0000][1][safepoint    ] Leaving safepoint region
[2019-12-09T05:13:29.012+0000][1][safepoint    ] Total time for which application threads were stopped: 0.0000675 seconds, Stopping threads took: 0.0000169 seconds
[2019-12-09T05:13:30.012+0000][1][safepoint    ] Application time: 1.0000760 seconds
[2019-12-09T05:13:30.013+0000][1][safepoint    ] Entering safepoint region: Cleanup
[2019-12-09T05:13:30.013+0000][1][safepoint    ] Leaving safepoint region
[2019-12-09T05:13:30.013+0000][1][safepoint    ] Total time for which application threads were stopped: 0.0000698 seconds, Stopping threads took: 0.0000204 seconds
[2019-12-09T05:13:31.013+0000][1][safepoint    ] Application time: 1.0000765 seconds
[2019-12-09T05:13:31.013+0000][1][safepoint    ] Entering safepoint region: Cleanup
[2019-12-09T05:13:31.013+0000][1][safepoint    ] Leaving safepoint region
[2019-12-09T05:13:31.013+0000][1][safepoint    ] Total time for which application threads were stopped: 0.0000655 seconds, Stopping threads took: 0.0000173 seconds
[2019-12-09T05:13:32.013+0000][1][safepoint    ] Application time: 1.0000768 seconds
[2019-12-09T05:13:32.013+0000][1][safepoint    ] Entering safepoint region: Cleanup
[2019-12-09T05:13:32.013+0000][1][safepoint    ] Leaving safepoint region
[2019-12-09T05:13:32.013+0000][1][safepoint    ] Total time for which application threads were stopped: 0.0000643 seconds, Stopping threads took: 0.0000162 seconds
[2019-12-09T05:13:33.013+0000][1][safepoint    ] Application time: 1.0000773 seconds
[2019-12-09T05:13:33.013+0000][1][safepoint    ] Entering safepoint region: Cleanup
[2019-12-09T05:13:33.013+0000][1][safepoint    ] Leaving safepoint region
[2019-12-09T05:13:33.013+0000][1][safepoint    ] Total time for which application threads were stopped: 0.0000669 seconds, Stopping threads took: 0.0000161 seconds
[2019-12-09T05:13:34.013+0000][1][safepoint    ] Application time: 1.0000778 seconds
[2019-12-09T05:13:34.013+0000][1][safepoint    ] Entering safepoint region: Cleanup
[2019-12-09T05:13:34.013+0000][1][safepoint    ] Leaving safepoint region
[2019-12-09T05:13:34.013+0000][1][safepoint    ] Total time for which application threads were stopped: 0.0000678 seconds, Stopping threads took: 0.0000176 seconds
[2019-12-09T05:13:35.013+0000][1][safepoint    ] Application time: 1.0000792 seconds
[2019-12-09T05:13:35.013+0000][1][safepoint    ] Entering safepoint region: Cleanup
[2019-12-09T05:13:35.013+0000][1][safepoint    ] Leaving safepoint region
[2019-12-09T05:13:35.014+0000][1][safepoint    ] Total time for which application threads were stopped: 0.0000659 seconds, Stopping threads took: 0.0000177 seconds
[2019-12-09T05:13:36.014+0000][1][safepoint    ] Application time: 1.0000769 seconds
[2019-12-09T05:13:36.014+0000][1][safepoint    ] Entering safepoint region: Cleanup
[2019-12-09T05:13:36.014+0000][1][safepoint    ] Leaving safepoint region
[2019-12-09T05:13:36.014+0000][1][safepoint    ] Total time for which application threads were stopped: 0.0000770 seconds, Stopping threads took: 0.0000164 seconds
[2019-12-09T05:13:37.014+0000][1][safepoint    ] Application time: 1.0000786 seconds
[2019-12-09T05:13:37.014+0000][1][safepoint    ] Entering safepoint region: Cleanup
[2019-12-09T05:13:37.014+0000][1][safepoint    ] Leaving safepoint region
[2019-12-09T05:13:37.014+0000][1][safepoint    ] Total time for which application threads were stopped: 0.0000671 seconds, Stopping threads took: 0.0000178 seconds
[2019-12-09T05:13:38.014+0000][1][safepoint    ] Application time: 1.0000781 seconds
[2019-12-09T05:13:38.014+0000][1][safepoint    ] Entering safepoint region: Cleanup
[2019-12-09T05:13:38.014+0000][1][safepoint    ] Leaving safepoint region
[2019-12-09T05:13:38.014+0000][1][safepoint    ] Total time for which application threads were stopped: 0.0000670 seconds, Stopping threads took: 0.0000164 seconds
[2019-12-09T05:13:39.014+0000][1][safepoint    ] Application time: 1.0000791 seconds
[2019-12-09T05:13:39.014+0000][1][safepoint    ] Entering safepoint region: Cleanup
[2019-12-09T05:13:39.014+0000][1][safepoint    ] Leaving safepoint region
[2019-12-09T05:13:39.014+0000][1][safepoint    ] Total time for which application threads were stopped: 0.0000650 seconds, Stopping threads took: 0.0000163 seconds
[2019-12-09T05:13:40.014+0000][1][safepoint    ] Application time: 1.0000767 seconds
[2019-12-09T05:13:40.014+0000][1][safepoint    ] Entering safepoint region: Cleanup
[2019-12-09T05:13:40.014+0000][1][safepoint    ] Leaving safepoint region
[2019-12-09T05:13:40.014+0000][1][safepoint    ] Total time for which application threads were stopped: 0.0000693 seconds, Stopping threads took: 0.0000186 seconds
[2019-12-09T05:13:41.015+0000][1][safepoint    ] Application time: 1.0000782 seconds
[2019-12-09T05:13:41.015+0000][1][safepoint    ] Entering safepoint region: Cleanup
[2019-12-09T05:13:41.015+0000][1][safepoint    ] Leaving safepoint region
[2019-12-09T05:13:41.015+0000][1][safepoint    ] Total time for which application threads were stopped: 0.0000697 seconds, Stopping threads took: 0.0000201 seconds
[2019-12-09T05:13:42.015+0000][1][safepoint    ] Application time: 1.0000778 seconds
[2019-12-09T05:13:42.015+0000][1][safepoint    ] Entering safepoint region: Cleanup
[2019-12-09T05:13:42.015+0000][1][safepoint    ] Leaving safepoint region
[2019-12-09T05:13:42.015+0000][1][safepoint    ] Total time for which application threads were stopped: 0.0000660 seconds, Stopping threads took: 0.0000164 seconds
[2019-12-09T05:13:43.015+0000][1][safepoint    ] Application time: 1.0000780 seconds
[2019-12-09T05:13:43.015+0000][1][safepoint    ] Entering safepoint region: Cleanup
[2019-12-09T05:13:43.015+0000][1][safepoint    ] Leaving safepoint region
[2019-12-09T05:13:43.015+0000][1][safepoint    ] Total time for which application threads were stopped: 0.0000679 seconds, Stopping threads took: 0.0000171 seconds
[2019-12-09T05:13:44.015+0000][1][safepoint    ] Application time: 1.0000770 seconds
[2019-12-09T05:13:44.015+0000][1][safepoint    ] Entering safepoint region: Cleanup
[2019-12-09T05:13:44.015+0000][1][safepoint    ] Leaving safepoint region
[2019-12-09T05:13:44.015+0000][1][safepoint    ] Total time for which application threads were stopped: 0.0000665 seconds, Stopping threads took: 0.0000176 seconds
[2019-12-09T05:13:45.015+0000][1][safepoint    ] Application time: 1.0000813 seconds
[2019-12-09T05:13:45.015+0000][1][safepoint    ] Entering safepoint region: Cleanup
[2019-12-09T05:13:45.015+0000][1][safepoint    ] Leaving safepoint region
[2019-12-09T05:13:45.015+0000][1][safepoint    ] Total time for which application threads were stopped: 0.0000689 seconds, Stopping threads took: 0.0000188 seconds
[2019-12-09T05:13:46.015+0000][1][safepoint    ] Application time: 1.0000790 seconds
[2019-12-09T05:13:46.016+0000][1][safepoint    ] Entering safepoint region: Cleanup
[2019-12-09T05:13:46.016+0000][1][safepoint    ] Leaving safepoint region
[2019-12-09T05:13:46.016+0000][1][safepoint    ] Total time for which application threads were stopped: 0.0000668 seconds, Stopping threads took: 0.0000174 seconds
[2019-12-09T05:13:47.016+0000][1][safepoint    ] Application time: 1.0000778 seconds
[2019-12-09T05:13:47.016+0000][1][safepoint    ] Entering safepoint region: Cleanup
[2019-12-09T05:13:47.016+0000][1][safepoint    ] Leaving safepoint region
[2019-12-09T05:13:47.016+0000][1][safepoint    ] Total time for which application threads were stopped: 0.0000684 seconds, Stopping threads took: 0.0000176 seconds
[2019-12-09T05:13:48.016+0000][1][safepoint    ] Application time: 1.0000774 seconds
[2019-12-09T05:13:48.016+0000][1][safepoint    ] Entering safepoint region: Cleanup
[2019-12-09T05:13:48.016+0000][1][safepoint    ] Leaving safepoint region
[2019-12-09T05:13:48.016+0000][1][safepoint    ] Total time for which application threads were stopped: 0.0000676 seconds, Stopping threads took: 0.0000181 seconds
[2019-12-09T05:13:49.016+0000][1][safepoint    ] Application time: 1.0000783 seconds
[2019-12-09T05:13:49.016+0000][1][safepoint    ] Entering safepoint region: Cleanup
[2019-12-09T05:13:49.016+0000][1][safepoint    ] Leaving safepoint region
[2019-12-09T05:13:49.016+0000][1][safepoint    ] Total time for which application threads were stopped: 0.0000655 seconds, Stopping threads took: 0.0000167 seconds
[2019-12-09T05:13:50.016+0000][1][safepoint    ] Application time: 1.0000781 seconds
[2019-12-09T05:13:50.016+0000][1][safepoint    ] Entering safepoint region: Cleanup
[2019-12-09T05:13:50.016+0000][1][safepoint    ] Leaving safepoint region
[2019-12-09T05:13:50.016+0000][1][safepoint    ] Total time for which application threads were stopped: 0.0000669 seconds, Stopping threads took: 0.0000174 seconds
[2019-12-09T05:13:51.016+0000][1][safepoint    ] Application time: 1.0000782 seconds
[2019-12-09T05:13:51.016+0000][1][safepoint    ] Entering safepoint region: Cleanup
[2019-12-09T05:13:51.017+0000][1][safepoint    ] Leaving safepoint region
[2019-12-09T05:13:51.017+0000][1][safepoint    ] Total time for which application threads were stopped: 0.0000661 seconds, Stopping threads took: 0.0000164 seconds
[2019-12-09T05:13:52.017+0000][1][safepoint    ] Application time: 1.0000817 seconds
[2019-12-09T05:13:52.017+0000][1][safepoint    ] Entering safepoint region: Cleanup
[2019-12-09T05:13:52.017+0000][1][safepoint    ] Leaving safepoint region
[2019-12-09T05:13:52.017+0000][1][safepoint    ] Total time for which application threads were stopped: 0.0000761 seconds, Stopping threads took: 0.0000172 seconds
[2019-12-09T05:13:53.017+0000][1][safepoint    ] Application time: 1.0000772 seconds
[2019-12-09T05:13:53.017+0000][1][safepoint    ] Entering safepoint region: Cleanup
[2019-12-09T05:13:53.017+0000][1][safepoint    ] Leaving safepoint region
[2019-12-09T05:13:53.017+0000][1][safepoint    ] Total time for which application threads were stopped: 0.0000656 seconds, Stopping threads took: 0.0000161 seconds
[2019-12-09T05:13:54.017+0000][1][safepoint    ] Application time: 1.0000796 seconds
[2019-12-09T05:13:54.017+0000][1][safepoint    ] Entering safepoint region: Cleanup
[2019-12-09T05:13:54.017+0000][1][safepoint    ] Leaving safepoint region
[2019-12-09T05:13:54.017+0000][1][safepoint    ] Total time for which application threads were stopped: 0.0000738 seconds, Stopping threads took: 0.0000227 seconds
[2019-12-09T05:13:55.017+0000][1][safepoint    ] Application time: 1.0000537 seconds
[2019-12-09T05:13:55.017+0000][1][safepoint    ] Entering safepoint region: Cleanup
[2019-12-09T05:13:55.017+0000][1][safepoint    ] Leaving safepoint region
[2019-12-09T05:13:55.017+0000][1][safepoint    ] Total time for which application threads were stopped: 0.0000683 seconds, Stopping threads took: 0.0000181 seconds
[2019-12-09T05:13:56.017+0000][1][safepoint    ] Application time: 1.0000785 seconds
[2019-12-09T05:13:56.017+0000][1][safepoint    ] Entering safepoint region: Cleanup
[2019-12-09T05:13:56.017+0000][1][safepoint    ] Leaving safepoint region
[2019-12-09T05:13:56.017+0000][1][safepoint    ] Total time for which application threads were stopped: 0.0000618 seconds, Stopping threads took: 0.0000146 seconds
[2019-12-09T05:13:57.018+0000][1][safepoint    ] Application time: 1.0000778 seconds
[2019-12-09T05:13:57.018+0000][1][safepoint    ] Entering safepoint region: Cleanup
[2019-12-09T05:13:57.018+0000][1][safepoint    ] Leaving safepoint region
[2019-12-09T05:13:57.018+0000][1][safepoint    ] Total time for which application threads were stopped: 0.0000656 seconds, Stopping threads took: 0.0000158 seconds
[2019-12-09T05:13:58.018+0000][1][safepoint    ] Application time: 1.0000784 seconds
[2019-12-09T05:13:58.018+0000][1][safepoint    ] Entering safepoint region: Cleanup
[2019-12-09T05:13:58.018+0000][1][safepoint    ] Leaving safepoint region
[2019-12-09T05:13:58.018+0000][1][safepoint    ] Total time for which application threads were stopped: 0.0000656 seconds, Stopping threads took: 0.0000162 seconds
[2019-12-09T05:13:59.018+0000][1][safepoint    ] Application time: 1.0000768 seconds
[2019-12-09T05:13:59.018+0000][1][safepoint    ] Entering safepoint region: Cleanup
[2019-12-09T05:13:59.018+0000][1][safepoint    ] Leaving safepoint region
[2019-12-09T05:13:59.018+0000][1][safepoint    ] Total time for which application threads were stopped: 0.0000661 seconds, Stopping threads took: 0.0000160 seconds
[2019-12-09T05:14:00.018+0000][1][safepoint    ] Application time: 1.0000772 seconds
[2019-12-09T05:14:00.018+0000][1][safepoint    ] Entering safepoint region: Cleanup
[2019-12-09T05:14:00.018+0000][1][safepoint    ] Leaving safepoint region
[2019-12-09T05:14:00.018+0000][1][safepoint    ] Total time for which application threads were stopped: 0.0000688 seconds, Stopping threads took: 0.0000191 seconds
[2019-12-09T05:14:01.018+0000][1][safepoint    ] Application time: 1.0000771 seconds
[2019-12-09T05:14:01.018+0000][1][safepoint    ] Entering safepoint region: Cleanup
[2019-12-09T05:14:01.018+0000][1][safepoint    ] Leaving safepoint region
[2019-12-09T05:14:01.018+0000][1][safepoint    ] Total time for which application threads were stopped: 0.0000650 seconds, Stopping threads took: 0.0000163 seconds
[2019-12-09T05:14:02.018+0000][1][safepoint    ] Application time: 1.0000773 seconds
[2019-12-09T05:14:02.019+0000][1][safepoint    ] Entering safepoint region: Cleanup
[2019-12-09T05:14:02.019+0000][1][safepoint    ] Leaving safepoint region
[2019-12-09T05:14:02.019+0000][1][safepoint    ] Total time for which application threads were stopped: 0.0000674 seconds, Stopping threads took: 0.0000182 seconds
[2019-12-09T05:14:03.019+0000][1][safepoint    ] Application time: 1.0000781 seconds
[2019-12-09T05:14:03.019+0000][1][safepoint    ] Entering safepoint region: Cleanup
[2019-12-09T05:14:03.019+0000][1][safepoint    ] Leaving safepoint region
[2019-12-09T05:14:03.019+0000][1][safepoint    ] Total time for which application threads were stopped: 0.0000661 seconds, Stopping threads took: 0.0000179 seconds
[2019-12-09T05:14:04.019+0000][1][safepoint    ] Application time: 1.0000781 seconds
[2019-12-09T05:14:04.019+0000][1][safepoint    ] Entering safepoint region: Cleanup
[2019-12-09T05:14:04.019+0000][1][safepoint    ] Leaving safepoint region
[2019-12-09T05:14:04.019+0000][1][safepoint    ] Total time for which application threads were stopped: 0.0000649 seconds, Stopping threads took: 0.0000164 seconds
[2019-12-09T05:14:05.019+0000][1][safepoint    ] Application time: 1.0000758 seconds
[2019-12-09T05:14:05.019+0000][1][safepoint    ] Entering safepoint region: Cleanup
[2019-12-09T05:14:05.019+0000][1][safepoint    ] Leaving safepoint region
[2019-12-09T05:14:05.019+0000][1][safepoint    ] Total time for which application threads were stopped: 0.0000626 seconds, Stopping threads took: 0.0000154 seconds
[2019-12-09T05:14:06.019+0000][1][safepoint    ] Application time: 1.0000740 seconds
[2019-12-09T05:14:06.019+0000][1][safepoint    ] Entering safepoint region: Cleanup
[2019-12-09T05:14:06.019+0000][1][safepoint    ] Leaving safepoint region
[2019-12-09T05:14:06.019+0000][1][safepoint    ] Total time for which application threads were stopped: 0.0000655 seconds, Stopping threads took: 0.0000160 seconds
[2019-12-09T05:14:07.019+0000][1][safepoint    ] Application time: 1.0000765 seconds
[2019-12-09T05:14:07.019+0000][1][safepoint    ] Entering safepoint region: Cleanup
[2019-12-09T05:14:07.019+0000][1][safepoint    ] Leaving safepoint region
[2019-12-09T05:14:07.019+0000][1][safepoint    ] Total time for which application threads were stopped: 0.0000623 seconds, Stopping threads took: 0.0000157 seconds
[2019-12-09T05:14:08.020+0000][1][safepoint    ] Application time: 1.0000748 seconds
[2019-12-09T05:14:08.020+0000][1][safepoint    ] Entering safepoint region: Cleanup
[2019-12-09T05:14:08.020+0000][1][safepoint    ] Leaving safepoint region
[2019-12-09T05:14:08.020+0000][1][safepoint    ] Total time for which application threads were stopped: 0.0000658 seconds, Stopping threads took: 0.0000170 seconds
[2019-12-09T05:14:09.020+0000][1][safepoint    ] Application time: 1.0000869 seconds
[2019-12-09T05:14:09.020+0000][1][safepoint    ] Entering safepoint region: Cleanup
[2019-12-09T05:14:09.020+0000][1][safepoint    ] Leaving safepoint region
[2019-12-09T05:14:09.020+0000][1][safepoint    ] Total time for which application threads were stopped: 0.0000652 seconds, Stopping threads took: 0.0000167 seconds
[2019-12-09T05:14:10.020+0000][1][safepoint    ] Application time: 1.0000779 seconds
[2019-12-09T05:14:10.020+0000][1][safepoint    ] Entering safepoint region: Cleanup
[2019-12-09T05:14:10.020+0000][1][safepoint    ] Leaving safepoint region
[2019-12-09T05:14:10.020+0000][1][safepoint    ] Total time for which application threads were stopped: 0.0000684 seconds, Stopping threads took: 0.0000177 seconds
[2019-12-09T05:14:11.020+0000][1][safepoint    ] Application time: 1.0000780 seconds
[2019-12-09T05:14:11.020+0000][1][safepoint    ] Entering safepoint region: Cleanup
[2019-12-09T05:14:11.020+0000][1][safepoint    ] Leaving safepoint region
[2019-12-09T05:14:11.020+0000][1][safepoint    ] Total time for which application threads were stopped: 0.0000663 seconds, Stopping threads took: 0.0000165 seconds
[2019-12-09T05:14:12.020+0000][1][safepoint    ] Application time: 1.0000787 seconds
[2019-12-09T05:14:12.020+0000][1][safepoint    ] Entering safepoint region: Cleanup
[2019-12-09T05:14:12.020+0000][1][safepoint    ] Leaving safepoint region
[2019-12-09T05:14:12.020+0000][1][safepoint    ] Total time for which application threads were stopped: 0.0000686 seconds, Stopping threads took: 0.0000174 seconds
[2019-12-09T05:14:13.021+0000][1][safepoint    ] Application time: 1.0000787 seconds
[2019-12-09T05:14:13.021+0000][1][safepoint    ] Entering safepoint region: Cleanup
[2019-12-09T05:14:13.021+0000][1][safepoint    ] Leaving safepoint region
[2019-12-09T05:14:13.021+0000][1][safepoint    ] Total time for which application threads were stopped: 0.0000671 seconds, Stopping threads took: 0.0000168 seconds
[2019-12-09T05:14:14.021+0000][1][safepoint    ] Application time: 1.0000780 seconds
[2019-12-09T05:14:14.021+0000][1][safepoint    ] Entering safepoint region: Cleanup
[2019-12-09T05:14:14.021+0000][1][safepoint    ] Leaving safepoint region
[2019-12-09T05:14:14.021+0000][1][safepoint    ] Total time for which application threads were stopped: 0.0000650 seconds, Stopping threads took: 0.0000170 seconds
[2019-12-09T05:14:15.021+0000][1][safepoint    ] Application time: 1.0000793 seconds
[2019-12-09T05:14:15.021+0000][1][safepoint    ] Entering safepoint region: Cleanup
[2019-12-09T05:14:15.021+0000][1][safepoint    ] Leaving safepoint region
[2019-12-09T05:14:15.021+0000][1][safepoint    ] Total time for which application threads were stopped: 0.0000691 seconds, Stopping threads took: 0.0000178 seconds
[2019-12-09T05:14:16.021+0000][1][safepoint    ] Application time: 1.0000784 seconds
[2019-12-09T05:14:16.021+0000][1][safepoint    ] Entering safepoint region: Cleanup
[2019-12-09T05:14:16.021+0000][1][safepoint    ] Leaving safepoint region
[2019-12-09T05:14:16.021+0000][1][safepoint    ] Total time for which application threads were stopped: 0.0000667 seconds, Stopping threads took: 0.0000172 seconds
[2019-12-09T05:14:17.021+0000][1][safepoint    ] Application time: 1.0000775 seconds
[2019-12-09T05:14:17.021+0000][1][safepoint    ] Entering safepoint region: Cleanup
[2019-12-09T05:14:17.021+0000][1][safepoint    ] Leaving safepoint region
[2019-12-09T05:14:17.021+0000][1][safepoint    ] Total time for which application threads were stopped: 0.0000645 seconds, Stopping threads took: 0.0000169 seconds
[2019-12-09T05:14:18.021+0000][1][safepoint    ] Application time: 1.0000787 seconds
[2019-12-09T05:14:18.021+0000][1][safepoint    ] Entering safepoint region: Cleanup
[2019-12-09T05:14:18.022+0000][1][safepoint    ] Leaving safepoint region
[2019-12-09T05:14:18.022+0000][1][safepoint    ] Total time for which application threads were stopped: 0.0000655 seconds, Stopping threads took: 0.0000163 seconds
[2019-12-09T05:14:19.022+0000][1][safepoint    ] Application time: 1.0000790 seconds
[2019-12-09T05:14:19.022+0000][1][safepoint    ] Entering safepoint region: Cleanup
[2019-12-09T05:14:19.022+0000][1][safepoint    ] Leaving safepoint region
[2019-12-09T05:14:19.022+0000][1][safepoint    ] Total time for which application threads were stopped: 0.0000779 seconds, Stopping threads took: 0.0000276 seconds
[2019-12-09T05:14:20.022+0000][1][safepoint    ] Application time: 1.0000812 seconds
[2019-12-09T05:14:20.022+0000][1][safepoint    ] Entering safepoint region: Cleanup
[2019-12-09T05:14:20.022+0000][1][safepoint    ] Leaving safepoint region
[2019-12-09T05:14:20.022+0000][1][safepoint    ] Total time for which application threads were stopped: 0.0000698 seconds, Stopping threads took: 0.0000200 seconds
[2019-12-09T05:14:21.022+0000][1][safepoint    ] Application time: 1.0000797 seconds
[2019-12-09T05:14:21.022+0000][1][safepoint    ] Entering safepoint region: Cleanup
[2019-12-09T05:14:21.022+0000][1][safepoint    ] Leaving safepoint region
[2019-12-09T05:14:21.022+0000][1][safepoint    ] Total time for which application threads were stopped: 0.0000646 seconds, Stopping threads took: 0.0000163 seconds
[2019-12-09T05:14:22.958+0000][1][safepoint    ] Application time: 1.9355105 seconds
[2019-12-09T05:14:22.958+0000][1][safepoint    ] Entering safepoint region: Cleanup
[2019-12-09T05:14:22.958+0000][1][safepoint    ] Leaving safepoint region
[2019-12-09T05:14:22.958+0000][1][safepoint    ] Total time for which application threads were stopped: 0.0000764 seconds, Stopping threads took: 0.0000278 seconds
[2019-12-09T05:14:23.958+0000][1][safepoint    ] Application time: 1.0000763 seconds
[2019-12-09T05:14:23.958+0000][1][safepoint    ] Entering safepoint region: Cleanup
[2019-12-09T05:14:23.958+0000][1][safepoint    ] Leaving safepoint region
[2019-12-09T05:14:23.958+0000][1][safepoint    ] Total time for which application threads were stopped: 0.0000733 seconds, Stopping threads took: 0.0000238 seconds
[2019-12-09T05:14:24.958+0000][1][safepoint    ] Application time: 1.0000781 seconds
[2019-12-09T05:14:24.958+0000][1][safepoint    ] Entering safepoint region: Cleanup
[2019-12-09T05:14:24.958+0000][1][safepoint    ] Leaving safepoint region
[2019-12-09T05:14:24.958+0000][1][safepoint    ] Total time for which application threads were stopped: 0.0000666 seconds, Stopping threads took: 0.0000154 seconds
[2019-12-09T05:14:25.958+0000][1][safepoint    ] Application time: 1.0000757 seconds
[2019-12-09T05:14:25.958+0000][1][safepoint    ] Entering safepoint region: Cleanup
[2019-12-09T05:14:25.958+0000][1][safepoint    ] Leaving safepoint region
[2019-12-09T05:14:25.958+0000][1][safepoint    ] Total time for which application threads were stopped: 0.0000768 seconds, Stopping threads took: 0.0000136 seconds
[2019-12-09T05:14:26.958+0000][1][safepoint    ] Application time: 1.0000765 seconds
[2019-12-09T05:14:26.958+0000][1][safepoint    ] Entering safepoint region: Cleanup
[2019-12-09T05:14:26.959+0000][1][safepoint    ] Leaving safepoint region
[2019-12-09T05:14:26.959+0000][1][safepoint    ] Total time for which application threads were stopped: 0.0000662 seconds, Stopping threads took: 0.0000153 seconds
[2019-12-09T05:14:27.959+0000][1][safepoint    ] Application time: 1.0000859 seconds
[2019-12-09T05:14:27.959+0000][1][safepoint    ] Entering safepoint region: Cleanup
[2019-12-09T05:14:27.959+0000][1][safepoint    ] Leaving safepoint region
[2019-12-09T05:14:27.959+0000][1][safepoint    ] Total time for which application threads were stopped: 0.0001056 seconds, Stopping threads took: 0.0000364 seconds
[2019-12-09T05:14:28.959+0000][1][safepoint    ] Application time: 1.0000829 seconds
[2019-12-09T05:14:28.959+0000][1][safepoint    ] Entering safepoint region: Cleanup
[2019-12-09T05:14:28.959+0000][1][safepoint    ] Leaving safepoint region
[2019-12-09T05:14:28.959+0000][1][safepoint    ] Total time for which application threads were stopped: 0.0000797 seconds, Stopping threads took: 0.0000216 seconds
[2019-12-09T05:14:29.959+0000][1][safepoint    ] Application time: 1.0000780 seconds
[2019-12-09T05:14:29.959+0000][1][safepoint    ] Entering safepoint region: Cleanup
[2019-12-09T05:14:29.959+0000][1][safepoint    ] Leaving safepoint region
[2019-12-09T05:14:29.959+0000][1][safepoint    ] Total time for which application threads were stopped: 0.0000665 seconds, Stopping threads took: 0.0000156 seconds
[2019-12-09T05:14:30.959+0000][1][safepoint    ] Application time: 1.0000752 seconds
[2019-12-09T05:14:30.959+0000][1][safepoint    ] Entering safepoint region: Cleanup
[2019-12-09T05:14:30.959+0000][1][safepoint    ] Leaving safepoint region
[2019-12-09T05:14:30.959+0000][1][safepoint    ] Total time for which application threads were stopped: 0.0000649 seconds, Stopping threads took: 0.0000161 seconds
[2019-12-09T05:14:31.959+0000][1][safepoint    ] Application time: 1.0000748 seconds
[2019-12-09T05:14:31.959+0000][1][safepoint    ] Entering safepoint region: Cleanup
[2019-12-09T05:14:31.960+0000][1][safepoint    ] Leaving safepoint region
[2019-12-09T05:14:31.960+0000][1][safepoint    ] Total time for which application threads were stopped: 0.0000681 seconds, Stopping threads took: 0.0000179 seconds
[2019-12-09T05:14:32.960+0000][1][safepoint    ] Application time: 1.0000865 seconds
[2019-12-09T05:14:32.960+0000][1][safepoint    ] Entering safepoint region: Cleanup
[2019-12-09T05:14:32.960+0000][1][safepoint    ] Leaving safepoint region
[2019-12-09T05:14:32.960+0000][1][safepoint    ] Total time for which application threads were stopped: 0.0001326 seconds, Stopping threads took: 0.0000749 seconds
[2019-12-09T05:14:33.960+0000][1][safepoint    ] Application time: 1.0000849 seconds
[2019-12-09T05:14:33.960+0000][1][safepoint    ] Entering safepoint region: Cleanup
[2019-12-09T05:14:33.960+0000][1][safepoint    ] Leaving safepoint region
[2019-12-09T05:14:33.960+0000][1][safepoint    ] Total time for which application threads were stopped: 0.0000669 seconds, Stopping threads took: 0.0000159 seconds
[2019-12-09T05:14:34.960+0000][1][safepoint    ] Application time: 1.0000753 seconds
[2019-12-09T05:14:34.960+0000][1][safepoint    ] Entering safepoint region: Cleanup
[2019-12-09T05:14:34.960+0000][1][safepoint    ] Leaving safepoint region
[2019-12-09T05:14:34.960+0000][1][safepoint    ] Total time for which application threads were stopped: 0.0000679 seconds, Stopping threads took: 0.0000184 seconds
[2019-12-09T05:14:35.960+0000][1][safepoint    ] Application time: 1.0000740 seconds
[2019-12-09T05:14:35.960+0000][1][safepoint    ] Entering safepoint region: Cleanup
[2019-12-09T05:14:35.960+0000][1][safepoint    ] Leaving safepoint region
[2019-12-09T05:14:35.960+0000][1][safepoint    ] Total time for which application threads were stopped: 0.0000672 seconds, Stopping threads took: 0.0000172 seconds
[2019-12-09T05:14:36.960+0000][1][safepoint    ] Application time: 1.0000752 seconds
[2019-12-09T05:14:36.961+0000][1][safepoint    ] Entering safepoint region: Cleanup
[2019-12-09T05:14:36.961+0000][1][safepoint    ] Leaving safepoint region
[2019-12-09T05:14:36.961+0000][1][safepoint    ] Total time for which application threads were stopped: 0.0000651 seconds, Stopping threads took: 0.0000164 seconds
[2019-12-09T05:14:37.961+0000][1][safepoint    ] Application time: 1.0000749 seconds
[2019-12-09T05:14:37.961+0000][1][safepoint    ] Entering safepoint region: Cleanup
[2019-12-09T05:14:37.961+0000][1][safepoint    ] Leaving safepoint region
[2019-12-09T05:14:37.961+0000][1][safepoint    ] Total time for which application threads were stopped: 0.0000803 seconds, Stopping threads took: 0.0000304 seconds
[2019-12-09T05:14:38.961+0000][1][safepoint    ] Application time: 1.0000840 seconds
[2019-12-09T05:14:38.961+0000][1][safepoint    ] Entering safepoint region: Cleanup
[2019-12-09T05:14:38.961+0000][1][safepoint    ] Leaving safepoint region
[2019-12-09T05:14:38.961+0000][1][safepoint    ] Total time for which application threads were stopped: 0.0000674 seconds, Stopping threads took: 0.0000171 seconds
[2019-12-09T05:14:39.961+0000][1][safepoint    ] Application time: 1.0000780 seconds
[2019-12-09T05:14:39.961+0000][1][safepoint    ] Entering safepoint region: Cleanup
[2019-12-09T05:14:39.961+0000][1][safepoint    ] Leaving safepoint region
[2019-12-09T05:14:39.961+0000][1][safepoint    ] Total time for which application threads were stopped: 0.0000643 seconds, Stopping threads took: 0.0000167 seconds
[2019-12-09T05:14:40.961+0000][1][safepoint    ] Application time: 1.0000782 seconds
[2019-12-09T05:14:40.961+0000][1][safepoint    ] Entering safepoint region: Cleanup
[2019-12-09T05:14:40.961+0000][1][safepoint    ] Leaving safepoint region
[2019-12-09T05:14:40.961+0000][1][safepoint    ] Total time for which application threads were stopped: 0.0000685 seconds, Stopping threads took: 0.0000194 seconds
[2019-12-09T05:14:41.961+0000][1][safepoint    ] Application time: 1.0000761 seconds
[2019-12-09T05:14:41.961+0000][1][safepoint    ] Entering safepoint region: Cleanup
[2019-12-09T05:14:41.962+0000][1][safepoint    ] Leaving safepoint region
[2019-12-09T05:14:41.962+0000][1][safepoint    ] Total time for which application threads were stopped: 0.0000691 seconds, Stopping threads took: 0.0000167 seconds
[2019-12-09T05:14:42.962+0000][1][safepoint    ] Application time: 1.0000803 seconds
[2019-12-09T05:14:42.962+0000][1][safepoint    ] Entering safepoint region: Cleanup
[2019-12-09T05:14:42.962+0000][1][safepoint    ] Leaving safepoint region
[2019-12-09T05:14:42.962+0000][1][safepoint    ] Total time for which application threads were stopped: 0.0000760 seconds, Stopping threads took: 0.0000259 seconds
[2019-12-09T05:14:43.962+0000][1][safepoint    ] Application time: 1.0000775 seconds
[2019-12-09T05:14:43.962+0000][1][safepoint    ] Entering safepoint region: Cleanup
[2019-12-09T05:14:43.962+0000][1][safepoint    ] Leaving safepoint region
[2019-12-09T05:14:43.962+0000][1][safepoint    ] Total time for which application threads were stopped: 0.0000687 seconds, Stopping threads took: 0.0000175 seconds
[2019-12-09T05:14:44.962+0000][1][safepoint    ] Application time: 1.0000769 seconds
[2019-12-09T05:14:44.962+0000][1][safepoint    ] Entering safepoint region: Cleanup
[2019-12-09T05:14:44.962+0000][1][safepoint    ] Leaving safepoint region
[2019-12-09T05:14:44.962+0000][1][safepoint    ] Total time for which application threads were stopped: 0.0000666 seconds, Stopping threads took: 0.0000174 seconds
[2019-12-09T05:14:45.962+0000][1][safepoint    ] Application time: 1.0000764 seconds
[2019-12-09T05:14:45.962+0000][1][safepoint    ] Entering safepoint region: Cleanup
[2019-12-09T05:14:45.962+0000][1][safepoint    ] Leaving safepoint region
[2019-12-09T05:14:45.962+0000][1][safepoint    ] Total time for which application threads were stopped: 0.0000657 seconds, Stopping threads took: 0.0000169 seconds
[2019-12-09T05:14:46.962+0000][1][safepoint    ] Application time: 1.0000763 seconds
[2019-12-09T05:14:46.962+0000][1][safepoint    ] Entering safepoint region: Cleanup
[2019-12-09T05:14:46.962+0000][1][safepoint    ] Leaving safepoint region
[2019-12-09T05:14:46.962+0000][1][safepoint    ] Total time for which application threads were stopped: 0.0000663 seconds, Stopping threads took: 0.0000163 seconds
[2019-12-09T05:14:47.963+0000][1][safepoint    ] Application time: 1.0000770 seconds
[2019-12-09T05:14:47.963+0000][1][safepoint    ] Entering safepoint region: Cleanup
[2019-12-09T05:14:47.963+0000][1][safepoint    ] Leaving safepoint region
[2019-12-09T05:14:47.963+0000][1][safepoint    ] Total time for which application threads were stopped: 0.0000859 seconds, Stopping threads took: 0.0000252 seconds
[2019-12-09T05:14:48.963+0000][1][safepoint    ] Application time: 1.0000771 seconds
[2019-12-09T05:14:48.963+0000][1][safepoint    ] Entering safepoint region: Cleanup
[2019-12-09T05:14:48.963+0000][1][safepoint    ] Leaving safepoint region
[2019-12-09T05:14:48.963+0000][1][safepoint    ] Total time for which application threads were stopped: 0.0000671 seconds, Stopping threads took: 0.0000165 seconds
[2019-12-09T05:14:49.963+0000][1][safepoint    ] Application time: 1.0000759 seconds
[2019-12-09T05:14:49.963+0000][1][safepoint    ] Entering safepoint region: Cleanup
[2019-12-09T05:14:49.963+0000][1][safepoint    ] Leaving safepoint region
[2019-12-09T05:14:49.963+0000][1][safepoint    ] Total time for which application threads were stopped: 0.0000656 seconds, Stopping threads took: 0.0000170 seconds
[2019-12-09T05:14:50.963+0000][1][safepoint    ] Application time: 1.0000761 seconds
[2019-12-09T05:14:50.963+0000][1][safepoint    ] Entering safepoint region: Cleanup
[2019-12-09T05:14:50.963+0000][1][safepoint    ] Leaving safepoint region
[2019-12-09T05:14:50.963+0000][1][safepoint    ] Total time for which application threads were stopped: 0.0000673 seconds, Stopping threads took: 0.0000170 seconds
[2019-12-09T05:14:51.963+0000][1][safepoint    ] Application time: 1.0000762 seconds
[2019-12-09T05:14:51.963+0000][1][safepoint    ] Entering safepoint region: Cleanup
[2019-12-09T05:14:51.963+0000][1][safepoint    ] Leaving safepoint region
[2019-12-09T05:14:51.963+0000][1][safepoint    ] Total time for which application threads were stopped: 0.0000666 seconds, Stopping threads took: 0.0000165 seconds
[2019-12-09T05:14:52.964+0000][1][safepoint    ] Application time: 1.0000759 seconds
[2019-12-09T05:14:52.964+0000][1][safepoint    ] Entering safepoint region: Cleanup
[2019-12-09T05:14:52.964+0000][1][safepoint    ] Leaving safepoint region
[2019-12-09T05:14:52.964+0000][1][safepoint    ] Total time for which application threads were stopped: 0.0000670 seconds, Stopping threads took: 0.0000179 seconds
[2019-12-09T05:14:53.964+0000][1][safepoint    ] Application time: 1.0000753 seconds
[2019-12-09T05:14:53.964+0000][1][safepoint    ] Entering safepoint region: Cleanup
[2019-12-09T05:14:53.964+0000][1][safepoint    ] Leaving safepoint region
[2019-12-09T05:14:53.964+0000][1][safepoint    ] Total time for which application threads were stopped: 0.0000759 seconds, Stopping threads took: 0.0000260 seconds
[2019-12-09T05:14:54.964+0000][1][safepoint    ] Application time: 1.0000756 seconds
[2019-12-09T05:14:54.964+0000][1][safepoint    ] Entering safepoint region: Cleanup
[2019-12-09T05:14:54.964+0000][1][safepoint    ] Leaving safepoint region
[2019-12-09T05:14:54.964+0000][1][safepoint    ] Total time for which application threads were stopped: 0.0000681 seconds, Stopping threads took: 0.0000180 seconds
[2019-12-09T05:14:55.964+0000][1][safepoint    ] Application time: 1.0000765 seconds
[2019-12-09T05:14:55.964+0000][1][safepoint    ] Entering safepoint region: Cleanup
[2019-12-09T05:14:55.964+0000][1][safepoint    ] Leaving safepoint region
[2019-12-09T05:14:55.964+0000][1][safepoint    ] Total time for which application threads were stopped: 0.0000682 seconds, Stopping threads took: 0.0000172 seconds
[2019-12-09T05:14:56.964+0000][1][safepoint    ] Application time: 1.0000751 seconds
[2019-12-09T05:14:56.964+0000][1][safepoint    ] Entering safepoint region: Cleanup
[2019-12-09T05:14:56.964+0000][1][safepoint    ] Leaving safepoint region
[2019-12-09T05:14:56.964+0000][1][safepoint    ] Total time for which application threads were stopped: 0.0000701 seconds, Stopping threads took: 0.0000199 seconds
[2019-12-09T05:14:57.964+0000][1][safepoint    ] Application time: 1.0000754 seconds
[2019-12-09T05:14:57.965+0000][1][safepoint    ] Entering safepoint region: Cleanup
[2019-12-09T05:14:57.965+0000][1][safepoint    ] Leaving safepoint region
[2019-12-09T05:14:57.965+0000][1][safepoint    ] Total time for which application threads were stopped: 0.0000743 seconds, Stopping threads took: 0.0000254 seconds
[2019-12-09T05:14:58.965+0000][1][safepoint    ] Application time: 1.0000752 seconds
[2019-12-09T05:14:58.965+0000][1][safepoint    ] Entering safepoint region: Cleanup
[2019-12-09T05:14:58.965+0000][1][safepoint    ] Leaving safepoint region
[2019-12-09T05:14:58.965+0000][1][safepoint    ] Total time for which application threads were stopped: 0.0000665 seconds, Stopping threads took: 0.0000182 seconds
[2019-12-09T05:14:59.965+0000][1][safepoint    ] Application time: 1.0000773 seconds
[2019-12-09T05:14:59.965+0000][1][safepoint    ] Entering safepoint region: Cleanup
[2019-12-09T05:14:59.965+0000][1][safepoint    ] Leaving safepoint region
[2019-12-09T05:14:59.965+0000][1][safepoint    ] Total time for which application threads were stopped: 0.0000654 seconds, Stopping threads took: 0.0000159 seconds
[2019-12-09T05:15:00.965+0000][1][safepoint    ] Application time: 1.0000759 seconds
[2019-12-09T05:15:00.965+0000][1][safepoint    ] Entering safepoint region: Cleanup
[2019-12-09T05:15:00.965+0000][1][safepoint    ] Leaving safepoint region
[2019-12-09T05:15:00.965+0000][1][safepoint    ] Total time for which application threads were stopped: 0.0000653 seconds, Stopping threads took: 0.0000167 seconds
[2019-12-09T05:15:01.965+0000][1][safepoint    ] Application time: 1.0000903 seconds
[2019-12-09T05:15:01.965+0000][1][safepoint    ] Entering safepoint region: Cleanup
[2019-12-09T05:15:01.965+0000][1][safepoint    ] Leaving safepoint region
[2019-12-09T05:15:01.965+0000][1][safepoint    ] Total time for which application threads were stopped: 0.0000905 seconds, Stopping threads took: 0.0000246 seconds
[2019-12-09T05:15:02.965+0000][1][safepoint    ] Application time: 1.0000760 seconds
[2019-12-09T05:15:02.966+0000][1][safepoint    ] Entering safepoint region: Cleanup
[2019-12-09T05:15:02.966+0000][1][safepoint    ] Leaving safepoint region
[2019-12-09T05:15:02.966+0000][1][safepoint    ] Total time for which application threads were stopped: 0.0000656 seconds, Stopping threads took: 0.0000163 seconds
[2019-12-09T05:15:03.966+0000][1][safepoint    ] Application time: 1.0000763 seconds
[2019-12-09T05:15:03.966+0000][1][safepoint    ] Entering safepoint region: Cleanup
[2019-12-09T05:15:03.966+0000][1][safepoint    ] Leaving safepoint region
[2019-12-09T05:15:03.966+0000][1][safepoint    ] Total time for which application threads were stopped: 0.0000684 seconds, Stopping threads took: 0.0000179 seconds
[2019-12-09T05:15:04.966+0000][1][safepoint    ] Application time: 1.0000761 seconds
[2019-12-09T05:15:04.966+0000][1][safepoint    ] Entering safepoint region: Cleanup
[2019-12-09T05:15:04.966+0000][1][safepoint    ] Leaving safepoint region
[2019-12-09T05:15:04.966+0000][1][safepoint    ] Total time for which application threads were stopped: 0.0000661 seconds, Stopping threads took: 0.0000165 seconds
[2019-12-09T05:15:05.966+0000][1][safepoint    ] Application time: 1.0000762 seconds
[2019-12-09T05:15:05.966+0000][1][safepoint    ] Entering safepoint region: Cleanup
[2019-12-09T05:15:05.966+0000][1][safepoint    ] Leaving safepoint region
[2019-12-09T05:15:05.966+0000][1][safepoint    ] Total time for which application threads were stopped: 0.0000662 seconds, Stopping threads took: 0.0000173 seconds
[2019-12-09T05:15:06.966+0000][1][safepoint    ] Application time: 1.0000776 seconds
[2019-12-09T05:15:06.966+0000][1][safepoint    ] Entering safepoint region: Cleanup
[2019-12-09T05:15:06.966+0000][1][safepoint    ] Leaving safepoint region
[2019-12-09T05:15:06.966+0000][1][safepoint    ] Total time for which application threads were stopped: 0.0000681 seconds, Stopping threads took: 0.0000171 seconds
[2019-12-09T05:15:07.966+0000][1][safepoint    ] Application time: 1.0000759 seconds
[2019-12-09T05:15:07.966+0000][1][safepoint    ] Entering safepoint region: Cleanup
[2019-12-09T05:15:07.966+0000][1][safepoint    ] Leaving safepoint region
[2019-12-09T05:15:07.967+0000][1][safepoint    ] Total time for which application threads were stopped: 0.0000762 seconds, Stopping threads took: 0.0000177 seconds
[2019-12-09T05:15:08.967+0000][1][safepoint    ] Application time: 1.0000776 seconds
[2019-12-09T05:15:08.967+0000][1][safepoint    ] Entering safepoint region: Cleanup
[2019-12-09T05:15:08.967+0000][1][safepoint    ] Leaving safepoint region
[2019-12-09T05:15:08.967+0000][1][safepoint    ] Total time for which application threads were stopped: 0.0000829 seconds, Stopping threads took: 0.0000227 seconds
[2019-12-09T05:15:09.967+0000][1][safepoint    ] Application time: 1.0000776 seconds
[2019-12-09T05:15:09.967+0000][1][safepoint    ] Entering safepoint region: Cleanup
[2019-12-09T05:15:09.967+0000][1][safepoint    ] Leaving safepoint region
[2019-12-09T05:15:09.967+0000][1][safepoint    ] Total time for which application threads were stopped: 0.0000672 seconds, Stopping threads took: 0.0000173 seconds
[2019-12-09T05:15:10.967+0000][1][safepoint    ] Application time: 1.0000759 seconds
[2019-12-09T05:15:10.967+0000][1][safepoint    ] Entering safepoint region: Cleanup
[2019-12-09T05:15:10.967+0000][1][safepoint    ] Leaving safepoint region
[2019-12-09T05:15:10.967+0000][1][safepoint    ] Total time for which application threads were stopped: 0.0000654 seconds, Stopping threads took: 0.0000172 seconds
[2019-12-09T05:15:11.967+0000][1][safepoint    ] Application time: 1.0000742 seconds
[2019-12-09T05:15:11.967+0000][1][safepoint    ] Entering safepoint region: Cleanup
[2019-12-09T05:15:11.967+0000][1][safepoint    ] Leaving safepoint region
[2019-12-09T05:15:11.967+0000][1][safepoint    ] Total time for which application threads were stopped: 0.0000684 seconds, Stopping threads took: 0.0000175 seconds
[2019-12-09T05:15:12.967+0000][1][safepoint    ] Application time: 1.0000774 seconds
[2019-12-09T05:15:12.967+0000][1][safepoint    ] Entering safepoint region: Cleanup
[2019-12-09T05:15:12.967+0000][1][safepoint    ] Leaving safepoint region
[2019-12-09T05:15:12.967+0000][1][safepoint    ] Total time for which application threads were stopped: 0.0000690 seconds, Stopping threads took: 0.0000179 seconds
[2019-12-09T05:15:12.974+0000][1][safepoint    ] Application time: 0.0068827 seconds
[2019-12-09T05:15:12.974+0000][1][safepoint    ] Entering safepoint region: GenCollectForAllocation
[2019-12-09T05:15:12.974+0000][1][gc,start     ] GC(65) Pause Young (Allocation Failure)
[2019-12-09T05:15:12.974+0000][1][gc,task      ] GC(65) Using 2 workers of 2 for evacuation
[2019-12-09T05:15:12.976+0000][1][gc,age       ] GC(65) Desired survivor size 4456448 bytes, new threshold 6 (max threshold 6)
[2019-12-09T05:15:12.976+0000][1][gc,age       ] GC(65) Age table with threshold 6 (max threshold 6)
[2019-12-09T05:15:12.976+0000][1][gc,age       ] GC(65) - age   1:       2872 bytes,       2872 total
[2019-12-09T05:15:12.976+0000][1][gc,age       ] GC(65) - age   6:        584 bytes,       3456 total
[2019-12-09T05:15:12.976+0000][1][gc,heap      ] GC(65) ParNew: 69958K->6K(78656K)
[2019-12-09T05:15:12.976+0000][1][gc,heap      ] GC(65) CMS: 69353K->69353K(174784K)
[2019-12-09T05:15:12.976+0000][1][gc,metaspace ] GC(65) Metaspace: 68453K->68453K(1112064K)
[2019-12-09T05:15:12.976+0000][1][gc           ] GC(65) Pause Young (Allocation Failure) 136M->67M(247M) 1.336ms
[2019-12-09T05:15:12.976+0000][1][gc,cpu       ] GC(65) User=0.00s Sys=0.00s Real=0.01s
[2019-12-09T05:15:12.976+0000][1][safepoint    ] Leaving safepoint region
[2019-12-09T05:15:12.976+0000][1][safepoint    ] Total time for which application threads were stopped: 0.0014457 seconds, Stopping threads took: 0.0000119 seconds
[2019-12-09T05:15:13.976+0000][1][safepoint    ] Application time: 1.0000881 seconds
[2019-12-09T05:15:13.976+0000][1][safepoint    ] Entering safepoint region: Cleanup
[2019-12-09T05:15:13.976+0000][1][safepoint    ] Leaving safepoint region
[2019-12-09T05:15:13.976+0000][1][safepoint    ] Total time for which application threads were stopped: 0.0000639 seconds, Stopping threads took: 0.0000157 seconds
[2019-12-09T05:15:14.976+0000][1][safepoint    ] Application time: 1.0000761 seconds
[2019-12-09T05:15:14.976+0000][1][safepoint    ] Entering safepoint region: Cleanup
[2019-12-09T05:15:14.976+0000][1][safepoint    ] Leaving safepoint region
[2019-12-09T05:15:14.976+0000][1][safepoint    ] Total time for which application threads were stopped: 0.0000616 seconds, Stopping threads took: 0.0000143 seconds
[2019-12-09T05:15:15.976+0000][1][safepoint    ] Application time: 1.0000744 seconds
[2019-12-09T05:15:15.976+0000][1][safepoint    ] Entering safepoint region: Cleanup
[2019-12-09T05:15:15.976+0000][1][safepoint    ] Leaving safepoint region
[2019-12-09T05:15:15.976+0000][1][safepoint    ] Total time for which application threads were stopped: 0.0000635 seconds, Stopping threads took: 0.0000155 seconds
[2019-12-09T05:15:16.976+0000][1][safepoint    ] Application time: 1.0000755 seconds
[2019-12-09T05:15:16.977+0000][1][safepoint    ] Entering safepoint region: Cleanup
[2019-12-09T05:15:16.977+0000][1][safepoint    ] Leaving safepoint region
[2019-12-09T05:15:16.977+0000][1][safepoint    ] Total time for which application threads were stopped: 0.0000639 seconds, Stopping threads took: 0.0000143 seconds
[2019-12-09T05:15:17.977+0000][1][safepoint    ] Application time: 1.0000713 seconds
[2019-12-09T05:15:17.977+0000][1][safepoint    ] Entering safepoint region: Cleanup
[2019-12-09T05:15:17.977+0000][1][safepoint    ] Leaving safepoint region
[2019-12-09T05:15:17.977+0000][1][safepoint    ] Total time for which application threads were stopped: 0.0000622 seconds, Stopping threads took: 0.0000152 seconds
[2019-12-09T05:15:18.977+0000][1][safepoint    ] Application time: 1.0000819 seconds
[2019-12-09T05:15:18.977+0000][1][safepoint    ] Entering safepoint region: Cleanup
[2019-12-09T05:15:18.977+0000][1][safepoint    ] Leaving safepoint region
[2019-12-09T05:15:18.977+0000][1][safepoint    ] Total time for which application threads were stopped: 0.0000638 seconds, Stopping threads took: 0.0000154 seconds
[2019-12-09T05:15:19.977+0000][1][safepoint    ] Application time: 1.0000858 seconds
[2019-12-09T05:15:19.977+0000][1][safepoint    ] Entering safepoint region: Cleanup
[2019-12-09T05:15:19.977+0000][1][safepoint    ] Leaving safepoint region
[2019-12-09T05:15:19.977+0000][1][safepoint    ] Total time for which application threads were stopped: 0.0000652 seconds, Stopping threads took: 0.0000175 seconds
[2019-12-09T05:15:20.977+0000][1][safepoint    ] Application time: 1.0000849 seconds
[2019-12-09T05:15:20.977+0000][1][safepoint    ] Entering safepoint region: Cleanup
[2019-12-09T05:15:20.977+0000][1][safepoint    ] Leaving safepoint region
[2019-12-09T05:15:20.977+0000][1][safepoint    ] Total time for which application threads were stopped: 0.0000625 seconds, Stopping threads took: 0.0000143 seconds
[2019-12-09T05:15:21.977+0000][1][safepoint    ] Application time: 1.0000768 seconds
[2019-12-09T05:15:21.977+0000][1][safepoint    ] Entering safepoint region: Cleanup
[2019-12-09T05:15:21.978+0000][1][safepoint    ] Leaving safepoint region
[2019-12-09T05:15:21.978+0000][1][safepoint    ] Total time for which application threads were stopped: 0.0000622 seconds, Stopping threads took: 0.0000142 seconds
[2019-12-09T05:15:22.978+0000][1][safepoint    ] Application time: 1.0000887 seconds
[2019-12-09T05:15:22.978+0000][1][safepoint    ] Entering safepoint region: Cleanup
[2019-12-09T05:15:22.978+0000][1][safepoint    ] Leaving safepoint region
[2019-12-09T05:15:22.978+0000][1][safepoint    ] Total time for which application threads were stopped: 0.0001312 seconds, Stopping threads took: 0.0000792 seconds
[2019-12-09T05:15:23.978+0000][1][safepoint    ] Application time: 1.0000863 seconds
[2019-12-09T05:15:23.978+0000][1][safepoint    ] Entering safepoint region: Cleanup
[2019-12-09T05:15:23.978+0000][1][safepoint    ] Leaving safepoint region
[2019-12-09T05:15:23.978+0000][1][safepoint    ] Total time for which application threads were stopped: 0.0000745 seconds, Stopping threads took: 0.0000216 seconds
[2019-12-09T05:15:24.978+0000][1][safepoint    ] Application time: 1.0000844 seconds
[2019-12-09T05:15:24.978+0000][1][safepoint    ] Entering safepoint region: Cleanup
[2019-12-09T05:15:24.978+0000][1][safepoint    ] Leaving safepoint region
[2019-12-09T05:15:24.978+0000][1][safepoint    ] Total time for which application threads were stopped: 0.0001046 seconds, Stopping threads took: 0.0000513 seconds
[2019-12-09T05:15:25.978+0000][1][safepoint    ] Application time: 1.0000858 seconds
[2019-12-09T05:15:25.978+0000][1][safepoint    ] Entering safepoint region: Cleanup
[2019-12-09T05:15:25.978+0000][1][safepoint    ] Leaving safepoint region
[2019-12-09T05:15:25.978+0000][1][safepoint    ] Total time for which application threads were stopped: 0.0000688 seconds, Stopping threads took: 0.0000184 seconds
[2019-12-09T05:15:26.979+0000][1][safepoint    ] Application time: 1.0000783 seconds
[2019-12-09T05:15:26.979+0000][1][safepoint    ] Entering safepoint region: Cleanup
[2019-12-09T05:15:26.979+0000][1][safepoint    ] Leaving safepoint region
[2019-12-09T05:15:26.979+0000][1][safepoint    ] Total time for which application threads were stopped: 0.0000649 seconds, Stopping threads took: 0.0000156 seconds
[2019-12-09T05:15:27.979+0000][1][safepoint    ] Application time: 1.0000832 seconds
[2019-12-09T05:15:27.979+0000][1][safepoint    ] Entering safepoint region: Cleanup
[2019-12-09T05:15:27.979+0000][1][safepoint    ] Leaving safepoint region
[2019-12-09T05:15:27.979+0000][1][safepoint    ] Total time for which application threads were stopped: 0.0001060 seconds, Stopping threads took: 0.0000488 seconds
[2019-12-09T05:15:28.979+0000][1][safepoint    ] Application time: 1.0000885 seconds
[2019-12-09T05:15:28.979+0000][1][safepoint    ] Entering safepoint region: Cleanup
[2019-12-09T05:15:28.979+0000][1][safepoint    ] Leaving safepoint region
[2019-12-09T05:15:28.979+0000][1][safepoint    ] Total time for which application threads were stopped: 0.0000668 seconds, Stopping threads took: 0.0000171 seconds
[2019-12-09T05:15:29.979+0000][1][safepoint    ] Application time: 1.0000784 seconds
[2019-12-09T05:15:29.979+0000][1][safepoint    ] Entering safepoint region: Cleanup
[2019-12-09T05:15:29.979+0000][1][safepoint    ] Leaving safepoint region
[2019-12-09T05:15:29.979+0000][1][safepoint    ] Total time for which application threads were stopped: 0.0000698 seconds, Stopping threads took: 0.0000177 seconds
[2019-12-09T05:15:30.979+0000][1][safepoint    ] Application time: 1.0000766 seconds
[2019-12-09T05:15:30.979+0000][1][safepoint    ] Entering safepoint region: Cleanup
[2019-12-09T05:15:30.979+0000][1][safepoint    ] Leaving safepoint region
[2019-12-09T05:15:30.979+0000][1][safepoint    ] Total time for which application threads were stopped: 0.0000666 seconds, Stopping threads took: 0.0000170 seconds
[2019-12-09T05:15:31.980+0000][1][safepoint    ] Application time: 1.0000768 seconds
[2019-12-09T05:15:31.980+0000][1][safepoint    ] Entering safepoint region: Cleanup
[2019-12-09T05:15:31.980+0000][1][safepoint    ] Leaving safepoint region
[2019-12-09T05:15:31.980+0000][1][safepoint    ] Total time for which application threads were stopped: 0.0000657 seconds, Stopping threads took: 0.0000174 seconds
[2019-12-09T05:15:32.980+0000][1][safepoint    ] Application time: 1.0000822 seconds
[2019-12-09T05:15:32.980+0000][1][safepoint    ] Entering safepoint region: Cleanup
[2019-12-09T05:15:32.980+0000][1][safepoint    ] Leaving safepoint region
[2019-12-09T05:15:32.980+0000][1][safepoint    ] Total time for which application threads were stopped: 0.0001039 seconds, Stopping threads took: 0.0000502 seconds
[2019-12-09T05:15:33.980+0000][1][safepoint    ] Application time: 1.0000852 seconds
[2019-12-09T05:15:33.980+0000][1][safepoint    ] Entering safepoint region: Cleanup
[2019-12-09T05:15:33.980+0000][1][safepoint    ] Leaving safepoint region
[2019-12-09T05:15:33.980+0000][1][safepoint    ] Total time for which application threads were stopped: 0.0000654 seconds, Stopping threads took: 0.0000167 seconds
[2019-12-09T05:15:34.980+0000][1][safepoint    ] Application time: 1.0000750 seconds
[2019-12-09T05:15:34.980+0000][1][safepoint    ] Entering safepoint region: Cleanup
[2019-12-09T05:15:34.980+0000][1][safepoint    ] Leaving safepoint region
[2019-12-09T05:15:34.980+0000][1][safepoint    ] Total time for which application threads were stopped: 0.0000651 seconds, Stopping threads took: 0.0000166 seconds
[2019-12-09T05:15:35.980+0000][1][safepoint    ] Application time: 1.0000755 seconds
[2019-12-09T05:15:35.980+0000][1][safepoint    ] Entering safepoint region: Cleanup
[2019-12-09T05:15:35.980+0000][1][safepoint    ] Leaving safepoint region
[2019-12-09T05:15:35.980+0000][1][safepoint    ] Total time for which application threads were stopped: 0.0000661 seconds, Stopping threads took: 0.0000164 seconds
[2019-12-09T05:15:36.981+0000][1][safepoint    ] Application time: 1.0000771 seconds
[2019-12-09T05:15:36.981+0000][1][safepoint    ] Entering safepoint region: Cleanup
[2019-12-09T05:15:36.981+0000][1][safepoint    ] Leaving safepoint region
[2019-12-09T05:15:36.981+0000][1][safepoint    ] Total time for which application threads were stopped: 0.0000675 seconds, Stopping threads took: 0.0000173 seconds
[2019-12-09T05:15:37.981+0000][1][safepoint    ] Application time: 1.0000751 seconds
[2019-12-09T05:15:37.981+0000][1][safepoint    ] Entering safepoint region: Cleanup
[2019-12-09T05:15:37.981+0000][1][safepoint    ] Leaving safepoint region
[2019-12-09T05:15:37.981+0000][1][safepoint    ] Total time for which application threads were stopped: 0.0000665 seconds, Stopping threads took: 0.0000162 seconds
[2019-12-09T05:15:38.981+0000][1][safepoint    ] Application time: 1.0000759 seconds
[2019-12-09T05:15:38.981+0000][1][safepoint    ] Entering safepoint region: Cleanup
[2019-12-09T05:15:38.981+0000][1][safepoint    ] Leaving safepoint region
[2019-12-09T05:15:38.981+0000][1][safepoint    ] Total time for which application threads were stopped: 0.0000741 seconds, Stopping threads took: 0.0000237 seconds
[2019-12-09T05:15:39.981+0000][1][safepoint    ] Application time: 1.0000770 seconds
[2019-12-09T05:15:39.981+0000][1][safepoint    ] Entering safepoint region: Cleanup
[2019-12-09T05:15:39.981+0000][1][safepoint    ] Leaving safepoint region
[2019-12-09T05:15:39.981+0000][1][safepoint    ] Total time for which application threads were stopped: 0.0000659 seconds, Stopping threads took: 0.0000166 seconds
[2019-12-09T05:15:40.981+0000][1][safepoint    ] Application time: 1.0000771 seconds
[2019-12-09T05:15:40.981+0000][1][safepoint    ] Entering safepoint region: Cleanup
[2019-12-09T05:15:40.981+0000][1][safepoint    ] Leaving safepoint region
[2019-12-09T05:15:40.981+0000][1][safepoint    ] Total time for which application threads were stopped: 0.0000676 seconds, Stopping threads took: 0.0000181 seconds
[2019-12-09T05:15:41.981+0000][1][safepoint    ] Application time: 1.0000759 seconds
[2019-12-09T05:15:41.982+0000][1][safepoint    ] Entering safepoint region: Cleanup
[2019-12-09T05:15:41.982+0000][1][safepoint    ] Leaving safepoint region
[2019-12-09T05:15:41.982+0000][1][safepoint    ] Total time for which application threads were stopped: 0.0000716 seconds, Stopping threads took: 0.0000215 seconds
[2019-12-09T05:15:42.982+0000][1][safepoint    ] Application time: 1.0000852 seconds
[2019-12-09T05:15:42.982+0000][1][safepoint    ] Entering safepoint region: Cleanup
[2019-12-09T05:15:42.982+0000][1][safepoint    ] Leaving safepoint region
[2019-12-09T05:15:42.982+0000][1][safepoint    ] Total time for which application threads were stopped: 0.0000676 seconds, Stopping threads took: 0.0000176 seconds
[2019-12-09T05:15:43.982+0000][1][safepoint    ] Application time: 1.0000790 seconds
[2019-12-09T05:15:43.982+0000][1][safepoint    ] Entering safepoint region: Cleanup
[2019-12-09T05:15:43.982+0000][1][safepoint    ] Leaving safepoint region
[2019-12-09T05:15:43.982+0000][1][safepoint    ] Total time for which application threads were stopped: 0.0000665 seconds, Stopping threads took: 0.0000168 seconds
[2019-12-09T05:15:44.982+0000][1][safepoint    ] Application time: 1.0000759 seconds
[2019-12-09T05:15:44.982+0000][1][safepoint    ] Entering safepoint region: Cleanup
[2019-12-09T05:15:44.982+0000][1][safepoint    ] Leaving safepoint region
[2019-12-09T05:15:44.982+0000][1][safepoint    ] Total time for which application threads were stopped: 0.0000680 seconds, Stopping threads took: 0.0000191 seconds
[2019-12-09T05:15:45.982+0000][1][safepoint    ] Application time: 1.0000757 seconds
[2019-12-09T05:15:45.982+0000][1][safepoint    ] Entering safepoint region: Cleanup
[2019-12-09T05:15:45.982+0000][1][safepoint    ] Leaving safepoint region
[2019-12-09T05:15:45.982+0000][1][safepoint    ] Total time for which application threads were stopped: 0.0000669 seconds, Stopping threads took: 0.0000173 seconds
[2019-12-09T05:15:46.982+0000][1][safepoint    ] Application time: 1.0000769 seconds
[2019-12-09T05:15:46.983+0000][1][safepoint    ] Entering safepoint region: Cleanup
[2019-12-09T05:15:46.983+0000][1][safepoint    ] Leaving safepoint region
[2019-12-09T05:15:46.983+0000][1][safepoint    ] Total time for which application threads were stopped: 0.0000680 seconds, Stopping threads took: 0.0000167 seconds
[2019-12-09T05:15:47.983+0000][1][safepoint    ] Application time: 1.0000472 seconds
[2019-12-09T05:15:47.983+0000][1][safepoint    ] Entering safepoint region: Cleanup
[2019-12-09T05:15:47.983+0000][1][safepoint    ] Leaving safepoint region
[2019-12-09T05:15:47.983+0000][1][safepoint    ] Total time for which application threads were stopped: 0.0000782 seconds, Stopping threads took: 0.0000179 seconds
[2019-12-09T05:15:48.983+0000][1][safepoint    ] Application time: 1.0000762 seconds
[2019-12-09T05:15:48.983+0000][1][safepoint    ] Entering safepoint region: Cleanup
[2019-12-09T05:15:48.983+0000][1][safepoint    ] Leaving safepoint region
[2019-12-09T05:15:48.983+0000][1][safepoint    ] Total time for which application threads were stopped: 0.0000642 seconds, Stopping threads took: 0.0000160 seconds
[2019-12-09T05:15:49.983+0000][1][safepoint    ] Application time: 1.0000767 seconds
[2019-12-09T05:15:49.983+0000][1][safepoint    ] Entering safepoint region: Cleanup
[2019-12-09T05:15:49.983+0000][1][safepoint    ] Leaving safepoint region
[2019-12-09T05:15:49.983+0000][1][safepoint    ] Total time for which application threads were stopped: 0.0000678 seconds, Stopping threads took: 0.0000169 seconds
[2019-12-09T05:15:50.983+0000][1][safepoint    ] Application time: 1.0000751 seconds
[2019-12-09T05:15:50.983+0000][1][safepoint    ] Entering safepoint region: Cleanup
[2019-12-09T05:15:50.983+0000][1][safepoint    ] Leaving safepoint region
[2019-12-09T05:15:50.983+0000][1][safepoint    ] Total time for which application threads were stopped: 0.0000702 seconds, Stopping threads took: 0.0000194 seconds
[2019-12-09T05:15:51.983+0000][1][safepoint    ] Application time: 1.0000781 seconds
[2019-12-09T05:15:51.983+0000][1][safepoint    ] Entering safepoint region: Cleanup
[2019-12-09T05:15:51.983+0000][1][safepoint    ] Leaving safepoint region
[2019-12-09T05:15:51.983+0000][1][safepoint    ] Total time for which application threads were stopped: 0.0000688 seconds, Stopping threads took: 0.0000173 seconds
[2019-12-09T05:15:52.984+0000][1][safepoint    ] Application time: 1.0000766 seconds
[2019-12-09T05:15:52.984+0000][1][safepoint    ] Entering safepoint region: Cleanup
[2019-12-09T05:15:52.984+0000][1][safepoint    ] Leaving safepoint region
[2019-12-09T05:15:52.984+0000][1][safepoint    ] Total time for which application threads were stopped: 0.0000685 seconds, Stopping threads took: 0.0000181 seconds
[2019-12-09T05:15:53.984+0000][1][safepoint    ] Application time: 1.0000890 seconds
[2019-12-09T05:15:53.984+0000][1][safepoint    ] Entering safepoint region: Cleanup
[2019-12-09T05:15:53.984+0000][1][safepoint    ] Leaving safepoint region
[2019-12-09T05:15:53.984+0000][1][safepoint    ] Total time for which application threads were stopped: 0.0000672 seconds, Stopping threads took: 0.0000180 seconds
[2019-12-09T05:15:54.984+0000][1][safepoint    ] Application time: 1.0000761 seconds
[2019-12-09T05:15:54.984+0000][1][safepoint    ] Entering safepoint region: Cleanup
[2019-12-09T05:15:54.984+0000][1][safepoint    ] Leaving safepoint region
[2019-12-09T05:15:54.984+0000][1][safepoint    ] Total time for which application threads were stopped: 0.0000659 seconds, Stopping threads took: 0.0000171 seconds
[2019-12-09T05:15:55.984+0000][1][safepoint    ] Application time: 1.0000765 seconds
[2019-12-09T05:15:55.984+0000][1][safepoint    ] Entering safepoint region: Cleanup
[2019-12-09T05:15:55.984+0000][1][safepoint    ] Leaving safepoint region
[2019-12-09T05:15:55.984+0000][1][safepoint    ] Total time for which application threads were stopped: 0.0000644 seconds, Stopping threads took: 0.0000160 seconds
[2019-12-09T05:15:56.984+0000][1][safepoint    ] Application time: 1.0000763 seconds
[2019-12-09T05:15:56.984+0000][1][safepoint    ] Entering safepoint region: Cleanup
[2019-12-09T05:15:56.984+0000][1][safepoint    ] Leaving safepoint region
[2019-12-09T05:15:56.984+0000][1][safepoint    ] Total time for which application threads were stopped: 0.0000663 seconds, Stopping threads took: 0.0000173 seconds
[2019-12-09T05:15:57.985+0000][1][safepoint    ] Application time: 1.0000769 seconds
[2019-12-09T05:15:57.985+0000][1][safepoint    ] Entering safepoint region: Cleanup
[2019-12-09T05:15:57.985+0000][1][safepoint    ] Leaving safepoint region
[2019-12-09T05:15:57.985+0000][1][safepoint    ] Total time for which application threads were stopped: 0.0000660 seconds, Stopping threads took: 0.0000174 seconds
[2019-12-09T05:15:58.985+0000][1][safepoint    ] Application time: 1.0000823 seconds
[2019-12-09T05:15:58.985+0000][1][safepoint    ] Entering safepoint region: Cleanup
[2019-12-09T05:15:58.985+0000][1][safepoint    ] Leaving safepoint region
[2019-12-09T05:15:58.985+0000][1][safepoint    ] Total time for which application threads were stopped: 0.0000667 seconds, Stopping threads took: 0.0000165 seconds
[2019-12-09T05:15:59.985+0000][1][safepoint    ] Application time: 1.0000746 seconds
[2019-12-09T05:15:59.985+0000][1][safepoint    ] Entering safepoint region: Cleanup
[2019-12-09T05:15:59.985+0000][1][safepoint    ] Leaving safepoint region
[2019-12-09T05:15:59.985+0000][1][safepoint    ] Total time for which application threads were stopped: 0.0000655 seconds, Stopping threads took: 0.0000157 seconds
[2019-12-09T05:16:00.985+0000][1][safepoint    ] Application time: 1.0000760 seconds
[2019-12-09T05:16:00.985+0000][1][safepoint    ] Entering safepoint region: Cleanup
[2019-12-09T05:16:00.985+0000][1][safepoint    ] Leaving safepoint region
[2019-12-09T05:16:00.985+0000][1][safepoint    ] Total time for which application threads were stopped: 0.0000662 seconds, Stopping threads took: 0.0000169 seconds
[2019-12-09T05:16:01.985+0000][1][safepoint    ] Application time: 1.0000830 seconds
[2019-12-09T05:16:01.985+0000][1][safepoint    ] Entering safepoint region: Cleanup
[2019-12-09T05:16:01.985+0000][1][safepoint    ] Leaving safepoint region
[2019-12-09T05:16:01.985+0000][1][safepoint    ] Total time for which application threads were stopped: 0.0000995 seconds, Stopping threads took: 0.0000260 seconds
[2019-12-09T05:16:02.985+0000][1][safepoint    ] Application time: 1.0000752 seconds
[2019-12-09T05:16:02.986+0000][1][safepoint    ] Entering safepoint region: Cleanup
[2019-12-09T05:16:02.986+0000][1][safepoint    ] Leaving safepoint region
[2019-12-09T05:16:02.986+0000][1][safepoint    ] Total time for which application threads were stopped: 0.0000650 seconds, Stopping threads took: 0.0000159 seconds
[2019-12-09T05:16:03.986+0000][1][safepoint    ] Application time: 1.0000744 seconds
[2019-12-09T05:16:03.986+0000][1][safepoint    ] Entering safepoint region: Cleanup
[2019-12-09T05:16:03.986+0000][1][safepoint    ] Leaving safepoint region
[2019-12-09T05:16:03.986+0000][1][safepoint    ] Total time for which application threads were stopped: 0.0000704 seconds, Stopping threads took: 0.0000211 seconds
[2019-12-09T05:16:04.986+0000][1][safepoint    ] Application time: 1.0000729 seconds
[2019-12-09T05:16:04.986+0000][1][safepoint    ] Entering safepoint region: Cleanup
[2019-12-09T05:16:04.986+0000][1][safepoint    ] Leaving safepoint region
[2019-12-09T05:16:04.986+0000][1][safepoint    ] Total time for which application threads were stopped: 0.0000659 seconds, Stopping threads took: 0.0000166 seconds
[2019-12-09T05:16:05.986+0000][1][safepoint    ] Application time: 1.0000768 seconds
[2019-12-09T05:16:05.986+0000][1][safepoint    ] Entering safepoint region: Cleanup
[2019-12-09T05:16:05.986+0000][1][safepoint    ] Leaving safepoint region
[2019-12-09T05:16:05.986+0000][1][safepoint    ] Total time for which application threads were stopped: 0.0000681 seconds, Stopping threads took: 0.0000164 seconds
[2019-12-09T05:16:06.986+0000][1][safepoint    ] Application time: 1.0000769 seconds
[2019-12-09T05:16:06.986+0000][1][safepoint    ] Entering safepoint region: Cleanup
[2019-12-09T05:16:06.986+0000][1][safepoint    ] Leaving safepoint region
[2019-12-09T05:16:06.986+0000][1][safepoint    ] Total time for which application threads were stopped: 0.0000703 seconds, Stopping threads took: 0.0000185 seconds
[2019-12-09T05:16:07.986+0000][1][safepoint    ] Application time: 1.0000780 seconds
[2019-12-09T05:16:07.986+0000][1][safepoint    ] Entering safepoint region: Cleanup
[2019-12-09T05:16:07.987+0000][1][safepoint    ] Leaving safepoint region
[2019-12-09T05:16:07.987+0000][1][safepoint    ] Total time for which application threads were stopped: 0.0000715 seconds, Stopping threads took: 0.0000192 seconds
[2019-12-09T05:16:08.987+0000][1][safepoint    ] Application time: 1.0000797 seconds
[2019-12-09T05:16:08.987+0000][1][safepoint    ] Entering safepoint region: Cleanup
[2019-12-09T05:16:08.987+0000][1][safepoint    ] Leaving safepoint region
[2019-12-09T05:16:08.987+0000][1][safepoint    ] Total time for which application threads were stopped: 0.0000890 seconds, Stopping threads took: 0.0000252 seconds
[2019-12-09T05:16:09.987+0000][1][safepoint    ] Application time: 1.0000771 seconds
[2019-12-09T05:16:09.987+0000][1][safepoint    ] Entering safepoint region: Cleanup
[2019-12-09T05:16:09.987+0000][1][safepoint    ] Leaving safepoint region
[2019-12-09T05:16:09.987+0000][1][safepoint    ] Total time for which application threads were stopped: 0.0000652 seconds, Stopping threads took: 0.0000171 seconds
[2019-12-09T05:16:10.987+0000][1][safepoint    ] Application time: 1.0000754 seconds
[2019-12-09T05:16:10.987+0000][1][safepoint    ] Entering safepoint region: Cleanup
[2019-12-09T05:16:10.987+0000][1][safepoint    ] Leaving safepoint region
[2019-12-09T05:16:10.987+0000][1][safepoint    ] Total time for which application threads were stopped: 0.0000666 seconds, Stopping threads took: 0.0000187 seconds
[2019-12-09T05:16:11.987+0000][1][safepoint    ] Application time: 1.0000824 seconds
[2019-12-09T05:16:11.987+0000][1][safepoint    ] Entering safepoint region: Cleanup
[2019-12-09T05:16:11.987+0000][1][safepoint    ] Leaving safepoint region
[2019-12-09T05:16:11.987+0000][1][safepoint    ] Total time for which application threads were stopped: 0.0000713 seconds, Stopping threads took: 0.0000184 seconds
[2019-12-09T05:16:12.987+0000][1][safepoint    ] Application time: 1.0000773 seconds
[2019-12-09T05:16:12.987+0000][1][safepoint    ] Entering safepoint region: Cleanup
[2019-12-09T05:16:12.987+0000][1][safepoint    ] Leaving safepoint region
[2019-12-09T05:16:12.987+0000][1][safepoint    ] Total time for which application threads were stopped: 0.0000656 seconds, Stopping threads took: 0.0000166 seconds
[2019-12-09T05:16:13.988+0000][1][safepoint    ] Application time: 1.0000789 seconds
[2019-12-09T05:16:13.988+0000][1][safepoint    ] Entering safepoint region: Cleanup
[2019-12-09T05:16:13.988+0000][1][safepoint    ] Leaving safepoint region
[2019-12-09T05:16:13.988+0000][1][safepoint    ] Total time for which application threads were stopped: 0.0000772 seconds, Stopping threads took: 0.0000174 seconds
[2019-12-09T05:16:14.988+0000][1][safepoint    ] Application time: 1.0000790 seconds
[2019-12-09T05:16:14.988+0000][1][safepoint    ] Entering safepoint region: Cleanup
[2019-12-09T05:16:14.988+0000][1][safepoint    ] Leaving safepoint region
[2019-12-09T05:16:14.988+0000][1][safepoint    ] Total time for which application threads were stopped: 0.0000688 seconds, Stopping threads took: 0.0000179 seconds
[2019-12-09T05:16:15.988+0000][1][safepoint    ] Application time: 1.0000769 seconds
[2019-12-09T05:16:15.988+0000][1][safepoint    ] Entering safepoint region: Cleanup
[2019-12-09T05:16:15.988+0000][1][safepoint    ] Leaving safepoint region
[2019-12-09T05:16:15.988+0000][1][safepoint    ] Total time for which application threads were stopped: 0.0000670 seconds, Stopping threads took: 0.0000176 seconds
[2019-12-09T05:16:16.988+0000][1][safepoint    ] Application time: 1.0000771 seconds
[2019-12-09T05:16:16.988+0000][1][safepoint    ] Entering safepoint region: Cleanup
[2019-12-09T05:16:16.988+0000][1][safepoint    ] Leaving safepoint region
[2019-12-09T05:16:16.988+0000][1][safepoint    ] Total time for which application threads were stopped: 0.0000687 seconds, Stopping threads took: 0.0000183 seconds
[2019-12-09T05:16:17.988+0000][1][safepoint    ] Application time: 1.0000771 seconds
[2019-12-09T05:16:17.988+0000][1][safepoint    ] Entering safepoint region: Cleanup
[2019-12-09T05:16:17.988+0000][1][safepoint    ] Leaving safepoint region
[2019-12-09T05:16:17.988+0000][1][safepoint    ] Total time for which application threads were stopped: 0.0000723 seconds, Stopping threads took: 0.0000211 seconds
[2019-12-09T05:16:18.989+0000][1][safepoint    ] Application time: 1.0000781 seconds
[2019-12-09T05:16:18.989+0000][1][safepoint    ] Entering safepoint region: Cleanup
[2019-12-09T05:16:18.989+0000][1][safepoint    ] Leaving safepoint region
[2019-12-09T05:16:18.989+0000][1][safepoint    ] Total time for which application threads were stopped: 0.0000663 seconds, Stopping threads took: 0.0000172 seconds
[2019-12-09T05:16:19.989+0000][1][safepoint    ] Application time: 1.0000777 seconds
[2019-12-09T05:16:19.989+0000][1][safepoint    ] Entering safepoint region: Cleanup
[2019-12-09T05:16:19.989+0000][1][safepoint    ] Leaving safepoint region
[2019-12-09T05:16:19.989+0000][1][safepoint    ] Total time for which application threads were stopped: 0.0000685 seconds, Stopping threads took: 0.0000173 seconds
[2019-12-09T05:16:20.989+0000][1][safepoint    ] Application time: 1.0000816 seconds
[2019-12-09T05:16:20.989+0000][1][safepoint    ] Entering safepoint region: Cleanup
[2019-12-09T05:16:20.989+0000][1][safepoint    ] Leaving safepoint region
[2019-12-09T05:16:20.989+0000][1][safepoint    ] Total time for which application threads were stopped: 0.0000781 seconds, Stopping threads took: 0.0000177 seconds
[2019-12-09T05:16:21.989+0000][1][safepoint    ] Application time: 1.0000788 seconds
[2019-12-09T05:16:21.989+0000][1][safepoint    ] Entering safepoint region: Cleanup
[2019-12-09T05:16:21.989+0000][1][safepoint    ] Leaving safepoint region
[2019-12-09T05:16:21.989+0000][1][safepoint    ] Total time for which application threads were stopped: 0.0000726 seconds, Stopping threads took: 0.0000188 seconds
[2019-12-09T05:16:22.989+0000][1][safepoint    ] Application time: 1.0000799 seconds
[2019-12-09T05:16:22.989+0000][1][safepoint    ] Entering safepoint region: Cleanup
[2019-12-09T05:16:22.989+0000][1][safepoint    ] Leaving safepoint region
[2019-12-09T05:16:22.989+0000][1][safepoint    ] Total time for which application threads were stopped: 0.0000723 seconds, Stopping threads took: 0.0000173 seconds
[2019-12-09T05:16:23.990+0000][1][safepoint    ] Application time: 1.0000755 seconds
[2019-12-09T05:16:23.990+0000][1][safepoint    ] Entering safepoint region: Cleanup
[2019-12-09T05:16:23.990+0000][1][safepoint    ] Leaving safepoint region
[2019-12-09T05:16:23.990+0000][1][safepoint    ] Total time for which application threads were stopped: 0.0000971 seconds, Stopping threads took: 0.0000332 seconds
[2019-12-09T05:16:24.990+0000][1][safepoint    ] Application time: 1.0000866 seconds
[2019-12-09T05:16:24.990+0000][1][safepoint    ] Entering safepoint region: Cleanup
[2019-12-09T05:16:24.990+0000][1][safepoint    ] Leaving safepoint region
[2019-12-09T05:16:24.990+0000][1][safepoint    ] Total time for which application threads were stopped: 0.0000791 seconds, Stopping threads took: 0.0000239 seconds
[2019-12-09T05:16:25.990+0000][1][safepoint    ] Application time: 1.0000755 seconds
[2019-12-09T05:16:25.990+0000][1][safepoint    ] Entering safepoint region: Cleanup
[2019-12-09T05:16:25.990+0000][1][safepoint    ] Leaving safepoint region
[2019-12-09T05:16:25.990+0000][1][safepoint    ] Total time for which application threads were stopped: 0.0000689 seconds, Stopping threads took: 0.0000195 seconds
[2019-12-09T05:16:26.990+0000][1][safepoint    ] Application time: 1.0000791 seconds
[2019-12-09T05:16:26.990+0000][1][safepoint    ] Entering safepoint region: Cleanup
[2019-12-09T05:16:26.990+0000][1][safepoint    ] Leaving safepoint region
[2019-12-09T05:16:26.990+0000][1][safepoint    ] Total time for which application threads were stopped: 0.0000675 seconds, Stopping threads took: 0.0000173 seconds
[2019-12-09T05:16:27.990+0000][1][safepoint    ] Application time: 1.0000759 seconds
[2019-12-09T05:16:27.990+0000][1][safepoint    ] Entering safepoint region: Cleanup
[2019-12-09T05:16:27.990+0000][1][safepoint    ] Leaving safepoint region
[2019-12-09T05:16:27.990+0000][1][safepoint    ] Total time for which application threads were stopped: 0.0000732 seconds, Stopping threads took: 0.0000215 seconds
[2019-12-09T05:16:28.991+0000][1][safepoint    ] Application time: 1.0000774 seconds
[2019-12-09T05:16:28.991+0000][1][safepoint    ] Entering safepoint region: Cleanup
[2019-12-09T05:16:28.991+0000][1][safepoint    ] Leaving safepoint region
[2019-12-09T05:16:28.991+0000][1][safepoint    ] Total time for which application threads were stopped: 0.0000678 seconds, Stopping threads took: 0.0000183 seconds
[2019-12-09T05:16:29.991+0000][1][safepoint    ] Application time: 1.0000769 seconds
[2019-12-09T05:16:29.991+0000][1][safepoint    ] Entering safepoint region: Cleanup
[2019-12-09T05:16:29.991+0000][1][safepoint    ] Leaving safepoint region
[2019-12-09T05:16:29.991+0000][1][safepoint    ] Total time for which application threads were stopped: 0.0000656 seconds, Stopping threads took: 0.0000168 seconds
[2019-12-09T05:16:30.991+0000][1][safepoint    ] Application time: 1.0000752 seconds
[2019-12-09T05:16:30.991+0000][1][safepoint    ] Entering safepoint region: Cleanup
[2019-12-09T05:16:30.991+0000][1][safepoint    ] Leaving safepoint region
[2019-12-09T05:16:30.991+0000][1][safepoint    ] Total time for which application threads were stopped: 0.0000675 seconds, Stopping threads took: 0.0000175 seconds
[2019-12-09T05:16:31.991+0000][1][safepoint    ] Application time: 1.0000761 seconds
[2019-12-09T05:16:31.991+0000][1][safepoint    ] Entering safepoint region: Cleanup
[2019-12-09T05:16:31.991+0000][1][safepoint    ] Leaving safepoint region
[2019-12-09T05:16:31.991+0000][1][safepoint    ] Total time for which application threads were stopped: 0.0000645 seconds, Stopping threads took: 0.0000163 seconds
[2019-12-09T05:16:32.991+0000][1][safepoint    ] Application time: 1.0000780 seconds
[2019-12-09T05:16:32.991+0000][1][safepoint    ] Entering safepoint region: Cleanup
[2019-12-09T05:16:32.991+0000][1][safepoint    ] Leaving safepoint region
[2019-12-09T05:16:32.991+0000][1][safepoint    ] Total time for which application threads were stopped: 0.0000688 seconds, Stopping threads took: 0.0000173 seconds
[2019-12-09T05:16:33.991+0000][1][safepoint    ] Application time: 1.0000767 seconds
[2019-12-09T05:16:33.991+0000][1][safepoint    ] Entering safepoint region: Cleanup
[2019-12-09T05:16:33.992+0000][1][safepoint    ] Leaving safepoint region
[2019-12-09T05:16:33.992+0000][1][safepoint    ] Total time for which application threads were stopped: 0.0000668 seconds, Stopping threads took: 0.0000181 seconds
[2019-12-09T05:16:34.992+0000][1][safepoint    ] Application time: 1.0000758 seconds
[2019-12-09T05:16:34.992+0000][1][safepoint    ] Entering safepoint region: Cleanup
[2019-12-09T05:16:34.992+0000][1][safepoint    ] Leaving safepoint region
[2019-12-09T05:16:34.992+0000][1][safepoint    ] Total time for which application threads were stopped: 0.0000985 seconds, Stopping threads took: 0.0000500 seconds
[2019-12-09T05:16:35.992+0000][1][safepoint    ] Application time: 1.0000762 seconds
[2019-12-09T05:16:35.992+0000][1][safepoint    ] Entering safepoint region: Cleanup
[2019-12-09T05:16:35.992+0000][1][safepoint    ] Leaving safepoint region
[2019-12-09T05:16:35.992+0000][1][safepoint    ] Total time for which application threads were stopped: 0.0000667 seconds, Stopping threads took: 0.0000178 seconds
[2019-12-09T05:16:36.992+0000][1][safepoint    ] Application time: 1.0000786 seconds
[2019-12-09T05:16:36.992+0000][1][safepoint    ] Entering safepoint region: Cleanup
[2019-12-09T05:16:36.992+0000][1][safepoint    ] Leaving safepoint region
[2019-12-09T05:16:36.992+0000][1][safepoint    ] Total time for which application threads were stopped: 0.0000691 seconds, Stopping threads took: 0.0000193 seconds
[2019-12-09T05:16:37.992+0000][1][safepoint    ] Application time: 1.0000768 seconds
[2019-12-09T05:16:37.992+0000][1][safepoint    ] Entering safepoint region: Cleanup
[2019-12-09T05:16:37.992+0000][1][safepoint    ] Leaving safepoint region
[2019-12-09T05:16:37.992+0000][1][safepoint    ] Total time for which application threads were stopped: 0.0000651 seconds, Stopping threads took: 0.0000156 seconds
[2019-12-09T05:16:38.992+0000][1][safepoint    ] Application time: 1.0000765 seconds
[2019-12-09T05:16:38.992+0000][1][safepoint    ] Entering safepoint region: Cleanup
[2019-12-09T05:16:38.993+0000][1][safepoint    ] Leaving safepoint region
[2019-12-09T05:16:38.993+0000][1][safepoint    ] Total time for which application threads were stopped: 0.0000760 seconds, Stopping threads took: 0.0000252 seconds
[2019-12-09T05:16:39.993+0000][1][safepoint    ] Application time: 1.0000762 seconds
[2019-12-09T05:16:39.993+0000][1][safepoint    ] Entering safepoint region: Cleanup
[2019-12-09T05:16:39.993+0000][1][safepoint    ] Leaving safepoint region
[2019-12-09T05:16:39.993+0000][1][safepoint    ] Total time for which application threads were stopped: 0.0000759 seconds, Stopping threads took: 0.0000167 seconds
[2019-12-09T05:16:41.489+0000][1][safepoint    ] Application time: 1.4961797 seconds
[2019-12-09T05:16:41.489+0000][1][safepoint    ] Entering safepoint region: Cleanup
[2019-12-09T05:16:41.489+0000][1][safepoint    ] Leaving safepoint region
[2019-12-09T05:16:41.489+0000][1][safepoint    ] Total time for which application threads were stopped: 0.0000692 seconds, Stopping threads took: 0.0000175 seconds
[2019-12-09T05:16:42.489+0000][1][safepoint    ] Application time: 1.0000793 seconds
[2019-12-09T05:16:42.489+0000][1][safepoint    ] Entering safepoint region: Cleanup
[2019-12-09T05:16:42.489+0000][1][safepoint    ] Leaving safepoint region
[2019-12-09T05:16:42.489+0000][1][safepoint    ] Total time for which application threads were stopped: 0.0000719 seconds, Stopping threads took: 0.0000183 seconds
[2019-12-09T05:16:43.489+0000][1][safepoint    ] Application time: 1.0000812 seconds
[2019-12-09T05:16:43.489+0000][1][safepoint    ] Entering safepoint region: Cleanup
[2019-12-09T05:16:43.489+0000][1][safepoint    ] Leaving safepoint region
[2019-12-09T05:16:43.489+0000][1][safepoint    ] Total time for which application threads were stopped: 0.0000670 seconds, Stopping threads took: 0.0000163 seconds
[2019-12-09T05:16:44.489+0000][1][safepoint    ] Application time: 1.0000847 seconds
[2019-12-09T05:16:44.490+0000][1][safepoint    ] Entering safepoint region: Cleanup
[2019-12-09T05:16:44.490+0000][1][safepoint    ] Leaving safepoint region
[2019-12-09T05:16:44.490+0000][1][safepoint    ] Total time for which application threads were stopped: 0.0000793 seconds, Stopping threads took: 0.0000253 seconds
[2019-12-09T05:16:45.490+0000][1][safepoint    ] Application time: 1.0002889 seconds
[2019-12-09T05:16:45.490+0000][1][safepoint    ] Entering safepoint region: Cleanup
[2019-12-09T05:16:45.490+0000][1][safepoint    ] Leaving safepoint region
[2019-12-09T05:16:45.490+0000][1][safepoint    ] Total time for which application threads were stopped: 0.0001014 seconds, Stopping threads took: 0.0000316 seconds
[2019-12-09T05:16:46.490+0000][1][safepoint    ] Application time: 1.0000855 seconds
[2019-12-09T05:16:46.490+0000][1][safepoint    ] Entering safepoint region: Cleanup
[2019-12-09T05:16:46.490+0000][1][safepoint    ] Leaving safepoint region
[2019-12-09T05:16:46.490+0000][1][safepoint    ] Total time for which application threads were stopped: 0.0000896 seconds, Stopping threads took: 0.0000227 seconds
[2019-12-09T05:16:47.490+0000][1][safepoint    ] Application time: 1.0000783 seconds
[2019-12-09T05:16:47.490+0000][1][safepoint    ] Entering safepoint region: Cleanup
[2019-12-09T05:16:47.490+0000][1][safepoint    ] Leaving safepoint region
[2019-12-09T05:16:47.490+0000][1][safepoint    ] Total time for which application threads were stopped: 0.0000682 seconds, Stopping threads took: 0.0000170 seconds
[2019-12-09T05:16:48.491+0000][1][safepoint    ] Application time: 1.0000862 seconds
[2019-12-09T05:16:48.491+0000][1][safepoint    ] Entering safepoint region: Cleanup
[2019-12-09T05:16:48.491+0000][1][safepoint    ] Leaving safepoint region
[2019-12-09T05:16:48.491+0000][1][safepoint    ] Total time for which application threads were stopped: 0.0001008 seconds, Stopping threads took: 0.0000244 seconds
[2019-12-09T05:16:49.492+0000][1][safepoint    ] Application time: 1.0007997 seconds
[2019-12-09T05:16:49.492+0000][1][safepoint    ] Entering safepoint region: Cleanup
[2019-12-09T05:16:49.492+0000][1][safepoint    ] Leaving safepoint region
[2019-12-09T05:16:49.492+0000][1][safepoint    ] Total time for which application threads were stopped: 0.0001011 seconds, Stopping threads took: 0.0000324 seconds
[2019-12-09T05:16:50.492+0000][1][safepoint    ] Application time: 1.0000926 seconds
[2019-12-09T05:16:50.492+0000][1][safepoint    ] Entering safepoint region: Cleanup
[2019-12-09T05:16:50.492+0000][1][safepoint    ] Leaving safepoint region
[2019-12-09T05:16:50.492+0000][1][safepoint    ] Total time for which application threads were stopped: 0.0000685 seconds, Stopping threads took: 0.0000187 seconds
[2019-12-09T05:16:51.492+0000][1][safepoint    ] Application time: 1.0000748 seconds
[2019-12-09T05:16:51.492+0000][1][safepoint    ] Entering safepoint region: Cleanup
[2019-12-09T05:16:51.492+0000][1][safepoint    ] Leaving safepoint region
[2019-12-09T05:16:51.492+0000][1][safepoint    ] Total time for which application threads were stopped: 0.0000648 seconds, Stopping threads took: 0.0000162 seconds
[2019-12-09T05:16:52.492+0000][1][safepoint    ] Application time: 1.0000762 seconds
[2019-12-09T05:16:52.492+0000][1][safepoint    ] Entering safepoint region: Cleanup
[2019-12-09T05:16:52.492+0000][1][safepoint    ] Leaving safepoint region
[2019-12-09T05:16:52.492+0000][1][safepoint    ] Total time for which application threads were stopped: 0.0000661 seconds, Stopping threads took: 0.0000168 seconds
[2019-12-09T05:16:53.492+0000][1][safepoint    ] Application time: 1.0000758 seconds
[2019-12-09T05:16:53.492+0000][1][safepoint    ] Entering safepoint region: Cleanup
[2019-12-09T05:16:53.492+0000][1][safepoint    ] Leaving safepoint region
[2019-12-09T05:16:53.492+0000][1][safepoint    ] Total time for which application threads were stopped: 0.0000688 seconds, Stopping threads took: 0.0000155 seconds
[2019-12-09T05:16:54.493+0000][1][safepoint    ] Application time: 1.0000778 seconds
[2019-12-09T05:16:54.493+0000][1][safepoint    ] Entering safepoint region: Cleanup
[2019-12-09T05:16:54.493+0000][1][safepoint    ] Leaving safepoint region
[2019-12-09T05:16:54.493+0000][1][safepoint    ] Total time for which application threads were stopped: 0.0000653 seconds, Stopping threads took: 0.0000160 seconds
[2019-12-09T05:16:55.493+0000][1][safepoint    ] Application time: 1.0000769 seconds
[2019-12-09T05:16:55.493+0000][1][safepoint    ] Entering safepoint region: Cleanup
[2019-12-09T05:16:55.493+0000][1][safepoint    ] Leaving safepoint region
[2019-12-09T05:16:55.493+0000][1][safepoint    ] Total time for which application threads were stopped: 0.0000753 seconds, Stopping threads took: 0.0000172 seconds
[2019-12-09T05:16:56.493+0000][1][safepoint    ] Application time: 1.0000745 seconds
[2019-12-09T05:16:56.493+0000][1][safepoint    ] Entering safepoint region: Cleanup
[2019-12-09T05:16:56.493+0000][1][safepoint    ] Leaving safepoint region
[2019-12-09T05:16:56.493+0000][1][safepoint    ] Total time for which application threads were stopped: 0.0000654 seconds, Stopping threads took: 0.0000167 seconds
[2019-12-09T05:16:57.493+0000][1][safepoint    ] Application time: 1.0000769 seconds
[2019-12-09T05:16:57.493+0000][1][safepoint    ] Entering safepoint region: Cleanup
[2019-12-09T05:16:57.493+0000][1][safepoint    ] Leaving safepoint region
[2019-12-09T05:16:57.493+0000][1][safepoint    ] Total time for which application threads were stopped: 0.0000657 seconds, Stopping threads took: 0.0000158 seconds
[2019-12-09T05:16:58.493+0000][1][safepoint    ] Application time: 1.0000756 seconds
[2019-12-09T05:16:58.493+0000][1][safepoint    ] Entering safepoint region: Cleanup
[2019-12-09T05:16:58.493+0000][1][safepoint    ] Leaving safepoint region
[2019-12-09T05:16:58.493+0000][1][safepoint    ] Total time for which application threads were stopped: 0.0000659 seconds, Stopping threads took: 0.0000162 seconds
[2019-12-09T05:16:59.493+0000][1][safepoint    ] Application time: 1.0000806 seconds
[2019-12-09T05:16:59.494+0000][1][safepoint    ] Entering safepoint region: Cleanup
[2019-12-09T05:16:59.494+0000][1][safepoint    ] Leaving safepoint region
[2019-12-09T05:16:59.494+0000][1][safepoint    ] Total time for which application threads were stopped: 0.0000663 seconds, Stopping threads took: 0.0000167 seconds
[2019-12-09T05:17:00.494+0000][1][safepoint    ] Application time: 1.0000769 seconds
[2019-12-09T05:17:00.494+0000][1][safepoint    ] Entering safepoint region: Cleanup
[2019-12-09T05:17:00.494+0000][1][safepoint    ] Leaving safepoint region
[2019-12-09T05:17:00.494+0000][1][safepoint    ] Total time for which application threads were stopped: 0.0000673 seconds, Stopping threads took: 0.0000187 seconds
[2019-12-09T05:17:01.494+0000][1][safepoint    ] Application time: 1.0000768 seconds
[2019-12-09T05:17:01.494+0000][1][safepoint    ] Entering safepoint region: Cleanup
[2019-12-09T05:17:01.494+0000][1][safepoint    ] Leaving safepoint region
[2019-12-09T05:17:01.494+0000][1][safepoint    ] Total time for which application threads were stopped: 0.0000692 seconds, Stopping threads took: 0.0000181 seconds
[2019-12-09T05:17:02.494+0000][1][safepoint    ] Application time: 1.0000778 seconds
[2019-12-09T05:17:02.494+0000][1][safepoint    ] Entering safepoint region: Cleanup
[2019-12-09T05:17:02.494+0000][1][safepoint    ] Leaving safepoint region
[2019-12-09T05:17:02.494+0000][1][safepoint    ] Total time for which application threads were stopped: 0.0000684 seconds, Stopping threads took: 0.0000171 seconds
[2019-12-09T05:17:03.494+0000][1][safepoint    ] Application time: 1.0000752 seconds
[2019-12-09T05:17:03.494+0000][1][safepoint    ] Entering safepoint region: Cleanup
[2019-12-09T05:17:03.494+0000][1][safepoint    ] Leaving safepoint region
[2019-12-09T05:17:03.494+0000][1][safepoint    ] Total time for which application threads were stopped: 0.0000836 seconds, Stopping threads took: 0.0000320 seconds
[2019-12-09T05:17:04.494+0000][1][safepoint    ] Application time: 1.0000768 seconds
[2019-12-09T05:17:04.494+0000][1][safepoint    ] Entering safepoint region: Cleanup
[2019-12-09T05:17:04.495+0000][1][safepoint    ] Leaving safepoint region
[2019-12-09T05:17:04.495+0000][1][safepoint    ] Total time for which application threads were stopped: 0.0000659 seconds, Stopping threads took: 0.0000166 seconds
[2019-12-09T05:17:05.495+0000][1][safepoint    ] Application time: 1.0000762 seconds
[2019-12-09T05:17:05.495+0000][1][safepoint    ] Entering safepoint region: Cleanup
[2019-12-09T05:17:05.495+0000][1][safepoint    ] Leaving safepoint region
[2019-12-09T05:17:05.495+0000][1][safepoint    ] Total time for which application threads were stopped: 0.0000852 seconds, Stopping threads took: 0.0000160 seconds
[2019-12-09T05:17:06.495+0000][1][safepoint    ] Application time: 1.0000752 seconds
[2019-12-09T05:17:06.495+0000][1][safepoint    ] Entering safepoint region: Cleanup
[2019-12-09T05:17:06.495+0000][1][safepoint    ] Leaving safepoint region
[2019-12-09T05:17:06.495+0000][1][safepoint    ] Total time for which application threads were stopped: 0.0000708 seconds, Stopping threads took: 0.0000179 seconds
[2019-12-09T05:17:07.495+0000][1][safepoint    ] Application time: 1.0000763 seconds
[2019-12-09T05:17:07.495+0000][1][safepoint    ] Entering safepoint region: Cleanup
[2019-12-09T05:17:07.495+0000][1][safepoint    ] Leaving safepoint region
[2019-12-09T05:17:07.495+0000][1][safepoint    ] Total time for which application threads were stopped: 0.0000688 seconds, Stopping threads took: 0.0000160 seconds
[2019-12-09T05:17:08.495+0000][1][safepoint    ] Application time: 1.0000777 seconds
[2019-12-09T05:17:08.495+0000][1][safepoint    ] Entering safepoint region: Cleanup
[2019-12-09T05:17:08.495+0000][1][safepoint    ] Leaving safepoint region
[2019-12-09T05:17:08.495+0000][1][safepoint    ] Total time for which application threads were stopped: 0.0000731 seconds, Stopping threads took: 0.0000210 seconds
[2019-12-09T05:17:09.495+0000][1][safepoint    ] Application time: 1.0000770 seconds
[2019-12-09T05:17:09.495+0000][1][safepoint    ] Entering safepoint region: Cleanup
[2019-12-09T05:17:09.495+0000][1][safepoint    ] Leaving safepoint region
[2019-12-09T05:17:09.495+0000][1][safepoint    ] Total time for which application threads were stopped: 0.0000683 seconds, Stopping threads took: 0.0000167 seconds
[2019-12-09T05:17:10.496+0000][1][safepoint    ] Application time: 1.0000766 seconds
[2019-12-09T05:17:10.496+0000][1][safepoint    ] Entering safepoint region: Cleanup
[2019-12-09T05:17:10.496+0000][1][safepoint    ] Leaving safepoint region
[2019-12-09T05:17:10.496+0000][1][safepoint    ] Total time for which application threads were stopped: 0.0000675 seconds, Stopping threads took: 0.0000167 seconds
[2019-12-09T05:17:11.496+0000][1][safepoint    ] Application time: 1.0000763 seconds
[2019-12-09T05:17:11.496+0000][1][safepoint    ] Entering safepoint region: Cleanup
[2019-12-09T05:17:11.496+0000][1][safepoint    ] Leaving safepoint region
[2019-12-09T05:17:11.496+0000][1][safepoint    ] Total time for which application threads were stopped: 0.0000685 seconds, Stopping threads took: 0.0000171 seconds
[2019-12-09T05:17:12.496+0000][1][safepoint    ] Application time: 1.0000755 seconds
[2019-12-09T05:17:12.496+0000][1][safepoint    ] Entering safepoint region: Cleanup
[2019-12-09T05:17:12.496+0000][1][safepoint    ] Leaving safepoint region
[2019-12-09T05:17:12.496+0000][1][safepoint    ] Total time for which application threads were stopped: 0.0000696 seconds, Stopping threads took: 0.0000171 seconds
[2019-12-09T05:17:13.015+0000][1][safepoint    ] Application time: 0.5192587 seconds
[2019-12-09T05:17:13.015+0000][1][safepoint    ] Entering safepoint region: GenCollectForAllocation
[2019-12-09T05:17:13.015+0000][1][gc,start     ] GC(66) Pause Young (Allocation Failure)
[2019-12-09T05:17:13.015+0000][1][gc,task      ] GC(66) Using 2 workers of 2 for evacuation
[2019-12-09T05:17:13.017+0000][1][gc,age       ] GC(66) Desired survivor size 4456448 bytes, new threshold 6 (max threshold 6)
[2019-12-09T05:17:13.017+0000][1][gc,age       ] GC(66) Age table with threshold 6 (max threshold 6)
[2019-12-09T05:17:13.017+0000][1][gc,age       ] GC(66) - age   1:       4048 bytes,       4048 total
[2019-12-09T05:17:13.017+0000][1][gc,heap      ] GC(66) ParNew: 69958K->6K(78656K)
[2019-12-09T05:17:13.017+0000][1][gc,heap      ] GC(66) CMS: 69353K->69354K(174784K)
[2019-12-09T05:17:13.017+0000][1][gc,metaspace ] GC(66) Metaspace: 68453K->68453K(1112064K)
[2019-12-09T05:17:13.017+0000][1][gc           ] GC(66) Pause Young (Allocation Failure) 136M->67M(247M) 1.350ms
[2019-12-09T05:17:13.017+0000][1][gc,cpu       ] GC(66) User=0.00s Sys=0.00s Real=0.00s
[2019-12-09T05:17:13.017+0000][1][safepoint    ] Leaving safepoint region
[2019-12-09T05:17:13.017+0000][1][safepoint    ] Total time for which application threads were stopped: 0.0014913 seconds, Stopping threads took: 0.0000165 seconds
[2019-12-09T05:17:14.017+0000][1][safepoint    ] Application time: 1.0000875 seconds
[2019-12-09T05:17:14.017+0000][1][safepoint    ] Entering safepoint region: Cleanup
[2019-12-09T05:17:14.017+0000][1][safepoint    ] Leaving safepoint region
[2019-12-09T05:17:14.017+0000][1][safepoint    ] Total time for which application threads were stopped: 0.0000702 seconds, Stopping threads took: 0.0000165 seconds
[2019-12-09T05:17:15.017+0000][1][safepoint    ] Application time: 1.0000779 seconds
[2019-12-09T05:17:15.017+0000][1][safepoint    ] Entering safepoint region: Cleanup
[2019-12-09T05:17:15.017+0000][1][safepoint    ] Leaving safepoint region
[2019-12-09T05:17:15.017+0000][1][safepoint    ] Total time for which application threads were stopped: 0.0000721 seconds, Stopping threads took: 0.0000176 seconds
[2019-12-09T05:17:16.017+0000][1][safepoint    ] Application time: 1.0000767 seconds
[2019-12-09T05:17:16.017+0000][1][safepoint    ] Entering safepoint region: Cleanup
[2019-12-09T05:17:16.017+0000][1][safepoint    ] Leaving safepoint region
[2019-12-09T05:17:16.017+0000][1][safepoint    ] Total time for which application threads were stopped: 0.0000701 seconds, Stopping threads took: 0.0000177 seconds
[2019-12-09T05:17:17.018+0000][1][safepoint    ] Application time: 1.0000762 seconds
[2019-12-09T05:17:17.018+0000][1][safepoint    ] Entering safepoint region: Cleanup
[2019-12-09T05:17:17.018+0000][1][safepoint    ] Leaving safepoint region
[2019-12-09T05:17:17.018+0000][1][safepoint    ] Total time for which application threads were stopped: 0.0000733 seconds, Stopping threads took: 0.0000192 seconds
[2019-12-09T05:17:18.018+0000][1][safepoint    ] Application time: 1.0000848 seconds
[2019-12-09T05:17:18.018+0000][1][safepoint    ] Entering safepoint region: Cleanup
[2019-12-09T05:17:18.018+0000][1][safepoint    ] Leaving safepoint region
[2019-12-09T05:17:18.018+0000][1][safepoint    ] Total time for which application threads were stopped: 0.0001083 seconds, Stopping threads took: 0.0000466 seconds
[2019-12-09T05:17:19.018+0000][1][safepoint    ] Application time: 1.0000852 seconds
[2019-12-09T05:17:19.018+0000][1][safepoint    ] Entering safepoint region: Cleanup
[2019-12-09T05:17:19.018+0000][1][safepoint    ] Leaving safepoint region
[2019-12-09T05:17:19.018+0000][1][safepoint    ] Total time for which application threads were stopped: 0.0000704 seconds, Stopping threads took: 0.0000168 seconds
[2019-12-09T05:17:20.018+0000][1][safepoint    ] Application time: 1.0000788 seconds
[2019-12-09T05:17:20.018+0000][1][safepoint    ] Entering safepoint region: Cleanup
[2019-12-09T05:17:20.018+0000][1][safepoint    ] Leaving safepoint region
[2019-12-09T05:17:20.018+0000][1][safepoint    ] Total time for which application threads were stopped: 0.0000698 seconds, Stopping threads took: 0.0000176 seconds
[2019-12-09T05:17:21.018+0000][1][safepoint    ] Application time: 1.0000757 seconds
[2019-12-09T05:17:21.018+0000][1][safepoint    ] Entering safepoint region: Cleanup
[2019-12-09T05:17:21.018+0000][1][safepoint    ] Leaving safepoint region
[2019-12-09T05:17:21.018+0000][1][safepoint    ] Total time for which application threads were stopped: 0.0000690 seconds, Stopping threads took: 0.0000173 seconds
[2019-12-09T05:17:22.019+0000][1][safepoint    ] Application time: 1.0000791 seconds
[2019-12-09T05:17:22.019+0000][1][safepoint    ] Entering safepoint region: Cleanup
[2019-12-09T05:17:22.019+0000][1][safepoint    ] Leaving safepoint region
[2019-12-09T05:17:22.019+0000][1][safepoint    ] Total time for which application threads were stopped: 0.0000728 seconds, Stopping threads took: 0.0000185 seconds
[2019-12-09T05:17:23.019+0000][1][safepoint    ] Application time: 1.0000769 seconds
[2019-12-09T05:17:23.019+0000][1][safepoint    ] Entering safepoint region: Cleanup
[2019-12-09T05:17:23.019+0000][1][safepoint    ] Leaving safepoint region
[2019-12-09T05:17:23.019+0000][1][safepoint    ] Total time for which application threads were stopped: 0.0000713 seconds, Stopping threads took: 0.0000165 seconds
[2019-12-09T05:17:24.019+0000][1][safepoint    ] Application time: 1.0000806 seconds
[2019-12-09T05:17:24.019+0000][1][safepoint    ] Entering safepoint region: Cleanup
[2019-12-09T05:17:24.019+0000][1][safepoint    ] Leaving safepoint region
[2019-12-09T05:17:24.019+0000][1][safepoint    ] Total time for which application threads were stopped: 0.0000739 seconds, Stopping threads took: 0.0000214 seconds
[2019-12-09T05:17:25.019+0000][1][safepoint    ] Application time: 1.0000751 seconds
[2019-12-09T05:17:25.019+0000][1][safepoint    ] Entering safepoint region: Cleanup
[2019-12-09T05:17:25.019+0000][1][safepoint    ] Leaving safepoint region
[2019-12-09T05:17:25.019+0000][1][safepoint    ] Total time for which application threads were stopped: 0.0000729 seconds, Stopping threads took: 0.0000191 seconds
[2019-12-09T05:17:26.019+0000][1][safepoint    ] Application time: 1.0000802 seconds
[2019-12-09T05:17:26.019+0000][1][safepoint    ] Entering safepoint region: Cleanup
[2019-12-09T05:17:26.019+0000][1][safepoint    ] Leaving safepoint region
[2019-12-09T05:17:26.019+0000][1][safepoint    ] Total time for which application threads were stopped: 0.0000708 seconds, Stopping threads took: 0.0000172 seconds
[2019-12-09T05:17:27.020+0000][1][safepoint    ] Application time: 1.0000769 seconds
[2019-12-09T05:17:27.020+0000][1][safepoint    ] Entering safepoint region: Cleanup
[2019-12-09T05:17:27.020+0000][1][safepoint    ] Leaving safepoint region
[2019-12-09T05:17:27.020+0000][1][safepoint    ] Total time for which application threads were stopped: 0.0000786 seconds, Stopping threads took: 0.0000225 seconds
[2019-12-09T05:17:28.020+0000][1][safepoint    ] Application time: 1.0000806 seconds
[2019-12-09T05:17:28.020+0000][1][safepoint    ] Entering safepoint region: Cleanup
[2019-12-09T05:17:28.020+0000][1][safepoint    ] Leaving safepoint region
[2019-12-09T05:17:28.020+0000][1][safepoint    ] Total time for which application threads were stopped: 0.0000756 seconds, Stopping threads took: 0.0000194 seconds
[2019-12-09T05:17:29.020+0000][1][safepoint    ] Application time: 1.0000782 seconds
[2019-12-09T05:17:29.020+0000][1][safepoint    ] Entering safepoint region: Cleanup
[2019-12-09T05:17:29.020+0000][1][safepoint    ] Leaving safepoint region
[2019-12-09T05:17:29.020+0000][1][safepoint    ] Total time for which application threads were stopped: 0.0000941 seconds, Stopping threads took: 0.0000214 seconds
[2019-12-09T05:17:30.020+0000][1][safepoint    ] Application time: 1.0000795 seconds
[2019-12-09T05:17:30.020+0000][1][safepoint    ] Entering safepoint region: Cleanup
[2019-12-09T05:17:30.020+0000][1][safepoint    ] Leaving safepoint region
[2019-12-09T05:17:30.020+0000][1][safepoint    ] Total time for which application threads were stopped: 0.0000701 seconds, Stopping threads took: 0.0000171 seconds
[2019-12-09T05:17:31.020+0000][1][safepoint    ] Application time: 1.0000777 seconds
[2019-12-09T05:17:31.020+0000][1][safepoint    ] Entering safepoint region: Cleanup
[2019-12-09T05:17:31.020+0000][1][safepoint    ] Leaving safepoint region
[2019-12-09T05:17:31.020+0000][1][safepoint    ] Total time for which application threads were stopped: 0.0000716 seconds, Stopping threads took: 0.0000168 seconds
[2019-12-09T05:17:32.021+0000][1][safepoint    ] Application time: 1.0000767 seconds
[2019-12-09T05:17:32.021+0000][1][safepoint    ] Entering safepoint region: Cleanup
[2019-12-09T05:17:32.021+0000][1][safepoint    ] Leaving safepoint region
[2019-12-09T05:17:32.021+0000][1][safepoint    ] Total time for which application threads were stopped: 0.0000715 seconds, Stopping threads took: 0.0000180 seconds
[2019-12-09T05:17:33.021+0000][1][safepoint    ] Application time: 1.0000754 seconds
[2019-12-09T05:17:33.021+0000][1][safepoint    ] Entering safepoint region: Cleanup
[2019-12-09T05:17:33.021+0000][1][safepoint    ] Leaving safepoint region
[2019-12-09T05:17:33.021+0000][1][safepoint    ] Total time for which application threads were stopped: 0.0000850 seconds, Stopping threads took: 0.0000308 seconds
[2019-12-09T05:17:34.021+0000][1][safepoint    ] Application time: 1.0000750 seconds
[2019-12-09T05:17:34.021+0000][1][safepoint    ] Entering safepoint region: Cleanup
[2019-12-09T05:17:34.021+0000][1][safepoint    ] Leaving safepoint region
[2019-12-09T05:17:34.021+0000][1][safepoint    ] Total time for which application threads were stopped: 0.0000739 seconds, Stopping threads took: 0.0000188 seconds
[2019-12-09T05:17:35.021+0000][1][safepoint    ] Application time: 1.0000748 seconds
[2019-12-09T05:17:35.021+0000][1][safepoint    ] Entering safepoint region: Cleanup
[2019-12-09T05:17:35.021+0000][1][safepoint    ] Leaving safepoint region
[2019-12-09T05:17:35.021+0000][1][safepoint    ] Total time for which application threads were stopped: 0.0000693 seconds, Stopping threads took: 0.0000170 seconds
[2019-12-09T05:17:36.021+0000][1][safepoint    ] Application time: 1.0000768 seconds
[2019-12-09T05:17:36.021+0000][1][safepoint    ] Entering safepoint region: Cleanup
[2019-12-09T05:17:36.021+0000][1][safepoint    ] Leaving safepoint region
[2019-12-09T05:17:36.021+0000][1][safepoint    ] Total time for which application threads were stopped: 0.0000720 seconds, Stopping threads took: 0.0000173 seconds
[2019-12-09T05:17:37.022+0000][1][safepoint    ] Application time: 1.0000782 seconds
[2019-12-09T05:17:37.022+0000][1][safepoint    ] Entering safepoint region: Cleanup
[2019-12-09T05:17:37.022+0000][1][safepoint    ] Leaving safepoint region
[2019-12-09T05:17:37.022+0000][1][safepoint    ] Total time for which application threads were stopped: 0.0000735 seconds, Stopping threads took: 0.0000178 seconds
[2019-12-09T05:17:38.022+0000][1][safepoint    ] Application time: 1.0000773 seconds
[2019-12-09T05:17:38.022+0000][1][safepoint    ] Entering safepoint region: Cleanup
[2019-12-09T05:17:38.022+0000][1][safepoint    ] Leaving safepoint region
[2019-12-09T05:17:38.022+0000][1][safepoint    ] Total time for which application threads were stopped: 0.0000722 seconds, Stopping threads took: 0.0000178 seconds
[2019-12-09T05:17:39.022+0000][1][safepoint    ] Application time: 1.0000748 seconds
[2019-12-09T05:17:39.022+0000][1][safepoint    ] Entering safepoint region: Cleanup
[2019-12-09T05:17:39.022+0000][1][safepoint    ] Leaving safepoint region
[2019-12-09T05:17:39.022+0000][1][safepoint    ] Total time for which application threads were stopped: 0.0000793 seconds, Stopping threads took: 0.0000245 seconds
[2019-12-09T05:17:40.022+0000][1][safepoint    ] Application time: 1.0000762 seconds
[2019-12-09T05:17:40.022+0000][1][safepoint    ] Entering safepoint region: Cleanup
[2019-12-09T05:17:40.022+0000][1][safepoint    ] Leaving safepoint region
[2019-12-09T05:17:40.022+0000][1][safepoint    ] Total time for which application threads were stopped: 0.0000718 seconds, Stopping threads took: 0.0000184 seconds
[2019-12-09T05:17:41.022+0000][1][safepoint    ] Application time: 1.0000765 seconds
[2019-12-09T05:17:41.022+0000][1][safepoint    ] Entering safepoint region: Cleanup
[2019-12-09T05:17:41.022+0000][1][safepoint    ] Leaving safepoint region
[2019-12-09T05:17:41.022+0000][1][safepoint    ] Total time for which application threads were stopped: 0.0000687 seconds, Stopping threads took: 0.0000170 seconds
[2019-12-09T05:17:42.022+0000][1][safepoint    ] Application time: 1.0000757 seconds
[2019-12-09T05:17:42.023+0000][1][safepoint    ] Entering safepoint region: Cleanup
[2019-12-09T05:17:42.023+0000][1][safepoint    ] Leaving safepoint region
[2019-12-09T05:17:42.023+0000][1][safepoint    ] Total time for which application threads were stopped: 0.0000718 seconds, Stopping threads took: 0.0000169 seconds
[2019-12-09T05:17:43.023+0000][1][safepoint    ] Application time: 1.0000740 seconds
[2019-12-09T05:17:43.023+0000][1][safepoint    ] Entering safepoint region: Cleanup
[2019-12-09T05:17:43.023+0000][1][safepoint    ] Leaving safepoint region
[2019-12-09T05:17:43.023+0000][1][safepoint    ] Total time for which application threads were stopped: 0.0000791 seconds, Stopping threads took: 0.0000254 seconds
[2019-12-09T05:17:44.023+0000][1][safepoint    ] Application time: 1.0000801 seconds
[2019-12-09T05:17:44.023+0000][1][safepoint    ] Entering safepoint region: Cleanup
[2019-12-09T05:17:44.023+0000][1][safepoint    ] Leaving safepoint region
[2019-12-09T05:17:44.023+0000][1][safepoint    ] Total time for which application threads were stopped: 0.0000705 seconds, Stopping threads took: 0.0000177 seconds
[2019-12-09T05:17:45.023+0000][1][safepoint    ] Application time: 1.0000751 seconds
[2019-12-09T05:17:45.023+0000][1][safepoint    ] Entering safepoint region: Cleanup
[2019-12-09T05:17:45.023+0000][1][safepoint    ] Leaving safepoint region
[2019-12-09T05:17:45.023+0000][1][safepoint    ] Total time for which application threads were stopped: 0.0000711 seconds, Stopping threads took: 0.0000177 seconds
[2019-12-09T05:17:46.023+0000][1][safepoint    ] Application time: 1.0000776 seconds
[2019-12-09T05:17:46.023+0000][1][safepoint    ] Entering safepoint region: Cleanup
[2019-12-09T05:17:46.023+0000][1][safepoint    ] Leaving safepoint region
[2019-12-09T05:17:46.023+0000][1][safepoint    ] Total time for which application threads were stopped: 0.0000704 seconds, Stopping threads took: 0.0000168 seconds
[2019-12-09T05:17:47.023+0000][1][safepoint    ] Application time: 1.0000779 seconds
[2019-12-09T05:17:47.023+0000][1][safepoint    ] Entering safepoint region: Cleanup
[2019-12-09T05:17:47.024+0000][1][safepoint    ] Leaving safepoint region
[2019-12-09T05:17:47.024+0000][1][safepoint    ] Total time for which application threads were stopped: 0.0000716 seconds, Stopping threads took: 0.0000172 seconds
[2019-12-09T05:17:48.024+0000][1][safepoint    ] Application time: 1.0000775 seconds
[2019-12-09T05:17:48.024+0000][1][safepoint    ] Entering safepoint region: Cleanup
[2019-12-09T05:17:48.024+0000][1][safepoint    ] Leaving safepoint region
[2019-12-09T05:17:48.024+0000][1][safepoint    ] Total time for which application threads were stopped: 0.0000831 seconds, Stopping threads took: 0.0000300 seconds
[2019-12-09T05:17:49.024+0000][1][safepoint    ] Application time: 1.0000752 seconds
[2019-12-09T05:17:49.024+0000][1][safepoint    ] Entering safepoint region: Cleanup
[2019-12-09T05:17:49.024+0000][1][safepoint    ] Leaving safepoint region
[2019-12-09T05:17:49.024+0000][1][safepoint    ] Total time for which application threads were stopped: 0.0000716 seconds, Stopping threads took: 0.0000187 seconds
[2019-12-09T05:17:50.024+0000][1][safepoint    ] Application time: 1.0000783 seconds
[2019-12-09T05:17:50.024+0000][1][safepoint    ] Entering safepoint region: Cleanup
[2019-12-09T05:17:50.024+0000][1][safepoint    ] Leaving safepoint region
[2019-12-09T05:17:50.024+0000][1][safepoint    ] Total time for which application threads were stopped: 0.0000729 seconds, Stopping threads took: 0.0000178 seconds
[2019-12-09T05:17:51.024+0000][1][safepoint    ] Application time: 1.0000768 seconds
[2019-12-09T05:17:51.024+0000][1][safepoint    ] Entering safepoint region: Cleanup
[2019-12-09T05:17:51.024+0000][1][safepoint    ] Leaving safepoint region
[2019-12-09T05:17:51.024+0000][1][safepoint    ] Total time for which application threads were stopped: 0.0000695 seconds, Stopping threads took: 0.0000165 seconds
[2019-12-09T05:17:52.024+0000][1][safepoint    ] Application time: 1.0000765 seconds
[2019-12-09T05:17:52.024+0000][1][safepoint    ] Entering safepoint region: Cleanup
[2019-12-09T05:17:52.025+0000][1][safepoint    ] Leaving safepoint region
[2019-12-09T05:17:52.025+0000][1][safepoint    ] Total time for which application threads were stopped: 0.0000709 seconds, Stopping threads took: 0.0000173 seconds
[2019-12-09T05:17:53.025+0000][1][safepoint    ] Application time: 1.0000769 seconds
[2019-12-09T05:17:53.025+0000][1][safepoint    ] Entering safepoint region: Cleanup
[2019-12-09T05:17:53.025+0000][1][safepoint    ] Leaving safepoint region
[2019-12-09T05:17:53.025+0000][1][safepoint    ] Total time for which application threads were stopped: 0.0000919 seconds, Stopping threads took: 0.0000252 seconds
[2019-12-09T05:17:54.025+0000][1][safepoint    ] Application time: 1.0000748 seconds
[2019-12-09T05:17:54.025+0000][1][safepoint    ] Entering safepoint region: Cleanup
[2019-12-09T05:17:54.025+0000][1][safepoint    ] Leaving safepoint region
[2019-12-09T05:17:54.025+0000][1][safepoint    ] Total time for which application threads were stopped: 0.0000706 seconds, Stopping threads took: 0.0000167 seconds
[2019-12-09T05:17:55.025+0000][1][safepoint    ] Application time: 1.0000768 seconds
[2019-12-09T05:17:55.025+0000][1][safepoint    ] Entering safepoint region: Cleanup
[2019-12-09T05:17:55.025+0000][1][safepoint    ] Leaving safepoint region
[2019-12-09T05:17:55.025+0000][1][safepoint    ] Total time for which application threads were stopped: 0.0000738 seconds, Stopping threads took: 0.0000195 seconds
[2019-12-09T05:17:56.025+0000][1][safepoint    ] Application time: 1.0000762 seconds
[2019-12-09T05:17:56.025+0000][1][safepoint    ] Entering safepoint region: Cleanup
[2019-12-09T05:17:56.025+0000][1][safepoint    ] Leaving safepoint region
[2019-12-09T05:17:56.025+0000][1][safepoint    ] Total time for which application threads were stopped: 0.0000676 seconds, Stopping threads took: 0.0000154 seconds
[2019-12-09T05:17:57.025+0000][1][safepoint    ] Application time: 1.0000785 seconds
[2019-12-09T05:17:57.025+0000][1][safepoint    ] Entering safepoint region: Cleanup
[2019-12-09T05:17:57.025+0000][1][safepoint    ] Leaving safepoint region
[2019-12-09T05:17:57.025+0000][1][safepoint    ] Total time for which application threads were stopped: 0.0000718 seconds, Stopping threads took: 0.0000172 seconds
[2019-12-09T05:17:58.026+0000][1][safepoint    ] Application time: 1.0000771 seconds
[2019-12-09T05:17:58.026+0000][1][safepoint    ] Entering safepoint region: Cleanup
[2019-12-09T05:17:58.026+0000][1][safepoint    ] Leaving safepoint region
[2019-12-09T05:17:58.026+0000][1][safepoint    ] Total time for which application threads were stopped: 0.0000730 seconds, Stopping threads took: 0.0000190 seconds
[2019-12-09T05:17:59.026+0000][1][safepoint    ] Application time: 1.0000746 seconds
[2019-12-09T05:17:59.026+0000][1][safepoint    ] Entering safepoint region: Cleanup
[2019-12-09T05:17:59.026+0000][1][safepoint    ] Leaving safepoint region
[2019-12-09T05:17:59.026+0000][1][safepoint    ] Total time for which application threads were stopped: 0.0000707 seconds, Stopping threads took: 0.0000169 seconds
[2019-12-09T05:18:00.026+0000][1][safepoint    ] Application time: 1.0000801 seconds
[2019-12-09T05:18:00.026+0000][1][safepoint    ] Entering safepoint region: Cleanup
[2019-12-09T05:18:00.026+0000][1][safepoint    ] Leaving safepoint region
[2019-12-09T05:18:00.026+0000][1][safepoint    ] Total time for which application threads were stopped: 0.0000720 seconds, Stopping threads took: 0.0000182 seconds
[2019-12-09T05:18:01.026+0000][1][safepoint    ] Application time: 1.0000780 seconds
[2019-12-09T05:18:01.026+0000][1][safepoint    ] Entering safepoint region: Cleanup
[2019-12-09T05:18:01.026+0000][1][safepoint    ] Leaving safepoint region
[2019-12-09T05:18:01.026+0000][1][safepoint    ] Total time for which application threads were stopped: 0.0000713 seconds, Stopping threads took: 0.0000175 seconds
[2019-12-09T05:18:02.026+0000][1][safepoint    ] Application time: 1.0000790 seconds
[2019-12-09T05:18:02.026+0000][1][safepoint    ] Entering safepoint region: Cleanup
[2019-12-09T05:18:02.026+0000][1][safepoint    ] Leaving safepoint region
[2019-12-09T05:18:02.026+0000][1][safepoint    ] Total time for which application threads were stopped: 0.0000706 seconds, Stopping threads took: 0.0000164 seconds
[2019-12-09T05:18:03.027+0000][1][safepoint    ] Application time: 1.0000760 seconds
[2019-12-09T05:18:03.027+0000][1][safepoint    ] Entering safepoint region: Cleanup
[2019-12-09T05:18:03.027+0000][1][safepoint    ] Leaving safepoint region
[2019-12-09T05:18:03.027+0000][1][safepoint    ] Total time for which application threads were stopped: 0.0000746 seconds, Stopping threads took: 0.0000166 seconds
[2019-12-09T05:18:04.027+0000][1][safepoint    ] Application time: 1.0000753 seconds
[2019-12-09T05:18:04.027+0000][1][safepoint    ] Entering safepoint region: Cleanup
[2019-12-09T05:18:04.027+0000][1][safepoint    ] Leaving safepoint region
[2019-12-09T05:18:04.027+0000][1][safepoint    ] Total time for which application threads were stopped: 0.0000694 seconds, Stopping threads took: 0.0000167 seconds
[2019-12-09T05:18:05.027+0000][1][safepoint    ] Application time: 1.0000771 seconds
[2019-12-09T05:18:05.027+0000][1][safepoint    ] Entering safepoint region: Cleanup
[2019-12-09T05:18:05.027+0000][1][safepoint    ] Leaving safepoint region
[2019-12-09T05:18:05.027+0000][1][safepoint    ] Total time for which application threads were stopped: 0.0000688 seconds, Stopping threads took: 0.0000167 seconds
[2019-12-09T05:18:06.027+0000][1][safepoint    ] Application time: 1.0000767 seconds
[2019-12-09T05:18:06.027+0000][1][safepoint    ] Entering safepoint region: Cleanup
[2019-12-09T05:18:06.027+0000][1][safepoint    ] Leaving safepoint region
[2019-12-09T05:18:06.027+0000][1][safepoint    ] Total time for which application threads were stopped: 0.0000697 seconds, Stopping threads took: 0.0000167 seconds
[2019-12-09T05:18:07.027+0000][1][safepoint    ] Application time: 1.0000772 seconds
[2019-12-09T05:18:07.027+0000][1][safepoint    ] Entering safepoint region: Cleanup
[2019-12-09T05:18:07.027+0000][1][safepoint    ] Leaving safepoint region
[2019-12-09T05:18:07.027+0000][1][safepoint    ] Total time for which application threads were stopped: 0.0000711 seconds, Stopping threads took: 0.0000171 seconds
[2019-12-09T05:18:08.027+0000][1][safepoint    ] Application time: 1.0000761 seconds
[2019-12-09T05:18:08.028+0000][1][safepoint    ] Entering safepoint region: Cleanup
[2019-12-09T05:18:08.028+0000][1][safepoint    ] Leaving safepoint region
[2019-12-09T05:18:08.028+0000][1][safepoint    ] Total time for which application threads were stopped: 0.0000704 seconds, Stopping threads took: 0.0000173 seconds
[2019-12-09T05:18:09.028+0000][1][safepoint    ] Application time: 1.0000747 seconds
[2019-12-09T05:18:09.028+0000][1][safepoint    ] Entering safepoint region: Cleanup
[2019-12-09T05:18:09.028+0000][1][safepoint    ] Leaving safepoint region
[2019-12-09T05:18:09.028+0000][1][safepoint    ] Total time for which application threads were stopped: 0.0000769 seconds, Stopping threads took: 0.0000235 seconds
[2019-12-09T05:18:10.028+0000][1][safepoint    ] Application time: 1.0000745 seconds
[2019-12-09T05:18:10.028+0000][1][safepoint    ] Entering safepoint region: Cleanup
[2019-12-09T05:18:10.028+0000][1][safepoint    ] Leaving safepoint region
[2019-12-09T05:18:10.028+0000][1][safepoint    ] Total time for which application threads were stopped: 0.0000728 seconds, Stopping threads took: 0.0000184 seconds
[2019-12-09T05:18:11.028+0000][1][safepoint    ] Application time: 1.0000737 seconds
[2019-12-09T05:18:11.028+0000][1][safepoint    ] Entering safepoint region: Cleanup
[2019-12-09T05:18:11.028+0000][1][safepoint    ] Leaving safepoint region
[2019-12-09T05:18:11.028+0000][1][safepoint    ] Total time for which application threads were stopped: 0.0000723 seconds, Stopping threads took: 0.0000175 seconds
[2019-12-09T05:18:12.028+0000][1][safepoint    ] Application time: 1.0000769 seconds
[2019-12-09T05:18:12.028+0000][1][safepoint    ] Entering safepoint region: Cleanup
[2019-12-09T05:18:12.028+0000][1][safepoint    ] Leaving safepoint region
[2019-12-09T05:18:12.028+0000][1][safepoint    ] Total time for which application threads were stopped: 0.0000690 seconds, Stopping threads took: 0.0000166 seconds
[2019-12-09T05:18:13.028+0000][1][safepoint    ] Application time: 1.0000759 seconds
[2019-12-09T05:18:13.028+0000][1][safepoint    ] Entering safepoint region: Cleanup
[2019-12-09T05:18:13.029+0000][1][safepoint    ] Leaving safepoint region
[2019-12-09T05:18:13.029+0000][1][safepoint    ] Total time for which application threads were stopped: 0.0000822 seconds, Stopping threads took: 0.0000180 seconds
[2019-12-09T05:18:14.038+0000][1][safepoint    ] Application time: 1.0094477 seconds
[2019-12-09T05:18:14.038+0000][1][safepoint    ] Entering safepoint region: Cleanup
[2019-12-09T05:18:14.038+0000][1][safepoint    ] Leaving safepoint region
[2019-12-09T05:18:14.038+0000][1][safepoint    ] Total time for which application threads were stopped: 0.0000693 seconds, Stopping threads took: 0.0000161 seconds
[2019-12-09T05:18:15.038+0000][1][safepoint    ] Application time: 1.0000765 seconds
[2019-12-09T05:18:15.038+0000][1][safepoint    ] Entering safepoint region: Cleanup
[2019-12-09T05:18:15.038+0000][1][safepoint    ] Leaving safepoint region
[2019-12-09T05:18:15.038+0000][1][safepoint    ] Total time for which application threads were stopped: 0.0000677 seconds, Stopping threads took: 0.0000154 seconds
[2019-12-09T05:18:16.038+0000][1][safepoint    ] Application time: 1.0000777 seconds
[2019-12-09T05:18:16.038+0000][1][safepoint    ] Entering safepoint region: Cleanup
[2019-12-09T05:18:16.038+0000][1][safepoint    ] Leaving safepoint region
[2019-12-09T05:18:16.039+0000][1][safepoint    ] Total time for which application threads were stopped: 0.0000700 seconds, Stopping threads took: 0.0000165 seconds
[2019-12-09T05:18:17.039+0000][1][safepoint    ] Application time: 1.0000791 seconds
[2019-12-09T05:18:17.039+0000][1][safepoint    ] Entering safepoint region: Cleanup
[2019-12-09T05:18:17.039+0000][1][safepoint    ] Leaving safepoint region
[2019-12-09T05:18:17.039+0000][1][safepoint    ] Total time for which application threads were stopped: 0.0000843 seconds, Stopping threads took: 0.0000167 seconds
[2019-12-09T05:18:18.039+0000][1][safepoint    ] Application time: 1.0000845 seconds
[2019-12-09T05:18:18.039+0000][1][safepoint    ] Entering safepoint region: Cleanup
[2019-12-09T05:18:18.039+0000][1][safepoint    ] Leaving safepoint region
[2019-12-09T05:18:18.039+0000][1][safepoint    ] Total time for which application threads were stopped: 0.0001054 seconds, Stopping threads took: 0.0000472 seconds
[2019-12-09T05:18:19.039+0000][1][safepoint    ] Application time: 1.0000833 seconds
[2019-12-09T05:18:19.039+0000][1][safepoint    ] Entering safepoint region: Cleanup
[2019-12-09T05:18:19.039+0000][1][safepoint    ] Leaving safepoint region
[2019-12-09T05:18:19.039+0000][1][safepoint    ] Total time for which application threads were stopped: 0.0000701 seconds, Stopping threads took: 0.0000166 seconds
[2019-12-09T05:18:20.039+0000][1][safepoint    ] Application time: 1.0000753 seconds
[2019-12-09T05:18:20.039+0000][1][safepoint    ] Entering safepoint region: Cleanup
[2019-12-09T05:18:20.039+0000][1][safepoint    ] Leaving safepoint region
[2019-12-09T05:18:20.039+0000][1][safepoint    ] Total time for which application threads were stopped: 0.0000703 seconds, Stopping threads took: 0.0000160 seconds
[2019-12-09T05:18:21.039+0000][1][safepoint    ] Application time: 1.0000760 seconds
[2019-12-09T05:18:21.039+0000][1][safepoint    ] Entering safepoint region: Cleanup
[2019-12-09T05:18:21.040+0000][1][safepoint    ] Leaving safepoint region
[2019-12-09T05:18:21.040+0000][1][safepoint    ] Total time for which application threads were stopped: 0.0000739 seconds, Stopping threads took: 0.0000210 seconds
[2019-12-09T05:18:22.041+0000][1][safepoint    ] Application time: 1.0011293 seconds
[2019-12-09T05:18:22.041+0000][1][safepoint    ] Entering safepoint region: Cleanup
[2019-12-09T05:18:22.041+0000][1][safepoint    ] Leaving safepoint region
[2019-12-09T05:18:22.041+0000][1][safepoint    ] Total time for which application threads were stopped: 0.0000922 seconds, Stopping threads took: 0.0000214 seconds
[2019-12-09T05:18:23.041+0000][1][safepoint    ] Application time: 1.0000875 seconds
[2019-12-09T05:18:23.041+0000][1][safepoint    ] Entering safepoint region: Cleanup
[2019-12-09T05:18:23.041+0000][1][safepoint    ] Leaving safepoint region
[2019-12-09T05:18:23.041+0000][1][safepoint    ] Total time for which application threads were stopped: 0.0001212 seconds, Stopping threads took: 0.0000592 seconds
[2019-12-09T05:18:24.041+0000][1][safepoint    ] Application time: 1.0000828 seconds
[2019-12-09T05:18:24.041+0000][1][safepoint    ] Entering safepoint region: Cleanup
[2019-12-09T05:18:24.041+0000][1][safepoint    ] Leaving safepoint region
[2019-12-09T05:18:24.041+0000][1][safepoint    ] Total time for which application threads were stopped: 0.0000659 seconds, Stopping threads took: 0.0000155 seconds
[2019-12-09T05:18:25.041+0000][1][safepoint    ] Application time: 1.0000764 seconds
[2019-12-09T05:18:25.041+0000][1][safepoint    ] Entering safepoint region: Cleanup
[2019-12-09T05:18:25.041+0000][1][safepoint    ] Leaving safepoint region
[2019-12-09T05:18:25.041+0000][1][safepoint    ] Total time for which application threads were stopped: 0.0000660 seconds, Stopping threads took: 0.0000158 seconds
[2019-12-09T05:18:26.041+0000][1][safepoint    ] Application time: 1.0000766 seconds
[2019-12-09T05:18:26.042+0000][1][safepoint    ] Entering safepoint region: Cleanup
[2019-12-09T05:18:26.042+0000][1][safepoint    ] Leaving safepoint region
[2019-12-09T05:18:26.042+0000][1][safepoint    ] Total time for which application threads were stopped: 0.0000611 seconds, Stopping threads took: 0.0000138 seconds
[2019-12-09T05:18:27.042+0000][1][safepoint    ] Application time: 1.0000760 seconds
[2019-12-09T05:18:27.042+0000][1][safepoint    ] Entering safepoint region: Cleanup
[2019-12-09T05:18:27.042+0000][1][safepoint    ] Leaving safepoint region
[2019-12-09T05:18:27.042+0000][1][safepoint    ] Total time for which application threads were stopped: 0.0000685 seconds, Stopping threads took: 0.0000173 seconds
[2019-12-09T05:18:28.042+0000][1][safepoint    ] Application time: 1.0000824 seconds
[2019-12-09T05:18:28.042+0000][1][safepoint    ] Entering safepoint region: Cleanup
[2019-12-09T05:18:28.042+0000][1][safepoint    ] Leaving safepoint region
[2019-12-09T05:18:28.042+0000][1][safepoint    ] Total time for which application threads were stopped: 0.0001228 seconds, Stopping threads took: 0.0000658 seconds
[2019-12-09T05:18:29.042+0000][1][safepoint    ] Application time: 1.0000826 seconds
[2019-12-09T05:18:29.042+0000][1][safepoint    ] Entering safepoint region: Cleanup
[2019-12-09T05:18:29.042+0000][1][safepoint    ] Leaving safepoint region
[2019-12-09T05:18:29.042+0000][1][safepoint    ] Total time for which application threads were stopped: 0.0000654 seconds, Stopping threads took: 0.0000156 seconds
[2019-12-09T05:18:30.042+0000][1][safepoint    ] Application time: 1.0000780 seconds
[2019-12-09T05:18:30.042+0000][1][safepoint    ] Entering safepoint region: Cleanup
[2019-12-09T05:18:30.042+0000][1][safepoint    ] Leaving safepoint region
[2019-12-09T05:18:30.042+0000][1][safepoint    ] Total time for which application threads were stopped: 0.0000658 seconds, Stopping threads took: 0.0000170 seconds
[2019-12-09T05:18:31.042+0000][1][safepoint    ] Application time: 1.0000771 seconds
[2019-12-09T05:18:31.042+0000][1][safepoint    ] Entering safepoint region: Cleanup
[2019-12-09T05:18:31.043+0000][1][safepoint    ] Leaving safepoint region
[2019-12-09T05:18:31.043+0000][1][safepoint    ] Total time for which application threads were stopped: 0.0000672 seconds, Stopping threads took: 0.0000180 seconds
[2019-12-09T05:18:32.043+0000][1][safepoint    ] Application time: 1.0000763 seconds
[2019-12-09T05:18:32.043+0000][1][safepoint    ] Entering safepoint region: Cleanup
[2019-12-09T05:18:32.043+0000][1][safepoint    ] Leaving safepoint region
[2019-12-09T05:18:32.043+0000][1][safepoint    ] Total time for which application threads were stopped: 0.0000660 seconds, Stopping threads took: 0.0000161 seconds
[2019-12-09T05:18:33.043+0000][1][safepoint    ] Application time: 1.0000742 seconds
[2019-12-09T05:18:33.043+0000][1][safepoint    ] Entering safepoint region: Cleanup
[2019-12-09T05:18:33.043+0000][1][safepoint    ] Leaving safepoint region
[2019-12-09T05:18:33.043+0000][1][safepoint    ] Total time for which application threads were stopped: 0.0000685 seconds, Stopping threads took: 0.0000189 seconds
[2019-12-09T05:18:34.043+0000][1][safepoint    ] Application time: 1.0000781 seconds
[2019-12-09T05:18:34.043+0000][1][safepoint    ] Entering safepoint region: Cleanup
[2019-12-09T05:18:34.043+0000][1][safepoint    ] Leaving safepoint region
[2019-12-09T05:18:34.043+0000][1][safepoint    ] Total time for which application threads were stopped: 0.0000663 seconds, Stopping threads took: 0.0000158 seconds
[2019-12-09T05:18:35.043+0000][1][safepoint    ] Application time: 1.0000812 seconds
[2019-12-09T05:18:35.043+0000][1][safepoint    ] Entering safepoint region: Cleanup
[2019-12-09T05:18:35.043+0000][1][safepoint    ] Leaving safepoint region
[2019-12-09T05:18:35.043+0000][1][safepoint    ] Total time for which application threads were stopped: 0.0000718 seconds, Stopping threads took: 0.0000205 seconds
[2019-12-09T05:18:36.043+0000][1][safepoint    ] Application time: 1.0000820 seconds
[2019-12-09T05:18:36.043+0000][1][safepoint    ] Entering safepoint region: Cleanup
[2019-12-09T05:18:36.043+0000][1][safepoint    ] Leaving safepoint region
[2019-12-09T05:18:36.043+0000][1][safepoint    ] Total time for which application threads were stopped: 0.0000841 seconds, Stopping threads took: 0.0000198 seconds
[2019-12-09T05:18:37.044+0000][1][safepoint    ] Application time: 1.0000809 seconds
[2019-12-09T05:18:37.044+0000][1][safepoint    ] Entering safepoint region: Cleanup
[2019-12-09T05:18:37.044+0000][1][safepoint    ] Leaving safepoint region
[2019-12-09T05:18:37.044+0000][1][safepoint    ] Total time for which application threads were stopped: 0.0000847 seconds, Stopping threads took: 0.0000206 seconds
[2019-12-09T05:18:38.044+0000][1][safepoint    ] Application time: 1.0000782 seconds
[2019-12-09T05:18:38.044+0000][1][safepoint    ] Entering safepoint region: Cleanup
[2019-12-09T05:18:38.044+0000][1][safepoint    ] Leaving safepoint region
[2019-12-09T05:18:38.044+0000][1][safepoint    ] Total time for which application threads were stopped: 0.0000910 seconds, Stopping threads took: 0.0000228 seconds
[2019-12-09T05:18:39.044+0000][1][safepoint    ] Application time: 1.0000776 seconds
[2019-12-09T05:18:39.044+0000][1][safepoint    ] Entering safepoint region: Cleanup
[2019-12-09T05:18:39.044+0000][1][safepoint    ] Leaving safepoint region
[2019-12-09T05:18:39.044+0000][1][safepoint    ] Total time for which application threads were stopped: 0.0001005 seconds, Stopping threads took: 0.0000314 seconds
[2019-12-09T05:18:40.044+0000][1][safepoint    ] Application time: 1.0000771 seconds
[2019-12-09T05:18:40.044+0000][1][safepoint    ] Entering safepoint region: Cleanup
[2019-12-09T05:18:40.044+0000][1][safepoint    ] Leaving safepoint region
[2019-12-09T05:18:40.044+0000][1][safepoint    ] Total time for which application threads were stopped: 0.0000902 seconds, Stopping threads took: 0.0000217 seconds
[2019-12-09T05:18:41.044+0000][1][safepoint    ] Application time: 1.0000746 seconds
[2019-12-09T05:18:41.044+0000][1][safepoint    ] Entering safepoint region: Cleanup
[2019-12-09T05:18:41.044+0000][1][safepoint    ] Leaving safepoint region
[2019-12-09T05:18:41.044+0000][1][safepoint    ] Total time for which application threads were stopped: 0.0000905 seconds, Stopping threads took: 0.0000225 seconds
[2019-12-09T05:18:42.045+0000][1][safepoint    ] Application time: 1.0000768 seconds
[2019-12-09T05:18:42.045+0000][1][safepoint    ] Entering safepoint region: Cleanup
[2019-12-09T05:18:42.045+0000][1][safepoint    ] Leaving safepoint region
[2019-12-09T05:18:42.045+0000][1][safepoint    ] Total time for which application threads were stopped: 0.0001042 seconds, Stopping threads took: 0.0000219 seconds
[2019-12-09T05:18:43.045+0000][1][safepoint    ] Application time: 1.0000741 seconds
[2019-12-09T05:18:43.045+0000][1][safepoint    ] Entering safepoint region: Cleanup
[2019-12-09T05:18:43.045+0000][1][safepoint    ] Leaving safepoint region
[2019-12-09T05:18:43.045+0000][1][safepoint    ] Total time for which application threads were stopped: 0.0000906 seconds, Stopping threads took: 0.0000196 seconds
[2019-12-09T05:18:44.045+0000][1][safepoint    ] Application time: 1.0000771 seconds
[2019-12-09T05:18:44.045+0000][1][safepoint    ] Entering safepoint region: Cleanup
[2019-12-09T05:18:44.045+0000][1][safepoint    ] Leaving safepoint region
[2019-12-09T05:18:44.045+0000][1][safepoint    ] Total time for which application threads were stopped: 0.0000897 seconds, Stopping threads took: 0.0000207 seconds
[2019-12-09T05:18:45.045+0000][1][safepoint    ] Application time: 1.0000767 seconds
[2019-12-09T05:18:45.045+0000][1][safepoint    ] Entering safepoint region: Cleanup
[2019-12-09T05:18:45.045+0000][1][safepoint    ] Leaving safepoint region
[2019-12-09T05:18:45.045+0000][1][safepoint    ] Total time for which application threads were stopped: 0.0000861 seconds, Stopping threads took: 0.0000179 seconds
[2019-12-09T05:18:46.045+0000][1][safepoint    ] Application time: 1.0000775 seconds
[2019-12-09T05:18:46.045+0000][1][safepoint    ] Entering safepoint region: Cleanup
[2019-12-09T05:18:46.046+0000][1][safepoint    ] Leaving safepoint region
[2019-12-09T05:18:46.046+0000][1][safepoint    ] Total time for which application threads were stopped: 0.0000885 seconds, Stopping threads took: 0.0000178 seconds
[2019-12-09T05:18:47.046+0000][1][safepoint    ] Application time: 1.0000759 seconds
[2019-12-09T05:18:47.046+0000][1][safepoint    ] Entering safepoint region: Cleanup
[2019-12-09T05:18:47.046+0000][1][safepoint    ] Leaving safepoint region
[2019-12-09T05:18:47.046+0000][1][safepoint    ] Total time for which application threads were stopped: 0.0000905 seconds, Stopping threads took: 0.0000208 seconds
[2019-12-09T05:18:48.046+0000][1][safepoint    ] Application time: 1.0000744 seconds
[2019-12-09T05:18:48.046+0000][1][safepoint    ] Entering safepoint region: Cleanup
[2019-12-09T05:18:48.046+0000][1][safepoint    ] Leaving safepoint region
[2019-12-09T05:18:48.046+0000][1][safepoint    ] Total time for which application threads were stopped: 0.0000864 seconds, Stopping threads took: 0.0000185 seconds
[2019-12-09T05:18:49.046+0000][1][safepoint    ] Application time: 1.0000762 seconds
[2019-12-09T05:18:49.046+0000][1][safepoint    ] Entering safepoint region: Cleanup
[2019-12-09T05:18:49.046+0000][1][safepoint    ] Leaving safepoint region
[2019-12-09T05:18:49.046+0000][1][safepoint    ] Total time for which application threads were stopped: 0.0000845 seconds, Stopping threads took: 0.0000172 seconds
[2019-12-09T05:18:50.046+0000][1][safepoint    ] Application time: 1.0000765 seconds
[2019-12-09T05:18:50.046+0000][1][safepoint    ] Entering safepoint region: Cleanup
[2019-12-09T05:18:50.046+0000][1][safepoint    ] Leaving safepoint region
[2019-12-09T05:18:50.046+0000][1][safepoint    ] Total time for which application threads were stopped: 0.0000826 seconds, Stopping threads took: 0.0000158 seconds
[2019-12-09T05:18:51.046+0000][1][safepoint    ] Application time: 1.0000744 seconds
[2019-12-09T05:18:51.047+0000][1][safepoint    ] Entering safepoint region: Cleanup
[2019-12-09T05:18:51.047+0000][1][safepoint    ] Leaving safepoint region
[2019-12-09T05:18:51.047+0000][1][safepoint    ] Total time for which application threads were stopped: 0.0000775 seconds, Stopping threads took: 0.0000165 seconds
[2019-12-09T05:18:52.047+0000][1][safepoint    ] Application time: 1.0002376 seconds
[2019-12-09T05:18:52.047+0000][1][safepoint    ] Entering safepoint region: Cleanup
[2019-12-09T05:18:52.047+0000][1][safepoint    ] Leaving safepoint region
[2019-12-09T05:18:52.047+0000][1][safepoint    ] Total time for which application threads were stopped: 0.0000930 seconds, Stopping threads took: 0.0000230 seconds
[2019-12-09T05:18:53.047+0000][1][safepoint    ] Application time: 1.0000741 seconds
[2019-12-09T05:18:53.047+0000][1][safepoint    ] Entering safepoint region: Cleanup
[2019-12-09T05:18:53.047+0000][1][safepoint    ] Leaving safepoint region
[2019-12-09T05:18:53.047+0000][1][safepoint    ] Total time for which application threads were stopped: 0.0000662 seconds, Stopping threads took: 0.0000171 seconds
[2019-12-09T05:18:54.047+0000][1][safepoint    ] Application time: 1.0000806 seconds
[2019-12-09T05:18:54.047+0000][1][safepoint    ] Entering safepoint region: Cleanup
[2019-12-09T05:18:54.047+0000][1][safepoint    ] Leaving safepoint region
[2019-12-09T05:18:54.047+0000][1][safepoint    ] Total time for which application threads were stopped: 0.0000656 seconds, Stopping threads took: 0.0000160 seconds
[2019-12-09T05:18:55.072+0000][1][safepoint    ] Application time: 1.0247520 seconds
[2019-12-09T05:18:55.072+0000][1][safepoint    ] Entering safepoint region: Cleanup
[2019-12-09T05:18:55.072+0000][1][safepoint    ] Leaving safepoint region
[2019-12-09T05:18:55.072+0000][1][safepoint    ] Total time for which application threads were stopped: 0.0000656 seconds, Stopping threads took: 0.0000163 seconds
[2019-12-09T05:18:56.072+0000][1][safepoint    ] Application time: 1.0000762 seconds
[2019-12-09T05:18:56.072+0000][1][safepoint    ] Entering safepoint region: Cleanup
[2019-12-09T05:18:56.072+0000][1][safepoint    ] Leaving safepoint region
[2019-12-09T05:18:56.072+0000][1][safepoint    ] Total time for which application threads were stopped: 0.0000672 seconds, Stopping threads took: 0.0000166 seconds
[2019-12-09T05:18:57.072+0000][1][safepoint    ] Application time: 1.0000752 seconds
[2019-12-09T05:18:57.072+0000][1][safepoint    ] Entering safepoint region: Cleanup
[2019-12-09T05:18:57.073+0000][1][safepoint    ] Leaving safepoint region
[2019-12-09T05:18:57.073+0000][1][safepoint    ] Total time for which application threads were stopped: 0.0000650 seconds, Stopping threads took: 0.0000150 seconds
[2019-12-09T05:18:58.073+0000][1][safepoint    ] Application time: 1.0000739 seconds
[2019-12-09T05:18:58.073+0000][1][safepoint    ] Entering safepoint region: Cleanup
[2019-12-09T05:18:58.073+0000][1][safepoint    ] Leaving safepoint region
[2019-12-09T05:18:58.073+0000][1][safepoint    ] Total time for which application threads were stopped: 0.0000783 seconds, Stopping threads took: 0.0000162 seconds
[2019-12-09T05:18:59.073+0000][1][safepoint    ] Application time: 1.0000743 seconds
[2019-12-09T05:18:59.073+0000][1][safepoint    ] Entering safepoint region: Cleanup
[2019-12-09T05:18:59.073+0000][1][safepoint    ] Leaving safepoint region
[2019-12-09T05:18:59.073+0000][1][safepoint    ] Total time for which application threads were stopped: 0.0000653 seconds, Stopping threads took: 0.0000158 seconds
[2019-12-09T05:19:00.073+0000][1][safepoint    ] Application time: 1.0000770 seconds
[2019-12-09T05:19:00.073+0000][1][safepoint    ] Entering safepoint region: Cleanup
[2019-12-09T05:19:00.073+0000][1][safepoint    ] Leaving safepoint region
[2019-12-09T05:19:00.073+0000][1][safepoint    ] Total time for which application threads were stopped: 0.0000662 seconds, Stopping threads took: 0.0000152 seconds
[2019-12-09T05:19:01.073+0000][1][safepoint    ] Application time: 1.0000742 seconds
[2019-12-09T05:19:01.073+0000][1][safepoint    ] Entering safepoint region: Cleanup
[2019-12-09T05:19:01.073+0000][1][safepoint    ] Leaving safepoint region
[2019-12-09T05:19:01.073+0000][1][safepoint    ] Total time for which application threads were stopped: 0.0000828 seconds, Stopping threads took: 0.0000164 seconds
[2019-12-09T05:19:02.073+0000][1][safepoint    ] Application time: 1.0000748 seconds
[2019-12-09T05:19:02.073+0000][1][safepoint    ] Entering safepoint region: Cleanup
[2019-12-09T05:19:02.073+0000][1][safepoint    ] Leaving safepoint region
[2019-12-09T05:19:02.073+0000][1][safepoint    ] Total time for which application threads were stopped: 0.0000657 seconds, Stopping threads took: 0.0000154 seconds
[2019-12-09T05:19:03.074+0000][1][safepoint    ] Application time: 1.0000773 seconds
[2019-12-09T05:19:03.074+0000][1][safepoint    ] Entering safepoint region: Cleanup
[2019-12-09T05:19:03.074+0000][1][safepoint    ] Leaving safepoint region
[2019-12-09T05:19:03.074+0000][1][safepoint    ] Total time for which application threads were stopped: 0.0000623 seconds, Stopping threads took: 0.0000151 seconds
[2019-12-09T05:19:04.074+0000][1][safepoint    ] Application time: 1.0000752 seconds
[2019-12-09T05:19:04.074+0000][1][safepoint    ] Entering safepoint region: Cleanup
[2019-12-09T05:19:04.074+0000][1][safepoint    ] Leaving safepoint region
[2019-12-09T05:19:04.074+0000][1][safepoint    ] Total time for which application threads were stopped: 0.0000660 seconds, Stopping threads took: 0.0000157 seconds
[2019-12-09T05:19:05.074+0000][1][safepoint    ] Application time: 1.0000751 seconds
[2019-12-09T05:19:05.074+0000][1][safepoint    ] Entering safepoint region: Cleanup
[2019-12-09T05:19:05.074+0000][1][safepoint    ] Leaving safepoint region
[2019-12-09T05:19:05.074+0000][1][safepoint    ] Total time for which application threads were stopped: 0.0000649 seconds, Stopping threads took: 0.0000158 seconds
[2019-12-09T05:19:06.074+0000][1][safepoint    ] Application time: 1.0000739 seconds
[2019-12-09T05:19:06.074+0000][1][safepoint    ] Entering safepoint region: Cleanup
[2019-12-09T05:19:06.074+0000][1][safepoint    ] Leaving safepoint region
[2019-12-09T05:19:06.074+0000][1][safepoint    ] Total time for which application threads were stopped: 0.0000659 seconds, Stopping threads took: 0.0000167 seconds
[2019-12-09T05:19:07.074+0000][1][safepoint    ] Application time: 1.0000748 seconds
[2019-12-09T05:19:07.074+0000][1][safepoint    ] Entering safepoint region: Cleanup
[2019-12-09T05:19:07.074+0000][1][safepoint    ] Leaving safepoint region
[2019-12-09T05:19:07.074+0000][1][safepoint    ] Total time for which application threads were stopped: 0.0000648 seconds, Stopping threads took: 0.0000171 seconds
[2019-12-09T05:19:08.074+0000][1][safepoint    ] Application time: 1.0000745 seconds
[2019-12-09T05:19:08.074+0000][1][safepoint    ] Entering safepoint region: Cleanup
[2019-12-09T05:19:08.074+0000][1][safepoint    ] Leaving safepoint region
[2019-12-09T05:19:08.074+0000][1][safepoint    ] Total time for which application threads were stopped: 0.0000657 seconds, Stopping threads took: 0.0000170 seconds
[2019-12-09T05:19:09.075+0000][1][safepoint    ] Application time: 1.0000730 seconds
[2019-12-09T05:19:09.075+0000][1][safepoint    ] Entering safepoint region: Cleanup
[2019-12-09T05:19:09.075+0000][1][safepoint    ] Leaving safepoint region
[2019-12-09T05:19:09.075+0000][1][safepoint    ] Total time for which application threads were stopped: 0.0000727 seconds, Stopping threads took: 0.0000226 seconds
[2019-12-09T05:19:10.075+0000][1][safepoint    ] Application time: 1.0000762 seconds
[2019-12-09T05:19:10.075+0000][1][safepoint    ] Entering safepoint region: Cleanup
[2019-12-09T05:19:10.075+0000][1][safepoint    ] Leaving safepoint region
[2019-12-09T05:19:10.075+0000][1][safepoint    ] Total time for which application threads were stopped: 0.0000665 seconds, Stopping threads took: 0.0000159 seconds
[2019-12-09T05:19:11.075+0000][1][safepoint    ] Application time: 1.0000747 seconds
[2019-12-09T05:19:11.075+0000][1][safepoint    ] Entering safepoint region: Cleanup
[2019-12-09T05:19:11.075+0000][1][safepoint    ] Leaving safepoint region
[2019-12-09T05:19:11.075+0000][1][safepoint    ] Total time for which application threads were stopped: 0.0000675 seconds, Stopping threads took: 0.0000178 seconds
[2019-12-09T05:19:12.075+0000][1][safepoint    ] Application time: 1.0000761 seconds
[2019-12-09T05:19:12.075+0000][1][safepoint    ] Entering safepoint region: Cleanup
[2019-12-09T05:19:12.075+0000][1][safepoint    ] Leaving safepoint region
[2019-12-09T05:19:12.075+0000][1][safepoint    ] Total time for which application threads were stopped: 0.0000666 seconds, Stopping threads took: 0.0000166 seconds
[2019-12-09T05:19:13.058+0000][1][safepoint    ] Application time: 0.9829010 seconds
[2019-12-09T05:19:13.058+0000][1][safepoint    ] Entering safepoint region: GenCollectForAllocation
[2019-12-09T05:19:13.058+0000][1][gc,start     ] GC(67) Pause Young (Allocation Failure)
[2019-12-09T05:19:13.058+0000][1][gc,task      ] GC(67) Using 2 workers of 2 for evacuation
[2019-12-09T05:19:13.059+0000][1][gc,age       ] GC(67) Desired survivor size 4456448 bytes, new threshold 6 (max threshold 6)
[2019-12-09T05:19:13.060+0000][1][gc,age       ] GC(67) Age table with threshold 6 (max threshold 6)
[2019-12-09T05:19:13.060+0000][1][gc,age       ] GC(67) - age   1:       4016 bytes,       4016 total
[2019-12-09T05:19:13.060+0000][1][gc,heap      ] GC(67) ParNew: 69958K->6K(78656K)
[2019-12-09T05:19:13.060+0000][1][gc,heap      ] GC(67) CMS: 69354K->69354K(174784K)
[2019-12-09T05:19:13.060+0000][1][gc,metaspace ] GC(67) Metaspace: 68454K->68454K(1112064K)
[2019-12-09T05:19:13.060+0000][1][gc           ] GC(67) Pause Young (Allocation Failure) 136M->67M(247M) 1.335ms
[2019-12-09T05:19:13.060+0000][1][gc,cpu       ] GC(67) User=0.00s Sys=0.00s Real=0.00s
[2019-12-09T05:19:13.060+0000][1][safepoint    ] Leaving safepoint region
[2019-12-09T05:19:13.060+0000][1][safepoint    ] Total time for which application threads were stopped: 0.0014773 seconds, Stopping threads took: 0.0000147 seconds
[2019-12-09T05:19:14.060+0000][1][safepoint    ] Application time: 1.0000880 seconds
[2019-12-09T05:19:14.060+0000][1][safepoint    ] Entering safepoint region: Cleanup
[2019-12-09T05:19:14.060+0000][1][safepoint    ] Leaving safepoint region
[2019-12-09T05:19:14.060+0000][1][safepoint    ] Total time for which application threads were stopped: 0.0000652 seconds, Stopping threads took: 0.0000157 seconds
[2019-12-09T05:19:15.060+0000][1][safepoint    ] Application time: 1.0000753 seconds
[2019-12-09T05:19:15.060+0000][1][safepoint    ] Entering safepoint region: Cleanup
[2019-12-09T05:19:15.060+0000][1][safepoint    ] Leaving safepoint region
[2019-12-09T05:19:15.060+0000][1][safepoint    ] Total time for which application threads were stopped: 0.0000633 seconds, Stopping threads took: 0.0000147 seconds
[2019-12-09T05:19:16.060+0000][1][safepoint    ] Application time: 1.0000737 seconds
[2019-12-09T05:19:16.060+0000][1][safepoint    ] Entering safepoint region: Cleanup
[2019-12-09T05:19:16.060+0000][1][safepoint    ] Leaving safepoint region
[2019-12-09T05:19:16.060+0000][1][safepoint    ] Total time for which application threads were stopped: 0.0000652 seconds, Stopping threads took: 0.0000157 seconds
[2019-12-09T05:19:17.060+0000][1][safepoint    ] Application time: 1.0000722 seconds
[2019-12-09T05:19:17.060+0000][1][safepoint    ] Entering safepoint region: Cleanup
[2019-12-09T05:19:17.060+0000][1][safepoint    ] Leaving safepoint region
[2019-12-09T05:19:17.060+0000][1][safepoint    ] Total time for which application threads were stopped: 0.0000700 seconds, Stopping threads took: 0.0000178 seconds
[2019-12-09T05:19:18.060+0000][1][safepoint    ] Application time: 1.0000866 seconds
[2019-12-09T05:19:18.060+0000][1][safepoint    ] Entering safepoint region: Cleanup
[2019-12-09T05:19:18.060+0000][1][safepoint    ] Leaving safepoint region
[2019-12-09T05:19:18.060+0000][1][safepoint    ] Total time for which application threads were stopped: 0.0000750 seconds, Stopping threads took: 0.0000203 seconds
[2019-12-09T05:19:19.061+0000][1][safepoint    ] Application time: 1.0000852 seconds
[2019-12-09T05:19:19.061+0000][1][safepoint    ] Entering safepoint region: Cleanup
[2019-12-09T05:19:19.061+0000][1][safepoint    ] Leaving safepoint region
[2019-12-09T05:19:19.061+0000][1][safepoint    ] Total time for which application threads were stopped: 0.0000657 seconds, Stopping threads took: 0.0000159 seconds
[2019-12-09T05:19:20.061+0000][1][safepoint    ] Application time: 1.0000817 seconds
[2019-12-09T05:19:20.061+0000][1][safepoint    ] Entering safepoint region: Cleanup
[2019-12-09T05:19:20.061+0000][1][safepoint    ] Leaving safepoint region
[2019-12-09T05:19:20.061+0000][1][safepoint    ] Total time for which application threads were stopped: 0.0000672 seconds, Stopping threads took: 0.0000160 seconds
[2019-12-09T05:19:21.061+0000][1][safepoint    ] Application time: 1.0000744 seconds
[2019-12-09T05:19:21.061+0000][1][safepoint    ] Entering safepoint region: Cleanup
[2019-12-09T05:19:21.061+0000][1][safepoint    ] Leaving safepoint region
[2019-12-09T05:19:21.061+0000][1][safepoint    ] Total time for which application threads were stopped: 0.0000754 seconds, Stopping threads took: 0.0000180 seconds
[2019-12-09T05:19:22.061+0000][1][safepoint    ] Application time: 1.0000741 seconds
[2019-12-09T05:19:22.061+0000][1][safepoint    ] Entering safepoint region: Cleanup
[2019-12-09T05:19:22.061+0000][1][safepoint    ] Leaving safepoint region
[2019-12-09T05:19:22.061+0000][1][safepoint    ] Total time for which application threads were stopped: 0.0000646 seconds, Stopping threads took: 0.0000152 seconds
[2019-12-09T05:19:23.061+0000][1][safepoint    ] Application time: 1.0000755 seconds
[2019-12-09T05:19:23.061+0000][1][safepoint    ] Entering safepoint region: Cleanup
[2019-12-09T05:19:23.061+0000][1][safepoint    ] Leaving safepoint region
[2019-12-09T05:19:23.061+0000][1][safepoint    ] Total time for which application threads were stopped: 0.0000747 seconds, Stopping threads took: 0.0000215 seconds
[2019-12-09T05:19:24.061+0000][1][safepoint    ] Application time: 1.0000795 seconds
[2019-12-09T05:19:24.062+0000][1][safepoint    ] Entering safepoint region: Cleanup
[2019-12-09T05:19:24.062+0000][1][safepoint    ] Leaving safepoint region
[2019-12-09T05:19:24.062+0000][1][safepoint    ] Total time for which application threads were stopped: 0.0000712 seconds, Stopping threads took: 0.0000179 seconds
[2019-12-09T05:19:25.062+0000][1][safepoint    ] Application time: 1.0000763 seconds
[2019-12-09T05:19:25.062+0000][1][safepoint    ] Entering safepoint region: Cleanup
[2019-12-09T05:19:25.062+0000][1][safepoint    ] Leaving safepoint region
[2019-12-09T05:19:25.062+0000][1][safepoint    ] Total time for which application threads were stopped: 0.0000707 seconds, Stopping threads took: 0.0000178 seconds
[2019-12-09T05:19:26.062+0000][1][safepoint    ] Application time: 1.0000762 seconds
[2019-12-09T05:19:26.062+0000][1][safepoint    ] Entering safepoint region: Cleanup
[2019-12-09T05:19:26.062+0000][1][safepoint    ] Leaving safepoint region
[2019-12-09T05:19:26.062+0000][1][safepoint    ] Total time for which application threads were stopped: 0.0000685 seconds, Stopping threads took: 0.0000167 seconds
[2019-12-09T05:19:27.062+0000][1][safepoint    ] Application time: 1.0000745 seconds
[2019-12-09T05:19:27.062+0000][1][safepoint    ] Entering safepoint region: Cleanup
[2019-12-09T05:19:27.062+0000][1][safepoint    ] Leaving safepoint region
[2019-12-09T05:19:27.062+0000][1][safepoint    ] Total time for which application threads were stopped: 0.0000695 seconds, Stopping threads took: 0.0000165 seconds
[2019-12-09T05:19:28.062+0000][1][safepoint    ] Application time: 1.0000794 seconds
[2019-12-09T05:19:28.062+0000][1][safepoint    ] Entering safepoint region: Cleanup
[2019-12-09T05:19:28.062+0000][1][safepoint    ] Leaving safepoint region
[2019-12-09T05:19:28.062+0000][1][safepoint    ] Total time for which application threads were stopped: 0.0000716 seconds, Stopping threads took: 0.0000181 seconds
[2019-12-09T05:19:29.062+0000][1][safepoint    ] Application time: 1.0000753 seconds
[2019-12-09T05:19:29.062+0000][1][safepoint    ] Entering safepoint region: Cleanup
[2019-12-09T05:19:29.063+0000][1][safepoint    ] Leaving safepoint region
[2019-12-09T05:19:29.063+0000][1][safepoint    ] Total time for which application threads were stopped: 0.0000707 seconds, Stopping threads took: 0.0000173 seconds
[2019-12-09T05:19:30.063+0000][1][safepoint    ] Application time: 1.0000478 seconds
[2019-12-09T05:19:30.063+0000][1][safepoint    ] Entering safepoint region: Cleanup
[2019-12-09T05:19:30.063+0000][1][safepoint    ] Leaving safepoint region
[2019-12-09T05:19:30.063+0000][1][safepoint    ] Total time for which application threads were stopped: 0.0000828 seconds, Stopping threads took: 0.0000175 seconds
[2019-12-09T05:19:31.063+0000][1][safepoint    ] Application time: 1.0000758 seconds
[2019-12-09T05:19:31.063+0000][1][safepoint    ] Entering safepoint region: Cleanup
[2019-12-09T05:19:31.063+0000][1][safepoint    ] Leaving safepoint region
[2019-12-09T05:19:31.063+0000][1][safepoint    ] Total time for which application threads were stopped: 0.0000749 seconds, Stopping threads took: 0.0000211 seconds
[2019-12-09T05:19:32.063+0000][1][safepoint    ] Application time: 1.0000743 seconds
[2019-12-09T05:19:32.063+0000][1][safepoint    ] Entering safepoint region: Cleanup
[2019-12-09T05:19:32.063+0000][1][safepoint    ] Leaving safepoint region
[2019-12-09T05:19:32.063+0000][1][safepoint    ] Total time for which application threads were stopped: 0.0000700 seconds, Stopping threads took: 0.0000167 seconds
[2019-12-09T05:19:33.063+0000][1][safepoint    ] Application time: 1.0000765 seconds
[2019-12-09T05:19:33.063+0000][1][safepoint    ] Entering safepoint region: Cleanup
[2019-12-09T05:19:33.063+0000][1][safepoint    ] Leaving safepoint region
[2019-12-09T05:19:33.063+0000][1][safepoint    ] Total time for which application threads were stopped: 0.0000703 seconds, Stopping threads took: 0.0000175 seconds
[2019-12-09T05:19:34.063+0000][1][safepoint    ] Application time: 1.0000773 seconds
[2019-12-09T05:19:34.063+0000][1][safepoint    ] Entering safepoint region: Cleanup
[2019-12-09T05:19:34.063+0000][1][safepoint    ] Leaving safepoint region
[2019-12-09T05:19:34.063+0000][1][safepoint    ] Total time for which application threads were stopped: 0.0000715 seconds, Stopping threads took: 0.0000191 seconds
[2019-12-09T05:19:35.064+0000][1][safepoint    ] Application time: 1.0000783 seconds
[2019-12-09T05:19:35.064+0000][1][safepoint    ] Entering safepoint region: Cleanup
[2019-12-09T05:19:35.064+0000][1][safepoint    ] Leaving safepoint region
[2019-12-09T05:19:35.064+0000][1][safepoint    ] Total time for which application threads were stopped: 0.0000711 seconds, Stopping threads took: 0.0000182 seconds
[2019-12-09T05:19:36.064+0000][1][safepoint    ] Application time: 1.0000787 seconds
[2019-12-09T05:19:36.064+0000][1][safepoint    ] Entering safepoint region: Cleanup
[2019-12-09T05:19:36.064+0000][1][safepoint    ] Leaving safepoint region
[2019-12-09T05:19:36.064+0000][1][safepoint    ] Total time for which application threads were stopped: 0.0000717 seconds, Stopping threads took: 0.0000175 seconds
[2019-12-09T05:19:37.064+0000][1][safepoint    ] Application time: 1.0000766 seconds
[2019-12-09T05:19:37.064+0000][1][safepoint    ] Entering safepoint region: Cleanup
[2019-12-09T05:19:37.064+0000][1][safepoint    ] Leaving safepoint region
[2019-12-09T05:19:37.064+0000][1][safepoint    ] Total time for which application threads were stopped: 0.0000702 seconds, Stopping threads took: 0.0000179 seconds
[2019-12-09T05:19:38.064+0000][1][safepoint    ] Application time: 1.0000787 seconds
[2019-12-09T05:19:38.064+0000][1][safepoint    ] Entering safepoint region: Cleanup
[2019-12-09T05:19:38.064+0000][1][safepoint    ] Leaving safepoint region
[2019-12-09T05:19:38.064+0000][1][safepoint    ] Total time for which application threads were stopped: 0.0000707 seconds, Stopping threads took: 0.0000173 seconds
[2019-12-09T05:19:39.064+0000][1][safepoint    ] Application time: 1.0000768 seconds
[2019-12-09T05:19:39.064+0000][1][safepoint    ] Entering safepoint region: Cleanup
[2019-12-09T05:19:39.064+0000][1][safepoint    ] Leaving safepoint region
[2019-12-09T05:19:39.064+0000][1][safepoint    ] Total time for which application threads were stopped: 0.0000777 seconds, Stopping threads took: 0.0000243 seconds
[2019-12-09T05:19:40.065+0000][1][safepoint    ] Application time: 1.0000762 seconds
[2019-12-09T05:19:40.065+0000][1][safepoint    ] Entering safepoint region: Cleanup
[2019-12-09T05:19:40.065+0000][1][safepoint    ] Leaving safepoint region
[2019-12-09T05:19:40.065+0000][1][safepoint    ] Total time for which application threads were stopped: 0.0000704 seconds, Stopping threads took: 0.0000173 seconds
[2019-12-09T05:19:41.065+0000][1][safepoint    ] Application time: 1.0000758 seconds
[2019-12-09T05:19:41.065+0000][1][safepoint    ] Entering safepoint region: Cleanup
[2019-12-09T05:19:41.065+0000][1][safepoint    ] Leaving safepoint region
[2019-12-09T05:19:41.065+0000][1][safepoint    ] Total time for which application threads were stopped: 0.0000684 seconds, Stopping threads took: 0.0000161 seconds
[2019-12-09T05:19:42.065+0000][1][safepoint    ] Application time: 1.0000759 seconds
[2019-12-09T05:19:42.065+0000][1][safepoint    ] Entering safepoint region: Cleanup
[2019-12-09T05:19:42.065+0000][1][safepoint    ] Leaving safepoint region
[2019-12-09T05:19:42.065+0000][1][safepoint    ] Total time for which application threads were stopped: 0.0000708 seconds, Stopping threads took: 0.0000172 seconds
[2019-12-09T05:19:43.065+0000][1][safepoint    ] Application time: 1.0000759 seconds
[2019-12-09T05:19:43.065+0000][1][safepoint    ] Entering safepoint region: Cleanup
[2019-12-09T05:19:43.065+0000][1][safepoint    ] Leaving safepoint region
[2019-12-09T05:19:43.065+0000][1][safepoint    ] Total time for which application threads were stopped: 0.0000721 seconds, Stopping threads took: 0.0000195 seconds
[2019-12-09T05:19:44.065+0000][1][safepoint    ] Application time: 1.0000767 seconds
[2019-12-09T05:19:44.065+0000][1][safepoint    ] Entering safepoint region: Cleanup
[2019-12-09T05:19:44.065+0000][1][safepoint    ] Leaving safepoint region
[2019-12-09T05:19:44.065+0000][1][safepoint    ] Total time for which application threads were stopped: 0.0000701 seconds, Stopping threads took: 0.0000182 seconds
[2019-12-09T05:19:45.065+0000][1][safepoint    ] Application time: 1.0000756 seconds
[2019-12-09T05:19:45.066+0000][1][safepoint    ] Entering safepoint region: Cleanup
[2019-12-09T05:19:45.066+0000][1][safepoint    ] Leaving safepoint region
[2019-12-09T05:19:45.066+0000][1][safepoint    ] Total time for which application threads were stopped: 0.0000715 seconds, Stopping threads took: 0.0000170 seconds
[2019-12-09T05:19:46.066+0000][1][safepoint    ] Application time: 1.0000768 seconds
[2019-12-09T05:19:46.066+0000][1][safepoint    ] Entering safepoint region: Cleanup
[2019-12-09T05:19:46.066+0000][1][safepoint    ] Leaving safepoint region
[2019-12-09T05:19:46.066+0000][1][safepoint    ] Total time for which application threads were stopped: 0.0000684 seconds, Stopping threads took: 0.0000174 seconds
[2019-12-09T05:19:47.066+0000][1][safepoint    ] Application time: 1.0000761 seconds
[2019-12-09T05:19:47.066+0000][1][safepoint    ] Entering safepoint region: Cleanup
[2019-12-09T05:19:47.066+0000][1][safepoint    ] Leaving safepoint region
[2019-12-09T05:19:47.066+0000][1][safepoint    ] Total time for which application threads were stopped: 0.0000718 seconds, Stopping threads took: 0.0000183 seconds
[2019-12-09T05:19:48.066+0000][1][safepoint    ] Application time: 1.0000769 seconds
[2019-12-09T05:19:48.066+0000][1][safepoint    ] Entering safepoint region: Cleanup
[2019-12-09T05:19:48.066+0000][1][safepoint    ] Leaving safepoint region
[2019-12-09T05:19:48.066+0000][1][safepoint    ] Total time for which application threads were stopped: 0.0000685 seconds, Stopping threads took: 0.0000164 seconds
[2019-12-09T05:19:49.066+0000][1][safepoint    ] Application time: 1.0000762 seconds
[2019-12-09T05:19:49.066+0000][1][safepoint    ] Entering safepoint region: Cleanup
[2019-12-09T05:19:49.066+0000][1][safepoint    ] Leaving safepoint region
[2019-12-09T05:19:49.066+0000][1][safepoint    ] Total time for which application threads were stopped: 0.0000723 seconds, Stopping threads took: 0.0000187 seconds
[2019-12-09T05:19:50.066+0000][1][safepoint    ] Application time: 1.0000756 seconds
[2019-12-09T05:19:50.066+0000][1][safepoint    ] Entering safepoint region: Cleanup
[2019-12-09T05:19:50.067+0000][1][safepoint    ] Leaving safepoint region
[2019-12-09T05:19:50.067+0000][1][safepoint    ] Total time for which application threads were stopped: 0.0000846 seconds, Stopping threads took: 0.0000164 seconds
[2019-12-09T05:19:51.067+0000][1][safepoint    ] Application time: 1.0000743 seconds
[2019-12-09T05:19:51.067+0000][1][safepoint    ] Entering safepoint region: Cleanup
[2019-12-09T05:19:51.067+0000][1][safepoint    ] Leaving safepoint region
[2019-12-09T05:19:51.067+0000][1][safepoint    ] Total time for which application threads were stopped: 0.0000845 seconds, Stopping threads took: 0.0000312 seconds
[2019-12-09T05:19:52.067+0000][1][safepoint    ] Application time: 1.0000754 seconds
[2019-12-09T05:19:52.067+0000][1][safepoint    ] Entering safepoint region: Cleanup
[2019-12-09T05:19:52.067+0000][1][safepoint    ] Leaving safepoint region
[2019-12-09T05:19:52.067+0000][1][safepoint    ] Total time for which application threads were stopped: 0.0000688 seconds, Stopping threads took: 0.0000163 seconds
[2019-12-09T05:19:53.067+0000][1][safepoint    ] Application time: 1.0000769 seconds
[2019-12-09T05:19:53.067+0000][1][safepoint    ] Entering safepoint region: Cleanup
[2019-12-09T05:19:53.067+0000][1][safepoint    ] Leaving safepoint region
[2019-12-09T05:19:53.067+0000][1][safepoint    ] Total time for which application threads were stopped: 0.0000700 seconds, Stopping threads took: 0.0000170 seconds
[2019-12-09T05:19:54.067+0000][1][safepoint    ] Application time: 1.0000768 seconds
[2019-12-09T05:19:54.067+0000][1][safepoint    ] Entering safepoint region: Cleanup
[2019-12-09T05:19:54.067+0000][1][safepoint    ] Leaving safepoint region
[2019-12-09T05:19:54.067+0000][1][safepoint    ] Total time for which application threads were stopped: 0.0000722 seconds, Stopping threads took: 0.0000174 seconds
[2019-12-09T05:19:55.067+0000][1][safepoint    ] Application time: 1.0000763 seconds
[2019-12-09T05:19:55.067+0000][1][safepoint    ] Entering safepoint region: Cleanup
[2019-12-09T05:19:55.068+0000][1][safepoint    ] Leaving safepoint region
[2019-12-09T05:19:55.068+0000][1][safepoint    ] Total time for which application threads were stopped: 0.0000707 seconds, Stopping threads took: 0.0000165 seconds
[2019-12-09T05:19:56.068+0000][1][safepoint    ] Application time: 1.0000768 seconds
[2019-12-09T05:19:56.068+0000][1][safepoint    ] Entering safepoint region: Cleanup
[2019-12-09T05:19:56.068+0000][1][safepoint    ] Leaving safepoint region
[2019-12-09T05:19:56.068+0000][1][safepoint    ] Total time for which application threads were stopped: 0.0000765 seconds, Stopping threads took: 0.0000154 seconds
[2019-12-09T05:19:57.068+0000][1][safepoint    ] Application time: 1.0000756 seconds
[2019-12-09T05:19:57.068+0000][1][safepoint    ] Entering safepoint region: Cleanup
[2019-12-09T05:19:57.068+0000][1][safepoint    ] Leaving safepoint region
[2019-12-09T05:19:57.068+0000][1][safepoint    ] Total time for which application threads were stopped: 0.0000713 seconds, Stopping threads took: 0.0000174 seconds
[2019-12-09T05:19:58.068+0000][1][safepoint    ] Application time: 1.0000762 seconds
[2019-12-09T05:19:58.068+0000][1][safepoint    ] Entering safepoint region: Cleanup
[2019-12-09T05:19:58.068+0000][1][safepoint    ] Leaving safepoint region
[2019-12-09T05:19:58.068+0000][1][safepoint    ] Total time for which application threads were stopped: 0.0000728 seconds, Stopping threads took: 0.0000179 seconds
[2019-12-09T05:19:59.068+0000][1][safepoint    ] Application time: 1.0000760 seconds
[2019-12-09T05:19:59.068+0000][1][safepoint    ] Entering safepoint region: Cleanup
[2019-12-09T05:19:59.068+0000][1][safepoint    ] Leaving safepoint region
[2019-12-09T05:19:59.068+0000][1][safepoint    ] Total time for which application threads were stopped: 0.0000713 seconds, Stopping threads took: 0.0000180 seconds
[2019-12-09T05:20:00.572+0000][1][safepoint    ] Application time: 1.5038633 seconds
[2019-12-09T05:20:00.572+0000][1][safepoint    ] Entering safepoint region: Cleanup
[2019-12-09T05:20:00.572+0000][1][safepoint    ] Leaving safepoint region
[2019-12-09T05:20:00.572+0000][1][safepoint    ] Total time for which application threads were stopped: 0.0000708 seconds, Stopping threads took: 0.0000154 seconds
[2019-12-09T05:20:01.572+0000][1][safepoint    ] Application time: 1.0000874 seconds
[2019-12-09T05:20:01.572+0000][1][safepoint    ] Entering safepoint region: Cleanup
[2019-12-09T05:20:01.573+0000][1][safepoint    ] Leaving safepoint region
[2019-12-09T05:20:01.573+0000][1][safepoint    ] Total time for which application threads were stopped: 0.0001062 seconds, Stopping threads took: 0.0000527 seconds
[2019-12-09T05:20:02.573+0000][1][safepoint    ] Application time: 1.0000834 seconds
[2019-12-09T05:20:02.573+0000][1][safepoint    ] Entering safepoint region: Cleanup
[2019-12-09T05:20:02.573+0000][1][safepoint    ] Leaving safepoint region
[2019-12-09T05:20:02.573+0000][1][safepoint    ] Total time for which application threads were stopped: 0.0000803 seconds, Stopping threads took: 0.0000175 seconds
[2019-12-09T05:20:03.573+0000][1][safepoint    ] Application time: 1.0000774 seconds
[2019-12-09T05:20:03.573+0000][1][safepoint    ] Entering safepoint region: Cleanup
[2019-12-09T05:20:03.573+0000][1][safepoint    ] Leaving safepoint region
[2019-12-09T05:20:03.573+0000][1][safepoint    ] Total time for which application threads were stopped: 0.0000666 seconds, Stopping threads took: 0.0000151 seconds
[2019-12-09T05:20:04.573+0000][1][safepoint    ] Application time: 1.0000737 seconds
[2019-12-09T05:20:04.573+0000][1][safepoint    ] Entering safepoint region: Cleanup
[2019-12-09T05:20:04.573+0000][1][safepoint    ] Leaving safepoint region
[2019-12-09T05:20:04.573+0000][1][safepoint    ] Total time for which application threads were stopped: 0.0000672 seconds, Stopping threads took: 0.0000155 seconds
[2019-12-09T05:20:05.573+0000][1][safepoint    ] Application time: 1.0000759 seconds
[2019-12-09T05:20:05.573+0000][1][safepoint    ] Entering safepoint region: Cleanup
[2019-12-09T05:20:05.573+0000][1][safepoint    ] Leaving safepoint region
[2019-12-09T05:20:05.573+0000][1][safepoint    ] Total time for which application threads were stopped: 0.0000685 seconds, Stopping threads took: 0.0000181 seconds
[2019-12-09T05:20:06.573+0000][1][safepoint    ] Application time: 1.0000749 seconds
[2019-12-09T05:20:06.573+0000][1][safepoint    ] Entering safepoint region: Cleanup
[2019-12-09T05:20:06.573+0000][1][safepoint    ] Leaving safepoint region
[2019-12-09T05:20:06.573+0000][1][safepoint    ] Total time for which application threads were stopped: 0.0000659 seconds, Stopping threads took: 0.0000156 seconds
[2019-12-09T05:20:07.574+0000][1][safepoint    ] Application time: 1.0000795 seconds
[2019-12-09T05:20:07.574+0000][1][safepoint    ] Entering safepoint region: Cleanup
[2019-12-09T05:20:07.574+0000][1][safepoint    ] Leaving safepoint region
[2019-12-09T05:20:07.574+0000][1][safepoint    ] Total time for which application threads were stopped: 0.0000674 seconds, Stopping threads took: 0.0000161 seconds
[2019-12-09T05:20:08.574+0000][1][safepoint    ] Application time: 1.0000889 seconds
[2019-12-09T05:20:08.574+0000][1][safepoint    ] Entering safepoint region: Cleanup
[2019-12-09T05:20:08.574+0000][1][safepoint    ] Leaving safepoint region
[2019-12-09T05:20:08.574+0000][1][safepoint    ] Total time for which application threads were stopped: 0.0000673 seconds, Stopping threads took: 0.0000161 seconds
[2019-12-09T05:20:09.574+0000][1][safepoint    ] Application time: 1.0000789 seconds
[2019-12-09T05:20:09.574+0000][1][safepoint    ] Entering safepoint region: Cleanup
[2019-12-09T05:20:09.574+0000][1][safepoint    ] Leaving safepoint region
[2019-12-09T05:20:09.574+0000][1][safepoint    ] Total time for which application threads were stopped: 0.0000765 seconds, Stopping threads took: 0.0000242 seconds
[2019-12-09T05:20:10.574+0000][1][safepoint    ] Application time: 1.0000806 seconds
[2019-12-09T05:20:10.574+0000][1][safepoint    ] Entering safepoint region: Cleanup
[2019-12-09T05:20:10.574+0000][1][safepoint    ] Leaving safepoint region
[2019-12-09T05:20:10.574+0000][1][safepoint    ] Total time for which application threads were stopped: 0.0000721 seconds, Stopping threads took: 0.0000170 seconds
[2019-12-09T05:20:11.574+0000][1][safepoint    ] Application time: 1.0001801 seconds
[2019-12-09T05:20:11.574+0000][1][safepoint    ] Entering safepoint region: Cleanup
[2019-12-09T05:20:11.575+0000][1][safepoint    ] Leaving safepoint region
[2019-12-09T05:20:11.575+0000][1][safepoint    ] Total time for which application threads were stopped: 0.0000739 seconds, Stopping threads took: 0.0000207 seconds
[2019-12-09T05:20:12.575+0000][1][safepoint    ] Application time: 1.0002051 seconds
[2019-12-09T05:20:12.575+0000][1][safepoint    ] Entering safepoint region: Cleanup
[2019-12-09T05:20:12.575+0000][1][safepoint    ] Leaving safepoint region
[2019-12-09T05:20:12.575+0000][1][safepoint    ] Total time for which application threads were stopped: 0.0000944 seconds, Stopping threads took: 0.0000221 seconds
[2019-12-09T05:20:13.575+0000][1][safepoint    ] Application time: 1.0001449 seconds
[2019-12-09T05:20:13.575+0000][1][safepoint    ] Entering safepoint region: Cleanup
[2019-12-09T05:20:13.575+0000][1][safepoint    ] Leaving safepoint region
[2019-12-09T05:20:13.575+0000][1][safepoint    ] Total time for which application threads were stopped: 0.0001076 seconds, Stopping threads took: 0.0000232 seconds
[2019-12-09T05:20:14.575+0000][1][safepoint    ] Application time: 1.0000808 seconds
[2019-12-09T05:20:14.575+0000][1][safepoint    ] Entering safepoint region: Cleanup
[2019-12-09T05:20:14.575+0000][1][safepoint    ] Leaving safepoint region
[2019-12-09T05:20:14.575+0000][1][safepoint    ] Total time for which application threads were stopped: 0.0000692 seconds, Stopping threads took: 0.0000155 seconds
[2019-12-09T05:20:15.576+0000][1][safepoint    ] Application time: 1.0000783 seconds
[2019-12-09T05:20:15.576+0000][1][safepoint    ] Entering safepoint region: Cleanup
[2019-12-09T05:20:15.576+0000][1][safepoint    ] Leaving safepoint region
[2019-12-09T05:20:15.576+0000][1][safepoint    ] Total time for which application threads were stopped: 0.0000790 seconds, Stopping threads took: 0.0000278 seconds
[2019-12-09T05:20:16.576+0000][1][safepoint    ] Application time: 1.0000763 seconds
[2019-12-09T05:20:16.576+0000][1][safepoint    ] Entering safepoint region: Cleanup
[2019-12-09T05:20:16.576+0000][1][safepoint    ] Leaving safepoint region
[2019-12-09T05:20:16.576+0000][1][safepoint    ] Total time for which application threads were stopped: 0.0000703 seconds, Stopping threads took: 0.0000179 seconds
[2019-12-09T05:20:17.576+0000][1][safepoint    ] Application time: 1.0000788 seconds
[2019-12-09T05:20:17.576+0000][1][safepoint    ] Entering safepoint region: Cleanup
[2019-12-09T05:20:17.576+0000][1][safepoint    ] Leaving safepoint region
[2019-12-09T05:20:17.576+0000][1][safepoint    ] Total time for which application threads were stopped: 0.0000720 seconds, Stopping threads took: 0.0000178 seconds
[2019-12-09T05:20:18.576+0000][1][safepoint    ] Application time: 1.0000828 seconds
[2019-12-09T05:20:18.576+0000][1][safepoint    ] Entering safepoint region: Cleanup
[2019-12-09T05:20:18.576+0000][1][safepoint    ] Leaving safepoint region
[2019-12-09T05:20:18.576+0000][1][safepoint    ] Total time for which application threads were stopped: 0.0000736 seconds, Stopping threads took: 0.0000177 seconds
[2019-12-09T05:20:19.580+0000][1][safepoint    ] Application time: 1.0034401 seconds
[2019-12-09T05:20:19.580+0000][1][safepoint    ] Entering safepoint region: Cleanup
[2019-12-09T05:20:19.580+0000][1][safepoint    ] Leaving safepoint region
[2019-12-09T05:20:19.580+0000][1][safepoint    ] Total time for which application threads were stopped: 0.0000787 seconds, Stopping threads took: 0.0000263 seconds
[2019-12-09T05:20:20.580+0000][1][safepoint    ] Application time: 1.0000783 seconds
[2019-12-09T05:20:20.580+0000][1][safepoint    ] Entering safepoint region: Cleanup
[2019-12-09T05:20:20.580+0000][1][safepoint    ] Leaving safepoint region
[2019-12-09T05:20:20.580+0000][1][safepoint    ] Total time for which application threads were stopped: 0.0000678 seconds, Stopping threads took: 0.0000156 seconds
[2019-12-09T05:20:21.580+0000][1][safepoint    ] Application time: 1.0000779 seconds
[2019-12-09T05:20:21.580+0000][1][safepoint    ] Entering safepoint region: Cleanup
[2019-12-09T05:20:21.580+0000][1][safepoint    ] Leaving safepoint region
[2019-12-09T05:20:21.580+0000][1][safepoint    ] Total time for which application threads were stopped: 0.0000692 seconds, Stopping threads took: 0.0000168 seconds
[2019-12-09T05:20:22.580+0000][1][safepoint    ] Application time: 1.0000790 seconds
[2019-12-09T05:20:22.580+0000][1][safepoint    ] Entering safepoint region: Cleanup
[2019-12-09T05:20:22.580+0000][1][safepoint    ] Leaving safepoint region
[2019-12-09T05:20:22.580+0000][1][safepoint    ] Total time for which application threads were stopped: 0.0000734 seconds, Stopping threads took: 0.0000176 seconds
[2019-12-09T05:20:23.580+0000][1][safepoint    ] Application time: 1.0000789 seconds
[2019-12-09T05:20:23.581+0000][1][safepoint    ] Entering safepoint region: Cleanup
[2019-12-09T05:20:23.581+0000][1][safepoint    ] Leaving safepoint region
[2019-12-09T05:20:23.581+0000][1][safepoint    ] Total time for which application threads were stopped: 0.0000715 seconds, Stopping threads took: 0.0000164 seconds
[2019-12-09T05:20:24.581+0000][1][safepoint    ] Application time: 1.0000797 seconds
[2019-12-09T05:20:24.581+0000][1][safepoint    ] Entering safepoint region: Cleanup
[2019-12-09T05:20:24.581+0000][1][safepoint    ] Leaving safepoint region
[2019-12-09T05:20:24.581+0000][1][safepoint    ] Total time for which application threads were stopped: 0.0000690 seconds, Stopping threads took: 0.0000159 seconds
[2019-12-09T05:20:25.581+0000][1][safepoint    ] Application time: 1.0000796 seconds
[2019-12-09T05:20:25.581+0000][1][safepoint    ] Entering safepoint region: Cleanup
[2019-12-09T05:20:25.581+0000][1][safepoint    ] Leaving safepoint region
[2019-12-09T05:20:25.581+0000][1][safepoint    ] Total time for which application threads were stopped: 0.0000698 seconds, Stopping threads took: 0.0000168 seconds
[2019-12-09T05:20:26.581+0000][1][safepoint    ] Application time: 1.0000793 seconds
[2019-12-09T05:20:26.581+0000][1][safepoint    ] Entering safepoint region: Cleanup
[2019-12-09T05:20:26.581+0000][1][safepoint    ] Leaving safepoint region
[2019-12-09T05:20:26.581+0000][1][safepoint    ] Total time for which application threads were stopped: 0.0000715 seconds, Stopping threads took: 0.0000157 seconds
[2019-12-09T05:20:27.581+0000][1][safepoint    ] Application time: 1.0001113 seconds
[2019-12-09T05:20:27.581+0000][1][safepoint    ] Entering safepoint region: Cleanup
[2019-12-09T05:20:27.581+0000][1][safepoint    ] Leaving safepoint region
[2019-12-09T05:20:27.581+0000][1][safepoint    ] Total time for which application threads were stopped: 0.0000723 seconds, Stopping threads took: 0.0000176 seconds
[2019-12-09T05:20:28.582+0000][1][safepoint    ] Application time: 1.0001580 seconds
[2019-12-09T05:20:28.582+0000][1][safepoint    ] Entering safepoint region: Cleanup
[2019-12-09T05:20:28.582+0000][1][safepoint    ] Leaving safepoint region
[2019-12-09T05:20:28.582+0000][1][safepoint    ] Total time for which application threads were stopped: 0.0000873 seconds, Stopping threads took: 0.0000174 seconds
[2019-12-09T05:20:29.582+0000][1][safepoint    ] Application time: 1.0001365 seconds
[2019-12-09T05:20:29.582+0000][1][safepoint    ] Entering safepoint region: Cleanup
[2019-12-09T05:20:29.582+0000][1][safepoint    ] Leaving safepoint region
[2019-12-09T05:20:29.582+0000][1][safepoint    ] Total time for which application threads were stopped: 0.0000929 seconds, Stopping threads took: 0.0000215 seconds
[2019-12-09T05:20:30.582+0000][1][safepoint    ] Application time: 1.0000847 seconds
[2019-12-09T05:20:30.582+0000][1][safepoint    ] Entering safepoint region: Cleanup
[2019-12-09T05:20:30.582+0000][1][safepoint    ] Leaving safepoint region
[2019-12-09T05:20:30.582+0000][1][safepoint    ] Total time for which application threads were stopped: 0.0000986 seconds, Stopping threads took: 0.0000246 seconds
[2019-12-09T05:20:31.582+0000][1][safepoint    ] Application time: 1.0000801 seconds
[2019-12-09T05:20:31.582+0000][1][safepoint    ] Entering safepoint region: Cleanup
[2019-12-09T05:20:31.582+0000][1][safepoint    ] Leaving safepoint region
[2019-12-09T05:20:31.582+0000][1][safepoint    ] Total time for which application threads were stopped: 0.0000743 seconds, Stopping threads took: 0.0000191 seconds
[2019-12-09T05:20:32.583+0000][1][safepoint    ] Application time: 1.0000796 seconds
[2019-12-09T05:20:32.583+0000][1][safepoint    ] Entering safepoint region: Cleanup
[2019-12-09T05:20:32.583+0000][1][safepoint    ] Leaving safepoint region
[2019-12-09T05:20:32.583+0000][1][safepoint    ] Total time for which application threads were stopped: 0.0000710 seconds, Stopping threads took: 0.0000167 seconds
[2019-12-09T05:20:33.583+0000][1][safepoint    ] Application time: 1.0001276 seconds
[2019-12-09T05:20:33.583+0000][1][safepoint    ] Entering safepoint region: Cleanup
[2019-12-09T05:20:33.583+0000][1][safepoint    ] Leaving safepoint region
[2019-12-09T05:20:33.583+0000][1][safepoint    ] Total time for which application threads were stopped: 0.0000934 seconds, Stopping threads took: 0.0000227 seconds
[2019-12-09T05:20:34.583+0000][1][safepoint    ] Application time: 1.0003845 seconds
[2019-12-09T05:20:34.583+0000][1][safepoint    ] Entering safepoint region: Cleanup
[2019-12-09T05:20:34.583+0000][1][safepoint    ] Leaving safepoint region
[2019-12-09T05:20:34.583+0000][1][safepoint    ] Total time for which application threads were stopped: 0.0000930 seconds, Stopping threads took: 0.0000229 seconds
[2019-12-09T05:20:35.584+0000][1][safepoint    ] Application time: 1.0000809 seconds
[2019-12-09T05:20:35.584+0000][1][safepoint    ] Entering safepoint region: Cleanup
[2019-12-09T05:20:35.584+0000][1][safepoint    ] Leaving safepoint region
[2019-12-09T05:20:35.584+0000][1][safepoint    ] Total time for which application threads were stopped: 0.0000989 seconds, Stopping threads took: 0.0000232 seconds
[2019-12-09T05:20:36.584+0000][1][safepoint    ] Application time: 1.0000794 seconds
[2019-12-09T05:20:36.584+0000][1][safepoint    ] Entering safepoint region: Cleanup
[2019-12-09T05:20:36.584+0000][1][safepoint    ] Leaving safepoint region
[2019-12-09T05:20:36.584+0000][1][safepoint    ] Total time for which application threads were stopped: 0.0001091 seconds, Stopping threads took: 0.0000225 seconds
[2019-12-09T05:20:37.584+0000][1][safepoint    ] Application time: 1.0000755 seconds
[2019-12-09T05:20:37.584+0000][1][safepoint    ] Entering safepoint region: Cleanup
[2019-12-09T05:20:37.584+0000][1][safepoint    ] Leaving safepoint region
[2019-12-09T05:20:37.584+0000][1][safepoint    ] Total time for which application threads were stopped: 0.0000842 seconds, Stopping threads took: 0.0000161 seconds
[2019-12-09T05:20:38.584+0000][1][safepoint    ] Application time: 1.0000754 seconds
[2019-12-09T05:20:38.584+0000][1][safepoint    ] Entering safepoint region: Cleanup
[2019-12-09T05:20:38.584+0000][1][safepoint    ] Leaving safepoint region
[2019-12-09T05:20:38.584+0000][1][safepoint    ] Total time for which application threads were stopped: 0.0000686 seconds, Stopping threads took: 0.0000178 seconds
[2019-12-09T05:20:39.584+0000][1][safepoint    ] Application time: 1.0000752 seconds
[2019-12-09T05:20:39.584+0000][1][safepoint    ] Entering safepoint region: Cleanup
[2019-12-09T05:20:39.585+0000][1][safepoint    ] Leaving safepoint region
[2019-12-09T05:20:39.585+0000][1][safepoint    ] Total time for which application threads were stopped: 0.0000965 seconds, Stopping threads took: 0.0000245 seconds
[2019-12-09T05:20:40.585+0000][1][safepoint    ] Application time: 1.0000782 seconds
[2019-12-09T05:20:40.585+0000][1][safepoint    ] Entering safepoint region: Cleanup
[2019-12-09T05:20:40.585+0000][1][safepoint    ] Leaving safepoint region
[2019-12-09T05:20:40.585+0000][1][safepoint    ] Total time for which application threads were stopped: 0.0000887 seconds, Stopping threads took: 0.0000373 seconds
[2019-12-09T05:20:41.585+0000][1][safepoint    ] Application time: 1.0000780 seconds
[2019-12-09T05:20:41.585+0000][1][safepoint    ] Entering safepoint region: Cleanup
[2019-12-09T05:20:41.585+0000][1][safepoint    ] Leaving safepoint region
[2019-12-09T05:20:41.585+0000][1][safepoint    ] Total time for which application threads were stopped: 0.0000707 seconds, Stopping threads took: 0.0000172 seconds
[2019-12-09T05:20:42.585+0000][1][safepoint    ] Application time: 1.0000781 seconds
[2019-12-09T05:20:42.585+0000][1][safepoint    ] Entering safepoint region: Cleanup
[2019-12-09T05:20:42.585+0000][1][safepoint    ] Leaving safepoint region
[2019-12-09T05:20:42.585+0000][1][safepoint    ] Total time for which application threads were stopped: 0.0000707 seconds, Stopping threads took: 0.0000167 seconds
[2019-12-09T05:20:43.585+0000][1][safepoint    ] Application time: 1.0000796 seconds
[2019-12-09T05:20:43.585+0000][1][safepoint    ] Entering safepoint region: Cleanup
[2019-12-09T05:20:43.585+0000][1][safepoint    ] Leaving safepoint region
[2019-12-09T05:20:43.585+0000][1][safepoint    ] Total time for which application threads were stopped: 0.0000689 seconds, Stopping threads took: 0.0000156 seconds
[2019-12-09T05:20:44.585+0000][1][safepoint    ] Application time: 1.0000825 seconds
[2019-12-09T05:20:44.585+0000][1][safepoint    ] Entering safepoint region: Cleanup
[2019-12-09T05:20:44.586+0000][1][safepoint    ] Leaving safepoint region
[2019-12-09T05:20:44.586+0000][1][safepoint    ] Total time for which application threads were stopped: 0.0000712 seconds, Stopping threads took: 0.0000160 seconds
[2019-12-09T05:20:45.586+0000][1][safepoint    ] Application time: 1.0000785 seconds
[2019-12-09T05:20:45.586+0000][1][safepoint    ] Entering safepoint region: Cleanup
[2019-12-09T05:20:45.586+0000][1][safepoint    ] Leaving safepoint region
[2019-12-09T05:20:45.586+0000][1][safepoint    ] Total time for which application threads were stopped: 0.0001038 seconds, Stopping threads took: 0.0000333 seconds
[2019-12-09T05:20:46.586+0000][1][safepoint    ] Application time: 1.0000758 seconds
[2019-12-09T05:20:46.586+0000][1][safepoint    ] Entering safepoint region: Cleanup
[2019-12-09T05:20:46.586+0000][1][safepoint    ] Leaving safepoint region
[2019-12-09T05:20:46.586+0000][1][safepoint    ] Total time for which application threads were stopped: 0.0000681 seconds, Stopping threads took: 0.0000164 seconds
[2019-12-09T05:20:47.586+0000][1][safepoint    ] Application time: 1.0000761 seconds
[2019-12-09T05:20:47.586+0000][1][safepoint    ] Entering safepoint region: Cleanup
[2019-12-09T05:20:47.586+0000][1][safepoint    ] Leaving safepoint region
[2019-12-09T05:20:47.586+0000][1][safepoint    ] Total time for which application threads were stopped: 0.0000673 seconds, Stopping threads took: 0.0000160 seconds
[2019-12-09T05:20:48.586+0000][1][safepoint    ] Application time: 1.0000776 seconds
[2019-12-09T05:20:48.586+0000][1][safepoint    ] Entering safepoint region: Cleanup
[2019-12-09T05:20:48.586+0000][1][safepoint    ] Leaving safepoint region
[2019-12-09T05:20:48.586+0000][1][safepoint    ] Total time for which application threads were stopped: 0.0000684 seconds, Stopping threads took: 0.0000165 seconds
[2019-12-09T05:20:49.586+0000][1][safepoint    ] Application time: 1.0000768 seconds
[2019-12-09T05:20:49.586+0000][1][safepoint    ] Entering safepoint region: Cleanup
[2019-12-09T05:20:49.587+0000][1][safepoint    ] Leaving safepoint region
[2019-12-09T05:20:49.587+0000][1][safepoint    ] Total time for which application threads were stopped: 0.0000677 seconds, Stopping threads took: 0.0000167 seconds
[2019-12-09T05:20:50.587+0000][1][safepoint    ] Application time: 1.0000758 seconds
[2019-12-09T05:20:50.587+0000][1][safepoint    ] Entering safepoint region: Cleanup
[2019-12-09T05:20:50.587+0000][1][safepoint    ] Leaving safepoint region
[2019-12-09T05:20:50.587+0000][1][safepoint    ] Total time for which application threads were stopped: 0.0000869 seconds, Stopping threads took: 0.0000179 seconds
[2019-12-09T05:20:51.587+0000][1][safepoint    ] Application time: 1.0000768 seconds
[2019-12-09T05:20:51.587+0000][1][safepoint    ] Entering safepoint region: Cleanup
[2019-12-09T05:20:51.587+0000][1][safepoint    ] Leaving safepoint region
[2019-12-09T05:20:51.587+0000][1][safepoint    ] Total time for which application threads were stopped: 0.0000689 seconds, Stopping threads took: 0.0000165 seconds
[2019-12-09T05:20:52.587+0000][1][safepoint    ] Application time: 1.0000772 seconds
[2019-12-09T05:20:52.587+0000][1][safepoint    ] Entering safepoint region: Cleanup
[2019-12-09T05:20:52.587+0000][1][safepoint    ] Leaving safepoint region
[2019-12-09T05:20:52.587+0000][1][safepoint    ] Total time for which application threads were stopped: 0.0000691 seconds, Stopping threads took: 0.0000163 seconds
[2019-12-09T05:20:53.587+0000][1][safepoint    ] Application time: 1.0000765 seconds
[2019-12-09T05:20:53.587+0000][1][safepoint    ] Entering safepoint region: Cleanup
[2019-12-09T05:20:53.587+0000][1][safepoint    ] Leaving safepoint region
[2019-12-09T05:20:53.587+0000][1][safepoint    ] Total time for which application threads were stopped: 0.0000717 seconds, Stopping threads took: 0.0000190 seconds
[2019-12-09T05:20:54.587+0000][1][safepoint    ] Application time: 1.0000772 seconds
[2019-12-09T05:20:54.587+0000][1][safepoint    ] Entering safepoint region: Cleanup
[2019-12-09T05:20:54.587+0000][1][safepoint    ] Leaving safepoint region
[2019-12-09T05:20:54.588+0000][1][safepoint    ] Total time for which application threads were stopped: 0.0000706 seconds, Stopping threads took: 0.0000172 seconds
[2019-12-09T05:20:55.588+0000][1][safepoint    ] Application time: 1.0000775 seconds
[2019-12-09T05:20:55.588+0000][1][safepoint    ] Entering safepoint region: Cleanup
[2019-12-09T05:20:55.588+0000][1][safepoint    ] Leaving safepoint region
[2019-12-09T05:20:55.588+0000][1][safepoint    ] Total time for which application threads were stopped: 0.0000818 seconds, Stopping threads took: 0.0000175 seconds
[2019-12-09T05:20:56.588+0000][1][safepoint    ] Application time: 1.0000784 seconds
[2019-12-09T05:20:56.588+0000][1][safepoint    ] Entering safepoint region: Cleanup
[2019-12-09T05:20:56.588+0000][1][safepoint    ] Leaving safepoint region
[2019-12-09T05:20:56.588+0000][1][safepoint    ] Total time for which application threads were stopped: 0.0000736 seconds, Stopping threads took: 0.0000201 seconds
[2019-12-09T05:20:57.588+0000][1][safepoint    ] Application time: 1.0000769 seconds
[2019-12-09T05:20:57.588+0000][1][safepoint    ] Entering safepoint region: Cleanup
[2019-12-09T05:20:57.588+0000][1][safepoint    ] Leaving safepoint region
[2019-12-09T05:20:57.588+0000][1][safepoint    ] Total time for which application threads were stopped: 0.0000668 seconds, Stopping threads took: 0.0000153 seconds
[2019-12-09T05:20:58.588+0000][1][safepoint    ] Application time: 1.0000765 seconds
[2019-12-09T05:20:58.588+0000][1][safepoint    ] Entering safepoint region: Cleanup
[2019-12-09T05:20:58.588+0000][1][safepoint    ] Leaving safepoint region
[2019-12-09T05:20:58.588+0000][1][safepoint    ] Total time for which application threads were stopped: 0.0000702 seconds, Stopping threads took: 0.0000164 seconds
[2019-12-09T05:20:59.588+0000][1][safepoint    ] Application time: 1.0000765 seconds
[2019-12-09T05:20:59.588+0000][1][safepoint    ] Entering safepoint region: Cleanup
[2019-12-09T05:20:59.588+0000][1][safepoint    ] Leaving safepoint region
[2019-12-09T05:20:59.588+0000][1][safepoint    ] Total time for which application threads were stopped: 0.0000715 seconds, Stopping threads took: 0.0000178 seconds
[2019-12-09T05:21:00.589+0000][1][safepoint    ] Application time: 1.0000765 seconds
[2019-12-09T05:21:00.589+0000][1][safepoint    ] Entering safepoint region: Cleanup
[2019-12-09T05:21:00.589+0000][1][safepoint    ] Leaving safepoint region
[2019-12-09T05:21:00.589+0000][1][safepoint    ] Total time for which application threads were stopped: 0.0000692 seconds, Stopping threads took: 0.0000174 seconds
[2019-12-09T05:21:01.589+0000][1][safepoint    ] Application time: 1.0000922 seconds
[2019-12-09T05:21:01.589+0000][1][safepoint    ] Entering safepoint region: Cleanup
[2019-12-09T05:21:01.589+0000][1][safepoint    ] Leaving safepoint region
[2019-12-09T05:21:01.589+0000][1][safepoint    ] Total time for which application threads were stopped: 0.0000709 seconds, Stopping threads took: 0.0000180 seconds
[2019-12-09T05:21:02.589+0000][1][safepoint    ] Application time: 1.0000772 seconds
[2019-12-09T05:21:02.589+0000][1][safepoint    ] Entering safepoint region: Cleanup
[2019-12-09T05:21:02.589+0000][1][safepoint    ] Leaving safepoint region
[2019-12-09T05:21:02.589+0000][1][safepoint    ] Total time for which application threads were stopped: 0.0000687 seconds, Stopping threads took: 0.0000160 seconds
[2019-12-09T05:21:03.589+0000][1][safepoint    ] Application time: 1.0000774 seconds
[2019-12-09T05:21:03.589+0000][1][safepoint    ] Entering safepoint region: Cleanup
[2019-12-09T05:21:03.589+0000][1][safepoint    ] Leaving safepoint region
[2019-12-09T05:21:03.589+0000][1][safepoint    ] Total time for which application threads were stopped: 0.0000711 seconds, Stopping threads took: 0.0000182 seconds
[2019-12-09T05:21:04.589+0000][1][safepoint    ] Application time: 1.0000776 seconds
[2019-12-09T05:21:04.589+0000][1][safepoint    ] Entering safepoint region: Cleanup
[2019-12-09T05:21:04.589+0000][1][safepoint    ] Leaving safepoint region
[2019-12-09T05:21:04.589+0000][1][safepoint    ] Total time for which application threads were stopped: 0.0000720 seconds, Stopping threads took: 0.0000171 seconds
[2019-12-09T05:21:05.590+0000][1][safepoint    ] Application time: 1.0000782 seconds
[2019-12-09T05:21:05.590+0000][1][safepoint    ] Entering safepoint region: Cleanup
[2019-12-09T05:21:05.590+0000][1][safepoint    ] Leaving safepoint region
[2019-12-09T05:21:05.590+0000][1][safepoint    ] Total time for which application threads were stopped: 0.0000714 seconds, Stopping threads took: 0.0000171 seconds
[2019-12-09T05:21:06.590+0000][1][safepoint    ] Application time: 1.0000876 seconds
[2019-12-09T05:21:06.590+0000][1][safepoint    ] Entering safepoint region: Cleanup
[2019-12-09T05:21:06.590+0000][1][safepoint    ] Leaving safepoint region
[2019-12-09T05:21:06.590+0000][1][safepoint    ] Total time for which application threads were stopped: 0.0000701 seconds, Stopping threads took: 0.0000172 seconds
[2019-12-09T05:21:07.590+0000][1][safepoint    ] Application time: 1.0000769 seconds
[2019-12-09T05:21:07.590+0000][1][safepoint    ] Entering safepoint region: Cleanup
[2019-12-09T05:21:07.590+0000][1][safepoint    ] Leaving safepoint region
[2019-12-09T05:21:07.590+0000][1][safepoint    ] Total time for which application threads were stopped: 0.0000693 seconds, Stopping threads took: 0.0000179 seconds
[2019-12-09T05:21:08.590+0000][1][safepoint    ] Application time: 1.0000747 seconds
[2019-12-09T05:21:08.590+0000][1][safepoint    ] Entering safepoint region: Cleanup
[2019-12-09T05:21:08.590+0000][1][safepoint    ] Leaving safepoint region
[2019-12-09T05:21:08.590+0000][1][safepoint    ] Total time for which application threads were stopped: 0.0000688 seconds, Stopping threads took: 0.0000158 seconds
[2019-12-09T05:21:09.590+0000][1][safepoint    ] Application time: 1.0000761 seconds
[2019-12-09T05:21:09.590+0000][1][safepoint    ] Entering safepoint region: Cleanup
[2019-12-09T05:21:09.590+0000][1][safepoint    ] Leaving safepoint region
[2019-12-09T05:21:09.590+0000][1][safepoint    ] Total time for which application threads were stopped: 0.0000790 seconds, Stopping threads took: 0.0000253 seconds
[2019-12-09T05:21:10.591+0000][1][safepoint    ] Application time: 1.0000775 seconds
[2019-12-09T05:21:10.591+0000][1][safepoint    ] Entering safepoint region: Cleanup
[2019-12-09T05:21:10.591+0000][1][safepoint    ] Leaving safepoint region
[2019-12-09T05:21:10.591+0000][1][safepoint    ] Total time for which application threads were stopped: 0.0000710 seconds, Stopping threads took: 0.0000181 seconds
[2019-12-09T05:21:11.591+0000][1][safepoint    ] Application time: 1.0000762 seconds
[2019-12-09T05:21:11.591+0000][1][safepoint    ] Entering safepoint region: Cleanup
[2019-12-09T05:21:11.591+0000][1][safepoint    ] Leaving safepoint region
[2019-12-09T05:21:11.591+0000][1][safepoint    ] Total time for which application threads were stopped: 0.0000681 seconds, Stopping threads took: 0.0000155 seconds
[2019-12-09T05:21:12.591+0000][1][safepoint    ] Application time: 1.0000889 seconds
[2019-12-09T05:21:12.591+0000][1][safepoint    ] Entering safepoint region: Cleanup
[2019-12-09T05:21:12.591+0000][1][safepoint    ] Leaving safepoint region
[2019-12-09T05:21:12.591+0000][1][safepoint    ] Total time for which application threads were stopped: 0.0001036 seconds, Stopping threads took: 0.0000315 seconds
[2019-12-09T05:21:13.100+0000][1][safepoint    ] Application time: 0.5086825 seconds
[2019-12-09T05:21:13.100+0000][1][safepoint    ] Entering safepoint region: GenCollectForAllocation
[2019-12-09T05:21:13.100+0000][1][gc,start     ] GC(68) Pause Young (Allocation Failure)
[2019-12-09T05:21:13.100+0000][1][gc,task      ] GC(68) Using 2 workers of 2 for evacuation
[2019-12-09T05:21:13.101+0000][1][gc,age       ] GC(68) Desired survivor size 4456448 bytes, new threshold 6 (max threshold 6)
[2019-12-09T05:21:13.101+0000][1][gc,age       ] GC(68) Age table with threshold 6 (max threshold 6)
[2019-12-09T05:21:13.101+0000][1][gc,age       ] GC(68) - age   1:      11720 bytes,      11720 total
[2019-12-09T05:21:13.101+0000][1][gc,heap      ] GC(68) ParNew: 69958K->14K(78656K)
[2019-12-09T05:21:13.101+0000][1][gc,heap      ] GC(68) CMS: 69354K->69354K(174784K)
[2019-12-09T05:21:13.101+0000][1][gc,metaspace ] GC(68) Metaspace: 68454K->68454K(1112064K)
[2019-12-09T05:21:13.101+0000][1][gc           ] GC(68) Pause Young (Allocation Failure) 136M->67M(247M) 1.352ms
[2019-12-09T05:21:13.101+0000][1][gc,cpu       ] GC(68) User=0.00s Sys=0.00s Real=0.00s
[2019-12-09T05:21:13.101+0000][1][safepoint    ] Leaving safepoint region
[2019-12-09T05:21:13.101+0000][1][safepoint    ] Total time for which application threads were stopped: 0.0014842 seconds, Stopping threads took: 0.0000158 seconds
[2019-12-09T05:21:14.109+0000][1][safepoint    ] Application time: 1.0079924 seconds
[2019-12-09T05:21:14.109+0000][1][safepoint    ] Entering safepoint region: Cleanup
[2019-12-09T05:21:14.109+0000][1][safepoint    ] Leaving safepoint region
[2019-12-09T05:21:14.109+0000][1][safepoint    ] Total time for which application threads were stopped: 0.0000634 seconds, Stopping threads took: 0.0000154 seconds
[2019-12-09T05:21:15.109+0000][1][safepoint    ] Application time: 1.0000745 seconds
[2019-12-09T05:21:15.109+0000][1][safepoint    ] Entering safepoint region: Cleanup
[2019-12-09T05:21:15.110+0000][1][safepoint    ] Leaving safepoint region
[2019-12-09T05:21:15.110+0000][1][safepoint    ] Total time for which application threads were stopped: 0.0000629 seconds, Stopping threads took: 0.0000143 seconds
[2019-12-09T05:21:16.110+0000][1][safepoint    ] Application time: 1.0000745 seconds
[2019-12-09T05:21:16.110+0000][1][safepoint    ] Entering safepoint region: Cleanup
[2019-12-09T05:21:16.110+0000][1][safepoint    ] Leaving safepoint region
[2019-12-09T05:21:16.110+0000][1][safepoint    ] Total time for which application threads were stopped: 0.0000702 seconds, Stopping threads took: 0.0000142 seconds
[2019-12-09T05:21:17.110+0000][1][safepoint    ] Application time: 1.0000723 seconds
[2019-12-09T05:21:17.110+0000][1][safepoint    ] Entering safepoint region: Cleanup
[2019-12-09T05:21:17.110+0000][1][safepoint    ] Leaving safepoint region
[2019-12-09T05:21:17.110+0000][1][safepoint    ] Total time for which application threads were stopped: 0.0000612 seconds, Stopping threads took: 0.0000136 seconds
[2019-12-09T05:21:18.110+0000][1][safepoint    ] Application time: 1.0000742 seconds
[2019-12-09T05:21:18.110+0000][1][safepoint    ] Entering safepoint region: Cleanup
[2019-12-09T05:21:18.110+0000][1][safepoint    ] Leaving safepoint region
[2019-12-09T05:21:18.110+0000][1][safepoint    ] Total time for which application threads were stopped: 0.0000598 seconds, Stopping threads took: 0.0000124 seconds
[2019-12-09T05:21:19.110+0000][1][safepoint    ] Application time: 1.0000745 seconds
[2019-12-09T05:21:19.110+0000][1][safepoint    ] Entering safepoint region: Cleanup
[2019-12-09T05:21:19.110+0000][1][safepoint    ] Leaving safepoint region
[2019-12-09T05:21:19.110+0000][1][safepoint    ] Total time for which application threads were stopped: 0.0000620 seconds, Stopping threads took: 0.0000147 seconds
[2019-12-09T05:21:20.110+0000][1][safepoint    ] Application time: 1.0000837 seconds
[2019-12-09T05:21:20.110+0000][1][safepoint    ] Entering safepoint region: Cleanup
[2019-12-09T05:21:20.110+0000][1][safepoint    ] Leaving safepoint region
[2019-12-09T05:21:20.110+0000][1][safepoint    ] Total time for which application threads were stopped: 0.0000919 seconds, Stopping threads took: 0.0000220 seconds
[2019-12-09T05:21:21.111+0000][1][safepoint    ] Application time: 1.0000764 seconds
[2019-12-09T05:21:21.111+0000][1][safepoint    ] Entering safepoint region: Cleanup
[2019-12-09T05:21:21.111+0000][1][safepoint    ] Leaving safepoint region
[2019-12-09T05:21:21.111+0000][1][safepoint    ] Total time for which application threads were stopped: 0.0000643 seconds, Stopping threads took: 0.0000146 seconds
[2019-12-09T05:21:22.111+0000][1][safepoint    ] Application time: 1.0000747 seconds
[2019-12-09T05:21:22.111+0000][1][safepoint    ] Entering safepoint region: Cleanup
[2019-12-09T05:21:22.111+0000][1][safepoint    ] Leaving safepoint region
[2019-12-09T05:21:22.111+0000][1][safepoint    ] Total time for which application threads were stopped: 0.0000637 seconds, Stopping threads took: 0.0000143 seconds
[2019-12-09T05:21:23.111+0000][1][safepoint    ] Application time: 1.0000760 seconds
[2019-12-09T05:21:23.111+0000][1][safepoint    ] Entering safepoint region: Cleanup
[2019-12-09T05:21:23.111+0000][1][safepoint    ] Leaving safepoint region
[2019-12-09T05:21:23.111+0000][1][safepoint    ] Total time for which application threads were stopped: 0.0000618 seconds, Stopping threads took: 0.0000151 seconds
[2019-12-09T05:21:24.111+0000][1][safepoint    ] Application time: 1.0000806 seconds
[2019-12-09T05:21:24.111+0000][1][safepoint    ] Entering safepoint region: Cleanup
[2019-12-09T05:21:24.111+0000][1][safepoint    ] Leaving safepoint region
[2019-12-09T05:21:24.111+0000][1][safepoint    ] Total time for which application threads were stopped: 0.0000618 seconds, Stopping threads took: 0.0000145 seconds
[2019-12-09T05:21:25.111+0000][1][safepoint    ] Application time: 1.0000743 seconds
[2019-12-09T05:21:25.111+0000][1][safepoint    ] Entering safepoint region: Cleanup
[2019-12-09T05:21:25.111+0000][1][safepoint    ] Leaving safepoint region
[2019-12-09T05:21:25.111+0000][1][safepoint    ] Total time for which application threads were stopped: 0.0000629 seconds, Stopping threads took: 0.0000150 seconds
[2019-12-09T05:21:26.111+0000][1][safepoint    ] Application time: 1.0000811 seconds
[2019-12-09T05:21:26.111+0000][1][safepoint    ] Entering safepoint region: Cleanup
[2019-12-09T05:21:26.112+0000][1][safepoint    ] Leaving safepoint region
[2019-12-09T05:21:26.112+0000][1][safepoint    ] Total time for which application threads were stopped: 0.0000628 seconds, Stopping threads took: 0.0000147 seconds
[2019-12-09T05:21:27.112+0000][1][safepoint    ] Application time: 1.0000743 seconds
[2019-12-09T05:21:27.112+0000][1][safepoint    ] Entering safepoint region: Cleanup
[2019-12-09T05:21:27.112+0000][1][safepoint    ] Leaving safepoint region
[2019-12-09T05:21:27.112+0000][1][safepoint    ] Total time for which application threads were stopped: 0.0000751 seconds, Stopping threads took: 0.0000143 seconds
[2019-12-09T05:21:28.112+0000][1][safepoint    ] Application time: 1.0000738 seconds
[2019-12-09T05:21:28.112+0000][1][safepoint    ] Entering safepoint region: Cleanup
[2019-12-09T05:21:28.112+0000][1][safepoint    ] Leaving safepoint region
[2019-12-09T05:21:28.112+0000][1][safepoint    ] Total time for which application threads were stopped: 0.0000601 seconds, Stopping threads took: 0.0000143 seconds
[2019-12-09T05:21:29.112+0000][1][safepoint    ] Application time: 1.0000747 seconds
[2019-12-09T05:21:29.112+0000][1][safepoint    ] Entering safepoint region: Cleanup
[2019-12-09T05:21:29.112+0000][1][safepoint    ] Leaving safepoint region
[2019-12-09T05:21:29.112+0000][1][safepoint    ] Total time for which application threads were stopped: 0.0000610 seconds, Stopping threads took: 0.0000141 seconds
[2019-12-09T05:21:30.112+0000][1][safepoint    ] Application time: 1.0000758 seconds
[2019-12-09T05:21:30.112+0000][1][safepoint    ] Entering safepoint region: Cleanup
[2019-12-09T05:21:30.112+0000][1][safepoint    ] Leaving safepoint region
[2019-12-09T05:21:30.112+0000][1][safepoint    ] Total time for which application threads were stopped: 0.0000645 seconds, Stopping threads took: 0.0000152 seconds
[2019-12-09T05:21:31.112+0000][1][safepoint    ] Application time: 1.0000747 seconds
[2019-12-09T05:21:31.112+0000][1][safepoint    ] Entering safepoint region: Cleanup
[2019-12-09T05:21:31.112+0000][1][safepoint    ] Leaving safepoint region
[2019-12-09T05:21:31.112+0000][1][safepoint    ] Total time for which application threads were stopped: 0.0000669 seconds, Stopping threads took: 0.0000164 seconds
[2019-12-09T05:21:32.113+0000][1][safepoint    ] Application time: 1.0000754 seconds
[2019-12-09T05:21:32.113+0000][1][safepoint    ] Entering safepoint region: Cleanup
[2019-12-09T05:21:32.113+0000][1][safepoint    ] Leaving safepoint region
[2019-12-09T05:21:32.113+0000][1][safepoint    ] Total time for which application threads were stopped: 0.0000679 seconds, Stopping threads took: 0.0000152 seconds
[2019-12-09T05:21:33.113+0000][1][safepoint    ] Application time: 1.0000584 seconds
[2019-12-09T05:21:33.113+0000][1][safepoint    ] Entering safepoint region: Cleanup
[2019-12-09T05:21:33.113+0000][1][safepoint    ] Leaving safepoint region
[2019-12-09T05:21:33.113+0000][1][safepoint    ] Total time for which application threads were stopped: 0.0000643 seconds, Stopping threads took: 0.0000152 seconds
[2019-12-09T05:21:34.113+0000][1][safepoint    ] Application time: 1.0000738 seconds
[2019-12-09T05:21:34.113+0000][1][safepoint    ] Entering safepoint region: Cleanup
[2019-12-09T05:21:34.113+0000][1][safepoint    ] Leaving safepoint region
[2019-12-09T05:21:34.113+0000][1][safepoint    ] Total time for which application threads were stopped: 0.0000647 seconds, Stopping threads took: 0.0000143 seconds
[2019-12-09T05:21:35.113+0000][1][safepoint    ] Application time: 1.0000750 seconds
[2019-12-09T05:21:35.113+0000][1][safepoint    ] Entering safepoint region: Cleanup
[2019-12-09T05:21:35.113+0000][1][safepoint    ] Leaving safepoint region
[2019-12-09T05:21:35.113+0000][1][safepoint    ] Total time for which application threads were stopped: 0.0000648 seconds, Stopping threads took: 0.0000153 seconds
[2019-12-09T05:21:36.113+0000][1][safepoint    ] Application time: 1.0000749 seconds
[2019-12-09T05:21:36.113+0000][1][safepoint    ] Entering safepoint region: Cleanup
[2019-12-09T05:21:36.113+0000][1][safepoint    ] Leaving safepoint region
[2019-12-09T05:21:36.113+0000][1][safepoint    ] Total time for which application threads were stopped: 0.0000632 seconds, Stopping threads took: 0.0000149 seconds
[2019-12-09T05:21:37.113+0000][1][safepoint    ] Application time: 1.0000753 seconds
[2019-12-09T05:21:37.113+0000][1][safepoint    ] Entering safepoint region: Cleanup
[2019-12-09T05:21:37.114+0000][1][safepoint    ] Leaving safepoint region
[2019-12-09T05:21:37.114+0000][1][safepoint    ] Total time for which application threads were stopped: 0.0000708 seconds, Stopping threads took: 0.0000206 seconds
[2019-12-09T05:21:38.114+0000][1][safepoint    ] Application time: 1.0000746 seconds
[2019-12-09T05:21:38.114+0000][1][safepoint    ] Entering safepoint region: Cleanup
[2019-12-09T05:21:38.114+0000][1][safepoint    ] Leaving safepoint region
[2019-12-09T05:21:38.114+0000][1][safepoint    ] Total time for which application threads were stopped: 0.0000769 seconds, Stopping threads took: 0.0000144 seconds
[2019-12-09T05:21:39.114+0000][1][safepoint    ] Application time: 1.0000733 seconds
[2019-12-09T05:21:39.114+0000][1][safepoint    ] Entering safepoint region: Cleanup
[2019-12-09T05:21:39.114+0000][1][safepoint    ] Leaving safepoint region
[2019-12-09T05:21:39.114+0000][1][safepoint    ] Total time for which application threads were stopped: 0.0000720 seconds, Stopping threads took: 0.0000233 seconds
[2019-12-09T05:21:40.114+0000][1][safepoint    ] Application time: 1.0000734 seconds
[2019-12-09T05:21:40.114+0000][1][safepoint    ] Entering safepoint region: Cleanup
[2019-12-09T05:21:40.114+0000][1][safepoint    ] Leaving safepoint region
[2019-12-09T05:21:40.114+0000][1][safepoint    ] Total time for which application threads were stopped: 0.0000829 seconds, Stopping threads took: 0.0000161 seconds
[2019-12-09T05:21:41.114+0000][1][safepoint    ] Application time: 1.0000716 seconds
[2019-12-09T05:21:41.114+0000][1][safepoint    ] Entering safepoint region: Cleanup
[2019-12-09T05:21:41.114+0000][1][safepoint    ] Leaving safepoint region
[2019-12-09T05:21:41.114+0000][1][safepoint    ] Total time for which application threads were stopped: 0.0000670 seconds, Stopping threads took: 0.0000166 seconds
[2019-12-09T05:21:42.114+0000][1][safepoint    ] Application time: 1.0000739 seconds
[2019-12-09T05:21:42.114+0000][1][safepoint    ] Entering safepoint region: Cleanup
[2019-12-09T05:21:42.114+0000][1][safepoint    ] Leaving safepoint region
[2019-12-09T05:21:42.114+0000][1][safepoint    ] Total time for which application threads were stopped: 0.0000635 seconds, Stopping threads took: 0.0000151 seconds
[2019-12-09T05:21:43.115+0000][1][safepoint    ] Application time: 1.0000727 seconds
[2019-12-09T05:21:43.115+0000][1][safepoint    ] Entering safepoint region: Cleanup
[2019-12-09T05:21:43.115+0000][1][safepoint    ] Leaving safepoint region
[2019-12-09T05:21:43.115+0000][1][safepoint    ] Total time for which application threads were stopped: 0.0000569 seconds, Stopping threads took: 0.0000126 seconds
[2019-12-09T05:21:44.115+0000][1][safepoint    ] Application time: 1.0000742 seconds
[2019-12-09T05:21:44.115+0000][1][safepoint    ] Entering safepoint region: Cleanup
[2019-12-09T05:21:44.115+0000][1][safepoint    ] Leaving safepoint region
[2019-12-09T05:21:44.115+0000][1][safepoint    ] Total time for which application threads were stopped: 0.0000635 seconds, Stopping threads took: 0.0000184 seconds
[2019-12-09T05:21:45.115+0000][1][safepoint    ] Application time: 1.0000738 seconds
[2019-12-09T05:21:45.115+0000][1][safepoint    ] Entering safepoint region: Cleanup
[2019-12-09T05:21:45.115+0000][1][safepoint    ] Leaving safepoint region
[2019-12-09T05:21:45.115+0000][1][safepoint    ] Total time for which application threads were stopped: 0.0000609 seconds, Stopping threads took: 0.0000139 seconds
[2019-12-09T05:21:46.115+0000][1][safepoint    ] Application time: 1.0000738 seconds
[2019-12-09T05:21:46.115+0000][1][safepoint    ] Entering safepoint region: Cleanup
[2019-12-09T05:21:46.115+0000][1][safepoint    ] Leaving safepoint region
[2019-12-09T05:21:46.115+0000][1][safepoint    ] Total time for which application threads were stopped: 0.0000603 seconds, Stopping threads took: 0.0000128 seconds
[2019-12-09T05:21:47.115+0000][1][safepoint    ] Application time: 1.0000734 seconds
[2019-12-09T05:21:47.115+0000][1][safepoint    ] Entering safepoint region: Cleanup
[2019-12-09T05:21:47.115+0000][1][safepoint    ] Leaving safepoint region
[2019-12-09T05:21:47.115+0000][1][safepoint    ] Total time for which application threads were stopped: 0.0000608 seconds, Stopping threads took: 0.0000135 seconds
[2019-12-09T05:21:48.115+0000][1][safepoint    ] Application time: 1.0000711 seconds
[2019-12-09T05:21:48.115+0000][1][safepoint    ] Entering safepoint region: Cleanup
[2019-12-09T05:21:48.115+0000][1][safepoint    ] Leaving safepoint region
[2019-12-09T05:21:48.115+0000][1][safepoint    ] Total time for which application threads were stopped: 0.0000593 seconds, Stopping threads took: 0.0000131 seconds
[2019-12-09T05:21:49.116+0000][1][safepoint    ] Application time: 1.0000734 seconds
[2019-12-09T05:21:49.116+0000][1][safepoint    ] Entering safepoint region: Cleanup
[2019-12-09T05:21:49.116+0000][1][safepoint    ] Leaving safepoint region
[2019-12-09T05:21:49.116+0000][1][safepoint    ] Total time for which application threads were stopped: 0.0000650 seconds, Stopping threads took: 0.0000158 seconds
[2019-12-09T05:21:50.116+0000][1][safepoint    ] Application time: 1.0000743 seconds
[2019-12-09T05:21:50.116+0000][1][safepoint    ] Entering safepoint region: Cleanup
[2019-12-09T05:21:50.116+0000][1][safepoint    ] Leaving safepoint region
[2019-12-09T05:21:50.116+0000][1][safepoint    ] Total time for which application threads were stopped: 0.0000601 seconds, Stopping threads took: 0.0000139 seconds
[2019-12-09T05:21:51.116+0000][1][safepoint    ] Application time: 1.0000735 seconds
[2019-12-09T05:21:51.116+0000][1][safepoint    ] Entering safepoint region: Cleanup
[2019-12-09T05:21:51.116+0000][1][safepoint    ] Leaving safepoint region
[2019-12-09T05:21:51.116+0000][1][safepoint    ] Total time for which application threads were stopped: 0.0000599 seconds, Stopping threads took: 0.0000130 seconds
[2019-12-09T05:21:52.116+0000][1][safepoint    ] Application time: 1.0000774 seconds
[2019-12-09T05:21:52.116+0000][1][safepoint    ] Entering safepoint region: Cleanup
[2019-12-09T05:21:52.116+0000][1][safepoint    ] Leaving safepoint region
[2019-12-09T05:21:52.116+0000][1][safepoint    ] Total time for which application threads were stopped: 0.0000624 seconds, Stopping threads took: 0.0000137 seconds
[2019-12-09T05:21:53.116+0000][1][safepoint    ] Application time: 1.0000825 seconds
[2019-12-09T05:21:53.116+0000][1][safepoint    ] Entering safepoint region: Cleanup
[2019-12-09T05:21:53.116+0000][1][safepoint    ] Leaving safepoint region
[2019-12-09T05:21:53.116+0000][1][safepoint    ] Total time for which application threads were stopped: 0.0000598 seconds, Stopping threads took: 0.0000130 seconds
[2019-12-09T05:21:54.116+0000][1][safepoint    ] Application time: 1.0000756 seconds
[2019-12-09T05:21:54.116+0000][1][safepoint    ] Entering safepoint region: Cleanup
[2019-12-09T05:21:54.116+0000][1][safepoint    ] Leaving safepoint region
[2019-12-09T05:21:54.116+0000][1][safepoint    ] Total time for which application threads were stopped: 0.0000783 seconds, Stopping threads took: 0.0000305 seconds
[2019-12-09T05:21:55.120+0000][1][safepoint    ] Application time: 1.0032062 seconds
[2019-12-09T05:21:55.120+0000][1][safepoint    ] Entering safepoint region: Cleanup
[2019-12-09T05:21:55.120+0000][1][safepoint    ] Leaving safepoint region
[2019-12-09T05:21:55.120+0000][1][safepoint    ] Total time for which application threads were stopped: 0.0000921 seconds, Stopping threads took: 0.0000209 seconds
[2019-12-09T05:21:56.120+0000][1][safepoint    ] Application time: 1.0000772 seconds
[2019-12-09T05:21:56.120+0000][1][safepoint    ] Entering safepoint region: Cleanup
[2019-12-09T05:21:56.120+0000][1][safepoint    ] Leaving safepoint region
[2019-12-09T05:21:56.120+0000][1][safepoint    ] Total time for which application threads were stopped: 0.0000645 seconds, Stopping threads took: 0.0000153 seconds
[2019-12-09T05:21:57.120+0000][1][safepoint    ] Application time: 1.0000728 seconds
[2019-12-09T05:21:57.120+0000][1][safepoint    ] Entering safepoint region: Cleanup
[2019-12-09T05:21:57.120+0000][1][safepoint    ] Leaving safepoint region
[2019-12-09T05:21:57.120+0000][1][safepoint    ] Total time for which application threads were stopped: 0.0000630 seconds, Stopping threads took: 0.0000154 seconds
[2019-12-09T05:21:58.120+0000][1][safepoint    ] Application time: 1.0000792 seconds
[2019-12-09T05:21:58.120+0000][1][safepoint    ] Entering safepoint region: Cleanup
[2019-12-09T05:21:58.120+0000][1][safepoint    ] Leaving safepoint region
[2019-12-09T05:21:58.120+0000][1][safepoint    ] Total time for which application threads were stopped: 0.0000656 seconds, Stopping threads took: 0.0000161 seconds
[2019-12-09T05:21:59.120+0000][1][safepoint    ] Application time: 1.0000776 seconds
[2019-12-09T05:21:59.120+0000][1][safepoint    ] Entering safepoint region: Cleanup
[2019-12-09T05:21:59.121+0000][1][safepoint    ] Leaving safepoint region
[2019-12-09T05:21:59.121+0000][1][safepoint    ] Total time for which application threads were stopped: 0.0000653 seconds, Stopping threads took: 0.0000182 seconds
[2019-12-09T05:22:00.121+0000][1][safepoint    ] Application time: 1.0000786 seconds
[2019-12-09T05:22:00.121+0000][1][safepoint    ] Entering safepoint region: Cleanup
[2019-12-09T05:22:00.121+0000][1][safepoint    ] Leaving safepoint region
[2019-12-09T05:22:00.121+0000][1][safepoint    ] Total time for which application threads were stopped: 0.0000766 seconds, Stopping threads took: 0.0000153 seconds
[2019-12-09T05:22:01.121+0000][1][safepoint    ] Application time: 1.0000766 seconds
[2019-12-09T05:22:01.121+0000][1][safepoint    ] Entering safepoint region: Cleanup
[2019-12-09T05:22:01.121+0000][1][safepoint    ] Leaving safepoint region
[2019-12-09T05:22:01.121+0000][1][safepoint    ] Total time for which application threads were stopped: 0.0000627 seconds, Stopping threads took: 0.0000145 seconds
[2019-12-09T05:22:02.121+0000][1][safepoint    ] Application time: 1.0000744 seconds
[2019-12-09T05:22:02.121+0000][1][safepoint    ] Entering safepoint region: Cleanup
[2019-12-09T05:22:02.121+0000][1][safepoint    ] Leaving safepoint region
[2019-12-09T05:22:02.121+0000][1][safepoint    ] Total time for which application threads were stopped: 0.0000655 seconds, Stopping threads took: 0.0000154 seconds
[2019-12-09T05:22:03.121+0000][1][safepoint    ] Application time: 1.0000754 seconds
[2019-12-09T05:22:03.121+0000][1][safepoint    ] Entering safepoint region: Cleanup
[2019-12-09T05:22:03.121+0000][1][safepoint    ] Leaving safepoint region
[2019-12-09T05:22:03.121+0000][1][safepoint    ] Total time for which application threads were stopped: 0.0000627 seconds, Stopping threads took: 0.0000139 seconds
[2019-12-09T05:22:04.121+0000][1][safepoint    ] Application time: 1.0000765 seconds
[2019-12-09T05:22:04.121+0000][1][safepoint    ] Entering safepoint region: Cleanup
[2019-12-09T05:22:04.121+0000][1][safepoint    ] Leaving safepoint region
[2019-12-09T05:22:04.121+0000][1][safepoint    ] Total time for which application threads were stopped: 0.0000632 seconds, Stopping threads took: 0.0000147 seconds
[2019-12-09T05:22:05.121+0000][1][safepoint    ] Application time: 1.0000750 seconds
[2019-12-09T05:22:05.121+0000][1][safepoint    ] Entering safepoint region: Cleanup
[2019-12-09T05:22:05.122+0000][1][safepoint    ] Leaving safepoint region
[2019-12-09T05:22:05.122+0000][1][safepoint    ] Total time for which application threads were stopped: 0.0000635 seconds, Stopping threads took: 0.0000150 seconds
[2019-12-09T05:22:06.122+0000][1][safepoint    ] Application time: 1.0000765 seconds
[2019-12-09T05:22:06.122+0000][1][safepoint    ] Entering safepoint region: Cleanup
[2019-12-09T05:22:06.122+0000][1][safepoint    ] Leaving safepoint region
[2019-12-09T05:22:06.122+0000][1][safepoint    ] Total time for which application threads were stopped: 0.0000757 seconds, Stopping threads took: 0.0000157 seconds
[2019-12-09T05:22:07.122+0000][1][safepoint    ] Application time: 1.0000738 seconds
[2019-12-09T05:22:07.122+0000][1][safepoint    ] Entering safepoint region: Cleanup
[2019-12-09T05:22:07.122+0000][1][safepoint    ] Leaving safepoint region
[2019-12-09T05:22:07.122+0000][1][safepoint    ] Total time for which application threads were stopped: 0.0000631 seconds, Stopping threads took: 0.0000146 seconds
[2019-12-09T05:22:08.122+0000][1][safepoint    ] Application time: 1.0000733 seconds
[2019-12-09T05:22:08.122+0000][1][safepoint    ] Entering safepoint region: Cleanup
[2019-12-09T05:22:08.122+0000][1][safepoint    ] Leaving safepoint region
[2019-12-09T05:22:08.122+0000][1][safepoint    ] Total time for which application threads were stopped: 0.0000627 seconds, Stopping threads took: 0.0000132 seconds
[2019-12-09T05:22:09.122+0000][1][safepoint    ] Application time: 1.0000744 seconds
[2019-12-09T05:22:09.122+0000][1][safepoint    ] Entering safepoint region: Cleanup
[2019-12-09T05:22:09.122+0000][1][safepoint    ] Leaving safepoint region
[2019-12-09T05:22:09.122+0000][1][safepoint    ] Total time for which application threads were stopped: 0.0000683 seconds, Stopping threads took: 0.0000206 seconds
[2019-12-09T05:22:10.625+0000][1][safepoint    ] Application time: 1.5027434 seconds
[2019-12-09T05:22:10.625+0000][1][safepoint    ] Entering safepoint region: Cleanup
[2019-12-09T05:22:10.625+0000][1][safepoint    ] Leaving safepoint region
[2019-12-09T05:22:10.625+0000][1][safepoint    ] Total time for which application threads were stopped: 0.0000713 seconds, Stopping threads took: 0.0000165 seconds
[2019-12-09T05:22:11.625+0000][1][safepoint    ] Application time: 1.0000785 seconds
[2019-12-09T05:22:11.625+0000][1][safepoint    ] Entering safepoint region: Cleanup
[2019-12-09T05:22:11.625+0000][1][safepoint    ] Leaving safepoint region
[2019-12-09T05:22:11.625+0000][1][safepoint    ] Total time for which application threads were stopped: 0.0000691 seconds, Stopping threads took: 0.0000157 seconds
[2019-12-09T05:22:12.625+0000][1][safepoint    ] Application time: 1.0000767 seconds
[2019-12-09T05:22:12.625+0000][1][safepoint    ] Entering safepoint region: Cleanup
[2019-12-09T05:22:12.625+0000][1][safepoint    ] Leaving safepoint region
[2019-12-09T05:22:12.625+0000][1][safepoint    ] Total time for which application threads were stopped: 0.0000675 seconds, Stopping threads took: 0.0000167 seconds
[2019-12-09T05:22:13.626+0000][1][safepoint    ] Application time: 1.0000778 seconds
[2019-12-09T05:22:13.626+0000][1][safepoint    ] Entering safepoint region: Cleanup
[2019-12-09T05:22:13.626+0000][1][safepoint    ] Leaving safepoint region
[2019-12-09T05:22:13.626+0000][1][safepoint    ] Total time for which application threads were stopped: 0.0000675 seconds, Stopping threads took: 0.0000169 seconds
[2019-12-09T05:22:14.626+0000][1][safepoint    ] Application time: 1.0000457 seconds
[2019-12-09T05:22:14.626+0000][1][safepoint    ] Entering safepoint region: Cleanup
[2019-12-09T05:22:14.626+0000][1][safepoint    ] Leaving safepoint region
[2019-12-09T05:22:14.626+0000][1][safepoint    ] Total time for which application threads were stopped: 0.0000690 seconds, Stopping threads took: 0.0000175 seconds
[2019-12-09T05:22:15.626+0000][1][safepoint    ] Application time: 1.0000736 seconds
[2019-12-09T05:22:15.626+0000][1][safepoint    ] Entering safepoint region: Cleanup
[2019-12-09T05:22:15.626+0000][1][safepoint    ] Leaving safepoint region
[2019-12-09T05:22:15.626+0000][1][safepoint    ] Total time for which application threads were stopped: 0.0000671 seconds, Stopping threads took: 0.0000150 seconds
[2019-12-09T05:22:16.626+0000][1][safepoint    ] Application time: 1.0000856 seconds
[2019-12-09T05:22:16.626+0000][1][safepoint    ] Entering safepoint region: Cleanup
[2019-12-09T05:22:16.626+0000][1][safepoint    ] Leaving safepoint region
[2019-12-09T05:22:16.626+0000][1][safepoint    ] Total time for which application threads were stopped: 0.0000910 seconds, Stopping threads took: 0.0000218 seconds
[2019-12-09T05:22:17.626+0000][1][safepoint    ] Application time: 1.0000804 seconds
[2019-12-09T05:22:17.626+0000][1][safepoint    ] Entering safepoint region: Cleanup
[2019-12-09T05:22:17.626+0000][1][safepoint    ] Leaving safepoint region
[2019-12-09T05:22:17.626+0000][1][safepoint    ] Total time for which application threads were stopped: 0.0000681 seconds, Stopping threads took: 0.0000158 seconds
[2019-12-09T05:22:18.626+0000][1][safepoint    ] Application time: 1.0000867 seconds
[2019-12-09T05:22:18.627+0000][1][safepoint    ] Entering safepoint region: Cleanup
[2019-12-09T05:22:18.627+0000][1][safepoint    ] Leaving safepoint region
[2019-12-09T05:22:18.627+0000][1][safepoint    ] Total time for which application threads were stopped: 0.0000681 seconds, Stopping threads took: 0.0000165 seconds
[2019-12-09T05:22:19.627+0000][1][safepoint    ] Application time: 1.0000871 seconds
[2019-12-09T05:22:19.627+0000][1][safepoint    ] Entering safepoint region: Cleanup
[2019-12-09T05:22:19.627+0000][1][safepoint    ] Leaving safepoint region
[2019-12-09T05:22:19.627+0000][1][safepoint    ] Total time for which application threads were stopped: 0.0000735 seconds, Stopping threads took: 0.0000227 seconds
[2019-12-09T05:22:20.627+0000][1][safepoint    ] Application time: 1.0000820 seconds
[2019-12-09T05:22:20.627+0000][1][safepoint    ] Entering safepoint region: Cleanup
[2019-12-09T05:22:20.627+0000][1][safepoint    ] Leaving safepoint region
[2019-12-09T05:22:20.627+0000][1][safepoint    ] Total time for which application threads were stopped: 0.0000929 seconds, Stopping threads took: 0.0000294 seconds
[2019-12-09T05:22:21.627+0000][1][safepoint    ] Application time: 1.0000720 seconds
[2019-12-09T05:22:21.627+0000][1][safepoint    ] Entering safepoint region: Cleanup
[2019-12-09T05:22:21.627+0000][1][safepoint    ] Leaving safepoint region
[2019-12-09T05:22:21.627+0000][1][safepoint    ] Total time for which application threads were stopped: 0.0000655 seconds, Stopping threads took: 0.0000155 seconds
[2019-12-09T05:22:22.627+0000][1][safepoint    ] Application time: 1.0000773 seconds
[2019-12-09T05:22:22.627+0000][1][safepoint    ] Entering safepoint region: Cleanup
[2019-12-09T05:22:22.627+0000][1][safepoint    ] Leaving safepoint region
[2019-12-09T05:22:22.627+0000][1][safepoint    ] Total time for which application threads were stopped: 0.0000683 seconds, Stopping threads took: 0.0000160 seconds
[2019-12-09T05:22:23.627+0000][1][safepoint    ] Application time: 1.0000768 seconds
[2019-12-09T05:22:23.628+0000][1][safepoint    ] Entering safepoint region: Cleanup
[2019-12-09T05:22:23.628+0000][1][safepoint    ] Leaving safepoint region
[2019-12-09T05:22:23.628+0000][1][safepoint    ] Total time for which application threads were stopped: 0.0000686 seconds, Stopping threads took: 0.0000155 seconds
[2019-12-09T05:22:24.628+0000][1][safepoint    ] Application time: 1.0000790 seconds
[2019-12-09T05:22:24.628+0000][1][safepoint    ] Entering safepoint region: Cleanup
[2019-12-09T05:22:24.628+0000][1][safepoint    ] Leaving safepoint region
[2019-12-09T05:22:24.628+0000][1][safepoint    ] Total time for which application threads were stopped: 0.0000747 seconds, Stopping threads took: 0.0000235 seconds
[2019-12-09T05:22:25.631+0000][1][safepoint    ] Application time: 1.0029314 seconds
[2019-12-09T05:22:25.631+0000][1][safepoint    ] Entering safepoint region: Cleanup
[2019-12-09T05:22:25.631+0000][1][safepoint    ] Leaving safepoint region
[2019-12-09T05:22:25.631+0000][1][safepoint    ] Total time for which application threads were stopped: 0.0000882 seconds, Stopping threads took: 0.0000217 seconds
[2019-12-09T05:22:26.654+0000][1][safepoint    ] Application time: 1.0232651 seconds
[2019-12-09T05:22:26.654+0000][1][safepoint    ] Entering safepoint region: Cleanup
[2019-12-09T05:22:26.654+0000][1][safepoint    ] Leaving safepoint region
[2019-12-09T05:22:26.654+0000][1][safepoint    ] Total time for which application threads were stopped: 0.0000647 seconds, Stopping threads took: 0.0000133 seconds
[2019-12-09T05:22:27.654+0000][1][safepoint    ] Application time: 1.0000746 seconds
[2019-12-09T05:22:27.654+0000][1][safepoint    ] Entering safepoint region: Cleanup
[2019-12-09T05:22:27.654+0000][1][safepoint    ] Leaving safepoint region
[2019-12-09T05:22:27.654+0000][1][safepoint    ] Total time for which application threads were stopped: 0.0000600 seconds, Stopping threads took: 0.0000130 seconds
[2019-12-09T05:22:28.654+0000][1][safepoint    ] Application time: 1.0000793 seconds
[2019-12-09T05:22:28.654+0000][1][safepoint    ] Entering safepoint region: Cleanup
[2019-12-09T05:22:28.655+0000][1][safepoint    ] Leaving safepoint region
[2019-12-09T05:22:28.655+0000][1][safepoint    ] Total time for which application threads were stopped: 0.0000677 seconds, Stopping threads took: 0.0000181 seconds
[2019-12-09T05:22:29.655+0000][1][safepoint    ] Application time: 1.0000787 seconds
[2019-12-09T05:22:29.655+0000][1][safepoint    ] Entering safepoint region: Cleanup
[2019-12-09T05:22:29.655+0000][1][safepoint    ] Leaving safepoint region
[2019-12-09T05:22:29.655+0000][1][safepoint    ] Total time for which application threads were stopped: 0.0000881 seconds, Stopping threads took: 0.0000150 seconds
[2019-12-09T05:22:30.655+0000][1][safepoint    ] Application time: 1.0000759 seconds
[2019-12-09T05:22:30.655+0000][1][safepoint    ] Entering safepoint region: Cleanup
[2019-12-09T05:22:30.655+0000][1][safepoint    ] Leaving safepoint region
[2019-12-09T05:22:30.655+0000][1][safepoint    ] Total time for which application threads were stopped: 0.0000763 seconds, Stopping threads took: 0.0000263 seconds
[2019-12-09T05:22:31.655+0000][1][safepoint    ] Application time: 1.0001769 seconds
[2019-12-09T05:22:31.655+0000][1][safepoint    ] Entering safepoint region: Cleanup
[2019-12-09T05:22:31.655+0000][1][safepoint    ] Leaving safepoint region
[2019-12-09T05:22:31.655+0000][1][safepoint    ] Total time for which application threads were stopped: 0.0000675 seconds, Stopping threads took: 0.0000164 seconds
[2019-12-09T05:22:32.655+0000][1][safepoint    ] Application time: 1.0000779 seconds
[2019-12-09T05:22:32.655+0000][1][safepoint    ] Entering safepoint region: Cleanup
[2019-12-09T05:22:32.655+0000][1][safepoint    ] Leaving safepoint region
[2019-12-09T05:22:32.655+0000][1][safepoint    ] Total time for which application threads were stopped: 0.0000853 seconds, Stopping threads took: 0.0000310 seconds
[2019-12-09T05:22:33.655+0000][1][safepoint    ] Application time: 1.0000763 seconds
[2019-12-09T05:22:33.656+0000][1][safepoint    ] Entering safepoint region: Cleanup
[2019-12-09T05:22:33.656+0000][1][safepoint    ] Leaving safepoint region
[2019-12-09T05:22:33.656+0000][1][safepoint    ] Total time for which application threads were stopped: 0.0000629 seconds, Stopping threads took: 0.0000174 seconds
[2019-12-09T05:22:34.656+0000][1][safepoint    ] Application time: 1.0000765 seconds
[2019-12-09T05:22:34.656+0000][1][safepoint    ] Entering safepoint region: Cleanup
[2019-12-09T05:22:34.656+0000][1][safepoint    ] Leaving safepoint region
[2019-12-09T05:22:34.656+0000][1][safepoint    ] Total time for which application threads were stopped: 0.0000911 seconds, Stopping threads took: 0.0000394 seconds
[2019-12-09T05:22:35.656+0000][1][safepoint    ] Application time: 1.0000745 seconds
[2019-12-09T05:22:35.656+0000][1][safepoint    ] Entering safepoint region: Cleanup
[2019-12-09T05:22:35.656+0000][1][safepoint    ] Leaving safepoint region
[2019-12-09T05:22:35.656+0000][1][safepoint    ] Total time for which application threads were stopped: 0.0000800 seconds, Stopping threads took: 0.0000182 seconds
[2019-12-09T05:22:36.656+0000][1][safepoint    ] Application time: 1.0000780 seconds
[2019-12-09T05:22:36.656+0000][1][safepoint    ] Entering safepoint region: Cleanup
[2019-12-09T05:22:36.656+0000][1][safepoint    ] Leaving safepoint region
[2019-12-09T05:22:36.656+0000][1][safepoint    ] Total time for which application threads were stopped: 0.0000819 seconds, Stopping threads took: 0.0000189 seconds
[2019-12-09T05:22:37.656+0000][1][safepoint    ] Application time: 1.0000779 seconds
[2019-12-09T05:22:37.656+0000][1][safepoint    ] Entering safepoint region: Cleanup
[2019-12-09T05:22:37.656+0000][1][safepoint    ] Leaving safepoint region
[2019-12-09T05:22:37.656+0000][1][safepoint    ] Total time for which application threads were stopped: 0.0000775 seconds, Stopping threads took: 0.0000176 seconds
[2019-12-09T05:22:38.656+0000][1][safepoint    ] Application time: 1.0000780 seconds
[2019-12-09T05:22:38.656+0000][1][safepoint    ] Entering safepoint region: Cleanup
[2019-12-09T05:22:38.656+0000][1][safepoint    ] Leaving safepoint region
[2019-12-09T05:22:38.657+0000][1][safepoint    ] Total time for which application threads were stopped: 0.0000822 seconds, Stopping threads took: 0.0000192 seconds
[2019-12-09T05:22:39.657+0000][1][safepoint    ] Application time: 1.0000744 seconds
[2019-12-09T05:22:39.657+0000][1][safepoint    ] Entering safepoint region: Cleanup
[2019-12-09T05:22:39.657+0000][1][safepoint    ] Leaving safepoint region
[2019-12-09T05:22:39.657+0000][1][safepoint    ] Total time for which application threads were stopped: 0.0000919 seconds, Stopping threads took: 0.0000193 seconds
[2019-12-09T05:22:40.657+0000][1][safepoint    ] Application time: 1.0000730 seconds
[2019-12-09T05:22:40.657+0000][1][safepoint    ] Entering safepoint region: Cleanup
[2019-12-09T05:22:40.657+0000][1][safepoint    ] Leaving safepoint region
[2019-12-09T05:22:40.657+0000][1][safepoint    ] Total time for which application threads were stopped: 0.0000905 seconds, Stopping threads took: 0.0000234 seconds
[2019-12-09T05:22:41.657+0000][1][safepoint    ] Application time: 1.0000793 seconds
[2019-12-09T05:22:41.657+0000][1][safepoint    ] Entering safepoint region: Cleanup
[2019-12-09T05:22:41.657+0000][1][safepoint    ] Leaving safepoint region
[2019-12-09T05:22:41.657+0000][1][safepoint    ] Total time for which application threads were stopped: 0.0000894 seconds, Stopping threads took: 0.0000172 seconds
[2019-12-09T05:22:42.657+0000][1][safepoint    ] Application time: 1.0000750 seconds
[2019-12-09T05:22:42.657+0000][1][safepoint    ] Entering safepoint region: Cleanup
[2019-12-09T05:22:42.657+0000][1][safepoint    ] Leaving safepoint region
[2019-12-09T05:22:42.657+0000][1][safepoint    ] Total time for which application threads were stopped: 0.0000733 seconds, Stopping threads took: 0.0000161 seconds
[2019-12-09T05:22:43.657+0000][1][safepoint    ] Application time: 1.0000736 seconds
[2019-12-09T05:22:43.657+0000][1][safepoint    ] Entering safepoint region: Cleanup
[2019-12-09T05:22:43.657+0000][1][safepoint    ] Leaving safepoint region
[2019-12-09T05:22:43.657+0000][1][safepoint    ] Total time for which application threads were stopped: 0.0000687 seconds, Stopping threads took: 0.0000163 seconds
[2019-12-09T05:22:44.658+0000][1][safepoint    ] Application time: 1.0000739 seconds
[2019-12-09T05:22:44.658+0000][1][safepoint    ] Entering safepoint region: Cleanup
[2019-12-09T05:22:44.658+0000][1][safepoint    ] Leaving safepoint region
[2019-12-09T05:22:44.658+0000][1][safepoint    ] Total time for which application threads were stopped: 0.0000645 seconds, Stopping threads took: 0.0000147 seconds
[2019-12-09T05:22:45.658+0000][1][safepoint    ] Application time: 1.0000494 seconds
[2019-12-09T05:22:45.658+0000][1][safepoint    ] Entering safepoint region: Cleanup
[2019-12-09T05:22:45.658+0000][1][safepoint    ] Leaving safepoint region
[2019-12-09T05:22:45.658+0000][1][safepoint    ] Total time for which application threads were stopped: 0.0000637 seconds, Stopping threads took: 0.0000152 seconds
[2019-12-09T05:22:46.658+0000][1][safepoint    ] Application time: 1.0000766 seconds
[2019-12-09T05:22:46.658+0000][1][safepoint    ] Entering safepoint region: Cleanup
[2019-12-09T05:22:46.658+0000][1][safepoint    ] Leaving safepoint region
[2019-12-09T05:22:46.658+0000][1][safepoint    ] Total time for which application threads were stopped: 0.0000669 seconds, Stopping threads took: 0.0000174 seconds
[2019-12-09T05:22:47.658+0000][1][safepoint    ] Application time: 1.0000750 seconds
[2019-12-09T05:22:47.658+0000][1][safepoint    ] Entering safepoint region: Cleanup
[2019-12-09T05:22:47.658+0000][1][safepoint    ] Leaving safepoint region
[2019-12-09T05:22:47.658+0000][1][safepoint    ] Total time for which application threads were stopped: 0.0000633 seconds, Stopping threads took: 0.0000147 seconds
[2019-12-09T05:22:49.639+0000][1][safepoint    ] Application time: 1.9809005 seconds
[2019-12-09T05:22:49.639+0000][1][safepoint    ] Entering safepoint region: Cleanup
[2019-12-09T05:22:49.639+0000][1][safepoint    ] Leaving safepoint region
[2019-12-09T05:22:49.639+0000][1][safepoint    ] Total time for which application threads were stopped: 0.0000655 seconds, Stopping threads took: 0.0000147 seconds
[2019-12-09T05:22:50.639+0000][1][safepoint    ] Application time: 1.0000828 seconds
[2019-12-09T05:22:50.639+0000][1][safepoint    ] Entering safepoint region: Cleanup
[2019-12-09T05:22:50.639+0000][1][safepoint    ] Leaving safepoint region
[2019-12-09T05:22:50.639+0000][1][safepoint    ] Total time for which application threads were stopped: 0.0000679 seconds, Stopping threads took: 0.0000165 seconds
[2019-12-09T05:22:51.639+0000][1][safepoint    ] Application time: 1.0000808 seconds
[2019-12-09T05:22:51.639+0000][1][safepoint    ] Entering safepoint region: Cleanup
[2019-12-09T05:22:51.639+0000][1][safepoint    ] Leaving safepoint region
[2019-12-09T05:22:51.640+0000][1][safepoint    ] Total time for which application threads were stopped: 0.0000770 seconds, Stopping threads took: 0.0000188 seconds
[2019-12-09T05:22:52.640+0000][1][safepoint    ] Application time: 1.0000805 seconds
[2019-12-09T05:22:52.640+0000][1][safepoint    ] Entering safepoint region: Cleanup
[2019-12-09T05:22:52.640+0000][1][safepoint    ] Leaving safepoint region
[2019-12-09T05:22:52.640+0000][1][safepoint    ] Total time for which application threads were stopped: 0.0000792 seconds, Stopping threads took: 0.0000156 seconds
[2019-12-09T05:22:53.640+0000][1][safepoint    ] Application time: 1.0000790 seconds
[2019-12-09T05:22:53.640+0000][1][safepoint    ] Entering safepoint region: Cleanup
[2019-12-09T05:22:53.640+0000][1][safepoint    ] Leaving safepoint region
[2019-12-09T05:22:53.640+0000][1][safepoint    ] Total time for which application threads were stopped: 0.0000677 seconds, Stopping threads took: 0.0000160 seconds
[2019-12-09T05:22:54.640+0000][1][safepoint    ] Application time: 1.0000834 seconds
[2019-12-09T05:22:54.640+0000][1][safepoint    ] Entering safepoint region: Cleanup
[2019-12-09T05:22:54.640+0000][1][safepoint    ] Leaving safepoint region
[2019-12-09T05:22:54.640+0000][1][safepoint    ] Total time for which application threads were stopped: 0.0000676 seconds, Stopping threads took: 0.0000171 seconds
[2019-12-09T05:22:55.640+0000][1][safepoint    ] Application time: 1.0000821 seconds
[2019-12-09T05:22:55.640+0000][1][safepoint    ] Entering safepoint region: Cleanup
[2019-12-09T05:22:55.640+0000][1][safepoint    ] Leaving safepoint region
[2019-12-09T05:22:55.640+0000][1][safepoint    ] Total time for which application threads were stopped: 0.0000927 seconds, Stopping threads took: 0.0000220 seconds
[2019-12-09T05:22:56.640+0000][1][safepoint    ] Application time: 1.0000945 seconds
[2019-12-09T05:22:56.640+0000][1][safepoint    ] Entering safepoint region: Cleanup
[2019-12-09T05:22:56.641+0000][1][safepoint    ] Leaving safepoint region
[2019-12-09T05:22:56.641+0000][1][safepoint    ] Total time for which application threads were stopped: 0.0001152 seconds, Stopping threads took: 0.0000592 seconds
[2019-12-09T05:22:57.641+0000][1][safepoint    ] Application time: 1.0000838 seconds
[2019-12-09T05:22:57.641+0000][1][safepoint    ] Entering safepoint region: Cleanup
[2019-12-09T05:22:57.641+0000][1][safepoint    ] Leaving safepoint region
[2019-12-09T05:22:57.641+0000][1][safepoint    ] Total time for which application threads were stopped: 0.0000768 seconds, Stopping threads took: 0.0000151 seconds
[2019-12-09T05:22:58.641+0000][1][safepoint    ] Application time: 1.0000771 seconds
[2019-12-09T05:22:58.641+0000][1][safepoint    ] Entering safepoint region: Cleanup
[2019-12-09T05:22:58.641+0000][1][safepoint    ] Leaving safepoint region
[2019-12-09T05:22:58.641+0000][1][safepoint    ] Total time for which application threads were stopped: 0.0000644 seconds, Stopping threads took: 0.0000161 seconds
[2019-12-09T05:22:59.641+0000][1][safepoint    ] Application time: 1.0000770 seconds
[2019-12-09T05:22:59.641+0000][1][safepoint    ] Entering safepoint region: Cleanup
[2019-12-09T05:22:59.641+0000][1][safepoint    ] Leaving safepoint region
[2019-12-09T05:22:59.641+0000][1][safepoint    ] Total time for which application threads were stopped: 0.0000789 seconds, Stopping threads took: 0.0000154 seconds
[2019-12-09T05:23:00.641+0000][1][safepoint    ] Application time: 1.0000768 seconds
[2019-12-09T05:23:00.641+0000][1][safepoint    ] Entering safepoint region: Cleanup
[2019-12-09T05:23:00.641+0000][1][safepoint    ] Leaving safepoint region
[2019-12-09T05:23:00.641+0000][1][safepoint    ] Total time for which application threads were stopped: 0.0000647 seconds, Stopping threads took: 0.0000154 seconds
[2019-12-09T05:23:01.641+0000][1][safepoint    ] Application time: 1.0000794 seconds
[2019-12-09T05:23:01.641+0000][1][safepoint    ] Entering safepoint region: Cleanup
[2019-12-09T05:23:01.641+0000][1][safepoint    ] Leaving safepoint region
[2019-12-09T05:23:01.641+0000][1][safepoint    ] Total time for which application threads were stopped: 0.0000774 seconds, Stopping threads took: 0.0000170 seconds
[2019-12-09T05:23:02.642+0000][1][safepoint    ] Application time: 1.0000794 seconds
[2019-12-09T05:23:02.642+0000][1][safepoint    ] Entering safepoint region: Cleanup
[2019-12-09T05:23:02.642+0000][1][safepoint    ] Leaving safepoint region
[2019-12-09T05:23:02.642+0000][1][safepoint    ] Total time for which application threads were stopped: 0.0000687 seconds, Stopping threads took: 0.0000168 seconds
[2019-12-09T05:23:03.642+0000][1][safepoint    ] Application time: 1.0000789 seconds
[2019-12-09T05:23:03.642+0000][1][safepoint    ] Entering safepoint region: Cleanup
[2019-12-09T05:23:03.642+0000][1][safepoint    ] Leaving safepoint region
[2019-12-09T05:23:03.642+0000][1][safepoint    ] Total time for which application threads were stopped: 0.0000676 seconds, Stopping threads took: 0.0000163 seconds
[2019-12-09T05:23:05.142+0000][1][safepoint    ] Application time: 1.4998921 seconds
[2019-12-09T05:23:05.142+0000][1][safepoint    ] Entering safepoint region: Cleanup
[2019-12-09T05:23:05.142+0000][1][safepoint    ] Leaving safepoint region
[2019-12-09T05:23:05.142+0000][1][safepoint    ] Total time for which application threads were stopped: 0.0000725 seconds, Stopping threads took: 0.0000232 seconds
[2019-12-09T05:23:06.142+0000][1][safepoint    ] Application time: 1.0000780 seconds
[2019-12-09T05:23:06.142+0000][1][safepoint    ] Entering safepoint region: Cleanup
[2019-12-09T05:23:06.142+0000][1][safepoint    ] Leaving safepoint region
[2019-12-09T05:23:06.142+0000][1][safepoint    ] Total time for which application threads were stopped: 0.0000667 seconds, Stopping threads took: 0.0000142 seconds
[2019-12-09T05:23:07.142+0000][1][safepoint    ] Application time: 1.0000752 seconds
[2019-12-09T05:23:07.142+0000][1][safepoint    ] Entering safepoint region: Cleanup
[2019-12-09T05:23:07.142+0000][1][safepoint    ] Leaving safepoint region
[2019-12-09T05:23:07.142+0000][1][safepoint    ] Total time for which application threads were stopped: 0.0000674 seconds, Stopping threads took: 0.0000155 seconds
[2019-12-09T05:23:08.142+0000][1][safepoint    ] Application time: 1.0000723 seconds
[2019-12-09T05:23:08.142+0000][1][safepoint    ] Entering safepoint region: Cleanup
[2019-12-09T05:23:08.142+0000][1][safepoint    ] Leaving safepoint region
[2019-12-09T05:23:08.142+0000][1][safepoint    ] Total time for which application threads were stopped: 0.0000648 seconds, Stopping threads took: 0.0000142 seconds
[2019-12-09T05:23:09.142+0000][1][safepoint    ] Application time: 1.0000756 seconds
[2019-12-09T05:23:09.142+0000][1][safepoint    ] Entering safepoint region: Cleanup
[2019-12-09T05:23:09.143+0000][1][safepoint    ] Leaving safepoint region
[2019-12-09T05:23:09.143+0000][1][safepoint    ] Total time for which application threads were stopped: 0.0000598 seconds, Stopping threads took: 0.0000123 seconds
[2019-12-09T05:23:10.143+0000][1][safepoint    ] Application time: 1.0000745 seconds
[2019-12-09T05:23:10.143+0000][1][safepoint    ] Entering safepoint region: Cleanup
[2019-12-09T05:23:10.143+0000][1][safepoint    ] Leaving safepoint region
[2019-12-09T05:23:10.143+0000][1][safepoint    ] Total time for which application threads were stopped: 0.0000717 seconds, Stopping threads took: 0.0000125 seconds
[2019-12-09T05:23:11.143+0000][1][safepoint    ] Application time: 1.0000753 seconds
[2019-12-09T05:23:11.143+0000][1][safepoint    ] Entering safepoint region: Cleanup
[2019-12-09T05:23:11.143+0000][1][safepoint    ] Leaving safepoint region
[2019-12-09T05:23:11.143+0000][1][safepoint    ] Total time for which application threads were stopped: 0.0000660 seconds, Stopping threads took: 0.0000165 seconds
[2019-12-09T05:23:12.143+0000][1][safepoint    ] Application time: 1.0000745 seconds
[2019-12-09T05:23:12.143+0000][1][safepoint    ] Entering safepoint region: Cleanup
[2019-12-09T05:23:12.143+0000][1][safepoint    ] Leaving safepoint region
[2019-12-09T05:23:12.143+0000][1][safepoint    ] Total time for which application threads were stopped: 0.0000743 seconds, Stopping threads took: 0.0000143 seconds
[2019-12-09T05:23:13.142+0000][1][safepoint    ] Application time: 0.9985354 seconds
[2019-12-09T05:23:13.142+0000][1][safepoint    ] Entering safepoint region: GenCollectForAllocation
[2019-12-09T05:23:13.142+0000][1][gc,start     ] GC(69) Pause Young (Allocation Failure)
[2019-12-09T05:23:13.142+0000][1][gc,task      ] GC(69) Using 2 workers of 2 for evacuation
[2019-12-09T05:23:13.143+0000][1][gc,age       ] GC(69) Desired survivor size 4456448 bytes, new threshold 6 (max threshold 6)
[2019-12-09T05:23:13.143+0000][1][gc,age       ] GC(69) Age table with threshold 6 (max threshold 6)
[2019-12-09T05:23:13.143+0000][1][gc,age       ] GC(69) - age   1:       5672 bytes,       5672 total
[2019-12-09T05:23:13.143+0000][1][gc,age       ] GC(69) - age   2:       7656 bytes,      13328 total
[2019-12-09T05:23:13.143+0000][1][gc,heap      ] GC(69) ParNew: 69966K->19K(78656K)
[2019-12-09T05:23:13.143+0000][1][gc,heap      ] GC(69) CMS: 69354K->69354K(174784K)
[2019-12-09T05:23:13.143+0000][1][gc,metaspace ] GC(69) Metaspace: 68455K->68455K(1112064K)
[2019-12-09T05:23:13.143+0000][1][gc           ] GC(69) Pause Young (Allocation Failure) 136M->67M(247M) 1.387ms
[2019-12-09T05:23:13.143+0000][1][gc,cpu       ] GC(69) User=0.01s Sys=0.00s Real=0.00s
[2019-12-09T05:23:13.143+0000][1][safepoint    ] Leaving safepoint region
[2019-12-09T05:23:13.143+0000][1][safepoint    ] Total time for which application threads were stopped: 0.0015299 seconds, Stopping threads took: 0.0000217 seconds
[2019-12-09T05:23:14.143+0000][1][safepoint    ] Application time: 1.0000899 seconds
[2019-12-09T05:23:14.143+0000][1][safepoint    ] Entering safepoint region: Cleanup
[2019-12-09T05:23:14.143+0000][1][safepoint    ] Leaving safepoint region
[2019-12-09T05:23:14.143+0000][1][safepoint    ] Total time for which application threads were stopped: 0.0000696 seconds, Stopping threads took: 0.0000172 seconds
[2019-12-09T05:23:15.144+0000][1][safepoint    ] Application time: 1.0000780 seconds
[2019-12-09T05:23:15.144+0000][1][safepoint    ] Entering safepoint region: Cleanup
[2019-12-09T05:23:15.144+0000][1][safepoint    ] Leaving safepoint region
[2019-12-09T05:23:15.144+0000][1][safepoint    ] Total time for which application threads were stopped: 0.0000708 seconds, Stopping threads took: 0.0000178 seconds
[2019-12-09T05:23:16.144+0000][1][safepoint    ] Application time: 1.0000777 seconds
[2019-12-09T05:23:16.144+0000][1][safepoint    ] Entering safepoint region: Cleanup
[2019-12-09T05:23:16.144+0000][1][safepoint    ] Leaving safepoint region
[2019-12-09T05:23:16.144+0000][1][safepoint    ] Total time for which application threads were stopped: 0.0000703 seconds, Stopping threads took: 0.0000171 seconds
[2019-12-09T05:23:17.144+0000][1][safepoint    ] Application time: 1.0000777 seconds
[2019-12-09T05:23:17.144+0000][1][safepoint    ] Entering safepoint region: Cleanup
[2019-12-09T05:23:17.144+0000][1][safepoint    ] Leaving safepoint region
[2019-12-09T05:23:17.144+0000][1][safepoint    ] Total time for which application threads were stopped: 0.0000719 seconds, Stopping threads took: 0.0000175 seconds
[2019-12-09T05:23:18.144+0000][1][safepoint    ] Application time: 1.0000842 seconds
[2019-12-09T05:23:18.144+0000][1][safepoint    ] Entering safepoint region: Cleanup
[2019-12-09T05:23:18.144+0000][1][safepoint    ] Leaving safepoint region
[2019-12-09T05:23:18.144+0000][1][safepoint    ] Total time for which application threads were stopped: 0.0001075 seconds, Stopping threads took: 0.0000523 seconds
[2019-12-09T05:23:19.144+0000][1][safepoint    ] Application time: 1.0000850 seconds
[2019-12-09T05:23:19.144+0000][1][safepoint    ] Entering safepoint region: Cleanup
[2019-12-09T05:23:19.144+0000][1][safepoint    ] Leaving safepoint region
[2019-12-09T05:23:19.144+0000][1][safepoint    ] Total time for which application threads were stopped: 0.0000720 seconds, Stopping threads took: 0.0000172 seconds
[2019-12-09T05:23:20.145+0000][1][safepoint    ] Application time: 1.0000775 seconds
[2019-12-09T05:23:20.145+0000][1][safepoint    ] Entering safepoint region: Cleanup
[2019-12-09T05:23:20.145+0000][1][safepoint    ] Leaving safepoint region
[2019-12-09T05:23:20.145+0000][1][safepoint    ] Total time for which application threads were stopped: 0.0000688 seconds, Stopping threads took: 0.0000164 seconds
[2019-12-09T05:23:21.145+0000][1][safepoint    ] Application time: 1.0000848 seconds
[2019-12-09T05:23:21.145+0000][1][safepoint    ] Entering safepoint region: Cleanup
[2019-12-09T05:23:21.145+0000][1][safepoint    ] Leaving safepoint region
[2019-12-09T05:23:21.145+0000][1][safepoint    ] Total time for which application threads were stopped: 0.0000690 seconds, Stopping threads took: 0.0000157 seconds
[2019-12-09T05:23:22.145+0000][1][safepoint    ] Application time: 1.0000764 seconds
[2019-12-09T05:23:22.145+0000][1][safepoint    ] Entering safepoint region: Cleanup
[2019-12-09T05:23:22.145+0000][1][safepoint    ] Leaving safepoint region
[2019-12-09T05:23:22.145+0000][1][safepoint    ] Total time for which application threads were stopped: 0.0000719 seconds, Stopping threads took: 0.0000160 seconds
[2019-12-09T05:23:23.145+0000][1][safepoint    ] Application time: 1.0000733 seconds
[2019-12-09T05:23:23.145+0000][1][safepoint    ] Entering safepoint region: Cleanup
[2019-12-09T05:23:23.145+0000][1][safepoint    ] Leaving safepoint region
[2019-12-09T05:23:23.145+0000][1][safepoint    ] Total time for which application threads were stopped: 0.0000697 seconds, Stopping threads took: 0.0000170 seconds
[2019-12-09T05:23:24.145+0000][1][safepoint    ] Application time: 1.0000768 seconds
[2019-12-09T05:23:24.145+0000][1][safepoint    ] Entering safepoint region: Cleanup
[2019-12-09T05:23:24.145+0000][1][safepoint    ] Leaving safepoint region
[2019-12-09T05:23:24.145+0000][1][safepoint    ] Total time for which application threads were stopped: 0.0000670 seconds, Stopping threads took: 0.0000167 seconds
[2019-12-09T05:23:25.146+0000][1][safepoint    ] Application time: 1.0000802 seconds
[2019-12-09T05:23:25.146+0000][1][safepoint    ] Entering safepoint region: Cleanup
[2019-12-09T05:23:25.146+0000][1][safepoint    ] Leaving safepoint region
[2019-12-09T05:23:25.146+0000][1][safepoint    ] Total time for which application threads were stopped: 0.0000727 seconds, Stopping threads took: 0.0000182 seconds
[2019-12-09T05:23:26.146+0000][1][safepoint    ] Application time: 1.0000774 seconds
[2019-12-09T05:23:26.146+0000][1][safepoint    ] Entering safepoint region: Cleanup
[2019-12-09T05:23:26.146+0000][1][safepoint    ] Leaving safepoint region
[2019-12-09T05:23:26.146+0000][1][safepoint    ] Total time for which application threads were stopped: 0.0000730 seconds, Stopping threads took: 0.0000191 seconds
[2019-12-09T05:23:27.146+0000][1][safepoint    ] Application time: 1.0000753 seconds
[2019-12-09T05:23:27.146+0000][1][safepoint    ] Entering safepoint region: Cleanup
[2019-12-09T05:23:27.146+0000][1][safepoint    ] Leaving safepoint region
[2019-12-09T05:23:27.146+0000][1][safepoint    ] Total time for which application threads were stopped: 0.0000738 seconds, Stopping threads took: 0.0000173 seconds
[2019-12-09T05:23:28.146+0000][1][safepoint    ] Application time: 1.0000783 seconds
[2019-12-09T05:23:28.146+0000][1][safepoint    ] Entering safepoint region: Cleanup
[2019-12-09T05:23:28.146+0000][1][safepoint    ] Leaving safepoint region
[2019-12-09T05:23:28.146+0000][1][safepoint    ] Total time for which application threads were stopped: 0.0000737 seconds, Stopping threads took: 0.0000190 seconds
[2019-12-09T05:23:29.146+0000][1][safepoint    ] Application time: 1.0000752 seconds
[2019-12-09T05:23:29.146+0000][1][safepoint    ] Entering safepoint region: Cleanup
[2019-12-09T05:23:29.146+0000][1][safepoint    ] Leaving safepoint region
[2019-12-09T05:23:29.146+0000][1][safepoint    ] Total time for which application threads were stopped: 0.0000706 seconds, Stopping threads took: 0.0000171 seconds
[2019-12-09T05:23:30.147+0000][1][safepoint    ] Application time: 1.0000766 seconds
[2019-12-09T05:23:30.147+0000][1][safepoint    ] Entering safepoint region: Cleanup
[2019-12-09T05:23:30.147+0000][1][safepoint    ] Leaving safepoint region
[2019-12-09T05:23:30.147+0000][1][safepoint    ] Total time for which application threads were stopped: 0.0000704 seconds, Stopping threads took: 0.0000174 seconds
[2019-12-09T05:23:31.147+0000][1][safepoint    ] Application time: 1.0000769 seconds
[2019-12-09T05:23:31.147+0000][1][safepoint    ] Entering safepoint region: Cleanup
[2019-12-09T05:23:31.147+0000][1][safepoint    ] Leaving safepoint region
[2019-12-09T05:23:31.147+0000][1][safepoint    ] Total time for which application threads were stopped: 0.0000714 seconds, Stopping threads took: 0.0000174 seconds
[2019-12-09T05:23:32.147+0000][1][safepoint    ] Application time: 1.0000765 seconds
[2019-12-09T05:23:32.147+0000][1][safepoint    ] Entering safepoint region: Cleanup
[2019-12-09T05:23:32.147+0000][1][safepoint    ] Leaving safepoint region
[2019-12-09T05:23:32.147+0000][1][safepoint    ] Total time for which application threads were stopped: 0.0000718 seconds, Stopping threads took: 0.0000172 seconds
[2019-12-09T05:23:33.147+0000][1][safepoint    ] Application time: 1.0000754 seconds
[2019-12-09T05:23:33.147+0000][1][safepoint    ] Entering safepoint region: Cleanup
[2019-12-09T05:23:33.147+0000][1][safepoint    ] Leaving safepoint region
[2019-12-09T05:23:33.147+0000][1][safepoint    ] Total time for which application threads were stopped: 0.0000701 seconds, Stopping threads took: 0.0000167 seconds
[2019-12-09T05:23:34.147+0000][1][safepoint    ] Application time: 1.0000756 seconds
[2019-12-09T05:23:34.147+0000][1][safepoint    ] Entering safepoint region: Cleanup
[2019-12-09T05:23:34.147+0000][1][safepoint    ] Leaving safepoint region
[2019-12-09T05:23:34.147+0000][1][safepoint    ] Total time for which application threads were stopped: 0.0000742 seconds, Stopping threads took: 0.0000201 seconds
[2019-12-09T05:23:35.147+0000][1][safepoint    ] Application time: 1.0000764 seconds
[2019-12-09T05:23:35.148+0000][1][safepoint    ] Entering safepoint region: Cleanup
[2019-12-09T05:23:35.148+0000][1][safepoint    ] Leaving safepoint region
[2019-12-09T05:23:35.148+0000][1][safepoint    ] Total time for which application threads were stopped: 0.0000769 seconds, Stopping threads took: 0.0000253 seconds
[2019-12-09T05:23:36.148+0000][1][safepoint    ] Application time: 1.0000761 seconds
[2019-12-09T05:23:36.148+0000][1][safepoint    ] Entering safepoint region: Cleanup
[2019-12-09T05:23:36.148+0000][1][safepoint    ] Leaving safepoint region
[2019-12-09T05:23:36.148+0000][1][safepoint    ] Total time for which application threads were stopped: 0.0000718 seconds, Stopping threads took: 0.0000182 seconds
[2019-12-09T05:23:37.148+0000][1][safepoint    ] Application time: 1.0000761 seconds
[2019-12-09T05:23:37.148+0000][1][safepoint    ] Entering safepoint region: Cleanup
[2019-12-09T05:23:37.148+0000][1][safepoint    ] Leaving safepoint region
[2019-12-09T05:23:37.148+0000][1][safepoint    ] Total time for which application threads were stopped: 0.0000733 seconds, Stopping threads took: 0.0000182 seconds
[2019-12-09T05:23:38.148+0000][1][safepoint    ] Application time: 1.0000750 seconds
[2019-12-09T05:23:38.148+0000][1][safepoint    ] Entering safepoint region: Cleanup
[2019-12-09T05:23:38.148+0000][1][safepoint    ] Leaving safepoint region
[2019-12-09T05:23:38.148+0000][1][safepoint    ] Total time for which application threads were stopped: 0.0000704 seconds, Stopping threads took: 0.0000164 seconds
[2019-12-09T05:23:39.148+0000][1][safepoint    ] Application time: 1.0000756 seconds
[2019-12-09T05:23:39.148+0000][1][safepoint    ] Entering safepoint region: Cleanup
[2019-12-09T05:23:39.148+0000][1][safepoint    ] Leaving safepoint region
[2019-12-09T05:23:39.148+0000][1][safepoint    ] Total time for which application threads were stopped: 0.0000694 seconds, Stopping threads took: 0.0000169 seconds
[2019-12-09T05:23:40.148+0000][1][safepoint    ] Application time: 1.0000759 seconds
[2019-12-09T05:23:40.149+0000][1][safepoint    ] Entering safepoint region: Cleanup
[2019-12-09T05:23:40.149+0000][1][safepoint    ] Leaving safepoint region
[2019-12-09T05:23:40.149+0000][1][safepoint    ] Total time for which application threads were stopped: 0.0000707 seconds, Stopping threads took: 0.0000170 seconds
[2019-12-09T05:23:41.149+0000][1][safepoint    ] Application time: 1.0000755 seconds
[2019-12-09T05:23:41.149+0000][1][safepoint    ] Entering safepoint region: Cleanup
[2019-12-09T05:23:41.149+0000][1][safepoint    ] Leaving safepoint region
[2019-12-09T05:23:41.149+0000][1][safepoint    ] Total time for which application threads were stopped: 0.0000737 seconds, Stopping threads took: 0.0000194 seconds
[2019-12-09T05:23:42.149+0000][1][safepoint    ] Application time: 1.0000873 seconds
[2019-12-09T05:23:42.149+0000][1][safepoint    ] Entering safepoint region: Cleanup
[2019-12-09T05:23:42.149+0000][1][safepoint    ] Leaving safepoint region
[2019-12-09T05:23:42.149+0000][1][safepoint    ] Total time for which application threads were stopped: 0.0000965 seconds, Stopping threads took: 0.0000244 seconds
[2019-12-09T05:23:43.149+0000][1][safepoint    ] Application time: 1.0000767 seconds
[2019-12-09T05:23:43.149+0000][1][safepoint    ] Entering safepoint region: Cleanup
[2019-12-09T05:23:43.149+0000][1][safepoint    ] Leaving safepoint region
[2019-12-09T05:23:43.149+0000][1][safepoint    ] Total time for which application threads were stopped: 0.0000701 seconds, Stopping threads took: 0.0000185 seconds
[2019-12-09T05:23:44.149+0000][1][safepoint    ] Application time: 1.0000774 seconds
[2019-12-09T05:23:44.149+0000][1][safepoint    ] Entering safepoint region: Cleanup
[2019-12-09T05:23:44.149+0000][1][safepoint    ] Leaving safepoint region
[2019-12-09T05:23:44.149+0000][1][safepoint    ] Total time for which application threads were stopped: 0.0000670 seconds, Stopping threads took: 0.0000161 seconds
[2019-12-09T05:23:45.149+0000][1][safepoint    ] Application time: 1.0000766 seconds
[2019-12-09T05:23:45.150+0000][1][safepoint    ] Entering safepoint region: Cleanup
[2019-12-09T05:23:45.150+0000][1][safepoint    ] Leaving safepoint region
[2019-12-09T05:23:45.150+0000][1][safepoint    ] Total time for which application threads were stopped: 0.0000712 seconds, Stopping threads took: 0.0000180 seconds
[2019-12-09T05:23:46.150+0000][1][safepoint    ] Application time: 1.0000768 seconds
[2019-12-09T05:23:46.150+0000][1][safepoint    ] Entering safepoint region: Cleanup
[2019-12-09T05:23:46.150+0000][1][safepoint    ] Leaving safepoint region
[2019-12-09T05:23:46.150+0000][1][safepoint    ] Total time for which application threads were stopped: 0.0000704 seconds, Stopping threads took: 0.0000173 seconds
[2019-12-09T05:23:47.150+0000][1][safepoint    ] Application time: 1.0000747 seconds
[2019-12-09T05:23:47.150+0000][1][safepoint    ] Entering safepoint region: Cleanup
[2019-12-09T05:23:47.150+0000][1][safepoint    ] Leaving safepoint region
[2019-12-09T05:23:47.150+0000][1][safepoint    ] Total time for which application threads were stopped: 0.0000708 seconds, Stopping threads took: 0.0000160 seconds
[2019-12-09T05:23:48.150+0000][1][safepoint    ] Application time: 1.0000772 seconds
[2019-12-09T05:23:48.150+0000][1][safepoint    ] Entering safepoint region: Cleanup
[2019-12-09T05:23:48.150+0000][1][safepoint    ] Leaving safepoint region
[2019-12-09T05:23:48.150+0000][1][safepoint    ] Total time for which application threads were stopped: 0.0000685 seconds, Stopping threads took: 0.0000151 seconds
[2019-12-09T05:23:49.150+0000][1][safepoint    ] Application time: 1.0000759 seconds
[2019-12-09T05:23:49.150+0000][1][safepoint    ] Entering safepoint region: Cleanup
[2019-12-09T05:23:49.150+0000][1][safepoint    ] Leaving safepoint region
[2019-12-09T05:23:49.150+0000][1][safepoint    ] Total time for which application threads were stopped: 0.0000696 seconds, Stopping threads took: 0.0000166 seconds
[2019-12-09T05:23:50.150+0000][1][safepoint    ] Application time: 1.0000763 seconds
[2019-12-09T05:23:50.150+0000][1][safepoint    ] Entering safepoint region: Cleanup
[2019-12-09T05:23:50.151+0000][1][safepoint    ] Leaving safepoint region
[2019-12-09T05:23:50.151+0000][1][safepoint    ] Total time for which application threads were stopped: 0.0000720 seconds, Stopping threads took: 0.0000178 seconds
[2019-12-09T05:23:51.151+0000][1][safepoint    ] Application time: 1.0000836 seconds
[2019-12-09T05:23:51.151+0000][1][safepoint    ] Entering safepoint region: Cleanup
[2019-12-09T05:23:51.151+0000][1][safepoint    ] Leaving safepoint region
[2019-12-09T05:23:51.151+0000][1][safepoint    ] Total time for which application threads were stopped: 0.0000798 seconds, Stopping threads took: 0.0000160 seconds
[2019-12-09T05:23:52.151+0000][1][safepoint    ] Application time: 1.0000767 seconds
[2019-12-09T05:23:52.151+0000][1][safepoint    ] Entering safepoint region: Cleanup
[2019-12-09T05:23:52.151+0000][1][safepoint    ] Leaving safepoint region
[2019-12-09T05:23:52.151+0000][1][safepoint    ] Total time for which application threads were stopped: 0.0000705 seconds, Stopping threads took: 0.0000163 seconds
[2019-12-09T05:23:53.151+0000][1][safepoint    ] Application time: 1.0000746 seconds
[2019-12-09T05:23:53.151+0000][1][safepoint    ] Entering safepoint region: Cleanup
[2019-12-09T05:23:53.151+0000][1][safepoint    ] Leaving safepoint region
[2019-12-09T05:23:53.151+0000][1][safepoint    ] Total time for which application threads were stopped: 0.0000691 seconds, Stopping threads took: 0.0000175 seconds
[2019-12-09T05:23:54.151+0000][1][safepoint    ] Application time: 1.0000774 seconds
[2019-12-09T05:23:54.151+0000][1][safepoint    ] Entering safepoint region: Cleanup
[2019-12-09T05:23:54.151+0000][1][safepoint    ] Leaving safepoint region
[2019-12-09T05:23:54.151+0000][1][safepoint    ] Total time for which application threads were stopped: 0.0000701 seconds, Stopping threads took: 0.0000163 seconds
[2019-12-09T05:23:55.151+0000][1][safepoint    ] Application time: 1.0000757 seconds
[2019-12-09T05:23:55.151+0000][1][safepoint    ] Entering safepoint region: Cleanup
[2019-12-09T05:23:55.151+0000][1][safepoint    ] Leaving safepoint region
[2019-12-09T05:23:55.151+0000][1][safepoint    ] Total time for which application threads were stopped: 0.0000684 seconds, Stopping threads took: 0.0000160 seconds
[2019-12-09T05:23:56.152+0000][1][safepoint    ] Application time: 1.0000772 seconds
[2019-12-09T05:23:56.152+0000][1][safepoint    ] Entering safepoint region: Cleanup
[2019-12-09T05:23:56.152+0000][1][safepoint    ] Leaving safepoint region
[2019-12-09T05:23:56.152+0000][1][safepoint    ] Total time for which application threads were stopped: 0.0000682 seconds, Stopping threads took: 0.0000157 seconds
[2019-12-09T05:23:57.152+0000][1][safepoint    ] Application time: 1.0000774 seconds
[2019-12-09T05:23:57.152+0000][1][safepoint    ] Entering safepoint region: Cleanup
[2019-12-09T05:23:57.152+0000][1][safepoint    ] Leaving safepoint region
[2019-12-09T05:23:57.152+0000][1][safepoint    ] Total time for which application threads were stopped: 0.0000713 seconds, Stopping threads took: 0.0000180 seconds
[2019-12-09T05:23:58.152+0000][1][safepoint    ] Application time: 1.0000767 seconds
[2019-12-09T05:23:58.152+0000][1][safepoint    ] Entering safepoint region: Cleanup
[2019-12-09T05:23:58.152+0000][1][safepoint    ] Leaving safepoint region
[2019-12-09T05:23:58.152+0000][1][safepoint    ] Total time for which application threads were stopped: 0.0000703 seconds, Stopping threads took: 0.0000184 seconds
[2019-12-09T05:23:59.152+0000][1][safepoint    ] Application time: 1.0000771 seconds
[2019-12-09T05:23:59.152+0000][1][safepoint    ] Entering safepoint region: Cleanup
[2019-12-09T05:23:59.152+0000][1][safepoint    ] Leaving safepoint region
[2019-12-09T05:23:59.152+0000][1][safepoint    ] Total time for which application threads were stopped: 0.0000687 seconds, Stopping threads took: 0.0000166 seconds
[2019-12-09T05:24:00.152+0000][1][safepoint    ] Application time: 1.0000769 seconds
[2019-12-09T05:24:00.152+0000][1][safepoint    ] Entering safepoint region: Cleanup
[2019-12-09T05:24:00.152+0000][1][safepoint    ] Leaving safepoint region
[2019-12-09T05:24:00.152+0000][1][safepoint    ] Total time for which application threads were stopped: 0.0000779 seconds, Stopping threads took: 0.0000242 seconds
[2019-12-09T05:24:01.153+0000][1][safepoint    ] Application time: 1.0000760 seconds
[2019-12-09T05:24:01.153+0000][1][safepoint    ] Entering safepoint region: Cleanup
[2019-12-09T05:24:01.153+0000][1][safepoint    ] Leaving safepoint region
[2019-12-09T05:24:01.153+0000][1][safepoint    ] Total time for which application threads were stopped: 0.0000715 seconds, Stopping threads took: 0.0000171 seconds
[2019-12-09T05:24:02.153+0000][1][safepoint    ] Application time: 1.0000811 seconds
[2019-12-09T05:24:02.153+0000][1][safepoint    ] Entering safepoint region: Cleanup
[2019-12-09T05:24:02.153+0000][1][safepoint    ] Leaving safepoint region
[2019-12-09T05:24:02.153+0000][1][safepoint    ] Total time for which application threads were stopped: 0.0000714 seconds, Stopping threads took: 0.0000172 seconds
[2019-12-09T05:24:03.153+0000][1][safepoint    ] Application time: 1.0000766 seconds
[2019-12-09T05:24:03.153+0000][1][safepoint    ] Entering safepoint region: Cleanup
[2019-12-09T05:24:03.153+0000][1][safepoint    ] Leaving safepoint region
[2019-12-09T05:24:03.153+0000][1][safepoint    ] Total time for which application threads were stopped: 0.0000696 seconds, Stopping threads took: 0.0000172 seconds
[2019-12-09T05:24:04.153+0000][1][safepoint    ] Application time: 1.0000773 seconds
[2019-12-09T05:24:04.153+0000][1][safepoint    ] Entering safepoint region: Cleanup
[2019-12-09T05:24:04.153+0000][1][safepoint    ] Leaving safepoint region
[2019-12-09T05:24:04.153+0000][1][safepoint    ] Total time for which application threads were stopped: 0.0000704 seconds, Stopping threads took: 0.0000161 seconds
[2019-12-09T05:24:05.153+0000][1][safepoint    ] Application time: 1.0000807 seconds
[2019-12-09T05:24:05.153+0000][1][safepoint    ] Entering safepoint region: Cleanup
[2019-12-09T05:24:05.153+0000][1][safepoint    ] Leaving safepoint region
[2019-12-09T05:24:05.153+0000][1][safepoint    ] Total time for which application threads were stopped: 0.0000793 seconds, Stopping threads took: 0.0000257 seconds
[2019-12-09T05:24:06.154+0000][1][safepoint    ] Application time: 1.0000765 seconds
[2019-12-09T05:24:06.154+0000][1][safepoint    ] Entering safepoint region: Cleanup
[2019-12-09T05:24:06.154+0000][1][safepoint    ] Leaving safepoint region
[2019-12-09T05:24:06.154+0000][1][safepoint    ] Total time for which application threads were stopped: 0.0000729 seconds, Stopping threads took: 0.0000190 seconds
[2019-12-09T05:24:07.154+0000][1][safepoint    ] Application time: 1.0000821 seconds
[2019-12-09T05:24:07.154+0000][1][safepoint    ] Entering safepoint region: Cleanup
[2019-12-09T05:24:07.154+0000][1][safepoint    ] Leaving safepoint region
[2019-12-09T05:24:07.154+0000][1][safepoint    ] Total time for which application threads were stopped: 0.0000736 seconds, Stopping threads took: 0.0000175 seconds
[2019-12-09T05:24:08.154+0000][1][safepoint    ] Application time: 1.0000776 seconds
[2019-12-09T05:24:08.154+0000][1][safepoint    ] Entering safepoint region: Cleanup
[2019-12-09T05:24:08.154+0000][1][safepoint    ] Leaving safepoint region
[2019-12-09T05:24:08.154+0000][1][safepoint    ] Total time for which application threads were stopped: 0.0000702 seconds, Stopping threads took: 0.0000171 seconds
[2019-12-09T05:24:09.154+0000][1][safepoint    ] Application time: 1.0000735 seconds
[2019-12-09T05:24:09.154+0000][1][safepoint    ] Entering safepoint region: Cleanup
[2019-12-09T05:24:09.154+0000][1][safepoint    ] Leaving safepoint region
[2019-12-09T05:24:09.154+0000][1][safepoint    ] Total time for which application threads were stopped: 0.0000723 seconds, Stopping threads took: 0.0000179 seconds
[2019-12-09T05:24:10.154+0000][1][safepoint    ] Application time: 1.0000758 seconds
[2019-12-09T05:24:10.154+0000][1][safepoint    ] Entering safepoint region: Cleanup
[2019-12-09T05:24:10.154+0000][1][safepoint    ] Leaving safepoint region
[2019-12-09T05:24:10.154+0000][1][safepoint    ] Total time for which application threads were stopped: 0.0000810 seconds, Stopping threads took: 0.0000274 seconds
[2019-12-09T05:24:11.154+0000][1][safepoint    ] Application time: 1.0000758 seconds
[2019-12-09T05:24:11.155+0000][1][safepoint    ] Entering safepoint region: Cleanup
[2019-12-09T05:24:11.155+0000][1][safepoint    ] Leaving safepoint region
[2019-12-09T05:24:11.155+0000][1][safepoint    ] Total time for which application threads were stopped: 0.0000866 seconds, Stopping threads took: 0.0000170 seconds
[2019-12-09T05:24:12.155+0000][1][safepoint    ] Application time: 1.0000896 seconds
[2019-12-09T05:24:12.155+0000][1][safepoint    ] Entering safepoint region: Cleanup
[2019-12-09T05:24:12.155+0000][1][safepoint    ] Leaving safepoint region
[2019-12-09T05:24:12.155+0000][1][safepoint    ] Total time for which application threads were stopped: 0.0000838 seconds, Stopping threads took: 0.0000234 seconds
[2019-12-09T05:24:13.155+0000][1][safepoint    ] Application time: 1.0000764 seconds
[2019-12-09T05:24:13.155+0000][1][safepoint    ] Entering safepoint region: Cleanup
[2019-12-09T05:24:13.155+0000][1][safepoint    ] Leaving safepoint region
[2019-12-09T05:24:13.155+0000][1][safepoint    ] Total time for which application threads were stopped: 0.0000709 seconds, Stopping threads took: 0.0000162 seconds
[2019-12-09T05:24:14.155+0000][1][safepoint    ] Application time: 1.0000748 seconds
[2019-12-09T05:24:14.155+0000][1][safepoint    ] Entering safepoint region: Cleanup
[2019-12-09T05:24:14.155+0000][1][safepoint    ] Leaving safepoint region
[2019-12-09T05:24:14.155+0000][1][safepoint    ] Total time for which application threads were stopped: 0.0000705 seconds, Stopping threads took: 0.0000173 seconds
[2019-12-09T05:24:15.155+0000][1][safepoint    ] Application time: 1.0000779 seconds
[2019-12-09T05:24:15.155+0000][1][safepoint    ] Entering safepoint region: Cleanup
[2019-12-09T05:24:15.155+0000][1][safepoint    ] Leaving safepoint region
[2019-12-09T05:24:15.155+0000][1][safepoint    ] Total time for which application threads were stopped: 0.0000706 seconds, Stopping threads took: 0.0000178 seconds
[2019-12-09T05:24:16.155+0000][1][safepoint    ] Application time: 1.0000765 seconds
[2019-12-09T05:24:16.156+0000][1][safepoint    ] Entering safepoint region: Cleanup
[2019-12-09T05:24:16.156+0000][1][safepoint    ] Leaving safepoint region
[2019-12-09T05:24:16.156+0000][1][safepoint    ] Total time for which application threads were stopped: 0.0000676 seconds, Stopping threads took: 0.0000153 seconds
[2019-12-09T05:24:17.156+0000][1][safepoint    ] Application time: 1.0000770 seconds
[2019-12-09T05:24:17.156+0000][1][safepoint    ] Entering safepoint region: Cleanup
[2019-12-09T05:24:17.156+0000][1][safepoint    ] Leaving safepoint region
[2019-12-09T05:24:17.156+0000][1][safepoint    ] Total time for which application threads were stopped: 0.0000727 seconds, Stopping threads took: 0.0000179 seconds
[2019-12-09T05:24:18.156+0000][1][safepoint    ] Application time: 1.0000771 seconds
[2019-12-09T05:24:18.156+0000][1][safepoint    ] Entering safepoint region: Cleanup
[2019-12-09T05:24:18.156+0000][1][safepoint    ] Leaving safepoint region
[2019-12-09T05:24:18.156+0000][1][safepoint    ] Total time for which application threads were stopped: 0.0000698 seconds, Stopping threads took: 0.0000163 seconds
[2019-12-09T05:24:19.156+0000][1][safepoint    ] Application time: 1.0000754 seconds
[2019-12-09T05:24:19.156+0000][1][safepoint    ] Entering safepoint region: Cleanup
[2019-12-09T05:24:19.156+0000][1][safepoint    ] Leaving safepoint region
[2019-12-09T05:24:19.156+0000][1][safepoint    ] Total time for which application threads were stopped: 0.0000709 seconds, Stopping threads took: 0.0000178 seconds
[2019-12-09T05:24:20.156+0000][1][safepoint    ] Application time: 1.0000756 seconds
[2019-12-09T05:24:20.156+0000][1][safepoint    ] Entering safepoint region: Cleanup
[2019-12-09T05:24:20.156+0000][1][safepoint    ] Leaving safepoint region
[2019-12-09T05:24:20.156+0000][1][safepoint    ] Total time for which application threads were stopped: 0.0000789 seconds, Stopping threads took: 0.0000250 seconds
[2019-12-09T05:24:21.156+0000][1][safepoint    ] Application time: 1.0000758 seconds
[2019-12-09T05:24:21.157+0000][1][safepoint    ] Entering safepoint region: Cleanup
[2019-12-09T05:24:21.157+0000][1][safepoint    ] Leaving safepoint region
[2019-12-09T05:24:21.157+0000][1][safepoint    ] Total time for which application threads were stopped: 0.0000709 seconds, Stopping threads took: 0.0000168 seconds
[2019-12-09T05:24:22.157+0000][1][safepoint    ] Application time: 1.0000754 seconds
[2019-12-09T05:24:22.157+0000][1][safepoint    ] Entering safepoint region: Cleanup
[2019-12-09T05:24:22.157+0000][1][safepoint    ] Leaving safepoint region
[2019-12-09T05:24:22.157+0000][1][safepoint    ] Total time for which application threads were stopped: 0.0000698 seconds, Stopping threads took: 0.0000179 seconds
[2019-12-09T05:24:23.157+0000][1][safepoint    ] Application time: 1.0000732 seconds
[2019-12-09T05:24:23.157+0000][1][safepoint    ] Entering safepoint region: Cleanup
[2019-12-09T05:24:23.157+0000][1][safepoint    ] Leaving safepoint region
[2019-12-09T05:24:23.157+0000][1][safepoint    ] Total time for which application threads were stopped: 0.0000692 seconds, Stopping threads took: 0.0000167 seconds
[2019-12-09T05:24:24.157+0000][1][safepoint    ] Application time: 1.0000768 seconds
[2019-12-09T05:24:24.157+0000][1][safepoint    ] Entering safepoint region: Cleanup
[2019-12-09T05:24:24.157+0000][1][safepoint    ] Leaving safepoint region
[2019-12-09T05:24:24.157+0000][1][safepoint    ] Total time for which application threads were stopped: 0.0000706 seconds, Stopping threads took: 0.0000165 seconds
[2019-12-09T05:24:25.157+0000][1][safepoint    ] Application time: 1.0000755 seconds
[2019-12-09T05:24:25.157+0000][1][safepoint    ] Entering safepoint region: Cleanup
[2019-12-09T05:24:25.157+0000][1][safepoint    ] Leaving safepoint region
[2019-12-09T05:24:25.157+0000][1][safepoint    ] Total time for which application threads were stopped: 0.0000721 seconds, Stopping threads took: 0.0000185 seconds
[2019-12-09T05:24:26.157+0000][1][safepoint    ] Application time: 1.0000774 seconds
[2019-12-09T05:24:26.157+0000][1][safepoint    ] Entering safepoint region: Cleanup
[2019-12-09T05:24:26.158+0000][1][safepoint    ] Leaving safepoint region
[2019-12-09T05:24:26.158+0000][1][safepoint    ] Total time for which application threads were stopped: 0.0000700 seconds, Stopping threads took: 0.0000164 seconds
[2019-12-09T05:24:27.158+0000][1][safepoint    ] Application time: 1.0000782 seconds
[2019-12-09T05:24:27.158+0000][1][safepoint    ] Entering safepoint region: Cleanup
[2019-12-09T05:24:27.158+0000][1][safepoint    ] Leaving safepoint region
[2019-12-09T05:24:27.158+0000][1][safepoint    ] Total time for which application threads were stopped: 0.0000818 seconds, Stopping threads took: 0.0000171 seconds
[2019-12-09T05:24:28.158+0000][1][safepoint    ] Application time: 1.0000761 seconds
[2019-12-09T05:24:28.158+0000][1][safepoint    ] Entering safepoint region: Cleanup
[2019-12-09T05:24:28.158+0000][1][safepoint    ] Leaving safepoint region
[2019-12-09T05:24:28.158+0000][1][safepoint    ] Total time for which application threads were stopped: 0.0000718 seconds, Stopping threads took: 0.0000170 seconds
[2019-12-09T05:24:29.158+0000][1][safepoint    ] Application time: 1.0000765 seconds
[2019-12-09T05:24:29.158+0000][1][safepoint    ] Entering safepoint region: Cleanup
[2019-12-09T05:24:29.158+0000][1][safepoint    ] Leaving safepoint region
[2019-12-09T05:24:29.158+0000][1][safepoint    ] Total time for which application threads were stopped: 0.0000704 seconds, Stopping threads took: 0.0000176 seconds
[2019-12-09T05:24:30.158+0000][1][safepoint    ] Application time: 1.0000767 seconds
[2019-12-09T05:24:30.158+0000][1][safepoint    ] Entering safepoint region: Cleanup
[2019-12-09T05:24:30.158+0000][1][safepoint    ] Leaving safepoint region
[2019-12-09T05:24:30.158+0000][1][safepoint    ] Total time for which application threads were stopped: 0.0000782 seconds, Stopping threads took: 0.0000161 seconds
[2019-12-09T05:24:31.158+0000][1][safepoint    ] Application time: 1.0000752 seconds
[2019-12-09T05:24:31.158+0000][1][safepoint    ] Entering safepoint region: Cleanup
[2019-12-09T05:24:31.158+0000][1][safepoint    ] Leaving safepoint region
[2019-12-09T05:24:31.159+0000][1][safepoint    ] Total time for which application threads were stopped: 0.0000711 seconds, Stopping threads took: 0.0000171 seconds
[2019-12-09T05:24:32.159+0000][1][safepoint    ] Application time: 1.0000771 seconds
[2019-12-09T05:24:32.159+0000][1][safepoint    ] Entering safepoint region: Cleanup
[2019-12-09T05:24:32.159+0000][1][safepoint    ] Leaving safepoint region
[2019-12-09T05:24:32.159+0000][1][safepoint    ] Total time for which application threads were stopped: 0.0000806 seconds, Stopping threads took: 0.0000171 seconds
[2019-12-09T05:24:33.159+0000][1][safepoint    ] Application time: 1.0000755 seconds
[2019-12-09T05:24:33.159+0000][1][safepoint    ] Entering safepoint region: Cleanup
[2019-12-09T05:24:33.159+0000][1][safepoint    ] Leaving safepoint region
[2019-12-09T05:24:33.159+0000][1][safepoint    ] Total time for which application threads were stopped: 0.0000689 seconds, Stopping threads took: 0.0000161 seconds
[2019-12-09T05:24:34.159+0000][1][safepoint    ] Application time: 1.0000773 seconds
[2019-12-09T05:24:34.159+0000][1][safepoint    ] Entering safepoint region: Cleanup
[2019-12-09T05:24:34.159+0000][1][safepoint    ] Leaving safepoint region
[2019-12-09T05:24:34.159+0000][1][safepoint    ] Total time for which application threads were stopped: 0.0000722 seconds, Stopping threads took: 0.0000180 seconds
[2019-12-09T05:24:35.159+0000][1][safepoint    ] Application time: 1.0000770 seconds
[2019-12-09T05:24:35.159+0000][1][safepoint    ] Entering safepoint region: Cleanup
[2019-12-09T05:24:35.159+0000][1][safepoint    ] Leaving safepoint region
[2019-12-09T05:24:35.159+0000][1][safepoint    ] Total time for which application threads were stopped: 0.0000794 seconds, Stopping threads took: 0.0000250 seconds
[2019-12-09T05:24:36.159+0000][1][safepoint    ] Application time: 1.0000768 seconds
[2019-12-09T05:24:36.159+0000][1][safepoint    ] Entering safepoint region: Cleanup
[2019-12-09T05:24:36.159+0000][1][safepoint    ] Leaving safepoint region
[2019-12-09T05:24:36.159+0000][1][safepoint    ] Total time for which application threads were stopped: 0.0000671 seconds, Stopping threads took: 0.0000152 seconds
[2019-12-09T05:24:37.160+0000][1][safepoint    ] Application time: 1.0000774 seconds
[2019-12-09T05:24:37.160+0000][1][safepoint    ] Entering safepoint region: Cleanup
[2019-12-09T05:24:37.160+0000][1][safepoint    ] Leaving safepoint region
[2019-12-09T05:24:37.160+0000][1][safepoint    ] Total time for which application threads were stopped: 0.0000719 seconds, Stopping threads took: 0.0000176 seconds
[2019-12-09T05:24:38.160+0000][1][safepoint    ] Application time: 1.0000841 seconds
[2019-12-09T05:24:38.160+0000][1][safepoint    ] Entering safepoint region: Cleanup
[2019-12-09T05:24:38.160+0000][1][safepoint    ] Leaving safepoint region
[2019-12-09T05:24:38.160+0000][1][safepoint    ] Total time for which application threads were stopped: 0.0000691 seconds, Stopping threads took: 0.0000165 seconds
[2019-12-09T05:24:39.160+0000][1][safepoint    ] Application time: 1.0000763 seconds
[2019-12-09T05:24:39.160+0000][1][safepoint    ] Entering safepoint region: Cleanup
[2019-12-09T05:24:39.160+0000][1][safepoint    ] Leaving safepoint region
[2019-12-09T05:24:39.160+0000][1][safepoint    ] Total time for which application threads were stopped: 0.0000679 seconds, Stopping threads took: 0.0000165 seconds
[2019-12-09T05:24:40.160+0000][1][safepoint    ] Application time: 1.0000769 seconds
[2019-12-09T05:24:40.160+0000][1][safepoint    ] Entering safepoint region: Cleanup
[2019-12-09T05:24:40.160+0000][1][safepoint    ] Leaving safepoint region
[2019-12-09T05:24:40.160+0000][1][safepoint    ] Total time for which application threads were stopped: 0.0000780 seconds, Stopping threads took: 0.0000167 seconds
[2019-12-09T05:24:41.160+0000][1][safepoint    ] Application time: 1.0000787 seconds
[2019-12-09T05:24:41.160+0000][1][safepoint    ] Entering safepoint region: Cleanup
[2019-12-09T05:24:41.160+0000][1][safepoint    ] Leaving safepoint region
[2019-12-09T05:24:41.160+0000][1][safepoint    ] Total time for which application threads were stopped: 0.0000721 seconds, Stopping threads took: 0.0000175 seconds
[2019-12-09T05:24:42.161+0000][1][safepoint    ] Application time: 1.0000777 seconds
[2019-12-09T05:24:42.161+0000][1][safepoint    ] Entering safepoint region: Cleanup
[2019-12-09T05:24:42.161+0000][1][safepoint    ] Leaving safepoint region
[2019-12-09T05:24:42.161+0000][1][safepoint    ] Total time for which application threads were stopped: 0.0000736 seconds, Stopping threads took: 0.0000198 seconds
[2019-12-09T05:24:43.161+0000][1][safepoint    ] Application time: 1.0000772 seconds
[2019-12-09T05:24:43.161+0000][1][safepoint    ] Entering safepoint region: Cleanup
[2019-12-09T05:24:43.161+0000][1][safepoint    ] Leaving safepoint region
[2019-12-09T05:24:43.161+0000][1][safepoint    ] Total time for which application threads were stopped: 0.0000690 seconds, Stopping threads took: 0.0000163 seconds
[2019-12-09T05:24:44.161+0000][1][safepoint    ] Application time: 1.0000762 seconds
[2019-12-09T05:24:44.161+0000][1][safepoint    ] Entering safepoint region: Cleanup
[2019-12-09T05:24:44.161+0000][1][safepoint    ] Leaving safepoint region
[2019-12-09T05:24:44.161+0000][1][safepoint    ] Total time for which application threads were stopped: 0.0000687 seconds, Stopping threads took: 0.0000161 seconds
[2019-12-09T05:24:45.161+0000][1][safepoint    ] Application time: 1.0000765 seconds
[2019-12-09T05:24:45.161+0000][1][safepoint    ] Entering safepoint region: Cleanup
[2019-12-09T05:24:45.161+0000][1][safepoint    ] Leaving safepoint region
[2019-12-09T05:24:45.161+0000][1][safepoint    ] Total time for which application threads were stopped: 0.0000712 seconds, Stopping threads took: 0.0000179 seconds
[2019-12-09T05:24:46.161+0000][1][safepoint    ] Application time: 1.0000762 seconds
[2019-12-09T05:24:46.161+0000][1][safepoint    ] Entering safepoint region: Cleanup
[2019-12-09T05:24:46.161+0000][1][safepoint    ] Leaving safepoint region
[2019-12-09T05:24:46.161+0000][1][safepoint    ] Total time for which application threads were stopped: 0.0000727 seconds, Stopping threads took: 0.0000187 seconds
[2019-12-09T05:24:47.161+0000][1][safepoint    ] Application time: 1.0000795 seconds
[2019-12-09T05:24:47.162+0000][1][safepoint    ] Entering safepoint region: Cleanup
[2019-12-09T05:24:47.162+0000][1][safepoint    ] Leaving safepoint region
[2019-12-09T05:24:47.162+0000][1][safepoint    ] Total time for which application threads were stopped: 0.0000705 seconds, Stopping threads took: 0.0000173 seconds
[2019-12-09T05:24:48.162+0000][1][safepoint    ] Application time: 1.0000859 seconds
[2019-12-09T05:24:48.162+0000][1][safepoint    ] Entering safepoint region: Cleanup
[2019-12-09T05:24:48.162+0000][1][safepoint    ] Leaving safepoint region
[2019-12-09T05:24:48.162+0000][1][safepoint    ] Total time for which application threads were stopped: 0.0000688 seconds, Stopping threads took: 0.0000159 seconds
[2019-12-09T05:24:49.162+0000][1][safepoint    ] Application time: 1.0000759 seconds
[2019-12-09T05:24:49.162+0000][1][safepoint    ] Entering safepoint region: Cleanup
[2019-12-09T05:24:49.162+0000][1][safepoint    ] Leaving safepoint region
[2019-12-09T05:24:49.162+0000][1][safepoint    ] Total time for which application threads were stopped: 0.0000689 seconds, Stopping threads took: 0.0000165 seconds
[2019-12-09T05:24:50.162+0000][1][safepoint    ] Application time: 1.0000754 seconds
[2019-12-09T05:24:50.162+0000][1][safepoint    ] Entering safepoint region: Cleanup
[2019-12-09T05:24:50.162+0000][1][safepoint    ] Leaving safepoint region
[2019-12-09T05:24:50.162+0000][1][safepoint    ] Total time for which application threads were stopped: 0.0000767 seconds, Stopping threads took: 0.0000166 seconds
[2019-12-09T05:24:51.162+0000][1][safepoint    ] Application time: 1.0000744 seconds
[2019-12-09T05:24:51.162+0000][1][safepoint    ] Entering safepoint region: Cleanup
[2019-12-09T05:24:51.162+0000][1][safepoint    ] Leaving safepoint region
[2019-12-09T05:24:51.162+0000][1][safepoint    ] Total time for which application threads were stopped: 0.0000685 seconds, Stopping threads took: 0.0000161 seconds
[2019-12-09T05:24:52.162+0000][1][safepoint    ] Application time: 1.0000773 seconds
[2019-12-09T05:24:52.162+0000][1][safepoint    ] Entering safepoint region: Cleanup
[2019-12-09T05:24:52.163+0000][1][safepoint    ] Leaving safepoint region
[2019-12-09T05:24:52.163+0000][1][safepoint    ] Total time for which application threads were stopped: 0.0000686 seconds, Stopping threads took: 0.0000165 seconds
[2019-12-09T05:24:53.163+0000][1][safepoint    ] Application time: 1.0000766 seconds
[2019-12-09T05:24:53.163+0000][1][safepoint    ] Entering safepoint region: Cleanup
[2019-12-09T05:24:53.163+0000][1][safepoint    ] Leaving safepoint region
[2019-12-09T05:24:53.163+0000][1][safepoint    ] Total time for which application threads were stopped: 0.0000826 seconds, Stopping threads took: 0.0000284 seconds
[2019-12-09T05:24:54.163+0000][1][safepoint    ] Application time: 1.0000760 seconds
[2019-12-09T05:24:54.163+0000][1][safepoint    ] Entering safepoint region: Cleanup
[2019-12-09T05:24:54.163+0000][1][safepoint    ] Leaving safepoint region
[2019-12-09T05:24:54.163+0000][1][safepoint    ] Total time for which application threads were stopped: 0.0000670 seconds, Stopping threads took: 0.0000167 seconds
[2019-12-09T05:24:55.163+0000][1][safepoint    ] Application time: 1.0000728 seconds
[2019-12-09T05:24:55.163+0000][1][safepoint    ] Entering safepoint region: Cleanup
[2019-12-09T05:24:55.163+0000][1][safepoint    ] Leaving safepoint region
[2019-12-09T05:24:55.163+0000][1][safepoint    ] Total time for which application threads were stopped: 0.0000705 seconds, Stopping threads took: 0.0000167 seconds
[2019-12-09T05:24:56.613+0000][1][safepoint    ] Application time: 1.4499000 seconds
[2019-12-09T05:24:56.613+0000][1][safepoint    ] Entering safepoint region: Cleanup
[2019-12-09T05:24:56.613+0000][1][safepoint    ] Leaving safepoint region
[2019-12-09T05:24:56.613+0000][1][safepoint    ] Total time for which application threads were stopped: 0.0000750 seconds, Stopping threads took: 0.0000167 seconds
[2019-12-09T05:24:57.613+0000][1][safepoint    ] Application time: 1.0000746 seconds
[2019-12-09T05:24:57.613+0000][1][safepoint    ] Entering safepoint region: Cleanup
[2019-12-09T05:24:57.613+0000][1][safepoint    ] Leaving safepoint region
[2019-12-09T05:24:57.613+0000][1][safepoint    ] Total time for which application threads were stopped: 0.0000688 seconds, Stopping threads took: 0.0000162 seconds
[2019-12-09T05:24:58.613+0000][1][safepoint    ] Application time: 1.0000750 seconds
[2019-12-09T05:24:58.613+0000][1][safepoint    ] Entering safepoint region: Cleanup
[2019-12-09T05:24:58.614+0000][1][safepoint    ] Leaving safepoint region
[2019-12-09T05:24:58.614+0000][1][safepoint    ] Total time for which application threads were stopped: 0.0000717 seconds, Stopping threads took: 0.0000198 seconds
[2019-12-09T05:24:59.614+0000][1][safepoint    ] Application time: 1.0000739 seconds
[2019-12-09T05:24:59.614+0000][1][safepoint    ] Entering safepoint region: Cleanup
[2019-12-09T05:24:59.614+0000][1][safepoint    ] Leaving safepoint region
[2019-12-09T05:24:59.614+0000][1][safepoint    ] Total time for which application threads were stopped: 0.0000796 seconds, Stopping threads took: 0.0000165 seconds
[2019-12-09T05:25:00.614+0000][1][safepoint    ] Application time: 1.0000741 seconds
[2019-12-09T05:25:00.614+0000][1][safepoint    ] Entering safepoint region: Cleanup
[2019-12-09T05:25:00.614+0000][1][safepoint    ] Leaving safepoint region
[2019-12-09T05:25:00.614+0000][1][safepoint    ] Total time for which application threads were stopped: 0.0000694 seconds, Stopping threads took: 0.0000175 seconds
[2019-12-09T05:25:01.614+0000][1][safepoint    ] Application time: 1.0000732 seconds
[2019-12-09T05:25:01.614+0000][1][safepoint    ] Entering safepoint region: Cleanup
[2019-12-09T05:25:01.614+0000][1][safepoint    ] Leaving safepoint region
[2019-12-09T05:25:01.614+0000][1][safepoint    ] Total time for which application threads were stopped: 0.0000700 seconds, Stopping threads took: 0.0000163 seconds
[2019-12-09T05:25:02.614+0000][1][safepoint    ] Application time: 1.0000756 seconds
[2019-12-09T05:25:02.614+0000][1][safepoint    ] Entering safepoint region: Cleanup
[2019-12-09T05:25:02.614+0000][1][safepoint    ] Leaving safepoint region
[2019-12-09T05:25:02.614+0000][1][safepoint    ] Total time for which application threads were stopped: 0.0000683 seconds, Stopping threads took: 0.0000165 seconds
[2019-12-09T05:25:03.614+0000][1][safepoint    ] Application time: 1.0000749 seconds
[2019-12-09T05:25:03.614+0000][1][safepoint    ] Entering safepoint region: Cleanup
[2019-12-09T05:25:03.614+0000][1][safepoint    ] Leaving safepoint region
[2019-12-09T05:25:03.614+0000][1][safepoint    ] Total time for which application threads were stopped: 0.0000770 seconds, Stopping threads took: 0.0000185 seconds
[2019-12-09T05:25:04.615+0000][1][safepoint    ] Application time: 1.0000769 seconds
[2019-12-09T05:25:04.615+0000][1][safepoint    ] Entering safepoint region: Cleanup
[2019-12-09T05:25:04.615+0000][1][safepoint    ] Leaving safepoint region
[2019-12-09T05:25:04.615+0000][1][safepoint    ] Total time for which application threads were stopped: 0.0000890 seconds, Stopping threads took: 0.0000250 seconds
[2019-12-09T05:25:05.615+0000][1][safepoint    ] Application time: 1.0000745 seconds
[2019-12-09T05:25:05.615+0000][1][safepoint    ] Entering safepoint region: Cleanup
[2019-12-09T05:25:05.615+0000][1][safepoint    ] Leaving safepoint region
[2019-12-09T05:25:05.615+0000][1][safepoint    ] Total time for which application threads were stopped: 0.0000703 seconds, Stopping threads took: 0.0000171 seconds
[2019-12-09T05:25:06.615+0000][1][safepoint    ] Application time: 1.0000782 seconds
[2019-12-09T05:25:06.615+0000][1][safepoint    ] Entering safepoint region: Cleanup
[2019-12-09T05:25:06.615+0000][1][safepoint    ] Leaving safepoint region
[2019-12-09T05:25:06.615+0000][1][safepoint    ] Total time for which application threads were stopped: 0.0000731 seconds, Stopping threads took: 0.0000193 seconds
[2019-12-09T05:25:07.615+0000][1][safepoint    ] Application time: 1.0000770 seconds
[2019-12-09T05:25:07.615+0000][1][safepoint    ] Entering safepoint region: Cleanup
[2019-12-09T05:25:07.615+0000][1][safepoint    ] Leaving safepoint region
[2019-12-09T05:25:07.615+0000][1][safepoint    ] Total time for which application threads were stopped: 0.0000686 seconds, Stopping threads took: 0.0000163 seconds
[2019-12-09T05:25:08.615+0000][1][safepoint    ] Application time: 1.0000768 seconds
[2019-12-09T05:25:08.615+0000][1][safepoint    ] Entering safepoint region: Cleanup
[2019-12-09T05:25:08.615+0000][1][safepoint    ] Leaving safepoint region
[2019-12-09T05:25:08.615+0000][1][safepoint    ] Total time for which application threads were stopped: 0.0000704 seconds, Stopping threads took: 0.0000173 seconds
[2019-12-09T05:25:09.616+0000][1][safepoint    ] Application time: 1.0000758 seconds
[2019-12-09T05:25:09.616+0000][1][safepoint    ] Entering safepoint region: Cleanup
[2019-12-09T05:25:09.616+0000][1][safepoint    ] Leaving safepoint region
[2019-12-09T05:25:09.616+0000][1][safepoint    ] Total time for which application threads were stopped: 0.0000691 seconds, Stopping threads took: 0.0000178 seconds
[2019-12-09T05:25:10.616+0000][1][safepoint    ] Application time: 1.0000766 seconds
[2019-12-09T05:25:10.616+0000][1][safepoint    ] Entering safepoint region: Cleanup
[2019-12-09T05:25:10.616+0000][1][safepoint    ] Leaving safepoint region
[2019-12-09T05:25:10.616+0000][1][safepoint    ] Total time for which application threads were stopped: 0.0000684 seconds, Stopping threads took: 0.0000160 seconds
[2019-12-09T05:25:11.616+0000][1][safepoint    ] Application time: 1.0000769 seconds
[2019-12-09T05:25:11.616+0000][1][safepoint    ] Entering safepoint region: Cleanup
[2019-12-09T05:25:11.616+0000][1][safepoint    ] Leaving safepoint region
[2019-12-09T05:25:11.616+0000][1][safepoint    ] Total time for which application threads were stopped: 0.0000705 seconds, Stopping threads took: 0.0000168 seconds
[2019-12-09T05:25:12.616+0000][1][safepoint    ] Application time: 1.0000780 seconds
[2019-12-09T05:25:12.616+0000][1][safepoint    ] Entering safepoint region: Cleanup
[2019-12-09T05:25:12.616+0000][1][safepoint    ] Leaving safepoint region
[2019-12-09T05:25:12.616+0000][1][safepoint    ] Total time for which application threads were stopped: 0.0000733 seconds, Stopping threads took: 0.0000196 seconds
[2019-12-09T05:25:13.184+0000][1][safepoint    ] Application time: 0.5673773 seconds
[2019-12-09T05:25:13.184+0000][1][safepoint    ] Entering safepoint region: GenCollectForAllocation
[2019-12-09T05:25:13.184+0000][1][gc,start     ] GC(70) Pause Young (Allocation Failure)
[2019-12-09T05:25:13.184+0000][1][gc,task      ] GC(70) Using 2 workers of 2 for evacuation
[2019-12-09T05:25:13.185+0000][1][gc,age       ] GC(70) Desired survivor size 4456448 bytes, new threshold 6 (max threshold 6)
[2019-12-09T05:25:13.185+0000][1][gc,age       ] GC(70) Age table with threshold 6 (max threshold 6)
[2019-12-09T05:25:13.185+0000][1][gc,age       ] GC(70) - age   1:       4016 bytes,       4016 total
[2019-12-09T05:25:13.185+0000][1][gc,age       ] GC(70) - age   2:       1592 bytes,       5608 total
[2019-12-09T05:25:13.185+0000][1][gc,age       ] GC(70) - age   3:       7656 bytes,      13264 total
[2019-12-09T05:25:13.185+0000][1][gc,heap      ] GC(70) ParNew: 69971K->18K(78656K)
[2019-12-09T05:25:13.185+0000][1][gc,heap      ] GC(70) CMS: 69354K->69354K(174784K)
[2019-12-09T05:25:13.185+0000][1][gc,metaspace ] GC(70) Metaspace: 68455K->68455K(1112064K)
[2019-12-09T05:25:13.185+0000][1][gc           ] GC(70) Pause Young (Allocation Failure) 136M->67M(247M) 1.412ms
[2019-12-09T05:25:13.185+0000][1][gc,cpu       ] GC(70) User=0.01s Sys=0.00s Real=0.01s
[2019-12-09T05:25:13.185+0000][1][safepoint    ] Leaving safepoint region
[2019-12-09T05:25:13.185+0000][1][safepoint    ] Total time for which application threads were stopped: 0.0015630 seconds, Stopping threads took: 0.0000154 seconds
[2019-12-09T05:25:14.185+0000][1][safepoint    ] Application time: 1.0000850 seconds
[2019-12-09T05:25:14.185+0000][1][safepoint    ] Entering safepoint region: Cleanup
[2019-12-09T05:25:14.185+0000][1][safepoint    ] Leaving safepoint region
[2019-12-09T05:25:14.185+0000][1][safepoint    ] Total time for which application threads were stopped: 0.0000692 seconds, Stopping threads took: 0.0000163 seconds
[2019-12-09T05:25:15.186+0000][1][safepoint    ] Application time: 1.0000749 seconds
[2019-12-09T05:25:15.186+0000][1][safepoint    ] Entering safepoint region: Cleanup
[2019-12-09T05:25:15.186+0000][1][safepoint    ] Leaving safepoint region
[2019-12-09T05:25:15.186+0000][1][safepoint    ] Total time for which application threads were stopped: 0.0000692 seconds, Stopping threads took: 0.0000155 seconds
[2019-12-09T05:25:16.186+0000][1][safepoint    ] Application time: 1.0000840 seconds
[2019-12-09T05:25:16.186+0000][1][safepoint    ] Entering safepoint region: Cleanup
[2019-12-09T05:25:16.186+0000][1][safepoint    ] Leaving safepoint region
[2019-12-09T05:25:16.186+0000][1][safepoint    ] Total time for which application threads were stopped: 0.0000725 seconds, Stopping threads took: 0.0000188 seconds
[2019-12-09T05:25:17.186+0000][1][safepoint    ] Application time: 1.0000750 seconds
[2019-12-09T05:25:17.186+0000][1][safepoint    ] Entering safepoint region: Cleanup
[2019-12-09T05:25:17.186+0000][1][safepoint    ] Leaving safepoint region
[2019-12-09T05:25:17.186+0000][1][safepoint    ] Total time for which application threads were stopped: 0.0000712 seconds, Stopping threads took: 0.0000170 seconds
[2019-12-09T05:25:18.186+0000][1][safepoint    ] Application time: 1.0000809 seconds
[2019-12-09T05:25:18.186+0000][1][safepoint    ] Entering safepoint region: Cleanup
[2019-12-09T05:25:18.186+0000][1][safepoint    ] Leaving safepoint region
[2019-12-09T05:25:18.186+0000][1][safepoint    ] Total time for which application threads were stopped: 0.0001389 seconds, Stopping threads took: 0.0000835 seconds
[2019-12-09T05:25:19.186+0000][1][safepoint    ] Application time: 1.0000817 seconds
[2019-12-09T05:25:19.186+0000][1][safepoint    ] Entering safepoint region: Cleanup
[2019-12-09T05:25:19.186+0000][1][safepoint    ] Leaving safepoint region
[2019-12-09T05:25:19.186+0000][1][safepoint    ] Total time for which application threads were stopped: 0.0000707 seconds, Stopping threads took: 0.0000166 seconds
[2019-12-09T05:25:20.187+0000][1][safepoint    ] Application time: 1.0000775 seconds
[2019-12-09T05:25:20.187+0000][1][safepoint    ] Entering safepoint region: Cleanup
[2019-12-09T05:25:20.187+0000][1][safepoint    ] Leaving safepoint region
[2019-12-09T05:25:20.187+0000][1][safepoint    ] Total time for which application threads were stopped: 0.0000713 seconds, Stopping threads took: 0.0000194 seconds
[2019-12-09T05:25:21.187+0000][1][safepoint    ] Application time: 1.0000757 seconds
[2019-12-09T05:25:21.187+0000][1][safepoint    ] Entering safepoint region: Cleanup
[2019-12-09T05:25:21.187+0000][1][safepoint    ] Leaving safepoint region
[2019-12-09T05:25:21.187+0000][1][safepoint    ] Total time for which application threads were stopped: 0.0000713 seconds, Stopping threads took: 0.0000172 seconds
[2019-12-09T05:25:22.187+0000][1][safepoint    ] Application time: 1.0000765 seconds
[2019-12-09T05:25:22.187+0000][1][safepoint    ] Entering safepoint region: Cleanup
[2019-12-09T05:25:22.187+0000][1][safepoint    ] Leaving safepoint region
[2019-12-09T05:25:22.187+0000][1][safepoint    ] Total time for which application threads were stopped: 0.0000686 seconds, Stopping threads took: 0.0000166 seconds
[2019-12-09T05:25:23.187+0000][1][safepoint    ] Application time: 1.0000772 seconds
[2019-12-09T05:25:23.187+0000][1][safepoint    ] Entering safepoint region: Cleanup
[2019-12-09T05:25:23.187+0000][1][safepoint    ] Leaving safepoint region
[2019-12-09T05:25:23.187+0000][1][safepoint    ] Total time for which application threads were stopped: 0.0000679 seconds, Stopping threads took: 0.0000158 seconds
[2019-12-09T05:25:24.187+0000][1][safepoint    ] Application time: 1.0000771 seconds
[2019-12-09T05:25:24.187+0000][1][safepoint    ] Entering safepoint region: Cleanup
[2019-12-09T05:25:24.187+0000][1][safepoint    ] Leaving safepoint region
[2019-12-09T05:25:24.187+0000][1][safepoint    ] Total time for which application threads were stopped: 0.0000676 seconds, Stopping threads took: 0.0000166 seconds
[2019-12-09T05:25:25.187+0000][1][safepoint    ] Application time: 1.0000742 seconds
[2019-12-09T05:25:25.188+0000][1][safepoint    ] Entering safepoint region: Cleanup
[2019-12-09T05:25:25.188+0000][1][safepoint    ] Leaving safepoint region
[2019-12-09T05:25:25.188+0000][1][safepoint    ] Total time for which application threads were stopped: 0.0000692 seconds, Stopping threads took: 0.0000168 seconds
[2019-12-09T05:25:26.188+0000][1][safepoint    ] Application time: 1.0000827 seconds
[2019-12-09T05:25:26.188+0000][1][safepoint    ] Entering safepoint region: Cleanup
[2019-12-09T05:25:26.188+0000][1][safepoint    ] Leaving safepoint region
[2019-12-09T05:25:26.188+0000][1][safepoint    ] Total time for which application threads were stopped: 0.0000707 seconds, Stopping threads took: 0.0000176 seconds
[2019-12-09T05:25:27.188+0000][1][safepoint    ] Application time: 1.0000635 seconds
[2019-12-09T05:25:27.188+0000][1][safepoint    ] Entering safepoint region: Cleanup
[2019-12-09T05:25:27.188+0000][1][safepoint    ] Leaving safepoint region
[2019-12-09T05:25:27.188+0000][1][safepoint    ] Total time for which application threads were stopped: 0.0000717 seconds, Stopping threads took: 0.0000178 seconds
[2019-12-09T05:25:28.189+0000][1][safepoint    ] Application time: 1.0006614 seconds
[2019-12-09T05:25:28.189+0000][1][safepoint    ] Entering safepoint region: Cleanup
[2019-12-09T05:25:28.189+0000][1][safepoint    ] Leaving safepoint region
[2019-12-09T05:25:28.189+0000][1][safepoint    ] Total time for which application threads were stopped: 0.0000985 seconds, Stopping threads took: 0.0000237 seconds
[2019-12-09T05:25:29.189+0000][1][safepoint    ] Application time: 1.0000743 seconds
[2019-12-09T05:25:29.189+0000][1][safepoint    ] Entering safepoint region: Cleanup
[2019-12-09T05:25:29.189+0000][1][safepoint    ] Leaving safepoint region
[2019-12-09T05:25:29.189+0000][1][safepoint    ] Total time for which application threads were stopped: 0.0000683 seconds, Stopping threads took: 0.0000165 seconds
[2019-12-09T05:25:30.189+0000][1][safepoint    ] Application time: 1.0000805 seconds
[2019-12-09T05:25:30.189+0000][1][safepoint    ] Entering safepoint region: Cleanup
[2019-12-09T05:25:30.189+0000][1][safepoint    ] Leaving safepoint region
[2019-12-09T05:25:30.189+0000][1][safepoint    ] Total time for which application threads were stopped: 0.0000711 seconds, Stopping threads took: 0.0000171 seconds
[2019-12-09T05:25:31.189+0000][1][safepoint    ] Application time: 1.0000753 seconds
[2019-12-09T05:25:31.189+0000][1][safepoint    ] Entering safepoint region: Cleanup
[2019-12-09T05:25:31.189+0000][1][safepoint    ] Leaving safepoint region
[2019-12-09T05:25:31.189+0000][1][safepoint    ] Total time for which application threads were stopped: 0.0000683 seconds, Stopping threads took: 0.0000157 seconds
[2019-12-09T05:25:32.189+0000][1][safepoint    ] Application time: 1.0000763 seconds
[2019-12-09T05:25:32.190+0000][1][safepoint    ] Entering safepoint region: Cleanup
[2019-12-09T05:25:32.190+0000][1][safepoint    ] Leaving safepoint region
[2019-12-09T05:25:32.190+0000][1][safepoint    ] Total time for which application threads were stopped: 0.0000684 seconds, Stopping threads took: 0.0000157 seconds
[2019-12-09T05:25:33.190+0000][1][safepoint    ] Application time: 1.0000770 seconds
[2019-12-09T05:25:33.190+0000][1][safepoint    ] Entering safepoint region: Cleanup
[2019-12-09T05:25:33.190+0000][1][safepoint    ] Leaving safepoint region
[2019-12-09T05:25:33.190+0000][1][safepoint    ] Total time for which application threads were stopped: 0.0000673 seconds, Stopping threads took: 0.0000154 seconds
[2019-12-09T05:25:34.190+0000][1][safepoint    ] Application time: 1.0000740 seconds
[2019-12-09T05:25:34.190+0000][1][safepoint    ] Entering safepoint region: Cleanup
[2019-12-09T05:25:34.190+0000][1][safepoint    ] Leaving safepoint region
[2019-12-09T05:25:34.190+0000][1][safepoint    ] Total time for which application threads were stopped: 0.0000700 seconds, Stopping threads took: 0.0000168 seconds
[2019-12-09T05:25:35.190+0000][1][safepoint    ] Application time: 1.0000751 seconds
[2019-12-09T05:25:35.190+0000][1][safepoint    ] Entering safepoint region: Cleanup
[2019-12-09T05:25:35.190+0000][1][safepoint    ] Leaving safepoint region
[2019-12-09T05:25:35.190+0000][1][safepoint    ] Total time for which application threads were stopped: 0.0000792 seconds, Stopping threads took: 0.0000246 seconds
[2019-12-09T05:25:36.190+0000][1][safepoint    ] Application time: 1.0000751 seconds
[2019-12-09T05:25:36.190+0000][1][safepoint    ] Entering safepoint region: Cleanup
[2019-12-09T05:25:36.190+0000][1][safepoint    ] Leaving safepoint region
[2019-12-09T05:25:36.190+0000][1][safepoint    ] Total time for which application threads were stopped: 0.0000685 seconds, Stopping threads took: 0.0000169 seconds
[2019-12-09T05:25:37.190+0000][1][safepoint    ] Application time: 1.0000759 seconds
[2019-12-09T05:25:37.190+0000][1][safepoint    ] Entering safepoint region: Cleanup
[2019-12-09T05:25:37.191+0000][1][safepoint    ] Leaving safepoint region
[2019-12-09T05:25:37.191+0000][1][safepoint    ] Total time for which application threads were stopped: 0.0000695 seconds, Stopping threads took: 0.0000163 seconds
[2019-12-09T05:25:38.191+0000][1][safepoint    ] Application time: 1.0000763 seconds
[2019-12-09T05:25:38.191+0000][1][safepoint    ] Entering safepoint region: Cleanup
[2019-12-09T05:25:38.191+0000][1][safepoint    ] Leaving safepoint region
[2019-12-09T05:25:38.191+0000][1][safepoint    ] Total time for which application threads were stopped: 0.0000824 seconds, Stopping threads took: 0.0000284 seconds
[2019-12-09T05:25:39.191+0000][1][safepoint    ] Application time: 1.0000749 seconds
[2019-12-09T05:25:39.191+0000][1][safepoint    ] Entering safepoint region: Cleanup
[2019-12-09T05:25:39.191+0000][1][safepoint    ] Leaving safepoint region
[2019-12-09T05:25:39.191+0000][1][safepoint    ] Total time for which application threads were stopped: 0.0000710 seconds, Stopping threads took: 0.0000163 seconds
[2019-12-09T05:25:40.191+0000][1][safepoint    ] Application time: 1.0000764 seconds
[2019-12-09T05:25:40.191+0000][1][safepoint    ] Entering safepoint region: Cleanup
[2019-12-09T05:25:40.191+0000][1][safepoint    ] Leaving safepoint region
[2019-12-09T05:25:40.191+0000][1][safepoint    ] Total time for which application threads were stopped: 0.0000715 seconds, Stopping threads took: 0.0000176 seconds
[2019-12-09T05:25:41.191+0000][1][safepoint    ] Application time: 1.0000762 seconds
[2019-12-09T05:25:41.191+0000][1][safepoint    ] Entering safepoint region: Cleanup
[2019-12-09T05:25:41.191+0000][1][safepoint    ] Leaving safepoint region
[2019-12-09T05:25:41.191+0000][1][safepoint    ] Total time for which application threads were stopped: 0.0000679 seconds, Stopping threads took: 0.0000167 seconds
[2019-12-09T05:25:42.191+0000][1][safepoint    ] Application time: 1.0000761 seconds
[2019-12-09T05:25:42.191+0000][1][safepoint    ] Entering safepoint region: Cleanup
[2019-12-09T05:25:42.192+0000][1][safepoint    ] Leaving safepoint region
[2019-12-09T05:25:42.192+0000][1][safepoint    ] Total time for which application threads were stopped: 0.0000710 seconds, Stopping threads took: 0.0000167 seconds
[2019-12-09T05:25:43.192+0000][1][safepoint    ] Application time: 1.0000763 seconds
[2019-12-09T05:25:43.192+0000][1][safepoint    ] Entering safepoint region: Cleanup
[2019-12-09T05:25:43.192+0000][1][safepoint    ] Leaving safepoint region
[2019-12-09T05:25:43.192+0000][1][safepoint    ] Total time for which application threads were stopped: 0.0000833 seconds, Stopping threads took: 0.0000174 seconds
[2019-12-09T05:25:44.192+0000][1][safepoint    ] Application time: 1.0000756 seconds
[2019-12-09T05:25:44.192+0000][1][safepoint    ] Entering safepoint region: Cleanup
[2019-12-09T05:25:44.192+0000][1][safepoint    ] Leaving safepoint region
[2019-12-09T05:25:44.192+0000][1][safepoint    ] Total time for which application threads were stopped: 0.0000700 seconds, Stopping threads took: 0.0000169 seconds
[2019-12-09T05:25:45.192+0000][1][safepoint    ] Application time: 1.0000759 seconds
[2019-12-09T05:25:45.192+0000][1][safepoint    ] Entering safepoint region: Cleanup
[2019-12-09T05:25:45.192+0000][1][safepoint    ] Leaving safepoint region
[2019-12-09T05:25:45.192+0000][1][safepoint    ] Total time for which application threads were stopped: 0.0000708 seconds, Stopping threads took: 0.0000172 seconds
[2019-12-09T05:25:46.192+0000][1][safepoint    ] Application time: 1.0000780 seconds
[2019-12-09T05:25:46.192+0000][1][safepoint    ] Entering safepoint region: Cleanup
[2019-12-09T05:25:46.192+0000][1][safepoint    ] Leaving safepoint region
[2019-12-09T05:25:46.192+0000][1][safepoint    ] Total time for which application threads were stopped: 0.0000684 seconds, Stopping threads took: 0.0000160 seconds
[2019-12-09T05:25:47.192+0000][1][safepoint    ] Application time: 1.0000537 seconds
[2019-12-09T05:25:47.192+0000][1][safepoint    ] Entering safepoint region: Cleanup
[2019-12-09T05:25:47.192+0000][1][safepoint    ] Leaving safepoint region
[2019-12-09T05:25:47.192+0000][1][safepoint    ] Total time for which application threads were stopped: 0.0000719 seconds, Stopping threads took: 0.0000200 seconds
[2019-12-09T05:25:48.193+0000][1][safepoint    ] Application time: 1.0000768 seconds
[2019-12-09T05:25:48.193+0000][1][safepoint    ] Entering safepoint region: Cleanup
[2019-12-09T05:25:48.193+0000][1][safepoint    ] Leaving safepoint region
[2019-12-09T05:25:48.193+0000][1][safepoint    ] Total time for which application threads were stopped: 0.0000706 seconds, Stopping threads took: 0.0000164 seconds
[2019-12-09T05:25:49.193+0000][1][safepoint    ] Application time: 1.0000749 seconds
[2019-12-09T05:25:49.193+0000][1][safepoint    ] Entering safepoint region: Cleanup
[2019-12-09T05:25:49.193+0000][1][safepoint    ] Leaving safepoint region
[2019-12-09T05:25:49.193+0000][1][safepoint    ] Total time for which application threads were stopped: 0.0000714 seconds, Stopping threads took: 0.0000180 seconds
[2019-12-09T05:25:50.193+0000][1][safepoint    ] Application time: 1.0000773 seconds
[2019-12-09T05:25:50.193+0000][1][safepoint    ] Entering safepoint region: Cleanup
[2019-12-09T05:25:50.193+0000][1][safepoint    ] Leaving safepoint region
[2019-12-09T05:25:50.193+0000][1][safepoint    ] Total time for which application threads were stopped: 0.0000738 seconds, Stopping threads took: 0.0000180 seconds
[2019-12-09T05:25:51.193+0000][1][safepoint    ] Application time: 1.0000765 seconds
[2019-12-09T05:25:51.193+0000][1][safepoint    ] Entering safepoint region: Cleanup
[2019-12-09T05:25:51.193+0000][1][safepoint    ] Leaving safepoint region
[2019-12-09T05:25:51.193+0000][1][safepoint    ] Total time for which application threads were stopped: 0.0000693 seconds, Stopping threads took: 0.0000164 seconds
[2019-12-09T05:25:52.193+0000][1][safepoint    ] Application time: 1.0000747 seconds
[2019-12-09T05:25:52.193+0000][1][safepoint    ] Entering safepoint region: Cleanup
[2019-12-09T05:25:52.193+0000][1][safepoint    ] Leaving safepoint region
[2019-12-09T05:25:52.193+0000][1][safepoint    ] Total time for which application threads were stopped: 0.0000715 seconds, Stopping threads took: 0.0000187 seconds
[2019-12-09T05:25:53.194+0000][1][safepoint    ] Application time: 1.0000764 seconds
[2019-12-09T05:25:53.194+0000][1][safepoint    ] Entering safepoint region: Cleanup
[2019-12-09T05:25:53.194+0000][1][safepoint    ] Leaving safepoint region
[2019-12-09T05:25:53.194+0000][1][safepoint    ] Total time for which application threads were stopped: 0.0000655 seconds, Stopping threads took: 0.0000146 seconds
[2019-12-09T05:25:54.194+0000][1][safepoint    ] Application time: 1.0000816 seconds
[2019-12-09T05:25:54.194+0000][1][safepoint    ] Entering safepoint region: Cleanup
[2019-12-09T05:25:54.194+0000][1][safepoint    ] Leaving safepoint region
[2019-12-09T05:25:54.194+0000][1][safepoint    ] Total time for which application threads were stopped: 0.0000688 seconds, Stopping threads took: 0.0000163 seconds
[2019-12-09T05:25:55.194+0000][1][safepoint    ] Application time: 1.0000760 seconds
[2019-12-09T05:25:55.194+0000][1][safepoint    ] Entering safepoint region: Cleanup
[2019-12-09T05:25:55.194+0000][1][safepoint    ] Leaving safepoint region
[2019-12-09T05:25:55.194+0000][1][safepoint    ] Total time for which application threads were stopped: 0.0000692 seconds, Stopping threads took: 0.0000173 seconds
[2019-12-09T05:25:56.194+0000][1][safepoint    ] Application time: 1.0000746 seconds
[2019-12-09T05:25:56.194+0000][1][safepoint    ] Entering safepoint region: Cleanup
[2019-12-09T05:25:56.194+0000][1][safepoint    ] Leaving safepoint region
[2019-12-09T05:25:56.194+0000][1][safepoint    ] Total time for which application threads were stopped: 0.0000698 seconds, Stopping threads took: 0.0000174 seconds
[2019-12-09T05:25:57.194+0000][1][safepoint    ] Application time: 1.0000741 seconds
[2019-12-09T05:25:57.194+0000][1][safepoint    ] Entering safepoint region: Cleanup
[2019-12-09T05:25:57.194+0000][1][safepoint    ] Leaving safepoint region
[2019-12-09T05:25:57.194+0000][1][safepoint    ] Total time for which application threads were stopped: 0.0000677 seconds, Stopping threads took: 0.0000165 seconds
[2019-12-09T05:25:58.194+0000][1][safepoint    ] Application time: 1.0000749 seconds
[2019-12-09T05:25:58.194+0000][1][safepoint    ] Entering safepoint region: Cleanup
[2019-12-09T05:25:58.195+0000][1][safepoint    ] Leaving safepoint region
[2019-12-09T05:25:58.195+0000][1][safepoint    ] Total time for which application threads were stopped: 0.0000704 seconds, Stopping threads took: 0.0000180 seconds
[2019-12-09T05:25:59.195+0000][1][safepoint    ] Application time: 1.0000730 seconds
[2019-12-09T05:25:59.195+0000][1][safepoint    ] Entering safepoint region: Cleanup
[2019-12-09T05:25:59.195+0000][1][safepoint    ] Leaving safepoint region
[2019-12-09T05:25:59.195+0000][1][safepoint    ] Total time for which application threads were stopped: 0.0000902 seconds, Stopping threads took: 0.0000371 seconds
[2019-12-09T05:26:00.195+0000][1][safepoint    ] Application time: 1.0000739 seconds
[2019-12-09T05:26:00.195+0000][1][safepoint    ] Entering safepoint region: Cleanup
[2019-12-09T05:26:00.195+0000][1][safepoint    ] Leaving safepoint region
[2019-12-09T05:26:00.195+0000][1][safepoint    ] Total time for which application threads were stopped: 0.0000673 seconds, Stopping threads took: 0.0000167 seconds
[2019-12-09T05:26:01.197+0000][1][safepoint    ] Application time: 1.0016811 seconds
[2019-12-09T05:26:01.197+0000][1][safepoint    ] Entering safepoint region: Cleanup
[2019-12-09T05:26:01.197+0000][1][safepoint    ] Leaving safepoint region
[2019-12-09T05:26:01.197+0000][1][safepoint    ] Total time for which application threads were stopped: 0.0001124 seconds, Stopping threads took: 0.0000391 seconds
[2019-12-09T05:26:02.197+0000][1][safepoint    ] Application time: 1.0000789 seconds
[2019-12-09T05:26:02.197+0000][1][safepoint    ] Entering safepoint region: Cleanup
[2019-12-09T05:26:02.197+0000][1][safepoint    ] Leaving safepoint region
[2019-12-09T05:26:02.197+0000][1][safepoint    ] Total time for which application threads were stopped: 0.0000718 seconds, Stopping threads took: 0.0000183 seconds
[2019-12-09T05:26:03.197+0000][1][safepoint    ] Application time: 1.0000755 seconds
[2019-12-09T05:26:03.197+0000][1][safepoint    ] Entering safepoint region: Cleanup
[2019-12-09T05:26:03.197+0000][1][safepoint    ] Leaving safepoint region
[2019-12-09T05:26:03.197+0000][1][safepoint    ] Total time for which application threads were stopped: 0.0000690 seconds, Stopping threads took: 0.0000164 seconds
[2019-12-09T05:26:04.197+0000][1][safepoint    ] Application time: 1.0000753 seconds
[2019-12-09T05:26:04.197+0000][1][safepoint    ] Entering safepoint region: Cleanup
[2019-12-09T05:26:04.197+0000][1][safepoint    ] Leaving safepoint region
[2019-12-09T05:26:04.197+0000][1][safepoint    ] Total time for which application threads were stopped: 0.0000688 seconds, Stopping threads took: 0.0000158 seconds
[2019-12-09T05:26:05.197+0000][1][safepoint    ] Application time: 1.0000748 seconds
[2019-12-09T05:26:05.197+0000][1][safepoint    ] Entering safepoint region: Cleanup
[2019-12-09T05:26:05.198+0000][1][safepoint    ] Leaving safepoint region
[2019-12-09T05:26:05.198+0000][1][safepoint    ] Total time for which application threads were stopped: 0.0000763 seconds, Stopping threads took: 0.0000251 seconds
[2019-12-09T05:26:06.198+0000][1][safepoint    ] Application time: 1.0000759 seconds
[2019-12-09T05:26:06.198+0000][1][safepoint    ] Entering safepoint region: Cleanup
[2019-12-09T05:26:06.198+0000][1][safepoint    ] Leaving safepoint region
[2019-12-09T05:26:06.198+0000][1][safepoint    ] Total time for which application threads were stopped: 0.0000784 seconds, Stopping threads took: 0.0000167 seconds
[2019-12-09T05:26:07.198+0000][1][safepoint    ] Application time: 1.0000759 seconds
[2019-12-09T05:26:07.198+0000][1][safepoint    ] Entering safepoint region: Cleanup
[2019-12-09T05:26:07.198+0000][1][safepoint    ] Leaving safepoint region
[2019-12-09T05:26:07.198+0000][1][safepoint    ] Total time for which application threads were stopped: 0.0000692 seconds, Stopping threads took: 0.0000170 seconds
[2019-12-09T05:26:08.198+0000][1][safepoint    ] Application time: 1.0000751 seconds
[2019-12-09T05:26:08.198+0000][1][safepoint    ] Entering safepoint region: Cleanup
[2019-12-09T05:26:08.198+0000][1][safepoint    ] Leaving safepoint region
[2019-12-09T05:26:08.198+0000][1][safepoint    ] Total time for which application threads were stopped: 0.0000676 seconds, Stopping threads took: 0.0000166 seconds
[2019-12-09T05:26:09.198+0000][1][safepoint    ] Application time: 1.0000749 seconds
[2019-12-09T05:26:09.198+0000][1][safepoint    ] Entering safepoint region: Cleanup
[2019-12-09T05:26:09.198+0000][1][safepoint    ] Leaving safepoint region
[2019-12-09T05:26:09.198+0000][1][safepoint    ] Total time for which application threads were stopped: 0.0000675 seconds, Stopping threads took: 0.0000160 seconds
[2019-12-09T05:26:10.198+0000][1][safepoint    ] Application time: 1.0000749 seconds
[2019-12-09T05:26:10.198+0000][1][safepoint    ] Entering safepoint region: Cleanup
[2019-12-09T05:26:10.198+0000][1][safepoint    ] Leaving safepoint region
[2019-12-09T05:26:10.198+0000][1][safepoint    ] Total time for which application threads were stopped: 0.0000703 seconds, Stopping threads took: 0.0000173 seconds
[2019-12-09T05:26:11.199+0000][1][safepoint    ] Application time: 1.0000760 seconds
[2019-12-09T05:26:11.199+0000][1][safepoint    ] Entering safepoint region: Cleanup
[2019-12-09T05:26:11.199+0000][1][safepoint    ] Leaving safepoint region
[2019-12-09T05:26:11.199+0000][1][safepoint    ] Total time for which application threads were stopped: 0.0000723 seconds, Stopping threads took: 0.0000175 seconds
[2019-12-09T05:26:12.199+0000][1][safepoint    ] Application time: 1.0000851 seconds
[2019-12-09T05:26:12.199+0000][1][safepoint    ] Entering safepoint region: Cleanup
[2019-12-09T05:26:12.199+0000][1][safepoint    ] Leaving safepoint region
[2019-12-09T05:26:12.199+0000][1][safepoint    ] Total time for which application threads were stopped: 0.0000722 seconds, Stopping threads took: 0.0000187 seconds
[2019-12-09T05:26:13.199+0000][1][safepoint    ] Application time: 1.0000763 seconds
[2019-12-09T05:26:13.199+0000][1][safepoint    ] Entering safepoint region: Cleanup
[2019-12-09T05:26:13.199+0000][1][safepoint    ] Leaving safepoint region
[2019-12-09T05:26:13.199+0000][1][safepoint    ] Total time for which application threads were stopped: 0.0000695 seconds, Stopping threads took: 0.0000165 seconds
[2019-12-09T05:26:14.199+0000][1][safepoint    ] Application time: 1.0000725 seconds
[2019-12-09T05:26:14.199+0000][1][safepoint    ] Entering safepoint region: Cleanup
[2019-12-09T05:26:14.199+0000][1][safepoint    ] Leaving safepoint region
[2019-12-09T05:26:14.199+0000][1][safepoint    ] Total time for which application threads were stopped: 0.0000705 seconds, Stopping threads took: 0.0000169 seconds
[2019-12-09T05:26:15.199+0000][1][safepoint    ] Application time: 1.0000758 seconds
[2019-12-09T05:26:15.199+0000][1][safepoint    ] Entering safepoint region: Cleanup
[2019-12-09T05:26:15.199+0000][1][safepoint    ] Leaving safepoint region
[2019-12-09T05:26:15.199+0000][1][safepoint    ] Total time for which application threads were stopped: 0.0000706 seconds, Stopping threads took: 0.0000168 seconds
[2019-12-09T05:26:16.200+0000][1][safepoint    ] Application time: 1.0000774 seconds
[2019-12-09T05:26:16.200+0000][1][safepoint    ] Entering safepoint region: Cleanup
[2019-12-09T05:26:16.200+0000][1][safepoint    ] Leaving safepoint region
[2019-12-09T05:26:16.200+0000][1][safepoint    ] Total time for which application threads were stopped: 0.0000723 seconds, Stopping threads took: 0.0000182 seconds
[2019-12-09T05:26:17.200+0000][1][safepoint    ] Application time: 1.0000766 seconds
[2019-12-09T05:26:17.200+0000][1][safepoint    ] Entering safepoint region: Cleanup
[2019-12-09T05:26:17.200+0000][1][safepoint    ] Leaving safepoint region
[2019-12-09T05:26:17.200+0000][1][safepoint    ] Total time for which application threads were stopped: 0.0000707 seconds, Stopping threads took: 0.0000181 seconds
[2019-12-09T05:26:18.200+0000][1][safepoint    ] Application time: 1.0000761 seconds
[2019-12-09T05:26:18.200+0000][1][safepoint    ] Entering safepoint region: Cleanup
[2019-12-09T05:26:18.200+0000][1][safepoint    ] Leaving safepoint region
[2019-12-09T05:26:18.200+0000][1][safepoint    ] Total time for which application threads were stopped: 0.0000714 seconds, Stopping threads took: 0.0000177 seconds
[2019-12-09T05:26:19.200+0000][1][safepoint    ] Application time: 1.0000583 seconds
[2019-12-09T05:26:19.200+0000][1][safepoint    ] Entering safepoint region: Cleanup
[2019-12-09T05:26:19.200+0000][1][safepoint    ] Leaving safepoint region
[2019-12-09T05:26:19.200+0000][1][safepoint    ] Total time for which application threads were stopped: 0.0000720 seconds, Stopping threads took: 0.0000183 seconds
[2019-12-09T05:26:20.200+0000][1][safepoint    ] Application time: 1.0000773 seconds
[2019-12-09T05:26:20.200+0000][1][safepoint    ] Entering safepoint region: Cleanup
[2019-12-09T05:26:20.200+0000][1][safepoint    ] Leaving safepoint region
[2019-12-09T05:26:20.200+0000][1][safepoint    ] Total time for which application threads were stopped: 0.0000705 seconds, Stopping threads took: 0.0000179 seconds
[2019-12-09T05:26:21.200+0000][1][safepoint    ] Application time: 1.0000763 seconds
[2019-12-09T05:26:21.201+0000][1][safepoint    ] Entering safepoint region: Cleanup
[2019-12-09T05:26:21.201+0000][1][safepoint    ] Leaving safepoint region
[2019-12-09T05:26:21.201+0000][1][safepoint    ] Total time for which application threads were stopped: 0.0000707 seconds, Stopping threads took: 0.0000168 seconds
[2019-12-09T05:26:22.201+0000][1][safepoint    ] Application time: 1.0000760 seconds
[2019-12-09T05:26:22.201+0000][1][safepoint    ] Entering safepoint region: Cleanup
[2019-12-09T05:26:22.201+0000][1][safepoint    ] Leaving safepoint region
[2019-12-09T05:26:22.201+0000][1][safepoint    ] Total time for which application threads were stopped: 0.0000681 seconds, Stopping threads took: 0.0000152 seconds
[2019-12-09T05:26:23.201+0000][1][safepoint    ] Application time: 1.0000756 seconds
[2019-12-09T05:26:23.201+0000][1][safepoint    ] Entering safepoint region: Cleanup
[2019-12-09T05:26:23.201+0000][1][safepoint    ] Leaving safepoint region
[2019-12-09T05:26:23.201+0000][1][safepoint    ] Total time for which application threads were stopped: 0.0000658 seconds, Stopping threads took: 0.0000179 seconds
[2019-12-09T05:26:24.201+0000][1][safepoint    ] Application time: 1.0000749 seconds
[2019-12-09T05:26:24.201+0000][1][safepoint    ] Entering safepoint region: Cleanup
[2019-12-09T05:26:24.201+0000][1][safepoint    ] Leaving safepoint region
[2019-12-09T05:26:24.201+0000][1][safepoint    ] Total time for which application threads were stopped: 0.0000629 seconds, Stopping threads took: 0.0000150 seconds
[2019-12-09T05:26:25.201+0000][1][safepoint    ] Application time: 1.0000746 seconds
[2019-12-09T05:26:25.201+0000][1][safepoint    ] Entering safepoint region: Cleanup
[2019-12-09T05:26:25.201+0000][1][safepoint    ] Leaving safepoint region
[2019-12-09T05:26:25.201+0000][1][safepoint    ] Total time for which application threads were stopped: 0.0000656 seconds, Stopping threads took: 0.0000171 seconds
[2019-12-09T05:26:26.201+0000][1][safepoint    ] Application time: 1.0000762 seconds
[2019-12-09T05:26:26.201+0000][1][safepoint    ] Entering safepoint region: Cleanup
[2019-12-09T05:26:26.201+0000][1][safepoint    ] Leaving safepoint region
[2019-12-09T05:26:26.201+0000][1][safepoint    ] Total time for which application threads were stopped: 0.0000699 seconds, Stopping threads took: 0.0000168 seconds
[2019-12-09T05:26:27.202+0000][1][safepoint    ] Application time: 1.0000769 seconds
[2019-12-09T05:26:27.202+0000][1][safepoint    ] Entering safepoint region: Cleanup
[2019-12-09T05:26:27.202+0000][1][safepoint    ] Leaving safepoint region
[2019-12-09T05:26:27.202+0000][1][safepoint    ] Total time for which application threads were stopped: 0.0000679 seconds, Stopping threads took: 0.0000153 seconds
[2019-12-09T05:26:28.202+0000][1][safepoint    ] Application time: 1.0000847 seconds
[2019-12-09T05:26:28.202+0000][1][safepoint    ] Entering safepoint region: Cleanup
[2019-12-09T05:26:28.202+0000][1][safepoint    ] Leaving safepoint region
[2019-12-09T05:26:28.202+0000][1][safepoint    ] Total time for which application threads were stopped: 0.0000746 seconds, Stopping threads took: 0.0000240 seconds
[2019-12-09T05:26:29.202+0000][1][safepoint    ] Application time: 1.0000763 seconds
[2019-12-09T05:26:29.202+0000][1][safepoint    ] Entering safepoint region: Cleanup
[2019-12-09T05:26:29.202+0000][1][safepoint    ] Leaving safepoint region
[2019-12-09T05:26:29.202+0000][1][safepoint    ] Total time for which application threads were stopped: 0.0000658 seconds, Stopping threads took: 0.0000157 seconds
[2019-12-09T05:26:30.202+0000][1][safepoint    ] Application time: 1.0000764 seconds
[2019-12-09T05:26:30.202+0000][1][safepoint    ] Entering safepoint region: Cleanup
[2019-12-09T05:26:30.202+0000][1][safepoint    ] Leaving safepoint region
[2019-12-09T05:26:30.202+0000][1][safepoint    ] Total time for which application threads were stopped: 0.0000683 seconds, Stopping threads took: 0.0000186 seconds
[2019-12-09T05:26:31.202+0000][1][safepoint    ] Application time: 1.0000752 seconds
[2019-12-09T05:26:31.202+0000][1][safepoint    ] Entering safepoint region: Cleanup
[2019-12-09T05:26:31.202+0000][1][safepoint    ] Leaving safepoint region
[2019-12-09T05:26:31.202+0000][1][safepoint    ] Total time for which application threads were stopped: 0.0000696 seconds, Stopping threads took: 0.0000188 seconds
[2019-12-09T05:26:32.202+0000][1][safepoint    ] Application time: 1.0000756 seconds
[2019-12-09T05:26:32.203+0000][1][safepoint    ] Entering safepoint region: Cleanup
[2019-12-09T05:26:32.203+0000][1][safepoint    ] Leaving safepoint region
[2019-12-09T05:26:32.203+0000][1][safepoint    ] Total time for which application threads were stopped: 0.0000686 seconds, Stopping threads took: 0.0000167 seconds
[2019-12-09T05:26:33.203+0000][1][safepoint    ] Application time: 1.0000745 seconds
[2019-12-09T05:26:33.203+0000][1][safepoint    ] Entering safepoint region: Cleanup
[2019-12-09T05:26:33.203+0000][1][safepoint    ] Leaving safepoint region
[2019-12-09T05:26:33.203+0000][1][safepoint    ] Total time for which application threads were stopped: 0.0000675 seconds, Stopping threads took: 0.0000166 seconds
[2019-12-09T05:26:34.203+0000][1][safepoint    ] Application time: 1.0000733 seconds
[2019-12-09T05:26:34.203+0000][1][safepoint    ] Entering safepoint region: Cleanup
[2019-12-09T05:26:34.203+0000][1][safepoint    ] Leaving safepoint region
[2019-12-09T05:26:34.203+0000][1][safepoint    ] Total time for which application threads were stopped: 0.0000681 seconds, Stopping threads took: 0.0000173 seconds
[2019-12-09T05:26:35.203+0000][1][safepoint    ] Application time: 1.0000757 seconds
[2019-12-09T05:26:35.203+0000][1][safepoint    ] Entering safepoint region: Cleanup
[2019-12-09T05:26:35.203+0000][1][safepoint    ] Leaving safepoint region
[2019-12-09T05:26:35.203+0000][1][safepoint    ] Total time for which application threads were stopped: 0.0000753 seconds, Stopping threads took: 0.0000245 seconds
[2019-12-09T05:26:36.203+0000][1][safepoint    ] Application time: 1.0000751 seconds
[2019-12-09T05:26:36.203+0000][1][safepoint    ] Entering safepoint region: Cleanup
[2019-12-09T05:26:36.203+0000][1][safepoint    ] Leaving safepoint region
[2019-12-09T05:26:36.203+0000][1][safepoint    ] Total time for which application threads were stopped: 0.0000654 seconds, Stopping threads took: 0.0000156 seconds
[2019-12-09T05:26:37.203+0000][1][safepoint    ] Application time: 1.0000766 seconds
[2019-12-09T05:26:37.203+0000][1][safepoint    ] Entering safepoint region: Cleanup
[2019-12-09T05:26:37.204+0000][1][safepoint    ] Leaving safepoint region
[2019-12-09T05:26:37.204+0000][1][safepoint    ] Total time for which application threads were stopped: 0.0000715 seconds, Stopping threads took: 0.0000177 seconds
[2019-12-09T05:26:38.204+0000][1][safepoint    ] Application time: 1.0000755 seconds
[2019-12-09T05:26:38.204+0000][1][safepoint    ] Entering safepoint region: Cleanup
[2019-12-09T05:26:38.204+0000][1][safepoint    ] Leaving safepoint region
[2019-12-09T05:26:38.204+0000][1][safepoint    ] Total time for which application threads were stopped: 0.0000839 seconds, Stopping threads took: 0.0000235 seconds
[2019-12-09T05:26:39.204+0000][1][safepoint    ] Application time: 1.0000753 seconds
[2019-12-09T05:26:39.204+0000][1][safepoint    ] Entering safepoint region: Cleanup
[2019-12-09T05:26:39.204+0000][1][safepoint    ] Leaving safepoint region
[2019-12-09T05:26:39.204+0000][1][safepoint    ] Total time for which application threads were stopped: 0.0000715 seconds, Stopping threads took: 0.0000168 seconds
[2019-12-09T05:26:40.204+0000][1][safepoint    ] Application time: 1.0000765 seconds
[2019-12-09T05:26:40.204+0000][1][safepoint    ] Entering safepoint region: Cleanup
[2019-12-09T05:26:40.204+0000][1][safepoint    ] Leaving safepoint region
[2019-12-09T05:26:40.204+0000][1][safepoint    ] Total time for which application threads were stopped: 0.0000669 seconds, Stopping threads took: 0.0000148 seconds
[2019-12-09T05:26:41.204+0000][1][safepoint    ] Application time: 1.0000767 seconds
[2019-12-09T05:26:41.204+0000][1][safepoint    ] Entering safepoint region: Cleanup
[2019-12-09T05:26:41.204+0000][1][safepoint    ] Leaving safepoint region
[2019-12-09T05:26:41.204+0000][1][safepoint    ] Total time for which application threads were stopped: 0.0000670 seconds, Stopping threads took: 0.0000162 seconds
[2019-12-09T05:26:42.204+0000][1][safepoint    ] Application time: 1.0000783 seconds
[2019-12-09T05:26:42.204+0000][1][safepoint    ] Entering safepoint region: Cleanup
[2019-12-09T05:26:42.204+0000][1][safepoint    ] Leaving safepoint region
[2019-12-09T05:26:42.204+0000][1][safepoint    ] Total time for which application threads were stopped: 0.0000709 seconds, Stopping threads took: 0.0000182 seconds
[2019-12-09T05:26:43.205+0000][1][safepoint    ] Application time: 1.0000740 seconds
[2019-12-09T05:26:43.205+0000][1][safepoint    ] Entering safepoint region: Cleanup
[2019-12-09T05:26:43.205+0000][1][safepoint    ] Leaving safepoint region
[2019-12-09T05:26:43.205+0000][1][safepoint    ] Total time for which application threads were stopped: 0.0000673 seconds, Stopping threads took: 0.0000163 seconds
[2019-12-09T05:26:44.205+0000][1][safepoint    ] Application time: 1.0000759 seconds
[2019-12-09T05:26:44.205+0000][1][safepoint    ] Entering safepoint region: Cleanup
[2019-12-09T05:26:44.205+0000][1][safepoint    ] Leaving safepoint region
[2019-12-09T05:26:44.205+0000][1][safepoint    ] Total time for which application threads were stopped: 0.0000663 seconds, Stopping threads took: 0.0000159 seconds
[2019-12-09T05:26:45.205+0000][1][safepoint    ] Application time: 1.0000774 seconds
[2019-12-09T05:26:45.205+0000][1][safepoint    ] Entering safepoint region: Cleanup
[2019-12-09T05:26:45.205+0000][1][safepoint    ] Leaving safepoint region
[2019-12-09T05:26:45.205+0000][1][safepoint    ] Total time for which application threads were stopped: 0.0000718 seconds, Stopping threads took: 0.0000166 seconds
[2019-12-09T05:26:46.205+0000][1][safepoint    ] Application time: 1.0000782 seconds
[2019-12-09T05:26:46.205+0000][1][safepoint    ] Entering safepoint region: Cleanup
[2019-12-09T05:26:46.205+0000][1][safepoint    ] Leaving safepoint region
[2019-12-09T05:26:46.205+0000][1][safepoint    ] Total time for which application threads were stopped: 0.0000692 seconds, Stopping threads took: 0.0000170 seconds
[2019-12-09T05:26:47.205+0000][1][safepoint    ] Application time: 1.0000771 seconds
[2019-12-09T05:26:47.205+0000][1][safepoint    ] Entering safepoint region: Cleanup
[2019-12-09T05:26:47.205+0000][1][safepoint    ] Leaving safepoint region
[2019-12-09T05:26:47.205+0000][1][safepoint    ] Total time for which application threads were stopped: 0.0000675 seconds, Stopping threads took: 0.0000164 seconds
[2019-12-09T05:26:48.205+0000][1][safepoint    ] Application time: 1.0000765 seconds
[2019-12-09T05:26:48.205+0000][1][safepoint    ] Entering safepoint region: Cleanup
[2019-12-09T05:26:48.206+0000][1][safepoint    ] Leaving safepoint region
[2019-12-09T05:26:48.206+0000][1][safepoint    ] Total time for which application threads were stopped: 0.0000763 seconds, Stopping threads took: 0.0000266 seconds
[2019-12-09T05:26:49.206+0000][1][safepoint    ] Application time: 1.0000770 seconds
[2019-12-09T05:26:49.206+0000][1][safepoint    ] Entering safepoint region: Cleanup
[2019-12-09T05:26:49.206+0000][1][safepoint    ] Leaving safepoint region
[2019-12-09T05:26:49.206+0000][1][safepoint    ] Total time for which application threads were stopped: 0.0000738 seconds, Stopping threads took: 0.0000251 seconds
[2019-12-09T05:26:50.206+0000][1][safepoint    ] Application time: 1.0000756 seconds
[2019-12-09T05:26:50.206+0000][1][safepoint    ] Entering safepoint region: Cleanup
[2019-12-09T05:26:50.206+0000][1][safepoint    ] Leaving safepoint region
[2019-12-09T05:26:50.206+0000][1][safepoint    ] Total time for which application threads were stopped: 0.0000675 seconds, Stopping threads took: 0.0000168 seconds
[2019-12-09T05:26:51.206+0000][1][safepoint    ] Application time: 1.0000761 seconds
[2019-12-09T05:26:51.206+0000][1][safepoint    ] Entering safepoint region: Cleanup
[2019-12-09T05:26:51.206+0000][1][safepoint    ] Leaving safepoint region
[2019-12-09T05:26:51.206+0000][1][safepoint    ] Total time for which application threads were stopped: 0.0000666 seconds, Stopping threads took: 0.0000159 seconds
[2019-12-09T05:26:52.206+0000][1][safepoint    ] Application time: 1.0000780 seconds
[2019-12-09T05:26:52.206+0000][1][safepoint    ] Entering safepoint region: Cleanup
[2019-12-09T05:26:52.206+0000][1][safepoint    ] Leaving safepoint region
[2019-12-09T05:26:52.206+0000][1][safepoint    ] Total time for which application threads were stopped: 0.0000700 seconds, Stopping threads took: 0.0000182 seconds
[2019-12-09T05:26:53.206+0000][1][safepoint    ] Application time: 1.0000773 seconds
[2019-12-09T05:26:53.206+0000][1][safepoint    ] Entering safepoint region: Cleanup
[2019-12-09T05:26:53.206+0000][1][safepoint    ] Leaving safepoint region
[2019-12-09T05:26:53.206+0000][1][safepoint    ] Total time for which application threads were stopped: 0.0000700 seconds, Stopping threads took: 0.0000166 seconds
[2019-12-09T05:26:54.207+0000][1][safepoint    ] Application time: 1.0000775 seconds
[2019-12-09T05:26:54.207+0000][1][safepoint    ] Entering safepoint region: Cleanup
[2019-12-09T05:26:54.207+0000][1][safepoint    ] Leaving safepoint region
[2019-12-09T05:26:54.207+0000][1][safepoint    ] Total time for which application threads were stopped: 0.0000655 seconds, Stopping threads took: 0.0000152 seconds
[2019-12-09T05:26:55.207+0000][1][safepoint    ] Application time: 1.0000758 seconds
[2019-12-09T05:26:55.207+0000][1][safepoint    ] Entering safepoint region: Cleanup
[2019-12-09T05:26:55.207+0000][1][safepoint    ] Leaving safepoint region
[2019-12-09T05:26:55.207+0000][1][safepoint    ] Total time for which application threads were stopped: 0.0000645 seconds, Stopping threads took: 0.0000154 seconds
[2019-12-09T05:26:56.207+0000][1][safepoint    ] Application time: 1.0000765 seconds
[2019-12-09T05:26:56.207+0000][1][safepoint    ] Entering safepoint region: Cleanup
[2019-12-09T05:26:56.207+0000][1][safepoint    ] Leaving safepoint region
[2019-12-09T05:26:56.207+0000][1][safepoint    ] Total time for which application threads were stopped: 0.0000644 seconds, Stopping threads took: 0.0000150 seconds
[2019-12-09T05:26:57.207+0000][1][safepoint    ] Application time: 1.0000788 seconds
[2019-12-09T05:26:57.207+0000][1][safepoint    ] Entering safepoint region: Cleanup
[2019-12-09T05:26:57.207+0000][1][safepoint    ] Leaving safepoint region
[2019-12-09T05:26:57.207+0000][1][safepoint    ] Total time for which application threads were stopped: 0.0000676 seconds, Stopping threads took: 0.0000173 seconds
[2019-12-09T05:26:58.207+0000][1][safepoint    ] Application time: 1.0000931 seconds
[2019-12-09T05:26:58.207+0000][1][safepoint    ] Entering safepoint region: Cleanup
[2019-12-09T05:26:58.207+0000][1][safepoint    ] Leaving safepoint region
[2019-12-09T05:26:58.207+0000][1][safepoint    ] Total time for which application threads were stopped: 0.0000987 seconds, Stopping threads took: 0.0000226 seconds
[2019-12-09T05:26:59.208+0000][1][safepoint    ] Application time: 1.0000785 seconds
[2019-12-09T05:26:59.208+0000][1][safepoint    ] Entering safepoint region: Cleanup
[2019-12-09T05:26:59.208+0000][1][safepoint    ] Leaving safepoint region
[2019-12-09T05:26:59.208+0000][1][safepoint    ] Total time for which application threads were stopped: 0.0000656 seconds, Stopping threads took: 0.0000159 seconds
[2019-12-09T05:27:00.208+0000][1][safepoint    ] Application time: 1.0000958 seconds
[2019-12-09T05:27:00.208+0000][1][safepoint    ] Entering safepoint region: Cleanup
[2019-12-09T05:27:00.208+0000][1][safepoint    ] Leaving safepoint region
[2019-12-09T05:27:00.208+0000][1][safepoint    ] Total time for which application threads were stopped: 0.0000681 seconds, Stopping threads took: 0.0000161 seconds
[2019-12-09T05:27:01.208+0000][1][safepoint    ] Application time: 1.0000789 seconds
[2019-12-09T05:27:01.208+0000][1][safepoint    ] Entering safepoint region: Cleanup
[2019-12-09T05:27:01.208+0000][1][safepoint    ] Leaving safepoint region
[2019-12-09T05:27:01.208+0000][1][safepoint    ] Total time for which application threads were stopped: 0.0000963 seconds, Stopping threads took: 0.0000243 seconds
[2019-12-09T05:27:02.208+0000][1][safepoint    ] Application time: 1.0000774 seconds
[2019-12-09T05:27:02.208+0000][1][safepoint    ] Entering safepoint region: Cleanup
[2019-12-09T05:27:02.208+0000][1][safepoint    ] Leaving safepoint region
[2019-12-09T05:27:02.208+0000][1][safepoint    ] Total time for which application threads were stopped: 0.0000684 seconds, Stopping threads took: 0.0000161 seconds
[2019-12-09T05:27:03.208+0000][1][safepoint    ] Application time: 1.0000759 seconds
[2019-12-09T05:27:03.208+0000][1][safepoint    ] Entering safepoint region: Cleanup
[2019-12-09T05:27:03.208+0000][1][safepoint    ] Leaving safepoint region
[2019-12-09T05:27:03.208+0000][1][safepoint    ] Total time for which application threads were stopped: 0.0000665 seconds, Stopping threads took: 0.0000154 seconds
[2019-12-09T05:27:04.208+0000][1][safepoint    ] Application time: 1.0000781 seconds
[2019-12-09T05:27:04.209+0000][1][safepoint    ] Entering safepoint region: Cleanup
[2019-12-09T05:27:04.209+0000][1][safepoint    ] Leaving safepoint region
[2019-12-09T05:27:04.209+0000][1][safepoint    ] Total time for which application threads were stopped: 0.0000671 seconds, Stopping threads took: 0.0000157 seconds
[2019-12-09T05:27:05.209+0000][1][safepoint    ] Application time: 1.0000793 seconds
[2019-12-09T05:27:05.209+0000][1][safepoint    ] Entering safepoint region: Cleanup
[2019-12-09T05:27:05.209+0000][1][safepoint    ] Leaving safepoint region
[2019-12-09T05:27:05.209+0000][1][safepoint    ] Total time for which application threads were stopped: 0.0000695 seconds, Stopping threads took: 0.0000178 seconds
[2019-12-09T05:27:06.209+0000][1][safepoint    ] Application time: 1.0000799 seconds
[2019-12-09T05:27:06.209+0000][1][safepoint    ] Entering safepoint region: Cleanup
[2019-12-09T05:27:06.209+0000][1][safepoint    ] Leaving safepoint region
[2019-12-09T05:27:06.209+0000][1][safepoint    ] Total time for which application threads were stopped: 0.0000705 seconds, Stopping threads took: 0.0000171 seconds
[2019-12-09T05:27:07.209+0000][1][safepoint    ] Application time: 1.0000758 seconds
[2019-12-09T05:27:07.209+0000][1][safepoint    ] Entering safepoint region: Cleanup
[2019-12-09T05:27:07.209+0000][1][safepoint    ] Leaving safepoint region
[2019-12-09T05:27:07.209+0000][1][safepoint    ] Total time for which application threads were stopped: 0.0000678 seconds, Stopping threads took: 0.0000162 seconds
[2019-12-09T05:27:08.209+0000][1][safepoint    ] Application time: 1.0000746 seconds
[2019-12-09T05:27:08.209+0000][1][safepoint    ] Entering safepoint region: Cleanup
[2019-12-09T05:27:08.209+0000][1][safepoint    ] Leaving safepoint region
[2019-12-09T05:27:08.209+0000][1][safepoint    ] Total time for which application threads were stopped: 0.0000686 seconds, Stopping threads took: 0.0000154 seconds
[2019-12-09T05:27:09.209+0000][1][safepoint    ] Application time: 1.0000740 seconds
[2019-12-09T05:27:09.209+0000][1][safepoint    ] Entering safepoint region: Cleanup
[2019-12-09T05:27:09.210+0000][1][safepoint    ] Leaving safepoint region
[2019-12-09T05:27:09.210+0000][1][safepoint    ] Total time for which application threads were stopped: 0.0000654 seconds, Stopping threads took: 0.0000152 seconds
[2019-12-09T05:27:10.210+0000][1][safepoint    ] Application time: 1.0000744 seconds
[2019-12-09T05:27:10.210+0000][1][safepoint    ] Entering safepoint region: Cleanup
[2019-12-09T05:27:10.210+0000][1][safepoint    ] Leaving safepoint region
[2019-12-09T05:27:10.210+0000][1][safepoint    ] Total time for which application threads were stopped: 0.0000633 seconds, Stopping threads took: 0.0000157 seconds
[2019-12-09T05:27:11.210+0000][1][safepoint    ] Application time: 1.0000744 seconds
[2019-12-09T05:27:11.210+0000][1][safepoint    ] Entering safepoint region: Cleanup
[2019-12-09T05:27:11.210+0000][1][safepoint    ] Leaving safepoint region
[2019-12-09T05:27:11.210+0000][1][safepoint    ] Total time for which application threads were stopped: 0.0000728 seconds, Stopping threads took: 0.0000163 seconds
[2019-12-09T05:27:12.210+0000][1][safepoint    ] Application time: 1.0000749 seconds
[2019-12-09T05:27:12.210+0000][1][safepoint    ] Entering safepoint region: Cleanup
[2019-12-09T05:27:12.210+0000][1][safepoint    ] Leaving safepoint region
[2019-12-09T05:27:12.210+0000][1][safepoint    ] Total time for which application threads were stopped: 0.0000688 seconds, Stopping threads took: 0.0000164 seconds
[2019-12-09T05:27:13.210+0000][1][safepoint    ] Application time: 1.0000758 seconds
[2019-12-09T05:27:13.210+0000][1][safepoint    ] Entering safepoint region: Cleanup
[2019-12-09T05:27:13.210+0000][1][safepoint    ] Leaving safepoint region
[2019-12-09T05:27:13.210+0000][1][safepoint    ] Total time for which application threads were stopped: 0.0000648 seconds, Stopping threads took: 0.0000165 seconds
[2019-12-09T05:27:13.228+0000][1][safepoint    ] Application time: 0.0182421 seconds
[2019-12-09T05:27:13.228+0000][1][safepoint    ] Entering safepoint region: GenCollectForAllocation
[2019-12-09T05:27:13.229+0000][1][gc,start     ] GC(71) Pause Young (Allocation Failure)
[2019-12-09T05:27:13.229+0000][1][gc,task      ] GC(71) Using 2 workers of 2 for evacuation
[2019-12-09T05:27:13.230+0000][1][gc,age       ] GC(71) Desired survivor size 4456448 bytes, new threshold 6 (max threshold 6)
[2019-12-09T05:27:13.230+0000][1][gc,age       ] GC(71) Age table with threshold 6 (max threshold 6)
[2019-12-09T05:27:13.230+0000][1][gc,age       ] GC(71) - age   1:       4096 bytes,       4096 total
[2019-12-09T05:27:13.230+0000][1][gc,age       ] GC(71) - age   3:       1592 bytes,       5688 total
[2019-12-09T05:27:13.230+0000][1][gc,age       ] GC(71) - age   4:       7656 bytes,      13344 total
[2019-12-09T05:27:13.230+0000][1][gc,heap      ] GC(71) ParNew: 69970K->19K(78656K)
[2019-12-09T05:27:13.230+0000][1][gc,heap      ] GC(71) CMS: 69354K->69354K(174784K)
[2019-12-09T05:27:13.230+0000][1][gc,metaspace ] GC(71) Metaspace: 68455K->68455K(1112064K)
[2019-12-09T05:27:13.230+0000][1][gc           ] GC(71) Pause Young (Allocation Failure) 136M->67M(247M) 1.417ms
[2019-12-09T05:27:13.230+0000][1][gc,cpu       ] GC(71) User=0.00s Sys=0.00s Real=0.00s
[2019-12-09T05:27:13.230+0000][1][safepoint    ] Leaving safepoint region
[2019-12-09T05:27:13.230+0000][1][safepoint    ] Total time for which application threads were stopped: 0.0015398 seconds, Stopping threads took: 0.0000123 seconds
[2019-12-09T05:27:14.230+0000][1][safepoint    ] Application time: 1.0000852 seconds
[2019-12-09T05:27:14.230+0000][1][safepoint    ] Entering safepoint region: Cleanup
[2019-12-09T05:27:14.230+0000][1][safepoint    ] Leaving safepoint region
[2019-12-09T05:27:14.230+0000][1][safepoint    ] Total time for which application threads were stopped: 0.0000676 seconds, Stopping threads took: 0.0000158 seconds
[2019-12-09T05:27:15.230+0000][1][safepoint    ] Application time: 1.0000739 seconds
[2019-12-09T05:27:15.230+0000][1][safepoint    ] Entering safepoint region: Cleanup
[2019-12-09T05:27:15.230+0000][1][safepoint    ] Leaving safepoint region
[2019-12-09T05:27:15.230+0000][1][safepoint    ] Total time for which application threads were stopped: 0.0000666 seconds, Stopping threads took: 0.0000172 seconds
[2019-12-09T05:27:16.230+0000][1][safepoint    ] Application time: 1.0000750 seconds
[2019-12-09T05:27:16.231+0000][1][safepoint    ] Entering safepoint region: Cleanup
[2019-12-09T05:27:16.231+0000][1][safepoint    ] Leaving safepoint region
[2019-12-09T05:27:16.231+0000][1][safepoint    ] Total time for which application threads were stopped: 0.0000678 seconds, Stopping threads took: 0.0000159 seconds
[2019-12-09T05:27:17.231+0000][1][safepoint    ] Application time: 1.0000754 seconds
[2019-12-09T05:27:17.231+0000][1][safepoint    ] Entering safepoint region: Cleanup
[2019-12-09T05:27:17.231+0000][1][safepoint    ] Leaving safepoint region
[2019-12-09T05:27:17.231+0000][1][safepoint    ] Total time for which application threads were stopped: 0.0000716 seconds, Stopping threads took: 0.0000182 seconds
[2019-12-09T05:27:18.231+0000][1][safepoint    ] Application time: 1.0000821 seconds
[2019-12-09T05:27:18.231+0000][1][safepoint    ] Entering safepoint region: Cleanup
[2019-12-09T05:27:18.231+0000][1][safepoint    ] Leaving safepoint region
[2019-12-09T05:27:18.231+0000][1][safepoint    ] Total time for which application threads were stopped: 0.0000980 seconds, Stopping threads took: 0.0000450 seconds
[2019-12-09T05:27:19.231+0000][1][safepoint    ] Application time: 1.0000821 seconds
[2019-12-09T05:27:19.231+0000][1][safepoint    ] Entering safepoint region: Cleanup
[2019-12-09T05:27:19.231+0000][1][safepoint    ] Leaving safepoint region
[2019-12-09T05:27:19.231+0000][1][safepoint    ] Total time for which application threads were stopped: 0.0000688 seconds, Stopping threads took: 0.0000169 seconds
[2019-12-09T05:27:20.231+0000][1][safepoint    ] Application time: 1.0000754 seconds
[2019-12-09T05:27:20.231+0000][1][safepoint    ] Entering safepoint region: Cleanup
[2019-12-09T05:27:20.231+0000][1][safepoint    ] Leaving safepoint region
[2019-12-09T05:27:20.231+0000][1][safepoint    ] Total time for which application threads were stopped: 0.0000680 seconds, Stopping threads took: 0.0000159 seconds
[2019-12-09T05:27:21.231+0000][1][safepoint    ] Application time: 1.0000536 seconds
[2019-12-09T05:27:21.231+0000][1][safepoint    ] Entering safepoint region: Cleanup
[2019-12-09T05:27:21.232+0000][1][safepoint    ] Leaving safepoint region
[2019-12-09T05:27:21.232+0000][1][safepoint    ] Total time for which application threads were stopped: 0.0000681 seconds, Stopping threads took: 0.0000166 seconds
[2019-12-09T05:27:22.232+0000][1][safepoint    ] Application time: 1.0000765 seconds
[2019-12-09T05:27:22.232+0000][1][safepoint    ] Entering safepoint region: Cleanup
[2019-12-09T05:27:22.232+0000][1][safepoint    ] Leaving safepoint region
[2019-12-09T05:27:22.232+0000][1][safepoint    ] Total time for which application threads were stopped: 0.0000785 seconds, Stopping threads took: 0.0000162 seconds
[2019-12-09T05:27:23.232+0000][1][safepoint    ] Application time: 1.0000733 seconds
[2019-12-09T05:27:23.232+0000][1][safepoint    ] Entering safepoint region: Cleanup
[2019-12-09T05:27:23.232+0000][1][safepoint    ] Leaving safepoint region
[2019-12-09T05:27:23.232+0000][1][safepoint    ] Total time for which application threads were stopped: 0.0000685 seconds, Stopping threads took: 0.0000171 seconds
[2019-12-09T05:27:24.232+0000][1][safepoint    ] Application time: 1.0000737 seconds
[2019-12-09T05:27:24.232+0000][1][safepoint    ] Entering safepoint region: Cleanup
[2019-12-09T05:27:24.232+0000][1][safepoint    ] Leaving safepoint region
[2019-12-09T05:27:24.232+0000][1][safepoint    ] Total time for which application threads were stopped: 0.0000659 seconds, Stopping threads took: 0.0000177 seconds
[2019-12-09T05:27:25.232+0000][1][safepoint    ] Application time: 1.0000750 seconds
[2019-12-09T05:27:25.232+0000][1][safepoint    ] Entering safepoint region: Cleanup
[2019-12-09T05:27:25.232+0000][1][safepoint    ] Leaving safepoint region
[2019-12-09T05:27:25.232+0000][1][safepoint    ] Total time for which application threads were stopped: 0.0000656 seconds, Stopping threads took: 0.0000173 seconds
[2019-12-09T05:27:26.232+0000][1][safepoint    ] Application time: 1.0000745 seconds
[2019-12-09T05:27:26.232+0000][1][safepoint    ] Entering safepoint region: Cleanup
[2019-12-09T05:27:26.232+0000][1][safepoint    ] Leaving safepoint region
[2019-12-09T05:27:26.232+0000][1][safepoint    ] Total time for which application threads were stopped: 0.0000687 seconds, Stopping threads took: 0.0000169 seconds
[2019-12-09T05:27:27.233+0000][1][safepoint    ] Application time: 1.0000765 seconds
[2019-12-09T05:27:27.233+0000][1][safepoint    ] Entering safepoint region: Cleanup
[2019-12-09T05:27:27.233+0000][1][safepoint    ] Leaving safepoint region
[2019-12-09T05:27:27.233+0000][1][safepoint    ] Total time for which application threads were stopped: 0.0000690 seconds, Stopping threads took: 0.0000177 seconds
[2019-12-09T05:27:28.233+0000][1][safepoint    ] Application time: 1.0000848 seconds
[2019-12-09T05:27:28.233+0000][1][safepoint    ] Entering safepoint region: Cleanup
[2019-12-09T05:27:28.233+0000][1][safepoint    ] Leaving safepoint region
[2019-12-09T05:27:28.233+0000][1][safepoint    ] Total time for which application threads were stopped: 0.0000879 seconds, Stopping threads took: 0.0000215 seconds
[2019-12-09T05:27:29.233+0000][1][safepoint    ] Application time: 1.0000761 seconds
[2019-12-09T05:27:29.233+0000][1][safepoint    ] Entering safepoint region: Cleanup
[2019-12-09T05:27:29.233+0000][1][safepoint    ] Leaving safepoint region
[2019-12-09T05:27:29.233+0000][1][safepoint    ] Total time for which application threads were stopped: 0.0000659 seconds, Stopping threads took: 0.0000164 seconds
[2019-12-09T05:27:30.233+0000][1][safepoint    ] Application time: 1.0000754 seconds
[2019-12-09T05:27:30.233+0000][1][safepoint    ] Entering safepoint region: Cleanup
[2019-12-09T05:27:30.233+0000][1][safepoint    ] Leaving safepoint region
[2019-12-09T05:27:30.233+0000][1][safepoint    ] Total time for which application threads were stopped: 0.0000654 seconds, Stopping threads took: 0.0000150 seconds
[2019-12-09T05:27:31.233+0000][1][safepoint    ] Application time: 1.0000752 seconds
[2019-12-09T05:27:31.233+0000][1][safepoint    ] Entering safepoint region: Cleanup
[2019-12-09T05:27:31.233+0000][1][safepoint    ] Leaving safepoint region
[2019-12-09T05:27:31.233+0000][1][safepoint    ] Total time for which application threads were stopped: 0.0000619 seconds, Stopping threads took: 0.0000147 seconds
[2019-12-09T05:27:32.233+0000][1][safepoint    ] Application time: 1.0000814 seconds
[2019-12-09T05:27:32.233+0000][1][safepoint    ] Entering safepoint region: Cleanup
[2019-12-09T05:27:32.234+0000][1][safepoint    ] Leaving safepoint region
[2019-12-09T05:27:32.234+0000][1][safepoint    ] Total time for which application threads were stopped: 0.0000634 seconds, Stopping threads took: 0.0000156 seconds
[2019-12-09T05:27:33.234+0000][1][safepoint    ] Application time: 1.0000766 seconds
[2019-12-09T05:27:33.234+0000][1][safepoint    ] Entering safepoint region: Cleanup
[2019-12-09T05:27:33.234+0000][1][safepoint    ] Leaving safepoint region
[2019-12-09T05:27:33.234+0000][1][safepoint    ] Total time for which application threads were stopped: 0.0000773 seconds, Stopping threads took: 0.0000160 seconds
[2019-12-09T05:27:34.234+0000][1][safepoint    ] Application time: 1.0000765 seconds
[2019-12-09T05:27:34.234+0000][1][safepoint    ] Entering safepoint region: Cleanup
[2019-12-09T05:27:34.234+0000][1][safepoint    ] Leaving safepoint region
[2019-12-09T05:27:34.234+0000][1][safepoint    ] Total time for which application threads were stopped: 0.0000619 seconds, Stopping threads took: 0.0000144 seconds
[2019-12-09T05:27:35.234+0000][1][safepoint    ] Application time: 1.0000747 seconds
[2019-12-09T05:27:35.234+0000][1][safepoint    ] Entering safepoint region: Cleanup
[2019-12-09T05:27:35.234+0000][1][safepoint    ] Leaving safepoint region
[2019-12-09T05:27:35.234+0000][1][safepoint    ] Total time for which application threads were stopped: 0.0000720 seconds, Stopping threads took: 0.0000227 seconds
[2019-12-09T05:27:36.234+0000][1][safepoint    ] Application time: 1.0000755 seconds
[2019-12-09T05:27:36.234+0000][1][safepoint    ] Entering safepoint region: Cleanup
[2019-12-09T05:27:36.234+0000][1][safepoint    ] Leaving safepoint region
[2019-12-09T05:27:36.234+0000][1][safepoint    ] Total time for which application threads were stopped: 0.0000642 seconds, Stopping threads took: 0.0000154 seconds
[2019-12-09T05:27:37.234+0000][1][safepoint    ] Application time: 1.0000747 seconds
[2019-12-09T05:27:37.234+0000][1][safepoint    ] Entering safepoint region: Cleanup
[2019-12-09T05:27:37.234+0000][1][safepoint    ] Leaving safepoint region
[2019-12-09T05:27:37.234+0000][1][safepoint    ] Total time for which application threads were stopped: 0.0000651 seconds, Stopping threads took: 0.0000155 seconds
[2019-12-09T05:27:38.234+0000][1][safepoint    ] Application time: 1.0000763 seconds
[2019-12-09T05:27:38.235+0000][1][safepoint    ] Entering safepoint region: Cleanup
[2019-12-09T05:27:38.235+0000][1][safepoint    ] Leaving safepoint region
[2019-12-09T05:27:38.235+0000][1][safepoint    ] Total time for which application threads were stopped: 0.0000615 seconds, Stopping threads took: 0.0000148 seconds
[2019-12-09T05:27:39.235+0000][1][safepoint    ] Application time: 1.0000749 seconds
[2019-12-09T05:27:39.235+0000][1][safepoint    ] Entering safepoint region: Cleanup
[2019-12-09T05:27:39.235+0000][1][safepoint    ] Leaving safepoint region
[2019-12-09T05:27:39.235+0000][1][safepoint    ] Total time for which application threads were stopped: 0.0000825 seconds, Stopping threads took: 0.0000346 seconds
[2019-12-09T05:27:40.235+0000][1][safepoint    ] Application time: 1.0000745 seconds
[2019-12-09T05:27:40.235+0000][1][safepoint    ] Entering safepoint region: Cleanup
[2019-12-09T05:27:40.235+0000][1][safepoint    ] Leaving safepoint region
[2019-12-09T05:27:40.235+0000][1][safepoint    ] Total time for which application threads were stopped: 0.0000625 seconds, Stopping threads took: 0.0000145 seconds
[2019-12-09T05:27:41.235+0000][1][safepoint    ] Application time: 1.0000764 seconds
[2019-12-09T05:27:41.235+0000][1][safepoint    ] Entering safepoint region: Cleanup
[2019-12-09T05:27:41.235+0000][1][safepoint    ] Leaving safepoint region
[2019-12-09T05:27:41.235+0000][1][safepoint    ] Total time for which application threads were stopped: 0.0000635 seconds, Stopping threads took: 0.0000155 seconds
[2019-12-09T05:27:42.235+0000][1][safepoint    ] Application time: 1.0000737 seconds
[2019-12-09T05:27:42.235+0000][1][safepoint    ] Entering safepoint region: Cleanup
[2019-12-09T05:27:42.235+0000][1][safepoint    ] Leaving safepoint region
[2019-12-09T05:27:42.235+0000][1][safepoint    ] Total time for which application threads were stopped: 0.0000628 seconds, Stopping threads took: 0.0000151 seconds
[2019-12-09T05:27:43.235+0000][1][safepoint    ] Application time: 1.0000757 seconds
[2019-12-09T05:27:43.235+0000][1][safepoint    ] Entering safepoint region: Cleanup
[2019-12-09T05:27:43.235+0000][1][safepoint    ] Leaving safepoint region
[2019-12-09T05:27:43.235+0000][1][safepoint    ] Total time for which application threads were stopped: 0.0000665 seconds, Stopping threads took: 0.0000177 seconds
[2019-12-09T05:27:44.235+0000][1][safepoint    ] Application time: 1.0000738 seconds
[2019-12-09T05:27:44.236+0000][1][safepoint    ] Entering safepoint region: Cleanup
[2019-12-09T05:27:44.236+0000][1][safepoint    ] Leaving safepoint region
[2019-12-09T05:27:44.236+0000][1][safepoint    ] Total time for which application threads were stopped: 0.0000620 seconds, Stopping threads took: 0.0000143 seconds
[2019-12-09T05:27:45.236+0000][1][safepoint    ] Application time: 1.0000759 seconds
[2019-12-09T05:27:45.236+0000][1][safepoint    ] Entering safepoint region: Cleanup
[2019-12-09T05:27:45.236+0000][1][safepoint    ] Leaving safepoint region
[2019-12-09T05:27:45.236+0000][1][safepoint    ] Total time for which application threads were stopped: 0.0000686 seconds, Stopping threads took: 0.0000189 seconds
[2019-12-09T05:27:46.236+0000][1][safepoint    ] Application time: 1.0000775 seconds
[2019-12-09T05:27:46.236+0000][1][safepoint    ] Entering safepoint region: Cleanup
[2019-12-09T05:27:46.236+0000][1][safepoint    ] Leaving safepoint region
[2019-12-09T05:27:46.236+0000][1][safepoint    ] Total time for which application threads were stopped: 0.0000631 seconds, Stopping threads took: 0.0000150 seconds
[2019-12-09T05:27:47.236+0000][1][safepoint    ] Application time: 1.0000754 seconds
[2019-12-09T05:27:47.236+0000][1][safepoint    ] Entering safepoint region: Cleanup
[2019-12-09T05:27:47.236+0000][1][safepoint    ] Leaving safepoint region
[2019-12-09T05:27:47.236+0000][1][safepoint    ] Total time for which application threads were stopped: 0.0000651 seconds, Stopping threads took: 0.0000157 seconds
[2019-12-09T05:27:48.236+0000][1][safepoint    ] Application time: 1.0000765 seconds
[2019-12-09T05:27:48.236+0000][1][safepoint    ] Entering safepoint region: Cleanup
[2019-12-09T05:27:48.236+0000][1][safepoint    ] Leaving safepoint region
[2019-12-09T05:27:48.236+0000][1][safepoint    ] Total time for which application threads were stopped: 0.0000630 seconds, Stopping threads took: 0.0000148 seconds
[2019-12-09T05:27:49.236+0000][1][safepoint    ] Application time: 1.0000753 seconds
[2019-12-09T05:27:49.236+0000][1][safepoint    ] Entering safepoint region: Cleanup
[2019-12-09T05:27:49.236+0000][1][safepoint    ] Leaving safepoint region
[2019-12-09T05:27:49.236+0000][1][safepoint    ] Total time for which application threads were stopped: 0.0000627 seconds, Stopping threads took: 0.0000148 seconds
[2019-12-09T05:27:50.237+0000][1][safepoint    ] Application time: 1.0000745 seconds
[2019-12-09T05:27:50.237+0000][1][safepoint    ] Entering safepoint region: Cleanup
[2019-12-09T05:27:50.237+0000][1][safepoint    ] Leaving safepoint region
[2019-12-09T05:27:50.237+0000][1][safepoint    ] Total time for which application threads were stopped: 0.0000627 seconds, Stopping threads took: 0.0000152 seconds
[2019-12-09T05:27:51.237+0000][1][safepoint    ] Application time: 1.0000754 seconds
[2019-12-09T05:27:51.237+0000][1][safepoint    ] Entering safepoint region: Cleanup
[2019-12-09T05:27:51.237+0000][1][safepoint    ] Leaving safepoint region
[2019-12-09T05:27:51.237+0000][1][safepoint    ] Total time for which application threads were stopped: 0.0000641 seconds, Stopping threads took: 0.0000153 seconds
[2019-12-09T05:27:52.237+0000][1][safepoint    ] Application time: 1.0000760 seconds
[2019-12-09T05:27:52.237+0000][1][safepoint    ] Entering safepoint region: Cleanup
[2019-12-09T05:27:52.237+0000][1][safepoint    ] Leaving safepoint region
[2019-12-09T05:27:52.237+0000][1][safepoint    ] Total time for which application threads were stopped: 0.0000648 seconds, Stopping threads took: 0.0000174 seconds
[2019-12-09T05:27:53.237+0000][1][safepoint    ] Application time: 1.0000755 seconds
[2019-12-09T05:27:53.237+0000][1][safepoint    ] Entering safepoint region: Cleanup
[2019-12-09T05:27:53.237+0000][1][safepoint    ] Leaving safepoint region
[2019-12-09T05:27:53.237+0000][1][safepoint    ] Total time for which application threads were stopped: 0.0000634 seconds, Stopping threads took: 0.0000152 seconds
[2019-12-09T05:27:54.237+0000][1][safepoint    ] Application time: 1.0000740 seconds
[2019-12-09T05:27:54.237+0000][1][safepoint    ] Entering safepoint region: Cleanup
[2019-12-09T05:27:54.237+0000][1][safepoint    ] Leaving safepoint region
[2019-12-09T05:27:54.237+0000][1][safepoint    ] Total time for which application threads were stopped: 0.0000609 seconds, Stopping threads took: 0.0000142 seconds
[2019-12-09T05:27:55.237+0000][1][safepoint    ] Application time: 1.0000741 seconds
[2019-12-09T05:27:55.237+0000][1][safepoint    ] Entering safepoint region: Cleanup
[2019-12-09T05:27:55.237+0000][1][safepoint    ] Leaving safepoint region
[2019-12-09T05:27:55.237+0000][1][safepoint    ] Total time for which application threads were stopped: 0.0000621 seconds, Stopping threads took: 0.0000157 seconds
[2019-12-09T05:27:56.238+0000][1][safepoint    ] Application time: 1.0000741 seconds
[2019-12-09T05:27:56.238+0000][1][safepoint    ] Entering safepoint region: Cleanup
[2019-12-09T05:27:56.238+0000][1][safepoint    ] Leaving safepoint region
[2019-12-09T05:27:56.238+0000][1][safepoint    ] Total time for which application threads were stopped: 0.0000637 seconds, Stopping threads took: 0.0000153 seconds
[2019-12-09T05:27:57.238+0000][1][safepoint    ] Application time: 1.0000749 seconds
[2019-12-09T05:27:57.238+0000][1][safepoint    ] Entering safepoint region: Cleanup
[2019-12-09T05:27:57.238+0000][1][safepoint    ] Leaving safepoint region
[2019-12-09T05:27:57.238+0000][1][safepoint    ] Total time for which application threads were stopped: 0.0000644 seconds, Stopping threads took: 0.0000165 seconds
[2019-12-09T05:27:58.238+0000][1][safepoint    ] Application time: 1.0000761 seconds
[2019-12-09T05:27:58.238+0000][1][safepoint    ] Entering safepoint region: Cleanup
[2019-12-09T05:27:58.238+0000][1][safepoint    ] Leaving safepoint region
[2019-12-09T05:27:58.238+0000][1][safepoint    ] Total time for which application threads were stopped: 0.0000669 seconds, Stopping threads took: 0.0000162 seconds
[2019-12-09T05:27:59.238+0000][1][safepoint    ] Application time: 1.0000732 seconds
[2019-12-09T05:27:59.238+0000][1][safepoint    ] Entering safepoint region: Cleanup
[2019-12-09T05:27:59.238+0000][1][safepoint    ] Leaving safepoint region
[2019-12-09T05:27:59.238+0000][1][safepoint    ] Total time for which application threads were stopped: 0.0000627 seconds, Stopping threads took: 0.0000170 seconds
[2019-12-09T05:28:00.238+0000][1][safepoint    ] Application time: 1.0000738 seconds
[2019-12-09T05:28:00.238+0000][1][safepoint    ] Entering safepoint region: Cleanup
[2019-12-09T05:28:00.238+0000][1][safepoint    ] Leaving safepoint region
[2019-12-09T05:28:00.238+0000][1][safepoint    ] Total time for which application threads were stopped: 0.0000648 seconds, Stopping threads took: 0.0000158 seconds
[2019-12-09T05:28:01.238+0000][1][safepoint    ] Application time: 1.0000751 seconds
[2019-12-09T05:28:01.238+0000][1][safepoint    ] Entering safepoint region: Cleanup
[2019-12-09T05:28:01.238+0000][1][safepoint    ] Leaving safepoint region
[2019-12-09T05:28:01.238+0000][1][safepoint    ] Total time for which application threads were stopped: 0.0000613 seconds, Stopping threads took: 0.0000135 seconds
[2019-12-09T05:28:02.239+0000][1][safepoint    ] Application time: 1.0000799 seconds
[2019-12-09T05:28:02.239+0000][1][safepoint    ] Entering safepoint region: Cleanup
[2019-12-09T05:28:02.239+0000][1][safepoint    ] Leaving safepoint region
[2019-12-09T05:28:02.239+0000][1][safepoint    ] Total time for which application threads were stopped: 0.0000647 seconds, Stopping threads took: 0.0000157 seconds
[2019-12-09T05:28:03.239+0000][1][safepoint    ] Application time: 1.0000839 seconds
[2019-12-09T05:28:03.239+0000][1][safepoint    ] Entering safepoint region: Cleanup
[2019-12-09T05:28:03.239+0000][1][safepoint    ] Leaving safepoint region
[2019-12-09T05:28:03.239+0000][1][safepoint    ] Total time for which application threads were stopped: 0.0000683 seconds, Stopping threads took: 0.0000171 seconds
[2019-12-09T05:28:04.239+0000][1][safepoint    ] Application time: 1.0000744 seconds
[2019-12-09T05:28:04.239+0000][1][safepoint    ] Entering safepoint region: Cleanup
[2019-12-09T05:28:04.239+0000][1][safepoint    ] Leaving safepoint region
[2019-12-09T05:28:04.239+0000][1][safepoint    ] Total time for which application threads were stopped: 0.0000650 seconds, Stopping threads took: 0.0000158 seconds
[2019-12-09T05:28:05.239+0000][1][safepoint    ] Application time: 1.0000737 seconds
[2019-12-09T05:28:05.239+0000][1][safepoint    ] Entering safepoint region: Cleanup
[2019-12-09T05:28:05.239+0000][1][safepoint    ] Leaving safepoint region
[2019-12-09T05:28:05.239+0000][1][safepoint    ] Total time for which application threads were stopped: 0.0000719 seconds, Stopping threads took: 0.0000227 seconds
[2019-12-09T05:28:06.239+0000][1][safepoint    ] Application time: 1.0000741 seconds
[2019-12-09T05:28:06.239+0000][1][safepoint    ] Entering safepoint region: Cleanup
[2019-12-09T05:28:06.239+0000][1][safepoint    ] Leaving safepoint region
[2019-12-09T05:28:06.239+0000][1][safepoint    ] Total time for which application threads were stopped: 0.0000681 seconds, Stopping threads took: 0.0000189 seconds
[2019-12-09T05:28:07.239+0000][1][safepoint    ] Application time: 1.0000743 seconds
[2019-12-09T05:28:07.239+0000][1][safepoint    ] Entering safepoint region: Cleanup
[2019-12-09T05:28:07.239+0000][1][safepoint    ] Leaving safepoint region
[2019-12-09T05:28:07.239+0000][1][safepoint    ] Total time for which application threads were stopped: 0.0000634 seconds, Stopping threads took: 0.0000144 seconds
[2019-12-09T05:28:08.240+0000][1][safepoint    ] Application time: 1.0000739 seconds
[2019-12-09T05:28:08.240+0000][1][safepoint    ] Entering safepoint region: Cleanup
[2019-12-09T05:28:08.240+0000][1][safepoint    ] Leaving safepoint region
[2019-12-09T05:28:08.240+0000][1][safepoint    ] Total time for which application threads were stopped: 0.0000648 seconds, Stopping threads took: 0.0000157 seconds
[2019-12-09T05:28:09.240+0000][1][safepoint    ] Application time: 1.0000737 seconds
[2019-12-09T05:28:09.240+0000][1][safepoint    ] Entering safepoint region: Cleanup
[2019-12-09T05:28:09.240+0000][1][safepoint    ] Leaving safepoint region
[2019-12-09T05:28:09.240+0000][1][safepoint    ] Total time for which application threads were stopped: 0.0000648 seconds, Stopping threads took: 0.0000159 seconds
[2019-12-09T05:28:10.240+0000][1][safepoint    ] Application time: 1.0000751 seconds
[2019-12-09T05:28:10.240+0000][1][safepoint    ] Entering safepoint region: Cleanup
[2019-12-09T05:28:10.240+0000][1][safepoint    ] Leaving safepoint region
[2019-12-09T05:28:10.240+0000][1][safepoint    ] Total time for which application threads were stopped: 0.0000652 seconds, Stopping threads took: 0.0000150 seconds
[2019-12-09T05:28:11.240+0000][1][safepoint    ] Application time: 1.0000755 seconds
[2019-12-09T05:28:11.240+0000][1][safepoint    ] Entering safepoint region: Cleanup
[2019-12-09T05:28:11.240+0000][1][safepoint    ] Leaving safepoint region
[2019-12-09T05:28:11.240+0000][1][safepoint    ] Total time for which application threads were stopped: 0.0000641 seconds, Stopping threads took: 0.0000153 seconds
[2019-12-09T05:28:12.240+0000][1][safepoint    ] Application time: 1.0000755 seconds
[2019-12-09T05:28:12.240+0000][1][safepoint    ] Entering safepoint region: Cleanup
[2019-12-09T05:28:12.240+0000][1][safepoint    ] Leaving safepoint region
[2019-12-09T05:28:12.240+0000][1][safepoint    ] Total time for which application threads were stopped: 0.0000649 seconds, Stopping threads took: 0.0000154 seconds
[2019-12-09T05:28:13.240+0000][1][safepoint    ] Application time: 1.0000749 seconds
[2019-12-09T05:28:13.240+0000][1][safepoint    ] Entering safepoint region: Cleanup
[2019-12-09T05:28:13.240+0000][1][safepoint    ] Leaving safepoint region
[2019-12-09T05:28:13.240+0000][1][safepoint    ] Total time for which application threads were stopped: 0.0000638 seconds, Stopping threads took: 0.0000149 seconds
[2019-12-09T05:28:14.253+0000][1][safepoint    ] Application time: 1.0121364 seconds
[2019-12-09T05:28:14.253+0000][1][safepoint    ] Entering safepoint region: Cleanup
[2019-12-09T05:28:14.253+0000][1][safepoint    ] Leaving safepoint region
[2019-12-09T05:28:14.253+0000][1][safepoint    ] Total time for which application threads were stopped: 0.0000768 seconds, Stopping threads took: 0.0000130 seconds
[2019-12-09T05:28:15.253+0000][1][safepoint    ] Application time: 1.0000724 seconds
[2019-12-09T05:28:15.253+0000][1][safepoint    ] Entering safepoint region: Cleanup
[2019-12-09T05:28:15.253+0000][1][safepoint    ] Leaving safepoint region
[2019-12-09T05:28:15.253+0000][1][safepoint    ] Total time for which application threads were stopped: 0.0000629 seconds, Stopping threads took: 0.0000147 seconds
[2019-12-09T05:28:16.253+0000][1][safepoint    ] Application time: 1.0000747 seconds
[2019-12-09T05:28:16.253+0000][1][safepoint    ] Entering safepoint region: Cleanup
[2019-12-09T05:28:16.253+0000][1][safepoint    ] Leaving safepoint region
[2019-12-09T05:28:16.253+0000][1][safepoint    ] Total time for which application threads were stopped: 0.0000666 seconds, Stopping threads took: 0.0000132 seconds
[2019-12-09T05:28:17.253+0000][1][safepoint    ] Application time: 1.0000740 seconds
[2019-12-09T05:28:17.253+0000][1][safepoint    ] Entering safepoint region: Cleanup
[2019-12-09T05:28:17.253+0000][1][safepoint    ] Leaving safepoint region
[2019-12-09T05:28:17.253+0000][1][safepoint    ] Total time for which application threads were stopped: 0.0000614 seconds, Stopping threads took: 0.0000134 seconds
[2019-12-09T05:28:18.253+0000][1][safepoint    ] Application time: 1.0000737 seconds
[2019-12-09T05:28:18.253+0000][1][safepoint    ] Entering safepoint region: Cleanup
[2019-12-09T05:28:18.253+0000][1][safepoint    ] Leaving safepoint region
[2019-12-09T05:28:18.253+0000][1][safepoint    ] Total time for which application threads were stopped: 0.0000723 seconds, Stopping threads took: 0.0000137 seconds
[2019-12-09T05:28:19.253+0000][1][safepoint    ] Application time: 1.0000757 seconds
[2019-12-09T05:28:19.254+0000][1][safepoint    ] Entering safepoint region: Cleanup
[2019-12-09T05:28:19.254+0000][1][safepoint    ] Leaving safepoint region
[2019-12-09T05:28:19.254+0000][1][safepoint    ] Total time for which application threads were stopped: 0.0000646 seconds, Stopping threads took: 0.0000146 seconds
[2019-12-09T05:28:20.254+0000][1][safepoint    ] Application time: 1.0000913 seconds
[2019-12-09T05:28:20.254+0000][1][safepoint    ] Entering safepoint region: Cleanup
[2019-12-09T05:28:20.254+0000][1][safepoint    ] Leaving safepoint region
[2019-12-09T05:28:20.254+0000][1][safepoint    ] Total time for which application threads were stopped: 0.0000692 seconds, Stopping threads took: 0.0000180 seconds
[2019-12-09T05:28:21.254+0000][1][safepoint    ] Application time: 1.0000806 seconds
[2019-12-09T05:28:21.254+0000][1][safepoint    ] Entering safepoint region: Cleanup
[2019-12-09T05:28:21.254+0000][1][safepoint    ] Leaving safepoint region
[2019-12-09T05:28:21.254+0000][1][safepoint    ] Total time for which application threads were stopped: 0.0000646 seconds, Stopping threads took: 0.0000158 seconds
[2019-12-09T05:28:22.254+0000][1][safepoint    ] Application time: 1.0000853 seconds
[2019-12-09T05:28:22.254+0000][1][safepoint    ] Entering safepoint region: Cleanup
[2019-12-09T05:28:22.254+0000][1][safepoint    ] Leaving safepoint region
[2019-12-09T05:28:22.254+0000][1][safepoint    ] Total time for which application threads were stopped: 0.0000656 seconds, Stopping threads took: 0.0000151 seconds
[2019-12-09T05:28:23.254+0000][1][safepoint    ] Application time: 1.0000971 seconds
[2019-12-09T05:28:23.254+0000][1][safepoint    ] Entering safepoint region: Cleanup
[2019-12-09T05:28:23.254+0000][1][safepoint    ] Leaving safepoint region
[2019-12-09T05:28:23.254+0000][1][safepoint    ] Total time for which application threads were stopped: 0.0000718 seconds, Stopping threads took: 0.0000207 seconds
[2019-12-09T05:28:24.254+0000][1][safepoint    ] Application time: 1.0000866 seconds
[2019-12-09T05:28:24.254+0000][1][safepoint    ] Entering safepoint region: Cleanup
[2019-12-09T05:28:24.255+0000][1][safepoint    ] Leaving safepoint region
[2019-12-09T05:28:24.255+0000][1][safepoint    ] Total time for which application threads were stopped: 0.0000674 seconds, Stopping threads took: 0.0000176 seconds
[2019-12-09T05:28:25.255+0000][1][safepoint    ] Application time: 1.0000740 seconds
[2019-12-09T05:28:25.255+0000][1][safepoint    ] Entering safepoint region: Cleanup
[2019-12-09T05:28:25.255+0000][1][safepoint    ] Leaving safepoint region
[2019-12-09T05:28:25.255+0000][1][safepoint    ] Total time for which application threads were stopped: 0.0000742 seconds, Stopping threads took: 0.0000168 seconds
[2019-12-09T05:28:26.255+0000][1][safepoint    ] Application time: 1.0000748 seconds
[2019-12-09T05:28:26.255+0000][1][safepoint    ] Entering safepoint region: Cleanup
[2019-12-09T05:28:26.255+0000][1][safepoint    ] Leaving safepoint region
[2019-12-09T05:28:26.255+0000][1][safepoint    ] Total time for which application threads were stopped: 0.0000678 seconds, Stopping threads took: 0.0000163 seconds
[2019-12-09T05:28:27.255+0000][1][safepoint    ] Application time: 1.0000740 seconds
[2019-12-09T05:28:27.255+0000][1][safepoint    ] Entering safepoint region: Cleanup
[2019-12-09T05:28:27.255+0000][1][safepoint    ] Leaving safepoint region
[2019-12-09T05:28:27.255+0000][1][safepoint    ] Total time for which application threads were stopped: 0.0000682 seconds, Stopping threads took: 0.0000175 seconds
[2019-12-09T05:28:28.255+0000][1][safepoint    ] Application time: 1.0000879 seconds
[2019-12-09T05:28:28.255+0000][1][safepoint    ] Entering safepoint region: Cleanup
[2019-12-09T05:28:28.255+0000][1][safepoint    ] Leaving safepoint region
[2019-12-09T05:28:28.255+0000][1][safepoint    ] Total time for which application threads were stopped: 0.0001248 seconds, Stopping threads took: 0.0000667 seconds
[2019-12-09T05:28:29.255+0000][1][safepoint    ] Application time: 1.0000844 seconds
[2019-12-09T05:28:29.255+0000][1][safepoint    ] Entering safepoint region: Cleanup
[2019-12-09T05:28:29.255+0000][1][safepoint    ] Leaving safepoint region
[2019-12-09T05:28:29.255+0000][1][safepoint    ] Total time for which application threads were stopped: 0.0000652 seconds, Stopping threads took: 0.0000159 seconds
[2019-12-09T05:28:30.256+0000][1][safepoint    ] Application time: 1.0000774 seconds
[2019-12-09T05:28:30.256+0000][1][safepoint    ] Entering safepoint region: Cleanup
[2019-12-09T05:28:30.256+0000][1][safepoint    ] Leaving safepoint region
[2019-12-09T05:28:30.256+0000][1][safepoint    ] Total time for which application threads were stopped: 0.0000685 seconds, Stopping threads took: 0.0000168 seconds
[2019-12-09T05:28:31.256+0000][1][safepoint    ] Application time: 1.0000754 seconds
[2019-12-09T05:28:31.256+0000][1][safepoint    ] Entering safepoint region: Cleanup
[2019-12-09T05:28:31.256+0000][1][safepoint    ] Leaving safepoint region
[2019-12-09T05:28:31.256+0000][1][safepoint    ] Total time for which application threads were stopped: 0.0000653 seconds, Stopping threads took: 0.0000152 seconds
[2019-12-09T05:28:32.256+0000][1][safepoint    ] Application time: 1.0000757 seconds
[2019-12-09T05:28:32.256+0000][1][safepoint    ] Entering safepoint region: Cleanup
[2019-12-09T05:28:32.256+0000][1][safepoint    ] Leaving safepoint region
[2019-12-09T05:28:32.256+0000][1][safepoint    ] Total time for which application threads were stopped: 0.0000672 seconds, Stopping threads took: 0.0000173 seconds
[2019-12-09T05:28:33.256+0000][1][safepoint    ] Application time: 1.0000750 seconds
[2019-12-09T05:28:33.256+0000][1][safepoint    ] Entering safepoint region: Cleanup
[2019-12-09T05:28:33.256+0000][1][safepoint    ] Leaving safepoint region
[2019-12-09T05:28:33.256+0000][1][safepoint    ] Total time for which application threads were stopped: 0.0000838 seconds, Stopping threads took: 0.0000153 seconds
[2019-12-09T05:28:34.256+0000][1][safepoint    ] Application time: 1.0000819 seconds
[2019-12-09T05:28:34.256+0000][1][safepoint    ] Entering safepoint region: Cleanup
[2019-12-09T05:28:34.256+0000][1][safepoint    ] Leaving safepoint region
[2019-12-09T05:28:34.256+0000][1][safepoint    ] Total time for which application threads were stopped: 0.0000649 seconds, Stopping threads took: 0.0000173 seconds
[2019-12-09T05:28:35.256+0000][1][safepoint    ] Application time: 1.0000770 seconds
[2019-12-09T05:28:35.257+0000][1][safepoint    ] Entering safepoint region: Cleanup
[2019-12-09T05:28:35.257+0000][1][safepoint    ] Leaving safepoint region
[2019-12-09T05:28:35.257+0000][1][safepoint    ] Total time for which application threads were stopped: 0.0000684 seconds, Stopping threads took: 0.0000196 seconds
[2019-12-09T05:28:36.257+0000][1][safepoint    ] Application time: 1.0000761 seconds
[2019-12-09T05:28:36.257+0000][1][safepoint    ] Entering safepoint region: Cleanup
[2019-12-09T05:28:36.257+0000][1][safepoint    ] Leaving safepoint region
[2019-12-09T05:28:36.257+0000][1][safepoint    ] Total time for which application threads were stopped: 0.0000714 seconds, Stopping threads took: 0.0000146 seconds
[2019-12-09T05:28:37.257+0000][1][safepoint    ] Application time: 1.0000757 seconds
[2019-12-09T05:28:37.257+0000][1][safepoint    ] Entering safepoint region: Cleanup
[2019-12-09T05:28:37.257+0000][1][safepoint    ] Leaving safepoint region
[2019-12-09T05:28:37.257+0000][1][safepoint    ] Total time for which application threads were stopped: 0.0000643 seconds, Stopping threads took: 0.0000157 seconds
[2019-12-09T05:28:38.257+0000][1][safepoint    ] Application time: 1.0000752 seconds
[2019-12-09T05:28:38.257+0000][1][safepoint    ] Entering safepoint region: Cleanup
[2019-12-09T05:28:38.257+0000][1][safepoint    ] Leaving safepoint region
[2019-12-09T05:28:38.257+0000][1][safepoint    ] Total time for which application threads were stopped: 0.0000636 seconds, Stopping threads took: 0.0000159 seconds
[2019-12-09T05:28:39.257+0000][1][safepoint    ] Application time: 1.0000756 seconds
[2019-12-09T05:28:39.257+0000][1][safepoint    ] Entering safepoint region: Cleanup
[2019-12-09T05:28:39.257+0000][1][safepoint    ] Leaving safepoint region
[2019-12-09T05:28:39.257+0000][1][safepoint    ] Total time for which application threads were stopped: 0.0000705 seconds, Stopping threads took: 0.0000211 seconds
[2019-12-09T05:28:40.257+0000][1][safepoint    ] Application time: 1.0000756 seconds
[2019-12-09T05:28:40.257+0000][1][safepoint    ] Entering safepoint region: Cleanup
[2019-12-09T05:28:40.257+0000][1][safepoint    ] Leaving safepoint region
[2019-12-09T05:28:40.257+0000][1][safepoint    ] Total time for which application threads were stopped: 0.0000672 seconds, Stopping threads took: 0.0000178 seconds
[2019-12-09T05:28:41.257+0000][1][safepoint    ] Application time: 1.0000736 seconds
[2019-12-09T05:28:41.258+0000][1][safepoint    ] Entering safepoint region: Cleanup
[2019-12-09T05:28:41.258+0000][1][safepoint    ] Leaving safepoint region
[2019-12-09T05:28:41.258+0000][1][safepoint    ] Total time for which application threads were stopped: 0.0000643 seconds, Stopping threads took: 0.0000138 seconds
[2019-12-09T05:28:42.258+0000][1][safepoint    ] Application time: 1.0000749 seconds
[2019-12-09T05:28:42.258+0000][1][safepoint    ] Entering safepoint region: Cleanup
[2019-12-09T05:28:42.258+0000][1][safepoint    ] Leaving safepoint region
[2019-12-09T05:28:42.258+0000][1][safepoint    ] Total time for which application threads were stopped: 0.0000763 seconds, Stopping threads took: 0.0000277 seconds
[2019-12-09T05:28:43.258+0000][1][safepoint    ] Application time: 1.0000781 seconds
[2019-12-09T05:28:43.258+0000][1][safepoint    ] Entering safepoint region: Cleanup
[2019-12-09T05:28:43.258+0000][1][safepoint    ] Leaving safepoint region
[2019-12-09T05:28:43.258+0000][1][safepoint    ] Total time for which application threads were stopped: 0.0000714 seconds, Stopping threads took: 0.0000218 seconds
[2019-12-09T05:28:44.258+0000][1][safepoint    ] Application time: 1.0000767 seconds
[2019-12-09T05:28:44.258+0000][1][safepoint    ] Entering safepoint region: Cleanup
[2019-12-09T05:28:44.258+0000][1][safepoint    ] Leaving safepoint region
[2019-12-09T05:28:44.258+0000][1][safepoint    ] Total time for which application threads were stopped: 0.0000635 seconds, Stopping threads took: 0.0000147 seconds
[2019-12-09T05:28:45.258+0000][1][safepoint    ] Application time: 1.0000737 seconds
[2019-12-09T05:28:45.258+0000][1][safepoint    ] Entering safepoint region: Cleanup
[2019-12-09T05:28:45.258+0000][1][safepoint    ] Leaving safepoint region
[2019-12-09T05:28:45.258+0000][1][safepoint    ] Total time for which application threads were stopped: 0.0000678 seconds, Stopping threads took: 0.0000199 seconds
[2019-12-09T05:28:46.258+0000][1][safepoint    ] Application time: 1.0000760 seconds
[2019-12-09T05:28:46.258+0000][1][safepoint    ] Entering safepoint region: Cleanup
[2019-12-09T05:28:46.258+0000][1][safepoint    ] Leaving safepoint region
[2019-12-09T05:28:46.258+0000][1][safepoint    ] Total time for which application threads were stopped: 0.0000632 seconds, Stopping threads took: 0.0000150 seconds
[2019-12-09T05:28:47.259+0000][1][safepoint    ] Application time: 1.0000736 seconds
[2019-12-09T05:28:47.259+0000][1][safepoint    ] Entering safepoint region: Cleanup
[2019-12-09T05:28:47.259+0000][1][safepoint    ] Leaving safepoint region
[2019-12-09T05:28:47.259+0000][1][safepoint    ] Total time for which application threads were stopped: 0.0000666 seconds, Stopping threads took: 0.0000182 seconds
[2019-12-09T05:28:48.259+0000][1][safepoint    ] Application time: 1.0000757 seconds
[2019-12-09T05:28:48.259+0000][1][safepoint    ] Entering safepoint region: Cleanup
[2019-12-09T05:28:48.259+0000][1][safepoint    ] Leaving safepoint region
[2019-12-09T05:28:48.259+0000][1][safepoint    ] Total time for which application threads were stopped: 0.0000681 seconds, Stopping threads took: 0.0000179 seconds
[2019-12-09T05:28:49.259+0000][1][safepoint    ] Application time: 1.0000742 seconds
[2019-12-09T05:28:49.259+0000][1][safepoint    ] Entering safepoint region: Cleanup
[2019-12-09T05:28:49.259+0000][1][safepoint    ] Leaving safepoint region
[2019-12-09T05:28:49.259+0000][1][safepoint    ] Total time for which application threads were stopped: 0.0000669 seconds, Stopping threads took: 0.0000163 seconds
[2019-12-09T05:28:50.259+0000][1][safepoint    ] Application time: 1.0000761 seconds
[2019-12-09T05:28:50.259+0000][1][safepoint    ] Entering safepoint region: Cleanup
[2019-12-09T05:28:50.259+0000][1][safepoint    ] Leaving safepoint region
[2019-12-09T05:28:50.259+0000][1][safepoint    ] Total time for which application threads were stopped: 0.0000661 seconds, Stopping threads took: 0.0000169 seconds
[2019-12-09T05:28:51.259+0000][1][safepoint    ] Application time: 1.0000753 seconds
[2019-12-09T05:28:51.259+0000][1][safepoint    ] Entering safepoint region: Cleanup
[2019-12-09T05:28:51.259+0000][1][safepoint    ] Leaving safepoint region
[2019-12-09T05:28:51.259+0000][1][safepoint    ] Total time for which application threads were stopped: 0.0000634 seconds, Stopping threads took: 0.0000145 seconds
[2019-12-09T05:28:52.259+0000][1][safepoint    ] Application time: 1.0000745 seconds
[2019-12-09T05:28:52.259+0000][1][safepoint    ] Entering safepoint region: Cleanup
[2019-12-09T05:28:52.259+0000][1][safepoint    ] Leaving safepoint region
[2019-12-09T05:28:52.259+0000][1][safepoint    ] Total time for which application threads were stopped: 0.0000633 seconds, Stopping threads took: 0.0000149 seconds
[2019-12-09T05:28:53.260+0000][1][safepoint    ] Application time: 1.0000752 seconds
[2019-12-09T05:28:53.260+0000][1][safepoint    ] Entering safepoint region: Cleanup
[2019-12-09T05:28:53.260+0000][1][safepoint    ] Leaving safepoint region
[2019-12-09T05:28:53.260+0000][1][safepoint    ] Total time for which application threads were stopped: 0.0000658 seconds, Stopping threads took: 0.0000172 seconds
[2019-12-09T05:28:54.260+0000][1][safepoint    ] Application time: 1.0000850 seconds
[2019-12-09T05:28:54.260+0000][1][safepoint    ] Entering safepoint region: Cleanup
[2019-12-09T05:28:54.260+0000][1][safepoint    ] Leaving safepoint region
[2019-12-09T05:28:54.260+0000][1][safepoint    ] Total time for which application threads were stopped: 0.0000647 seconds, Stopping threads took: 0.0000169 seconds
[2019-12-09T05:28:55.260+0000][1][safepoint    ] Application time: 1.0000742 seconds
[2019-12-09T05:28:55.260+0000][1][safepoint    ] Entering safepoint region: Cleanup
[2019-12-09T05:28:55.260+0000][1][safepoint    ] Leaving safepoint region
[2019-12-09T05:28:55.260+0000][1][safepoint    ] Total time for which application threads were stopped: 0.0000686 seconds, Stopping threads took: 0.0000201 seconds
[2019-12-09T05:28:56.260+0000][1][safepoint    ] Application time: 1.0000749 seconds
[2019-12-09T05:28:56.260+0000][1][safepoint    ] Entering safepoint region: Cleanup
[2019-12-09T05:28:56.260+0000][1][safepoint    ] Leaving safepoint region
[2019-12-09T05:28:56.260+0000][1][safepoint    ] Total time for which application threads were stopped: 0.0000656 seconds, Stopping threads took: 0.0000160 seconds
[2019-12-09T05:28:57.260+0000][1][safepoint    ] Application time: 1.0000756 seconds
[2019-12-09T05:28:57.260+0000][1][safepoint    ] Entering safepoint region: Cleanup
[2019-12-09T05:28:57.260+0000][1][safepoint    ] Leaving safepoint region
[2019-12-09T05:28:57.260+0000][1][safepoint    ] Total time for which application threads were stopped: 0.0000667 seconds, Stopping threads took: 0.0000162 seconds
[2019-12-09T05:28:58.260+0000][1][safepoint    ] Application time: 1.0000763 seconds
[2019-12-09T05:28:58.260+0000][1][safepoint    ] Entering safepoint region: Cleanup
[2019-12-09T05:28:58.260+0000][1][safepoint    ] Leaving safepoint region
[2019-12-09T05:28:58.260+0000][1][safepoint    ] Total time for which application threads were stopped: 0.0000680 seconds, Stopping threads took: 0.0000181 seconds
[2019-12-09T05:28:59.261+0000][1][safepoint    ] Application time: 1.0000740 seconds
[2019-12-09T05:28:59.261+0000][1][safepoint    ] Entering safepoint region: Cleanup
[2019-12-09T05:28:59.261+0000][1][safepoint    ] Leaving safepoint region
[2019-12-09T05:28:59.261+0000][1][safepoint    ] Total time for which application threads were stopped: 0.0000670 seconds, Stopping threads took: 0.0000184 seconds
[2019-12-09T05:29:00.261+0000][1][safepoint    ] Application time: 1.0000738 seconds
[2019-12-09T05:29:00.261+0000][1][safepoint    ] Entering safepoint region: Cleanup
[2019-12-09T05:29:00.261+0000][1][safepoint    ] Leaving safepoint region
[2019-12-09T05:29:00.261+0000][1][safepoint    ] Total time for which application threads were stopped: 0.0000663 seconds, Stopping threads took: 0.0000161 seconds
[2019-12-09T05:29:01.261+0000][1][safepoint    ] Application time: 1.0000758 seconds
[2019-12-09T05:29:01.261+0000][1][safepoint    ] Entering safepoint region: Cleanup
[2019-12-09T05:29:01.261+0000][1][safepoint    ] Leaving safepoint region
[2019-12-09T05:29:01.261+0000][1][safepoint    ] Total time for which application threads were stopped: 0.0000675 seconds, Stopping threads took: 0.0000170 seconds
[2019-12-09T05:29:02.261+0000][1][safepoint    ] Application time: 1.0000740 seconds
[2019-12-09T05:29:02.261+0000][1][safepoint    ] Entering safepoint region: Cleanup
[2019-12-09T05:29:02.261+0000][1][safepoint    ] Leaving safepoint region
[2019-12-09T05:29:02.261+0000][1][safepoint    ] Total time for which application threads were stopped: 0.0000673 seconds, Stopping threads took: 0.0000153 seconds
[2019-12-09T05:29:03.261+0000][1][safepoint    ] Application time: 1.0000763 seconds
[2019-12-09T05:29:03.261+0000][1][safepoint    ] Entering safepoint region: Cleanup
[2019-12-09T05:29:03.261+0000][1][safepoint    ] Leaving safepoint region
[2019-12-09T05:29:03.261+0000][1][safepoint    ] Total time for which application threads were stopped: 0.0000661 seconds, Stopping threads took: 0.0000160 seconds
[2019-12-09T05:29:04.261+0000][1][safepoint    ] Application time: 1.0000726 seconds
[2019-12-09T05:29:04.261+0000][1][safepoint    ] Entering safepoint region: Cleanup
[2019-12-09T05:29:04.261+0000][1][safepoint    ] Leaving safepoint region
[2019-12-09T05:29:04.261+0000][1][safepoint    ] Total time for which application threads were stopped: 0.0000667 seconds, Stopping threads took: 0.0000156 seconds
[2019-12-09T05:29:05.262+0000][1][safepoint    ] Application time: 1.0000768 seconds
[2019-12-09T05:29:05.262+0000][1][safepoint    ] Entering safepoint region: Cleanup
[2019-12-09T05:29:05.262+0000][1][safepoint    ] Leaving safepoint region
[2019-12-09T05:29:05.262+0000][1][safepoint    ] Total time for which application threads were stopped: 0.0000789 seconds, Stopping threads took: 0.0000273 seconds
[2019-12-09T05:29:06.262+0000][1][safepoint    ] Application time: 1.0000781 seconds
[2019-12-09T05:29:06.262+0000][1][safepoint    ] Entering safepoint region: Cleanup
[2019-12-09T05:29:06.262+0000][1][safepoint    ] Leaving safepoint region
[2019-12-09T05:29:06.262+0000][1][safepoint    ] Total time for which application threads were stopped: 0.0000685 seconds, Stopping threads took: 0.0000171 seconds
[2019-12-09T05:29:07.262+0000][1][safepoint    ] Application time: 1.0000752 seconds
[2019-12-09T05:29:07.262+0000][1][safepoint    ] Entering safepoint region: Cleanup
[2019-12-09T05:29:07.262+0000][1][safepoint    ] Leaving safepoint region
[2019-12-09T05:29:07.262+0000][1][safepoint    ] Total time for which application threads were stopped: 0.0000653 seconds, Stopping threads took: 0.0000153 seconds
[2019-12-09T05:29:08.262+0000][1][safepoint    ] Application time: 1.0000747 seconds
[2019-12-09T05:29:08.262+0000][1][safepoint    ] Entering safepoint region: Cleanup
[2019-12-09T05:29:08.262+0000][1][safepoint    ] Leaving safepoint region
[2019-12-09T05:29:08.262+0000][1][safepoint    ] Total time for which application threads were stopped: 0.0000672 seconds, Stopping threads took: 0.0000180 seconds
[2019-12-09T05:29:09.293+0000][1][safepoint    ] Application time: 1.0311777 seconds
[2019-12-09T05:29:09.293+0000][1][safepoint    ] Entering safepoint region: Cleanup
[2019-12-09T05:29:09.293+0000][1][safepoint    ] Leaving safepoint region
[2019-12-09T05:29:09.293+0000][1][safepoint    ] Total time for which application threads were stopped: 0.0000865 seconds, Stopping threads took: 0.0000208 seconds
[2019-12-09T05:29:10.294+0000][1][safepoint    ] Application time: 1.0000763 seconds
[2019-12-09T05:29:10.294+0000][1][safepoint    ] Entering safepoint region: Cleanup
[2019-12-09T05:29:10.294+0000][1][safepoint    ] Leaving safepoint region
[2019-12-09T05:29:10.294+0000][1][safepoint    ] Total time for which application threads were stopped: 0.0000938 seconds, Stopping threads took: 0.0000185 seconds
[2019-12-09T05:29:11.294+0000][1][safepoint    ] Application time: 1.0000744 seconds
[2019-12-09T05:29:11.294+0000][1][safepoint    ] Entering safepoint region: Cleanup
[2019-12-09T05:29:11.294+0000][1][safepoint    ] Leaving safepoint region
[2019-12-09T05:29:11.294+0000][1][safepoint    ] Total time for which application threads were stopped: 0.0000609 seconds, Stopping threads took: 0.0000140 seconds
[2019-12-09T05:29:12.294+0000][1][safepoint    ] Application time: 1.0000761 seconds
[2019-12-09T05:29:12.294+0000][1][safepoint    ] Entering safepoint region: Cleanup
[2019-12-09T05:29:12.294+0000][1][safepoint    ] Leaving safepoint region
[2019-12-09T05:29:12.294+0000][1][safepoint    ] Total time for which application threads were stopped: 0.0000625 seconds, Stopping threads took: 0.0000150 seconds
[2019-12-09T05:29:12.788+0000][1][safepoint    ] Application time: 0.4944268 seconds
[2019-12-09T05:29:12.789+0000][1][safepoint    ] Entering safepoint region: GenCollectForAllocation
[2019-12-09T05:29:12.789+0000][1][gc,start     ] GC(72) Pause Young (Allocation Failure)
[2019-12-09T05:29:12.789+0000][1][gc,task      ] GC(72) Using 2 workers of 2 for evacuation
[2019-12-09T05:29:12.790+0000][1][gc,age       ] GC(72) Desired survivor size 4456448 bytes, new threshold 6 (max threshold 6)
[2019-12-09T05:29:12.790+0000][1][gc,age       ] GC(72) Age table with threshold 6 (max threshold 6)
[2019-12-09T05:29:12.790+0000][1][gc,age       ] GC(72) - age   1:       3272 bytes,       3272 total
[2019-12-09T05:29:12.790+0000][1][gc,age       ] GC(72) - age   4:       1592 bytes,       4864 total
[2019-12-09T05:29:12.790+0000][1][gc,age       ] GC(72) - age   5:       7656 bytes,      12520 total
[2019-12-09T05:29:12.790+0000][1][gc,heap      ] GC(72) ParNew: 69923K->19K(78656K)
[2019-12-09T05:29:12.790+0000][1][gc,heap      ] GC(72) CMS: 69354K->69354K(174784K)
[2019-12-09T05:29:12.790+0000][1][gc,metaspace ] GC(72) Metaspace: 68455K->68455K(1112064K)
[2019-12-09T05:29:12.790+0000][1][gc           ] GC(72) Pause Young (Allocation Failure) 136M->67M(247M) 1.867ms
[2019-12-09T05:29:12.791+0000][1][gc,cpu       ] GC(72) User=0.00s Sys=0.00s Real=0.00s
[2019-12-09T05:29:12.791+0000][1][safepoint    ] Leaving safepoint region
[2019-12-09T05:29:12.791+0000][1][safepoint    ] Total time for which application threads were stopped: 0.0020311 seconds, Stopping threads took: 0.0000222 seconds
[2019-12-09T05:29:13.791+0000][1][safepoint    ] Application time: 1.0000955 seconds
[2019-12-09T05:29:13.791+0000][1][safepoint    ] Entering safepoint region: Cleanup
[2019-12-09T05:29:13.791+0000][1][safepoint    ] Leaving safepoint region
[2019-12-09T05:29:13.791+0000][1][safepoint    ] Total time for which application threads were stopped: 0.0001577 seconds, Stopping threads took: 0.0000829 seconds
[2019-12-09T05:29:14.791+0000][1][safepoint    ] Application time: 1.0000794 seconds
[2019-12-09T05:29:14.791+0000][1][safepoint    ] Entering safepoint region: Cleanup
[2019-12-09T05:29:14.791+0000][1][safepoint    ] Leaving safepoint region
[2019-12-09T05:29:14.791+0000][1][safepoint    ] Total time for which application threads were stopped: 0.0000689 seconds, Stopping threads took: 0.0000169 seconds
[2019-12-09T05:29:15.791+0000][1][safepoint    ] Application time: 1.0000810 seconds
[2019-12-09T05:29:15.791+0000][1][safepoint    ] Entering safepoint region: Cleanup
[2019-12-09T05:29:15.791+0000][1][safepoint    ] Leaving safepoint region
[2019-12-09T05:29:15.791+0000][1][safepoint    ] Total time for which application threads were stopped: 0.0000718 seconds, Stopping threads took: 0.0000187 seconds
[2019-12-09T05:29:16.791+0000][1][safepoint    ] Application time: 1.0000828 seconds
[2019-12-09T05:29:16.791+0000][1][safepoint    ] Entering safepoint region: Cleanup
[2019-12-09T05:29:16.791+0000][1][safepoint    ] Leaving safepoint region
[2019-12-09T05:29:16.791+0000][1][safepoint    ] Total time for which application threads were stopped: 0.0000704 seconds, Stopping threads took: 0.0000175 seconds
[2019-12-09T05:29:17.792+0000][1][safepoint    ] Application time: 1.0001195 seconds
[2019-12-09T05:29:17.792+0000][1][safepoint    ] Entering safepoint region: Cleanup
[2019-12-09T05:29:17.792+0000][1][safepoint    ] Leaving safepoint region
[2019-12-09T05:29:17.792+0000][1][safepoint    ] Total time for which application threads were stopped: 0.0001157 seconds, Stopping threads took: 0.0000238 seconds
[2019-12-09T05:29:18.792+0000][1][safepoint    ] Application time: 1.0001803 seconds
[2019-12-09T05:29:18.792+0000][1][safepoint    ] Entering safepoint region: Cleanup
[2019-12-09T05:29:18.792+0000][1][safepoint    ] Leaving safepoint region
[2019-12-09T05:29:18.792+0000][1][safepoint    ] Total time for which application threads were stopped: 0.0000950 seconds, Stopping threads took: 0.0000237 seconds
[2019-12-09T05:29:19.792+0000][1][safepoint    ] Application time: 1.0002469 seconds
[2019-12-09T05:29:19.792+0000][1][safepoint    ] Entering safepoint region: Cleanup
[2019-12-09T05:29:19.792+0000][1][safepoint    ] Leaving safepoint region
[2019-12-09T05:29:19.792+0000][1][safepoint    ] Total time for which application threads were stopped: 0.0000936 seconds, Stopping threads took: 0.0000240 seconds
[2019-12-09T05:29:20.793+0000][1][safepoint    ] Application time: 1.0002560 seconds
[2019-12-09T05:29:20.793+0000][1][safepoint    ] Entering safepoint region: Cleanup
[2019-12-09T05:29:20.793+0000][1][safepoint    ] Leaving safepoint region
[2019-12-09T05:29:20.793+0000][1][safepoint    ] Total time for which application threads were stopped: 0.0000932 seconds, Stopping threads took: 0.0000235 seconds
[2019-12-09T05:29:21.793+0000][1][safepoint    ] Application time: 1.0002060 seconds
[2019-12-09T05:29:21.793+0000][1][safepoint    ] Entering safepoint region: Cleanup
[2019-12-09T05:29:21.793+0000][1][safepoint    ] Leaving safepoint region
[2019-12-09T05:29:21.793+0000][1][safepoint    ] Total time for which application threads were stopped: 0.0001042 seconds, Stopping threads took: 0.0000231 seconds
[2019-12-09T05:29:22.793+0000][1][safepoint    ] Application time: 1.0000742 seconds
[2019-12-09T05:29:22.793+0000][1][safepoint    ] Entering safepoint region: Cleanup
[2019-12-09T05:29:22.793+0000][1][safepoint    ] Leaving safepoint region
[2019-12-09T05:29:22.793+0000][1][safepoint    ] Total time for which application threads were stopped: 0.0001128 seconds, Stopping threads took: 0.0000321 seconds
[2019-12-09T05:29:23.794+0000][1][safepoint    ] Application time: 1.0000743 seconds
[2019-12-09T05:29:23.794+0000][1][safepoint    ] Entering safepoint region: Cleanup
[2019-12-09T05:29:23.794+0000][1][safepoint    ] Leaving safepoint region
[2019-12-09T05:29:23.794+0000][1][safepoint    ] Total time for which application threads were stopped: 0.0000662 seconds, Stopping threads took: 0.0000164 seconds
[2019-12-09T05:29:24.794+0000][1][safepoint    ] Application time: 1.0000745 seconds
[2019-12-09T05:29:24.794+0000][1][safepoint    ] Entering safepoint region: Cleanup
[2019-12-09T05:29:24.794+0000][1][safepoint    ] Leaving safepoint region
[2019-12-09T05:29:24.794+0000][1][safepoint    ] Total time for which application threads were stopped: 0.0000653 seconds, Stopping threads took: 0.0000161 seconds
[2019-12-09T05:29:25.794+0000][1][safepoint    ] Application time: 1.0000747 seconds
[2019-12-09T05:29:25.794+0000][1][safepoint    ] Entering safepoint region: Cleanup
[2019-12-09T05:29:25.794+0000][1][safepoint    ] Leaving safepoint region
[2019-12-09T05:29:25.794+0000][1][safepoint    ] Total time for which application threads were stopped: 0.0000671 seconds, Stopping threads took: 0.0000171 seconds
[2019-12-09T05:29:26.794+0000][1][safepoint    ] Application time: 1.0000762 seconds
[2019-12-09T05:29:26.794+0000][1][safepoint    ] Entering safepoint region: Cleanup
[2019-12-09T05:29:26.794+0000][1][safepoint    ] Leaving safepoint region
[2019-12-09T05:29:26.794+0000][1][safepoint    ] Total time for which application threads were stopped: 0.0000685 seconds, Stopping threads took: 0.0000179 seconds
[2019-12-09T05:29:27.794+0000][1][safepoint    ] Application time: 1.0000767 seconds
[2019-12-09T05:29:27.794+0000][1][safepoint    ] Entering safepoint region: Cleanup
[2019-12-09T05:29:27.794+0000][1][safepoint    ] Leaving safepoint region
[2019-12-09T05:29:27.794+0000][1][safepoint    ] Total time for which application threads were stopped: 0.0000685 seconds, Stopping threads took: 0.0000170 seconds
[2019-12-09T05:29:28.794+0000][1][safepoint    ] Application time: 1.0000755 seconds
[2019-12-09T05:29:28.795+0000][1][safepoint    ] Entering safepoint region: Cleanup
[2019-12-09T05:29:28.795+0000][1][safepoint    ] Leaving safepoint region
[2019-12-09T05:29:28.795+0000][1][safepoint    ] Total time for which application threads were stopped: 0.0000672 seconds, Stopping threads took: 0.0000181 seconds
[2019-12-09T05:29:29.795+0000][1][safepoint    ] Application time: 1.0000787 seconds
[2019-12-09T05:29:29.795+0000][1][safepoint    ] Entering safepoint region: Cleanup
[2019-12-09T05:29:29.795+0000][1][safepoint    ] Leaving safepoint region
[2019-12-09T05:29:29.795+0000][1][safepoint    ] Total time for which application threads were stopped: 0.0000679 seconds, Stopping threads took: 0.0000173 seconds
[2019-12-09T05:29:30.795+0000][1][safepoint    ] Application time: 1.0000742 seconds
[2019-12-09T05:29:30.795+0000][1][safepoint    ] Entering safepoint region: Cleanup
[2019-12-09T05:29:30.795+0000][1][safepoint    ] Leaving safepoint region
[2019-12-09T05:29:30.795+0000][1][safepoint    ] Total time for which application threads were stopped: 0.0000655 seconds, Stopping threads took: 0.0000159 seconds
[2019-12-09T05:29:31.795+0000][1][safepoint    ] Application time: 1.0000743 seconds
[2019-12-09T05:29:31.795+0000][1][safepoint    ] Entering safepoint region: Cleanup
[2019-12-09T05:29:31.795+0000][1][safepoint    ] Leaving safepoint region
[2019-12-09T05:29:31.795+0000][1][safepoint    ] Total time for which application threads were stopped: 0.0000826 seconds, Stopping threads took: 0.0000177 seconds
[2019-12-09T05:29:32.795+0000][1][safepoint    ] Application time: 1.0000749 seconds
[2019-12-09T05:29:32.795+0000][1][safepoint    ] Entering safepoint region: Cleanup
[2019-12-09T05:29:32.795+0000][1][safepoint    ] Leaving safepoint region
[2019-12-09T05:29:32.795+0000][1][safepoint    ] Total time for which application threads were stopped: 0.0000679 seconds, Stopping threads took: 0.0000167 seconds
[2019-12-09T05:29:33.795+0000][1][safepoint    ] Application time: 1.0000779 seconds
[2019-12-09T05:29:33.795+0000][1][safepoint    ] Entering safepoint region: Cleanup
[2019-12-09T05:29:33.796+0000][1][safepoint    ] Leaving safepoint region
[2019-12-09T05:29:33.796+0000][1][safepoint    ] Total time for which application threads were stopped: 0.0000609 seconds, Stopping threads took: 0.0000160 seconds
[2019-12-09T05:29:34.796+0000][1][safepoint    ] Application time: 1.0000754 seconds
[2019-12-09T05:29:34.796+0000][1][safepoint    ] Entering safepoint region: Cleanup
[2019-12-09T05:29:34.796+0000][1][safepoint    ] Leaving safepoint region
[2019-12-09T05:29:34.796+0000][1][safepoint    ] Total time for which application threads were stopped: 0.0000780 seconds, Stopping threads took: 0.0000203 seconds
[2019-12-09T05:29:35.796+0000][1][safepoint    ] Application time: 1.0000750 seconds
[2019-12-09T05:29:35.796+0000][1][safepoint    ] Entering safepoint region: Cleanup
[2019-12-09T05:29:35.796+0000][1][safepoint    ] Leaving safepoint region
[2019-12-09T05:29:35.796+0000][1][safepoint    ] Total time for which application threads were stopped: 0.0000656 seconds, Stopping threads took: 0.0000163 seconds
[2019-12-09T05:29:36.796+0000][1][safepoint    ] Application time: 1.0000770 seconds
[2019-12-09T05:29:36.796+0000][1][safepoint    ] Entering safepoint region: Cleanup
[2019-12-09T05:29:36.796+0000][1][safepoint    ] Leaving safepoint region
[2019-12-09T05:29:36.796+0000][1][safepoint    ] Total time for which application threads were stopped: 0.0000655 seconds, Stopping threads took: 0.0000161 seconds
[2019-12-09T05:29:37.796+0000][1][safepoint    ] Application time: 1.0000756 seconds
[2019-12-09T05:29:37.796+0000][1][safepoint    ] Entering safepoint region: Cleanup
[2019-12-09T05:29:37.796+0000][1][safepoint    ] Leaving safepoint region
[2019-12-09T05:29:37.796+0000][1][safepoint    ] Total time for which application threads were stopped: 0.0000673 seconds, Stopping threads took: 0.0000166 seconds
[2019-12-09T05:29:38.796+0000][1][safepoint    ] Application time: 1.0000776 seconds
[2019-12-09T05:29:38.796+0000][1][safepoint    ] Entering safepoint region: Cleanup
[2019-12-09T05:29:38.796+0000][1][safepoint    ] Leaving safepoint region
[2019-12-09T05:29:38.796+0000][1][safepoint    ] Total time for which application threads were stopped: 0.0000650 seconds, Stopping threads took: 0.0000161 seconds
[2019-12-09T05:29:39.797+0000][1][safepoint    ] Application time: 1.0000756 seconds
[2019-12-09T05:29:39.797+0000][1][safepoint    ] Entering safepoint region: Cleanup
[2019-12-09T05:29:39.797+0000][1][safepoint    ] Leaving safepoint region
[2019-12-09T05:29:39.797+0000][1][safepoint    ] Total time for which application threads were stopped: 0.0000643 seconds, Stopping threads took: 0.0000163 seconds
[2019-12-09T05:29:40.797+0000][1][safepoint    ] Application time: 1.0000765 seconds
[2019-12-09T05:29:40.797+0000][1][safepoint    ] Entering safepoint region: Cleanup
[2019-12-09T05:29:40.797+0000][1][safepoint    ] Leaving safepoint region
[2019-12-09T05:29:40.797+0000][1][safepoint    ] Total time for which application threads were stopped: 0.0000654 seconds, Stopping threads took: 0.0000163 seconds
[2019-12-09T05:29:41.797+0000][1][safepoint    ] Application time: 1.0000751 seconds
[2019-12-09T05:29:41.797+0000][1][safepoint    ] Entering safepoint region: Cleanup
[2019-12-09T05:29:41.797+0000][1][safepoint    ] Leaving safepoint region
[2019-12-09T05:29:41.797+0000][1][safepoint    ] Total time for which application threads were stopped: 0.0000655 seconds, Stopping threads took: 0.0000164 seconds
[2019-12-09T05:29:42.797+0000][1][safepoint    ] Application time: 1.0000750 seconds
[2019-12-09T05:29:42.797+0000][1][safepoint    ] Entering safepoint region: Cleanup
[2019-12-09T05:29:42.797+0000][1][safepoint    ] Leaving safepoint region
[2019-12-09T05:29:42.797+0000][1][safepoint    ] Total time for which application threads were stopped: 0.0000680 seconds, Stopping threads took: 0.0000163 seconds
[2019-12-09T05:29:43.797+0000][1][safepoint    ] Application time: 1.0000777 seconds
[2019-12-09T05:29:43.797+0000][1][safepoint    ] Entering safepoint region: Cleanup
[2019-12-09T05:29:43.797+0000][1][safepoint    ] Leaving safepoint region
[2019-12-09T05:29:43.797+0000][1][safepoint    ] Total time for which application threads were stopped: 0.0000844 seconds, Stopping threads took: 0.0000210 seconds
[2019-12-09T05:29:44.797+0000][1][safepoint    ] Application time: 1.0000753 seconds
[2019-12-09T05:29:44.798+0000][1][safepoint    ] Entering safepoint region: Cleanup
[2019-12-09T05:29:44.798+0000][1][safepoint    ] Leaving safepoint region
[2019-12-09T05:29:44.798+0000][1][safepoint    ] Total time for which application threads were stopped: 0.0000635 seconds, Stopping threads took: 0.0000151 seconds
[2019-12-09T05:29:45.798+0000][1][safepoint    ] Application time: 1.0000766 seconds
[2019-12-09T05:29:45.798+0000][1][safepoint    ] Entering safepoint region: Cleanup
[2019-12-09T05:29:45.798+0000][1][safepoint    ] Leaving safepoint region
[2019-12-09T05:29:45.798+0000][1][safepoint    ] Total time for which application threads were stopped: 0.0000680 seconds, Stopping threads took: 0.0000164 seconds
[2019-12-09T05:29:46.798+0000][1][safepoint    ] Application time: 1.0000777 seconds
[2019-12-09T05:29:46.798+0000][1][safepoint    ] Entering safepoint region: Cleanup
[2019-12-09T05:29:46.798+0000][1][safepoint    ] Leaving safepoint region
[2019-12-09T05:29:46.798+0000][1][safepoint    ] Total time for which application threads were stopped: 0.0000679 seconds, Stopping threads took: 0.0000170 seconds
[2019-12-09T05:29:47.798+0000][1][safepoint    ] Application time: 1.0000767 seconds
[2019-12-09T05:29:47.798+0000][1][safepoint    ] Entering safepoint region: Cleanup
[2019-12-09T05:29:47.798+0000][1][safepoint    ] Leaving safepoint region
[2019-12-09T05:29:47.798+0000][1][safepoint    ] Total time for which application threads were stopped: 0.0000657 seconds, Stopping threads took: 0.0000158 seconds
[2019-12-09T05:29:48.798+0000][1][safepoint    ] Application time: 1.0000766 seconds
[2019-12-09T05:29:48.798+0000][1][safepoint    ] Entering safepoint region: Cleanup
[2019-12-09T05:29:48.798+0000][1][safepoint    ] Leaving safepoint region
[2019-12-09T05:29:48.798+0000][1][safepoint    ] Total time for which application threads were stopped: 0.0000657 seconds, Stopping threads took: 0.0000171 seconds
[2019-12-09T05:29:49.798+0000][1][safepoint    ] Application time: 1.0000762 seconds
[2019-12-09T05:29:49.798+0000][1][safepoint    ] Entering safepoint region: Cleanup
[2019-12-09T05:29:49.798+0000][1][safepoint    ] Leaving safepoint region
[2019-12-09T05:29:49.799+0000][1][safepoint    ] Total time for which application threads were stopped: 0.0000641 seconds, Stopping threads took: 0.0000164 seconds
[2019-12-09T05:29:50.799+0000][1][safepoint    ] Application time: 1.0000760 seconds
[2019-12-09T05:29:50.799+0000][1][safepoint    ] Entering safepoint region: Cleanup
[2019-12-09T05:29:50.799+0000][1][safepoint    ] Leaving safepoint region
[2019-12-09T05:29:50.799+0000][1][safepoint    ] Total time for which application threads were stopped: 0.0000764 seconds, Stopping threads took: 0.0000159 seconds
[2019-12-09T05:29:51.799+0000][1][safepoint    ] Application time: 1.0000777 seconds
[2019-12-09T05:29:51.799+0000][1][safepoint    ] Entering safepoint region: Cleanup
[2019-12-09T05:29:51.799+0000][1][safepoint    ] Leaving safepoint region
[2019-12-09T05:29:51.799+0000][1][safepoint    ] Total time for which application threads were stopped: 0.0000657 seconds, Stopping threads took: 0.0000165 seconds
[2019-12-09T05:29:52.799+0000][1][safepoint    ] Application time: 1.0000756 seconds
[2019-12-09T05:29:52.799+0000][1][safepoint    ] Entering safepoint region: Cleanup
[2019-12-09T05:29:52.799+0000][1][safepoint    ] Leaving safepoint region
[2019-12-09T05:29:52.799+0000][1][safepoint    ] Total time for which application threads were stopped: 0.0000642 seconds, Stopping threads took: 0.0000158 seconds
[2019-12-09T05:29:53.799+0000][1][safepoint    ] Application time: 1.0000750 seconds
[2019-12-09T05:29:53.799+0000][1][safepoint    ] Entering safepoint region: Cleanup
[2019-12-09T05:29:53.799+0000][1][safepoint    ] Leaving safepoint region
[2019-12-09T05:29:53.799+0000][1][safepoint    ] Total time for which application threads were stopped: 0.0000682 seconds, Stopping threads took: 0.0000175 seconds
[2019-12-09T05:29:54.799+0000][1][safepoint    ] Application time: 1.0000769 seconds
[2019-12-09T05:29:54.799+0000][1][safepoint    ] Entering safepoint region: Cleanup
[2019-12-09T05:29:54.799+0000][1][safepoint    ] Leaving safepoint region
[2019-12-09T05:29:54.799+0000][1][safepoint    ] Total time for which application threads were stopped: 0.0000656 seconds, Stopping threads took: 0.0000157 seconds
[2019-12-09T05:29:55.800+0000][1][safepoint    ] Application time: 1.0000769 seconds
[2019-12-09T05:29:55.800+0000][1][safepoint    ] Entering safepoint region: Cleanup
[2019-12-09T05:29:55.800+0000][1][safepoint    ] Leaving safepoint region
[2019-12-09T05:29:55.800+0000][1][safepoint    ] Total time for which application threads were stopped: 0.0000671 seconds, Stopping threads took: 0.0000181 seconds
[2019-12-09T05:29:56.800+0000][1][safepoint    ] Application time: 1.0000737 seconds
[2019-12-09T05:29:56.800+0000][1][safepoint    ] Entering safepoint region: Cleanup
[2019-12-09T05:29:56.800+0000][1][safepoint    ] Leaving safepoint region
[2019-12-09T05:29:56.800+0000][1][safepoint    ] Total time for which application threads were stopped: 0.0000654 seconds, Stopping threads took: 0.0000162 seconds
[2019-12-09T05:29:57.800+0000][1][safepoint    ] Application time: 1.0000753 seconds
[2019-12-09T05:29:57.800+0000][1][safepoint    ] Entering safepoint region: Cleanup
[2019-12-09T05:29:57.800+0000][1][safepoint    ] Leaving safepoint region
[2019-12-09T05:29:57.800+0000][1][safepoint    ] Total time for which application threads were stopped: 0.0000674 seconds, Stopping threads took: 0.0000166 seconds
[2019-12-09T05:29:58.800+0000][1][safepoint    ] Application time: 1.0000755 seconds
[2019-12-09T05:29:58.800+0000][1][safepoint    ] Entering safepoint region: Cleanup
[2019-12-09T05:29:58.800+0000][1][safepoint    ] Leaving safepoint region
[2019-12-09T05:29:58.800+0000][1][safepoint    ] Total time for which application threads were stopped: 0.0000664 seconds, Stopping threads took: 0.0000163 seconds
[2019-12-09T05:29:59.800+0000][1][safepoint    ] Application time: 1.0000754 seconds
[2019-12-09T05:29:59.800+0000][1][safepoint    ] Entering safepoint region: Cleanup
[2019-12-09T05:29:59.800+0000][1][safepoint    ] Leaving safepoint region
[2019-12-09T05:29:59.800+0000][1][safepoint    ] Total time for which application threads were stopped: 0.0000676 seconds, Stopping threads took: 0.0000179 seconds
[2019-12-09T05:30:00.800+0000][1][safepoint    ] Application time: 1.0000751 seconds
[2019-12-09T05:30:00.800+0000][1][safepoint    ] Entering safepoint region: Cleanup
[2019-12-09T05:30:00.801+0000][1][safepoint    ] Leaving safepoint region
[2019-12-09T05:30:00.801+0000][1][safepoint    ] Total time for which application threads were stopped: 0.0000657 seconds, Stopping threads took: 0.0000160 seconds
[2019-12-09T05:30:01.801+0000][1][safepoint    ] Application time: 1.0000838 seconds
[2019-12-09T05:30:01.801+0000][1][safepoint    ] Entering safepoint region: Cleanup
[2019-12-09T05:30:01.801+0000][1][safepoint    ] Leaving safepoint region
[2019-12-09T05:30:01.801+0000][1][safepoint    ] Total time for which application threads were stopped: 0.0001018 seconds, Stopping threads took: 0.0000329 seconds
[2019-12-09T05:30:02.801+0000][1][safepoint    ] Application time: 1.0000737 seconds
[2019-12-09T05:30:02.801+0000][1][safepoint    ] Entering safepoint region: Cleanup
[2019-12-09T05:30:02.801+0000][1][safepoint    ] Leaving safepoint region
[2019-12-09T05:30:02.801+0000][1][safepoint    ] Total time for which application threads were stopped: 0.0000668 seconds, Stopping threads took: 0.0000168 seconds
[2019-12-09T05:30:03.801+0000][1][safepoint    ] Application time: 1.0000727 seconds
[2019-12-09T05:30:03.801+0000][1][safepoint    ] Entering safepoint region: Cleanup
[2019-12-09T05:30:03.801+0000][1][safepoint    ] Leaving safepoint region
[2019-12-09T05:30:03.801+0000][1][safepoint    ] Total time for which application threads were stopped: 0.0000656 seconds, Stopping threads took: 0.0000159 seconds
[2019-12-09T05:30:04.801+0000][1][safepoint    ] Application time: 1.0000782 seconds
[2019-12-09T05:30:04.801+0000][1][safepoint    ] Entering safepoint region: Cleanup
[2019-12-09T05:30:04.801+0000][1][safepoint    ] Leaving safepoint region
[2019-12-09T05:30:04.801+0000][1][safepoint    ] Total time for which application threads were stopped: 0.0000717 seconds, Stopping threads took: 0.0000212 seconds
[2019-12-09T05:30:05.801+0000][1][safepoint    ] Application time: 1.0000766 seconds
[2019-12-09T05:30:05.801+0000][1][safepoint    ] Entering safepoint region: Cleanup
[2019-12-09T05:30:05.802+0000][1][safepoint    ] Leaving safepoint region
[2019-12-09T05:30:05.802+0000][1][safepoint    ] Total time for which application threads were stopped: 0.0000674 seconds, Stopping threads took: 0.0000172 seconds
[2019-12-09T05:30:06.802+0000][1][safepoint    ] Application time: 1.0000819 seconds
[2019-12-09T05:30:06.802+0000][1][safepoint    ] Entering safepoint region: Cleanup
[2019-12-09T05:30:06.802+0000][1][safepoint    ] Leaving safepoint region
[2019-12-09T05:30:06.802+0000][1][safepoint    ] Total time for which application threads were stopped: 0.0000772 seconds, Stopping threads took: 0.0000175 seconds
[2019-12-09T05:30:07.802+0000][1][safepoint    ] Application time: 1.0000769 seconds
[2019-12-09T05:30:07.802+0000][1][safepoint    ] Entering safepoint region: Cleanup
[2019-12-09T05:30:07.802+0000][1][safepoint    ] Leaving safepoint region
[2019-12-09T05:30:07.802+0000][1][safepoint    ] Total time for which application threads were stopped: 0.0000756 seconds, Stopping threads took: 0.0000168 seconds
[2019-12-09T05:30:08.802+0000][1][safepoint    ] Application time: 1.0000765 seconds
[2019-12-09T05:30:08.802+0000][1][safepoint    ] Entering safepoint region: Cleanup
[2019-12-09T05:30:08.802+0000][1][safepoint    ] Leaving safepoint region
[2019-12-09T05:30:08.802+0000][1][safepoint    ] Total time for which application threads were stopped: 0.0000673 seconds, Stopping threads took: 0.0000173 seconds
[2019-12-09T05:30:09.802+0000][1][safepoint    ] Application time: 1.0000763 seconds
[2019-12-09T05:30:09.802+0000][1][safepoint    ] Entering safepoint region: Cleanup
[2019-12-09T05:30:09.802+0000][1][safepoint    ] Leaving safepoint region
[2019-12-09T05:30:09.802+0000][1][safepoint    ] Total time for which application threads were stopped: 0.0000659 seconds, Stopping threads took: 0.0000175 seconds
[2019-12-09T05:30:10.802+0000][1][safepoint    ] Application time: 1.0000755 seconds
[2019-12-09T05:30:10.802+0000][1][safepoint    ] Entering safepoint region: Cleanup
[2019-12-09T05:30:10.802+0000][1][safepoint    ] Leaving safepoint region
[2019-12-09T05:30:10.802+0000][1][safepoint    ] Total time for which application threads were stopped: 0.0000668 seconds, Stopping threads took: 0.0000165 seconds
[2019-12-09T05:30:11.803+0000][1][safepoint    ] Application time: 1.0000763 seconds
[2019-12-09T05:30:11.803+0000][1][safepoint    ] Entering safepoint region: Cleanup
[2019-12-09T05:30:11.803+0000][1][safepoint    ] Leaving safepoint region
[2019-12-09T05:30:11.803+0000][1][safepoint    ] Total time for which application threads were stopped: 0.0000677 seconds, Stopping threads took: 0.0000179 seconds
[2019-12-09T05:30:12.803+0000][1][safepoint    ] Application time: 1.0000760 seconds
[2019-12-09T05:30:12.803+0000][1][safepoint    ] Entering safepoint region: Cleanup
[2019-12-09T05:30:12.803+0000][1][safepoint    ] Leaving safepoint region
[2019-12-09T05:30:12.803+0000][1][safepoint    ] Total time for which application threads were stopped: 0.0000684 seconds, Stopping threads took: 0.0000179 seconds
[2019-12-09T05:30:13.803+0000][1][safepoint    ] Application time: 1.0000748 seconds
[2019-12-09T05:30:13.803+0000][1][safepoint    ] Entering safepoint region: Cleanup
[2019-12-09T05:30:13.803+0000][1][safepoint    ] Leaving safepoint region
[2019-12-09T05:30:13.803+0000][1][safepoint    ] Total time for which application threads were stopped: 0.0000692 seconds, Stopping threads took: 0.0000197 seconds
[2019-12-09T05:30:14.803+0000][1][safepoint    ] Application time: 1.0000753 seconds
[2019-12-09T05:30:14.803+0000][1][safepoint    ] Entering safepoint region: Cleanup
[2019-12-09T05:30:14.803+0000][1][safepoint    ] Leaving safepoint region
[2019-12-09T05:30:14.803+0000][1][safepoint    ] Total time for which application threads were stopped: 0.0000670 seconds, Stopping threads took: 0.0000174 seconds
[2019-12-09T05:30:15.803+0000][1][safepoint    ] Application time: 1.0000754 seconds
[2019-12-09T05:30:15.803+0000][1][safepoint    ] Entering safepoint region: Cleanup
[2019-12-09T05:30:15.803+0000][1][safepoint    ] Leaving safepoint region
[2019-12-09T05:30:15.803+0000][1][safepoint    ] Total time for which application threads were stopped: 0.0000656 seconds, Stopping threads took: 0.0000168 seconds
[2019-12-09T05:30:16.803+0000][1][safepoint    ] Application time: 1.0000765 seconds
[2019-12-09T05:30:16.804+0000][1][safepoint    ] Entering safepoint region: Cleanup
[2019-12-09T05:30:16.804+0000][1][safepoint    ] Leaving safepoint region
[2019-12-09T05:30:16.804+0000][1][safepoint    ] Total time for which application threads were stopped: 0.0000703 seconds, Stopping threads took: 0.0000180 seconds
[2019-12-09T05:30:17.804+0000][1][safepoint    ] Application time: 1.0000766 seconds
[2019-12-09T05:30:17.804+0000][1][safepoint    ] Entering safepoint region: Cleanup
[2019-12-09T05:30:17.804+0000][1][safepoint    ] Leaving safepoint region
[2019-12-09T05:30:17.804+0000][1][safepoint    ] Total time for which application threads were stopped: 0.0000704 seconds, Stopping threads took: 0.0000184 seconds
[2019-12-09T05:30:18.804+0000][1][safepoint    ] Application time: 1.0000751 seconds
[2019-12-09T05:30:18.804+0000][1][safepoint    ] Entering safepoint region: Cleanup
[2019-12-09T05:30:18.804+0000][1][safepoint    ] Leaving safepoint region
[2019-12-09T05:30:18.804+0000][1][safepoint    ] Total time for which application threads were stopped: 0.0000705 seconds, Stopping threads took: 0.0000185 seconds
[2019-12-09T05:30:19.804+0000][1][safepoint    ] Application time: 1.0000755 seconds
[2019-12-09T05:30:19.804+0000][1][safepoint    ] Entering safepoint region: Cleanup
[2019-12-09T05:30:19.804+0000][1][safepoint    ] Leaving safepoint region
[2019-12-09T05:30:19.804+0000][1][safepoint    ] Total time for which application threads were stopped: 0.0000669 seconds, Stopping threads took: 0.0000182 seconds
[2019-12-09T05:30:20.804+0000][1][safepoint    ] Application time: 1.0000759 seconds
[2019-12-09T05:30:20.804+0000][1][safepoint    ] Entering safepoint region: Cleanup
[2019-12-09T05:30:20.804+0000][1][safepoint    ] Leaving safepoint region
[2019-12-09T05:30:20.804+0000][1][safepoint    ] Total time for which application threads were stopped: 0.0000700 seconds, Stopping threads took: 0.0000178 seconds
[2019-12-09T05:30:21.804+0000][1][safepoint    ] Application time: 1.0000785 seconds
[2019-12-09T05:30:21.804+0000][1][safepoint    ] Entering safepoint region: Cleanup
[2019-12-09T05:30:21.805+0000][1][safepoint    ] Leaving safepoint region
[2019-12-09T05:30:21.805+0000][1][safepoint    ] Total time for which application threads were stopped: 0.0000670 seconds, Stopping threads took: 0.0000171 seconds
[2019-12-09T05:30:22.805+0000][1][safepoint    ] Application time: 1.0000762 seconds
[2019-12-09T05:30:22.805+0000][1][safepoint    ] Entering safepoint region: Cleanup
[2019-12-09T05:30:22.805+0000][1][safepoint    ] Leaving safepoint region
[2019-12-09T05:30:22.805+0000][1][safepoint    ] Total time for which application threads were stopped: 0.0000754 seconds, Stopping threads took: 0.0000248 seconds
[2019-12-09T05:30:23.805+0000][1][safepoint    ] Application time: 1.0000764 seconds
[2019-12-09T05:30:23.805+0000][1][safepoint    ] Entering safepoint region: Cleanup
[2019-12-09T05:30:23.805+0000][1][safepoint    ] Leaving safepoint region
[2019-12-09T05:30:23.805+0000][1][safepoint    ] Total time for which application threads were stopped: 0.0000705 seconds, Stopping threads took: 0.0000180 seconds
[2019-12-09T05:30:24.805+0000][1][safepoint    ] Application time: 1.0000754 seconds
[2019-12-09T05:30:24.805+0000][1][safepoint    ] Entering safepoint region: Cleanup
[2019-12-09T05:30:24.805+0000][1][safepoint    ] Leaving safepoint region
[2019-12-09T05:30:24.805+0000][1][safepoint    ] Total time for which application threads were stopped: 0.0000655 seconds, Stopping threads took: 0.0000161 seconds
[2019-12-09T05:30:25.805+0000][1][safepoint    ] Application time: 1.0000755 seconds
[2019-12-09T05:30:25.805+0000][1][safepoint    ] Entering safepoint region: Cleanup
[2019-12-09T05:30:25.805+0000][1][safepoint    ] Leaving safepoint region
[2019-12-09T05:30:25.805+0000][1][safepoint    ] Total time for which application threads were stopped: 0.0000686 seconds, Stopping threads took: 0.0000173 seconds
[2019-12-09T05:30:26.805+0000][1][safepoint    ] Application time: 1.0000761 seconds
[2019-12-09T05:30:26.805+0000][1][safepoint    ] Entering safepoint region: Cleanup
[2019-12-09T05:30:26.805+0000][1][safepoint    ] Leaving safepoint region
[2019-12-09T05:30:26.805+0000][1][safepoint    ] Total time for which application threads were stopped: 0.0000705 seconds, Stopping threads took: 0.0000195 seconds
[2019-12-09T05:30:27.806+0000][1][safepoint    ] Application time: 1.0000761 seconds
[2019-12-09T05:30:27.806+0000][1][safepoint    ] Entering safepoint region: Cleanup
[2019-12-09T05:30:27.806+0000][1][safepoint    ] Leaving safepoint region
[2019-12-09T05:30:27.806+0000][1][safepoint    ] Total time for which application threads were stopped: 0.0000778 seconds, Stopping threads took: 0.0000180 seconds
[2019-12-09T05:30:28.806+0000][1][safepoint    ] Application time: 1.0000749 seconds
[2019-12-09T05:30:28.806+0000][1][safepoint    ] Entering safepoint region: Cleanup
[2019-12-09T05:30:28.806+0000][1][safepoint    ] Leaving safepoint region
[2019-12-09T05:30:28.806+0000][1][safepoint    ] Total time for which application threads were stopped: 0.0000676 seconds, Stopping threads took: 0.0000171 seconds
[2019-12-09T05:30:29.806+0000][1][safepoint    ] Application time: 1.0000771 seconds
[2019-12-09T05:30:29.806+0000][1][safepoint    ] Entering safepoint region: Cleanup
[2019-12-09T05:30:29.806+0000][1][safepoint    ] Leaving safepoint region
[2019-12-09T05:30:29.806+0000][1][safepoint    ] Total time for which application threads were stopped: 0.0000681 seconds, Stopping threads took: 0.0000159 seconds
[2019-12-09T05:30:30.806+0000][1][safepoint    ] Application time: 1.0000786 seconds
[2019-12-09T05:30:30.806+0000][1][safepoint    ] Entering safepoint region: Cleanup
[2019-12-09T05:30:30.806+0000][1][safepoint    ] Leaving safepoint region
[2019-12-09T05:30:30.806+0000][1][safepoint    ] Total time for which application threads were stopped: 0.0000692 seconds, Stopping threads took: 0.0000190 seconds
[2019-12-09T05:30:31.806+0000][1][safepoint    ] Application time: 1.0000759 seconds
[2019-12-09T05:30:31.806+0000][1][safepoint    ] Entering safepoint region: Cleanup
[2019-12-09T05:30:31.806+0000][1][safepoint    ] Leaving safepoint region
[2019-12-09T05:30:31.806+0000][1][safepoint    ] Total time for which application threads were stopped: 0.0000649 seconds, Stopping threads took: 0.0000164 seconds
[2019-12-09T05:30:32.807+0000][1][safepoint    ] Application time: 1.0000756 seconds
[2019-12-09T05:30:32.807+0000][1][safepoint    ] Entering safepoint region: Cleanup
[2019-12-09T05:30:32.807+0000][1][safepoint    ] Leaving safepoint region
[2019-12-09T05:30:32.807+0000][1][safepoint    ] Total time for which application threads were stopped: 0.0000657 seconds, Stopping threads took: 0.0000163 seconds
[2019-12-09T05:30:33.807+0000][1][safepoint    ] Application time: 1.0000326 seconds
[2019-12-09T05:30:33.807+0000][1][safepoint    ] Entering safepoint region: Cleanup
[2019-12-09T05:30:33.807+0000][1][safepoint    ] Leaving safepoint region
[2019-12-09T05:30:33.807+0000][1][safepoint    ] Total time for which application threads were stopped: 0.0000677 seconds, Stopping threads took: 0.0000166 seconds
[2019-12-09T05:30:34.807+0000][1][safepoint    ] Application time: 1.0000761 seconds
[2019-12-09T05:30:34.807+0000][1][safepoint    ] Entering safepoint region: Cleanup
[2019-12-09T05:30:34.807+0000][1][safepoint    ] Leaving safepoint region
[2019-12-09T05:30:34.807+0000][1][safepoint    ] Total time for which application threads were stopped: 0.0000652 seconds, Stopping threads took: 0.0000172 seconds
[2019-12-09T05:30:35.807+0000][1][safepoint    ] Application time: 1.0000761 seconds
[2019-12-09T05:30:35.807+0000][1][safepoint    ] Entering safepoint region: Cleanup
[2019-12-09T05:30:35.807+0000][1][safepoint    ] Leaving safepoint region
[2019-12-09T05:30:35.807+0000][1][safepoint    ] Total time for which application threads were stopped: 0.0000769 seconds, Stopping threads took: 0.0000248 seconds
[2019-12-09T05:30:36.807+0000][1][safepoint    ] Application time: 1.0000755 seconds
[2019-12-09T05:30:36.807+0000][1][safepoint    ] Entering safepoint region: Cleanup
[2019-12-09T05:30:36.807+0000][1][safepoint    ] Leaving safepoint region
[2019-12-09T05:30:36.807+0000][1][safepoint    ] Total time for which application threads were stopped: 0.0000659 seconds, Stopping threads took: 0.0000166 seconds
[2019-12-09T05:30:37.807+0000][1][safepoint    ] Application time: 1.0000750 seconds
[2019-12-09T05:30:37.807+0000][1][safepoint    ] Entering safepoint region: Cleanup
[2019-12-09T05:30:37.808+0000][1][safepoint    ] Leaving safepoint region
[2019-12-09T05:30:37.808+0000][1][safepoint    ] Total time for which application threads were stopped: 0.0000654 seconds, Stopping threads took: 0.0000168 seconds
[2019-12-09T05:30:38.808+0000][1][safepoint    ] Application time: 1.0000765 seconds
[2019-12-09T05:30:38.808+0000][1][safepoint    ] Entering safepoint region: Cleanup
[2019-12-09T05:30:38.808+0000][1][safepoint    ] Leaving safepoint region
[2019-12-09T05:30:38.808+0000][1][safepoint    ] Total time for which application threads were stopped: 0.0000752 seconds, Stopping threads took: 0.0000157 seconds
[2019-12-09T05:30:39.808+0000][1][safepoint    ] Application time: 1.0000759 seconds
[2019-12-09T05:30:39.808+0000][1][safepoint    ] Entering safepoint region: Cleanup
[2019-12-09T05:30:39.808+0000][1][safepoint    ] Leaving safepoint region
[2019-12-09T05:30:39.808+0000][1][safepoint    ] Total time for which application threads were stopped: 0.0000671 seconds, Stopping threads took: 0.0000173 seconds
[2019-12-09T05:30:40.808+0000][1][safepoint    ] Application time: 1.0000750 seconds
[2019-12-09T05:30:40.808+0000][1][safepoint    ] Entering safepoint region: Cleanup
[2019-12-09T05:30:40.808+0000][1][safepoint    ] Leaving safepoint region
[2019-12-09T05:30:40.808+0000][1][safepoint    ] Total time for which application threads were stopped: 0.0000679 seconds, Stopping threads took: 0.0000161 seconds
[2019-12-09T05:30:41.808+0000][1][safepoint    ] Application time: 1.0000759 seconds
[2019-12-09T05:30:41.808+0000][1][safepoint    ] Entering safepoint region: Cleanup
[2019-12-09T05:30:41.808+0000][1][safepoint    ] Leaving safepoint region
[2019-12-09T05:30:41.808+0000][1][safepoint    ] Total time for which application threads were stopped: 0.0000699 seconds, Stopping threads took: 0.0000176 seconds
[2019-12-09T05:30:42.808+0000][1][safepoint    ] Application time: 1.0000754 seconds
[2019-12-09T05:30:42.808+0000][1][safepoint    ] Entering safepoint region: Cleanup
[2019-12-09T05:30:42.808+0000][1][safepoint    ] Leaving safepoint region
[2019-12-09T05:30:42.808+0000][1][safepoint    ] Total time for which application threads were stopped: 0.0000704 seconds, Stopping threads took: 0.0000176 seconds
[2019-12-09T05:30:43.809+0000][1][safepoint    ] Application time: 1.0000753 seconds
[2019-12-09T05:30:43.809+0000][1][safepoint    ] Entering safepoint region: Cleanup
[2019-12-09T05:30:43.809+0000][1][safepoint    ] Leaving safepoint region
[2019-12-09T05:30:43.809+0000][1][safepoint    ] Total time for which application threads were stopped: 0.0000668 seconds, Stopping threads took: 0.0000162 seconds
[2019-12-09T05:30:44.809+0000][1][safepoint    ] Application time: 1.0000745 seconds
[2019-12-09T05:30:44.809+0000][1][safepoint    ] Entering safepoint region: Cleanup
[2019-12-09T05:30:44.809+0000][1][safepoint    ] Leaving safepoint region
[2019-12-09T05:30:44.809+0000][1][safepoint    ] Total time for which application threads were stopped: 0.0000660 seconds, Stopping threads took: 0.0000171 seconds
[2019-12-09T05:30:45.809+0000][1][safepoint    ] Application time: 1.0000746 seconds
[2019-12-09T05:30:45.809+0000][1][safepoint    ] Entering safepoint region: Cleanup
[2019-12-09T05:30:45.809+0000][1][safepoint    ] Leaving safepoint region
[2019-12-09T05:30:45.809+0000][1][safepoint    ] Total time for which application threads were stopped: 0.0000655 seconds, Stopping threads took: 0.0000160 seconds
[2019-12-09T05:30:46.809+0000][1][safepoint    ] Application time: 1.0000757 seconds
[2019-12-09T05:30:46.809+0000][1][safepoint    ] Entering safepoint region: Cleanup
[2019-12-09T05:30:46.809+0000][1][safepoint    ] Leaving safepoint region
[2019-12-09T05:30:46.809+0000][1][safepoint    ] Total time for which application threads were stopped: 0.0000677 seconds, Stopping threads took: 0.0000177 seconds
[2019-12-09T05:30:47.809+0000][1][safepoint    ] Application time: 1.0000757 seconds
[2019-12-09T05:30:47.809+0000][1][safepoint    ] Entering safepoint region: Cleanup
[2019-12-09T05:30:47.809+0000][1][safepoint    ] Leaving safepoint region
[2019-12-09T05:30:47.809+0000][1][safepoint    ] Total time for which application threads were stopped: 0.0000690 seconds, Stopping threads took: 0.0000169 seconds
[2019-12-09T05:30:48.810+0000][1][safepoint    ] Application time: 1.0000776 seconds
[2019-12-09T05:30:48.810+0000][1][safepoint    ] Entering safepoint region: Cleanup
[2019-12-09T05:30:48.810+0000][1][safepoint    ] Leaving safepoint region
[2019-12-09T05:30:48.810+0000][1][safepoint    ] Total time for which application threads were stopped: 0.0000690 seconds, Stopping threads took: 0.0000174 seconds
[2019-12-09T05:30:49.810+0000][1][safepoint    ] Application time: 1.0000762 seconds
[2019-12-09T05:30:49.810+0000][1][safepoint    ] Entering safepoint region: Cleanup
[2019-12-09T05:30:49.810+0000][1][safepoint    ] Leaving safepoint region
[2019-12-09T05:30:49.810+0000][1][safepoint    ] Total time for which application threads were stopped: 0.0000701 seconds, Stopping threads took: 0.0000176 seconds
[2019-12-09T05:30:50.810+0000][1][safepoint    ] Application time: 1.0000775 seconds
[2019-12-09T05:30:50.810+0000][1][safepoint    ] Entering safepoint region: Cleanup
[2019-12-09T05:30:50.810+0000][1][safepoint    ] Leaving safepoint region
[2019-12-09T05:30:50.810+0000][1][safepoint    ] Total time for which application threads were stopped: 0.0000690 seconds, Stopping threads took: 0.0000195 seconds
[2019-12-09T05:30:51.810+0000][1][safepoint    ] Application time: 1.0000769 seconds
[2019-12-09T05:30:51.810+0000][1][safepoint    ] Entering safepoint region: Cleanup
[2019-12-09T05:30:51.810+0000][1][safepoint    ] Leaving safepoint region
[2019-12-09T05:30:51.810+0000][1][safepoint    ] Total time for which application threads were stopped: 0.0000687 seconds, Stopping threads took: 0.0000189 seconds
[2019-12-09T05:30:52.810+0000][1][safepoint    ] Application time: 1.0000757 seconds
[2019-12-09T05:30:52.810+0000][1][safepoint    ] Entering safepoint region: Cleanup
[2019-12-09T05:30:52.810+0000][1][safepoint    ] Leaving safepoint region
[2019-12-09T05:30:52.810+0000][1][safepoint    ] Total time for which application threads were stopped: 0.0000669 seconds, Stopping threads took: 0.0000165 seconds
[2019-12-09T05:30:53.810+0000][1][safepoint    ] Application time: 1.0000770 seconds
[2019-12-09T05:30:53.811+0000][1][safepoint    ] Entering safepoint region: Cleanup
[2019-12-09T05:30:53.811+0000][1][safepoint    ] Leaving safepoint region
[2019-12-09T05:30:53.811+0000][1][safepoint    ] Total time for which application threads were stopped: 0.0000680 seconds, Stopping threads took: 0.0000173 seconds
[2019-12-09T05:30:54.811+0000][1][safepoint    ] Application time: 1.0000769 seconds
[2019-12-09T05:30:54.811+0000][1][safepoint    ] Entering safepoint region: Cleanup
[2019-12-09T05:30:54.811+0000][1][safepoint    ] Leaving safepoint region
[2019-12-09T05:30:54.811+0000][1][safepoint    ] Total time for which application threads were stopped: 0.0000633 seconds, Stopping threads took: 0.0000167 seconds
[2019-12-09T05:30:55.811+0000][1][safepoint    ] Application time: 1.0000759 seconds
[2019-12-09T05:30:55.811+0000][1][safepoint    ] Entering safepoint region: Cleanup
[2019-12-09T05:30:55.811+0000][1][safepoint    ] Leaving safepoint region
[2019-12-09T05:30:55.811+0000][1][safepoint    ] Total time for which application threads were stopped: 0.0000776 seconds, Stopping threads took: 0.0000253 seconds
[2019-12-09T05:30:56.811+0000][1][safepoint    ] Application time: 1.0000747 seconds
[2019-12-09T05:30:56.811+0000][1][safepoint    ] Entering safepoint region: Cleanup
[2019-12-09T05:30:56.811+0000][1][safepoint    ] Leaving safepoint region
[2019-12-09T05:30:56.811+0000][1][safepoint    ] Total time for which application threads were stopped: 0.0000695 seconds, Stopping threads took: 0.0000167 seconds
[2019-12-09T05:30:57.811+0000][1][safepoint    ] Application time: 1.0000774 seconds
[2019-12-09T05:30:57.811+0000][1][safepoint    ] Entering safepoint region: Cleanup
[2019-12-09T05:30:57.811+0000][1][safepoint    ] Leaving safepoint region
[2019-12-09T05:30:57.811+0000][1][safepoint    ] Total time for which application threads were stopped: 0.0000683 seconds, Stopping threads took: 0.0000170 seconds
[2019-12-09T05:30:58.811+0000][1][safepoint    ] Application time: 1.0000761 seconds
[2019-12-09T05:30:58.811+0000][1][safepoint    ] Entering safepoint region: Cleanup
[2019-12-09T05:30:58.812+0000][1][safepoint    ] Leaving safepoint region
[2019-12-09T05:30:58.812+0000][1][safepoint    ] Total time for which application threads were stopped: 0.0000672 seconds, Stopping threads took: 0.0000168 seconds
[2019-12-09T05:30:59.812+0000][1][safepoint    ] Application time: 1.0000758 seconds
[2019-12-09T05:30:59.812+0000][1][safepoint    ] Entering safepoint region: Cleanup
[2019-12-09T05:30:59.812+0000][1][safepoint    ] Leaving safepoint region
[2019-12-09T05:30:59.812+0000][1][safepoint    ] Total time for which application threads were stopped: 0.0000776 seconds, Stopping threads took: 0.0000177 seconds
[2019-12-09T05:31:00.812+0000][1][safepoint    ] Application time: 1.0000771 seconds
[2019-12-09T05:31:00.812+0000][1][safepoint    ] Entering safepoint region: Cleanup
[2019-12-09T05:31:00.812+0000][1][safepoint    ] Leaving safepoint region
[2019-12-09T05:31:00.812+0000][1][safepoint    ] Total time for which application threads were stopped: 0.0000704 seconds, Stopping threads took: 0.0000194 seconds
[2019-12-09T05:31:01.812+0000][1][safepoint    ] Application time: 1.0000780 seconds
[2019-12-09T05:31:01.812+0000][1][safepoint    ] Entering safepoint region: Cleanup
[2019-12-09T05:31:01.812+0000][1][safepoint    ] Leaving safepoint region
[2019-12-09T05:31:01.812+0000][1][safepoint    ] Total time for which application threads were stopped: 0.0000687 seconds, Stopping threads took: 0.0000186 seconds
[2019-12-09T05:31:02.812+0000][1][safepoint    ] Application time: 1.0000777 seconds
[2019-12-09T05:31:02.812+0000][1][safepoint    ] Entering safepoint region: Cleanup
[2019-12-09T05:31:02.812+0000][1][safepoint    ] Leaving safepoint region
[2019-12-09T05:31:02.812+0000][1][safepoint    ] Total time for which application threads were stopped: 0.0000683 seconds, Stopping threads took: 0.0000183 seconds
[2019-12-09T05:31:03.812+0000][1][safepoint    ] Application time: 1.0000768 seconds
[2019-12-09T05:31:03.812+0000][1][safepoint    ] Entering safepoint region: Cleanup
[2019-12-09T05:31:03.812+0000][1][safepoint    ] Leaving safepoint region
[2019-12-09T05:31:03.812+0000][1][safepoint    ] Total time for which application threads were stopped: 0.0000690 seconds, Stopping threads took: 0.0000169 seconds
[2019-12-09T05:31:04.813+0000][1][safepoint    ] Application time: 1.0000753 seconds
[2019-12-09T05:31:04.813+0000][1][safepoint    ] Entering safepoint region: Cleanup
[2019-12-09T05:31:04.813+0000][1][safepoint    ] Leaving safepoint region
[2019-12-09T05:31:04.813+0000][1][safepoint    ] Total time for which application threads were stopped: 0.0000664 seconds, Stopping threads took: 0.0000175 seconds
[2019-12-09T05:31:05.813+0000][1][safepoint    ] Application time: 1.0000751 seconds
[2019-12-09T05:31:05.813+0000][1][safepoint    ] Entering safepoint region: Cleanup
[2019-12-09T05:31:05.813+0000][1][safepoint    ] Leaving safepoint region
[2019-12-09T05:31:05.813+0000][1][safepoint    ] Total time for which application threads were stopped: 0.0000673 seconds, Stopping threads took: 0.0000178 seconds
[2019-12-09T05:31:06.813+0000][1][safepoint    ] Application time: 1.0000767 seconds
[2019-12-09T05:31:06.813+0000][1][safepoint    ] Entering safepoint region: Cleanup
[2019-12-09T05:31:06.813+0000][1][safepoint    ] Leaving safepoint region
[2019-12-09T05:31:06.813+0000][1][safepoint    ] Total time for which application threads were stopped: 0.0000663 seconds, Stopping threads took: 0.0000164 seconds
[2019-12-09T05:31:07.813+0000][1][safepoint    ] Application time: 1.0000751 seconds
[2019-12-09T05:31:07.813+0000][1][safepoint    ] Entering safepoint region: Cleanup
[2019-12-09T05:31:07.813+0000][1][safepoint    ] Leaving safepoint region
[2019-12-09T05:31:07.813+0000][1][safepoint    ] Total time for which application threads were stopped: 0.0000690 seconds, Stopping threads took: 0.0000181 seconds
[2019-12-09T05:31:08.813+0000][1][safepoint    ] Application time: 1.0000757 seconds
[2019-12-09T05:31:08.813+0000][1][safepoint    ] Entering safepoint region: Cleanup
[2019-12-09T05:31:08.813+0000][1][safepoint    ] Leaving safepoint region
[2019-12-09T05:31:08.813+0000][1][safepoint    ] Total time for which application threads were stopped: 0.0000668 seconds, Stopping threads took: 0.0000170 seconds
[2019-12-09T05:31:09.011+0000][1][safepoint    ] Application time: 0.1975264 seconds
[2019-12-09T05:31:09.011+0000][1][safepoint    ] Entering safepoint region: GenCollectForAllocation
[2019-12-09T05:31:09.011+0000][1][gc,start     ] GC(73) Pause Young (Allocation Failure)
[2019-12-09T05:31:09.011+0000][1][gc,task      ] GC(73) Using 2 workers of 2 for evacuation
[2019-12-09T05:31:09.013+0000][1][gc,age       ] GC(73) Desired survivor size 4456448 bytes, new threshold 6 (max threshold 6)
[2019-12-09T05:31:09.013+0000][1][gc,age       ] GC(73) Age table with threshold 6 (max threshold 6)
[2019-12-09T05:31:09.013+0000][1][gc,age       ] GC(73) - age   1:      12232 bytes,      12232 total
[2019-12-09T05:31:09.013+0000][1][gc,age       ] GC(73) - age   5:       1592 bytes,      13824 total
[2019-12-09T05:31:09.013+0000][1][gc,age       ] GC(73) - age   6:       7656 bytes,      21480 total
[2019-12-09T05:31:09.013+0000][1][gc,heap      ] GC(73) ParNew: 69971K->31K(78656K)
[2019-12-09T05:31:09.013+0000][1][gc,heap      ] GC(73) CMS: 69354K->69354K(174784K)
[2019-12-09T05:31:09.013+0000][1][gc,metaspace ] GC(73) Metaspace: 68455K->68455K(1112064K)
[2019-12-09T05:31:09.013+0000][1][gc           ] GC(73) Pause Young (Allocation Failure) 136M->67M(247M) 1.943ms
[2019-12-09T05:31:09.013+0000][1][gc,cpu       ] GC(73) User=0.01s Sys=0.00s Real=0.00s
[2019-12-09T05:31:09.013+0000][1][safepoint    ] Leaving safepoint region
[2019-12-09T05:31:09.013+0000][1][safepoint    ] Total time for which application threads were stopped: 0.0021283 seconds, Stopping threads took: 0.0000190 seconds
[2019-12-09T05:31:10.013+0000][1][safepoint    ] Application time: 1.0000904 seconds
[2019-12-09T05:31:10.013+0000][1][safepoint    ] Entering safepoint region: Cleanup
[2019-12-09T05:31:10.013+0000][1][safepoint    ] Leaving safepoint region
[2019-12-09T05:31:10.013+0000][1][safepoint    ] Total time for which application threads were stopped: 0.0000670 seconds, Stopping threads took: 0.0000174 seconds
[2019-12-09T05:31:11.013+0000][1][safepoint    ] Application time: 1.0000749 seconds
[2019-12-09T05:31:11.013+0000][1][safepoint    ] Entering safepoint region: Cleanup
[2019-12-09T05:31:11.013+0000][1][safepoint    ] Leaving safepoint region
[2019-12-09T05:31:11.013+0000][1][safepoint    ] Total time for which application threads were stopped: 0.0000666 seconds, Stopping threads took: 0.0000171 seconds
[2019-12-09T05:31:12.014+0000][1][safepoint    ] Application time: 1.0000764 seconds
[2019-12-09T05:31:12.014+0000][1][safepoint    ] Entering safepoint region: Cleanup
[2019-12-09T05:31:12.014+0000][1][safepoint    ] Leaving safepoint region
[2019-12-09T05:31:12.014+0000][1][safepoint    ] Total time for which application threads were stopped: 0.0000909 seconds, Stopping threads took: 0.0000170 seconds
[2019-12-09T05:31:13.014+0000][1][safepoint    ] Application time: 1.0000764 seconds
[2019-12-09T05:31:13.014+0000][1][safepoint    ] Entering safepoint region: Cleanup
[2019-12-09T05:31:13.014+0000][1][safepoint    ] Leaving safepoint region
[2019-12-09T05:31:13.014+0000][1][safepoint    ] Total time for which application threads were stopped: 0.0000706 seconds, Stopping threads took: 0.0000179 seconds
[2019-12-09T05:31:14.014+0000][1][safepoint    ] Application time: 1.0000768 seconds
[2019-12-09T05:31:14.014+0000][1][safepoint    ] Entering safepoint region: Cleanup
[2019-12-09T05:31:14.014+0000][1][safepoint    ] Leaving safepoint region
[2019-12-09T05:31:14.014+0000][1][safepoint    ] Total time for which application threads were stopped: 0.0000681 seconds, Stopping threads took: 0.0000180 seconds
[2019-12-09T05:31:15.014+0000][1][safepoint    ] Application time: 1.0000775 seconds
[2019-12-09T05:31:15.014+0000][1][safepoint    ] Entering safepoint region: Cleanup
[2019-12-09T05:31:15.014+0000][1][safepoint    ] Leaving safepoint region
[2019-12-09T05:31:15.014+0000][1][safepoint    ] Total time for which application threads were stopped: 0.0000709 seconds, Stopping threads took: 0.0000191 seconds
[2019-12-09T05:31:16.014+0000][1][safepoint    ] Application time: 1.0000767 seconds
[2019-12-09T05:31:16.014+0000][1][safepoint    ] Entering safepoint region: Cleanup
[2019-12-09T05:31:16.014+0000][1][safepoint    ] Leaving safepoint region
[2019-12-09T05:31:16.014+0000][1][safepoint    ] Total time for which application threads were stopped: 0.0000694 seconds, Stopping threads took: 0.0000176 seconds
[2019-12-09T05:31:17.015+0000][1][safepoint    ] Application time: 1.0000742 seconds
[2019-12-09T05:31:17.015+0000][1][safepoint    ] Entering safepoint region: Cleanup
[2019-12-09T05:31:17.015+0000][1][safepoint    ] Leaving safepoint region
[2019-12-09T05:31:17.015+0000][1][safepoint    ] Total time for which application threads were stopped: 0.0000657 seconds, Stopping threads took: 0.0000159 seconds
[2019-12-09T05:31:18.015+0000][1][safepoint    ] Application time: 1.0000740 seconds
[2019-12-09T05:31:18.015+0000][1][safepoint    ] Entering safepoint region: Cleanup
[2019-12-09T05:31:18.015+0000][1][safepoint    ] Leaving safepoint region
[2019-12-09T05:31:18.015+0000][1][safepoint    ] Total time for which application threads were stopped: 0.0000704 seconds, Stopping threads took: 0.0000192 seconds
[2019-12-09T05:31:19.015+0000][1][safepoint    ] Application time: 1.0000749 seconds
[2019-12-09T05:31:19.015+0000][1][safepoint    ] Entering safepoint region: Cleanup
[2019-12-09T05:31:19.015+0000][1][safepoint    ] Leaving safepoint region
[2019-12-09T05:31:19.015+0000][1][safepoint    ] Total time for which application threads were stopped: 0.0000729 seconds, Stopping threads took: 0.0000236 seconds
[2019-12-09T05:31:20.015+0000][1][safepoint    ] Application time: 1.0000749 seconds
[2019-12-09T05:31:20.015+0000][1][safepoint    ] Entering safepoint region: Cleanup
[2019-12-09T05:31:20.015+0000][1][safepoint    ] Leaving safepoint region
[2019-12-09T05:31:20.015+0000][1][safepoint    ] Total time for which application threads were stopped: 0.0000685 seconds, Stopping threads took: 0.0000172 seconds
[2019-12-09T05:31:21.015+0000][1][safepoint    ] Application time: 1.0000808 seconds
[2019-12-09T05:31:21.015+0000][1][safepoint    ] Entering safepoint region: Cleanup
[2019-12-09T05:31:21.015+0000][1][safepoint    ] Leaving safepoint region
[2019-12-09T05:31:21.015+0000][1][safepoint    ] Total time for which application threads were stopped: 0.0000653 seconds, Stopping threads took: 0.0000166 seconds
[2019-12-09T05:31:22.015+0000][1][safepoint    ] Application time: 1.0000756 seconds
[2019-12-09T05:31:22.016+0000][1][safepoint    ] Entering safepoint region: Cleanup
[2019-12-09T05:31:22.016+0000][1][safepoint    ] Leaving safepoint region
[2019-12-09T05:31:22.016+0000][1][safepoint    ] Total time for which application threads were stopped: 0.0000675 seconds, Stopping threads took: 0.0000173 seconds
[2019-12-09T05:31:23.016+0000][1][safepoint    ] Application time: 1.0000400 seconds
[2019-12-09T05:31:23.016+0000][1][safepoint    ] Entering safepoint region: Cleanup
[2019-12-09T05:31:23.016+0000][1][safepoint    ] Leaving safepoint region
[2019-12-09T05:31:23.016+0000][1][safepoint    ] Total time for which application threads were stopped: 0.0000801 seconds, Stopping threads took: 0.0000272 seconds
[2019-12-09T05:31:24.016+0000][1][safepoint    ] Application time: 1.0000753 seconds
[2019-12-09T05:31:24.016+0000][1][safepoint    ] Entering safepoint region: Cleanup
[2019-12-09T05:31:24.016+0000][1][safepoint    ] Leaving safepoint region
[2019-12-09T05:31:24.016+0000][1][safepoint    ] Total time for which application threads were stopped: 0.0000815 seconds, Stopping threads took: 0.0000159 seconds
[2019-12-09T05:31:25.016+0000][1][safepoint    ] Application time: 1.0000734 seconds
[2019-12-09T05:31:25.016+0000][1][safepoint    ] Entering safepoint region: Cleanup
[2019-12-09T05:31:25.016+0000][1][safepoint    ] Leaving safepoint region
[2019-12-09T05:31:25.016+0000][1][safepoint    ] Total time for which application threads were stopped: 0.0000763 seconds, Stopping threads took: 0.0000270 seconds
[2019-12-09T05:31:26.016+0000][1][safepoint    ] Application time: 1.0000821 seconds
[2019-12-09T05:31:26.016+0000][1][safepoint    ] Entering safepoint region: Cleanup
[2019-12-09T05:31:26.016+0000][1][safepoint    ] Leaving safepoint region
[2019-12-09T05:31:26.016+0000][1][safepoint    ] Total time for which application threads were stopped: 0.0000672 seconds, Stopping threads took: 0.0000175 seconds
[2019-12-09T05:31:27.016+0000][1][safepoint    ] Application time: 1.0000785 seconds
[2019-12-09T05:31:27.016+0000][1][safepoint    ] Entering safepoint region: Cleanup
[2019-12-09T05:31:27.017+0000][1][safepoint    ] Leaving safepoint region
[2019-12-09T05:31:27.017+0000][1][safepoint    ] Total time for which application threads were stopped: 0.0000648 seconds, Stopping threads took: 0.0000168 seconds
[2019-12-09T05:31:28.017+0000][1][safepoint    ] Application time: 1.0000836 seconds
[2019-12-09T05:31:28.017+0000][1][safepoint    ] Entering safepoint region: Cleanup
[2019-12-09T05:31:28.017+0000][1][safepoint    ] Leaving safepoint region
[2019-12-09T05:31:28.017+0000][1][safepoint    ] Total time for which application threads were stopped: 0.0000770 seconds, Stopping threads took: 0.0000181 seconds
[2019-12-09T05:31:29.017+0000][1][safepoint    ] Application time: 1.0000758 seconds
[2019-12-09T05:31:29.017+0000][1][safepoint    ] Entering safepoint region: Cleanup
[2019-12-09T05:31:29.017+0000][1][safepoint    ] Leaving safepoint region
[2019-12-09T05:31:29.017+0000][1][safepoint    ] Total time for which application threads were stopped: 0.0000762 seconds, Stopping threads took: 0.0000178 seconds
[2019-12-09T05:31:30.017+0000][1][safepoint    ] Application time: 1.0000821 seconds
[2019-12-09T05:31:30.017+0000][1][safepoint    ] Entering safepoint region: Cleanup
[2019-12-09T05:31:30.017+0000][1][safepoint    ] Leaving safepoint region
[2019-12-09T05:31:30.017+0000][1][safepoint    ] Total time for which application threads were stopped: 0.0000656 seconds, Stopping threads took: 0.0000167 seconds
[2019-12-09T05:31:31.017+0000][1][safepoint    ] Application time: 1.0000790 seconds
[2019-12-09T05:31:31.017+0000][1][safepoint    ] Entering safepoint region: Cleanup
[2019-12-09T05:31:31.017+0000][1][safepoint    ] Leaving safepoint region
[2019-12-09T05:31:31.017+0000][1][safepoint    ] Total time for which application threads were stopped: 0.0000643 seconds, Stopping threads took: 0.0000167 seconds
[2019-12-09T05:31:32.017+0000][1][safepoint    ] Application time: 1.0000790 seconds
[2019-12-09T05:31:32.017+0000][1][safepoint    ] Entering safepoint region: Cleanup
[2019-12-09T05:31:32.017+0000][1][safepoint    ] Leaving safepoint region
[2019-12-09T05:31:32.017+0000][1][safepoint    ] Total time for which application threads were stopped: 0.0000621 seconds, Stopping threads took: 0.0000159 seconds
[2019-12-09T05:31:33.018+0000][1][safepoint    ] Application time: 1.0000760 seconds
[2019-12-09T05:31:33.018+0000][1][safepoint    ] Entering safepoint region: Cleanup
[2019-12-09T05:31:33.018+0000][1][safepoint    ] Leaving safepoint region
[2019-12-09T05:31:33.018+0000][1][safepoint    ] Total time for which application threads were stopped: 0.0000635 seconds, Stopping threads took: 0.0000164 seconds
[2019-12-09T05:31:34.018+0000][1][safepoint    ] Application time: 1.0000810 seconds
[2019-12-09T05:31:34.018+0000][1][safepoint    ] Entering safepoint region: Cleanup
[2019-12-09T05:31:34.018+0000][1][safepoint    ] Leaving safepoint region
[2019-12-09T05:31:34.018+0000][1][safepoint    ] Total time for which application threads were stopped: 0.0000645 seconds, Stopping threads took: 0.0000161 seconds
[2019-12-09T05:31:35.018+0000][1][safepoint    ] Application time: 1.0000779 seconds
[2019-12-09T05:31:35.018+0000][1][safepoint    ] Entering safepoint region: Cleanup
[2019-12-09T05:31:35.018+0000][1][safepoint    ] Leaving safepoint region
[2019-12-09T05:31:35.018+0000][1][safepoint    ] Total time for which application threads were stopped: 0.0000636 seconds, Stopping threads took: 0.0000168 seconds
[2019-12-09T05:31:36.018+0000][1][safepoint    ] Application time: 1.0000806 seconds
[2019-12-09T05:31:36.018+0000][1][safepoint    ] Entering safepoint region: Cleanup
[2019-12-09T05:31:36.018+0000][1][safepoint    ] Leaving safepoint region
[2019-12-09T05:31:36.018+0000][1][safepoint    ] Total time for which application threads were stopped: 0.0000629 seconds, Stopping threads took: 0.0000165 seconds
[2019-12-09T05:31:37.018+0000][1][safepoint    ] Application time: 1.0000762 seconds
[2019-12-09T05:31:37.018+0000][1][safepoint    ] Entering safepoint region: Cleanup
[2019-12-09T05:31:37.018+0000][1][safepoint    ] Leaving safepoint region
[2019-12-09T05:31:37.018+0000][1][safepoint    ] Total time for which application threads were stopped: 0.0000620 seconds, Stopping threads took: 0.0000156 seconds
[2019-12-09T05:31:38.018+0000][1][safepoint    ] Application time: 1.0000819 seconds
[2019-12-09T05:31:38.018+0000][1][safepoint    ] Entering safepoint region: Cleanup
[2019-12-09T05:31:38.019+0000][1][safepoint    ] Leaving safepoint region
[2019-12-09T05:31:38.019+0000][1][safepoint    ] Total time for which application threads were stopped: 0.0000635 seconds, Stopping threads took: 0.0000162 seconds
[2019-12-09T05:31:39.019+0000][1][safepoint    ] Application time: 1.0000791 seconds
[2019-12-09T05:31:39.019+0000][1][safepoint    ] Entering safepoint region: Cleanup
[2019-12-09T05:31:39.019+0000][1][safepoint    ] Leaving safepoint region
[2019-12-09T05:31:39.019+0000][1][safepoint    ] Total time for which application threads were stopped: 0.0000760 seconds, Stopping threads took: 0.0000147 seconds
[2019-12-09T05:31:40.019+0000][1][safepoint    ] Application time: 1.0000811 seconds
[2019-12-09T05:31:40.019+0000][1][safepoint    ] Entering safepoint region: Cleanup
[2019-12-09T05:31:40.019+0000][1][safepoint    ] Leaving safepoint region
[2019-12-09T05:31:40.019+0000][1][safepoint    ] Total time for which application threads were stopped: 0.0000613 seconds, Stopping threads took: 0.0000150 seconds
[2019-12-09T05:31:41.019+0000][1][safepoint    ] Application time: 1.0000798 seconds
[2019-12-09T05:31:41.019+0000][1][safepoint    ] Entering safepoint region: Cleanup
[2019-12-09T05:31:41.019+0000][1][safepoint    ] Leaving safepoint region
[2019-12-09T05:31:41.019+0000][1][safepoint    ] Total time for which application threads were stopped: 0.0000632 seconds, Stopping threads took: 0.0000154 seconds
[2019-12-09T05:31:42.019+0000][1][safepoint    ] Application time: 1.0000810 seconds
[2019-12-09T05:31:42.019+0000][1][safepoint    ] Entering safepoint region: Cleanup
[2019-12-09T05:31:42.019+0000][1][safepoint    ] Leaving safepoint region
[2019-12-09T05:31:42.019+0000][1][safepoint    ] Total time for which application threads were stopped: 0.0000643 seconds, Stopping threads took: 0.0000166 seconds
[2019-12-09T05:31:43.019+0000][1][safepoint    ] Application time: 1.0000801 seconds
[2019-12-09T05:31:43.019+0000][1][safepoint    ] Entering safepoint region: Cleanup
[2019-12-09T05:31:43.019+0000][1][safepoint    ] Leaving safepoint region
[2019-12-09T05:31:43.019+0000][1][safepoint    ] Total time for which application threads were stopped: 0.0000617 seconds, Stopping threads took: 0.0000155 seconds
[2019-12-09T05:31:44.019+0000][1][safepoint    ] Application time: 1.0000812 seconds
[2019-12-09T05:31:44.020+0000][1][safepoint    ] Entering safepoint region: Cleanup
[2019-12-09T05:31:44.020+0000][1][safepoint    ] Leaving safepoint region
[2019-12-09T05:31:44.020+0000][1][safepoint    ] Total time for which application threads were stopped: 0.0000791 seconds, Stopping threads took: 0.0000173 seconds
[2019-12-09T05:31:45.020+0000][1][safepoint    ] Application time: 1.0000775 seconds
[2019-12-09T05:31:45.020+0000][1][safepoint    ] Entering safepoint region: Cleanup
[2019-12-09T05:31:45.020+0000][1][safepoint    ] Leaving safepoint region
[2019-12-09T05:31:45.020+0000][1][safepoint    ] Total time for which application threads were stopped: 0.0000646 seconds, Stopping threads took: 0.0000171 seconds
[2019-12-09T05:31:46.020+0000][1][safepoint    ] Application time: 1.0000760 seconds
[2019-12-09T05:31:46.020+0000][1][safepoint    ] Entering safepoint region: Cleanup
[2019-12-09T05:31:46.020+0000][1][safepoint    ] Leaving safepoint region
[2019-12-09T05:31:46.020+0000][1][safepoint    ] Total time for which application threads were stopped: 0.0000606 seconds, Stopping threads took: 0.0000148 seconds
[2019-12-09T05:31:47.020+0000][1][safepoint    ] Application time: 1.0000816 seconds
[2019-12-09T05:31:47.020+0000][1][safepoint    ] Entering safepoint region: Cleanup
[2019-12-09T05:31:47.020+0000][1][safepoint    ] Leaving safepoint region
[2019-12-09T05:31:47.020+0000][1][safepoint    ] Total time for which application threads were stopped: 0.0000645 seconds, Stopping threads took: 0.0000166 seconds
[2019-12-09T05:31:48.020+0000][1][safepoint    ] Application time: 1.0000771 seconds
[2019-12-09T05:31:48.020+0000][1][safepoint    ] Entering safepoint region: Cleanup
[2019-12-09T05:31:48.020+0000][1][safepoint    ] Leaving safepoint region
[2019-12-09T05:31:48.020+0000][1][safepoint    ] Total time for which application threads were stopped: 0.0000663 seconds, Stopping threads took: 0.0000172 seconds
[2019-12-09T05:31:49.020+0000][1][safepoint    ] Application time: 1.0000761 seconds
[2019-12-09T05:31:49.020+0000][1][safepoint    ] Entering safepoint region: Cleanup
[2019-12-09T05:31:49.020+0000][1][safepoint    ] Leaving safepoint region
[2019-12-09T05:31:49.020+0000][1][safepoint    ] Total time for which application threads were stopped: 0.0000722 seconds, Stopping threads took: 0.0000171 seconds
[2019-12-09T05:31:50.021+0000][1][safepoint    ] Application time: 1.0000785 seconds
[2019-12-09T05:31:50.021+0000][1][safepoint    ] Entering safepoint region: Cleanup
[2019-12-09T05:31:50.021+0000][1][safepoint    ] Leaving safepoint region
[2019-12-09T05:31:50.021+0000][1][safepoint    ] Total time for which application threads were stopped: 0.0000632 seconds, Stopping threads took: 0.0000155 seconds
[2019-12-09T05:31:51.021+0000][1][safepoint    ] Application time: 1.0000777 seconds
[2019-12-09T05:31:51.021+0000][1][safepoint    ] Entering safepoint region: Cleanup
[2019-12-09T05:31:51.021+0000][1][safepoint    ] Leaving safepoint region
[2019-12-09T05:31:51.021+0000][1][safepoint    ] Total time for which application threads were stopped: 0.0000631 seconds, Stopping threads took: 0.0000154 seconds
[2019-12-09T05:31:52.021+0000][1][safepoint    ] Application time: 1.0000769 seconds
[2019-12-09T05:31:52.021+0000][1][safepoint    ] Entering safepoint region: Cleanup
[2019-12-09T05:31:52.021+0000][1][safepoint    ] Leaving safepoint region
[2019-12-09T05:31:52.021+0000][1][safepoint    ] Total time for which application threads were stopped: 0.0000663 seconds, Stopping threads took: 0.0000176 seconds
[2019-12-09T05:31:53.021+0000][1][safepoint    ] Application time: 1.0000792 seconds
[2019-12-09T05:31:53.021+0000][1][safepoint    ] Entering safepoint region: Cleanup
[2019-12-09T05:31:53.021+0000][1][safepoint    ] Leaving safepoint region
[2019-12-09T05:31:53.021+0000][1][safepoint    ] Total time for which application threads were stopped: 0.0000609 seconds, Stopping threads took: 0.0000153 seconds
[2019-12-09T05:31:54.021+0000][1][safepoint    ] Application time: 1.0000775 seconds
[2019-12-09T05:31:54.021+0000][1][safepoint    ] Entering safepoint region: Cleanup
[2019-12-09T05:31:54.021+0000][1][safepoint    ] Leaving safepoint region
[2019-12-09T05:31:54.021+0000][1][safepoint    ] Total time for which application threads were stopped: 0.0000634 seconds, Stopping threads took: 0.0000160 seconds
[2019-12-09T05:31:55.021+0000][1][safepoint    ] Application time: 1.0000767 seconds
[2019-12-09T05:31:55.021+0000][1][safepoint    ] Entering safepoint region: Cleanup
[2019-12-09T05:31:55.022+0000][1][safepoint    ] Leaving safepoint region
[2019-12-09T05:31:55.022+0000][1][safepoint    ] Total time for which application threads were stopped: 0.0000695 seconds, Stopping threads took: 0.0000227 seconds
[2019-12-09T05:31:56.022+0000][1][safepoint    ] Application time: 1.0000767 seconds
[2019-12-09T05:31:56.022+0000][1][safepoint    ] Entering safepoint region: Cleanup
[2019-12-09T05:31:56.022+0000][1][safepoint    ] Leaving safepoint region
[2019-12-09T05:31:56.022+0000][1][safepoint    ] Total time for which application threads were stopped: 0.0000786 seconds, Stopping threads took: 0.0000161 seconds
[2019-12-09T05:31:57.022+0000][1][safepoint    ] Application time: 1.0000764 seconds
[2019-12-09T05:31:57.022+0000][1][safepoint    ] Entering safepoint region: Cleanup
[2019-12-09T05:31:57.022+0000][1][safepoint    ] Leaving safepoint region
[2019-12-09T05:31:57.022+0000][1][safepoint    ] Total time for which application threads were stopped: 0.0000677 seconds, Stopping threads took: 0.0000189 seconds
[2019-12-09T05:31:58.022+0000][1][safepoint    ] Application time: 1.0000756 seconds
[2019-12-09T05:31:58.022+0000][1][safepoint    ] Entering safepoint region: Cleanup
[2019-12-09T05:31:58.022+0000][1][safepoint    ] Leaving safepoint region
[2019-12-09T05:31:58.022+0000][1][safepoint    ] Total time for which application threads were stopped: 0.0000683 seconds, Stopping threads took: 0.0000160 seconds
[2019-12-09T05:31:59.022+0000][1][safepoint    ] Application time: 1.0000777 seconds
[2019-12-09T05:31:59.022+0000][1][safepoint    ] Entering safepoint region: Cleanup
[2019-12-09T05:31:59.022+0000][1][safepoint    ] Leaving safepoint region
[2019-12-09T05:31:59.022+0000][1][safepoint    ] Total time for which application threads were stopped: 0.0000660 seconds, Stopping threads took: 0.0000158 seconds
[2019-12-09T05:32:00.022+0000][1][safepoint    ] Application time: 1.0000763 seconds
[2019-12-09T05:32:00.022+0000][1][safepoint    ] Entering safepoint region: Cleanup
[2019-12-09T05:32:00.022+0000][1][safepoint    ] Leaving safepoint region
[2019-12-09T05:32:00.022+0000][1][safepoint    ] Total time for which application threads were stopped: 0.0000845 seconds, Stopping threads took: 0.0000293 seconds
[2019-12-09T05:32:01.023+0000][1][safepoint    ] Application time: 1.0000755 seconds
[2019-12-09T05:32:01.023+0000][1][safepoint    ] Entering safepoint region: Cleanup
[2019-12-09T05:32:01.023+0000][1][safepoint    ] Leaving safepoint region
[2019-12-09T05:32:01.023+0000][1][safepoint    ] Total time for which application threads were stopped: 0.0000806 seconds, Stopping threads took: 0.0000176 seconds
[2019-12-09T05:32:02.023+0000][1][safepoint    ] Application time: 1.0000752 seconds
[2019-12-09T05:32:02.023+0000][1][safepoint    ] Entering safepoint region: Cleanup
[2019-12-09T05:32:02.023+0000][1][safepoint    ] Leaving safepoint region
[2019-12-09T05:32:02.023+0000][1][safepoint    ] Total time for which application threads were stopped: 0.0000648 seconds, Stopping threads took: 0.0000160 seconds
[2019-12-09T05:32:03.023+0000][1][safepoint    ] Application time: 1.0000742 seconds
[2019-12-09T05:32:03.023+0000][1][safepoint    ] Entering safepoint region: Cleanup
[2019-12-09T05:32:03.023+0000][1][safepoint    ] Leaving safepoint region
[2019-12-09T05:32:03.023+0000][1][safepoint    ] Total time for which application threads were stopped: 0.0000678 seconds, Stopping threads took: 0.0000174 seconds
[2019-12-09T05:32:04.023+0000][1][safepoint    ] Application time: 1.0000772 seconds
[2019-12-09T05:32:04.023+0000][1][safepoint    ] Entering safepoint region: Cleanup
[2019-12-09T05:32:04.023+0000][1][safepoint    ] Leaving safepoint region
[2019-12-09T05:32:04.023+0000][1][safepoint    ] Total time for which application threads were stopped: 0.0000665 seconds, Stopping threads took: 0.0000169 seconds
[2019-12-09T05:32:05.023+0000][1][safepoint    ] Application time: 1.0000738 seconds
[2019-12-09T05:32:05.023+0000][1][safepoint    ] Entering safepoint region: Cleanup
[2019-12-09T05:32:05.023+0000][1][safepoint    ] Leaving safepoint region
[2019-12-09T05:32:05.023+0000][1][safepoint    ] Total time for which application threads were stopped: 0.0000829 seconds, Stopping threads took: 0.0000175 seconds
[2019-12-09T05:32:06.024+0000][1][safepoint    ] Application time: 1.0000764 seconds
[2019-12-09T05:32:06.024+0000][1][safepoint    ] Entering safepoint region: Cleanup
[2019-12-09T05:32:06.024+0000][1][safepoint    ] Leaving safepoint region
[2019-12-09T05:32:06.024+0000][1][safepoint    ] Total time for which application threads were stopped: 0.0000822 seconds, Stopping threads took: 0.0000239 seconds
[2019-12-09T05:32:07.024+0000][1][safepoint    ] Application time: 1.0000743 seconds
[2019-12-09T05:32:07.024+0000][1][safepoint    ] Entering safepoint region: Cleanup
[2019-12-09T05:32:07.024+0000][1][safepoint    ] Leaving safepoint region
[2019-12-09T05:32:07.024+0000][1][safepoint    ] Total time for which application threads were stopped: 0.0000706 seconds, Stopping threads took: 0.0000203 seconds
[2019-12-09T05:32:08.024+0000][1][safepoint    ] Application time: 1.0000810 seconds
[2019-12-09T05:32:08.024+0000][1][safepoint    ] Entering safepoint region: Cleanup
[2019-12-09T05:32:08.024+0000][1][safepoint    ] Leaving safepoint region
[2019-12-09T05:32:08.024+0000][1][safepoint    ] Total time for which application threads were stopped: 0.0000678 seconds, Stopping threads took: 0.0000174 seconds
[2019-12-09T05:32:09.024+0000][1][safepoint    ] Application time: 1.0000778 seconds
[2019-12-09T05:32:09.024+0000][1][safepoint    ] Entering safepoint region: Cleanup
[2019-12-09T05:32:09.024+0000][1][safepoint    ] Leaving safepoint region
[2019-12-09T05:32:09.024+0000][1][safepoint    ] Total time for which application threads were stopped: 0.0000662 seconds, Stopping threads took: 0.0000162 seconds
[2019-12-09T05:32:10.024+0000][1][safepoint    ] Application time: 1.0000779 seconds
[2019-12-09T05:32:10.024+0000][1][safepoint    ] Entering safepoint region: Cleanup
[2019-12-09T05:32:10.024+0000][1][safepoint    ] Leaving safepoint region
[2019-12-09T05:32:10.024+0000][1][safepoint    ] Total time for which application threads were stopped: 0.0000670 seconds, Stopping threads took: 0.0000172 seconds
[2019-12-09T05:32:11.025+0000][1][safepoint    ] Application time: 1.0000768 seconds
[2019-12-09T05:32:11.025+0000][1][safepoint    ] Entering safepoint region: Cleanup
[2019-12-09T05:32:11.025+0000][1][safepoint    ] Leaving safepoint region
[2019-12-09T05:32:11.025+0000][1][safepoint    ] Total time for which application threads were stopped: 0.0000657 seconds, Stopping threads took: 0.0000170 seconds
[2019-12-09T05:32:12.025+0000][1][safepoint    ] Application time: 1.0000769 seconds
[2019-12-09T05:32:12.025+0000][1][safepoint    ] Entering safepoint region: Cleanup
[2019-12-09T05:32:12.025+0000][1][safepoint    ] Leaving safepoint region
[2019-12-09T05:32:12.025+0000][1][safepoint    ] Total time for which application threads were stopped: 0.0000686 seconds, Stopping threads took: 0.0000181 seconds
[2019-12-09T05:32:13.025+0000][1][safepoint    ] Application time: 1.0000805 seconds
[2019-12-09T05:32:13.025+0000][1][safepoint    ] Entering safepoint region: Cleanup
[2019-12-09T05:32:13.025+0000][1][safepoint    ] Leaving safepoint region
[2019-12-09T05:32:13.025+0000][1][safepoint    ] Total time for which application threads were stopped: 0.0000658 seconds, Stopping threads took: 0.0000164 seconds
[2019-12-09T05:32:14.025+0000][1][safepoint    ] Application time: 1.0000825 seconds
[2019-12-09T05:32:14.025+0000][1][safepoint    ] Entering safepoint region: Cleanup
[2019-12-09T05:32:14.025+0000][1][safepoint    ] Leaving safepoint region
[2019-12-09T05:32:14.025+0000][1][safepoint    ] Total time for which application threads were stopped: 0.0000664 seconds, Stopping threads took: 0.0000167 seconds
[2019-12-09T05:32:15.025+0000][1][safepoint    ] Application time: 1.0000804 seconds
[2019-12-09T05:32:15.025+0000][1][safepoint    ] Entering safepoint region: Cleanup
[2019-12-09T05:32:15.025+0000][1][safepoint    ] Leaving safepoint region
[2019-12-09T05:32:15.025+0000][1][safepoint    ] Total time for which application threads were stopped: 0.0000798 seconds, Stopping threads took: 0.0000171 seconds
[2019-12-09T05:32:16.025+0000][1][safepoint    ] Application time: 1.0000785 seconds
[2019-12-09T05:32:16.026+0000][1][safepoint    ] Entering safepoint region: Cleanup
[2019-12-09T05:32:16.026+0000][1][safepoint    ] Leaving safepoint region
[2019-12-09T05:32:16.026+0000][1][safepoint    ] Total time for which application threads were stopped: 0.0000689 seconds, Stopping threads took: 0.0000201 seconds
[2019-12-09T05:32:17.026+0000][1][safepoint    ] Application time: 1.0000858 seconds
[2019-12-09T05:32:17.026+0000][1][safepoint    ] Entering safepoint region: Cleanup
[2019-12-09T05:32:17.026+0000][1][safepoint    ] Leaving safepoint region
[2019-12-09T05:32:17.026+0000][1][safepoint    ] Total time for which application threads were stopped: 0.0000705 seconds, Stopping threads took: 0.0000189 seconds
[2019-12-09T05:32:18.026+0000][1][safepoint    ] Application time: 1.0000795 seconds
[2019-12-09T05:32:18.026+0000][1][safepoint    ] Entering safepoint region: Cleanup
[2019-12-09T05:32:18.026+0000][1][safepoint    ] Leaving safepoint region
[2019-12-09T05:32:18.026+0000][1][safepoint    ] Total time for which application threads were stopped: 0.0000689 seconds, Stopping threads took: 0.0000163 seconds
[2019-12-09T05:32:19.026+0000][1][safepoint    ] Application time: 1.0000829 seconds
[2019-12-09T05:32:19.026+0000][1][safepoint    ] Entering safepoint region: Cleanup
[2019-12-09T05:32:19.026+0000][1][safepoint    ] Leaving safepoint region
[2019-12-09T05:32:19.026+0000][1][safepoint    ] Total time for which application threads were stopped: 0.0000701 seconds, Stopping threads took: 0.0000170 seconds
[2019-12-09T05:32:20.026+0000][1][safepoint    ] Application time: 1.0000812 seconds
[2019-12-09T05:32:20.026+0000][1][safepoint    ] Entering safepoint region: Cleanup
[2019-12-09T05:32:20.026+0000][1][safepoint    ] Leaving safepoint region
[2019-12-09T05:32:20.026+0000][1][safepoint    ] Total time for which application threads were stopped: 0.0000693 seconds, Stopping threads took: 0.0000180 seconds
[2019-12-09T05:32:21.026+0000][1][safepoint    ] Application time: 1.0000777 seconds
[2019-12-09T05:32:21.027+0000][1][safepoint    ] Entering safepoint region: Cleanup
[2019-12-09T05:32:21.027+0000][1][safepoint    ] Leaving safepoint region
[2019-12-09T05:32:21.027+0000][1][safepoint    ] Total time for which application threads were stopped: 0.0000691 seconds, Stopping threads took: 0.0000181 seconds
[2019-12-09T05:32:22.027+0000][1][safepoint    ] Application time: 1.0000782 seconds
[2019-12-09T05:32:22.027+0000][1][safepoint    ] Entering safepoint region: Cleanup
[2019-12-09T05:32:22.027+0000][1][safepoint    ] Leaving safepoint region
[2019-12-09T05:32:22.027+0000][1][safepoint    ] Total time for which application threads were stopped: 0.0000675 seconds, Stopping threads took: 0.0000182 seconds
[2019-12-09T05:32:23.027+0000][1][safepoint    ] Application time: 1.0000809 seconds
[2019-12-09T05:32:23.027+0000][1][safepoint    ] Entering safepoint region: Cleanup
[2019-12-09T05:32:23.027+0000][1][safepoint    ] Leaving safepoint region
[2019-12-09T05:32:23.027+0000][1][safepoint    ] Total time for which application threads were stopped: 0.0000677 seconds, Stopping threads took: 0.0000174 seconds
[2019-12-09T05:32:24.027+0000][1][safepoint    ] Application time: 1.0000881 seconds
[2019-12-09T05:32:24.027+0000][1][safepoint    ] Entering safepoint region: Cleanup
[2019-12-09T05:32:24.027+0000][1][safepoint    ] Leaving safepoint region
[2019-12-09T05:32:24.027+0000][1][safepoint    ] Total time for which application threads were stopped: 0.0000739 seconds, Stopping threads took: 0.0000214 seconds
[2019-12-09T05:32:25.027+0000][1][safepoint    ] Application time: 1.0000798 seconds
[2019-12-09T05:32:25.027+0000][1][safepoint    ] Entering safepoint region: Cleanup
[2019-12-09T05:32:25.027+0000][1][safepoint    ] Leaving safepoint region
[2019-12-09T05:32:25.027+0000][1][safepoint    ] Total time for which application threads were stopped: 0.0000757 seconds, Stopping threads took: 0.0000251 seconds
[2019-12-09T05:32:26.027+0000][1][safepoint    ] Application time: 1.0001038 seconds
[2019-12-09T05:32:26.028+0000][1][safepoint    ] Entering safepoint region: Cleanup
[2019-12-09T05:32:26.028+0000][1][safepoint    ] Leaving safepoint region
[2019-12-09T05:32:26.028+0000][1][safepoint    ] Total time for which application threads were stopped: 0.0000923 seconds, Stopping threads took: 0.0000235 seconds
[2019-12-09T05:32:27.028+0000][1][safepoint    ] Application time: 1.0000757 seconds
[2019-12-09T05:32:27.028+0000][1][safepoint    ] Entering safepoint region: Cleanup
[2019-12-09T05:32:27.028+0000][1][safepoint    ] Leaving safepoint region
[2019-12-09T05:32:27.028+0000][1][safepoint    ] Total time for which application threads were stopped: 0.0000828 seconds, Stopping threads took: 0.0000169 seconds
[2019-12-09T05:32:28.028+0000][1][safepoint    ] Application time: 1.0000759 seconds
[2019-12-09T05:32:28.028+0000][1][safepoint    ] Entering safepoint region: Cleanup
[2019-12-09T05:32:28.028+0000][1][safepoint    ] Leaving safepoint region
[2019-12-09T05:32:28.028+0000][1][safepoint    ] Total time for which application threads were stopped: 0.0000701 seconds, Stopping threads took: 0.0000181 seconds
[2019-12-09T05:32:29.028+0000][1][safepoint    ] Application time: 1.0000773 seconds
[2019-12-09T05:32:29.028+0000][1][safepoint    ] Entering safepoint region: Cleanup
[2019-12-09T05:32:29.028+0000][1][safepoint    ] Leaving safepoint region
[2019-12-09T05:32:29.028+0000][1][safepoint    ] Total time for which application threads were stopped: 0.0000674 seconds, Stopping threads took: 0.0000178 seconds
[2019-12-09T05:32:30.028+0000][1][safepoint    ] Application time: 1.0000797 seconds
[2019-12-09T05:32:30.028+0000][1][safepoint    ] Entering safepoint region: Cleanup
[2019-12-09T05:32:30.028+0000][1][safepoint    ] Leaving safepoint region
[2019-12-09T05:32:30.028+0000][1][safepoint    ] Total time for which application threads were stopped: 0.0000683 seconds, Stopping threads took: 0.0000162 seconds
[2019-12-09T05:32:31.029+0000][1][safepoint    ] Application time: 1.0000772 seconds
[2019-12-09T05:32:31.029+0000][1][safepoint    ] Entering safepoint region: Cleanup
[2019-12-09T05:32:31.029+0000][1][safepoint    ] Leaving safepoint region
[2019-12-09T05:32:31.029+0000][1][safepoint    ] Total time for which application threads were stopped: 0.0000689 seconds, Stopping threads took: 0.0000172 seconds
[2019-12-09T05:32:32.029+0000][1][safepoint    ] Application time: 1.0000877 seconds
[2019-12-09T05:32:32.029+0000][1][safepoint    ] Entering safepoint region: Cleanup
[2019-12-09T05:32:32.029+0000][1][safepoint    ] Leaving safepoint region
[2019-12-09T05:32:32.029+0000][1][safepoint    ] Total time for which application threads were stopped: 0.0000654 seconds, Stopping threads took: 0.0000161 seconds
[2019-12-09T05:32:33.029+0000][1][safepoint    ] Application time: 1.0000777 seconds
[2019-12-09T05:32:33.029+0000][1][safepoint    ] Entering safepoint region: Cleanup
[2019-12-09T05:32:33.029+0000][1][safepoint    ] Leaving safepoint region
[2019-12-09T05:32:33.029+0000][1][safepoint    ] Total time for which application threads were stopped: 0.0000643 seconds, Stopping threads took: 0.0000158 seconds
[2019-12-09T05:32:34.029+0000][1][safepoint    ] Application time: 1.0000765 seconds
[2019-12-09T05:32:34.029+0000][1][safepoint    ] Entering safepoint region: Cleanup
[2019-12-09T05:32:34.029+0000][1][safepoint    ] Leaving safepoint region
[2019-12-09T05:32:34.029+0000][1][safepoint    ] Total time for which application threads were stopped: 0.0000701 seconds, Stopping threads took: 0.0000194 seconds
[2019-12-09T05:32:35.029+0000][1][safepoint    ] Application time: 1.0000788 seconds
[2019-12-09T05:32:35.029+0000][1][safepoint    ] Entering safepoint region: Cleanup
[2019-12-09T05:32:35.029+0000][1][safepoint    ] Leaving safepoint region
[2019-12-09T05:32:35.029+0000][1][safepoint    ] Total time for which application threads were stopped: 0.0000604 seconds, Stopping threads took: 0.0000152 seconds
[2019-12-09T05:32:36.029+0000][1][safepoint    ] Application time: 1.0000765 seconds
[2019-12-09T05:32:36.029+0000][1][safepoint    ] Entering safepoint region: Cleanup
[2019-12-09T05:32:36.029+0000][1][safepoint    ] Leaving safepoint region
[2019-12-09T05:32:36.029+0000][1][safepoint    ] Total time for which application threads were stopped: 0.0000626 seconds, Stopping threads took: 0.0000146 seconds
[2019-12-09T05:32:37.030+0000][1][safepoint    ] Application time: 1.0000763 seconds
[2019-12-09T05:32:37.030+0000][1][safepoint    ] Entering safepoint region: Cleanup
[2019-12-09T05:32:37.030+0000][1][safepoint    ] Leaving safepoint region
[2019-12-09T05:32:37.030+0000][1][safepoint    ] Total time for which application threads were stopped: 0.0000631 seconds, Stopping threads took: 0.0000160 seconds
[2019-12-09T05:32:38.030+0000][1][safepoint    ] Application time: 1.0000781 seconds
[2019-12-09T05:32:38.030+0000][1][safepoint    ] Entering safepoint region: Cleanup
[2019-12-09T05:32:38.030+0000][1][safepoint    ] Leaving safepoint region
[2019-12-09T05:32:38.030+0000][1][safepoint    ] Total time for which application threads were stopped: 0.0000602 seconds, Stopping threads took: 0.0000150 seconds
[2019-12-09T05:32:39.030+0000][1][safepoint    ] Application time: 1.0000774 seconds
[2019-12-09T05:32:39.030+0000][1][safepoint    ] Entering safepoint region: Cleanup
[2019-12-09T05:32:39.030+0000][1][safepoint    ] Leaving safepoint region
[2019-12-09T05:32:39.030+0000][1][safepoint    ] Total time for which application threads were stopped: 0.0000627 seconds, Stopping threads took: 0.0000164 seconds
[2019-12-09T05:32:40.030+0000][1][safepoint    ] Application time: 1.0000772 seconds
[2019-12-09T05:32:40.030+0000][1][safepoint    ] Entering safepoint region: Cleanup
[2019-12-09T05:32:40.030+0000][1][safepoint    ] Leaving safepoint region
[2019-12-09T05:32:40.030+0000][1][safepoint    ] Total time for which application threads were stopped: 0.0000694 seconds, Stopping threads took: 0.0000150 seconds
[2019-12-09T05:32:41.468+0000][1][safepoint    ] Application time: 1.4374744 seconds
[2019-12-09T05:32:41.468+0000][1][safepoint    ] Entering safepoint region: Cleanup
[2019-12-09T05:32:41.468+0000][1][safepoint    ] Leaving safepoint region
[2019-12-09T05:32:41.468+0000][1][safepoint    ] Total time for which application threads were stopped: 0.0000688 seconds, Stopping threads took: 0.0000184 seconds
[2019-12-09T05:32:42.468+0000][1][safepoint    ] Application time: 1.0000778 seconds
[2019-12-09T05:32:42.468+0000][1][safepoint    ] Entering safepoint region: Cleanup
[2019-12-09T05:32:42.468+0000][1][safepoint    ] Leaving safepoint region
[2019-12-09T05:32:42.468+0000][1][safepoint    ] Total time for which application threads were stopped: 0.0000688 seconds, Stopping threads took: 0.0000178 seconds
[2019-12-09T05:32:43.468+0000][1][safepoint    ] Application time: 1.0000776 seconds
[2019-12-09T05:32:43.468+0000][1][safepoint    ] Entering safepoint region: Cleanup
[2019-12-09T05:32:43.468+0000][1][safepoint    ] Leaving safepoint region
[2019-12-09T05:32:43.468+0000][1][safepoint    ] Total time for which application threads were stopped: 0.0000658 seconds, Stopping threads took: 0.0000163 seconds
[2019-12-09T05:32:44.468+0000][1][safepoint    ] Application time: 1.0000781 seconds
[2019-12-09T05:32:44.468+0000][1][safepoint    ] Entering safepoint region: Cleanup
[2019-12-09T05:32:44.468+0000][1][safepoint    ] Leaving safepoint region
[2019-12-09T05:32:44.468+0000][1][safepoint    ] Total time for which application threads were stopped: 0.0000651 seconds, Stopping threads took: 0.0000167 seconds
[2019-12-09T05:32:45.468+0000][1][safepoint    ] Application time: 1.0000749 seconds
[2019-12-09T05:32:45.468+0000][1][safepoint    ] Entering safepoint region: Cleanup
[2019-12-09T05:32:45.469+0000][1][safepoint    ] Leaving safepoint region
[2019-12-09T05:32:45.469+0000][1][safepoint    ] Total time for which application threads were stopped: 0.0000661 seconds, Stopping threads took: 0.0000163 seconds
[2019-12-09T05:32:46.469+0000][1][safepoint    ] Application time: 1.0000773 seconds
[2019-12-09T05:32:46.469+0000][1][safepoint    ] Entering safepoint region: Cleanup
[2019-12-09T05:32:46.469+0000][1][safepoint    ] Leaving safepoint region
[2019-12-09T05:32:46.469+0000][1][safepoint    ] Total time for which application threads were stopped: 0.0000814 seconds, Stopping threads took: 0.0000172 seconds
[2019-12-09T05:32:47.469+0000][1][safepoint    ] Application time: 1.0000769 seconds
[2019-12-09T05:32:47.469+0000][1][safepoint    ] Entering safepoint region: Cleanup
[2019-12-09T05:32:47.469+0000][1][safepoint    ] Leaving safepoint region
[2019-12-09T05:32:47.469+0000][1][safepoint    ] Total time for which application threads were stopped: 0.0000717 seconds, Stopping threads took: 0.0000204 seconds
[2019-12-09T05:32:48.469+0000][1][safepoint    ] Application time: 1.0000775 seconds
[2019-12-09T05:32:48.469+0000][1][safepoint    ] Entering safepoint region: Cleanup
[2019-12-09T05:32:48.469+0000][1][safepoint    ] Leaving safepoint region
[2019-12-09T05:32:48.469+0000][1][safepoint    ] Total time for which application threads were stopped: 0.0000652 seconds, Stopping threads took: 0.0000164 seconds
[2019-12-09T05:32:49.469+0000][1][safepoint    ] Application time: 1.0000758 seconds
[2019-12-09T05:32:49.469+0000][1][safepoint    ] Entering safepoint region: Cleanup
[2019-12-09T05:32:49.469+0000][1][safepoint    ] Leaving safepoint region
[2019-12-09T05:32:49.469+0000][1][safepoint    ] Total time for which application threads were stopped: 0.0000665 seconds, Stopping threads took: 0.0000163 seconds
[2019-12-09T05:32:50.469+0000][1][safepoint    ] Application time: 1.0000747 seconds
[2019-12-09T05:32:50.469+0000][1][safepoint    ] Entering safepoint region: Cleanup
[2019-12-09T05:32:50.469+0000][1][safepoint    ] Leaving safepoint region
[2019-12-09T05:32:50.469+0000][1][safepoint    ] Total time for which application threads were stopped: 0.0000646 seconds, Stopping threads took: 0.0000161 seconds
[2019-12-09T05:32:51.470+0000][1][safepoint    ] Application time: 1.0000762 seconds
[2019-12-09T05:32:51.470+0000][1][safepoint    ] Entering safepoint region: Cleanup
[2019-12-09T05:32:51.470+0000][1][safepoint    ] Leaving safepoint region
[2019-12-09T05:32:51.470+0000][1][safepoint    ] Total time for which application threads were stopped: 0.0000674 seconds, Stopping threads took: 0.0000173 seconds
[2019-12-09T05:32:52.470+0000][1][safepoint    ] Application time: 1.0000857 seconds
[2019-12-09T05:32:52.470+0000][1][safepoint    ] Entering safepoint region: Cleanup
[2019-12-09T05:32:52.470+0000][1][safepoint    ] Leaving safepoint region
[2019-12-09T05:32:52.470+0000][1][safepoint    ] Total time for which application threads were stopped: 0.0000656 seconds, Stopping threads took: 0.0000161 seconds
[2019-12-09T05:32:53.470+0000][1][safepoint    ] Application time: 1.0000774 seconds
[2019-12-09T05:32:53.470+0000][1][safepoint    ] Entering safepoint region: Cleanup
[2019-12-09T05:32:53.470+0000][1][safepoint    ] Leaving safepoint region
[2019-12-09T05:32:53.470+0000][1][safepoint    ] Total time for which application threads were stopped: 0.0000668 seconds, Stopping threads took: 0.0000175 seconds
[2019-12-09T05:32:54.470+0000][1][safepoint    ] Application time: 1.0000763 seconds
[2019-12-09T05:32:54.470+0000][1][safepoint    ] Entering safepoint region: Cleanup
[2019-12-09T05:32:54.470+0000][1][safepoint    ] Leaving safepoint region
[2019-12-09T05:32:54.470+0000][1][safepoint    ] Total time for which application threads were stopped: 0.0000674 seconds, Stopping threads took: 0.0000164 seconds
[2019-12-09T05:32:55.470+0000][1][safepoint    ] Application time: 1.0000750 seconds
[2019-12-09T05:32:55.470+0000][1][safepoint    ] Entering safepoint region: Cleanup
[2019-12-09T05:32:55.470+0000][1][safepoint    ] Leaving safepoint region
[2019-12-09T05:32:55.470+0000][1][safepoint    ] Total time for which application threads were stopped: 0.0000748 seconds, Stopping threads took: 0.0000252 seconds
[2019-12-09T05:32:56.471+0000][1][safepoint    ] Application time: 1.0000768 seconds
[2019-12-09T05:32:56.471+0000][1][safepoint    ] Entering safepoint region: Cleanup
[2019-12-09T05:32:56.471+0000][1][safepoint    ] Leaving safepoint region
[2019-12-09T05:32:56.471+0000][1][safepoint    ] Total time for which application threads were stopped: 0.0000684 seconds, Stopping threads took: 0.0000174 seconds
[2019-12-09T05:32:57.471+0000][1][safepoint    ] Application time: 1.0000784 seconds
[2019-12-09T05:32:57.471+0000][1][safepoint    ] Entering safepoint region: Cleanup
[2019-12-09T05:32:57.471+0000][1][safepoint    ] Leaving safepoint region
[2019-12-09T05:32:57.471+0000][1][safepoint    ] Total time for which application threads were stopped: 0.0000684 seconds, Stopping threads took: 0.0000172 seconds
[2019-12-09T05:32:58.471+0000][1][safepoint    ] Application time: 1.0000765 seconds
[2019-12-09T05:32:58.471+0000][1][safepoint    ] Entering safepoint region: Cleanup
[2019-12-09T05:32:58.471+0000][1][safepoint    ] Leaving safepoint region
[2019-12-09T05:32:58.471+0000][1][safepoint    ] Total time for which application threads were stopped: 0.0000656 seconds, Stopping threads took: 0.0000175 seconds
[2019-12-09T05:32:59.471+0000][1][safepoint    ] Application time: 1.0000777 seconds
[2019-12-09T05:32:59.471+0000][1][safepoint    ] Entering safepoint region: Cleanup
[2019-12-09T05:32:59.471+0000][1][safepoint    ] Leaving safepoint region
[2019-12-09T05:32:59.471+0000][1][safepoint    ] Total time for which application threads were stopped: 0.0000662 seconds, Stopping threads took: 0.0000167 seconds
[2019-12-09T05:33:00.471+0000][1][safepoint    ] Application time: 1.0000756 seconds
[2019-12-09T05:33:00.471+0000][1][safepoint    ] Entering safepoint region: Cleanup
[2019-12-09T05:33:00.471+0000][1][safepoint    ] Leaving safepoint region
[2019-12-09T05:33:00.471+0000][1][safepoint    ] Total time for which application threads were stopped: 0.0000627 seconds, Stopping threads took: 0.0000162 seconds
[2019-12-09T05:33:01.471+0000][1][safepoint    ] Application time: 1.0000902 seconds
[2019-12-09T05:33:01.472+0000][1][safepoint    ] Entering safepoint region: Cleanup
[2019-12-09T05:33:01.472+0000][1][safepoint    ] Leaving safepoint region
[2019-12-09T05:33:01.472+0000][1][safepoint    ] Total time for which application threads were stopped: 0.0001000 seconds, Stopping threads took: 0.0000237 seconds
[2019-12-09T05:33:02.472+0000][1][safepoint    ] Application time: 1.0000790 seconds
[2019-12-09T05:33:02.472+0000][1][safepoint    ] Entering safepoint region: Cleanup
[2019-12-09T05:33:02.472+0000][1][safepoint    ] Leaving safepoint region
[2019-12-09T05:33:02.472+0000][1][safepoint    ] Total time for which application threads were stopped: 0.0000724 seconds, Stopping threads took: 0.0000183 seconds
[2019-12-09T05:33:03.472+0000][1][safepoint    ] Application time: 1.0000769 seconds
[2019-12-09T05:33:03.472+0000][1][safepoint    ] Entering safepoint region: Cleanup
[2019-12-09T05:33:03.472+0000][1][safepoint    ] Leaving safepoint region
[2019-12-09T05:33:03.472+0000][1][safepoint    ] Total time for which application threads were stopped: 0.0000669 seconds, Stopping threads took: 0.0000172 seconds
[2019-12-09T05:33:04.472+0000][1][safepoint    ] Application time: 1.0000770 seconds
[2019-12-09T05:33:04.472+0000][1][safepoint    ] Entering safepoint region: Cleanup
[2019-12-09T05:33:04.472+0000][1][safepoint    ] Leaving safepoint region
[2019-12-09T05:33:04.472+0000][1][safepoint    ] Total time for which application threads were stopped: 0.0000663 seconds, Stopping threads took: 0.0000167 seconds
[2019-12-09T05:33:05.472+0000][1][safepoint    ] Application time: 1.0000748 seconds
[2019-12-09T05:33:05.472+0000][1][safepoint    ] Entering safepoint region: Cleanup
[2019-12-09T05:33:05.472+0000][1][safepoint    ] Leaving safepoint region
[2019-12-09T05:33:05.472+0000][1][safepoint    ] Total time for which application threads were stopped: 0.0000756 seconds, Stopping threads took: 0.0000235 seconds
[2019-12-09T05:33:06.472+0000][1][safepoint    ] Application time: 1.0000744 seconds
[2019-12-09T05:33:06.473+0000][1][safepoint    ] Entering safepoint region: Cleanup
[2019-12-09T05:33:06.473+0000][1][safepoint    ] Leaving safepoint region
[2019-12-09T05:33:06.473+0000][1][safepoint    ] Total time for which application threads were stopped: 0.0000668 seconds, Stopping threads took: 0.0000173 seconds
[2019-12-09T05:33:07.473+0000][1][safepoint    ] Application time: 1.0000759 seconds
[2019-12-09T05:33:07.473+0000][1][safepoint    ] Entering safepoint region: Cleanup
[2019-12-09T05:33:07.473+0000][1][safepoint    ] Leaving safepoint region
[2019-12-09T05:33:07.473+0000][1][safepoint    ] Total time for which application threads were stopped: 0.0000675 seconds, Stopping threads took: 0.0000184 seconds
[2019-12-09T05:33:08.473+0000][1][safepoint    ] Application time: 1.0000747 seconds
[2019-12-09T05:33:08.473+0000][1][safepoint    ] Entering safepoint region: Cleanup
[2019-12-09T05:33:08.473+0000][1][safepoint    ] Leaving safepoint region
[2019-12-09T05:33:08.473+0000][1][safepoint    ] Total time for which application threads were stopped: 0.0000664 seconds, Stopping threads took: 0.0000174 seconds
[2019-12-09T05:33:08.886+0000][1][safepoint    ] Application time: 0.4133582 seconds
[2019-12-09T05:33:08.886+0000][1][safepoint    ] Entering safepoint region: GenCollectForAllocation
[2019-12-09T05:33:08.886+0000][1][gc,start     ] GC(74) Pause Young (Allocation Failure)
[2019-12-09T05:33:08.886+0000][1][gc,task      ] GC(74) Using 2 workers of 2 for evacuation
[2019-12-09T05:33:08.888+0000][1][gc,age       ] GC(74) Desired survivor size 4456448 bytes, new threshold 6 (max threshold 6)
[2019-12-09T05:33:08.888+0000][1][gc,age       ] GC(74) Age table with threshold 6 (max threshold 6)
[2019-12-09T05:33:08.888+0000][1][gc,age       ] GC(74) - age   1:       3360 bytes,       3360 total
[2019-12-09T05:33:08.888+0000][1][gc,age       ] GC(74) - age   6:       1592 bytes,       4952 total
[2019-12-09T05:33:08.888+0000][1][gc,heap      ] GC(74) ParNew: 69983K->18K(78656K)
[2019-12-09T05:33:08.888+0000][1][gc,heap      ] GC(74) CMS: 69354K->69361K(174784K)
[2019-12-09T05:33:08.888+0000][1][gc,metaspace ] GC(74) Metaspace: 68455K->68455K(1112064K)
[2019-12-09T05:33:08.888+0000][1][gc           ] GC(74) Pause Young (Allocation Failure) 136M->67M(247M) 1.423ms
[2019-12-09T05:33:08.888+0000][1][gc,cpu       ] GC(74) User=0.01s Sys=0.00s Real=0.00s
[2019-12-09T05:33:08.888+0000][1][safepoint    ] Leaving safepoint region
[2019-12-09T05:33:08.888+0000][1][safepoint    ] Total time for which application threads were stopped: 0.0015599 seconds, Stopping threads took: 0.0000164 seconds
[2019-12-09T05:33:09.888+0000][1][safepoint    ] Application time: 1.0000876 seconds
[2019-12-09T05:33:09.888+0000][1][safepoint    ] Entering safepoint region: Cleanup
[2019-12-09T05:33:09.888+0000][1][safepoint    ] Leaving safepoint region
[2019-12-09T05:33:09.888+0000][1][safepoint    ] Total time for which application threads were stopped: 0.0000818 seconds, Stopping threads took: 0.0000299 seconds
[2019-12-09T05:33:10.888+0000][1][safepoint    ] Application time: 1.0000806 seconds
[2019-12-09T05:33:10.888+0000][1][safepoint    ] Entering safepoint region: Cleanup
[2019-12-09T05:33:10.888+0000][1][safepoint    ] Leaving safepoint region
[2019-12-09T05:33:10.888+0000][1][safepoint    ] Total time for which application threads were stopped: 0.0000670 seconds, Stopping threads took: 0.0000176 seconds
[2019-12-09T05:33:11.888+0000][1][safepoint    ] Application time: 1.0000761 seconds
[2019-12-09T05:33:11.888+0000][1][safepoint    ] Entering safepoint region: Cleanup
[2019-12-09T05:33:11.889+0000][1][safepoint    ] Leaving safepoint region
[2019-12-09T05:33:11.889+0000][1][safepoint    ] Total time for which application threads were stopped: 0.0000674 seconds, Stopping threads took: 0.0000176 seconds
[2019-12-09T05:33:12.889+0000][1][safepoint    ] Application time: 1.0000786 seconds
[2019-12-09T05:33:12.889+0000][1][safepoint    ] Entering safepoint region: Cleanup
[2019-12-09T05:33:12.889+0000][1][safepoint    ] Leaving safepoint region
[2019-12-09T05:33:12.889+0000][1][safepoint    ] Total time for which application threads were stopped: 0.0000811 seconds, Stopping threads took: 0.0000167 seconds
[2019-12-09T05:33:13.889+0000][1][safepoint    ] Application time: 1.0000905 seconds
[2019-12-09T05:33:13.889+0000][1][safepoint    ] Entering safepoint region: Cleanup
[2019-12-09T05:33:13.889+0000][1][safepoint    ] Leaving safepoint region
[2019-12-09T05:33:13.889+0000][1][safepoint    ] Total time for which application threads were stopped: 0.0000663 seconds, Stopping threads took: 0.0000162 seconds
[2019-12-09T05:33:14.889+0000][1][safepoint    ] Application time: 1.0000783 seconds
[2019-12-09T05:33:14.889+0000][1][safepoint    ] Entering safepoint region: Cleanup
[2019-12-09T05:33:14.889+0000][1][safepoint    ] Leaving safepoint region
[2019-12-09T05:33:14.889+0000][1][safepoint    ] Total time for which application threads were stopped: 0.0000700 seconds, Stopping threads took: 0.0000170 seconds
[2019-12-09T05:33:15.889+0000][1][safepoint    ] Application time: 1.0000829 seconds
[2019-12-09T05:33:15.889+0000][1][safepoint    ] Entering safepoint region: Cleanup
[2019-12-09T05:33:15.889+0000][1][safepoint    ] Leaving safepoint region
[2019-12-09T05:33:15.889+0000][1][safepoint    ] Total time for which application threads were stopped: 0.0000680 seconds, Stopping threads took: 0.0000174 seconds
[2019-12-09T05:33:16.889+0000][1][safepoint    ] Application time: 1.0001027 seconds
[2019-12-09T05:33:16.889+0000][1][safepoint    ] Entering safepoint region: Cleanup
[2019-12-09T05:33:16.890+0000][1][safepoint    ] Leaving safepoint region
[2019-12-09T05:33:16.890+0000][1][safepoint    ] Total time for which application threads were stopped: 0.0001063 seconds, Stopping threads took: 0.0000241 seconds
[2019-12-09T05:33:17.890+0000][1][safepoint    ] Application time: 1.0000878 seconds
[2019-12-09T05:33:17.890+0000][1][safepoint    ] Entering safepoint region: Cleanup
[2019-12-09T05:33:17.890+0000][1][safepoint    ] Leaving safepoint region
[2019-12-09T05:33:17.890+0000][1][safepoint    ] Total time for which application threads were stopped: 0.0000965 seconds, Stopping threads took: 0.0000247 seconds
[2019-12-09T05:33:18.890+0000][1][safepoint    ] Application time: 1.0000900 seconds
[2019-12-09T05:33:18.890+0000][1][safepoint    ] Entering safepoint region: Cleanup
[2019-12-09T05:33:18.890+0000][1][safepoint    ] Leaving safepoint region
[2019-12-09T05:33:18.890+0000][1][safepoint    ] Total time for which application threads were stopped: 0.0000949 seconds, Stopping threads took: 0.0000234 seconds
[2019-12-09T05:33:19.890+0000][1][safepoint    ] Application time: 1.0000771 seconds
[2019-12-09T05:33:19.890+0000][1][safepoint    ] Entering safepoint region: Cleanup
[2019-12-09T05:33:19.890+0000][1][safepoint    ] Leaving safepoint region
[2019-12-09T05:33:19.890+0000][1][safepoint    ] Total time for which application threads were stopped: 0.0000669 seconds, Stopping threads took: 0.0000181 seconds
[2019-12-09T05:33:20.890+0000][1][safepoint    ] Application time: 1.0000739 seconds
[2019-12-09T05:33:20.890+0000][1][safepoint    ] Entering safepoint region: Cleanup
[2019-12-09T05:33:20.890+0000][1][safepoint    ] Leaving safepoint region
[2019-12-09T05:33:20.890+0000][1][safepoint    ] Total time for which application threads were stopped: 0.0000766 seconds, Stopping threads took: 0.0000280 seconds
[2019-12-09T05:33:21.891+0000][1][safepoint    ] Application time: 1.0000761 seconds
[2019-12-09T05:33:21.891+0000][1][safepoint    ] Entering safepoint region: Cleanup
[2019-12-09T05:33:21.891+0000][1][safepoint    ] Leaving safepoint region
[2019-12-09T05:33:21.891+0000][1][safepoint    ] Total time for which application threads were stopped: 0.0000706 seconds, Stopping threads took: 0.0000160 seconds
[2019-12-09T05:33:22.891+0000][1][safepoint    ] Application time: 1.0000764 seconds
[2019-12-09T05:33:22.891+0000][1][safepoint    ] Entering safepoint region: Cleanup
[2019-12-09T05:33:22.891+0000][1][safepoint    ] Leaving safepoint region
[2019-12-09T05:33:22.891+0000][1][safepoint    ] Total time for which application threads were stopped: 0.0000762 seconds, Stopping threads took: 0.0000176 seconds
[2019-12-09T05:33:23.891+0000][1][safepoint    ] Application time: 1.0000765 seconds
[2019-12-09T05:33:23.891+0000][1][safepoint    ] Entering safepoint region: Cleanup
[2019-12-09T05:33:23.891+0000][1][safepoint    ] Leaving safepoint region
[2019-12-09T05:33:23.891+0000][1][safepoint    ] Total time for which application threads were stopped: 0.0000682 seconds, Stopping threads took: 0.0000190 seconds
[2019-12-09T05:33:24.891+0000][1][safepoint    ] Application time: 1.0000761 seconds
[2019-12-09T05:33:24.891+0000][1][safepoint    ] Entering safepoint region: Cleanup
[2019-12-09T05:33:24.891+0000][1][safepoint    ] Leaving safepoint region
[2019-12-09T05:33:24.891+0000][1][safepoint    ] Total time for which application threads were stopped: 0.0000677 seconds, Stopping threads took: 0.0000177 seconds
[2019-12-09T05:33:25.891+0000][1][safepoint    ] Application time: 1.0000758 seconds
[2019-12-09T05:33:25.891+0000][1][safepoint    ] Entering safepoint region: Cleanup
[2019-12-09T05:33:25.891+0000][1][safepoint    ] Leaving safepoint region
[2019-12-09T05:33:25.891+0000][1][safepoint    ] Total time for which application threads were stopped: 0.0000698 seconds, Stopping threads took: 0.0000185 seconds
[2019-12-09T05:33:26.891+0000][1][safepoint    ] Application time: 1.0000760 seconds
[2019-12-09T05:33:26.892+0000][1][safepoint    ] Entering safepoint region: Cleanup
[2019-12-09T05:33:26.892+0000][1][safepoint    ] Leaving safepoint region
[2019-12-09T05:33:26.892+0000][1][safepoint    ] Total time for which application threads were stopped: 0.0000761 seconds, Stopping threads took: 0.0000179 seconds
[2019-12-09T05:33:27.892+0000][1][safepoint    ] Application time: 1.0000828 seconds
[2019-12-09T05:33:27.892+0000][1][safepoint    ] Entering safepoint region: Cleanup
[2019-12-09T05:33:27.892+0000][1][safepoint    ] Leaving safepoint region
[2019-12-09T05:33:27.892+0000][1][safepoint    ] Total time for which application threads were stopped: 0.0000687 seconds, Stopping threads took: 0.0000178 seconds
[2019-12-09T05:33:28.892+0000][1][safepoint    ] Application time: 1.0000767 seconds
[2019-12-09T05:33:28.892+0000][1][safepoint    ] Entering safepoint region: Cleanup
[2019-12-09T05:33:28.892+0000][1][safepoint    ] Leaving safepoint region
[2019-12-09T05:33:28.892+0000][1][safepoint    ] Total time for which application threads were stopped: 0.0000672 seconds, Stopping threads took: 0.0000166 seconds
[2019-12-09T05:33:29.892+0000][1][safepoint    ] Application time: 1.0000747 seconds
[2019-12-09T05:33:29.892+0000][1][safepoint    ] Entering safepoint region: Cleanup
[2019-12-09T05:33:29.892+0000][1][safepoint    ] Leaving safepoint region
[2019-12-09T05:33:29.892+0000][1][safepoint    ] Total time for which application threads were stopped: 0.0000685 seconds, Stopping threads took: 0.0000193 seconds
[2019-12-09T05:33:30.892+0000][1][safepoint    ] Application time: 1.0000762 seconds
[2019-12-09T05:33:30.892+0000][1][safepoint    ] Entering safepoint region: Cleanup
[2019-12-09T05:33:30.892+0000][1][safepoint    ] Leaving safepoint region
[2019-12-09T05:33:30.892+0000][1][safepoint    ] Total time for which application threads were stopped: 0.0000672 seconds, Stopping threads took: 0.0000162 seconds
[2019-12-09T05:33:31.892+0000][1][safepoint    ] Application time: 1.0000766 seconds
[2019-12-09T05:33:31.892+0000][1][safepoint    ] Entering safepoint region: Cleanup
[2019-12-09T05:33:31.893+0000][1][safepoint    ] Leaving safepoint region
[2019-12-09T05:33:31.893+0000][1][safepoint    ] Total time for which application threads were stopped: 0.0000694 seconds, Stopping threads took: 0.0000185 seconds
[2019-12-09T05:33:32.893+0000][1][safepoint    ] Application time: 1.0000756 seconds
[2019-12-09T05:33:32.893+0000][1][safepoint    ] Entering safepoint region: Cleanup
[2019-12-09T05:33:32.893+0000][1][safepoint    ] Leaving safepoint region
[2019-12-09T05:33:32.893+0000][1][safepoint    ] Total time for which application threads were stopped: 0.0000770 seconds, Stopping threads took: 0.0000266 seconds
[2019-12-09T05:33:33.893+0000][1][safepoint    ] Application time: 1.0000774 seconds
[2019-12-09T05:33:33.893+0000][1][safepoint    ] Entering safepoint region: Cleanup
[2019-12-09T05:33:33.893+0000][1][safepoint    ] Leaving safepoint region
[2019-12-09T05:33:33.893+0000][1][safepoint    ] Total time for which application threads were stopped: 0.0000673 seconds, Stopping threads took: 0.0000178 seconds
[2019-12-09T05:33:34.893+0000][1][safepoint    ] Application time: 1.0000748 seconds
[2019-12-09T05:33:34.893+0000][1][safepoint    ] Entering safepoint region: Cleanup
[2019-12-09T05:33:34.893+0000][1][safepoint    ] Leaving safepoint region
[2019-12-09T05:33:34.893+0000][1][safepoint    ] Total time for which application threads were stopped: 0.0000658 seconds, Stopping threads took: 0.0000159 seconds
[2019-12-09T05:33:35.893+0000][1][safepoint    ] Application time: 1.0000754 seconds
[2019-12-09T05:33:35.893+0000][1][safepoint    ] Entering safepoint region: Cleanup
[2019-12-09T05:33:35.893+0000][1][safepoint    ] Leaving safepoint region
[2019-12-09T05:33:35.893+0000][1][safepoint    ] Total time for which application threads were stopped: 0.0000666 seconds, Stopping threads took: 0.0000171 seconds
[2019-12-09T05:33:36.893+0000][1][safepoint    ] Application time: 1.0000752 seconds
[2019-12-09T05:33:36.893+0000][1][safepoint    ] Entering safepoint region: Cleanup
[2019-12-09T05:33:36.893+0000][1][safepoint    ] Leaving safepoint region
[2019-12-09T05:33:36.894+0000][1][safepoint    ] Total time for which application threads were stopped: 0.0000760 seconds, Stopping threads took: 0.0000166 seconds
[2019-12-09T05:33:37.894+0000][1][safepoint    ] Application time: 1.0000767 seconds
[2019-12-09T05:33:37.894+0000][1][safepoint    ] Entering safepoint region: Cleanup
[2019-12-09T05:33:37.894+0000][1][safepoint    ] Leaving safepoint region
[2019-12-09T05:33:37.894+0000][1][safepoint    ] Total time for which application threads were stopped: 0.0000803 seconds, Stopping threads took: 0.0000169 seconds
[2019-12-09T05:33:38.894+0000][1][safepoint    ] Application time: 1.0000607 seconds
[2019-12-09T05:33:38.894+0000][1][safepoint    ] Entering safepoint region: Cleanup
[2019-12-09T05:33:38.894+0000][1][safepoint    ] Leaving safepoint region
[2019-12-09T05:33:38.894+0000][1][safepoint    ] Total time for which application threads were stopped: 0.0000646 seconds, Stopping threads took: 0.0000163 seconds
[2019-12-09T05:33:39.894+0000][1][safepoint    ] Application time: 1.0000754 seconds
[2019-12-09T05:33:39.894+0000][1][safepoint    ] Entering safepoint region: Cleanup
[2019-12-09T05:33:39.894+0000][1][safepoint    ] Leaving safepoint region
[2019-12-09T05:33:39.894+0000][1][safepoint    ] Total time for which application threads were stopped: 0.0000677 seconds, Stopping threads took: 0.0000174 seconds
[2019-12-09T05:33:40.894+0000][1][safepoint    ] Application time: 1.0000771 seconds
[2019-12-09T05:33:40.894+0000][1][safepoint    ] Entering safepoint region: Cleanup
[2019-12-09T05:33:40.894+0000][1][safepoint    ] Leaving safepoint region
[2019-12-09T05:33:40.894+0000][1][safepoint    ] Total time for which application threads were stopped: 0.0000668 seconds, Stopping threads took: 0.0000181 seconds
[2019-12-09T05:33:41.894+0000][1][safepoint    ] Application time: 1.0000770 seconds
[2019-12-09T05:33:41.894+0000][1][safepoint    ] Entering safepoint region: Cleanup
[2019-12-09T05:33:41.894+0000][1][safepoint    ] Leaving safepoint region
[2019-12-09T05:33:41.894+0000][1][safepoint    ] Total time for which application threads were stopped: 0.0000615 seconds, Stopping threads took: 0.0000144 seconds
[2019-12-09T05:33:42.895+0000][1][safepoint    ] Application time: 1.0000752 seconds
[2019-12-09T05:33:42.895+0000][1][safepoint    ] Entering safepoint region: Cleanup
[2019-12-09T05:33:42.895+0000][1][safepoint    ] Leaving safepoint region
[2019-12-09T05:33:42.895+0000][1][safepoint    ] Total time for which application threads were stopped: 0.0000626 seconds, Stopping threads took: 0.0000154 seconds
[2019-12-09T05:33:43.895+0000][1][safepoint    ] Application time: 1.0000768 seconds
[2019-12-09T05:33:43.895+0000][1][safepoint    ] Entering safepoint region: Cleanup
[2019-12-09T05:33:43.895+0000][1][safepoint    ] Leaving safepoint region
[2019-12-09T05:33:43.895+0000][1][safepoint    ] Total time for which application threads were stopped: 0.0000617 seconds, Stopping threads took: 0.0000152 seconds
[2019-12-09T05:33:44.895+0000][1][safepoint    ] Application time: 1.0000864 seconds
[2019-12-09T05:33:44.895+0000][1][safepoint    ] Entering safepoint region: Cleanup
[2019-12-09T05:33:44.895+0000][1][safepoint    ] Leaving safepoint region
[2019-12-09T05:33:44.895+0000][1][safepoint    ] Total time for which application threads were stopped: 0.0000747 seconds, Stopping threads took: 0.0000154 seconds
[2019-12-09T05:33:45.895+0000][1][safepoint    ] Application time: 1.0000751 seconds
[2019-12-09T05:33:45.895+0000][1][safepoint    ] Entering safepoint region: Cleanup
[2019-12-09T05:33:45.895+0000][1][safepoint    ] Leaving safepoint region
[2019-12-09T05:33:45.895+0000][1][safepoint    ] Total time for which application threads were stopped: 0.0000648 seconds, Stopping threads took: 0.0000169 seconds
[2019-12-09T05:33:46.895+0000][1][safepoint    ] Application time: 1.0000760 seconds
[2019-12-09T05:33:46.895+0000][1][safepoint    ] Entering safepoint region: Cleanup
[2019-12-09T05:33:46.895+0000][1][safepoint    ] Leaving safepoint region
[2019-12-09T05:33:46.895+0000][1][safepoint    ] Total time for which application threads were stopped: 0.0000651 seconds, Stopping threads took: 0.0000158 seconds
[2019-12-09T05:33:47.895+0000][1][safepoint    ] Application time: 1.0000761 seconds
[2019-12-09T05:33:47.895+0000][1][safepoint    ] Entering safepoint region: Cleanup
[2019-12-09T05:33:47.895+0000][1][safepoint    ] Leaving safepoint region
[2019-12-09T05:33:47.895+0000][1][safepoint    ] Total time for which application threads were stopped: 0.0000736 seconds, Stopping threads took: 0.0000165 seconds
[2019-12-09T05:33:48.896+0000][1][safepoint    ] Application time: 1.0000812 seconds
[2019-12-09T05:33:48.896+0000][1][safepoint    ] Entering safepoint region: Cleanup
[2019-12-09T05:33:48.896+0000][1][safepoint    ] Leaving safepoint region
[2019-12-09T05:33:48.896+0000][1][safepoint    ] Total time for which application threads were stopped: 0.0000808 seconds, Stopping threads took: 0.0000173 seconds
[2019-12-09T05:33:49.896+0000][1][safepoint    ] Application time: 1.0000765 seconds
[2019-12-09T05:33:49.896+0000][1][safepoint    ] Entering safepoint region: Cleanup
[2019-12-09T05:33:49.896+0000][1][safepoint    ] Leaving safepoint region
[2019-12-09T05:33:49.896+0000][1][safepoint    ] Total time for which application threads were stopped: 0.0000623 seconds, Stopping threads took: 0.0000153 seconds
[2019-12-09T05:33:50.896+0000][1][safepoint    ] Application time: 1.0000782 seconds
[2019-12-09T05:33:50.896+0000][1][safepoint    ] Entering safepoint region: Cleanup
[2019-12-09T05:33:50.896+0000][1][safepoint    ] Leaving safepoint region
[2019-12-09T05:33:50.896+0000][1][safepoint    ] Total time for which application threads were stopped: 0.0000753 seconds, Stopping threads took: 0.0000233 seconds
[2019-12-09T05:33:51.896+0000][1][safepoint    ] Application time: 1.0000794 seconds
[2019-12-09T05:33:51.896+0000][1][safepoint    ] Entering safepoint region: Cleanup
[2019-12-09T05:33:51.896+0000][1][safepoint    ] Leaving safepoint region
[2019-12-09T05:33:51.896+0000][1][safepoint    ] Total time for which application threads were stopped: 0.0000642 seconds, Stopping threads took: 0.0000149 seconds
[2019-12-09T05:33:52.896+0000][1][safepoint    ] Application time: 1.0000771 seconds
[2019-12-09T05:33:52.896+0000][1][safepoint    ] Entering safepoint region: Cleanup
[2019-12-09T05:33:52.896+0000][1][safepoint    ] Leaving safepoint region
[2019-12-09T05:33:52.896+0000][1][safepoint    ] Total time for which application threads were stopped: 0.0000684 seconds, Stopping threads took: 0.0000175 seconds
[2019-12-09T05:33:53.897+0000][1][safepoint    ] Application time: 1.0000759 seconds
[2019-12-09T05:33:53.897+0000][1][safepoint    ] Entering safepoint region: Cleanup
[2019-12-09T05:33:53.897+0000][1][safepoint    ] Leaving safepoint region
[2019-12-09T05:33:53.897+0000][1][safepoint    ] Total time for which application threads were stopped: 0.0000652 seconds, Stopping threads took: 0.0000159 seconds
[2019-12-09T05:33:54.897+0000][1][safepoint    ] Application time: 1.0000751 seconds
[2019-12-09T05:33:54.897+0000][1][safepoint    ] Entering safepoint region: Cleanup
[2019-12-09T05:33:54.897+0000][1][safepoint    ] Leaving safepoint region
[2019-12-09T05:33:54.897+0000][1][safepoint    ] Total time for which application threads were stopped: 0.0000643 seconds, Stopping threads took: 0.0000161 seconds
[2019-12-09T05:33:55.897+0000][1][safepoint    ] Application time: 1.0000746 seconds
[2019-12-09T05:33:55.897+0000][1][safepoint    ] Entering safepoint region: Cleanup
[2019-12-09T05:33:55.897+0000][1][safepoint    ] Leaving safepoint region
[2019-12-09T05:33:55.897+0000][1][safepoint    ] Total time for which application threads were stopped: 0.0000657 seconds, Stopping threads took: 0.0000176 seconds
[2019-12-09T05:33:56.897+0000][1][safepoint    ] Application time: 1.0000872 seconds
[2019-12-09T05:33:56.897+0000][1][safepoint    ] Entering safepoint region: Cleanup
[2019-12-09T05:33:56.897+0000][1][safepoint    ] Leaving safepoint region
[2019-12-09T05:33:56.897+0000][1][safepoint    ] Total time for which application threads were stopped: 0.0000908 seconds, Stopping threads took: 0.0000224 seconds
[2019-12-09T05:33:57.897+0000][1][safepoint    ] Application time: 1.0000771 seconds
[2019-12-09T05:33:57.897+0000][1][safepoint    ] Entering safepoint region: Cleanup
[2019-12-09T05:33:57.897+0000][1][safepoint    ] Leaving safepoint region
[2019-12-09T05:33:57.897+0000][1][safepoint    ] Total time for which application threads were stopped: 0.0000675 seconds, Stopping threads took: 0.0000166 seconds
[2019-12-09T05:33:58.897+0000][1][safepoint    ] Application time: 1.0000778 seconds
[2019-12-09T05:33:58.898+0000][1][safepoint    ] Entering safepoint region: Cleanup
[2019-12-09T05:33:58.898+0000][1][safepoint    ] Leaving safepoint region
[2019-12-09T05:33:58.898+0000][1][safepoint    ] Total time for which application threads were stopped: 0.0000669 seconds, Stopping threads took: 0.0000196 seconds
[2019-12-09T05:33:59.898+0000][1][safepoint    ] Application time: 1.0000910 seconds
[2019-12-09T05:33:59.898+0000][1][safepoint    ] Entering safepoint region: Cleanup
[2019-12-09T05:33:59.898+0000][1][safepoint    ] Leaving safepoint region
[2019-12-09T05:33:59.898+0000][1][safepoint    ] Total time for which application threads were stopped: 0.0000663 seconds, Stopping threads took: 0.0000168 seconds
[2019-12-09T05:34:00.898+0000][1][safepoint    ] Application time: 1.0000762 seconds
[2019-12-09T05:34:00.898+0000][1][safepoint    ] Entering safepoint region: Cleanup
[2019-12-09T05:34:00.898+0000][1][safepoint    ] Leaving safepoint region
[2019-12-09T05:34:00.898+0000][1][safepoint    ] Total time for which application threads were stopped: 0.0000666 seconds, Stopping threads took: 0.0000172 seconds
[2019-12-09T05:34:01.898+0000][1][safepoint    ] Application time: 1.0000778 seconds
[2019-12-09T05:34:01.898+0000][1][safepoint    ] Entering safepoint region: Cleanup
[2019-12-09T05:34:01.898+0000][1][safepoint    ] Leaving safepoint region
[2019-12-09T05:34:01.898+0000][1][safepoint    ] Total time for which application threads were stopped: 0.0000661 seconds, Stopping threads took: 0.0000170 seconds
[2019-12-09T05:34:02.898+0000][1][safepoint    ] Application time: 1.0000773 seconds
[2019-12-09T05:34:02.898+0000][1][safepoint    ] Entering safepoint region: Cleanup
[2019-12-09T05:34:02.898+0000][1][safepoint    ] Leaving safepoint region
[2019-12-09T05:34:02.898+0000][1][safepoint    ] Total time for which application threads were stopped: 0.0000647 seconds, Stopping threads took: 0.0000160 seconds
[2019-12-09T05:34:03.898+0000][1][safepoint    ] Application time: 1.0000735 seconds
[2019-12-09T05:34:03.898+0000][1][safepoint    ] Entering safepoint region: Cleanup
[2019-12-09T05:34:03.899+0000][1][safepoint    ] Leaving safepoint region
[2019-12-09T05:34:03.899+0000][1][safepoint    ] Total time for which application threads were stopped: 0.0000596 seconds, Stopping threads took: 0.0000144 seconds
[2019-12-09T05:34:04.899+0000][1][safepoint    ] Application time: 1.0000744 seconds
[2019-12-09T05:34:04.899+0000][1][safepoint    ] Entering safepoint region: Cleanup
[2019-12-09T05:34:04.899+0000][1][safepoint    ] Leaving safepoint region
[2019-12-09T05:34:04.899+0000][1][safepoint    ] Total time for which application threads were stopped: 0.0000776 seconds, Stopping threads took: 0.0000162 seconds
[2019-12-09T05:34:05.899+0000][1][safepoint    ] Application time: 1.0000751 seconds
[2019-12-09T05:34:05.899+0000][1][safepoint    ] Entering safepoint region: Cleanup
[2019-12-09T05:34:05.899+0000][1][safepoint    ] Leaving safepoint region
[2019-12-09T05:34:05.899+0000][1][safepoint    ] Total time for which application threads were stopped: 0.0000653 seconds, Stopping threads took: 0.0000179 seconds
[2019-12-09T05:34:06.899+0000][1][safepoint    ] Application time: 1.0000717 seconds
[2019-12-09T05:34:06.899+0000][1][safepoint    ] Entering safepoint region: Cleanup
[2019-12-09T05:34:06.899+0000][1][safepoint    ] Leaving safepoint region
[2019-12-09T05:34:06.899+0000][1][safepoint    ] Total time for which application threads were stopped: 0.0000615 seconds, Stopping threads took: 0.0000159 seconds
[2019-12-09T05:34:07.899+0000][1][safepoint    ] Application time: 1.0000742 seconds
[2019-12-09T05:34:07.899+0000][1][safepoint    ] Entering safepoint region: Cleanup
[2019-12-09T05:34:07.899+0000][1][safepoint    ] Leaving safepoint region
[2019-12-09T05:34:07.899+0000][1][safepoint    ] Total time for which application threads were stopped: 0.0000653 seconds, Stopping threads took: 0.0000148 seconds
[2019-12-09T05:34:08.899+0000][1][safepoint    ] Application time: 1.0000798 seconds
[2019-12-09T05:34:08.899+0000][1][safepoint    ] Entering safepoint region: Cleanup
[2019-12-09T05:34:08.899+0000][1][safepoint    ] Leaving safepoint region
[2019-12-09T05:34:08.899+0000][1][safepoint    ] Total time for which application threads were stopped: 0.0000660 seconds, Stopping threads took: 0.0000157 seconds
[2019-12-09T05:34:09.900+0000][1][safepoint    ] Application time: 1.0000780 seconds
[2019-12-09T05:34:09.900+0000][1][safepoint    ] Entering safepoint region: Cleanup
[2019-12-09T05:34:09.900+0000][1][safepoint    ] Leaving safepoint region
[2019-12-09T05:34:09.900+0000][1][safepoint    ] Total time for which application threads were stopped: 0.0000639 seconds, Stopping threads took: 0.0000167 seconds
[2019-12-09T05:34:10.900+0000][1][safepoint    ] Application time: 1.0000823 seconds
[2019-12-09T05:34:10.900+0000][1][safepoint    ] Entering safepoint region: Cleanup
[2019-12-09T05:34:10.900+0000][1][safepoint    ] Leaving safepoint region
[2019-12-09T05:34:10.900+0000][1][safepoint    ] Total time for which application threads were stopped: 0.0000621 seconds, Stopping threads took: 0.0000166 seconds
[2019-12-09T05:34:11.900+0000][1][safepoint    ] Application time: 1.0000761 seconds
[2019-12-09T05:34:11.900+0000][1][safepoint    ] Entering safepoint region: Cleanup
[2019-12-09T05:34:11.900+0000][1][safepoint    ] Leaving safepoint region
[2019-12-09T05:34:11.900+0000][1][safepoint    ] Total time for which application threads were stopped: 0.0000645 seconds, Stopping threads took: 0.0000161 seconds
[2019-12-09T05:34:12.900+0000][1][safepoint    ] Application time: 1.0000761 seconds
[2019-12-09T05:34:12.900+0000][1][safepoint    ] Entering safepoint region: Cleanup
[2019-12-09T05:34:12.900+0000][1][safepoint    ] Leaving safepoint region
[2019-12-09T05:34:12.900+0000][1][safepoint    ] Total time for which application threads were stopped: 0.0000656 seconds, Stopping threads took: 0.0000167 seconds
[2019-12-09T05:34:13.900+0000][1][safepoint    ] Application time: 1.0000763 seconds
[2019-12-09T05:34:13.900+0000][1][safepoint    ] Entering safepoint region: Cleanup
[2019-12-09T05:34:13.900+0000][1][safepoint    ] Leaving safepoint region
[2019-12-09T05:34:13.900+0000][1][safepoint    ] Total time for which application threads were stopped: 0.0000625 seconds, Stopping threads took: 0.0000176 seconds
[2019-12-09T05:34:14.900+0000][1][safepoint    ] Application time: 1.0000756 seconds
[2019-12-09T05:34:14.900+0000][1][safepoint    ] Entering safepoint region: Cleanup
[2019-12-09T05:34:14.900+0000][1][safepoint    ] Leaving safepoint region
[2019-12-09T05:34:14.900+0000][1][safepoint    ] Total time for which application threads were stopped: 0.0000643 seconds, Stopping threads took: 0.0000165 seconds
[2019-12-09T05:34:15.901+0000][1][safepoint    ] Application time: 1.0000754 seconds
[2019-12-09T05:34:15.901+0000][1][safepoint    ] Entering safepoint region: Cleanup
[2019-12-09T05:34:15.901+0000][1][safepoint    ] Leaving safepoint region
[2019-12-09T05:34:15.901+0000][1][safepoint    ] Total time for which application threads were stopped: 0.0000631 seconds, Stopping threads took: 0.0000165 seconds
[2019-12-09T05:34:16.901+0000][1][safepoint    ] Application time: 1.0000762 seconds
[2019-12-09T05:34:16.901+0000][1][safepoint    ] Entering safepoint region: Cleanup
[2019-12-09T05:34:16.901+0000][1][safepoint    ] Leaving safepoint region
[2019-12-09T05:34:16.901+0000][1][safepoint    ] Total time for which application threads were stopped: 0.0000681 seconds, Stopping threads took: 0.0000185 seconds
[2019-12-09T05:34:17.901+0000][1][safepoint    ] Application time: 1.0000760 seconds
[2019-12-09T05:34:17.901+0000][1][safepoint    ] Entering safepoint region: Cleanup
[2019-12-09T05:34:17.901+0000][1][safepoint    ] Leaving safepoint region
[2019-12-09T05:34:17.901+0000][1][safepoint    ] Total time for which application threads were stopped: 0.0000643 seconds, Stopping threads took: 0.0000185 seconds
[2019-12-09T05:34:18.901+0000][1][safepoint    ] Application time: 1.0000934 seconds
[2019-12-09T05:34:18.901+0000][1][safepoint    ] Entering safepoint region: Cleanup
[2019-12-09T05:34:18.901+0000][1][safepoint    ] Leaving safepoint region
[2019-12-09T05:34:18.901+0000][1][safepoint    ] Total time for which application threads were stopped: 0.0000946 seconds, Stopping threads took: 0.0000241 seconds
[2019-12-09T05:34:19.901+0000][1][safepoint    ] Application time: 1.0000840 seconds
[2019-12-09T05:34:19.901+0000][1][safepoint    ] Entering safepoint region: Cleanup
[2019-12-09T05:34:19.901+0000][1][safepoint    ] Leaving safepoint region
[2019-12-09T05:34:19.901+0000][1][safepoint    ] Total time for which application threads were stopped: 0.0000643 seconds, Stopping threads took: 0.0000158 seconds
[2019-12-09T05:34:20.902+0000][1][safepoint    ] Application time: 1.0000809 seconds
[2019-12-09T05:34:20.902+0000][1][safepoint    ] Entering safepoint region: Cleanup
[2019-12-09T05:34:20.902+0000][1][safepoint    ] Leaving safepoint region
[2019-12-09T05:34:20.902+0000][1][safepoint    ] Total time for which application threads were stopped: 0.0000736 seconds, Stopping threads took: 0.0000244 seconds
[2019-12-09T05:34:21.902+0000][1][safepoint    ] Application time: 1.0000815 seconds
[2019-12-09T05:34:21.902+0000][1][safepoint    ] Entering safepoint region: Cleanup
[2019-12-09T05:34:21.902+0000][1][safepoint    ] Leaving safepoint region
[2019-12-09T05:34:21.902+0000][1][safepoint    ] Total time for which application threads were stopped: 0.0000670 seconds, Stopping threads took: 0.0000177 seconds
[2019-12-09T05:34:22.902+0000][1][safepoint    ] Application time: 1.0000732 seconds
[2019-12-09T05:34:22.902+0000][1][safepoint    ] Entering safepoint region: Cleanup
[2019-12-09T05:34:22.902+0000][1][safepoint    ] Leaving safepoint region
[2019-12-09T05:34:22.902+0000][1][safepoint    ] Total time for which application threads were stopped: 0.0000625 seconds, Stopping threads took: 0.0000159 seconds
[2019-12-09T05:34:23.902+0000][1][safepoint    ] Application time: 1.0000762 seconds
[2019-12-09T05:34:23.902+0000][1][safepoint    ] Entering safepoint region: Cleanup
[2019-12-09T05:34:23.902+0000][1][safepoint    ] Leaving safepoint region
[2019-12-09T05:34:23.902+0000][1][safepoint    ] Total time for which application threads were stopped: 0.0000623 seconds, Stopping threads took: 0.0000160 seconds
[2019-12-09T05:34:24.902+0000][1][safepoint    ] Application time: 1.0000767 seconds
[2019-12-09T05:34:24.902+0000][1][safepoint    ] Entering safepoint region: Cleanup
[2019-12-09T05:34:24.902+0000][1][safepoint    ] Leaving safepoint region
[2019-12-09T05:34:24.902+0000][1][safepoint    ] Total time for which application threads were stopped: 0.0000626 seconds, Stopping threads took: 0.0000155 seconds
[2019-12-09T05:34:25.902+0000][1][safepoint    ] Application time: 1.0000768 seconds
[2019-12-09T05:34:25.902+0000][1][safepoint    ] Entering safepoint region: Cleanup
[2019-12-09T05:34:25.903+0000][1][safepoint    ] Leaving safepoint region
[2019-12-09T05:34:25.903+0000][1][safepoint    ] Total time for which application threads were stopped: 0.0000649 seconds, Stopping threads took: 0.0000167 seconds
[2019-12-09T05:34:26.903+0000][1][safepoint    ] Application time: 1.0000752 seconds
[2019-12-09T05:34:26.903+0000][1][safepoint    ] Entering safepoint region: Cleanup
[2019-12-09T05:34:26.903+0000][1][safepoint    ] Leaving safepoint region
[2019-12-09T05:34:26.903+0000][1][safepoint    ] Total time for which application threads were stopped: 0.0000755 seconds, Stopping threads took: 0.0000173 seconds
[2019-12-09T05:34:27.903+0000][1][safepoint    ] Application time: 1.0000771 seconds
[2019-12-09T05:34:27.903+0000][1][safepoint    ] Entering safepoint region: Cleanup
[2019-12-09T05:34:27.903+0000][1][safepoint    ] Leaving safepoint region
[2019-12-09T05:34:27.903+0000][1][safepoint    ] Total time for which application threads were stopped: 0.0000648 seconds, Stopping threads took: 0.0000166 seconds
[2019-12-09T05:34:28.903+0000][1][safepoint    ] Application time: 1.0000962 seconds
[2019-12-09T05:34:28.903+0000][1][safepoint    ] Entering safepoint region: Cleanup
[2019-12-09T05:34:28.903+0000][1][safepoint    ] Leaving safepoint region
[2019-12-09T05:34:28.903+0000][1][safepoint    ] Total time for which application threads were stopped: 0.0000907 seconds, Stopping threads took: 0.0000222 seconds
[2019-12-09T05:34:29.903+0000][1][safepoint    ] Application time: 1.0000789 seconds
[2019-12-09T05:34:29.903+0000][1][safepoint    ] Entering safepoint region: Cleanup
[2019-12-09T05:34:29.903+0000][1][safepoint    ] Leaving safepoint region
[2019-12-09T05:34:29.903+0000][1][safepoint    ] Total time for which application threads were stopped: 0.0000665 seconds, Stopping threads took: 0.0000185 seconds
[2019-12-09T05:34:30.903+0000][1][safepoint    ] Application time: 1.0000765 seconds
[2019-12-09T05:34:30.903+0000][1][safepoint    ] Entering safepoint region: Cleanup
[2019-12-09T05:34:30.904+0000][1][safepoint    ] Leaving safepoint region
[2019-12-09T05:34:30.904+0000][1][safepoint    ] Total time for which application threads were stopped: 0.0000685 seconds, Stopping threads took: 0.0000181 seconds
[2019-12-09T05:34:31.904+0000][1][safepoint    ] Application time: 1.0000778 seconds
[2019-12-09T05:34:31.904+0000][1][safepoint    ] Entering safepoint region: Cleanup
[2019-12-09T05:34:31.904+0000][1][safepoint    ] Leaving safepoint region
[2019-12-09T05:34:31.904+0000][1][safepoint    ] Total time for which application threads were stopped: 0.0000765 seconds, Stopping threads took: 0.0000167 seconds
[2019-12-09T05:34:32.904+0000][1][safepoint    ] Application time: 1.0000761 seconds
[2019-12-09T05:34:32.904+0000][1][safepoint    ] Entering safepoint region: Cleanup
[2019-12-09T05:34:32.904+0000][1][safepoint    ] Leaving safepoint region
[2019-12-09T05:34:32.904+0000][1][safepoint    ] Total time for which application threads were stopped: 0.0000651 seconds, Stopping threads took: 0.0000158 seconds
[2019-12-09T05:34:33.904+0000][1][safepoint    ] Application time: 1.0000758 seconds
[2019-12-09T05:34:33.904+0000][1][safepoint    ] Entering safepoint region: Cleanup
[2019-12-09T05:34:33.904+0000][1][safepoint    ] Leaving safepoint region
[2019-12-09T05:34:33.904+0000][1][safepoint    ] Total time for which application threads were stopped: 0.0000661 seconds, Stopping threads took: 0.0000168 seconds
[2019-12-09T05:34:34.904+0000][1][safepoint    ] Application time: 1.0000757 seconds
[2019-12-09T05:34:34.904+0000][1][safepoint    ] Entering safepoint region: Cleanup
[2019-12-09T05:34:34.904+0000][1][safepoint    ] Leaving safepoint region
[2019-12-09T05:34:34.904+0000][1][safepoint    ] Total time for which application threads were stopped: 0.0000651 seconds, Stopping threads took: 0.0000171 seconds
[2019-12-09T05:34:35.904+0000][1][safepoint    ] Application time: 1.0000743 seconds
[2019-12-09T05:34:35.904+0000][1][safepoint    ] Entering safepoint region: Cleanup
[2019-12-09T05:34:35.904+0000][1][safepoint    ] Leaving safepoint region
[2019-12-09T05:34:35.904+0000][1][safepoint    ] Total time for which application threads were stopped: 0.0000637 seconds, Stopping threads took: 0.0000158 seconds
[2019-12-09T05:34:36.905+0000][1][safepoint    ] Application time: 1.0000735 seconds
[2019-12-09T05:34:36.905+0000][1][safepoint    ] Entering safepoint region: Cleanup
[2019-12-09T05:34:36.905+0000][1][safepoint    ] Leaving safepoint region
[2019-12-09T05:34:36.905+0000][1][safepoint    ] Total time for which application threads were stopped: 0.0000672 seconds, Stopping threads took: 0.0000167 seconds
[2019-12-09T05:34:37.905+0000][1][safepoint    ] Application time: 1.0000523 seconds
[2019-12-09T05:34:37.905+0000][1][safepoint    ] Entering safepoint region: Cleanup
[2019-12-09T05:34:37.905+0000][1][safepoint    ] Leaving safepoint region
[2019-12-09T05:34:37.905+0000][1][safepoint    ] Total time for which application threads were stopped: 0.0000666 seconds, Stopping threads took: 0.0000175 seconds
[2019-12-09T05:34:38.905+0000][1][safepoint    ] Application time: 1.0000753 seconds
[2019-12-09T05:34:38.905+0000][1][safepoint    ] Entering safepoint region: Cleanup
[2019-12-09T05:34:38.905+0000][1][safepoint    ] Leaving safepoint region
[2019-12-09T05:34:38.905+0000][1][safepoint    ] Total time for which application threads were stopped: 0.0000664 seconds, Stopping threads took: 0.0000162 seconds
[2019-12-09T05:34:39.905+0000][1][safepoint    ] Application time: 1.0000762 seconds
[2019-12-09T05:34:39.905+0000][1][safepoint    ] Entering safepoint region: Cleanup
[2019-12-09T05:34:39.905+0000][1][safepoint    ] Leaving safepoint region
[2019-12-09T05:34:39.905+0000][1][safepoint    ] Total time for which application threads were stopped: 0.0000738 seconds, Stopping threads took: 0.0000170 seconds
[2019-12-09T05:34:40.905+0000][1][safepoint    ] Application time: 1.0000738 seconds
[2019-12-09T05:34:40.905+0000][1][safepoint    ] Entering safepoint region: Cleanup
[2019-12-09T05:34:40.905+0000][1][safepoint    ] Leaving safepoint region
[2019-12-09T05:34:40.905+0000][1][safepoint    ] Total time for which application threads were stopped: 0.0000672 seconds, Stopping threads took: 0.0000171 seconds
[2019-12-09T05:34:41.905+0000][1][safepoint    ] Application time: 1.0000734 seconds
[2019-12-09T05:34:41.905+0000][1][safepoint    ] Entering safepoint region: Cleanup
[2019-12-09T05:34:41.906+0000][1][safepoint    ] Leaving safepoint region
[2019-12-09T05:34:41.906+0000][1][safepoint    ] Total time for which application threads were stopped: 0.0000679 seconds, Stopping threads took: 0.0000175 seconds
[2019-12-09T05:34:42.906+0000][1][safepoint    ] Application time: 1.0000757 seconds
[2019-12-09T05:34:42.906+0000][1][safepoint    ] Entering safepoint region: Cleanup
[2019-12-09T05:34:42.906+0000][1][safepoint    ] Leaving safepoint region
[2019-12-09T05:34:42.906+0000][1][safepoint    ] Total time for which application threads were stopped: 0.0000751 seconds, Stopping threads took: 0.0000251 seconds
[2019-12-09T05:34:43.906+0000][1][safepoint    ] Application time: 1.0000750 seconds
[2019-12-09T05:34:43.906+0000][1][safepoint    ] Entering safepoint region: Cleanup
[2019-12-09T05:34:43.906+0000][1][safepoint    ] Leaving safepoint region
[2019-12-09T05:34:43.906+0000][1][safepoint    ] Total time for which application threads were stopped: 0.0000668 seconds, Stopping threads took: 0.0000179 seconds
[2019-12-09T05:34:44.906+0000][1][safepoint    ] Application time: 1.0000736 seconds
[2019-12-09T05:34:44.906+0000][1][safepoint    ] Entering safepoint region: Cleanup
[2019-12-09T05:34:44.906+0000][1][safepoint    ] Leaving safepoint region
[2019-12-09T05:34:44.906+0000][1][safepoint    ] Total time for which application threads were stopped: 0.0000656 seconds, Stopping threads took: 0.0000169 seconds
[2019-12-09T05:34:45.906+0000][1][safepoint    ] Application time: 1.0000749 seconds
[2019-12-09T05:34:45.906+0000][1][safepoint    ] Entering safepoint region: Cleanup
[2019-12-09T05:34:45.906+0000][1][safepoint    ] Leaving safepoint region
[2019-12-09T05:34:45.906+0000][1][safepoint    ] Total time for which application threads were stopped: 0.0000666 seconds, Stopping threads took: 0.0000169 seconds
[2019-12-09T05:34:46.906+0000][1][safepoint    ] Application time: 1.0000749 seconds
[2019-12-09T05:34:46.906+0000][1][safepoint    ] Entering safepoint region: Cleanup
[2019-12-09T05:34:46.906+0000][1][safepoint    ] Leaving safepoint region
[2019-12-09T05:34:46.906+0000][1][safepoint    ] Total time for which application threads were stopped: 0.0000648 seconds, Stopping threads took: 0.0000160 seconds
[2019-12-09T05:34:47.907+0000][1][safepoint    ] Application time: 1.0000753 seconds
[2019-12-09T05:34:47.907+0000][1][safepoint    ] Entering safepoint region: Cleanup
[2019-12-09T05:34:47.907+0000][1][safepoint    ] Leaving safepoint region
[2019-12-09T05:34:47.907+0000][1][safepoint    ] Total time for which application threads were stopped: 0.0000700 seconds, Stopping threads took: 0.0000184 seconds
[2019-12-09T05:34:48.907+0000][1][safepoint    ] Application time: 1.0000841 seconds
[2019-12-09T05:34:48.907+0000][1][safepoint    ] Entering safepoint region: Cleanup
[2019-12-09T05:34:48.907+0000][1][safepoint    ] Leaving safepoint region
[2019-12-09T05:34:48.907+0000][1][safepoint    ] Total time for which application threads were stopped: 0.0000708 seconds, Stopping threads took: 0.0000182 seconds
[2019-12-09T05:34:49.910+0000][1][safepoint    ] Application time: 1.0028197 seconds
[2019-12-09T05:34:49.910+0000][1][safepoint    ] Entering safepoint region: Cleanup
[2019-12-09T05:34:49.910+0000][1][safepoint    ] Leaving safepoint region
[2019-12-09T05:34:49.910+0000][1][safepoint    ] Total time for which application threads were stopped: 0.0001029 seconds, Stopping threads took: 0.0000246 seconds
[2019-12-09T05:34:50.910+0000][1][safepoint    ] Application time: 1.0000781 seconds
[2019-12-09T05:34:50.910+0000][1][safepoint    ] Entering safepoint region: Cleanup
[2019-12-09T05:34:50.910+0000][1][safepoint    ] Leaving safepoint region
[2019-12-09T05:34:50.910+0000][1][safepoint    ] Total time for which application threads were stopped: 0.0000727 seconds, Stopping threads took: 0.0000231 seconds
[2019-12-09T05:34:51.910+0000][1][safepoint    ] Application time: 1.0000759 seconds
[2019-12-09T05:34:51.910+0000][1][safepoint    ] Entering safepoint region: Cleanup
[2019-12-09T05:34:51.910+0000][1][safepoint    ] Leaving safepoint region
[2019-12-09T05:34:51.910+0000][1][safepoint    ] Total time for which application threads were stopped: 0.0000610 seconds, Stopping threads took: 0.0000152 seconds
[2019-12-09T05:34:52.910+0000][1][safepoint    ] Application time: 1.0000749 seconds
[2019-12-09T05:34:52.910+0000][1][safepoint    ] Entering safepoint region: Cleanup
[2019-12-09T05:34:52.910+0000][1][safepoint    ] Leaving safepoint region
[2019-12-09T05:34:52.910+0000][1][safepoint    ] Total time for which application threads were stopped: 0.0000662 seconds, Stopping threads took: 0.0000159 seconds
[2019-12-09T05:34:53.910+0000][1][safepoint    ] Application time: 1.0000752 seconds
[2019-12-09T05:34:53.911+0000][1][safepoint    ] Entering safepoint region: Cleanup
[2019-12-09T05:34:53.911+0000][1][safepoint    ] Leaving safepoint region
[2019-12-09T05:34:53.911+0000][1][safepoint    ] Total time for which application threads were stopped: 0.0000630 seconds, Stopping threads took: 0.0000163 seconds
[2019-12-09T05:34:54.911+0000][1][safepoint    ] Application time: 1.0000743 seconds
[2019-12-09T05:34:54.911+0000][1][safepoint    ] Entering safepoint region: Cleanup
[2019-12-09T05:34:54.911+0000][1][safepoint    ] Leaving safepoint region
[2019-12-09T05:34:54.911+0000][1][safepoint    ] Total time for which application threads were stopped: 0.0000732 seconds, Stopping threads took: 0.0000252 seconds
[2019-12-09T05:34:55.911+0000][1][safepoint    ] Application time: 1.0000755 seconds
[2019-12-09T05:34:55.911+0000][1][safepoint    ] Entering safepoint region: Cleanup
[2019-12-09T05:34:55.911+0000][1][safepoint    ] Leaving safepoint region
[2019-12-09T05:34:55.911+0000][1][safepoint    ] Total time for which application threads were stopped: 0.0000639 seconds, Stopping threads took: 0.0000154 seconds
[2019-12-09T05:34:56.911+0000][1][safepoint    ] Application time: 1.0000759 seconds
[2019-12-09T05:34:56.911+0000][1][safepoint    ] Entering safepoint region: Cleanup
[2019-12-09T05:34:56.911+0000][1][safepoint    ] Leaving safepoint region
[2019-12-09T05:34:56.911+0000][1][safepoint    ] Total time for which application threads were stopped: 0.0000643 seconds, Stopping threads took: 0.0000163 seconds
[2019-12-09T05:34:57.911+0000][1][safepoint    ] Application time: 1.0000749 seconds
[2019-12-09T05:34:57.911+0000][1][safepoint    ] Entering safepoint region: Cleanup
[2019-12-09T05:34:57.911+0000][1][safepoint    ] Leaving safepoint region
[2019-12-09T05:34:57.911+0000][1][safepoint    ] Total time for which application threads were stopped: 0.0000672 seconds, Stopping threads took: 0.0000166 seconds
[2019-12-09T05:34:58.911+0000][1][safepoint    ] Application time: 1.0000915 seconds
[2019-12-09T05:34:58.911+0000][1][safepoint    ] Entering safepoint region: Cleanup
[2019-12-09T05:34:58.911+0000][1][safepoint    ] Leaving safepoint region
[2019-12-09T05:34:58.911+0000][1][safepoint    ] Total time for which application threads were stopped: 0.0000872 seconds, Stopping threads took: 0.0000221 seconds
[2019-12-09T05:34:59.912+0000][1][safepoint    ] Application time: 1.0000824 seconds
[2019-12-09T05:34:59.912+0000][1][safepoint    ] Entering safepoint region: Cleanup
[2019-12-09T05:34:59.912+0000][1][safepoint    ] Leaving safepoint region
[2019-12-09T05:34:59.912+0000][1][safepoint    ] Total time for which application threads were stopped: 0.0000631 seconds, Stopping threads took: 0.0000156 seconds
[2019-12-09T05:35:00.912+0000][1][safepoint    ] Application time: 1.0000759 seconds
[2019-12-09T05:35:00.912+0000][1][safepoint    ] Entering safepoint region: Cleanup
[2019-12-09T05:35:00.912+0000][1][safepoint    ] Leaving safepoint region
[2019-12-09T05:35:00.912+0000][1][safepoint    ] Total time for which application threads were stopped: 0.0000740 seconds, Stopping threads took: 0.0000236 seconds
[2019-12-09T05:35:01.912+0000][1][safepoint    ] Application time: 1.0000988 seconds
[2019-12-09T05:35:01.912+0000][1][safepoint    ] Entering safepoint region: Cleanup
[2019-12-09T05:35:01.912+0000][1][safepoint    ] Leaving safepoint region
[2019-12-09T05:35:01.912+0000][1][safepoint    ] Total time for which application threads were stopped: 0.0001072 seconds, Stopping threads took: 0.0000270 seconds
[2019-12-09T05:35:02.912+0000][1][safepoint    ] Application time: 1.0001368 seconds
[2019-12-09T05:35:02.912+0000][1][safepoint    ] Entering safepoint region: Cleanup
[2019-12-09T05:35:02.912+0000][1][safepoint    ] Leaving safepoint region
[2019-12-09T05:35:02.912+0000][1][safepoint    ] Total time for which application threads were stopped: 0.0000938 seconds, Stopping threads took: 0.0000241 seconds
[2019-12-09T05:35:03.913+0000][1][safepoint    ] Application time: 1.0000764 seconds
[2019-12-09T05:35:03.913+0000][1][safepoint    ] Entering safepoint region: Cleanup
[2019-12-09T05:35:03.913+0000][1][safepoint    ] Leaving safepoint region
[2019-12-09T05:35:03.913+0000][1][safepoint    ] Total time for which application threads were stopped: 0.0000613 seconds, Stopping threads took: 0.0000147 seconds
[2019-12-09T05:35:04.913+0000][1][safepoint    ] Application time: 1.0000815 seconds
[2019-12-09T05:35:04.913+0000][1][safepoint    ] Entering safepoint region: Cleanup
[2019-12-09T05:35:04.913+0000][1][safepoint    ] Leaving safepoint region
[2019-12-09T05:35:04.913+0000][1][safepoint    ] Total time for which application threads were stopped: 0.0000670 seconds, Stopping threads took: 0.0000163 seconds
[2019-12-09T05:35:05.913+0000][1][safepoint    ] Application time: 1.0000752 seconds
[2019-12-09T05:35:05.913+0000][1][safepoint    ] Entering safepoint region: Cleanup
[2019-12-09T05:35:05.913+0000][1][safepoint    ] Leaving safepoint region
[2019-12-09T05:35:05.913+0000][1][safepoint    ] Total time for which application threads were stopped: 0.0000675 seconds, Stopping threads took: 0.0000178 seconds
[2019-12-09T05:35:06.913+0000][1][safepoint    ] Application time: 1.0000749 seconds
[2019-12-09T05:35:06.913+0000][1][safepoint    ] Entering safepoint region: Cleanup
[2019-12-09T05:35:06.913+0000][1][safepoint    ] Leaving safepoint region
[2019-12-09T05:35:06.913+0000][1][safepoint    ] Total time for which application threads were stopped: 0.0000670 seconds, Stopping threads took: 0.0000166 seconds
[2019-12-09T05:35:07.913+0000][1][safepoint    ] Application time: 1.0000751 seconds
[2019-12-09T05:35:07.913+0000][1][safepoint    ] Entering safepoint region: Cleanup
[2019-12-09T05:35:07.913+0000][1][safepoint    ] Leaving safepoint region
[2019-12-09T05:35:07.913+0000][1][safepoint    ] Total time for which application threads were stopped: 0.0000654 seconds, Stopping threads took: 0.0000163 seconds
[2019-12-09T05:35:08.390+0000][1][safepoint    ] Application time: 0.4768748 seconds
[2019-12-09T05:35:08.390+0000][1][safepoint    ] Entering safepoint region: GenCollectForAllocation
[2019-12-09T05:35:08.390+0000][1][gc,start     ] GC(75) Pause Young (Allocation Failure)
[2019-12-09T05:35:08.390+0000][1][gc,task      ] GC(75) Using 2 workers of 2 for evacuation
[2019-12-09T05:35:08.392+0000][1][gc,age       ] GC(75) Desired survivor size 4456448 bytes, new threshold 6 (max threshold 6)
[2019-12-09T05:35:08.392+0000][1][gc,age       ] GC(75) Age table with threshold 6 (max threshold 6)
[2019-12-09T05:35:08.392+0000][1][gc,age       ] GC(75) - age   1:       4136 bytes,       4136 total
[2019-12-09T05:35:08.392+0000][1][gc,heap      ] GC(75) ParNew: 69970K->8K(78656K)
[2019-12-09T05:35:08.392+0000][1][gc,heap      ] GC(75) CMS: 69361K->69363K(174784K)
[2019-12-09T05:35:08.392+0000][1][gc,metaspace ] GC(75) Metaspace: 68455K->68455K(1112064K)
[2019-12-09T05:35:08.392+0000][1][gc           ] GC(75) Pause Young (Allocation Failure) 136M->67M(247M) 1.393ms
[2019-12-09T05:35:08.392+0000][1][gc,cpu       ] GC(75) User=0.00s Sys=0.00s Real=0.00s
[2019-12-09T05:35:08.392+0000][1][safepoint    ] Leaving safepoint region
[2019-12-09T05:35:08.392+0000][1][safepoint    ] Total time for which application threads were stopped: 0.0015243 seconds, Stopping threads took: 0.0000156 seconds
[2019-12-09T05:35:09.392+0000][1][safepoint    ] Application time: 1.0000840 seconds
[2019-12-09T05:35:09.392+0000][1][safepoint    ] Entering safepoint region: Cleanup
[2019-12-09T05:35:09.392+0000][1][safepoint    ] Leaving safepoint region
[2019-12-09T05:35:09.392+0000][1][safepoint    ] Total time for which application threads were stopped: 0.0000814 seconds, Stopping threads took: 0.0000170 seconds
[2019-12-09T05:35:10.392+0000][1][safepoint    ] Application time: 1.0000774 seconds
[2019-12-09T05:35:10.392+0000][1][safepoint    ] Entering safepoint region: Cleanup
[2019-12-09T05:35:10.392+0000][1][safepoint    ] Leaving safepoint region
[2019-12-09T05:35:10.392+0000][1][safepoint    ] Total time for which application threads were stopped: 0.0000651 seconds, Stopping threads took: 0.0000159 seconds
[2019-12-09T05:35:11.392+0000][1][safepoint    ] Application time: 1.0000803 seconds
[2019-12-09T05:35:11.392+0000][1][safepoint    ] Entering safepoint region: Cleanup
[2019-12-09T05:35:11.392+0000][1][safepoint    ] Leaving safepoint region
[2019-12-09T05:35:11.392+0000][1][safepoint    ] Total time for which application threads were stopped: 0.0000650 seconds, Stopping threads took: 0.0000159 seconds
[2019-12-09T05:35:12.392+0000][1][safepoint    ] Application time: 1.0000740 seconds
[2019-12-09T05:35:12.393+0000][1][safepoint    ] Entering safepoint region: Cleanup
[2019-12-09T05:35:12.393+0000][1][safepoint    ] Leaving safepoint region
[2019-12-09T05:35:12.393+0000][1][safepoint    ] Total time for which application threads were stopped: 0.0000681 seconds, Stopping threads took: 0.0000168 seconds
[2019-12-09T05:35:13.393+0000][1][safepoint    ] Application time: 1.0000740 seconds
[2019-12-09T05:35:13.393+0000][1][safepoint    ] Entering safepoint region: Cleanup
[2019-12-09T05:35:13.393+0000][1][safepoint    ] Leaving safepoint region
[2019-12-09T05:35:13.393+0000][1][safepoint    ] Total time for which application threads were stopped: 0.0000735 seconds, Stopping threads took: 0.0000251 seconds
[2019-12-09T05:35:14.393+0000][1][safepoint    ] Application time: 1.0000748 seconds
[2019-12-09T05:35:14.393+0000][1][safepoint    ] Entering safepoint region: Cleanup
[2019-12-09T05:35:14.393+0000][1][safepoint    ] Leaving safepoint region
[2019-12-09T05:35:14.393+0000][1][safepoint    ] Total time for which application threads were stopped: 0.0000665 seconds, Stopping threads took: 0.0000164 seconds
[2019-12-09T05:35:15.393+0000][1][safepoint    ] Application time: 1.0000753 seconds
[2019-12-09T05:35:15.393+0000][1][safepoint    ] Entering safepoint region: Cleanup
[2019-12-09T05:35:15.393+0000][1][safepoint    ] Leaving safepoint region
[2019-12-09T05:35:15.393+0000][1][safepoint    ] Total time for which application threads were stopped: 0.0000694 seconds, Stopping threads took: 0.0000187 seconds
[2019-12-09T05:35:16.393+0000][1][safepoint    ] Application time: 1.0000756 seconds
[2019-12-09T05:35:16.393+0000][1][safepoint    ] Entering safepoint region: Cleanup
[2019-12-09T05:35:16.393+0000][1][safepoint    ] Leaving safepoint region
[2019-12-09T05:35:16.393+0000][1][safepoint    ] Total time for which application threads were stopped: 0.0000690 seconds, Stopping threads took: 0.0000176 seconds
[2019-12-09T05:35:17.393+0000][1][safepoint    ] Application time: 1.0000756 seconds
[2019-12-09T05:35:17.393+0000][1][safepoint    ] Entering safepoint region: Cleanup
[2019-12-09T05:35:17.393+0000][1][safepoint    ] Leaving safepoint region
[2019-12-09T05:35:17.394+0000][1][safepoint    ] Total time for which application threads were stopped: 0.0000776 seconds, Stopping threads took: 0.0000171 seconds
[2019-12-09T05:35:18.396+0000][1][safepoint    ] Application time: 1.0023487 seconds
[2019-12-09T05:35:18.396+0000][1][safepoint    ] Entering safepoint region: Cleanup
[2019-12-09T05:35:18.396+0000][1][safepoint    ] Leaving safepoint region
[2019-12-09T05:35:18.396+0000][1][safepoint    ] Total time for which application threads were stopped: 0.0000882 seconds, Stopping threads took: 0.0000224 seconds
[2019-12-09T05:35:19.396+0000][1][safepoint    ] Application time: 1.0000741 seconds
[2019-12-09T05:35:19.396+0000][1][safepoint    ] Entering safepoint region: Cleanup
[2019-12-09T05:35:19.396+0000][1][safepoint    ] Leaving safepoint region
[2019-12-09T05:35:19.396+0000][1][safepoint    ] Total time for which application threads were stopped: 0.0000634 seconds, Stopping threads took: 0.0000143 seconds
[2019-12-09T05:35:20.396+0000][1][safepoint    ] Application time: 1.0000742 seconds
[2019-12-09T05:35:20.396+0000][1][safepoint    ] Entering safepoint region: Cleanup
[2019-12-09T05:35:20.396+0000][1][safepoint    ] Leaving safepoint region
[2019-12-09T05:35:20.396+0000][1][safepoint    ] Total time for which application threads were stopped: 0.0000606 seconds, Stopping threads took: 0.0000147 seconds
[2019-12-09T05:35:21.396+0000][1][safepoint    ] Application time: 1.0000751 seconds
[2019-12-09T05:35:21.396+0000][1][safepoint    ] Entering safepoint region: Cleanup
[2019-12-09T05:35:21.397+0000][1][safepoint    ] Leaving safepoint region
[2019-12-09T05:35:21.397+0000][1][safepoint    ] Total time for which application threads were stopped: 0.0000630 seconds, Stopping threads took: 0.0000162 seconds
[2019-12-09T05:35:23.103+0000][1][safepoint    ] Application time: 1.7067662 seconds
[2019-12-09T05:35:23.103+0000][1][safepoint    ] Entering safepoint region: Cleanup
[2019-12-09T05:35:23.103+0000][1][safepoint    ] Leaving safepoint region
[2019-12-09T05:35:23.103+0000][1][safepoint    ] Total time for which application threads were stopped: 0.0000640 seconds, Stopping threads took: 0.0000159 seconds
[2019-12-09T05:35:24.103+0000][1][safepoint    ] Application time: 1.0000760 seconds
[2019-12-09T05:35:24.104+0000][1][safepoint    ] Entering safepoint region: Cleanup
[2019-12-09T05:35:24.104+0000][1][safepoint    ] Leaving safepoint region
[2019-12-09T05:35:24.104+0000][1][safepoint    ] Total time for which application threads were stopped: 0.0000671 seconds, Stopping threads took: 0.0000168 seconds
[2019-12-09T05:35:25.104+0000][1][safepoint    ] Application time: 1.0000773 seconds
[2019-12-09T05:35:25.104+0000][1][safepoint    ] Entering safepoint region: Cleanup
[2019-12-09T05:35:25.104+0000][1][safepoint    ] Leaving safepoint region
[2019-12-09T05:35:25.104+0000][1][safepoint    ] Total time for which application threads were stopped: 0.0000653 seconds, Stopping threads took: 0.0000168 seconds
[2019-12-09T05:35:26.104+0000][1][safepoint    ] Application time: 1.0000766 seconds
[2019-12-09T05:35:26.104+0000][1][safepoint    ] Entering safepoint region: Cleanup
[2019-12-09T05:35:26.104+0000][1][safepoint    ] Leaving safepoint region
[2019-12-09T05:35:26.104+0000][1][safepoint    ] Total time for which application threads were stopped: 0.0000672 seconds, Stopping threads took: 0.0000184 seconds
[2019-12-09T05:35:27.104+0000][1][safepoint    ] Application time: 1.0000747 seconds
[2019-12-09T05:35:27.104+0000][1][safepoint    ] Entering safepoint region: Cleanup
[2019-12-09T05:35:27.104+0000][1][safepoint    ] Leaving safepoint region
[2019-12-09T05:35:27.104+0000][1][safepoint    ] Total time for which application threads were stopped: 0.0000638 seconds, Stopping threads took: 0.0000155 seconds
[2019-12-09T05:35:28.104+0000][1][safepoint    ] Application time: 1.0000760 seconds
[2019-12-09T05:35:28.104+0000][1][safepoint    ] Entering safepoint region: Cleanup
[2019-12-09T05:35:28.104+0000][1][safepoint    ] Leaving safepoint region
[2019-12-09T05:35:28.104+0000][1][safepoint    ] Total time for which application threads were stopped: 0.0000643 seconds, Stopping threads took: 0.0000154 seconds
[2019-12-09T05:35:29.104+0000][1][safepoint    ] Application time: 1.0000756 seconds
[2019-12-09T05:35:29.104+0000][1][safepoint    ] Entering safepoint region: Cleanup
[2019-12-09T05:35:29.105+0000][1][safepoint    ] Leaving safepoint region
[2019-12-09T05:35:29.105+0000][1][safepoint    ] Total time for which application threads were stopped: 0.0000652 seconds, Stopping threads took: 0.0000167 seconds
[2019-12-09T05:35:30.105+0000][1][safepoint    ] Application time: 1.0000767 seconds
[2019-12-09T05:35:30.105+0000][1][safepoint    ] Entering safepoint region: Cleanup
[2019-12-09T05:35:30.105+0000][1][safepoint    ] Leaving safepoint region
[2019-12-09T05:35:30.105+0000][1][safepoint    ] Total time for which application threads were stopped: 0.0000764 seconds, Stopping threads took: 0.0000164 seconds
[2019-12-09T05:35:31.105+0000][1][safepoint    ] Application time: 1.0000755 seconds
[2019-12-09T05:35:31.105+0000][1][safepoint    ] Entering safepoint region: Cleanup
[2019-12-09T05:35:31.105+0000][1][safepoint    ] Leaving safepoint region
[2019-12-09T05:35:31.105+0000][1][safepoint    ] Total time for which application threads were stopped: 0.0000758 seconds, Stopping threads took: 0.0000276 seconds
[2019-12-09T05:35:32.105+0000][1][safepoint    ] Application time: 1.0000759 seconds
[2019-12-09T05:35:32.105+0000][1][safepoint    ] Entering safepoint region: Cleanup
[2019-12-09T05:35:32.105+0000][1][safepoint    ] Leaving safepoint region
[2019-12-09T05:35:32.105+0000][1][safepoint    ] Total time for which application threads were stopped: 0.0000663 seconds, Stopping threads took: 0.0000173 seconds
[2019-12-09T05:35:33.105+0000][1][safepoint    ] Application time: 1.0000759 seconds
[2019-12-09T05:35:33.105+0000][1][safepoint    ] Entering safepoint region: Cleanup
[2019-12-09T05:35:33.105+0000][1][safepoint    ] Leaving safepoint region
[2019-12-09T05:35:33.105+0000][1][safepoint    ] Total time for which application threads were stopped: 0.0000631 seconds, Stopping threads took: 0.0000160 seconds
[2019-12-09T05:35:34.105+0000][1][safepoint    ] Application time: 1.0000758 seconds
[2019-12-09T05:35:34.105+0000][1][safepoint    ] Entering safepoint region: Cleanup
[2019-12-09T05:35:34.105+0000][1][safepoint    ] Leaving safepoint region
[2019-12-09T05:35:34.105+0000][1][safepoint    ] Total time for which application threads were stopped: 0.0000686 seconds, Stopping threads took: 0.0000172 seconds
[2019-12-09T05:35:35.106+0000][1][safepoint    ] Application time: 1.0000767 seconds
[2019-12-09T05:35:35.106+0000][1][safepoint    ] Entering safepoint region: Cleanup
[2019-12-09T05:35:35.106+0000][1][safepoint    ] Leaving safepoint region
[2019-12-09T05:35:35.106+0000][1][safepoint    ] Total time for which application threads were stopped: 0.0000685 seconds, Stopping threads took: 0.0000193 seconds
[2019-12-09T05:35:36.106+0000][1][safepoint    ] Application time: 1.0000764 seconds
[2019-12-09T05:35:36.106+0000][1][safepoint    ] Entering safepoint region: Cleanup
[2019-12-09T05:35:36.106+0000][1][safepoint    ] Leaving safepoint region
[2019-12-09T05:35:36.106+0000][1][safepoint    ] Total time for which application threads were stopped: 0.0000669 seconds, Stopping threads took: 0.0000165 seconds
[2019-12-09T05:35:37.106+0000][1][safepoint    ] Application time: 1.0000757 seconds
[2019-12-09T05:35:37.106+0000][1][safepoint    ] Entering safepoint region: Cleanup
[2019-12-09T05:35:37.106+0000][1][safepoint    ] Leaving safepoint region
[2019-12-09T05:35:37.106+0000][1][safepoint    ] Total time for which application threads were stopped: 0.0000670 seconds, Stopping threads took: 0.0000167 seconds
[2019-12-09T05:35:38.106+0000][1][safepoint    ] Application time: 1.0000745 seconds
[2019-12-09T05:35:38.106+0000][1][safepoint    ] Entering safepoint region: Cleanup
[2019-12-09T05:35:38.106+0000][1][safepoint    ] Leaving safepoint region
[2019-12-09T05:35:38.106+0000][1][safepoint    ] Total time for which application threads were stopped: 0.0000670 seconds, Stopping threads took: 0.0000161 seconds
[2019-12-09T05:35:39.106+0000][1][safepoint    ] Application time: 1.0000749 seconds
[2019-12-09T05:35:39.106+0000][1][safepoint    ] Entering safepoint region: Cleanup
[2019-12-09T05:35:39.106+0000][1][safepoint    ] Leaving safepoint region
[2019-12-09T05:35:39.106+0000][1][safepoint    ] Total time for which application threads were stopped: 0.0000673 seconds, Stopping threads took: 0.0000161 seconds
[2019-12-09T05:35:40.107+0000][1][safepoint    ] Application time: 1.0000753 seconds
[2019-12-09T05:35:40.107+0000][1][safepoint    ] Entering safepoint region: Cleanup
[2019-12-09T05:35:40.107+0000][1][safepoint    ] Leaving safepoint region
[2019-12-09T05:35:40.107+0000][1][safepoint    ] Total time for which application threads were stopped: 0.0000672 seconds, Stopping threads took: 0.0000167 seconds
[2019-12-09T05:35:41.107+0000][1][safepoint    ] Application time: 1.0000746 seconds
[2019-12-09T05:35:41.107+0000][1][safepoint    ] Entering safepoint region: Cleanup
[2019-12-09T05:35:41.107+0000][1][safepoint    ] Leaving safepoint region
[2019-12-09T05:35:41.107+0000][1][safepoint    ] Total time for which application threads were stopped: 0.0000665 seconds, Stopping threads took: 0.0000166 seconds
[2019-12-09T05:35:42.107+0000][1][safepoint    ] Application time: 1.0000749 seconds
[2019-12-09T05:35:42.107+0000][1][safepoint    ] Entering safepoint region: Cleanup
[2019-12-09T05:35:42.107+0000][1][safepoint    ] Leaving safepoint region
[2019-12-09T05:35:42.107+0000][1][safepoint    ] Total time for which application threads were stopped: 0.0001032 seconds, Stopping threads took: 0.0000328 seconds
[2019-12-09T05:35:43.107+0000][1][safepoint    ] Application time: 1.0000736 seconds
[2019-12-09T05:35:43.107+0000][1][safepoint    ] Entering safepoint region: Cleanup
[2019-12-09T05:35:43.107+0000][1][safepoint    ] Leaving safepoint region
[2019-12-09T05:35:43.107+0000][1][safepoint    ] Total time for which application threads were stopped: 0.0000842 seconds, Stopping threads took: 0.0000156 seconds
[2019-12-09T05:35:44.107+0000][1][safepoint    ] Application time: 1.0000527 seconds
[2019-12-09T05:35:44.107+0000][1][safepoint    ] Entering safepoint region: Cleanup
[2019-12-09T05:35:44.107+0000][1][safepoint    ] Leaving safepoint region
[2019-12-09T05:35:44.107+0000][1][safepoint    ] Total time for which application threads were stopped: 0.0000673 seconds, Stopping threads took: 0.0000183 seconds
[2019-12-09T05:35:45.108+0000][1][safepoint    ] Application time: 1.0000762 seconds
[2019-12-09T05:35:45.108+0000][1][safepoint    ] Entering safepoint region: Cleanup
[2019-12-09T05:35:45.108+0000][1][safepoint    ] Leaving safepoint region
[2019-12-09T05:35:45.108+0000][1][safepoint    ] Total time for which application threads were stopped: 0.0000657 seconds, Stopping threads took: 0.0000168 seconds
[2019-12-09T05:35:46.108+0000][1][safepoint    ] Application time: 1.0000772 seconds
[2019-12-09T05:35:46.108+0000][1][safepoint    ] Entering safepoint region: Cleanup
[2019-12-09T05:35:46.108+0000][1][safepoint    ] Leaving safepoint region
[2019-12-09T05:35:46.108+0000][1][safepoint    ] Total time for which application threads were stopped: 0.0000906 seconds, Stopping threads took: 0.0000203 seconds
[2019-12-09T05:35:47.108+0000][1][safepoint    ] Application time: 1.0000739 seconds
[2019-12-09T05:35:47.108+0000][1][safepoint    ] Entering safepoint region: Cleanup
[2019-12-09T05:35:47.108+0000][1][safepoint    ] Leaving safepoint region
[2019-12-09T05:35:47.108+0000][1][safepoint    ] Total time for which application threads were stopped: 0.0000666 seconds, Stopping threads took: 0.0000168 seconds
[2019-12-09T05:35:48.108+0000][1][safepoint    ] Application time: 1.0000784 seconds
[2019-12-09T05:35:48.108+0000][1][safepoint    ] Entering safepoint region: Cleanup
[2019-12-09T05:35:48.108+0000][1][safepoint    ] Leaving safepoint region
[2019-12-09T05:35:48.108+0000][1][safepoint    ] Total time for which application threads were stopped: 0.0000665 seconds, Stopping threads took: 0.0000166 seconds
[2019-12-09T05:35:49.108+0000][1][safepoint    ] Application time: 1.0000783 seconds
[2019-12-09T05:35:49.108+0000][1][safepoint    ] Entering safepoint region: Cleanup
[2019-12-09T05:35:49.108+0000][1][safepoint    ] Leaving safepoint region
[2019-12-09T05:35:49.108+0000][1][safepoint    ] Total time for which application threads were stopped: 0.0000679 seconds, Stopping threads took: 0.0000169 seconds
[2019-12-09T05:35:50.108+0000][1][safepoint    ] Application time: 1.0000780 seconds
[2019-12-09T05:35:50.109+0000][1][safepoint    ] Entering safepoint region: Cleanup
[2019-12-09T05:35:50.109+0000][1][safepoint    ] Leaving safepoint region
[2019-12-09T05:35:50.109+0000][1][safepoint    ] Total time for which application threads were stopped: 0.0000668 seconds, Stopping threads took: 0.0000164 seconds
[2019-12-09T05:35:51.109+0000][1][safepoint    ] Application time: 1.0000764 seconds
[2019-12-09T05:35:51.109+0000][1][safepoint    ] Entering safepoint region: Cleanup
[2019-12-09T05:35:51.109+0000][1][safepoint    ] Leaving safepoint region
[2019-12-09T05:35:51.109+0000][1][safepoint    ] Total time for which application threads were stopped: 0.0000654 seconds, Stopping threads took: 0.0000173 seconds
[2019-12-09T05:35:52.109+0000][1][safepoint    ] Application time: 1.0000765 seconds
[2019-12-09T05:35:52.109+0000][1][safepoint    ] Entering safepoint region: Cleanup
[2019-12-09T05:35:52.109+0000][1][safepoint    ] Leaving safepoint region
[2019-12-09T05:35:52.109+0000][1][safepoint    ] Total time for which application threads were stopped: 0.0000661 seconds, Stopping threads took: 0.0000179 seconds
[2019-12-09T05:35:53.109+0000][1][safepoint    ] Application time: 1.0000776 seconds
[2019-12-09T05:35:53.109+0000][1][safepoint    ] Entering safepoint region: Cleanup
[2019-12-09T05:35:53.109+0000][1][safepoint    ] Leaving safepoint region
[2019-12-09T05:35:53.109+0000][1][safepoint    ] Total time for which application threads were stopped: 0.0000672 seconds, Stopping threads took: 0.0000177 seconds
[2019-12-09T05:35:54.109+0000][1][safepoint    ] Application time: 1.0000769 seconds
[2019-12-09T05:35:54.109+0000][1][safepoint    ] Entering safepoint region: Cleanup
[2019-12-09T05:35:54.109+0000][1][safepoint    ] Leaving safepoint region
[2019-12-09T05:35:54.109+0000][1][safepoint    ] Total time for which application threads were stopped: 0.0000671 seconds, Stopping threads took: 0.0000179 seconds
[2019-12-09T05:35:55.109+0000][1][safepoint    ] Application time: 1.0000795 seconds
[2019-12-09T05:35:55.109+0000][1][safepoint    ] Entering safepoint region: Cleanup
[2019-12-09T05:35:55.110+0000][1][safepoint    ] Leaving safepoint region
[2019-12-09T05:35:55.110+0000][1][safepoint    ] Total time for which application threads were stopped: 0.0000659 seconds, Stopping threads took: 0.0000162 seconds
[2019-12-09T05:35:56.110+0000][1][safepoint    ] Application time: 1.0000781 seconds
[2019-12-09T05:35:56.110+0000][1][safepoint    ] Entering safepoint region: Cleanup
[2019-12-09T05:35:56.110+0000][1][safepoint    ] Leaving safepoint region
[2019-12-09T05:35:56.110+0000][1][safepoint    ] Total time for which application threads were stopped: 0.0000787 seconds, Stopping threads took: 0.0000274 seconds
[2019-12-09T05:35:57.110+0000][1][safepoint    ] Application time: 1.0000764 seconds
[2019-12-09T05:35:57.110+0000][1][safepoint    ] Entering safepoint region: Cleanup
[2019-12-09T05:35:57.110+0000][1][safepoint    ] Leaving safepoint region
[2019-12-09T05:35:57.110+0000][1][safepoint    ] Total time for which application threads were stopped: 0.0000665 seconds, Stopping threads took: 0.0000177 seconds
[2019-12-09T05:35:58.110+0000][1][safepoint    ] Application time: 1.0000779 seconds
[2019-12-09T05:35:58.110+0000][1][safepoint    ] Entering safepoint region: Cleanup
[2019-12-09T05:35:58.110+0000][1][safepoint    ] Leaving safepoint region
[2019-12-09T05:35:58.110+0000][1][safepoint    ] Total time for which application threads were stopped: 0.0000669 seconds, Stopping threads took: 0.0000158 seconds
[2019-12-09T05:35:59.110+0000][1][safepoint    ] Application time: 1.0000785 seconds
[2019-12-09T05:35:59.110+0000][1][safepoint    ] Entering safepoint region: Cleanup
[2019-12-09T05:35:59.110+0000][1][safepoint    ] Leaving safepoint region
[2019-12-09T05:35:59.110+0000][1][safepoint    ] Total time for which application threads were stopped: 0.0000656 seconds, Stopping threads took: 0.0000168 seconds
[2019-12-09T05:36:00.110+0000][1][safepoint    ] Application time: 1.0000783 seconds
[2019-12-09T05:36:00.110+0000][1][safepoint    ] Entering safepoint region: Cleanup
[2019-12-09T05:36:00.110+0000][1][safepoint    ] Leaving safepoint region
[2019-12-09T05:36:00.111+0000][1][safepoint    ] Total time for which application threads were stopped: 0.0000694 seconds, Stopping threads took: 0.0000192 seconds
[2019-12-09T05:36:01.111+0000][1][safepoint    ] Application time: 1.0000916 seconds
[2019-12-09T05:36:01.111+0000][1][safepoint    ] Entering safepoint region: Cleanup
[2019-12-09T05:36:01.111+0000][1][safepoint    ] Leaving safepoint region
[2019-12-09T05:36:01.111+0000][1][safepoint    ] Total time for which application threads were stopped: 0.0001270 seconds, Stopping threads took: 0.0000502 seconds
[2019-12-09T05:36:02.111+0000][1][safepoint    ] Application time: 1.0000796 seconds
[2019-12-09T05:36:02.111+0000][1][safepoint    ] Entering safepoint region: Cleanup
[2019-12-09T05:36:02.111+0000][1][safepoint    ] Leaving safepoint region
[2019-12-09T05:36:02.111+0000][1][safepoint    ] Total time for which application threads were stopped: 0.0000687 seconds, Stopping threads took: 0.0000195 seconds
[2019-12-09T05:36:03.111+0000][1][safepoint    ] Application time: 1.0000840 seconds
[2019-12-09T05:36:03.111+0000][1][safepoint    ] Entering safepoint region: Cleanup
[2019-12-09T05:36:03.111+0000][1][safepoint    ] Leaving safepoint region
[2019-12-09T05:36:03.111+0000][1][safepoint    ] Total time for which application threads were stopped: 0.0000651 seconds, Stopping threads took: 0.0000168 seconds
[2019-12-09T05:36:04.111+0000][1][safepoint    ] Application time: 1.0000795 seconds
[2019-12-09T05:36:04.111+0000][1][safepoint    ] Entering safepoint region: Cleanup
[2019-12-09T05:36:04.111+0000][1][safepoint    ] Leaving safepoint region
[2019-12-09T05:36:04.111+0000][1][safepoint    ] Total time for which application threads were stopped: 0.0000655 seconds, Stopping threads took: 0.0000167 seconds
[2019-12-09T05:36:05.111+0000][1][safepoint    ] Application time: 1.0000766 seconds
[2019-12-09T05:36:05.111+0000][1][safepoint    ] Entering safepoint region: Cleanup
[2019-12-09T05:36:05.112+0000][1][safepoint    ] Leaving safepoint region
[2019-12-09T05:36:05.112+0000][1][safepoint    ] Total time for which application threads were stopped: 0.0000664 seconds, Stopping threads took: 0.0000181 seconds
[2019-12-09T05:36:06.112+0000][1][safepoint    ] Application time: 1.0000799 seconds
[2019-12-09T05:36:06.112+0000][1][safepoint    ] Entering safepoint region: Cleanup
[2019-12-09T05:36:06.112+0000][1][safepoint    ] Leaving safepoint region
[2019-12-09T05:36:06.112+0000][1][safepoint    ] Total time for which application threads were stopped: 0.0000772 seconds, Stopping threads took: 0.0000282 seconds
[2019-12-09T05:36:07.112+0000][1][safepoint    ] Application time: 1.0000761 seconds
[2019-12-09T05:36:07.112+0000][1][safepoint    ] Entering safepoint region: Cleanup
[2019-12-09T05:36:07.112+0000][1][safepoint    ] Leaving safepoint region
[2019-12-09T05:36:07.112+0000][1][safepoint    ] Total time for which application threads were stopped: 0.0000628 seconds, Stopping threads took: 0.0000150 seconds
[2019-12-09T05:36:08.112+0000][1][safepoint    ] Application time: 1.0000769 seconds
[2019-12-09T05:36:08.112+0000][1][safepoint    ] Entering safepoint region: Cleanup
[2019-12-09T05:36:08.112+0000][1][safepoint    ] Leaving safepoint region
[2019-12-09T05:36:08.112+0000][1][safepoint    ] Total time for which application threads were stopped: 0.0000649 seconds, Stopping threads took: 0.0000168 seconds
[2019-12-09T05:36:09.112+0000][1][safepoint    ] Application time: 1.0000776 seconds
[2019-12-09T05:36:09.112+0000][1][safepoint    ] Entering safepoint region: Cleanup
[2019-12-09T05:36:09.112+0000][1][safepoint    ] Leaving safepoint region
[2019-12-09T05:36:09.112+0000][1][safepoint    ] Total time for which application threads were stopped: 0.0000663 seconds, Stopping threads took: 0.0000170 seconds
[2019-12-09T05:36:10.112+0000][1][safepoint    ] Application time: 1.0000763 seconds
[2019-12-09T05:36:10.112+0000][1][safepoint    ] Entering safepoint region: Cleanup
[2019-12-09T05:36:10.112+0000][1][safepoint    ] Leaving safepoint region
[2019-12-09T05:36:10.112+0000][1][safepoint    ] Total time for which application threads were stopped: 0.0000626 seconds, Stopping threads took: 0.0000155 seconds
[2019-12-09T05:36:11.113+0000][1][safepoint    ] Application time: 1.0000762 seconds
[2019-12-09T05:36:11.113+0000][1][safepoint    ] Entering safepoint region: Cleanup
[2019-12-09T05:36:11.113+0000][1][safepoint    ] Leaving safepoint region
[2019-12-09T05:36:11.113+0000][1][safepoint    ] Total time for which application threads were stopped: 0.0000635 seconds, Stopping threads took: 0.0000160 seconds
[2019-12-09T05:36:12.413+0000][1][safepoint    ] Application time: 1.3003815 seconds
[2019-12-09T05:36:12.413+0000][1][safepoint    ] Entering safepoint region: Cleanup
[2019-12-09T05:36:12.413+0000][1][safepoint    ] Leaving safepoint region
[2019-12-09T05:36:12.413+0000][1][safepoint    ] Total time for which application threads were stopped: 0.0000661 seconds, Stopping threads took: 0.0000128 seconds
[2019-12-09T05:36:13.413+0000][1][safepoint    ] Application time: 1.0000817 seconds
[2019-12-09T05:36:13.413+0000][1][safepoint    ] Entering safepoint region: Cleanup
[2019-12-09T05:36:13.413+0000][1][safepoint    ] Leaving safepoint region
[2019-12-09T05:36:13.413+0000][1][safepoint    ] Total time for which application threads were stopped: 0.0000662 seconds, Stopping threads took: 0.0000179 seconds
[2019-12-09T05:36:14.413+0000][1][safepoint    ] Application time: 1.0000776 seconds
[2019-12-09T05:36:14.413+0000][1][safepoint    ] Entering safepoint region: Cleanup
[2019-12-09T05:36:14.413+0000][1][safepoint    ] Leaving safepoint region
[2019-12-09T05:36:14.413+0000][1][safepoint    ] Total time for which application threads were stopped: 0.0000658 seconds, Stopping threads took: 0.0000161 seconds
[2019-12-09T05:36:15.414+0000][1][safepoint    ] Application time: 1.0000764 seconds
[2019-12-09T05:36:15.414+0000][1][safepoint    ] Entering safepoint region: Cleanup
[2019-12-09T05:36:15.414+0000][1][safepoint    ] Leaving safepoint region
[2019-12-09T05:36:15.414+0000][1][safepoint    ] Total time for which application threads were stopped: 0.0000652 seconds, Stopping threads took: 0.0000153 seconds
[2019-12-09T05:36:16.414+0000][1][safepoint    ] Application time: 1.0000737 seconds
[2019-12-09T05:36:16.414+0000][1][safepoint    ] Entering safepoint region: Cleanup
[2019-12-09T05:36:16.414+0000][1][safepoint    ] Leaving safepoint region
[2019-12-09T05:36:16.414+0000][1][safepoint    ] Total time for which application threads were stopped: 0.0000656 seconds, Stopping threads took: 0.0000165 seconds
[2019-12-09T05:36:17.414+0000][1][safepoint    ] Application time: 1.0000783 seconds
[2019-12-09T05:36:17.414+0000][1][safepoint    ] Entering safepoint region: Cleanup
[2019-12-09T05:36:17.414+0000][1][safepoint    ] Leaving safepoint region
[2019-12-09T05:36:17.414+0000][1][safepoint    ] Total time for which application threads were stopped: 0.0000652 seconds, Stopping threads took: 0.0000159 seconds
[2019-12-09T05:36:18.414+0000][1][safepoint    ] Application time: 1.0000875 seconds
[2019-12-09T05:36:18.414+0000][1][safepoint    ] Entering safepoint region: Cleanup
[2019-12-09T05:36:18.414+0000][1][safepoint    ] Leaving safepoint region
[2019-12-09T05:36:18.414+0000][1][safepoint    ] Total time for which application threads were stopped: 0.0001049 seconds, Stopping threads took: 0.0000482 seconds
[2019-12-09T05:36:19.414+0000][1][safepoint    ] Application time: 1.0000848 seconds
[2019-12-09T05:36:19.414+0000][1][safepoint    ] Entering safepoint region: Cleanup
[2019-12-09T05:36:19.414+0000][1][safepoint    ] Leaving safepoint region
[2019-12-09T05:36:19.414+0000][1][safepoint    ] Total time for which application threads were stopped: 0.0000691 seconds, Stopping threads took: 0.0000175 seconds
[2019-12-09T05:36:20.415+0000][1][safepoint    ] Application time: 1.0000752 seconds
[2019-12-09T05:36:20.415+0000][1][safepoint    ] Entering safepoint region: Cleanup
[2019-12-09T05:36:20.415+0000][1][safepoint    ] Leaving safepoint region
[2019-12-09T05:36:20.415+0000][1][safepoint    ] Total time for which application threads were stopped: 0.0000660 seconds, Stopping threads took: 0.0000174 seconds
[2019-12-09T05:36:21.415+0000][1][safepoint    ] Application time: 1.0000854 seconds
[2019-12-09T05:36:21.415+0000][1][safepoint    ] Entering safepoint region: Cleanup
[2019-12-09T05:36:21.415+0000][1][safepoint    ] Leaving safepoint region
[2019-12-09T05:36:21.415+0000][1][safepoint    ] Total time for which application threads were stopped: 0.0000663 seconds, Stopping threads took: 0.0000164 seconds
[2019-12-09T05:36:22.415+0000][1][safepoint    ] Application time: 1.0000744 seconds
[2019-12-09T05:36:22.415+0000][1][safepoint    ] Entering safepoint region: Cleanup
[2019-12-09T05:36:22.415+0000][1][safepoint    ] Leaving safepoint region
[2019-12-09T05:36:22.415+0000][1][safepoint    ] Total time for which application threads were stopped: 0.0000658 seconds, Stopping threads took: 0.0000169 seconds
[2019-12-09T05:36:23.415+0000][1][safepoint    ] Application time: 1.0000815 seconds
[2019-12-09T05:36:23.415+0000][1][safepoint    ] Entering safepoint region: Cleanup
[2019-12-09T05:36:23.415+0000][1][safepoint    ] Leaving safepoint region
[2019-12-09T05:36:23.415+0000][1][safepoint    ] Total time for which application threads were stopped: 0.0001042 seconds, Stopping threads took: 0.0000476 seconds
[2019-12-09T05:36:24.415+0000][1][safepoint    ] Application time: 1.0000836 seconds
[2019-12-09T05:36:24.415+0000][1][safepoint    ] Entering safepoint region: Cleanup
[2019-12-09T05:36:24.415+0000][1][safepoint    ] Leaving safepoint region
[2019-12-09T05:36:24.415+0000][1][safepoint    ] Total time for which application threads were stopped: 0.0000643 seconds, Stopping threads took: 0.0000155 seconds
[2019-12-09T05:36:25.416+0000][1][safepoint    ] Application time: 1.0000741 seconds
[2019-12-09T05:36:25.416+0000][1][safepoint    ] Entering safepoint region: Cleanup
[2019-12-09T05:36:25.416+0000][1][safepoint    ] Leaving safepoint region
[2019-12-09T05:36:25.416+0000][1][safepoint    ] Total time for which application threads were stopped: 0.0000677 seconds, Stopping threads took: 0.0000175 seconds
[2019-12-09T05:36:26.416+0000][1][safepoint    ] Application time: 1.0000761 seconds
[2019-12-09T05:36:26.416+0000][1][safepoint    ] Entering safepoint region: Cleanup
[2019-12-09T05:36:26.416+0000][1][safepoint    ] Leaving safepoint region
[2019-12-09T05:36:26.416+0000][1][safepoint    ] Total time for which application threads were stopped: 0.0000755 seconds, Stopping threads took: 0.0000253 seconds
[2019-12-09T05:36:27.416+0000][1][safepoint    ] Application time: 1.0000757 seconds
[2019-12-09T05:36:27.416+0000][1][safepoint    ] Entering safepoint region: Cleanup
[2019-12-09T05:36:27.416+0000][1][safepoint    ] Leaving safepoint region
[2019-12-09T05:36:27.416+0000][1][safepoint    ] Total time for which application threads were stopped: 0.0000676 seconds, Stopping threads took: 0.0000168 seconds
[2019-12-09T05:36:28.416+0000][1][safepoint    ] Application time: 1.0000743 seconds
[2019-12-09T05:36:28.416+0000][1][safepoint    ] Entering safepoint region: Cleanup
[2019-12-09T05:36:28.416+0000][1][safepoint    ] Leaving safepoint region
[2019-12-09T05:36:28.416+0000][1][safepoint    ] Total time for which application threads were stopped: 0.0000650 seconds, Stopping threads took: 0.0000167 seconds
[2019-12-09T05:36:29.416+0000][1][safepoint    ] Application time: 1.0000768 seconds
[2019-12-09T05:36:29.416+0000][1][safepoint    ] Entering safepoint region: Cleanup
[2019-12-09T05:36:29.416+0000][1][safepoint    ] Leaving safepoint region
[2019-12-09T05:36:29.416+0000][1][safepoint    ] Total time for which application threads were stopped: 0.0000621 seconds, Stopping threads took: 0.0000160 seconds
[2019-12-09T05:36:30.416+0000][1][safepoint    ] Application time: 1.0000766 seconds
[2019-12-09T05:36:30.417+0000][1][safepoint    ] Entering safepoint region: Cleanup
[2019-12-09T05:36:30.417+0000][1][safepoint    ] Leaving safepoint region
[2019-12-09T05:36:30.417+0000][1][safepoint    ] Total time for which application threads were stopped: 0.0000661 seconds, Stopping threads took: 0.0000155 seconds
[2019-12-09T05:36:31.417+0000][1][safepoint    ] Application time: 1.0000761 seconds
[2019-12-09T05:36:31.417+0000][1][safepoint    ] Entering safepoint region: Cleanup
[2019-12-09T05:36:31.417+0000][1][safepoint    ] Leaving safepoint region
[2019-12-09T05:36:31.417+0000][1][safepoint    ] Total time for which application threads were stopped: 0.0000739 seconds, Stopping threads took: 0.0000244 seconds
[2019-12-09T05:36:32.417+0000][1][safepoint    ] Application time: 1.0000756 seconds
[2019-12-09T05:36:32.417+0000][1][safepoint    ] Entering safepoint region: Cleanup
[2019-12-09T05:36:32.417+0000][1][safepoint    ] Leaving safepoint region
[2019-12-09T05:36:32.417+0000][1][safepoint    ] Total time for which application threads were stopped: 0.0000669 seconds, Stopping threads took: 0.0000165 seconds
[2019-12-09T05:36:33.417+0000][1][safepoint    ] Application time: 1.0000756 seconds
[2019-12-09T05:36:33.417+0000][1][safepoint    ] Entering safepoint region: Cleanup
[2019-12-09T05:36:33.417+0000][1][safepoint    ] Leaving safepoint region
[2019-12-09T05:36:33.417+0000][1][safepoint    ] Total time for which application threads were stopped: 0.0000697 seconds, Stopping threads took: 0.0000181 seconds
[2019-12-09T05:36:34.417+0000][1][safepoint    ] Application time: 1.0000767 seconds
[2019-12-09T05:36:34.417+0000][1][safepoint    ] Entering safepoint region: Cleanup
[2019-12-09T05:36:34.417+0000][1][safepoint    ] Leaving safepoint region
[2019-12-09T05:36:34.417+0000][1][safepoint    ] Total time for which application threads were stopped: 0.0000682 seconds, Stopping threads took: 0.0000166 seconds
[2019-12-09T05:36:35.417+0000][1][safepoint    ] Application time: 1.0000770 seconds
[2019-12-09T05:36:35.417+0000][1][safepoint    ] Entering safepoint region: Cleanup
[2019-12-09T05:36:35.418+0000][1][safepoint    ] Leaving safepoint region
[2019-12-09T05:36:35.418+0000][1][safepoint    ] Total time for which application threads were stopped: 0.0000670 seconds, Stopping threads took: 0.0000177 seconds
[2019-12-09T05:36:36.418+0000][1][safepoint    ] Application time: 1.0000760 seconds
[2019-12-09T05:36:36.418+0000][1][safepoint    ] Entering safepoint region: Cleanup
[2019-12-09T05:36:36.418+0000][1][safepoint    ] Leaving safepoint region
[2019-12-09T05:36:36.418+0000][1][safepoint    ] Total time for which application threads were stopped: 0.0000908 seconds, Stopping threads took: 0.0000342 seconds
[2019-12-09T05:36:37.418+0000][1][safepoint    ] Application time: 1.0000763 seconds
[2019-12-09T05:36:37.418+0000][1][safepoint    ] Entering safepoint region: Cleanup
[2019-12-09T05:36:37.418+0000][1][safepoint    ] Leaving safepoint region
[2019-12-09T05:36:37.418+0000][1][safepoint    ] Total time for which application threads were stopped: 0.0000669 seconds, Stopping threads took: 0.0000165 seconds
[2019-12-09T05:36:38.418+0000][1][safepoint    ] Application time: 1.0000769 seconds
[2019-12-09T05:36:38.418+0000][1][safepoint    ] Entering safepoint region: Cleanup
[2019-12-09T05:36:38.418+0000][1][safepoint    ] Leaving safepoint region
[2019-12-09T05:36:38.418+0000][1][safepoint    ] Total time for which application threads were stopped: 0.0000709 seconds, Stopping threads took: 0.0000180 seconds
[2019-12-09T05:36:39.418+0000][1][safepoint    ] Application time: 1.0000756 seconds
[2019-12-09T05:36:39.418+0000][1][safepoint    ] Entering safepoint region: Cleanup
[2019-12-09T05:36:39.418+0000][1][safepoint    ] Leaving safepoint region
[2019-12-09T05:36:39.418+0000][1][safepoint    ] Total time for which application threads were stopped: 0.0000668 seconds, Stopping threads took: 0.0000165 seconds
[2019-12-09T05:36:40.418+0000][1][safepoint    ] Application time: 1.0000753 seconds
[2019-12-09T05:36:40.418+0000][1][safepoint    ] Entering safepoint region: Cleanup
[2019-12-09T05:36:40.419+0000][1][safepoint    ] Leaving safepoint region
[2019-12-09T05:36:40.419+0000][1][safepoint    ] Total time for which application threads were stopped: 0.0000662 seconds, Stopping threads took: 0.0000163 seconds
[2019-12-09T05:36:41.419+0000][1][safepoint    ] Application time: 1.0000760 seconds
[2019-12-09T05:36:41.419+0000][1][safepoint    ] Entering safepoint region: Cleanup
[2019-12-09T05:36:41.419+0000][1][safepoint    ] Leaving safepoint region
[2019-12-09T05:36:41.419+0000][1][safepoint    ] Total time for which application threads were stopped: 0.0000792 seconds, Stopping threads took: 0.0000170 seconds
[2019-12-09T05:36:42.419+0000][1][safepoint    ] Application time: 1.0000765 seconds
[2019-12-09T05:36:42.419+0000][1][safepoint    ] Entering safepoint region: Cleanup
[2019-12-09T05:36:42.419+0000][1][safepoint    ] Leaving safepoint region
[2019-12-09T05:36:42.419+0000][1][safepoint    ] Total time for which application threads were stopped: 0.0000676 seconds, Stopping threads took: 0.0000162 seconds
[2019-12-09T05:36:43.419+0000][1][safepoint    ] Application time: 1.0000754 seconds
[2019-12-09T05:36:43.419+0000][1][safepoint    ] Entering safepoint region: Cleanup
[2019-12-09T05:36:43.419+0000][1][safepoint    ] Leaving safepoint region
[2019-12-09T05:36:43.419+0000][1][safepoint    ] Total time for which application threads were stopped: 0.0000628 seconds, Stopping threads took: 0.0000164 seconds
[2019-12-09T05:36:44.419+0000][1][safepoint    ] Application time: 1.0000759 seconds
[2019-12-09T05:36:44.419+0000][1][safepoint    ] Entering safepoint region: Cleanup
[2019-12-09T05:36:44.419+0000][1][safepoint    ] Leaving safepoint region
[2019-12-09T05:36:44.419+0000][1][safepoint    ] Total time for which application threads were stopped: 0.0000642 seconds, Stopping threads took: 0.0000169 seconds
[2019-12-09T05:36:45.419+0000][1][safepoint    ] Application time: 1.0000755 seconds
[2019-12-09T05:36:45.419+0000][1][safepoint    ] Entering safepoint region: Cleanup
[2019-12-09T05:36:45.419+0000][1][safepoint    ] Leaving safepoint region
[2019-12-09T05:36:45.419+0000][1][safepoint    ] Total time for which application threads were stopped: 0.0000650 seconds, Stopping threads took: 0.0000167 seconds
[2019-12-09T05:36:46.420+0000][1][safepoint    ] Application time: 1.0000765 seconds
[2019-12-09T05:36:46.420+0000][1][safepoint    ] Entering safepoint region: Cleanup
[2019-12-09T05:36:46.420+0000][1][safepoint    ] Leaving safepoint region
[2019-12-09T05:36:46.420+0000][1][safepoint    ] Total time for which application threads were stopped: 0.0000791 seconds, Stopping threads took: 0.0000298 seconds
[2019-12-09T05:36:47.420+0000][1][safepoint    ] Application time: 1.0000768 seconds
[2019-12-09T05:36:47.420+0000][1][safepoint    ] Entering safepoint region: Cleanup
[2019-12-09T05:36:47.420+0000][1][safepoint    ] Leaving safepoint region
[2019-12-09T05:36:47.420+0000][1][safepoint    ] Total time for which application threads were stopped: 0.0000680 seconds, Stopping threads took: 0.0000170 seconds
[2019-12-09T05:36:48.420+0000][1][safepoint    ] Application time: 1.0000751 seconds
[2019-12-09T05:36:48.420+0000][1][safepoint    ] Entering safepoint region: Cleanup
[2019-12-09T05:36:48.420+0000][1][safepoint    ] Leaving safepoint region
[2019-12-09T05:36:48.420+0000][1][safepoint    ] Total time for which application threads were stopped: 0.0000793 seconds, Stopping threads took: 0.0000155 seconds
[2019-12-09T05:36:49.420+0000][1][safepoint    ] Application time: 1.0000750 seconds
[2019-12-09T05:36:49.420+0000][1][safepoint    ] Entering safepoint region: Cleanup
[2019-12-09T05:36:49.420+0000][1][safepoint    ] Leaving safepoint region
[2019-12-09T05:36:49.420+0000][1][safepoint    ] Total time for which application threads were stopped: 0.0000660 seconds, Stopping threads took: 0.0000168 seconds
[2019-12-09T05:36:50.420+0000][1][safepoint    ] Application time: 1.0000747 seconds
[2019-12-09T05:36:50.420+0000][1][safepoint    ] Entering safepoint region: Cleanup
[2019-12-09T05:36:50.420+0000][1][safepoint    ] Leaving safepoint region
[2019-12-09T05:36:50.420+0000][1][safepoint    ] Total time for which application threads were stopped: 0.0000666 seconds, Stopping threads took: 0.0000157 seconds
[2019-12-09T05:36:51.420+0000][1][safepoint    ] Application time: 1.0000762 seconds
[2019-12-09T05:36:51.421+0000][1][safepoint    ] Entering safepoint region: Cleanup
[2019-12-09T05:36:51.421+0000][1][safepoint    ] Leaving safepoint region
[2019-12-09T05:36:51.421+0000][1][safepoint    ] Total time for which application threads were stopped: 0.0000688 seconds, Stopping threads took: 0.0000168 seconds
[2019-12-09T05:36:52.421+0000][1][safepoint    ] Application time: 1.0000762 seconds
[2019-12-09T05:36:52.421+0000][1][safepoint    ] Entering safepoint region: Cleanup
[2019-12-09T05:36:52.421+0000][1][safepoint    ] Leaving safepoint region
[2019-12-09T05:36:52.421+0000][1][safepoint    ] Total time for which application threads were stopped: 0.0000671 seconds, Stopping threads took: 0.0000178 seconds
[2019-12-09T05:36:53.421+0000][1][safepoint    ] Application time: 1.0000769 seconds
[2019-12-09T05:36:53.421+0000][1][safepoint    ] Entering safepoint region: Cleanup
[2019-12-09T05:36:53.421+0000][1][safepoint    ] Leaving safepoint region
[2019-12-09T05:36:53.421+0000][1][safepoint    ] Total time for which application threads were stopped: 0.0000685 seconds, Stopping threads took: 0.0000165 seconds
[2019-12-09T05:36:54.421+0000][1][safepoint    ] Application time: 1.0000763 seconds
[2019-12-09T05:36:54.421+0000][1][safepoint    ] Entering safepoint region: Cleanup
[2019-12-09T05:36:54.421+0000][1][safepoint    ] Leaving safepoint region
[2019-12-09T05:36:54.421+0000][1][safepoint    ] Total time for which application threads were stopped: 0.0000662 seconds, Stopping threads took: 0.0000156 seconds
[2019-12-09T05:36:55.421+0000][1][safepoint    ] Application time: 1.0000753 seconds
[2019-12-09T05:36:55.421+0000][1][safepoint    ] Entering safepoint region: Cleanup
[2019-12-09T05:36:55.421+0000][1][safepoint    ] Leaving safepoint region
[2019-12-09T05:36:55.421+0000][1][safepoint    ] Total time for which application threads were stopped: 0.0000655 seconds, Stopping threads took: 0.0000169 seconds
[2019-12-09T05:36:56.421+0000][1][safepoint    ] Application time: 1.0000753 seconds
[2019-12-09T05:36:56.421+0000][1][safepoint    ] Entering safepoint region: Cleanup
[2019-12-09T05:36:56.422+0000][1][safepoint    ] Leaving safepoint region
[2019-12-09T05:36:56.422+0000][1][safepoint    ] Total time for which application threads were stopped: 0.0000810 seconds, Stopping threads took: 0.0000169 seconds
[2019-12-09T05:36:57.422+0000][1][safepoint    ] Application time: 1.0000749 seconds
[2019-12-09T05:36:57.422+0000][1][safepoint    ] Entering safepoint region: Cleanup
[2019-12-09T05:36:57.422+0000][1][safepoint    ] Leaving safepoint region
[2019-12-09T05:36:57.422+0000][1][safepoint    ] Total time for which application threads were stopped: 0.0000791 seconds, Stopping threads took: 0.0000277 seconds
[2019-12-09T05:36:58.422+0000][1][safepoint    ] Application time: 1.0000748 seconds
[2019-12-09T05:36:58.422+0000][1][safepoint    ] Entering safepoint region: Cleanup
[2019-12-09T05:36:58.422+0000][1][safepoint    ] Leaving safepoint region
[2019-12-09T05:36:58.422+0000][1][safepoint    ] Total time for which application threads were stopped: 0.0000696 seconds, Stopping threads took: 0.0000166 seconds
[2019-12-09T05:36:59.422+0000][1][safepoint    ] Application time: 1.0000755 seconds
[2019-12-09T05:36:59.422+0000][1][safepoint    ] Entering safepoint region: Cleanup
[2019-12-09T05:36:59.422+0000][1][safepoint    ] Leaving safepoint region
[2019-12-09T05:36:59.422+0000][1][safepoint    ] Total time for which application threads were stopped: 0.0000665 seconds, Stopping threads took: 0.0000158 seconds
[2019-12-09T05:37:00.422+0000][1][safepoint    ] Application time: 1.0000756 seconds
[2019-12-09T05:37:00.422+0000][1][safepoint    ] Entering safepoint region: Cleanup
[2019-12-09T05:37:00.422+0000][1][safepoint    ] Leaving safepoint region
[2019-12-09T05:37:00.422+0000][1][safepoint    ] Total time for which application threads were stopped: 0.0000656 seconds, Stopping threads took: 0.0000156 seconds
[2019-12-09T05:37:01.422+0000][1][safepoint    ] Application time: 1.0000801 seconds
[2019-12-09T05:37:01.422+0000][1][safepoint    ] Entering safepoint region: Cleanup
[2019-12-09T05:37:01.423+0000][1][safepoint    ] Leaving safepoint region
[2019-12-09T05:37:01.423+0000][1][safepoint    ] Total time for which application threads were stopped: 0.0000979 seconds, Stopping threads took: 0.0000309 seconds
[2019-12-09T05:37:02.423+0000][1][safepoint    ] Application time: 1.0000824 seconds
[2019-12-09T05:37:02.423+0000][1][safepoint    ] Entering safepoint region: Cleanup
[2019-12-09T05:37:02.423+0000][1][safepoint    ] Leaving safepoint region
[2019-12-09T05:37:02.423+0000][1][safepoint    ] Total time for which application threads were stopped: 0.0000771 seconds, Stopping threads took: 0.0000258 seconds
[2019-12-09T05:37:03.423+0000][1][safepoint    ] Application time: 1.0000754 seconds
[2019-12-09T05:37:03.423+0000][1][safepoint    ] Entering safepoint region: Cleanup
[2019-12-09T05:37:03.423+0000][1][safepoint    ] Leaving safepoint region
[2019-12-09T05:37:03.423+0000][1][safepoint    ] Total time for which application threads were stopped: 0.0000669 seconds, Stopping threads took: 0.0000176 seconds
[2019-12-09T05:37:04.423+0000][1][safepoint    ] Application time: 1.0000775 seconds
[2019-12-09T05:37:04.423+0000][1][safepoint    ] Entering safepoint region: Cleanup
[2019-12-09T05:37:04.423+0000][1][safepoint    ] Leaving safepoint region
[2019-12-09T05:37:04.423+0000][1][safepoint    ] Total time for which application threads were stopped: 0.0000672 seconds, Stopping threads took: 0.0000167 seconds
[2019-12-09T05:37:05.423+0000][1][safepoint    ] Application time: 1.0000750 seconds
[2019-12-09T05:37:05.423+0000][1][safepoint    ] Entering safepoint region: Cleanup
[2019-12-09T05:37:05.423+0000][1][safepoint    ] Leaving safepoint region
[2019-12-09T05:37:05.423+0000][1][safepoint    ] Total time for which application threads were stopped: 0.0000676 seconds, Stopping threads took: 0.0000173 seconds
[2019-12-09T05:37:06.989+0000][1][safepoint    ] Application time: 1.5660065 seconds
[2019-12-09T05:37:06.989+0000][1][safepoint    ] Entering safepoint region: Cleanup
[2019-12-09T05:37:06.989+0000][1][safepoint    ] Leaving safepoint region
[2019-12-09T05:37:06.989+0000][1][safepoint    ] Total time for which application threads were stopped: 0.0001071 seconds, Stopping threads took: 0.0000276 seconds
[2019-12-09T05:37:07.990+0000][1][safepoint    ] Application time: 1.0000837 seconds
[2019-12-09T05:37:07.990+0000][1][safepoint    ] Entering safepoint region: Cleanup
[2019-12-09T05:37:07.990+0000][1][safepoint    ] Leaving safepoint region
[2019-12-09T05:37:07.990+0000][1][safepoint    ] Total time for which application threads were stopped: 0.0001291 seconds, Stopping threads took: 0.0000485 seconds
[2019-12-09T05:37:08.431+0000][1][safepoint    ] Application time: 0.4415944 seconds
[2019-12-09T05:37:08.431+0000][1][safepoint    ] Entering safepoint region: GenCollectForAllocation
[2019-12-09T05:37:08.431+0000][1][gc,start     ] GC(76) Pause Young (Allocation Failure)
[2019-12-09T05:37:08.431+0000][1][gc,task      ] GC(76) Using 2 workers of 2 for evacuation
[2019-12-09T05:37:08.433+0000][1][gc,age       ] GC(76) Desired survivor size 4456448 bytes, new threshold 6 (max threshold 6)
[2019-12-09T05:37:08.433+0000][1][gc,age       ] GC(76) Age table with threshold 6 (max threshold 6)
[2019-12-09T05:37:08.433+0000][1][gc,age       ] GC(76) - age   1:       4184 bytes,       4184 total
[2019-12-09T05:37:08.433+0000][1][gc,heap      ] GC(76) ParNew: 69960K->6K(78656K)
[2019-12-09T05:37:08.433+0000][1][gc,heap      ] GC(76) CMS: 69363K->69363K(174784K)
[2019-12-09T05:37:08.433+0000][1][gc,metaspace ] GC(76) Metaspace: 68455K->68455K(1112064K)
[2019-12-09T05:37:08.433+0000][1][gc           ] GC(76) Pause Young (Allocation Failure) 136M->67M(247M) 1.399ms
[2019-12-09T05:37:08.433+0000][1][gc,cpu       ] GC(76) User=0.00s Sys=0.00s Real=0.00s
[2019-12-09T05:37:08.433+0000][1][safepoint    ] Leaving safepoint region
[2019-12-09T05:37:08.433+0000][1][safepoint    ] Total time for which application threads were stopped: 0.0015321 seconds, Stopping threads took: 0.0000163 seconds
[2019-12-09T05:37:09.433+0000][1][safepoint    ] Application time: 1.0000837 seconds
[2019-12-09T05:37:09.433+0000][1][safepoint    ] Entering safepoint region: Cleanup
[2019-12-09T05:37:09.433+0000][1][safepoint    ] Leaving safepoint region
[2019-12-09T05:37:09.433+0000][1][safepoint    ] Total time for which application threads were stopped: 0.0000666 seconds, Stopping threads took: 0.0000159 seconds
[2019-12-09T05:37:10.433+0000][1][safepoint    ] Application time: 1.0000740 seconds
[2019-12-09T05:37:10.433+0000][1][safepoint    ] Entering safepoint region: Cleanup
[2019-12-09T05:37:10.433+0000][1][safepoint    ] Leaving safepoint region
[2019-12-09T05:37:10.433+0000][1][safepoint    ] Total time for which application threads were stopped: 0.0000665 seconds, Stopping threads took: 0.0000180 seconds
[2019-12-09T05:37:11.433+0000][1][safepoint    ] Application time: 1.0000742 seconds
[2019-12-09T05:37:11.433+0000][1][safepoint    ] Entering safepoint region: Cleanup
[2019-12-09T05:37:11.433+0000][1][safepoint    ] Leaving safepoint region
[2019-12-09T05:37:11.433+0000][1][safepoint    ] Total time for which application threads were stopped: 0.0000676 seconds, Stopping threads took: 0.0000192 seconds
[2019-12-09T05:37:12.434+0000][1][safepoint    ] Application time: 1.0000727 seconds
[2019-12-09T05:37:12.434+0000][1][safepoint    ] Entering safepoint region: Cleanup
[2019-12-09T05:37:12.434+0000][1][safepoint    ] Leaving safepoint region
[2019-12-09T05:37:12.434+0000][1][safepoint    ] Total time for which application threads were stopped: 0.0000651 seconds, Stopping threads took: 0.0000171 seconds
[2019-12-09T05:37:13.434+0000][1][safepoint    ] Application time: 1.0000809 seconds
[2019-12-09T05:37:13.434+0000][1][safepoint    ] Entering safepoint region: Cleanup
[2019-12-09T05:37:13.434+0000][1][safepoint    ] Leaving safepoint region
[2019-12-09T05:37:13.434+0000][1][safepoint    ] Total time for which application threads were stopped: 0.0000736 seconds, Stopping threads took: 0.0000225 seconds
[2019-12-09T05:37:14.434+0000][1][safepoint    ] Application time: 1.0000853 seconds
[2019-12-09T05:37:14.434+0000][1][safepoint    ] Entering safepoint region: Cleanup
[2019-12-09T05:37:14.434+0000][1][safepoint    ] Leaving safepoint region
[2019-12-09T05:37:14.434+0000][1][safepoint    ] Total time for which application threads were stopped: 0.0000662 seconds, Stopping threads took: 0.0000163 seconds
[2019-12-09T05:37:15.434+0000][1][safepoint    ] Application time: 1.0000765 seconds
[2019-12-09T05:37:15.434+0000][1][safepoint    ] Entering safepoint region: Cleanup
[2019-12-09T05:37:15.434+0000][1][safepoint    ] Leaving safepoint region
[2019-12-09T05:37:15.434+0000][1][safepoint    ] Total time for which application threads were stopped: 0.0000741 seconds, Stopping threads took: 0.0000253 seconds
[2019-12-09T05:37:16.434+0000][1][safepoint    ] Application time: 1.0000763 seconds
[2019-12-09T05:37:16.434+0000][1][safepoint    ] Entering safepoint region: Cleanup
[2019-12-09T05:37:16.434+0000][1][safepoint    ] Leaving safepoint region
[2019-12-09T05:37:16.434+0000][1][safepoint    ] Total time for which application threads were stopped: 0.0000671 seconds, Stopping threads took: 0.0000171 seconds
[2019-12-09T05:37:17.435+0000][1][safepoint    ] Application time: 1.0000768 seconds
[2019-12-09T05:37:17.435+0000][1][safepoint    ] Entering safepoint region: Cleanup
[2019-12-09T05:37:17.435+0000][1][safepoint    ] Leaving safepoint region
[2019-12-09T05:37:17.435+0000][1][safepoint    ] Total time for which application threads were stopped: 0.0000678 seconds, Stopping threads took: 0.0000172 seconds
[2019-12-09T05:37:18.435+0000][1][safepoint    ] Application time: 1.0000746 seconds
[2019-12-09T05:37:18.435+0000][1][safepoint    ] Entering safepoint region: Cleanup
[2019-12-09T05:37:18.435+0000][1][safepoint    ] Leaving safepoint region
[2019-12-09T05:37:18.435+0000][1][safepoint    ] Total time for which application threads were stopped: 0.0000644 seconds, Stopping threads took: 0.0000160 seconds
[2019-12-09T05:37:19.435+0000][1][safepoint    ] Application time: 1.0000754 seconds
[2019-12-09T05:37:19.435+0000][1][safepoint    ] Entering safepoint region: Cleanup
[2019-12-09T05:37:19.435+0000][1][safepoint    ] Leaving safepoint region
[2019-12-09T05:37:19.435+0000][1][safepoint    ] Total time for which application threads were stopped: 0.0000669 seconds, Stopping threads took: 0.0000191 seconds
[2019-12-09T05:37:20.435+0000][1][safepoint    ] Application time: 1.0000774 seconds
[2019-12-09T05:37:20.435+0000][1][safepoint    ] Entering safepoint region: Cleanup
[2019-12-09T05:37:20.435+0000][1][safepoint    ] Leaving safepoint region
[2019-12-09T05:37:20.435+0000][1][safepoint    ] Total time for which application threads were stopped: 0.0000660 seconds, Stopping threads took: 0.0000168 seconds
[2019-12-09T05:37:21.435+0000][1][safepoint    ] Application time: 1.0000790 seconds
[2019-12-09T05:37:21.435+0000][1][safepoint    ] Entering safepoint region: Cleanup
[2019-12-09T05:37:21.435+0000][1][safepoint    ] Leaving safepoint region
[2019-12-09T05:37:21.435+0000][1][safepoint    ] Total time for which application threads were stopped: 0.0000678 seconds, Stopping threads took: 0.0000182 seconds
[2019-12-09T05:37:22.435+0000][1][safepoint    ] Application time: 1.0000747 seconds
[2019-12-09T05:37:22.435+0000][1][safepoint    ] Entering safepoint region: Cleanup
[2019-12-09T05:37:22.436+0000][1][safepoint    ] Leaving safepoint region
[2019-12-09T05:37:22.436+0000][1][safepoint    ] Total time for which application threads were stopped: 0.0000649 seconds, Stopping threads took: 0.0000158 seconds
[2019-12-09T05:37:23.436+0000][1][safepoint    ] Application time: 1.0000762 seconds
[2019-12-09T05:37:23.436+0000][1][safepoint    ] Entering safepoint region: Cleanup
[2019-12-09T05:37:23.436+0000][1][safepoint    ] Leaving safepoint region
[2019-12-09T05:37:23.436+0000][1][safepoint    ] Total time for which application threads were stopped: 0.0000830 seconds, Stopping threads took: 0.0000347 seconds
[2019-12-09T05:37:24.436+0000][1][safepoint    ] Application time: 1.0000764 seconds
[2019-12-09T05:37:24.436+0000][1][safepoint    ] Entering safepoint region: Cleanup
[2019-12-09T05:37:24.436+0000][1][safepoint    ] Leaving safepoint region
[2019-12-09T05:37:24.436+0000][1][safepoint    ] Total time for which application threads were stopped: 0.0000650 seconds, Stopping threads took: 0.0000157 seconds
[2019-12-09T05:37:25.436+0000][1][safepoint    ] Application time: 1.0000765 seconds
[2019-12-09T05:37:25.436+0000][1][safepoint    ] Entering safepoint region: Cleanup
[2019-12-09T05:37:25.436+0000][1][safepoint    ] Leaving safepoint region
[2019-12-09T05:37:25.436+0000][1][safepoint    ] Total time for which application threads were stopped: 0.0000669 seconds, Stopping threads took: 0.0000191 seconds
[2019-12-09T05:37:26.436+0000][1][safepoint    ] Application time: 1.0000746 seconds
[2019-12-09T05:37:26.436+0000][1][safepoint    ] Entering safepoint region: Cleanup
[2019-12-09T05:37:26.436+0000][1][safepoint    ] Leaving safepoint region
[2019-12-09T05:37:26.436+0000][1][safepoint    ] Total time for which application threads were stopped: 0.0000675 seconds, Stopping threads took: 0.0000180 seconds
[2019-12-09T05:37:27.436+0000][1][safepoint    ] Application time: 1.0000747 seconds
[2019-12-09T05:37:27.436+0000][1][safepoint    ] Entering safepoint region: Cleanup
[2019-12-09T05:37:27.436+0000][1][safepoint    ] Leaving safepoint region
[2019-12-09T05:37:27.436+0000][1][safepoint    ] Total time for which application threads were stopped: 0.0000668 seconds, Stopping threads took: 0.0000180 seconds
[2019-12-09T05:37:28.437+0000][1][safepoint    ] Application time: 1.0000752 seconds
[2019-12-09T05:37:28.437+0000][1][safepoint    ] Entering safepoint region: Cleanup
[2019-12-09T05:37:28.437+0000][1][safepoint    ] Leaving safepoint region
[2019-12-09T05:37:28.437+0000][1][safepoint    ] Total time for which application threads were stopped: 0.0000780 seconds, Stopping threads took: 0.0000158 seconds
[2019-12-09T05:37:29.437+0000][1][safepoint    ] Application time: 1.0000758 seconds
[2019-12-09T05:37:29.437+0000][1][safepoint    ] Entering safepoint region: Cleanup
[2019-12-09T05:37:29.437+0000][1][safepoint    ] Leaving safepoint region
[2019-12-09T05:37:29.437+0000][1][safepoint    ] Total time for which application threads were stopped: 0.0000644 seconds, Stopping threads took: 0.0000160 seconds
[2019-12-09T05:37:30.437+0000][1][safepoint    ] Application time: 1.0000757 seconds
[2019-12-09T05:37:30.437+0000][1][safepoint    ] Entering safepoint region: Cleanup
[2019-12-09T05:37:30.437+0000][1][safepoint    ] Leaving safepoint region
[2019-12-09T05:37:30.437+0000][1][safepoint    ] Total time for which application threads were stopped: 0.0000662 seconds, Stopping threads took: 0.0000162 seconds
[2019-12-09T05:37:31.437+0000][1][safepoint    ] Application time: 1.0000760 seconds
[2019-12-09T05:37:31.437+0000][1][safepoint    ] Entering safepoint region: Cleanup
[2019-12-09T05:37:31.437+0000][1][safepoint    ] Leaving safepoint region
[2019-12-09T05:37:31.437+0000][1][safepoint    ] Total time for which application threads were stopped: 0.0000750 seconds, Stopping threads took: 0.0000245 seconds
[2019-12-09T05:37:32.437+0000][1][safepoint    ] Application time: 1.0000752 seconds
[2019-12-09T05:37:32.437+0000][1][safepoint    ] Entering safepoint region: Cleanup
[2019-12-09T05:37:32.437+0000][1][safepoint    ] Leaving safepoint region
[2019-12-09T05:37:32.437+0000][1][safepoint    ] Total time for which application threads were stopped: 0.0000627 seconds, Stopping threads took: 0.0000175 seconds
[2019-12-09T05:37:33.438+0000][1][safepoint    ] Application time: 1.0000769 seconds
[2019-12-09T05:37:33.438+0000][1][safepoint    ] Entering safepoint region: Cleanup
[2019-12-09T05:37:33.438+0000][1][safepoint    ] Leaving safepoint region
[2019-12-09T05:37:33.438+0000][1][safepoint    ] Total time for which application threads were stopped: 0.0000652 seconds, Stopping threads took: 0.0000159 seconds
[2019-12-09T05:37:34.438+0000][1][safepoint    ] Application time: 1.0000758 seconds
[2019-12-09T05:37:34.438+0000][1][safepoint    ] Entering safepoint region: Cleanup
[2019-12-09T05:37:34.438+0000][1][safepoint    ] Leaving safepoint region
[2019-12-09T05:37:34.438+0000][1][safepoint    ] Total time for which application threads were stopped: 0.0000732 seconds, Stopping threads took: 0.0000243 seconds
[2019-12-09T05:37:35.438+0000][1][safepoint    ] Application time: 1.0000752 seconds
[2019-12-09T05:37:35.438+0000][1][safepoint    ] Entering safepoint region: Cleanup
[2019-12-09T05:37:35.438+0000][1][safepoint    ] Leaving safepoint region
[2019-12-09T05:37:35.438+0000][1][safepoint    ] Total time for which application threads were stopped: 0.0000634 seconds, Stopping threads took: 0.0000151 seconds
[2019-12-09T05:37:36.438+0000][1][safepoint    ] Application time: 1.0000734 seconds
[2019-12-09T05:37:36.438+0000][1][safepoint    ] Entering safepoint region: Cleanup
[2019-12-09T05:37:36.438+0000][1][safepoint    ] Leaving safepoint region
[2019-12-09T05:37:36.438+0000][1][safepoint    ] Total time for which application threads were stopped: 0.0000599 seconds, Stopping threads took: 0.0000141 seconds
[2019-12-09T05:37:37.438+0000][1][safepoint    ] Application time: 1.0000765 seconds
[2019-12-09T05:37:37.438+0000][1][safepoint    ] Entering safepoint region: Cleanup
[2019-12-09T05:37:37.438+0000][1][safepoint    ] Leaving safepoint region
[2019-12-09T05:37:37.438+0000][1][safepoint    ] Total time for which application threads were stopped: 0.0000620 seconds, Stopping threads took: 0.0000160 seconds
[2019-12-09T05:37:38.438+0000][1][safepoint    ] Application time: 1.0000757 seconds
[2019-12-09T05:37:38.438+0000][1][safepoint    ] Entering safepoint region: Cleanup
[2019-12-09T05:37:38.438+0000][1][safepoint    ] Leaving safepoint region
[2019-12-09T05:37:38.438+0000][1][safepoint    ] Total time for which application threads were stopped: 0.0000594 seconds, Stopping threads took: 0.0000148 seconds
[2019-12-09T05:37:39.439+0000][1][safepoint    ] Application time: 1.0000741 seconds
[2019-12-09T05:37:39.439+0000][1][safepoint    ] Entering safepoint region: Cleanup
[2019-12-09T05:37:39.439+0000][1][safepoint    ] Leaving safepoint region
[2019-12-09T05:37:39.439+0000][1][safepoint    ] Total time for which application threads were stopped: 0.0000629 seconds, Stopping threads took: 0.0000179 seconds
[2019-12-09T05:37:40.439+0000][1][safepoint    ] Application time: 1.0000830 seconds
[2019-12-09T05:37:40.439+0000][1][safepoint    ] Entering safepoint region: Cleanup
[2019-12-09T05:37:40.439+0000][1][safepoint    ] Leaving safepoint region
[2019-12-09T05:37:40.439+0000][1][safepoint    ] Total time for which application threads were stopped: 0.0000615 seconds, Stopping threads took: 0.0000151 seconds
[2019-12-09T05:37:41.439+0000][1][safepoint    ] Application time: 1.0000728 seconds
[2019-12-09T05:37:41.439+0000][1][safepoint    ] Entering safepoint region: Cleanup
[2019-12-09T05:37:41.439+0000][1][safepoint    ] Leaving safepoint region
[2019-12-09T05:37:41.439+0000][1][safepoint    ] Total time for which application threads were stopped: 0.0000604 seconds, Stopping threads took: 0.0000139 seconds
[2019-12-09T05:37:42.439+0000][1][safepoint    ] Application time: 1.0000818 seconds
[2019-12-09T05:37:42.439+0000][1][safepoint    ] Entering safepoint region: Cleanup
[2019-12-09T05:37:42.439+0000][1][safepoint    ] Leaving safepoint region
[2019-12-09T05:37:42.439+0000][1][safepoint    ] Total time for which application threads were stopped: 0.0000876 seconds, Stopping threads took: 0.0000211 seconds
[2019-12-09T05:37:43.439+0000][1][safepoint    ] Application time: 1.0000745 seconds
[2019-12-09T05:37:43.439+0000][1][safepoint    ] Entering safepoint region: Cleanup
[2019-12-09T05:37:43.439+0000][1][safepoint    ] Leaving safepoint region
[2019-12-09T05:37:43.439+0000][1][safepoint    ] Total time for which application threads were stopped: 0.0000584 seconds, Stopping threads took: 0.0000139 seconds
[2019-12-09T05:37:44.439+0000][1][safepoint    ] Application time: 1.0000747 seconds
[2019-12-09T05:37:44.439+0000][1][safepoint    ] Entering safepoint region: Cleanup
[2019-12-09T05:37:44.439+0000][1][safepoint    ] Leaving safepoint region
[2019-12-09T05:37:44.439+0000][1][safepoint    ] Total time for which application threads were stopped: 0.0000718 seconds, Stopping threads took: 0.0000224 seconds
[2019-12-09T05:37:45.440+0000][1][safepoint    ] Application time: 1.0000746 seconds
[2019-12-09T05:37:45.440+0000][1][safepoint    ] Entering safepoint region: Cleanup
[2019-12-09T05:37:45.440+0000][1][safepoint    ] Leaving safepoint region
[2019-12-09T05:37:45.440+0000][1][safepoint    ] Total time for which application threads were stopped: 0.0000591 seconds, Stopping threads took: 0.0000146 seconds
[2019-12-09T05:37:46.440+0000][1][safepoint    ] Application time: 1.0000742 seconds
[2019-12-09T05:37:46.440+0000][1][safepoint    ] Entering safepoint region: Cleanup
[2019-12-09T05:37:46.440+0000][1][safepoint    ] Leaving safepoint region
[2019-12-09T05:37:46.440+0000][1][safepoint    ] Total time for which application threads were stopped: 0.0000609 seconds, Stopping threads took: 0.0000159 seconds
[2019-12-09T05:37:47.440+0000][1][safepoint    ] Application time: 1.0000800 seconds
[2019-12-09T05:37:47.440+0000][1][safepoint    ] Entering safepoint region: Cleanup
[2019-12-09T05:37:47.440+0000][1][safepoint    ] Leaving safepoint region
[2019-12-09T05:37:47.440+0000][1][safepoint    ] Total time for which application threads were stopped: 0.0000599 seconds, Stopping threads took: 0.0000154 seconds
[2019-12-09T05:37:48.440+0000][1][safepoint    ] Application time: 1.0000750 seconds
[2019-12-09T05:37:48.440+0000][1][safepoint    ] Entering safepoint region: Cleanup
[2019-12-09T05:37:48.440+0000][1][safepoint    ] Leaving safepoint region
[2019-12-09T05:37:48.440+0000][1][safepoint    ] Total time for which application threads were stopped: 0.0000618 seconds, Stopping threads took: 0.0000160 seconds
[2019-12-09T05:37:49.440+0000][1][safepoint    ] Application time: 1.0000748 seconds
[2019-12-09T05:37:49.440+0000][1][safepoint    ] Entering safepoint region: Cleanup
[2019-12-09T05:37:49.440+0000][1][safepoint    ] Leaving safepoint region
[2019-12-09T05:37:49.440+0000][1][safepoint    ] Total time for which application threads were stopped: 0.0000597 seconds, Stopping threads took: 0.0000151 seconds
[2019-12-09T05:37:50.440+0000][1][safepoint    ] Application time: 1.0000752 seconds
[2019-12-09T05:37:50.440+0000][1][safepoint    ] Entering safepoint region: Cleanup
[2019-12-09T05:37:50.440+0000][1][safepoint    ] Leaving safepoint region
[2019-12-09T05:37:50.440+0000][1][safepoint    ] Total time for which application threads were stopped: 0.0000596 seconds, Stopping threads took: 0.0000136 seconds
[2019-12-09T05:37:51.441+0000][1][safepoint    ] Application time: 1.0000754 seconds
[2019-12-09T05:37:51.441+0000][1][safepoint    ] Entering safepoint region: Cleanup
[2019-12-09T05:37:51.441+0000][1][safepoint    ] Leaving safepoint region
[2019-12-09T05:37:51.441+0000][1][safepoint    ] Total time for which application threads were stopped: 0.0000576 seconds, Stopping threads took: 0.0000144 seconds
[2019-12-09T05:37:52.441+0000][1][safepoint    ] Application time: 1.0000738 seconds
[2019-12-09T05:37:52.441+0000][1][safepoint    ] Entering safepoint region: Cleanup
[2019-12-09T05:37:52.441+0000][1][safepoint    ] Leaving safepoint region
[2019-12-09T05:37:52.441+0000][1][safepoint    ] Total time for which application threads were stopped: 0.0000616 seconds, Stopping threads took: 0.0000151 seconds
[2019-12-09T05:37:53.441+0000][1][safepoint    ] Application time: 1.0000844 seconds
[2019-12-09T05:37:53.441+0000][1][safepoint    ] Entering safepoint region: Cleanup
[2019-12-09T05:37:53.441+0000][1][safepoint    ] Leaving safepoint region
[2019-12-09T05:37:53.441+0000][1][safepoint    ] Total time for which application threads were stopped: 0.0000596 seconds, Stopping threads took: 0.0000142 seconds
[2019-12-09T05:37:54.441+0000][1][safepoint    ] Application time: 1.0000752 seconds
[2019-12-09T05:37:54.441+0000][1][safepoint    ] Entering safepoint region: Cleanup
[2019-12-09T05:37:54.441+0000][1][safepoint    ] Leaving safepoint region
[2019-12-09T05:37:54.441+0000][1][safepoint    ] Total time for which application threads were stopped: 0.0000692 seconds, Stopping threads took: 0.0000240 seconds
[2019-12-09T05:37:55.976+0000][1][safepoint    ] Application time: 1.5346084 seconds
[2019-12-09T05:37:55.976+0000][1][safepoint    ] Entering safepoint region: Cleanup
[2019-12-09T05:37:55.976+0000][1][safepoint    ] Leaving safepoint region
[2019-12-09T05:37:55.976+0000][1][safepoint    ] Total time for which application threads were stopped: 0.0000707 seconds, Stopping threads took: 0.0000164 seconds
[2019-12-09T05:37:56.976+0000][1][safepoint    ] Application time: 1.0000762 seconds
[2019-12-09T05:37:56.976+0000][1][safepoint    ] Entering safepoint region: Cleanup
[2019-12-09T05:37:56.976+0000][1][safepoint    ] Leaving safepoint region
[2019-12-09T05:37:56.976+0000][1][safepoint    ] Total time for which application threads were stopped: 0.0000663 seconds, Stopping threads took: 0.0000177 seconds
[2019-12-09T05:37:57.976+0000][1][safepoint    ] Application time: 1.0000750 seconds
[2019-12-09T05:37:57.976+0000][1][safepoint    ] Entering safepoint region: Cleanup
[2019-12-09T05:37:57.976+0000][1][safepoint    ] Leaving safepoint region
[2019-12-09T05:37:57.976+0000][1][safepoint    ] Total time for which application threads were stopped: 0.0000673 seconds, Stopping threads took: 0.0000175 seconds
[2019-12-09T05:37:58.976+0000][1][safepoint    ] Application time: 1.0000829 seconds
[2019-12-09T05:37:58.976+0000][1][safepoint    ] Entering safepoint region: Cleanup
[2019-12-09T05:37:58.976+0000][1][safepoint    ] Leaving safepoint region
[2019-12-09T05:37:58.976+0000][1][safepoint    ] Total time for which application threads were stopped: 0.0000676 seconds, Stopping threads took: 0.0000171 seconds
[2019-12-09T05:37:59.977+0000][1][safepoint    ] Application time: 1.0000745 seconds
[2019-12-09T05:37:59.977+0000][1][safepoint    ] Entering safepoint region: Cleanup
[2019-12-09T05:37:59.977+0000][1][safepoint    ] Leaving safepoint region
[2019-12-09T05:37:59.977+0000][1][safepoint    ] Total time for which application threads were stopped: 0.0000663 seconds, Stopping threads took: 0.0000174 seconds
[2019-12-09T05:38:00.977+0000][1][safepoint    ] Application time: 1.0000767 seconds
[2019-12-09T05:38:00.977+0000][1][safepoint    ] Entering safepoint region: Cleanup
[2019-12-09T05:38:00.977+0000][1][safepoint    ] Leaving safepoint region
[2019-12-09T05:38:00.977+0000][1][safepoint    ] Total time for which application threads were stopped: 0.0000759 seconds, Stopping threads took: 0.0000238 seconds
[2019-12-09T05:38:01.977+0000][1][safepoint    ] Application time: 1.0000775 seconds
[2019-12-09T05:38:01.977+0000][1][safepoint    ] Entering safepoint region: Cleanup
[2019-12-09T05:38:01.977+0000][1][safepoint    ] Leaving safepoint region
[2019-12-09T05:38:01.977+0000][1][safepoint    ] Total time for which application threads were stopped: 0.0000671 seconds, Stopping threads took: 0.0000160 seconds
[2019-12-09T05:38:02.977+0000][1][safepoint    ] Application time: 1.0000764 seconds
[2019-12-09T05:38:02.977+0000][1][safepoint    ] Entering safepoint region: Cleanup
[2019-12-09T05:38:02.977+0000][1][safepoint    ] Leaving safepoint region
[2019-12-09T05:38:02.977+0000][1][safepoint    ] Total time for which application threads were stopped: 0.0000660 seconds, Stopping threads took: 0.0000168 seconds
[2019-12-09T05:38:03.977+0000][1][safepoint    ] Application time: 1.0000764 seconds
[2019-12-09T05:38:03.977+0000][1][safepoint    ] Entering safepoint region: Cleanup
[2019-12-09T05:38:03.977+0000][1][safepoint    ] Leaving safepoint region
[2019-12-09T05:38:03.977+0000][1][safepoint    ] Total time for which application threads were stopped: 0.0000684 seconds, Stopping threads took: 0.0000185 seconds
[2019-12-09T05:38:04.977+0000][1][safepoint    ] Application time: 1.0000757 seconds
[2019-12-09T05:38:04.978+0000][1][safepoint    ] Entering safepoint region: Cleanup
[2019-12-09T05:38:04.978+0000][1][safepoint    ] Leaving safepoint region
[2019-12-09T05:38:04.978+0000][1][safepoint    ] Total time for which application threads were stopped: 0.0000728 seconds, Stopping threads took: 0.0000165 seconds
[2019-12-09T05:38:05.978+0000][1][safepoint    ] Application time: 1.0000768 seconds
[2019-12-09T05:38:05.978+0000][1][safepoint    ] Entering safepoint region: Cleanup
[2019-12-09T05:38:05.978+0000][1][safepoint    ] Leaving safepoint region
[2019-12-09T05:38:05.978+0000][1][safepoint    ] Total time for which application threads were stopped: 0.0000680 seconds, Stopping threads took: 0.0000185 seconds
[2019-12-09T05:38:06.978+0000][1][safepoint    ] Application time: 1.0000766 seconds
[2019-12-09T05:38:06.978+0000][1][safepoint    ] Entering safepoint region: Cleanup
[2019-12-09T05:38:06.978+0000][1][safepoint    ] Leaving safepoint region
[2019-12-09T05:38:06.978+0000][1][safepoint    ] Total time for which application threads were stopped: 0.0000681 seconds, Stopping threads took: 0.0000171 seconds
[2019-12-09T05:38:07.978+0000][1][safepoint    ] Application time: 1.0000760 seconds
[2019-12-09T05:38:07.978+0000][1][safepoint    ] Entering safepoint region: Cleanup
[2019-12-09T05:38:07.978+0000][1][safepoint    ] Leaving safepoint region
[2019-12-09T05:38:07.978+0000][1][safepoint    ] Total time for which application threads were stopped: 0.0000688 seconds, Stopping threads took: 0.0000199 seconds
[2019-12-09T05:38:08.978+0000][1][safepoint    ] Application time: 1.0000888 seconds
[2019-12-09T05:38:08.978+0000][1][safepoint    ] Entering safepoint region: Cleanup
[2019-12-09T05:38:08.978+0000][1][safepoint    ] Leaving safepoint region
[2019-12-09T05:38:08.978+0000][1][safepoint    ] Total time for which application threads were stopped: 0.0000905 seconds, Stopping threads took: 0.0000228 seconds
[2019-12-09T05:38:09.978+0000][1][safepoint    ] Application time: 1.0000758 seconds
[2019-12-09T05:38:09.979+0000][1][safepoint    ] Entering safepoint region: Cleanup
[2019-12-09T05:38:09.979+0000][1][safepoint    ] Leaving safepoint region
[2019-12-09T05:38:09.979+0000][1][safepoint    ] Total time for which application threads were stopped: 0.0000661 seconds, Stopping threads took: 0.0000165 seconds
[2019-12-09T05:38:10.979+0000][1][safepoint    ] Application time: 1.0000775 seconds
[2019-12-09T05:38:10.979+0000][1][safepoint    ] Entering safepoint region: Cleanup
[2019-12-09T05:38:10.979+0000][1][safepoint    ] Leaving safepoint region
[2019-12-09T05:38:10.979+0000][1][safepoint    ] Total time for which application threads were stopped: 0.0000650 seconds, Stopping threads took: 0.0000170 seconds
[2019-12-09T05:38:11.979+0000][1][safepoint    ] Application time: 1.0000754 seconds
[2019-12-09T05:38:11.979+0000][1][safepoint    ] Entering safepoint region: Cleanup
[2019-12-09T05:38:11.979+0000][1][safepoint    ] Leaving safepoint region
[2019-12-09T05:38:11.979+0000][1][safepoint    ] Total time for which application threads were stopped: 0.0000678 seconds, Stopping threads took: 0.0000192 seconds
[2019-12-09T05:38:12.979+0000][1][safepoint    ] Application time: 1.0000772 seconds
[2019-12-09T05:38:12.979+0000][1][safepoint    ] Entering safepoint region: Cleanup
[2019-12-09T05:38:12.979+0000][1][safepoint    ] Leaving safepoint region
[2019-12-09T05:38:12.979+0000][1][safepoint    ] Total time for which application threads were stopped: 0.0000685 seconds, Stopping threads took: 0.0000180 seconds
[2019-12-09T05:38:13.979+0000][1][safepoint    ] Application time: 1.0000774 seconds
[2019-12-09T05:38:13.979+0000][1][safepoint    ] Entering safepoint region: Cleanup
[2019-12-09T05:38:13.979+0000][1][safepoint    ] Leaving safepoint region
[2019-12-09T05:38:13.979+0000][1][safepoint    ] Total time for which application threads were stopped: 0.0000669 seconds, Stopping threads took: 0.0000181 seconds
[2019-12-09T05:38:14.979+0000][1][safepoint    ] Application time: 1.0000748 seconds
[2019-12-09T05:38:14.979+0000][1][safepoint    ] Entering safepoint region: Cleanup
[2019-12-09T05:38:14.980+0000][1][safepoint    ] Leaving safepoint region
[2019-12-09T05:38:14.980+0000][1][safepoint    ] Total time for which application threads were stopped: 0.0000786 seconds, Stopping threads took: 0.0000190 seconds
[2019-12-09T05:38:15.980+0000][1][safepoint    ] Application time: 1.0000756 seconds
[2019-12-09T05:38:15.980+0000][1][safepoint    ] Entering safepoint region: Cleanup
[2019-12-09T05:38:15.980+0000][1][safepoint    ] Leaving safepoint region
[2019-12-09T05:38:15.980+0000][1][safepoint    ] Total time for which application threads were stopped: 0.0000767 seconds, Stopping threads took: 0.0000180 seconds
[2019-12-09T05:38:16.980+0000][1][safepoint    ] Application time: 1.0000751 seconds
[2019-12-09T05:38:16.980+0000][1][safepoint    ] Entering safepoint region: Cleanup
[2019-12-09T05:38:16.980+0000][1][safepoint    ] Leaving safepoint region
[2019-12-09T05:38:16.980+0000][1][safepoint    ] Total time for which application threads were stopped: 0.0000702 seconds, Stopping threads took: 0.0000181 seconds
[2019-12-09T05:38:17.980+0000][1][safepoint    ] Application time: 1.0000755 seconds
[2019-12-09T05:38:17.980+0000][1][safepoint    ] Entering safepoint region: Cleanup
[2019-12-09T05:38:17.980+0000][1][safepoint    ] Leaving safepoint region
[2019-12-09T05:38:17.980+0000][1][safepoint    ] Total time for which application threads were stopped: 0.0000692 seconds, Stopping threads took: 0.0000182 seconds
[2019-12-09T05:38:18.980+0000][1][safepoint    ] Application time: 1.0001012 seconds
[2019-12-09T05:38:18.980+0000][1][safepoint    ] Entering safepoint region: Cleanup
[2019-12-09T05:38:18.980+0000][1][safepoint    ] Leaving safepoint region
[2019-12-09T05:38:18.980+0000][1][safepoint    ] Total time for which application threads were stopped: 0.0000895 seconds, Stopping threads took: 0.0000235 seconds
[2019-12-09T05:38:19.980+0000][1][safepoint    ] Application time: 1.0000751 seconds
[2019-12-09T05:38:19.980+0000][1][safepoint    ] Entering safepoint region: Cleanup
[2019-12-09T05:38:19.981+0000][1][safepoint    ] Leaving safepoint region
[2019-12-09T05:38:19.981+0000][1][safepoint    ] Total time for which application threads were stopped: 0.0000680 seconds, Stopping threads took: 0.0000170 seconds
[2019-12-09T05:38:20.981+0000][1][safepoint    ] Application time: 1.0000757 seconds
[2019-12-09T05:38:20.981+0000][1][safepoint    ] Entering safepoint region: Cleanup
[2019-12-09T05:38:20.981+0000][1][safepoint    ] Leaving safepoint region
[2019-12-09T05:38:20.981+0000][1][safepoint    ] Total time for which application threads were stopped: 0.0000811 seconds, Stopping threads took: 0.0000156 seconds
[2019-12-09T05:38:21.981+0000][1][safepoint    ] Application time: 1.0000778 seconds
[2019-12-09T05:38:21.981+0000][1][safepoint    ] Entering safepoint region: Cleanup
[2019-12-09T05:38:21.981+0000][1][safepoint    ] Leaving safepoint region
[2019-12-09T05:38:21.981+0000][1][safepoint    ] Total time for which application threads were stopped: 0.0000699 seconds, Stopping threads took: 0.0000177 seconds
[2019-12-09T05:38:22.981+0000][1][safepoint    ] Application time: 1.0000772 seconds
[2019-12-09T05:38:22.981+0000][1][safepoint    ] Entering safepoint region: Cleanup
[2019-12-09T05:38:22.981+0000][1][safepoint    ] Leaving safepoint region
[2019-12-09T05:38:22.981+0000][1][safepoint    ] Total time for which application threads were stopped: 0.0000662 seconds, Stopping threads took: 0.0000163 seconds
[2019-12-09T05:38:23.981+0000][1][safepoint    ] Application time: 1.0000768 seconds
[2019-12-09T05:38:23.981+0000][1][safepoint    ] Entering safepoint region: Cleanup
[2019-12-09T05:38:23.981+0000][1][safepoint    ] Leaving safepoint region
[2019-12-09T05:38:23.981+0000][1][safepoint    ] Total time for which application threads were stopped: 0.0000682 seconds, Stopping threads took: 0.0000163 seconds
[2019-12-09T05:38:24.981+0000][1][safepoint    ] Application time: 1.0000765 seconds
[2019-12-09T05:38:24.981+0000][1][safepoint    ] Entering safepoint region: Cleanup
[2019-12-09T05:38:24.981+0000][1][safepoint    ] Leaving safepoint region
[2019-12-09T05:38:24.981+0000][1][safepoint    ] Total time for which application threads were stopped: 0.0000763 seconds, Stopping threads took: 0.0000171 seconds
[2019-12-09T05:38:25.982+0000][1][safepoint    ] Application time: 1.0000763 seconds
[2019-12-09T05:38:25.982+0000][1][safepoint    ] Entering safepoint region: Cleanup
[2019-12-09T05:38:25.982+0000][1][safepoint    ] Leaving safepoint region
[2019-12-09T05:38:25.982+0000][1][safepoint    ] Total time for which application threads were stopped: 0.0000799 seconds, Stopping threads took: 0.0000203 seconds
[2019-12-09T05:38:26.982+0000][1][safepoint    ] Application time: 1.0000766 seconds
[2019-12-09T05:38:26.982+0000][1][safepoint    ] Entering safepoint region: Cleanup
[2019-12-09T05:38:26.982+0000][1][safepoint    ] Leaving safepoint region
[2019-12-09T05:38:26.982+0000][1][safepoint    ] Total time for which application threads were stopped: 0.0000673 seconds, Stopping threads took: 0.0000176 seconds
[2019-12-09T05:38:27.982+0000][1][safepoint    ] Application time: 1.0000762 seconds
[2019-12-09T05:38:27.982+0000][1][safepoint    ] Entering safepoint region: Cleanup
[2019-12-09T05:38:27.982+0000][1][safepoint    ] Leaving safepoint region
[2019-12-09T05:38:27.982+0000][1][safepoint    ] Total time for which application threads were stopped: 0.0000681 seconds, Stopping threads took: 0.0000161 seconds
[2019-12-09T05:38:28.982+0000][1][safepoint    ] Application time: 1.0000762 seconds
[2019-12-09T05:38:28.982+0000][1][safepoint    ] Entering safepoint region: Cleanup
[2019-12-09T05:38:28.982+0000][1][safepoint    ] Leaving safepoint region
[2019-12-09T05:38:28.982+0000][1][safepoint    ] Total time for which application threads were stopped: 0.0000671 seconds, Stopping threads took: 0.0000183 seconds
[2019-12-09T05:38:29.982+0000][1][safepoint    ] Application time: 1.0000747 seconds
[2019-12-09T05:38:29.982+0000][1][safepoint    ] Entering safepoint region: Cleanup
[2019-12-09T05:38:29.982+0000][1][safepoint    ] Leaving safepoint region
[2019-12-09T05:38:29.982+0000][1][safepoint    ] Total time for which application threads were stopped: 0.0000666 seconds, Stopping threads took: 0.0000175 seconds
[2019-12-09T05:38:30.983+0000][1][safepoint    ] Application time: 1.0000759 seconds
[2019-12-09T05:38:30.983+0000][1][safepoint    ] Entering safepoint region: Cleanup
[2019-12-09T05:38:30.983+0000][1][safepoint    ] Leaving safepoint region
[2019-12-09T05:38:30.983+0000][1][safepoint    ] Total time for which application threads were stopped: 0.0000733 seconds, Stopping threads took: 0.0000248 seconds
[2019-12-09T05:38:31.983+0000][1][safepoint    ] Application time: 1.0000427 seconds
[2019-12-09T05:38:31.983+0000][1][safepoint    ] Entering safepoint region: Cleanup
[2019-12-09T05:38:31.983+0000][1][safepoint    ] Leaving safepoint region
[2019-12-09T05:38:31.983+0000][1][safepoint    ] Total time for which application threads were stopped: 0.0000675 seconds, Stopping threads took: 0.0000174 seconds
[2019-12-09T05:38:32.983+0000][1][safepoint    ] Application time: 1.0000750 seconds
[2019-12-09T05:38:32.983+0000][1][safepoint    ] Entering safepoint region: Cleanup
[2019-12-09T05:38:32.983+0000][1][safepoint    ] Leaving safepoint region
[2019-12-09T05:38:32.983+0000][1][safepoint    ] Total time for which application threads were stopped: 0.0000655 seconds, Stopping threads took: 0.0000156 seconds
[2019-12-09T05:38:33.983+0000][1][safepoint    ] Application time: 1.0000755 seconds
[2019-12-09T05:38:33.983+0000][1][safepoint    ] Entering safepoint region: Cleanup
[2019-12-09T05:38:33.983+0000][1][safepoint    ] Leaving safepoint region
[2019-12-09T05:38:33.983+0000][1][safepoint    ] Total time for which application threads were stopped: 0.0000658 seconds, Stopping threads took: 0.0000162 seconds
[2019-12-09T05:38:34.983+0000][1][safepoint    ] Application time: 1.0000754 seconds
[2019-12-09T05:38:34.983+0000][1][safepoint    ] Entering safepoint region: Cleanup
[2019-12-09T05:38:34.983+0000][1][safepoint    ] Leaving safepoint region
[2019-12-09T05:38:34.983+0000][1][safepoint    ] Total time for which application threads were stopped: 0.0000655 seconds, Stopping threads took: 0.0000169 seconds
[2019-12-09T05:38:35.983+0000][1][safepoint    ] Application time: 1.0000759 seconds
[2019-12-09T05:38:35.983+0000][1][safepoint    ] Entering safepoint region: Cleanup
[2019-12-09T05:38:35.984+0000][1][safepoint    ] Leaving safepoint region
[2019-12-09T05:38:35.984+0000][1][safepoint    ] Total time for which application threads were stopped: 0.0000708 seconds, Stopping threads took: 0.0000177 seconds
[2019-12-09T05:38:36.984+0000][1][safepoint    ] Application time: 1.0000742 seconds
[2019-12-09T05:38:36.984+0000][1][safepoint    ] Entering safepoint region: Cleanup
[2019-12-09T05:38:36.984+0000][1][safepoint    ] Leaving safepoint region
[2019-12-09T05:38:36.984+0000][1][safepoint    ] Total time for which application threads were stopped: 0.0000720 seconds, Stopping threads took: 0.0000198 seconds
[2019-12-09T05:38:37.984+0000][1][safepoint    ] Application time: 1.0000747 seconds
[2019-12-09T05:38:37.984+0000][1][safepoint    ] Entering safepoint region: Cleanup
[2019-12-09T05:38:37.984+0000][1][safepoint    ] Leaving safepoint region
[2019-12-09T05:38:37.984+0000][1][safepoint    ] Total time for which application threads were stopped: 0.0000658 seconds, Stopping threads took: 0.0000164 seconds
[2019-12-09T05:38:38.984+0000][1][safepoint    ] Application time: 1.0000772 seconds
[2019-12-09T05:38:38.984+0000][1][safepoint    ] Entering safepoint region: Cleanup
[2019-12-09T05:38:38.984+0000][1][safepoint    ] Leaving safepoint region
[2019-12-09T05:38:38.984+0000][1][safepoint    ] Total time for which application threads were stopped: 0.0000660 seconds, Stopping threads took: 0.0000163 seconds
[2019-12-09T05:38:39.984+0000][1][safepoint    ] Application time: 1.0000756 seconds
[2019-12-09T05:38:39.984+0000][1][safepoint    ] Entering safepoint region: Cleanup
[2019-12-09T05:38:39.984+0000][1][safepoint    ] Leaving safepoint region
[2019-12-09T05:38:39.984+0000][1][safepoint    ] Total time for which application threads were stopped: 0.0000666 seconds, Stopping threads took: 0.0000169 seconds
[2019-12-09T05:38:40.984+0000][1][safepoint    ] Application time: 1.0000757 seconds
[2019-12-09T05:38:40.984+0000][1][safepoint    ] Entering safepoint region: Cleanup
[2019-12-09T05:38:40.985+0000][1][safepoint    ] Leaving safepoint region
[2019-12-09T05:38:40.985+0000][1][safepoint    ] Total time for which application threads were stopped: 0.0000687 seconds, Stopping threads took: 0.0000185 seconds
[2019-12-09T05:38:41.985+0000][1][safepoint    ] Application time: 1.0000759 seconds
[2019-12-09T05:38:41.985+0000][1][safepoint    ] Entering safepoint region: Cleanup
[2019-12-09T05:38:41.985+0000][1][safepoint    ] Leaving safepoint region
[2019-12-09T05:38:41.985+0000][1][safepoint    ] Total time for which application threads were stopped: 0.0000778 seconds, Stopping threads took: 0.0000173 seconds
[2019-12-09T05:38:42.985+0000][1][safepoint    ] Application time: 1.0000764 seconds
[2019-12-09T05:38:42.985+0000][1][safepoint    ] Entering safepoint region: Cleanup
[2019-12-09T05:38:42.985+0000][1][safepoint    ] Leaving safepoint region
[2019-12-09T05:38:42.985+0000][1][safepoint    ] Total time for which application threads were stopped: 0.0000659 seconds, Stopping threads took: 0.0000176 seconds
[2019-12-09T05:38:43.985+0000][1][safepoint    ] Application time: 1.0000754 seconds
[2019-12-09T05:38:43.985+0000][1][safepoint    ] Entering safepoint region: Cleanup
[2019-12-09T05:38:43.985+0000][1][safepoint    ] Leaving safepoint region
[2019-12-09T05:38:43.985+0000][1][safepoint    ] Total time for which application threads were stopped: 0.0000655 seconds, Stopping threads took: 0.0000164 seconds
[2019-12-09T05:38:44.985+0000][1][safepoint    ] Application time: 1.0000752 seconds
[2019-12-09T05:38:44.985+0000][1][safepoint    ] Entering safepoint region: Cleanup
[2019-12-09T05:38:44.985+0000][1][safepoint    ] Leaving safepoint region
[2019-12-09T05:38:44.985+0000][1][safepoint    ] Total time for which application threads were stopped: 0.0000668 seconds, Stopping threads took: 0.0000181 seconds
[2019-12-09T05:38:45.985+0000][1][safepoint    ] Application time: 1.0000752 seconds
[2019-12-09T05:38:45.985+0000][1][safepoint    ] Entering safepoint region: Cleanup
[2019-12-09T05:38:45.985+0000][1][safepoint    ] Leaving safepoint region
[2019-12-09T05:38:45.985+0000][1][safepoint    ] Total time for which application threads were stopped: 0.0000681 seconds, Stopping threads took: 0.0000180 seconds
[2019-12-09T05:38:46.986+0000][1][safepoint    ] Application time: 1.0000759 seconds
[2019-12-09T05:38:46.986+0000][1][safepoint    ] Entering safepoint region: Cleanup
[2019-12-09T05:38:46.986+0000][1][safepoint    ] Leaving safepoint region
[2019-12-09T05:38:46.986+0000][1][safepoint    ] Total time for which application threads were stopped: 0.0000687 seconds, Stopping threads took: 0.0000181 seconds
[2019-12-09T05:38:47.986+0000][1][safepoint    ] Application time: 1.0000743 seconds
[2019-12-09T05:38:47.986+0000][1][safepoint    ] Entering safepoint region: Cleanup
[2019-12-09T05:38:47.986+0000][1][safepoint    ] Leaving safepoint region
[2019-12-09T05:38:47.986+0000][1][safepoint    ] Total time for which application threads were stopped: 0.0000682 seconds, Stopping threads took: 0.0000175 seconds
[2019-12-09T05:38:48.986+0000][1][safepoint    ] Application time: 1.0000764 seconds
[2019-12-09T05:38:48.986+0000][1][safepoint    ] Entering safepoint region: Cleanup
[2019-12-09T05:38:48.986+0000][1][safepoint    ] Leaving safepoint region
[2019-12-09T05:38:48.986+0000][1][safepoint    ] Total time for which application threads were stopped: 0.0000685 seconds, Stopping threads took: 0.0000181 seconds
[2019-12-09T05:38:49.986+0000][1][safepoint    ] Application time: 1.0000768 seconds
[2019-12-09T05:38:49.986+0000][1][safepoint    ] Entering safepoint region: Cleanup
[2019-12-09T05:38:49.986+0000][1][safepoint    ] Leaving safepoint region
[2019-12-09T05:38:49.986+0000][1][safepoint    ] Total time for which application threads were stopped: 0.0000671 seconds, Stopping threads took: 0.0000166 seconds
[2019-12-09T05:38:50.986+0000][1][safepoint    ] Application time: 1.0000751 seconds
[2019-12-09T05:38:50.986+0000][1][safepoint    ] Entering safepoint region: Cleanup
[2019-12-09T05:38:50.986+0000][1][safepoint    ] Leaving safepoint region
[2019-12-09T05:38:50.986+0000][1][safepoint    ] Total time for which application threads were stopped: 0.0000690 seconds, Stopping threads took: 0.0000200 seconds
[2019-12-09T05:38:51.986+0000][1][safepoint    ] Application time: 1.0000757 seconds
[2019-12-09T05:38:51.987+0000][1][safepoint    ] Entering safepoint region: Cleanup
[2019-12-09T05:38:51.987+0000][1][safepoint    ] Leaving safepoint region
[2019-12-09T05:38:51.987+0000][1][safepoint    ] Total time for which application threads were stopped: 0.0000680 seconds, Stopping threads took: 0.0000172 seconds
[2019-12-09T05:38:52.987+0000][1][safepoint    ] Application time: 1.0000774 seconds
[2019-12-09T05:38:52.987+0000][1][safepoint    ] Entering safepoint region: Cleanup
[2019-12-09T05:38:52.987+0000][1][safepoint    ] Leaving safepoint region
[2019-12-09T05:38:52.987+0000][1][safepoint    ] Total time for which application threads were stopped: 0.0000655 seconds, Stopping threads took: 0.0000162 seconds
[2019-12-09T05:38:53.987+0000][1][safepoint    ] Application time: 1.0000768 seconds
[2019-12-09T05:38:53.987+0000][1][safepoint    ] Entering safepoint region: Cleanup
[2019-12-09T05:38:53.987+0000][1][safepoint    ] Leaving safepoint region
[2019-12-09T05:38:53.987+0000][1][safepoint    ] Total time for which application threads were stopped: 0.0000692 seconds, Stopping threads took: 0.0000201 seconds
[2019-12-09T05:38:54.987+0000][1][safepoint    ] Application time: 1.0000766 seconds
[2019-12-09T05:38:54.987+0000][1][safepoint    ] Entering safepoint region: Cleanup
[2019-12-09T05:38:54.987+0000][1][safepoint    ] Leaving safepoint region
[2019-12-09T05:38:54.987+0000][1][safepoint    ] Total time for which application threads were stopped: 0.0000653 seconds, Stopping threads took: 0.0000161 seconds
[2019-12-09T05:38:55.987+0000][1][safepoint    ] Application time: 1.0000755 seconds
[2019-12-09T05:38:55.987+0000][1][safepoint    ] Entering safepoint region: Cleanup
[2019-12-09T05:38:55.987+0000][1][safepoint    ] Leaving safepoint region
[2019-12-09T05:38:55.987+0000][1][safepoint    ] Total time for which application threads were stopped: 0.0000702 seconds, Stopping threads took: 0.0000174 seconds
[2019-12-09T05:38:56.987+0000][1][safepoint    ] Application time: 1.0000749 seconds
[2019-12-09T05:38:56.987+0000][1][safepoint    ] Entering safepoint region: Cleanup
[2019-12-09T05:38:56.988+0000][1][safepoint    ] Leaving safepoint region
[2019-12-09T05:38:56.988+0000][1][safepoint    ] Total time for which application threads were stopped: 0.0000653 seconds, Stopping threads took: 0.0000162 seconds
[2019-12-09T05:38:57.988+0000][1][safepoint    ] Application time: 1.0000750 seconds
[2019-12-09T05:38:57.988+0000][1][safepoint    ] Entering safepoint region: Cleanup
[2019-12-09T05:38:57.988+0000][1][safepoint    ] Leaving safepoint region
[2019-12-09T05:38:57.988+0000][1][safepoint    ] Total time for which application threads were stopped: 0.0000775 seconds, Stopping threads took: 0.0000276 seconds
[2019-12-09T05:38:58.988+0000][1][safepoint    ] Application time: 1.0000757 seconds
[2019-12-09T05:38:58.988+0000][1][safepoint    ] Entering safepoint region: Cleanup
[2019-12-09T05:38:58.988+0000][1][safepoint    ] Leaving safepoint region
[2019-12-09T05:38:58.988+0000][1][safepoint    ] Total time for which application threads were stopped: 0.0000660 seconds, Stopping threads took: 0.0000166 seconds
[2019-12-09T05:38:59.988+0000][1][safepoint    ] Application time: 1.0000748 seconds
[2019-12-09T05:38:59.988+0000][1][safepoint    ] Entering safepoint region: Cleanup
[2019-12-09T05:38:59.988+0000][1][safepoint    ] Leaving safepoint region
[2019-12-09T05:38:59.988+0000][1][safepoint    ] Total time for which application threads were stopped: 0.0000694 seconds, Stopping threads took: 0.0000174 seconds
[2019-12-09T05:39:00.988+0000][1][safepoint    ] Application time: 1.0000747 seconds
[2019-12-09T05:39:00.988+0000][1][safepoint    ] Entering safepoint region: Cleanup
[2019-12-09T05:39:00.988+0000][1][safepoint    ] Leaving safepoint region
[2019-12-09T05:39:00.988+0000][1][safepoint    ] Total time for which application threads were stopped: 0.0000749 seconds, Stopping threads took: 0.0000253 seconds
[2019-12-09T05:39:01.988+0000][1][safepoint    ] Application time: 1.0000781 seconds
[2019-12-09T05:39:01.988+0000][1][safepoint    ] Entering safepoint region: Cleanup
[2019-12-09T05:39:01.989+0000][1][safepoint    ] Leaving safepoint region
[2019-12-09T05:39:01.989+0000][1][safepoint    ] Total time for which application threads were stopped: 0.0000689 seconds, Stopping threads took: 0.0000175 seconds
[2019-12-09T05:39:02.989+0000][1][safepoint    ] Application time: 1.0000771 seconds
[2019-12-09T05:39:02.989+0000][1][safepoint    ] Entering safepoint region: Cleanup
[2019-12-09T05:39:02.989+0000][1][safepoint    ] Leaving safepoint region
[2019-12-09T05:39:02.989+0000][1][safepoint    ] Total time for which application threads were stopped: 0.0000776 seconds, Stopping threads took: 0.0000171 seconds
[2019-12-09T05:39:03.989+0000][1][safepoint    ] Application time: 1.0000770 seconds
[2019-12-09T05:39:03.989+0000][1][safepoint    ] Entering safepoint region: Cleanup
[2019-12-09T05:39:03.989+0000][1][safepoint    ] Leaving safepoint region
[2019-12-09T05:39:03.989+0000][1][safepoint    ] Total time for which application threads were stopped: 0.0000707 seconds, Stopping threads took: 0.0000199 seconds
[2019-12-09T05:39:04.989+0000][1][safepoint    ] Application time: 1.0000763 seconds
[2019-12-09T05:39:04.989+0000][1][safepoint    ] Entering safepoint region: Cleanup
[2019-12-09T05:39:04.989+0000][1][safepoint    ] Leaving safepoint region
[2019-12-09T05:39:04.989+0000][1][safepoint    ] Total time for which application threads were stopped: 0.0000669 seconds, Stopping threads took: 0.0000172 seconds
[2019-12-09T05:39:05.989+0000][1][safepoint    ] Application time: 1.0000766 seconds
[2019-12-09T05:39:05.989+0000][1][safepoint    ] Entering safepoint region: Cleanup
[2019-12-09T05:39:05.989+0000][1][safepoint    ] Leaving safepoint region
[2019-12-09T05:39:05.989+0000][1][safepoint    ] Total time for which application threads were stopped: 0.0000668 seconds, Stopping threads took: 0.0000170 seconds
[2019-12-09T05:39:06.989+0000][1][safepoint    ] Application time: 1.0000761 seconds
[2019-12-09T05:39:06.989+0000][1][safepoint    ] Entering safepoint region: Cleanup
[2019-12-09T05:39:06.989+0000][1][safepoint    ] Leaving safepoint region
[2019-12-09T05:39:06.989+0000][1][safepoint    ] Total time for which application threads were stopped: 0.0000661 seconds, Stopping threads took: 0.0000170 seconds
[2019-12-09T05:39:07.990+0000][1][safepoint    ] Application time: 1.0000764 seconds
[2019-12-09T05:39:07.990+0000][1][safepoint    ] Entering safepoint region: Cleanup
[2019-12-09T05:39:07.990+0000][1][safepoint    ] Leaving safepoint region
[2019-12-09T05:39:07.990+0000][1][safepoint    ] Total time for which application threads were stopped: 0.0000669 seconds, Stopping threads took: 0.0000176 seconds
[2019-12-09T05:39:08.473+0000][1][safepoint    ] Application time: 0.4835773 seconds
[2019-12-09T05:39:08.473+0000][1][safepoint    ] Entering safepoint region: GenCollectForAllocation
[2019-12-09T05:39:08.473+0000][1][gc,start     ] GC(77) Pause Young (Allocation Failure)
[2019-12-09T05:39:08.473+0000][1][gc,task      ] GC(77) Using 2 workers of 2 for evacuation
[2019-12-09T05:39:08.475+0000][1][gc,age       ] GC(77) Desired survivor size 4456448 bytes, new threshold 6 (max threshold 6)
[2019-12-09T05:39:08.475+0000][1][gc,age       ] GC(77) Age table with threshold 6 (max threshold 6)
[2019-12-09T05:39:08.475+0000][1][gc,age       ] GC(77) - age   1:       4032 bytes,       4032 total
[2019-12-09T05:39:08.475+0000][1][gc,heap      ] GC(77) ParNew: 69958K->6K(78656K)
[2019-12-09T05:39:08.475+0000][1][gc,heap      ] GC(77) CMS: 69363K->69363K(174784K)
[2019-12-09T05:39:08.475+0000][1][gc,metaspace ] GC(77) Metaspace: 68455K->68455K(1112064K)
[2019-12-09T05:39:08.475+0000][1][gc           ] GC(77) Pause Young (Allocation Failure) 136M->67M(247M) 1.339ms
[2019-12-09T05:39:08.475+0000][1][gc,cpu       ] GC(77) User=0.00s Sys=0.00s Real=0.01s
[2019-12-09T05:39:08.475+0000][1][safepoint    ] Leaving safepoint region
[2019-12-09T05:39:08.475+0000][1][safepoint    ] Total time for which application threads were stopped: 0.0014709 seconds, Stopping threads took: 0.0000159 seconds
[2019-12-09T05:39:09.475+0000][1][safepoint    ] Application time: 1.0000837 seconds
[2019-12-09T05:39:09.475+0000][1][safepoint    ] Entering safepoint region: Cleanup
[2019-12-09T05:39:09.475+0000][1][safepoint    ] Leaving safepoint region
[2019-12-09T05:39:09.475+0000][1][safepoint    ] Total time for which application threads were stopped: 0.0000627 seconds, Stopping threads took: 0.0000160 seconds
[2019-12-09T05:39:10.475+0000][1][safepoint    ] Application time: 1.0000752 seconds
[2019-12-09T05:39:10.475+0000][1][safepoint    ] Entering safepoint region: Cleanup
[2019-12-09T05:39:10.475+0000][1][safepoint    ] Leaving safepoint region
[2019-12-09T05:39:10.475+0000][1][safepoint    ] Total time for which application threads were stopped: 0.0000649 seconds, Stopping threads took: 0.0000172 seconds
[2019-12-09T05:39:11.475+0000][1][safepoint    ] Application time: 1.0000747 seconds
[2019-12-09T05:39:11.475+0000][1][safepoint    ] Entering safepoint region: Cleanup
[2019-12-09T05:39:11.475+0000][1][safepoint    ] Leaving safepoint region
[2019-12-09T05:39:11.475+0000][1][safepoint    ] Total time for which application threads were stopped: 0.0000672 seconds, Stopping threads took: 0.0000175 seconds
[2019-12-09T05:39:12.475+0000][1][safepoint    ] Application time: 1.0000778 seconds
[2019-12-09T05:39:12.475+0000][1][safepoint    ] Entering safepoint region: Cleanup
[2019-12-09T05:39:12.475+0000][1][safepoint    ] Leaving safepoint region
[2019-12-09T05:39:12.475+0000][1][safepoint    ] Total time for which application threads were stopped: 0.0000731 seconds, Stopping threads took: 0.0000158 seconds
[2019-12-09T05:39:13.476+0000][1][safepoint    ] Application time: 1.0000867 seconds
[2019-12-09T05:39:13.476+0000][1][safepoint    ] Entering safepoint region: Cleanup
[2019-12-09T05:39:13.476+0000][1][safepoint    ] Leaving safepoint region
[2019-12-09T05:39:13.476+0000][1][safepoint    ] Total time for which application threads were stopped: 0.0001382 seconds, Stopping threads took: 0.0000808 seconds
[2019-12-09T05:39:14.476+0000][1][safepoint    ] Application time: 1.0000816 seconds
[2019-12-09T05:39:14.476+0000][1][safepoint    ] Entering safepoint region: Cleanup
[2019-12-09T05:39:14.476+0000][1][safepoint    ] Leaving safepoint region
[2019-12-09T05:39:14.476+0000][1][safepoint    ] Total time for which application threads were stopped: 0.0000671 seconds, Stopping threads took: 0.0000162 seconds
[2019-12-09T05:39:15.476+0000][1][safepoint    ] Application time: 1.0000747 seconds
[2019-12-09T05:39:15.476+0000][1][safepoint    ] Entering safepoint region: Cleanup
[2019-12-09T05:39:15.476+0000][1][safepoint    ] Leaving safepoint region
[2019-12-09T05:39:15.476+0000][1][safepoint    ] Total time for which application threads were stopped: 0.0000658 seconds, Stopping threads took: 0.0000172 seconds
[2019-12-09T05:39:16.476+0000][1][safepoint    ] Application time: 1.0000748 seconds
[2019-12-09T05:39:16.476+0000][1][safepoint    ] Entering safepoint region: Cleanup
[2019-12-09T05:39:16.476+0000][1][safepoint    ] Leaving safepoint region
[2019-12-09T05:39:16.476+0000][1][safepoint    ] Total time for which application threads were stopped: 0.0000710 seconds, Stopping threads took: 0.0000191 seconds
[2019-12-09T05:39:17.476+0000][1][safepoint    ] Application time: 1.0000738 seconds
[2019-12-09T05:39:17.476+0000][1][safepoint    ] Entering safepoint region: Cleanup
[2019-12-09T05:39:17.477+0000][1][safepoint    ] Leaving safepoint region
[2019-12-09T05:39:17.477+0000][1][safepoint    ] Total time for which application threads were stopped: 0.0000657 seconds, Stopping threads took: 0.0000163 seconds
[2019-12-09T05:39:18.477+0000][1][safepoint    ] Application time: 1.0000742 seconds
[2019-12-09T05:39:18.477+0000][1][safepoint    ] Entering safepoint region: Cleanup
[2019-12-09T05:39:18.477+0000][1][safepoint    ] Leaving safepoint region
[2019-12-09T05:39:18.477+0000][1][safepoint    ] Total time for which application threads were stopped: 0.0000772 seconds, Stopping threads took: 0.0000163 seconds
[2019-12-09T05:39:19.477+0000][1][safepoint    ] Application time: 1.0000745 seconds
[2019-12-09T05:39:19.477+0000][1][safepoint    ] Entering safepoint region: Cleanup
[2019-12-09T05:39:19.477+0000][1][safepoint    ] Leaving safepoint region
[2019-12-09T05:39:19.477+0000][1][safepoint    ] Total time for which application threads were stopped: 0.0000659 seconds, Stopping threads took: 0.0000167 seconds
[2019-12-09T05:39:20.477+0000][1][safepoint    ] Application time: 1.0000752 seconds
[2019-12-09T05:39:20.477+0000][1][safepoint    ] Entering safepoint region: Cleanup
[2019-12-09T05:39:20.477+0000][1][safepoint    ] Leaving safepoint region
[2019-12-09T05:39:20.477+0000][1][safepoint    ] Total time for which application threads were stopped: 0.0000657 seconds, Stopping threads took: 0.0000160 seconds
[2019-12-09T05:39:21.477+0000][1][safepoint    ] Application time: 1.0000758 seconds
[2019-12-09T05:39:21.477+0000][1][safepoint    ] Entering safepoint region: Cleanup
[2019-12-09T05:39:21.477+0000][1][safepoint    ] Leaving safepoint region
[2019-12-09T05:39:21.477+0000][1][safepoint    ] Total time for which application threads were stopped: 0.0000715 seconds, Stopping threads took: 0.0000184 seconds
[2019-12-09T05:39:22.477+0000][1][safepoint    ] Application time: 1.0000764 seconds
[2019-12-09T05:39:22.477+0000][1][safepoint    ] Entering safepoint region: Cleanup
[2019-12-09T05:39:22.477+0000][1][safepoint    ] Leaving safepoint region
[2019-12-09T05:39:22.477+0000][1][safepoint    ] Total time for which application threads were stopped: 0.0000760 seconds, Stopping threads took: 0.0000167 seconds
[2019-12-09T05:39:23.478+0000][1][safepoint    ] Application time: 1.0000762 seconds
[2019-12-09T05:39:23.478+0000][1][safepoint    ] Entering safepoint region: Cleanup
[2019-12-09T05:39:23.478+0000][1][safepoint    ] Leaving safepoint region
[2019-12-09T05:39:23.478+0000][1][safepoint    ] Total time for which application threads were stopped: 0.0000641 seconds, Stopping threads took: 0.0000152 seconds
[2019-12-09T05:39:24.478+0000][1][safepoint    ] Application time: 1.0000767 seconds
[2019-12-09T05:39:24.478+0000][1][safepoint    ] Entering safepoint region: Cleanup
[2019-12-09T05:39:24.478+0000][1][safepoint    ] Leaving safepoint region
[2019-12-09T05:39:24.478+0000][1][safepoint    ] Total time for which application threads were stopped: 0.0000667 seconds, Stopping threads took: 0.0000179 seconds
[2019-12-09T05:39:25.478+0000][1][safepoint    ] Application time: 1.0000763 seconds
[2019-12-09T05:39:25.478+0000][1][safepoint    ] Entering safepoint region: Cleanup
[2019-12-09T05:39:25.478+0000][1][safepoint    ] Leaving safepoint region
[2019-12-09T05:39:25.478+0000][1][safepoint    ] Total time for which application threads were stopped: 0.0000694 seconds, Stopping threads took: 0.0000171 seconds
[2019-12-09T05:39:26.478+0000][1][safepoint    ] Application time: 1.0000750 seconds
[2019-12-09T05:39:26.478+0000][1][safepoint    ] Entering safepoint region: Cleanup
[2019-12-09T05:39:26.478+0000][1][safepoint    ] Leaving safepoint region
[2019-12-09T05:39:26.478+0000][1][safepoint    ] Total time for which application threads were stopped: 0.0000704 seconds, Stopping threads took: 0.0000179 seconds
[2019-12-09T05:39:27.478+0000][1][safepoint    ] Application time: 1.0000759 seconds
[2019-12-09T05:39:27.478+0000][1][safepoint    ] Entering safepoint region: Cleanup
[2019-12-09T05:39:27.478+0000][1][safepoint    ] Leaving safepoint region
[2019-12-09T05:39:27.478+0000][1][safepoint    ] Total time for which application threads were stopped: 0.0000657 seconds, Stopping threads took: 0.0000168 seconds
[2019-12-09T05:39:28.478+0000][1][safepoint    ] Application time: 1.0000733 seconds
[2019-12-09T05:39:28.479+0000][1][safepoint    ] Entering safepoint region: Cleanup
[2019-12-09T05:39:28.479+0000][1][safepoint    ] Leaving safepoint region
[2019-12-09T05:39:28.479+0000][1][safepoint    ] Total time for which application threads were stopped: 0.0000646 seconds, Stopping threads took: 0.0000164 seconds
[2019-12-09T05:39:29.479+0000][1][safepoint    ] Application time: 1.0000751 seconds
[2019-12-09T05:39:29.479+0000][1][safepoint    ] Entering safepoint region: Cleanup
[2019-12-09T05:39:29.479+0000][1][safepoint    ] Leaving safepoint region
[2019-12-09T05:39:29.479+0000][1][safepoint    ] Total time for which application threads were stopped: 0.0000661 seconds, Stopping threads took: 0.0000160 seconds
[2019-12-09T05:39:30.479+0000][1][safepoint    ] Application time: 1.0000755 seconds
[2019-12-09T05:39:30.479+0000][1][safepoint    ] Entering safepoint region: Cleanup
[2019-12-09T05:39:30.479+0000][1][safepoint    ] Leaving safepoint region
[2019-12-09T05:39:30.479+0000][1][safepoint    ] Total time for which application threads were stopped: 0.0000648 seconds, Stopping threads took: 0.0000175 seconds
[2019-12-09T05:39:31.479+0000][1][safepoint    ] Application time: 1.0000815 seconds
[2019-12-09T05:39:31.479+0000][1][safepoint    ] Entering safepoint region: Cleanup
[2019-12-09T05:39:31.479+0000][1][safepoint    ] Leaving safepoint region
[2019-12-09T05:39:31.479+0000][1][safepoint    ] Total time for which application threads were stopped: 0.0000786 seconds, Stopping threads took: 0.0000279 seconds
[2019-12-09T05:39:32.479+0000][1][safepoint    ] Application time: 1.0000766 seconds
[2019-12-09T05:39:32.479+0000][1][safepoint    ] Entering safepoint region: Cleanup
[2019-12-09T05:39:32.479+0000][1][safepoint    ] Leaving safepoint region
[2019-12-09T05:39:32.479+0000][1][safepoint    ] Total time for which application threads were stopped: 0.0000662 seconds, Stopping threads took: 0.0000161 seconds
[2019-12-09T05:39:33.479+0000][1][safepoint    ] Application time: 1.0000826 seconds
[2019-12-09T05:39:33.479+0000][1][safepoint    ] Entering safepoint region: Cleanup
[2019-12-09T05:39:33.480+0000][1][safepoint    ] Leaving safepoint region
[2019-12-09T05:39:33.480+0000][1][safepoint    ] Total time for which application threads were stopped: 0.0000679 seconds, Stopping threads took: 0.0000172 seconds
[2019-12-09T05:39:34.480+0000][1][safepoint    ] Application time: 1.0000761 seconds
[2019-12-09T05:39:34.480+0000][1][safepoint    ] Entering safepoint region: Cleanup
[2019-12-09T05:39:34.480+0000][1][safepoint    ] Leaving safepoint region
[2019-12-09T05:39:34.480+0000][1][safepoint    ] Total time for which application threads were stopped: 0.0000782 seconds, Stopping threads took: 0.0000256 seconds
[2019-12-09T05:39:35.480+0000][1][safepoint    ] Application time: 1.0000764 seconds
[2019-12-09T05:39:35.480+0000][1][safepoint    ] Entering safepoint region: Cleanup
[2019-12-09T05:39:35.480+0000][1][safepoint    ] Leaving safepoint region
[2019-12-09T05:39:35.480+0000][1][safepoint    ] Total time for which application threads were stopped: 0.0000660 seconds, Stopping threads took: 0.0000161 seconds
[2019-12-09T05:39:36.480+0000][1][safepoint    ] Application time: 1.0000739 seconds
[2019-12-09T05:39:36.480+0000][1][safepoint    ] Entering safepoint region: Cleanup
[2019-12-09T05:39:36.480+0000][1][safepoint    ] Leaving safepoint region
[2019-12-09T05:39:36.480+0000][1][safepoint    ] Total time for which application threads were stopped: 0.0000675 seconds, Stopping threads took: 0.0000190 seconds
[2019-12-09T05:39:37.480+0000][1][safepoint    ] Application time: 1.0000762 seconds
[2019-12-09T05:39:37.480+0000][1][safepoint    ] Entering safepoint region: Cleanup
[2019-12-09T05:39:37.480+0000][1][safepoint    ] Leaving safepoint region
[2019-12-09T05:39:37.480+0000][1][safepoint    ] Total time for which application threads were stopped: 0.0000659 seconds, Stopping threads took: 0.0000173 seconds
[2019-12-09T05:39:38.480+0000][1][safepoint    ] Application time: 1.0000763 seconds
[2019-12-09T05:39:38.480+0000][1][safepoint    ] Entering safepoint region: Cleanup
[2019-12-09T05:39:38.480+0000][1][safepoint    ] Leaving safepoint region
[2019-12-09T05:39:38.480+0000][1][safepoint    ] Total time for which application threads were stopped: 0.0000664 seconds, Stopping threads took: 0.0000173 seconds
[2019-12-09T05:39:39.481+0000][1][safepoint    ] Application time: 1.0000759 seconds
[2019-12-09T05:39:39.481+0000][1][safepoint    ] Entering safepoint region: Cleanup
[2019-12-09T05:39:39.481+0000][1][safepoint    ] Leaving safepoint region
[2019-12-09T05:39:39.481+0000][1][safepoint    ] Total time for which application threads were stopped: 0.0000660 seconds, Stopping threads took: 0.0000171 seconds
[2019-12-09T05:39:40.481+0000][1][safepoint    ] Application time: 1.0000871 seconds
[2019-12-09T05:39:40.481+0000][1][safepoint    ] Entering safepoint region: Cleanup
[2019-12-09T05:39:40.481+0000][1][safepoint    ] Leaving safepoint region
[2019-12-09T05:39:40.481+0000][1][safepoint    ] Total time for which application threads were stopped: 0.0000644 seconds, Stopping threads took: 0.0000167 seconds
[2019-12-09T05:39:41.481+0000][1][safepoint    ] Application time: 1.0000760 seconds
[2019-12-09T05:39:41.481+0000][1][safepoint    ] Entering safepoint region: Cleanup
[2019-12-09T05:39:41.481+0000][1][safepoint    ] Leaving safepoint region
[2019-12-09T05:39:41.481+0000][1][safepoint    ] Total time for which application threads were stopped: 0.0000657 seconds, Stopping threads took: 0.0000163 seconds
[2019-12-09T05:39:42.481+0000][1][safepoint    ] Application time: 1.0000751 seconds
[2019-12-09T05:39:42.481+0000][1][safepoint    ] Entering safepoint region: Cleanup
[2019-12-09T05:39:42.481+0000][1][safepoint    ] Leaving safepoint region
[2019-12-09T05:39:42.481+0000][1][safepoint    ] Total time for which application threads were stopped: 0.0000681 seconds, Stopping threads took: 0.0000174 seconds
[2019-12-09T05:39:43.481+0000][1][safepoint    ] Application time: 1.0000763 seconds
[2019-12-09T05:39:43.481+0000][1][safepoint    ] Entering safepoint region: Cleanup
[2019-12-09T05:39:43.481+0000][1][safepoint    ] Leaving safepoint region
[2019-12-09T05:39:43.481+0000][1][safepoint    ] Total time for which application threads were stopped: 0.0000707 seconds, Stopping threads took: 0.0000180 seconds
[2019-12-09T05:39:44.482+0000][1][safepoint    ] Application time: 1.0000752 seconds
[2019-12-09T05:39:44.482+0000][1][safepoint    ] Entering safepoint region: Cleanup
[2019-12-09T05:39:44.482+0000][1][safepoint    ] Leaving safepoint region
[2019-12-09T05:39:44.482+0000][1][safepoint    ] Total time for which application threads were stopped: 0.0000665 seconds, Stopping threads took: 0.0000174 seconds
[2019-12-09T05:39:45.482+0000][1][safepoint    ] Application time: 1.0000766 seconds
[2019-12-09T05:39:45.482+0000][1][safepoint    ] Entering safepoint region: Cleanup
[2019-12-09T05:39:45.482+0000][1][safepoint    ] Leaving safepoint region
[2019-12-09T05:39:45.482+0000][1][safepoint    ] Total time for which application threads were stopped: 0.0000643 seconds, Stopping threads took: 0.0000162 seconds
[2019-12-09T05:39:46.482+0000][1][safepoint    ] Application time: 1.0000769 seconds
[2019-12-09T05:39:46.482+0000][1][safepoint    ] Entering safepoint region: Cleanup
[2019-12-09T05:39:46.482+0000][1][safepoint    ] Leaving safepoint region
[2019-12-09T05:39:46.482+0000][1][safepoint    ] Total time for which application threads were stopped: 0.0000668 seconds, Stopping threads took: 0.0000173 seconds
[2019-12-09T05:39:47.482+0000][1][safepoint    ] Application time: 1.0000765 seconds
[2019-12-09T05:39:47.482+0000][1][safepoint    ] Entering safepoint region: Cleanup
[2019-12-09T05:39:47.482+0000][1][safepoint    ] Leaving safepoint region
[2019-12-09T05:39:47.482+0000][1][safepoint    ] Total time for which application threads were stopped: 0.0000670 seconds, Stopping threads took: 0.0000179 seconds
[2019-12-09T05:39:48.482+0000][1][safepoint    ] Application time: 1.0000763 seconds
[2019-12-09T05:39:48.482+0000][1][safepoint    ] Entering safepoint region: Cleanup
[2019-12-09T05:39:48.482+0000][1][safepoint    ] Leaving safepoint region
[2019-12-09T05:39:48.482+0000][1][safepoint    ] Total time for which application threads were stopped: 0.0000623 seconds, Stopping threads took: 0.0000150 seconds
[2019-12-09T05:39:49.482+0000][1][safepoint    ] Application time: 1.0000754 seconds
[2019-12-09T05:39:49.482+0000][1][safepoint    ] Entering safepoint region: Cleanup
[2019-12-09T05:39:49.483+0000][1][safepoint    ] Leaving safepoint region
[2019-12-09T05:39:49.483+0000][1][safepoint    ] Total time for which application threads were stopped: 0.0000620 seconds, Stopping threads took: 0.0000156 seconds
[2019-12-09T05:39:50.483+0000][1][safepoint    ] Application time: 1.0000762 seconds
[2019-12-09T05:39:50.483+0000][1][safepoint    ] Entering safepoint region: Cleanup
[2019-12-09T05:39:50.483+0000][1][safepoint    ] Leaving safepoint region
[2019-12-09T05:39:50.483+0000][1][safepoint    ] Total time for which application threads were stopped: 0.0000709 seconds, Stopping threads took: 0.0000151 seconds
[2019-12-09T05:39:51.483+0000][1][safepoint    ] Application time: 1.0000762 seconds
[2019-12-09T05:39:51.483+0000][1][safepoint    ] Entering safepoint region: Cleanup
[2019-12-09T05:39:51.483+0000][1][safepoint    ] Leaving safepoint region
[2019-12-09T05:39:51.483+0000][1][safepoint    ] Total time for which application threads were stopped: 0.0000663 seconds, Stopping threads took: 0.0000177 seconds
[2019-12-09T05:39:52.483+0000][1][safepoint    ] Application time: 1.0000750 seconds
[2019-12-09T05:39:52.483+0000][1][safepoint    ] Entering safepoint region: Cleanup
[2019-12-09T05:39:52.483+0000][1][safepoint    ] Leaving safepoint region
[2019-12-09T05:39:52.483+0000][1][safepoint    ] Total time for which application threads were stopped: 0.0000618 seconds, Stopping threads took: 0.0000172 seconds
[2019-12-09T05:39:53.483+0000][1][safepoint    ] Application time: 1.0000779 seconds
[2019-12-09T05:39:53.483+0000][1][safepoint    ] Entering safepoint region: Cleanup
[2019-12-09T05:39:53.483+0000][1][safepoint    ] Leaving safepoint region
[2019-12-09T05:39:53.483+0000][1][safepoint    ] Total time for which application threads were stopped: 0.0000683 seconds, Stopping threads took: 0.0000159 seconds
[2019-12-09T05:39:54.483+0000][1][safepoint    ] Application time: 1.0000803 seconds
[2019-12-09T05:39:54.483+0000][1][safepoint    ] Entering safepoint region: Cleanup
[2019-12-09T05:39:54.483+0000][1][safepoint    ] Leaving safepoint region
[2019-12-09T05:39:54.483+0000][1][safepoint    ] Total time for which application threads were stopped: 0.0000610 seconds, Stopping threads took: 0.0000164 seconds
[2019-12-09T05:39:55.483+0000][1][safepoint    ] Application time: 1.0000759 seconds
[2019-12-09T05:39:55.484+0000][1][safepoint    ] Entering safepoint region: Cleanup
[2019-12-09T05:39:55.484+0000][1][safepoint    ] Leaving safepoint region
[2019-12-09T05:39:55.484+0000][1][safepoint    ] Total time for which application threads were stopped: 0.0000628 seconds, Stopping threads took: 0.0000158 seconds
[2019-12-09T05:39:56.484+0000][1][safepoint    ] Application time: 1.0000777 seconds
[2019-12-09T05:39:56.484+0000][1][safepoint    ] Entering safepoint region: Cleanup
[2019-12-09T05:39:56.484+0000][1][safepoint    ] Leaving safepoint region
[2019-12-09T05:39:56.484+0000][1][safepoint    ] Total time for which application threads were stopped: 0.0000638 seconds, Stopping threads took: 0.0000184 seconds
[2019-12-09T05:39:57.484+0000][1][safepoint    ] Application time: 1.0000766 seconds
[2019-12-09T05:39:57.484+0000][1][safepoint    ] Entering safepoint region: Cleanup
[2019-12-09T05:39:57.484+0000][1][safepoint    ] Leaving safepoint region
[2019-12-09T05:39:57.484+0000][1][safepoint    ] Total time for which application threads were stopped: 0.0000646 seconds, Stopping threads took: 0.0000167 seconds
[2019-12-09T05:39:58.484+0000][1][safepoint    ] Application time: 1.0000763 seconds
[2019-12-09T05:39:58.484+0000][1][safepoint    ] Entering safepoint region: Cleanup
[2019-12-09T05:39:58.484+0000][1][safepoint    ] Leaving safepoint region
[2019-12-09T05:39:58.484+0000][1][safepoint    ] Total time for which application threads were stopped: 0.0000671 seconds, Stopping threads took: 0.0000169 seconds
[2019-12-09T05:39:59.484+0000][1][safepoint    ] Application time: 1.0000757 seconds
[2019-12-09T05:39:59.484+0000][1][safepoint    ] Entering safepoint region: Cleanup
[2019-12-09T05:39:59.484+0000][1][safepoint    ] Leaving safepoint region
[2019-12-09T05:39:59.484+0000][1][safepoint    ] Total time for which application threads were stopped: 0.0000660 seconds, Stopping threads took: 0.0000153 seconds
[2019-12-09T05:40:00.484+0000][1][safepoint    ] Application time: 1.0000782 seconds
[2019-12-09T05:40:00.484+0000][1][safepoint    ] Entering safepoint region: Cleanup
[2019-12-09T05:40:00.484+0000][1][safepoint    ] Leaving safepoint region
[2019-12-09T05:40:00.484+0000][1][safepoint    ] Total time for which application threads were stopped: 0.0000648 seconds, Stopping threads took: 0.0000167 seconds
[2019-12-09T05:40:01.485+0000][1][safepoint    ] Application time: 1.0000781 seconds
[2019-12-09T05:40:01.485+0000][1][safepoint    ] Entering safepoint region: Cleanup
[2019-12-09T05:40:01.485+0000][1][safepoint    ] Leaving safepoint region
[2019-12-09T05:40:01.485+0000][1][safepoint    ] Total time for which application threads were stopped: 0.0000942 seconds, Stopping threads took: 0.0000253 seconds
[2019-12-09T05:40:02.485+0000][1][safepoint    ] Application time: 1.0000750 seconds
[2019-12-09T05:40:02.485+0000][1][safepoint    ] Entering safepoint region: Cleanup
[2019-12-09T05:40:02.485+0000][1][safepoint    ] Leaving safepoint region
[2019-12-09T05:40:02.485+0000][1][safepoint    ] Total time for which application threads were stopped: 0.0000650 seconds, Stopping threads took: 0.0000152 seconds
[2019-12-09T05:40:03.485+0000][1][safepoint    ] Application time: 1.0000776 seconds
[2019-12-09T05:40:03.485+0000][1][safepoint    ] Entering safepoint region: Cleanup
[2019-12-09T05:40:03.485+0000][1][safepoint    ] Leaving safepoint region
[2019-12-09T05:40:03.485+0000][1][safepoint    ] Total time for which application threads were stopped: 0.0000660 seconds, Stopping threads took: 0.0000169 seconds
[2019-12-09T05:40:04.485+0000][1][safepoint    ] Application time: 1.0000738 seconds
[2019-12-09T05:40:04.485+0000][1][safepoint    ] Entering safepoint region: Cleanup
[2019-12-09T05:40:04.485+0000][1][safepoint    ] Leaving safepoint region
[2019-12-09T05:40:04.485+0000][1][safepoint    ] Total time for which application threads were stopped: 0.0000637 seconds, Stopping threads took: 0.0000164 seconds
[2019-12-09T05:40:05.485+0000][1][safepoint    ] Application time: 1.0000745 seconds
[2019-12-09T05:40:05.485+0000][1][safepoint    ] Entering safepoint region: Cleanup
[2019-12-09T05:40:05.485+0000][1][safepoint    ] Leaving safepoint region
[2019-12-09T05:40:05.485+0000][1][safepoint    ] Total time for which application threads were stopped: 0.0000661 seconds, Stopping threads took: 0.0000159 seconds
[2019-12-09T05:40:06.486+0000][1][safepoint    ] Application time: 1.0000774 seconds
[2019-12-09T05:40:06.486+0000][1][safepoint    ] Entering safepoint region: Cleanup
[2019-12-09T05:40:06.486+0000][1][safepoint    ] Leaving safepoint region
[2019-12-09T05:40:06.486+0000][1][safepoint    ] Total time for which application threads were stopped: 0.0000653 seconds, Stopping threads took: 0.0000163 seconds
[2019-12-09T05:40:07.486+0000][1][safepoint    ] Application time: 1.0000686 seconds
[2019-12-09T05:40:07.486+0000][1][safepoint    ] Entering safepoint region: Cleanup
[2019-12-09T05:40:07.486+0000][1][safepoint    ] Leaving safepoint region
[2019-12-09T05:40:07.486+0000][1][safepoint    ] Total time for which application threads were stopped: 0.0000665 seconds, Stopping threads took: 0.0000183 seconds
[2019-12-09T05:40:08.486+0000][1][safepoint    ] Application time: 1.0000751 seconds
[2019-12-09T05:40:08.486+0000][1][safepoint    ] Entering safepoint region: Cleanup
[2019-12-09T05:40:08.486+0000][1][safepoint    ] Leaving safepoint region
[2019-12-09T05:40:08.486+0000][1][safepoint    ] Total time for which application threads were stopped: 0.0000651 seconds, Stopping threads took: 0.0000159 seconds
[2019-12-09T05:40:09.486+0000][1][safepoint    ] Application time: 1.0000744 seconds
[2019-12-09T05:40:09.486+0000][1][safepoint    ] Entering safepoint region: Cleanup
[2019-12-09T05:40:09.486+0000][1][safepoint    ] Leaving safepoint region
[2019-12-09T05:40:09.486+0000][1][safepoint    ] Total time for which application threads were stopped: 0.0000628 seconds, Stopping threads took: 0.0000154 seconds
[2019-12-09T05:40:10.486+0000][1][safepoint    ] Application time: 1.0000737 seconds
[2019-12-09T05:40:10.486+0000][1][safepoint    ] Entering safepoint region: Cleanup
[2019-12-09T05:40:10.486+0000][1][safepoint    ] Leaving safepoint region
[2019-12-09T05:40:10.486+0000][1][safepoint    ] Total time for which application threads were stopped: 0.0000645 seconds, Stopping threads took: 0.0000162 seconds
[2019-12-09T05:40:11.486+0000][1][safepoint    ] Application time: 1.0000756 seconds
[2019-12-09T05:40:11.486+0000][1][safepoint    ] Entering safepoint region: Cleanup
[2019-12-09T05:40:11.486+0000][1][safepoint    ] Leaving safepoint region
[2019-12-09T05:40:11.487+0000][1][safepoint    ] Total time for which application threads were stopped: 0.0000629 seconds, Stopping threads took: 0.0000162 seconds
[2019-12-09T05:40:12.487+0000][1][safepoint    ] Application time: 1.0000769 seconds
[2019-12-09T05:40:12.487+0000][1][safepoint    ] Entering safepoint region: Cleanup
[2019-12-09T05:40:12.487+0000][1][safepoint    ] Leaving safepoint region
[2019-12-09T05:40:12.487+0000][1][safepoint    ] Total time for which application threads were stopped: 0.0000612 seconds, Stopping threads took: 0.0000157 seconds
[2019-12-09T05:40:13.487+0000][1][safepoint    ] Application time: 1.0000731 seconds
[2019-12-09T05:40:13.487+0000][1][safepoint    ] Entering safepoint region: Cleanup
[2019-12-09T05:40:13.487+0000][1][safepoint    ] Leaving safepoint region
[2019-12-09T05:40:13.487+0000][1][safepoint    ] Total time for which application threads were stopped: 0.0000628 seconds, Stopping threads took: 0.0000152 seconds
[2019-12-09T05:40:14.487+0000][1][safepoint    ] Application time: 1.0000745 seconds
[2019-12-09T05:40:14.487+0000][1][safepoint    ] Entering safepoint region: Cleanup
[2019-12-09T05:40:14.487+0000][1][safepoint    ] Leaving safepoint region
[2019-12-09T05:40:14.487+0000][1][safepoint    ] Total time for which application threads were stopped: 0.0000645 seconds, Stopping threads took: 0.0000175 seconds
[2019-12-09T05:40:15.487+0000][1][safepoint    ] Application time: 1.0000742 seconds
[2019-12-09T05:40:15.487+0000][1][safepoint    ] Entering safepoint region: Cleanup
[2019-12-09T05:40:15.487+0000][1][safepoint    ] Leaving safepoint region
[2019-12-09T05:40:15.487+0000][1][safepoint    ] Total time for which application threads were stopped: 0.0000605 seconds, Stopping threads took: 0.0000151 seconds
[2019-12-09T05:40:16.487+0000][1][safepoint    ] Application time: 1.0000720 seconds
[2019-12-09T05:40:16.487+0000][1][safepoint    ] Entering safepoint region: Cleanup
[2019-12-09T05:40:16.487+0000][1][safepoint    ] Leaving safepoint region
[2019-12-09T05:40:16.487+0000][1][safepoint    ] Total time for which application threads were stopped: 0.0000608 seconds, Stopping threads took: 0.0000149 seconds
[2019-12-09T05:40:17.487+0000][1][safepoint    ] Application time: 1.0000755 seconds
[2019-12-09T05:40:17.487+0000][1][safepoint    ] Entering safepoint region: Cleanup
[2019-12-09T05:40:17.488+0000][1][safepoint    ] Leaving safepoint region
[2019-12-09T05:40:17.488+0000][1][safepoint    ] Total time for which application threads were stopped: 0.0000791 seconds, Stopping threads took: 0.0000165 seconds
[2019-12-09T05:40:18.488+0000][1][safepoint    ] Application time: 1.0000775 seconds
[2019-12-09T05:40:18.488+0000][1][safepoint    ] Entering safepoint region: Cleanup
[2019-12-09T05:40:18.488+0000][1][safepoint    ] Leaving safepoint region
[2019-12-09T05:40:18.488+0000][1][safepoint    ] Total time for which application threads were stopped: 0.0000717 seconds, Stopping threads took: 0.0000168 seconds
[2019-12-09T05:40:19.488+0000][1][safepoint    ] Application time: 1.0000754 seconds
[2019-12-09T05:40:19.488+0000][1][safepoint    ] Entering safepoint region: Cleanup
[2019-12-09T05:40:19.488+0000][1][safepoint    ] Leaving safepoint region
[2019-12-09T05:40:19.488+0000][1][safepoint    ] Total time for which application threads were stopped: 0.0000614 seconds, Stopping threads took: 0.0000161 seconds
[2019-12-09T05:40:20.488+0000][1][safepoint    ] Application time: 1.0000769 seconds
[2019-12-09T05:40:20.488+0000][1][safepoint    ] Entering safepoint region: Cleanup
[2019-12-09T05:40:20.488+0000][1][safepoint    ] Leaving safepoint region
[2019-12-09T05:40:20.488+0000][1][safepoint    ] Total time for which application threads were stopped: 0.0000628 seconds, Stopping threads took: 0.0000163 seconds
[2019-12-09T05:40:21.488+0000][1][safepoint    ] Application time: 1.0000768 seconds
[2019-12-09T05:40:21.488+0000][1][safepoint    ] Entering safepoint region: Cleanup
[2019-12-09T05:40:21.488+0000][1][safepoint    ] Leaving safepoint region
[2019-12-09T05:40:21.488+0000][1][safepoint    ] Total time for which application threads were stopped: 0.0000633 seconds, Stopping threads took: 0.0000169 seconds
[2019-12-09T05:40:22.488+0000][1][safepoint    ] Application time: 1.0000756 seconds
[2019-12-09T05:40:22.488+0000][1][safepoint    ] Entering safepoint region: Cleanup
[2019-12-09T05:40:22.488+0000][1][safepoint    ] Leaving safepoint region
[2019-12-09T05:40:22.488+0000][1][safepoint    ] Total time for which application threads were stopped: 0.0000616 seconds, Stopping threads took: 0.0000151 seconds
[2019-12-09T05:40:23.488+0000][1][safepoint    ] Application time: 1.0000772 seconds
[2019-12-09T05:40:23.489+0000][1][safepoint    ] Entering safepoint region: Cleanup
[2019-12-09T05:40:23.489+0000][1][safepoint    ] Leaving safepoint region
[2019-12-09T05:40:23.489+0000][1][safepoint    ] Total time for which application threads were stopped: 0.0000626 seconds, Stopping threads took: 0.0000156 seconds
[2019-12-09T05:40:24.489+0000][1][safepoint    ] Application time: 1.0000769 seconds
[2019-12-09T05:40:24.489+0000][1][safepoint    ] Entering safepoint region: Cleanup
[2019-12-09T05:40:24.489+0000][1][safepoint    ] Leaving safepoint region
[2019-12-09T05:40:24.489+0000][1][safepoint    ] Total time for which application threads were stopped: 0.0000715 seconds, Stopping threads took: 0.0000245 seconds
[2019-12-09T05:40:25.489+0000][1][safepoint    ] Application time: 1.0000795 seconds
[2019-12-09T05:40:25.489+0000][1][safepoint    ] Entering safepoint region: Cleanup
[2019-12-09T05:40:25.489+0000][1][safepoint    ] Leaving safepoint region
[2019-12-09T05:40:25.489+0000][1][safepoint    ] Total time for which application threads were stopped: 0.0000642 seconds, Stopping threads took: 0.0000165 seconds
[2019-12-09T05:40:26.489+0000][1][safepoint    ] Application time: 1.0000770 seconds
[2019-12-09T05:40:26.489+0000][1][safepoint    ] Entering safepoint region: Cleanup
[2019-12-09T05:40:26.489+0000][1][safepoint    ] Leaving safepoint region
[2019-12-09T05:40:26.489+0000][1][safepoint    ] Total time for which application threads were stopped: 0.0000609 seconds, Stopping threads took: 0.0000153 seconds
[2019-12-09T05:40:27.489+0000][1][safepoint    ] Application time: 1.0000769 seconds
[2019-12-09T05:40:27.489+0000][1][safepoint    ] Entering safepoint region: Cleanup
[2019-12-09T05:40:27.489+0000][1][safepoint    ] Leaving safepoint region
[2019-12-09T05:40:27.489+0000][1][safepoint    ] Total time for which application threads were stopped: 0.0000611 seconds, Stopping threads took: 0.0000158 seconds
[2019-12-09T05:40:28.489+0000][1][safepoint    ] Application time: 1.0000758 seconds
[2019-12-09T05:40:28.489+0000][1][safepoint    ] Entering safepoint region: Cleanup
[2019-12-09T05:40:28.489+0000][1][safepoint    ] Leaving safepoint region
[2019-12-09T05:40:28.489+0000][1][safepoint    ] Total time for which application threads were stopped: 0.0000607 seconds, Stopping threads took: 0.0000151 seconds
[2019-12-09T05:40:29.490+0000][1][safepoint    ] Application time: 1.0000771 seconds
[2019-12-09T05:40:29.490+0000][1][safepoint    ] Entering safepoint region: Cleanup
[2019-12-09T05:40:29.490+0000][1][safepoint    ] Leaving safepoint region
[2019-12-09T05:40:29.490+0000][1][safepoint    ] Total time for which application threads were stopped: 0.0000651 seconds, Stopping threads took: 0.0000171 seconds
[2019-12-09T05:40:30.490+0000][1][safepoint    ] Application time: 1.0000843 seconds
[2019-12-09T05:40:30.490+0000][1][safepoint    ] Entering safepoint region: Cleanup
[2019-12-09T05:40:30.490+0000][1][safepoint    ] Leaving safepoint region
[2019-12-09T05:40:30.490+0000][1][safepoint    ] Total time for which application threads were stopped: 0.0000626 seconds, Stopping threads took: 0.0000178 seconds
[2019-12-09T05:40:31.490+0000][1][safepoint    ] Application time: 1.0000744 seconds
[2019-12-09T05:40:31.490+0000][1][safepoint    ] Entering safepoint region: Cleanup
[2019-12-09T05:40:31.490+0000][1][safepoint    ] Leaving safepoint region
[2019-12-09T05:40:31.490+0000][1][safepoint    ] Total time for which application threads were stopped: 0.0000704 seconds, Stopping threads took: 0.0000239 seconds
[2019-12-09T05:40:32.490+0000][1][safepoint    ] Application time: 1.0000760 seconds
[2019-12-09T05:40:32.490+0000][1][safepoint    ] Entering safepoint region: Cleanup
[2019-12-09T05:40:32.490+0000][1][safepoint    ] Leaving safepoint region
[2019-12-09T05:40:32.490+0000][1][safepoint    ] Total time for which application threads were stopped: 0.0000619 seconds, Stopping threads took: 0.0000154 seconds
[2019-12-09T05:40:33.490+0000][1][safepoint    ] Application time: 1.0000772 seconds
[2019-12-09T05:40:33.490+0000][1][safepoint    ] Entering safepoint region: Cleanup
[2019-12-09T05:40:33.490+0000][1][safepoint    ] Leaving safepoint region
[2019-12-09T05:40:33.490+0000][1][safepoint    ] Total time for which application threads were stopped: 0.0000611 seconds, Stopping threads took: 0.0000150 seconds
[2019-12-09T05:40:34.490+0000][1][safepoint    ] Application time: 1.0000753 seconds
[2019-12-09T05:40:34.490+0000][1][safepoint    ] Entering safepoint region: Cleanup
[2019-12-09T05:40:34.490+0000][1][safepoint    ] Leaving safepoint region
[2019-12-09T05:40:34.490+0000][1][safepoint    ] Total time for which application threads were stopped: 0.0000605 seconds, Stopping threads took: 0.0000152 seconds
[2019-12-09T05:40:35.491+0000][1][safepoint    ] Application time: 1.0000766 seconds
[2019-12-09T05:40:35.491+0000][1][safepoint    ] Entering safepoint region: Cleanup
[2019-12-09T05:40:35.491+0000][1][safepoint    ] Leaving safepoint region
[2019-12-09T05:40:35.491+0000][1][safepoint    ] Total time for which application threads were stopped: 0.0000616 seconds, Stopping threads took: 0.0000164 seconds
[2019-12-09T05:40:36.491+0000][1][safepoint    ] Application time: 1.0000681 seconds
[2019-12-09T05:40:36.491+0000][1][safepoint    ] Entering safepoint region: Cleanup
[2019-12-09T05:40:36.491+0000][1][safepoint    ] Leaving safepoint region
[2019-12-09T05:40:36.491+0000][1][safepoint    ] Total time for which application threads were stopped: 0.0000626 seconds, Stopping threads took: 0.0000155 seconds
[2019-12-09T05:40:37.491+0000][1][safepoint    ] Application time: 1.0000758 seconds
[2019-12-09T05:40:37.491+0000][1][safepoint    ] Entering safepoint region: Cleanup
[2019-12-09T05:40:37.491+0000][1][safepoint    ] Leaving safepoint region
[2019-12-09T05:40:37.491+0000][1][safepoint    ] Total time for which application threads were stopped: 0.0000643 seconds, Stopping threads took: 0.0000172 seconds
[2019-12-09T05:40:38.491+0000][1][safepoint    ] Application time: 1.0000773 seconds
[2019-12-09T05:40:38.491+0000][1][safepoint    ] Entering safepoint region: Cleanup
[2019-12-09T05:40:38.491+0000][1][safepoint    ] Leaving safepoint region
[2019-12-09T05:40:38.491+0000][1][safepoint    ] Total time for which application threads were stopped: 0.0000636 seconds, Stopping threads took: 0.0000162 seconds
[2019-12-09T05:40:39.491+0000][1][safepoint    ] Application time: 1.0000763 seconds
[2019-12-09T05:40:39.491+0000][1][safepoint    ] Entering safepoint region: Cleanup
[2019-12-09T05:40:39.491+0000][1][safepoint    ] Leaving safepoint region
[2019-12-09T05:40:39.491+0000][1][safepoint    ] Total time for which application threads were stopped: 0.0000626 seconds, Stopping threads took: 0.0000148 seconds
[2019-12-09T05:40:40.491+0000][1][safepoint    ] Application time: 1.0000765 seconds
[2019-12-09T05:40:40.491+0000][1][safepoint    ] Entering safepoint region: Cleanup
[2019-12-09T05:40:40.491+0000][1][safepoint    ] Leaving safepoint region
[2019-12-09T05:40:40.491+0000][1][safepoint    ] Total time for which application threads were stopped: 0.0000607 seconds, Stopping threads took: 0.0000169 seconds
[2019-12-09T05:40:41.492+0000][1][safepoint    ] Application time: 1.0000744 seconds
[2019-12-09T05:40:41.492+0000][1][safepoint    ] Entering safepoint region: Cleanup
[2019-12-09T05:40:41.492+0000][1][safepoint    ] Leaving safepoint region
[2019-12-09T05:40:41.492+0000][1][safepoint    ] Total time for which application threads were stopped: 0.0000625 seconds, Stopping threads took: 0.0000159 seconds
[2019-12-09T05:40:42.492+0000][1][safepoint    ] Application time: 1.0000759 seconds
[2019-12-09T05:40:42.492+0000][1][safepoint    ] Entering safepoint region: Cleanup
[2019-12-09T05:40:42.492+0000][1][safepoint    ] Leaving safepoint region
[2019-12-09T05:40:42.492+0000][1][safepoint    ] Total time for which application threads were stopped: 0.0000612 seconds, Stopping threads took: 0.0000153 seconds
[2019-12-09T05:40:43.492+0000][1][safepoint    ] Application time: 1.0000817 seconds
[2019-12-09T05:40:43.492+0000][1][safepoint    ] Entering safepoint region: Cleanup
[2019-12-09T05:40:43.492+0000][1][safepoint    ] Leaving safepoint region
[2019-12-09T05:40:43.492+0000][1][safepoint    ] Total time for which application threads were stopped: 0.0000617 seconds, Stopping threads took: 0.0000161 seconds
[2019-12-09T05:40:44.492+0000][1][safepoint    ] Application time: 1.0000853 seconds
[2019-12-09T05:40:44.492+0000][1][safepoint    ] Entering safepoint region: Cleanup
[2019-12-09T05:40:44.492+0000][1][safepoint    ] Leaving safepoint region
[2019-12-09T05:40:44.492+0000][1][safepoint    ] Total time for which application threads were stopped: 0.0000858 seconds, Stopping threads took: 0.0000208 seconds
[2019-12-09T05:40:45.492+0000][1][safepoint    ] Application time: 1.0000820 seconds
[2019-12-09T05:40:45.492+0000][1][safepoint    ] Entering safepoint region: Cleanup
[2019-12-09T05:40:45.492+0000][1][safepoint    ] Leaving safepoint region
[2019-12-09T05:40:45.492+0000][1][safepoint    ] Total time for which application threads were stopped: 0.0000620 seconds, Stopping threads took: 0.0000160 seconds
[2019-12-09T05:40:46.492+0000][1][safepoint    ] Application time: 1.0000764 seconds
[2019-12-09T05:40:46.492+0000][1][safepoint    ] Entering safepoint region: Cleanup
[2019-12-09T05:40:46.493+0000][1][safepoint    ] Leaving safepoint region
[2019-12-09T05:40:46.493+0000][1][safepoint    ] Total time for which application threads were stopped: 0.0000657 seconds, Stopping threads took: 0.0000173 seconds
[2019-12-09T05:40:47.493+0000][1][safepoint    ] Application time: 1.0000769 seconds
[2019-12-09T05:40:47.493+0000][1][safepoint    ] Entering safepoint region: Cleanup
[2019-12-09T05:40:47.493+0000][1][safepoint    ] Leaving safepoint region
[2019-12-09T05:40:47.493+0000][1][safepoint    ] Total time for which application threads were stopped: 0.0000717 seconds, Stopping threads took: 0.0000163 seconds
[2019-12-09T05:40:48.493+0000][1][safepoint    ] Application time: 1.0000767 seconds
[2019-12-09T05:40:48.493+0000][1][safepoint    ] Entering safepoint region: Cleanup
[2019-12-09T05:40:48.493+0000][1][safepoint    ] Leaving safepoint region
[2019-12-09T05:40:48.493+0000][1][safepoint    ] Total time for which application threads were stopped: 0.0000675 seconds, Stopping threads took: 0.0000153 seconds
[2019-12-09T05:40:49.493+0000][1][safepoint    ] Application time: 1.0000750 seconds
[2019-12-09T05:40:49.493+0000][1][safepoint    ] Entering safepoint region: Cleanup
[2019-12-09T05:40:49.493+0000][1][safepoint    ] Leaving safepoint region
[2019-12-09T05:40:49.493+0000][1][safepoint    ] Total time for which application threads were stopped: 0.0000614 seconds, Stopping threads took: 0.0000154 seconds
[2019-12-09T05:40:50.493+0000][1][safepoint    ] Application time: 1.0000724 seconds
[2019-12-09T05:40:50.493+0000][1][safepoint    ] Entering safepoint region: Cleanup
[2019-12-09T05:40:50.493+0000][1][safepoint    ] Leaving safepoint region
[2019-12-09T05:40:50.493+0000][1][safepoint    ] Total time for which application threads were stopped: 0.0000625 seconds, Stopping threads took: 0.0000184 seconds
[2019-12-09T05:40:51.493+0000][1][safepoint    ] Application time: 1.0000752 seconds
[2019-12-09T05:40:51.493+0000][1][safepoint    ] Entering safepoint region: Cleanup
[2019-12-09T05:40:51.493+0000][1][safepoint    ] Leaving safepoint region
[2019-12-09T05:40:51.493+0000][1][safepoint    ] Total time for which application threads were stopped: 0.0000600 seconds, Stopping threads took: 0.0000163 seconds
[2019-12-09T05:40:52.493+0000][1][safepoint    ] Application time: 1.0000751 seconds
[2019-12-09T05:40:52.493+0000][1][safepoint    ] Entering safepoint region: Cleanup
[2019-12-09T05:40:52.494+0000][1][safepoint    ] Leaving safepoint region
[2019-12-09T05:40:52.494+0000][1][safepoint    ] Total time for which application threads were stopped: 0.0000627 seconds, Stopping threads took: 0.0000169 seconds
[2019-12-09T05:40:53.494+0000][1][safepoint    ] Application time: 1.0000760 seconds
[2019-12-09T05:40:53.494+0000][1][safepoint    ] Entering safepoint region: Cleanup
[2019-12-09T05:40:53.494+0000][1][safepoint    ] Leaving safepoint region
[2019-12-09T05:40:53.494+0000][1][safepoint    ] Total time for which application threads were stopped: 0.0000776 seconds, Stopping threads took: 0.0000172 seconds
[2019-12-09T05:40:54.494+0000][1][safepoint    ] Application time: 1.0000762 seconds
[2019-12-09T05:40:54.494+0000][1][safepoint    ] Entering safepoint region: Cleanup
[2019-12-09T05:40:54.494+0000][1][safepoint    ] Leaving safepoint region
[2019-12-09T05:40:54.494+0000][1][safepoint    ] Total time for which application threads were stopped: 0.0000665 seconds, Stopping threads took: 0.0000164 seconds
[2019-12-09T05:40:55.494+0000][1][safepoint    ] Application time: 1.0000767 seconds
[2019-12-09T05:40:55.494+0000][1][safepoint    ] Entering safepoint region: Cleanup
[2019-12-09T05:40:55.494+0000][1][safepoint    ] Leaving safepoint region
[2019-12-09T05:40:55.494+0000][1][safepoint    ] Total time for which application threads were stopped: 0.0000651 seconds, Stopping threads took: 0.0000175 seconds
[2019-12-09T05:40:56.494+0000][1][safepoint    ] Application time: 1.0000793 seconds
[2019-12-09T05:40:56.494+0000][1][safepoint    ] Entering safepoint region: Cleanup
[2019-12-09T05:40:56.494+0000][1][safepoint    ] Leaving safepoint region
[2019-12-09T05:40:56.494+0000][1][safepoint    ] Total time for which application threads were stopped: 0.0000643 seconds, Stopping threads took: 0.0000163 seconds
[2019-12-09T05:40:57.494+0000][1][safepoint    ] Application time: 1.0000782 seconds
[2019-12-09T05:40:57.494+0000][1][safepoint    ] Entering safepoint region: Cleanup
[2019-12-09T05:40:57.494+0000][1][safepoint    ] Leaving safepoint region
[2019-12-09T05:40:57.494+0000][1][safepoint    ] Total time for which application threads were stopped: 0.0000627 seconds, Stopping threads took: 0.0000162 seconds
[2019-12-09T05:40:58.495+0000][1][safepoint    ] Application time: 1.0000786 seconds
[2019-12-09T05:40:58.495+0000][1][safepoint    ] Entering safepoint region: Cleanup
[2019-12-09T05:40:58.495+0000][1][safepoint    ] Leaving safepoint region
[2019-12-09T05:40:58.495+0000][1][safepoint    ] Total time for which application threads were stopped: 0.0000638 seconds, Stopping threads took: 0.0000161 seconds
[2019-12-09T05:40:59.495+0000][1][safepoint    ] Application time: 1.0000855 seconds
[2019-12-09T05:40:59.495+0000][1][safepoint    ] Entering safepoint region: Cleanup
[2019-12-09T05:40:59.495+0000][1][safepoint    ] Leaving safepoint region
[2019-12-09T05:40:59.495+0000][1][safepoint    ] Total time for which application threads were stopped: 0.0000636 seconds, Stopping threads took: 0.0000154 seconds
[2019-12-09T05:41:00.495+0000][1][safepoint    ] Application time: 1.0000741 seconds
[2019-12-09T05:41:00.495+0000][1][safepoint    ] Entering safepoint region: Cleanup
[2019-12-09T05:41:00.495+0000][1][safepoint    ] Leaving safepoint region
[2019-12-09T05:41:00.495+0000][1][safepoint    ] Total time for which application threads were stopped: 0.0000603 seconds, Stopping threads took: 0.0000149 seconds
[2019-12-09T05:41:01.495+0000][1][safepoint    ] Application time: 1.0000765 seconds
[2019-12-09T05:41:01.495+0000][1][safepoint    ] Entering safepoint region: Cleanup
[2019-12-09T05:41:01.495+0000][1][safepoint    ] Leaving safepoint region
[2019-12-09T05:41:01.495+0000][1][safepoint    ] Total time for which application threads were stopped: 0.0000655 seconds, Stopping threads took: 0.0000178 seconds
[2019-12-09T05:41:02.495+0000][1][safepoint    ] Application time: 1.0000769 seconds
[2019-12-09T05:41:02.495+0000][1][safepoint    ] Entering safepoint region: Cleanup
[2019-12-09T05:41:02.495+0000][1][safepoint    ] Leaving safepoint region
[2019-12-09T05:41:02.495+0000][1][safepoint    ] Total time for which application threads were stopped: 0.0000642 seconds, Stopping threads took: 0.0000168 seconds
[2019-12-09T05:41:03.495+0000][1][safepoint    ] Application time: 1.0000772 seconds
[2019-12-09T05:41:03.495+0000][1][safepoint    ] Entering safepoint region: Cleanup
[2019-12-09T05:41:03.495+0000][1][safepoint    ] Leaving safepoint region
[2019-12-09T05:41:03.495+0000][1][safepoint    ] Total time for which application threads were stopped: 0.0000625 seconds, Stopping threads took: 0.0000161 seconds
[2019-12-09T05:41:04.496+0000][1][safepoint    ] Application time: 1.0000768 seconds
[2019-12-09T05:41:04.496+0000][1][safepoint    ] Entering safepoint region: Cleanup
[2019-12-09T05:41:04.496+0000][1][safepoint    ] Leaving safepoint region
[2019-12-09T05:41:04.496+0000][1][safepoint    ] Total time for which application threads were stopped: 0.0000636 seconds, Stopping threads took: 0.0000181 seconds
[2019-12-09T05:41:05.496+0000][1][safepoint    ] Application time: 1.0000580 seconds
[2019-12-09T05:41:05.496+0000][1][safepoint    ] Entering safepoint region: Cleanup
[2019-12-09T05:41:05.496+0000][1][safepoint    ] Leaving safepoint region
[2019-12-09T05:41:05.496+0000][1][safepoint    ] Total time for which application threads were stopped: 0.0000617 seconds, Stopping threads took: 0.0000153 seconds
[2019-12-09T05:41:06.496+0000][1][safepoint    ] Application time: 1.0000743 seconds
[2019-12-09T05:41:06.496+0000][1][safepoint    ] Entering safepoint region: Cleanup
[2019-12-09T05:41:06.496+0000][1][safepoint    ] Leaving safepoint region
[2019-12-09T05:41:06.496+0000][1][safepoint    ] Total time for which application threads were stopped: 0.0000591 seconds, Stopping threads took: 0.0000141 seconds
[2019-12-09T05:41:07.496+0000][1][safepoint    ] Application time: 1.0000763 seconds
[2019-12-09T05:41:07.496+0000][1][safepoint    ] Entering safepoint region: Cleanup
[2019-12-09T05:41:07.496+0000][1][safepoint    ] Leaving safepoint region
[2019-12-09T05:41:07.496+0000][1][safepoint    ] Total time for which application threads were stopped: 0.0000683 seconds, Stopping threads took: 0.0000161 seconds
[2019-12-09T05:41:08.496+0000][1][safepoint    ] Application time: 1.0000747 seconds
[2019-12-09T05:41:08.496+0000][1][safepoint    ] Entering safepoint region: Cleanup
[2019-12-09T05:41:08.496+0000][1][safepoint    ] Leaving safepoint region
[2019-12-09T05:41:08.496+0000][1][safepoint    ] Total time for which application threads were stopped: 0.0000607 seconds, Stopping threads took: 0.0000153 seconds
[2019-12-09T05:41:08.515+0000][1][safepoint    ] Application time: 0.0185660 seconds
[2019-12-09T05:41:08.515+0000][1][safepoint    ] Entering safepoint region: GenCollectForAllocation
[2019-12-09T05:41:08.515+0000][1][gc,start     ] GC(78) Pause Young (Allocation Failure)
[2019-12-09T05:41:08.515+0000][1][gc,task      ] GC(78) Using 2 workers of 2 for evacuation
[2019-12-09T05:41:08.516+0000][1][gc,age       ] GC(78) Desired survivor size 4456448 bytes, new threshold 6 (max threshold 6)
[2019-12-09T05:41:08.516+0000][1][gc,age       ] GC(78) Age table with threshold 6 (max threshold 6)
[2019-12-09T05:41:08.516+0000][1][gc,age       ] GC(78) - age   1:       3088 bytes,       3088 total
[2019-12-09T05:41:08.516+0000][1][gc,heap      ] GC(78) ParNew: 69958K->6K(78656K)
[2019-12-09T05:41:08.516+0000][1][gc,heap      ] GC(78) CMS: 69363K->69363K(174784K)
[2019-12-09T05:41:08.516+0000][1][gc,metaspace ] GC(78) Metaspace: 68455K->68455K(1112064K)
[2019-12-09T05:41:08.516+0000][1][gc           ] GC(78) Pause Young (Allocation Failure) 136M->67M(247M) 1.323ms
[2019-12-09T05:41:08.516+0000][1][gc,cpu       ] GC(78) User=0.00s Sys=0.00s Real=0.00s
[2019-12-09T05:41:08.516+0000][1][safepoint    ] Leaving safepoint region
[2019-12-09T05:41:08.516+0000][1][safepoint    ] Total time for which application threads were stopped: 0.0014475 seconds, Stopping threads took: 0.0000165 seconds
[2019-12-09T05:41:09.516+0000][1][safepoint    ] Application time: 1.0000860 seconds
[2019-12-09T05:41:09.516+0000][1][safepoint    ] Entering safepoint region: Cleanup
[2019-12-09T05:41:09.517+0000][1][safepoint    ] Leaving safepoint region
[2019-12-09T05:41:09.517+0000][1][safepoint    ] Total time for which application threads were stopped: 0.0000664 seconds, Stopping threads took: 0.0000186 seconds
[2019-12-09T05:41:10.517+0000][1][safepoint    ] Application time: 1.0000753 seconds
[2019-12-09T05:41:10.517+0000][1][safepoint    ] Entering safepoint region: Cleanup
[2019-12-09T05:41:10.517+0000][1][safepoint    ] Leaving safepoint region
[2019-12-09T05:41:10.517+0000][1][safepoint    ] Total time for which application threads were stopped: 0.0000766 seconds, Stopping threads took: 0.0000163 seconds
[2019-12-09T05:41:11.517+0000][1][safepoint    ] Application time: 1.0000742 seconds
[2019-12-09T05:41:11.517+0000][1][safepoint    ] Entering safepoint region: Cleanup
[2019-12-09T05:41:11.517+0000][1][safepoint    ] Leaving safepoint region
[2019-12-09T05:41:11.517+0000][1][safepoint    ] Total time for which application threads were stopped: 0.0000628 seconds, Stopping threads took: 0.0000165 seconds
[2019-12-09T05:41:12.517+0000][1][safepoint    ] Application time: 1.0000725 seconds
[2019-12-09T05:41:12.517+0000][1][safepoint    ] Entering safepoint region: Cleanup
[2019-12-09T05:41:12.517+0000][1][safepoint    ] Leaving safepoint region
[2019-12-09T05:41:12.517+0000][1][safepoint    ] Total time for which application threads were stopped: 0.0000642 seconds, Stopping threads took: 0.0000161 seconds
[2019-12-09T05:41:13.517+0000][1][safepoint    ] Application time: 1.0000794 seconds
[2019-12-09T05:41:13.517+0000][1][safepoint    ] Entering safepoint region: Cleanup
[2019-12-09T05:41:13.517+0000][1][safepoint    ] Leaving safepoint region
[2019-12-09T05:41:13.517+0000][1][safepoint    ] Total time for which application threads were stopped: 0.0001366 seconds, Stopping threads took: 0.0000822 seconds
[2019-12-09T05:41:14.517+0000][1][safepoint    ] Application time: 1.0000829 seconds
[2019-12-09T05:41:14.517+0000][1][safepoint    ] Entering safepoint region: Cleanup
[2019-12-09T05:41:14.517+0000][1][safepoint    ] Leaving safepoint region
[2019-12-09T05:41:14.517+0000][1][safepoint    ] Total time for which application threads were stopped: 0.0000643 seconds, Stopping threads took: 0.0000165 seconds
[2019-12-09T05:41:15.518+0000][1][safepoint    ] Application time: 1.0000660 seconds
[2019-12-09T05:41:15.518+0000][1][safepoint    ] Entering safepoint region: Cleanup
[2019-12-09T05:41:15.518+0000][1][safepoint    ] Leaving safepoint region
[2019-12-09T05:41:15.518+0000][1][safepoint    ] Total time for which application threads were stopped: 0.0000644 seconds, Stopping threads took: 0.0000164 seconds
[2019-12-09T05:41:16.518+0000][1][safepoint    ] Application time: 1.0000813 seconds
[2019-12-09T05:41:16.518+0000][1][safepoint    ] Entering safepoint region: Cleanup
[2019-12-09T05:41:16.518+0000][1][safepoint    ] Leaving safepoint region
[2019-12-09T05:41:16.518+0000][1][safepoint    ] Total time for which application threads were stopped: 0.0000814 seconds, Stopping threads took: 0.0000221 seconds
[2019-12-09T05:41:17.518+0000][1][safepoint    ] Application time: 1.0000799 seconds
[2019-12-09T05:41:17.518+0000][1][safepoint    ] Entering safepoint region: Cleanup
[2019-12-09T05:41:17.518+0000][1][safepoint    ] Leaving safepoint region
[2019-12-09T05:41:17.518+0000][1][safepoint    ] Total time for which application threads were stopped: 0.0000862 seconds, Stopping threads took: 0.0000215 seconds
[2019-12-09T05:41:18.518+0000][1][safepoint    ] Application time: 1.0000769 seconds
[2019-12-09T05:41:18.518+0000][1][safepoint    ] Entering safepoint region: Cleanup
[2019-12-09T05:41:18.518+0000][1][safepoint    ] Leaving safepoint region
[2019-12-09T05:41:18.518+0000][1][safepoint    ] Total time for which application threads were stopped: 0.0000625 seconds, Stopping threads took: 0.0000149 seconds
[2019-12-09T05:41:19.518+0000][1][safepoint    ] Application time: 1.0000751 seconds
[2019-12-09T05:41:19.518+0000][1][safepoint    ] Entering safepoint region: Cleanup
[2019-12-09T05:41:19.518+0000][1][safepoint    ] Leaving safepoint region
[2019-12-09T05:41:19.518+0000][1][safepoint    ] Total time for which application threads were stopped: 0.0000604 seconds, Stopping threads took: 0.0000149 seconds
[2019-12-09T05:41:20.518+0000][1][safepoint    ] Application time: 1.0000751 seconds
[2019-12-09T05:41:20.519+0000][1][safepoint    ] Entering safepoint region: Cleanup
[2019-12-09T05:41:20.519+0000][1][safepoint    ] Leaving safepoint region
[2019-12-09T05:41:20.519+0000][1][safepoint    ] Total time for which application threads were stopped: 0.0000629 seconds, Stopping threads took: 0.0000160 seconds
[2019-12-09T05:41:21.519+0000][1][safepoint    ] Application time: 1.0000745 seconds
[2019-12-09T05:41:21.519+0000][1][safepoint    ] Entering safepoint region: Cleanup
[2019-12-09T05:41:21.519+0000][1][safepoint    ] Leaving safepoint region
[2019-12-09T05:41:21.519+0000][1][safepoint    ] Total time for which application threads were stopped: 0.0000637 seconds, Stopping threads took: 0.0000167 seconds
[2019-12-09T05:41:22.519+0000][1][safepoint    ] Application time: 1.0000741 seconds
[2019-12-09T05:41:22.519+0000][1][safepoint    ] Entering safepoint region: Cleanup
[2019-12-09T05:41:22.519+0000][1][safepoint    ] Leaving safepoint region
[2019-12-09T05:41:22.519+0000][1][safepoint    ] Total time for which application threads were stopped: 0.0000643 seconds, Stopping threads took: 0.0000159 seconds
[2019-12-09T05:41:23.519+0000][1][safepoint    ] Application time: 1.0000758 seconds
[2019-12-09T05:41:23.519+0000][1][safepoint    ] Entering safepoint region: Cleanup
[2019-12-09T05:41:23.519+0000][1][safepoint    ] Leaving safepoint region
[2019-12-09T05:41:23.519+0000][1][safepoint    ] Total time for which application threads were stopped: 0.0000636 seconds, Stopping threads took: 0.0000172 seconds
[2019-12-09T05:41:24.519+0000][1][safepoint    ] Application time: 1.0000786 seconds
[2019-12-09T05:41:24.519+0000][1][safepoint    ] Entering safepoint region: Cleanup
[2019-12-09T05:41:24.519+0000][1][safepoint    ] Leaving safepoint region
[2019-12-09T05:41:24.519+0000][1][safepoint    ] Total time for which application threads were stopped: 0.0000651 seconds, Stopping threads took: 0.0000168 seconds
[2019-12-09T05:41:25.519+0000][1][safepoint    ] Application time: 1.0000771 seconds
[2019-12-09T05:41:25.519+0000][1][safepoint    ] Entering safepoint region: Cleanup
[2019-12-09T05:41:25.519+0000][1][safepoint    ] Leaving safepoint region
[2019-12-09T05:41:25.519+0000][1][safepoint    ] Total time for which application threads were stopped: 0.0000656 seconds, Stopping threads took: 0.0000166 seconds
[2019-12-09T05:41:26.520+0000][1][safepoint    ] Application time: 1.0000760 seconds
[2019-12-09T05:41:26.520+0000][1][safepoint    ] Entering safepoint region: Cleanup
[2019-12-09T05:41:26.520+0000][1][safepoint    ] Leaving safepoint region
[2019-12-09T05:41:26.520+0000][1][safepoint    ] Total time for which application threads were stopped: 0.0000617 seconds, Stopping threads took: 0.0000150 seconds
[2019-12-09T05:41:27.520+0000][1][safepoint    ] Application time: 1.0000751 seconds
[2019-12-09T05:41:27.520+0000][1][safepoint    ] Entering safepoint region: Cleanup
[2019-12-09T05:41:27.520+0000][1][safepoint    ] Leaving safepoint region
[2019-12-09T05:41:27.520+0000][1][safepoint    ] Total time for which application threads were stopped: 0.0000652 seconds, Stopping threads took: 0.0000167 seconds
[2019-12-09T05:41:28.520+0000][1][safepoint    ] Application time: 1.0000740 seconds
[2019-12-09T05:41:28.520+0000][1][safepoint    ] Entering safepoint region: Cleanup
[2019-12-09T05:41:28.520+0000][1][safepoint    ] Leaving safepoint region
[2019-12-09T05:41:28.520+0000][1][safepoint    ] Total time for which application threads were stopped: 0.0000626 seconds, Stopping threads took: 0.0000147 seconds
[2019-12-09T05:41:29.520+0000][1][safepoint    ] Application time: 1.0000757 seconds
[2019-12-09T05:41:29.520+0000][1][safepoint    ] Entering safepoint region: Cleanup
[2019-12-09T05:41:29.520+0000][1][safepoint    ] Leaving safepoint region
[2019-12-09T05:41:29.520+0000][1][safepoint    ] Total time for which application threads were stopped: 0.0000657 seconds, Stopping threads took: 0.0000158 seconds
[2019-12-09T05:41:30.520+0000][1][safepoint    ] Application time: 1.0000744 seconds
[2019-12-09T05:41:30.520+0000][1][safepoint    ] Entering safepoint region: Cleanup
[2019-12-09T05:41:30.520+0000][1][safepoint    ] Leaving safepoint region
[2019-12-09T05:41:30.520+0000][1][safepoint    ] Total time for which application threads were stopped: 0.0000650 seconds, Stopping threads took: 0.0000160 seconds
[2019-12-09T05:41:31.520+0000][1][safepoint    ] Application time: 1.0000750 seconds
[2019-12-09T05:41:31.521+0000][1][safepoint    ] Entering safepoint region: Cleanup
[2019-12-09T05:41:31.521+0000][1][safepoint    ] Leaving safepoint region
[2019-12-09T05:41:31.521+0000][1][safepoint    ] Total time for which application threads were stopped: 0.0000786 seconds, Stopping threads took: 0.0000286 seconds
[2019-12-09T05:41:32.521+0000][1][safepoint    ] Application time: 1.0000777 seconds
[2019-12-09T05:41:32.521+0000][1][safepoint    ] Entering safepoint region: Cleanup
[2019-12-09T05:41:32.521+0000][1][safepoint    ] Leaving safepoint region
[2019-12-09T05:41:32.521+0000][1][safepoint    ] Total time for which application threads were stopped: 0.0000796 seconds, Stopping threads took: 0.0000278 seconds
[2019-12-09T05:41:33.521+0000][1][safepoint    ] Application time: 1.0000766 seconds
[2019-12-09T05:41:33.521+0000][1][safepoint    ] Entering safepoint region: Cleanup
[2019-12-09T05:41:33.521+0000][1][safepoint    ] Leaving safepoint region
[2019-12-09T05:41:33.521+0000][1][safepoint    ] Total time for which application threads were stopped: 0.0000661 seconds, Stopping threads took: 0.0000173 seconds
[2019-12-09T05:41:34.521+0000][1][safepoint    ] Application time: 1.0000768 seconds
[2019-12-09T05:41:34.521+0000][1][safepoint    ] Entering safepoint region: Cleanup
[2019-12-09T05:41:34.521+0000][1][safepoint    ] Leaving safepoint region
[2019-12-09T05:41:34.521+0000][1][safepoint    ] Total time for which application threads were stopped: 0.0000680 seconds, Stopping threads took: 0.0000179 seconds
[2019-12-09T05:41:35.521+0000][1][safepoint    ] Application time: 1.0000776 seconds
[2019-12-09T05:41:35.521+0000][1][safepoint    ] Entering safepoint region: Cleanup
[2019-12-09T05:41:35.521+0000][1][safepoint    ] Leaving safepoint region
[2019-12-09T05:41:35.521+0000][1][safepoint    ] Total time for which application threads were stopped: 0.0000636 seconds, Stopping threads took: 0.0000175 seconds
[2019-12-09T05:41:36.521+0000][1][safepoint    ] Application time: 1.0000764 seconds
[2019-12-09T05:41:36.521+0000][1][safepoint    ] Entering safepoint region: Cleanup
[2019-12-09T05:41:36.521+0000][1][safepoint    ] Leaving safepoint region
[2019-12-09T05:41:36.521+0000][1][safepoint    ] Total time for which application threads were stopped: 0.0000609 seconds, Stopping threads took: 0.0000155 seconds
[2019-12-09T05:41:37.522+0000][1][safepoint    ] Application time: 1.0000745 seconds
[2019-12-09T05:41:37.522+0000][1][safepoint    ] Entering safepoint region: Cleanup
[2019-12-09T05:41:37.522+0000][1][safepoint    ] Leaving safepoint region
[2019-12-09T05:41:37.522+0000][1][safepoint    ] Total time for which application threads were stopped: 0.0000597 seconds, Stopping threads took: 0.0000154 seconds
[2019-12-09T05:41:38.522+0000][1][safepoint    ] Application time: 1.0000738 seconds
[2019-12-09T05:41:38.522+0000][1][safepoint    ] Entering safepoint region: Cleanup
[2019-12-09T05:41:38.522+0000][1][safepoint    ] Leaving safepoint region
[2019-12-09T05:41:38.522+0000][1][safepoint    ] Total time for which application threads were stopped: 0.0000625 seconds, Stopping threads took: 0.0000144 seconds
[2019-12-09T05:41:39.522+0000][1][safepoint    ] Application time: 1.0000756 seconds
[2019-12-09T05:41:39.522+0000][1][safepoint    ] Entering safepoint region: Cleanup
[2019-12-09T05:41:39.522+0000][1][safepoint    ] Leaving safepoint region
[2019-12-09T05:41:39.522+0000][1][safepoint    ] Total time for which application threads were stopped: 0.0000650 seconds, Stopping threads took: 0.0000168 seconds
[2019-12-09T05:41:40.522+0000][1][safepoint    ] Application time: 1.0000772 seconds
[2019-12-09T05:41:40.522+0000][1][safepoint    ] Entering safepoint region: Cleanup
[2019-12-09T05:41:40.522+0000][1][safepoint    ] Leaving safepoint region
[2019-12-09T05:41:40.522+0000][1][safepoint    ] Total time for which application threads were stopped: 0.0000643 seconds, Stopping threads took: 0.0000163 seconds
[2019-12-09T05:41:41.522+0000][1][safepoint    ] Application time: 1.0000771 seconds
[2019-12-09T05:41:41.522+0000][1][safepoint    ] Entering safepoint region: Cleanup
[2019-12-09T05:41:41.522+0000][1][safepoint    ] Leaving safepoint region
[2019-12-09T05:41:41.522+0000][1][safepoint    ] Total time for which application threads were stopped: 0.0000648 seconds, Stopping threads took: 0.0000162 seconds
[2019-12-09T05:41:42.522+0000][1][safepoint    ] Application time: 1.0000751 seconds
[2019-12-09T05:41:42.522+0000][1][safepoint    ] Entering safepoint region: Cleanup
[2019-12-09T05:41:42.523+0000][1][safepoint    ] Leaving safepoint region
[2019-12-09T05:41:42.523+0000][1][safepoint    ] Total time for which application threads were stopped: 0.0000717 seconds, Stopping threads took: 0.0000162 seconds
[2019-12-09T05:41:43.523+0000][1][safepoint    ] Application time: 1.0000757 seconds
[2019-12-09T05:41:43.523+0000][1][safepoint    ] Entering safepoint region: Cleanup
[2019-12-09T05:41:43.523+0000][1][safepoint    ] Leaving safepoint region
[2019-12-09T05:41:43.523+0000][1][safepoint    ] Total time for which application threads were stopped: 0.0000768 seconds, Stopping threads took: 0.0000174 seconds
[2019-12-09T05:41:44.523+0000][1][safepoint    ] Application time: 1.0000746 seconds
[2019-12-09T05:41:44.523+0000][1][safepoint    ] Entering safepoint region: Cleanup
[2019-12-09T05:41:44.523+0000][1][safepoint    ] Leaving safepoint region
[2019-12-09T05:41:44.523+0000][1][safepoint    ] Total time for which application threads were stopped: 0.0000659 seconds, Stopping threads took: 0.0000170 seconds
[2019-12-09T05:41:45.523+0000][1][safepoint    ] Application time: 1.0000799 seconds
[2019-12-09T05:41:45.523+0000][1][safepoint    ] Entering safepoint region: Cleanup
[2019-12-09T05:41:45.523+0000][1][safepoint    ] Leaving safepoint region
[2019-12-09T05:41:45.523+0000][1][safepoint    ] Total time for which application threads were stopped: 0.0000673 seconds, Stopping threads took: 0.0000171 seconds
[2019-12-09T05:41:46.523+0000][1][safepoint    ] Application time: 1.0000773 seconds
[2019-12-09T05:41:46.523+0000][1][safepoint    ] Entering safepoint region: Cleanup
[2019-12-09T05:41:46.523+0000][1][safepoint    ] Leaving safepoint region
[2019-12-09T05:41:46.523+0000][1][safepoint    ] Total time for which application threads were stopped: 0.0000655 seconds, Stopping threads took: 0.0000159 seconds
[2019-12-09T05:41:47.523+0000][1][safepoint    ] Application time: 1.0000748 seconds
[2019-12-09T05:41:47.523+0000][1][safepoint    ] Entering safepoint region: Cleanup
[2019-12-09T05:41:47.523+0000][1][safepoint    ] Leaving safepoint region
[2019-12-09T05:41:47.523+0000][1][safepoint    ] Total time for which application threads were stopped: 0.0000672 seconds, Stopping threads took: 0.0000180 seconds
[2019-12-09T05:41:48.524+0000][1][safepoint    ] Application time: 1.0000802 seconds
[2019-12-09T05:41:48.524+0000][1][safepoint    ] Entering safepoint region: Cleanup
[2019-12-09T05:41:48.524+0000][1][safepoint    ] Leaving safepoint region
[2019-12-09T05:41:48.524+0000][1][safepoint    ] Total time for which application threads were stopped: 0.0000775 seconds, Stopping threads took: 0.0000165 seconds
[2019-12-09T05:41:49.524+0000][1][safepoint    ] Application time: 1.0000745 seconds
[2019-12-09T05:41:49.524+0000][1][safepoint    ] Entering safepoint region: Cleanup
[2019-12-09T05:41:49.524+0000][1][safepoint    ] Leaving safepoint region
[2019-12-09T05:41:49.524+0000][1][safepoint    ] Total time for which application threads were stopped: 0.0000701 seconds, Stopping threads took: 0.0000175 seconds
[2019-12-09T05:41:50.524+0000][1][safepoint    ] Application time: 1.0000751 seconds
[2019-12-09T05:41:50.524+0000][1][safepoint    ] Entering safepoint region: Cleanup
[2019-12-09T05:41:50.524+0000][1][safepoint    ] Leaving safepoint region
[2019-12-09T05:41:50.524+0000][1][safepoint    ] Total time for which application threads were stopped: 0.0000662 seconds, Stopping threads took: 0.0000174 seconds
[2019-12-09T05:41:51.524+0000][1][safepoint    ] Application time: 1.0000769 seconds
[2019-12-09T05:41:51.524+0000][1][safepoint    ] Entering safepoint region: Cleanup
[2019-12-09T05:41:51.524+0000][1][safepoint    ] Leaving safepoint region
[2019-12-09T05:41:51.524+0000][1][safepoint    ] Total time for which application threads were stopped: 0.0000657 seconds, Stopping threads took: 0.0000170 seconds
[2019-12-09T05:41:52.524+0000][1][safepoint    ] Application time: 1.0000756 seconds
[2019-12-09T05:41:52.524+0000][1][safepoint    ] Entering safepoint region: Cleanup
[2019-12-09T05:41:52.524+0000][1][safepoint    ] Leaving safepoint region
[2019-12-09T05:41:52.524+0000][1][safepoint    ] Total time for which application threads were stopped: 0.0000684 seconds, Stopping threads took: 0.0000170 seconds
[2019-12-09T05:41:53.525+0000][1][safepoint    ] Application time: 1.0000761 seconds
[2019-12-09T05:41:53.525+0000][1][safepoint    ] Entering safepoint region: Cleanup
[2019-12-09T05:41:53.525+0000][1][safepoint    ] Leaving safepoint region
[2019-12-09T05:41:53.525+0000][1][safepoint    ] Total time for which application threads were stopped: 0.0000679 seconds, Stopping threads took: 0.0000181 seconds
[2019-12-09T05:41:54.525+0000][1][safepoint    ] Application time: 1.0000768 seconds
[2019-12-09T05:41:54.525+0000][1][safepoint    ] Entering safepoint region: Cleanup
[2019-12-09T05:41:54.525+0000][1][safepoint    ] Leaving safepoint region
[2019-12-09T05:41:54.525+0000][1][safepoint    ] Total time for which application threads were stopped: 0.0000679 seconds, Stopping threads took: 0.0000169 seconds
[2019-12-09T05:41:55.525+0000][1][safepoint    ] Application time: 1.0000748 seconds
[2019-12-09T05:41:55.525+0000][1][safepoint    ] Entering safepoint region: Cleanup
[2019-12-09T05:41:55.525+0000][1][safepoint    ] Leaving safepoint region
[2019-12-09T05:41:55.525+0000][1][safepoint    ] Total time for which application threads were stopped: 0.0000652 seconds, Stopping threads took: 0.0000160 seconds
[2019-12-09T05:41:56.525+0000][1][safepoint    ] Application time: 1.0000757 seconds
[2019-12-09T05:41:56.525+0000][1][safepoint    ] Entering safepoint region: Cleanup
[2019-12-09T05:41:56.525+0000][1][safepoint    ] Leaving safepoint region
[2019-12-09T05:41:56.525+0000][1][safepoint    ] Total time for which application threads were stopped: 0.0000685 seconds, Stopping threads took: 0.0000190 seconds
[2019-12-09T05:41:57.525+0000][1][safepoint    ] Application time: 1.0000759 seconds
[2019-12-09T05:41:57.525+0000][1][safepoint    ] Entering safepoint region: Cleanup
[2019-12-09T05:41:57.525+0000][1][safepoint    ] Leaving safepoint region
[2019-12-09T05:41:57.525+0000][1][safepoint    ] Total time for which application threads were stopped: 0.0000666 seconds, Stopping threads took: 0.0000165 seconds
[2019-12-09T05:41:58.525+0000][1][safepoint    ] Application time: 1.0000768 seconds
[2019-12-09T05:41:58.526+0000][1][safepoint    ] Entering safepoint region: Cleanup
[2019-12-09T05:41:58.526+0000][1][safepoint    ] Leaving safepoint region
[2019-12-09T05:41:58.526+0000][1][safepoint    ] Total time for which application threads were stopped: 0.0000681 seconds, Stopping threads took: 0.0000181 seconds
[2019-12-09T05:41:59.526+0000][1][safepoint    ] Application time: 1.0000763 seconds
[2019-12-09T05:41:59.526+0000][1][safepoint    ] Entering safepoint region: Cleanup
[2019-12-09T05:41:59.526+0000][1][safepoint    ] Leaving safepoint region
[2019-12-09T05:41:59.526+0000][1][safepoint    ] Total time for which application threads were stopped: 0.0000685 seconds, Stopping threads took: 0.0000181 seconds
[2019-12-09T05:42:00.526+0000][1][safepoint    ] Application time: 1.0000748 seconds
[2019-12-09T05:42:00.526+0000][1][safepoint    ] Entering safepoint region: Cleanup
[2019-12-09T05:42:00.526+0000][1][safepoint    ] Leaving safepoint region
[2019-12-09T05:42:00.526+0000][1][safepoint    ] Total time for which application threads were stopped: 0.0000639 seconds, Stopping threads took: 0.0000158 seconds
[2019-12-09T05:42:01.526+0000][1][safepoint    ] Application time: 1.0000755 seconds
[2019-12-09T05:42:01.526+0000][1][safepoint    ] Entering safepoint region: Cleanup
[2019-12-09T05:42:01.526+0000][1][safepoint    ] Leaving safepoint region
[2019-12-09T05:42:01.526+0000][1][safepoint    ] Total time for which application threads were stopped: 0.0000791 seconds, Stopping threads took: 0.0000273 seconds
[2019-12-09T05:42:02.526+0000][1][safepoint    ] Application time: 1.0000768 seconds
[2019-12-09T05:42:02.526+0000][1][safepoint    ] Entering safepoint region: Cleanup
[2019-12-09T05:42:02.526+0000][1][safepoint    ] Leaving safepoint region
[2019-12-09T05:42:02.526+0000][1][safepoint    ] Total time for which application threads were stopped: 0.0000666 seconds, Stopping threads took: 0.0000168 seconds
[2019-12-09T05:42:03.526+0000][1][safepoint    ] Application time: 1.0000745 seconds
[2019-12-09T05:42:03.526+0000][1][safepoint    ] Entering safepoint region: Cleanup
[2019-12-09T05:42:03.527+0000][1][safepoint    ] Leaving safepoint region
[2019-12-09T05:42:03.527+0000][1][safepoint    ] Total time for which application threads were stopped: 0.0000672 seconds, Stopping threads took: 0.0000172 seconds
[2019-12-09T05:42:04.527+0000][1][safepoint    ] Application time: 1.0000749 seconds
[2019-12-09T05:42:04.527+0000][1][safepoint    ] Entering safepoint region: Cleanup
[2019-12-09T05:42:04.527+0000][1][safepoint    ] Leaving safepoint region
[2019-12-09T05:42:04.527+0000][1][safepoint    ] Total time for which application threads were stopped: 0.0000798 seconds, Stopping threads took: 0.0000192 seconds
[2019-12-09T05:42:05.527+0000][1][safepoint    ] Application time: 1.0000731 seconds
[2019-12-09T05:42:05.527+0000][1][safepoint    ] Entering safepoint region: Cleanup
[2019-12-09T05:42:05.527+0000][1][safepoint    ] Leaving safepoint region
[2019-12-09T05:42:05.527+0000][1][safepoint    ] Total time for which application threads were stopped: 0.0000652 seconds, Stopping threads took: 0.0000157 seconds
[2019-12-09T05:42:06.527+0000][1][safepoint    ] Application time: 1.0000739 seconds
[2019-12-09T05:42:06.527+0000][1][safepoint    ] Entering safepoint region: Cleanup
[2019-12-09T05:42:06.527+0000][1][safepoint    ] Leaving safepoint region
[2019-12-09T05:42:06.527+0000][1][safepoint    ] Total time for which application threads were stopped: 0.0000665 seconds, Stopping threads took: 0.0000169 seconds
[2019-12-09T05:42:07.527+0000][1][safepoint    ] Application time: 1.0000738 seconds
[2019-12-09T05:42:07.527+0000][1][safepoint    ] Entering safepoint region: Cleanup
[2019-12-09T05:42:07.527+0000][1][safepoint    ] Leaving safepoint region
[2019-12-09T05:42:07.527+0000][1][safepoint    ] Total time for which application threads were stopped: 0.0000689 seconds, Stopping threads took: 0.0000177 seconds
[2019-12-09T05:42:08.527+0000][1][safepoint    ] Application time: 1.0000743 seconds
[2019-12-09T05:42:08.527+0000][1][safepoint    ] Entering safepoint region: Cleanup
[2019-12-09T05:42:08.527+0000][1][safepoint    ] Leaving safepoint region
[2019-12-09T05:42:08.527+0000][1][safepoint    ] Total time for which application threads were stopped: 0.0000643 seconds, Stopping threads took: 0.0000150 seconds
[2019-12-09T05:42:09.528+0000][1][safepoint    ] Application time: 1.0000766 seconds
[2019-12-09T05:42:09.528+0000][1][safepoint    ] Entering safepoint region: Cleanup
[2019-12-09T05:42:09.528+0000][1][safepoint    ] Leaving safepoint region
[2019-12-09T05:42:09.528+0000][1][safepoint    ] Total time for which application threads were stopped: 0.0000666 seconds, Stopping threads took: 0.0000159 seconds
[2019-12-09T05:42:10.528+0000][1][safepoint    ] Application time: 1.0000740 seconds
[2019-12-09T05:42:10.528+0000][1][safepoint    ] Entering safepoint region: Cleanup
[2019-12-09T05:42:10.528+0000][1][safepoint    ] Leaving safepoint region
[2019-12-09T05:42:10.528+0000][1][safepoint    ] Total time for which application threads were stopped: 0.0000828 seconds, Stopping threads took: 0.0000202 seconds
[2019-12-09T05:42:11.528+0000][1][safepoint    ] Application time: 1.0000772 seconds
[2019-12-09T05:42:11.528+0000][1][safepoint    ] Entering safepoint region: Cleanup
[2019-12-09T05:42:11.528+0000][1][safepoint    ] Leaving safepoint region
[2019-12-09T05:42:11.528+0000][1][safepoint    ] Total time for which application threads were stopped: 0.0000660 seconds, Stopping threads took: 0.0000163 seconds
[2019-12-09T05:42:12.528+0000][1][safepoint    ] Application time: 1.0000755 seconds
[2019-12-09T05:42:12.528+0000][1][safepoint    ] Entering safepoint region: Cleanup
[2019-12-09T05:42:12.528+0000][1][safepoint    ] Leaving safepoint region
[2019-12-09T05:42:12.528+0000][1][safepoint    ] Total time for which application threads were stopped: 0.0000656 seconds, Stopping threads took: 0.0000167 seconds
[2019-12-09T05:42:13.528+0000][1][safepoint    ] Application time: 1.0000753 seconds
[2019-12-09T05:42:13.528+0000][1][safepoint    ] Entering safepoint region: Cleanup
[2019-12-09T05:42:13.528+0000][1][safepoint    ] Leaving safepoint region
[2019-12-09T05:42:13.528+0000][1][safepoint    ] Total time for which application threads were stopped: 0.0000630 seconds, Stopping threads took: 0.0000155 seconds
[2019-12-09T05:42:14.528+0000][1][safepoint    ] Application time: 1.0000749 seconds
[2019-12-09T05:42:14.529+0000][1][safepoint    ] Entering safepoint region: Cleanup
[2019-12-09T05:42:14.529+0000][1][safepoint    ] Leaving safepoint region
[2019-12-09T05:42:14.529+0000][1][safepoint    ] Total time for which application threads were stopped: 0.0000675 seconds, Stopping threads took: 0.0000170 seconds
[2019-12-09T05:42:15.529+0000][1][safepoint    ] Application time: 1.0000768 seconds
[2019-12-09T05:42:15.529+0000][1][safepoint    ] Entering safepoint region: Cleanup
[2019-12-09T05:42:15.529+0000][1][safepoint    ] Leaving safepoint region
[2019-12-09T05:42:15.529+0000][1][safepoint    ] Total time for which application threads were stopped: 0.0000677 seconds, Stopping threads took: 0.0000179 seconds
[2019-12-09T05:42:16.529+0000][1][safepoint    ] Application time: 1.0000750 seconds
[2019-12-09T05:42:16.529+0000][1][safepoint    ] Entering safepoint region: Cleanup
[2019-12-09T05:42:16.529+0000][1][safepoint    ] Leaving safepoint region
[2019-12-09T05:42:16.529+0000][1][safepoint    ] Total time for which application threads were stopped: 0.0000608 seconds, Stopping threads took: 0.0000150 seconds
[2019-12-09T05:42:17.529+0000][1][safepoint    ] Application time: 1.0000747 seconds
[2019-12-09T05:42:17.529+0000][1][safepoint    ] Entering safepoint region: Cleanup
[2019-12-09T05:42:17.529+0000][1][safepoint    ] Leaving safepoint region
[2019-12-09T05:42:17.529+0000][1][safepoint    ] Total time for which application threads were stopped: 0.0000687 seconds, Stopping threads took: 0.0000173 seconds
[2019-12-09T05:42:18.529+0000][1][safepoint    ] Application time: 1.0000772 seconds
[2019-12-09T05:42:18.529+0000][1][safepoint    ] Entering safepoint region: Cleanup
[2019-12-09T05:42:18.529+0000][1][safepoint    ] Leaving safepoint region
[2019-12-09T05:42:18.529+0000][1][safepoint    ] Total time for which application threads were stopped: 0.0000639 seconds, Stopping threads took: 0.0000158 seconds
[2019-12-09T05:42:19.529+0000][1][safepoint    ] Application time: 1.0000758 seconds
[2019-12-09T05:42:19.529+0000][1][safepoint    ] Entering safepoint region: Cleanup
[2019-12-09T05:42:19.529+0000][1][safepoint    ] Leaving safepoint region
[2019-12-09T05:42:19.529+0000][1][safepoint    ] Total time for which application threads were stopped: 0.0000617 seconds, Stopping threads took: 0.0000155 seconds
[2019-12-09T05:42:20.530+0000][1][safepoint    ] Application time: 1.0000754 seconds
[2019-12-09T05:42:20.530+0000][1][safepoint    ] Entering safepoint region: Cleanup
[2019-12-09T05:42:20.530+0000][1][safepoint    ] Leaving safepoint region
[2019-12-09T05:42:20.530+0000][1][safepoint    ] Total time for which application threads were stopped: 0.0000864 seconds, Stopping threads took: 0.0000253 seconds
[2019-12-09T05:42:21.530+0000][1][safepoint    ] Application time: 1.0000745 seconds
[2019-12-09T05:42:21.530+0000][1][safepoint    ] Entering safepoint region: Cleanup
[2019-12-09T05:42:21.530+0000][1][safepoint    ] Leaving safepoint region
[2019-12-09T05:42:21.530+0000][1][safepoint    ] Total time for which application threads were stopped: 0.0000675 seconds, Stopping threads took: 0.0000173 seconds
[2019-12-09T05:42:22.530+0000][1][safepoint    ] Application time: 1.0000752 seconds
[2019-12-09T05:42:22.530+0000][1][safepoint    ] Entering safepoint region: Cleanup
[2019-12-09T05:42:22.530+0000][1][safepoint    ] Leaving safepoint region
[2019-12-09T05:42:22.530+0000][1][safepoint    ] Total time for which application threads were stopped: 0.0000670 seconds, Stopping threads took: 0.0000157 seconds
[2019-12-09T05:42:23.530+0000][1][safepoint    ] Application time: 1.0000748 seconds
[2019-12-09T05:42:23.530+0000][1][safepoint    ] Entering safepoint region: Cleanup
[2019-12-09T05:42:23.530+0000][1][safepoint    ] Leaving safepoint region
[2019-12-09T05:42:23.530+0000][1][safepoint    ] Total time for which application threads were stopped: 0.0000658 seconds, Stopping threads took: 0.0000168 seconds
[2019-12-09T05:42:24.530+0000][1][safepoint    ] Application time: 1.0000758 seconds
[2019-12-09T05:42:24.530+0000][1][safepoint    ] Entering safepoint region: Cleanup
[2019-12-09T05:42:24.530+0000][1][safepoint    ] Leaving safepoint region
[2019-12-09T05:42:24.530+0000][1][safepoint    ] Total time for which application threads were stopped: 0.0000653 seconds, Stopping threads took: 0.0000157 seconds
[2019-12-09T05:42:25.531+0000][1][safepoint    ] Application time: 1.0000757 seconds
[2019-12-09T05:42:25.531+0000][1][safepoint    ] Entering safepoint region: Cleanup
[2019-12-09T05:42:25.531+0000][1][safepoint    ] Leaving safepoint region
[2019-12-09T05:42:25.531+0000][1][safepoint    ] Total time for which application threads were stopped: 0.0000650 seconds, Stopping threads took: 0.0000163 seconds
[2019-12-09T05:42:26.531+0000][1][safepoint    ] Application time: 1.0000762 seconds
[2019-12-09T05:42:26.531+0000][1][safepoint    ] Entering safepoint region: Cleanup
[2019-12-09T05:42:26.531+0000][1][safepoint    ] Leaving safepoint region
[2019-12-09T05:42:26.531+0000][1][safepoint    ] Total time for which application threads were stopped: 0.0000684 seconds, Stopping threads took: 0.0000180 seconds
[2019-12-09T05:42:27.531+0000][1][safepoint    ] Application time: 1.0000768 seconds
[2019-12-09T05:42:27.531+0000][1][safepoint    ] Entering safepoint region: Cleanup
[2019-12-09T05:42:27.531+0000][1][safepoint    ] Leaving safepoint region
[2019-12-09T05:42:27.531+0000][1][safepoint    ] Total time for which application threads were stopped: 0.0000680 seconds, Stopping threads took: 0.0000190 seconds
[2019-12-09T05:42:28.531+0000][1][safepoint    ] Application time: 1.0000766 seconds
[2019-12-09T05:42:28.531+0000][1][safepoint    ] Entering safepoint region: Cleanup
[2019-12-09T05:42:28.531+0000][1][safepoint    ] Leaving safepoint region
[2019-12-09T05:42:28.531+0000][1][safepoint    ] Total time for which application threads were stopped: 0.0000669 seconds, Stopping threads took: 0.0000177 seconds
[2019-12-09T05:42:29.531+0000][1][safepoint    ] Application time: 1.0000763 seconds
[2019-12-09T05:42:29.531+0000][1][safepoint    ] Entering safepoint region: Cleanup
[2019-12-09T05:42:29.531+0000][1][safepoint    ] Leaving safepoint region
[2019-12-09T05:42:29.531+0000][1][safepoint    ] Total time for which application threads were stopped: 0.0000681 seconds, Stopping threads took: 0.0000170 seconds
[2019-12-09T05:42:30.531+0000][1][safepoint    ] Application time: 1.0000752 seconds
[2019-12-09T05:42:30.531+0000][1][safepoint    ] Entering safepoint region: Cleanup
[2019-12-09T05:42:30.532+0000][1][safepoint    ] Leaving safepoint region
[2019-12-09T05:42:30.532+0000][1][safepoint    ] Total time for which application threads were stopped: 0.0000768 seconds, Stopping threads took: 0.0000250 seconds
[2019-12-09T05:42:31.532+0000][1][safepoint    ] Application time: 1.0000747 seconds
[2019-12-09T05:42:31.532+0000][1][safepoint    ] Entering safepoint region: Cleanup
[2019-12-09T05:42:31.532+0000][1][safepoint    ] Leaving safepoint region
[2019-12-09T05:42:31.532+0000][1][safepoint    ] Total time for which application threads were stopped: 0.0000887 seconds, Stopping threads took: 0.0000381 seconds
[2019-12-09T05:42:32.532+0000][1][safepoint    ] Application time: 1.0000752 seconds
[2019-12-09T05:42:32.532+0000][1][safepoint    ] Entering safepoint region: Cleanup
[2019-12-09T05:42:32.532+0000][1][safepoint    ] Leaving safepoint region
[2019-12-09T05:42:32.532+0000][1][safepoint    ] Total time for which application threads were stopped: 0.0000680 seconds, Stopping threads took: 0.0000170 seconds
[2019-12-09T05:42:33.532+0000][1][safepoint    ] Application time: 1.0000777 seconds
[2019-12-09T05:42:33.532+0000][1][safepoint    ] Entering safepoint region: Cleanup
[2019-12-09T05:42:33.532+0000][1][safepoint    ] Leaving safepoint region
[2019-12-09T05:42:33.532+0000][1][safepoint    ] Total time for which application threads were stopped: 0.0000669 seconds, Stopping threads took: 0.0000167 seconds
[2019-12-09T05:42:34.532+0000][1][safepoint    ] Application time: 1.0000759 seconds
[2019-12-09T05:42:34.532+0000][1][safepoint    ] Entering safepoint region: Cleanup
[2019-12-09T05:42:34.532+0000][1][safepoint    ] Leaving safepoint region
[2019-12-09T05:42:34.532+0000][1][safepoint    ] Total time for which application threads were stopped: 0.0000689 seconds, Stopping threads took: 0.0000173 seconds
[2019-12-09T05:42:35.532+0000][1][safepoint    ] Application time: 1.0000452 seconds
[2019-12-09T05:42:35.532+0000][1][safepoint    ] Entering safepoint region: Cleanup
[2019-12-09T05:42:35.532+0000][1][safepoint    ] Leaving safepoint region
[2019-12-09T05:42:35.533+0000][1][safepoint    ] Total time for which application threads were stopped: 0.0000724 seconds, Stopping threads took: 0.0000182 seconds
[2019-12-09T05:42:36.533+0000][1][safepoint    ] Application time: 1.0000762 seconds
[2019-12-09T05:42:36.533+0000][1][safepoint    ] Entering safepoint region: Cleanup
[2019-12-09T05:42:36.533+0000][1][safepoint    ] Leaving safepoint region
[2019-12-09T05:42:36.533+0000][1][safepoint    ] Total time for which application threads were stopped: 0.0000766 seconds, Stopping threads took: 0.0000155 seconds
[2019-12-09T05:42:37.533+0000][1][safepoint    ] Application time: 1.0000762 seconds
[2019-12-09T05:42:37.533+0000][1][safepoint    ] Entering safepoint region: Cleanup
[2019-12-09T05:42:37.533+0000][1][safepoint    ] Leaving safepoint region
[2019-12-09T05:42:37.533+0000][1][safepoint    ] Total time for which application threads were stopped: 0.0000690 seconds, Stopping threads took: 0.0000167 seconds
[2019-12-09T05:42:38.533+0000][1][safepoint    ] Application time: 1.0000789 seconds
[2019-12-09T05:42:38.533+0000][1][safepoint    ] Entering safepoint region: Cleanup
[2019-12-09T05:42:38.533+0000][1][safepoint    ] Leaving safepoint region
[2019-12-09T05:42:38.533+0000][1][safepoint    ] Total time for which application threads were stopped: 0.0000643 seconds, Stopping threads took: 0.0000159 seconds
[2019-12-09T05:42:39.533+0000][1][safepoint    ] Application time: 1.0000784 seconds
[2019-12-09T05:42:39.533+0000][1][safepoint    ] Entering safepoint region: Cleanup
[2019-12-09T05:42:39.533+0000][1][safepoint    ] Leaving safepoint region
[2019-12-09T05:42:39.533+0000][1][safepoint    ] Total time for which application threads were stopped: 0.0000665 seconds, Stopping threads took: 0.0000168 seconds
[2019-12-09T05:42:40.533+0000][1][safepoint    ] Application time: 1.0000743 seconds
[2019-12-09T05:42:40.533+0000][1][safepoint    ] Entering safepoint region: Cleanup
[2019-12-09T05:42:40.533+0000][1][safepoint    ] Leaving safepoint region
[2019-12-09T05:42:40.533+0000][1][safepoint    ] Total time for which application threads were stopped: 0.0000741 seconds, Stopping threads took: 0.0000244 seconds
[2019-12-09T05:42:41.534+0000][1][safepoint    ] Application time: 1.0000780 seconds
[2019-12-09T05:42:41.534+0000][1][safepoint    ] Entering safepoint region: Cleanup
[2019-12-09T05:42:41.534+0000][1][safepoint    ] Leaving safepoint region
[2019-12-09T05:42:41.534+0000][1][safepoint    ] Total time for which application threads were stopped: 0.0000664 seconds, Stopping threads took: 0.0000167 seconds
[2019-12-09T05:42:42.534+0000][1][safepoint    ] Application time: 1.0000781 seconds
[2019-12-09T05:42:42.534+0000][1][safepoint    ] Entering safepoint region: Cleanup
[2019-12-09T05:42:42.534+0000][1][safepoint    ] Leaving safepoint region
[2019-12-09T05:42:42.534+0000][1][safepoint    ] Total time for which application threads were stopped: 0.0000661 seconds, Stopping threads took: 0.0000160 seconds
[2019-12-09T05:42:43.534+0000][1][safepoint    ] Application time: 1.0000745 seconds
[2019-12-09T05:42:43.534+0000][1][safepoint    ] Entering safepoint region: Cleanup
[2019-12-09T05:42:43.534+0000][1][safepoint    ] Leaving safepoint region
[2019-12-09T05:42:43.534+0000][1][safepoint    ] Total time for which application threads were stopped: 0.0000655 seconds, Stopping threads took: 0.0000163 seconds
[2019-12-09T05:42:44.534+0000][1][safepoint    ] Application time: 1.0000766 seconds
[2019-12-09T05:42:44.534+0000][1][safepoint    ] Entering safepoint region: Cleanup
[2019-12-09T05:42:44.534+0000][1][safepoint    ] Leaving safepoint region
[2019-12-09T05:42:44.534+0000][1][safepoint    ] Total time for which application threads were stopped: 0.0000649 seconds, Stopping threads took: 0.0000167 seconds
[2019-12-09T05:42:45.534+0000][1][safepoint    ] Application time: 1.0000769 seconds
[2019-12-09T05:42:45.534+0000][1][safepoint    ] Entering safepoint region: Cleanup
[2019-12-09T05:42:45.534+0000][1][safepoint    ] Leaving safepoint region
[2019-12-09T05:42:45.534+0000][1][safepoint    ] Total time for which application threads were stopped: 0.0000674 seconds, Stopping threads took: 0.0000173 seconds
[2019-12-09T05:42:46.534+0000][1][safepoint    ] Application time: 1.0000762 seconds
[2019-12-09T05:42:46.535+0000][1][safepoint    ] Entering safepoint region: Cleanup
[2019-12-09T05:42:46.535+0000][1][safepoint    ] Leaving safepoint region
[2019-12-09T05:42:46.535+0000][1][safepoint    ] Total time for which application threads were stopped: 0.0000680 seconds, Stopping threads took: 0.0000176 seconds
[2019-12-09T05:42:47.535+0000][1][safepoint    ] Application time: 1.0000776 seconds
[2019-12-09T05:42:47.535+0000][1][safepoint    ] Entering safepoint region: Cleanup
[2019-12-09T05:42:47.535+0000][1][safepoint    ] Leaving safepoint region
[2019-12-09T05:42:47.535+0000][1][safepoint    ] Total time for which application threads were stopped: 0.0000667 seconds, Stopping threads took: 0.0000164 seconds
[2019-12-09T05:42:48.535+0000][1][safepoint    ] Application time: 1.0000783 seconds
[2019-12-09T05:42:48.535+0000][1][safepoint    ] Entering safepoint region: Cleanup
[2019-12-09T05:42:48.535+0000][1][safepoint    ] Leaving safepoint region
[2019-12-09T05:42:48.535+0000][1][safepoint    ] Total time for which application threads were stopped: 0.0000665 seconds, Stopping threads took: 0.0000173 seconds
[2019-12-09T05:42:49.535+0000][1][safepoint    ] Application time: 1.0000830 seconds
[2019-12-09T05:42:49.535+0000][1][safepoint    ] Entering safepoint region: Cleanup
[2019-12-09T05:42:49.535+0000][1][safepoint    ] Leaving safepoint region
[2019-12-09T05:42:49.535+0000][1][safepoint    ] Total time for which application threads were stopped: 0.0000670 seconds, Stopping threads took: 0.0000171 seconds
[2019-12-09T05:42:50.535+0000][1][safepoint    ] Application time: 1.0000749 seconds
[2019-12-09T05:42:50.535+0000][1][safepoint    ] Entering safepoint region: Cleanup
[2019-12-09T05:42:50.535+0000][1][safepoint    ] Leaving safepoint region
[2019-12-09T05:42:50.535+0000][1][safepoint    ] Total time for which application threads were stopped: 0.0000925 seconds, Stopping threads took: 0.0000179 seconds
[2019-12-09T05:42:51.535+0000][1][safepoint    ] Application time: 1.0000779 seconds
[2019-12-09T05:42:51.536+0000][1][safepoint    ] Entering safepoint region: Cleanup
[2019-12-09T05:42:51.536+0000][1][safepoint    ] Leaving safepoint region
[2019-12-09T05:42:51.536+0000][1][safepoint    ] Total time for which application threads were stopped: 0.0000709 seconds, Stopping threads took: 0.0000176 seconds
[2019-12-09T05:42:52.536+0000][1][safepoint    ] Application time: 1.0000770 seconds
[2019-12-09T05:42:52.536+0000][1][safepoint    ] Entering safepoint region: Cleanup
[2019-12-09T05:42:52.536+0000][1][safepoint    ] Leaving safepoint region
[2019-12-09T05:42:52.536+0000][1][safepoint    ] Total time for which application threads were stopped: 0.0000686 seconds, Stopping threads took: 0.0000192 seconds
[2019-12-09T05:42:53.536+0000][1][safepoint    ] Application time: 1.0000768 seconds
[2019-12-09T05:42:53.536+0000][1][safepoint    ] Entering safepoint region: Cleanup
[2019-12-09T05:42:53.536+0000][1][safepoint    ] Leaving safepoint region
[2019-12-09T05:42:53.536+0000][1][safepoint    ] Total time for which application threads were stopped: 0.0000686 seconds, Stopping threads took: 0.0000168 seconds
[2019-12-09T05:42:54.536+0000][1][safepoint    ] Application time: 1.0000775 seconds
[2019-12-09T05:42:54.536+0000][1][safepoint    ] Entering safepoint region: Cleanup
[2019-12-09T05:42:54.536+0000][1][safepoint    ] Leaving safepoint region
[2019-12-09T05:42:54.536+0000][1][safepoint    ] Total time for which application threads were stopped: 0.0000735 seconds, Stopping threads took: 0.0000187 seconds
[2019-12-09T05:42:55.536+0000][1][safepoint    ] Application time: 1.0000772 seconds
[2019-12-09T05:42:55.536+0000][1][safepoint    ] Entering safepoint region: Cleanup
[2019-12-09T05:42:55.536+0000][1][safepoint    ] Leaving safepoint region
[2019-12-09T05:42:55.536+0000][1][safepoint    ] Total time for which application threads were stopped: 0.0000657 seconds, Stopping threads took: 0.0000164 seconds
[2019-12-09T05:42:56.536+0000][1][safepoint    ] Application time: 1.0000742 seconds
[2019-12-09T05:42:56.536+0000][1][safepoint    ] Entering safepoint region: Cleanup
[2019-12-09T05:42:56.537+0000][1][safepoint    ] Leaving safepoint region
[2019-12-09T05:42:56.537+0000][1][safepoint    ] Total time for which application threads were stopped: 0.0000660 seconds, Stopping threads took: 0.0000166 seconds
[2019-12-09T05:42:57.537+0000][1][safepoint    ] Application time: 1.0000855 seconds
[2019-12-09T05:42:57.537+0000][1][safepoint    ] Entering safepoint region: Cleanup
[2019-12-09T05:42:57.537+0000][1][safepoint    ] Leaving safepoint region
[2019-12-09T05:42:57.537+0000][1][safepoint    ] Total time for which application threads were stopped: 0.0000917 seconds, Stopping threads took: 0.0000353 seconds
[2019-12-09T05:42:58.537+0000][1][safepoint    ] Application time: 1.0000762 seconds
[2019-12-09T05:42:58.537+0000][1][safepoint    ] Entering safepoint region: Cleanup
[2019-12-09T05:42:58.537+0000][1][safepoint    ] Leaving safepoint region
[2019-12-09T05:42:58.537+0000][1][safepoint    ] Total time for which application threads were stopped: 0.0000650 seconds, Stopping threads took: 0.0000168 seconds
[2019-12-09T05:42:59.537+0000][1][safepoint    ] Application time: 1.0000764 seconds
[2019-12-09T05:42:59.537+0000][1][safepoint    ] Entering safepoint region: Cleanup
[2019-12-09T05:42:59.537+0000][1][safepoint    ] Leaving safepoint region
[2019-12-09T05:42:59.537+0000][1][safepoint    ] Total time for which application threads were stopped: 0.0000662 seconds, Stopping threads took: 0.0000174 seconds
[2019-12-09T05:43:00.537+0000][1][safepoint    ] Application time: 1.0000757 seconds
[2019-12-09T05:43:00.537+0000][1][safepoint    ] Entering safepoint region: Cleanup
[2019-12-09T05:43:00.537+0000][1][safepoint    ] Leaving safepoint region
[2019-12-09T05:43:00.537+0000][1][safepoint    ] Total time for which application threads were stopped: 0.0000719 seconds, Stopping threads took: 0.0000167 seconds
[2019-12-09T05:43:01.537+0000][1][safepoint    ] Application time: 1.0000816 seconds
[2019-12-09T05:43:01.537+0000][1][safepoint    ] Entering safepoint region: Cleanup
[2019-12-09T05:43:01.538+0000][1][safepoint    ] Leaving safepoint region
[2019-12-09T05:43:01.538+0000][1][safepoint    ] Total time for which application threads were stopped: 0.0000963 seconds, Stopping threads took: 0.0000297 seconds
[2019-12-09T05:43:02.538+0000][1][safepoint    ] Application time: 1.0000761 seconds
[2019-12-09T05:43:02.538+0000][1][safepoint    ] Entering safepoint region: Cleanup
[2019-12-09T05:43:02.538+0000][1][safepoint    ] Leaving safepoint region
[2019-12-09T05:43:02.538+0000][1][safepoint    ] Total time for which application threads were stopped: 0.0000777 seconds, Stopping threads took: 0.0000269 seconds
[2019-12-09T05:43:03.538+0000][1][safepoint    ] Application time: 1.0000759 seconds
[2019-12-09T05:43:03.538+0000][1][safepoint    ] Entering safepoint region: Cleanup
[2019-12-09T05:43:03.538+0000][1][safepoint    ] Leaving safepoint region
[2019-12-09T05:43:03.538+0000][1][safepoint    ] Total time for which application threads were stopped: 0.0000642 seconds, Stopping threads took: 0.0000167 seconds
[2019-12-09T05:43:04.538+0000][1][safepoint    ] Application time: 1.0000747 seconds
[2019-12-09T05:43:04.538+0000][1][safepoint    ] Entering safepoint region: Cleanup
[2019-12-09T05:43:04.538+0000][1][safepoint    ] Leaving safepoint region
[2019-12-09T05:43:04.538+0000][1][safepoint    ] Total time for which application threads were stopped: 0.0000671 seconds, Stopping threads took: 0.0000179 seconds
[2019-12-09T05:43:05.538+0000][1][safepoint    ] Application time: 1.0000743 seconds
[2019-12-09T05:43:05.538+0000][1][safepoint    ] Entering safepoint region: Cleanup
[2019-12-09T05:43:05.538+0000][1][safepoint    ] Leaving safepoint region
[2019-12-09T05:43:05.538+0000][1][safepoint    ] Total time for which application threads were stopped: 0.0000671 seconds, Stopping threads took: 0.0000183 seconds
[2019-12-09T05:43:06.538+0000][1][safepoint    ] Application time: 1.0000744 seconds
[2019-12-09T05:43:06.538+0000][1][safepoint    ] Entering safepoint region: Cleanup
[2019-12-09T05:43:06.538+0000][1][safepoint    ] Leaving safepoint region
[2019-12-09T05:43:06.538+0000][1][safepoint    ] Total time for which application threads were stopped: 0.0000667 seconds, Stopping threads took: 0.0000163 seconds
[2019-12-09T05:43:07.539+0000][1][safepoint    ] Application time: 1.0000792 seconds
[2019-12-09T05:43:07.539+0000][1][safepoint    ] Entering safepoint region: Cleanup
[2019-12-09T05:43:07.539+0000][1][safepoint    ] Leaving safepoint region
[2019-12-09T05:43:07.539+0000][1][safepoint    ] Total time for which application threads were stopped: 0.0000684 seconds, Stopping threads took: 0.0000184 seconds
[2019-12-09T05:43:08.539+0000][1][safepoint    ] Application time: 1.0000742 seconds
[2019-12-09T05:43:08.539+0000][1][safepoint    ] Entering safepoint region: Cleanup
[2019-12-09T05:43:08.539+0000][1][safepoint    ] Leaving safepoint region
[2019-12-09T05:43:08.539+0000][1][safepoint    ] Total time for which application threads were stopped: 0.0000670 seconds, Stopping threads took: 0.0000172 seconds
[2019-12-09T05:43:08.557+0000][1][safepoint    ] Application time: 0.0180454 seconds
[2019-12-09T05:43:08.557+0000][1][safepoint    ] Entering safepoint region: GenCollectForAllocation
[2019-12-09T05:43:08.557+0000][1][gc,start     ] GC(79) Pause Young (Allocation Failure)
[2019-12-09T05:43:08.557+0000][1][gc,task      ] GC(79) Using 2 workers of 2 for evacuation
[2019-12-09T05:43:08.558+0000][1][gc,age       ] GC(79) Desired survivor size 4456448 bytes, new threshold 6 (max threshold 6)
[2019-12-09T05:43:08.558+0000][1][gc,age       ] GC(79) Age table with threshold 6 (max threshold 6)
[2019-12-09T05:43:08.558+0000][1][gc,age       ] GC(79) - age   1:       3168 bytes,       3168 total
[2019-12-09T05:43:08.558+0000][1][gc,heap      ] GC(79) ParNew: 69958K->6K(78656K)
[2019-12-09T05:43:08.558+0000][1][gc,heap      ] GC(79) CMS: 69363K->69363K(174784K)
[2019-12-09T05:43:08.558+0000][1][gc,metaspace ] GC(79) Metaspace: 68455K->68455K(1112064K)
[2019-12-09T05:43:08.558+0000][1][gc           ] GC(79) Pause Young (Allocation Failure) 136M->67M(247M) 1.345ms
[2019-12-09T05:43:08.558+0000][1][gc,cpu       ] GC(79) User=0.00s Sys=0.00s Real=0.00s
[2019-12-09T05:43:08.558+0000][1][safepoint    ] Leaving safepoint region
[2019-12-09T05:43:08.558+0000][1][safepoint    ] Total time for which application threads were stopped: 0.0014649 seconds, Stopping threads took: 0.0000150 seconds
[2019-12-09T05:43:09.559+0000][1][safepoint    ] Application time: 1.0000863 seconds
[2019-12-09T05:43:09.559+0000][1][safepoint    ] Entering safepoint region: Cleanup
[2019-12-09T05:43:09.559+0000][1][safepoint    ] Leaving safepoint region
[2019-12-09T05:43:09.559+0000][1][safepoint    ] Total time for which application threads were stopped: 0.0000674 seconds, Stopping threads took: 0.0000174 seconds
[2019-12-09T05:43:10.559+0000][1][safepoint    ] Application time: 1.0000790 seconds
[2019-12-09T05:43:10.559+0000][1][safepoint    ] Entering safepoint region: Cleanup
[2019-12-09T05:43:10.559+0000][1][safepoint    ] Leaving safepoint region
[2019-12-09T05:43:10.559+0000][1][safepoint    ] Total time for which application threads were stopped: 0.0000689 seconds, Stopping threads took: 0.0000184 seconds
[2019-12-09T05:43:11.559+0000][1][safepoint    ] Application time: 1.0000801 seconds
[2019-12-09T05:43:11.559+0000][1][safepoint    ] Entering safepoint region: Cleanup
[2019-12-09T05:43:11.559+0000][1][safepoint    ] Leaving safepoint region
[2019-12-09T05:43:11.559+0000][1][safepoint    ] Total time for which application threads were stopped: 0.0000672 seconds, Stopping threads took: 0.0000172 seconds
[2019-12-09T05:43:12.559+0000][1][safepoint    ] Application time: 1.0000751 seconds
[2019-12-09T05:43:12.559+0000][1][safepoint    ] Entering safepoint region: Cleanup
[2019-12-09T05:43:12.559+0000][1][safepoint    ] Leaving safepoint region
[2019-12-09T05:43:12.559+0000][1][safepoint    ] Total time for which application threads were stopped: 0.0000670 seconds, Stopping threads took: 0.0000167 seconds
[2019-12-09T05:43:13.559+0000][1][safepoint    ] Application time: 1.0000817 seconds
[2019-12-09T05:43:13.559+0000][1][safepoint    ] Entering safepoint region: Cleanup
[2019-12-09T05:43:13.559+0000][1][safepoint    ] Leaving safepoint region
[2019-12-09T05:43:13.559+0000][1][safepoint    ] Total time for which application threads were stopped: 0.0000773 seconds, Stopping threads took: 0.0000207 seconds
[2019-12-09T05:43:14.559+0000][1][safepoint    ] Application time: 1.0000849 seconds
[2019-12-09T05:43:14.560+0000][1][safepoint    ] Entering safepoint region: Cleanup
[2019-12-09T05:43:14.560+0000][1][safepoint    ] Leaving safepoint region
[2019-12-09T05:43:14.560+0000][1][safepoint    ] Total time for which application threads were stopped: 0.0000667 seconds, Stopping threads took: 0.0000174 seconds
[2019-12-09T05:43:15.560+0000][1][safepoint    ] Application time: 1.0000766 seconds
[2019-12-09T05:43:15.560+0000][1][safepoint    ] Entering safepoint region: Cleanup
[2019-12-09T05:43:15.560+0000][1][safepoint    ] Leaving safepoint region
[2019-12-09T05:43:15.560+0000][1][safepoint    ] Total time for which application threads were stopped: 0.0000699 seconds, Stopping threads took: 0.0000195 seconds
[2019-12-09T05:43:16.560+0000][1][safepoint    ] Application time: 1.0000740 seconds
[2019-12-09T05:43:16.560+0000][1][safepoint    ] Entering safepoint region: Cleanup
[2019-12-09T05:43:16.560+0000][1][safepoint    ] Leaving safepoint region
[2019-12-09T05:43:16.560+0000][1][safepoint    ] Total time for which application threads were stopped: 0.0000661 seconds, Stopping threads took: 0.0000168 seconds
[2019-12-09T05:43:17.560+0000][1][safepoint    ] Application time: 1.0000745 seconds
[2019-12-09T05:43:17.560+0000][1][safepoint    ] Entering safepoint region: Cleanup
[2019-12-09T05:43:17.560+0000][1][safepoint    ] Leaving safepoint region
[2019-12-09T05:43:17.560+0000][1][safepoint    ] Total time for which application threads were stopped: 0.0000773 seconds, Stopping threads took: 0.0000266 seconds
[2019-12-09T05:43:19.139+0000][1][safepoint    ] Application time: 1.5785230 seconds
[2019-12-09T05:43:19.139+0000][1][safepoint    ] Entering safepoint region: Cleanup
[2019-12-09T05:43:19.139+0000][1][safepoint    ] Leaving safepoint region
[2019-12-09T05:43:19.139+0000][1][safepoint    ] Total time for which application threads were stopped: 0.0000644 seconds, Stopping threads took: 0.0000160 seconds
[2019-12-09T05:43:20.139+0000][1][safepoint    ] Application time: 1.0000795 seconds
[2019-12-09T05:43:20.139+0000][1][safepoint    ] Entering safepoint region: Cleanup
[2019-12-09T05:43:20.139+0000][1][safepoint    ] Leaving safepoint region
[2019-12-09T05:43:20.139+0000][1][safepoint    ] Total time for which application threads were stopped: 0.0000653 seconds, Stopping threads took: 0.0000161 seconds
[2019-12-09T05:43:21.139+0000][1][safepoint    ] Application time: 1.0000783 seconds
[2019-12-09T05:43:21.139+0000][1][safepoint    ] Entering safepoint region: Cleanup
[2019-12-09T05:43:21.139+0000][1][safepoint    ] Leaving safepoint region
[2019-12-09T05:43:21.139+0000][1][safepoint    ] Total time for which application threads were stopped: 0.0000762 seconds, Stopping threads took: 0.0000163 seconds
[2019-12-09T05:43:22.139+0000][1][safepoint    ] Application time: 1.0000806 seconds
[2019-12-09T05:43:22.139+0000][1][safepoint    ] Entering safepoint region: Cleanup
[2019-12-09T05:43:22.139+0000][1][safepoint    ] Leaving safepoint region
[2019-12-09T05:43:22.139+0000][1][safepoint    ] Total time for which application threads were stopped: 0.0000691 seconds, Stopping threads took: 0.0000181 seconds
[2019-12-09T05:43:23.139+0000][1][safepoint    ] Application time: 1.0000847 seconds
[2019-12-09T05:43:23.140+0000][1][safepoint    ] Entering safepoint region: Cleanup
[2019-12-09T05:43:23.140+0000][1][safepoint    ] Leaving safepoint region
[2019-12-09T05:43:23.140+0000][1][safepoint    ] Total time for which application threads were stopped: 0.0000684 seconds, Stopping threads took: 0.0000173 seconds
[2019-12-09T05:43:24.140+0000][1][safepoint    ] Application time: 1.0001089 seconds
[2019-12-09T05:43:24.140+0000][1][safepoint    ] Entering safepoint region: Cleanup
[2019-12-09T05:43:24.140+0000][1][safepoint    ] Leaving safepoint region
[2019-12-09T05:43:24.140+0000][1][safepoint    ] Total time for which application threads were stopped: 0.0000903 seconds, Stopping threads took: 0.0000216 seconds
[2019-12-09T05:43:25.140+0000][1][safepoint    ] Application time: 1.0000823 seconds
[2019-12-09T05:43:25.140+0000][1][safepoint    ] Entering safepoint region: Cleanup
[2019-12-09T05:43:25.140+0000][1][safepoint    ] Leaving safepoint region
[2019-12-09T05:43:25.140+0000][1][safepoint    ] Total time for which application threads were stopped: 0.0000730 seconds, Stopping threads took: 0.0000172 seconds
[2019-12-09T05:43:26.140+0000][1][safepoint    ] Application time: 1.0001051 seconds
[2019-12-09T05:43:26.140+0000][1][safepoint    ] Entering safepoint region: Cleanup
[2019-12-09T05:43:26.140+0000][1][safepoint    ] Leaving safepoint region
[2019-12-09T05:43:26.140+0000][1][safepoint    ] Total time for which application threads were stopped: 0.0000884 seconds, Stopping threads took: 0.0000183 seconds
[2019-12-09T05:43:27.140+0000][1][safepoint    ] Application time: 1.0000901 seconds
[2019-12-09T05:43:27.140+0000][1][safepoint    ] Entering safepoint region: Cleanup
[2019-12-09T05:43:27.141+0000][1][safepoint    ] Leaving safepoint region
[2019-12-09T05:43:27.141+0000][1][safepoint    ] Total time for which application threads were stopped: 0.0000967 seconds, Stopping threads took: 0.0000256 seconds
[2019-12-09T05:43:28.141+0000][1][safepoint    ] Application time: 1.0001056 seconds
[2019-12-09T05:43:28.141+0000][1][safepoint    ] Entering safepoint region: Cleanup
[2019-12-09T05:43:28.141+0000][1][safepoint    ] Leaving safepoint region
[2019-12-09T05:43:28.141+0000][1][safepoint    ] Total time for which application threads were stopped: 0.0001077 seconds, Stopping threads took: 0.0000344 seconds
[2019-12-09T05:43:29.141+0000][1][safepoint    ] Application time: 1.0000716 seconds
[2019-12-09T05:43:29.141+0000][1][safepoint    ] Entering safepoint region: Cleanup
[2019-12-09T05:43:29.141+0000][1][safepoint    ] Leaving safepoint region
[2019-12-09T05:43:29.141+0000][1][safepoint    ] Total time for which application threads were stopped: 0.0000969 seconds, Stopping threads took: 0.0000222 seconds
[2019-12-09T05:43:30.141+0000][1][safepoint    ] Application time: 1.0000763 seconds
[2019-12-09T05:43:30.141+0000][1][safepoint    ] Entering safepoint region: Cleanup
[2019-12-09T05:43:30.141+0000][1][safepoint    ] Leaving safepoint region
[2019-12-09T05:43:30.141+0000][1][safepoint    ] Total time for which application threads were stopped: 0.0000670 seconds, Stopping threads took: 0.0000164 seconds
[2019-12-09T05:43:31.141+0000][1][safepoint    ] Application time: 1.0000756 seconds
[2019-12-09T05:43:31.141+0000][1][safepoint    ] Entering safepoint region: Cleanup
[2019-12-09T05:43:31.141+0000][1][safepoint    ] Leaving safepoint region
[2019-12-09T05:43:31.141+0000][1][safepoint    ] Total time for which application threads were stopped: 0.0000743 seconds, Stopping threads took: 0.0000243 seconds
[2019-12-09T05:43:32.142+0000][1][safepoint    ] Application time: 1.0000754 seconds
[2019-12-09T05:43:32.142+0000][1][safepoint    ] Entering safepoint region: Cleanup
[2019-12-09T05:43:32.142+0000][1][safepoint    ] Leaving safepoint region
[2019-12-09T05:43:32.142+0000][1][safepoint    ] Total time for which application threads were stopped: 0.0000659 seconds, Stopping threads took: 0.0000164 seconds
[2019-12-09T05:43:33.142+0000][1][safepoint    ] Application time: 1.0000833 seconds
[2019-12-09T05:43:33.142+0000][1][safepoint    ] Entering safepoint region: Cleanup
[2019-12-09T05:43:33.142+0000][1][safepoint    ] Leaving safepoint region
[2019-12-09T05:43:33.142+0000][1][safepoint    ] Total time for which application threads were stopped: 0.0000746 seconds, Stopping threads took: 0.0000174 seconds
[2019-12-09T05:43:34.142+0000][1][safepoint    ] Application time: 1.0000770 seconds
[2019-12-09T05:43:34.142+0000][1][safepoint    ] Entering safepoint region: Cleanup
[2019-12-09T05:43:34.142+0000][1][safepoint    ] Leaving safepoint region
[2019-12-09T05:43:34.142+0000][1][safepoint    ] Total time for which application threads were stopped: 0.0000661 seconds, Stopping threads took: 0.0000167 seconds
[2019-12-09T05:43:35.142+0000][1][safepoint    ] Application time: 1.0000781 seconds
[2019-12-09T05:43:35.142+0000][1][safepoint    ] Entering safepoint region: Cleanup
[2019-12-09T05:43:35.142+0000][1][safepoint    ] Leaving safepoint region
[2019-12-09T05:43:35.142+0000][1][safepoint    ] Total time for which application threads were stopped: 0.0000666 seconds, Stopping threads took: 0.0000173 seconds
[2019-12-09T05:43:36.796+0000][1][safepoint    ] Application time: 1.6540082 seconds
[2019-12-09T05:43:36.796+0000][1][safepoint    ] Entering safepoint region: Cleanup
[2019-12-09T05:43:36.796+0000][1][safepoint    ] Leaving safepoint region
[2019-12-09T05:43:36.796+0000][1][safepoint    ] Total time for which application threads were stopped: 0.0000675 seconds, Stopping threads took: 0.0000167 seconds
[2019-12-09T05:43:37.796+0000][1][safepoint    ] Application time: 1.0000764 seconds
[2019-12-09T05:43:37.796+0000][1][safepoint    ] Entering safepoint region: Cleanup
[2019-12-09T05:43:37.796+0000][1][safepoint    ] Leaving safepoint region
[2019-12-09T05:43:37.796+0000][1][safepoint    ] Total time for which application threads were stopped: 0.0000660 seconds, Stopping threads took: 0.0000174 seconds
[2019-12-09T05:43:38.797+0000][1][safepoint    ] Application time: 1.0000760 seconds
[2019-12-09T05:43:38.797+0000][1][safepoint    ] Entering safepoint region: Cleanup
[2019-12-09T05:43:38.797+0000][1][safepoint    ] Leaving safepoint region
[2019-12-09T05:43:38.797+0000][1][safepoint    ] Total time for which application threads were stopped: 0.0000827 seconds, Stopping threads took: 0.0000238 seconds
[2019-12-09T05:43:39.797+0000][1][safepoint    ] Application time: 1.0000756 seconds
[2019-12-09T05:43:39.797+0000][1][safepoint    ] Entering safepoint region: Cleanup
[2019-12-09T05:43:39.797+0000][1][safepoint    ] Leaving safepoint region
[2019-12-09T05:43:39.797+0000][1][safepoint    ] Total time for which application threads were stopped: 0.0000655 seconds, Stopping threads took: 0.0000161 seconds
[2019-12-09T05:43:40.797+0000][1][safepoint    ] Application time: 1.0000750 seconds
[2019-12-09T05:43:40.797+0000][1][safepoint    ] Entering safepoint region: Cleanup
[2019-12-09T05:43:40.797+0000][1][safepoint    ] Leaving safepoint region
[2019-12-09T05:43:40.797+0000][1][safepoint    ] Total time for which application threads were stopped: 0.0000668 seconds, Stopping threads took: 0.0000186 seconds
[2019-12-09T05:43:41.797+0000][1][safepoint    ] Application time: 1.0000767 seconds
[2019-12-09T05:43:41.797+0000][1][safepoint    ] Entering safepoint region: Cleanup
[2019-12-09T05:43:41.797+0000][1][safepoint    ] Leaving safepoint region
[2019-12-09T05:43:41.797+0000][1][safepoint    ] Total time for which application threads were stopped: 0.0000695 seconds, Stopping threads took: 0.0000170 seconds
[2019-12-09T05:43:42.797+0000][1][safepoint    ] Application time: 1.0000761 seconds
[2019-12-09T05:43:42.797+0000][1][safepoint    ] Entering safepoint region: Cleanup
[2019-12-09T05:43:42.797+0000][1][safepoint    ] Leaving safepoint region
[2019-12-09T05:43:42.797+0000][1][safepoint    ] Total time for which application threads were stopped: 0.0000688 seconds, Stopping threads took: 0.0000171 seconds
[2019-12-09T05:43:43.798+0000][1][safepoint    ] Application time: 1.0000759 seconds
[2019-12-09T05:43:43.798+0000][1][safepoint    ] Entering safepoint region: Cleanup
[2019-12-09T05:43:43.798+0000][1][safepoint    ] Leaving safepoint region
[2019-12-09T05:43:43.798+0000][1][safepoint    ] Total time for which application threads were stopped: 0.0000693 seconds, Stopping threads took: 0.0000175 seconds
[2019-12-09T05:43:44.798+0000][1][safepoint    ] Application time: 1.0000774 seconds
[2019-12-09T05:43:44.798+0000][1][safepoint    ] Entering safepoint region: Cleanup
[2019-12-09T05:43:44.798+0000][1][safepoint    ] Leaving safepoint region
[2019-12-09T05:43:44.798+0000][1][safepoint    ] Total time for which application threads were stopped: 0.0000671 seconds, Stopping threads took: 0.0000167 seconds
[2019-12-09T05:43:45.798+0000][1][safepoint    ] Application time: 1.0000754 seconds
[2019-12-09T05:43:45.798+0000][1][safepoint    ] Entering safepoint region: Cleanup
[2019-12-09T05:43:45.798+0000][1][safepoint    ] Leaving safepoint region
[2019-12-09T05:43:45.798+0000][1][safepoint    ] Total time for which application threads were stopped: 0.0000660 seconds, Stopping threads took: 0.0000168 seconds
[2019-12-09T05:43:46.798+0000][1][safepoint    ] Application time: 1.0000742 seconds
[2019-12-09T05:43:46.798+0000][1][safepoint    ] Entering safepoint region: Cleanup
[2019-12-09T05:43:46.798+0000][1][safepoint    ] Leaving safepoint region
[2019-12-09T05:43:46.798+0000][1][safepoint    ] Total time for which application threads were stopped: 0.0000687 seconds, Stopping threads took: 0.0000180 seconds
[2019-12-09T05:43:47.798+0000][1][safepoint    ] Application time: 1.0000730 seconds
[2019-12-09T05:43:47.798+0000][1][safepoint    ] Entering safepoint region: Cleanup
[2019-12-09T05:43:47.798+0000][1][safepoint    ] Leaving safepoint region
[2019-12-09T05:43:47.798+0000][1][safepoint    ] Total time for which application threads were stopped: 0.0000672 seconds, Stopping threads took: 0.0000170 seconds
[2019-12-09T05:43:48.798+0000][1][safepoint    ] Application time: 1.0000757 seconds
[2019-12-09T05:43:48.799+0000][1][safepoint    ] Entering safepoint region: Cleanup
[2019-12-09T05:43:48.799+0000][1][safepoint    ] Leaving safepoint region
[2019-12-09T05:43:48.799+0000][1][safepoint    ] Total time for which application threads were stopped: 0.0000757 seconds, Stopping threads took: 0.0000250 seconds
[2019-12-09T05:43:49.799+0000][1][safepoint    ] Application time: 1.0000761 seconds
[2019-12-09T05:43:49.799+0000][1][safepoint    ] Entering safepoint region: Cleanup
[2019-12-09T05:43:49.799+0000][1][safepoint    ] Leaving safepoint region
[2019-12-09T05:43:49.799+0000][1][safepoint    ] Total time for which application threads were stopped: 0.0000672 seconds, Stopping threads took: 0.0000180 seconds
[2019-12-09T05:43:50.799+0000][1][safepoint    ] Application time: 1.0000759 seconds
[2019-12-09T05:43:50.799+0000][1][safepoint    ] Entering safepoint region: Cleanup
[2019-12-09T05:43:50.799+0000][1][safepoint    ] Leaving safepoint region
[2019-12-09T05:43:50.799+0000][1][safepoint    ] Total time for which application threads were stopped: 0.0000660 seconds, Stopping threads took: 0.0000166 seconds
[2019-12-09T05:43:51.799+0000][1][safepoint    ] Application time: 1.0000749 seconds
[2019-12-09T05:43:51.799+0000][1][safepoint    ] Entering safepoint region: Cleanup
[2019-12-09T05:43:51.799+0000][1][safepoint    ] Leaving safepoint region
[2019-12-09T05:43:51.799+0000][1][safepoint    ] Total time for which application threads were stopped: 0.0000661 seconds, Stopping threads took: 0.0000166 seconds
[2019-12-09T05:43:52.799+0000][1][safepoint    ] Application time: 1.0000747 seconds
[2019-12-09T05:43:52.799+0000][1][safepoint    ] Entering safepoint region: Cleanup
[2019-12-09T05:43:52.799+0000][1][safepoint    ] Leaving safepoint region
[2019-12-09T05:43:52.799+0000][1][safepoint    ] Total time for which application threads were stopped: 0.0000697 seconds, Stopping threads took: 0.0000190 seconds
[2019-12-09T05:43:53.799+0000][1][safepoint    ] Application time: 1.0000740 seconds
[2019-12-09T05:43:53.799+0000][1][safepoint    ] Entering safepoint region: Cleanup
[2019-12-09T05:43:53.800+0000][1][safepoint    ] Leaving safepoint region
[2019-12-09T05:43:53.800+0000][1][safepoint    ] Total time for which application threads were stopped: 0.0000684 seconds, Stopping threads took: 0.0000178 seconds
[2019-12-09T05:43:54.800+0000][1][safepoint    ] Application time: 1.0000767 seconds
[2019-12-09T05:43:54.800+0000][1][safepoint    ] Entering safepoint region: Cleanup
[2019-12-09T05:43:54.800+0000][1][safepoint    ] Leaving safepoint region
[2019-12-09T05:43:54.800+0000][1][safepoint    ] Total time for which application threads were stopped: 0.0000789 seconds, Stopping threads took: 0.0000168 seconds
[2019-12-09T05:43:55.800+0000][1][safepoint    ] Application time: 1.0000765 seconds
[2019-12-09T05:43:55.800+0000][1][safepoint    ] Entering safepoint region: Cleanup
[2019-12-09T05:43:55.800+0000][1][safepoint    ] Leaving safepoint region
[2019-12-09T05:43:55.800+0000][1][safepoint    ] Total time for which application threads were stopped: 0.0000684 seconds, Stopping threads took: 0.0000176 seconds
[2019-12-09T05:43:56.800+0000][1][safepoint    ] Application time: 1.0000766 seconds
[2019-12-09T05:43:56.800+0000][1][safepoint    ] Entering safepoint region: Cleanup
[2019-12-09T05:43:56.800+0000][1][safepoint    ] Leaving safepoint region
[2019-12-09T05:43:56.800+0000][1][safepoint    ] Total time for which application threads were stopped: 0.0000669 seconds, Stopping threads took: 0.0000165 seconds
[2019-12-09T05:43:57.800+0000][1][safepoint    ] Application time: 1.0000756 seconds
[2019-12-09T05:43:57.800+0000][1][safepoint    ] Entering safepoint region: Cleanup
[2019-12-09T05:43:57.800+0000][1][safepoint    ] Leaving safepoint region
[2019-12-09T05:43:57.800+0000][1][safepoint    ] Total time for which application threads were stopped: 0.0000695 seconds, Stopping threads took: 0.0000180 seconds
[2019-12-09T05:43:58.800+0000][1][safepoint    ] Application time: 1.0000771 seconds
[2019-12-09T05:43:58.800+0000][1][safepoint    ] Entering safepoint region: Cleanup
[2019-12-09T05:43:58.800+0000][1][safepoint    ] Leaving safepoint region
[2019-12-09T05:43:58.800+0000][1][safepoint    ] Total time for which application threads were stopped: 0.0000728 seconds, Stopping threads took: 0.0000159 seconds
[2019-12-09T05:43:59.801+0000][1][safepoint    ] Application time: 1.0000767 seconds
[2019-12-09T05:43:59.801+0000][1][safepoint    ] Entering safepoint region: Cleanup
[2019-12-09T05:43:59.801+0000][1][safepoint    ] Leaving safepoint region
[2019-12-09T05:43:59.801+0000][1][safepoint    ] Total time for which application threads were stopped: 0.0000688 seconds, Stopping threads took: 0.0000167 seconds
[2019-12-09T05:44:00.801+0000][1][safepoint    ] Application time: 1.0000828 seconds
[2019-12-09T05:44:00.801+0000][1][safepoint    ] Entering safepoint region: Cleanup
[2019-12-09T05:44:00.801+0000][1][safepoint    ] Leaving safepoint region
[2019-12-09T05:44:00.801+0000][1][safepoint    ] Total time for which application threads were stopped: 0.0000641 seconds, Stopping threads took: 0.0000157 seconds
[2019-12-09T05:44:01.801+0000][1][safepoint    ] Application time: 1.0000762 seconds
[2019-12-09T05:44:01.801+0000][1][safepoint    ] Entering safepoint region: Cleanup
[2019-12-09T05:44:01.801+0000][1][safepoint    ] Leaving safepoint region
[2019-12-09T05:44:01.801+0000][1][safepoint    ] Total time for which application threads were stopped: 0.0001115 seconds, Stopping threads took: 0.0000409 seconds
[2019-12-09T05:44:02.801+0000][1][safepoint    ] Application time: 1.0000777 seconds
[2019-12-09T05:44:02.801+0000][1][safepoint    ] Entering safepoint region: Cleanup
[2019-12-09T05:44:02.801+0000][1][safepoint    ] Leaving safepoint region
[2019-12-09T05:44:02.801+0000][1][safepoint    ] Total time for which application threads were stopped: 0.0000672 seconds, Stopping threads took: 0.0000171 seconds
[2019-12-09T05:44:03.801+0000][1][safepoint    ] Application time: 1.0000751 seconds
[2019-12-09T05:44:03.801+0000][1][safepoint    ] Entering safepoint region: Cleanup
[2019-12-09T05:44:03.801+0000][1][safepoint    ] Leaving safepoint region
[2019-12-09T05:44:03.801+0000][1][safepoint    ] Total time for which application threads were stopped: 0.0000703 seconds, Stopping threads took: 0.0000179 seconds
[2019-12-09T05:44:04.802+0000][1][safepoint    ] Application time: 1.0000749 seconds
[2019-12-09T05:44:04.802+0000][1][safepoint    ] Entering safepoint region: Cleanup
[2019-12-09T05:44:04.802+0000][1][safepoint    ] Leaving safepoint region
[2019-12-09T05:44:04.802+0000][1][safepoint    ] Total time for which application threads were stopped: 0.0000741 seconds, Stopping threads took: 0.0000229 seconds
[2019-12-09T05:44:05.802+0000][1][safepoint    ] Application time: 1.0000852 seconds
[2019-12-09T05:44:05.802+0000][1][safepoint    ] Entering safepoint region: Cleanup
[2019-12-09T05:44:05.802+0000][1][safepoint    ] Leaving safepoint region
[2019-12-09T05:44:05.802+0000][1][safepoint    ] Total time for which application threads were stopped: 0.0000700 seconds, Stopping threads took: 0.0000178 seconds
[2019-12-09T05:44:06.802+0000][1][safepoint    ] Application time: 1.0000766 seconds
[2019-12-09T05:44:06.802+0000][1][safepoint    ] Entering safepoint region: Cleanup
[2019-12-09T05:44:06.802+0000][1][safepoint    ] Leaving safepoint region
[2019-12-09T05:44:06.802+0000][1][safepoint    ] Total time for which application threads were stopped: 0.0000674 seconds, Stopping threads took: 0.0000166 seconds
[2019-12-09T05:44:07.802+0000][1][safepoint    ] Application time: 1.0000768 seconds
[2019-12-09T05:44:07.802+0000][1][safepoint    ] Entering safepoint region: Cleanup
[2019-12-09T05:44:07.802+0000][1][safepoint    ] Leaving safepoint region
[2019-12-09T05:44:07.802+0000][1][safepoint    ] Total time for which application threads were stopped: 0.0000668 seconds, Stopping threads took: 0.0000176 seconds
[2019-12-09T05:44:08.802+0000][1][safepoint    ] Application time: 1.0000751 seconds
[2019-12-09T05:44:08.802+0000][1][safepoint    ] Entering safepoint region: Cleanup
[2019-12-09T05:44:08.802+0000][1][safepoint    ] Leaving safepoint region
[2019-12-09T05:44:08.802+0000][1][safepoint    ] Total time for which application threads were stopped: 0.0000808 seconds, Stopping threads took: 0.0000164 seconds
[2019-12-09T05:44:09.803+0000][1][safepoint    ] Application time: 1.0000770 seconds
[2019-12-09T05:44:09.803+0000][1][safepoint    ] Entering safepoint region: Cleanup
[2019-12-09T05:44:09.803+0000][1][safepoint    ] Leaving safepoint region
[2019-12-09T05:44:09.803+0000][1][safepoint    ] Total time for which application threads were stopped: 0.0000671 seconds, Stopping threads took: 0.0000169 seconds
[2019-12-09T05:44:10.803+0000][1][safepoint    ] Application time: 1.0000764 seconds
[2019-12-09T05:44:10.803+0000][1][safepoint    ] Entering safepoint region: Cleanup
[2019-12-09T05:44:10.803+0000][1][safepoint    ] Leaving safepoint region
[2019-12-09T05:44:10.803+0000][1][safepoint    ] Total time for which application threads were stopped: 0.0000644 seconds, Stopping threads took: 0.0000161 seconds
[2019-12-09T05:44:11.803+0000][1][safepoint    ] Application time: 1.0000774 seconds
[2019-12-09T05:44:11.803+0000][1][safepoint    ] Entering safepoint region: Cleanup
[2019-12-09T05:44:11.803+0000][1][safepoint    ] Leaving safepoint region
[2019-12-09T05:44:11.803+0000][1][safepoint    ] Total time for which application threads were stopped: 0.0000672 seconds, Stopping threads took: 0.0000173 seconds
[2019-12-09T05:44:12.803+0000][1][safepoint    ] Application time: 1.0000762 seconds
[2019-12-09T05:44:12.803+0000][1][safepoint    ] Entering safepoint region: Cleanup
[2019-12-09T05:44:12.803+0000][1][safepoint    ] Leaving safepoint region
[2019-12-09T05:44:12.803+0000][1][safepoint    ] Total time for which application threads were stopped: 0.0000659 seconds, Stopping threads took: 0.0000167 seconds
[2019-12-09T05:44:13.803+0000][1][safepoint    ] Application time: 1.0000759 seconds
[2019-12-09T05:44:13.803+0000][1][safepoint    ] Entering safepoint region: Cleanup
[2019-12-09T05:44:13.803+0000][1][safepoint    ] Leaving safepoint region
[2019-12-09T05:44:13.803+0000][1][safepoint    ] Total time for which application threads were stopped: 0.0000690 seconds, Stopping threads took: 0.0000178 seconds
[2019-12-09T05:44:14.803+0000][1][safepoint    ] Application time: 1.0000755 seconds
[2019-12-09T05:44:14.804+0000][1][safepoint    ] Entering safepoint region: Cleanup
[2019-12-09T05:44:14.804+0000][1][safepoint    ] Leaving safepoint region
[2019-12-09T05:44:14.804+0000][1][safepoint    ] Total time for which application threads were stopped: 0.0000689 seconds, Stopping threads took: 0.0000178 seconds
[2019-12-09T05:44:15.804+0000][1][safepoint    ] Application time: 1.0000768 seconds
[2019-12-09T05:44:15.804+0000][1][safepoint    ] Entering safepoint region: Cleanup
[2019-12-09T05:44:15.804+0000][1][safepoint    ] Leaving safepoint region
[2019-12-09T05:44:15.804+0000][1][safepoint    ] Total time for which application threads were stopped: 0.0000680 seconds, Stopping threads took: 0.0000185 seconds
[2019-12-09T05:44:16.804+0000][1][safepoint    ] Application time: 1.0000754 seconds
[2019-12-09T05:44:16.804+0000][1][safepoint    ] Entering safepoint region: Cleanup
[2019-12-09T05:44:16.804+0000][1][safepoint    ] Leaving safepoint region
[2019-12-09T05:44:16.804+0000][1][safepoint    ] Total time for which application threads were stopped: 0.0000660 seconds, Stopping threads took: 0.0000177 seconds
[2019-12-09T05:44:17.804+0000][1][safepoint    ] Application time: 1.0000758 seconds
[2019-12-09T05:44:17.804+0000][1][safepoint    ] Entering safepoint region: Cleanup
[2019-12-09T05:44:17.804+0000][1][safepoint    ] Leaving safepoint region
[2019-12-09T05:44:17.804+0000][1][safepoint    ] Total time for which application threads were stopped: 0.0000684 seconds, Stopping threads took: 0.0000182 seconds
[2019-12-09T05:44:18.804+0000][1][safepoint    ] Application time: 1.0000738 seconds
[2019-12-09T05:44:18.804+0000][1][safepoint    ] Entering safepoint region: Cleanup
[2019-12-09T05:44:18.804+0000][1][safepoint    ] Leaving safepoint region
[2019-12-09T05:44:18.804+0000][1][safepoint    ] Total time for which application threads were stopped: 0.0000658 seconds, Stopping threads took: 0.0000159 seconds
[2019-12-09T05:44:19.804+0000][1][safepoint    ] Application time: 1.0000816 seconds
[2019-12-09T05:44:19.804+0000][1][safepoint    ] Entering safepoint region: Cleanup
[2019-12-09T05:44:19.805+0000][1][safepoint    ] Leaving safepoint region
[2019-12-09T05:44:19.805+0000][1][safepoint    ] Total time for which application threads were stopped: 0.0000659 seconds, Stopping threads took: 0.0000165 seconds
[2019-12-09T05:44:20.805+0000][1][safepoint    ] Application time: 1.0000763 seconds
[2019-12-09T05:44:20.805+0000][1][safepoint    ] Entering safepoint region: Cleanup
[2019-12-09T05:44:20.805+0000][1][safepoint    ] Leaving safepoint region
[2019-12-09T05:44:20.805+0000][1][safepoint    ] Total time for which application threads were stopped: 0.0000815 seconds, Stopping threads took: 0.0000161 seconds
[2019-12-09T05:44:21.805+0000][1][safepoint    ] Application time: 1.0000758 seconds
[2019-12-09T05:44:21.805+0000][1][safepoint    ] Entering safepoint region: Cleanup
[2019-12-09T05:44:21.805+0000][1][safepoint    ] Leaving safepoint region
[2019-12-09T05:44:21.805+0000][1][safepoint    ] Total time for which application threads were stopped: 0.0000651 seconds, Stopping threads took: 0.0000161 seconds
[2019-12-09T05:44:22.805+0000][1][safepoint    ] Application time: 1.0000754 seconds
[2019-12-09T05:44:22.805+0000][1][safepoint    ] Entering safepoint region: Cleanup
[2019-12-09T05:44:22.805+0000][1][safepoint    ] Leaving safepoint region
[2019-12-09T05:44:22.805+0000][1][safepoint    ] Total time for which application threads were stopped: 0.0000701 seconds, Stopping threads took: 0.0000185 seconds
[2019-12-09T05:44:23.805+0000][1][safepoint    ] Application time: 1.0000749 seconds
[2019-12-09T05:44:23.805+0000][1][safepoint    ] Entering safepoint region: Cleanup
[2019-12-09T05:44:23.805+0000][1][safepoint    ] Leaving safepoint region
[2019-12-09T05:44:23.805+0000][1][safepoint    ] Total time for which application threads were stopped: 0.0000641 seconds, Stopping threads took: 0.0000159 seconds
[2019-12-09T05:44:24.805+0000][1][safepoint    ] Application time: 1.0000288 seconds
[2019-12-09T05:44:24.805+0000][1][safepoint    ] Entering safepoint region: Cleanup
[2019-12-09T05:44:24.805+0000][1][safepoint    ] Leaving safepoint region
[2019-12-09T05:44:24.805+0000][1][safepoint    ] Total time for which application threads were stopped: 0.0000669 seconds, Stopping threads took: 0.0000166 seconds
[2019-12-09T05:44:25.806+0000][1][safepoint    ] Application time: 1.0000762 seconds
[2019-12-09T05:44:25.806+0000][1][safepoint    ] Entering safepoint region: Cleanup
[2019-12-09T05:44:25.806+0000][1][safepoint    ] Leaving safepoint region
[2019-12-09T05:44:25.806+0000][1][safepoint    ] Total time for which application threads were stopped: 0.0000648 seconds, Stopping threads took: 0.0000173 seconds
[2019-12-09T05:44:26.806+0000][1][safepoint    ] Application time: 1.0000848 seconds
[2019-12-09T05:44:26.806+0000][1][safepoint    ] Entering safepoint region: Cleanup
[2019-12-09T05:44:26.806+0000][1][safepoint    ] Leaving safepoint region
[2019-12-09T05:44:26.806+0000][1][safepoint    ] Total time for which application threads were stopped: 0.0000669 seconds, Stopping threads took: 0.0000172 seconds
[2019-12-09T05:44:27.806+0000][1][safepoint    ] Application time: 1.0000764 seconds
[2019-12-09T05:44:27.806+0000][1][safepoint    ] Entering safepoint region: Cleanup
[2019-12-09T05:44:27.806+0000][1][safepoint    ] Leaving safepoint region
[2019-12-09T05:44:27.806+0000][1][safepoint    ] Total time for which application threads were stopped: 0.0000684 seconds, Stopping threads took: 0.0000191 seconds
[2019-12-09T05:44:28.806+0000][1][safepoint    ] Application time: 1.0000761 seconds
[2019-12-09T05:44:28.806+0000][1][safepoint    ] Entering safepoint region: Cleanup
[2019-12-09T05:44:28.806+0000][1][safepoint    ] Leaving safepoint region
[2019-12-09T05:44:28.806+0000][1][safepoint    ] Total time for which application threads were stopped: 0.0000665 seconds, Stopping threads took: 0.0000167 seconds
[2019-12-09T05:44:29.806+0000][1][safepoint    ] Application time: 1.0000769 seconds
[2019-12-09T05:44:29.806+0000][1][safepoint    ] Entering safepoint region: Cleanup
[2019-12-09T05:44:29.806+0000][1][safepoint    ] Leaving safepoint region
[2019-12-09T05:44:29.806+0000][1][safepoint    ] Total time for which application threads were stopped: 0.0000650 seconds, Stopping threads took: 0.0000158 seconds
[2019-12-09T05:44:30.806+0000][1][safepoint    ] Application time: 1.0000738 seconds
[2019-12-09T05:44:30.806+0000][1][safepoint    ] Entering safepoint region: Cleanup
[2019-12-09T05:44:30.807+0000][1][safepoint    ] Leaving safepoint region
[2019-12-09T05:44:30.807+0000][1][safepoint    ] Total time for which application threads were stopped: 0.0000742 seconds, Stopping threads took: 0.0000158 seconds
[2019-12-09T05:44:31.807+0000][1][safepoint    ] Application time: 1.0000753 seconds
[2019-12-09T05:44:31.807+0000][1][safepoint    ] Entering safepoint region: Cleanup
[2019-12-09T05:44:31.807+0000][1][safepoint    ] Leaving safepoint region
[2019-12-09T05:44:31.807+0000][1][safepoint    ] Total time for which application threads were stopped: 0.0000763 seconds, Stopping threads took: 0.0000249 seconds
[2019-12-09T05:44:32.807+0000][1][safepoint    ] Application time: 1.0000753 seconds
[2019-12-09T05:44:32.807+0000][1][safepoint    ] Entering safepoint region: Cleanup
[2019-12-09T05:44:32.807+0000][1][safepoint    ] Leaving safepoint region
[2019-12-09T05:44:32.807+0000][1][safepoint    ] Total time for which application threads were stopped: 0.0000663 seconds, Stopping threads took: 0.0000170 seconds
[2019-12-09T05:44:33.807+0000][1][safepoint    ] Application time: 1.0000757 seconds
[2019-12-09T05:44:33.807+0000][1][safepoint    ] Entering safepoint region: Cleanup
[2019-12-09T05:44:33.807+0000][1][safepoint    ] Leaving safepoint region
[2019-12-09T05:44:33.807+0000][1][safepoint    ] Total time for which application threads were stopped: 0.0000659 seconds, Stopping threads took: 0.0000176 seconds
[2019-12-09T05:44:34.807+0000][1][safepoint    ] Application time: 1.0000742 seconds
[2019-12-09T05:44:34.807+0000][1][safepoint    ] Entering safepoint region: Cleanup
[2019-12-09T05:44:34.807+0000][1][safepoint    ] Leaving safepoint region
[2019-12-09T05:44:34.807+0000][1][safepoint    ] Total time for which application threads were stopped: 0.0000818 seconds, Stopping threads took: 0.0000176 seconds
[2019-12-09T05:44:35.807+0000][1][safepoint    ] Application time: 1.0000762 seconds
[2019-12-09T05:44:35.807+0000][1][safepoint    ] Entering safepoint region: Cleanup
[2019-12-09T05:44:35.808+0000][1][safepoint    ] Leaving safepoint region
[2019-12-09T05:44:35.808+0000][1][safepoint    ] Total time for which application threads were stopped: 0.0000660 seconds, Stopping threads took: 0.0000172 seconds
[2019-12-09T05:44:36.808+0000][1][safepoint    ] Application time: 1.0000758 seconds
[2019-12-09T05:44:36.808+0000][1][safepoint    ] Entering safepoint region: Cleanup
[2019-12-09T05:44:36.808+0000][1][safepoint    ] Leaving safepoint region
[2019-12-09T05:44:36.808+0000][1][safepoint    ] Total time for which application threads were stopped: 0.0000756 seconds, Stopping threads took: 0.0000159 seconds
[2019-12-09T05:44:37.808+0000][1][safepoint    ] Application time: 1.0000761 seconds
[2019-12-09T05:44:37.808+0000][1][safepoint    ] Entering safepoint region: Cleanup
[2019-12-09T05:44:37.808+0000][1][safepoint    ] Leaving safepoint region
[2019-12-09T05:44:37.808+0000][1][safepoint    ] Total time for which application threads were stopped: 0.0000663 seconds, Stopping threads took: 0.0000179 seconds
[2019-12-09T05:44:38.808+0000][1][safepoint    ] Application time: 1.0000757 seconds
[2019-12-09T05:44:38.808+0000][1][safepoint    ] Entering safepoint region: Cleanup
[2019-12-09T05:44:38.808+0000][1][safepoint    ] Leaving safepoint region
[2019-12-09T05:44:38.808+0000][1][safepoint    ] Total time for which application threads were stopped: 0.0000657 seconds, Stopping threads took: 0.0000171 seconds
[2019-12-09T05:44:39.808+0000][1][safepoint    ] Application time: 1.0000743 seconds
[2019-12-09T05:44:39.808+0000][1][safepoint    ] Entering safepoint region: Cleanup
[2019-12-09T05:44:39.808+0000][1][safepoint    ] Leaving safepoint region
[2019-12-09T05:44:39.808+0000][1][safepoint    ] Total time for which application threads were stopped: 0.0000663 seconds, Stopping threads took: 0.0000169 seconds
[2019-12-09T05:44:40.808+0000][1][safepoint    ] Application time: 1.0000751 seconds
[2019-12-09T05:44:40.808+0000][1][safepoint    ] Entering safepoint region: Cleanup
[2019-12-09T05:44:40.808+0000][1][safepoint    ] Leaving safepoint region
[2019-12-09T05:44:40.808+0000][1][safepoint    ] Total time for which application threads were stopped: 0.0000663 seconds, Stopping threads took: 0.0000189 seconds
[2019-12-09T05:44:41.809+0000][1][safepoint    ] Application time: 1.0000798 seconds
[2019-12-09T05:44:41.809+0000][1][safepoint    ] Entering safepoint region: Cleanup
[2019-12-09T05:44:41.809+0000][1][safepoint    ] Leaving safepoint region
[2019-12-09T05:44:41.809+0000][1][safepoint    ] Total time for which application threads were stopped: 0.0000673 seconds, Stopping threads took: 0.0000176 seconds
[2019-12-09T05:44:42.809+0000][1][safepoint    ] Application time: 1.0000758 seconds
[2019-12-09T05:44:42.809+0000][1][safepoint    ] Entering safepoint region: Cleanup
[2019-12-09T05:44:42.809+0000][1][safepoint    ] Leaving safepoint region
[2019-12-09T05:44:42.809+0000][1][safepoint    ] Total time for which application threads were stopped: 0.0000661 seconds, Stopping threads took: 0.0000173 seconds
[2019-12-09T05:44:43.809+0000][1][safepoint    ] Application time: 1.0000767 seconds
[2019-12-09T05:44:43.809+0000][1][safepoint    ] Entering safepoint region: Cleanup
[2019-12-09T05:44:43.809+0000][1][safepoint    ] Leaving safepoint region
[2019-12-09T05:44:43.809+0000][1][safepoint    ] Total time for which application threads were stopped: 0.0000666 seconds, Stopping threads took: 0.0000166 seconds
[2019-12-09T05:44:44.809+0000][1][safepoint    ] Application time: 1.0000768 seconds
[2019-12-09T05:44:44.809+0000][1][safepoint    ] Entering safepoint region: Cleanup
[2019-12-09T05:44:44.809+0000][1][safepoint    ] Leaving safepoint region
[2019-12-09T05:44:44.809+0000][1][safepoint    ] Total time for which application threads were stopped: 0.0000676 seconds, Stopping threads took: 0.0000172 seconds
[2019-12-09T05:44:45.809+0000][1][safepoint    ] Application time: 1.0000754 seconds
[2019-12-09T05:44:45.809+0000][1][safepoint    ] Entering safepoint region: Cleanup
[2019-12-09T05:44:45.809+0000][1][safepoint    ] Leaving safepoint region
[2019-12-09T05:44:45.809+0000][1][safepoint    ] Total time for which application threads were stopped: 0.0000668 seconds, Stopping threads took: 0.0000174 seconds
[2019-12-09T05:44:46.809+0000][1][safepoint    ] Application time: 1.0000755 seconds
[2019-12-09T05:44:46.810+0000][1][safepoint    ] Entering safepoint region: Cleanup
[2019-12-09T05:44:46.810+0000][1][safepoint    ] Leaving safepoint region
[2019-12-09T05:44:46.810+0000][1][safepoint    ] Total time for which application threads were stopped: 0.0000674 seconds, Stopping threads took: 0.0000179 seconds
[2019-12-09T05:44:47.810+0000][1][safepoint    ] Application time: 1.0000774 seconds
[2019-12-09T05:44:47.810+0000][1][safepoint    ] Entering safepoint region: Cleanup
[2019-12-09T05:44:47.810+0000][1][safepoint    ] Leaving safepoint region
[2019-12-09T05:44:47.810+0000][1][safepoint    ] Total time for which application threads were stopped: 0.0000678 seconds, Stopping threads took: 0.0000167 seconds
[2019-12-09T05:44:48.810+0000][1][safepoint    ] Application time: 1.0000756 seconds
[2019-12-09T05:44:48.810+0000][1][safepoint    ] Entering safepoint region: Cleanup
[2019-12-09T05:44:48.810+0000][1][safepoint    ] Leaving safepoint region
[2019-12-09T05:44:48.810+0000][1][safepoint    ] Total time for which application threads were stopped: 0.0000652 seconds, Stopping threads took: 0.0000163 seconds
[2019-12-09T05:44:49.810+0000][1][safepoint    ] Application time: 1.0000760 seconds
[2019-12-09T05:44:49.810+0000][1][safepoint    ] Entering safepoint region: Cleanup
[2019-12-09T05:44:49.810+0000][1][safepoint    ] Leaving safepoint region
[2019-12-09T05:44:49.810+0000][1][safepoint    ] Total time for which application threads were stopped: 0.0000658 seconds, Stopping threads took: 0.0000166 seconds
[2019-12-09T05:44:50.810+0000][1][safepoint    ] Application time: 1.0000767 seconds
[2019-12-09T05:44:50.810+0000][1][safepoint    ] Entering safepoint region: Cleanup
[2019-12-09T05:44:50.810+0000][1][safepoint    ] Leaving safepoint region
[2019-12-09T05:44:50.810+0000][1][safepoint    ] Total time for which application threads were stopped: 0.0000652 seconds, Stopping threads took: 0.0000169 seconds
[2019-12-09T05:44:51.810+0000][1][safepoint    ] Application time: 1.0000776 seconds
[2019-12-09T05:44:51.810+0000][1][safepoint    ] Entering safepoint region: Cleanup
[2019-12-09T05:44:51.811+0000][1][safepoint    ] Leaving safepoint region
[2019-12-09T05:44:51.811+0000][1][safepoint    ] Total time for which application threads were stopped: 0.0000685 seconds, Stopping threads took: 0.0000175 seconds
[2019-12-09T05:44:52.811+0000][1][safepoint    ] Application time: 1.0000778 seconds
[2019-12-09T05:44:52.811+0000][1][safepoint    ] Entering safepoint region: Cleanup
[2019-12-09T05:44:52.811+0000][1][safepoint    ] Leaving safepoint region
[2019-12-09T05:44:52.811+0000][1][safepoint    ] Total time for which application threads were stopped: 0.0000799 seconds, Stopping threads took: 0.0000167 seconds
[2019-12-09T05:44:53.811+0000][1][safepoint    ] Application time: 1.0000750 seconds
[2019-12-09T05:44:53.811+0000][1][safepoint    ] Entering safepoint region: Cleanup
[2019-12-09T05:44:53.811+0000][1][safepoint    ] Leaving safepoint region
[2019-12-09T05:44:53.811+0000][1][safepoint    ] Total time for which application threads were stopped: 0.0000652 seconds, Stopping threads took: 0.0000162 seconds
[2019-12-09T05:44:54.811+0000][1][safepoint    ] Application time: 1.0000757 seconds
[2019-12-09T05:44:54.811+0000][1][safepoint    ] Entering safepoint region: Cleanup
[2019-12-09T05:44:54.811+0000][1][safepoint    ] Leaving safepoint region
[2019-12-09T05:44:54.811+0000][1][safepoint    ] Total time for which application threads were stopped: 0.0000667 seconds, Stopping threads took: 0.0000167 seconds
[2019-12-09T05:44:55.811+0000][1][safepoint    ] Application time: 1.0000751 seconds
[2019-12-09T05:44:55.811+0000][1][safepoint    ] Entering safepoint region: Cleanup
[2019-12-09T05:44:55.811+0000][1][safepoint    ] Leaving safepoint region
[2019-12-09T05:44:55.811+0000][1][safepoint    ] Total time for which application threads were stopped: 0.0000707 seconds, Stopping threads took: 0.0000171 seconds
[2019-12-09T05:44:56.811+0000][1][safepoint    ] Application time: 1.0000769 seconds
[2019-12-09T05:44:56.811+0000][1][safepoint    ] Entering safepoint region: Cleanup
[2019-12-09T05:44:56.811+0000][1][safepoint    ] Leaving safepoint region
[2019-12-09T05:44:56.811+0000][1][safepoint    ] Total time for which application threads were stopped: 0.0000688 seconds, Stopping threads took: 0.0000181 seconds
[2019-12-09T05:44:57.812+0000][1][safepoint    ] Application time: 1.0000777 seconds
[2019-12-09T05:44:57.812+0000][1][safepoint    ] Entering safepoint region: Cleanup
[2019-12-09T05:44:57.812+0000][1][safepoint    ] Leaving safepoint region
[2019-12-09T05:44:57.812+0000][1][safepoint    ] Total time for which application threads were stopped: 0.0000696 seconds, Stopping threads took: 0.0000169 seconds
[2019-12-09T05:44:58.812+0000][1][safepoint    ] Application time: 1.0000757 seconds
[2019-12-09T05:44:58.812+0000][1][safepoint    ] Entering safepoint region: Cleanup
[2019-12-09T05:44:58.812+0000][1][safepoint    ] Leaving safepoint region
[2019-12-09T05:44:58.812+0000][1][safepoint    ] Total time for which application threads were stopped: 0.0000668 seconds, Stopping threads took: 0.0000167 seconds
[2019-12-09T05:44:59.812+0000][1][safepoint    ] Application time: 1.0000769 seconds
[2019-12-09T05:44:59.812+0000][1][safepoint    ] Entering safepoint region: Cleanup
[2019-12-09T05:44:59.812+0000][1][safepoint    ] Leaving safepoint region
[2019-12-09T05:44:59.812+0000][1][safepoint    ] Total time for which application threads were stopped: 0.0000668 seconds, Stopping threads took: 0.0000178 seconds
[2019-12-09T05:45:00.812+0000][1][safepoint    ] Application time: 1.0000765 seconds
[2019-12-09T05:45:00.812+0000][1][safepoint    ] Entering safepoint region: Cleanup
[2019-12-09T05:45:00.812+0000][1][safepoint    ] Leaving safepoint region
[2019-12-09T05:45:00.812+0000][1][safepoint    ] Total time for which application threads were stopped: 0.0000681 seconds, Stopping threads took: 0.0000164 seconds
[2019-12-09T05:45:01.812+0000][1][safepoint    ] Application time: 1.0000771 seconds
[2019-12-09T05:45:01.812+0000][1][safepoint    ] Entering safepoint region: Cleanup
[2019-12-09T05:45:01.812+0000][1][safepoint    ] Leaving safepoint region
[2019-12-09T05:45:01.812+0000][1][safepoint    ] Total time for which application threads were stopped: 0.0000760 seconds, Stopping threads took: 0.0000249 seconds
[2019-12-09T05:45:02.813+0000][1][safepoint    ] Application time: 1.0000785 seconds
[2019-12-09T05:45:02.813+0000][1][safepoint    ] Entering safepoint region: Cleanup
[2019-12-09T05:45:02.813+0000][1][safepoint    ] Leaving safepoint region
[2019-12-09T05:45:02.813+0000][1][safepoint    ] Total time for which application threads were stopped: 0.0000645 seconds, Stopping threads took: 0.0000166 seconds
[2019-12-09T05:45:03.813+0000][1][safepoint    ] Application time: 1.0000753 seconds
[2019-12-09T05:45:03.813+0000][1][safepoint    ] Entering safepoint region: Cleanup
[2019-12-09T05:45:03.813+0000][1][safepoint    ] Leaving safepoint region
[2019-12-09T05:45:03.813+0000][1][safepoint    ] Total time for which application threads were stopped: 0.0000666 seconds, Stopping threads took: 0.0000171 seconds
[2019-12-09T05:45:04.813+0000][1][safepoint    ] Application time: 1.0000759 seconds
[2019-12-09T05:45:04.813+0000][1][safepoint    ] Entering safepoint region: Cleanup
[2019-12-09T05:45:04.813+0000][1][safepoint    ] Leaving safepoint region
[2019-12-09T05:45:04.813+0000][1][safepoint    ] Total time for which application threads were stopped: 0.0000654 seconds, Stopping threads took: 0.0000157 seconds
[2019-12-09T05:45:05.813+0000][1][safepoint    ] Application time: 1.0000768 seconds
[2019-12-09T05:45:05.813+0000][1][safepoint    ] Entering safepoint region: Cleanup
[2019-12-09T05:45:05.813+0000][1][safepoint    ] Leaving safepoint region
[2019-12-09T05:45:05.813+0000][1][safepoint    ] Total time for which application threads were stopped: 0.0000665 seconds, Stopping threads took: 0.0000169 seconds
[2019-12-09T05:45:06.813+0000][1][safepoint    ] Application time: 1.0000736 seconds
[2019-12-09T05:45:06.813+0000][1][safepoint    ] Entering safepoint region: Cleanup
[2019-12-09T05:45:06.813+0000][1][safepoint    ] Leaving safepoint region
[2019-12-09T05:45:06.813+0000][1][safepoint    ] Total time for which application threads were stopped: 0.0000681 seconds, Stopping threads took: 0.0000171 seconds
[2019-12-09T05:45:07.813+0000][1][safepoint    ] Application time: 1.0000747 seconds
[2019-12-09T05:45:07.814+0000][1][safepoint    ] Entering safepoint region: Cleanup
[2019-12-09T05:45:07.814+0000][1][safepoint    ] Leaving safepoint region
[2019-12-09T05:45:07.814+0000][1][safepoint    ] Total time for which application threads were stopped: 0.0000688 seconds, Stopping threads took: 0.0000181 seconds
[2019-12-09T05:45:08.599+0000][1][safepoint    ] Application time: 0.7852174 seconds
[2019-12-09T05:45:08.599+0000][1][safepoint    ] Entering safepoint region: GenCollectForAllocation
[2019-12-09T05:45:08.599+0000][1][gc,start     ] GC(80) Pause Young (Allocation Failure)
[2019-12-09T05:45:08.599+0000][1][gc,task      ] GC(80) Using 2 workers of 2 for evacuation
[2019-12-09T05:45:08.600+0000][1][gc,age       ] GC(80) Desired survivor size 4456448 bytes, new threshold 6 (max threshold 6)
[2019-12-09T05:45:08.600+0000][1][gc,age       ] GC(80) Age table with threshold 6 (max threshold 6)
[2019-12-09T05:45:08.600+0000][1][gc,age       ] GC(80) - age   1:       3112 bytes,       3112 total
[2019-12-09T05:45:08.600+0000][1][gc,heap      ] GC(80) ParNew: 69958K->6K(78656K)
[2019-12-09T05:45:08.600+0000][1][gc,heap      ] GC(80) CMS: 69363K->69363K(174784K)
[2019-12-09T05:45:08.600+0000][1][gc,metaspace ] GC(80) Metaspace: 68455K->68455K(1112064K)
[2019-12-09T05:45:08.600+0000][1][gc           ] GC(80) Pause Young (Allocation Failure) 136M->67M(247M) 1.335ms
[2019-12-09T05:45:08.600+0000][1][gc,cpu       ] GC(80) User=0.00s Sys=0.00s Real=0.00s
[2019-12-09T05:45:08.600+0000][1][safepoint    ] Leaving safepoint region
[2019-12-09T05:45:08.600+0000][1][safepoint    ] Total time for which application threads were stopped: 0.0014690 seconds, Stopping threads took: 0.0000177 seconds
[2019-12-09T05:45:09.600+0000][1][safepoint    ] Application time: 1.0000881 seconds
[2019-12-09T05:45:09.600+0000][1][safepoint    ] Entering safepoint region: Cleanup
[2019-12-09T05:45:09.600+0000][1][safepoint    ] Leaving safepoint region
[2019-12-09T05:45:09.600+0000][1][safepoint    ] Total time for which application threads were stopped: 0.0000679 seconds, Stopping threads took: 0.0000171 seconds
[2019-12-09T05:45:10.601+0000][1][safepoint    ] Application time: 1.0000759 seconds
[2019-12-09T05:45:10.601+0000][1][safepoint    ] Entering safepoint region: Cleanup
[2019-12-09T05:45:10.601+0000][1][safepoint    ] Leaving safepoint region
[2019-12-09T05:45:10.601+0000][1][safepoint    ] Total time for which application threads were stopped: 0.0000754 seconds, Stopping threads took: 0.0000170 seconds
[2019-12-09T05:45:11.601+0000][1][safepoint    ] Application time: 1.0000763 seconds
[2019-12-09T05:45:11.601+0000][1][safepoint    ] Entering safepoint region: Cleanup
[2019-12-09T05:45:11.601+0000][1][safepoint    ] Leaving safepoint region
[2019-12-09T05:45:11.601+0000][1][safepoint    ] Total time for which application threads were stopped: 0.0000680 seconds, Stopping threads took: 0.0000193 seconds
[2019-12-09T05:45:12.601+0000][1][safepoint    ] Application time: 1.0000744 seconds
[2019-12-09T05:45:12.601+0000][1][safepoint    ] Entering safepoint region: Cleanup
[2019-12-09T05:45:12.601+0000][1][safepoint    ] Leaving safepoint region
[2019-12-09T05:45:12.601+0000][1][safepoint    ] Total time for which application threads were stopped: 0.0000658 seconds, Stopping threads took: 0.0000166 seconds
[2019-12-09T05:45:13.601+0000][1][safepoint    ] Application time: 1.0000818 seconds
[2019-12-09T05:45:13.601+0000][1][safepoint    ] Entering safepoint region: Cleanup
[2019-12-09T05:45:13.601+0000][1][safepoint    ] Leaving safepoint region
[2019-12-09T05:45:13.601+0000][1][safepoint    ] Total time for which application threads were stopped: 0.0001024 seconds, Stopping threads took: 0.0000478 seconds
[2019-12-09T05:45:14.601+0000][1][safepoint    ] Application time: 1.0000824 seconds
[2019-12-09T05:45:14.601+0000][1][safepoint    ] Entering safepoint region: Cleanup
[2019-12-09T05:45:14.601+0000][1][safepoint    ] Leaving safepoint region
[2019-12-09T05:45:14.601+0000][1][safepoint    ] Total time for which application threads were stopped: 0.0000653 seconds, Stopping threads took: 0.0000170 seconds
[2019-12-09T05:45:15.602+0000][1][safepoint    ] Application time: 1.0000770 seconds
[2019-12-09T05:45:15.602+0000][1][safepoint    ] Entering safepoint region: Cleanup
[2019-12-09T05:45:15.602+0000][1][safepoint    ] Leaving safepoint region
[2019-12-09T05:45:15.602+0000][1][safepoint    ] Total time for which application threads were stopped: 0.0000795 seconds, Stopping threads took: 0.0000174 seconds
[2019-12-09T05:45:16.602+0000][1][safepoint    ] Application time: 1.0000764 seconds
[2019-12-09T05:45:16.602+0000][1][safepoint    ] Entering safepoint region: Cleanup
[2019-12-09T05:45:16.602+0000][1][safepoint    ] Leaving safepoint region
[2019-12-09T05:45:16.602+0000][1][safepoint    ] Total time for which application threads were stopped: 0.0000784 seconds, Stopping threads took: 0.0000193 seconds
[2019-12-09T05:45:17.602+0000][1][safepoint    ] Application time: 1.0000747 seconds
[2019-12-09T05:45:17.602+0000][1][safepoint    ] Entering safepoint region: Cleanup
[2019-12-09T05:45:17.602+0000][1][safepoint    ] Leaving safepoint region
[2019-12-09T05:45:17.602+0000][1][safepoint    ] Total time for which application threads were stopped: 0.0000683 seconds, Stopping threads took: 0.0000169 seconds
[2019-12-09T05:45:18.602+0000][1][safepoint    ] Application time: 1.0000766 seconds
[2019-12-09T05:45:18.602+0000][1][safepoint    ] Entering safepoint region: Cleanup
[2019-12-09T05:45:18.602+0000][1][safepoint    ] Leaving safepoint region
[2019-12-09T05:45:18.602+0000][1][safepoint    ] Total time for which application threads were stopped: 0.0000643 seconds, Stopping threads took: 0.0000156 seconds
[2019-12-09T05:45:19.602+0000][1][safepoint    ] Application time: 1.0000756 seconds
[2019-12-09T05:45:19.602+0000][1][safepoint    ] Entering safepoint region: Cleanup
[2019-12-09T05:45:19.602+0000][1][safepoint    ] Leaving safepoint region
[2019-12-09T05:45:19.602+0000][1][safepoint    ] Total time for which application threads were stopped: 0.0000680 seconds, Stopping threads took: 0.0000171 seconds
[2019-12-09T05:45:20.603+0000][1][safepoint    ] Application time: 1.0000754 seconds
[2019-12-09T05:45:20.603+0000][1][safepoint    ] Entering safepoint region: Cleanup
[2019-12-09T05:45:20.603+0000][1][safepoint    ] Leaving safepoint region
[2019-12-09T05:45:20.603+0000][1][safepoint    ] Total time for which application threads were stopped: 0.0000658 seconds, Stopping threads took: 0.0000170 seconds
[2019-12-09T05:45:21.603+0000][1][safepoint    ] Application time: 1.0000778 seconds
[2019-12-09T05:45:21.603+0000][1][safepoint    ] Entering safepoint region: Cleanup
[2019-12-09T05:45:21.603+0000][1][safepoint    ] Leaving safepoint region
[2019-12-09T05:45:21.603+0000][1][safepoint    ] Total time for which application threads were stopped: 0.0000677 seconds, Stopping threads took: 0.0000179 seconds
[2019-12-09T05:45:22.603+0000][1][safepoint    ] Application time: 1.0000773 seconds
[2019-12-09T05:45:22.603+0000][1][safepoint    ] Entering safepoint region: Cleanup
[2019-12-09T05:45:22.603+0000][1][safepoint    ] Leaving safepoint region
[2019-12-09T05:45:22.603+0000][1][safepoint    ] Total time for which application threads were stopped: 0.0000678 seconds, Stopping threads took: 0.0000161 seconds
[2019-12-09T05:45:23.603+0000][1][safepoint    ] Application time: 1.0000757 seconds
[2019-12-09T05:45:23.603+0000][1][safepoint    ] Entering safepoint region: Cleanup
[2019-12-09T05:45:23.603+0000][1][safepoint    ] Leaving safepoint region
[2019-12-09T05:45:23.603+0000][1][safepoint    ] Total time for which application threads were stopped: 0.0000627 seconds, Stopping threads took: 0.0000158 seconds
[2019-12-09T05:45:24.603+0000][1][safepoint    ] Application time: 1.0000758 seconds
[2019-12-09T05:45:24.603+0000][1][safepoint    ] Entering safepoint region: Cleanup
[2019-12-09T05:45:24.603+0000][1][safepoint    ] Leaving safepoint region
[2019-12-09T05:45:24.603+0000][1][safepoint    ] Total time for which application threads were stopped: 0.0000662 seconds, Stopping threads took: 0.0000165 seconds
[2019-12-09T05:45:25.603+0000][1][safepoint    ] Application time: 1.0000769 seconds
[2019-12-09T05:45:25.604+0000][1][safepoint    ] Entering safepoint region: Cleanup
[2019-12-09T05:45:25.604+0000][1][safepoint    ] Leaving safepoint region
[2019-12-09T05:45:25.604+0000][1][safepoint    ] Total time for which application threads were stopped: 0.0000661 seconds, Stopping threads took: 0.0000178 seconds
[2019-12-09T05:45:26.604+0000][1][safepoint    ] Application time: 1.0000753 seconds
[2019-12-09T05:45:26.604+0000][1][safepoint    ] Entering safepoint region: Cleanup
[2019-12-09T05:45:26.604+0000][1][safepoint    ] Leaving safepoint region
[2019-12-09T05:45:26.604+0000][1][safepoint    ] Total time for which application threads were stopped: 0.0000690 seconds, Stopping threads took: 0.0000188 seconds
[2019-12-09T05:45:27.604+0000][1][safepoint    ] Application time: 1.0000774 seconds
[2019-12-09T05:45:27.604+0000][1][safepoint    ] Entering safepoint region: Cleanup
[2019-12-09T05:45:27.604+0000][1][safepoint    ] Leaving safepoint region
[2019-12-09T05:45:27.604+0000][1][safepoint    ] Total time for which application threads were stopped: 0.0000665 seconds, Stopping threads took: 0.0000168 seconds
[2019-12-09T05:45:28.604+0000][1][safepoint    ] Application time: 1.0000755 seconds
[2019-12-09T05:45:28.604+0000][1][safepoint    ] Entering safepoint region: Cleanup
[2019-12-09T05:45:28.604+0000][1][safepoint    ] Leaving safepoint region
[2019-12-09T05:45:28.604+0000][1][safepoint    ] Total time for which application threads were stopped: 0.0000620 seconds, Stopping threads took: 0.0000155 seconds
[2019-12-09T05:45:29.604+0000][1][safepoint    ] Application time: 1.0000762 seconds
[2019-12-09T05:45:29.604+0000][1][safepoint    ] Entering safepoint region: Cleanup
[2019-12-09T05:45:29.604+0000][1][safepoint    ] Leaving safepoint region
[2019-12-09T05:45:29.604+0000][1][safepoint    ] Total time for which application threads were stopped: 0.0000637 seconds, Stopping threads took: 0.0000166 seconds
[2019-12-09T05:45:30.604+0000][1][safepoint    ] Application time: 1.0000763 seconds
[2019-12-09T05:45:30.604+0000][1][safepoint    ] Entering safepoint region: Cleanup
[2019-12-09T05:45:30.604+0000][1][safepoint    ] Leaving safepoint region
[2019-12-09T05:45:30.605+0000][1][safepoint    ] Total time for which application threads were stopped: 0.0000687 seconds, Stopping threads took: 0.0000195 seconds
[2019-12-09T05:45:31.605+0000][1][safepoint    ] Application time: 1.0000751 seconds
[2019-12-09T05:45:31.605+0000][1][safepoint    ] Entering safepoint region: Cleanup
[2019-12-09T05:45:31.605+0000][1][safepoint    ] Leaving safepoint region
[2019-12-09T05:45:31.605+0000][1][safepoint    ] Total time for which application threads were stopped: 0.0000846 seconds, Stopping threads took: 0.0000249 seconds
[2019-12-09T05:45:32.605+0000][1][safepoint    ] Application time: 1.0000758 seconds
[2019-12-09T05:45:32.605+0000][1][safepoint    ] Entering safepoint region: Cleanup
[2019-12-09T05:45:32.605+0000][1][safepoint    ] Leaving safepoint region
[2019-12-09T05:45:32.605+0000][1][safepoint    ] Total time for which application threads were stopped: 0.0000674 seconds, Stopping threads took: 0.0000173 seconds
[2019-12-09T05:45:33.605+0000][1][safepoint    ] Application time: 1.0000776 seconds
[2019-12-09T05:45:33.605+0000][1][safepoint    ] Entering safepoint region: Cleanup
[2019-12-09T05:45:33.605+0000][1][safepoint    ] Leaving safepoint region
[2019-12-09T05:45:33.605+0000][1][safepoint    ] Total time for which application threads were stopped: 0.0000619 seconds, Stopping threads took: 0.0000147 seconds
[2019-12-09T05:45:34.605+0000][1][safepoint    ] Application time: 1.0000763 seconds
[2019-12-09T05:45:34.605+0000][1][safepoint    ] Entering safepoint region: Cleanup
[2019-12-09T05:45:34.605+0000][1][safepoint    ] Leaving safepoint region
[2019-12-09T05:45:34.605+0000][1][safepoint    ] Total time for which application threads were stopped: 0.0000650 seconds, Stopping threads took: 0.0000167 seconds
[2019-12-09T05:45:35.605+0000][1][safepoint    ] Application time: 1.0000746 seconds
[2019-12-09T05:45:35.605+0000][1][safepoint    ] Entering safepoint region: Cleanup
[2019-12-09T05:45:35.605+0000][1][safepoint    ] Leaving safepoint region
[2019-12-09T05:45:35.605+0000][1][safepoint    ] Total time for which application threads were stopped: 0.0000636 seconds, Stopping threads took: 0.0000171 seconds
[2019-12-09T05:45:36.606+0000][1][safepoint    ] Application time: 1.0000768 seconds
[2019-12-09T05:45:36.606+0000][1][safepoint    ] Entering safepoint region: Cleanup
[2019-12-09T05:45:36.606+0000][1][safepoint    ] Leaving safepoint region
[2019-12-09T05:45:36.606+0000][1][safepoint    ] Total time for which application threads were stopped: 0.0000685 seconds, Stopping threads took: 0.0000172 seconds
[2019-12-09T05:45:37.606+0000][1][safepoint    ] Application time: 1.0000754 seconds
[2019-12-09T05:45:37.606+0000][1][safepoint    ] Entering safepoint region: Cleanup
[2019-12-09T05:45:37.606+0000][1][safepoint    ] Leaving safepoint region
[2019-12-09T05:45:37.606+0000][1][safepoint    ] Total time for which application threads were stopped: 0.0000658 seconds, Stopping threads took: 0.0000159 seconds
[2019-12-09T05:45:38.606+0000][1][safepoint    ] Application time: 1.0000760 seconds
[2019-12-09T05:45:38.606+0000][1][safepoint    ] Entering safepoint region: Cleanup
[2019-12-09T05:45:38.606+0000][1][safepoint    ] Leaving safepoint region
[2019-12-09T05:45:38.606+0000][1][safepoint    ] Total time for which application threads were stopped: 0.0000650 seconds, Stopping threads took: 0.0000173 seconds
[2019-12-09T05:45:39.606+0000][1][safepoint    ] Application time: 1.0000762 seconds
[2019-12-09T05:45:39.606+0000][1][safepoint    ] Entering safepoint region: Cleanup
[2019-12-09T05:45:39.606+0000][1][safepoint    ] Leaving safepoint region
[2019-12-09T05:45:39.606+0000][1][safepoint    ] Total time for which application threads were stopped: 0.0000629 seconds, Stopping threads took: 0.0000162 seconds
[2019-12-09T05:45:40.606+0000][1][safepoint    ] Application time: 1.0000756 seconds
[2019-12-09T05:45:40.606+0000][1][safepoint    ] Entering safepoint region: Cleanup
[2019-12-09T05:45:40.606+0000][1][safepoint    ] Leaving safepoint region
[2019-12-09T05:45:40.606+0000][1][safepoint    ] Total time for which application threads were stopped: 0.0000623 seconds, Stopping threads took: 0.0000160 seconds
[2019-12-09T05:45:41.606+0000][1][safepoint    ] Application time: 1.0000759 seconds
[2019-12-09T05:45:41.606+0000][1][safepoint    ] Entering safepoint region: Cleanup
[2019-12-09T05:45:41.607+0000][1][safepoint    ] Leaving safepoint region
[2019-12-09T05:45:41.607+0000][1][safepoint    ] Total time for which application threads were stopped: 0.0000704 seconds, Stopping threads took: 0.0000181 seconds
[2019-12-09T05:45:42.607+0000][1][safepoint    ] Application time: 1.0000771 seconds
[2019-12-09T05:45:42.607+0000][1][safepoint    ] Entering safepoint region: Cleanup
[2019-12-09T05:45:42.607+0000][1][safepoint    ] Leaving safepoint region
[2019-12-09T05:45:42.607+0000][1][safepoint    ] Total time for which application threads were stopped: 0.0000782 seconds, Stopping threads took: 0.0000161 seconds
[2019-12-09T05:45:43.607+0000][1][safepoint    ] Application time: 1.0000824 seconds
[2019-12-09T05:45:43.607+0000][1][safepoint    ] Entering safepoint region: Cleanup
[2019-12-09T05:45:43.607+0000][1][safepoint    ] Leaving safepoint region
[2019-12-09T05:45:43.607+0000][1][safepoint    ] Total time for which application threads were stopped: 0.0000984 seconds, Stopping threads took: 0.0000224 seconds
[2019-12-09T05:45:44.607+0000][1][safepoint    ] Application time: 1.0000806 seconds
[2019-12-09T05:45:44.607+0000][1][safepoint    ] Entering safepoint region: Cleanup
[2019-12-09T05:45:44.607+0000][1][safepoint    ] Leaving safepoint region
[2019-12-09T05:45:44.607+0000][1][safepoint    ] Total time for which application threads were stopped: 0.0000667 seconds, Stopping threads took: 0.0000179 seconds
[2019-12-09T05:45:45.607+0000][1][safepoint    ] Application time: 1.0000760 seconds
[2019-12-09T05:45:45.607+0000][1][safepoint    ] Entering safepoint region: Cleanup
[2019-12-09T05:45:45.607+0000][1][safepoint    ] Leaving safepoint region
[2019-12-09T05:45:45.607+0000][1][safepoint    ] Total time for which application threads were stopped: 0.0000646 seconds, Stopping threads took: 0.0000161 seconds
[2019-12-09T05:45:46.607+0000][1][safepoint    ] Application time: 1.0000804 seconds
[2019-12-09T05:45:46.607+0000][1][safepoint    ] Entering safepoint region: Cleanup
[2019-12-09T05:45:46.608+0000][1][safepoint    ] Leaving safepoint region
[2019-12-09T05:45:46.608+0000][1][safepoint    ] Total time for which application threads were stopped: 0.0000647 seconds, Stopping threads took: 0.0000166 seconds
[2019-12-09T05:45:47.608+0000][1][safepoint    ] Application time: 1.0000743 seconds
[2019-12-09T05:45:47.608+0000][1][safepoint    ] Entering safepoint region: Cleanup
[2019-12-09T05:45:47.608+0000][1][safepoint    ] Leaving safepoint region
[2019-12-09T05:45:47.608+0000][1][safepoint    ] Total time for which application threads were stopped: 0.0000751 seconds, Stopping threads took: 0.0000253 seconds
[2019-12-09T05:45:48.608+0000][1][safepoint    ] Application time: 1.0000771 seconds
[2019-12-09T05:45:48.608+0000][1][safepoint    ] Entering safepoint region: Cleanup
[2019-12-09T05:45:48.608+0000][1][safepoint    ] Leaving safepoint region
[2019-12-09T05:45:48.608+0000][1][safepoint    ] Total time for which application threads were stopped: 0.0000703 seconds, Stopping threads took: 0.0000204 seconds
[2019-12-09T05:45:49.608+0000][1][safepoint    ] Application time: 1.0000772 seconds
[2019-12-09T05:45:49.608+0000][1][safepoint    ] Entering safepoint region: Cleanup
[2019-12-09T05:45:49.608+0000][1][safepoint    ] Leaving safepoint region
[2019-12-09T05:45:49.608+0000][1][safepoint    ] Total time for which application threads were stopped: 0.0000666 seconds, Stopping threads took: 0.0000181 seconds
[2019-12-09T05:45:50.608+0000][1][safepoint    ] Application time: 1.0000759 seconds
[2019-12-09T05:45:50.608+0000][1][safepoint    ] Entering safepoint region: Cleanup
[2019-12-09T05:45:50.608+0000][1][safepoint    ] Leaving safepoint region
[2019-12-09T05:45:50.608+0000][1][safepoint    ] Total time for which application threads were stopped: 0.0000706 seconds, Stopping threads took: 0.0000193 seconds
[2019-12-09T05:45:51.608+0000][1][safepoint    ] Application time: 1.0000773 seconds
[2019-12-09T05:45:51.608+0000][1][safepoint    ] Entering safepoint region: Cleanup
[2019-12-09T05:45:51.608+0000][1][safepoint    ] Leaving safepoint region
[2019-12-09T05:45:51.608+0000][1][safepoint    ] Total time for which application threads were stopped: 0.0000662 seconds, Stopping threads took: 0.0000166 seconds
[2019-12-09T05:45:52.609+0000][1][safepoint    ] Application time: 1.0000757 seconds
[2019-12-09T05:45:52.609+0000][1][safepoint    ] Entering safepoint region: Cleanup
[2019-12-09T05:45:52.609+0000][1][safepoint    ] Leaving safepoint region
[2019-12-09T05:45:52.609+0000][1][safepoint    ] Total time for which application threads were stopped: 0.0000740 seconds, Stopping threads took: 0.0000167 seconds
[2019-12-09T05:45:53.609+0000][1][safepoint    ] Application time: 1.0000746 seconds
[2019-12-09T05:45:53.609+0000][1][safepoint    ] Entering safepoint region: Cleanup
[2019-12-09T05:45:53.609+0000][1][safepoint    ] Leaving safepoint region
[2019-12-09T05:45:53.609+0000][1][safepoint    ] Total time for which application threads were stopped: 0.0000648 seconds, Stopping threads took: 0.0000174 seconds
[2019-12-09T05:45:54.609+0000][1][safepoint    ] Application time: 1.0000791 seconds
[2019-12-09T05:45:54.609+0000][1][safepoint    ] Entering safepoint region: Cleanup
[2019-12-09T05:45:54.609+0000][1][safepoint    ] Leaving safepoint region
[2019-12-09T05:45:54.609+0000][1][safepoint    ] Total time for which application threads were stopped: 0.0000659 seconds, Stopping threads took: 0.0000165 seconds
[2019-12-09T05:45:55.609+0000][1][safepoint    ] Application time: 1.0000810 seconds
[2019-12-09T05:45:55.609+0000][1][safepoint    ] Entering safepoint region: Cleanup
[2019-12-09T05:45:55.609+0000][1][safepoint    ] Leaving safepoint region
[2019-12-09T05:45:55.609+0000][1][safepoint    ] Total time for which application threads were stopped: 0.0000666 seconds, Stopping threads took: 0.0000173 seconds
[2019-12-09T05:45:56.609+0000][1][safepoint    ] Application time: 1.0000758 seconds
[2019-12-09T05:45:56.609+0000][1][safepoint    ] Entering safepoint region: Cleanup
[2019-12-09T05:45:56.609+0000][1][safepoint    ] Leaving safepoint region
[2019-12-09T05:45:56.609+0000][1][safepoint    ] Total time for which application threads were stopped: 0.0000691 seconds, Stopping threads took: 0.0000183 seconds
[2019-12-09T05:45:57.610+0000][1][safepoint    ] Application time: 1.0000793 seconds
[2019-12-09T05:45:57.610+0000][1][safepoint    ] Entering safepoint region: Cleanup
[2019-12-09T05:45:57.610+0000][1][safepoint    ] Leaving safepoint region
[2019-12-09T05:45:57.610+0000][1][safepoint    ] Total time for which application threads were stopped: 0.0000689 seconds, Stopping threads took: 0.0000191 seconds
[2019-12-09T05:45:58.610+0000][1][safepoint    ] Application time: 1.0000783 seconds
[2019-12-09T05:45:58.610+0000][1][safepoint    ] Entering safepoint region: Cleanup
[2019-12-09T05:45:58.610+0000][1][safepoint    ] Leaving safepoint region
[2019-12-09T05:45:58.610+0000][1][safepoint    ] Total time for which application threads were stopped: 0.0000656 seconds, Stopping threads took: 0.0000166 seconds
[2019-12-09T05:45:59.610+0000][1][safepoint    ] Application time: 1.0000750 seconds
[2019-12-09T05:45:59.610+0000][1][safepoint    ] Entering safepoint region: Cleanup
[2019-12-09T05:45:59.610+0000][1][safepoint    ] Leaving safepoint region
[2019-12-09T05:45:59.610+0000][1][safepoint    ] Total time for which application threads were stopped: 0.0000660 seconds, Stopping threads took: 0.0000168 seconds
[2019-12-09T05:46:00.610+0000][1][safepoint    ] Application time: 1.0000779 seconds
[2019-12-09T05:46:00.610+0000][1][safepoint    ] Entering safepoint region: Cleanup
[2019-12-09T05:46:00.610+0000][1][safepoint    ] Leaving safepoint region
[2019-12-09T05:46:00.610+0000][1][safepoint    ] Total time for which application threads were stopped: 0.0000656 seconds, Stopping threads took: 0.0000169 seconds
[2019-12-09T05:46:01.610+0000][1][safepoint    ] Application time: 1.0000751 seconds
[2019-12-09T05:46:01.610+0000][1][safepoint    ] Entering safepoint region: Cleanup
[2019-12-09T05:46:01.610+0000][1][safepoint    ] Leaving safepoint region
[2019-12-09T05:46:01.610+0000][1][safepoint    ] Total time for which application threads were stopped: 0.0000788 seconds, Stopping threads took: 0.0000267 seconds
[2019-12-09T05:46:02.610+0000][1][safepoint    ] Application time: 1.0000820 seconds
[2019-12-09T05:46:02.611+0000][1][safepoint    ] Entering safepoint region: Cleanup
[2019-12-09T05:46:02.611+0000][1][safepoint    ] Leaving safepoint region
[2019-12-09T05:46:02.611+0000][1][safepoint    ] Total time for which application threads were stopped: 0.0000692 seconds, Stopping threads took: 0.0000193 seconds
[2019-12-09T05:46:03.611+0000][1][safepoint    ] Application time: 1.0001061 seconds
[2019-12-09T05:46:03.611+0000][1][safepoint    ] Entering safepoint region: Cleanup
[2019-12-09T05:46:03.611+0000][1][safepoint    ] Leaving safepoint region
[2019-12-09T05:46:03.611+0000][1][safepoint    ] Total time for which application threads were stopped: 0.0000927 seconds, Stopping threads took: 0.0000235 seconds
[2019-12-09T05:46:04.611+0000][1][safepoint    ] Application time: 1.0000763 seconds
[2019-12-09T05:46:04.611+0000][1][safepoint    ] Entering safepoint region: Cleanup
[2019-12-09T05:46:04.611+0000][1][safepoint    ] Leaving safepoint region
[2019-12-09T05:46:04.611+0000][1][safepoint    ] Total time for which application threads were stopped: 0.0000669 seconds, Stopping threads took: 0.0000170 seconds
[2019-12-09T05:46:05.611+0000][1][safepoint    ] Application time: 1.0000761 seconds
[2019-12-09T05:46:05.611+0000][1][safepoint    ] Entering safepoint region: Cleanup
[2019-12-09T05:46:05.611+0000][1][safepoint    ] Leaving safepoint region
[2019-12-09T05:46:05.611+0000][1][safepoint    ] Total time for which application threads were stopped: 0.0000687 seconds, Stopping threads took: 0.0000193 seconds
[2019-12-09T05:46:06.611+0000][1][safepoint    ] Application time: 1.0000818 seconds
[2019-12-09T05:46:06.611+0000][1][safepoint    ] Entering safepoint region: Cleanup
[2019-12-09T05:46:06.611+0000][1][safepoint    ] Leaving safepoint region
[2019-12-09T05:46:06.611+0000][1][safepoint    ] Total time for which application threads were stopped: 0.0000853 seconds, Stopping threads took: 0.0000207 seconds
[2019-12-09T05:46:07.612+0000][1][safepoint    ] Application time: 1.0000753 seconds
[2019-12-09T05:46:07.612+0000][1][safepoint    ] Entering safepoint region: Cleanup
[2019-12-09T05:46:07.612+0000][1][safepoint    ] Leaving safepoint region
[2019-12-09T05:46:07.612+0000][1][safepoint    ] Total time for which application threads were stopped: 0.0000663 seconds, Stopping threads took: 0.0000166 seconds
[2019-12-09T05:46:08.612+0000][1][safepoint    ] Application time: 1.0000754 seconds
[2019-12-09T05:46:08.612+0000][1][safepoint    ] Entering safepoint region: Cleanup
[2019-12-09T05:46:08.612+0000][1][safepoint    ] Leaving safepoint region
[2019-12-09T05:46:08.612+0000][1][safepoint    ] Total time for which application threads were stopped: 0.0000675 seconds, Stopping threads took: 0.0000166 seconds
[2019-12-09T05:46:09.612+0000][1][safepoint    ] Application time: 1.0000757 seconds
[2019-12-09T05:46:09.612+0000][1][safepoint    ] Entering safepoint region: Cleanup
[2019-12-09T05:46:09.612+0000][1][safepoint    ] Leaving safepoint region
[2019-12-09T05:46:09.612+0000][1][safepoint    ] Total time for which application threads were stopped: 0.0000659 seconds, Stopping threads took: 0.0000165 seconds
[2019-12-09T05:46:10.612+0000][1][safepoint    ] Application time: 1.0000778 seconds
[2019-12-09T05:46:10.612+0000][1][safepoint    ] Entering safepoint region: Cleanup
[2019-12-09T05:46:10.612+0000][1][safepoint    ] Leaving safepoint region
[2019-12-09T05:46:10.612+0000][1][safepoint    ] Total time for which application threads were stopped: 0.0000658 seconds, Stopping threads took: 0.0000166 seconds
[2019-12-09T05:46:11.612+0000][1][safepoint    ] Application time: 1.0000772 seconds
[2019-12-09T05:46:11.612+0000][1][safepoint    ] Entering safepoint region: Cleanup
[2019-12-09T05:46:11.612+0000][1][safepoint    ] Leaving safepoint region
[2019-12-09T05:46:11.612+0000][1][safepoint    ] Total time for which application threads were stopped: 0.0000667 seconds, Stopping threads took: 0.0000167 seconds
[2019-12-09T05:46:12.612+0000][1][safepoint    ] Application time: 1.0000752 seconds
[2019-12-09T05:46:12.613+0000][1][safepoint    ] Entering safepoint region: Cleanup
[2019-12-09T05:46:12.613+0000][1][safepoint    ] Leaving safepoint region
[2019-12-09T05:46:12.613+0000][1][safepoint    ] Total time for which application threads were stopped: 0.0000691 seconds, Stopping threads took: 0.0000170 seconds
[2019-12-09T05:46:13.613+0000][1][safepoint    ] Application time: 1.0000757 seconds
[2019-12-09T05:46:13.613+0000][1][safepoint    ] Entering safepoint region: Cleanup
[2019-12-09T05:46:13.613+0000][1][safepoint    ] Leaving safepoint region
[2019-12-09T05:46:13.613+0000][1][safepoint    ] Total time for which application threads were stopped: 0.0000672 seconds, Stopping threads took: 0.0000173 seconds
[2019-12-09T05:46:14.613+0000][1][safepoint    ] Application time: 1.0000760 seconds
[2019-12-09T05:46:14.613+0000][1][safepoint    ] Entering safepoint region: Cleanup
[2019-12-09T05:46:14.613+0000][1][safepoint    ] Leaving safepoint region
[2019-12-09T05:46:14.613+0000][1][safepoint    ] Total time for which application threads were stopped: 0.0000653 seconds, Stopping threads took: 0.0000168 seconds
[2019-12-09T05:46:15.613+0000][1][safepoint    ] Application time: 1.0000815 seconds
[2019-12-09T05:46:15.613+0000][1][safepoint    ] Entering safepoint region: Cleanup
[2019-12-09T05:46:15.613+0000][1][safepoint    ] Leaving safepoint region
[2019-12-09T05:46:15.613+0000][1][safepoint    ] Total time for which application threads were stopped: 0.0000693 seconds, Stopping threads took: 0.0000182 seconds
[2019-12-09T05:46:17.216+0000][1][safepoint    ] Application time: 1.6030319 seconds
[2019-12-09T05:46:17.216+0000][1][safepoint    ] Entering safepoint region: Cleanup
[2019-12-09T05:46:17.216+0000][1][safepoint    ] Leaving safepoint region
[2019-12-09T05:46:17.216+0000][1][safepoint    ] Total time for which application threads were stopped: 0.0000584 seconds, Stopping threads took: 0.0000147 seconds
[2019-12-09T05:46:18.216+0000][1][safepoint    ] Application time: 1.0000774 seconds
[2019-12-09T05:46:18.216+0000][1][safepoint    ] Entering safepoint region: Cleanup
[2019-12-09T05:46:18.216+0000][1][safepoint    ] Leaving safepoint region
[2019-12-09T05:46:18.216+0000][1][safepoint    ] Total time for which application threads were stopped: 0.0000621 seconds, Stopping threads took: 0.0000159 seconds
[2019-12-09T05:46:19.217+0000][1][safepoint    ] Application time: 1.0000753 seconds
[2019-12-09T05:46:19.217+0000][1][safepoint    ] Entering safepoint region: Cleanup
[2019-12-09T05:46:19.217+0000][1][safepoint    ] Leaving safepoint region
[2019-12-09T05:46:19.217+0000][1][safepoint    ] Total time for which application threads were stopped: 0.0000613 seconds, Stopping threads took: 0.0000147 seconds
[2019-12-09T05:46:20.217+0000][1][safepoint    ] Application time: 1.0000750 seconds
[2019-12-09T05:46:20.217+0000][1][safepoint    ] Entering safepoint region: Cleanup
[2019-12-09T05:46:20.217+0000][1][safepoint    ] Leaving safepoint region
[2019-12-09T05:46:20.217+0000][1][safepoint    ] Total time for which application threads were stopped: 0.0000595 seconds, Stopping threads took: 0.0000155 seconds
[2019-12-09T05:46:21.217+0000][1][safepoint    ] Application time: 1.0000729 seconds
[2019-12-09T05:46:21.217+0000][1][safepoint    ] Entering safepoint region: Cleanup
[2019-12-09T05:46:21.217+0000][1][safepoint    ] Leaving safepoint region
[2019-12-09T05:46:21.217+0000][1][safepoint    ] Total time for which application threads were stopped: 0.0000602 seconds, Stopping threads took: 0.0000156 seconds
[2019-12-09T05:46:22.217+0000][1][safepoint    ] Application time: 1.0000749 seconds
[2019-12-09T05:46:22.217+0000][1][safepoint    ] Entering safepoint region: Cleanup
[2019-12-09T05:46:22.217+0000][1][safepoint    ] Leaving safepoint region
[2019-12-09T05:46:22.217+0000][1][safepoint    ] Total time for which application threads were stopped: 0.0000629 seconds, Stopping threads took: 0.0000176 seconds
[2019-12-09T05:46:23.217+0000][1][safepoint    ] Application time: 1.0000765 seconds
[2019-12-09T05:46:23.217+0000][1][safepoint    ] Entering safepoint region: Cleanup
[2019-12-09T05:46:23.217+0000][1][safepoint    ] Leaving safepoint region
[2019-12-09T05:46:23.217+0000][1][safepoint    ] Total time for which application threads were stopped: 0.0000633 seconds, Stopping threads took: 0.0000159 seconds
[2019-12-09T05:46:24.217+0000][1][safepoint    ] Application time: 1.0000760 seconds
[2019-12-09T05:46:24.217+0000][1][safepoint    ] Entering safepoint region: Cleanup
[2019-12-09T05:46:24.217+0000][1][safepoint    ] Leaving safepoint region
[2019-12-09T05:46:24.217+0000][1][safepoint    ] Total time for which application threads were stopped: 0.0000601 seconds, Stopping threads took: 0.0000149 seconds
[2019-12-09T05:46:25.218+0000][1][safepoint    ] Application time: 1.0000755 seconds
[2019-12-09T05:46:25.218+0000][1][safepoint    ] Entering safepoint region: Cleanup
[2019-12-09T05:46:25.218+0000][1][safepoint    ] Leaving safepoint region
[2019-12-09T05:46:25.218+0000][1][safepoint    ] Total time for which application threads were stopped: 0.0000619 seconds, Stopping threads took: 0.0000161 seconds
[2019-12-09T05:46:26.218+0000][1][safepoint    ] Application time: 1.0000804 seconds
[2019-12-09T05:46:26.218+0000][1][safepoint    ] Entering safepoint region: Cleanup
[2019-12-09T05:46:26.218+0000][1][safepoint    ] Leaving safepoint region
[2019-12-09T05:46:26.218+0000][1][safepoint    ] Total time for which application threads were stopped: 0.0000635 seconds, Stopping threads took: 0.0000159 seconds
[2019-12-09T05:46:27.218+0000][1][safepoint    ] Application time: 1.0000748 seconds
[2019-12-09T05:46:27.218+0000][1][safepoint    ] Entering safepoint region: Cleanup
[2019-12-09T05:46:27.218+0000][1][safepoint    ] Leaving safepoint region
[2019-12-09T05:46:27.218+0000][1][safepoint    ] Total time for which application threads were stopped: 0.0000641 seconds, Stopping threads took: 0.0000173 seconds
[2019-12-09T05:46:28.218+0000][1][safepoint    ] Application time: 1.0000776 seconds
[2019-12-09T05:46:28.218+0000][1][safepoint    ] Entering safepoint region: Cleanup
[2019-12-09T05:46:28.218+0000][1][safepoint    ] Leaving safepoint region
[2019-12-09T05:46:28.218+0000][1][safepoint    ] Total time for which application threads were stopped: 0.0000915 seconds, Stopping threads took: 0.0000233 seconds
[2019-12-09T05:46:29.218+0000][1][safepoint    ] Application time: 1.0000749 seconds
[2019-12-09T05:46:29.218+0000][1][safepoint    ] Entering safepoint region: Cleanup
[2019-12-09T05:46:29.218+0000][1][safepoint    ] Leaving safepoint region
[2019-12-09T05:46:29.218+0000][1][safepoint    ] Total time for which application threads were stopped: 0.0000748 seconds, Stopping threads took: 0.0000245 seconds
[2019-12-09T05:46:30.218+0000][1][safepoint    ] Application time: 1.0000768 seconds
[2019-12-09T05:46:30.218+0000][1][safepoint    ] Entering safepoint region: Cleanup
[2019-12-09T05:46:30.219+0000][1][safepoint    ] Leaving safepoint region
[2019-12-09T05:46:30.219+0000][1][safepoint    ] Total time for which application threads were stopped: 0.0000643 seconds, Stopping threads took: 0.0000176 seconds
[2019-12-09T05:46:31.219+0000][1][safepoint    ] Application time: 1.0000739 seconds
[2019-12-09T05:46:31.219+0000][1][safepoint    ] Entering safepoint region: Cleanup
[2019-12-09T05:46:31.219+0000][1][safepoint    ] Leaving safepoint region
[2019-12-09T05:46:31.219+0000][1][safepoint    ] Total time for which application threads were stopped: 0.0000620 seconds, Stopping threads took: 0.0000152 seconds
[2019-12-09T05:46:32.219+0000][1][safepoint    ] Application time: 1.0000727 seconds
[2019-12-09T05:46:32.219+0000][1][safepoint    ] Entering safepoint region: Cleanup
[2019-12-09T05:46:32.219+0000][1][safepoint    ] Leaving safepoint region
[2019-12-09T05:46:32.219+0000][1][safepoint    ] Total time for which application threads were stopped: 0.0000640 seconds, Stopping threads took: 0.0000174 seconds
[2019-12-09T05:46:33.219+0000][1][safepoint    ] Application time: 1.0000742 seconds
[2019-12-09T05:46:33.219+0000][1][safepoint    ] Entering safepoint region: Cleanup
[2019-12-09T05:46:33.219+0000][1][safepoint    ] Leaving safepoint region
[2019-12-09T05:46:33.219+0000][1][safepoint    ] Total time for which application threads were stopped: 0.0000637 seconds, Stopping threads took: 0.0000167 seconds
[2019-12-09T05:46:34.219+0000][1][safepoint    ] Application time: 1.0000744 seconds
[2019-12-09T05:46:34.219+0000][1][safepoint    ] Entering safepoint region: Cleanup
[2019-12-09T05:46:34.219+0000][1][safepoint    ] Leaving safepoint region
[2019-12-09T05:46:34.219+0000][1][safepoint    ] Total time for which application threads were stopped: 0.0000621 seconds, Stopping threads took: 0.0000145 seconds
[2019-12-09T05:46:35.219+0000][1][safepoint    ] Application time: 1.0000753 seconds
[2019-12-09T05:46:35.219+0000][1][safepoint    ] Entering safepoint region: Cleanup
[2019-12-09T05:46:35.219+0000][1][safepoint    ] Leaving safepoint region
[2019-12-09T05:46:35.219+0000][1][safepoint    ] Total time for which application threads were stopped: 0.0000637 seconds, Stopping threads took: 0.0000160 seconds
[2019-12-09T05:46:36.219+0000][1][safepoint    ] Application time: 1.0000737 seconds
[2019-12-09T05:46:36.219+0000][1][safepoint    ] Entering safepoint region: Cleanup
[2019-12-09T05:46:36.220+0000][1][safepoint    ] Leaving safepoint region
[2019-12-09T05:46:36.220+0000][1][safepoint    ] Total time for which application threads were stopped: 0.0000593 seconds, Stopping threads took: 0.0000154 seconds
[2019-12-09T05:46:37.220+0000][1][safepoint    ] Application time: 1.0000753 seconds
[2019-12-09T05:46:37.220+0000][1][safepoint    ] Entering safepoint region: Cleanup
[2019-12-09T05:46:37.220+0000][1][safepoint    ] Leaving safepoint region
[2019-12-09T05:46:37.220+0000][1][safepoint    ] Total time for which application threads were stopped: 0.0000784 seconds, Stopping threads took: 0.0000210 seconds
[2019-12-09T05:46:38.220+0000][1][safepoint    ] Application time: 1.0000752 seconds
[2019-12-09T05:46:38.220+0000][1][safepoint    ] Entering safepoint region: Cleanup
[2019-12-09T05:46:38.220+0000][1][safepoint    ] Leaving safepoint region
[2019-12-09T05:46:38.220+0000][1][safepoint    ] Total time for which application threads were stopped: 0.0000670 seconds, Stopping threads took: 0.0000183 seconds
[2019-12-09T05:46:39.220+0000][1][safepoint    ] Application time: 1.0000779 seconds
[2019-12-09T05:46:39.220+0000][1][safepoint    ] Entering safepoint region: Cleanup
[2019-12-09T05:46:39.220+0000][1][safepoint    ] Leaving safepoint region
[2019-12-09T05:46:39.220+0000][1][safepoint    ] Total time for which application threads were stopped: 0.0000631 seconds, Stopping threads took: 0.0000166 seconds
[2019-12-09T05:46:40.220+0000][1][safepoint    ] Application time: 1.0000764 seconds
[2019-12-09T05:46:40.220+0000][1][safepoint    ] Entering safepoint region: Cleanup
[2019-12-09T05:46:40.220+0000][1][safepoint    ] Leaving safepoint region
[2019-12-09T05:46:40.220+0000][1][safepoint    ] Total time for which application threads were stopped: 0.0000645 seconds, Stopping threads took: 0.0000194 seconds
[2019-12-09T05:46:41.220+0000][1][safepoint    ] Application time: 1.0000745 seconds
[2019-12-09T05:46:41.220+0000][1][safepoint    ] Entering safepoint region: Cleanup
[2019-12-09T05:46:41.220+0000][1][safepoint    ] Leaving safepoint region
[2019-12-09T05:46:41.220+0000][1][safepoint    ] Total time for which application threads were stopped: 0.0000609 seconds, Stopping threads took: 0.0000148 seconds
[2019-12-09T05:46:42.220+0000][1][safepoint    ] Application time: 1.0000754 seconds
[2019-12-09T05:46:42.220+0000][1][safepoint    ] Entering safepoint region: Cleanup
[2019-12-09T05:46:42.221+0000][1][safepoint    ] Leaving safepoint region
[2019-12-09T05:46:42.221+0000][1][safepoint    ] Total time for which application threads were stopped: 0.0000622 seconds, Stopping threads took: 0.0000151 seconds
[2019-12-09T05:46:43.221+0000][1][safepoint    ] Application time: 1.0001952 seconds
[2019-12-09T05:46:43.221+0000][1][safepoint    ] Entering safepoint region: Cleanup
[2019-12-09T05:46:43.221+0000][1][safepoint    ] Leaving safepoint region
[2019-12-09T05:46:43.221+0000][1][safepoint    ] Total time for which application threads were stopped: 0.0000894 seconds, Stopping threads took: 0.0000222 seconds
[2019-12-09T05:46:44.221+0000][1][safepoint    ] Application time: 1.0000768 seconds
[2019-12-09T05:46:44.221+0000][1][safepoint    ] Entering safepoint region: Cleanup
[2019-12-09T05:46:44.221+0000][1][safepoint    ] Leaving safepoint region
[2019-12-09T05:46:44.221+0000][1][safepoint    ] Total time for which application threads were stopped: 0.0000603 seconds, Stopping threads took: 0.0000157 seconds
[2019-12-09T05:46:45.221+0000][1][safepoint    ] Application time: 1.0000767 seconds
[2019-12-09T05:46:45.221+0000][1][safepoint    ] Entering safepoint region: Cleanup
[2019-12-09T05:46:45.221+0000][1][safepoint    ] Leaving safepoint region
[2019-12-09T05:46:45.221+0000][1][safepoint    ] Total time for which application threads were stopped: 0.0000610 seconds, Stopping threads took: 0.0000152 seconds
[2019-12-09T05:46:46.221+0000][1][safepoint    ] Application time: 1.0000760 seconds
[2019-12-09T05:46:46.221+0000][1][safepoint    ] Entering safepoint region: Cleanup
[2019-12-09T05:46:46.221+0000][1][safepoint    ] Leaving safepoint region
[2019-12-09T05:46:46.221+0000][1][safepoint    ] Total time for which application threads were stopped: 0.0000626 seconds, Stopping threads took: 0.0000155 seconds
[2019-12-09T05:46:47.221+0000][1][safepoint    ] Application time: 1.0000753 seconds
[2019-12-09T05:46:47.221+0000][1][safepoint    ] Entering safepoint region: Cleanup
[2019-12-09T05:46:47.222+0000][1][safepoint    ] Leaving safepoint region
[2019-12-09T05:46:47.222+0000][1][safepoint    ] Total time for which application threads were stopped: 0.0000629 seconds, Stopping threads took: 0.0000168 seconds
[2019-12-09T05:46:48.222+0000][1][safepoint    ] Application time: 1.0000753 seconds
[2019-12-09T05:46:48.222+0000][1][safepoint    ] Entering safepoint region: Cleanup
[2019-12-09T05:46:48.222+0000][1][safepoint    ] Leaving safepoint region
[2019-12-09T05:46:48.222+0000][1][safepoint    ] Total time for which application threads were stopped: 0.0000777 seconds, Stopping threads took: 0.0000178 seconds
[2019-12-09T05:46:49.222+0000][1][safepoint    ] Application time: 1.0000756 seconds
[2019-12-09T05:46:49.222+0000][1][safepoint    ] Entering safepoint region: Cleanup
[2019-12-09T05:46:49.222+0000][1][safepoint    ] Leaving safepoint region
[2019-12-09T05:46:49.222+0000][1][safepoint    ] Total time for which application threads were stopped: 0.0000614 seconds, Stopping threads took: 0.0000148 seconds
[2019-12-09T05:46:50.222+0000][1][safepoint    ] Application time: 1.0000761 seconds
[2019-12-09T05:46:50.222+0000][1][safepoint    ] Entering safepoint region: Cleanup
[2019-12-09T05:46:50.222+0000][1][safepoint    ] Leaving safepoint region
[2019-12-09T05:46:50.222+0000][1][safepoint    ] Total time for which application threads were stopped: 0.0000592 seconds, Stopping threads took: 0.0000153 seconds
[2019-12-09T05:46:51.222+0000][1][safepoint    ] Application time: 1.0000755 seconds
[2019-12-09T05:46:51.222+0000][1][safepoint    ] Entering safepoint region: Cleanup
[2019-12-09T05:46:51.222+0000][1][safepoint    ] Leaving safepoint region
[2019-12-09T05:46:51.222+0000][1][safepoint    ] Total time for which application threads were stopped: 0.0000609 seconds, Stopping threads took: 0.0000155 seconds
[2019-12-09T05:46:52.222+0000][1][safepoint    ] Application time: 1.0000750 seconds
[2019-12-09T05:46:52.222+0000][1][safepoint    ] Entering safepoint region: Cleanup
[2019-12-09T05:46:52.222+0000][1][safepoint    ] Leaving safepoint region
[2019-12-09T05:46:52.222+0000][1][safepoint    ] Total time for which application threads were stopped: 0.0000598 seconds, Stopping threads took: 0.0000145 seconds
[2019-12-09T05:46:53.222+0000][1][safepoint    ] Application time: 1.0000738 seconds
[2019-12-09T05:46:53.222+0000][1][safepoint    ] Entering safepoint region: Cleanup
[2019-12-09T05:46:53.223+0000][1][safepoint    ] Leaving safepoint region
[2019-12-09T05:46:53.223+0000][1][safepoint    ] Total time for which application threads were stopped: 0.0000794 seconds, Stopping threads took: 0.0000158 seconds
[2019-12-09T05:46:54.223+0000][1][safepoint    ] Application time: 1.0000763 seconds
[2019-12-09T05:46:54.223+0000][1][safepoint    ] Entering safepoint region: Cleanup
[2019-12-09T05:46:54.223+0000][1][safepoint    ] Leaving safepoint region
[2019-12-09T05:46:54.223+0000][1][safepoint    ] Total time for which application threads were stopped: 0.0000824 seconds, Stopping threads took: 0.0000202 seconds
[2019-12-09T05:46:55.223+0000][1][safepoint    ] Application time: 1.0000743 seconds
[2019-12-09T05:46:55.223+0000][1][safepoint    ] Entering safepoint region: Cleanup
[2019-12-09T05:46:55.223+0000][1][safepoint    ] Leaving safepoint region
[2019-12-09T05:46:55.223+0000][1][safepoint    ] Total time for which application threads were stopped: 0.0000673 seconds, Stopping threads took: 0.0000175 seconds
[2019-12-09T05:46:56.223+0000][1][safepoint    ] Application time: 1.0000747 seconds
[2019-12-09T05:46:56.223+0000][1][safepoint    ] Entering safepoint region: Cleanup
[2019-12-09T05:46:56.223+0000][1][safepoint    ] Leaving safepoint region
[2019-12-09T05:46:56.223+0000][1][safepoint    ] Total time for which application threads were stopped: 0.0000691 seconds, Stopping threads took: 0.0000186 seconds
[2019-12-09T05:46:57.223+0000][1][safepoint    ] Application time: 1.0000790 seconds
[2019-12-09T05:46:57.223+0000][1][safepoint    ] Entering safepoint region: Cleanup
[2019-12-09T05:46:57.223+0000][1][safepoint    ] Leaving safepoint region
[2019-12-09T05:46:57.223+0000][1][safepoint    ] Total time for which application threads were stopped: 0.0000677 seconds, Stopping threads took: 0.0000175 seconds
[2019-12-09T05:46:58.223+0000][1][safepoint    ] Application time: 1.0000816 seconds
[2019-12-09T05:46:58.223+0000][1][safepoint    ] Entering safepoint region: Cleanup
[2019-12-09T05:46:58.224+0000][1][safepoint    ] Leaving safepoint region
[2019-12-09T05:46:58.224+0000][1][safepoint    ] Total time for which application threads were stopped: 0.0000934 seconds, Stopping threads took: 0.0000228 seconds
[2019-12-09T05:46:59.224+0000][1][safepoint    ] Application time: 1.0000761 seconds
[2019-12-09T05:46:59.224+0000][1][safepoint    ] Entering safepoint region: Cleanup
[2019-12-09T05:46:59.224+0000][1][safepoint    ] Leaving safepoint region
[2019-12-09T05:46:59.224+0000][1][safepoint    ] Total time for which application threads were stopped: 0.0000809 seconds, Stopping threads took: 0.0000299 seconds
[2019-12-09T05:47:00.224+0000][1][safepoint    ] Application time: 1.0000754 seconds
[2019-12-09T05:47:00.224+0000][1][safepoint    ] Entering safepoint region: Cleanup
[2019-12-09T05:47:00.224+0000][1][safepoint    ] Leaving safepoint region
[2019-12-09T05:47:00.224+0000][1][safepoint    ] Total time for which application threads were stopped: 0.0000684 seconds, Stopping threads took: 0.0000183 seconds
[2019-12-09T05:47:01.224+0000][1][safepoint    ] Application time: 1.0000747 seconds
[2019-12-09T05:47:01.224+0000][1][safepoint    ] Entering safepoint region: Cleanup
[2019-12-09T05:47:01.224+0000][1][safepoint    ] Leaving safepoint region
[2019-12-09T05:47:01.224+0000][1][safepoint    ] Total time for which application threads were stopped: 0.0000662 seconds, Stopping threads took: 0.0000165 seconds
[2019-12-09T05:47:02.224+0000][1][safepoint    ] Application time: 1.0000750 seconds
[2019-12-09T05:47:02.224+0000][1][safepoint    ] Entering safepoint region: Cleanup
[2019-12-09T05:47:02.224+0000][1][safepoint    ] Leaving safepoint region
[2019-12-09T05:47:02.224+0000][1][safepoint    ] Total time for which application threads were stopped: 0.0000661 seconds, Stopping threads took: 0.0000163 seconds
[2019-12-09T05:47:03.224+0000][1][safepoint    ] Application time: 1.0000757 seconds
[2019-12-09T05:47:03.224+0000][1][safepoint    ] Entering safepoint region: Cleanup
[2019-12-09T05:47:03.224+0000][1][safepoint    ] Leaving safepoint region
[2019-12-09T05:47:03.225+0000][1][safepoint    ] Total time for which application threads were stopped: 0.0000647 seconds, Stopping threads took: 0.0000152 seconds
[2019-12-09T05:47:04.225+0000][1][safepoint    ] Application time: 1.0000756 seconds
[2019-12-09T05:47:04.225+0000][1][safepoint    ] Entering safepoint region: Cleanup
[2019-12-09T05:47:04.225+0000][1][safepoint    ] Leaving safepoint region
[2019-12-09T05:47:04.225+0000][1][safepoint    ] Total time for which application threads were stopped: 0.0000792 seconds, Stopping threads took: 0.0000175 seconds
[2019-12-09T05:47:05.225+0000][1][safepoint    ] Application time: 1.0000745 seconds
[2019-12-09T05:47:05.225+0000][1][safepoint    ] Entering safepoint region: Cleanup
[2019-12-09T05:47:05.225+0000][1][safepoint    ] Leaving safepoint region
[2019-12-09T05:47:05.225+0000][1][safepoint    ] Total time for which application threads were stopped: 0.0000650 seconds, Stopping threads took: 0.0000162 seconds
[2019-12-09T05:47:06.225+0000][1][safepoint    ] Application time: 1.0000755 seconds
[2019-12-09T05:47:06.225+0000][1][safepoint    ] Entering safepoint region: Cleanup
[2019-12-09T05:47:06.225+0000][1][safepoint    ] Leaving safepoint region
[2019-12-09T05:47:06.225+0000][1][safepoint    ] Total time for which application threads were stopped: 0.0000664 seconds, Stopping threads took: 0.0000177 seconds
[2019-12-09T05:47:07.225+0000][1][safepoint    ] Application time: 1.0000748 seconds
[2019-12-09T05:47:07.225+0000][1][safepoint    ] Entering safepoint region: Cleanup
[2019-12-09T05:47:07.225+0000][1][safepoint    ] Leaving safepoint region
[2019-12-09T05:47:07.225+0000][1][safepoint    ] Total time for which application threads were stopped: 0.0000739 seconds, Stopping threads took: 0.0000239 seconds
[2019-12-09T05:47:08.225+0000][1][safepoint    ] Application time: 1.0000761 seconds
[2019-12-09T05:47:08.225+0000][1][safepoint    ] Entering safepoint region: Cleanup
[2019-12-09T05:47:08.225+0000][1][safepoint    ] Leaving safepoint region
[2019-12-09T05:47:08.225+0000][1][safepoint    ] Total time for which application threads were stopped: 0.0000747 seconds, Stopping threads took: 0.0000249 seconds
[2019-12-09T05:47:08.641+0000][1][safepoint    ] Application time: 0.4159671 seconds
[2019-12-09T05:47:08.641+0000][1][safepoint    ] Entering safepoint region: GenCollectForAllocation
[2019-12-09T05:47:08.642+0000][1][gc,start     ] GC(81) Pause Young (Allocation Failure)
[2019-12-09T05:47:08.642+0000][1][gc,task      ] GC(81) Using 2 workers of 2 for evacuation
[2019-12-09T05:47:08.643+0000][1][gc,age       ] GC(81) Desired survivor size 4456448 bytes, new threshold 6 (max threshold 6)
[2019-12-09T05:47:08.643+0000][1][gc,age       ] GC(81) Age table with threshold 6 (max threshold 6)
[2019-12-09T05:47:08.643+0000][1][gc,age       ] GC(81) - age   1:       3176 bytes,       3176 total
[2019-12-09T05:47:08.643+0000][1][gc,heap      ] GC(81) ParNew: 69958K->6K(78656K)
[2019-12-09T05:47:08.643+0000][1][gc,heap      ] GC(81) CMS: 69363K->69363K(174784K)
[2019-12-09T05:47:08.643+0000][1][gc,metaspace ] GC(81) Metaspace: 68455K->68455K(1112064K)
[2019-12-09T05:47:08.643+0000][1][gc           ] GC(81) Pause Young (Allocation Failure) 136M->67M(247M) 1.344ms
[2019-12-09T05:47:08.643+0000][1][gc,cpu       ] GC(81) User=0.00s Sys=0.00s Real=0.00s
[2019-12-09T05:47:08.643+0000][1][safepoint    ] Leaving safepoint region
[2019-12-09T05:47:08.643+0000][1][safepoint    ] Total time for which application threads were stopped: 0.0014764 seconds, Stopping threads took: 0.0000159 seconds
[2019-12-09T05:47:09.643+0000][1][safepoint    ] Application time: 1.0000846 seconds
[2019-12-09T05:47:09.643+0000][1][safepoint    ] Entering safepoint region: Cleanup
[2019-12-09T05:47:09.643+0000][1][safepoint    ] Leaving safepoint region
[2019-12-09T05:47:09.643+0000][1][safepoint    ] Total time for which application threads were stopped: 0.0000704 seconds, Stopping threads took: 0.0000185 seconds
[2019-12-09T05:47:10.643+0000][1][safepoint    ] Application time: 1.0000758 seconds
[2019-12-09T05:47:10.643+0000][1][safepoint    ] Entering safepoint region: Cleanup
[2019-12-09T05:47:10.643+0000][1][safepoint    ] Leaving safepoint region
[2019-12-09T05:47:10.643+0000][1][safepoint    ] Total time for which application threads were stopped: 0.0000671 seconds, Stopping threads took: 0.0000176 seconds
[2019-12-09T05:47:11.643+0000][1][safepoint    ] Application time: 1.0000761 seconds
[2019-12-09T05:47:11.643+0000][1][safepoint    ] Entering safepoint region: Cleanup
[2019-12-09T05:47:11.644+0000][1][safepoint    ] Leaving safepoint region
[2019-12-09T05:47:11.644+0000][1][safepoint    ] Total time for which application threads were stopped: 0.0000682 seconds, Stopping threads took: 0.0000176 seconds
[2019-12-09T05:47:12.644+0000][1][safepoint    ] Application time: 1.0000751 seconds
[2019-12-09T05:47:12.644+0000][1][safepoint    ] Entering safepoint region: Cleanup
[2019-12-09T05:47:12.644+0000][1][safepoint    ] Leaving safepoint region
[2019-12-09T05:47:12.644+0000][1][safepoint    ] Total time for which application threads were stopped: 0.0000782 seconds, Stopping threads took: 0.0000170 seconds
[2019-12-09T05:47:13.644+0000][1][safepoint    ] Application time: 1.0000808 seconds
[2019-12-09T05:47:13.644+0000][1][safepoint    ] Entering safepoint region: Cleanup
[2019-12-09T05:47:13.644+0000][1][safepoint    ] Leaving safepoint region
[2019-12-09T05:47:13.644+0000][1][safepoint    ] Total time for which application threads were stopped: 0.0000786 seconds, Stopping threads took: 0.0000219 seconds
[2019-12-09T05:47:14.644+0000][1][safepoint    ] Application time: 1.0000861 seconds
[2019-12-09T05:47:14.644+0000][1][safepoint    ] Entering safepoint region: Cleanup
[2019-12-09T05:47:14.644+0000][1][safepoint    ] Leaving safepoint region
[2019-12-09T05:47:14.644+0000][1][safepoint    ] Total time for which application threads were stopped: 0.0000653 seconds, Stopping threads took: 0.0000167 seconds
[2019-12-09T05:47:15.644+0000][1][safepoint    ] Application time: 1.0000754 seconds
[2019-12-09T05:47:15.644+0000][1][safepoint    ] Entering safepoint region: Cleanup
[2019-12-09T05:47:15.644+0000][1][safepoint    ] Leaving safepoint region
[2019-12-09T05:47:15.644+0000][1][safepoint    ] Total time for which application threads were stopped: 0.0000689 seconds, Stopping threads took: 0.0000183 seconds
[2019-12-09T05:47:16.644+0000][1][safepoint    ] Application time: 1.0000757 seconds
[2019-12-09T05:47:16.644+0000][1][safepoint    ] Entering safepoint region: Cleanup
[2019-12-09T05:47:16.644+0000][1][safepoint    ] Leaving safepoint region
[2019-12-09T05:47:16.645+0000][1][safepoint    ] Total time for which application threads were stopped: 0.0000667 seconds, Stopping threads took: 0.0000161 seconds
[2019-12-09T05:47:17.645+0000][1][safepoint    ] Application time: 1.0000759 seconds
[2019-12-09T05:47:17.645+0000][1][safepoint    ] Entering safepoint region: Cleanup
[2019-12-09T05:47:17.645+0000][1][safepoint    ] Leaving safepoint region
[2019-12-09T05:47:17.645+0000][1][safepoint    ] Total time for which application threads were stopped: 0.0000861 seconds, Stopping threads took: 0.0000167 seconds
[2019-12-09T05:47:18.645+0000][1][safepoint    ] Application time: 1.0000757 seconds
[2019-12-09T05:47:18.645+0000][1][safepoint    ] Entering safepoint region: Cleanup
[2019-12-09T05:47:18.645+0000][1][safepoint    ] Leaving safepoint region
[2019-12-09T05:47:18.645+0000][1][safepoint    ] Total time for which application threads were stopped: 0.0000675 seconds, Stopping threads took: 0.0000172 seconds
[2019-12-09T05:47:19.645+0000][1][safepoint    ] Application time: 1.0000749 seconds
[2019-12-09T05:47:19.645+0000][1][safepoint    ] Entering safepoint region: Cleanup
[2019-12-09T05:47:19.645+0000][1][safepoint    ] Leaving safepoint region
[2019-12-09T05:47:19.645+0000][1][safepoint    ] Total time for which application threads were stopped: 0.0000675 seconds, Stopping threads took: 0.0000175 seconds
[2019-12-09T05:47:20.645+0000][1][safepoint    ] Application time: 1.0000747 seconds
[2019-12-09T05:47:20.645+0000][1][safepoint    ] Entering safepoint region: Cleanup
[2019-12-09T05:47:20.645+0000][1][safepoint    ] Leaving safepoint region
[2019-12-09T05:47:20.645+0000][1][safepoint    ] Total time for which application threads were stopped: 0.0000670 seconds, Stopping threads took: 0.0000183 seconds
[2019-12-09T05:47:21.645+0000][1][safepoint    ] Application time: 1.0000739 seconds
[2019-12-09T05:47:21.645+0000][1][safepoint    ] Entering safepoint region: Cleanup
[2019-12-09T05:47:21.645+0000][1][safepoint    ] Leaving safepoint region
[2019-12-09T05:47:21.645+0000][1][safepoint    ] Total time for which application threads were stopped: 0.0000664 seconds, Stopping threads took: 0.0000167 seconds
[2019-12-09T05:47:22.646+0000][1][safepoint    ] Application time: 1.0000769 seconds
[2019-12-09T05:47:22.646+0000][1][safepoint    ] Entering safepoint region: Cleanup
[2019-12-09T05:47:22.646+0000][1][safepoint    ] Leaving safepoint region
[2019-12-09T05:47:22.646+0000][1][safepoint    ] Total time for which application threads were stopped: 0.0000693 seconds, Stopping threads took: 0.0000178 seconds
[2019-12-09T05:47:23.646+0000][1][safepoint    ] Application time: 1.0000753 seconds
[2019-12-09T05:47:23.646+0000][1][safepoint    ] Entering safepoint region: Cleanup
[2019-12-09T05:47:23.646+0000][1][safepoint    ] Leaving safepoint region
[2019-12-09T05:47:23.646+0000][1][safepoint    ] Total time for which application threads were stopped: 0.0000654 seconds, Stopping threads took: 0.0000158 seconds
[2019-12-09T05:47:24.646+0000][1][safepoint    ] Application time: 1.0000749 seconds
[2019-12-09T05:47:24.646+0000][1][safepoint    ] Entering safepoint region: Cleanup
[2019-12-09T05:47:24.646+0000][1][safepoint    ] Leaving safepoint region
[2019-12-09T05:47:24.646+0000][1][safepoint    ] Total time for which application threads were stopped: 0.0000676 seconds, Stopping threads took: 0.0000187 seconds
[2019-12-09T05:47:25.646+0000][1][safepoint    ] Application time: 1.0000746 seconds
[2019-12-09T05:47:25.646+0000][1][safepoint    ] Entering safepoint region: Cleanup
[2019-12-09T05:47:25.646+0000][1][safepoint    ] Leaving safepoint region
[2019-12-09T05:47:25.646+0000][1][safepoint    ] Total time for which application threads were stopped: 0.0000653 seconds, Stopping threads took: 0.0000158 seconds
[2019-12-09T05:47:26.646+0000][1][safepoint    ] Application time: 1.0000749 seconds
[2019-12-09T05:47:26.646+0000][1][safepoint    ] Entering safepoint region: Cleanup
[2019-12-09T05:47:26.646+0000][1][safepoint    ] Leaving safepoint region
[2019-12-09T05:47:26.646+0000][1][safepoint    ] Total time for which application threads were stopped: 0.0000658 seconds, Stopping threads took: 0.0000166 seconds
[2019-12-09T05:47:27.646+0000][1][safepoint    ] Application time: 1.0000773 seconds
[2019-12-09T05:47:27.647+0000][1][safepoint    ] Entering safepoint region: Cleanup
[2019-12-09T05:47:27.647+0000][1][safepoint    ] Leaving safepoint region
[2019-12-09T05:47:27.647+0000][1][safepoint    ] Total time for which application threads were stopped: 0.0000671 seconds, Stopping threads took: 0.0000174 seconds
[2019-12-09T05:47:28.647+0000][1][safepoint    ] Application time: 1.0000769 seconds
[2019-12-09T05:47:28.647+0000][1][safepoint    ] Entering safepoint region: Cleanup
[2019-12-09T05:47:28.647+0000][1][safepoint    ] Leaving safepoint region
[2019-12-09T05:47:28.647+0000][1][safepoint    ] Total time for which application threads were stopped: 0.0000665 seconds, Stopping threads took: 0.0000178 seconds
[2019-12-09T05:47:29.647+0000][1][safepoint    ] Application time: 1.0000756 seconds
[2019-12-09T05:47:29.647+0000][1][safepoint    ] Entering safepoint region: Cleanup
[2019-12-09T05:47:29.647+0000][1][safepoint    ] Leaving safepoint region
[2019-12-09T05:47:29.647+0000][1][safepoint    ] Total time for which application threads were stopped: 0.0000657 seconds, Stopping threads took: 0.0000162 seconds
[2019-12-09T05:47:30.647+0000][1][safepoint    ] Application time: 1.0000749 seconds
[2019-12-09T05:47:30.647+0000][1][safepoint    ] Entering safepoint region: Cleanup
[2019-12-09T05:47:30.647+0000][1][safepoint    ] Leaving safepoint region
[2019-12-09T05:47:30.647+0000][1][safepoint    ] Total time for which application threads were stopped: 0.0000702 seconds, Stopping threads took: 0.0000195 seconds
[2019-12-09T05:47:31.647+0000][1][safepoint    ] Application time: 1.0000754 seconds
[2019-12-09T05:47:31.647+0000][1][safepoint    ] Entering safepoint region: Cleanup
[2019-12-09T05:47:31.647+0000][1][safepoint    ] Leaving safepoint region
[2019-12-09T05:47:31.647+0000][1][safepoint    ] Total time for which application threads were stopped: 0.0000669 seconds, Stopping threads took: 0.0000168 seconds
[2019-12-09T05:47:32.647+0000][1][safepoint    ] Application time: 1.0000750 seconds
[2019-12-09T05:47:32.647+0000][1][safepoint    ] Entering safepoint region: Cleanup
[2019-12-09T05:47:32.648+0000][1][safepoint    ] Leaving safepoint region
[2019-12-09T05:47:32.648+0000][1][safepoint    ] Total time for which application threads were stopped: 0.0000655 seconds, Stopping threads took: 0.0000165 seconds
[2019-12-09T05:47:33.648+0000][1][safepoint    ] Application time: 1.0000745 seconds
[2019-12-09T05:47:33.648+0000][1][safepoint    ] Entering safepoint region: Cleanup
[2019-12-09T05:47:33.648+0000][1][safepoint    ] Leaving safepoint region
[2019-12-09T05:47:33.648+0000][1][safepoint    ] Total time for which application threads were stopped: 0.0000767 seconds, Stopping threads took: 0.0000155 seconds
[2019-12-09T05:47:34.648+0000][1][safepoint    ] Application time: 1.0000754 seconds
[2019-12-09T05:47:34.648+0000][1][safepoint    ] Entering safepoint region: Cleanup
[2019-12-09T05:47:34.648+0000][1][safepoint    ] Leaving safepoint region
[2019-12-09T05:47:34.648+0000][1][safepoint    ] Total time for which application threads were stopped: 0.0000641 seconds, Stopping threads took: 0.0000163 seconds
[2019-12-09T05:47:35.648+0000][1][safepoint    ] Application time: 1.0000755 seconds
[2019-12-09T05:47:35.648+0000][1][safepoint    ] Entering safepoint region: Cleanup
[2019-12-09T05:47:35.648+0000][1][safepoint    ] Leaving safepoint region
[2019-12-09T05:47:35.648+0000][1][safepoint    ] Total time for which application threads were stopped: 0.0000700 seconds, Stopping threads took: 0.0000198 seconds
[2019-12-09T05:47:36.648+0000][1][safepoint    ] Application time: 1.0000753 seconds
[2019-12-09T05:47:36.648+0000][1][safepoint    ] Entering safepoint region: Cleanup
[2019-12-09T05:47:36.648+0000][1][safepoint    ] Leaving safepoint region
[2019-12-09T05:47:36.648+0000][1][safepoint    ] Total time for which application threads were stopped: 0.0000724 seconds, Stopping threads took: 0.0000232 seconds
[2019-12-09T05:47:37.648+0000][1][safepoint    ] Application time: 1.0000743 seconds
[2019-12-09T05:47:37.648+0000][1][safepoint    ] Entering safepoint region: Cleanup
[2019-12-09T05:47:37.648+0000][1][safepoint    ] Leaving safepoint region
[2019-12-09T05:47:37.648+0000][1][safepoint    ] Total time for which application threads were stopped: 0.0000672 seconds, Stopping threads took: 0.0000174 seconds
[2019-12-09T05:47:38.649+0000][1][safepoint    ] Application time: 1.0000747 seconds
[2019-12-09T05:47:38.649+0000][1][safepoint    ] Entering safepoint region: Cleanup
[2019-12-09T05:47:38.649+0000][1][safepoint    ] Leaving safepoint region
[2019-12-09T05:47:38.649+0000][1][safepoint    ] Total time for which application threads were stopped: 0.0000640 seconds, Stopping threads took: 0.0000161 seconds
[2019-12-09T05:47:39.649+0000][1][safepoint    ] Application time: 1.0000748 seconds
[2019-12-09T05:47:39.649+0000][1][safepoint    ] Entering safepoint region: Cleanup
[2019-12-09T05:47:39.649+0000][1][safepoint    ] Leaving safepoint region
[2019-12-09T05:47:39.649+0000][1][safepoint    ] Total time for which application threads were stopped: 0.0000639 seconds, Stopping threads took: 0.0000161 seconds
[2019-12-09T05:47:40.649+0000][1][safepoint    ] Application time: 1.0000753 seconds
[2019-12-09T05:47:40.649+0000][1][safepoint    ] Entering safepoint region: Cleanup
[2019-12-09T05:47:40.649+0000][1][safepoint    ] Leaving safepoint region
[2019-12-09T05:47:40.649+0000][1][safepoint    ] Total time for which application threads were stopped: 0.0000636 seconds, Stopping threads took: 0.0000159 seconds
[2019-12-09T05:47:41.649+0000][1][safepoint    ] Application time: 1.0000755 seconds
[2019-12-09T05:47:41.649+0000][1][safepoint    ] Entering safepoint region: Cleanup
[2019-12-09T05:47:41.649+0000][1][safepoint    ] Leaving safepoint region
[2019-12-09T05:47:41.649+0000][1][safepoint    ] Total time for which application threads were stopped: 0.0000673 seconds, Stopping threads took: 0.0000161 seconds
[2019-12-09T05:47:42.649+0000][1][safepoint    ] Application time: 1.0000746 seconds
[2019-12-09T05:47:42.649+0000][1][safepoint    ] Entering safepoint region: Cleanup
[2019-12-09T05:47:42.649+0000][1][safepoint    ] Leaving safepoint region
[2019-12-09T05:47:42.649+0000][1][safepoint    ] Total time for which application threads were stopped: 0.0000768 seconds, Stopping threads took: 0.0000173 seconds
[2019-12-09T05:47:43.649+0000][1][safepoint    ] Application time: 1.0000763 seconds
[2019-12-09T05:47:43.650+0000][1][safepoint    ] Entering safepoint region: Cleanup
[2019-12-09T05:47:43.650+0000][1][safepoint    ] Leaving safepoint region
[2019-12-09T05:47:43.650+0000][1][safepoint    ] Total time for which application threads were stopped: 0.0000655 seconds, Stopping threads took: 0.0000169 seconds
[2019-12-09T05:47:44.650+0000][1][safepoint    ] Application time: 1.0000762 seconds
[2019-12-09T05:47:44.650+0000][1][safepoint    ] Entering safepoint region: Cleanup
[2019-12-09T05:47:44.650+0000][1][safepoint    ] Leaving safepoint region
[2019-12-09T05:47:44.650+0000][1][safepoint    ] Total time for which application threads were stopped: 0.0000778 seconds, Stopping threads took: 0.0000266 seconds
[2019-12-09T05:47:45.650+0000][1][safepoint    ] Application time: 1.0000741 seconds
[2019-12-09T05:47:45.650+0000][1][safepoint    ] Entering safepoint region: Cleanup
[2019-12-09T05:47:45.650+0000][1][safepoint    ] Leaving safepoint region
[2019-12-09T05:47:45.650+0000][1][safepoint    ] Total time for which application threads were stopped: 0.0000657 seconds, Stopping threads took: 0.0000165 seconds
[2019-12-09T05:47:46.650+0000][1][safepoint    ] Application time: 1.0000752 seconds
[2019-12-09T05:47:46.650+0000][1][safepoint    ] Entering safepoint region: Cleanup
[2019-12-09T05:47:46.650+0000][1][safepoint    ] Leaving safepoint region
[2019-12-09T05:47:46.650+0000][1][safepoint    ] Total time for which application threads were stopped: 0.0000657 seconds, Stopping threads took: 0.0000172 seconds
[2019-12-09T05:47:47.650+0000][1][safepoint    ] Application time: 1.0000821 seconds
[2019-12-09T05:47:47.650+0000][1][safepoint    ] Entering safepoint region: Cleanup
[2019-12-09T05:47:47.650+0000][1][safepoint    ] Leaving safepoint region
[2019-12-09T05:47:47.650+0000][1][safepoint    ] Total time for which application threads were stopped: 0.0000654 seconds, Stopping threads took: 0.0000159 seconds
[2019-12-09T05:47:48.650+0000][1][safepoint    ] Application time: 1.0000761 seconds
[2019-12-09T05:47:48.650+0000][1][safepoint    ] Entering safepoint region: Cleanup
[2019-12-09T05:47:48.651+0000][1][safepoint    ] Leaving safepoint region
[2019-12-09T05:47:48.651+0000][1][safepoint    ] Total time for which application threads were stopped: 0.0000665 seconds, Stopping threads took: 0.0000175 seconds
[2019-12-09T05:47:49.651+0000][1][safepoint    ] Application time: 1.0000775 seconds
[2019-12-09T05:47:49.651+0000][1][safepoint    ] Entering safepoint region: Cleanup
[2019-12-09T05:47:49.651+0000][1][safepoint    ] Leaving safepoint region
[2019-12-09T05:47:49.651+0000][1][safepoint    ] Total time for which application threads were stopped: 0.0000753 seconds, Stopping threads took: 0.0000166 seconds
[2019-12-09T05:47:50.651+0000][1][safepoint    ] Application time: 1.0000757 seconds
[2019-12-09T05:47:50.651+0000][1][safepoint    ] Entering safepoint region: Cleanup
[2019-12-09T05:47:50.651+0000][1][safepoint    ] Leaving safepoint region
[2019-12-09T05:47:50.651+0000][1][safepoint    ] Total time for which application threads were stopped: 0.0000674 seconds, Stopping threads took: 0.0000186 seconds
[2019-12-09T05:47:51.651+0000][1][safepoint    ] Application time: 1.0000761 seconds
[2019-12-09T05:47:51.651+0000][1][safepoint    ] Entering safepoint region: Cleanup
[2019-12-09T05:47:51.651+0000][1][safepoint    ] Leaving safepoint region
[2019-12-09T05:47:51.651+0000][1][safepoint    ] Total time for which application threads were stopped: 0.0000682 seconds, Stopping threads took: 0.0000184 seconds
[2019-12-09T05:47:52.651+0000][1][safepoint    ] Application time: 1.0000749 seconds
[2019-12-09T05:47:52.651+0000][1][safepoint    ] Entering safepoint region: Cleanup
[2019-12-09T05:47:52.651+0000][1][safepoint    ] Leaving safepoint region
[2019-12-09T05:47:52.651+0000][1][safepoint    ] Total time for which application threads were stopped: 0.0000663 seconds, Stopping threads took: 0.0000181 seconds
[2019-12-09T05:47:53.651+0000][1][safepoint    ] Application time: 1.0000754 seconds
[2019-12-09T05:47:53.651+0000][1][safepoint    ] Entering safepoint region: Cleanup
[2019-12-09T05:47:53.651+0000][1][safepoint    ] Leaving safepoint region
[2019-12-09T05:47:53.651+0000][1][safepoint    ] Total time for which application threads were stopped: 0.0000671 seconds, Stopping threads took: 0.0000192 seconds
[2019-12-09T05:47:54.652+0000][1][safepoint    ] Application time: 1.0000759 seconds
[2019-12-09T05:47:54.652+0000][1][safepoint    ] Entering safepoint region: Cleanup
[2019-12-09T05:47:54.652+0000][1][safepoint    ] Leaving safepoint region
[2019-12-09T05:47:54.652+0000][1][safepoint    ] Total time for which application threads were stopped: 0.0000676 seconds, Stopping threads took: 0.0000186 seconds
[2019-12-09T05:47:55.652+0000][1][safepoint    ] Application time: 1.0000756 seconds
[2019-12-09T05:47:55.652+0000][1][safepoint    ] Entering safepoint region: Cleanup
[2019-12-09T05:47:55.652+0000][1][safepoint    ] Leaving safepoint region
[2019-12-09T05:47:55.652+0000][1][safepoint    ] Total time for which application threads were stopped: 0.0000650 seconds, Stopping threads took: 0.0000164 seconds
[2019-12-09T05:47:56.652+0000][1][safepoint    ] Application time: 1.0000784 seconds
[2019-12-09T05:47:56.652+0000][1][safepoint    ] Entering safepoint region: Cleanup
[2019-12-09T05:47:56.652+0000][1][safepoint    ] Leaving safepoint region
[2019-12-09T05:47:56.652+0000][1][safepoint    ] Total time for which application threads were stopped: 0.0000676 seconds, Stopping threads took: 0.0000171 seconds
[2019-12-09T05:47:57.652+0000][1][safepoint    ] Application time: 1.0000759 seconds
[2019-12-09T05:47:57.652+0000][1][safepoint    ] Entering safepoint region: Cleanup
[2019-12-09T05:47:57.652+0000][1][safepoint    ] Leaving safepoint region
[2019-12-09T05:47:57.652+0000][1][safepoint    ] Total time for which application threads were stopped: 0.0000658 seconds, Stopping threads took: 0.0000167 seconds
[2019-12-09T05:47:58.652+0000][1][safepoint    ] Application time: 1.0000774 seconds
[2019-12-09T05:47:58.652+0000][1][safepoint    ] Entering safepoint region: Cleanup
[2019-12-09T05:47:58.652+0000][1][safepoint    ] Leaving safepoint region
[2019-12-09T05:47:58.652+0000][1][safepoint    ] Total time for which application threads were stopped: 0.0000672 seconds, Stopping threads took: 0.0000172 seconds
[2019-12-09T05:47:59.652+0000][1][safepoint    ] Application time: 1.0000759 seconds
[2019-12-09T05:47:59.653+0000][1][safepoint    ] Entering safepoint region: Cleanup
[2019-12-09T05:47:59.653+0000][1][safepoint    ] Leaving safepoint region
[2019-12-09T05:47:59.653+0000][1][safepoint    ] Total time for which application threads were stopped: 0.0000664 seconds, Stopping threads took: 0.0000165 seconds
[2019-12-09T05:48:00.653+0000][1][safepoint    ] Application time: 1.0000754 seconds
[2019-12-09T05:48:00.653+0000][1][safepoint    ] Entering safepoint region: Cleanup
[2019-12-09T05:48:00.653+0000][1][safepoint    ] Leaving safepoint region
[2019-12-09T05:48:00.653+0000][1][safepoint    ] Total time for which application threads were stopped: 0.0000657 seconds, Stopping threads took: 0.0000165 seconds
[2019-12-09T05:48:01.654+0000][1][safepoint    ] Application time: 1.0009350 seconds
[2019-12-09T05:48:01.654+0000][1][safepoint    ] Entering safepoint region: Cleanup
[2019-12-09T05:48:01.654+0000][1][safepoint    ] Leaving safepoint region
[2019-12-09T05:48:01.654+0000][1][safepoint    ] Total time for which application threads were stopped: 0.0000916 seconds, Stopping threads took: 0.0000229 seconds
[2019-12-09T05:48:02.654+0000][1][safepoint    ] Application time: 1.0000754 seconds
[2019-12-09T05:48:02.654+0000][1][safepoint    ] Entering safepoint region: Cleanup
[2019-12-09T05:48:02.654+0000][1][safepoint    ] Leaving safepoint region
[2019-12-09T05:48:02.654+0000][1][safepoint    ] Total time for which application threads were stopped: 0.0000671 seconds, Stopping threads took: 0.0000174 seconds
[2019-12-09T05:48:03.654+0000][1][safepoint    ] Application time: 1.0000735 seconds
[2019-12-09T05:48:03.654+0000][1][safepoint    ] Entering safepoint region: Cleanup
[2019-12-09T05:48:03.654+0000][1][safepoint    ] Leaving safepoint region
[2019-12-09T05:48:03.654+0000][1][safepoint    ] Total time for which application threads were stopped: 0.0000694 seconds, Stopping threads took: 0.0000187 seconds
[2019-12-09T05:48:04.654+0000][1][safepoint    ] Application time: 1.0000770 seconds
[2019-12-09T05:48:04.654+0000][1][safepoint    ] Entering safepoint region: Cleanup
[2019-12-09T05:48:04.654+0000][1][safepoint    ] Leaving safepoint region
[2019-12-09T05:48:04.654+0000][1][safepoint    ] Total time for which application threads were stopped: 0.0000677 seconds, Stopping threads took: 0.0000166 seconds
[2019-12-09T05:48:05.654+0000][1][safepoint    ] Application time: 1.0000752 seconds
[2019-12-09T05:48:05.655+0000][1][safepoint    ] Entering safepoint region: Cleanup
[2019-12-09T05:48:05.655+0000][1][safepoint    ] Leaving safepoint region
[2019-12-09T05:48:05.655+0000][1][safepoint    ] Total time for which application threads were stopped: 0.0000749 seconds, Stopping threads took: 0.0000251 seconds
[2019-12-09T05:48:06.655+0000][1][safepoint    ] Application time: 1.0000856 seconds
[2019-12-09T05:48:06.655+0000][1][safepoint    ] Entering safepoint region: Cleanup
[2019-12-09T05:48:06.655+0000][1][safepoint    ] Leaving safepoint region
[2019-12-09T05:48:06.655+0000][1][safepoint    ] Total time for which application threads were stopped: 0.0000737 seconds, Stopping threads took: 0.0000227 seconds
[2019-12-09T05:48:07.655+0000][1][safepoint    ] Application time: 1.0000764 seconds
[2019-12-09T05:48:07.655+0000][1][safepoint    ] Entering safepoint region: Cleanup
[2019-12-09T05:48:07.655+0000][1][safepoint    ] Leaving safepoint region
[2019-12-09T05:48:07.655+0000][1][safepoint    ] Total time for which application threads were stopped: 0.0000691 seconds, Stopping threads took: 0.0000189 seconds
[2019-12-09T05:48:08.655+0000][1][safepoint    ] Application time: 1.0000707 seconds
[2019-12-09T05:48:08.655+0000][1][safepoint    ] Entering safepoint region: Cleanup
[2019-12-09T05:48:08.655+0000][1][safepoint    ] Leaving safepoint region
[2019-12-09T05:48:08.655+0000][1][safepoint    ] Total time for which application threads were stopped: 0.0000694 seconds, Stopping threads took: 0.0000176 seconds
[2019-12-09T05:48:09.655+0000][1][safepoint    ] Application time: 1.0000759 seconds
[2019-12-09T05:48:09.655+0000][1][safepoint    ] Entering safepoint region: Cleanup
[2019-12-09T05:48:09.655+0000][1][safepoint    ] Leaving safepoint region
[2019-12-09T05:48:09.655+0000][1][safepoint    ] Total time for which application threads were stopped: 0.0000651 seconds, Stopping threads took: 0.0000163 seconds
[2019-12-09T05:48:10.655+0000][1][safepoint    ] Application time: 1.0000750 seconds
[2019-12-09T05:48:10.655+0000][1][safepoint    ] Entering safepoint region: Cleanup
[2019-12-09T05:48:10.656+0000][1][safepoint    ] Leaving safepoint region
[2019-12-09T05:48:10.656+0000][1][safepoint    ] Total time for which application threads were stopped: 0.0000643 seconds, Stopping threads took: 0.0000160 seconds
[2019-12-09T05:48:11.656+0000][1][safepoint    ] Application time: 1.0000748 seconds
[2019-12-09T05:48:11.656+0000][1][safepoint    ] Entering safepoint region: Cleanup
[2019-12-09T05:48:11.656+0000][1][safepoint    ] Leaving safepoint region
[2019-12-09T05:48:11.656+0000][1][safepoint    ] Total time for which application threads were stopped: 0.0000752 seconds, Stopping threads took: 0.0000162 seconds
[2019-12-09T05:48:12.656+0000][1][safepoint    ] Application time: 1.0000756 seconds
[2019-12-09T05:48:12.656+0000][1][safepoint    ] Entering safepoint region: Cleanup
[2019-12-09T05:48:12.656+0000][1][safepoint    ] Leaving safepoint region
[2019-12-09T05:48:12.656+0000][1][safepoint    ] Total time for which application threads were stopped: 0.0000659 seconds, Stopping threads took: 0.0000162 seconds
[2019-12-09T05:48:13.656+0000][1][safepoint    ] Application time: 1.0000754 seconds
[2019-12-09T05:48:13.656+0000][1][safepoint    ] Entering safepoint region: Cleanup
[2019-12-09T05:48:13.656+0000][1][safepoint    ] Leaving safepoint region
[2019-12-09T05:48:13.656+0000][1][safepoint    ] Total time for which application threads were stopped: 0.0000647 seconds, Stopping threads took: 0.0000178 seconds
[2019-12-09T05:48:14.656+0000][1][safepoint    ] Application time: 1.0000765 seconds
[2019-12-09T05:48:14.656+0000][1][safepoint    ] Entering safepoint region: Cleanup
[2019-12-09T05:48:14.656+0000][1][safepoint    ] Leaving safepoint region
[2019-12-09T05:48:14.656+0000][1][safepoint    ] Total time for which application threads were stopped: 0.0000639 seconds, Stopping threads took: 0.0000156 seconds
[2019-12-09T05:48:15.656+0000][1][safepoint    ] Application time: 1.0000364 seconds
[2019-12-09T05:48:15.656+0000][1][safepoint    ] Entering safepoint region: Cleanup
[2019-12-09T05:48:15.656+0000][1][safepoint    ] Leaving safepoint region
[2019-12-09T05:48:15.656+0000][1][safepoint    ] Total time for which application threads were stopped: 0.0000823 seconds, Stopping threads took: 0.0000269 seconds
[2019-12-09T05:48:16.657+0000][1][safepoint    ] Application time: 1.0000774 seconds
[2019-12-09T05:48:16.657+0000][1][safepoint    ] Entering safepoint region: Cleanup
[2019-12-09T05:48:16.657+0000][1][safepoint    ] Leaving safepoint region
[2019-12-09T05:48:16.657+0000][1][safepoint    ] Total time for which application threads were stopped: 0.0000657 seconds, Stopping threads took: 0.0000172 seconds
[2019-12-09T05:48:17.657+0000][1][safepoint    ] Application time: 1.0000754 seconds
[2019-12-09T05:48:17.657+0000][1][safepoint    ] Entering safepoint region: Cleanup
[2019-12-09T05:48:17.657+0000][1][safepoint    ] Leaving safepoint region
[2019-12-09T05:48:17.657+0000][1][safepoint    ] Total time for which application threads were stopped: 0.0000653 seconds, Stopping threads took: 0.0000173 seconds
[2019-12-09T05:48:18.657+0000][1][safepoint    ] Application time: 1.0000759 seconds
[2019-12-09T05:48:18.657+0000][1][safepoint    ] Entering safepoint region: Cleanup
[2019-12-09T05:48:18.657+0000][1][safepoint    ] Leaving safepoint region
[2019-12-09T05:48:18.657+0000][1][safepoint    ] Total time for which application threads were stopped: 0.0000659 seconds, Stopping threads took: 0.0000165 seconds
[2019-12-09T05:48:19.657+0000][1][safepoint    ] Application time: 1.0000746 seconds
[2019-12-09T05:48:19.657+0000][1][safepoint    ] Entering safepoint region: Cleanup
[2019-12-09T05:48:19.657+0000][1][safepoint    ] Leaving safepoint region
[2019-12-09T05:48:19.657+0000][1][safepoint    ] Total time for which application threads were stopped: 0.0000651 seconds, Stopping threads took: 0.0000166 seconds
[2019-12-09T05:48:20.657+0000][1][safepoint    ] Application time: 1.0000752 seconds
[2019-12-09T05:48:20.657+0000][1][safepoint    ] Entering safepoint region: Cleanup
[2019-12-09T05:48:20.657+0000][1][safepoint    ] Leaving safepoint region
[2019-12-09T05:48:20.657+0000][1][safepoint    ] Total time for which application threads were stopped: 0.0000631 seconds, Stopping threads took: 0.0000166 seconds
[2019-12-09T05:48:21.657+0000][1][safepoint    ] Application time: 1.0000755 seconds
[2019-12-09T05:48:21.658+0000][1][safepoint    ] Entering safepoint region: Cleanup
[2019-12-09T05:48:21.658+0000][1][safepoint    ] Leaving safepoint region
[2019-12-09T05:48:21.658+0000][1][safepoint    ] Total time for which application threads were stopped: 0.0000670 seconds, Stopping threads took: 0.0000169 seconds
[2019-12-09T05:48:22.658+0000][1][safepoint    ] Application time: 1.0000872 seconds
[2019-12-09T05:48:22.658+0000][1][safepoint    ] Entering safepoint region: Cleanup
[2019-12-09T05:48:22.658+0000][1][safepoint    ] Leaving safepoint region
[2019-12-09T05:48:22.658+0000][1][safepoint    ] Total time for which application threads were stopped: 0.0000698 seconds, Stopping threads took: 0.0000193 seconds
[2019-12-09T05:48:23.658+0000][1][safepoint    ] Application time: 1.0000743 seconds
[2019-12-09T05:48:23.658+0000][1][safepoint    ] Entering safepoint region: Cleanup
[2019-12-09T05:48:23.658+0000][1][safepoint    ] Leaving safepoint region
[2019-12-09T05:48:23.658+0000][1][safepoint    ] Total time for which application threads were stopped: 0.0000654 seconds, Stopping threads took: 0.0000158 seconds
[2019-12-09T05:48:24.658+0000][1][safepoint    ] Application time: 1.0000756 seconds
[2019-12-09T05:48:24.658+0000][1][safepoint    ] Entering safepoint region: Cleanup
[2019-12-09T05:48:24.658+0000][1][safepoint    ] Leaving safepoint region
[2019-12-09T05:48:24.658+0000][1][safepoint    ] Total time for which application threads were stopped: 0.0000663 seconds, Stopping threads took: 0.0000176 seconds
[2019-12-09T05:48:25.658+0000][1][safepoint    ] Application time: 1.0000751 seconds
[2019-12-09T05:48:25.658+0000][1][safepoint    ] Entering safepoint region: Cleanup
[2019-12-09T05:48:25.658+0000][1][safepoint    ] Leaving safepoint region
[2019-12-09T05:48:25.658+0000][1][safepoint    ] Total time for which application threads were stopped: 0.0000753 seconds, Stopping threads took: 0.0000257 seconds
[2019-12-09T05:48:26.658+0000][1][safepoint    ] Application time: 1.0000757 seconds
[2019-12-09T05:48:26.658+0000][1][safepoint    ] Entering safepoint region: Cleanup
[2019-12-09T05:48:26.659+0000][1][safepoint    ] Leaving safepoint region
[2019-12-09T05:48:26.659+0000][1][safepoint    ] Total time for which application threads were stopped: 0.0000687 seconds, Stopping threads took: 0.0000179 seconds
[2019-12-09T05:48:27.659+0000][1][safepoint    ] Application time: 1.0000748 seconds
[2019-12-09T05:48:27.659+0000][1][safepoint    ] Entering safepoint region: Cleanup
[2019-12-09T05:48:27.659+0000][1][safepoint    ] Leaving safepoint region
[2019-12-09T05:48:27.659+0000][1][safepoint    ] Total time for which application threads were stopped: 0.0000792 seconds, Stopping threads took: 0.0000176 seconds
[2019-12-09T05:48:28.659+0000][1][safepoint    ] Application time: 1.0000761 seconds
[2019-12-09T05:48:28.659+0000][1][safepoint    ] Entering safepoint region: Cleanup
[2019-12-09T05:48:28.659+0000][1][safepoint    ] Leaving safepoint region
[2019-12-09T05:48:28.659+0000][1][safepoint    ] Total time for which application threads were stopped: 0.0000683 seconds, Stopping threads took: 0.0000161 seconds
[2019-12-09T05:48:29.659+0000][1][safepoint    ] Application time: 1.0000756 seconds
[2019-12-09T05:48:29.659+0000][1][safepoint    ] Entering safepoint region: Cleanup
[2019-12-09T05:48:29.659+0000][1][safepoint    ] Leaving safepoint region
[2019-12-09T05:48:29.659+0000][1][safepoint    ] Total time for which application threads were stopped: 0.0000652 seconds, Stopping threads took: 0.0000172 seconds
[2019-12-09T05:48:30.659+0000][1][safepoint    ] Application time: 1.0000754 seconds
[2019-12-09T05:48:30.659+0000][1][safepoint    ] Entering safepoint region: Cleanup
[2019-12-09T05:48:30.659+0000][1][safepoint    ] Leaving safepoint region
[2019-12-09T05:48:30.659+0000][1][safepoint    ] Total time for which application threads were stopped: 0.0000682 seconds, Stopping threads took: 0.0000191 seconds
[2019-12-09T05:48:31.659+0000][1][safepoint    ] Application time: 1.0000762 seconds
[2019-12-09T05:48:31.659+0000][1][safepoint    ] Entering safepoint region: Cleanup
[2019-12-09T05:48:31.659+0000][1][safepoint    ] Leaving safepoint region
[2019-12-09T05:48:31.659+0000][1][safepoint    ] Total time for which application threads were stopped: 0.0000659 seconds, Stopping threads took: 0.0000156 seconds
[2019-12-09T05:48:32.660+0000][1][safepoint    ] Application time: 1.0000762 seconds
[2019-12-09T05:48:32.660+0000][1][safepoint    ] Entering safepoint region: Cleanup
[2019-12-09T05:48:32.660+0000][1][safepoint    ] Leaving safepoint region
[2019-12-09T05:48:32.660+0000][1][safepoint    ] Total time for which application threads were stopped: 0.0000676 seconds, Stopping threads took: 0.0000173 seconds
[2019-12-09T05:48:33.660+0000][1][safepoint    ] Application time: 1.0000757 seconds
[2019-12-09T05:48:33.660+0000][1][safepoint    ] Entering safepoint region: Cleanup
[2019-12-09T05:48:33.660+0000][1][safepoint    ] Leaving safepoint region
[2019-12-09T05:48:33.660+0000][1][safepoint    ] Total time for which application threads were stopped: 0.0000672 seconds, Stopping threads took: 0.0000176 seconds
[2019-12-09T05:48:34.660+0000][1][safepoint    ] Application time: 1.0000800 seconds
[2019-12-09T05:48:34.660+0000][1][safepoint    ] Entering safepoint region: Cleanup
[2019-12-09T05:48:34.660+0000][1][safepoint    ] Leaving safepoint region
[2019-12-09T05:48:34.660+0000][1][safepoint    ] Total time for which application threads were stopped: 0.0000700 seconds, Stopping threads took: 0.0000192 seconds
[2019-12-09T05:48:35.660+0000][1][safepoint    ] Application time: 1.0000759 seconds
[2019-12-09T05:48:35.660+0000][1][safepoint    ] Entering safepoint region: Cleanup
[2019-12-09T05:48:35.660+0000][1][safepoint    ] Leaving safepoint region
[2019-12-09T05:48:35.660+0000][1][safepoint    ] Total time for which application threads were stopped: 0.0000731 seconds, Stopping threads took: 0.0000237 seconds
[2019-12-09T05:48:36.660+0000][1][safepoint    ] Application time: 1.0000751 seconds
[2019-12-09T05:48:36.660+0000][1][safepoint    ] Entering safepoint region: Cleanup
[2019-12-09T05:48:36.660+0000][1][safepoint    ] Leaving safepoint region
[2019-12-09T05:48:36.660+0000][1][safepoint    ] Total time for which application threads were stopped: 0.0000746 seconds, Stopping threads took: 0.0000227 seconds
[2019-12-09T05:48:37.660+0000][1][safepoint    ] Application time: 1.0000752 seconds
[2019-12-09T05:48:37.661+0000][1][safepoint    ] Entering safepoint region: Cleanup
[2019-12-09T05:48:37.661+0000][1][safepoint    ] Leaving safepoint region
[2019-12-09T05:48:37.661+0000][1][safepoint    ] Total time for which application threads were stopped: 0.0000658 seconds, Stopping threads took: 0.0000174 seconds
[2019-12-09T05:48:38.661+0000][1][safepoint    ] Application time: 1.0000763 seconds
[2019-12-09T05:48:38.661+0000][1][safepoint    ] Entering safepoint region: Cleanup
[2019-12-09T05:48:38.661+0000][1][safepoint    ] Leaving safepoint region
[2019-12-09T05:48:38.661+0000][1][safepoint    ] Total time for which application threads were stopped: 0.0000689 seconds, Stopping threads took: 0.0000186 seconds
[2019-12-09T05:48:39.661+0000][1][safepoint    ] Application time: 1.0000763 seconds
[2019-12-09T05:48:39.661+0000][1][safepoint    ] Entering safepoint region: Cleanup
[2019-12-09T05:48:39.661+0000][1][safepoint    ] Leaving safepoint region
[2019-12-09T05:48:39.661+0000][1][safepoint    ] Total time for which application threads were stopped: 0.0000665 seconds, Stopping threads took: 0.0000166 seconds
[2019-12-09T05:48:40.661+0000][1][safepoint    ] Application time: 1.0000757 seconds
[2019-12-09T05:48:40.661+0000][1][safepoint    ] Entering safepoint region: Cleanup
[2019-12-09T05:48:40.661+0000][1][safepoint    ] Leaving safepoint region
[2019-12-09T05:48:40.661+0000][1][safepoint    ] Total time for which application threads were stopped: 0.0000661 seconds, Stopping threads took: 0.0000174 seconds
[2019-12-09T05:48:41.661+0000][1][safepoint    ] Application time: 1.0000753 seconds
[2019-12-09T05:48:41.661+0000][1][safepoint    ] Entering safepoint region: Cleanup
[2019-12-09T05:48:41.661+0000][1][safepoint    ] Leaving safepoint region
[2019-12-09T05:48:41.661+0000][1][safepoint    ] Total time for which application threads were stopped: 0.0000650 seconds, Stopping threads took: 0.0000151 seconds
[2019-12-09T05:48:42.661+0000][1][safepoint    ] Application time: 1.0000746 seconds
[2019-12-09T05:48:42.661+0000][1][safepoint    ] Entering safepoint region: Cleanup
[2019-12-09T05:48:42.662+0000][1][safepoint    ] Leaving safepoint region
[2019-12-09T05:48:42.662+0000][1][safepoint    ] Total time for which application threads were stopped: 0.0000686 seconds, Stopping threads took: 0.0000177 seconds
[2019-12-09T05:48:43.662+0000][1][safepoint    ] Application time: 1.0000760 seconds
[2019-12-09T05:48:43.662+0000][1][safepoint    ] Entering safepoint region: Cleanup
[2019-12-09T05:48:43.662+0000][1][safepoint    ] Leaving safepoint region
[2019-12-09T05:48:43.662+0000][1][safepoint    ] Total time for which application threads were stopped: 0.0000742 seconds, Stopping threads took: 0.0000167 seconds
[2019-12-09T05:48:44.662+0000][1][safepoint    ] Application time: 1.0000765 seconds
[2019-12-09T05:48:44.662+0000][1][safepoint    ] Entering safepoint region: Cleanup
[2019-12-09T05:48:44.662+0000][1][safepoint    ] Leaving safepoint region
[2019-12-09T05:48:44.662+0000][1][safepoint    ] Total time for which application threads were stopped: 0.0000660 seconds, Stopping threads took: 0.0000173 seconds
[2019-12-09T05:48:45.662+0000][1][safepoint    ] Application time: 1.0000754 seconds
[2019-12-09T05:48:45.662+0000][1][safepoint    ] Entering safepoint region: Cleanup
[2019-12-09T05:48:45.662+0000][1][safepoint    ] Leaving safepoint region
[2019-12-09T05:48:45.662+0000][1][safepoint    ] Total time for which application threads were stopped: 0.0000754 seconds, Stopping threads took: 0.0000184 seconds
[2019-12-09T05:48:46.662+0000][1][safepoint    ] Application time: 1.0000757 seconds
[2019-12-09T05:48:46.662+0000][1][safepoint    ] Entering safepoint region: Cleanup
[2019-12-09T05:48:46.662+0000][1][safepoint    ] Leaving safepoint region
[2019-12-09T05:48:46.662+0000][1][safepoint    ] Total time for which application threads were stopped: 0.0000658 seconds, Stopping threads took: 0.0000169 seconds
[2019-12-09T05:48:47.662+0000][1][safepoint    ] Application time: 1.0000751 seconds
[2019-12-09T05:48:47.662+0000][1][safepoint    ] Entering safepoint region: Cleanup
[2019-12-09T05:48:47.662+0000][1][safepoint    ] Leaving safepoint region
[2019-12-09T05:48:47.662+0000][1][safepoint    ] Total time for which application threads were stopped: 0.0000678 seconds, Stopping threads took: 0.0000179 seconds
[2019-12-09T05:48:48.663+0000][1][safepoint    ] Application time: 1.0000773 seconds
[2019-12-09T05:48:48.663+0000][1][safepoint    ] Entering safepoint region: Cleanup
[2019-12-09T05:48:48.663+0000][1][safepoint    ] Leaving safepoint region
[2019-12-09T05:48:48.663+0000][1][safepoint    ] Total time for which application threads were stopped: 0.0000678 seconds, Stopping threads took: 0.0000173 seconds
[2019-12-09T05:48:49.663+0000][1][safepoint    ] Application time: 1.0000734 seconds
[2019-12-09T05:48:49.663+0000][1][safepoint    ] Entering safepoint region: Cleanup
[2019-12-09T05:48:49.663+0000][1][safepoint    ] Leaving safepoint region
[2019-12-09T05:48:49.663+0000][1][safepoint    ] Total time for which application threads were stopped: 0.0000671 seconds, Stopping threads took: 0.0000183 seconds
[2019-12-09T05:48:50.663+0000][1][safepoint    ] Application time: 1.0000559 seconds
[2019-12-09T05:48:50.663+0000][1][safepoint    ] Entering safepoint region: Cleanup
[2019-12-09T05:48:50.663+0000][1][safepoint    ] Leaving safepoint region
[2019-12-09T05:48:50.663+0000][1][safepoint    ] Total time for which application threads were stopped: 0.0000761 seconds, Stopping threads took: 0.0000207 seconds
[2019-12-09T05:48:51.663+0000][1][safepoint    ] Application time: 1.0000750 seconds
[2019-12-09T05:48:51.663+0000][1][safepoint    ] Entering safepoint region: Cleanup
[2019-12-09T05:48:51.663+0000][1][safepoint    ] Leaving safepoint region
[2019-12-09T05:48:51.663+0000][1][safepoint    ] Total time for which application threads were stopped: 0.0000642 seconds, Stopping threads took: 0.0000156 seconds
[2019-12-09T05:48:52.663+0000][1][safepoint    ] Application time: 1.0000733 seconds
[2019-12-09T05:48:52.663+0000][1][safepoint    ] Entering safepoint region: Cleanup
[2019-12-09T05:48:52.663+0000][1][safepoint    ] Leaving safepoint region
[2019-12-09T05:48:52.663+0000][1][safepoint    ] Total time for which application threads were stopped: 0.0000657 seconds, Stopping threads took: 0.0000175 seconds
[2019-12-09T05:48:53.663+0000][1][safepoint    ] Application time: 1.0000752 seconds
[2019-12-09T05:48:53.664+0000][1][safepoint    ] Entering safepoint region: Cleanup
[2019-12-09T05:48:53.664+0000][1][safepoint    ] Leaving safepoint region
[2019-12-09T05:48:53.664+0000][1][safepoint    ] Total time for which application threads were stopped: 0.0000816 seconds, Stopping threads took: 0.0000169 seconds
[2019-12-09T05:48:54.664+0000][1][safepoint    ] Application time: 1.0000739 seconds
[2019-12-09T05:48:54.664+0000][1][safepoint    ] Entering safepoint region: Cleanup
[2019-12-09T05:48:54.664+0000][1][safepoint    ] Leaving safepoint region
[2019-12-09T05:48:54.664+0000][1][safepoint    ] Total time for which application threads were stopped: 0.0000689 seconds, Stopping threads took: 0.0000191 seconds
[2019-12-09T05:48:55.664+0000][1][safepoint    ] Application time: 1.0000737 seconds
[2019-12-09T05:48:55.664+0000][1][safepoint    ] Entering safepoint region: Cleanup
[2019-12-09T05:48:55.664+0000][1][safepoint    ] Leaving safepoint region
[2019-12-09T05:48:55.664+0000][1][safepoint    ] Total time for which application threads were stopped: 0.0000741 seconds, Stopping threads took: 0.0000182 seconds
[2019-12-09T05:48:56.664+0000][1][safepoint    ] Application time: 1.0000749 seconds
[2019-12-09T05:48:56.664+0000][1][safepoint    ] Entering safepoint region: Cleanup
[2019-12-09T05:48:56.664+0000][1][safepoint    ] Leaving safepoint region
[2019-12-09T05:48:56.664+0000][1][safepoint    ] Total time for which application threads were stopped: 0.0000627 seconds, Stopping threads took: 0.0000153 seconds
[2019-12-09T05:48:57.664+0000][1][safepoint    ] Application time: 1.0000759 seconds
[2019-12-09T05:48:57.664+0000][1][safepoint    ] Entering safepoint region: Cleanup
[2019-12-09T05:48:57.664+0000][1][safepoint    ] Leaving safepoint region
[2019-12-09T05:48:57.664+0000][1][safepoint    ] Total time for which application threads were stopped: 0.0000653 seconds, Stopping threads took: 0.0000162 seconds
[2019-12-09T05:48:58.664+0000][1][safepoint    ] Application time: 1.0000734 seconds
[2019-12-09T05:48:58.664+0000][1][safepoint    ] Entering safepoint region: Cleanup
[2019-12-09T05:48:58.664+0000][1][safepoint    ] Leaving safepoint region
[2019-12-09T05:48:58.665+0000][1][safepoint    ] Total time for which application threads were stopped: 0.0000671 seconds, Stopping threads took: 0.0000168 seconds
[2019-12-09T05:48:59.665+0000][1][safepoint    ] Application time: 1.0000754 seconds
[2019-12-09T05:48:59.665+0000][1][safepoint    ] Entering safepoint region: Cleanup
[2019-12-09T05:48:59.665+0000][1][safepoint    ] Leaving safepoint region
[2019-12-09T05:48:59.665+0000][1][safepoint    ] Total time for which application threads were stopped: 0.0000745 seconds, Stopping threads took: 0.0000161 seconds
[2019-12-09T05:49:00.665+0000][1][safepoint    ] Application time: 1.0000764 seconds
[2019-12-09T05:49:00.665+0000][1][safepoint    ] Entering safepoint region: Cleanup
[2019-12-09T05:49:00.665+0000][1][safepoint    ] Leaving safepoint region
[2019-12-09T05:49:00.665+0000][1][safepoint    ] Total time for which application threads were stopped: 0.0000668 seconds, Stopping threads took: 0.0000184 seconds
[2019-12-09T05:49:01.665+0000][1][safepoint    ] Application time: 1.0001211 seconds
[2019-12-09T05:49:01.665+0000][1][safepoint    ] Entering safepoint region: Cleanup
[2019-12-09T05:49:01.665+0000][1][safepoint    ] Leaving safepoint region
[2019-12-09T05:49:01.665+0000][1][safepoint    ] Total time for which application threads were stopped: 0.0000696 seconds, Stopping threads took: 0.0000165 seconds
[2019-12-09T05:49:02.665+0000][1][safepoint    ] Application time: 1.0000772 seconds
[2019-12-09T05:49:02.665+0000][1][safepoint    ] Entering safepoint region: Cleanup
[2019-12-09T05:49:02.665+0000][1][safepoint    ] Leaving safepoint region
[2019-12-09T05:49:02.665+0000][1][safepoint    ] Total time for which application threads were stopped: 0.0000665 seconds, Stopping threads took: 0.0000180 seconds
[2019-12-09T05:49:03.665+0000][1][safepoint    ] Application time: 1.0000759 seconds
[2019-12-09T05:49:03.665+0000][1][safepoint    ] Entering safepoint region: Cleanup
[2019-12-09T05:49:03.665+0000][1][safepoint    ] Leaving safepoint region
[2019-12-09T05:49:03.665+0000][1][safepoint    ] Total time for which application threads were stopped: 0.0000652 seconds, Stopping threads took: 0.0000166 seconds
[2019-12-09T05:49:04.666+0000][1][safepoint    ] Application time: 1.0000749 seconds
[2019-12-09T05:49:04.666+0000][1][safepoint    ] Entering safepoint region: Cleanup
[2019-12-09T05:49:04.666+0000][1][safepoint    ] Leaving safepoint region
[2019-12-09T05:49:04.666+0000][1][safepoint    ] Total time for which application threads were stopped: 0.0000660 seconds, Stopping threads took: 0.0000175 seconds
[2019-12-09T05:49:05.666+0000][1][safepoint    ] Application time: 1.0000841 seconds
[2019-12-09T05:49:05.666+0000][1][safepoint    ] Entering safepoint region: Cleanup
[2019-12-09T05:49:05.666+0000][1][safepoint    ] Leaving safepoint region
[2019-12-09T05:49:05.666+0000][1][safepoint    ] Total time for which application threads were stopped: 0.0000658 seconds, Stopping threads took: 0.0000163 seconds
[2019-12-09T05:49:06.666+0000][1][safepoint    ] Application time: 1.0000758 seconds
[2019-12-09T05:49:06.666+0000][1][safepoint    ] Entering safepoint region: Cleanup
[2019-12-09T05:49:06.666+0000][1][safepoint    ] Leaving safepoint region
[2019-12-09T05:49:06.666+0000][1][safepoint    ] Total time for which application threads were stopped: 0.0000634 seconds, Stopping threads took: 0.0000163 seconds
[2019-12-09T05:49:07.666+0000][1][safepoint    ] Application time: 1.0000765 seconds
[2019-12-09T05:49:07.666+0000][1][safepoint    ] Entering safepoint region: Cleanup
[2019-12-09T05:49:07.666+0000][1][safepoint    ] Leaving safepoint region
[2019-12-09T05:49:07.666+0000][1][safepoint    ] Total time for which application threads were stopped: 0.0000738 seconds, Stopping threads took: 0.0000255 seconds
[2019-12-09T05:49:08.666+0000][1][safepoint    ] Application time: 1.0000767 seconds
[2019-12-09T05:49:08.666+0000][1][safepoint    ] Entering safepoint region: Cleanup
[2019-12-09T05:49:08.666+0000][1][safepoint    ] Leaving safepoint region
[2019-12-09T05:49:08.666+0000][1][safepoint    ] Total time for which application threads were stopped: 0.0000704 seconds, Stopping threads took: 0.0000205 seconds
[2019-12-09T05:49:08.683+0000][1][safepoint    ] Application time: 0.0168115 seconds
[2019-12-09T05:49:08.683+0000][1][safepoint    ] Entering safepoint region: GenCollectForAllocation
[2019-12-09T05:49:08.683+0000][1][gc,start     ] GC(82) Pause Young (Allocation Failure)
[2019-12-09T05:49:08.683+0000][1][gc,task      ] GC(82) Using 2 workers of 2 for evacuation
[2019-12-09T05:49:08.685+0000][1][gc,age       ] GC(82) Desired survivor size 4456448 bytes, new threshold 6 (max threshold 6)
[2019-12-09T05:49:08.685+0000][1][gc,age       ] GC(82) Age table with threshold 6 (max threshold 6)
[2019-12-09T05:49:08.685+0000][1][gc,age       ] GC(82) - age   1:       4040 bytes,       4040 total
[2019-12-09T05:49:08.685+0000][1][gc,age       ] GC(82) - age   2:         88 bytes,       4128 total
[2019-12-09T05:49:08.685+0000][1][gc,heap      ] GC(82) ParNew: 69958K->6K(78656K)
[2019-12-09T05:49:08.685+0000][1][gc,heap      ] GC(82) CMS: 69363K->69363K(174784K)
[2019-12-09T05:49:08.685+0000][1][gc,metaspace ] GC(82) Metaspace: 68461K->68461K(1112064K)
[2019-12-09T05:49:08.685+0000][1][gc           ] GC(82) Pause Young (Allocation Failure) 136M->67M(247M) 1.358ms
[2019-12-09T05:49:08.685+0000][1][gc,cpu       ] GC(82) User=0.01s Sys=0.00s Real=0.01s
[2019-12-09T05:49:08.685+0000][1][safepoint    ] Leaving safepoint region
[2019-12-09T05:49:08.685+0000][1][safepoint    ] Total time for which application threads were stopped: 0.0014786 seconds, Stopping threads took: 0.0000130 seconds
[2019-12-09T05:49:09.685+0000][1][safepoint    ] Application time: 1.0000821 seconds
[2019-12-09T05:49:09.685+0000][1][safepoint    ] Entering safepoint region: Cleanup
[2019-12-09T05:49:09.685+0000][1][safepoint    ] Leaving safepoint region
[2019-12-09T05:49:09.685+0000][1][safepoint    ] Total time for which application threads were stopped: 0.0000661 seconds, Stopping threads took: 0.0000168 seconds
[2019-12-09T05:49:10.685+0000][1][safepoint    ] Application time: 1.0000735 seconds
[2019-12-09T05:49:10.685+0000][1][safepoint    ] Entering safepoint region: Cleanup
[2019-12-09T05:49:10.685+0000][1][safepoint    ] Leaving safepoint region
[2019-12-09T05:49:10.685+0000][1][safepoint    ] Total time for which application threads were stopped: 0.0000661 seconds, Stopping threads took: 0.0000169 seconds
[2019-12-09T05:49:11.685+0000][1][safepoint    ] Application time: 1.0000741 seconds
[2019-12-09T05:49:11.685+0000][1][safepoint    ] Entering safepoint region: Cleanup
[2019-12-09T05:49:11.685+0000][1][safepoint    ] Leaving safepoint region
[2019-12-09T05:49:11.685+0000][1][safepoint    ] Total time for which application threads were stopped: 0.0000633 seconds, Stopping threads took: 0.0000159 seconds
[2019-12-09T05:49:12.685+0000][1][safepoint    ] Application time: 1.0000759 seconds
[2019-12-09T05:49:12.685+0000][1][safepoint    ] Entering safepoint region: Cleanup
[2019-12-09T05:49:12.685+0000][1][safepoint    ] Leaving safepoint region
[2019-12-09T05:49:12.685+0000][1][safepoint    ] Total time for which application threads were stopped: 0.0000687 seconds, Stopping threads took: 0.0000176 seconds
[2019-12-09T05:49:13.686+0000][1][safepoint    ] Application time: 1.0000927 seconds
[2019-12-09T05:49:13.686+0000][1][safepoint    ] Entering safepoint region: Cleanup
[2019-12-09T05:49:13.686+0000][1][safepoint    ] Leaving safepoint region
[2019-12-09T05:49:13.686+0000][1][safepoint    ] Total time for which application threads were stopped: 0.0001255 seconds, Stopping threads took: 0.0000703 seconds
[2019-12-09T05:49:14.686+0000][1][safepoint    ] Application time: 1.0000795 seconds
[2019-12-09T05:49:14.686+0000][1][safepoint    ] Entering safepoint region: Cleanup
[2019-12-09T05:49:14.686+0000][1][safepoint    ] Leaving safepoint region
[2019-12-09T05:49:14.686+0000][1][safepoint    ] Total time for which application threads were stopped: 0.0000662 seconds, Stopping threads took: 0.0000166 seconds
[2019-12-09T05:49:15.686+0000][1][safepoint    ] Application time: 1.0000763 seconds
[2019-12-09T05:49:15.686+0000][1][safepoint    ] Entering safepoint region: Cleanup
[2019-12-09T05:49:15.686+0000][1][safepoint    ] Leaving safepoint region
[2019-12-09T05:49:15.686+0000][1][safepoint    ] Total time for which application threads were stopped: 0.0000638 seconds, Stopping threads took: 0.0000162 seconds
[2019-12-09T05:49:16.686+0000][1][safepoint    ] Application time: 1.0000755 seconds
[2019-12-09T05:49:16.686+0000][1][safepoint    ] Entering safepoint region: Cleanup
[2019-12-09T05:49:16.686+0000][1][safepoint    ] Leaving safepoint region
[2019-12-09T05:49:16.686+0000][1][safepoint    ] Total time for which application threads were stopped: 0.0000639 seconds, Stopping threads took: 0.0000162 seconds
[2019-12-09T05:49:17.686+0000][1][safepoint    ] Application time: 1.0000779 seconds
[2019-12-09T05:49:17.686+0000][1][safepoint    ] Entering safepoint region: Cleanup
[2019-12-09T05:49:17.687+0000][1][safepoint    ] Leaving safepoint region
[2019-12-09T05:49:17.687+0000][1][safepoint    ] Total time for which application threads were stopped: 0.0000682 seconds, Stopping threads took: 0.0000190 seconds
[2019-12-09T05:49:18.687+0000][1][safepoint    ] Application time: 1.0000756 seconds
[2019-12-09T05:49:18.687+0000][1][safepoint    ] Entering safepoint region: Cleanup
[2019-12-09T05:49:18.687+0000][1][safepoint    ] Leaving safepoint region
[2019-12-09T05:49:18.687+0000][1][safepoint    ] Total time for which application threads were stopped: 0.0000767 seconds, Stopping threads took: 0.0000170 seconds
[2019-12-09T05:49:19.687+0000][1][safepoint    ] Application time: 1.0000766 seconds
[2019-12-09T05:49:19.687+0000][1][safepoint    ] Entering safepoint region: Cleanup
[2019-12-09T05:49:19.687+0000][1][safepoint    ] Leaving safepoint region
[2019-12-09T05:49:19.687+0000][1][safepoint    ] Total time for which application threads were stopped: 0.0000650 seconds, Stopping threads took: 0.0000159 seconds
[2019-12-09T05:49:20.687+0000][1][safepoint    ] Application time: 1.0000762 seconds
[2019-12-09T05:49:20.687+0000][1][safepoint    ] Entering safepoint region: Cleanup
[2019-12-09T05:49:20.687+0000][1][safepoint    ] Leaving safepoint region
[2019-12-09T05:49:20.687+0000][1][safepoint    ] Total time for which application threads were stopped: 0.0000653 seconds, Stopping threads took: 0.0000165 seconds
[2019-12-09T05:49:21.687+0000][1][safepoint    ] Application time: 1.0000758 seconds
[2019-12-09T05:49:21.687+0000][1][safepoint    ] Entering safepoint region: Cleanup
[2019-12-09T05:49:21.687+0000][1][safepoint    ] Leaving safepoint region
[2019-12-09T05:49:21.687+0000][1][safepoint    ] Total time for which application threads were stopped: 0.0000667 seconds, Stopping threads took: 0.0000179 seconds
[2019-12-09T05:49:22.687+0000][1][safepoint    ] Application time: 1.0000759 seconds
[2019-12-09T05:49:22.687+0000][1][safepoint    ] Entering safepoint region: Cleanup
[2019-12-09T05:49:22.687+0000][1][safepoint    ] Leaving safepoint region
[2019-12-09T05:49:22.687+0000][1][safepoint    ] Total time for which application threads were stopped: 0.0000651 seconds, Stopping threads took: 0.0000166 seconds
[2019-12-09T05:49:23.688+0000][1][safepoint    ] Application time: 1.0000763 seconds
[2019-12-09T05:49:23.688+0000][1][safepoint    ] Entering safepoint region: Cleanup
[2019-12-09T05:49:23.688+0000][1][safepoint    ] Leaving safepoint region
[2019-12-09T05:49:23.688+0000][1][safepoint    ] Total time for which application threads were stopped: 0.0000661 seconds, Stopping threads took: 0.0000160 seconds
[2019-12-09T05:49:24.688+0000][1][safepoint    ] Application time: 1.0000751 seconds
[2019-12-09T05:49:24.688+0000][1][safepoint    ] Entering safepoint region: Cleanup
[2019-12-09T05:49:24.688+0000][1][safepoint    ] Leaving safepoint region
[2019-12-09T05:49:24.688+0000][1][safepoint    ] Total time for which application threads were stopped: 0.0000666 seconds, Stopping threads took: 0.0000171 seconds
[2019-12-09T05:49:25.688+0000][1][safepoint    ] Application time: 1.0000750 seconds
[2019-12-09T05:49:25.688+0000][1][safepoint    ] Entering safepoint region: Cleanup
[2019-12-09T05:49:25.688+0000][1][safepoint    ] Leaving safepoint region
[2019-12-09T05:49:25.688+0000][1][safepoint    ] Total time for which application threads were stopped: 0.0000676 seconds, Stopping threads took: 0.0000174 seconds
[2019-12-09T05:49:26.688+0000][1][safepoint    ] Application time: 1.0000765 seconds
[2019-12-09T05:49:26.688+0000][1][safepoint    ] Entering safepoint region: Cleanup
[2019-12-09T05:49:26.688+0000][1][safepoint    ] Leaving safepoint region
[2019-12-09T05:49:26.688+0000][1][safepoint    ] Total time for which application threads were stopped: 0.0000655 seconds, Stopping threads took: 0.0000160 seconds
[2019-12-09T05:49:27.688+0000][1][safepoint    ] Application time: 1.0000762 seconds
[2019-12-09T05:49:27.688+0000][1][safepoint    ] Entering safepoint region: Cleanup
[2019-12-09T05:49:27.688+0000][1][safepoint    ] Leaving safepoint region
[2019-12-09T05:49:27.688+0000][1][safepoint    ] Total time for which application threads were stopped: 0.0000666 seconds, Stopping threads took: 0.0000168 seconds
[2019-12-09T05:49:28.688+0000][1][safepoint    ] Application time: 1.0000758 seconds
[2019-12-09T05:49:28.689+0000][1][safepoint    ] Entering safepoint region: Cleanup
[2019-12-09T05:49:28.689+0000][1][safepoint    ] Leaving safepoint region
[2019-12-09T05:49:28.689+0000][1][safepoint    ] Total time for which application threads were stopped: 0.0000657 seconds, Stopping threads took: 0.0000170 seconds
[2019-12-09T05:49:29.689+0000][1][safepoint    ] Application time: 1.0000751 seconds
[2019-12-09T05:49:29.689+0000][1][safepoint    ] Entering safepoint region: Cleanup
[2019-12-09T05:49:29.689+0000][1][safepoint    ] Leaving safepoint region
[2019-12-09T05:49:29.689+0000][1][safepoint    ] Total time for which application threads were stopped: 0.0000649 seconds, Stopping threads took: 0.0000161 seconds
[2019-12-09T05:49:30.689+0000][1][safepoint    ] Application time: 1.0000736 seconds
[2019-12-09T05:49:30.689+0000][1][safepoint    ] Entering safepoint region: Cleanup
[2019-12-09T05:49:30.689+0000][1][safepoint    ] Leaving safepoint region
[2019-12-09T05:49:30.689+0000][1][safepoint    ] Total time for which application threads were stopped: 0.0000648 seconds, Stopping threads took: 0.0000167 seconds
[2019-12-09T05:49:31.689+0000][1][safepoint    ] Application time: 1.0000800 seconds
[2019-12-09T05:49:31.689+0000][1][safepoint    ] Entering safepoint region: Cleanup
[2019-12-09T05:49:31.689+0000][1][safepoint    ] Leaving safepoint region
[2019-12-09T05:49:31.689+0000][1][safepoint    ] Total time for which application threads were stopped: 0.0000856 seconds, Stopping threads took: 0.0000224 seconds
[2019-12-09T05:49:32.689+0000][1][safepoint    ] Application time: 1.0000726 seconds
[2019-12-09T05:49:32.689+0000][1][safepoint    ] Entering safepoint region: Cleanup
[2019-12-09T05:49:32.689+0000][1][safepoint    ] Leaving safepoint region
[2019-12-09T05:49:32.689+0000][1][safepoint    ] Total time for which application threads were stopped: 0.0000654 seconds, Stopping threads took: 0.0000168 seconds
[2019-12-09T05:49:33.689+0000][1][safepoint    ] Application time: 1.0000750 seconds
[2019-12-09T05:49:33.689+0000][1][safepoint    ] Entering safepoint region: Cleanup
[2019-12-09T05:49:33.690+0000][1][safepoint    ] Leaving safepoint region
[2019-12-09T05:49:33.690+0000][1][safepoint    ] Total time for which application threads were stopped: 0.0000712 seconds, Stopping threads took: 0.0000172 seconds
[2019-12-09T05:49:34.690+0000][1][safepoint    ] Application time: 1.0000749 seconds
[2019-12-09T05:49:34.690+0000][1][safepoint    ] Entering safepoint region: Cleanup
[2019-12-09T05:49:34.690+0000][1][safepoint    ] Leaving safepoint region
[2019-12-09T05:49:34.690+0000][1][safepoint    ] Total time for which application threads were stopped: 0.0000778 seconds, Stopping threads took: 0.0000172 seconds
[2019-12-09T05:49:35.690+0000][1][safepoint    ] Application time: 1.0000748 seconds
[2019-12-09T05:49:35.690+0000][1][safepoint    ] Entering safepoint region: Cleanup
[2019-12-09T05:49:35.690+0000][1][safepoint    ] Leaving safepoint region
[2019-12-09T05:49:35.690+0000][1][safepoint    ] Total time for which application threads were stopped: 0.0000673 seconds, Stopping threads took: 0.0000180 seconds
[2019-12-09T05:49:36.690+0000][1][safepoint    ] Application time: 1.0000642 seconds
[2019-12-09T05:49:36.690+0000][1][safepoint    ] Entering safepoint region: Cleanup
[2019-12-09T05:49:36.690+0000][1][safepoint    ] Leaving safepoint region
[2019-12-09T05:49:36.690+0000][1][safepoint    ] Total time for which application threads were stopped: 0.0000670 seconds, Stopping threads took: 0.0000178 seconds
[2019-12-09T05:49:37.690+0000][1][safepoint    ] Application time: 1.0000767 seconds
[2019-12-09T05:49:37.690+0000][1][safepoint    ] Entering safepoint region: Cleanup
[2019-12-09T05:49:37.690+0000][1][safepoint    ] Leaving safepoint region
[2019-12-09T05:49:37.690+0000][1][safepoint    ] Total time for which application threads were stopped: 0.0000780 seconds, Stopping threads took: 0.0000270 seconds
[2019-12-09T05:49:38.690+0000][1][safepoint    ] Application time: 1.0000756 seconds
[2019-12-09T05:49:38.690+0000][1][safepoint    ] Entering safepoint region: Cleanup
[2019-12-09T05:49:38.690+0000][1][safepoint    ] Leaving safepoint region
[2019-12-09T05:49:38.690+0000][1][safepoint    ] Total time for which application threads were stopped: 0.0000639 seconds, Stopping threads took: 0.0000160 seconds
[2019-12-09T05:49:39.691+0000][1][safepoint    ] Application time: 1.0000739 seconds
[2019-12-09T05:49:39.691+0000][1][safepoint    ] Entering safepoint region: Cleanup
[2019-12-09T05:49:39.691+0000][1][safepoint    ] Leaving safepoint region
[2019-12-09T05:49:39.691+0000][1][safepoint    ] Total time for which application threads were stopped: 0.0000666 seconds, Stopping threads took: 0.0000181 seconds
[2019-12-09T05:49:40.691+0000][1][safepoint    ] Application time: 1.0000762 seconds
[2019-12-09T05:49:40.691+0000][1][safepoint    ] Entering safepoint region: Cleanup
[2019-12-09T05:49:40.691+0000][1][safepoint    ] Leaving safepoint region
[2019-12-09T05:49:40.691+0000][1][safepoint    ] Total time for which application threads were stopped: 0.0000661 seconds, Stopping threads took: 0.0000169 seconds
[2019-12-09T05:49:41.691+0000][1][safepoint    ] Application time: 1.0000737 seconds
[2019-12-09T05:49:41.691+0000][1][safepoint    ] Entering safepoint region: Cleanup
[2019-12-09T05:49:41.691+0000][1][safepoint    ] Leaving safepoint region
[2019-12-09T05:49:41.691+0000][1][safepoint    ] Total time for which application threads were stopped: 0.0000652 seconds, Stopping threads took: 0.0000161 seconds
[2019-12-09T05:49:42.691+0000][1][safepoint    ] Application time: 1.0000735 seconds
[2019-12-09T05:49:42.691+0000][1][safepoint    ] Entering safepoint region: Cleanup
[2019-12-09T05:49:42.691+0000][1][safepoint    ] Leaving safepoint region
[2019-12-09T05:49:42.691+0000][1][safepoint    ] Total time for which application threads were stopped: 0.0000662 seconds, Stopping threads took: 0.0000172 seconds
[2019-12-09T05:49:43.691+0000][1][safepoint    ] Application time: 1.0000733 seconds
[2019-12-09T05:49:43.691+0000][1][safepoint    ] Entering safepoint region: Cleanup
[2019-12-09T05:49:43.691+0000][1][safepoint    ] Leaving safepoint region
[2019-12-09T05:49:43.691+0000][1][safepoint    ] Total time for which application threads were stopped: 0.0000675 seconds, Stopping threads took: 0.0000175 seconds
[2019-12-09T05:49:44.691+0000][1][safepoint    ] Application time: 1.0000755 seconds
[2019-12-09T05:49:44.692+0000][1][safepoint    ] Entering safepoint region: Cleanup
[2019-12-09T05:49:44.692+0000][1][safepoint    ] Leaving safepoint region
[2019-12-09T05:49:44.692+0000][1][safepoint    ] Total time for which application threads were stopped: 0.0000636 seconds, Stopping threads took: 0.0000171 seconds
[2019-12-09T05:49:45.692+0000][1][safepoint    ] Application time: 1.0000749 seconds
[2019-12-09T05:49:45.692+0000][1][safepoint    ] Entering safepoint region: Cleanup
[2019-12-09T05:49:45.692+0000][1][safepoint    ] Leaving safepoint region
[2019-12-09T05:49:45.692+0000][1][safepoint    ] Total time for which application threads were stopped: 0.0000667 seconds, Stopping threads took: 0.0000169 seconds
[2019-12-09T05:49:46.692+0000][1][safepoint    ] Application time: 1.0000755 seconds
[2019-12-09T05:49:46.692+0000][1][safepoint    ] Entering safepoint region: Cleanup
[2019-12-09T05:49:46.692+0000][1][safepoint    ] Leaving safepoint region
[2019-12-09T05:49:46.692+0000][1][safepoint    ] Total time for which application threads were stopped: 0.0000678 seconds, Stopping threads took: 0.0000180 seconds
[2019-12-09T05:49:47.692+0000][1][safepoint    ] Application time: 1.0000761 seconds
[2019-12-09T05:49:47.692+0000][1][safepoint    ] Entering safepoint region: Cleanup
[2019-12-09T05:49:47.692+0000][1][safepoint    ] Leaving safepoint region
[2019-12-09T05:49:47.692+0000][1][safepoint    ] Total time for which application threads were stopped: 0.0000672 seconds, Stopping threads took: 0.0000164 seconds
[2019-12-09T05:49:48.692+0000][1][safepoint    ] Application time: 1.0000764 seconds
[2019-12-09T05:49:48.692+0000][1][safepoint    ] Entering safepoint region: Cleanup
[2019-12-09T05:49:48.692+0000][1][safepoint    ] Leaving safepoint region
[2019-12-09T05:49:48.692+0000][1][safepoint    ] Total time for which application threads were stopped: 0.0000652 seconds, Stopping threads took: 0.0000160 seconds
[2019-12-09T05:49:49.692+0000][1][safepoint    ] Application time: 1.0000748 seconds
[2019-12-09T05:49:49.692+0000][1][safepoint    ] Entering safepoint region: Cleanup
[2019-12-09T05:49:49.692+0000][1][safepoint    ] Leaving safepoint region
[2019-12-09T05:49:49.693+0000][1][safepoint    ] Total time for which application threads were stopped: 0.0000682 seconds, Stopping threads took: 0.0000201 seconds
[2019-12-09T05:49:50.693+0000][1][safepoint    ] Application time: 1.0000740 seconds
[2019-12-09T05:49:50.693+0000][1][safepoint    ] Entering safepoint region: Cleanup
[2019-12-09T05:49:50.693+0000][1][safepoint    ] Leaving safepoint region
[2019-12-09T05:49:50.693+0000][1][safepoint    ] Total time for which application threads were stopped: 0.0000813 seconds, Stopping threads took: 0.0000167 seconds
[2019-12-09T05:49:51.693+0000][1][safepoint    ] Application time: 1.0000752 seconds
[2019-12-09T05:49:51.693+0000][1][safepoint    ] Entering safepoint region: Cleanup
[2019-12-09T05:49:51.693+0000][1][safepoint    ] Leaving safepoint region
[2019-12-09T05:49:51.693+0000][1][safepoint    ] Total time for which application threads were stopped: 0.0000675 seconds, Stopping threads took: 0.0000164 seconds
[2019-12-09T05:49:52.693+0000][1][safepoint    ] Application time: 1.0000758 seconds
[2019-12-09T05:49:52.693+0000][1][safepoint    ] Entering safepoint region: Cleanup
[2019-12-09T05:49:52.693+0000][1][safepoint    ] Leaving safepoint region
[2019-12-09T05:49:52.693+0000][1][safepoint    ] Total time for which application threads were stopped: 0.0000725 seconds, Stopping threads took: 0.0000239 seconds
[2019-12-09T05:49:53.693+0000][1][safepoint    ] Application time: 1.0000749 seconds
[2019-12-09T05:49:53.693+0000][1][safepoint    ] Entering safepoint region: Cleanup
[2019-12-09T05:49:53.693+0000][1][safepoint    ] Leaving safepoint region
[2019-12-09T05:49:53.693+0000][1][safepoint    ] Total time for which application threads were stopped: 0.0000842 seconds, Stopping threads took: 0.0000254 seconds
[2019-12-09T05:49:54.693+0000][1][safepoint    ] Application time: 1.0000765 seconds
[2019-12-09T05:49:54.693+0000][1][safepoint    ] Entering safepoint region: Cleanup
[2019-12-09T05:49:54.693+0000][1][safepoint    ] Leaving safepoint region
[2019-12-09T05:49:54.693+0000][1][safepoint    ] Total time for which application threads were stopped: 0.0000664 seconds, Stopping threads took: 0.0000179 seconds
[2019-12-09T05:49:55.694+0000][1][safepoint    ] Application time: 1.0000752 seconds
[2019-12-09T05:49:55.694+0000][1][safepoint    ] Entering safepoint region: Cleanup
[2019-12-09T05:49:55.694+0000][1][safepoint    ] Leaving safepoint region
[2019-12-09T05:49:55.694+0000][1][safepoint    ] Total time for which application threads were stopped: 0.0000647 seconds, Stopping threads took: 0.0000160 seconds
[2019-12-09T05:49:56.694+0000][1][safepoint    ] Application time: 1.0000769 seconds
[2019-12-09T05:49:56.694+0000][1][safepoint    ] Entering safepoint region: Cleanup
[2019-12-09T05:49:56.694+0000][1][safepoint    ] Leaving safepoint region
[2019-12-09T05:49:56.694+0000][1][safepoint    ] Total time for which application threads were stopped: 0.0000698 seconds, Stopping threads took: 0.0000178 seconds
[2019-12-09T05:49:57.694+0000][1][safepoint    ] Application time: 1.0000763 seconds
[2019-12-09T05:49:57.694+0000][1][safepoint    ] Entering safepoint region: Cleanup
[2019-12-09T05:49:57.694+0000][1][safepoint    ] Leaving safepoint region
[2019-12-09T05:49:57.694+0000][1][safepoint    ] Total time for which application threads were stopped: 0.0000648 seconds, Stopping threads took: 0.0000167 seconds
[2019-12-09T05:49:58.694+0000][1][safepoint    ] Application time: 1.0000743 seconds
[2019-12-09T05:49:58.694+0000][1][safepoint    ] Entering safepoint region: Cleanup
[2019-12-09T05:49:58.694+0000][1][safepoint    ] Leaving safepoint region
[2019-12-09T05:49:58.694+0000][1][safepoint    ] Total time for which application threads were stopped: 0.0000653 seconds, Stopping threads took: 0.0000161 seconds
[2019-12-09T05:49:59.694+0000][1][safepoint    ] Application time: 1.0000757 seconds
[2019-12-09T05:49:59.694+0000][1][safepoint    ] Entering safepoint region: Cleanup
[2019-12-09T05:49:59.694+0000][1][safepoint    ] Leaving safepoint region
[2019-12-09T05:49:59.694+0000][1][safepoint    ] Total time for which application threads were stopped: 0.0000645 seconds, Stopping threads took: 0.0000161 seconds
[2019-12-09T05:50:00.694+0000][1][safepoint    ] Application time: 1.0000755 seconds
[2019-12-09T05:50:00.695+0000][1][safepoint    ] Entering safepoint region: Cleanup
[2019-12-09T05:50:00.695+0000][1][safepoint    ] Leaving safepoint region
[2019-12-09T05:50:00.695+0000][1][safepoint    ] Total time for which application threads were stopped: 0.0000651 seconds, Stopping threads took: 0.0000164 seconds
[2019-12-09T05:50:01.695+0000][1][safepoint    ] Application time: 1.0000747 seconds
[2019-12-09T05:50:01.695+0000][1][safepoint    ] Entering safepoint region: Cleanup
[2019-12-09T05:50:01.695+0000][1][safepoint    ] Leaving safepoint region
[2019-12-09T05:50:01.695+0000][1][safepoint    ] Total time for which application threads were stopped: 0.0000704 seconds, Stopping threads took: 0.0000198 seconds
[2019-12-09T05:50:02.695+0000][1][safepoint    ] Application time: 1.0000751 seconds
[2019-12-09T05:50:02.695+0000][1][safepoint    ] Entering safepoint region: Cleanup
[2019-12-09T05:50:02.695+0000][1][safepoint    ] Leaving safepoint region
[2019-12-09T05:50:02.695+0000][1][safepoint    ] Total time for which application threads were stopped: 0.0000742 seconds, Stopping threads took: 0.0000235 seconds
[2019-12-09T05:50:03.695+0000][1][safepoint    ] Application time: 1.0000765 seconds
[2019-12-09T05:50:03.695+0000][1][safepoint    ] Entering safepoint region: Cleanup
[2019-12-09T05:50:03.695+0000][1][safepoint    ] Leaving safepoint region
[2019-12-09T05:50:03.695+0000][1][safepoint    ] Total time for which application threads were stopped: 0.0000638 seconds, Stopping threads took: 0.0000158 seconds
[2019-12-09T05:50:04.695+0000][1][safepoint    ] Application time: 1.0000757 seconds
[2019-12-09T05:50:04.695+0000][1][safepoint    ] Entering safepoint region: Cleanup
[2019-12-09T05:50:04.695+0000][1][safepoint    ] Leaving safepoint region
[2019-12-09T05:50:04.695+0000][1][safepoint    ] Total time for which application threads were stopped: 0.0000678 seconds, Stopping threads took: 0.0000184 seconds
[2019-12-09T05:50:05.695+0000][1][safepoint    ] Application time: 1.0000672 seconds
[2019-12-09T05:50:05.695+0000][1][safepoint    ] Entering safepoint region: Cleanup
[2019-12-09T05:50:05.696+0000][1][safepoint    ] Leaving safepoint region
[2019-12-09T05:50:05.696+0000][1][safepoint    ] Total time for which application threads were stopped: 0.0000671 seconds, Stopping threads took: 0.0000176 seconds
[2019-12-09T05:50:06.696+0000][1][safepoint    ] Application time: 1.0000775 seconds
[2019-12-09T05:50:06.696+0000][1][safepoint    ] Entering safepoint region: Cleanup
[2019-12-09T05:50:06.696+0000][1][safepoint    ] Leaving safepoint region
[2019-12-09T05:50:06.696+0000][1][safepoint    ] Total time for which application threads were stopped: 0.0000786 seconds, Stopping threads took: 0.0000164 seconds
[2019-12-09T05:50:07.696+0000][1][safepoint    ] Application time: 1.0000766 seconds
[2019-12-09T05:50:07.696+0000][1][safepoint    ] Entering safepoint region: Cleanup
[2019-12-09T05:50:07.696+0000][1][safepoint    ] Leaving safepoint region
[2019-12-09T05:50:07.696+0000][1][safepoint    ] Total time for which application threads were stopped: 0.0000678 seconds, Stopping threads took: 0.0000167 seconds
[2019-12-09T05:50:08.696+0000][1][safepoint    ] Application time: 1.0000758 seconds
[2019-12-09T05:50:08.696+0000][1][safepoint    ] Entering safepoint region: Cleanup
[2019-12-09T05:50:08.696+0000][1][safepoint    ] Leaving safepoint region
[2019-12-09T05:50:08.696+0000][1][safepoint    ] Total time for which application threads were stopped: 0.0000664 seconds, Stopping threads took: 0.0000166 seconds
[2019-12-09T05:50:09.696+0000][1][safepoint    ] Application time: 1.0000755 seconds
[2019-12-09T05:50:09.696+0000][1][safepoint    ] Entering safepoint region: Cleanup
[2019-12-09T05:50:09.696+0000][1][safepoint    ] Leaving safepoint region
[2019-12-09T05:50:09.696+0000][1][safepoint    ] Total time for which application threads were stopped: 0.0000681 seconds, Stopping threads took: 0.0000165 seconds
[2019-12-09T05:50:10.696+0000][1][safepoint    ] Application time: 1.0000754 seconds
[2019-12-09T05:50:10.696+0000][1][safepoint    ] Entering safepoint region: Cleanup
[2019-12-09T05:50:10.696+0000][1][safepoint    ] Leaving safepoint region
[2019-12-09T05:50:10.696+0000][1][safepoint    ] Total time for which application threads were stopped: 0.0000691 seconds, Stopping threads took: 0.0000195 seconds
[2019-12-09T05:50:11.697+0000][1][safepoint    ] Application time: 1.0000760 seconds
[2019-12-09T05:50:11.697+0000][1][safepoint    ] Entering safepoint region: Cleanup
[2019-12-09T05:50:11.697+0000][1][safepoint    ] Leaving safepoint region
[2019-12-09T05:50:11.697+0000][1][safepoint    ] Total time for which application threads were stopped: 0.0000690 seconds, Stopping threads took: 0.0000181 seconds
[2019-12-09T05:50:12.697+0000][1][safepoint    ] Application time: 1.0000846 seconds
[2019-12-09T05:50:12.697+0000][1][safepoint    ] Entering safepoint region: Cleanup
[2019-12-09T05:50:12.697+0000][1][safepoint    ] Leaving safepoint region
[2019-12-09T05:50:12.697+0000][1][safepoint    ] Total time for which application threads were stopped: 0.0000758 seconds, Stopping threads took: 0.0000252 seconds
[2019-12-09T05:50:13.697+0000][1][safepoint    ] Application time: 1.0000766 seconds
[2019-12-09T05:50:13.697+0000][1][safepoint    ] Entering safepoint region: Cleanup
[2019-12-09T05:50:13.697+0000][1][safepoint    ] Leaving safepoint region
[2019-12-09T05:50:13.697+0000][1][safepoint    ] Total time for which application threads were stopped: 0.0000682 seconds, Stopping threads took: 0.0000160 seconds
[2019-12-09T05:50:14.697+0000][1][safepoint    ] Application time: 1.0000756 seconds
[2019-12-09T05:50:14.697+0000][1][safepoint    ] Entering safepoint region: Cleanup
[2019-12-09T05:50:14.697+0000][1][safepoint    ] Leaving safepoint region
[2019-12-09T05:50:14.697+0000][1][safepoint    ] Total time for which application threads were stopped: 0.0000681 seconds, Stopping threads took: 0.0000172 seconds
