[2019-12-08T11:32:34.174+0000][1][gc] Using Concurrent Mark Sweep
[2019-12-08T11:32:34.174+0000][1][gc,heap,coops] Heap address: 0x00000000f0000000, size: 256 MB, Compressed Oops mode: 32-bit
[2019-12-08T11:32:34.289+0000][1][safepoint    ] Entering safepoint region: EnableBiasedLocking
[2019-12-08T11:32:34.289+0000][1][safepoint    ] Leaving safepoint region
[2019-12-08T11:32:34.289+0000][1][safepoint    ] Total time for which application threads were stopped: 0.0002600 seconds, Stopping threads took: 0.0001846 seconds
[2019-12-08T11:32:34.313+0000][1][safepoint    ] Application time: 0.0151424 seconds
[2019-12-08T11:32:34.314+0000][1][safepoint    ] Entering safepoint region: RevokeBias
[2019-12-08T11:32:34.314+0000][1][safepoint    ] Leaving safepoint region
[2019-12-08T11:32:34.314+0000][1][safepoint    ] Total time for which application threads were stopped: 0.0000969 seconds, Stopping threads took: 0.0000378 seconds
[2019-12-08T11:32:34.351+0000][1][safepoint    ] Application time: 0.0373080 seconds
[2019-12-08T11:32:34.351+0000][1][safepoint    ] Entering safepoint region: Deoptimize
[2019-12-08T11:32:34.351+0000][1][safepoint    ] Leaving safepoint region
[2019-12-08T11:32:34.351+0000][1][safepoint    ] Total time for which application threads were stopped: 0.0000552 seconds, Stopping threads took: 0.0000112 seconds
[2019-12-08T11:32:34.686+0000][1][safepoint    ] Application time: 0.3347598 seconds
[2019-12-08T11:32:34.686+0000][1][safepoint    ] Entering safepoint region: Deoptimize
[2019-12-08T11:32:34.686+0000][1][safepoint    ] Leaving safepoint region
[2019-12-08T11:32:34.686+0000][1][safepoint    ] Total time for which application threads were stopped: 0.0000934 seconds, Stopping threads took: 0.0000113 seconds
[2019-12-08T11:32:35.694+0000][1][safepoint    ] Application time: 1.0077510 seconds
[2019-12-08T11:32:35.694+0000][1][safepoint    ] Entering safepoint region: Cleanup
[2019-12-08T11:32:35.694+0000][1][safepoint    ] Leaving safepoint region
[2019-12-08T11:32:35.694+0000][1][safepoint    ] Total time for which application threads were stopped: 0.0001568 seconds, Stopping threads took: 0.0000792 seconds
[2019-12-08T11:32:35.944+0000][1][safepoint    ] Application time: 0.2497326 seconds
[2019-12-08T11:32:35.980+0000][1][safepoint    ] Entering safepoint region: Deoptimize
[2019-12-08T11:32:35.980+0000][1][safepoint    ] Leaving safepoint region
[2019-12-08T11:32:35.980+0000][1][safepoint    ] Total time for which application threads were stopped: 0.0362790 seconds, Stopping threads took: 0.0361462 seconds
[2019-12-08T11:32:36.249+0000][1][safepoint    ] Application time: 0.2691341 seconds
[2019-12-08T11:32:36.249+0000][1][safepoint    ] Entering safepoint region: Deoptimize
[2019-12-08T11:32:36.249+0000][1][safepoint    ] Leaving safepoint region
[2019-12-08T11:32:36.249+0000][1][safepoint    ] Total time for which application threads were stopped: 0.0001529 seconds, Stopping threads took: 0.0000101 seconds
[2019-12-08T11:32:36.308+0000][1][safepoint    ] Application time: 0.0589765 seconds
[2019-12-08T11:32:36.308+0000][1][safepoint    ] Entering safepoint region: Deoptimize
[2019-12-08T11:32:36.308+0000][1][safepoint    ] Leaving safepoint region
[2019-12-08T11:32:36.308+0000][1][safepoint    ] Total time for which application threads were stopped: 0.0001402 seconds, Stopping threads took: 0.0000120 seconds
[2019-12-08T11:32:37.316+0000][1][safepoint    ] Application time: 1.0076327 seconds
[2019-12-08T11:32:37.316+0000][1][safepoint    ] Entering safepoint region: Cleanup
[2019-12-08T11:32:37.316+0000][1][safepoint    ] Leaving safepoint region
[2019-12-08T11:32:37.316+0000][1][safepoint    ] Total time for which application threads were stopped: 0.0001273 seconds, Stopping threads took: 0.0000653 seconds
[2019-12-08T11:32:38.324+0000][1][safepoint    ] Application time: 1.0075763 seconds
[2019-12-08T11:32:38.351+0000][1][safepoint    ] Entering safepoint region: Cleanup
[2019-12-08T11:32:38.351+0000][1][safepoint    ] Leaving safepoint region
[2019-12-08T11:32:38.351+0000][1][safepoint    ] Total time for which application threads were stopped: 0.0271330 seconds, Stopping threads took: 0.0270731 seconds
[2019-12-08T11:32:38.877+0000][1][safepoint    ] Application time: 0.5257905 seconds
[2019-12-08T11:32:38.877+0000][1][safepoint    ] Entering safepoint region: Deoptimize
[2019-12-08T11:32:38.877+0000][1][safepoint    ] Leaving safepoint region
[2019-12-08T11:32:38.877+0000][1][safepoint    ] Total time for which application threads were stopped: 0.0002303 seconds, Stopping threads took: 0.0000108 seconds
[2019-12-08T11:32:39.884+0000][1][safepoint    ] Application time: 1.0067310 seconds
[2019-12-08T11:32:39.884+0000][1][safepoint    ] Entering safepoint region: Cleanup
[2019-12-08T11:32:39.884+0000][1][safepoint    ] Leaving safepoint region
[2019-12-08T11:32:39.884+0000][1][safepoint    ] Total time for which application threads were stopped: 0.0000545 seconds, Stopping threads took: 0.0000149 seconds
[2019-12-08T11:32:40.239+0000][1][safepoint    ] Application time: 0.3554449 seconds
[2019-12-08T11:32:40.239+0000][1][safepoint    ] Entering safepoint region: RevokeBias
[2019-12-08T11:32:40.239+0000][1][safepoint    ] Leaving safepoint region
[2019-12-08T11:32:40.239+0000][1][safepoint    ] Total time for which application threads were stopped: 0.0001124 seconds, Stopping threads took: 0.0000102 seconds
[2019-12-08T11:32:40.672+0000][1][safepoint    ] Application time: 0.4330552 seconds
[2019-12-08T11:32:40.673+0000][1][safepoint    ] Entering safepoint region: Deoptimize
[2019-12-08T11:32:40.673+0000][1][safepoint    ] Leaving safepoint region
[2019-12-08T11:32:40.673+0000][1][safepoint    ] Total time for which application threads were stopped: 0.0002676 seconds, Stopping threads took: 0.0000117 seconds
[2019-12-08T11:32:41.231+0000][1][safepoint    ] Application time: 0.5581049 seconds
[2019-12-08T11:32:41.231+0000][1][safepoint    ] Entering safepoint region: Deoptimize
[2019-12-08T11:32:41.231+0000][1][safepoint    ] Leaving safepoint region
[2019-12-08T11:32:41.231+0000][1][safepoint    ] Total time for which application threads were stopped: 0.0002680 seconds, Stopping threads took: 0.0000123 seconds
[2019-12-08T11:32:41.231+0000][1][safepoint    ] Application time: 0.0002134 seconds
[2019-12-08T11:32:41.231+0000][1][safepoint    ] Entering safepoint region: Deoptimize
[2019-12-08T11:32:41.232+0000][1][safepoint    ] Leaving safepoint region
[2019-12-08T11:32:41.232+0000][1][safepoint    ] Total time for which application threads were stopped: 0.0001936 seconds, Stopping threads took: 0.0000082 seconds
[2019-12-08T11:32:41.327+0000][1][safepoint    ] Application time: 0.0953193 seconds
[2019-12-08T11:32:41.327+0000][1][safepoint    ] Entering safepoint region: Deoptimize
[2019-12-08T11:32:41.327+0000][1][safepoint    ] Leaving safepoint region
[2019-12-08T11:32:41.327+0000][1][safepoint    ] Total time for which application threads were stopped: 0.0002683 seconds, Stopping threads took: 0.0000128 seconds
[2019-12-08T11:32:41.384+0000][1][safepoint    ] Application time: 0.0565952 seconds
[2019-12-08T11:32:41.384+0000][1][safepoint    ] Entering safepoint region: RevokeBias
[2019-12-08T11:32:41.384+0000][1][safepoint    ] Leaving safepoint region
[2019-12-08T11:32:41.384+0000][1][safepoint    ] Total time for which application threads were stopped: 0.0001017 seconds, Stopping threads took: 0.0000369 seconds
[2019-12-08T11:32:41.384+0000][1][safepoint    ] Application time: 0.0000578 seconds
[2019-12-08T11:32:41.384+0000][1][safepoint    ] Entering safepoint region: RevokeBias
[2019-12-08T11:32:41.384+0000][1][safepoint    ] Leaving safepoint region
[2019-12-08T11:32:41.384+0000][1][safepoint    ] Total time for which application threads were stopped: 0.0000392 seconds, Stopping threads took: 0.0000074 seconds
[2019-12-08T11:32:41.384+0000][1][safepoint    ] Application time: 0.0000804 seconds
[2019-12-08T11:32:41.384+0000][1][safepoint    ] Entering safepoint region: RevokeBias
[2019-12-08T11:32:41.384+0000][1][safepoint    ] Leaving safepoint region
[2019-12-08T11:32:41.384+0000][1][safepoint    ] Total time for which application threads were stopped: 0.0000378 seconds, Stopping threads took: 0.0000068 seconds
[2019-12-08T11:32:41.384+0000][1][safepoint    ] Application time: 0.0001342 seconds
[2019-12-08T11:32:41.384+0000][1][safepoint    ] Entering safepoint region: RevokeBias
[2019-12-08T11:32:41.384+0000][1][safepoint    ] Leaving safepoint region
[2019-12-08T11:32:41.384+0000][1][safepoint    ] Total time for which application threads were stopped: 0.0000438 seconds, Stopping threads took: 0.0000076 seconds
[2019-12-08T11:32:41.385+0000][1][safepoint    ] Application time: 0.0003090 seconds
[2019-12-08T11:32:41.385+0000][1][safepoint    ] Entering safepoint region: RevokeBias
[2019-12-08T11:32:41.385+0000][1][safepoint    ] Leaving safepoint region
[2019-12-08T11:32:41.385+0000][1][safepoint    ] Total time for which application threads were stopped: 0.0000537 seconds, Stopping threads took: 0.0000077 seconds
[2019-12-08T11:32:42.115+0000][1][safepoint    ] Application time: 0.7300653 seconds
[2019-12-08T11:32:42.115+0000][1][safepoint    ] Entering safepoint region: RevokeBias
[2019-12-08T11:32:42.115+0000][1][safepoint    ] Leaving safepoint region
[2019-12-08T11:32:42.115+0000][1][safepoint    ] Total time for which application threads were stopped: 0.0000876 seconds, Stopping threads took: 0.0000126 seconds
[2019-12-08T11:32:42.245+0000][1][safepoint    ] Application time: 0.1298473 seconds
[2019-12-08T11:32:42.245+0000][1][safepoint    ] Entering safepoint region: GenCollectForAllocation
[2019-12-08T11:32:42.245+0000][1][gc,start     ] GC(0) Pause Young (Allocation Failure)
[2019-12-08T11:32:42.270+0000][1][gc,task      ] GC(0) Using 4 workers of 4 for evacuation
[2019-12-08T11:32:42.317+0000][1][gc,age       ] GC(0) Desired survivor size 4456448 bytes, new threshold 1 (max threshold 6)
[2019-12-08T11:32:42.317+0000][1][gc,age       ] GC(0) Age table with threshold 1 (max threshold 6)
[2019-12-08T11:32:42.317+0000][1][gc,age       ] GC(0) - age   1:    6459912 bytes,    6459912 total
[2019-12-08T11:32:42.317+0000][1][gc,heap      ] GC(0) ParNew: 69952K->6385K(78656K)
[2019-12-08T11:32:42.317+0000][1][gc,heap      ] GC(0) CMS: 0K->0K(174784K)
[2019-12-08T11:32:42.317+0000][1][gc,metaspace ] GC(0) Metaspace: 12691K->12691K(1060864K)
[2019-12-08T11:32:42.317+0000][1][gc           ] GC(0) Pause Young (Allocation Failure) 68M->6M(247M) 72.187ms
[2019-12-08T11:32:42.317+0000][1][gc,cpu       ] GC(0) User=0.02s Sys=0.00s Real=0.07s
[2019-12-08T11:32:42.317+0000][1][safepoint    ] Leaving safepoint region
[2019-12-08T11:32:42.317+0000][1][safepoint    ] Total time for which application threads were stopped: 0.0723181 seconds, Stopping threads took: 0.0000118 seconds
[2019-12-08T11:32:42.323+0000][1][safepoint    ] Application time: 0.0054855 seconds
[2019-12-08T11:32:42.323+0000][1][safepoint    ] Entering safepoint region: RevokeBias
[2019-12-08T11:32:42.323+0000][1][safepoint    ] Leaving safepoint region
[2019-12-08T11:32:42.323+0000][1][safepoint    ] Total time for which application threads were stopped: 0.0001430 seconds, Stopping threads took: 0.0000443 seconds
[2019-12-08T11:32:42.334+0000][1][safepoint    ] Application time: 0.0108170 seconds
[2019-12-08T11:32:42.334+0000][1][safepoint    ] Entering safepoint region: RevokeBias
[2019-12-08T11:32:42.334+0000][1][safepoint    ] Leaving safepoint region
[2019-12-08T11:32:42.334+0000][1][safepoint    ] Total time for which application threads were stopped: 0.0000804 seconds, Stopping threads took: 0.0000118 seconds
[2019-12-08T11:32:42.334+0000][1][safepoint    ] Application time: 0.0000803 seconds
[2019-12-08T11:32:42.334+0000][1][safepoint    ] Entering safepoint region: RevokeBias
[2019-12-08T11:32:42.334+0000][1][safepoint    ] Leaving safepoint region
[2019-12-08T11:32:42.334+0000][1][safepoint    ] Total time for which application threads were stopped: 0.0000568 seconds, Stopping threads took: 0.0000275 seconds
[2019-12-08T11:32:42.334+0000][1][safepoint    ] Application time: 0.0000524 seconds
[2019-12-08T11:32:42.334+0000][1][safepoint    ] Entering safepoint region: RevokeBias
[2019-12-08T11:32:42.334+0000][1][safepoint    ] Leaving safepoint region
[2019-12-08T11:32:42.334+0000][1][safepoint    ] Total time for which application threads were stopped: 0.0000426 seconds, Stopping threads took: 0.0000170 seconds
[2019-12-08T11:32:42.334+0000][1][safepoint    ] Application time: 0.0000493 seconds
[2019-12-08T11:32:42.334+0000][1][safepoint    ] Entering safepoint region: RevokeBias
[2019-12-08T11:32:42.334+0000][1][safepoint    ] Leaving safepoint region
[2019-12-08T11:32:42.334+0000][1][safepoint    ] Total time for which application threads were stopped: 0.0000318 seconds, Stopping threads took: 0.0000067 seconds
[2019-12-08T11:32:42.334+0000][1][safepoint    ] Application time: 0.0000434 seconds
[2019-12-08T11:32:42.334+0000][1][safepoint    ] Entering safepoint region: RevokeBias
[2019-12-08T11:32:42.334+0000][1][safepoint    ] Leaving safepoint region
[2019-12-08T11:32:42.334+0000][1][safepoint    ] Total time for which application threads were stopped: 0.0000302 seconds, Stopping threads took: 0.0000066 seconds
[2019-12-08T11:32:42.334+0000][1][safepoint    ] Application time: 0.0000462 seconds
[2019-12-08T11:32:42.334+0000][1][safepoint    ] Entering safepoint region: RevokeBias
[2019-12-08T11:32:42.334+0000][1][safepoint    ] Leaving safepoint region
[2019-12-08T11:32:42.334+0000][1][safepoint    ] Total time for which application threads were stopped: 0.0000307 seconds, Stopping threads took: 0.0000066 seconds
[2019-12-08T11:32:42.334+0000][1][safepoint    ] Application time: 0.0000433 seconds
[2019-12-08T11:32:42.334+0000][1][safepoint    ] Entering safepoint region: RevokeBias
[2019-12-08T11:32:42.334+0000][1][safepoint    ] Leaving safepoint region
[2019-12-08T11:32:42.334+0000][1][safepoint    ] Total time for which application threads were stopped: 0.0000303 seconds, Stopping threads took: 0.0000066 seconds
[2019-12-08T11:32:42.334+0000][1][safepoint    ] Application time: 0.0000469 seconds
[2019-12-08T11:32:42.334+0000][1][safepoint    ] Entering safepoint region: RevokeBias
[2019-12-08T11:32:42.335+0000][1][safepoint    ] Leaving safepoint region
[2019-12-08T11:32:42.335+0000][1][safepoint    ] Total time for which application threads were stopped: 0.0000307 seconds, Stopping threads took: 0.0000067 seconds
[2019-12-08T11:32:42.335+0000][1][safepoint    ] Application time: 0.0000440 seconds
[2019-12-08T11:32:42.335+0000][1][safepoint    ] Entering safepoint region: RevokeBias
[2019-12-08T11:32:42.335+0000][1][safepoint    ] Leaving safepoint region
[2019-12-08T11:32:42.335+0000][1][safepoint    ] Total time for which application threads were stopped: 0.0000311 seconds, Stopping threads took: 0.0000068 seconds
[2019-12-08T11:32:42.335+0000][1][safepoint    ] Application time: 0.0000471 seconds
[2019-12-08T11:32:42.335+0000][1][safepoint    ] Entering safepoint region: RevokeBias
[2019-12-08T11:32:42.335+0000][1][safepoint    ] Leaving safepoint region
[2019-12-08T11:32:42.335+0000][1][safepoint    ] Total time for which application threads were stopped: 0.0000365 seconds, Stopping threads took: 0.0000105 seconds
[2019-12-08T11:32:42.335+0000][1][safepoint    ] Application time: 0.0000557 seconds
[2019-12-08T11:32:42.335+0000][1][safepoint    ] Entering safepoint region: RevokeBias
[2019-12-08T11:32:42.335+0000][1][safepoint    ] Leaving safepoint region
[2019-12-08T11:32:42.335+0000][1][safepoint    ] Total time for which application threads were stopped: 0.0000337 seconds, Stopping threads took: 0.0000074 seconds
[2019-12-08T11:32:42.335+0000][1][safepoint    ] Application time: 0.0000999 seconds
[2019-12-08T11:32:42.335+0000][1][safepoint    ] Entering safepoint region: RevokeBias
[2019-12-08T11:32:42.335+0000][1][safepoint    ] Leaving safepoint region
[2019-12-08T11:32:42.335+0000][1][safepoint    ] Total time for which application threads were stopped: 0.0000521 seconds, Stopping threads took: 0.0000073 seconds
[2019-12-08T11:32:42.335+0000][1][safepoint    ] Application time: 0.0000467 seconds
[2019-12-08T11:32:42.335+0000][1][safepoint    ] Entering safepoint region: RevokeBias
[2019-12-08T11:32:42.335+0000][1][safepoint    ] Leaving safepoint region
[2019-12-08T11:32:42.335+0000][1][safepoint    ] Total time for which application threads were stopped: 0.0000441 seconds, Stopping threads took: 0.0000151 seconds
[2019-12-08T11:32:42.335+0000][1][safepoint    ] Application time: 0.0000533 seconds
[2019-12-08T11:32:42.335+0000][1][safepoint    ] Entering safepoint region: RevokeBias
[2019-12-08T11:32:42.335+0000][1][safepoint    ] Leaving safepoint region
[2019-12-08T11:32:42.335+0000][1][safepoint    ] Total time for which application threads were stopped: 0.0000341 seconds, Stopping threads took: 0.0000066 seconds
[2019-12-08T11:32:42.335+0000][1][safepoint    ] Application time: 0.0000463 seconds
[2019-12-08T11:32:42.335+0000][1][safepoint    ] Entering safepoint region: RevokeBias
[2019-12-08T11:32:42.335+0000][1][safepoint    ] Leaving safepoint region
[2019-12-08T11:32:42.335+0000][1][safepoint    ] Total time for which application threads were stopped: 0.0000294 seconds, Stopping threads took: 0.0000060 seconds
[2019-12-08T11:32:42.335+0000][1][safepoint    ] Application time: 0.0000502 seconds
[2019-12-08T11:32:42.335+0000][1][safepoint    ] Entering safepoint region: RevokeBias
[2019-12-08T11:32:42.335+0000][1][safepoint    ] Leaving safepoint region
[2019-12-08T11:32:42.335+0000][1][safepoint    ] Total time for which application threads were stopped: 0.0000289 seconds, Stopping threads took: 0.0000063 seconds
[2019-12-08T11:32:42.335+0000][1][safepoint    ] Application time: 0.0000428 seconds
[2019-12-08T11:32:42.335+0000][1][safepoint    ] Entering safepoint region: RevokeBias
[2019-12-08T11:32:42.335+0000][1][safepoint    ] Leaving safepoint region
[2019-12-08T11:32:42.335+0000][1][safepoint    ] Total time for which application threads were stopped: 0.0000278 seconds, Stopping threads took: 0.0000062 seconds
[2019-12-08T11:32:42.336+0000][1][safepoint    ] Application time: 0.0000714 seconds
[2019-12-08T11:32:42.336+0000][1][safepoint    ] Entering safepoint region: RevokeBias
[2019-12-08T11:32:42.336+0000][1][safepoint    ] Leaving safepoint region
[2019-12-08T11:32:42.336+0000][1][safepoint    ] Total time for which application threads were stopped: 0.0000296 seconds, Stopping threads took: 0.0000063 seconds
[2019-12-08T11:32:42.336+0000][1][safepoint    ] Application time: 0.0000446 seconds
[2019-12-08T11:32:42.336+0000][1][safepoint    ] Entering safepoint region: RevokeBias
[2019-12-08T11:32:42.336+0000][1][safepoint    ] Leaving safepoint region
[2019-12-08T11:32:42.336+0000][1][safepoint    ] Total time for which application threads were stopped: 0.0000290 seconds, Stopping threads took: 0.0000062 seconds
[2019-12-08T11:32:42.336+0000][1][safepoint    ] Application time: 0.0000738 seconds
[2019-12-08T11:32:42.336+0000][1][safepoint    ] Entering safepoint region: RevokeBias
[2019-12-08T11:32:42.336+0000][1][safepoint    ] Leaving safepoint region
[2019-12-08T11:32:42.336+0000][1][safepoint    ] Total time for which application threads were stopped: 0.0000321 seconds, Stopping threads took: 0.0000068 seconds
[2019-12-08T11:32:42.336+0000][1][safepoint    ] Application time: 0.0000447 seconds
[2019-12-08T11:32:42.336+0000][1][safepoint    ] Entering safepoint region: RevokeBias
[2019-12-08T11:32:42.336+0000][1][safepoint    ] Leaving safepoint region
[2019-12-08T11:32:42.336+0000][1][safepoint    ] Total time for which application threads were stopped: 0.0000303 seconds, Stopping threads took: 0.0000068 seconds
[2019-12-08T11:32:42.336+0000][1][safepoint    ] Application time: 0.0000489 seconds
[2019-12-08T11:32:42.336+0000][1][safepoint    ] Entering safepoint region: RevokeBias
[2019-12-08T11:32:42.336+0000][1][safepoint    ] Leaving safepoint region
[2019-12-08T11:32:42.336+0000][1][safepoint    ] Total time for which application threads were stopped: 0.0000318 seconds, Stopping threads took: 0.0000066 seconds
[2019-12-08T11:32:42.336+0000][1][safepoint    ] Application time: 0.0000446 seconds
[2019-12-08T11:32:42.336+0000][1][safepoint    ] Entering safepoint region: RevokeBias
[2019-12-08T11:32:42.336+0000][1][safepoint    ] Leaving safepoint region
[2019-12-08T11:32:42.336+0000][1][safepoint    ] Total time for which application threads were stopped: 0.0000365 seconds, Stopping threads took: 0.0000121 seconds
[2019-12-08T11:32:42.336+0000][1][safepoint    ] Application time: 0.0003277 seconds
[2019-12-08T11:32:42.336+0000][1][safepoint    ] Entering safepoint region: RevokeBias
[2019-12-08T11:32:42.336+0000][1][safepoint    ] Leaving safepoint region
[2019-12-08T11:32:42.336+0000][1][safepoint    ] Total time for which application threads were stopped: 0.0000443 seconds, Stopping threads took: 0.0000091 seconds
[2019-12-08T11:32:42.337+0000][1][safepoint    ] Application time: 0.0000558 seconds
[2019-12-08T11:32:42.337+0000][1][safepoint    ] Entering safepoint region: RevokeBias
[2019-12-08T11:32:42.337+0000][1][safepoint    ] Leaving safepoint region
[2019-12-08T11:32:42.337+0000][1][safepoint    ] Total time for which application threads were stopped: 0.0000365 seconds, Stopping threads took: 0.0000080 seconds
[2019-12-08T11:32:42.337+0000][1][safepoint    ] Application time: 0.0000628 seconds
[2019-12-08T11:32:42.337+0000][1][safepoint    ] Entering safepoint region: RevokeBias
[2019-12-08T11:32:42.337+0000][1][safepoint    ] Leaving safepoint region
[2019-12-08T11:32:42.337+0000][1][safepoint    ] Total time for which application threads were stopped: 0.0000578 seconds, Stopping threads took: 0.0000074 seconds
[2019-12-08T11:32:42.337+0000][1][safepoint    ] Application time: 0.0000619 seconds
[2019-12-08T11:32:42.337+0000][1][safepoint    ] Entering safepoint region: RevokeBias
[2019-12-08T11:32:42.337+0000][1][safepoint    ] Leaving safepoint region
[2019-12-08T11:32:42.337+0000][1][safepoint    ] Total time for which application threads were stopped: 0.0000408 seconds, Stopping threads took: 0.0000081 seconds
[2019-12-08T11:32:42.337+0000][1][safepoint    ] Application time: 0.0001247 seconds
[2019-12-08T11:32:42.337+0000][1][safepoint    ] Entering safepoint region: RevokeBias
[2019-12-08T11:32:42.337+0000][1][safepoint    ] Leaving safepoint region
[2019-12-08T11:32:42.337+0000][1][safepoint    ] Total time for which application threads were stopped: 0.0000342 seconds, Stopping threads took: 0.0000071 seconds
[2019-12-08T11:32:42.337+0000][1][safepoint    ] Application time: 0.0000456 seconds
[2019-12-08T11:32:42.337+0000][1][safepoint    ] Entering safepoint region: RevokeBias
[2019-12-08T11:32:42.337+0000][1][safepoint    ] Leaving safepoint region
[2019-12-08T11:32:42.337+0000][1][safepoint    ] Total time for which application threads were stopped: 0.0000330 seconds, Stopping threads took: 0.0000073 seconds
[2019-12-08T11:32:43.567+0000][1][safepoint    ] Application time: 1.2297421 seconds
[2019-12-08T11:32:43.567+0000][1][safepoint    ] Entering safepoint region: Deoptimize
[2019-12-08T11:32:43.567+0000][1][safepoint    ] Leaving safepoint region
[2019-12-08T11:32:43.567+0000][1][safepoint    ] Total time for which application threads were stopped: 0.0004406 seconds, Stopping threads took: 0.0000138 seconds
[2019-12-08T11:32:44.530+0000][1][safepoint    ] Application time: 0.9623967 seconds
[2019-12-08T11:32:44.530+0000][1][safepoint    ] Entering safepoint region: RevokeBias
[2019-12-08T11:32:44.530+0000][1][safepoint    ] Leaving safepoint region
[2019-12-08T11:32:44.530+0000][1][safepoint    ] Total time for which application threads were stopped: 0.0001370 seconds, Stopping threads took: 0.0000146 seconds
[2019-12-08T11:32:45.531+0000][1][safepoint    ] Application time: 1.0008449 seconds
[2019-12-08T11:32:45.579+0000][1][safepoint    ] Entering safepoint region: Cleanup
[2019-12-08T11:32:45.579+0000][1][safepoint    ] Leaving safepoint region
[2019-12-08T11:32:45.579+0000][1][safepoint    ] Total time for which application threads were stopped: 0.0481710 seconds, Stopping threads took: 0.0480895 seconds
[2019-12-08T11:32:45.583+0000][1][safepoint    ] Application time: 0.0038290 seconds
[2019-12-08T11:32:45.583+0000][1][safepoint    ] Entering safepoint region: RevokeBias
[2019-12-08T11:32:45.583+0000][1][safepoint    ] Leaving safepoint region
[2019-12-08T11:32:45.583+0000][1][safepoint    ] Total time for which application threads were stopped: 0.0000787 seconds, Stopping threads took: 0.0000189 seconds
[2019-12-08T11:32:45.590+0000][1][safepoint    ] Application time: 0.0069562 seconds
[2019-12-08T11:32:45.590+0000][1][safepoint    ] Entering safepoint region: RevokeBias
[2019-12-08T11:32:45.590+0000][1][safepoint    ] Leaving safepoint region
[2019-12-08T11:32:45.590+0000][1][safepoint    ] Total time for which application threads were stopped: 0.0000703 seconds, Stopping threads took: 0.0000111 seconds
[2019-12-08T11:32:45.702+0000][1][safepoint    ] Application time: 0.1117427 seconds
[2019-12-08T11:32:45.702+0000][1][safepoint    ] Entering safepoint region: GenCollectForAllocation
[2019-12-08T11:32:45.702+0000][1][gc,start     ] GC(1) Pause Young (Allocation Failure)
[2019-12-08T11:32:45.702+0000][1][gc,task      ] GC(1) Using 4 workers of 4 for evacuation
[2019-12-08T11:32:45.905+0000][1][gc,age       ] GC(1) Desired survivor size 4456448 bytes, new threshold 6 (max threshold 6)
[2019-12-08T11:32:45.905+0000][1][gc,age       ] GC(1) Age table with threshold 6 (max threshold 6)
[2019-12-08T11:32:45.905+0000][1][gc,age       ] GC(1) - age   1:    1335648 bytes,    1335648 total
[2019-12-08T11:32:45.905+0000][1][gc,heap      ] GC(1) ParNew: 76337K->3886K(78656K)
[2019-12-08T11:32:45.905+0000][1][gc,heap      ] GC(1) CMS: 0K->6804K(174784K)
[2019-12-08T11:32:45.905+0000][1][gc,metaspace ] GC(1) Metaspace: 14825K->14825K(1062912K)
[2019-12-08T11:32:45.905+0000][1][gc           ] GC(1) Pause Young (Allocation Failure) 74M->10M(247M) 203.495ms
[2019-12-08T11:32:45.905+0000][1][gc,cpu       ] GC(1) User=0.09s Sys=0.00s Real=0.20s
[2019-12-08T11:32:45.905+0000][1][safepoint    ] Leaving safepoint region
[2019-12-08T11:32:45.905+0000][1][safepoint    ] Total time for which application threads were stopped: 0.2036467 seconds, Stopping threads took: 0.0000163 seconds
[2019-12-08T11:32:45.941+0000][1][safepoint    ] Application time: 0.0353665 seconds
[2019-12-08T11:32:46.001+0000][1][safepoint    ] Entering safepoint region: BulkRevokeBias
[2019-12-08T11:32:46.001+0000][1][safepoint    ] Leaving safepoint region
[2019-12-08T11:32:46.001+0000][1][safepoint    ] Total time for which application threads were stopped: 0.0600818 seconds, Stopping threads took: 0.0599348 seconds
[2019-12-08T11:32:46.007+0000][1][safepoint    ] Application time: 0.0058342 seconds
[2019-12-08T11:32:46.007+0000][1][safepoint    ] Entering safepoint region: RevokeBias
[2019-12-08T11:32:46.007+0000][1][safepoint    ] Leaving safepoint region
[2019-12-08T11:32:46.007+0000][1][safepoint    ] Total time for which application threads were stopped: 0.0000854 seconds, Stopping threads took: 0.0000145 seconds
[2019-12-08T11:32:46.007+0000][1][safepoint    ] Application time: 0.0000990 seconds
[2019-12-08T11:32:46.007+0000][1][safepoint    ] Entering safepoint region: RevokeBias
[2019-12-08T11:32:46.007+0000][1][safepoint    ] Leaving safepoint region
[2019-12-08T11:32:46.007+0000][1][safepoint    ] Total time for which application threads were stopped: 0.0000642 seconds, Stopping threads took: 0.0000098 seconds
[2019-12-08T11:32:46.007+0000][1][safepoint    ] Application time: 0.0000564 seconds
[2019-12-08T11:32:46.007+0000][1][safepoint    ] Entering safepoint region: RevokeBias
[2019-12-08T11:32:46.007+0000][1][safepoint    ] Leaving safepoint region
[2019-12-08T11:32:46.007+0000][1][safepoint    ] Total time for which application threads were stopped: 0.0000564 seconds, Stopping threads took: 0.0000090 seconds
[2019-12-08T11:32:46.007+0000][1][safepoint    ] Application time: 0.0000713 seconds
[2019-12-08T11:32:46.007+0000][1][safepoint    ] Entering safepoint region: RevokeBias
[2019-12-08T11:32:46.007+0000][1][safepoint    ] Leaving safepoint region
[2019-12-08T11:32:46.007+0000][1][safepoint    ] Total time for which application threads were stopped: 0.0000586 seconds, Stopping threads took: 0.0000095 seconds
[2019-12-08T11:32:46.007+0000][1][safepoint    ] Application time: 0.0000547 seconds
[2019-12-08T11:32:46.007+0000][1][safepoint    ] Entering safepoint region: RevokeBias
[2019-12-08T11:32:46.007+0000][1][safepoint    ] Leaving safepoint region
[2019-12-08T11:32:46.007+0000][1][safepoint    ] Total time for which application threads were stopped: 0.0000537 seconds, Stopping threads took: 0.0000087 seconds
[2019-12-08T11:32:46.008+0000][1][safepoint    ] Application time: 0.0000614 seconds
[2019-12-08T11:32:46.008+0000][1][safepoint    ] Entering safepoint region: BulkRevokeBias
[2019-12-08T11:32:46.008+0000][1][safepoint    ] Leaving safepoint region
[2019-12-08T11:32:46.008+0000][1][safepoint    ] Total time for which application threads were stopped: 0.0000832 seconds, Stopping threads took: 0.0000081 seconds
[2019-12-08T11:32:46.008+0000][1][safepoint    ] Application time: 0.0000548 seconds
[2019-12-08T11:32:46.008+0000][1][safepoint    ] Entering safepoint region: RevokeBias
[2019-12-08T11:32:46.008+0000][1][safepoint    ] Leaving safepoint region
[2019-12-08T11:32:46.008+0000][1][safepoint    ] Total time for which application threads were stopped: 0.0000663 seconds, Stopping threads took: 0.0000146 seconds
[2019-12-08T11:32:46.008+0000][1][safepoint    ] Application time: 0.0000648 seconds
[2019-12-08T11:32:46.008+0000][1][safepoint    ] Entering safepoint region: BulkRevokeBias
[2019-12-08T11:32:46.008+0000][1][safepoint    ] Leaving safepoint region
[2019-12-08T11:32:46.008+0000][1][safepoint    ] Total time for which application threads were stopped: 0.0000803 seconds, Stopping threads took: 0.0000085 seconds
[2019-12-08T11:32:46.901+0000][1][safepoint    ] Application time: 0.8925884 seconds
[2019-12-08T11:32:46.901+0000][1][safepoint    ] Entering safepoint region: GenCollectForAllocation
[2019-12-08T11:32:46.901+0000][1][gc,start     ] GC(2) Pause Young (Allocation Failure)
[2019-12-08T11:32:46.901+0000][1][gc,task      ] GC(2) Using 4 workers of 4 for evacuation
[2019-12-08T11:32:46.961+0000][1][gc,age       ] GC(2) Desired survivor size 4456448 bytes, new threshold 6 (max threshold 6)
[2019-12-08T11:32:46.961+0000][1][gc,age       ] GC(2) Age table with threshold 6 (max threshold 6)
[2019-12-08T11:32:46.961+0000][1][gc,age       ] GC(2) - age   1:     596704 bytes,     596704 total
[2019-12-08T11:32:46.961+0000][1][gc,age       ] GC(2) - age   2:    1137696 bytes,    1734400 total
[2019-12-08T11:32:46.961+0000][1][gc,heap      ] GC(2) ParNew: 73838K->2271K(78656K)
[2019-12-08T11:32:46.961+0000][1][gc,heap      ] GC(2) CMS: 6804K->6804K(174784K)
[2019-12-08T11:32:46.961+0000][1][gc,metaspace ] GC(2) Metaspace: 14928K->14928K(1062912K)
[2019-12-08T11:32:46.961+0000][1][gc           ] GC(2) Pause Young (Allocation Failure) 78M->8M(247M) 60.278ms
[2019-12-08T11:32:46.961+0000][1][gc,cpu       ] GC(2) User=0.03s Sys=0.00s Real=0.06s
[2019-12-08T11:32:46.961+0000][1][safepoint    ] Leaving safepoint region
[2019-12-08T11:32:46.961+0000][1][safepoint    ] Total time for which application threads were stopped: 0.0604859 seconds, Stopping threads took: 0.0000153 seconds
[2019-12-08T11:32:46.983+0000][1][safepoint    ] Application time: 0.0217053 seconds
[2019-12-08T11:32:46.983+0000][1][safepoint    ] Entering safepoint region: RevokeBias
[2019-12-08T11:32:46.983+0000][1][safepoint    ] Leaving safepoint region
[2019-12-08T11:32:46.983+0000][1][safepoint    ] Total time for which application threads were stopped: 0.0001763 seconds, Stopping threads took: 0.0000523 seconds
[2019-12-08T11:32:46.983+0000][1][safepoint    ] Application time: 0.0000705 seconds
[2019-12-08T11:32:46.983+0000][1][safepoint    ] Entering safepoint region: RevokeBias
[2019-12-08T11:32:46.983+0000][1][safepoint    ] Leaving safepoint region
[2019-12-08T11:32:46.983+0000][1][safepoint    ] Total time for which application threads were stopped: 0.0001569 seconds, Stopping threads took: 0.0000077 seconds
[2019-12-08T11:32:46.983+0000][1][safepoint    ] Application time: 0.0000721 seconds
[2019-12-08T11:32:46.983+0000][1][safepoint    ] Entering safepoint region: RevokeBias
[2019-12-08T11:32:46.983+0000][1][safepoint    ] Leaving safepoint region
[2019-12-08T11:32:46.983+0000][1][safepoint    ] Total time for which application threads were stopped: 0.0001110 seconds, Stopping threads took: 0.0000192 seconds
[2019-12-08T11:32:46.983+0000][1][safepoint    ] Application time: 0.0000548 seconds
[2019-12-08T11:32:46.983+0000][1][safepoint    ] Entering safepoint region: RevokeBias
[2019-12-08T11:32:46.984+0000][1][safepoint    ] Leaving safepoint region
[2019-12-08T11:32:46.984+0000][1][safepoint    ] Total time for which application threads were stopped: 0.0000809 seconds, Stopping threads took: 0.0000071 seconds
[2019-12-08T11:32:46.984+0000][1][safepoint    ] Application time: 0.0000542 seconds
[2019-12-08T11:32:46.984+0000][1][safepoint    ] Entering safepoint region: RevokeBias
[2019-12-08T11:32:46.984+0000][1][safepoint    ] Leaving safepoint region
[2019-12-08T11:32:46.984+0000][1][safepoint    ] Total time for which application threads were stopped: 0.0000989 seconds, Stopping threads took: 0.0000075 seconds
[2019-12-08T11:32:46.984+0000][1][safepoint    ] Application time: 0.0000467 seconds
[2019-12-08T11:32:46.984+0000][1][safepoint    ] Entering safepoint region: RevokeBias
[2019-12-08T11:32:46.984+0000][1][safepoint    ] Leaving safepoint region
[2019-12-08T11:32:46.984+0000][1][safepoint    ] Total time for which application threads were stopped: 0.0000639 seconds, Stopping threads took: 0.0000071 seconds
[2019-12-08T11:32:46.984+0000][1][safepoint    ] Application time: 0.0000482 seconds
[2019-12-08T11:32:46.984+0000][1][safepoint    ] Entering safepoint region: RevokeBias
[2019-12-08T11:32:46.984+0000][1][safepoint    ] Leaving safepoint region
[2019-12-08T11:32:46.984+0000][1][safepoint    ] Total time for which application threads were stopped: 0.0000619 seconds, Stopping threads took: 0.0000069 seconds
[2019-12-08T11:32:46.984+0000][1][safepoint    ] Application time: 0.0000435 seconds
[2019-12-08T11:32:46.984+0000][1][safepoint    ] Entering safepoint region: RevokeBias
[2019-12-08T11:32:46.984+0000][1][safepoint    ] Leaving safepoint region
[2019-12-08T11:32:46.984+0000][1][safepoint    ] Total time for which application threads were stopped: 0.0000622 seconds, Stopping threads took: 0.0000070 seconds
[2019-12-08T11:32:47.909+0000][1][safepoint    ] Application time: 0.9251441 seconds
[2019-12-08T11:32:47.909+0000][1][safepoint    ] Entering safepoint region: Deoptimize
[2019-12-08T11:32:47.910+0000][1][safepoint    ] Leaving safepoint region
[2019-12-08T11:32:47.910+0000][1][safepoint    ] Total time for which application threads were stopped: 0.0004647 seconds, Stopping threads took: 0.0000150 seconds
[2019-12-08T11:32:47.910+0000][1][safepoint    ] Application time: 0.0005374 seconds
[2019-12-08T11:32:47.910+0000][1][safepoint    ] Entering safepoint region: Deoptimize
[2019-12-08T11:32:47.911+0000][1][safepoint    ] Leaving safepoint region
[2019-12-08T11:32:47.911+0000][1][safepoint    ] Total time for which application threads were stopped: 0.0003253 seconds, Stopping threads took: 0.0000118 seconds
[2019-12-08T11:32:48.913+0000][1][safepoint    ] Application time: 1.0020565 seconds
[2019-12-08T11:32:48.964+0000][1][safepoint    ] Entering safepoint region: Cleanup
[2019-12-08T11:32:48.964+0000][1][safepoint    ] Leaving safepoint region
[2019-12-08T11:32:48.964+0000][1][safepoint    ] Total time for which application threads were stopped: 0.0512118 seconds, Stopping threads took: 0.0511198 seconds
[2019-12-08T11:32:49.826+0000][1][safepoint    ] Application time: 0.8620452 seconds
[2019-12-08T11:32:49.826+0000][1][safepoint    ] Entering safepoint region: GenCollectForAllocation
[2019-12-08T11:32:49.826+0000][1][gc,start     ] GC(3) Pause Young (Allocation Failure)
[2019-12-08T11:32:49.826+0000][1][gc,task      ] GC(3) Using 4 workers of 4 for evacuation
[2019-12-08T11:32:49.942+0000][1][gc,age       ] GC(3) Desired survivor size 4456448 bytes, new threshold 3 (max threshold 6)
[2019-12-08T11:32:49.942+0000][1][gc,age       ] GC(3) Age table with threshold 3 (max threshold 6)
[2019-12-08T11:32:49.942+0000][1][gc,age       ] GC(3) - age   1:    3744000 bytes,    3744000 total
[2019-12-08T11:32:49.942+0000][1][gc,age       ] GC(3) - age   2:     558752 bytes,    4302752 total
[2019-12-08T11:32:49.942+0000][1][gc,age       ] GC(3) - age   3:    1135616 bytes,    5438368 total
[2019-12-08T11:32:49.942+0000][1][gc,heap      ] GC(3) ParNew: 72223K->6287K(78656K)
[2019-12-08T11:32:49.942+0000][1][gc,heap      ] GC(3) CMS: 6804K->6804K(174784K)
[2019-12-08T11:32:49.942+0000][1][gc,metaspace ] GC(3) Metaspace: 18445K->18445K(1067008K)
[2019-12-08T11:32:49.942+0000][1][gc           ] GC(3) Pause Young (Allocation Failure) 77M->12M(247M) 115.913ms
[2019-12-08T11:32:49.942+0000][1][gc,cpu       ] GC(3) User=0.03s Sys=0.00s Real=0.12s
[2019-12-08T11:32:49.942+0000][1][safepoint    ] Leaving safepoint region
[2019-12-08T11:32:49.942+0000][1][safepoint    ] Total time for which application threads were stopped: 0.1160578 seconds, Stopping threads took: 0.0000145 seconds
[2019-12-08T11:32:49.967+0000][1][safepoint    ] Application time: 0.0250373 seconds
[2019-12-08T11:32:50.033+0000][1][safepoint    ] Entering safepoint region: BulkRevokeBias
[2019-12-08T11:32:50.033+0000][1][safepoint    ] Leaving safepoint region
[2019-12-08T11:32:50.033+0000][1][safepoint    ] Total time for which application threads were stopped: 0.0658550 seconds, Stopping threads took: 0.0656036 seconds
[2019-12-08T11:32:50.034+0000][1][safepoint    ] Application time: 0.0007621 seconds
[2019-12-08T11:32:50.034+0000][1][safepoint    ] Entering safepoint region: RevokeBias
[2019-12-08T11:32:50.034+0000][1][safepoint    ] Leaving safepoint region
[2019-12-08T11:32:50.034+0000][1][safepoint    ] Total time for which application threads were stopped: 0.0001033 seconds, Stopping threads took: 0.0000112 seconds
[2019-12-08T11:32:50.034+0000][1][safepoint    ] Application time: 0.0000704 seconds
[2019-12-08T11:32:50.034+0000][1][safepoint    ] Entering safepoint region: RevokeBias
[2019-12-08T11:32:50.034+0000][1][safepoint    ] Leaving safepoint region
[2019-12-08T11:32:50.034+0000][1][safepoint    ] Total time for which application threads were stopped: 0.0000734 seconds, Stopping threads took: 0.0000083 seconds
[2019-12-08T11:32:50.034+0000][1][safepoint    ] Application time: 0.0000490 seconds
[2019-12-08T11:32:50.034+0000][1][safepoint    ] Entering safepoint region: RevokeBias
[2019-12-08T11:32:50.034+0000][1][safepoint    ] Leaving safepoint region
[2019-12-08T11:32:50.034+0000][1][safepoint    ] Total time for which application threads were stopped: 0.0000643 seconds, Stopping threads took: 0.0000074 seconds
[2019-12-08T11:32:50.034+0000][1][safepoint    ] Application time: 0.0000517 seconds
[2019-12-08T11:32:50.034+0000][1][safepoint    ] Entering safepoint region: RevokeBias
[2019-12-08T11:32:50.034+0000][1][safepoint    ] Leaving safepoint region
[2019-12-08T11:32:50.034+0000][1][safepoint    ] Total time for which application threads were stopped: 0.0000648 seconds, Stopping threads took: 0.0000078 seconds
[2019-12-08T11:32:50.034+0000][1][safepoint    ] Application time: 0.0000462 seconds
[2019-12-08T11:32:50.034+0000][1][safepoint    ] Entering safepoint region: RevokeBias
[2019-12-08T11:32:50.034+0000][1][safepoint    ] Leaving safepoint region
[2019-12-08T11:32:50.034+0000][1][safepoint    ] Total time for which application threads were stopped: 0.0000618 seconds, Stopping threads took: 0.0000073 seconds
[2019-12-08T11:32:50.035+0000][1][safepoint    ] Application time: 0.0000522 seconds
[2019-12-08T11:32:50.035+0000][1][safepoint    ] Entering safepoint region: RevokeBias
[2019-12-08T11:32:50.035+0000][1][safepoint    ] Leaving safepoint region
[2019-12-08T11:32:50.035+0000][1][safepoint    ] Total time for which application threads were stopped: 0.0000639 seconds, Stopping threads took: 0.0000073 seconds
[2019-12-08T11:32:50.035+0000][1][safepoint    ] Application time: 0.0000456 seconds
[2019-12-08T11:32:50.035+0000][1][safepoint    ] Entering safepoint region: RevokeBias
[2019-12-08T11:32:50.035+0000][1][safepoint    ] Leaving safepoint region
[2019-12-08T11:32:50.035+0000][1][safepoint    ] Total time for which application threads were stopped: 0.0000950 seconds, Stopping threads took: 0.0000319 seconds
[2019-12-08T11:32:50.035+0000][1][safepoint    ] Application time: 0.0000559 seconds
[2019-12-08T11:32:50.035+0000][1][safepoint    ] Entering safepoint region: RevokeBias
[2019-12-08T11:32:50.035+0000][1][safepoint    ] Leaving safepoint region
[2019-12-08T11:32:50.035+0000][1][safepoint    ] Total time for which application threads were stopped: 0.0000650 seconds, Stopping threads took: 0.0000079 seconds
[2019-12-08T11:32:50.035+0000][1][safepoint    ] Application time: 0.0000456 seconds
[2019-12-08T11:32:50.035+0000][1][safepoint    ] Entering safepoint region: RevokeBias
[2019-12-08T11:32:50.035+0000][1][safepoint    ] Leaving safepoint region
[2019-12-08T11:32:50.035+0000][1][safepoint    ] Total time for which application threads were stopped: 0.0000624 seconds, Stopping threads took: 0.0000069 seconds
[2019-12-08T11:32:50.035+0000][1][safepoint    ] Application time: 0.0000505 seconds
[2019-12-08T11:32:50.035+0000][1][safepoint    ] Entering safepoint region: RevokeBias
[2019-12-08T11:32:50.035+0000][1][safepoint    ] Leaving safepoint region
[2019-12-08T11:32:50.035+0000][1][safepoint    ] Total time for which application threads were stopped: 0.0000621 seconds, Stopping threads took: 0.0000071 seconds
[2019-12-08T11:32:50.035+0000][1][safepoint    ] Application time: 0.0000462 seconds
[2019-12-08T11:32:50.035+0000][1][safepoint    ] Entering safepoint region: RevokeBias
[2019-12-08T11:32:50.035+0000][1][safepoint    ] Leaving safepoint region
[2019-12-08T11:32:50.035+0000][1][safepoint    ] Total time for which application threads were stopped: 0.0000608 seconds, Stopping threads took: 0.0000068 seconds
[2019-12-08T11:32:50.035+0000][1][safepoint    ] Application time: 0.0000497 seconds
[2019-12-08T11:32:50.035+0000][1][safepoint    ] Entering safepoint region: RevokeBias
[2019-12-08T11:32:50.035+0000][1][safepoint    ] Leaving safepoint region
[2019-12-08T11:32:50.035+0000][1][safepoint    ] Total time for which application threads were stopped: 0.0000605 seconds, Stopping threads took: 0.0000067 seconds
[2019-12-08T11:32:50.036+0000][1][safepoint    ] Application time: 0.0001448 seconds
[2019-12-08T11:32:50.036+0000][1][safepoint    ] Entering safepoint region: RevokeBias
[2019-12-08T11:32:50.036+0000][1][safepoint    ] Leaving safepoint region
[2019-12-08T11:32:50.036+0000][1][safepoint    ] Total time for which application threads were stopped: 0.0000688 seconds, Stopping threads took: 0.0000073 seconds
[2019-12-08T11:32:50.036+0000][1][safepoint    ] Application time: 0.0000592 seconds
[2019-12-08T11:32:50.036+0000][1][safepoint    ] Entering safepoint region: RevokeBias
[2019-12-08T11:32:50.036+0000][1][safepoint    ] Leaving safepoint region
[2019-12-08T11:32:50.036+0000][1][safepoint    ] Total time for which application threads were stopped: 0.0000667 seconds, Stopping threads took: 0.0000078 seconds
[2019-12-08T11:32:50.036+0000][1][safepoint    ] Application time: 0.0000563 seconds
[2019-12-08T11:32:50.036+0000][1][safepoint    ] Entering safepoint region: RevokeBias
[2019-12-08T11:32:50.036+0000][1][safepoint    ] Leaving safepoint region
[2019-12-08T11:32:50.036+0000][1][safepoint    ] Total time for which application threads were stopped: 0.0000659 seconds, Stopping threads took: 0.0000066 seconds
[2019-12-08T11:32:50.036+0000][1][safepoint    ] Application time: 0.0000477 seconds
[2019-12-08T11:32:50.036+0000][1][safepoint    ] Entering safepoint region: RevokeBias
[2019-12-08T11:32:50.036+0000][1][safepoint    ] Leaving safepoint region
[2019-12-08T11:32:50.036+0000][1][safepoint    ] Total time for which application threads were stopped: 0.0000646 seconds, Stopping threads took: 0.0000070 seconds
[2019-12-08T11:32:50.800+0000][1][safepoint    ] Application time: 0.7635639 seconds
[2019-12-08T11:32:50.800+0000][1][safepoint    ] Entering safepoint region: GenCollectForAllocation
[2019-12-08T11:32:50.800+0000][1][gc,start     ] GC(4) Pause Young (Allocation Failure)
[2019-12-08T11:32:50.800+0000][1][gc,task      ] GC(4) Using 4 workers of 4 for evacuation
[2019-12-08T11:32:50.860+0000][1][gc,age       ] GC(4) Desired survivor size 4456448 bytes, new threshold 2 (max threshold 6)
[2019-12-08T11:32:50.860+0000][1][gc,age       ] GC(4) Age table with threshold 2 (max threshold 6)
[2019-12-08T11:32:50.860+0000][1][gc,age       ] GC(4) - age   1:    1872968 bytes,    1872968 total
[2019-12-08T11:32:50.860+0000][1][gc,age       ] GC(4) - age   2:    3179008 bytes,    5051976 total
[2019-12-08T11:32:50.860+0000][1][gc,age       ] GC(4) - age   3:     558120 bytes,    5610096 total
[2019-12-08T11:32:50.860+0000][1][gc,heap      ] GC(4) ParNew: 76239K->6399K(78656K)
[2019-12-08T11:32:50.860+0000][1][gc,heap      ] GC(4) CMS: 6804K->8009K(174784K)
[2019-12-08T11:32:50.860+0000][1][gc,metaspace ] GC(4) Metaspace: 18652K->18652K(1067008K)
[2019-12-08T11:32:50.860+0000][1][gc           ] GC(4) Pause Young (Allocation Failure) 81M->14M(247M) 60.181ms
[2019-12-08T11:32:50.860+0000][1][gc,cpu       ] GC(4) User=0.03s Sys=0.00s Real=0.06s
[2019-12-08T11:32:50.860+0000][1][safepoint    ] Leaving safepoint region
[2019-12-08T11:32:50.860+0000][1][safepoint    ] Total time for which application threads were stopped: 0.0603865 seconds, Stopping threads took: 0.0000245 seconds
[2019-12-08T11:32:50.886+0000][1][safepoint    ] Application time: 0.0257096 seconds
[2019-12-08T11:32:50.952+0000][1][safepoint    ] Entering safepoint region: RevokeBias
[2019-12-08T11:32:50.952+0000][1][safepoint    ] Leaving safepoint region
[2019-12-08T11:32:50.952+0000][1][safepoint    ] Total time for which application threads were stopped: 0.0661958 seconds, Stopping threads took: 0.0660965 seconds
[2019-12-08T11:32:50.962+0000][1][safepoint    ] Application time: 0.0097782 seconds
[2019-12-08T11:32:50.962+0000][1][safepoint    ] Entering safepoint region: RevokeBias
[2019-12-08T11:32:50.962+0000][1][safepoint    ] Leaving safepoint region
[2019-12-08T11:32:50.962+0000][1][safepoint    ] Total time for which application threads were stopped: 0.0000870 seconds, Stopping threads took: 0.0000300 seconds
[2019-12-08T11:32:50.962+0000][1][safepoint    ] Application time: 0.0000820 seconds
[2019-12-08T11:32:50.962+0000][1][safepoint    ] Entering safepoint region: RevokeBias
[2019-12-08T11:32:50.962+0000][1][safepoint    ] Leaving safepoint region
[2019-12-08T11:32:50.962+0000][1][safepoint    ] Total time for which application threads were stopped: 0.0000381 seconds, Stopping threads took: 0.0000082 seconds
[2019-12-08T11:32:50.962+0000][1][safepoint    ] Application time: 0.0000451 seconds
[2019-12-08T11:32:50.962+0000][1][safepoint    ] Entering safepoint region: RevokeBias
[2019-12-08T11:32:50.962+0000][1][safepoint    ] Leaving safepoint region
[2019-12-08T11:32:50.962+0000][1][safepoint    ] Total time for which application threads were stopped: 0.0000299 seconds, Stopping threads took: 0.0000071 seconds
[2019-12-08T11:32:50.983+0000][1][safepoint    ] Application time: 0.0205131 seconds
[2019-12-08T11:32:50.983+0000][1][safepoint    ] Entering safepoint region: Deoptimize
[2019-12-08T11:32:50.983+0000][1][safepoint    ] Leaving safepoint region
[2019-12-08T11:32:50.983+0000][1][safepoint    ] Total time for which application threads were stopped: 0.0004388 seconds, Stopping threads took: 0.0000127 seconds
[2019-12-08T11:32:51.392+0000][1][safepoint    ] Application time: 0.4087784 seconds
[2019-12-08T11:32:51.392+0000][1][safepoint    ] Entering safepoint region: Deoptimize
[2019-12-08T11:32:51.392+0000][1][safepoint    ] Leaving safepoint region
[2019-12-08T11:32:51.392+0000][1][safepoint    ] Total time for which application threads were stopped: 0.0004173 seconds, Stopping threads took: 0.0000125 seconds
[2019-12-08T11:32:51.397+0000][1][safepoint    ] Application time: 0.0046020 seconds
[2019-12-08T11:32:51.397+0000][1][safepoint    ] Entering safepoint region: RevokeBias
[2019-12-08T11:32:51.397+0000][1][safepoint    ] Leaving safepoint region
[2019-12-08T11:32:51.397+0000][1][safepoint    ] Total time for which application threads were stopped: 0.0000832 seconds, Stopping threads took: 0.0000131 seconds
[2019-12-08T11:32:51.820+0000][1][safepoint    ] Application time: 0.4226766 seconds
[2019-12-08T11:32:51.820+0000][1][safepoint    ] Entering safepoint region: RevokeBias
[2019-12-08T11:32:51.820+0000][1][safepoint    ] Leaving safepoint region
[2019-12-08T11:32:51.820+0000][1][safepoint    ] Total time for which application threads were stopped: 0.0000783 seconds, Stopping threads took: 0.0000145 seconds
[2019-12-08T11:32:52.091+0000][1][safepoint    ] Application time: 0.2707042 seconds
[2019-12-08T11:32:52.091+0000][1][safepoint    ] Entering safepoint region: GenCollectForAllocation
[2019-12-08T11:32:52.091+0000][1][gc,start     ] GC(5) Pause Young (Allocation Failure)
[2019-12-08T11:32:52.091+0000][1][gc,task      ] GC(5) Using 4 workers of 4 for evacuation
[2019-12-08T11:32:52.153+0000][1][gc,age       ] GC(5) Desired survivor size 4456448 bytes, new threshold 6 (max threshold 6)
[2019-12-08T11:32:52.153+0000][1][gc,age       ] GC(5) Age table with threshold 6 (max threshold 6)
[2019-12-08T11:32:52.153+0000][1][gc,age       ] GC(5) - age   1:    2859592 bytes,    2859592 total
[2019-12-08T11:32:52.153+0000][1][gc,age       ] GC(5) - age   2:     443584 bytes,    3303176 total
[2019-12-08T11:32:52.153+0000][1][gc,heap      ] GC(5) ParNew: 76351K->5017K(78656K)
[2019-12-08T11:32:52.153+0000][1][gc,heap      ] GC(5) CMS: 8009K->11688K(174784K)
[2019-12-08T11:32:52.153+0000][1][gc,metaspace ] GC(5) Metaspace: 18982K->18982K(1067008K)
[2019-12-08T11:32:52.153+0000][1][gc           ] GC(5) Pause Young (Allocation Failure) 82M->16M(247M) 62.292ms
[2019-12-08T11:32:52.153+0000][1][gc,cpu       ] GC(5) User=0.03s Sys=0.00s Real=0.07s
[2019-12-08T11:32:52.153+0000][1][safepoint    ] Leaving safepoint region
[2019-12-08T11:32:52.153+0000][1][safepoint    ] Total time for which application threads were stopped: 0.0624386 seconds, Stopping threads took: 0.0000122 seconds
[2019-12-08T11:32:52.186+0000][1][safepoint    ] Application time: 0.0327082 seconds
[2019-12-08T11:32:52.224+0000][1][safepoint    ] Entering safepoint region: RevokeBias
[2019-12-08T11:32:52.224+0000][1][safepoint    ] Leaving safepoint region
[2019-12-08T11:32:52.224+0000][1][safepoint    ] Total time for which application threads were stopped: 0.0381224 seconds, Stopping threads took: 0.0380043 seconds
[2019-12-08T11:32:52.227+0000][1][safepoint    ] Application time: 0.0028337 seconds
[2019-12-08T11:32:52.227+0000][1][safepoint    ] Entering safepoint region: RevokeBias
[2019-12-08T11:32:52.227+0000][1][safepoint    ] Leaving safepoint region
[2019-12-08T11:32:52.227+0000][1][safepoint    ] Total time for which application threads were stopped: 0.0001195 seconds, Stopping threads took: 0.0000533 seconds
[2019-12-08T11:32:52.227+0000][1][safepoint    ] Application time: 0.0000755 seconds
[2019-12-08T11:32:52.227+0000][1][safepoint    ] Entering safepoint region: RevokeBias
[2019-12-08T11:32:52.227+0000][1][safepoint    ] Leaving safepoint region
[2019-12-08T11:32:52.227+0000][1][safepoint    ] Total time for which application threads were stopped: 0.0000476 seconds, Stopping threads took: 0.0000069 seconds
[2019-12-08T11:32:52.227+0000][1][safepoint    ] Application time: 0.0000476 seconds
[2019-12-08T11:32:52.227+0000][1][safepoint    ] Entering safepoint region: RevokeBias
[2019-12-08T11:32:52.227+0000][1][safepoint    ] Leaving safepoint region
[2019-12-08T11:32:52.227+0000][1][safepoint    ] Total time for which application threads were stopped: 0.0000431 seconds, Stopping threads took: 0.0000069 seconds
[2019-12-08T11:32:52.227+0000][1][safepoint    ] Application time: 0.0000505 seconds
[2019-12-08T11:32:52.227+0000][1][safepoint    ] Entering safepoint region: RevokeBias
[2019-12-08T11:32:52.227+0000][1][safepoint    ] Leaving safepoint region
[2019-12-08T11:32:52.227+0000][1][safepoint    ] Total time for which application threads were stopped: 0.0000419 seconds, Stopping threads took: 0.0000069 seconds
[2019-12-08T11:32:52.227+0000][1][safepoint    ] Application time: 0.0000467 seconds
[2019-12-08T11:32:52.227+0000][1][safepoint    ] Entering safepoint region: RevokeBias
[2019-12-08T11:32:52.227+0000][1][safepoint    ] Leaving safepoint region
[2019-12-08T11:32:52.227+0000][1][safepoint    ] Total time for which application threads were stopped: 0.0000431 seconds, Stopping threads took: 0.0000066 seconds
[2019-12-08T11:32:52.639+0000][1][safepoint    ] Application time: 0.4115790 seconds
[2019-12-08T11:32:52.639+0000][1][safepoint    ] Entering safepoint region: RevokeBias
[2019-12-08T11:32:52.639+0000][1][safepoint    ] Leaving safepoint region
[2019-12-08T11:32:52.639+0000][1][safepoint    ] Total time for which application threads were stopped: 0.0000701 seconds, Stopping threads took: 0.0000133 seconds
[2019-12-08T11:32:52.639+0000][1][safepoint    ] Application time: 0.0002111 seconds
[2019-12-08T11:32:52.639+0000][1][safepoint    ] Entering safepoint region: RevokeBias
[2019-12-08T11:32:52.639+0000][1][safepoint    ] Leaving safepoint region
[2019-12-08T11:32:52.639+0000][1][safepoint    ] Total time for which application threads were stopped: 0.0000482 seconds, Stopping threads took: 0.0000107 seconds
[2019-12-08T11:32:52.712+0000][1][safepoint    ] Application time: 0.0724665 seconds
[2019-12-08T11:32:52.712+0000][1][safepoint    ] Entering safepoint region: GenCollectForAllocation
[2019-12-08T11:32:52.712+0000][1][gc,start     ] GC(6) Pause Young (Allocation Failure)
[2019-12-08T11:32:52.712+0000][1][gc,task      ] GC(6) Using 4 workers of 4 for evacuation
[2019-12-08T11:32:52.733+0000][1][gc,age       ] GC(6) Desired survivor size 4456448 bytes, new threshold 6 (max threshold 6)
[2019-12-08T11:32:52.733+0000][1][gc,age       ] GC(6) Age table with threshold 6 (max threshold 6)
[2019-12-08T11:32:52.733+0000][1][gc,age       ] GC(6) - age   1:    1488080 bytes,    1488080 total
[2019-12-08T11:32:52.733+0000][1][gc,age       ] GC(6) - age   2:    2191352 bytes,    3679432 total
[2019-12-08T11:32:52.733+0000][1][gc,age       ] GC(6) - age   3:     443584 bytes,    4123016 total
[2019-12-08T11:32:52.733+0000][1][gc,heap      ] GC(6) ParNew: 74969K->5510K(78656K)
[2019-12-08T11:32:52.733+0000][1][gc,heap      ] GC(6) CMS: 11688K->11688K(174784K)
[2019-12-08T11:32:52.733+0000][1][gc,metaspace ] GC(6) Metaspace: 19289K->19289K(1067008K)
[2019-12-08T11:32:52.733+0000][1][gc           ] GC(6) Pause Young (Allocation Failure) 84M->16M(247M) 21.033ms
[2019-12-08T11:32:52.733+0000][1][gc,cpu       ] GC(6) User=0.02s Sys=0.00s Real=0.02s
[2019-12-08T11:32:52.733+0000][1][safepoint    ] Leaving safepoint region
[2019-12-08T11:32:52.733+0000][1][safepoint    ] Total time for which application threads were stopped: 0.0211462 seconds, Stopping threads took: 0.0000145 seconds
[2019-12-08T11:32:52.747+0000][1][safepoint    ] Application time: 0.0139467 seconds
[2019-12-08T11:32:52.747+0000][1][safepoint    ] Entering safepoint region: RevokeBias
[2019-12-08T11:32:52.747+0000][1][safepoint    ] Leaving safepoint region
[2019-12-08T11:32:52.747+0000][1][safepoint    ] Total time for which application threads were stopped: 0.0000789 seconds, Stopping threads took: 0.0000131 seconds
[2019-12-08T11:32:52.747+0000][1][safepoint    ] Application time: 0.0000583 seconds
[2019-12-08T11:32:52.747+0000][1][safepoint    ] Entering safepoint region: BulkRevokeBias
[2019-12-08T11:32:52.747+0000][1][safepoint    ] Leaving safepoint region
[2019-12-08T11:32:52.747+0000][1][safepoint    ] Total time for which application threads were stopped: 0.0000715 seconds, Stopping threads took: 0.0000071 seconds
[2019-12-08T11:32:52.747+0000][1][safepoint    ] Application time: 0.0000539 seconds
[2019-12-08T11:32:52.747+0000][1][safepoint    ] Entering safepoint region: BulkRevokeBias
[2019-12-08T11:32:52.747+0000][1][safepoint    ] Leaving safepoint region
[2019-12-08T11:32:52.747+0000][1][safepoint    ] Total time for which application threads were stopped: 0.0000568 seconds, Stopping threads took: 0.0000072 seconds
[2019-12-08T11:32:53.164+0000][1][safepoint    ] Application time: 0.4161740 seconds
[2019-12-08T11:32:53.164+0000][1][safepoint    ] Entering safepoint region: GenCollectForAllocation
[2019-12-08T11:32:53.164+0000][1][gc,start     ] GC(7) Pause Young (Allocation Failure)
[2019-12-08T11:32:53.164+0000][1][gc,task      ] GC(7) Using 4 workers of 4 for evacuation
[2019-12-08T11:32:53.227+0000][1][gc,age       ] GC(7) Desired survivor size 4456448 bytes, new threshold 6 (max threshold 6)
[2019-12-08T11:32:53.227+0000][1][gc,age       ] GC(7) Age table with threshold 6 (max threshold 6)
[2019-12-08T11:32:53.227+0000][1][gc,age       ] GC(7) - age   1:     383440 bytes,     383440 total
[2019-12-08T11:32:53.227+0000][1][gc,age       ] GC(7) - age   2:    1128632 bytes,    1512072 total
[2019-12-08T11:32:53.227+0000][1][gc,age       ] GC(7) - age   3:    2191272 bytes,    3703344 total
[2019-12-08T11:32:53.227+0000][1][gc,age       ] GC(7) - age   4:     443584 bytes,    4146928 total
[2019-12-08T11:32:53.227+0000][1][gc,heap      ] GC(7) ParNew: 75462K->5907K(78656K)
[2019-12-08T11:32:53.227+0000][1][gc,heap      ] GC(7) CMS: 11688K->11688K(174784K)
[2019-12-08T11:32:53.227+0000][1][gc,metaspace ] GC(7) Metaspace: 19567K->19567K(1067008K)
[2019-12-08T11:32:53.227+0000][1][gc           ] GC(7) Pause Young (Allocation Failure) 85M->17M(247M) 63.733ms
[2019-12-08T11:32:53.227+0000][1][gc,cpu       ] GC(7) User=0.03s Sys=0.00s Real=0.06s
[2019-12-08T11:32:53.227+0000][1][safepoint    ] Leaving safepoint region
[2019-12-08T11:32:53.227+0000][1][safepoint    ] Total time for which application threads were stopped: 0.0638793 seconds, Stopping threads took: 0.0000144 seconds
[2019-12-08T11:32:53.777+0000][1][safepoint    ] Application time: 0.5492439 seconds
[2019-12-08T11:32:53.777+0000][1][safepoint    ] Entering safepoint region: CollectForMetadataAllocation
[2019-12-08T11:32:53.777+0000][1][safepoint    ] Leaving safepoint region
[2019-12-08T11:32:53.777+0000][1][safepoint    ] Total time for which application threads were stopped: 0.0002629 seconds, Stopping threads took: 0.0000132 seconds
[2019-12-08T11:32:53.978+0000][1][safepoint    ] Application time: 0.2011360 seconds
[2019-12-08T11:32:53.978+0000][1][safepoint    ] Entering safepoint region: CollectForMetadataAllocation
[2019-12-08T11:32:53.978+0000][1][safepoint    ] Leaving safepoint region
[2019-12-08T11:32:53.978+0000][1][safepoint    ] Total time for which application threads were stopped: 0.0002473 seconds, Stopping threads took: 0.0000139 seconds
[2019-12-08T11:32:54.539+0000][1][safepoint    ] Application time: 0.5602851 seconds
[2019-12-08T11:32:54.539+0000][1][safepoint    ] Entering safepoint region: GenCollectForAllocation
[2019-12-08T11:32:54.539+0000][1][gc,start     ] GC(8) Pause Young (Allocation Failure)
[2019-12-08T11:32:54.539+0000][1][gc,task      ] GC(8) Using 4 workers of 4 for evacuation
[2019-12-08T11:32:54.584+0000][1][gc,age       ] GC(8) Desired survivor size 4456448 bytes, new threshold 4 (max threshold 6)
[2019-12-08T11:32:54.584+0000][1][gc,age       ] GC(8) Age table with threshold 4 (max threshold 6)
[2019-12-08T11:32:54.584+0000][1][gc,age       ] GC(8) - age   1:     926552 bytes,     926552 total
[2019-12-08T11:32:54.584+0000][1][gc,age       ] GC(8) - age   2:     361536 bytes,    1288088 total
[2019-12-08T11:32:54.584+0000][1][gc,age       ] GC(8) - age   3:    1128488 bytes,    2416576 total
[2019-12-08T11:32:54.584+0000][1][gc,age       ] GC(8) - age   4:    2189056 bytes,    4605632 total
[2019-12-08T11:32:54.584+0000][1][gc,age       ] GC(8) - age   5:     443584 bytes,    5049216 total
[2019-12-08T11:32:54.584+0000][1][gc,heap      ] GC(8) ParNew: 75859K->7633K(78656K)
[2019-12-08T11:32:54.584+0000][1][gc,heap      ] GC(8) CMS: 11688K->11688K(174784K)
[2019-12-08T11:32:54.584+0000][1][gc,metaspace ] GC(8) Metaspace: 20377K->20377K(1069056K)
[2019-12-08T11:32:54.584+0000][1][gc           ] GC(8) Pause Young (Allocation Failure) 85M->18M(247M) 45.123ms
[2019-12-08T11:32:54.584+0000][1][gc,cpu       ] GC(8) User=0.02s Sys=0.00s Real=0.05s
[2019-12-08T11:32:54.584+0000][1][safepoint    ] Leaving safepoint region
[2019-12-08T11:32:54.584+0000][1][safepoint    ] Total time for which application threads were stopped: 0.0453050 seconds, Stopping threads took: 0.0000142 seconds
[2019-12-08T11:32:54.588+0000][1][safepoint    ] Application time: 0.0037276 seconds
[2019-12-08T11:32:54.608+0000][1][safepoint    ] Entering safepoint region: CMS_Initial_Mark
[2019-12-08T11:32:54.608+0000][1][gc,start     ] GC(9) Pause Initial Mark
[2019-12-08T11:32:54.610+0000][1][gc           ] GC(9) Pause Initial Mark 22M->22M(247M) 2.431ms
[2019-12-08T11:32:54.610+0000][1][gc,cpu       ] GC(9) User=0.00s Sys=0.00s Real=0.00s
[2019-12-08T11:32:54.610+0000][1][safepoint    ] Leaving safepoint region
[2019-12-08T11:32:54.610+0000][1][safepoint    ] Total time for which application threads were stopped: 0.0225826 seconds, Stopping threads took: 0.0200534 seconds
[2019-12-08T11:32:54.611+0000][1][gc           ] GC(9) Concurrent Mark
[2019-12-08T11:32:54.690+0000][1][gc           ] GC(9) Concurrent Mark 78.686ms
[2019-12-08T11:32:54.690+0000][1][gc,cpu       ] GC(9) User=0.05s Sys=0.00s Real=0.07s
[2019-12-08T11:32:54.690+0000][1][gc           ] GC(9) Concurrent Preclean
[2019-12-08T11:32:54.690+0000][1][gc           ] GC(9) Concurrent Preclean 0.431ms
[2019-12-08T11:32:54.690+0000][1][gc,cpu       ] GC(9) User=0.00s Sys=0.00s Real=0.00s
[2019-12-08T11:32:54.690+0000][1][gc           ] GC(9) Concurrent Abortable Preclean
[2019-12-08T11:32:55.281+0000][1][safepoint    ] Application time: 0.6703216 seconds
[2019-12-08T11:32:55.281+0000][1][safepoint    ] Entering safepoint region: GenCollectForAllocation
[2019-12-08T11:32:55.281+0000][1][gc,start     ] GC(10) Pause Young (Allocation Failure)
[2019-12-08T11:32:55.281+0000][1][gc,task      ] GC(10) Using 4 workers of 4 for evacuation
[2019-12-08T11:32:55.345+0000][1][gc,age       ] GC(10) Desired survivor size 4456448 bytes, new threshold 6 (max threshold 6)
[2019-12-08T11:32:55.345+0000][1][gc,age       ] GC(10) Age table with threshold 6 (max threshold 6)
[2019-12-08T11:32:55.345+0000][1][gc,age       ] GC(10) - age   1:    1095168 bytes,    1095168 total
[2019-12-08T11:32:55.345+0000][1][gc,age       ] GC(10) - age   2:     653872 bytes,    1749040 total
[2019-12-08T11:32:55.345+0000][1][gc,age       ] GC(10) - age   3:     361536 bytes,    2110576 total
[2019-12-08T11:32:55.345+0000][1][gc,age       ] GC(10) - age   4:    1128488 bytes,    3239064 total
[2019-12-08T11:32:55.345+0000][1][gc,heap      ] GC(10) ParNew: 77585K->6385K(78656K)
[2019-12-08T11:32:55.345+0000][1][gc,heap      ] GC(10) CMS: 11688K->14277K(174784K)
[2019-12-08T11:32:55.345+0000][1][gc,metaspace ] GC(10) Metaspace: 20484K->20484K(1069056K)
[2019-12-08T11:32:55.345+0000][1][gc           ] GC(10) Pause Young (Allocation Failure) 87M->20M(247M) 64.426ms
[2019-12-08T11:32:55.345+0000][1][gc,cpu       ] GC(10) User=0.05s Sys=0.00s Real=0.06s
[2019-12-08T11:32:55.345+0000][1][safepoint    ] Leaving safepoint region
[2019-12-08T11:32:55.345+0000][1][safepoint    ] Total time for which application threads were stopped: 0.0645864 seconds, Stopping threads took: 0.0000175 seconds
[2019-12-08T11:32:55.706+0000][1][gc           ] GC(9) Concurrent Abortable Preclean 1015.325ms
[2019-12-08T11:32:55.706+0000][1][gc,cpu       ] GC(9) User=0.66s Sys=0.01s Real=1.02s
[2019-12-08T11:32:55.706+0000][1][safepoint    ] Application time: 0.3604078 seconds
[2019-12-08T11:32:55.719+0000][1][safepoint    ] Entering safepoint region: CMS_Final_Remark
[2019-12-08T11:32:55.719+0000][1][gc,start     ] GC(9) Pause Remark
[2019-12-08T11:32:55.775+0000][1][gc           ] GC(9) Pause Remark 67M->67M(247M) 56.634ms
[2019-12-08T11:32:55.776+0000][1][gc,cpu       ] GC(9) User=0.05s Sys=0.00s Real=0.06s
[2019-12-08T11:32:55.776+0000][1][safepoint    ] Leaving safepoint region
[2019-12-08T11:32:55.776+0000][1][safepoint    ] Total time for which application threads were stopped: 0.0697350 seconds, Stopping threads took: 0.0129694 seconds
[2019-12-08T11:32:55.776+0000][1][gc           ] GC(9) Concurrent Sweep
[2019-12-08T11:32:55.785+0000][1][gc           ] GC(9) Concurrent Sweep 9.207ms
[2019-12-08T11:32:55.785+0000][1][gc,cpu       ] GC(9) User=0.01s Sys=0.00s Real=0.01s
[2019-12-08T11:32:55.785+0000][1][gc           ] GC(9) Concurrent Reset
[2019-12-08T11:32:55.785+0000][1][gc           ] GC(9) Concurrent Reset 0.320ms
[2019-12-08T11:32:55.785+0000][1][gc,cpu       ] GC(9) User=0.00s Sys=0.00s Real=0.00s
[2019-12-08T11:32:55.785+0000][1][gc,heap      ] GC(9) Old: 11688K->14252K(174784K)
[2019-12-08T11:32:55.942+0000][1][safepoint    ] Application time: 0.1669459 seconds
[2019-12-08T11:32:55.943+0000][1][safepoint    ] Entering safepoint region: GenCollectForAllocation
[2019-12-08T11:32:55.943+0000][1][gc,start     ] GC(11) Pause Young (Allocation Failure)
[2019-12-08T11:32:55.943+0000][1][gc,task      ] GC(11) Using 4 workers of 4 for evacuation
[2019-12-08T11:32:55.965+0000][1][gc,age       ] GC(11) Desired survivor size 4456448 bytes, new threshold 6 (max threshold 6)
[2019-12-08T11:32:55.965+0000][1][gc,age       ] GC(11) Age table with threshold 6 (max threshold 6)
[2019-12-08T11:32:55.965+0000][1][gc,age       ] GC(11) - age   1:     991728 bytes,     991728 total
[2019-12-08T11:32:55.965+0000][1][gc,age       ] GC(11) - age   2:      97752 bytes,    1089480 total
[2019-12-08T11:32:55.965+0000][1][gc,age       ] GC(11) - age   3:     653824 bytes,    1743304 total
[2019-12-08T11:32:55.965+0000][1][gc,age       ] GC(11) - age   4:     361432 bytes,    2104736 total
[2019-12-08T11:32:55.965+0000][1][gc,age       ] GC(11) - age   5:    1128200 bytes,    3232936 total
[2019-12-08T11:32:55.965+0000][1][gc,heap      ] GC(11) ParNew: 76337K->4319K(78656K)
[2019-12-08T11:32:55.965+0000][1][gc,heap      ] GC(11) CMS: 14252K->14252K(174784K)
[2019-12-08T11:32:55.965+0000][1][gc,metaspace ] GC(11) Metaspace: 20574K->20574K(1069056K)
[2019-12-08T11:32:55.965+0000][1][gc           ] GC(11) Pause Young (Allocation Failure) 88M->18M(247M) 21.948ms
[2019-12-08T11:32:55.965+0000][1][gc,cpu       ] GC(11) User=0.02s Sys=0.00s Real=0.02s
[2019-12-08T11:32:55.965+0000][1][safepoint    ] Leaving safepoint region
[2019-12-08T11:32:55.965+0000][1][safepoint    ] Total time for which application threads were stopped: 0.0225066 seconds, Stopping threads took: 0.0000143 seconds
[2019-12-08T11:32:56.516+0000][1][safepoint    ] Application time: 0.5506856 seconds
[2019-12-08T11:32:56.516+0000][1][safepoint    ] Entering safepoint region: Deoptimize
[2019-12-08T11:32:56.516+0000][1][safepoint    ] Leaving safepoint region
[2019-12-08T11:32:56.516+0000][1][safepoint    ] Total time for which application threads were stopped: 0.0004188 seconds, Stopping threads took: 0.0000140 seconds
[2019-12-08T11:32:57.516+0000][1][safepoint    ] Application time: 1.0001011 seconds
[2019-12-08T11:32:57.517+0000][1][safepoint    ] Entering safepoint region: Cleanup
[2019-12-08T11:32:57.517+0000][1][safepoint    ] Leaving safepoint region
[2019-12-08T11:32:57.517+0000][1][safepoint    ] Total time for which application threads were stopped: 0.0005391 seconds, Stopping threads took: 0.0004636 seconds
[2019-12-08T11:32:57.590+0000][1][safepoint    ] Application time: 0.0730762 seconds
[2019-12-08T11:32:57.590+0000][1][safepoint    ] Entering safepoint region: GenCollectForAllocation
[2019-12-08T11:32:57.590+0000][1][gc,start     ] GC(12) Pause Young (Allocation Failure)
[2019-12-08T11:32:57.590+0000][1][gc,task      ] GC(12) Using 4 workers of 4 for evacuation
[2019-12-08T11:32:57.635+0000][1][gc,age       ] GC(12) Desired survivor size 4456448 bytes, new threshold 6 (max threshold 6)
[2019-12-08T11:32:57.635+0000][1][gc,age       ] GC(12) Age table with threshold 6 (max threshold 6)
[2019-12-08T11:32:57.635+0000][1][gc,age       ] GC(12) - age   1:    1035184 bytes,    1035184 total
[2019-12-08T11:32:57.635+0000][1][gc,age       ] GC(12) - age   2:     305912 bytes,    1341096 total
[2019-12-08T11:32:57.635+0000][1][gc,age       ] GC(12) - age   3:      97752 bytes,    1438848 total
[2019-12-08T11:32:57.635+0000][1][gc,age       ] GC(12) - age   4:     653760 bytes,    2092608 total
[2019-12-08T11:32:57.635+0000][1][gc,age       ] GC(12) - age   5:     361432 bytes,    2454040 total
[2019-12-08T11:32:57.635+0000][1][gc,age       ] GC(12) - age   6:    1128200 bytes,    3582240 total
[2019-12-08T11:32:57.635+0000][1][gc,heap      ] GC(12) ParNew: 74271K->3966K(78656K)
[2019-12-08T11:32:57.635+0000][1][gc,heap      ] GC(12) CMS: 14252K->14252K(174784K)
[2019-12-08T11:32:57.635+0000][1][gc,metaspace ] GC(12) Metaspace: 22765K->22765K(1071104K)
[2019-12-08T11:32:57.635+0000][1][gc           ] GC(12) Pause Young (Allocation Failure) 86M->17M(247M) 44.868ms
[2019-12-08T11:32:57.635+0000][1][gc,cpu       ] GC(12) User=0.01s Sys=0.00s Real=0.05s
[2019-12-08T11:32:57.635+0000][1][safepoint    ] Leaving safepoint region
[2019-12-08T11:32:57.635+0000][1][safepoint    ] Total time for which application threads were stopped: 0.0449955 seconds, Stopping threads took: 0.0000141 seconds
[2019-12-08T11:32:58.025+0000][1][safepoint    ] Application time: 0.3897275 seconds
[2019-12-08T11:32:58.025+0000][1][safepoint    ] Entering safepoint region: Deoptimize
[2019-12-08T11:32:58.025+0000][1][safepoint    ] Leaving safepoint region
[2019-12-08T11:32:58.025+0000][1][safepoint    ] Total time for which application threads were stopped: 0.0005739 seconds, Stopping threads took: 0.0000122 seconds
[2019-12-08T11:32:58.377+0000][1][safepoint    ] Application time: 0.3513961 seconds
[2019-12-08T11:32:58.377+0000][1][safepoint    ] Entering safepoint region: Deoptimize
[2019-12-08T11:32:58.377+0000][1][safepoint    ] Leaving safepoint region
[2019-12-08T11:32:58.377+0000][1][safepoint    ] Total time for which application threads were stopped: 0.0004284 seconds, Stopping threads took: 0.0000148 seconds
[2019-12-08T11:32:58.427+0000][1][safepoint    ] Application time: 0.0495284 seconds
[2019-12-08T11:32:58.427+0000][1][safepoint    ] Entering safepoint region: Deoptimize
[2019-12-08T11:32:58.427+0000][1][safepoint    ] Leaving safepoint region
[2019-12-08T11:32:58.427+0000][1][safepoint    ] Total time for which application threads were stopped: 0.0004420 seconds, Stopping threads took: 0.0000246 seconds
[2019-12-08T11:32:58.438+0000][1][safepoint    ] Application time: 0.0103058 seconds
[2019-12-08T11:32:58.475+0000][1][safepoint    ] Entering safepoint region: Deoptimize
[2019-12-08T11:32:58.476+0000][1][safepoint    ] Leaving safepoint region
[2019-12-08T11:32:58.476+0000][1][safepoint    ] Total time for which application threads were stopped: 0.0380303 seconds, Stopping threads took: 0.0376186 seconds
[2019-12-08T11:32:58.525+0000][1][safepoint    ] Application time: 0.0494356 seconds
[2019-12-08T11:32:58.525+0000][1][safepoint    ] Entering safepoint region: RevokeBias
[2019-12-08T11:32:58.525+0000][1][safepoint    ] Leaving safepoint region
[2019-12-08T11:32:58.525+0000][1][safepoint    ] Total time for which application threads were stopped: 0.0000745 seconds, Stopping threads took: 0.0000148 seconds
[2019-12-08T11:32:59.528+0000][1][safepoint    ] Application time: 1.0025781 seconds
[2019-12-08T11:32:59.528+0000][1][safepoint    ] Entering safepoint region: Cleanup
[2019-12-08T11:32:59.528+0000][1][safepoint    ] Leaving safepoint region
[2019-12-08T11:32:59.528+0000][1][safepoint    ] Total time for which application threads were stopped: 0.0002514 seconds, Stopping threads took: 0.0000158 seconds
[2019-12-08T11:33:00.530+0000][1][safepoint    ] Application time: 1.0016758 seconds
[2019-12-08T11:33:00.534+0000][1][safepoint    ] Entering safepoint region: Cleanup
[2019-12-08T11:33:00.534+0000][1][safepoint    ] Leaving safepoint region
[2019-12-08T11:33:00.534+0000][1][safepoint    ] Total time for which application threads were stopped: 0.0041450 seconds, Stopping threads took: 0.0040596 seconds
[2019-12-08T11:33:01.541+0000][1][safepoint    ] Application time: 1.0068191 seconds
[2019-12-08T11:33:01.581+0000][1][safepoint    ] Entering safepoint region: Cleanup
[2019-12-08T11:33:01.582+0000][1][safepoint    ] Leaving safepoint region
[2019-12-08T11:33:01.582+0000][1][safepoint    ] Total time for which application threads were stopped: 0.0408176 seconds, Stopping threads took: 0.0407666 seconds
[2019-12-08T11:33:02.587+0000][1][safepoint    ] Application time: 1.0051358 seconds
[2019-12-08T11:33:02.679+0000][1][safepoint    ] Entering safepoint region: Cleanup
[2019-12-08T11:33:02.679+0000][1][safepoint    ] Leaving safepoint region
[2019-12-08T11:33:02.679+0000][1][safepoint    ] Total time for which application threads were stopped: 0.0918711 seconds, Stopping threads took: 0.0918231 seconds
[2019-12-08T11:33:03.431+0000][1][safepoint    ] Application time: 0.7518820 seconds
[2019-12-08T11:33:03.431+0000][1][safepoint    ] Entering safepoint region: GenCollectForAllocation
[2019-12-08T11:33:03.431+0000][1][gc,start     ] GC(13) Pause Young (Allocation Failure)
[2019-12-08T11:33:03.431+0000][1][gc,task      ] GC(13) Using 4 workers of 4 for evacuation
[2019-12-08T11:33:03.678+0000][1][gc,age       ] GC(13) Desired survivor size 4456448 bytes, new threshold 1 (max threshold 6)
[2019-12-08T11:33:03.679+0000][1][gc,age       ] GC(13) Age table with threshold 1 (max threshold 6)
[2019-12-08T11:33:03.679+0000][1][gc,age       ] GC(13) - age   1:    6478056 bytes,    6478056 total
[2019-12-08T11:33:03.679+0000][1][gc,age       ] GC(13) - age   2:    1010624 bytes,    7488680 total
[2019-12-08T11:33:03.679+0000][1][gc,age       ] GC(13) - age   3:     305632 bytes,    7794312 total
[2019-12-08T11:33:03.679+0000][1][gc,age       ] GC(13) - age   4:      97536 bytes,    7891848 total
[2019-12-08T11:33:03.679+0000][1][gc,age       ] GC(13) - age   5:     650720 bytes,    8542568 total
[2019-12-08T11:33:03.679+0000][1][gc,age       ] GC(13) - age   6:     359240 bytes,    8901808 total
[2019-12-08T11:33:03.679+0000][1][gc,heap      ] GC(13) ParNew: 73918K->8704K(78656K)
[2019-12-08T11:33:03.679+0000][1][gc,heap      ] GC(13) CMS: 14252K->21451K(174784K)
[2019-12-08T11:33:03.679+0000][1][gc,metaspace ] GC(13) Metaspace: 27068K->27068K(1075200K)
[2019-12-08T11:33:03.679+0000][1][gc           ] GC(13) Pause Young (Allocation Failure) 86M->29M(247M) 247.953ms
[2019-12-08T11:33:03.679+0000][1][gc,cpu       ] GC(13) User=0.07s Sys=0.00s Real=0.25s
[2019-12-08T11:33:03.679+0000][1][safepoint    ] Leaving safepoint region
[2019-12-08T11:33:03.679+0000][1][safepoint    ] Total time for which application threads were stopped: 0.2481092 seconds, Stopping threads took: 0.0000272 seconds
[2019-12-08T11:33:04.684+0000][1][safepoint    ] Application time: 1.0050199 seconds
[2019-12-08T11:33:04.684+0000][1][safepoint    ] Entering safepoint region: Cleanup
[2019-12-08T11:33:04.684+0000][1][safepoint    ] Leaving safepoint region
[2019-12-08T11:33:04.684+0000][1][safepoint    ] Total time for which application threads were stopped: 0.0001077 seconds, Stopping threads took: 0.0000662 seconds
[2019-12-08T11:33:05.713+0000][1][safepoint    ] Application time: 1.0288504 seconds
[2019-12-08T11:33:05.732+0000][1][safepoint    ] Entering safepoint region: Cleanup
[2019-12-08T11:33:05.732+0000][1][safepoint    ] Leaving safepoint region
[2019-12-08T11:33:05.732+0000][1][safepoint    ] Total time for which application threads were stopped: 0.0190326 seconds, Stopping threads took: 0.0189671 seconds
[2019-12-08T11:33:07.486+0000][1][safepoint    ] Application time: 1.7538880 seconds
[2019-12-08T11:33:07.486+0000][1][safepoint    ] Entering safepoint region: GenCollectForAllocation
[2019-12-08T11:33:07.486+0000][1][gc,start     ] GC(14) Pause Young (Allocation Failure)
[2019-12-08T11:33:07.486+0000][1][gc,task      ] GC(14) Using 4 workers of 4 for evacuation
[2019-12-08T11:33:07.846+0000][1][gc,age       ] GC(14) Desired survivor size 4456448 bytes, new threshold 1 (max threshold 6)
[2019-12-08T11:33:07.846+0000][1][gc,age       ] GC(14) Age table with threshold 1 (max threshold 6)
[2019-12-08T11:33:07.846+0000][1][gc,age       ] GC(14) - age   1:    8912584 bytes,    8912584 total
[2019-12-08T11:33:07.846+0000][1][gc,heap      ] GC(14) ParNew: 78656K->8704K(78656K)
[2019-12-08T11:33:07.846+0000][1][gc,heap      ] GC(14) CMS: 21451K->34721K(174784K)
[2019-12-08T11:33:07.846+0000][1][gc,metaspace ] GC(14) Metaspace: 27097K->27097K(1075200K)
[2019-12-08T11:33:07.846+0000][1][gc           ] GC(14) Pause Young (Allocation Failure) 97M->42M(247M) 360.464ms
[2019-12-08T11:33:07.846+0000][1][gc,cpu       ] GC(14) User=0.16s Sys=0.01s Real=0.36s
[2019-12-08T11:33:07.846+0000][1][safepoint    ] Leaving safepoint region
[2019-12-08T11:33:07.846+0000][1][safepoint    ] Total time for which application threads were stopped: 0.3606235 seconds, Stopping threads took: 0.0000257 seconds
[2019-12-08T11:33:08.035+0000][1][safepoint    ] Application time: 0.1881569 seconds
[2019-12-08T11:33:08.035+0000][1][safepoint    ] Entering safepoint region: RevokeBias
[2019-12-08T11:33:08.035+0000][1][safepoint    ] Leaving safepoint region
[2019-12-08T11:33:08.035+0000][1][safepoint    ] Total time for which application threads were stopped: 0.0000858 seconds, Stopping threads took: 0.0000131 seconds
[2019-12-08T11:33:09.037+0000][1][safepoint    ] Application time: 1.0020494 seconds
[2019-12-08T11:33:09.221+0000][1][safepoint    ] Entering safepoint region: Cleanup
[2019-12-08T11:33:09.221+0000][1][safepoint    ] Leaving safepoint region
[2019-12-08T11:33:09.221+0000][1][safepoint    ] Total time for which application threads were stopped: 0.1840744 seconds, Stopping threads took: 0.1840213 seconds
[2019-12-08T11:33:10.225+0000][1][safepoint    ] Application time: 1.0038677 seconds
[2019-12-08T11:33:10.295+0000][1][safepoint    ] Entering safepoint region: Cleanup
[2019-12-08T11:33:10.295+0000][1][safepoint    ] Leaving safepoint region
[2019-12-08T11:33:10.295+0000][1][safepoint    ] Total time for which application threads were stopped: 0.0701307 seconds, Stopping threads took: 0.0700708 seconds
[2019-12-08T11:33:10.604+0000][1][safepoint    ] Application time: 0.3089439 seconds
[2019-12-08T11:33:10.604+0000][1][safepoint    ] Entering safepoint region: RevokeBias
[2019-12-08T11:33:10.604+0000][1][safepoint    ] Leaving safepoint region
[2019-12-08T11:33:10.604+0000][1][safepoint    ] Total time for which application threads were stopped: 0.0001130 seconds, Stopping threads took: 0.0000137 seconds
[2019-12-08T11:33:11.606+0000][1][safepoint    ] Application time: 1.0017214 seconds
[2019-12-08T11:33:11.621+0000][1][safepoint    ] Entering safepoint region: Cleanup
[2019-12-08T11:33:11.621+0000][1][safepoint    ] Leaving safepoint region
[2019-12-08T11:33:11.621+0000][1][safepoint    ] Total time for which application threads were stopped: 0.0150796 seconds, Stopping threads took: 0.0150009 seconds
[2019-12-08T11:33:11.656+0000][1][safepoint    ] Application time: 0.0348807 seconds
[2019-12-08T11:33:11.656+0000][1][safepoint    ] Entering safepoint region: GenCollectForAllocation
[2019-12-08T11:33:11.656+0000][1][gc,start     ] GC(15) Pause Young (Allocation Failure)
[2019-12-08T11:33:11.656+0000][1][gc,task      ] GC(15) Using 4 workers of 4 for evacuation
[2019-12-08T11:33:11.895+0000][1][gc,age       ] GC(15) Desired survivor size 4456448 bytes, new threshold 1 (max threshold 6)
[2019-12-08T11:33:11.895+0000][1][gc,age       ] GC(15) Age table with threshold 1 (max threshold 6)
[2019-12-08T11:33:11.895+0000][1][gc,age       ] GC(15) - age   1:    8499472 bytes,    8499472 total
[2019-12-08T11:33:11.895+0000][1][gc,heap      ] GC(15) ParNew: 78656K->8704K(78656K)
[2019-12-08T11:33:11.895+0000][1][gc,heap      ] GC(15) CMS: 34721K->46540K(174784K)
[2019-12-08T11:33:11.895+0000][1][gc,metaspace ] GC(15) Metaspace: 29829K->29829K(1077248K)
[2019-12-08T11:33:11.895+0000][1][gc           ] GC(15) Pause Young (Allocation Failure) 110M->53M(247M) 239.291ms
[2019-12-08T11:33:11.895+0000][1][gc,cpu       ] GC(15) User=0.12s Sys=0.00s Real=0.24s
[2019-12-08T11:33:11.895+0000][1][safepoint    ] Leaving safepoint region
[2019-12-08T11:33:11.895+0000][1][safepoint    ] Total time for which application threads were stopped: 0.2394250 seconds, Stopping threads took: 0.0000137 seconds
[2019-12-08T11:33:11.914+0000][1][safepoint    ] Application time: 0.0185449 seconds
[2019-12-08T11:33:11.914+0000][1][safepoint    ] Entering safepoint region: RevokeBias
[2019-12-08T11:33:11.914+0000][1][safepoint    ] Leaving safepoint region
[2019-12-08T11:33:11.914+0000][1][safepoint    ] Total time for which application threads were stopped: 0.0001598 seconds, Stopping threads took: 0.0000228 seconds
[2019-12-08T11:33:12.916+0000][1][safepoint    ] Application time: 1.0018034 seconds
[2019-12-08T11:33:12.916+0000][1][safepoint    ] Entering safepoint region: Cleanup
[2019-12-08T11:33:12.916+0000][1][safepoint    ] Leaving safepoint region
[2019-12-08T11:33:12.916+0000][1][safepoint    ] Total time for which application threads were stopped: 0.0001583 seconds, Stopping threads took: 0.0001109 seconds
[2019-12-08T11:33:13.078+0000][1][safepoint    ] Application time: 0.1623123 seconds
[2019-12-08T11:33:13.078+0000][1][safepoint    ] Entering safepoint region: GenCollectForAllocation
[2019-12-08T11:33:13.078+0000][1][gc,start     ] GC(16) Pause Young (Allocation Failure)
[2019-12-08T11:33:13.078+0000][1][gc,task      ] GC(16) Using 4 workers of 4 for evacuation
[2019-12-08T11:33:13.129+0000][1][gc,age       ] GC(16) Desired survivor size 4456448 bytes, new threshold 6 (max threshold 6)
[2019-12-08T11:33:13.129+0000][1][gc,age       ] GC(16) Age table with threshold 6 (max threshold 6)
[2019-12-08T11:33:13.129+0000][1][gc,age       ] GC(16) - age   1:    1173968 bytes,    1173968 total
[2019-12-08T11:33:13.129+0000][1][gc,heap      ] GC(16) ParNew: 78656K->8315K(78656K)
[2019-12-08T11:33:13.129+0000][1][gc,heap      ] GC(16) CMS: 46540K->54901K(174784K)
[2019-12-08T11:33:13.129+0000][1][gc,metaspace ] GC(16) Metaspace: 32949K->32949K(1079296K)
[2019-12-08T11:33:13.129+0000][1][gc           ] GC(16) Pause Young (Allocation Failure) 122M->61M(247M) 50.798ms
[2019-12-08T11:33:13.129+0000][1][gc,cpu       ] GC(16) User=0.06s Sys=0.00s Real=0.05s
[2019-12-08T11:33:13.129+0000][1][safepoint    ] Leaving safepoint region
[2019-12-08T11:33:13.129+0000][1][safepoint    ] Total time for which application threads were stopped: 0.0509522 seconds, Stopping threads took: 0.0000158 seconds
[2019-12-08T11:33:14.131+0000][1][safepoint    ] Application time: 1.0014705 seconds
[2019-12-08T11:33:14.166+0000][1][safepoint    ] Entering safepoint region: Cleanup
[2019-12-08T11:33:14.166+0000][1][safepoint    ] Leaving safepoint region
[2019-12-08T11:33:14.166+0000][1][safepoint    ] Total time for which application threads were stopped: 0.0351893 seconds, Stopping threads took: 0.0350830 seconds
[2019-12-08T11:33:14.274+0000][1][safepoint    ] Application time: 0.1081227 seconds
[2019-12-08T11:33:14.274+0000][1][safepoint    ] Entering safepoint region: CollectForMetadataAllocation
[2019-12-08T11:33:14.274+0000][1][safepoint    ] Leaving safepoint region
[2019-12-08T11:33:14.274+0000][1][safepoint    ] Total time for which application threads were stopped: 0.0002431 seconds, Stopping threads took: 0.0000150 seconds
[2019-12-08T11:33:14.484+0000][1][safepoint    ] Application time: 0.2097998 seconds
[2019-12-08T11:33:14.484+0000][1][safepoint    ] Entering safepoint region: CollectForMetadataAllocation
[2019-12-08T11:33:14.484+0000][1][safepoint    ] Leaving safepoint region
[2019-12-08T11:33:14.484+0000][1][safepoint    ] Total time for which application threads were stopped: 0.0001399 seconds, Stopping threads took: 0.0000141 seconds
[2019-12-08T11:33:14.701+0000][1][safepoint    ] Application time: 0.2163858 seconds
[2019-12-08T11:33:14.701+0000][1][safepoint    ] Entering safepoint region: CollectForMetadataAllocation
[2019-12-08T11:33:14.701+0000][1][safepoint    ] Leaving safepoint region
[2019-12-08T11:33:14.701+0000][1][safepoint    ] Total time for which application threads were stopped: 0.0002278 seconds, Stopping threads took: 0.0000137 seconds
[2019-12-08T11:33:14.813+0000][1][safepoint    ] Application time: 0.1123760 seconds
[2019-12-08T11:33:14.813+0000][1][safepoint    ] Entering safepoint region: CollectForMetadataAllocation
[2019-12-08T11:33:14.814+0000][1][safepoint    ] Leaving safepoint region
[2019-12-08T11:33:14.814+0000][1][safepoint    ] Total time for which application threads were stopped: 0.0002366 seconds, Stopping threads took: 0.0000148 seconds
[2019-12-08T11:33:14.892+0000][1][safepoint    ] Application time: 0.0785287 seconds
[2019-12-08T11:33:14.892+0000][1][safepoint    ] Entering safepoint region: CollectForMetadataAllocation
[2019-12-08T11:33:14.892+0000][1][safepoint    ] Leaving safepoint region
[2019-12-08T11:33:14.892+0000][1][safepoint    ] Total time for which application threads were stopped: 0.0002415 seconds, Stopping threads took: 0.0000141 seconds
[2019-12-08T11:33:14.993+0000][1][safepoint    ] Application time: 0.1003502 seconds
[2019-12-08T11:33:14.993+0000][1][safepoint    ] Entering safepoint region: CollectForMetadataAllocation
[2019-12-08T11:33:14.993+0000][1][safepoint    ] Leaving safepoint region
[2019-12-08T11:33:14.993+0000][1][safepoint    ] Total time for which application threads were stopped: 0.0002256 seconds, Stopping threads took: 0.0000142 seconds
[2019-12-08T11:33:15.103+0000][1][safepoint    ] Application time: 0.1096568 seconds
[2019-12-08T11:33:15.103+0000][1][safepoint    ] Entering safepoint region: CollectForMetadataAllocation
[2019-12-08T11:33:15.103+0000][1][safepoint    ] Leaving safepoint region
[2019-12-08T11:33:15.103+0000][1][safepoint    ] Total time for which application threads were stopped: 0.0001411 seconds, Stopping threads took: 0.0000131 seconds
[2019-12-08T11:33:15.138+0000][1][safepoint    ] Application time: 0.0348493 seconds
[2019-12-08T11:33:15.138+0000][1][safepoint    ] Entering safepoint region: CMS_Initial_Mark
[2019-12-08T11:33:15.138+0000][1][gc,start     ] GC(17) Pause Initial Mark
[2019-12-08T11:33:15.228+0000][1][gc           ] GC(17) Pause Initial Mark 127M->127M(247M) 89.918ms
[2019-12-08T11:33:15.228+0000][1][gc,cpu       ] GC(17) User=0.04s Sys=0.00s Real=0.09s
[2019-12-08T11:33:15.228+0000][1][safepoint    ] Leaving safepoint region
[2019-12-08T11:33:15.228+0000][1][safepoint    ] Total time for which application threads were stopped: 0.0901269 seconds, Stopping threads took: 0.0001028 seconds
[2019-12-08T11:33:15.228+0000][1][gc           ] GC(17) Concurrent Mark
[2019-12-08T11:33:15.410+0000][1][safepoint    ] Application time: 0.1817969 seconds
[2019-12-08T11:33:15.410+0000][1][safepoint    ] Entering safepoint region: CollectForMetadataAllocation
[2019-12-08T11:33:15.410+0000][1][safepoint    ] Leaving safepoint region
[2019-12-08T11:33:15.410+0000][1][safepoint    ] Total time for which application threads were stopped: 0.0002663 seconds, Stopping threads took: 0.0000158 seconds
[2019-12-08T11:33:15.610+0000][1][safepoint    ] Application time: 0.2004614 seconds
[2019-12-08T11:33:15.611+0000][1][safepoint    ] Entering safepoint region: CollectForMetadataAllocation
[2019-12-08T11:33:15.611+0000][1][safepoint    ] Leaving safepoint region
[2019-12-08T11:33:15.611+0000][1][safepoint    ] Total time for which application threads were stopped: 0.0001973 seconds, Stopping threads took: 0.0000158 seconds
[2019-12-08T11:33:15.681+0000][1][safepoint    ] Application time: 0.0704894 seconds
[2019-12-08T11:33:15.681+0000][1][safepoint    ] Entering safepoint region: GenCollectForAllocation
[2019-12-08T11:33:15.681+0000][1][gc,start     ] GC(18) Pause Young (Allocation Failure)
[2019-12-08T11:33:15.681+0000][1][gc,task      ] GC(18) Using 4 workers of 4 for evacuation
[2019-12-08T11:33:15.744+0000][1][gc,age       ] GC(18) Desired survivor size 4456448 bytes, new threshold 6 (max threshold 6)
[2019-12-08T11:33:15.744+0000][1][gc,age       ] GC(18) Age table with threshold 6 (max threshold 6)
[2019-12-08T11:33:15.744+0000][1][gc,age       ] GC(18) - age   1:    2091592 bytes,    2091592 total
[2019-12-08T11:33:15.744+0000][1][gc,age       ] GC(18) - age   2:    1110968 bytes,    3202560 total
[2019-12-08T11:33:15.744+0000][1][gc,heap      ] GC(18) ParNew: 78267K->4014K(78656K)
[2019-12-08T11:33:15.744+0000][1][gc,heap      ] GC(18) CMS: 54901K->54901K(174784K)
[2019-12-08T11:33:15.744+0000][1][gc,metaspace ] GC(18) Metaspace: 36226K->36226K(1083392K)
[2019-12-08T11:33:15.744+0000][1][gc           ] GC(18) Pause Young (Allocation Failure) 130M->57M(247M) 62.282ms
[2019-12-08T11:33:15.744+0000][1][gc,cpu       ] GC(18) User=0.03s Sys=0.00s Real=0.06s
[2019-12-08T11:33:15.744+0000][1][safepoint    ] Leaving safepoint region
[2019-12-08T11:33:15.744+0000][1][safepoint    ] Total time for which application threads were stopped: 0.0624103 seconds, Stopping threads took: 0.0000128 seconds
[2019-12-08T11:33:15.747+0000][1][gc           ] GC(17) Concurrent Mark 518.566ms
[2019-12-08T11:33:15.747+0000][1][gc,cpu       ] GC(17) User=0.29s Sys=0.01s Real=0.52s
[2019-12-08T11:33:15.747+0000][1][gc           ] GC(17) Concurrent Preclean
[2019-12-08T11:33:15.749+0000][1][safepoint    ] Application time: 0.0050823 seconds
[2019-12-08T11:33:15.749+0000][1][safepoint    ] Entering safepoint region: RevokeBias
[2019-12-08T11:33:15.749+0000][1][safepoint    ] Leaving safepoint region
[2019-12-08T11:33:15.749+0000][1][safepoint    ] Total time for which application threads were stopped: 0.0001264 seconds, Stopping threads took: 0.0000120 seconds
[2019-12-08T11:33:15.755+0000][1][gc           ] GC(17) Concurrent Preclean 8.521ms
[2019-12-08T11:33:15.755+0000][1][gc,cpu       ] GC(17) User=0.01s Sys=0.00s Real=0.01s
[2019-12-08T11:33:15.755+0000][1][safepoint    ] Application time: 0.0062119 seconds
[2019-12-08T11:33:15.755+0000][1][safepoint    ] Entering safepoint region: CMS_Final_Remark
[2019-12-08T11:33:15.755+0000][1][gc,start     ] GC(17) Pause Remark
[2019-12-08T11:33:15.847+0000][1][gc           ] GC(17) Pause Remark 58M->58M(247M) 91.850ms
[2019-12-08T11:33:15.847+0000][1][gc,cpu       ] GC(17) User=0.04s Sys=0.00s Real=0.09s
[2019-12-08T11:33:15.847+0000][1][safepoint    ] Leaving safepoint region
[2019-12-08T11:33:15.847+0000][1][safepoint    ] Total time for which application threads were stopped: 0.0921408 seconds, Stopping threads took: 0.0001793 seconds
[2019-12-08T11:33:15.886+0000][1][gc           ] GC(17) Concurrent Sweep
[2019-12-08T11:33:15.965+0000][1][safepoint    ] Application time: 0.1180017 seconds
[2019-12-08T11:33:15.965+0000][1][safepoint    ] Entering safepoint region: CollectForMetadataAllocation
[2019-12-08T11:33:15.966+0000][1][safepoint    ] Leaving safepoint region
[2019-12-08T11:33:15.966+0000][1][safepoint    ] Total time for which application threads were stopped: 0.0005225 seconds, Stopping threads took: 0.0000133 seconds
[2019-12-08T11:33:15.967+0000][1][safepoint    ] Application time: 0.0014654 seconds
[2019-12-08T11:33:15.967+0000][1][safepoint    ] Entering safepoint region: CollectForMetadataAllocation
[2019-12-08T11:33:15.968+0000][1][safepoint    ] Leaving safepoint region
[2019-12-08T11:33:15.968+0000][1][safepoint    ] Total time for which application threads were stopped: 0.0002249 seconds, Stopping threads took: 0.0000127 seconds
[2019-12-08T11:33:16.160+0000][1][gc           ] GC(17) Concurrent Sweep 274.505ms
[2019-12-08T11:33:16.160+0000][1][gc,cpu       ] GC(17) User=0.17s Sys=0.00s Real=0.27s
[2019-12-08T11:33:16.160+0000][1][gc           ] GC(17) Concurrent Reset
[2019-12-08T11:33:16.161+0000][1][gc           ] GC(17) Concurrent Reset 0.330ms
[2019-12-08T11:33:16.161+0000][1][gc,cpu       ] GC(17) User=0.00s Sys=0.00s Real=0.00s
[2019-12-08T11:33:16.161+0000][1][gc,heap      ] GC(17) Old: 54901K->54714K(174784K)
[2019-12-08T11:33:16.214+0000][1][safepoint    ] Application time: 0.2466878 seconds
[2019-12-08T11:33:16.214+0000][1][safepoint    ] Entering safepoint region: RevokeBias
[2019-12-08T11:33:16.214+0000][1][safepoint    ] Leaving safepoint region
[2019-12-08T11:33:16.214+0000][1][safepoint    ] Total time for which application threads were stopped: 0.0001362 seconds, Stopping threads took: 0.0000126 seconds
[2019-12-08T11:33:17.217+0000][1][safepoint    ] Application time: 1.0022479 seconds
[2019-12-08T11:33:17.217+0000][1][safepoint    ] Entering safepoint region: Cleanup
[2019-12-08T11:33:17.217+0000][1][safepoint    ] Leaving safepoint region
[2019-12-08T11:33:17.217+0000][1][safepoint    ] Total time for which application threads were stopped: 0.0001325 seconds, Stopping threads took: 0.0000548 seconds
[2019-12-08T11:33:18.218+0000][1][safepoint    ] Application time: 1.0008074 seconds
[2019-12-08T11:33:18.218+0000][1][safepoint    ] Entering safepoint region: Cleanup
[2019-12-08T11:33:18.218+0000][1][safepoint    ] Leaving safepoint region
[2019-12-08T11:33:18.218+0000][1][safepoint    ] Total time for which application threads were stopped: 0.0003945 seconds, Stopping threads took: 0.0003326 seconds
[2019-12-08T11:33:18.789+0000][1][safepoint    ] Application time: 0.5705653 seconds
[2019-12-08T11:33:18.838+0000][1][safepoint    ] Entering safepoint region: RevokeBias
[2019-12-08T11:33:18.838+0000][1][safepoint    ] Leaving safepoint region
[2019-12-08T11:33:18.838+0000][1][safepoint    ] Total time for which application threads were stopped: 0.0491272 seconds, Stopping threads took: 0.0489951 seconds
[2019-12-08T11:33:18.851+0000][1][safepoint    ] Application time: 0.0128301 seconds
[2019-12-08T11:33:18.889+0000][1][safepoint    ] Entering safepoint region: RevokeBias
[2019-12-08T11:33:18.889+0000][1][safepoint    ] Leaving safepoint region
[2019-12-08T11:33:18.889+0000][1][safepoint    ] Total time for which application threads were stopped: 0.0381425 seconds, Stopping threads took: 0.0380145 seconds
[2019-12-08T11:33:18.891+0000][1][safepoint    ] Application time: 0.0019852 seconds
[2019-12-08T11:33:18.891+0000][1][safepoint    ] Entering safepoint region: RevokeBias
[2019-12-08T11:33:18.891+0000][1][safepoint    ] Leaving safepoint region
[2019-12-08T11:33:18.891+0000][1][safepoint    ] Total time for which application threads were stopped: 0.0001166 seconds, Stopping threads took: 0.0000123 seconds
[2019-12-08T11:33:20.906+0000][1][safepoint    ] Application time: 2.0146741 seconds
[2019-12-08T11:33:20.908+0000][1][safepoint    ] Entering safepoint region: Cleanup
[2019-12-08T11:33:20.908+0000][1][safepoint    ] Leaving safepoint region
[2019-12-08T11:33:20.908+0000][1][safepoint    ] Total time for which application threads were stopped: 0.0023395 seconds, Stopping threads took: 0.0022721 seconds
[2019-12-08T11:33:21.928+0000][1][safepoint    ] Application time: 1.0196111 seconds
[2019-12-08T11:33:21.928+0000][1][safepoint    ] Entering safepoint region: Cleanup
[2019-12-08T11:33:21.928+0000][1][safepoint    ] Leaving safepoint region
[2019-12-08T11:33:21.928+0000][1][safepoint    ] Total time for which application threads were stopped: 0.0003769 seconds, Stopping threads took: 0.0002636 seconds
[2019-12-08T11:33:21.933+0000][1][safepoint    ] Application time: 0.0048983 seconds
[2019-12-08T11:33:21.933+0000][1][safepoint    ] Entering safepoint region: GenCollectForAllocation
[2019-12-08T11:33:21.933+0000][1][gc,start     ] GC(19) Pause Young (Allocation Failure)
[2019-12-08T11:33:21.933+0000][1][gc,task      ] GC(19) Using 4 workers of 4 for evacuation
[2019-12-08T11:33:22.105+0000][1][gc,age       ] GC(19) Desired survivor size 4456448 bytes, new threshold 2 (max threshold 6)
[2019-12-08T11:33:22.105+0000][1][gc,age       ] GC(19) Age table with threshold 2 (max threshold 6)
[2019-12-08T11:33:22.105+0000][1][gc,age       ] GC(19) - age   1:    2999792 bytes,    2999792 total
[2019-12-08T11:33:22.105+0000][1][gc,age       ] GC(19) - age   2:    2056424 bytes,    5056216 total
[2019-12-08T11:33:22.105+0000][1][gc,age       ] GC(19) - age   3:    1109432 bytes,    6165648 total
[2019-12-08T11:33:22.105+0000][1][gc,heap      ] GC(19) ParNew: 73966K->7297K(78656K)
[2019-12-08T11:33:22.105+0000][1][gc,heap      ] GC(19) CMS: 54714K->54714K(174784K)
[2019-12-08T11:33:22.105+0000][1][gc,metaspace ] GC(19) Metaspace: 43250K->43250K(1089536K)
[2019-12-08T11:33:22.105+0000][1][gc           ] GC(19) Pause Young (Allocation Failure) 125M->60M(247M) 172.144ms
[2019-12-08T11:33:22.105+0000][1][gc,cpu       ] GC(19) User=0.06s Sys=0.00s Real=0.17s
[2019-12-08T11:33:22.105+0000][1][safepoint    ] Leaving safepoint region
[2019-12-08T11:33:22.105+0000][1][safepoint    ] Total time for which application threads were stopped: 0.1722718 seconds, Stopping threads took: 0.0000134 seconds
[2019-12-08T11:33:23.114+0000][1][safepoint    ] Application time: 1.0083774 seconds
[2019-12-08T11:33:23.125+0000][1][safepoint    ] Entering safepoint region: Cleanup
[2019-12-08T11:33:23.125+0000][1][safepoint    ] Leaving safepoint region
[2019-12-08T11:33:23.125+0000][1][safepoint    ] Total time for which application threads were stopped: 0.0111989 seconds, Stopping threads took: 0.0111189 seconds
[2019-12-08T11:33:23.235+0000][1][safepoint    ] Application time: 0.1097577 seconds
[2019-12-08T11:33:23.235+0000][1][safepoint    ] Entering safepoint region: RevokeBias
[2019-12-08T11:33:23.235+0000][1][safepoint    ] Leaving safepoint region
[2019-12-08T11:33:23.235+0000][1][safepoint    ] Total time for which application threads were stopped: 0.0000980 seconds, Stopping threads took: 0.0000152 seconds
[2019-12-08T11:33:23.270+0000][1][safepoint    ] Application time: 0.0348698 seconds
[2019-12-08T11:33:23.270+0000][1][safepoint    ] Entering safepoint region: RevokeBias
[2019-12-08T11:33:23.270+0000][1][safepoint    ] Leaving safepoint region
[2019-12-08T11:33:23.270+0000][1][safepoint    ] Total time for which application threads were stopped: 0.0000956 seconds, Stopping threads took: 0.0000160 seconds
[2019-12-08T11:33:23.844+0000][1][safepoint    ] Application time: 0.5738354 seconds
[2019-12-08T11:33:23.896+0000][1][safepoint    ] Entering safepoint region: RevokeBias
[2019-12-08T11:33:23.896+0000][1][safepoint    ] Leaving safepoint region
[2019-12-08T11:33:23.896+0000][1][safepoint    ] Total time for which application threads were stopped: 0.0521701 seconds, Stopping threads took: 0.0519846 seconds
[2019-12-08T11:33:23.901+0000][1][safepoint    ] Application time: 0.0048504 seconds
[2019-12-08T11:33:23.901+0000][1][safepoint    ] Entering safepoint region: RevokeBias
[2019-12-08T11:33:23.901+0000][1][safepoint    ] Leaving safepoint region
[2019-12-08T11:33:23.901+0000][1][safepoint    ] Total time for which application threads were stopped: 0.0001976 seconds, Stopping threads took: 0.0000498 seconds
[2019-12-08T11:33:23.901+0000][1][safepoint    ] Application time: 0.0000985 seconds
[2019-12-08T11:33:23.901+0000][1][safepoint    ] Entering safepoint region: RevokeBias
[2019-12-08T11:33:23.901+0000][1][safepoint    ] Leaving safepoint region
[2019-12-08T11:33:23.901+0000][1][safepoint    ] Total time for which application threads were stopped: 0.0001100 seconds, Stopping threads took: 0.0000090 seconds
[2019-12-08T11:33:23.901+0000][1][safepoint    ] Application time: 0.0001702 seconds
[2019-12-08T11:33:23.901+0000][1][safepoint    ] Entering safepoint region: RevokeBias
[2019-12-08T11:33:23.902+0000][1][safepoint    ] Leaving safepoint region
[2019-12-08T11:33:23.902+0000][1][safepoint    ] Total time for which application threads were stopped: 0.0001317 seconds, Stopping threads took: 0.0000097 seconds
[2019-12-08T11:33:23.902+0000][1][safepoint    ] Application time: 0.0002654 seconds
[2019-12-08T11:33:23.902+0000][1][safepoint    ] Entering safepoint region: RevokeBias
[2019-12-08T11:33:23.902+0000][1][safepoint    ] Leaving safepoint region
[2019-12-08T11:33:23.902+0000][1][safepoint    ] Total time for which application threads were stopped: 0.0001260 seconds, Stopping threads took: 0.0000099 seconds
[2019-12-08T11:33:23.902+0000][1][safepoint    ] Application time: 0.0000984 seconds
[2019-12-08T11:33:23.902+0000][1][safepoint    ] Entering safepoint region: RevokeBias
[2019-12-08T11:33:23.902+0000][1][safepoint    ] Leaving safepoint region
[2019-12-08T11:33:23.902+0000][1][safepoint    ] Total time for which application threads were stopped: 0.0001091 seconds, Stopping threads took: 0.0000066 seconds
[2019-12-08T11:33:23.902+0000][1][safepoint    ] Application time: 0.0000535 seconds
[2019-12-08T11:33:23.902+0000][1][safepoint    ] Entering safepoint region: RevokeBias
[2019-12-08T11:33:23.902+0000][1][safepoint    ] Leaving safepoint region
[2019-12-08T11:33:23.902+0000][1][safepoint    ] Total time for which application threads were stopped: 0.0000928 seconds, Stopping threads took: 0.0000077 seconds
[2019-12-08T11:33:23.912+0000][1][safepoint    ] Application time: 0.0099442 seconds
[2019-12-08T11:33:23.912+0000][1][safepoint    ] Entering safepoint region: RevokeBias
[2019-12-08T11:33:23.912+0000][1][safepoint    ] Leaving safepoint region
[2019-12-08T11:33:23.912+0000][1][safepoint    ] Total time for which application threads were stopped: 0.0001071 seconds, Stopping threads took: 0.0000131 seconds
[2019-12-08T11:33:23.913+0000][1][safepoint    ] Application time: 0.0000628 seconds
[2019-12-08T11:33:23.913+0000][1][safepoint    ] Entering safepoint region: RevokeBias
[2019-12-08T11:33:23.913+0000][1][safepoint    ] Leaving safepoint region
[2019-12-08T11:33:23.913+0000][1][safepoint    ] Total time for which application threads were stopped: 0.0000633 seconds, Stopping threads took: 0.0000082 seconds
[2019-12-08T11:33:23.913+0000][1][safepoint    ] Application time: 0.0007746 seconds
[2019-12-08T11:33:23.913+0000][1][safepoint    ] Entering safepoint region: RevokeBias
[2019-12-08T11:33:23.913+0000][1][safepoint    ] Leaving safepoint region
[2019-12-08T11:33:23.913+0000][1][safepoint    ] Total time for which application threads were stopped: 0.0000945 seconds, Stopping threads took: 0.0000108 seconds
[2019-12-08T11:33:23.914+0000][1][safepoint    ] Application time: 0.0000919 seconds
[2019-12-08T11:33:23.914+0000][1][safepoint    ] Entering safepoint region: RevokeBias
[2019-12-08T11:33:23.914+0000][1][safepoint    ] Leaving safepoint region
[2019-12-08T11:33:23.914+0000][1][safepoint    ] Total time for which application threads were stopped: 0.0000674 seconds, Stopping threads took: 0.0000083 seconds
[2019-12-08T11:33:23.914+0000][1][safepoint    ] Application time: 0.0002569 seconds
[2019-12-08T11:33:23.914+0000][1][safepoint    ] Entering safepoint region: RevokeBias
[2019-12-08T11:33:23.914+0000][1][safepoint    ] Leaving safepoint region
[2019-12-08T11:33:23.914+0000][1][safepoint    ] Total time for which application threads were stopped: 0.0000843 seconds, Stopping threads took: 0.0000120 seconds
[2019-12-08T11:33:23.914+0000][1][safepoint    ] Application time: 0.0004014 seconds
[2019-12-08T11:33:23.914+0000][1][safepoint    ] Entering safepoint region: RevokeBias
[2019-12-08T11:33:23.915+0000][1][safepoint    ] Leaving safepoint region
[2019-12-08T11:33:23.915+0000][1][safepoint    ] Total time for which application threads were stopped: 0.0000797 seconds, Stopping threads took: 0.0000095 seconds
[2019-12-08T11:33:24.775+0000][1][safepoint    ] Application time: 0.8603070 seconds
[2019-12-08T11:33:24.775+0000][1][safepoint    ] Entering safepoint region: RevokeBias
[2019-12-08T11:33:24.775+0000][1][safepoint    ] Leaving safepoint region
[2019-12-08T11:33:24.775+0000][1][safepoint    ] Total time for which application threads were stopped: 0.0005155 seconds, Stopping threads took: 0.0000455 seconds
[2019-12-08T11:33:24.776+0000][1][safepoint    ] Application time: 0.0001073 seconds
[2019-12-08T11:33:24.776+0000][1][safepoint    ] Entering safepoint region: RevokeBias
[2019-12-08T11:33:24.776+0000][1][safepoint    ] Leaving safepoint region
[2019-12-08T11:33:24.776+0000][1][safepoint    ] Total time for which application threads were stopped: 0.0000638 seconds, Stopping threads took: 0.0000108 seconds
[2019-12-08T11:33:24.776+0000][1][safepoint    ] Application time: 0.0001514 seconds
[2019-12-08T11:33:24.776+0000][1][safepoint    ] Entering safepoint region: RevokeBias
[2019-12-08T11:33:24.776+0000][1][safepoint    ] Leaving safepoint region
[2019-12-08T11:33:24.776+0000][1][safepoint    ] Total time for which application threads were stopped: 0.0000549 seconds, Stopping threads took: 0.0000104 seconds
[2019-12-08T11:33:24.776+0000][1][safepoint    ] Application time: 0.0001946 seconds
[2019-12-08T11:33:24.776+0000][1][safepoint    ] Entering safepoint region: RevokeBias
[2019-12-08T11:33:24.776+0000][1][safepoint    ] Leaving safepoint region
[2019-12-08T11:33:24.776+0000][1][safepoint    ] Total time for which application threads were stopped: 0.0000515 seconds, Stopping threads took: 0.0000092 seconds
[2019-12-08T11:33:24.776+0000][1][safepoint    ] Application time: 0.0001628 seconds
[2019-12-08T11:33:24.776+0000][1][safepoint    ] Entering safepoint region: BulkRevokeBias
[2019-12-08T11:33:24.776+0000][1][safepoint    ] Leaving safepoint region
[2019-12-08T11:33:24.776+0000][1][safepoint    ] Total time for which application threads were stopped: 0.0001088 seconds, Stopping threads took: 0.0000093 seconds
[2019-12-08T11:33:24.777+0000][1][safepoint    ] Application time: 0.0000918 seconds
[2019-12-08T11:33:24.777+0000][1][safepoint    ] Entering safepoint region: RevokeBias
[2019-12-08T11:33:24.777+0000][1][safepoint    ] Leaving safepoint region
[2019-12-08T11:33:24.777+0000][1][safepoint    ] Total time for which application threads were stopped: 0.0000611 seconds, Stopping threads took: 0.0000090 seconds
[2019-12-08T11:33:24.777+0000][1][safepoint    ] Application time: 0.0000564 seconds
[2019-12-08T11:33:24.777+0000][1][safepoint    ] Entering safepoint region: RevokeBias
[2019-12-08T11:33:24.777+0000][1][safepoint    ] Leaving safepoint region
[2019-12-08T11:33:24.777+0000][1][safepoint    ] Total time for which application threads were stopped: 0.0000723 seconds, Stopping threads took: 0.0000085 seconds
[2019-12-08T11:33:24.777+0000][1][safepoint    ] Application time: 0.0000569 seconds
[2019-12-08T11:33:24.777+0000][1][safepoint    ] Entering safepoint region: RevokeBias
[2019-12-08T11:33:24.777+0000][1][safepoint    ] Leaving safepoint region
[2019-12-08T11:33:24.777+0000][1][safepoint    ] Total time for which application threads were stopped: 0.0000465 seconds, Stopping threads took: 0.0000086 seconds
[2019-12-08T11:33:24.777+0000][1][safepoint    ] Application time: 0.0000539 seconds
[2019-12-08T11:33:24.777+0000][1][safepoint    ] Entering safepoint region: RevokeBias
[2019-12-08T11:33:24.777+0000][1][safepoint    ] Leaving safepoint region
[2019-12-08T11:33:24.777+0000][1][safepoint    ] Total time for which application threads were stopped: 0.0000441 seconds, Stopping threads took: 0.0000081 seconds
[2019-12-08T11:33:24.777+0000][1][safepoint    ] Application time: 0.0000514 seconds
[2019-12-08T11:33:24.777+0000][1][safepoint    ] Entering safepoint region: RevokeBias
[2019-12-08T11:33:24.777+0000][1][safepoint    ] Leaving safepoint region
[2019-12-08T11:33:24.777+0000][1][safepoint    ] Total time for which application threads were stopped: 0.0000400 seconds, Stopping threads took: 0.0000076 seconds
[2019-12-08T11:33:24.777+0000][1][safepoint    ] Application time: 0.0000521 seconds
[2019-12-08T11:33:24.777+0000][1][safepoint    ] Entering safepoint region: RevokeBias
[2019-12-08T11:33:24.777+0000][1][safepoint    ] Leaving safepoint region
[2019-12-08T11:33:24.777+0000][1][safepoint    ] Total time for which application threads were stopped: 0.0000397 seconds, Stopping threads took: 0.0000073 seconds
[2019-12-08T11:33:24.777+0000][1][safepoint    ] Application time: 0.0000520 seconds
[2019-12-08T11:33:24.777+0000][1][safepoint    ] Entering safepoint region: RevokeBias
[2019-12-08T11:33:24.777+0000][1][safepoint    ] Leaving safepoint region
[2019-12-08T11:33:24.777+0000][1][safepoint    ] Total time for which application threads were stopped: 0.0000415 seconds, Stopping threads took: 0.0000078 seconds
[2019-12-08T11:33:24.777+0000][1][safepoint    ] Application time: 0.0000520 seconds
[2019-12-08T11:33:24.777+0000][1][safepoint    ] Entering safepoint region: RevokeBias
[2019-12-08T11:33:24.777+0000][1][safepoint    ] Leaving safepoint region
[2019-12-08T11:33:24.777+0000][1][safepoint    ] Total time for which application threads were stopped: 0.0000400 seconds, Stopping threads took: 0.0000072 seconds
[2019-12-08T11:33:24.777+0000][1][safepoint    ] Application time: 0.0000537 seconds
[2019-12-08T11:33:24.777+0000][1][safepoint    ] Entering safepoint region: RevokeBias
[2019-12-08T11:33:24.777+0000][1][safepoint    ] Leaving safepoint region
[2019-12-08T11:33:24.777+0000][1][safepoint    ] Total time for which application threads were stopped: 0.0000425 seconds, Stopping threads took: 0.0000080 seconds
[2019-12-08T11:33:24.778+0000][1][safepoint    ] Application time: 0.0000524 seconds
[2019-12-08T11:33:24.778+0000][1][safepoint    ] Entering safepoint region: RevokeBias
[2019-12-08T11:33:24.778+0000][1][safepoint    ] Leaving safepoint region
[2019-12-08T11:33:24.778+0000][1][safepoint    ] Total time for which application threads were stopped: 0.0000422 seconds, Stopping threads took: 0.0000083 seconds
[2019-12-08T11:33:24.778+0000][1][safepoint    ] Application time: 0.0000530 seconds
[2019-12-08T11:33:24.778+0000][1][safepoint    ] Entering safepoint region: RevokeBias
[2019-12-08T11:33:24.778+0000][1][safepoint    ] Leaving safepoint region
[2019-12-08T11:33:24.778+0000][1][safepoint    ] Total time for which application threads were stopped: 0.0000617 seconds, Stopping threads took: 0.0000272 seconds
[2019-12-08T11:33:24.778+0000][1][safepoint    ] Application time: 0.0000525 seconds
[2019-12-08T11:33:24.778+0000][1][safepoint    ] Entering safepoint region: RevokeBias
[2019-12-08T11:33:24.778+0000][1][safepoint    ] Leaving safepoint region
[2019-12-08T11:33:24.778+0000][1][safepoint    ] Total time for which application threads were stopped: 0.0000390 seconds, Stopping threads took: 0.0000079 seconds
[2019-12-08T11:33:24.778+0000][1][safepoint    ] Application time: 0.0000500 seconds
[2019-12-08T11:33:24.778+0000][1][safepoint    ] Entering safepoint region: RevokeBias
[2019-12-08T11:33:24.778+0000][1][safepoint    ] Leaving safepoint region
[2019-12-08T11:33:24.778+0000][1][safepoint    ] Total time for which application threads were stopped: 0.0000382 seconds, Stopping threads took: 0.0000083 seconds
[2019-12-08T11:33:24.778+0000][1][safepoint    ] Application time: 0.0000505 seconds
[2019-12-08T11:33:24.778+0000][1][safepoint    ] Entering safepoint region: RevokeBias
[2019-12-08T11:33:24.778+0000][1][safepoint    ] Leaving safepoint region
[2019-12-08T11:33:24.778+0000][1][safepoint    ] Total time for which application threads were stopped: 0.0000398 seconds, Stopping threads took: 0.0000081 seconds
[2019-12-08T11:33:24.778+0000][1][safepoint    ] Application time: 0.0000523 seconds
[2019-12-08T11:33:24.778+0000][1][safepoint    ] Entering safepoint region: RevokeBias
[2019-12-08T11:33:24.778+0000][1][safepoint    ] Leaving safepoint region
[2019-12-08T11:33:24.778+0000][1][safepoint    ] Total time for which application threads were stopped: 0.0000387 seconds, Stopping threads took: 0.0000078 seconds
[2019-12-08T11:33:24.778+0000][1][safepoint    ] Application time: 0.0000504 seconds
[2019-12-08T11:33:24.778+0000][1][safepoint    ] Entering safepoint region: RevokeBias
[2019-12-08T11:33:24.778+0000][1][safepoint    ] Leaving safepoint region
[2019-12-08T11:33:24.778+0000][1][safepoint    ] Total time for which application threads were stopped: 0.0000386 seconds, Stopping threads took: 0.0000079 seconds
[2019-12-08T11:33:24.778+0000][1][safepoint    ] Application time: 0.0000503 seconds
[2019-12-08T11:33:24.778+0000][1][safepoint    ] Entering safepoint region: RevokeBias
[2019-12-08T11:33:24.778+0000][1][safepoint    ] Leaving safepoint region
[2019-12-08T11:33:24.778+0000][1][safepoint    ] Total time for which application threads were stopped: 0.0000393 seconds, Stopping threads took: 0.0000078 seconds
[2019-12-08T11:33:24.778+0000][1][safepoint    ] Application time: 0.0000513 seconds
[2019-12-08T11:33:24.778+0000][1][safepoint    ] Entering safepoint region: BulkRevokeBias
[2019-12-08T11:33:24.779+0000][1][safepoint    ] Leaving safepoint region
[2019-12-08T11:33:24.779+0000][1][safepoint    ] Total time for which application threads were stopped: 0.0000980 seconds, Stopping threads took: 0.0000082 seconds
[2019-12-08T11:33:24.779+0000][1][safepoint    ] Application time: 0.0001700 seconds
[2019-12-08T11:33:24.779+0000][1][safepoint    ] Entering safepoint region: RevokeBias
[2019-12-08T11:33:24.779+0000][1][safepoint    ] Leaving safepoint region
[2019-12-08T11:33:24.779+0000][1][safepoint    ] Total time for which application threads were stopped: 0.0000537 seconds, Stopping threads took: 0.0000093 seconds
[2019-12-08T11:33:24.779+0000][1][safepoint    ] Application time: 0.0001300 seconds
[2019-12-08T11:33:24.779+0000][1][safepoint    ] Entering safepoint region: RevokeBias
[2019-12-08T11:33:24.779+0000][1][safepoint    ] Leaving safepoint region
[2019-12-08T11:33:24.779+0000][1][safepoint    ] Total time for which application threads were stopped: 0.0000472 seconds, Stopping threads took: 0.0000087 seconds
[2019-12-08T11:33:24.779+0000][1][safepoint    ] Application time: 0.0000647 seconds
[2019-12-08T11:33:24.779+0000][1][safepoint    ] Entering safepoint region: RevokeBias
[2019-12-08T11:33:24.779+0000][1][safepoint    ] Leaving safepoint region
[2019-12-08T11:33:24.779+0000][1][safepoint    ] Total time for which application threads were stopped: 0.0000424 seconds, Stopping threads took: 0.0000081 seconds
[2019-12-08T11:33:24.779+0000][1][safepoint    ] Application time: 0.0000726 seconds
[2019-12-08T11:33:24.779+0000][1][safepoint    ] Entering safepoint region: RevokeBias
[2019-12-08T11:33:24.779+0000][1][safepoint    ] Leaving safepoint region
[2019-12-08T11:33:24.779+0000][1][safepoint    ] Total time for which application threads were stopped: 0.0000478 seconds, Stopping threads took: 0.0000084 seconds
[2019-12-08T11:33:24.779+0000][1][safepoint    ] Application time: 0.0000560 seconds
[2019-12-08T11:33:24.779+0000][1][safepoint    ] Entering safepoint region: RevokeBias
[2019-12-08T11:33:24.779+0000][1][safepoint    ] Leaving safepoint region
[2019-12-08T11:33:24.779+0000][1][safepoint    ] Total time for which application threads were stopped: 0.0000425 seconds, Stopping threads took: 0.0000082 seconds
[2019-12-08T11:33:24.780+0000][1][safepoint    ] Application time: 0.0001747 seconds
[2019-12-08T11:33:24.780+0000][1][safepoint    ] Entering safepoint region: RevokeBias
[2019-12-08T11:33:24.780+0000][1][safepoint    ] Leaving safepoint region
[2019-12-08T11:33:24.780+0000][1][safepoint    ] Total time for which application threads were stopped: 0.0000466 seconds, Stopping threads took: 0.0000088 seconds
[2019-12-08T11:33:24.780+0000][1][safepoint    ] Application time: 0.0002880 seconds
[2019-12-08T11:33:24.780+0000][1][safepoint    ] Entering safepoint region: RevokeBias
[2019-12-08T11:33:24.780+0000][1][safepoint    ] Leaving safepoint region
[2019-12-08T11:33:24.780+0000][1][safepoint    ] Total time for which application threads were stopped: 0.0000580 seconds, Stopping threads took: 0.0000108 seconds
[2019-12-08T11:33:24.780+0000][1][safepoint    ] Application time: 0.0000756 seconds
[2019-12-08T11:33:24.780+0000][1][safepoint    ] Entering safepoint region: RevokeBias
[2019-12-08T11:33:24.780+0000][1][safepoint    ] Leaving safepoint region
[2019-12-08T11:33:24.780+0000][1][safepoint    ] Total time for which application threads were stopped: 0.0000459 seconds, Stopping threads took: 0.0000082 seconds
[2019-12-08T11:33:24.780+0000][1][safepoint    ] Application time: 0.0001759 seconds
[2019-12-08T11:33:24.780+0000][1][safepoint    ] Entering safepoint region: RevokeBias
[2019-12-08T11:33:24.780+0000][1][safepoint    ] Leaving safepoint region
[2019-12-08T11:33:24.780+0000][1][safepoint    ] Total time for which application threads were stopped: 0.0000588 seconds, Stopping threads took: 0.0000092 seconds
[2019-12-08T11:33:24.780+0000][1][safepoint    ] Application time: 0.0000561 seconds
[2019-12-08T11:33:24.780+0000][1][safepoint    ] Entering safepoint region: RevokeBias
[2019-12-08T11:33:24.780+0000][1][safepoint    ] Leaving safepoint region
[2019-12-08T11:33:24.780+0000][1][safepoint    ] Total time for which application threads were stopped: 0.0000375 seconds, Stopping threads took: 0.0000071 seconds
[2019-12-08T11:33:24.781+0000][1][safepoint    ] Application time: 0.0000449 seconds
[2019-12-08T11:33:24.781+0000][1][safepoint    ] Entering safepoint region: RevokeBias
[2019-12-08T11:33:24.781+0000][1][safepoint    ] Leaving safepoint region
[2019-12-08T11:33:24.781+0000][1][safepoint    ] Total time for which application threads were stopped: 0.0000365 seconds, Stopping threads took: 0.0000071 seconds
[2019-12-08T11:33:24.781+0000][1][safepoint    ] Application time: 0.0000552 seconds
[2019-12-08T11:33:24.781+0000][1][safepoint    ] Entering safepoint region: RevokeBias
[2019-12-08T11:33:24.781+0000][1][safepoint    ] Leaving safepoint region
[2019-12-08T11:33:24.781+0000][1][safepoint    ] Total time for which application threads were stopped: 0.0000505 seconds, Stopping threads took: 0.0000070 seconds
[2019-12-08T11:33:24.781+0000][1][safepoint    ] Application time: 0.0003045 seconds
[2019-12-08T11:33:24.781+0000][1][safepoint    ] Entering safepoint region: RevokeBias
[2019-12-08T11:33:24.781+0000][1][safepoint    ] Leaving safepoint region
[2019-12-08T11:33:24.781+0000][1][safepoint    ] Total time for which application threads were stopped: 0.0000416 seconds, Stopping threads took: 0.0000081 seconds
[2019-12-08T11:33:24.781+0000][1][safepoint    ] Application time: 0.0001051 seconds
[2019-12-08T11:33:24.781+0000][1][safepoint    ] Entering safepoint region: RevokeBias
[2019-12-08T11:33:24.781+0000][1][safepoint    ] Leaving safepoint region
[2019-12-08T11:33:24.781+0000][1][safepoint    ] Total time for which application threads were stopped: 0.0000395 seconds, Stopping threads took: 0.0000076 seconds
[2019-12-08T11:33:24.782+0000][1][safepoint    ] Application time: 0.0003577 seconds
[2019-12-08T11:33:24.782+0000][1][safepoint    ] Entering safepoint region: RevokeBias
[2019-12-08T11:33:24.782+0000][1][safepoint    ] Leaving safepoint region
[2019-12-08T11:33:24.782+0000][1][safepoint    ] Total time for which application threads were stopped: 0.0000566 seconds, Stopping threads took: 0.0000107 seconds
[2019-12-08T11:33:24.783+0000][1][safepoint    ] Application time: 0.0008623 seconds
[2019-12-08T11:33:24.783+0000][1][safepoint    ] Entering safepoint region: RevokeBias
[2019-12-08T11:33:24.783+0000][1][safepoint    ] Leaving safepoint region
[2019-12-08T11:33:24.783+0000][1][safepoint    ] Total time for which application threads were stopped: 0.0000621 seconds, Stopping threads took: 0.0000106 seconds
[2019-12-08T11:33:24.783+0000][1][safepoint    ] Application time: 0.0003646 seconds
[2019-12-08T11:33:24.783+0000][1][safepoint    ] Entering safepoint region: RevokeBias
[2019-12-08T11:33:24.783+0000][1][safepoint    ] Leaving safepoint region
[2019-12-08T11:33:24.783+0000][1][safepoint    ] Total time for which application threads were stopped: 0.0000470 seconds, Stopping threads took: 0.0000094 seconds
[2019-12-08T11:33:24.783+0000][1][safepoint    ] Application time: 0.0000554 seconds
[2019-12-08T11:33:24.783+0000][1][safepoint    ] Entering safepoint region: RevokeBias
[2019-12-08T11:33:24.783+0000][1][safepoint    ] Leaving safepoint region
[2019-12-08T11:33:24.783+0000][1][safepoint    ] Total time for which application threads were stopped: 0.0000355 seconds, Stopping threads took: 0.0000080 seconds
[2019-12-08T11:33:24.783+0000][1][safepoint    ] Application time: 0.0000495 seconds
[2019-12-08T11:33:24.783+0000][1][safepoint    ] Entering safepoint region: RevokeBias
[2019-12-08T11:33:24.783+0000][1][safepoint    ] Leaving safepoint region
[2019-12-08T11:33:24.783+0000][1][safepoint    ] Total time for which application threads were stopped: 0.0000335 seconds, Stopping threads took: 0.0000078 seconds
[2019-12-08T11:33:24.783+0000][1][safepoint    ] Application time: 0.0000493 seconds
[2019-12-08T11:33:24.783+0000][1][safepoint    ] Entering safepoint region: RevokeBias
[2019-12-08T11:33:24.783+0000][1][safepoint    ] Leaving safepoint region
[2019-12-08T11:33:24.783+0000][1][safepoint    ] Total time for which application threads were stopped: 0.0000339 seconds, Stopping threads took: 0.0000079 seconds
[2019-12-08T11:33:24.783+0000][1][safepoint    ] Application time: 0.0000528 seconds
[2019-12-08T11:33:24.783+0000][1][safepoint    ] Entering safepoint region: RevokeBias
[2019-12-08T11:33:24.783+0000][1][safepoint    ] Leaving safepoint region
[2019-12-08T11:33:24.783+0000][1][safepoint    ] Total time for which application threads were stopped: 0.0000340 seconds, Stopping threads took: 0.0000078 seconds
[2019-12-08T11:33:24.784+0000][1][safepoint    ] Application time: 0.0000496 seconds
[2019-12-08T11:33:24.784+0000][1][safepoint    ] Entering safepoint region: RevokeBias
[2019-12-08T11:33:24.784+0000][1][safepoint    ] Leaving safepoint region
[2019-12-08T11:33:24.784+0000][1][safepoint    ] Total time for which application threads were stopped: 0.0000344 seconds, Stopping threads took: 0.0000081 seconds
[2019-12-08T11:33:24.784+0000][1][safepoint    ] Application time: 0.0000491 seconds
[2019-12-08T11:33:24.784+0000][1][safepoint    ] Entering safepoint region: RevokeBias
[2019-12-08T11:33:24.784+0000][1][safepoint    ] Leaving safepoint region
[2019-12-08T11:33:24.784+0000][1][safepoint    ] Total time for which application threads were stopped: 0.0000339 seconds, Stopping threads took: 0.0000079 seconds
[2019-12-08T11:33:24.784+0000][1][safepoint    ] Application time: 0.0000655 seconds
[2019-12-08T11:33:24.784+0000][1][safepoint    ] Entering safepoint region: RevokeBias
[2019-12-08T11:33:24.784+0000][1][safepoint    ] Leaving safepoint region
[2019-12-08T11:33:24.784+0000][1][safepoint    ] Total time for which application threads were stopped: 0.0000347 seconds, Stopping threads took: 0.0000081 seconds
[2019-12-08T11:33:24.784+0000][1][safepoint    ] Application time: 0.0000509 seconds
[2019-12-08T11:33:24.784+0000][1][safepoint    ] Entering safepoint region: RevokeBias
[2019-12-08T11:33:24.784+0000][1][safepoint    ] Leaving safepoint region
[2019-12-08T11:33:24.784+0000][1][safepoint    ] Total time for which application threads were stopped: 0.0000335 seconds, Stopping threads took: 0.0000079 seconds
[2019-12-08T11:33:24.784+0000][1][safepoint    ] Application time: 0.0000503 seconds
[2019-12-08T11:33:24.784+0000][1][safepoint    ] Entering safepoint region: RevokeBias
[2019-12-08T11:33:24.784+0000][1][safepoint    ] Leaving safepoint region
[2019-12-08T11:33:24.784+0000][1][safepoint    ] Total time for which application threads were stopped: 0.0000334 seconds, Stopping threads took: 0.0000077 seconds
[2019-12-08T11:33:24.784+0000][1][safepoint    ] Application time: 0.0000683 seconds
[2019-12-08T11:33:24.784+0000][1][safepoint    ] Entering safepoint region: RevokeBias
[2019-12-08T11:33:24.784+0000][1][safepoint    ] Leaving safepoint region
[2019-12-08T11:33:24.784+0000][1][safepoint    ] Total time for which application threads were stopped: 0.0000342 seconds, Stopping threads took: 0.0000078 seconds
[2019-12-08T11:33:24.784+0000][1][safepoint    ] Application time: 0.0000493 seconds
[2019-12-08T11:33:24.784+0000][1][safepoint    ] Entering safepoint region: RevokeBias
[2019-12-08T11:33:24.784+0000][1][safepoint    ] Leaving safepoint region
[2019-12-08T11:33:24.784+0000][1][safepoint    ] Total time for which application threads were stopped: 0.0000336 seconds, Stopping threads took: 0.0000077 seconds
[2019-12-08T11:33:24.784+0000][1][safepoint    ] Application time: 0.0000507 seconds
[2019-12-08T11:33:24.784+0000][1][safepoint    ] Entering safepoint region: RevokeBias
[2019-12-08T11:33:24.784+0000][1][safepoint    ] Leaving safepoint region
[2019-12-08T11:33:24.784+0000][1][safepoint    ] Total time for which application threads were stopped: 0.0000340 seconds, Stopping threads took: 0.0000080 seconds
[2019-12-08T11:33:24.784+0000][1][safepoint    ] Application time: 0.0000488 seconds
[2019-12-08T11:33:24.784+0000][1][safepoint    ] Entering safepoint region: RevokeBias
[2019-12-08T11:33:24.784+0000][1][safepoint    ] Leaving safepoint region
[2019-12-08T11:33:24.784+0000][1][safepoint    ] Total time for which application threads were stopped: 0.0000335 seconds, Stopping threads took: 0.0000079 seconds
[2019-12-08T11:33:24.784+0000][1][safepoint    ] Application time: 0.0000491 seconds
[2019-12-08T11:33:24.784+0000][1][safepoint    ] Entering safepoint region: RevokeBias
[2019-12-08T11:33:24.784+0000][1][safepoint    ] Leaving safepoint region
[2019-12-08T11:33:24.785+0000][1][safepoint    ] Total time for which application threads were stopped: 0.0000341 seconds, Stopping threads took: 0.0000079 seconds
[2019-12-08T11:33:24.785+0000][1][safepoint    ] Application time: 0.0000492 seconds
[2019-12-08T11:33:24.785+0000][1][safepoint    ] Entering safepoint region: RevokeBias
[2019-12-08T11:33:24.785+0000][1][safepoint    ] Leaving safepoint region
[2019-12-08T11:33:24.785+0000][1][safepoint    ] Total time for which application threads were stopped: 0.0000341 seconds, Stopping threads took: 0.0000080 seconds
[2019-12-08T11:33:24.785+0000][1][safepoint    ] Application time: 0.0000490 seconds
[2019-12-08T11:33:24.785+0000][1][safepoint    ] Entering safepoint region: RevokeBias
[2019-12-08T11:33:24.785+0000][1][safepoint    ] Leaving safepoint region
[2019-12-08T11:33:24.785+0000][1][safepoint    ] Total time for which application threads were stopped: 0.0000483 seconds, Stopping threads took: 0.0000077 seconds
[2019-12-08T11:33:24.785+0000][1][safepoint    ] Application time: 0.0000496 seconds
[2019-12-08T11:33:24.785+0000][1][safepoint    ] Entering safepoint region: RevokeBias
[2019-12-08T11:33:24.785+0000][1][safepoint    ] Leaving safepoint region
[2019-12-08T11:33:24.785+0000][1][safepoint    ] Total time for which application threads were stopped: 0.0000344 seconds, Stopping threads took: 0.0000081 seconds
[2019-12-08T11:33:24.785+0000][1][safepoint    ] Application time: 0.0000504 seconds
[2019-12-08T11:33:24.785+0000][1][safepoint    ] Entering safepoint region: BulkRevokeBias
[2019-12-08T11:33:24.785+0000][1][safepoint    ] Leaving safepoint region
[2019-12-08T11:33:24.785+0000][1][safepoint    ] Total time for which application threads were stopped: 0.0000975 seconds, Stopping threads took: 0.0000079 seconds
[2019-12-08T11:33:24.819+0000][1][safepoint    ] Application time: 0.0337629 seconds
[2019-12-08T11:33:24.819+0000][1][safepoint    ] Entering safepoint region: RevokeBias
[2019-12-08T11:33:24.819+0000][1][safepoint    ] Leaving safepoint region
[2019-12-08T11:33:24.819+0000][1][safepoint    ] Total time for which application threads were stopped: 0.0000893 seconds, Stopping threads took: 0.0000145 seconds
[2019-12-08T11:33:24.819+0000][1][safepoint    ] Application time: 0.0001767 seconds
[2019-12-08T11:33:24.819+0000][1][safepoint    ] Entering safepoint region: RevokeBias
[2019-12-08T11:33:24.819+0000][1][safepoint    ] Leaving safepoint region
[2019-12-08T11:33:24.819+0000][1][safepoint    ] Total time for which application threads were stopped: 0.0000564 seconds, Stopping threads took: 0.0000083 seconds
[2019-12-08T11:33:24.819+0000][1][safepoint    ] Application time: 0.0002986 seconds
[2019-12-08T11:33:24.819+0000][1][safepoint    ] Entering safepoint region: RevokeBias
[2019-12-08T11:33:24.819+0000][1][safepoint    ] Leaving safepoint region
[2019-12-08T11:33:24.820+0000][1][safepoint    ] Total time for which application threads were stopped: 0.0000633 seconds, Stopping threads took: 0.0000109 seconds
[2019-12-08T11:33:24.825+0000][1][safepoint    ] Application time: 0.0056872 seconds
[2019-12-08T11:33:24.825+0000][1][safepoint    ] Entering safepoint region: RevokeBias
[2019-12-08T11:33:24.825+0000][1][safepoint    ] Leaving safepoint region
[2019-12-08T11:33:24.825+0000][1][safepoint    ] Total time for which application threads were stopped: 0.0000736 seconds, Stopping threads took: 0.0000116 seconds
[2019-12-08T11:33:24.825+0000][1][safepoint    ] Application time: 0.0000643 seconds
[2019-12-08T11:33:24.825+0000][1][safepoint    ] Entering safepoint region: RevokeBias
[2019-12-08T11:33:24.825+0000][1][safepoint    ] Leaving safepoint region
[2019-12-08T11:33:24.825+0000][1][safepoint    ] Total time for which application threads were stopped: 0.0000492 seconds, Stopping threads took: 0.0000083 seconds
[2019-12-08T11:33:24.826+0000][1][safepoint    ] Application time: 0.0009145 seconds
[2019-12-08T11:33:24.826+0000][1][safepoint    ] Entering safepoint region: RevokeBias
[2019-12-08T11:33:24.826+0000][1][safepoint    ] Leaving safepoint region
[2019-12-08T11:33:24.826+0000][1][safepoint    ] Total time for which application threads were stopped: 0.0000622 seconds, Stopping threads took: 0.0000112 seconds
[2019-12-08T11:33:24.828+0000][1][safepoint    ] Application time: 0.0010960 seconds
[2019-12-08T11:33:24.828+0000][1][safepoint    ] Entering safepoint region: RevokeBias
[2019-12-08T11:33:24.828+0000][1][safepoint    ] Leaving safepoint region
[2019-12-08T11:33:24.828+0000][1][safepoint    ] Total time for which application threads were stopped: 0.0000694 seconds, Stopping threads took: 0.0000108 seconds
[2019-12-08T11:33:24.828+0000][1][safepoint    ] Application time: 0.0000769 seconds
[2019-12-08T11:33:24.828+0000][1][safepoint    ] Entering safepoint region: RevokeBias
[2019-12-08T11:33:24.828+0000][1][safepoint    ] Leaving safepoint region
[2019-12-08T11:33:24.828+0000][1][safepoint    ] Total time for which application threads were stopped: 0.0000522 seconds, Stopping threads took: 0.0000091 seconds
[2019-12-08T11:33:24.828+0000][1][safepoint    ] Application time: 0.0002306 seconds
[2019-12-08T11:33:24.828+0000][1][safepoint    ] Entering safepoint region: RevokeBias
[2019-12-08T11:33:24.828+0000][1][safepoint    ] Leaving safepoint region
[2019-12-08T11:33:24.828+0000][1][safepoint    ] Total time for which application threads were stopped: 0.0000515 seconds, Stopping threads took: 0.0000100 seconds
[2019-12-08T11:33:25.250+0000][1][safepoint    ] Application time: 0.4217842 seconds
[2019-12-08T11:33:25.309+0000][1][safepoint    ] Entering safepoint region: RevokeBias
[2019-12-08T11:33:25.309+0000][1][safepoint    ] Leaving safepoint region
[2019-12-08T11:33:25.309+0000][1][safepoint    ] Total time for which application threads were stopped: 0.0590435 seconds, Stopping threads took: 0.0588178 seconds
[2019-12-08T11:33:25.309+0000][1][safepoint    ] Application time: 0.0000642 seconds
[2019-12-08T11:33:25.309+0000][1][safepoint    ] Entering safepoint region: RevokeBias
[2019-12-08T11:33:25.309+0000][1][safepoint    ] Leaving safepoint region
[2019-12-08T11:33:25.309+0000][1][safepoint    ] Total time for which application threads were stopped: 0.0000468 seconds, Stopping threads took: 0.0000094 seconds
[2019-12-08T11:33:26.102+0000][1][safepoint    ] Application time: 0.7925353 seconds
[2019-12-08T11:33:26.102+0000][1][safepoint    ] Entering safepoint region: GenCollectForAllocation
[2019-12-08T11:33:26.102+0000][1][gc,start     ] GC(20) Pause Young (Allocation Failure)
[2019-12-08T11:33:26.102+0000][1][gc,task      ] GC(20) Using 4 workers of 4 for evacuation
[2019-12-08T11:33:26.258+0000][1][gc,age       ] GC(20) Desired survivor size 4456448 bytes, new threshold 2 (max threshold 6)
[2019-12-08T11:33:26.258+0000][1][gc,age       ] GC(20) Age table with threshold 2 (max threshold 6)
[2019-12-08T11:33:26.258+0000][1][gc,age       ] GC(20) - age   1:    2334696 bytes,    2334696 total
[2019-12-08T11:33:26.258+0000][1][gc,age       ] GC(20) - age   2:    2863944 bytes,    5198640 total
[2019-12-08T11:33:26.258+0000][1][gc,heap      ] GC(20) ParNew: 77249K->7868K(78656K)
[2019-12-08T11:33:26.258+0000][1][gc,heap      ] GC(20) CMS: 54714K->57894K(174784K)
[2019-12-08T11:33:26.258+0000][1][gc,metaspace ] GC(20) Metaspace: 48661K->48661K(1093632K)
[2019-12-08T11:33:26.258+0000][1][gc           ] GC(20) Pause Young (Allocation Failure) 128M->64M(247M) 156.552ms
[2019-12-08T11:33:26.258+0000][1][gc,cpu       ] GC(20) User=0.09s Sys=0.00s Real=0.15s
[2019-12-08T11:33:26.258+0000][1][safepoint    ] Leaving safepoint region
[2019-12-08T11:33:26.258+0000][1][safepoint    ] Total time for which application threads were stopped: 0.1567067 seconds, Stopping threads took: 0.0000178 seconds
[2019-12-08T11:33:26.357+0000][1][safepoint    ] Application time: 0.0982973 seconds
[2019-12-08T11:33:26.357+0000][1][safepoint    ] Entering safepoint region: RevokeBias
[2019-12-08T11:33:26.357+0000][1][safepoint    ] Leaving safepoint region
[2019-12-08T11:33:26.357+0000][1][safepoint    ] Total time for which application threads were stopped: 0.0001786 seconds, Stopping threads took: 0.0001157 seconds
[2019-12-08T11:33:26.393+0000][1][safepoint    ] Application time: 0.0358187 seconds
[2019-12-08T11:33:26.393+0000][1][safepoint    ] Entering safepoint region: RevokeBias
[2019-12-08T11:33:26.393+0000][1][safepoint    ] Leaving safepoint region
[2019-12-08T11:33:26.393+0000][1][safepoint    ] Total time for which application threads were stopped: 0.0001432 seconds, Stopping threads took: 0.0000896 seconds
[2019-12-08T11:33:26.425+0000][1][safepoint    ] Application time: 0.0317886 seconds
[2019-12-08T11:33:26.425+0000][1][safepoint    ] Entering safepoint region: RevokeBias
[2019-12-08T11:33:26.425+0000][1][safepoint    ] Leaving safepoint region
[2019-12-08T11:33:26.425+0000][1][safepoint    ] Total time for which application threads were stopped: 0.0002437 seconds, Stopping threads took: 0.0001166 seconds
[2019-12-08T11:33:26.436+0000][1][safepoint    ] Application time: 0.0107379 seconds
[2019-12-08T11:33:26.463+0000][1][safepoint    ] Entering safepoint region: RevokeBias
[2019-12-08T11:33:26.463+0000][1][safepoint    ] Leaving safepoint region
[2019-12-08T11:33:26.463+0000][1][safepoint    ] Total time for which application threads were stopped: 0.0272138 seconds, Stopping threads took: 0.0270930 seconds
[2019-12-08T11:33:26.481+0000][1][safepoint    ] Application time: 0.0177420 seconds
[2019-12-08T11:33:26.481+0000][1][safepoint    ] Entering safepoint region: RevokeBias
[2019-12-08T11:33:26.481+0000][1][safepoint    ] Leaving safepoint region
[2019-12-08T11:33:26.481+0000][1][safepoint    ] Total time for which application threads were stopped: 0.0001761 seconds, Stopping threads took: 0.0000569 seconds
[2019-12-08T11:33:26.519+0000][1][safepoint    ] Application time: 0.0377165 seconds
[2019-12-08T11:33:26.548+0000][1][safepoint    ] Entering safepoint region: RevokeBias
[2019-12-08T11:33:26.548+0000][1][safepoint    ] Leaving safepoint region
[2019-12-08T11:33:26.548+0000][1][safepoint    ] Total time for which application threads were stopped: 0.0296571 seconds, Stopping threads took: 0.0290840 seconds
[2019-12-08T11:33:26.595+0000][1][safepoint    ] Application time: 0.0462982 seconds
[2019-12-08T11:33:26.595+0000][1][safepoint    ] Entering safepoint region: RevokeBias
[2019-12-08T11:33:26.595+0000][1][safepoint    ] Leaving safepoint region
[2019-12-08T11:33:26.595+0000][1][safepoint    ] Total time for which application threads were stopped: 0.0001596 seconds, Stopping threads took: 0.0000532 seconds
[2019-12-08T11:33:26.606+0000][1][safepoint    ] Application time: 0.0108100 seconds
[2019-12-08T11:33:26.606+0000][1][safepoint    ] Entering safepoint region: RevokeBias
[2019-12-08T11:33:26.606+0000][1][safepoint    ] Leaving safepoint region
[2019-12-08T11:33:26.606+0000][1][safepoint    ] Total time for which application threads were stopped: 0.0002961 seconds, Stopping threads took: 0.0002152 seconds
[2019-12-08T11:33:26.627+0000][1][safepoint    ] Application time: 0.0206444 seconds
[2019-12-08T11:33:26.627+0000][1][safepoint    ] Entering safepoint region: RevokeBias
[2019-12-08T11:33:26.627+0000][1][safepoint    ] Leaving safepoint region
[2019-12-08T11:33:26.627+0000][1][safepoint    ] Total time for which application threads were stopped: 0.0003323 seconds, Stopping threads took: 0.0002498 seconds
[2019-12-08T11:33:26.660+0000][1][safepoint    ] Application time: 0.0326793 seconds
[2019-12-08T11:33:26.660+0000][1][safepoint    ] Entering safepoint region: RevokeBias
[2019-12-08T11:33:26.660+0000][1][safepoint    ] Leaving safepoint region
[2019-12-08T11:33:26.660+0000][1][safepoint    ] Total time for which application threads were stopped: 0.0001038 seconds, Stopping threads took: 0.0000163 seconds
[2019-12-08T11:33:26.696+0000][1][safepoint    ] Application time: 0.0358111 seconds
[2019-12-08T11:33:26.696+0000][1][safepoint    ] Entering safepoint region: RevokeBias
[2019-12-08T11:33:26.696+0000][1][safepoint    ] Leaving safepoint region
[2019-12-08T11:33:26.696+0000][1][safepoint    ] Total time for which application threads were stopped: 0.0001270 seconds, Stopping threads took: 0.0000676 seconds
[2019-12-08T11:33:26.761+0000][1][safepoint    ] Application time: 0.0648366 seconds
[2019-12-08T11:33:26.810+0000][1][safepoint    ] Entering safepoint region: RevokeBias
[2019-12-08T11:33:26.810+0000][1][safepoint    ] Leaving safepoint region
[2019-12-08T11:33:26.810+0000][1][safepoint    ] Total time for which application threads were stopped: 0.0492304 seconds, Stopping threads took: 0.0491090 seconds
[2019-12-08T11:33:26.817+0000][1][safepoint    ] Application time: 0.0070474 seconds
[2019-12-08T11:33:26.817+0000][1][safepoint    ] Entering safepoint region: RevokeBias
[2019-12-08T11:33:26.817+0000][1][safepoint    ] Leaving safepoint region
[2019-12-08T11:33:26.817+0000][1][safepoint    ] Total time for which application threads were stopped: 0.0000621 seconds, Stopping threads took: 0.0000140 seconds
[2019-12-08T11:33:26.820+0000][1][safepoint    ] Application time: 0.0026138 seconds
[2019-12-08T11:33:26.820+0000][1][safepoint    ] Entering safepoint region: RevokeBias
[2019-12-08T11:33:26.820+0000][1][safepoint    ] Leaving safepoint region
[2019-12-08T11:33:26.820+0000][1][safepoint    ] Total time for which application threads were stopped: 0.0000807 seconds, Stopping threads took: 0.0000139 seconds
[2019-12-08T11:33:26.834+0000][1][safepoint    ] Application time: 0.0138791 seconds
[2019-12-08T11:33:26.851+0000][1][safepoint    ] Entering safepoint region: RevokeBias
[2019-12-08T11:33:26.851+0000][1][safepoint    ] Leaving safepoint region
[2019-12-08T11:33:26.851+0000][1][safepoint    ] Total time for which application threads were stopped: 0.0173937 seconds, Stopping threads took: 0.0173107 seconds
[2019-12-08T11:33:26.851+0000][1][safepoint    ] Application time: 0.0000568 seconds
[2019-12-08T11:33:26.851+0000][1][safepoint    ] Entering safepoint region: RevokeBias
[2019-12-08T11:33:26.851+0000][1][safepoint    ] Leaving safepoint region
[2019-12-08T11:33:26.851+0000][1][safepoint    ] Total time for which application threads were stopped: 0.0000485 seconds, Stopping threads took: 0.0000091 seconds
[2019-12-08T11:33:26.851+0000][1][safepoint    ] Application time: 0.0000337 seconds
[2019-12-08T11:33:26.851+0000][1][safepoint    ] Entering safepoint region: RevokeBias
[2019-12-08T11:33:26.851+0000][1][safepoint    ] Leaving safepoint region
[2019-12-08T11:33:26.851+0000][1][safepoint    ] Total time for which application threads were stopped: 0.0000397 seconds, Stopping threads took: 0.0000078 seconds
[2019-12-08T11:33:27.416+0000][1][safepoint    ] Application time: 0.5646129 seconds
[2019-12-08T11:33:27.426+0000][1][safepoint    ] Entering safepoint region: RevokeBias
[2019-12-08T11:33:27.426+0000][1][safepoint    ] Leaving safepoint region
[2019-12-08T11:33:27.426+0000][1][safepoint    ] Total time for which application threads were stopped: 0.0098010 seconds, Stopping threads took: 0.0097200 seconds
[2019-12-08T11:33:27.854+0000][1][safepoint    ] Application time: 0.4284351 seconds
[2019-12-08T11:33:27.854+0000][1][safepoint    ] Entering safepoint region: RevokeBias
[2019-12-08T11:33:27.854+0000][1][safepoint    ] Leaving safepoint region
[2019-12-08T11:33:27.854+0000][1][safepoint    ] Total time for which application threads were stopped: 0.0000737 seconds, Stopping threads took: 0.0000145 seconds
[2019-12-08T11:33:27.854+0000][1][safepoint    ] Application time: 0.0000626 seconds
[2019-12-08T11:33:27.854+0000][1][safepoint    ] Entering safepoint region: RevokeBias
[2019-12-08T11:33:27.854+0000][1][safepoint    ] Leaving safepoint region
[2019-12-08T11:33:27.854+0000][1][safepoint    ] Total time for which application threads were stopped: 0.0000301 seconds, Stopping threads took: 0.0000070 seconds
[2019-12-08T11:33:27.855+0000][1][safepoint    ] Application time: 0.0000450 seconds
[2019-12-08T11:33:27.855+0000][1][safepoint    ] Entering safepoint region: RevokeBias
[2019-12-08T11:33:27.855+0000][1][safepoint    ] Leaving safepoint region
[2019-12-08T11:33:27.855+0000][1][safepoint    ] Total time for which application threads were stopped: 0.0000287 seconds, Stopping threads took: 0.0000068 seconds
[2019-12-08T11:33:27.855+0000][1][safepoint    ] Application time: 0.0000448 seconds
[2019-12-08T11:33:27.855+0000][1][safepoint    ] Entering safepoint region: RevokeBias
[2019-12-08T11:33:27.855+0000][1][safepoint    ] Leaving safepoint region
[2019-12-08T11:33:27.855+0000][1][safepoint    ] Total time for which application threads were stopped: 0.0000279 seconds, Stopping threads took: 0.0000067 seconds
[2019-12-08T11:33:28.124+0000][1][safepoint    ] Application time: 0.2693346 seconds
[2019-12-08T11:33:28.124+0000][1][safepoint    ] Entering safepoint region: BulkRevokeBias
[2019-12-08T11:33:28.125+0000][1][safepoint    ] Leaving safepoint region
[2019-12-08T11:33:28.125+0000][1][safepoint    ] Total time for which application threads were stopped: 0.0007873 seconds, Stopping threads took: 0.0000151 seconds
[2019-12-08T11:33:28.445+0000][1][safepoint    ] Application time: 0.3201471 seconds
[2019-12-08T11:33:28.477+0000][1][safepoint    ] Entering safepoint region: RevokeBias
[2019-12-08T11:33:28.477+0000][1][safepoint    ] Leaving safepoint region
[2019-12-08T11:33:28.477+0000][1][safepoint    ] Total time for which application threads were stopped: 0.0318371 seconds, Stopping threads took: 0.0317574 seconds
[2019-12-08T11:33:29.480+0000][1][safepoint    ] Application time: 1.0028507 seconds
[2019-12-08T11:33:29.486+0000][1][safepoint    ] Entering safepoint region: Cleanup
[2019-12-08T11:33:29.486+0000][1][safepoint    ] Leaving safepoint region
[2019-12-08T11:33:29.486+0000][1][safepoint    ] Total time for which application threads were stopped: 0.0062671 seconds, Stopping threads took: 0.0061773 seconds
[2019-12-08T11:33:29.712+0000][1][safepoint    ] Application time: 0.2261357 seconds
[2019-12-08T11:33:29.712+0000][1][safepoint    ] Entering safepoint region: GenCollectForAllocation
[2019-12-08T11:33:29.713+0000][1][gc,start     ] GC(21) Pause Young (Allocation Failure)
[2019-12-08T11:33:29.713+0000][1][gc,task      ] GC(21) Using 4 workers of 4 for evacuation
[2019-12-08T11:33:29.811+0000][1][gc,age       ] GC(21) Desired survivor size 4456448 bytes, new threshold 2 (max threshold 6)
[2019-12-08T11:33:29.811+0000][1][gc,age       ] GC(21) Age table with threshold 2 (max threshold 6)
[2019-12-08T11:33:29.811+0000][1][gc,age       ] GC(21) - age   1:    2280536 bytes,    2280536 total
[2019-12-08T11:33:29.811+0000][1][gc,age       ] GC(21) - age   2:    2269928 bytes,    4550464 total
[2019-12-08T11:33:29.811+0000][1][gc,heap      ] GC(21) ParNew: 77820K->6398K(78656K)
[2019-12-08T11:33:29.811+0000][1][gc,heap      ] GC(21) CMS: 57894K->60778K(174784K)
[2019-12-08T11:33:29.811+0000][1][gc,metaspace ] GC(21) Metaspace: 56927K->56927K(1101824K)
[2019-12-08T11:33:29.811+0000][1][gc           ] GC(21) Pause Young (Allocation Failure) 132M->65M(247M) 97.923ms
[2019-12-08T11:33:29.811+0000][1][gc,cpu       ] GC(21) User=0.05s Sys=0.00s Real=0.10s
[2019-12-08T11:33:29.811+0000][1][safepoint    ] Leaving safepoint region
[2019-12-08T11:33:29.811+0000][1][safepoint    ] Total time for which application threads were stopped: 0.0991549 seconds, Stopping threads took: 0.0000170 seconds
[2019-12-08T11:33:30.813+0000][1][safepoint    ] Application time: 1.0014013 seconds
[2019-12-08T11:33:30.817+0000][1][safepoint    ] Entering safepoint region: Cleanup
[2019-12-08T11:33:30.817+0000][1][safepoint    ] Leaving safepoint region
[2019-12-08T11:33:30.817+0000][1][safepoint    ] Total time for which application threads were stopped: 0.0040308 seconds, Stopping threads took: 0.0039419 seconds
[2019-12-08T11:33:30.890+0000][1][safepoint    ] Application time: 0.0728814 seconds
[2019-12-08T11:33:30.890+0000][1][safepoint    ] Entering safepoint region: Deoptimize
[2019-12-08T11:33:30.890+0000][1][safepoint    ] Leaving safepoint region
[2019-12-08T11:33:30.890+0000][1][safepoint    ] Total time for which application threads were stopped: 0.0006469 seconds, Stopping threads took: 0.0000192 seconds
[2019-12-08T11:33:31.891+0000][1][safepoint    ] Application time: 1.0003256 seconds
[2019-12-08T11:33:31.930+0000][1][safepoint    ] Entering safepoint region: Cleanup
[2019-12-08T11:33:31.930+0000][1][safepoint    ] Leaving safepoint region
[2019-12-08T11:33:31.930+0000][1][safepoint    ] Total time for which application threads were stopped: 0.0390568 seconds, Stopping threads took: 0.0389645 seconds
[2019-12-08T11:33:32.932+0000][1][safepoint    ] Application time: 1.0018623 seconds
[2019-12-08T11:33:32.944+0000][1][safepoint    ] Entering safepoint region: Cleanup
[2019-12-08T11:33:32.944+0000][1][safepoint    ] Leaving safepoint region
[2019-12-08T11:33:32.944+0000][1][safepoint    ] Total time for which application threads were stopped: 0.0120571 seconds, Stopping threads took: 0.0119883 seconds
[2019-12-08T11:33:33.485+0000][1][safepoint    ] Application time: 0.5408940 seconds
[2019-12-08T11:33:33.485+0000][1][safepoint    ] Entering safepoint region: CollectForMetadataAllocation
[2019-12-08T11:33:33.485+0000][1][safepoint    ] Leaving safepoint region
[2019-12-08T11:33:33.485+0000][1][safepoint    ] Total time for which application threads were stopped: 0.0002474 seconds, Stopping threads took: 0.0000183 seconds
[2019-12-08T11:33:33.497+0000][1][safepoint    ] Application time: 0.0117243 seconds
[2019-12-08T11:33:33.497+0000][1][safepoint    ] Entering safepoint region: RevokeBias
[2019-12-08T11:33:33.497+0000][1][safepoint    ] Leaving safepoint region
[2019-12-08T11:33:33.497+0000][1][safepoint    ] Total time for which application threads were stopped: 0.0001141 seconds, Stopping threads took: 0.0000172 seconds
[2019-12-08T11:33:33.513+0000][1][safepoint    ] Application time: 0.0158244 seconds
[2019-12-08T11:33:33.513+0000][1][safepoint    ] Entering safepoint region: RevokeBias
[2019-12-08T11:33:33.513+0000][1][safepoint    ] Leaving safepoint region
[2019-12-08T11:33:33.513+0000][1][safepoint    ] Total time for which application threads were stopped: 0.0001094 seconds, Stopping threads took: 0.0000170 seconds
[2019-12-08T11:33:33.513+0000][1][safepoint    ] Application time: 0.0002304 seconds
[2019-12-08T11:33:33.513+0000][1][safepoint    ] Entering safepoint region: RevokeBias
[2019-12-08T11:33:33.513+0000][1][safepoint    ] Leaving safepoint region
[2019-12-08T11:33:33.513+0000][1][safepoint    ] Total time for which application threads were stopped: 0.0001052 seconds, Stopping threads took: 0.0000196 seconds
[2019-12-08T11:33:33.623+0000][1][safepoint    ] Application time: 0.1096002 seconds
[2019-12-08T11:33:33.623+0000][1][safepoint    ] Entering safepoint region: CollectForMetadataAllocation
[2019-12-08T11:33:33.623+0000][1][safepoint    ] Leaving safepoint region
[2019-12-08T11:33:33.623+0000][1][safepoint    ] Total time for which application threads were stopped: 0.0002560 seconds, Stopping threads took: 0.0000178 seconds
[2019-12-08T11:33:33.689+0000][1][safepoint    ] Application time: 0.0659696 seconds
[2019-12-08T11:33:33.689+0000][1][safepoint    ] Entering safepoint region: RevokeBias
[2019-12-08T11:33:33.689+0000][1][safepoint    ] Leaving safepoint region
[2019-12-08T11:33:33.689+0000][1][safepoint    ] Total time for which application threads were stopped: 0.0000791 seconds, Stopping threads took: 0.0000171 seconds
[2019-12-08T11:33:33.792+0000][1][safepoint    ] Application time: 0.1024879 seconds
[2019-12-08T11:33:33.792+0000][1][safepoint    ] Entering safepoint region: CollectForMetadataAllocation
[2019-12-08T11:33:33.792+0000][1][safepoint    ] Leaving safepoint region
[2019-12-08T11:33:33.792+0000][1][safepoint    ] Total time for which application threads were stopped: 0.0002456 seconds, Stopping threads took: 0.0000177 seconds
[2019-12-08T11:33:33.838+0000][1][safepoint    ] Application time: 0.0457594 seconds
[2019-12-08T11:33:33.861+0000][1][safepoint    ] Entering safepoint region: CMS_Initial_Mark
[2019-12-08T11:33:33.861+0000][1][gc,start     ] GC(22) Pause Initial Mark
[2019-12-08T11:33:33.952+0000][1][gc           ] GC(22) Pause Initial Mark 118M->118M(247M) 90.902ms
[2019-12-08T11:33:33.952+0000][1][gc,cpu       ] GC(22) User=0.05s Sys=0.00s Real=0.09s
[2019-12-08T11:33:33.952+0000][1][safepoint    ] Leaving safepoint region
[2019-12-08T11:33:33.952+0000][1][safepoint    ] Total time for which application threads were stopped: 0.1140568 seconds, Stopping threads took: 0.0229986 seconds
[2019-12-08T11:33:33.952+0000][1][gc           ] GC(22) Concurrent Mark
[2019-12-08T11:33:34.012+0000][1][safepoint    ] Application time: 0.0598649 seconds
[2019-12-08T11:33:34.012+0000][1][safepoint    ] Entering safepoint region: CollectForMetadataAllocation
[2019-12-08T11:33:34.012+0000][1][safepoint    ] Leaving safepoint region
[2019-12-08T11:33:34.012+0000][1][safepoint    ] Total time for which application threads were stopped: 0.0002409 seconds, Stopping threads took: 0.0000178 seconds
[2019-12-08T11:33:34.154+0000][1][safepoint    ] Application time: 0.1417808 seconds
[2019-12-08T11:33:34.154+0000][1][safepoint    ] Entering safepoint region: CollectForMetadataAllocation
[2019-12-08T11:33:34.154+0000][1][safepoint    ] Leaving safepoint region
[2019-12-08T11:33:34.154+0000][1][safepoint    ] Total time for which application threads were stopped: 0.0002477 seconds, Stopping threads took: 0.0000175 seconds
[2019-12-08T11:33:34.540+0000][1][safepoint    ] Application time: 0.3856754 seconds
[2019-12-08T11:33:34.540+0000][1][safepoint    ] Entering safepoint region: CollectForMetadataAllocation
[2019-12-08T11:33:34.540+0000][1][safepoint    ] Leaving safepoint region
[2019-12-08T11:33:34.540+0000][1][safepoint    ] Total time for which application threads were stopped: 0.0002807 seconds, Stopping threads took: 0.0000192 seconds
[2019-12-08T11:33:34.616+0000][1][safepoint    ] Application time: 0.0756251 seconds
[2019-12-08T11:33:34.616+0000][1][safepoint    ] Entering safepoint region: CollectForMetadataAllocation
[2019-12-08T11:33:34.616+0000][1][safepoint    ] Leaving safepoint region
[2019-12-08T11:33:34.616+0000][1][safepoint    ] Total time for which application threads were stopped: 0.0002706 seconds, Stopping threads took: 0.0000204 seconds
[2019-12-08T11:33:34.617+0000][1][safepoint    ] Application time: 0.0012020 seconds
[2019-12-08T11:33:34.630+0000][1][safepoint    ] Entering safepoint region: RevokeBias
[2019-12-08T11:33:34.630+0000][1][safepoint    ] Leaving safepoint region
[2019-12-08T11:33:34.630+0000][1][safepoint    ] Total time for which application threads were stopped: 0.0125792 seconds, Stopping threads took: 0.0124575 seconds
[2019-12-08T11:33:34.630+0000][1][safepoint    ] Application time: 0.0000903 seconds
[2019-12-08T11:33:34.630+0000][1][safepoint    ] Entering safepoint region: RevokeBias
[2019-12-08T11:33:34.630+0000][1][safepoint    ] Leaving safepoint region
[2019-12-08T11:33:34.630+0000][1][safepoint    ] Total time for which application threads were stopped: 0.0001073 seconds, Stopping threads took: 0.0000121 seconds
[2019-12-08T11:33:34.630+0000][1][safepoint    ] Application time: 0.0000547 seconds
[2019-12-08T11:33:34.630+0000][1][safepoint    ] Entering safepoint region: RevokeBias
[2019-12-08T11:33:34.630+0000][1][safepoint    ] Leaving safepoint region
[2019-12-08T11:33:34.630+0000][1][safepoint    ] Total time for which application threads were stopped: 0.0000756 seconds, Stopping threads took: 0.0000092 seconds
[2019-12-08T11:33:34.630+0000][1][safepoint    ] Application time: 0.0000517 seconds
[2019-12-08T11:33:34.630+0000][1][safepoint    ] Entering safepoint region: RevokeBias
[2019-12-08T11:33:34.630+0000][1][safepoint    ] Leaving safepoint region
[2019-12-08T11:33:34.630+0000][1][safepoint    ] Total time for which application threads were stopped: 0.0000714 seconds, Stopping threads took: 0.0000092 seconds
[2019-12-08T11:33:34.630+0000][1][safepoint    ] Application time: 0.0000511 seconds
[2019-12-08T11:33:34.630+0000][1][safepoint    ] Entering safepoint region: RevokeBias
[2019-12-08T11:33:34.630+0000][1][safepoint    ] Leaving safepoint region
[2019-12-08T11:33:34.631+0000][1][safepoint    ] Total time for which application threads were stopped: 0.0000678 seconds, Stopping threads took: 0.0000088 seconds
[2019-12-08T11:33:34.631+0000][1][safepoint    ] Application time: 0.0000562 seconds
[2019-12-08T11:33:34.631+0000][1][safepoint    ] Entering safepoint region: RevokeBias
[2019-12-08T11:33:34.631+0000][1][safepoint    ] Leaving safepoint region
[2019-12-08T11:33:34.631+0000][1][safepoint    ] Total time for which application threads were stopped: 0.0000910 seconds, Stopping threads took: 0.0000167 seconds
[2019-12-08T11:33:34.631+0000][1][safepoint    ] Application time: 0.0000723 seconds
[2019-12-08T11:33:34.631+0000][1][safepoint    ] Entering safepoint region: RevokeBias
[2019-12-08T11:33:34.631+0000][1][safepoint    ] Leaving safepoint region
[2019-12-08T11:33:34.631+0000][1][safepoint    ] Total time for which application threads were stopped: 0.0000718 seconds, Stopping threads took: 0.0000098 seconds
[2019-12-08T11:33:34.631+0000][1][safepoint    ] Application time: 0.0000534 seconds
[2019-12-08T11:33:34.631+0000][1][safepoint    ] Entering safepoint region: RevokeBias
[2019-12-08T11:33:34.631+0000][1][safepoint    ] Leaving safepoint region
[2019-12-08T11:33:34.631+0000][1][safepoint    ] Total time for which application threads were stopped: 0.0000684 seconds, Stopping threads took: 0.0000094 seconds
[2019-12-08T11:33:34.644+0000][1][gc           ] GC(22) Concurrent Mark 691.995ms
[2019-12-08T11:33:34.644+0000][1][gc,cpu       ] GC(22) User=0.40s Sys=0.00s Real=0.69s
[2019-12-08T11:33:34.644+0000][1][gc           ] GC(22) Concurrent Preclean
[2019-12-08T11:33:34.670+0000][1][safepoint    ] Application time: 0.0387590 seconds
[2019-12-08T11:33:34.670+0000][1][safepoint    ] Entering safepoint region: Deoptimize
[2019-12-08T11:33:34.670+0000][1][safepoint    ] Leaving safepoint region
[2019-12-08T11:33:34.670+0000][1][safepoint    ] Total time for which application threads were stopped: 0.0006609 seconds, Stopping threads took: 0.0000189 seconds
[2019-12-08T11:33:34.675+0000][1][gc           ] GC(22) Concurrent Preclean 30.842ms
[2019-12-08T11:33:34.675+0000][1][gc,cpu       ] GC(22) User=0.01s Sys=0.00s Real=0.03s
[2019-12-08T11:33:34.675+0000][1][gc           ] GC(22) Concurrent Abortable Preclean
[2019-12-08T11:33:34.856+0000][1][safepoint    ] Application time: 0.1853126 seconds
[2019-12-08T11:33:34.856+0000][1][safepoint    ] Entering safepoint region: RevokeBias
[2019-12-08T11:33:34.856+0000][1][safepoint    ] Leaving safepoint region
[2019-12-08T11:33:34.856+0000][1][safepoint    ] Total time for which application threads were stopped: 0.0001214 seconds, Stopping threads took: 0.0000192 seconds
[2019-12-08T11:33:34.893+0000][1][safepoint    ] Application time: 0.0373502 seconds
[2019-12-08T11:33:34.893+0000][1][safepoint    ] Entering safepoint region: RevokeBias
[2019-12-08T11:33:34.893+0000][1][safepoint    ] Leaving safepoint region
[2019-12-08T11:33:34.893+0000][1][safepoint    ] Total time for which application threads were stopped: 0.0000919 seconds, Stopping threads took: 0.0000171 seconds
[2019-12-08T11:33:34.928+0000][1][safepoint    ] Application time: 0.0342144 seconds
[2019-12-08T11:33:34.928+0000][1][safepoint    ] Entering safepoint region: RevokeBias
[2019-12-08T11:33:34.928+0000][1][safepoint    ] Leaving safepoint region
[2019-12-08T11:33:34.928+0000][1][safepoint    ] Total time for which application threads were stopped: 0.0001108 seconds, Stopping threads took: 0.0000343 seconds
[2019-12-08T11:33:34.928+0000][1][safepoint    ] Application time: 0.0005340 seconds
[2019-12-08T11:33:34.928+0000][1][safepoint    ] Entering safepoint region: RevokeBias
[2019-12-08T11:33:34.928+0000][1][safepoint    ] Leaving safepoint region
[2019-12-08T11:33:34.928+0000][1][safepoint    ] Total time for which application threads were stopped: 0.0000796 seconds, Stopping threads took: 0.0000132 seconds
[2019-12-08T11:33:34.928+0000][1][safepoint    ] Application time: 0.0000483 seconds
[2019-12-08T11:33:34.928+0000][1][safepoint    ] Entering safepoint region: RevokeBias
[2019-12-08T11:33:34.929+0000][1][safepoint    ] Leaving safepoint region
[2019-12-08T11:33:34.929+0000][1][safepoint    ] Total time for which application threads were stopped: 0.0000556 seconds, Stopping threads took: 0.0000084 seconds
[2019-12-08T11:33:34.929+0000][1][safepoint    ] Application time: 0.0003979 seconds
[2019-12-08T11:33:34.929+0000][1][safepoint    ] Entering safepoint region: RevokeBias
[2019-12-08T11:33:34.929+0000][1][safepoint    ] Leaving safepoint region
[2019-12-08T11:33:34.929+0000][1][safepoint    ] Total time for which application threads were stopped: 0.0000581 seconds, Stopping threads took: 0.0000110 seconds
[2019-12-08T11:33:34.929+0000][1][safepoint    ] Application time: 0.0002098 seconds
[2019-12-08T11:33:34.929+0000][1][safepoint    ] Entering safepoint region: RevokeBias
[2019-12-08T11:33:34.929+0000][1][safepoint    ] Leaving safepoint region
[2019-12-08T11:33:34.929+0000][1][safepoint    ] Total time for which application threads were stopped: 0.0000595 seconds, Stopping threads took: 0.0000110 seconds
[2019-12-08T11:33:34.929+0000][1][safepoint    ] Application time: 0.0000441 seconds
[2019-12-08T11:33:34.929+0000][1][safepoint    ] Entering safepoint region: RevokeBias
[2019-12-08T11:33:34.929+0000][1][safepoint    ] Leaving safepoint region
[2019-12-08T11:33:34.929+0000][1][safepoint    ] Total time for which application threads were stopped: 0.0000478 seconds, Stopping threads took: 0.0000083 seconds
[2019-12-08T11:33:34.930+0000][1][safepoint    ] Application time: 0.0006311 seconds
[2019-12-08T11:33:34.930+0000][1][safepoint    ] Entering safepoint region: BulkRevokeBias
[2019-12-08T11:33:34.930+0000][1][safepoint    ] Leaving safepoint region
[2019-12-08T11:33:34.930+0000][1][safepoint    ] Total time for which application threads were stopped: 0.0001512 seconds, Stopping threads took: 0.0000120 seconds
[2019-12-08T11:33:34.931+0000][1][safepoint    ] Application time: 0.0002995 seconds
[2019-12-08T11:33:34.931+0000][1][safepoint    ] Entering safepoint region: CollectForMetadataAllocation
[2019-12-08T11:33:34.931+0000][1][safepoint    ] Leaving safepoint region
[2019-12-08T11:33:34.931+0000][1][safepoint    ] Total time for which application threads were stopped: 0.0002478 seconds, Stopping threads took: 0.0000116 seconds
[2019-12-08T11:33:34.940+0000][1][safepoint    ] Application time: 0.0095865 seconds
[2019-12-08T11:33:34.940+0000][1][safepoint    ] Entering safepoint region: RevokeBias
[2019-12-08T11:33:34.941+0000][1][safepoint    ] Leaving safepoint region
[2019-12-08T11:33:34.941+0000][1][safepoint    ] Total time for which application threads were stopped: 0.0000783 seconds, Stopping threads took: 0.0000120 seconds
[2019-12-08T11:33:34.946+0000][1][safepoint    ] Application time: 0.0053230 seconds
[2019-12-08T11:33:34.946+0000][1][safepoint    ] Entering safepoint region: RevokeBias
[2019-12-08T11:33:34.946+0000][1][safepoint    ] Leaving safepoint region
[2019-12-08T11:33:34.946+0000][1][safepoint    ] Total time for which application threads were stopped: 0.0000786 seconds, Stopping threads took: 0.0000123 seconds
[2019-12-08T11:33:34.994+0000][1][safepoint    ] Application time: 0.0479873 seconds
[2019-12-08T11:33:34.994+0000][1][safepoint    ] Entering safepoint region: Deoptimize
[2019-12-08T11:33:34.995+0000][1][safepoint    ] Leaving safepoint region
[2019-12-08T11:33:34.995+0000][1][safepoint    ] Total time for which application threads were stopped: 0.0007158 seconds, Stopping threads took: 0.0000165 seconds
[2019-12-08T11:33:35.008+0000][1][safepoint    ] Application time: 0.0131224 seconds
[2019-12-08T11:33:35.008+0000][1][safepoint    ] Entering safepoint region: RevokeBias
[2019-12-08T11:33:35.008+0000][1][safepoint    ] Leaving safepoint region
[2019-12-08T11:33:35.008+0000][1][safepoint    ] Total time for which application threads were stopped: 0.0000742 seconds, Stopping threads took: 0.0000240 seconds
[2019-12-08T11:33:35.205+0000][1][safepoint    ] Application time: 0.1969341 seconds
[2019-12-08T11:33:35.232+0000][1][safepoint    ] Entering safepoint region: RevokeBias
[2019-12-08T11:33:35.232+0000][1][safepoint    ] Leaving safepoint region
[2019-12-08T11:33:35.232+0000][1][safepoint    ] Total time for which application threads were stopped: 0.0272829 seconds, Stopping threads took: 0.0269955 seconds
[2019-12-08T11:33:35.232+0000][1][safepoint    ] Application time: 0.0002165 seconds
[2019-12-08T11:33:35.232+0000][1][safepoint    ] Entering safepoint region: RevokeBias
[2019-12-08T11:33:35.233+0000][1][safepoint    ] Leaving safepoint region
[2019-12-08T11:33:35.233+0000][1][safepoint    ] Total time for which application threads were stopped: 0.0000661 seconds, Stopping threads took: 0.0000129 seconds
[2019-12-08T11:33:35.241+0000][1][safepoint    ] Application time: 0.0084847 seconds
[2019-12-08T11:33:35.241+0000][1][safepoint    ] Entering safepoint region: RevokeBias
[2019-12-08T11:33:35.241+0000][1][safepoint    ] Leaving safepoint region
[2019-12-08T11:33:35.241+0000][1][safepoint    ] Total time for which application threads were stopped: 0.0001399 seconds, Stopping threads took: 0.0000453 seconds
[2019-12-08T11:33:35.241+0000][1][safepoint    ] Application time: 0.0002898 seconds
[2019-12-08T11:33:35.242+0000][1][safepoint    ] Entering safepoint region: RevokeBias
[2019-12-08T11:33:35.242+0000][1][safepoint    ] Leaving safepoint region
[2019-12-08T11:33:35.242+0000][1][safepoint    ] Total time for which application threads were stopped: 0.0000782 seconds, Stopping threads took: 0.0000127 seconds
[2019-12-08T11:33:35.242+0000][1][safepoint    ] Application time: 0.0002519 seconds
[2019-12-08T11:33:35.242+0000][1][safepoint    ] Entering safepoint region: RevokeBias
[2019-12-08T11:33:35.242+0000][1][safepoint    ] Leaving safepoint region
[2019-12-08T11:33:35.242+0000][1][safepoint    ] Total time for which application threads were stopped: 0.0000691 seconds, Stopping threads took: 0.0000119 seconds
[2019-12-08T11:33:35.245+0000][1][safepoint    ] Application time: 0.0028349 seconds
[2019-12-08T11:33:35.266+0000][1][safepoint    ] Entering safepoint region: RevokeBias
[2019-12-08T11:33:35.266+0000][1][safepoint    ] Leaving safepoint region
[2019-12-08T11:33:35.266+0000][1][safepoint    ] Total time for which application threads were stopped: 0.0211355 seconds, Stopping threads took: 0.0210689 seconds
[2019-12-08T11:33:35.266+0000][1][safepoint    ] Application time: 0.0002682 seconds
[2019-12-08T11:33:35.266+0000][1][safepoint    ] Entering safepoint region: RevokeBias
[2019-12-08T11:33:35.266+0000][1][safepoint    ] Leaving safepoint region
[2019-12-08T11:33:35.266+0000][1][safepoint    ] Total time for which application threads were stopped: 0.0000717 seconds, Stopping threads took: 0.0000119 seconds
[2019-12-08T11:33:35.299+0000][1][safepoint    ] Application time: 0.0322449 seconds
[2019-12-08T11:33:35.324+0000][1][safepoint    ] Entering safepoint region: RevokeBias
[2019-12-08T11:33:35.324+0000][1][safepoint    ] Leaving safepoint region
[2019-12-08T11:33:35.324+0000][1][safepoint    ] Total time for which application threads were stopped: 0.0256813 seconds, Stopping threads took: 0.0256019 seconds
[2019-12-08T11:33:35.370+0000][1][safepoint    ] Application time: 0.0454568 seconds
[2019-12-08T11:33:35.370+0000][1][safepoint    ] Entering safepoint region: RevokeBias
[2019-12-08T11:33:35.370+0000][1][safepoint    ] Leaving safepoint region
[2019-12-08T11:33:35.370+0000][1][safepoint    ] Total time for which application threads were stopped: 0.0001100 seconds, Stopping threads took: 0.0000211 seconds
[2019-12-08T11:33:35.370+0000][1][safepoint    ] Application time: 0.0003902 seconds
[2019-12-08T11:33:35.370+0000][1][safepoint    ] Entering safepoint region: RevokeBias
[2019-12-08T11:33:35.370+0000][1][safepoint    ] Leaving safepoint region
[2019-12-08T11:33:35.370+0000][1][safepoint    ] Total time for which application threads were stopped: 0.0001120 seconds, Stopping threads took: 0.0000153 seconds
[2019-12-08T11:33:35.371+0000][1][safepoint    ] Application time: 0.0004156 seconds
[2019-12-08T11:33:35.371+0000][1][safepoint    ] Entering safepoint region: RevokeBias
[2019-12-08T11:33:35.371+0000][1][safepoint    ] Leaving safepoint region
[2019-12-08T11:33:35.371+0000][1][safepoint    ] Total time for which application threads were stopped: 0.0001033 seconds, Stopping threads took: 0.0000138 seconds
[2019-12-08T11:33:35.371+0000][1][safepoint    ] Application time: 0.0004934 seconds
[2019-12-08T11:33:35.371+0000][1][safepoint    ] Entering safepoint region: RevokeBias
[2019-12-08T11:33:35.372+0000][1][safepoint    ] Leaving safepoint region
[2019-12-08T11:33:35.372+0000][1][safepoint    ] Total time for which application threads were stopped: 0.0000698 seconds, Stopping threads took: 0.0000123 seconds
[2019-12-08T11:33:35.372+0000][1][safepoint    ] Application time: 0.0000475 seconds
[2019-12-08T11:33:35.372+0000][1][safepoint    ] Entering safepoint region: RevokeBias
[2019-12-08T11:33:35.372+0000][1][safepoint    ] Leaving safepoint region
[2019-12-08T11:33:35.372+0000][1][safepoint    ] Total time for which application threads were stopped: 0.0000505 seconds, Stopping threads took: 0.0000089 seconds
[2019-12-08T11:33:35.395+0000][1][safepoint    ] Application time: 0.0235428 seconds
[2019-12-08T11:33:35.432+0000][1][safepoint    ] Entering safepoint region: RevokeBias
[2019-12-08T11:33:35.432+0000][1][safepoint    ] Leaving safepoint region
[2019-12-08T11:33:35.432+0000][1][safepoint    ] Total time for which application threads were stopped: 0.0371409 seconds, Stopping threads took: 0.0370438 seconds
[2019-12-08T11:33:35.432+0000][1][safepoint    ] Application time: 0.0000606 seconds
[2019-12-08T11:33:35.432+0000][1][safepoint    ] Entering safepoint region: RevokeBias
[2019-12-08T11:33:35.433+0000][1][safepoint    ] Leaving safepoint region
[2019-12-08T11:33:35.433+0000][1][safepoint    ] Total time for which application threads were stopped: 0.0000470 seconds, Stopping threads took: 0.0000097 seconds
[2019-12-08T11:33:35.454+0000][1][safepoint    ] Application time: 0.0212860 seconds
[2019-12-08T11:33:35.454+0000][1][safepoint    ] Entering safepoint region: RevokeBias
[2019-12-08T11:33:35.454+0000][1][safepoint    ] Leaving safepoint region
[2019-12-08T11:33:35.454+0000][1][safepoint    ] Total time for which application threads were stopped: 0.0001188 seconds, Stopping threads took: 0.0000186 seconds
[2019-12-08T11:33:35.455+0000][1][safepoint    ] Application time: 0.0008883 seconds
[2019-12-08T11:33:35.455+0000][1][safepoint    ] Entering safepoint region: RevokeBias
[2019-12-08T11:33:35.455+0000][1][safepoint    ] Leaving safepoint region
[2019-12-08T11:33:35.455+0000][1][safepoint    ] Total time for which application threads were stopped: 0.0000761 seconds, Stopping threads took: 0.0000152 seconds
[2019-12-08T11:33:35.471+0000][1][safepoint    ] Application time: 0.0159757 seconds
[2019-12-08T11:33:35.500+0000][1][safepoint    ] Entering safepoint region: RevokeBias
[2019-12-08T11:33:35.500+0000][1][safepoint    ] Leaving safepoint region
[2019-12-08T11:33:35.500+0000][1][safepoint    ] Total time for which application threads were stopped: 0.0289810 seconds, Stopping threads took: 0.0288371 seconds
[2019-12-08T11:33:35.519+0000][1][safepoint    ] Application time: 0.0187898 seconds
[2019-12-08T11:33:35.536+0000][1][safepoint    ] Entering safepoint region: RevokeBias
[2019-12-08T11:33:35.536+0000][1][safepoint    ] Leaving safepoint region
[2019-12-08T11:33:35.536+0000][1][safepoint    ] Total time for which application threads were stopped: 0.0170921 seconds, Stopping threads took: 0.0169688 seconds
[2019-12-08T11:33:35.561+0000][1][safepoint    ] Application time: 0.0247831 seconds
[2019-12-08T11:33:35.615+0000][1][safepoint    ] Entering safepoint region: RevokeBias
[2019-12-08T11:33:35.615+0000][1][safepoint    ] Leaving safepoint region
[2019-12-08T11:33:35.615+0000][1][safepoint    ] Total time for which application threads were stopped: 0.0541555 seconds, Stopping threads took: 0.0540344 seconds
[2019-12-08T11:33:35.648+0000][1][safepoint    ] Application time: 0.0334282 seconds
[2019-12-08T11:33:35.648+0000][1][safepoint    ] Entering safepoint region: RevokeBias
[2019-12-08T11:33:35.649+0000][1][safepoint    ] Leaving safepoint region
[2019-12-08T11:33:35.649+0000][1][safepoint    ] Total time for which application threads were stopped: 0.0002231 seconds, Stopping threads took: 0.0000629 seconds
[2019-12-08T11:33:35.649+0000][1][safepoint    ] Application time: 0.0002251 seconds
[2019-12-08T11:33:35.649+0000][1][safepoint    ] Entering safepoint region: RevokeBias
[2019-12-08T11:33:35.649+0000][1][safepoint    ] Leaving safepoint region
[2019-12-08T11:33:35.649+0000][1][safepoint    ] Total time for which application threads were stopped: 0.0000648 seconds, Stopping threads took: 0.0000106 seconds
[2019-12-08T11:33:35.719+0000][1][safepoint    ] Application time: 0.0705314 seconds
[2019-12-08T11:33:35.719+0000][1][safepoint    ] Entering safepoint region: RevokeBias
[2019-12-08T11:33:35.720+0000][1][safepoint    ] Leaving safepoint region
[2019-12-08T11:33:35.720+0000][1][safepoint    ] Total time for which application threads were stopped: 0.0001784 seconds, Stopping threads took: 0.0000183 seconds
[2019-12-08T11:33:35.720+0000][1][safepoint    ] Application time: 0.0001061 seconds
[2019-12-08T11:33:35.720+0000][1][safepoint    ] Entering safepoint region: RevokeBias
[2019-12-08T11:33:35.720+0000][1][safepoint    ] Leaving safepoint region
[2019-12-08T11:33:35.720+0000][1][safepoint    ] Total time for which application threads were stopped: 0.0000829 seconds, Stopping threads took: 0.0000106 seconds
[2019-12-08T11:33:35.728+0000][1][safepoint    ] Application time: 0.0077194 seconds
[2019-12-08T11:33:35.763+0000][1][safepoint    ] Entering safepoint region: RevokeBias
[2019-12-08T11:33:35.763+0000][1][safepoint    ] Leaving safepoint region
[2019-12-08T11:33:35.763+0000][1][safepoint    ] Total time for which application threads were stopped: 0.0350406 seconds, Stopping threads took: 0.0349279 seconds
[2019-12-08T11:33:35.763+0000][1][safepoint    ] Application time: 0.0003992 seconds
[2019-12-08T11:33:35.763+0000][1][safepoint    ] Entering safepoint region: RevokeBias
[2019-12-08T11:33:35.763+0000][1][safepoint    ] Leaving safepoint region
[2019-12-08T11:33:35.763+0000][1][safepoint    ] Total time for which application threads were stopped: 0.0001269 seconds, Stopping threads took: 0.0000172 seconds
[2019-12-08T11:33:35.763+0000][1][safepoint    ] Application time: 0.0000704 seconds
[2019-12-08T11:33:35.763+0000][1][safepoint    ] Entering safepoint region: RevokeBias
[2019-12-08T11:33:35.763+0000][1][safepoint    ] Leaving safepoint region
[2019-12-08T11:33:35.763+0000][1][safepoint    ] Total time for which application threads were stopped: 0.0000564 seconds, Stopping threads took: 0.0000089 seconds
[2019-12-08T11:33:35.764+0000][1][safepoint    ] Application time: 0.0008807 seconds
[2019-12-08T11:33:35.764+0000][1][safepoint    ] Entering safepoint region: CollectForMetadataAllocation
[2019-12-08T11:33:35.765+0000][1][safepoint    ] Leaving safepoint region
[2019-12-08T11:33:35.765+0000][1][safepoint    ] Total time for which application threads were stopped: 0.0002637 seconds, Stopping threads took: 0.0000136 seconds
[2019-12-08T11:33:35.767+0000][1][safepoint    ] Application time: 0.0022245 seconds
[2019-12-08T11:33:35.767+0000][1][safepoint    ] Entering safepoint region: BulkRevokeBias
[2019-12-08T11:33:35.767+0000][1][safepoint    ] Leaving safepoint region
[2019-12-08T11:33:35.767+0000][1][safepoint    ] Total time for which application threads were stopped: 0.0004723 seconds, Stopping threads took: 0.0000827 seconds
[2019-12-08T11:33:35.768+0000][1][safepoint    ] Application time: 0.0002252 seconds
[2019-12-08T11:33:35.768+0000][1][safepoint    ] Entering safepoint region: RevokeBias
[2019-12-08T11:33:35.768+0000][1][safepoint    ] Leaving safepoint region
[2019-12-08T11:33:35.768+0000][1][safepoint    ] Total time for which application threads were stopped: 0.0000653 seconds, Stopping threads took: 0.0000108 seconds
[2019-12-08T11:33:35.784+0000][1][safepoint    ] Application time: 0.0165478 seconds
[2019-12-08T11:33:35.784+0000][1][safepoint    ] Entering safepoint region: RevokeBias
[2019-12-08T11:33:35.784+0000][1][safepoint    ] Leaving safepoint region
[2019-12-08T11:33:35.784+0000][1][safepoint    ] Total time for which application threads were stopped: 0.0000838 seconds, Stopping threads took: 0.0000146 seconds
[2019-12-08T11:33:35.810+0000][1][safepoint    ] Application time: 0.0255213 seconds
[2019-12-08T11:33:35.810+0000][1][safepoint    ] Entering safepoint region: RevokeBias
[2019-12-08T11:33:35.810+0000][1][safepoint    ] Leaving safepoint region
[2019-12-08T11:33:35.810+0000][1][safepoint    ] Total time for which application threads were stopped: 0.0000893 seconds, Stopping threads took: 0.0000151 seconds
[2019-12-08T11:33:35.812+0000][1][safepoint    ] Application time: 0.0018184 seconds
[2019-12-08T11:33:35.812+0000][1][safepoint    ] Entering safepoint region: RevokeBias
[2019-12-08T11:33:35.812+0000][1][safepoint    ] Leaving safepoint region
[2019-12-08T11:33:35.812+0000][1][safepoint    ] Total time for which application threads were stopped: 0.0000873 seconds, Stopping threads took: 0.0000155 seconds
[2019-12-08T11:33:35.812+0000][1][safepoint    ] Application time: 0.0000832 seconds
[2019-12-08T11:33:35.812+0000][1][safepoint    ] Entering safepoint region: RevokeBias
[2019-12-08T11:33:35.812+0000][1][safepoint    ] Leaving safepoint region
[2019-12-08T11:33:35.812+0000][1][safepoint    ] Total time for which application threads were stopped: 0.0000468 seconds, Stopping threads took: 0.0000090 seconds
[2019-12-08T11:33:35.814+0000][1][safepoint    ] Application time: 0.0016797 seconds
[2019-12-08T11:33:35.814+0000][1][safepoint    ] Entering safepoint region: RevokeBias
[2019-12-08T11:33:35.814+0000][1][safepoint    ] Leaving safepoint region
[2019-12-08T11:33:35.814+0000][1][safepoint    ] Total time for which application threads were stopped: 0.0000810 seconds, Stopping threads took: 0.0000125 seconds
[2019-12-08T11:33:35.814+0000][1][safepoint    ] Application time: 0.0003425 seconds
[2019-12-08T11:33:35.814+0000][1][safepoint    ] Entering safepoint region: RevokeBias
[2019-12-08T11:33:35.814+0000][1][safepoint    ] Leaving safepoint region
[2019-12-08T11:33:35.814+0000][1][safepoint    ] Total time for which application threads were stopped: 0.0000701 seconds, Stopping threads took: 0.0000112 seconds
[2019-12-08T11:33:35.816+0000][1][safepoint    ] Application time: 0.0017599 seconds
[2019-12-08T11:33:35.816+0000][1][safepoint    ] Entering safepoint region: RevokeBias
[2019-12-08T11:33:35.816+0000][1][safepoint    ] Leaving safepoint region
[2019-12-08T11:33:35.816+0000][1][safepoint    ] Total time for which application threads were stopped: 0.0000889 seconds, Stopping threads took: 0.0000128 seconds
[2019-12-08T11:33:35.817+0000][1][safepoint    ] Application time: 0.0008687 seconds
[2019-12-08T11:33:35.817+0000][1][safepoint    ] Entering safepoint region: RevokeBias
[2019-12-08T11:33:35.817+0000][1][safepoint    ] Leaving safepoint region
[2019-12-08T11:33:35.817+0000][1][safepoint    ] Total time for which application threads were stopped: 0.0001005 seconds, Stopping threads took: 0.0000243 seconds
[2019-12-08T11:33:35.819+0000][1][safepoint    ] Application time: 0.0016492 seconds
[2019-12-08T11:33:35.819+0000][1][safepoint    ] Entering safepoint region: RevokeBias
[2019-12-08T11:33:35.819+0000][1][safepoint    ] Leaving safepoint region
[2019-12-08T11:33:35.819+0000][1][safepoint    ] Total time for which application threads were stopped: 0.0000594 seconds, Stopping threads took: 0.0000118 seconds
[2019-12-08T11:33:35.840+0000][1][safepoint    ] Application time: 0.0209027 seconds
[2019-12-08T11:33:35.840+0000][1][safepoint    ] Entering safepoint region: RevokeBias
[2019-12-08T11:33:35.840+0000][1][safepoint    ] Leaving safepoint region
[2019-12-08T11:33:35.840+0000][1][safepoint    ] Total time for which application threads were stopped: 0.0000902 seconds, Stopping threads took: 0.0000188 seconds
[2019-12-08T11:33:35.876+0000][1][safepoint    ] Application time: 0.0358250 seconds
[2019-12-08T11:33:35.876+0000][1][safepoint    ] Entering safepoint region: RevokeBias
[2019-12-08T11:33:35.876+0000][1][safepoint    ] Leaving safepoint region
[2019-12-08T11:33:35.876+0000][1][safepoint    ] Total time for which application threads were stopped: 0.0001194 seconds, Stopping threads took: 0.0000359 seconds
[2019-12-08T11:33:35.876+0000][1][safepoint    ] Application time: 0.0002363 seconds
[2019-12-08T11:33:35.876+0000][1][safepoint    ] Entering safepoint region: RevokeBias
[2019-12-08T11:33:35.876+0000][1][safepoint    ] Leaving safepoint region
[2019-12-08T11:33:35.876+0000][1][safepoint    ] Total time for which application threads were stopped: 0.0000744 seconds, Stopping threads took: 0.0000155 seconds
[2019-12-08T11:33:36.239+0000][1][safepoint    ] Application time: 0.3627768 seconds
[2019-12-08T11:33:36.248+0000][1][safepoint    ] Entering safepoint region: RevokeBias
[2019-12-08T11:33:36.248+0000][1][safepoint    ] Leaving safepoint region
[2019-12-08T11:33:36.248+0000][1][safepoint    ] Total time for which application threads were stopped: 0.0088399 seconds, Stopping threads took: 0.0087439 seconds
[2019-12-08T11:33:36.248+0000][1][safepoint    ] Application time: 0.0005036 seconds
[2019-12-08T11:33:36.248+0000][1][safepoint    ] Entering safepoint region: RevokeBias
[2019-12-08T11:33:36.248+0000][1][safepoint    ] Leaving safepoint region
[2019-12-08T11:33:36.248+0000][1][safepoint    ] Total time for which application threads were stopped: 0.0000837 seconds, Stopping threads took: 0.0000162 seconds
[2019-12-08T11:33:36.249+0000][1][safepoint    ] Application time: 0.0000765 seconds
[2019-12-08T11:33:36.249+0000][1][safepoint    ] Entering safepoint region: RevokeBias
[2019-12-08T11:33:36.249+0000][1][safepoint    ] Leaving safepoint region
[2019-12-08T11:33:36.249+0000][1][safepoint    ] Total time for which application threads were stopped: 0.0000482 seconds, Stopping threads took: 0.0000086 seconds
[2019-12-08T11:33:36.258+0000][1][safepoint    ] Application time: 0.0093401 seconds
[2019-12-08T11:33:36.258+0000][1][safepoint    ] Entering safepoint region: RevokeBias
[2019-12-08T11:33:36.258+0000][1][safepoint    ] Leaving safepoint region
[2019-12-08T11:33:36.258+0000][1][safepoint    ] Total time for which application threads were stopped: 0.0001084 seconds, Stopping threads took: 0.0000192 seconds
[2019-12-08T11:33:36.259+0000][1][safepoint    ] Application time: 0.0004724 seconds
[2019-12-08T11:33:36.259+0000][1][safepoint    ] Entering safepoint region: RevokeBias
[2019-12-08T11:33:36.259+0000][1][safepoint    ] Leaving safepoint region
[2019-12-08T11:33:36.259+0000][1][safepoint    ] Total time for which application threads were stopped: 0.0001030 seconds, Stopping threads took: 0.0000150 seconds
[2019-12-08T11:33:36.266+0000][1][safepoint    ] Application time: 0.0069632 seconds
[2019-12-08T11:33:36.266+0000][1][safepoint    ] Entering safepoint region: RevokeBias
[2019-12-08T11:33:36.266+0000][1][safepoint    ] Leaving safepoint region
[2019-12-08T11:33:36.266+0000][1][safepoint    ] Total time for which application threads were stopped: 0.0000873 seconds, Stopping threads took: 0.0000143 seconds
[2019-12-08T11:33:36.270+0000][1][safepoint    ] Application time: 0.0039921 seconds
[2019-12-08T11:33:36.270+0000][1][safepoint    ] Entering safepoint region: RevokeBias
[2019-12-08T11:33:36.270+0000][1][safepoint    ] Leaving safepoint region
[2019-12-08T11:33:36.270+0000][1][safepoint    ] Total time for which application threads were stopped: 0.0000715 seconds, Stopping threads took: 0.0000140 seconds
[2019-12-08T11:33:36.275+0000][1][safepoint    ] Application time: 0.0046542 seconds
[2019-12-08T11:33:36.275+0000][1][safepoint    ] Entering safepoint region: RevokeBias
[2019-12-08T11:33:36.275+0000][1][safepoint    ] Leaving safepoint region
[2019-12-08T11:33:36.275+0000][1][safepoint    ] Total time for which application threads were stopped: 0.0001178 seconds, Stopping threads took: 0.0000138 seconds
[2019-12-08T11:33:36.275+0000][1][safepoint    ] Application time: 0.0000924 seconds
[2019-12-08T11:33:36.275+0000][1][safepoint    ] Entering safepoint region: RevokeBias
[2019-12-08T11:33:36.275+0000][1][safepoint    ] Leaving safepoint region
[2019-12-08T11:33:36.275+0000][1][safepoint    ] Total time for which application threads were stopped: 0.0000552 seconds, Stopping threads took: 0.0000105 seconds
[2019-12-08T11:33:36.275+0000][1][safepoint    ] Application time: 0.0003894 seconds
[2019-12-08T11:33:36.275+0000][1][safepoint    ] Entering safepoint region: RevokeBias
[2019-12-08T11:33:36.275+0000][1][safepoint    ] Leaving safepoint region
[2019-12-08T11:33:36.275+0000][1][safepoint    ] Total time for which application threads were stopped: 0.0000673 seconds, Stopping threads took: 0.0000122 seconds
[2019-12-08T11:33:36.276+0000][1][safepoint    ] Application time: 0.0003026 seconds
[2019-12-08T11:33:36.276+0000][1][safepoint    ] Entering safepoint region: RevokeBias
[2019-12-08T11:33:36.276+0000][1][safepoint    ] Leaving safepoint region
[2019-12-08T11:33:36.276+0000][1][safepoint    ] Total time for which application threads were stopped: 0.0000710 seconds, Stopping threads took: 0.0000132 seconds
[2019-12-08T11:33:36.276+0000][1][safepoint    ] Application time: 0.0004183 seconds
[2019-12-08T11:33:36.276+0000][1][safepoint    ] Entering safepoint region: RevokeBias
[2019-12-08T11:33:36.276+0000][1][safepoint    ] Leaving safepoint region
[2019-12-08T11:33:36.276+0000][1][safepoint    ] Total time for which application threads were stopped: 0.0000571 seconds, Stopping threads took: 0.0000121 seconds
[2019-12-08T11:33:36.277+0000][1][safepoint    ] Application time: 0.0005961 seconds
[2019-12-08T11:33:36.277+0000][1][safepoint    ] Entering safepoint region: RevokeBias
[2019-12-08T11:33:36.277+0000][1][safepoint    ] Leaving safepoint region
[2019-12-08T11:33:36.277+0000][1][safepoint    ] Total time for which application threads were stopped: 0.0000770 seconds, Stopping threads took: 0.0000138 seconds
[2019-12-08T11:33:36.278+0000][1][safepoint    ] Application time: 0.0006209 seconds
[2019-12-08T11:33:36.278+0000][1][safepoint    ] Entering safepoint region: RevokeBias
[2019-12-08T11:33:36.278+0000][1][safepoint    ] Leaving safepoint region
[2019-12-08T11:33:36.278+0000][1][safepoint    ] Total time for which application threads were stopped: 0.0000936 seconds, Stopping threads took: 0.0000129 seconds
[2019-12-08T11:33:36.278+0000][1][safepoint    ] Application time: 0.0003455 seconds
[2019-12-08T11:33:36.278+0000][1][safepoint    ] Entering safepoint region: RevokeBias
[2019-12-08T11:33:36.278+0000][1][safepoint    ] Leaving safepoint region
[2019-12-08T11:33:36.278+0000][1][safepoint    ] Total time for which application threads were stopped: 0.0000557 seconds, Stopping threads took: 0.0000129 seconds
[2019-12-08T11:33:36.278+0000][1][safepoint    ] Application time: 0.0000446 seconds
[2019-12-08T11:33:36.278+0000][1][safepoint    ] Entering safepoint region: RevokeBias
[2019-12-08T11:33:36.278+0000][1][safepoint    ] Leaving safepoint region
[2019-12-08T11:33:36.278+0000][1][safepoint    ] Total time for which application threads were stopped: 0.0000468 seconds, Stopping threads took: 0.0000099 seconds
[2019-12-08T11:33:36.301+0000][1][safepoint    ] Application time: 0.0224774 seconds
[2019-12-08T11:33:36.301+0000][1][safepoint    ] Entering safepoint region: RevokeBias
[2019-12-08T11:33:36.301+0000][1][safepoint    ] Leaving safepoint region
[2019-12-08T11:33:36.301+0000][1][safepoint    ] Total time for which application threads were stopped: 0.0000822 seconds, Stopping threads took: 0.0000192 seconds
[2019-12-08T11:33:36.338+0000][1][safepoint    ] Application time: 0.0368940 seconds
[2019-12-08T11:33:36.338+0000][1][safepoint    ] Entering safepoint region: RevokeBias
[2019-12-08T11:33:36.338+0000][1][safepoint    ] Leaving safepoint region
[2019-12-08T11:33:36.338+0000][1][safepoint    ] Total time for which application threads were stopped: 0.0000986 seconds, Stopping threads took: 0.0000232 seconds
[2019-12-08T11:33:36.401+0000][1][safepoint    ] Application time: 0.0628510 seconds
[2019-12-08T11:33:36.401+0000][1][safepoint    ] Entering safepoint region: RevokeBias
[2019-12-08T11:33:36.401+0000][1][safepoint    ] Leaving safepoint region
[2019-12-08T11:33:36.401+0000][1][safepoint    ] Total time for which application threads were stopped: 0.0000957 seconds, Stopping threads took: 0.0000217 seconds
[2019-12-08T11:33:37.221+0000][1][safepoint    ] Application time: 0.8203781 seconds
[2019-12-08T11:33:37.237+0000][1][safepoint    ] Entering safepoint region: RevokeBias
[2019-12-08T11:33:37.237+0000][1][safepoint    ] Leaving safepoint region
[2019-12-08T11:33:37.237+0000][1][safepoint    ] Total time for which application threads were stopped: 0.0155411 seconds, Stopping threads took: 0.0154374 seconds
[2019-12-08T11:33:37.237+0000][1][safepoint    ] Application time: 0.0003853 seconds
[2019-12-08T11:33:37.240+0000][1][safepoint    ] Entering safepoint region: RevokeBias
[2019-12-08T11:33:37.240+0000][1][safepoint    ] Leaving safepoint region
[2019-12-08T11:33:37.240+0000][1][safepoint    ] Total time for which application threads were stopped: 0.0024972 seconds, Stopping threads took: 0.0023869 seconds
[2019-12-08T11:33:37.240+0000][1][safepoint    ] Application time: 0.0003861 seconds
[2019-12-08T11:33:37.240+0000][1][safepoint    ] Entering safepoint region: RevokeBias
[2019-12-08T11:33:37.240+0000][1][safepoint    ] Leaving safepoint region
[2019-12-08T11:33:37.240+0000][1][safepoint    ] Total time for which application threads were stopped: 0.0000684 seconds, Stopping threads took: 0.0000131 seconds
[2019-12-08T11:33:37.300+0000][1][safepoint    ] Application time: 0.0593680 seconds
[2019-12-08T11:33:37.300+0000][1][safepoint    ] Entering safepoint region: RevokeBias
[2019-12-08T11:33:37.300+0000][1][safepoint    ] Leaving safepoint region
[2019-12-08T11:33:37.300+0000][1][safepoint    ] Total time for which application threads were stopped: 0.0001615 seconds, Stopping threads took: 0.0000198 seconds
[2019-12-08T11:33:37.304+0000][1][safepoint    ] Application time: 0.0042598 seconds
[2019-12-08T11:33:37.304+0000][1][safepoint    ] Entering safepoint region: RevokeBias
[2019-12-08T11:33:37.304+0000][1][safepoint    ] Leaving safepoint region
[2019-12-08T11:33:37.304+0000][1][safepoint    ] Total time for which application threads were stopped: 0.0000964 seconds, Stopping threads took: 0.0000186 seconds
[2019-12-08T11:33:37.305+0000][1][safepoint    ] Application time: 0.0007658 seconds
[2019-12-08T11:33:37.305+0000][1][safepoint    ] Entering safepoint region: RevokeBias
[2019-12-08T11:33:37.305+0000][1][safepoint    ] Leaving safepoint region
[2019-12-08T11:33:37.305+0000][1][safepoint    ] Total time for which application threads were stopped: 0.0000847 seconds, Stopping threads took: 0.0000150 seconds
[2019-12-08T11:33:37.306+0000][1][safepoint    ] Application time: 0.0007777 seconds
[2019-12-08T11:33:37.306+0000][1][safepoint    ] Entering safepoint region: RevokeBias
[2019-12-08T11:33:37.306+0000][1][safepoint    ] Leaving safepoint region
[2019-12-08T11:33:37.306+0000][1][safepoint    ] Total time for which application threads were stopped: 0.0000844 seconds, Stopping threads took: 0.0000132 seconds
[2019-12-08T11:33:37.306+0000][1][safepoint    ] Application time: 0.0003893 seconds
[2019-12-08T11:33:37.306+0000][1][safepoint    ] Entering safepoint region: RevokeBias
[2019-12-08T11:33:37.306+0000][1][safepoint    ] Leaving safepoint region
[2019-12-08T11:33:37.306+0000][1][safepoint    ] Total time for which application threads were stopped: 0.0000608 seconds, Stopping threads took: 0.0000117 seconds
[2019-12-08T11:33:37.309+0000][1][safepoint    ] Application time: 0.0028585 seconds
[2019-12-08T11:33:37.309+0000][1][safepoint    ] Entering safepoint region: RevokeBias
[2019-12-08T11:33:37.309+0000][1][safepoint    ] Leaving safepoint region
[2019-12-08T11:33:37.309+0000][1][safepoint    ] Total time for which application threads were stopped: 0.0000767 seconds, Stopping threads took: 0.0000141 seconds
[2019-12-08T11:33:37.310+0000][1][safepoint    ] Application time: 0.0008736 seconds
[2019-12-08T11:33:37.310+0000][1][safepoint    ] Entering safepoint region: RevokeBias
[2019-12-08T11:33:37.310+0000][1][safepoint    ] Leaving safepoint region
[2019-12-08T11:33:37.310+0000][1][safepoint    ] Total time for which application threads were stopped: 0.0000783 seconds, Stopping threads took: 0.0000279 seconds
[2019-12-08T11:33:37.325+0000][1][safepoint    ] Application time: 0.0144678 seconds
[2019-12-08T11:33:37.325+0000][1][safepoint    ] Entering safepoint region: RevokeBias
[2019-12-08T11:33:37.325+0000][1][safepoint    ] Leaving safepoint region
[2019-12-08T11:33:37.325+0000][1][safepoint    ] Total time for which application threads were stopped: 0.0001890 seconds, Stopping threads took: 0.0001302 seconds
[2019-12-08T11:33:37.326+0000][1][safepoint    ] Application time: 0.0009244 seconds
[2019-12-08T11:33:37.326+0000][1][safepoint    ] Entering safepoint region: RevokeBias
[2019-12-08T11:33:37.326+0000][1][safepoint    ] Leaving safepoint region
[2019-12-08T11:33:37.326+0000][1][safepoint    ] Total time for which application threads were stopped: 0.0000838 seconds, Stopping threads took: 0.0000147 seconds
[2019-12-08T11:33:37.342+0000][1][safepoint    ] Application time: 0.0156497 seconds
[2019-12-08T11:33:37.342+0000][1][safepoint    ] Entering safepoint region: RevokeBias
[2019-12-08T11:33:37.342+0000][1][safepoint    ] Leaving safepoint region
[2019-12-08T11:33:37.342+0000][1][safepoint    ] Total time for which application threads were stopped: 0.0000813 seconds, Stopping threads took: 0.0000134 seconds
[2019-12-08T11:33:37.354+0000][1][safepoint    ] Application time: 0.0118886 seconds
[2019-12-08T11:33:37.354+0000][1][safepoint    ] Entering safepoint region: CollectForMetadataAllocation
[2019-12-08T11:33:37.354+0000][1][safepoint    ] Leaving safepoint region
[2019-12-08T11:33:37.354+0000][1][safepoint    ] Total time for which application threads were stopped: 0.0002558 seconds, Stopping threads took: 0.0000156 seconds
[2019-12-08T11:33:37.425+0000][1][safepoint    ] Application time: 0.0713033 seconds
[2019-12-08T11:33:37.425+0000][1][safepoint    ] Entering safepoint region: RevokeBias
[2019-12-08T11:33:37.425+0000][1][safepoint    ] Leaving safepoint region
[2019-12-08T11:33:37.425+0000][1][safepoint    ] Total time for which application threads were stopped: 0.0000947 seconds, Stopping threads took: 0.0000190 seconds
[2019-12-08T11:33:37.722+0000][1][safepoint    ] Application time: 0.2962207 seconds
[2019-12-08T11:33:37.722+0000][1][safepoint    ] Entering safepoint region: RevokeBias
[2019-12-08T11:33:37.722+0000][1][safepoint    ] Leaving safepoint region
[2019-12-08T11:33:37.722+0000][1][safepoint    ] Total time for which application threads were stopped: 0.0000897 seconds, Stopping threads took: 0.0000208 seconds
[2019-12-08T11:33:37.729+0000][1][safepoint    ] Application time: 0.0068926 seconds
[2019-12-08T11:33:37.729+0000][1][safepoint    ] Entering safepoint region: RevokeBias
[2019-12-08T11:33:37.729+0000][1][safepoint    ] Leaving safepoint region
[2019-12-08T11:33:37.729+0000][1][safepoint    ] Total time for which application threads were stopped: 0.0000915 seconds, Stopping threads took: 0.0000168 seconds
[2019-12-08T11:33:37.808+0000][1][safepoint    ] Application time: 0.0786706 seconds
[2019-12-08T11:33:37.810+0000][1][safepoint    ] Entering safepoint region: RevokeBias
[2019-12-08T11:33:37.810+0000][1][gc,start     ] GC(23) Pause Young (Allocation Failure)
[2019-12-08T11:33:37.810+0000][1][gc,task      ] GC(23) Using 4 workers of 4 for evacuation
[2019-12-08T11:33:37.885+0000][1][gc,age       ] GC(23) Desired survivor size 4456448 bytes, new threshold 2 (max threshold 6)
[2019-12-08T11:33:37.885+0000][1][gc,age       ] GC(23) Age table with threshold 2 (max threshold 6)
[2019-12-08T11:33:37.885+0000][1][gc,age       ] GC(23) - age   1:    3374176 bytes,    3374176 total
[2019-12-08T11:33:37.885+0000][1][gc,age       ] GC(23) - age   2:    1972384 bytes,    5346560 total
[2019-12-08T11:33:37.885+0000][1][gc,heap      ] GC(23) ParNew: 76350K->6918K(78656K)
[2019-12-08T11:33:37.885+0000][1][gc,heap      ] GC(23) CMS: 60778K->62999K(174784K)
[2019-12-08T11:33:37.885+0000][1][gc,metaspace ] GC(23) Metaspace: 64563K->64563K(1107968K)
[2019-12-08T11:33:37.885+0000][1][gc           ] GC(23) Pause Young (Allocation Failure) 133M->68M(247M) 75.026ms
[2019-12-08T11:33:37.885+0000][1][gc,cpu       ] GC(23) User=0.06s Sys=0.00s Real=0.08s
[2019-12-08T11:33:37.885+0000][1][safepoint    ] Leaving safepoint region
[2019-12-08T11:33:37.885+0000][1][safepoint    ] Total time for which application threads were stopped: 0.0774461 seconds, Stopping threads took: 0.0022105 seconds
[2019-12-08T11:33:37.887+0000][1][safepoint    ] Application time: 0.0017908 seconds
[2019-12-08T11:33:37.887+0000][1][safepoint    ] Entering safepoint region: RevokeBias
[2019-12-08T11:33:37.887+0000][1][safepoint    ] Leaving safepoint region
[2019-12-08T11:33:37.887+0000][1][safepoint    ] Total time for which application threads were stopped: 0.0001299 seconds, Stopping threads took: 0.0000226 seconds
[2019-12-08T11:33:37.895+0000][1][safepoint    ] Application time: 0.0076178 seconds
[2019-12-08T11:33:37.895+0000][1][safepoint    ] Entering safepoint region: RevokeBias
[2019-12-08T11:33:37.895+0000][1][safepoint    ] Leaving safepoint region
[2019-12-08T11:33:37.895+0000][1][safepoint    ] Total time for which application threads were stopped: 0.0001307 seconds, Stopping threads took: 0.0000184 seconds
[2019-12-08T11:33:37.925+0000][1][safepoint    ] Application time: 0.0301346 seconds
[2019-12-08T11:33:37.960+0000][1][safepoint    ] Entering safepoint region: RevokeBias
[2019-12-08T11:33:37.960+0000][1][safepoint    ] Leaving safepoint region
[2019-12-08T11:33:37.960+0000][1][safepoint    ] Total time for which application threads were stopped: 0.0353417 seconds, Stopping threads took: 0.0352537 seconds
[2019-12-08T11:33:37.962+0000][1][safepoint    ] Application time: 0.0021003 seconds
[2019-12-08T11:33:37.962+0000][1][safepoint    ] Entering safepoint region: RevokeBias
[2019-12-08T11:33:37.962+0000][1][safepoint    ] Leaving safepoint region
[2019-12-08T11:33:37.962+0000][1][safepoint    ] Total time for which application threads were stopped: 0.0000864 seconds, Stopping threads took: 0.0000182 seconds
[2019-12-08T11:33:37.992+0000][1][safepoint    ] Application time: 0.0292086 seconds
[2019-12-08T11:33:37.993+0000][1][safepoint    ] Entering safepoint region: CollectForMetadataAllocation
[2019-12-08T11:33:37.993+0000][1][safepoint    ] Leaving safepoint region
[2019-12-08T11:33:37.993+0000][1][safepoint    ] Total time for which application threads were stopped: 0.0011091 seconds, Stopping threads took: 0.0008354 seconds
[2019-12-08T11:33:38.052+0000][1][safepoint    ] Application time: 0.0588392 seconds
[2019-12-08T11:33:38.066+0000][1][safepoint    ] Entering safepoint region: RevokeBias
[2019-12-08T11:33:38.066+0000][1][safepoint    ] Leaving safepoint region
[2019-12-08T11:33:38.066+0000][1][safepoint    ] Total time for which application threads were stopped: 0.0142819 seconds, Stopping threads took: 0.0140516 seconds
[2019-12-08T11:33:38.067+0000][1][safepoint    ] Application time: 0.0006098 seconds
[2019-12-08T11:33:38.067+0000][1][safepoint    ] Entering safepoint region: RevokeBias
[2019-12-08T11:33:38.067+0000][1][safepoint    ] Leaving safepoint region
[2019-12-08T11:33:38.067+0000][1][safepoint    ] Total time for which application threads were stopped: 0.0001048 seconds, Stopping threads took: 0.0000158 seconds
[2019-12-08T11:33:38.067+0000][1][safepoint    ] Application time: 0.0005806 seconds
[2019-12-08T11:33:38.067+0000][1][safepoint    ] Entering safepoint region: RevokeBias
[2019-12-08T11:33:38.067+0000][1][safepoint    ] Leaving safepoint region
[2019-12-08T11:33:38.067+0000][1][safepoint    ] Total time for which application threads were stopped: 0.0000703 seconds, Stopping threads took: 0.0000141 seconds
[2019-12-08T11:33:38.077+0000][1][safepoint    ] Application time: 0.0099855 seconds
[2019-12-08T11:33:38.121+0000][1][safepoint    ] Entering safepoint region: RevokeBias
[2019-12-08T11:33:38.121+0000][1][safepoint    ] Leaving safepoint region
[2019-12-08T11:33:38.121+0000][1][safepoint    ] Total time for which application threads were stopped: 0.0434239 seconds, Stopping threads took: 0.0432838 seconds
[2019-12-08T11:33:38.151+0000][1][safepoint    ] Application time: 0.0301209 seconds
[2019-12-08T11:33:38.151+0000][1][safepoint    ] Entering safepoint region: RevokeBias
[2019-12-08T11:33:38.151+0000][1][safepoint    ] Leaving safepoint region
[2019-12-08T11:33:38.151+0000][1][safepoint    ] Total time for which application threads were stopped: 0.0001818 seconds, Stopping threads took: 0.0000760 seconds
[2019-12-08T11:33:38.232+0000][1][safepoint    ] Application time: 0.0808981 seconds
[2019-12-08T11:33:38.240+0000][1][safepoint    ] Entering safepoint region: RevokeBias
[2019-12-08T11:33:38.240+0000][1][safepoint    ] Leaving safepoint region
[2019-12-08T11:33:38.240+0000][1][safepoint    ] Total time for which application threads were stopped: 0.0074818 seconds, Stopping threads took: 0.0073590 seconds
[2019-12-08T11:33:38.242+0000][1][safepoint    ] Application time: 0.0018506 seconds
[2019-12-08T11:33:38.278+0000][1][safepoint    ] Entering safepoint region: RevokeBias
[2019-12-08T11:33:38.278+0000][1][safepoint    ] Leaving safepoint region
[2019-12-08T11:33:38.278+0000][1][safepoint    ] Total time for which application threads were stopped: 0.0363821 seconds, Stopping threads took: 0.0362767 seconds
[2019-12-08T11:33:38.324+0000][1][safepoint    ] Application time: 0.0461595 seconds
[2019-12-08T11:33:38.332+0000][1][safepoint    ] Entering safepoint region: RevokeBias
[2019-12-08T11:33:38.332+0000][1][safepoint    ] Leaving safepoint region
[2019-12-08T11:33:38.332+0000][1][safepoint    ] Total time for which application threads were stopped: 0.0083127 seconds, Stopping threads took: 0.0076465 seconds
[2019-12-08T11:33:38.338+0000][1][safepoint    ] Application time: 0.0052794 seconds
[2019-12-08T11:33:38.338+0000][1][safepoint    ] Entering safepoint region: RevokeBias
[2019-12-08T11:33:38.338+0000][1][safepoint    ] Leaving safepoint region
[2019-12-08T11:33:38.338+0000][1][safepoint    ] Total time for which application threads were stopped: 0.0001164 seconds, Stopping threads took: 0.0000252 seconds
[2019-12-08T11:33:38.339+0000][1][safepoint    ] Application time: 0.0013092 seconds
[2019-12-08T11:33:38.339+0000][1][safepoint    ] Entering safepoint region: RevokeBias
[2019-12-08T11:33:38.339+0000][1][safepoint    ] Leaving safepoint region
[2019-12-08T11:33:38.339+0000][1][safepoint    ] Total time for which application threads were stopped: 0.0000872 seconds, Stopping threads took: 0.0000169 seconds
[2019-12-08T11:33:38.341+0000][1][safepoint    ] Application time: 0.0012757 seconds
[2019-12-08T11:33:38.341+0000][1][safepoint    ] Entering safepoint region: RevokeBias
[2019-12-08T11:33:38.341+0000][1][safepoint    ] Leaving safepoint region
[2019-12-08T11:33:38.341+0000][1][safepoint    ] Total time for which application threads were stopped: 0.0000988 seconds, Stopping threads took: 0.0000137 seconds
[2019-12-08T11:33:38.341+0000][1][safepoint    ] Application time: 0.0003337 seconds
[2019-12-08T11:33:38.341+0000][1][safepoint    ] Entering safepoint region: RevokeBias
[2019-12-08T11:33:38.341+0000][1][safepoint    ] Leaving safepoint region
[2019-12-08T11:33:38.341+0000][1][safepoint    ] Total time for which application threads were stopped: 0.0000668 seconds, Stopping threads took: 0.0000128 seconds
[2019-12-08T11:33:38.342+0000][1][safepoint    ] Application time: 0.0006270 seconds
[2019-12-08T11:33:38.342+0000][1][safepoint    ] Entering safepoint region: RevokeBias
[2019-12-08T11:33:38.342+0000][1][safepoint    ] Leaving safepoint region
[2019-12-08T11:33:38.342+0000][1][safepoint    ] Total time for which application threads were stopped: 0.0000718 seconds, Stopping threads took: 0.0000223 seconds
[2019-12-08T11:33:38.342+0000][1][safepoint    ] Application time: 0.0000404 seconds
[2019-12-08T11:33:38.342+0000][1][safepoint    ] Entering safepoint region: RevokeBias
[2019-12-08T11:33:38.342+0000][1][safepoint    ] Leaving safepoint region
[2019-12-08T11:33:38.342+0000][1][safepoint    ] Total time for which application threads were stopped: 0.0000457 seconds, Stopping threads took: 0.0000091 seconds
[2019-12-08T11:33:38.344+0000][1][safepoint    ] Application time: 0.0018280 seconds
[2019-12-08T11:33:38.365+0000][1][safepoint    ] Entering safepoint region: BulkRevokeBias
[2019-12-08T11:33:38.366+0000][1][safepoint    ] Leaving safepoint region
[2019-12-08T11:33:38.366+0000][1][safepoint    ] Total time for which application threads were stopped: 0.0219625 seconds, Stopping threads took: 0.0214757 seconds
[2019-12-08T11:33:38.369+0000][1][safepoint    ] Application time: 0.0031583 seconds
[2019-12-08T11:33:38.369+0000][1][safepoint    ] Entering safepoint region: RevokeBias
[2019-12-08T11:33:38.369+0000][1][safepoint    ] Leaving safepoint region
[2019-12-08T11:33:38.369+0000][1][safepoint    ] Total time for which application threads were stopped: 0.0000750 seconds, Stopping threads took: 0.0000146 seconds
[2019-12-08T11:33:38.369+0000][1][safepoint    ] Application time: 0.0003082 seconds
[2019-12-08T11:33:38.369+0000][1][safepoint    ] Entering safepoint region: RevokeBias
[2019-12-08T11:33:38.369+0000][1][safepoint    ] Leaving safepoint region
[2019-12-08T11:33:38.369+0000][1][safepoint    ] Total time for which application threads were stopped: 0.0000710 seconds, Stopping threads took: 0.0000124 seconds
[2019-12-08T11:33:38.370+0000][1][safepoint    ] Application time: 0.0003897 seconds
[2019-12-08T11:33:38.370+0000][1][safepoint    ] Entering safepoint region: RevokeBias
[2019-12-08T11:33:38.370+0000][1][safepoint    ] Leaving safepoint region
[2019-12-08T11:33:38.370+0000][1][safepoint    ] Total time for which application threads were stopped: 0.0000802 seconds, Stopping threads took: 0.0000126 seconds
[2019-12-08T11:33:38.370+0000][1][safepoint    ] Application time: 0.0003057 seconds
[2019-12-08T11:33:38.370+0000][1][safepoint    ] Entering safepoint region: RevokeBias
[2019-12-08T11:33:38.370+0000][1][safepoint    ] Leaving safepoint region
[2019-12-08T11:33:38.370+0000][1][safepoint    ] Total time for which application threads were stopped: 0.0000592 seconds, Stopping threads took: 0.0000124 seconds
[2019-12-08T11:33:38.370+0000][1][safepoint    ] Application time: 0.0000453 seconds
[2019-12-08T11:33:38.370+0000][1][safepoint    ] Entering safepoint region: RevokeBias
[2019-12-08T11:33:38.370+0000][1][safepoint    ] Leaving safepoint region
[2019-12-08T11:33:38.370+0000][1][safepoint    ] Total time for which application threads were stopped: 0.0000483 seconds, Stopping threads took: 0.0000098 seconds
[2019-12-08T11:33:38.371+0000][1][safepoint    ] Application time: 0.0000382 seconds
[2019-12-08T11:33:38.371+0000][1][safepoint    ] Entering safepoint region: RevokeBias
[2019-12-08T11:33:38.371+0000][1][safepoint    ] Leaving safepoint region
[2019-12-08T11:33:38.371+0000][1][safepoint    ] Total time for which application threads were stopped: 0.0000480 seconds, Stopping threads took: 0.0000098 seconds
[2019-12-08T11:33:38.387+0000][1][safepoint    ] Application time: 0.0161627 seconds
[2019-12-08T11:33:38.387+0000][1][safepoint    ] Entering safepoint region: RevokeBias
[2019-12-08T11:33:38.387+0000][1][safepoint    ] Leaving safepoint region
[2019-12-08T11:33:38.387+0000][1][safepoint    ] Total time for which application threads were stopped: 0.0000867 seconds, Stopping threads took: 0.0000173 seconds
[2019-12-08T11:33:38.399+0000][1][safepoint    ] Application time: 0.0117310 seconds
[2019-12-08T11:33:38.399+0000][1][safepoint    ] Entering safepoint region: RevokeBias
[2019-12-08T11:33:38.399+0000][1][safepoint    ] Leaving safepoint region
[2019-12-08T11:33:38.399+0000][1][safepoint    ] Total time for which application threads were stopped: 0.0000845 seconds, Stopping threads took: 0.0000165 seconds
[2019-12-08T11:33:38.399+0000][1][safepoint    ] Application time: 0.0003845 seconds
[2019-12-08T11:33:38.399+0000][1][safepoint    ] Entering safepoint region: RevokeBias
[2019-12-08T11:33:38.399+0000][1][safepoint    ] Leaving safepoint region
[2019-12-08T11:33:38.399+0000][1][safepoint    ] Total time for which application threads were stopped: 0.0000549 seconds, Stopping threads took: 0.0000126 seconds
[2019-12-08T11:33:38.532+0000][1][safepoint    ] Application time: 0.1332408 seconds
[2019-12-08T11:33:38.533+0000][1][safepoint    ] Entering safepoint region: RevokeBias
[2019-12-08T11:33:38.533+0000][1][safepoint    ] Leaving safepoint region
[2019-12-08T11:33:38.533+0000][1][safepoint    ] Total time for which application threads were stopped: 0.0001197 seconds, Stopping threads took: 0.0000462 seconds
[2019-12-08T11:33:38.762+0000][1][safepoint    ] Application time: 0.2291097 seconds
[2019-12-08T11:33:38.762+0000][1][safepoint    ] Entering safepoint region: RevokeBias
[2019-12-08T11:33:38.762+0000][1][safepoint    ] Leaving safepoint region
[2019-12-08T11:33:38.762+0000][1][safepoint    ] Total time for which application threads were stopped: 0.0001017 seconds, Stopping threads took: 0.0000208 seconds
[2019-12-08T11:33:38.783+0000][1][safepoint    ] Application time: 0.0209281 seconds
[2019-12-08T11:33:38.793+0000][1][safepoint    ] Entering safepoint region: RevokeBias
[2019-12-08T11:33:38.793+0000][1][safepoint    ] Leaving safepoint region
[2019-12-08T11:33:38.793+0000][1][safepoint    ] Total time for which application threads were stopped: 0.0104959 seconds, Stopping threads took: 0.0104046 seconds
[2019-12-08T11:33:38.797+0000][1][safepoint    ] Application time: 0.0037444 seconds
[2019-12-08T11:33:38.797+0000][1][safepoint    ] Entering safepoint region: RevokeBias
[2019-12-08T11:33:38.797+0000][1][safepoint    ] Leaving safepoint region
[2019-12-08T11:33:38.797+0000][1][safepoint    ] Total time for which application threads were stopped: 0.0000911 seconds, Stopping threads took: 0.0000187 seconds
[2019-12-08T11:33:39.195+0000][1][safepoint    ] Application time: 0.3973857 seconds
[2019-12-08T11:33:39.195+0000][1][safepoint    ] Entering safepoint region: RevokeBias
[2019-12-08T11:33:39.195+0000][1][safepoint    ] Leaving safepoint region
[2019-12-08T11:33:39.195+0000][1][safepoint    ] Total time for which application threads were stopped: 0.0001690 seconds, Stopping threads took: 0.0000222 seconds
[2019-12-08T11:33:39.260+0000][1][safepoint    ] Application time: 0.0649697 seconds
[2019-12-08T11:33:39.264+0000][1][safepoint    ] Entering safepoint region: RevokeBias
[2019-12-08T11:33:39.264+0000][1][safepoint    ] Leaving safepoint region
[2019-12-08T11:33:39.264+0000][1][safepoint    ] Total time for which application threads were stopped: 0.0041243 seconds, Stopping threads took: 0.0039954 seconds
[2019-12-08T11:33:39.271+0000][1][safepoint    ] Application time: 0.0071766 seconds
[2019-12-08T11:33:39.271+0000][1][safepoint    ] Entering safepoint region: RevokeBias
[2019-12-08T11:33:39.271+0000][1][safepoint    ] Leaving safepoint region
[2019-12-08T11:33:39.271+0000][1][safepoint    ] Total time for which application threads were stopped: 0.0001090 seconds, Stopping threads took: 0.0000145 seconds
[2019-12-08T11:33:39.272+0000][1][safepoint    ] Application time: 0.0009243 seconds
[2019-12-08T11:33:39.272+0000][1][safepoint    ] Entering safepoint region: RevokeBias
[2019-12-08T11:33:39.273+0000][1][safepoint    ] Leaving safepoint region
[2019-12-08T11:33:39.273+0000][1][safepoint    ] Total time for which application threads were stopped: 0.0004754 seconds, Stopping threads took: 0.0000251 seconds
[2019-12-08T11:33:39.275+0000][1][safepoint    ] Application time: 0.0020316 seconds
[2019-12-08T11:33:39.275+0000][1][safepoint    ] Entering safepoint region: RevokeBias
[2019-12-08T11:33:39.275+0000][1][safepoint    ] Leaving safepoint region
[2019-12-08T11:33:39.275+0000][1][safepoint    ] Total time for which application threads were stopped: 0.0000927 seconds, Stopping threads took: 0.0000279 seconds
[2019-12-08T11:33:39.277+0000][1][safepoint    ] Application time: 0.0023197 seconds
[2019-12-08T11:33:39.277+0000][1][safepoint    ] Entering safepoint region: RevokeBias
[2019-12-08T11:33:39.277+0000][1][safepoint    ] Leaving safepoint region
[2019-12-08T11:33:39.277+0000][1][safepoint    ] Total time for which application threads were stopped: 0.0000656 seconds, Stopping threads took: 0.0000128 seconds
[2019-12-08T11:33:39.277+0000][1][safepoint    ] Application time: 0.0000504 seconds
[2019-12-08T11:33:39.277+0000][1][safepoint    ] Entering safepoint region: RevokeBias
[2019-12-08T11:33:39.277+0000][1][safepoint    ] Leaving safepoint region
[2019-12-08T11:33:39.277+0000][1][safepoint    ] Total time for which application threads were stopped: 0.0000522 seconds, Stopping threads took: 0.0000098 seconds
[2019-12-08T11:33:39.277+0000][1][safepoint    ] Application time: 0.0000397 seconds
[2019-12-08T11:33:39.277+0000][1][safepoint    ] Entering safepoint region: RevokeBias
[2019-12-08T11:33:39.277+0000][1][safepoint    ] Leaving safepoint region
[2019-12-08T11:33:39.277+0000][1][safepoint    ] Total time for which application threads were stopped: 0.0000485 seconds, Stopping threads took: 0.0000094 seconds
[2019-12-08T11:33:39.328+0000][1][safepoint    ] Application time: 0.0503465 seconds
[2019-12-08T11:33:39.328+0000][1][safepoint    ] Entering safepoint region: RevokeBias
[2019-12-08T11:33:39.328+0000][1][safepoint    ] Leaving safepoint region
[2019-12-08T11:33:39.328+0000][1][safepoint    ] Total time for which application threads were stopped: 0.0001033 seconds, Stopping threads took: 0.0000188 seconds
[2019-12-08T11:33:39.348+0000][1][safepoint    ] Application time: 0.0200182 seconds
[2019-12-08T11:33:39.348+0000][1][safepoint    ] Entering safepoint region: RevokeBias
[2019-12-08T11:33:39.348+0000][1][safepoint    ] Leaving safepoint region
[2019-12-08T11:33:39.348+0000][1][safepoint    ] Total time for which application threads were stopped: 0.0000878 seconds, Stopping threads took: 0.0000175 seconds
[2019-12-08T11:33:39.349+0000][1][safepoint    ] Application time: 0.0004900 seconds
[2019-12-08T11:33:39.349+0000][1][safepoint    ] Entering safepoint region: RevokeBias
[2019-12-08T11:33:39.349+0000][1][safepoint    ] Leaving safepoint region
[2019-12-08T11:33:39.349+0000][1][safepoint    ] Total time for which application threads were stopped: 0.0000709 seconds, Stopping threads took: 0.0000147 seconds
[2019-12-08T11:33:39.488+0000][1][safepoint    ] Application time: 0.1395368 seconds
[2019-12-08T11:33:39.488+0000][1][safepoint    ] Entering safepoint region: RevokeBias
[2019-12-08T11:33:39.488+0000][1][safepoint    ] Leaving safepoint region
[2019-12-08T11:33:39.488+0000][1][safepoint    ] Total time for which application threads were stopped: 0.0000926 seconds, Stopping threads took: 0.0000200 seconds
[2019-12-08T11:33:39.489+0000][1][safepoint    ] Application time: 0.0004194 seconds
[2019-12-08T11:33:39.489+0000][1][safepoint    ] Entering safepoint region: RevokeBias
[2019-12-08T11:33:39.489+0000][1][safepoint    ] Leaving safepoint region
[2019-12-08T11:33:39.489+0000][1][safepoint    ] Total time for which application threads were stopped: 0.0000683 seconds, Stopping threads took: 0.0000153 seconds
[2019-12-08T11:33:39.607+0000][1][safepoint    ] Application time: 0.1181925 seconds
[2019-12-08T11:33:39.607+0000][1][safepoint    ] Entering safepoint region: RevokeBias
[2019-12-08T11:33:39.607+0000][1][safepoint    ] Leaving safepoint region
[2019-12-08T11:33:39.607+0000][1][safepoint    ] Total time for which application threads were stopped: 0.0001080 seconds, Stopping threads took: 0.0000212 seconds
[2019-12-08T11:33:39.675+0000][1][safepoint    ] Application time: 0.0678422 seconds
[2019-12-08T11:33:39.675+0000][1][safepoint    ] Entering safepoint region: BulkRevokeBias
[2019-12-08T11:33:39.675+0000][1][safepoint    ] Leaving safepoint region
[2019-12-08T11:33:39.675+0000][1][safepoint    ] Total time for which application threads were stopped: 0.0003677 seconds, Stopping threads took: 0.0000183 seconds
[2019-12-08T11:33:39.722+0000][1][safepoint    ] Application time: 0.0463093 seconds
[2019-12-08T11:33:39.722+0000][1][safepoint    ] Entering safepoint region: RevokeBias
[2019-12-08T11:33:39.722+0000][1][safepoint    ] Leaving safepoint region
[2019-12-08T11:33:39.722+0000][1][safepoint    ] Total time for which application threads were stopped: 0.0000963 seconds, Stopping threads took: 0.0000214 seconds
[2019-12-08T11:33:39.722+0000][1][safepoint    ] Application time: 0.0004551 seconds
[2019-12-08T11:33:39.722+0000][1][safepoint    ] Entering safepoint region: RevokeBias
[2019-12-08T11:33:39.722+0000][1][safepoint    ] Leaving safepoint region
[2019-12-08T11:33:39.722+0000][1][safepoint    ] Total time for which application threads were stopped: 0.0000778 seconds, Stopping threads took: 0.0000159 seconds
[2019-12-08T11:33:39.723+0000][1][safepoint    ] Application time: 0.0006158 seconds
[2019-12-08T11:33:39.723+0000][1][safepoint    ] Entering safepoint region: BulkRevokeBias
[2019-12-08T11:33:39.723+0000][1][safepoint    ] Leaving safepoint region
[2019-12-08T11:33:39.723+0000][1][safepoint    ] Total time for which application threads were stopped: 0.0003617 seconds, Stopping threads took: 0.0000133 seconds
[2019-12-08T11:33:39.792+0000][1][gc           ] GC(22) Concurrent Abortable Preclean 5117.036ms
[2019-12-08T11:33:39.792+0000][1][gc,cpu       ] GC(22) User=2.12s Sys=0.04s Real=5.12s
[2019-12-08T11:33:39.792+0000][1][safepoint    ] Application time: 0.0685553 seconds
[2019-12-08T11:33:39.792+0000][1][safepoint    ] Entering safepoint region: CMS_Final_Remark
[2019-12-08T11:33:39.792+0000][1][gc,start     ] GC(22) Pause Remark
[2019-12-08T11:33:39.879+0000][1][gc           ] GC(22) Pause Remark 77M->77M(247M) 86.982ms
[2019-12-08T11:33:39.879+0000][1][gc,cpu       ] GC(22) User=0.04s Sys=0.00s Real=0.08s
[2019-12-08T11:33:39.879+0000][1][safepoint    ] Leaving safepoint region
[2019-12-08T11:33:39.879+0000][1][safepoint    ] Total time for which application threads were stopped: 0.0871625 seconds, Stopping threads took: 0.0000193 seconds
[2019-12-08T11:33:39.894+0000][1][gc           ] GC(22) Concurrent Sweep
[2019-12-08T11:33:39.991+0000][1][gc           ] GC(22) Concurrent Sweep 97.534ms
[2019-12-08T11:33:39.991+0000][1][gc,cpu       ] GC(22) User=0.06s Sys=0.00s Real=0.10s
[2019-12-08T11:33:39.991+0000][1][gc           ] GC(22) Concurrent Reset
[2019-12-08T11:33:39.992+0000][1][gc           ] GC(22) Concurrent Reset 0.321ms
[2019-12-08T11:33:39.992+0000][1][gc,cpu       ] GC(22) User=0.00s Sys=0.00s Real=0.00s
[2019-12-08T11:33:39.992+0000][1][gc,heap      ] GC(22) Old: 60778K->62775K(174784K)
[2019-12-08T11:33:40.168+0000][1][safepoint    ] Application time: 0.2891946 seconds
[2019-12-08T11:33:40.168+0000][1][safepoint    ] Entering safepoint region: RevokeBias
[2019-12-08T11:33:40.169+0000][1][safepoint    ] Leaving safepoint region
[2019-12-08T11:33:40.169+0000][1][safepoint    ] Total time for which application threads were stopped: 0.0009874 seconds, Stopping threads took: 0.0000186 seconds
[2019-12-08T11:33:40.170+0000][1][safepoint    ] Application time: 0.0004060 seconds
[2019-12-08T11:33:40.170+0000][1][safepoint    ] Entering safepoint region: RevokeBias
[2019-12-08T11:33:40.170+0000][1][safepoint    ] Leaving safepoint region
[2019-12-08T11:33:40.170+0000][1][safepoint    ] Total time for which application threads were stopped: 0.0000814 seconds, Stopping threads took: 0.0000172 seconds
[2019-12-08T11:33:40.228+0000][1][safepoint    ] Application time: 0.0578658 seconds
[2019-12-08T11:33:40.236+0000][1][safepoint    ] Entering safepoint region: RevokeBias
[2019-12-08T11:33:40.236+0000][1][safepoint    ] Leaving safepoint region
[2019-12-08T11:33:40.236+0000][1][safepoint    ] Total time for which application threads were stopped: 0.0080260 seconds, Stopping threads took: 0.0079011 seconds
[2019-12-08T11:33:40.236+0000][1][safepoint    ] Application time: 0.0006056 seconds
[2019-12-08T11:33:40.236+0000][1][safepoint    ] Entering safepoint region: RevokeBias
[2019-12-08T11:33:40.237+0000][1][safepoint    ] Leaving safepoint region
[2019-12-08T11:33:40.237+0000][1][safepoint    ] Total time for which application threads were stopped: 0.0004674 seconds, Stopping threads took: 0.0000701 seconds
[2019-12-08T11:33:40.238+0000][1][safepoint    ] Application time: 0.0008052 seconds
[2019-12-08T11:33:40.238+0000][1][safepoint    ] Entering safepoint region: RevokeBias
[2019-12-08T11:33:40.238+0000][1][safepoint    ] Leaving safepoint region
[2019-12-08T11:33:40.238+0000][1][safepoint    ] Total time for which application threads were stopped: 0.0001023 seconds, Stopping threads took: 0.0000133 seconds
[2019-12-08T11:33:40.240+0000][1][safepoint    ] Application time: 0.0020150 seconds
[2019-12-08T11:33:40.240+0000][1][safepoint    ] Entering safepoint region: RevokeBias
[2019-12-08T11:33:40.240+0000][1][safepoint    ] Leaving safepoint region
[2019-12-08T11:33:40.240+0000][1][safepoint    ] Total time for which application threads were stopped: 0.0000651 seconds, Stopping threads took: 0.0000123 seconds
[2019-12-08T11:33:40.241+0000][1][safepoint    ] Application time: 0.0011594 seconds
[2019-12-08T11:33:40.241+0000][1][safepoint    ] Entering safepoint region: RevokeBias
[2019-12-08T11:33:40.241+0000][1][safepoint    ] Leaving safepoint region
[2019-12-08T11:33:40.241+0000][1][safepoint    ] Total time for which application threads were stopped: 0.0000570 seconds, Stopping threads took: 0.0000112 seconds
[2019-12-08T11:33:40.242+0000][1][safepoint    ] Application time: 0.0011225 seconds
[2019-12-08T11:33:40.242+0000][1][safepoint    ] Entering safepoint region: RevokeBias
[2019-12-08T11:33:40.242+0000][1][safepoint    ] Leaving safepoint region
[2019-12-08T11:33:40.242+0000][1][safepoint    ] Total time for which application threads were stopped: 0.0000612 seconds, Stopping threads took: 0.0000136 seconds
[2019-12-08T11:33:40.242+0000][1][safepoint    ] Application time: 0.0000428 seconds
[2019-12-08T11:33:40.242+0000][1][safepoint    ] Entering safepoint region: RevokeBias
[2019-12-08T11:33:40.242+0000][1][safepoint    ] Leaving safepoint region
[2019-12-08T11:33:40.242+0000][1][safepoint    ] Total time for which application threads were stopped: 0.0000455 seconds, Stopping threads took: 0.0000095 seconds
[2019-12-08T11:33:40.267+0000][1][safepoint    ] Application time: 0.0243320 seconds
[2019-12-08T11:33:40.271+0000][1][safepoint    ] Entering safepoint region: RevokeBias
[2019-12-08T11:33:40.271+0000][1][safepoint    ] Leaving safepoint region
[2019-12-08T11:33:40.271+0000][1][safepoint    ] Total time for which application threads were stopped: 0.0040180 seconds, Stopping threads took: 0.0039244 seconds
[2019-12-08T11:33:40.297+0000][1][safepoint    ] Application time: 0.0263319 seconds
[2019-12-08T11:33:40.297+0000][1][safepoint    ] Entering safepoint region: RevokeBias
[2019-12-08T11:33:40.297+0000][1][safepoint    ] Leaving safepoint region
[2019-12-08T11:33:40.297+0000][1][safepoint    ] Total time for which application threads were stopped: 0.0000959 seconds, Stopping threads took: 0.0000167 seconds
[2019-12-08T11:33:40.300+0000][1][safepoint    ] Application time: 0.0027852 seconds
[2019-12-08T11:33:40.300+0000][1][safepoint    ] Entering safepoint region: RevokeBias
[2019-12-08T11:33:40.300+0000][1][safepoint    ] Leaving safepoint region
[2019-12-08T11:33:40.300+0000][1][safepoint    ] Total time for which application threads were stopped: 0.0000764 seconds, Stopping threads took: 0.0000158 seconds
[2019-12-08T11:33:40.704+0000][1][safepoint    ] Application time: 0.4040688 seconds
[2019-12-08T11:33:40.704+0000][1][safepoint    ] Entering safepoint region: RevokeBias
[2019-12-08T11:33:40.704+0000][1][safepoint    ] Leaving safepoint region
[2019-12-08T11:33:40.704+0000][1][safepoint    ] Total time for which application threads were stopped: 0.0000892 seconds, Stopping threads took: 0.0000185 seconds
[2019-12-08T11:33:41.166+0000][1][safepoint    ] Application time: 0.4612681 seconds
[2019-12-08T11:33:41.166+0000][1][safepoint    ] Entering safepoint region: RevokeBias
[2019-12-08T11:33:41.166+0000][1][safepoint    ] Leaving safepoint region
[2019-12-08T11:33:41.166+0000][1][safepoint    ] Total time for which application threads were stopped: 0.0001119 seconds, Stopping threads took: 0.0000191 seconds
[2019-12-08T11:33:41.218+0000][1][safepoint    ] Application time: 0.0525587 seconds
[2019-12-08T11:33:41.218+0000][1][safepoint    ] Entering safepoint region: RevokeBias
[2019-12-08T11:33:41.219+0000][1][safepoint    ] Leaving safepoint region
[2019-12-08T11:33:41.219+0000][1][safepoint    ] Total time for which application threads were stopped: 0.0004288 seconds, Stopping threads took: 0.0000180 seconds
[2019-12-08T11:33:41.220+0000][1][safepoint    ] Application time: 0.0011462 seconds
[2019-12-08T11:33:41.220+0000][1][safepoint    ] Entering safepoint region: RevokeBias
[2019-12-08T11:33:41.220+0000][1][safepoint    ] Leaving safepoint region
[2019-12-08T11:33:41.220+0000][1][safepoint    ] Total time for which application threads were stopped: 0.0001672 seconds, Stopping threads took: 0.0000713 seconds
[2019-12-08T11:33:41.223+0000][1][safepoint    ] Application time: 0.0032496 seconds
[2019-12-08T11:33:41.224+0000][1][safepoint    ] Entering safepoint region: RevokeBias
[2019-12-08T11:33:41.224+0000][1][safepoint    ] Leaving safepoint region
[2019-12-08T11:33:41.224+0000][1][safepoint    ] Total time for which application threads were stopped: 0.0001319 seconds, Stopping threads took: 0.0000579 seconds
[2019-12-08T11:33:41.231+0000][1][safepoint    ] Application time: 0.0069479 seconds
[2019-12-08T11:33:41.231+0000][1][safepoint    ] Entering safepoint region: RevokeBias
[2019-12-08T11:33:41.231+0000][1][safepoint    ] Leaving safepoint region
[2019-12-08T11:33:41.231+0000][1][safepoint    ] Total time for which application threads were stopped: 0.0000979 seconds, Stopping threads took: 0.0000137 seconds
[2019-12-08T11:33:41.234+0000][1][safepoint    ] Application time: 0.0031524 seconds
[2019-12-08T11:33:41.234+0000][1][safepoint    ] Entering safepoint region: RevokeBias
[2019-12-08T11:33:41.234+0000][1][safepoint    ] Leaving safepoint region
[2019-12-08T11:33:41.234+0000][1][safepoint    ] Total time for which application threads were stopped: 0.0001266 seconds, Stopping threads took: 0.0000700 seconds
[2019-12-08T11:33:41.251+0000][1][safepoint    ] Application time: 0.0173382 seconds
[2019-12-08T11:33:41.251+0000][1][safepoint    ] Entering safepoint region: RevokeBias
[2019-12-08T11:33:41.251+0000][1][safepoint    ] Leaving safepoint region
[2019-12-08T11:33:41.251+0000][1][safepoint    ] Total time for which application threads were stopped: 0.0000922 seconds, Stopping threads took: 0.0000173 seconds
[2019-12-08T11:33:41.494+0000][1][safepoint    ] Application time: 0.2422503 seconds
[2019-12-08T11:33:41.494+0000][1][safepoint    ] Entering safepoint region: RevokeBias
[2019-12-08T11:33:41.494+0000][1][safepoint    ] Leaving safepoint region
[2019-12-08T11:33:41.494+0000][1][safepoint    ] Total time for which application threads were stopped: 0.0001306 seconds, Stopping threads took: 0.0000182 seconds
[2019-12-08T11:33:41.494+0000][1][safepoint    ] Application time: 0.0004192 seconds
[2019-12-08T11:33:41.494+0000][1][safepoint    ] Entering safepoint region: RevokeBias
[2019-12-08T11:33:41.494+0000][1][safepoint    ] Leaving safepoint region
[2019-12-08T11:33:41.494+0000][1][safepoint    ] Total time for which application threads were stopped: 0.0000954 seconds, Stopping threads took: 0.0000195 seconds
[2019-12-08T11:33:41.495+0000][1][safepoint    ] Application time: 0.0004139 seconds
[2019-12-08T11:33:41.495+0000][1][safepoint    ] Entering safepoint region: RevokeBias
[2019-12-08T11:33:41.495+0000][1][safepoint    ] Leaving safepoint region
[2019-12-08T11:33:41.495+0000][1][safepoint    ] Total time for which application threads were stopped: 0.0000867 seconds, Stopping threads took: 0.0000140 seconds
[2019-12-08T11:33:41.495+0000][1][safepoint    ] Application time: 0.0004246 seconds
[2019-12-08T11:33:41.495+0000][1][safepoint    ] Entering safepoint region: RevokeBias
[2019-12-08T11:33:41.495+0000][1][safepoint    ] Leaving safepoint region
[2019-12-08T11:33:41.496+0000][1][safepoint    ] Total time for which application threads were stopped: 0.0000900 seconds, Stopping threads took: 0.0000136 seconds
[2019-12-08T11:33:41.496+0000][1][safepoint    ] Application time: 0.0005315 seconds
[2019-12-08T11:33:41.496+0000][1][safepoint    ] Entering safepoint region: RevokeBias
[2019-12-08T11:33:41.496+0000][1][safepoint    ] Leaving safepoint region
[2019-12-08T11:33:41.496+0000][1][safepoint    ] Total time for which application threads were stopped: 0.0000754 seconds, Stopping threads took: 0.0000125 seconds
[2019-12-08T11:33:41.497+0000][1][safepoint    ] Application time: 0.0004938 seconds
[2019-12-08T11:33:41.497+0000][1][safepoint    ] Entering safepoint region: RevokeBias
[2019-12-08T11:33:41.497+0000][1][safepoint    ] Leaving safepoint region
[2019-12-08T11:33:41.497+0000][1][safepoint    ] Total time for which application threads were stopped: 0.0000891 seconds, Stopping threads took: 0.0000125 seconds
[2019-12-08T11:33:41.516+0000][1][safepoint    ] Application time: 0.0189657 seconds
[2019-12-08T11:33:41.516+0000][1][safepoint    ] Entering safepoint region: RevokeBias
[2019-12-08T11:33:41.516+0000][1][safepoint    ] Leaving safepoint region
[2019-12-08T11:33:41.516+0000][1][safepoint    ] Total time for which application threads were stopped: 0.0000894 seconds, Stopping threads took: 0.0000166 seconds
[2019-12-08T11:33:41.516+0000][1][safepoint    ] Application time: 0.0002778 seconds
[2019-12-08T11:33:41.516+0000][1][safepoint    ] Entering safepoint region: RevokeBias
[2019-12-08T11:33:41.516+0000][1][safepoint    ] Leaving safepoint region
[2019-12-08T11:33:41.516+0000][1][safepoint    ] Total time for which application threads were stopped: 0.0001098 seconds, Stopping threads took: 0.0000461 seconds
[2019-12-08T11:33:41.530+0000][1][safepoint    ] Application time: 0.0142319 seconds
[2019-12-08T11:33:41.531+0000][1][safepoint    ] Entering safepoint region: RevokeBias
[2019-12-08T11:33:41.531+0000][1][safepoint    ] Leaving safepoint region
[2019-12-08T11:33:41.531+0000][1][safepoint    ] Total time for which application threads were stopped: 0.0000843 seconds, Stopping threads took: 0.0000160 seconds
[2019-12-08T11:33:41.931+0000][1][safepoint    ] Application time: 0.4001054 seconds
[2019-12-08T11:33:41.931+0000][1][safepoint    ] Entering safepoint region: RevokeBias
[2019-12-08T11:33:41.931+0000][1][safepoint    ] Leaving safepoint region
[2019-12-08T11:33:41.931+0000][1][safepoint    ] Total time for which application threads were stopped: 0.0001205 seconds, Stopping threads took: 0.0000196 seconds
[2019-12-08T11:33:41.934+0000][1][safepoint    ] Application time: 0.0028421 seconds
[2019-12-08T11:33:41.934+0000][1][safepoint    ] Entering safepoint region: RevokeBias
[2019-12-08T11:33:41.934+0000][1][safepoint    ] Leaving safepoint region
[2019-12-08T11:33:41.934+0000][1][safepoint    ] Total time for which application threads were stopped: 0.0000908 seconds, Stopping threads took: 0.0000190 seconds
[2019-12-08T11:33:41.964+0000][1][safepoint    ] Application time: 0.0298753 seconds
[2019-12-08T11:33:41.964+0000][1][safepoint    ] Entering safepoint region: RevokeBias
[2019-12-08T11:33:41.964+0000][1][safepoint    ] Leaving safepoint region
[2019-12-08T11:33:41.964+0000][1][safepoint    ] Total time for which application threads were stopped: 0.0001094 seconds, Stopping threads took: 0.0000186 seconds
[2019-12-08T11:33:41.974+0000][1][safepoint    ] Application time: 0.0098582 seconds
[2019-12-08T11:33:41.974+0000][1][safepoint    ] Entering safepoint region: RevokeBias
[2019-12-08T11:33:41.974+0000][1][safepoint    ] Leaving safepoint region
[2019-12-08T11:33:41.974+0000][1][safepoint    ] Total time for which application threads were stopped: 0.0000865 seconds, Stopping threads took: 0.0000173 seconds
[2019-12-08T11:33:42.207+0000][1][safepoint    ] Application time: 0.2334119 seconds
[2019-12-08T11:33:42.215+0000][1][safepoint    ] Entering safepoint region: RevokeBias
[2019-12-08T11:33:42.215+0000][1][safepoint    ] Leaving safepoint region
[2019-12-08T11:33:42.215+0000][1][safepoint    ] Total time for which application threads were stopped: 0.0076981 seconds, Stopping threads took: 0.0075871 seconds
[2019-12-08T11:33:42.222+0000][1][safepoint    ] Application time: 0.0071871 seconds
[2019-12-08T11:33:42.222+0000][1][safepoint    ] Entering safepoint region: BulkRevokeBias
[2019-12-08T11:33:42.223+0000][1][safepoint    ] Leaving safepoint region
[2019-12-08T11:33:42.223+0000][1][safepoint    ] Total time for which application threads were stopped: 0.0004448 seconds, Stopping threads took: 0.0000269 seconds
[2019-12-08T11:33:42.246+0000][1][safepoint    ] Application time: 0.0233113 seconds
[2019-12-08T11:33:42.246+0000][1][safepoint    ] Entering safepoint region: RevokeBias
[2019-12-08T11:33:42.246+0000][1][safepoint    ] Leaving safepoint region
[2019-12-08T11:33:42.246+0000][1][safepoint    ] Total time for which application threads were stopped: 0.0000980 seconds, Stopping threads took: 0.0000167 seconds
[2019-12-08T11:33:42.254+0000][1][safepoint    ] Application time: 0.0076710 seconds
[2019-12-08T11:33:42.257+0000][1][safepoint    ] Entering safepoint region: RevokeBias
[2019-12-08T11:33:42.257+0000][1][safepoint    ] Leaving safepoint region
[2019-12-08T11:33:42.257+0000][1][safepoint    ] Total time for which application threads were stopped: 0.0031595 seconds, Stopping threads took: 0.0030731 seconds
[2019-12-08T11:33:42.257+0000][1][safepoint    ] Application time: 0.0002523 seconds
[2019-12-08T11:33:42.257+0000][1][safepoint    ] Entering safepoint region: RevokeBias
[2019-12-08T11:33:42.257+0000][1][safepoint    ] Leaving safepoint region
[2019-12-08T11:33:42.257+0000][1][safepoint    ] Total time for which application threads were stopped: 0.0000769 seconds, Stopping threads took: 0.0000123 seconds
[2019-12-08T11:33:42.261+0000][1][safepoint    ] Application time: 0.0033706 seconds
[2019-12-08T11:33:42.261+0000][1][safepoint    ] Entering safepoint region: RevokeBias
[2019-12-08T11:33:42.261+0000][1][safepoint    ] Leaving safepoint region
[2019-12-08T11:33:42.261+0000][1][safepoint    ] Total time for which application threads were stopped: 0.0001042 seconds, Stopping threads took: 0.0000167 seconds
[2019-12-08T11:33:42.266+0000][1][safepoint    ] Application time: 0.0052574 seconds
[2019-12-08T11:33:42.266+0000][1][safepoint    ] Entering safepoint region: RevokeBias
[2019-12-08T11:33:42.266+0000][1][safepoint    ] Leaving safepoint region
[2019-12-08T11:33:42.266+0000][1][safepoint    ] Total time for which application threads were stopped: 0.0001015 seconds, Stopping threads took: 0.0000142 seconds
[2019-12-08T11:33:42.323+0000][1][safepoint    ] Application time: 0.0566861 seconds
[2019-12-08T11:33:42.323+0000][1][safepoint    ] Entering safepoint region: RevokeBias
[2019-12-08T11:33:42.323+0000][1][safepoint    ] Leaving safepoint region
[2019-12-08T11:33:42.323+0000][1][safepoint    ] Total time for which application threads were stopped: 0.0001457 seconds, Stopping threads took: 0.0000512 seconds
[2019-12-08T11:33:42.323+0000][1][safepoint    ] Application time: 0.0001880 seconds
[2019-12-08T11:33:42.323+0000][1][safepoint    ] Entering safepoint region: RevokeBias
[2019-12-08T11:33:42.323+0000][1][safepoint    ] Leaving safepoint region
[2019-12-08T11:33:42.323+0000][1][safepoint    ] Total time for which application threads were stopped: 0.0000801 seconds, Stopping threads took: 0.0000123 seconds
[2019-12-08T11:33:42.383+0000][1][safepoint    ] Application time: 0.0595880 seconds
[2019-12-08T11:33:42.383+0000][1][safepoint    ] Entering safepoint region: RevokeBias
[2019-12-08T11:33:42.383+0000][1][safepoint    ] Leaving safepoint region
[2019-12-08T11:33:42.383+0000][1][safepoint    ] Total time for which application threads were stopped: 0.0001130 seconds, Stopping threads took: 0.0000194 seconds
[2019-12-08T11:33:42.396+0000][1][safepoint    ] Application time: 0.0133357 seconds
[2019-12-08T11:33:42.396+0000][1][safepoint    ] Entering safepoint region: RevokeBias
[2019-12-08T11:33:42.397+0000][1][safepoint    ] Leaving safepoint region
[2019-12-08T11:33:42.397+0000][1][safepoint    ] Total time for which application threads were stopped: 0.0001197 seconds, Stopping threads took: 0.0000189 seconds
[2019-12-08T11:33:42.397+0000][1][safepoint    ] Application time: 0.0000650 seconds
[2019-12-08T11:33:42.397+0000][1][safepoint    ] Entering safepoint region: RevokeBias
[2019-12-08T11:33:42.397+0000][1][safepoint    ] Leaving safepoint region
[2019-12-08T11:33:42.397+0000][1][safepoint    ] Total time for which application threads were stopped: 0.0000962 seconds, Stopping threads took: 0.0000279 seconds
[2019-12-08T11:33:42.397+0000][1][safepoint    ] Application time: 0.0000608 seconds
[2019-12-08T11:33:42.397+0000][1][safepoint    ] Entering safepoint region: RevokeBias
[2019-12-08T11:33:42.397+0000][1][safepoint    ] Leaving safepoint region
[2019-12-08T11:33:42.397+0000][1][safepoint    ] Total time for which application threads were stopped: 0.0000624 seconds, Stopping threads took: 0.0000092 seconds
[2019-12-08T11:33:42.398+0000][1][safepoint    ] Application time: 0.0010392 seconds
[2019-12-08T11:33:42.398+0000][1][safepoint    ] Entering safepoint region: RevokeBias
[2019-12-08T11:33:42.398+0000][1][safepoint    ] Leaving safepoint region
[2019-12-08T11:33:42.398+0000][1][safepoint    ] Total time for which application threads were stopped: 0.0000901 seconds, Stopping threads took: 0.0000151 seconds
[2019-12-08T11:33:42.398+0000][1][safepoint    ] Application time: 0.0001416 seconds
[2019-12-08T11:33:42.398+0000][1][safepoint    ] Entering safepoint region: RevokeBias
[2019-12-08T11:33:42.398+0000][1][safepoint    ] Leaving safepoint region
[2019-12-08T11:33:42.398+0000][1][safepoint    ] Total time for which application threads were stopped: 0.0000671 seconds, Stopping threads took: 0.0000103 seconds
[2019-12-08T11:33:42.398+0000][1][safepoint    ] Application time: 0.0000582 seconds
[2019-12-08T11:33:42.398+0000][1][safepoint    ] Entering safepoint region: RevokeBias
[2019-12-08T11:33:42.398+0000][1][safepoint    ] Leaving safepoint region
[2019-12-08T11:33:42.398+0000][1][safepoint    ] Total time for which application threads were stopped: 0.0000616 seconds, Stopping threads took: 0.0000097 seconds
[2019-12-08T11:33:42.550+0000][1][safepoint    ] Application time: 0.1516467 seconds
[2019-12-08T11:33:42.550+0000][1][safepoint    ] Entering safepoint region: RevokeBias
[2019-12-08T11:33:42.550+0000][1][safepoint    ] Leaving safepoint region
[2019-12-08T11:33:42.550+0000][1][safepoint    ] Total time for which application threads were stopped: 0.0001396 seconds, Stopping threads took: 0.0000222 seconds
[2019-12-08T11:33:42.740+0000][1][safepoint    ] Application time: 0.1899117 seconds
[2019-12-08T11:33:42.740+0000][1][safepoint    ] Entering safepoint region: RevokeBias
[2019-12-08T11:33:42.740+0000][1][safepoint    ] Leaving safepoint region
[2019-12-08T11:33:42.740+0000][1][safepoint    ] Total time for which application threads were stopped: 0.0001456 seconds, Stopping threads took: 0.0000240 seconds
[2019-12-08T11:33:42.768+0000][1][safepoint    ] Application time: 0.0277239 seconds
[2019-12-08T11:33:42.769+0000][1][safepoint    ] Entering safepoint region: RevokeBias
[2019-12-08T11:33:42.769+0000][1][safepoint    ] Leaving safepoint region
[2019-12-08T11:33:42.769+0000][1][safepoint    ] Total time for which application threads were stopped: 0.0010974 seconds, Stopping threads took: 0.0010074 seconds
[2019-12-08T11:33:42.774+0000][1][safepoint    ] Application time: 0.0046187 seconds
[2019-12-08T11:33:42.774+0000][1][safepoint    ] Entering safepoint region: RevokeBias
[2019-12-08T11:33:42.774+0000][1][safepoint    ] Leaving safepoint region
[2019-12-08T11:33:42.774+0000][1][safepoint    ] Total time for which application threads were stopped: 0.0001506 seconds, Stopping threads took: 0.0000620 seconds
[2019-12-08T11:33:42.774+0000][1][safepoint    ] Application time: 0.0002662 seconds
[2019-12-08T11:33:42.774+0000][1][safepoint    ] Entering safepoint region: RevokeBias
[2019-12-08T11:33:42.774+0000][1][safepoint    ] Leaving safepoint region
[2019-12-08T11:33:42.774+0000][1][safepoint    ] Total time for which application threads were stopped: 0.0000734 seconds, Stopping threads took: 0.0000142 seconds
[2019-12-08T11:33:42.774+0000][1][safepoint    ] Application time: 0.0000699 seconds
[2019-12-08T11:33:42.774+0000][1][safepoint    ] Entering safepoint region: RevokeBias
[2019-12-08T11:33:42.775+0000][1][safepoint    ] Leaving safepoint region
[2019-12-08T11:33:42.775+0000][1][safepoint    ] Total time for which application threads were stopped: 0.0000636 seconds, Stopping threads took: 0.0000103 seconds
[2019-12-08T11:33:42.775+0000][1][safepoint    ] Application time: 0.0002192 seconds
[2019-12-08T11:33:42.775+0000][1][safepoint    ] Entering safepoint region: RevokeBias
[2019-12-08T11:33:42.775+0000][1][safepoint    ] Leaving safepoint region
[2019-12-08T11:33:42.775+0000][1][safepoint    ] Total time for which application threads were stopped: 0.0000680 seconds, Stopping threads took: 0.0000141 seconds
[2019-12-08T11:33:42.776+0000][1][safepoint    ] Application time: 0.0015608 seconds
[2019-12-08T11:33:42.776+0000][1][safepoint    ] Entering safepoint region: RevokeBias
[2019-12-08T11:33:42.777+0000][1][safepoint    ] Leaving safepoint region
[2019-12-08T11:33:42.777+0000][1][safepoint    ] Total time for which application threads were stopped: 0.0000672 seconds, Stopping threads took: 0.0000146 seconds
[2019-12-08T11:33:42.794+0000][1][safepoint    ] Application time: 0.0174703 seconds
[2019-12-08T11:33:42.794+0000][1][safepoint    ] Entering safepoint region: RevokeBias
[2019-12-08T11:33:42.794+0000][1][safepoint    ] Leaving safepoint region
[2019-12-08T11:33:42.794+0000][1][safepoint    ] Total time for which application threads were stopped: 0.0002829 seconds, Stopping threads took: 0.0002133 seconds
[2019-12-08T11:33:42.801+0000][1][safepoint    ] Application time: 0.0061983 seconds
[2019-12-08T11:33:42.801+0000][1][safepoint    ] Entering safepoint region: BulkRevokeBias
[2019-12-08T11:33:42.801+0000][1][safepoint    ] Leaving safepoint region
[2019-12-08T11:33:42.801+0000][1][safepoint    ] Total time for which application threads were stopped: 0.0005856 seconds, Stopping threads took: 0.0000693 seconds
[2019-12-08T11:33:42.807+0000][1][safepoint    ] Application time: 0.0057275 seconds
[2019-12-08T11:33:42.807+0000][1][safepoint    ] Entering safepoint region: RevokeBias
[2019-12-08T11:33:42.807+0000][1][safepoint    ] Leaving safepoint region
[2019-12-08T11:33:42.807+0000][1][safepoint    ] Total time for which application threads were stopped: 0.0000824 seconds, Stopping threads took: 0.0000143 seconds
[2019-12-08T11:33:43.064+0000][1][safepoint    ] Application time: 0.2567498 seconds
[2019-12-08T11:33:43.064+0000][1][safepoint    ] Entering safepoint region: Deoptimize
[2019-12-08T11:33:43.064+0000][1][safepoint    ] Leaving safepoint region
[2019-12-08T11:33:43.065+0000][1][safepoint    ] Total time for which application threads were stopped: 0.0007483 seconds, Stopping threads took: 0.0000219 seconds
[2019-12-08T11:33:43.415+0000][1][safepoint    ] Application time: 0.3502326 seconds
[2019-12-08T11:33:43.415+0000][1][safepoint    ] Entering safepoint region: BulkRevokeBias
[2019-12-08T11:33:43.415+0000][1][safepoint    ] Leaving safepoint region
[2019-12-08T11:33:43.415+0000][1][safepoint    ] Total time for which application threads were stopped: 0.0004974 seconds, Stopping threads took: 0.0000210 seconds
[2019-12-08T11:33:43.512+0000][1][safepoint    ] Application time: 0.0966642 seconds
[2019-12-08T11:33:43.512+0000][1][safepoint    ] Entering safepoint region: RevokeBias
[2019-12-08T11:33:43.512+0000][1][safepoint    ] Leaving safepoint region
[2019-12-08T11:33:43.512+0000][1][safepoint    ] Total time for which application threads were stopped: 0.0001129 seconds, Stopping threads took: 0.0000242 seconds
[2019-12-08T11:33:43.512+0000][1][safepoint    ] Application time: 0.0003299 seconds
[2019-12-08T11:33:43.512+0000][1][safepoint    ] Entering safepoint region: RevokeBias
[2019-12-08T11:33:43.513+0000][1][safepoint    ] Leaving safepoint region
[2019-12-08T11:33:43.513+0000][1][safepoint    ] Total time for which application threads were stopped: 0.0000857 seconds, Stopping threads took: 0.0000174 seconds
[2019-12-08T11:33:43.624+0000][1][safepoint    ] Application time: 0.1115821 seconds
[2019-12-08T11:33:43.624+0000][1][safepoint    ] Entering safepoint region: RevokeBias
[2019-12-08T11:33:43.624+0000][1][safepoint    ] Leaving safepoint region
[2019-12-08T11:33:43.624+0000][1][safepoint    ] Total time for which application threads were stopped: 0.0001716 seconds, Stopping threads took: 0.0000681 seconds
[2019-12-08T11:33:43.625+0000][1][safepoint    ] Application time: 0.0009861 seconds
[2019-12-08T11:33:43.625+0000][1][safepoint    ] Entering safepoint region: RevokeBias
[2019-12-08T11:33:43.625+0000][1][safepoint    ] Leaving safepoint region
[2019-12-08T11:33:43.625+0000][1][safepoint    ] Total time for which application threads were stopped: 0.0000774 seconds, Stopping threads took: 0.0000174 seconds
[2019-12-08T11:33:43.637+0000][1][safepoint    ] Application time: 0.0119777 seconds
[2019-12-08T11:33:43.637+0000][1][safepoint    ] Entering safepoint region: RevokeBias
[2019-12-08T11:33:43.638+0000][1][safepoint    ] Leaving safepoint region
[2019-12-08T11:33:43.638+0000][1][safepoint    ] Total time for which application threads were stopped: 0.0000875 seconds, Stopping threads took: 0.0000198 seconds
[2019-12-08T11:33:43.638+0000][1][safepoint    ] Application time: 0.0000618 seconds
[2019-12-08T11:33:43.638+0000][1][safepoint    ] Entering safepoint region: RevokeBias
[2019-12-08T11:33:43.638+0000][1][safepoint    ] Leaving safepoint region
[2019-12-08T11:33:43.638+0000][1][safepoint    ] Total time for which application threads were stopped: 0.0000506 seconds, Stopping threads took: 0.0000098 seconds
[2019-12-08T11:33:43.638+0000][1][safepoint    ] Application time: 0.0003031 seconds
[2019-12-08T11:33:43.638+0000][1][safepoint    ] Entering safepoint region: RevokeBias
[2019-12-08T11:33:43.638+0000][1][safepoint    ] Leaving safepoint region
[2019-12-08T11:33:43.638+0000][1][safepoint    ] Total time for which application threads were stopped: 0.0000695 seconds, Stopping threads took: 0.0000151 seconds
[2019-12-08T11:33:43.638+0000][1][safepoint    ] Application time: 0.0000589 seconds
[2019-12-08T11:33:43.638+0000][1][safepoint    ] Entering safepoint region: RevokeBias
[2019-12-08T11:33:43.638+0000][1][safepoint    ] Leaving safepoint region
[2019-12-08T11:33:43.638+0000][1][safepoint    ] Total time for which application threads were stopped: 0.0000530 seconds, Stopping threads took: 0.0000097 seconds
[2019-12-08T11:33:43.638+0000][1][safepoint    ] Application time: 0.0000528 seconds
[2019-12-08T11:33:43.638+0000][1][safepoint    ] Entering safepoint region: RevokeBias
[2019-12-08T11:33:43.638+0000][1][safepoint    ] Leaving safepoint region
[2019-12-08T11:33:43.638+0000][1][safepoint    ] Total time for which application threads were stopped: 0.0000521 seconds, Stopping threads took: 0.0000097 seconds
[2019-12-08T11:33:43.638+0000][1][safepoint    ] Application time: 0.0000519 seconds
[2019-12-08T11:33:43.638+0000][1][safepoint    ] Entering safepoint region: RevokeBias
[2019-12-08T11:33:43.638+0000][1][safepoint    ] Leaving safepoint region
[2019-12-08T11:33:43.638+0000][1][safepoint    ] Total time for which application threads were stopped: 0.0000519 seconds, Stopping threads took: 0.0000098 seconds
[2019-12-08T11:33:43.638+0000][1][safepoint    ] Application time: 0.0000512 seconds
[2019-12-08T11:33:43.638+0000][1][safepoint    ] Entering safepoint region: RevokeBias
[2019-12-08T11:33:43.639+0000][1][safepoint    ] Leaving safepoint region
[2019-12-08T11:33:43.639+0000][1][safepoint    ] Total time for which application threads were stopped: 0.0000595 seconds, Stopping threads took: 0.0000097 seconds
[2019-12-08T11:33:43.639+0000][1][safepoint    ] Application time: 0.0000440 seconds
[2019-12-08T11:33:43.639+0000][1][safepoint    ] Entering safepoint region: RevokeBias
[2019-12-08T11:33:43.639+0000][1][safepoint    ] Leaving safepoint region
[2019-12-08T11:33:43.639+0000][1][safepoint    ] Total time for which application threads were stopped: 0.0000450 seconds, Stopping threads took: 0.0000084 seconds
[2019-12-08T11:33:43.728+0000][1][safepoint    ] Application time: 0.0889359 seconds
[2019-12-08T11:33:43.728+0000][1][safepoint    ] Entering safepoint region: RevokeBias
[2019-12-08T11:33:43.728+0000][1][safepoint    ] Leaving safepoint region
[2019-12-08T11:33:43.728+0000][1][safepoint    ] Total time for which application threads were stopped: 0.0001536 seconds, Stopping threads took: 0.0000211 seconds
[2019-12-08T11:33:43.790+0000][1][safepoint    ] Application time: 0.0620524 seconds
[2019-12-08T11:33:43.790+0000][1][safepoint    ] Entering safepoint region: RevokeBias
[2019-12-08T11:33:43.790+0000][1][safepoint    ] Leaving safepoint region
[2019-12-08T11:33:43.790+0000][1][safepoint    ] Total time for which application threads were stopped: 0.0001270 seconds, Stopping threads took: 0.0000212 seconds
[2019-12-08T11:33:43.793+0000][1][safepoint    ] Application time: 0.0032469 seconds
[2019-12-08T11:33:43.793+0000][1][safepoint    ] Entering safepoint region: RevokeBias
[2019-12-08T11:33:43.793+0000][1][safepoint    ] Leaving safepoint region
[2019-12-08T11:33:43.793+0000][1][safepoint    ] Total time for which application threads were stopped: 0.0000951 seconds, Stopping threads took: 0.0000185 seconds
[2019-12-08T11:33:44.796+0000][1][safepoint    ] Application time: 1.0023334 seconds
[2019-12-08T11:33:44.796+0000][1][safepoint    ] Entering safepoint region: Cleanup
[2019-12-08T11:33:44.796+0000][1][safepoint    ] Leaving safepoint region
[2019-12-08T11:33:44.796+0000][1][safepoint    ] Total time for which application threads were stopped: 0.0001210 seconds, Stopping threads took: 0.0000260 seconds
[2019-12-08T11:33:45.155+0000][1][safepoint    ] Application time: 0.3591963 seconds
[2019-12-08T11:33:45.174+0000][1][safepoint    ] Entering safepoint region: RevokeBias
[2019-12-08T11:33:45.174+0000][1][safepoint    ] Leaving safepoint region
[2019-12-08T11:33:45.174+0000][1][safepoint    ] Total time for which application threads were stopped: 0.0187326 seconds, Stopping threads took: 0.0186276 seconds
[2019-12-08T11:33:45.202+0000][1][safepoint    ] Application time: 0.0282623 seconds
[2019-12-08T11:33:45.208+0000][1][safepoint    ] Entering safepoint region: RevokeBias
[2019-12-08T11:33:45.208+0000][1][safepoint    ] Leaving safepoint region
[2019-12-08T11:33:45.208+0000][1][safepoint    ] Total time for which application threads were stopped: 0.0056924 seconds, Stopping threads took: 0.0055969 seconds
[2019-12-08T11:33:45.209+0000][1][safepoint    ] Application time: 0.0006873 seconds
[2019-12-08T11:33:45.209+0000][1][safepoint    ] Entering safepoint region: RevokeBias
[2019-12-08T11:33:45.209+0000][1][safepoint    ] Leaving safepoint region
[2019-12-08T11:33:45.209+0000][1][safepoint    ] Total time for which application threads were stopped: 0.0000871 seconds, Stopping threads took: 0.0000183 seconds
[2019-12-08T11:33:46.210+0000][1][safepoint    ] Application time: 1.0010599 seconds
[2019-12-08T11:33:46.210+0000][1][safepoint    ] Entering safepoint region: Cleanup
[2019-12-08T11:33:46.210+0000][1][safepoint    ] Leaving safepoint region
[2019-12-08T11:33:46.210+0000][1][safepoint    ] Total time for which application threads were stopped: 0.0001214 seconds, Stopping threads took: 0.0000251 seconds
[2019-12-08T11:33:47.214+0000][1][safepoint    ] Application time: 1.0045872 seconds
[2019-12-08T11:33:47.215+0000][1][safepoint    ] Entering safepoint region: Cleanup
[2019-12-08T11:33:47.215+0000][1][safepoint    ] Leaving safepoint region
[2019-12-08T11:33:47.215+0000][1][safepoint    ] Total time for which application threads were stopped: 0.0001262 seconds, Stopping threads took: 0.0000254 seconds
[2019-12-08T11:33:48.221+0000][1][safepoint    ] Application time: 1.0062843 seconds
[2019-12-08T11:33:48.221+0000][1][safepoint    ] Entering safepoint region: Cleanup
[2019-12-08T11:33:48.221+0000][1][safepoint    ] Leaving safepoint region
[2019-12-08T11:33:48.221+0000][1][safepoint    ] Total time for which application threads were stopped: 0.0001209 seconds, Stopping threads took: 0.0000276 seconds
[2019-12-08T11:33:50.223+0000][1][safepoint    ] Application time: 2.0016968 seconds
[2019-12-08T11:33:50.223+0000][1][safepoint    ] Entering safepoint region: Cleanup
[2019-12-08T11:33:50.223+0000][1][safepoint    ] Leaving safepoint region
[2019-12-08T11:33:50.223+0000][1][safepoint    ] Total time for which application threads were stopped: 0.0001313 seconds, Stopping threads took: 0.0000276 seconds
[2019-12-08T11:33:52.225+0000][1][safepoint    ] Application time: 2.0017509 seconds
[2019-12-08T11:33:52.225+0000][1][safepoint    ] Entering safepoint region: Cleanup
[2019-12-08T11:33:52.225+0000][1][safepoint    ] Leaving safepoint region
[2019-12-08T11:33:52.225+0000][1][safepoint    ] Total time for which application threads were stopped: 0.0001360 seconds, Stopping threads took: 0.0000367 seconds
[2019-12-08T11:33:53.225+0000][1][safepoint    ] Application time: 1.0000918 seconds
[2019-12-08T11:33:53.225+0000][1][safepoint    ] Entering safepoint region: Cleanup
[2019-12-08T11:33:53.225+0000][1][safepoint    ] Leaving safepoint region
[2019-12-08T11:33:53.225+0000][1][safepoint    ] Total time for which application threads were stopped: 0.0001293 seconds, Stopping threads took: 0.0000275 seconds
[2019-12-08T11:33:54.225+0000][1][safepoint    ] Application time: 1.0001770 seconds
[2019-12-08T11:33:54.225+0000][1][safepoint    ] Entering safepoint region: Cleanup
[2019-12-08T11:33:54.226+0000][1][safepoint    ] Leaving safepoint region
[2019-12-08T11:33:54.226+0000][1][safepoint    ] Total time for which application threads were stopped: 0.0001275 seconds, Stopping threads took: 0.0000263 seconds
[2019-12-08T11:33:55.227+0000][1][safepoint    ] Application time: 1.0011562 seconds
[2019-12-08T11:33:55.227+0000][1][safepoint    ] Entering safepoint region: Cleanup
[2019-12-08T11:33:55.227+0000][1][safepoint    ] Leaving safepoint region
[2019-12-08T11:33:55.227+0000][1][safepoint    ] Total time for which application threads were stopped: 0.0001298 seconds, Stopping threads took: 0.0000270 seconds
[2019-12-08T11:33:56.228+0000][1][safepoint    ] Application time: 1.0008137 seconds
[2019-12-08T11:33:56.228+0000][1][safepoint    ] Entering safepoint region: Cleanup
[2019-12-08T11:33:56.228+0000][1][safepoint    ] Leaving safepoint region
[2019-12-08T11:33:56.228+0000][1][safepoint    ] Total time for which application threads were stopped: 0.0001126 seconds, Stopping threads took: 0.0000248 seconds
[2019-12-08T11:33:58.232+0000][1][safepoint    ] Application time: 2.0041521 seconds
[2019-12-08T11:33:58.232+0000][1][safepoint    ] Entering safepoint region: Cleanup
[2019-12-08T11:33:58.232+0000][1][safepoint    ] Leaving safepoint region
[2019-12-08T11:33:58.232+0000][1][safepoint    ] Total time for which application threads were stopped: 0.0001198 seconds, Stopping threads took: 0.0000239 seconds
[2019-12-08T11:33:59.233+0000][1][safepoint    ] Application time: 1.0009248 seconds
[2019-12-08T11:33:59.233+0000][1][safepoint    ] Entering safepoint region: Cleanup
[2019-12-08T11:33:59.233+0000][1][safepoint    ] Leaving safepoint region
[2019-12-08T11:33:59.233+0000][1][safepoint    ] Total time for which application threads were stopped: 0.0001343 seconds, Stopping threads took: 0.0000236 seconds
[2019-12-08T11:34:00.233+0000][1][safepoint    ] Application time: 1.0000805 seconds
[2019-12-08T11:34:00.233+0000][1][safepoint    ] Entering safepoint region: Cleanup
[2019-12-08T11:34:00.233+0000][1][safepoint    ] Leaving safepoint region
[2019-12-08T11:34:00.233+0000][1][safepoint    ] Total time for which application threads were stopped: 0.0000837 seconds, Stopping threads took: 0.0000162 seconds
[2019-12-08T11:34:01.234+0000][1][safepoint    ] Application time: 1.0000756 seconds
[2019-12-08T11:34:01.234+0000][1][safepoint    ] Entering safepoint region: Cleanup
[2019-12-08T11:34:01.234+0000][1][safepoint    ] Leaving safepoint region
[2019-12-08T11:34:01.234+0000][1][safepoint    ] Total time for which application threads were stopped: 0.0001018 seconds, Stopping threads took: 0.0000195 seconds
[2019-12-08T11:34:03.234+0000][1][safepoint    ] Application time: 2.0001514 seconds
[2019-12-08T11:34:03.234+0000][1][safepoint    ] Entering safepoint region: Cleanup
[2019-12-08T11:34:03.234+0000][1][safepoint    ] Leaving safepoint region
[2019-12-08T11:34:03.234+0000][1][safepoint    ] Total time for which application threads were stopped: 0.0001061 seconds, Stopping threads took: 0.0000255 seconds
[2019-12-08T11:34:04.234+0000][1][safepoint    ] Application time: 1.0000756 seconds
[2019-12-08T11:34:04.234+0000][1][safepoint    ] Entering safepoint region: Cleanup
[2019-12-08T11:34:04.234+0000][1][safepoint    ] Leaving safepoint region
[2019-12-08T11:34:04.234+0000][1][safepoint    ] Total time for which application threads were stopped: 0.0000875 seconds, Stopping threads took: 0.0000171 seconds
[2019-12-08T11:34:05.234+0000][1][safepoint    ] Application time: 1.0000761 seconds
[2019-12-08T11:34:05.234+0000][1][safepoint    ] Entering safepoint region: Cleanup
[2019-12-08T11:34:05.234+0000][1][safepoint    ] Leaving safepoint region
[2019-12-08T11:34:05.234+0000][1][safepoint    ] Total time for which application threads were stopped: 0.0000850 seconds, Stopping threads took: 0.0000162 seconds
[2019-12-08T11:34:07.235+0000][1][safepoint    ] Application time: 2.0001476 seconds
[2019-12-08T11:34:07.235+0000][1][safepoint    ] Entering safepoint region: Cleanup
[2019-12-08T11:34:07.235+0000][1][safepoint    ] Leaving safepoint region
[2019-12-08T11:34:07.235+0000][1][safepoint    ] Total time for which application threads were stopped: 0.0000894 seconds, Stopping threads took: 0.0000170 seconds
[2019-12-08T11:34:09.235+0000][1][safepoint    ] Application time: 2.0001538 seconds
[2019-12-08T11:34:09.235+0000][1][safepoint    ] Entering safepoint region: Cleanup
[2019-12-08T11:34:09.235+0000][1][safepoint    ] Leaving safepoint region
[2019-12-08T11:34:09.235+0000][1][safepoint    ] Total time for which application threads were stopped: 0.0000879 seconds, Stopping threads took: 0.0000173 seconds
[2019-12-08T11:34:13.235+0000][1][safepoint    ] Application time: 4.0002784 seconds
[2019-12-08T11:34:13.235+0000][1][safepoint    ] Entering safepoint region: Cleanup
[2019-12-08T11:34:13.235+0000][1][safepoint    ] Leaving safepoint region
[2019-12-08T11:34:13.235+0000][1][safepoint    ] Total time for which application threads were stopped: 0.0000904 seconds, Stopping threads took: 0.0000168 seconds
[2019-12-08T11:34:14.235+0000][1][safepoint    ] Application time: 1.0000783 seconds
[2019-12-08T11:34:14.235+0000][1][safepoint    ] Entering safepoint region: Cleanup
[2019-12-08T11:34:14.236+0000][1][safepoint    ] Leaving safepoint region
[2019-12-08T11:34:14.236+0000][1][safepoint    ] Total time for which application threads were stopped: 0.0000906 seconds, Stopping threads took: 0.0000165 seconds
[2019-12-08T11:34:16.236+0000][1][safepoint    ] Application time: 2.0001214 seconds
[2019-12-08T11:34:16.236+0000][1][safepoint    ] Entering safepoint region: Cleanup
[2019-12-08T11:34:16.236+0000][1][safepoint    ] Leaving safepoint region
[2019-12-08T11:34:16.236+0000][1][safepoint    ] Total time for which application threads were stopped: 0.0000904 seconds, Stopping threads took: 0.0000170 seconds
[2019-12-08T11:34:17.236+0000][1][safepoint    ] Application time: 1.0000762 seconds
[2019-12-08T11:34:17.236+0000][1][safepoint    ] Entering safepoint region: Cleanup
[2019-12-08T11:34:17.236+0000][1][safepoint    ] Leaving safepoint region
[2019-12-08T11:34:17.236+0000][1][safepoint    ] Total time for which application threads were stopped: 0.0000871 seconds, Stopping threads took: 0.0000155 seconds
[2019-12-08T11:34:18.236+0000][1][safepoint    ] Application time: 1.0000759 seconds
[2019-12-08T11:34:18.236+0000][1][safepoint    ] Entering safepoint region: Cleanup
[2019-12-08T11:34:18.236+0000][1][safepoint    ] Leaving safepoint region
[2019-12-08T11:34:18.236+0000][1][safepoint    ] Total time for which application threads were stopped: 0.0000901 seconds, Stopping threads took: 0.0000184 seconds
[2019-12-08T11:34:19.236+0000][1][safepoint    ] Application time: 1.0000786 seconds
[2019-12-08T11:34:19.236+0000][1][safepoint    ] Entering safepoint region: Cleanup
[2019-12-08T11:34:19.236+0000][1][safepoint    ] Leaving safepoint region
[2019-12-08T11:34:19.236+0000][1][safepoint    ] Total time for which application threads were stopped: 0.0000847 seconds, Stopping threads took: 0.0000168 seconds
[2019-12-08T11:34:20.237+0000][1][safepoint    ] Application time: 1.0000887 seconds
[2019-12-08T11:34:20.237+0000][1][safepoint    ] Entering safepoint region: Cleanup
[2019-12-08T11:34:20.237+0000][1][safepoint    ] Leaving safepoint region
[2019-12-08T11:34:20.237+0000][1][safepoint    ] Total time for which application threads were stopped: 0.0001159 seconds, Stopping threads took: 0.0000232 seconds
[2019-12-08T11:34:22.237+0000][1][safepoint    ] Application time: 2.0001561 seconds
[2019-12-08T11:34:22.237+0000][1][safepoint    ] Entering safepoint region: Cleanup
[2019-12-08T11:34:22.237+0000][1][safepoint    ] Leaving safepoint region
[2019-12-08T11:34:22.237+0000][1][safepoint    ] Total time for which application threads were stopped: 0.0000857 seconds, Stopping threads took: 0.0000157 seconds
[2019-12-08T11:34:24.237+0000][1][safepoint    ] Application time: 2.0001448 seconds
[2019-12-08T11:34:24.237+0000][1][safepoint    ] Entering safepoint region: Cleanup
[2019-12-08T11:34:24.237+0000][1][safepoint    ] Leaving safepoint region
[2019-12-08T11:34:24.237+0000][1][safepoint    ] Total time for which application threads were stopped: 0.0001145 seconds, Stopping threads took: 0.0000461 seconds
[2019-12-08T11:34:27.238+0000][1][safepoint    ] Application time: 3.0002320 seconds
[2019-12-08T11:34:27.238+0000][1][safepoint    ] Entering safepoint region: Cleanup
[2019-12-08T11:34:27.238+0000][1][safepoint    ] Leaving safepoint region
[2019-12-08T11:34:27.238+0000][1][safepoint    ] Total time for which application threads were stopped: 0.0000911 seconds, Stopping threads took: 0.0000169 seconds
[2019-12-08T11:34:28.238+0000][1][safepoint    ] Application time: 1.0000819 seconds
[2019-12-08T11:34:28.238+0000][1][safepoint    ] Entering safepoint region: Cleanup
[2019-12-08T11:34:28.238+0000][1][safepoint    ] Leaving safepoint region
[2019-12-08T11:34:28.238+0000][1][safepoint    ] Total time for which application threads were stopped: 0.0000975 seconds, Stopping threads took: 0.0000177 seconds
[2019-12-08T11:34:28.647+0000][1][safepoint    ] Application time: 0.4096035 seconds
[2019-12-08T11:34:28.647+0000][1][safepoint    ] Entering safepoint region: GenCollectForAllocation
[2019-12-08T11:34:28.648+0000][1][gc,start     ] GC(24) Pause Young (Allocation Failure)
[2019-12-08T11:34:28.648+0000][1][gc,task      ] GC(24) Using 4 workers of 4 for evacuation
[2019-12-08T11:34:28.656+0000][1][gc,age       ] GC(24) Desired survivor size 4456448 bytes, new threshold 2 (max threshold 6)
[2019-12-08T11:34:28.656+0000][1][gc,age       ] GC(24) Age table with threshold 2 (max threshold 6)
[2019-12-08T11:34:28.656+0000][1][gc,age       ] GC(24) - age   1:    1450192 bytes,    1450192 total
[2019-12-08T11:34:28.656+0000][1][gc,age       ] GC(24) - age   2:    3243760 bytes,    4693952 total
[2019-12-08T11:34:28.656+0000][1][gc,heap      ] GC(24) ParNew: 76870K->6336K(78656K)
[2019-12-08T11:34:28.656+0000][1][gc,heap      ] GC(24) CMS: 62775K->64749K(174784K)
[2019-12-08T11:34:28.657+0000][1][gc,metaspace ] GC(24) Metaspace: 67439K->67439K(1110016K)
[2019-12-08T11:34:28.657+0000][1][gc           ] GC(24) Pause Young (Allocation Failure) 136M->69M(247M) 8.904ms
[2019-12-08T11:34:28.657+0000][1][gc,cpu       ] GC(24) User=0.03s Sys=0.00s Real=0.01s
[2019-12-08T11:34:28.657+0000][1][safepoint    ] Leaving safepoint region
[2019-12-08T11:34:28.657+0000][1][safepoint    ] Total time for which application threads were stopped: 0.0090758 seconds, Stopping threads took: 0.0000171 seconds
[2019-12-08T11:34:34.657+0000][1][safepoint    ] Application time: 6.0004351 seconds
[2019-12-08T11:34:34.657+0000][1][safepoint    ] Entering safepoint region: Cleanup
[2019-12-08T11:34:34.657+0000][1][safepoint    ] Leaving safepoint region
[2019-12-08T11:34:34.657+0000][1][safepoint    ] Total time for which application threads were stopped: 0.0000899 seconds, Stopping threads took: 0.0000173 seconds
[2019-12-08T11:34:37.657+0000][1][safepoint    ] Application time: 3.0002250 seconds
[2019-12-08T11:34:37.657+0000][1][safepoint    ] Entering safepoint region: Cleanup
[2019-12-08T11:34:37.657+0000][1][safepoint    ] Leaving safepoint region
[2019-12-08T11:34:37.657+0000][1][safepoint    ] Total time for which application threads were stopped: 0.0000952 seconds, Stopping threads took: 0.0000193 seconds
[2019-12-08T11:34:38.658+0000][1][safepoint    ] Application time: 1.0000786 seconds
[2019-12-08T11:34:38.658+0000][1][safepoint    ] Entering safepoint region: Cleanup
[2019-12-08T11:34:38.658+0000][1][safepoint    ] Leaving safepoint region
[2019-12-08T11:34:38.658+0000][1][safepoint    ] Total time for which application threads were stopped: 0.0001123 seconds, Stopping threads took: 0.0000181 seconds
[2019-12-08T11:34:39.658+0000][1][safepoint    ] Application time: 1.0000789 seconds
[2019-12-08T11:34:39.658+0000][1][safepoint    ] Entering safepoint region: Cleanup
[2019-12-08T11:34:39.658+0000][1][safepoint    ] Leaving safepoint region
[2019-12-08T11:34:39.658+0000][1][safepoint    ] Total time for which application threads were stopped: 0.0000907 seconds, Stopping threads took: 0.0000171 seconds
[2019-12-08T11:34:42.658+0000][1][safepoint    ] Application time: 3.0002100 seconds
[2019-12-08T11:34:42.658+0000][1][safepoint    ] Entering safepoint region: Cleanup
[2019-12-08T11:34:42.658+0000][1][safepoint    ] Leaving safepoint region
[2019-12-08T11:34:42.658+0000][1][safepoint    ] Total time for which application threads were stopped: 0.0000870 seconds, Stopping threads took: 0.0000174 seconds
[2019-12-08T11:34:44.658+0000][1][safepoint    ] Application time: 2.0001454 seconds
[2019-12-08T11:34:44.658+0000][1][safepoint    ] Entering safepoint region: Cleanup
[2019-12-08T11:34:44.659+0000][1][safepoint    ] Leaving safepoint region
[2019-12-08T11:34:44.659+0000][1][safepoint    ] Total time for which application threads were stopped: 0.0000804 seconds, Stopping threads took: 0.0000162 seconds
[2019-12-08T11:34:45.659+0000][1][safepoint    ] Application time: 1.0000789 seconds
[2019-12-08T11:34:45.659+0000][1][safepoint    ] Entering safepoint region: Cleanup
[2019-12-08T11:34:45.659+0000][1][safepoint    ] Leaving safepoint region
[2019-12-08T11:34:45.659+0000][1][safepoint    ] Total time for which application threads were stopped: 0.0000967 seconds, Stopping threads took: 0.0000165 seconds
[2019-12-08T11:34:46.659+0000][1][safepoint    ] Application time: 1.0000770 seconds
[2019-12-08T11:34:46.659+0000][1][safepoint    ] Entering safepoint region: Cleanup
[2019-12-08T11:34:46.659+0000][1][safepoint    ] Leaving safepoint region
[2019-12-08T11:34:46.659+0000][1][safepoint    ] Total time for which application threads were stopped: 0.0000858 seconds, Stopping threads took: 0.0000179 seconds
[2019-12-08T11:34:48.659+0000][1][safepoint    ] Application time: 2.0001457 seconds
[2019-12-08T11:34:48.659+0000][1][safepoint    ] Entering safepoint region: Cleanup
[2019-12-08T11:34:48.659+0000][1][safepoint    ] Leaving safepoint region
[2019-12-08T11:34:48.659+0000][1][safepoint    ] Total time for which application threads were stopped: 0.0000912 seconds, Stopping threads took: 0.0000199 seconds
[2019-12-08T11:34:49.659+0000][1][safepoint    ] Application time: 1.0000787 seconds
[2019-12-08T11:34:49.659+0000][1][safepoint    ] Entering safepoint region: Cleanup
[2019-12-08T11:34:49.659+0000][1][safepoint    ] Leaving safepoint region
[2019-12-08T11:34:49.659+0000][1][safepoint    ] Total time for which application threads were stopped: 0.0000935 seconds, Stopping threads took: 0.0000180 seconds
[2019-12-08T11:34:52.660+0000][1][safepoint    ] Application time: 3.0002244 seconds
[2019-12-08T11:34:52.660+0000][1][safepoint    ] Entering safepoint region: Cleanup
[2019-12-08T11:34:52.660+0000][1][safepoint    ] Leaving safepoint region
[2019-12-08T11:34:52.660+0000][1][safepoint    ] Total time for which application threads were stopped: 0.0001212 seconds, Stopping threads took: 0.0000470 seconds
[2019-12-08T11:34:55.660+0000][1][safepoint    ] Application time: 3.0002137 seconds
[2019-12-08T11:34:55.660+0000][1][safepoint    ] Entering safepoint region: Cleanup
[2019-12-08T11:34:55.660+0000][1][safepoint    ] Leaving safepoint region
[2019-12-08T11:34:55.660+0000][1][safepoint    ] Total time for which application threads were stopped: 0.0000998 seconds, Stopping threads took: 0.0000261 seconds
[2019-12-08T11:34:56.660+0000][1][safepoint    ] Application time: 1.0000771 seconds
[2019-12-08T11:34:56.660+0000][1][safepoint    ] Entering safepoint region: Cleanup
[2019-12-08T11:34:56.660+0000][1][safepoint    ] Leaving safepoint region
[2019-12-08T11:34:56.660+0000][1][safepoint    ] Total time for which application threads were stopped: 0.0000892 seconds, Stopping threads took: 0.0000175 seconds
[2019-12-08T11:34:58.660+0000][1][safepoint    ] Application time: 2.0001425 seconds
[2019-12-08T11:34:58.661+0000][1][safepoint    ] Entering safepoint region: Cleanup
[2019-12-08T11:34:58.661+0000][1][safepoint    ] Leaving safepoint region
[2019-12-08T11:34:58.661+0000][1][safepoint    ] Total time for which application threads were stopped: 0.0000867 seconds, Stopping threads took: 0.0000184 seconds
[2019-12-08T11:34:59.661+0000][1][safepoint    ] Application time: 1.0000850 seconds
[2019-12-08T11:34:59.661+0000][1][safepoint    ] Entering safepoint region: Cleanup
[2019-12-08T11:34:59.661+0000][1][safepoint    ] Leaving safepoint region
[2019-12-08T11:34:59.661+0000][1][safepoint    ] Total time for which application threads were stopped: 0.0000869 seconds, Stopping threads took: 0.0000175 seconds
[2019-12-08T11:35:00.661+0000][1][safepoint    ] Application time: 1.0000815 seconds
[2019-12-08T11:35:00.661+0000][1][safepoint    ] Entering safepoint region: Cleanup
[2019-12-08T11:35:00.661+0000][1][safepoint    ] Leaving safepoint region
[2019-12-08T11:35:00.661+0000][1][safepoint    ] Total time for which application threads were stopped: 0.0000912 seconds, Stopping threads took: 0.0000174 seconds
[2019-12-08T11:35:02.661+0000][1][safepoint    ] Application time: 2.0001615 seconds
[2019-12-08T11:35:02.661+0000][1][safepoint    ] Entering safepoint region: Cleanup
[2019-12-08T11:35:02.661+0000][1][safepoint    ] Leaving safepoint region
[2019-12-08T11:35:02.661+0000][1][safepoint    ] Total time for which application threads were stopped: 0.0000934 seconds, Stopping threads took: 0.0000193 seconds
[2019-12-08T11:35:03.661+0000][1][safepoint    ] Application time: 1.0000833 seconds
[2019-12-08T11:35:03.661+0000][1][safepoint    ] Entering safepoint region: Cleanup
[2019-12-08T11:35:03.662+0000][1][safepoint    ] Leaving safepoint region
[2019-12-08T11:35:03.662+0000][1][safepoint    ] Total time for which application threads were stopped: 0.0000923 seconds, Stopping threads took: 0.0000191 seconds
[2019-12-08T11:35:07.662+0000][1][safepoint    ] Application time: 4.0002920 seconds
[2019-12-08T11:35:07.662+0000][1][safepoint    ] Entering safepoint region: Cleanup
[2019-12-08T11:35:07.662+0000][1][safepoint    ] Leaving safepoint region
[2019-12-08T11:35:07.662+0000][1][safepoint    ] Total time for which application threads were stopped: 0.0000883 seconds, Stopping threads took: 0.0000186 seconds
[2019-12-08T11:35:08.662+0000][1][safepoint    ] Application time: 1.0000792 seconds
[2019-12-08T11:35:08.662+0000][1][safepoint    ] Entering safepoint region: Cleanup
[2019-12-08T11:35:08.662+0000][1][safepoint    ] Leaving safepoint region
[2019-12-08T11:35:08.662+0000][1][safepoint    ] Total time for which application threads were stopped: 0.0000867 seconds, Stopping threads took: 0.0000175 seconds
[2019-12-08T11:35:10.662+0000][1][safepoint    ] Application time: 2.0001508 seconds
[2019-12-08T11:35:10.662+0000][1][safepoint    ] Entering safepoint region: Cleanup
[2019-12-08T11:35:10.662+0000][1][safepoint    ] Leaving safepoint region
[2019-12-08T11:35:10.662+0000][1][safepoint    ] Total time for which application threads were stopped: 0.0000914 seconds, Stopping threads took: 0.0000193 seconds
[2019-12-08T11:35:11.663+0000][1][safepoint    ] Application time: 1.0000797 seconds
[2019-12-08T11:35:11.663+0000][1][safepoint    ] Entering safepoint region: Cleanup
[2019-12-08T11:35:11.663+0000][1][safepoint    ] Leaving safepoint region
[2019-12-08T11:35:11.663+0000][1][safepoint    ] Total time for which application threads were stopped: 0.0000952 seconds, Stopping threads took: 0.0000194 seconds
[2019-12-08T11:35:13.663+0000][1][safepoint    ] Application time: 2.0001510 seconds
[2019-12-08T11:35:13.663+0000][1][safepoint    ] Entering safepoint region: Cleanup
[2019-12-08T11:35:13.663+0000][1][safepoint    ] Leaving safepoint region
[2019-12-08T11:35:13.663+0000][1][safepoint    ] Total time for which application threads were stopped: 0.0000905 seconds, Stopping threads took: 0.0000177 seconds
[2019-12-08T11:35:15.663+0000][1][safepoint    ] Application time: 2.0001490 seconds
[2019-12-08T11:35:15.663+0000][1][safepoint    ] Entering safepoint region: Cleanup
[2019-12-08T11:35:15.663+0000][1][safepoint    ] Leaving safepoint region
[2019-12-08T11:35:15.663+0000][1][safepoint    ] Total time for which application threads were stopped: 0.0000923 seconds, Stopping threads took: 0.0000191 seconds
[2019-12-08T11:35:20.664+0000][1][safepoint    ] Application time: 5.0003645 seconds
[2019-12-08T11:35:20.664+0000][1][safepoint    ] Entering safepoint region: Cleanup
[2019-12-08T11:35:20.664+0000][1][safepoint    ] Leaving safepoint region
[2019-12-08T11:35:20.664+0000][1][safepoint    ] Total time for which application threads were stopped: 0.0001025 seconds, Stopping threads took: 0.0000192 seconds
[2019-12-08T11:35:22.664+0000][1][safepoint    ] Application time: 2.0001490 seconds
[2019-12-08T11:35:22.664+0000][1][safepoint    ] Entering safepoint region: Cleanup
[2019-12-08T11:35:22.664+0000][1][safepoint    ] Leaving safepoint region
[2019-12-08T11:35:22.664+0000][1][safepoint    ] Total time for which application threads were stopped: 0.0000960 seconds, Stopping threads took: 0.0000188 seconds
[2019-12-08T11:35:23.664+0000][1][safepoint    ] Application time: 1.0000802 seconds
[2019-12-08T11:35:23.664+0000][1][safepoint    ] Entering safepoint region: Cleanup
[2019-12-08T11:35:23.664+0000][1][safepoint    ] Leaving safepoint region
[2019-12-08T11:35:23.664+0000][1][safepoint    ] Total time for which application threads were stopped: 0.0000874 seconds, Stopping threads took: 0.0000178 seconds
[2019-12-08T11:35:24.664+0000][1][safepoint    ] Application time: 1.0000777 seconds
[2019-12-08T11:35:24.664+0000][1][safepoint    ] Entering safepoint region: Cleanup
[2019-12-08T11:35:24.664+0000][1][safepoint    ] Leaving safepoint region
[2019-12-08T11:35:24.664+0000][1][safepoint    ] Total time for which application threads were stopped: 0.0000932 seconds, Stopping threads took: 0.0000234 seconds
[2019-12-08T11:35:26.664+0000][1][safepoint    ] Application time: 2.0001051 seconds
[2019-12-08T11:35:26.665+0000][1][safepoint    ] Entering safepoint region: Cleanup
[2019-12-08T11:35:26.665+0000][1][safepoint    ] Leaving safepoint region
[2019-12-08T11:35:26.665+0000][1][safepoint    ] Total time for which application threads were stopped: 0.0000910 seconds, Stopping threads took: 0.0000178 seconds
[2019-12-08T11:35:29.665+0000][1][safepoint    ] Application time: 3.0002125 seconds
[2019-12-08T11:35:29.665+0000][1][safepoint    ] Entering safepoint region: Cleanup
[2019-12-08T11:35:29.665+0000][1][safepoint    ] Leaving safepoint region
[2019-12-08T11:35:29.665+0000][1][safepoint    ] Total time for which application threads were stopped: 0.0000814 seconds, Stopping threads took: 0.0000168 seconds
[2019-12-08T11:35:31.665+0000][1][safepoint    ] Application time: 2.0001443 seconds
[2019-12-08T11:35:31.665+0000][1][safepoint    ] Entering safepoint region: Cleanup
[2019-12-08T11:35:31.665+0000][1][safepoint    ] Leaving safepoint region
[2019-12-08T11:35:31.665+0000][1][safepoint    ] Total time for which application threads were stopped: 0.0000854 seconds, Stopping threads took: 0.0000174 seconds
[2019-12-08T11:35:34.667+0000][1][safepoint    ] Application time: 3.0015027 seconds
[2019-12-08T11:35:34.667+0000][1][safepoint    ] Entering safepoint region: Cleanup
[2019-12-08T11:35:34.667+0000][1][safepoint    ] Leaving safepoint region
[2019-12-08T11:35:34.667+0000][1][safepoint    ] Total time for which application threads were stopped: 0.0001308 seconds, Stopping threads took: 0.0000316 seconds
[2019-12-08T11:35:41.667+0000][1][safepoint    ] Application time: 7.0004903 seconds
[2019-12-08T11:35:41.667+0000][1][safepoint    ] Entering safepoint region: Cleanup
[2019-12-08T11:35:41.667+0000][1][safepoint    ] Leaving safepoint region
[2019-12-08T11:35:41.668+0000][1][safepoint    ] Total time for which application threads were stopped: 0.0000892 seconds, Stopping threads took: 0.0000182 seconds
[2019-12-08T11:35:42.668+0000][1][safepoint    ] Application time: 1.0000837 seconds
[2019-12-08T11:35:42.668+0000][1][safepoint    ] Entering safepoint region: Cleanup
[2019-12-08T11:35:42.668+0000][1][safepoint    ] Leaving safepoint region
[2019-12-08T11:35:42.668+0000][1][safepoint    ] Total time for which application threads were stopped: 0.0001083 seconds, Stopping threads took: 0.0000188 seconds
[2019-12-08T11:35:44.668+0000][1][safepoint    ] Application time: 2.0001421 seconds
[2019-12-08T11:35:44.668+0000][1][safepoint    ] Entering safepoint region: Cleanup
[2019-12-08T11:35:44.668+0000][1][safepoint    ] Leaving safepoint region
[2019-12-08T11:35:44.668+0000][1][safepoint    ] Total time for which application threads were stopped: 0.0000909 seconds, Stopping threads took: 0.0000236 seconds
[2019-12-08T11:35:46.668+0000][1][safepoint    ] Application time: 2.0001452 seconds
[2019-12-08T11:35:46.668+0000][1][safepoint    ] Entering safepoint region: Cleanup
[2019-12-08T11:35:46.668+0000][1][safepoint    ] Leaving safepoint region
[2019-12-08T11:35:46.668+0000][1][safepoint    ] Total time for which application threads were stopped: 0.0000885 seconds, Stopping threads took: 0.0000187 seconds
[2019-12-08T11:35:54.669+0000][1][safepoint    ] Application time: 8.0005558 seconds
[2019-12-08T11:35:54.669+0000][1][safepoint    ] Entering safepoint region: Cleanup
[2019-12-08T11:35:54.669+0000][1][safepoint    ] Leaving safepoint region
[2019-12-08T11:35:54.669+0000][1][safepoint    ] Total time for which application threads were stopped: 0.0000938 seconds, Stopping threads took: 0.0000180 seconds
[2019-12-08T11:35:56.669+0000][1][safepoint    ] Application time: 2.0001474 seconds
[2019-12-08T11:35:56.669+0000][1][safepoint    ] Entering safepoint region: Cleanup
[2019-12-08T11:35:56.669+0000][1][safepoint    ] Leaving safepoint region
[2019-12-08T11:35:56.669+0000][1][safepoint    ] Total time for which application threads were stopped: 0.0000884 seconds, Stopping threads took: 0.0000189 seconds
[2019-12-08T11:35:59.669+0000][1][safepoint    ] Application time: 3.0002112 seconds
[2019-12-08T11:35:59.669+0000][1][safepoint    ] Entering safepoint region: Cleanup
[2019-12-08T11:35:59.670+0000][1][safepoint    ] Leaving safepoint region
[2019-12-08T11:35:59.670+0000][1][safepoint    ] Total time for which application threads were stopped: 0.0000833 seconds, Stopping threads took: 0.0000162 seconds
[2019-12-08T11:36:00.670+0000][1][safepoint    ] Application time: 1.0000799 seconds
[2019-12-08T11:36:00.670+0000][1][safepoint    ] Entering safepoint region: Cleanup
[2019-12-08T11:36:00.670+0000][1][safepoint    ] Leaving safepoint region
[2019-12-08T11:36:00.670+0000][1][safepoint    ] Total time for which application threads were stopped: 0.0000995 seconds, Stopping threads took: 0.0000303 seconds
[2019-12-08T11:36:04.671+0000][1][safepoint    ] Application time: 4.0011367 seconds
[2019-12-08T11:36:04.671+0000][1][safepoint    ] Entering safepoint region: Cleanup
[2019-12-08T11:36:04.671+0000][1][safepoint    ] Leaving safepoint region
[2019-12-08T11:36:04.671+0000][1][safepoint    ] Total time for which application threads were stopped: 0.0000921 seconds, Stopping threads took: 0.0000180 seconds
[2019-12-08T11:36:06.671+0000][1][safepoint    ] Application time: 2.0001460 seconds
[2019-12-08T11:36:06.671+0000][1][safepoint    ] Entering safepoint region: Cleanup
[2019-12-08T11:36:06.671+0000][1][safepoint    ] Leaving safepoint region
[2019-12-08T11:36:06.671+0000][1][safepoint    ] Total time for which application threads were stopped: 0.0000945 seconds, Stopping threads took: 0.0000258 seconds
[2019-12-08T11:36:08.671+0000][1][safepoint    ] Application time: 2.0001471 seconds
[2019-12-08T11:36:08.672+0000][1][safepoint    ] Entering safepoint region: Cleanup
[2019-12-08T11:36:08.672+0000][1][safepoint    ] Leaving safepoint region
[2019-12-08T11:36:08.672+0000][1][safepoint    ] Total time for which application threads were stopped: 0.0000861 seconds, Stopping threads took: 0.0000166 seconds
[2019-12-08T11:36:12.672+0000][1][safepoint    ] Application time: 4.0002779 seconds
[2019-12-08T11:36:12.672+0000][1][safepoint    ] Entering safepoint region: Cleanup
[2019-12-08T11:36:12.672+0000][1][safepoint    ] Leaving safepoint region
[2019-12-08T11:36:12.672+0000][1][safepoint    ] Total time for which application threads were stopped: 0.0000876 seconds, Stopping threads took: 0.0000175 seconds
[2019-12-08T11:36:13.672+0000][1][safepoint    ] Application time: 1.0000774 seconds
[2019-12-08T11:36:13.672+0000][1][safepoint    ] Entering safepoint region: Cleanup
[2019-12-08T11:36:13.672+0000][1][safepoint    ] Leaving safepoint region
[2019-12-08T11:36:13.672+0000][1][safepoint    ] Total time for which application threads were stopped: 0.0000865 seconds, Stopping threads took: 0.0000177 seconds
[2019-12-08T11:36:14.672+0000][1][safepoint    ] Application time: 1.0000764 seconds
[2019-12-08T11:36:14.672+0000][1][safepoint    ] Entering safepoint region: Cleanup
[2019-12-08T11:36:14.672+0000][1][safepoint    ] Leaving safepoint region
[2019-12-08T11:36:14.672+0000][1][safepoint    ] Total time for which application threads were stopped: 0.0000866 seconds, Stopping threads took: 0.0000171 seconds
[2019-12-08T11:36:20.673+0000][1][safepoint    ] Application time: 6.0003856 seconds
[2019-12-08T11:36:20.673+0000][1][safepoint    ] Entering safepoint region: Cleanup
[2019-12-08T11:36:20.673+0000][1][safepoint    ] Leaving safepoint region
[2019-12-08T11:36:20.673+0000][1][safepoint    ] Total time for which application threads were stopped: 0.0000906 seconds, Stopping threads took: 0.0000179 seconds
[2019-12-08T11:36:22.673+0000][1][safepoint    ] Application time: 2.0001515 seconds
[2019-12-08T11:36:22.673+0000][1][safepoint    ] Entering safepoint region: Cleanup
[2019-12-08T11:36:22.673+0000][1][safepoint    ] Leaving safepoint region
[2019-12-08T11:36:22.673+0000][1][safepoint    ] Total time for which application threads were stopped: 0.0000870 seconds, Stopping threads took: 0.0000184 seconds
[2019-12-08T11:36:24.673+0000][1][safepoint    ] Application time: 2.0001545 seconds
[2019-12-08T11:36:24.673+0000][1][safepoint    ] Entering safepoint region: Cleanup
[2019-12-08T11:36:24.673+0000][1][safepoint    ] Leaving safepoint region
[2019-12-08T11:36:24.673+0000][1][safepoint    ] Total time for which application threads were stopped: 0.0001051 seconds, Stopping threads took: 0.0000249 seconds
[2019-12-08T11:36:26.674+0000][1][safepoint    ] Application time: 2.0001551 seconds
[2019-12-08T11:36:26.674+0000][1][safepoint    ] Entering safepoint region: Cleanup
[2019-12-08T11:36:26.674+0000][1][safepoint    ] Leaving safepoint region
[2019-12-08T11:36:26.674+0000][1][safepoint    ] Total time for which application threads were stopped: 0.0001065 seconds, Stopping threads took: 0.0000180 seconds
[2019-12-08T11:36:34.379+0000][1][safepoint    ] Application time: 7.7051444 seconds
[2019-12-08T11:36:34.379+0000][1][safepoint    ] Entering safepoint region: GenCollectForAllocation
[2019-12-08T11:36:34.379+0000][1][gc,start     ] GC(25) Pause Young (Allocation Failure)
[2019-12-08T11:36:34.379+0000][1][gc,task      ] GC(25) Using 4 workers of 4 for evacuation
[2019-12-08T11:36:34.386+0000][1][gc,age       ] GC(25) Desired survivor size 4456448 bytes, new threshold 6 (max threshold 6)
[2019-12-08T11:36:34.386+0000][1][gc,age       ] GC(25) Age table with threshold 6 (max threshold 6)
[2019-12-08T11:36:34.386+0000][1][gc,age       ] GC(25) - age   1:      12472 bytes,      12472 total
[2019-12-08T11:36:34.386+0000][1][gc,age       ] GC(25) - age   2:    1432840 bytes,    1445312 total
[2019-12-08T11:36:34.386+0000][1][gc,heap      ] GC(25) ParNew: 76288K->4705K(78656K)
[2019-12-08T11:36:34.386+0000][1][gc,heap      ] GC(25) CMS: 64749K->68024K(174784K)
[2019-12-08T11:36:34.386+0000][1][gc,metaspace ] GC(25) Metaspace: 67624K->67624K(1110016K)
[2019-12-08T11:36:34.386+0000][1][gc           ] GC(25) Pause Young (Allocation Failure) 137M->71M(247M) 7.341ms
[2019-12-08T11:36:34.386+0000][1][gc,cpu       ] GC(25) User=0.03s Sys=0.00s Real=0.01s
[2019-12-08T11:36:34.386+0000][1][safepoint    ] Leaving safepoint region
[2019-12-08T11:36:34.386+0000][1][safepoint    ] Total time for which application threads were stopped: 0.0075464 seconds, Stopping threads took: 0.0000681 seconds
[2019-12-08T11:36:42.387+0000][1][safepoint    ] Application time: 8.0005890 seconds
[2019-12-08T11:36:42.387+0000][1][safepoint    ] Entering safepoint region: Cleanup
[2019-12-08T11:36:42.387+0000][1][safepoint    ] Leaving safepoint region
[2019-12-08T11:36:42.387+0000][1][safepoint    ] Total time for which application threads were stopped: 0.0000915 seconds, Stopping threads took: 0.0000194 seconds
[2019-12-08T11:36:45.387+0000][1][safepoint    ] Application time: 3.0002186 seconds
[2019-12-08T11:36:45.387+0000][1][safepoint    ] Entering safepoint region: Cleanup
[2019-12-08T11:36:45.388+0000][1][safepoint    ] Leaving safepoint region
[2019-12-08T11:36:45.388+0000][1][safepoint    ] Total time for which application threads were stopped: 0.0000935 seconds, Stopping threads took: 0.0000184 seconds
[2019-12-08T11:36:48.388+0000][1][safepoint    ] Application time: 3.0002127 seconds
[2019-12-08T11:36:48.388+0000][1][safepoint    ] Entering safepoint region: Cleanup
[2019-12-08T11:36:48.388+0000][1][safepoint    ] Leaving safepoint region
[2019-12-08T11:36:48.388+0000][1][safepoint    ] Total time for which application threads were stopped: 0.0000936 seconds, Stopping threads took: 0.0000179 seconds
[2019-12-08T11:36:50.388+0000][1][safepoint    ] Application time: 2.0001424 seconds
[2019-12-08T11:36:50.388+0000][1][safepoint    ] Entering safepoint region: Cleanup
[2019-12-08T11:36:50.388+0000][1][safepoint    ] Leaving safepoint region
[2019-12-08T11:36:50.388+0000][1][safepoint    ] Total time for which application threads were stopped: 0.0000913 seconds, Stopping threads took: 0.0000206 seconds
[2019-12-08T11:36:57.389+0000][1][safepoint    ] Application time: 7.0005030 seconds
[2019-12-08T11:36:57.389+0000][1][safepoint    ] Entering safepoint region: Cleanup
[2019-12-08T11:36:57.389+0000][1][safepoint    ] Leaving safepoint region
[2019-12-08T11:36:57.389+0000][1][safepoint    ] Total time for which application threads were stopped: 0.0001001 seconds, Stopping threads took: 0.0000284 seconds
[2019-12-08T11:36:58.389+0000][1][safepoint    ] Application time: 1.0000794 seconds
[2019-12-08T11:36:58.389+0000][1][safepoint    ] Entering safepoint region: Cleanup
[2019-12-08T11:36:58.389+0000][1][safepoint    ] Leaving safepoint region
[2019-12-08T11:36:58.389+0000][1][safepoint    ] Total time for which application threads were stopped: 0.0000903 seconds, Stopping threads took: 0.0000185 seconds
[2019-12-08T11:37:03.390+0000][1][safepoint    ] Application time: 5.0004807 seconds
[2019-12-08T11:37:03.390+0000][1][safepoint    ] Entering safepoint region: Cleanup
[2019-12-08T11:37:03.390+0000][1][safepoint    ] Leaving safepoint region
[2019-12-08T11:37:03.390+0000][1][safepoint    ] Total time for which application threads were stopped: 0.0000921 seconds, Stopping threads took: 0.0000194 seconds
[2019-12-08T11:37:12.390+0000][1][safepoint    ] Application time: 9.0006385 seconds
[2019-12-08T11:37:12.390+0000][1][safepoint    ] Entering safepoint region: Cleanup
[2019-12-08T11:37:12.390+0000][1][safepoint    ] Leaving safepoint region
[2019-12-08T11:37:12.390+0000][1][safepoint    ] Total time for which application threads were stopped: 0.0001191 seconds, Stopping threads took: 0.0000247 seconds
[2019-12-08T11:37:16.391+0000][1][safepoint    ] Application time: 4.0003021 seconds
[2019-12-08T11:37:16.391+0000][1][safepoint    ] Entering safepoint region: Cleanup
[2019-12-08T11:37:16.391+0000][1][safepoint    ] Leaving safepoint region
[2019-12-08T11:37:16.391+0000][1][safepoint    ] Total time for which application threads were stopped: 0.0000932 seconds, Stopping threads took: 0.0000197 seconds
[2019-12-08T11:37:17.391+0000][1][safepoint    ] Application time: 1.0000814 seconds
[2019-12-08T11:37:17.391+0000][1][safepoint    ] Entering safepoint region: Cleanup
[2019-12-08T11:37:17.391+0000][1][safepoint    ] Leaving safepoint region
[2019-12-08T11:37:17.391+0000][1][safepoint    ] Total time for which application threads were stopped: 0.0000932 seconds, Stopping threads took: 0.0000209 seconds
[2019-12-08T11:37:18.391+0000][1][safepoint    ] Application time: 1.0000790 seconds
[2019-12-08T11:37:18.391+0000][1][safepoint    ] Entering safepoint region: Cleanup
[2019-12-08T11:37:18.391+0000][1][safepoint    ] Leaving safepoint region
[2019-12-08T11:37:18.391+0000][1][safepoint    ] Total time for which application threads were stopped: 0.0000937 seconds, Stopping threads took: 0.0000185 seconds
[2019-12-08T11:37:19.391+0000][1][safepoint    ] Application time: 1.0000788 seconds
[2019-12-08T11:37:19.391+0000][1][safepoint    ] Entering safepoint region: Cleanup
[2019-12-08T11:37:19.392+0000][1][safepoint    ] Leaving safepoint region
[2019-12-08T11:37:19.392+0000][1][safepoint    ] Total time for which application threads were stopped: 0.0000995 seconds, Stopping threads took: 0.0000197 seconds
[2019-12-08T11:37:20.392+0000][1][safepoint    ] Application time: 1.0000801 seconds
[2019-12-08T11:37:20.392+0000][1][safepoint    ] Entering safepoint region: Cleanup
[2019-12-08T11:37:20.392+0000][1][safepoint    ] Leaving safepoint region
[2019-12-08T11:37:20.392+0000][1][safepoint    ] Total time for which application threads were stopped: 0.0000945 seconds, Stopping threads took: 0.0000183 seconds
[2019-12-08T11:37:27.392+0000][1][safepoint    ] Application time: 7.0004650 seconds
[2019-12-08T11:37:27.392+0000][1][safepoint    ] Entering safepoint region: Cleanup
[2019-12-08T11:37:27.392+0000][1][safepoint    ] Leaving safepoint region
[2019-12-08T11:37:27.392+0000][1][safepoint    ] Total time for which application threads were stopped: 0.0000923 seconds, Stopping threads took: 0.0000186 seconds
[2019-12-08T11:37:28.393+0000][1][safepoint    ] Application time: 1.0000814 seconds
[2019-12-08T11:37:28.393+0000][1][safepoint    ] Entering safepoint region: Cleanup
[2019-12-08T11:37:28.393+0000][1][safepoint    ] Leaving safepoint region
[2019-12-08T11:37:28.393+0000][1][safepoint    ] Total time for which application threads were stopped: 0.0000921 seconds, Stopping threads took: 0.0000191 seconds
[2019-12-08T11:37:33.393+0000][1][safepoint    ] Application time: 5.0003564 seconds
[2019-12-08T11:37:33.393+0000][1][safepoint    ] Entering safepoint region: Cleanup
[2019-12-08T11:37:33.393+0000][1][safepoint    ] Leaving safepoint region
[2019-12-08T11:37:33.393+0000][1][safepoint    ] Total time for which application threads were stopped: 0.0000950 seconds, Stopping threads took: 0.0000208 seconds
[2019-12-08T11:37:34.393+0000][1][safepoint    ] Application time: 1.0000801 seconds
[2019-12-08T11:37:34.393+0000][1][safepoint    ] Entering safepoint region: Cleanup
[2019-12-08T11:37:34.393+0000][1][safepoint    ] Leaving safepoint region
[2019-12-08T11:37:34.393+0000][1][safepoint    ] Total time for which application threads were stopped: 0.0000918 seconds, Stopping threads took: 0.0000176 seconds
[2019-12-08T11:37:38.394+0000][1][safepoint    ] Application time: 4.0002922 seconds
[2019-12-08T11:37:38.394+0000][1][safepoint    ] Entering safepoint region: Cleanup
[2019-12-08T11:37:38.394+0000][1][safepoint    ] Leaving safepoint region
[2019-12-08T11:37:38.394+0000][1][safepoint    ] Total time for which application threads were stopped: 0.0001238 seconds, Stopping threads took: 0.0000292 seconds
[2019-12-08T11:37:39.394+0000][1][safepoint    ] Application time: 1.0000827 seconds
[2019-12-08T11:37:39.394+0000][1][safepoint    ] Entering safepoint region: Cleanup
[2019-12-08T11:37:39.394+0000][1][safepoint    ] Leaving safepoint region
[2019-12-08T11:37:39.394+0000][1][safepoint    ] Total time for which application threads were stopped: 0.0000918 seconds, Stopping threads took: 0.0000195 seconds
[2019-12-08T11:37:42.394+0000][1][safepoint    ] Application time: 3.0002180 seconds
[2019-12-08T11:37:42.394+0000][1][safepoint    ] Entering safepoint region: Cleanup
[2019-12-08T11:37:42.394+0000][1][safepoint    ] Leaving safepoint region
[2019-12-08T11:37:42.394+0000][1][safepoint    ] Total time for which application threads were stopped: 0.0000869 seconds, Stopping threads took: 0.0000176 seconds
[2019-12-08T11:37:59.396+0000][1][safepoint    ] Application time: 17.0012078 seconds
[2019-12-08T11:37:59.396+0000][1][safepoint    ] Entering safepoint region: Cleanup
[2019-12-08T11:37:59.396+0000][1][safepoint    ] Leaving safepoint region
[2019-12-08T11:37:59.396+0000][1][safepoint    ] Total time for which application threads were stopped: 0.0001121 seconds, Stopping threads took: 0.0000264 seconds
[2019-12-08T11:38:01.396+0000][1][safepoint    ] Application time: 2.0001601 seconds
[2019-12-08T11:38:01.396+0000][1][safepoint    ] Entering safepoint region: Cleanup
[2019-12-08T11:38:01.396+0000][1][safepoint    ] Leaving safepoint region
[2019-12-08T11:38:01.396+0000][1][safepoint    ] Total time for which application threads were stopped: 0.0000943 seconds, Stopping threads took: 0.0000203 seconds
[2019-12-08T11:38:07.396+0000][1][safepoint    ] Application time: 6.0004276 seconds
[2019-12-08T11:38:07.397+0000][1][safepoint    ] Entering safepoint region: Cleanup
[2019-12-08T11:38:07.397+0000][1][safepoint    ] Leaving safepoint region
[2019-12-08T11:38:07.397+0000][1][safepoint    ] Total time for which application threads were stopped: 0.0000891 seconds, Stopping threads took: 0.0000186 seconds
[2019-12-08T11:38:23.398+0000][1][safepoint    ] Application time: 16.0011342 seconds
[2019-12-08T11:38:23.398+0000][1][safepoint    ] Entering safepoint region: Cleanup
[2019-12-08T11:38:23.398+0000][1][safepoint    ] Leaving safepoint region
[2019-12-08T11:38:23.398+0000][1][safepoint    ] Total time for which application threads were stopped: 0.0001056 seconds, Stopping threads took: 0.0000199 seconds
[2019-12-08T11:38:24.398+0000][1][safepoint    ] Application time: 1.0000769 seconds
[2019-12-08T11:38:24.398+0000][1][safepoint    ] Entering safepoint region: Cleanup
[2019-12-08T11:38:24.398+0000][1][safepoint    ] Leaving safepoint region
[2019-12-08T11:38:24.398+0000][1][safepoint    ] Total time for which application threads were stopped: 0.0000949 seconds, Stopping threads took: 0.0000177 seconds
[2019-12-08T11:38:25.398+0000][1][safepoint    ] Application time: 1.0000777 seconds
[2019-12-08T11:38:25.398+0000][1][safepoint    ] Entering safepoint region: Cleanup
[2019-12-08T11:38:25.398+0000][1][safepoint    ] Leaving safepoint region
[2019-12-08T11:38:25.398+0000][1][safepoint    ] Total time for which application threads were stopped: 0.0000892 seconds, Stopping threads took: 0.0000181 seconds
[2019-12-08T11:38:26.398+0000][1][safepoint    ] Application time: 1.0000791 seconds
[2019-12-08T11:38:26.398+0000][1][safepoint    ] Entering safepoint region: Cleanup
[2019-12-08T11:38:26.399+0000][1][safepoint    ] Leaving safepoint region
[2019-12-08T11:38:26.399+0000][1][safepoint    ] Total time for which application threads were stopped: 0.0000962 seconds, Stopping threads took: 0.0000198 seconds
[2019-12-08T11:38:30.399+0000][1][safepoint    ] Application time: 4.0002767 seconds
[2019-12-08T11:38:30.399+0000][1][safepoint    ] Entering safepoint region: Cleanup
[2019-12-08T11:38:30.399+0000][1][safepoint    ] Leaving safepoint region
[2019-12-08T11:38:30.399+0000][1][safepoint    ] Total time for which application threads were stopped: 0.0000861 seconds, Stopping threads took: 0.0000174 seconds
[2019-12-08T11:38:34.399+0000][1][safepoint    ] Application time: 4.0002861 seconds
[2019-12-08T11:38:34.399+0000][1][safepoint    ] Entering safepoint region: Cleanup
[2019-12-08T11:38:34.399+0000][1][safepoint    ] Leaving safepoint region
[2019-12-08T11:38:34.399+0000][1][safepoint    ] Total time for which application threads were stopped: 0.0000988 seconds, Stopping threads took: 0.0000182 seconds
[2019-12-08T11:38:37.400+0000][1][safepoint    ] Application time: 3.0002121 seconds
[2019-12-08T11:38:37.400+0000][1][safepoint    ] Entering safepoint region: Cleanup
[2019-12-08T11:38:37.400+0000][1][safepoint    ] Leaving safepoint region
[2019-12-08T11:38:37.400+0000][1][safepoint    ] Total time for which application threads were stopped: 0.0001016 seconds, Stopping threads took: 0.0000183 seconds
[2019-12-08T11:38:43.756+0000][1][safepoint    ] Application time: 6.3566189 seconds
[2019-12-08T11:38:43.756+0000][1][safepoint    ] Entering safepoint region: GenCollectForAllocation
[2019-12-08T11:38:43.757+0000][1][gc,start     ] GC(26) Pause Young (Allocation Failure)
[2019-12-08T11:38:43.757+0000][1][gc,task      ] GC(26) Using 4 workers of 4 for evacuation
[2019-12-08T11:38:43.759+0000][1][gc,age       ] GC(26) Desired survivor size 4456448 bytes, new threshold 6 (max threshold 6)
[2019-12-08T11:38:43.759+0000][1][gc,age       ] GC(26) Age table with threshold 6 (max threshold 6)
[2019-12-08T11:38:43.759+0000][1][gc,age       ] GC(26) - age   1:       8976 bytes,       8976 total
[2019-12-08T11:38:43.759+0000][1][gc,age       ] GC(26) - age   2:       8712 bytes,      17688 total
[2019-12-08T11:38:43.759+0000][1][gc,age       ] GC(26) - age   3:    1433152 bytes,    1450840 total
[2019-12-08T11:38:43.759+0000][1][gc,heap      ] GC(26) ParNew: 74657K->2293K(78656K)
[2019-12-08T11:38:43.759+0000][1][gc,heap      ] GC(26) CMS: 68024K->68024K(174784K)
[2019-12-08T11:38:43.759+0000][1][gc,metaspace ] GC(26) Metaspace: 67847K->67847K(1112064K)
[2019-12-08T11:38:43.759+0000][1][gc           ] GC(26) Pause Young (Allocation Failure) 139M->68M(247M) 2.408ms
[2019-12-08T11:38:43.759+0000][1][gc,cpu       ] GC(26) User=0.00s Sys=0.00s Real=0.00s
[2019-12-08T11:38:43.759+0000][1][safepoint    ] Leaving safepoint region
[2019-12-08T11:38:43.759+0000][1][safepoint    ] Total time for which application threads were stopped: 0.0025679 seconds, Stopping threads took: 0.0000158 seconds
[2019-12-08T11:39:04.760+0000][1][safepoint    ] Application time: 21.0014464 seconds
[2019-12-08T11:39:04.760+0000][1][safepoint    ] Entering safepoint region: Cleanup
[2019-12-08T11:39:04.761+0000][1][safepoint    ] Leaving safepoint region
[2019-12-08T11:39:04.761+0000][1][safepoint    ] Total time for which application threads were stopped: 0.0000904 seconds, Stopping threads took: 0.0000274 seconds
[2019-12-08T11:39:23.762+0000][1][safepoint    ] Application time: 19.0013052 seconds
[2019-12-08T11:39:23.762+0000][1][safepoint    ] Entering safepoint region: Cleanup
[2019-12-08T11:39:23.762+0000][1][safepoint    ] Leaving safepoint region
[2019-12-08T11:39:23.762+0000][1][safepoint    ] Total time for which application threads were stopped: 0.0000944 seconds, Stopping threads took: 0.0000152 seconds
[2019-12-08T11:39:24.762+0000][1][safepoint    ] Application time: 1.0000765 seconds
[2019-12-08T11:39:24.762+0000][1][safepoint    ] Entering safepoint region: Cleanup
[2019-12-08T11:39:24.762+0000][1][safepoint    ] Leaving safepoint region
[2019-12-08T11:39:24.762+0000][1][safepoint    ] Total time for which application threads were stopped: 0.0000777 seconds, Stopping threads took: 0.0000193 seconds
[2019-12-08T11:39:26.762+0000][1][safepoint    ] Application time: 2.0001421 seconds
[2019-12-08T11:39:26.762+0000][1][safepoint    ] Entering safepoint region: Cleanup
[2019-12-08T11:39:26.762+0000][1][safepoint    ] Leaving safepoint region
[2019-12-08T11:39:26.762+0000][1][safepoint    ] Total time for which application threads were stopped: 0.0000788 seconds, Stopping threads took: 0.0000156 seconds
[2019-12-08T11:39:27.762+0000][1][safepoint    ] Application time: 1.0000759 seconds
[2019-12-08T11:39:27.763+0000][1][safepoint    ] Entering safepoint region: Cleanup
[2019-12-08T11:39:27.763+0000][1][safepoint    ] Leaving safepoint region
[2019-12-08T11:39:27.763+0000][1][safepoint    ] Total time for which application threads were stopped: 0.0000790 seconds, Stopping threads took: 0.0000155 seconds
[2019-12-08T11:39:28.763+0000][1][safepoint    ] Application time: 1.0000847 seconds
[2019-12-08T11:39:28.763+0000][1][safepoint    ] Entering safepoint region: Cleanup
[2019-12-08T11:39:28.763+0000][1][safepoint    ] Leaving safepoint region
[2019-12-08T11:39:28.763+0000][1][safepoint    ] Total time for which application threads were stopped: 0.0000765 seconds, Stopping threads took: 0.0000172 seconds
[2019-12-08T11:39:29.763+0000][1][safepoint    ] Application time: 1.0000808 seconds
[2019-12-08T11:39:29.763+0000][1][safepoint    ] Entering safepoint region: Cleanup
[2019-12-08T11:39:29.763+0000][1][safepoint    ] Leaving safepoint region
[2019-12-08T11:39:29.763+0000][1][safepoint    ] Total time for which application threads were stopped: 0.0000835 seconds, Stopping threads took: 0.0000190 seconds
[2019-12-08T11:39:31.763+0000][1][safepoint    ] Application time: 2.0001513 seconds
[2019-12-08T11:39:31.763+0000][1][safepoint    ] Entering safepoint region: Cleanup
[2019-12-08T11:39:31.763+0000][1][safepoint    ] Leaving safepoint region
[2019-12-08T11:39:31.763+0000][1][safepoint    ] Total time for which application threads were stopped: 0.0000851 seconds, Stopping threads took: 0.0000180 seconds
[2019-12-08T11:39:33.763+0000][1][safepoint    ] Application time: 2.0001461 seconds
[2019-12-08T11:39:33.763+0000][1][safepoint    ] Entering safepoint region: Cleanup
[2019-12-08T11:39:33.764+0000][1][safepoint    ] Leaving safepoint region
[2019-12-08T11:39:33.764+0000][1][safepoint    ] Total time for which application threads were stopped: 0.0000862 seconds, Stopping threads took: 0.0000180 seconds
[2019-12-08T11:39:35.764+0000][1][safepoint    ] Application time: 2.0001503 seconds
[2019-12-08T11:39:35.764+0000][1][safepoint    ] Entering safepoint region: Cleanup
[2019-12-08T11:39:35.764+0000][1][safepoint    ] Leaving safepoint region
[2019-12-08T11:39:35.764+0000][1][safepoint    ] Total time for which application threads were stopped: 0.0000782 seconds, Stopping threads took: 0.0000155 seconds
[2019-12-08T11:39:44.764+0000][1][safepoint    ] Application time: 9.0006048 seconds
[2019-12-08T11:39:44.764+0000][1][safepoint    ] Entering safepoint region: Cleanup
[2019-12-08T11:39:44.765+0000][1][safepoint    ] Leaving safepoint region
[2019-12-08T11:39:44.765+0000][1][safepoint    ] Total time for which application threads were stopped: 0.0000746 seconds, Stopping threads took: 0.0000153 seconds
[2019-12-08T11:39:45.765+0000][1][safepoint    ] Application time: 1.0000782 seconds
[2019-12-08T11:39:45.765+0000][1][safepoint    ] Entering safepoint region: Cleanup
[2019-12-08T11:39:45.765+0000][1][safepoint    ] Leaving safepoint region
[2019-12-08T11:39:45.765+0000][1][safepoint    ] Total time for which application threads were stopped: 0.0000933 seconds, Stopping threads took: 0.0000170 seconds
[2019-12-08T11:39:46.765+0000][1][safepoint    ] Application time: 1.0000779 seconds
[2019-12-08T11:39:46.765+0000][1][safepoint    ] Entering safepoint region: Cleanup
[2019-12-08T11:39:46.765+0000][1][safepoint    ] Leaving safepoint region
[2019-12-08T11:39:46.765+0000][1][safepoint    ] Total time for which application threads were stopped: 0.0000788 seconds, Stopping threads took: 0.0000169 seconds
[2019-12-08T11:39:59.766+0000][1][safepoint    ] Application time: 13.0012007 seconds
[2019-12-08T11:39:59.766+0000][1][safepoint    ] Entering safepoint region: Cleanup
[2019-12-08T11:39:59.766+0000][1][safepoint    ] Leaving safepoint region
[2019-12-08T11:39:59.766+0000][1][safepoint    ] Total time for which application threads were stopped: 0.0000913 seconds, Stopping threads took: 0.0000274 seconds
[2019-12-08T11:40:06.767+0000][1][safepoint    ] Application time: 7.0005261 seconds
[2019-12-08T11:40:06.767+0000][1][safepoint    ] Entering safepoint region: Cleanup
[2019-12-08T11:40:06.767+0000][1][safepoint    ] Leaving safepoint region
[2019-12-08T11:40:06.767+0000][1][safepoint    ] Total time for which application threads were stopped: 0.0000781 seconds, Stopping threads took: 0.0000160 seconds
[2019-12-08T11:40:07.767+0000][1][safepoint    ] Application time: 1.0000778 seconds
[2019-12-08T11:40:07.767+0000][1][safepoint    ] Entering safepoint region: Cleanup
[2019-12-08T11:40:07.767+0000][1][safepoint    ] Leaving safepoint region
[2019-12-08T11:40:07.767+0000][1][safepoint    ] Total time for which application threads were stopped: 0.0000770 seconds, Stopping threads took: 0.0000160 seconds
[2019-12-08T11:40:13.767+0000][1][safepoint    ] Application time: 6.0004236 seconds
[2019-12-08T11:40:13.768+0000][1][safepoint    ] Entering safepoint region: Cleanup
[2019-12-08T11:40:13.768+0000][1][safepoint    ] Leaving safepoint region
[2019-12-08T11:40:13.768+0000][1][safepoint    ] Total time for which application threads were stopped: 0.0000786 seconds, Stopping threads took: 0.0000171 seconds
[2019-12-08T11:40:14.768+0000][1][safepoint    ] Application time: 1.0000790 seconds
[2019-12-08T11:40:14.768+0000][1][safepoint    ] Entering safepoint region: Cleanup
[2019-12-08T11:40:14.768+0000][1][safepoint    ] Leaving safepoint region
[2019-12-08T11:40:14.768+0000][1][safepoint    ] Total time for which application threads were stopped: 0.0000795 seconds, Stopping threads took: 0.0000167 seconds
[2019-12-08T11:40:19.768+0000][1][safepoint    ] Application time: 5.0003382 seconds
[2019-12-08T11:40:19.768+0000][1][safepoint    ] Entering safepoint region: Cleanup
[2019-12-08T11:40:19.768+0000][1][safepoint    ] Leaving safepoint region
[2019-12-08T11:40:19.768+0000][1][safepoint    ] Total time for which application threads were stopped: 0.0000850 seconds, Stopping threads took: 0.0000260 seconds
[2019-12-08T11:40:30.769+0000][1][safepoint    ] Application time: 11.0007264 seconds
[2019-12-08T11:40:30.769+0000][1][safepoint    ] Entering safepoint region: Cleanup
[2019-12-08T11:40:30.769+0000][1][safepoint    ] Leaving safepoint region
[2019-12-08T11:40:30.769+0000][1][safepoint    ] Total time for which application threads were stopped: 0.0000888 seconds, Stopping threads took: 0.0000169 seconds
[2019-12-08T11:40:31.769+0000][1][safepoint    ] Application time: 1.0000774 seconds
[2019-12-08T11:40:31.769+0000][1][safepoint    ] Entering safepoint region: Cleanup
[2019-12-08T11:40:31.769+0000][1][safepoint    ] Leaving safepoint region
[2019-12-08T11:40:31.769+0000][1][safepoint    ] Total time for which application threads were stopped: 0.0000779 seconds, Stopping threads took: 0.0000162 seconds
[2019-12-08T11:40:32.769+0000][1][safepoint    ] Application time: 1.0000763 seconds
[2019-12-08T11:40:32.769+0000][1][safepoint    ] Entering safepoint region: Cleanup
[2019-12-08T11:40:32.769+0000][1][safepoint    ] Leaving safepoint region
[2019-12-08T11:40:32.770+0000][1][safepoint    ] Total time for which application threads were stopped: 0.0000960 seconds, Stopping threads took: 0.0000179 seconds
[2019-12-08T11:40:44.770+0000][1][safepoint    ] Application time: 12.0008089 seconds
[2019-12-08T11:40:44.770+0000][1][safepoint    ] Entering safepoint region: Cleanup
[2019-12-08T11:40:44.770+0000][1][safepoint    ] Leaving safepoint region
[2019-12-08T11:40:44.770+0000][1][safepoint    ] Total time for which application threads were stopped: 0.0000857 seconds, Stopping threads took: 0.0000190 seconds
[2019-12-08T11:40:53.807+0000][1][safepoint    ] Application time: 9.0367875 seconds
[2019-12-08T11:40:53.807+0000][1][safepoint    ] Entering safepoint region: GenCollectForAllocation
[2019-12-08T11:40:53.807+0000][1][gc,start     ] GC(27) Pause Young (Allocation Failure)
[2019-12-08T11:40:53.807+0000][1][gc,task      ] GC(27) Using 4 workers of 4 for evacuation
[2019-12-08T11:40:53.810+0000][1][gc,age       ] GC(27) Desired survivor size 4456448 bytes, new threshold 6 (max threshold 6)
[2019-12-08T11:40:53.810+0000][1][gc,age       ] GC(27) Age table with threshold 6 (max threshold 6)
[2019-12-08T11:40:53.810+0000][1][gc,age       ] GC(27) - age   1:       8768 bytes,       8768 total
[2019-12-08T11:40:53.810+0000][1][gc,age       ] GC(27) - age   2:       5248 bytes,      14016 total
[2019-12-08T11:40:53.810+0000][1][gc,age       ] GC(27) - age   3:       8712 bytes,      22728 total
[2019-12-08T11:40:53.810+0000][1][gc,age       ] GC(27) - age   4:    1373528 bytes,    1396256 total
[2019-12-08T11:40:53.810+0000][1][gc,heap      ] GC(27) ParNew: 72245K->2166K(78656K)
[2019-12-08T11:40:53.810+0000][1][gc,heap      ] GC(27) CMS: 68024K->68024K(174784K)
[2019-12-08T11:40:53.810+0000][1][gc,metaspace ] GC(27) Metaspace: 67945K->67945K(1112064K)
[2019-12-08T11:40:53.810+0000][1][gc           ] GC(27) Pause Young (Allocation Failure) 136M->68M(247M) 2.403ms
[2019-12-08T11:40:53.810+0000][1][gc,cpu       ] GC(27) User=0.01s Sys=0.00s Real=0.00s
[2019-12-08T11:40:53.810+0000][1][safepoint    ] Leaving safepoint region
[2019-12-08T11:40:53.810+0000][1][safepoint    ] Total time for which application threads were stopped: 0.0025618 seconds, Stopping threads took: 0.0000263 seconds
[2019-12-08T11:41:00.810+0000][1][safepoint    ] Application time: 7.0004926 seconds
[2019-12-08T11:41:00.810+0000][1][safepoint    ] Entering safepoint region: Cleanup
[2019-12-08T11:41:00.810+0000][1][safepoint    ] Leaving safepoint region
[2019-12-08T11:41:00.810+0000][1][safepoint    ] Total time for which application threads were stopped: 0.0000889 seconds, Stopping threads took: 0.0000250 seconds
[2019-12-08T11:41:12.811+0000][1][safepoint    ] Application time: 12.0008845 seconds
[2019-12-08T11:41:12.811+0000][1][safepoint    ] Entering safepoint region: Cleanup
[2019-12-08T11:41:12.811+0000][1][safepoint    ] Leaving safepoint region
[2019-12-08T11:41:12.811+0000][1][safepoint    ] Total time for which application threads were stopped: 0.0000854 seconds, Stopping threads took: 0.0000207 seconds
[2019-12-08T11:41:14.812+0000][1][safepoint    ] Application time: 2.0001448 seconds
[2019-12-08T11:41:14.812+0000][1][safepoint    ] Entering safepoint region: Cleanup
[2019-12-08T11:41:14.812+0000][1][safepoint    ] Leaving safepoint region
[2019-12-08T11:41:14.812+0000][1][safepoint    ] Total time for which application threads were stopped: 0.0000963 seconds, Stopping threads took: 0.0000185 seconds
[2019-12-08T11:41:23.815+0000][1][safepoint    ] Application time: 9.0033703 seconds
[2019-12-08T11:41:23.815+0000][1][safepoint    ] Entering safepoint region: Cleanup
[2019-12-08T11:41:23.815+0000][1][safepoint    ] Leaving safepoint region
[2019-12-08T11:41:23.815+0000][1][safepoint    ] Total time for which application threads were stopped: 0.0000800 seconds, Stopping threads took: 0.0000179 seconds
[2019-12-08T11:41:30.816+0000][1][safepoint    ] Application time: 7.0005217 seconds
[2019-12-08T11:41:30.816+0000][1][safepoint    ] Entering safepoint region: Cleanup
[2019-12-08T11:41:30.816+0000][1][safepoint    ] Leaving safepoint region
[2019-12-08T11:41:30.816+0000][1][safepoint    ] Total time for which application threads were stopped: 0.0000827 seconds, Stopping threads took: 0.0000176 seconds
[2019-12-08T11:41:34.816+0000][1][safepoint    ] Application time: 4.0002969 seconds
[2019-12-08T11:41:34.816+0000][1][safepoint    ] Entering safepoint region: Cleanup
[2019-12-08T11:41:34.816+0000][1][safepoint    ] Leaving safepoint region
[2019-12-08T11:41:34.816+0000][1][safepoint    ] Total time for which application threads were stopped: 0.0000808 seconds, Stopping threads took: 0.0000193 seconds
[2019-12-08T11:41:35.816+0000][1][safepoint    ] Application time: 1.0000801 seconds
[2019-12-08T11:41:35.816+0000][1][safepoint    ] Entering safepoint region: Cleanup
[2019-12-08T11:41:35.817+0000][1][safepoint    ] Leaving safepoint region
[2019-12-08T11:41:35.817+0000][1][safepoint    ] Total time for which application threads were stopped: 0.0000819 seconds, Stopping threads took: 0.0000166 seconds
[2019-12-08T11:41:36.817+0000][1][safepoint    ] Application time: 1.0000807 seconds
[2019-12-08T11:41:36.817+0000][1][safepoint    ] Entering safepoint region: Cleanup
[2019-12-08T11:41:36.817+0000][1][safepoint    ] Leaving safepoint region
[2019-12-08T11:41:36.817+0000][1][safepoint    ] Total time for which application threads were stopped: 0.0000927 seconds, Stopping threads took: 0.0000170 seconds
[2019-12-08T11:41:49.818+0000][1][safepoint    ] Application time: 13.0008993 seconds
[2019-12-08T11:41:49.818+0000][1][safepoint    ] Entering safepoint region: Cleanup
[2019-12-08T11:41:49.818+0000][1][safepoint    ] Leaving safepoint region
[2019-12-08T11:41:49.818+0000][1][safepoint    ] Total time for which application threads were stopped: 0.0000874 seconds, Stopping threads took: 0.0000265 seconds
[2019-12-08T11:41:54.818+0000][1][safepoint    ] Application time: 5.0003437 seconds
[2019-12-08T11:41:54.818+0000][1][safepoint    ] Entering safepoint region: Cleanup
[2019-12-08T11:41:54.818+0000][1][safepoint    ] Leaving safepoint region
[2019-12-08T11:41:54.818+0000][1][safepoint    ] Total time for which application threads were stopped: 0.0000896 seconds, Stopping threads took: 0.0000261 seconds
[2019-12-08T11:41:59.819+0000][1][safepoint    ] Application time: 5.0003656 seconds
[2019-12-08T11:41:59.819+0000][1][safepoint    ] Entering safepoint region: Cleanup
[2019-12-08T11:41:59.819+0000][1][safepoint    ] Leaving safepoint region
[2019-12-08T11:41:59.819+0000][1][safepoint    ] Total time for which application threads were stopped: 0.0001051 seconds, Stopping threads took: 0.0000394 seconds
[2019-12-08T11:42:23.820+0000][1][safepoint    ] Application time: 24.0016790 seconds
[2019-12-08T11:42:23.820+0000][1][safepoint    ] Entering safepoint region: Cleanup
[2019-12-08T11:42:23.821+0000][1][safepoint    ] Leaving safepoint region
[2019-12-08T11:42:23.821+0000][1][safepoint    ] Total time for which application threads were stopped: 0.0000831 seconds, Stopping threads took: 0.0000208 seconds
[2019-12-08T11:42:25.821+0000][1][safepoint    ] Application time: 2.0001481 seconds
[2019-12-08T11:42:25.821+0000][1][safepoint    ] Entering safepoint region: Cleanup
[2019-12-08T11:42:25.821+0000][1][safepoint    ] Leaving safepoint region
[2019-12-08T11:42:25.821+0000][1][safepoint    ] Total time for which application threads were stopped: 0.0000778 seconds, Stopping threads took: 0.0000174 seconds
[2019-12-08T11:42:34.822+0000][1][safepoint    ] Application time: 9.0006639 seconds
[2019-12-08T11:42:34.822+0000][1][safepoint    ] Entering safepoint region: Cleanup
[2019-12-08T11:42:34.822+0000][1][safepoint    ] Leaving safepoint region
[2019-12-08T11:42:34.822+0000][1][safepoint    ] Total time for which application threads were stopped: 0.0000765 seconds, Stopping threads took: 0.0000173 seconds
[2019-12-08T11:42:37.822+0000][1][safepoint    ] Application time: 3.0002206 seconds
[2019-12-08T11:42:37.822+0000][1][safepoint    ] Entering safepoint region: Cleanup
[2019-12-08T11:42:37.822+0000][1][safepoint    ] Leaving safepoint region
[2019-12-08T11:42:37.822+0000][1][safepoint    ] Total time for which application threads were stopped: 0.0000887 seconds, Stopping threads took: 0.0000179 seconds
[2019-12-08T11:42:39.822+0000][1][safepoint    ] Application time: 2.0001481 seconds
[2019-12-08T11:42:39.822+0000][1][safepoint    ] Entering safepoint region: Cleanup
[2019-12-08T11:42:39.822+0000][1][safepoint    ] Leaving safepoint region
[2019-12-08T11:42:39.822+0000][1][safepoint    ] Total time for which application threads were stopped: 0.0000757 seconds, Stopping threads took: 0.0000164 seconds
[2019-12-08T11:42:49.823+0000][1][safepoint    ] Application time: 10.0006910 seconds
[2019-12-08T11:42:49.823+0000][1][safepoint    ] Entering safepoint region: Cleanup
[2019-12-08T11:42:49.823+0000][1][safepoint    ] Leaving safepoint region
[2019-12-08T11:42:49.823+0000][1][safepoint    ] Total time for which application threads were stopped: 0.0000821 seconds, Stopping threads took: 0.0000178 seconds
[2019-12-08T11:43:02.701+0000][1][safepoint    ] Application time: 12.8784263 seconds
[2019-12-08T11:43:02.702+0000][1][safepoint    ] Entering safepoint region: GenCollectForAllocation
[2019-12-08T11:43:02.702+0000][1][gc,start     ] GC(28) Pause Young (Allocation Failure)
[2019-12-08T11:43:02.702+0000][1][gc,task      ] GC(28) Using 4 workers of 4 for evacuation
[2019-12-08T11:43:02.704+0000][1][gc,age       ] GC(28) Desired survivor size 4456448 bytes, new threshold 6 (max threshold 6)
[2019-12-08T11:43:02.704+0000][1][gc,age       ] GC(28) Age table with threshold 6 (max threshold 6)
[2019-12-08T11:43:02.704+0000][1][gc,age       ] GC(28) - age   1:       8392 bytes,       8392 total
[2019-12-08T11:43:02.704+0000][1][gc,age       ] GC(28) - age   2:       5008 bytes,      13400 total
[2019-12-08T11:43:02.704+0000][1][gc,age       ] GC(28) - age   3:       5248 bytes,      18648 total
[2019-12-08T11:43:02.704+0000][1][gc,age       ] GC(28) - age   4:       8712 bytes,      27360 total
[2019-12-08T11:43:02.704+0000][1][gc,age       ] GC(28) - age   5:    1373744 bytes,    1401104 total
[2019-12-08T11:43:02.704+0000][1][gc,heap      ] GC(28) ParNew: 72078K->2421K(78656K)
[2019-12-08T11:43:02.704+0000][1][gc,heap      ] GC(28) CMS: 68024K->68024K(174784K)
[2019-12-08T11:43:02.704+0000][1][gc,metaspace ] GC(28) Metaspace: 67985K->67985K(1112064K)
[2019-12-08T11:43:02.704+0000][1][gc           ] GC(28) Pause Young (Allocation Failure) 136M->68M(247M) 2.775ms
[2019-12-08T11:43:02.704+0000][1][gc,cpu       ] GC(28) User=0.00s Sys=0.01s Real=0.00s
[2019-12-08T11:43:02.704+0000][1][safepoint    ] Leaving safepoint region
[2019-12-08T11:43:02.704+0000][1][safepoint    ] Total time for which application threads were stopped: 0.0029615 seconds, Stopping threads took: 0.0000329 seconds
[2019-12-08T11:43:07.705+0000][1][safepoint    ] Application time: 5.0004352 seconds
[2019-12-08T11:43:07.705+0000][1][safepoint    ] Entering safepoint region: Cleanup
[2019-12-08T11:43:07.705+0000][1][safepoint    ] Leaving safepoint region
[2019-12-08T11:43:07.705+0000][1][safepoint    ] Total time for which application threads were stopped: 0.0001046 seconds, Stopping threads took: 0.0000230 seconds
[2019-12-08T11:43:10.705+0000][1][safepoint    ] Application time: 3.0002260 seconds
[2019-12-08T11:43:10.705+0000][1][safepoint    ] Entering safepoint region: Cleanup
[2019-12-08T11:43:10.705+0000][1][safepoint    ] Leaving safepoint region
[2019-12-08T11:43:10.705+0000][1][safepoint    ] Total time for which application threads were stopped: 0.0000731 seconds, Stopping threads took: 0.0000162 seconds
[2019-12-08T11:43:19.706+0000][1][safepoint    ] Application time: 9.0006137 seconds
[2019-12-08T11:43:19.706+0000][1][safepoint    ] Entering safepoint region: Cleanup
[2019-12-08T11:43:19.706+0000][1][safepoint    ] Leaving safepoint region
[2019-12-08T11:43:19.706+0000][1][safepoint    ] Total time for which application threads were stopped: 0.0000771 seconds, Stopping threads took: 0.0000160 seconds
[2019-12-08T11:43:24.706+0000][1][safepoint    ] Application time: 5.0003092 seconds
[2019-12-08T11:43:24.706+0000][1][safepoint    ] Entering safepoint region: Cleanup
[2019-12-08T11:43:24.706+0000][1][safepoint    ] Leaving safepoint region
[2019-12-08T11:43:24.706+0000][1][safepoint    ] Total time for which application threads were stopped: 0.0000805 seconds, Stopping threads took: 0.0000172 seconds
[2019-12-08T11:43:39.708+0000][1][safepoint    ] Application time: 15.0010270 seconds
[2019-12-08T11:43:39.708+0000][1][safepoint    ] Entering safepoint region: Cleanup
[2019-12-08T11:43:39.708+0000][1][safepoint    ] Leaving safepoint region
[2019-12-08T11:43:39.708+0000][1][safepoint    ] Total time for which application threads were stopped: 0.0000737 seconds, Stopping threads took: 0.0000155 seconds
[2019-12-08T11:43:53.709+0000][1][safepoint    ] Application time: 14.0009653 seconds
[2019-12-08T11:43:53.709+0000][1][safepoint    ] Entering safepoint region: Cleanup
[2019-12-08T11:43:53.709+0000][1][safepoint    ] Leaving safepoint region
[2019-12-08T11:43:53.709+0000][1][safepoint    ] Total time for which application threads were stopped: 0.0000932 seconds, Stopping threads took: 0.0000187 seconds
[2019-12-08T11:44:00.709+0000][1][safepoint    ] Application time: 7.0004861 seconds
[2019-12-08T11:44:00.709+0000][1][safepoint    ] Entering safepoint region: Cleanup
[2019-12-08T11:44:00.709+0000][1][safepoint    ] Leaving safepoint region
[2019-12-08T11:44:00.709+0000][1][safepoint    ] Total time for which application threads were stopped: 0.0000830 seconds, Stopping threads took: 0.0000234 seconds
[2019-12-08T11:44:01.709+0000][1][safepoint    ] Application time: 1.0000842 seconds
[2019-12-08T11:44:01.709+0000][1][safepoint    ] Entering safepoint region: Cleanup
[2019-12-08T11:44:01.710+0000][1][safepoint    ] Leaving safepoint region
[2019-12-08T11:44:01.710+0000][1][safepoint    ] Total time for which application threads were stopped: 0.0001106 seconds, Stopping threads took: 0.0000249 seconds
[2019-12-08T11:44:14.711+0000][1][safepoint    ] Application time: 13.0009703 seconds
[2019-12-08T11:44:14.711+0000][1][safepoint    ] Entering safepoint region: Cleanup
[2019-12-08T11:44:14.711+0000][1][safepoint    ] Leaving safepoint region
[2019-12-08T11:44:14.711+0000][1][safepoint    ] Total time for which application threads were stopped: 0.0000809 seconds, Stopping threads took: 0.0000176 seconds
[2019-12-08T11:44:23.711+0000][1][safepoint    ] Application time: 9.0006600 seconds
[2019-12-08T11:44:23.711+0000][1][safepoint    ] Entering safepoint region: Cleanup
[2019-12-08T11:44:23.711+0000][1][safepoint    ] Leaving safepoint region
[2019-12-08T11:44:23.711+0000][1][safepoint    ] Total time for which application threads were stopped: 0.0000794 seconds, Stopping threads took: 0.0000167 seconds
[2019-12-08T11:44:25.712+0000][1][safepoint    ] Application time: 2.0001449 seconds
[2019-12-08T11:44:25.712+0000][1][safepoint    ] Entering safepoint region: Cleanup
[2019-12-08T11:44:25.712+0000][1][safepoint    ] Leaving safepoint region
[2019-12-08T11:44:25.712+0000][1][safepoint    ] Total time for which application threads were stopped: 0.0000918 seconds, Stopping threads took: 0.0000229 seconds
[2019-12-08T11:45:00.714+0000][1][safepoint    ] Application time: 35.0023892 seconds
[2019-12-08T11:45:00.714+0000][1][safepoint    ] Entering safepoint region: Cleanup
[2019-12-08T11:45:00.714+0000][1][safepoint    ] Leaving safepoint region
[2019-12-08T11:45:00.714+0000][1][safepoint    ] Total time for which application threads were stopped: 0.0000872 seconds, Stopping threads took: 0.0000259 seconds
[2019-12-08T11:45:01.714+0000][1][safepoint    ] Application time: 1.0000808 seconds
[2019-12-08T11:45:01.714+0000][1][safepoint    ] Entering safepoint region: Cleanup
[2019-12-08T11:45:01.714+0000][1][safepoint    ] Leaving safepoint region
[2019-12-08T11:45:01.714+0000][1][safepoint    ] Total time for which application threads were stopped: 0.0000823 seconds, Stopping threads took: 0.0000185 seconds
[2019-12-08T11:45:09.788+0000][1][safepoint    ] Application time: 8.0734583 seconds
[2019-12-08T11:45:09.788+0000][1][safepoint    ] Entering safepoint region: GenCollectForAllocation
[2019-12-08T11:45:09.788+0000][1][gc,start     ] GC(29) Pause Young (Allocation Failure)
[2019-12-08T11:45:09.788+0000][1][gc,task      ] GC(29) Using 4 workers of 4 for evacuation
[2019-12-08T11:45:09.791+0000][1][gc,age       ] GC(29) Desired survivor size 4456448 bytes, new threshold 6 (max threshold 6)
[2019-12-08T11:45:09.791+0000][1][gc,age       ] GC(29) Age table with threshold 6 (max threshold 6)
[2019-12-08T11:45:09.791+0000][1][gc,age       ] GC(29) - age   1:       4088 bytes,       4088 total
[2019-12-08T11:45:09.791+0000][1][gc,age       ] GC(29) - age   2:       5408 bytes,       9496 total
[2019-12-08T11:45:09.791+0000][1][gc,age       ] GC(29) - age   3:       5008 bytes,      14504 total
[2019-12-08T11:45:09.791+0000][1][gc,age       ] GC(29) - age   4:       5248 bytes,      19752 total
[2019-12-08T11:45:09.791+0000][1][gc,age       ] GC(29) - age   5:       8712 bytes,      28464 total
[2019-12-08T11:45:09.791+0000][1][gc,age       ] GC(29) - age   6:    1373528 bytes,    1401992 total
[2019-12-08T11:45:09.791+0000][1][gc,heap      ] GC(29) ParNew: 72373K->1932K(78656K)
[2019-12-08T11:45:09.791+0000][1][gc,heap      ] GC(29) CMS: 68024K->68024K(174784K)
[2019-12-08T11:45:09.791+0000][1][gc,metaspace ] GC(29) Metaspace: 67993K->67993K(1112064K)
[2019-12-08T11:45:09.791+0000][1][gc           ] GC(29) Pause Young (Allocation Failure) 137M->68M(247M) 2.868ms
[2019-12-08T11:45:09.791+0000][1][gc,cpu       ] GC(29) User=0.01s Sys=0.00s Real=0.01s
[2019-12-08T11:45:09.791+0000][1][safepoint    ] Leaving safepoint region
[2019-12-08T11:45:09.791+0000][1][safepoint    ] Total time for which application threads were stopped: 0.0030637 seconds, Stopping threads took: 0.0000183 seconds
[2019-12-08T11:45:18.792+0000][1][safepoint    ] Application time: 9.0007329 seconds
[2019-12-08T11:45:18.792+0000][1][safepoint    ] Entering safepoint region: Cleanup
[2019-12-08T11:45:18.792+0000][1][safepoint    ] Leaving safepoint region
[2019-12-08T11:45:18.792+0000][1][safepoint    ] Total time for which application threads were stopped: 0.0000768 seconds, Stopping threads took: 0.0000161 seconds
[2019-12-08T11:45:50.794+0000][1][safepoint    ] Application time: 32.0022483 seconds
[2019-12-08T11:45:50.794+0000][1][safepoint    ] Entering safepoint region: Cleanup
[2019-12-08T11:45:50.794+0000][1][safepoint    ] Leaving safepoint region
[2019-12-08T11:45:50.794+0000][1][safepoint    ] Total time for which application threads were stopped: 0.0000830 seconds, Stopping threads took: 0.0000176 seconds
[2019-12-08T11:46:06.795+0000][1][safepoint    ] Application time: 16.0011107 seconds
[2019-12-08T11:46:06.795+0000][1][safepoint    ] Entering safepoint region: Cleanup
[2019-12-08T11:46:06.795+0000][1][safepoint    ] Leaving safepoint region
[2019-12-08T11:46:06.795+0000][1][safepoint    ] Total time for which application threads were stopped: 0.0000920 seconds, Stopping threads took: 0.0000293 seconds
[2019-12-08T11:46:23.797+0000][1][safepoint    ] Application time: 17.0011673 seconds
[2019-12-08T11:46:23.797+0000][1][safepoint    ] Entering safepoint region: Cleanup
[2019-12-08T11:46:23.797+0000][1][safepoint    ] Leaving safepoint region
[2019-12-08T11:46:23.797+0000][1][safepoint    ] Total time for which application threads were stopped: 0.0000782 seconds, Stopping threads took: 0.0000172 seconds
[2019-12-08T11:46:33.797+0000][1][safepoint    ] Application time: 10.0007026 seconds
[2019-12-08T11:46:33.798+0000][1][safepoint    ] Entering safepoint region: Cleanup
[2019-12-08T11:46:33.798+0000][1][safepoint    ] Leaving safepoint region
[2019-12-08T11:46:33.798+0000][1][safepoint    ] Total time for which application threads were stopped: 0.0000751 seconds, Stopping threads took: 0.0000181 seconds
[2019-12-08T11:46:54.799+0000][1][safepoint    ] Application time: 21.0014678 seconds
[2019-12-08T11:46:54.799+0000][1][safepoint    ] Entering safepoint region: Cleanup
[2019-12-08T11:46:54.799+0000][1][safepoint    ] Leaving safepoint region
[2019-12-08T11:46:54.799+0000][1][safepoint    ] Total time for which application threads were stopped: 0.0000848 seconds, Stopping threads took: 0.0000268 seconds
[2019-12-08T11:47:13.801+0000][1][safepoint    ] Application time: 19.0013130 seconds
[2019-12-08T11:47:13.801+0000][1][safepoint    ] Entering safepoint region: Cleanup
[2019-12-08T11:47:13.801+0000][1][safepoint    ] Leaving safepoint region
[2019-12-08T11:47:13.801+0000][1][safepoint    ] Total time for which application threads were stopped: 0.0000839 seconds, Stopping threads took: 0.0000269 seconds
[2019-12-08T11:47:18.938+0000][1][safepoint    ] Application time: 5.1375048 seconds
[2019-12-08T11:47:18.938+0000][1][safepoint    ] Entering safepoint region: GenCollectForAllocation
[2019-12-08T11:47:18.938+0000][1][gc,start     ] GC(30) Pause Young (Allocation Failure)
[2019-12-08T11:47:18.938+0000][1][gc,task      ] GC(30) Using 4 workers of 4 for evacuation
[2019-12-08T11:47:18.942+0000][1][gc,age       ] GC(30) Desired survivor size 4456448 bytes, new threshold 6 (max threshold 6)
[2019-12-08T11:47:18.942+0000][1][gc,age       ] GC(30) Age table with threshold 6 (max threshold 6)
[2019-12-08T11:47:18.942+0000][1][gc,age       ] GC(30) - age   1:       3760 bytes,       3760 total
[2019-12-08T11:47:18.942+0000][1][gc,age       ] GC(30) - age   2:       1016 bytes,       4776 total
[2019-12-08T11:47:18.942+0000][1][gc,age       ] GC(30) - age   3:       5408 bytes,      10184 total
[2019-12-08T11:47:18.942+0000][1][gc,age       ] GC(30) - age   4:       5008 bytes,      15192 total
[2019-12-08T11:47:18.942+0000][1][gc,age       ] GC(30) - age   5:       5248 bytes,      20440 total
[2019-12-08T11:47:18.942+0000][1][gc,age       ] GC(30) - age   6:       8712 bytes,      29152 total
[2019-12-08T11:47:18.942+0000][1][gc,heap      ] GC(30) ParNew: 71884K->1241K(78656K)
[2019-12-08T11:47:18.942+0000][1][gc,heap      ] GC(30) CMS: 68024K->69403K(174784K)
[2019-12-08T11:47:18.942+0000][1][gc,metaspace ] GC(30) Metaspace: 67995K->67995K(1112064K)
[2019-12-08T11:47:18.942+0000][1][gc           ] GC(30) Pause Young (Allocation Failure) 136M->68M(247M) 3.916ms
[2019-12-08T11:47:18.942+0000][1][gc,cpu       ] GC(30) User=0.01s Sys=0.00s Real=0.01s
[2019-12-08T11:47:18.942+0000][1][safepoint    ] Leaving safepoint region
[2019-12-08T11:47:18.942+0000][1][safepoint    ] Total time for which application threads were stopped: 0.0040583 seconds, Stopping threads took: 0.0000164 seconds
[2019-12-08T11:47:47.944+0000][1][safepoint    ] Application time: 29.0019520 seconds
[2019-12-08T11:47:47.944+0000][1][safepoint    ] Entering safepoint region: Cleanup
[2019-12-08T11:47:47.944+0000][1][safepoint    ] Leaving safepoint region
[2019-12-08T11:47:47.944+0000][1][safepoint    ] Total time for which application threads were stopped: 0.0000674 seconds, Stopping threads took: 0.0000147 seconds
[2019-12-08T11:47:48.944+0000][1][safepoint    ] Application time: 1.0000770 seconds
[2019-12-08T11:47:48.944+0000][1][safepoint    ] Entering safepoint region: Cleanup
[2019-12-08T11:47:48.944+0000][1][safepoint    ] Leaving safepoint region
[2019-12-08T11:47:48.944+0000][1][safepoint    ] Total time for which application threads were stopped: 0.0000726 seconds, Stopping threads took: 0.0000181 seconds
[2019-12-08T11:47:58.945+0000][1][safepoint    ] Application time: 10.0006691 seconds
[2019-12-08T11:47:58.945+0000][1][safepoint    ] Entering safepoint region: Cleanup
[2019-12-08T11:47:58.945+0000][1][safepoint    ] Leaving safepoint region
[2019-12-08T11:47:58.945+0000][1][safepoint    ] Total time for which application threads were stopped: 0.0000823 seconds, Stopping threads took: 0.0000268 seconds
[2019-12-08T11:47:59.945+0000][1][safepoint    ] Application time: 1.0000767 seconds
[2019-12-08T11:47:59.945+0000][1][safepoint    ] Entering safepoint region: Cleanup
[2019-12-08T11:47:59.945+0000][1][safepoint    ] Leaving safepoint region
[2019-12-08T11:47:59.945+0000][1][safepoint    ] Total time for which application threads were stopped: 0.0000753 seconds, Stopping threads took: 0.0000234 seconds
[2019-12-08T11:48:00.946+0000][1][safepoint    ] Application time: 1.0000773 seconds
[2019-12-08T11:48:00.946+0000][1][safepoint    ] Entering safepoint region: Cleanup
[2019-12-08T11:48:00.946+0000][1][safepoint    ] Leaving safepoint region
[2019-12-08T11:48:00.946+0000][1][safepoint    ] Total time for which application threads were stopped: 0.0000695 seconds, Stopping threads took: 0.0000171 seconds
[2019-12-08T11:48:03.946+0000][1][safepoint    ] Application time: 3.0002311 seconds
[2019-12-08T11:48:03.946+0000][1][safepoint    ] Entering safepoint region: Cleanup
[2019-12-08T11:48:03.946+0000][1][safepoint    ] Leaving safepoint region
[2019-12-08T11:48:03.946+0000][1][safepoint    ] Total time for which application threads were stopped: 0.0000723 seconds, Stopping threads took: 0.0000171 seconds
[2019-12-08T11:48:04.946+0000][1][safepoint    ] Application time: 1.0000800 seconds
[2019-12-08T11:48:04.946+0000][1][safepoint    ] Entering safepoint region: Cleanup
[2019-12-08T11:48:04.946+0000][1][safepoint    ] Leaving safepoint region
[2019-12-08T11:48:04.946+0000][1][safepoint    ] Total time for which application threads were stopped: 0.0000835 seconds, Stopping threads took: 0.0000264 seconds
[2019-12-08T11:48:11.947+0000][1][safepoint    ] Application time: 7.0004979 seconds
[2019-12-08T11:48:11.947+0000][1][safepoint    ] Entering safepoint region: Cleanup
[2019-12-08T11:48:11.947+0000][1][safepoint    ] Leaving safepoint region
[2019-12-08T11:48:11.947+0000][1][safepoint    ] Total time for which application threads were stopped: 0.0000728 seconds, Stopping threads took: 0.0000195 seconds
[2019-12-08T11:48:21.947+0000][1][safepoint    ] Application time: 10.0006936 seconds
[2019-12-08T11:48:21.948+0000][1][safepoint    ] Entering safepoint region: Cleanup
[2019-12-08T11:48:21.948+0000][1][safepoint    ] Leaving safepoint region
[2019-12-08T11:48:21.948+0000][1][safepoint    ] Total time for which application threads were stopped: 0.0000713 seconds, Stopping threads took: 0.0000169 seconds
[2019-12-08T11:48:23.948+0000][1][safepoint    ] Application time: 2.0001468 seconds
[2019-12-08T11:48:23.948+0000][1][safepoint    ] Entering safepoint region: Cleanup
[2019-12-08T11:48:23.948+0000][1][safepoint    ] Leaving safepoint region
[2019-12-08T11:48:23.948+0000][1][safepoint    ] Total time for which application threads were stopped: 0.0000710 seconds, Stopping threads took: 0.0000169 seconds
[2019-12-08T11:48:33.949+0000][1][safepoint    ] Application time: 10.0006870 seconds
[2019-12-08T11:48:33.949+0000][1][safepoint    ] Entering safepoint region: Cleanup
[2019-12-08T11:48:33.949+0000][1][safepoint    ] Leaving safepoint region
[2019-12-08T11:48:33.949+0000][1][safepoint    ] Total time for which application threads were stopped: 0.0000749 seconds, Stopping threads took: 0.0000179 seconds
[2019-12-08T11:48:44.949+0000][1][safepoint    ] Application time: 11.0007628 seconds
[2019-12-08T11:48:44.949+0000][1][safepoint    ] Entering safepoint region: Cleanup
[2019-12-08T11:48:44.949+0000][1][safepoint    ] Leaving safepoint region
[2019-12-08T11:48:44.949+0000][1][safepoint    ] Total time for which application threads were stopped: 0.0000721 seconds, Stopping threads took: 0.0000175 seconds
[2019-12-08T11:49:03.973+0000][1][safepoint    ] Application time: 19.0237893 seconds
[2019-12-08T11:49:03.973+0000][1][safepoint    ] Entering safepoint region: RevokeBias
[2019-12-08T11:49:03.973+0000][1][safepoint    ] Leaving safepoint region
[2019-12-08T11:49:03.973+0000][1][safepoint    ] Total time for which application threads were stopped: 0.0001235 seconds, Stopping threads took: 0.0000238 seconds
[2019-12-08T11:49:04.974+0000][1][safepoint    ] Application time: 1.0000867 seconds
[2019-12-08T11:49:04.974+0000][1][safepoint    ] Entering safepoint region: Cleanup
[2019-12-08T11:49:04.974+0000][1][safepoint    ] Leaving safepoint region
[2019-12-08T11:49:04.974+0000][1][safepoint    ] Total time for which application threads were stopped: 0.0000776 seconds, Stopping threads took: 0.0000185 seconds
[2019-12-08T11:49:22.975+0000][1][safepoint    ] Application time: 18.0012234 seconds
[2019-12-08T11:49:22.975+0000][1][safepoint    ] Entering safepoint region: Cleanup
[2019-12-08T11:49:22.975+0000][1][safepoint    ] Leaving safepoint region
[2019-12-08T11:49:22.975+0000][1][safepoint    ] Total time for which application threads were stopped: 0.0000782 seconds, Stopping threads took: 0.0000176 seconds
[2019-12-08T11:49:24.975+0000][1][safepoint    ] Application time: 2.0001425 seconds
[2019-12-08T11:49:24.975+0000][1][safepoint    ] Entering safepoint region: Cleanup
[2019-12-08T11:49:24.975+0000][1][safepoint    ] Leaving safepoint region
[2019-12-08T11:49:24.975+0000][1][safepoint    ] Total time for which application threads were stopped: 0.0000778 seconds, Stopping threads took: 0.0000185 seconds
[2019-12-08T11:49:28.983+0000][1][safepoint    ] Application time: 4.0078438 seconds
[2019-12-08T11:49:28.983+0000][1][safepoint    ] Entering safepoint region: GenCollectForAllocation
[2019-12-08T11:49:28.983+0000][1][gc,start     ] GC(31) Pause Young (Allocation Failure)
[2019-12-08T11:49:28.983+0000][1][gc,task      ] GC(31) Using 4 workers of 4 for evacuation
[2019-12-08T11:49:28.984+0000][1][gc,age       ] GC(31) Desired survivor size 4456448 bytes, new threshold 6 (max threshold 6)
[2019-12-08T11:49:28.984+0000][1][gc,age       ] GC(31) Age table with threshold 6 (max threshold 6)
[2019-12-08T11:49:28.984+0000][1][gc,age       ] GC(31) - age   1:       7392 bytes,       7392 total
[2019-12-08T11:49:28.984+0000][1][gc,age       ] GC(31) - age   2:         56 bytes,       7448 total
[2019-12-08T11:49:28.984+0000][1][gc,age       ] GC(31) - age   3:       1016 bytes,       8464 total
[2019-12-08T11:49:28.984+0000][1][gc,age       ] GC(31) - age   4:       5408 bytes,      13872 total
[2019-12-08T11:49:28.984+0000][1][gc,age       ] GC(31) - age   5:       5008 bytes,      18880 total
[2019-12-08T11:49:28.984+0000][1][gc,age       ] GC(31) - age   6:       5248 bytes,      24128 total
[2019-12-08T11:49:28.984+0000][1][gc,heap      ] GC(31) ParNew: 71193K->315K(78656K)
[2019-12-08T11:49:28.984+0000][1][gc,heap      ] GC(31) CMS: 69403K->69412K(174784K)
[2019-12-08T11:49:28.984+0000][1][gc,metaspace ] GC(31) Metaspace: 67996K->67996K(1112064K)
[2019-12-08T11:49:28.984+0000][1][gc           ] GC(31) Pause Young (Allocation Failure) 137M->68M(247M) 1.196ms
[2019-12-08T11:49:28.984+0000][1][gc,cpu       ] GC(31) User=0.01s Sys=0.00s Real=0.00s
[2019-12-08T11:49:28.984+0000][1][safepoint    ] Leaving safepoint region
[2019-12-08T11:49:28.984+0000][1][safepoint    ] Total time for which application threads were stopped: 0.0013532 seconds, Stopping threads took: 0.0000247 seconds
[2019-12-08T11:49:55.986+0000][1][safepoint    ] Application time: 27.0018676 seconds
[2019-12-08T11:49:55.986+0000][1][safepoint    ] Entering safepoint region: Cleanup
[2019-12-08T11:49:55.986+0000][1][safepoint    ] Leaving safepoint region
[2019-12-08T11:49:55.986+0000][1][safepoint    ] Total time for which application threads were stopped: 0.0000830 seconds, Stopping threads took: 0.0000247 seconds
[2019-12-08T11:50:09.987+0000][1][safepoint    ] Application time: 14.0009748 seconds
[2019-12-08T11:50:09.987+0000][1][safepoint    ] Entering safepoint region: Cleanup
[2019-12-08T11:50:09.988+0000][1][safepoint    ] Leaving safepoint region
[2019-12-08T11:50:09.988+0000][1][safepoint    ] Total time for which application threads were stopped: 0.0000857 seconds, Stopping threads took: 0.0000262 seconds
[2019-12-08T11:50:17.988+0000][1][safepoint    ] Application time: 8.0005529 seconds
[2019-12-08T11:50:17.988+0000][1][safepoint    ] Entering safepoint region: Cleanup
[2019-12-08T11:50:17.988+0000][1][safepoint    ] Leaving safepoint region
[2019-12-08T11:50:17.988+0000][1][safepoint    ] Total time for which application threads were stopped: 0.0000775 seconds, Stopping threads took: 0.0000165 seconds
[2019-12-08T11:50:39.990+0000][1][safepoint    ] Application time: 22.0015467 seconds
[2019-12-08T11:50:39.990+0000][1][safepoint    ] Entering safepoint region: Cleanup
[2019-12-08T11:50:39.990+0000][1][safepoint    ] Leaving safepoint region
[2019-12-08T11:50:39.990+0000][1][safepoint    ] Total time for which application threads were stopped: 0.0000799 seconds, Stopping threads took: 0.0000172 seconds
[2019-12-08T11:50:54.991+0000][1][safepoint    ] Application time: 15.0011082 seconds
[2019-12-08T11:50:54.991+0000][1][safepoint    ] Entering safepoint region: Cleanup
[2019-12-08T11:50:54.991+0000][1][safepoint    ] Leaving safepoint region
[2019-12-08T11:50:54.991+0000][1][safepoint    ] Total time for which application threads were stopped: 0.0001015 seconds, Stopping threads took: 0.0000191 seconds
[2019-12-08T11:51:09.992+0000][1][safepoint    ] Application time: 15.0011463 seconds
[2019-12-08T11:51:09.992+0000][1][safepoint    ] Entering safepoint region: Cleanup
[2019-12-08T11:51:09.992+0000][1][safepoint    ] Leaving safepoint region
[2019-12-08T11:51:09.992+0000][1][safepoint    ] Total time for which application threads were stopped: 0.0000867 seconds, Stopping threads took: 0.0000270 seconds
[2019-12-08T11:51:19.993+0000][1][safepoint    ] Application time: 10.0007137 seconds
[2019-12-08T11:51:19.993+0000][1][safepoint    ] Entering safepoint region: Cleanup
[2019-12-08T11:51:19.993+0000][1][safepoint    ] Leaving safepoint region
[2019-12-08T11:51:19.993+0000][1][safepoint    ] Total time for which application threads were stopped: 0.0000773 seconds, Stopping threads took: 0.0000173 seconds
[2019-12-08T11:51:25.994+0000][1][safepoint    ] Application time: 6.0004629 seconds
[2019-12-08T11:51:25.994+0000][1][safepoint    ] Entering safepoint region: Cleanup
[2019-12-08T11:51:25.994+0000][1][safepoint    ] Leaving safepoint region
[2019-12-08T11:51:25.994+0000][1][safepoint    ] Total time for which application threads were stopped: 0.0000819 seconds, Stopping threads took: 0.0000166 seconds
[2019-12-08T11:51:34.994+0000][1][safepoint    ] Application time: 9.0006543 seconds
[2019-12-08T11:51:34.995+0000][1][safepoint    ] Entering safepoint region: Cleanup
[2019-12-08T11:51:34.995+0000][1][safepoint    ] Leaving safepoint region
[2019-12-08T11:51:34.995+0000][1][safepoint    ] Total time for which application threads were stopped: 0.0000772 seconds, Stopping threads took: 0.0000179 seconds
[2019-12-08T11:51:39.028+0000][1][safepoint    ] Application time: 4.0336377 seconds
[2019-12-08T11:51:39.028+0000][1][safepoint    ] Entering safepoint region: GenCollectForAllocation
[2019-12-08T11:51:39.028+0000][1][gc,start     ] GC(32) Pause Young (Allocation Failure)
[2019-12-08T11:51:39.028+0000][1][gc,task      ] GC(32) Using 4 workers of 4 for evacuation
[2019-12-08T11:51:39.029+0000][1][gc,age       ] GC(32) Desired survivor size 4456448 bytes, new threshold 6 (max threshold 6)
[2019-12-08T11:51:39.029+0000][1][gc,age       ] GC(32) Age table with threshold 6 (max threshold 6)
[2019-12-08T11:51:39.029+0000][1][gc,age       ] GC(32) - age   1:       5016 bytes,       5016 total
[2019-12-08T11:51:39.029+0000][1][gc,age       ] GC(32) - age   2:       3664 bytes,       8680 total
[2019-12-08T11:51:39.029+0000][1][gc,age       ] GC(32) - age   3:         56 bytes,       8736 total
[2019-12-08T11:51:39.029+0000][1][gc,age       ] GC(32) - age   4:       1016 bytes,       9752 total
[2019-12-08T11:51:39.029+0000][1][gc,age       ] GC(32) - age   5:       5408 bytes,      15160 total
[2019-12-08T11:51:39.029+0000][1][gc,age       ] GC(32) - age   6:       5008 bytes,      20168 total
[2019-12-08T11:51:39.029+0000][1][gc,heap      ] GC(32) ParNew: 70267K->83K(78656K)
[2019-12-08T11:51:39.029+0000][1][gc,heap      ] GC(32) CMS: 69412K->69417K(174784K)
[2019-12-08T11:51:39.029+0000][1][gc,metaspace ] GC(32) Metaspace: 67998K->67998K(1112064K)
[2019-12-08T11:51:39.029+0000][1][gc           ] GC(32) Pause Young (Allocation Failure) 136M->67M(247M) 1.094ms
[2019-12-08T11:51:39.029+0000][1][gc,cpu       ] GC(32) User=0.00s Sys=0.00s Real=0.00s
[2019-12-08T11:51:39.029+0000][1][safepoint    ] Leaving safepoint region
[2019-12-08T11:51:39.029+0000][1][safepoint    ] Total time for which application threads were stopped: 0.0012331 seconds, Stopping threads took: 0.0000158 seconds
[2019-12-08T11:52:10.032+0000][1][safepoint    ] Application time: 31.0024173 seconds
[2019-12-08T11:52:10.032+0000][1][safepoint    ] Entering safepoint region: Cleanup
[2019-12-08T11:52:10.032+0000][1][safepoint    ] Leaving safepoint region
[2019-12-08T11:52:10.032+0000][1][safepoint    ] Total time for which application threads were stopped: 0.0001007 seconds, Stopping threads took: 0.0000285 seconds
[2019-12-08T11:52:32.034+0000][1][safepoint    ] Application time: 22.0015459 seconds
[2019-12-08T11:52:32.034+0000][1][safepoint    ] Entering safepoint region: Cleanup
[2019-12-08T11:52:32.034+0000][1][safepoint    ] Leaving safepoint region
[2019-12-08T11:52:32.034+0000][1][safepoint    ] Total time for which application threads were stopped: 0.0000941 seconds, Stopping threads took: 0.0000168 seconds
[2019-12-08T11:52:50.035+0000][1][safepoint    ] Application time: 18.0012630 seconds
[2019-12-08T11:52:50.035+0000][1][safepoint    ] Entering safepoint region: Cleanup
[2019-12-08T11:52:50.035+0000][1][safepoint    ] Leaving safepoint region
[2019-12-08T11:52:50.035+0000][1][safepoint    ] Total time for which application threads were stopped: 0.0000825 seconds, Stopping threads took: 0.0000191 seconds
[2019-12-08T11:52:56.036+0000][1][safepoint    ] Application time: 6.0004521 seconds
[2019-12-08T11:52:56.036+0000][1][safepoint    ] Entering safepoint region: Cleanup
[2019-12-08T11:52:56.036+0000][1][safepoint    ] Leaving safepoint region
[2019-12-08T11:52:56.036+0000][1][safepoint    ] Total time for which application threads were stopped: 0.0000969 seconds, Stopping threads took: 0.0000199 seconds
[2019-12-08T11:53:40.039+0000][1][safepoint    ] Application time: 44.0032149 seconds
[2019-12-08T11:53:40.039+0000][1][safepoint    ] Entering safepoint region: Cleanup
[2019-12-08T11:53:40.039+0000][1][safepoint    ] Leaving safepoint region
[2019-12-08T11:53:40.039+0000][1][safepoint    ] Total time for which application threads were stopped: 0.0000916 seconds, Stopping threads took: 0.0000263 seconds
[2019-12-08T11:53:49.092+0000][1][safepoint    ] Application time: 9.0525045 seconds
[2019-12-08T11:53:49.092+0000][1][safepoint    ] Entering safepoint region: GenCollectForAllocation
[2019-12-08T11:53:49.092+0000][1][gc,start     ] GC(33) Pause Young (Allocation Failure)
[2019-12-08T11:53:49.092+0000][1][gc,task      ] GC(33) Using 4 workers of 4 for evacuation
[2019-12-08T11:53:49.093+0000][1][gc,age       ] GC(33) Desired survivor size 4456448 bytes, new threshold 6 (max threshold 6)
[2019-12-08T11:53:49.093+0000][1][gc,age       ] GC(33) Age table with threshold 6 (max threshold 6)
[2019-12-08T11:53:49.093+0000][1][gc,age       ] GC(33) - age   1:       2976 bytes,       2976 total
[2019-12-08T11:53:49.093+0000][1][gc,age       ] GC(33) - age   2:       1320 bytes,       4296 total
[2019-12-08T11:53:49.093+0000][1][gc,age       ] GC(33) - age   3:       3664 bytes,       7960 total
[2019-12-08T11:53:49.093+0000][1][gc,age       ] GC(33) - age   4:         56 bytes,       8016 total
[2019-12-08T11:53:49.093+0000][1][gc,age       ] GC(33) - age   5:       1016 bytes,       9032 total
[2019-12-08T11:53:49.093+0000][1][gc,age       ] GC(33) - age   6:       5408 bytes,      14440 total
[2019-12-08T11:53:49.093+0000][1][gc,heap      ] GC(33) ParNew: 70035K->32K(78656K)
[2019-12-08T11:53:49.093+0000][1][gc,heap      ] GC(33) CMS: 69417K->69422K(174784K)
[2019-12-08T11:53:49.093+0000][1][gc,metaspace ] GC(33) Metaspace: 68001K->68001K(1112064K)
[2019-12-08T11:53:49.093+0000][1][gc           ] GC(33) Pause Young (Allocation Failure) 136M->67M(247M) 1.305ms
[2019-12-08T11:53:49.093+0000][1][gc,cpu       ] GC(33) User=0.00s Sys=0.00s Real=0.00s
[2019-12-08T11:53:49.093+0000][1][safepoint    ] Leaving safepoint region
[2019-12-08T11:53:49.093+0000][1][safepoint    ] Total time for which application threads were stopped: 0.0015051 seconds, Stopping threads took: 0.0000231 seconds
[2019-12-08T11:54:08.095+0000][1][safepoint    ] Application time: 19.0015152 seconds
[2019-12-08T11:54:08.095+0000][1][safepoint    ] Entering safepoint region: Cleanup
[2019-12-08T11:54:08.095+0000][1][safepoint    ] Leaving safepoint region
[2019-12-08T11:54:08.095+0000][1][safepoint    ] Total time for which application threads were stopped: 0.0001079 seconds, Stopping threads took: 0.0000284 seconds
[2019-12-08T11:54:19.096+0000][1][safepoint    ] Application time: 11.0008371 seconds
[2019-12-08T11:54:19.096+0000][1][safepoint    ] Entering safepoint region: Cleanup
[2019-12-08T11:54:19.096+0000][1][safepoint    ] Leaving safepoint region
[2019-12-08T11:54:19.096+0000][1][safepoint    ] Total time for which application threads were stopped: 0.0000896 seconds, Stopping threads took: 0.0000160 seconds
[2019-12-08T11:54:37.097+0000][1][safepoint    ] Application time: 18.0012998 seconds
[2019-12-08T11:54:37.097+0000][1][safepoint    ] Entering safepoint region: Cleanup
[2019-12-08T11:54:37.097+0000][1][safepoint    ] Leaving safepoint region
[2019-12-08T11:54:37.097+0000][1][safepoint    ] Total time for which application threads were stopped: 0.0000861 seconds, Stopping threads took: 0.0000180 seconds
[2019-12-08T11:54:40.097+0000][1][safepoint    ] Application time: 3.0002336 seconds
[2019-12-08T11:54:40.097+0000][1][safepoint    ] Entering safepoint region: Cleanup
[2019-12-08T11:54:40.098+0000][1][safepoint    ] Leaving safepoint region
[2019-12-08T11:54:40.098+0000][1][safepoint    ] Total time for which application threads were stopped: 0.0000844 seconds, Stopping threads took: 0.0000195 seconds
[2019-12-08T11:54:44.098+0000][1][safepoint    ] Application time: 4.0002916 seconds
[2019-12-08T11:54:44.098+0000][1][safepoint    ] Entering safepoint region: Cleanup
[2019-12-08T11:54:44.098+0000][1][safepoint    ] Leaving safepoint region
[2019-12-08T11:54:44.098+0000][1][safepoint    ] Total time for which application threads were stopped: 0.0000756 seconds, Stopping threads took: 0.0000154 seconds
[2019-12-08T11:55:05.099+0000][1][safepoint    ] Application time: 21.0014386 seconds
[2019-12-08T11:55:05.099+0000][1][safepoint    ] Entering safepoint region: Cleanup
[2019-12-08T11:55:05.099+0000][1][safepoint    ] Leaving safepoint region
[2019-12-08T11:55:05.099+0000][1][safepoint    ] Total time for which application threads were stopped: 0.0000867 seconds, Stopping threads took: 0.0000250 seconds
[2019-12-08T11:55:11.100+0000][1][safepoint    ] Application time: 6.0004512 seconds
[2019-12-08T11:55:11.100+0000][1][safepoint    ] Entering safepoint region: Cleanup
[2019-12-08T11:55:11.100+0000][1][safepoint    ] Leaving safepoint region
[2019-12-08T11:55:11.100+0000][1][safepoint    ] Total time for which application threads were stopped: 0.0000838 seconds, Stopping threads took: 0.0000192 seconds
[2019-12-08T11:55:18.101+0000][1][safepoint    ] Application time: 7.0005132 seconds
[2019-12-08T11:55:18.101+0000][1][safepoint    ] Entering safepoint region: Cleanup
[2019-12-08T11:55:18.101+0000][1][safepoint    ] Leaving safepoint region
[2019-12-08T11:55:18.101+0000][1][safepoint    ] Total time for which application threads were stopped: 0.0000985 seconds, Stopping threads took: 0.0000188 seconds
[2019-12-08T11:55:21.101+0000][1][safepoint    ] Application time: 3.0002283 seconds
[2019-12-08T11:55:21.101+0000][1][safepoint    ] Entering safepoint region: Cleanup
[2019-12-08T11:55:21.101+0000][1][safepoint    ] Leaving safepoint region
[2019-12-08T11:55:21.101+0000][1][safepoint    ] Total time for which application threads were stopped: 0.0000831 seconds, Stopping threads took: 0.0000189 seconds
[2019-12-08T11:55:28.102+0000][1][safepoint    ] Application time: 7.0005137 seconds
[2019-12-08T11:55:28.102+0000][1][safepoint    ] Entering safepoint region: Cleanup
[2019-12-08T11:55:28.102+0000][1][safepoint    ] Leaving safepoint region
[2019-12-08T11:55:28.102+0000][1][safepoint    ] Total time for which application threads were stopped: 0.0001002 seconds, Stopping threads took: 0.0000261 seconds
[2019-12-08T11:55:40.103+0000][1][safepoint    ] Application time: 12.0008358 seconds
[2019-12-08T11:55:40.103+0000][1][safepoint    ] Entering safepoint region: Cleanup
[2019-12-08T11:55:40.103+0000][1][safepoint    ] Leaving safepoint region
[2019-12-08T11:55:40.103+0000][1][safepoint    ] Total time for which application threads were stopped: 0.0000801 seconds, Stopping threads took: 0.0000178 seconds
[2019-12-08T11:55:56.104+0000][1][safepoint    ] Application time: 16.0011081 seconds
[2019-12-08T11:55:56.104+0000][1][safepoint    ] Entering safepoint region: Cleanup
[2019-12-08T11:55:56.104+0000][1][safepoint    ] Leaving safepoint region
[2019-12-08T11:55:56.104+0000][1][safepoint    ] Total time for which application threads were stopped: 0.0000878 seconds, Stopping threads took: 0.0000254 seconds
[2019-12-08T11:55:59.169+0000][1][safepoint    ] Application time: 3.0650637 seconds
[2019-12-08T11:55:59.169+0000][1][safepoint    ] Entering safepoint region: GenCollectForAllocation
[2019-12-08T11:55:59.169+0000][1][gc,start     ] GC(34) Pause Young (Allocation Failure)
[2019-12-08T11:55:59.169+0000][1][gc,task      ] GC(34) Using 4 workers of 4 for evacuation
[2019-12-08T11:55:59.170+0000][1][gc,age       ] GC(34) Desired survivor size 4456448 bytes, new threshold 6 (max threshold 6)
[2019-12-08T11:55:59.170+0000][1][gc,age       ] GC(34) Age table with threshold 6 (max threshold 6)
[2019-12-08T11:55:59.170+0000][1][gc,age       ] GC(34) - age   1:       4952 bytes,       4952 total
[2019-12-08T11:55:59.170+0000][1][gc,age       ] GC(34) - age   2:        232 bytes,       5184 total
[2019-12-08T11:55:59.170+0000][1][gc,age       ] GC(34) - age   3:       1320 bytes,       6504 total
[2019-12-08T11:55:59.170+0000][1][gc,age       ] GC(34) - age   4:       3664 bytes,      10168 total
[2019-12-08T11:55:59.170+0000][1][gc,age       ] GC(34) - age   5:         56 bytes,      10224 total
[2019-12-08T11:55:59.170+0000][1][gc,age       ] GC(34) - age   6:       1016 bytes,      11240 total
[2019-12-08T11:55:59.170+0000][1][gc,heap      ] GC(34) ParNew: 69984K->20K(78656K)
[2019-12-08T11:55:59.170+0000][1][gc,heap      ] GC(34) CMS: 69422K->69427K(174784K)
[2019-12-08T11:55:59.170+0000][1][gc,metaspace ] GC(34) Metaspace: 68017K->68017K(1112064K)
[2019-12-08T11:55:59.170+0000][1][gc           ] GC(34) Pause Young (Allocation Failure) 136M->67M(247M) 1.191ms
[2019-12-08T11:55:59.170+0000][1][gc,cpu       ] GC(34) User=0.00s Sys=0.00s Real=0.00s
[2019-12-08T11:55:59.170+0000][1][safepoint    ] Leaving safepoint region
[2019-12-08T11:55:59.170+0000][1][safepoint    ] Total time for which application threads were stopped: 0.0013362 seconds, Stopping threads took: 0.0000233 seconds
[2019-12-08T11:56:05.171+0000][1][safepoint    ] Application time: 6.0004487 seconds
[2019-12-08T11:56:05.171+0000][1][safepoint    ] Entering safepoint region: Cleanup
[2019-12-08T11:56:05.171+0000][1][safepoint    ] Leaving safepoint region
[2019-12-08T11:56:05.171+0000][1][safepoint    ] Total time for which application threads were stopped: 0.0001146 seconds, Stopping threads took: 0.0000460 seconds
[2019-12-08T11:56:06.171+0000][1][safepoint    ] Application time: 1.0000838 seconds
[2019-12-08T11:56:06.171+0000][1][safepoint    ] Entering safepoint region: Cleanup
[2019-12-08T11:56:06.171+0000][1][safepoint    ] Leaving safepoint region
[2019-12-08T11:56:06.171+0000][1][safepoint    ] Total time for which application threads were stopped: 0.0000834 seconds, Stopping threads took: 0.0000196 seconds
[2019-12-08T11:56:36.173+0000][1][safepoint    ] Application time: 30.0021867 seconds
[2019-12-08T11:56:36.173+0000][1][safepoint    ] Entering safepoint region: Cleanup
[2019-12-08T11:56:36.173+0000][1][safepoint    ] Leaving safepoint region
[2019-12-08T11:56:36.173+0000][1][safepoint    ] Total time for which application threads were stopped: 0.0000987 seconds, Stopping threads took: 0.0000299 seconds
[2019-12-08T11:56:38.174+0000][1][safepoint    ] Application time: 2.0001648 seconds
[2019-12-08T11:56:38.174+0000][1][safepoint    ] Entering safepoint region: Cleanup
[2019-12-08T11:56:38.174+0000][1][safepoint    ] Leaving safepoint region
[2019-12-08T11:56:38.174+0000][1][safepoint    ] Total time for which application threads were stopped: 0.0000951 seconds, Stopping threads took: 0.0000292 seconds
[2019-12-08T11:57:24.177+0000][1][safepoint    ] Application time: 46.0032539 seconds
[2019-12-08T11:57:24.177+0000][1][safepoint    ] Entering safepoint region: Cleanup
[2019-12-08T11:57:24.177+0000][1][safepoint    ] Leaving safepoint region
[2019-12-08T11:57:24.177+0000][1][safepoint    ] Total time for which application threads were stopped: 0.0000922 seconds, Stopping threads took: 0.0000267 seconds
[2019-12-08T11:58:09.237+0000][1][safepoint    ] Application time: 45.0597314 seconds
[2019-12-08T11:58:09.237+0000][1][safepoint    ] Entering safepoint region: GenCollectForAllocation
[2019-12-08T11:58:09.237+0000][1][gc,start     ] GC(35) Pause Young (Allocation Failure)
[2019-12-08T11:58:09.237+0000][1][gc,task      ] GC(35) Using 4 workers of 4 for evacuation
[2019-12-08T11:58:09.238+0000][1][gc,age       ] GC(35) Desired survivor size 4456448 bytes, new threshold 6 (max threshold 6)
[2019-12-08T11:58:09.238+0000][1][gc,age       ] GC(35) Age table with threshold 6 (max threshold 6)
[2019-12-08T11:58:09.238+0000][1][gc,age       ] GC(35) - age   1:       3976 bytes,       3976 total
[2019-12-08T11:58:09.238+0000][1][gc,age       ] GC(35) - age   2:       1968 bytes,       5944 total
[2019-12-08T11:58:09.238+0000][1][gc,age       ] GC(35) - age   3:        232 bytes,       6176 total
[2019-12-08T11:58:09.238+0000][1][gc,age       ] GC(35) - age   4:       1320 bytes,       7496 total
[2019-12-08T11:58:09.238+0000][1][gc,age       ] GC(35) - age   5:       3664 bytes,      11160 total
[2019-12-08T11:58:09.238+0000][1][gc,age       ] GC(35) - age   6:         56 bytes,      11216 total
[2019-12-08T11:58:09.238+0000][1][gc,heap      ] GC(35) ParNew: 69972K->16K(78656K)
[2019-12-08T11:58:09.238+0000][1][gc,heap      ] GC(35) CMS: 69427K->69428K(174784K)
[2019-12-08T11:58:09.238+0000][1][gc,metaspace ] GC(35) Metaspace: 68017K->68017K(1112064K)
[2019-12-08T11:58:09.239+0000][1][gc           ] GC(35) Pause Young (Allocation Failure) 136M->67M(247M) 1.435ms
[2019-12-08T11:58:09.239+0000][1][gc,cpu       ] GC(35) User=0.00s Sys=0.00s Real=0.00s
[2019-12-08T11:58:09.239+0000][1][safepoint    ] Leaving safepoint region
[2019-12-08T11:58:09.239+0000][1][safepoint    ] Total time for which application threads were stopped: 0.0016320 seconds, Stopping threads took: 0.0000624 seconds
[2019-12-08T11:59:24.244+0000][1][safepoint    ] Application time: 75.0051567 seconds
[2019-12-08T11:59:24.244+0000][1][safepoint    ] Entering safepoint region: Cleanup
[2019-12-08T11:59:24.244+0000][1][safepoint    ] Leaving safepoint region
[2019-12-08T11:59:24.244+0000][1][safepoint    ] Total time for which application threads were stopped: 0.0000879 seconds, Stopping threads took: 0.0000249 seconds
[2019-12-08T11:59:37.245+0000][1][safepoint    ] Application time: 13.0009330 seconds
[2019-12-08T11:59:37.245+0000][1][safepoint    ] Entering safepoint region: Cleanup
[2019-12-08T11:59:37.245+0000][1][safepoint    ] Leaving safepoint region
[2019-12-08T11:59:37.245+0000][1][safepoint    ] Total time for which application threads were stopped: 0.0000806 seconds, Stopping threads took: 0.0000179 seconds
[2019-12-08T11:59:45.245+0000][1][safepoint    ] Application time: 8.0005390 seconds
[2019-12-08T11:59:45.245+0000][1][safepoint    ] Entering safepoint region: Cleanup
[2019-12-08T11:59:45.246+0000][1][safepoint    ] Leaving safepoint region
[2019-12-08T11:59:45.246+0000][1][safepoint    ] Total time for which application threads were stopped: 0.0000976 seconds, Stopping threads took: 0.0000170 seconds
[2019-12-08T11:59:53.246+0000][1][safepoint    ] Application time: 8.0005554 seconds
[2019-12-08T11:59:53.246+0000][1][safepoint    ] Entering safepoint region: Cleanup
[2019-12-08T11:59:53.246+0000][1][safepoint    ] Leaving safepoint region
[2019-12-08T11:59:53.246+0000][1][safepoint    ] Total time for which application threads were stopped: 0.0000861 seconds, Stopping threads took: 0.0000234 seconds
[2019-12-08T12:00:19.304+0000][1][safepoint    ] Application time: 26.0576578 seconds
[2019-12-08T12:00:19.304+0000][1][safepoint    ] Entering safepoint region: GenCollectForAllocation
[2019-12-08T12:00:19.304+0000][1][gc,start     ] GC(36) Pause Young (Allocation Failure)
[2019-12-08T12:00:19.304+0000][1][gc,task      ] GC(36) Using 4 workers of 4 for evacuation
[2019-12-08T12:00:19.305+0000][1][gc,age       ] GC(36) Desired survivor size 4456448 bytes, new threshold 6 (max threshold 6)
[2019-12-08T12:00:19.305+0000][1][gc,age       ] GC(36) Age table with threshold 6 (max threshold 6)
[2019-12-08T12:00:19.305+0000][1][gc,age       ] GC(36) - age   1:       4576 bytes,       4576 total
[2019-12-08T12:00:19.305+0000][1][gc,age       ] GC(36) - age   2:         56 bytes,       4632 total
[2019-12-08T12:00:19.305+0000][1][gc,age       ] GC(36) - age   3:       1968 bytes,       6600 total
[2019-12-08T12:00:19.305+0000][1][gc,age       ] GC(36) - age   4:        232 bytes,       6832 total
[2019-12-08T12:00:19.305+0000][1][gc,age       ] GC(36) - age   5:       1320 bytes,       8152 total
[2019-12-08T12:00:19.305+0000][1][gc,age       ] GC(36) - age   6:       3664 bytes,      11816 total
[2019-12-08T12:00:19.305+0000][1][gc,heap      ] GC(36) ParNew: 69968K->14K(78656K)
[2019-12-08T12:00:19.305+0000][1][gc,heap      ] GC(36) CMS: 69428K->69428K(174784K)
[2019-12-08T12:00:19.305+0000][1][gc,metaspace ] GC(36) Metaspace: 68017K->68017K(1112064K)
[2019-12-08T12:00:19.305+0000][1][gc           ] GC(36) Pause Young (Allocation Failure) 136M->67M(247M) 1.196ms
[2019-12-08T12:00:19.305+0000][1][gc,cpu       ] GC(36) User=0.00s Sys=0.00s Real=0.00s
[2019-12-08T12:00:19.305+0000][1][safepoint    ] Leaving safepoint region
[2019-12-08T12:00:19.305+0000][1][safepoint    ] Total time for which application threads were stopped: 0.0014025 seconds, Stopping threads took: 0.0000371 seconds
[2019-12-08T12:02:03.324+0000][1][safepoint    ] Application time: 104.0184687 seconds
[2019-12-08T12:02:03.324+0000][1][safepoint    ] Entering safepoint region: Cleanup
[2019-12-08T12:02:03.324+0000][1][safepoint    ] Leaving safepoint region
[2019-12-08T12:02:03.324+0000][1][safepoint    ] Total time for which application threads were stopped: 0.0000907 seconds, Stopping threads took: 0.0000286 seconds
[2019-12-08T12:02:12.329+0000][1][safepoint    ] Application time: 9.0050997 seconds
[2019-12-08T12:02:12.329+0000][1][safepoint    ] Entering safepoint region: Cleanup
[2019-12-08T12:02:12.329+0000][1][safepoint    ] Leaving safepoint region
[2019-12-08T12:02:12.329+0000][1][safepoint    ] Total time for which application threads were stopped: 0.0000795 seconds, Stopping threads took: 0.0000188 seconds
[2019-12-08T12:02:29.450+0000][1][safepoint    ] Application time: 17.1212792 seconds
[2019-12-08T12:02:29.450+0000][1][safepoint    ] Entering safepoint region: GenCollectForAllocation
[2019-12-08T12:02:29.451+0000][1][gc,start     ] GC(37) Pause Young (Allocation Failure)
[2019-12-08T12:02:29.451+0000][1][gc,task      ] GC(37) Using 4 workers of 4 for evacuation
[2019-12-08T12:02:29.452+0000][1][gc,age       ] GC(37) Desired survivor size 4456448 bytes, new threshold 6 (max threshold 6)
[2019-12-08T12:02:29.452+0000][1][gc,age       ] GC(37) Age table with threshold 6 (max threshold 6)
[2019-12-08T12:02:29.452+0000][1][gc,age       ] GC(37) - age   1:       2864 bytes,       2864 total
[2019-12-08T12:02:29.452+0000][1][gc,age       ] GC(37) - age   2:       1504 bytes,       4368 total
[2019-12-08T12:02:29.452+0000][1][gc,age       ] GC(37) - age   3:         56 bytes,       4424 total
[2019-12-08T12:02:29.452+0000][1][gc,age       ] GC(37) - age   4:       1968 bytes,       6392 total
[2019-12-08T12:02:29.452+0000][1][gc,age       ] GC(37) - age   5:        232 bytes,       6624 total
[2019-12-08T12:02:29.452+0000][1][gc,age       ] GC(37) - age   6:       1320 bytes,       7944 total
[2019-12-08T12:02:29.452+0000][1][gc,heap      ] GC(37) ParNew: 69966K->13K(78656K)
[2019-12-08T12:02:29.452+0000][1][gc,heap      ] GC(37) CMS: 69428K->69432K(174784K)
[2019-12-08T12:02:29.452+0000][1][gc,metaspace ] GC(37) Metaspace: 68019K->68019K(1112064K)
[2019-12-08T12:02:29.452+0000][1][gc           ] GC(37) Pause Young (Allocation Failure) 136M->67M(247M) 1.221ms
[2019-12-08T12:02:29.452+0000][1][gc,cpu       ] GC(37) User=0.01s Sys=0.00s Real=0.01s
[2019-12-08T12:02:29.452+0000][1][safepoint    ] Leaving safepoint region
[2019-12-08T12:02:29.452+0000][1][safepoint    ] Total time for which application threads were stopped: 0.0013932 seconds, Stopping threads took: 0.0000226 seconds
[2019-12-08T12:02:31.452+0000][1][safepoint    ] Application time: 2.0001709 seconds
[2019-12-08T12:02:31.452+0000][1][safepoint    ] Entering safepoint region: Cleanup
[2019-12-08T12:02:31.452+0000][1][safepoint    ] Leaving safepoint region
[2019-12-08T12:02:31.452+0000][1][safepoint    ] Total time for which application threads were stopped: 0.0000781 seconds, Stopping threads took: 0.0000179 seconds
[2019-12-08T12:02:47.453+0000][1][safepoint    ] Application time: 16.0012000 seconds
[2019-12-08T12:02:47.453+0000][1][safepoint    ] Entering safepoint region: Cleanup
[2019-12-08T12:02:47.453+0000][1][safepoint    ] Leaving safepoint region
[2019-12-08T12:02:47.453+0000][1][safepoint    ] Total time for which application threads were stopped: 0.0000816 seconds, Stopping threads took: 0.0000191 seconds
[2019-12-08T12:04:19.460+0000][1][safepoint    ] Application time: 92.0064193 seconds
[2019-12-08T12:04:19.460+0000][1][safepoint    ] Entering safepoint region: Cleanup
[2019-12-08T12:04:19.460+0000][1][safepoint    ] Leaving safepoint region
[2019-12-08T12:04:19.460+0000][1][safepoint    ] Total time for which application threads were stopped: 0.0000932 seconds, Stopping threads took: 0.0000306 seconds
[2019-12-08T12:04:39.512+0000][1][safepoint    ] Application time: 20.0523555 seconds
[2019-12-08T12:04:39.512+0000][1][safepoint    ] Entering safepoint region: GenCollectForAllocation
[2019-12-08T12:04:39.513+0000][1][gc,start     ] GC(38) Pause Young (Allocation Failure)
[2019-12-08T12:04:39.513+0000][1][gc,task      ] GC(38) Using 4 workers of 4 for evacuation
[2019-12-08T12:04:39.514+0000][1][gc,age       ] GC(38) Desired survivor size 4456448 bytes, new threshold 6 (max threshold 6)
[2019-12-08T12:04:39.514+0000][1][gc,age       ] GC(38) Age table with threshold 6 (max threshold 6)
[2019-12-08T12:04:39.514+0000][1][gc,age       ] GC(38) - age   1:       4864 bytes,       4864 total
[2019-12-08T12:04:39.514+0000][1][gc,age       ] GC(38) - age   2:        120 bytes,       4984 total
[2019-12-08T12:04:39.514+0000][1][gc,age       ] GC(38) - age   3:       1504 bytes,       6488 total
[2019-12-08T12:04:39.514+0000][1][gc,age       ] GC(38) - age   4:         56 bytes,       6544 total
[2019-12-08T12:04:39.514+0000][1][gc,age       ] GC(38) - age   5:       1968 bytes,       8512 total
[2019-12-08T12:04:39.514+0000][1][gc,age       ] GC(38) - age   6:        232 bytes,       8744 total
[2019-12-08T12:04:39.514+0000][1][gc,heap      ] GC(38) ParNew: 69965K->12K(78656K)
[2019-12-08T12:04:39.514+0000][1][gc,heap      ] GC(38) CMS: 69432K->69433K(174784K)
[2019-12-08T12:04:39.514+0000][1][gc,metaspace ] GC(38) Metaspace: 68020K->68020K(1112064K)
[2019-12-08T12:04:39.514+0000][1][gc           ] GC(38) Pause Young (Allocation Failure) 136M->67M(247M) 1.347ms
[2019-12-08T12:04:39.514+0000][1][gc,cpu       ] GC(38) User=0.01s Sys=0.00s Real=0.00s
[2019-12-08T12:04:39.514+0000][1][safepoint    ] Leaving safepoint region
[2019-12-08T12:04:39.514+0000][1][safepoint    ] Total time for which application threads were stopped: 0.0015290 seconds, Stopping threads took: 0.0000240 seconds
[2019-12-08T12:04:55.517+0000][1][safepoint    ] Application time: 16.0027198 seconds
[2019-12-08T12:04:55.517+0000][1][safepoint    ] Entering safepoint region: Cleanup
[2019-12-08T12:04:55.517+0000][1][safepoint    ] Leaving safepoint region
[2019-12-08T12:04:55.517+0000][1][safepoint    ] Total time for which application threads were stopped: 0.0001070 seconds, Stopping threads took: 0.0000244 seconds
[2019-12-08T12:06:49.581+0000][1][safepoint    ] Application time: 114.0639311 seconds
[2019-12-08T12:06:49.581+0000][1][safepoint    ] Entering safepoint region: GenCollectForAllocation
[2019-12-08T12:06:49.581+0000][1][gc,start     ] GC(39) Pause Young (Allocation Failure)
[2019-12-08T12:06:49.581+0000][1][gc,task      ] GC(39) Using 4 workers of 4 for evacuation
[2019-12-08T12:06:49.582+0000][1][gc,age       ] GC(39) Desired survivor size 4456448 bytes, new threshold 6 (max threshold 6)
[2019-12-08T12:06:49.582+0000][1][gc,age       ] GC(39) Age table with threshold 6 (max threshold 6)
[2019-12-08T12:06:49.582+0000][1][gc,age       ] GC(39) - age   1:       2984 bytes,       2984 total
[2019-12-08T12:06:49.582+0000][1][gc,age       ] GC(39) - age   2:       1792 bytes,       4776 total
[2019-12-08T12:06:49.582+0000][1][gc,age       ] GC(39) - age   3:        120 bytes,       4896 total
[2019-12-08T12:06:49.582+0000][1][gc,age       ] GC(39) - age   4:       1504 bytes,       6400 total
[2019-12-08T12:06:49.582+0000][1][gc,age       ] GC(39) - age   5:         56 bytes,       6456 total
[2019-12-08T12:06:49.582+0000][1][gc,age       ] GC(39) - age   6:       1968 bytes,       8424 total
[2019-12-08T12:06:49.582+0000][1][gc,heap      ] GC(39) ParNew: 69964K->10K(78656K)
[2019-12-08T12:06:49.582+0000][1][gc,heap      ] GC(39) CMS: 69433K->69433K(174784K)
[2019-12-08T12:06:49.582+0000][1][gc,metaspace ] GC(39) Metaspace: 68022K->68022K(1112064K)
[2019-12-08T12:06:49.582+0000][1][gc           ] GC(39) Pause Young (Allocation Failure) 136M->67M(247M) 1.427ms
[2019-12-08T12:06:49.582+0000][1][gc,cpu       ] GC(39) User=0.00s Sys=0.00s Real=0.00s
[2019-12-08T12:06:49.582+0000][1][safepoint    ] Leaving safepoint region
[2019-12-08T12:06:49.582+0000][1][safepoint    ] Total time for which application threads were stopped: 0.0016276 seconds, Stopping threads took: 0.0000228 seconds
[2019-12-08T12:07:24.585+0000][1][safepoint    ] Application time: 35.0024342 seconds
[2019-12-08T12:07:24.585+0000][1][safepoint    ] Entering safepoint region: Cleanup
[2019-12-08T12:07:24.585+0000][1][safepoint    ] Leaving safepoint region
[2019-12-08T12:07:24.585+0000][1][safepoint    ] Total time for which application threads were stopped: 0.0000831 seconds, Stopping threads took: 0.0000263 seconds
[2019-12-08T12:08:59.651+0000][1][safepoint    ] Application time: 95.0656194 seconds
[2019-12-08T12:08:59.651+0000][1][safepoint    ] Entering safepoint region: GenCollectForAllocation
[2019-12-08T12:08:59.651+0000][1][gc,start     ] GC(40) Pause Young (Allocation Failure)
[2019-12-08T12:08:59.651+0000][1][gc,task      ] GC(40) Using 4 workers of 4 for evacuation
[2019-12-08T12:08:59.652+0000][1][gc,age       ] GC(40) Desired survivor size 4456448 bytes, new threshold 6 (max threshold 6)
[2019-12-08T12:08:59.652+0000][1][gc,age       ] GC(40) Age table with threshold 6 (max threshold 6)
[2019-12-08T12:08:59.652+0000][1][gc,age       ] GC(40) - age   1:       3168 bytes,       3168 total
[2019-12-08T12:08:59.652+0000][1][gc,age       ] GC(40) - age   3:       1792 bytes,       4960 total
[2019-12-08T12:08:59.652+0000][1][gc,age       ] GC(40) - age   4:        120 bytes,       5080 total
[2019-12-08T12:08:59.652+0000][1][gc,age       ] GC(40) - age   5:       1504 bytes,       6584 total
[2019-12-08T12:08:59.652+0000][1][gc,age       ] GC(40) - age   6:         56 bytes,       6640 total
[2019-12-08T12:08:59.652+0000][1][gc,heap      ] GC(40) ParNew: 69962K->12K(78656K)
[2019-12-08T12:08:59.652+0000][1][gc,heap      ] GC(40) CMS: 69433K->69435K(174784K)
[2019-12-08T12:08:59.652+0000][1][gc,metaspace ] GC(40) Metaspace: 68024K->68024K(1112064K)
[2019-12-08T12:08:59.652+0000][1][gc           ] GC(40) Pause Young (Allocation Failure) 136M->67M(247M) 1.068ms
[2019-12-08T12:08:59.652+0000][1][gc,cpu       ] GC(40) User=0.01s Sys=0.00s Real=0.00s
[2019-12-08T12:08:59.652+0000][1][safepoint    ] Leaving safepoint region
[2019-12-08T12:08:59.652+0000][1][safepoint    ] Total time for which application threads were stopped: 0.0012416 seconds, Stopping threads took: 0.0000274 seconds
[2019-12-08T12:09:34.654+0000][1][safepoint    ] Application time: 35.0025177 seconds
[2019-12-08T12:09:34.655+0000][1][safepoint    ] Entering safepoint region: Cleanup
[2019-12-08T12:09:34.655+0000][1][safepoint    ] Leaving safepoint region
[2019-12-08T12:09:34.655+0000][1][safepoint    ] Total time for which application threads were stopped: 0.0000834 seconds, Stopping threads took: 0.0000200 seconds
[2019-12-08T12:09:53.656+0000][1][safepoint    ] Application time: 19.0014437 seconds
[2019-12-08T12:09:53.656+0000][1][safepoint    ] Entering safepoint region: Cleanup
[2019-12-08T12:09:53.656+0000][1][safepoint    ] Leaving safepoint region
[2019-12-08T12:09:53.656+0000][1][safepoint    ] Total time for which application threads were stopped: 0.0000747 seconds, Stopping threads took: 0.0000181 seconds
[2019-12-08T12:09:54.656+0000][1][safepoint    ] Application time: 1.0000771 seconds
[2019-12-08T12:09:54.656+0000][1][safepoint    ] Entering safepoint region: Cleanup
[2019-12-08T12:09:54.656+0000][1][safepoint    ] Leaving safepoint region
[2019-12-08T12:09:54.656+0000][1][safepoint    ] Total time for which application threads were stopped: 0.0000854 seconds, Stopping threads took: 0.0000236 seconds
[2019-12-08T12:11:09.716+0000][1][safepoint    ] Application time: 75.0592663 seconds
[2019-12-08T12:11:09.716+0000][1][safepoint    ] Entering safepoint region: GenCollectForAllocation
[2019-12-08T12:11:09.716+0000][1][gc,start     ] GC(41) Pause Young (Allocation Failure)
[2019-12-08T12:11:09.716+0000][1][gc,task      ] GC(41) Using 4 workers of 4 for evacuation
[2019-12-08T12:11:09.717+0000][1][gc,age       ] GC(41) Desired survivor size 4456448 bytes, new threshold 6 (max threshold 6)
[2019-12-08T12:11:09.717+0000][1][gc,age       ] GC(41) Age table with threshold 6 (max threshold 6)
[2019-12-08T12:11:09.717+0000][1][gc,age       ] GC(41) - age   1:       3072 bytes,       3072 total
[2019-12-08T12:11:09.717+0000][1][gc,age       ] GC(41) - age   2:         96 bytes,       3168 total
[2019-12-08T12:11:09.717+0000][1][gc,age       ] GC(41) - age   4:       1792 bytes,       4960 total
[2019-12-08T12:11:09.717+0000][1][gc,age       ] GC(41) - age   5:        120 bytes,       5080 total
[2019-12-08T12:11:09.717+0000][1][gc,age       ] GC(41) - age   6:       1504 bytes,       6584 total
[2019-12-08T12:11:09.717+0000][1][gc,heap      ] GC(41) ParNew: 69903K->10K(78656K)
[2019-12-08T12:11:09.717+0000][1][gc,heap      ] GC(41) CMS: 69435K->69435K(174784K)
[2019-12-08T12:11:09.717+0000][1][gc,metaspace ] GC(41) Metaspace: 68025K->68025K(1112064K)
[2019-12-08T12:11:09.717+0000][1][gc           ] GC(41) Pause Young (Allocation Failure) 136M->67M(247M) 1.399ms
[2019-12-08T12:11:09.717+0000][1][gc,cpu       ] GC(41) User=0.01s Sys=0.00s Real=0.00s
[2019-12-08T12:11:09.717+0000][1][safepoint    ] Leaving safepoint region
[2019-12-08T12:11:09.717+0000][1][safepoint    ] Total time for which application threads were stopped: 0.0016020 seconds, Stopping threads took: 0.0000258 seconds
[2019-12-08T12:13:19.779+0000][1][safepoint    ] Application time: 130.0621461 seconds
[2019-12-08T12:13:19.779+0000][1][safepoint    ] Entering safepoint region: GenCollectForAllocation
[2019-12-08T12:13:19.780+0000][1][gc,start     ] GC(42) Pause Young (Allocation Failure)
[2019-12-08T12:13:19.780+0000][1][gc,task      ] GC(42) Using 4 workers of 4 for evacuation
[2019-12-08T12:13:19.780+0000][1][gc,age       ] GC(42) Desired survivor size 4456448 bytes, new threshold 6 (max threshold 6)
[2019-12-08T12:13:19.780+0000][1][gc,age       ] GC(42) Age table with threshold 6 (max threshold 6)
[2019-12-08T12:13:19.781+0000][1][gc,age       ] GC(42) - age   1:       3072 bytes,       3072 total
[2019-12-08T12:13:19.781+0000][1][gc,age       ] GC(42) - age   2:         88 bytes,       3160 total
[2019-12-08T12:13:19.781+0000][1][gc,age       ] GC(42) - age   3:         96 bytes,       3256 total
[2019-12-08T12:13:19.781+0000][1][gc,age       ] GC(42) - age   5:       1792 bytes,       5048 total
[2019-12-08T12:13:19.781+0000][1][gc,age       ] GC(42) - age   6:        120 bytes,       5168 total
[2019-12-08T12:13:19.781+0000][1][gc,heap      ] GC(42) ParNew: 69962K->10K(78656K)
[2019-12-08T12:13:19.781+0000][1][gc,heap      ] GC(42) CMS: 69435K->69437K(174784K)
[2019-12-08T12:13:19.781+0000][1][gc,metaspace ] GC(42) Metaspace: 68028K->68028K(1112064K)
[2019-12-08T12:13:19.781+0000][1][gc           ] GC(42) Pause Young (Allocation Failure) 136M->67M(247M) 0.972ms
[2019-12-08T12:13:19.781+0000][1][gc,cpu       ] GC(42) User=0.00s Sys=0.00s Real=0.00s
[2019-12-08T12:13:19.781+0000][1][safepoint    ] Leaving safepoint region
[2019-12-08T12:13:19.781+0000][1][safepoint    ] Total time for which application threads were stopped: 0.0011625 seconds, Stopping threads took: 0.0000350 seconds
[2019-12-08T12:14:18.785+0000][1][safepoint    ] Application time: 59.0043528 seconds
[2019-12-08T12:14:18.785+0000][1][safepoint    ] Entering safepoint region: Cleanup
[2019-12-08T12:14:18.785+0000][1][safepoint    ] Leaving safepoint region
[2019-12-08T12:14:18.785+0000][1][safepoint    ] Total time for which application threads were stopped: 0.0000975 seconds, Stopping threads took: 0.0000277 seconds
[2019-12-08T12:14:37.786+0000][1][safepoint    ] Application time: 19.0013747 seconds
[2019-12-08T12:14:37.787+0000][1][safepoint    ] Entering safepoint region: Cleanup
[2019-12-08T12:14:37.787+0000][1][safepoint    ] Leaving safepoint region
[2019-12-08T12:14:37.787+0000][1][safepoint    ] Total time for which application threads were stopped: 0.0000911 seconds, Stopping threads took: 0.0000289 seconds
[2019-12-08T12:14:39.787+0000][1][safepoint    ] Application time: 2.0001511 seconds
[2019-12-08T12:14:39.787+0000][1][safepoint    ] Entering safepoint region: Cleanup
[2019-12-08T12:14:39.787+0000][1][safepoint    ] Leaving safepoint region
[2019-12-08T12:14:39.787+0000][1][safepoint    ] Total time for which application threads were stopped: 0.0000788 seconds, Stopping threads took: 0.0000180 seconds
[2019-12-08T12:14:53.788+0000][1][safepoint    ] Application time: 14.0009664 seconds
[2019-12-08T12:14:53.788+0000][1][safepoint    ] Entering safepoint region: Cleanup
[2019-12-08T12:14:53.788+0000][1][safepoint    ] Leaving safepoint region
[2019-12-08T12:14:53.788+0000][1][safepoint    ] Total time for which application threads were stopped: 0.0000850 seconds, Stopping threads took: 0.0000278 seconds
[2019-12-08T12:15:29.849+0000][1][safepoint    ] Application time: 36.0612365 seconds
[2019-12-08T12:15:29.849+0000][1][safepoint    ] Entering safepoint region: GenCollectForAllocation
[2019-12-08T12:15:29.849+0000][1][gc,start     ] GC(43) Pause Young (Allocation Failure)
[2019-12-08T12:15:29.850+0000][1][gc,task      ] GC(43) Using 4 workers of 4 for evacuation
[2019-12-08T12:15:29.851+0000][1][gc,age       ] GC(43) Desired survivor size 4456448 bytes, new threshold 6 (max threshold 6)
[2019-12-08T12:15:29.851+0000][1][gc,age       ] GC(43) Age table with threshold 6 (max threshold 6)
[2019-12-08T12:15:29.851+0000][1][gc,age       ] GC(43) - age   1:       3296 bytes,       3296 total
[2019-12-08T12:15:29.851+0000][1][gc,age       ] GC(43) - age   3:         88 bytes,       3384 total
[2019-12-08T12:15:29.851+0000][1][gc,age       ] GC(43) - age   4:         96 bytes,       3480 total
[2019-12-08T12:15:29.851+0000][1][gc,age       ] GC(43) - age   6:       1792 bytes,       5272 total
[2019-12-08T12:15:29.851+0000][1][gc,heap      ] GC(43) ParNew: 69899K->8K(78656K)
[2019-12-08T12:15:29.851+0000][1][gc,heap      ] GC(43) CMS: 69437K->69437K(174784K)
[2019-12-08T12:15:29.851+0000][1][gc,metaspace ] GC(43) Metaspace: 68030K->68030K(1112064K)
[2019-12-08T12:15:29.851+0000][1][gc           ] GC(43) Pause Young (Allocation Failure) 136M->67M(247M) 1.236ms
[2019-12-08T12:15:29.851+0000][1][gc,cpu       ] GC(43) User=0.00s Sys=0.00s Real=0.01s
[2019-12-08T12:15:29.851+0000][1][safepoint    ] Leaving safepoint region
[2019-12-08T12:15:29.851+0000][1][safepoint    ] Total time for which application threads were stopped: 0.0014596 seconds, Stopping threads took: 0.0000733 seconds
[2019-12-08T12:15:39.851+0000][1][safepoint    ] Application time: 10.0007421 seconds
[2019-12-08T12:15:39.852+0000][1][safepoint    ] Entering safepoint region: Cleanup
[2019-12-08T12:15:39.852+0000][1][safepoint    ] Leaving safepoint region
[2019-12-08T12:15:39.852+0000][1][safepoint    ] Total time for which application threads were stopped: 0.0000803 seconds, Stopping threads took: 0.0000190 seconds
[2019-12-08T12:15:53.853+0000][1][safepoint    ] Application time: 14.0010658 seconds
[2019-12-08T12:15:53.853+0000][1][safepoint    ] Entering safepoint region: Cleanup
[2019-12-08T12:15:53.853+0000][1][safepoint    ] Leaving safepoint region
[2019-12-08T12:15:53.853+0000][1][safepoint    ] Total time for which application threads were stopped: 0.0000809 seconds, Stopping threads took: 0.0000190 seconds
[2019-12-08T12:15:55.853+0000][1][safepoint    ] Application time: 2.0001551 seconds
[2019-12-08T12:15:55.853+0000][1][safepoint    ] Entering safepoint region: Cleanup
[2019-12-08T12:15:55.853+0000][1][safepoint    ] Leaving safepoint region
[2019-12-08T12:15:55.853+0000][1][safepoint    ] Total time for which application threads were stopped: 0.0000908 seconds, Stopping threads took: 0.0000193 seconds
[2019-12-08T12:16:03.854+0000][1][safepoint    ] Application time: 8.0005970 seconds
[2019-12-08T12:16:03.854+0000][1][safepoint    ] Entering safepoint region: Cleanup
[2019-12-08T12:16:03.854+0000][1][safepoint    ] Leaving safepoint region
[2019-12-08T12:16:03.854+0000][1][safepoint    ] Total time for which application threads were stopped: 0.0000881 seconds, Stopping threads took: 0.0000266 seconds
[2019-12-08T12:16:04.854+0000][1][safepoint    ] Application time: 1.0000819 seconds
[2019-12-08T12:16:04.854+0000][1][safepoint    ] Entering safepoint region: Cleanup
[2019-12-08T12:16:04.854+0000][1][safepoint    ] Leaving safepoint region
[2019-12-08T12:16:04.854+0000][1][safepoint    ] Total time for which application threads were stopped: 0.0000777 seconds, Stopping threads took: 0.0000180 seconds
[2019-12-08T12:16:37.856+0000][1][safepoint    ] Application time: 33.0022358 seconds
[2019-12-08T12:16:37.856+0000][1][safepoint    ] Entering safepoint region: Cleanup
[2019-12-08T12:16:37.856+0000][1][safepoint    ] Leaving safepoint region
[2019-12-08T12:16:37.856+0000][1][safepoint    ] Total time for which application threads were stopped: 0.0000871 seconds, Stopping threads took: 0.0000270 seconds
[2019-12-08T12:16:48.857+0000][1][safepoint    ] Application time: 11.0007604 seconds
[2019-12-08T12:16:48.857+0000][1][safepoint    ] Entering safepoint region: Cleanup
[2019-12-08T12:16:48.857+0000][1][safepoint    ] Leaving safepoint region
[2019-12-08T12:16:48.857+0000][1][safepoint    ] Total time for which application threads were stopped: 0.0000771 seconds, Stopping threads took: 0.0000182 seconds
[2019-12-08T12:16:54.858+0000][1][safepoint    ] Application time: 6.0004205 seconds
[2019-12-08T12:16:54.858+0000][1][safepoint    ] Entering safepoint region: Cleanup
[2019-12-08T12:16:54.858+0000][1][safepoint    ] Leaving safepoint region
[2019-12-08T12:16:54.858+0000][1][safepoint    ] Total time for which application threads were stopped: 0.0000893 seconds, Stopping threads took: 0.0000277 seconds
[2019-12-08T12:16:57.858+0000][1][safepoint    ] Application time: 3.0002221 seconds
[2019-12-08T12:16:57.858+0000][1][safepoint    ] Entering safepoint region: Cleanup
[2019-12-08T12:16:57.858+0000][1][safepoint    ] Leaving safepoint region
[2019-12-08T12:16:57.858+0000][1][safepoint    ] Total time for which application threads were stopped: 0.0000785 seconds, Stopping threads took: 0.0000180 seconds
[2019-12-08T12:16:59.858+0000][1][safepoint    ] Application time: 2.0001492 seconds
[2019-12-08T12:16:59.858+0000][1][safepoint    ] Entering safepoint region: Cleanup
[2019-12-08T12:16:59.858+0000][1][safepoint    ] Leaving safepoint region
[2019-12-08T12:16:59.858+0000][1][safepoint    ] Total time for which application threads were stopped: 0.0000788 seconds, Stopping threads took: 0.0000184 seconds
[2019-12-08T12:17:11.860+0000][1][safepoint    ] Application time: 12.0017655 seconds
[2019-12-08T12:17:11.860+0000][1][safepoint    ] Entering safepoint region: Cleanup
[2019-12-08T12:17:11.860+0000][1][safepoint    ] Leaving safepoint region
[2019-12-08T12:17:11.860+0000][1][safepoint    ] Total time for which application threads were stopped: 0.0000908 seconds, Stopping threads took: 0.0000299 seconds
[2019-12-08T12:17:12.860+0000][1][safepoint    ] Application time: 1.0000864 seconds
[2019-12-08T12:17:12.861+0000][1][safepoint    ] Entering safepoint region: Cleanup
[2019-12-08T12:17:12.861+0000][1][safepoint    ] Leaving safepoint region
[2019-12-08T12:17:12.861+0000][1][safepoint    ] Total time for which application threads were stopped: 0.0000894 seconds, Stopping threads took: 0.0000292 seconds
[2019-12-08T12:17:14.184+0000][1][safepoint    ] Application time: 1.3231159 seconds
[2019-12-08T12:17:14.184+0000][1][safepoint    ] Entering safepoint region: RevokeBias
[2019-12-08T12:17:14.184+0000][1][safepoint    ] Leaving safepoint region
[2019-12-08T12:17:14.184+0000][1][safepoint    ] Total time for which application threads were stopped: 0.0001277 seconds, Stopping threads took: 0.0000248 seconds
[2019-12-08T12:17:14.186+0000][1][safepoint    ] Application time: 0.0018517 seconds
[2019-12-08T12:17:14.186+0000][1][safepoint    ] Entering safepoint region: RevokeBias
[2019-12-08T12:17:14.186+0000][1][safepoint    ] Leaving safepoint region
[2019-12-08T12:17:14.186+0000][1][safepoint    ] Total time for which application threads were stopped: 0.0000965 seconds, Stopping threads took: 0.0000197 seconds
[2019-12-08T12:17:14.194+0000][1][safepoint    ] Application time: 0.0081382 seconds
[2019-12-08T12:17:14.194+0000][1][safepoint    ] Entering safepoint region: RevokeBias
[2019-12-08T12:17:14.194+0000][1][safepoint    ] Leaving safepoint region
[2019-12-08T12:17:14.194+0000][1][safepoint    ] Total time for which application threads were stopped: 0.0004583 seconds, Stopping threads took: 0.0003838 seconds
[2019-12-08T12:17:14.195+0000][1][safepoint    ] Application time: 0.0002229 seconds
[2019-12-08T12:17:14.195+0000][1][safepoint    ] Entering safepoint region: RevokeBias
[2019-12-08T12:17:14.195+0000][1][safepoint    ] Leaving safepoint region
[2019-12-08T12:17:14.195+0000][1][safepoint    ] Total time for which application threads were stopped: 0.0000887 seconds, Stopping threads took: 0.0000369 seconds
[2019-12-08T12:17:14.203+0000][1][safepoint    ] Application time: 0.0078939 seconds
[2019-12-08T12:17:14.203+0000][1][safepoint    ] Entering safepoint region: RevokeBias
[2019-12-08T12:17:14.203+0000][1][safepoint    ] Leaving safepoint region
[2019-12-08T12:17:14.203+0000][1][safepoint    ] Total time for which application threads were stopped: 0.0000818 seconds, Stopping threads took: 0.0000183 seconds
[2019-12-08T12:17:14.203+0000][1][safepoint    ] Application time: 0.0001422 seconds
[2019-12-08T12:17:14.203+0000][1][safepoint    ] Entering safepoint region: RevokeBias
[2019-12-08T12:17:14.203+0000][1][safepoint    ] Leaving safepoint region
[2019-12-08T12:17:14.203+0000][1][safepoint    ] Total time for which application threads were stopped: 0.0000461 seconds, Stopping threads took: 0.0000099 seconds
[2019-12-08T12:17:14.203+0000][1][safepoint    ] Application time: 0.0001581 seconds
[2019-12-08T12:17:14.203+0000][1][safepoint    ] Entering safepoint region: RevokeBias
[2019-12-08T12:17:14.203+0000][1][safepoint    ] Leaving safepoint region
[2019-12-08T12:17:14.203+0000][1][safepoint    ] Total time for which application threads were stopped: 0.0000519 seconds, Stopping threads took: 0.0000113 seconds
[2019-12-08T12:17:14.204+0000][1][safepoint    ] Application time: 0.0008408 seconds
[2019-12-08T12:17:14.204+0000][1][safepoint    ] Entering safepoint region: RevokeBias
[2019-12-08T12:17:14.204+0000][1][safepoint    ] Leaving safepoint region
[2019-12-08T12:17:14.204+0000][1][safepoint    ] Total time for which application threads were stopped: 0.0000751 seconds, Stopping threads took: 0.0000158 seconds
[2019-12-08T12:17:14.205+0000][1][safepoint    ] Application time: 0.0003530 seconds
[2019-12-08T12:17:14.205+0000][1][safepoint    ] Entering safepoint region: RevokeBias
[2019-12-08T12:17:14.205+0000][1][safepoint    ] Leaving safepoint region
[2019-12-08T12:17:14.205+0000][1][safepoint    ] Total time for which application threads were stopped: 0.0000703 seconds, Stopping threads took: 0.0000109 seconds
[2019-12-08T12:17:14.226+0000][1][safepoint    ] Application time: 0.0212783 seconds
[2019-12-08T12:17:14.226+0000][1][safepoint    ] Entering safepoint region: RevokeBias
[2019-12-08T12:17:14.226+0000][1][safepoint    ] Leaving safepoint region
[2019-12-08T12:17:14.226+0000][1][safepoint    ] Total time for which application threads were stopped: 0.0001229 seconds, Stopping threads took: 0.0000192 seconds
[2019-12-08T12:17:14.231+0000][1][safepoint    ] Application time: 0.0046139 seconds
[2019-12-08T12:17:14.232+0000][1][safepoint    ] Entering safepoint region: RevokeBias
[2019-12-08T12:17:14.232+0000][1][safepoint    ] Leaving safepoint region
[2019-12-08T12:17:14.232+0000][1][safepoint    ] Total time for which application threads were stopped: 0.0010938 seconds, Stopping threads took: 0.0009343 seconds
[2019-12-08T12:17:14.233+0000][1][safepoint    ] Application time: 0.0007958 seconds
[2019-12-08T12:17:14.233+0000][1][safepoint    ] Entering safepoint region: RevokeBias
[2019-12-08T12:17:14.233+0000][1][safepoint    ] Leaving safepoint region
[2019-12-08T12:17:14.233+0000][1][safepoint    ] Total time for which application threads were stopped: 0.0000788 seconds, Stopping threads took: 0.0000134 seconds
[2019-12-08T12:17:14.261+0000][1][safepoint    ] Application time: 0.0285740 seconds
[2019-12-08T12:17:14.261+0000][1][safepoint    ] Entering safepoint region: RevokeBias
[2019-12-08T12:17:14.261+0000][1][safepoint    ] Leaving safepoint region
[2019-12-08T12:17:14.261+0000][1][safepoint    ] Total time for which application threads were stopped: 0.0000942 seconds, Stopping threads took: 0.0000213 seconds
[2019-12-08T12:17:14.262+0000][1][safepoint    ] Application time: 0.0000872 seconds
[2019-12-08T12:17:14.262+0000][1][safepoint    ] Entering safepoint region: RevokeBias
[2019-12-08T12:17:14.262+0000][1][safepoint    ] Leaving safepoint region
[2019-12-08T12:17:14.262+0000][1][safepoint    ] Total time for which application threads were stopped: 0.0000530 seconds, Stopping threads took: 0.0000106 seconds
[2019-12-08T12:17:14.262+0000][1][safepoint    ] Application time: 0.0001372 seconds
[2019-12-08T12:17:14.262+0000][1][safepoint    ] Entering safepoint region: RevokeBias
[2019-12-08T12:17:14.262+0000][1][safepoint    ] Leaving safepoint region
[2019-12-08T12:17:14.262+0000][1][safepoint    ] Total time for which application threads were stopped: 0.0000640 seconds, Stopping threads took: 0.0000148 seconds
[2019-12-08T12:17:14.262+0000][1][safepoint    ] Application time: 0.0000670 seconds
[2019-12-08T12:17:14.262+0000][1][safepoint    ] Entering safepoint region: RevokeBias
[2019-12-08T12:17:14.262+0000][1][safepoint    ] Leaving safepoint region
[2019-12-08T12:17:14.262+0000][1][safepoint    ] Total time for which application threads were stopped: 0.0000498 seconds, Stopping threads took: 0.0000100 seconds
[2019-12-08T12:17:14.262+0000][1][safepoint    ] Application time: 0.0003010 seconds
[2019-12-08T12:17:14.262+0000][1][safepoint    ] Entering safepoint region: RevokeBias
[2019-12-08T12:17:14.262+0000][1][safepoint    ] Leaving safepoint region
[2019-12-08T12:17:14.262+0000][1][safepoint    ] Total time for which application threads were stopped: 0.0000609 seconds, Stopping threads took: 0.0000146 seconds
[2019-12-08T12:17:14.262+0000][1][safepoint    ] Application time: 0.0000723 seconds
[2019-12-08T12:17:14.262+0000][1][safepoint    ] Entering safepoint region: RevokeBias
[2019-12-08T12:17:14.262+0000][1][safepoint    ] Leaving safepoint region
[2019-12-08T12:17:14.262+0000][1][safepoint    ] Total time for which application threads were stopped: 0.0000443 seconds, Stopping threads took: 0.0000097 seconds
[2019-12-08T12:17:14.264+0000][1][safepoint    ] Application time: 0.0012538 seconds
[2019-12-08T12:17:14.264+0000][1][safepoint    ] Entering safepoint region: RevokeBias
[2019-12-08T12:17:14.264+0000][1][safepoint    ] Leaving safepoint region
[2019-12-08T12:17:14.264+0000][1][safepoint    ] Total time for which application threads were stopped: 0.0000704 seconds, Stopping threads took: 0.0000155 seconds
[2019-12-08T12:17:14.265+0000][1][safepoint    ] Application time: 0.0013331 seconds
[2019-12-08T12:17:14.265+0000][1][safepoint    ] Entering safepoint region: RevokeBias
[2019-12-08T12:17:14.265+0000][1][safepoint    ] Leaving safepoint region
[2019-12-08T12:17:14.265+0000][1][safepoint    ] Total time for which application threads were stopped: 0.0000678 seconds, Stopping threads took: 0.0000133 seconds
[2019-12-08T12:17:14.269+0000][1][safepoint    ] Application time: 0.0039570 seconds
[2019-12-08T12:17:14.269+0000][1][safepoint    ] Entering safepoint region: RevokeBias
[2019-12-08T12:17:14.269+0000][1][safepoint    ] Leaving safepoint region
[2019-12-08T12:17:14.269+0000][1][safepoint    ] Total time for which application threads were stopped: 0.0000582 seconds, Stopping threads took: 0.0000118 seconds
[2019-12-08T12:17:14.269+0000][1][safepoint    ] Application time: 0.0000849 seconds
[2019-12-08T12:17:14.269+0000][1][safepoint    ] Entering safepoint region: RevokeBias
[2019-12-08T12:17:14.269+0000][1][safepoint    ] Leaving safepoint region
[2019-12-08T12:17:14.269+0000][1][safepoint    ] Total time for which application threads were stopped: 0.0000428 seconds, Stopping threads took: 0.0000084 seconds
[2019-12-08T12:17:14.270+0000][1][safepoint    ] Application time: 0.0000689 seconds
[2019-12-08T12:17:14.270+0000][1][safepoint    ] Entering safepoint region: RevokeBias
[2019-12-08T12:17:14.270+0000][1][safepoint    ] Leaving safepoint region
[2019-12-08T12:17:14.270+0000][1][safepoint    ] Total time for which application threads were stopped: 0.0000401 seconds, Stopping threads took: 0.0000082 seconds
[2019-12-08T12:17:14.270+0000][1][safepoint    ] Application time: 0.0002322 seconds
[2019-12-08T12:17:14.270+0000][1][safepoint    ] Entering safepoint region: RevokeBias
[2019-12-08T12:17:14.270+0000][1][safepoint    ] Leaving safepoint region
[2019-12-08T12:17:14.270+0000][1][safepoint    ] Total time for which application threads were stopped: 0.0000509 seconds, Stopping threads took: 0.0000105 seconds
[2019-12-08T12:17:14.270+0000][1][safepoint    ] Application time: 0.0000568 seconds
[2019-12-08T12:17:14.270+0000][1][safepoint    ] Entering safepoint region: RevokeBias
[2019-12-08T12:17:14.270+0000][1][safepoint    ] Leaving safepoint region
[2019-12-08T12:17:14.270+0000][1][safepoint    ] Total time for which application threads were stopped: 0.0000466 seconds, Stopping threads took: 0.0000092 seconds
[2019-12-08T12:17:14.271+0000][1][safepoint    ] Application time: 0.0012151 seconds
[2019-12-08T12:17:14.271+0000][1][safepoint    ] Entering safepoint region: RevokeBias
[2019-12-08T12:17:14.271+0000][1][safepoint    ] Leaving safepoint region
[2019-12-08T12:17:14.271+0000][1][safepoint    ] Total time for which application threads were stopped: 0.0000942 seconds, Stopping threads took: 0.0000422 seconds
[2019-12-08T12:17:14.271+0000][1][safepoint    ] Application time: 0.0000780 seconds
[2019-12-08T12:17:14.271+0000][1][safepoint    ] Entering safepoint region: RevokeBias
[2019-12-08T12:17:14.271+0000][1][safepoint    ] Leaving safepoint region
[2019-12-08T12:17:14.271+0000][1][safepoint    ] Total time for which application threads were stopped: 0.0000503 seconds, Stopping threads took: 0.0000095 seconds
[2019-12-08T12:17:14.272+0000][1][safepoint    ] Application time: 0.0000651 seconds
[2019-12-08T12:17:14.272+0000][1][safepoint    ] Entering safepoint region: RevokeBias
[2019-12-08T12:17:14.272+0000][1][safepoint    ] Leaving safepoint region
[2019-12-08T12:17:14.272+0000][1][safepoint    ] Total time for which application threads were stopped: 0.0000491 seconds, Stopping threads took: 0.0000111 seconds
[2019-12-08T12:17:14.272+0000][1][safepoint    ] Application time: 0.0000984 seconds
[2019-12-08T12:17:14.272+0000][1][safepoint    ] Entering safepoint region: RevokeBias
[2019-12-08T12:17:14.272+0000][1][safepoint    ] Leaving safepoint region
[2019-12-08T12:17:14.272+0000][1][safepoint    ] Total time for which application threads were stopped: 0.0000530 seconds, Stopping threads took: 0.0000098 seconds
[2019-12-08T12:17:14.272+0000][1][safepoint    ] Application time: 0.0000833 seconds
[2019-12-08T12:17:14.272+0000][1][safepoint    ] Entering safepoint region: RevokeBias
[2019-12-08T12:17:14.272+0000][1][safepoint    ] Leaving safepoint region
[2019-12-08T12:17:14.272+0000][1][safepoint    ] Total time for which application threads were stopped: 0.0000570 seconds, Stopping threads took: 0.0000098 seconds
[2019-12-08T12:17:14.272+0000][1][safepoint    ] Application time: 0.0000852 seconds
[2019-12-08T12:17:14.272+0000][1][safepoint    ] Entering safepoint region: RevokeBias
[2019-12-08T12:17:14.272+0000][1][safepoint    ] Leaving safepoint region
[2019-12-08T12:17:14.272+0000][1][safepoint    ] Total time for which application threads were stopped: 0.0000541 seconds, Stopping threads took: 0.0000093 seconds
[2019-12-08T12:17:14.284+0000][1][safepoint    ] Application time: 0.0115876 seconds
[2019-12-08T12:17:14.284+0000][1][safepoint    ] Entering safepoint region: RevokeBias
[2019-12-08T12:17:14.284+0000][1][safepoint    ] Leaving safepoint region
[2019-12-08T12:17:14.284+0000][1][safepoint    ] Total time for which application threads were stopped: 0.0001339 seconds, Stopping threads took: 0.0000390 seconds
[2019-12-08T12:17:14.299+0000][1][safepoint    ] Application time: 0.0148355 seconds
[2019-12-08T12:17:14.299+0000][1][safepoint    ] Entering safepoint region: RevokeBias
[2019-12-08T12:17:14.299+0000][1][safepoint    ] Leaving safepoint region
[2019-12-08T12:17:14.299+0000][1][safepoint    ] Total time for which application threads were stopped: 0.0000895 seconds, Stopping threads took: 0.0000160 seconds
[2019-12-08T12:17:14.304+0000][1][safepoint    ] Application time: 0.0050860 seconds
[2019-12-08T12:17:14.304+0000][1][safepoint    ] Entering safepoint region: RevokeBias
[2019-12-08T12:17:14.304+0000][1][safepoint    ] Leaving safepoint region
[2019-12-08T12:17:14.304+0000][1][safepoint    ] Total time for which application threads were stopped: 0.0000842 seconds, Stopping threads took: 0.0000133 seconds
[2019-12-08T12:17:14.321+0000][1][safepoint    ] Application time: 0.0165606 seconds
[2019-12-08T12:17:14.321+0000][1][safepoint    ] Entering safepoint region: BulkRevokeBias
[2019-12-08T12:17:14.321+0000][1][safepoint    ] Leaving safepoint region
[2019-12-08T12:17:14.321+0000][1][safepoint    ] Total time for which application threads were stopped: 0.0008375 seconds, Stopping threads took: 0.0001007 seconds
[2019-12-08T12:17:14.391+0000][1][safepoint    ] Application time: 0.0699963 seconds
[2019-12-08T12:17:14.392+0000][1][safepoint    ] Entering safepoint region: RevokeBias
[2019-12-08T12:17:14.392+0000][1][safepoint    ] Leaving safepoint region
[2019-12-08T12:17:14.392+0000][1][safepoint    ] Total time for which application threads were stopped: 0.0007591 seconds, Stopping threads took: 0.0005126 seconds
[2019-12-08T12:17:14.453+0000][1][safepoint    ] Application time: 0.0610602 seconds
[2019-12-08T12:17:14.453+0000][1][safepoint    ] Entering safepoint region: RevokeBias
[2019-12-08T12:17:14.453+0000][1][safepoint    ] Leaving safepoint region
[2019-12-08T12:17:14.453+0000][1][safepoint    ] Total time for which application threads were stopped: 0.0001026 seconds, Stopping threads took: 0.0000169 seconds
[2019-12-08T12:17:14.454+0000][1][safepoint    ] Application time: 0.0004800 seconds
[2019-12-08T12:17:14.454+0000][1][safepoint    ] Entering safepoint region: RevokeBias
[2019-12-08T12:17:14.454+0000][1][safepoint    ] Leaving safepoint region
[2019-12-08T12:17:14.454+0000][1][safepoint    ] Total time for which application threads were stopped: 0.0000572 seconds, Stopping threads took: 0.0000111 seconds
[2019-12-08T12:17:14.455+0000][1][safepoint    ] Application time: 0.0006951 seconds
[2019-12-08T12:17:14.455+0000][1][safepoint    ] Entering safepoint region: RevokeBias
[2019-12-08T12:17:14.455+0000][1][safepoint    ] Leaving safepoint region
[2019-12-08T12:17:14.455+0000][1][safepoint    ] Total time for which application threads were stopped: 0.0000676 seconds, Stopping threads took: 0.0000126 seconds
[2019-12-08T12:17:14.465+0000][1][safepoint    ] Application time: 0.0106177 seconds
[2019-12-08T12:17:14.465+0000][1][safepoint    ] Entering safepoint region: RevokeBias
[2019-12-08T12:17:14.466+0000][1][safepoint    ] Leaving safepoint region
[2019-12-08T12:17:14.466+0000][1][safepoint    ] Total time for which application threads were stopped: 0.0000584 seconds, Stopping threads took: 0.0000126 seconds
[2019-12-08T12:17:14.476+0000][1][safepoint    ] Application time: 0.0107511 seconds
[2019-12-08T12:17:14.476+0000][1][safepoint    ] Entering safepoint region: RevokeBias
[2019-12-08T12:17:14.476+0000][1][safepoint    ] Leaving safepoint region
[2019-12-08T12:17:14.476+0000][1][safepoint    ] Total time for which application threads were stopped: 0.0000540 seconds, Stopping threads took: 0.0000122 seconds
[2019-12-08T12:17:14.477+0000][1][safepoint    ] Application time: 0.0006050 seconds
[2019-12-08T12:17:14.477+0000][1][safepoint    ] Entering safepoint region: RevokeBias
[2019-12-08T12:17:14.477+0000][1][safepoint    ] Leaving safepoint region
[2019-12-08T12:17:14.477+0000][1][safepoint    ] Total time for which application threads were stopped: 0.0000372 seconds, Stopping threads took: 0.0000100 seconds
[2019-12-08T12:17:14.492+0000][1][safepoint    ] Application time: 0.0153107 seconds
[2019-12-08T12:17:14.492+0000][1][safepoint    ] Entering safepoint region: RevokeBias
[2019-12-08T12:17:14.492+0000][1][safepoint    ] Leaving safepoint region
[2019-12-08T12:17:14.492+0000][1][safepoint    ] Total time for which application threads were stopped: 0.0000719 seconds, Stopping threads took: 0.0000140 seconds
[2019-12-08T12:17:14.526+0000][1][gc,heap,exit ] Heap
[2019-12-08T12:17:14.526+0000][1][gc,heap,exit ]  par new generation   total 78656K, used 62865K [0x00000000f0000000, 0x00000000f5550000, 0x00000000f5550000)
[2019-12-08T12:17:14.526+0000][1][gc,heap,exit ]   eden space 69952K,  89% used [0x00000000f0000000, 0x00000000f3d626e0, 0x00000000f4450000)
[2019-12-08T12:17:14.526+0000][1][gc,heap,exit ]   from space 8704K,   0% used [0x00000000f4cd0000, 0x00000000f4cd2040, 0x00000000f5550000)
[2019-12-08T12:17:14.526+0000][1][gc,heap,exit ]   to   space 8704K,   0% used [0x00000000f4450000, 0x00000000f4450000, 0x00000000f4cd0000)
[2019-12-08T12:17:14.526+0000][1][gc,heap,exit ]  concurrent mark-sweep generation total 174784K, used 69437K [0x00000000f5550000, 0x0000000100000000, 0x0000000100000000)
[2019-12-08T12:17:14.526+0000][1][gc,heap,exit ]  Metaspace       used 68206K, capacity 73045K, committed 73196K, reserved 1112064K
[2019-12-08T12:17:14.526+0000][1][gc,heap,exit ]   class space    used 9182K, capacity 11279K, committed 11304K, reserved 1048576K
[2019-12-08T12:17:14.526+0000][1][safepoint    ] Application time: 0.0340115 seconds
[2019-12-08T12:17:14.526+0000][1][safepoint    ] Entering safepoint region: Exit
