[2019-12-09T02:51:20.923+0000][1][gc] Using Concurrent Mark Sweep
[2019-12-09T02:51:20.923+0000][1][gc,heap,coops] Heap address: 0x00000000f0000000, size: 256 MB, Compressed Oops mode: 32-bit
[2019-12-09T02:51:21.278+0000][1][safepoint    ] Entering safepoint region: EnableBiasedLocking
[2019-12-09T02:51:21.278+0000][1][safepoint    ] Leaving safepoint region
[2019-12-09T02:51:21.278+0000][1][safepoint    ] Total time for which application threads were stopped: 0.0432981 seconds, Stopping threads took: 0.0432115 seconds
[2019-12-09T02:51:21.293+0000][1][safepoint    ] Application time: 0.0153187 seconds
[2019-12-09T02:51:21.330+0000][1][safepoint    ] Entering safepoint region: RevokeBias
[2019-12-09T02:51:21.330+0000][1][safepoint    ] Leaving safepoint region
[2019-12-09T02:51:21.330+0000][1][safepoint    ] Total time for which application threads were stopped: 0.0363750 seconds, Stopping threads took: 0.0363007 seconds
[2019-12-09T02:51:21.342+0000][1][safepoint    ] Application time: 0.0124078 seconds
[2019-12-09T02:51:21.342+0000][1][safepoint    ] Entering safepoint region: Deoptimize
[2019-12-09T02:51:21.342+0000][1][safepoint    ] Leaving safepoint region
[2019-12-09T02:51:21.342+0000][1][safepoint    ] Total time for which application threads were stopped: 0.0000507 seconds, Stopping threads took: 0.0000101 seconds
[2019-12-09T02:51:22.076+0000][1][safepoint    ] Application time: 0.7334120 seconds
[2019-12-09T02:51:22.076+0000][1][safepoint    ] Entering safepoint region: Deoptimize
[2019-12-09T02:51:22.076+0000][1][safepoint    ] Leaving safepoint region
[2019-12-09T02:51:22.076+0000][1][safepoint    ] Total time for which application threads were stopped: 0.0001039 seconds, Stopping threads took: 0.0000104 seconds
[2019-12-09T02:51:23.078+0000][1][safepoint    ] Application time: 1.0016082 seconds
[2019-12-09T02:51:23.086+0000][1][safepoint    ] Entering safepoint region: Cleanup
[2019-12-09T02:51:23.086+0000][1][safepoint    ] Leaving safepoint region
[2019-12-09T02:51:23.086+0000][1][safepoint    ] Total time for which application threads were stopped: 0.0083245 seconds, Stopping threads took: 0.0082463 seconds
[2019-12-09T02:51:24.106+0000][1][safepoint    ] Application time: 1.0198469 seconds
[2019-12-09T02:51:24.106+0000][1][safepoint    ] Entering safepoint region: Cleanup
[2019-12-09T02:51:24.106+0000][1][safepoint    ] Leaving safepoint region
[2019-12-09T02:51:24.106+0000][1][safepoint    ] Total time for which application threads were stopped: 0.0002655 seconds, Stopping threads took: 0.0002070 seconds
[2019-12-09T02:51:24.693+0000][1][safepoint    ] Application time: 0.5867826 seconds
[2019-12-09T02:51:24.693+0000][1][safepoint    ] Entering safepoint region: Deoptimize
[2019-12-09T02:51:24.693+0000][1][safepoint    ] Leaving safepoint region
[2019-12-09T02:51:24.693+0000][1][safepoint    ] Total time for which application threads were stopped: 0.0001568 seconds, Stopping threads took: 0.0000107 seconds
[2019-12-09T02:51:24.869+0000][1][safepoint    ] Application time: 0.1758962 seconds
[2019-12-09T02:51:24.895+0000][1][safepoint    ] Entering safepoint region: Deoptimize
[2019-12-09T02:51:24.895+0000][1][safepoint    ] Leaving safepoint region
[2019-12-09T02:51:24.895+0000][1][safepoint    ] Total time for which application threads were stopped: 0.0259549 seconds, Stopping threads took: 0.0258230 seconds
[2019-12-09T02:51:25.352+0000][1][safepoint    ] Application time: 0.4568679 seconds
[2019-12-09T02:51:25.352+0000][1][safepoint    ] Entering safepoint region: Deoptimize
[2019-12-09T02:51:25.352+0000][1][safepoint    ] Leaving safepoint region
[2019-12-09T02:51:25.352+0000][1][safepoint    ] Total time for which application threads were stopped: 0.0002162 seconds, Stopping threads took: 0.0000508 seconds
[2019-12-09T02:51:25.462+0000][1][safepoint    ] Application time: 0.1096897 seconds
[2019-12-09T02:51:25.462+0000][1][safepoint    ] Entering safepoint region: Deoptimize
[2019-12-09T02:51:25.462+0000][1][safepoint    ] Leaving safepoint region
[2019-12-09T02:51:25.462+0000][1][safepoint    ] Total time for which application threads were stopped: 0.0001561 seconds, Stopping threads took: 0.0000121 seconds
[2019-12-09T02:51:26.482+0000][1][safepoint    ] Application time: 1.0197586 seconds
[2019-12-09T02:51:26.570+0000][1][safepoint    ] Entering safepoint region: Cleanup
[2019-12-09T02:51:26.570+0000][1][safepoint    ] Leaving safepoint region
[2019-12-09T02:51:26.570+0000][1][safepoint    ] Total time for which application threads were stopped: 0.0881358 seconds, Stopping threads took: 0.0880898 seconds
[2019-12-09T02:51:27.570+0000][1][safepoint    ] Application time: 1.0004303 seconds
[2019-12-09T02:51:27.576+0000][1][safepoint    ] Entering safepoint region: Cleanup
[2019-12-09T02:51:27.576+0000][1][safepoint    ] Leaving safepoint region
[2019-12-09T02:51:27.576+0000][1][safepoint    ] Total time for which application threads were stopped: 0.0054209 seconds, Stopping threads took: 0.0053716 seconds
[2019-12-09T02:51:28.577+0000][1][safepoint    ] Application time: 1.0009178 seconds
[2019-12-09T02:51:28.723+0000][1][safepoint    ] Entering safepoint region: Cleanup
[2019-12-09T02:51:28.723+0000][1][safepoint    ] Leaving safepoint region
[2019-12-09T02:51:28.723+0000][1][safepoint    ] Total time for which application threads were stopped: 0.1461018 seconds, Stopping threads took: 0.1460472 seconds
[2019-12-09T02:51:29.052+0000][1][safepoint    ] Application time: 0.3290799 seconds
[2019-12-09T02:51:29.052+0000][1][safepoint    ] Entering safepoint region: Deoptimize
[2019-12-09T02:51:29.052+0000][1][safepoint    ] Leaving safepoint region
[2019-12-09T02:51:29.052+0000][1][safepoint    ] Total time for which application threads were stopped: 0.0002108 seconds, Stopping threads took: 0.0000118 seconds
[2019-12-09T02:51:30.066+0000][1][safepoint    ] Application time: 1.0137226 seconds
[2019-12-09T02:51:30.066+0000][1][safepoint    ] Entering safepoint region: Cleanup
[2019-12-09T02:51:30.066+0000][1][safepoint    ] Leaving safepoint region
[2019-12-09T02:51:30.066+0000][1][safepoint    ] Total time for which application threads were stopped: 0.0000538 seconds, Stopping threads took: 0.0000143 seconds
[2019-12-09T02:51:31.072+0000][1][safepoint    ] Application time: 1.0059622 seconds
[2019-12-09T02:51:31.072+0000][1][safepoint    ] Entering safepoint region: Cleanup
[2019-12-09T02:51:31.072+0000][1][safepoint    ] Leaving safepoint region
[2019-12-09T02:51:31.072+0000][1][safepoint    ] Total time for which application threads were stopped: 0.0000523 seconds, Stopping threads took: 0.0000146 seconds
[2019-12-09T02:51:32.074+0000][1][safepoint    ] Application time: 1.0016836 seconds
[2019-12-09T02:51:32.096+0000][1][safepoint    ] Entering safepoint region: Cleanup
[2019-12-09T02:51:32.096+0000][1][safepoint    ] Leaving safepoint region
[2019-12-09T02:51:32.096+0000][1][safepoint    ] Total time for which application threads were stopped: 0.0221707 seconds, Stopping threads took: 0.0220920 seconds
[2019-12-09T02:51:32.382+0000][1][safepoint    ] Application time: 0.2859235 seconds
[2019-12-09T02:51:32.382+0000][1][safepoint    ] Entering safepoint region: Deoptimize
[2019-12-09T02:51:32.382+0000][1][safepoint    ] Leaving safepoint region
[2019-12-09T02:51:32.382+0000][1][safepoint    ] Total time for which application threads were stopped: 0.0002401 seconds, Stopping threads took: 0.0000125 seconds
[2019-12-09T02:51:33.385+0000][1][safepoint    ] Application time: 1.0025330 seconds
[2019-12-09T02:51:33.385+0000][1][safepoint    ] Entering safepoint region: Cleanup
[2019-12-09T02:51:33.385+0000][1][safepoint    ] Leaving safepoint region
[2019-12-09T02:51:33.385+0000][1][safepoint    ] Total time for which application threads were stopped: 0.0000702 seconds, Stopping threads took: 0.0000122 seconds
[2019-12-09T02:51:33.479+0000][1][safepoint    ] Application time: 0.0938977 seconds
[2019-12-09T02:51:33.479+0000][1][safepoint    ] Entering safepoint region: Deoptimize
[2019-12-09T02:51:33.479+0000][1][safepoint    ] Leaving safepoint region
[2019-12-09T02:51:33.479+0000][1][safepoint    ] Total time for which application threads were stopped: 0.0002528 seconds, Stopping threads took: 0.0000106 seconds
[2019-12-09T02:51:33.479+0000][1][safepoint    ] Application time: 0.0001449 seconds
[2019-12-09T02:51:33.479+0000][1][safepoint    ] Entering safepoint region: Deoptimize
[2019-12-09T02:51:33.479+0000][1][safepoint    ] Leaving safepoint region
[2019-12-09T02:51:33.479+0000][1][safepoint    ] Total time for which application threads were stopped: 0.0001960 seconds, Stopping threads took: 0.0000076 seconds
[2019-12-09T02:51:33.737+0000][1][safepoint    ] Application time: 0.2579289 seconds
[2019-12-09T02:51:33.737+0000][1][safepoint    ] Entering safepoint region: Deoptimize
[2019-12-09T02:51:33.738+0000][1][safepoint    ] Leaving safepoint region
[2019-12-09T02:51:33.738+0000][1][safepoint    ] Total time for which application threads were stopped: 0.0002687 seconds, Stopping threads took: 0.0000127 seconds
[2019-12-09T02:51:33.820+0000][1][safepoint    ] Application time: 0.0827963 seconds
[2019-12-09T02:51:33.821+0000][1][safepoint    ] Entering safepoint region: RevokeBias
[2019-12-09T02:51:33.821+0000][1][safepoint    ] Leaving safepoint region
[2019-12-09T02:51:33.821+0000][1][safepoint    ] Total time for which application threads were stopped: 0.0002152 seconds, Stopping threads took: 0.0001699 seconds
[2019-12-09T02:51:33.821+0000][1][safepoint    ] Application time: 0.0000740 seconds
[2019-12-09T02:51:33.821+0000][1][safepoint    ] Entering safepoint region: RevokeBias
[2019-12-09T02:51:33.821+0000][1][safepoint    ] Leaving safepoint region
[2019-12-09T02:51:33.821+0000][1][safepoint    ] Total time for which application threads were stopped: 0.0000338 seconds, Stopping threads took: 0.0000080 seconds
[2019-12-09T02:51:33.821+0000][1][safepoint    ] Application time: 0.0000674 seconds
[2019-12-09T02:51:33.821+0000][1][safepoint    ] Entering safepoint region: RevokeBias
[2019-12-09T02:51:33.821+0000][1][safepoint    ] Leaving safepoint region
[2019-12-09T02:51:33.821+0000][1][safepoint    ] Total time for which application threads were stopped: 0.0000314 seconds, Stopping threads took: 0.0000074 seconds
[2019-12-09T02:51:33.821+0000][1][safepoint    ] Application time: 0.0001336 seconds
[2019-12-09T02:51:33.821+0000][1][safepoint    ] Entering safepoint region: RevokeBias
[2019-12-09T02:51:33.821+0000][1][safepoint    ] Leaving safepoint region
[2019-12-09T02:51:33.821+0000][1][safepoint    ] Total time for which application threads were stopped: 0.0000356 seconds, Stopping threads took: 0.0000076 seconds
[2019-12-09T02:51:33.821+0000][1][safepoint    ] Application time: 0.0002811 seconds
[2019-12-09T02:51:33.821+0000][1][safepoint    ] Entering safepoint region: RevokeBias
[2019-12-09T02:51:33.821+0000][1][safepoint    ] Leaving safepoint region
[2019-12-09T02:51:33.821+0000][1][safepoint    ] Total time for which application threads were stopped: 0.0000485 seconds, Stopping threads took: 0.0000090 seconds
[2019-12-09T02:51:33.822+0000][1][safepoint    ] Application time: 0.0000667 seconds
[2019-12-09T02:51:33.822+0000][1][safepoint    ] Entering safepoint region: RevokeBias
[2019-12-09T02:51:33.822+0000][1][safepoint    ] Leaving safepoint region
[2019-12-09T02:51:33.822+0000][1][safepoint    ] Total time for which application threads were stopped: 0.0000353 seconds, Stopping threads took: 0.0000072 seconds
[2019-12-09T02:51:34.834+0000][1][safepoint    ] Application time: 1.0122227 seconds
[2019-12-09T02:51:34.834+0000][1][safepoint    ] Entering safepoint region: Cleanup
[2019-12-09T02:51:34.834+0000][1][safepoint    ] Leaving safepoint region
[2019-12-09T02:51:34.834+0000][1][safepoint    ] Total time for which application threads were stopped: 0.0000671 seconds, Stopping threads took: 0.0000141 seconds
[2019-12-09T02:51:35.186+0000][1][safepoint    ] Application time: 0.3524478 seconds
[2019-12-09T02:51:35.186+0000][1][safepoint    ] Entering safepoint region: GenCollectForAllocation
[2019-12-09T02:51:35.186+0000][1][gc,start     ] GC(0) Pause Young (Allocation Failure)
[2019-12-09T02:51:35.193+0000][1][gc,task      ] GC(0) Using 2 workers of 2 for evacuation
[2019-12-09T02:51:35.341+0000][1][gc,age       ] GC(0) Desired survivor size 4456448 bytes, new threshold 1 (max threshold 6)
[2019-12-09T02:51:35.341+0000][1][gc,age       ] GC(0) Age table with threshold 1 (max threshold 6)
[2019-12-09T02:51:35.341+0000][1][gc,age       ] GC(0) - age   1:    6505176 bytes,    6505176 total
[2019-12-09T02:51:35.341+0000][1][gc,heap      ] GC(0) ParNew: 69952K->6400K(78656K)
[2019-12-09T02:51:35.341+0000][1][gc,heap      ] GC(0) CMS: 0K->0K(174784K)
[2019-12-09T02:51:35.341+0000][1][gc,metaspace ] GC(0) Metaspace: 12770K->12770K(1060864K)
[2019-12-09T02:51:35.341+0000][1][gc           ] GC(0) Pause Young (Allocation Failure) 68M->6M(247M) 154.814ms
[2019-12-09T02:51:35.341+0000][1][gc,cpu       ] GC(0) User=0.02s Sys=0.00s Real=0.15s
[2019-12-09T02:51:35.341+0000][1][safepoint    ] Leaving safepoint region
[2019-12-09T02:51:35.341+0000][1][safepoint    ] Total time for which application threads were stopped: 0.1549580 seconds, Stopping threads took: 0.0000130 seconds
[2019-12-09T02:51:35.349+0000][1][safepoint    ] Application time: 0.0073708 seconds
[2019-12-09T02:51:35.349+0000][1][safepoint    ] Entering safepoint region: RevokeBias
[2019-12-09T02:51:35.349+0000][1][safepoint    ] Leaving safepoint region
[2019-12-09T02:51:35.349+0000][1][safepoint    ] Total time for which application threads were stopped: 0.0003462 seconds, Stopping threads took: 0.0002449 seconds
[2019-12-09T02:51:35.349+0000][1][safepoint    ] Application time: 0.0001345 seconds
[2019-12-09T02:51:35.349+0000][1][safepoint    ] Entering safepoint region: RevokeBias
[2019-12-09T02:51:35.349+0000][1][safepoint    ] Leaving safepoint region
[2019-12-09T02:51:35.349+0000][1][safepoint    ] Total time for which application threads were stopped: 0.0000603 seconds, Stopping threads took: 0.0000096 seconds
[2019-12-09T02:51:35.349+0000][1][safepoint    ] Application time: 0.0000666 seconds
[2019-12-09T02:51:35.349+0000][1][safepoint    ] Entering safepoint region: RevokeBias
[2019-12-09T02:51:35.349+0000][1][safepoint    ] Leaving safepoint region
[2019-12-09T02:51:35.349+0000][1][safepoint    ] Total time for which application threads were stopped: 0.0000580 seconds, Stopping threads took: 0.0000085 seconds
[2019-12-09T02:51:35.349+0000][1][safepoint    ] Application time: 0.0000452 seconds
[2019-12-09T02:51:35.350+0000][1][safepoint    ] Entering safepoint region: RevokeBias
[2019-12-09T02:51:35.350+0000][1][safepoint    ] Leaving safepoint region
[2019-12-09T02:51:35.350+0000][1][safepoint    ] Total time for which application threads were stopped: 0.0000431 seconds, Stopping threads took: 0.0000072 seconds
[2019-12-09T02:51:35.350+0000][1][safepoint    ] Application time: 0.0000490 seconds
[2019-12-09T02:51:35.350+0000][1][safepoint    ] Entering safepoint region: RevokeBias
[2019-12-09T02:51:35.350+0000][1][safepoint    ] Leaving safepoint region
[2019-12-09T02:51:35.350+0000][1][safepoint    ] Total time for which application threads were stopped: 0.0000442 seconds, Stopping threads took: 0.0000074 seconds
[2019-12-09T02:51:35.350+0000][1][safepoint    ] Application time: 0.0000755 seconds
[2019-12-09T02:51:35.350+0000][1][safepoint    ] Entering safepoint region: RevokeBias
[2019-12-09T02:51:35.350+0000][1][safepoint    ] Leaving safepoint region
[2019-12-09T02:51:35.350+0000][1][safepoint    ] Total time for which application threads were stopped: 0.0000506 seconds, Stopping threads took: 0.0000085 seconds
[2019-12-09T02:51:35.350+0000][1][safepoint    ] Application time: 0.0000559 seconds
[2019-12-09T02:51:35.350+0000][1][safepoint    ] Entering safepoint region: RevokeBias
[2019-12-09T02:51:35.350+0000][1][safepoint    ] Leaving safepoint region
[2019-12-09T02:51:35.350+0000][1][safepoint    ] Total time for which application threads were stopped: 0.0000473 seconds, Stopping threads took: 0.0000074 seconds
[2019-12-09T02:51:35.350+0000][1][safepoint    ] Application time: 0.0000492 seconds
[2019-12-09T02:51:35.350+0000][1][safepoint    ] Entering safepoint region: RevokeBias
[2019-12-09T02:51:35.350+0000][1][safepoint    ] Leaving safepoint region
[2019-12-09T02:51:35.350+0000][1][safepoint    ] Total time for which application threads were stopped: 0.0000542 seconds, Stopping threads took: 0.0000155 seconds
[2019-12-09T02:51:35.350+0000][1][safepoint    ] Application time: 0.0000525 seconds
[2019-12-09T02:51:35.350+0000][1][safepoint    ] Entering safepoint region: RevokeBias
[2019-12-09T02:51:35.350+0000][1][safepoint    ] Leaving safepoint region
[2019-12-09T02:51:35.350+0000][1][safepoint    ] Total time for which application threads were stopped: 0.0000463 seconds, Stopping threads took: 0.0000073 seconds
[2019-12-09T02:51:35.350+0000][1][safepoint    ] Application time: 0.0000493 seconds
[2019-12-09T02:51:35.350+0000][1][safepoint    ] Entering safepoint region: RevokeBias
[2019-12-09T02:51:35.350+0000][1][safepoint    ] Leaving safepoint region
[2019-12-09T02:51:35.350+0000][1][safepoint    ] Total time for which application threads were stopped: 0.0000460 seconds, Stopping threads took: 0.0000079 seconds
[2019-12-09T02:51:35.350+0000][1][safepoint    ] Application time: 0.0000625 seconds
[2019-12-09T02:51:35.350+0000][1][safepoint    ] Entering safepoint region: RevokeBias
[2019-12-09T02:51:35.350+0000][1][safepoint    ] Leaving safepoint region
[2019-12-09T02:51:35.350+0000][1][safepoint    ] Total time for which application threads were stopped: 0.0000410 seconds, Stopping threads took: 0.0000067 seconds
[2019-12-09T02:51:35.350+0000][1][safepoint    ] Application time: 0.0000422 seconds
[2019-12-09T02:51:35.350+0000][1][safepoint    ] Entering safepoint region: RevokeBias
[2019-12-09T02:51:35.350+0000][1][safepoint    ] Leaving safepoint region
[2019-12-09T02:51:35.350+0000][1][safepoint    ] Total time for which application threads were stopped: 0.0000398 seconds, Stopping threads took: 0.0000064 seconds
[2019-12-09T02:51:35.351+0000][1][safepoint    ] Application time: 0.0000451 seconds
[2019-12-09T02:51:35.351+0000][1][safepoint    ] Entering safepoint region: RevokeBias
[2019-12-09T02:51:35.351+0000][1][safepoint    ] Leaving safepoint region
[2019-12-09T02:51:35.351+0000][1][safepoint    ] Total time for which application threads were stopped: 0.0000406 seconds, Stopping threads took: 0.0000064 seconds
[2019-12-09T02:51:35.351+0000][1][safepoint    ] Application time: 0.0000429 seconds
[2019-12-09T02:51:35.351+0000][1][safepoint    ] Entering safepoint region: RevokeBias
[2019-12-09T02:51:35.351+0000][1][safepoint    ] Leaving safepoint region
[2019-12-09T02:51:35.351+0000][1][safepoint    ] Total time for which application threads were stopped: 0.0000525 seconds, Stopping threads took: 0.0000067 seconds
[2019-12-09T02:51:35.351+0000][1][safepoint    ] Application time: 0.0000465 seconds
[2019-12-09T02:51:35.351+0000][1][safepoint    ] Entering safepoint region: RevokeBias
[2019-12-09T02:51:35.351+0000][1][safepoint    ] Leaving safepoint region
[2019-12-09T02:51:35.351+0000][1][safepoint    ] Total time for which application threads were stopped: 0.0000424 seconds, Stopping threads took: 0.0000067 seconds
[2019-12-09T02:51:35.351+0000][1][safepoint    ] Application time: 0.0000424 seconds
[2019-12-09T02:51:35.351+0000][1][safepoint    ] Entering safepoint region: RevokeBias
[2019-12-09T02:51:35.351+0000][1][safepoint    ] Leaving safepoint region
[2019-12-09T02:51:35.351+0000][1][safepoint    ] Total time for which application threads were stopped: 0.0000398 seconds, Stopping threads took: 0.0000061 seconds
[2019-12-09T02:51:35.351+0000][1][safepoint    ] Application time: 0.0000483 seconds
[2019-12-09T02:51:35.351+0000][1][safepoint    ] Entering safepoint region: RevokeBias
[2019-12-09T02:51:35.351+0000][1][safepoint    ] Leaving safepoint region
[2019-12-09T02:51:35.351+0000][1][safepoint    ] Total time for which application threads were stopped: 0.0000424 seconds, Stopping threads took: 0.0000070 seconds
[2019-12-09T02:51:35.351+0000][1][safepoint    ] Application time: 0.0000421 seconds
[2019-12-09T02:51:35.351+0000][1][safepoint    ] Entering safepoint region: RevokeBias
[2019-12-09T02:51:35.351+0000][1][safepoint    ] Leaving safepoint region
[2019-12-09T02:51:35.351+0000][1][safepoint    ] Total time for which application threads were stopped: 0.0000461 seconds, Stopping threads took: 0.0000118 seconds
[2019-12-09T02:51:35.351+0000][1][safepoint    ] Application time: 0.0000665 seconds
[2019-12-09T02:51:35.351+0000][1][safepoint    ] Entering safepoint region: RevokeBias
[2019-12-09T02:51:35.351+0000][1][safepoint    ] Leaving safepoint region
[2019-12-09T02:51:35.351+0000][1][safepoint    ] Total time for which application threads were stopped: 0.0000406 seconds, Stopping threads took: 0.0000065 seconds
[2019-12-09T02:51:35.351+0000][1][safepoint    ] Application time: 0.0000418 seconds
[2019-12-09T02:51:35.351+0000][1][safepoint    ] Entering safepoint region: RevokeBias
[2019-12-09T02:51:35.351+0000][1][safepoint    ] Leaving safepoint region
[2019-12-09T02:51:35.351+0000][1][safepoint    ] Total time for which application threads were stopped: 0.0000416 seconds, Stopping threads took: 0.0000068 seconds
[2019-12-09T02:51:35.351+0000][1][safepoint    ] Application time: 0.0000450 seconds
[2019-12-09T02:51:35.351+0000][1][safepoint    ] Entering safepoint region: RevokeBias
[2019-12-09T02:51:35.351+0000][1][safepoint    ] Leaving safepoint region
[2019-12-09T02:51:35.351+0000][1][safepoint    ] Total time for which application threads were stopped: 0.0000424 seconds, Stopping threads took: 0.0000066 seconds
[2019-12-09T02:51:35.351+0000][1][safepoint    ] Application time: 0.0000432 seconds
[2019-12-09T02:51:35.351+0000][1][safepoint    ] Entering safepoint region: RevokeBias
[2019-12-09T02:51:35.352+0000][1][safepoint    ] Leaving safepoint region
[2019-12-09T02:51:35.352+0000][1][safepoint    ] Total time for which application threads were stopped: 0.0000429 seconds, Stopping threads took: 0.0000070 seconds
[2019-12-09T02:51:35.352+0000][1][safepoint    ] Application time: 0.0000462 seconds
[2019-12-09T02:51:35.352+0000][1][safepoint    ] Entering safepoint region: RevokeBias
[2019-12-09T02:51:35.352+0000][1][safepoint    ] Leaving safepoint region
[2019-12-09T02:51:35.352+0000][1][safepoint    ] Total time for which application threads were stopped: 0.0000419 seconds, Stopping threads took: 0.0000066 seconds
[2019-12-09T02:51:35.352+0000][1][safepoint    ] Application time: 0.0000428 seconds
[2019-12-09T02:51:35.352+0000][1][safepoint    ] Entering safepoint region: RevokeBias
[2019-12-09T02:51:35.352+0000][1][safepoint    ] Leaving safepoint region
[2019-12-09T02:51:35.352+0000][1][safepoint    ] Total time for which application threads were stopped: 0.0000598 seconds, Stopping threads took: 0.0000183 seconds
[2019-12-09T02:51:35.352+0000][1][safepoint    ] Application time: 0.0000645 seconds
[2019-12-09T02:51:35.352+0000][1][safepoint    ] Entering safepoint region: RevokeBias
[2019-12-09T02:51:35.352+0000][1][safepoint    ] Leaving safepoint region
[2019-12-09T02:51:35.352+0000][1][safepoint    ] Total time for which application threads were stopped: 0.0000439 seconds, Stopping threads took: 0.0000068 seconds
[2019-12-09T02:51:35.358+0000][1][safepoint    ] Application time: 0.0058428 seconds
[2019-12-09T02:51:35.379+0000][1][safepoint    ] Entering safepoint region: RevokeBias
[2019-12-09T02:51:35.379+0000][1][safepoint    ] Leaving safepoint region
[2019-12-09T02:51:35.379+0000][1][safepoint    ] Total time for which application threads were stopped: 0.0213752 seconds, Stopping threads took: 0.0212845 seconds
[2019-12-09T02:51:35.379+0000][1][safepoint    ] Application time: 0.0003884 seconds
[2019-12-09T02:51:35.380+0000][1][safepoint    ] Entering safepoint region: RevokeBias
[2019-12-09T02:51:35.380+0000][1][safepoint    ] Leaving safepoint region
[2019-12-09T02:51:35.380+0000][1][safepoint    ] Total time for which application threads were stopped: 0.0000839 seconds, Stopping threads took: 0.0000108 seconds
[2019-12-09T02:51:35.380+0000][1][safepoint    ] Application time: 0.0000594 seconds
[2019-12-09T02:51:35.380+0000][1][safepoint    ] Entering safepoint region: RevokeBias
[2019-12-09T02:51:35.380+0000][1][safepoint    ] Leaving safepoint region
[2019-12-09T02:51:35.380+0000][1][safepoint    ] Total time for which application threads were stopped: 0.0000944 seconds, Stopping threads took: 0.0000220 seconds
[2019-12-09T02:51:35.380+0000][1][safepoint    ] Application time: 0.0000732 seconds
[2019-12-09T02:51:35.380+0000][1][safepoint    ] Entering safepoint region: RevokeBias
[2019-12-09T02:51:35.380+0000][1][safepoint    ] Leaving safepoint region
[2019-12-09T02:51:35.380+0000][1][safepoint    ] Total time for which application threads were stopped: 0.0000624 seconds, Stopping threads took: 0.0000079 seconds
[2019-12-09T02:51:35.380+0000][1][safepoint    ] Application time: 0.0000530 seconds
[2019-12-09T02:51:35.380+0000][1][safepoint    ] Entering safepoint region: RevokeBias
[2019-12-09T02:51:35.380+0000][1][safepoint    ] Leaving safepoint region
[2019-12-09T02:51:35.380+0000][1][safepoint    ] Total time for which application threads were stopped: 0.0000602 seconds, Stopping threads took: 0.0000078 seconds
[2019-12-09T02:51:36.364+0000][1][safepoint    ] Application time: 0.9835420 seconds
[2019-12-09T02:51:36.364+0000][1][safepoint    ] Entering safepoint region: RevokeBias
[2019-12-09T02:51:36.364+0000][1][safepoint    ] Leaving safepoint region
[2019-12-09T02:51:36.364+0000][1][safepoint    ] Total time for which application threads were stopped: 0.0001443 seconds, Stopping threads took: 0.0000130 seconds
[2019-12-09T02:51:36.877+0000][1][safepoint    ] Application time: 0.5129058 seconds
[2019-12-09T02:51:36.877+0000][1][safepoint    ] Entering safepoint region: Deoptimize
[2019-12-09T02:51:36.877+0000][1][safepoint    ] Leaving safepoint region
[2019-12-09T02:51:36.877+0000][1][safepoint    ] Total time for which application threads were stopped: 0.0004137 seconds, Stopping threads took: 0.0000141 seconds
[2019-12-09T02:51:37.890+0000][1][safepoint    ] Application time: 1.0125390 seconds
[2019-12-09T02:51:37.962+0000][1][safepoint    ] Entering safepoint region: Cleanup
[2019-12-09T02:51:37.963+0000][1][safepoint    ] Leaving safepoint region
[2019-12-09T02:51:37.963+0000][1][safepoint    ] Total time for which application threads were stopped: 0.0728040 seconds, Stopping threads took: 0.0727191 seconds
[2019-12-09T02:51:38.099+0000][1][safepoint    ] Application time: 0.1361429 seconds
[2019-12-09T02:51:38.099+0000][1][safepoint    ] Entering safepoint region: RevokeBias
[2019-12-09T02:51:38.099+0000][1][safepoint    ] Leaving safepoint region
[2019-12-09T02:51:38.099+0000][1][safepoint    ] Total time for which application threads were stopped: 0.0000808 seconds, Stopping threads took: 0.0000144 seconds
[2019-12-09T02:51:39.102+0000][1][safepoint    ] Application time: 1.0029011 seconds
[2019-12-09T02:51:39.153+0000][1][safepoint    ] Entering safepoint region: Cleanup
[2019-12-09T02:51:39.153+0000][1][safepoint    ] Leaving safepoint region
[2019-12-09T02:51:39.153+0000][1][safepoint    ] Total time for which application threads were stopped: 0.0514034 seconds, Stopping threads took: 0.0513383 seconds
[2019-12-09T02:51:39.717+0000][1][safepoint    ] Application time: 0.5642817 seconds
[2019-12-09T02:51:39.718+0000][1][safepoint    ] Entering safepoint region: GenCollectForAllocation
[2019-12-09T02:51:39.718+0000][1][gc,start     ] GC(1) Pause Young (Allocation Failure)
[2019-12-09T02:51:39.718+0000][1][gc,task      ] GC(1) Using 2 workers of 2 for evacuation
[2019-12-09T02:51:39.977+0000][1][gc,age       ] GC(1) Desired survivor size 4456448 bytes, new threshold 6 (max threshold 6)
[2019-12-09T02:51:39.977+0000][1][gc,age       ] GC(1) Age table with threshold 6 (max threshold 6)
[2019-12-09T02:51:39.977+0000][1][gc,age       ] GC(1) - age   1:    1371368 bytes,    1371368 total
[2019-12-09T02:51:39.977+0000][1][gc,heap      ] GC(1) ParNew: 76352K->4103K(78656K)
[2019-12-09T02:51:39.977+0000][1][gc,heap      ] GC(1) CMS: 0K->6831K(174784K)
[2019-12-09T02:51:39.977+0000][1][gc,metaspace ] GC(1) Metaspace: 14888K->14888K(1062912K)
[2019-12-09T02:51:39.977+0000][1][gc           ] GC(1) Pause Young (Allocation Failure) 74M->10M(247M) 259.341ms
[2019-12-09T02:51:39.977+0000][1][gc,cpu       ] GC(1) User=0.06s Sys=0.00s Real=0.26s
[2019-12-09T02:51:39.977+0000][1][safepoint    ] Leaving safepoint region
[2019-12-09T02:51:39.977+0000][1][safepoint    ] Total time for which application threads were stopped: 0.2595035 seconds, Stopping threads took: 0.0000143 seconds
[2019-12-09T02:51:39.985+0000][1][safepoint    ] Application time: 0.0077348 seconds
[2019-12-09T02:51:39.985+0000][1][safepoint    ] Entering safepoint region: BulkRevokeBias
[2019-12-09T02:51:39.985+0000][1][safepoint    ] Leaving safepoint region
[2019-12-09T02:51:39.985+0000][1][safepoint    ] Total time for which application threads were stopped: 0.0002137 seconds, Stopping threads took: 0.0001031 seconds
[2019-12-09T02:51:39.985+0000][1][safepoint    ] Application time: 0.0001241 seconds
[2019-12-09T02:51:39.985+0000][1][safepoint    ] Entering safepoint region: RevokeBias
[2019-12-09T02:51:39.985+0000][1][safepoint    ] Leaving safepoint region
[2019-12-09T02:51:39.985+0000][1][safepoint    ] Total time for which application threads were stopped: 0.0000465 seconds, Stopping threads took: 0.0000088 seconds
[2019-12-09T02:51:39.985+0000][1][safepoint    ] Application time: 0.0000611 seconds
[2019-12-09T02:51:39.985+0000][1][safepoint    ] Entering safepoint region: RevokeBias
[2019-12-09T02:51:39.985+0000][1][safepoint    ] Leaving safepoint region
[2019-12-09T02:51:39.985+0000][1][safepoint    ] Total time for which application threads were stopped: 0.0000373 seconds, Stopping threads took: 0.0000076 seconds
[2019-12-09T02:51:39.985+0000][1][safepoint    ] Application time: 0.0000613 seconds
[2019-12-09T02:51:39.985+0000][1][safepoint    ] Entering safepoint region: RevokeBias
[2019-12-09T02:51:39.985+0000][1][safepoint    ] Leaving safepoint region
[2019-12-09T02:51:39.985+0000][1][safepoint    ] Total time for which application threads were stopped: 0.0000408 seconds, Stopping threads took: 0.0000088 seconds
[2019-12-09T02:51:39.985+0000][1][safepoint    ] Application time: 0.0000560 seconds
[2019-12-09T02:51:39.985+0000][1][safepoint    ] Entering safepoint region: RevokeBias
[2019-12-09T02:51:39.986+0000][1][safepoint    ] Leaving safepoint region
[2019-12-09T02:51:39.986+0000][1][safepoint    ] Total time for which application threads were stopped: 0.0000366 seconds, Stopping threads took: 0.0000070 seconds
[2019-12-09T02:51:39.986+0000][1][safepoint    ] Application time: 0.0000439 seconds
[2019-12-09T02:51:39.986+0000][1][safepoint    ] Entering safepoint region: RevokeBias
[2019-12-09T02:51:39.986+0000][1][safepoint    ] Leaving safepoint region
[2019-12-09T02:51:39.986+0000][1][safepoint    ] Total time for which application threads were stopped: 0.0000324 seconds, Stopping threads took: 0.0000074 seconds
[2019-12-09T02:51:39.986+0000][1][safepoint    ] Application time: 0.0000756 seconds
[2019-12-09T02:51:39.986+0000][1][safepoint    ] Entering safepoint region: BulkRevokeBias
[2019-12-09T02:51:39.986+0000][1][safepoint    ] Leaving safepoint region
[2019-12-09T02:51:39.986+0000][1][safepoint    ] Total time for which application threads were stopped: 0.0000744 seconds, Stopping threads took: 0.0000080 seconds
[2019-12-09T02:51:39.986+0000][1][safepoint    ] Application time: 0.0000463 seconds
[2019-12-09T02:51:39.986+0000][1][safepoint    ] Entering safepoint region: RevokeBias
[2019-12-09T02:51:39.986+0000][1][safepoint    ] Leaving safepoint region
[2019-12-09T02:51:39.986+0000][1][safepoint    ] Total time for which application threads were stopped: 0.0000338 seconds, Stopping threads took: 0.0000070 seconds
[2019-12-09T02:51:39.986+0000][1][safepoint    ] Application time: 0.0000590 seconds
[2019-12-09T02:51:39.986+0000][1][safepoint    ] Entering safepoint region: BulkRevokeBias
[2019-12-09T02:51:39.986+0000][1][safepoint    ] Leaving safepoint region
[2019-12-09T02:51:39.986+0000][1][safepoint    ] Total time for which application threads were stopped: 0.0000505 seconds, Stopping threads took: 0.0000072 seconds
[2019-12-09T02:51:40.418+0000][1][safepoint    ] Application time: 0.4321522 seconds
[2019-12-09T02:51:40.418+0000][1][safepoint    ] Entering safepoint region: RevokeBias
[2019-12-09T02:51:40.418+0000][1][safepoint    ] Leaving safepoint region
[2019-12-09T02:51:40.418+0000][1][safepoint    ] Total time for which application threads were stopped: 0.0000972 seconds, Stopping threads took: 0.0000135 seconds
[2019-12-09T02:51:40.498+0000][1][safepoint    ] Application time: 0.0796575 seconds
[2019-12-09T02:51:40.498+0000][1][safepoint    ] Entering safepoint region: RevokeBias
[2019-12-09T02:51:40.498+0000][1][safepoint    ] Leaving safepoint region
[2019-12-09T02:51:40.498+0000][1][safepoint    ] Total time for which application threads were stopped: 0.0000796 seconds, Stopping threads took: 0.0000129 seconds
[2019-12-09T02:51:40.912+0000][1][safepoint    ] Application time: 0.4138661 seconds
[2019-12-09T02:51:40.912+0000][1][safepoint    ] Entering safepoint region: GenCollectForAllocation
[2019-12-09T02:51:40.912+0000][1][gc,start     ] GC(2) Pause Young (Allocation Failure)
[2019-12-09T02:51:40.912+0000][1][gc,task      ] GC(2) Using 2 workers of 2 for evacuation
[2019-12-09T02:51:40.946+0000][1][gc,age       ] GC(2) Desired survivor size 4456448 bytes, new threshold 6 (max threshold 6)
[2019-12-09T02:51:40.946+0000][1][gc,age       ] GC(2) Age table with threshold 6 (max threshold 6)
[2019-12-09T02:51:40.946+0000][1][gc,age       ] GC(2) - age   1:     539656 bytes,     539656 total
[2019-12-09T02:51:40.946+0000][1][gc,age       ] GC(2) - age   2:    1145728 bytes,    1685384 total
[2019-12-09T02:51:40.946+0000][1][gc,heap      ] GC(2) ParNew: 74055K->2041K(78656K)
[2019-12-09T02:51:40.946+0000][1][gc,heap      ] GC(2) CMS: 6831K->6831K(174784K)
[2019-12-09T02:51:40.946+0000][1][gc,metaspace ] GC(2) Metaspace: 14985K->14985K(1062912K)
[2019-12-09T02:51:40.946+0000][1][gc           ] GC(2) Pause Young (Allocation Failure) 78M->8M(247M) 33.796ms
[2019-12-09T02:51:40.946+0000][1][gc,cpu       ] GC(2) User=0.02s Sys=0.00s Real=0.04s
[2019-12-09T02:51:40.946+0000][1][safepoint    ] Leaving safepoint region
[2019-12-09T02:51:40.946+0000][1][safepoint    ] Total time for which application threads were stopped: 0.0339391 seconds, Stopping threads took: 0.0000137 seconds
[2019-12-09T02:51:40.974+0000][1][safepoint    ] Application time: 0.0282755 seconds
[2019-12-09T02:51:41.022+0000][1][safepoint    ] Entering safepoint region: RevokeBias
[2019-12-09T02:51:41.022+0000][1][safepoint    ] Leaving safepoint region
[2019-12-09T02:51:41.022+0000][1][safepoint    ] Total time for which application threads were stopped: 0.0476349 seconds, Stopping threads took: 0.0475607 seconds
[2019-12-09T02:51:41.022+0000][1][safepoint    ] Application time: 0.0000641 seconds
[2019-12-09T02:51:41.022+0000][1][safepoint    ] Entering safepoint region: RevokeBias
[2019-12-09T02:51:41.022+0000][1][safepoint    ] Leaving safepoint region
[2019-12-09T02:51:41.022+0000][1][safepoint    ] Total time for which application threads were stopped: 0.0000475 seconds, Stopping threads took: 0.0000076 seconds
[2019-12-09T02:51:41.022+0000][1][safepoint    ] Application time: 0.0000654 seconds
[2019-12-09T02:51:41.022+0000][1][safepoint    ] Entering safepoint region: RevokeBias
[2019-12-09T02:51:41.022+0000][1][safepoint    ] Leaving safepoint region
[2019-12-09T02:51:41.022+0000][1][safepoint    ] Total time for which application threads were stopped: 0.0000445 seconds, Stopping threads took: 0.0000072 seconds
[2019-12-09T02:51:41.022+0000][1][safepoint    ] Application time: 0.0000438 seconds
[2019-12-09T02:51:41.022+0000][1][safepoint    ] Entering safepoint region: RevokeBias
[2019-12-09T02:51:41.022+0000][1][safepoint    ] Leaving safepoint region
[2019-12-09T02:51:41.022+0000][1][safepoint    ] Total time for which application threads were stopped: 0.0000422 seconds, Stopping threads took: 0.0000068 seconds
[2019-12-09T02:51:41.022+0000][1][safepoint    ] Application time: 0.0000468 seconds
[2019-12-09T02:51:41.022+0000][1][safepoint    ] Entering safepoint region: RevokeBias
[2019-12-09T02:51:41.022+0000][1][safepoint    ] Leaving safepoint region
[2019-12-09T02:51:41.022+0000][1][safepoint    ] Total time for which application threads were stopped: 0.0000532 seconds, Stopping threads took: 0.0000166 seconds
[2019-12-09T02:51:41.022+0000][1][safepoint    ] Application time: 0.0000436 seconds
[2019-12-09T02:51:41.022+0000][1][safepoint    ] Entering safepoint region: RevokeBias
[2019-12-09T02:51:41.022+0000][1][safepoint    ] Leaving safepoint region
[2019-12-09T02:51:41.022+0000][1][safepoint    ] Total time for which application threads were stopped: 0.0000429 seconds, Stopping threads took: 0.0000066 seconds
[2019-12-09T02:51:41.023+0000][1][safepoint    ] Application time: 0.0000483 seconds
[2019-12-09T02:51:41.023+0000][1][safepoint    ] Entering safepoint region: RevokeBias
[2019-12-09T02:51:41.023+0000][1][safepoint    ] Leaving safepoint region
[2019-12-09T02:51:41.023+0000][1][safepoint    ] Total time for which application threads were stopped: 0.0000446 seconds, Stopping threads took: 0.0000071 seconds
[2019-12-09T02:51:41.023+0000][1][safepoint    ] Application time: 0.0000435 seconds
[2019-12-09T02:51:41.023+0000][1][safepoint    ] Entering safepoint region: RevokeBias
[2019-12-09T02:51:41.023+0000][1][safepoint    ] Leaving safepoint region
[2019-12-09T02:51:41.023+0000][1][safepoint    ] Total time for which application threads were stopped: 0.0000435 seconds, Stopping threads took: 0.0000068 seconds
[2019-12-09T02:51:42.009+0000][1][safepoint    ] Application time: 0.9861121 seconds
[2019-12-09T02:51:42.009+0000][1][safepoint    ] Entering safepoint region: Deoptimize
[2019-12-09T02:51:42.009+0000][1][safepoint    ] Leaving safepoint region
[2019-12-09T02:51:42.009+0000][1][safepoint    ] Total time for which application threads were stopped: 0.0004156 seconds, Stopping threads took: 0.0000229 seconds
[2019-12-09T02:51:42.019+0000][1][safepoint    ] Application time: 0.0094688 seconds
[2019-12-09T02:51:42.019+0000][1][safepoint    ] Entering safepoint region: Deoptimize
[2019-12-09T02:51:42.019+0000][1][safepoint    ] Leaving safepoint region
[2019-12-09T02:51:42.019+0000][1][safepoint    ] Total time for which application threads were stopped: 0.0003645 seconds, Stopping threads took: 0.0000111 seconds
[2019-12-09T02:51:43.022+0000][1][safepoint    ] Application time: 1.0025993 seconds
[2019-12-09T02:51:43.054+0000][1][safepoint    ] Entering safepoint region: Cleanup
[2019-12-09T02:51:43.054+0000][1][safepoint    ] Leaving safepoint region
[2019-12-09T02:51:43.054+0000][1][safepoint    ] Total time for which application threads were stopped: 0.0321031 seconds, Stopping threads took: 0.0320266 seconds
[2019-12-09T02:51:43.775+0000][1][safepoint    ] Application time: 0.7209853 seconds
[2019-12-09T02:51:43.775+0000][1][safepoint    ] Entering safepoint region: GenCollectForAllocation
[2019-12-09T02:51:43.775+0000][1][gc,start     ] GC(3) Pause Young (Allocation Failure)
[2019-12-09T02:51:43.775+0000][1][gc,task      ] GC(3) Using 2 workers of 2 for evacuation
[2019-12-09T02:51:43.892+0000][1][gc,age       ] GC(3) Desired survivor size 4456448 bytes, new threshold 3 (max threshold 6)
[2019-12-09T02:51:43.892+0000][1][gc,age       ] GC(3) Age table with threshold 3 (max threshold 6)
[2019-12-09T02:51:43.892+0000][1][gc,age       ] GC(3) - age   1:    3743752 bytes,    3743752 total
[2019-12-09T02:51:43.892+0000][1][gc,age       ] GC(3) - age   2:     527432 bytes,    4271184 total
[2019-12-09T02:51:43.892+0000][1][gc,age       ] GC(3) - age   3:    1143520 bytes,    5414704 total
[2019-12-09T02:51:43.892+0000][1][gc,heap      ] GC(3) ParNew: 71993K->5990K(78656K)
[2019-12-09T02:51:43.892+0000][1][gc,heap      ] GC(3) CMS: 6831K->6831K(174784K)
[2019-12-09T02:51:43.892+0000][1][gc,metaspace ] GC(3) Metaspace: 18482K->18482K(1067008K)
[2019-12-09T02:51:43.892+0000][1][gc           ] GC(3) Pause Young (Allocation Failure) 76M->12M(247M) 116.821ms
[2019-12-09T02:51:43.892+0000][1][gc,cpu       ] GC(3) User=0.02s Sys=0.00s Real=0.11s
[2019-12-09T02:51:43.892+0000][1][safepoint    ] Leaving safepoint region
[2019-12-09T02:51:43.892+0000][1][safepoint    ] Total time for which application threads were stopped: 0.1169783 seconds, Stopping threads took: 0.0000152 seconds
[2019-12-09T02:51:43.896+0000][1][safepoint    ] Application time: 0.0041652 seconds
[2019-12-09T02:51:43.896+0000][1][safepoint    ] Entering safepoint region: BulkRevokeBias
[2019-12-09T02:51:43.896+0000][1][safepoint    ] Leaving safepoint region
[2019-12-09T02:51:43.896+0000][1][safepoint    ] Total time for which application threads were stopped: 0.0001949 seconds, Stopping threads took: 0.0000591 seconds
[2019-12-09T02:51:43.897+0000][1][safepoint    ] Application time: 0.0007303 seconds
[2019-12-09T02:51:43.897+0000][1][safepoint    ] Entering safepoint region: RevokeBias
[2019-12-09T02:51:43.897+0000][1][safepoint    ] Leaving safepoint region
[2019-12-09T02:51:43.897+0000][1][safepoint    ] Total time for which application threads were stopped: 0.0000599 seconds, Stopping threads took: 0.0000104 seconds
[2019-12-09T02:51:43.897+0000][1][safepoint    ] Application time: 0.0000671 seconds
[2019-12-09T02:51:43.897+0000][1][safepoint    ] Entering safepoint region: RevokeBias
[2019-12-09T02:51:43.897+0000][1][safepoint    ] Leaving safepoint region
[2019-12-09T02:51:43.897+0000][1][safepoint    ] Total time for which application threads were stopped: 0.0000435 seconds, Stopping threads took: 0.0000077 seconds
[2019-12-09T02:51:43.897+0000][1][safepoint    ] Application time: 0.0000456 seconds
[2019-12-09T02:51:43.897+0000][1][safepoint    ] Entering safepoint region: RevokeBias
[2019-12-09T02:51:43.897+0000][1][safepoint    ] Leaving safepoint region
[2019-12-09T02:51:43.897+0000][1][safepoint    ] Total time for which application threads were stopped: 0.0000400 seconds, Stopping threads took: 0.0000067 seconds
[2019-12-09T02:51:43.897+0000][1][safepoint    ] Application time: 0.0000502 seconds
[2019-12-09T02:51:43.897+0000][1][safepoint    ] Entering safepoint region: RevokeBias
[2019-12-09T02:51:43.897+0000][1][safepoint    ] Leaving safepoint region
[2019-12-09T02:51:43.897+0000][1][safepoint    ] Total time for which application threads were stopped: 0.0000401 seconds, Stopping threads took: 0.0000071 seconds
[2019-12-09T02:51:43.897+0000][1][safepoint    ] Application time: 0.0000448 seconds
[2019-12-09T02:51:43.897+0000][1][safepoint    ] Entering safepoint region: RevokeBias
[2019-12-09T02:51:43.898+0000][1][safepoint    ] Leaving safepoint region
[2019-12-09T02:51:43.898+0000][1][safepoint    ] Total time for which application threads were stopped: 0.0000405 seconds, Stopping threads took: 0.0000071 seconds
[2019-12-09T02:51:43.898+0000][1][safepoint    ] Application time: 0.0000503 seconds
[2019-12-09T02:51:43.898+0000][1][safepoint    ] Entering safepoint region: RevokeBias
[2019-12-09T02:51:43.898+0000][1][safepoint    ] Leaving safepoint region
[2019-12-09T02:51:43.898+0000][1][safepoint    ] Total time for which application threads were stopped: 0.0000413 seconds, Stopping threads took: 0.0000072 seconds
[2019-12-09T02:51:43.898+0000][1][safepoint    ] Application time: 0.0000455 seconds
[2019-12-09T02:51:43.898+0000][1][safepoint    ] Entering safepoint region: RevokeBias
[2019-12-09T02:51:43.898+0000][1][safepoint    ] Leaving safepoint region
[2019-12-09T02:51:43.898+0000][1][safepoint    ] Total time for which application threads were stopped: 0.0000564 seconds, Stopping threads took: 0.0000246 seconds
[2019-12-09T02:51:43.898+0000][1][safepoint    ] Application time: 0.0000504 seconds
[2019-12-09T02:51:43.898+0000][1][safepoint    ] Entering safepoint region: RevokeBias
[2019-12-09T02:51:43.898+0000][1][safepoint    ] Leaving safepoint region
[2019-12-09T02:51:43.898+0000][1][safepoint    ] Total time for which application threads were stopped: 0.0000355 seconds, Stopping threads took: 0.0000063 seconds
[2019-12-09T02:51:43.898+0000][1][safepoint    ] Application time: 0.0000441 seconds
[2019-12-09T02:51:43.898+0000][1][safepoint    ] Entering safepoint region: RevokeBias
[2019-12-09T02:51:43.898+0000][1][safepoint    ] Leaving safepoint region
[2019-12-09T02:51:43.898+0000][1][safepoint    ] Total time for which application threads were stopped: 0.0000463 seconds, Stopping threads took: 0.0000070 seconds
[2019-12-09T02:51:43.898+0000][1][safepoint    ] Application time: 0.0000528 seconds
[2019-12-09T02:51:43.898+0000][1][safepoint    ] Entering safepoint region: RevokeBias
[2019-12-09T02:51:43.898+0000][1][safepoint    ] Leaving safepoint region
[2019-12-09T02:51:43.898+0000][1][safepoint    ] Total time for which application threads were stopped: 0.0000537 seconds, Stopping threads took: 0.0000070 seconds
[2019-12-09T02:51:43.898+0000][1][safepoint    ] Application time: 0.0000518 seconds
[2019-12-09T02:51:43.898+0000][1][safepoint    ] Entering safepoint region: RevokeBias
[2019-12-09T02:51:43.898+0000][1][safepoint    ] Leaving safepoint region
[2019-12-09T02:51:43.898+0000][1][safepoint    ] Total time for which application threads were stopped: 0.0000456 seconds, Stopping threads took: 0.0000083 seconds
[2019-12-09T02:51:43.898+0000][1][safepoint    ] Application time: 0.0000560 seconds
[2019-12-09T02:51:43.898+0000][1][safepoint    ] Entering safepoint region: RevokeBias
[2019-12-09T02:51:43.898+0000][1][safepoint    ] Leaving safepoint region
[2019-12-09T02:51:43.898+0000][1][safepoint    ] Total time for which application threads were stopped: 0.0000465 seconds, Stopping threads took: 0.0000082 seconds
[2019-12-09T02:51:43.898+0000][1][safepoint    ] Application time: 0.0002014 seconds
[2019-12-09T02:51:43.899+0000][1][safepoint    ] Entering safepoint region: RevokeBias
[2019-12-09T02:51:43.899+0000][1][safepoint    ] Leaving safepoint region
[2019-12-09T02:51:43.899+0000][1][safepoint    ] Total time for which application threads were stopped: 0.0000512 seconds, Stopping threads took: 0.0000084 seconds
[2019-12-09T02:51:43.899+0000][1][safepoint    ] Application time: 0.0000540 seconds
[2019-12-09T02:51:43.899+0000][1][safepoint    ] Entering safepoint region: RevokeBias
[2019-12-09T02:51:43.899+0000][1][safepoint    ] Leaving safepoint region
[2019-12-09T02:51:43.899+0000][1][safepoint    ] Total time for which application threads were stopped: 0.0000690 seconds, Stopping threads took: 0.0000071 seconds
[2019-12-09T02:51:43.899+0000][1][safepoint    ] Application time: 0.0000546 seconds
[2019-12-09T02:51:43.899+0000][1][safepoint    ] Entering safepoint region: RevokeBias
[2019-12-09T02:51:43.899+0000][1][safepoint    ] Leaving safepoint region
[2019-12-09T02:51:43.899+0000][1][safepoint    ] Total time for which application threads were stopped: 0.0000406 seconds, Stopping threads took: 0.0000074 seconds
[2019-12-09T02:51:43.899+0000][1][safepoint    ] Application time: 0.0000449 seconds
[2019-12-09T02:51:43.899+0000][1][safepoint    ] Entering safepoint region: RevokeBias
[2019-12-09T02:51:43.899+0000][1][safepoint    ] Leaving safepoint region
[2019-12-09T02:51:43.899+0000][1][safepoint    ] Total time for which application threads were stopped: 0.0000375 seconds, Stopping threads took: 0.0000061 seconds
[2019-12-09T02:51:44.857+0000][1][safepoint    ] Application time: 0.9576320 seconds
[2019-12-09T02:51:44.857+0000][1][safepoint    ] Entering safepoint region: GenCollectForAllocation
[2019-12-09T02:51:44.857+0000][1][gc,start     ] GC(4) Pause Young (Allocation Failure)
[2019-12-09T02:51:44.857+0000][1][gc,task      ] GC(4) Using 2 workers of 2 for evacuation
[2019-12-09T02:51:45.090+0000][1][gc,age       ] GC(4) Desired survivor size 4456448 bytes, new threshold 2 (max threshold 6)
[2019-12-09T02:51:45.090+0000][1][gc,age       ] GC(4) Age table with threshold 2 (max threshold 6)
[2019-12-09T02:51:45.090+0000][1][gc,age       ] GC(4) - age   1:    1692144 bytes,    1692144 total
[2019-12-09T02:51:45.090+0000][1][gc,age       ] GC(4) - age   2:    3185032 bytes,    4877176 total
[2019-12-09T02:51:45.090+0000][1][gc,age       ] GC(4) - age   3:     527432 bytes,    5404608 total
[2019-12-09T02:51:45.090+0000][1][gc,heap      ] GC(4) ParNew: 75942K->7999K(78656K)
[2019-12-09T02:51:45.090+0000][1][gc,heap      ] GC(4) CMS: 6831K->7963K(174784K)
[2019-12-09T02:51:45.090+0000][1][gc,metaspace ] GC(4) Metaspace: 18687K->18687K(1067008K)
[2019-12-09T02:51:45.090+0000][1][gc           ] GC(4) Pause Young (Allocation Failure) 80M->15M(247M) 233.630ms
[2019-12-09T02:51:45.090+0000][1][gc,cpu       ] GC(4) User=0.06s Sys=0.00s Real=0.23s
[2019-12-09T02:51:45.090+0000][1][safepoint    ] Leaving safepoint region
[2019-12-09T02:51:45.090+0000][1][safepoint    ] Total time for which application threads were stopped: 0.2337634 seconds, Stopping threads took: 0.0000150 seconds
[2019-12-09T02:51:45.117+0000][1][safepoint    ] Application time: 0.0263779 seconds
[2019-12-09T02:51:45.152+0000][1][safepoint    ] Entering safepoint region: RevokeBias
[2019-12-09T02:51:45.152+0000][1][safepoint    ] Leaving safepoint region
[2019-12-09T02:51:45.152+0000][1][safepoint    ] Total time for which application threads were stopped: 0.0351915 seconds, Stopping threads took: 0.0350749 seconds
[2019-12-09T02:51:45.157+0000][1][safepoint    ] Application time: 0.0053977 seconds
[2019-12-09T02:51:45.157+0000][1][safepoint    ] Entering safepoint region: Deoptimize
[2019-12-09T02:51:45.158+0000][1][safepoint    ] Leaving safepoint region
[2019-12-09T02:51:45.158+0000][1][safepoint    ] Total time for which application threads were stopped: 0.0004152 seconds, Stopping threads took: 0.0000129 seconds
[2019-12-09T02:51:45.165+0000][1][safepoint    ] Application time: 0.0069316 seconds
[2019-12-09T02:51:45.165+0000][1][safepoint    ] Entering safepoint region: RevokeBias
[2019-12-09T02:51:45.165+0000][1][safepoint    ] Leaving safepoint region
[2019-12-09T02:51:45.165+0000][1][safepoint    ] Total time for which application threads were stopped: 0.0000746 seconds, Stopping threads took: 0.0000106 seconds
[2019-12-09T02:51:45.179+0000][1][safepoint    ] Application time: 0.0142959 seconds
[2019-12-09T02:51:45.209+0000][1][safepoint    ] Entering safepoint region: RevokeBias
[2019-12-09T02:51:45.209+0000][1][safepoint    ] Leaving safepoint region
[2019-12-09T02:51:45.209+0000][1][safepoint    ] Total time for which application threads were stopped: 0.0301624 seconds, Stopping threads took: 0.0300891 seconds
[2019-12-09T02:51:45.225+0000][1][safepoint    ] Application time: 0.0154200 seconds
[2019-12-09T02:51:45.225+0000][1][safepoint    ] Entering safepoint region: RevokeBias
[2019-12-09T02:51:45.225+0000][1][safepoint    ] Leaving safepoint region
[2019-12-09T02:51:45.225+0000][1][safepoint    ] Total time for which application threads were stopped: 0.0001825 seconds, Stopping threads took: 0.0001012 seconds
[2019-12-09T02:51:45.579+0000][1][safepoint    ] Application time: 0.3540550 seconds
[2019-12-09T02:51:45.579+0000][1][safepoint    ] Entering safepoint region: Deoptimize
[2019-12-09T02:51:45.579+0000][1][safepoint    ] Leaving safepoint region
[2019-12-09T02:51:45.579+0000][1][safepoint    ] Total time for which application threads were stopped: 0.0004113 seconds, Stopping threads took: 0.0000128 seconds
[2019-12-09T02:51:45.619+0000][1][safepoint    ] Application time: 0.0394683 seconds
[2019-12-09T02:51:45.619+0000][1][safepoint    ] Entering safepoint region: RevokeBias
[2019-12-09T02:51:45.619+0000][1][safepoint    ] Leaving safepoint region
[2019-12-09T02:51:45.619+0000][1][safepoint    ] Total time for which application threads were stopped: 0.0000817 seconds, Stopping threads took: 0.0000137 seconds
[2019-12-09T02:51:45.648+0000][1][safepoint    ] Application time: 0.0291468 seconds
[2019-12-09T02:51:45.648+0000][1][safepoint    ] Entering safepoint region: RevokeBias
[2019-12-09T02:51:45.648+0000][1][safepoint    ] Leaving safepoint region
[2019-12-09T02:51:45.648+0000][1][safepoint    ] Total time for which application threads were stopped: 0.0000771 seconds, Stopping threads took: 0.0000136 seconds
[2019-12-09T02:51:46.400+0000][1][safepoint    ] Application time: 0.7513993 seconds
[2019-12-09T02:51:46.400+0000][1][safepoint    ] Entering safepoint region: GenCollectForAllocation
[2019-12-09T02:51:46.400+0000][1][gc,start     ] GC(5) Pause Young (Allocation Failure)
[2019-12-09T02:51:46.400+0000][1][gc,task      ] GC(5) Using 2 workers of 2 for evacuation
[2019-12-09T02:51:46.517+0000][1][gc,age       ] GC(5) Desired survivor size 4456448 bytes, new threshold 6 (max threshold 6)
[2019-12-09T02:51:46.518+0000][1][gc,age       ] GC(5) Age table with threshold 6 (max threshold 6)
[2019-12-09T02:51:46.518+0000][1][gc,age       ] GC(5) - age   1:    2649168 bytes,    2649168 total
[2019-12-09T02:51:46.518+0000][1][gc,age       ] GC(5) - age   2:     442272 bytes,    3091440 total
[2019-12-09T02:51:46.518+0000][1][gc,heap      ] GC(5) ParNew: 77951K->4958K(78656K)
[2019-12-09T02:51:46.518+0000][1][gc,heap      ] GC(5) CMS: 7963K->11618K(174784K)
[2019-12-09T02:51:46.518+0000][1][gc,metaspace ] GC(5) Metaspace: 19027K->19027K(1067008K)
[2019-12-09T02:51:46.518+0000][1][gc           ] GC(5) Pause Young (Allocation Failure) 83M->16M(247M) 117.663ms
[2019-12-09T02:51:46.518+0000][1][gc,cpu       ] GC(5) User=0.02s Sys=0.00s Real=0.12s
[2019-12-09T02:51:46.518+0000][1][safepoint    ] Leaving safepoint region
[2019-12-09T02:51:46.518+0000][1][safepoint    ] Total time for which application threads were stopped: 0.1178658 seconds, Stopping threads took: 0.0000624 seconds
[2019-12-09T02:51:46.522+0000][1][safepoint    ] Application time: 0.0040986 seconds
[2019-12-09T02:51:46.522+0000][1][safepoint    ] Entering safepoint region: RevokeBias
[2019-12-09T02:51:46.522+0000][1][safepoint    ] Leaving safepoint region
[2019-12-09T02:51:46.522+0000][1][safepoint    ] Total time for which application threads were stopped: 0.0003527 seconds, Stopping threads took: 0.0002847 seconds
[2019-12-09T02:51:46.526+0000][1][safepoint    ] Application time: 0.0035777 seconds
[2019-12-09T02:51:46.526+0000][1][safepoint    ] Entering safepoint region: RevokeBias
[2019-12-09T02:51:46.526+0000][1][safepoint    ] Leaving safepoint region
[2019-12-09T02:51:46.526+0000][1][safepoint    ] Total time for which application threads were stopped: 0.0000721 seconds, Stopping threads took: 0.0000118 seconds
[2019-12-09T02:51:46.530+0000][1][safepoint    ] Application time: 0.0038992 seconds
[2019-12-09T02:51:46.543+0000][1][safepoint    ] Entering safepoint region: RevokeBias
[2019-12-09T02:51:46.543+0000][1][safepoint    ] Leaving safepoint region
[2019-12-09T02:51:46.543+0000][1][safepoint    ] Total time for which application threads were stopped: 0.0135838 seconds, Stopping threads took: 0.0135228 seconds
[2019-12-09T02:51:46.550+0000][1][safepoint    ] Application time: 0.0064046 seconds
[2019-12-09T02:51:46.585+0000][1][safepoint    ] Entering safepoint region: RevokeBias
[2019-12-09T02:51:46.585+0000][1][safepoint    ] Leaving safepoint region
[2019-12-09T02:51:46.585+0000][1][safepoint    ] Total time for which application threads were stopped: 0.0351793 seconds, Stopping threads took: 0.0351028 seconds
[2019-12-09T02:51:46.590+0000][1][safepoint    ] Application time: 0.0047666 seconds
[2019-12-09T02:51:46.590+0000][1][safepoint    ] Entering safepoint region: RevokeBias
[2019-12-09T02:51:46.590+0000][1][safepoint    ] Leaving safepoint region
[2019-12-09T02:51:46.590+0000][1][safepoint    ] Total time for which application threads were stopped: 0.0000705 seconds, Stopping threads took: 0.0000109 seconds
[2019-12-09T02:51:46.593+0000][1][safepoint    ] Application time: 0.0028979 seconds
[2019-12-09T02:51:46.615+0000][1][safepoint    ] Entering safepoint region: RevokeBias
[2019-12-09T02:51:46.615+0000][1][safepoint    ] Leaving safepoint region
[2019-12-09T02:51:46.615+0000][1][safepoint    ] Total time for which application threads were stopped: 0.0220358 seconds, Stopping threads took: 0.0219618 seconds
[2019-12-09T02:51:47.210+0000][1][safepoint    ] Application time: 0.5949384 seconds
[2019-12-09T02:51:47.210+0000][1][safepoint    ] Entering safepoint region: RevokeBias
[2019-12-09T02:51:47.210+0000][1][safepoint    ] Leaving safepoint region
[2019-12-09T02:51:47.210+0000][1][safepoint    ] Total time for which application threads were stopped: 0.0000743 seconds, Stopping threads took: 0.0000147 seconds
[2019-12-09T02:51:47.222+0000][1][safepoint    ] Application time: 0.0121206 seconds
[2019-12-09T02:51:47.222+0000][1][safepoint    ] Entering safepoint region: RevokeBias
[2019-12-09T02:51:47.222+0000][1][safepoint    ] Leaving safepoint region
[2019-12-09T02:51:47.222+0000][1][safepoint    ] Total time for which application threads were stopped: 0.0000568 seconds, Stopping threads took: 0.0000124 seconds
[2019-12-09T02:51:47.495+0000][1][safepoint    ] Application time: 0.2734173 seconds
[2019-12-09T02:51:47.496+0000][1][safepoint    ] Entering safepoint region: GenCollectForAllocation
[2019-12-09T02:51:47.496+0000][1][gc,start     ] GC(6) Pause Young (Allocation Failure)
[2019-12-09T02:51:47.496+0000][1][gc,task      ] GC(6) Using 2 workers of 2 for evacuation
[2019-12-09T02:51:47.536+0000][1][gc,age       ] GC(6) Desired survivor size 4456448 bytes, new threshold 6 (max threshold 6)
[2019-12-09T02:51:47.536+0000][1][gc,age       ] GC(6) Age table with threshold 6 (max threshold 6)
[2019-12-09T02:51:47.536+0000][1][gc,age       ] GC(6) - age   1:    1312416 bytes,    1312416 total
[2019-12-09T02:51:47.536+0000][1][gc,age       ] GC(6) - age   2:    2191248 bytes,    3503664 total
[2019-12-09T02:51:47.536+0000][1][gc,age       ] GC(6) - age   3:     442272 bytes,    3945936 total
[2019-12-09T02:51:47.536+0000][1][gc,heap      ] GC(6) ParNew: 74910K->7007K(78656K)
[2019-12-09T02:51:47.536+0000][1][gc,heap      ] GC(6) CMS: 11618K->11618K(174784K)
[2019-12-09T02:51:47.536+0000][1][gc,metaspace ] GC(6) Metaspace: 19336K->19336K(1067008K)
[2019-12-09T02:51:47.536+0000][1][gc           ] GC(6) Pause Young (Allocation Failure) 84M->18M(247M) 40.406ms
[2019-12-09T02:51:47.536+0000][1][gc,cpu       ] GC(6) User=0.01s Sys=0.00s Real=0.04s
[2019-12-09T02:51:47.536+0000][1][safepoint    ] Leaving safepoint region
[2019-12-09T02:51:47.536+0000][1][safepoint    ] Total time for which application threads were stopped: 0.0405392 seconds, Stopping threads took: 0.0000137 seconds
[2019-12-09T02:51:47.542+0000][1][safepoint    ] Application time: 0.0056787 seconds
[2019-12-09T02:51:47.566+0000][1][safepoint    ] Entering safepoint region: RevokeBias
[2019-12-09T02:51:47.566+0000][1][safepoint    ] Leaving safepoint region
[2019-12-09T02:51:47.566+0000][1][safepoint    ] Total time for which application threads were stopped: 0.0242034 seconds, Stopping threads took: 0.0241011 seconds
[2019-12-09T02:51:47.566+0000][1][safepoint    ] Application time: 0.0000808 seconds
[2019-12-09T02:51:47.566+0000][1][safepoint    ] Entering safepoint region: BulkRevokeBias
[2019-12-09T02:51:47.566+0000][1][safepoint    ] Leaving safepoint region
[2019-12-09T02:51:47.566+0000][1][safepoint    ] Total time for which application threads were stopped: 0.0001185 seconds, Stopping threads took: 0.0000110 seconds
[2019-12-09T02:51:47.566+0000][1][safepoint    ] Application time: 0.0000771 seconds
[2019-12-09T02:51:47.566+0000][1][safepoint    ] Entering safepoint region: BulkRevokeBias
[2019-12-09T02:51:47.566+0000][1][safepoint    ] Leaving safepoint region
[2019-12-09T02:51:47.566+0000][1][safepoint    ] Total time for which application threads were stopped: 0.0000778 seconds, Stopping threads took: 0.0000082 seconds
[2019-12-09T02:51:48.539+0000][1][safepoint    ] Application time: 0.9729705 seconds
[2019-12-09T02:51:48.539+0000][1][safepoint    ] Entering safepoint region: GenCollectForAllocation
[2019-12-09T02:51:48.539+0000][1][gc,start     ] GC(7) Pause Young (Allocation Failure)
[2019-12-09T02:51:48.540+0000][1][gc,task      ] GC(7) Using 2 workers of 2 for evacuation
[2019-12-09T02:51:48.685+0000][1][gc,age       ] GC(7) Desired survivor size 4456448 bytes, new threshold 6 (max threshold 6)
[2019-12-09T02:51:48.685+0000][1][gc,age       ] GC(7) Age table with threshold 6 (max threshold 6)
[2019-12-09T02:51:48.685+0000][1][gc,age       ] GC(7) - age   1:     374896 bytes,     374896 total
[2019-12-09T02:51:48.685+0000][1][gc,age       ] GC(7) - age   2:    1128912 bytes,    1503808 total
[2019-12-09T02:51:48.685+0000][1][gc,age       ] GC(7) - age   3:    2191168 bytes,    3694976 total
[2019-12-09T02:51:48.685+0000][1][gc,age       ] GC(7) - age   4:     442272 bytes,    4137248 total
[2019-12-09T02:51:48.685+0000][1][gc,heap      ] GC(7) ParNew: 76959K->4810K(78656K)
[2019-12-09T02:51:48.685+0000][1][gc,heap      ] GC(7) CMS: 11618K->11618K(174784K)
[2019-12-09T02:51:48.685+0000][1][gc,metaspace ] GC(7) Metaspace: 19612K->19612K(1067008K)
[2019-12-09T02:51:48.685+0000][1][gc           ] GC(7) Pause Young (Allocation Failure) 86M->16M(247M) 145.502ms
[2019-12-09T02:51:48.685+0000][1][gc,cpu       ] GC(7) User=0.03s Sys=0.00s Real=0.15s
[2019-12-09T02:51:48.685+0000][1][safepoint    ] Leaving safepoint region
[2019-12-09T02:51:48.685+0000][1][safepoint    ] Total time for which application threads were stopped: 0.1456558 seconds, Stopping threads took: 0.0000153 seconds
[2019-12-09T02:51:49.382+0000][1][safepoint    ] Application time: 0.6966650 seconds
[2019-12-09T02:51:49.382+0000][1][safepoint    ] Entering safepoint region: CollectForMetadataAllocation
[2019-12-09T02:51:49.382+0000][1][safepoint    ] Leaving safepoint region
[2019-12-09T02:51:49.382+0000][1][safepoint    ] Total time for which application threads were stopped: 0.0002974 seconds, Stopping threads took: 0.0000181 seconds
[2019-12-09T02:51:49.635+0000][1][safepoint    ] Application time: 0.2526710 seconds
[2019-12-09T02:51:49.635+0000][1][safepoint    ] Entering safepoint region: CollectForMetadataAllocation
[2019-12-09T02:51:49.635+0000][1][safepoint    ] Leaving safepoint region
[2019-12-09T02:51:49.635+0000][1][safepoint    ] Total time for which application threads were stopped: 0.0002702 seconds, Stopping threads took: 0.0000514 seconds
[2019-12-09T02:51:50.271+0000][1][safepoint    ] Application time: 0.6356775 seconds
[2019-12-09T02:51:50.271+0000][1][safepoint    ] Entering safepoint region: RevokeBias
[2019-12-09T02:51:50.271+0000][1][safepoint    ] Leaving safepoint region
[2019-12-09T02:51:50.271+0000][1][safepoint    ] Total time for which application threads were stopped: 0.0001009 seconds, Stopping threads took: 0.0000142 seconds
[2019-12-09T02:51:50.285+0000][1][safepoint    ] Application time: 0.0136470 seconds
[2019-12-09T02:51:50.285+0000][1][safepoint    ] Entering safepoint region: RevokeBias
[2019-12-09T02:51:50.285+0000][1][safepoint    ] Leaving safepoint region
[2019-12-09T02:51:50.285+0000][1][safepoint    ] Total time for which application threads were stopped: 0.0000873 seconds, Stopping threads took: 0.0000163 seconds
[2019-12-09T02:51:50.361+0000][1][safepoint    ] Application time: 0.0761078 seconds
[2019-12-09T02:51:50.361+0000][1][safepoint    ] Entering safepoint region: GenCollectForAllocation
[2019-12-09T02:51:50.361+0000][1][gc,start     ] GC(8) Pause Young (Allocation Failure)
[2019-12-09T02:51:50.361+0000][1][gc,task      ] GC(8) Using 2 workers of 2 for evacuation
[2019-12-09T02:51:50.430+0000][1][gc,age       ] GC(8) Desired survivor size 4456448 bytes, new threshold 4 (max threshold 6)
[2019-12-09T02:51:50.430+0000][1][gc,age       ] GC(8) Age table with threshold 4 (max threshold 6)
[2019-12-09T02:51:50.430+0000][1][gc,age       ] GC(8) - age   1:    1459008 bytes,    1459008 total
[2019-12-09T02:51:50.430+0000][1][gc,age       ] GC(8) - age   2:     356544 bytes,    1815552 total
[2019-12-09T02:51:50.430+0000][1][gc,age       ] GC(8) - age   3:    1128768 bytes,    2944320 total
[2019-12-09T02:51:50.430+0000][1][gc,age       ] GC(8) - age   4:    2188952 bytes,    5133272 total
[2019-12-09T02:51:50.430+0000][1][gc,age       ] GC(8) - age   5:     442272 bytes,    5575544 total
[2019-12-09T02:51:50.430+0000][1][gc,heap      ] GC(8) ParNew: 74762K->6968K(78656K)
[2019-12-09T02:51:50.430+0000][1][gc,heap      ] GC(8) CMS: 11618K->11618K(174784K)
[2019-12-09T02:51:50.430+0000][1][gc,metaspace ] GC(8) Metaspace: 20425K->20425K(1069056K)
[2019-12-09T02:51:50.430+0000][1][gc           ] GC(8) Pause Young (Allocation Failure) 84M->18M(247M) 69.532ms
[2019-12-09T02:51:50.430+0000][1][gc,cpu       ] GC(8) User=0.02s Sys=0.00s Real=0.07s
[2019-12-09T02:51:50.430+0000][1][safepoint    ] Leaving safepoint region
[2019-12-09T02:51:50.430+0000][1][safepoint    ] Total time for which application threads were stopped: 0.0696725 seconds, Stopping threads took: 0.0000135 seconds
[2019-12-09T02:51:50.431+0000][1][safepoint    ] Application time: 0.0004336 seconds
[2019-12-09T02:51:50.431+0000][1][safepoint    ] Entering safepoint region: CMS_Initial_Mark
[2019-12-09T02:51:50.431+0000][1][gc,start     ] GC(9) Pause Initial Mark
[2019-12-09T02:51:50.442+0000][1][gc           ] GC(9) Pause Initial Mark 19M->19M(247M) 11.380ms
[2019-12-09T02:51:50.442+0000][1][gc,cpu       ] GC(9) User=0.00s Sys=0.00s Real=0.01s
[2019-12-09T02:51:50.442+0000][1][safepoint    ] Leaving safepoint region
[2019-12-09T02:51:50.442+0000][1][safepoint    ] Total time for which application threads were stopped: 0.0115287 seconds, Stopping threads took: 0.0000446 seconds
[2019-12-09T02:51:50.442+0000][1][gc           ] GC(9) Concurrent Mark
[2019-12-09T02:51:50.551+0000][1][gc           ] GC(9) Concurrent Mark 108.888ms
[2019-12-09T02:51:50.551+0000][1][gc,cpu       ] GC(9) User=0.04s Sys=0.00s Real=0.11s
[2019-12-09T02:51:50.551+0000][1][gc           ] GC(9) Concurrent Preclean
[2019-12-09T02:51:50.598+0000][1][gc           ] GC(9) Concurrent Preclean 46.585ms
[2019-12-09T02:51:50.598+0000][1][gc,cpu       ] GC(9) User=0.01s Sys=0.00s Real=0.05s
[2019-12-09T02:51:50.598+0000][1][gc           ] GC(9) Concurrent Abortable Preclean
[2019-12-09T02:51:50.756+0000][1][safepoint    ] Application time: 0.3133602 seconds
[2019-12-09T02:51:50.756+0000][1][safepoint    ] Entering safepoint region: RevokeBias
[2019-12-09T02:51:50.756+0000][1][safepoint    ] Leaving safepoint region
[2019-12-09T02:51:50.756+0000][1][safepoint    ] Total time for which application threads were stopped: 0.0000807 seconds, Stopping threads took: 0.0000129 seconds
[2019-12-09T02:51:51.705+0000][1][safepoint    ] Application time: 0.9487829 seconds
[2019-12-09T02:51:51.705+0000][1][safepoint    ] Entering safepoint region: GenCollectForAllocation
[2019-12-09T02:51:51.705+0000][1][gc,start     ] GC(10) Pause Young (Allocation Failure)
[2019-12-09T02:51:51.705+0000][1][gc,task      ] GC(10) Using 2 workers of 2 for evacuation
[2019-12-09T02:51:51.791+0000][1][gc           ] GC(9) Concurrent Abortable Preclean 1192.644ms
[2019-12-09T02:51:51.791+0000][1][gc,cpu       ] GC(9) User=0.31s Sys=0.01s Real=1.19s
[2019-12-09T02:51:51.882+0000][1][gc,age       ] GC(10) Desired survivor size 4456448 bytes, new threshold 6 (max threshold 6)
[2019-12-09T02:51:51.882+0000][1][gc,age       ] GC(10) Age table with threshold 6 (max threshold 6)
[2019-12-09T02:51:51.882+0000][1][gc,age       ] GC(10) - age   1:     758928 bytes,     758928 total
[2019-12-09T02:51:51.882+0000][1][gc,age       ] GC(10) - age   2:     654440 bytes,    1413368 total
[2019-12-09T02:51:51.882+0000][1][gc,age       ] GC(10) - age   3:     356544 bytes,    1769912 total
[2019-12-09T02:51:51.882+0000][1][gc,age       ] GC(10) - age   4:    1128768 bytes,    2898680 total
[2019-12-09T02:51:51.882+0000][1][gc,heap      ] GC(10) ParNew: 76920K->4954K(78656K)
[2019-12-09T02:51:51.882+0000][1][gc,heap      ] GC(10) CMS: 11618K->14206K(174784K)
[2019-12-09T02:51:51.882+0000][1][gc,metaspace ] GC(10) Metaspace: 20531K->20531K(1069056K)
[2019-12-09T02:51:51.882+0000][1][gc           ] GC(10) Pause Young (Allocation Failure) 86M->18M(247M) 176.978ms
[2019-12-09T02:51:51.882+0000][1][gc,cpu       ] GC(10) User=0.02s Sys=0.00s Real=0.17s
[2019-12-09T02:51:51.882+0000][1][safepoint    ] Leaving safepoint region
[2019-12-09T02:51:51.882+0000][1][safepoint    ] Total time for which application threads were stopped: 0.1771117 seconds, Stopping threads took: 0.0000132 seconds
[2019-12-09T02:51:51.907+0000][1][safepoint    ] Application time: 0.0248718 seconds
[2019-12-09T02:51:51.951+0000][1][safepoint    ] Entering safepoint region: CMS_Final_Remark
[2019-12-09T02:51:51.951+0000][1][gc,start     ] GC(9) Pause Remark
[2019-12-09T02:51:52.045+0000][1][gc           ] GC(9) Pause Remark 22M->22M(247M) 94.496ms
[2019-12-09T02:51:52.045+0000][1][gc,cpu       ] GC(9) User=0.02s Sys=0.00s Real=0.10s
[2019-12-09T02:51:52.045+0000][1][safepoint    ] Leaving safepoint region
[2019-12-09T02:51:52.045+0000][1][safepoint    ] Total time for which application threads were stopped: 0.1387029 seconds, Stopping threads took: 0.0440711 seconds
[2019-12-09T02:51:52.052+0000][1][gc           ] GC(9) Concurrent Sweep
[2019-12-09T02:51:52.150+0000][1][gc           ] GC(9) Concurrent Sweep 97.840ms
[2019-12-09T02:51:52.150+0000][1][gc,cpu       ] GC(9) User=0.02s Sys=0.00s Real=0.10s
[2019-12-09T02:51:52.150+0000][1][gc           ] GC(9) Concurrent Reset
[2019-12-09T02:51:52.166+0000][1][gc           ] GC(9) Concurrent Reset 16.386ms
[2019-12-09T02:51:52.166+0000][1][gc,cpu       ] GC(9) User=0.01s Sys=0.00s Real=0.02s
[2019-12-09T02:51:52.166+0000][1][gc,heap      ] GC(9) Old: 11618K->14196K(174784K)
[2019-12-09T02:51:52.957+0000][1][safepoint    ] Application time: 0.9111089 seconds
[2019-12-09T02:51:52.957+0000][1][safepoint    ] Entering safepoint region: GenCollectForAllocation
[2019-12-09T02:51:52.957+0000][1][gc,start     ] GC(11) Pause Young (Allocation Failure)
[2019-12-09T02:51:52.957+0000][1][gc,task      ] GC(11) Using 2 workers of 2 for evacuation
[2019-12-09T02:51:53.024+0000][1][gc,age       ] GC(11) Desired survivor size 4456448 bytes, new threshold 6 (max threshold 6)
[2019-12-09T02:51:53.024+0000][1][gc,age       ] GC(11) Age table with threshold 6 (max threshold 6)
[2019-12-09T02:51:53.024+0000][1][gc,age       ] GC(11) - age   1:     707040 bytes,     707040 total
[2019-12-09T02:51:53.024+0000][1][gc,age       ] GC(11) - age   2:      97456 bytes,     804496 total
[2019-12-09T02:51:53.024+0000][1][gc,age       ] GC(11) - age   3:     654392 bytes,    1458888 total
[2019-12-09T02:51:53.024+0000][1][gc,age       ] GC(11) - age   4:     356440 bytes,    1815328 total
[2019-12-09T02:51:53.024+0000][1][gc,age       ] GC(11) - age   5:    1128480 bytes,    2943808 total
[2019-12-09T02:51:53.024+0000][1][gc,heap      ] GC(11) ParNew: 74906K->4600K(78656K)
[2019-12-09T02:51:53.024+0000][1][gc,heap      ] GC(11) CMS: 14196K->14196K(174784K)
[2019-12-09T02:51:53.024+0000][1][gc,metaspace ] GC(11) Metaspace: 20617K->20617K(1069056K)
[2019-12-09T02:51:53.024+0000][1][gc           ] GC(11) Pause Young (Allocation Failure) 87M->18M(247M) 67.189ms
[2019-12-09T02:51:53.024+0000][1][gc,cpu       ] GC(11) User=0.02s Sys=0.00s Real=0.06s
[2019-12-09T02:51:53.024+0000][1][safepoint    ] Leaving safepoint region
[2019-12-09T02:51:53.024+0000][1][safepoint    ] Total time for which application threads were stopped: 0.0677535 seconds, Stopping threads took: 0.0000140 seconds
[2019-12-09T02:51:54.027+0000][1][safepoint    ] Application time: 1.0023199 seconds
[2019-12-09T02:51:54.028+0000][1][safepoint    ] Entering safepoint region: Cleanup
[2019-12-09T02:51:54.028+0000][1][safepoint    ] Leaving safepoint region
[2019-12-09T02:51:54.028+0000][1][safepoint    ] Total time for which application threads were stopped: 0.0013377 seconds, Stopping threads took: 0.0012970 seconds
[2019-12-09T02:51:54.115+0000][1][safepoint    ] Application time: 0.0870999 seconds
[2019-12-09T02:51:54.115+0000][1][safepoint    ] Entering safepoint region: RevokeBias
[2019-12-09T02:51:54.115+0000][1][safepoint    ] Leaving safepoint region
[2019-12-09T02:51:54.115+0000][1][safepoint    ] Total time for which application threads were stopped: 0.0000605 seconds, Stopping threads took: 0.0000127 seconds
[2019-12-09T02:51:55.122+0000][1][safepoint    ] Application time: 1.0064146 seconds
[2019-12-09T02:51:55.122+0000][1][safepoint    ] Entering safepoint region: Cleanup
[2019-12-09T02:51:55.122+0000][1][safepoint    ] Leaving safepoint region
[2019-12-09T02:51:55.122+0000][1][safepoint    ] Total time for which application threads were stopped: 0.0000638 seconds, Stopping threads took: 0.0000159 seconds
[2019-12-09T02:51:55.629+0000][1][safepoint    ] Application time: 0.5068946 seconds
[2019-12-09T02:51:55.629+0000][1][safepoint    ] Entering safepoint region: GenCollectForAllocation
[2019-12-09T02:51:55.629+0000][1][gc,start     ] GC(12) Pause Young (Allocation Failure)
[2019-12-09T02:51:55.629+0000][1][gc,task      ] GC(12) Using 2 workers of 2 for evacuation
[2019-12-09T02:51:55.768+0000][1][gc,age       ] GC(12) Desired survivor size 4456448 bytes, new threshold 6 (max threshold 6)
[2019-12-09T02:51:55.768+0000][1][gc,age       ] GC(12) Age table with threshold 6 (max threshold 6)
[2019-12-09T02:51:55.768+0000][1][gc,age       ] GC(12) - age   1:     939144 bytes,     939144 total
[2019-12-09T02:51:55.768+0000][1][gc,age       ] GC(12) - age   2:     306200 bytes,    1245344 total
[2019-12-09T02:51:55.768+0000][1][gc,age       ] GC(12) - age   3:      97456 bytes,    1342800 total
[2019-12-09T02:51:55.768+0000][1][gc,age       ] GC(12) - age   4:     654328 bytes,    1997128 total
[2019-12-09T02:51:55.768+0000][1][gc,age       ] GC(12) - age   5:     356440 bytes,    2353568 total
[2019-12-09T02:51:55.768+0000][1][gc,age       ] GC(12) - age   6:    1128480 bytes,    3482048 total
[2019-12-09T02:51:55.768+0000][1][gc,heap      ] GC(12) ParNew: 74552K->5462K(78656K)
[2019-12-09T02:51:55.768+0000][1][gc,heap      ] GC(12) CMS: 14196K->14196K(174784K)
[2019-12-09T02:51:55.768+0000][1][gc,metaspace ] GC(12) Metaspace: 22611K->22611K(1071104K)
[2019-12-09T02:51:55.768+0000][1][gc           ] GC(12) Pause Young (Allocation Failure) 86M->19M(247M) 139.221ms
[2019-12-09T02:51:55.768+0000][1][gc,cpu       ] GC(12) User=0.03s Sys=0.00s Real=0.14s
[2019-12-09T02:51:55.768+0000][1][safepoint    ] Leaving safepoint region
[2019-12-09T02:51:55.768+0000][1][safepoint    ] Total time for which application threads were stopped: 0.1393715 seconds, Stopping threads took: 0.0000207 seconds
[2019-12-09T02:51:56.772+0000][1][safepoint    ] Application time: 1.0035777 seconds
[2019-12-09T02:51:56.782+0000][1][safepoint    ] Entering safepoint region: Cleanup
[2019-12-09T02:51:56.783+0000][1][safepoint    ] Leaving safepoint region
[2019-12-09T02:51:56.783+0000][1][safepoint    ] Total time for which application threads were stopped: 0.0108817 seconds, Stopping threads took: 0.0106749 seconds
[2019-12-09T02:51:57.140+0000][1][safepoint    ] Application time: 0.3574561 seconds
[2019-12-09T02:51:57.140+0000][1][safepoint    ] Entering safepoint region: Deoptimize
[2019-12-09T02:51:57.141+0000][1][safepoint    ] Leaving safepoint region
[2019-12-09T02:51:57.141+0000][1][safepoint    ] Total time for which application threads were stopped: 0.0004676 seconds, Stopping threads took: 0.0000132 seconds
[2019-12-09T02:51:58.042+0000][1][safepoint    ] Application time: 0.9011177 seconds
[2019-12-09T02:51:58.042+0000][1][safepoint    ] Entering safepoint region: Deoptimize
[2019-12-09T02:51:58.042+0000][1][safepoint    ] Leaving safepoint region
[2019-12-09T02:51:58.042+0000][1][safepoint    ] Total time for which application threads were stopped: 0.0004580 seconds, Stopping threads took: 0.0000143 seconds
[2019-12-09T02:51:58.133+0000][1][safepoint    ] Application time: 0.0904740 seconds
[2019-12-09T02:51:58.133+0000][1][safepoint    ] Entering safepoint region: Deoptimize
[2019-12-09T02:51:58.133+0000][1][safepoint    ] Leaving safepoint region
[2019-12-09T02:51:58.133+0000][1][safepoint    ] Total time for which application threads were stopped: 0.0004416 seconds, Stopping threads took: 0.0000137 seconds
[2019-12-09T02:51:58.151+0000][1][safepoint    ] Application time: 0.0182515 seconds
[2019-12-09T02:51:58.151+0000][1][safepoint    ] Entering safepoint region: Deoptimize
[2019-12-09T02:51:58.152+0000][1][safepoint    ] Leaving safepoint region
[2019-12-09T02:51:58.152+0000][1][safepoint    ] Total time for which application threads were stopped: 0.0004645 seconds, Stopping threads took: 0.0000137 seconds
[2019-12-09T02:51:59.153+0000][1][safepoint    ] Application time: 1.0007537 seconds
[2019-12-09T02:51:59.159+0000][1][safepoint    ] Entering safepoint region: Cleanup
[2019-12-09T02:51:59.159+0000][1][safepoint    ] Leaving safepoint region
[2019-12-09T02:51:59.159+0000][1][safepoint    ] Total time for which application threads were stopped: 0.0060329 seconds, Stopping threads took: 0.0059844 seconds
[2019-12-09T02:52:00.167+0000][1][safepoint    ] Application time: 1.0079114 seconds
[2019-12-09T02:52:00.251+0000][1][safepoint    ] Entering safepoint region: Cleanup
[2019-12-09T02:52:00.251+0000][1][safepoint    ] Leaving safepoint region
[2019-12-09T02:52:00.251+0000][1][safepoint    ] Total time for which application threads were stopped: 0.0842915 seconds, Stopping threads took: 0.0840361 seconds
[2019-12-09T02:52:01.253+0000][1][safepoint    ] Application time: 1.0016595 seconds
[2019-12-09T02:52:01.321+0000][1][safepoint    ] Entering safepoint region: Cleanup
[2019-12-09T02:52:01.321+0000][1][safepoint    ] Leaving safepoint region
[2019-12-09T02:52:01.321+0000][1][safepoint    ] Total time for which application threads were stopped: 0.0681588 seconds, Stopping threads took: 0.0680761 seconds
[2019-12-09T02:52:02.324+0000][1][safepoint    ] Application time: 1.0035232 seconds
[2019-12-09T02:52:02.412+0000][1][safepoint    ] Entering safepoint region: Cleanup
[2019-12-09T02:52:02.412+0000][1][safepoint    ] Leaving safepoint region
[2019-12-09T02:52:02.412+0000][1][safepoint    ] Total time for which application threads were stopped: 0.0873907 seconds, Stopping threads took: 0.0873303 seconds
[2019-12-09T02:52:03.420+0000][1][safepoint    ] Application time: 1.0078174 seconds
[2019-12-09T02:52:03.420+0000][1][safepoint    ] Entering safepoint region: Cleanup
[2019-12-09T02:52:03.420+0000][1][safepoint    ] Leaving safepoint region
[2019-12-09T02:52:03.420+0000][1][safepoint    ] Total time for which application threads were stopped: 0.0001005 seconds, Stopping threads took: 0.0000512 seconds
[2019-12-09T02:52:03.935+0000][1][safepoint    ] Application time: 0.5149452 seconds
[2019-12-09T02:52:03.935+0000][1][safepoint    ] Entering safepoint region: GenCollectForAllocation
[2019-12-09T02:52:03.935+0000][1][gc,start     ] GC(13) Pause Young (Allocation Failure)
[2019-12-09T02:52:03.935+0000][1][gc,task      ] GC(13) Using 2 workers of 2 for evacuation
[2019-12-09T02:52:04.237+0000][1][gc,age       ] GC(13) Desired survivor size 4456448 bytes, new threshold 1 (max threshold 6)
[2019-12-09T02:52:04.237+0000][1][gc,age       ] GC(13) Age table with threshold 1 (max threshold 6)
[2019-12-09T02:52:04.237+0000][1][gc,age       ] GC(13) - age   1:    7020040 bytes,    7020040 total
[2019-12-09T02:52:04.237+0000][1][gc,age       ] GC(13) - age   2:     523256 bytes,    7543296 total
[2019-12-09T02:52:04.237+0000][1][gc,age       ] GC(13) - age   3:     296704 bytes,    7840000 total
[2019-12-09T02:52:04.237+0000][1][gc,age       ] GC(13) - age   4:      91280 bytes,    7931280 total
[2019-12-09T02:52:04.237+0000][1][gc,age       ] GC(13) - age   5:     631752 bytes,    8563032 total
[2019-12-09T02:52:04.237+0000][1][gc,age       ] GC(13) - age   6:     349680 bytes,    8912712 total
[2019-12-09T02:52:04.237+0000][1][gc,heap      ] GC(13) ParNew: 75414K->8704K(78656K)
[2019-12-09T02:52:04.237+0000][1][gc,heap      ] GC(13) CMS: 14196K->21285K(174784K)
[2019-12-09T02:52:04.237+0000][1][gc,metaspace ] GC(13) Metaspace: 27212K->27212K(1075200K)
[2019-12-09T02:52:04.237+0000][1][gc           ] GC(13) Pause Young (Allocation Failure) 87M->29M(247M) 302.372ms
[2019-12-09T02:52:04.237+0000][1][gc,cpu       ] GC(13) User=0.08s Sys=0.00s Real=0.30s
[2019-12-09T02:52:04.237+0000][1][safepoint    ] Leaving safepoint region
[2019-12-09T02:52:04.237+0000][1][safepoint    ] Total time for which application threads were stopped: 0.3025058 seconds, Stopping threads took: 0.0000169 seconds
[2019-12-09T02:52:06.869+0000][1][safepoint    ] Application time: 2.6317755 seconds
[2019-12-09T02:52:06.869+0000][1][safepoint    ] Entering safepoint region: RevokeBias
[2019-12-09T02:52:06.869+0000][1][safepoint    ] Leaving safepoint region
[2019-12-09T02:52:06.869+0000][1][safepoint    ] Total time for which application threads were stopped: 0.0000924 seconds, Stopping threads took: 0.0000172 seconds
[2019-12-09T02:52:07.873+0000][1][safepoint    ] Application time: 1.0034498 seconds
[2019-12-09T02:52:07.905+0000][1][safepoint    ] Entering safepoint region: Cleanup
[2019-12-09T02:52:07.905+0000][1][safepoint    ] Leaving safepoint region
[2019-12-09T02:52:07.905+0000][1][safepoint    ] Total time for which application threads were stopped: 0.0321315 seconds, Stopping threads took: 0.0320853 seconds
[2019-12-09T02:52:08.289+0000][1][safepoint    ] Application time: 0.3842764 seconds
[2019-12-09T02:52:08.289+0000][1][safepoint    ] Entering safepoint region: GenCollectForAllocation
[2019-12-09T02:52:08.289+0000][1][gc,start     ] GC(14) Pause Young (Allocation Failure)
[2019-12-09T02:52:08.289+0000][1][gc,task      ] GC(14) Using 2 workers of 2 for evacuation
[2019-12-09T02:52:08.762+0000][1][gc,age       ] GC(14) Desired survivor size 4456448 bytes, new threshold 1 (max threshold 6)
[2019-12-09T02:52:08.762+0000][1][gc,age       ] GC(14) Age table with threshold 1 (max threshold 6)
[2019-12-09T02:52:08.762+0000][1][gc,age       ] GC(14) - age   1:    8911248 bytes,    8911248 total
[2019-12-09T02:52:08.762+0000][1][gc,heap      ] GC(14) ParNew: 78656K->8704K(78656K)
[2019-12-09T02:52:08.762+0000][1][gc,heap      ] GC(14) CMS: 21285K->34799K(174784K)
[2019-12-09T02:52:08.762+0000][1][gc,metaspace ] GC(14) Metaspace: 27265K->27265K(1075200K)
[2019-12-09T02:52:08.762+0000][1][gc           ] GC(14) Pause Young (Allocation Failure) 97M->42M(247M) 472.910ms
[2019-12-09T02:52:08.762+0000][1][gc,cpu       ] GC(14) User=0.13s Sys=0.00s Real=0.47s
[2019-12-09T02:52:08.762+0000][1][safepoint    ] Leaving safepoint region
[2019-12-09T02:52:08.762+0000][1][safepoint    ] Total time for which application threads were stopped: 0.4730402 seconds, Stopping threads took: 0.0000232 seconds
[2019-12-09T02:52:11.772+0000][1][safepoint    ] Application time: 3.0094166 seconds
[2019-12-09T02:52:11.817+0000][1][safepoint    ] Entering safepoint region: Cleanup
[2019-12-09T02:52:11.817+0000][1][safepoint    ] Leaving safepoint region
[2019-12-09T02:52:11.817+0000][1][safepoint    ] Total time for which application threads were stopped: 0.0450890 seconds, Stopping threads took: 0.0450388 seconds
[2019-12-09T02:52:12.817+0000][1][safepoint    ] Application time: 1.0004595 seconds
[2019-12-09T02:52:12.817+0000][1][safepoint    ] Entering safepoint region: Cleanup
[2019-12-09T02:52:12.818+0000][1][safepoint    ] Leaving safepoint region
[2019-12-09T02:52:12.818+0000][1][safepoint    ] Total time for which application threads were stopped: 0.0002082 seconds, Stopping threads took: 0.0001388 seconds
[2019-12-09T02:52:13.286+0000][1][safepoint    ] Application time: 0.4684088 seconds
[2019-12-09T02:52:13.286+0000][1][safepoint    ] Entering safepoint region: GenCollectForAllocation
[2019-12-09T02:52:13.286+0000][1][gc,start     ] GC(15) Pause Young (Allocation Failure)
[2019-12-09T02:52:13.286+0000][1][gc,task      ] GC(15) Using 2 workers of 2 for evacuation
[2019-12-09T02:52:13.654+0000][1][gc,age       ] GC(15) Desired survivor size 4456448 bytes, new threshold 1 (max threshold 6)
[2019-12-09T02:52:13.654+0000][1][gc,age       ] GC(15) Age table with threshold 1 (max threshold 6)
[2019-12-09T02:52:13.654+0000][1][gc,age       ] GC(15) - age   1:    8912816 bytes,    8912816 total
[2019-12-09T02:52:13.654+0000][1][gc,heap      ] GC(15) ParNew: 78655K->8704K(78656K)
[2019-12-09T02:52:13.654+0000][1][gc,heap      ] GC(15) CMS: 34799K->46529K(174784K)
[2019-12-09T02:52:13.654+0000][1][gc,metaspace ] GC(15) Metaspace: 29351K->29351K(1077248K)
[2019-12-09T02:52:13.654+0000][1][gc           ] GC(15) Pause Young (Allocation Failure) 110M->53M(247M) 367.956ms
[2019-12-09T02:52:13.654+0000][1][gc,cpu       ] GC(15) User=0.10s Sys=0.00s Real=0.36s
[2019-12-09T02:52:13.654+0000][1][safepoint    ] Leaving safepoint region
[2019-12-09T02:52:13.654+0000][1][safepoint    ] Total time for which application threads were stopped: 0.3680944 seconds, Stopping threads took: 0.0000136 seconds
[2019-12-09T02:52:14.657+0000][1][safepoint    ] Application time: 1.0025939 seconds
[2019-12-09T02:52:14.733+0000][1][safepoint    ] Entering safepoint region: Cleanup
[2019-12-09T02:52:14.733+0000][1][safepoint    ] Leaving safepoint region
[2019-12-09T02:52:14.733+0000][1][safepoint    ] Total time for which application threads were stopped: 0.0761014 seconds, Stopping threads took: 0.0760423 seconds
[2019-12-09T02:52:15.741+0000][1][safepoint    ] Application time: 1.0078537 seconds
[2019-12-09T02:52:15.766+0000][1][safepoint    ] Entering safepoint region: Cleanup
[2019-12-09T02:52:15.766+0000][1][safepoint    ] Leaving safepoint region
[2019-12-09T02:52:15.766+0000][1][safepoint    ] Total time for which application threads were stopped: 0.0250688 seconds, Stopping threads took: 0.0250176 seconds
[2019-12-09T02:52:16.768+0000][1][safepoint    ] Application time: 1.0019016 seconds
[2019-12-09T02:52:16.817+0000][1][safepoint    ] Entering safepoint region: Cleanup
[2019-12-09T02:52:16.817+0000][1][safepoint    ] Leaving safepoint region
[2019-12-09T02:52:16.817+0000][1][safepoint    ] Total time for which application threads were stopped: 0.0490731 seconds, Stopping threads took: 0.0490042 seconds
[2019-12-09T02:52:16.945+0000][1][safepoint    ] Application time: 0.1280347 seconds
[2019-12-09T02:52:16.945+0000][1][safepoint    ] Entering safepoint region: GenCollectForAllocation
[2019-12-09T02:52:16.945+0000][1][gc,start     ] GC(16) Pause Young (Allocation Failure)
[2019-12-09T02:52:16.945+0000][1][gc,task      ] GC(16) Using 2 workers of 2 for evacuation
[2019-12-09T02:52:17.241+0000][1][gc,age       ] GC(16) Desired survivor size 4456448 bytes, new threshold 6 (max threshold 6)
[2019-12-09T02:52:17.241+0000][1][gc,age       ] GC(16) Age table with threshold 6 (max threshold 6)
[2019-12-09T02:52:17.241+0000][1][gc,age       ] GC(16) - age   1:    1303032 bytes,    1303032 total
[2019-12-09T02:52:17.241+0000][1][gc,heap      ] GC(16) ParNew: 78656K->8618K(78656K)
[2019-12-09T02:52:17.241+0000][1][gc,heap      ] GC(16) CMS: 46529K->55299K(174784K)
[2019-12-09T02:52:17.241+0000][1][gc,metaspace ] GC(16) Metaspace: 33057K->33057K(1079296K)
[2019-12-09T02:52:17.241+0000][1][gc           ] GC(16) Pause Young (Allocation Failure) 122M->62M(247M) 295.989ms
[2019-12-09T02:52:17.241+0000][1][gc,cpu       ] GC(16) User=0.09s Sys=0.00s Real=0.29s
[2019-12-09T02:52:17.241+0000][1][safepoint    ] Leaving safepoint region
[2019-12-09T02:52:17.241+0000][1][safepoint    ] Total time for which application threads were stopped: 0.2961343 seconds, Stopping threads took: 0.0000147 seconds
[2019-12-09T02:52:18.247+0000][1][safepoint    ] Application time: 1.0056351 seconds
[2019-12-09T02:52:18.300+0000][1][safepoint    ] Entering safepoint region: Cleanup
[2019-12-09T02:52:18.300+0000][1][safepoint    ] Leaving safepoint region
[2019-12-09T02:52:18.300+0000][1][safepoint    ] Total time for which application threads were stopped: 0.0537490 seconds, Stopping threads took: 0.0536804 seconds
[2019-12-09T02:52:19.248+0000][1][safepoint    ] Application time: 0.9477786 seconds
[2019-12-09T02:52:19.248+0000][1][safepoint    ] Entering safepoint region: CollectForMetadataAllocation
[2019-12-09T02:52:19.249+0000][1][safepoint    ] Leaving safepoint region
[2019-12-09T02:52:19.249+0000][1][safepoint    ] Total time for which application threads were stopped: 0.0002244 seconds, Stopping threads took: 0.0000127 seconds
[2019-12-09T02:52:19.502+0000][1][safepoint    ] Application time: 0.2535026 seconds
[2019-12-09T02:52:19.502+0000][1][safepoint    ] Entering safepoint region: CollectForMetadataAllocation
[2019-12-09T02:52:19.502+0000][1][safepoint    ] Leaving safepoint region
[2019-12-09T02:52:19.502+0000][1][safepoint    ] Total time for which application threads were stopped: 0.0002326 seconds, Stopping threads took: 0.0000149 seconds
[2019-12-09T02:52:19.798+0000][1][safepoint    ] Application time: 0.2954023 seconds
[2019-12-09T02:52:19.798+0000][1][safepoint    ] Entering safepoint region: CollectForMetadataAllocation
[2019-12-09T02:52:19.798+0000][1][safepoint    ] Leaving safepoint region
[2019-12-09T02:52:19.798+0000][1][safepoint    ] Total time for which application threads were stopped: 0.0002350 seconds, Stopping threads took: 0.0000140 seconds
[2019-12-09T02:52:20.043+0000][1][safepoint    ] Application time: 0.2446985 seconds
[2019-12-09T02:52:20.043+0000][1][safepoint    ] Entering safepoint region: CollectForMetadataAllocation
[2019-12-09T02:52:20.043+0000][1][safepoint    ] Leaving safepoint region
[2019-12-09T02:52:20.043+0000][1][safepoint    ] Total time for which application threads were stopped: 0.0002684 seconds, Stopping threads took: 0.0000177 seconds
[2019-12-09T02:52:20.174+0000][1][safepoint    ] Application time: 0.1306682 seconds
[2019-12-09T02:52:20.174+0000][1][safepoint    ] Entering safepoint region: CollectForMetadataAllocation
[2019-12-09T02:52:20.174+0000][1][safepoint    ] Leaving safepoint region
[2019-12-09T02:52:20.174+0000][1][safepoint    ] Total time for which application threads were stopped: 0.0002136 seconds, Stopping threads took: 0.0000126 seconds
[2019-12-09T02:52:20.254+0000][1][safepoint    ] Application time: 0.0797436 seconds
[2019-12-09T02:52:20.254+0000][1][safepoint    ] Entering safepoint region: CollectForMetadataAllocation
[2019-12-09T02:52:20.254+0000][1][safepoint    ] Leaving safepoint region
[2019-12-09T02:52:20.254+0000][1][safepoint    ] Total time for which application threads were stopped: 0.0002136 seconds, Stopping threads took: 0.0000123 seconds
[2019-12-09T02:52:20.309+0000][1][safepoint    ] Application time: 0.0547476 seconds
[2019-12-09T02:52:20.309+0000][1][safepoint    ] Entering safepoint region: GenCollectForAllocation
[2019-12-09T02:52:20.309+0000][1][gc,start     ] GC(17) Pause Young (Allocation Failure)
[2019-12-09T02:52:20.309+0000][1][gc,task      ] GC(17) Using 2 workers of 2 for evacuation
[2019-12-09T02:52:20.442+0000][1][gc,age       ] GC(17) Desired survivor size 4456448 bytes, new threshold 6 (max threshold 6)
[2019-12-09T02:52:20.442+0000][1][gc,age       ] GC(17) Age table with threshold 6 (max threshold 6)
[2019-12-09T02:52:20.442+0000][1][gc,age       ] GC(17) - age   1:    1902040 bytes,    1902040 total
[2019-12-09T02:52:20.442+0000][1][gc,age       ] GC(17) - age   2:    1235808 bytes,    3137848 total
[2019-12-09T02:52:20.442+0000][1][gc,heap      ] GC(17) ParNew: 78570K->4786K(78656K)
[2019-12-09T02:52:20.442+0000][1][gc,heap      ] GC(17) CMS: 55299K->55299K(174784K)
[2019-12-09T02:52:20.442+0000][1][gc,metaspace ] GC(17) Metaspace: 35045K->35045K(1081344K)
[2019-12-09T02:52:20.442+0000][1][gc           ] GC(17) Pause Young (Allocation Failure) 130M->58M(247M) 133.279ms
[2019-12-09T02:52:20.442+0000][1][gc,cpu       ] GC(17) User=0.04s Sys=0.00s Real=0.13s
[2019-12-09T02:52:20.442+0000][1][safepoint    ] Leaving safepoint region
[2019-12-09T02:52:20.442+0000][1][safepoint    ] Total time for which application threads were stopped: 0.1334131 seconds, Stopping threads took: 0.0000148 seconds
[2019-12-09T02:52:20.460+0000][1][safepoint    ] Application time: 0.0176216 seconds
[2019-12-09T02:52:20.460+0000][1][safepoint    ] Entering safepoint region: CMS_Initial_Mark
[2019-12-09T02:52:20.460+0000][1][gc,start     ] GC(18) Pause Initial Mark
[2019-12-09T02:52:20.470+0000][1][gc           ] GC(18) Pause Initial Mark 60M->60M(247M) 9.683ms
[2019-12-09T02:52:20.470+0000][1][gc,cpu       ] GC(18) User=0.01s Sys=0.00s Real=0.01s
[2019-12-09T02:52:20.470+0000][1][safepoint    ] Leaving safepoint region
[2019-12-09T02:52:20.470+0000][1][safepoint    ] Total time for which application threads were stopped: 0.0098487 seconds, Stopping threads took: 0.0000519 seconds
[2019-12-09T02:52:20.470+0000][1][gc           ] GC(18) Concurrent Mark
[2019-12-09T02:52:20.698+0000][1][safepoint    ] Application time: 0.2280891 seconds
[2019-12-09T02:52:20.698+0000][1][safepoint    ] Entering safepoint region: CollectForMetadataAllocation
[2019-12-09T02:52:20.698+0000][1][safepoint    ] Leaving safepoint region
[2019-12-09T02:52:20.698+0000][1][safepoint    ] Total time for which application threads were stopped: 0.0002469 seconds, Stopping threads took: 0.0000164 seconds
[2019-12-09T02:52:20.947+0000][1][safepoint    ] Application time: 0.2486683 seconds
[2019-12-09T02:52:20.947+0000][1][safepoint    ] Entering safepoint region: CollectForMetadataAllocation
[2019-12-09T02:52:20.947+0000][1][safepoint    ] Leaving safepoint region
[2019-12-09T02:52:20.947+0000][1][safepoint    ] Total time for which application threads were stopped: 0.0002477 seconds, Stopping threads took: 0.0000154 seconds
[2019-12-09T02:52:21.139+0000][1][safepoint    ] Application time: 0.1916717 seconds
[2019-12-09T02:52:21.139+0000][1][safepoint    ] Entering safepoint region: CollectForMetadataAllocation
[2019-12-09T02:52:21.139+0000][1][safepoint    ] Leaving safepoint region
[2019-12-09T02:52:21.139+0000][1][safepoint    ] Total time for which application threads were stopped: 0.0002250 seconds, Stopping threads took: 0.0000149 seconds
[2019-12-09T02:52:21.178+0000][1][gc           ] GC(18) Concurrent Mark 708.359ms
[2019-12-09T02:52:21.178+0000][1][gc,cpu       ] GC(18) User=0.24s Sys=0.00s Real=0.71s
[2019-12-09T02:52:21.178+0000][1][gc           ] GC(18) Concurrent Preclean
[2019-12-09T02:52:21.192+0000][1][gc           ] GC(18) Concurrent Preclean 14.308ms
[2019-12-09T02:52:21.193+0000][1][gc,cpu       ] GC(18) User=0.00s Sys=0.00s Real=0.01s
[2019-12-09T02:52:21.193+0000][1][gc           ] GC(18) Concurrent Abortable Preclean
[2019-12-09T02:52:21.504+0000][1][safepoint    ] Application time: 0.3652479 seconds
[2019-12-09T02:52:21.504+0000][1][safepoint    ] Entering safepoint region: CollectForMetadataAllocation
[2019-12-09T02:52:21.504+0000][1][safepoint    ] Leaving safepoint region
[2019-12-09T02:52:21.504+0000][1][safepoint    ] Total time for which application threads were stopped: 0.0002304 seconds, Stopping threads took: 0.0000133 seconds
[2019-12-09T02:52:21.755+0000][1][safepoint    ] Application time: 0.2506730 seconds
[2019-12-09T02:52:21.764+0000][1][safepoint    ] Entering safepoint region: CollectForMetadataAllocation
[2019-12-09T02:52:21.764+0000][1][safepoint    ] Leaving safepoint region
[2019-12-09T02:52:21.764+0000][1][safepoint    ] Total time for which application threads were stopped: 0.0088007 seconds, Stopping threads took: 0.0085583 seconds
[2019-12-09T02:52:21.861+0000][1][safepoint    ] Application time: 0.0967025 seconds
[2019-12-09T02:52:21.861+0000][1][safepoint    ] Entering safepoint region: RevokeBias
[2019-12-09T02:52:21.861+0000][1][safepoint    ] Leaving safepoint region
[2019-12-09T02:52:21.861+0000][1][safepoint    ] Total time for which application threads were stopped: 0.0002202 seconds, Stopping threads took: 0.0000912 seconds
[2019-12-09T02:52:22.051+0000][1][safepoint    ] Application time: 0.1897229 seconds
[2019-12-09T02:52:22.051+0000][1][safepoint    ] Entering safepoint region: CollectForMetadataAllocation
[2019-12-09T02:52:22.051+0000][1][safepoint    ] Leaving safepoint region
[2019-12-09T02:52:22.051+0000][1][safepoint    ] Total time for which application threads were stopped: 0.0002387 seconds, Stopping threads took: 0.0000153 seconds
[2019-12-09T02:52:22.053+0000][1][safepoint    ] Application time: 0.0017180 seconds
[2019-12-09T02:52:22.125+0000][1][safepoint    ] Entering safepoint region: CollectForMetadataAllocation
[2019-12-09T02:52:22.125+0000][1][safepoint    ] Leaving safepoint region
[2019-12-09T02:52:22.125+0000][1][safepoint    ] Total time for which application threads were stopped: 0.0720395 seconds, Stopping threads took: 0.0719886 seconds
[2019-12-09T02:52:22.486+0000][1][safepoint    ] Application time: 0.3613118 seconds
[2019-12-09T02:52:22.486+0000][1][safepoint    ] Entering safepoint region: CollectForMetadataAllocation
[2019-12-09T02:52:22.486+0000][1][safepoint    ] Leaving safepoint region
[2019-12-09T02:52:22.486+0000][1][safepoint    ] Total time for which application threads were stopped: 0.0001737 seconds, Stopping threads took: 0.0000169 seconds
[2019-12-09T02:52:22.918+0000][1][safepoint    ] Application time: 0.4314858 seconds
[2019-12-09T02:52:22.918+0000][1][safepoint    ] Entering safepoint region: CollectForMetadataAllocation
[2019-12-09T02:52:22.918+0000][1][safepoint    ] Leaving safepoint region
[2019-12-09T02:52:22.918+0000][1][safepoint    ] Total time for which application threads were stopped: 0.0002495 seconds, Stopping threads took: 0.0000152 seconds
[2019-12-09T02:52:23.196+0000][1][safepoint    ] Application time: 0.2776372 seconds
[2019-12-09T02:52:23.196+0000][1][safepoint    ] Entering safepoint region: CollectForMetadataAllocation
[2019-12-09T02:52:23.196+0000][1][safepoint    ] Leaving safepoint region
[2019-12-09T02:52:23.196+0000][1][safepoint    ] Total time for which application threads were stopped: 0.0002306 seconds, Stopping threads took: 0.0000137 seconds
[2019-12-09T02:52:23.374+0000][1][safepoint    ] Application time: 0.1777745 seconds
[2019-12-09T02:52:23.374+0000][1][safepoint    ] Entering safepoint region: CollectForMetadataAllocation
[2019-12-09T02:52:23.374+0000][1][safepoint    ] Leaving safepoint region
[2019-12-09T02:52:23.374+0000][1][safepoint    ] Total time for which application threads were stopped: 0.0002062 seconds, Stopping threads took: 0.0000133 seconds
[2019-12-09T02:52:23.643+0000][1][safepoint    ] Application time: 0.2686862 seconds
[2019-12-09T02:52:23.643+0000][1][safepoint    ] Entering safepoint region: CollectForMetadataAllocation
[2019-12-09T02:52:23.643+0000][1][safepoint    ] Leaving safepoint region
[2019-12-09T02:52:23.643+0000][1][safepoint    ] Total time for which application threads were stopped: 0.0002131 seconds, Stopping threads took: 0.0000148 seconds
[2019-12-09T02:52:23.999+0000][1][safepoint    ] Application time: 0.3557419 seconds
[2019-12-09T02:52:23.999+0000][1][safepoint    ] Entering safepoint region: CollectForMetadataAllocation
[2019-12-09T02:52:23.999+0000][1][safepoint    ] Leaving safepoint region
[2019-12-09T02:52:23.999+0000][1][safepoint    ] Total time for which application threads were stopped: 0.0002622 seconds, Stopping threads took: 0.0000371 seconds
[2019-12-09T02:52:24.274+0000][1][safepoint    ] Application time: 0.2747054 seconds
[2019-12-09T02:52:24.274+0000][1][safepoint    ] Entering safepoint region: CollectForMetadataAllocation
[2019-12-09T02:52:24.274+0000][1][safepoint    ] Leaving safepoint region
[2019-12-09T02:52:24.274+0000][1][safepoint    ] Total time for which application threads were stopped: 0.0002274 seconds, Stopping threads took: 0.0000125 seconds
[2019-12-09T02:52:24.540+0000][1][safepoint    ] Application time: 0.2660838 seconds
[2019-12-09T02:52:24.540+0000][1][safepoint    ] Entering safepoint region: CollectForMetadataAllocation
[2019-12-09T02:52:24.540+0000][1][safepoint    ] Leaving safepoint region
[2019-12-09T02:52:24.540+0000][1][safepoint    ] Total time for which application threads were stopped: 0.0002182 seconds, Stopping threads took: 0.0000129 seconds
[2019-12-09T02:52:24.693+0000][1][safepoint    ] Application time: 0.1525630 seconds
[2019-12-09T02:52:24.693+0000][1][safepoint    ] Entering safepoint region: CollectForMetadataAllocation
[2019-12-09T02:52:24.693+0000][1][safepoint    ] Leaving safepoint region
[2019-12-09T02:52:24.693+0000][1][safepoint    ] Total time for which application threads were stopped: 0.0002394 seconds, Stopping threads took: 0.0000140 seconds
[2019-12-09T02:52:25.071+0000][1][safepoint    ] Application time: 0.3775629 seconds
[2019-12-09T02:52:25.071+0000][1][safepoint    ] Entering safepoint region: CollectForMetadataAllocation
[2019-12-09T02:52:25.071+0000][1][safepoint    ] Leaving safepoint region
[2019-12-09T02:52:25.071+0000][1][safepoint    ] Total time for which application threads were stopped: 0.0002047 seconds, Stopping threads took: 0.0000133 seconds
[2019-12-09T02:52:25.339+0000][1][safepoint    ] Application time: 0.2677428 seconds
[2019-12-09T02:52:25.339+0000][1][safepoint    ] Entering safepoint region: CollectForMetadataAllocation
[2019-12-09T02:52:25.339+0000][1][safepoint    ] Leaving safepoint region
[2019-12-09T02:52:25.339+0000][1][safepoint    ] Total time for which application threads were stopped: 0.0002323 seconds, Stopping threads took: 0.0000153 seconds
[2019-12-09T02:52:25.713+0000][1][safepoint    ] Application time: 0.3734914 seconds
[2019-12-09T02:52:25.713+0000][1][safepoint    ] Entering safepoint region: CollectForMetadataAllocation
[2019-12-09T02:52:25.713+0000][1][safepoint    ] Leaving safepoint region
[2019-12-09T02:52:25.713+0000][1][safepoint    ] Total time for which application threads were stopped: 0.0001762 seconds, Stopping threads took: 0.0000148 seconds
[2019-12-09T02:52:25.977+0000][1][safepoint    ] Application time: 0.2643939 seconds
[2019-12-09T02:52:25.977+0000][1][safepoint    ] Entering safepoint region: CollectForMetadataAllocation
[2019-12-09T02:52:25.977+0000][1][safepoint    ] Leaving safepoint region
[2019-12-09T02:52:25.977+0000][1][safepoint    ] Total time for which application threads were stopped: 0.0002289 seconds, Stopping threads took: 0.0000136 seconds
[2019-12-09T02:52:26.323+0000][1][gc           ] GC(18) Concurrent Abortable Preclean 5130.444ms
[2019-12-09T02:52:26.323+0000][1][gc,cpu       ] GC(18) User=1.41s Sys=0.02s Real=5.13s
[2019-12-09T02:52:26.323+0000][1][safepoint    ] Application time: 0.3456552 seconds
[2019-12-09T02:52:26.333+0000][1][safepoint    ] Entering safepoint region: CMS_Final_Remark
[2019-12-09T02:52:26.333+0000][1][gc,start     ] GC(18) Pause Remark
[2019-12-09T02:52:26.451+0000][1][gc           ] GC(18) Pause Remark 86M->86M(247M) 117.832ms
[2019-12-09T02:52:26.451+0000][1][gc,cpu       ] GC(18) User=0.03s Sys=0.00s Real=0.12s
[2019-12-09T02:52:26.451+0000][1][safepoint    ] Leaving safepoint region
[2019-12-09T02:52:26.451+0000][1][safepoint    ] Total time for which application threads were stopped: 0.1277028 seconds, Stopping threads took: 0.0097482 seconds
[2019-12-09T02:52:26.472+0000][1][gc           ] GC(18) Concurrent Sweep
[2019-12-09T02:52:26.644+0000][1][safepoint    ] Application time: 0.1929404 seconds
[2019-12-09T02:52:26.644+0000][1][safepoint    ] Entering safepoint region: CollectForMetadataAllocation
[2019-12-09T02:52:26.645+0000][1][safepoint    ] Leaving safepoint region
[2019-12-09T02:52:26.645+0000][1][safepoint    ] Total time for which application threads were stopped: 0.0010566 seconds, Stopping threads took: 0.0000121 seconds
[2019-12-09T02:52:26.818+0000][1][gc           ] GC(18) Concurrent Sweep 346.516ms
[2019-12-09T02:52:26.818+0000][1][gc,cpu       ] GC(18) User=0.10s Sys=0.00s Real=0.35s
[2019-12-09T02:52:26.818+0000][1][gc           ] GC(18) Concurrent Reset
[2019-12-09T02:52:26.819+0000][1][gc           ] GC(18) Concurrent Reset 0.322ms
[2019-12-09T02:52:26.819+0000][1][gc,cpu       ] GC(18) User=0.00s Sys=0.00s Real=0.00s
[2019-12-09T02:52:26.819+0000][1][gc,heap      ] GC(18) Old: 55299K->55017K(174784K)
[2019-12-09T02:52:27.199+0000][1][safepoint    ] Application time: 0.5541993 seconds
[2019-12-09T02:52:27.199+0000][1][safepoint    ] Entering safepoint region: RevokeBias
[2019-12-09T02:52:27.199+0000][1][safepoint    ] Leaving safepoint region
[2019-12-09T02:52:27.199+0000][1][safepoint    ] Total time for which application threads were stopped: 0.0000955 seconds, Stopping threads took: 0.0000125 seconds
[2019-12-09T02:52:27.199+0000][1][safepoint    ] Application time: 0.0001502 seconds
[2019-12-09T02:52:27.199+0000][1][safepoint    ] Entering safepoint region: RevokeBias
[2019-12-09T02:52:27.199+0000][1][safepoint    ] Leaving safepoint region
[2019-12-09T02:52:27.199+0000][1][safepoint    ] Total time for which application threads were stopped: 0.0000514 seconds, Stopping threads took: 0.0000087 seconds
[2019-12-09T02:52:28.206+0000][1][safepoint    ] Application time: 1.0063227 seconds
[2019-12-09T02:52:28.254+0000][1][safepoint    ] Entering safepoint region: Cleanup
[2019-12-09T02:52:28.254+0000][1][safepoint    ] Leaving safepoint region
[2019-12-09T02:52:28.254+0000][1][safepoint    ] Total time for which application threads were stopped: 0.0480798 seconds, Stopping threads took: 0.0480235 seconds
[2019-12-09T02:52:30.274+0000][1][safepoint    ] Application time: 2.0198690 seconds
[2019-12-09T02:52:30.344+0000][1][safepoint    ] Entering safepoint region: Cleanup
[2019-12-09T02:52:30.344+0000][1][safepoint    ] Leaving safepoint region
[2019-12-09T02:52:30.344+0000][1][safepoint    ] Total time for which application threads were stopped: 0.0700388 seconds, Stopping threads took: 0.0699822 seconds
[2019-12-09T02:52:31.347+0000][1][safepoint    ] Application time: 1.0029051 seconds
[2019-12-09T02:52:31.347+0000][1][safepoint    ] Entering safepoint region: Cleanup
[2019-12-09T02:52:31.347+0000][1][safepoint    ] Leaving safepoint region
[2019-12-09T02:52:31.347+0000][1][safepoint    ] Total time for which application threads were stopped: 0.0001004 seconds, Stopping threads took: 0.0000453 seconds
[2019-12-09T02:52:32.215+0000][1][safepoint    ] Application time: 0.8678780 seconds
[2019-12-09T02:52:32.215+0000][1][safepoint    ] Entering safepoint region: RevokeBias
[2019-12-09T02:52:32.215+0000][1][safepoint    ] Leaving safepoint region
[2019-12-09T02:52:32.215+0000][1][safepoint    ] Total time for which application threads were stopped: 0.0001181 seconds, Stopping threads took: 0.0000146 seconds
[2019-12-09T02:52:32.215+0000][1][safepoint    ] Application time: 0.0000874 seconds
[2019-12-09T02:52:32.215+0000][1][safepoint    ] Entering safepoint region: RevokeBias
[2019-12-09T02:52:32.215+0000][1][safepoint    ] Leaving safepoint region
[2019-12-09T02:52:32.215+0000][1][safepoint    ] Total time for which application threads were stopped: 0.0000885 seconds, Stopping threads took: 0.0000110 seconds
[2019-12-09T02:52:32.215+0000][1][safepoint    ] Application time: 0.0001243 seconds
[2019-12-09T02:52:32.215+0000][1][safepoint    ] Entering safepoint region: RevokeBias
[2019-12-09T02:52:32.215+0000][1][safepoint    ] Leaving safepoint region
[2019-12-09T02:52:32.215+0000][1][safepoint    ] Total time for which application threads were stopped: 0.0000696 seconds, Stopping threads took: 0.0000101 seconds
[2019-12-09T02:52:32.215+0000][1][safepoint    ] Application time: 0.0001373 seconds
[2019-12-09T02:52:32.215+0000][1][safepoint    ] Entering safepoint region: RevokeBias
[2019-12-09T02:52:32.216+0000][1][safepoint    ] Leaving safepoint region
[2019-12-09T02:52:32.216+0000][1][safepoint    ] Total time for which application threads were stopped: 0.0000648 seconds, Stopping threads took: 0.0000092 seconds
[2019-12-09T02:52:32.216+0000][1][safepoint    ] Application time: 0.0001884 seconds
[2019-12-09T02:52:32.216+0000][1][safepoint    ] Entering safepoint region: RevokeBias
[2019-12-09T02:52:32.216+0000][1][safepoint    ] Leaving safepoint region
[2019-12-09T02:52:32.216+0000][1][safepoint    ] Total time for which application threads were stopped: 0.0000660 seconds, Stopping threads took: 0.0000089 seconds
[2019-12-09T02:52:32.216+0000][1][safepoint    ] Application time: 0.0001578 seconds
[2019-12-09T02:52:32.216+0000][1][safepoint    ] Entering safepoint region: RevokeBias
[2019-12-09T02:52:32.216+0000][1][safepoint    ] Leaving safepoint region
[2019-12-09T02:52:32.216+0000][1][safepoint    ] Total time for which application threads were stopped: 0.0000620 seconds, Stopping threads took: 0.0000097 seconds
[2019-12-09T02:52:32.216+0000][1][safepoint    ] Application time: 0.0000855 seconds
[2019-12-09T02:52:32.216+0000][1][safepoint    ] Entering safepoint region: RevokeBias
[2019-12-09T02:52:32.216+0000][1][safepoint    ] Leaving safepoint region
[2019-12-09T02:52:32.216+0000][1][safepoint    ] Total time for which application threads were stopped: 0.0000593 seconds, Stopping threads took: 0.0000090 seconds
[2019-12-09T02:52:32.216+0000][1][safepoint    ] Application time: 0.0000566 seconds
[2019-12-09T02:52:32.216+0000][1][safepoint    ] Entering safepoint region: RevokeBias
[2019-12-09T02:52:32.216+0000][1][safepoint    ] Leaving safepoint region
[2019-12-09T02:52:32.216+0000][1][safepoint    ] Total time for which application threads were stopped: 0.0000527 seconds, Stopping threads took: 0.0000087 seconds
[2019-12-09T02:52:32.216+0000][1][safepoint    ] Application time: 0.0000890 seconds
[2019-12-09T02:52:32.216+0000][1][safepoint    ] Entering safepoint region: RevokeBias
[2019-12-09T02:52:32.216+0000][1][safepoint    ] Leaving safepoint region
[2019-12-09T02:52:32.217+0000][1][safepoint    ] Total time for which application threads were stopped: 0.0000685 seconds, Stopping threads took: 0.0000094 seconds
[2019-12-09T02:52:32.217+0000][1][safepoint    ] Application time: 0.0000636 seconds
[2019-12-09T02:52:32.217+0000][1][safepoint    ] Entering safepoint region: RevokeBias
[2019-12-09T02:52:32.217+0000][1][safepoint    ] Leaving safepoint region
[2019-12-09T02:52:32.217+0000][1][safepoint    ] Total time for which application threads were stopped: 0.0000597 seconds, Stopping threads took: 0.0000091 seconds
[2019-12-09T02:52:32.222+0000][1][safepoint    ] Application time: 0.0050424 seconds
[2019-12-09T02:52:32.335+0000][1][safepoint    ] Entering safepoint region: RevokeBias
[2019-12-09T02:52:32.335+0000][1][safepoint    ] Leaving safepoint region
[2019-12-09T02:52:32.335+0000][1][safepoint    ] Total time for which application threads were stopped: 0.1133535 seconds, Stopping threads took: 0.1132115 seconds
[2019-12-09T02:52:32.335+0000][1][safepoint    ] Application time: 0.0001329 seconds
[2019-12-09T02:52:32.335+0000][1][safepoint    ] Entering safepoint region: RevokeBias
[2019-12-09T02:52:32.335+0000][1][safepoint    ] Leaving safepoint region
[2019-12-09T02:52:32.335+0000][1][safepoint    ] Total time for which application threads were stopped: 0.0001141 seconds, Stopping threads took: 0.0000121 seconds
[2019-12-09T02:52:32.336+0000][1][safepoint    ] Application time: 0.0003105 seconds
[2019-12-09T02:52:32.336+0000][1][safepoint    ] Entering safepoint region: RevokeBias
[2019-12-09T02:52:32.336+0000][1][safepoint    ] Leaving safepoint region
[2019-12-09T02:52:32.336+0000][1][safepoint    ] Total time for which application threads were stopped: 0.0000884 seconds, Stopping threads took: 0.0000123 seconds
[2019-12-09T02:52:32.336+0000][1][safepoint    ] Application time: 0.0000839 seconds
[2019-12-09T02:52:32.336+0000][1][safepoint    ] Entering safepoint region: RevokeBias
[2019-12-09T02:52:32.336+0000][1][safepoint    ] Leaving safepoint region
[2019-12-09T02:52:32.336+0000][1][safepoint    ] Total time for which application threads were stopped: 0.0000655 seconds, Stopping threads took: 0.0000087 seconds
[2019-12-09T02:52:32.336+0000][1][safepoint    ] Application time: 0.0004434 seconds
[2019-12-09T02:52:32.336+0000][1][safepoint    ] Entering safepoint region: RevokeBias
[2019-12-09T02:52:32.336+0000][1][safepoint    ] Leaving safepoint region
[2019-12-09T02:52:32.337+0000][1][safepoint    ] Total time for which application threads were stopped: 0.0000723 seconds, Stopping threads took: 0.0000099 seconds
[2019-12-09T02:52:32.337+0000][1][safepoint    ] Application time: 0.0001160 seconds
[2019-12-09T02:52:32.337+0000][1][safepoint    ] Entering safepoint region: RevokeBias
[2019-12-09T02:52:32.337+0000][1][safepoint    ] Leaving safepoint region
[2019-12-09T02:52:32.337+0000][1][safepoint    ] Total time for which application threads were stopped: 0.0000790 seconds, Stopping threads took: 0.0000088 seconds
[2019-12-09T02:52:33.695+0000][1][safepoint    ] Application time: 1.3580022 seconds
[2019-12-09T02:52:33.725+0000][1][safepoint    ] Entering safepoint region: Cleanup
[2019-12-09T02:52:33.725+0000][1][safepoint    ] Leaving safepoint region
[2019-12-09T02:52:33.725+0000][1][safepoint    ] Total time for which application threads were stopped: 0.0305406 seconds, Stopping threads took: 0.0304448 seconds
[2019-12-09T02:52:33.825+0000][1][safepoint    ] Application time: 0.0993930 seconds
[2019-12-09T02:52:33.860+0000][1][safepoint    ] Entering safepoint region: RevokeBias
[2019-12-09T02:52:33.860+0000][1][safepoint    ] Leaving safepoint region
[2019-12-09T02:52:33.860+0000][1][safepoint    ] Total time for which application threads were stopped: 0.0350002 seconds, Stopping threads took: 0.0348770 seconds
[2019-12-09T02:52:34.211+0000][1][safepoint    ] Application time: 0.3511283 seconds
[2019-12-09T02:52:34.211+0000][1][safepoint    ] Entering safepoint region: GenCollectForAllocation
[2019-12-09T02:52:34.211+0000][1][gc,start     ] GC(19) Pause Young (Allocation Failure)
[2019-12-09T02:52:34.211+0000][1][gc,task      ] GC(19) Using 2 workers of 2 for evacuation
[2019-12-09T02:52:34.373+0000][1][gc,age       ] GC(19) Desired survivor size 4456448 bytes, new threshold 2 (max threshold 6)
[2019-12-09T02:52:34.373+0000][1][gc,age       ] GC(19) Age table with threshold 2 (max threshold 6)
[2019-12-09T02:52:34.373+0000][1][gc,age       ] GC(19) - age   1:    2845168 bytes,    2845168 total
[2019-12-09T02:52:34.373+0000][1][gc,age       ] GC(19) - age   2:    1876144 bytes,    4721312 total
[2019-12-09T02:52:34.373+0000][1][gc,age       ] GC(19) - age   3:    1233408 bytes,    5954720 total
[2019-12-09T02:52:34.373+0000][1][gc,heap      ] GC(19) ParNew: 74738K->7241K(78656K)
[2019-12-09T02:52:34.373+0000][1][gc,heap      ] GC(19) CMS: 55017K->55017K(174784K)
[2019-12-09T02:52:34.373+0000][1][gc,metaspace ] GC(19) Metaspace: 43028K->43028K(1089536K)
[2019-12-09T02:52:34.373+0000][1][gc           ] GC(19) Pause Young (Allocation Failure) 126M->60M(247M) 162.273ms
[2019-12-09T02:52:34.373+0000][1][gc,cpu       ] GC(19) User=0.05s Sys=0.00s Real=0.16s
[2019-12-09T02:52:34.373+0000][1][safepoint    ] Leaving safepoint region
[2019-12-09T02:52:34.373+0000][1][safepoint    ] Total time for which application threads were stopped: 0.1624345 seconds, Stopping threads took: 0.0000219 seconds
[2019-12-09T02:52:34.447+0000][1][safepoint    ] Application time: 0.0731768 seconds
[2019-12-09T02:52:34.447+0000][1][safepoint    ] Entering safepoint region: RevokeBias
[2019-12-09T02:52:34.447+0000][1][safepoint    ] Leaving safepoint region
[2019-12-09T02:52:34.447+0000][1][safepoint    ] Total time for which application threads were stopped: 0.0000696 seconds, Stopping threads took: 0.0000143 seconds
[2019-12-09T02:52:34.447+0000][1][safepoint    ] Application time: 0.0000794 seconds
[2019-12-09T02:52:34.447+0000][1][safepoint    ] Entering safepoint region: RevokeBias
[2019-12-09T02:52:34.447+0000][1][safepoint    ] Leaving safepoint region
[2019-12-09T02:52:34.447+0000][1][safepoint    ] Total time for which application threads were stopped: 0.0000346 seconds, Stopping threads took: 0.0000090 seconds
[2019-12-09T02:52:35.448+0000][1][safepoint    ] Application time: 1.0009529 seconds
[2019-12-09T02:52:35.492+0000][1][safepoint    ] Entering safepoint region: Cleanup
[2019-12-09T02:52:35.492+0000][1][safepoint    ] Leaving safepoint region
[2019-12-09T02:52:35.492+0000][1][safepoint    ] Total time for which application threads were stopped: 0.0440535 seconds, Stopping threads took: 0.0439991 seconds
[2019-12-09T02:52:35.914+0000][1][safepoint    ] Application time: 0.4222579 seconds
[2019-12-09T02:52:35.914+0000][1][safepoint    ] Entering safepoint region: RevokeBias
[2019-12-09T02:52:35.914+0000][1][safepoint    ] Leaving safepoint region
[2019-12-09T02:52:35.914+0000][1][safepoint    ] Total time for which application threads were stopped: 0.0001365 seconds, Stopping threads took: 0.0000148 seconds
[2019-12-09T02:52:35.968+0000][1][safepoint    ] Application time: 0.0534885 seconds
[2019-12-09T02:52:35.968+0000][1][safepoint    ] Entering safepoint region: RevokeBias
[2019-12-09T02:52:35.968+0000][1][safepoint    ] Leaving safepoint region
[2019-12-09T02:52:35.968+0000][1][safepoint    ] Total time for which application threads were stopped: 0.0000828 seconds, Stopping threads took: 0.0000121 seconds
[2019-12-09T02:52:36.974+0000][1][safepoint    ] Application time: 1.0060437 seconds
[2019-12-09T02:52:36.985+0000][1][safepoint    ] Entering safepoint region: Cleanup
[2019-12-09T02:52:36.985+0000][1][safepoint    ] Leaving safepoint region
[2019-12-09T02:52:36.985+0000][1][safepoint    ] Total time for which application threads were stopped: 0.0108401 seconds, Stopping threads took: 0.0107842 seconds
[2019-12-09T02:52:37.986+0000][1][safepoint    ] Application time: 1.0008841 seconds
[2019-12-09T02:52:37.986+0000][1][safepoint    ] Entering safepoint region: Cleanup
[2019-12-09T02:52:37.986+0000][1][safepoint    ] Leaving safepoint region
[2019-12-09T02:52:37.986+0000][1][safepoint    ] Total time for which application threads were stopped: 0.0005609 seconds, Stopping threads took: 0.0000855 seconds
[2019-12-09T02:52:38.118+0000][1][safepoint    ] Application time: 0.1313990 seconds
[2019-12-09T02:52:38.287+0000][1][safepoint    ] Entering safepoint region: RevokeBias
[2019-12-09T02:52:38.287+0000][1][safepoint    ] Leaving safepoint region
[2019-12-09T02:52:38.287+0000][1][safepoint    ] Total time for which application threads were stopped: 0.1691457 seconds, Stopping threads took: 0.1690426 seconds
[2019-12-09T02:52:38.292+0000][1][safepoint    ] Application time: 0.0048724 seconds
[2019-12-09T02:52:38.292+0000][1][safepoint    ] Entering safepoint region: RevokeBias
[2019-12-09T02:52:38.292+0000][1][safepoint    ] Leaving safepoint region
[2019-12-09T02:52:38.292+0000][1][safepoint    ] Total time for which application threads were stopped: 0.0003503 seconds, Stopping threads took: 0.0002455 seconds
[2019-12-09T02:52:38.292+0000][1][safepoint    ] Application time: 0.0000703 seconds
[2019-12-09T02:52:38.292+0000][1][safepoint    ] Entering safepoint region: RevokeBias
[2019-12-09T02:52:38.292+0000][1][safepoint    ] Leaving safepoint region
[2019-12-09T02:52:38.292+0000][1][safepoint    ] Total time for which application threads were stopped: 0.0000811 seconds, Stopping threads took: 0.0000093 seconds
[2019-12-09T02:52:38.292+0000][1][safepoint    ] Application time: 0.0000591 seconds
[2019-12-09T02:52:38.292+0000][1][safepoint    ] Entering safepoint region: RevokeBias
[2019-12-09T02:52:38.292+0000][1][safepoint    ] Leaving safepoint region
[2019-12-09T02:52:38.292+0000][1][safepoint    ] Total time for which application threads were stopped: 0.0000779 seconds, Stopping threads took: 0.0000079 seconds
[2019-12-09T02:52:38.293+0000][1][safepoint    ] Application time: 0.0000551 seconds
[2019-12-09T02:52:38.293+0000][1][safepoint    ] Entering safepoint region: RevokeBias
[2019-12-09T02:52:38.293+0000][1][safepoint    ] Leaving safepoint region
[2019-12-09T02:52:38.293+0000][1][safepoint    ] Total time for which application threads were stopped: 0.0000775 seconds, Stopping threads took: 0.0000080 seconds
[2019-12-09T02:52:38.293+0000][1][safepoint    ] Application time: 0.0000689 seconds
[2019-12-09T02:52:38.293+0000][1][safepoint    ] Entering safepoint region: RevokeBias
[2019-12-09T02:52:38.293+0000][1][safepoint    ] Leaving safepoint region
[2019-12-09T02:52:38.293+0000][1][safepoint    ] Total time for which application threads were stopped: 0.0000796 seconds, Stopping threads took: 0.0000086 seconds
[2019-12-09T02:52:38.294+0000][1][safepoint    ] Application time: 0.0009288 seconds
[2019-12-09T02:52:38.294+0000][1][safepoint    ] Entering safepoint region: RevokeBias
[2019-12-09T02:52:38.294+0000][1][safepoint    ] Leaving safepoint region
[2019-12-09T02:52:38.294+0000][1][safepoint    ] Total time for which application threads were stopped: 0.0001502 seconds, Stopping threads took: 0.0000891 seconds
[2019-12-09T02:52:38.294+0000][1][safepoint    ] Application time: 0.0001019 seconds
[2019-12-09T02:52:38.294+0000][1][safepoint    ] Entering safepoint region: RevokeBias
[2019-12-09T02:52:38.294+0000][1][safepoint    ] Leaving safepoint region
[2019-12-09T02:52:38.294+0000][1][safepoint    ] Total time for which application threads were stopped: 0.0000550 seconds, Stopping threads took: 0.0000086 seconds
[2019-12-09T02:52:38.294+0000][1][safepoint    ] Application time: 0.0001290 seconds
[2019-12-09T02:52:38.294+0000][1][safepoint    ] Entering safepoint region: RevokeBias
[2019-12-09T02:52:38.294+0000][1][safepoint    ] Leaving safepoint region
[2019-12-09T02:52:38.294+0000][1][safepoint    ] Total time for which application threads were stopped: 0.0000588 seconds, Stopping threads took: 0.0000085 seconds
[2019-12-09T02:52:38.294+0000][1][safepoint    ] Application time: 0.0001909 seconds
[2019-12-09T02:52:38.295+0000][1][safepoint    ] Entering safepoint region: RevokeBias
[2019-12-09T02:52:38.295+0000][1][safepoint    ] Leaving safepoint region
[2019-12-09T02:52:38.295+0000][1][safepoint    ] Total time for which application threads were stopped: 0.0000557 seconds, Stopping threads took: 0.0000071 seconds
[2019-12-09T02:52:38.295+0000][1][safepoint    ] Application time: 0.0001429 seconds
[2019-12-09T02:52:38.295+0000][1][safepoint    ] Entering safepoint region: RevokeBias
[2019-12-09T02:52:38.295+0000][1][safepoint    ] Leaving safepoint region
[2019-12-09T02:52:38.295+0000][1][safepoint    ] Total time for which application threads were stopped: 0.0000496 seconds, Stopping threads took: 0.0000073 seconds
[2019-12-09T02:52:38.295+0000][1][safepoint    ] Application time: 0.0000727 seconds
[2019-12-09T02:52:38.295+0000][1][safepoint    ] Entering safepoint region: RevokeBias
[2019-12-09T02:52:38.295+0000][1][safepoint    ] Leaving safepoint region
[2019-12-09T02:52:38.295+0000][1][safepoint    ] Total time for which application threads were stopped: 0.0000477 seconds, Stopping threads took: 0.0000078 seconds
[2019-12-09T02:52:38.295+0000][1][safepoint    ] Application time: 0.0000600 seconds
[2019-12-09T02:52:38.295+0000][1][safepoint    ] Entering safepoint region: RevokeBias
[2019-12-09T02:52:38.295+0000][1][safepoint    ] Leaving safepoint region
[2019-12-09T02:52:38.295+0000][1][safepoint    ] Total time for which application threads were stopped: 0.0000453 seconds, Stopping threads took: 0.0000075 seconds
[2019-12-09T02:52:38.295+0000][1][safepoint    ] Application time: 0.0000510 seconds
[2019-12-09T02:52:38.295+0000][1][safepoint    ] Entering safepoint region: RevokeBias
[2019-12-09T02:52:38.295+0000][1][safepoint    ] Leaving safepoint region
[2019-12-09T02:52:38.295+0000][1][safepoint    ] Total time for which application threads were stopped: 0.0000437 seconds, Stopping threads took: 0.0000074 seconds
[2019-12-09T02:52:38.296+0000][1][safepoint    ] Application time: 0.0003973 seconds
[2019-12-09T02:52:38.296+0000][1][safepoint    ] Entering safepoint region: RevokeBias
[2019-12-09T02:52:38.296+0000][1][safepoint    ] Leaving safepoint region
[2019-12-09T02:52:38.296+0000][1][safepoint    ] Total time for which application threads were stopped: 0.0000617 seconds, Stopping threads took: 0.0000090 seconds
[2019-12-09T02:52:38.296+0000][1][safepoint    ] Application time: 0.0000670 seconds
[2019-12-09T02:52:38.296+0000][1][safepoint    ] Entering safepoint region: RevokeBias
[2019-12-09T02:52:38.296+0000][1][safepoint    ] Leaving safepoint region
[2019-12-09T02:52:38.296+0000][1][safepoint    ] Total time for which application threads were stopped: 0.0000480 seconds, Stopping threads took: 0.0000077 seconds
[2019-12-09T02:52:38.296+0000][1][safepoint    ] Application time: 0.0000514 seconds
[2019-12-09T02:52:38.296+0000][1][safepoint    ] Entering safepoint region: RevokeBias
[2019-12-09T02:52:38.296+0000][1][safepoint    ] Leaving safepoint region
[2019-12-09T02:52:38.296+0000][1][safepoint    ] Total time for which application threads were stopped: 0.0000443 seconds, Stopping threads took: 0.0000073 seconds
[2019-12-09T02:52:38.296+0000][1][safepoint    ] Application time: 0.0000493 seconds
[2019-12-09T02:52:38.296+0000][1][safepoint    ] Entering safepoint region: RevokeBias
[2019-12-09T02:52:38.296+0000][1][safepoint    ] Leaving safepoint region
[2019-12-09T02:52:38.296+0000][1][safepoint    ] Total time for which application threads were stopped: 0.0000435 seconds, Stopping threads took: 0.0000073 seconds
[2019-12-09T02:52:38.296+0000][1][safepoint    ] Application time: 0.0000495 seconds
[2019-12-09T02:52:38.296+0000][1][safepoint    ] Entering safepoint region: RevokeBias
[2019-12-09T02:52:38.296+0000][1][safepoint    ] Leaving safepoint region
[2019-12-09T02:52:38.296+0000][1][safepoint    ] Total time for which application threads were stopped: 0.0000428 seconds, Stopping threads took: 0.0000074 seconds
[2019-12-09T02:52:38.296+0000][1][safepoint    ] Application time: 0.0000494 seconds
[2019-12-09T02:52:38.296+0000][1][safepoint    ] Entering safepoint region: RevokeBias
[2019-12-09T02:52:38.296+0000][1][safepoint    ] Leaving safepoint region
[2019-12-09T02:52:38.296+0000][1][safepoint    ] Total time for which application threads were stopped: 0.0000476 seconds, Stopping threads took: 0.0000074 seconds
[2019-12-09T02:52:38.296+0000][1][safepoint    ] Application time: 0.0000490 seconds
[2019-12-09T02:52:38.296+0000][1][safepoint    ] Entering safepoint region: RevokeBias
[2019-12-09T02:52:38.296+0000][1][safepoint    ] Leaving safepoint region
[2019-12-09T02:52:38.296+0000][1][safepoint    ] Total time for which application threads were stopped: 0.0000431 seconds, Stopping threads took: 0.0000072 seconds
[2019-12-09T02:52:38.296+0000][1][safepoint    ] Application time: 0.0000491 seconds
[2019-12-09T02:52:38.296+0000][1][safepoint    ] Entering safepoint region: RevokeBias
[2019-12-09T02:52:38.296+0000][1][safepoint    ] Leaving safepoint region
[2019-12-09T02:52:38.296+0000][1][safepoint    ] Total time for which application threads were stopped: 0.0000432 seconds, Stopping threads took: 0.0000072 seconds
[2019-12-09T02:52:38.296+0000][1][safepoint    ] Application time: 0.0000489 seconds
[2019-12-09T02:52:38.296+0000][1][safepoint    ] Entering safepoint region: RevokeBias
[2019-12-09T02:52:38.297+0000][1][safepoint    ] Leaving safepoint region
[2019-12-09T02:52:38.297+0000][1][safepoint    ] Total time for which application threads were stopped: 0.0000432 seconds, Stopping threads took: 0.0000074 seconds
[2019-12-09T02:52:38.297+0000][1][safepoint    ] Application time: 0.0000485 seconds
[2019-12-09T02:52:38.297+0000][1][safepoint    ] Entering safepoint region: RevokeBias
[2019-12-09T02:52:38.297+0000][1][safepoint    ] Leaving safepoint region
[2019-12-09T02:52:38.297+0000][1][safepoint    ] Total time for which application threads were stopped: 0.0000423 seconds, Stopping threads took: 0.0000071 seconds
[2019-12-09T02:52:38.297+0000][1][safepoint    ] Application time: 0.0000492 seconds
[2019-12-09T02:52:38.297+0000][1][safepoint    ] Entering safepoint region: RevokeBias
[2019-12-09T02:52:38.297+0000][1][safepoint    ] Leaving safepoint region
[2019-12-09T02:52:38.297+0000][1][safepoint    ] Total time for which application threads were stopped: 0.0000612 seconds, Stopping threads took: 0.0000232 seconds
[2019-12-09T02:52:38.297+0000][1][safepoint    ] Application time: 0.0000510 seconds
[2019-12-09T02:52:38.297+0000][1][safepoint    ] Entering safepoint region: RevokeBias
[2019-12-09T02:52:38.297+0000][1][safepoint    ] Leaving safepoint region
[2019-12-09T02:52:38.297+0000][1][safepoint    ] Total time for which application threads were stopped: 0.0000439 seconds, Stopping threads took: 0.0000072 seconds
[2019-12-09T02:52:38.297+0000][1][safepoint    ] Application time: 0.0000495 seconds
[2019-12-09T02:52:38.297+0000][1][safepoint    ] Entering safepoint region: RevokeBias
[2019-12-09T02:52:38.297+0000][1][safepoint    ] Leaving safepoint region
[2019-12-09T02:52:38.297+0000][1][safepoint    ] Total time for which application threads were stopped: 0.0000433 seconds, Stopping threads took: 0.0000075 seconds
[2019-12-09T02:52:38.297+0000][1][safepoint    ] Application time: 0.0000488 seconds
[2019-12-09T02:52:38.297+0000][1][safepoint    ] Entering safepoint region: RevokeBias
[2019-12-09T02:52:38.297+0000][1][safepoint    ] Leaving safepoint region
[2019-12-09T02:52:38.297+0000][1][safepoint    ] Total time for which application threads were stopped: 0.0000427 seconds, Stopping threads took: 0.0000074 seconds
[2019-12-09T02:52:38.297+0000][1][safepoint    ] Application time: 0.0000498 seconds
[2019-12-09T02:52:38.297+0000][1][safepoint    ] Entering safepoint region: BulkRevokeBias
[2019-12-09T02:52:38.297+0000][1][safepoint    ] Leaving safepoint region
[2019-12-09T02:52:38.297+0000][1][safepoint    ] Total time for which application threads were stopped: 0.0001020 seconds, Stopping threads took: 0.0000075 seconds
[2019-12-09T02:52:38.297+0000][1][safepoint    ] Application time: 0.0001566 seconds
[2019-12-09T02:52:38.297+0000][1][safepoint    ] Entering safepoint region: RevokeBias
[2019-12-09T02:52:38.297+0000][1][safepoint    ] Leaving safepoint region
[2019-12-09T02:52:38.297+0000][1][safepoint    ] Total time for which application threads were stopped: 0.0000642 seconds, Stopping threads took: 0.0000079 seconds
[2019-12-09T02:52:38.298+0000][1][safepoint    ] Application time: 0.0001227 seconds
[2019-12-09T02:52:38.298+0000][1][safepoint    ] Entering safepoint region: RevokeBias
[2019-12-09T02:52:38.298+0000][1][safepoint    ] Leaving safepoint region
[2019-12-09T02:52:38.298+0000][1][safepoint    ] Total time for which application threads were stopped: 0.0000549 seconds, Stopping threads took: 0.0000077 seconds
[2019-12-09T02:52:38.307+0000][1][safepoint    ] Application time: 0.0090473 seconds
[2019-12-09T02:52:38.307+0000][1][safepoint    ] Entering safepoint region: RevokeBias
[2019-12-09T02:52:38.307+0000][1][safepoint    ] Leaving safepoint region
[2019-12-09T02:52:38.307+0000][1][safepoint    ] Total time for which application threads were stopped: 0.0001891 seconds, Stopping threads took: 0.0001237 seconds
[2019-12-09T02:52:38.307+0000][1][safepoint    ] Application time: 0.0000888 seconds
[2019-12-09T02:52:38.307+0000][1][safepoint    ] Entering safepoint region: RevokeBias
[2019-12-09T02:52:38.307+0000][1][safepoint    ] Leaving safepoint region
[2019-12-09T02:52:38.307+0000][1][safepoint    ] Total time for which application threads were stopped: 0.0000553 seconds, Stopping threads took: 0.0000091 seconds
[2019-12-09T02:52:38.307+0000][1][safepoint    ] Application time: 0.0000598 seconds
[2019-12-09T02:52:38.307+0000][1][safepoint    ] Entering safepoint region: RevokeBias
[2019-12-09T02:52:38.307+0000][1][safepoint    ] Leaving safepoint region
[2019-12-09T02:52:38.307+0000][1][safepoint    ] Total time for which application threads were stopped: 0.0000447 seconds, Stopping threads took: 0.0000080 seconds
[2019-12-09T02:52:38.307+0000][1][safepoint    ] Application time: 0.0001728 seconds
[2019-12-09T02:52:38.307+0000][1][safepoint    ] Entering safepoint region: RevokeBias
[2019-12-09T02:52:38.307+0000][1][safepoint    ] Leaving safepoint region
[2019-12-09T02:52:38.307+0000][1][safepoint    ] Total time for which application threads were stopped: 0.0000520 seconds, Stopping threads took: 0.0000088 seconds
[2019-12-09T02:52:38.308+0000][1][safepoint    ] Application time: 0.0002953 seconds
[2019-12-09T02:52:38.308+0000][1][safepoint    ] Entering safepoint region: RevokeBias
[2019-12-09T02:52:38.308+0000][1][safepoint    ] Leaving safepoint region
[2019-12-09T02:52:38.308+0000][1][safepoint    ] Total time for which application threads were stopped: 0.0000658 seconds, Stopping threads took: 0.0000099 seconds
[2019-12-09T02:52:38.308+0000][1][safepoint    ] Application time: 0.0000865 seconds
[2019-12-09T02:52:38.308+0000][1][safepoint    ] Entering safepoint region: RevokeBias
[2019-12-09T02:52:38.308+0000][1][safepoint    ] Leaving safepoint region
[2019-12-09T02:52:38.308+0000][1][safepoint    ] Total time for which application threads were stopped: 0.0000440 seconds, Stopping threads took: 0.0000085 seconds
[2019-12-09T02:52:38.308+0000][1][safepoint    ] Application time: 0.0001745 seconds
[2019-12-09T02:52:38.308+0000][1][safepoint    ] Entering safepoint region: RevokeBias
[2019-12-09T02:52:38.308+0000][1][safepoint    ] Leaving safepoint region
[2019-12-09T02:52:38.308+0000][1][safepoint    ] Total time for which application threads were stopped: 0.0000487 seconds, Stopping threads took: 0.0000085 seconds
[2019-12-09T02:52:38.308+0000][1][safepoint    ] Application time: 0.0000641 seconds
[2019-12-09T02:52:38.308+0000][1][safepoint    ] Entering safepoint region: RevokeBias
[2019-12-09T02:52:38.308+0000][1][safepoint    ] Leaving safepoint region
[2019-12-09T02:52:38.308+0000][1][safepoint    ] Total time for which application threads were stopped: 0.0000397 seconds, Stopping threads took: 0.0000080 seconds
[2019-12-09T02:52:38.308+0000][1][safepoint    ] Application time: 0.0000535 seconds
[2019-12-09T02:52:38.308+0000][1][safepoint    ] Entering safepoint region: RevokeBias
[2019-12-09T02:52:38.308+0000][1][safepoint    ] Leaving safepoint region
[2019-12-09T02:52:38.308+0000][1][safepoint    ] Total time for which application threads were stopped: 0.0000438 seconds, Stopping threads took: 0.0000085 seconds
[2019-12-09T02:52:38.309+0000][1][safepoint    ] Application time: 0.0000504 seconds
[2019-12-09T02:52:38.309+0000][1][safepoint    ] Entering safepoint region: RevokeBias
[2019-12-09T02:52:38.309+0000][1][safepoint    ] Leaving safepoint region
[2019-12-09T02:52:38.309+0000][1][safepoint    ] Total time for which application threads were stopped: 0.0000375 seconds, Stopping threads took: 0.0000078 seconds
[2019-12-09T02:52:38.309+0000][1][safepoint    ] Application time: 0.0003528 seconds
[2019-12-09T02:52:38.309+0000][1][safepoint    ] Entering safepoint region: RevokeBias
[2019-12-09T02:52:38.309+0000][1][safepoint    ] Leaving safepoint region
[2019-12-09T02:52:38.309+0000][1][safepoint    ] Total time for which application threads were stopped: 0.0000504 seconds, Stopping threads took: 0.0000103 seconds
[2019-12-09T02:52:38.309+0000][1][safepoint    ] Application time: 0.0003528 seconds
[2019-12-09T02:52:38.309+0000][1][safepoint    ] Entering safepoint region: RevokeBias
[2019-12-09T02:52:38.309+0000][1][safepoint    ] Leaving safepoint region
[2019-12-09T02:52:38.309+0000][1][safepoint    ] Total time for which application threads were stopped: 0.0000643 seconds, Stopping threads took: 0.0000101 seconds
[2019-12-09T02:52:38.310+0000][1][safepoint    ] Application time: 0.0004663 seconds
[2019-12-09T02:52:38.310+0000][1][safepoint    ] Entering safepoint region: RevokeBias
[2019-12-09T02:52:38.310+0000][1][safepoint    ] Leaving safepoint region
[2019-12-09T02:52:38.310+0000][1][safepoint    ] Total time for which application threads were stopped: 0.0000601 seconds, Stopping threads took: 0.0000100 seconds
[2019-12-09T02:52:38.310+0000][1][safepoint    ] Application time: 0.0004686 seconds
[2019-12-09T02:52:38.310+0000][1][safepoint    ] Entering safepoint region: RevokeBias
[2019-12-09T02:52:38.311+0000][1][safepoint    ] Leaving safepoint region
[2019-12-09T02:52:38.311+0000][1][safepoint    ] Total time for which application threads were stopped: 0.0000624 seconds, Stopping threads took: 0.0000101 seconds
[2019-12-09T02:52:38.311+0000][1][safepoint    ] Application time: 0.0006049 seconds
[2019-12-09T02:52:38.311+0000][1][safepoint    ] Entering safepoint region: RevokeBias
[2019-12-09T02:52:38.311+0000][1][safepoint    ] Leaving safepoint region
[2019-12-09T02:52:38.311+0000][1][safepoint    ] Total time for which application threads were stopped: 0.0000976 seconds, Stopping threads took: 0.0000102 seconds
[2019-12-09T02:52:38.311+0000][1][safepoint    ] Application time: 0.0000835 seconds
[2019-12-09T02:52:38.311+0000][1][safepoint    ] Entering safepoint region: RevokeBias
[2019-12-09T02:52:38.311+0000][1][safepoint    ] Leaving safepoint region
[2019-12-09T02:52:38.311+0000][1][safepoint    ] Total time for which application threads were stopped: 0.0000390 seconds, Stopping threads took: 0.0000086 seconds
[2019-12-09T02:52:38.311+0000][1][safepoint    ] Application time: 0.0000534 seconds
[2019-12-09T02:52:38.312+0000][1][safepoint    ] Entering safepoint region: RevokeBias
[2019-12-09T02:52:38.312+0000][1][safepoint    ] Leaving safepoint region
[2019-12-09T02:52:38.312+0000][1][safepoint    ] Total time for which application threads were stopped: 0.0000368 seconds, Stopping threads took: 0.0000081 seconds
[2019-12-09T02:52:38.312+0000][1][safepoint    ] Application time: 0.0002129 seconds
[2019-12-09T02:52:38.312+0000][1][safepoint    ] Entering safepoint region: RevokeBias
[2019-12-09T02:52:38.312+0000][1][safepoint    ] Leaving safepoint region
[2019-12-09T02:52:38.312+0000][1][safepoint    ] Total time for which application threads were stopped: 0.0000493 seconds, Stopping threads took: 0.0000100 seconds
[2019-12-09T02:52:38.312+0000][1][safepoint    ] Application time: 0.0000524 seconds
[2019-12-09T02:52:38.312+0000][1][safepoint    ] Entering safepoint region: RevokeBias
[2019-12-09T02:52:38.312+0000][1][safepoint    ] Leaving safepoint region
[2019-12-09T02:52:38.312+0000][1][safepoint    ] Total time for which application threads were stopped: 0.0000429 seconds, Stopping threads took: 0.0000084 seconds
[2019-12-09T02:52:38.312+0000][1][safepoint    ] Application time: 0.0000546 seconds
[2019-12-09T02:52:38.312+0000][1][safepoint    ] Entering safepoint region: RevokeBias
[2019-12-09T02:52:38.312+0000][1][safepoint    ] Leaving safepoint region
[2019-12-09T02:52:38.312+0000][1][safepoint    ] Total time for which application threads were stopped: 0.0000372 seconds, Stopping threads took: 0.0000082 seconds
[2019-12-09T02:52:38.312+0000][1][safepoint    ] Application time: 0.0000494 seconds
[2019-12-09T02:52:38.312+0000][1][safepoint    ] Entering safepoint region: RevokeBias
[2019-12-09T02:52:38.312+0000][1][safepoint    ] Leaving safepoint region
[2019-12-09T02:52:38.312+0000][1][safepoint    ] Total time for which application threads were stopped: 0.0000342 seconds, Stopping threads took: 0.0000081 seconds
[2019-12-09T02:52:38.312+0000][1][safepoint    ] Application time: 0.0000494 seconds
[2019-12-09T02:52:38.312+0000][1][safepoint    ] Entering safepoint region: RevokeBias
[2019-12-09T02:52:38.312+0000][1][safepoint    ] Leaving safepoint region
[2019-12-09T02:52:38.312+0000][1][safepoint    ] Total time for which application threads were stopped: 0.0000343 seconds, Stopping threads took: 0.0000075 seconds
[2019-12-09T02:52:38.312+0000][1][safepoint    ] Application time: 0.0000499 seconds
[2019-12-09T02:52:38.312+0000][1][safepoint    ] Entering safepoint region: RevokeBias
[2019-12-09T02:52:38.312+0000][1][safepoint    ] Leaving safepoint region
[2019-12-09T02:52:38.312+0000][1][safepoint    ] Total time for which application threads were stopped: 0.0000370 seconds, Stopping threads took: 0.0000082 seconds
[2019-12-09T02:52:38.312+0000][1][safepoint    ] Application time: 0.0000727 seconds
[2019-12-09T02:52:38.312+0000][1][safepoint    ] Entering safepoint region: RevokeBias
[2019-12-09T02:52:38.312+0000][1][safepoint    ] Leaving safepoint region
[2019-12-09T02:52:38.312+0000][1][safepoint    ] Total time for which application threads were stopped: 0.0000372 seconds, Stopping threads took: 0.0000078 seconds
[2019-12-09T02:52:38.313+0000][1][safepoint    ] Application time: 0.0000514 seconds
[2019-12-09T02:52:38.313+0000][1][safepoint    ] Entering safepoint region: RevokeBias
[2019-12-09T02:52:38.313+0000][1][safepoint    ] Leaving safepoint region
[2019-12-09T02:52:38.313+0000][1][safepoint    ] Total time for which application threads were stopped: 0.0000362 seconds, Stopping threads took: 0.0000080 seconds
[2019-12-09T02:52:38.313+0000][1][safepoint    ] Application time: 0.0000499 seconds
[2019-12-09T02:52:38.313+0000][1][safepoint    ] Entering safepoint region: RevokeBias
[2019-12-09T02:52:38.313+0000][1][safepoint    ] Leaving safepoint region
[2019-12-09T02:52:38.313+0000][1][safepoint    ] Total time for which application threads were stopped: 0.0000499 seconds, Stopping threads took: 0.0000080 seconds
[2019-12-09T02:52:38.313+0000][1][safepoint    ] Application time: 0.0000504 seconds
[2019-12-09T02:52:38.313+0000][1][safepoint    ] Entering safepoint region: RevokeBias
[2019-12-09T02:52:38.313+0000][1][safepoint    ] Leaving safepoint region
[2019-12-09T02:52:38.313+0000][1][safepoint    ] Total time for which application threads were stopped: 0.0000349 seconds, Stopping threads took: 0.0000077 seconds
[2019-12-09T02:52:38.313+0000][1][safepoint    ] Application time: 0.0000528 seconds
[2019-12-09T02:52:38.313+0000][1][safepoint    ] Entering safepoint region: RevokeBias
[2019-12-09T02:52:38.313+0000][1][safepoint    ] Leaving safepoint region
[2019-12-09T02:52:38.313+0000][1][safepoint    ] Total time for which application threads were stopped: 0.0000351 seconds, Stopping threads took: 0.0000083 seconds
[2019-12-09T02:52:38.313+0000][1][safepoint    ] Application time: 0.0000503 seconds
[2019-12-09T02:52:38.313+0000][1][safepoint    ] Entering safepoint region: RevokeBias
[2019-12-09T02:52:38.313+0000][1][safepoint    ] Leaving safepoint region
[2019-12-09T02:52:38.313+0000][1][safepoint    ] Total time for which application threads were stopped: 0.0000409 seconds, Stopping threads took: 0.0000071 seconds
[2019-12-09T02:52:38.313+0000][1][safepoint    ] Application time: 0.0000539 seconds
[2019-12-09T02:52:38.313+0000][1][safepoint    ] Entering safepoint region: RevokeBias
[2019-12-09T02:52:38.313+0000][1][safepoint    ] Leaving safepoint region
[2019-12-09T02:52:38.313+0000][1][safepoint    ] Total time for which application threads were stopped: 0.0000388 seconds, Stopping threads took: 0.0000085 seconds
[2019-12-09T02:52:38.313+0000][1][safepoint    ] Application time: 0.0000516 seconds
[2019-12-09T02:52:38.313+0000][1][safepoint    ] Entering safepoint region: RevokeBias
[2019-12-09T02:52:38.313+0000][1][safepoint    ] Leaving safepoint region
[2019-12-09T02:52:38.313+0000][1][safepoint    ] Total time for which application threads were stopped: 0.0000343 seconds, Stopping threads took: 0.0000070 seconds
[2019-12-09T02:52:38.313+0000][1][safepoint    ] Application time: 0.0000508 seconds
[2019-12-09T02:52:38.313+0000][1][safepoint    ] Entering safepoint region: RevokeBias
[2019-12-09T02:52:38.313+0000][1][safepoint    ] Leaving safepoint region
[2019-12-09T02:52:38.313+0000][1][safepoint    ] Total time for which application threads were stopped: 0.0000362 seconds, Stopping threads took: 0.0000080 seconds
[2019-12-09T02:52:38.313+0000][1][safepoint    ] Application time: 0.0000507 seconds
[2019-12-09T02:52:38.313+0000][1][safepoint    ] Entering safepoint region: RevokeBias
[2019-12-09T02:52:38.313+0000][1][safepoint    ] Leaving safepoint region
[2019-12-09T02:52:38.313+0000][1][safepoint    ] Total time for which application threads were stopped: 0.0000345 seconds, Stopping threads took: 0.0000070 seconds
[2019-12-09T02:52:38.313+0000][1][safepoint    ] Application time: 0.0000520 seconds
[2019-12-09T02:52:38.313+0000][1][safepoint    ] Entering safepoint region: BulkRevokeBias
[2019-12-09T02:52:38.314+0000][1][safepoint    ] Leaving safepoint region
[2019-12-09T02:52:38.314+0000][1][safepoint    ] Total time for which application threads were stopped: 0.0001054 seconds, Stopping threads took: 0.0000078 seconds
[2019-12-09T02:52:38.325+0000][1][safepoint    ] Application time: 0.0111267 seconds
[2019-12-09T02:52:38.325+0000][1][safepoint    ] Entering safepoint region: RevokeBias
[2019-12-09T02:52:38.325+0000][1][safepoint    ] Leaving safepoint region
[2019-12-09T02:52:38.325+0000][1][safepoint    ] Total time for which application threads were stopped: 0.0001300 seconds, Stopping threads took: 0.0000782 seconds
[2019-12-09T02:52:38.325+0000][1][safepoint    ] Application time: 0.0002490 seconds
[2019-12-09T02:52:38.325+0000][1][safepoint    ] Entering safepoint region: RevokeBias
[2019-12-09T02:52:38.325+0000][1][safepoint    ] Leaving safepoint region
[2019-12-09T02:52:38.325+0000][1][safepoint    ] Total time for which application threads were stopped: 0.0000526 seconds, Stopping threads took: 0.0000091 seconds
[2019-12-09T02:52:38.327+0000][1][safepoint    ] Application time: 0.0014473 seconds
[2019-12-09T02:52:38.327+0000][1][safepoint    ] Entering safepoint region: RevokeBias
[2019-12-09T02:52:38.327+0000][1][safepoint    ] Leaving safepoint region
[2019-12-09T02:52:38.327+0000][1][safepoint    ] Total time for which application threads were stopped: 0.0000678 seconds, Stopping threads took: 0.0000115 seconds
[2019-12-09T02:52:38.327+0000][1][safepoint    ] Application time: 0.0000620 seconds
[2019-12-09T02:52:38.327+0000][1][safepoint    ] Entering safepoint region: RevokeBias
[2019-12-09T02:52:38.327+0000][1][safepoint    ] Leaving safepoint region
[2019-12-09T02:52:38.327+0000][1][safepoint    ] Total time for which application threads were stopped: 0.0000460 seconds, Stopping threads took: 0.0000087 seconds
[2019-12-09T02:52:38.328+0000][1][safepoint    ] Application time: 0.0008919 seconds
[2019-12-09T02:52:38.328+0000][1][safepoint    ] Entering safepoint region: RevokeBias
[2019-12-09T02:52:38.328+0000][1][safepoint    ] Leaving safepoint region
[2019-12-09T02:52:38.328+0000][1][safepoint    ] Total time for which application threads were stopped: 0.0000601 seconds, Stopping threads took: 0.0000101 seconds
[2019-12-09T02:52:38.329+0000][1][safepoint    ] Application time: 0.0014053 seconds
[2019-12-09T02:52:38.329+0000][1][safepoint    ] Entering safepoint region: RevokeBias
[2019-12-09T02:52:38.329+0000][1][safepoint    ] Leaving safepoint region
[2019-12-09T02:52:38.329+0000][1][safepoint    ] Total time for which application threads were stopped: 0.0000665 seconds, Stopping threads took: 0.0000116 seconds
[2019-12-09T02:52:38.329+0000][1][safepoint    ] Application time: 0.0000706 seconds
[2019-12-09T02:52:38.329+0000][1][safepoint    ] Entering safepoint region: RevokeBias
[2019-12-09T02:52:38.329+0000][1][safepoint    ] Leaving safepoint region
[2019-12-09T02:52:38.330+0000][1][safepoint    ] Total time for which application threads were stopped: 0.0000375 seconds, Stopping threads took: 0.0000076 seconds
[2019-12-09T02:52:38.330+0000][1][safepoint    ] Application time: 0.0002528 seconds
[2019-12-09T02:52:38.330+0000][1][safepoint    ] Entering safepoint region: RevokeBias
[2019-12-09T02:52:38.330+0000][1][safepoint    ] Leaving safepoint region
[2019-12-09T02:52:38.330+0000][1][safepoint    ] Total time for which application threads were stopped: 0.0000478 seconds, Stopping threads took: 0.0000099 seconds
[2019-12-09T02:52:38.503+0000][1][safepoint    ] Application time: 0.1730842 seconds
[2019-12-09T02:52:38.503+0000][1][safepoint    ] Entering safepoint region: RevokeBias
[2019-12-09T02:52:38.503+0000][1][safepoint    ] Leaving safepoint region
[2019-12-09T02:52:38.503+0000][1][safepoint    ] Total time for which application threads were stopped: 0.0001533 seconds, Stopping threads took: 0.0000579 seconds
[2019-12-09T02:52:38.503+0000][1][safepoint    ] Application time: 0.0000633 seconds
[2019-12-09T02:52:38.503+0000][1][safepoint    ] Entering safepoint region: RevokeBias
[2019-12-09T02:52:38.503+0000][1][safepoint    ] Leaving safepoint region
[2019-12-09T02:52:38.503+0000][1][safepoint    ] Total time for which application threads were stopped: 0.0000319 seconds, Stopping threads took: 0.0000075 seconds
[2019-12-09T02:52:39.190+0000][1][safepoint    ] Application time: 0.6864864 seconds
[2019-12-09T02:52:39.190+0000][1][safepoint    ] Entering safepoint region: RevokeBias
[2019-12-09T02:52:39.190+0000][1][safepoint    ] Leaving safepoint region
[2019-12-09T02:52:39.190+0000][1][safepoint    ] Total time for which application threads were stopped: 0.0000863 seconds, Stopping threads took: 0.0000169 seconds
[2019-12-09T02:52:39.532+0000][1][safepoint    ] Application time: 0.3421569 seconds
[2019-12-09T02:52:39.599+0000][1][safepoint    ] Entering safepoint region: RevokeBias
[2019-12-09T02:52:39.599+0000][1][safepoint    ] Leaving safepoint region
[2019-12-09T02:52:39.599+0000][1][safepoint    ] Total time for which application threads were stopped: 0.0667724 seconds, Stopping threads took: 0.0666897 seconds
[2019-12-09T02:52:39.599+0000][1][safepoint    ] Application time: 0.0001331 seconds
[2019-12-09T02:52:39.599+0000][1][safepoint    ] Entering safepoint region: RevokeBias
[2019-12-09T02:52:39.599+0000][1][safepoint    ] Leaving safepoint region
[2019-12-09T02:52:39.599+0000][1][safepoint    ] Total time for which application threads were stopped: 0.0000499 seconds, Stopping threads took: 0.0000121 seconds
[2019-12-09T02:52:39.805+0000][1][safepoint    ] Application time: 0.2056612 seconds
[2019-12-09T02:52:39.805+0000][1][safepoint    ] Entering safepoint region: GenCollectForAllocation
[2019-12-09T02:52:39.805+0000][1][gc,start     ] GC(20) Pause Young (Allocation Failure)
[2019-12-09T02:52:39.805+0000][1][gc,task      ] GC(20) Using 2 workers of 2 for evacuation
[2019-12-09T02:52:40.083+0000][1][gc,age       ] GC(20) Desired survivor size 4456448 bytes, new threshold 2 (max threshold 6)
[2019-12-09T02:52:40.083+0000][1][gc,age       ] GC(20) Age table with threshold 2 (max threshold 6)
[2019-12-09T02:52:40.083+0000][1][gc,age       ] GC(20) - age   1:    2857960 bytes,    2857960 total
[2019-12-09T02:52:40.083+0000][1][gc,age       ] GC(20) - age   2:    2463152 bytes,    5321112 total
[2019-12-09T02:52:40.083+0000][1][gc,heap      ] GC(20) ParNew: 77193K->7628K(78656K)
[2019-12-09T02:52:40.083+0000][1][gc,heap      ] GC(20) CMS: 55017K->58124K(174784K)
[2019-12-09T02:52:40.083+0000][1][gc,metaspace ] GC(20) Metaspace: 48296K->48296K(1093632K)
[2019-12-09T02:52:40.083+0000][1][gc           ] GC(20) Pause Young (Allocation Failure) 129M->64M(247M) 278.499ms
[2019-12-09T02:52:40.083+0000][1][gc,cpu       ] GC(20) User=0.07s Sys=0.00s Real=0.27s
[2019-12-09T02:52:40.083+0000][1][safepoint    ] Leaving safepoint region
[2019-12-09T02:52:40.083+0000][1][safepoint    ] Total time for which application threads were stopped: 0.2786454 seconds, Stopping threads took: 0.0000142 seconds
[2019-12-09T02:52:40.619+0000][1][safepoint    ] Application time: 0.5355658 seconds
[2019-12-09T02:52:40.619+0000][1][safepoint    ] Entering safepoint region: RevokeBias
[2019-12-09T02:52:40.619+0000][1][safepoint    ] Leaving safepoint region
[2019-12-09T02:52:40.619+0000][1][safepoint    ] Total time for which application threads were stopped: 0.0001207 seconds, Stopping threads took: 0.0000469 seconds
[2019-12-09T02:52:40.978+0000][1][safepoint    ] Application time: 0.3587572 seconds
[2019-12-09T02:52:40.978+0000][1][safepoint    ] Entering safepoint region: RevokeBias
[2019-12-09T02:52:40.978+0000][1][safepoint    ] Leaving safepoint region
[2019-12-09T02:52:40.978+0000][1][safepoint    ] Total time for which application threads were stopped: 0.0004605 seconds, Stopping threads took: 0.0000137 seconds
[2019-12-09T02:52:41.641+0000][1][safepoint    ] Application time: 0.6625868 seconds
[2019-12-09T02:52:41.645+0000][1][safepoint    ] Entering safepoint region: RevokeBias
[2019-12-09T02:52:41.645+0000][1][safepoint    ] Leaving safepoint region
[2019-12-09T02:52:41.645+0000][1][safepoint    ] Total time for which application threads were stopped: 0.0037936 seconds, Stopping threads took: 0.0037337 seconds
[2019-12-09T02:52:41.746+0000][1][safepoint    ] Application time: 0.1008140 seconds
[2019-12-09T02:52:41.746+0000][1][safepoint    ] Entering safepoint region: RevokeBias
[2019-12-09T02:52:41.746+0000][1][safepoint    ] Leaving safepoint region
[2019-12-09T02:52:41.746+0000][1][safepoint    ] Total time for which application threads were stopped: 0.0000903 seconds, Stopping threads took: 0.0000163 seconds
[2019-12-09T02:52:41.813+0000][1][safepoint    ] Application time: 0.0668927 seconds
[2019-12-09T02:52:41.813+0000][1][safepoint    ] Entering safepoint region: RevokeBias
[2019-12-09T02:52:41.813+0000][1][safepoint    ] Leaving safepoint region
[2019-12-09T02:52:41.813+0000][1][safepoint    ] Total time for which application threads were stopped: 0.0000707 seconds, Stopping threads took: 0.0000195 seconds
[2019-12-09T02:52:42.104+0000][1][safepoint    ] Application time: 0.2909604 seconds
[2019-12-09T02:52:42.104+0000][1][safepoint    ] Entering safepoint region: RevokeBias
[2019-12-09T02:52:42.104+0000][1][safepoint    ] Leaving safepoint region
[2019-12-09T02:52:42.104+0000][1][safepoint    ] Total time for which application threads were stopped: 0.0000705 seconds, Stopping threads took: 0.0000162 seconds
[2019-12-09T02:52:43.105+0000][1][safepoint    ] Application time: 1.0008560 seconds
[2019-12-09T02:52:43.105+0000][1][safepoint    ] Entering safepoint region: Cleanup
[2019-12-09T02:52:43.106+0000][1][safepoint    ] Leaving safepoint region
[2019-12-09T02:52:43.106+0000][1][safepoint    ] Total time for which application threads were stopped: 0.0011740 seconds, Stopping threads took: 0.0007155 seconds
[2019-12-09T02:52:43.272+0000][1][safepoint    ] Application time: 0.1660613 seconds
[2019-12-09T02:52:43.272+0000][1][safepoint    ] Entering safepoint region: RevokeBias
[2019-12-09T02:52:43.272+0000][1][safepoint    ] Leaving safepoint region
[2019-12-09T02:52:43.272+0000][1][safepoint    ] Total time for which application threads were stopped: 0.0000758 seconds, Stopping threads took: 0.0000156 seconds
[2019-12-09T02:52:44.282+0000][1][safepoint    ] Application time: 1.0095997 seconds
[2019-12-09T02:52:44.289+0000][1][safepoint    ] Entering safepoint region: Cleanup
[2019-12-09T02:52:44.289+0000][1][safepoint    ] Leaving safepoint region
[2019-12-09T02:52:44.289+0000][1][safepoint    ] Total time for which application threads were stopped: 0.0072245 seconds, Stopping threads took: 0.0071592 seconds
[2019-12-09T02:52:45.290+0000][1][safepoint    ] Application time: 1.0007332 seconds
[2019-12-09T02:52:45.297+0000][1][safepoint    ] Entering safepoint region: Cleanup
[2019-12-09T02:52:45.297+0000][1][safepoint    ] Leaving safepoint region
[2019-12-09T02:52:45.297+0000][1][safepoint    ] Total time for which application threads were stopped: 0.0070836 seconds, Stopping threads took: 0.0069878 seconds
[2019-12-09T02:52:45.708+0000][1][safepoint    ] Application time: 0.4111996 seconds
[2019-12-09T02:52:45.708+0000][1][safepoint    ] Entering safepoint region: GenCollectForAllocation
[2019-12-09T02:52:45.708+0000][1][gc,start     ] GC(21) Pause Young (Allocation Failure)
[2019-12-09T02:52:45.708+0000][1][gc,task      ] GC(21) Using 2 workers of 2 for evacuation
[2019-12-09T02:52:45.906+0000][1][gc,age       ] GC(21) Desired survivor size 4456448 bytes, new threshold 2 (max threshold 6)
[2019-12-09T02:52:45.906+0000][1][gc,age       ] GC(21) Age table with threshold 2 (max threshold 6)
[2019-12-09T02:52:45.906+0000][1][gc,age       ] GC(21) - age   1:    1788672 bytes,    1788672 total
[2019-12-09T02:52:45.906+0000][1][gc,age       ] GC(21) - age   2:    2807392 bytes,    4596064 total
[2019-12-09T02:52:45.906+0000][1][gc,heap      ] GC(21) ParNew: 77580K->5168K(78656K)
[2019-12-09T02:52:45.906+0000][1][gc,heap      ] GC(21) CMS: 58124K->60598K(174784K)
[2019-12-09T02:52:45.906+0000][1][gc,metaspace ] GC(21) Metaspace: 56210K->56210K(1099776K)
[2019-12-09T02:52:45.906+0000][1][gc           ] GC(21) Pause Young (Allocation Failure) 132M->64M(247M) 198.078ms
[2019-12-09T02:52:45.906+0000][1][gc,cpu       ] GC(21) User=0.04s Sys=0.00s Real=0.20s
[2019-12-09T02:52:45.906+0000][1][safepoint    ] Leaving safepoint region
[2019-12-09T02:52:45.906+0000][1][safepoint    ] Total time for which application threads were stopped: 0.1982547 seconds, Stopping threads took: 0.0000152 seconds
[2019-12-09T02:52:46.272+0000][1][safepoint    ] Application time: 0.3660304 seconds
[2019-12-09T02:52:46.272+0000][1][safepoint    ] Entering safepoint region: RevokeBias
[2019-12-09T02:52:46.273+0000][1][safepoint    ] Leaving safepoint region
[2019-12-09T02:52:46.273+0000][1][safepoint    ] Total time for which application threads were stopped: 0.0001054 seconds, Stopping threads took: 0.0000161 seconds
[2019-12-09T02:52:46.278+0000][1][safepoint    ] Application time: 0.0052790 seconds
[2019-12-09T02:52:46.278+0000][1][safepoint    ] Entering safepoint region: RevokeBias
[2019-12-09T02:52:46.278+0000][1][safepoint    ] Leaving safepoint region
[2019-12-09T02:52:46.278+0000][1][safepoint    ] Total time for which application threads were stopped: 0.0000707 seconds, Stopping threads took: 0.0000128 seconds
[2019-12-09T02:52:46.278+0000][1][safepoint    ] Application time: 0.0001284 seconds
[2019-12-09T02:52:46.278+0000][1][safepoint    ] Entering safepoint region: RevokeBias
[2019-12-09T02:52:46.278+0000][1][safepoint    ] Leaving safepoint region
[2019-12-09T02:52:46.278+0000][1][safepoint    ] Total time for which application threads were stopped: 0.0000523 seconds, Stopping threads took: 0.0000079 seconds
[2019-12-09T02:52:46.281+0000][1][safepoint    ] Application time: 0.0030843 seconds
[2019-12-09T02:52:46.281+0000][1][safepoint    ] Entering safepoint region: RevokeBias
[2019-12-09T02:52:46.281+0000][1][safepoint    ] Leaving safepoint region
[2019-12-09T02:52:46.281+0000][1][safepoint    ] Total time for which application threads were stopped: 0.0000622 seconds, Stopping threads took: 0.0000118 seconds
[2019-12-09T02:52:46.470+0000][1][safepoint    ] Application time: 0.1886520 seconds
[2019-12-09T02:52:46.491+0000][1][safepoint    ] Entering safepoint region: RevokeBias
[2019-12-09T02:52:46.491+0000][1][safepoint    ] Leaving safepoint region
[2019-12-09T02:52:46.491+0000][1][safepoint    ] Total time for which application threads were stopped: 0.0208703 seconds, Stopping threads took: 0.0207814 seconds
[2019-12-09T02:52:46.491+0000][1][safepoint    ] Application time: 0.0002248 seconds
[2019-12-09T02:52:46.491+0000][1][safepoint    ] Entering safepoint region: RevokeBias
[2019-12-09T02:52:46.491+0000][1][safepoint    ] Leaving safepoint region
[2019-12-09T02:52:46.491+0000][1][safepoint    ] Total time for which application threads were stopped: 0.0000766 seconds, Stopping threads took: 0.0000122 seconds
[2019-12-09T02:52:46.491+0000][1][safepoint    ] Application time: 0.0000649 seconds
[2019-12-09T02:52:46.491+0000][1][safepoint    ] Entering safepoint region: RevokeBias
[2019-12-09T02:52:46.491+0000][1][safepoint    ] Leaving safepoint region
[2019-12-09T02:52:46.491+0000][1][safepoint    ] Total time for which application threads were stopped: 0.0000559 seconds, Stopping threads took: 0.0000092 seconds
[2019-12-09T02:52:46.491+0000][1][safepoint    ] Application time: 0.0001034 seconds
[2019-12-09T02:52:46.491+0000][1][safepoint    ] Entering safepoint region: RevokeBias
[2019-12-09T02:52:46.491+0000][1][safepoint    ] Leaving safepoint region
[2019-12-09T02:52:46.491+0000][1][safepoint    ] Total time for which application threads were stopped: 0.0000572 seconds, Stopping threads took: 0.0000087 seconds
[2019-12-09T02:52:46.492+0000][1][safepoint    ] Application time: 0.0001408 seconds
[2019-12-09T02:52:46.492+0000][1][safepoint    ] Entering safepoint region: RevokeBias
[2019-12-09T02:52:46.492+0000][1][safepoint    ] Leaving safepoint region
[2019-12-09T02:52:46.492+0000][1][safepoint    ] Total time for which application threads were stopped: 0.0000957 seconds, Stopping threads took: 0.0000098 seconds
[2019-12-09T02:52:46.789+0000][1][safepoint    ] Application time: 0.2973468 seconds
[2019-12-09T02:52:46.789+0000][1][safepoint    ] Entering safepoint region: RevokeBias
[2019-12-09T02:52:46.790+0000][1][safepoint    ] Leaving safepoint region
[2019-12-09T02:52:46.790+0000][1][safepoint    ] Total time for which application threads were stopped: 0.0011615 seconds, Stopping threads took: 0.0000254 seconds
[2019-12-09T02:52:47.840+0000][1][safepoint    ] Application time: 1.0494001 seconds
[2019-12-09T02:52:47.840+0000][1][safepoint    ] Entering safepoint region: Cleanup
[2019-12-09T02:52:47.840+0000][1][safepoint    ] Leaving safepoint region
[2019-12-09T02:52:47.840+0000][1][safepoint    ] Total time for which application threads were stopped: 0.0002098 seconds, Stopping threads took: 0.0001339 seconds
[2019-12-09T02:52:48.556+0000][1][safepoint    ] Application time: 0.7161856 seconds
[2019-12-09T02:52:48.556+0000][1][safepoint    ] Entering safepoint region: Deoptimize
[2019-12-09T02:52:48.563+0000][1][safepoint    ] Leaving safepoint region
[2019-12-09T02:52:48.563+0000][1][safepoint    ] Total time for which application threads were stopped: 0.0066986 seconds, Stopping threads took: 0.0000167 seconds
[2019-12-09T02:52:49.565+0000][1][safepoint    ] Application time: 1.0018107 seconds
[2019-12-09T02:52:49.583+0000][1][safepoint    ] Entering safepoint region: Cleanup
[2019-12-09T02:52:49.583+0000][1][safepoint    ] Leaving safepoint region
[2019-12-09T02:52:49.583+0000][1][safepoint    ] Total time for which application threads were stopped: 0.0180952 seconds, Stopping threads took: 0.0180280 seconds
[2019-12-09T02:52:50.421+0000][1][safepoint    ] Application time: 0.8377216 seconds
[2019-12-09T02:52:50.421+0000][1][safepoint    ] Entering safepoint region: RevokeBias
[2019-12-09T02:52:50.421+0000][1][safepoint    ] Leaving safepoint region
[2019-12-09T02:52:50.421+0000][1][safepoint    ] Total time for which application threads were stopped: 0.0001113 seconds, Stopping threads took: 0.0000167 seconds
[2019-12-09T02:52:51.422+0000][1][safepoint    ] Application time: 1.0016441 seconds
[2019-12-09T02:52:51.498+0000][1][safepoint    ] Entering safepoint region: Cleanup
[2019-12-09T02:52:51.498+0000][1][safepoint    ] Leaving safepoint region
[2019-12-09T02:52:51.498+0000][1][safepoint    ] Total time for which application threads were stopped: 0.0754196 seconds, Stopping threads took: 0.0753410 seconds
[2019-12-09T02:52:51.927+0000][1][safepoint    ] Application time: 0.4288561 seconds
[2019-12-09T02:52:51.927+0000][1][safepoint    ] Entering safepoint region: RevokeBias
[2019-12-09T02:52:51.927+0000][1][safepoint    ] Leaving safepoint region
[2019-12-09T02:52:51.927+0000][1][safepoint    ] Total time for which application threads were stopped: 0.0000779 seconds, Stopping threads took: 0.0000172 seconds
[2019-12-09T02:52:52.725+0000][1][safepoint    ] Application time: 0.7978819 seconds
[2019-12-09T02:52:52.725+0000][1][safepoint    ] Entering safepoint region: RevokeBias
[2019-12-09T02:52:52.725+0000][1][safepoint    ] Leaving safepoint region
[2019-12-09T02:52:52.725+0000][1][safepoint    ] Total time for which application threads were stopped: 0.0000863 seconds, Stopping threads took: 0.0000272 seconds
[2019-12-09T02:52:53.669+0000][1][safepoint    ] Application time: 0.9444665 seconds
[2019-12-09T02:52:53.673+0000][1][safepoint    ] Entering safepoint region: RevokeBias
[2019-12-09T02:52:53.673+0000][1][safepoint    ] Leaving safepoint region
[2019-12-09T02:52:53.673+0000][1][safepoint    ] Total time for which application threads were stopped: 0.0035170 seconds, Stopping threads took: 0.0033897 seconds
[2019-12-09T02:52:53.673+0000][1][safepoint    ] Application time: 0.0001050 seconds
[2019-12-09T02:52:53.673+0000][1][safepoint    ] Entering safepoint region: RevokeBias
[2019-12-09T02:52:53.673+0000][1][safepoint    ] Leaving safepoint region
[2019-12-09T02:52:53.673+0000][1][safepoint    ] Total time for which application threads were stopped: 0.0000864 seconds, Stopping threads took: 0.0000100 seconds
[2019-12-09T02:52:53.673+0000][1][safepoint    ] Application time: 0.0000558 seconds
[2019-12-09T02:52:53.673+0000][1][safepoint    ] Entering safepoint region: RevokeBias
[2019-12-09T02:52:53.673+0000][1][safepoint    ] Leaving safepoint region
[2019-12-09T02:52:53.673+0000][1][safepoint    ] Total time for which application threads were stopped: 0.0000767 seconds, Stopping threads took: 0.0000082 seconds
[2019-12-09T02:52:53.673+0000][1][safepoint    ] Application time: 0.0000557 seconds
[2019-12-09T02:52:53.673+0000][1][safepoint    ] Entering safepoint region: RevokeBias
[2019-12-09T02:52:53.673+0000][1][safepoint    ] Leaving safepoint region
[2019-12-09T02:52:53.673+0000][1][safepoint    ] Total time for which application threads were stopped: 0.0000673 seconds, Stopping threads took: 0.0000083 seconds
[2019-12-09T02:52:53.673+0000][1][safepoint    ] Application time: 0.0000550 seconds
[2019-12-09T02:52:53.673+0000][1][safepoint    ] Entering safepoint region: RevokeBias
[2019-12-09T02:52:53.673+0000][1][safepoint    ] Leaving safepoint region
[2019-12-09T02:52:53.673+0000][1][safepoint    ] Total time for which application threads were stopped: 0.0000559 seconds, Stopping threads took: 0.0000080 seconds
[2019-12-09T02:52:53.674+0000][1][safepoint    ] Application time: 0.0000559 seconds
[2019-12-09T02:52:53.674+0000][1][safepoint    ] Entering safepoint region: RevokeBias
[2019-12-09T02:52:53.674+0000][1][safepoint    ] Leaving safepoint region
[2019-12-09T02:52:53.674+0000][1][safepoint    ] Total time for which application threads were stopped: 0.0000661 seconds, Stopping threads took: 0.0000091 seconds
[2019-12-09T02:52:53.674+0000][1][safepoint    ] Application time: 0.0000738 seconds
[2019-12-09T02:52:53.674+0000][1][safepoint    ] Entering safepoint region: RevokeBias
[2019-12-09T02:52:53.674+0000][1][safepoint    ] Leaving safepoint region
[2019-12-09T02:52:53.674+0000][1][safepoint    ] Total time for which application threads were stopped: 0.0000606 seconds, Stopping threads took: 0.0000082 seconds
[2019-12-09T02:52:53.674+0000][1][safepoint    ] Application time: 0.0000576 seconds
[2019-12-09T02:52:53.674+0000][1][safepoint    ] Entering safepoint region: RevokeBias
[2019-12-09T02:52:53.674+0000][1][safepoint    ] Leaving safepoint region
[2019-12-09T02:52:53.674+0000][1][safepoint    ] Total time for which application threads were stopped: 0.0000719 seconds, Stopping threads took: 0.0000111 seconds
[2019-12-09T02:52:53.779+0000][1][safepoint    ] Application time: 0.1047683 seconds
[2019-12-09T02:52:53.779+0000][1][safepoint    ] Entering safepoint region: Deoptimize
[2019-12-09T02:52:53.779+0000][1][safepoint    ] Leaving safepoint region
[2019-12-09T02:52:53.779+0000][1][safepoint    ] Total time for which application threads were stopped: 0.0006492 seconds, Stopping threads took: 0.0000158 seconds
[2019-12-09T02:52:53.890+0000][1][safepoint    ] Application time: 0.1103033 seconds
[2019-12-09T02:52:53.890+0000][1][safepoint    ] Entering safepoint region: RevokeBias
[2019-12-09T02:52:53.890+0000][1][safepoint    ] Leaving safepoint region
[2019-12-09T02:52:53.890+0000][1][safepoint    ] Total time for which application threads were stopped: 0.0001011 seconds, Stopping threads took: 0.0000163 seconds
[2019-12-09T02:52:53.909+0000][1][safepoint    ] Application time: 0.0188634 seconds
[2019-12-09T02:52:53.909+0000][1][safepoint    ] Entering safepoint region: RevokeBias
[2019-12-09T02:52:53.909+0000][1][safepoint    ] Leaving safepoint region
[2019-12-09T02:52:53.909+0000][1][safepoint    ] Total time for which application threads were stopped: 0.0000698 seconds, Stopping threads took: 0.0000143 seconds
[2019-12-09T02:52:53.913+0000][1][safepoint    ] Application time: 0.0038803 seconds
[2019-12-09T02:52:53.922+0000][1][safepoint    ] Entering safepoint region: RevokeBias
[2019-12-09T02:52:53.922+0000][1][safepoint    ] Leaving safepoint region
[2019-12-09T02:52:53.922+0000][1][safepoint    ] Total time for which application threads were stopped: 0.0091094 seconds, Stopping threads took: 0.0090478 seconds
[2019-12-09T02:52:53.922+0000][1][safepoint    ] Application time: 0.0005173 seconds
[2019-12-09T02:52:53.922+0000][1][safepoint    ] Entering safepoint region: RevokeBias
[2019-12-09T02:52:53.922+0000][1][safepoint    ] Leaving safepoint region
[2019-12-09T02:52:53.922+0000][1][safepoint    ] Total time for which application threads were stopped: 0.0000752 seconds, Stopping threads took: 0.0000117 seconds
[2019-12-09T02:52:53.923+0000][1][safepoint    ] Application time: 0.0000644 seconds
[2019-12-09T02:52:53.923+0000][1][safepoint    ] Entering safepoint region: RevokeBias
[2019-12-09T02:52:53.923+0000][1][safepoint    ] Leaving safepoint region
[2019-12-09T02:52:53.923+0000][1][safepoint    ] Total time for which application threads were stopped: 0.0000557 seconds, Stopping threads took: 0.0000090 seconds
[2019-12-09T02:52:53.923+0000][1][safepoint    ] Application time: 0.0001214 seconds
[2019-12-09T02:52:53.923+0000][1][safepoint    ] Entering safepoint region: BulkRevokeBias
[2019-12-09T02:52:53.923+0000][1][safepoint    ] Leaving safepoint region
[2019-12-09T02:52:53.923+0000][1][safepoint    ] Total time for which application threads were stopped: 0.0001601 seconds, Stopping threads took: 0.0000108 seconds
[2019-12-09T02:52:53.923+0000][1][safepoint    ] Application time: 0.0003315 seconds
[2019-12-09T02:52:53.923+0000][1][safepoint    ] Entering safepoint region: RevokeBias
[2019-12-09T02:52:53.923+0000][1][safepoint    ] Leaving safepoint region
[2019-12-09T02:52:53.923+0000][1][safepoint    ] Total time for which application threads were stopped: 0.0000572 seconds, Stopping threads took: 0.0000111 seconds
[2019-12-09T02:52:53.924+0000][1][safepoint    ] Application time: 0.0002218 seconds
[2019-12-09T02:52:53.924+0000][1][safepoint    ] Entering safepoint region: RevokeBias
[2019-12-09T02:52:53.924+0000][1][safepoint    ] Leaving safepoint region
[2019-12-09T02:52:53.924+0000][1][safepoint    ] Total time for which application threads were stopped: 0.0000617 seconds, Stopping threads took: 0.0000104 seconds
[2019-12-09T02:52:53.924+0000][1][safepoint    ] Application time: 0.0000792 seconds
[2019-12-09T02:52:53.924+0000][1][safepoint    ] Entering safepoint region: RevokeBias
[2019-12-09T02:52:53.924+0000][1][safepoint    ] Leaving safepoint region
[2019-12-09T02:52:53.924+0000][1][safepoint    ] Total time for which application threads were stopped: 0.0000532 seconds, Stopping threads took: 0.0000091 seconds
[2019-12-09T02:52:53.924+0000][1][safepoint    ] Application time: 0.0006218 seconds
[2019-12-09T02:52:53.924+0000][1][safepoint    ] Entering safepoint region: BulkRevokeBias
[2019-12-09T02:52:53.925+0000][1][safepoint    ] Leaving safepoint region
[2019-12-09T02:52:53.925+0000][1][safepoint    ] Total time for which application threads were stopped: 0.0001279 seconds, Stopping threads took: 0.0000118 seconds
[2019-12-09T02:52:53.926+0000][1][safepoint    ] Application time: 0.0017581 seconds
[2019-12-09T02:52:53.926+0000][1][safepoint    ] Entering safepoint region: RevokeBias
[2019-12-09T02:52:53.926+0000][1][safepoint    ] Leaving safepoint region
[2019-12-09T02:52:53.926+0000][1][safepoint    ] Total time for which application threads were stopped: 0.0000673 seconds, Stopping threads took: 0.0000122 seconds
[2019-12-09T02:52:53.927+0000][1][safepoint    ] Application time: 0.0001178 seconds
[2019-12-09T02:52:53.927+0000][1][safepoint    ] Entering safepoint region: RevokeBias
[2019-12-09T02:52:53.927+0000][1][safepoint    ] Leaving safepoint region
[2019-12-09T02:52:53.927+0000][1][safepoint    ] Total time for which application threads were stopped: 0.0000553 seconds, Stopping threads took: 0.0000101 seconds
[2019-12-09T02:52:53.931+0000][1][safepoint    ] Application time: 0.0043175 seconds
[2019-12-09T02:52:53.931+0000][1][safepoint    ] Entering safepoint region: Deoptimize
[2019-12-09T02:52:53.932+0000][1][safepoint    ] Leaving safepoint region
[2019-12-09T02:52:53.932+0000][1][safepoint    ] Total time for which application threads were stopped: 0.0006379 seconds, Stopping threads took: 0.0000124 seconds
[2019-12-09T02:52:53.932+0000][1][safepoint    ] Application time: 0.0005850 seconds
[2019-12-09T02:52:53.932+0000][1][safepoint    ] Entering safepoint region: RevokeBias
[2019-12-09T02:52:53.932+0000][1][safepoint    ] Leaving safepoint region
[2019-12-09T02:52:53.932+0000][1][safepoint    ] Total time for which application threads were stopped: 0.0000434 seconds, Stopping threads took: 0.0000112 seconds
[2019-12-09T02:52:54.043+0000][1][safepoint    ] Application time: 0.1110936 seconds
[2019-12-09T02:52:54.043+0000][1][safepoint    ] Entering safepoint region: RevokeBias
[2019-12-09T02:52:54.043+0000][1][safepoint    ] Leaving safepoint region
[2019-12-09T02:52:54.043+0000][1][safepoint    ] Total time for which application threads were stopped: 0.0001068 seconds, Stopping threads took: 0.0000157 seconds
[2019-12-09T02:52:54.256+0000][1][safepoint    ] Application time: 0.2124006 seconds
[2019-12-09T02:52:54.283+0000][1][safepoint    ] Entering safepoint region: RevokeBias
[2019-12-09T02:52:54.283+0000][1][gc,start     ] GC(22) Pause Young (Allocation Failure)
[2019-12-09T02:52:54.283+0000][1][gc,task      ] GC(22) Using 2 workers of 2 for evacuation
[2019-12-09T02:52:54.450+0000][1][gc,age       ] GC(22) Desired survivor size 4456448 bytes, new threshold 2 (max threshold 6)
[2019-12-09T02:52:54.450+0000][1][gc,age       ] GC(22) Age table with threshold 2 (max threshold 6)
[2019-12-09T02:52:54.450+0000][1][gc,age       ] GC(22) - age   1:    3436464 bytes,    3436464 total
[2019-12-09T02:52:54.450+0000][1][gc,age       ] GC(22) - age   2:    1636368 bytes,    5072832 total
[2019-12-09T02:52:54.450+0000][1][gc,heap      ] GC(22) ParNew: 75120K->6987K(78656K)
[2019-12-09T02:52:54.450+0000][1][gc,heap      ] GC(22) CMS: 60598K->63389K(174784K)
[2019-12-09T02:52:54.450+0000][1][gc,metaspace ] GC(22) Metaspace: 63797K->63797K(1107968K)
[2019-12-09T02:52:54.451+0000][1][gc           ] GC(22) Pause Young (Allocation Failure) 132M->68M(247M) 167.844ms
[2019-12-09T02:52:54.451+0000][1][gc,cpu       ] GC(22) User=0.04s Sys=0.00s Real=0.17s
[2019-12-09T02:52:54.451+0000][1][safepoint    ] Leaving safepoint region
[2019-12-09T02:52:54.451+0000][1][safepoint    ] Total time for which application threads were stopped: 0.1946415 seconds, Stopping threads took: 0.0266121 seconds
[2019-12-09T02:52:54.453+0000][1][safepoint    ] Application time: 0.0021700 seconds
[2019-12-09T02:52:54.453+0000][1][safepoint    ] Entering safepoint region: RevokeBias
[2019-12-09T02:52:54.453+0000][1][safepoint    ] Leaving safepoint region
[2019-12-09T02:52:54.453+0000][1][safepoint    ] Total time for which application threads were stopped: 0.0002573 seconds, Stopping threads took: 0.0001547 seconds
[2019-12-09T02:52:54.456+0000][1][safepoint    ] Application time: 0.0029371 seconds
[2019-12-09T02:52:54.456+0000][1][safepoint    ] Entering safepoint region: RevokeBias
[2019-12-09T02:52:54.456+0000][1][safepoint    ] Leaving safepoint region
[2019-12-09T02:52:54.456+0000][1][safepoint    ] Total time for which application threads were stopped: 0.0000997 seconds, Stopping threads took: 0.0000146 seconds
[2019-12-09T02:52:54.457+0000][1][safepoint    ] Application time: 0.0005271 seconds
[2019-12-09T02:52:54.457+0000][1][safepoint    ] Entering safepoint region: RevokeBias
[2019-12-09T02:52:54.457+0000][1][safepoint    ] Leaving safepoint region
[2019-12-09T02:52:54.457+0000][1][safepoint    ] Total time for which application threads were stopped: 0.0001102 seconds, Stopping threads took: 0.0000125 seconds
[2019-12-09T02:52:54.457+0000][1][safepoint    ] Application time: 0.0001540 seconds
[2019-12-09T02:52:54.457+0000][1][safepoint    ] Entering safepoint region: RevokeBias
[2019-12-09T02:52:54.457+0000][1][safepoint    ] Leaving safepoint region
[2019-12-09T02:52:54.457+0000][1][safepoint    ] Total time for which application threads were stopped: 0.0000534 seconds, Stopping threads took: 0.0000094 seconds
[2019-12-09T02:52:54.486+0000][1][safepoint    ] Application time: 0.0286421 seconds
[2019-12-09T02:52:54.490+0000][1][safepoint    ] Entering safepoint region: RevokeBias
[2019-12-09T02:52:54.490+0000][1][safepoint    ] Leaving safepoint region
[2019-12-09T02:52:54.490+0000][1][safepoint    ] Total time for which application threads were stopped: 0.0047167 seconds, Stopping threads took: 0.0046432 seconds
[2019-12-09T02:52:54.504+0000][1][safepoint    ] Application time: 0.0138269 seconds
[2019-12-09T02:52:54.505+0000][1][safepoint    ] Entering safepoint region: RevokeBias
[2019-12-09T02:52:54.505+0000][1][safepoint    ] Leaving safepoint region
[2019-12-09T02:52:54.505+0000][1][safepoint    ] Total time for which application threads were stopped: 0.0005559 seconds, Stopping threads took: 0.0004935 seconds
[2019-12-09T02:52:54.505+0000][1][safepoint    ] Application time: 0.0004191 seconds
[2019-12-09T02:52:54.505+0000][1][safepoint    ] Entering safepoint region: RevokeBias
[2019-12-09T02:52:54.505+0000][1][safepoint    ] Leaving safepoint region
[2019-12-09T02:52:54.505+0000][1][safepoint    ] Total time for which application threads were stopped: 0.0001043 seconds, Stopping threads took: 0.0000107 seconds
[2019-12-09T02:52:54.519+0000][1][safepoint    ] Application time: 0.0133548 seconds
[2019-12-09T02:52:54.535+0000][1][safepoint    ] Entering safepoint region: RevokeBias
[2019-12-09T02:52:54.535+0000][1][safepoint    ] Leaving safepoint region
[2019-12-09T02:52:54.535+0000][1][safepoint    ] Total time for which application threads were stopped: 0.0159276 seconds, Stopping threads took: 0.0158284 seconds
[2019-12-09T02:52:54.538+0000][1][safepoint    ] Application time: 0.0034453 seconds
[2019-12-09T02:52:54.538+0000][1][safepoint    ] Entering safepoint region: RevokeBias
[2019-12-09T02:52:54.538+0000][1][safepoint    ] Leaving safepoint region
[2019-12-09T02:52:54.538+0000][1][safepoint    ] Total time for which application threads were stopped: 0.0001039 seconds, Stopping threads took: 0.0000529 seconds
[2019-12-09T02:52:54.538+0000][1][safepoint    ] Application time: 0.0000612 seconds
[2019-12-09T02:52:54.538+0000][1][safepoint    ] Entering safepoint region: RevokeBias
[2019-12-09T02:52:54.538+0000][1][safepoint    ] Leaving safepoint region
[2019-12-09T02:52:54.538+0000][1][safepoint    ] Total time for which application threads were stopped: 0.0000563 seconds, Stopping threads took: 0.0000091 seconds
[2019-12-09T02:52:54.544+0000][1][safepoint    ] Application time: 0.0055698 seconds
[2019-12-09T02:52:54.651+0000][1][safepoint    ] Entering safepoint region: RevokeBias
[2019-12-09T02:52:54.651+0000][1][safepoint    ] Leaving safepoint region
[2019-12-09T02:52:54.651+0000][1][safepoint    ] Total time for which application threads were stopped: 0.1069294 seconds, Stopping threads took: 0.1067802 seconds
[2019-12-09T02:52:54.652+0000][1][safepoint    ] Application time: 0.0006048 seconds
[2019-12-09T02:52:54.652+0000][1][safepoint    ] Entering safepoint region: RevokeBias
[2019-12-09T02:52:54.652+0000][1][safepoint    ] Leaving safepoint region
[2019-12-09T02:52:54.652+0000][1][safepoint    ] Total time for which application threads were stopped: 0.0001531 seconds, Stopping threads took: 0.0000580 seconds
[2019-12-09T02:52:54.652+0000][1][safepoint    ] Application time: 0.0001828 seconds
[2019-12-09T02:52:54.652+0000][1][safepoint    ] Entering safepoint region: RevokeBias
[2019-12-09T02:52:54.652+0000][1][safepoint    ] Leaving safepoint region
[2019-12-09T02:52:54.652+0000][1][safepoint    ] Total time for which application threads were stopped: 0.0000622 seconds, Stopping threads took: 0.0000117 seconds
[2019-12-09T02:52:54.653+0000][1][safepoint    ] Application time: 0.0006458 seconds
[2019-12-09T02:52:54.653+0000][1][safepoint    ] Entering safepoint region: RevokeBias
[2019-12-09T02:52:54.653+0000][1][safepoint    ] Leaving safepoint region
[2019-12-09T02:52:54.653+0000][1][safepoint    ] Total time for which application threads were stopped: 0.0000940 seconds, Stopping threads took: 0.0000322 seconds
[2019-12-09T02:52:54.656+0000][1][safepoint    ] Application time: 0.0027582 seconds
[2019-12-09T02:52:54.656+0000][1][safepoint    ] Entering safepoint region: RevokeBias
[2019-12-09T02:52:54.656+0000][1][safepoint    ] Leaving safepoint region
[2019-12-09T02:52:54.656+0000][1][safepoint    ] Total time for which application threads were stopped: 0.0000913 seconds, Stopping threads took: 0.0000122 seconds
[2019-12-09T02:52:54.656+0000][1][safepoint    ] Application time: 0.0001982 seconds
[2019-12-09T02:52:54.656+0000][1][safepoint    ] Entering safepoint region: RevokeBias
[2019-12-09T02:52:54.656+0000][1][safepoint    ] Leaving safepoint region
[2019-12-09T02:52:54.656+0000][1][safepoint    ] Total time for which application threads were stopped: 0.0000745 seconds, Stopping threads took: 0.0000098 seconds
[2019-12-09T02:52:54.661+0000][1][safepoint    ] Application time: 0.0054364 seconds
[2019-12-09T02:52:54.661+0000][1][safepoint    ] Entering safepoint region: RevokeBias
[2019-12-09T02:52:54.662+0000][1][safepoint    ] Leaving safepoint region
[2019-12-09T02:52:54.662+0000][1][safepoint    ] Total time for which application threads were stopped: 0.0001287 seconds, Stopping threads took: 0.0000123 seconds
[2019-12-09T02:52:54.663+0000][1][safepoint    ] Application time: 0.0011904 seconds
[2019-12-09T02:52:54.663+0000][1][safepoint    ] Entering safepoint region: RevokeBias
[2019-12-09T02:52:54.663+0000][1][safepoint    ] Leaving safepoint region
[2019-12-09T02:52:54.663+0000][1][safepoint    ] Total time for which application threads were stopped: 0.0000690 seconds, Stopping threads took: 0.0000121 seconds
[2019-12-09T02:52:54.663+0000][1][safepoint    ] Application time: 0.0002034 seconds
[2019-12-09T02:52:54.663+0000][1][safepoint    ] Entering safepoint region: RevokeBias
[2019-12-09T02:52:54.663+0000][1][safepoint    ] Leaving safepoint region
[2019-12-09T02:52:54.663+0000][1][safepoint    ] Total time for which application threads were stopped: 0.0001006 seconds, Stopping threads took: 0.0000093 seconds
[2019-12-09T02:52:54.668+0000][1][safepoint    ] Application time: 0.0051887 seconds
[2019-12-09T02:52:54.668+0000][1][safepoint    ] Entering safepoint region: RevokeBias
[2019-12-09T02:52:54.668+0000][1][safepoint    ] Leaving safepoint region
[2019-12-09T02:52:54.668+0000][1][safepoint    ] Total time for which application threads were stopped: 0.0000670 seconds, Stopping threads took: 0.0000109 seconds
[2019-12-09T02:52:54.672+0000][1][safepoint    ] Application time: 0.0030928 seconds
[2019-12-09T02:52:54.672+0000][1][safepoint    ] Entering safepoint region: RevokeBias
[2019-12-09T02:52:54.672+0000][1][safepoint    ] Leaving safepoint region
[2019-12-09T02:52:54.672+0000][1][safepoint    ] Total time for which application threads were stopped: 0.0000695 seconds, Stopping threads took: 0.0000118 seconds
[2019-12-09T02:52:54.672+0000][1][safepoint    ] Application time: 0.0003241 seconds
[2019-12-09T02:52:54.672+0000][1][safepoint    ] Entering safepoint region: RevokeBias
[2019-12-09T02:52:54.672+0000][1][safepoint    ] Leaving safepoint region
[2019-12-09T02:52:54.672+0000][1][safepoint    ] Total time for which application threads were stopped: 0.0000918 seconds, Stopping threads took: 0.0000109 seconds
[2019-12-09T02:52:54.672+0000][1][safepoint    ] Application time: 0.0000624 seconds
[2019-12-09T02:52:54.672+0000][1][safepoint    ] Entering safepoint region: RevokeBias
[2019-12-09T02:52:54.672+0000][1][safepoint    ] Leaving safepoint region
[2019-12-09T02:52:54.672+0000][1][safepoint    ] Total time for which application threads were stopped: 0.0000593 seconds, Stopping threads took: 0.0000088 seconds
[2019-12-09T02:52:54.688+0000][1][safepoint    ] Application time: 0.0161278 seconds
[2019-12-09T02:52:54.688+0000][1][safepoint    ] Entering safepoint region: RevokeBias
[2019-12-09T02:52:54.688+0000][1][safepoint    ] Leaving safepoint region
[2019-12-09T02:52:54.688+0000][1][safepoint    ] Total time for which application threads were stopped: 0.0000671 seconds, Stopping threads took: 0.0000131 seconds
[2019-12-09T02:52:54.689+0000][1][safepoint    ] Application time: 0.0005768 seconds
[2019-12-09T02:52:54.689+0000][1][safepoint    ] Entering safepoint region: RevokeBias
[2019-12-09T02:52:54.689+0000][1][safepoint    ] Leaving safepoint region
[2019-12-09T02:52:54.689+0000][1][safepoint    ] Total time for which application threads were stopped: 0.0001047 seconds, Stopping threads took: 0.0000461 seconds
[2019-12-09T02:52:54.689+0000][1][safepoint    ] Application time: 0.0002497 seconds
[2019-12-09T02:52:54.689+0000][1][safepoint    ] Entering safepoint region: RevokeBias
[2019-12-09T02:52:54.689+0000][1][safepoint    ] Leaving safepoint region
[2019-12-09T02:52:54.689+0000][1][safepoint    ] Total time for which application threads were stopped: 0.0000633 seconds, Stopping threads took: 0.0000107 seconds
[2019-12-09T02:52:54.690+0000][1][safepoint    ] Application time: 0.0000944 seconds
[2019-12-09T02:52:54.690+0000][1][safepoint    ] Entering safepoint region: RevokeBias
[2019-12-09T02:52:54.690+0000][1][safepoint    ] Leaving safepoint region
[2019-12-09T02:52:54.690+0000][1][safepoint    ] Total time for which application threads were stopped: 0.0000954 seconds, Stopping threads took: 0.0000095 seconds
[2019-12-09T02:52:54.690+0000][1][safepoint    ] Application time: 0.0003624 seconds
[2019-12-09T02:52:54.690+0000][1][safepoint    ] Entering safepoint region: RevokeBias
[2019-12-09T02:52:54.690+0000][1][safepoint    ] Leaving safepoint region
[2019-12-09T02:52:54.690+0000][1][safepoint    ] Total time for which application threads were stopped: 0.0000701 seconds, Stopping threads took: 0.0000115 seconds
[2019-12-09T02:52:54.690+0000][1][safepoint    ] Application time: 0.0000685 seconds
[2019-12-09T02:52:54.690+0000][1][safepoint    ] Entering safepoint region: RevokeBias
[2019-12-09T02:52:54.690+0000][1][safepoint    ] Leaving safepoint region
[2019-12-09T02:52:54.690+0000][1][safepoint    ] Total time for which application threads were stopped: 0.0000562 seconds, Stopping threads took: 0.0000092 seconds
[2019-12-09T02:52:54.692+0000][1][safepoint    ] Application time: 0.0014864 seconds
[2019-12-09T02:52:54.692+0000][1][safepoint    ] Entering safepoint region: RevokeBias
[2019-12-09T02:52:54.692+0000][1][safepoint    ] Leaving safepoint region
[2019-12-09T02:52:54.692+0000][1][safepoint    ] Total time for which application threads were stopped: 0.0000717 seconds, Stopping threads took: 0.0000177 seconds
[2019-12-09T02:52:54.692+0000][1][safepoint    ] Application time: 0.0000909 seconds
[2019-12-09T02:52:54.692+0000][1][safepoint    ] Entering safepoint region: RevokeBias
[2019-12-09T02:52:54.692+0000][1][safepoint    ] Leaving safepoint region
[2019-12-09T02:52:54.692+0000][1][safepoint    ] Total time for which application threads were stopped: 0.0000487 seconds, Stopping threads took: 0.0000080 seconds
[2019-12-09T02:52:54.692+0000][1][safepoint    ] Application time: 0.0000536 seconds
[2019-12-09T02:52:54.692+0000][1][safepoint    ] Entering safepoint region: RevokeBias
[2019-12-09T02:52:54.692+0000][1][safepoint    ] Leaving safepoint region
[2019-12-09T02:52:54.692+0000][1][safepoint    ] Total time for which application threads were stopped: 0.0000441 seconds, Stopping threads took: 0.0000078 seconds
[2019-12-09T02:52:54.693+0000][1][safepoint    ] Application time: 0.0005606 seconds
[2019-12-09T02:52:54.693+0000][1][safepoint    ] Entering safepoint region: RevokeBias
[2019-12-09T02:52:54.693+0000][1][safepoint    ] Leaving safepoint region
[2019-12-09T02:52:54.693+0000][1][safepoint    ] Total time for which application threads were stopped: 0.0000650 seconds, Stopping threads took: 0.0000117 seconds
[2019-12-09T02:52:54.695+0000][1][safepoint    ] Application time: 0.0017546 seconds
[2019-12-09T02:52:54.695+0000][1][safepoint    ] Entering safepoint region: RevokeBias
[2019-12-09T02:52:54.695+0000][1][safepoint    ] Leaving safepoint region
[2019-12-09T02:52:54.695+0000][1][safepoint    ] Total time for which application threads were stopped: 0.0000833 seconds, Stopping threads took: 0.0000116 seconds
[2019-12-09T02:52:54.695+0000][1][safepoint    ] Application time: 0.0001394 seconds
[2019-12-09T02:52:54.695+0000][1][safepoint    ] Entering safepoint region: RevokeBias
[2019-12-09T02:52:54.695+0000][1][safepoint    ] Leaving safepoint region
[2019-12-09T02:52:54.695+0000][1][safepoint    ] Total time for which application threads were stopped: 0.0000799 seconds, Stopping threads took: 0.0000092 seconds
[2019-12-09T02:52:54.695+0000][1][safepoint    ] Application time: 0.0001306 seconds
[2019-12-09T02:52:54.695+0000][1][safepoint    ] Entering safepoint region: RevokeBias
[2019-12-09T02:52:54.695+0000][1][safepoint    ] Leaving safepoint region
[2019-12-09T02:52:54.695+0000][1][safepoint    ] Total time for which application threads were stopped: 0.0000475 seconds, Stopping threads took: 0.0000088 seconds
[2019-12-09T02:52:54.696+0000][1][safepoint    ] Application time: 0.0004471 seconds
[2019-12-09T02:52:54.696+0000][1][safepoint    ] Entering safepoint region: RevokeBias
[2019-12-09T02:52:54.696+0000][1][safepoint    ] Leaving safepoint region
[2019-12-09T02:52:54.696+0000][1][safepoint    ] Total time for which application threads were stopped: 0.0000611 seconds, Stopping threads took: 0.0000116 seconds
[2019-12-09T02:52:54.696+0000][1][safepoint    ] Application time: 0.0001064 seconds
[2019-12-09T02:52:54.696+0000][1][safepoint    ] Entering safepoint region: RevokeBias
[2019-12-09T02:52:54.696+0000][1][safepoint    ] Leaving safepoint region
[2019-12-09T02:52:54.696+0000][1][safepoint    ] Total time for which application threads were stopped: 0.0000536 seconds, Stopping threads took: 0.0000099 seconds
[2019-12-09T02:52:54.696+0000][1][safepoint    ] Application time: 0.0002058 seconds
[2019-12-09T02:52:54.696+0000][1][safepoint    ] Entering safepoint region: RevokeBias
[2019-12-09T02:52:54.696+0000][1][safepoint    ] Leaving safepoint region
[2019-12-09T02:52:54.696+0000][1][safepoint    ] Total time for which application threads were stopped: 0.0000594 seconds, Stopping threads took: 0.0000108 seconds
[2019-12-09T02:52:54.720+0000][1][safepoint    ] Application time: 0.0238981 seconds
[2019-12-09T02:52:54.720+0000][1][safepoint    ] Entering safepoint region: RevokeBias
[2019-12-09T02:52:54.720+0000][1][safepoint    ] Leaving safepoint region
[2019-12-09T02:52:54.720+0000][1][safepoint    ] Total time for which application threads were stopped: 0.0000717 seconds, Stopping threads took: 0.0000190 seconds
[2019-12-09T02:52:54.721+0000][1][safepoint    ] Application time: 0.0009220 seconds
[2019-12-09T02:52:54.721+0000][1][safepoint    ] Entering safepoint region: RevokeBias
[2019-12-09T02:52:54.721+0000][1][safepoint    ] Leaving safepoint region
[2019-12-09T02:52:54.721+0000][1][safepoint    ] Total time for which application threads were stopped: 0.0000659 seconds, Stopping threads took: 0.0000122 seconds
[2019-12-09T02:52:54.721+0000][1][safepoint    ] Application time: 0.0000815 seconds
[2019-12-09T02:52:54.721+0000][1][safepoint    ] Entering safepoint region: RevokeBias
[2019-12-09T02:52:54.721+0000][1][safepoint    ] Leaving safepoint region
[2019-12-09T02:52:54.721+0000][1][safepoint    ] Total time for which application threads were stopped: 0.0000507 seconds, Stopping threads took: 0.0000089 seconds
[2019-12-09T02:52:54.731+0000][1][safepoint    ] Application time: 0.0092575 seconds
[2019-12-09T02:52:54.731+0000][1][safepoint    ] Entering safepoint region: RevokeBias
[2019-12-09T02:52:54.731+0000][1][safepoint    ] Leaving safepoint region
[2019-12-09T02:52:54.731+0000][1][safepoint    ] Total time for which application threads were stopped: 0.0000624 seconds, Stopping threads took: 0.0000113 seconds
[2019-12-09T02:52:54.743+0000][1][safepoint    ] Application time: 0.0122938 seconds
[2019-12-09T02:52:54.743+0000][1][safepoint    ] Entering safepoint region: RevokeBias
[2019-12-09T02:52:54.743+0000][1][safepoint    ] Leaving safepoint region
[2019-12-09T02:52:54.743+0000][1][safepoint    ] Total time for which application threads were stopped: 0.0001218 seconds, Stopping threads took: 0.0000435 seconds
[2019-12-09T02:52:54.752+0000][1][safepoint    ] Application time: 0.0086434 seconds
[2019-12-09T02:52:54.752+0000][1][safepoint    ] Entering safepoint region: BulkRevokeBias
[2019-12-09T02:52:54.752+0000][1][safepoint    ] Leaving safepoint region
[2019-12-09T02:52:54.752+0000][1][safepoint    ] Total time for which application threads were stopped: 0.0004141 seconds, Stopping threads took: 0.0000531 seconds
[2019-12-09T02:52:54.755+0000][1][safepoint    ] Application time: 0.0031513 seconds
[2019-12-09T02:52:54.755+0000][1][safepoint    ] Entering safepoint region: RevokeBias
[2019-12-09T02:52:54.756+0000][1][safepoint    ] Leaving safepoint region
[2019-12-09T02:52:54.756+0000][1][safepoint    ] Total time for which application threads were stopped: 0.0001332 seconds, Stopping threads took: 0.0000117 seconds
[2019-12-09T02:52:54.768+0000][1][safepoint    ] Application time: 0.0127258 seconds
[2019-12-09T02:52:54.862+0000][1][safepoint    ] Entering safepoint region: RevokeBias
[2019-12-09T02:52:54.862+0000][1][safepoint    ] Leaving safepoint region
[2019-12-09T02:52:54.862+0000][1][safepoint    ] Total time for which application threads were stopped: 0.0936424 seconds, Stopping threads took: 0.0935213 seconds
[2019-12-09T02:52:54.863+0000][1][safepoint    ] Application time: 0.0008842 seconds
[2019-12-09T02:52:54.863+0000][1][safepoint    ] Entering safepoint region: RevokeBias
[2019-12-09T02:52:54.863+0000][1][safepoint    ] Leaving safepoint region
[2019-12-09T02:52:54.863+0000][1][safepoint    ] Total time for which application threads were stopped: 0.0000944 seconds, Stopping threads took: 0.0000169 seconds
[2019-12-09T02:52:54.863+0000][1][safepoint    ] Application time: 0.0004073 seconds
[2019-12-09T02:52:54.863+0000][1][safepoint    ] Entering safepoint region: RevokeBias
[2019-12-09T02:52:54.863+0000][1][safepoint    ] Leaving safepoint region
[2019-12-09T02:52:54.863+0000][1][safepoint    ] Total time for which application threads were stopped: 0.0000709 seconds, Stopping threads took: 0.0000122 seconds
[2019-12-09T02:52:54.867+0000][1][safepoint    ] Application time: 0.0033357 seconds
[2019-12-09T02:52:54.867+0000][1][safepoint    ] Entering safepoint region: RevokeBias
[2019-12-09T02:52:54.867+0000][1][safepoint    ] Leaving safepoint region
[2019-12-09T02:52:54.867+0000][1][safepoint    ] Total time for which application threads were stopped: 0.0000861 seconds, Stopping threads took: 0.0000249 seconds
[2019-12-09T02:52:54.876+0000][1][safepoint    ] Application time: 0.0089261 seconds
[2019-12-09T02:52:54.876+0000][1][safepoint    ] Entering safepoint region: RevokeBias
[2019-12-09T02:52:54.876+0000][1][safepoint    ] Leaving safepoint region
[2019-12-09T02:52:54.876+0000][1][safepoint    ] Total time for which application threads were stopped: 0.0002884 seconds, Stopping threads took: 0.0002156 seconds
[2019-12-09T02:52:54.886+0000][1][safepoint    ] Application time: 0.0098852 seconds
[2019-12-09T02:52:54.898+0000][1][safepoint    ] Entering safepoint region: RevokeBias
[2019-12-09T02:52:54.898+0000][1][safepoint    ] Leaving safepoint region
[2019-12-09T02:52:54.898+0000][1][safepoint    ] Total time for which application threads were stopped: 0.0117938 seconds, Stopping threads took: 0.0117395 seconds
[2019-12-09T02:52:54.906+0000][1][safepoint    ] Application time: 0.0078846 seconds
[2019-12-09T02:52:54.906+0000][1][safepoint    ] Entering safepoint region: RevokeBias
[2019-12-09T02:52:54.906+0000][1][safepoint    ] Leaving safepoint region
[2019-12-09T02:52:54.906+0000][1][safepoint    ] Total time for which application threads were stopped: 0.0000844 seconds, Stopping threads took: 0.0000159 seconds
[2019-12-09T02:52:54.906+0000][1][safepoint    ] Application time: 0.0000562 seconds
[2019-12-09T02:52:54.906+0000][1][safepoint    ] Entering safepoint region: RevokeBias
[2019-12-09T02:52:54.906+0000][1][safepoint    ] Leaving safepoint region
[2019-12-09T02:52:54.906+0000][1][safepoint    ] Total time for which application threads were stopped: 0.0000410 seconds, Stopping threads took: 0.0000089 seconds
[2019-12-09T02:52:54.912+0000][1][safepoint    ] Application time: 0.0057588 seconds
[2019-12-09T02:52:54.912+0000][1][safepoint    ] Entering safepoint region: RevokeBias
[2019-12-09T02:52:54.912+0000][1][safepoint    ] Leaving safepoint region
[2019-12-09T02:52:54.912+0000][1][safepoint    ] Total time for which application threads were stopped: 0.0000631 seconds, Stopping threads took: 0.0000136 seconds
[2019-12-09T02:52:54.931+0000][1][safepoint    ] Application time: 0.0189548 seconds
[2019-12-09T02:52:54.976+0000][1][safepoint    ] Entering safepoint region: RevokeBias
[2019-12-09T02:52:54.976+0000][1][safepoint    ] Leaving safepoint region
[2019-12-09T02:52:54.976+0000][1][safepoint    ] Total time for which application threads were stopped: 0.0450862 seconds, Stopping threads took: 0.0449941 seconds
[2019-12-09T02:52:54.985+0000][1][safepoint    ] Application time: 0.0091147 seconds
[2019-12-09T02:52:54.985+0000][1][safepoint    ] Entering safepoint region: RevokeBias
[2019-12-09T02:52:54.985+0000][1][safepoint    ] Leaving safepoint region
[2019-12-09T02:52:54.985+0000][1][safepoint    ] Total time for which application threads were stopped: 0.0000803 seconds, Stopping threads took: 0.0000161 seconds
[2019-12-09T02:52:55.199+0000][1][safepoint    ] Application time: 0.2143145 seconds
[2019-12-09T02:52:55.263+0000][1][safepoint    ] Entering safepoint region: RevokeBias
[2019-12-09T02:52:55.263+0000][1][safepoint    ] Leaving safepoint region
[2019-12-09T02:52:55.263+0000][1][safepoint    ] Total time for which application threads were stopped: 0.0633421 seconds, Stopping threads took: 0.0632534 seconds
[2019-12-09T02:52:55.263+0000][1][safepoint    ] Application time: 0.0003450 seconds
[2019-12-09T02:52:55.263+0000][1][safepoint    ] Entering safepoint region: RevokeBias
[2019-12-09T02:52:55.263+0000][1][safepoint    ] Leaving safepoint region
[2019-12-09T02:52:55.263+0000][1][safepoint    ] Total time for which application threads were stopped: 0.0000775 seconds, Stopping threads took: 0.0000130 seconds
[2019-12-09T02:52:55.264+0000][1][safepoint    ] Application time: 0.0003866 seconds
[2019-12-09T02:52:55.264+0000][1][safepoint    ] Entering safepoint region: RevokeBias
[2019-12-09T02:52:55.264+0000][1][safepoint    ] Leaving safepoint region
[2019-12-09T02:52:55.264+0000][1][safepoint    ] Total time for which application threads were stopped: 0.0000858 seconds, Stopping threads took: 0.0000211 seconds
[2019-12-09T02:52:55.264+0000][1][safepoint    ] Application time: 0.0004518 seconds
[2019-12-09T02:52:55.264+0000][1][safepoint    ] Entering safepoint region: RevokeBias
[2019-12-09T02:52:55.264+0000][1][safepoint    ] Leaving safepoint region
[2019-12-09T02:52:55.264+0000][1][safepoint    ] Total time for which application threads were stopped: 0.0000573 seconds, Stopping threads took: 0.0000101 seconds
[2019-12-09T02:52:55.265+0000][1][safepoint    ] Application time: 0.0003359 seconds
[2019-12-09T02:52:55.265+0000][1][safepoint    ] Entering safepoint region: RevokeBias
[2019-12-09T02:52:55.265+0000][1][safepoint    ] Leaving safepoint region
[2019-12-09T02:52:55.265+0000][1][safepoint    ] Total time for which application threads were stopped: 0.0000645 seconds, Stopping threads took: 0.0000134 seconds
[2019-12-09T02:52:55.265+0000][1][safepoint    ] Application time: 0.0000489 seconds
[2019-12-09T02:52:55.265+0000][1][safepoint    ] Entering safepoint region: RevokeBias
[2019-12-09T02:52:55.265+0000][1][safepoint    ] Leaving safepoint region
[2019-12-09T02:52:55.265+0000][1][safepoint    ] Total time for which application threads were stopped: 0.0000451 seconds, Stopping threads took: 0.0000090 seconds
[2019-12-09T02:52:55.265+0000][1][safepoint    ] Application time: 0.0000380 seconds
[2019-12-09T02:52:55.265+0000][1][safepoint    ] Entering safepoint region: RevokeBias
[2019-12-09T02:52:55.265+0000][1][safepoint    ] Leaving safepoint region
[2019-12-09T02:52:55.265+0000][1][safepoint    ] Total time for which application threads were stopped: 0.0000435 seconds, Stopping threads took: 0.0000089 seconds
[2019-12-09T02:52:55.344+0000][1][safepoint    ] Application time: 0.0789772 seconds
[2019-12-09T02:52:55.378+0000][1][safepoint    ] Entering safepoint region: RevokeBias
[2019-12-09T02:52:55.378+0000][1][safepoint    ] Leaving safepoint region
[2019-12-09T02:52:55.378+0000][1][safepoint    ] Total time for which application threads were stopped: 0.0338986 seconds, Stopping threads took: 0.0337885 seconds
[2019-12-09T02:52:55.378+0000][1][safepoint    ] Application time: 0.0004642 seconds
[2019-12-09T02:52:55.378+0000][1][safepoint    ] Entering safepoint region: RevokeBias
[2019-12-09T02:52:55.378+0000][1][safepoint    ] Leaving safepoint region
[2019-12-09T02:52:55.378+0000][1][safepoint    ] Total time for which application threads were stopped: 0.0000856 seconds, Stopping threads took: 0.0000147 seconds
[2019-12-09T02:52:55.379+0000][1][safepoint    ] Application time: 0.0004623 seconds
[2019-12-09T02:52:55.379+0000][1][safepoint    ] Entering safepoint region: RevokeBias
[2019-12-09T02:52:55.379+0000][1][safepoint    ] Leaving safepoint region
[2019-12-09T02:52:55.379+0000][1][safepoint    ] Total time for which application threads were stopped: 0.0000701 seconds, Stopping threads took: 0.0000139 seconds
[2019-12-09T02:52:55.379+0000][1][safepoint    ] Application time: 0.0004408 seconds
[2019-12-09T02:52:55.380+0000][1][safepoint    ] Entering safepoint region: RevokeBias
[2019-12-09T02:52:55.380+0000][1][safepoint    ] Leaving safepoint region
[2019-12-09T02:52:55.380+0000][1][safepoint    ] Total time for which application threads were stopped: 0.0000604 seconds, Stopping threads took: 0.0000111 seconds
[2019-12-09T02:52:55.380+0000][1][safepoint    ] Application time: 0.0003706 seconds
[2019-12-09T02:52:55.380+0000][1][safepoint    ] Entering safepoint region: RevokeBias
[2019-12-09T02:52:55.380+0000][1][safepoint    ] Leaving safepoint region
[2019-12-09T02:52:55.380+0000][1][safepoint    ] Total time for which application threads were stopped: 0.0000563 seconds, Stopping threads took: 0.0000113 seconds
[2019-12-09T02:52:55.380+0000][1][safepoint    ] Application time: 0.0000463 seconds
[2019-12-09T02:52:55.380+0000][1][safepoint    ] Entering safepoint region: RevokeBias
[2019-12-09T02:52:55.380+0000][1][safepoint    ] Leaving safepoint region
[2019-12-09T02:52:55.380+0000][1][safepoint    ] Total time for which application threads were stopped: 0.0000507 seconds, Stopping threads took: 0.0000153 seconds
[2019-12-09T02:52:55.380+0000][1][safepoint    ] Application time: 0.0000397 seconds
[2019-12-09T02:52:55.380+0000][1][safepoint    ] Entering safepoint region: RevokeBias
[2019-12-09T02:52:55.380+0000][1][safepoint    ] Leaving safepoint region
[2019-12-09T02:52:55.380+0000][1][safepoint    ] Total time for which application threads were stopped: 0.0000445 seconds, Stopping threads took: 0.0000097 seconds
[2019-12-09T02:52:55.453+0000][1][safepoint    ] Application time: 0.0727848 seconds
[2019-12-09T02:52:55.453+0000][1][safepoint    ] Entering safepoint region: RevokeBias
[2019-12-09T02:52:55.453+0000][1][safepoint    ] Leaving safepoint region
[2019-12-09T02:52:55.453+0000][1][safepoint    ] Total time for which application threads were stopped: 0.0001612 seconds, Stopping threads took: 0.0000781 seconds
[2019-12-09T02:52:55.454+0000][1][safepoint    ] Application time: 0.0004659 seconds
[2019-12-09T02:52:55.454+0000][1][safepoint    ] Entering safepoint region: RevokeBias
[2019-12-09T02:52:55.454+0000][1][safepoint    ] Leaving safepoint region
[2019-12-09T02:52:55.454+0000][1][safepoint    ] Total time for which application threads were stopped: 0.0000728 seconds, Stopping threads took: 0.0000127 seconds
[2019-12-09T02:52:55.454+0000][1][safepoint    ] Application time: 0.0003727 seconds
[2019-12-09T02:52:55.454+0000][1][safepoint    ] Entering safepoint region: RevokeBias
[2019-12-09T02:52:55.454+0000][1][safepoint    ] Leaving safepoint region
[2019-12-09T02:52:55.454+0000][1][safepoint    ] Total time for which application threads were stopped: 0.0000584 seconds, Stopping threads took: 0.0000112 seconds
[2019-12-09T02:52:55.454+0000][1][safepoint    ] Application time: 0.0000466 seconds
[2019-12-09T02:52:55.454+0000][1][safepoint    ] Entering safepoint region: RevokeBias
[2019-12-09T02:52:55.454+0000][1][safepoint    ] Leaving safepoint region
[2019-12-09T02:52:55.454+0000][1][safepoint    ] Total time for which application threads were stopped: 0.0000463 seconds, Stopping threads took: 0.0000093 seconds
[2019-12-09T02:52:55.454+0000][1][safepoint    ] Application time: 0.0000384 seconds
[2019-12-09T02:52:55.454+0000][1][safepoint    ] Entering safepoint region: RevokeBias
[2019-12-09T02:52:55.454+0000][1][safepoint    ] Leaving safepoint region
[2019-12-09T02:52:55.454+0000][1][safepoint    ] Total time for which application threads were stopped: 0.0000449 seconds, Stopping threads took: 0.0000091 seconds
[2019-12-09T02:52:55.518+0000][1][safepoint    ] Application time: 0.0633547 seconds
[2019-12-09T02:52:55.518+0000][1][safepoint    ] Entering safepoint region: RevokeBias
[2019-12-09T02:52:55.518+0000][1][safepoint    ] Leaving safepoint region
[2019-12-09T02:52:55.518+0000][1][safepoint    ] Total time for which application threads were stopped: 0.0000874 seconds, Stopping threads took: 0.0000172 seconds
[2019-12-09T02:52:55.599+0000][1][safepoint    ] Application time: 0.0809990 seconds
[2019-12-09T02:52:55.599+0000][1][safepoint    ] Entering safepoint region: RevokeBias
[2019-12-09T02:52:55.599+0000][1][safepoint    ] Leaving safepoint region
[2019-12-09T02:52:55.599+0000][1][safepoint    ] Total time for which application threads were stopped: 0.0002676 seconds, Stopping threads took: 0.0001617 seconds
[2019-12-09T02:52:55.849+0000][1][safepoint    ] Application time: 0.2496160 seconds
[2019-12-09T02:52:55.849+0000][1][safepoint    ] Entering safepoint region: RevokeBias
[2019-12-09T02:52:55.849+0000][1][safepoint    ] Leaving safepoint region
[2019-12-09T02:52:55.849+0000][1][safepoint    ] Total time for which application threads were stopped: 0.0000841 seconds, Stopping threads took: 0.0000165 seconds
[2019-12-09T02:52:55.849+0000][1][safepoint    ] Application time: 0.0003844 seconds
[2019-12-09T02:52:55.849+0000][1][safepoint    ] Entering safepoint region: RevokeBias
[2019-12-09T02:52:55.849+0000][1][safepoint    ] Leaving safepoint region
[2019-12-09T02:52:55.849+0000][1][safepoint    ] Total time for which application threads were stopped: 0.0000730 seconds, Stopping threads took: 0.0000197 seconds
[2019-12-09T02:52:56.214+0000][1][safepoint    ] Application time: 0.3648459 seconds
[2019-12-09T02:52:56.223+0000][1][safepoint    ] Entering safepoint region: RevokeBias
[2019-12-09T02:52:56.223+0000][1][safepoint    ] Leaving safepoint region
[2019-12-09T02:52:56.223+0000][1][safepoint    ] Total time for which application threads were stopped: 0.0085261 seconds, Stopping threads took: 0.0084415 seconds
[2019-12-09T02:52:56.237+0000][1][safepoint    ] Application time: 0.0139395 seconds
[2019-12-09T02:52:56.237+0000][1][safepoint    ] Entering safepoint region: RevokeBias
[2019-12-09T02:52:56.237+0000][1][safepoint    ] Leaving safepoint region
[2019-12-09T02:52:56.237+0000][1][safepoint    ] Total time for which application threads were stopped: 0.0001164 seconds, Stopping threads took: 0.0000480 seconds
[2019-12-09T02:52:56.246+0000][1][safepoint    ] Application time: 0.0091950 seconds
[2019-12-09T02:52:56.246+0000][1][safepoint    ] Entering safepoint region: RevokeBias
[2019-12-09T02:52:56.246+0000][1][safepoint    ] Leaving safepoint region
[2019-12-09T02:52:56.246+0000][1][safepoint    ] Total time for which application threads were stopped: 0.0000879 seconds, Stopping threads took: 0.0000142 seconds
[2019-12-09T02:52:56.247+0000][1][safepoint    ] Application time: 0.0007885 seconds
[2019-12-09T02:52:56.247+0000][1][safepoint    ] Entering safepoint region: RevokeBias
[2019-12-09T02:52:56.247+0000][1][safepoint    ] Leaving safepoint region
[2019-12-09T02:52:56.247+0000][1][safepoint    ] Total time for which application threads were stopped: 0.0000835 seconds, Stopping threads took: 0.0000121 seconds
[2019-12-09T02:52:56.247+0000][1][safepoint    ] Application time: 0.0002333 seconds
[2019-12-09T02:52:56.247+0000][1][safepoint    ] Entering safepoint region: RevokeBias
[2019-12-09T02:52:56.247+0000][1][safepoint    ] Leaving safepoint region
[2019-12-09T02:52:56.247+0000][1][safepoint    ] Total time for which application threads were stopped: 0.0000569 seconds, Stopping threads took: 0.0000098 seconds
[2019-12-09T02:52:56.248+0000][1][safepoint    ] Application time: 0.0003257 seconds
[2019-12-09T02:52:56.248+0000][1][safepoint    ] Entering safepoint region: RevokeBias
[2019-12-09T02:52:56.248+0000][1][safepoint    ] Leaving safepoint region
[2019-12-09T02:52:56.248+0000][1][safepoint    ] Total time for which application threads were stopped: 0.0000602 seconds, Stopping threads took: 0.0000103 seconds
[2019-12-09T02:52:56.249+0000][1][safepoint    ] Application time: 0.0009275 seconds
[2019-12-09T02:52:56.249+0000][1][safepoint    ] Entering safepoint region: RevokeBias
[2019-12-09T02:52:56.249+0000][1][safepoint    ] Leaving safepoint region
[2019-12-09T02:52:56.249+0000][1][safepoint    ] Total time for which application threads were stopped: 0.0000549 seconds, Stopping threads took: 0.0000103 seconds
[2019-12-09T02:52:56.252+0000][1][safepoint    ] Application time: 0.0029917 seconds
[2019-12-09T02:52:56.252+0000][1][safepoint    ] Entering safepoint region: RevokeBias
[2019-12-09T02:52:56.252+0000][1][safepoint    ] Leaving safepoint region
[2019-12-09T02:52:56.252+0000][1][safepoint    ] Total time for which application threads were stopped: 0.0000559 seconds, Stopping threads took: 0.0000120 seconds
[2019-12-09T02:52:56.291+0000][1][safepoint    ] Application time: 0.0387208 seconds
[2019-12-09T02:52:56.303+0000][1][safepoint    ] Entering safepoint region: RevokeBias
[2019-12-09T02:52:56.303+0000][1][safepoint    ] Leaving safepoint region
[2019-12-09T02:52:56.303+0000][1][safepoint    ] Total time for which application threads were stopped: 0.0121062 seconds, Stopping threads took: 0.0120192 seconds
[2019-12-09T02:52:56.304+0000][1][safepoint    ] Application time: 0.0013148 seconds
[2019-12-09T02:52:56.402+0000][1][safepoint    ] Entering safepoint region: RevokeBias
[2019-12-09T02:52:56.402+0000][1][safepoint    ] Leaving safepoint region
[2019-12-09T02:52:56.402+0000][1][safepoint    ] Total time for which application threads were stopped: 0.0977180 seconds, Stopping threads took: 0.0976205 seconds
[2019-12-09T02:52:56.403+0000][1][safepoint    ] Application time: 0.0007928 seconds
[2019-12-09T02:52:56.429+0000][1][safepoint    ] Entering safepoint region: RevokeBias
[2019-12-09T02:52:56.429+0000][1][safepoint    ] Leaving safepoint region
[2019-12-09T02:52:56.429+0000][1][safepoint    ] Total time for which application threads were stopped: 0.0260812 seconds, Stopping threads took: 0.0259846 seconds
[2019-12-09T02:52:56.474+0000][1][safepoint    ] Application time: 0.0448608 seconds
[2019-12-09T02:52:56.520+0000][1][safepoint    ] Entering safepoint region: RevokeBias
[2019-12-09T02:52:56.520+0000][1][safepoint    ] Leaving safepoint region
[2019-12-09T02:52:56.520+0000][1][safepoint    ] Total time for which application threads were stopped: 0.0461679 seconds, Stopping threads took: 0.0460751 seconds
[2019-12-09T02:52:56.549+0000][1][safepoint    ] Application time: 0.0287608 seconds
[2019-12-09T02:52:56.549+0000][1][safepoint    ] Entering safepoint region: RevokeBias
[2019-12-09T02:52:56.549+0000][1][safepoint    ] Leaving safepoint region
[2019-12-09T02:52:56.549+0000][1][safepoint    ] Total time for which application threads were stopped: 0.0000922 seconds, Stopping threads took: 0.0000180 seconds
[2019-12-09T02:52:56.587+0000][1][safepoint    ] Application time: 0.0379055 seconds
[2019-12-09T02:52:56.587+0000][1][safepoint    ] Entering safepoint region: RevokeBias
[2019-12-09T02:52:56.587+0000][1][safepoint    ] Leaving safepoint region
[2019-12-09T02:52:56.587+0000][1][safepoint    ] Total time for which application threads were stopped: 0.0000843 seconds, Stopping threads took: 0.0000182 seconds
[2019-12-09T02:52:56.701+0000][1][safepoint    ] Application time: 0.1144255 seconds
[2019-12-09T02:52:56.701+0000][1][safepoint    ] Entering safepoint region: RevokeBias
[2019-12-09T02:52:56.701+0000][1][safepoint    ] Leaving safepoint region
[2019-12-09T02:52:56.701+0000][1][safepoint    ] Total time for which application threads were stopped: 0.0000779 seconds, Stopping threads took: 0.0000160 seconds
[2019-12-09T02:52:56.702+0000][1][safepoint    ] Application time: 0.0004453 seconds
[2019-12-09T02:52:56.702+0000][1][safepoint    ] Entering safepoint region: RevokeBias
[2019-12-09T02:52:56.702+0000][1][safepoint    ] Leaving safepoint region
[2019-12-09T02:52:56.702+0000][1][safepoint    ] Total time for which application threads were stopped: 0.0000632 seconds, Stopping threads took: 0.0000132 seconds
[2019-12-09T02:52:56.895+0000][1][safepoint    ] Application time: 0.1926565 seconds
[2019-12-09T02:52:56.895+0000][1][safepoint    ] Entering safepoint region: RevokeBias
[2019-12-09T02:52:56.895+0000][1][safepoint    ] Leaving safepoint region
[2019-12-09T02:52:56.895+0000][1][safepoint    ] Total time for which application threads were stopped: 0.0001211 seconds, Stopping threads took: 0.0000177 seconds
[2019-12-09T02:52:57.063+0000][1][safepoint    ] Application time: 0.1681999 seconds
[2019-12-09T02:52:57.063+0000][1][safepoint    ] Entering safepoint region: RevokeBias
[2019-12-09T02:52:57.063+0000][1][safepoint    ] Leaving safepoint region
[2019-12-09T02:52:57.063+0000][1][safepoint    ] Total time for which application threads were stopped: 0.0001905 seconds, Stopping threads took: 0.0000798 seconds
[2019-12-09T02:52:57.063+0000][1][safepoint    ] Application time: 0.0001957 seconds
[2019-12-09T02:52:57.063+0000][1][safepoint    ] Entering safepoint region: RevokeBias
[2019-12-09T02:52:57.063+0000][1][safepoint    ] Leaving safepoint region
[2019-12-09T02:52:57.063+0000][1][safepoint    ] Total time for which application threads were stopped: 0.0001106 seconds, Stopping threads took: 0.0000117 seconds
[2019-12-09T02:52:57.064+0000][1][safepoint    ] Application time: 0.0002586 seconds
[2019-12-09T02:52:57.064+0000][1][safepoint    ] Entering safepoint region: RevokeBias
[2019-12-09T02:52:57.064+0000][1][safepoint    ] Leaving safepoint region
[2019-12-09T02:52:57.064+0000][1][safepoint    ] Total time for which application threads were stopped: 0.0001109 seconds, Stopping threads took: 0.0000171 seconds
[2019-12-09T02:52:57.064+0000][1][safepoint    ] Application time: 0.0003612 seconds
[2019-12-09T02:52:57.064+0000][1][safepoint    ] Entering safepoint region: RevokeBias
[2019-12-09T02:52:57.064+0000][1][safepoint    ] Leaving safepoint region
[2019-12-09T02:52:57.064+0000][1][safepoint    ] Total time for which application threads were stopped: 0.0000898 seconds, Stopping threads took: 0.0000108 seconds
[2019-12-09T02:52:57.066+0000][1][safepoint    ] Application time: 0.0015102 seconds
[2019-12-09T02:52:57.066+0000][1][safepoint    ] Entering safepoint region: RevokeBias
[2019-12-09T02:52:57.066+0000][1][safepoint    ] Leaving safepoint region
[2019-12-09T02:52:57.066+0000][1][safepoint    ] Total time for which application threads were stopped: 0.0000719 seconds, Stopping threads took: 0.0000126 seconds
[2019-12-09T02:52:57.066+0000][1][safepoint    ] Application time: 0.0002129 seconds
[2019-12-09T02:52:57.066+0000][1][safepoint    ] Entering safepoint region: BulkRevokeBias
[2019-12-09T02:52:57.066+0000][1][safepoint    ] Leaving safepoint region
[2019-12-09T02:52:57.066+0000][1][safepoint    ] Total time for which application threads were stopped: 0.0002554 seconds, Stopping threads took: 0.0000106 seconds
[2019-12-09T02:52:57.067+0000][1][safepoint    ] Application time: 0.0003004 seconds
[2019-12-09T02:52:57.067+0000][1][safepoint    ] Entering safepoint region: RevokeBias
[2019-12-09T02:52:57.067+0000][1][safepoint    ] Leaving safepoint region
[2019-12-09T02:52:57.067+0000][1][safepoint    ] Total time for which application threads were stopped: 0.0000774 seconds, Stopping threads took: 0.0000122 seconds
[2019-12-09T02:52:57.067+0000][1][safepoint    ] Application time: 0.0001730 seconds
[2019-12-09T02:52:57.067+0000][1][safepoint    ] Entering safepoint region: RevokeBias
[2019-12-09T02:52:57.067+0000][1][safepoint    ] Leaving safepoint region
[2019-12-09T02:52:57.067+0000][1][safepoint    ] Total time for which application threads were stopped: 0.0000817 seconds, Stopping threads took: 0.0000106 seconds
[2019-12-09T02:52:57.068+0000][1][safepoint    ] Application time: 0.0006754 seconds
[2019-12-09T02:52:57.068+0000][1][safepoint    ] Entering safepoint region: BulkRevokeBias
[2019-12-09T02:52:57.068+0000][1][safepoint    ] Leaving safepoint region
[2019-12-09T02:52:57.068+0000][1][safepoint    ] Total time for which application threads were stopped: 0.0002528 seconds, Stopping threads took: 0.0000121 seconds
[2019-12-09T02:52:57.069+0000][1][safepoint    ] Application time: 0.0008760 seconds
[2019-12-09T02:52:57.069+0000][1][safepoint    ] Entering safepoint region: RevokeBias
[2019-12-09T02:52:57.069+0000][1][safepoint    ] Leaving safepoint region
[2019-12-09T02:52:57.069+0000][1][safepoint    ] Total time for which application threads were stopped: 0.0000867 seconds, Stopping threads took: 0.0000126 seconds
[2019-12-09T02:52:57.069+0000][1][safepoint    ] Application time: 0.0003950 seconds
[2019-12-09T02:52:57.069+0000][1][safepoint    ] Entering safepoint region: RevokeBias
[2019-12-09T02:52:57.070+0000][1][safepoint    ] Leaving safepoint region
[2019-12-09T02:52:57.070+0000][1][safepoint    ] Total time for which application threads were stopped: 0.0000819 seconds, Stopping threads took: 0.0000107 seconds
[2019-12-09T02:52:57.070+0000][1][safepoint    ] Application time: 0.0004820 seconds
[2019-12-09T02:52:57.070+0000][1][safepoint    ] Entering safepoint region: RevokeBias
[2019-12-09T02:52:57.070+0000][1][safepoint    ] Leaving safepoint region
[2019-12-09T02:52:57.070+0000][1][safepoint    ] Total time for which application threads were stopped: 0.0000645 seconds, Stopping threads took: 0.0000109 seconds
[2019-12-09T02:52:57.072+0000][1][safepoint    ] Application time: 0.0015653 seconds
[2019-12-09T02:52:57.072+0000][1][safepoint    ] Entering safepoint region: RevokeBias
[2019-12-09T02:52:57.072+0000][1][safepoint    ] Leaving safepoint region
[2019-12-09T02:52:57.072+0000][1][safepoint    ] Total time for which application threads were stopped: 0.0000562 seconds, Stopping threads took: 0.0000150 seconds
[2019-12-09T02:52:57.072+0000][1][safepoint    ] Application time: 0.0001600 seconds
[2019-12-09T02:52:57.072+0000][1][safepoint    ] Entering safepoint region: RevokeBias
[2019-12-09T02:52:57.072+0000][1][safepoint    ] Leaving safepoint region
[2019-12-09T02:52:57.072+0000][1][safepoint    ] Total time for which application threads were stopped: 0.0000469 seconds, Stopping threads took: 0.0000090 seconds
[2019-12-09T02:52:57.072+0000][1][safepoint    ] Application time: 0.0002231 seconds
[2019-12-09T02:52:57.072+0000][1][safepoint    ] Entering safepoint region: BulkRevokeBias
[2019-12-09T02:52:57.072+0000][1][safepoint    ] Leaving safepoint region
[2019-12-09T02:52:57.072+0000][1][safepoint    ] Total time for which application threads were stopped: 0.0001836 seconds, Stopping threads took: 0.0000115 seconds
[2019-12-09T02:52:57.074+0000][1][safepoint    ] Application time: 0.0011739 seconds
[2019-12-09T02:52:57.074+0000][1][safepoint    ] Entering safepoint region: RevokeBias
[2019-12-09T02:52:57.074+0000][1][safepoint    ] Leaving safepoint region
[2019-12-09T02:52:57.074+0000][1][safepoint    ] Total time for which application threads were stopped: 0.0000743 seconds, Stopping threads took: 0.0000126 seconds
[2019-12-09T02:52:57.234+0000][1][safepoint    ] Application time: 0.1604786 seconds
[2019-12-09T02:52:57.234+0000][1][safepoint    ] Entering safepoint region: RevokeBias
[2019-12-09T02:52:57.234+0000][1][safepoint    ] Leaving safepoint region
[2019-12-09T02:52:57.234+0000][1][safepoint    ] Total time for which application threads were stopped: 0.0001719 seconds, Stopping threads took: 0.0000912 seconds
[2019-12-09T02:52:57.235+0000][1][safepoint    ] Application time: 0.0004366 seconds
[2019-12-09T02:52:57.235+0000][1][safepoint    ] Entering safepoint region: RevokeBias
[2019-12-09T02:52:57.235+0000][1][safepoint    ] Leaving safepoint region
[2019-12-09T02:52:57.235+0000][1][safepoint    ] Total time for which application threads were stopped: 0.0000856 seconds, Stopping threads took: 0.0000148 seconds
[2019-12-09T02:52:57.239+0000][1][safepoint    ] Application time: 0.0040938 seconds
[2019-12-09T02:52:57.239+0000][1][safepoint    ] Entering safepoint region: RevokeBias
[2019-12-09T02:52:57.239+0000][1][safepoint    ] Leaving safepoint region
[2019-12-09T02:52:57.239+0000][1][safepoint    ] Total time for which application threads were stopped: 0.0001036 seconds, Stopping threads took: 0.0000425 seconds
[2019-12-09T02:52:57.240+0000][1][safepoint    ] Application time: 0.0010738 seconds
[2019-12-09T02:52:57.240+0000][1][safepoint    ] Entering safepoint region: RevokeBias
[2019-12-09T02:52:57.240+0000][1][safepoint    ] Leaving safepoint region
[2019-12-09T02:52:57.240+0000][1][safepoint    ] Total time for which application threads were stopped: 0.0000577 seconds, Stopping threads took: 0.0000108 seconds
[2019-12-09T02:52:57.242+0000][1][safepoint    ] Application time: 0.0012895 seconds
[2019-12-09T02:52:57.242+0000][1][safepoint    ] Entering safepoint region: RevokeBias
[2019-12-09T02:52:57.242+0000][1][safepoint    ] Leaving safepoint region
[2019-12-09T02:52:57.242+0000][1][safepoint    ] Total time for which application threads were stopped: 0.0000572 seconds, Stopping threads took: 0.0000149 seconds
[2019-12-09T02:52:57.242+0000][1][safepoint    ] Application time: 0.0000483 seconds
[2019-12-09T02:52:57.242+0000][1][safepoint    ] Entering safepoint region: RevokeBias
[2019-12-09T02:52:57.242+0000][1][safepoint    ] Leaving safepoint region
[2019-12-09T02:52:57.242+0000][1][safepoint    ] Total time for which application threads were stopped: 0.0000435 seconds, Stopping threads took: 0.0000095 seconds
[2019-12-09T02:52:57.242+0000][1][safepoint    ] Application time: 0.0000391 seconds
[2019-12-09T02:52:57.242+0000][1][safepoint    ] Entering safepoint region: RevokeBias
[2019-12-09T02:52:57.242+0000][1][safepoint    ] Leaving safepoint region
[2019-12-09T02:52:57.242+0000][1][safepoint    ] Total time for which application threads were stopped: 0.0000476 seconds, Stopping threads took: 0.0000148 seconds
[2019-12-09T02:52:57.284+0000][1][safepoint    ] Application time: 0.0417490 seconds
[2019-12-09T02:52:57.284+0000][1][safepoint    ] Entering safepoint region: RevokeBias
[2019-12-09T02:52:57.284+0000][1][safepoint    ] Leaving safepoint region
[2019-12-09T02:52:57.284+0000][1][safepoint    ] Total time for which application threads were stopped: 0.0000982 seconds, Stopping threads took: 0.0000427 seconds
[2019-12-09T02:52:57.284+0000][1][safepoint    ] Application time: 0.0004248 seconds
[2019-12-09T02:52:57.284+0000][1][safepoint    ] Entering safepoint region: RevokeBias
[2019-12-09T02:52:57.284+0000][1][safepoint    ] Leaving safepoint region
[2019-12-09T02:52:57.284+0000][1][safepoint    ] Total time for which application threads were stopped: 0.0000554 seconds, Stopping threads took: 0.0000108 seconds
[2019-12-09T02:52:57.327+0000][1][safepoint    ] Application time: 0.0429270 seconds
[2019-12-09T02:52:57.327+0000][1][safepoint    ] Entering safepoint region: RevokeBias
[2019-12-09T02:52:57.327+0000][1][safepoint    ] Leaving safepoint region
[2019-12-09T02:52:57.327+0000][1][safepoint    ] Total time for which application threads were stopped: 0.0000923 seconds, Stopping threads took: 0.0000166 seconds
[2019-12-09T02:52:57.398+0000][1][safepoint    ] Application time: 0.0707431 seconds
[2019-12-09T02:52:57.398+0000][1][safepoint    ] Entering safepoint region: RevokeBias
[2019-12-09T02:52:57.398+0000][1][safepoint    ] Leaving safepoint region
[2019-12-09T02:52:57.398+0000][1][safepoint    ] Total time for which application threads were stopped: 0.0000949 seconds, Stopping threads took: 0.0000179 seconds
[2019-12-09T02:52:57.401+0000][1][safepoint    ] Application time: 0.0027006 seconds
[2019-12-09T02:52:57.401+0000][1][safepoint    ] Entering safepoint region: RevokeBias
[2019-12-09T02:52:57.401+0000][1][safepoint    ] Leaving safepoint region
[2019-12-09T02:52:57.401+0000][1][safepoint    ] Total time for which application threads were stopped: 0.0000627 seconds, Stopping threads took: 0.0000124 seconds
[2019-12-09T02:52:57.402+0000][1][safepoint    ] Application time: 0.0012181 seconds
[2019-12-09T02:52:57.402+0000][1][safepoint    ] Entering safepoint region: RevokeBias
[2019-12-09T02:52:57.402+0000][1][safepoint    ] Leaving safepoint region
[2019-12-09T02:52:57.402+0000][1][safepoint    ] Total time for which application threads were stopped: 0.0000646 seconds, Stopping threads took: 0.0000155 seconds
[2019-12-09T02:52:57.524+0000][1][safepoint    ] Application time: 0.1211527 seconds
[2019-12-09T02:52:57.524+0000][1][safepoint    ] Entering safepoint region: RevokeBias
[2019-12-09T02:52:57.524+0000][1][safepoint    ] Leaving safepoint region
[2019-12-09T02:52:57.524+0000][1][safepoint    ] Total time for which application threads were stopped: 0.0000904 seconds, Stopping threads took: 0.0000173 seconds
[2019-12-09T02:52:57.534+0000][1][safepoint    ] Application time: 0.0100704 seconds
[2019-12-09T02:52:57.534+0000][1][safepoint    ] Entering safepoint region: RevokeBias
[2019-12-09T02:52:57.534+0000][1][safepoint    ] Leaving safepoint region
[2019-12-09T02:52:57.534+0000][1][safepoint    ] Total time for which application threads were stopped: 0.0000652 seconds, Stopping threads took: 0.0000148 seconds
[2019-12-09T02:52:57.655+0000][1][safepoint    ] Application time: 0.1209834 seconds
[2019-12-09T02:52:57.655+0000][1][safepoint    ] Entering safepoint region: RevokeBias
[2019-12-09T02:52:57.655+0000][1][safepoint    ] Leaving safepoint region
[2019-12-09T02:52:57.655+0000][1][safepoint    ] Total time for which application threads were stopped: 0.0000947 seconds, Stopping threads took: 0.0000205 seconds
[2019-12-09T02:52:57.655+0000][1][safepoint    ] Application time: 0.0003884 seconds
[2019-12-09T02:52:57.655+0000][1][safepoint    ] Entering safepoint region: RevokeBias
[2019-12-09T02:52:57.655+0000][1][safepoint    ] Leaving safepoint region
[2019-12-09T02:52:57.655+0000][1][safepoint    ] Total time for which application threads were stopped: 0.0000670 seconds, Stopping threads took: 0.0000190 seconds
[2019-12-09T02:52:58.003+0000][1][safepoint    ] Application time: 0.3470675 seconds
[2019-12-09T02:52:58.003+0000][1][safepoint    ] Entering safepoint region: RevokeBias
[2019-12-09T02:52:58.003+0000][1][safepoint    ] Leaving safepoint region
[2019-12-09T02:52:58.003+0000][1][safepoint    ] Total time for which application threads were stopped: 0.0000983 seconds, Stopping threads took: 0.0000186 seconds
[2019-12-09T02:52:58.003+0000][1][safepoint    ] Application time: 0.0004193 seconds
[2019-12-09T02:52:58.003+0000][1][safepoint    ] Entering safepoint region: RevokeBias
[2019-12-09T02:52:58.003+0000][1][safepoint    ] Leaving safepoint region
[2019-12-09T02:52:58.003+0000][1][safepoint    ] Total time for which application threads were stopped: 0.0000648 seconds, Stopping threads took: 0.0000140 seconds
[2019-12-09T02:52:58.241+0000][1][safepoint    ] Application time: 0.2374348 seconds
[2019-12-09T02:52:58.241+0000][1][safepoint    ] Entering safepoint region: RevokeBias
[2019-12-09T02:52:58.241+0000][1][safepoint    ] Leaving safepoint region
[2019-12-09T02:52:58.241+0000][1][safepoint    ] Total time for which application threads were stopped: 0.0001023 seconds, Stopping threads took: 0.0000154 seconds
[2019-12-09T02:52:58.256+0000][1][safepoint    ] Application time: 0.0153774 seconds
[2019-12-09T02:52:58.256+0000][1][safepoint    ] Entering safepoint region: RevokeBias
[2019-12-09T02:52:58.256+0000][1][safepoint    ] Leaving safepoint region
[2019-12-09T02:52:58.256+0000][1][safepoint    ] Total time for which application threads were stopped: 0.0001519 seconds, Stopping threads took: 0.0000891 seconds
[2019-12-09T02:52:58.257+0000][1][safepoint    ] Application time: 0.0002801 seconds
[2019-12-09T02:52:58.257+0000][1][safepoint    ] Entering safepoint region: RevokeBias
[2019-12-09T02:52:58.257+0000][1][safepoint    ] Leaving safepoint region
[2019-12-09T02:52:58.257+0000][1][safepoint    ] Total time for which application threads were stopped: 0.0000724 seconds, Stopping threads took: 0.0000138 seconds
[2019-12-09T02:52:58.257+0000][1][safepoint    ] Application time: 0.0003442 seconds
[2019-12-09T02:52:58.257+0000][1][safepoint    ] Entering safepoint region: RevokeBias
[2019-12-09T02:52:58.257+0000][1][safepoint    ] Leaving safepoint region
[2019-12-09T02:52:58.257+0000][1][safepoint    ] Total time for which application threads were stopped: 0.0000597 seconds, Stopping threads took: 0.0000121 seconds
[2019-12-09T02:52:58.259+0000][1][safepoint    ] Application time: 0.0017899 seconds
[2019-12-09T02:52:58.259+0000][1][safepoint    ] Entering safepoint region: RevokeBias
[2019-12-09T02:52:58.259+0000][1][safepoint    ] Leaving safepoint region
[2019-12-09T02:52:58.259+0000][1][safepoint    ] Total time for which application threads were stopped: 0.0000549 seconds, Stopping threads took: 0.0000112 seconds
[2019-12-09T02:52:58.259+0000][1][safepoint    ] Application time: 0.0001809 seconds
[2019-12-09T02:52:58.259+0000][1][safepoint    ] Entering safepoint region: RevokeBias
[2019-12-09T02:52:58.259+0000][1][safepoint    ] Leaving safepoint region
[2019-12-09T02:52:58.259+0000][1][safepoint    ] Total time for which application threads were stopped: 0.0000485 seconds, Stopping threads took: 0.0000087 seconds
[2019-12-09T02:52:58.259+0000][1][safepoint    ] Application time: 0.0002385 seconds
[2019-12-09T02:52:58.259+0000][1][safepoint    ] Entering safepoint region: RevokeBias
[2019-12-09T02:52:58.260+0000][1][safepoint    ] Leaving safepoint region
[2019-12-09T02:52:58.260+0000][1][safepoint    ] Total time for which application threads were stopped: 0.0000517 seconds, Stopping threads took: 0.0000108 seconds
[2019-12-09T02:52:58.264+0000][1][safepoint    ] Application time: 0.0048556 seconds
[2019-12-09T02:52:58.264+0000][1][safepoint    ] Entering safepoint region: RevokeBias
[2019-12-09T02:52:58.264+0000][1][safepoint    ] Leaving safepoint region
[2019-12-09T02:52:58.264+0000][1][safepoint    ] Total time for which application threads were stopped: 0.0000593 seconds, Stopping threads took: 0.0000158 seconds
[2019-12-09T02:52:58.279+0000][1][safepoint    ] Application time: 0.0149454 seconds
[2019-12-09T02:52:58.279+0000][1][safepoint    ] Entering safepoint region: RevokeBias
[2019-12-09T02:52:58.279+0000][1][safepoint    ] Leaving safepoint region
[2019-12-09T02:52:58.279+0000][1][safepoint    ] Total time for which application threads were stopped: 0.0000517 seconds, Stopping threads took: 0.0000119 seconds
[2019-12-09T02:52:58.292+0000][1][safepoint    ] Application time: 0.0125687 seconds
[2019-12-09T02:52:58.292+0000][1][safepoint    ] Entering safepoint region: RevokeBias
[2019-12-09T02:52:58.292+0000][1][safepoint    ] Leaving safepoint region
[2019-12-09T02:52:58.292+0000][1][safepoint    ] Total time for which application threads were stopped: 0.0000608 seconds, Stopping threads took: 0.0000130 seconds
[2019-12-09T02:52:58.293+0000][1][safepoint    ] Application time: 0.0010793 seconds
[2019-12-09T02:52:58.293+0000][1][safepoint    ] Entering safepoint region: RevokeBias
[2019-12-09T02:52:58.293+0000][1][safepoint    ] Leaving safepoint region
[2019-12-09T02:52:58.293+0000][1][safepoint    ] Total time for which application threads were stopped: 0.0000594 seconds, Stopping threads took: 0.0000124 seconds
[2019-12-09T02:52:58.294+0000][1][safepoint    ] Application time: 0.0002174 seconds
[2019-12-09T02:52:58.294+0000][1][safepoint    ] Entering safepoint region: RevokeBias
[2019-12-09T02:52:58.294+0000][1][safepoint    ] Leaving safepoint region
[2019-12-09T02:52:58.294+0000][1][safepoint    ] Total time for which application threads were stopped: 0.0000498 seconds, Stopping threads took: 0.0000090 seconds
[2019-12-09T02:52:58.294+0000][1][safepoint    ] Application time: 0.0002637 seconds
[2019-12-09T02:52:58.294+0000][1][safepoint    ] Entering safepoint region: RevokeBias
[2019-12-09T02:52:58.294+0000][1][safepoint    ] Leaving safepoint region
[2019-12-09T02:52:58.294+0000][1][safepoint    ] Total time for which application threads were stopped: 0.0000546 seconds, Stopping threads took: 0.0000114 seconds
[2019-12-09T02:52:58.301+0000][1][safepoint    ] Application time: 0.0069376 seconds
[2019-12-09T02:52:58.301+0000][1][safepoint    ] Entering safepoint region: RevokeBias
[2019-12-09T02:52:58.301+0000][1][safepoint    ] Leaving safepoint region
[2019-12-09T02:52:58.301+0000][1][safepoint    ] Total time for which application threads were stopped: 0.0000574 seconds, Stopping threads took: 0.0000117 seconds
[2019-12-09T02:52:58.301+0000][1][safepoint    ] Application time: 0.0003445 seconds
[2019-12-09T02:52:58.301+0000][1][safepoint    ] Entering safepoint region: RevokeBias
[2019-12-09T02:52:58.301+0000][1][safepoint    ] Leaving safepoint region
[2019-12-09T02:52:58.301+0000][1][safepoint    ] Total time for which application threads were stopped: 0.0000493 seconds, Stopping threads took: 0.0000099 seconds
[2019-12-09T02:52:58.339+0000][1][safepoint    ] Application time: 0.0377542 seconds
[2019-12-09T02:52:58.339+0000][1][safepoint    ] Entering safepoint region: RevokeBias
[2019-12-09T02:52:58.339+0000][1][safepoint    ] Leaving safepoint region
[2019-12-09T02:52:58.339+0000][1][safepoint    ] Total time for which application threads were stopped: 0.0000771 seconds, Stopping threads took: 0.0000166 seconds
[2019-12-09T02:52:58.340+0000][1][safepoint    ] Application time: 0.0004709 seconds
[2019-12-09T02:52:58.340+0000][1][safepoint    ] Entering safepoint region: BulkRevokeBias
[2019-12-09T02:52:58.340+0000][1][safepoint    ] Leaving safepoint region
[2019-12-09T02:52:58.340+0000][1][safepoint    ] Total time for which application threads were stopped: 0.0003208 seconds, Stopping threads took: 0.0000127 seconds
[2019-12-09T02:52:58.340+0000][1][safepoint    ] Application time: 0.0001978 seconds
[2019-12-09T02:52:58.340+0000][1][safepoint    ] Entering safepoint region: RevokeBias
[2019-12-09T02:52:58.340+0000][1][safepoint    ] Leaving safepoint region
[2019-12-09T02:52:58.340+0000][1][safepoint    ] Total time for which application threads were stopped: 0.0000595 seconds, Stopping threads took: 0.0000165 seconds
[2019-12-09T02:52:58.351+0000][1][safepoint    ] Application time: 0.0103039 seconds
[2019-12-09T02:52:58.351+0000][1][safepoint    ] Entering safepoint region: RevokeBias
[2019-12-09T02:52:58.351+0000][1][safepoint    ] Leaving safepoint region
[2019-12-09T02:52:58.351+0000][1][safepoint    ] Total time for which application threads were stopped: 0.0000609 seconds, Stopping threads took: 0.0000167 seconds
[2019-12-09T02:52:58.351+0000][1][safepoint    ] Application time: 0.0002957 seconds
[2019-12-09T02:52:58.351+0000][1][safepoint    ] Entering safepoint region: RevokeBias
[2019-12-09T02:52:58.351+0000][1][safepoint    ] Leaving safepoint region
[2019-12-09T02:52:58.351+0000][1][safepoint    ] Total time for which application threads were stopped: 0.0000523 seconds, Stopping threads took: 0.0000123 seconds
[2019-12-09T02:52:58.391+0000][1][safepoint    ] Application time: 0.0393822 seconds
[2019-12-09T02:52:58.391+0000][1][safepoint    ] Entering safepoint region: RevokeBias
[2019-12-09T02:52:58.391+0000][1][safepoint    ] Leaving safepoint region
[2019-12-09T02:52:58.391+0000][1][safepoint    ] Total time for which application threads were stopped: 0.0000662 seconds, Stopping threads took: 0.0000141 seconds
[2019-12-09T02:52:58.651+0000][1][safepoint    ] Application time: 0.2599171 seconds
[2019-12-09T02:52:58.651+0000][1][safepoint    ] Entering safepoint region: RevokeBias
[2019-12-09T02:52:58.651+0000][1][safepoint    ] Leaving safepoint region
[2019-12-09T02:52:58.651+0000][1][safepoint    ] Total time for which application threads were stopped: 0.0000991 seconds, Stopping threads took: 0.0000161 seconds
[2019-12-09T02:52:58.651+0000][1][safepoint    ] Application time: 0.0000791 seconds
[2019-12-09T02:52:58.651+0000][1][safepoint    ] Entering safepoint region: RevokeBias
[2019-12-09T02:52:58.651+0000][1][safepoint    ] Leaving safepoint region
[2019-12-09T02:52:58.651+0000][1][safepoint    ] Total time for which application threads were stopped: 0.0000537 seconds, Stopping threads took: 0.0000093 seconds
[2019-12-09T02:52:58.692+0000][1][safepoint    ] Application time: 0.0416381 seconds
[2019-12-09T02:52:58.692+0000][1][safepoint    ] Entering safepoint region: RevokeBias
[2019-12-09T02:52:58.693+0000][1][safepoint    ] Leaving safepoint region
[2019-12-09T02:52:58.693+0000][1][safepoint    ] Total time for which application threads were stopped: 0.0000973 seconds, Stopping threads took: 0.0000161 seconds
[2019-12-09T02:52:58.693+0000][1][safepoint    ] Application time: 0.0000673 seconds
[2019-12-09T02:52:58.693+0000][1][safepoint    ] Entering safepoint region: RevokeBias
[2019-12-09T02:52:58.693+0000][1][safepoint    ] Leaving safepoint region
[2019-12-09T02:52:58.693+0000][1][safepoint    ] Total time for which application threads were stopped: 0.0000739 seconds, Stopping threads took: 0.0000284 seconds
[2019-12-09T02:52:58.810+0000][1][safepoint    ] Application time: 0.1175429 seconds
[2019-12-09T02:52:58.810+0000][1][safepoint    ] Entering safepoint region: RevokeBias
[2019-12-09T02:52:58.810+0000][1][safepoint    ] Leaving safepoint region
[2019-12-09T02:52:58.810+0000][1][safepoint    ] Total time for which application threads were stopped: 0.0000862 seconds, Stopping threads took: 0.0000182 seconds
[2019-12-09T02:52:58.975+0000][1][safepoint    ] Application time: 0.1648913 seconds
[2019-12-09T02:52:58.975+0000][1][safepoint    ] Entering safepoint region: BulkRevokeBias
[2019-12-09T02:52:58.976+0000][1][safepoint    ] Leaving safepoint region
[2019-12-09T02:52:58.976+0000][1][safepoint    ] Total time for which application threads were stopped: 0.0004453 seconds, Stopping threads took: 0.0000182 seconds
[2019-12-09T02:52:59.362+0000][1][safepoint    ] Application time: 0.3859331 seconds
[2019-12-09T02:52:59.409+0000][1][safepoint    ] Entering safepoint region: RevokeBias
[2019-12-09T02:52:59.409+0000][1][safepoint    ] Leaving safepoint region
[2019-12-09T02:52:59.409+0000][1][safepoint    ] Total time for which application threads were stopped: 0.0470926 seconds, Stopping threads took: 0.0469840 seconds
[2019-12-09T02:52:59.409+0000][1][safepoint    ] Application time: 0.0005252 seconds
[2019-12-09T02:52:59.409+0000][1][safepoint    ] Entering safepoint region: RevokeBias
[2019-12-09T02:52:59.409+0000][1][safepoint    ] Leaving safepoint region
[2019-12-09T02:52:59.409+0000][1][safepoint    ] Total time for which application threads were stopped: 0.0000880 seconds, Stopping threads took: 0.0000163 seconds
[2019-12-09T02:52:59.411+0000][1][safepoint    ] Application time: 0.0014383 seconds
[2019-12-09T02:52:59.411+0000][1][safepoint    ] Entering safepoint region: RevokeBias
[2019-12-09T02:52:59.411+0000][1][safepoint    ] Leaving safepoint region
[2019-12-09T02:52:59.411+0000][1][safepoint    ] Total time for which application threads were stopped: 0.0001044 seconds, Stopping threads took: 0.0000417 seconds
[2019-12-09T02:52:59.417+0000][1][safepoint    ] Application time: 0.0055899 seconds
[2019-12-09T02:52:59.417+0000][1][safepoint    ] Entering safepoint region: RevokeBias
[2019-12-09T02:52:59.417+0000][1][safepoint    ] Leaving safepoint region
[2019-12-09T02:52:59.417+0000][1][safepoint    ] Total time for which application threads were stopped: 0.0001726 seconds, Stopping threads took: 0.0000820 seconds
[2019-12-09T02:52:59.417+0000][1][safepoint    ] Application time: 0.0002182 seconds
[2019-12-09T02:52:59.417+0000][1][safepoint    ] Entering safepoint region: RevokeBias
[2019-12-09T02:52:59.417+0000][1][safepoint    ] Leaving safepoint region
[2019-12-09T02:52:59.417+0000][1][safepoint    ] Total time for which application threads were stopped: 0.0000613 seconds, Stopping threads took: 0.0000106 seconds
[2019-12-09T02:52:59.418+0000][1][safepoint    ] Application time: 0.0011490 seconds
[2019-12-09T02:52:59.418+0000][1][safepoint    ] Entering safepoint region: RevokeBias
[2019-12-09T02:52:59.418+0000][1][safepoint    ] Leaving safepoint region
[2019-12-09T02:52:59.418+0000][1][safepoint    ] Total time for which application threads were stopped: 0.0000673 seconds, Stopping threads took: 0.0000129 seconds
[2019-12-09T02:52:59.420+0000][1][safepoint    ] Application time: 0.0012701 seconds
[2019-12-09T02:52:59.420+0000][1][safepoint    ] Entering safepoint region: RevokeBias
[2019-12-09T02:52:59.420+0000][1][safepoint    ] Leaving safepoint region
[2019-12-09T02:52:59.420+0000][1][safepoint    ] Total time for which application threads were stopped: 0.0000772 seconds, Stopping threads took: 0.0000121 seconds
[2019-12-09T02:52:59.420+0000][1][safepoint    ] Application time: 0.0001921 seconds
[2019-12-09T02:52:59.420+0000][1][safepoint    ] Entering safepoint region: RevokeBias
[2019-12-09T02:52:59.420+0000][1][safepoint    ] Leaving safepoint region
[2019-12-09T02:52:59.420+0000][1][safepoint    ] Total time for which application threads were stopped: 0.0000609 seconds, Stopping threads took: 0.0000107 seconds
[2019-12-09T02:52:59.421+0000][1][safepoint    ] Application time: 0.0009161 seconds
[2019-12-09T02:52:59.421+0000][1][safepoint    ] Entering safepoint region: RevokeBias
[2019-12-09T02:52:59.421+0000][1][safepoint    ] Leaving safepoint region
[2019-12-09T02:52:59.421+0000][1][safepoint    ] Total time for which application threads were stopped: 0.0000778 seconds, Stopping threads took: 0.0000119 seconds
[2019-12-09T02:52:59.422+0000][1][safepoint    ] Application time: 0.0004743 seconds
[2019-12-09T02:52:59.422+0000][1][safepoint    ] Entering safepoint region: RevokeBias
[2019-12-09T02:52:59.422+0000][1][safepoint    ] Leaving safepoint region
[2019-12-09T02:52:59.422+0000][1][safepoint    ] Total time for which application threads were stopped: 0.0000483 seconds, Stopping threads took: 0.0000104 seconds
[2019-12-09T02:52:59.510+0000][1][safepoint    ] Application time: 0.0888435 seconds
[2019-12-09T02:52:59.511+0000][1][safepoint    ] Entering safepoint region: RevokeBias
[2019-12-09T02:52:59.511+0000][1][safepoint    ] Leaving safepoint region
[2019-12-09T02:52:59.511+0000][1][safepoint    ] Total time for which application threads were stopped: 0.0001062 seconds, Stopping threads took: 0.0000248 seconds
[2019-12-09T02:52:59.544+0000][1][safepoint    ] Application time: 0.0332640 seconds
[2019-12-09T02:52:59.544+0000][1][safepoint    ] Entering safepoint region: RevokeBias
[2019-12-09T02:52:59.544+0000][1][safepoint    ] Leaving safepoint region
[2019-12-09T02:52:59.544+0000][1][safepoint    ] Total time for which application threads were stopped: 0.0000965 seconds, Stopping threads took: 0.0000160 seconds
[2019-12-09T02:52:59.544+0000][1][safepoint    ] Application time: 0.0000469 seconds
[2019-12-09T02:52:59.544+0000][1][safepoint    ] Entering safepoint region: RevokeBias
[2019-12-09T02:52:59.544+0000][1][safepoint    ] Leaving safepoint region
[2019-12-09T02:52:59.544+0000][1][safepoint    ] Total time for which application threads were stopped: 0.0000470 seconds, Stopping threads took: 0.0000083 seconds
[2019-12-09T02:52:59.544+0000][1][safepoint    ] Application time: 0.0000387 seconds
[2019-12-09T02:52:59.544+0000][1][safepoint    ] Entering safepoint region: RevokeBias
[2019-12-09T02:52:59.544+0000][1][safepoint    ] Leaving safepoint region
[2019-12-09T02:52:59.544+0000][1][safepoint    ] Total time for which application threads were stopped: 0.0000461 seconds, Stopping threads took: 0.0000087 seconds
[2019-12-09T02:52:59.546+0000][1][safepoint    ] Application time: 0.0015609 seconds
[2019-12-09T02:52:59.546+0000][1][safepoint    ] Entering safepoint region: RevokeBias
[2019-12-09T02:52:59.546+0000][1][safepoint    ] Leaving safepoint region
[2019-12-09T02:52:59.546+0000][1][safepoint    ] Total time for which application threads were stopped: 0.0000932 seconds, Stopping threads took: 0.0000154 seconds
[2019-12-09T02:52:59.546+0000][1][safepoint    ] Application time: 0.0001663 seconds
[2019-12-09T02:52:59.546+0000][1][safepoint    ] Entering safepoint region: RevokeBias
[2019-12-09T02:52:59.546+0000][1][safepoint    ] Leaving safepoint region
[2019-12-09T02:52:59.546+0000][1][safepoint    ] Total time for which application threads were stopped: 0.0000582 seconds, Stopping threads took: 0.0000094 seconds
[2019-12-09T02:52:59.546+0000][1][safepoint    ] Application time: 0.0000391 seconds
[2019-12-09T02:52:59.546+0000][1][safepoint    ] Entering safepoint region: RevokeBias
[2019-12-09T02:52:59.546+0000][1][safepoint    ] Leaving safepoint region
[2019-12-09T02:52:59.546+0000][1][safepoint    ] Total time for which application threads were stopped: 0.0000444 seconds, Stopping threads took: 0.0000088 seconds
[2019-12-09T02:52:59.994+0000][1][safepoint    ] Application time: 0.4472606 seconds
[2019-12-09T02:52:59.994+0000][1][safepoint    ] Entering safepoint region: RevokeBias
[2019-12-09T02:52:59.994+0000][1][safepoint    ] Leaving safepoint region
[2019-12-09T02:52:59.994+0000][1][safepoint    ] Total time for which application threads were stopped: 0.0001017 seconds, Stopping threads took: 0.0000179 seconds
[2019-12-09T02:53:00.091+0000][1][safepoint    ] Application time: 0.0971070 seconds
[2019-12-09T02:53:00.091+0000][1][safepoint    ] Entering safepoint region: RevokeBias
[2019-12-09T02:53:00.091+0000][1][safepoint    ] Leaving safepoint region
[2019-12-09T02:53:00.091+0000][1][safepoint    ] Total time for which application threads were stopped: 0.0001433 seconds, Stopping threads took: 0.0000506 seconds
[2019-12-09T02:53:00.092+0000][1][safepoint    ] Application time: 0.0012920 seconds
[2019-12-09T02:53:00.096+0000][1][safepoint    ] Entering safepoint region: RevokeBias
[2019-12-09T02:53:00.096+0000][1][safepoint    ] Leaving safepoint region
[2019-12-09T02:53:00.096+0000][1][safepoint    ] Total time for which application threads were stopped: 0.0041200 seconds, Stopping threads took: 0.0040268 seconds
[2019-12-09T02:53:00.098+0000][1][safepoint    ] Application time: 0.0017159 seconds
[2019-12-09T02:53:00.104+0000][1][safepoint    ] Entering safepoint region: RevokeBias
[2019-12-09T02:53:00.104+0000][1][safepoint    ] Leaving safepoint region
[2019-12-09T02:53:00.104+0000][1][safepoint    ] Total time for which application threads were stopped: 0.0057863 seconds, Stopping threads took: 0.0057005 seconds
[2019-12-09T02:53:00.107+0000][1][safepoint    ] Application time: 0.0030728 seconds
[2019-12-09T02:53:00.107+0000][1][safepoint    ] Entering safepoint region: RevokeBias
[2019-12-09T02:53:00.107+0000][1][safepoint    ] Leaving safepoint region
[2019-12-09T02:53:00.107+0000][1][safepoint    ] Total time for which application threads were stopped: 0.0004074 seconds, Stopping threads took: 0.0000119 seconds
[2019-12-09T02:53:00.182+0000][1][safepoint    ] Application time: 0.0744087 seconds
[2019-12-09T02:53:00.182+0000][1][safepoint    ] Entering safepoint region: RevokeBias
[2019-12-09T02:53:00.182+0000][1][safepoint    ] Leaving safepoint region
[2019-12-09T02:53:00.182+0000][1][safepoint    ] Total time for which application threads were stopped: 0.0001008 seconds, Stopping threads took: 0.0000197 seconds
[2019-12-09T02:53:00.219+0000][1][safepoint    ] Application time: 0.0368906 seconds
[2019-12-09T02:53:00.248+0000][1][safepoint    ] Entering safepoint region: BulkRevokeBias
[2019-12-09T02:53:00.249+0000][1][safepoint    ] Leaving safepoint region
[2019-12-09T02:53:00.249+0000][1][safepoint    ] Total time for which application threads were stopped: 0.0302835 seconds, Stopping threads took: 0.0295282 seconds
[2019-12-09T02:53:00.904+0000][1][safepoint    ] Application time: 0.6548431 seconds
[2019-12-09T02:53:00.904+0000][1][safepoint    ] Entering safepoint region: RevokeBias
[2019-12-09T02:53:00.904+0000][1][safepoint    ] Leaving safepoint region
[2019-12-09T02:53:00.904+0000][1][safepoint    ] Total time for which application threads were stopped: 0.0001018 seconds, Stopping threads took: 0.0000193 seconds
[2019-12-09T02:53:01.029+0000][1][safepoint    ] Application time: 0.1250997 seconds
[2019-12-09T02:53:01.029+0000][1][safepoint    ] Entering safepoint region: RevokeBias
[2019-12-09T02:53:01.029+0000][1][safepoint    ] Leaving safepoint region
[2019-12-09T02:53:01.029+0000][1][safepoint    ] Total time for which application threads were stopped: 0.0001411 seconds, Stopping threads took: 0.0000567 seconds
[2019-12-09T02:53:01.880+0000][1][safepoint    ] Application time: 0.8503677 seconds
[2019-12-09T02:53:01.890+0000][1][safepoint    ] Entering safepoint region: RevokeBias
[2019-12-09T02:53:01.890+0000][1][safepoint    ] Leaving safepoint region
[2019-12-09T02:53:01.890+0000][1][safepoint    ] Total time for which application threads were stopped: 0.0103184 seconds, Stopping threads took: 0.0102297 seconds
[2019-12-09T02:53:01.901+0000][1][safepoint    ] Application time: 0.0108641 seconds
[2019-12-09T02:53:01.901+0000][1][safepoint    ] Entering safepoint region: RevokeBias
[2019-12-09T02:53:01.901+0000][1][safepoint    ] Leaving safepoint region
[2019-12-09T02:53:01.901+0000][1][safepoint    ] Total time for which application threads were stopped: 0.0001602 seconds, Stopping threads took: 0.0000709 seconds
[2019-12-09T02:53:01.910+0000][1][safepoint    ] Application time: 0.0088639 seconds
[2019-12-09T02:53:01.910+0000][1][safepoint    ] Entering safepoint region: RevokeBias
[2019-12-09T02:53:01.910+0000][1][safepoint    ] Leaving safepoint region
[2019-12-09T02:53:01.910+0000][1][safepoint    ] Total time for which application threads were stopped: 0.0001266 seconds, Stopping threads took: 0.0000598 seconds
[2019-12-09T02:53:01.910+0000][1][safepoint    ] Application time: 0.0000748 seconds
[2019-12-09T02:53:01.910+0000][1][safepoint    ] Entering safepoint region: RevokeBias
[2019-12-09T02:53:01.910+0000][1][safepoint    ] Leaving safepoint region
[2019-12-09T02:53:01.910+0000][1][safepoint    ] Total time for which application threads were stopped: 0.0000447 seconds, Stopping threads took: 0.0000090 seconds
[2019-12-09T02:53:01.911+0000][1][safepoint    ] Application time: 0.0001953 seconds
[2019-12-09T02:53:01.911+0000][1][safepoint    ] Entering safepoint region: RevokeBias
[2019-12-09T02:53:01.911+0000][1][safepoint    ] Leaving safepoint region
[2019-12-09T02:53:01.911+0000][1][safepoint    ] Total time for which application threads were stopped: 0.0000634 seconds, Stopping threads took: 0.0000133 seconds
[2019-12-09T02:53:01.912+0000][1][safepoint    ] Application time: 0.0015219 seconds
[2019-12-09T02:53:01.912+0000][1][safepoint    ] Entering safepoint region: RevokeBias
[2019-12-09T02:53:01.912+0000][1][safepoint    ] Leaving safepoint region
[2019-12-09T02:53:01.912+0000][1][safepoint    ] Total time for which application threads were stopped: 0.0000624 seconds, Stopping threads took: 0.0000142 seconds
[2019-12-09T02:53:01.921+0000][1][safepoint    ] Application time: 0.0087368 seconds
[2019-12-09T02:53:01.921+0000][1][safepoint    ] Entering safepoint region: RevokeBias
[2019-12-09T02:53:01.921+0000][1][safepoint    ] Leaving safepoint region
[2019-12-09T02:53:01.921+0000][1][safepoint    ] Total time for which application threads were stopped: 0.0000639 seconds, Stopping threads took: 0.0000148 seconds
[2019-12-09T02:53:01.945+0000][1][safepoint    ] Application time: 0.0241297 seconds
[2019-12-09T02:53:01.945+0000][1][safepoint    ] Entering safepoint region: BulkRevokeBias
[2019-12-09T02:53:01.946+0000][1][safepoint    ] Leaving safepoint region
[2019-12-09T02:53:01.946+0000][1][safepoint    ] Total time for which application threads were stopped: 0.0004505 seconds, Stopping threads took: 0.0000183 seconds
[2019-12-09T02:53:01.959+0000][1][safepoint    ] Application time: 0.0129885 seconds
[2019-12-09T02:53:01.959+0000][1][safepoint    ] Entering safepoint region: RevokeBias
[2019-12-09T02:53:01.959+0000][1][safepoint    ] Leaving safepoint region
[2019-12-09T02:53:01.959+0000][1][safepoint    ] Total time for which application threads were stopped: 0.0000938 seconds, Stopping threads took: 0.0000204 seconds
[2019-12-09T02:53:02.431+0000][1][safepoint    ] Application time: 0.4720979 seconds
[2019-12-09T02:53:02.431+0000][1][safepoint    ] Entering safepoint region: Deoptimize
[2019-12-09T02:53:02.432+0000][1][safepoint    ] Leaving safepoint region
[2019-12-09T02:53:02.432+0000][1][safepoint    ] Total time for which application threads were stopped: 0.0007687 seconds, Stopping threads took: 0.0000190 seconds
[2019-12-09T02:53:03.147+0000][1][safepoint    ] Application time: 0.7149043 seconds
[2019-12-09T02:53:03.147+0000][1][safepoint    ] Entering safepoint region: BulkRevokeBias
[2019-12-09T02:53:03.147+0000][1][safepoint    ] Leaving safepoint region
[2019-12-09T02:53:03.147+0000][1][safepoint    ] Total time for which application threads were stopped: 0.0004998 seconds, Stopping threads took: 0.0000190 seconds
[2019-12-09T02:53:03.184+0000][1][safepoint    ] Application time: 0.0370681 seconds
[2019-12-09T02:53:03.184+0000][1][safepoint    ] Entering safepoint region: RevokeBias
[2019-12-09T02:53:03.184+0000][1][safepoint    ] Leaving safepoint region
[2019-12-09T02:53:03.184+0000][1][safepoint    ] Total time for which application threads were stopped: 0.0000926 seconds, Stopping threads took: 0.0000204 seconds
[2019-12-09T02:53:03.185+0000][1][safepoint    ] Application time: 0.0003094 seconds
[2019-12-09T02:53:03.185+0000][1][safepoint    ] Entering safepoint region: RevokeBias
[2019-12-09T02:53:03.185+0000][1][safepoint    ] Leaving safepoint region
[2019-12-09T02:53:03.185+0000][1][safepoint    ] Total time for which application threads were stopped: 0.0000816 seconds, Stopping threads took: 0.0000173 seconds
[2019-12-09T02:53:03.248+0000][1][safepoint    ] Application time: 0.0626227 seconds
[2019-12-09T02:53:03.248+0000][1][safepoint    ] Entering safepoint region: RevokeBias
[2019-12-09T02:53:03.248+0000][1][safepoint    ] Leaving safepoint region
[2019-12-09T02:53:03.248+0000][1][safepoint    ] Total time for which application threads were stopped: 0.0000963 seconds, Stopping threads took: 0.0000195 seconds
[2019-12-09T02:53:03.248+0000][1][safepoint    ] Application time: 0.0000921 seconds
[2019-12-09T02:53:03.248+0000][1][safepoint    ] Entering safepoint region: RevokeBias
[2019-12-09T02:53:03.248+0000][1][safepoint    ] Leaving safepoint region
[2019-12-09T02:53:03.248+0000][1][safepoint    ] Total time for which application threads were stopped: 0.0000517 seconds, Stopping threads took: 0.0000101 seconds
[2019-12-09T02:53:03.250+0000][1][safepoint    ] Application time: 0.0023107 seconds
[2019-12-09T02:53:03.250+0000][1][safepoint    ] Entering safepoint region: RevokeBias
[2019-12-09T02:53:03.250+0000][1][safepoint    ] Leaving safepoint region
[2019-12-09T02:53:03.250+0000][1][safepoint    ] Total time for which application threads were stopped: 0.0000828 seconds, Stopping threads took: 0.0000184 seconds
[2019-12-09T02:53:03.250+0000][1][safepoint    ] Application time: 0.0000661 seconds
[2019-12-09T02:53:03.250+0000][1][safepoint    ] Entering safepoint region: RevokeBias
[2019-12-09T02:53:03.250+0000][1][safepoint    ] Leaving safepoint region
[2019-12-09T02:53:03.250+0000][1][safepoint    ] Total time for which application threads were stopped: 0.0000524 seconds, Stopping threads took: 0.0000103 seconds
[2019-12-09T02:53:03.251+0000][1][safepoint    ] Application time: 0.0003668 seconds
[2019-12-09T02:53:03.251+0000][1][safepoint    ] Entering safepoint region: RevokeBias
[2019-12-09T02:53:03.251+0000][1][safepoint    ] Leaving safepoint region
[2019-12-09T02:53:03.251+0000][1][safepoint    ] Total time for which application threads were stopped: 0.0000720 seconds, Stopping threads took: 0.0000148 seconds
[2019-12-09T02:53:03.251+0000][1][safepoint    ] Application time: 0.0000587 seconds
[2019-12-09T02:53:03.251+0000][1][safepoint    ] Entering safepoint region: RevokeBias
[2019-12-09T02:53:03.251+0000][1][safepoint    ] Leaving safepoint region
[2019-12-09T02:53:03.251+0000][1][safepoint    ] Total time for which application threads were stopped: 0.0000440 seconds, Stopping threads took: 0.0000100 seconds
[2019-12-09T02:53:03.251+0000][1][safepoint    ] Application time: 0.0000541 seconds
[2019-12-09T02:53:03.251+0000][1][safepoint    ] Entering safepoint region: RevokeBias
[2019-12-09T02:53:03.251+0000][1][safepoint    ] Leaving safepoint region
[2019-12-09T02:53:03.251+0000][1][safepoint    ] Total time for which application threads were stopped: 0.0000429 seconds, Stopping threads took: 0.0000091 seconds
[2019-12-09T02:53:03.251+0000][1][safepoint    ] Application time: 0.0000547 seconds
[2019-12-09T02:53:03.251+0000][1][safepoint    ] Entering safepoint region: RevokeBias
[2019-12-09T02:53:03.251+0000][1][safepoint    ] Leaving safepoint region
[2019-12-09T02:53:03.251+0000][1][safepoint    ] Total time for which application threads were stopped: 0.0000396 seconds, Stopping threads took: 0.0000091 seconds
[2019-12-09T02:53:03.251+0000][1][safepoint    ] Application time: 0.0000530 seconds
[2019-12-09T02:53:03.251+0000][1][safepoint    ] Entering safepoint region: RevokeBias
[2019-12-09T02:53:03.251+0000][1][safepoint    ] Leaving safepoint region
[2019-12-09T02:53:03.251+0000][1][safepoint    ] Total time for which application threads were stopped: 0.0000410 seconds, Stopping threads took: 0.0000091 seconds
[2019-12-09T02:53:03.251+0000][1][safepoint    ] Application time: 0.0000526 seconds
[2019-12-09T02:53:03.251+0000][1][safepoint    ] Entering safepoint region: RevokeBias
[2019-12-09T02:53:03.251+0000][1][safepoint    ] Leaving safepoint region
[2019-12-09T02:53:03.251+0000][1][safepoint    ] Total time for which application threads were stopped: 0.0000400 seconds, Stopping threads took: 0.0000091 seconds
[2019-12-09T02:53:03.560+0000][1][safepoint    ] Application time: 0.3082886 seconds
[2019-12-09T02:53:03.560+0000][1][safepoint    ] Entering safepoint region: RevokeBias
[2019-12-09T02:53:03.560+0000][1][safepoint    ] Leaving safepoint region
[2019-12-09T02:53:03.560+0000][1][safepoint    ] Total time for which application threads were stopped: 0.0001051 seconds, Stopping threads took: 0.0000218 seconds
[2019-12-09T02:53:03.688+0000][1][safepoint    ] Application time: 0.1281175 seconds
[2019-12-09T02:53:03.688+0000][1][safepoint    ] Entering safepoint region: RevokeBias
[2019-12-09T02:53:03.688+0000][1][safepoint    ] Leaving safepoint region
[2019-12-09T02:53:03.688+0000][1][safepoint    ] Total time for which application threads were stopped: 0.0001000 seconds, Stopping threads took: 0.0000190 seconds
[2019-12-09T02:53:03.689+0000][1][safepoint    ] Application time: 0.0010224 seconds
[2019-12-09T02:53:03.689+0000][1][safepoint    ] Entering safepoint region: RevokeBias
[2019-12-09T02:53:03.689+0000][1][safepoint    ] Leaving safepoint region
[2019-12-09T02:53:03.689+0000][1][safepoint    ] Total time for which application threads were stopped: 0.0000851 seconds, Stopping threads took: 0.0000181 seconds
[2019-12-09T02:53:04.690+0000][1][safepoint    ] Application time: 1.0004429 seconds
[2019-12-09T02:53:04.690+0000][1][safepoint    ] Entering safepoint region: Cleanup
[2019-12-09T02:53:04.690+0000][1][safepoint    ] Leaving safepoint region
[2019-12-09T02:53:04.690+0000][1][safepoint    ] Total time for which application threads were stopped: 0.0000995 seconds, Stopping threads took: 0.0000228 seconds
[2019-12-09T02:53:05.698+0000][1][safepoint    ] Application time: 1.0079173 seconds
[2019-12-09T02:53:05.698+0000][1][safepoint    ] Entering safepoint region: Cleanup
[2019-12-09T02:53:05.698+0000][1][safepoint    ] Leaving safepoint region
[2019-12-09T02:53:05.698+0000][1][safepoint    ] Total time for which application threads were stopped: 0.0000934 seconds, Stopping threads took: 0.0000201 seconds
[2019-12-09T02:53:06.067+0000][1][safepoint    ] Application time: 0.3687123 seconds
[2019-12-09T02:53:06.067+0000][1][safepoint    ] Entering safepoint region: RevokeBias
[2019-12-09T02:53:06.067+0000][1][safepoint    ] Leaving safepoint region
[2019-12-09T02:53:06.067+0000][1][safepoint    ] Total time for which application threads were stopped: 0.0002525 seconds, Stopping threads took: 0.0001589 seconds
[2019-12-09T02:53:06.067+0000][1][safepoint    ] Application time: 0.0001631 seconds
[2019-12-09T02:53:06.067+0000][1][safepoint    ] Entering safepoint region: RevokeBias
[2019-12-09T02:53:06.067+0000][1][safepoint    ] Leaving safepoint region
[2019-12-09T02:53:06.067+0000][1][safepoint    ] Total time for which application threads were stopped: 0.0000535 seconds, Stopping threads took: 0.0000104 seconds
[2019-12-09T02:53:06.068+0000][1][safepoint    ] Application time: 0.0006266 seconds
[2019-12-09T02:53:06.068+0000][1][safepoint    ] Entering safepoint region: RevokeBias
[2019-12-09T02:53:06.068+0000][1][safepoint    ] Leaving safepoint region
[2019-12-09T02:53:06.068+0000][1][safepoint    ] Total time for which application threads were stopped: 0.0000746 seconds, Stopping threads took: 0.0000160 seconds
[2019-12-09T02:53:07.072+0000][1][safepoint    ] Application time: 1.0038225 seconds
[2019-12-09T02:53:07.072+0000][1][safepoint    ] Entering safepoint region: Cleanup
[2019-12-09T02:53:07.072+0000][1][safepoint    ] Leaving safepoint region
[2019-12-09T02:53:07.072+0000][1][safepoint    ] Total time for which application threads were stopped: 0.0001176 seconds, Stopping threads took: 0.0000244 seconds
[2019-12-09T02:53:08.076+0000][1][safepoint    ] Application time: 1.0038360 seconds
[2019-12-09T02:53:08.076+0000][1][safepoint    ] Entering safepoint region: Cleanup
[2019-12-09T02:53:08.076+0000][1][safepoint    ] Leaving safepoint region
[2019-12-09T02:53:08.076+0000][1][safepoint    ] Total time for which application threads were stopped: 0.0001121 seconds, Stopping threads took: 0.0000248 seconds
[2019-12-09T02:53:09.077+0000][1][safepoint    ] Application time: 1.0008258 seconds
[2019-12-09T02:53:09.077+0000][1][safepoint    ] Entering safepoint region: Cleanup
[2019-12-09T02:53:09.077+0000][1][safepoint    ] Leaving safepoint region
[2019-12-09T02:53:09.077+0000][1][safepoint    ] Total time for which application threads were stopped: 0.0000964 seconds, Stopping threads took: 0.0000229 seconds
[2019-12-09T02:53:10.079+0000][1][safepoint    ] Application time: 1.0018705 seconds
[2019-12-09T02:53:10.079+0000][1][safepoint    ] Entering safepoint region: Cleanup
[2019-12-09T02:53:10.079+0000][1][safepoint    ] Leaving safepoint region
[2019-12-09T02:53:10.079+0000][1][safepoint    ] Total time for which application threads were stopped: 0.0001086 seconds, Stopping threads took: 0.0000253 seconds
[2019-12-09T02:53:11.083+0000][1][safepoint    ] Application time: 1.0038283 seconds
[2019-12-09T02:53:11.083+0000][1][safepoint    ] Entering safepoint region: Cleanup
[2019-12-09T02:53:11.083+0000][1][safepoint    ] Leaving safepoint region
[2019-12-09T02:53:11.083+0000][1][safepoint    ] Total time for which application threads were stopped: 0.0001032 seconds, Stopping threads took: 0.0000238 seconds
[2019-12-09T02:53:12.086+0000][1][safepoint    ] Application time: 1.0028418 seconds
[2019-12-09T02:53:12.086+0000][1][safepoint    ] Entering safepoint region: Cleanup
[2019-12-09T02:53:12.086+0000][1][safepoint    ] Leaving safepoint region
[2019-12-09T02:53:12.086+0000][1][safepoint    ] Total time for which application threads were stopped: 0.0001096 seconds, Stopping threads took: 0.0000245 seconds
[2019-12-09T02:53:13.090+0000][1][safepoint    ] Application time: 1.0038354 seconds
[2019-12-09T02:53:13.090+0000][1][safepoint    ] Entering safepoint region: Cleanup
[2019-12-09T02:53:13.090+0000][1][safepoint    ] Leaving safepoint region
[2019-12-09T02:53:13.090+0000][1][safepoint    ] Total time for which application threads were stopped: 0.0001109 seconds, Stopping threads took: 0.0000241 seconds
[2019-12-09T02:53:14.092+0000][1][safepoint    ] Application time: 1.0018283 seconds
[2019-12-09T02:53:14.092+0000][1][safepoint    ] Entering safepoint region: Cleanup
[2019-12-09T02:53:14.092+0000][1][safepoint    ] Leaving safepoint region
[2019-12-09T02:53:14.092+0000][1][safepoint    ] Total time for which application threads were stopped: 0.0001189 seconds, Stopping threads took: 0.0000266 seconds
[2019-12-09T02:53:15.095+0000][1][safepoint    ] Application time: 1.0028112 seconds
[2019-12-09T02:53:15.095+0000][1][safepoint    ] Entering safepoint region: Cleanup
[2019-12-09T02:53:15.095+0000][1][safepoint    ] Leaving safepoint region
[2019-12-09T02:53:15.095+0000][1][safepoint    ] Total time for which application threads were stopped: 0.0001118 seconds, Stopping threads took: 0.0000265 seconds
[2019-12-09T02:53:16.096+0000][1][safepoint    ] Application time: 1.0009555 seconds
[2019-12-09T02:53:16.096+0000][1][safepoint    ] Entering safepoint region: Cleanup
[2019-12-09T02:53:16.096+0000][1][safepoint    ] Leaving safepoint region
[2019-12-09T02:53:16.096+0000][1][safepoint    ] Total time for which application threads were stopped: 0.0001253 seconds, Stopping threads took: 0.0000346 seconds
[2019-12-09T02:53:17.100+0000][1][safepoint    ] Application time: 1.0036947 seconds
[2019-12-09T02:53:17.100+0000][1][safepoint    ] Entering safepoint region: Cleanup
[2019-12-09T02:53:17.100+0000][1][safepoint    ] Leaving safepoint region
[2019-12-09T02:53:17.100+0000][1][safepoint    ] Total time for which application threads were stopped: 0.0000992 seconds, Stopping threads took: 0.0000217 seconds
[2019-12-09T02:53:18.104+0000][1][safepoint    ] Application time: 1.0038534 seconds
[2019-12-09T02:53:18.104+0000][1][safepoint    ] Entering safepoint region: Cleanup
[2019-12-09T02:53:18.104+0000][1][safepoint    ] Leaving safepoint region
[2019-12-09T02:53:18.104+0000][1][safepoint    ] Total time for which application threads were stopped: 0.0001183 seconds, Stopping threads took: 0.0000246 seconds
[2019-12-09T02:53:19.107+0000][1][safepoint    ] Application time: 1.0028314 seconds
[2019-12-09T02:53:19.107+0000][1][safepoint    ] Entering safepoint region: Cleanup
[2019-12-09T02:53:19.107+0000][1][safepoint    ] Leaving safepoint region
[2019-12-09T02:53:19.107+0000][1][safepoint    ] Total time for which application threads were stopped: 0.0000988 seconds, Stopping threads took: 0.0000244 seconds
[2019-12-09T02:53:20.109+0000][1][safepoint    ] Application time: 1.0018470 seconds
[2019-12-09T02:53:20.109+0000][1][safepoint    ] Entering safepoint region: Cleanup
[2019-12-09T02:53:20.109+0000][1][safepoint    ] Leaving safepoint region
[2019-12-09T02:53:20.109+0000][1][safepoint    ] Total time for which application threads were stopped: 0.0001043 seconds, Stopping threads took: 0.0000294 seconds
[2019-12-09T02:53:21.111+0000][1][safepoint    ] Application time: 1.0018452 seconds
[2019-12-09T02:53:21.111+0000][1][safepoint    ] Entering safepoint region: Cleanup
[2019-12-09T02:53:21.111+0000][1][safepoint    ] Leaving safepoint region
[2019-12-09T02:53:21.111+0000][1][safepoint    ] Total time for which application threads were stopped: 0.0001025 seconds, Stopping threads took: 0.0000238 seconds
[2019-12-09T02:53:22.111+0000][1][safepoint    ] Application time: 1.0005206 seconds
[2019-12-09T02:53:22.111+0000][1][safepoint    ] Entering safepoint region: Cleanup
[2019-12-09T02:53:22.112+0000][1][safepoint    ] Leaving safepoint region
[2019-12-09T02:53:22.112+0000][1][safepoint    ] Total time for which application threads were stopped: 0.0001155 seconds, Stopping threads took: 0.0000342 seconds
[2019-12-09T02:53:23.112+0000][1][safepoint    ] Application time: 1.0001663 seconds
[2019-12-09T02:53:23.112+0000][1][safepoint    ] Entering safepoint region: Cleanup
[2019-12-09T02:53:23.112+0000][1][safepoint    ] Leaving safepoint region
[2019-12-09T02:53:23.112+0000][1][safepoint    ] Total time for which application threads were stopped: 0.0001163 seconds, Stopping threads took: 0.0000262 seconds
[2019-12-09T02:53:24.114+0000][1][safepoint    ] Application time: 1.0018492 seconds
[2019-12-09T02:53:24.114+0000][1][safepoint    ] Entering safepoint region: Cleanup
[2019-12-09T02:53:24.114+0000][1][safepoint    ] Leaving safepoint region
[2019-12-09T02:53:24.114+0000][1][safepoint    ] Total time for which application threads were stopped: 0.0001011 seconds, Stopping threads took: 0.0000240 seconds
[2019-12-09T02:53:25.116+0000][1][safepoint    ] Application time: 1.0018441 seconds
[2019-12-09T02:53:25.116+0000][1][safepoint    ] Entering safepoint region: Cleanup
[2019-12-09T02:53:25.116+0000][1][safepoint    ] Leaving safepoint region
[2019-12-09T02:53:25.116+0000][1][safepoint    ] Total time for which application threads were stopped: 0.0001144 seconds, Stopping threads took: 0.0000259 seconds
[2019-12-09T02:53:26.121+0000][1][safepoint    ] Application time: 1.0048241 seconds
[2019-12-09T02:53:26.121+0000][1][safepoint    ] Entering safepoint region: Cleanup
[2019-12-09T02:53:26.121+0000][1][safepoint    ] Leaving safepoint region
[2019-12-09T02:53:26.121+0000][1][safepoint    ] Total time for which application threads were stopped: 0.0001055 seconds, Stopping threads took: 0.0000246 seconds
[2019-12-09T02:53:27.122+0000][1][safepoint    ] Application time: 1.0008691 seconds
[2019-12-09T02:53:27.122+0000][1][safepoint    ] Entering safepoint region: Cleanup
[2019-12-09T02:53:27.122+0000][1][safepoint    ] Leaving safepoint region
[2019-12-09T02:53:27.122+0000][1][safepoint    ] Total time for which application threads were stopped: 0.0001264 seconds, Stopping threads took: 0.0000237 seconds
[2019-12-09T02:53:28.129+0000][1][safepoint    ] Application time: 1.0067857 seconds
[2019-12-09T02:53:28.129+0000][1][safepoint    ] Entering safepoint region: Cleanup
[2019-12-09T02:53:28.129+0000][1][safepoint    ] Leaving safepoint region
[2019-12-09T02:53:28.129+0000][1][safepoint    ] Total time for which application threads were stopped: 0.0001128 seconds, Stopping threads took: 0.0000255 seconds
[2019-12-09T02:53:29.130+0000][1][safepoint    ] Application time: 1.0008341 seconds
[2019-12-09T02:53:29.130+0000][1][safepoint    ] Entering safepoint region: Cleanup
[2019-12-09T02:53:29.130+0000][1][safepoint    ] Leaving safepoint region
[2019-12-09T02:53:29.130+0000][1][safepoint    ] Total time for which application threads were stopped: 0.0001236 seconds, Stopping threads took: 0.0000223 seconds
[2019-12-09T02:53:30.131+0000][1][safepoint    ] Application time: 1.0008421 seconds
[2019-12-09T02:53:30.131+0000][1][safepoint    ] Entering safepoint region: Cleanup
[2019-12-09T02:53:30.131+0000][1][safepoint    ] Leaving safepoint region
[2019-12-09T02:53:30.131+0000][1][safepoint    ] Total time for which application threads were stopped: 0.0001067 seconds, Stopping threads took: 0.0000318 seconds
[2019-12-09T02:53:31.132+0000][1][safepoint    ] Application time: 1.0008555 seconds
[2019-12-09T02:53:31.132+0000][1][safepoint    ] Entering safepoint region: Cleanup
[2019-12-09T02:53:31.132+0000][1][safepoint    ] Leaving safepoint region
[2019-12-09T02:53:31.132+0000][1][safepoint    ] Total time for which application threads were stopped: 0.0001126 seconds, Stopping threads took: 0.0000250 seconds
[2019-12-09T02:53:32.132+0000][1][safepoint    ] Application time: 1.0001507 seconds
[2019-12-09T02:53:32.132+0000][1][safepoint    ] Entering safepoint region: Cleanup
[2019-12-09T02:53:32.132+0000][1][safepoint    ] Leaving safepoint region
[2019-12-09T02:53:32.132+0000][1][safepoint    ] Total time for which application threads were stopped: 0.0001063 seconds, Stopping threads took: 0.0000258 seconds
[2019-12-09T02:53:32.774+0000][1][safepoint    ] Application time: 0.6417808 seconds
[2019-12-09T02:53:32.774+0000][1][safepoint    ] Entering safepoint region: GenCollectForAllocation
[2019-12-09T02:53:32.774+0000][1][gc,start     ] GC(23) Pause Young (Allocation Failure)
[2019-12-09T02:53:32.774+0000][1][gc,task      ] GC(23) Using 2 workers of 2 for evacuation
[2019-12-09T02:53:32.807+0000][1][gc,age       ] GC(23) Desired survivor size 4456448 bytes, new threshold 2 (max threshold 6)
[2019-12-09T02:53:32.807+0000][1][gc,age       ] GC(23) Age table with threshold 2 (max threshold 6)
[2019-12-09T02:53:32.807+0000][1][gc,age       ] GC(23) - age   1:    1517400 bytes,    1517400 total
[2019-12-09T02:53:32.807+0000][1][gc,age       ] GC(23) - age   2:    3369704 bytes,    4887104 total
[2019-12-09T02:53:32.807+0000][1][gc,heap      ] GC(23) ParNew: 76939K->7320K(78656K)
[2019-12-09T02:53:32.807+0000][1][gc,heap      ] GC(23) CMS: 63389K->65037K(174784K)
[2019-12-09T02:53:32.807+0000][1][gc,metaspace ] GC(23) Metaspace: 67508K->67508K(1110016K)
[2019-12-09T02:53:32.807+0000][1][gc           ] GC(23) Pause Young (Allocation Failure) 137M->70M(247M) 32.976ms
[2019-12-09T02:53:32.807+0000][1][gc,cpu       ] GC(23) User=0.03s Sys=0.00s Real=0.04s
[2019-12-09T02:53:32.807+0000][1][safepoint    ] Leaving safepoint region
[2019-12-09T02:53:32.807+0000][1][safepoint    ] Total time for which application threads were stopped: 0.0331810 seconds, Stopping threads took: 0.0000221 seconds
[2019-12-09T02:53:33.807+0000][1][safepoint    ] Application time: 1.0000905 seconds
[2019-12-09T02:53:33.807+0000][1][safepoint    ] Entering safepoint region: Cleanup
[2019-12-09T02:53:33.807+0000][1][safepoint    ] Leaving safepoint region
[2019-12-09T02:53:33.807+0000][1][safepoint    ] Total time for which application threads were stopped: 0.0000765 seconds, Stopping threads took: 0.0000175 seconds
[2019-12-09T02:53:34.808+0000][1][safepoint    ] Application time: 1.0000804 seconds
[2019-12-09T02:53:34.808+0000][1][safepoint    ] Entering safepoint region: Cleanup
[2019-12-09T02:53:34.808+0000][1][safepoint    ] Leaving safepoint region
[2019-12-09T02:53:34.808+0000][1][safepoint    ] Total time for which application threads were stopped: 0.0000800 seconds, Stopping threads took: 0.0000174 seconds
[2019-12-09T02:53:35.808+0000][1][safepoint    ] Application time: 1.0000812 seconds
[2019-12-09T02:53:35.808+0000][1][safepoint    ] Entering safepoint region: Cleanup
[2019-12-09T02:53:35.808+0000][1][safepoint    ] Leaving safepoint region
[2019-12-09T02:53:35.808+0000][1][safepoint    ] Total time for which application threads were stopped: 0.0000750 seconds, Stopping threads took: 0.0000175 seconds
[2019-12-09T02:53:36.808+0000][1][safepoint    ] Application time: 1.0000775 seconds
[2019-12-09T02:53:36.808+0000][1][safepoint    ] Entering safepoint region: Cleanup
[2019-12-09T02:53:36.808+0000][1][safepoint    ] Leaving safepoint region
[2019-12-09T02:53:36.808+0000][1][safepoint    ] Total time for which application threads were stopped: 0.0000772 seconds, Stopping threads took: 0.0000172 seconds
[2019-12-09T02:53:37.808+0000][1][safepoint    ] Application time: 1.0000772 seconds
[2019-12-09T02:53:37.808+0000][1][safepoint    ] Entering safepoint region: Cleanup
[2019-12-09T02:53:37.808+0000][1][safepoint    ] Leaving safepoint region
[2019-12-09T02:53:37.808+0000][1][safepoint    ] Total time for which application threads were stopped: 0.0000825 seconds, Stopping threads took: 0.0000180 seconds
[2019-12-09T02:53:38.808+0000][1][safepoint    ] Application time: 1.0000769 seconds
[2019-12-09T02:53:38.808+0000][1][safepoint    ] Entering safepoint region: Cleanup
[2019-12-09T02:53:38.808+0000][1][safepoint    ] Leaving safepoint region
[2019-12-09T02:53:38.808+0000][1][safepoint    ] Total time for which application threads were stopped: 0.0000870 seconds, Stopping threads took: 0.0000167 seconds
[2019-12-09T02:53:39.809+0000][1][safepoint    ] Application time: 1.0000759 seconds
[2019-12-09T02:53:39.809+0000][1][safepoint    ] Entering safepoint region: Cleanup
[2019-12-09T02:53:39.809+0000][1][safepoint    ] Leaving safepoint region
[2019-12-09T02:53:39.809+0000][1][safepoint    ] Total time for which application threads were stopped: 0.0000900 seconds, Stopping threads took: 0.0000161 seconds
[2019-12-09T02:53:40.812+0000][1][safepoint    ] Application time: 1.0030401 seconds
[2019-12-09T02:53:40.812+0000][1][safepoint    ] Entering safepoint region: Cleanup
[2019-12-09T02:53:40.812+0000][1][safepoint    ] Leaving safepoint region
[2019-12-09T02:53:40.812+0000][1][safepoint    ] Total time for which application threads were stopped: 0.0001150 seconds, Stopping threads took: 0.0000251 seconds
[2019-12-09T02:53:41.812+0000][1][safepoint    ] Application time: 1.0000784 seconds
[2019-12-09T02:53:41.812+0000][1][safepoint    ] Entering safepoint region: Cleanup
[2019-12-09T02:53:41.812+0000][1][safepoint    ] Leaving safepoint region
[2019-12-09T02:53:41.812+0000][1][safepoint    ] Total time for which application threads were stopped: 0.0000821 seconds, Stopping threads took: 0.0000166 seconds
[2019-12-09T02:53:42.812+0000][1][safepoint    ] Application time: 1.0000800 seconds
[2019-12-09T02:53:42.812+0000][1][safepoint    ] Entering safepoint region: Cleanup
[2019-12-09T02:53:42.812+0000][1][safepoint    ] Leaving safepoint region
[2019-12-09T02:53:42.812+0000][1][safepoint    ] Total time for which application threads were stopped: 0.0001161 seconds, Stopping threads took: 0.0000470 seconds
[2019-12-09T02:53:43.812+0000][1][safepoint    ] Application time: 1.0000860 seconds
[2019-12-09T02:53:43.812+0000][1][safepoint    ] Entering safepoint region: Cleanup
[2019-12-09T02:53:43.813+0000][1][safepoint    ] Leaving safepoint region
[2019-12-09T02:53:43.813+0000][1][safepoint    ] Total time for which application threads were stopped: 0.0000843 seconds, Stopping threads took: 0.0000164 seconds
[2019-12-09T02:53:44.813+0000][1][safepoint    ] Application time: 1.0000761 seconds
[2019-12-09T02:53:44.813+0000][1][safepoint    ] Entering safepoint region: Cleanup
[2019-12-09T02:53:44.813+0000][1][safepoint    ] Leaving safepoint region
[2019-12-09T02:53:44.813+0000][1][safepoint    ] Total time for which application threads were stopped: 0.0000837 seconds, Stopping threads took: 0.0000235 seconds
[2019-12-09T02:53:45.813+0000][1][safepoint    ] Application time: 1.0000781 seconds
[2019-12-09T02:53:45.813+0000][1][safepoint    ] Entering safepoint region: Cleanup
[2019-12-09T02:53:45.813+0000][1][safepoint    ] Leaving safepoint region
[2019-12-09T02:53:45.813+0000][1][safepoint    ] Total time for which application threads were stopped: 0.0000825 seconds, Stopping threads took: 0.0000212 seconds
[2019-12-09T02:53:46.813+0000][1][safepoint    ] Application time: 1.0000752 seconds
[2019-12-09T02:53:46.813+0000][1][safepoint    ] Entering safepoint region: Cleanup
[2019-12-09T02:53:46.813+0000][1][safepoint    ] Leaving safepoint region
[2019-12-09T02:53:46.813+0000][1][safepoint    ] Total time for which application threads were stopped: 0.0000792 seconds, Stopping threads took: 0.0000154 seconds
[2019-12-09T02:53:47.813+0000][1][safepoint    ] Application time: 1.0000767 seconds
[2019-12-09T02:53:47.813+0000][1][safepoint    ] Entering safepoint region: Cleanup
[2019-12-09T02:53:47.813+0000][1][safepoint    ] Leaving safepoint region
[2019-12-09T02:53:47.813+0000][1][safepoint    ] Total time for which application threads were stopped: 0.0000826 seconds, Stopping threads took: 0.0000171 seconds
[2019-12-09T02:53:48.813+0000][1][safepoint    ] Application time: 1.0000755 seconds
[2019-12-09T02:53:48.813+0000][1][safepoint    ] Entering safepoint region: Cleanup
[2019-12-09T02:53:48.814+0000][1][safepoint    ] Leaving safepoint region
[2019-12-09T02:53:48.814+0000][1][safepoint    ] Total time for which application threads were stopped: 0.0000733 seconds, Stopping threads took: 0.0000163 seconds
[2019-12-09T02:53:49.814+0000][1][safepoint    ] Application time: 1.0000769 seconds
[2019-12-09T02:53:49.814+0000][1][safepoint    ] Entering safepoint region: Cleanup
[2019-12-09T02:53:49.814+0000][1][safepoint    ] Leaving safepoint region
[2019-12-09T02:53:49.814+0000][1][safepoint    ] Total time for which application threads were stopped: 0.0000913 seconds, Stopping threads took: 0.0000259 seconds
[2019-12-09T02:53:50.814+0000][1][safepoint    ] Application time: 1.0000751 seconds
[2019-12-09T02:53:50.814+0000][1][safepoint    ] Entering safepoint region: Cleanup
[2019-12-09T02:53:50.814+0000][1][safepoint    ] Leaving safepoint region
[2019-12-09T02:53:50.814+0000][1][safepoint    ] Total time for which application threads were stopped: 0.0000765 seconds, Stopping threads took: 0.0000169 seconds
[2019-12-09T02:53:51.814+0000][1][safepoint    ] Application time: 1.0000747 seconds
[2019-12-09T02:53:51.814+0000][1][safepoint    ] Entering safepoint region: Cleanup
[2019-12-09T02:53:51.814+0000][1][safepoint    ] Leaving safepoint region
[2019-12-09T02:53:51.814+0000][1][safepoint    ] Total time for which application threads were stopped: 0.0000775 seconds, Stopping threads took: 0.0000163 seconds
[2019-12-09T02:53:52.814+0000][1][safepoint    ] Application time: 1.0000752 seconds
[2019-12-09T02:53:52.814+0000][1][safepoint    ] Entering safepoint region: Cleanup
[2019-12-09T02:53:52.814+0000][1][safepoint    ] Leaving safepoint region
[2019-12-09T02:53:52.814+0000][1][safepoint    ] Total time for which application threads were stopped: 0.0000905 seconds, Stopping threads took: 0.0000247 seconds
[2019-12-09T02:53:53.814+0000][1][safepoint    ] Application time: 1.0000740 seconds
[2019-12-09T02:53:53.814+0000][1][safepoint    ] Entering safepoint region: Cleanup
[2019-12-09T02:53:53.815+0000][1][safepoint    ] Leaving safepoint region
[2019-12-09T02:53:53.815+0000][1][safepoint    ] Total time for which application threads were stopped: 0.0000773 seconds, Stopping threads took: 0.0000166 seconds
[2019-12-09T02:53:55.636+0000][1][safepoint    ] Application time: 1.8218255 seconds
[2019-12-09T02:53:55.636+0000][1][safepoint    ] Entering safepoint region: Cleanup
[2019-12-09T02:53:55.637+0000][1][safepoint    ] Leaving safepoint region
[2019-12-09T02:53:55.637+0000][1][safepoint    ] Total time for which application threads were stopped: 0.0001732 seconds, Stopping threads took: 0.0000243 seconds
[2019-12-09T02:53:56.730+0000][1][safepoint    ] Application time: 1.0934790 seconds
[2019-12-09T02:53:56.730+0000][1][safepoint    ] Entering safepoint region: Cleanup
[2019-12-09T02:53:56.730+0000][1][safepoint    ] Leaving safepoint region
[2019-12-09T02:53:56.730+0000][1][safepoint    ] Total time for which application threads were stopped: 0.0001296 seconds, Stopping threads took: 0.0000590 seconds
[2019-12-09T02:53:57.730+0000][1][safepoint    ] Application time: 1.0000804 seconds
[2019-12-09T02:53:57.730+0000][1][safepoint    ] Entering safepoint region: Cleanup
[2019-12-09T02:53:57.730+0000][1][safepoint    ] Leaving safepoint region
[2019-12-09T02:53:57.730+0000][1][safepoint    ] Total time for which application threads were stopped: 0.0000778 seconds, Stopping threads took: 0.0000163 seconds
[2019-12-09T02:53:58.731+0000][1][safepoint    ] Application time: 1.0000752 seconds
[2019-12-09T02:53:58.731+0000][1][safepoint    ] Entering safepoint region: Cleanup
[2019-12-09T02:53:58.731+0000][1][safepoint    ] Leaving safepoint region
[2019-12-09T02:53:58.731+0000][1][safepoint    ] Total time for which application threads were stopped: 0.0000760 seconds, Stopping threads took: 0.0000149 seconds
[2019-12-09T02:53:59.731+0000][1][safepoint    ] Application time: 1.0000763 seconds
[2019-12-09T02:53:59.731+0000][1][safepoint    ] Entering safepoint region: Cleanup
[2019-12-09T02:53:59.731+0000][1][safepoint    ] Leaving safepoint region
[2019-12-09T02:53:59.731+0000][1][safepoint    ] Total time for which application threads were stopped: 0.0000739 seconds, Stopping threads took: 0.0000164 seconds
[2019-12-09T02:54:02.731+0000][1][safepoint    ] Application time: 3.0002023 seconds
[2019-12-09T02:54:02.731+0000][1][safepoint    ] Entering safepoint region: Cleanup
[2019-12-09T02:54:02.731+0000][1][safepoint    ] Leaving safepoint region
[2019-12-09T02:54:02.731+0000][1][safepoint    ] Total time for which application threads were stopped: 0.0000758 seconds, Stopping threads took: 0.0000148 seconds
[2019-12-09T02:54:03.731+0000][1][safepoint    ] Application time: 1.0000775 seconds
[2019-12-09T02:54:03.731+0000][1][safepoint    ] Entering safepoint region: Cleanup
[2019-12-09T02:54:03.731+0000][1][safepoint    ] Leaving safepoint region
[2019-12-09T02:54:03.731+0000][1][safepoint    ] Total time for which application threads were stopped: 0.0000866 seconds, Stopping threads took: 0.0000177 seconds
[2019-12-09T02:54:07.732+0000][1][safepoint    ] Application time: 4.0002766 seconds
[2019-12-09T02:54:07.732+0000][1][safepoint    ] Entering safepoint region: Cleanup
[2019-12-09T02:54:07.732+0000][1][safepoint    ] Leaving safepoint region
[2019-12-09T02:54:07.732+0000][1][safepoint    ] Total time for which application threads were stopped: 0.0000807 seconds, Stopping threads took: 0.0000202 seconds
[2019-12-09T02:54:08.732+0000][1][safepoint    ] Application time: 1.0000764 seconds
[2019-12-09T02:54:08.732+0000][1][safepoint    ] Entering safepoint region: Cleanup
[2019-12-09T02:54:08.732+0000][1][safepoint    ] Leaving safepoint region
[2019-12-09T02:54:08.732+0000][1][safepoint    ] Total time for which application threads were stopped: 0.0000713 seconds, Stopping threads took: 0.0000156 seconds
[2019-12-09T02:54:09.732+0000][1][safepoint    ] Application time: 1.0000765 seconds
[2019-12-09T02:54:09.732+0000][1][safepoint    ] Entering safepoint region: Cleanup
[2019-12-09T02:54:09.732+0000][1][safepoint    ] Leaving safepoint region
[2019-12-09T02:54:09.732+0000][1][safepoint    ] Total time for which application threads were stopped: 0.0000758 seconds, Stopping threads took: 0.0000150 seconds
[2019-12-09T02:54:10.732+0000][1][safepoint    ] Application time: 1.0000771 seconds
[2019-12-09T02:54:10.732+0000][1][safepoint    ] Entering safepoint region: Cleanup
[2019-12-09T02:54:10.732+0000][1][safepoint    ] Leaving safepoint region
[2019-12-09T02:54:10.732+0000][1][safepoint    ] Total time for which application threads were stopped: 0.0000753 seconds, Stopping threads took: 0.0000164 seconds
[2019-12-09T02:54:11.732+0000][1][safepoint    ] Application time: 1.0000761 seconds
[2019-12-09T02:54:11.732+0000][1][safepoint    ] Entering safepoint region: Cleanup
[2019-12-09T02:54:11.733+0000][1][safepoint    ] Leaving safepoint region
[2019-12-09T02:54:11.733+0000][1][safepoint    ] Total time for which application threads were stopped: 0.0000721 seconds, Stopping threads took: 0.0000163 seconds
[2019-12-09T02:54:14.733+0000][1][safepoint    ] Application time: 3.0002164 seconds
[2019-12-09T02:54:14.733+0000][1][safepoint    ] Entering safepoint region: Cleanup
[2019-12-09T02:54:14.733+0000][1][safepoint    ] Leaving safepoint region
[2019-12-09T02:54:14.733+0000][1][safepoint    ] Total time for which application threads were stopped: 0.0000769 seconds, Stopping threads took: 0.0000168 seconds
[2019-12-09T02:54:17.733+0000][1][safepoint    ] Application time: 3.0002091 seconds
[2019-12-09T02:54:17.733+0000][1][safepoint    ] Entering safepoint region: Cleanup
[2019-12-09T02:54:17.733+0000][1][safepoint    ] Leaving safepoint region
[2019-12-09T02:54:17.733+0000][1][safepoint    ] Total time for which application threads were stopped: 0.0000806 seconds, Stopping threads took: 0.0000195 seconds
[2019-12-09T02:54:19.733+0000][1][safepoint    ] Application time: 2.0001489 seconds
[2019-12-09T02:54:19.733+0000][1][safepoint    ] Entering safepoint region: Cleanup
[2019-12-09T02:54:19.733+0000][1][safepoint    ] Leaving safepoint region
[2019-12-09T02:54:19.733+0000][1][safepoint    ] Total time for which application threads were stopped: 0.0000749 seconds, Stopping threads took: 0.0000165 seconds
[2019-12-09T02:54:20.734+0000][1][safepoint    ] Application time: 1.0000777 seconds
[2019-12-09T02:54:20.734+0000][1][safepoint    ] Entering safepoint region: Cleanup
[2019-12-09T02:54:20.734+0000][1][safepoint    ] Leaving safepoint region
[2019-12-09T02:54:20.734+0000][1][safepoint    ] Total time for which application threads were stopped: 0.0000710 seconds, Stopping threads took: 0.0000142 seconds
[2019-12-09T02:54:21.734+0000][1][safepoint    ] Application time: 1.0000868 seconds
[2019-12-09T02:54:21.734+0000][1][safepoint    ] Entering safepoint region: Cleanup
[2019-12-09T02:54:21.734+0000][1][safepoint    ] Leaving safepoint region
[2019-12-09T02:54:21.734+0000][1][safepoint    ] Total time for which application threads were stopped: 0.0000772 seconds, Stopping threads took: 0.0000154 seconds
[2019-12-09T02:54:22.734+0000][1][safepoint    ] Application time: 1.0000768 seconds
[2019-12-09T02:54:22.734+0000][1][safepoint    ] Entering safepoint region: Cleanup
[2019-12-09T02:54:22.734+0000][1][safepoint    ] Leaving safepoint region
[2019-12-09T02:54:22.734+0000][1][safepoint    ] Total time for which application threads were stopped: 0.0000816 seconds, Stopping threads took: 0.0000198 seconds
[2019-12-09T02:54:23.734+0000][1][safepoint    ] Application time: 1.0000784 seconds
[2019-12-09T02:54:23.734+0000][1][safepoint    ] Entering safepoint region: Cleanup
[2019-12-09T02:54:23.734+0000][1][safepoint    ] Leaving safepoint region
[2019-12-09T02:54:23.734+0000][1][safepoint    ] Total time for which application threads were stopped: 0.0000810 seconds, Stopping threads took: 0.0000164 seconds
[2019-12-09T02:54:25.734+0000][1][safepoint    ] Application time: 2.0001449 seconds
[2019-12-09T02:54:25.734+0000][1][safepoint    ] Entering safepoint region: Cleanup
[2019-12-09T02:54:25.735+0000][1][safepoint    ] Leaving safepoint region
[2019-12-09T02:54:25.735+0000][1][safepoint    ] Total time for which application threads were stopped: 0.0000750 seconds, Stopping threads took: 0.0000150 seconds
[2019-12-09T02:54:26.735+0000][1][safepoint    ] Application time: 1.0000764 seconds
[2019-12-09T02:54:26.735+0000][1][safepoint    ] Entering safepoint region: Cleanup
[2019-12-09T02:54:26.735+0000][1][safepoint    ] Leaving safepoint region
[2019-12-09T02:54:26.735+0000][1][safepoint    ] Total time for which application threads were stopped: 0.0000851 seconds, Stopping threads took: 0.0000161 seconds
[2019-12-09T02:54:27.735+0000][1][safepoint    ] Application time: 1.0000762 seconds
[2019-12-09T02:54:27.735+0000][1][safepoint    ] Entering safepoint region: Cleanup
[2019-12-09T02:54:27.735+0000][1][safepoint    ] Leaving safepoint region
[2019-12-09T02:54:27.735+0000][1][safepoint    ] Total time for which application threads were stopped: 0.0000725 seconds, Stopping threads took: 0.0000157 seconds
[2019-12-09T02:54:30.735+0000][1][safepoint    ] Application time: 3.0002115 seconds
[2019-12-09T02:54:30.735+0000][1][safepoint    ] Entering safepoint region: Cleanup
[2019-12-09T02:54:30.735+0000][1][safepoint    ] Leaving safepoint region
[2019-12-09T02:54:30.735+0000][1][safepoint    ] Total time for which application threads were stopped: 0.0000817 seconds, Stopping threads took: 0.0000173 seconds
[2019-12-09T02:54:32.735+0000][1][safepoint    ] Application time: 2.0001443 seconds
[2019-12-09T02:54:32.735+0000][1][safepoint    ] Entering safepoint region: Cleanup
[2019-12-09T02:54:32.736+0000][1][safepoint    ] Leaving safepoint region
[2019-12-09T02:54:32.736+0000][1][safepoint    ] Total time for which application threads were stopped: 0.0000738 seconds, Stopping threads took: 0.0000140 seconds
[2019-12-09T02:54:33.736+0000][1][safepoint    ] Application time: 1.0000761 seconds
[2019-12-09T02:54:33.736+0000][1][safepoint    ] Entering safepoint region: Cleanup
[2019-12-09T02:54:33.736+0000][1][safepoint    ] Leaving safepoint region
[2019-12-09T02:54:33.736+0000][1][safepoint    ] Total time for which application threads were stopped: 0.0000840 seconds, Stopping threads took: 0.0000162 seconds
[2019-12-09T02:54:39.736+0000][1][safepoint    ] Application time: 6.0004128 seconds
[2019-12-09T02:54:39.736+0000][1][safepoint    ] Entering safepoint region: Cleanup
[2019-12-09T02:54:39.736+0000][1][safepoint    ] Leaving safepoint region
[2019-12-09T02:54:39.736+0000][1][safepoint    ] Total time for which application threads were stopped: 0.0000725 seconds, Stopping threads took: 0.0000147 seconds
[2019-12-09T02:54:42.736+0000][1][safepoint    ] Application time: 3.0002096 seconds
[2019-12-09T02:54:42.736+0000][1][safepoint    ] Entering safepoint region: Cleanup
[2019-12-09T02:54:42.737+0000][1][safepoint    ] Leaving safepoint region
[2019-12-09T02:54:42.737+0000][1][safepoint    ] Total time for which application threads were stopped: 0.0000692 seconds, Stopping threads took: 0.0000143 seconds
[2019-12-09T02:54:43.737+0000][1][safepoint    ] Application time: 1.0000756 seconds
[2019-12-09T02:54:43.737+0000][1][safepoint    ] Entering safepoint region: Cleanup
[2019-12-09T02:54:43.737+0000][1][safepoint    ] Leaving safepoint region
[2019-12-09T02:54:43.737+0000][1][safepoint    ] Total time for which application threads were stopped: 0.0000885 seconds, Stopping threads took: 0.0000292 seconds
[2019-12-09T02:54:46.737+0000][1][safepoint    ] Application time: 3.0002114 seconds
[2019-12-09T02:54:46.737+0000][1][safepoint    ] Entering safepoint region: Cleanup
[2019-12-09T02:54:46.737+0000][1][safepoint    ] Leaving safepoint region
[2019-12-09T02:54:46.737+0000][1][safepoint    ] Total time for which application threads were stopped: 0.0000770 seconds, Stopping threads took: 0.0000158 seconds
[2019-12-09T02:54:47.737+0000][1][safepoint    ] Application time: 1.0000770 seconds
[2019-12-09T02:54:47.737+0000][1][safepoint    ] Entering safepoint region: Cleanup
[2019-12-09T02:54:47.737+0000][1][safepoint    ] Leaving safepoint region
[2019-12-09T02:54:47.737+0000][1][safepoint    ] Total time for which application threads were stopped: 0.0000857 seconds, Stopping threads took: 0.0000179 seconds
[2019-12-09T02:54:48.737+0000][1][safepoint    ] Application time: 1.0000767 seconds
[2019-12-09T02:54:48.737+0000][1][safepoint    ] Entering safepoint region: Cleanup
[2019-12-09T02:54:48.737+0000][1][safepoint    ] Leaving safepoint region
[2019-12-09T02:54:48.737+0000][1][safepoint    ] Total time for which application threads were stopped: 0.0000752 seconds, Stopping threads took: 0.0000152 seconds
[2019-12-09T02:54:49.738+0000][1][safepoint    ] Application time: 1.0000760 seconds
[2019-12-09T02:54:49.738+0000][1][safepoint    ] Entering safepoint region: Cleanup
[2019-12-09T02:54:49.738+0000][1][safepoint    ] Leaving safepoint region
[2019-12-09T02:54:49.738+0000][1][safepoint    ] Total time for which application threads were stopped: 0.0000726 seconds, Stopping threads took: 0.0000160 seconds
[2019-12-09T02:54:50.738+0000][1][safepoint    ] Application time: 1.0000763 seconds
[2019-12-09T02:54:50.738+0000][1][safepoint    ] Entering safepoint region: Cleanup
[2019-12-09T02:54:50.738+0000][1][safepoint    ] Leaving safepoint region
[2019-12-09T02:54:50.738+0000][1][safepoint    ] Total time for which application threads were stopped: 0.0000730 seconds, Stopping threads took: 0.0000153 seconds
[2019-12-09T02:54:51.739+0000][1][safepoint    ] Application time: 1.0008259 seconds
[2019-12-09T02:54:51.739+0000][1][safepoint    ] Entering safepoint region: Cleanup
[2019-12-09T02:54:51.739+0000][1][safepoint    ] Leaving safepoint region
[2019-12-09T02:54:51.739+0000][1][safepoint    ] Total time for which application threads were stopped: 0.0000926 seconds, Stopping threads took: 0.0000200 seconds
[2019-12-09T02:55:00.739+0000][1][safepoint    ] Application time: 9.0006117 seconds
[2019-12-09T02:55:00.740+0000][1][safepoint    ] Entering safepoint region: Cleanup
[2019-12-09T02:55:00.740+0000][1][safepoint    ] Leaving safepoint region
[2019-12-09T02:55:00.740+0000][1][safepoint    ] Total time for which application threads were stopped: 0.0000835 seconds, Stopping threads took: 0.0000237 seconds
[2019-12-09T02:55:04.740+0000][1][safepoint    ] Application time: 4.0002757 seconds
[2019-12-09T02:55:04.740+0000][1][safepoint    ] Entering safepoint region: Cleanup
[2019-12-09T02:55:04.740+0000][1][safepoint    ] Leaving safepoint region
[2019-12-09T02:55:04.740+0000][1][safepoint    ] Total time for which application threads were stopped: 0.0000709 seconds, Stopping threads took: 0.0000130 seconds
[2019-12-09T02:55:05.740+0000][1][safepoint    ] Application time: 1.0000769 seconds
[2019-12-09T02:55:05.740+0000][1][safepoint    ] Entering safepoint region: Cleanup
[2019-12-09T02:55:05.740+0000][1][safepoint    ] Leaving safepoint region
[2019-12-09T02:55:05.740+0000][1][safepoint    ] Total time for which application threads were stopped: 0.0000722 seconds, Stopping threads took: 0.0000142 seconds
[2019-12-09T02:55:10.741+0000][1][safepoint    ] Application time: 5.0003394 seconds
[2019-12-09T02:55:10.741+0000][1][safepoint    ] Entering safepoint region: Cleanup
[2019-12-09T02:55:10.741+0000][1][safepoint    ] Leaving safepoint region
[2019-12-09T02:55:10.741+0000][1][safepoint    ] Total time for which application threads were stopped: 0.0000700 seconds, Stopping threads took: 0.0000133 seconds
[2019-12-09T02:55:15.741+0000][1][safepoint    ] Application time: 5.0003692 seconds
[2019-12-09T02:55:15.741+0000][1][safepoint    ] Entering safepoint region: Cleanup
[2019-12-09T02:55:15.741+0000][1][safepoint    ] Leaving safepoint region
[2019-12-09T02:55:15.741+0000][1][safepoint    ] Total time for which application threads were stopped: 0.0000813 seconds, Stopping threads took: 0.0000174 seconds
[2019-12-09T02:55:16.741+0000][1][safepoint    ] Application time: 1.0000764 seconds
[2019-12-09T02:55:16.741+0000][1][safepoint    ] Entering safepoint region: Cleanup
[2019-12-09T02:55:16.741+0000][1][safepoint    ] Leaving safepoint region
[2019-12-09T02:55:16.741+0000][1][safepoint    ] Total time for which application threads were stopped: 0.0000779 seconds, Stopping threads took: 0.0000174 seconds
[2019-12-09T02:55:21.742+0000][1][safepoint    ] Application time: 5.0003414 seconds
[2019-12-09T02:55:21.742+0000][1][safepoint    ] Entering safepoint region: Cleanup
[2019-12-09T02:55:21.742+0000][1][safepoint    ] Leaving safepoint region
[2019-12-09T02:55:21.742+0000][1][safepoint    ] Total time for which application threads were stopped: 0.0000785 seconds, Stopping threads took: 0.0000181 seconds
[2019-12-09T02:55:25.742+0000][1][safepoint    ] Application time: 4.0002741 seconds
[2019-12-09T02:55:25.742+0000][1][safepoint    ] Entering safepoint region: Cleanup
[2019-12-09T02:55:25.742+0000][1][safepoint    ] Leaving safepoint region
[2019-12-09T02:55:25.742+0000][1][safepoint    ] Total time for which application threads were stopped: 0.0000845 seconds, Stopping threads took: 0.0000249 seconds
[2019-12-09T02:55:27.742+0000][1][safepoint    ] Application time: 2.0001449 seconds
[2019-12-09T02:55:27.742+0000][1][safepoint    ] Entering safepoint region: Cleanup
[2019-12-09T02:55:27.742+0000][1][safepoint    ] Leaving safepoint region
[2019-12-09T02:55:27.742+0000][1][safepoint    ] Total time for which application threads were stopped: 0.0000814 seconds, Stopping threads took: 0.0000163 seconds
[2019-12-09T02:55:31.743+0000][1][safepoint    ] Application time: 4.0002843 seconds
[2019-12-09T02:55:31.743+0000][1][safepoint    ] Entering safepoint region: Cleanup
[2019-12-09T02:55:31.743+0000][1][safepoint    ] Leaving safepoint region
[2019-12-09T02:55:31.743+0000][1][safepoint    ] Total time for which application threads were stopped: 0.0000785 seconds, Stopping threads took: 0.0000169 seconds
[2019-12-09T02:55:32.743+0000][1][safepoint    ] Application time: 1.0000771 seconds
[2019-12-09T02:55:32.743+0000][1][safepoint    ] Entering safepoint region: Cleanup
[2019-12-09T02:55:32.743+0000][1][safepoint    ] Leaving safepoint region
[2019-12-09T02:55:32.743+0000][1][safepoint    ] Total time for which application threads were stopped: 0.0000765 seconds, Stopping threads took: 0.0000175 seconds
[2019-12-09T02:55:33.743+0000][1][safepoint    ] Application time: 1.0000784 seconds
[2019-12-09T02:55:33.743+0000][1][safepoint    ] Entering safepoint region: Cleanup
[2019-12-09T02:55:33.743+0000][1][safepoint    ] Leaving safepoint region
[2019-12-09T02:55:33.743+0000][1][safepoint    ] Total time for which application threads were stopped: 0.0000808 seconds, Stopping threads took: 0.0000171 seconds
[2019-12-09T02:55:35.743+0000][1][safepoint    ] Application time: 2.0001444 seconds
[2019-12-09T02:55:35.743+0000][1][safepoint    ] Entering safepoint region: Cleanup
[2019-12-09T02:55:35.744+0000][1][safepoint    ] Leaving safepoint region
[2019-12-09T02:55:35.744+0000][1][safepoint    ] Total time for which application threads were stopped: 0.0000798 seconds, Stopping threads took: 0.0000168 seconds
[2019-12-09T02:55:36.744+0000][1][safepoint    ] Application time: 1.0000768 seconds
[2019-12-09T02:55:36.744+0000][1][safepoint    ] Entering safepoint region: Cleanup
[2019-12-09T02:55:36.744+0000][1][safepoint    ] Leaving safepoint region
[2019-12-09T02:55:36.744+0000][1][safepoint    ] Total time for which application threads were stopped: 0.0000927 seconds, Stopping threads took: 0.0000161 seconds
[2019-12-09T02:55:37.744+0000][1][safepoint    ] Application time: 1.0000776 seconds
[2019-12-09T02:55:37.744+0000][1][safepoint    ] Entering safepoint region: Cleanup
[2019-12-09T02:55:37.744+0000][1][safepoint    ] Leaving safepoint region
[2019-12-09T02:55:37.744+0000][1][safepoint    ] Total time for which application threads were stopped: 0.0000813 seconds, Stopping threads took: 0.0000169 seconds
[2019-12-09T02:55:42.744+0000][1][safepoint    ] Application time: 5.0003407 seconds
[2019-12-09T02:55:42.744+0000][1][safepoint    ] Entering safepoint region: Cleanup
[2019-12-09T02:55:42.744+0000][1][safepoint    ] Leaving safepoint region
[2019-12-09T02:55:42.744+0000][1][safepoint    ] Total time for which application threads were stopped: 0.0000780 seconds, Stopping threads took: 0.0000173 seconds
[2019-12-09T02:55:42.868+0000][1][safepoint    ] Application time: 0.1238888 seconds
[2019-12-09T02:55:42.868+0000][1][safepoint    ] Entering safepoint region: GenCollectForAllocation
[2019-12-09T02:55:42.868+0000][1][gc,start     ] GC(24) Pause Young (Allocation Failure)
[2019-12-09T02:55:42.868+0000][1][gc,task      ] GC(24) Using 2 workers of 2 for evacuation
[2019-12-09T02:55:42.884+0000][1][gc,age       ] GC(24) Desired survivor size 4456448 bytes, new threshold 6 (max threshold 6)
[2019-12-09T02:55:42.884+0000][1][gc,age       ] GC(24) Age table with threshold 6 (max threshold 6)
[2019-12-09T02:55:42.884+0000][1][gc,age       ] GC(24) - age   1:       8144 bytes,       8144 total
[2019-12-09T02:55:42.884+0000][1][gc,age       ] GC(24) - age   2:    1496192 bytes,    1504336 total
[2019-12-09T02:55:42.884+0000][1][gc,heap      ] GC(24) ParNew: 77272K->4799K(78656K)
[2019-12-09T02:55:42.884+0000][1][gc,heap      ] GC(24) CMS: 65037K->68451K(174784K)
[2019-12-09T02:55:42.884+0000][1][gc,metaspace ] GC(24) Metaspace: 67792K->67792K(1110016K)
[2019-12-09T02:55:42.884+0000][1][gc           ] GC(24) Pause Young (Allocation Failure) 138M->71M(247M) 15.793ms
[2019-12-09T02:55:42.884+0000][1][gc,cpu       ] GC(24) User=0.03s Sys=0.00s Real=0.01s
[2019-12-09T02:55:42.884+0000][1][safepoint    ] Leaving safepoint region
[2019-12-09T02:55:42.884+0000][1][safepoint    ] Total time for which application threads were stopped: 0.0159441 seconds, Stopping threads took: 0.0000151 seconds
[2019-12-09T02:55:43.884+0000][1][safepoint    ] Application time: 1.0000862 seconds
[2019-12-09T02:55:43.884+0000][1][safepoint    ] Entering safepoint region: Cleanup
[2019-12-09T02:55:43.884+0000][1][safepoint    ] Leaving safepoint region
[2019-12-09T02:55:43.884+0000][1][safepoint    ] Total time for which application threads were stopped: 0.0000813 seconds, Stopping threads took: 0.0000158 seconds
[2019-12-09T02:55:45.885+0000][1][safepoint    ] Application time: 2.0001446 seconds
[2019-12-09T02:55:45.885+0000][1][safepoint    ] Entering safepoint region: Cleanup
[2019-12-09T02:55:45.885+0000][1][safepoint    ] Leaving safepoint region
[2019-12-09T02:55:45.885+0000][1][safepoint    ] Total time for which application threads were stopped: 0.0001009 seconds, Stopping threads took: 0.0000158 seconds
[2019-12-09T02:55:46.885+0000][1][safepoint    ] Application time: 1.0000740 seconds
[2019-12-09T02:55:46.885+0000][1][safepoint    ] Entering safepoint region: Cleanup
[2019-12-09T02:55:46.885+0000][1][safepoint    ] Leaving safepoint region
[2019-12-09T02:55:46.885+0000][1][safepoint    ] Total time for which application threads were stopped: 0.0000737 seconds, Stopping threads took: 0.0000160 seconds
[2019-12-09T02:55:48.885+0000][1][safepoint    ] Application time: 2.0001469 seconds
[2019-12-09T02:55:48.885+0000][1][safepoint    ] Entering safepoint region: Cleanup
[2019-12-09T02:55:48.885+0000][1][safepoint    ] Leaving safepoint region
[2019-12-09T02:55:48.885+0000][1][safepoint    ] Total time for which application threads were stopped: 0.0000728 seconds, Stopping threads took: 0.0000149 seconds
[2019-12-09T02:55:50.885+0000][1][safepoint    ] Application time: 2.0001436 seconds
[2019-12-09T02:55:50.885+0000][1][safepoint    ] Entering safepoint region: Cleanup
[2019-12-09T02:55:50.885+0000][1][safepoint    ] Leaving safepoint region
[2019-12-09T02:55:50.885+0000][1][safepoint    ] Total time for which application threads were stopped: 0.0000696 seconds, Stopping threads took: 0.0000142 seconds
[2019-12-09T02:55:51.886+0000][1][safepoint    ] Application time: 1.0002179 seconds
[2019-12-09T02:55:51.886+0000][1][safepoint    ] Entering safepoint region: Cleanup
[2019-12-09T02:55:51.886+0000][1][safepoint    ] Leaving safepoint region
[2019-12-09T02:55:51.886+0000][1][safepoint    ] Total time for which application threads were stopped: 0.0001087 seconds, Stopping threads took: 0.0000237 seconds
[2019-12-09T02:55:53.886+0000][1][safepoint    ] Application time: 2.0001487 seconds
[2019-12-09T02:55:53.886+0000][1][safepoint    ] Entering safepoint region: Cleanup
[2019-12-09T02:55:53.886+0000][1][safepoint    ] Leaving safepoint region
[2019-12-09T02:55:53.886+0000][1][safepoint    ] Total time for which application threads were stopped: 0.0000811 seconds, Stopping threads took: 0.0000243 seconds
[2019-12-09T02:55:54.886+0000][1][safepoint    ] Application time: 1.0000773 seconds
[2019-12-09T02:55:54.886+0000][1][safepoint    ] Entering safepoint region: Cleanup
[2019-12-09T02:55:54.886+0000][1][safepoint    ] Leaving safepoint region
[2019-12-09T02:55:54.886+0000][1][safepoint    ] Total time for which application threads were stopped: 0.0000754 seconds, Stopping threads took: 0.0000152 seconds
[2019-12-09T02:56:00.887+0000][1][safepoint    ] Application time: 6.0004099 seconds
[2019-12-09T02:56:00.887+0000][1][safepoint    ] Entering safepoint region: Cleanup
[2019-12-09T02:56:00.887+0000][1][safepoint    ] Leaving safepoint region
[2019-12-09T02:56:00.887+0000][1][safepoint    ] Total time for which application threads were stopped: 0.0000766 seconds, Stopping threads took: 0.0000160 seconds
[2019-12-09T02:56:04.887+0000][1][safepoint    ] Application time: 4.0002736 seconds
[2019-12-09T02:56:04.887+0000][1][safepoint    ] Entering safepoint region: Cleanup
[2019-12-09T02:56:04.887+0000][1][safepoint    ] Leaving safepoint region
[2019-12-09T02:56:04.887+0000][1][safepoint    ] Total time for which application threads were stopped: 0.0000861 seconds, Stopping threads took: 0.0000226 seconds
[2019-12-09T02:56:09.888+0000][1][safepoint    ] Application time: 5.0003423 seconds
[2019-12-09T02:56:09.888+0000][1][safepoint    ] Entering safepoint region: Cleanup
[2019-12-09T02:56:09.888+0000][1][safepoint    ] Leaving safepoint region
[2019-12-09T02:56:09.888+0000][1][safepoint    ] Total time for which application threads were stopped: 0.0000789 seconds, Stopping threads took: 0.0000196 seconds
[2019-12-09T02:56:11.888+0000][1][safepoint    ] Application time: 2.0001534 seconds
[2019-12-09T02:56:11.888+0000][1][safepoint    ] Entering safepoint region: Cleanup
[2019-12-09T02:56:11.888+0000][1][safepoint    ] Leaving safepoint region
[2019-12-09T02:56:11.888+0000][1][safepoint    ] Total time for which application threads were stopped: 0.0000702 seconds, Stopping threads took: 0.0000145 seconds
[2019-12-09T02:56:17.888+0000][1][safepoint    ] Application time: 6.0004033 seconds
[2019-12-09T02:56:17.888+0000][1][safepoint    ] Entering safepoint region: Cleanup
[2019-12-09T02:56:17.888+0000][1][safepoint    ] Leaving safepoint region
[2019-12-09T02:56:17.888+0000][1][safepoint    ] Total time for which application threads were stopped: 0.0000708 seconds, Stopping threads took: 0.0000153 seconds
[2019-12-09T02:56:22.889+0000][1][safepoint    ] Application time: 5.0003472 seconds
[2019-12-09T02:56:22.889+0000][1][safepoint    ] Entering safepoint region: Cleanup
[2019-12-09T02:56:22.889+0000][1][safepoint    ] Leaving safepoint region
[2019-12-09T02:56:22.889+0000][1][safepoint    ] Total time for which application threads were stopped: 0.0000673 seconds, Stopping threads took: 0.0000129 seconds
[2019-12-09T02:56:25.889+0000][1][safepoint    ] Application time: 3.0002990 seconds
[2019-12-09T02:56:25.889+0000][1][safepoint    ] Entering safepoint region: Cleanup
[2019-12-09T02:56:25.889+0000][1][safepoint    ] Leaving safepoint region
[2019-12-09T02:56:25.889+0000][1][safepoint    ] Total time for which application threads were stopped: 0.0000774 seconds, Stopping threads took: 0.0000165 seconds
[2019-12-09T02:56:32.890+0000][1][safepoint    ] Application time: 7.0004991 seconds
[2019-12-09T02:56:32.890+0000][1][safepoint    ] Entering safepoint region: Cleanup
[2019-12-09T02:56:32.890+0000][1][safepoint    ] Leaving safepoint region
[2019-12-09T02:56:32.890+0000][1][safepoint    ] Total time for which application threads were stopped: 0.0000834 seconds, Stopping threads took: 0.0000241 seconds
[2019-12-09T02:56:33.890+0000][1][safepoint    ] Application time: 1.0000784 seconds
[2019-12-09T02:56:33.890+0000][1][safepoint    ] Entering safepoint region: Cleanup
[2019-12-09T02:56:33.890+0000][1][safepoint    ] Leaving safepoint region
[2019-12-09T02:56:33.890+0000][1][safepoint    ] Total time for which application threads were stopped: 0.0000767 seconds, Stopping threads took: 0.0000151 seconds
[2019-12-09T02:56:34.890+0000][1][safepoint    ] Application time: 1.0000782 seconds
[2019-12-09T02:56:34.890+0000][1][safepoint    ] Entering safepoint region: Cleanup
[2019-12-09T02:56:34.890+0000][1][safepoint    ] Leaving safepoint region
[2019-12-09T02:56:34.890+0000][1][safepoint    ] Total time for which application threads were stopped: 0.0000806 seconds, Stopping threads took: 0.0000157 seconds
[2019-12-09T02:56:35.890+0000][1][safepoint    ] Application time: 1.0000778 seconds
[2019-12-09T02:56:35.890+0000][1][safepoint    ] Entering safepoint region: Cleanup
[2019-12-09T02:56:35.891+0000][1][safepoint    ] Leaving safepoint region
[2019-12-09T02:56:35.891+0000][1][safepoint    ] Total time for which application threads were stopped: 0.0000708 seconds, Stopping threads took: 0.0000150 seconds
[2019-12-09T02:56:37.891+0000][1][safepoint    ] Application time: 2.0001634 seconds
[2019-12-09T02:56:37.891+0000][1][safepoint    ] Entering safepoint region: Cleanup
[2019-12-09T02:56:37.891+0000][1][safepoint    ] Leaving safepoint region
[2019-12-09T02:56:37.891+0000][1][safepoint    ] Total time for which application threads were stopped: 0.0000979 seconds, Stopping threads took: 0.0000174 seconds
[2019-12-09T02:56:40.891+0000][1][safepoint    ] Application time: 3.0002083 seconds
[2019-12-09T02:56:40.891+0000][1][safepoint    ] Entering safepoint region: Cleanup
[2019-12-09T02:56:40.891+0000][1][safepoint    ] Leaving safepoint region
[2019-12-09T02:56:40.891+0000][1][safepoint    ] Total time for which application threads were stopped: 0.0000722 seconds, Stopping threads took: 0.0000145 seconds
[2019-12-09T02:56:41.891+0000][1][safepoint    ] Application time: 1.0000745 seconds
[2019-12-09T02:56:41.891+0000][1][safepoint    ] Entering safepoint region: Cleanup
[2019-12-09T02:56:41.891+0000][1][safepoint    ] Leaving safepoint region
[2019-12-09T02:56:41.891+0000][1][safepoint    ] Total time for which application threads were stopped: 0.0000791 seconds, Stopping threads took: 0.0000153 seconds
[2019-12-09T02:56:46.892+0000][1][safepoint    ] Application time: 5.0003363 seconds
[2019-12-09T02:56:46.892+0000][1][safepoint    ] Entering safepoint region: Cleanup
[2019-12-09T02:56:46.892+0000][1][safepoint    ] Leaving safepoint region
[2019-12-09T02:56:46.892+0000][1][safepoint    ] Total time for which application threads were stopped: 0.0000826 seconds, Stopping threads took: 0.0000230 seconds
[2019-12-09T02:56:47.892+0000][1][safepoint    ] Application time: 1.0000754 seconds
[2019-12-09T02:56:47.892+0000][1][safepoint    ] Entering safepoint region: Cleanup
[2019-12-09T02:56:47.892+0000][1][safepoint    ] Leaving safepoint region
[2019-12-09T02:56:47.892+0000][1][safepoint    ] Total time for which application threads were stopped: 0.0000813 seconds, Stopping threads took: 0.0000222 seconds
[2019-12-09T02:56:48.892+0000][1][safepoint    ] Application time: 1.0000757 seconds
[2019-12-09T02:56:48.892+0000][1][safepoint    ] Entering safepoint region: Cleanup
[2019-12-09T02:56:48.892+0000][1][safepoint    ] Leaving safepoint region
[2019-12-09T02:56:48.892+0000][1][safepoint    ] Total time for which application threads were stopped: 0.0000777 seconds, Stopping threads took: 0.0000169 seconds
[2019-12-09T02:56:49.892+0000][1][safepoint    ] Application time: 1.0000785 seconds
[2019-12-09T02:56:49.892+0000][1][safepoint    ] Entering safepoint region: Cleanup
[2019-12-09T02:56:49.892+0000][1][safepoint    ] Leaving safepoint region
[2019-12-09T02:56:49.892+0000][1][safepoint    ] Total time for which application threads were stopped: 0.0000745 seconds, Stopping threads took: 0.0000161 seconds
[2019-12-09T02:56:52.893+0000][1][safepoint    ] Application time: 3.0002060 seconds
[2019-12-09T02:56:52.893+0000][1][safepoint    ] Entering safepoint region: Cleanup
[2019-12-09T02:56:52.893+0000][1][safepoint    ] Leaving safepoint region
[2019-12-09T02:56:52.893+0000][1][safepoint    ] Total time for which application threads were stopped: 0.0000842 seconds, Stopping threads took: 0.0000146 seconds
[2019-12-09T02:56:55.893+0000][1][safepoint    ] Application time: 3.0002094 seconds
[2019-12-09T02:56:55.893+0000][1][safepoint    ] Entering safepoint region: Cleanup
[2019-12-09T02:56:55.893+0000][1][safepoint    ] Leaving safepoint region
[2019-12-09T02:56:55.893+0000][1][safepoint    ] Total time for which application threads were stopped: 0.0000740 seconds, Stopping threads took: 0.0000150 seconds
[2019-12-09T02:56:59.893+0000][1][safepoint    ] Application time: 4.0002739 seconds
[2019-12-09T02:56:59.893+0000][1][safepoint    ] Entering safepoint region: Cleanup
[2019-12-09T02:56:59.893+0000][1][safepoint    ] Leaving safepoint region
[2019-12-09T02:56:59.893+0000][1][safepoint    ] Total time for which application threads were stopped: 0.0000722 seconds, Stopping threads took: 0.0000201 seconds
[2019-12-09T02:57:00.893+0000][1][safepoint    ] Application time: 1.0000761 seconds
[2019-12-09T02:57:00.894+0000][1][safepoint    ] Entering safepoint region: Cleanup
[2019-12-09T02:57:00.894+0000][1][safepoint    ] Leaving safepoint region
[2019-12-09T02:57:00.894+0000][1][safepoint    ] Total time for which application threads were stopped: 0.0000688 seconds, Stopping threads took: 0.0000146 seconds
[2019-12-09T02:57:01.894+0000][1][safepoint    ] Application time: 1.0000784 seconds
[2019-12-09T02:57:01.894+0000][1][safepoint    ] Entering safepoint region: Cleanup
[2019-12-09T02:57:01.894+0000][1][safepoint    ] Leaving safepoint region
[2019-12-09T02:57:01.894+0000][1][safepoint    ] Total time for which application threads were stopped: 0.0000750 seconds, Stopping threads took: 0.0000164 seconds
[2019-12-09T02:57:02.894+0000][1][safepoint    ] Application time: 1.0000805 seconds
[2019-12-09T02:57:02.894+0000][1][safepoint    ] Entering safepoint region: Cleanup
[2019-12-09T02:57:02.894+0000][1][safepoint    ] Leaving safepoint region
[2019-12-09T02:57:02.894+0000][1][safepoint    ] Total time for which application threads were stopped: 0.0000763 seconds, Stopping threads took: 0.0000170 seconds
[2019-12-09T02:57:12.895+0000][1][safepoint    ] Application time: 10.0006971 seconds
[2019-12-09T02:57:12.895+0000][1][safepoint    ] Entering safepoint region: Cleanup
[2019-12-09T02:57:12.895+0000][1][safepoint    ] Leaving safepoint region
[2019-12-09T02:57:12.895+0000][1][safepoint    ] Total time for which application threads were stopped: 0.0000775 seconds, Stopping threads took: 0.0000172 seconds
[2019-12-09T02:57:15.895+0000][1][safepoint    ] Application time: 3.0002022 seconds
[2019-12-09T02:57:15.895+0000][1][safepoint    ] Entering safepoint region: Cleanup
[2019-12-09T02:57:15.895+0000][1][safepoint    ] Leaving safepoint region
[2019-12-09T02:57:15.895+0000][1][safepoint    ] Total time for which application threads were stopped: 0.0000711 seconds, Stopping threads took: 0.0000158 seconds
[2019-12-09T02:57:16.895+0000][1][safepoint    ] Application time: 1.0000772 seconds
[2019-12-09T02:57:16.895+0000][1][safepoint    ] Entering safepoint region: Cleanup
[2019-12-09T02:57:16.895+0000][1][safepoint    ] Leaving safepoint region
[2019-12-09T02:57:16.895+0000][1][safepoint    ] Total time for which application threads were stopped: 0.0000701 seconds, Stopping threads took: 0.0000145 seconds
[2019-12-09T02:57:26.896+0000][1][safepoint    ] Application time: 10.0006702 seconds
[2019-12-09T02:57:26.896+0000][1][safepoint    ] Entering safepoint region: Cleanup
[2019-12-09T02:57:26.896+0000][1][safepoint    ] Leaving safepoint region
[2019-12-09T02:57:26.896+0000][1][safepoint    ] Total time for which application threads were stopped: 0.0000725 seconds, Stopping threads took: 0.0000152 seconds
[2019-12-09T02:57:30.896+0000][1][safepoint    ] Application time: 4.0002789 seconds
[2019-12-09T02:57:30.896+0000][1][safepoint    ] Entering safepoint region: Cleanup
[2019-12-09T02:57:30.896+0000][1][safepoint    ] Leaving safepoint region
[2019-12-09T02:57:30.896+0000][1][safepoint    ] Total time for which application threads were stopped: 0.0000802 seconds, Stopping threads took: 0.0000235 seconds
[2019-12-09T02:57:35.897+0000][1][safepoint    ] Application time: 5.0003408 seconds
[2019-12-09T02:57:35.897+0000][1][safepoint    ] Entering safepoint region: Cleanup
[2019-12-09T02:57:35.897+0000][1][safepoint    ] Leaving safepoint region
[2019-12-09T02:57:35.897+0000][1][safepoint    ] Total time for which application threads were stopped: 0.0000740 seconds, Stopping threads took: 0.0000146 seconds
[2019-12-09T02:57:38.897+0000][1][safepoint    ] Application time: 3.0002189 seconds
[2019-12-09T02:57:38.897+0000][1][safepoint    ] Entering safepoint region: Cleanup
[2019-12-09T02:57:38.897+0000][1][safepoint    ] Leaving safepoint region
[2019-12-09T02:57:38.897+0000][1][safepoint    ] Total time for which application threads were stopped: 0.0000709 seconds, Stopping threads took: 0.0000143 seconds
[2019-12-09T02:57:41.897+0000][1][safepoint    ] Application time: 3.0002131 seconds
[2019-12-09T02:57:41.898+0000][1][safepoint    ] Entering safepoint region: Cleanup
[2019-12-09T02:57:41.898+0000][1][safepoint    ] Leaving safepoint region
[2019-12-09T02:57:41.898+0000][1][safepoint    ] Total time for which application threads were stopped: 0.0000731 seconds, Stopping threads took: 0.0000146 seconds
[2019-12-09T02:57:44.898+0000][1][safepoint    ] Application time: 3.0002132 seconds
[2019-12-09T02:57:44.898+0000][1][safepoint    ] Entering safepoint region: Cleanup
[2019-12-09T02:57:44.898+0000][1][safepoint    ] Leaving safepoint region
[2019-12-09T02:57:44.898+0000][1][safepoint    ] Total time for which application threads were stopped: 0.0000669 seconds, Stopping threads took: 0.0000138 seconds
[2019-12-09T02:57:51.899+0000][1][safepoint    ] Application time: 7.0006692 seconds
[2019-12-09T02:57:51.899+0000][1][safepoint    ] Entering safepoint region: Cleanup
[2019-12-09T02:57:51.899+0000][1][safepoint    ] Leaving safepoint region
[2019-12-09T02:57:51.899+0000][1][safepoint    ] Total time for which application threads were stopped: 0.0000917 seconds, Stopping threads took: 0.0000173 seconds
[2019-12-09T02:57:52.938+0000][1][safepoint    ] Application time: 1.0388846 seconds
[2019-12-09T02:57:52.938+0000][1][safepoint    ] Entering safepoint region: GenCollectForAllocation
[2019-12-09T02:57:52.938+0000][1][gc,start     ] GC(25) Pause Young (Allocation Failure)
[2019-12-09T02:57:52.938+0000][1][gc,task      ] GC(25) Using 2 workers of 2 for evacuation
[2019-12-09T02:57:52.944+0000][1][gc,age       ] GC(25) Desired survivor size 4456448 bytes, new threshold 6 (max threshold 6)
[2019-12-09T02:57:52.944+0000][1][gc,age       ] GC(25) Age table with threshold 6 (max threshold 6)
[2019-12-09T02:57:52.944+0000][1][gc,age       ] GC(25) - age   1:      11688 bytes,      11688 total
[2019-12-09T02:57:52.944+0000][1][gc,age       ] GC(25) - age   2:       5432 bytes,      17120 total
[2019-12-09T02:57:52.944+0000][1][gc,age       ] GC(25) - age   3:    1424800 bytes,    1441920 total
[2019-12-09T02:57:52.944+0000][1][gc,heap      ] GC(25) ParNew: 74751K->2350K(78656K)
[2019-12-09T02:57:52.944+0000][1][gc,heap      ] GC(25) CMS: 68451K->68451K(174784K)
[2019-12-09T02:57:52.944+0000][1][gc,metaspace ] GC(25) Metaspace: 68028K->68028K(1112064K)
[2019-12-09T02:57:52.944+0000][1][gc           ] GC(25) Pause Young (Allocation Failure) 139M->69M(247M) 6.489ms
[2019-12-09T02:57:52.944+0000][1][gc,cpu       ] GC(25) User=0.01s Sys=0.00s Real=0.00s
[2019-12-09T02:57:52.944+0000][1][safepoint    ] Leaving safepoint region
[2019-12-09T02:57:52.944+0000][1][safepoint    ] Total time for which application threads were stopped: 0.0066452 seconds, Stopping threads took: 0.0000290 seconds
[2019-12-09T02:57:54.944+0000][1][safepoint    ] Application time: 2.0001506 seconds
[2019-12-09T02:57:54.945+0000][1][safepoint    ] Entering safepoint region: Cleanup
[2019-12-09T02:57:54.945+0000][1][safepoint    ] Leaving safepoint region
[2019-12-09T02:57:54.945+0000][1][safepoint    ] Total time for which application threads were stopped: 0.0000751 seconds, Stopping threads took: 0.0000169 seconds
[2019-12-09T02:57:57.945+0000][1][safepoint    ] Application time: 3.0005295 seconds
[2019-12-09T02:57:57.945+0000][1][safepoint    ] Entering safepoint region: Cleanup
[2019-12-09T02:57:57.945+0000][1][safepoint    ] Leaving safepoint region
[2019-12-09T02:57:57.945+0000][1][safepoint    ] Total time for which application threads were stopped: 0.0001193 seconds, Stopping threads took: 0.0000335 seconds
[2019-12-09T02:57:58.945+0000][1][safepoint    ] Application time: 1.0000738 seconds
[2019-12-09T02:57:58.945+0000][1][safepoint    ] Entering safepoint region: Cleanup
[2019-12-09T02:57:58.945+0000][1][safepoint    ] Leaving safepoint region
[2019-12-09T02:57:58.945+0000][1][safepoint    ] Total time for which application threads were stopped: 0.0000848 seconds, Stopping threads took: 0.0000152 seconds
[2019-12-09T02:58:03.948+0000][1][safepoint    ] Application time: 5.0021501 seconds
[2019-12-09T02:58:03.948+0000][1][safepoint    ] Entering safepoint region: Cleanup
[2019-12-09T02:58:03.948+0000][1][safepoint    ] Leaving safepoint region
[2019-12-09T02:58:03.948+0000][1][safepoint    ] Total time for which application threads were stopped: 0.0000930 seconds, Stopping threads took: 0.0000158 seconds
[2019-12-09T02:58:06.948+0000][1][safepoint    ] Application time: 3.0002129 seconds
[2019-12-09T02:58:06.948+0000][1][safepoint    ] Entering safepoint region: Cleanup
[2019-12-09T02:58:06.948+0000][1][safepoint    ] Leaving safepoint region
[2019-12-09T02:58:06.948+0000][1][safepoint    ] Total time for which application threads were stopped: 0.0000737 seconds, Stopping threads took: 0.0000155 seconds
[2019-12-09T02:58:07.949+0000][1][safepoint    ] Application time: 1.0006195 seconds
[2019-12-09T02:58:07.949+0000][1][safepoint    ] Entering safepoint region: Cleanup
[2019-12-09T02:58:07.949+0000][1][safepoint    ] Leaving safepoint region
[2019-12-09T02:58:07.949+0000][1][safepoint    ] Total time for which application threads were stopped: 0.0000996 seconds, Stopping threads took: 0.0000235 seconds
[2019-12-09T02:58:10.949+0000][1][safepoint    ] Application time: 3.0002137 seconds
[2019-12-09T02:58:10.949+0000][1][safepoint    ] Entering safepoint region: Cleanup
[2019-12-09T02:58:10.949+0000][1][safepoint    ] Leaving safepoint region
[2019-12-09T02:58:10.949+0000][1][safepoint    ] Total time for which application threads were stopped: 0.0000677 seconds, Stopping threads took: 0.0000149 seconds
[2019-12-09T02:58:12.949+0000][1][safepoint    ] Application time: 2.0001506 seconds
[2019-12-09T02:58:12.949+0000][1][safepoint    ] Entering safepoint region: Cleanup
[2019-12-09T02:58:12.949+0000][1][safepoint    ] Leaving safepoint region
[2019-12-09T02:58:12.949+0000][1][safepoint    ] Total time for which application threads were stopped: 0.0000966 seconds, Stopping threads took: 0.0000215 seconds
[2019-12-09T02:58:16.950+0000][1][safepoint    ] Application time: 4.0002788 seconds
[2019-12-09T02:58:16.950+0000][1][safepoint    ] Entering safepoint region: Cleanup
[2019-12-09T02:58:16.950+0000][1][safepoint    ] Leaving safepoint region
[2019-12-09T02:58:16.950+0000][1][safepoint    ] Total time for which application threads were stopped: 0.0000717 seconds, Stopping threads took: 0.0000143 seconds
[2019-12-09T02:58:26.951+0000][1][safepoint    ] Application time: 10.0006712 seconds
[2019-12-09T02:58:26.951+0000][1][safepoint    ] Entering safepoint region: Cleanup
[2019-12-09T02:58:26.951+0000][1][safepoint    ] Leaving safepoint region
[2019-12-09T02:58:26.951+0000][1][safepoint    ] Total time for which application threads were stopped: 0.0000689 seconds, Stopping threads took: 0.0000148 seconds
[2019-12-09T02:58:38.951+0000][1][safepoint    ] Application time: 12.0008135 seconds
[2019-12-09T02:58:38.952+0000][1][safepoint    ] Entering safepoint region: Cleanup
[2019-12-09T02:58:38.952+0000][1][safepoint    ] Leaving safepoint region
[2019-12-09T02:58:38.952+0000][1][safepoint    ] Total time for which application threads were stopped: 0.0000760 seconds, Stopping threads took: 0.0000226 seconds
[2019-12-09T02:58:41.952+0000][1][safepoint    ] Application time: 3.0002133 seconds
[2019-12-09T02:58:41.952+0000][1][safepoint    ] Entering safepoint region: Cleanup
[2019-12-09T02:58:41.952+0000][1][safepoint    ] Leaving safepoint region
[2019-12-09T02:58:41.952+0000][1][safepoint    ] Total time for which application threads were stopped: 0.0000746 seconds, Stopping threads took: 0.0000192 seconds
[2019-12-09T02:58:47.953+0000][1][safepoint    ] Application time: 6.0015118 seconds
[2019-12-09T02:58:47.953+0000][1][safepoint    ] Entering safepoint region: Cleanup
[2019-12-09T02:58:47.954+0000][1][safepoint    ] Leaving safepoint region
[2019-12-09T02:58:47.954+0000][1][safepoint    ] Total time for which application threads were stopped: 0.0000711 seconds, Stopping threads took: 0.0000163 seconds
[2019-12-09T02:58:49.954+0000][1][safepoint    ] Application time: 2.0001446 seconds
[2019-12-09T02:58:49.954+0000][1][safepoint    ] Entering safepoint region: Cleanup
[2019-12-09T02:58:49.954+0000][1][safepoint    ] Leaving safepoint region
[2019-12-09T02:58:49.954+0000][1][safepoint    ] Total time for which application threads were stopped: 0.0000746 seconds, Stopping threads took: 0.0000159 seconds
[2019-12-09T02:58:50.954+0000][1][safepoint    ] Application time: 1.0000746 seconds
[2019-12-09T02:58:50.954+0000][1][safepoint    ] Entering safepoint region: Cleanup
[2019-12-09T02:58:50.954+0000][1][safepoint    ] Leaving safepoint region
[2019-12-09T02:58:50.954+0000][1][safepoint    ] Total time for which application threads were stopped: 0.0000739 seconds, Stopping threads took: 0.0000174 seconds
[2019-12-09T02:58:55.954+0000][1][safepoint    ] Application time: 5.0003131 seconds
[2019-12-09T02:58:55.954+0000][1][safepoint    ] Entering safepoint region: Cleanup
[2019-12-09T02:58:55.954+0000][1][safepoint    ] Leaving safepoint region
[2019-12-09T02:58:55.954+0000][1][safepoint    ] Total time for which application threads were stopped: 0.0000761 seconds, Stopping threads took: 0.0000170 seconds
[2019-12-09T02:58:56.955+0000][1][safepoint    ] Application time: 1.0000786 seconds
[2019-12-09T02:58:56.955+0000][1][safepoint    ] Entering safepoint region: Cleanup
[2019-12-09T02:58:56.955+0000][1][safepoint    ] Leaving safepoint region
[2019-12-09T02:58:56.955+0000][1][safepoint    ] Total time for which application threads were stopped: 0.0000750 seconds, Stopping threads took: 0.0000168 seconds
[2019-12-09T02:59:08.955+0000][1][safepoint    ] Application time: 12.0007764 seconds
[2019-12-09T02:59:08.955+0000][1][safepoint    ] Entering safepoint region: Cleanup
[2019-12-09T02:59:08.956+0000][1][safepoint    ] Leaving safepoint region
[2019-12-09T02:59:08.956+0000][1][safepoint    ] Total time for which application threads were stopped: 0.0000799 seconds, Stopping threads took: 0.0000238 seconds
[2019-12-09T02:59:09.956+0000][1][safepoint    ] Application time: 1.0000753 seconds
[2019-12-09T02:59:09.956+0000][1][safepoint    ] Entering safepoint region: Cleanup
[2019-12-09T02:59:09.956+0000][1][safepoint    ] Leaving safepoint region
[2019-12-09T02:59:09.956+0000][1][safepoint    ] Total time for which application threads were stopped: 0.0000918 seconds, Stopping threads took: 0.0000160 seconds
[2019-12-09T02:59:12.956+0000][1][safepoint    ] Application time: 3.0002074 seconds
[2019-12-09T02:59:12.956+0000][1][safepoint    ] Entering safepoint region: Cleanup
[2019-12-09T02:59:12.956+0000][1][safepoint    ] Leaving safepoint region
[2019-12-09T02:59:12.956+0000][1][safepoint    ] Total time for which application threads were stopped: 0.0000730 seconds, Stopping threads took: 0.0000174 seconds
[2019-12-09T02:59:13.956+0000][1][safepoint    ] Application time: 1.0000743 seconds
[2019-12-09T02:59:13.956+0000][1][safepoint    ] Entering safepoint region: Cleanup
[2019-12-09T02:59:13.956+0000][1][safepoint    ] Leaving safepoint region
[2019-12-09T02:59:13.956+0000][1][safepoint    ] Total time for which application threads were stopped: 0.0000790 seconds, Stopping threads took: 0.0000167 seconds
[2019-12-09T02:59:16.956+0000][1][safepoint    ] Application time: 3.0002091 seconds
[2019-12-09T02:59:16.957+0000][1][safepoint    ] Entering safepoint region: Cleanup
[2019-12-09T02:59:16.957+0000][1][safepoint    ] Leaving safepoint region
[2019-12-09T02:59:16.957+0000][1][safepoint    ] Total time for which application threads were stopped: 0.0000717 seconds, Stopping threads took: 0.0000150 seconds
[2019-12-09T02:59:22.957+0000][1][safepoint    ] Application time: 6.0004150 seconds
[2019-12-09T02:59:22.957+0000][1][safepoint    ] Entering safepoint region: Cleanup
[2019-12-09T02:59:22.957+0000][1][safepoint    ] Leaving safepoint region
[2019-12-09T02:59:22.957+0000][1][safepoint    ] Total time for which application threads were stopped: 0.0000755 seconds, Stopping threads took: 0.0000175 seconds
[2019-12-09T02:59:23.957+0000][1][safepoint    ] Application time: 1.0000799 seconds
[2019-12-09T02:59:23.957+0000][1][safepoint    ] Entering safepoint region: Cleanup
[2019-12-09T02:59:23.957+0000][1][safepoint    ] Leaving safepoint region
[2019-12-09T02:59:23.957+0000][1][safepoint    ] Total time for which application threads were stopped: 0.0000707 seconds, Stopping threads took: 0.0000156 seconds
[2019-12-09T02:59:24.957+0000][1][safepoint    ] Application time: 1.0000763 seconds
[2019-12-09T02:59:24.957+0000][1][safepoint    ] Entering safepoint region: Cleanup
[2019-12-09T02:59:24.957+0000][1][safepoint    ] Leaving safepoint region
[2019-12-09T02:59:24.958+0000][1][safepoint    ] Total time for which application threads were stopped: 0.0000740 seconds, Stopping threads took: 0.0000168 seconds
[2019-12-09T02:59:25.958+0000][1][safepoint    ] Application time: 1.0000763 seconds
[2019-12-09T02:59:25.958+0000][1][safepoint    ] Entering safepoint region: Cleanup
[2019-12-09T02:59:25.958+0000][1][safepoint    ] Leaving safepoint region
[2019-12-09T02:59:25.958+0000][1][safepoint    ] Total time for which application threads were stopped: 0.0000820 seconds, Stopping threads took: 0.0000149 seconds
[2019-12-09T02:59:28.958+0000][1][safepoint    ] Application time: 3.0002095 seconds
[2019-12-09T02:59:28.958+0000][1][safepoint    ] Entering safepoint region: Cleanup
[2019-12-09T02:59:28.958+0000][1][safepoint    ] Leaving safepoint region
[2019-12-09T02:59:28.958+0000][1][safepoint    ] Total time for which application threads were stopped: 0.0000736 seconds, Stopping threads took: 0.0000157 seconds
[2019-12-09T02:59:29.958+0000][1][safepoint    ] Application time: 1.0000768 seconds
[2019-12-09T02:59:29.958+0000][1][safepoint    ] Entering safepoint region: Cleanup
[2019-12-09T02:59:29.958+0000][1][safepoint    ] Leaving safepoint region
[2019-12-09T02:59:29.958+0000][1][safepoint    ] Total time for which application threads were stopped: 0.0000735 seconds, Stopping threads took: 0.0000167 seconds
[2019-12-09T02:59:33.959+0000][1][safepoint    ] Application time: 4.0002771 seconds
[2019-12-09T02:59:33.959+0000][1][safepoint    ] Entering safepoint region: Cleanup
[2019-12-09T02:59:33.959+0000][1][safepoint    ] Leaving safepoint region
[2019-12-09T02:59:33.959+0000][1][safepoint    ] Total time for which application threads were stopped: 0.0000712 seconds, Stopping threads took: 0.0000153 seconds
[2019-12-09T02:59:38.959+0000][1][safepoint    ] Application time: 5.0003448 seconds
[2019-12-09T02:59:38.959+0000][1][safepoint    ] Entering safepoint region: Cleanup
[2019-12-09T02:59:38.959+0000][1][safepoint    ] Leaving safepoint region
[2019-12-09T02:59:38.959+0000][1][safepoint    ] Total time for which application threads were stopped: 0.0000818 seconds, Stopping threads took: 0.0000229 seconds
[2019-12-09T02:59:53.960+0000][1][safepoint    ] Application time: 15.0010207 seconds
[2019-12-09T02:59:53.960+0000][1][safepoint    ] Entering safepoint region: Cleanup
[2019-12-09T02:59:53.960+0000][1][safepoint    ] Leaving safepoint region
[2019-12-09T02:59:53.960+0000][1][safepoint    ] Total time for which application threads were stopped: 0.0000804 seconds, Stopping threads took: 0.0000156 seconds
[2019-12-09T02:59:56.960+0000][1][safepoint    ] Application time: 3.0002145 seconds
[2019-12-09T02:59:56.960+0000][1][safepoint    ] Entering safepoint region: Cleanup
[2019-12-09T02:59:56.961+0000][1][safepoint    ] Leaving safepoint region
[2019-12-09T02:59:56.961+0000][1][safepoint    ] Total time for which application threads were stopped: 0.0000733 seconds, Stopping threads took: 0.0000158 seconds
[2019-12-09T02:59:58.086+0000][1][safepoint    ] Application time: 1.1256118 seconds
[2019-12-09T02:59:58.086+0000][1][safepoint    ] Entering safepoint region: GenCollectForAllocation
[2019-12-09T02:59:58.086+0000][1][gc,start     ] GC(26) Pause Young (Allocation Failure)
[2019-12-09T02:59:58.086+0000][1][gc,task      ] GC(26) Using 2 workers of 2 for evacuation
[2019-12-09T02:59:58.091+0000][1][gc,age       ] GC(26) Desired survivor size 4456448 bytes, new threshold 6 (max threshold 6)
[2019-12-09T02:59:58.091+0000][1][gc,age       ] GC(26) Age table with threshold 6 (max threshold 6)
[2019-12-09T02:59:58.091+0000][1][gc,age       ] GC(26) - age   1:       6248 bytes,       6248 total
[2019-12-09T02:59:58.091+0000][1][gc,age       ] GC(26) - age   2:       8144 bytes,      14392 total
[2019-12-09T02:59:58.091+0000][1][gc,age       ] GC(26) - age   3:       5432 bytes,      19824 total
[2019-12-09T02:59:58.091+0000][1][gc,age       ] GC(26) - age   4:    1418096 bytes,    1437920 total
[2019-12-09T02:59:58.091+0000][1][gc,heap      ] GC(26) ParNew: 72302K->2299K(78656K)
[2019-12-09T02:59:58.091+0000][1][gc,heap      ] GC(26) CMS: 68451K->68451K(174784K)
[2019-12-09T02:59:58.091+0000][1][gc,metaspace ] GC(26) Metaspace: 68114K->68114K(1112064K)
[2019-12-09T02:59:58.091+0000][1][gc           ] GC(26) Pause Young (Allocation Failure) 137M->69M(247M) 4.785ms
[2019-12-09T02:59:58.091+0000][1][gc,cpu       ] GC(26) User=0.01s Sys=0.00s Real=0.00s
[2019-12-09T02:59:58.091+0000][1][safepoint    ] Leaving safepoint region
[2019-12-09T02:59:58.091+0000][1][safepoint    ] Total time for which application threads were stopped: 0.0049202 seconds, Stopping threads took: 0.0000156 seconds
[2019-12-09T03:00:01.091+0000][1][safepoint    ] Application time: 3.0002207 seconds
[2019-12-09T03:00:01.091+0000][1][safepoint    ] Entering safepoint region: Cleanup
[2019-12-09T03:00:01.091+0000][1][safepoint    ] Leaving safepoint region
[2019-12-09T03:00:01.091+0000][1][safepoint    ] Total time for which application threads were stopped: 0.0000906 seconds, Stopping threads took: 0.0000202 seconds
[2019-12-09T03:00:03.092+0000][1][safepoint    ] Application time: 2.0001383 seconds
[2019-12-09T03:00:03.092+0000][1][safepoint    ] Entering safepoint region: Cleanup
[2019-12-09T03:00:03.092+0000][1][safepoint    ] Leaving safepoint region
[2019-12-09T03:00:03.092+0000][1][safepoint    ] Total time for which application threads were stopped: 0.0000762 seconds, Stopping threads took: 0.0000154 seconds
[2019-12-09T03:00:19.093+0000][1][safepoint    ] Application time: 16.0010593 seconds
[2019-12-09T03:00:19.093+0000][1][safepoint    ] Entering safepoint region: Cleanup
[2019-12-09T03:00:19.093+0000][1][safepoint    ] Leaving safepoint region
[2019-12-09T03:00:19.093+0000][1][safepoint    ] Total time for which application threads were stopped: 0.0000752 seconds, Stopping threads took: 0.0000221 seconds
[2019-12-09T03:00:38.094+0000][1][safepoint    ] Application time: 19.0012832 seconds
[2019-12-09T03:00:38.094+0000][1][safepoint    ] Entering safepoint region: Cleanup
[2019-12-09T03:00:38.094+0000][1][safepoint    ] Leaving safepoint region
[2019-12-09T03:00:38.094+0000][1][safepoint    ] Total time for which application threads were stopped: 0.0000790 seconds, Stopping threads took: 0.0000237 seconds
[2019-12-09T03:00:58.096+0000][1][safepoint    ] Application time: 20.0013929 seconds
[2019-12-09T03:00:58.096+0000][1][safepoint    ] Entering safepoint region: Cleanup
[2019-12-09T03:00:58.096+0000][1][safepoint    ] Leaving safepoint region
[2019-12-09T03:00:58.096+0000][1][safepoint    ] Total time for which application threads were stopped: 0.0000811 seconds, Stopping threads took: 0.0000239 seconds
[2019-12-09T03:01:06.096+0000][1][safepoint    ] Application time: 8.0005602 seconds
[2019-12-09T03:01:06.096+0000][1][safepoint    ] Entering safepoint region: Cleanup
[2019-12-09T03:01:06.096+0000][1][safepoint    ] Leaving safepoint region
[2019-12-09T03:01:06.096+0000][1][safepoint    ] Total time for which application threads were stopped: 0.0000705 seconds, Stopping threads took: 0.0000145 seconds
[2019-12-09T03:01:16.097+0000][1][safepoint    ] Application time: 10.0006775 seconds
[2019-12-09T03:01:16.097+0000][1][safepoint    ] Entering safepoint region: Cleanup
[2019-12-09T03:01:16.097+0000][1][safepoint    ] Leaving safepoint region
[2019-12-09T03:01:16.097+0000][1][safepoint    ] Total time for which application threads were stopped: 0.0000657 seconds, Stopping threads took: 0.0000140 seconds
[2019-12-09T03:01:17.097+0000][1][safepoint    ] Application time: 1.0000767 seconds
[2019-12-09T03:01:17.097+0000][1][safepoint    ] Entering safepoint region: Cleanup
[2019-12-09T03:01:17.097+0000][1][safepoint    ] Leaving safepoint region
[2019-12-09T03:01:17.097+0000][1][safepoint    ] Total time for which application threads were stopped: 0.0000661 seconds, Stopping threads took: 0.0000154 seconds
[2019-12-09T03:01:21.098+0000][1][safepoint    ] Application time: 4.0002758 seconds
[2019-12-09T03:01:21.098+0000][1][safepoint    ] Entering safepoint region: Cleanup
[2019-12-09T03:01:21.098+0000][1][safepoint    ] Leaving safepoint region
[2019-12-09T03:01:21.098+0000][1][safepoint    ] Total time for which application threads were stopped: 0.0000734 seconds, Stopping threads took: 0.0000207 seconds
[2019-12-09T03:01:22.098+0000][1][safepoint    ] Application time: 1.0000769 seconds
[2019-12-09T03:01:22.098+0000][1][safepoint    ] Entering safepoint region: Cleanup
[2019-12-09T03:01:22.098+0000][1][safepoint    ] Leaving safepoint region
[2019-12-09T03:01:22.098+0000][1][safepoint    ] Total time for which application threads were stopped: 0.0000690 seconds, Stopping threads took: 0.0000148 seconds
[2019-12-09T03:01:30.099+0000][1][safepoint    ] Application time: 8.0005540 seconds
[2019-12-09T03:01:30.099+0000][1][safepoint    ] Entering safepoint region: Cleanup
[2019-12-09T03:01:30.099+0000][1][safepoint    ] Leaving safepoint region
[2019-12-09T03:01:30.099+0000][1][safepoint    ] Total time for which application threads were stopped: 0.0000769 seconds, Stopping threads took: 0.0000132 seconds
[2019-12-09T03:01:53.100+0000][1][safepoint    ] Application time: 23.0016544 seconds
[2019-12-09T03:01:53.100+0000][1][safepoint    ] Entering safepoint region: Cleanup
[2019-12-09T03:01:53.100+0000][1][safepoint    ] Leaving safepoint region
[2019-12-09T03:01:53.100+0000][1][safepoint    ] Total time for which application threads were stopped: 0.0000734 seconds, Stopping threads took: 0.0000209 seconds
[2019-12-09T03:01:58.101+0000][1][safepoint    ] Application time: 5.0003554 seconds
[2019-12-09T03:01:58.101+0000][1][safepoint    ] Entering safepoint region: Cleanup
[2019-12-09T03:01:58.101+0000][1][safepoint    ] Leaving safepoint region
[2019-12-09T03:01:58.101+0000][1][safepoint    ] Total time for which application threads were stopped: 0.0000692 seconds, Stopping threads took: 0.0000155 seconds
[2019-12-09T03:02:01.101+0000][1][safepoint    ] Application time: 3.0002070 seconds
[2019-12-09T03:02:01.101+0000][1][safepoint    ] Entering safepoint region: Cleanup
[2019-12-09T03:02:01.101+0000][1][safepoint    ] Leaving safepoint region
[2019-12-09T03:02:01.101+0000][1][safepoint    ] Total time for which application threads were stopped: 0.0000723 seconds, Stopping threads took: 0.0000158 seconds
[2019-12-09T03:02:02.101+0000][1][safepoint    ] Application time: 1.0000779 seconds
[2019-12-09T03:02:02.101+0000][1][safepoint    ] Entering safepoint region: Cleanup
[2019-12-09T03:02:02.101+0000][1][safepoint    ] Leaving safepoint region
[2019-12-09T03:02:02.101+0000][1][safepoint    ] Total time for which application threads were stopped: 0.0000821 seconds, Stopping threads took: 0.0000168 seconds
[2019-12-09T03:02:08.060+0000][1][safepoint    ] Application time: 5.9580758 seconds
[2019-12-09T03:02:08.060+0000][1][safepoint    ] Entering safepoint region: GenCollectForAllocation
[2019-12-09T03:02:08.060+0000][1][gc,start     ] GC(27) Pause Young (Allocation Failure)
[2019-12-09T03:02:08.060+0000][1][gc,task      ] GC(27) Using 2 workers of 2 for evacuation
[2019-12-09T03:02:08.064+0000][1][gc,age       ] GC(27) Desired survivor size 4456448 bytes, new threshold 6 (max threshold 6)
[2019-12-09T03:02:08.064+0000][1][gc,age       ] GC(27) Age table with threshold 6 (max threshold 6)
[2019-12-09T03:02:08.065+0000][1][gc,age       ] GC(27) - age   1:       5552 bytes,       5552 total
[2019-12-09T03:02:08.065+0000][1][gc,age       ] GC(27) - age   2:       3696 bytes,       9248 total
[2019-12-09T03:02:08.065+0000][1][gc,age       ] GC(27) - age   3:       8144 bytes,      17392 total
[2019-12-09T03:02:08.065+0000][1][gc,age       ] GC(27) - age   4:       5432 bytes,      22824 total
[2019-12-09T03:02:08.065+0000][1][gc,age       ] GC(27) - age   5:    1418096 bytes,    1440920 total
[2019-12-09T03:02:08.065+0000][1][gc,heap      ] GC(27) ParNew: 72251K->1924K(78656K)
[2019-12-09T03:02:08.065+0000][1][gc,heap      ] GC(27) CMS: 68451K->68451K(174784K)
[2019-12-09T03:02:08.065+0000][1][gc,metaspace ] GC(27) Metaspace: 68158K->68158K(1112064K)
[2019-12-09T03:02:08.065+0000][1][gc           ] GC(27) Pause Young (Allocation Failure) 137M->68M(247M) 4.901ms
[2019-12-09T03:02:08.065+0000][1][gc,cpu       ] GC(27) User=0.01s Sys=0.00s Real=0.00s
[2019-12-09T03:02:08.065+0000][1][safepoint    ] Leaving safepoint region
[2019-12-09T03:02:08.065+0000][1][safepoint    ] Total time for which application threads were stopped: 0.0050425 seconds, Stopping threads took: 0.0000163 seconds
[2019-12-09T03:02:09.065+0000][1][safepoint    ] Application time: 1.0000895 seconds
[2019-12-09T03:02:09.065+0000][1][safepoint    ] Entering safepoint region: Cleanup
[2019-12-09T03:02:09.065+0000][1][safepoint    ] Leaving safepoint region
[2019-12-09T03:02:09.065+0000][1][safepoint    ] Total time for which application threads were stopped: 0.0000719 seconds, Stopping threads took: 0.0000164 seconds
[2019-12-09T03:02:23.066+0000][1][safepoint    ] Application time: 14.0009445 seconds
[2019-12-09T03:02:23.066+0000][1][safepoint    ] Entering safepoint region: Cleanup
[2019-12-09T03:02:23.066+0000][1][safepoint    ] Leaving safepoint region
[2019-12-09T03:02:23.066+0000][1][safepoint    ] Total time for which application threads were stopped: 0.0000876 seconds, Stopping threads took: 0.0000256 seconds
[2019-12-09T03:02:53.068+0000][1][safepoint    ] Application time: 30.0020289 seconds
[2019-12-09T03:02:53.068+0000][1][safepoint    ] Entering safepoint region: Cleanup
[2019-12-09T03:02:53.068+0000][1][safepoint    ] Leaving safepoint region
[2019-12-09T03:02:53.068+0000][1][safepoint    ] Total time for which application threads were stopped: 0.0000831 seconds, Stopping threads took: 0.0000261 seconds
[2019-12-09T03:02:54.068+0000][1][safepoint    ] Application time: 1.0000774 seconds
[2019-12-09T03:02:54.068+0000][1][safepoint    ] Entering safepoint region: Cleanup
[2019-12-09T03:02:54.068+0000][1][safepoint    ] Leaving safepoint region
[2019-12-09T03:02:54.068+0000][1][safepoint    ] Total time for which application threads were stopped: 0.0000707 seconds, Stopping threads took: 0.0000160 seconds
[2019-12-09T03:02:59.069+0000][1][safepoint    ] Application time: 5.0003435 seconds
[2019-12-09T03:02:59.069+0000][1][safepoint    ] Entering safepoint region: Cleanup
[2019-12-09T03:02:59.069+0000][1][safepoint    ] Leaving safepoint region
[2019-12-09T03:02:59.069+0000][1][safepoint    ] Total time for which application threads were stopped: 0.0000796 seconds, Stopping threads took: 0.0000166 seconds
[2019-12-09T03:03:03.069+0000][1][safepoint    ] Application time: 4.0002757 seconds
[2019-12-09T03:03:03.069+0000][1][safepoint    ] Entering safepoint region: Cleanup
[2019-12-09T03:03:03.069+0000][1][safepoint    ] Leaving safepoint region
[2019-12-09T03:03:03.069+0000][1][safepoint    ] Total time for which application threads were stopped: 0.0000742 seconds, Stopping threads took: 0.0000185 seconds
[2019-12-09T03:03:04.069+0000][1][safepoint    ] Application time: 1.0000736 seconds
[2019-12-09T03:03:04.069+0000][1][safepoint    ] Entering safepoint region: Cleanup
[2019-12-09T03:03:04.069+0000][1][safepoint    ] Leaving safepoint region
[2019-12-09T03:03:04.069+0000][1][safepoint    ] Total time for which application threads were stopped: 0.0000709 seconds, Stopping threads took: 0.0000164 seconds
[2019-12-09T03:03:06.069+0000][1][safepoint    ] Application time: 2.0001414 seconds
[2019-12-09T03:03:06.069+0000][1][safepoint    ] Entering safepoint region: Cleanup
[2019-12-09T03:03:06.070+0000][1][safepoint    ] Leaving safepoint region
[2019-12-09T03:03:06.070+0000][1][safepoint    ] Total time for which application threads were stopped: 0.0000970 seconds, Stopping threads took: 0.0000178 seconds
[2019-12-09T03:03:11.070+0000][1][safepoint    ] Application time: 5.0003564 seconds
[2019-12-09T03:03:11.070+0000][1][safepoint    ] Entering safepoint region: Cleanup
[2019-12-09T03:03:11.070+0000][1][safepoint    ] Leaving safepoint region
[2019-12-09T03:03:11.070+0000][1][safepoint    ] Total time for which application threads were stopped: 0.0000877 seconds, Stopping threads took: 0.0000181 seconds
[2019-12-09T03:03:24.073+0000][1][safepoint    ] Application time: 13.0030338 seconds
[2019-12-09T03:03:24.073+0000][1][safepoint    ] Entering safepoint region: Cleanup
[2019-12-09T03:03:24.073+0000][1][safepoint    ] Leaving safepoint region
[2019-12-09T03:03:24.073+0000][1][safepoint    ] Total time for which application threads were stopped: 0.0001034 seconds, Stopping threads took: 0.0000311 seconds
[2019-12-09T03:03:34.074+0000][1][safepoint    ] Application time: 10.0006769 seconds
[2019-12-09T03:03:34.074+0000][1][safepoint    ] Entering safepoint region: Cleanup
[2019-12-09T03:03:34.074+0000][1][safepoint    ] Leaving safepoint region
[2019-12-09T03:03:34.074+0000][1][safepoint    ] Total time for which application threads were stopped: 0.0000877 seconds, Stopping threads took: 0.0000265 seconds
[2019-12-09T03:03:41.075+0000][1][safepoint    ] Application time: 7.0004998 seconds
[2019-12-09T03:03:41.075+0000][1][safepoint    ] Entering safepoint region: Cleanup
[2019-12-09T03:03:41.075+0000][1][safepoint    ] Leaving safepoint region
[2019-12-09T03:03:41.075+0000][1][safepoint    ] Total time for which application threads were stopped: 0.0000845 seconds, Stopping threads took: 0.0000177 seconds
[2019-12-09T03:03:49.075+0000][1][safepoint    ] Application time: 8.0005608 seconds
[2019-12-09T03:03:49.075+0000][1][safepoint    ] Entering safepoint region: Cleanup
[2019-12-09T03:03:49.075+0000][1][safepoint    ] Leaving safepoint region
[2019-12-09T03:03:49.075+0000][1][safepoint    ] Total time for which application threads were stopped: 0.0000764 seconds, Stopping threads took: 0.0000170 seconds
[2019-12-09T03:03:52.076+0000][1][safepoint    ] Application time: 3.0002141 seconds
[2019-12-09T03:03:52.076+0000][1][safepoint    ] Entering safepoint region: Cleanup
[2019-12-09T03:03:52.076+0000][1][safepoint    ] Leaving safepoint region
[2019-12-09T03:03:52.076+0000][1][safepoint    ] Total time for which application threads were stopped: 0.0000852 seconds, Stopping threads took: 0.0000168 seconds
[2019-12-09T03:03:57.076+0000][1][safepoint    ] Application time: 5.0003546 seconds
[2019-12-09T03:03:57.076+0000][1][safepoint    ] Entering safepoint region: Cleanup
[2019-12-09T03:03:57.076+0000][1][safepoint    ] Leaving safepoint region
[2019-12-09T03:03:57.076+0000][1][safepoint    ] Total time for which application threads were stopped: 0.0000756 seconds, Stopping threads took: 0.0000170 seconds
[2019-12-09T03:03:58.076+0000][1][safepoint    ] Application time: 1.0000806 seconds
[2019-12-09T03:03:58.076+0000][1][safepoint    ] Entering safepoint region: Cleanup
[2019-12-09T03:03:58.076+0000][1][safepoint    ] Leaving safepoint region
[2019-12-09T03:03:58.076+0000][1][safepoint    ] Total time for which application threads were stopped: 0.0000743 seconds, Stopping threads took: 0.0000178 seconds
[2019-12-09T03:04:05.322+0000][1][safepoint    ] Application time: 7.2457534 seconds
[2019-12-09T03:04:05.322+0000][1][safepoint    ] Entering safepoint region: RevokeBias
[2019-12-09T03:04:05.322+0000][1][safepoint    ] Leaving safepoint region
[2019-12-09T03:04:05.322+0000][1][safepoint    ] Total time for which application threads were stopped: 0.0001018 seconds, Stopping threads took: 0.0000218 seconds
[2019-12-09T03:04:05.323+0000][1][safepoint    ] Application time: 0.0005221 seconds
[2019-12-09T03:04:05.323+0000][1][safepoint    ] Entering safepoint region: RevokeBias
[2019-12-09T03:04:05.323+0000][1][safepoint    ] Leaving safepoint region
[2019-12-09T03:04:05.323+0000][1][safepoint    ] Total time for which application threads were stopped: 0.0000559 seconds, Stopping threads took: 0.0000124 seconds
[2019-12-09T03:04:05.325+0000][1][safepoint    ] Application time: 0.0020751 seconds
[2019-12-09T03:04:05.325+0000][1][safepoint    ] Entering safepoint region: RevokeBias
[2019-12-09T03:04:05.325+0000][1][safepoint    ] Leaving safepoint region
[2019-12-09T03:04:05.325+0000][1][safepoint    ] Total time for which application threads were stopped: 0.0000726 seconds, Stopping threads took: 0.0000166 seconds
[2019-12-09T03:04:05.328+0000][1][safepoint    ] Application time: 0.0028078 seconds
[2019-12-09T03:04:05.328+0000][1][safepoint    ] Entering safepoint region: RevokeBias
[2019-12-09T03:04:05.328+0000][1][safepoint    ] Leaving safepoint region
[2019-12-09T03:04:05.328+0000][1][safepoint    ] Total time for which application threads were stopped: 0.0000573 seconds, Stopping threads took: 0.0000136 seconds
[2019-12-09T03:04:05.335+0000][1][safepoint    ] Application time: 0.0071989 seconds
[2019-12-09T03:04:05.335+0000][1][safepoint    ] Entering safepoint region: RevokeBias
[2019-12-09T03:04:05.335+0000][1][safepoint    ] Leaving safepoint region
[2019-12-09T03:04:05.335+0000][1][safepoint    ] Total time for which application threads were stopped: 0.0000382 seconds, Stopping threads took: 0.0000103 seconds
[2019-12-09T03:04:05.336+0000][1][safepoint    ] Application time: 0.0003653 seconds
[2019-12-09T03:04:05.336+0000][1][safepoint    ] Entering safepoint region: RevokeBias
[2019-12-09T03:04:05.336+0000][1][safepoint    ] Leaving safepoint region
[2019-12-09T03:04:05.336+0000][1][safepoint    ] Total time for which application threads were stopped: 0.0000598 seconds, Stopping threads took: 0.0000114 seconds
[2019-12-09T03:04:05.336+0000][1][safepoint    ] Application time: 0.0001920 seconds
[2019-12-09T03:04:05.336+0000][1][safepoint    ] Entering safepoint region: RevokeBias
[2019-12-09T03:04:05.336+0000][1][safepoint    ] Leaving safepoint region
[2019-12-09T03:04:05.336+0000][1][safepoint    ] Total time for which application threads were stopped: 0.0000630 seconds, Stopping threads took: 0.0000101 seconds
[2019-12-09T03:04:05.338+0000][1][safepoint    ] Application time: 0.0018840 seconds
[2019-12-09T03:04:05.338+0000][1][safepoint    ] Entering safepoint region: RevokeBias
[2019-12-09T03:04:05.338+0000][1][safepoint    ] Leaving safepoint region
[2019-12-09T03:04:05.338+0000][1][safepoint    ] Total time for which application threads were stopped: 0.0005357 seconds, Stopping threads took: 0.0004729 seconds
[2019-12-09T03:04:05.342+0000][1][safepoint    ] Application time: 0.0031022 seconds
[2019-12-09T03:04:05.342+0000][1][safepoint    ] Entering safepoint region: RevokeBias
[2019-12-09T03:04:05.342+0000][1][safepoint    ] Leaving safepoint region
[2019-12-09T03:04:05.342+0000][1][safepoint    ] Total time for which application threads were stopped: 0.0004762 seconds, Stopping threads took: 0.0003912 seconds
[2019-12-09T03:04:05.343+0000][1][safepoint    ] Application time: 0.0008519 seconds
[2019-12-09T03:04:05.343+0000][1][safepoint    ] Entering safepoint region: RevokeBias
[2019-12-09T03:04:05.343+0000][1][safepoint    ] Leaving safepoint region
[2019-12-09T03:04:05.343+0000][1][safepoint    ] Total time for which application threads were stopped: 0.0000590 seconds, Stopping threads took: 0.0000118 seconds
[2019-12-09T03:04:05.343+0000][1][safepoint    ] Application time: 0.0004873 seconds
[2019-12-09T03:04:05.343+0000][1][safepoint    ] Entering safepoint region: RevokeBias
[2019-12-09T03:04:05.343+0000][1][safepoint    ] Leaving safepoint region
[2019-12-09T03:04:05.344+0000][1][safepoint    ] Total time for which application threads were stopped: 0.0000516 seconds, Stopping threads took: 0.0000112 seconds
[2019-12-09T03:04:05.344+0000][1][safepoint    ] Application time: 0.0001352 seconds
[2019-12-09T03:04:05.344+0000][1][safepoint    ] Entering safepoint region: RevokeBias
[2019-12-09T03:04:05.344+0000][1][safepoint    ] Leaving safepoint region
[2019-12-09T03:04:05.344+0000][1][safepoint    ] Total time for which application threads were stopped: 0.0000673 seconds, Stopping threads took: 0.0000091 seconds
[2019-12-09T03:04:05.344+0000][1][safepoint    ] Application time: 0.0000603 seconds
[2019-12-09T03:04:05.344+0000][1][safepoint    ] Entering safepoint region: RevokeBias
[2019-12-09T03:04:05.344+0000][1][safepoint    ] Leaving safepoint region
[2019-12-09T03:04:05.344+0000][1][safepoint    ] Total time for which application threads were stopped: 0.0000405 seconds, Stopping threads took: 0.0000083 seconds
[2019-12-09T03:04:05.344+0000][1][safepoint    ] Application time: 0.0000869 seconds
[2019-12-09T03:04:05.344+0000][1][safepoint    ] Entering safepoint region: RevokeBias
[2019-12-09T03:04:05.344+0000][1][safepoint    ] Leaving safepoint region
[2019-12-09T03:04:05.344+0000][1][safepoint    ] Total time for which application threads were stopped: 0.0000359 seconds, Stopping threads took: 0.0000081 seconds
[2019-12-09T03:04:05.344+0000][1][safepoint    ] Application time: 0.0000503 seconds
[2019-12-09T03:04:05.344+0000][1][safepoint    ] Entering safepoint region: RevokeBias
[2019-12-09T03:04:05.344+0000][1][safepoint    ] Leaving safepoint region
[2019-12-09T03:04:05.344+0000][1][safepoint    ] Total time for which application threads were stopped: 0.0000354 seconds, Stopping threads took: 0.0000083 seconds
[2019-12-09T03:04:05.344+0000][1][safepoint    ] Application time: 0.0002119 seconds
[2019-12-09T03:04:05.344+0000][1][safepoint    ] Entering safepoint region: RevokeBias
[2019-12-09T03:04:05.344+0000][1][safepoint    ] Leaving safepoint region
[2019-12-09T03:04:05.344+0000][1][safepoint    ] Total time for which application threads were stopped: 0.0000447 seconds, Stopping threads took: 0.0000101 seconds
[2019-12-09T03:04:05.344+0000][1][safepoint    ] Application time: 0.0000588 seconds
[2019-12-09T03:04:05.344+0000][1][safepoint    ] Entering safepoint region: RevokeBias
[2019-12-09T03:04:05.344+0000][1][safepoint    ] Leaving safepoint region
[2019-12-09T03:04:05.344+0000][1][safepoint    ] Total time for which application threads were stopped: 0.0000344 seconds, Stopping threads took: 0.0000075 seconds
[2019-12-09T03:04:05.346+0000][1][safepoint    ] Application time: 0.0010807 seconds
[2019-12-09T03:04:05.346+0000][1][safepoint    ] Entering safepoint region: RevokeBias
[2019-12-09T03:04:05.346+0000][1][safepoint    ] Leaving safepoint region
[2019-12-09T03:04:05.346+0000][1][safepoint    ] Total time for which application threads were stopped: 0.0000596 seconds, Stopping threads took: 0.0000120 seconds
[2019-12-09T03:04:05.347+0000][1][safepoint    ] Application time: 0.0011911 seconds
[2019-12-09T03:04:05.347+0000][1][safepoint    ] Entering safepoint region: RevokeBias
[2019-12-09T03:04:05.347+0000][1][safepoint    ] Leaving safepoint region
[2019-12-09T03:04:05.347+0000][1][safepoint    ] Total time for which application threads were stopped: 0.0000607 seconds, Stopping threads took: 0.0000123 seconds
[2019-12-09T03:04:05.351+0000][1][safepoint    ] Application time: 0.0036933 seconds
[2019-12-09T03:04:05.351+0000][1][safepoint    ] Entering safepoint region: RevokeBias
[2019-12-09T03:04:05.351+0000][1][safepoint    ] Leaving safepoint region
[2019-12-09T03:04:05.351+0000][1][safepoint    ] Total time for which application threads were stopped: 0.0000748 seconds, Stopping threads took: 0.0000122 seconds
[2019-12-09T03:04:05.352+0000][1][safepoint    ] Application time: 0.0010308 seconds
[2019-12-09T03:04:05.352+0000][1][safepoint    ] Entering safepoint region: RevokeBias
[2019-12-09T03:04:05.352+0000][1][safepoint    ] Leaving safepoint region
[2019-12-09T03:04:05.352+0000][1][safepoint    ] Total time for which application threads were stopped: 0.0000579 seconds, Stopping threads took: 0.0000202 seconds
[2019-12-09T03:04:05.357+0000][1][safepoint    ] Application time: 0.0051426 seconds
[2019-12-09T03:04:05.357+0000][1][safepoint    ] Entering safepoint region: RevokeBias
[2019-12-09T03:04:05.357+0000][1][safepoint    ] Leaving safepoint region
[2019-12-09T03:04:05.357+0000][1][safepoint    ] Total time for which application threads were stopped: 0.0000690 seconds, Stopping threads took: 0.0000130 seconds
[2019-12-09T03:04:05.357+0000][1][safepoint    ] Application time: 0.0000650 seconds
[2019-12-09T03:04:05.357+0000][1][safepoint    ] Entering safepoint region: RevokeBias
[2019-12-09T03:04:05.357+0000][1][safepoint    ] Leaving safepoint region
[2019-12-09T03:04:05.357+0000][1][safepoint    ] Total time for which application threads were stopped: 0.0000439 seconds, Stopping threads took: 0.0000096 seconds
[2019-12-09T03:04:05.365+0000][1][safepoint    ] Application time: 0.0081216 seconds
[2019-12-09T03:04:05.365+0000][1][safepoint    ] Entering safepoint region: RevokeBias
[2019-12-09T03:04:05.365+0000][1][safepoint    ] Leaving safepoint region
[2019-12-09T03:04:05.365+0000][1][safepoint    ] Total time for which application threads were stopped: 0.0000559 seconds, Stopping threads took: 0.0000139 seconds
[2019-12-09T03:04:05.366+0000][1][safepoint    ] Application time: 0.0001909 seconds
[2019-12-09T03:04:05.366+0000][1][safepoint    ] Entering safepoint region: RevokeBias
[2019-12-09T03:04:05.366+0000][1][safepoint    ] Leaving safepoint region
[2019-12-09T03:04:05.366+0000][1][safepoint    ] Total time for which application threads were stopped: 0.0000517 seconds, Stopping threads took: 0.0000101 seconds
[2019-12-09T03:04:05.366+0000][1][safepoint    ] Application time: 0.0000598 seconds
[2019-12-09T03:04:05.366+0000][1][safepoint    ] Entering safepoint region: RevokeBias
[2019-12-09T03:04:05.366+0000][1][safepoint    ] Leaving safepoint region
[2019-12-09T03:04:05.366+0000][1][safepoint    ] Total time for which application threads were stopped: 0.0000406 seconds, Stopping threads took: 0.0000094 seconds
[2019-12-09T03:04:05.367+0000][1][safepoint    ] Application time: 0.0010273 seconds
[2019-12-09T03:04:05.367+0000][1][safepoint    ] Entering safepoint region: RevokeBias
[2019-12-09T03:04:05.367+0000][1][safepoint    ] Leaving safepoint region
[2019-12-09T03:04:05.367+0000][1][safepoint    ] Total time for which application threads were stopped: 0.0000719 seconds, Stopping threads took: 0.0000302 seconds
[2019-12-09T03:04:05.367+0000][1][safepoint    ] Application time: 0.0000744 seconds
[2019-12-09T03:04:05.367+0000][1][safepoint    ] Entering safepoint region: RevokeBias
[2019-12-09T03:04:05.367+0000][1][safepoint    ] Leaving safepoint region
[2019-12-09T03:04:05.367+0000][1][safepoint    ] Total time for which application threads were stopped: 0.0000397 seconds, Stopping threads took: 0.0000092 seconds
[2019-12-09T03:04:05.367+0000][1][safepoint    ] Application time: 0.0000580 seconds
[2019-12-09T03:04:05.367+0000][1][safepoint    ] Entering safepoint region: RevokeBias
[2019-12-09T03:04:05.367+0000][1][safepoint    ] Leaving safepoint region
[2019-12-09T03:04:05.367+0000][1][safepoint    ] Total time for which application threads were stopped: 0.0000374 seconds, Stopping threads took: 0.0000082 seconds
[2019-12-09T03:04:05.367+0000][1][safepoint    ] Application time: 0.0000860 seconds
[2019-12-09T03:04:05.367+0000][1][safepoint    ] Entering safepoint region: RevokeBias
[2019-12-09T03:04:05.367+0000][1][safepoint    ] Leaving safepoint region
[2019-12-09T03:04:05.367+0000][1][safepoint    ] Total time for which application threads were stopped: 0.0000355 seconds, Stopping threads took: 0.0000088 seconds
[2019-12-09T03:04:05.367+0000][1][safepoint    ] Application time: 0.0000684 seconds
[2019-12-09T03:04:05.367+0000][1][safepoint    ] Entering safepoint region: RevokeBias
[2019-12-09T03:04:05.367+0000][1][safepoint    ] Leaving safepoint region
[2019-12-09T03:04:05.367+0000][1][safepoint    ] Total time for which application threads were stopped: 0.0000337 seconds, Stopping threads took: 0.0000078 seconds
[2019-12-09T03:04:05.368+0000][1][safepoint    ] Application time: 0.0000801 seconds
[2019-12-09T03:04:05.368+0000][1][safepoint    ] Entering safepoint region: RevokeBias
[2019-12-09T03:04:05.368+0000][1][safepoint    ] Leaving safepoint region
[2019-12-09T03:04:05.368+0000][1][safepoint    ] Total time for which application threads were stopped: 0.0000362 seconds, Stopping threads took: 0.0000084 seconds
[2019-12-09T03:04:05.371+0000][1][safepoint    ] Application time: 0.0033263 seconds
[2019-12-09T03:04:05.371+0000][1][safepoint    ] Entering safepoint region: RevokeBias
[2019-12-09T03:04:05.372+0000][1][safepoint    ] Leaving safepoint region
[2019-12-09T03:04:05.372+0000][1][safepoint    ] Total time for which application threads were stopped: 0.0007110 seconds, Stopping threads took: 0.0003872 seconds
[2019-12-09T03:04:05.399+0000][1][safepoint    ] Application time: 0.0270875 seconds
[2019-12-09T03:04:05.399+0000][1][safepoint    ] Entering safepoint region: BulkRevokeBias
[2019-12-09T03:04:05.399+0000][1][safepoint    ] Leaving safepoint region
[2019-12-09T03:04:05.399+0000][1][safepoint    ] Total time for which application threads were stopped: 0.0002235 seconds, Stopping threads took: 0.0000132 seconds
[2019-12-09T03:04:05.463+0000][1][safepoint    ] Application time: 0.0638788 seconds
[2019-12-09T03:04:05.463+0000][1][safepoint    ] Entering safepoint region: RevokeBias
[2019-12-09T03:04:05.463+0000][1][safepoint    ] Leaving safepoint region
[2019-12-09T03:04:05.463+0000][1][safepoint    ] Total time for which application threads were stopped: 0.0000769 seconds, Stopping threads took: 0.0000157 seconds
[2019-12-09T03:04:05.485+0000][1][safepoint    ] Application time: 0.0220484 seconds
[2019-12-09T03:04:05.492+0000][1][safepoint    ] Entering safepoint region: RevokeBias
[2019-12-09T03:04:05.492+0000][1][safepoint    ] Leaving safepoint region
[2019-12-09T03:04:05.492+0000][1][safepoint    ] Total time for which application threads were stopped: 0.0068702 seconds, Stopping threads took: 0.0067974 seconds
[2019-12-09T03:04:05.494+0000][1][safepoint    ] Application time: 0.0019050 seconds
[2019-12-09T03:04:05.494+0000][1][safepoint    ] Entering safepoint region: RevokeBias
[2019-12-09T03:04:05.494+0000][1][safepoint    ] Leaving safepoint region
[2019-12-09T03:04:05.494+0000][1][safepoint    ] Total time for which application threads were stopped: 0.0000646 seconds, Stopping threads took: 0.0000128 seconds
[2019-12-09T03:04:05.502+0000][1][safepoint    ] Application time: 0.0085277 seconds
[2019-12-09T03:04:05.502+0000][1][safepoint    ] Entering safepoint region: RevokeBias
[2019-12-09T03:04:05.503+0000][1][safepoint    ] Leaving safepoint region
[2019-12-09T03:04:05.503+0000][1][safepoint    ] Total time for which application threads were stopped: 0.0000646 seconds, Stopping threads took: 0.0000123 seconds
[2019-12-09T03:04:05.506+0000][1][safepoint    ] Application time: 0.0031717 seconds
[2019-12-09T03:04:05.506+0000][1][safepoint    ] Entering safepoint region: RevokeBias
[2019-12-09T03:04:05.506+0000][1][safepoint    ] Leaving safepoint region
[2019-12-09T03:04:05.506+0000][1][safepoint    ] Total time for which application threads were stopped: 0.0000491 seconds, Stopping threads took: 0.0000105 seconds
[2019-12-09T03:04:05.507+0000][1][safepoint    ] Application time: 0.0011951 seconds
[2019-12-09T03:04:05.507+0000][1][safepoint    ] Entering safepoint region: RevokeBias
[2019-12-09T03:04:05.507+0000][1][safepoint    ] Leaving safepoint region
[2019-12-09T03:04:05.507+0000][1][safepoint    ] Total time for which application threads were stopped: 0.0000411 seconds, Stopping threads took: 0.0000100 seconds
[2019-12-09T03:04:05.507+0000][1][safepoint    ] Application time: 0.0001186 seconds
[2019-12-09T03:04:05.507+0000][1][safepoint    ] Entering safepoint region: RevokeBias
[2019-12-09T03:04:05.507+0000][1][safepoint    ] Leaving safepoint region
[2019-12-09T03:04:05.507+0000][1][safepoint    ] Total time for which application threads were stopped: 0.0000348 seconds, Stopping threads took: 0.0000081 seconds
[2019-12-09T03:04:05.508+0000][1][safepoint    ] Application time: 0.0011983 seconds
[2019-12-09T03:04:05.508+0000][1][safepoint    ] Entering safepoint region: RevokeBias
[2019-12-09T03:04:05.508+0000][1][safepoint    ] Leaving safepoint region
[2019-12-09T03:04:05.509+0000][1][safepoint    ] Total time for which application threads were stopped: 0.0000560 seconds, Stopping threads took: 0.0000116 seconds
[2019-12-09T03:04:05.525+0000][1][safepoint    ] Application time: 0.0168875 seconds
[2019-12-09T03:04:05.525+0000][1][safepoint    ] Entering safepoint region: RevokeBias
[2019-12-09T03:04:05.525+0000][1][gc,start     ] GC(28) Pause Young (Allocation Failure)
[2019-12-09T03:04:05.526+0000][1][gc,task      ] GC(28) Using 2 workers of 2 for evacuation
[2019-12-09T03:04:05.561+0000][1][gc,age       ] GC(28) Desired survivor size 4456448 bytes, new threshold 6 (max threshold 6)
[2019-12-09T03:04:05.561+0000][1][gc,age       ] GC(28) Age table with threshold 6 (max threshold 6)
[2019-12-09T03:04:05.561+0000][1][gc,age       ] GC(28) - age   1:     141240 bytes,     141240 total
[2019-12-09T03:04:05.561+0000][1][gc,age       ] GC(28) - age   2:       2016 bytes,     143256 total
[2019-12-09T03:04:05.562+0000][1][gc,age       ] GC(28) - age   3:       3696 bytes,     146952 total
[2019-12-09T03:04:05.562+0000][1][gc,age       ] GC(28) - age   4:       8144 bytes,     155096 total
[2019-12-09T03:04:05.562+0000][1][gc,age       ] GC(28) - age   5:       5432 bytes,     160528 total
[2019-12-09T03:04:05.562+0000][1][gc,age       ] GC(28) - age   6:    1084408 bytes,    1244936 total
[2019-12-09T03:04:05.562+0000][1][gc,heap      ] GC(28) ParNew: 71876K->2064K(78656K)
[2019-12-09T03:04:05.562+0000][1][gc,heap      ] GC(28) CMS: 68451K->68451K(174784K)
[2019-12-09T03:04:05.562+0000][1][gc,metaspace ] GC(28) Metaspace: 68332K->68332K(1112064K)
[2019-12-09T03:04:05.562+0000][1][gc           ] GC(28) Pause Young (Allocation Failure) 137M->68M(247M) 36.093ms
[2019-12-09T03:04:05.562+0000][1][gc,cpu       ] GC(28) User=0.01s Sys=0.00s Real=0.03s
[2019-12-09T03:04:05.562+0000][1][safepoint    ] Leaving safepoint region
[2019-12-09T03:04:05.562+0000][1][safepoint    ] Total time for which application threads were stopped: 0.0362204 seconds, Stopping threads took: 0.0000091 seconds
[2019-12-09T03:04:05.579+0000][1][gc,heap,exit ] Heap
[2019-12-09T03:04:05.579+0000][1][gc,heap,exit ]  par new generation   total 78656K, used 2256K [0x00000000f0000000, 0x00000000f5550000, 0x00000000f5550000)
[2019-12-09T03:04:05.579+0000][1][gc,heap,exit ]   eden space 69952K,   0% used [0x00000000f0000000, 0x00000000f0030110, 0x00000000f4450000)
[2019-12-09T03:04:05.579+0000][1][gc,heap,exit ]   from space 8704K,  23% used [0x00000000f4cd0000, 0x00000000f4ed40d8, 0x00000000f5550000)
[2019-12-09T03:04:05.579+0000][1][gc,heap,exit ]   to   space 8704K,   0% used [0x00000000f4450000, 0x00000000f4450000, 0x00000000f4cd0000)
[2019-12-09T03:04:05.579+0000][1][gc,heap,exit ]  concurrent mark-sweep generation total 174784K, used 68451K [0x00000000f5550000, 0x0000000100000000, 0x0000000100000000)
[2019-12-09T03:04:05.579+0000][1][gc,heap,exit ]  Metaspace       used 68332K, capacity 73197K, committed 73248K, reserved 1112064K
[2019-12-09T03:04:05.579+0000][1][gc,heap,exit ]   class space    used 9206K, capacity 11288K, committed 11304K, reserved 1048576K
[2019-12-09T03:04:05.579+0000][1][safepoint    ] Application time: 0.0177321 seconds
[2019-12-09T03:04:05.579+0000][1][safepoint    ] Entering safepoint region: Exit
