[2019-12-09T07:00:12.164+0000][1][gc] Using Concurrent Mark Sweep
[2019-12-09T07:00:12.164+0000][1][gc,heap,coops] Heap address: 0x00000000f0000000, size: 256 MB, Compressed Oops mode: 32-bit
[2019-12-09T07:00:12.480+0000][1][safepoint    ] Entering safepoint region: EnableBiasedLocking
[2019-12-09T07:00:12.480+0000][1][safepoint    ] Leaving safepoint region
[2019-12-09T07:00:12.480+0000][1][safepoint    ] Total time for which application threads were stopped: 0.0109498 seconds, Stopping threads took: 0.0108663 seconds
[2019-12-09T07:00:12.508+0000][1][safepoint    ] Application time: 0.0275882 seconds
[2019-12-09T07:00:12.553+0000][1][safepoint    ] Entering safepoint region: RevokeBias
[2019-12-09T07:00:12.553+0000][1][safepoint    ] Leaving safepoint region
[2019-12-09T07:00:12.553+0000][1][safepoint    ] Total time for which application threads were stopped: 0.0450720 seconds, Stopping threads took: 0.0449947 seconds
[2019-12-09T07:00:12.643+0000][1][safepoint    ] Application time: 0.0899649 seconds
[2019-12-09T07:00:12.643+0000][1][safepoint    ] Entering safepoint region: Deoptimize
[2019-12-09T07:00:12.643+0000][1][safepoint    ] Leaving safepoint region
[2019-12-09T07:00:12.643+0000][1][safepoint    ] Total time for which application threads were stopped: 0.0000536 seconds, Stopping threads took: 0.0000106 seconds
[2019-12-09T07:00:13.496+0000][1][safepoint    ] Application time: 0.8535445 seconds
[2019-12-09T07:00:13.496+0000][1][safepoint    ] Entering safepoint region: Deoptimize
[2019-12-09T07:00:13.497+0000][1][safepoint    ] Leaving safepoint region
[2019-12-09T07:00:13.497+0000][1][safepoint    ] Total time for which application threads were stopped: 0.0001087 seconds, Stopping threads took: 0.0000114 seconds
[2019-12-09T07:00:14.497+0000][1][safepoint    ] Application time: 1.0001261 seconds
[2019-12-09T07:00:14.578+0000][1][safepoint    ] Entering safepoint region: Cleanup
[2019-12-09T07:00:14.578+0000][1][safepoint    ] Leaving safepoint region
[2019-12-09T07:00:14.578+0000][1][safepoint    ] Total time for which application threads were stopped: 0.0811231 seconds, Stopping threads took: 0.0810499 seconds
[2019-12-09T07:00:15.578+0000][1][safepoint    ] Application time: 1.0001293 seconds
[2019-12-09T07:00:15.578+0000][1][safepoint    ] Entering safepoint region: Cleanup
[2019-12-09T07:00:15.578+0000][1][safepoint    ] Leaving safepoint region
[2019-12-09T07:00:15.578+0000][1][safepoint    ] Total time for which application threads were stopped: 0.0000643 seconds, Stopping threads took: 0.0000113 seconds
[2019-12-09T07:00:15.896+0000][1][safepoint    ] Application time: 0.3175969 seconds
[2019-12-09T07:00:15.896+0000][1][safepoint    ] Entering safepoint region: Deoptimize
[2019-12-09T07:00:15.896+0000][1][safepoint    ] Leaving safepoint region
[2019-12-09T07:00:15.896+0000][1][safepoint    ] Total time for which application threads were stopped: 0.0001479 seconds, Stopping threads took: 0.0000101 seconds
[2019-12-09T07:00:16.086+0000][1][safepoint    ] Application time: 0.1896836 seconds
[2019-12-09T07:00:16.086+0000][1][safepoint    ] Entering safepoint region: Deoptimize
[2019-12-09T07:00:16.086+0000][1][safepoint    ] Leaving safepoint region
[2019-12-09T07:00:16.086+0000][1][safepoint    ] Total time for which application threads were stopped: 0.0001734 seconds, Stopping threads took: 0.0000115 seconds
[2019-12-09T07:00:16.484+0000][1][safepoint    ] Application time: 0.3981605 seconds
[2019-12-09T07:00:16.484+0000][1][safepoint    ] Entering safepoint region: Deoptimize
[2019-12-09T07:00:16.484+0000][1][safepoint    ] Leaving safepoint region
[2019-12-09T07:00:16.484+0000][1][safepoint    ] Total time for which application threads were stopped: 0.0001540 seconds, Stopping threads took: 0.0000108 seconds
[2019-12-09T07:00:16.644+0000][1][safepoint    ] Application time: 0.1598639 seconds
[2019-12-09T07:00:16.644+0000][1][safepoint    ] Entering safepoint region: Deoptimize
[2019-12-09T07:00:16.644+0000][1][safepoint    ] Leaving safepoint region
[2019-12-09T07:00:16.644+0000][1][safepoint    ] Total time for which application threads were stopped: 0.0001579 seconds, Stopping threads took: 0.0000122 seconds
[2019-12-09T07:00:17.661+0000][1][safepoint    ] Application time: 1.0163955 seconds
[2019-12-09T07:00:17.661+0000][1][safepoint    ] Entering safepoint region: Cleanup
[2019-12-09T07:00:17.661+0000][1][safepoint    ] Leaving safepoint region
[2019-12-09T07:00:17.661+0000][1][safepoint    ] Total time for which application threads were stopped: 0.0001058 seconds, Stopping threads took: 0.0000640 seconds
[2019-12-09T07:00:18.665+0000][1][safepoint    ] Application time: 1.0039491 seconds
[2019-12-09T07:00:18.668+0000][1][safepoint    ] Entering safepoint region: Cleanup
[2019-12-09T07:00:18.668+0000][1][safepoint    ] Leaving safepoint region
[2019-12-09T07:00:18.668+0000][1][safepoint    ] Total time for which application threads were stopped: 0.0030589 seconds, Stopping threads took: 0.0029973 seconds
[2019-12-09T07:00:19.669+0000][1][safepoint    ] Application time: 1.0009240 seconds
[2019-12-09T07:00:19.669+0000][1][safepoint    ] Entering safepoint region: Cleanup
[2019-12-09T07:00:19.669+0000][1][safepoint    ] Leaving safepoint region
[2019-12-09T07:00:19.669+0000][1][safepoint    ] Total time for which application threads were stopped: 0.0000649 seconds, Stopping threads took: 0.0000138 seconds
[2019-12-09T07:00:20.479+0000][1][safepoint    ] Application time: 0.8106198 seconds
[2019-12-09T07:00:20.480+0000][1][safepoint    ] Entering safepoint region: Deoptimize
[2019-12-09T07:00:20.480+0000][1][safepoint    ] Leaving safepoint region
[2019-12-09T07:00:20.480+0000][1][safepoint    ] Total time for which application threads were stopped: 0.0002233 seconds, Stopping threads took: 0.0000115 seconds
[2019-12-09T07:00:21.482+0000][1][safepoint    ] Application time: 1.0019673 seconds
[2019-12-09T07:00:21.482+0000][1][safepoint    ] Entering safepoint region: Cleanup
[2019-12-09T07:00:21.482+0000][1][safepoint    ] Leaving safepoint region
[2019-12-09T07:00:21.482+0000][1][safepoint    ] Total time for which application threads were stopped: 0.0000585 seconds, Stopping threads took: 0.0000149 seconds
[2019-12-09T07:00:22.497+0000][1][safepoint    ] Application time: 1.0149178 seconds
[2019-12-09T07:00:22.497+0000][1][safepoint    ] Entering safepoint region: Cleanup
[2019-12-09T07:00:22.497+0000][1][safepoint    ] Leaving safepoint region
[2019-12-09T07:00:22.497+0000][1][safepoint    ] Total time for which application threads were stopped: 0.0001130 seconds, Stopping threads took: 0.0000510 seconds
[2019-12-09T07:00:23.483+0000][1][safepoint    ] Application time: 0.9856669 seconds
[2019-12-09T07:00:23.483+0000][1][safepoint    ] Entering safepoint region: Deoptimize
[2019-12-09T07:00:23.483+0000][1][safepoint    ] Leaving safepoint region
[2019-12-09T07:00:23.483+0000][1][safepoint    ] Total time for which application threads were stopped: 0.0002613 seconds, Stopping threads took: 0.0000122 seconds
[2019-12-09T07:00:24.483+0000][1][safepoint    ] Application time: 1.0003759 seconds
[2019-12-09T07:00:24.519+0000][1][safepoint    ] Entering safepoint region: Cleanup
[2019-12-09T07:00:24.519+0000][1][safepoint    ] Leaving safepoint region
[2019-12-09T07:00:24.519+0000][1][safepoint    ] Total time for which application threads were stopped: 0.0356034 seconds, Stopping threads took: 0.0355342 seconds
[2019-12-09T07:00:24.579+0000][1][safepoint    ] Application time: 0.0599801 seconds
[2019-12-09T07:00:24.579+0000][1][safepoint    ] Entering safepoint region: Deoptimize
[2019-12-09T07:00:24.579+0000][1][safepoint    ] Leaving safepoint region
[2019-12-09T07:00:24.579+0000][1][safepoint    ] Total time for which application threads were stopped: 0.0002520 seconds, Stopping threads took: 0.0000134 seconds
[2019-12-09T07:00:24.603+0000][1][safepoint    ] Application time: 0.0236785 seconds
[2019-12-09T07:00:24.603+0000][1][safepoint    ] Entering safepoint region: Deoptimize
[2019-12-09T07:00:24.603+0000][1][safepoint    ] Leaving safepoint region
[2019-12-09T07:00:24.603+0000][1][safepoint    ] Total time for which application threads were stopped: 0.0002432 seconds, Stopping threads took: 0.0000124 seconds
[2019-12-09T07:00:24.837+0000][1][safepoint    ] Application time: 0.2340348 seconds
[2019-12-09T07:00:24.837+0000][1][safepoint    ] Entering safepoint region: Deoptimize
[2019-12-09T07:00:24.837+0000][1][safepoint    ] Leaving safepoint region
[2019-12-09T07:00:24.837+0000][1][safepoint    ] Total time for which application threads were stopped: 0.0002721 seconds, Stopping threads took: 0.0000129 seconds
[2019-12-09T07:00:24.914+0000][1][safepoint    ] Application time: 0.0766882 seconds
[2019-12-09T07:00:24.974+0000][1][safepoint    ] Entering safepoint region: RevokeBias
[2019-12-09T07:00:24.974+0000][1][safepoint    ] Leaving safepoint region
[2019-12-09T07:00:24.974+0000][1][safepoint    ] Total time for which application threads were stopped: 0.0596956 seconds, Stopping threads took: 0.0596362 seconds
[2019-12-09T07:00:24.974+0000][1][safepoint    ] Application time: 0.0000711 seconds
[2019-12-09T07:00:24.974+0000][1][safepoint    ] Entering safepoint region: RevokeBias
[2019-12-09T07:00:24.974+0000][1][safepoint    ] Leaving safepoint region
[2019-12-09T07:00:24.974+0000][1][safepoint    ] Total time for which application threads were stopped: 0.0000372 seconds, Stopping threads took: 0.0000092 seconds
[2019-12-09T07:00:24.974+0000][1][safepoint    ] Application time: 0.0000908 seconds
[2019-12-09T07:00:24.974+0000][1][safepoint    ] Entering safepoint region: RevokeBias
[2019-12-09T07:00:24.974+0000][1][safepoint    ] Leaving safepoint region
[2019-12-09T07:00:24.974+0000][1][safepoint    ] Total time for which application threads were stopped: 0.0000351 seconds, Stopping threads took: 0.0000087 seconds
[2019-12-09T07:00:24.974+0000][1][safepoint    ] Application time: 0.0001556 seconds
[2019-12-09T07:00:24.974+0000][1][safepoint    ] Entering safepoint region: RevokeBias
[2019-12-09T07:00:24.974+0000][1][safepoint    ] Leaving safepoint region
[2019-12-09T07:00:24.974+0000][1][safepoint    ] Total time for which application threads were stopped: 0.0000369 seconds, Stopping threads took: 0.0000082 seconds
[2019-12-09T07:00:24.983+0000][1][safepoint    ] Application time: 0.0084347 seconds
[2019-12-09T07:00:24.983+0000][1][safepoint    ] Entering safepoint region: Deoptimize
[2019-12-09T07:00:24.983+0000][1][safepoint    ] Leaving safepoint region
[2019-12-09T07:00:24.983+0000][1][safepoint    ] Total time for which application threads were stopped: 0.0002437 seconds, Stopping threads took: 0.0000131 seconds
[2019-12-09T07:00:25.985+0000][1][safepoint    ] Application time: 1.0015934 seconds
[2019-12-09T07:00:25.986+0000][1][safepoint    ] Entering safepoint region: Cleanup
[2019-12-09T07:00:25.986+0000][1][safepoint    ] Leaving safepoint region
[2019-12-09T07:00:25.986+0000][1][safepoint    ] Total time for which application threads were stopped: 0.0010111 seconds, Stopping threads took: 0.0009616 seconds
[2019-12-09T07:00:26.398+0000][1][safepoint    ] Application time: 0.4117337 seconds
[2019-12-09T07:00:26.398+0000][1][safepoint    ] Entering safepoint region: GenCollectForAllocation
[2019-12-09T07:00:26.398+0000][1][gc,start     ] GC(0) Pause Young (Allocation Failure)
[2019-12-09T07:00:26.398+0000][1][gc,task      ] GC(0) Using 2 workers of 2 for evacuation
[2019-12-09T07:00:26.505+0000][1][gc,age       ] GC(0) Desired survivor size 4456448 bytes, new threshold 1 (max threshold 6)
[2019-12-09T07:00:26.505+0000][1][gc,age       ] GC(0) Age table with threshold 1 (max threshold 6)
[2019-12-09T07:00:26.505+0000][1][gc,age       ] GC(0) - age   1:    6476456 bytes,    6476456 total
[2019-12-09T07:00:26.505+0000][1][gc,heap      ] GC(0) ParNew: 69952K->6372K(78656K)
[2019-12-09T07:00:26.505+0000][1][gc,heap      ] GC(0) CMS: 0K->0K(174784K)
[2019-12-09T07:00:26.505+0000][1][gc,metaspace ] GC(0) Metaspace: 12685K->12685K(1060864K)
[2019-12-09T07:00:26.505+0000][1][gc           ] GC(0) Pause Young (Allocation Failure) 68M->6M(247M) 107.521ms
[2019-12-09T07:00:26.505+0000][1][gc,cpu       ] GC(0) User=0.02s Sys=0.00s Real=0.11s
[2019-12-09T07:00:26.505+0000][1][safepoint    ] Leaving safepoint region
[2019-12-09T07:00:26.505+0000][1][safepoint    ] Total time for which application threads were stopped: 0.1076730 seconds, Stopping threads took: 0.0000135 seconds
[2019-12-09T07:00:26.511+0000][1][safepoint    ] Application time: 0.0061683 seconds
[2019-12-09T07:00:26.512+0000][1][safepoint    ] Entering safepoint region: RevokeBias
[2019-12-09T07:00:26.512+0000][1][safepoint    ] Leaving safepoint region
[2019-12-09T07:00:26.512+0000][1][safepoint    ] Total time for which application threads were stopped: 0.0006293 seconds, Stopping threads took: 0.0005210 seconds
[2019-12-09T07:00:26.514+0000][1][safepoint    ] Application time: 0.0022306 seconds
[2019-12-09T07:00:26.514+0000][1][safepoint    ] Entering safepoint region: RevokeBias
[2019-12-09T07:00:26.514+0000][1][safepoint    ] Leaving safepoint region
[2019-12-09T07:00:26.514+0000][1][safepoint    ] Total time for which application threads were stopped: 0.0000785 seconds, Stopping threads took: 0.0000105 seconds
[2019-12-09T07:00:26.514+0000][1][safepoint    ] Application time: 0.0000596 seconds
[2019-12-09T07:00:26.514+0000][1][safepoint    ] Entering safepoint region: RevokeBias
[2019-12-09T07:00:26.515+0000][1][safepoint    ] Leaving safepoint region
[2019-12-09T07:00:26.515+0000][1][safepoint    ] Total time for which application threads were stopped: 0.0000542 seconds, Stopping threads took: 0.0000077 seconds
[2019-12-09T07:00:26.515+0000][1][safepoint    ] Application time: 0.0000459 seconds
[2019-12-09T07:00:26.515+0000][1][safepoint    ] Entering safepoint region: RevokeBias
[2019-12-09T07:00:26.515+0000][1][safepoint    ] Leaving safepoint region
[2019-12-09T07:00:26.515+0000][1][safepoint    ] Total time for which application threads were stopped: 0.0000486 seconds, Stopping threads took: 0.0000071 seconds
[2019-12-09T07:00:26.515+0000][1][safepoint    ] Application time: 0.0000625 seconds
[2019-12-09T07:00:26.515+0000][1][safepoint    ] Entering safepoint region: RevokeBias
[2019-12-09T07:00:26.515+0000][1][safepoint    ] Leaving safepoint region
[2019-12-09T07:00:26.515+0000][1][safepoint    ] Total time for which application threads were stopped: 0.0000533 seconds, Stopping threads took: 0.0000074 seconds
[2019-12-09T07:00:26.515+0000][1][safepoint    ] Application time: 0.0000471 seconds
[2019-12-09T07:00:26.515+0000][1][safepoint    ] Entering safepoint region: RevokeBias
[2019-12-09T07:00:26.515+0000][1][safepoint    ] Leaving safepoint region
[2019-12-09T07:00:26.515+0000][1][safepoint    ] Total time for which application threads were stopped: 0.0000500 seconds, Stopping threads took: 0.0000070 seconds
[2019-12-09T07:00:26.515+0000][1][safepoint    ] Application time: 0.0000523 seconds
[2019-12-09T07:00:26.515+0000][1][safepoint    ] Entering safepoint region: RevokeBias
[2019-12-09T07:00:26.515+0000][1][safepoint    ] Leaving safepoint region
[2019-12-09T07:00:26.515+0000][1][safepoint    ] Total time for which application threads were stopped: 0.0000476 seconds, Stopping threads took: 0.0000071 seconds
[2019-12-09T07:00:26.515+0000][1][safepoint    ] Application time: 0.0000450 seconds
[2019-12-09T07:00:26.515+0000][1][safepoint    ] Entering safepoint region: RevokeBias
[2019-12-09T07:00:26.515+0000][1][safepoint    ] Leaving safepoint region
[2019-12-09T07:00:26.515+0000][1][safepoint    ] Total time for which application threads were stopped: 0.0000480 seconds, Stopping threads took: 0.0000072 seconds
[2019-12-09T07:00:26.515+0000][1][safepoint    ] Application time: 0.0000528 seconds
[2019-12-09T07:00:26.515+0000][1][safepoint    ] Entering safepoint region: RevokeBias
[2019-12-09T07:00:26.515+0000][1][safepoint    ] Leaving safepoint region
[2019-12-09T07:00:26.515+0000][1][safepoint    ] Total time for which application threads were stopped: 0.0000494 seconds, Stopping threads took: 0.0000073 seconds
[2019-12-09T07:00:26.515+0000][1][safepoint    ] Application time: 0.0000455 seconds
[2019-12-09T07:00:26.515+0000][1][safepoint    ] Entering safepoint region: RevokeBias
[2019-12-09T07:00:26.515+0000][1][safepoint    ] Leaving safepoint region
[2019-12-09T07:00:26.515+0000][1][safepoint    ] Total time for which application threads were stopped: 0.0000570 seconds, Stopping threads took: 0.0000135 seconds
[2019-12-09T07:00:26.515+0000][1][safepoint    ] Application time: 0.0000504 seconds
[2019-12-09T07:00:26.515+0000][1][safepoint    ] Entering safepoint region: RevokeBias
[2019-12-09T07:00:26.515+0000][1][safepoint    ] Leaving safepoint region
[2019-12-09T07:00:26.515+0000][1][safepoint    ] Total time for which application threads were stopped: 0.0000509 seconds, Stopping threads took: 0.0000071 seconds
[2019-12-09T07:00:26.515+0000][1][safepoint    ] Application time: 0.0000463 seconds
[2019-12-09T07:00:26.516+0000][1][safepoint    ] Entering safepoint region: RevokeBias
[2019-12-09T07:00:26.516+0000][1][safepoint    ] Leaving safepoint region
[2019-12-09T07:00:26.516+0000][1][safepoint    ] Total time for which application threads were stopped: 0.0000492 seconds, Stopping threads took: 0.0000070 seconds
[2019-12-09T07:00:26.516+0000][1][safepoint    ] Application time: 0.0000506 seconds
[2019-12-09T07:00:26.516+0000][1][safepoint    ] Entering safepoint region: RevokeBias
[2019-12-09T07:00:26.516+0000][1][safepoint    ] Leaving safepoint region
[2019-12-09T07:00:26.516+0000][1][safepoint    ] Total time for which application threads were stopped: 0.0000482 seconds, Stopping threads took: 0.0000070 seconds
[2019-12-09T07:00:26.516+0000][1][safepoint    ] Application time: 0.0000511 seconds
[2019-12-09T07:00:26.516+0000][1][safepoint    ] Entering safepoint region: RevokeBias
[2019-12-09T07:00:26.516+0000][1][safepoint    ] Leaving safepoint region
[2019-12-09T07:00:26.516+0000][1][safepoint    ] Total time for which application threads were stopped: 0.0000484 seconds, Stopping threads took: 0.0000073 seconds
[2019-12-09T07:00:26.538+0000][1][safepoint    ] Application time: 0.0219115 seconds
[2019-12-09T07:00:26.580+0000][1][safepoint    ] Entering safepoint region: RevokeBias
[2019-12-09T07:00:26.580+0000][1][safepoint    ] Leaving safepoint region
[2019-12-09T07:00:26.580+0000][1][safepoint    ] Total time for which application threads were stopped: 0.0424747 seconds, Stopping threads took: 0.0423377 seconds
[2019-12-09T07:00:26.580+0000][1][safepoint    ] Application time: 0.0000657 seconds
[2019-12-09T07:00:26.580+0000][1][safepoint    ] Entering safepoint region: RevokeBias
[2019-12-09T07:00:26.580+0000][1][safepoint    ] Leaving safepoint region
[2019-12-09T07:00:26.580+0000][1][safepoint    ] Total time for which application threads were stopped: 0.0000692 seconds, Stopping threads took: 0.0000083 seconds
[2019-12-09T07:00:26.580+0000][1][safepoint    ] Application time: 0.0000734 seconds
[2019-12-09T07:00:26.580+0000][1][safepoint    ] Entering safepoint region: RevokeBias
[2019-12-09T07:00:26.580+0000][1][safepoint    ] Leaving safepoint region
[2019-12-09T07:00:26.581+0000][1][safepoint    ] Total time for which application threads were stopped: 0.0000647 seconds, Stopping threads took: 0.0000078 seconds
[2019-12-09T07:00:26.581+0000][1][safepoint    ] Application time: 0.0000465 seconds
[2019-12-09T07:00:26.581+0000][1][safepoint    ] Entering safepoint region: RevokeBias
[2019-12-09T07:00:26.581+0000][1][safepoint    ] Leaving safepoint region
[2019-12-09T07:00:26.581+0000][1][safepoint    ] Total time for which application threads were stopped: 0.0000593 seconds, Stopping threads took: 0.0000074 seconds
[2019-12-09T07:00:26.581+0000][1][safepoint    ] Application time: 0.0000884 seconds
[2019-12-09T07:00:26.581+0000][1][safepoint    ] Entering safepoint region: RevokeBias
[2019-12-09T07:00:26.581+0000][1][safepoint    ] Leaving safepoint region
[2019-12-09T07:00:26.581+0000][1][safepoint    ] Total time for which application threads were stopped: 0.0000791 seconds, Stopping threads took: 0.0000076 seconds
[2019-12-09T07:00:26.581+0000][1][safepoint    ] Application time: 0.0000553 seconds
[2019-12-09T07:00:26.581+0000][1][safepoint    ] Entering safepoint region: RevokeBias
[2019-12-09T07:00:26.581+0000][1][safepoint    ] Leaving safepoint region
[2019-12-09T07:00:26.581+0000][1][safepoint    ] Total time for which application threads were stopped: 0.0000771 seconds, Stopping threads took: 0.0000213 seconds
[2019-12-09T07:00:26.581+0000][1][safepoint    ] Application time: 0.0000616 seconds
[2019-12-09T07:00:26.581+0000][1][safepoint    ] Entering safepoint region: RevokeBias
[2019-12-09T07:00:26.581+0000][1][safepoint    ] Leaving safepoint region
[2019-12-09T07:00:26.581+0000][1][safepoint    ] Total time for which application threads were stopped: 0.0000633 seconds, Stopping threads took: 0.0000084 seconds
[2019-12-09T07:00:26.581+0000][1][safepoint    ] Application time: 0.0000522 seconds
[2019-12-09T07:00:26.581+0000][1][safepoint    ] Entering safepoint region: RevokeBias
[2019-12-09T07:00:26.581+0000][1][safepoint    ] Leaving safepoint region
[2019-12-09T07:00:26.581+0000][1][safepoint    ] Total time for which application threads were stopped: 0.0000608 seconds, Stopping threads took: 0.0000084 seconds
[2019-12-09T07:00:26.581+0000][1][safepoint    ] Application time: 0.0000566 seconds
[2019-12-09T07:00:26.581+0000][1][safepoint    ] Entering safepoint region: RevokeBias
[2019-12-09T07:00:26.581+0000][1][safepoint    ] Leaving safepoint region
[2019-12-09T07:00:26.581+0000][1][safepoint    ] Total time for which application threads were stopped: 0.0000597 seconds, Stopping threads took: 0.0000083 seconds
[2019-12-09T07:00:26.581+0000][1][safepoint    ] Application time: 0.0000532 seconds
[2019-12-09T07:00:26.581+0000][1][safepoint    ] Entering safepoint region: RevokeBias
[2019-12-09T07:00:26.581+0000][1][safepoint    ] Leaving safepoint region
[2019-12-09T07:00:26.582+0000][1][safepoint    ] Total time for which application threads were stopped: 0.0000604 seconds, Stopping threads took: 0.0000081 seconds
[2019-12-09T07:00:26.582+0000][1][safepoint    ] Application time: 0.0000793 seconds
[2019-12-09T07:00:26.582+0000][1][safepoint    ] Entering safepoint region: RevokeBias
[2019-12-09T07:00:26.582+0000][1][safepoint    ] Leaving safepoint region
[2019-12-09T07:00:26.582+0000][1][safepoint    ] Total time for which application threads were stopped: 0.0000650 seconds, Stopping threads took: 0.0000080 seconds
[2019-12-09T07:00:26.582+0000][1][safepoint    ] Application time: 0.0000663 seconds
[2019-12-09T07:00:26.582+0000][1][safepoint    ] Entering safepoint region: RevokeBias
[2019-12-09T07:00:26.582+0000][1][safepoint    ] Leaving safepoint region
[2019-12-09T07:00:26.582+0000][1][safepoint    ] Total time for which application threads were stopped: 0.0000659 seconds, Stopping threads took: 0.0000087 seconds
[2019-12-09T07:00:26.588+0000][1][safepoint    ] Application time: 0.0061322 seconds
[2019-12-09T07:00:26.614+0000][1][safepoint    ] Entering safepoint region: RevokeBias
[2019-12-09T07:00:26.614+0000][1][safepoint    ] Leaving safepoint region
[2019-12-09T07:00:26.614+0000][1][safepoint    ] Total time for which application threads were stopped: 0.0260567 seconds, Stopping threads took: 0.0259549 seconds
[2019-12-09T07:00:26.614+0000][1][safepoint    ] Application time: 0.0000629 seconds
[2019-12-09T07:00:26.614+0000][1][safepoint    ] Entering safepoint region: RevokeBias
[2019-12-09T07:00:26.614+0000][1][safepoint    ] Leaving safepoint region
[2019-12-09T07:00:26.614+0000][1][safepoint    ] Total time for which application threads were stopped: 0.0000684 seconds, Stopping threads took: 0.0000080 seconds
[2019-12-09T07:00:26.614+0000][1][safepoint    ] Application time: 0.0000732 seconds
[2019-12-09T07:00:26.614+0000][1][safepoint    ] Entering safepoint region: RevokeBias
[2019-12-09T07:00:26.614+0000][1][safepoint    ] Leaving safepoint region
[2019-12-09T07:00:26.614+0000][1][safepoint    ] Total time for which application threads were stopped: 0.0000660 seconds, Stopping threads took: 0.0000076 seconds
[2019-12-09T07:00:26.614+0000][1][safepoint    ] Application time: 0.0000461 seconds
[2019-12-09T07:00:26.614+0000][1][safepoint    ] Entering safepoint region: RevokeBias
[2019-12-09T07:00:26.614+0000][1][safepoint    ] Leaving safepoint region
[2019-12-09T07:00:26.614+0000][1][safepoint    ] Total time for which application threads were stopped: 0.0000713 seconds, Stopping threads took: 0.0000164 seconds
[2019-12-09T07:00:27.878+0000][1][safepoint    ] Application time: 1.2632291 seconds
[2019-12-09T07:00:27.948+0000][1][safepoint    ] Entering safepoint region: Cleanup
[2019-12-09T07:00:27.948+0000][1][safepoint    ] Leaving safepoint region
[2019-12-09T07:00:27.948+0000][1][safepoint    ] Total time for which application threads were stopped: 0.0700796 seconds, Stopping threads took: 0.0700266 seconds
[2019-12-09T07:00:28.443+0000][1][safepoint    ] Application time: 0.4948915 seconds
[2019-12-09T07:00:28.443+0000][1][safepoint    ] Entering safepoint region: Deoptimize
[2019-12-09T07:00:28.443+0000][1][safepoint    ] Leaving safepoint region
[2019-12-09T07:00:28.443+0000][1][safepoint    ] Total time for which application threads were stopped: 0.0003660 seconds, Stopping threads took: 0.0000129 seconds
[2019-12-09T07:00:29.451+0000][1][safepoint    ] Application time: 1.0080331 seconds
[2019-12-09T07:00:29.452+0000][1][safepoint    ] Entering safepoint region: Cleanup
[2019-12-09T07:00:29.452+0000][1][safepoint    ] Leaving safepoint region
[2019-12-09T07:00:29.452+0000][1][safepoint    ] Total time for which application threads were stopped: 0.0012991 seconds, Stopping threads took: 0.0012266 seconds
[2019-12-09T07:00:29.731+0000][1][safepoint    ] Application time: 0.2780059 seconds
[2019-12-09T07:00:29.741+0000][1][safepoint    ] Entering safepoint region: RevokeBias
[2019-12-09T07:00:29.741+0000][1][safepoint    ] Leaving safepoint region
[2019-12-09T07:00:29.741+0000][1][safepoint    ] Total time for which application threads were stopped: 0.0102958 seconds, Stopping threads took: 0.0102155 seconds
[2019-12-09T07:00:30.742+0000][1][safepoint    ] Application time: 1.0013283 seconds
[2019-12-09T07:00:30.742+0000][1][safepoint    ] Entering safepoint region: Cleanup
[2019-12-09T07:00:30.742+0000][1][safepoint    ] Leaving safepoint region
[2019-12-09T07:00:30.742+0000][1][safepoint    ] Total time for which application threads were stopped: 0.0001087 seconds, Stopping threads took: 0.0000487 seconds
[2019-12-09T07:00:31.198+0000][1][safepoint    ] Application time: 0.4553830 seconds
[2019-12-09T07:00:31.198+0000][1][safepoint    ] Entering safepoint region: GenCollectForAllocation
[2019-12-09T07:00:31.198+0000][1][gc,start     ] GC(1) Pause Young (Allocation Failure)
[2019-12-09T07:00:31.198+0000][1][gc,task      ] GC(1) Using 2 workers of 2 for evacuation
[2019-12-09T07:00:31.449+0000][1][gc,age       ] GC(1) Desired survivor size 4456448 bytes, new threshold 6 (max threshold 6)
[2019-12-09T07:00:31.449+0000][1][gc,age       ] GC(1) Age table with threshold 6 (max threshold 6)
[2019-12-09T07:00:31.449+0000][1][gc,age       ] GC(1) - age   1:    1325024 bytes,    1325024 total
[2019-12-09T07:00:31.449+0000][1][gc,heap      ] GC(1) ParNew: 76324K->4080K(78656K)
[2019-12-09T07:00:31.449+0000][1][gc,heap      ] GC(1) CMS: 0K->6817K(174784K)
[2019-12-09T07:00:31.449+0000][1][gc,metaspace ] GC(1) Metaspace: 14813K->14813K(1062912K)
[2019-12-09T07:00:31.449+0000][1][gc           ] GC(1) Pause Young (Allocation Failure) 74M->10M(247M) 251.235ms
[2019-12-09T07:00:31.449+0000][1][gc,cpu       ] GC(1) User=0.06s Sys=0.00s Real=0.25s
[2019-12-09T07:00:31.449+0000][1][safepoint    ] Leaving safepoint region
[2019-12-09T07:00:31.449+0000][1][safepoint    ] Total time for which application threads were stopped: 0.2513966 seconds, Stopping threads took: 0.0000134 seconds
[2019-12-09T07:00:31.460+0000][1][safepoint    ] Application time: 0.0106765 seconds
[2019-12-09T07:00:31.460+0000][1][safepoint    ] Entering safepoint region: BulkRevokeBias
[2019-12-09T07:00:31.460+0000][1][safepoint    ] Leaving safepoint region
[2019-12-09T07:00:31.460+0000][1][safepoint    ] Total time for which application threads were stopped: 0.0001459 seconds, Stopping threads took: 0.0000471 seconds
[2019-12-09T07:00:31.464+0000][1][safepoint    ] Application time: 0.0036888 seconds
[2019-12-09T07:00:31.469+0000][1][safepoint    ] Entering safepoint region: RevokeBias
[2019-12-09T07:00:31.469+0000][1][safepoint    ] Leaving safepoint region
[2019-12-09T07:00:31.469+0000][1][safepoint    ] Total time for which application threads were stopped: 0.0051848 seconds, Stopping threads took: 0.0051309 seconds
[2019-12-09T07:00:31.475+0000][1][safepoint    ] Application time: 0.0057782 seconds
[2019-12-09T07:00:31.543+0000][1][safepoint    ] Entering safepoint region: RevokeBias
[2019-12-09T07:00:31.543+0000][1][safepoint    ] Leaving safepoint region
[2019-12-09T07:00:31.543+0000][1][safepoint    ] Total time for which application threads were stopped: 0.0681270 seconds, Stopping threads took: 0.0680454 seconds
[2019-12-09T07:00:31.543+0000][1][safepoint    ] Application time: 0.0000952 seconds
[2019-12-09T07:00:31.543+0000][1][safepoint    ] Entering safepoint region: RevokeBias
[2019-12-09T07:00:31.543+0000][1][safepoint    ] Leaving safepoint region
[2019-12-09T07:00:31.543+0000][1][safepoint    ] Total time for which application threads were stopped: 0.0000555 seconds, Stopping threads took: 0.0000092 seconds
[2019-12-09T07:00:31.543+0000][1][safepoint    ] Application time: 0.0000525 seconds
[2019-12-09T07:00:31.543+0000][1][safepoint    ] Entering safepoint region: RevokeBias
[2019-12-09T07:00:31.543+0000][1][safepoint    ] Leaving safepoint region
[2019-12-09T07:00:31.543+0000][1][safepoint    ] Total time for which application threads were stopped: 0.0000500 seconds, Stopping threads took: 0.0000082 seconds
[2019-12-09T07:00:31.543+0000][1][safepoint    ] Application time: 0.0000622 seconds
[2019-12-09T07:00:31.543+0000][1][safepoint    ] Entering safepoint region: RevokeBias
[2019-12-09T07:00:31.543+0000][1][safepoint    ] Leaving safepoint region
[2019-12-09T07:00:31.543+0000][1][safepoint    ] Total time for which application threads were stopped: 0.0000515 seconds, Stopping threads took: 0.0000082 seconds
[2019-12-09T07:00:31.543+0000][1][safepoint    ] Application time: 0.0000518 seconds
[2019-12-09T07:00:31.543+0000][1][safepoint    ] Entering safepoint region: RevokeBias
[2019-12-09T07:00:31.543+0000][1][safepoint    ] Leaving safepoint region
[2019-12-09T07:00:31.543+0000][1][safepoint    ] Total time for which application threads were stopped: 0.0000500 seconds, Stopping threads took: 0.0000082 seconds
[2019-12-09T07:00:31.543+0000][1][safepoint    ] Application time: 0.0000567 seconds
[2019-12-09T07:00:31.543+0000][1][safepoint    ] Entering safepoint region: BulkRevokeBias
[2019-12-09T07:00:31.544+0000][1][safepoint    ] Leaving safepoint region
[2019-12-09T07:00:31.544+0000][1][safepoint    ] Total time for which application threads were stopped: 0.0000917 seconds, Stopping threads took: 0.0000088 seconds
[2019-12-09T07:00:31.544+0000][1][safepoint    ] Application time: 0.0000562 seconds
[2019-12-09T07:00:31.544+0000][1][safepoint    ] Entering safepoint region: RevokeBias
[2019-12-09T07:00:31.544+0000][1][safepoint    ] Leaving safepoint region
[2019-12-09T07:00:31.544+0000][1][safepoint    ] Total time for which application threads were stopped: 0.0000762 seconds, Stopping threads took: 0.0000088 seconds
[2019-12-09T07:00:31.544+0000][1][safepoint    ] Application time: 0.0000778 seconds
[2019-12-09T07:00:31.544+0000][1][safepoint    ] Entering safepoint region: BulkRevokeBias
[2019-12-09T07:00:31.544+0000][1][safepoint    ] Leaving safepoint region
[2019-12-09T07:00:31.544+0000][1][safepoint    ] Total time for which application threads were stopped: 0.0000781 seconds, Stopping threads took: 0.0000080 seconds
[2019-12-09T07:00:31.937+0000][1][safepoint    ] Application time: 0.3926120 seconds
[2019-12-09T07:00:31.937+0000][1][safepoint    ] Entering safepoint region: RevokeBias
[2019-12-09T07:00:31.937+0000][1][safepoint    ] Leaving safepoint region
[2019-12-09T07:00:31.937+0000][1][safepoint    ] Total time for which application threads were stopped: 0.0000942 seconds, Stopping threads took: 0.0000123 seconds
[2019-12-09T07:00:32.008+0000][1][safepoint    ] Application time: 0.0716020 seconds
[2019-12-09T07:00:32.008+0000][1][safepoint    ] Entering safepoint region: RevokeBias
[2019-12-09T07:00:32.008+0000][1][safepoint    ] Leaving safepoint region
[2019-12-09T07:00:32.008+0000][1][safepoint    ] Total time for which application threads were stopped: 0.0000880 seconds, Stopping threads took: 0.0000141 seconds
[2019-12-09T07:00:32.937+0000][1][safepoint    ] Application time: 0.9286378 seconds
[2019-12-09T07:00:32.937+0000][1][safepoint    ] Entering safepoint region: GenCollectForAllocation
[2019-12-09T07:00:32.937+0000][1][gc,start     ] GC(2) Pause Young (Allocation Failure)
[2019-12-09T07:00:32.937+0000][1][gc,task      ] GC(2) Using 2 workers of 2 for evacuation
[2019-12-09T07:00:33.014+0000][1][gc,age       ] GC(2) Desired survivor size 4456448 bytes, new threshold 6 (max threshold 6)
[2019-12-09T07:00:33.014+0000][1][gc,age       ] GC(2) Age table with threshold 6 (max threshold 6)
[2019-12-09T07:00:33.014+0000][1][gc,age       ] GC(2) - age   1:     499768 bytes,     499768 total
[2019-12-09T07:00:33.014+0000][1][gc,age       ] GC(2) - age   2:    1128184 bytes,    1627952 total
[2019-12-09T07:00:33.014+0000][1][gc,heap      ] GC(2) ParNew: 74032K->2015K(78656K)
[2019-12-09T07:00:33.014+0000][1][gc,heap      ] GC(2) CMS: 6817K->6817K(174784K)
[2019-12-09T07:00:33.014+0000][1][gc,metaspace ] GC(2) Metaspace: 14916K->14916K(1062912K)
[2019-12-09T07:00:33.014+0000][1][gc           ] GC(2) Pause Young (Allocation Failure) 78M->8M(247M) 76.770ms
[2019-12-09T07:00:33.014+0000][1][gc,cpu       ] GC(2) User=0.02s Sys=0.00s Real=0.07s
[2019-12-09T07:00:33.014+0000][1][safepoint    ] Leaving safepoint region
[2019-12-09T07:00:33.014+0000][1][safepoint    ] Total time for which application threads were stopped: 0.0769161 seconds, Stopping threads took: 0.0000137 seconds
[2019-12-09T07:00:33.021+0000][1][safepoint    ] Application time: 0.0068410 seconds
[2019-12-09T07:00:33.065+0000][1][safepoint    ] Entering safepoint region: RevokeBias
[2019-12-09T07:00:33.065+0000][1][safepoint    ] Leaving safepoint region
[2019-12-09T07:00:33.065+0000][1][safepoint    ] Total time for which application threads were stopped: 0.0445147 seconds, Stopping threads took: 0.0443833 seconds
[2019-12-09T07:00:33.065+0000][1][safepoint    ] Application time: 0.0000671 seconds
[2019-12-09T07:00:33.065+0000][1][safepoint    ] Entering safepoint region: RevokeBias
[2019-12-09T07:00:33.066+0000][1][safepoint    ] Leaving safepoint region
[2019-12-09T07:00:33.066+0000][1][safepoint    ] Total time for which application threads were stopped: 0.0000841 seconds, Stopping threads took: 0.0000084 seconds
[2019-12-09T07:00:33.066+0000][1][safepoint    ] Application time: 0.0000666 seconds
[2019-12-09T07:00:33.066+0000][1][safepoint    ] Entering safepoint region: RevokeBias
[2019-12-09T07:00:33.066+0000][1][safepoint    ] Leaving safepoint region
[2019-12-09T07:00:33.066+0000][1][safepoint    ] Total time for which application threads were stopped: 0.0001260 seconds, Stopping threads took: 0.0000077 seconds
[2019-12-09T07:00:33.066+0000][1][safepoint    ] Application time: 0.0000567 seconds
[2019-12-09T07:00:33.066+0000][1][safepoint    ] Entering safepoint region: RevokeBias
[2019-12-09T07:00:33.066+0000][1][safepoint    ] Leaving safepoint region
[2019-12-09T07:00:33.066+0000][1][safepoint    ] Total time for which application threads were stopped: 0.0000975 seconds, Stopping threads took: 0.0000088 seconds
[2019-12-09T07:00:33.066+0000][1][safepoint    ] Application time: 0.0000809 seconds
[2019-12-09T07:00:33.066+0000][1][safepoint    ] Entering safepoint region: RevokeBias
[2019-12-09T07:00:33.066+0000][1][safepoint    ] Leaving safepoint region
[2019-12-09T07:00:33.066+0000][1][safepoint    ] Total time for which application threads were stopped: 0.0000972 seconds, Stopping threads took: 0.0000089 seconds
[2019-12-09T07:00:33.066+0000][1][safepoint    ] Application time: 0.0000542 seconds
[2019-12-09T07:00:33.066+0000][1][safepoint    ] Entering safepoint region: RevokeBias
[2019-12-09T07:00:33.066+0000][1][safepoint    ] Leaving safepoint region
[2019-12-09T07:00:33.066+0000][1][safepoint    ] Total time for which application threads were stopped: 0.0001027 seconds, Stopping threads took: 0.0000181 seconds
[2019-12-09T07:00:33.066+0000][1][safepoint    ] Application time: 0.0000725 seconds
[2019-12-09T07:00:33.066+0000][1][safepoint    ] Entering safepoint region: RevokeBias
[2019-12-09T07:00:33.066+0000][1][safepoint    ] Leaving safepoint region
[2019-12-09T07:00:33.066+0000][1][safepoint    ] Total time for which application threads were stopped: 0.0000832 seconds, Stopping threads took: 0.0000074 seconds
[2019-12-09T07:00:33.067+0000][1][safepoint    ] Application time: 0.0000466 seconds
[2019-12-09T07:00:33.067+0000][1][safepoint    ] Entering safepoint region: RevokeBias
[2019-12-09T07:00:33.067+0000][1][safepoint    ] Leaving safepoint region
[2019-12-09T07:00:33.067+0000][1][safepoint    ] Total time for which application threads were stopped: 0.0000809 seconds, Stopping threads took: 0.0000076 seconds
[2019-12-09T07:00:34.071+0000][1][safepoint    ] Application time: 1.0041082 seconds
[2019-12-09T07:00:34.102+0000][1][safepoint    ] Entering safepoint region: Cleanup
[2019-12-09T07:00:34.102+0000][1][safepoint    ] Leaving safepoint region
[2019-12-09T07:00:34.102+0000][1][safepoint    ] Total time for which application threads were stopped: 0.0311035 seconds, Stopping threads took: 0.0309941 seconds
[2019-12-09T07:00:34.122+0000][1][safepoint    ] Application time: 0.0199245 seconds
[2019-12-09T07:00:34.122+0000][1][safepoint    ] Entering safepoint region: Deoptimize
[2019-12-09T07:00:34.122+0000][1][safepoint    ] Leaving safepoint region
[2019-12-09T07:00:34.122+0000][1][safepoint    ] Total time for which application threads were stopped: 0.0004012 seconds, Stopping threads took: 0.0000141 seconds
[2019-12-09T07:00:34.130+0000][1][safepoint    ] Application time: 0.0080599 seconds
[2019-12-09T07:00:34.130+0000][1][safepoint    ] Entering safepoint region: Deoptimize
[2019-12-09T07:00:34.131+0000][1][safepoint    ] Leaving safepoint region
[2019-12-09T07:00:34.131+0000][1][safepoint    ] Total time for which application threads were stopped: 0.0003842 seconds, Stopping threads took: 0.0000129 seconds
[2019-12-09T07:00:35.143+0000][1][safepoint    ] Application time: 1.0119340 seconds
[2019-12-09T07:00:35.150+0000][1][safepoint    ] Entering safepoint region: Cleanup
[2019-12-09T07:00:35.150+0000][1][safepoint    ] Leaving safepoint region
[2019-12-09T07:00:35.150+0000][1][safepoint    ] Total time for which application threads were stopped: 0.0071844 seconds, Stopping threads took: 0.0071230 seconds
[2019-12-09T07:00:36.165+0000][1][safepoint    ] Application time: 1.0151492 seconds
[2019-12-09T07:00:36.165+0000][1][safepoint    ] Entering safepoint region: Cleanup
[2019-12-09T07:00:36.165+0000][1][safepoint    ] Leaving safepoint region
[2019-12-09T07:00:36.165+0000][1][safepoint    ] Total time for which application threads were stopped: 0.0000672 seconds, Stopping threads took: 0.0000155 seconds
[2019-12-09T07:00:36.538+0000][1][safepoint    ] Application time: 0.3726768 seconds
[2019-12-09T07:00:36.538+0000][1][safepoint    ] Entering safepoint region: GenCollectForAllocation
[2019-12-09T07:00:36.538+0000][1][gc,start     ] GC(3) Pause Young (Allocation Failure)
[2019-12-09T07:00:36.538+0000][1][gc,task      ] GC(3) Using 2 workers of 2 for evacuation
[2019-12-09T07:00:36.593+0000][1][gc,age       ] GC(3) Desired survivor size 4456448 bytes, new threshold 3 (max threshold 6)
[2019-12-09T07:00:36.593+0000][1][gc,age       ] GC(3) Age table with threshold 3 (max threshold 6)
[2019-12-09T07:00:36.593+0000][1][gc,age       ] GC(3) - age   1:    3808880 bytes,    3808880 total
[2019-12-09T07:00:36.593+0000][1][gc,age       ] GC(3) - age   2:     487336 bytes,    4296216 total
[2019-12-09T07:00:36.593+0000][1][gc,age       ] GC(3) - age   3:    1125848 bytes,    5422064 total
[2019-12-09T07:00:36.593+0000][1][gc,heap      ] GC(3) ParNew: 71967K->6119K(78656K)
[2019-12-09T07:00:36.593+0000][1][gc,heap      ] GC(3) CMS: 6817K->6817K(174784K)
[2019-12-09T07:00:36.593+0000][1][gc,metaspace ] GC(3) Metaspace: 18420K->18420K(1067008K)
[2019-12-09T07:00:36.593+0000][1][gc           ] GC(3) Pause Young (Allocation Failure) 76M->12M(247M) 55.122ms
[2019-12-09T07:00:36.593+0000][1][gc,cpu       ] GC(3) User=0.02s Sys=0.00s Real=0.05s
[2019-12-09T07:00:36.593+0000][1][safepoint    ] Leaving safepoint region
[2019-12-09T07:00:36.593+0000][1][safepoint    ] Total time for which application threads were stopped: 0.0552585 seconds, Stopping threads took: 0.0000140 seconds
[2019-12-09T07:00:36.606+0000][1][safepoint    ] Application time: 0.0128371 seconds
[2019-12-09T07:00:36.626+0000][1][safepoint    ] Entering safepoint region: BulkRevokeBias
[2019-12-09T07:00:36.626+0000][1][safepoint    ] Leaving safepoint region
[2019-12-09T07:00:36.626+0000][1][safepoint    ] Total time for which application threads were stopped: 0.0199468 seconds, Stopping threads took: 0.0198309 seconds
[2019-12-09T07:00:36.633+0000][1][safepoint    ] Application time: 0.0067678 seconds
[2019-12-09T07:00:36.633+0000][1][safepoint    ] Entering safepoint region: RevokeBias
[2019-12-09T07:00:36.633+0000][1][safepoint    ] Leaving safepoint region
[2019-12-09T07:00:36.633+0000][1][safepoint    ] Total time for which application threads were stopped: 0.0001442 seconds, Stopping threads took: 0.0000610 seconds
[2019-12-09T07:00:36.633+0000][1][safepoint    ] Application time: 0.0000634 seconds
[2019-12-09T07:00:36.633+0000][1][safepoint    ] Entering safepoint region: RevokeBias
[2019-12-09T07:00:36.633+0000][1][safepoint    ] Leaving safepoint region
[2019-12-09T07:00:36.633+0000][1][safepoint    ] Total time for which application threads were stopped: 0.0000577 seconds, Stopping threads took: 0.0000076 seconds
[2019-12-09T07:00:36.633+0000][1][safepoint    ] Application time: 0.0000593 seconds
[2019-12-09T07:00:36.633+0000][1][safepoint    ] Entering safepoint region: RevokeBias
[2019-12-09T07:00:36.633+0000][1][safepoint    ] Leaving safepoint region
[2019-12-09T07:00:36.633+0000][1][safepoint    ] Total time for which application threads were stopped: 0.0000572 seconds, Stopping threads took: 0.0000077 seconds
[2019-12-09T07:00:36.633+0000][1][safepoint    ] Application time: 0.0000467 seconds
[2019-12-09T07:00:36.633+0000][1][safepoint    ] Entering safepoint region: RevokeBias
[2019-12-09T07:00:36.633+0000][1][safepoint    ] Leaving safepoint region
[2019-12-09T07:00:36.633+0000][1][safepoint    ] Total time for which application threads were stopped: 0.0000544 seconds, Stopping threads took: 0.0000072 seconds
[2019-12-09T07:00:36.633+0000][1][safepoint    ] Application time: 0.0000519 seconds
[2019-12-09T07:00:36.633+0000][1][safepoint    ] Entering safepoint region: RevokeBias
[2019-12-09T07:00:36.633+0000][1][safepoint    ] Leaving safepoint region
[2019-12-09T07:00:36.633+0000][1][safepoint    ] Total time for which application threads were stopped: 0.0000539 seconds, Stopping threads took: 0.0000077 seconds
[2019-12-09T07:00:36.633+0000][1][safepoint    ] Application time: 0.0000464 seconds
[2019-12-09T07:00:36.633+0000][1][safepoint    ] Entering safepoint region: RevokeBias
[2019-12-09T07:00:36.633+0000][1][safepoint    ] Leaving safepoint region
[2019-12-09T07:00:36.634+0000][1][safepoint    ] Total time for which application threads were stopped: 0.0000529 seconds, Stopping threads took: 0.0000074 seconds
[2019-12-09T07:00:36.634+0000][1][safepoint    ] Application time: 0.0000505 seconds
[2019-12-09T07:00:36.634+0000][1][safepoint    ] Entering safepoint region: RevokeBias
[2019-12-09T07:00:36.634+0000][1][safepoint    ] Leaving safepoint region
[2019-12-09T07:00:36.634+0000][1][safepoint    ] Total time for which application threads were stopped: 0.0000542 seconds, Stopping threads took: 0.0000076 seconds
[2019-12-09T07:00:36.634+0000][1][safepoint    ] Application time: 0.0000462 seconds
[2019-12-09T07:00:36.634+0000][1][safepoint    ] Entering safepoint region: RevokeBias
[2019-12-09T07:00:36.634+0000][1][safepoint    ] Leaving safepoint region
[2019-12-09T07:00:36.634+0000][1][safepoint    ] Total time for which application threads were stopped: 0.0000647 seconds, Stopping threads took: 0.0000072 seconds
[2019-12-09T07:00:36.634+0000][1][safepoint    ] Application time: 0.0000532 seconds
[2019-12-09T07:00:36.634+0000][1][safepoint    ] Entering safepoint region: RevokeBias
[2019-12-09T07:00:36.634+0000][1][safepoint    ] Leaving safepoint region
[2019-12-09T07:00:36.634+0000][1][safepoint    ] Total time for which application threads were stopped: 0.0000536 seconds, Stopping threads took: 0.0000074 seconds
[2019-12-09T07:00:36.634+0000][1][safepoint    ] Application time: 0.0000447 seconds
[2019-12-09T07:00:36.634+0000][1][safepoint    ] Entering safepoint region: RevokeBias
[2019-12-09T07:00:36.634+0000][1][safepoint    ] Leaving safepoint region
[2019-12-09T07:00:36.634+0000][1][safepoint    ] Total time for which application threads were stopped: 0.0000523 seconds, Stopping threads took: 0.0000076 seconds
[2019-12-09T07:00:36.635+0000][1][safepoint    ] Application time: 0.0011760 seconds
[2019-12-09T07:00:36.635+0000][1][safepoint    ] Entering safepoint region: RevokeBias
[2019-12-09T07:00:36.635+0000][1][safepoint    ] Leaving safepoint region
[2019-12-09T07:00:36.635+0000][1][safepoint    ] Total time for which application threads were stopped: 0.0000747 seconds, Stopping threads took: 0.0000103 seconds
[2019-12-09T07:00:36.635+0000][1][safepoint    ] Application time: 0.0000550 seconds
[2019-12-09T07:00:36.635+0000][1][safepoint    ] Entering safepoint region: RevokeBias
[2019-12-09T07:00:36.635+0000][1][safepoint    ] Leaving safepoint region
[2019-12-09T07:00:36.635+0000][1][safepoint    ] Total time for which application threads were stopped: 0.0000536 seconds, Stopping threads took: 0.0000074 seconds
[2019-12-09T07:00:36.635+0000][1][safepoint    ] Application time: 0.0000531 seconds
[2019-12-09T07:00:36.635+0000][1][safepoint    ] Entering safepoint region: RevokeBias
[2019-12-09T07:00:36.636+0000][1][safepoint    ] Leaving safepoint region
[2019-12-09T07:00:36.636+0000][1][safepoint    ] Total time for which application threads were stopped: 0.0000519 seconds, Stopping threads took: 0.0000072 seconds
[2019-12-09T07:00:36.636+0000][1][safepoint    ] Application time: 0.0001822 seconds
[2019-12-09T07:00:36.636+0000][1][safepoint    ] Entering safepoint region: RevokeBias
[2019-12-09T07:00:36.636+0000][1][safepoint    ] Leaving safepoint region
[2019-12-09T07:00:36.636+0000][1][safepoint    ] Total time for which application threads were stopped: 0.0000646 seconds, Stopping threads took: 0.0000079 seconds
[2019-12-09T07:00:36.636+0000][1][safepoint    ] Application time: 0.0000461 seconds
[2019-12-09T07:00:36.636+0000][1][safepoint    ] Entering safepoint region: RevokeBias
[2019-12-09T07:00:36.636+0000][1][safepoint    ] Leaving safepoint region
[2019-12-09T07:00:36.636+0000][1][safepoint    ] Total time for which application threads were stopped: 0.0000524 seconds, Stopping threads took: 0.0000069 seconds
[2019-12-09T07:00:36.636+0000][1][safepoint    ] Application time: 0.0000568 seconds
[2019-12-09T07:00:36.636+0000][1][safepoint    ] Entering safepoint region: RevokeBias
[2019-12-09T07:00:36.636+0000][1][safepoint    ] Leaving safepoint region
[2019-12-09T07:00:36.636+0000][1][safepoint    ] Total time for which application threads were stopped: 0.0000517 seconds, Stopping threads took: 0.0000070 seconds
[2019-12-09T07:00:36.636+0000][1][safepoint    ] Application time: 0.0000432 seconds
[2019-12-09T07:00:36.636+0000][1][safepoint    ] Entering safepoint region: RevokeBias
[2019-12-09T07:00:36.636+0000][1][safepoint    ] Leaving safepoint region
[2019-12-09T07:00:36.636+0000][1][safepoint    ] Total time for which application threads were stopped: 0.0000505 seconds, Stopping threads took: 0.0000069 seconds
[2019-12-09T07:00:37.676+0000][1][safepoint    ] Application time: 1.0395663 seconds
[2019-12-09T07:00:37.779+0000][1][safepoint    ] Entering safepoint region: Cleanup
[2019-12-09T07:00:37.779+0000][1][safepoint    ] Leaving safepoint region
[2019-12-09T07:00:37.779+0000][1][safepoint    ] Total time for which application threads were stopped: 0.1030998 seconds, Stopping threads took: 0.1030422 seconds
[2019-12-09T07:00:37.779+0000][1][safepoint    ] Application time: 0.0003567 seconds
[2019-12-09T07:00:37.779+0000][1][safepoint    ] Entering safepoint region: GenCollectForAllocation
[2019-12-09T07:00:37.779+0000][1][gc,start     ] GC(4) Pause Young (Allocation Failure)
[2019-12-09T07:00:37.779+0000][1][gc,task      ] GC(4) Using 2 workers of 2 for evacuation
[2019-12-09T07:00:37.914+0000][1][gc,age       ] GC(4) Desired survivor size 4456448 bytes, new threshold 2 (max threshold 6)
[2019-12-09T07:00:37.914+0000][1][gc,age       ] GC(4) Age table with threshold 2 (max threshold 6)
[2019-12-09T07:00:37.914+0000][1][gc,age       ] GC(4) - age   1:    1752744 bytes,    1752744 total
[2019-12-09T07:00:37.914+0000][1][gc,age       ] GC(4) - age   2:    3248704 bytes,    5001448 total
[2019-12-09T07:00:37.914+0000][1][gc,age       ] GC(4) - age   3:     487336 bytes,    5488784 total
[2019-12-09T07:00:37.914+0000][1][gc,heap      ] GC(4) ParNew: 76071K->6523K(78656K)
[2019-12-09T07:00:37.914+0000][1][gc,heap      ] GC(4) CMS: 6817K->7931K(174784K)
[2019-12-09T07:00:37.914+0000][1][gc,metaspace ] GC(4) Metaspace: 18620K->18620K(1067008K)
[2019-12-09T07:00:37.914+0000][1][gc           ] GC(4) Pause Young (Allocation Failure) 80M->14M(247M) 134.432ms
[2019-12-09T07:00:37.914+0000][1][gc,cpu       ] GC(4) User=0.04s Sys=0.00s Real=0.13s
[2019-12-09T07:00:37.914+0000][1][safepoint    ] Leaving safepoint region
[2019-12-09T07:00:37.914+0000][1][safepoint    ] Total time for which application threads were stopped: 0.1345468 seconds, Stopping threads took: 0.0000101 seconds
[2019-12-09T07:00:37.924+0000][1][safepoint    ] Application time: 0.0099543 seconds
[2019-12-09T07:00:37.963+0000][1][safepoint    ] Entering safepoint region: RevokeBias
[2019-12-09T07:00:37.963+0000][1][safepoint    ] Leaving safepoint region
[2019-12-09T07:00:37.963+0000][1][safepoint    ] Total time for which application threads were stopped: 0.0392588 seconds, Stopping threads took: 0.0391483 seconds
[2019-12-09T07:00:37.983+0000][1][safepoint    ] Application time: 0.0196771 seconds
[2019-12-09T07:00:38.039+0000][1][safepoint    ] Entering safepoint region: RevokeBias
[2019-12-09T07:00:38.039+0000][1][safepoint    ] Leaving safepoint region
[2019-12-09T07:00:38.039+0000][1][safepoint    ] Total time for which application threads were stopped: 0.0562094 seconds, Stopping threads took: 0.0561110 seconds
[2019-12-09T07:00:38.040+0000][1][safepoint    ] Application time: 0.0013584 seconds
[2019-12-09T07:00:38.040+0000][1][safepoint    ] Entering safepoint region: Deoptimize
[2019-12-09T07:00:38.041+0000][1][safepoint    ] Leaving safepoint region
[2019-12-09T07:00:38.041+0000][1][safepoint    ] Total time for which application threads were stopped: 0.0004183 seconds, Stopping threads took: 0.0000126 seconds
[2019-12-09T07:00:38.071+0000][1][safepoint    ] Application time: 0.0299549 seconds
[2019-12-09T07:00:38.071+0000][1][safepoint    ] Entering safepoint region: RevokeBias
[2019-12-09T07:00:38.071+0000][1][safepoint    ] Leaving safepoint region
[2019-12-09T07:00:38.071+0000][1][safepoint    ] Total time for which application threads were stopped: 0.0001333 seconds, Stopping threads took: 0.0000415 seconds
[2019-12-09T07:00:38.086+0000][1][safepoint    ] Application time: 0.0148366 seconds
[2019-12-09T07:00:38.096+0000][1][safepoint    ] Entering safepoint region: RevokeBias
[2019-12-09T07:00:38.096+0000][1][safepoint    ] Leaving safepoint region
[2019-12-09T07:00:38.096+0000][1][safepoint    ] Total time for which application threads were stopped: 0.0104728 seconds, Stopping threads took: 0.0103434 seconds
[2019-12-09T07:00:38.463+0000][1][safepoint    ] Application time: 0.3663316 seconds
[2019-12-09T07:00:38.463+0000][1][safepoint    ] Entering safepoint region: Deoptimize
[2019-12-09T07:00:38.463+0000][1][safepoint    ] Leaving safepoint region
[2019-12-09T07:00:38.463+0000][1][safepoint    ] Total time for which application threads were stopped: 0.0004191 seconds, Stopping threads took: 0.0000128 seconds
[2019-12-09T07:00:38.501+0000][1][safepoint    ] Application time: 0.0379625 seconds
[2019-12-09T07:00:38.501+0000][1][safepoint    ] Entering safepoint region: RevokeBias
[2019-12-09T07:00:38.501+0000][1][safepoint    ] Leaving safepoint region
[2019-12-09T07:00:38.501+0000][1][safepoint    ] Total time for which application threads were stopped: 0.0000890 seconds, Stopping threads took: 0.0000128 seconds
[2019-12-09T07:00:39.071+0000][1][safepoint    ] Application time: 0.5695636 seconds
[2019-12-09T07:00:39.071+0000][1][safepoint    ] Entering safepoint region: RevokeBias
[2019-12-09T07:00:39.071+0000][1][safepoint    ] Leaving safepoint region
[2019-12-09T07:00:39.071+0000][1][safepoint    ] Total time for which application threads were stopped: 0.0000779 seconds, Stopping threads took: 0.0000133 seconds
[2019-12-09T07:00:39.518+0000][1][safepoint    ] Application time: 0.4469666 seconds
[2019-12-09T07:00:39.518+0000][1][safepoint    ] Entering safepoint region: GenCollectForAllocation
[2019-12-09T07:00:39.518+0000][1][gc,start     ] GC(5) Pause Young (Allocation Failure)
[2019-12-09T07:00:39.518+0000][1][gc,task      ] GC(5) Using 2 workers of 2 for evacuation
[2019-12-09T07:00:39.611+0000][1][gc,age       ] GC(5) Desired survivor size 4456448 bytes, new threshold 6 (max threshold 6)
[2019-12-09T07:00:39.611+0000][1][gc,age       ] GC(5) Age table with threshold 6 (max threshold 6)
[2019-12-09T07:00:39.611+0000][1][gc,age       ] GC(5) - age   1:    2746016 bytes,    2746016 total
[2019-12-09T07:00:39.611+0000][1][gc,age       ] GC(5) - age   2:     442472 bytes,    3188488 total
[2019-12-09T07:00:39.611+0000][1][gc,heap      ] GC(5) ParNew: 76474K->5107K(78656K)
[2019-12-09T07:00:39.611+0000][1][gc,heap      ] GC(5) CMS: 7931K->11610K(174784K)
[2019-12-09T07:00:39.611+0000][1][gc,metaspace ] GC(5) Metaspace: 18955K->18955K(1067008K)
[2019-12-09T07:00:39.611+0000][1][gc           ] GC(5) Pause Young (Allocation Failure) 82M->16M(247M) 93.482ms
[2019-12-09T07:00:39.611+0000][1][gc,cpu       ] GC(5) User=0.02s Sys=0.00s Real=0.09s
[2019-12-09T07:00:39.611+0000][1][safepoint    ] Leaving safepoint region
[2019-12-09T07:00:39.611+0000][1][safepoint    ] Total time for which application threads were stopped: 0.0936135 seconds, Stopping threads took: 0.0000136 seconds
[2019-12-09T07:00:39.617+0000][1][safepoint    ] Application time: 0.0053698 seconds
[2019-12-09T07:00:39.641+0000][1][safepoint    ] Entering safepoint region: RevokeBias
[2019-12-09T07:00:39.641+0000][1][safepoint    ] Leaving safepoint region
[2019-12-09T07:00:39.641+0000][1][safepoint    ] Total time for which application threads were stopped: 0.0238782 seconds, Stopping threads took: 0.0237778 seconds
[2019-12-09T07:00:39.641+0000][1][safepoint    ] Application time: 0.0000694 seconds
[2019-12-09T07:00:39.641+0000][1][safepoint    ] Entering safepoint region: RevokeBias
[2019-12-09T07:00:39.641+0000][1][safepoint    ] Leaving safepoint region
[2019-12-09T07:00:39.641+0000][1][safepoint    ] Total time for which application threads were stopped: 0.0000524 seconds, Stopping threads took: 0.0000087 seconds
[2019-12-09T07:00:39.641+0000][1][safepoint    ] Application time: 0.0000589 seconds
[2019-12-09T07:00:39.641+0000][1][safepoint    ] Entering safepoint region: RevokeBias
[2019-12-09T07:00:39.641+0000][1][safepoint    ] Leaving safepoint region
[2019-12-09T07:00:39.641+0000][1][safepoint    ] Total time for which application threads were stopped: 0.0000464 seconds, Stopping threads took: 0.0000074 seconds
[2019-12-09T07:00:39.641+0000][1][safepoint    ] Application time: 0.0000490 seconds
[2019-12-09T07:00:39.641+0000][1][safepoint    ] Entering safepoint region: RevokeBias
[2019-12-09T07:00:39.641+0000][1][safepoint    ] Leaving safepoint region
[2019-12-09T07:00:39.641+0000][1][safepoint    ] Total time for which application threads were stopped: 0.0000455 seconds, Stopping threads took: 0.0000081 seconds
[2019-12-09T07:00:39.641+0000][1][safepoint    ] Application time: 0.0000542 seconds
[2019-12-09T07:00:39.641+0000][1][safepoint    ] Entering safepoint region: RevokeBias
[2019-12-09T07:00:39.641+0000][1][safepoint    ] Leaving safepoint region
[2019-12-09T07:00:39.641+0000][1][safepoint    ] Total time for which application threads were stopped: 0.0000528 seconds, Stopping threads took: 0.0000081 seconds
[2019-12-09T07:00:39.641+0000][1][safepoint    ] Application time: 0.0000426 seconds
[2019-12-09T07:00:39.641+0000][1][safepoint    ] Entering safepoint region: RevokeBias
[2019-12-09T07:00:39.641+0000][1][safepoint    ] Leaving safepoint region
[2019-12-09T07:00:39.641+0000][1][safepoint    ] Total time for which application threads were stopped: 0.0000402 seconds, Stopping threads took: 0.0000068 seconds
[2019-12-09T07:00:40.346+0000][1][safepoint    ] Application time: 0.7048311 seconds
[2019-12-09T07:00:40.346+0000][1][safepoint    ] Entering safepoint region: RevokeBias
[2019-12-09T07:00:40.346+0000][1][safepoint    ] Leaving safepoint region
[2019-12-09T07:00:40.346+0000][1][safepoint    ] Total time for which application threads were stopped: 0.0000716 seconds, Stopping threads took: 0.0000129 seconds
[2019-12-09T07:00:40.346+0000][1][safepoint    ] Application time: 0.0001987 seconds
[2019-12-09T07:00:40.346+0000][1][safepoint    ] Entering safepoint region: RevokeBias
[2019-12-09T07:00:40.347+0000][1][safepoint    ] Leaving safepoint region
[2019-12-09T07:00:40.347+0000][1][safepoint    ] Total time for which application threads were stopped: 0.0000447 seconds, Stopping threads took: 0.0000090 seconds
[2019-12-09T07:00:40.691+0000][1][safepoint    ] Application time: 0.3448338 seconds
[2019-12-09T07:00:40.691+0000][1][safepoint    ] Entering safepoint region: GenCollectForAllocation
[2019-12-09T07:00:40.691+0000][1][gc,start     ] GC(6) Pause Young (Allocation Failure)
[2019-12-09T07:00:40.692+0000][1][gc,task      ] GC(6) Using 2 workers of 2 for evacuation
[2019-12-09T07:00:40.798+0000][1][gc,age       ] GC(6) Desired survivor size 4456448 bytes, new threshold 6 (max threshold 6)
[2019-12-09T07:00:40.798+0000][1][gc,age       ] GC(6) Age table with threshold 6 (max threshold 6)
[2019-12-09T07:00:40.798+0000][1][gc,age       ] GC(6) - age   1:    1377040 bytes,    1377040 total
[2019-12-09T07:00:40.798+0000][1][gc,age       ] GC(6) - age   2:    2192584 bytes,    3569624 total
[2019-12-09T07:00:40.798+0000][1][gc,age       ] GC(6) - age   3:     442472 bytes,    4012096 total
[2019-12-09T07:00:40.798+0000][1][gc,heap      ] GC(6) ParNew: 75059K->5418K(78656K)
[2019-12-09T07:00:40.798+0000][1][gc,heap      ] GC(6) CMS: 11610K->11610K(174784K)
[2019-12-09T07:00:40.798+0000][1][gc,metaspace ] GC(6) Metaspace: 19262K->19262K(1067008K)
[2019-12-09T07:00:40.798+0000][1][gc           ] GC(6) Pause Young (Allocation Failure) 84M->16M(247M) 106.461ms
[2019-12-09T07:00:40.798+0000][1][gc,cpu       ] GC(6) User=0.02s Sys=0.00s Real=0.11s
[2019-12-09T07:00:40.798+0000][1][safepoint    ] Leaving safepoint region
[2019-12-09T07:00:40.798+0000][1][safepoint    ] Total time for which application threads were stopped: 0.1065947 seconds, Stopping threads took: 0.0000160 seconds
[2019-12-09T07:00:40.808+0000][1][safepoint    ] Application time: 0.0098140 seconds
[2019-12-09T07:00:40.842+0000][1][safepoint    ] Entering safepoint region: RevokeBias
[2019-12-09T07:00:40.842+0000][1][safepoint    ] Leaving safepoint region
[2019-12-09T07:00:40.842+0000][1][safepoint    ] Total time for which application threads were stopped: 0.0342762 seconds, Stopping threads took: 0.0341314 seconds
[2019-12-09T07:00:40.842+0000][1][safepoint    ] Application time: 0.0000779 seconds
[2019-12-09T07:00:40.842+0000][1][safepoint    ] Entering safepoint region: BulkRevokeBias
[2019-12-09T07:00:40.842+0000][1][safepoint    ] Leaving safepoint region
[2019-12-09T07:00:40.842+0000][1][safepoint    ] Total time for which application threads were stopped: 0.0001412 seconds, Stopping threads took: 0.0000103 seconds
[2019-12-09T07:00:40.842+0000][1][safepoint    ] Application time: 0.0000725 seconds
[2019-12-09T07:00:40.842+0000][1][safepoint    ] Entering safepoint region: BulkRevokeBias
[2019-12-09T07:00:40.843+0000][1][safepoint    ] Leaving safepoint region
[2019-12-09T07:00:40.843+0000][1][safepoint    ] Total time for which application threads were stopped: 0.0001332 seconds, Stopping threads took: 0.0000097 seconds
[2019-12-09T07:00:41.667+0000][1][safepoint    ] Application time: 0.8241363 seconds
[2019-12-09T07:00:41.667+0000][1][safepoint    ] Entering safepoint region: GenCollectForAllocation
[2019-12-09T07:00:41.667+0000][1][gc,start     ] GC(7) Pause Young (Allocation Failure)
[2019-12-09T07:00:41.667+0000][1][gc,task      ] GC(7) Using 2 workers of 2 for evacuation
[2019-12-09T07:00:41.705+0000][1][gc,age       ] GC(7) Desired survivor size 4456448 bytes, new threshold 6 (max threshold 6)
[2019-12-09T07:00:41.705+0000][1][gc,age       ] GC(7) Age table with threshold 6 (max threshold 6)
[2019-12-09T07:00:41.705+0000][1][gc,age       ] GC(7) - age   1:     378280 bytes,     378280 total
[2019-12-09T07:00:41.705+0000][1][gc,age       ] GC(7) - age   2:    1128824 bytes,    1507104 total
[2019-12-09T07:00:41.705+0000][1][gc,age       ] GC(7) - age   3:    2192504 bytes,    3699608 total
[2019-12-09T07:00:41.705+0000][1][gc,age       ] GC(7) - age   4:     442472 bytes,    4142080 total
[2019-12-09T07:00:41.705+0000][1][gc,heap      ] GC(7) ParNew: 75370K->5762K(78656K)
[2019-12-09T07:00:41.705+0000][1][gc,heap      ] GC(7) CMS: 11610K->11610K(174784K)
[2019-12-09T07:00:41.705+0000][1][gc,metaspace ] GC(7) Metaspace: 19541K->19541K(1067008K)
[2019-12-09T07:00:41.705+0000][1][gc           ] GC(7) Pause Young (Allocation Failure) 84M->16M(247M) 38.121ms
[2019-12-09T07:00:41.705+0000][1][gc,cpu       ] GC(7) User=0.00s Sys=0.00s Real=0.04s
[2019-12-09T07:00:41.705+0000][1][safepoint    ] Leaving safepoint region
[2019-12-09T07:00:41.705+0000][1][safepoint    ] Total time for which application threads were stopped: 0.0382608 seconds, Stopping threads took: 0.0000134 seconds
[2019-12-09T07:00:42.209+0000][1][safepoint    ] Application time: 0.5042754 seconds
[2019-12-09T07:00:42.209+0000][1][safepoint    ] Entering safepoint region: CollectForMetadataAllocation
[2019-12-09T07:00:42.210+0000][1][safepoint    ] Leaving safepoint region
[2019-12-09T07:00:42.210+0000][1][safepoint    ] Total time for which application threads were stopped: 0.0002557 seconds, Stopping threads took: 0.0000130 seconds
[2019-12-09T07:00:42.363+0000][1][safepoint    ] Application time: 0.1532657 seconds
[2019-12-09T07:00:42.363+0000][1][safepoint    ] Entering safepoint region: CollectForMetadataAllocation
[2019-12-09T07:00:42.363+0000][1][safepoint    ] Leaving safepoint region
[2019-12-09T07:00:42.363+0000][1][safepoint    ] Total time for which application threads were stopped: 0.0002268 seconds, Stopping threads took: 0.0000130 seconds
[2019-12-09T07:00:43.026+0000][1][safepoint    ] Application time: 0.6628589 seconds
[2019-12-09T07:00:43.026+0000][1][safepoint    ] Entering safepoint region: GenCollectForAllocation
[2019-12-09T07:00:43.026+0000][1][gc,start     ] GC(8) Pause Young (Allocation Failure)
[2019-12-09T07:00:43.026+0000][1][gc,task      ] GC(8) Using 2 workers of 2 for evacuation
[2019-12-09T07:00:43.098+0000][1][gc,age       ] GC(8) Desired survivor size 4456448 bytes, new threshold 4 (max threshold 6)
[2019-12-09T07:00:43.098+0000][1][gc,age       ] GC(8) Age table with threshold 4 (max threshold 6)
[2019-12-09T07:00:43.098+0000][1][gc,age       ] GC(8) - age   1:    1542960 bytes,    1542960 total
[2019-12-09T07:00:43.098+0000][1][gc,age       ] GC(8) - age   2:     360448 bytes,    1903408 total
[2019-12-09T07:00:43.098+0000][1][gc,age       ] GC(8) - age   3:    1128680 bytes,    3032088 total
[2019-12-09T07:00:43.098+0000][1][gc,age       ] GC(8) - age   4:    2190288 bytes,    5222376 total
[2019-12-09T07:00:43.098+0000][1][gc,age       ] GC(8) - age   5:     442472 bytes,    5664848 total
[2019-12-09T07:00:43.098+0000][1][gc,heap      ] GC(8) ParNew: 75714K->7988K(78656K)
[2019-12-09T07:00:43.098+0000][1][gc,heap      ] GC(8) CMS: 11610K->11610K(174784K)
[2019-12-09T07:00:43.098+0000][1][gc,metaspace ] GC(8) Metaspace: 20339K->20339K(1069056K)
[2019-12-09T07:00:43.099+0000][1][gc           ] GC(8) Pause Young (Allocation Failure) 85M->19M(247M) 72.370ms
[2019-12-09T07:00:43.099+0000][1][gc,cpu       ] GC(8) User=0.02s Sys=0.00s Real=0.07s
[2019-12-09T07:00:43.099+0000][1][safepoint    ] Leaving safepoint region
[2019-12-09T07:00:43.099+0000][1][safepoint    ] Total time for which application threads were stopped: 0.0725050 seconds, Stopping threads took: 0.0000142 seconds
[2019-12-09T07:00:43.138+0000][1][safepoint    ] Application time: 0.0393010 seconds
[2019-12-09T07:00:43.138+0000][1][safepoint    ] Entering safepoint region: CMS_Initial_Mark
[2019-12-09T07:00:43.138+0000][1][gc,start     ] GC(9) Pause Initial Mark
[2019-12-09T07:00:43.146+0000][1][gc           ] GC(9) Pause Initial Mark 20M->20M(247M) 7.657ms
[2019-12-09T07:00:43.146+0000][1][gc,cpu       ] GC(9) User=0.00s Sys=0.00s Real=0.01s
[2019-12-09T07:00:43.146+0000][1][safepoint    ] Leaving safepoint region
[2019-12-09T07:00:43.146+0000][1][safepoint    ] Total time for which application threads were stopped: 0.0078091 seconds, Stopping threads took: 0.0000159 seconds
[2019-12-09T07:00:43.146+0000][1][gc           ] GC(9) Concurrent Mark
[2019-12-09T07:00:43.310+0000][1][gc           ] GC(9) Concurrent Mark 164.682ms
[2019-12-09T07:00:43.310+0000][1][gc,cpu       ] GC(9) User=0.05s Sys=0.00s Real=0.16s
[2019-12-09T07:00:43.311+0000][1][gc           ] GC(9) Concurrent Preclean
[2019-12-09T07:00:43.324+0000][1][gc           ] GC(9) Concurrent Preclean 13.005ms
[2019-12-09T07:00:43.324+0000][1][gc,cpu       ] GC(9) User=0.00s Sys=0.00s Real=0.01s
[2019-12-09T07:00:43.324+0000][1][gc           ] GC(9) Concurrent Abortable Preclean
[2019-12-09T07:00:44.167+0000][1][safepoint    ] Application time: 1.0210335 seconds
[2019-12-09T07:00:44.226+0000][1][safepoint    ] Entering safepoint region: Cleanup
[2019-12-09T07:00:44.226+0000][1][safepoint    ] Leaving safepoint region
[2019-12-09T07:00:44.226+0000][1][safepoint    ] Total time for which application threads were stopped: 0.0588580 seconds, Stopping threads took: 0.0588031 seconds
[2019-12-09T07:00:44.521+0000][1][safepoint    ] Application time: 0.2957499 seconds
[2019-12-09T07:00:44.521+0000][1][safepoint    ] Entering safepoint region: GenCollectForAllocation
[2019-12-09T07:00:44.522+0000][1][gc,start     ] GC(10) Pause Young (Allocation Failure)
[2019-12-09T07:00:44.522+0000][1][gc,task      ] GC(10) Using 2 workers of 2 for evacuation
[2019-12-09T07:00:44.621+0000][1][gc           ] GC(9) Concurrent Abortable Preclean 1297.143ms
[2019-12-09T07:00:44.621+0000][1][gc,cpu       ] GC(9) User=0.34s Sys=0.01s Real=1.30s
[2019-12-09T07:00:44.667+0000][1][gc,age       ] GC(10) Desired survivor size 4456448 bytes, new threshold 6 (max threshold 6)
[2019-12-09T07:00:44.667+0000][1][gc,age       ] GC(10) Age table with threshold 6 (max threshold 6)
[2019-12-09T07:00:44.667+0000][1][gc,age       ] GC(10) - age   1:     841160 bytes,     841160 total
[2019-12-09T07:00:44.667+0000][1][gc,age       ] GC(10) - age   2:     650312 bytes,    1491472 total
[2019-12-09T07:00:44.667+0000][1][gc,age       ] GC(10) - age   3:     360448 bytes,    1851920 total
[2019-12-09T07:00:44.667+0000][1][gc,age       ] GC(10) - age   4:    1128680 bytes,    2980600 total
[2019-12-09T07:00:44.667+0000][1][gc,heap      ] GC(10) ParNew: 77940K->5147K(78656K)
[2019-12-09T07:00:44.667+0000][1][gc,heap      ] GC(10) CMS: 11610K->14215K(174784K)
[2019-12-09T07:00:44.667+0000][1][gc,metaspace ] GC(10) Metaspace: 20455K->20455K(1069056K)
[2019-12-09T07:00:44.667+0000][1][gc           ] GC(10) Pause Young (Allocation Failure) 87M->18M(247M) 145.250ms
[2019-12-09T07:00:44.667+0000][1][gc,cpu       ] GC(10) User=0.02s Sys=0.00s Real=0.15s
[2019-12-09T07:00:44.667+0000][1][safepoint    ] Leaving safepoint region
[2019-12-09T07:00:44.667+0000][1][safepoint    ] Total time for which application threads were stopped: 0.1453737 seconds, Stopping threads took: 0.0000139 seconds
[2019-12-09T07:00:44.676+0000][1][safepoint    ] Application time: 0.0088420 seconds
[2019-12-09T07:00:44.717+0000][1][safepoint    ] Entering safepoint region: CMS_Final_Remark
[2019-12-09T07:00:44.717+0000][1][gc,start     ] GC(9) Pause Remark
[2019-12-09T07:00:44.759+0000][1][gc           ] GC(9) Pause Remark 21M->21M(247M) 41.928ms
[2019-12-09T07:00:44.759+0000][1][gc,cpu       ] GC(9) User=0.02s Sys=0.00s Real=0.04s
[2019-12-09T07:00:44.759+0000][1][safepoint    ] Leaving safepoint region
[2019-12-09T07:00:44.759+0000][1][safepoint    ] Total time for which application threads were stopped: 0.0830610 seconds, Stopping threads took: 0.0410170 seconds
[2019-12-09T07:00:44.761+0000][1][gc           ] GC(9) Concurrent Sweep
[2019-12-09T07:00:44.819+0000][1][gc           ] GC(9) Concurrent Sweep 57.881ms
[2019-12-09T07:00:44.819+0000][1][gc,cpu       ] GC(9) User=0.03s Sys=0.00s Real=0.06s
[2019-12-09T07:00:44.840+0000][1][gc           ] GC(9) Concurrent Reset
[2019-12-09T07:00:44.840+0000][1][gc           ] GC(9) Concurrent Reset 0.336ms
[2019-12-09T07:00:44.840+0000][1][gc,cpu       ] GC(9) User=0.00s Sys=0.00s Real=0.00s
[2019-12-09T07:00:44.840+0000][1][gc,heap      ] GC(9) Old: 11610K->14190K(174784K)
[2019-12-09T07:00:45.687+0000][1][safepoint    ] Application time: 0.9280003 seconds
[2019-12-09T07:00:45.687+0000][1][safepoint    ] Entering safepoint region: GenCollectForAllocation
[2019-12-09T07:00:45.687+0000][1][gc,start     ] GC(11) Pause Young (Allocation Failure)
[2019-12-09T07:00:45.687+0000][1][gc,task      ] GC(11) Using 2 workers of 2 for evacuation
[2019-12-09T07:00:45.807+0000][1][gc,age       ] GC(11) Desired survivor size 4456448 bytes, new threshold 6 (max threshold 6)
[2019-12-09T07:00:45.807+0000][1][gc,age       ] GC(11) Age table with threshold 6 (max threshold 6)
[2019-12-09T07:00:45.807+0000][1][gc,age       ] GC(11) - age   1:     751120 bytes,     751120 total
[2019-12-09T07:00:45.807+0000][1][gc,age       ] GC(11) - age   2:      97512 bytes,     848632 total
[2019-12-09T07:00:45.807+0000][1][gc,age       ] GC(11) - age   3:     650264 bytes,    1498896 total
[2019-12-09T07:00:45.807+0000][1][gc,age       ] GC(11) - age   4:     360344 bytes,    1859240 total
[2019-12-09T07:00:45.807+0000][1][gc,age       ] GC(11) - age   5:    1128392 bytes,    2987632 total
[2019-12-09T07:00:45.807+0000][1][gc,heap      ] GC(11) ParNew: 75099K->4884K(78656K)
[2019-12-09T07:00:45.807+0000][1][gc,heap      ] GC(11) CMS: 14190K->14190K(174784K)
[2019-12-09T07:00:45.807+0000][1][gc,metaspace ] GC(11) Metaspace: 20539K->20539K(1069056K)
[2019-12-09T07:00:45.807+0000][1][gc           ] GC(11) Pause Young (Allocation Failure) 87M->18M(247M) 119.658ms
[2019-12-09T07:00:45.807+0000][1][gc,cpu       ] GC(11) User=0.01s Sys=0.00s Real=0.12s
[2019-12-09T07:00:45.807+0000][1][safepoint    ] Leaving safepoint region
[2019-12-09T07:00:45.807+0000][1][safepoint    ] Total time for which application threads were stopped: 0.1201820 seconds, Stopping threads took: 0.0000138 seconds
[2019-12-09T07:00:46.731+0000][1][safepoint    ] Application time: 0.9243444 seconds
[2019-12-09T07:00:46.731+0000][1][safepoint    ] Entering safepoint region: Deoptimize
[2019-12-09T07:00:46.732+0000][1][safepoint    ] Leaving safepoint region
[2019-12-09T07:00:46.732+0000][1][safepoint    ] Total time for which application threads were stopped: 0.0004746 seconds, Stopping threads took: 0.0000147 seconds
[2019-12-09T07:00:47.291+0000][1][safepoint    ] Application time: 0.5588595 seconds
[2019-12-09T07:00:47.291+0000][1][safepoint    ] Entering safepoint region: RevokeBias
[2019-12-09T07:00:47.291+0000][1][safepoint    ] Leaving safepoint region
[2019-12-09T07:00:47.291+0000][1][safepoint    ] Total time for which application threads were stopped: 0.0000837 seconds, Stopping threads took: 0.0000130 seconds
[2019-12-09T07:00:48.293+0000][1][safepoint    ] Application time: 1.0019325 seconds
[2019-12-09T07:00:48.300+0000][1][safepoint    ] Entering safepoint region: Cleanup
[2019-12-09T07:00:48.300+0000][1][safepoint    ] Leaving safepoint region
[2019-12-09T07:00:48.300+0000][1][safepoint    ] Total time for which application threads were stopped: 0.0069552 seconds, Stopping threads took: 0.0069091 seconds
[2019-12-09T07:00:48.336+0000][1][safepoint    ] Application time: 0.0362673 seconds
[2019-12-09T07:00:48.336+0000][1][safepoint    ] Entering safepoint region: GenCollectForAllocation
[2019-12-09T07:00:48.336+0000][1][gc,start     ] GC(12) Pause Young (Allocation Failure)
[2019-12-09T07:00:48.336+0000][1][gc,task      ] GC(12) Using 2 workers of 2 for evacuation
[2019-12-09T07:00:48.439+0000][1][gc,age       ] GC(12) Desired survivor size 4456448 bytes, new threshold 6 (max threshold 6)
[2019-12-09T07:00:48.439+0000][1][gc,age       ] GC(12) Age table with threshold 6 (max threshold 6)
[2019-12-09T07:00:48.439+0000][1][gc,age       ] GC(12) - age   1:    1066456 bytes,    1066456 total
[2019-12-09T07:00:48.439+0000][1][gc,age       ] GC(12) - age   2:     305728 bytes,    1372184 total
[2019-12-09T07:00:48.439+0000][1][gc,age       ] GC(12) - age   3:      97512 bytes,    1469696 total
[2019-12-09T07:00:48.439+0000][1][gc,age       ] GC(12) - age   4:     650200 bytes,    2119896 total
[2019-12-09T07:00:48.439+0000][1][gc,age       ] GC(12) - age   5:     360344 bytes,    2480240 total
[2019-12-09T07:00:48.439+0000][1][gc,age       ] GC(12) - age   6:    1128392 bytes,    3608632 total
[2019-12-09T07:00:48.439+0000][1][gc,heap      ] GC(12) ParNew: 74836K->4922K(78656K)
[2019-12-09T07:00:48.439+0000][1][gc,heap      ] GC(12) CMS: 14190K->14190K(174784K)
[2019-12-09T07:00:48.439+0000][1][gc,metaspace ] GC(12) Metaspace: 22591K->22591K(1071104K)
[2019-12-09T07:00:48.439+0000][1][gc           ] GC(12) Pause Young (Allocation Failure) 86M->18M(247M) 102.829ms
[2019-12-09T07:00:48.439+0000][1][gc,cpu       ] GC(12) User=0.02s Sys=0.00s Real=0.10s
[2019-12-09T07:00:48.439+0000][1][safepoint    ] Leaving safepoint region
[2019-12-09T07:00:48.439+0000][1][safepoint    ] Total time for which application threads were stopped: 0.1029602 seconds, Stopping threads took: 0.0000136 seconds
[2019-12-09T07:00:49.446+0000][1][safepoint    ] Application time: 1.0066067 seconds
[2019-12-09T07:00:49.446+0000][1][safepoint    ] Entering safepoint region: Cleanup
[2019-12-09T07:00:49.446+0000][1][safepoint    ] Leaving safepoint region
[2019-12-09T07:00:49.446+0000][1][safepoint    ] Total time for which application threads were stopped: 0.0004837 seconds, Stopping threads took: 0.0002854 seconds
[2019-12-09T07:00:49.496+0000][1][safepoint    ] Application time: 0.0494741 seconds
[2019-12-09T07:00:49.496+0000][1][safepoint    ] Entering safepoint region: Deoptimize
[2019-12-09T07:00:49.496+0000][1][safepoint    ] Leaving safepoint region
[2019-12-09T07:00:49.496+0000][1][safepoint    ] Total time for which application threads were stopped: 0.0004079 seconds, Stopping threads took: 0.0000135 seconds
[2019-12-09T07:00:50.215+0000][1][safepoint    ] Application time: 0.7189644 seconds
[2019-12-09T07:00:50.215+0000][1][safepoint    ] Entering safepoint region: Deoptimize
[2019-12-09T07:00:50.216+0000][1][safepoint    ] Leaving safepoint region
[2019-12-09T07:00:50.216+0000][1][safepoint    ] Total time for which application threads were stopped: 0.0003893 seconds, Stopping threads took: 0.0000129 seconds
[2019-12-09T07:00:50.314+0000][1][safepoint    ] Application time: 0.0988924 seconds
[2019-12-09T07:00:50.315+0000][1][safepoint    ] Entering safepoint region: Deoptimize
[2019-12-09T07:00:50.315+0000][1][safepoint    ] Leaving safepoint region
[2019-12-09T07:00:50.315+0000][1][safepoint    ] Total time for which application threads were stopped: 0.0004447 seconds, Stopping threads took: 0.0000140 seconds
[2019-12-09T07:00:50.332+0000][1][safepoint    ] Application time: 0.0165558 seconds
[2019-12-09T07:00:50.332+0000][1][safepoint    ] Entering safepoint region: Deoptimize
[2019-12-09T07:00:50.332+0000][1][safepoint    ] Leaving safepoint region
[2019-12-09T07:00:50.332+0000][1][safepoint    ] Total time for which application threads were stopped: 0.0004516 seconds, Stopping threads took: 0.0000133 seconds
[2019-12-09T07:00:51.337+0000][1][safepoint    ] Application time: 1.0046920 seconds
[2019-12-09T07:00:51.381+0000][1][safepoint    ] Entering safepoint region: Cleanup
[2019-12-09T07:00:51.381+0000][1][safepoint    ] Leaving safepoint region
[2019-12-09T07:00:51.381+0000][1][safepoint    ] Total time for which application threads were stopped: 0.0440757 seconds, Stopping threads took: 0.0440184 seconds
[2019-12-09T07:00:52.382+0000][1][safepoint    ] Application time: 1.0008712 seconds
[2019-12-09T07:00:52.389+0000][1][safepoint    ] Entering safepoint region: Cleanup
[2019-12-09T07:00:52.389+0000][1][safepoint    ] Leaving safepoint region
[2019-12-09T07:00:52.389+0000][1][safepoint    ] Total time for which application threads were stopped: 0.0072278 seconds, Stopping threads took: 0.0069913 seconds
[2019-12-09T07:00:53.408+0000][1][safepoint    ] Application time: 1.0187366 seconds
[2019-12-09T07:00:53.430+0000][1][safepoint    ] Entering safepoint region: Cleanup
[2019-12-09T07:00:53.430+0000][1][safepoint    ] Leaving safepoint region
[2019-12-09T07:00:53.430+0000][1][safepoint    ] Total time for which application threads were stopped: 0.0220803 seconds, Stopping threads took: 0.0219943 seconds
[2019-12-09T07:00:53.824+0000][1][safepoint    ] Application time: 0.3938699 seconds
[2019-12-09T07:00:53.824+0000][1][safepoint    ] Entering safepoint region: RevokeBias
[2019-12-09T07:00:53.824+0000][1][safepoint    ] Leaving safepoint region
[2019-12-09T07:00:53.824+0000][1][safepoint    ] Total time for which application threads were stopped: 0.0000937 seconds, Stopping threads took: 0.0000147 seconds
[2019-12-09T07:00:54.825+0000][1][safepoint    ] Application time: 1.0008466 seconds
[2019-12-09T07:00:54.853+0000][1][safepoint    ] Entering safepoint region: Cleanup
[2019-12-09T07:00:54.854+0000][1][safepoint    ] Leaving safepoint region
[2019-12-09T07:00:54.854+0000][1][safepoint    ] Total time for which application threads were stopped: 0.0288274 seconds, Stopping threads took: 0.0287849 seconds
[2019-12-09T07:00:55.854+0000][1][safepoint    ] Application time: 1.0001254 seconds
[2019-12-09T07:00:55.898+0000][1][safepoint    ] Entering safepoint region: Cleanup
[2019-12-09T07:00:55.898+0000][1][safepoint    ] Leaving safepoint region
[2019-12-09T07:00:55.898+0000][1][safepoint    ] Total time for which application threads were stopped: 0.0439677 seconds, Stopping threads took: 0.0438997 seconds
[2019-12-09T07:00:56.075+0000][1][safepoint    ] Application time: 0.1768933 seconds
[2019-12-09T07:00:56.075+0000][1][safepoint    ] Entering safepoint region: GenCollectForAllocation
[2019-12-09T07:00:56.075+0000][1][gc,start     ] GC(13) Pause Young (Allocation Failure)
[2019-12-09T07:00:56.075+0000][1][gc,task      ] GC(13) Using 2 workers of 2 for evacuation
[2019-12-09T07:00:56.456+0000][1][gc,age       ] GC(13) Desired survivor size 4456448 bytes, new threshold 1 (max threshold 6)
[2019-12-09T07:00:56.456+0000][1][gc,age       ] GC(13) Age table with threshold 1 (max threshold 6)
[2019-12-09T07:00:56.456+0000][1][gc,age       ] GC(13) - age   1:    6865272 bytes,    6865272 total
[2019-12-09T07:00:56.456+0000][1][gc,age       ] GC(13) - age   2:     684432 bytes,    7549704 total
[2019-12-09T07:00:56.456+0000][1][gc,age       ] GC(13) - age   3:     300624 bytes,    7850328 total
[2019-12-09T07:00:56.456+0000][1][gc,age       ] GC(13) - age   4:      94376 bytes,    7944704 total
[2019-12-09T07:00:56.456+0000][1][gc,age       ] GC(13) - age   5:     611656 bytes,    8556360 total
[2019-12-09T07:00:56.456+0000][1][gc,age       ] GC(13) - age   6:     356376 bytes,    8912736 total
[2019-12-09T07:00:56.456+0000][1][gc,heap      ] GC(13) ParNew: 74874K->8704K(78656K)
[2019-12-09T07:00:56.456+0000][1][gc,heap      ] GC(13) CMS: 14190K->21757K(174784K)
[2019-12-09T07:00:56.456+0000][1][gc,metaspace ] GC(13) Metaspace: 27074K->27074K(1075200K)
[2019-12-09T07:00:56.456+0000][1][gc           ] GC(13) Pause Young (Allocation Failure) 86M->29M(247M) 380.982ms
[2019-12-09T07:00:56.456+0000][1][gc,cpu       ] GC(13) User=0.08s Sys=0.00s Real=0.38s
[2019-12-09T07:00:56.456+0000][1][safepoint    ] Leaving safepoint region
[2019-12-09T07:00:56.456+0000][1][safepoint    ] Total time for which application threads were stopped: 0.3811321 seconds, Stopping threads took: 0.0000155 seconds
[2019-12-09T07:00:57.469+0000][1][safepoint    ] Application time: 1.0129129 seconds
[2019-12-09T07:00:57.538+0000][1][safepoint    ] Entering safepoint region: Cleanup
[2019-12-09T07:00:57.538+0000][1][safepoint    ] Leaving safepoint region
[2019-12-09T07:00:57.538+0000][1][safepoint    ] Total time for which application threads were stopped: 0.0691274 seconds, Stopping threads took: 0.0690812 seconds
[2019-12-09T07:00:59.551+0000][1][safepoint    ] Application time: 2.0128233 seconds
[2019-12-09T07:00:59.666+0000][1][safepoint    ] Entering safepoint region: Cleanup
[2019-12-09T07:00:59.666+0000][1][safepoint    ] Leaving safepoint region
[2019-12-09T07:00:59.666+0000][1][safepoint    ] Total time for which application threads were stopped: 0.1151286 seconds, Stopping threads took: 0.1150777 seconds
[2019-12-09T07:01:00.679+0000][1][safepoint    ] Application time: 1.0128339 seconds
[2019-12-09T07:01:00.679+0000][1][safepoint    ] Entering safepoint region: GenCollectForAllocation
[2019-12-09T07:01:00.679+0000][1][gc,start     ] GC(14) Pause Young (Allocation Failure)
[2019-12-09T07:01:00.679+0000][1][gc,task      ] GC(14) Using 2 workers of 2 for evacuation
[2019-12-09T07:01:01.206+0000][1][gc,age       ] GC(14) Desired survivor size 4456448 bytes, new threshold 1 (max threshold 6)
[2019-12-09T07:01:01.206+0000][1][gc,age       ] GC(14) Age table with threshold 1 (max threshold 6)
[2019-12-09T07:01:01.206+0000][1][gc,age       ] GC(14) - age   1:    8261480 bytes,    8261480 total
[2019-12-09T07:01:01.206+0000][1][gc,heap      ] GC(14) ParNew: 78656K->8704K(78656K)
[2019-12-09T07:01:01.206+0000][1][gc,heap      ] GC(14) CMS: 21757K->35517K(174784K)
[2019-12-09T07:01:01.206+0000][1][gc,metaspace ] GC(14) Metaspace: 27133K->27133K(1075200K)
[2019-12-09T07:01:01.207+0000][1][gc           ] GC(14) Pause Young (Allocation Failure) 98M->43M(247M) 527.636ms
[2019-12-09T07:01:01.207+0000][1][gc,cpu       ] GC(14) User=0.13s Sys=0.00s Real=0.53s
[2019-12-09T07:01:01.207+0000][1][safepoint    ] Leaving safepoint region
[2019-12-09T07:01:01.207+0000][1][safepoint    ] Total time for which application threads were stopped: 0.5278069 seconds, Stopping threads took: 0.0000447 seconds
[2019-12-09T07:01:04.241+0000][1][safepoint    ] Application time: 3.0341336 seconds
[2019-12-09T07:01:04.241+0000][1][safepoint    ] Entering safepoint region: Cleanup
[2019-12-09T07:01:04.241+0000][1][safepoint    ] Leaving safepoint region
[2019-12-09T07:01:04.241+0000][1][safepoint    ] Total time for which application threads were stopped: 0.0000559 seconds, Stopping threads took: 0.0000147 seconds
[2019-12-09T07:01:05.041+0000][1][safepoint    ] Application time: 0.7999461 seconds
[2019-12-09T07:01:05.041+0000][1][safepoint    ] Entering safepoint region: RevokeBias
[2019-12-09T07:01:05.041+0000][1][safepoint    ] Leaving safepoint region
[2019-12-09T07:01:05.041+0000][1][safepoint    ] Total time for which application threads were stopped: 0.0001361 seconds, Stopping threads took: 0.0000126 seconds
[2019-12-09T07:01:06.062+0000][1][safepoint    ] Application time: 1.0207718 seconds
[2019-12-09T07:01:06.062+0000][1][safepoint    ] Entering safepoint region: Cleanup
[2019-12-09T07:01:06.062+0000][1][safepoint    ] Leaving safepoint region
[2019-12-09T07:01:06.062+0000][1][safepoint    ] Total time for which application threads were stopped: 0.0001107 seconds, Stopping threads took: 0.0000444 seconds
[2019-12-09T07:01:06.065+0000][1][safepoint    ] Application time: 0.0028747 seconds
[2019-12-09T07:01:06.065+0000][1][safepoint    ] Entering safepoint region: GenCollectForAllocation
[2019-12-09T07:01:06.065+0000][1][gc,start     ] GC(15) Pause Young (Allocation Failure)
[2019-12-09T07:01:06.065+0000][1][gc,task      ] GC(15) Using 2 workers of 2 for evacuation
[2019-12-09T07:01:06.637+0000][1][gc,age       ] GC(15) Desired survivor size 4456448 bytes, new threshold 1 (max threshold 6)
[2019-12-09T07:01:06.637+0000][1][gc,age       ] GC(15) Age table with threshold 1 (max threshold 6)
[2019-12-09T07:01:06.637+0000][1][gc,age       ] GC(15) - age   1:    8912800 bytes,    8912800 total
[2019-12-09T07:01:06.637+0000][1][gc,heap      ] GC(15) ParNew: 78656K->8704K(78656K)
[2019-12-09T07:01:06.637+0000][1][gc,heap      ] GC(15) CMS: 35517K->45915K(174784K)
[2019-12-09T07:01:06.637+0000][1][gc,metaspace ] GC(15) Metaspace: 29386K->29386K(1077248K)
[2019-12-09T07:01:06.637+0000][1][gc           ] GC(15) Pause Young (Allocation Failure) 111M->53M(247M) 571.861ms
[2019-12-09T07:01:06.637+0000][1][gc,cpu       ] GC(15) User=0.16s Sys=0.00s Real=0.57s
[2019-12-09T07:01:06.637+0000][1][safepoint    ] Leaving safepoint region
[2019-12-09T07:01:06.637+0000][1][safepoint    ] Total time for which application threads were stopped: 0.5719822 seconds, Stopping threads took: 0.0000125 seconds
[2019-12-09T07:01:07.650+0000][1][safepoint    ] Application time: 1.0129595 seconds
[2019-12-09T07:01:07.650+0000][1][safepoint    ] Entering safepoint region: Cleanup
[2019-12-09T07:01:07.650+0000][1][safepoint    ] Leaving safepoint region
[2019-12-09T07:01:07.650+0000][1][safepoint    ] Total time for which application threads were stopped: 0.0000703 seconds, Stopping threads took: 0.0000173 seconds
[2019-12-09T07:01:09.511+0000][1][safepoint    ] Application time: 1.8608636 seconds
[2019-12-09T07:01:09.511+0000][1][safepoint    ] Entering safepoint region: Cleanup
[2019-12-09T07:01:09.511+0000][1][safepoint    ] Leaving safepoint region
[2019-12-09T07:01:09.511+0000][1][safepoint    ] Total time for which application threads were stopped: 0.0004712 seconds, Stopping threads took: 0.0004049 seconds
[2019-12-09T07:01:10.513+0000][1][safepoint    ] Application time: 1.0014923 seconds
[2019-12-09T07:01:10.559+0000][1][safepoint    ] Entering safepoint region: Cleanup
[2019-12-09T07:01:10.559+0000][1][safepoint    ] Leaving safepoint region
[2019-12-09T07:01:10.559+0000][1][safepoint    ] Total time for which application threads were stopped: 0.0461157 seconds, Stopping threads took: 0.0460435 seconds
[2019-12-09T07:01:10.565+0000][1][safepoint    ] Application time: 0.0056804 seconds
[2019-12-09T07:01:10.565+0000][1][safepoint    ] Entering safepoint region: GenCollectForAllocation
[2019-12-09T07:01:10.565+0000][1][gc,start     ] GC(16) Pause Young (Allocation Failure)
[2019-12-09T07:01:10.565+0000][1][gc,task      ] GC(16) Using 2 workers of 2 for evacuation
[2019-12-09T07:01:10.696+0000][1][gc,age       ] GC(16) Desired survivor size 4456448 bytes, new threshold 6 (max threshold 6)
[2019-12-09T07:01:10.696+0000][1][gc,age       ] GC(16) Age table with threshold 6 (max threshold 6)
[2019-12-09T07:01:10.697+0000][1][gc,age       ] GC(16) - age   1:    1290648 bytes,    1290648 total
[2019-12-09T07:01:10.697+0000][1][gc,heap      ] GC(16) ParNew: 78656K->8496K(78656K)
[2019-12-09T07:01:10.697+0000][1][gc,heap      ] GC(16) CMS: 45915K->54689K(174784K)
[2019-12-09T07:01:10.697+0000][1][gc,metaspace ] GC(16) Metaspace: 32995K->32995K(1079296K)
[2019-12-09T07:01:10.697+0000][1][gc           ] GC(16) Pause Young (Allocation Failure) 121M->61M(247M) 131.915ms
[2019-12-09T07:01:10.697+0000][1][gc,cpu       ] GC(16) User=0.06s Sys=0.00s Real=0.14s
[2019-12-09T07:01:10.697+0000][1][safepoint    ] Leaving safepoint region
[2019-12-09T07:01:10.697+0000][1][safepoint    ] Total time for which application threads were stopped: 0.1320469 seconds, Stopping threads took: 0.0000143 seconds
[2019-12-09T07:01:11.697+0000][1][safepoint    ] Application time: 1.0000588 seconds
[2019-12-09T07:01:11.771+0000][1][safepoint    ] Entering safepoint region: Cleanup
[2019-12-09T07:01:11.771+0000][1][safepoint    ] Leaving safepoint region
[2019-12-09T07:01:11.771+0000][1][safepoint    ] Total time for which application threads were stopped: 0.0741271 seconds, Stopping threads took: 0.0740858 seconds
[2019-12-09T07:01:12.777+0000][1][safepoint    ] Application time: 1.0058293 seconds
[2019-12-09T07:01:12.857+0000][1][safepoint    ] Entering safepoint region: Cleanup
[2019-12-09T07:01:12.857+0000][1][safepoint    ] Leaving safepoint region
[2019-12-09T07:01:12.857+0000][1][safepoint    ] Total time for which application threads were stopped: 0.0800970 seconds, Stopping threads took: 0.0800096 seconds
[2019-12-09T07:01:13.172+0000][1][safepoint    ] Application time: 0.3148531 seconds
[2019-12-09T07:01:13.172+0000][1][safepoint    ] Entering safepoint region: CollectForMetadataAllocation
[2019-12-09T07:01:13.172+0000][1][safepoint    ] Leaving safepoint region
[2019-12-09T07:01:13.172+0000][1][safepoint    ] Total time for which application threads were stopped: 0.0002350 seconds, Stopping threads took: 0.0000134 seconds
[2019-12-09T07:01:13.501+0000][1][safepoint    ] Application time: 0.3287251 seconds
[2019-12-09T07:01:13.501+0000][1][safepoint    ] Entering safepoint region: CollectForMetadataAllocation
[2019-12-09T07:01:13.501+0000][1][safepoint    ] Leaving safepoint region
[2019-12-09T07:01:13.501+0000][1][safepoint    ] Total time for which application threads were stopped: 0.0002292 seconds, Stopping threads took: 0.0000222 seconds
[2019-12-09T07:01:13.769+0000][1][safepoint    ] Application time: 0.2677289 seconds
[2019-12-09T07:01:13.769+0000][1][safepoint    ] Entering safepoint region: CollectForMetadataAllocation
[2019-12-09T07:01:13.769+0000][1][safepoint    ] Leaving safepoint region
[2019-12-09T07:01:13.769+0000][1][safepoint    ] Total time for which application threads were stopped: 0.0002233 seconds, Stopping threads took: 0.0000131 seconds
[2019-12-09T07:01:13.925+0000][1][safepoint    ] Application time: 0.1560014 seconds
[2019-12-09T07:01:13.925+0000][1][safepoint    ] Entering safepoint region: CollectForMetadataAllocation
[2019-12-09T07:01:13.925+0000][1][safepoint    ] Leaving safepoint region
[2019-12-09T07:01:13.925+0000][1][safepoint    ] Total time for which application threads were stopped: 0.0002303 seconds, Stopping threads took: 0.0000136 seconds
[2019-12-09T07:01:14.059+0000][1][safepoint    ] Application time: 0.1341656 seconds
[2019-12-09T07:01:14.059+0000][1][safepoint    ] Entering safepoint region: CollectForMetadataAllocation
[2019-12-09T07:01:14.060+0000][1][safepoint    ] Leaving safepoint region
[2019-12-09T07:01:14.060+0000][1][safepoint    ] Total time for which application threads were stopped: 0.0002152 seconds, Stopping threads took: 0.0000144 seconds
[2019-12-09T07:01:14.211+0000][1][safepoint    ] Application time: 0.1516549 seconds
[2019-12-09T07:01:14.211+0000][1][safepoint    ] Entering safepoint region: CollectForMetadataAllocation
[2019-12-09T07:01:14.212+0000][1][safepoint    ] Leaving safepoint region
[2019-12-09T07:01:14.212+0000][1][safepoint    ] Total time for which application threads were stopped: 0.0002130 seconds, Stopping threads took: 0.0000130 seconds
[2019-12-09T07:01:14.234+0000][1][safepoint    ] Application time: 0.0221786 seconds
[2019-12-09T07:01:14.234+0000][1][safepoint    ] Entering safepoint region: GenCollectForAllocation
[2019-12-09T07:01:14.234+0000][1][gc,start     ] GC(17) Pause Young (Allocation Failure)
[2019-12-09T07:01:14.234+0000][1][gc,task      ] GC(17) Using 2 workers of 2 for evacuation
[2019-12-09T07:01:14.324+0000][1][gc,age       ] GC(17) Desired survivor size 4456448 bytes, new threshold 6 (max threshold 6)
[2019-12-09T07:01:14.324+0000][1][gc,age       ] GC(17) Age table with threshold 6 (max threshold 6)
[2019-12-09T07:01:14.324+0000][1][gc,age       ] GC(17) - age   1:    1924960 bytes,    1924960 total
[2019-12-09T07:01:14.324+0000][1][gc,age       ] GC(17) - age   2:    1224064 bytes,    3149024 total
[2019-12-09T07:01:14.324+0000][1][gc,heap      ] GC(17) ParNew: 78448K->4720K(78656K)
[2019-12-09T07:01:14.324+0000][1][gc,heap      ] GC(17) CMS: 54689K->54689K(174784K)
[2019-12-09T07:01:14.324+0000][1][gc,metaspace ] GC(17) Metaspace: 35151K->35151K(1081344K)
[2019-12-09T07:01:14.324+0000][1][gc           ] GC(17) Pause Young (Allocation Failure) 130M->58M(247M) 89.981ms
[2019-12-09T07:01:14.324+0000][1][gc,cpu       ] GC(17) User=0.02s Sys=0.00s Real=0.09s
[2019-12-09T07:01:14.324+0000][1][safepoint    ] Leaving safepoint region
[2019-12-09T07:01:14.324+0000][1][safepoint    ] Total time for which application threads were stopped: 0.0901061 seconds, Stopping threads took: 0.0000126 seconds
[2019-12-09T07:01:14.325+0000][1][safepoint    ] Application time: 0.0013045 seconds
[2019-12-09T07:01:14.325+0000][1][safepoint    ] Entering safepoint region: RevokeBias
[2019-12-09T07:01:14.325+0000][1][gc,start     ] GC(18) Pause Initial Mark
[2019-12-09T07:01:14.330+0000][1][gc           ] GC(18) Pause Initial Mark 60M->60M(247M) 4.708ms
[2019-12-09T07:01:14.330+0000][1][gc,cpu       ] GC(18) User=0.00s Sys=0.00s Real=0.00s
[2019-12-09T07:01:14.330+0000][1][safepoint    ] Leaving safepoint region
[2019-12-09T07:01:14.330+0000][1][safepoint    ] Total time for which application threads were stopped: 0.0048610 seconds, Stopping threads took: 0.0000125 seconds
[2019-12-09T07:01:14.361+0000][1][gc           ] GC(18) Concurrent Mark
[2019-12-09T07:01:14.533+0000][1][safepoint    ] Application time: 0.2032943 seconds
[2019-12-09T07:01:14.533+0000][1][safepoint    ] Entering safepoint region: CollectForMetadataAllocation
[2019-12-09T07:01:14.534+0000][1][safepoint    ] Leaving safepoint region
[2019-12-09T07:01:14.534+0000][1][safepoint    ] Total time for which application threads were stopped: 0.0002612 seconds, Stopping threads took: 0.0000138 seconds
[2019-12-09T07:01:14.922+0000][1][safepoint    ] Application time: 0.3879983 seconds
[2019-12-09T07:01:14.922+0000][1][safepoint    ] Entering safepoint region: CollectForMetadataAllocation
[2019-12-09T07:01:14.922+0000][1][safepoint    ] Leaving safepoint region
[2019-12-09T07:01:14.922+0000][1][safepoint    ] Total time for which application threads were stopped: 0.0001678 seconds, Stopping threads took: 0.0000179 seconds
[2019-12-09T07:01:15.244+0000][1][safepoint    ] Application time: 0.3217584 seconds
[2019-12-09T07:01:15.244+0000][1][safepoint    ] Entering safepoint region: CollectForMetadataAllocation
[2019-12-09T07:01:15.244+0000][1][safepoint    ] Leaving safepoint region
[2019-12-09T07:01:15.244+0000][1][safepoint    ] Total time for which application threads were stopped: 0.0002568 seconds, Stopping threads took: 0.0000275 seconds
[2019-12-09T07:01:15.352+0000][1][gc           ] GC(18) Concurrent Mark 990.805ms
[2019-12-09T07:01:15.352+0000][1][gc,cpu       ] GC(18) User=0.27s Sys=0.01s Real=0.99s
[2019-12-09T07:01:15.352+0000][1][gc           ] GC(18) Concurrent Preclean
[2019-12-09T07:01:15.378+0000][1][gc           ] GC(18) Concurrent Preclean 26.122ms
[2019-12-09T07:01:15.378+0000][1][gc,cpu       ] GC(18) User=0.01s Sys=0.00s Real=0.03s
[2019-12-09T07:01:15.378+0000][1][gc           ] GC(18) Concurrent Abortable Preclean
[2019-12-09T07:01:15.477+0000][1][safepoint    ] Application time: 0.2327800 seconds
[2019-12-09T07:01:15.477+0000][1][safepoint    ] Entering safepoint region: CollectForMetadataAllocation
[2019-12-09T07:01:15.477+0000][1][safepoint    ] Leaving safepoint region
[2019-12-09T07:01:15.477+0000][1][safepoint    ] Total time for which application threads were stopped: 0.0002505 seconds, Stopping threads took: 0.0000139 seconds
[2019-12-09T07:01:15.733+0000][1][safepoint    ] Application time: 0.2557726 seconds
[2019-12-09T07:01:15.733+0000][1][safepoint    ] Entering safepoint region: CollectForMetadataAllocation
[2019-12-09T07:01:15.733+0000][1][safepoint    ] Leaving safepoint region
[2019-12-09T07:01:15.733+0000][1][safepoint    ] Total time for which application threads were stopped: 0.0002440 seconds, Stopping threads took: 0.0000148 seconds
[2019-12-09T07:01:15.747+0000][1][safepoint    ] Application time: 0.0135787 seconds
[2019-12-09T07:01:15.759+0000][1][safepoint    ] Entering safepoint region: CollectForMetadataAllocation
[2019-12-09T07:01:15.759+0000][1][safepoint    ] Leaving safepoint region
[2019-12-09T07:01:15.759+0000][1][safepoint    ] Total time for which application threads were stopped: 0.0121277 seconds, Stopping threads took: 0.0120704 seconds
[2019-12-09T07:01:15.832+0000][1][safepoint    ] Application time: 0.0730893 seconds
[2019-12-09T07:01:15.832+0000][1][safepoint    ] Entering safepoint region: RevokeBias
[2019-12-09T07:01:15.832+0000][1][safepoint    ] Leaving safepoint region
[2019-12-09T07:01:15.832+0000][1][safepoint    ] Total time for which application threads were stopped: 0.0001311 seconds, Stopping threads took: 0.0000140 seconds
[2019-12-09T07:01:15.923+0000][1][safepoint    ] Application time: 0.0909902 seconds
[2019-12-09T07:01:15.923+0000][1][safepoint    ] Entering safepoint region: CollectForMetadataAllocation
[2019-12-09T07:01:15.923+0000][1][safepoint    ] Leaving safepoint region
[2019-12-09T07:01:15.923+0000][1][safepoint    ] Total time for which application threads were stopped: 0.0002255 seconds, Stopping threads took: 0.0000126 seconds
[2019-12-09T07:01:16.324+0000][1][safepoint    ] Application time: 0.4002773 seconds
[2019-12-09T07:01:16.324+0000][1][safepoint    ] Entering safepoint region: CollectForMetadataAllocation
[2019-12-09T07:01:16.324+0000][1][safepoint    ] Leaving safepoint region
[2019-12-09T07:01:16.324+0000][1][safepoint    ] Total time for which application threads were stopped: 0.0001715 seconds, Stopping threads took: 0.0000168 seconds
[2019-12-09T07:01:16.713+0000][1][safepoint    ] Application time: 0.3887883 seconds
[2019-12-09T07:01:16.713+0000][1][safepoint    ] Entering safepoint region: CollectForMetadataAllocation
[2019-12-09T07:01:16.713+0000][1][safepoint    ] Leaving safepoint region
[2019-12-09T07:01:16.713+0000][1][safepoint    ] Total time for which application threads were stopped: 0.0002141 seconds, Stopping threads took: 0.0000151 seconds
[2019-12-09T07:01:16.977+0000][1][safepoint    ] Application time: 0.2637474 seconds
[2019-12-09T07:01:16.977+0000][1][safepoint    ] Entering safepoint region: CollectForMetadataAllocation
[2019-12-09T07:01:16.977+0000][1][safepoint    ] Leaving safepoint region
[2019-12-09T07:01:16.977+0000][1][safepoint    ] Total time for which application threads were stopped: 0.0002621 seconds, Stopping threads took: 0.0000469 seconds
[2019-12-09T07:01:17.228+0000][1][safepoint    ] Application time: 0.2508806 seconds
[2019-12-09T07:01:17.228+0000][1][safepoint    ] Entering safepoint region: CollectForMetadataAllocation
[2019-12-09T07:01:17.228+0000][1][safepoint    ] Leaving safepoint region
[2019-12-09T07:01:17.228+0000][1][safepoint    ] Total time for which application threads were stopped: 0.0002494 seconds, Stopping threads took: 0.0000157 seconds
[2019-12-09T07:01:17.475+0000][1][safepoint    ] Application time: 0.2464262 seconds
[2019-12-09T07:01:17.475+0000][1][safepoint    ] Entering safepoint region: CollectForMetadataAllocation
[2019-12-09T07:01:17.475+0000][1][safepoint    ] Leaving safepoint region
[2019-12-09T07:01:17.475+0000][1][safepoint    ] Total time for which application threads were stopped: 0.0002443 seconds, Stopping threads took: 0.0000310 seconds
[2019-12-09T07:01:17.700+0000][1][safepoint    ] Application time: 0.2248164 seconds
[2019-12-09T07:01:17.700+0000][1][safepoint    ] Entering safepoint region: CollectForMetadataAllocation
[2019-12-09T07:01:17.700+0000][1][safepoint    ] Leaving safepoint region
[2019-12-09T07:01:17.700+0000][1][safepoint    ] Total time for which application threads were stopped: 0.0002206 seconds, Stopping threads took: 0.0000136 seconds
[2019-12-09T07:01:17.944+0000][1][safepoint    ] Application time: 0.2438111 seconds
[2019-12-09T07:01:17.944+0000][1][safepoint    ] Entering safepoint region: CollectForMetadataAllocation
[2019-12-09T07:01:17.944+0000][1][safepoint    ] Leaving safepoint region
[2019-12-09T07:01:17.944+0000][1][safepoint    ] Total time for which application threads were stopped: 0.0002419 seconds, Stopping threads took: 0.0000161 seconds
[2019-12-09T07:01:18.229+0000][1][safepoint    ] Application time: 0.2846443 seconds
[2019-12-09T07:01:18.229+0000][1][safepoint    ] Entering safepoint region: CollectForMetadataAllocation
[2019-12-09T07:01:18.229+0000][1][safepoint    ] Leaving safepoint region
[2019-12-09T07:01:18.229+0000][1][safepoint    ] Total time for which application threads were stopped: 0.0002405 seconds, Stopping threads took: 0.0000223 seconds
[2019-12-09T07:01:18.475+0000][1][safepoint    ] Application time: 0.2456860 seconds
[2019-12-09T07:01:18.475+0000][1][safepoint    ] Entering safepoint region: CollectForMetadataAllocation
[2019-12-09T07:01:18.475+0000][1][safepoint    ] Leaving safepoint region
[2019-12-09T07:01:18.475+0000][1][safepoint    ] Total time for which application threads were stopped: 0.0002227 seconds, Stopping threads took: 0.0000141 seconds
[2019-12-09T07:01:18.675+0000][1][safepoint    ] Application time: 0.1997607 seconds
[2019-12-09T07:01:18.675+0000][1][safepoint    ] Entering safepoint region: CollectForMetadataAllocation
[2019-12-09T07:01:18.675+0000][1][safepoint    ] Leaving safepoint region
[2019-12-09T07:01:18.675+0000][1][safepoint    ] Total time for which application threads were stopped: 0.0001764 seconds, Stopping threads took: 0.0000133 seconds
[2019-12-09T07:01:18.776+0000][1][safepoint    ] Application time: 0.1014244 seconds
[2019-12-09T07:01:18.776+0000][1][safepoint    ] Entering safepoint region: CollectForMetadataAllocation
[2019-12-09T07:01:18.777+0000][1][safepoint    ] Leaving safepoint region
[2019-12-09T07:01:18.777+0000][1][safepoint    ] Total time for which application threads were stopped: 0.0001464 seconds, Stopping threads took: 0.0000141 seconds
[2019-12-09T07:01:18.957+0000][1][safepoint    ] Application time: 0.1800936 seconds
[2019-12-09T07:01:18.957+0000][1][safepoint    ] Entering safepoint region: CollectForMetadataAllocation
[2019-12-09T07:01:18.957+0000][1][safepoint    ] Leaving safepoint region
[2019-12-09T07:01:18.957+0000][1][safepoint    ] Total time for which application threads were stopped: 0.0002166 seconds, Stopping threads took: 0.0000139 seconds
[2019-12-09T07:01:19.350+0000][1][safepoint    ] Application time: 0.3930806 seconds
[2019-12-09T07:01:19.350+0000][1][safepoint    ] Entering safepoint region: CollectForMetadataAllocation
[2019-12-09T07:01:19.350+0000][1][safepoint    ] Leaving safepoint region
[2019-12-09T07:01:19.350+0000][1][safepoint    ] Total time for which application threads were stopped: 0.0002328 seconds, Stopping threads took: 0.0000131 seconds
[2019-12-09T07:01:19.366+0000][1][safepoint    ] Application time: 0.0154144 seconds
[2019-12-09T07:01:19.366+0000][1][safepoint    ] Entering safepoint region: CollectForMetadataAllocation
[2019-12-09T07:01:19.366+0000][1][safepoint    ] Leaving safepoint region
[2019-12-09T07:01:19.366+0000][1][safepoint    ] Total time for which application threads were stopped: 0.0002329 seconds, Stopping threads took: 0.0001923 seconds
[2019-12-09T07:01:19.669+0000][1][safepoint    ] Application time: 0.3027242 seconds
[2019-12-09T07:01:19.669+0000][1][safepoint    ] Entering safepoint region: CollectForMetadataAllocation
[2019-12-09T07:01:19.669+0000][1][safepoint    ] Leaving safepoint region
[2019-12-09T07:01:19.669+0000][1][safepoint    ] Total time for which application threads were stopped: 0.0002340 seconds, Stopping threads took: 0.0000150 seconds
[2019-12-09T07:01:19.958+0000][1][safepoint    ] Application time: 0.2889400 seconds
[2019-12-09T07:01:19.958+0000][1][safepoint    ] Entering safepoint region: CollectForMetadataAllocation
[2019-12-09T07:01:19.958+0000][1][safepoint    ] Leaving safepoint region
[2019-12-09T07:01:19.958+0000][1][safepoint    ] Total time for which application threads were stopped: 0.0002345 seconds, Stopping threads took: 0.0000139 seconds
[2019-12-09T07:01:20.195+0000][1][safepoint    ] Application time: 0.2365231 seconds
[2019-12-09T07:01:20.195+0000][1][safepoint    ] Entering safepoint region: CollectForMetadataAllocation
[2019-12-09T07:01:20.195+0000][1][safepoint    ] Leaving safepoint region
[2019-12-09T07:01:20.195+0000][1][safepoint    ] Total time for which application threads were stopped: 0.0002251 seconds, Stopping threads took: 0.0000144 seconds
[2019-12-09T07:01:20.431+0000][1][safepoint    ] Application time: 0.2356924 seconds
[2019-12-09T07:01:20.463+0000][1][safepoint    ] Entering safepoint region: RevokeBias
[2019-12-09T07:01:20.464+0000][1][safepoint    ] Leaving safepoint region
[2019-12-09T07:01:20.464+0000][1][safepoint    ] Total time for which application threads were stopped: 0.0328061 seconds, Stopping threads took: 0.0327035 seconds
[2019-12-09T07:01:20.479+0000][1][gc           ] GC(18) Concurrent Abortable Preclean 5101.009ms
[2019-12-09T07:01:20.479+0000][1][gc,cpu       ] GC(18) User=1.46s Sys=0.02s Real=5.10s
[2019-12-09T07:01:20.479+0000][1][safepoint    ] Application time: 0.0152653 seconds
[2019-12-09T07:01:20.479+0000][1][safepoint    ] Entering safepoint region: CMS_Final_Remark
[2019-12-09T07:01:20.479+0000][1][gc,start     ] GC(18) Pause Remark
[2019-12-09T07:01:20.581+0000][1][gc           ] GC(18) Pause Remark 91M->91M(247M) 101.741ms
[2019-12-09T07:01:20.581+0000][1][gc,cpu       ] GC(18) User=0.04s Sys=0.00s Real=0.10s
[2019-12-09T07:01:20.581+0000][1][safepoint    ] Leaving safepoint region
[2019-12-09T07:01:20.581+0000][1][safepoint    ] Total time for which application threads were stopped: 0.1018848 seconds, Stopping threads took: 0.0000130 seconds
[2019-12-09T07:01:20.604+0000][1][gc           ] GC(18) Concurrent Sweep
[2019-12-09T07:01:20.794+0000][1][safepoint    ] Application time: 0.2129353 seconds
[2019-12-09T07:01:20.794+0000][1][safepoint    ] Entering safepoint region: CollectForMetadataAllocation
[2019-12-09T07:01:20.795+0000][1][safepoint    ] Leaving safepoint region
[2019-12-09T07:01:20.795+0000][1][safepoint    ] Total time for which application threads were stopped: 0.0010111 seconds, Stopping threads took: 0.0000140 seconds
[2019-12-09T07:01:20.937+0000][1][gc           ] GC(18) Concurrent Sweep 333.649ms
[2019-12-09T07:01:20.937+0000][1][gc,cpu       ] GC(18) User=0.11s Sys=0.00s Real=0.34s
[2019-12-09T07:01:20.937+0000][1][gc           ] GC(18) Concurrent Reset
[2019-12-09T07:01:20.945+0000][1][gc           ] GC(18) Concurrent Reset 7.329ms
[2019-12-09T07:01:20.945+0000][1][gc,cpu       ] GC(18) User=0.00s Sys=0.00s Real=0.01s
[2019-12-09T07:01:20.945+0000][1][gc,heap      ] GC(18) Old: 54689K->54450K(174784K)
[2019-12-09T07:01:21.800+0000][1][safepoint    ] Application time: 1.0049543 seconds
[2019-12-09T07:01:21.821+0000][1][safepoint    ] Entering safepoint region: Cleanup
[2019-12-09T07:01:21.821+0000][1][safepoint    ] Leaving safepoint region
[2019-12-09T07:01:21.821+0000][1][safepoint    ] Total time for which application threads were stopped: 0.0210965 seconds, Stopping threads took: 0.0210415 seconds
[2019-12-09T07:01:24.983+0000][1][safepoint    ] Application time: 3.1618490 seconds
[2019-12-09T07:01:25.054+0000][1][safepoint    ] Entering safepoint region: RevokeBias
[2019-12-09T07:01:25.054+0000][1][safepoint    ] Leaving safepoint region
[2019-12-09T07:01:25.054+0000][1][safepoint    ] Total time for which application threads were stopped: 0.0710976 seconds, Stopping threads took: 0.0710187 seconds
[2019-12-09T07:01:25.070+0000][1][safepoint    ] Application time: 0.0158541 seconds
[2019-12-09T07:01:25.134+0000][1][safepoint    ] Entering safepoint region: RevokeBias
[2019-12-09T07:01:25.134+0000][1][safepoint    ] Leaving safepoint region
[2019-12-09T07:01:25.134+0000][1][safepoint    ] Total time for which application threads were stopped: 0.0641481 seconds, Stopping threads took: 0.0640373 seconds
[2019-12-09T07:01:25.472+0000][1][safepoint    ] Application time: 0.3378182 seconds
[2019-12-09T07:01:25.545+0000][1][safepoint    ] Entering safepoint region: RevokeBias
[2019-12-09T07:01:25.545+0000][1][safepoint    ] Leaving safepoint region
[2019-12-09T07:01:25.545+0000][1][safepoint    ] Total time for which application threads were stopped: 0.0730774 seconds, Stopping threads took: 0.0729927 seconds
[2019-12-09T07:01:25.545+0000][1][safepoint    ] Application time: 0.0004214 seconds
[2019-12-09T07:01:25.545+0000][1][safepoint    ] Entering safepoint region: RevokeBias
[2019-12-09T07:01:25.545+0000][1][safepoint    ] Leaving safepoint region
[2019-12-09T07:01:25.545+0000][1][safepoint    ] Total time for which application threads were stopped: 0.0000782 seconds, Stopping threads took: 0.0000167 seconds
[2019-12-09T07:01:25.545+0000][1][safepoint    ] Application time: 0.0000832 seconds
[2019-12-09T07:01:25.545+0000][1][safepoint    ] Entering safepoint region: RevokeBias
[2019-12-09T07:01:25.546+0000][1][safepoint    ] Leaving safepoint region
[2019-12-09T07:01:25.546+0000][1][safepoint    ] Total time for which application threads were stopped: 0.0000571 seconds, Stopping threads took: 0.0000085 seconds
[2019-12-09T07:01:25.546+0000][1][safepoint    ] Application time: 0.0000566 seconds
[2019-12-09T07:01:25.546+0000][1][safepoint    ] Entering safepoint region: RevokeBias
[2019-12-09T07:01:25.546+0000][1][safepoint    ] Leaving safepoint region
[2019-12-09T07:01:25.546+0000][1][safepoint    ] Total time for which application threads were stopped: 0.0000476 seconds, Stopping threads took: 0.0000083 seconds
[2019-12-09T07:01:25.546+0000][1][safepoint    ] Application time: 0.0001039 seconds
[2019-12-09T07:01:25.546+0000][1][safepoint    ] Entering safepoint region: RevokeBias
[2019-12-09T07:01:25.546+0000][1][safepoint    ] Leaving safepoint region
[2019-12-09T07:01:25.546+0000][1][safepoint    ] Total time for which application threads were stopped: 0.0000494 seconds, Stopping threads took: 0.0000087 seconds
[2019-12-09T07:01:25.546+0000][1][safepoint    ] Application time: 0.0000609 seconds
[2019-12-09T07:01:25.546+0000][1][safepoint    ] Entering safepoint region: RevokeBias
[2019-12-09T07:01:25.546+0000][1][safepoint    ] Leaving safepoint region
[2019-12-09T07:01:25.546+0000][1][safepoint    ] Total time for which application threads were stopped: 0.0000438 seconds, Stopping threads took: 0.0000080 seconds
[2019-12-09T07:01:25.546+0000][1][safepoint    ] Application time: 0.0004581 seconds
[2019-12-09T07:01:25.546+0000][1][safepoint    ] Entering safepoint region: RevokeBias
[2019-12-09T07:01:25.546+0000][1][safepoint    ] Leaving safepoint region
[2019-12-09T07:01:25.546+0000][1][safepoint    ] Total time for which application threads were stopped: 0.0000520 seconds, Stopping threads took: 0.0000093 seconds
[2019-12-09T07:01:25.547+0000][1][safepoint    ] Application time: 0.0008514 seconds
[2019-12-09T07:01:25.547+0000][1][safepoint    ] Entering safepoint region: RevokeBias
[2019-12-09T07:01:25.547+0000][1][safepoint    ] Leaving safepoint region
[2019-12-09T07:01:25.547+0000][1][safepoint    ] Total time for which application threads were stopped: 0.0000610 seconds, Stopping threads took: 0.0000105 seconds
[2019-12-09T07:01:25.548+0000][1][safepoint    ] Application time: 0.0000682 seconds
[2019-12-09T07:01:25.548+0000][1][safepoint    ] Entering safepoint region: RevokeBias
[2019-12-09T07:01:25.548+0000][1][safepoint    ] Leaving safepoint region
[2019-12-09T07:01:25.548+0000][1][safepoint    ] Total time for which application threads were stopped: 0.0000422 seconds, Stopping threads took: 0.0000083 seconds
[2019-12-09T07:01:25.548+0000][1][safepoint    ] Application time: 0.0003807 seconds
[2019-12-09T07:01:25.548+0000][1][safepoint    ] Entering safepoint region: RevokeBias
[2019-12-09T07:01:25.548+0000][1][safepoint    ] Leaving safepoint region
[2019-12-09T07:01:25.548+0000][1][safepoint    ] Total time for which application threads were stopped: 0.0000560 seconds, Stopping threads took: 0.0000096 seconds
[2019-12-09T07:01:25.548+0000][1][safepoint    ] Application time: 0.0000630 seconds
[2019-12-09T07:01:25.548+0000][1][safepoint    ] Entering safepoint region: RevokeBias
[2019-12-09T07:01:25.548+0000][1][safepoint    ] Leaving safepoint region
[2019-12-09T07:01:25.548+0000][1][safepoint    ] Total time for which application threads were stopped: 0.0000402 seconds, Stopping threads took: 0.0000080 seconds
[2019-12-09T07:01:27.043+0000][1][safepoint    ] Application time: 1.4945599 seconds
[2019-12-09T07:01:27.043+0000][1][safepoint    ] Entering safepoint region: Cleanup
[2019-12-09T07:01:27.043+0000][1][safepoint    ] Leaving safepoint region
[2019-12-09T07:01:27.043+0000][1][safepoint    ] Total time for which application threads were stopped: 0.0000784 seconds, Stopping threads took: 0.0000312 seconds
[2019-12-09T07:01:28.044+0000][1][safepoint    ] Application time: 1.0008735 seconds
[2019-12-09T07:01:28.219+0000][1][safepoint    ] Entering safepoint region: Cleanup
[2019-12-09T07:01:28.219+0000][1][safepoint    ] Leaving safepoint region
[2019-12-09T07:01:28.219+0000][1][safepoint    ] Total time for which application threads were stopped: 0.1750524 seconds, Stopping threads took: 0.1749925 seconds
[2019-12-09T07:01:29.245+0000][1][safepoint    ] Application time: 1.0259010 seconds
[2019-12-09T07:01:29.299+0000][1][safepoint    ] Entering safepoint region: Cleanup
[2019-12-09T07:01:29.299+0000][1][safepoint    ] Leaving safepoint region
[2019-12-09T07:01:29.299+0000][1][safepoint    ] Total time for which application threads were stopped: 0.0541456 seconds, Stopping threads took: 0.0540961 seconds
[2019-12-09T07:01:30.304+0000][1][safepoint    ] Application time: 1.0048063 seconds
[2019-12-09T07:01:30.388+0000][1][safepoint    ] Entering safepoint region: Cleanup
[2019-12-09T07:01:30.388+0000][1][safepoint    ] Leaving safepoint region
[2019-12-09T07:01:30.388+0000][1][safepoint    ] Total time for which application threads were stopped: 0.0841717 seconds, Stopping threads took: 0.0841121 seconds
[2019-12-09T07:01:31.398+0000][1][safepoint    ] Application time: 1.0098122 seconds
[2019-12-09T07:01:31.494+0000][1][safepoint    ] Entering safepoint region: Cleanup
[2019-12-09T07:01:31.494+0000][1][safepoint    ] Leaving safepoint region
[2019-12-09T07:01:31.494+0000][1][safepoint    ] Total time for which application threads were stopped: 0.0960494 seconds, Stopping threads took: 0.0959805 seconds
[2019-12-09T07:01:31.671+0000][1][safepoint    ] Application time: 0.1768944 seconds
[2019-12-09T07:01:31.671+0000][1][safepoint    ] Entering safepoint region: GenCollectForAllocation
[2019-12-09T07:01:31.671+0000][1][gc,start     ] GC(19) Pause Young (Allocation Failure)
[2019-12-09T07:01:31.671+0000][1][gc,task      ] GC(19) Using 2 workers of 2 for evacuation
[2019-12-09T07:01:31.822+0000][1][gc,age       ] GC(19) Desired survivor size 4456448 bytes, new threshold 2 (max threshold 6)
[2019-12-09T07:01:31.822+0000][1][gc,age       ] GC(19) Age table with threshold 2 (max threshold 6)
[2019-12-09T07:01:31.822+0000][1][gc,age       ] GC(19) - age   1:    2558024 bytes,    2558024 total
[2019-12-09T07:01:31.822+0000][1][gc,age       ] GC(19) - age   2:    1899576 bytes,    4457600 total
[2019-12-09T07:01:31.822+0000][1][gc,age       ] GC(19) - age   3:    1221664 bytes,    5679264 total
[2019-12-09T07:01:31.822+0000][1][gc,heap      ] GC(19) ParNew: 74672K->7241K(78656K)
[2019-12-09T07:01:31.822+0000][1][gc,heap      ] GC(19) CMS: 54450K->54450K(174784K)
[2019-12-09T07:01:31.822+0000][1][gc,metaspace ] GC(19) Metaspace: 42958K->42958K(1089536K)
[2019-12-09T07:01:31.822+0000][1][gc           ] GC(19) Pause Young (Allocation Failure) 126M->60M(247M) 151.432ms
[2019-12-09T07:01:31.822+0000][1][gc,cpu       ] GC(19) User=0.05s Sys=0.00s Real=0.15s
[2019-12-09T07:01:31.822+0000][1][safepoint    ] Leaving safepoint region
[2019-12-09T07:01:31.822+0000][1][safepoint    ] Total time for which application threads were stopped: 0.1515844 seconds, Stopping threads took: 0.0000127 seconds
[2019-12-09T07:01:31.995+0000][1][safepoint    ] Application time: 0.1729558 seconds
[2019-12-09T07:01:31.995+0000][1][safepoint    ] Entering safepoint region: RevokeBias
[2019-12-09T07:01:31.995+0000][1][safepoint    ] Leaving safepoint region
[2019-12-09T07:01:31.995+0000][1][safepoint    ] Total time for which application threads were stopped: 0.0000808 seconds, Stopping threads took: 0.0000142 seconds
[2019-12-09T07:01:31.996+0000][1][safepoint    ] Application time: 0.0000691 seconds
[2019-12-09T07:01:31.996+0000][1][safepoint    ] Entering safepoint region: RevokeBias
[2019-12-09T07:01:31.996+0000][1][safepoint    ] Leaving safepoint region
[2019-12-09T07:01:31.996+0000][1][safepoint    ] Total time for which application threads were stopped: 0.0000447 seconds, Stopping threads took: 0.0000158 seconds
[2019-12-09T07:01:31.996+0000][1][safepoint    ] Application time: 0.0000600 seconds
[2019-12-09T07:01:31.996+0000][1][safepoint    ] Entering safepoint region: RevokeBias
[2019-12-09T07:01:31.996+0000][1][safepoint    ] Leaving safepoint region
[2019-12-09T07:01:31.996+0000][1][safepoint    ] Total time for which application threads were stopped: 0.0000490 seconds, Stopping threads took: 0.0000077 seconds
[2019-12-09T07:01:31.996+0000][1][safepoint    ] Application time: 0.0000548 seconds
[2019-12-09T07:01:31.996+0000][1][safepoint    ] Entering safepoint region: RevokeBias
[2019-12-09T07:01:31.996+0000][1][safepoint    ] Leaving safepoint region
[2019-12-09T07:01:31.996+0000][1][safepoint    ] Total time for which application threads were stopped: 0.0000266 seconds, Stopping threads took: 0.0000084 seconds
[2019-12-09T07:01:32.919+0000][1][safepoint    ] Application time: 0.9234521 seconds
[2019-12-09T07:01:32.919+0000][1][safepoint    ] Entering safepoint region: Deoptimize
[2019-12-09T07:01:32.920+0000][1][safepoint    ] Leaving safepoint region
[2019-12-09T07:01:32.920+0000][1][safepoint    ] Total time for which application threads were stopped: 0.0005789 seconds, Stopping threads took: 0.0000140 seconds
[2019-12-09T07:01:33.473+0000][1][safepoint    ] Application time: 0.5528453 seconds
[2019-12-09T07:01:33.473+0000][1][safepoint    ] Entering safepoint region: RevokeBias
[2019-12-09T07:01:33.473+0000][1][safepoint    ] Leaving safepoint region
[2019-12-09T07:01:33.473+0000][1][safepoint    ] Total time for which application threads were stopped: 0.0001616 seconds, Stopping threads took: 0.0000157 seconds
[2019-12-09T07:01:33.518+0000][1][safepoint    ] Application time: 0.0453218 seconds
[2019-12-09T07:01:33.518+0000][1][safepoint    ] Entering safepoint region: RevokeBias
[2019-12-09T07:01:33.518+0000][1][safepoint    ] Leaving safepoint region
[2019-12-09T07:01:33.518+0000][1][safepoint    ] Total time for which application threads were stopped: 0.0000827 seconds, Stopping threads took: 0.0000112 seconds
[2019-12-09T07:01:34.520+0000][1][safepoint    ] Application time: 1.0013573 seconds
[2019-12-09T07:01:34.520+0000][1][safepoint    ] Entering safepoint region: Cleanup
[2019-12-09T07:01:34.520+0000][1][safepoint    ] Leaving safepoint region
[2019-12-09T07:01:34.520+0000][1][safepoint    ] Total time for which application threads were stopped: 0.0001148 seconds, Stopping threads took: 0.0000495 seconds
[2019-12-09T07:01:35.108+0000][1][safepoint    ] Application time: 0.5884870 seconds
[2019-12-09T07:01:35.108+0000][1][safepoint    ] Entering safepoint region: RevokeBias
[2019-12-09T07:01:35.109+0000][1][safepoint    ] Leaving safepoint region
[2019-12-09T07:01:35.109+0000][1][safepoint    ] Total time for which application threads were stopped: 0.0004856 seconds, Stopping threads took: 0.0000130 seconds
[2019-12-09T07:01:35.716+0000][1][safepoint    ] Application time: 0.6073651 seconds
[2019-12-09T07:01:35.717+0000][1][safepoint    ] Entering safepoint region: RevokeBias
[2019-12-09T07:01:35.717+0000][1][safepoint    ] Leaving safepoint region
[2019-12-09T07:01:35.717+0000][1][safepoint    ] Total time for which application threads were stopped: 0.0006723 seconds, Stopping threads took: 0.0005879 seconds
[2019-12-09T07:01:35.717+0000][1][safepoint    ] Application time: 0.0001086 seconds
[2019-12-09T07:01:35.717+0000][1][safepoint    ] Entering safepoint region: RevokeBias
[2019-12-09T07:01:35.717+0000][1][safepoint    ] Leaving safepoint region
[2019-12-09T07:01:35.717+0000][1][safepoint    ] Total time for which application threads were stopped: 0.0000599 seconds, Stopping threads took: 0.0000098 seconds
[2019-12-09T07:01:35.717+0000][1][safepoint    ] Application time: 0.0000642 seconds
[2019-12-09T07:01:35.717+0000][1][safepoint    ] Entering safepoint region: RevokeBias
[2019-12-09T07:01:35.717+0000][1][safepoint    ] Leaving safepoint region
[2019-12-09T07:01:35.717+0000][1][safepoint    ] Total time for which application threads were stopped: 0.0000623 seconds, Stopping threads took: 0.0000156 seconds
[2019-12-09T07:01:35.717+0000][1][safepoint    ] Application time: 0.0001329 seconds
[2019-12-09T07:01:35.717+0000][1][safepoint    ] Entering safepoint region: RevokeBias
[2019-12-09T07:01:35.718+0000][1][safepoint    ] Leaving safepoint region
[2019-12-09T07:01:35.718+0000][1][safepoint    ] Total time for which application threads were stopped: 0.0000607 seconds, Stopping threads took: 0.0000096 seconds
[2019-12-09T07:01:35.718+0000][1][safepoint    ] Application time: 0.0005727 seconds
[2019-12-09T07:01:35.718+0000][1][safepoint    ] Entering safepoint region: RevokeBias
[2019-12-09T07:01:35.718+0000][1][safepoint    ] Leaving safepoint region
[2019-12-09T07:01:35.718+0000][1][safepoint    ] Total time for which application threads were stopped: 0.0000658 seconds, Stopping threads took: 0.0000112 seconds
[2019-12-09T07:01:35.718+0000][1][safepoint    ] Application time: 0.0000956 seconds
[2019-12-09T07:01:35.718+0000][1][safepoint    ] Entering safepoint region: RevokeBias
[2019-12-09T07:01:35.718+0000][1][safepoint    ] Leaving safepoint region
[2019-12-09T07:01:35.718+0000][1][safepoint    ] Total time for which application threads were stopped: 0.0000553 seconds, Stopping threads took: 0.0000085 seconds
[2019-12-09T07:01:35.719+0000][1][safepoint    ] Application time: 0.0001943 seconds
[2019-12-09T07:01:35.719+0000][1][safepoint    ] Entering safepoint region: RevokeBias
[2019-12-09T07:01:35.719+0000][1][safepoint    ] Leaving safepoint region
[2019-12-09T07:01:35.719+0000][1][safepoint    ] Total time for which application threads were stopped: 0.0000634 seconds, Stopping threads took: 0.0000097 seconds
[2019-12-09T07:01:35.719+0000][1][safepoint    ] Application time: 0.0000794 seconds
[2019-12-09T07:01:35.719+0000][1][safepoint    ] Entering safepoint region: RevokeBias
[2019-12-09T07:01:35.719+0000][1][safepoint    ] Leaving safepoint region
[2019-12-09T07:01:35.719+0000][1][safepoint    ] Total time for which application threads were stopped: 0.0000555 seconds, Stopping threads took: 0.0000083 seconds
[2019-12-09T07:01:35.719+0000][1][safepoint    ] Application time: 0.0000571 seconds
[2019-12-09T07:01:35.719+0000][1][safepoint    ] Entering safepoint region: RevokeBias
[2019-12-09T07:01:35.719+0000][1][safepoint    ] Leaving safepoint region
[2019-12-09T07:01:35.719+0000][1][safepoint    ] Total time for which application threads were stopped: 0.0000468 seconds, Stopping threads took: 0.0000083 seconds
[2019-12-09T07:01:35.719+0000][1][safepoint    ] Application time: 0.0000508 seconds
[2019-12-09T07:01:35.719+0000][1][safepoint    ] Entering safepoint region: RevokeBias
[2019-12-09T07:01:35.719+0000][1][safepoint    ] Leaving safepoint region
[2019-12-09T07:01:35.719+0000][1][safepoint    ] Total time for which application threads were stopped: 0.0000481 seconds, Stopping threads took: 0.0000081 seconds
[2019-12-09T07:01:35.719+0000][1][safepoint    ] Application time: 0.0000520 seconds
[2019-12-09T07:01:35.719+0000][1][safepoint    ] Entering safepoint region: RevokeBias
[2019-12-09T07:01:35.719+0000][1][safepoint    ] Leaving safepoint region
[2019-12-09T07:01:35.719+0000][1][safepoint    ] Total time for which application threads were stopped: 0.0000466 seconds, Stopping threads took: 0.0000080 seconds
[2019-12-09T07:01:35.719+0000][1][safepoint    ] Application time: 0.0000550 seconds
[2019-12-09T07:01:35.719+0000][1][safepoint    ] Entering safepoint region: RevokeBias
[2019-12-09T07:01:35.719+0000][1][safepoint    ] Leaving safepoint region
[2019-12-09T07:01:35.719+0000][1][safepoint    ] Total time for which application threads were stopped: 0.0000466 seconds, Stopping threads took: 0.0000079 seconds
[2019-12-09T07:01:35.719+0000][1][safepoint    ] Application time: 0.0000594 seconds
[2019-12-09T07:01:35.719+0000][1][safepoint    ] Entering safepoint region: RevokeBias
[2019-12-09T07:01:35.719+0000][1][safepoint    ] Leaving safepoint region
[2019-12-09T07:01:35.719+0000][1][safepoint    ] Total time for which application threads were stopped: 0.0000603 seconds, Stopping threads took: 0.0000143 seconds
[2019-12-09T07:01:35.719+0000][1][safepoint    ] Application time: 0.0000544 seconds
[2019-12-09T07:01:35.719+0000][1][safepoint    ] Entering safepoint region: RevokeBias
[2019-12-09T07:01:35.719+0000][1][safepoint    ] Leaving safepoint region
[2019-12-09T07:01:35.720+0000][1][safepoint    ] Total time for which application threads were stopped: 0.0000448 seconds, Stopping threads took: 0.0000077 seconds
[2019-12-09T07:01:35.720+0000][1][safepoint    ] Application time: 0.0000501 seconds
[2019-12-09T07:01:35.720+0000][1][safepoint    ] Entering safepoint region: RevokeBias
[2019-12-09T07:01:35.720+0000][1][safepoint    ] Leaving safepoint region
[2019-12-09T07:01:35.720+0000][1][safepoint    ] Total time for which application threads were stopped: 0.0000458 seconds, Stopping threads took: 0.0000078 seconds
[2019-12-09T07:01:35.720+0000][1][safepoint    ] Application time: 0.0000512 seconds
[2019-12-09T07:01:35.720+0000][1][safepoint    ] Entering safepoint region: RevokeBias
[2019-12-09T07:01:35.720+0000][1][safepoint    ] Leaving safepoint region
[2019-12-09T07:01:35.720+0000][1][safepoint    ] Total time for which application threads were stopped: 0.0000424 seconds, Stopping threads took: 0.0000070 seconds
[2019-12-09T07:01:35.720+0000][1][safepoint    ] Application time: 0.0000517 seconds
[2019-12-09T07:01:35.720+0000][1][safepoint    ] Entering safepoint region: RevokeBias
[2019-12-09T07:01:35.720+0000][1][safepoint    ] Leaving safepoint region
[2019-12-09T07:01:35.720+0000][1][safepoint    ] Total time for which application threads were stopped: 0.0000429 seconds, Stopping threads took: 0.0000075 seconds
[2019-12-09T07:01:35.720+0000][1][safepoint    ] Application time: 0.0000511 seconds
[2019-12-09T07:01:35.720+0000][1][safepoint    ] Entering safepoint region: RevokeBias
[2019-12-09T07:01:35.720+0000][1][safepoint    ] Leaving safepoint region
[2019-12-09T07:01:35.720+0000][1][safepoint    ] Total time for which application threads were stopped: 0.0000400 seconds, Stopping threads took: 0.0000070 seconds
[2019-12-09T07:01:35.720+0000][1][safepoint    ] Application time: 0.0000510 seconds
[2019-12-09T07:01:35.720+0000][1][safepoint    ] Entering safepoint region: RevokeBias
[2019-12-09T07:01:35.720+0000][1][safepoint    ] Leaving safepoint region
[2019-12-09T07:01:35.720+0000][1][safepoint    ] Total time for which application threads were stopped: 0.0000426 seconds, Stopping threads took: 0.0000071 seconds
[2019-12-09T07:01:35.720+0000][1][safepoint    ] Application time: 0.0000522 seconds
[2019-12-09T07:01:35.720+0000][1][safepoint    ] Entering safepoint region: RevokeBias
[2019-12-09T07:01:35.720+0000][1][safepoint    ] Leaving safepoint region
[2019-12-09T07:01:35.720+0000][1][safepoint    ] Total time for which application threads were stopped: 0.0000420 seconds, Stopping threads took: 0.0000071 seconds
[2019-12-09T07:01:35.720+0000][1][safepoint    ] Application time: 0.0000504 seconds
[2019-12-09T07:01:35.720+0000][1][safepoint    ] Entering safepoint region: RevokeBias
[2019-12-09T07:01:35.720+0000][1][safepoint    ] Leaving safepoint region
[2019-12-09T07:01:35.720+0000][1][safepoint    ] Total time for which application threads were stopped: 0.0000417 seconds, Stopping threads took: 0.0000068 seconds
[2019-12-09T07:01:35.720+0000][1][safepoint    ] Application time: 0.0000504 seconds
[2019-12-09T07:01:35.720+0000][1][safepoint    ] Entering safepoint region: RevokeBias
[2019-12-09T07:01:35.720+0000][1][safepoint    ] Leaving safepoint region
[2019-12-09T07:01:35.720+0000][1][safepoint    ] Total time for which application threads were stopped: 0.0000436 seconds, Stopping threads took: 0.0000073 seconds
[2019-12-09T07:01:35.720+0000][1][safepoint    ] Application time: 0.0000504 seconds
[2019-12-09T07:01:35.720+0000][1][safepoint    ] Entering safepoint region: RevokeBias
[2019-12-09T07:01:35.720+0000][1][safepoint    ] Leaving safepoint region
[2019-12-09T07:01:35.721+0000][1][safepoint    ] Total time for which application threads were stopped: 0.0000494 seconds, Stopping threads took: 0.0000123 seconds
[2019-12-09T07:01:35.721+0000][1][safepoint    ] Application time: 0.0000516 seconds
[2019-12-09T07:01:35.721+0000][1][safepoint    ] Entering safepoint region: BulkRevokeBias
[2019-12-09T07:01:35.721+0000][1][safepoint    ] Leaving safepoint region
[2019-12-09T07:01:35.721+0000][1][safepoint    ] Total time for which application threads were stopped: 0.0001315 seconds, Stopping threads took: 0.0000077 seconds
[2019-12-09T07:01:35.721+0000][1][safepoint    ] Application time: 0.0001949 seconds
[2019-12-09T07:01:35.721+0000][1][safepoint    ] Entering safepoint region: RevokeBias
[2019-12-09T07:01:35.721+0000][1][safepoint    ] Leaving safepoint region
[2019-12-09T07:01:35.721+0000][1][safepoint    ] Total time for which application threads were stopped: 0.0000728 seconds, Stopping threads took: 0.0000088 seconds
[2019-12-09T07:01:35.721+0000][1][safepoint    ] Application time: 0.0000960 seconds
[2019-12-09T07:01:35.721+0000][1][safepoint    ] Entering safepoint region: RevokeBias
[2019-12-09T07:01:35.721+0000][1][safepoint    ] Leaving safepoint region
[2019-12-09T07:01:35.721+0000][1][safepoint    ] Total time for which application threads were stopped: 0.0000624 seconds, Stopping threads took: 0.0000082 seconds
[2019-12-09T07:01:35.721+0000][1][safepoint    ] Application time: 0.0001424 seconds
[2019-12-09T07:01:35.721+0000][1][safepoint    ] Entering safepoint region: RevokeBias
[2019-12-09T07:01:35.721+0000][1][safepoint    ] Leaving safepoint region
[2019-12-09T07:01:35.721+0000][1][safepoint    ] Total time for which application threads were stopped: 0.0000603 seconds, Stopping threads took: 0.0000086 seconds
[2019-12-09T07:01:35.721+0000][1][safepoint    ] Application time: 0.0000770 seconds
[2019-12-09T07:01:35.721+0000][1][safepoint    ] Entering safepoint region: RevokeBias
[2019-12-09T07:01:35.722+0000][1][safepoint    ] Leaving safepoint region
[2019-12-09T07:01:35.722+0000][1][safepoint    ] Total time for which application threads were stopped: 0.0000541 seconds, Stopping threads took: 0.0000087 seconds
[2019-12-09T07:01:35.722+0000][1][safepoint    ] Application time: 0.0000890 seconds
[2019-12-09T07:01:35.722+0000][1][safepoint    ] Entering safepoint region: RevokeBias
[2019-12-09T07:01:35.722+0000][1][safepoint    ] Leaving safepoint region
[2019-12-09T07:01:35.722+0000][1][safepoint    ] Total time for which application threads were stopped: 0.0000879 seconds, Stopping threads took: 0.0000086 seconds
[2019-12-09T07:01:35.722+0000][1][safepoint    ] Application time: 0.0000659 seconds
[2019-12-09T07:01:35.722+0000][1][safepoint    ] Entering safepoint region: RevokeBias
[2019-12-09T07:01:35.722+0000][1][safepoint    ] Leaving safepoint region
[2019-12-09T07:01:35.722+0000][1][safepoint    ] Total time for which application threads were stopped: 0.0000613 seconds, Stopping threads took: 0.0000081 seconds
[2019-12-09T07:01:35.722+0000][1][safepoint    ] Application time: 0.0001800 seconds
[2019-12-09T07:01:35.722+0000][1][safepoint    ] Entering safepoint region: RevokeBias
[2019-12-09T07:01:35.722+0000][1][safepoint    ] Leaving safepoint region
[2019-12-09T07:01:35.722+0000][1][safepoint    ] Total time for which application threads were stopped: 0.0000653 seconds, Stopping threads took: 0.0000099 seconds
[2019-12-09T07:01:35.722+0000][1][safepoint    ] Application time: 0.0000627 seconds
[2019-12-09T07:01:35.722+0000][1][safepoint    ] Entering safepoint region: BulkRevokeBias
[2019-12-09T07:01:35.722+0000][1][safepoint    ] Leaving safepoint region
[2019-12-09T07:01:35.722+0000][1][safepoint    ] Total time for which application threads were stopped: 0.0001016 seconds, Stopping threads took: 0.0000086 seconds
[2019-12-09T07:01:35.723+0000][1][safepoint    ] Application time: 0.0003089 seconds
[2019-12-09T07:01:35.723+0000][1][safepoint    ] Entering safepoint region: RevokeBias
[2019-12-09T07:01:35.723+0000][1][safepoint    ] Leaving safepoint region
[2019-12-09T07:01:35.723+0000][1][safepoint    ] Total time for which application threads were stopped: 0.0000901 seconds, Stopping threads took: 0.0000141 seconds
[2019-12-09T07:01:35.723+0000][1][safepoint    ] Application time: 0.0001806 seconds
[2019-12-09T07:01:35.723+0000][1][safepoint    ] Entering safepoint region: RevokeBias
[2019-12-09T07:01:35.723+0000][1][safepoint    ] Leaving safepoint region
[2019-12-09T07:01:35.723+0000][1][safepoint    ] Total time for which application threads were stopped: 0.0000573 seconds, Stopping threads took: 0.0000083 seconds
[2019-12-09T07:01:35.723+0000][1][safepoint    ] Application time: 0.0001807 seconds
[2019-12-09T07:01:35.723+0000][1][safepoint    ] Entering safepoint region: RevokeBias
[2019-12-09T07:01:35.723+0000][1][safepoint    ] Leaving safepoint region
[2019-12-09T07:01:35.723+0000][1][safepoint    ] Total time for which application threads were stopped: 0.0000622 seconds, Stopping threads took: 0.0000090 seconds
[2019-12-09T07:01:35.723+0000][1][safepoint    ] Application time: 0.0001029 seconds
[2019-12-09T07:01:35.723+0000][1][safepoint    ] Entering safepoint region: RevokeBias
[2019-12-09T07:01:35.723+0000][1][safepoint    ] Leaving safepoint region
[2019-12-09T07:01:35.723+0000][1][safepoint    ] Total time for which application threads were stopped: 0.0000561 seconds, Stopping threads took: 0.0000086 seconds
[2019-12-09T07:01:35.724+0000][1][safepoint    ] Application time: 0.0000556 seconds
[2019-12-09T07:01:35.724+0000][1][safepoint    ] Entering safepoint region: RevokeBias
[2019-12-09T07:01:35.724+0000][1][safepoint    ] Leaving safepoint region
[2019-12-09T07:01:35.724+0000][1][safepoint    ] Total time for which application threads were stopped: 0.0000474 seconds, Stopping threads took: 0.0000083 seconds
[2019-12-09T07:01:35.724+0000][1][safepoint    ] Application time: 0.0000507 seconds
[2019-12-09T07:01:35.724+0000][1][safepoint    ] Entering safepoint region: RevokeBias
[2019-12-09T07:01:35.724+0000][1][safepoint    ] Leaving safepoint region
[2019-12-09T07:01:35.724+0000][1][safepoint    ] Total time for which application threads were stopped: 0.0000440 seconds, Stopping threads took: 0.0000079 seconds
[2019-12-09T07:01:35.724+0000][1][safepoint    ] Application time: 0.0003546 seconds
[2019-12-09T07:01:35.724+0000][1][safepoint    ] Entering safepoint region: RevokeBias
[2019-12-09T07:01:35.724+0000][1][safepoint    ] Leaving safepoint region
[2019-12-09T07:01:35.724+0000][1][safepoint    ] Total time for which application threads were stopped: 0.0000633 seconds, Stopping threads took: 0.0000101 seconds
[2019-12-09T07:01:35.724+0000][1][safepoint    ] Application time: 0.0001645 seconds
[2019-12-09T07:01:35.724+0000][1][safepoint    ] Entering safepoint region: RevokeBias
[2019-12-09T07:01:35.724+0000][1][safepoint    ] Leaving safepoint region
[2019-12-09T07:01:35.724+0000][1][safepoint    ] Total time for which application threads were stopped: 0.0000672 seconds, Stopping threads took: 0.0000092 seconds
[2019-12-09T07:01:35.725+0000][1][safepoint    ] Application time: 0.0001940 seconds
[2019-12-09T07:01:35.725+0000][1][safepoint    ] Entering safepoint region: RevokeBias
[2019-12-09T07:01:35.725+0000][1][safepoint    ] Leaving safepoint region
[2019-12-09T07:01:35.725+0000][1][safepoint    ] Total time for which application threads were stopped: 0.0000704 seconds, Stopping threads took: 0.0000095 seconds
[2019-12-09T07:01:35.725+0000][1][safepoint    ] Application time: 0.0003296 seconds
[2019-12-09T07:01:35.725+0000][1][safepoint    ] Entering safepoint region: RevokeBias
[2019-12-09T07:01:35.725+0000][1][safepoint    ] Leaving safepoint region
[2019-12-09T07:01:35.725+0000][1][safepoint    ] Total time for which application threads were stopped: 0.0000678 seconds, Stopping threads took: 0.0000088 seconds
[2019-12-09T07:01:35.755+0000][1][safepoint    ] Application time: 0.0302190 seconds
[2019-12-09T07:01:35.755+0000][1][safepoint    ] Entering safepoint region: RevokeBias
[2019-12-09T07:01:35.755+0000][1][safepoint    ] Leaving safepoint region
[2019-12-09T07:01:35.755+0000][1][safepoint    ] Total time for which application threads were stopped: 0.0001211 seconds, Stopping threads took: 0.0000198 seconds
[2019-12-09T07:01:35.756+0000][1][safepoint    ] Application time: 0.0001947 seconds
[2019-12-09T07:01:35.756+0000][1][safepoint    ] Entering safepoint region: RevokeBias
[2019-12-09T07:01:35.756+0000][1][safepoint    ] Leaving safepoint region
[2019-12-09T07:01:35.756+0000][1][safepoint    ] Total time for which application threads were stopped: 0.0000855 seconds, Stopping threads took: 0.0000106 seconds
[2019-12-09T07:01:35.756+0000][1][safepoint    ] Application time: 0.0002466 seconds
[2019-12-09T07:01:35.756+0000][1][safepoint    ] Entering safepoint region: RevokeBias
[2019-12-09T07:01:35.756+0000][1][safepoint    ] Leaving safepoint region
[2019-12-09T07:01:35.756+0000][1][safepoint    ] Total time for which application threads were stopped: 0.0000752 seconds, Stopping threads took: 0.0000095 seconds
[2019-12-09T07:01:35.758+0000][1][safepoint    ] Application time: 0.0014530 seconds
[2019-12-09T07:01:35.758+0000][1][safepoint    ] Entering safepoint region: RevokeBias
[2019-12-09T07:01:35.758+0000][1][safepoint    ] Leaving safepoint region
[2019-12-09T07:01:35.758+0000][1][safepoint    ] Total time for which application threads were stopped: 0.0001944 seconds, Stopping threads took: 0.0000148 seconds
[2019-12-09T07:01:35.759+0000][1][safepoint    ] Application time: 0.0010283 seconds
[2019-12-09T07:01:35.759+0000][1][safepoint    ] Entering safepoint region: RevokeBias
[2019-12-09T07:01:35.759+0000][1][safepoint    ] Leaving safepoint region
[2019-12-09T07:01:35.759+0000][1][safepoint    ] Total time for which application threads were stopped: 0.0000894 seconds, Stopping threads took: 0.0000107 seconds
[2019-12-09T07:01:35.760+0000][1][safepoint    ] Application time: 0.0010040 seconds
[2019-12-09T07:01:35.760+0000][1][safepoint    ] Entering safepoint region: RevokeBias
[2019-12-09T07:01:35.760+0000][1][safepoint    ] Leaving safepoint region
[2019-12-09T07:01:35.760+0000][1][safepoint    ] Total time for which application threads were stopped: 0.0000570 seconds, Stopping threads took: 0.0000110 seconds
[2019-12-09T07:01:35.760+0000][1][safepoint    ] Application time: 0.0000609 seconds
[2019-12-09T07:01:35.760+0000][1][safepoint    ] Entering safepoint region: RevokeBias
[2019-12-09T07:01:35.760+0000][1][safepoint    ] Leaving safepoint region
[2019-12-09T07:01:35.760+0000][1][safepoint    ] Total time for which application threads were stopped: 0.0000396 seconds, Stopping threads took: 0.0000087 seconds
[2019-12-09T07:01:35.760+0000][1][safepoint    ] Application time: 0.0000553 seconds
[2019-12-09T07:01:35.760+0000][1][safepoint    ] Entering safepoint region: RevokeBias
[2019-12-09T07:01:35.760+0000][1][safepoint    ] Leaving safepoint region
[2019-12-09T07:01:35.760+0000][1][safepoint    ] Total time for which application threads were stopped: 0.0000370 seconds, Stopping threads took: 0.0000080 seconds
[2019-12-09T07:01:35.760+0000][1][safepoint    ] Application time: 0.0000521 seconds
[2019-12-09T07:01:35.760+0000][1][safepoint    ] Entering safepoint region: RevokeBias
[2019-12-09T07:01:35.760+0000][1][safepoint    ] Leaving safepoint region
[2019-12-09T07:01:35.760+0000][1][safepoint    ] Total time for which application threads were stopped: 0.0000362 seconds, Stopping threads took: 0.0000083 seconds
[2019-12-09T07:01:35.760+0000][1][safepoint    ] Application time: 0.0000513 seconds
[2019-12-09T07:01:35.760+0000][1][safepoint    ] Entering safepoint region: RevokeBias
[2019-12-09T07:01:35.761+0000][1][safepoint    ] Leaving safepoint region
[2019-12-09T07:01:35.761+0000][1][safepoint    ] Total time for which application threads were stopped: 0.0000315 seconds, Stopping threads took: 0.0000072 seconds
[2019-12-09T07:01:35.761+0000][1][safepoint    ] Application time: 0.0000578 seconds
[2019-12-09T07:01:35.761+0000][1][safepoint    ] Entering safepoint region: RevokeBias
[2019-12-09T07:01:35.761+0000][1][safepoint    ] Leaving safepoint region
[2019-12-09T07:01:35.761+0000][1][safepoint    ] Total time for which application threads were stopped: 0.0000434 seconds, Stopping threads took: 0.0000129 seconds
[2019-12-09T07:01:35.761+0000][1][safepoint    ] Application time: 0.0000627 seconds
[2019-12-09T07:01:35.761+0000][1][safepoint    ] Entering safepoint region: RevokeBias
[2019-12-09T07:01:35.761+0000][1][safepoint    ] Leaving safepoint region
[2019-12-09T07:01:35.761+0000][1][safepoint    ] Total time for which application threads were stopped: 0.0000326 seconds, Stopping threads took: 0.0000069 seconds
[2019-12-09T07:01:35.761+0000][1][safepoint    ] Application time: 0.0000497 seconds
[2019-12-09T07:01:35.761+0000][1][safepoint    ] Entering safepoint region: RevokeBias
[2019-12-09T07:01:35.761+0000][1][safepoint    ] Leaving safepoint region
[2019-12-09T07:01:35.761+0000][1][safepoint    ] Total time for which application threads were stopped: 0.0000311 seconds, Stopping threads took: 0.0000070 seconds
[2019-12-09T07:01:35.761+0000][1][safepoint    ] Application time: 0.0000507 seconds
[2019-12-09T07:01:35.761+0000][1][safepoint    ] Entering safepoint region: RevokeBias
[2019-12-09T07:01:35.761+0000][1][safepoint    ] Leaving safepoint region
[2019-12-09T07:01:35.761+0000][1][safepoint    ] Total time for which application threads were stopped: 0.0000345 seconds, Stopping threads took: 0.0000075 seconds
[2019-12-09T07:01:35.761+0000][1][safepoint    ] Application time: 0.0000621 seconds
[2019-12-09T07:01:35.761+0000][1][safepoint    ] Entering safepoint region: RevokeBias
[2019-12-09T07:01:35.761+0000][1][safepoint    ] Leaving safepoint region
[2019-12-09T07:01:35.761+0000][1][safepoint    ] Total time for which application threads were stopped: 0.0000366 seconds, Stopping threads took: 0.0000081 seconds
[2019-12-09T07:01:35.761+0000][1][safepoint    ] Application time: 0.0000552 seconds
[2019-12-09T07:01:35.761+0000][1][safepoint    ] Entering safepoint region: RevokeBias
[2019-12-09T07:01:35.761+0000][1][safepoint    ] Leaving safepoint region
[2019-12-09T07:01:35.761+0000][1][safepoint    ] Total time for which application threads were stopped: 0.0000341 seconds, Stopping threads took: 0.0000079 seconds
[2019-12-09T07:01:35.761+0000][1][safepoint    ] Application time: 0.0000511 seconds
[2019-12-09T07:01:35.761+0000][1][safepoint    ] Entering safepoint region: RevokeBias
[2019-12-09T07:01:35.761+0000][1][safepoint    ] Leaving safepoint region
[2019-12-09T07:01:35.761+0000][1][safepoint    ] Total time for which application threads were stopped: 0.0000334 seconds, Stopping threads took: 0.0000074 seconds
[2019-12-09T07:01:35.761+0000][1][safepoint    ] Application time: 0.0000510 seconds
[2019-12-09T07:01:35.761+0000][1][safepoint    ] Entering safepoint region: RevokeBias
[2019-12-09T07:01:35.761+0000][1][safepoint    ] Leaving safepoint region
[2019-12-09T07:01:35.761+0000][1][safepoint    ] Total time for which application threads were stopped: 0.0000344 seconds, Stopping threads took: 0.0000081 seconds
[2019-12-09T07:01:35.761+0000][1][safepoint    ] Application time: 0.0000551 seconds
[2019-12-09T07:01:35.761+0000][1][safepoint    ] Entering safepoint region: RevokeBias
[2019-12-09T07:01:35.761+0000][1][safepoint    ] Leaving safepoint region
[2019-12-09T07:01:35.761+0000][1][safepoint    ] Total time for which application threads were stopped: 0.0000342 seconds, Stopping threads took: 0.0000075 seconds
[2019-12-09T07:01:35.762+0000][1][safepoint    ] Application time: 0.0000518 seconds
[2019-12-09T07:01:35.762+0000][1][safepoint    ] Entering safepoint region: RevokeBias
[2019-12-09T07:01:35.762+0000][1][safepoint    ] Leaving safepoint region
[2019-12-09T07:01:35.762+0000][1][safepoint    ] Total time for which application threads were stopped: 0.0000358 seconds, Stopping threads took: 0.0000080 seconds
[2019-12-09T07:01:35.762+0000][1][safepoint    ] Application time: 0.0000503 seconds
[2019-12-09T07:01:35.762+0000][1][safepoint    ] Entering safepoint region: RevokeBias
[2019-12-09T07:01:35.762+0000][1][safepoint    ] Leaving safepoint region
[2019-12-09T07:01:35.762+0000][1][safepoint    ] Total time for which application threads were stopped: 0.0000376 seconds, Stopping threads took: 0.0000129 seconds
[2019-12-09T07:01:35.762+0000][1][safepoint    ] Application time: 0.0000715 seconds
[2019-12-09T07:01:35.762+0000][1][safepoint    ] Entering safepoint region: RevokeBias
[2019-12-09T07:01:35.762+0000][1][safepoint    ] Leaving safepoint region
[2019-12-09T07:01:35.762+0000][1][safepoint    ] Total time for which application threads were stopped: 0.0000392 seconds, Stopping threads took: 0.0000089 seconds
[2019-12-09T07:01:35.762+0000][1][safepoint    ] Application time: 0.0000513 seconds
[2019-12-09T07:01:35.762+0000][1][safepoint    ] Entering safepoint region: RevokeBias
[2019-12-09T07:01:35.762+0000][1][safepoint    ] Leaving safepoint region
[2019-12-09T07:01:35.762+0000][1][safepoint    ] Total time for which application threads were stopped: 0.0000331 seconds, Stopping threads took: 0.0000075 seconds
[2019-12-09T07:01:35.762+0000][1][safepoint    ] Application time: 0.0000488 seconds
[2019-12-09T07:01:35.762+0000][1][safepoint    ] Entering safepoint region: RevokeBias
[2019-12-09T07:01:35.762+0000][1][safepoint    ] Leaving safepoint region
[2019-12-09T07:01:35.762+0000][1][safepoint    ] Total time for which application threads were stopped: 0.0000343 seconds, Stopping threads took: 0.0000075 seconds
[2019-12-09T07:01:35.762+0000][1][safepoint    ] Application time: 0.0000500 seconds
[2019-12-09T07:01:35.762+0000][1][safepoint    ] Entering safepoint region: BulkRevokeBias
[2019-12-09T07:01:35.762+0000][1][safepoint    ] Leaving safepoint region
[2019-12-09T07:01:35.762+0000][1][safepoint    ] Total time for which application threads were stopped: 0.0001063 seconds, Stopping threads took: 0.0000082 seconds
[2019-12-09T07:01:35.763+0000][1][safepoint    ] Application time: 0.0010664 seconds
[2019-12-09T07:01:35.763+0000][1][safepoint    ] Entering safepoint region: RevokeBias
[2019-12-09T07:01:35.763+0000][1][safepoint    ] Leaving safepoint region
[2019-12-09T07:01:35.763+0000][1][safepoint    ] Total time for which application threads were stopped: 0.0000504 seconds, Stopping threads took: 0.0000109 seconds
[2019-12-09T07:01:35.765+0000][1][safepoint    ] Application time: 0.0012987 seconds
[2019-12-09T07:01:35.765+0000][1][safepoint    ] Entering safepoint region: RevokeBias
[2019-12-09T07:01:35.765+0000][1][safepoint    ] Leaving safepoint region
[2019-12-09T07:01:35.765+0000][1][safepoint    ] Total time for which application threads were stopped: 0.0000696 seconds, Stopping threads took: 0.0000108 seconds
[2019-12-09T07:01:35.783+0000][1][safepoint    ] Application time: 0.0182845 seconds
[2019-12-09T07:01:35.783+0000][1][safepoint    ] Entering safepoint region: RevokeBias
[2019-12-09T07:01:35.783+0000][1][safepoint    ] Leaving safepoint region
[2019-12-09T07:01:35.783+0000][1][safepoint    ] Total time for which application threads were stopped: 0.0000936 seconds, Stopping threads took: 0.0000141 seconds
[2019-12-09T07:01:35.783+0000][1][safepoint    ] Application time: 0.0000676 seconds
[2019-12-09T07:01:35.783+0000][1][safepoint    ] Entering safepoint region: RevokeBias
[2019-12-09T07:01:35.783+0000][1][safepoint    ] Leaving safepoint region
[2019-12-09T07:01:35.783+0000][1][safepoint    ] Total time for which application threads were stopped: 0.0000613 seconds, Stopping threads took: 0.0000083 seconds
[2019-12-09T07:01:35.805+0000][1][safepoint    ] Application time: 0.0219961 seconds
[2019-12-09T07:01:35.805+0000][1][safepoint    ] Entering safepoint region: RevokeBias
[2019-12-09T07:01:35.805+0000][1][safepoint    ] Leaving safepoint region
[2019-12-09T07:01:35.805+0000][1][safepoint    ] Total time for which application threads were stopped: 0.0000895 seconds, Stopping threads took: 0.0000121 seconds
[2019-12-09T07:01:35.805+0000][1][safepoint    ] Application time: 0.0000727 seconds
[2019-12-09T07:01:35.805+0000][1][safepoint    ] Entering safepoint region: RevokeBias
[2019-12-09T07:01:35.806+0000][1][safepoint    ] Leaving safepoint region
[2019-12-09T07:01:35.806+0000][1][safepoint    ] Total time for which application threads were stopped: 0.0000490 seconds, Stopping threads took: 0.0000112 seconds
[2019-12-09T07:01:35.806+0000][1][safepoint    ] Application time: 0.0002515 seconds
[2019-12-09T07:01:35.806+0000][1][safepoint    ] Entering safepoint region: RevokeBias
[2019-12-09T07:01:35.806+0000][1][safepoint    ] Leaving safepoint region
[2019-12-09T07:01:35.806+0000][1][safepoint    ] Total time for which application threads were stopped: 0.0000606 seconds, Stopping threads took: 0.0000101 seconds
[2019-12-09T07:01:35.811+0000][1][safepoint    ] Application time: 0.0046720 seconds
[2019-12-09T07:01:35.811+0000][1][safepoint    ] Entering safepoint region: RevokeBias
[2019-12-09T07:01:35.811+0000][1][safepoint    ] Leaving safepoint region
[2019-12-09T07:01:35.811+0000][1][safepoint    ] Total time for which application threads were stopped: 0.0000413 seconds, Stopping threads took: 0.0000102 seconds
[2019-12-09T07:01:35.834+0000][1][safepoint    ] Application time: 0.0230034 seconds
[2019-12-09T07:01:35.834+0000][1][safepoint    ] Entering safepoint region: RevokeBias
[2019-12-09T07:01:35.834+0000][1][safepoint    ] Leaving safepoint region
[2019-12-09T07:01:35.834+0000][1][safepoint    ] Total time for which application threads were stopped: 0.0000684 seconds, Stopping threads took: 0.0000120 seconds
[2019-12-09T07:01:36.027+0000][1][safepoint    ] Application time: 0.1932860 seconds
[2019-12-09T07:01:36.028+0000][1][safepoint    ] Entering safepoint region: RevokeBias
[2019-12-09T07:01:36.028+0000][1][safepoint    ] Leaving safepoint region
[2019-12-09T07:01:36.028+0000][1][safepoint    ] Total time for which application threads were stopped: 0.0009587 seconds, Stopping threads took: 0.0008307 seconds
[2019-12-09T07:01:36.028+0000][1][safepoint    ] Application time: 0.0000757 seconds
[2019-12-09T07:01:36.028+0000][1][safepoint    ] Entering safepoint region: RevokeBias
[2019-12-09T07:01:36.028+0000][1][safepoint    ] Leaving safepoint region
[2019-12-09T07:01:36.028+0000][1][safepoint    ] Total time for which application threads were stopped: 0.0000403 seconds, Stopping threads took: 0.0000100 seconds
[2019-12-09T07:01:36.386+0000][1][safepoint    ] Application time: 0.3577929 seconds
[2019-12-09T07:01:36.386+0000][1][safepoint    ] Entering safepoint region: RevokeBias
[2019-12-09T07:01:36.386+0000][1][safepoint    ] Leaving safepoint region
[2019-12-09T07:01:36.386+0000][1][safepoint    ] Total time for which application threads were stopped: 0.0000779 seconds, Stopping threads took: 0.0000152 seconds
[2019-12-09T07:01:37.032+0000][1][safepoint    ] Application time: 0.6458957 seconds
[2019-12-09T07:01:37.126+0000][1][safepoint    ] Entering safepoint region: RevokeBias
[2019-12-09T07:01:37.126+0000][1][safepoint    ] Leaving safepoint region
[2019-12-09T07:01:37.126+0000][1][safepoint    ] Total time for which application threads were stopped: 0.0938659 seconds, Stopping threads took: 0.0937915 seconds
[2019-12-09T07:01:37.129+0000][1][safepoint    ] Application time: 0.0033638 seconds
[2019-12-09T07:01:37.129+0000][1][safepoint    ] Entering safepoint region: RevokeBias
[2019-12-09T07:01:37.129+0000][1][safepoint    ] Leaving safepoint region
[2019-12-09T07:01:37.129+0000][1][safepoint    ] Total time for which application threads were stopped: 0.0000998 seconds, Stopping threads took: 0.0000141 seconds
[2019-12-09T07:01:37.129+0000][1][safepoint    ] Application time: 0.0000969 seconds
[2019-12-09T07:01:37.129+0000][1][safepoint    ] Entering safepoint region: RevokeBias
[2019-12-09T07:01:37.130+0000][1][safepoint    ] Leaving safepoint region
[2019-12-09T07:01:37.130+0000][1][safepoint    ] Total time for which application threads were stopped: 0.0000367 seconds, Stopping threads took: 0.0000082 seconds
[2019-12-09T07:01:37.145+0000][1][safepoint    ] Application time: 0.0153464 seconds
[2019-12-09T07:01:37.145+0000][1][safepoint    ] Entering safepoint region: GenCollectForAllocation
[2019-12-09T07:01:37.145+0000][1][gc,start     ] GC(20) Pause Young (Allocation Failure)
[2019-12-09T07:01:37.145+0000][1][gc,task      ] GC(20) Using 2 workers of 2 for evacuation
[2019-12-09T07:01:37.431+0000][1][gc,age       ] GC(20) Desired survivor size 4456448 bytes, new threshold 2 (max threshold 6)
[2019-12-09T07:01:37.431+0000][1][gc,age       ] GC(20) Age table with threshold 2 (max threshold 6)
[2019-12-09T07:01:37.431+0000][1][gc,age       ] GC(20) - age   1:    2818712 bytes,    2818712 total
[2019-12-09T07:01:37.431+0000][1][gc,age       ] GC(20) - age   2:    2463728 bytes,    5282440 total
[2019-12-09T07:01:37.431+0000][1][gc,heap      ] GC(20) ParNew: 77193K->7325K(78656K)
[2019-12-09T07:01:37.431+0000][1][gc,heap      ] GC(20) CMS: 54450K->57586K(174784K)
[2019-12-09T07:01:37.431+0000][1][gc,metaspace ] GC(20) Metaspace: 48231K->48231K(1093632K)
[2019-12-09T07:01:37.431+0000][1][gc           ] GC(20) Pause Young (Allocation Failure) 128M->63M(247M) 286.303ms
[2019-12-09T07:01:37.431+0000][1][gc,cpu       ] GC(20) User=0.08s Sys=0.00s Real=0.28s
[2019-12-09T07:01:37.431+0000][1][safepoint    ] Leaving safepoint region
[2019-12-09T07:01:37.431+0000][1][safepoint    ] Total time for which application threads were stopped: 0.2864441 seconds, Stopping threads took: 0.0000188 seconds
[2019-12-09T07:01:38.003+0000][1][safepoint    ] Application time: 0.5713686 seconds
[2019-12-09T07:01:38.003+0000][1][safepoint    ] Entering safepoint region: RevokeBias
[2019-12-09T07:01:38.003+0000][1][safepoint    ] Leaving safepoint region
[2019-12-09T07:01:38.003+0000][1][safepoint    ] Total time for which application threads were stopped: 0.0005199 seconds, Stopping threads took: 0.0000463 seconds
[2019-12-09T07:01:38.161+0000][1][safepoint    ] Application time: 0.1576896 seconds
[2019-12-09T07:01:38.161+0000][1][safepoint    ] Entering safepoint region: RevokeBias
[2019-12-09T07:01:38.161+0000][1][safepoint    ] Leaving safepoint region
[2019-12-09T07:01:38.161+0000][1][safepoint    ] Total time for which application threads were stopped: 0.0000691 seconds, Stopping threads took: 0.0000156 seconds
[2019-12-09T07:01:38.529+0000][1][safepoint    ] Application time: 0.3681979 seconds
[2019-12-09T07:01:38.529+0000][1][safepoint    ] Entering safepoint region: RevokeBias
[2019-12-09T07:01:38.529+0000][1][safepoint    ] Leaving safepoint region
[2019-12-09T07:01:38.529+0000][1][safepoint    ] Total time for which application threads were stopped: 0.0000724 seconds, Stopping threads took: 0.0000162 seconds
[2019-12-09T07:01:38.530+0000][1][safepoint    ] Application time: 0.0010120 seconds
[2019-12-09T07:01:38.530+0000][1][safepoint    ] Entering safepoint region: RevokeBias
[2019-12-09T07:01:38.530+0000][1][safepoint    ] Leaving safepoint region
[2019-12-09T07:01:38.530+0000][1][safepoint    ] Total time for which application threads were stopped: 0.0000589 seconds, Stopping threads took: 0.0000139 seconds
[2019-12-09T07:01:38.576+0000][1][safepoint    ] Application time: 0.0456185 seconds
[2019-12-09T07:01:38.576+0000][1][safepoint    ] Entering safepoint region: RevokeBias
[2019-12-09T07:01:38.576+0000][1][safepoint    ] Leaving safepoint region
[2019-12-09T07:01:38.576+0000][1][safepoint    ] Total time for which application threads were stopped: 0.0000676 seconds, Stopping threads took: 0.0000156 seconds
[2019-12-09T07:01:38.617+0000][1][safepoint    ] Application time: 0.0411136 seconds
[2019-12-09T07:01:38.617+0000][1][safepoint    ] Entering safepoint region: RevokeBias
[2019-12-09T07:01:38.617+0000][1][safepoint    ] Leaving safepoint region
[2019-12-09T07:01:38.617+0000][1][safepoint    ] Total time for which application threads were stopped: 0.0000711 seconds, Stopping threads took: 0.0000164 seconds
[2019-12-09T07:01:38.661+0000][1][safepoint    ] Application time: 0.0434073 seconds
[2019-12-09T07:01:38.661+0000][1][safepoint    ] Entering safepoint region: RevokeBias
[2019-12-09T07:01:38.661+0000][1][safepoint    ] Leaving safepoint region
[2019-12-09T07:01:38.661+0000][1][safepoint    ] Total time for which application threads were stopped: 0.0000627 seconds, Stopping threads took: 0.0000150 seconds
[2019-12-09T07:01:38.745+0000][1][safepoint    ] Application time: 0.0836219 seconds
[2019-12-09T07:01:38.745+0000][1][safepoint    ] Entering safepoint region: RevokeBias
[2019-12-09T07:01:38.745+0000][1][safepoint    ] Leaving safepoint region
[2019-12-09T07:01:38.745+0000][1][safepoint    ] Total time for which application threads were stopped: 0.0000921 seconds, Stopping threads took: 0.0000166 seconds
[2019-12-09T07:01:38.810+0000][1][safepoint    ] Application time: 0.0656574 seconds
[2019-12-09T07:01:38.810+0000][1][safepoint    ] Entering safepoint region: RevokeBias
[2019-12-09T07:01:38.811+0000][1][safepoint    ] Leaving safepoint region
[2019-12-09T07:01:38.811+0000][1][safepoint    ] Total time for which application threads were stopped: 0.0000790 seconds, Stopping threads took: 0.0000158 seconds
[2019-12-09T07:01:38.914+0000][1][safepoint    ] Application time: 0.1038859 seconds
[2019-12-09T07:01:38.914+0000][1][safepoint    ] Entering safepoint region: RevokeBias
[2019-12-09T07:01:38.915+0000][1][safepoint    ] Leaving safepoint region
[2019-12-09T07:01:38.915+0000][1][safepoint    ] Total time for which application threads were stopped: 0.0000644 seconds, Stopping threads took: 0.0000155 seconds
[2019-12-09T07:01:39.196+0000][1][safepoint    ] Application time: 0.2814982 seconds
[2019-12-09T07:01:39.196+0000][1][safepoint    ] Entering safepoint region: RevokeBias
[2019-12-09T07:01:39.196+0000][1][safepoint    ] Leaving safepoint region
[2019-12-09T07:01:39.196+0000][1][safepoint    ] Total time for which application threads were stopped: 0.0001111 seconds, Stopping threads took: 0.0000550 seconds
[2019-12-09T07:01:40.206+0000][1][safepoint    ] Application time: 1.0101525 seconds
[2019-12-09T07:01:40.206+0000][1][safepoint    ] Entering safepoint region: Cleanup
[2019-12-09T07:01:40.207+0000][1][safepoint    ] Leaving safepoint region
[2019-12-09T07:01:40.207+0000][1][safepoint    ] Total time for which application threads were stopped: 0.0005758 seconds, Stopping threads took: 0.0000784 seconds
[2019-12-09T07:01:40.219+0000][1][safepoint    ] Application time: 0.0120533 seconds
[2019-12-09T07:01:40.220+0000][1][safepoint    ] Entering safepoint region: RevokeBias
[2019-12-09T07:01:40.220+0000][1][safepoint    ] Leaving safepoint region
[2019-12-09T07:01:40.220+0000][1][safepoint    ] Total time for which application threads were stopped: 0.0013545 seconds, Stopping threads took: 0.0012703 seconds
[2019-12-09T07:01:41.005+0000][1][safepoint    ] Application time: 0.7843867 seconds
[2019-12-09T07:01:41.005+0000][1][safepoint    ] Entering safepoint region: RevokeBias
[2019-12-09T07:01:41.005+0000][1][safepoint    ] Leaving safepoint region
[2019-12-09T07:01:41.005+0000][1][safepoint    ] Total time for which application threads were stopped: 0.0000938 seconds, Stopping threads took: 0.0000255 seconds
[2019-12-09T07:01:41.013+0000][1][safepoint    ] Application time: 0.0077810 seconds
[2019-12-09T07:01:41.013+0000][1][safepoint    ] Entering safepoint region: BulkRevokeBias
[2019-12-09T07:01:41.013+0000][1][safepoint    ] Leaving safepoint region
[2019-12-09T07:01:41.013+0000][1][safepoint    ] Total time for which application threads were stopped: 0.0001982 seconds, Stopping threads took: 0.0000136 seconds
[2019-12-09T07:01:42.026+0000][1][safepoint    ] Application time: 1.0127638 seconds
[2019-12-09T07:01:42.026+0000][1][safepoint    ] Entering safepoint region: Cleanup
[2019-12-09T07:01:42.026+0000][1][safepoint    ] Leaving safepoint region
[2019-12-09T07:01:42.026+0000][1][safepoint    ] Total time for which application threads were stopped: 0.0001317 seconds, Stopping threads took: 0.0000608 seconds
[2019-12-09T07:01:42.672+0000][1][safepoint    ] Application time: 0.6458678 seconds
[2019-12-09T07:01:42.672+0000][1][safepoint    ] Entering safepoint region: GenCollectForAllocation
[2019-12-09T07:01:42.672+0000][1][gc,start     ] GC(21) Pause Young (Allocation Failure)
[2019-12-09T07:01:42.672+0000][1][gc,task      ] GC(21) Using 2 workers of 2 for evacuation
[2019-12-09T07:01:42.972+0000][1][gc,age       ] GC(21) Desired survivor size 4456448 bytes, new threshold 2 (max threshold 6)
[2019-12-09T07:01:42.972+0000][1][gc,age       ] GC(21) Age table with threshold 2 (max threshold 6)
[2019-12-09T07:01:42.972+0000][1][gc,age       ] GC(21) - age   1:    1802536 bytes,    1802536 total
[2019-12-09T07:01:42.972+0000][1][gc,age       ] GC(21) - age   2:    2754128 bytes,    4556664 total
[2019-12-09T07:01:42.972+0000][1][gc,heap      ] GC(21) ParNew: 77277K->7634K(78656K)
[2019-12-09T07:01:42.972+0000][1][gc,heap      ] GC(21) CMS: 57586K->60057K(174784K)
[2019-12-09T07:01:42.972+0000][1][gc,metaspace ] GC(21) Metaspace: 56177K->56177K(1099776K)
[2019-12-09T07:01:42.972+0000][1][gc           ] GC(21) Pause Young (Allocation Failure) 131M->66M(247M) 300.457ms
[2019-12-09T07:01:42.972+0000][1][gc,cpu       ] GC(21) User=0.07s Sys=0.00s Real=0.30s
[2019-12-09T07:01:42.972+0000][1][safepoint    ] Leaving safepoint region
[2019-12-09T07:01:42.972+0000][1][safepoint    ] Total time for which application threads were stopped: 0.3006285 seconds, Stopping threads took: 0.0000167 seconds
[2019-12-09T07:01:43.974+0000][1][safepoint    ] Application time: 1.0012605 seconds
[2019-12-09T07:01:43.976+0000][1][safepoint    ] Entering safepoint region: Cleanup
[2019-12-09T07:01:43.977+0000][1][safepoint    ] Leaving safepoint region
[2019-12-09T07:01:43.977+0000][1][safepoint    ] Total time for which application threads were stopped: 0.0031834 seconds, Stopping threads took: 0.0019962 seconds
[2019-12-09T07:01:44.151+0000][1][safepoint    ] Application time: 0.1740152 seconds
[2019-12-09T07:01:44.190+0000][1][safepoint    ] Entering safepoint region: RevokeBias
[2019-12-09T07:01:44.190+0000][1][safepoint    ] Leaving safepoint region
[2019-12-09T07:01:44.190+0000][1][safepoint    ] Total time for which application threads were stopped: 0.0389590 seconds, Stopping threads took: 0.0387622 seconds
[2019-12-09T07:01:44.190+0000][1][safepoint    ] Application time: 0.0000859 seconds
[2019-12-09T07:01:44.190+0000][1][safepoint    ] Entering safepoint region: RevokeBias
[2019-12-09T07:01:44.190+0000][1][safepoint    ] Leaving safepoint region
[2019-12-09T07:01:44.190+0000][1][safepoint    ] Total time for which application threads were stopped: 0.0000858 seconds, Stopping threads took: 0.0000104 seconds
[2019-12-09T07:01:44.190+0000][1][safepoint    ] Application time: 0.0002194 seconds
[2019-12-09T07:01:44.190+0000][1][safepoint    ] Entering safepoint region: RevokeBias
[2019-12-09T07:01:44.190+0000][1][safepoint    ] Leaving safepoint region
[2019-12-09T07:01:44.190+0000][1][safepoint    ] Total time for which application threads were stopped: 0.0000983 seconds, Stopping threads took: 0.0000122 seconds
[2019-12-09T07:01:44.959+0000][1][safepoint    ] Application time: 0.7687774 seconds
[2019-12-09T07:01:44.959+0000][1][safepoint    ] Entering safepoint region: Deoptimize
[2019-12-09T07:01:44.960+0000][1][safepoint    ] Leaving safepoint region
[2019-12-09T07:01:44.960+0000][1][safepoint    ] Total time for which application threads were stopped: 0.0006483 seconds, Stopping threads took: 0.0000172 seconds
[2019-12-09T07:01:45.964+0000][1][safepoint    ] Application time: 1.0037648 seconds
[2019-12-09T07:01:45.972+0000][1][safepoint    ] Entering safepoint region: Cleanup
[2019-12-09T07:01:45.972+0000][1][safepoint    ] Leaving safepoint region
[2019-12-09T07:01:45.972+0000][1][safepoint    ] Total time for which application threads were stopped: 0.0080488 seconds, Stopping threads took: 0.0079876 seconds
[2019-12-09T07:01:46.977+0000][1][safepoint    ] Application time: 1.0049024 seconds
[2019-12-09T07:01:46.977+0000][1][safepoint    ] Entering safepoint region: Cleanup
[2019-12-09T07:01:46.977+0000][1][safepoint    ] Leaving safepoint region
[2019-12-09T07:01:46.977+0000][1][safepoint    ] Total time for which application threads were stopped: 0.0001040 seconds, Stopping threads took: 0.0000175 seconds
[2019-12-09T07:01:47.291+0000][1][safepoint    ] Application time: 0.3138594 seconds
[2019-12-09T07:01:47.291+0000][1][safepoint    ] Entering safepoint region: RevokeBias
[2019-12-09T07:01:47.291+0000][1][safepoint    ] Leaving safepoint region
[2019-12-09T07:01:47.291+0000][1][safepoint    ] Total time for which application threads were stopped: 0.0000928 seconds, Stopping threads took: 0.0000156 seconds
[2019-12-09T07:01:48.292+0000][1][safepoint    ] Application time: 1.0008382 seconds
[2019-12-09T07:01:48.304+0000][1][safepoint    ] Entering safepoint region: Cleanup
[2019-12-09T07:01:48.304+0000][1][safepoint    ] Leaving safepoint region
[2019-12-09T07:01:48.304+0000][1][safepoint    ] Total time for which application threads were stopped: 0.0120795 seconds, Stopping threads took: 0.0120305 seconds
[2019-12-09T07:01:48.694+0000][1][safepoint    ] Application time: 0.3898855 seconds
[2019-12-09T07:01:48.694+0000][1][safepoint    ] Entering safepoint region: BulkRevokeBias
[2019-12-09T07:01:48.694+0000][1][safepoint    ] Leaving safepoint region
[2019-12-09T07:01:48.694+0000][1][safepoint    ] Total time for which application threads were stopped: 0.0001924 seconds, Stopping threads took: 0.0000160 seconds
[2019-12-09T07:01:49.269+0000][1][safepoint    ] Application time: 0.5751187 seconds
[2019-12-09T07:01:49.269+0000][1][safepoint    ] Entering safepoint region: Deoptimize
[2019-12-09T07:01:49.270+0000][1][safepoint    ] Leaving safepoint region
[2019-12-09T07:01:49.270+0000][1][safepoint    ] Total time for which application threads were stopped: 0.0006970 seconds, Stopping threads took: 0.0000140 seconds
[2019-12-09T07:01:49.347+0000][1][safepoint    ] Application time: 0.0774093 seconds
[2019-12-09T07:01:49.347+0000][1][safepoint    ] Entering safepoint region: RevokeBias
[2019-12-09T07:01:49.347+0000][1][safepoint    ] Leaving safepoint region
[2019-12-09T07:01:49.347+0000][1][safepoint    ] Total time for which application threads were stopped: 0.0000909 seconds, Stopping threads took: 0.0000157 seconds
[2019-12-09T07:01:49.348+0000][1][safepoint    ] Application time: 0.0004979 seconds
[2019-12-09T07:01:49.348+0000][1][safepoint    ] Entering safepoint region: RevokeBias
[2019-12-09T07:01:49.348+0000][1][safepoint    ] Leaving safepoint region
[2019-12-09T07:01:49.348+0000][1][safepoint    ] Total time for which application threads were stopped: 0.0000699 seconds, Stopping threads took: 0.0000112 seconds
[2019-12-09T07:01:49.349+0000][1][safepoint    ] Application time: 0.0009345 seconds
[2019-12-09T07:01:49.349+0000][1][safepoint    ] Entering safepoint region: RevokeBias
[2019-12-09T07:01:49.349+0000][1][safepoint    ] Leaving safepoint region
[2019-12-09T07:01:49.349+0000][1][safepoint    ] Total time for which application threads were stopped: 0.0000602 seconds, Stopping threads took: 0.0000125 seconds
[2019-12-09T07:01:49.349+0000][1][safepoint    ] Application time: 0.0004984 seconds
[2019-12-09T07:01:49.349+0000][1][safepoint    ] Entering safepoint region: RevokeBias
[2019-12-09T07:01:49.350+0000][1][safepoint    ] Leaving safepoint region
[2019-12-09T07:01:49.350+0000][1][safepoint    ] Total time for which application threads were stopped: 0.0000671 seconds, Stopping threads took: 0.0000105 seconds
[2019-12-09T07:01:49.350+0000][1][safepoint    ] Application time: 0.0000604 seconds
[2019-12-09T07:01:49.350+0000][1][safepoint    ] Entering safepoint region: RevokeBias
[2019-12-09T07:01:49.350+0000][1][safepoint    ] Leaving safepoint region
[2019-12-09T07:01:49.350+0000][1][safepoint    ] Total time for which application threads were stopped: 0.0000487 seconds, Stopping threads took: 0.0000092 seconds
[2019-12-09T07:01:49.350+0000][1][safepoint    ] Application time: 0.0003537 seconds
[2019-12-09T07:01:49.350+0000][1][safepoint    ] Entering safepoint region: RevokeBias
[2019-12-09T07:01:49.350+0000][1][safepoint    ] Leaving safepoint region
[2019-12-09T07:01:49.350+0000][1][safepoint    ] Total time for which application threads were stopped: 0.0000531 seconds, Stopping threads took: 0.0000106 seconds
[2019-12-09T07:01:49.350+0000][1][safepoint    ] Application time: 0.0001968 seconds
[2019-12-09T07:01:49.350+0000][1][safepoint    ] Entering safepoint region: RevokeBias
[2019-12-09T07:01:49.350+0000][1][safepoint    ] Leaving safepoint region
[2019-12-09T07:01:49.350+0000][1][safepoint    ] Total time for which application threads were stopped: 0.0000583 seconds, Stopping threads took: 0.0000097 seconds
[2019-12-09T07:01:49.350+0000][1][safepoint    ] Application time: 0.0000582 seconds
[2019-12-09T07:01:49.350+0000][1][safepoint    ] Entering safepoint region: RevokeBias
[2019-12-09T07:01:49.350+0000][1][safepoint    ] Leaving safepoint region
[2019-12-09T07:01:49.350+0000][1][safepoint    ] Total time for which application threads were stopped: 0.0000475 seconds, Stopping threads took: 0.0000082 seconds
[2019-12-09T07:01:49.351+0000][1][safepoint    ] Application time: 0.0006032 seconds
[2019-12-09T07:01:49.351+0000][1][safepoint    ] Entering safepoint region: RevokeBias
[2019-12-09T07:01:49.351+0000][1][safepoint    ] Leaving safepoint region
[2019-12-09T07:01:49.351+0000][1][safepoint    ] Total time for which application threads were stopped: 0.0000525 seconds, Stopping threads took: 0.0000113 seconds
[2019-12-09T07:01:49.352+0000][1][safepoint    ] Application time: 0.0012495 seconds
[2019-12-09T07:01:49.352+0000][1][safepoint    ] Entering safepoint region: RevokeBias
[2019-12-09T07:01:49.353+0000][1][safepoint    ] Leaving safepoint region
[2019-12-09T07:01:49.353+0000][1][safepoint    ] Total time for which application threads were stopped: 0.0000671 seconds, Stopping threads took: 0.0000120 seconds
[2019-12-09T07:01:49.353+0000][1][safepoint    ] Application time: 0.0001095 seconds
[2019-12-09T07:01:49.353+0000][1][safepoint    ] Entering safepoint region: RevokeBias
[2019-12-09T07:01:49.353+0000][1][safepoint    ] Leaving safepoint region
[2019-12-09T07:01:49.353+0000][1][safepoint    ] Total time for which application threads were stopped: 0.0000799 seconds, Stopping threads took: 0.0000104 seconds
[2019-12-09T07:01:49.372+0000][1][safepoint    ] Application time: 0.0195479 seconds
[2019-12-09T07:01:49.372+0000][1][safepoint    ] Entering safepoint region: Deoptimize
[2019-12-09T07:01:49.373+0000][1][safepoint    ] Leaving safepoint region
[2019-12-09T07:01:49.373+0000][1][safepoint    ] Total time for which application threads were stopped: 0.0006264 seconds, Stopping threads took: 0.0000136 seconds
[2019-12-09T07:01:49.455+0000][1][safepoint    ] Application time: 0.0817643 seconds
[2019-12-09T07:01:49.530+0000][1][safepoint    ] Entering safepoint region: RevokeBias
[2019-12-09T07:01:49.530+0000][1][safepoint    ] Leaving safepoint region
[2019-12-09T07:01:49.530+0000][1][safepoint    ] Total time for which application threads were stopped: 0.0752481 seconds, Stopping threads took: 0.0751420 seconds
[2019-12-09T07:01:49.545+0000][1][safepoint    ] Application time: 0.0147188 seconds
[2019-12-09T07:01:49.547+0000][1][safepoint    ] Entering safepoint region: RevokeBias
[2019-12-09T07:01:49.547+0000][1][safepoint    ] Leaving safepoint region
[2019-12-09T07:01:49.547+0000][1][safepoint    ] Total time for which application threads were stopped: 0.0020582 seconds, Stopping threads took: 0.0019842 seconds
[2019-12-09T07:01:49.564+0000][1][safepoint    ] Application time: 0.0169057 seconds
[2019-12-09T07:01:49.564+0000][1][safepoint    ] Entering safepoint region: RevokeBias
[2019-12-09T07:01:49.564+0000][1][safepoint    ] Leaving safepoint region
[2019-12-09T07:01:49.564+0000][1][safepoint    ] Total time for which application threads were stopped: 0.0000842 seconds, Stopping threads took: 0.0000148 seconds
[2019-12-09T07:01:49.572+0000][1][safepoint    ] Application time: 0.0078793 seconds
[2019-12-09T07:01:49.572+0000][1][safepoint    ] Entering safepoint region: RevokeBias
[2019-12-09T07:01:49.572+0000][1][safepoint    ] Leaving safepoint region
[2019-12-09T07:01:49.572+0000][1][safepoint    ] Total time for which application threads were stopped: 0.0000823 seconds, Stopping threads took: 0.0000115 seconds
[2019-12-09T07:01:49.623+0000][1][safepoint    ] Application time: 0.0508801 seconds
[2019-12-09T07:01:49.623+0000][1][safepoint    ] Entering safepoint region: RevokeBias
[2019-12-09T07:01:49.623+0000][1][safepoint    ] Leaving safepoint region
[2019-12-09T07:01:49.623+0000][1][safepoint    ] Total time for which application threads were stopped: 0.0001620 seconds, Stopping threads took: 0.0000758 seconds
[2019-12-09T07:01:49.623+0000][1][safepoint    ] Application time: 0.0000942 seconds
[2019-12-09T07:01:49.623+0000][1][safepoint    ] Entering safepoint region: RevokeBias
[2019-12-09T07:01:49.623+0000][1][safepoint    ] Leaving safepoint region
[2019-12-09T07:01:49.623+0000][1][safepoint    ] Total time for which application threads were stopped: 0.0000444 seconds, Stopping threads took: 0.0000085 seconds
[2019-12-09T07:01:49.623+0000][1][safepoint    ] Application time: 0.0001279 seconds
[2019-12-09T07:01:49.623+0000][1][safepoint    ] Entering safepoint region: RevokeBias
[2019-12-09T07:01:49.623+0000][1][safepoint    ] Leaving safepoint region
[2019-12-09T07:01:49.623+0000][1][safepoint    ] Total time for which application threads were stopped: 0.0000362 seconds, Stopping threads took: 0.0000086 seconds
[2019-12-09T07:01:49.642+0000][1][safepoint    ] Application time: 0.0185238 seconds
[2019-12-09T07:01:49.642+0000][1][safepoint    ] Entering safepoint region: RevokeBias
[2019-12-09T07:01:49.642+0000][1][safepoint    ] Leaving safepoint region
[2019-12-09T07:01:49.642+0000][1][safepoint    ] Total time for which application threads were stopped: 0.0001354 seconds, Stopping threads took: 0.0000695 seconds
[2019-12-09T07:01:49.663+0000][1][safepoint    ] Application time: 0.0207581 seconds
[2019-12-09T07:01:49.663+0000][1][safepoint    ] Entering safepoint region: RevokeBias
[2019-12-09T07:01:49.663+0000][1][safepoint    ] Leaving safepoint region
[2019-12-09T07:01:49.663+0000][1][safepoint    ] Total time for which application threads were stopped: 0.0003502 seconds, Stopping threads took: 0.0002934 seconds
[2019-12-09T07:01:49.674+0000][1][safepoint    ] Application time: 0.0109766 seconds
[2019-12-09T07:01:49.675+0000][1][safepoint    ] Entering safepoint region: RevokeBias
[2019-12-09T07:01:49.675+0000][1][safepoint    ] Leaving safepoint region
[2019-12-09T07:01:49.675+0000][1][safepoint    ] Total time for which application threads were stopped: 0.0005691 seconds, Stopping threads took: 0.0004769 seconds
[2019-12-09T07:01:49.717+0000][1][safepoint    ] Application time: 0.0422752 seconds
[2019-12-09T07:01:49.717+0000][1][safepoint    ] Entering safepoint region: RevokeBias
[2019-12-09T07:01:49.717+0000][1][safepoint    ] Leaving safepoint region
[2019-12-09T07:01:49.717+0000][1][safepoint    ] Total time for which application threads were stopped: 0.0002559 seconds, Stopping threads took: 0.0001111 seconds
[2019-12-09T07:01:49.744+0000][1][safepoint    ] Application time: 0.0264732 seconds
[2019-12-09T07:01:49.747+0000][1][safepoint    ] Entering safepoint region: RevokeBias
[2019-12-09T07:01:49.747+0000][1][safepoint    ] Leaving safepoint region
[2019-12-09T07:01:49.747+0000][1][safepoint    ] Total time for which application threads were stopped: 0.0030451 seconds, Stopping threads took: 0.0029455 seconds
[2019-12-09T07:01:49.855+0000][1][safepoint    ] Application time: 0.1080850 seconds
[2019-12-09T07:01:49.855+0000][1][safepoint    ] Entering safepoint region: GenCollectForAllocation
[2019-12-09T07:01:49.855+0000][1][gc,start     ] GC(22) Pause Young (Allocation Failure)
[2019-12-09T07:01:49.855+0000][1][gc,task      ] GC(22) Using 2 workers of 2 for evacuation
[2019-12-09T07:01:50.033+0000][1][gc,age       ] GC(22) Desired survivor size 4456448 bytes, new threshold 2 (max threshold 6)
[2019-12-09T07:01:50.033+0000][1][gc,age       ] GC(22) Age table with threshold 2 (max threshold 6)
[2019-12-09T07:01:50.033+0000][1][gc,age       ] GC(22) - age   1:    3512488 bytes,    3512488 total
[2019-12-09T07:01:50.033+0000][1][gc,age       ] GC(22) - age   2:    1634864 bytes,    5147352 total
[2019-12-09T07:01:50.033+0000][1][gc,heap      ] GC(22) ParNew: 77586K->7352K(78656K)
[2019-12-09T07:01:50.033+0000][1][gc,heap      ] GC(22) CMS: 60057K->62773K(174784K)
[2019-12-09T07:01:50.033+0000][1][gc,metaspace ] GC(22) Metaspace: 63777K->63777K(1107968K)
[2019-12-09T07:01:50.033+0000][1][gc           ] GC(22) Pause Young (Allocation Failure) 134M->68M(247M) 178.184ms
[2019-12-09T07:01:50.033+0000][1][gc,cpu       ] GC(22) User=0.04s Sys=0.00s Real=0.17s
[2019-12-09T07:01:50.033+0000][1][safepoint    ] Leaving safepoint region
[2019-12-09T07:01:50.033+0000][1][safepoint    ] Total time for which application threads were stopped: 0.1784641 seconds, Stopping threads took: 0.0000188 seconds
[2019-12-09T07:01:50.036+0000][1][safepoint    ] Application time: 0.0029217 seconds
[2019-12-09T07:01:50.036+0000][1][safepoint    ] Entering safepoint region: RevokeBias
[2019-12-09T07:01:50.036+0000][1][safepoint    ] Leaving safepoint region
[2019-12-09T07:01:50.037+0000][1][safepoint    ] Total time for which application threads were stopped: 0.0001372 seconds, Stopping threads took: 0.0000154 seconds
[2019-12-09T07:01:50.044+0000][1][safepoint    ] Application time: 0.0076171 seconds
[2019-12-09T07:01:50.044+0000][1][safepoint    ] Entering safepoint region: RevokeBias
[2019-12-09T07:01:50.044+0000][1][safepoint    ] Leaving safepoint region
[2019-12-09T07:01:50.044+0000][1][safepoint    ] Total time for which application threads were stopped: 0.0001081 seconds, Stopping threads took: 0.0000152 seconds
[2019-12-09T07:01:50.045+0000][1][safepoint    ] Application time: 0.0003087 seconds
[2019-12-09T07:01:50.045+0000][1][safepoint    ] Entering safepoint region: RevokeBias
[2019-12-09T07:01:50.045+0000][1][safepoint    ] Leaving safepoint region
[2019-12-09T07:01:50.045+0000][1][safepoint    ] Total time for which application threads were stopped: 0.0000758 seconds, Stopping threads took: 0.0000133 seconds
[2019-12-09T07:01:50.048+0000][1][safepoint    ] Application time: 0.0032159 seconds
[2019-12-09T07:01:50.048+0000][1][safepoint    ] Entering safepoint region: RevokeBias
[2019-12-09T07:01:50.048+0000][1][safepoint    ] Leaving safepoint region
[2019-12-09T07:01:50.048+0000][1][safepoint    ] Total time for which application threads were stopped: 0.0000841 seconds, Stopping threads took: 0.0000152 seconds
[2019-12-09T07:01:50.056+0000][1][safepoint    ] Application time: 0.0077325 seconds
[2019-12-09T07:01:50.098+0000][1][safepoint    ] Entering safepoint region: RevokeBias
[2019-12-09T07:01:50.098+0000][1][safepoint    ] Leaving safepoint region
[2019-12-09T07:01:50.098+0000][1][safepoint    ] Total time for which application threads were stopped: 0.0420919 seconds, Stopping threads took: 0.0419722 seconds
[2019-12-09T07:01:50.142+0000][1][safepoint    ] Application time: 0.0440811 seconds
[2019-12-09T07:01:50.142+0000][1][safepoint    ] Entering safepoint region: RevokeBias
[2019-12-09T07:01:50.142+0000][1][safepoint    ] Leaving safepoint region
[2019-12-09T07:01:50.142+0000][1][safepoint    ] Total time for which application threads were stopped: 0.0002355 seconds, Stopping threads took: 0.0000762 seconds
[2019-12-09T07:01:50.174+0000][1][safepoint    ] Application time: 0.0314637 seconds
[2019-12-09T07:01:50.176+0000][1][safepoint    ] Entering safepoint region: RevokeBias
[2019-12-09T07:01:50.176+0000][1][safepoint    ] Leaving safepoint region
[2019-12-09T07:01:50.176+0000][1][safepoint    ] Total time for which application threads were stopped: 0.0021060 seconds, Stopping threads took: 0.0019929 seconds
[2019-12-09T07:01:50.207+0000][1][safepoint    ] Application time: 0.0309402 seconds
[2019-12-09T07:01:50.213+0000][1][safepoint    ] Entering safepoint region: RevokeBias
[2019-12-09T07:01:50.213+0000][1][safepoint    ] Leaving safepoint region
[2019-12-09T07:01:50.213+0000][1][safepoint    ] Total time for which application threads were stopped: 0.0061333 seconds, Stopping threads took: 0.0059919 seconds
[2019-12-09T07:01:50.215+0000][1][safepoint    ] Application time: 0.0024547 seconds
[2019-12-09T07:01:50.215+0000][1][safepoint    ] Entering safepoint region: RevokeBias
[2019-12-09T07:01:50.216+0000][1][safepoint    ] Leaving safepoint region
[2019-12-09T07:01:50.216+0000][1][safepoint    ] Total time for which application threads were stopped: 0.0001209 seconds, Stopping threads took: 0.0000212 seconds
[2019-12-09T07:01:50.216+0000][1][safepoint    ] Application time: 0.0001592 seconds
[2019-12-09T07:01:50.216+0000][1][safepoint    ] Entering safepoint region: RevokeBias
[2019-12-09T07:01:50.216+0000][1][safepoint    ] Leaving safepoint region
[2019-12-09T07:01:50.216+0000][1][safepoint    ] Total time for which application threads were stopped: 0.0000635 seconds, Stopping threads took: 0.0000099 seconds
[2019-12-09T07:01:50.218+0000][1][safepoint    ] Application time: 0.0018414 seconds
[2019-12-09T07:01:50.218+0000][1][safepoint    ] Entering safepoint region: RevokeBias
[2019-12-09T07:01:50.218+0000][1][safepoint    ] Leaving safepoint region
[2019-12-09T07:01:50.218+0000][1][safepoint    ] Total time for which application threads were stopped: 0.0001350 seconds, Stopping threads took: 0.0000141 seconds
[2019-12-09T07:01:50.218+0000][1][safepoint    ] Application time: 0.0000914 seconds
[2019-12-09T07:01:50.218+0000][1][safepoint    ] Entering safepoint region: RevokeBias
[2019-12-09T07:01:50.218+0000][1][safepoint    ] Leaving safepoint region
[2019-12-09T07:01:50.218+0000][1][safepoint    ] Total time for which application threads were stopped: 0.0000662 seconds, Stopping threads took: 0.0000090 seconds
[2019-12-09T07:01:50.244+0000][1][safepoint    ] Application time: 0.0260499 seconds
[2019-12-09T07:01:50.322+0000][1][safepoint    ] Entering safepoint region: BulkRevokeBias
[2019-12-09T07:01:50.323+0000][1][safepoint    ] Leaving safepoint region
[2019-12-09T07:01:50.323+0000][1][safepoint    ] Total time for which application threads were stopped: 0.0787426 seconds, Stopping threads took: 0.0781234 seconds
[2019-12-09T07:01:50.323+0000][1][safepoint    ] Application time: 0.0005578 seconds
[2019-12-09T07:01:50.323+0000][1][safepoint    ] Entering safepoint region: RevokeBias
[2019-12-09T07:01:50.324+0000][1][safepoint    ] Leaving safepoint region
[2019-12-09T07:01:50.324+0000][1][safepoint    ] Total time for which application threads were stopped: 0.0001052 seconds, Stopping threads took: 0.0000143 seconds
[2019-12-09T07:01:50.324+0000][1][safepoint    ] Application time: 0.0005477 seconds
[2019-12-09T07:01:50.324+0000][1][safepoint    ] Entering safepoint region: RevokeBias
[2019-12-09T07:01:50.324+0000][1][safepoint    ] Leaving safepoint region
[2019-12-09T07:01:50.324+0000][1][safepoint    ] Total time for which application threads were stopped: 0.0000941 seconds, Stopping threads took: 0.0000124 seconds
[2019-12-09T07:01:50.325+0000][1][safepoint    ] Application time: 0.0003198 seconds
[2019-12-09T07:01:50.325+0000][1][safepoint    ] Entering safepoint region: RevokeBias
[2019-12-09T07:01:50.325+0000][1][safepoint    ] Leaving safepoint region
[2019-12-09T07:01:50.325+0000][1][safepoint    ] Total time for which application threads were stopped: 0.0000821 seconds, Stopping threads took: 0.0000119 seconds
[2019-12-09T07:01:50.325+0000][1][safepoint    ] Application time: 0.0006686 seconds
[2019-12-09T07:01:50.325+0000][1][safepoint    ] Entering safepoint region: RevokeBias
[2019-12-09T07:01:50.325+0000][1][safepoint    ] Leaving safepoint region
[2019-12-09T07:01:50.325+0000][1][safepoint    ] Total time for which application threads were stopped: 0.0000778 seconds, Stopping threads took: 0.0000124 seconds
[2019-12-09T07:01:50.326+0000][1][safepoint    ] Application time: 0.0006351 seconds
[2019-12-09T07:01:50.326+0000][1][safepoint    ] Entering safepoint region: RevokeBias
[2019-12-09T07:01:50.326+0000][1][safepoint    ] Leaving safepoint region
[2019-12-09T07:01:50.326+0000][1][safepoint    ] Total time for which application threads were stopped: 0.0001168 seconds, Stopping threads took: 0.0000113 seconds
[2019-12-09T07:01:50.329+0000][1][safepoint    ] Application time: 0.0025048 seconds
[2019-12-09T07:01:50.329+0000][1][safepoint    ] Entering safepoint region: RevokeBias
[2019-12-09T07:01:50.329+0000][1][safepoint    ] Leaving safepoint region
[2019-12-09T07:01:50.329+0000][1][safepoint    ] Total time for which application threads were stopped: 0.0001589 seconds, Stopping threads took: 0.0001078 seconds
[2019-12-09T07:01:50.329+0000][1][safepoint    ] Application time: 0.0005681 seconds
[2019-12-09T07:01:50.329+0000][1][safepoint    ] Entering safepoint region: RevokeBias
[2019-12-09T07:01:50.330+0000][1][safepoint    ] Leaving safepoint region
[2019-12-09T07:01:50.330+0000][1][safepoint    ] Total time for which application threads were stopped: 0.0000724 seconds, Stopping threads took: 0.0000119 seconds
[2019-12-09T07:01:50.330+0000][1][safepoint    ] Application time: 0.0003744 seconds
[2019-12-09T07:01:50.330+0000][1][safepoint    ] Entering safepoint region: RevokeBias
[2019-12-09T07:01:50.330+0000][1][safepoint    ] Leaving safepoint region
[2019-12-09T07:01:50.330+0000][1][safepoint    ] Total time for which application threads were stopped: 0.0000736 seconds, Stopping threads took: 0.0000114 seconds
[2019-12-09T07:01:50.330+0000][1][safepoint    ] Application time: 0.0000853 seconds
[2019-12-09T07:01:50.330+0000][1][safepoint    ] Entering safepoint region: RevokeBias
[2019-12-09T07:01:50.330+0000][1][safepoint    ] Leaving safepoint region
[2019-12-09T07:01:50.330+0000][1][safepoint    ] Total time for which application threads were stopped: 0.0000734 seconds, Stopping threads took: 0.0000085 seconds
[2019-12-09T07:01:50.333+0000][1][safepoint    ] Application time: 0.0031575 seconds
[2019-12-09T07:01:50.333+0000][1][safepoint    ] Entering safepoint region: RevokeBias
[2019-12-09T07:01:50.333+0000][1][safepoint    ] Leaving safepoint region
[2019-12-09T07:01:50.333+0000][1][safepoint    ] Total time for which application threads were stopped: 0.0000654 seconds, Stopping threads took: 0.0000126 seconds
[2019-12-09T07:01:50.334+0000][1][safepoint    ] Application time: 0.0003468 seconds
[2019-12-09T07:01:50.334+0000][1][safepoint    ] Entering safepoint region: RevokeBias
[2019-12-09T07:01:50.334+0000][1][safepoint    ] Leaving safepoint region
[2019-12-09T07:01:50.334+0000][1][safepoint    ] Total time for which application threads were stopped: 0.0000588 seconds, Stopping threads took: 0.0000104 seconds
[2019-12-09T07:01:50.342+0000][1][safepoint    ] Application time: 0.0083272 seconds
[2019-12-09T07:01:50.400+0000][1][safepoint    ] Entering safepoint region: RevokeBias
[2019-12-09T07:01:50.400+0000][1][safepoint    ] Leaving safepoint region
[2019-12-09T07:01:50.400+0000][1][safepoint    ] Total time for which application threads were stopped: 0.0576358 seconds, Stopping threads took: 0.0575414 seconds
[2019-12-09T07:01:50.405+0000][1][safepoint    ] Application time: 0.0048237 seconds
[2019-12-09T07:01:50.431+0000][1][safepoint    ] Entering safepoint region: RevokeBias
[2019-12-09T07:01:50.431+0000][1][safepoint    ] Leaving safepoint region
[2019-12-09T07:01:50.431+0000][1][safepoint    ] Total time for which application threads were stopped: 0.0261604 seconds, Stopping threads took: 0.0260214 seconds
[2019-12-09T07:01:50.432+0000][1][safepoint    ] Application time: 0.0010572 seconds
[2019-12-09T07:01:50.432+0000][1][safepoint    ] Entering safepoint region: RevokeBias
[2019-12-09T07:01:50.432+0000][1][safepoint    ] Leaving safepoint region
[2019-12-09T07:01:50.432+0000][1][safepoint    ] Total time for which application threads were stopped: 0.0000765 seconds, Stopping threads took: 0.0000144 seconds
[2019-12-09T07:01:50.432+0000][1][safepoint    ] Application time: 0.0000876 seconds
[2019-12-09T07:01:50.432+0000][1][safepoint    ] Entering safepoint region: RevokeBias
[2019-12-09T07:01:50.432+0000][1][safepoint    ] Leaving safepoint region
[2019-12-09T07:01:50.432+0000][1][safepoint    ] Total time for which application threads were stopped: 0.0000520 seconds, Stopping threads took: 0.0000092 seconds
[2019-12-09T07:01:50.437+0000][1][safepoint    ] Application time: 0.0048572 seconds
[2019-12-09T07:01:50.439+0000][1][safepoint    ] Entering safepoint region: RevokeBias
[2019-12-09T07:01:50.439+0000][1][safepoint    ] Leaving safepoint region
[2019-12-09T07:01:50.439+0000][1][safepoint    ] Total time for which application threads were stopped: 0.0022070 seconds, Stopping threads took: 0.0021280 seconds
[2019-12-09T07:01:50.443+0000][1][safepoint    ] Application time: 0.0036409 seconds
[2019-12-09T07:01:50.445+0000][1][safepoint    ] Entering safepoint region: RevokeBias
[2019-12-09T07:01:50.445+0000][1][safepoint    ] Leaving safepoint region
[2019-12-09T07:01:50.445+0000][1][safepoint    ] Total time for which application threads were stopped: 0.0018165 seconds, Stopping threads took: 0.0017281 seconds
[2019-12-09T07:01:50.478+0000][1][safepoint    ] Application time: 0.0329101 seconds
[2019-12-09T07:01:50.478+0000][1][safepoint    ] Entering safepoint region: RevokeBias
[2019-12-09T07:01:50.478+0000][1][safepoint    ] Leaving safepoint region
[2019-12-09T07:01:50.478+0000][1][safepoint    ] Total time for which application threads were stopped: 0.0001303 seconds, Stopping threads took: 0.0000145 seconds
[2019-12-09T07:01:50.478+0000][1][safepoint    ] Application time: 0.0004955 seconds
[2019-12-09T07:01:50.478+0000][1][safepoint    ] Entering safepoint region: RevokeBias
[2019-12-09T07:01:50.478+0000][1][safepoint    ] Leaving safepoint region
[2019-12-09T07:01:50.478+0000][1][safepoint    ] Total time for which application threads were stopped: 0.0000757 seconds, Stopping threads took: 0.0000115 seconds
[2019-12-09T07:01:50.520+0000][1][safepoint    ] Application time: 0.0414378 seconds
[2019-12-09T07:01:50.532+0000][1][safepoint    ] Entering safepoint region: RevokeBias
[2019-12-09T07:01:50.532+0000][1][safepoint    ] Leaving safepoint region
[2019-12-09T07:01:50.532+0000][1][safepoint    ] Total time for which application threads were stopped: 0.0119050 seconds, Stopping threads took: 0.0118083 seconds
[2019-12-09T07:01:50.572+0000][1][safepoint    ] Application time: 0.0400213 seconds
[2019-12-09T07:01:50.572+0000][1][safepoint    ] Entering safepoint region: RevokeBias
[2019-12-09T07:01:50.572+0000][1][safepoint    ] Leaving safepoint region
[2019-12-09T07:01:50.572+0000][1][safepoint    ] Total time for which application threads were stopped: 0.0002506 seconds, Stopping threads took: 0.0001388 seconds
[2019-12-09T07:01:50.574+0000][1][safepoint    ] Application time: 0.0018865 seconds
[2019-12-09T07:01:50.574+0000][1][safepoint    ] Entering safepoint region: RevokeBias
[2019-12-09T07:01:50.574+0000][1][safepoint    ] Leaving safepoint region
[2019-12-09T07:01:50.574+0000][1][safepoint    ] Total time for which application threads were stopped: 0.0001082 seconds, Stopping threads took: 0.0000272 seconds
[2019-12-09T07:01:50.607+0000][1][safepoint    ] Application time: 0.0325284 seconds
[2019-12-09T07:01:50.607+0000][1][safepoint    ] Entering safepoint region: RevokeBias
[2019-12-09T07:01:50.607+0000][1][safepoint    ] Leaving safepoint region
[2019-12-09T07:01:50.607+0000][1][safepoint    ] Total time for which application threads were stopped: 0.0000917 seconds, Stopping threads took: 0.0000153 seconds
[2019-12-09T07:01:50.817+0000][1][safepoint    ] Application time: 0.2100260 seconds
[2019-12-09T07:01:50.838+0000][1][safepoint    ] Entering safepoint region: RevokeBias
[2019-12-09T07:01:50.838+0000][1][safepoint    ] Leaving safepoint region
[2019-12-09T07:01:50.838+0000][1][safepoint    ] Total time for which application threads were stopped: 0.0209415 seconds, Stopping threads took: 0.0208579 seconds
[2019-12-09T07:01:50.871+0000][1][safepoint    ] Application time: 0.0328598 seconds
[2019-12-09T07:01:50.871+0000][1][safepoint    ] Entering safepoint region: RevokeBias
[2019-12-09T07:01:50.871+0000][1][safepoint    ] Leaving safepoint region
[2019-12-09T07:01:50.871+0000][1][safepoint    ] Total time for which application threads were stopped: 0.0003261 seconds, Stopping threads took: 0.0002125 seconds
[2019-12-09T07:01:50.872+0000][1][safepoint    ] Application time: 0.0006087 seconds
[2019-12-09T07:01:50.872+0000][1][safepoint    ] Entering safepoint region: RevokeBias
[2019-12-09T07:01:50.872+0000][1][safepoint    ] Leaving safepoint region
[2019-12-09T07:01:50.872+0000][1][safepoint    ] Total time for which application threads were stopped: 0.0001001 seconds, Stopping threads took: 0.0000219 seconds
[2019-12-09T07:01:50.877+0000][1][safepoint    ] Application time: 0.0049607 seconds
[2019-12-09T07:01:50.877+0000][1][safepoint    ] Entering safepoint region: RevokeBias
[2019-12-09T07:01:50.877+0000][1][safepoint    ] Leaving safepoint region
[2019-12-09T07:01:50.877+0000][1][safepoint    ] Total time for which application threads were stopped: 0.0001005 seconds, Stopping threads took: 0.0000154 seconds
[2019-12-09T07:01:50.889+0000][1][safepoint    ] Application time: 0.0123028 seconds
[2019-12-09T07:01:50.889+0000][1][safepoint    ] Entering safepoint region: RevokeBias
[2019-12-09T07:01:50.889+0000][1][safepoint    ] Leaving safepoint region
[2019-12-09T07:01:50.889+0000][1][safepoint    ] Total time for which application threads were stopped: 0.0001412 seconds, Stopping threads took: 0.0000785 seconds
[2019-12-09T07:01:50.897+0000][1][safepoint    ] Application time: 0.0075929 seconds
[2019-12-09T07:01:50.897+0000][1][safepoint    ] Entering safepoint region: RevokeBias
[2019-12-09T07:01:50.897+0000][1][safepoint    ] Leaving safepoint region
[2019-12-09T07:01:50.897+0000][1][safepoint    ] Total time for which application threads were stopped: 0.0000710 seconds, Stopping threads took: 0.0000119 seconds
[2019-12-09T07:01:50.906+0000][1][safepoint    ] Application time: 0.0091525 seconds
[2019-12-09T07:01:51.011+0000][1][safepoint    ] Entering safepoint region: RevokeBias
[2019-12-09T07:01:51.011+0000][1][safepoint    ] Leaving safepoint region
[2019-12-09T07:01:51.011+0000][1][safepoint    ] Total time for which application threads were stopped: 0.1050541 seconds, Stopping threads took: 0.1049723 seconds
[2019-12-09T07:01:51.013+0000][1][safepoint    ] Application time: 0.0016577 seconds
[2019-12-09T07:01:51.013+0000][1][safepoint    ] Entering safepoint region: RevokeBias
[2019-12-09T07:01:51.013+0000][1][safepoint    ] Leaving safepoint region
[2019-12-09T07:01:51.013+0000][1][safepoint    ] Total time for which application threads were stopped: 0.0000747 seconds, Stopping threads took: 0.0000166 seconds
[2019-12-09T07:01:51.014+0000][1][safepoint    ] Application time: 0.0007453 seconds
[2019-12-09T07:01:51.014+0000][1][safepoint    ] Entering safepoint region: RevokeBias
[2019-12-09T07:01:51.014+0000][1][safepoint    ] Leaving safepoint region
[2019-12-09T07:01:51.014+0000][1][safepoint    ] Total time for which application threads were stopped: 0.0001372 seconds, Stopping threads took: 0.0000445 seconds
[2019-12-09T07:01:51.035+0000][1][safepoint    ] Application time: 0.0208297 seconds
[2019-12-09T07:01:51.035+0000][1][safepoint    ] Entering safepoint region: RevokeBias
[2019-12-09T07:01:51.035+0000][1][safepoint    ] Leaving safepoint region
[2019-12-09T07:01:51.035+0000][1][safepoint    ] Total time for which application threads were stopped: 0.0001023 seconds, Stopping threads took: 0.0000139 seconds
[2019-12-09T07:01:51.035+0000][1][safepoint    ] Application time: 0.0003000 seconds
[2019-12-09T07:01:51.035+0000][1][safepoint    ] Entering safepoint region: RevokeBias
[2019-12-09T07:01:51.035+0000][1][safepoint    ] Leaving safepoint region
[2019-12-09T07:01:51.035+0000][1][safepoint    ] Total time for which application threads were stopped: 0.0000581 seconds, Stopping threads took: 0.0000107 seconds
[2019-12-09T07:01:51.047+0000][1][safepoint    ] Application time: 0.0115943 seconds
[2019-12-09T07:01:51.047+0000][1][safepoint    ] Entering safepoint region: RevokeBias
[2019-12-09T07:01:51.047+0000][1][safepoint    ] Leaving safepoint region
[2019-12-09T07:01:51.047+0000][1][safepoint    ] Total time for which application threads were stopped: 0.0000888 seconds, Stopping threads took: 0.0000152 seconds
[2019-12-09T07:01:51.047+0000][1][safepoint    ] Application time: 0.0001937 seconds
[2019-12-09T07:01:51.047+0000][1][safepoint    ] Entering safepoint region: RevokeBias
[2019-12-09T07:01:51.047+0000][1][safepoint    ] Leaving safepoint region
[2019-12-09T07:01:51.047+0000][1][safepoint    ] Total time for which application threads were stopped: 0.0000593 seconds, Stopping threads took: 0.0000156 seconds
[2019-12-09T07:01:51.077+0000][1][safepoint    ] Application time: 0.0295692 seconds
[2019-12-09T07:01:51.077+0000][1][safepoint    ] Entering safepoint region: RevokeBias
[2019-12-09T07:01:51.077+0000][1][safepoint    ] Leaving safepoint region
[2019-12-09T07:01:51.077+0000][1][safepoint    ] Total time for which application threads were stopped: 0.0001103 seconds, Stopping threads took: 0.0000191 seconds
[2019-12-09T07:01:51.077+0000][1][safepoint    ] Application time: 0.0001772 seconds
[2019-12-09T07:01:51.077+0000][1][safepoint    ] Entering safepoint region: RevokeBias
[2019-12-09T07:01:51.077+0000][1][safepoint    ] Leaving safepoint region
[2019-12-09T07:01:51.077+0000][1][safepoint    ] Total time for which application threads were stopped: 0.0000638 seconds, Stopping threads took: 0.0000126 seconds
[2019-12-09T07:01:51.118+0000][1][safepoint    ] Application time: 0.0407199 seconds
[2019-12-09T07:01:51.118+0000][1][safepoint    ] Entering safepoint region: RevokeBias
[2019-12-09T07:01:51.118+0000][1][safepoint    ] Leaving safepoint region
[2019-12-09T07:01:51.118+0000][1][safepoint    ] Total time for which application threads were stopped: 0.0001099 seconds, Stopping threads took: 0.0000176 seconds
[2019-12-09T07:01:51.118+0000][1][safepoint    ] Application time: 0.0001822 seconds
[2019-12-09T07:01:51.118+0000][1][safepoint    ] Entering safepoint region: RevokeBias
[2019-12-09T07:01:51.118+0000][1][safepoint    ] Leaving safepoint region
[2019-12-09T07:01:51.118+0000][1][safepoint    ] Total time for which application threads were stopped: 0.0000538 seconds, Stopping threads took: 0.0000103 seconds
[2019-12-09T07:01:51.149+0000][1][safepoint    ] Application time: 0.0306910 seconds
[2019-12-09T07:01:51.149+0000][1][safepoint    ] Entering safepoint region: RevokeBias
[2019-12-09T07:01:51.149+0000][1][safepoint    ] Leaving safepoint region
[2019-12-09T07:01:51.149+0000][1][safepoint    ] Total time for which application threads were stopped: 0.0001163 seconds, Stopping threads took: 0.0000207 seconds
[2019-12-09T07:01:51.150+0000][1][safepoint    ] Application time: 0.0003095 seconds
[2019-12-09T07:01:51.150+0000][1][safepoint    ] Entering safepoint region: RevokeBias
[2019-12-09T07:01:51.150+0000][1][safepoint    ] Leaving safepoint region
[2019-12-09T07:01:51.150+0000][1][safepoint    ] Total time for which application threads were stopped: 0.0000957 seconds, Stopping threads took: 0.0000137 seconds
[2019-12-09T07:01:51.163+0000][1][safepoint    ] Application time: 0.0132935 seconds
[2019-12-09T07:01:51.163+0000][1][safepoint    ] Entering safepoint region: RevokeBias
[2019-12-09T07:01:51.163+0000][1][safepoint    ] Leaving safepoint region
[2019-12-09T07:01:51.163+0000][1][safepoint    ] Total time for which application threads were stopped: 0.0000920 seconds, Stopping threads took: 0.0000137 seconds
[2019-12-09T07:01:51.164+0000][1][safepoint    ] Application time: 0.0006464 seconds
[2019-12-09T07:01:51.164+0000][1][safepoint    ] Entering safepoint region: RevokeBias
[2019-12-09T07:01:51.164+0000][1][safepoint    ] Leaving safepoint region
[2019-12-09T07:01:51.164+0000][1][safepoint    ] Total time for which application threads were stopped: 0.0000683 seconds, Stopping threads took: 0.0000129 seconds
[2019-12-09T07:01:51.164+0000][1][safepoint    ] Application time: 0.0003477 seconds
[2019-12-09T07:01:51.164+0000][1][safepoint    ] Entering safepoint region: RevokeBias
[2019-12-09T07:01:51.164+0000][1][safepoint    ] Leaving safepoint region
[2019-12-09T07:01:51.164+0000][1][safepoint    ] Total time for which application threads were stopped: 0.0000677 seconds, Stopping threads took: 0.0000119 seconds
[2019-12-09T07:01:51.165+0000][1][safepoint    ] Application time: 0.0005001 seconds
[2019-12-09T07:01:51.165+0000][1][safepoint    ] Entering safepoint region: RevokeBias
[2019-12-09T07:01:51.165+0000][1][safepoint    ] Leaving safepoint region
[2019-12-09T07:01:51.165+0000][1][safepoint    ] Total time for which application threads were stopped: 0.0000612 seconds, Stopping threads took: 0.0000160 seconds
[2019-12-09T07:01:51.166+0000][1][safepoint    ] Application time: 0.0008557 seconds
[2019-12-09T07:01:51.166+0000][1][safepoint    ] Entering safepoint region: RevokeBias
[2019-12-09T07:01:51.166+0000][1][safepoint    ] Leaving safepoint region
[2019-12-09T07:01:51.166+0000][1][safepoint    ] Total time for which application threads were stopped: 0.0004440 seconds, Stopping threads took: 0.0000112 seconds
[2019-12-09T07:01:51.167+0000][1][safepoint    ] Application time: 0.0005026 seconds
[2019-12-09T07:01:51.167+0000][1][safepoint    ] Entering safepoint region: RevokeBias
[2019-12-09T07:01:51.167+0000][1][safepoint    ] Leaving safepoint region
[2019-12-09T07:01:51.167+0000][1][safepoint    ] Total time for which application threads were stopped: 0.0000698 seconds, Stopping threads took: 0.0000109 seconds
[2019-12-09T07:01:51.168+0000][1][safepoint    ] Application time: 0.0009428 seconds
[2019-12-09T07:01:51.168+0000][1][safepoint    ] Entering safepoint region: RevokeBias
[2019-12-09T07:01:51.168+0000][1][safepoint    ] Leaving safepoint region
[2019-12-09T07:01:51.168+0000][1][safepoint    ] Total time for which application threads were stopped: 0.0000584 seconds, Stopping threads took: 0.0000130 seconds
[2019-12-09T07:01:51.168+0000][1][safepoint    ] Application time: 0.0001971 seconds
[2019-12-09T07:01:51.168+0000][1][safepoint    ] Entering safepoint region: RevokeBias
[2019-12-09T07:01:51.168+0000][1][safepoint    ] Leaving safepoint region
[2019-12-09T07:01:51.168+0000][1][safepoint    ] Total time for which application threads were stopped: 0.0000558 seconds, Stopping threads took: 0.0000114 seconds
[2019-12-09T07:01:51.168+0000][1][safepoint    ] Application time: 0.0002025 seconds
[2019-12-09T07:01:51.168+0000][1][safepoint    ] Entering safepoint region: RevokeBias
[2019-12-09T07:01:51.168+0000][1][safepoint    ] Leaving safepoint region
[2019-12-09T07:01:51.168+0000][1][safepoint    ] Total time for which application threads were stopped: 0.0000557 seconds, Stopping threads took: 0.0000119 seconds
[2019-12-09T07:01:51.186+0000][1][safepoint    ] Application time: 0.0174511 seconds
[2019-12-09T07:01:51.186+0000][1][safepoint    ] Entering safepoint region: RevokeBias
[2019-12-09T07:01:51.186+0000][1][safepoint    ] Leaving safepoint region
[2019-12-09T07:01:51.186+0000][1][safepoint    ] Total time for which application threads were stopped: 0.0000642 seconds, Stopping threads took: 0.0000141 seconds
[2019-12-09T07:01:51.240+0000][1][safepoint    ] Application time: 0.0537318 seconds
[2019-12-09T07:01:51.240+0000][1][safepoint    ] Entering safepoint region: RevokeBias
[2019-12-09T07:01:51.240+0000][1][safepoint    ] Leaving safepoint region
[2019-12-09T07:01:51.240+0000][1][safepoint    ] Total time for which application threads were stopped: 0.0000934 seconds, Stopping threads took: 0.0000183 seconds
[2019-12-09T07:01:51.267+0000][1][safepoint    ] Application time: 0.0273704 seconds
[2019-12-09T07:01:51.267+0000][1][safepoint    ] Entering safepoint region: RevokeBias
[2019-12-09T07:01:51.267+0000][1][safepoint    ] Leaving safepoint region
[2019-12-09T07:01:51.267+0000][1][safepoint    ] Total time for which application threads were stopped: 0.0000831 seconds, Stopping threads took: 0.0000158 seconds
[2019-12-09T07:01:51.321+0000][1][safepoint    ] Application time: 0.0536867 seconds
[2019-12-09T07:01:51.321+0000][1][safepoint    ] Entering safepoint region: RevokeBias
[2019-12-09T07:01:51.321+0000][1][safepoint    ] Leaving safepoint region
[2019-12-09T07:01:51.321+0000][1][safepoint    ] Total time for which application threads were stopped: 0.0000849 seconds, Stopping threads took: 0.0000182 seconds
[2019-12-09T07:01:51.336+0000][1][safepoint    ] Application time: 0.0151682 seconds
[2019-12-09T07:01:51.336+0000][1][safepoint    ] Entering safepoint region: RevokeBias
[2019-12-09T07:01:51.336+0000][1][safepoint    ] Leaving safepoint region
[2019-12-09T07:01:51.336+0000][1][safepoint    ] Total time for which application threads were stopped: 0.0000786 seconds, Stopping threads took: 0.0000171 seconds
[2019-12-09T07:01:51.337+0000][1][safepoint    ] Application time: 0.0003793 seconds
[2019-12-09T07:01:51.337+0000][1][safepoint    ] Entering safepoint region: RevokeBias
[2019-12-09T07:01:51.337+0000][1][safepoint    ] Leaving safepoint region
[2019-12-09T07:01:51.337+0000][1][safepoint    ] Total time for which application threads were stopped: 0.0000656 seconds, Stopping threads took: 0.0000139 seconds
[2019-12-09T07:01:51.388+0000][1][safepoint    ] Application time: 0.0514460 seconds
[2019-12-09T07:01:51.388+0000][1][safepoint    ] Entering safepoint region: RevokeBias
[2019-12-09T07:01:51.388+0000][1][safepoint    ] Leaving safepoint region
[2019-12-09T07:01:51.388+0000][1][safepoint    ] Total time for which application threads were stopped: 0.0000823 seconds, Stopping threads took: 0.0000178 seconds
[2019-12-09T07:01:51.389+0000][1][safepoint    ] Application time: 0.0003533 seconds
[2019-12-09T07:01:51.389+0000][1][safepoint    ] Entering safepoint region: RevokeBias
[2019-12-09T07:01:51.389+0000][1][safepoint    ] Leaving safepoint region
[2019-12-09T07:01:51.389+0000][1][safepoint    ] Total time for which application threads were stopped: 0.0000558 seconds, Stopping threads took: 0.0000126 seconds
[2019-12-09T07:01:51.389+0000][1][safepoint    ] Application time: 0.0002297 seconds
[2019-12-09T07:01:51.389+0000][1][safepoint    ] Entering safepoint region: BulkRevokeBias
[2019-12-09T07:01:51.390+0000][1][safepoint    ] Leaving safepoint region
[2019-12-09T07:01:51.390+0000][1][safepoint    ] Total time for which application threads were stopped: 0.0005249 seconds, Stopping threads took: 0.0000123 seconds
[2019-12-09T07:01:51.390+0000][1][safepoint    ] Application time: 0.0002653 seconds
[2019-12-09T07:01:51.390+0000][1][safepoint    ] Entering safepoint region: RevokeBias
[2019-12-09T07:01:51.390+0000][1][safepoint    ] Leaving safepoint region
[2019-12-09T07:01:51.390+0000][1][safepoint    ] Total time for which application threads were stopped: 0.0000494 seconds, Stopping threads took: 0.0000114 seconds
[2019-12-09T07:01:51.457+0000][1][safepoint    ] Application time: 0.0665090 seconds
[2019-12-09T07:01:51.457+0000][1][safepoint    ] Entering safepoint region: RevokeBias
[2019-12-09T07:01:51.457+0000][1][safepoint    ] Leaving safepoint region
[2019-12-09T07:01:51.457+0000][1][safepoint    ] Total time for which application threads were stopped: 0.0000875 seconds, Stopping threads took: 0.0000155 seconds
[2019-12-09T07:01:51.484+0000][1][safepoint    ] Application time: 0.0272046 seconds
[2019-12-09T07:01:51.484+0000][1][safepoint    ] Entering safepoint region: RevokeBias
[2019-12-09T07:01:51.484+0000][1][safepoint    ] Leaving safepoint region
[2019-12-09T07:01:51.484+0000][1][safepoint    ] Total time for which application threads were stopped: 0.0000811 seconds, Stopping threads took: 0.0000169 seconds
[2019-12-09T07:01:51.491+0000][1][safepoint    ] Application time: 0.0068968 seconds
[2019-12-09T07:01:51.493+0000][1][safepoint    ] Entering safepoint region: RevokeBias
[2019-12-09T07:01:51.493+0000][1][safepoint    ] Leaving safepoint region
[2019-12-09T07:01:51.493+0000][1][safepoint    ] Total time for which application threads were stopped: 0.0022657 seconds, Stopping threads took: 0.0021952 seconds
[2019-12-09T07:01:51.494+0000][1][safepoint    ] Application time: 0.0004485 seconds
[2019-12-09T07:01:51.494+0000][1][safepoint    ] Entering safepoint region: RevokeBias
[2019-12-09T07:01:51.494+0000][1][safepoint    ] Leaving safepoint region
[2019-12-09T07:01:51.494+0000][1][safepoint    ] Total time for which application threads were stopped: 0.0000889 seconds, Stopping threads took: 0.0000124 seconds
[2019-12-09T07:01:51.494+0000][1][safepoint    ] Application time: 0.0002566 seconds
[2019-12-09T07:01:51.494+0000][1][safepoint    ] Entering safepoint region: RevokeBias
[2019-12-09T07:01:51.494+0000][1][safepoint    ] Leaving safepoint region
[2019-12-09T07:01:51.494+0000][1][safepoint    ] Total time for which application threads were stopped: 0.0000559 seconds, Stopping threads took: 0.0000110 seconds
[2019-12-09T07:01:51.494+0000][1][safepoint    ] Application time: 0.0002242 seconds
[2019-12-09T07:01:51.494+0000][1][safepoint    ] Entering safepoint region: RevokeBias
[2019-12-09T07:01:51.494+0000][1][safepoint    ] Leaving safepoint region
[2019-12-09T07:01:51.494+0000][1][safepoint    ] Total time for which application threads were stopped: 0.0000566 seconds, Stopping threads took: 0.0000113 seconds
[2019-12-09T07:01:51.495+0000][1][safepoint    ] Application time: 0.0008156 seconds
[2019-12-09T07:01:51.495+0000][1][safepoint    ] Entering safepoint region: RevokeBias
[2019-12-09T07:01:51.495+0000][1][safepoint    ] Leaving safepoint region
[2019-12-09T07:01:51.495+0000][1][safepoint    ] Total time for which application threads were stopped: 0.0000517 seconds, Stopping threads took: 0.0000122 seconds
[2019-12-09T07:01:51.495+0000][1][safepoint    ] Application time: 0.0002212 seconds
[2019-12-09T07:01:51.495+0000][1][safepoint    ] Entering safepoint region: RevokeBias
[2019-12-09T07:01:51.496+0000][1][safepoint    ] Leaving safepoint region
[2019-12-09T07:01:51.496+0000][1][safepoint    ] Total time for which application threads were stopped: 0.0000499 seconds, Stopping threads took: 0.0000110 seconds
[2019-12-09T07:01:51.511+0000][1][safepoint    ] Application time: 0.0153546 seconds
[2019-12-09T07:01:51.511+0000][1][safepoint    ] Entering safepoint region: RevokeBias
[2019-12-09T07:01:51.511+0000][1][safepoint    ] Leaving safepoint region
[2019-12-09T07:01:51.511+0000][1][safepoint    ] Total time for which application threads were stopped: 0.0001131 seconds, Stopping threads took: 0.0000143 seconds
[2019-12-09T07:01:51.513+0000][1][safepoint    ] Application time: 0.0015602 seconds
[2019-12-09T07:01:51.513+0000][1][safepoint    ] Entering safepoint region: RevokeBias
[2019-12-09T07:01:51.513+0000][1][safepoint    ] Leaving safepoint region
[2019-12-09T07:01:51.513+0000][1][safepoint    ] Total time for which application threads were stopped: 0.0000544 seconds, Stopping threads took: 0.0000130 seconds
[2019-12-09T07:01:51.513+0000][1][safepoint    ] Application time: 0.0001328 seconds
[2019-12-09T07:01:51.513+0000][1][safepoint    ] Entering safepoint region: RevokeBias
[2019-12-09T07:01:51.513+0000][1][safepoint    ] Leaving safepoint region
[2019-12-09T07:01:51.513+0000][1][safepoint    ] Total time for which application threads were stopped: 0.0000482 seconds, Stopping threads took: 0.0000104 seconds
[2019-12-09T07:01:51.513+0000][1][safepoint    ] Application time: 0.0002030 seconds
[2019-12-09T07:01:51.513+0000][1][safepoint    ] Entering safepoint region: RevokeBias
[2019-12-09T07:01:51.513+0000][1][safepoint    ] Leaving safepoint region
[2019-12-09T07:01:51.513+0000][1][safepoint    ] Total time for which application threads were stopped: 0.0000413 seconds, Stopping threads took: 0.0000090 seconds
[2019-12-09T07:01:51.679+0000][1][safepoint    ] Application time: 0.1655372 seconds
[2019-12-09T07:01:51.679+0000][1][safepoint    ] Entering safepoint region: RevokeBias
[2019-12-09T07:01:51.679+0000][1][safepoint    ] Leaving safepoint region
[2019-12-09T07:01:51.679+0000][1][safepoint    ] Total time for which application threads were stopped: 0.0001130 seconds, Stopping threads took: 0.0000196 seconds
[2019-12-09T07:01:51.679+0000][1][safepoint    ] Application time: 0.0000713 seconds
[2019-12-09T07:01:51.679+0000][1][safepoint    ] Entering safepoint region: RevokeBias
[2019-12-09T07:01:51.679+0000][1][safepoint    ] Leaving safepoint region
[2019-12-09T07:01:51.679+0000][1][safepoint    ] Total time for which application threads were stopped: 0.0000549 seconds, Stopping threads took: 0.0000098 seconds
[2019-12-09T07:01:51.804+0000][1][safepoint    ] Application time: 0.1248411 seconds
[2019-12-09T07:01:51.804+0000][1][safepoint    ] Entering safepoint region: RevokeBias
[2019-12-09T07:01:51.804+0000][1][safepoint    ] Leaving safepoint region
[2019-12-09T07:01:51.804+0000][1][safepoint    ] Total time for which application threads were stopped: 0.0001085 seconds, Stopping threads took: 0.0000185 seconds
[2019-12-09T07:01:51.808+0000][1][safepoint    ] Application time: 0.0037907 seconds
[2019-12-09T07:01:51.808+0000][1][safepoint    ] Entering safepoint region: RevokeBias
[2019-12-09T07:01:51.808+0000][1][safepoint    ] Leaving safepoint region
[2019-12-09T07:01:51.808+0000][1][safepoint    ] Total time for which application threads were stopped: 0.0000806 seconds, Stopping threads took: 0.0000144 seconds
[2019-12-09T07:01:51.825+0000][1][safepoint    ] Application time: 0.0170030 seconds
[2019-12-09T07:01:51.825+0000][1][safepoint    ] Entering safepoint region: RevokeBias
[2019-12-09T07:01:51.825+0000][1][safepoint    ] Leaving safepoint region
[2019-12-09T07:01:51.825+0000][1][safepoint    ] Total time for which application threads were stopped: 0.0001413 seconds, Stopping threads took: 0.0000643 seconds
[2019-12-09T07:01:51.891+0000][1][safepoint    ] Application time: 0.0654334 seconds
[2019-12-09T07:01:51.891+0000][1][safepoint    ] Entering safepoint region: RevokeBias
[2019-12-09T07:01:51.891+0000][1][safepoint    ] Leaving safepoint region
[2019-12-09T07:01:51.891+0000][1][safepoint    ] Total time for which application threads were stopped: 0.0001853 seconds, Stopping threads took: 0.0000612 seconds
[2019-12-09T07:01:51.892+0000][1][safepoint    ] Application time: 0.0014787 seconds
[2019-12-09T07:01:51.917+0000][1][safepoint    ] Entering safepoint region: RevokeBias
[2019-12-09T07:01:51.917+0000][1][safepoint    ] Leaving safepoint region
[2019-12-09T07:01:51.917+0000][1][safepoint    ] Total time for which application threads were stopped: 0.0244176 seconds, Stopping threads took: 0.0243093 seconds
[2019-12-09T07:01:51.918+0000][1][safepoint    ] Application time: 0.0018315 seconds
[2019-12-09T07:01:51.919+0000][1][safepoint    ] Entering safepoint region: RevokeBias
[2019-12-09T07:01:51.919+0000][1][safepoint    ] Leaving safepoint region
[2019-12-09T07:01:51.919+0000][1][safepoint    ] Total time for which application threads were stopped: 0.0004850 seconds, Stopping threads took: 0.0003899 seconds
[2019-12-09T07:01:51.924+0000][1][safepoint    ] Application time: 0.0054194 seconds
[2019-12-09T07:01:51.924+0000][1][safepoint    ] Entering safepoint region: RevokeBias
[2019-12-09T07:01:51.925+0000][1][safepoint    ] Leaving safepoint region
[2019-12-09T07:01:51.925+0000][1][safepoint    ] Total time for which application threads were stopped: 0.0000867 seconds, Stopping threads took: 0.0000252 seconds
[2019-12-09T07:01:51.959+0000][1][safepoint    ] Application time: 0.0349459 seconds
[2019-12-09T07:01:51.960+0000][1][safepoint    ] Entering safepoint region: RevokeBias
[2019-12-09T07:01:51.960+0000][1][safepoint    ] Leaving safepoint region
[2019-12-09T07:01:51.960+0000][1][safepoint    ] Total time for which application threads were stopped: 0.0001995 seconds, Stopping threads took: 0.0000683 seconds
[2019-12-09T07:01:51.984+0000][1][safepoint    ] Application time: 0.0244444 seconds
[2019-12-09T07:01:51.984+0000][1][safepoint    ] Entering safepoint region: RevokeBias
[2019-12-09T07:01:51.984+0000][1][safepoint    ] Leaving safepoint region
[2019-12-09T07:01:51.984+0000][1][safepoint    ] Total time for which application threads were stopped: 0.0001307 seconds, Stopping threads took: 0.0000583 seconds
[2019-12-09T07:01:51.999+0000][1][safepoint    ] Application time: 0.0149108 seconds
[2019-12-09T07:01:51.999+0000][1][safepoint    ] Entering safepoint region: BulkRevokeBias
[2019-12-09T07:01:52.000+0000][1][safepoint    ] Leaving safepoint region
[2019-12-09T07:01:52.000+0000][1][safepoint    ] Total time for which application threads were stopped: 0.0007977 seconds, Stopping threads took: 0.0000737 seconds
[2019-12-09T07:01:52.017+0000][1][safepoint    ] Application time: 0.0165364 seconds
[2019-12-09T07:01:52.035+0000][1][safepoint    ] Entering safepoint region: RevokeBias
[2019-12-09T07:01:52.035+0000][1][safepoint    ] Leaving safepoint region
[2019-12-09T07:01:52.035+0000][1][safepoint    ] Total time for which application threads were stopped: 0.0181616 seconds, Stopping threads took: 0.0180837 seconds
[2019-12-09T07:01:52.079+0000][1][safepoint    ] Application time: 0.0443244 seconds
[2019-12-09T07:01:52.102+0000][1][safepoint    ] Entering safepoint region: RevokeBias
[2019-12-09T07:01:52.102+0000][1][safepoint    ] Leaving safepoint region
[2019-12-09T07:01:52.102+0000][1][safepoint    ] Total time for which application threads were stopped: 0.0226556 seconds, Stopping threads took: 0.0225668 seconds
[2019-12-09T07:01:52.829+0000][1][safepoint    ] Application time: 0.7274892 seconds
[2019-12-09T07:01:52.870+0000][1][safepoint    ] Entering safepoint region: RevokeBias
[2019-12-09T07:01:52.870+0000][1][safepoint    ] Leaving safepoint region
[2019-12-09T07:01:52.870+0000][1][safepoint    ] Total time for which application threads were stopped: 0.0405729 seconds, Stopping threads took: 0.0404913 seconds
[2019-12-09T07:01:52.910+0000][1][safepoint    ] Application time: 0.0405115 seconds
[2019-12-09T07:01:52.911+0000][1][safepoint    ] Entering safepoint region: RevokeBias
[2019-12-09T07:01:52.911+0000][1][safepoint    ] Leaving safepoint region
[2019-12-09T07:01:52.911+0000][1][safepoint    ] Total time for which application threads were stopped: 0.0001653 seconds, Stopping threads took: 0.0000770 seconds
[2019-12-09T07:01:52.918+0000][1][safepoint    ] Application time: 0.0070899 seconds
[2019-12-09T07:01:52.918+0000][1][safepoint    ] Entering safepoint region: RevokeBias
[2019-12-09T07:01:52.918+0000][1][safepoint    ] Leaving safepoint region
[2019-12-09T07:01:52.918+0000][1][safepoint    ] Total time for which application threads were stopped: 0.0003866 seconds, Stopping threads took: 0.0000630 seconds
[2019-12-09T07:01:52.944+0000][1][safepoint    ] Application time: 0.0256190 seconds
[2019-12-09T07:01:52.944+0000][1][safepoint    ] Entering safepoint region: RevokeBias
[2019-12-09T07:01:52.944+0000][1][safepoint    ] Leaving safepoint region
[2019-12-09T07:01:52.944+0000][1][safepoint    ] Total time for which application threads were stopped: 0.0000688 seconds, Stopping threads took: 0.0000142 seconds
[2019-12-09T07:01:52.969+0000][1][safepoint    ] Application time: 0.0250739 seconds
[2019-12-09T07:01:52.969+0000][1][safepoint    ] Entering safepoint region: RevokeBias
[2019-12-09T07:01:52.969+0000][1][safepoint    ] Leaving safepoint region
[2019-12-09T07:01:52.969+0000][1][safepoint    ] Total time for which application threads were stopped: 0.0000861 seconds, Stopping threads took: 0.0000181 seconds
[2019-12-09T07:01:52.969+0000][1][safepoint    ] Application time: 0.0001499 seconds
[2019-12-09T07:01:52.969+0000][1][safepoint    ] Entering safepoint region: RevokeBias
[2019-12-09T07:01:52.969+0000][1][safepoint    ] Leaving safepoint region
[2019-12-09T07:01:52.969+0000][1][safepoint    ] Total time for which application threads were stopped: 0.0000547 seconds, Stopping threads took: 0.0000107 seconds
[2019-12-09T07:01:53.863+0000][1][safepoint    ] Application time: 0.8932347 seconds
[2019-12-09T07:01:53.875+0000][1][safepoint    ] Entering safepoint region: RevokeBias
[2019-12-09T07:01:53.875+0000][1][safepoint    ] Leaving safepoint region
[2019-12-09T07:01:53.875+0000][1][safepoint    ] Total time for which application threads were stopped: 0.0122416 seconds, Stopping threads took: 0.0121605 seconds
[2019-12-09T07:01:53.918+0000][1][safepoint    ] Application time: 0.0432587 seconds
[2019-12-09T07:01:53.918+0000][1][safepoint    ] Entering safepoint region: RevokeBias
[2019-12-09T07:01:53.918+0000][1][safepoint    ] Leaving safepoint region
[2019-12-09T07:01:53.918+0000][1][safepoint    ] Total time for which application threads were stopped: 0.0001412 seconds, Stopping threads took: 0.0000704 seconds
[2019-12-09T07:01:53.919+0000][1][safepoint    ] Application time: 0.0005419 seconds
[2019-12-09T07:01:53.919+0000][1][safepoint    ] Entering safepoint region: RevokeBias
[2019-12-09T07:01:53.919+0000][1][safepoint    ] Leaving safepoint region
[2019-12-09T07:01:53.919+0000][1][safepoint    ] Total time for which application threads were stopped: 0.0001153 seconds, Stopping threads took: 0.0000537 seconds
[2019-12-09T07:01:53.920+0000][1][safepoint    ] Application time: 0.0011718 seconds
[2019-12-09T07:01:53.920+0000][1][safepoint    ] Entering safepoint region: RevokeBias
[2019-12-09T07:01:53.920+0000][1][safepoint    ] Leaving safepoint region
[2019-12-09T07:01:53.920+0000][1][safepoint    ] Total time for which application threads were stopped: 0.0000980 seconds, Stopping threads took: 0.0000490 seconds
[2019-12-09T07:01:53.921+0000][1][safepoint    ] Application time: 0.0008816 seconds
[2019-12-09T07:01:53.921+0000][1][safepoint    ] Entering safepoint region: RevokeBias
[2019-12-09T07:01:53.921+0000][1][safepoint    ] Leaving safepoint region
[2019-12-09T07:01:53.921+0000][1][safepoint    ] Total time for which application threads were stopped: 0.0001016 seconds, Stopping threads took: 0.0000557 seconds
[2019-12-09T07:01:53.922+0000][1][safepoint    ] Application time: 0.0008590 seconds
[2019-12-09T07:01:53.922+0000][1][safepoint    ] Entering safepoint region: RevokeBias
[2019-12-09T07:01:53.922+0000][1][safepoint    ] Leaving safepoint region
[2019-12-09T07:01:53.922+0000][1][safepoint    ] Total time for which application threads were stopped: 0.0000689 seconds, Stopping threads took: 0.0000270 seconds
[2019-12-09T07:01:53.923+0000][1][safepoint    ] Application time: 0.0003317 seconds
[2019-12-09T07:01:53.923+0000][1][safepoint    ] Entering safepoint region: RevokeBias
[2019-12-09T07:01:53.923+0000][1][safepoint    ] Leaving safepoint region
[2019-12-09T07:01:53.923+0000][1][safepoint    ] Total time for which application threads were stopped: 0.0000587 seconds, Stopping threads took: 0.0000108 seconds
[2019-12-09T07:01:53.987+0000][1][safepoint    ] Application time: 0.0646450 seconds
[2019-12-09T07:01:53.987+0000][1][safepoint    ] Entering safepoint region: RevokeBias
[2019-12-09T07:01:53.987+0000][1][safepoint    ] Leaving safepoint region
[2019-12-09T07:01:53.987+0000][1][safepoint    ] Total time for which application threads were stopped: 0.0001184 seconds, Stopping threads took: 0.0000565 seconds
[2019-12-09T07:01:54.006+0000][1][safepoint    ] Application time: 0.0188126 seconds
[2019-12-09T07:01:54.006+0000][1][safepoint    ] Entering safepoint region: RevokeBias
[2019-12-09T07:01:54.006+0000][1][safepoint    ] Leaving safepoint region
[2019-12-09T07:01:54.006+0000][1][safepoint    ] Total time for which application threads were stopped: 0.0000931 seconds, Stopping threads took: 0.0000168 seconds
[2019-12-09T07:01:54.879+0000][1][safepoint    ] Application time: 0.8721814 seconds
[2019-12-09T07:01:54.900+0000][1][safepoint    ] Entering safepoint region: RevokeBias
[2019-12-09T07:01:54.900+0000][1][safepoint    ] Leaving safepoint region
[2019-12-09T07:01:54.900+0000][1][safepoint    ] Total time for which application threads were stopped: 0.0215103 seconds, Stopping threads took: 0.0214177 seconds
[2019-12-09T07:01:54.901+0000][1][safepoint    ] Application time: 0.0006063 seconds
[2019-12-09T07:01:54.901+0000][1][safepoint    ] Entering safepoint region: RevokeBias
[2019-12-09T07:01:54.901+0000][1][safepoint    ] Leaving safepoint region
[2019-12-09T07:01:54.901+0000][1][safepoint    ] Total time for which application threads were stopped: 0.0000833 seconds, Stopping threads took: 0.0000156 seconds
[2019-12-09T07:01:54.902+0000][1][safepoint    ] Application time: 0.0007362 seconds
[2019-12-09T07:01:54.902+0000][1][safepoint    ] Entering safepoint region: RevokeBias
[2019-12-09T07:01:54.902+0000][1][safepoint    ] Leaving safepoint region
[2019-12-09T07:01:54.902+0000][1][safepoint    ] Total time for which application threads were stopped: 0.0000982 seconds, Stopping threads took: 0.0000124 seconds
[2019-12-09T07:01:54.903+0000][1][safepoint    ] Application time: 0.0016718 seconds
[2019-12-09T07:01:54.903+0000][1][safepoint    ] Entering safepoint region: RevokeBias
[2019-12-09T07:01:54.903+0000][1][safepoint    ] Leaving safepoint region
[2019-12-09T07:01:54.904+0000][1][safepoint    ] Total time for which application threads were stopped: 0.0000755 seconds, Stopping threads took: 0.0000148 seconds
[2019-12-09T07:01:54.955+0000][1][safepoint    ] Application time: 0.0510760 seconds
[2019-12-09T07:01:54.955+0000][1][safepoint    ] Entering safepoint region: BulkRevokeBias
[2019-12-09T07:01:54.955+0000][1][safepoint    ] Leaving safepoint region
[2019-12-09T07:01:54.955+0000][1][safepoint    ] Total time for which application threads were stopped: 0.0003932 seconds, Stopping threads took: 0.0000843 seconds
[2019-12-09T07:01:54.968+0000][1][safepoint    ] Application time: 0.0133976 seconds
[2019-12-09T07:01:55.050+0000][1][safepoint    ] Entering safepoint region: RevokeBias
[2019-12-09T07:01:55.050+0000][1][safepoint    ] Leaving safepoint region
[2019-12-09T07:01:55.050+0000][1][safepoint    ] Total time for which application threads were stopped: 0.0814290 seconds, Stopping threads took: 0.0813351 seconds
[2019-12-09T07:01:55.100+0000][1][safepoint    ] Application time: 0.0503340 seconds
[2019-12-09T07:01:55.100+0000][1][safepoint    ] Entering safepoint region: RevokeBias
[2019-12-09T07:01:55.100+0000][1][safepoint    ] Leaving safepoint region
[2019-12-09T07:01:55.100+0000][1][safepoint    ] Total time for which application threads were stopped: 0.0001593 seconds, Stopping threads took: 0.0000742 seconds
[2019-12-09T07:01:55.160+0000][1][safepoint    ] Application time: 0.0600358 seconds
[2019-12-09T07:01:55.190+0000][1][safepoint    ] Entering safepoint region: RevokeBias
[2019-12-09T07:01:55.190+0000][1][safepoint    ] Leaving safepoint region
[2019-12-09T07:01:55.190+0000][1][safepoint    ] Total time for which application threads were stopped: 0.0293261 seconds, Stopping threads took: 0.0292393 seconds
[2019-12-09T07:01:55.195+0000][1][safepoint    ] Application time: 0.0053350 seconds
[2019-12-09T07:01:55.195+0000][1][safepoint    ] Entering safepoint region: RevokeBias
[2019-12-09T07:01:55.195+0000][1][safepoint    ] Leaving safepoint region
[2019-12-09T07:01:55.195+0000][1][safepoint    ] Total time for which application threads were stopped: 0.0000844 seconds, Stopping threads took: 0.0000186 seconds
[2019-12-09T07:01:55.863+0000][1][safepoint    ] Application time: 0.6674110 seconds
[2019-12-09T07:01:55.891+0000][1][safepoint    ] Entering safepoint region: RevokeBias
[2019-12-09T07:01:55.891+0000][1][safepoint    ] Leaving safepoint region
[2019-12-09T07:01:55.891+0000][1][safepoint    ] Total time for which application threads were stopped: 0.0281234 seconds, Stopping threads took: 0.0279949 seconds
[2019-12-09T07:01:55.901+0000][1][safepoint    ] Application time: 0.0101642 seconds
[2019-12-09T07:01:55.901+0000][1][safepoint    ] Entering safepoint region: RevokeBias
[2019-12-09T07:01:55.901+0000][1][safepoint    ] Leaving safepoint region
[2019-12-09T07:01:55.901+0000][1][safepoint    ] Total time for which application threads were stopped: 0.0001236 seconds, Stopping threads took: 0.0000177 seconds
[2019-12-09T07:01:55.943+0000][1][safepoint    ] Application time: 0.0415899 seconds
[2019-12-09T07:01:55.957+0000][1][safepoint    ] Entering safepoint region: RevokeBias
[2019-12-09T07:01:55.957+0000][1][safepoint    ] Leaving safepoint region
[2019-12-09T07:01:55.957+0000][1][safepoint    ] Total time for which application threads were stopped: 0.0141242 seconds, Stopping threads took: 0.0139840 seconds
[2019-12-09T07:01:55.984+0000][1][safepoint    ] Application time: 0.0271769 seconds
[2019-12-09T07:01:55.984+0000][1][safepoint    ] Entering safepoint region: RevokeBias
[2019-12-09T07:01:55.984+0000][1][safepoint    ] Leaving safepoint region
[2019-12-09T07:01:55.984+0000][1][safepoint    ] Total time for which application threads were stopped: 0.0000892 seconds, Stopping threads took: 0.0000180 seconds
[2019-12-09T07:01:56.057+0000][1][safepoint    ] Application time: 0.0726661 seconds
[2019-12-09T07:01:56.057+0000][1][safepoint    ] Entering safepoint region: RevokeBias
[2019-12-09T07:01:56.057+0000][1][safepoint    ] Leaving safepoint region
[2019-12-09T07:01:56.057+0000][1][safepoint    ] Total time for which application threads were stopped: 0.0000979 seconds, Stopping threads took: 0.0000190 seconds
[2019-12-09T07:01:56.414+0000][1][safepoint    ] Application time: 0.3564815 seconds
[2019-12-09T07:01:56.422+0000][1][safepoint    ] Entering safepoint region: RevokeBias
[2019-12-09T07:01:56.422+0000][1][safepoint    ] Leaving safepoint region
[2019-12-09T07:01:56.422+0000][1][safepoint    ] Total time for which application threads were stopped: 0.0083322 seconds, Stopping threads took: 0.0081760 seconds
[2019-12-09T07:01:56.429+0000][1][safepoint    ] Application time: 0.0073203 seconds
[2019-12-09T07:01:56.429+0000][1][safepoint    ] Entering safepoint region: RevokeBias
[2019-12-09T07:01:56.429+0000][1][safepoint    ] Leaving safepoint region
[2019-12-09T07:01:56.429+0000][1][safepoint    ] Total time for which application threads were stopped: 0.0000972 seconds, Stopping threads took: 0.0000167 seconds
[2019-12-09T07:01:56.430+0000][1][safepoint    ] Application time: 0.0001534 seconds
[2019-12-09T07:01:56.430+0000][1][safepoint    ] Entering safepoint region: RevokeBias
[2019-12-09T07:01:56.430+0000][1][safepoint    ] Leaving safepoint region
[2019-12-09T07:01:56.430+0000][1][safepoint    ] Total time for which application threads were stopped: 0.0000757 seconds, Stopping threads took: 0.0000123 seconds
[2019-12-09T07:01:56.445+0000][1][safepoint    ] Application time: 0.0151063 seconds
[2019-12-09T07:01:56.445+0000][1][safepoint    ] Entering safepoint region: RevokeBias
[2019-12-09T07:01:56.445+0000][1][safepoint    ] Leaving safepoint region
[2019-12-09T07:01:56.445+0000][1][safepoint    ] Total time for which application threads were stopped: 0.0001763 seconds, Stopping threads took: 0.0000151 seconds
[2019-12-09T07:01:56.445+0000][1][safepoint    ] Application time: 0.0004947 seconds
[2019-12-09T07:01:56.445+0000][1][safepoint    ] Entering safepoint region: RevokeBias
[2019-12-09T07:01:56.446+0000][1][safepoint    ] Leaving safepoint region
[2019-12-09T07:01:56.446+0000][1][safepoint    ] Total time for which application threads were stopped: 0.0001049 seconds, Stopping threads took: 0.0000136 seconds
[2019-12-09T07:01:56.446+0000][1][safepoint    ] Application time: 0.0006358 seconds
[2019-12-09T07:01:56.446+0000][1][safepoint    ] Entering safepoint region: RevokeBias
[2019-12-09T07:01:56.446+0000][1][safepoint    ] Leaving safepoint region
[2019-12-09T07:01:56.446+0000][1][safepoint    ] Total time for which application threads were stopped: 0.0000794 seconds, Stopping threads took: 0.0000129 seconds
[2019-12-09T07:01:56.474+0000][1][safepoint    ] Application time: 0.0274753 seconds
[2019-12-09T07:01:56.474+0000][1][safepoint    ] Entering safepoint region: RevokeBias
[2019-12-09T07:01:56.474+0000][1][safepoint    ] Leaving safepoint region
[2019-12-09T07:01:56.474+0000][1][safepoint    ] Total time for which application threads were stopped: 0.0001152 seconds, Stopping threads took: 0.0000194 seconds
[2019-12-09T07:01:56.480+0000][1][safepoint    ] Application time: 0.0058276 seconds
[2019-12-09T07:01:56.536+0000][1][safepoint    ] Entering safepoint region: BulkRevokeBias
[2019-12-09T07:01:56.537+0000][1][safepoint    ] Leaving safepoint region
[2019-12-09T07:01:56.537+0000][1][safepoint    ] Total time for which application threads were stopped: 0.0572014 seconds, Stopping threads took: 0.0561471 seconds
[2019-12-09T07:01:56.537+0000][1][safepoint    ] Application time: 0.0001370 seconds
[2019-12-09T07:01:56.537+0000][1][safepoint    ] Entering safepoint region: RevokeBias
[2019-12-09T07:01:56.537+0000][1][safepoint    ] Leaving safepoint region
[2019-12-09T07:01:56.537+0000][1][safepoint    ] Total time for which application threads were stopped: 0.0000790 seconds, Stopping threads took: 0.0000130 seconds
[2019-12-09T07:01:56.550+0000][1][safepoint    ] Application time: 0.0123871 seconds
[2019-12-09T07:01:56.563+0000][1][safepoint    ] Entering safepoint region: RevokeBias
[2019-12-09T07:01:56.563+0000][1][safepoint    ] Leaving safepoint region
[2019-12-09T07:01:56.563+0000][1][safepoint    ] Total time for which application threads were stopped: 0.0137753 seconds, Stopping threads took: 0.0132390 seconds
[2019-12-09T07:01:56.656+0000][1][safepoint    ] Application time: 0.0926510 seconds
[2019-12-09T07:01:56.656+0000][1][safepoint    ] Entering safepoint region: RevokeBias
[2019-12-09T07:01:56.656+0000][1][safepoint    ] Leaving safepoint region
[2019-12-09T07:01:56.656+0000][1][safepoint    ] Total time for which application threads were stopped: 0.0001016 seconds, Stopping threads took: 0.0000194 seconds
[2019-12-09T07:01:56.673+0000][1][safepoint    ] Application time: 0.0165998 seconds
[2019-12-09T07:01:56.673+0000][1][safepoint    ] Entering safepoint region: RevokeBias
[2019-12-09T07:01:56.673+0000][1][safepoint    ] Leaving safepoint region
[2019-12-09T07:01:56.673+0000][1][safepoint    ] Total time for which application threads were stopped: 0.0001070 seconds, Stopping threads took: 0.0000193 seconds
[2019-12-09T07:01:56.763+0000][1][safepoint    ] Application time: 0.0898322 seconds
[2019-12-09T07:01:56.763+0000][1][safepoint    ] Entering safepoint region: RevokeBias
[2019-12-09T07:01:56.763+0000][1][safepoint    ] Leaving safepoint region
[2019-12-09T07:01:56.763+0000][1][safepoint    ] Total time for which application threads were stopped: 0.0001029 seconds, Stopping threads took: 0.0000171 seconds
[2019-12-09T07:01:56.766+0000][1][safepoint    ] Application time: 0.0029026 seconds
[2019-12-09T07:01:56.766+0000][1][safepoint    ] Entering safepoint region: RevokeBias
[2019-12-09T07:01:56.766+0000][1][safepoint    ] Leaving safepoint region
[2019-12-09T07:01:56.766+0000][1][safepoint    ] Total time for which application threads were stopped: 0.0000774 seconds, Stopping threads took: 0.0000139 seconds
[2019-12-09T07:01:56.771+0000][1][safepoint    ] Application time: 0.0051013 seconds
[2019-12-09T07:01:56.771+0000][1][safepoint    ] Entering safepoint region: RevokeBias
[2019-12-09T07:01:56.771+0000][1][safepoint    ] Leaving safepoint region
[2019-12-09T07:01:56.771+0000][1][safepoint    ] Total time for which application threads were stopped: 0.0000873 seconds, Stopping threads took: 0.0000143 seconds
[2019-12-09T07:01:56.771+0000][1][safepoint    ] Application time: 0.0002420 seconds
[2019-12-09T07:01:56.771+0000][1][safepoint    ] Entering safepoint region: RevokeBias
[2019-12-09T07:01:56.772+0000][1][safepoint    ] Leaving safepoint region
[2019-12-09T07:01:56.772+0000][1][safepoint    ] Total time for which application threads were stopped: 0.0000775 seconds, Stopping threads took: 0.0000117 seconds
[2019-12-09T07:01:56.772+0000][1][safepoint    ] Application time: 0.0000445 seconds
[2019-12-09T07:01:56.772+0000][1][safepoint    ] Entering safepoint region: RevokeBias
[2019-12-09T07:01:56.772+0000][1][safepoint    ] Leaving safepoint region
[2019-12-09T07:01:56.772+0000][1][safepoint    ] Total time for which application threads were stopped: 0.0000562 seconds, Stopping threads took: 0.0000085 seconds
[2019-12-09T07:01:56.772+0000][1][safepoint    ] Application time: 0.0001910 seconds
[2019-12-09T07:01:56.772+0000][1][safepoint    ] Entering safepoint region: RevokeBias
[2019-12-09T07:01:56.772+0000][1][safepoint    ] Leaving safepoint region
[2019-12-09T07:01:56.772+0000][1][safepoint    ] Total time for which application threads were stopped: 0.0000764 seconds, Stopping threads took: 0.0000135 seconds
[2019-12-09T07:01:56.793+0000][1][safepoint    ] Application time: 0.0208025 seconds
[2019-12-09T07:01:56.793+0000][1][safepoint    ] Entering safepoint region: RevokeBias
[2019-12-09T07:01:56.793+0000][1][safepoint    ] Leaving safepoint region
[2019-12-09T07:01:56.793+0000][1][safepoint    ] Total time for which application threads were stopped: 0.0000938 seconds, Stopping threads took: 0.0000168 seconds
[2019-12-09T07:01:56.793+0000][1][safepoint    ] Application time: 0.0002800 seconds
[2019-12-09T07:01:56.793+0000][1][safepoint    ] Entering safepoint region: RevokeBias
[2019-12-09T07:01:56.793+0000][1][safepoint    ] Leaving safepoint region
[2019-12-09T07:01:56.793+0000][1][safepoint    ] Total time for which application threads were stopped: 0.0000788 seconds, Stopping threads took: 0.0000131 seconds
[2019-12-09T07:01:56.852+0000][1][safepoint    ] Application time: 0.0584550 seconds
[2019-12-09T07:01:56.852+0000][1][safepoint    ] Entering safepoint region: RevokeBias
[2019-12-09T07:01:56.852+0000][1][safepoint    ] Leaving safepoint region
[2019-12-09T07:01:56.852+0000][1][safepoint    ] Total time for which application threads were stopped: 0.0001311 seconds, Stopping threads took: 0.0000210 seconds
[2019-12-09T07:01:56.852+0000][1][safepoint    ] Application time: 0.0000684 seconds
[2019-12-09T07:01:56.852+0000][1][safepoint    ] Entering safepoint region: RevokeBias
[2019-12-09T07:01:56.852+0000][1][safepoint    ] Leaving safepoint region
[2019-12-09T07:01:56.852+0000][1][safepoint    ] Total time for which application threads were stopped: 0.0000866 seconds, Stopping threads took: 0.0000102 seconds
[2019-12-09T07:01:57.263+0000][1][safepoint    ] Application time: 0.4110283 seconds
[2019-12-09T07:01:57.263+0000][1][safepoint    ] Entering safepoint region: Deoptimize
[2019-12-09T07:01:57.264+0000][1][safepoint    ] Leaving safepoint region
[2019-12-09T07:01:57.264+0000][1][safepoint    ] Total time for which application threads were stopped: 0.0007711 seconds, Stopping threads took: 0.0000195 seconds
[2019-12-09T07:01:57.672+0000][1][safepoint    ] Application time: 0.4083323 seconds
[2019-12-09T07:01:57.672+0000][1][safepoint    ] Entering safepoint region: BulkRevokeBias
[2019-12-09T07:01:57.673+0000][1][safepoint    ] Leaving safepoint region
[2019-12-09T07:01:57.673+0000][1][safepoint    ] Total time for which application threads were stopped: 0.0004668 seconds, Stopping threads took: 0.0000199 seconds
[2019-12-09T07:01:57.673+0000][1][safepoint    ] Application time: 0.0000584 seconds
[2019-12-09T07:01:57.673+0000][1][safepoint    ] Entering safepoint region: BulkRevokeBias
[2019-12-09T07:01:57.673+0000][1][safepoint    ] Leaving safepoint region
[2019-12-09T07:01:57.673+0000][1][safepoint    ] Total time for which application threads were stopped: 0.0003424 seconds, Stopping threads took: 0.0000113 seconds
[2019-12-09T07:01:57.694+0000][1][safepoint    ] Application time: 0.0203833 seconds
[2019-12-09T07:01:57.694+0000][1][safepoint    ] Entering safepoint region: RevokeBias
[2019-12-09T07:01:57.694+0000][1][safepoint    ] Leaving safepoint region
[2019-12-09T07:01:57.694+0000][1][safepoint    ] Total time for which application threads were stopped: 0.0001774 seconds, Stopping threads took: 0.0000770 seconds
[2019-12-09T07:01:57.705+0000][1][safepoint    ] Application time: 0.0111764 seconds
[2019-12-09T07:01:57.705+0000][1][safepoint    ] Entering safepoint region: RevokeBias
[2019-12-09T07:01:57.705+0000][1][safepoint    ] Leaving safepoint region
[2019-12-09T07:01:57.705+0000][1][safepoint    ] Total time for which application threads were stopped: 0.0000883 seconds, Stopping threads took: 0.0000144 seconds
[2019-12-09T07:01:57.769+0000][1][safepoint    ] Application time: 0.0634935 seconds
[2019-12-09T07:01:57.769+0000][1][safepoint    ] Entering safepoint region: RevokeBias
[2019-12-09T07:01:57.769+0000][1][safepoint    ] Leaving safepoint region
[2019-12-09T07:01:57.769+0000][1][safepoint    ] Total time for which application threads were stopped: 0.0001242 seconds, Stopping threads took: 0.0000173 seconds
[2019-12-09T07:01:57.769+0000][1][safepoint    ] Application time: 0.0000590 seconds
[2019-12-09T07:01:57.769+0000][1][safepoint    ] Entering safepoint region: RevokeBias
[2019-12-09T07:01:57.769+0000][1][safepoint    ] Leaving safepoint region
[2019-12-09T07:01:57.769+0000][1][safepoint    ] Total time for which application threads were stopped: 0.0000558 seconds, Stopping threads took: 0.0000091 seconds
[2019-12-09T07:01:57.771+0000][1][safepoint    ] Application time: 0.0023080 seconds
[2019-12-09T07:01:57.771+0000][1][safepoint    ] Entering safepoint region: RevokeBias
[2019-12-09T07:01:57.771+0000][1][safepoint    ] Leaving safepoint region
[2019-12-09T07:01:57.771+0000][1][safepoint    ] Total time for which application threads were stopped: 0.0000927 seconds, Stopping threads took: 0.0000162 seconds
[2019-12-09T07:01:57.786+0000][1][safepoint    ] Application time: 0.0144727 seconds
[2019-12-09T07:01:57.786+0000][1][safepoint    ] Entering safepoint region: RevokeBias
[2019-12-09T07:01:57.786+0000][1][safepoint    ] Leaving safepoint region
[2019-12-09T07:01:57.786+0000][1][safepoint    ] Total time for which application threads were stopped: 0.0000850 seconds, Stopping threads took: 0.0000167 seconds
[2019-12-09T07:01:57.786+0000][1][safepoint    ] Application time: 0.0003063 seconds
[2019-12-09T07:01:57.786+0000][1][safepoint    ] Entering safepoint region: RevokeBias
[2019-12-09T07:01:57.786+0000][1][safepoint    ] Leaving safepoint region
[2019-12-09T07:01:57.786+0000][1][safepoint    ] Total time for which application threads were stopped: 0.0000796 seconds, Stopping threads took: 0.0000136 seconds
[2019-12-09T07:01:57.786+0000][1][safepoint    ] Application time: 0.0000400 seconds
[2019-12-09T07:01:57.786+0000][1][safepoint    ] Entering safepoint region: RevokeBias
[2019-12-09T07:01:57.786+0000][1][safepoint    ] Leaving safepoint region
[2019-12-09T07:01:57.786+0000][1][safepoint    ] Total time for which application threads were stopped: 0.0000494 seconds, Stopping threads took: 0.0000087 seconds
[2019-12-09T07:01:57.786+0000][1][safepoint    ] Application time: 0.0000363 seconds
[2019-12-09T07:01:57.786+0000][1][safepoint    ] Entering safepoint region: RevokeBias
[2019-12-09T07:01:57.786+0000][1][safepoint    ] Leaving safepoint region
[2019-12-09T07:01:57.787+0000][1][safepoint    ] Total time for which application threads were stopped: 0.0000537 seconds, Stopping threads took: 0.0000094 seconds
[2019-12-09T07:01:57.787+0000][1][safepoint    ] Application time: 0.0000376 seconds
[2019-12-09T07:01:57.787+0000][1][safepoint    ] Entering safepoint region: RevokeBias
[2019-12-09T07:01:57.787+0000][1][safepoint    ] Leaving safepoint region
[2019-12-09T07:01:57.787+0000][1][safepoint    ] Total time for which application threads were stopped: 0.0000491 seconds, Stopping threads took: 0.0000082 seconds
[2019-12-09T07:01:57.787+0000][1][safepoint    ] Application time: 0.0000360 seconds
[2019-12-09T07:01:57.787+0000][1][safepoint    ] Entering safepoint region: RevokeBias
[2019-12-09T07:01:57.787+0000][1][safepoint    ] Leaving safepoint region
[2019-12-09T07:01:57.787+0000][1][safepoint    ] Total time for which application threads were stopped: 0.0000753 seconds, Stopping threads took: 0.0000086 seconds
[2019-12-09T07:01:57.787+0000][1][safepoint    ] Application time: 0.0000372 seconds
[2019-12-09T07:01:57.787+0000][1][safepoint    ] Entering safepoint region: RevokeBias
[2019-12-09T07:01:57.787+0000][1][safepoint    ] Leaving safepoint region
[2019-12-09T07:01:57.787+0000][1][safepoint    ] Total time for which application threads were stopped: 0.0000566 seconds, Stopping threads took: 0.0000094 seconds
[2019-12-09T07:01:57.933+0000][1][safepoint    ] Application time: 0.1461432 seconds
[2019-12-09T07:01:57.933+0000][1][safepoint    ] Entering safepoint region: RevokeBias
[2019-12-09T07:01:57.933+0000][1][safepoint    ] Leaving safepoint region
[2019-12-09T07:01:57.933+0000][1][safepoint    ] Total time for which application threads were stopped: 0.0001177 seconds, Stopping threads took: 0.0000198 seconds
[2019-12-09T07:01:57.961+0000][1][safepoint    ] Application time: 0.0281664 seconds
[2019-12-09T07:01:57.992+0000][1][safepoint    ] Entering safepoint region: RevokeBias
[2019-12-09T07:01:57.992+0000][1][safepoint    ] Leaving safepoint region
[2019-12-09T07:01:57.992+0000][1][safepoint    ] Total time for which application threads were stopped: 0.0308456 seconds, Stopping threads took: 0.0307290 seconds
[2019-12-09T07:01:57.992+0000][1][safepoint    ] Application time: 0.0000862 seconds
[2019-12-09T07:01:57.992+0000][1][safepoint    ] Entering safepoint region: RevokeBias
[2019-12-09T07:01:57.992+0000][1][safepoint    ] Leaving safepoint region
[2019-12-09T07:01:57.992+0000][1][safepoint    ] Total time for which application threads were stopped: 0.0000684 seconds, Stopping threads took: 0.0000113 seconds
[2019-12-09T07:01:57.992+0000][1][safepoint    ] Application time: 0.0000361 seconds
[2019-12-09T07:01:57.992+0000][1][safepoint    ] Entering safepoint region: RevokeBias
[2019-12-09T07:01:57.992+0000][1][safepoint    ] Leaving safepoint region
[2019-12-09T07:01:57.992+0000][1][safepoint    ] Total time for which application threads were stopped: 0.0000424 seconds, Stopping threads took: 0.0000070 seconds
[2019-12-09T07:01:57.993+0000][1][safepoint    ] Application time: 0.0009465 seconds
[2019-12-09T07:01:57.993+0000][1][safepoint    ] Entering safepoint region: RevokeBias
[2019-12-09T07:01:57.994+0000][1][safepoint    ] Leaving safepoint region
[2019-12-09T07:01:57.994+0000][1][safepoint    ] Total time for which application threads were stopped: 0.0000916 seconds, Stopping threads took: 0.0000164 seconds
[2019-12-09T07:01:57.994+0000][1][safepoint    ] Application time: 0.0004033 seconds
[2019-12-09T07:01:57.994+0000][1][safepoint    ] Entering safepoint region: RevokeBias
[2019-12-09T07:01:57.994+0000][1][safepoint    ] Leaving safepoint region
[2019-12-09T07:01:57.994+0000][1][safepoint    ] Total time for which application threads were stopped: 0.0000835 seconds, Stopping threads took: 0.0000141 seconds
[2019-12-09T07:01:58.121+0000][1][safepoint    ] Application time: 0.1267908 seconds
[2019-12-09T07:01:58.121+0000][1][safepoint    ] Entering safepoint region: RevokeBias
[2019-12-09T07:01:58.121+0000][1][safepoint    ] Leaving safepoint region
[2019-12-09T07:01:58.121+0000][1][safepoint    ] Total time for which application threads were stopped: 0.0001202 seconds, Stopping threads took: 0.0000207 seconds
[2019-12-09T07:01:58.122+0000][1][safepoint    ] Application time: 0.0010582 seconds
[2019-12-09T07:01:58.122+0000][1][safepoint    ] Entering safepoint region: RevokeBias
[2019-12-09T07:01:58.122+0000][1][safepoint    ] Leaving safepoint region
[2019-12-09T07:01:58.122+0000][1][safepoint    ] Total time for which application threads were stopped: 0.0000982 seconds, Stopping threads took: 0.0000169 seconds
[2019-12-09T07:01:58.448+0000][1][safepoint    ] Application time: 0.3259881 seconds
[2019-12-09T07:01:58.448+0000][1][safepoint    ] Entering safepoint region: RevokeBias
[2019-12-09T07:01:58.448+0000][1][safepoint    ] Leaving safepoint region
[2019-12-09T07:01:58.448+0000][1][safepoint    ] Total time for which application threads were stopped: 0.0001638 seconds, Stopping threads took: 0.0000736 seconds
[2019-12-09T07:01:58.449+0000][1][safepoint    ] Application time: 0.0001357 seconds
[2019-12-09T07:01:58.449+0000][1][safepoint    ] Entering safepoint region: RevokeBias
[2019-12-09T07:01:58.449+0000][1][safepoint    ] Leaving safepoint region
[2019-12-09T07:01:58.449+0000][1][safepoint    ] Total time for which application threads were stopped: 0.0000485 seconds, Stopping threads took: 0.0000090 seconds
[2019-12-09T07:01:58.451+0000][1][safepoint    ] Application time: 0.0020934 seconds
[2019-12-09T07:01:58.451+0000][1][safepoint    ] Entering safepoint region: RevokeBias
[2019-12-09T07:01:58.451+0000][1][safepoint    ] Leaving safepoint region
[2019-12-09T07:01:58.451+0000][1][safepoint    ] Total time for which application threads were stopped: 0.0001273 seconds, Stopping threads took: 0.0000647 seconds
[2019-12-09T07:01:59.458+0000][1][safepoint    ] Application time: 1.0069527 seconds
[2019-12-09T07:01:59.469+0000][1][safepoint    ] Entering safepoint region: Cleanup
[2019-12-09T07:01:59.469+0000][1][safepoint    ] Leaving safepoint region
[2019-12-09T07:01:59.469+0000][1][safepoint    ] Total time for which application threads were stopped: 0.0110858 seconds, Stopping threads took: 0.0109928 seconds
[2019-12-09T07:02:00.471+0000][1][safepoint    ] Application time: 1.0017590 seconds
[2019-12-09T07:02:00.471+0000][1][safepoint    ] Entering safepoint region: Cleanup
[2019-12-09T07:02:00.471+0000][1][safepoint    ] Leaving safepoint region
[2019-12-09T07:02:00.471+0000][1][safepoint    ] Total time for which application threads were stopped: 0.0001294 seconds, Stopping threads took: 0.0000254 seconds
[2019-12-09T07:02:01.471+0000][1][safepoint    ] Application time: 1.0000869 seconds
[2019-12-09T07:02:01.471+0000][1][safepoint    ] Entering safepoint region: Cleanup
[2019-12-09T07:02:01.471+0000][1][safepoint    ] Leaving safepoint region
[2019-12-09T07:02:01.471+0000][1][safepoint    ] Total time for which application threads were stopped: 0.0001092 seconds, Stopping threads took: 0.0000242 seconds
[2019-12-09T07:02:02.472+0000][1][safepoint    ] Application time: 1.0005901 seconds
[2019-12-09T07:02:02.472+0000][1][safepoint    ] Entering safepoint region: Cleanup
[2019-12-09T07:02:02.472+0000][1][safepoint    ] Leaving safepoint region
[2019-12-09T07:02:02.472+0000][1][safepoint    ] Total time for which application threads were stopped: 0.0001183 seconds, Stopping threads took: 0.0000315 seconds
[2019-12-09T07:02:03.477+0000][1][safepoint    ] Application time: 1.0049433 seconds
[2019-12-09T07:02:03.477+0000][1][safepoint    ] Entering safepoint region: Cleanup
[2019-12-09T07:02:03.477+0000][1][safepoint    ] Leaving safepoint region
[2019-12-09T07:02:03.477+0000][1][safepoint    ] Total time for which application threads were stopped: 0.0001779 seconds, Stopping threads took: 0.0000874 seconds
[2019-12-09T07:02:04.480+0000][1][safepoint    ] Application time: 1.0026565 seconds
[2019-12-09T07:02:04.480+0000][1][safepoint    ] Entering safepoint region: Cleanup
[2019-12-09T07:02:04.480+0000][1][safepoint    ] Leaving safepoint region
[2019-12-09T07:02:04.480+0000][1][safepoint    ] Total time for which application threads were stopped: 0.0001001 seconds, Stopping threads took: 0.0000229 seconds
[2019-12-09T07:02:05.483+0000][1][safepoint    ] Application time: 1.0028565 seconds
[2019-12-09T07:02:05.483+0000][1][safepoint    ] Entering safepoint region: Cleanup
[2019-12-09T07:02:05.483+0000][1][safepoint    ] Leaving safepoint region
[2019-12-09T07:02:05.483+0000][1][safepoint    ] Total time for which application threads were stopped: 0.0001105 seconds, Stopping threads took: 0.0000242 seconds
[2019-12-09T07:02:06.485+0000][1][safepoint    ] Application time: 1.0018330 seconds
[2019-12-09T07:02:06.485+0000][1][safepoint    ] Entering safepoint region: Cleanup
[2019-12-09T07:02:06.485+0000][1][safepoint    ] Leaving safepoint region
[2019-12-09T07:02:06.485+0000][1][safepoint    ] Total time for which application threads were stopped: 0.0000944 seconds, Stopping threads took: 0.0000218 seconds
[2019-12-09T07:02:07.488+0000][1][safepoint    ] Application time: 1.0031967 seconds
[2019-12-09T07:02:07.488+0000][1][safepoint    ] Entering safepoint region: Cleanup
[2019-12-09T07:02:07.488+0000][1][safepoint    ] Leaving safepoint region
[2019-12-09T07:02:07.488+0000][1][safepoint    ] Total time for which application threads were stopped: 0.0001163 seconds, Stopping threads took: 0.0000247 seconds
[2019-12-09T07:02:08.490+0000][1][safepoint    ] Application time: 1.0014998 seconds
[2019-12-09T07:02:08.490+0000][1][safepoint    ] Entering safepoint region: Cleanup
[2019-12-09T07:02:08.490+0000][1][safepoint    ] Leaving safepoint region
[2019-12-09T07:02:08.490+0000][1][safepoint    ] Total time for which application threads were stopped: 0.0001145 seconds, Stopping threads took: 0.0000264 seconds
[2019-12-09T07:02:09.491+0000][1][safepoint    ] Application time: 1.0008159 seconds
[2019-12-09T07:02:09.491+0000][1][safepoint    ] Entering safepoint region: Cleanup
[2019-12-09T07:02:09.491+0000][1][safepoint    ] Leaving safepoint region
[2019-12-09T07:02:09.491+0000][1][safepoint    ] Total time for which application threads were stopped: 0.0001064 seconds, Stopping threads took: 0.0000233 seconds
[2019-12-09T07:02:10.497+0000][1][safepoint    ] Application time: 1.0058723 seconds
[2019-12-09T07:02:10.497+0000][1][safepoint    ] Entering safepoint region: Cleanup
[2019-12-09T07:02:10.497+0000][1][safepoint    ] Leaving safepoint region
[2019-12-09T07:02:10.497+0000][1][safepoint    ] Total time for which application threads were stopped: 0.0001217 seconds, Stopping threads took: 0.0000269 seconds
[2019-12-09T07:02:11.498+0000][1][safepoint    ] Application time: 1.0008531 seconds
[2019-12-09T07:02:11.498+0000][1][safepoint    ] Entering safepoint region: Cleanup
[2019-12-09T07:02:11.498+0000][1][safepoint    ] Leaving safepoint region
[2019-12-09T07:02:11.498+0000][1][safepoint    ] Total time for which application threads were stopped: 0.0001213 seconds, Stopping threads took: 0.0000257 seconds
[2019-12-09T07:02:12.503+0000][1][safepoint    ] Application time: 1.0048111 seconds
[2019-12-09T07:02:12.503+0000][1][safepoint    ] Entering safepoint region: Cleanup
[2019-12-09T07:02:12.503+0000][1][safepoint    ] Leaving safepoint region
[2019-12-09T07:02:12.503+0000][1][safepoint    ] Total time for which application threads were stopped: 0.0001340 seconds, Stopping threads took: 0.0000243 seconds
[2019-12-09T07:02:13.504+0000][1][safepoint    ] Application time: 1.0007720 seconds
[2019-12-09T07:02:13.504+0000][1][safepoint    ] Entering safepoint region: Cleanup
[2019-12-09T07:02:13.504+0000][1][safepoint    ] Leaving safepoint region
[2019-12-09T07:02:13.504+0000][1][safepoint    ] Total time for which application threads were stopped: 0.0001072 seconds, Stopping threads took: 0.0000219 seconds
[2019-12-09T07:02:14.505+0000][1][safepoint    ] Application time: 1.0007777 seconds
[2019-12-09T07:02:14.505+0000][1][safepoint    ] Entering safepoint region: Cleanup
[2019-12-09T07:02:14.505+0000][1][safepoint    ] Leaving safepoint region
[2019-12-09T07:02:14.505+0000][1][safepoint    ] Total time for which application threads were stopped: 0.0001395 seconds, Stopping threads took: 0.0000475 seconds
[2019-12-09T07:02:15.505+0000][1][safepoint    ] Application time: 1.0004655 seconds
[2019-12-09T07:02:15.505+0000][1][safepoint    ] Entering safepoint region: Cleanup
[2019-12-09T07:02:15.505+0000][1][safepoint    ] Leaving safepoint region
[2019-12-09T07:02:15.505+0000][1][safepoint    ] Total time for which application threads were stopped: 0.0001106 seconds, Stopping threads took: 0.0000239 seconds
[2019-12-09T07:02:16.507+0000][1][safepoint    ] Application time: 1.0012552 seconds
[2019-12-09T07:02:16.507+0000][1][safepoint    ] Entering safepoint region: Cleanup
[2019-12-09T07:02:16.507+0000][1][safepoint    ] Leaving safepoint region
[2019-12-09T07:02:16.507+0000][1][safepoint    ] Total time for which application threads were stopped: 0.0001185 seconds, Stopping threads took: 0.0000252 seconds
[2019-12-09T07:02:17.508+0000][1][safepoint    ] Application time: 1.0008393 seconds
[2019-12-09T07:02:17.508+0000][1][safepoint    ] Entering safepoint region: Cleanup
[2019-12-09T07:02:17.508+0000][1][safepoint    ] Leaving safepoint region
[2019-12-09T07:02:17.508+0000][1][safepoint    ] Total time for which application threads were stopped: 0.0001121 seconds, Stopping threads took: 0.0000236 seconds
[2019-12-09T07:02:18.509+0000][1][safepoint    ] Application time: 1.0008420 seconds
[2019-12-09T07:02:18.509+0000][1][safepoint    ] Entering safepoint region: Cleanup
[2019-12-09T07:02:18.509+0000][1][safepoint    ] Leaving safepoint region
[2019-12-09T07:02:18.509+0000][1][safepoint    ] Total time for which application threads were stopped: 0.0001086 seconds, Stopping threads took: 0.0000251 seconds
[2019-12-09T07:02:19.516+0000][1][safepoint    ] Application time: 1.0068631 seconds
[2019-12-09T07:02:19.516+0000][1][safepoint    ] Entering safepoint region: Cleanup
[2019-12-09T07:02:19.516+0000][1][safepoint    ] Leaving safepoint region
[2019-12-09T07:02:19.516+0000][1][safepoint    ] Total time for which application threads were stopped: 0.0001229 seconds, Stopping threads took: 0.0000262 seconds
[2019-12-09T07:02:20.520+0000][1][safepoint    ] Application time: 1.0038297 seconds
[2019-12-09T07:02:20.520+0000][1][safepoint    ] Entering safepoint region: Cleanup
[2019-12-09T07:02:20.520+0000][1][safepoint    ] Leaving safepoint region
[2019-12-09T07:02:20.520+0000][1][safepoint    ] Total time for which application threads were stopped: 0.0001096 seconds, Stopping threads took: 0.0000239 seconds
[2019-12-09T07:02:21.522+0000][1][safepoint    ] Application time: 1.0018385 seconds
[2019-12-09T07:02:21.522+0000][1][safepoint    ] Entering safepoint region: Cleanup
[2019-12-09T07:02:21.522+0000][1][safepoint    ] Leaving safepoint region
[2019-12-09T07:02:21.522+0000][1][safepoint    ] Total time for which application threads were stopped: 0.0001199 seconds, Stopping threads took: 0.0000240 seconds
[2019-12-09T07:02:22.524+0000][1][safepoint    ] Application time: 1.0018269 seconds
[2019-12-09T07:02:22.524+0000][1][safepoint    ] Entering safepoint region: Cleanup
[2019-12-09T07:02:22.524+0000][1][safepoint    ] Leaving safepoint region
[2019-12-09T07:02:22.524+0000][1][safepoint    ] Total time for which application threads were stopped: 0.0001390 seconds, Stopping threads took: 0.0000270 seconds
[2019-12-09T07:02:23.529+0000][1][safepoint    ] Application time: 1.0048237 seconds
[2019-12-09T07:02:23.529+0000][1][safepoint    ] Entering safepoint region: Cleanup
[2019-12-09T07:02:23.529+0000][1][safepoint    ] Leaving safepoint region
[2019-12-09T07:02:23.529+0000][1][safepoint    ] Total time for which application threads were stopped: 0.0001144 seconds, Stopping threads took: 0.0000257 seconds
[2019-12-09T07:02:24.530+0000][1][safepoint    ] Application time: 1.0008194 seconds
[2019-12-09T07:02:24.530+0000][1][safepoint    ] Entering safepoint region: Cleanup
[2019-12-09T07:02:24.530+0000][1][safepoint    ] Leaving safepoint region
[2019-12-09T07:02:24.530+0000][1][safepoint    ] Total time for which application threads were stopped: 0.0001221 seconds, Stopping threads took: 0.0000261 seconds
[2019-12-09T07:02:25.530+0000][1][safepoint    ] Application time: 1.0000877 seconds
[2019-12-09T07:02:25.530+0000][1][safepoint    ] Entering safepoint region: Cleanup
[2019-12-09T07:02:25.530+0000][1][safepoint    ] Leaving safepoint region
[2019-12-09T07:02:25.530+0000][1][safepoint    ] Total time for which application threads were stopped: 0.0001070 seconds, Stopping threads took: 0.0000238 seconds
[2019-12-09T07:02:26.531+0000][1][safepoint    ] Application time: 1.0005702 seconds
[2019-12-09T07:02:26.531+0000][1][safepoint    ] Entering safepoint region: Cleanup
[2019-12-09T07:02:26.531+0000][1][safepoint    ] Leaving safepoint region
[2019-12-09T07:02:26.531+0000][1][safepoint    ] Total time for which application threads were stopped: 0.0001298 seconds, Stopping threads took: 0.0000256 seconds
[2019-12-09T07:02:27.532+0000][1][safepoint    ] Application time: 1.0008401 seconds
[2019-12-09T07:02:27.532+0000][1][safepoint    ] Entering safepoint region: Cleanup
[2019-12-09T07:02:27.532+0000][1][safepoint    ] Leaving safepoint region
[2019-12-09T07:02:27.532+0000][1][safepoint    ] Total time for which application threads were stopped: 0.0001169 seconds, Stopping threads took: 0.0000245 seconds
[2019-12-09T07:02:28.533+0000][1][safepoint    ] Application time: 1.0008170 seconds
[2019-12-09T07:02:28.533+0000][1][safepoint    ] Entering safepoint region: Cleanup
[2019-12-09T07:02:28.533+0000][1][safepoint    ] Leaving safepoint region
[2019-12-09T07:02:28.533+0000][1][safepoint    ] Total time for which application threads were stopped: 0.0001449 seconds, Stopping threads took: 0.0000296 seconds
[2019-12-09T07:02:28.645+0000][1][safepoint    ] Application time: 0.1117795 seconds
[2019-12-09T07:02:28.645+0000][1][safepoint    ] Entering safepoint region: GenCollectForAllocation
[2019-12-09T07:02:28.645+0000][1][gc,start     ] GC(23) Pause Young (Allocation Failure)
[2019-12-09T07:02:28.645+0000][1][gc,task      ] GC(23) Using 2 workers of 2 for evacuation
[2019-12-09T07:02:28.688+0000][1][gc,age       ] GC(23) Desired survivor size 4456448 bytes, new threshold 2 (max threshold 6)
[2019-12-09T07:02:28.688+0000][1][gc,age       ] GC(23) Age table with threshold 2 (max threshold 6)
[2019-12-09T07:02:28.688+0000][1][gc,age       ] GC(23) - age   1:    1600504 bytes,    1600504 total
[2019-12-09T07:02:28.688+0000][1][gc,age       ] GC(23) - age   2:    3430304 bytes,    5030808 total
[2019-12-09T07:02:28.688+0000][1][gc,heap      ] GC(23) ParNew: 77304K->6757K(78656K)
[2019-12-09T07:02:28.688+0000][1][gc,heap      ] GC(23) CMS: 62773K->64420K(174784K)
[2019-12-09T07:02:28.688+0000][1][gc,metaspace ] GC(23) Metaspace: 67738K->67738K(1110016K)
[2019-12-09T07:02:28.688+0000][1][gc           ] GC(23) Pause Young (Allocation Failure) 136M->69M(247M) 43.465ms
[2019-12-09T07:02:28.688+0000][1][gc,cpu       ] GC(23) User=0.03s Sys=0.00s Real=0.04s
[2019-12-09T07:02:28.688+0000][1][safepoint    ] Leaving safepoint region
[2019-12-09T07:02:28.688+0000][1][safepoint    ] Total time for which application threads were stopped: 0.0436798 seconds, Stopping threads took: 0.0000219 seconds
[2019-12-09T07:02:29.689+0000][1][safepoint    ] Application time: 1.0000930 seconds
[2019-12-09T07:02:29.689+0000][1][safepoint    ] Entering safepoint region: Cleanup
[2019-12-09T07:02:29.689+0000][1][safepoint    ] Leaving safepoint region
[2019-12-09T07:02:29.689+0000][1][safepoint    ] Total time for which application threads were stopped: 0.0001206 seconds, Stopping threads took: 0.0000233 seconds
[2019-12-09T07:02:30.689+0000][1][safepoint    ] Application time: 1.0000782 seconds
[2019-12-09T07:02:30.689+0000][1][safepoint    ] Entering safepoint region: Cleanup
[2019-12-09T07:02:30.689+0000][1][safepoint    ] Leaving safepoint region
[2019-12-09T07:02:30.689+0000][1][safepoint    ] Total time for which application threads were stopped: 0.0000866 seconds, Stopping threads took: 0.0000185 seconds
[2019-12-09T07:02:31.689+0000][1][safepoint    ] Application time: 1.0000834 seconds
[2019-12-09T07:02:31.689+0000][1][safepoint    ] Entering safepoint region: Cleanup
[2019-12-09T07:02:31.689+0000][1][safepoint    ] Leaving safepoint region
[2019-12-09T07:02:31.689+0000][1][safepoint    ] Total time for which application threads were stopped: 0.0001158 seconds, Stopping threads took: 0.0000230 seconds
[2019-12-09T07:02:32.689+0000][1][safepoint    ] Application time: 1.0000787 seconds
[2019-12-09T07:02:32.689+0000][1][safepoint    ] Entering safepoint region: Cleanup
[2019-12-09T07:02:32.689+0000][1][safepoint    ] Leaving safepoint region
[2019-12-09T07:02:32.689+0000][1][safepoint    ] Total time for which application threads were stopped: 0.0000884 seconds, Stopping threads took: 0.0000189 seconds
[2019-12-09T07:02:33.690+0000][1][safepoint    ] Application time: 1.0004716 seconds
[2019-12-09T07:02:33.690+0000][1][safepoint    ] Entering safepoint region: Cleanup
[2019-12-09T07:02:33.690+0000][1][safepoint    ] Leaving safepoint region
[2019-12-09T07:02:33.690+0000][1][safepoint    ] Total time for which application threads were stopped: 0.0001293 seconds, Stopping threads took: 0.0000564 seconds
[2019-12-09T07:02:34.690+0000][1][safepoint    ] Application time: 1.0000836 seconds
[2019-12-09T07:02:34.690+0000][1][safepoint    ] Entering safepoint region: Cleanup
[2019-12-09T07:02:34.690+0000][1][safepoint    ] Leaving safepoint region
[2019-12-09T07:02:34.690+0000][1][safepoint    ] Total time for which application threads were stopped: 0.0000839 seconds, Stopping threads took: 0.0000172 seconds
[2019-12-09T07:02:35.690+0000][1][safepoint    ] Application time: 1.0000752 seconds
[2019-12-09T07:02:35.690+0000][1][safepoint    ] Entering safepoint region: Cleanup
[2019-12-09T07:02:35.690+0000][1][safepoint    ] Leaving safepoint region
[2019-12-09T07:02:35.690+0000][1][safepoint    ] Total time for which application threads were stopped: 0.0000829 seconds, Stopping threads took: 0.0000186 seconds
[2019-12-09T07:02:36.690+0000][1][safepoint    ] Application time: 1.0000781 seconds
[2019-12-09T07:02:36.691+0000][1][safepoint    ] Entering safepoint region: Cleanup
[2019-12-09T07:02:36.691+0000][1][safepoint    ] Leaving safepoint region
[2019-12-09T07:02:36.691+0000][1][safepoint    ] Total time for which application threads were stopped: 0.0000931 seconds, Stopping threads took: 0.0000181 seconds
[2019-12-09T07:02:37.691+0000][1][safepoint    ] Application time: 1.0000754 seconds
[2019-12-09T07:02:37.691+0000][1][safepoint    ] Entering safepoint region: Cleanup
[2019-12-09T07:02:37.691+0000][1][safepoint    ] Leaving safepoint region
[2019-12-09T07:02:37.691+0000][1][safepoint    ] Total time for which application threads were stopped: 0.0000806 seconds, Stopping threads took: 0.0000151 seconds
[2019-12-09T07:02:38.694+0000][1][safepoint    ] Application time: 1.0029126 seconds
[2019-12-09T07:02:38.694+0000][1][safepoint    ] Entering safepoint region: Cleanup
[2019-12-09T07:02:38.694+0000][1][safepoint    ] Leaving safepoint region
[2019-12-09T07:02:38.694+0000][1][safepoint    ] Total time for which application threads were stopped: 0.0001415 seconds, Stopping threads took: 0.0000246 seconds
[2019-12-09T07:02:39.694+0000][1][safepoint    ] Application time: 1.0000733 seconds
[2019-12-09T07:02:39.694+0000][1][safepoint    ] Entering safepoint region: Cleanup
[2019-12-09T07:02:39.694+0000][1][safepoint    ] Leaving safepoint region
[2019-12-09T07:02:39.694+0000][1][safepoint    ] Total time for which application threads were stopped: 0.0000794 seconds, Stopping threads took: 0.0000159 seconds
[2019-12-09T07:02:40.694+0000][1][safepoint    ] Application time: 1.0000764 seconds
[2019-12-09T07:02:40.694+0000][1][safepoint    ] Entering safepoint region: Cleanup
[2019-12-09T07:02:40.694+0000][1][safepoint    ] Leaving safepoint region
[2019-12-09T07:02:40.694+0000][1][safepoint    ] Total time for which application threads were stopped: 0.0000824 seconds, Stopping threads took: 0.0000199 seconds
[2019-12-09T07:02:41.694+0000][1][safepoint    ] Application time: 1.0000753 seconds
[2019-12-09T07:02:41.694+0000][1][safepoint    ] Entering safepoint region: Cleanup
[2019-12-09T07:02:41.694+0000][1][safepoint    ] Leaving safepoint region
[2019-12-09T07:02:41.694+0000][1][safepoint    ] Total time for which application threads were stopped: 0.0000830 seconds, Stopping threads took: 0.0000170 seconds
[2019-12-09T07:02:42.695+0000][1][safepoint    ] Application time: 1.0000759 seconds
[2019-12-09T07:02:42.695+0000][1][safepoint    ] Entering safepoint region: Cleanup
[2019-12-09T07:02:42.695+0000][1][safepoint    ] Leaving safepoint region
[2019-12-09T07:02:42.695+0000][1][safepoint    ] Total time for which application threads were stopped: 0.0000842 seconds, Stopping threads took: 0.0000168 seconds
[2019-12-09T07:02:43.695+0000][1][safepoint    ] Application time: 1.0000770 seconds
[2019-12-09T07:02:43.695+0000][1][safepoint    ] Entering safepoint region: Cleanup
[2019-12-09T07:02:43.695+0000][1][safepoint    ] Leaving safepoint region
[2019-12-09T07:02:43.695+0000][1][safepoint    ] Total time for which application threads were stopped: 0.0000998 seconds, Stopping threads took: 0.0000248 seconds
[2019-12-09T07:02:44.695+0000][1][safepoint    ] Application time: 1.0000784 seconds
[2019-12-09T07:02:44.695+0000][1][safepoint    ] Entering safepoint region: Cleanup
[2019-12-09T07:02:44.695+0000][1][safepoint    ] Leaving safepoint region
[2019-12-09T07:02:44.695+0000][1][safepoint    ] Total time for which application threads were stopped: 0.0000893 seconds, Stopping threads took: 0.0000175 seconds
[2019-12-09T07:02:45.695+0000][1][safepoint    ] Application time: 1.0000767 seconds
[2019-12-09T07:02:45.695+0000][1][safepoint    ] Entering safepoint region: Cleanup
[2019-12-09T07:02:45.695+0000][1][safepoint    ] Leaving safepoint region
[2019-12-09T07:02:45.695+0000][1][safepoint    ] Total time for which application threads were stopped: 0.0001174 seconds, Stopping threads took: 0.0000300 seconds
[2019-12-09T07:02:46.695+0000][1][safepoint    ] Application time: 1.0000771 seconds
[2019-12-09T07:02:46.695+0000][1][safepoint    ] Entering safepoint region: Cleanup
[2019-12-09T07:02:46.696+0000][1][safepoint    ] Leaving safepoint region
[2019-12-09T07:02:46.696+0000][1][safepoint    ] Total time for which application threads were stopped: 0.0000891 seconds, Stopping threads took: 0.0000189 seconds
[2019-12-09T07:02:47.696+0000][1][safepoint    ] Application time: 1.0000766 seconds
[2019-12-09T07:02:47.696+0000][1][safepoint    ] Entering safepoint region: Cleanup
[2019-12-09T07:02:47.696+0000][1][safepoint    ] Leaving safepoint region
[2019-12-09T07:02:47.696+0000][1][safepoint    ] Total time for which application threads were stopped: 0.0000970 seconds, Stopping threads took: 0.0000315 seconds
[2019-12-09T07:02:48.696+0000][1][safepoint    ] Application time: 1.0000771 seconds
[2019-12-09T07:02:48.696+0000][1][safepoint    ] Entering safepoint region: Cleanup
[2019-12-09T07:02:48.696+0000][1][safepoint    ] Leaving safepoint region
[2019-12-09T07:02:48.696+0000][1][safepoint    ] Total time for which application threads were stopped: 0.0000909 seconds, Stopping threads took: 0.0000187 seconds
[2019-12-09T07:02:49.696+0000][1][safepoint    ] Application time: 1.0000751 seconds
[2019-12-09T07:02:49.696+0000][1][safepoint    ] Entering safepoint region: Cleanup
[2019-12-09T07:02:49.696+0000][1][safepoint    ] Leaving safepoint region
[2019-12-09T07:02:49.696+0000][1][safepoint    ] Total time for which application threads were stopped: 0.0000847 seconds, Stopping threads took: 0.0000169 seconds
[2019-12-09T07:02:50.696+0000][1][safepoint    ] Application time: 1.0000760 seconds
[2019-12-09T07:02:50.696+0000][1][safepoint    ] Entering safepoint region: Cleanup
[2019-12-09T07:02:50.696+0000][1][safepoint    ] Leaving safepoint region
[2019-12-09T07:02:50.696+0000][1][safepoint    ] Total time for which application threads were stopped: 0.0000885 seconds, Stopping threads took: 0.0000242 seconds
[2019-12-09T07:02:51.696+0000][1][safepoint    ] Application time: 1.0000759 seconds
[2019-12-09T07:02:51.696+0000][1][safepoint    ] Entering safepoint region: Cleanup
[2019-12-09T07:02:51.697+0000][1][safepoint    ] Leaving safepoint region
[2019-12-09T07:02:51.697+0000][1][safepoint    ] Total time for which application threads were stopped: 0.0000858 seconds, Stopping threads took: 0.0000155 seconds
[2019-12-09T07:02:52.697+0000][1][safepoint    ] Application time: 1.0000768 seconds
[2019-12-09T07:02:52.697+0000][1][safepoint    ] Entering safepoint region: Cleanup
[2019-12-09T07:02:52.697+0000][1][safepoint    ] Leaving safepoint region
[2019-12-09T07:02:52.697+0000][1][safepoint    ] Total time for which application threads were stopped: 0.0001016 seconds, Stopping threads took: 0.0000265 seconds
[2019-12-09T07:02:53.697+0000][1][safepoint    ] Application time: 1.0000760 seconds
[2019-12-09T07:02:53.697+0000][1][safepoint    ] Entering safepoint region: Cleanup
[2019-12-09T07:02:53.697+0000][1][safepoint    ] Leaving safepoint region
[2019-12-09T07:02:53.697+0000][1][safepoint    ] Total time for which application threads were stopped: 0.0000904 seconds, Stopping threads took: 0.0000194 seconds
[2019-12-09T07:02:54.697+0000][1][safepoint    ] Application time: 1.0000749 seconds
[2019-12-09T07:02:54.697+0000][1][safepoint    ] Entering safepoint region: Cleanup
[2019-12-09T07:02:54.697+0000][1][safepoint    ] Leaving safepoint region
[2019-12-09T07:02:54.697+0000][1][safepoint    ] Total time for which application threads were stopped: 0.0000810 seconds, Stopping threads took: 0.0000182 seconds
[2019-12-09T07:02:55.697+0000][1][safepoint    ] Application time: 1.0000771 seconds
[2019-12-09T07:02:55.697+0000][1][safepoint    ] Entering safepoint region: Cleanup
[2019-12-09T07:02:55.697+0000][1][safepoint    ] Leaving safepoint region
[2019-12-09T07:02:55.697+0000][1][safepoint    ] Total time for which application threads were stopped: 0.0000874 seconds, Stopping threads took: 0.0000179 seconds
[2019-12-09T07:02:56.698+0000][1][safepoint    ] Application time: 1.0000768 seconds
[2019-12-09T07:02:56.698+0000][1][safepoint    ] Entering safepoint region: Cleanup
[2019-12-09T07:02:56.698+0000][1][safepoint    ] Leaving safepoint region
[2019-12-09T07:02:56.698+0000][1][safepoint    ] Total time for which application threads were stopped: 0.0000876 seconds, Stopping threads took: 0.0000186 seconds
[2019-12-09T07:02:57.698+0000][1][safepoint    ] Application time: 1.0000775 seconds
[2019-12-09T07:02:57.698+0000][1][safepoint    ] Entering safepoint region: Cleanup
[2019-12-09T07:02:57.698+0000][1][safepoint    ] Leaving safepoint region
[2019-12-09T07:02:57.698+0000][1][safepoint    ] Total time for which application threads were stopped: 0.0000816 seconds, Stopping threads took: 0.0000170 seconds
[2019-12-09T07:02:58.698+0000][1][safepoint    ] Application time: 1.0000730 seconds
[2019-12-09T07:02:58.698+0000][1][safepoint    ] Entering safepoint region: Cleanup
[2019-12-09T07:02:58.698+0000][1][safepoint    ] Leaving safepoint region
[2019-12-09T07:02:58.698+0000][1][safepoint    ] Total time for which application threads were stopped: 0.0000752 seconds, Stopping threads took: 0.0000170 seconds
[2019-12-09T07:02:59.698+0000][1][safepoint    ] Application time: 1.0000779 seconds
[2019-12-09T07:02:59.698+0000][1][safepoint    ] Entering safepoint region: Cleanup
[2019-12-09T07:02:59.698+0000][1][safepoint    ] Leaving safepoint region
[2019-12-09T07:02:59.698+0000][1][safepoint    ] Total time for which application threads were stopped: 0.0000761 seconds, Stopping threads took: 0.0000159 seconds
[2019-12-09T07:03:01.698+0000][1][safepoint    ] Application time: 2.0001454 seconds
[2019-12-09T07:03:01.698+0000][1][safepoint    ] Entering safepoint region: Cleanup
[2019-12-09T07:03:01.698+0000][1][safepoint    ] Leaving safepoint region
[2019-12-09T07:03:01.698+0000][1][safepoint    ] Total time for which application threads were stopped: 0.0000873 seconds, Stopping threads took: 0.0000177 seconds
[2019-12-09T07:03:03.699+0000][1][safepoint    ] Application time: 2.0001439 seconds
[2019-12-09T07:03:03.699+0000][1][safepoint    ] Entering safepoint region: Cleanup
[2019-12-09T07:03:03.699+0000][1][safepoint    ] Leaving safepoint region
[2019-12-09T07:03:03.699+0000][1][safepoint    ] Total time for which application threads were stopped: 0.0000821 seconds, Stopping threads took: 0.0000191 seconds
[2019-12-09T07:03:04.699+0000][1][safepoint    ] Application time: 1.0000752 seconds
[2019-12-09T07:03:04.699+0000][1][safepoint    ] Entering safepoint region: Cleanup
[2019-12-09T07:03:04.699+0000][1][safepoint    ] Leaving safepoint region
[2019-12-09T07:03:04.699+0000][1][safepoint    ] Total time for which application threads were stopped: 0.0001128 seconds, Stopping threads took: 0.0000171 seconds
[2019-12-09T07:03:05.699+0000][1][safepoint    ] Application time: 1.0000772 seconds
[2019-12-09T07:03:05.699+0000][1][safepoint    ] Entering safepoint region: Cleanup
[2019-12-09T07:03:05.699+0000][1][safepoint    ] Leaving safepoint region
[2019-12-09T07:03:05.699+0000][1][safepoint    ] Total time for which application threads were stopped: 0.0000819 seconds, Stopping threads took: 0.0000170 seconds
[2019-12-09T07:03:06.699+0000][1][safepoint    ] Application time: 1.0000763 seconds
[2019-12-09T07:03:06.699+0000][1][safepoint    ] Entering safepoint region: Cleanup
[2019-12-09T07:03:06.699+0000][1][safepoint    ] Leaving safepoint region
[2019-12-09T07:03:06.699+0000][1][safepoint    ] Total time for which application threads were stopped: 0.0000830 seconds, Stopping threads took: 0.0000169 seconds
[2019-12-09T07:03:08.700+0000][1][safepoint    ] Application time: 2.0001438 seconds
[2019-12-09T07:03:08.700+0000][1][safepoint    ] Entering safepoint region: Cleanup
[2019-12-09T07:03:08.700+0000][1][safepoint    ] Leaving safepoint region
[2019-12-09T07:03:08.700+0000][1][safepoint    ] Total time for which application threads were stopped: 0.0000803 seconds, Stopping threads took: 0.0000166 seconds
[2019-12-09T07:03:11.700+0000][1][safepoint    ] Application time: 3.0002115 seconds
[2019-12-09T07:03:11.700+0000][1][safepoint    ] Entering safepoint region: Cleanup
[2019-12-09T07:03:11.700+0000][1][safepoint    ] Leaving safepoint region
[2019-12-09T07:03:11.700+0000][1][safepoint    ] Total time for which application threads were stopped: 0.0000820 seconds, Stopping threads took: 0.0000172 seconds
[2019-12-09T07:03:13.700+0000][1][safepoint    ] Application time: 2.0001452 seconds
[2019-12-09T07:03:13.700+0000][1][safepoint    ] Entering safepoint region: Cleanup
[2019-12-09T07:03:13.700+0000][1][safepoint    ] Leaving safepoint region
[2019-12-09T07:03:13.700+0000][1][safepoint    ] Total time for which application threads were stopped: 0.0000813 seconds, Stopping threads took: 0.0000176 seconds
[2019-12-09T07:03:16.701+0000][1][safepoint    ] Application time: 3.0002121 seconds
[2019-12-09T07:03:16.701+0000][1][safepoint    ] Entering safepoint region: Cleanup
[2019-12-09T07:03:16.701+0000][1][safepoint    ] Leaving safepoint region
[2019-12-09T07:03:16.701+0000][1][safepoint    ] Total time for which application threads were stopped: 0.0000872 seconds, Stopping threads took: 0.0000254 seconds
[2019-12-09T07:03:17.701+0000][1][safepoint    ] Application time: 1.0000758 seconds
[2019-12-09T07:03:17.701+0000][1][safepoint    ] Entering safepoint region: Cleanup
[2019-12-09T07:03:17.701+0000][1][safepoint    ] Leaving safepoint region
[2019-12-09T07:03:17.701+0000][1][safepoint    ] Total time for which application threads were stopped: 0.0000830 seconds, Stopping threads took: 0.0000186 seconds
[2019-12-09T07:03:18.701+0000][1][safepoint    ] Application time: 1.0000755 seconds
[2019-12-09T07:03:18.701+0000][1][safepoint    ] Entering safepoint region: Cleanup
[2019-12-09T07:03:18.701+0000][1][safepoint    ] Leaving safepoint region
[2019-12-09T07:03:18.701+0000][1][safepoint    ] Total time for which application threads were stopped: 0.0000793 seconds, Stopping threads took: 0.0000152 seconds
[2019-12-09T07:03:20.701+0000][1][safepoint    ] Application time: 2.0001439 seconds
[2019-12-09T07:03:20.701+0000][1][safepoint    ] Entering safepoint region: Cleanup
[2019-12-09T07:03:20.701+0000][1][safepoint    ] Leaving safepoint region
[2019-12-09T07:03:20.701+0000][1][safepoint    ] Total time for which application threads were stopped: 0.0000761 seconds, Stopping threads took: 0.0000170 seconds
[2019-12-09T07:03:21.701+0000][1][safepoint    ] Application time: 1.0000752 seconds
[2019-12-09T07:03:21.701+0000][1][safepoint    ] Entering safepoint region: Cleanup
[2019-12-09T07:03:21.701+0000][1][safepoint    ] Leaving safepoint region
[2019-12-09T07:03:21.701+0000][1][safepoint    ] Total time for which application threads were stopped: 0.0000808 seconds, Stopping threads took: 0.0000167 seconds
[2019-12-09T07:03:23.702+0000][1][safepoint    ] Application time: 2.0002810 seconds
[2019-12-09T07:03:23.702+0000][1][safepoint    ] Entering safepoint region: Cleanup
[2019-12-09T07:03:23.702+0000][1][safepoint    ] Leaving safepoint region
[2019-12-09T07:03:23.702+0000][1][safepoint    ] Total time for which application threads were stopped: 0.0000822 seconds, Stopping threads took: 0.0000183 seconds
[2019-12-09T07:03:24.702+0000][1][safepoint    ] Application time: 1.0000790 seconds
[2019-12-09T07:03:24.702+0000][1][safepoint    ] Entering safepoint region: Cleanup
[2019-12-09T07:03:24.702+0000][1][safepoint    ] Leaving safepoint region
[2019-12-09T07:03:24.702+0000][1][safepoint    ] Total time for which application threads were stopped: 0.0000821 seconds, Stopping threads took: 0.0000160 seconds
[2019-12-09T07:03:33.703+0000][1][safepoint    ] Application time: 9.0006271 seconds
[2019-12-09T07:03:33.703+0000][1][safepoint    ] Entering safepoint region: Cleanup
[2019-12-09T07:03:33.703+0000][1][safepoint    ] Leaving safepoint region
[2019-12-09T07:03:33.703+0000][1][safepoint    ] Total time for which application threads were stopped: 0.0000710 seconds, Stopping threads took: 0.0000139 seconds
[2019-12-09T07:03:35.703+0000][1][safepoint    ] Application time: 2.0001424 seconds
[2019-12-09T07:03:35.703+0000][1][safepoint    ] Entering safepoint region: Cleanup
[2019-12-09T07:03:35.703+0000][1][safepoint    ] Leaving safepoint region
[2019-12-09T07:03:35.703+0000][1][safepoint    ] Total time for which application threads were stopped: 0.0000754 seconds, Stopping threads took: 0.0000156 seconds
[2019-12-09T07:03:36.703+0000][1][safepoint    ] Application time: 1.0000784 seconds
[2019-12-09T07:03:36.703+0000][1][safepoint    ] Entering safepoint region: Cleanup
[2019-12-09T07:03:36.703+0000][1][safepoint    ] Leaving safepoint region
[2019-12-09T07:03:36.703+0000][1][safepoint    ] Total time for which application threads were stopped: 0.0000741 seconds, Stopping threads took: 0.0000157 seconds
[2019-12-09T07:03:37.703+0000][1][safepoint    ] Application time: 1.0000769 seconds
[2019-12-09T07:03:37.703+0000][1][safepoint    ] Entering safepoint region: Cleanup
[2019-12-09T07:03:37.703+0000][1][safepoint    ] Leaving safepoint region
[2019-12-09T07:03:37.703+0000][1][safepoint    ] Total time for which application threads were stopped: 0.0000752 seconds, Stopping threads took: 0.0000155 seconds
[2019-12-09T07:03:40.704+0000][1][safepoint    ] Application time: 3.0002144 seconds
[2019-12-09T07:03:40.704+0000][1][safepoint    ] Entering safepoint region: Cleanup
[2019-12-09T07:03:40.704+0000][1][safepoint    ] Leaving safepoint region
[2019-12-09T07:03:40.704+0000][1][safepoint    ] Total time for which application threads were stopped: 0.0000789 seconds, Stopping threads took: 0.0000154 seconds
[2019-12-09T07:03:41.704+0000][1][safepoint    ] Application time: 1.0000767 seconds
[2019-12-09T07:03:41.704+0000][1][safepoint    ] Entering safepoint region: Cleanup
[2019-12-09T07:03:41.704+0000][1][safepoint    ] Leaving safepoint region
[2019-12-09T07:03:41.704+0000][1][safepoint    ] Total time for which application threads were stopped: 0.0000742 seconds, Stopping threads took: 0.0000157 seconds
[2019-12-09T07:03:46.704+0000][1][safepoint    ] Application time: 5.0003524 seconds
[2019-12-09T07:03:46.704+0000][1][safepoint    ] Entering safepoint region: Cleanup
[2019-12-09T07:03:46.704+0000][1][safepoint    ] Leaving safepoint region
[2019-12-09T07:03:46.704+0000][1][safepoint    ] Total time for which application threads were stopped: 0.0000821 seconds, Stopping threads took: 0.0000230 seconds
[2019-12-09T07:03:49.705+0000][1][safepoint    ] Application time: 3.0002187 seconds
[2019-12-09T07:03:49.705+0000][1][safepoint    ] Entering safepoint region: Cleanup
[2019-12-09T07:03:49.705+0000][1][safepoint    ] Leaving safepoint region
[2019-12-09T07:03:49.705+0000][1][safepoint    ] Total time for which application threads were stopped: 0.0000830 seconds, Stopping threads took: 0.0000235 seconds
[2019-12-09T07:03:51.706+0000][1][safepoint    ] Application time: 2.0012536 seconds
[2019-12-09T07:03:51.706+0000][1][safepoint    ] Entering safepoint region: Cleanup
[2019-12-09T07:03:51.706+0000][1][safepoint    ] Leaving safepoint region
[2019-12-09T07:03:51.706+0000][1][safepoint    ] Total time for which application threads were stopped: 0.0001233 seconds, Stopping threads took: 0.0000556 seconds
[2019-12-09T07:03:54.706+0000][1][safepoint    ] Application time: 3.0002166 seconds
[2019-12-09T07:03:54.707+0000][1][safepoint    ] Entering safepoint region: Cleanup
[2019-12-09T07:03:54.707+0000][1][safepoint    ] Leaving safepoint region
[2019-12-09T07:03:54.707+0000][1][safepoint    ] Total time for which application threads were stopped: 0.0000878 seconds, Stopping threads took: 0.0000177 seconds
[2019-12-09T07:03:55.707+0000][1][safepoint    ] Application time: 1.0000838 seconds
[2019-12-09T07:03:55.707+0000][1][safepoint    ] Entering safepoint region: Cleanup
[2019-12-09T07:03:55.707+0000][1][safepoint    ] Leaving safepoint region
[2019-12-09T07:03:55.707+0000][1][safepoint    ] Total time for which application threads were stopped: 0.0000833 seconds, Stopping threads took: 0.0000170 seconds
[2019-12-09T07:03:56.707+0000][1][safepoint    ] Application time: 1.0000772 seconds
[2019-12-09T07:03:56.707+0000][1][safepoint    ] Entering safepoint region: Cleanup
[2019-12-09T07:03:56.707+0000][1][safepoint    ] Leaving safepoint region
[2019-12-09T07:03:56.707+0000][1][safepoint    ] Total time for which application threads were stopped: 0.0000814 seconds, Stopping threads took: 0.0000169 seconds
[2019-12-09T07:03:57.707+0000][1][safepoint    ] Application time: 1.0000757 seconds
[2019-12-09T07:03:57.707+0000][1][safepoint    ] Entering safepoint region: Cleanup
[2019-12-09T07:03:57.707+0000][1][safepoint    ] Leaving safepoint region
[2019-12-09T07:03:57.707+0000][1][safepoint    ] Total time for which application threads were stopped: 0.0000821 seconds, Stopping threads took: 0.0000189 seconds
[2019-12-09T07:03:58.707+0000][1][safepoint    ] Application time: 1.0000778 seconds
[2019-12-09T07:03:58.707+0000][1][safepoint    ] Entering safepoint region: Cleanup
[2019-12-09T07:03:58.707+0000][1][safepoint    ] Leaving safepoint region
[2019-12-09T07:03:58.707+0000][1][safepoint    ] Total time for which application threads were stopped: 0.0000840 seconds, Stopping threads took: 0.0000175 seconds
[2019-12-09T07:03:59.708+0000][1][safepoint    ] Application time: 1.0000739 seconds
[2019-12-09T07:03:59.708+0000][1][safepoint    ] Entering safepoint region: Cleanup
[2019-12-09T07:03:59.708+0000][1][safepoint    ] Leaving safepoint region
[2019-12-09T07:03:59.708+0000][1][safepoint    ] Total time for which application threads were stopped: 0.0000847 seconds, Stopping threads took: 0.0000165 seconds
[2019-12-09T07:04:00.708+0000][1][safepoint    ] Application time: 1.0000737 seconds
[2019-12-09T07:04:00.708+0000][1][safepoint    ] Entering safepoint region: Cleanup
[2019-12-09T07:04:00.708+0000][1][safepoint    ] Leaving safepoint region
[2019-12-09T07:04:00.708+0000][1][safepoint    ] Total time for which application threads were stopped: 0.0000834 seconds, Stopping threads took: 0.0000174 seconds
[2019-12-09T07:04:01.708+0000][1][safepoint    ] Application time: 1.0000843 seconds
[2019-12-09T07:04:01.708+0000][1][safepoint    ] Entering safepoint region: Cleanup
[2019-12-09T07:04:01.708+0000][1][safepoint    ] Leaving safepoint region
[2019-12-09T07:04:01.708+0000][1][safepoint    ] Total time for which application threads were stopped: 0.0000811 seconds, Stopping threads took: 0.0000172 seconds
[2019-12-09T07:04:06.708+0000][1][safepoint    ] Application time: 5.0003598 seconds
[2019-12-09T07:04:06.708+0000][1][safepoint    ] Entering safepoint region: Cleanup
[2019-12-09T07:04:06.709+0000][1][safepoint    ] Leaving safepoint region
[2019-12-09T07:04:06.709+0000][1][safepoint    ] Total time for which application threads were stopped: 0.0001409 seconds, Stopping threads took: 0.0000366 seconds
[2019-12-09T07:04:08.709+0000][1][safepoint    ] Application time: 2.0001438 seconds
[2019-12-09T07:04:08.709+0000][1][safepoint    ] Entering safepoint region: Cleanup
[2019-12-09T07:04:08.709+0000][1][safepoint    ] Leaving safepoint region
[2019-12-09T07:04:08.709+0000][1][safepoint    ] Total time for which application threads were stopped: 0.0000851 seconds, Stopping threads took: 0.0000177 seconds
[2019-12-09T07:04:09.709+0000][1][safepoint    ] Application time: 1.0000795 seconds
[2019-12-09T07:04:09.709+0000][1][safepoint    ] Entering safepoint region: Cleanup
[2019-12-09T07:04:09.709+0000][1][safepoint    ] Leaving safepoint region
[2019-12-09T07:04:09.709+0000][1][safepoint    ] Total time for which application threads were stopped: 0.0000820 seconds, Stopping threads took: 0.0000178 seconds
[2019-12-09T07:04:12.711+0000][1][safepoint    ] Application time: 3.0017632 seconds
[2019-12-09T07:04:12.711+0000][1][safepoint    ] Entering safepoint region: Cleanup
[2019-12-09T07:04:12.711+0000][1][safepoint    ] Leaving safepoint region
[2019-12-09T07:04:12.711+0000][1][safepoint    ] Total time for which application threads were stopped: 0.0000804 seconds, Stopping threads took: 0.0000208 seconds
[2019-12-09T07:04:13.711+0000][1][safepoint    ] Application time: 1.0000767 seconds
[2019-12-09T07:04:13.711+0000][1][safepoint    ] Entering safepoint region: Cleanup
[2019-12-09T07:04:13.711+0000][1][safepoint    ] Leaving safepoint region
[2019-12-09T07:04:13.711+0000][1][safepoint    ] Total time for which application threads were stopped: 0.0000780 seconds, Stopping threads took: 0.0000183 seconds
[2019-12-09T07:04:17.711+0000][1][safepoint    ] Application time: 4.0002916 seconds
[2019-12-09T07:04:17.712+0000][1][safepoint    ] Entering safepoint region: Cleanup
[2019-12-09T07:04:17.712+0000][1][safepoint    ] Leaving safepoint region
[2019-12-09T07:04:17.712+0000][1][safepoint    ] Total time for which application threads were stopped: 0.0000806 seconds, Stopping threads took: 0.0000170 seconds
[2019-12-09T07:04:24.712+0000][1][safepoint    ] Application time: 7.0005155 seconds
[2019-12-09T07:04:24.712+0000][1][safepoint    ] Entering safepoint region: Cleanup
[2019-12-09T07:04:24.712+0000][1][safepoint    ] Leaving safepoint region
[2019-12-09T07:04:24.712+0000][1][safepoint    ] Total time for which application threads were stopped: 0.0000860 seconds, Stopping threads took: 0.0000168 seconds
[2019-12-09T07:04:28.713+0000][1][safepoint    ] Application time: 4.0002806 seconds
[2019-12-09T07:04:28.713+0000][1][safepoint    ] Entering safepoint region: Cleanup
[2019-12-09T07:04:28.713+0000][1][safepoint    ] Leaving safepoint region
[2019-12-09T07:04:28.713+0000][1][safepoint    ] Total time for which application threads were stopped: 0.0000853 seconds, Stopping threads took: 0.0000175 seconds
[2019-12-09T07:04:28.753+0000][1][safepoint    ] Application time: 0.0405903 seconds
[2019-12-09T07:04:28.753+0000][1][safepoint    ] Entering safepoint region: GenCollectForAllocation
[2019-12-09T07:04:28.753+0000][1][gc,start     ] GC(24) Pause Young (Allocation Failure)
[2019-12-09T07:04:28.753+0000][1][gc,task      ] GC(24) Using 2 workers of 2 for evacuation
[2019-12-09T07:04:28.770+0000][1][gc,age       ] GC(24) Desired survivor size 4456448 bytes, new threshold 6 (max threshold 6)
[2019-12-09T07:04:28.771+0000][1][gc,age       ] GC(24) Age table with threshold 6 (max threshold 6)
[2019-12-09T07:04:28.771+0000][1][gc,age       ] GC(24) - age   1:       8560 bytes,       8560 total
[2019-12-09T07:04:28.771+0000][1][gc,age       ] GC(24) - age   2:    1577608 bytes,    1586168 total
[2019-12-09T07:04:28.771+0000][1][gc,heap      ] GC(24) ParNew: 76709K->4811K(78656K)
[2019-12-09T07:04:28.771+0000][1][gc,heap      ] GC(24) CMS: 64420K->67894K(174784K)
[2019-12-09T07:04:28.771+0000][1][gc,metaspace ] GC(24) Metaspace: 67992K->67992K(1112064K)
[2019-12-09T07:04:28.771+0000][1][gc           ] GC(24) Pause Young (Allocation Failure) 137M->71M(247M) 17.158ms
[2019-12-09T07:04:28.771+0000][1][gc,cpu       ] GC(24) User=0.03s Sys=0.00s Real=0.02s
[2019-12-09T07:04:28.771+0000][1][safepoint    ] Leaving safepoint region
[2019-12-09T07:04:28.771+0000][1][safepoint    ] Total time for which application threads were stopped: 0.0173105 seconds, Stopping threads took: 0.0000147 seconds
[2019-12-09T07:04:32.771+0000][1][safepoint    ] Application time: 4.0002875 seconds
[2019-12-09T07:04:32.771+0000][1][safepoint    ] Entering safepoint region: Cleanup
[2019-12-09T07:04:32.771+0000][1][safepoint    ] Leaving safepoint region
[2019-12-09T07:04:32.771+0000][1][safepoint    ] Total time for which application threads were stopped: 0.0000856 seconds, Stopping threads took: 0.0000166 seconds
[2019-12-09T07:04:34.771+0000][1][safepoint    ] Application time: 2.0001396 seconds
[2019-12-09T07:04:34.771+0000][1][safepoint    ] Entering safepoint region: Cleanup
[2019-12-09T07:04:34.771+0000][1][safepoint    ] Leaving safepoint region
[2019-12-09T07:04:34.771+0000][1][safepoint    ] Total time for which application threads were stopped: 0.0000937 seconds, Stopping threads took: 0.0000251 seconds
[2019-12-09T07:04:38.772+0000][1][safepoint    ] Application time: 4.0002766 seconds
[2019-12-09T07:04:38.772+0000][1][safepoint    ] Entering safepoint region: Cleanup
[2019-12-09T07:04:38.772+0000][1][safepoint    ] Leaving safepoint region
[2019-12-09T07:04:38.772+0000][1][safepoint    ] Total time for which application threads were stopped: 0.0000959 seconds, Stopping threads took: 0.0000163 seconds
[2019-12-09T07:04:39.772+0000][1][safepoint    ] Application time: 1.0000785 seconds
[2019-12-09T07:04:39.772+0000][1][safepoint    ] Entering safepoint region: Cleanup
[2019-12-09T07:04:39.772+0000][1][safepoint    ] Leaving safepoint region
[2019-12-09T07:04:39.772+0000][1][safepoint    ] Total time for which application threads were stopped: 0.0000888 seconds, Stopping threads took: 0.0000221 seconds
[2019-12-09T07:04:40.772+0000][1][safepoint    ] Application time: 1.0000772 seconds
[2019-12-09T07:04:40.772+0000][1][safepoint    ] Entering safepoint region: Cleanup
[2019-12-09T07:04:40.772+0000][1][safepoint    ] Leaving safepoint region
[2019-12-09T07:04:40.772+0000][1][safepoint    ] Total time for which application threads were stopped: 0.0000777 seconds, Stopping threads took: 0.0000163 seconds
[2019-12-09T07:04:41.772+0000][1][safepoint    ] Application time: 1.0000761 seconds
[2019-12-09T07:04:41.772+0000][1][safepoint    ] Entering safepoint region: Cleanup
[2019-12-09T07:04:41.772+0000][1][safepoint    ] Leaving safepoint region
[2019-12-09T07:04:41.772+0000][1][safepoint    ] Total time for which application threads were stopped: 0.0000750 seconds, Stopping threads took: 0.0000150 seconds
[2019-12-09T07:04:43.772+0000][1][safepoint    ] Application time: 2.0001559 seconds
[2019-12-09T07:04:43.773+0000][1][safepoint    ] Entering safepoint region: Cleanup
[2019-12-09T07:04:43.773+0000][1][safepoint    ] Leaving safepoint region
[2019-12-09T07:04:43.773+0000][1][safepoint    ] Total time for which application threads were stopped: 0.0001099 seconds, Stopping threads took: 0.0000230 seconds
[2019-12-09T07:04:47.773+0000][1][safepoint    ] Application time: 4.0002841 seconds
[2019-12-09T07:04:47.773+0000][1][safepoint    ] Entering safepoint region: Cleanup
[2019-12-09T07:04:47.773+0000][1][safepoint    ] Leaving safepoint region
[2019-12-09T07:04:47.773+0000][1][safepoint    ] Total time for which application threads were stopped: 0.0001148 seconds, Stopping threads took: 0.0000496 seconds
[2019-12-09T07:04:48.773+0000][1][safepoint    ] Application time: 1.0001146 seconds
[2019-12-09T07:04:48.773+0000][1][safepoint    ] Entering safepoint region: Cleanup
[2019-12-09T07:04:48.773+0000][1][safepoint    ] Leaving safepoint region
[2019-12-09T07:04:48.773+0000][1][safepoint    ] Total time for which application threads were stopped: 0.0001084 seconds, Stopping threads took: 0.0000223 seconds
[2019-12-09T07:04:50.774+0000][1][safepoint    ] Application time: 2.0001657 seconds
[2019-12-09T07:04:50.774+0000][1][safepoint    ] Entering safepoint region: Cleanup
[2019-12-09T07:04:50.774+0000][1][safepoint    ] Leaving safepoint region
[2019-12-09T07:04:50.774+0000][1][safepoint    ] Total time for which application threads were stopped: 0.0000906 seconds, Stopping threads took: 0.0000263 seconds
[2019-12-09T07:04:52.774+0000][1][safepoint    ] Application time: 2.0001405 seconds
[2019-12-09T07:04:52.774+0000][1][safepoint    ] Entering safepoint region: Cleanup
[2019-12-09T07:04:52.774+0000][1][safepoint    ] Leaving safepoint region
[2019-12-09T07:04:52.774+0000][1][safepoint    ] Total time for which application threads were stopped: 0.0000847 seconds, Stopping threads took: 0.0000175 seconds
[2019-12-09T07:04:54.774+0000][1][safepoint    ] Application time: 2.0001440 seconds
[2019-12-09T07:04:54.774+0000][1][safepoint    ] Entering safepoint region: Cleanup
[2019-12-09T07:04:54.774+0000][1][safepoint    ] Leaving safepoint region
[2019-12-09T07:04:54.774+0000][1][safepoint    ] Total time for which application threads were stopped: 0.0000834 seconds, Stopping threads took: 0.0000179 seconds
[2019-12-09T07:04:56.774+0000][1][safepoint    ] Application time: 2.0001438 seconds
[2019-12-09T07:04:56.774+0000][1][safepoint    ] Entering safepoint region: Cleanup
[2019-12-09T07:04:56.774+0000][1][safepoint    ] Leaving safepoint region
[2019-12-09T07:04:56.774+0000][1][safepoint    ] Total time for which application threads were stopped: 0.0000878 seconds, Stopping threads took: 0.0000228 seconds
[2019-12-09T07:04:57.775+0000][1][safepoint    ] Application time: 1.0000481 seconds
[2019-12-09T07:04:57.775+0000][1][safepoint    ] Entering safepoint region: Cleanup
[2019-12-09T07:04:57.775+0000][1][safepoint    ] Leaving safepoint region
[2019-12-09T07:04:57.775+0000][1][safepoint    ] Total time for which application threads were stopped: 0.0000924 seconds, Stopping threads took: 0.0000177 seconds
[2019-12-09T07:04:59.775+0000][1][safepoint    ] Application time: 2.0001468 seconds
[2019-12-09T07:04:59.775+0000][1][safepoint    ] Entering safepoint region: Cleanup
[2019-12-09T07:04:59.775+0000][1][safepoint    ] Leaving safepoint region
[2019-12-09T07:04:59.775+0000][1][safepoint    ] Total time for which application threads were stopped: 0.0000952 seconds, Stopping threads took: 0.0000288 seconds
[2019-12-09T07:05:00.775+0000][1][safepoint    ] Application time: 1.0000777 seconds
[2019-12-09T07:05:00.775+0000][1][safepoint    ] Entering safepoint region: Cleanup
[2019-12-09T07:05:00.775+0000][1][safepoint    ] Leaving safepoint region
[2019-12-09T07:05:00.775+0000][1][safepoint    ] Total time for which application threads were stopped: 0.0000816 seconds, Stopping threads took: 0.0000189 seconds
[2019-12-09T07:05:11.776+0000][1][safepoint    ] Application time: 11.0007610 seconds
[2019-12-09T07:05:11.776+0000][1][safepoint    ] Entering safepoint region: Cleanup
[2019-12-09T07:05:11.776+0000][1][safepoint    ] Leaving safepoint region
[2019-12-09T07:05:11.776+0000][1][safepoint    ] Total time for which application threads were stopped: 0.0000802 seconds, Stopping threads took: 0.0000165 seconds
[2019-12-09T07:05:19.777+0000][1][safepoint    ] Application time: 8.0005452 seconds
[2019-12-09T07:05:19.777+0000][1][safepoint    ] Entering safepoint region: Cleanup
[2019-12-09T07:05:19.777+0000][1][safepoint    ] Leaving safepoint region
[2019-12-09T07:05:19.777+0000][1][safepoint    ] Total time for which application threads were stopped: 0.0001035 seconds, Stopping threads took: 0.0000339 seconds
[2019-12-09T07:05:20.777+0000][1][safepoint    ] Application time: 1.0000812 seconds
[2019-12-09T07:05:20.777+0000][1][safepoint    ] Entering safepoint region: Cleanup
[2019-12-09T07:05:20.777+0000][1][safepoint    ] Leaving safepoint region
[2019-12-09T07:05:20.777+0000][1][safepoint    ] Total time for which application threads were stopped: 0.0000892 seconds, Stopping threads took: 0.0000239 seconds
[2019-12-09T07:05:29.778+0000][1][safepoint    ] Application time: 9.0005871 seconds
[2019-12-09T07:05:29.778+0000][1][safepoint    ] Entering safepoint region: Cleanup
[2019-12-09T07:05:29.778+0000][1][safepoint    ] Leaving safepoint region
[2019-12-09T07:05:29.778+0000][1][safepoint    ] Total time for which application threads were stopped: 0.0001073 seconds, Stopping threads took: 0.0000251 seconds
[2019-12-09T07:05:30.778+0000][1][safepoint    ] Application time: 1.0000782 seconds
[2019-12-09T07:05:30.778+0000][1][safepoint    ] Entering safepoint region: Cleanup
[2019-12-09T07:05:30.778+0000][1][safepoint    ] Leaving safepoint region
[2019-12-09T07:05:30.778+0000][1][safepoint    ] Total time for which application threads were stopped: 0.0000829 seconds, Stopping threads took: 0.0000168 seconds
[2019-12-09T07:05:33.778+0000][1][safepoint    ] Application time: 3.0002113 seconds
[2019-12-09T07:05:33.778+0000][1][safepoint    ] Entering safepoint region: Cleanup
[2019-12-09T07:05:33.778+0000][1][safepoint    ] Leaving safepoint region
[2019-12-09T07:05:33.778+0000][1][safepoint    ] Total time for which application threads were stopped: 0.0000786 seconds, Stopping threads took: 0.0000177 seconds
[2019-12-09T07:05:38.779+0000][1][safepoint    ] Application time: 5.0003501 seconds
[2019-12-09T07:05:38.779+0000][1][safepoint    ] Entering safepoint region: Cleanup
[2019-12-09T07:05:38.779+0000][1][safepoint    ] Leaving safepoint region
[2019-12-09T07:05:38.779+0000][1][safepoint    ] Total time for which application threads were stopped: 0.0000972 seconds, Stopping threads took: 0.0000179 seconds
[2019-12-09T07:05:42.779+0000][1][safepoint    ] Application time: 4.0002820 seconds
[2019-12-09T07:05:42.779+0000][1][safepoint    ] Entering safepoint region: Cleanup
[2019-12-09T07:05:42.779+0000][1][safepoint    ] Leaving safepoint region
[2019-12-09T07:05:42.779+0000][1][safepoint    ] Total time for which application threads were stopped: 0.0000900 seconds, Stopping threads took: 0.0000170 seconds
[2019-12-09T07:05:43.779+0000][1][safepoint    ] Application time: 1.0000786 seconds
[2019-12-09T07:05:43.779+0000][1][safepoint    ] Entering safepoint region: Cleanup
[2019-12-09T07:05:43.779+0000][1][safepoint    ] Leaving safepoint region
[2019-12-09T07:05:43.779+0000][1][safepoint    ] Total time for which application threads were stopped: 0.0000846 seconds, Stopping threads took: 0.0000179 seconds
[2019-12-09T07:05:45.780+0000][1][safepoint    ] Application time: 2.0001452 seconds
[2019-12-09T07:05:45.780+0000][1][safepoint    ] Entering safepoint region: Cleanup
[2019-12-09T07:05:45.780+0000][1][safepoint    ] Leaving safepoint region
[2019-12-09T07:05:45.780+0000][1][safepoint    ] Total time for which application threads were stopped: 0.0000881 seconds, Stopping threads took: 0.0000180 seconds
[2019-12-09T07:05:48.780+0000][1][safepoint    ] Application time: 3.0001793 seconds
[2019-12-09T07:05:48.780+0000][1][safepoint    ] Entering safepoint region: Cleanup
[2019-12-09T07:05:48.780+0000][1][safepoint    ] Leaving safepoint region
[2019-12-09T07:05:48.780+0000][1][safepoint    ] Total time for which application threads were stopped: 0.0000819 seconds, Stopping threads took: 0.0000179 seconds
[2019-12-09T07:05:49.780+0000][1][safepoint    ] Application time: 1.0000775 seconds
[2019-12-09T07:05:49.780+0000][1][safepoint    ] Entering safepoint region: Cleanup
[2019-12-09T07:05:49.780+0000][1][safepoint    ] Leaving safepoint region
[2019-12-09T07:05:49.780+0000][1][safepoint    ] Total time for which application threads were stopped: 0.0000775 seconds, Stopping threads took: 0.0000155 seconds
[2019-12-09T07:05:50.780+0000][1][safepoint    ] Application time: 1.0000758 seconds
[2019-12-09T07:05:50.780+0000][1][safepoint    ] Entering safepoint region: Cleanup
[2019-12-09T07:05:50.780+0000][1][safepoint    ] Leaving safepoint region
[2019-12-09T07:05:50.780+0000][1][safepoint    ] Total time for which application threads were stopped: 0.0000823 seconds, Stopping threads took: 0.0000162 seconds
[2019-12-09T07:05:52.781+0000][1][safepoint    ] Application time: 2.0001420 seconds
[2019-12-09T07:05:52.781+0000][1][safepoint    ] Entering safepoint region: Cleanup
[2019-12-09T07:05:52.781+0000][1][safepoint    ] Leaving safepoint region
[2019-12-09T07:05:52.781+0000][1][safepoint    ] Total time for which application threads were stopped: 0.0000806 seconds, Stopping threads took: 0.0000174 seconds
[2019-12-09T07:05:55.781+0000][1][safepoint    ] Application time: 3.0002197 seconds
[2019-12-09T07:05:55.781+0000][1][safepoint    ] Entering safepoint region: Cleanup
[2019-12-09T07:05:55.781+0000][1][safepoint    ] Leaving safepoint region
[2019-12-09T07:05:55.781+0000][1][safepoint    ] Total time for which application threads were stopped: 0.0000954 seconds, Stopping threads took: 0.0000229 seconds
[2019-12-09T07:06:03.782+0000][1][safepoint    ] Application time: 8.0005741 seconds
[2019-12-09T07:06:03.782+0000][1][safepoint    ] Entering safepoint region: Cleanup
[2019-12-09T07:06:03.782+0000][1][safepoint    ] Leaving safepoint region
[2019-12-09T07:06:03.782+0000][1][safepoint    ] Total time for which application threads were stopped: 0.0000979 seconds, Stopping threads took: 0.0000250 seconds
[2019-12-09T07:06:05.782+0000][1][safepoint    ] Application time: 2.0001461 seconds
[2019-12-09T07:06:05.782+0000][1][safepoint    ] Entering safepoint region: Cleanup
[2019-12-09T07:06:05.782+0000][1][safepoint    ] Leaving safepoint region
[2019-12-09T07:06:05.782+0000][1][safepoint    ] Total time for which application threads were stopped: 0.0000832 seconds, Stopping threads took: 0.0000181 seconds
[2019-12-09T07:06:12.782+0000][1][safepoint    ] Application time: 7.0004875 seconds
[2019-12-09T07:06:12.783+0000][1][safepoint    ] Entering safepoint region: Cleanup
[2019-12-09T07:06:12.783+0000][1][safepoint    ] Leaving safepoint region
[2019-12-09T07:06:12.783+0000][1][safepoint    ] Total time for which application threads were stopped: 0.0001036 seconds, Stopping threads took: 0.0000251 seconds
[2019-12-09T07:06:13.783+0000][1][safepoint    ] Application time: 1.0000764 seconds
[2019-12-09T07:06:13.783+0000][1][safepoint    ] Entering safepoint region: Cleanup
[2019-12-09T07:06:13.783+0000][1][safepoint    ] Leaving safepoint region
[2019-12-09T07:06:13.783+0000][1][safepoint    ] Total time for which application threads were stopped: 0.0000845 seconds, Stopping threads took: 0.0000181 seconds
[2019-12-09T07:06:15.783+0000][1][safepoint    ] Application time: 2.0001439 seconds
[2019-12-09T07:06:15.783+0000][1][safepoint    ] Entering safepoint region: Cleanup
[2019-12-09T07:06:15.783+0000][1][safepoint    ] Leaving safepoint region
[2019-12-09T07:06:15.783+0000][1][safepoint    ] Total time for which application threads were stopped: 0.0000796 seconds, Stopping threads took: 0.0000172 seconds
[2019-12-09T07:06:22.784+0000][1][safepoint    ] Application time: 7.0011086 seconds
[2019-12-09T07:06:22.784+0000][1][safepoint    ] Entering safepoint region: Cleanup
[2019-12-09T07:06:22.784+0000][1][safepoint    ] Leaving safepoint region
[2019-12-09T07:06:22.784+0000][1][safepoint    ] Total time for which application threads were stopped: 0.0000851 seconds, Stopping threads took: 0.0000181 seconds
[2019-12-09T07:06:26.785+0000][1][safepoint    ] Application time: 4.0002793 seconds
[2019-12-09T07:06:26.785+0000][1][safepoint    ] Entering safepoint region: Cleanup
[2019-12-09T07:06:26.785+0000][1][safepoint    ] Leaving safepoint region
[2019-12-09T07:06:26.785+0000][1][safepoint    ] Total time for which application threads were stopped: 0.0000966 seconds, Stopping threads took: 0.0000170 seconds
[2019-12-09T07:06:27.440+0000][1][safepoint    ] Application time: 0.6549541 seconds
[2019-12-09T07:06:27.440+0000][1][safepoint    ] Entering safepoint region: GenCollectForAllocation
[2019-12-09T07:06:27.440+0000][1][gc,start     ] GC(25) Pause Young (Allocation Failure)
[2019-12-09T07:06:27.440+0000][1][gc,task      ] GC(25) Using 2 workers of 2 for evacuation
[2019-12-09T07:06:27.446+0000][1][gc,age       ] GC(25) Desired survivor size 4456448 bytes, new threshold 6 (max threshold 6)
[2019-12-09T07:06:27.446+0000][1][gc,age       ] GC(25) Age table with threshold 6 (max threshold 6)
[2019-12-09T07:06:27.446+0000][1][gc,age       ] GC(25) - age   1:      13528 bytes,      13528 total
[2019-12-09T07:06:27.446+0000][1][gc,age       ] GC(25) - age   2:       4528 bytes,      18056 total
[2019-12-09T07:06:27.446+0000][1][gc,age       ] GC(25) - age   3:    1577608 bytes,    1595664 total
[2019-12-09T07:06:27.446+0000][1][gc,heap      ] GC(25) ParNew: 74739K->2384K(78656K)
[2019-12-09T07:06:27.446+0000][1][gc,heap      ] GC(25) CMS: 67894K->67894K(174784K)
[2019-12-09T07:06:27.446+0000][1][gc,metaspace ] GC(25) Metaspace: 68249K->68249K(1112064K)
[2019-12-09T07:06:27.446+0000][1][gc           ] GC(25) Pause Young (Allocation Failure) 139M->68M(247M) 6.222ms
[2019-12-09T07:06:27.446+0000][1][gc,cpu       ] GC(25) User=0.01s Sys=0.00s Real=0.01s
[2019-12-09T07:06:27.446+0000][1][safepoint    ] Leaving safepoint region
[2019-12-09T07:06:27.446+0000][1][safepoint    ] Total time for which application threads were stopped: 0.0064206 seconds, Stopping threads took: 0.0000236 seconds
[2019-12-09T07:06:29.446+0000][1][safepoint    ] Application time: 2.0001555 seconds
[2019-12-09T07:06:29.446+0000][1][safepoint    ] Entering safepoint region: Cleanup
[2019-12-09T07:06:29.446+0000][1][safepoint    ] Leaving safepoint region
[2019-12-09T07:06:29.446+0000][1][safepoint    ] Total time for which application threads were stopped: 0.0000825 seconds, Stopping threads took: 0.0000170 seconds
[2019-12-09T07:06:33.447+0000][1][safepoint    ] Application time: 4.0002812 seconds
[2019-12-09T07:06:33.447+0000][1][safepoint    ] Entering safepoint region: Cleanup
[2019-12-09T07:06:33.447+0000][1][safepoint    ] Leaving safepoint region
[2019-12-09T07:06:33.447+0000][1][safepoint    ] Total time for which application threads were stopped: 0.0000849 seconds, Stopping threads took: 0.0000197 seconds
[2019-12-09T07:06:38.447+0000][1][safepoint    ] Application time: 5.0003722 seconds
[2019-12-09T07:06:38.447+0000][1][safepoint    ] Entering safepoint region: Cleanup
[2019-12-09T07:06:38.447+0000][1][safepoint    ] Leaving safepoint region
[2019-12-09T07:06:38.447+0000][1][safepoint    ] Total time for which application threads were stopped: 0.0000828 seconds, Stopping threads took: 0.0000184 seconds
[2019-12-09T07:06:44.448+0000][1][safepoint    ] Application time: 6.0004241 seconds
[2019-12-09T07:06:44.448+0000][1][safepoint    ] Entering safepoint region: Cleanup
[2019-12-09T07:06:44.448+0000][1][safepoint    ] Leaving safepoint region
[2019-12-09T07:06:44.448+0000][1][safepoint    ] Total time for which application threads were stopped: 0.0000904 seconds, Stopping threads took: 0.0000260 seconds
[2019-12-09T07:06:45.457+0000][1][safepoint    ] Application time: 1.0088316 seconds
[2019-12-09T07:06:45.457+0000][1][safepoint    ] Entering safepoint region: Cleanup
[2019-12-09T07:06:45.457+0000][1][safepoint    ] Leaving safepoint region
[2019-12-09T07:06:45.457+0000][1][safepoint    ] Total time for which application threads were stopped: 0.0001024 seconds, Stopping threads took: 0.0000219 seconds
[2019-12-09T07:06:48.457+0000][1][safepoint    ] Application time: 3.0002312 seconds
[2019-12-09T07:06:48.457+0000][1][safepoint    ] Entering safepoint region: Cleanup
[2019-12-09T07:06:48.457+0000][1][safepoint    ] Leaving safepoint region
[2019-12-09T07:06:48.457+0000][1][safepoint    ] Total time for which application threads were stopped: 0.0000848 seconds, Stopping threads took: 0.0000184 seconds
[2019-12-09T07:06:52.458+0000][1][safepoint    ] Application time: 4.0002823 seconds
[2019-12-09T07:06:52.458+0000][1][safepoint    ] Entering safepoint region: Cleanup
[2019-12-09T07:06:52.458+0000][1][safepoint    ] Leaving safepoint region
[2019-12-09T07:06:52.458+0000][1][safepoint    ] Total time for which application threads were stopped: 0.0000949 seconds, Stopping threads took: 0.0000179 seconds
[2019-12-09T07:07:01.458+0000][1][safepoint    ] Application time: 9.0006098 seconds
[2019-12-09T07:07:01.458+0000][1][safepoint    ] Entering safepoint region: Cleanup
[2019-12-09T07:07:01.458+0000][1][safepoint    ] Leaving safepoint region
[2019-12-09T07:07:01.458+0000][1][safepoint    ] Total time for which application threads were stopped: 0.0000833 seconds, Stopping threads took: 0.0000168 seconds
[2019-12-09T07:07:06.459+0000][1][safepoint    ] Application time: 5.0003426 seconds
[2019-12-09T07:07:06.459+0000][1][safepoint    ] Entering safepoint region: Cleanup
[2019-12-09T07:07:06.459+0000][1][safepoint    ] Leaving safepoint region
[2019-12-09T07:07:06.459+0000][1][safepoint    ] Total time for which application threads were stopped: 0.0001041 seconds, Stopping threads took: 0.0000342 seconds
[2019-12-09T07:07:10.459+0000][1][safepoint    ] Application time: 4.0002786 seconds
[2019-12-09T07:07:10.459+0000][1][safepoint    ] Entering safepoint region: Cleanup
[2019-12-09T07:07:10.459+0000][1][safepoint    ] Leaving safepoint region
[2019-12-09T07:07:10.459+0000][1][safepoint    ] Total time for which application threads were stopped: 0.0000947 seconds, Stopping threads took: 0.0000261 seconds
[2019-12-09T07:07:13.460+0000][1][safepoint    ] Application time: 3.0002107 seconds
[2019-12-09T07:07:13.460+0000][1][safepoint    ] Entering safepoint region: Cleanup
[2019-12-09T07:07:13.460+0000][1][safepoint    ] Leaving safepoint region
[2019-12-09T07:07:13.460+0000][1][safepoint    ] Total time for which application threads were stopped: 0.0000937 seconds, Stopping threads took: 0.0000174 seconds
[2019-12-09T07:07:15.460+0000][1][safepoint    ] Application time: 2.0001480 seconds
[2019-12-09T07:07:15.460+0000][1][safepoint    ] Entering safepoint region: Cleanup
[2019-12-09T07:07:15.460+0000][1][safepoint    ] Leaving safepoint region
[2019-12-09T07:07:15.460+0000][1][safepoint    ] Total time for which application threads were stopped: 0.0000827 seconds, Stopping threads took: 0.0000187 seconds
[2019-12-09T07:07:19.460+0000][1][safepoint    ] Application time: 4.0002824 seconds
[2019-12-09T07:07:19.460+0000][1][safepoint    ] Entering safepoint region: Cleanup
[2019-12-09T07:07:19.460+0000][1][safepoint    ] Leaving safepoint region
[2019-12-09T07:07:19.460+0000][1][safepoint    ] Total time for which application threads were stopped: 0.0000845 seconds, Stopping threads took: 0.0000173 seconds
[2019-12-09T07:07:23.461+0000][1][safepoint    ] Application time: 4.0002911 seconds
[2019-12-09T07:07:23.461+0000][1][safepoint    ] Entering safepoint region: Cleanup
[2019-12-09T07:07:23.461+0000][1][safepoint    ] Leaving safepoint region
[2019-12-09T07:07:23.461+0000][1][safepoint    ] Total time for which application threads were stopped: 0.0000833 seconds, Stopping threads took: 0.0000187 seconds
[2019-12-09T07:07:32.461+0000][1][safepoint    ] Application time: 9.0006294 seconds
[2019-12-09T07:07:32.461+0000][1][safepoint    ] Entering safepoint region: Cleanup
[2019-12-09T07:07:32.462+0000][1][safepoint    ] Leaving safepoint region
[2019-12-09T07:07:32.462+0000][1][safepoint    ] Total time for which application threads were stopped: 0.0000903 seconds, Stopping threads took: 0.0000175 seconds
[2019-12-09T07:07:33.462+0000][1][safepoint    ] Application time: 1.0000763 seconds
[2019-12-09T07:07:33.462+0000][1][safepoint    ] Entering safepoint region: Cleanup
[2019-12-09T07:07:33.462+0000][1][safepoint    ] Leaving safepoint region
[2019-12-09T07:07:33.462+0000][1][safepoint    ] Total time for which application threads were stopped: 0.0000786 seconds, Stopping threads took: 0.0000177 seconds
[2019-12-09T07:07:35.462+0000][1][safepoint    ] Application time: 2.0004077 seconds
[2019-12-09T07:07:35.462+0000][1][safepoint    ] Entering safepoint region: Cleanup
[2019-12-09T07:07:35.462+0000][1][safepoint    ] Leaving safepoint region
[2019-12-09T07:07:35.462+0000][1][safepoint    ] Total time for which application threads were stopped: 0.0001084 seconds, Stopping threads took: 0.0000229 seconds
[2019-12-09T07:07:39.463+0000][1][safepoint    ] Application time: 4.0002818 seconds
[2019-12-09T07:07:39.463+0000][1][safepoint    ] Entering safepoint region: Cleanup
[2019-12-09T07:07:39.463+0000][1][safepoint    ] Leaving safepoint region
[2019-12-09T07:07:39.463+0000][1][safepoint    ] Total time for which application threads were stopped: 0.0000997 seconds, Stopping threads took: 0.0000242 seconds
[2019-12-09T07:07:43.463+0000][1][safepoint    ] Application time: 4.0002864 seconds
[2019-12-09T07:07:43.463+0000][1][safepoint    ] Entering safepoint region: Cleanup
[2019-12-09T07:07:43.463+0000][1][safepoint    ] Leaving safepoint region
[2019-12-09T07:07:43.463+0000][1][safepoint    ] Total time for which application threads were stopped: 0.0000810 seconds, Stopping threads took: 0.0000184 seconds
[2019-12-09T07:07:45.463+0000][1][safepoint    ] Application time: 2.0001430 seconds
[2019-12-09T07:07:45.463+0000][1][safepoint    ] Entering safepoint region: Cleanup
[2019-12-09T07:07:45.463+0000][1][safepoint    ] Leaving safepoint region
[2019-12-09T07:07:45.463+0000][1][safepoint    ] Total time for which application threads were stopped: 0.0000793 seconds, Stopping threads took: 0.0000171 seconds
[2019-12-09T07:07:46.463+0000][1][safepoint    ] Application time: 1.0000763 seconds
[2019-12-09T07:07:46.464+0000][1][safepoint    ] Entering safepoint region: Cleanup
[2019-12-09T07:07:46.464+0000][1][safepoint    ] Leaving safepoint region
[2019-12-09T07:07:46.464+0000][1][safepoint    ] Total time for which application threads were stopped: 0.0000770 seconds, Stopping threads took: 0.0000165 seconds
[2019-12-09T07:07:48.464+0000][1][safepoint    ] Application time: 2.0001430 seconds
[2019-12-09T07:07:48.464+0000][1][safepoint    ] Entering safepoint region: Cleanup
[2019-12-09T07:07:48.464+0000][1][safepoint    ] Leaving safepoint region
[2019-12-09T07:07:48.464+0000][1][safepoint    ] Total time for which application threads were stopped: 0.0000776 seconds, Stopping threads took: 0.0000162 seconds
[2019-12-09T07:07:49.464+0000][1][safepoint    ] Application time: 1.0000797 seconds
[2019-12-09T07:07:49.464+0000][1][safepoint    ] Entering safepoint region: Cleanup
[2019-12-09T07:07:49.464+0000][1][safepoint    ] Leaving safepoint region
[2019-12-09T07:07:49.464+0000][1][safepoint    ] Total time for which application threads were stopped: 0.0000780 seconds, Stopping threads took: 0.0000164 seconds
[2019-12-09T07:07:50.464+0000][1][safepoint    ] Application time: 1.0000775 seconds
[2019-12-09T07:07:50.464+0000][1][safepoint    ] Entering safepoint region: Cleanup
[2019-12-09T07:07:50.464+0000][1][safepoint    ] Leaving safepoint region
[2019-12-09T07:07:50.464+0000][1][safepoint    ] Total time for which application threads were stopped: 0.0000770 seconds, Stopping threads took: 0.0000162 seconds
[2019-12-09T07:07:51.464+0000][1][safepoint    ] Application time: 1.0000759 seconds
[2019-12-09T07:07:51.464+0000][1][safepoint    ] Entering safepoint region: Cleanup
[2019-12-09T07:07:51.464+0000][1][safepoint    ] Leaving safepoint region
[2019-12-09T07:07:51.464+0000][1][safepoint    ] Total time for which application threads were stopped: 0.0000790 seconds, Stopping threads took: 0.0000166 seconds
[2019-12-09T07:07:54.465+0000][1][safepoint    ] Application time: 3.0002138 seconds
[2019-12-09T07:07:54.465+0000][1][safepoint    ] Entering safepoint region: Cleanup
[2019-12-09T07:07:54.465+0000][1][safepoint    ] Leaving safepoint region
[2019-12-09T07:07:54.465+0000][1][safepoint    ] Total time for which application threads were stopped: 0.0000850 seconds, Stopping threads took: 0.0000163 seconds
[2019-12-09T07:07:55.465+0000][1][safepoint    ] Application time: 1.0000760 seconds
[2019-12-09T07:07:55.465+0000][1][safepoint    ] Entering safepoint region: Cleanup
[2019-12-09T07:07:55.465+0000][1][safepoint    ] Leaving safepoint region
[2019-12-09T07:07:55.465+0000][1][safepoint    ] Total time for which application threads were stopped: 0.0000740 seconds, Stopping threads took: 0.0000158 seconds
[2019-12-09T07:07:56.465+0000][1][safepoint    ] Application time: 1.0000776 seconds
[2019-12-09T07:07:56.465+0000][1][safepoint    ] Entering safepoint region: Cleanup
[2019-12-09T07:07:56.465+0000][1][safepoint    ] Leaving safepoint region
[2019-12-09T07:07:56.465+0000][1][safepoint    ] Total time for which application threads were stopped: 0.0000767 seconds, Stopping threads took: 0.0000162 seconds
[2019-12-09T07:07:59.465+0000][1][safepoint    ] Application time: 3.0002172 seconds
[2019-12-09T07:07:59.465+0000][1][safepoint    ] Entering safepoint region: Cleanup
[2019-12-09T07:07:59.465+0000][1][safepoint    ] Leaving safepoint region
[2019-12-09T07:07:59.465+0000][1][safepoint    ] Total time for which application threads were stopped: 0.0000805 seconds, Stopping threads took: 0.0000174 seconds
[2019-12-09T07:08:20.467+0000][1][safepoint    ] Application time: 21.0014347 seconds
[2019-12-09T07:08:20.467+0000][1][safepoint    ] Entering safepoint region: Cleanup
[2019-12-09T07:08:20.467+0000][1][safepoint    ] Leaving safepoint region
[2019-12-09T07:08:20.467+0000][1][safepoint    ] Total time for which application threads were stopped: 0.0000840 seconds, Stopping threads took: 0.0000249 seconds
[2019-12-09T07:08:21.467+0000][1][safepoint    ] Application time: 1.0000759 seconds
[2019-12-09T07:08:21.467+0000][1][safepoint    ] Entering safepoint region: Cleanup
[2019-12-09T07:08:21.467+0000][1][safepoint    ] Leaving safepoint region
[2019-12-09T07:08:21.467+0000][1][safepoint    ] Total time for which application threads were stopped: 0.0000911 seconds, Stopping threads took: 0.0000169 seconds
[2019-12-09T07:08:23.977+0000][1][safepoint    ] Application time: 2.5100892 seconds
[2019-12-09T07:08:23.977+0000][1][safepoint    ] Entering safepoint region: GenCollectForAllocation
[2019-12-09T07:08:23.977+0000][1][gc,start     ] GC(26) Pause Young (Allocation Failure)
[2019-12-09T07:08:23.977+0000][1][gc,task      ] GC(26) Using 2 workers of 2 for evacuation
[2019-12-09T07:08:23.982+0000][1][gc,age       ] GC(26) Desired survivor size 4456448 bytes, new threshold 6 (max threshold 6)
[2019-12-09T07:08:23.982+0000][1][gc,age       ] GC(26) Age table with threshold 6 (max threshold 6)
[2019-12-09T07:08:23.982+0000][1][gc,age       ] GC(26) - age   1:       6312 bytes,       6312 total
[2019-12-09T07:08:23.982+0000][1][gc,age       ] GC(26) - age   2:      10496 bytes,      16808 total
[2019-12-09T07:08:23.982+0000][1][gc,age       ] GC(26) - age   3:       4528 bytes,      21336 total
[2019-12-09T07:08:23.982+0000][1][gc,age       ] GC(26) - age   4:    1505944 bytes,    1527280 total
[2019-12-09T07:08:23.982+0000][1][gc,heap      ] GC(26) ParNew: 72312K->2349K(78656K)
[2019-12-09T07:08:23.982+0000][1][gc,heap      ] GC(26) CMS: 67894K->67894K(174784K)
[2019-12-09T07:08:23.982+0000][1][gc,metaspace ] GC(26) Metaspace: 68333K->68333K(1112064K)
[2019-12-09T07:08:23.982+0000][1][gc           ] GC(26) Pause Young (Allocation Failure) 136M->68M(247M) 4.905ms
[2019-12-09T07:08:23.982+0000][1][gc,cpu       ] GC(26) User=0.01s Sys=0.00s Real=0.00s
[2019-12-09T07:08:23.982+0000][1][safepoint    ] Leaving safepoint region
[2019-12-09T07:08:23.982+0000][1][safepoint    ] Total time for which application threads were stopped: 0.0050551 seconds, Stopping threads took: 0.0000198 seconds
[2019-12-09T07:08:25.983+0000][1][safepoint    ] Application time: 2.0001516 seconds
[2019-12-09T07:08:25.983+0000][1][safepoint    ] Entering safepoint region: Cleanup
[2019-12-09T07:08:25.983+0000][1][safepoint    ] Leaving safepoint region
[2019-12-09T07:08:25.983+0000][1][safepoint    ] Total time for which application threads were stopped: 0.0000821 seconds, Stopping threads took: 0.0000175 seconds
[2019-12-09T07:08:28.983+0000][1][safepoint    ] Application time: 3.0002198 seconds
[2019-12-09T07:08:28.983+0000][1][safepoint    ] Entering safepoint region: Cleanup
[2019-12-09T07:08:28.983+0000][1][safepoint    ] Leaving safepoint region
[2019-12-09T07:08:28.983+0000][1][safepoint    ] Total time for which application threads were stopped: 0.0000787 seconds, Stopping threads took: 0.0000162 seconds
[2019-12-09T07:08:32.984+0000][1][safepoint    ] Application time: 4.0010218 seconds
[2019-12-09T07:08:32.984+0000][1][safepoint    ] Entering safepoint region: Cleanup
[2019-12-09T07:08:32.984+0000][1][safepoint    ] Leaving safepoint region
[2019-12-09T07:08:32.984+0000][1][safepoint    ] Total time for which application threads were stopped: 0.0000867 seconds, Stopping threads took: 0.0000173 seconds
[2019-12-09T07:08:50.985+0000][1][safepoint    ] Application time: 18.0012122 seconds
[2019-12-09T07:08:50.985+0000][1][safepoint    ] Entering safepoint region: Cleanup
[2019-12-09T07:08:50.985+0000][1][safepoint    ] Leaving safepoint region
[2019-12-09T07:08:50.985+0000][1][safepoint    ] Total time for which application threads were stopped: 0.0000892 seconds, Stopping threads took: 0.0000258 seconds
[2019-12-09T07:08:58.986+0000][1][safepoint    ] Application time: 8.0005761 seconds
[2019-12-09T07:08:58.986+0000][1][safepoint    ] Entering safepoint region: Cleanup
[2019-12-09T07:08:58.986+0000][1][safepoint    ] Leaving safepoint region
[2019-12-09T07:08:58.986+0000][1][safepoint    ] Total time for which application threads were stopped: 0.0000793 seconds, Stopping threads took: 0.0000171 seconds
[2019-12-09T07:09:15.987+0000][1][safepoint    ] Application time: 17.0011436 seconds
[2019-12-09T07:09:15.987+0000][1][safepoint    ] Entering safepoint region: Cleanup
[2019-12-09T07:09:15.987+0000][1][safepoint    ] Leaving safepoint region
[2019-12-09T07:09:15.987+0000][1][safepoint    ] Total time for which application threads were stopped: 0.0000857 seconds, Stopping threads took: 0.0000227 seconds
[2019-12-09T07:09:18.988+0000][1][safepoint    ] Application time: 3.0002126 seconds
[2019-12-09T07:09:18.988+0000][1][safepoint    ] Entering safepoint region: Cleanup
[2019-12-09T07:09:18.988+0000][1][safepoint    ] Leaving safepoint region
[2019-12-09T07:09:18.988+0000][1][safepoint    ] Total time for which application threads were stopped: 0.0000808 seconds, Stopping threads took: 0.0000166 seconds
[2019-12-09T07:09:19.988+0000][1][safepoint    ] Application time: 1.0000759 seconds
[2019-12-09T07:09:19.988+0000][1][safepoint    ] Entering safepoint region: Cleanup
[2019-12-09T07:09:19.988+0000][1][safepoint    ] Leaving safepoint region
[2019-12-09T07:09:19.988+0000][1][safepoint    ] Total time for which application threads were stopped: 0.0000811 seconds, Stopping threads took: 0.0000171 seconds
[2019-12-09T07:09:36.989+0000][1][safepoint    ] Application time: 17.0011629 seconds
[2019-12-09T07:09:36.989+0000][1][safepoint    ] Entering safepoint region: Cleanup
[2019-12-09T07:09:36.989+0000][1][safepoint    ] Leaving safepoint region
[2019-12-09T07:09:36.989+0000][1][safepoint    ] Total time for which application threads were stopped: 0.0000763 seconds, Stopping threads took: 0.0000161 seconds
[2019-12-09T07:09:59.991+0000][1][safepoint    ] Application time: 23.0015645 seconds
[2019-12-09T07:09:59.991+0000][1][safepoint    ] Entering safepoint region: Cleanup
[2019-12-09T07:09:59.991+0000][1][safepoint    ] Leaving safepoint region
[2019-12-09T07:09:59.991+0000][1][safepoint    ] Total time for which application threads were stopped: 0.0000877 seconds, Stopping threads took: 0.0000257 seconds
[2019-12-09T07:10:12.992+0000][1][safepoint    ] Application time: 13.0009290 seconds
[2019-12-09T07:10:12.992+0000][1][safepoint    ] Entering safepoint region: Cleanup
[2019-12-09T07:10:12.992+0000][1][safepoint    ] Leaving safepoint region
[2019-12-09T07:10:12.992+0000][1][safepoint    ] Total time for which application threads were stopped: 0.0001162 seconds, Stopping threads took: 0.0000336 seconds
[2019-12-09T07:10:18.992+0000][1][safepoint    ] Application time: 6.0004091 seconds
[2019-12-09T07:10:18.993+0000][1][safepoint    ] Entering safepoint region: Cleanup
[2019-12-09T07:10:18.993+0000][1][safepoint    ] Leaving safepoint region
[2019-12-09T07:10:18.993+0000][1][safepoint    ] Total time for which application threads were stopped: 0.0000803 seconds, Stopping threads took: 0.0000169 seconds
[2019-12-09T07:10:20.993+0000][1][safepoint    ] Application time: 2.0001567 seconds
[2019-12-09T07:10:20.993+0000][1][safepoint    ] Entering safepoint region: Cleanup
[2019-12-09T07:10:20.993+0000][1][safepoint    ] Leaving safepoint region
[2019-12-09T07:10:20.993+0000][1][safepoint    ] Total time for which application threads were stopped: 0.0001008 seconds, Stopping threads took: 0.0000220 seconds
[2019-12-09T07:10:23.925+0000][1][safepoint    ] Application time: 2.9319476 seconds
[2019-12-09T07:10:23.925+0000][1][safepoint    ] Entering safepoint region: GenCollectForAllocation
[2019-12-09T07:10:23.925+0000][1][gc,start     ] GC(27) Pause Young (Allocation Failure)
[2019-12-09T07:10:23.925+0000][1][gc,task      ] GC(27) Using 2 workers of 2 for evacuation
[2019-12-09T07:10:23.930+0000][1][gc,age       ] GC(27) Desired survivor size 4456448 bytes, new threshold 6 (max threshold 6)
[2019-12-09T07:10:23.930+0000][1][gc,age       ] GC(27) Age table with threshold 6 (max threshold 6)
[2019-12-09T07:10:23.930+0000][1][gc,age       ] GC(27) - age   1:       5976 bytes,       5976 total
[2019-12-09T07:10:23.930+0000][1][gc,age       ] GC(27) - age   2:       3040 bytes,       9016 total
[2019-12-09T07:10:23.930+0000][1][gc,age       ] GC(27) - age   3:      10496 bytes,      19512 total
[2019-12-09T07:10:23.930+0000][1][gc,age       ] GC(27) - age   4:       4528 bytes,      24040 total
[2019-12-09T07:10:23.930+0000][1][gc,age       ] GC(27) - age   5:    1505944 bytes,    1529984 total
[2019-12-09T07:10:23.930+0000][1][gc,heap      ] GC(27) ParNew: 72301K->2265K(78656K)
[2019-12-09T07:10:23.930+0000][1][gc,heap      ] GC(27) CMS: 67894K->67894K(174784K)
[2019-12-09T07:10:23.930+0000][1][gc,metaspace ] GC(27) Metaspace: 68363K->68363K(1112064K)
[2019-12-09T07:10:23.930+0000][1][gc           ] GC(27) Pause Young (Allocation Failure) 136M->68M(247M) 5.235ms
[2019-12-09T07:10:23.930+0000][1][gc,cpu       ] GC(27) User=0.01s Sys=0.00s Real=0.00s
[2019-12-09T07:10:23.930+0000][1][safepoint    ] Leaving safepoint region
[2019-12-09T07:10:23.930+0000][1][safepoint    ] Total time for which application threads were stopped: 0.0054146 seconds, Stopping threads took: 0.0000223 seconds
[2019-12-09T07:10:33.931+0000][1][safepoint    ] Application time: 10.0006898 seconds
[2019-12-09T07:10:33.931+0000][1][safepoint    ] Entering safepoint region: Cleanup
[2019-12-09T07:10:33.931+0000][1][safepoint    ] Leaving safepoint region
[2019-12-09T07:10:33.931+0000][1][safepoint    ] Total time for which application threads were stopped: 0.0000945 seconds, Stopping threads took: 0.0000270 seconds
[2019-12-09T07:10:37.931+0000][1][safepoint    ] Application time: 4.0002746 seconds
[2019-12-09T07:10:37.931+0000][1][safepoint    ] Entering safepoint region: Cleanup
[2019-12-09T07:10:37.932+0000][1][safepoint    ] Leaving safepoint region
[2019-12-09T07:10:37.932+0000][1][safepoint    ] Total time for which application threads were stopped: 0.0000816 seconds, Stopping threads took: 0.0000172 seconds
[2019-12-09T07:10:38.932+0000][1][safepoint    ] Application time: 1.0000774 seconds
[2019-12-09T07:10:38.932+0000][1][safepoint    ] Entering safepoint region: Cleanup
[2019-12-09T07:10:38.932+0000][1][safepoint    ] Leaving safepoint region
[2019-12-09T07:10:38.932+0000][1][safepoint    ] Total time for which application threads were stopped: 0.0000945 seconds, Stopping threads took: 0.0000310 seconds
[2019-12-09T07:10:39.932+0000][1][safepoint    ] Application time: 1.0000773 seconds
[2019-12-09T07:10:39.932+0000][1][safepoint    ] Entering safepoint region: Cleanup
[2019-12-09T07:10:39.932+0000][1][safepoint    ] Leaving safepoint region
[2019-12-09T07:10:39.932+0000][1][safepoint    ] Total time for which application threads were stopped: 0.0000842 seconds, Stopping threads took: 0.0000186 seconds
[2019-12-09T07:10:40.932+0000][1][safepoint    ] Application time: 1.0000762 seconds
[2019-12-09T07:10:40.932+0000][1][safepoint    ] Entering safepoint region: Cleanup
[2019-12-09T07:10:40.932+0000][1][safepoint    ] Leaving safepoint region
[2019-12-09T07:10:40.932+0000][1][safepoint    ] Total time for which application threads were stopped: 0.0000820 seconds, Stopping threads took: 0.0000176 seconds
[2019-12-09T07:10:41.932+0000][1][safepoint    ] Application time: 1.0000793 seconds
[2019-12-09T07:10:41.932+0000][1][safepoint    ] Entering safepoint region: Cleanup
[2019-12-09T07:10:41.932+0000][1][safepoint    ] Leaving safepoint region
[2019-12-09T07:10:41.932+0000][1][safepoint    ] Total time for which application threads were stopped: 0.0000828 seconds, Stopping threads took: 0.0000180 seconds
[2019-12-09T07:10:48.933+0000][1][safepoint    ] Application time: 7.0009212 seconds
[2019-12-09T07:10:48.933+0000][1][safepoint    ] Entering safepoint region: Cleanup
[2019-12-09T07:10:48.933+0000][1][safepoint    ] Leaving safepoint region
[2019-12-09T07:10:48.933+0000][1][safepoint    ] Total time for which application threads were stopped: 0.0001094 seconds, Stopping threads took: 0.0000234 seconds
[2019-12-09T07:10:49.934+0000][1][safepoint    ] Application time: 1.0000742 seconds
[2019-12-09T07:10:49.934+0000][1][safepoint    ] Entering safepoint region: Cleanup
[2019-12-09T07:10:49.934+0000][1][safepoint    ] Leaving safepoint region
[2019-12-09T07:10:49.934+0000][1][safepoint    ] Total time for which application threads were stopped: 0.0000842 seconds, Stopping threads took: 0.0000186 seconds
[2019-12-09T07:10:51.934+0000][1][safepoint    ] Application time: 2.0001531 seconds
[2019-12-09T07:10:51.934+0000][1][safepoint    ] Entering safepoint region: Cleanup
[2019-12-09T07:10:51.934+0000][1][safepoint    ] Leaving safepoint region
[2019-12-09T07:10:51.934+0000][1][safepoint    ] Total time for which application threads were stopped: 0.0000826 seconds, Stopping threads took: 0.0000176 seconds
[2019-12-09T07:10:52.934+0000][1][safepoint    ] Application time: 1.0000759 seconds
[2019-12-09T07:10:52.934+0000][1][safepoint    ] Entering safepoint region: Cleanup
[2019-12-09T07:10:52.934+0000][1][safepoint    ] Leaving safepoint region
[2019-12-09T07:10:52.934+0000][1][safepoint    ] Total time for which application threads were stopped: 0.0000920 seconds, Stopping threads took: 0.0000183 seconds
[2019-12-09T07:10:54.934+0000][1][safepoint    ] Application time: 2.0001466 seconds
[2019-12-09T07:10:54.934+0000][1][safepoint    ] Entering safepoint region: Cleanup
[2019-12-09T07:10:54.934+0000][1][safepoint    ] Leaving safepoint region
[2019-12-09T07:10:54.934+0000][1][safepoint    ] Total time for which application threads were stopped: 0.0000853 seconds, Stopping threads took: 0.0000193 seconds
[2019-12-09T07:11:04.935+0000][1][safepoint    ] Application time: 10.0006893 seconds
[2019-12-09T07:11:04.935+0000][1][safepoint    ] Entering safepoint region: Cleanup
[2019-12-09T07:11:04.935+0000][1][safepoint    ] Leaving safepoint region
[2019-12-09T07:11:04.935+0000][1][safepoint    ] Total time for which application threads were stopped: 0.0001230 seconds, Stopping threads took: 0.0000371 seconds
[2019-12-09T07:11:05.935+0000][1][safepoint    ] Application time: 1.0000759 seconds
[2019-12-09T07:11:05.935+0000][1][safepoint    ] Entering safepoint region: Cleanup
[2019-12-09T07:11:05.936+0000][1][safepoint    ] Leaving safepoint region
[2019-12-09T07:11:05.936+0000][1][safepoint    ] Total time for which application threads were stopped: 0.0000816 seconds, Stopping threads took: 0.0000171 seconds
[2019-12-09T07:11:11.936+0000][1][safepoint    ] Application time: 6.0004054 seconds
[2019-12-09T07:11:11.936+0000][1][safepoint    ] Entering safepoint region: Cleanup
[2019-12-09T07:11:11.936+0000][1][safepoint    ] Leaving safepoint region
[2019-12-09T07:11:11.936+0000][1][safepoint    ] Total time for which application threads were stopped: 0.0000841 seconds, Stopping threads took: 0.0000170 seconds
[2019-12-09T07:11:12.936+0000][1][safepoint    ] Application time: 1.0000754 seconds
[2019-12-09T07:11:12.936+0000][1][safepoint    ] Entering safepoint region: Cleanup
[2019-12-09T07:11:12.936+0000][1][safepoint    ] Leaving safepoint region
[2019-12-09T07:11:12.936+0000][1][safepoint    ] Total time for which application threads were stopped: 0.0000816 seconds, Stopping threads took: 0.0000172 seconds
[2019-12-09T07:11:16.937+0000][1][safepoint    ] Application time: 4.0002826 seconds
[2019-12-09T07:11:16.937+0000][1][safepoint    ] Entering safepoint region: Cleanup
[2019-12-09T07:11:16.937+0000][1][safepoint    ] Leaving safepoint region
[2019-12-09T07:11:16.937+0000][1][safepoint    ] Total time for which application threads were stopped: 0.0000825 seconds, Stopping threads took: 0.0000183 seconds
[2019-12-09T07:11:25.937+0000][1][safepoint    ] Application time: 9.0006138 seconds
[2019-12-09T07:11:25.937+0000][1][safepoint    ] Entering safepoint region: Cleanup
[2019-12-09T07:11:25.937+0000][1][safepoint    ] Leaving safepoint region
[2019-12-09T07:11:25.937+0000][1][safepoint    ] Total time for which application threads were stopped: 0.0000812 seconds, Stopping threads took: 0.0000170 seconds
[2019-12-09T07:11:26.937+0000][1][safepoint    ] Application time: 1.0000775 seconds
[2019-12-09T07:11:26.938+0000][1][safepoint    ] Entering safepoint region: Cleanup
[2019-12-09T07:11:26.938+0000][1][safepoint    ] Leaving safepoint region
[2019-12-09T07:11:26.938+0000][1][safepoint    ] Total time for which application threads were stopped: 0.0000821 seconds, Stopping threads took: 0.0000185 seconds
[2019-12-09T07:11:33.938+0000][1][safepoint    ] Application time: 7.0004288 seconds
[2019-12-09T07:11:33.938+0000][1][safepoint    ] Entering safepoint region: Cleanup
[2019-12-09T07:11:33.938+0000][1][safepoint    ] Leaving safepoint region
[2019-12-09T07:11:33.938+0000][1][safepoint    ] Total time for which application threads were stopped: 0.0000829 seconds, Stopping threads took: 0.0000173 seconds
[2019-12-09T07:11:34.938+0000][1][safepoint    ] Application time: 1.0000764 seconds
[2019-12-09T07:11:34.938+0000][1][safepoint    ] Entering safepoint region: Cleanup
[2019-12-09T07:11:34.938+0000][1][safepoint    ] Leaving safepoint region
[2019-12-09T07:11:34.938+0000][1][safepoint    ] Total time for which application threads were stopped: 0.0000888 seconds, Stopping threads took: 0.0000176 seconds
[2019-12-09T07:11:38.939+0000][1][safepoint    ] Application time: 4.0002749 seconds
[2019-12-09T07:11:38.939+0000][1][safepoint    ] Entering safepoint region: Cleanup
[2019-12-09T07:11:38.939+0000][1][safepoint    ] Leaving safepoint region
[2019-12-09T07:11:38.939+0000][1][safepoint    ] Total time for which application threads were stopped: 0.0000924 seconds, Stopping threads took: 0.0000288 seconds
[2019-12-09T07:11:39.939+0000][1][safepoint    ] Application time: 1.0000760 seconds
[2019-12-09T07:11:39.939+0000][1][safepoint    ] Entering safepoint region: Cleanup
[2019-12-09T07:11:39.939+0000][1][safepoint    ] Leaving safepoint region
[2019-12-09T07:11:39.939+0000][1][safepoint    ] Total time for which application threads were stopped: 0.0000845 seconds, Stopping threads took: 0.0000170 seconds
[2019-12-09T07:11:44.939+0000][1][safepoint    ] Application time: 5.0003443 seconds
[2019-12-09T07:11:44.939+0000][1][safepoint    ] Entering safepoint region: Cleanup
[2019-12-09T07:11:44.939+0000][1][safepoint    ] Leaving safepoint region
[2019-12-09T07:11:44.939+0000][1][safepoint    ] Total time for which application threads were stopped: 0.0000825 seconds, Stopping threads took: 0.0000184 seconds
[2019-12-09T07:11:48.940+0000][1][safepoint    ] Application time: 4.0002699 seconds
[2019-12-09T07:11:48.940+0000][1][safepoint    ] Entering safepoint region: Cleanup
[2019-12-09T07:11:48.940+0000][1][safepoint    ] Leaving safepoint region
[2019-12-09T07:11:48.940+0000][1][safepoint    ] Total time for which application threads were stopped: 0.0000855 seconds, Stopping threads took: 0.0000171 seconds
[2019-12-09T07:11:54.940+0000][1][safepoint    ] Application time: 6.0004124 seconds
[2019-12-09T07:11:54.940+0000][1][safepoint    ] Entering safepoint region: Cleanup
[2019-12-09T07:11:54.940+0000][1][safepoint    ] Leaving safepoint region
[2019-12-09T07:11:54.940+0000][1][safepoint    ] Total time for which application threads were stopped: 0.0000850 seconds, Stopping threads took: 0.0000183 seconds
[2019-12-09T07:11:58.941+0000][1][safepoint    ] Application time: 4.0002810 seconds
[2019-12-09T07:11:58.941+0000][1][safepoint    ] Entering safepoint region: Cleanup
[2019-12-09T07:11:58.941+0000][1][safepoint    ] Leaving safepoint region
[2019-12-09T07:11:58.941+0000][1][safepoint    ] Total time for which application threads were stopped: 0.0000877 seconds, Stopping threads took: 0.0000192 seconds
[2019-12-09T07:11:59.941+0000][1][safepoint    ] Application time: 1.0000764 seconds
[2019-12-09T07:11:59.941+0000][1][safepoint    ] Entering safepoint region: Cleanup
[2019-12-09T07:11:59.941+0000][1][safepoint    ] Leaving safepoint region
[2019-12-09T07:11:59.941+0000][1][safepoint    ] Total time for which application threads were stopped: 0.0000895 seconds, Stopping threads took: 0.0000226 seconds
[2019-12-09T07:12:00.941+0000][1][safepoint    ] Application time: 1.0000756 seconds
[2019-12-09T07:12:00.941+0000][1][safepoint    ] Entering safepoint region: Cleanup
[2019-12-09T07:12:00.941+0000][1][safepoint    ] Leaving safepoint region
[2019-12-09T07:12:00.941+0000][1][safepoint    ] Total time for which application threads were stopped: 0.0000853 seconds, Stopping threads took: 0.0000173 seconds
[2019-12-09T07:12:04.942+0000][1][safepoint    ] Application time: 4.0002963 seconds
[2019-12-09T07:12:04.942+0000][1][safepoint    ] Entering safepoint region: Cleanup
[2019-12-09T07:12:04.942+0000][1][safepoint    ] Leaving safepoint region
[2019-12-09T07:12:04.942+0000][1][safepoint    ] Total time for which application threads were stopped: 0.0000943 seconds, Stopping threads took: 0.0000254 seconds
[2019-12-09T07:12:23.978+0000][1][safepoint    ] Application time: 19.0364543 seconds
[2019-12-09T07:12:23.978+0000][1][safepoint    ] Entering safepoint region: GenCollectForAllocation
[2019-12-09T07:12:23.978+0000][1][gc,start     ] GC(28) Pause Young (Allocation Failure)
[2019-12-09T07:12:23.978+0000][1][gc,task      ] GC(28) Using 2 workers of 2 for evacuation
[2019-12-09T07:12:23.983+0000][1][gc,age       ] GC(28) Desired survivor size 4456448 bytes, new threshold 6 (max threshold 6)
[2019-12-09T07:12:23.983+0000][1][gc,age       ] GC(28) Age table with threshold 6 (max threshold 6)
[2019-12-09T07:12:23.983+0000][1][gc,age       ] GC(28) - age   1:       5944 bytes,       5944 total
[2019-12-09T07:12:23.983+0000][1][gc,age       ] GC(28) - age   2:       2808 bytes,       8752 total
[2019-12-09T07:12:23.983+0000][1][gc,age       ] GC(28) - age   3:       3040 bytes,      11792 total
[2019-12-09T07:12:23.983+0000][1][gc,age       ] GC(28) - age   4:      10496 bytes,      22288 total
[2019-12-09T07:12:23.983+0000][1][gc,age       ] GC(28) - age   5:       4528 bytes,      26816 total
[2019-12-09T07:12:23.983+0000][1][gc,age       ] GC(28) - age   6:    1505944 bytes,    1532760 total
[2019-12-09T07:12:23.983+0000][1][gc,heap      ] GC(28) ParNew: 72217K->2247K(78656K)
[2019-12-09T07:12:23.983+0000][1][gc,heap      ] GC(28) CMS: 67894K->67894K(174784K)
[2019-12-09T07:12:23.983+0000][1][gc,metaspace ] GC(28) Metaspace: 68380K->68380K(1112064K)
[2019-12-09T07:12:23.983+0000][1][gc           ] GC(28) Pause Young (Allocation Failure) 136M->68M(247M) 4.999ms
[2019-12-09T07:12:23.983+0000][1][gc,cpu       ] GC(28) User=0.01s Sys=0.00s Real=0.00s
[2019-12-09T07:12:23.983+0000][1][safepoint    ] Leaving safepoint region
[2019-12-09T07:12:23.983+0000][1][safepoint    ] Total time for which application threads were stopped: 0.0051332 seconds, Stopping threads took: 0.0000154 seconds
[2019-12-09T07:12:29.984+0000][1][safepoint    ] Application time: 6.0004224 seconds
[2019-12-09T07:12:29.984+0000][1][safepoint    ] Entering safepoint region: Cleanup
[2019-12-09T07:12:29.984+0000][1][safepoint    ] Leaving safepoint region
[2019-12-09T07:12:29.984+0000][1][safepoint    ] Total time for which application threads were stopped: 0.0000719 seconds, Stopping threads took: 0.0000151 seconds
[2019-12-09T07:12:31.984+0000][1][safepoint    ] Application time: 2.0001435 seconds
[2019-12-09T07:12:31.984+0000][1][safepoint    ] Entering safepoint region: Cleanup
[2019-12-09T07:12:31.984+0000][1][safepoint    ] Leaving safepoint region
[2019-12-09T07:12:31.984+0000][1][safepoint    ] Total time for which application threads were stopped: 0.0000725 seconds, Stopping threads took: 0.0000148 seconds
[2019-12-09T07:12:42.985+0000][1][safepoint    ] Application time: 11.0007267 seconds
[2019-12-09T07:12:42.985+0000][1][safepoint    ] Entering safepoint region: Cleanup
[2019-12-09T07:12:42.985+0000][1][safepoint    ] Leaving safepoint region
[2019-12-09T07:12:42.985+0000][1][safepoint    ] Total time for which application threads were stopped: 0.0000853 seconds, Stopping threads took: 0.0000246 seconds
[2019-12-09T07:12:47.985+0000][1][safepoint    ] Application time: 5.0003665 seconds
[2019-12-09T07:12:47.985+0000][1][safepoint    ] Entering safepoint region: Cleanup
[2019-12-09T07:12:47.985+0000][1][safepoint    ] Leaving safepoint region
[2019-12-09T07:12:47.985+0000][1][safepoint    ] Total time for which application threads were stopped: 0.0001045 seconds, Stopping threads took: 0.0000227 seconds
[2019-12-09T07:12:52.986+0000][1][safepoint    ] Application time: 5.0003576 seconds
[2019-12-09T07:12:52.986+0000][1][safepoint    ] Entering safepoint region: Cleanup
[2019-12-09T07:12:52.986+0000][1][safepoint    ] Leaving safepoint region
[2019-12-09T07:12:52.986+0000][1][safepoint    ] Total time for which application threads were stopped: 0.0000777 seconds, Stopping threads took: 0.0000174 seconds
[2019-12-09T07:12:56.986+0000][1][safepoint    ] Application time: 4.0002771 seconds
[2019-12-09T07:12:56.986+0000][1][safepoint    ] Entering safepoint region: Cleanup
[2019-12-09T07:12:56.986+0000][1][safepoint    ] Leaving safepoint region
[2019-12-09T07:12:56.986+0000][1][safepoint    ] Total time for which application threads were stopped: 0.0000719 seconds, Stopping threads took: 0.0000149 seconds
[2019-12-09T07:13:03.987+0000][1][safepoint    ] Application time: 7.0005090 seconds
[2019-12-09T07:13:03.987+0000][1][safepoint    ] Entering safepoint region: Cleanup
[2019-12-09T07:13:03.987+0000][1][safepoint    ] Leaving safepoint region
[2019-12-09T07:13:03.987+0000][1][safepoint    ] Total time for which application threads were stopped: 0.0000922 seconds, Stopping threads took: 0.0000162 seconds
[2019-12-09T07:13:08.987+0000][1][safepoint    ] Application time: 5.0003428 seconds
[2019-12-09T07:13:08.987+0000][1][safepoint    ] Entering safepoint region: Cleanup
[2019-12-09T07:13:08.987+0000][1][safepoint    ] Leaving safepoint region
[2019-12-09T07:13:08.987+0000][1][safepoint    ] Total time for which application threads were stopped: 0.0000875 seconds, Stopping threads took: 0.0000271 seconds
[2019-12-09T07:13:15.988+0000][1][safepoint    ] Application time: 7.0004914 seconds
[2019-12-09T07:13:15.988+0000][1][safepoint    ] Entering safepoint region: Cleanup
[2019-12-09T07:13:15.988+0000][1][safepoint    ] Leaving safepoint region
[2019-12-09T07:13:15.988+0000][1][safepoint    ] Total time for which application threads were stopped: 0.0000844 seconds, Stopping threads took: 0.0000259 seconds
[2019-12-09T07:13:30.989+0000][1][safepoint    ] Application time: 15.0010138 seconds
[2019-12-09T07:13:30.989+0000][1][safepoint    ] Entering safepoint region: Cleanup
[2019-12-09T07:13:30.989+0000][1][safepoint    ] Leaving safepoint region
[2019-12-09T07:13:30.989+0000][1][safepoint    ] Total time for which application threads were stopped: 0.0000767 seconds, Stopping threads took: 0.0000151 seconds
[2019-12-09T07:13:31.989+0000][1][safepoint    ] Application time: 1.0000759 seconds
[2019-12-09T07:13:31.989+0000][1][safepoint    ] Entering safepoint region: Cleanup
[2019-12-09T07:13:31.989+0000][1][safepoint    ] Leaving safepoint region
[2019-12-09T07:13:31.989+0000][1][safepoint    ] Total time for which application threads were stopped: 0.0000743 seconds, Stopping threads took: 0.0000159 seconds
[2019-12-09T07:13:34.989+0000][1][safepoint    ] Application time: 3.0002087 seconds
[2019-12-09T07:13:34.989+0000][1][safepoint    ] Entering safepoint region: Cleanup
[2019-12-09T07:13:34.990+0000][1][safepoint    ] Leaving safepoint region
[2019-12-09T07:13:34.990+0000][1][safepoint    ] Total time for which application threads were stopped: 0.0000755 seconds, Stopping threads took: 0.0000161 seconds
[2019-12-09T07:13:45.990+0000][1][safepoint    ] Application time: 11.0007521 seconds
[2019-12-09T07:13:45.990+0000][1][safepoint    ] Entering safepoint region: Cleanup
[2019-12-09T07:13:45.990+0000][1][safepoint    ] Leaving safepoint region
[2019-12-09T07:13:45.990+0000][1][safepoint    ] Total time for which application threads were stopped: 0.0000847 seconds, Stopping threads took: 0.0000247 seconds
[2019-12-09T07:13:46.990+0000][1][safepoint    ] Application time: 1.0000763 seconds
[2019-12-09T07:13:46.991+0000][1][safepoint    ] Entering safepoint region: Cleanup
[2019-12-09T07:13:46.991+0000][1][safepoint    ] Leaving safepoint region
[2019-12-09T07:13:46.991+0000][1][safepoint    ] Total time for which application threads were stopped: 0.0000743 seconds, Stopping threads took: 0.0000159 seconds
[2019-12-09T07:13:48.991+0000][1][safepoint    ] Application time: 2.0001494 seconds
[2019-12-09T07:13:48.991+0000][1][safepoint    ] Entering safepoint region: Cleanup
[2019-12-09T07:13:48.991+0000][1][safepoint    ] Leaving safepoint region
[2019-12-09T07:13:48.991+0000][1][safepoint    ] Total time for which application threads were stopped: 0.0000766 seconds, Stopping threads took: 0.0000159 seconds
[2019-12-09T07:13:52.991+0000][1][safepoint    ] Application time: 4.0002797 seconds
[2019-12-09T07:13:52.991+0000][1][safepoint    ] Entering safepoint region: Cleanup
[2019-12-09T07:13:52.991+0000][1][safepoint    ] Leaving safepoint region
[2019-12-09T07:13:52.991+0000][1][safepoint    ] Total time for which application threads were stopped: 0.0000959 seconds, Stopping threads took: 0.0000199 seconds
[2019-12-09T07:14:04.992+0000][1][safepoint    ] Application time: 12.0008146 seconds
[2019-12-09T07:14:04.992+0000][1][safepoint    ] Entering safepoint region: Cleanup
[2019-12-09T07:14:04.992+0000][1][safepoint    ] Leaving safepoint region
[2019-12-09T07:14:04.992+0000][1][safepoint    ] Total time for which application threads were stopped: 0.0000820 seconds, Stopping threads took: 0.0000176 seconds
[2019-12-09T07:14:09.993+0000][1][safepoint    ] Application time: 5.0003466 seconds
[2019-12-09T07:14:09.993+0000][1][safepoint    ] Entering safepoint region: Cleanup
[2019-12-09T07:14:09.993+0000][1][safepoint    ] Leaving safepoint region
[2019-12-09T07:14:09.993+0000][1][safepoint    ] Total time for which application threads were stopped: 0.0000811 seconds, Stopping threads took: 0.0000178 seconds
[2019-12-09T07:14:10.993+0000][1][safepoint    ] Application time: 1.0000760 seconds
[2019-12-09T07:14:10.993+0000][1][safepoint    ] Entering safepoint region: Cleanup
[2019-12-09T07:14:10.993+0000][1][safepoint    ] Leaving safepoint region
[2019-12-09T07:14:10.993+0000][1][safepoint    ] Total time for which application threads were stopped: 0.0000794 seconds, Stopping threads took: 0.0000170 seconds
[2019-12-09T07:14:14.993+0000][1][safepoint    ] Application time: 4.0002755 seconds
[2019-12-09T07:14:14.993+0000][1][safepoint    ] Entering safepoint region: Cleanup
[2019-12-09T07:14:14.993+0000][1][safepoint    ] Leaving safepoint region
[2019-12-09T07:14:14.993+0000][1][safepoint    ] Total time for which application threads were stopped: 0.0000875 seconds, Stopping threads took: 0.0000218 seconds
[2019-12-09T07:14:24.028+0000][1][safepoint    ] Application time: 9.0344212 seconds
[2019-12-09T07:14:24.028+0000][1][safepoint    ] Entering safepoint region: GenCollectForAllocation
[2019-12-09T07:14:24.028+0000][1][gc,start     ] GC(29) Pause Young (Allocation Failure)
[2019-12-09T07:14:24.028+0000][1][gc,task      ] GC(29) Using 2 workers of 2 for evacuation
[2019-12-09T07:14:24.034+0000][1][gc,age       ] GC(29) Desired survivor size 4456448 bytes, new threshold 6 (max threshold 6)
[2019-12-09T07:14:24.034+0000][1][gc,age       ] GC(29) Age table with threshold 6 (max threshold 6)
[2019-12-09T07:14:24.034+0000][1][gc,age       ] GC(29) - age   1:       8680 bytes,       8680 total
[2019-12-09T07:14:24.034+0000][1][gc,age       ] GC(29) - age   2:       1872 bytes,      10552 total
[2019-12-09T07:14:24.034+0000][1][gc,age       ] GC(29) - age   3:       2808 bytes,      13360 total
[2019-12-09T07:14:24.034+0000][1][gc,age       ] GC(29) - age   4:       3040 bytes,      16400 total
[2019-12-09T07:14:24.034+0000][1][gc,age       ] GC(29) - age   5:      10496 bytes,      26896 total
[2019-12-09T07:14:24.034+0000][1][gc,age       ] GC(29) - age   6:       4528 bytes,      31424 total
[2019-12-09T07:14:24.034+0000][1][gc,heap      ] GC(29) ParNew: 72199K->1497K(78656K)
[2019-12-09T07:14:24.034+0000][1][gc,heap      ] GC(29) CMS: 67894K->69407K(174784K)
[2019-12-09T07:14:24.034+0000][1][gc,metaspace ] GC(29) Metaspace: 68393K->68393K(1112064K)
[2019-12-09T07:14:24.034+0000][1][gc           ] GC(29) Pause Young (Allocation Failure) 136M->69M(247M) 6.518ms
[2019-12-09T07:14:24.034+0000][1][gc,cpu       ] GC(29) User=0.01s Sys=0.00s Real=0.00s
[2019-12-09T07:14:24.034+0000][1][safepoint    ] Leaving safepoint region
[2019-12-09T07:14:24.034+0000][1][safepoint    ] Total time for which application threads were stopped: 0.0066714 seconds, Stopping threads took: 0.0000196 seconds
[2019-12-09T07:14:49.036+0000][1][safepoint    ] Application time: 25.0017201 seconds
[2019-12-09T07:14:49.036+0000][1][safepoint    ] Entering safepoint region: Cleanup
[2019-12-09T07:14:49.036+0000][1][safepoint    ] Leaving safepoint region
[2019-12-09T07:14:49.036+0000][1][safepoint    ] Total time for which application threads were stopped: 0.0000876 seconds, Stopping threads took: 0.0000269 seconds
[2019-12-09T07:15:10.038+0000][1][safepoint    ] Application time: 21.0014437 seconds
[2019-12-09T07:15:10.038+0000][1][safepoint    ] Entering safepoint region: Cleanup
[2019-12-09T07:15:10.038+0000][1][safepoint    ] Leaving safepoint region
[2019-12-09T07:15:10.038+0000][1][safepoint    ] Total time for which application threads were stopped: 0.0000872 seconds, Stopping threads took: 0.0000250 seconds
[2019-12-09T07:15:11.038+0000][1][safepoint    ] Application time: 1.0000796 seconds
[2019-12-09T07:15:11.038+0000][1][safepoint    ] Entering safepoint region: Cleanup
[2019-12-09T07:15:11.038+0000][1][safepoint    ] Leaving safepoint region
[2019-12-09T07:15:11.038+0000][1][safepoint    ] Total time for which application threads were stopped: 0.0000806 seconds, Stopping threads took: 0.0000184 seconds
[2019-12-09T07:15:30.039+0000][1][safepoint    ] Application time: 19.0013238 seconds
[2019-12-09T07:15:30.039+0000][1][safepoint    ] Entering safepoint region: Cleanup
[2019-12-09T07:15:30.040+0000][1][safepoint    ] Leaving safepoint region
[2019-12-09T07:15:30.040+0000][1][safepoint    ] Total time for which application threads were stopped: 0.0000906 seconds, Stopping threads took: 0.0000271 seconds
[2019-12-09T07:16:06.042+0000][1][safepoint    ] Application time: 36.0023979 seconds
[2019-12-09T07:16:06.042+0000][1][safepoint    ] Entering safepoint region: Cleanup
[2019-12-09T07:16:06.042+0000][1][safepoint    ] Leaving safepoint region
[2019-12-09T07:16:06.042+0000][1][safepoint    ] Total time for which application threads were stopped: 0.0000890 seconds, Stopping threads took: 0.0000255 seconds
[2019-12-09T07:16:11.042+0000][1][safepoint    ] Application time: 5.0003515 seconds
[2019-12-09T07:16:11.042+0000][1][safepoint    ] Entering safepoint region: Cleanup
[2019-12-09T07:16:11.043+0000][1][safepoint    ] Leaving safepoint region
[2019-12-09T07:16:11.043+0000][1][safepoint    ] Total time for which application threads were stopped: 0.0000808 seconds, Stopping threads took: 0.0000166 seconds
[2019-12-09T07:16:12.043+0000][1][safepoint    ] Application time: 1.0000768 seconds
[2019-12-09T07:16:12.043+0000][1][safepoint    ] Entering safepoint region: Cleanup
[2019-12-09T07:16:12.043+0000][1][safepoint    ] Leaving safepoint region
[2019-12-09T07:16:12.043+0000][1][safepoint    ] Total time for which application threads were stopped: 0.0000945 seconds, Stopping threads took: 0.0000174 seconds
[2019-12-09T07:16:24.077+0000][1][safepoint    ] Application time: 12.0341904 seconds
[2019-12-09T07:16:24.077+0000][1][safepoint    ] Entering safepoint region: GenCollectForAllocation
[2019-12-09T07:16:24.077+0000][1][gc,start     ] GC(30) Pause Young (Allocation Failure)
[2019-12-09T07:16:24.077+0000][1][gc,task      ] GC(30) Using 2 workers of 2 for evacuation
[2019-12-09T07:16:24.079+0000][1][gc,age       ] GC(30) Desired survivor size 4456448 bytes, new threshold 6 (max threshold 6)
[2019-12-09T07:16:24.079+0000][1][gc,age       ] GC(30) Age table with threshold 6 (max threshold 6)
[2019-12-09T07:16:24.079+0000][1][gc,age       ] GC(30) - age   1:       6464 bytes,       6464 total
[2019-12-09T07:16:24.079+0000][1][gc,age       ] GC(30) - age   2:       4616 bytes,      11080 total
[2019-12-09T07:16:24.079+0000][1][gc,age       ] GC(30) - age   3:       1872 bytes,      12952 total
[2019-12-09T07:16:24.079+0000][1][gc,age       ] GC(30) - age   4:       2808 bytes,      15760 total
[2019-12-09T07:16:24.079+0000][1][gc,age       ] GC(30) - age   5:       3040 bytes,      18800 total
[2019-12-09T07:16:24.079+0000][1][gc,age       ] GC(30) - age   6:      10496 bytes,      29296 total
[2019-12-09T07:16:24.079+0000][1][gc,heap      ] GC(30) ParNew: 71449K->380K(78656K)
[2019-12-09T07:16:24.079+0000][1][gc,heap      ] GC(30) CMS: 69407K->69412K(174784K)
[2019-12-09T07:16:24.079+0000][1][gc,metaspace ] GC(30) Metaspace: 68396K->68396K(1112064K)
[2019-12-09T07:16:24.079+0000][1][gc           ] GC(30) Pause Young (Allocation Failure) 137M->68M(247M) 1.884ms
[2019-12-09T07:16:24.079+0000][1][gc,cpu       ] GC(30) User=0.00s Sys=0.00s Real=0.00s
[2019-12-09T07:16:24.079+0000][1][safepoint    ] Leaving safepoint region
[2019-12-09T07:16:24.079+0000][1][safepoint    ] Total time for which application threads were stopped: 0.0020375 seconds, Stopping threads took: 0.0000263 seconds
[2019-12-09T07:16:46.081+0000][1][safepoint    ] Application time: 22.0014894 seconds
[2019-12-09T07:16:46.081+0000][1][safepoint    ] Entering safepoint region: Cleanup
[2019-12-09T07:16:46.081+0000][1][safepoint    ] Leaving safepoint region
[2019-12-09T07:16:46.081+0000][1][safepoint    ] Total time for which application threads were stopped: 0.0000860 seconds, Stopping threads took: 0.0000238 seconds
[2019-12-09T07:17:36.094+0000][1][safepoint    ] Application time: 50.0134721 seconds
[2019-12-09T07:17:36.094+0000][1][safepoint    ] Entering safepoint region: Cleanup
[2019-12-09T07:17:36.094+0000][1][safepoint    ] Leaving safepoint region
[2019-12-09T07:17:36.094+0000][1][safepoint    ] Total time for which application threads were stopped: 0.0000859 seconds, Stopping threads took: 0.0000254 seconds
[2019-12-09T07:17:46.095+0000][1][safepoint    ] Application time: 10.0006908 seconds
[2019-12-09T07:17:46.095+0000][1][safepoint    ] Entering safepoint region: Cleanup
[2019-12-09T07:17:46.095+0000][1][safepoint    ] Leaving safepoint region
[2019-12-09T07:17:46.095+0000][1][safepoint    ] Total time for which application threads were stopped: 0.0000830 seconds, Stopping threads took: 0.0000191 seconds
[2019-12-09T07:18:05.096+0000][1][safepoint    ] Application time: 19.0013411 seconds
[2019-12-09T07:18:05.096+0000][1][safepoint    ] Entering safepoint region: Cleanup
[2019-12-09T07:18:05.097+0000][1][safepoint    ] Leaving safepoint region
[2019-12-09T07:18:05.097+0000][1][safepoint    ] Total time for which application threads were stopped: 0.0000855 seconds, Stopping threads took: 0.0000272 seconds
[2019-12-09T07:18:18.097+0000][1][safepoint    ] Application time: 13.0009101 seconds
[2019-12-09T07:18:18.097+0000][1][safepoint    ] Entering safepoint region: Cleanup
[2019-12-09T07:18:18.098+0000][1][safepoint    ] Leaving safepoint region
[2019-12-09T07:18:18.098+0000][1][safepoint    ] Total time for which application threads were stopped: 0.0000811 seconds, Stopping threads took: 0.0000269 seconds
[2019-12-09T07:18:24.127+0000][1][safepoint    ] Application time: 6.0289968 seconds
[2019-12-09T07:18:24.127+0000][1][safepoint    ] Entering safepoint region: GenCollectForAllocation
[2019-12-09T07:18:24.127+0000][1][gc,start     ] GC(31) Pause Young (Allocation Failure)
[2019-12-09T07:18:24.127+0000][1][gc,task      ] GC(31) Using 2 workers of 2 for evacuation
[2019-12-09T07:18:24.128+0000][1][gc,age       ] GC(31) Desired survivor size 4456448 bytes, new threshold 6 (max threshold 6)
[2019-12-09T07:18:24.128+0000][1][gc,age       ] GC(31) Age table with threshold 6 (max threshold 6)
[2019-12-09T07:18:24.128+0000][1][gc,age       ] GC(31) - age   1:       5104 bytes,       5104 total
[2019-12-09T07:18:24.128+0000][1][gc,age       ] GC(31) - age   2:       2448 bytes,       7552 total
[2019-12-09T07:18:24.128+0000][1][gc,age       ] GC(31) - age   3:       4616 bytes,      12168 total
[2019-12-09T07:18:24.128+0000][1][gc,age       ] GC(31) - age   4:       1872 bytes,      14040 total
[2019-12-09T07:18:24.128+0000][1][gc,age       ] GC(31) - age   5:       2808 bytes,      16848 total
[2019-12-09T07:18:24.128+0000][1][gc,age       ] GC(31) - age   6:       3040 bytes,      19888 total
[2019-12-09T07:18:24.128+0000][1][gc,heap      ] GC(31) ParNew: 70332K->100K(78656K)
[2019-12-09T07:18:24.128+0000][1][gc,heap      ] GC(31) CMS: 69412K->69422K(174784K)
[2019-12-09T07:18:24.128+0000][1][gc,metaspace ] GC(31) Metaspace: 68402K->68402K(1112064K)
[2019-12-09T07:18:24.128+0000][1][gc           ] GC(31) Pause Young (Allocation Failure) 136M->67M(247M) 1.740ms
[2019-12-09T07:18:24.128+0000][1][gc,cpu       ] GC(31) User=0.01s Sys=0.00s Real=0.00s
[2019-12-09T07:18:24.128+0000][1][safepoint    ] Leaving safepoint region
[2019-12-09T07:18:24.128+0000][1][safepoint    ] Total time for which application threads were stopped: 0.0018988 seconds, Stopping threads took: 0.0000218 seconds
[2019-12-09T07:18:25.129+0000][1][safepoint    ] Application time: 1.0000908 seconds
[2019-12-09T07:18:25.129+0000][1][safepoint    ] Entering safepoint region: Cleanup
[2019-12-09T07:18:25.129+0000][1][safepoint    ] Leaving safepoint region
[2019-12-09T07:18:25.129+0000][1][safepoint    ] Total time for which application threads were stopped: 0.0000781 seconds, Stopping threads took: 0.0000171 seconds
[2019-12-09T07:18:28.129+0000][1][safepoint    ] Application time: 3.0002111 seconds
[2019-12-09T07:18:28.129+0000][1][safepoint    ] Entering safepoint region: Cleanup
[2019-12-09T07:18:28.129+0000][1][safepoint    ] Leaving safepoint region
[2019-12-09T07:18:28.129+0000][1][safepoint    ] Total time for which application threads were stopped: 0.0000671 seconds, Stopping threads took: 0.0000162 seconds
[2019-12-09T07:18:43.130+0000][1][safepoint    ] Application time: 15.0010112 seconds
[2019-12-09T07:18:43.130+0000][1][safepoint    ] Entering safepoint region: Cleanup
[2019-12-09T07:18:43.130+0000][1][safepoint    ] Leaving safepoint region
[2019-12-09T07:18:43.130+0000][1][safepoint    ] Total time for which application threads were stopped: 0.0000715 seconds, Stopping threads took: 0.0000166 seconds
[2019-12-09T07:18:44.130+0000][1][safepoint    ] Application time: 1.0000780 seconds
[2019-12-09T07:18:44.130+0000][1][safepoint    ] Entering safepoint region: Cleanup
[2019-12-09T07:18:44.130+0000][1][safepoint    ] Leaving safepoint region
[2019-12-09T07:18:44.130+0000][1][safepoint    ] Total time for which application threads were stopped: 0.0000714 seconds, Stopping threads took: 0.0000173 seconds
[2019-12-09T07:18:47.131+0000][1][safepoint    ] Application time: 3.0001825 seconds
[2019-12-09T07:18:47.131+0000][1][safepoint    ] Entering safepoint region: Cleanup
[2019-12-09T07:18:47.131+0000][1][safepoint    ] Leaving safepoint region
[2019-12-09T07:18:47.131+0000][1][safepoint    ] Total time for which application threads were stopped: 0.0000748 seconds, Stopping threads took: 0.0000183 seconds
[2019-12-09T07:18:57.131+0000][1][safepoint    ] Application time: 10.0007020 seconds
[2019-12-09T07:18:57.131+0000][1][safepoint    ] Entering safepoint region: Cleanup
[2019-12-09T07:18:57.131+0000][1][safepoint    ] Leaving safepoint region
[2019-12-09T07:18:57.131+0000][1][safepoint    ] Total time for which application threads were stopped: 0.0000857 seconds, Stopping threads took: 0.0000272 seconds
[2019-12-09T07:19:35.134+0000][1][safepoint    ] Application time: 38.0025841 seconds
[2019-12-09T07:19:35.134+0000][1][safepoint    ] Entering safepoint region: Cleanup
[2019-12-09T07:19:35.134+0000][1][safepoint    ] Leaving safepoint region
[2019-12-09T07:19:35.134+0000][1][safepoint    ] Total time for which application threads were stopped: 0.0000838 seconds, Stopping threads took: 0.0000262 seconds
[2019-12-09T07:19:47.135+0000][1][safepoint    ] Application time: 12.0008180 seconds
[2019-12-09T07:19:47.135+0000][1][safepoint    ] Entering safepoint region: Cleanup
[2019-12-09T07:19:47.135+0000][1][safepoint    ] Leaving safepoint region
[2019-12-09T07:19:47.135+0000][1][safepoint    ] Total time for which application threads were stopped: 0.0000729 seconds, Stopping threads took: 0.0000173 seconds
[2019-12-09T07:19:49.135+0000][1][safepoint    ] Application time: 2.0001492 seconds
[2019-12-09T07:19:49.135+0000][1][safepoint    ] Entering safepoint region: Cleanup
[2019-12-09T07:19:49.135+0000][1][safepoint    ] Leaving safepoint region
[2019-12-09T07:19:49.135+0000][1][safepoint    ] Total time for which application threads were stopped: 0.0000711 seconds, Stopping threads took: 0.0000175 seconds
[2019-12-09T07:19:50.136+0000][1][safepoint    ] Application time: 1.0000790 seconds
[2019-12-09T07:19:50.136+0000][1][safepoint    ] Entering safepoint region: Cleanup
[2019-12-09T07:19:50.136+0000][1][safepoint    ] Leaving safepoint region
[2019-12-09T07:19:50.136+0000][1][safepoint    ] Total time for which application threads were stopped: 0.0000724 seconds, Stopping threads took: 0.0000177 seconds
[2019-12-09T07:20:00.136+0000][1][safepoint    ] Application time: 10.0007331 seconds
[2019-12-09T07:20:00.136+0000][1][safepoint    ] Entering safepoint region: Cleanup
[2019-12-09T07:20:00.136+0000][1][safepoint    ] Leaving safepoint region
[2019-12-09T07:20:00.136+0000][1][safepoint    ] Total time for which application threads were stopped: 0.0000866 seconds, Stopping threads took: 0.0000280 seconds
[2019-12-09T07:20:20.647+0000][1][safepoint    ] Application time: 20.5102346 seconds
[2019-12-09T07:20:20.647+0000][1][safepoint    ] Entering safepoint region: GenCollectForAllocation
[2019-12-09T07:20:20.647+0000][1][gc,start     ] GC(32) Pause Young (Allocation Failure)
[2019-12-09T07:20:20.647+0000][1][gc,task      ] GC(32) Using 2 workers of 2 for evacuation
[2019-12-09T07:20:20.649+0000][1][gc,age       ] GC(32) Desired survivor size 4456448 bytes, new threshold 6 (max threshold 6)
[2019-12-09T07:20:20.649+0000][1][gc,age       ] GC(32) Age table with threshold 6 (max threshold 6)
[2019-12-09T07:20:20.649+0000][1][gc,age       ] GC(32) - age   1:       3856 bytes,       3856 total
[2019-12-09T07:20:20.649+0000][1][gc,age       ] GC(32) - age   2:       1968 bytes,       5824 total
[2019-12-09T07:20:20.649+0000][1][gc,age       ] GC(32) - age   3:       2448 bytes,       8272 total
[2019-12-09T07:20:20.649+0000][1][gc,age       ] GC(32) - age   4:       4616 bytes,      12888 total
[2019-12-09T07:20:20.649+0000][1][gc,age       ] GC(32) - age   5:       1872 bytes,      14760 total
[2019-12-09T07:20:20.649+0000][1][gc,age       ] GC(32) - age   6:       2808 bytes,      17568 total
[2019-12-09T07:20:20.649+0000][1][gc,heap      ] GC(32) ParNew: 70006K->28K(78656K)
[2019-12-09T07:20:20.649+0000][1][gc,heap      ] GC(32) CMS: 69422K->69425K(174784K)
[2019-12-09T07:20:20.649+0000][1][gc,metaspace ] GC(32) Metaspace: 68406K->68406K(1112064K)
[2019-12-09T07:20:20.649+0000][1][gc           ] GC(32) Pause Young (Allocation Failure) 136M->67M(247M) 2.351ms
[2019-12-09T07:20:20.649+0000][1][gc,cpu       ] GC(32) User=0.00s Sys=0.00s Real=0.00s
[2019-12-09T07:20:20.649+0000][1][safepoint    ] Leaving safepoint region
[2019-12-09T07:20:20.649+0000][1][safepoint    ] Total time for which application threads were stopped: 0.0025254 seconds, Stopping threads took: 0.0000297 seconds
[2019-12-09T07:20:24.650+0000][1][safepoint    ] Application time: 4.0002853 seconds
[2019-12-09T07:20:24.650+0000][1][safepoint    ] Entering safepoint region: Cleanup
[2019-12-09T07:20:24.650+0000][1][safepoint    ] Leaving safepoint region
[2019-12-09T07:20:24.650+0000][1][safepoint    ] Total time for which application threads were stopped: 0.0000819 seconds, Stopping threads took: 0.0000182 seconds
[2019-12-09T07:20:26.650+0000][1][safepoint    ] Application time: 2.0001430 seconds
[2019-12-09T07:20:26.650+0000][1][safepoint    ] Entering safepoint region: Cleanup
[2019-12-09T07:20:26.650+0000][1][safepoint    ] Leaving safepoint region
[2019-12-09T07:20:26.650+0000][1][safepoint    ] Total time for which application threads were stopped: 0.0000727 seconds, Stopping threads took: 0.0000170 seconds
[2019-12-09T07:20:52.652+0000][1][safepoint    ] Application time: 26.0017629 seconds
[2019-12-09T07:20:52.652+0000][1][safepoint    ] Entering safepoint region: Cleanup
[2019-12-09T07:20:52.652+0000][1][safepoint    ] Leaving safepoint region
[2019-12-09T07:20:52.652+0000][1][safepoint    ] Total time for which application threads were stopped: 0.0000781 seconds, Stopping threads took: 0.0000255 seconds
[2019-12-09T07:21:03.653+0000][1][safepoint    ] Application time: 11.0007503 seconds
[2019-12-09T07:21:03.653+0000][1][safepoint    ] Entering safepoint region: Cleanup
[2019-12-09T07:21:03.653+0000][1][safepoint    ] Leaving safepoint region
[2019-12-09T07:21:03.653+0000][1][safepoint    ] Total time for which application threads were stopped: 0.0000791 seconds, Stopping threads took: 0.0000173 seconds
[2019-12-09T07:21:09.653+0000][1][safepoint    ] Application time: 6.0003832 seconds
[2019-12-09T07:21:09.653+0000][1][safepoint    ] Entering safepoint region: Cleanup
[2019-12-09T07:21:09.653+0000][1][safepoint    ] Leaving safepoint region
[2019-12-09T07:21:09.653+0000][1][safepoint    ] Total time for which application threads were stopped: 0.0000744 seconds, Stopping threads took: 0.0000160 seconds
[2019-12-09T07:21:28.655+0000][1][safepoint    ] Application time: 19.0014799 seconds
[2019-12-09T07:21:28.655+0000][1][safepoint    ] Entering safepoint region: Cleanup
[2019-12-09T07:21:28.655+0000][1][safepoint    ] Leaving safepoint region
[2019-12-09T07:21:28.655+0000][1][safepoint    ] Total time for which application threads were stopped: 0.0000715 seconds, Stopping threads took: 0.0000237 seconds
[2019-12-09T07:21:30.655+0000][1][safepoint    ] Application time: 2.0001442 seconds
[2019-12-09T07:21:30.655+0000][1][safepoint    ] Entering safepoint region: Cleanup
[2019-12-09T07:21:30.655+0000][1][safepoint    ] Leaving safepoint region
[2019-12-09T07:21:30.655+0000][1][safepoint    ] Total time for which application threads were stopped: 0.0000614 seconds, Stopping threads took: 0.0000147 seconds
[2019-12-09T07:22:03.657+0000][1][safepoint    ] Application time: 33.0022258 seconds
[2019-12-09T07:22:03.657+0000][1][safepoint    ] Entering safepoint region: Cleanup
[2019-12-09T07:22:03.657+0000][1][safepoint    ] Leaving safepoint region
[2019-12-09T07:22:03.657+0000][1][safepoint    ] Total time for which application threads were stopped: 0.0000818 seconds, Stopping threads took: 0.0000262 seconds
[2019-12-09T07:22:06.658+0000][1][safepoint    ] Application time: 3.0002088 seconds
[2019-12-09T07:22:06.658+0000][1][safepoint    ] Entering safepoint region: Cleanup
[2019-12-09T07:22:06.658+0000][1][safepoint    ] Leaving safepoint region
[2019-12-09T07:22:06.658+0000][1][safepoint    ] Total time for which application threads were stopped: 0.0000799 seconds, Stopping threads took: 0.0000169 seconds
[2019-12-09T07:22:19.221+0000][1][safepoint    ] Application time: 12.5633861 seconds
[2019-12-09T07:22:19.221+0000][1][safepoint    ] Entering safepoint region: GenCollectForAllocation
[2019-12-09T07:22:19.221+0000][1][gc,start     ] GC(33) Pause Young (Allocation Failure)
[2019-12-09T07:22:19.221+0000][1][gc,task      ] GC(33) Using 2 workers of 2 for evacuation
[2019-12-09T07:22:19.223+0000][1][gc,age       ] GC(33) Desired survivor size 4456448 bytes, new threshold 6 (max threshold 6)
[2019-12-09T07:22:19.223+0000][1][gc,age       ] GC(33) Age table with threshold 6 (max threshold 6)
[2019-12-09T07:22:19.223+0000][1][gc,age       ] GC(33) - age   1:       4576 bytes,       4576 total
[2019-12-09T07:22:19.223+0000][1][gc,age       ] GC(33) - age   2:        824 bytes,       5400 total
[2019-12-09T07:22:19.223+0000][1][gc,age       ] GC(33) - age   3:       1968 bytes,       7368 total
[2019-12-09T07:22:19.223+0000][1][gc,age       ] GC(33) - age   4:       2448 bytes,       9816 total
[2019-12-09T07:22:19.223+0000][1][gc,age       ] GC(33) - age   5:       4616 bytes,      14432 total
[2019-12-09T07:22:19.223+0000][1][gc,age       ] GC(33) - age   6:       1872 bytes,      16304 total
[2019-12-09T07:22:19.223+0000][1][gc,heap      ] GC(33) ParNew: 69980K->20K(78656K)
[2019-12-09T07:22:19.223+0000][1][gc,heap      ] GC(33) CMS: 69425K->69428K(174784K)
[2019-12-09T07:22:19.223+0000][1][gc,metaspace ] GC(33) Metaspace: 68406K->68406K(1112064K)
[2019-12-09T07:22:19.223+0000][1][gc           ] GC(33) Pause Young (Allocation Failure) 136M->67M(247M) 1.595ms
[2019-12-09T07:22:19.223+0000][1][gc,cpu       ] GC(33) User=0.01s Sys=0.00s Real=0.00s
[2019-12-09T07:22:19.223+0000][1][safepoint    ] Leaving safepoint region
[2019-12-09T07:22:19.223+0000][1][safepoint    ] Total time for which application threads were stopped: 0.0017321 seconds, Stopping threads took: 0.0000172 seconds
[2019-12-09T07:22:45.225+0000][1][safepoint    ] Application time: 26.0017554 seconds
[2019-12-09T07:22:45.225+0000][1][safepoint    ] Entering safepoint region: Cleanup
[2019-12-09T07:22:45.225+0000][1][safepoint    ] Leaving safepoint region
[2019-12-09T07:22:45.225+0000][1][safepoint    ] Total time for which application threads were stopped: 0.0000808 seconds, Stopping threads took: 0.0000265 seconds
[2019-12-09T07:22:46.225+0000][1][safepoint    ] Application time: 1.0000747 seconds
[2019-12-09T07:22:46.225+0000][1][safepoint    ] Entering safepoint region: Cleanup
[2019-12-09T07:22:46.225+0000][1][safepoint    ] Leaving safepoint region
[2019-12-09T07:22:46.225+0000][1][safepoint    ] Total time for which application threads were stopped: 0.0000725 seconds, Stopping threads took: 0.0000174 seconds
[2019-12-09T07:23:39.230+0000][1][safepoint    ] Application time: 53.0049423 seconds
[2019-12-09T07:23:39.230+0000][1][safepoint    ] Entering safepoint region: Cleanup
[2019-12-09T07:23:39.230+0000][1][safepoint    ] Leaving safepoint region
[2019-12-09T07:23:39.230+0000][1][safepoint    ] Total time for which application threads were stopped: 0.0000800 seconds, Stopping threads took: 0.0000252 seconds
[2019-12-09T07:24:19.263+0000][1][safepoint    ] Application time: 40.0325711 seconds
[2019-12-09T07:24:19.263+0000][1][safepoint    ] Entering safepoint region: GenCollectForAllocation
[2019-12-09T07:24:19.263+0000][1][gc,start     ] GC(34) Pause Young (Allocation Failure)
[2019-12-09T07:24:19.263+0000][1][gc,task      ] GC(34) Using 2 workers of 2 for evacuation
[2019-12-09T07:24:19.264+0000][1][gc,age       ] GC(34) Desired survivor size 4456448 bytes, new threshold 6 (max threshold 6)
[2019-12-09T07:24:19.264+0000][1][gc,age       ] GC(34) Age table with threshold 6 (max threshold 6)
[2019-12-09T07:24:19.264+0000][1][gc,age       ] GC(34) - age   1:       6008 bytes,       6008 total
[2019-12-09T07:24:19.264+0000][1][gc,age       ] GC(34) - age   2:        480 bytes,       6488 total
[2019-12-09T07:24:19.264+0000][1][gc,age       ] GC(34) - age   3:        824 bytes,       7312 total
[2019-12-09T07:24:19.264+0000][1][gc,age       ] GC(34) - age   4:       1968 bytes,       9280 total
[2019-12-09T07:24:19.264+0000][1][gc,age       ] GC(34) - age   5:       2616 bytes,      11896 total
[2019-12-09T07:24:19.264+0000][1][gc,age       ] GC(34) - age   6:       4616 bytes,      16512 total
[2019-12-09T07:24:19.264+0000][1][gc,heap      ] GC(34) ParNew: 69972K->23K(78656K)
[2019-12-09T07:24:19.264+0000][1][gc,heap      ] GC(34) CMS: 69428K->69430K(174784K)
[2019-12-09T07:24:19.264+0000][1][gc,metaspace ] GC(34) Metaspace: 68438K->68438K(1112064K)
[2019-12-09T07:24:19.264+0000][1][gc           ] GC(34) Pause Young (Allocation Failure) 136M->67M(247M) 1.524ms
[2019-12-09T07:24:19.264+0000][1][gc,cpu       ] GC(34) User=0.00s Sys=0.00s Real=0.00s
[2019-12-09T07:24:19.264+0000][1][safepoint    ] Leaving safepoint region
[2019-12-09T07:24:19.264+0000][1][safepoint    ] Total time for which application threads were stopped: 0.0016714 seconds, Stopping threads took: 0.0000175 seconds
[2019-12-09T07:24:27.265+0000][1][safepoint    ] Application time: 8.0005634 seconds
[2019-12-09T07:24:27.265+0000][1][safepoint    ] Entering safepoint region: Cleanup
[2019-12-09T07:24:27.265+0000][1][safepoint    ] Leaving safepoint region
[2019-12-09T07:24:27.265+0000][1][safepoint    ] Total time for which application threads were stopped: 0.0000746 seconds, Stopping threads took: 0.0000233 seconds
[2019-12-09T07:24:32.265+0000][1][safepoint    ] Application time: 5.0003460 seconds
[2019-12-09T07:24:32.265+0000][1][safepoint    ] Entering safepoint region: Cleanup
[2019-12-09T07:24:32.265+0000][1][safepoint    ] Leaving safepoint region
[2019-12-09T07:24:32.265+0000][1][safepoint    ] Total time for which application threads were stopped: 0.0000663 seconds, Stopping threads took: 0.0000150 seconds
[2019-12-09T07:24:54.267+0000][1][safepoint    ] Application time: 22.0014806 seconds
[2019-12-09T07:24:54.267+0000][1][safepoint    ] Entering safepoint region: Cleanup
[2019-12-09T07:24:54.267+0000][1][safepoint    ] Leaving safepoint region
[2019-12-09T07:24:54.267+0000][1][safepoint    ] Total time for which application threads were stopped: 0.0000662 seconds, Stopping threads took: 0.0000153 seconds
[2019-12-09T07:25:16.268+0000][1][safepoint    ] Application time: 22.0015037 seconds
[2019-12-09T07:25:16.269+0000][1][safepoint    ] Entering safepoint region: Cleanup
[2019-12-09T07:25:16.269+0000][1][safepoint    ] Leaving safepoint region
[2019-12-09T07:25:16.269+0000][1][safepoint    ] Total time for which application threads were stopped: 0.0000948 seconds, Stopping threads took: 0.0000398 seconds
[2019-12-09T07:25:17.269+0000][1][safepoint    ] Application time: 1.0000798 seconds
[2019-12-09T07:25:17.269+0000][1][safepoint    ] Entering safepoint region: Cleanup
[2019-12-09T07:25:17.269+0000][1][safepoint    ] Leaving safepoint region
[2019-12-09T07:25:17.269+0000][1][safepoint    ] Total time for which application threads were stopped: 0.0000766 seconds, Stopping threads took: 0.0000177 seconds
[2019-12-09T07:25:22.269+0000][1][safepoint    ] Application time: 5.0003441 seconds
[2019-12-09T07:25:22.269+0000][1][safepoint    ] Entering safepoint region: Cleanup
[2019-12-09T07:25:22.269+0000][1][safepoint    ] Leaving safepoint region
[2019-12-09T07:25:22.269+0000][1][safepoint    ] Total time for which application threads were stopped: 0.0000737 seconds, Stopping threads took: 0.0000188 seconds
[2019-12-09T07:25:27.270+0000][1][safepoint    ] Application time: 5.0003452 seconds
[2019-12-09T07:25:27.270+0000][1][safepoint    ] Entering safepoint region: Cleanup
[2019-12-09T07:25:27.270+0000][1][safepoint    ] Leaving safepoint region
[2019-12-09T07:25:27.270+0000][1][safepoint    ] Total time for which application threads were stopped: 0.0000790 seconds, Stopping threads took: 0.0000261 seconds
[2019-12-09T07:26:19.305+0000][1][safepoint    ] Application time: 52.0348281 seconds
[2019-12-09T07:26:19.305+0000][1][safepoint    ] Entering safepoint region: GenCollectForAllocation
[2019-12-09T07:26:19.305+0000][1][gc,start     ] GC(35) Pause Young (Allocation Failure)
[2019-12-09T07:26:19.305+0000][1][gc,task      ] GC(35) Using 2 workers of 2 for evacuation
[2019-12-09T07:26:19.306+0000][1][gc,age       ] GC(35) Desired survivor size 4456448 bytes, new threshold 6 (max threshold 6)
[2019-12-09T07:26:19.306+0000][1][gc,age       ] GC(35) Age table with threshold 6 (max threshold 6)
[2019-12-09T07:26:19.306+0000][1][gc,age       ] GC(35) - age   1:       6416 bytes,       6416 total
[2019-12-09T07:26:19.306+0000][1][gc,age       ] GC(35) - age   2:       1992 bytes,       8408 total
[2019-12-09T07:26:19.306+0000][1][gc,age       ] GC(35) - age   3:        480 bytes,       8888 total
[2019-12-09T07:26:19.306+0000][1][gc,age       ] GC(35) - age   4:        824 bytes,       9712 total
[2019-12-09T07:26:19.306+0000][1][gc,age       ] GC(35) - age   5:       1968 bytes,      11680 total
[2019-12-09T07:26:19.306+0000][1][gc,age       ] GC(35) - age   6:       2616 bytes,      14296 total
[2019-12-09T07:26:19.306+0000][1][gc,heap      ] GC(35) ParNew: 69975K->15K(78656K)
[2019-12-09T07:26:19.306+0000][1][gc,heap      ] GC(35) CMS: 69430K->69434K(174784K)
[2019-12-09T07:26:19.306+0000][1][gc,metaspace ] GC(35) Metaspace: 68438K->68438K(1112064K)
[2019-12-09T07:26:19.306+0000][1][gc           ] GC(35) Pause Young (Allocation Failure) 136M->67M(247M) 1.528ms
[2019-12-09T07:26:19.306+0000][1][gc,cpu       ] GC(35) User=0.01s Sys=0.00s Real=0.00s
[2019-12-09T07:26:19.306+0000][1][safepoint    ] Leaving safepoint region
[2019-12-09T07:26:19.306+0000][1][safepoint    ] Total time for which application threads were stopped: 0.0016883 seconds, Stopping threads took: 0.0000263 seconds
[2019-12-09T07:26:32.307+0000][1][safepoint    ] Application time: 13.0008774 seconds
[2019-12-09T07:26:32.307+0000][1][safepoint    ] Entering safepoint region: Cleanup
[2019-12-09T07:26:32.307+0000][1][safepoint    ] Leaving safepoint region
[2019-12-09T07:26:32.307+0000][1][safepoint    ] Total time for which application threads were stopped: 0.0000806 seconds, Stopping threads took: 0.0000276 seconds
[2019-12-09T07:26:33.307+0000][1][safepoint    ] Application time: 1.0000761 seconds
[2019-12-09T07:26:33.307+0000][1][safepoint    ] Entering safepoint region: Cleanup
[2019-12-09T07:26:33.308+0000][1][safepoint    ] Leaving safepoint region
[2019-12-09T07:26:33.308+0000][1][safepoint    ] Total time for which application threads were stopped: 0.0000719 seconds, Stopping threads took: 0.0000188 seconds
[2019-12-09T07:26:49.309+0000][1][safepoint    ] Application time: 16.0010858 seconds
[2019-12-09T07:26:49.309+0000][1][safepoint    ] Entering safepoint region: Cleanup
[2019-12-09T07:26:49.309+0000][1][safepoint    ] Leaving safepoint region
[2019-12-09T07:26:49.309+0000][1][safepoint    ] Total time for which application threads were stopped: 0.0000838 seconds, Stopping threads took: 0.0000306 seconds
[2019-12-09T07:27:37.312+0000][1][safepoint    ] Application time: 48.0032485 seconds
[2019-12-09T07:27:37.312+0000][1][safepoint    ] Entering safepoint region: Cleanup
[2019-12-09T07:27:37.312+0000][1][safepoint    ] Leaving safepoint region
[2019-12-09T07:27:37.312+0000][1][safepoint    ] Total time for which application threads were stopped: 0.0000751 seconds, Stopping threads took: 0.0000246 seconds
[2019-12-09T07:27:44.313+0000][1][safepoint    ] Application time: 7.0004561 seconds
[2019-12-09T07:27:44.313+0000][1][safepoint    ] Entering safepoint region: Cleanup
[2019-12-09T07:27:44.313+0000][1][safepoint    ] Leaving safepoint region
[2019-12-09T07:27:44.313+0000][1][safepoint    ] Total time for which application threads were stopped: 0.0000835 seconds, Stopping threads took: 0.0000166 seconds
[2019-12-09T07:28:19.348+0000][1][safepoint    ] Application time: 35.0355273 seconds
[2019-12-09T07:28:19.348+0000][1][safepoint    ] Entering safepoint region: GenCollectForAllocation
[2019-12-09T07:28:19.348+0000][1][gc,start     ] GC(36) Pause Young (Allocation Failure)
[2019-12-09T07:28:19.348+0000][1][gc,task      ] GC(36) Using 2 workers of 2 for evacuation
[2019-12-09T07:28:19.350+0000][1][gc,age       ] GC(36) Desired survivor size 4456448 bytes, new threshold 6 (max threshold 6)
[2019-12-09T07:28:19.350+0000][1][gc,age       ] GC(36) Age table with threshold 6 (max threshold 6)
[2019-12-09T07:28:19.350+0000][1][gc,age       ] GC(36) - age   1:       5384 bytes,       5384 total
[2019-12-09T07:28:19.350+0000][1][gc,age       ] GC(36) - age   2:       3248 bytes,       8632 total
[2019-12-09T07:28:19.350+0000][1][gc,age       ] GC(36) - age   3:       1992 bytes,      10624 total
[2019-12-09T07:28:19.350+0000][1][gc,age       ] GC(36) - age   4:        480 bytes,      11104 total
[2019-12-09T07:28:19.350+0000][1][gc,age       ] GC(36) - age   5:        824 bytes,      11928 total
[2019-12-09T07:28:19.350+0000][1][gc,age       ] GC(36) - age   6:       1968 bytes,      13896 total
[2019-12-09T07:28:19.350+0000][1][gc,heap      ] GC(36) ParNew: 69967K->21K(78656K)
[2019-12-09T07:28:19.350+0000][1][gc,heap      ] GC(36) CMS: 69434K->69436K(174784K)
[2019-12-09T07:28:19.350+0000][1][gc,metaspace ] GC(36) Metaspace: 68439K->68439K(1112064K)
[2019-12-09T07:28:19.350+0000][1][gc           ] GC(36) Pause Young (Allocation Failure) 136M->67M(247M) 1.515ms
[2019-12-09T07:28:19.350+0000][1][gc,cpu       ] GC(36) User=0.00s Sys=0.00s Real=0.00s
[2019-12-09T07:28:19.350+0000][1][safepoint    ] Leaving safepoint region
[2019-12-09T07:28:19.350+0000][1][safepoint    ] Total time for which application threads were stopped: 0.0016608 seconds, Stopping threads took: 0.0000250 seconds
[2019-12-09T07:28:25.350+0000][1][safepoint    ] Application time: 6.0004209 seconds
[2019-12-09T07:28:25.350+0000][1][safepoint    ] Entering safepoint region: Cleanup
[2019-12-09T07:28:25.350+0000][1][safepoint    ] Leaving safepoint region
[2019-12-09T07:28:25.350+0000][1][safepoint    ] Total time for which application threads were stopped: 0.0000721 seconds, Stopping threads took: 0.0000187 seconds
[2019-12-09T07:29:00.353+0000][1][safepoint    ] Application time: 35.0025125 seconds
[2019-12-09T07:29:00.353+0000][1][safepoint    ] Entering safepoint region: Cleanup
[2019-12-09T07:29:00.353+0000][1][safepoint    ] Leaving safepoint region
[2019-12-09T07:29:00.353+0000][1][safepoint    ] Total time for which application threads were stopped: 0.0000763 seconds, Stopping threads took: 0.0000264 seconds
[2019-12-09T07:29:49.356+0000][1][safepoint    ] Application time: 49.0032856 seconds
[2019-12-09T07:29:49.356+0000][1][safepoint    ] Entering safepoint region: Cleanup
[2019-12-09T07:29:49.356+0000][1][safepoint    ] Leaving safepoint region
[2019-12-09T07:29:49.356+0000][1][safepoint    ] Total time for which application threads were stopped: 0.0000753 seconds, Stopping threads took: 0.0000244 seconds
[2019-12-09T07:30:02.358+0000][1][safepoint    ] Application time: 13.0011410 seconds
[2019-12-09T07:30:02.358+0000][1][safepoint    ] Entering safepoint region: Cleanup
[2019-12-09T07:30:02.358+0000][1][safepoint    ] Leaving safepoint region
[2019-12-09T07:30:02.358+0000][1][safepoint    ] Total time for which application threads were stopped: 0.0000846 seconds, Stopping threads took: 0.0000311 seconds
[2019-12-09T07:30:19.390+0000][1][safepoint    ] Application time: 17.0320125 seconds
[2019-12-09T07:30:19.390+0000][1][safepoint    ] Entering safepoint region: GenCollectForAllocation
[2019-12-09T07:30:19.390+0000][1][gc,start     ] GC(37) Pause Young (Allocation Failure)
[2019-12-09T07:30:19.390+0000][1][gc,task      ] GC(37) Using 2 workers of 2 for evacuation
[2019-12-09T07:30:19.391+0000][1][gc,age       ] GC(37) Desired survivor size 4456448 bytes, new threshold 6 (max threshold 6)
[2019-12-09T07:30:19.391+0000][1][gc,age       ] GC(37) Age table with threshold 6 (max threshold 6)
[2019-12-09T07:30:19.391+0000][1][gc,age       ] GC(37) - age   1:       3576 bytes,       3576 total
[2019-12-09T07:30:19.391+0000][1][gc,age       ] GC(37) - age   2:       1344 bytes,       4920 total
[2019-12-09T07:30:19.391+0000][1][gc,age       ] GC(37) - age   3:       3248 bytes,       8168 total
[2019-12-09T07:30:19.391+0000][1][gc,age       ] GC(37) - age   4:       1992 bytes,      10160 total
[2019-12-09T07:30:19.391+0000][1][gc,age       ] GC(37) - age   5:        480 bytes,      10640 total
[2019-12-09T07:30:19.391+0000][1][gc,age       ] GC(37) - age   6:        824 bytes,      11464 total
[2019-12-09T07:30:19.391+0000][1][gc,heap      ] GC(37) ParNew: 69973K->20K(78656K)
[2019-12-09T07:30:19.391+0000][1][gc,heap      ] GC(37) CMS: 69436K->69438K(174784K)
[2019-12-09T07:30:19.391+0000][1][gc,metaspace ] GC(37) Metaspace: 68439K->68439K(1112064K)
[2019-12-09T07:30:19.392+0000][1][gc           ] GC(37) Pause Young (Allocation Failure) 136M->67M(247M) 1.562ms
[2019-12-09T07:30:19.392+0000][1][gc,cpu       ] GC(37) User=0.01s Sys=0.00s Real=0.00s
[2019-12-09T07:30:19.392+0000][1][safepoint    ] Leaving safepoint region
[2019-12-09T07:30:19.392+0000][1][safepoint    ] Total time for which application threads were stopped: 0.0017132 seconds, Stopping threads took: 0.0000255 seconds
[2019-12-09T07:30:30.392+0000][1][safepoint    ] Application time: 11.0007572 seconds
[2019-12-09T07:30:30.392+0000][1][safepoint    ] Entering safepoint region: Cleanup
[2019-12-09T07:30:30.392+0000][1][safepoint    ] Leaving safepoint region
[2019-12-09T07:30:30.392+0000][1][safepoint    ] Total time for which application threads were stopped: 0.0000732 seconds, Stopping threads took: 0.0000183 seconds
[2019-12-09T07:31:01.395+0000][1][safepoint    ] Application time: 31.0020688 seconds
[2019-12-09T07:31:01.395+0000][1][safepoint    ] Entering safepoint region: Cleanup
[2019-12-09T07:31:01.395+0000][1][safepoint    ] Leaving safepoint region
[2019-12-09T07:31:01.395+0000][1][safepoint    ] Total time for which application threads were stopped: 0.0000788 seconds, Stopping threads took: 0.0000272 seconds
[2019-12-09T07:31:15.396+0000][1][safepoint    ] Application time: 14.0009384 seconds
[2019-12-09T07:31:15.396+0000][1][safepoint    ] Entering safepoint region: Cleanup
[2019-12-09T07:31:15.396+0000][1][safepoint    ] Leaving safepoint region
[2019-12-09T07:31:15.396+0000][1][safepoint    ] Total time for which application threads were stopped: 0.0000909 seconds, Stopping threads took: 0.0000262 seconds
[2019-12-09T07:31:38.397+0000][1][safepoint    ] Application time: 23.0015409 seconds
[2019-12-09T07:31:38.397+0000][1][safepoint    ] Entering safepoint region: Cleanup
[2019-12-09T07:31:38.397+0000][1][safepoint    ] Leaving safepoint region
[2019-12-09T07:31:38.397+0000][1][safepoint    ] Total time for which application threads were stopped: 0.0000717 seconds, Stopping threads took: 0.0000228 seconds
[2019-12-09T07:32:19.431+0000][1][safepoint    ] Application time: 41.0340448 seconds
[2019-12-09T07:32:19.431+0000][1][safepoint    ] Entering safepoint region: GenCollectForAllocation
[2019-12-09T07:32:19.432+0000][1][gc,start     ] GC(38) Pause Young (Allocation Failure)
[2019-12-09T07:32:19.432+0000][1][gc,task      ] GC(38) Using 2 workers of 2 for evacuation
[2019-12-09T07:32:19.433+0000][1][gc,age       ] GC(38) Desired survivor size 4456448 bytes, new threshold 6 (max threshold 6)
[2019-12-09T07:32:19.433+0000][1][gc,age       ] GC(38) Age table with threshold 6 (max threshold 6)
[2019-12-09T07:32:19.433+0000][1][gc,age       ] GC(38) - age   1:       4192 bytes,       4192 total
[2019-12-09T07:32:19.433+0000][1][gc,age       ] GC(38) - age   2:        392 bytes,       4584 total
[2019-12-09T07:32:19.433+0000][1][gc,age       ] GC(38) - age   3:       1344 bytes,       5928 total
[2019-12-09T07:32:19.433+0000][1][gc,age       ] GC(38) - age   4:       3248 bytes,       9176 total
[2019-12-09T07:32:19.433+0000][1][gc,age       ] GC(38) - age   5:       1992 bytes,      11168 total
[2019-12-09T07:32:19.433+0000][1][gc,age       ] GC(38) - age   6:        480 bytes,      11648 total
[2019-12-09T07:32:19.433+0000][1][gc,heap      ] GC(38) ParNew: 69972K->15K(78656K)
[2019-12-09T07:32:19.433+0000][1][gc,heap      ] GC(38) CMS: 69438K->69439K(174784K)
[2019-12-09T07:32:19.433+0000][1][gc,metaspace ] GC(38) Metaspace: 68439K->68439K(1112064K)
[2019-12-09T07:32:19.433+0000][1][gc           ] GC(38) Pause Young (Allocation Failure) 136M->67M(247M) 1.472ms
[2019-12-09T07:32:19.433+0000][1][gc,cpu       ] GC(38) User=0.00s Sys=0.00s Real=0.00s
[2019-12-09T07:32:19.433+0000][1][safepoint    ] Leaving safepoint region
[2019-12-09T07:32:19.433+0000][1][safepoint    ] Total time for which application threads were stopped: 0.0016173 seconds, Stopping threads took: 0.0000257 seconds
[2019-12-09T07:32:29.434+0000][1][safepoint    ] Application time: 10.0008617 seconds
[2019-12-09T07:32:29.434+0000][1][safepoint    ] Entering safepoint region: Cleanup
[2019-12-09T07:32:29.434+0000][1][safepoint    ] Leaving safepoint region
[2019-12-09T07:32:29.434+0000][1][safepoint    ] Total time for which application threads were stopped: 0.0000737 seconds, Stopping threads took: 0.0000189 seconds
[2019-12-09T07:33:36.439+0000][1][safepoint    ] Application time: 67.0047536 seconds
[2019-12-09T07:33:36.439+0000][1][safepoint    ] Entering safepoint region: Cleanup
[2019-12-09T07:33:36.439+0000][1][safepoint    ] Leaving safepoint region
[2019-12-09T07:33:36.439+0000][1][safepoint    ] Total time for which application threads were stopped: 0.0000817 seconds, Stopping threads took: 0.0000271 seconds
[2019-12-09T07:34:19.081+0000][1][safepoint    ] Application time: 42.6418118 seconds
[2019-12-09T07:34:19.081+0000][1][safepoint    ] Entering safepoint region: GenCollectForAllocation
[2019-12-09T07:34:19.081+0000][1][gc,start     ] GC(39) Pause Young (Allocation Failure)
[2019-12-09T07:34:19.081+0000][1][gc,task      ] GC(39) Using 2 workers of 2 for evacuation
[2019-12-09T07:34:19.082+0000][1][gc,age       ] GC(39) Desired survivor size 4456448 bytes, new threshold 6 (max threshold 6)
[2019-12-09T07:34:19.082+0000][1][gc,age       ] GC(39) Age table with threshold 6 (max threshold 6)
[2019-12-09T07:34:19.082+0000][1][gc,age       ] GC(39) - age   1:       3032 bytes,       3032 total
[2019-12-09T07:34:19.082+0000][1][gc,age       ] GC(39) - age   2:        120 bytes,       3152 total
[2019-12-09T07:34:19.082+0000][1][gc,age       ] GC(39) - age   3:        392 bytes,       3544 total
[2019-12-09T07:34:19.082+0000][1][gc,age       ] GC(39) - age   4:       1344 bytes,       4888 total
[2019-12-09T07:34:19.082+0000][1][gc,age       ] GC(39) - age   5:       3248 bytes,       8136 total
[2019-12-09T07:34:19.082+0000][1][gc,age       ] GC(39) - age   6:       1992 bytes,      10128 total
[2019-12-09T07:34:19.082+0000][1][gc,heap      ] GC(39) ParNew: 69924K->15K(78656K)
[2019-12-09T07:34:19.082+0000][1][gc,heap      ] GC(39) CMS: 69439K->69440K(174784K)
[2019-12-09T07:34:19.082+0000][1][gc,metaspace ] GC(39) Metaspace: 68442K->68442K(1112064K)
[2019-12-09T07:34:19.082+0000][1][gc           ] GC(39) Pause Young (Allocation Failure) 136M->67M(247M) 1.529ms
[2019-12-09T07:34:19.082+0000][1][gc,cpu       ] GC(39) User=0.01s Sys=0.00s Real=0.00s
[2019-12-09T07:34:19.082+0000][1][safepoint    ] Leaving safepoint region
[2019-12-09T07:34:19.082+0000][1][safepoint    ] Total time for which application threads were stopped: 0.0016983 seconds, Stopping threads took: 0.0000268 seconds
[2019-12-09T07:34:49.085+0000][1][safepoint    ] Application time: 30.0020336 seconds
[2019-12-09T07:34:49.085+0000][1][safepoint    ] Entering safepoint region: Cleanup
[2019-12-09T07:34:49.085+0000][1][safepoint    ] Leaving safepoint region
[2019-12-09T07:34:49.085+0000][1][safepoint    ] Total time for which application threads were stopped: 0.0000821 seconds, Stopping threads took: 0.0000268 seconds
[2019-12-09T07:36:10.090+0000][1][safepoint    ] Application time: 81.0054703 seconds
[2019-12-09T07:36:10.090+0000][1][safepoint    ] Entering safepoint region: Cleanup
[2019-12-09T07:36:10.090+0000][1][safepoint    ] Leaving safepoint region
[2019-12-09T07:36:10.090+0000][1][safepoint    ] Total time for which application threads were stopped: 0.0000793 seconds, Stopping threads took: 0.0000261 seconds
[2019-12-09T07:36:14.091+0000][1][safepoint    ] Application time: 4.0002781 seconds
[2019-12-09T07:36:14.091+0000][1][safepoint    ] Entering safepoint region: Cleanup
[2019-12-09T07:36:14.091+0000][1][safepoint    ] Leaving safepoint region
[2019-12-09T07:36:14.091+0000][1][safepoint    ] Total time for which application threads were stopped: 0.0000726 seconds, Stopping threads took: 0.0000175 seconds
[2019-12-09T07:36:16.137+0000][1][safepoint    ] Application time: 2.0466323 seconds
[2019-12-09T07:36:16.137+0000][1][safepoint    ] Entering safepoint region: GenCollectForAllocation
[2019-12-09T07:36:16.137+0000][1][gc,start     ] GC(40) Pause Young (Allocation Failure)
[2019-12-09T07:36:16.137+0000][1][gc,task      ] GC(40) Using 2 workers of 2 for evacuation
[2019-12-09T07:36:16.139+0000][1][gc,age       ] GC(40) Desired survivor size 4456448 bytes, new threshold 6 (max threshold 6)
[2019-12-09T07:36:16.139+0000][1][gc,age       ] GC(40) Age table with threshold 6 (max threshold 6)
[2019-12-09T07:36:16.139+0000][1][gc,age       ] GC(40) - age   1:       4960 bytes,       4960 total
[2019-12-09T07:36:16.139+0000][1][gc,age       ] GC(40) - age   3:        120 bytes,       5080 total
[2019-12-09T07:36:16.139+0000][1][gc,age       ] GC(40) - age   4:        392 bytes,       5472 total
[2019-12-09T07:36:16.139+0000][1][gc,age       ] GC(40) - age   5:       1344 bytes,       6816 total
[2019-12-09T07:36:16.139+0000][1][gc,age       ] GC(40) - age   6:       3248 bytes,      10064 total
[2019-12-09T07:36:16.139+0000][1][gc,heap      ] GC(40) ParNew: 69927K->15K(78656K)
[2019-12-09T07:36:16.139+0000][1][gc,heap      ] GC(40) CMS: 69440K->69442K(174784K)
[2019-12-09T07:36:16.139+0000][1][gc,metaspace ] GC(40) Metaspace: 68445K->68445K(1112064K)
[2019-12-09T07:36:16.139+0000][1][gc           ] GC(40) Pause Young (Allocation Failure) 136M->67M(247M) 1.795ms
[2019-12-09T07:36:16.139+0000][1][gc,cpu       ] GC(40) User=0.00s Sys=0.00s Real=0.00s
[2019-12-09T07:36:16.139+0000][1][safepoint    ] Leaving safepoint region
[2019-12-09T07:36:16.139+0000][1][safepoint    ] Total time for which application threads were stopped: 0.0019502 seconds, Stopping threads took: 0.0000173 seconds
[2019-12-09T07:36:42.141+0000][1][safepoint    ] Application time: 26.0018245 seconds
[2019-12-09T07:36:42.141+0000][1][safepoint    ] Entering safepoint region: Cleanup
[2019-12-09T07:36:42.141+0000][1][safepoint    ] Leaving safepoint region
[2019-12-09T07:36:42.141+0000][1][safepoint    ] Total time for which application threads were stopped: 0.0000811 seconds, Stopping threads took: 0.0000272 seconds
[2019-12-09T07:36:49.143+0000][1][safepoint    ] Application time: 7.0013308 seconds
[2019-12-09T07:36:49.143+0000][1][safepoint    ] Entering safepoint region: Cleanup
[2019-12-09T07:36:49.143+0000][1][safepoint    ] Leaving safepoint region
[2019-12-09T07:36:49.143+0000][1][safepoint    ] Total time for which application threads were stopped: 0.0000786 seconds, Stopping threads took: 0.0000256 seconds
[2019-12-09T07:36:54.143+0000][1][safepoint    ] Application time: 5.0003390 seconds
[2019-12-09T07:36:54.143+0000][1][safepoint    ] Entering safepoint region: Cleanup
[2019-12-09T07:36:54.143+0000][1][safepoint    ] Leaving safepoint region
[2019-12-09T07:36:54.143+0000][1][safepoint    ] Total time for which application threads were stopped: 0.0000932 seconds, Stopping threads took: 0.0000282 seconds
[2019-12-09T07:37:53.157+0000][1][safepoint    ] Application time: 59.0141554 seconds
[2019-12-09T07:37:53.157+0000][1][safepoint    ] Entering safepoint region: Cleanup
[2019-12-09T07:37:53.157+0000][1][safepoint    ] Leaving safepoint region
[2019-12-09T07:37:53.157+0000][1][safepoint    ] Total time for which application threads were stopped: 0.0001050 seconds, Stopping threads took: 0.0000350 seconds
[2019-12-09T07:37:58.158+0000][1][safepoint    ] Application time: 5.0003448 seconds
[2019-12-09T07:37:58.158+0000][1][safepoint    ] Entering safepoint region: Cleanup
[2019-12-09T07:37:58.158+0000][1][safepoint    ] Leaving safepoint region
[2019-12-09T07:37:58.158+0000][1][safepoint    ] Total time for which application threads were stopped: 0.0000706 seconds, Stopping threads took: 0.0000182 seconds
[2019-12-09T07:37:59.158+0000][1][safepoint    ] Application time: 1.0000812 seconds
[2019-12-09T07:37:59.158+0000][1][safepoint    ] Entering safepoint region: Cleanup
[2019-12-09T07:37:59.158+0000][1][safepoint    ] Leaving safepoint region
[2019-12-09T07:37:59.158+0000][1][safepoint    ] Total time for which application threads were stopped: 0.0000713 seconds, Stopping threads took: 0.0000177 seconds
[2019-12-09T07:38:09.159+0000][1][safepoint    ] Application time: 10.0006999 seconds
[2019-12-09T07:38:09.159+0000][1][safepoint    ] Entering safepoint region: Cleanup
[2019-12-09T07:38:09.159+0000][1][safepoint    ] Leaving safepoint region
[2019-12-09T07:38:09.159+0000][1][safepoint    ] Total time for which application threads were stopped: 0.0000709 seconds, Stopping threads took: 0.0000176 seconds
[2019-12-09T07:38:14.975+0000][1][safepoint    ] Application time: 5.8155925 seconds
[2019-12-09T07:38:14.975+0000][1][safepoint    ] Entering safepoint region: GenCollectForAllocation
[2019-12-09T07:38:14.975+0000][1][gc,start     ] GC(41) Pause Young (Allocation Failure)
[2019-12-09T07:38:14.975+0000][1][gc,task      ] GC(41) Using 2 workers of 2 for evacuation
[2019-12-09T07:38:14.976+0000][1][gc,age       ] GC(41) Desired survivor size 4456448 bytes, new threshold 6 (max threshold 6)
[2019-12-09T07:38:14.976+0000][1][gc,age       ] GC(41) Age table with threshold 6 (max threshold 6)
[2019-12-09T07:38:14.976+0000][1][gc,age       ] GC(41) - age   1:       3272 bytes,       3272 total
[2019-12-09T07:38:14.976+0000][1][gc,age       ] GC(41) - age   2:       1928 bytes,       5200 total
[2019-12-09T07:38:14.976+0000][1][gc,age       ] GC(41) - age   4:        120 bytes,       5320 total
[2019-12-09T07:38:14.976+0000][1][gc,age       ] GC(41) - age   5:        392 bytes,       5712 total
[2019-12-09T07:38:14.976+0000][1][gc,age       ] GC(41) - age   6:       1344 bytes,       7056 total
[2019-12-09T07:38:14.976+0000][1][gc,heap      ] GC(41) ParNew: 69967K->9K(78656K)
[2019-12-09T07:38:14.976+0000][1][gc,heap      ] GC(41) CMS: 69442K->69445K(174784K)
[2019-12-09T07:38:14.976+0000][1][gc,metaspace ] GC(41) Metaspace: 68445K->68445K(1112064K)
[2019-12-09T07:38:14.976+0000][1][gc           ] GC(41) Pause Young (Allocation Failure) 136M->67M(247M) 1.496ms
[2019-12-09T07:38:14.976+0000][1][gc,cpu       ] GC(41) User=0.00s Sys=0.00s Real=0.01s
[2019-12-09T07:38:14.976+0000][1][safepoint    ] Leaving safepoint region
[2019-12-09T07:38:14.976+0000][1][safepoint    ] Total time for which application threads were stopped: 0.0016390 seconds, Stopping threads took: 0.0000168 seconds
[2019-12-09T07:38:31.978+0000][1][safepoint    ] Application time: 17.0014064 seconds
[2019-12-09T07:38:31.978+0000][1][safepoint    ] Entering safepoint region: Cleanup
[2019-12-09T07:38:31.978+0000][1][safepoint    ] Leaving safepoint region
[2019-12-09T07:38:31.978+0000][1][safepoint    ] Total time for which application threads were stopped: 0.0000829 seconds, Stopping threads took: 0.0000168 seconds
[2019-12-09T07:38:41.978+0000][1][safepoint    ] Application time: 10.0006772 seconds
[2019-12-09T07:38:41.978+0000][1][safepoint    ] Entering safepoint region: Cleanup
[2019-12-09T07:38:41.979+0000][1][safepoint    ] Leaving safepoint region
[2019-12-09T07:38:41.979+0000][1][safepoint    ] Total time for which application threads were stopped: 0.0000850 seconds, Stopping threads took: 0.0000281 seconds
[2019-12-09T07:38:55.980+0000][1][safepoint    ] Application time: 14.0010897 seconds
[2019-12-09T07:38:55.980+0000][1][safepoint    ] Entering safepoint region: Cleanup
[2019-12-09T07:38:55.980+0000][1][safepoint    ] Leaving safepoint region
[2019-12-09T07:38:55.980+0000][1][safepoint    ] Total time for which application threads were stopped: 0.0000869 seconds, Stopping threads took: 0.0000302 seconds
[2019-12-09T07:39:07.981+0000][1][safepoint    ] Application time: 12.0008185 seconds
[2019-12-09T07:39:07.981+0000][1][safepoint    ] Entering safepoint region: Cleanup
[2019-12-09T07:39:07.981+0000][1][safepoint    ] Leaving safepoint region
[2019-12-09T07:39:07.981+0000][1][safepoint    ] Total time for which application threads were stopped: 0.0000900 seconds, Stopping threads took: 0.0000255 seconds
[2019-12-09T07:39:11.981+0000][1][safepoint    ] Application time: 4.0002742 seconds
[2019-12-09T07:39:11.981+0000][1][safepoint    ] Entering safepoint region: Cleanup
[2019-12-09T07:39:11.981+0000][1][safepoint    ] Leaving safepoint region
[2019-12-09T07:39:11.981+0000][1][safepoint    ] Total time for which application threads were stopped: 0.0000731 seconds, Stopping threads took: 0.0000181 seconds
[2019-12-09T07:39:29.982+0000][1][safepoint    ] Application time: 18.0012156 seconds
[2019-12-09T07:39:29.982+0000][1][safepoint    ] Entering safepoint region: Cleanup
[2019-12-09T07:39:29.982+0000][1][safepoint    ] Leaving safepoint region
[2019-12-09T07:39:29.982+0000][1][safepoint    ] Total time for which application threads were stopped: 0.0000811 seconds, Stopping threads took: 0.0000253 seconds
[2019-12-09T07:39:34.983+0000][1][safepoint    ] Application time: 5.0003417 seconds
[2019-12-09T07:39:34.983+0000][1][safepoint    ] Entering safepoint region: Cleanup
[2019-12-09T07:39:34.983+0000][1][safepoint    ] Leaving safepoint region
[2019-12-09T07:39:34.983+0000][1][safepoint    ] Total time for which application threads were stopped: 0.0000724 seconds, Stopping threads took: 0.0000175 seconds
[2019-12-09T07:39:49.984+0000][1][safepoint    ] Application time: 15.0009637 seconds
[2019-12-09T07:39:49.984+0000][1][safepoint    ] Entering safepoint region: Cleanup
[2019-12-09T07:39:49.984+0000][1][safepoint    ] Leaving safepoint region
[2019-12-09T07:39:49.984+0000][1][safepoint    ] Total time for which application threads were stopped: 0.0000796 seconds, Stopping threads took: 0.0000245 seconds
[2019-12-09T07:40:14.599+0000][1][safepoint    ] Application time: 24.6154374 seconds
[2019-12-09T07:40:14.599+0000][1][safepoint    ] Entering safepoint region: GenCollectForAllocation
[2019-12-09T07:40:14.600+0000][1][gc,start     ] GC(42) Pause Young (Allocation Failure)
[2019-12-09T07:40:14.600+0000][1][gc,task      ] GC(42) Using 2 workers of 2 for evacuation
[2019-12-09T07:40:14.601+0000][1][gc,age       ] GC(42) Desired survivor size 4456448 bytes, new threshold 6 (max threshold 6)
[2019-12-09T07:40:14.601+0000][1][gc,age       ] GC(42) Age table with threshold 6 (max threshold 6)
[2019-12-09T07:40:14.601+0000][1][gc,age       ] GC(42) - age   1:       7696 bytes,       7696 total
[2019-12-09T07:40:14.601+0000][1][gc,age       ] GC(42) - age   3:       1928 bytes,       9624 total
[2019-12-09T07:40:14.601+0000][1][gc,age       ] GC(42) - age   5:        120 bytes,       9744 total
[2019-12-09T07:40:14.601+0000][1][gc,age       ] GC(42) - age   6:        392 bytes,      10136 total
[2019-12-09T07:40:14.601+0000][1][gc,heap      ] GC(42) ParNew: 69961K->15K(78656K)
[2019-12-09T07:40:14.601+0000][1][gc,heap      ] GC(42) CMS: 69445K->69446K(174784K)
[2019-12-09T07:40:14.601+0000][1][gc,metaspace ] GC(42) Metaspace: 68449K->68449K(1112064K)
[2019-12-09T07:40:14.601+0000][1][gc           ] GC(42) Pause Young (Allocation Failure) 136M->67M(247M) 1.446ms
[2019-12-09T07:40:14.601+0000][1][gc,cpu       ] GC(42) User=0.00s Sys=0.00s Real=0.00s
[2019-12-09T07:40:14.601+0000][1][safepoint    ] Leaving safepoint region
[2019-12-09T07:40:14.601+0000][1][safepoint    ] Total time for which application threads were stopped: 0.0015833 seconds, Stopping threads took: 0.0000230 seconds
[2019-12-09T07:40:24.602+0000][1][safepoint    ] Application time: 10.0006703 seconds
[2019-12-09T07:40:24.602+0000][1][safepoint    ] Entering safepoint region: Cleanup
[2019-12-09T07:40:24.602+0000][1][safepoint    ] Leaving safepoint region
[2019-12-09T07:40:24.602+0000][1][safepoint    ] Total time for which application threads were stopped: 0.0000745 seconds, Stopping threads took: 0.0000229 seconds
[2019-12-09T07:40:31.602+0000][1][safepoint    ] Application time: 7.0004786 seconds
[2019-12-09T07:40:31.602+0000][1][safepoint    ] Entering safepoint region: Cleanup
[2019-12-09T07:40:31.602+0000][1][safepoint    ] Leaving safepoint region
[2019-12-09T07:40:31.602+0000][1][safepoint    ] Total time for which application threads were stopped: 0.0000691 seconds, Stopping threads took: 0.0000161 seconds
[2019-12-09T07:42:02.610+0000][1][safepoint    ] Application time: 91.0071439 seconds
[2019-12-09T07:42:02.610+0000][1][safepoint    ] Entering safepoint region: Cleanup
[2019-12-09T07:42:02.610+0000][1][safepoint    ] Leaving safepoint region
[2019-12-09T07:42:02.610+0000][1][safepoint    ] Total time for which application threads were stopped: 0.0000832 seconds, Stopping threads took: 0.0000167 seconds
[2019-12-09T07:42:14.642+0000][1][safepoint    ] Application time: 12.0326781 seconds
[2019-12-09T07:42:14.642+0000][1][safepoint    ] Entering safepoint region: GenCollectForAllocation
[2019-12-09T07:42:14.643+0000][1][gc,start     ] GC(43) Pause Young (Allocation Failure)
[2019-12-09T07:42:14.643+0000][1][gc,task      ] GC(43) Using 2 workers of 2 for evacuation
[2019-12-09T07:42:14.644+0000][1][gc,age       ] GC(43) Desired survivor size 4456448 bytes, new threshold 6 (max threshold 6)
[2019-12-09T07:42:14.644+0000][1][gc,age       ] GC(43) Age table with threshold 6 (max threshold 6)
[2019-12-09T07:42:14.644+0000][1][gc,age       ] GC(43) - age   1:       4488 bytes,       4488 total
[2019-12-09T07:42:14.644+0000][1][gc,age       ] GC(43) - age   2:       3704 bytes,       8192 total
[2019-12-09T07:42:14.644+0000][1][gc,age       ] GC(43) - age   4:       1928 bytes,      10120 total
[2019-12-09T07:42:14.644+0000][1][gc,age       ] GC(43) - age   6:        120 bytes,      10240 total
[2019-12-09T07:42:14.644+0000][1][gc,heap      ] GC(43) ParNew: 69967K->13K(78656K)
[2019-12-09T07:42:14.644+0000][1][gc,heap      ] GC(43) CMS: 69446K->69447K(174784K)
[2019-12-09T07:42:14.644+0000][1][gc,metaspace ] GC(43) Metaspace: 68449K->68449K(1112064K)
[2019-12-09T07:42:14.644+0000][1][gc           ] GC(43) Pause Young (Allocation Failure) 136M->67M(247M) 1.409ms
[2019-12-09T07:42:14.644+0000][1][gc,cpu       ] GC(43) User=0.01s Sys=0.00s Real=0.00s
[2019-12-09T07:42:14.644+0000][1][safepoint    ] Leaving safepoint region
[2019-12-09T07:42:14.644+0000][1][safepoint    ] Total time for which application threads were stopped: 0.0015510 seconds, Stopping threads took: 0.0000258 seconds
[2019-12-09T07:42:19.644+0000][1][safepoint    ] Application time: 5.0003508 seconds
[2019-12-09T07:42:19.644+0000][1][safepoint    ] Entering safepoint region: Cleanup
[2019-12-09T07:42:19.644+0000][1][safepoint    ] Leaving safepoint region
[2019-12-09T07:42:19.644+0000][1][safepoint    ] Total time for which application threads were stopped: 0.0000697 seconds, Stopping threads took: 0.0000169 seconds
[2019-12-09T07:43:15.648+0000][1][safepoint    ] Application time: 56.0037664 seconds
[2019-12-09T07:43:15.648+0000][1][safepoint    ] Entering safepoint region: Cleanup
[2019-12-09T07:43:15.648+0000][1][safepoint    ] Leaving safepoint region
[2019-12-09T07:43:15.648+0000][1][safepoint    ] Total time for which application threads were stopped: 0.0000790 seconds, Stopping threads took: 0.0000266 seconds
[2019-12-09T07:43:43.650+0000][1][safepoint    ] Application time: 28.0020752 seconds
[2019-12-09T07:43:43.650+0000][1][safepoint    ] Entering safepoint region: Cleanup
[2019-12-09T07:43:43.651+0000][1][safepoint    ] Leaving safepoint region
[2019-12-09T07:43:43.651+0000][1][safepoint    ] Total time for which application threads were stopped: 0.0000796 seconds, Stopping threads took: 0.0000260 seconds
[2019-12-09T07:44:06.652+0000][1][safepoint    ] Application time: 23.0015796 seconds
[2019-12-09T07:44:06.652+0000][1][safepoint    ] Entering safepoint region: Cleanup
[2019-12-09T07:44:06.652+0000][1][safepoint    ] Leaving safepoint region
[2019-12-09T07:44:06.652+0000][1][safepoint    ] Total time for which application threads were stopped: 0.0000803 seconds, Stopping threads took: 0.0000254 seconds
[2019-12-09T07:44:14.685+0000][1][safepoint    ] Application time: 8.0330568 seconds
[2019-12-09T07:44:14.685+0000][1][safepoint    ] Entering safepoint region: GenCollectForAllocation
[2019-12-09T07:44:14.685+0000][1][gc,start     ] GC(44) Pause Young (Allocation Failure)
[2019-12-09T07:44:14.685+0000][1][gc,task      ] GC(44) Using 2 workers of 2 for evacuation
[2019-12-09T07:44:14.687+0000][1][gc,age       ] GC(44) Desired survivor size 4456448 bytes, new threshold 6 (max threshold 6)
[2019-12-09T07:44:14.687+0000][1][gc,age       ] GC(44) Age table with threshold 6 (max threshold 6)
[2019-12-09T07:44:14.687+0000][1][gc,age       ] GC(44) - age   1:       3200 bytes,       3200 total
[2019-12-09T07:44:14.687+0000][1][gc,age       ] GC(44) - age   2:       1400 bytes,       4600 total
[2019-12-09T07:44:14.687+0000][1][gc,age       ] GC(44) - age   3:       3704 bytes,       8304 total
[2019-12-09T07:44:14.687+0000][1][gc,age       ] GC(44) - age   5:       1928 bytes,      10232 total
[2019-12-09T07:44:14.687+0000][1][gc,heap      ] GC(44) ParNew: 69965K->14K(78656K)
[2019-12-09T07:44:14.687+0000][1][gc,heap      ] GC(44) CMS: 69447K->69447K(174784K)
[2019-12-09T07:44:14.687+0000][1][gc,metaspace ] GC(44) Metaspace: 68461K->68461K(1112064K)
[2019-12-09T07:44:14.687+0000][1][gc           ] GC(44) Pause Young (Allocation Failure) 136M->67M(247M) 1.416ms
[2019-12-09T07:44:14.687+0000][1][gc,cpu       ] GC(44) User=0.00s Sys=0.00s Real=0.00s
[2019-12-09T07:44:14.687+0000][1][safepoint    ] Leaving safepoint region
[2019-12-09T07:44:14.687+0000][1][safepoint    ] Total time for which application threads were stopped: 0.0015554 seconds, Stopping threads took: 0.0000246 seconds
[2019-12-09T07:45:02.690+0000][1][safepoint    ] Application time: 48.0032378 seconds
[2019-12-09T07:45:02.690+0000][1][safepoint    ] Entering safepoint region: Cleanup
[2019-12-09T07:45:02.690+0000][1][safepoint    ] Leaving safepoint region
[2019-12-09T07:45:02.690+0000][1][safepoint    ] Total time for which application threads were stopped: 0.0000785 seconds, Stopping threads took: 0.0000261 seconds
[2019-12-09T07:45:47.693+0000][1][safepoint    ] Application time: 45.0030394 seconds
[2019-12-09T07:45:47.693+0000][1][safepoint    ] Entering safepoint region: Cleanup
[2019-12-09T07:45:47.693+0000][1][safepoint    ] Leaving safepoint region
[2019-12-09T07:45:47.693+0000][1][safepoint    ] Total time for which application threads were stopped: 0.0000779 seconds, Stopping threads took: 0.0000254 seconds
[2019-12-09T07:46:02.694+0000][1][safepoint    ] Application time: 15.0010413 seconds
[2019-12-09T07:46:02.695+0000][1][safepoint    ] Entering safepoint region: Cleanup
[2019-12-09T07:46:02.695+0000][1][safepoint    ] Leaving safepoint region
[2019-12-09T07:46:02.695+0000][1][safepoint    ] Total time for which application threads were stopped: 0.0000662 seconds, Stopping threads took: 0.0000158 seconds
[2019-12-09T07:46:14.728+0000][1][safepoint    ] Application time: 12.0329483 seconds
[2019-12-09T07:46:14.728+0000][1][safepoint    ] Entering safepoint region: GenCollectForAllocation
[2019-12-09T07:46:14.728+0000][1][gc,start     ] GC(45) Pause Young (Allocation Failure)
[2019-12-09T07:46:14.728+0000][1][gc,task      ] GC(45) Using 2 workers of 2 for evacuation
[2019-12-09T07:46:14.729+0000][1][gc,age       ] GC(45) Desired survivor size 4456448 bytes, new threshold 6 (max threshold 6)
[2019-12-09T07:46:14.729+0000][1][gc,age       ] GC(45) Age table with threshold 6 (max threshold 6)
[2019-12-09T07:46:14.729+0000][1][gc,age       ] GC(45) - age   1:       4800 bytes,       4800 total
[2019-12-09T07:46:14.729+0000][1][gc,age       ] GC(45) - age   2:         56 bytes,       4856 total
[2019-12-09T07:46:14.729+0000][1][gc,age       ] GC(45) - age   3:       1400 bytes,       6256 total
[2019-12-09T07:46:14.729+0000][1][gc,age       ] GC(45) - age   4:       3704 bytes,       9960 total
[2019-12-09T07:46:14.729+0000][1][gc,age       ] GC(45) - age   6:       1928 bytes,      11888 total
[2019-12-09T07:46:14.729+0000][1][gc,heap      ] GC(45) ParNew: 69966K->14K(78656K)
[2019-12-09T07:46:14.729+0000][1][gc,heap      ] GC(45) CMS: 69447K->69447K(174784K)
[2019-12-09T07:46:14.729+0000][1][gc,metaspace ] GC(45) Metaspace: 68463K->68463K(1112064K)
[2019-12-09T07:46:14.729+0000][1][gc           ] GC(45) Pause Young (Allocation Failure) 136M->67M(247M) 1.430ms
[2019-12-09T07:46:14.729+0000][1][gc,cpu       ] GC(45) User=0.01s Sys=0.00s Real=0.00s
[2019-12-09T07:46:14.729+0000][1][safepoint    ] Leaving safepoint region
[2019-12-09T07:46:14.729+0000][1][safepoint    ] Total time for which application threads were stopped: 0.0015676 seconds, Stopping threads took: 0.0000225 seconds
[2019-12-09T07:46:17.729+0000][1][safepoint    ] Application time: 3.0002308 seconds
[2019-12-09T07:46:17.729+0000][1][safepoint    ] Entering safepoint region: Cleanup
[2019-12-09T07:46:17.729+0000][1][safepoint    ] Leaving safepoint region
[2019-12-09T07:46:17.730+0000][1][safepoint    ] Total time for which application threads were stopped: 0.0000914 seconds, Stopping threads took: 0.0000207 seconds
[2019-12-09T07:46:36.731+0000][1][safepoint    ] Application time: 19.0013530 seconds
[2019-12-09T07:46:36.731+0000][1][safepoint    ] Entering safepoint region: Cleanup
[2019-12-09T07:46:36.731+0000][1][safepoint    ] Leaving safepoint region
[2019-12-09T07:46:36.731+0000][1][safepoint    ] Total time for which application threads were stopped: 0.0000709 seconds, Stopping threads took: 0.0000237 seconds
[2019-12-09T07:47:13.733+0000][1][safepoint    ] Application time: 37.0024682 seconds
[2019-12-09T07:47:13.734+0000][1][safepoint    ] Entering safepoint region: Cleanup
[2019-12-09T07:47:13.734+0000][1][safepoint    ] Leaving safepoint region
[2019-12-09T07:47:13.734+0000][1][safepoint    ] Total time for which application threads were stopped: 0.0000781 seconds, Stopping threads took: 0.0000242 seconds
[2019-12-09T07:47:30.735+0000][1][safepoint    ] Application time: 17.0011415 seconds
[2019-12-09T07:47:30.735+0000][1][safepoint    ] Entering safepoint region: Cleanup
[2019-12-09T07:47:30.735+0000][1][safepoint    ] Leaving safepoint region
[2019-12-09T07:47:30.735+0000][1][safepoint    ] Total time for which application threads were stopped: 0.0000729 seconds, Stopping threads took: 0.0000230 seconds
[2019-12-09T07:47:34.735+0000][1][safepoint    ] Application time: 4.0002732 seconds
[2019-12-09T07:47:34.735+0000][1][safepoint    ] Entering safepoint region: Cleanup
[2019-12-09T07:47:34.735+0000][1][safepoint    ] Leaving safepoint region
[2019-12-09T07:47:34.735+0000][1][safepoint    ] Total time for which application threads were stopped: 0.0000781 seconds, Stopping threads took: 0.0000219 seconds
[2019-12-09T07:48:14.772+0000][1][safepoint    ] Application time: 40.0370938 seconds
[2019-12-09T07:48:14.772+0000][1][safepoint    ] Entering safepoint region: GenCollectForAllocation
[2019-12-09T07:48:14.772+0000][1][gc,start     ] GC(46) Pause Young (Allocation Failure)
[2019-12-09T07:48:14.773+0000][1][gc,task      ] GC(46) Using 2 workers of 2 for evacuation
[2019-12-09T07:48:14.774+0000][1][gc,age       ] GC(46) Desired survivor size 4456448 bytes, new threshold 6 (max threshold 6)
[2019-12-09T07:48:14.774+0000][1][gc,age       ] GC(46) Age table with threshold 6 (max threshold 6)
[2019-12-09T07:48:14.774+0000][1][gc,age       ] GC(46) - age   1:       4864 bytes,       4864 total
[2019-12-09T07:48:14.774+0000][1][gc,age       ] GC(46) - age   2:        752 bytes,       5616 total
[2019-12-09T07:48:14.774+0000][1][gc,age       ] GC(46) - age   3:         56 bytes,       5672 total
[2019-12-09T07:48:14.774+0000][1][gc,age       ] GC(46) - age   4:       1400 bytes,       7072 total
[2019-12-09T07:48:14.774+0000][1][gc,age       ] GC(46) - age   5:       3704 bytes,      10776 total
[2019-12-09T07:48:14.774+0000][1][gc,heap      ] GC(46) ParNew: 69966K->16K(78656K)
[2019-12-09T07:48:14.774+0000][1][gc,heap      ] GC(46) CMS: 69447K->69448K(174784K)
[2019-12-09T07:48:14.774+0000][1][gc,metaspace ] GC(46) Metaspace: 68464K->68464K(1112064K)
[2019-12-09T07:48:14.774+0000][1][gc           ] GC(46) Pause Young (Allocation Failure) 136M->67M(247M) 1.545ms
[2019-12-09T07:48:14.774+0000][1][gc,cpu       ] GC(46) User=0.00s Sys=0.00s Real=0.00s
[2019-12-09T07:48:14.774+0000][1][safepoint    ] Leaving safepoint region
[2019-12-09T07:48:14.774+0000][1][safepoint    ] Total time for which application threads were stopped: 0.0017140 seconds, Stopping threads took: 0.0000284 seconds
[2019-12-09T07:49:01.777+0000][1][safepoint    ] Application time: 47.0031509 seconds
[2019-12-09T07:49:01.777+0000][1][safepoint    ] Entering safepoint region: Cleanup
[2019-12-09T07:49:01.777+0000][1][safepoint    ] Leaving safepoint region
[2019-12-09T07:49:01.777+0000][1][safepoint    ] Total time for which application threads were stopped: 0.0000778 seconds, Stopping threads took: 0.0000248 seconds
[2019-12-09T07:49:46.780+0000][1][safepoint    ] Application time: 45.0030924 seconds
[2019-12-09T07:49:46.780+0000][1][safepoint    ] Entering safepoint region: Cleanup
[2019-12-09T07:49:46.781+0000][1][safepoint    ] Leaving safepoint region
[2019-12-09T07:49:46.781+0000][1][safepoint    ] Total time for which application threads were stopped: 0.0000821 seconds, Stopping threads took: 0.0000247 seconds
[2019-12-09T07:50:14.815+0000][1][safepoint    ] Application time: 28.0346094 seconds
[2019-12-09T07:50:14.815+0000][1][safepoint    ] Entering safepoint region: GenCollectForAllocation
[2019-12-09T07:50:14.815+0000][1][gc,start     ] GC(47) Pause Young (Allocation Failure)
[2019-12-09T07:50:14.815+0000][1][gc,task      ] GC(47) Using 2 workers of 2 for evacuation
[2019-12-09T07:50:14.817+0000][1][gc,age       ] GC(47) Desired survivor size 4456448 bytes, new threshold 6 (max threshold 6)
[2019-12-09T07:50:14.817+0000][1][gc,age       ] GC(47) Age table with threshold 6 (max threshold 6)
[2019-12-09T07:50:14.817+0000][1][gc,age       ] GC(47) - age   1:       4120 bytes,       4120 total
[2019-12-09T07:50:14.817+0000][1][gc,age       ] GC(47) - age   2:        808 bytes,       4928 total
[2019-12-09T07:50:14.817+0000][1][gc,age       ] GC(47) - age   3:        752 bytes,       5680 total
[2019-12-09T07:50:14.817+0000][1][gc,age       ] GC(47) - age   4:         56 bytes,       5736 total
[2019-12-09T07:50:14.817+0000][1][gc,age       ] GC(47) - age   5:       1400 bytes,       7136 total
[2019-12-09T07:50:14.817+0000][1][gc,age       ] GC(47) - age   6:       3704 bytes,      10840 total
[2019-12-09T07:50:14.817+0000][1][gc,heap      ] GC(47) ParNew: 69968K->16K(78656K)
[2019-12-09T07:50:14.817+0000][1][gc,heap      ] GC(47) CMS: 69448K->69448K(174784K)
[2019-12-09T07:50:14.817+0000][1][gc,metaspace ] GC(47) Metaspace: 68466K->68466K(1112064K)
[2019-12-09T07:50:14.817+0000][1][gc           ] GC(47) Pause Young (Allocation Failure) 136M->67M(247M) 1.421ms
[2019-12-09T07:50:14.817+0000][1][gc,cpu       ] GC(47) User=0.01s Sys=0.00s Real=0.00s
[2019-12-09T07:50:14.817+0000][1][safepoint    ] Leaving safepoint region
[2019-12-09T07:50:14.817+0000][1][safepoint    ] Total time for which application threads were stopped: 0.0015653 seconds, Stopping threads took: 0.0000216 seconds
[2019-12-09T07:52:14.857+0000][1][safepoint    ] Application time: 120.0398712 seconds
[2019-12-09T07:52:14.857+0000][1][safepoint    ] Entering safepoint region: GenCollectForAllocation
[2019-12-09T07:52:14.857+0000][1][gc,start     ] GC(48) Pause Young (Allocation Failure)
[2019-12-09T07:52:14.857+0000][1][gc,task      ] GC(48) Using 2 workers of 2 for evacuation
[2019-12-09T07:52:14.858+0000][1][gc,age       ] GC(48) Desired survivor size 4456448 bytes, new threshold 6 (max threshold 6)
[2019-12-09T07:52:14.858+0000][1][gc,age       ] GC(48) Age table with threshold 6 (max threshold 6)
[2019-12-09T07:52:14.858+0000][1][gc,age       ] GC(48) - age   1:       3360 bytes,       3360 total
[2019-12-09T07:52:14.858+0000][1][gc,age       ] GC(48) - age   2:         96 bytes,       3456 total
[2019-12-09T07:52:14.858+0000][1][gc,age       ] GC(48) - age   3:        808 bytes,       4264 total
[2019-12-09T07:52:14.858+0000][1][gc,age       ] GC(48) - age   4:        752 bytes,       5016 total
[2019-12-09T07:52:14.858+0000][1][gc,age       ] GC(48) - age   5:         56 bytes,       5072 total
[2019-12-09T07:52:14.858+0000][1][gc,age       ] GC(48) - age   6:       1400 bytes,       6472 total
[2019-12-09T07:52:14.858+0000][1][gc,heap      ] GC(48) ParNew: 69968K->10K(78656K)
[2019-12-09T07:52:14.858+0000][1][gc,heap      ] GC(48) CMS: 69448K->69452K(174784K)
[2019-12-09T07:52:14.858+0000][1][gc,metaspace ] GC(48) Metaspace: 68466K->68466K(1112064K)
[2019-12-09T07:52:14.858+0000][1][gc           ] GC(48) Pause Young (Allocation Failure) 136M->67M(247M) 1.448ms
[2019-12-09T07:52:14.858+0000][1][gc,cpu       ] GC(48) User=0.00s Sys=0.00s Real=0.00s
[2019-12-09T07:52:14.858+0000][1][safepoint    ] Leaving safepoint region
[2019-12-09T07:52:14.858+0000][1][safepoint    ] Total time for which application threads were stopped: 0.0016154 seconds, Stopping threads took: 0.0000440 seconds
[2019-12-09T07:53:47.865+0000][1][safepoint    ] Application time: 93.0062294 seconds
[2019-12-09T07:53:47.865+0000][1][safepoint    ] Entering safepoint region: Cleanup
[2019-12-09T07:53:47.865+0000][1][safepoint    ] Leaving safepoint region
[2019-12-09T07:53:47.865+0000][1][safepoint    ] Total time for which application threads were stopped: 0.0000866 seconds, Stopping threads took: 0.0000276 seconds
[2019-12-09T07:53:48.865+0000][1][safepoint    ] Application time: 1.0000784 seconds
[2019-12-09T07:53:48.865+0000][1][safepoint    ] Entering safepoint region: Cleanup
[2019-12-09T07:53:48.865+0000][1][safepoint    ] Leaving safepoint region
[2019-12-09T07:53:48.865+0000][1][safepoint    ] Total time for which application threads were stopped: 0.0000742 seconds, Stopping threads took: 0.0000154 seconds
[2019-12-09T07:54:14.407+0000][1][safepoint    ] Application time: 25.5423113 seconds
[2019-12-09T07:54:14.407+0000][1][safepoint    ] Entering safepoint region: GenCollectForAllocation
[2019-12-09T07:54:14.407+0000][1][gc,start     ] GC(49) Pause Young (Allocation Failure)
[2019-12-09T07:54:14.407+0000][1][gc,task      ] GC(49) Using 2 workers of 2 for evacuation
[2019-12-09T07:54:14.409+0000][1][gc,age       ] GC(49) Desired survivor size 4456448 bytes, new threshold 6 (max threshold 6)
[2019-12-09T07:54:14.409+0000][1][gc,age       ] GC(49) Age table with threshold 6 (max threshold 6)
[2019-12-09T07:54:14.409+0000][1][gc,age       ] GC(49) - age   1:       3464 bytes,       3464 total
[2019-12-09T07:54:14.409+0000][1][gc,age       ] GC(49) - age   2:        192 bytes,       3656 total
[2019-12-09T07:54:14.409+0000][1][gc,age       ] GC(49) - age   3:         96 bytes,       3752 total
[2019-12-09T07:54:14.409+0000][1][gc,age       ] GC(49) - age   4:        808 bytes,       4560 total
[2019-12-09T07:54:14.409+0000][1][gc,age       ] GC(49) - age   5:        752 bytes,       5312 total
[2019-12-09T07:54:14.409+0000][1][gc,age       ] GC(49) - age   6:         56 bytes,       5368 total
[2019-12-09T07:54:14.409+0000][1][gc,heap      ] GC(49) ParNew: 69942K->7K(78656K)
[2019-12-09T07:54:14.409+0000][1][gc,heap      ] GC(49) CMS: 69452K->69453K(174784K)
[2019-12-09T07:54:14.409+0000][1][gc,metaspace ] GC(49) Metaspace: 68469K->68469K(1112064K)
[2019-12-09T07:54:14.409+0000][1][gc           ] GC(49) Pause Young (Allocation Failure) 136M->67M(247M) 1.458ms
[2019-12-09T07:54:14.409+0000][1][gc,cpu       ] GC(49) User=0.00s Sys=0.00s Real=0.00s
[2019-12-09T07:54:14.409+0000][1][safepoint    ] Leaving safepoint region
[2019-12-09T07:54:14.409+0000][1][safepoint    ] Total time for which application threads were stopped: 0.0016053 seconds, Stopping threads took: 0.0000243 seconds
[2019-12-09T07:56:10.702+0000][1][safepoint    ] Application time: 116.2932116 seconds
[2019-12-09T07:56:10.702+0000][1][safepoint    ] Entering safepoint region: GenCollectForAllocation
[2019-12-09T07:56:10.702+0000][1][gc,start     ] GC(50) Pause Young (Allocation Failure)
[2019-12-09T07:56:10.702+0000][1][gc,task      ] GC(50) Using 2 workers of 2 for evacuation
[2019-12-09T07:56:10.704+0000][1][gc,age       ] GC(50) Desired survivor size 4456448 bytes, new threshold 6 (max threshold 6)
[2019-12-09T07:56:10.704+0000][1][gc,age       ] GC(50) Age table with threshold 6 (max threshold 6)
[2019-12-09T07:56:10.704+0000][1][gc,age       ] GC(50) - age   1:       3032 bytes,       3032 total
[2019-12-09T07:56:10.704+0000][1][gc,age       ] GC(50) - age   2:        192 bytes,       3224 total
[2019-12-09T07:56:10.704+0000][1][gc,age       ] GC(50) - age   3:        192 bytes,       3416 total
[2019-12-09T07:56:10.704+0000][1][gc,age       ] GC(50) - age   4:         96 bytes,       3512 total
[2019-12-09T07:56:10.704+0000][1][gc,age       ] GC(50) - age   5:        808 bytes,       4320 total
[2019-12-09T07:56:10.704+0000][1][gc,age       ] GC(50) - age   6:        752 bytes,       5072 total
[2019-12-09T07:56:10.704+0000][1][gc,heap      ] GC(50) ParNew: 69959K->7K(78656K)
[2019-12-09T07:56:10.704+0000][1][gc,heap      ] GC(50) CMS: 69453K->69453K(174784K)
[2019-12-09T07:56:10.704+0000][1][gc,metaspace ] GC(50) Metaspace: 68469K->68469K(1112064K)
[2019-12-09T07:56:10.704+0000][1][gc           ] GC(50) Pause Young (Allocation Failure) 136M->67M(247M) 1.586ms
[2019-12-09T07:56:10.704+0000][1][gc,cpu       ] GC(50) User=0.00s Sys=0.00s Real=0.00s
[2019-12-09T07:56:10.704+0000][1][safepoint    ] Leaving safepoint region
[2019-12-09T07:56:10.704+0000][1][safepoint    ] Total time for which application threads were stopped: 0.0017279 seconds, Stopping threads took: 0.0000170 seconds
[2019-12-09T07:58:09.977+0000][1][safepoint    ] Application time: 119.2732626 seconds
[2019-12-09T07:58:09.977+0000][1][safepoint    ] Entering safepoint region: GenCollectForAllocation
[2019-12-09T07:58:09.977+0000][1][gc,start     ] GC(51) Pause Young (Allocation Failure)
[2019-12-09T07:58:09.977+0000][1][gc,task      ] GC(51) Using 2 workers of 2 for evacuation
[2019-12-09T07:58:09.978+0000][1][gc,age       ] GC(51) Desired survivor size 4456448 bytes, new threshold 6 (max threshold 6)
[2019-12-09T07:58:09.979+0000][1][gc,age       ] GC(51) Age table with threshold 6 (max threshold 6)
[2019-12-09T07:58:09.979+0000][1][gc,age       ] GC(51) - age   1:       4104 bytes,       4104 total
[2019-12-09T07:58:09.979+0000][1][gc,age       ] GC(51) - age   3:        192 bytes,       4296 total
[2019-12-09T07:58:09.979+0000][1][gc,age       ] GC(51) - age   4:        192 bytes,       4488 total
[2019-12-09T07:58:09.979+0000][1][gc,age       ] GC(51) - age   5:         96 bytes,       4584 total
[2019-12-09T07:58:09.979+0000][1][gc,age       ] GC(51) - age   6:        808 bytes,       5392 total
[2019-12-09T07:58:09.979+0000][1][gc,heap      ] GC(51) ParNew: 69959K->7K(78656K)
[2019-12-09T07:58:09.979+0000][1][gc,heap      ] GC(51) CMS: 69453K->69454K(174784K)
[2019-12-09T07:58:09.979+0000][1][gc,metaspace ] GC(51) Metaspace: 68469K->68469K(1112064K)
[2019-12-09T07:58:09.979+0000][1][gc           ] GC(51) Pause Young (Allocation Failure) 136M->67M(247M) 1.415ms
[2019-12-09T07:58:09.979+0000][1][gc,cpu       ] GC(51) User=0.00s Sys=0.00s Real=0.00s
[2019-12-09T07:58:09.979+0000][1][safepoint    ] Leaving safepoint region
[2019-12-09T07:58:09.979+0000][1][safepoint    ] Total time for which application threads were stopped: 0.0015621 seconds, Stopping threads took: 0.0000231 seconds
[2019-12-09T08:00:10.022+0000][1][safepoint    ] Application time: 120.0432014 seconds
[2019-12-09T08:00:10.022+0000][1][safepoint    ] Entering safepoint region: GenCollectForAllocation
[2019-12-09T08:00:10.022+0000][1][gc,start     ] GC(52) Pause Young (Allocation Failure)
[2019-12-09T08:00:10.022+0000][1][gc,task      ] GC(52) Using 2 workers of 2 for evacuation
[2019-12-09T08:00:10.023+0000][1][gc,age       ] GC(52) Desired survivor size 4456448 bytes, new threshold 6 (max threshold 6)
[2019-12-09T08:00:10.023+0000][1][gc,age       ] GC(52) Age table with threshold 6 (max threshold 6)
[2019-12-09T08:00:10.023+0000][1][gc,age       ] GC(52) - age   1:       4040 bytes,       4040 total
[2019-12-09T08:00:10.023+0000][1][gc,age       ] GC(52) - age   2:         88 bytes,       4128 total
[2019-12-09T08:00:10.023+0000][1][gc,age       ] GC(52) - age   4:        192 bytes,       4320 total
[2019-12-09T08:00:10.023+0000][1][gc,age       ] GC(52) - age   5:        192 bytes,       4512 total
[2019-12-09T08:00:10.023+0000][1][gc,age       ] GC(52) - age   6:         96 bytes,       4608 total
[2019-12-09T08:00:10.023+0000][1][gc,heap      ] GC(52) ParNew: 69959K->7K(78656K)
[2019-12-09T08:00:10.023+0000][1][gc,heap      ] GC(52) CMS: 69454K->69455K(174784K)
[2019-12-09T08:00:10.023+0000][1][gc,metaspace ] GC(52) Metaspace: 68469K->68469K(1112064K)
[2019-12-09T08:00:10.023+0000][1][gc           ] GC(52) Pause Young (Allocation Failure) 136M->67M(247M) 1.389ms
[2019-12-09T08:00:10.023+0000][1][gc,cpu       ] GC(52) User=0.00s Sys=0.00s Real=0.00s
[2019-12-09T08:00:10.023+0000][1][safepoint    ] Leaving safepoint region
[2019-12-09T08:00:10.023+0000][1][safepoint    ] Total time for which application threads were stopped: 0.0015332 seconds, Stopping threads took: 0.0000217 seconds
[2019-12-09T08:00:35.025+0000][1][safepoint    ] Application time: 25.0016811 seconds
[2019-12-09T08:00:35.025+0000][1][safepoint    ] Entering safepoint region: Cleanup
[2019-12-09T08:00:35.025+0000][1][safepoint    ] Leaving safepoint region
[2019-12-09T08:00:35.025+0000][1][safepoint    ] Total time for which application threads were stopped: 0.0000828 seconds, Stopping threads took: 0.0000231 seconds
[2019-12-09T08:00:41.026+0000][1][safepoint    ] Application time: 6.0004157 seconds
[2019-12-09T08:00:41.026+0000][1][safepoint    ] Entering safepoint region: Cleanup
[2019-12-09T08:00:41.026+0000][1][safepoint    ] Leaving safepoint region
[2019-12-09T08:00:41.026+0000][1][safepoint    ] Total time for which application threads were stopped: 0.0000845 seconds, Stopping threads took: 0.0000270 seconds
[2019-12-09T08:01:48.030+0000][1][safepoint    ] Application time: 67.0045783 seconds
[2019-12-09T08:01:48.030+0000][1][safepoint    ] Entering safepoint region: Cleanup
[2019-12-09T08:01:48.030+0000][1][safepoint    ] Leaving safepoint region
[2019-12-09T08:01:48.030+0000][1][safepoint    ] Total time for which application threads were stopped: 0.0001081 seconds, Stopping threads took: 0.0000333 seconds
[2019-12-09T08:01:49.031+0000][1][safepoint    ] Application time: 1.0000754 seconds
[2019-12-09T08:01:49.031+0000][1][safepoint    ] Entering safepoint region: Cleanup
[2019-12-09T08:01:49.031+0000][1][safepoint    ] Leaving safepoint region
[2019-12-09T08:01:49.031+0000][1][safepoint    ] Total time for which application threads were stopped: 0.0001008 seconds, Stopping threads took: 0.0000170 seconds
[2019-12-09T08:02:10.065+0000][1][safepoint    ] Application time: 21.0346218 seconds
[2019-12-09T08:02:10.065+0000][1][safepoint    ] Entering safepoint region: GenCollectForAllocation
[2019-12-09T08:02:10.065+0000][1][gc,start     ] GC(53) Pause Young (Allocation Failure)
[2019-12-09T08:02:10.065+0000][1][gc,task      ] GC(53) Using 2 workers of 2 for evacuation
[2019-12-09T08:02:10.067+0000][1][gc,age       ] GC(53) Desired survivor size 4456448 bytes, new threshold 6 (max threshold 6)
[2019-12-09T08:02:10.067+0000][1][gc,age       ] GC(53) Age table with threshold 6 (max threshold 6)
[2019-12-09T08:02:10.067+0000][1][gc,age       ] GC(53) - age   1:       4072 bytes,       4072 total
[2019-12-09T08:02:10.067+0000][1][gc,age       ] GC(53) - age   3:         88 bytes,       4160 total
[2019-12-09T08:02:10.067+0000][1][gc,age       ] GC(53) - age   5:        192 bytes,       4352 total
[2019-12-09T08:02:10.067+0000][1][gc,age       ] GC(53) - age   6:        192 bytes,       4544 total
[2019-12-09T08:02:10.067+0000][1][gc,heap      ] GC(53) ParNew: 69959K->6K(78656K)
[2019-12-09T08:02:10.067+0000][1][gc,heap      ] GC(53) CMS: 69455K->69455K(174784K)
[2019-12-09T08:02:10.067+0000][1][gc,metaspace ] GC(53) Metaspace: 68469K->68469K(1112064K)
[2019-12-09T08:02:10.067+0000][1][gc           ] GC(53) Pause Young (Allocation Failure) 136M->67M(247M) 1.407ms
[2019-12-09T08:02:10.067+0000][1][gc,cpu       ] GC(53) User=0.00s Sys=0.00s Real=0.00s
[2019-12-09T08:02:10.067+0000][1][safepoint    ] Leaving safepoint region
[2019-12-09T08:02:10.067+0000][1][safepoint    ] Total time for which application threads were stopped: 0.0015445 seconds, Stopping threads took: 0.0000166 seconds
[2019-12-09T08:02:49.070+0000][1][safepoint    ] Application time: 39.0026220 seconds
[2019-12-09T08:02:49.070+0000][1][safepoint    ] Entering safepoint region: Cleanup
[2019-12-09T08:02:49.070+0000][1][safepoint    ] Leaving safepoint region
[2019-12-09T08:02:49.070+0000][1][safepoint    ] Total time for which application threads were stopped: 0.0000843 seconds, Stopping threads took: 0.0000245 seconds
[2019-12-09T08:04:10.107+0000][1][safepoint    ] Application time: 81.0370848 seconds
[2019-12-09T08:04:10.107+0000][1][safepoint    ] Entering safepoint region: GenCollectForAllocation
[2019-12-09T08:04:10.107+0000][1][gc,start     ] GC(54) Pause Young (Allocation Failure)
[2019-12-09T08:04:10.107+0000][1][gc,task      ] GC(54) Using 2 workers of 2 for evacuation
[2019-12-09T08:04:10.108+0000][1][gc,age       ] GC(54) Desired survivor size 4456448 bytes, new threshold 6 (max threshold 6)
[2019-12-09T08:04:10.108+0000][1][gc,age       ] GC(54) Age table with threshold 6 (max threshold 6)
[2019-12-09T08:04:10.108+0000][1][gc,age       ] GC(54) - age   1:       4048 bytes,       4048 total
[2019-12-09T08:04:10.108+0000][1][gc,age       ] GC(54) - age   4:         88 bytes,       4136 total
[2019-12-09T08:04:10.108+0000][1][gc,age       ] GC(54) - age   6:        192 bytes,       4328 total
[2019-12-09T08:04:10.108+0000][1][gc,heap      ] GC(54) ParNew: 69958K->6K(78656K)
[2019-12-09T08:04:10.108+0000][1][gc,heap      ] GC(54) CMS: 69455K->69455K(174784K)
[2019-12-09T08:04:10.108+0000][1][gc,metaspace ] GC(54) Metaspace: 68469K->68469K(1112064K)
[2019-12-09T08:04:10.108+0000][1][gc           ] GC(54) Pause Young (Allocation Failure) 136M->67M(247M) 1.335ms
[2019-12-09T08:04:10.108+0000][1][gc,cpu       ] GC(54) User=0.01s Sys=0.00s Real=0.00s
[2019-12-09T08:04:10.108+0000][1][safepoint    ] Leaving safepoint region
[2019-12-09T08:04:10.108+0000][1][safepoint    ] Total time for which application threads were stopped: 0.0014826 seconds, Stopping threads took: 0.0000233 seconds
[2019-12-09T08:05:08.112+0000][1][safepoint    ] Application time: 58.0039778 seconds
[2019-12-09T08:05:08.112+0000][1][safepoint    ] Entering safepoint region: Cleanup
[2019-12-09T08:05:08.112+0000][1][safepoint    ] Leaving safepoint region
[2019-12-09T08:05:08.112+0000][1][safepoint    ] Total time for which application threads were stopped: 0.0000839 seconds, Stopping threads took: 0.0000259 seconds
[2019-12-09T08:06:10.148+0000][1][safepoint    ] Application time: 62.0359350 seconds
[2019-12-09T08:06:10.148+0000][1][safepoint    ] Entering safepoint region: GenCollectForAllocation
[2019-12-09T08:06:10.148+0000][1][gc,start     ] GC(55) Pause Young (Allocation Failure)
[2019-12-09T08:06:10.149+0000][1][gc,task      ] GC(55) Using 2 workers of 2 for evacuation
[2019-12-09T08:06:10.150+0000][1][gc,age       ] GC(55) Desired survivor size 4456448 bytes, new threshold 6 (max threshold 6)
[2019-12-09T08:06:10.150+0000][1][gc,age       ] GC(55) Age table with threshold 6 (max threshold 6)
[2019-12-09T08:06:10.150+0000][1][gc,age       ] GC(55) - age   1:       5672 bytes,       5672 total
[2019-12-09T08:06:10.150+0000][1][gc,age       ] GC(55) - age   5:         88 bytes,       5760 total
[2019-12-09T08:06:10.150+0000][1][gc,heap      ] GC(55) ParNew: 69958K->6K(78656K)
[2019-12-09T08:06:10.150+0000][1][gc,heap      ] GC(55) CMS: 69455K->69455K(174784K)
[2019-12-09T08:06:10.150+0000][1][gc,metaspace ] GC(55) Metaspace: 68473K->68473K(1112064K)
[2019-12-09T08:06:10.150+0000][1][gc           ] GC(55) Pause Young (Allocation Failure) 136M->67M(247M) 1.383ms
[2019-12-09T08:06:10.150+0000][1][gc,cpu       ] GC(55) User=0.01s Sys=0.00s Real=0.00s
[2019-12-09T08:06:10.150+0000][1][safepoint    ] Leaving safepoint region
[2019-12-09T08:06:10.150+0000][1][safepoint    ] Total time for which application threads were stopped: 0.0015288 seconds, Stopping threads took: 0.0000240 seconds
[2019-12-09T08:07:14.154+0000][1][safepoint    ] Application time: 64.0044714 seconds
[2019-12-09T08:07:14.154+0000][1][safepoint    ] Entering safepoint region: Cleanup
[2019-12-09T08:07:14.155+0000][1][safepoint    ] Leaving safepoint region
[2019-12-09T08:07:14.155+0000][1][safepoint    ] Total time for which application threads were stopped: 0.0000880 seconds, Stopping threads took: 0.0000255 seconds
[2019-12-09T08:08:10.190+0000][1][safepoint    ] Application time: 56.0355281 seconds
[2019-12-09T08:08:10.190+0000][1][safepoint    ] Entering safepoint region: GenCollectForAllocation
[2019-12-09T08:08:10.190+0000][1][gc,start     ] GC(56) Pause Young (Allocation Failure)
[2019-12-09T08:08:10.190+0000][1][gc,task      ] GC(56) Using 2 workers of 2 for evacuation
[2019-12-09T08:08:10.191+0000][1][gc,age       ] GC(56) Desired survivor size 4456448 bytes, new threshold 6 (max threshold 6)
[2019-12-09T08:08:10.192+0000][1][gc,age       ] GC(56) Age table with threshold 6 (max threshold 6)
[2019-12-09T08:08:10.192+0000][1][gc,age       ] GC(56) - age   1:       3088 bytes,       3088 total
[2019-12-09T08:08:10.192+0000][1][gc,age       ] GC(56) - age   2:       1648 bytes,       4736 total
[2019-12-09T08:08:10.192+0000][1][gc,age       ] GC(56) - age   6:         88 bytes,       4824 total
[2019-12-09T08:08:10.192+0000][1][gc,heap      ] GC(56) ParNew: 69958K->7K(78656K)
[2019-12-09T08:08:10.192+0000][1][gc,heap      ] GC(56) CMS: 69455K->69455K(174784K)
[2019-12-09T08:08:10.192+0000][1][gc,metaspace ] GC(56) Metaspace: 68473K->68473K(1112064K)
[2019-12-09T08:08:10.192+0000][1][gc           ] GC(56) Pause Young (Allocation Failure) 136M->67M(247M) 1.376ms
[2019-12-09T08:08:10.192+0000][1][gc,cpu       ] GC(56) User=0.00s Sys=0.00s Real=0.00s
[2019-12-09T08:08:10.192+0000][1][safepoint    ] Leaving safepoint region
[2019-12-09T08:08:10.192+0000][1][safepoint    ] Total time for which application threads were stopped: 0.0015270 seconds, Stopping threads took: 0.0000256 seconds
[2019-12-09T08:08:15.192+0000][1][safepoint    ] Application time: 5.0003535 seconds
[2019-12-09T08:08:15.192+0000][1][safepoint    ] Entering safepoint region: Cleanup
[2019-12-09T08:08:15.192+0000][1][safepoint    ] Leaving safepoint region
[2019-12-09T08:08:15.192+0000][1][safepoint    ] Total time for which application threads were stopped: 0.0000802 seconds, Stopping threads took: 0.0000174 seconds
[2019-12-09T08:08:41.194+0000][1][safepoint    ] Application time: 26.0017613 seconds
[2019-12-09T08:08:41.194+0000][1][safepoint    ] Entering safepoint region: Cleanup
[2019-12-09T08:08:41.194+0000][1][safepoint    ] Leaving safepoint region
[2019-12-09T08:08:41.194+0000][1][safepoint    ] Total time for which application threads were stopped: 0.0000834 seconds, Stopping threads took: 0.0000261 seconds
[2019-12-09T08:08:46.194+0000][1][safepoint    ] Application time: 5.0003246 seconds
[2019-12-09T08:08:46.194+0000][1][safepoint    ] Entering safepoint region: Cleanup
[2019-12-09T08:08:46.194+0000][1][safepoint    ] Leaving safepoint region
[2019-12-09T08:08:46.194+0000][1][safepoint    ] Total time for which application threads were stopped: 0.0000932 seconds, Stopping threads took: 0.0000238 seconds
[2019-12-09T08:10:10.236+0000][1][safepoint    ] Application time: 84.0418964 seconds
[2019-12-09T08:10:10.236+0000][1][safepoint    ] Entering safepoint region: GenCollectForAllocation
[2019-12-09T08:10:10.236+0000][1][gc,start     ] GC(57) Pause Young (Allocation Failure)
[2019-12-09T08:10:10.237+0000][1][gc,task      ] GC(57) Using 2 workers of 2 for evacuation
[2019-12-09T08:10:10.238+0000][1][gc,age       ] GC(57) Desired survivor size 4456448 bytes, new threshold 6 (max threshold 6)
[2019-12-09T08:10:10.238+0000][1][gc,age       ] GC(57) Age table with threshold 6 (max threshold 6)
[2019-12-09T08:10:10.238+0000][1][gc,age       ] GC(57) - age   1:       4480 bytes,       4480 total
[2019-12-09T08:10:10.238+0000][1][gc,age       ] GC(57) - age   3:       1648 bytes,       6128 total
[2019-12-09T08:10:10.238+0000][1][gc,heap      ] GC(57) ParNew: 69959K->7K(78656K)
[2019-12-09T08:10:10.238+0000][1][gc,heap      ] GC(57) CMS: 69455K->69456K(174784K)
[2019-12-09T08:10:10.238+0000][1][gc,metaspace ] GC(57) Metaspace: 68473K->68473K(1112064K)
[2019-12-09T08:10:10.238+0000][1][gc           ] GC(57) Pause Young (Allocation Failure) 136M->67M(247M) 1.379ms
[2019-12-09T08:10:10.238+0000][1][gc,cpu       ] GC(57) User=0.00s Sys=0.00s Real=0.00s
[2019-12-09T08:10:10.238+0000][1][safepoint    ] Leaving safepoint region
[2019-12-09T08:10:10.238+0000][1][safepoint    ] Total time for which application threads were stopped: 0.0015202 seconds, Stopping threads took: 0.0000233 seconds
[2019-12-09T08:10:13.238+0000][1][safepoint    ] Application time: 3.0002151 seconds
[2019-12-09T08:10:13.238+0000][1][safepoint    ] Entering safepoint region: Cleanup
[2019-12-09T08:10:13.238+0000][1][safepoint    ] Leaving safepoint region
[2019-12-09T08:10:13.238+0000][1][safepoint    ] Total time for which application threads were stopped: 0.0000788 seconds, Stopping threads took: 0.0000171 seconds
[2019-12-09T08:10:14.238+0000][1][safepoint    ] Application time: 1.0000770 seconds
[2019-12-09T08:10:14.238+0000][1][safepoint    ] Entering safepoint region: Cleanup
[2019-12-09T08:10:14.238+0000][1][safepoint    ] Leaving safepoint region
[2019-12-09T08:10:14.238+0000][1][safepoint    ] Total time for which application threads were stopped: 0.0000765 seconds, Stopping threads took: 0.0000179 seconds
[2019-12-09T08:10:15.239+0000][1][safepoint    ] Application time: 1.0000759 seconds
[2019-12-09T08:10:15.239+0000][1][safepoint    ] Entering safepoint region: Cleanup
[2019-12-09T08:10:15.239+0000][1][safepoint    ] Leaving safepoint region
[2019-12-09T08:10:15.239+0000][1][safepoint    ] Total time for which application threads were stopped: 0.0000734 seconds, Stopping threads took: 0.0000154 seconds
[2019-12-09T08:10:16.239+0000][1][safepoint    ] Application time: 1.0000764 seconds
[2019-12-09T08:10:16.239+0000][1][safepoint    ] Entering safepoint region: Cleanup
[2019-12-09T08:10:16.239+0000][1][safepoint    ] Leaving safepoint region
[2019-12-09T08:10:16.239+0000][1][safepoint    ] Total time for which application threads were stopped: 0.0000737 seconds, Stopping threads took: 0.0000168 seconds
[2019-12-09T08:10:21.239+0000][1][safepoint    ] Application time: 5.0003455 seconds
[2019-12-09T08:10:21.239+0000][1][safepoint    ] Entering safepoint region: Cleanup
[2019-12-09T08:10:21.239+0000][1][safepoint    ] Leaving safepoint region
[2019-12-09T08:10:21.239+0000][1][safepoint    ] Total time for which application threads were stopped: 0.0000833 seconds, Stopping threads took: 0.0000172 seconds
[2019-12-09T08:10:22.239+0000][1][safepoint    ] Application time: 1.0000770 seconds
[2019-12-09T08:10:22.239+0000][1][safepoint    ] Entering safepoint region: Cleanup
[2019-12-09T08:10:22.239+0000][1][safepoint    ] Leaving safepoint region
[2019-12-09T08:10:22.240+0000][1][safepoint    ] Total time for which application threads were stopped: 0.0000756 seconds, Stopping threads took: 0.0000179 seconds
[2019-12-09T08:10:25.240+0000][1][safepoint    ] Application time: 3.0002118 seconds
[2019-12-09T08:10:25.240+0000][1][safepoint    ] Entering safepoint region: Cleanup
[2019-12-09T08:10:25.240+0000][1][safepoint    ] Leaving safepoint region
[2019-12-09T08:10:25.240+0000][1][safepoint    ] Total time for which application threads were stopped: 0.0000688 seconds, Stopping threads took: 0.0000167 seconds
[2019-12-09T08:10:26.240+0000][1][safepoint    ] Application time: 1.0000772 seconds
[2019-12-09T08:10:26.240+0000][1][safepoint    ] Entering safepoint region: Cleanup
[2019-12-09T08:10:26.240+0000][1][safepoint    ] Leaving safepoint region
[2019-12-09T08:10:26.240+0000][1][safepoint    ] Total time for which application threads were stopped: 0.0000806 seconds, Stopping threads took: 0.0000250 seconds
[2019-12-09T08:10:27.240+0000][1][safepoint    ] Application time: 1.0000755 seconds
[2019-12-09T08:10:27.240+0000][1][safepoint    ] Entering safepoint region: Cleanup
[2019-12-09T08:10:27.240+0000][1][safepoint    ] Leaving safepoint region
[2019-12-09T08:10:27.240+0000][1][safepoint    ] Total time for which application threads were stopped: 0.0000687 seconds, Stopping threads took: 0.0000175 seconds
[2019-12-09T08:10:28.240+0000][1][safepoint    ] Application time: 1.0000773 seconds
[2019-12-09T08:10:28.240+0000][1][safepoint    ] Entering safepoint region: Cleanup
[2019-12-09T08:10:28.240+0000][1][safepoint    ] Leaving safepoint region
[2019-12-09T08:10:28.240+0000][1][safepoint    ] Total time for which application threads were stopped: 0.0000680 seconds, Stopping threads took: 0.0000163 seconds
[2019-12-09T08:10:29.240+0000][1][safepoint    ] Application time: 1.0000771 seconds
[2019-12-09T08:10:29.241+0000][1][safepoint    ] Entering safepoint region: Cleanup
[2019-12-09T08:10:29.241+0000][1][safepoint    ] Leaving safepoint region
[2019-12-09T08:10:29.241+0000][1][safepoint    ] Total time for which application threads were stopped: 0.0000689 seconds, Stopping threads took: 0.0000171 seconds
[2019-12-09T08:10:30.241+0000][1][safepoint    ] Application time: 1.0000862 seconds
[2019-12-09T08:10:30.241+0000][1][safepoint    ] Entering safepoint region: Cleanup
[2019-12-09T08:10:30.241+0000][1][safepoint    ] Leaving safepoint region
[2019-12-09T08:10:30.241+0000][1][safepoint    ] Total time for which application threads were stopped: 0.0000691 seconds, Stopping threads took: 0.0000168 seconds
[2019-12-09T08:10:31.241+0000][1][safepoint    ] Application time: 1.0000768 seconds
[2019-12-09T08:10:31.241+0000][1][safepoint    ] Entering safepoint region: Cleanup
[2019-12-09T08:10:31.241+0000][1][safepoint    ] Leaving safepoint region
[2019-12-09T08:10:31.241+0000][1][safepoint    ] Total time for which application threads were stopped: 0.0000692 seconds, Stopping threads took: 0.0000166 seconds
[2019-12-09T08:10:32.241+0000][1][safepoint    ] Application time: 1.0000780 seconds
[2019-12-09T08:10:32.241+0000][1][safepoint    ] Entering safepoint region: Cleanup
[2019-12-09T08:10:32.241+0000][1][safepoint    ] Leaving safepoint region
[2019-12-09T08:10:32.241+0000][1][safepoint    ] Total time for which application threads were stopped: 0.0000694 seconds, Stopping threads took: 0.0000168 seconds
[2019-12-09T08:10:33.241+0000][1][safepoint    ] Application time: 1.0000790 seconds
[2019-12-09T08:10:33.241+0000][1][safepoint    ] Entering safepoint region: Cleanup
[2019-12-09T08:10:33.241+0000][1][safepoint    ] Leaving safepoint region
[2019-12-09T08:10:33.241+0000][1][safepoint    ] Total time for which application threads were stopped: 0.0000782 seconds, Stopping threads took: 0.0000171 seconds
[2019-12-09T08:10:34.241+0000][1][safepoint    ] Application time: 1.0000767 seconds
[2019-12-09T08:10:34.242+0000][1][safepoint    ] Entering safepoint region: Cleanup
[2019-12-09T08:10:34.242+0000][1][safepoint    ] Leaving safepoint region
[2019-12-09T08:10:34.242+0000][1][safepoint    ] Total time for which application threads were stopped: 0.0000698 seconds, Stopping threads took: 0.0000168 seconds
[2019-12-09T08:10:35.242+0000][1][safepoint    ] Application time: 1.0000761 seconds
[2019-12-09T08:10:35.242+0000][1][safepoint    ] Entering safepoint region: Cleanup
[2019-12-09T08:10:35.242+0000][1][safepoint    ] Leaving safepoint region
[2019-12-09T08:10:35.242+0000][1][safepoint    ] Total time for which application threads were stopped: 0.0000710 seconds, Stopping threads took: 0.0000199 seconds
[2019-12-09T08:10:36.242+0000][1][safepoint    ] Application time: 1.0000754 seconds
[2019-12-09T08:10:36.242+0000][1][safepoint    ] Entering safepoint region: Cleanup
[2019-12-09T08:10:36.242+0000][1][safepoint    ] Leaving safepoint region
[2019-12-09T08:10:36.242+0000][1][safepoint    ] Total time for which application threads were stopped: 0.0000689 seconds, Stopping threads took: 0.0000175 seconds
[2019-12-09T08:10:37.242+0000][1][safepoint    ] Application time: 1.0000748 seconds
[2019-12-09T08:10:37.242+0000][1][safepoint    ] Entering safepoint region: Cleanup
[2019-12-09T08:10:37.242+0000][1][safepoint    ] Leaving safepoint region
[2019-12-09T08:10:37.242+0000][1][safepoint    ] Total time for which application threads were stopped: 0.0000692 seconds, Stopping threads took: 0.0000171 seconds
[2019-12-09T08:10:38.242+0000][1][safepoint    ] Application time: 1.0000762 seconds
[2019-12-09T08:10:38.242+0000][1][safepoint    ] Entering safepoint region: Cleanup
[2019-12-09T08:10:38.242+0000][1][safepoint    ] Leaving safepoint region
[2019-12-09T08:10:38.242+0000][1][safepoint    ] Total time for which application threads were stopped: 0.0000690 seconds, Stopping threads took: 0.0000172 seconds
[2019-12-09T08:10:39.242+0000][1][safepoint    ] Application time: 1.0000778 seconds
[2019-12-09T08:10:39.242+0000][1][safepoint    ] Entering safepoint region: Cleanup
[2019-12-09T08:10:39.243+0000][1][safepoint    ] Leaving safepoint region
[2019-12-09T08:10:39.243+0000][1][safepoint    ] Total time for which application threads were stopped: 0.0000700 seconds, Stopping threads took: 0.0000171 seconds
[2019-12-09T08:10:40.243+0000][1][safepoint    ] Application time: 1.0000778 seconds
[2019-12-09T08:10:40.243+0000][1][safepoint    ] Entering safepoint region: Cleanup
[2019-12-09T08:10:40.243+0000][1][safepoint    ] Leaving safepoint region
[2019-12-09T08:10:40.243+0000][1][safepoint    ] Total time for which application threads were stopped: 0.0000795 seconds, Stopping threads took: 0.0000164 seconds
[2019-12-09T08:10:41.243+0000][1][safepoint    ] Application time: 1.0000779 seconds
[2019-12-09T08:10:41.243+0000][1][safepoint    ] Entering safepoint region: Cleanup
[2019-12-09T08:10:41.243+0000][1][safepoint    ] Leaving safepoint region
[2019-12-09T08:10:41.243+0000][1][safepoint    ] Total time for which application threads were stopped: 0.0000686 seconds, Stopping threads took: 0.0000169 seconds
[2019-12-09T08:10:42.243+0000][1][safepoint    ] Application time: 1.0000795 seconds
[2019-12-09T08:10:42.243+0000][1][safepoint    ] Entering safepoint region: Cleanup
[2019-12-09T08:10:42.243+0000][1][safepoint    ] Leaving safepoint region
[2019-12-09T08:10:42.243+0000][1][safepoint    ] Total time for which application threads were stopped: 0.0000700 seconds, Stopping threads took: 0.0000173 seconds
[2019-12-09T08:10:43.243+0000][1][safepoint    ] Application time: 1.0000774 seconds
[2019-12-09T08:10:43.243+0000][1][safepoint    ] Entering safepoint region: Cleanup
[2019-12-09T08:10:43.243+0000][1][safepoint    ] Leaving safepoint region
[2019-12-09T08:10:43.243+0000][1][safepoint    ] Total time for which application threads were stopped: 0.0000680 seconds, Stopping threads took: 0.0000161 seconds
[2019-12-09T08:10:44.243+0000][1][safepoint    ] Application time: 1.0000784 seconds
[2019-12-09T08:10:44.243+0000][1][safepoint    ] Entering safepoint region: Cleanup
[2019-12-09T08:10:44.243+0000][1][safepoint    ] Leaving safepoint region
[2019-12-09T08:10:44.243+0000][1][safepoint    ] Total time for which application threads were stopped: 0.0000694 seconds, Stopping threads took: 0.0000163 seconds
[2019-12-09T08:10:45.244+0000][1][safepoint    ] Application time: 1.0000770 seconds
[2019-12-09T08:10:45.244+0000][1][safepoint    ] Entering safepoint region: Cleanup
[2019-12-09T08:10:45.244+0000][1][safepoint    ] Leaving safepoint region
[2019-12-09T08:10:45.244+0000][1][safepoint    ] Total time for which application threads were stopped: 0.0000772 seconds, Stopping threads took: 0.0000153 seconds
[2019-12-09T08:10:46.244+0000][1][safepoint    ] Application time: 1.0000795 seconds
[2019-12-09T08:10:46.244+0000][1][safepoint    ] Entering safepoint region: Cleanup
[2019-12-09T08:10:46.244+0000][1][safepoint    ] Leaving safepoint region
[2019-12-09T08:10:46.244+0000][1][safepoint    ] Total time for which application threads were stopped: 0.0000704 seconds, Stopping threads took: 0.0000177 seconds
[2019-12-09T08:10:47.244+0000][1][safepoint    ] Application time: 1.0000777 seconds
[2019-12-09T08:10:47.244+0000][1][safepoint    ] Entering safepoint region: Cleanup
[2019-12-09T08:10:47.244+0000][1][safepoint    ] Leaving safepoint region
[2019-12-09T08:10:47.244+0000][1][safepoint    ] Total time for which application threads were stopped: 0.0000665 seconds, Stopping threads took: 0.0000170 seconds
[2019-12-09T08:10:48.244+0000][1][safepoint    ] Application time: 1.0000787 seconds
[2019-12-09T08:10:48.244+0000][1][safepoint    ] Entering safepoint region: Cleanup
[2019-12-09T08:10:48.244+0000][1][safepoint    ] Leaving safepoint region
[2019-12-09T08:10:48.244+0000][1][safepoint    ] Total time for which application threads were stopped: 0.0000674 seconds, Stopping threads took: 0.0000155 seconds
[2019-12-09T08:10:49.244+0000][1][safepoint    ] Application time: 1.0000781 seconds
[2019-12-09T08:10:49.244+0000][1][safepoint    ] Entering safepoint region: Cleanup
[2019-12-09T08:10:49.244+0000][1][safepoint    ] Leaving safepoint region
[2019-12-09T08:10:49.244+0000][1][safepoint    ] Total time for which application threads were stopped: 0.0000697 seconds, Stopping threads took: 0.0000168 seconds
[2019-12-09T08:10:50.245+0000][1][safepoint    ] Application time: 1.0000808 seconds
[2019-12-09T08:10:50.245+0000][1][safepoint    ] Entering safepoint region: Cleanup
[2019-12-09T08:10:50.245+0000][1][safepoint    ] Leaving safepoint region
[2019-12-09T08:10:50.245+0000][1][safepoint    ] Total time for which application threads were stopped: 0.0000725 seconds, Stopping threads took: 0.0000180 seconds
[2019-12-09T08:10:51.245+0000][1][safepoint    ] Application time: 1.0000806 seconds
[2019-12-09T08:10:51.245+0000][1][safepoint    ] Entering safepoint region: Cleanup
[2019-12-09T08:10:51.245+0000][1][safepoint    ] Leaving safepoint region
[2019-12-09T08:10:51.245+0000][1][safepoint    ] Total time for which application threads were stopped: 0.0000752 seconds, Stopping threads took: 0.0000184 seconds
[2019-12-09T08:10:52.245+0000][1][safepoint    ] Application time: 1.0000835 seconds
[2019-12-09T08:10:52.245+0000][1][safepoint    ] Entering safepoint region: Cleanup
[2019-12-09T08:10:52.245+0000][1][safepoint    ] Leaving safepoint region
[2019-12-09T08:10:52.245+0000][1][safepoint    ] Total time for which application threads were stopped: 0.0000742 seconds, Stopping threads took: 0.0000176 seconds
[2019-12-09T08:10:53.245+0000][1][safepoint    ] Application time: 1.0000839 seconds
[2019-12-09T08:10:53.245+0000][1][safepoint    ] Entering safepoint region: Cleanup
[2019-12-09T08:10:53.245+0000][1][safepoint    ] Leaving safepoint region
[2019-12-09T08:10:53.245+0000][1][safepoint    ] Total time for which application threads were stopped: 0.0000955 seconds, Stopping threads took: 0.0000235 seconds
[2019-12-09T08:10:54.245+0000][1][safepoint    ] Application time: 1.0000818 seconds
[2019-12-09T08:10:54.245+0000][1][safepoint    ] Entering safepoint region: Cleanup
[2019-12-09T08:10:54.246+0000][1][safepoint    ] Leaving safepoint region
[2019-12-09T08:10:54.246+0000][1][safepoint    ] Total time for which application threads were stopped: 0.0000975 seconds, Stopping threads took: 0.0000236 seconds
[2019-12-09T08:10:55.246+0000][1][safepoint    ] Application time: 1.0000771 seconds
[2019-12-09T08:10:55.246+0000][1][safepoint    ] Entering safepoint region: Cleanup
[2019-12-09T08:10:55.246+0000][1][safepoint    ] Leaving safepoint region
[2019-12-09T08:10:55.246+0000][1][safepoint    ] Total time for which application threads were stopped: 0.0000871 seconds, Stopping threads took: 0.0000319 seconds
[2019-12-09T08:10:56.246+0000][1][safepoint    ] Application time: 1.0000744 seconds
[2019-12-09T08:10:56.246+0000][1][safepoint    ] Entering safepoint region: Cleanup
[2019-12-09T08:10:56.246+0000][1][safepoint    ] Leaving safepoint region
[2019-12-09T08:10:56.246+0000][1][safepoint    ] Total time for which application threads were stopped: 0.0000771 seconds, Stopping threads took: 0.0000263 seconds
[2019-12-09T08:10:57.246+0000][1][safepoint    ] Application time: 1.0000763 seconds
[2019-12-09T08:10:57.246+0000][1][safepoint    ] Entering safepoint region: Cleanup
[2019-12-09T08:10:57.246+0000][1][safepoint    ] Leaving safepoint region
[2019-12-09T08:10:57.246+0000][1][safepoint    ] Total time for which application threads were stopped: 0.0000695 seconds, Stopping threads took: 0.0000162 seconds
[2019-12-09T08:10:58.246+0000][1][safepoint    ] Application time: 1.0000770 seconds
[2019-12-09T08:10:58.246+0000][1][safepoint    ] Entering safepoint region: Cleanup
[2019-12-09T08:10:58.246+0000][1][safepoint    ] Leaving safepoint region
[2019-12-09T08:10:58.246+0000][1][safepoint    ] Total time for which application threads were stopped: 0.0000689 seconds, Stopping threads took: 0.0000156 seconds
[2019-12-09T08:10:59.246+0000][1][safepoint    ] Application time: 1.0000766 seconds
[2019-12-09T08:10:59.246+0000][1][safepoint    ] Entering safepoint region: Cleanup
[2019-12-09T08:10:59.247+0000][1][safepoint    ] Leaving safepoint region
[2019-12-09T08:10:59.247+0000][1][safepoint    ] Total time for which application threads were stopped: 0.0000688 seconds, Stopping threads took: 0.0000172 seconds
[2019-12-09T08:11:00.247+0000][1][safepoint    ] Application time: 1.0000772 seconds
[2019-12-09T08:11:00.247+0000][1][safepoint    ] Entering safepoint region: Cleanup
[2019-12-09T08:11:00.247+0000][1][safepoint    ] Leaving safepoint region
[2019-12-09T08:11:00.247+0000][1][safepoint    ] Total time for which application threads were stopped: 0.0000804 seconds, Stopping threads took: 0.0000165 seconds
[2019-12-09T08:11:01.247+0000][1][safepoint    ] Application time: 1.0000777 seconds
[2019-12-09T08:11:01.247+0000][1][safepoint    ] Entering safepoint region: Cleanup
[2019-12-09T08:11:01.247+0000][1][safepoint    ] Leaving safepoint region
[2019-12-09T08:11:01.247+0000][1][safepoint    ] Total time for which application threads were stopped: 0.0000680 seconds, Stopping threads took: 0.0000173 seconds
[2019-12-09T08:11:02.247+0000][1][safepoint    ] Application time: 1.0000750 seconds
[2019-12-09T08:11:02.247+0000][1][safepoint    ] Entering safepoint region: Cleanup
[2019-12-09T08:11:02.247+0000][1][safepoint    ] Leaving safepoint region
[2019-12-09T08:11:02.247+0000][1][safepoint    ] Total time for which application threads were stopped: 0.0000675 seconds, Stopping threads took: 0.0000174 seconds
[2019-12-09T08:11:03.247+0000][1][safepoint    ] Application time: 1.0000762 seconds
[2019-12-09T08:11:03.247+0000][1][safepoint    ] Entering safepoint region: Cleanup
[2019-12-09T08:11:03.247+0000][1][safepoint    ] Leaving safepoint region
[2019-12-09T08:11:03.247+0000][1][safepoint    ] Total time for which application threads were stopped: 0.0000691 seconds, Stopping threads took: 0.0000166 seconds
[2019-12-09T08:11:04.247+0000][1][safepoint    ] Application time: 1.0000762 seconds
[2019-12-09T08:11:04.247+0000][1][safepoint    ] Entering safepoint region: Cleanup
[2019-12-09T08:11:04.247+0000][1][safepoint    ] Leaving safepoint region
[2019-12-09T08:11:04.247+0000][1][safepoint    ] Total time for which application threads were stopped: 0.0000675 seconds, Stopping threads took: 0.0000168 seconds
[2019-12-09T08:11:05.248+0000][1][safepoint    ] Application time: 1.0000759 seconds
[2019-12-09T08:11:05.248+0000][1][safepoint    ] Entering safepoint region: Cleanup
[2019-12-09T08:11:05.248+0000][1][safepoint    ] Leaving safepoint region
[2019-12-09T08:11:05.248+0000][1][safepoint    ] Total time for which application threads were stopped: 0.0000822 seconds, Stopping threads took: 0.0000166 seconds
[2019-12-09T08:11:06.248+0000][1][safepoint    ] Application time: 1.0000747 seconds
[2019-12-09T08:11:06.248+0000][1][safepoint    ] Entering safepoint region: Cleanup
[2019-12-09T08:11:06.248+0000][1][safepoint    ] Leaving safepoint region
[2019-12-09T08:11:06.248+0000][1][safepoint    ] Total time for which application threads were stopped: 0.0000686 seconds, Stopping threads took: 0.0000162 seconds
[2019-12-09T08:11:07.248+0000][1][safepoint    ] Application time: 1.0000778 seconds
[2019-12-09T08:11:07.248+0000][1][safepoint    ] Entering safepoint region: Cleanup
[2019-12-09T08:11:07.248+0000][1][safepoint    ] Leaving safepoint region
[2019-12-09T08:11:07.248+0000][1][safepoint    ] Total time for which application threads were stopped: 0.0000710 seconds, Stopping threads took: 0.0000176 seconds
[2019-12-09T08:11:08.248+0000][1][safepoint    ] Application time: 1.0000735 seconds
[2019-12-09T08:11:08.248+0000][1][safepoint    ] Entering safepoint region: Cleanup
[2019-12-09T08:11:08.248+0000][1][safepoint    ] Leaving safepoint region
[2019-12-09T08:11:08.248+0000][1][safepoint    ] Total time for which application threads were stopped: 0.0000682 seconds, Stopping threads took: 0.0000155 seconds
[2019-12-09T08:11:09.248+0000][1][safepoint    ] Application time: 1.0000746 seconds
[2019-12-09T08:11:09.248+0000][1][safepoint    ] Entering safepoint region: Cleanup
[2019-12-09T08:11:09.248+0000][1][safepoint    ] Leaving safepoint region
[2019-12-09T08:11:09.248+0000][1][safepoint    ] Total time for which application threads were stopped: 0.0000712 seconds, Stopping threads took: 0.0000162 seconds
[2019-12-09T08:11:10.249+0000][1][safepoint    ] Application time: 1.0000767 seconds
[2019-12-09T08:11:10.249+0000][1][safepoint    ] Entering safepoint region: Cleanup
[2019-12-09T08:11:10.249+0000][1][safepoint    ] Leaving safepoint region
[2019-12-09T08:11:10.249+0000][1][safepoint    ] Total time for which application threads were stopped: 0.0000671 seconds, Stopping threads took: 0.0000165 seconds
[2019-12-09T08:11:11.249+0000][1][safepoint    ] Application time: 1.0000736 seconds
[2019-12-09T08:11:11.249+0000][1][safepoint    ] Entering safepoint region: Cleanup
[2019-12-09T08:11:11.249+0000][1][safepoint    ] Leaving safepoint region
[2019-12-09T08:11:11.249+0000][1][safepoint    ] Total time for which application threads were stopped: 0.0000693 seconds, Stopping threads took: 0.0000169 seconds
[2019-12-09T08:11:12.249+0000][1][safepoint    ] Application time: 1.0000674 seconds
[2019-12-09T08:11:12.249+0000][1][safepoint    ] Entering safepoint region: Cleanup
[2019-12-09T08:11:12.249+0000][1][safepoint    ] Leaving safepoint region
[2019-12-09T08:11:12.249+0000][1][safepoint    ] Total time for which application threads were stopped: 0.0000674 seconds, Stopping threads took: 0.0000160 seconds
[2019-12-09T08:11:13.249+0000][1][safepoint    ] Application time: 1.0000743 seconds
[2019-12-09T08:11:13.249+0000][1][safepoint    ] Entering safepoint region: Cleanup
[2019-12-09T08:11:13.249+0000][1][safepoint    ] Leaving safepoint region
[2019-12-09T08:11:13.249+0000][1][safepoint    ] Total time for which application threads were stopped: 0.0000701 seconds, Stopping threads took: 0.0000174 seconds
[2019-12-09T08:11:14.249+0000][1][safepoint    ] Application time: 1.0000764 seconds
[2019-12-09T08:11:14.249+0000][1][safepoint    ] Entering safepoint region: Cleanup
[2019-12-09T08:11:14.249+0000][1][safepoint    ] Leaving safepoint region
[2019-12-09T08:11:14.249+0000][1][safepoint    ] Total time for which application threads were stopped: 0.0000687 seconds, Stopping threads took: 0.0000161 seconds
[2019-12-09T08:11:15.249+0000][1][safepoint    ] Application time: 1.0000745 seconds
[2019-12-09T08:11:15.250+0000][1][safepoint    ] Entering safepoint region: Cleanup
[2019-12-09T08:11:15.250+0000][1][safepoint    ] Leaving safepoint region
[2019-12-09T08:11:15.250+0000][1][safepoint    ] Total time for which application threads were stopped: 0.0000686 seconds, Stopping threads took: 0.0000161 seconds
[2019-12-09T08:11:16.250+0000][1][safepoint    ] Application time: 1.0000765 seconds
[2019-12-09T08:11:16.250+0000][1][safepoint    ] Entering safepoint region: Cleanup
[2019-12-09T08:11:16.250+0000][1][safepoint    ] Leaving safepoint region
[2019-12-09T08:11:16.250+0000][1][safepoint    ] Total time for which application threads were stopped: 0.0000689 seconds, Stopping threads took: 0.0000165 seconds
[2019-12-09T08:11:17.250+0000][1][safepoint    ] Application time: 1.0000774 seconds
[2019-12-09T08:11:17.250+0000][1][safepoint    ] Entering safepoint region: Cleanup
[2019-12-09T08:11:17.250+0000][1][safepoint    ] Leaving safepoint region
[2019-12-09T08:11:17.250+0000][1][safepoint    ] Total time for which application threads were stopped: 0.0000694 seconds, Stopping threads took: 0.0000168 seconds
[2019-12-09T08:11:18.250+0000][1][safepoint    ] Application time: 1.0000783 seconds
[2019-12-09T08:11:18.250+0000][1][safepoint    ] Entering safepoint region: Cleanup
[2019-12-09T08:11:18.250+0000][1][safepoint    ] Leaving safepoint region
[2019-12-09T08:11:18.250+0000][1][safepoint    ] Total time for which application threads were stopped: 0.0000704 seconds, Stopping threads took: 0.0000172 seconds
[2019-12-09T08:11:19.250+0000][1][safepoint    ] Application time: 1.0000779 seconds
[2019-12-09T08:11:19.250+0000][1][safepoint    ] Entering safepoint region: Cleanup
[2019-12-09T08:11:19.250+0000][1][safepoint    ] Leaving safepoint region
[2019-12-09T08:11:19.250+0000][1][safepoint    ] Total time for which application threads were stopped: 0.0000662 seconds, Stopping threads took: 0.0000161 seconds
[2019-12-09T08:11:20.250+0000][1][safepoint    ] Application time: 1.0000778 seconds
[2019-12-09T08:11:20.251+0000][1][safepoint    ] Entering safepoint region: Cleanup
[2019-12-09T08:11:20.251+0000][1][safepoint    ] Leaving safepoint region
[2019-12-09T08:11:20.251+0000][1][safepoint    ] Total time for which application threads were stopped: 0.0000677 seconds, Stopping threads took: 0.0000169 seconds
[2019-12-09T08:11:21.251+0000][1][safepoint    ] Application time: 1.0000793 seconds
[2019-12-09T08:11:21.251+0000][1][safepoint    ] Entering safepoint region: Cleanup
[2019-12-09T08:11:21.251+0000][1][safepoint    ] Leaving safepoint region
[2019-12-09T08:11:21.251+0000][1][safepoint    ] Total time for which application threads were stopped: 0.0000665 seconds, Stopping threads took: 0.0000163 seconds
[2019-12-09T08:11:22.251+0000][1][safepoint    ] Application time: 1.0000786 seconds
[2019-12-09T08:11:22.251+0000][1][safepoint    ] Entering safepoint region: Cleanup
[2019-12-09T08:11:22.251+0000][1][safepoint    ] Leaving safepoint region
[2019-12-09T08:11:22.251+0000][1][safepoint    ] Total time for which application threads were stopped: 0.0000713 seconds, Stopping threads took: 0.0000176 seconds
[2019-12-09T08:11:23.251+0000][1][safepoint    ] Application time: 1.0000787 seconds
[2019-12-09T08:11:23.251+0000][1][safepoint    ] Entering safepoint region: Cleanup
[2019-12-09T08:11:23.251+0000][1][safepoint    ] Leaving safepoint region
[2019-12-09T08:11:23.251+0000][1][safepoint    ] Total time for which application threads were stopped: 0.0000688 seconds, Stopping threads took: 0.0000166 seconds
[2019-12-09T08:11:24.251+0000][1][safepoint    ] Application time: 1.0000755 seconds
[2019-12-09T08:11:24.251+0000][1][safepoint    ] Entering safepoint region: Cleanup
[2019-12-09T08:11:24.251+0000][1][safepoint    ] Leaving safepoint region
[2019-12-09T08:11:24.251+0000][1][safepoint    ] Total time for which application threads were stopped: 0.0000684 seconds, Stopping threads took: 0.0000174 seconds
[2019-12-09T08:11:25.251+0000][1][safepoint    ] Application time: 1.0000791 seconds
[2019-12-09T08:11:25.251+0000][1][safepoint    ] Entering safepoint region: Cleanup
[2019-12-09T08:11:25.252+0000][1][safepoint    ] Leaving safepoint region
[2019-12-09T08:11:25.252+0000][1][safepoint    ] Total time for which application threads were stopped: 0.0000699 seconds, Stopping threads took: 0.0000171 seconds
[2019-12-09T08:11:26.252+0000][1][safepoint    ] Application time: 1.0000783 seconds
[2019-12-09T08:11:26.252+0000][1][safepoint    ] Entering safepoint region: Cleanup
[2019-12-09T08:11:26.252+0000][1][safepoint    ] Leaving safepoint region
[2019-12-09T08:11:26.252+0000][1][safepoint    ] Total time for which application threads were stopped: 0.0000941 seconds, Stopping threads took: 0.0000426 seconds
[2019-12-09T08:11:27.252+0000][1][safepoint    ] Application time: 1.0000786 seconds
[2019-12-09T08:11:27.252+0000][1][safepoint    ] Entering safepoint region: Cleanup
[2019-12-09T08:11:27.252+0000][1][safepoint    ] Leaving safepoint region
[2019-12-09T08:11:27.252+0000][1][safepoint    ] Total time for which application threads were stopped: 0.0000681 seconds, Stopping threads took: 0.0000156 seconds
[2019-12-09T08:11:28.252+0000][1][safepoint    ] Application time: 1.0000783 seconds
[2019-12-09T08:11:28.252+0000][1][safepoint    ] Entering safepoint region: Cleanup
[2019-12-09T08:11:28.252+0000][1][safepoint    ] Leaving safepoint region
[2019-12-09T08:11:28.252+0000][1][safepoint    ] Total time for which application threads were stopped: 0.0000706 seconds, Stopping threads took: 0.0000166 seconds
[2019-12-09T08:11:29.252+0000][1][safepoint    ] Application time: 1.0000787 seconds
[2019-12-09T08:11:29.252+0000][1][safepoint    ] Entering safepoint region: Cleanup
[2019-12-09T08:11:29.252+0000][1][safepoint    ] Leaving safepoint region
[2019-12-09T08:11:29.252+0000][1][safepoint    ] Total time for which application threads were stopped: 0.0000699 seconds, Stopping threads took: 0.0000178 seconds
[2019-12-09T08:11:30.252+0000][1][safepoint    ] Application time: 1.0000767 seconds
[2019-12-09T08:11:30.252+0000][1][safepoint    ] Entering safepoint region: Cleanup
[2019-12-09T08:11:30.253+0000][1][safepoint    ] Leaving safepoint region
[2019-12-09T08:11:30.253+0000][1][safepoint    ] Total time for which application threads were stopped: 0.0000660 seconds, Stopping threads took: 0.0000163 seconds
[2019-12-09T08:11:31.253+0000][1][safepoint    ] Application time: 1.0000788 seconds
[2019-12-09T08:11:31.253+0000][1][safepoint    ] Entering safepoint region: Cleanup
[2019-12-09T08:11:31.253+0000][1][safepoint    ] Leaving safepoint region
[2019-12-09T08:11:31.253+0000][1][safepoint    ] Total time for which application threads were stopped: 0.0000804 seconds, Stopping threads took: 0.0000178 seconds
[2019-12-09T08:11:32.253+0000][1][safepoint    ] Application time: 1.0000756 seconds
[2019-12-09T08:11:32.253+0000][1][safepoint    ] Entering safepoint region: Cleanup
[2019-12-09T08:11:32.253+0000][1][safepoint    ] Leaving safepoint region
[2019-12-09T08:11:32.253+0000][1][safepoint    ] Total time for which application threads were stopped: 0.0000685 seconds, Stopping threads took: 0.0000168 seconds
[2019-12-09T08:11:33.253+0000][1][safepoint    ] Application time: 1.0000770 seconds
[2019-12-09T08:11:33.253+0000][1][safepoint    ] Entering safepoint region: Cleanup
[2019-12-09T08:11:33.253+0000][1][safepoint    ] Leaving safepoint region
[2019-12-09T08:11:33.253+0000][1][safepoint    ] Total time for which application threads were stopped: 0.0000680 seconds, Stopping threads took: 0.0000160 seconds
[2019-12-09T08:11:34.253+0000][1][safepoint    ] Application time: 1.0000754 seconds
[2019-12-09T08:11:34.253+0000][1][safepoint    ] Entering safepoint region: Cleanup
[2019-12-09T08:11:34.253+0000][1][safepoint    ] Leaving safepoint region
[2019-12-09T08:11:34.253+0000][1][safepoint    ] Total time for which application threads were stopped: 0.0000699 seconds, Stopping threads took: 0.0000171 seconds
[2019-12-09T08:11:35.253+0000][1][safepoint    ] Application time: 1.0000777 seconds
[2019-12-09T08:11:35.253+0000][1][safepoint    ] Entering safepoint region: Cleanup
[2019-12-09T08:11:35.253+0000][1][safepoint    ] Leaving safepoint region
[2019-12-09T08:11:35.254+0000][1][safepoint    ] Total time for which application threads were stopped: 0.0000688 seconds, Stopping threads took: 0.0000169 seconds
[2019-12-09T08:11:36.254+0000][1][safepoint    ] Application time: 1.0000777 seconds
[2019-12-09T08:11:36.254+0000][1][safepoint    ] Entering safepoint region: Cleanup
[2019-12-09T08:11:36.254+0000][1][safepoint    ] Leaving safepoint region
[2019-12-09T08:11:36.254+0000][1][safepoint    ] Total time for which application threads were stopped: 0.0000789 seconds, Stopping threads took: 0.0000178 seconds
[2019-12-09T08:11:37.254+0000][1][safepoint    ] Application time: 1.0000771 seconds
[2019-12-09T08:11:37.254+0000][1][safepoint    ] Entering safepoint region: Cleanup
[2019-12-09T08:11:37.254+0000][1][safepoint    ] Leaving safepoint region
[2019-12-09T08:11:37.254+0000][1][safepoint    ] Total time for which application threads were stopped: 0.0000698 seconds, Stopping threads took: 0.0000175 seconds
[2019-12-09T08:11:38.254+0000][1][safepoint    ] Application time: 1.0000768 seconds
[2019-12-09T08:11:38.254+0000][1][safepoint    ] Entering safepoint region: Cleanup
[2019-12-09T08:11:38.254+0000][1][safepoint    ] Leaving safepoint region
[2019-12-09T08:11:38.254+0000][1][safepoint    ] Total time for which application threads were stopped: 0.0000672 seconds, Stopping threads took: 0.0000163 seconds
[2019-12-09T08:11:39.254+0000][1][safepoint    ] Application time: 1.0000775 seconds
[2019-12-09T08:11:39.254+0000][1][safepoint    ] Entering safepoint region: Cleanup
[2019-12-09T08:11:39.254+0000][1][safepoint    ] Leaving safepoint region
[2019-12-09T08:11:39.254+0000][1][safepoint    ] Total time for which application threads were stopped: 0.0000658 seconds, Stopping threads took: 0.0000154 seconds
[2019-12-09T08:11:40.254+0000][1][safepoint    ] Application time: 1.0000763 seconds
[2019-12-09T08:11:40.254+0000][1][safepoint    ] Entering safepoint region: Cleanup
[2019-12-09T08:11:40.254+0000][1][safepoint    ] Leaving safepoint region
[2019-12-09T08:11:40.254+0000][1][safepoint    ] Total time for which application threads were stopped: 0.0000669 seconds, Stopping threads took: 0.0000153 seconds
[2019-12-09T08:11:41.255+0000][1][safepoint    ] Application time: 1.0000761 seconds
[2019-12-09T08:11:41.255+0000][1][safepoint    ] Entering safepoint region: Cleanup
[2019-12-09T08:11:41.255+0000][1][safepoint    ] Leaving safepoint region
[2019-12-09T08:11:41.255+0000][1][safepoint    ] Total time for which application threads were stopped: 0.0000670 seconds, Stopping threads took: 0.0000162 seconds
[2019-12-09T08:11:42.255+0000][1][safepoint    ] Application time: 1.0000769 seconds
[2019-12-09T08:11:42.255+0000][1][safepoint    ] Entering safepoint region: Cleanup
[2019-12-09T08:11:42.255+0000][1][safepoint    ] Leaving safepoint region
[2019-12-09T08:11:42.255+0000][1][safepoint    ] Total time for which application threads were stopped: 0.0000643 seconds, Stopping threads took: 0.0000154 seconds
[2019-12-09T08:11:43.255+0000][1][safepoint    ] Application time: 1.0000754 seconds
[2019-12-09T08:11:43.255+0000][1][safepoint    ] Entering safepoint region: Cleanup
[2019-12-09T08:11:43.255+0000][1][safepoint    ] Leaving safepoint region
[2019-12-09T08:11:43.255+0000][1][safepoint    ] Total time for which application threads were stopped: 0.0000663 seconds, Stopping threads took: 0.0000161 seconds
[2019-12-09T08:11:44.255+0000][1][safepoint    ] Application time: 1.0000743 seconds
[2019-12-09T08:11:44.255+0000][1][safepoint    ] Entering safepoint region: Cleanup
[2019-12-09T08:11:44.255+0000][1][safepoint    ] Leaving safepoint region
[2019-12-09T08:11:44.255+0000][1][safepoint    ] Total time for which application threads were stopped: 0.0000630 seconds, Stopping threads took: 0.0000157 seconds
[2019-12-09T08:11:45.255+0000][1][safepoint    ] Application time: 1.0000771 seconds
[2019-12-09T08:11:45.255+0000][1][safepoint    ] Entering safepoint region: Cleanup
[2019-12-09T08:11:45.255+0000][1][safepoint    ] Leaving safepoint region
[2019-12-09T08:11:45.255+0000][1][safepoint    ] Total time for which application threads were stopped: 0.0000670 seconds, Stopping threads took: 0.0000157 seconds
[2019-12-09T08:11:46.255+0000][1][safepoint    ] Application time: 1.0000752 seconds
[2019-12-09T08:11:46.255+0000][1][safepoint    ] Entering safepoint region: Cleanup
[2019-12-09T08:11:46.255+0000][1][safepoint    ] Leaving safepoint region
[2019-12-09T08:11:46.255+0000][1][safepoint    ] Total time for which application threads were stopped: 0.0000690 seconds, Stopping threads took: 0.0000179 seconds
[2019-12-09T08:11:47.256+0000][1][safepoint    ] Application time: 1.0000752 seconds
[2019-12-09T08:11:47.256+0000][1][safepoint    ] Entering safepoint region: Cleanup
[2019-12-09T08:11:47.256+0000][1][safepoint    ] Leaving safepoint region
[2019-12-09T08:11:47.256+0000][1][safepoint    ] Total time for which application threads were stopped: 0.0000650 seconds, Stopping threads took: 0.0000163 seconds
[2019-12-09T08:11:48.256+0000][1][safepoint    ] Application time: 1.0000758 seconds
[2019-12-09T08:11:48.256+0000][1][safepoint    ] Entering safepoint region: Cleanup
[2019-12-09T08:11:48.256+0000][1][safepoint    ] Leaving safepoint region
[2019-12-09T08:11:48.256+0000][1][safepoint    ] Total time for which application threads were stopped: 0.0000618 seconds, Stopping threads took: 0.0000152 seconds
[2019-12-09T08:11:49.256+0000][1][safepoint    ] Application time: 1.0000750 seconds
[2019-12-09T08:11:49.256+0000][1][safepoint    ] Entering safepoint region: Cleanup
[2019-12-09T08:11:49.256+0000][1][safepoint    ] Leaving safepoint region
[2019-12-09T08:11:49.256+0000][1][safepoint    ] Total time for which application threads were stopped: 0.0000687 seconds, Stopping threads took: 0.0000166 seconds
[2019-12-09T08:11:50.256+0000][1][safepoint    ] Application time: 1.0000764 seconds
[2019-12-09T08:11:50.256+0000][1][safepoint    ] Entering safepoint region: Cleanup
[2019-12-09T08:11:50.256+0000][1][safepoint    ] Leaving safepoint region
[2019-12-09T08:11:50.256+0000][1][safepoint    ] Total time for which application threads were stopped: 0.0000682 seconds, Stopping threads took: 0.0000164 seconds
[2019-12-09T08:11:51.256+0000][1][safepoint    ] Application time: 1.0000762 seconds
[2019-12-09T08:11:51.256+0000][1][safepoint    ] Entering safepoint region: Cleanup
[2019-12-09T08:11:51.256+0000][1][safepoint    ] Leaving safepoint region
[2019-12-09T08:11:51.256+0000][1][safepoint    ] Total time for which application threads were stopped: 0.0000706 seconds, Stopping threads took: 0.0000180 seconds
[2019-12-09T08:11:52.256+0000][1][safepoint    ] Application time: 1.0000759 seconds
[2019-12-09T08:11:52.257+0000][1][safepoint    ] Entering safepoint region: Cleanup
[2019-12-09T08:11:52.257+0000][1][safepoint    ] Leaving safepoint region
[2019-12-09T08:11:52.257+0000][1][safepoint    ] Total time for which application threads were stopped: 0.0000676 seconds, Stopping threads took: 0.0000173 seconds
[2019-12-09T08:11:53.257+0000][1][safepoint    ] Application time: 1.0000756 seconds
[2019-12-09T08:11:53.257+0000][1][safepoint    ] Entering safepoint region: Cleanup
[2019-12-09T08:11:53.257+0000][1][safepoint    ] Leaving safepoint region
[2019-12-09T08:11:53.257+0000][1][safepoint    ] Total time for which application threads were stopped: 0.0000675 seconds, Stopping threads took: 0.0000168 seconds
[2019-12-09T08:11:54.257+0000][1][safepoint    ] Application time: 1.0000735 seconds
[2019-12-09T08:11:54.257+0000][1][safepoint    ] Entering safepoint region: Cleanup
[2019-12-09T08:11:54.257+0000][1][safepoint    ] Leaving safepoint region
[2019-12-09T08:11:54.257+0000][1][safepoint    ] Total time for which application threads were stopped: 0.0000657 seconds, Stopping threads took: 0.0000158 seconds
[2019-12-09T08:11:55.257+0000][1][safepoint    ] Application time: 1.0000752 seconds
[2019-12-09T08:11:55.257+0000][1][safepoint    ] Entering safepoint region: Cleanup
[2019-12-09T08:11:55.257+0000][1][safepoint    ] Leaving safepoint region
[2019-12-09T08:11:55.257+0000][1][safepoint    ] Total time for which application threads were stopped: 0.0000705 seconds, Stopping threads took: 0.0000166 seconds
[2019-12-09T08:11:56.257+0000][1][safepoint    ] Application time: 1.0000757 seconds
[2019-12-09T08:11:56.257+0000][1][safepoint    ] Entering safepoint region: Cleanup
[2019-12-09T08:11:56.257+0000][1][safepoint    ] Leaving safepoint region
[2019-12-09T08:11:56.257+0000][1][safepoint    ] Total time for which application threads were stopped: 0.0000776 seconds, Stopping threads took: 0.0000260 seconds
[2019-12-09T08:11:57.257+0000][1][safepoint    ] Application time: 1.0000829 seconds
[2019-12-09T08:11:57.257+0000][1][safepoint    ] Entering safepoint region: Cleanup
[2019-12-09T08:11:57.258+0000][1][safepoint    ] Leaving safepoint region
[2019-12-09T08:11:57.258+0000][1][safepoint    ] Total time for which application threads were stopped: 0.0000688 seconds, Stopping threads took: 0.0000172 seconds
[2019-12-09T08:11:58.258+0000][1][safepoint    ] Application time: 1.0000768 seconds
[2019-12-09T08:11:58.258+0000][1][safepoint    ] Entering safepoint region: Cleanup
[2019-12-09T08:11:58.258+0000][1][safepoint    ] Leaving safepoint region
[2019-12-09T08:11:58.258+0000][1][safepoint    ] Total time for which application threads were stopped: 0.0000804 seconds, Stopping threads took: 0.0000185 seconds
[2019-12-09T08:11:59.258+0000][1][safepoint    ] Application time: 1.0000744 seconds
[2019-12-09T08:11:59.258+0000][1][safepoint    ] Entering safepoint region: Cleanup
[2019-12-09T08:11:59.258+0000][1][safepoint    ] Leaving safepoint region
[2019-12-09T08:11:59.258+0000][1][safepoint    ] Total time for which application threads were stopped: 0.0000657 seconds, Stopping threads took: 0.0000161 seconds
[2019-12-09T08:12:00.258+0000][1][safepoint    ] Application time: 1.0000776 seconds
[2019-12-09T08:12:00.258+0000][1][safepoint    ] Entering safepoint region: Cleanup
[2019-12-09T08:12:00.258+0000][1][safepoint    ] Leaving safepoint region
[2019-12-09T08:12:00.258+0000][1][safepoint    ] Total time for which application threads were stopped: 0.0000692 seconds, Stopping threads took: 0.0000165 seconds
[2019-12-09T08:12:01.258+0000][1][safepoint    ] Application time: 1.0000797 seconds
[2019-12-09T08:12:01.258+0000][1][safepoint    ] Entering safepoint region: Cleanup
[2019-12-09T08:12:01.258+0000][1][safepoint    ] Leaving safepoint region
[2019-12-09T08:12:01.258+0000][1][safepoint    ] Total time for which application threads were stopped: 0.0000702 seconds, Stopping threads took: 0.0000175 seconds
[2019-12-09T08:12:02.258+0000][1][safepoint    ] Application time: 1.0000792 seconds
[2019-12-09T08:12:02.258+0000][1][safepoint    ] Entering safepoint region: Cleanup
[2019-12-09T08:12:02.258+0000][1][safepoint    ] Leaving safepoint region
[2019-12-09T08:12:02.258+0000][1][safepoint    ] Total time for which application threads were stopped: 0.0000697 seconds, Stopping threads took: 0.0000164 seconds
[2019-12-09T08:12:03.259+0000][1][safepoint    ] Application time: 1.0000798 seconds
[2019-12-09T08:12:03.259+0000][1][safepoint    ] Entering safepoint region: Cleanup
[2019-12-09T08:12:03.259+0000][1][safepoint    ] Leaving safepoint region
[2019-12-09T08:12:03.259+0000][1][safepoint    ] Total time for which application threads were stopped: 0.0000688 seconds, Stopping threads took: 0.0000179 seconds
[2019-12-09T08:12:04.259+0000][1][safepoint    ] Application time: 1.0000851 seconds
[2019-12-09T08:12:04.259+0000][1][safepoint    ] Entering safepoint region: Cleanup
[2019-12-09T08:12:04.259+0000][1][safepoint    ] Leaving safepoint region
[2019-12-09T08:12:04.259+0000][1][safepoint    ] Total time for which application threads were stopped: 0.0000677 seconds, Stopping threads took: 0.0000161 seconds
[2019-12-09T08:12:05.259+0000][1][safepoint    ] Application time: 1.0000792 seconds
[2019-12-09T08:12:05.259+0000][1][safepoint    ] Entering safepoint region: Cleanup
[2019-12-09T08:12:05.259+0000][1][safepoint    ] Leaving safepoint region
[2019-12-09T08:12:05.259+0000][1][safepoint    ] Total time for which application threads were stopped: 0.0000688 seconds, Stopping threads took: 0.0000170 seconds
[2019-12-09T08:12:06.259+0000][1][safepoint    ] Application time: 1.0000794 seconds
[2019-12-09T08:12:06.259+0000][1][safepoint    ] Entering safepoint region: Cleanup
[2019-12-09T08:12:06.259+0000][1][safepoint    ] Leaving safepoint region
[2019-12-09T08:12:06.259+0000][1][safepoint    ] Total time for which application threads were stopped: 0.0000703 seconds, Stopping threads took: 0.0000177 seconds
[2019-12-09T08:12:07.259+0000][1][safepoint    ] Application time: 1.0000855 seconds
[2019-12-09T08:12:07.259+0000][1][safepoint    ] Entering safepoint region: Cleanup
[2019-12-09T08:12:07.259+0000][1][safepoint    ] Leaving safepoint region
[2019-12-09T08:12:07.259+0000][1][safepoint    ] Total time for which application threads were stopped: 0.0000674 seconds, Stopping threads took: 0.0000167 seconds
[2019-12-09T08:12:08.260+0000][1][safepoint    ] Application time: 1.0000773 seconds
[2019-12-09T08:12:08.260+0000][1][safepoint    ] Entering safepoint region: Cleanup
[2019-12-09T08:12:08.260+0000][1][safepoint    ] Leaving safepoint region
[2019-12-09T08:12:08.260+0000][1][safepoint    ] Total time for which application threads were stopped: 0.0000678 seconds, Stopping threads took: 0.0000186 seconds
[2019-12-09T08:12:09.260+0000][1][safepoint    ] Application time: 1.0000764 seconds
[2019-12-09T08:12:09.260+0000][1][safepoint    ] Entering safepoint region: Cleanup
[2019-12-09T08:12:09.260+0000][1][safepoint    ] Leaving safepoint region
[2019-12-09T08:12:09.260+0000][1][safepoint    ] Total time for which application threads were stopped: 0.0000668 seconds, Stopping threads took: 0.0000159 seconds
[2019-12-09T08:12:10.260+0000][1][safepoint    ] Application time: 1.0000787 seconds
[2019-12-09T08:12:10.260+0000][1][safepoint    ] Entering safepoint region: Cleanup
[2019-12-09T08:12:10.260+0000][1][safepoint    ] Leaving safepoint region
[2019-12-09T08:12:10.260+0000][1][safepoint    ] Total time for which application threads were stopped: 0.0000747 seconds, Stopping threads took: 0.0000160 seconds
[2019-12-09T08:12:10.278+0000][1][safepoint    ] Application time: 0.0176112 seconds
[2019-12-09T08:12:10.278+0000][1][safepoint    ] Entering safepoint region: GenCollectForAllocation
[2019-12-09T08:12:10.278+0000][1][gc,start     ] GC(58) Pause Young (Allocation Failure)
[2019-12-09T08:12:10.278+0000][1][gc,task      ] GC(58) Using 2 workers of 2 for evacuation
[2019-12-09T08:12:10.279+0000][1][gc,age       ] GC(58) Desired survivor size 4456448 bytes, new threshold 6 (max threshold 6)
[2019-12-09T08:12:10.279+0000][1][gc,age       ] GC(58) Age table with threshold 6 (max threshold 6)
[2019-12-09T08:12:10.279+0000][1][gc,age       ] GC(58) - age   1:       4024 bytes,       4024 total
[2019-12-09T08:12:10.279+0000][1][gc,age       ] GC(58) - age   2:        456 bytes,       4480 total
[2019-12-09T08:12:10.279+0000][1][gc,age       ] GC(58) - age   4:       1648 bytes,       6128 total
[2019-12-09T08:12:10.279+0000][1][gc,heap      ] GC(58) ParNew: 69959K->11K(78656K)
[2019-12-09T08:12:10.279+0000][1][gc,heap      ] GC(58) CMS: 69456K->69456K(174784K)
[2019-12-09T08:12:10.279+0000][1][gc,metaspace ] GC(58) Metaspace: 68473K->68473K(1112064K)
[2019-12-09T08:12:10.279+0000][1][gc           ] GC(58) Pause Young (Allocation Failure) 136M->67M(247M) 1.362ms
[2019-12-09T08:12:10.279+0000][1][gc,cpu       ] GC(58) User=0.00s Sys=0.00s Real=0.00s
[2019-12-09T08:12:10.279+0000][1][safepoint    ] Leaving safepoint region
[2019-12-09T08:12:10.279+0000][1][safepoint    ] Total time for which application threads were stopped: 0.0015077 seconds, Stopping threads took: 0.0000124 seconds
[2019-12-09T08:12:11.279+0000][1][safepoint    ] Application time: 1.0000859 seconds
[2019-12-09T08:12:11.279+0000][1][safepoint    ] Entering safepoint region: Cleanup
[2019-12-09T08:12:11.279+0000][1][safepoint    ] Leaving safepoint region
[2019-12-09T08:12:11.279+0000][1][safepoint    ] Total time for which application threads were stopped: 0.0000753 seconds, Stopping threads took: 0.0000232 seconds
[2019-12-09T08:12:12.279+0000][1][safepoint    ] Application time: 1.0000755 seconds
[2019-12-09T08:12:12.279+0000][1][safepoint    ] Entering safepoint region: Cleanup
[2019-12-09T08:12:12.280+0000][1][safepoint    ] Leaving safepoint region
[2019-12-09T08:12:12.280+0000][1][safepoint    ] Total time for which application threads were stopped: 0.0000667 seconds, Stopping threads took: 0.0000159 seconds
[2019-12-09T08:12:13.280+0000][1][safepoint    ] Application time: 1.0000768 seconds
[2019-12-09T08:12:13.280+0000][1][safepoint    ] Entering safepoint region: Cleanup
[2019-12-09T08:12:13.280+0000][1][safepoint    ] Leaving safepoint region
[2019-12-09T08:12:13.280+0000][1][safepoint    ] Total time for which application threads were stopped: 0.0000760 seconds, Stopping threads took: 0.0000157 seconds
[2019-12-09T08:12:14.280+0000][1][safepoint    ] Application time: 1.0000767 seconds
[2019-12-09T08:12:14.280+0000][1][safepoint    ] Entering safepoint region: Cleanup
[2019-12-09T08:12:14.280+0000][1][safepoint    ] Leaving safepoint region
[2019-12-09T08:12:14.280+0000][1][safepoint    ] Total time for which application threads were stopped: 0.0000656 seconds, Stopping threads took: 0.0000167 seconds
[2019-12-09T08:12:15.280+0000][1][safepoint    ] Application time: 1.0000791 seconds
[2019-12-09T08:12:15.280+0000][1][safepoint    ] Entering safepoint region: Cleanup
[2019-12-09T08:12:15.280+0000][1][safepoint    ] Leaving safepoint region
[2019-12-09T08:12:15.280+0000][1][safepoint    ] Total time for which application threads were stopped: 0.0000747 seconds, Stopping threads took: 0.0000213 seconds
[2019-12-09T08:12:16.280+0000][1][safepoint    ] Application time: 1.0000818 seconds
[2019-12-09T08:12:16.280+0000][1][safepoint    ] Entering safepoint region: Cleanup
[2019-12-09T08:12:16.280+0000][1][safepoint    ] Leaving safepoint region
[2019-12-09T08:12:16.280+0000][1][safepoint    ] Total time for which application threads were stopped: 0.0000684 seconds, Stopping threads took: 0.0000166 seconds
[2019-12-09T08:12:17.280+0000][1][safepoint    ] Application time: 1.0000797 seconds
[2019-12-09T08:12:17.280+0000][1][safepoint    ] Entering safepoint region: Cleanup
[2019-12-09T08:12:17.280+0000][1][safepoint    ] Leaving safepoint region
[2019-12-09T08:12:17.280+0000][1][safepoint    ] Total time for which application threads were stopped: 0.0000688 seconds, Stopping threads took: 0.0000171 seconds
[2019-12-09T08:12:18.281+0000][1][safepoint    ] Application time: 1.0000794 seconds
[2019-12-09T08:12:18.281+0000][1][safepoint    ] Entering safepoint region: Cleanup
[2019-12-09T08:12:18.281+0000][1][safepoint    ] Leaving safepoint region
[2019-12-09T08:12:18.281+0000][1][safepoint    ] Total time for which application threads were stopped: 0.0000669 seconds, Stopping threads took: 0.0000154 seconds
[2019-12-09T08:12:19.281+0000][1][safepoint    ] Application time: 1.0000811 seconds
[2019-12-09T08:12:19.281+0000][1][safepoint    ] Entering safepoint region: Cleanup
[2019-12-09T08:12:19.281+0000][1][safepoint    ] Leaving safepoint region
[2019-12-09T08:12:19.281+0000][1][safepoint    ] Total time for which application threads were stopped: 0.0000669 seconds, Stopping threads took: 0.0000157 seconds
[2019-12-09T08:12:20.281+0000][1][safepoint    ] Application time: 1.0000825 seconds
[2019-12-09T08:12:20.281+0000][1][safepoint    ] Entering safepoint region: Cleanup
[2019-12-09T08:12:20.281+0000][1][safepoint    ] Leaving safepoint region
[2019-12-09T08:12:20.281+0000][1][safepoint    ] Total time for which application threads were stopped: 0.0000780 seconds, Stopping threads took: 0.0000261 seconds
[2019-12-09T08:12:21.281+0000][1][safepoint    ] Application time: 1.0000773 seconds
[2019-12-09T08:12:21.281+0000][1][safepoint    ] Entering safepoint region: Cleanup
[2019-12-09T08:12:21.281+0000][1][safepoint    ] Leaving safepoint region
[2019-12-09T08:12:21.281+0000][1][safepoint    ] Total time for which application threads were stopped: 0.0000703 seconds, Stopping threads took: 0.0000178 seconds
[2019-12-09T08:12:22.281+0000][1][safepoint    ] Application time: 1.0000790 seconds
[2019-12-09T08:12:22.281+0000][1][safepoint    ] Entering safepoint region: Cleanup
[2019-12-09T08:12:22.281+0000][1][safepoint    ] Leaving safepoint region
[2019-12-09T08:12:22.281+0000][1][safepoint    ] Total time for which application threads were stopped: 0.0000694 seconds, Stopping threads took: 0.0000163 seconds
[2019-12-09T08:12:23.282+0000][1][safepoint    ] Application time: 1.0000777 seconds
[2019-12-09T08:12:23.282+0000][1][safepoint    ] Entering safepoint region: Cleanup
[2019-12-09T08:12:23.282+0000][1][safepoint    ] Leaving safepoint region
[2019-12-09T08:12:23.282+0000][1][safepoint    ] Total time for which application threads were stopped: 0.0000681 seconds, Stopping threads took: 0.0000164 seconds
[2019-12-09T08:12:24.282+0000][1][safepoint    ] Application time: 1.0000770 seconds
[2019-12-09T08:12:24.282+0000][1][safepoint    ] Entering safepoint region: Cleanup
[2019-12-09T08:12:24.282+0000][1][safepoint    ] Leaving safepoint region
[2019-12-09T08:12:24.282+0000][1][safepoint    ] Total time for which application threads were stopped: 0.0000680 seconds, Stopping threads took: 0.0000156 seconds
[2019-12-09T08:12:25.282+0000][1][safepoint    ] Application time: 1.0000768 seconds
[2019-12-09T08:12:25.282+0000][1][safepoint    ] Entering safepoint region: Cleanup
[2019-12-09T08:12:25.282+0000][1][safepoint    ] Leaving safepoint region
[2019-12-09T08:12:25.282+0000][1][safepoint    ] Total time for which application threads were stopped: 0.0000695 seconds, Stopping threads took: 0.0000169 seconds
[2019-12-09T08:12:26.282+0000][1][safepoint    ] Application time: 1.0000791 seconds
[2019-12-09T08:12:26.282+0000][1][safepoint    ] Entering safepoint region: Cleanup
[2019-12-09T08:12:26.282+0000][1][safepoint    ] Leaving safepoint region
[2019-12-09T08:12:26.282+0000][1][safepoint    ] Total time for which application threads were stopped: 0.0000787 seconds, Stopping threads took: 0.0000250 seconds
[2019-12-09T08:12:27.282+0000][1][safepoint    ] Application time: 1.0000787 seconds
[2019-12-09T08:12:27.282+0000][1][safepoint    ] Entering safepoint region: Cleanup
[2019-12-09T08:12:27.282+0000][1][safepoint    ] Leaving safepoint region
[2019-12-09T08:12:27.282+0000][1][safepoint    ] Total time for which application threads were stopped: 0.0000684 seconds, Stopping threads took: 0.0000168 seconds
[2019-12-09T08:12:28.282+0000][1][safepoint    ] Application time: 1.0000787 seconds
[2019-12-09T08:12:28.283+0000][1][safepoint    ] Entering safepoint region: Cleanup
[2019-12-09T08:12:28.283+0000][1][safepoint    ] Leaving safepoint region
[2019-12-09T08:12:28.283+0000][1][safepoint    ] Total time for which application threads were stopped: 0.0000682 seconds, Stopping threads took: 0.0000164 seconds
[2019-12-09T08:12:29.283+0000][1][safepoint    ] Application time: 1.0000787 seconds
[2019-12-09T08:12:29.283+0000][1][safepoint    ] Entering safepoint region: Cleanup
[2019-12-09T08:12:29.283+0000][1][safepoint    ] Leaving safepoint region
[2019-12-09T08:12:29.283+0000][1][safepoint    ] Total time for which application threads were stopped: 0.0000692 seconds, Stopping threads took: 0.0000179 seconds
[2019-12-09T08:12:30.283+0000][1][safepoint    ] Application time: 1.0000805 seconds
[2019-12-09T08:12:30.283+0000][1][safepoint    ] Entering safepoint region: Cleanup
[2019-12-09T08:12:30.283+0000][1][safepoint    ] Leaving safepoint region
[2019-12-09T08:12:30.283+0000][1][safepoint    ] Total time for which application threads were stopped: 0.0000877 seconds, Stopping threads took: 0.0000358 seconds
[2019-12-09T08:12:31.283+0000][1][safepoint    ] Application time: 1.0000802 seconds
[2019-12-09T08:12:31.283+0000][1][safepoint    ] Entering safepoint region: Cleanup
[2019-12-09T08:12:31.283+0000][1][safepoint    ] Leaving safepoint region
[2019-12-09T08:12:31.283+0000][1][safepoint    ] Total time for which application threads were stopped: 0.0000728 seconds, Stopping threads took: 0.0000180 seconds
[2019-12-09T08:12:32.283+0000][1][safepoint    ] Application time: 1.0000818 seconds
[2019-12-09T08:12:32.283+0000][1][safepoint    ] Entering safepoint region: Cleanup
[2019-12-09T08:12:32.283+0000][1][safepoint    ] Leaving safepoint region
[2019-12-09T08:12:32.283+0000][1][safepoint    ] Total time for which application threads were stopped: 0.0000711 seconds, Stopping threads took: 0.0000173 seconds
[2019-12-09T08:12:33.283+0000][1][safepoint    ] Application time: 1.0000834 seconds
[2019-12-09T08:12:33.284+0000][1][safepoint    ] Entering safepoint region: Cleanup
[2019-12-09T08:12:33.284+0000][1][safepoint    ] Leaving safepoint region
[2019-12-09T08:12:33.284+0000][1][safepoint    ] Total time for which application threads were stopped: 0.0000737 seconds, Stopping threads took: 0.0000190 seconds
[2019-12-09T08:12:34.284+0000][1][safepoint    ] Application time: 1.0000817 seconds
[2019-12-09T08:12:34.284+0000][1][safepoint    ] Entering safepoint region: Cleanup
[2019-12-09T08:12:34.284+0000][1][safepoint    ] Leaving safepoint region
[2019-12-09T08:12:34.284+0000][1][safepoint    ] Total time for which application threads were stopped: 0.0000726 seconds, Stopping threads took: 0.0000181 seconds
[2019-12-09T08:12:35.284+0000][1][safepoint    ] Application time: 1.0000753 seconds
[2019-12-09T08:12:35.284+0000][1][safepoint    ] Entering safepoint region: Cleanup
[2019-12-09T08:12:35.284+0000][1][safepoint    ] Leaving safepoint region
[2019-12-09T08:12:35.284+0000][1][safepoint    ] Total time for which application threads were stopped: 0.0000685 seconds, Stopping threads took: 0.0000169 seconds
[2019-12-09T08:12:36.284+0000][1][safepoint    ] Application time: 1.0000728 seconds
[2019-12-09T08:12:36.284+0000][1][safepoint    ] Entering safepoint region: Cleanup
[2019-12-09T08:12:36.284+0000][1][safepoint    ] Leaving safepoint region
[2019-12-09T08:12:36.284+0000][1][safepoint    ] Total time for which application threads were stopped: 0.0000711 seconds, Stopping threads took: 0.0000176 seconds
[2019-12-09T08:12:37.284+0000][1][safepoint    ] Application time: 1.0000755 seconds
[2019-12-09T08:12:37.284+0000][1][safepoint    ] Entering safepoint region: Cleanup
[2019-12-09T08:12:37.284+0000][1][safepoint    ] Leaving safepoint region
[2019-12-09T08:12:37.284+0000][1][safepoint    ] Total time for which application threads were stopped: 0.0000687 seconds, Stopping threads took: 0.0000157 seconds
[2019-12-09T08:12:38.284+0000][1][safepoint    ] Application time: 1.0000731 seconds
[2019-12-09T08:12:38.284+0000][1][safepoint    ] Entering safepoint region: Cleanup
[2019-12-09T08:12:38.285+0000][1][safepoint    ] Leaving safepoint region
[2019-12-09T08:12:38.285+0000][1][safepoint    ] Total time for which application threads were stopped: 0.0000686 seconds, Stopping threads took: 0.0000162 seconds
[2019-12-09T08:12:39.285+0000][1][safepoint    ] Application time: 1.0000763 seconds
[2019-12-09T08:12:39.285+0000][1][safepoint    ] Entering safepoint region: Cleanup
[2019-12-09T08:12:39.285+0000][1][safepoint    ] Leaving safepoint region
[2019-12-09T08:12:39.285+0000][1][safepoint    ] Total time for which application threads were stopped: 0.0000885 seconds, Stopping threads took: 0.0000266 seconds
[2019-12-09T08:12:40.285+0000][1][safepoint    ] Application time: 1.0000757 seconds
[2019-12-09T08:12:40.285+0000][1][safepoint    ] Entering safepoint region: Cleanup
[2019-12-09T08:12:40.285+0000][1][safepoint    ] Leaving safepoint region
[2019-12-09T08:12:40.285+0000][1][safepoint    ] Total time for which application threads were stopped: 0.0000751 seconds, Stopping threads took: 0.0000164 seconds
[2019-12-09T08:12:40.300+0000][1][safepoint    ] Application time: 0.0146928 seconds
[2019-12-09T08:12:40.300+0000][1][safepoint    ] Entering safepoint region: ICBufferFull
[2019-12-09T08:12:40.300+0000][1][safepoint    ] Leaving safepoint region
[2019-12-09T08:12:40.300+0000][1][safepoint    ] Total time for which application threads were stopped: 0.0001921 seconds, Stopping threads took: 0.0000200 seconds
[2019-12-09T08:12:41.300+0000][1][safepoint    ] Application time: 1.0000836 seconds
[2019-12-09T08:12:41.300+0000][1][safepoint    ] Entering safepoint region: Cleanup
[2019-12-09T08:12:41.300+0000][1][safepoint    ] Leaving safepoint region
[2019-12-09T08:12:41.300+0000][1][safepoint    ] Total time for which application threads were stopped: 0.0001158 seconds, Stopping threads took: 0.0000250 seconds
[2019-12-09T08:12:42.300+0000][1][safepoint    ] Application time: 1.0000751 seconds
[2019-12-09T08:12:42.300+0000][1][safepoint    ] Entering safepoint region: Cleanup
[2019-12-09T08:12:42.300+0000][1][safepoint    ] Leaving safepoint region
[2019-12-09T08:12:42.300+0000][1][safepoint    ] Total time for which application threads were stopped: 0.0000640 seconds, Stopping threads took: 0.0000143 seconds
[2019-12-09T08:12:43.300+0000][1][safepoint    ] Application time: 1.0000750 seconds
[2019-12-09T08:12:43.300+0000][1][safepoint    ] Entering safepoint region: Cleanup
[2019-12-09T08:12:43.300+0000][1][safepoint    ] Leaving safepoint region
[2019-12-09T08:12:43.300+0000][1][safepoint    ] Total time for which application threads were stopped: 0.0000653 seconds, Stopping threads took: 0.0000153 seconds
[2019-12-09T08:12:44.301+0000][1][safepoint    ] Application time: 1.0000744 seconds
[2019-12-09T08:12:44.301+0000][1][safepoint    ] Entering safepoint region: Cleanup
[2019-12-09T08:12:44.301+0000][1][safepoint    ] Leaving safepoint region
[2019-12-09T08:12:44.301+0000][1][safepoint    ] Total time for which application threads were stopped: 0.0000668 seconds, Stopping threads took: 0.0000160 seconds
[2019-12-09T08:12:45.301+0000][1][safepoint    ] Application time: 1.0000772 seconds
[2019-12-09T08:12:45.301+0000][1][safepoint    ] Entering safepoint region: Cleanup
[2019-12-09T08:12:45.301+0000][1][safepoint    ] Leaving safepoint region
[2019-12-09T08:12:45.301+0000][1][safepoint    ] Total time for which application threads were stopped: 0.0000649 seconds, Stopping threads took: 0.0000150 seconds
[2019-12-09T08:12:46.301+0000][1][safepoint    ] Application time: 1.0000755 seconds
[2019-12-09T08:12:46.301+0000][1][safepoint    ] Entering safepoint region: Cleanup
[2019-12-09T08:12:46.301+0000][1][safepoint    ] Leaving safepoint region
[2019-12-09T08:12:46.301+0000][1][safepoint    ] Total time for which application threads were stopped: 0.0000645 seconds, Stopping threads took: 0.0000152 seconds
[2019-12-09T08:12:47.301+0000][1][safepoint    ] Application time: 1.0000751 seconds
[2019-12-09T08:12:47.301+0000][1][safepoint    ] Entering safepoint region: Cleanup
[2019-12-09T08:12:47.301+0000][1][safepoint    ] Leaving safepoint region
[2019-12-09T08:12:47.301+0000][1][safepoint    ] Total time for which application threads were stopped: 0.0000660 seconds, Stopping threads took: 0.0000149 seconds
[2019-12-09T08:12:48.301+0000][1][safepoint    ] Application time: 1.0000781 seconds
[2019-12-09T08:12:48.301+0000][1][safepoint    ] Entering safepoint region: Cleanup
[2019-12-09T08:12:48.301+0000][1][safepoint    ] Leaving safepoint region
[2019-12-09T08:12:48.301+0000][1][safepoint    ] Total time for which application threads were stopped: 0.0000647 seconds, Stopping threads took: 0.0000151 seconds
[2019-12-09T08:12:49.301+0000][1][safepoint    ] Application time: 1.0000752 seconds
[2019-12-09T08:12:49.302+0000][1][safepoint    ] Entering safepoint region: Cleanup
[2019-12-09T08:12:49.302+0000][1][safepoint    ] Leaving safepoint region
[2019-12-09T08:12:49.302+0000][1][safepoint    ] Total time for which application threads were stopped: 0.0000760 seconds, Stopping threads took: 0.0000162 seconds
[2019-12-09T08:12:50.302+0000][1][safepoint    ] Application time: 1.0000749 seconds
[2019-12-09T08:12:50.302+0000][1][safepoint    ] Entering safepoint region: Cleanup
[2019-12-09T08:12:50.302+0000][1][safepoint    ] Leaving safepoint region
[2019-12-09T08:12:50.302+0000][1][safepoint    ] Total time for which application threads were stopped: 0.0000627 seconds, Stopping threads took: 0.0000146 seconds
[2019-12-09T08:12:51.302+0000][1][safepoint    ] Application time: 1.0000752 seconds
[2019-12-09T08:12:51.302+0000][1][safepoint    ] Entering safepoint region: Cleanup
[2019-12-09T08:12:51.302+0000][1][safepoint    ] Leaving safepoint region
[2019-12-09T08:12:51.302+0000][1][safepoint    ] Total time for which application threads were stopped: 0.0000641 seconds, Stopping threads took: 0.0000147 seconds
[2019-12-09T08:12:52.302+0000][1][safepoint    ] Application time: 1.0000742 seconds
[2019-12-09T08:12:52.302+0000][1][safepoint    ] Entering safepoint region: Cleanup
[2019-12-09T08:12:52.302+0000][1][safepoint    ] Leaving safepoint region
[2019-12-09T08:12:52.302+0000][1][safepoint    ] Total time for which application threads were stopped: 0.0000662 seconds, Stopping threads took: 0.0000148 seconds
[2019-12-09T08:12:53.302+0000][1][safepoint    ] Application time: 1.0000744 seconds
[2019-12-09T08:12:53.302+0000][1][safepoint    ] Entering safepoint region: Cleanup
[2019-12-09T08:12:53.302+0000][1][safepoint    ] Leaving safepoint region
[2019-12-09T08:12:53.302+0000][1][safepoint    ] Total time for which application threads were stopped: 0.0000646 seconds, Stopping threads took: 0.0000152 seconds
[2019-12-09T08:12:54.302+0000][1][safepoint    ] Application time: 1.0000753 seconds
[2019-12-09T08:12:54.302+0000][1][safepoint    ] Entering safepoint region: Cleanup
[2019-12-09T08:12:54.302+0000][1][safepoint    ] Leaving safepoint region
[2019-12-09T08:12:54.303+0000][1][safepoint    ] Total time for which application threads were stopped: 0.0000618 seconds, Stopping threads took: 0.0000142 seconds
[2019-12-09T08:12:55.303+0000][1][safepoint    ] Application time: 1.0000786 seconds
[2019-12-09T08:12:55.303+0000][1][safepoint    ] Entering safepoint region: Cleanup
[2019-12-09T08:12:55.303+0000][1][safepoint    ] Leaving safepoint region
[2019-12-09T08:12:55.303+0000][1][safepoint    ] Total time for which application threads were stopped: 0.0000771 seconds, Stopping threads took: 0.0000174 seconds
[2019-12-09T08:12:56.303+0000][1][safepoint    ] Application time: 1.0000747 seconds
[2019-12-09T08:12:56.303+0000][1][safepoint    ] Entering safepoint region: Cleanup
[2019-12-09T08:12:56.303+0000][1][safepoint    ] Leaving safepoint region
[2019-12-09T08:12:56.303+0000][1][safepoint    ] Total time for which application threads were stopped: 0.0000639 seconds, Stopping threads took: 0.0000144 seconds
[2019-12-09T08:12:57.303+0000][1][safepoint    ] Application time: 1.0000746 seconds
[2019-12-09T08:12:57.303+0000][1][safepoint    ] Entering safepoint region: Cleanup
[2019-12-09T08:12:57.303+0000][1][safepoint    ] Leaving safepoint region
[2019-12-09T08:12:57.303+0000][1][safepoint    ] Total time for which application threads were stopped: 0.0000635 seconds, Stopping threads took: 0.0000150 seconds
[2019-12-09T08:12:58.303+0000][1][safepoint    ] Application time: 1.0000741 seconds
[2019-12-09T08:12:58.303+0000][1][safepoint    ] Entering safepoint region: Cleanup
[2019-12-09T08:12:58.303+0000][1][safepoint    ] Leaving safepoint region
[2019-12-09T08:12:58.303+0000][1][safepoint    ] Total time for which application threads were stopped: 0.0000639 seconds, Stopping threads took: 0.0000161 seconds
[2019-12-09T08:12:59.303+0000][1][safepoint    ] Application time: 1.0000750 seconds
[2019-12-09T08:12:59.303+0000][1][safepoint    ] Entering safepoint region: Cleanup
[2019-12-09T08:12:59.303+0000][1][safepoint    ] Leaving safepoint region
[2019-12-09T08:12:59.303+0000][1][safepoint    ] Total time for which application threads were stopped: 0.0000692 seconds, Stopping threads took: 0.0000142 seconds
[2019-12-09T08:13:00.304+0000][1][safepoint    ] Application time: 1.0000755 seconds
[2019-12-09T08:13:00.304+0000][1][safepoint    ] Entering safepoint region: Cleanup
[2019-12-09T08:13:00.304+0000][1][safepoint    ] Leaving safepoint region
[2019-12-09T08:13:00.304+0000][1][safepoint    ] Total time for which application threads were stopped: 0.0000624 seconds, Stopping threads took: 0.0000139 seconds
[2019-12-09T08:13:01.304+0000][1][safepoint    ] Application time: 1.0000741 seconds
[2019-12-09T08:13:01.304+0000][1][safepoint    ] Entering safepoint region: Cleanup
[2019-12-09T08:13:01.304+0000][1][safepoint    ] Leaving safepoint region
[2019-12-09T08:13:01.304+0000][1][safepoint    ] Total time for which application threads were stopped: 0.0000651 seconds, Stopping threads took: 0.0000150 seconds
[2019-12-09T08:13:02.304+0000][1][safepoint    ] Application time: 1.0000770 seconds
[2019-12-09T08:13:02.304+0000][1][safepoint    ] Entering safepoint region: Cleanup
[2019-12-09T08:13:02.304+0000][1][safepoint    ] Leaving safepoint region
[2019-12-09T08:13:02.304+0000][1][safepoint    ] Total time for which application threads were stopped: 0.0000695 seconds, Stopping threads took: 0.0000198 seconds
[2019-12-09T08:13:03.304+0000][1][safepoint    ] Application time: 1.0000744 seconds
[2019-12-09T08:13:03.304+0000][1][safepoint    ] Entering safepoint region: Cleanup
[2019-12-09T08:13:03.304+0000][1][safepoint    ] Leaving safepoint region
[2019-12-09T08:13:03.304+0000][1][safepoint    ] Total time for which application threads were stopped: 0.0000627 seconds, Stopping threads took: 0.0000142 seconds
[2019-12-09T08:13:04.304+0000][1][safepoint    ] Application time: 1.0000739 seconds
[2019-12-09T08:13:04.304+0000][1][safepoint    ] Entering safepoint region: Cleanup
[2019-12-09T08:13:04.304+0000][1][safepoint    ] Leaving safepoint region
[2019-12-09T08:13:04.304+0000][1][safepoint    ] Total time for which application threads were stopped: 0.0000592 seconds, Stopping threads took: 0.0000130 seconds
[2019-12-09T08:13:05.304+0000][1][safepoint    ] Application time: 1.0000739 seconds
[2019-12-09T08:13:05.304+0000][1][safepoint    ] Entering safepoint region: Cleanup
[2019-12-09T08:13:05.305+0000][1][safepoint    ] Leaving safepoint region
[2019-12-09T08:13:05.305+0000][1][safepoint    ] Total time for which application threads were stopped: 0.0000616 seconds, Stopping threads took: 0.0000124 seconds
[2019-12-09T08:13:06.305+0000][1][safepoint    ] Application time: 1.0000741 seconds
[2019-12-09T08:13:06.305+0000][1][safepoint    ] Entering safepoint region: Cleanup
[2019-12-09T08:13:06.305+0000][1][safepoint    ] Leaving safepoint region
[2019-12-09T08:13:06.305+0000][1][safepoint    ] Total time for which application threads were stopped: 0.0000720 seconds, Stopping threads took: 0.0000152 seconds
[2019-12-09T08:13:07.305+0000][1][safepoint    ] Application time: 1.0000747 seconds
[2019-12-09T08:13:07.305+0000][1][safepoint    ] Entering safepoint region: Cleanup
[2019-12-09T08:13:07.305+0000][1][safepoint    ] Leaving safepoint region
[2019-12-09T08:13:07.305+0000][1][safepoint    ] Total time for which application threads were stopped: 0.0000654 seconds, Stopping threads took: 0.0000147 seconds
[2019-12-09T08:13:08.305+0000][1][safepoint    ] Application time: 1.0000751 seconds
[2019-12-09T08:13:08.305+0000][1][safepoint    ] Entering safepoint region: Cleanup
[2019-12-09T08:13:08.305+0000][1][safepoint    ] Leaving safepoint region
[2019-12-09T08:13:08.305+0000][1][safepoint    ] Total time for which application threads were stopped: 0.0000630 seconds, Stopping threads took: 0.0000147 seconds
[2019-12-09T08:13:09.305+0000][1][safepoint    ] Application time: 1.0000753 seconds
[2019-12-09T08:13:09.305+0000][1][safepoint    ] Entering safepoint region: Cleanup
[2019-12-09T08:13:09.305+0000][1][safepoint    ] Leaving safepoint region
[2019-12-09T08:13:09.305+0000][1][safepoint    ] Total time for which application threads were stopped: 0.0000630 seconds, Stopping threads took: 0.0000139 seconds
[2019-12-09T08:13:10.305+0000][1][safepoint    ] Application time: 1.0000761 seconds
[2019-12-09T08:13:10.305+0000][1][safepoint    ] Entering safepoint region: Cleanup
[2019-12-09T08:13:10.305+0000][1][safepoint    ] Leaving safepoint region
[2019-12-09T08:13:10.305+0000][1][safepoint    ] Total time for which application threads were stopped: 0.0000616 seconds, Stopping threads took: 0.0000146 seconds
[2019-12-09T08:13:11.306+0000][1][safepoint    ] Application time: 1.0000752 seconds
[2019-12-09T08:13:11.306+0000][1][safepoint    ] Entering safepoint region: Cleanup
[2019-12-09T08:13:11.306+0000][1][safepoint    ] Leaving safepoint region
[2019-12-09T08:13:11.306+0000][1][safepoint    ] Total time for which application threads were stopped: 0.0000722 seconds, Stopping threads took: 0.0000224 seconds
[2019-12-09T08:13:12.306+0000][1][safepoint    ] Application time: 1.0000761 seconds
[2019-12-09T08:13:12.306+0000][1][safepoint    ] Entering safepoint region: Cleanup
[2019-12-09T08:13:12.306+0000][1][safepoint    ] Leaving safepoint region
[2019-12-09T08:13:12.306+0000][1][safepoint    ] Total time for which application threads were stopped: 0.0000647 seconds, Stopping threads took: 0.0000138 seconds
[2019-12-09T08:13:13.306+0000][1][safepoint    ] Application time: 1.0000752 seconds
[2019-12-09T08:13:13.306+0000][1][safepoint    ] Entering safepoint region: Cleanup
[2019-12-09T08:13:13.306+0000][1][safepoint    ] Leaving safepoint region
[2019-12-09T08:13:13.306+0000][1][safepoint    ] Total time for which application threads were stopped: 0.0000632 seconds, Stopping threads took: 0.0000143 seconds
[2019-12-09T08:13:14.306+0000][1][safepoint    ] Application time: 1.0000761 seconds
[2019-12-09T08:13:14.306+0000][1][safepoint    ] Entering safepoint region: Cleanup
[2019-12-09T08:13:14.306+0000][1][safepoint    ] Leaving safepoint region
[2019-12-09T08:13:14.306+0000][1][safepoint    ] Total time for which application threads were stopped: 0.0000611 seconds, Stopping threads took: 0.0000136 seconds
[2019-12-09T08:13:15.306+0000][1][safepoint    ] Application time: 1.0000754 seconds
[2019-12-09T08:13:15.306+0000][1][safepoint    ] Entering safepoint region: Cleanup
[2019-12-09T08:13:15.306+0000][1][safepoint    ] Leaving safepoint region
[2019-12-09T08:13:15.306+0000][1][safepoint    ] Total time for which application threads were stopped: 0.0000615 seconds, Stopping threads took: 0.0000138 seconds
[2019-12-09T08:13:16.306+0000][1][safepoint    ] Application time: 1.0000766 seconds
[2019-12-09T08:13:16.306+0000][1][safepoint    ] Entering safepoint region: Cleanup
[2019-12-09T08:13:16.307+0000][1][safepoint    ] Leaving safepoint region
[2019-12-09T08:13:16.307+0000][1][safepoint    ] Total time for which application threads were stopped: 0.0000650 seconds, Stopping threads took: 0.0000142 seconds
[2019-12-09T08:13:17.307+0000][1][safepoint    ] Application time: 1.0000764 seconds
[2019-12-09T08:13:17.307+0000][1][safepoint    ] Entering safepoint region: Cleanup
[2019-12-09T08:13:17.307+0000][1][safepoint    ] Leaving safepoint region
[2019-12-09T08:13:17.307+0000][1][safepoint    ] Total time for which application threads were stopped: 0.0000728 seconds, Stopping threads took: 0.0000235 seconds
[2019-12-09T08:13:18.307+0000][1][safepoint    ] Application time: 1.0000738 seconds
[2019-12-09T08:13:18.307+0000][1][safepoint    ] Entering safepoint region: Cleanup
[2019-12-09T08:13:18.307+0000][1][safepoint    ] Leaving safepoint region
[2019-12-09T08:13:18.307+0000][1][safepoint    ] Total time for which application threads were stopped: 0.0000635 seconds, Stopping threads took: 0.0000148 seconds
[2019-12-09T08:13:19.307+0000][1][safepoint    ] Application time: 1.0000910 seconds
[2019-12-09T08:13:19.307+0000][1][safepoint    ] Entering safepoint region: Cleanup
[2019-12-09T08:13:19.307+0000][1][safepoint    ] Leaving safepoint region
[2019-12-09T08:13:19.307+0000][1][safepoint    ] Total time for which application threads were stopped: 0.0000642 seconds, Stopping threads took: 0.0000157 seconds
[2019-12-09T08:13:20.307+0000][1][safepoint    ] Application time: 1.0000772 seconds
[2019-12-09T08:13:20.307+0000][1][safepoint    ] Entering safepoint region: Cleanup
[2019-12-09T08:13:20.307+0000][1][safepoint    ] Leaving safepoint region
[2019-12-09T08:13:20.307+0000][1][safepoint    ] Total time for which application threads were stopped: 0.0000640 seconds, Stopping threads took: 0.0000146 seconds
[2019-12-09T08:13:21.307+0000][1][safepoint    ] Application time: 1.0000762 seconds
[2019-12-09T08:13:21.307+0000][1][safepoint    ] Entering safepoint region: Cleanup
[2019-12-09T08:13:21.307+0000][1][safepoint    ] Leaving safepoint region
[2019-12-09T08:13:21.307+0000][1][safepoint    ] Total time for which application threads were stopped: 0.0000639 seconds, Stopping threads took: 0.0000150 seconds
[2019-12-09T08:13:22.308+0000][1][safepoint    ] Application time: 1.0000748 seconds
[2019-12-09T08:13:22.308+0000][1][safepoint    ] Entering safepoint region: Cleanup
[2019-12-09T08:13:22.308+0000][1][safepoint    ] Leaving safepoint region
[2019-12-09T08:13:22.308+0000][1][safepoint    ] Total time for which application threads were stopped: 0.0000733 seconds, Stopping threads took: 0.0000139 seconds
[2019-12-09T08:13:23.308+0000][1][safepoint    ] Application time: 1.0000750 seconds
[2019-12-09T08:13:23.308+0000][1][safepoint    ] Entering safepoint region: Cleanup
[2019-12-09T08:13:23.308+0000][1][safepoint    ] Leaving safepoint region
[2019-12-09T08:13:23.308+0000][1][safepoint    ] Total time for which application threads were stopped: 0.0000632 seconds, Stopping threads took: 0.0000147 seconds
[2019-12-09T08:13:24.308+0000][1][safepoint    ] Application time: 1.0000797 seconds
[2019-12-09T08:13:24.308+0000][1][safepoint    ] Entering safepoint region: Cleanup
[2019-12-09T08:13:24.308+0000][1][safepoint    ] Leaving safepoint region
[2019-12-09T08:13:24.308+0000][1][safepoint    ] Total time for which application threads were stopped: 0.0000635 seconds, Stopping threads took: 0.0000143 seconds
[2019-12-09T08:13:25.318+0000][1][safepoint    ] Application time: 1.0098204 seconds
[2019-12-09T08:13:25.318+0000][1][safepoint    ] Entering safepoint region: Cleanup
[2019-12-09T08:13:25.318+0000][1][safepoint    ] Leaving safepoint region
[2019-12-09T08:13:25.318+0000][1][safepoint    ] Total time for which application threads were stopped: 0.0000829 seconds, Stopping threads took: 0.0000148 seconds
[2019-12-09T08:13:26.318+0000][1][safepoint    ] Application time: 1.0000753 seconds
[2019-12-09T08:13:26.318+0000][1][safepoint    ] Entering safepoint region: Cleanup
[2019-12-09T08:13:26.318+0000][1][safepoint    ] Leaving safepoint region
[2019-12-09T08:13:26.318+0000][1][safepoint    ] Total time for which application threads were stopped: 0.0000653 seconds, Stopping threads took: 0.0000153 seconds
[2019-12-09T08:13:27.318+0000][1][safepoint    ] Application time: 1.0000758 seconds
[2019-12-09T08:13:27.318+0000][1][safepoint    ] Entering safepoint region: Cleanup
[2019-12-09T08:13:27.318+0000][1][safepoint    ] Leaving safepoint region
[2019-12-09T08:13:27.318+0000][1][safepoint    ] Total time for which application threads were stopped: 0.0000643 seconds, Stopping threads took: 0.0000154 seconds
[2019-12-09T08:13:28.318+0000][1][safepoint    ] Application time: 1.0000751 seconds
[2019-12-09T08:13:28.318+0000][1][safepoint    ] Entering safepoint region: Cleanup
[2019-12-09T08:13:28.319+0000][1][safepoint    ] Leaving safepoint region
[2019-12-09T08:13:28.319+0000][1][safepoint    ] Total time for which application threads were stopped: 0.0000642 seconds, Stopping threads took: 0.0000155 seconds
[2019-12-09T08:13:29.319+0000][1][safepoint    ] Application time: 1.0000751 seconds
[2019-12-09T08:13:29.319+0000][1][safepoint    ] Entering safepoint region: Cleanup
[2019-12-09T08:13:29.319+0000][1][safepoint    ] Leaving safepoint region
[2019-12-09T08:13:29.319+0000][1][safepoint    ] Total time for which application threads were stopped: 0.0000762 seconds, Stopping threads took: 0.0000244 seconds
[2019-12-09T08:13:30.319+0000][1][safepoint    ] Application time: 1.0000765 seconds
[2019-12-09T08:13:30.319+0000][1][safepoint    ] Entering safepoint region: Cleanup
[2019-12-09T08:13:30.319+0000][1][safepoint    ] Leaving safepoint region
[2019-12-09T08:13:30.319+0000][1][safepoint    ] Total time for which application threads were stopped: 0.0000655 seconds, Stopping threads took: 0.0000147 seconds
[2019-12-09T08:13:31.319+0000][1][safepoint    ] Application time: 1.0000736 seconds
[2019-12-09T08:13:31.319+0000][1][safepoint    ] Entering safepoint region: Cleanup
[2019-12-09T08:13:31.319+0000][1][safepoint    ] Leaving safepoint region
[2019-12-09T08:13:31.319+0000][1][safepoint    ] Total time for which application threads were stopped: 0.0000633 seconds, Stopping threads took: 0.0000154 seconds
[2019-12-09T08:13:32.319+0000][1][safepoint    ] Application time: 1.0000827 seconds
[2019-12-09T08:13:32.319+0000][1][safepoint    ] Entering safepoint region: Cleanup
[2019-12-09T08:13:32.319+0000][1][safepoint    ] Leaving safepoint region
[2019-12-09T08:13:32.319+0000][1][safepoint    ] Total time for which application threads were stopped: 0.0000654 seconds, Stopping threads took: 0.0000157 seconds
[2019-12-09T08:13:33.319+0000][1][safepoint    ] Application time: 1.0000760 seconds
[2019-12-09T08:13:33.319+0000][1][safepoint    ] Entering safepoint region: Cleanup
[2019-12-09T08:13:33.319+0000][1][safepoint    ] Leaving safepoint region
[2019-12-09T08:13:33.320+0000][1][safepoint    ] Total time for which application threads were stopped: 0.0000667 seconds, Stopping threads took: 0.0000166 seconds
[2019-12-09T08:13:34.320+0000][1][safepoint    ] Application time: 1.0000737 seconds
[2019-12-09T08:13:34.320+0000][1][safepoint    ] Entering safepoint region: Cleanup
[2019-12-09T08:13:34.320+0000][1][safepoint    ] Leaving safepoint region
[2019-12-09T08:13:34.320+0000][1][safepoint    ] Total time for which application threads were stopped: 0.0000759 seconds, Stopping threads took: 0.0000155 seconds
[2019-12-09T08:13:35.320+0000][1][safepoint    ] Application time: 1.0000753 seconds
[2019-12-09T08:13:35.320+0000][1][safepoint    ] Entering safepoint region: Cleanup
[2019-12-09T08:13:35.320+0000][1][safepoint    ] Leaving safepoint region
[2019-12-09T08:13:35.320+0000][1][safepoint    ] Total time for which application threads were stopped: 0.0000642 seconds, Stopping threads took: 0.0000154 seconds
[2019-12-09T08:13:36.320+0000][1][safepoint    ] Application time: 1.0000754 seconds
[2019-12-09T08:13:36.320+0000][1][safepoint    ] Entering safepoint region: Cleanup
[2019-12-09T08:13:36.320+0000][1][safepoint    ] Leaving safepoint region
[2019-12-09T08:13:36.320+0000][1][safepoint    ] Total time for which application threads were stopped: 0.0000723 seconds, Stopping threads took: 0.0000145 seconds
[2019-12-09T08:13:37.320+0000][1][safepoint    ] Application time: 1.0000761 seconds
[2019-12-09T08:13:37.320+0000][1][safepoint    ] Entering safepoint region: Cleanup
[2019-12-09T08:13:37.320+0000][1][safepoint    ] Leaving safepoint region
[2019-12-09T08:13:37.320+0000][1][safepoint    ] Total time for which application threads were stopped: 0.0000664 seconds, Stopping threads took: 0.0000158 seconds
[2019-12-09T08:13:38.320+0000][1][safepoint    ] Application time: 1.0000758 seconds
[2019-12-09T08:13:38.320+0000][1][safepoint    ] Entering safepoint region: Cleanup
[2019-12-09T08:13:38.320+0000][1][safepoint    ] Leaving safepoint region
[2019-12-09T08:13:38.320+0000][1][safepoint    ] Total time for which application threads were stopped: 0.0000635 seconds, Stopping threads took: 0.0000141 seconds
[2019-12-09T08:13:39.321+0000][1][safepoint    ] Application time: 1.0000767 seconds
[2019-12-09T08:13:39.321+0000][1][safepoint    ] Entering safepoint region: Cleanup
[2019-12-09T08:13:39.321+0000][1][safepoint    ] Leaving safepoint region
[2019-12-09T08:13:39.321+0000][1][safepoint    ] Total time for which application threads were stopped: 0.0000635 seconds, Stopping threads took: 0.0000154 seconds
[2019-12-09T08:13:40.321+0000][1][safepoint    ] Application time: 1.0000753 seconds
[2019-12-09T08:13:40.321+0000][1][safepoint    ] Entering safepoint region: Cleanup
[2019-12-09T08:13:40.321+0000][1][safepoint    ] Leaving safepoint region
[2019-12-09T08:13:40.321+0000][1][safepoint    ] Total time for which application threads were stopped: 0.0000621 seconds, Stopping threads took: 0.0000127 seconds
[2019-12-09T08:13:41.321+0000][1][safepoint    ] Application time: 1.0000758 seconds
[2019-12-09T08:13:41.321+0000][1][safepoint    ] Entering safepoint region: Cleanup
[2019-12-09T08:13:41.321+0000][1][safepoint    ] Leaving safepoint region
[2019-12-09T08:13:41.321+0000][1][safepoint    ] Total time for which application threads were stopped: 0.0000744 seconds, Stopping threads took: 0.0000238 seconds
[2019-12-09T08:13:42.321+0000][1][safepoint    ] Application time: 1.0000766 seconds
[2019-12-09T08:13:42.321+0000][1][safepoint    ] Entering safepoint region: Cleanup
[2019-12-09T08:13:42.321+0000][1][safepoint    ] Leaving safepoint region
[2019-12-09T08:13:42.321+0000][1][safepoint    ] Total time for which application threads were stopped: 0.0000644 seconds, Stopping threads took: 0.0000147 seconds
[2019-12-09T08:13:43.321+0000][1][safepoint    ] Application time: 1.0000748 seconds
[2019-12-09T08:13:43.321+0000][1][safepoint    ] Entering safepoint region: Cleanup
[2019-12-09T08:13:43.321+0000][1][safepoint    ] Leaving safepoint region
[2019-12-09T08:13:43.321+0000][1][safepoint    ] Total time for which application threads were stopped: 0.0000631 seconds, Stopping threads took: 0.0000144 seconds
[2019-12-09T08:13:44.321+0000][1][safepoint    ] Application time: 1.0000740 seconds
[2019-12-09T08:13:44.321+0000][1][safepoint    ] Entering safepoint region: Cleanup
[2019-12-09T08:13:44.322+0000][1][safepoint    ] Leaving safepoint region
[2019-12-09T08:13:44.322+0000][1][safepoint    ] Total time for which application threads were stopped: 0.0000659 seconds, Stopping threads took: 0.0000143 seconds
[2019-12-09T08:13:45.322+0000][1][safepoint    ] Application time: 1.0000736 seconds
[2019-12-09T08:13:45.322+0000][1][safepoint    ] Entering safepoint region: Cleanup
[2019-12-09T08:13:45.322+0000][1][safepoint    ] Leaving safepoint region
[2019-12-09T08:13:45.322+0000][1][safepoint    ] Total time for which application threads were stopped: 0.0000666 seconds, Stopping threads took: 0.0000199 seconds
[2019-12-09T08:13:46.322+0000][1][safepoint    ] Application time: 1.0000762 seconds
[2019-12-09T08:13:46.322+0000][1][safepoint    ] Entering safepoint region: Cleanup
[2019-12-09T08:13:46.322+0000][1][safepoint    ] Leaving safepoint region
[2019-12-09T08:13:46.322+0000][1][safepoint    ] Total time for which application threads were stopped: 0.0000653 seconds, Stopping threads took: 0.0000157 seconds
[2019-12-09T08:13:47.322+0000][1][safepoint    ] Application time: 1.0000750 seconds
[2019-12-09T08:13:47.322+0000][1][safepoint    ] Entering safepoint region: Cleanup
[2019-12-09T08:13:47.322+0000][1][safepoint    ] Leaving safepoint region
[2019-12-09T08:13:47.322+0000][1][safepoint    ] Total time for which application threads were stopped: 0.0000636 seconds, Stopping threads took: 0.0000143 seconds
[2019-12-09T08:13:48.322+0000][1][safepoint    ] Application time: 1.0000759 seconds
[2019-12-09T08:13:48.322+0000][1][safepoint    ] Entering safepoint region: Cleanup
[2019-12-09T08:13:48.322+0000][1][safepoint    ] Leaving safepoint region
[2019-12-09T08:13:48.322+0000][1][safepoint    ] Total time for which application threads were stopped: 0.0000658 seconds, Stopping threads took: 0.0000153 seconds
[2019-12-09T08:13:49.322+0000][1][safepoint    ] Application time: 1.0000754 seconds
[2019-12-09T08:13:49.322+0000][1][safepoint    ] Entering safepoint region: Cleanup
[2019-12-09T08:13:49.322+0000][1][safepoint    ] Leaving safepoint region
[2019-12-09T08:13:49.322+0000][1][safepoint    ] Total time for which application threads were stopped: 0.0000645 seconds, Stopping threads took: 0.0000156 seconds
[2019-12-09T08:13:50.323+0000][1][safepoint    ] Application time: 1.0000745 seconds
[2019-12-09T08:13:50.323+0000][1][safepoint    ] Entering safepoint region: Cleanup
[2019-12-09T08:13:50.323+0000][1][safepoint    ] Leaving safepoint region
[2019-12-09T08:13:50.323+0000][1][safepoint    ] Total time for which application threads were stopped: 0.0000639 seconds, Stopping threads took: 0.0000149 seconds
[2019-12-09T08:13:51.323+0000][1][safepoint    ] Application time: 1.0000759 seconds
[2019-12-09T08:13:51.323+0000][1][safepoint    ] Entering safepoint region: Cleanup
[2019-12-09T08:13:51.323+0000][1][safepoint    ] Leaving safepoint region
[2019-12-09T08:13:51.323+0000][1][safepoint    ] Total time for which application threads were stopped: 0.0000654 seconds, Stopping threads took: 0.0000152 seconds
[2019-12-09T08:13:52.323+0000][1][safepoint    ] Application time: 1.0000784 seconds
[2019-12-09T08:13:52.323+0000][1][safepoint    ] Entering safepoint region: Cleanup
[2019-12-09T08:13:52.323+0000][1][safepoint    ] Leaving safepoint region
[2019-12-09T08:13:52.323+0000][1][safepoint    ] Total time for which application threads were stopped: 0.0000664 seconds, Stopping threads took: 0.0000154 seconds
[2019-12-09T08:13:53.323+0000][1][safepoint    ] Application time: 1.0000775 seconds
[2019-12-09T08:13:53.323+0000][1][safepoint    ] Entering safepoint region: Cleanup
[2019-12-09T08:13:53.323+0000][1][safepoint    ] Leaving safepoint region
[2019-12-09T08:13:53.323+0000][1][safepoint    ] Total time for which application threads were stopped: 0.0000667 seconds, Stopping threads took: 0.0000147 seconds
[2019-12-09T08:13:54.323+0000][1][safepoint    ] Application time: 1.0000741 seconds
[2019-12-09T08:13:54.323+0000][1][safepoint    ] Entering safepoint region: Cleanup
[2019-12-09T08:13:54.323+0000][1][safepoint    ] Leaving safepoint region
[2019-12-09T08:13:54.323+0000][1][safepoint    ] Total time for which application threads were stopped: 0.0000655 seconds, Stopping threads took: 0.0000159 seconds
[2019-12-09T08:13:55.323+0000][1][safepoint    ] Application time: 1.0000750 seconds
[2019-12-09T08:13:55.324+0000][1][safepoint    ] Entering safepoint region: Cleanup
[2019-12-09T08:13:55.324+0000][1][safepoint    ] Leaving safepoint region
[2019-12-09T08:13:55.324+0000][1][safepoint    ] Total time for which application threads were stopped: 0.0000609 seconds, Stopping threads took: 0.0000125 seconds
[2019-12-09T08:13:56.324+0000][1][safepoint    ] Application time: 1.0000767 seconds
[2019-12-09T08:13:56.324+0000][1][safepoint    ] Entering safepoint region: Cleanup
[2019-12-09T08:13:56.324+0000][1][safepoint    ] Leaving safepoint region
[2019-12-09T08:13:56.324+0000][1][safepoint    ] Total time for which application threads were stopped: 0.0000650 seconds, Stopping threads took: 0.0000153 seconds
[2019-12-09T08:13:57.324+0000][1][safepoint    ] Application time: 1.0000748 seconds
[2019-12-09T08:13:57.324+0000][1][safepoint    ] Entering safepoint region: Cleanup
[2019-12-09T08:13:57.324+0000][1][safepoint    ] Leaving safepoint region
[2019-12-09T08:13:57.324+0000][1][safepoint    ] Total time for which application threads were stopped: 0.0000652 seconds, Stopping threads took: 0.0000141 seconds
[2019-12-09T08:13:58.932+0000][1][safepoint    ] Application time: 1.6077054 seconds
[2019-12-09T08:13:58.932+0000][1][safepoint    ] Entering safepoint region: Cleanup
[2019-12-09T08:13:58.932+0000][1][safepoint    ] Leaving safepoint region
[2019-12-09T08:13:58.932+0000][1][safepoint    ] Total time for which application threads were stopped: 0.0000678 seconds, Stopping threads took: 0.0000169 seconds
[2019-12-09T08:13:59.932+0000][1][safepoint    ] Application time: 1.0000782 seconds
[2019-12-09T08:13:59.932+0000][1][safepoint    ] Entering safepoint region: Cleanup
[2019-12-09T08:13:59.932+0000][1][safepoint    ] Leaving safepoint region
[2019-12-09T08:13:59.932+0000][1][safepoint    ] Total time for which application threads were stopped: 0.0000698 seconds, Stopping threads took: 0.0000168 seconds
[2019-12-09T08:14:00.932+0000][1][safepoint    ] Application time: 1.0000782 seconds
[2019-12-09T08:14:00.932+0000][1][safepoint    ] Entering safepoint region: Cleanup
[2019-12-09T08:14:00.932+0000][1][safepoint    ] Leaving safepoint region
[2019-12-09T08:14:00.932+0000][1][safepoint    ] Total time for which application threads were stopped: 0.0000677 seconds, Stopping threads took: 0.0000164 seconds
[2019-12-09T08:14:01.932+0000][1][safepoint    ] Application time: 1.0000790 seconds
[2019-12-09T08:14:01.932+0000][1][safepoint    ] Entering safepoint region: Cleanup
[2019-12-09T08:14:01.932+0000][1][safepoint    ] Leaving safepoint region
[2019-12-09T08:14:01.932+0000][1][safepoint    ] Total time for which application threads were stopped: 0.0000679 seconds, Stopping threads took: 0.0000166 seconds
[2019-12-09T08:14:02.932+0000][1][safepoint    ] Application time: 1.0000776 seconds
[2019-12-09T08:14:02.933+0000][1][safepoint    ] Entering safepoint region: Cleanup
[2019-12-09T08:14:02.933+0000][1][safepoint    ] Leaving safepoint region
[2019-12-09T08:14:02.933+0000][1][safepoint    ] Total time for which application threads were stopped: 0.0000678 seconds, Stopping threads took: 0.0000177 seconds
[2019-12-09T08:14:03.933+0000][1][safepoint    ] Application time: 1.0000768 seconds
[2019-12-09T08:14:03.933+0000][1][safepoint    ] Entering safepoint region: Cleanup
[2019-12-09T08:14:03.933+0000][1][safepoint    ] Leaving safepoint region
[2019-12-09T08:14:03.933+0000][1][safepoint    ] Total time for which application threads were stopped: 0.0000680 seconds, Stopping threads took: 0.0000175 seconds
[2019-12-09T08:14:04.933+0000][1][safepoint    ] Application time: 1.0000760 seconds
[2019-12-09T08:14:04.933+0000][1][safepoint    ] Entering safepoint region: Cleanup
[2019-12-09T08:14:04.933+0000][1][safepoint    ] Leaving safepoint region
[2019-12-09T08:14:04.933+0000][1][safepoint    ] Total time for which application threads were stopped: 0.0000652 seconds, Stopping threads took: 0.0000163 seconds
[2019-12-09T08:14:05.933+0000][1][safepoint    ] Application time: 1.0000770 seconds
[2019-12-09T08:14:05.933+0000][1][safepoint    ] Entering safepoint region: Cleanup
[2019-12-09T08:14:05.933+0000][1][safepoint    ] Leaving safepoint region
[2019-12-09T08:14:05.933+0000][1][safepoint    ] Total time for which application threads were stopped: 0.0000675 seconds, Stopping threads took: 0.0000175 seconds
[2019-12-09T08:14:06.933+0000][1][safepoint    ] Application time: 1.0000925 seconds
[2019-12-09T08:14:06.933+0000][1][safepoint    ] Entering safepoint region: Cleanup
[2019-12-09T08:14:06.933+0000][1][safepoint    ] Leaving safepoint region
[2019-12-09T08:14:06.933+0000][1][safepoint    ] Total time for which application threads were stopped: 0.0000984 seconds, Stopping threads took: 0.0000235 seconds
[2019-12-09T08:14:07.933+0000][1][safepoint    ] Application time: 1.0000857 seconds
[2019-12-09T08:14:07.934+0000][1][safepoint    ] Entering safepoint region: Cleanup
[2019-12-09T08:14:07.934+0000][1][safepoint    ] Leaving safepoint region
[2019-12-09T08:14:07.934+0000][1][safepoint    ] Total time for which application threads were stopped: 0.0000675 seconds, Stopping threads took: 0.0000168 seconds
[2019-12-09T08:14:08.934+0000][1][safepoint    ] Application time: 1.0000772 seconds
[2019-12-09T08:14:08.934+0000][1][safepoint    ] Entering safepoint region: Cleanup
[2019-12-09T08:14:08.934+0000][1][safepoint    ] Leaving safepoint region
[2019-12-09T08:14:08.934+0000][1][safepoint    ] Total time for which application threads were stopped: 0.0000660 seconds, Stopping threads took: 0.0000165 seconds
[2019-12-09T08:14:09.422+0000][1][safepoint    ] Application time: 0.4881024 seconds
[2019-12-09T08:14:09.422+0000][1][safepoint    ] Entering safepoint region: GenCollectForAllocation
[2019-12-09T08:14:09.422+0000][1][gc,start     ] GC(59) Pause Young (Allocation Failure)
[2019-12-09T08:14:09.422+0000][1][gc,task      ] GC(59) Using 2 workers of 2 for evacuation
[2019-12-09T08:14:09.426+0000][1][gc,age       ] GC(59) Desired survivor size 4456448 bytes, new threshold 6 (max threshold 6)
[2019-12-09T08:14:09.426+0000][1][gc,age       ] GC(59) Age table with threshold 6 (max threshold 6)
[2019-12-09T08:14:09.426+0000][1][gc,age       ] GC(59) - age   1:       9976 bytes,       9976 total
[2019-12-09T08:14:09.426+0000][1][gc,age       ] GC(59) - age   3:        456 bytes,      10432 total
[2019-12-09T08:14:09.426+0000][1][gc,age       ] GC(59) - age   5:       1648 bytes,      12080 total
[2019-12-09T08:14:09.426+0000][1][gc,heap      ] GC(59) ParNew: 69963K->12K(78656K)
[2019-12-09T08:14:09.426+0000][1][gc,heap      ] GC(59) CMS: 69456K->69456K(174784K)
[2019-12-09T08:14:09.426+0000][1][gc,metaspace ] GC(59) Metaspace: 68473K->68473K(1112064K)
[2019-12-09T08:14:09.426+0000][1][gc           ] GC(59) Pause Young (Allocation Failure) 136M->67M(247M) 3.838ms
[2019-12-09T08:14:09.426+0000][1][gc,cpu       ] GC(59) User=0.01s Sys=0.00s Real=0.01s
[2019-12-09T08:14:09.426+0000][1][safepoint    ] Leaving safepoint region
[2019-12-09T08:14:09.426+0000][1][safepoint    ] Total time for which application threads were stopped: 0.0040073 seconds, Stopping threads took: 0.0000182 seconds
[2019-12-09T08:14:10.426+0000][1][safepoint    ] Application time: 1.0000874 seconds
[2019-12-09T08:14:10.426+0000][1][safepoint    ] Entering safepoint region: Cleanup
[2019-12-09T08:14:10.426+0000][1][safepoint    ] Leaving safepoint region
[2019-12-09T08:14:10.426+0000][1][safepoint    ] Total time for which application threads were stopped: 0.0000629 seconds, Stopping threads took: 0.0000161 seconds
[2019-12-09T08:14:11.426+0000][1][safepoint    ] Application time: 1.0000760 seconds
[2019-12-09T08:14:11.426+0000][1][safepoint    ] Entering safepoint region: Cleanup
[2019-12-09T08:14:11.426+0000][1][safepoint    ] Leaving safepoint region
[2019-12-09T08:14:11.426+0000][1][safepoint    ] Total time for which application threads were stopped: 0.0000714 seconds, Stopping threads took: 0.0000253 seconds
[2019-12-09T08:14:12.426+0000][1][safepoint    ] Application time: 1.0000763 seconds
[2019-12-09T08:14:12.426+0000][1][safepoint    ] Entering safepoint region: Cleanup
[2019-12-09T08:14:12.426+0000][1][safepoint    ] Leaving safepoint region
[2019-12-09T08:14:12.426+0000][1][safepoint    ] Total time for which application threads were stopped: 0.0000600 seconds, Stopping threads took: 0.0000148 seconds
[2019-12-09T08:14:13.427+0000][1][safepoint    ] Application time: 1.0000744 seconds
[2019-12-09T08:14:13.427+0000][1][safepoint    ] Entering safepoint region: Cleanup
[2019-12-09T08:14:13.427+0000][1][safepoint    ] Leaving safepoint region
[2019-12-09T08:14:13.427+0000][1][safepoint    ] Total time for which application threads were stopped: 0.0000599 seconds, Stopping threads took: 0.0000149 seconds
[2019-12-09T08:14:14.427+0000][1][safepoint    ] Application time: 1.0000731 seconds
[2019-12-09T08:14:14.427+0000][1][safepoint    ] Entering safepoint region: Cleanup
[2019-12-09T08:14:14.427+0000][1][safepoint    ] Leaving safepoint region
[2019-12-09T08:14:14.427+0000][1][safepoint    ] Total time for which application threads were stopped: 0.0000616 seconds, Stopping threads took: 0.0000153 seconds
[2019-12-09T08:14:15.427+0000][1][safepoint    ] Application time: 1.0000747 seconds
[2019-12-09T08:14:15.427+0000][1][safepoint    ] Entering safepoint region: Cleanup
[2019-12-09T08:14:15.427+0000][1][safepoint    ] Leaving safepoint region
[2019-12-09T08:14:15.427+0000][1][safepoint    ] Total time for which application threads were stopped: 0.0000627 seconds, Stopping threads took: 0.0000152 seconds
[2019-12-09T08:14:16.427+0000][1][safepoint    ] Application time: 1.0000754 seconds
[2019-12-09T08:14:16.427+0000][1][safepoint    ] Entering safepoint region: Cleanup
[2019-12-09T08:14:16.427+0000][1][safepoint    ] Leaving safepoint region
[2019-12-09T08:14:16.427+0000][1][safepoint    ] Total time for which application threads were stopped: 0.0000624 seconds, Stopping threads took: 0.0000157 seconds
[2019-12-09T08:14:17.427+0000][1][safepoint    ] Application time: 1.0000758 seconds
[2019-12-09T08:14:17.427+0000][1][safepoint    ] Entering safepoint region: Cleanup
[2019-12-09T08:14:17.427+0000][1][safepoint    ] Leaving safepoint region
[2019-12-09T08:14:17.427+0000][1][safepoint    ] Total time for which application threads were stopped: 0.0000624 seconds, Stopping threads took: 0.0000153 seconds
[2019-12-09T08:14:18.427+0000][1][safepoint    ] Application time: 1.0000741 seconds
[2019-12-09T08:14:18.427+0000][1][safepoint    ] Entering safepoint region: Cleanup
[2019-12-09T08:14:18.427+0000][1][safepoint    ] Leaving safepoint region
[2019-12-09T08:14:18.427+0000][1][safepoint    ] Total time for which application threads were stopped: 0.0000638 seconds, Stopping threads took: 0.0000165 seconds
[2019-12-09T08:14:19.428+0000][1][safepoint    ] Application time: 1.0000782 seconds
[2019-12-09T08:14:19.428+0000][1][safepoint    ] Entering safepoint region: Cleanup
[2019-12-09T08:14:19.428+0000][1][safepoint    ] Leaving safepoint region
[2019-12-09T08:14:19.428+0000][1][safepoint    ] Total time for which application threads were stopped: 0.0000607 seconds, Stopping threads took: 0.0000144 seconds
[2019-12-09T08:14:20.428+0000][1][safepoint    ] Application time: 1.0000744 seconds
[2019-12-09T08:14:20.428+0000][1][safepoint    ] Entering safepoint region: Cleanup
[2019-12-09T08:14:20.428+0000][1][safepoint    ] Leaving safepoint region
[2019-12-09T08:14:20.428+0000][1][safepoint    ] Total time for which application threads were stopped: 0.0000643 seconds, Stopping threads took: 0.0000163 seconds
[2019-12-09T08:14:21.428+0000][1][safepoint    ] Application time: 1.0000727 seconds
[2019-12-09T08:14:21.428+0000][1][safepoint    ] Entering safepoint region: Cleanup
[2019-12-09T08:14:21.428+0000][1][safepoint    ] Leaving safepoint region
[2019-12-09T08:14:21.428+0000][1][safepoint    ] Total time for which application threads were stopped: 0.0000637 seconds, Stopping threads took: 0.0000156 seconds
[2019-12-09T08:14:22.428+0000][1][safepoint    ] Application time: 1.0000717 seconds
[2019-12-09T08:14:22.428+0000][1][safepoint    ] Entering safepoint region: Cleanup
[2019-12-09T08:14:22.428+0000][1][safepoint    ] Leaving safepoint region
[2019-12-09T08:14:22.428+0000][1][safepoint    ] Total time for which application threads were stopped: 0.0000599 seconds, Stopping threads took: 0.0000146 seconds
[2019-12-09T08:14:23.428+0000][1][safepoint    ] Application time: 1.0000735 seconds
[2019-12-09T08:14:23.428+0000][1][safepoint    ] Entering safepoint region: Cleanup
[2019-12-09T08:14:23.428+0000][1][safepoint    ] Leaving safepoint region
[2019-12-09T08:14:23.428+0000][1][safepoint    ] Total time for which application threads were stopped: 0.0000600 seconds, Stopping threads took: 0.0000151 seconds
[2019-12-09T08:14:24.428+0000][1][safepoint    ] Application time: 1.0000731 seconds
[2019-12-09T08:14:24.428+0000][1][safepoint    ] Entering safepoint region: Cleanup
[2019-12-09T08:14:24.428+0000][1][safepoint    ] Leaving safepoint region
[2019-12-09T08:14:24.428+0000][1][safepoint    ] Total time for which application threads were stopped: 0.0000626 seconds, Stopping threads took: 0.0000153 seconds
[2019-12-09T08:14:25.429+0000][1][safepoint    ] Application time: 1.0000730 seconds
[2019-12-09T08:14:25.429+0000][1][safepoint    ] Entering safepoint region: Cleanup
[2019-12-09T08:14:25.429+0000][1][safepoint    ] Leaving safepoint region
[2019-12-09T08:14:25.429+0000][1][safepoint    ] Total time for which application threads were stopped: 0.0000588 seconds, Stopping threads took: 0.0000139 seconds
[2019-12-09T08:14:26.429+0000][1][safepoint    ] Application time: 1.0000727 seconds
[2019-12-09T08:14:26.429+0000][1][safepoint    ] Entering safepoint region: Cleanup
[2019-12-09T08:14:26.429+0000][1][safepoint    ] Leaving safepoint region
[2019-12-09T08:14:26.429+0000][1][safepoint    ] Total time for which application threads were stopped: 0.0000651 seconds, Stopping threads took: 0.0000154 seconds
[2019-12-09T08:14:27.429+0000][1][safepoint    ] Application time: 1.0000717 seconds
[2019-12-09T08:14:27.429+0000][1][safepoint    ] Entering safepoint region: Cleanup
[2019-12-09T08:14:27.429+0000][1][safepoint    ] Leaving safepoint region
[2019-12-09T08:14:27.429+0000][1][safepoint    ] Total time for which application threads were stopped: 0.0000708 seconds, Stopping threads took: 0.0000239 seconds
[2019-12-09T08:14:28.429+0000][1][safepoint    ] Application time: 1.0000740 seconds
[2019-12-09T08:14:28.429+0000][1][safepoint    ] Entering safepoint region: Cleanup
[2019-12-09T08:14:28.429+0000][1][safepoint    ] Leaving safepoint region
[2019-12-09T08:14:28.429+0000][1][safepoint    ] Total time for which application threads were stopped: 0.0000617 seconds, Stopping threads took: 0.0000156 seconds
[2019-12-09T08:14:29.429+0000][1][safepoint    ] Application time: 1.0000755 seconds
[2019-12-09T08:14:29.429+0000][1][safepoint    ] Entering safepoint region: Cleanup
[2019-12-09T08:14:29.429+0000][1][safepoint    ] Leaving safepoint region
[2019-12-09T08:14:29.429+0000][1][safepoint    ] Total time for which application threads were stopped: 0.0000602 seconds, Stopping threads took: 0.0000151 seconds
[2019-12-09T08:14:30.429+0000][1][safepoint    ] Application time: 1.0000493 seconds
[2019-12-09T08:14:30.429+0000][1][safepoint    ] Entering safepoint region: Cleanup
[2019-12-09T08:14:30.429+0000][1][safepoint    ] Leaving safepoint region
[2019-12-09T08:14:30.429+0000][1][safepoint    ] Total time for which application threads were stopped: 0.0000632 seconds, Stopping threads took: 0.0000175 seconds
[2019-12-09T08:14:31.429+0000][1][safepoint    ] Application time: 1.0000736 seconds
[2019-12-09T08:14:31.430+0000][1][safepoint    ] Entering safepoint region: Cleanup
[2019-12-09T08:14:31.430+0000][1][safepoint    ] Leaving safepoint region
[2019-12-09T08:14:31.430+0000][1][safepoint    ] Total time for which application threads were stopped: 0.0000615 seconds, Stopping threads took: 0.0000147 seconds
[2019-12-09T08:14:32.430+0000][1][safepoint    ] Application time: 1.0000715 seconds
[2019-12-09T08:14:32.430+0000][1][safepoint    ] Entering safepoint region: Cleanup
[2019-12-09T08:14:32.430+0000][1][safepoint    ] Leaving safepoint region
[2019-12-09T08:14:32.430+0000][1][safepoint    ] Total time for which application threads were stopped: 0.0000714 seconds, Stopping threads took: 0.0000150 seconds
[2019-12-09T08:14:33.430+0000][1][safepoint    ] Application time: 1.0000800 seconds
[2019-12-09T08:14:33.430+0000][1][safepoint    ] Entering safepoint region: Cleanup
[2019-12-09T08:14:33.430+0000][1][safepoint    ] Leaving safepoint region
[2019-12-09T08:14:33.430+0000][1][safepoint    ] Total time for which application threads were stopped: 0.0000625 seconds, Stopping threads took: 0.0000156 seconds
[2019-12-09T08:14:34.430+0000][1][safepoint    ] Application time: 1.0000770 seconds
[2019-12-09T08:14:34.430+0000][1][safepoint    ] Entering safepoint region: Cleanup
[2019-12-09T08:14:34.430+0000][1][safepoint    ] Leaving safepoint region
[2019-12-09T08:14:34.430+0000][1][safepoint    ] Total time for which application threads were stopped: 0.0000623 seconds, Stopping threads took: 0.0000155 seconds
[2019-12-09T08:14:35.430+0000][1][safepoint    ] Application time: 1.0000502 seconds
[2019-12-09T08:14:35.430+0000][1][safepoint    ] Entering safepoint region: Cleanup
[2019-12-09T08:14:35.430+0000][1][safepoint    ] Leaving safepoint region
[2019-12-09T08:14:35.430+0000][1][safepoint    ] Total time for which application threads were stopped: 0.0000649 seconds, Stopping threads took: 0.0000176 seconds
[2019-12-09T08:14:36.430+0000][1][safepoint    ] Application time: 1.0000781 seconds
[2019-12-09T08:14:36.430+0000][1][safepoint    ] Entering safepoint region: Cleanup
[2019-12-09T08:14:36.430+0000][1][safepoint    ] Leaving safepoint region
[2019-12-09T08:14:36.430+0000][1][safepoint    ] Total time for which application threads were stopped: 0.0000614 seconds, Stopping threads took: 0.0000160 seconds
[2019-12-09T08:14:37.430+0000][1][safepoint    ] Application time: 1.0000765 seconds
[2019-12-09T08:14:37.430+0000][1][safepoint    ] Entering safepoint region: Cleanup
[2019-12-09T08:14:37.431+0000][1][safepoint    ] Leaving safepoint region
[2019-12-09T08:14:37.431+0000][1][safepoint    ] Total time for which application threads were stopped: 0.0000677 seconds, Stopping threads took: 0.0000220 seconds
[2019-12-09T08:14:38.431+0000][1][safepoint    ] Application time: 1.0000757 seconds
[2019-12-09T08:14:38.431+0000][1][safepoint    ] Entering safepoint region: Cleanup
[2019-12-09T08:14:38.431+0000][1][safepoint    ] Leaving safepoint region
[2019-12-09T08:14:38.431+0000][1][safepoint    ] Total time for which application threads were stopped: 0.0000756 seconds, Stopping threads took: 0.0000164 seconds
[2019-12-09T08:14:39.431+0000][1][safepoint    ] Application time: 1.0000733 seconds
[2019-12-09T08:14:39.431+0000][1][safepoint    ] Entering safepoint region: Cleanup
[2019-12-09T08:14:39.431+0000][1][safepoint    ] Leaving safepoint region
[2019-12-09T08:14:39.431+0000][1][safepoint    ] Total time for which application threads were stopped: 0.0000622 seconds, Stopping threads took: 0.0000161 seconds
[2019-12-09T08:14:40.431+0000][1][safepoint    ] Application time: 1.0000746 seconds
[2019-12-09T08:14:40.431+0000][1][safepoint    ] Entering safepoint region: Cleanup
[2019-12-09T08:14:40.431+0000][1][safepoint    ] Leaving safepoint region
[2019-12-09T08:14:40.431+0000][1][safepoint    ] Total time for which application threads were stopped: 0.0000603 seconds, Stopping threads took: 0.0000152 seconds
[2019-12-09T08:14:41.431+0000][1][safepoint    ] Application time: 1.0000755 seconds
[2019-12-09T08:14:41.431+0000][1][safepoint    ] Entering safepoint region: Cleanup
[2019-12-09T08:14:41.431+0000][1][safepoint    ] Leaving safepoint region
[2019-12-09T08:14:41.431+0000][1][safepoint    ] Total time for which application threads were stopped: 0.0000685 seconds, Stopping threads took: 0.0000213 seconds
[2019-12-09T08:14:42.431+0000][1][safepoint    ] Application time: 1.0000742 seconds
[2019-12-09T08:14:42.431+0000][1][safepoint    ] Entering safepoint region: Cleanup
[2019-12-09T08:14:42.431+0000][1][safepoint    ] Leaving safepoint region
[2019-12-09T08:14:42.431+0000][1][safepoint    ] Total time for which application threads were stopped: 0.0000617 seconds, Stopping threads took: 0.0000169 seconds
[2019-12-09T08:14:43.431+0000][1][safepoint    ] Application time: 1.0000758 seconds
[2019-12-09T08:14:43.431+0000][1][safepoint    ] Entering safepoint region: Cleanup
[2019-12-09T08:14:43.432+0000][1][safepoint    ] Leaving safepoint region
[2019-12-09T08:14:43.432+0000][1][safepoint    ] Total time for which application threads were stopped: 0.0000602 seconds, Stopping threads took: 0.0000150 seconds
[2019-12-09T08:14:44.432+0000][1][safepoint    ] Application time: 1.0000748 seconds
[2019-12-09T08:14:44.432+0000][1][safepoint    ] Entering safepoint region: Cleanup
[2019-12-09T08:14:44.432+0000][1][safepoint    ] Leaving safepoint region
[2019-12-09T08:14:44.432+0000][1][safepoint    ] Total time for which application threads were stopped: 0.0000740 seconds, Stopping threads took: 0.0000154 seconds
[2019-12-09T08:14:45.432+0000][1][safepoint    ] Application time: 1.0000742 seconds
[2019-12-09T08:14:45.432+0000][1][safepoint    ] Entering safepoint region: Cleanup
[2019-12-09T08:14:45.432+0000][1][safepoint    ] Leaving safepoint region
[2019-12-09T08:14:45.432+0000][1][safepoint    ] Total time for which application threads were stopped: 0.0000622 seconds, Stopping threads took: 0.0000166 seconds
[2019-12-09T08:14:46.432+0000][1][safepoint    ] Application time: 1.0000756 seconds
[2019-12-09T08:14:46.432+0000][1][safepoint    ] Entering safepoint region: Cleanup
[2019-12-09T08:14:46.432+0000][1][safepoint    ] Leaving safepoint region
[2019-12-09T08:14:46.432+0000][1][safepoint    ] Total time for which application threads were stopped: 0.0000624 seconds, Stopping threads took: 0.0000150 seconds
[2019-12-09T08:14:47.432+0000][1][safepoint    ] Application time: 1.0000738 seconds
[2019-12-09T08:14:47.432+0000][1][safepoint    ] Entering safepoint region: Cleanup
[2019-12-09T08:14:47.432+0000][1][safepoint    ] Leaving safepoint region
[2019-12-09T08:14:47.432+0000][1][safepoint    ] Total time for which application threads were stopped: 0.0000707 seconds, Stopping threads took: 0.0000227 seconds
[2019-12-09T08:14:48.432+0000][1][safepoint    ] Application time: 1.0000755 seconds
[2019-12-09T08:14:48.432+0000][1][safepoint    ] Entering safepoint region: Cleanup
[2019-12-09T08:14:48.432+0000][1][safepoint    ] Leaving safepoint region
[2019-12-09T08:14:48.432+0000][1][safepoint    ] Total time for which application threads were stopped: 0.0000604 seconds, Stopping threads took: 0.0000158 seconds
[2019-12-09T08:14:49.432+0000][1][safepoint    ] Application time: 1.0000756 seconds
[2019-12-09T08:14:49.432+0000][1][safepoint    ] Entering safepoint region: Cleanup
[2019-12-09T08:14:49.433+0000][1][safepoint    ] Leaving safepoint region
[2019-12-09T08:14:49.433+0000][1][safepoint    ] Total time for which application threads were stopped: 0.0000650 seconds, Stopping threads took: 0.0000159 seconds
[2019-12-09T08:14:50.433+0000][1][safepoint    ] Application time: 1.0000744 seconds
[2019-12-09T08:14:50.433+0000][1][safepoint    ] Entering safepoint region: Cleanup
[2019-12-09T08:14:50.433+0000][1][safepoint    ] Leaving safepoint region
[2019-12-09T08:14:50.433+0000][1][safepoint    ] Total time for which application threads were stopped: 0.0000755 seconds, Stopping threads took: 0.0000159 seconds
[2019-12-09T08:14:51.433+0000][1][safepoint    ] Application time: 1.0000746 seconds
[2019-12-09T08:14:51.433+0000][1][safepoint    ] Entering safepoint region: Cleanup
[2019-12-09T08:14:51.433+0000][1][safepoint    ] Leaving safepoint region
[2019-12-09T08:14:51.433+0000][1][safepoint    ] Total time for which application threads were stopped: 0.0000676 seconds, Stopping threads took: 0.0000167 seconds
[2019-12-09T08:14:52.433+0000][1][safepoint    ] Application time: 1.0000734 seconds
[2019-12-09T08:14:52.433+0000][1][safepoint    ] Entering safepoint region: Cleanup
[2019-12-09T08:14:52.433+0000][1][safepoint    ] Leaving safepoint region
[2019-12-09T08:14:52.433+0000][1][safepoint    ] Total time for which application threads were stopped: 0.0000680 seconds, Stopping threads took: 0.0000162 seconds
[2019-12-09T08:14:53.433+0000][1][safepoint    ] Application time: 1.0000752 seconds
[2019-12-09T08:14:53.433+0000][1][safepoint    ] Entering safepoint region: Cleanup
[2019-12-09T08:14:53.433+0000][1][safepoint    ] Leaving safepoint region
[2019-12-09T08:14:53.433+0000][1][safepoint    ] Total time for which application threads were stopped: 0.0000668 seconds, Stopping threads took: 0.0000157 seconds
[2019-12-09T08:14:54.433+0000][1][safepoint    ] Application time: 1.0000770 seconds
[2019-12-09T08:14:54.433+0000][1][safepoint    ] Entering safepoint region: Cleanup
[2019-12-09T08:14:54.433+0000][1][safepoint    ] Leaving safepoint region
[2019-12-09T08:14:54.433+0000][1][safepoint    ] Total time for which application threads were stopped: 0.0000672 seconds, Stopping threads took: 0.0000173 seconds
[2019-12-09T08:14:55.434+0000][1][safepoint    ] Application time: 1.0000761 seconds
[2019-12-09T08:14:55.434+0000][1][safepoint    ] Entering safepoint region: Cleanup
[2019-12-09T08:14:55.434+0000][1][safepoint    ] Leaving safepoint region
[2019-12-09T08:14:55.434+0000][1][safepoint    ] Total time for which application threads were stopped: 0.0000647 seconds, Stopping threads took: 0.0000161 seconds
[2019-12-09T08:14:56.434+0000][1][safepoint    ] Application time: 1.0000771 seconds
[2019-12-09T08:14:56.434+0000][1][safepoint    ] Entering safepoint region: Cleanup
[2019-12-09T08:14:56.434+0000][1][safepoint    ] Leaving safepoint region
[2019-12-09T08:14:56.434+0000][1][safepoint    ] Total time for which application threads were stopped: 0.0000692 seconds, Stopping threads took: 0.0000184 seconds
[2019-12-09T08:14:57.434+0000][1][safepoint    ] Application time: 1.0000757 seconds
[2019-12-09T08:14:57.434+0000][1][safepoint    ] Entering safepoint region: Cleanup
[2019-12-09T08:14:57.434+0000][1][safepoint    ] Leaving safepoint region
[2019-12-09T08:14:57.434+0000][1][safepoint    ] Total time for which application threads were stopped: 0.0000747 seconds, Stopping threads took: 0.0000181 seconds
[2019-12-09T08:14:58.434+0000][1][safepoint    ] Application time: 1.0000779 seconds
[2019-12-09T08:14:58.434+0000][1][safepoint    ] Entering safepoint region: Cleanup
[2019-12-09T08:14:58.434+0000][1][safepoint    ] Leaving safepoint region
[2019-12-09T08:14:58.434+0000][1][safepoint    ] Total time for which application threads were stopped: 0.0000647 seconds, Stopping threads took: 0.0000170 seconds
[2019-12-09T08:14:59.434+0000][1][safepoint    ] Application time: 1.0000761 seconds
[2019-12-09T08:14:59.434+0000][1][safepoint    ] Entering safepoint region: Cleanup
[2019-12-09T08:14:59.434+0000][1][safepoint    ] Leaving safepoint region
[2019-12-09T08:14:59.434+0000][1][safepoint    ] Total time for which application threads were stopped: 0.0000649 seconds, Stopping threads took: 0.0000176 seconds
[2019-12-09T08:15:00.434+0000][1][safepoint    ] Application time: 1.0000755 seconds
[2019-12-09T08:15:00.435+0000][1][safepoint    ] Entering safepoint region: Cleanup
[2019-12-09T08:15:00.435+0000][1][safepoint    ] Leaving safepoint region
[2019-12-09T08:15:00.435+0000][1][safepoint    ] Total time for which application threads were stopped: 0.0000638 seconds, Stopping threads took: 0.0000162 seconds
[2019-12-09T08:15:01.435+0000][1][safepoint    ] Application time: 1.0000871 seconds
[2019-12-09T08:15:01.435+0000][1][safepoint    ] Entering safepoint region: Cleanup
[2019-12-09T08:15:01.435+0000][1][safepoint    ] Leaving safepoint region
[2019-12-09T08:15:01.435+0000][1][safepoint    ] Total time for which application threads were stopped: 0.0001046 seconds, Stopping threads took: 0.0000280 seconds
[2019-12-09T08:15:02.435+0000][1][safepoint    ] Application time: 1.0000750 seconds
[2019-12-09T08:15:02.435+0000][1][safepoint    ] Entering safepoint region: Cleanup
[2019-12-09T08:15:02.435+0000][1][safepoint    ] Leaving safepoint region
[2019-12-09T08:15:02.435+0000][1][safepoint    ] Total time for which application threads were stopped: 0.0000678 seconds, Stopping threads took: 0.0000160 seconds
[2019-12-09T08:15:03.435+0000][1][safepoint    ] Application time: 1.0000744 seconds
[2019-12-09T08:15:03.435+0000][1][safepoint    ] Entering safepoint region: Cleanup
[2019-12-09T08:15:03.435+0000][1][safepoint    ] Leaving safepoint region
[2019-12-09T08:15:03.435+0000][1][safepoint    ] Total time for which application threads were stopped: 0.0000646 seconds, Stopping threads took: 0.0000172 seconds
[2019-12-09T08:15:04.435+0000][1][safepoint    ] Application time: 1.0000743 seconds
[2019-12-09T08:15:04.435+0000][1][safepoint    ] Entering safepoint region: Cleanup
[2019-12-09T08:15:04.435+0000][1][safepoint    ] Leaving safepoint region
[2019-12-09T08:15:04.435+0000][1][safepoint    ] Total time for which application threads were stopped: 0.0000620 seconds, Stopping threads took: 0.0000164 seconds
[2019-12-09T08:15:05.435+0000][1][safepoint    ] Application time: 1.0000744 seconds
[2019-12-09T08:15:05.435+0000][1][safepoint    ] Entering safepoint region: Cleanup
[2019-12-09T08:15:05.436+0000][1][safepoint    ] Leaving safepoint region
[2019-12-09T08:15:05.436+0000][1][safepoint    ] Total time for which application threads were stopped: 0.0000631 seconds, Stopping threads took: 0.0000157 seconds
[2019-12-09T08:15:06.436+0000][1][safepoint    ] Application time: 1.0000762 seconds
[2019-12-09T08:15:06.436+0000][1][safepoint    ] Entering safepoint region: Cleanup
[2019-12-09T08:15:06.436+0000][1][safepoint    ] Leaving safepoint region
[2019-12-09T08:15:06.436+0000][1][safepoint    ] Total time for which application threads were stopped: 0.0000829 seconds, Stopping threads took: 0.0000166 seconds
[2019-12-09T08:15:07.920+0000][1][safepoint    ] Application time: 1.4845268 seconds
[2019-12-09T08:15:07.920+0000][1][safepoint    ] Entering safepoint region: Cleanup
[2019-12-09T08:15:07.920+0000][1][safepoint    ] Leaving safepoint region
[2019-12-09T08:15:07.920+0000][1][safepoint    ] Total time for which application threads were stopped: 0.0000752 seconds, Stopping threads took: 0.0000166 seconds
[2019-12-09T08:15:08.920+0000][1][safepoint    ] Application time: 1.0000811 seconds
[2019-12-09T08:15:08.920+0000][1][safepoint    ] Entering safepoint region: Cleanup
[2019-12-09T08:15:08.921+0000][1][safepoint    ] Leaving safepoint region
[2019-12-09T08:15:08.921+0000][1][safepoint    ] Total time for which application threads were stopped: 0.0000646 seconds, Stopping threads took: 0.0000158 seconds
[2019-12-09T08:15:09.921+0000][1][safepoint    ] Application time: 1.0000804 seconds
[2019-12-09T08:15:09.921+0000][1][safepoint    ] Entering safepoint region: Cleanup
[2019-12-09T08:15:09.921+0000][1][safepoint    ] Leaving safepoint region
[2019-12-09T08:15:09.921+0000][1][safepoint    ] Total time for which application threads were stopped: 0.0000833 seconds, Stopping threads took: 0.0000160 seconds
[2019-12-09T08:15:10.921+0000][1][safepoint    ] Application time: 1.0000836 seconds
[2019-12-09T08:15:10.921+0000][1][safepoint    ] Entering safepoint region: Cleanup
[2019-12-09T08:15:10.921+0000][1][safepoint    ] Leaving safepoint region
[2019-12-09T08:15:10.921+0000][1][safepoint    ] Total time for which application threads were stopped: 0.0000670 seconds, Stopping threads took: 0.0000164 seconds
[2019-12-09T08:15:11.921+0000][1][safepoint    ] Application time: 1.0000887 seconds
[2019-12-09T08:15:11.921+0000][1][safepoint    ] Entering safepoint region: Cleanup
[2019-12-09T08:15:11.921+0000][1][safepoint    ] Leaving safepoint region
[2019-12-09T08:15:11.921+0000][1][safepoint    ] Total time for which application threads were stopped: 0.0000931 seconds, Stopping threads took: 0.0000285 seconds
[2019-12-09T08:15:12.921+0000][1][safepoint    ] Application time: 1.0000760 seconds
[2019-12-09T08:15:12.921+0000][1][safepoint    ] Entering safepoint region: Cleanup
[2019-12-09T08:15:12.921+0000][1][safepoint    ] Leaving safepoint region
[2019-12-09T08:15:12.921+0000][1][safepoint    ] Total time for which application threads were stopped: 0.0000799 seconds, Stopping threads took: 0.0000164 seconds
[2019-12-09T08:15:13.921+0000][1][safepoint    ] Application time: 1.0000823 seconds
[2019-12-09T08:15:13.921+0000][1][safepoint    ] Entering safepoint region: Cleanup
[2019-12-09T08:15:13.922+0000][1][safepoint    ] Leaving safepoint region
[2019-12-09T08:15:13.922+0000][1][safepoint    ] Total time for which application threads were stopped: 0.0000645 seconds, Stopping threads took: 0.0000145 seconds
[2019-12-09T08:15:14.922+0000][1][safepoint    ] Application time: 1.0000775 seconds
[2019-12-09T08:15:14.922+0000][1][safepoint    ] Entering safepoint region: Cleanup
[2019-12-09T08:15:14.922+0000][1][safepoint    ] Leaving safepoint region
[2019-12-09T08:15:14.922+0000][1][safepoint    ] Total time for which application threads were stopped: 0.0000732 seconds, Stopping threads took: 0.0000150 seconds
[2019-12-09T08:15:15.922+0000][1][safepoint    ] Application time: 1.0000766 seconds
[2019-12-09T08:15:15.922+0000][1][safepoint    ] Entering safepoint region: Cleanup
[2019-12-09T08:15:15.922+0000][1][safepoint    ] Leaving safepoint region
[2019-12-09T08:15:15.922+0000][1][safepoint    ] Total time for which application threads were stopped: 0.0000638 seconds, Stopping threads took: 0.0000155 seconds
[2019-12-09T08:15:16.922+0000][1][safepoint    ] Application time: 1.0000758 seconds
[2019-12-09T08:15:16.922+0000][1][safepoint    ] Entering safepoint region: Cleanup
[2019-12-09T08:15:16.922+0000][1][safepoint    ] Leaving safepoint region
[2019-12-09T08:15:16.922+0000][1][safepoint    ] Total time for which application threads were stopped: 0.0000639 seconds, Stopping threads took: 0.0000165 seconds
[2019-12-09T08:15:17.922+0000][1][safepoint    ] Application time: 1.0000744 seconds
[2019-12-09T08:15:17.922+0000][1][safepoint    ] Entering safepoint region: Cleanup
[2019-12-09T08:15:17.922+0000][1][safepoint    ] Leaving safepoint region
[2019-12-09T08:15:17.922+0000][1][safepoint    ] Total time for which application threads were stopped: 0.0000687 seconds, Stopping threads took: 0.0000152 seconds
[2019-12-09T08:15:18.922+0000][1][safepoint    ] Application time: 1.0000757 seconds
[2019-12-09T08:15:18.922+0000][1][safepoint    ] Entering safepoint region: Cleanup
[2019-12-09T08:15:18.922+0000][1][safepoint    ] Leaving safepoint region
[2019-12-09T08:15:18.922+0000][1][safepoint    ] Total time for which application threads were stopped: 0.0000620 seconds, Stopping threads took: 0.0000148 seconds
[2019-12-09T08:15:19.922+0000][1][safepoint    ] Application time: 1.0000746 seconds
[2019-12-09T08:15:19.922+0000][1][safepoint    ] Entering safepoint region: Cleanup
[2019-12-09T08:15:19.923+0000][1][safepoint    ] Leaving safepoint region
[2019-12-09T08:15:19.923+0000][1][safepoint    ] Total time for which application threads were stopped: 0.0000623 seconds, Stopping threads took: 0.0000152 seconds
[2019-12-09T08:15:20.923+0000][1][safepoint    ] Application time: 1.0000790 seconds
[2019-12-09T08:15:20.923+0000][1][safepoint    ] Entering safepoint region: Cleanup
[2019-12-09T08:15:20.923+0000][1][safepoint    ] Leaving safepoint region
[2019-12-09T08:15:20.923+0000][1][safepoint    ] Total time for which application threads were stopped: 0.0000760 seconds, Stopping threads took: 0.0000153 seconds
[2019-12-09T08:15:21.923+0000][1][safepoint    ] Application time: 1.0000768 seconds
[2019-12-09T08:15:21.923+0000][1][safepoint    ] Entering safepoint region: Cleanup
[2019-12-09T08:15:21.923+0000][1][safepoint    ] Leaving safepoint region
[2019-12-09T08:15:21.923+0000][1][safepoint    ] Total time for which application threads were stopped: 0.0000620 seconds, Stopping threads took: 0.0000152 seconds
[2019-12-09T08:15:22.923+0000][1][safepoint    ] Application time: 1.0000748 seconds
[2019-12-09T08:15:22.923+0000][1][safepoint    ] Entering safepoint region: Cleanup
[2019-12-09T08:15:22.923+0000][1][safepoint    ] Leaving safepoint region
[2019-12-09T08:15:22.923+0000][1][safepoint    ] Total time for which application threads were stopped: 0.0000641 seconds, Stopping threads took: 0.0000156 seconds
[2019-12-09T08:15:23.923+0000][1][safepoint    ] Application time: 1.0000744 seconds
[2019-12-09T08:15:23.923+0000][1][safepoint    ] Entering safepoint region: Cleanup
[2019-12-09T08:15:23.923+0000][1][safepoint    ] Leaving safepoint region
[2019-12-09T08:15:23.923+0000][1][safepoint    ] Total time for which application threads were stopped: 0.0000624 seconds, Stopping threads took: 0.0000151 seconds
[2019-12-09T08:15:24.923+0000][1][safepoint    ] Application time: 1.0000740 seconds
[2019-12-09T08:15:24.923+0000][1][safepoint    ] Entering safepoint region: Cleanup
[2019-12-09T08:15:24.923+0000][1][safepoint    ] Leaving safepoint region
[2019-12-09T08:15:24.923+0000][1][safepoint    ] Total time for which application threads were stopped: 0.0000715 seconds, Stopping threads took: 0.0000158 seconds
[2019-12-09T08:15:25.923+0000][1][safepoint    ] Application time: 1.0000746 seconds
[2019-12-09T08:15:25.924+0000][1][safepoint    ] Entering safepoint region: Cleanup
[2019-12-09T08:15:25.924+0000][1][safepoint    ] Leaving safepoint region
[2019-12-09T08:15:25.924+0000][1][safepoint    ] Total time for which application threads were stopped: 0.0000618 seconds, Stopping threads took: 0.0000159 seconds
[2019-12-09T08:15:26.924+0000][1][safepoint    ] Application time: 1.0000749 seconds
[2019-12-09T08:15:26.924+0000][1][safepoint    ] Entering safepoint region: Cleanup
[2019-12-09T08:15:26.924+0000][1][safepoint    ] Leaving safepoint region
[2019-12-09T08:15:26.924+0000][1][safepoint    ] Total time for which application threads were stopped: 0.0000773 seconds, Stopping threads took: 0.0000300 seconds
[2019-12-09T08:15:27.924+0000][1][safepoint    ] Application time: 1.0000735 seconds
[2019-12-09T08:15:27.924+0000][1][safepoint    ] Entering safepoint region: Cleanup
[2019-12-09T08:15:27.924+0000][1][safepoint    ] Leaving safepoint region
[2019-12-09T08:15:27.924+0000][1][safepoint    ] Total time for which application threads were stopped: 0.0000640 seconds, Stopping threads took: 0.0000161 seconds
[2019-12-09T08:15:28.924+0000][1][safepoint    ] Application time: 1.0000741 seconds
[2019-12-09T08:15:28.924+0000][1][safepoint    ] Entering safepoint region: Cleanup
[2019-12-09T08:15:28.924+0000][1][safepoint    ] Leaving safepoint region
[2019-12-09T08:15:28.924+0000][1][safepoint    ] Total time for which application threads were stopped: 0.0000625 seconds, Stopping threads took: 0.0000167 seconds
[2019-12-09T08:15:29.924+0000][1][safepoint    ] Application time: 1.0000752 seconds
[2019-12-09T08:15:29.924+0000][1][safepoint    ] Entering safepoint region: Cleanup
[2019-12-09T08:15:29.924+0000][1][safepoint    ] Leaving safepoint region
[2019-12-09T08:15:29.924+0000][1][safepoint    ] Total time for which application threads were stopped: 0.0000630 seconds, Stopping threads took: 0.0000162 seconds
[2019-12-09T08:15:30.924+0000][1][safepoint    ] Application time: 1.0000742 seconds
[2019-12-09T08:15:30.924+0000][1][safepoint    ] Entering safepoint region: Cleanup
[2019-12-09T08:15:30.924+0000][1][safepoint    ] Leaving safepoint region
[2019-12-09T08:15:30.924+0000][1][safepoint    ] Total time for which application threads were stopped: 0.0000618 seconds, Stopping threads took: 0.0000144 seconds
[2019-12-09T08:15:31.925+0000][1][safepoint    ] Application time: 1.0000747 seconds
[2019-12-09T08:15:31.925+0000][1][safepoint    ] Entering safepoint region: Cleanup
[2019-12-09T08:15:31.925+0000][1][safepoint    ] Leaving safepoint region
[2019-12-09T08:15:31.925+0000][1][safepoint    ] Total time for which application threads were stopped: 0.0000608 seconds, Stopping threads took: 0.0000149 seconds
[2019-12-09T08:15:32.925+0000][1][safepoint    ] Application time: 1.0000742 seconds
[2019-12-09T08:15:32.925+0000][1][safepoint    ] Entering safepoint region: Cleanup
[2019-12-09T08:15:32.925+0000][1][safepoint    ] Leaving safepoint region
[2019-12-09T08:15:32.925+0000][1][safepoint    ] Total time for which application threads were stopped: 0.0000598 seconds, Stopping threads took: 0.0000152 seconds
[2019-12-09T08:15:33.925+0000][1][safepoint    ] Application time: 1.0000747 seconds
[2019-12-09T08:15:33.925+0000][1][safepoint    ] Entering safepoint region: Cleanup
[2019-12-09T08:15:33.925+0000][1][safepoint    ] Leaving safepoint region
[2019-12-09T08:15:33.925+0000][1][safepoint    ] Total time for which application threads were stopped: 0.0000627 seconds, Stopping threads took: 0.0000152 seconds
[2019-12-09T08:15:34.925+0000][1][safepoint    ] Application time: 1.0000760 seconds
[2019-12-09T08:15:34.925+0000][1][safepoint    ] Entering safepoint region: Cleanup
[2019-12-09T08:15:34.925+0000][1][safepoint    ] Leaving safepoint region
[2019-12-09T08:15:34.925+0000][1][safepoint    ] Total time for which application threads were stopped: 0.0000619 seconds, Stopping threads took: 0.0000156 seconds
[2019-12-09T08:15:35.925+0000][1][safepoint    ] Application time: 1.0000748 seconds
[2019-12-09T08:15:35.925+0000][1][safepoint    ] Entering safepoint region: Cleanup
[2019-12-09T08:15:35.925+0000][1][safepoint    ] Leaving safepoint region
[2019-12-09T08:15:35.925+0000][1][safepoint    ] Total time for which application threads were stopped: 0.0000622 seconds, Stopping threads took: 0.0000148 seconds
[2019-12-09T08:15:36.925+0000][1][safepoint    ] Application time: 1.0000758 seconds
[2019-12-09T08:15:36.925+0000][1][safepoint    ] Entering safepoint region: Cleanup
[2019-12-09T08:15:36.925+0000][1][safepoint    ] Leaving safepoint region
[2019-12-09T08:15:36.925+0000][1][safepoint    ] Total time for which application threads were stopped: 0.0000612 seconds, Stopping threads took: 0.0000154 seconds
[2019-12-09T08:15:37.926+0000][1][safepoint    ] Application time: 1.0000790 seconds
[2019-12-09T08:15:37.926+0000][1][safepoint    ] Entering safepoint region: Cleanup
[2019-12-09T08:15:37.926+0000][1][safepoint    ] Leaving safepoint region
[2019-12-09T08:15:37.926+0000][1][safepoint    ] Total time for which application threads were stopped: 0.0000634 seconds, Stopping threads took: 0.0000165 seconds
[2019-12-09T08:15:38.926+0000][1][safepoint    ] Application time: 1.0000769 seconds
[2019-12-09T08:15:38.926+0000][1][safepoint    ] Entering safepoint region: Cleanup
[2019-12-09T08:15:38.926+0000][1][safepoint    ] Leaving safepoint region
[2019-12-09T08:15:38.926+0000][1][safepoint    ] Total time for which application threads were stopped: 0.0000620 seconds, Stopping threads took: 0.0000153 seconds
[2019-12-09T08:15:39.926+0000][1][safepoint    ] Application time: 1.0000755 seconds
[2019-12-09T08:15:39.926+0000][1][safepoint    ] Entering safepoint region: Cleanup
[2019-12-09T08:15:39.926+0000][1][safepoint    ] Leaving safepoint region
[2019-12-09T08:15:39.926+0000][1][safepoint    ] Total time for which application threads were stopped: 0.0000619 seconds, Stopping threads took: 0.0000146 seconds
[2019-12-09T08:15:40.926+0000][1][safepoint    ] Application time: 1.0000763 seconds
[2019-12-09T08:15:40.926+0000][1][safepoint    ] Entering safepoint region: Cleanup
[2019-12-09T08:15:40.926+0000][1][safepoint    ] Leaving safepoint region
[2019-12-09T08:15:40.926+0000][1][safepoint    ] Total time for which application threads were stopped: 0.0000623 seconds, Stopping threads took: 0.0000153 seconds
[2019-12-09T08:15:41.926+0000][1][safepoint    ] Application time: 1.0000753 seconds
[2019-12-09T08:15:41.926+0000][1][safepoint    ] Entering safepoint region: Cleanup
[2019-12-09T08:15:41.926+0000][1][safepoint    ] Leaving safepoint region
[2019-12-09T08:15:41.926+0000][1][safepoint    ] Total time for which application threads were stopped: 0.0000681 seconds, Stopping threads took: 0.0000219 seconds
[2019-12-09T08:15:42.926+0000][1][safepoint    ] Application time: 1.0000765 seconds
[2019-12-09T08:15:42.926+0000][1][safepoint    ] Entering safepoint region: Cleanup
[2019-12-09T08:15:42.926+0000][1][safepoint    ] Leaving safepoint region
[2019-12-09T08:15:42.926+0000][1][safepoint    ] Total time for which application threads were stopped: 0.0000616 seconds, Stopping threads took: 0.0000160 seconds
[2019-12-09T08:15:43.927+0000][1][safepoint    ] Application time: 1.0000772 seconds
[2019-12-09T08:15:43.927+0000][1][safepoint    ] Entering safepoint region: Cleanup
[2019-12-09T08:15:43.927+0000][1][safepoint    ] Leaving safepoint region
[2019-12-09T08:15:43.927+0000][1][safepoint    ] Total time for which application threads were stopped: 0.0000603 seconds, Stopping threads took: 0.0000150 seconds
[2019-12-09T08:15:44.927+0000][1][safepoint    ] Application time: 1.0000853 seconds
[2019-12-09T08:15:44.927+0000][1][safepoint    ] Entering safepoint region: Cleanup
[2019-12-09T08:15:44.927+0000][1][safepoint    ] Leaving safepoint region
[2019-12-09T08:15:44.927+0000][1][safepoint    ] Total time for which application threads were stopped: 0.0000623 seconds, Stopping threads took: 0.0000156 seconds
[2019-12-09T08:15:46.701+0000][1][safepoint    ] Application time: 1.7746088 seconds
[2019-12-09T08:15:46.701+0000][1][safepoint    ] Entering safepoint region: Cleanup
[2019-12-09T08:15:46.702+0000][1][safepoint    ] Leaving safepoint region
[2019-12-09T08:15:46.702+0000][1][safepoint    ] Total time for which application threads were stopped: 0.0000824 seconds, Stopping threads took: 0.0000226 seconds
[2019-12-09T08:15:47.702+0000][1][safepoint    ] Application time: 1.0000741 seconds
[2019-12-09T08:15:47.702+0000][1][safepoint    ] Entering safepoint region: Cleanup
[2019-12-09T08:15:47.702+0000][1][safepoint    ] Leaving safepoint region
[2019-12-09T08:15:47.702+0000][1][safepoint    ] Total time for which application threads were stopped: 0.0000747 seconds, Stopping threads took: 0.0000158 seconds
[2019-12-09T08:15:48.702+0000][1][safepoint    ] Application time: 1.0000759 seconds
[2019-12-09T08:15:48.702+0000][1][safepoint    ] Entering safepoint region: Cleanup
[2019-12-09T08:15:48.702+0000][1][safepoint    ] Leaving safepoint region
[2019-12-09T08:15:48.702+0000][1][safepoint    ] Total time for which application threads were stopped: 0.0000642 seconds, Stopping threads took: 0.0000156 seconds
[2019-12-09T08:15:49.702+0000][1][safepoint    ] Application time: 1.0000746 seconds
[2019-12-09T08:15:49.702+0000][1][safepoint    ] Entering safepoint region: Cleanup
[2019-12-09T08:15:49.702+0000][1][safepoint    ] Leaving safepoint region
[2019-12-09T08:15:49.702+0000][1][safepoint    ] Total time for which application threads were stopped: 0.0000637 seconds, Stopping threads took: 0.0000152 seconds
[2019-12-09T08:15:50.702+0000][1][safepoint    ] Application time: 1.0000741 seconds
[2019-12-09T08:15:50.702+0000][1][safepoint    ] Entering safepoint region: Cleanup
[2019-12-09T08:15:50.702+0000][1][safepoint    ] Leaving safepoint region
[2019-12-09T08:15:50.702+0000][1][safepoint    ] Total time for which application threads were stopped: 0.0000620 seconds, Stopping threads took: 0.0000136 seconds
[2019-12-09T08:15:51.702+0000][1][safepoint    ] Application time: 1.0000739 seconds
[2019-12-09T08:15:51.702+0000][1][safepoint    ] Entering safepoint region: Cleanup
[2019-12-09T08:15:51.702+0000][1][safepoint    ] Leaving safepoint region
[2019-12-09T08:15:51.702+0000][1][safepoint    ] Total time for which application threads were stopped: 0.0000722 seconds, Stopping threads took: 0.0000223 seconds
[2019-12-09T08:15:52.703+0000][1][safepoint    ] Application time: 1.0000769 seconds
[2019-12-09T08:15:52.703+0000][1][safepoint    ] Entering safepoint region: Cleanup
[2019-12-09T08:15:52.703+0000][1][safepoint    ] Leaving safepoint region
[2019-12-09T08:15:52.703+0000][1][safepoint    ] Total time for which application threads were stopped: 0.0000678 seconds, Stopping threads took: 0.0000171 seconds
[2019-12-09T08:15:53.703+0000][1][safepoint    ] Application time: 1.0000793 seconds
[2019-12-09T08:15:53.703+0000][1][safepoint    ] Entering safepoint region: Cleanup
[2019-12-09T08:15:53.703+0000][1][safepoint    ] Leaving safepoint region
[2019-12-09T08:15:53.703+0000][1][safepoint    ] Total time for which application threads were stopped: 0.0000673 seconds, Stopping threads took: 0.0000166 seconds
[2019-12-09T08:15:54.703+0000][1][safepoint    ] Application time: 1.0000775 seconds
[2019-12-09T08:15:54.703+0000][1][safepoint    ] Entering safepoint region: Cleanup
[2019-12-09T08:15:54.703+0000][1][safepoint    ] Leaving safepoint region
[2019-12-09T08:15:54.703+0000][1][safepoint    ] Total time for which application threads were stopped: 0.0000662 seconds, Stopping threads took: 0.0000161 seconds
[2019-12-09T08:15:55.703+0000][1][safepoint    ] Application time: 1.0000758 seconds
[2019-12-09T08:15:55.703+0000][1][safepoint    ] Entering safepoint region: Cleanup
[2019-12-09T08:15:55.703+0000][1][safepoint    ] Leaving safepoint region
[2019-12-09T08:15:55.703+0000][1][safepoint    ] Total time for which application threads were stopped: 0.0000650 seconds, Stopping threads took: 0.0000157 seconds
[2019-12-09T08:15:56.703+0000][1][safepoint    ] Application time: 1.0000762 seconds
[2019-12-09T08:15:56.703+0000][1][safepoint    ] Entering safepoint region: Cleanup
[2019-12-09T08:15:56.703+0000][1][safepoint    ] Leaving safepoint region
[2019-12-09T08:15:56.703+0000][1][safepoint    ] Total time for which application threads were stopped: 0.0000643 seconds, Stopping threads took: 0.0000158 seconds
[2019-12-09T08:15:57.703+0000][1][safepoint    ] Application time: 1.0000751 seconds
[2019-12-09T08:15:57.704+0000][1][safepoint    ] Entering safepoint region: Cleanup
[2019-12-09T08:15:57.704+0000][1][safepoint    ] Leaving safepoint region
[2019-12-09T08:15:57.704+0000][1][safepoint    ] Total time for which application threads were stopped: 0.0000665 seconds, Stopping threads took: 0.0000164 seconds
[2019-12-09T08:15:58.704+0000][1][safepoint    ] Application time: 1.0000769 seconds
[2019-12-09T08:15:58.704+0000][1][safepoint    ] Entering safepoint region: Cleanup
[2019-12-09T08:15:58.704+0000][1][safepoint    ] Leaving safepoint region
[2019-12-09T08:15:58.704+0000][1][safepoint    ] Total time for which application threads were stopped: 0.0000649 seconds, Stopping threads took: 0.0000158 seconds
[2019-12-09T08:15:59.704+0000][1][safepoint    ] Application time: 1.0000796 seconds
[2019-12-09T08:15:59.704+0000][1][safepoint    ] Entering safepoint region: Cleanup
[2019-12-09T08:15:59.704+0000][1][safepoint    ] Leaving safepoint region
[2019-12-09T08:15:59.704+0000][1][safepoint    ] Total time for which application threads were stopped: 0.0000632 seconds, Stopping threads took: 0.0000154 seconds
[2019-12-09T08:16:00.704+0000][1][safepoint    ] Application time: 1.0000777 seconds
[2019-12-09T08:16:00.704+0000][1][safepoint    ] Entering safepoint region: Cleanup
[2019-12-09T08:16:00.704+0000][1][safepoint    ] Leaving safepoint region
[2019-12-09T08:16:00.704+0000][1][safepoint    ] Total time for which application threads were stopped: 0.0000633 seconds, Stopping threads took: 0.0000153 seconds
[2019-12-09T08:16:01.704+0000][1][safepoint    ] Application time: 1.0000897 seconds
[2019-12-09T08:16:01.704+0000][1][safepoint    ] Entering safepoint region: Cleanup
[2019-12-09T08:16:01.704+0000][1][safepoint    ] Leaving safepoint region
[2019-12-09T08:16:01.704+0000][1][safepoint    ] Total time for which application threads were stopped: 0.0001006 seconds, Stopping threads took: 0.0000304 seconds
[2019-12-09T08:16:02.946+0000][1][safepoint    ] Application time: 1.2417012 seconds
[2019-12-09T08:16:02.946+0000][1][safepoint    ] Entering safepoint region: Cleanup
[2019-12-09T08:16:02.946+0000][1][safepoint    ] Leaving safepoint region
[2019-12-09T08:16:02.946+0000][1][safepoint    ] Total time for which application threads were stopped: 0.0000699 seconds, Stopping threads took: 0.0000165 seconds
[2019-12-09T08:16:03.946+0000][1][safepoint    ] Application time: 1.0000746 seconds
[2019-12-09T08:16:03.946+0000][1][safepoint    ] Entering safepoint region: Cleanup
[2019-12-09T08:16:03.946+0000][1][safepoint    ] Leaving safepoint region
[2019-12-09T08:16:03.946+0000][1][safepoint    ] Total time for which application threads were stopped: 0.0000619 seconds, Stopping threads took: 0.0000138 seconds
[2019-12-09T08:16:04.946+0000][1][safepoint    ] Application time: 1.0000753 seconds
[2019-12-09T08:16:04.947+0000][1][safepoint    ] Entering safepoint region: Cleanup
[2019-12-09T08:16:04.947+0000][1][safepoint    ] Leaving safepoint region
[2019-12-09T08:16:04.947+0000][1][safepoint    ] Total time for which application threads were stopped: 0.0000630 seconds, Stopping threads took: 0.0000150 seconds
[2019-12-09T08:16:05.947+0000][1][safepoint    ] Application time: 1.0000754 seconds
[2019-12-09T08:16:05.947+0000][1][safepoint    ] Entering safepoint region: Cleanup
[2019-12-09T08:16:05.947+0000][1][safepoint    ] Leaving safepoint region
[2019-12-09T08:16:05.947+0000][1][safepoint    ] Total time for which application threads were stopped: 0.0000838 seconds, Stopping threads took: 0.0000325 seconds
[2019-12-09T08:16:06.947+0000][1][safepoint    ] Application time: 1.0000774 seconds
[2019-12-09T08:16:06.947+0000][1][safepoint    ] Entering safepoint region: Cleanup
[2019-12-09T08:16:06.947+0000][1][safepoint    ] Leaving safepoint region
[2019-12-09T08:16:06.947+0000][1][safepoint    ] Total time for which application threads were stopped: 0.0000629 seconds, Stopping threads took: 0.0000152 seconds
[2019-12-09T08:16:07.212+0000][1][safepoint    ] Application time: 0.2649228 seconds
[2019-12-09T08:16:07.212+0000][1][safepoint    ] Entering safepoint region: GenCollectForAllocation
[2019-12-09T08:16:07.212+0000][1][gc,start     ] GC(60) Pause Young (Allocation Failure)
[2019-12-09T08:16:07.212+0000][1][gc,task      ] GC(60) Using 2 workers of 2 for evacuation
[2019-12-09T08:16:07.214+0000][1][gc,age       ] GC(60) Desired survivor size 4456448 bytes, new threshold 6 (max threshold 6)
[2019-12-09T08:16:07.214+0000][1][gc,age       ] GC(60) Age table with threshold 6 (max threshold 6)
[2019-12-09T08:16:07.214+0000][1][gc,age       ] GC(60) - age   1:       3032 bytes,       3032 total
[2019-12-09T08:16:07.214+0000][1][gc,age       ] GC(60) - age   2:        112 bytes,       3144 total
[2019-12-09T08:16:07.214+0000][1][gc,age       ] GC(60) - age   4:        456 bytes,       3600 total
[2019-12-09T08:16:07.214+0000][1][gc,age       ] GC(60) - age   6:       1648 bytes,       5248 total
[2019-12-09T08:16:07.214+0000][1][gc,heap      ] GC(60) ParNew: 69944K->9K(78656K)
[2019-12-09T08:16:07.214+0000][1][gc,heap      ] GC(60) CMS: 69456K->69456K(174784K)
[2019-12-09T08:16:07.214+0000][1][gc,metaspace ] GC(60) Metaspace: 68473K->68473K(1112064K)
[2019-12-09T08:16:07.214+0000][1][gc           ] GC(60) Pause Young (Allocation Failure) 136M->67M(247M) 1.652ms
[2019-12-09T08:16:07.214+0000][1][gc,cpu       ] GC(60) User=0.00s Sys=0.00s Real=0.00s
[2019-12-09T08:16:07.214+0000][1][safepoint    ] Leaving safepoint region
[2019-12-09T08:16:07.214+0000][1][safepoint    ] Total time for which application threads were stopped: 0.0018269 seconds, Stopping threads took: 0.0000206 seconds
[2019-12-09T08:16:08.214+0000][1][safepoint    ] Application time: 1.0000872 seconds
[2019-12-09T08:16:08.214+0000][1][safepoint    ] Entering safepoint region: Cleanup
[2019-12-09T08:16:08.214+0000][1][safepoint    ] Leaving safepoint region
[2019-12-09T08:16:08.214+0000][1][safepoint    ] Total time for which application threads were stopped: 0.0000678 seconds, Stopping threads took: 0.0000169 seconds
[2019-12-09T08:16:09.214+0000][1][safepoint    ] Application time: 1.0000725 seconds
[2019-12-09T08:16:09.214+0000][1][safepoint    ] Entering safepoint region: Cleanup
[2019-12-09T08:16:09.214+0000][1][safepoint    ] Leaving safepoint region
[2019-12-09T08:16:09.214+0000][1][safepoint    ] Total time for which application threads were stopped: 0.0000637 seconds, Stopping threads took: 0.0000166 seconds
[2019-12-09T08:16:10.214+0000][1][safepoint    ] Application time: 1.0000789 seconds
[2019-12-09T08:16:10.214+0000][1][safepoint    ] Entering safepoint region: Cleanup
[2019-12-09T08:16:10.214+0000][1][safepoint    ] Leaving safepoint region
[2019-12-09T08:16:10.214+0000][1][safepoint    ] Total time for which application threads were stopped: 0.0000648 seconds, Stopping threads took: 0.0000168 seconds
[2019-12-09T08:16:11.214+0000][1][safepoint    ] Application time: 1.0000752 seconds
[2019-12-09T08:16:11.214+0000][1][safepoint    ] Entering safepoint region: Cleanup
[2019-12-09T08:16:11.214+0000][1][safepoint    ] Leaving safepoint region
[2019-12-09T08:16:11.214+0000][1][safepoint    ] Total time for which application threads were stopped: 0.0000647 seconds, Stopping threads took: 0.0000158 seconds
[2019-12-09T08:16:12.215+0000][1][safepoint    ] Application time: 1.0000763 seconds
[2019-12-09T08:16:12.215+0000][1][safepoint    ] Entering safepoint region: Cleanup
[2019-12-09T08:16:12.215+0000][1][safepoint    ] Leaving safepoint region
[2019-12-09T08:16:12.215+0000][1][safepoint    ] Total time for which application threads were stopped: 0.0000602 seconds, Stopping threads took: 0.0000144 seconds
[2019-12-09T08:16:13.215+0000][1][safepoint    ] Application time: 1.0000748 seconds
[2019-12-09T08:16:13.215+0000][1][safepoint    ] Entering safepoint region: Cleanup
[2019-12-09T08:16:13.215+0000][1][safepoint    ] Leaving safepoint region
[2019-12-09T08:16:13.215+0000][1][safepoint    ] Total time for which application threads were stopped: 0.0000640 seconds, Stopping threads took: 0.0000167 seconds
[2019-12-09T08:16:14.215+0000][1][safepoint    ] Application time: 1.0000744 seconds
[2019-12-09T08:16:14.215+0000][1][safepoint    ] Entering safepoint region: Cleanup
[2019-12-09T08:16:14.215+0000][1][safepoint    ] Leaving safepoint region
[2019-12-09T08:16:14.215+0000][1][safepoint    ] Total time for which application threads were stopped: 0.0000648 seconds, Stopping threads took: 0.0000160 seconds
[2019-12-09T08:16:15.215+0000][1][safepoint    ] Application time: 1.0000754 seconds
[2019-12-09T08:16:15.215+0000][1][safepoint    ] Entering safepoint region: Cleanup
[2019-12-09T08:16:15.215+0000][1][safepoint    ] Leaving safepoint region
[2019-12-09T08:16:15.215+0000][1][safepoint    ] Total time for which application threads were stopped: 0.0000659 seconds, Stopping threads took: 0.0000169 seconds
[2019-12-09T08:16:16.215+0000][1][safepoint    ] Application time: 1.0000809 seconds
[2019-12-09T08:16:16.215+0000][1][safepoint    ] Entering safepoint region: Cleanup
[2019-12-09T08:16:16.215+0000][1][safepoint    ] Leaving safepoint region
[2019-12-09T08:16:16.215+0000][1][safepoint    ] Total time for which application threads were stopped: 0.0000657 seconds, Stopping threads took: 0.0000175 seconds
[2019-12-09T08:16:17.215+0000][1][safepoint    ] Application time: 1.0000750 seconds
[2019-12-09T08:16:17.215+0000][1][safepoint    ] Entering safepoint region: Cleanup
[2019-12-09T08:16:17.216+0000][1][safepoint    ] Leaving safepoint region
[2019-12-09T08:16:17.216+0000][1][safepoint    ] Total time for which application threads were stopped: 0.0000648 seconds, Stopping threads took: 0.0000160 seconds
[2019-12-09T08:16:18.216+0000][1][safepoint    ] Application time: 1.0000743 seconds
[2019-12-09T08:16:18.216+0000][1][safepoint    ] Entering safepoint region: Cleanup
[2019-12-09T08:16:18.216+0000][1][safepoint    ] Leaving safepoint region
[2019-12-09T08:16:18.216+0000][1][safepoint    ] Total time for which application threads were stopped: 0.0000717 seconds, Stopping threads took: 0.0000159 seconds
[2019-12-09T08:16:19.216+0000][1][safepoint    ] Application time: 1.0000748 seconds
[2019-12-09T08:16:19.216+0000][1][safepoint    ] Entering safepoint region: Cleanup
[2019-12-09T08:16:19.216+0000][1][safepoint    ] Leaving safepoint region
[2019-12-09T08:16:19.216+0000][1][safepoint    ] Total time for which application threads were stopped: 0.0000627 seconds, Stopping threads took: 0.0000151 seconds
[2019-12-09T08:16:20.216+0000][1][safepoint    ] Application time: 1.0000742 seconds
[2019-12-09T08:16:20.216+0000][1][safepoint    ] Entering safepoint region: Cleanup
[2019-12-09T08:16:20.216+0000][1][safepoint    ] Leaving safepoint region
[2019-12-09T08:16:20.216+0000][1][safepoint    ] Total time for which application threads were stopped: 0.0000605 seconds, Stopping threads took: 0.0000152 seconds
[2019-12-09T08:16:21.216+0000][1][safepoint    ] Application time: 1.0000735 seconds
[2019-12-09T08:16:21.216+0000][1][safepoint    ] Entering safepoint region: Cleanup
[2019-12-09T08:16:21.216+0000][1][safepoint    ] Leaving safepoint region
[2019-12-09T08:16:21.216+0000][1][safepoint    ] Total time for which application threads were stopped: 0.0000613 seconds, Stopping threads took: 0.0000143 seconds
[2019-12-09T08:16:22.216+0000][1][safepoint    ] Application time: 1.0000743 seconds
[2019-12-09T08:16:22.216+0000][1][safepoint    ] Entering safepoint region: Cleanup
[2019-12-09T08:16:22.216+0000][1][safepoint    ] Leaving safepoint region
[2019-12-09T08:16:22.216+0000][1][safepoint    ] Total time for which application threads were stopped: 0.0000614 seconds, Stopping threads took: 0.0000164 seconds
[2019-12-09T08:16:23.216+0000][1][safepoint    ] Application time: 1.0000755 seconds
[2019-12-09T08:16:23.216+0000][1][safepoint    ] Entering safepoint region: Cleanup
[2019-12-09T08:16:23.217+0000][1][safepoint    ] Leaving safepoint region
[2019-12-09T08:16:23.217+0000][1][safepoint    ] Total time for which application threads were stopped: 0.0000646 seconds, Stopping threads took: 0.0000168 seconds
[2019-12-09T08:16:24.217+0000][1][safepoint    ] Application time: 1.0000749 seconds
[2019-12-09T08:16:24.217+0000][1][safepoint    ] Entering safepoint region: Cleanup
[2019-12-09T08:16:24.217+0000][1][safepoint    ] Leaving safepoint region
[2019-12-09T08:16:24.217+0000][1][safepoint    ] Total time for which application threads were stopped: 0.0000761 seconds, Stopping threads took: 0.0000168 seconds
[2019-12-09T08:16:25.217+0000][1][safepoint    ] Application time: 1.0000751 seconds
[2019-12-09T08:16:25.217+0000][1][safepoint    ] Entering safepoint region: Cleanup
[2019-12-09T08:16:25.217+0000][1][safepoint    ] Leaving safepoint region
[2019-12-09T08:16:25.217+0000][1][safepoint    ] Total time for which application threads were stopped: 0.0000657 seconds, Stopping threads took: 0.0000162 seconds
[2019-12-09T08:16:26.217+0000][1][safepoint    ] Application time: 1.0000766 seconds
[2019-12-09T08:16:26.217+0000][1][safepoint    ] Entering safepoint region: Cleanup
[2019-12-09T08:16:26.217+0000][1][safepoint    ] Leaving safepoint region
[2019-12-09T08:16:26.217+0000][1][safepoint    ] Total time for which application threads were stopped: 0.0000663 seconds, Stopping threads took: 0.0000158 seconds
[2019-12-09T08:16:27.217+0000][1][safepoint    ] Application time: 1.0000747 seconds
[2019-12-09T08:16:27.217+0000][1][safepoint    ] Entering safepoint region: Cleanup
[2019-12-09T08:16:27.217+0000][1][safepoint    ] Leaving safepoint region
[2019-12-09T08:16:27.217+0000][1][safepoint    ] Total time for which application threads were stopped: 0.0000674 seconds, Stopping threads took: 0.0000171 seconds
[2019-12-09T08:16:28.217+0000][1][safepoint    ] Application time: 1.0000754 seconds
[2019-12-09T08:16:28.217+0000][1][safepoint    ] Entering safepoint region: Cleanup
[2019-12-09T08:16:28.217+0000][1][safepoint    ] Leaving safepoint region
[2019-12-09T08:16:28.217+0000][1][safepoint    ] Total time for which application threads were stopped: 0.0000656 seconds, Stopping threads took: 0.0000167 seconds
[2019-12-09T08:16:29.218+0000][1][safepoint    ] Application time: 1.0000750 seconds
[2019-12-09T08:16:29.218+0000][1][safepoint    ] Entering safepoint region: Cleanup
[2019-12-09T08:16:29.218+0000][1][safepoint    ] Leaving safepoint region
[2019-12-09T08:16:29.218+0000][1][safepoint    ] Total time for which application threads were stopped: 0.0000659 seconds, Stopping threads took: 0.0000169 seconds
[2019-12-09T08:16:30.218+0000][1][safepoint    ] Application time: 1.0000749 seconds
[2019-12-09T08:16:30.218+0000][1][safepoint    ] Entering safepoint region: Cleanup
[2019-12-09T08:16:30.218+0000][1][safepoint    ] Leaving safepoint region
[2019-12-09T08:16:30.218+0000][1][safepoint    ] Total time for which application threads were stopped: 0.0000693 seconds, Stopping threads took: 0.0000176 seconds
[2019-12-09T08:16:31.218+0000][1][safepoint    ] Application time: 1.0000737 seconds
[2019-12-09T08:16:31.218+0000][1][safepoint    ] Entering safepoint region: Cleanup
[2019-12-09T08:16:31.218+0000][1][safepoint    ] Leaving safepoint region
[2019-12-09T08:16:31.218+0000][1][safepoint    ] Total time for which application threads were stopped: 0.0000645 seconds, Stopping threads took: 0.0000167 seconds
[2019-12-09T08:16:32.218+0000][1][safepoint    ] Application time: 1.0000749 seconds
[2019-12-09T08:16:32.218+0000][1][safepoint    ] Entering safepoint region: Cleanup
[2019-12-09T08:16:32.218+0000][1][safepoint    ] Leaving safepoint region
[2019-12-09T08:16:32.218+0000][1][safepoint    ] Total time for which application threads were stopped: 0.0000715 seconds, Stopping threads took: 0.0000236 seconds
[2019-12-09T08:16:33.218+0000][1][safepoint    ] Application time: 1.0000751 seconds
[2019-12-09T08:16:33.218+0000][1][safepoint    ] Entering safepoint region: Cleanup
[2019-12-09T08:16:33.218+0000][1][safepoint    ] Leaving safepoint region
[2019-12-09T08:16:33.218+0000][1][safepoint    ] Total time for which application threads were stopped: 0.0000639 seconds, Stopping threads took: 0.0000164 seconds
[2019-12-09T08:16:34.218+0000][1][safepoint    ] Application time: 1.0000742 seconds
[2019-12-09T08:16:34.219+0000][1][safepoint    ] Entering safepoint region: Cleanup
[2019-12-09T08:16:34.219+0000][1][safepoint    ] Leaving safepoint region
[2019-12-09T08:16:34.219+0000][1][safepoint    ] Total time for which application threads were stopped: 0.0000665 seconds, Stopping threads took: 0.0000156 seconds
[2019-12-09T08:16:35.219+0000][1][safepoint    ] Application time: 1.0000743 seconds
[2019-12-09T08:16:35.219+0000][1][safepoint    ] Entering safepoint region: Cleanup
[2019-12-09T08:16:35.219+0000][1][safepoint    ] Leaving safepoint region
[2019-12-09T08:16:35.219+0000][1][safepoint    ] Total time for which application threads were stopped: 0.0000760 seconds, Stopping threads took: 0.0000277 seconds
[2019-12-09T08:16:36.219+0000][1][safepoint    ] Application time: 1.0000738 seconds
[2019-12-09T08:16:36.219+0000][1][safepoint    ] Entering safepoint region: Cleanup
[2019-12-09T08:16:36.219+0000][1][safepoint    ] Leaving safepoint region
[2019-12-09T08:16:36.219+0000][1][safepoint    ] Total time for which application threads were stopped: 0.0000661 seconds, Stopping threads took: 0.0000161 seconds
[2019-12-09T08:16:37.219+0000][1][safepoint    ] Application time: 1.0000758 seconds
[2019-12-09T08:16:37.219+0000][1][safepoint    ] Entering safepoint region: Cleanup
[2019-12-09T08:16:37.219+0000][1][safepoint    ] Leaving safepoint region
[2019-12-09T08:16:37.219+0000][1][safepoint    ] Total time for which application threads were stopped: 0.0000665 seconds, Stopping threads took: 0.0000163 seconds
[2019-12-09T08:16:38.219+0000][1][safepoint    ] Application time: 1.0000756 seconds
[2019-12-09T08:16:38.219+0000][1][safepoint    ] Entering safepoint region: Cleanup
[2019-12-09T08:16:38.219+0000][1][safepoint    ] Leaving safepoint region
[2019-12-09T08:16:38.219+0000][1][safepoint    ] Total time for which application threads were stopped: 0.0000667 seconds, Stopping threads took: 0.0000167 seconds
[2019-12-09T08:16:39.219+0000][1][safepoint    ] Application time: 1.0000771 seconds
[2019-12-09T08:16:39.219+0000][1][safepoint    ] Entering safepoint region: Cleanup
[2019-12-09T08:16:39.219+0000][1][safepoint    ] Leaving safepoint region
[2019-12-09T08:16:39.219+0000][1][safepoint    ] Total time for which application threads were stopped: 0.0000690 seconds, Stopping threads took: 0.0000181 seconds
[2019-12-09T08:16:40.220+0000][1][safepoint    ] Application time: 1.0000766 seconds
[2019-12-09T08:16:40.220+0000][1][safepoint    ] Entering safepoint region: Cleanup
[2019-12-09T08:16:40.220+0000][1][safepoint    ] Leaving safepoint region
[2019-12-09T08:16:40.220+0000][1][safepoint    ] Total time for which application threads were stopped: 0.0000657 seconds, Stopping threads took: 0.0000155 seconds
[2019-12-09T08:16:41.220+0000][1][safepoint    ] Application time: 1.0000855 seconds
[2019-12-09T08:16:41.220+0000][1][safepoint    ] Entering safepoint region: Cleanup
[2019-12-09T08:16:41.220+0000][1][safepoint    ] Leaving safepoint region
[2019-12-09T08:16:41.220+0000][1][safepoint    ] Total time for which application threads were stopped: 0.0000684 seconds, Stopping threads took: 0.0000172 seconds
[2019-12-09T08:16:42.220+0000][1][safepoint    ] Application time: 1.0000778 seconds
[2019-12-09T08:16:42.220+0000][1][safepoint    ] Entering safepoint region: Cleanup
[2019-12-09T08:16:42.220+0000][1][safepoint    ] Leaving safepoint region
[2019-12-09T08:16:42.220+0000][1][safepoint    ] Total time for which application threads were stopped: 0.0000667 seconds, Stopping threads took: 0.0000162 seconds
[2019-12-09T08:16:43.220+0000][1][safepoint    ] Application time: 1.0000765 seconds
[2019-12-09T08:16:43.220+0000][1][safepoint    ] Entering safepoint region: Cleanup
[2019-12-09T08:16:43.220+0000][1][safepoint    ] Leaving safepoint region
[2019-12-09T08:16:43.220+0000][1][safepoint    ] Total time for which application threads were stopped: 0.0000664 seconds, Stopping threads took: 0.0000170 seconds
[2019-12-09T08:16:44.220+0000][1][safepoint    ] Application time: 1.0000775 seconds
[2019-12-09T08:16:44.220+0000][1][safepoint    ] Entering safepoint region: Cleanup
[2019-12-09T08:16:44.220+0000][1][safepoint    ] Leaving safepoint region
[2019-12-09T08:16:44.220+0000][1][safepoint    ] Total time for which application threads were stopped: 0.0000668 seconds, Stopping threads took: 0.0000167 seconds
[2019-12-09T08:16:45.220+0000][1][safepoint    ] Application time: 1.0000765 seconds
[2019-12-09T08:16:45.221+0000][1][safepoint    ] Entering safepoint region: Cleanup
[2019-12-09T08:16:45.221+0000][1][safepoint    ] Leaving safepoint region
[2019-12-09T08:16:45.221+0000][1][safepoint    ] Total time for which application threads were stopped: 0.0000658 seconds, Stopping threads took: 0.0000170 seconds
[2019-12-09T08:16:46.221+0000][1][safepoint    ] Application time: 1.0000876 seconds
[2019-12-09T08:16:46.221+0000][1][safepoint    ] Entering safepoint region: Cleanup
[2019-12-09T08:16:46.221+0000][1][safepoint    ] Leaving safepoint region
[2019-12-09T08:16:46.221+0000][1][safepoint    ] Total time for which application threads were stopped: 0.0000658 seconds, Stopping threads took: 0.0000172 seconds
[2019-12-09T08:16:47.221+0000][1][safepoint    ] Application time: 1.0000745 seconds
[2019-12-09T08:16:47.221+0000][1][safepoint    ] Entering safepoint region: Cleanup
[2019-12-09T08:16:47.221+0000][1][safepoint    ] Leaving safepoint region
[2019-12-09T08:16:47.221+0000][1][safepoint    ] Total time for which application threads were stopped: 0.0000672 seconds, Stopping threads took: 0.0000168 seconds
[2019-12-09T08:16:48.221+0000][1][safepoint    ] Application time: 1.0000767 seconds
[2019-12-09T08:16:48.221+0000][1][safepoint    ] Entering safepoint region: Cleanup
[2019-12-09T08:16:48.221+0000][1][safepoint    ] Leaving safepoint region
[2019-12-09T08:16:48.221+0000][1][safepoint    ] Total time for which application threads were stopped: 0.0000701 seconds, Stopping threads took: 0.0000169 seconds
[2019-12-09T08:16:49.221+0000][1][safepoint    ] Application time: 1.0000767 seconds
[2019-12-09T08:16:49.221+0000][1][safepoint    ] Entering safepoint region: Cleanup
[2019-12-09T08:16:49.221+0000][1][safepoint    ] Leaving safepoint region
[2019-12-09T08:16:49.221+0000][1][safepoint    ] Total time for which application threads were stopped: 0.0000647 seconds, Stopping threads took: 0.0000163 seconds
[2019-12-09T08:16:50.221+0000][1][safepoint    ] Application time: 1.0000762 seconds
[2019-12-09T08:16:50.221+0000][1][safepoint    ] Entering safepoint region: Cleanup
[2019-12-09T08:16:50.222+0000][1][safepoint    ] Leaving safepoint region
[2019-12-09T08:16:50.222+0000][1][safepoint    ] Total time for which application threads were stopped: 0.0000656 seconds, Stopping threads took: 0.0000159 seconds
[2019-12-09T08:16:51.222+0000][1][safepoint    ] Application time: 1.0000760 seconds
[2019-12-09T08:16:51.222+0000][1][safepoint    ] Entering safepoint region: Cleanup
[2019-12-09T08:16:51.222+0000][1][safepoint    ] Leaving safepoint region
[2019-12-09T08:16:51.222+0000][1][safepoint    ] Total time for which application threads were stopped: 0.0000831 seconds, Stopping threads took: 0.0000180 seconds
[2019-12-09T08:16:52.222+0000][1][safepoint    ] Application time: 1.0000762 seconds
[2019-12-09T08:16:52.222+0000][1][safepoint    ] Entering safepoint region: Cleanup
[2019-12-09T08:16:52.222+0000][1][safepoint    ] Leaving safepoint region
[2019-12-09T08:16:52.222+0000][1][safepoint    ] Total time for which application threads were stopped: 0.0000685 seconds, Stopping threads took: 0.0000186 seconds
[2019-12-09T08:16:53.222+0000][1][safepoint    ] Application time: 1.0000768 seconds
[2019-12-09T08:16:53.222+0000][1][safepoint    ] Entering safepoint region: Cleanup
[2019-12-09T08:16:53.222+0000][1][safepoint    ] Leaving safepoint region
[2019-12-09T08:16:53.222+0000][1][safepoint    ] Total time for which application threads were stopped: 0.0000665 seconds, Stopping threads took: 0.0000173 seconds
[2019-12-09T08:16:54.222+0000][1][safepoint    ] Application time: 1.0000772 seconds
[2019-12-09T08:16:54.222+0000][1][safepoint    ] Entering safepoint region: Cleanup
[2019-12-09T08:16:54.222+0000][1][safepoint    ] Leaving safepoint region
[2019-12-09T08:16:54.222+0000][1][safepoint    ] Total time for which application threads were stopped: 0.0000663 seconds, Stopping threads took: 0.0000168 seconds
[2019-12-09T08:16:55.222+0000][1][safepoint    ] Application time: 1.0000772 seconds
[2019-12-09T08:16:55.222+0000][1][safepoint    ] Entering safepoint region: Cleanup
[2019-12-09T08:16:55.222+0000][1][safepoint    ] Leaving safepoint region
[2019-12-09T08:16:55.222+0000][1][safepoint    ] Total time for which application threads were stopped: 0.0000677 seconds, Stopping threads took: 0.0000171 seconds
[2019-12-09T08:16:56.223+0000][1][safepoint    ] Application time: 1.0000422 seconds
[2019-12-09T08:16:56.223+0000][1][safepoint    ] Entering safepoint region: Cleanup
[2019-12-09T08:16:56.223+0000][1][safepoint    ] Leaving safepoint region
[2019-12-09T08:16:56.223+0000][1][safepoint    ] Total time for which application threads were stopped: 0.0000690 seconds, Stopping threads took: 0.0000176 seconds
[2019-12-09T08:16:57.223+0000][1][safepoint    ] Application time: 1.0000778 seconds
[2019-12-09T08:16:57.223+0000][1][safepoint    ] Entering safepoint region: Cleanup
[2019-12-09T08:16:57.223+0000][1][safepoint    ] Leaving safepoint region
[2019-12-09T08:16:57.223+0000][1][safepoint    ] Total time for which application threads were stopped: 0.0000700 seconds, Stopping threads took: 0.0000179 seconds
[2019-12-09T08:16:58.223+0000][1][safepoint    ] Application time: 1.0000778 seconds
[2019-12-09T08:16:58.223+0000][1][safepoint    ] Entering safepoint region: Cleanup
[2019-12-09T08:16:58.223+0000][1][safepoint    ] Leaving safepoint region
[2019-12-09T08:16:58.223+0000][1][safepoint    ] Total time for which application threads were stopped: 0.0000681 seconds, Stopping threads took: 0.0000176 seconds
[2019-12-09T08:16:59.223+0000][1][safepoint    ] Application time: 1.0000765 seconds
[2019-12-09T08:16:59.223+0000][1][safepoint    ] Entering safepoint region: Cleanup
[2019-12-09T08:16:59.223+0000][1][safepoint    ] Leaving safepoint region
[2019-12-09T08:16:59.223+0000][1][safepoint    ] Total time for which application threads were stopped: 0.0000700 seconds, Stopping threads took: 0.0000184 seconds
[2019-12-09T08:17:00.223+0000][1][safepoint    ] Application time: 1.0000754 seconds
[2019-12-09T08:17:00.223+0000][1][safepoint    ] Entering safepoint region: Cleanup
[2019-12-09T08:17:00.223+0000][1][safepoint    ] Leaving safepoint region
[2019-12-09T08:17:00.223+0000][1][safepoint    ] Total time for which application threads were stopped: 0.0000669 seconds, Stopping threads took: 0.0000170 seconds
[2019-12-09T08:17:01.224+0000][1][safepoint    ] Application time: 1.0000726 seconds
[2019-12-09T08:17:01.224+0000][1][safepoint    ] Entering safepoint region: Cleanup
[2019-12-09T08:17:01.224+0000][1][safepoint    ] Leaving safepoint region
[2019-12-09T08:17:01.224+0000][1][safepoint    ] Total time for which application threads were stopped: 0.0000674 seconds, Stopping threads took: 0.0000174 seconds
[2019-12-09T08:17:02.224+0000][1][safepoint    ] Application time: 1.0000755 seconds
[2019-12-09T08:17:02.224+0000][1][safepoint    ] Entering safepoint region: Cleanup
[2019-12-09T08:17:02.224+0000][1][safepoint    ] Leaving safepoint region
[2019-12-09T08:17:02.224+0000][1][safepoint    ] Total time for which application threads were stopped: 0.0000761 seconds, Stopping threads took: 0.0000244 seconds
[2019-12-09T08:17:03.224+0000][1][safepoint    ] Application time: 1.0000764 seconds
[2019-12-09T08:17:03.224+0000][1][safepoint    ] Entering safepoint region: Cleanup
[2019-12-09T08:17:03.224+0000][1][safepoint    ] Leaving safepoint region
[2019-12-09T08:17:03.224+0000][1][safepoint    ] Total time for which application threads were stopped: 0.0000693 seconds, Stopping threads took: 0.0000173 seconds
[2019-12-09T08:17:04.224+0000][1][safepoint    ] Application time: 1.0000759 seconds
[2019-12-09T08:17:04.224+0000][1][safepoint    ] Entering safepoint region: Cleanup
[2019-12-09T08:17:04.224+0000][1][safepoint    ] Leaving safepoint region
[2019-12-09T08:17:04.224+0000][1][safepoint    ] Total time for which application threads were stopped: 0.0000674 seconds, Stopping threads took: 0.0000178 seconds
[2019-12-09T08:17:05.224+0000][1][safepoint    ] Application time: 1.0000755 seconds
[2019-12-09T08:17:05.224+0000][1][safepoint    ] Entering safepoint region: Cleanup
[2019-12-09T08:17:05.224+0000][1][safepoint    ] Leaving safepoint region
[2019-12-09T08:17:05.224+0000][1][safepoint    ] Total time for which application threads were stopped: 0.0000684 seconds, Stopping threads took: 0.0000174 seconds
[2019-12-09T08:17:06.224+0000][1][safepoint    ] Application time: 1.0000772 seconds
[2019-12-09T08:17:06.225+0000][1][safepoint    ] Entering safepoint region: Cleanup
[2019-12-09T08:17:06.225+0000][1][safepoint    ] Leaving safepoint region
[2019-12-09T08:17:06.225+0000][1][safepoint    ] Total time for which application threads were stopped: 0.0000679 seconds, Stopping threads took: 0.0000166 seconds
[2019-12-09T08:17:07.225+0000][1][safepoint    ] Application time: 1.0000773 seconds
[2019-12-09T08:17:07.225+0000][1][safepoint    ] Entering safepoint region: Cleanup
[2019-12-09T08:17:07.225+0000][1][safepoint    ] Leaving safepoint region
[2019-12-09T08:17:07.225+0000][1][safepoint    ] Total time for which application threads were stopped: 0.0000748 seconds, Stopping threads took: 0.0000242 seconds
[2019-12-09T08:17:08.225+0000][1][safepoint    ] Application time: 1.0000382 seconds
[2019-12-09T08:17:08.225+0000][1][safepoint    ] Entering safepoint region: Cleanup
[2019-12-09T08:17:08.225+0000][1][safepoint    ] Leaving safepoint region
[2019-12-09T08:17:08.225+0000][1][safepoint    ] Total time for which application threads were stopped: 0.0000679 seconds, Stopping threads took: 0.0000177 seconds
[2019-12-09T08:17:09.225+0000][1][safepoint    ] Application time: 1.0000742 seconds
[2019-12-09T08:17:09.225+0000][1][safepoint    ] Entering safepoint region: Cleanup
[2019-12-09T08:17:09.225+0000][1][safepoint    ] Leaving safepoint region
[2019-12-09T08:17:09.225+0000][1][safepoint    ] Total time for which application threads were stopped: 0.0000674 seconds, Stopping threads took: 0.0000166 seconds
[2019-12-09T08:17:10.225+0000][1][safepoint    ] Application time: 1.0000753 seconds
[2019-12-09T08:17:10.225+0000][1][safepoint    ] Entering safepoint region: Cleanup
[2019-12-09T08:17:10.225+0000][1][safepoint    ] Leaving safepoint region
[2019-12-09T08:17:10.225+0000][1][safepoint    ] Total time for which application threads were stopped: 0.0000677 seconds, Stopping threads took: 0.0000172 seconds
[2019-12-09T08:17:11.225+0000][1][safepoint    ] Application time: 1.0000754 seconds
[2019-12-09T08:17:11.225+0000][1][safepoint    ] Entering safepoint region: Cleanup
[2019-12-09T08:17:11.226+0000][1][safepoint    ] Leaving safepoint region
[2019-12-09T08:17:11.226+0000][1][safepoint    ] Total time for which application threads were stopped: 0.0000647 seconds, Stopping threads took: 0.0000161 seconds
[2019-12-09T08:17:12.226+0000][1][safepoint    ] Application time: 1.0000751 seconds
[2019-12-09T08:17:12.226+0000][1][safepoint    ] Entering safepoint region: Cleanup
[2019-12-09T08:17:12.226+0000][1][safepoint    ] Leaving safepoint region
[2019-12-09T08:17:12.226+0000][1][safepoint    ] Total time for which application threads were stopped: 0.0000763 seconds, Stopping threads took: 0.0000162 seconds
[2019-12-09T08:17:13.226+0000][1][safepoint    ] Application time: 1.0000741 seconds
[2019-12-09T08:17:13.226+0000][1][safepoint    ] Entering safepoint region: Cleanup
[2019-12-09T08:17:13.226+0000][1][safepoint    ] Leaving safepoint region
[2019-12-09T08:17:13.226+0000][1][safepoint    ] Total time for which application threads were stopped: 0.0000690 seconds, Stopping threads took: 0.0000180 seconds
[2019-12-09T08:17:14.226+0000][1][safepoint    ] Application time: 1.0000766 seconds
[2019-12-09T08:17:14.226+0000][1][safepoint    ] Entering safepoint region: Cleanup
[2019-12-09T08:17:14.226+0000][1][safepoint    ] Leaving safepoint region
[2019-12-09T08:17:14.226+0000][1][safepoint    ] Total time for which application threads were stopped: 0.0000658 seconds, Stopping threads took: 0.0000166 seconds
[2019-12-09T08:17:15.226+0000][1][safepoint    ] Application time: 1.0000767 seconds
[2019-12-09T08:17:15.226+0000][1][safepoint    ] Entering safepoint region: Cleanup
[2019-12-09T08:17:15.226+0000][1][safepoint    ] Leaving safepoint region
[2019-12-09T08:17:15.226+0000][1][safepoint    ] Total time for which application threads were stopped: 0.0000678 seconds, Stopping threads took: 0.0000174 seconds
[2019-12-09T08:17:16.226+0000][1][safepoint    ] Application time: 1.0000752 seconds
[2019-12-09T08:17:16.226+0000][1][safepoint    ] Entering safepoint region: Cleanup
[2019-12-09T08:17:16.226+0000][1][safepoint    ] Leaving safepoint region
[2019-12-09T08:17:16.226+0000][1][safepoint    ] Total time for which application threads were stopped: 0.0000675 seconds, Stopping threads took: 0.0000174 seconds
[2019-12-09T08:17:17.227+0000][1][safepoint    ] Application time: 1.0000775 seconds
[2019-12-09T08:17:17.227+0000][1][safepoint    ] Entering safepoint region: Cleanup
[2019-12-09T08:17:17.227+0000][1][safepoint    ] Leaving safepoint region
[2019-12-09T08:17:17.227+0000][1][safepoint    ] Total time for which application threads were stopped: 0.0000899 seconds, Stopping threads took: 0.0000265 seconds
[2019-12-09T08:17:18.227+0000][1][safepoint    ] Application time: 1.0000757 seconds
[2019-12-09T08:17:18.227+0000][1][safepoint    ] Entering safepoint region: Cleanup
[2019-12-09T08:17:18.227+0000][1][safepoint    ] Leaving safepoint region
[2019-12-09T08:17:18.227+0000][1][safepoint    ] Total time for which application threads were stopped: 0.0000676 seconds, Stopping threads took: 0.0000171 seconds
[2019-12-09T08:17:19.227+0000][1][safepoint    ] Application time: 1.0000756 seconds
[2019-12-09T08:17:19.227+0000][1][safepoint    ] Entering safepoint region: Cleanup
[2019-12-09T08:17:19.227+0000][1][safepoint    ] Leaving safepoint region
[2019-12-09T08:17:19.227+0000][1][safepoint    ] Total time for which application threads were stopped: 0.0000688 seconds, Stopping threads took: 0.0000198 seconds
[2019-12-09T08:17:20.227+0000][1][safepoint    ] Application time: 1.0000756 seconds
[2019-12-09T08:17:20.227+0000][1][safepoint    ] Entering safepoint region: Cleanup
[2019-12-09T08:17:20.227+0000][1][safepoint    ] Leaving safepoint region
[2019-12-09T08:17:20.227+0000][1][safepoint    ] Total time for which application threads were stopped: 0.0000677 seconds, Stopping threads took: 0.0000166 seconds
[2019-12-09T08:17:21.227+0000][1][safepoint    ] Application time: 1.0000755 seconds
[2019-12-09T08:17:21.227+0000][1][safepoint    ] Entering safepoint region: Cleanup
[2019-12-09T08:17:21.227+0000][1][safepoint    ] Leaving safepoint region
[2019-12-09T08:17:21.227+0000][1][safepoint    ] Total time for which application threads were stopped: 0.0000695 seconds, Stopping threads took: 0.0000184 seconds
[2019-12-09T08:17:22.228+0000][1][safepoint    ] Application time: 1.0000766 seconds
[2019-12-09T08:17:22.228+0000][1][safepoint    ] Entering safepoint region: Cleanup
[2019-12-09T08:17:22.228+0000][1][safepoint    ] Leaving safepoint region
[2019-12-09T08:17:22.228+0000][1][safepoint    ] Total time for which application threads were stopped: 0.0000696 seconds, Stopping threads took: 0.0000170 seconds
[2019-12-09T08:17:23.228+0000][1][safepoint    ] Application time: 1.0000755 seconds
[2019-12-09T08:17:23.228+0000][1][safepoint    ] Entering safepoint region: Cleanup
[2019-12-09T08:17:23.228+0000][1][safepoint    ] Leaving safepoint region
[2019-12-09T08:17:23.228+0000][1][safepoint    ] Total time for which application threads were stopped: 0.0000681 seconds, Stopping threads took: 0.0000171 seconds
[2019-12-09T08:17:24.228+0000][1][safepoint    ] Application time: 1.0000755 seconds
[2019-12-09T08:17:24.228+0000][1][safepoint    ] Entering safepoint region: Cleanup
[2019-12-09T08:17:24.228+0000][1][safepoint    ] Leaving safepoint region
[2019-12-09T08:17:24.228+0000][1][safepoint    ] Total time for which application threads were stopped: 0.0000772 seconds, Stopping threads took: 0.0000178 seconds
[2019-12-09T08:17:25.228+0000][1][safepoint    ] Application time: 1.0000758 seconds
[2019-12-09T08:17:25.228+0000][1][safepoint    ] Entering safepoint region: Cleanup
[2019-12-09T08:17:25.228+0000][1][safepoint    ] Leaving safepoint region
[2019-12-09T08:17:25.228+0000][1][safepoint    ] Total time for which application threads were stopped: 0.0000658 seconds, Stopping threads took: 0.0000167 seconds
[2019-12-09T08:17:26.228+0000][1][safepoint    ] Application time: 1.0000769 seconds
[2019-12-09T08:17:26.228+0000][1][safepoint    ] Entering safepoint region: Cleanup
[2019-12-09T08:17:26.228+0000][1][safepoint    ] Leaving safepoint region
[2019-12-09T08:17:26.228+0000][1][safepoint    ] Total time for which application threads were stopped: 0.0000706 seconds, Stopping threads took: 0.0000194 seconds
[2019-12-09T08:17:27.229+0000][1][safepoint    ] Application time: 1.0000769 seconds
[2019-12-09T08:17:27.229+0000][1][safepoint    ] Entering safepoint region: Cleanup
[2019-12-09T08:17:27.229+0000][1][safepoint    ] Leaving safepoint region
[2019-12-09T08:17:27.229+0000][1][safepoint    ] Total time for which application threads were stopped: 0.0000766 seconds, Stopping threads took: 0.0000243 seconds
[2019-12-09T08:17:28.229+0000][1][safepoint    ] Application time: 1.0000772 seconds
[2019-12-09T08:17:28.229+0000][1][safepoint    ] Entering safepoint region: Cleanup
[2019-12-09T08:17:28.229+0000][1][safepoint    ] Leaving safepoint region
[2019-12-09T08:17:28.229+0000][1][safepoint    ] Total time for which application threads were stopped: 0.0000679 seconds, Stopping threads took: 0.0000178 seconds
[2019-12-09T08:17:29.229+0000][1][safepoint    ] Application time: 1.0000757 seconds
[2019-12-09T08:17:29.229+0000][1][safepoint    ] Entering safepoint region: Cleanup
[2019-12-09T08:17:29.229+0000][1][safepoint    ] Leaving safepoint region
[2019-12-09T08:17:29.229+0000][1][safepoint    ] Total time for which application threads were stopped: 0.0000662 seconds, Stopping threads took: 0.0000179 seconds
[2019-12-09T08:17:30.229+0000][1][safepoint    ] Application time: 1.0000776 seconds
[2019-12-09T08:17:30.229+0000][1][safepoint    ] Entering safepoint region: Cleanup
[2019-12-09T08:17:30.229+0000][1][safepoint    ] Leaving safepoint region
[2019-12-09T08:17:30.229+0000][1][safepoint    ] Total time for which application threads were stopped: 0.0000686 seconds, Stopping threads took: 0.0000168 seconds
[2019-12-09T08:17:31.229+0000][1][safepoint    ] Application time: 1.0000760 seconds
[2019-12-09T08:17:31.229+0000][1][safepoint    ] Entering safepoint region: Cleanup
[2019-12-09T08:17:31.229+0000][1][safepoint    ] Leaving safepoint region
[2019-12-09T08:17:31.229+0000][1][safepoint    ] Total time for which application threads were stopped: 0.0000678 seconds, Stopping threads took: 0.0000167 seconds
[2019-12-09T08:17:32.229+0000][1][safepoint    ] Application time: 1.0000785 seconds
[2019-12-09T08:17:32.230+0000][1][safepoint    ] Entering safepoint region: Cleanup
[2019-12-09T08:17:32.230+0000][1][safepoint    ] Leaving safepoint region
[2019-12-09T08:17:32.230+0000][1][safepoint    ] Total time for which application threads were stopped: 0.0000756 seconds, Stopping threads took: 0.0000246 seconds
[2019-12-09T08:17:33.230+0000][1][safepoint    ] Application time: 1.0000763 seconds
[2019-12-09T08:17:33.230+0000][1][safepoint    ] Entering safepoint region: Cleanup
[2019-12-09T08:17:33.230+0000][1][safepoint    ] Leaving safepoint region
[2019-12-09T08:17:33.230+0000][1][safepoint    ] Total time for which application threads were stopped: 0.0000698 seconds, Stopping threads took: 0.0000188 seconds
[2019-12-09T08:17:34.230+0000][1][safepoint    ] Application time: 1.0000776 seconds
[2019-12-09T08:17:34.230+0000][1][safepoint    ] Entering safepoint region: Cleanup
[2019-12-09T08:17:34.230+0000][1][safepoint    ] Leaving safepoint region
[2019-12-09T08:17:34.230+0000][1][safepoint    ] Total time for which application threads were stopped: 0.0000676 seconds, Stopping threads took: 0.0000163 seconds
[2019-12-09T08:17:35.230+0000][1][safepoint    ] Application time: 1.0000760 seconds
[2019-12-09T08:17:35.230+0000][1][safepoint    ] Entering safepoint region: Cleanup
[2019-12-09T08:17:35.230+0000][1][safepoint    ] Leaving safepoint region
[2019-12-09T08:17:35.230+0000][1][safepoint    ] Total time for which application threads were stopped: 0.0000679 seconds, Stopping threads took: 0.0000169 seconds
[2019-12-09T08:17:36.230+0000][1][safepoint    ] Application time: 1.0000755 seconds
[2019-12-09T08:17:36.230+0000][1][safepoint    ] Entering safepoint region: Cleanup
[2019-12-09T08:17:36.230+0000][1][safepoint    ] Leaving safepoint region
[2019-12-09T08:17:36.230+0000][1][safepoint    ] Total time for which application threads were stopped: 0.0000768 seconds, Stopping threads took: 0.0000254 seconds
[2019-12-09T08:17:37.230+0000][1][safepoint    ] Application time: 1.0000408 seconds
[2019-12-09T08:17:37.230+0000][1][safepoint    ] Entering safepoint region: Cleanup
[2019-12-09T08:17:37.231+0000][1][safepoint    ] Leaving safepoint region
[2019-12-09T08:17:37.231+0000][1][safepoint    ] Total time for which application threads were stopped: 0.0000679 seconds, Stopping threads took: 0.0000181 seconds
[2019-12-09T08:17:38.231+0000][1][safepoint    ] Application time: 1.0000746 seconds
[2019-12-09T08:17:38.231+0000][1][safepoint    ] Entering safepoint region: Cleanup
[2019-12-09T08:17:38.231+0000][1][safepoint    ] Leaving safepoint region
[2019-12-09T08:17:38.231+0000][1][safepoint    ] Total time for which application threads were stopped: 0.0000807 seconds, Stopping threads took: 0.0000173 seconds
[2019-12-09T08:17:39.231+0000][1][safepoint    ] Application time: 1.0000781 seconds
[2019-12-09T08:17:39.231+0000][1][safepoint    ] Entering safepoint region: Cleanup
[2019-12-09T08:17:39.231+0000][1][safepoint    ] Leaving safepoint region
[2019-12-09T08:17:39.231+0000][1][safepoint    ] Total time for which application threads were stopped: 0.0000682 seconds, Stopping threads took: 0.0000187 seconds
[2019-12-09T08:17:40.231+0000][1][safepoint    ] Application time: 1.0000768 seconds
[2019-12-09T08:17:40.231+0000][1][safepoint    ] Entering safepoint region: Cleanup
[2019-12-09T08:17:40.231+0000][1][safepoint    ] Leaving safepoint region
[2019-12-09T08:17:40.231+0000][1][safepoint    ] Total time for which application threads were stopped: 0.0000687 seconds, Stopping threads took: 0.0000175 seconds
[2019-12-09T08:17:41.393+0000][1][safepoint    ] Application time: 1.1613930 seconds
[2019-12-09T08:17:41.393+0000][1][safepoint    ] Entering safepoint region: Cleanup
[2019-12-09T08:17:41.393+0000][1][safepoint    ] Leaving safepoint region
[2019-12-09T08:17:41.393+0000][1][safepoint    ] Total time for which application threads were stopped: 0.0000730 seconds, Stopping threads took: 0.0000189 seconds
[2019-12-09T08:17:42.393+0000][1][safepoint    ] Application time: 1.0000822 seconds
[2019-12-09T08:17:42.393+0000][1][safepoint    ] Entering safepoint region: Cleanup
[2019-12-09T08:17:42.393+0000][1][safepoint    ] Leaving safepoint region
[2019-12-09T08:17:42.393+0000][1][safepoint    ] Total time for which application threads were stopped: 0.0000601 seconds, Stopping threads took: 0.0000138 seconds
[2019-12-09T08:17:43.393+0000][1][safepoint    ] Application time: 1.0000742 seconds
[2019-12-09T08:17:43.393+0000][1][safepoint    ] Entering safepoint region: Cleanup
[2019-12-09T08:17:43.393+0000][1][safepoint    ] Leaving safepoint region
[2019-12-09T08:17:43.393+0000][1][safepoint    ] Total time for which application threads were stopped: 0.0000573 seconds, Stopping threads took: 0.0000131 seconds
[2019-12-09T08:17:44.393+0000][1][safepoint    ] Application time: 1.0000770 seconds
[2019-12-09T08:17:44.393+0000][1][safepoint    ] Entering safepoint region: Cleanup
[2019-12-09T08:17:44.393+0000][1][safepoint    ] Leaving safepoint region
[2019-12-09T08:17:44.393+0000][1][safepoint    ] Total time for which application threads were stopped: 0.0000695 seconds, Stopping threads took: 0.0000197 seconds
[2019-12-09T08:17:45.393+0000][1][safepoint    ] Application time: 1.0000798 seconds
[2019-12-09T08:17:45.393+0000][1][safepoint    ] Entering safepoint region: Cleanup
[2019-12-09T08:17:45.393+0000][1][safepoint    ] Leaving safepoint region
[2019-12-09T08:17:45.393+0000][1][safepoint    ] Total time for which application threads were stopped: 0.0000853 seconds, Stopping threads took: 0.0000194 seconds
[2019-12-09T08:17:46.393+0000][1][safepoint    ] Application time: 1.0000756 seconds
[2019-12-09T08:17:46.393+0000][1][safepoint    ] Entering safepoint region: Cleanup
[2019-12-09T08:17:46.394+0000][1][safepoint    ] Leaving safepoint region
[2019-12-09T08:17:46.394+0000][1][safepoint    ] Total time for which application threads were stopped: 0.0001098 seconds, Stopping threads took: 0.0000507 seconds
[2019-12-09T08:17:47.394+0000][1][safepoint    ] Application time: 1.0000744 seconds
[2019-12-09T08:17:47.394+0000][1][safepoint    ] Entering safepoint region: Cleanup
[2019-12-09T08:17:47.394+0000][1][safepoint    ] Leaving safepoint region
[2019-12-09T08:17:47.394+0000][1][safepoint    ] Total time for which application threads were stopped: 0.0000937 seconds, Stopping threads took: 0.0000340 seconds
[2019-12-09T08:17:48.394+0000][1][safepoint    ] Application time: 1.0000825 seconds
[2019-12-09T08:17:48.394+0000][1][safepoint    ] Entering safepoint region: Cleanup
[2019-12-09T08:17:48.394+0000][1][safepoint    ] Leaving safepoint region
[2019-12-09T08:17:48.394+0000][1][safepoint    ] Total time for which application threads were stopped: 0.0000793 seconds, Stopping threads took: 0.0000176 seconds
[2019-12-09T08:17:49.394+0000][1][safepoint    ] Application time: 1.0000765 seconds
[2019-12-09T08:17:49.394+0000][1][safepoint    ] Entering safepoint region: Cleanup
[2019-12-09T08:17:49.394+0000][1][safepoint    ] Leaving safepoint region
[2019-12-09T08:17:49.394+0000][1][safepoint    ] Total time for which application threads were stopped: 0.0000729 seconds, Stopping threads took: 0.0000145 seconds
[2019-12-09T08:17:50.394+0000][1][safepoint    ] Application time: 1.0000858 seconds
[2019-12-09T08:17:50.394+0000][1][safepoint    ] Entering safepoint region: Cleanup
[2019-12-09T08:17:50.394+0000][1][safepoint    ] Leaving safepoint region
[2019-12-09T08:17:50.394+0000][1][safepoint    ] Total time for which application threads were stopped: 0.0000834 seconds, Stopping threads took: 0.0000206 seconds
[2019-12-09T08:17:51.394+0000][1][safepoint    ] Application time: 1.0000919 seconds
[2019-12-09T08:17:51.395+0000][1][safepoint    ] Entering safepoint region: Cleanup
[2019-12-09T08:17:51.395+0000][1][safepoint    ] Leaving safepoint region
[2019-12-09T08:17:51.395+0000][1][safepoint    ] Total time for which application threads were stopped: 0.0000930 seconds, Stopping threads took: 0.0000170 seconds
[2019-12-09T08:17:52.395+0000][1][safepoint    ] Application time: 1.0000768 seconds
[2019-12-09T08:17:52.395+0000][1][safepoint    ] Entering safepoint region: Cleanup
[2019-12-09T08:17:52.395+0000][1][safepoint    ] Leaving safepoint region
[2019-12-09T08:17:52.395+0000][1][safepoint    ] Total time for which application threads were stopped: 0.0000664 seconds, Stopping threads took: 0.0000155 seconds
[2019-12-09T08:17:53.395+0000][1][safepoint    ] Application time: 1.0000787 seconds
[2019-12-09T08:17:53.395+0000][1][safepoint    ] Entering safepoint region: Cleanup
[2019-12-09T08:17:53.395+0000][1][safepoint    ] Leaving safepoint region
[2019-12-09T08:17:53.395+0000][1][safepoint    ] Total time for which application threads were stopped: 0.0000685 seconds, Stopping threads took: 0.0000162 seconds
[2019-12-09T08:17:54.395+0000][1][safepoint    ] Application time: 1.0000774 seconds
[2019-12-09T08:17:54.395+0000][1][safepoint    ] Entering safepoint region: Cleanup
[2019-12-09T08:17:54.395+0000][1][safepoint    ] Leaving safepoint region
[2019-12-09T08:17:54.395+0000][1][safepoint    ] Total time for which application threads were stopped: 0.0000664 seconds, Stopping threads took: 0.0000148 seconds
[2019-12-09T08:17:55.395+0000][1][safepoint    ] Application time: 1.0000864 seconds
[2019-12-09T08:17:55.395+0000][1][safepoint    ] Entering safepoint region: Cleanup
[2019-12-09T08:17:55.395+0000][1][safepoint    ] Leaving safepoint region
[2019-12-09T08:17:55.395+0000][1][safepoint    ] Total time for which application threads were stopped: 0.0001137 seconds, Stopping threads took: 0.0000574 seconds
[2019-12-09T08:17:56.396+0000][1][safepoint    ] Application time: 1.0000867 seconds
[2019-12-09T08:17:56.396+0000][1][safepoint    ] Entering safepoint region: Cleanup
[2019-12-09T08:17:56.396+0000][1][safepoint    ] Leaving safepoint region
[2019-12-09T08:17:56.396+0000][1][safepoint    ] Total time for which application threads were stopped: 0.0000780 seconds, Stopping threads took: 0.0000274 seconds
[2019-12-09T08:17:57.396+0000][1][safepoint    ] Application time: 1.0000764 seconds
[2019-12-09T08:17:57.396+0000][1][safepoint    ] Entering safepoint region: Cleanup
[2019-12-09T08:17:57.396+0000][1][safepoint    ] Leaving safepoint region
[2019-12-09T08:17:57.396+0000][1][safepoint    ] Total time for which application threads were stopped: 0.0000743 seconds, Stopping threads took: 0.0000247 seconds
[2019-12-09T08:17:58.396+0000][1][safepoint    ] Application time: 1.0000759 seconds
[2019-12-09T08:17:58.396+0000][1][safepoint    ] Entering safepoint region: Cleanup
[2019-12-09T08:17:58.396+0000][1][safepoint    ] Leaving safepoint region
[2019-12-09T08:17:58.396+0000][1][safepoint    ] Total time for which application threads were stopped: 0.0000657 seconds, Stopping threads took: 0.0000172 seconds
[2019-12-09T08:17:59.396+0000][1][safepoint    ] Application time: 1.0000766 seconds
[2019-12-09T08:17:59.396+0000][1][safepoint    ] Entering safepoint region: Cleanup
[2019-12-09T08:17:59.396+0000][1][safepoint    ] Leaving safepoint region
[2019-12-09T08:17:59.396+0000][1][safepoint    ] Total time for which application threads were stopped: 0.0000650 seconds, Stopping threads took: 0.0000169 seconds
[2019-12-09T08:18:00.396+0000][1][safepoint    ] Application time: 1.0000809 seconds
[2019-12-09T08:18:00.396+0000][1][safepoint    ] Entering safepoint region: Cleanup
[2019-12-09T08:18:00.396+0000][1][safepoint    ] Leaving safepoint region
[2019-12-09T08:18:00.396+0000][1][safepoint    ] Total time for which application threads were stopped: 0.0001462 seconds, Stopping threads took: 0.0000886 seconds
[2019-12-09T08:18:01.397+0000][1][safepoint    ] Application time: 1.0000824 seconds
[2019-12-09T08:18:01.397+0000][1][safepoint    ] Entering safepoint region: Cleanup
[2019-12-09T08:18:01.397+0000][1][safepoint    ] Leaving safepoint region
[2019-12-09T08:18:01.397+0000][1][safepoint    ] Total time for which application threads were stopped: 0.0000838 seconds, Stopping threads took: 0.0000176 seconds
[2019-12-09T08:18:02.397+0000][1][safepoint    ] Application time: 1.0000762 seconds
[2019-12-09T08:18:02.397+0000][1][safepoint    ] Entering safepoint region: Cleanup
[2019-12-09T08:18:02.397+0000][1][safepoint    ] Leaving safepoint region
[2019-12-09T08:18:02.397+0000][1][safepoint    ] Total time for which application threads were stopped: 0.0000764 seconds, Stopping threads took: 0.0000248 seconds
[2019-12-09T08:18:03.397+0000][1][safepoint    ] Application time: 1.0000736 seconds
[2019-12-09T08:18:03.397+0000][1][safepoint    ] Entering safepoint region: Cleanup
[2019-12-09T08:18:03.397+0000][1][safepoint    ] Leaving safepoint region
[2019-12-09T08:18:03.397+0000][1][safepoint    ] Total time for which application threads were stopped: 0.0000655 seconds, Stopping threads took: 0.0000161 seconds
[2019-12-09T08:18:04.397+0000][1][safepoint    ] Application time: 1.0000736 seconds
[2019-12-09T08:18:04.397+0000][1][safepoint    ] Entering safepoint region: Cleanup
[2019-12-09T08:18:04.397+0000][1][safepoint    ] Leaving safepoint region
[2019-12-09T08:18:04.397+0000][1][safepoint    ] Total time for which application threads were stopped: 0.0000662 seconds, Stopping threads took: 0.0000172 seconds
[2019-12-09T08:18:05.397+0000][1][safepoint    ] Application time: 1.0000736 seconds
[2019-12-09T08:18:05.397+0000][1][safepoint    ] Entering safepoint region: Cleanup
[2019-12-09T08:18:05.397+0000][1][safepoint    ] Leaving safepoint region
[2019-12-09T08:18:05.397+0000][1][safepoint    ] Total time for which application threads were stopped: 0.0000662 seconds, Stopping threads took: 0.0000161 seconds
[2019-12-09T08:18:05.988+0000][1][safepoint    ] Application time: 0.5909739 seconds
[2019-12-09T08:18:05.988+0000][1][safepoint    ] Entering safepoint region: GenCollectForAllocation
[2019-12-09T08:18:05.989+0000][1][gc,start     ] GC(61) Pause Young (Allocation Failure)
[2019-12-09T08:18:05.989+0000][1][gc,task      ] GC(61) Using 2 workers of 2 for evacuation
[2019-12-09T08:18:05.990+0000][1][gc,age       ] GC(61) Desired survivor size 4456448 bytes, new threshold 6 (max threshold 6)
[2019-12-09T08:18:05.990+0000][1][gc,age       ] GC(61) Age table with threshold 6 (max threshold 6)
[2019-12-09T08:18:05.990+0000][1][gc,age       ] GC(61) - age   1:       3272 bytes,       3272 total
[2019-12-09T08:18:05.990+0000][1][gc,age       ] GC(61) - age   3:        112 bytes,       3384 total
[2019-12-09T08:18:05.990+0000][1][gc,age       ] GC(61) - age   5:        456 bytes,       3840 total
[2019-12-09T08:18:05.990+0000][1][gc,heap      ] GC(61) ParNew: 69961K->4K(78656K)
[2019-12-09T08:18:05.990+0000][1][gc,heap      ] GC(61) CMS: 69456K->69457K(174784K)
[2019-12-09T08:18:05.990+0000][1][gc,metaspace ] GC(61) Metaspace: 68473K->68473K(1112064K)
[2019-12-09T08:18:05.990+0000][1][gc           ] GC(61) Pause Young (Allocation Failure) 136M->67M(247M) 1.370ms
[2019-12-09T08:18:05.990+0000][1][gc,cpu       ] GC(61) User=0.00s Sys=0.00s Real=0.00s
[2019-12-09T08:18:05.990+0000][1][safepoint    ] Leaving safepoint region
[2019-12-09T08:18:05.990+0000][1][safepoint    ] Total time for which application threads were stopped: 0.0015032 seconds, Stopping threads took: 0.0000160 seconds
[2019-12-09T08:18:06.990+0000][1][safepoint    ] Application time: 1.0000866 seconds
[2019-12-09T08:18:06.990+0000][1][safepoint    ] Entering safepoint region: Cleanup
[2019-12-09T08:18:06.990+0000][1][safepoint    ] Leaving safepoint region
[2019-12-09T08:18:06.990+0000][1][safepoint    ] Total time for which application threads were stopped: 0.0000736 seconds, Stopping threads took: 0.0000223 seconds
[2019-12-09T08:18:07.990+0000][1][safepoint    ] Application time: 1.0000816 seconds
[2019-12-09T08:18:07.990+0000][1][safepoint    ] Entering safepoint region: Cleanup
[2019-12-09T08:18:07.990+0000][1][safepoint    ] Leaving safepoint region
[2019-12-09T08:18:07.990+0000][1][safepoint    ] Total time for which application threads were stopped: 0.0000670 seconds, Stopping threads took: 0.0000171 seconds
[2019-12-09T08:18:08.990+0000][1][safepoint    ] Application time: 1.0000769 seconds
[2019-12-09T08:18:08.990+0000][1][safepoint    ] Entering safepoint region: Cleanup
[2019-12-09T08:18:08.991+0000][1][safepoint    ] Leaving safepoint region
[2019-12-09T08:18:08.991+0000][1][safepoint    ] Total time for which application threads were stopped: 0.0000680 seconds, Stopping threads took: 0.0000168 seconds
[2019-12-09T08:18:09.991+0000][1][safepoint    ] Application time: 1.0000755 seconds
[2019-12-09T08:18:09.991+0000][1][safepoint    ] Entering safepoint region: Cleanup
[2019-12-09T08:18:09.991+0000][1][safepoint    ] Leaving safepoint region
[2019-12-09T08:18:09.991+0000][1][safepoint    ] Total time for which application threads were stopped: 0.0000774 seconds, Stopping threads took: 0.0000167 seconds
[2019-12-09T08:18:10.991+0000][1][safepoint    ] Application time: 1.0000782 seconds
[2019-12-09T08:18:10.991+0000][1][safepoint    ] Entering safepoint region: Cleanup
[2019-12-09T08:18:10.991+0000][1][safepoint    ] Leaving safepoint region
[2019-12-09T08:18:10.991+0000][1][safepoint    ] Total time for which application threads were stopped: 0.0000674 seconds, Stopping threads took: 0.0000170 seconds
[2019-12-09T08:18:11.991+0000][1][safepoint    ] Application time: 1.0000758 seconds
[2019-12-09T08:18:11.991+0000][1][safepoint    ] Entering safepoint region: Cleanup
[2019-12-09T08:18:11.991+0000][1][safepoint    ] Leaving safepoint region
[2019-12-09T08:18:11.991+0000][1][safepoint    ] Total time for which application threads were stopped: 0.0000750 seconds, Stopping threads took: 0.0000248 seconds
[2019-12-09T08:18:12.991+0000][1][safepoint    ] Application time: 1.0000760 seconds
[2019-12-09T08:18:12.991+0000][1][safepoint    ] Entering safepoint region: Cleanup
[2019-12-09T08:18:12.991+0000][1][safepoint    ] Leaving safepoint region
[2019-12-09T08:18:12.991+0000][1][safepoint    ] Total time for which application threads were stopped: 0.0000762 seconds, Stopping threads took: 0.0000160 seconds
[2019-12-09T08:18:13.991+0000][1][safepoint    ] Application time: 1.0000767 seconds
[2019-12-09T08:18:13.991+0000][1][safepoint    ] Entering safepoint region: Cleanup
[2019-12-09T08:18:13.991+0000][1][safepoint    ] Leaving safepoint region
[2019-12-09T08:18:13.992+0000][1][safepoint    ] Total time for which application threads were stopped: 0.0000683 seconds, Stopping threads took: 0.0000169 seconds
[2019-12-09T08:18:14.992+0000][1][safepoint    ] Application time: 1.0000762 seconds
[2019-12-09T08:18:14.992+0000][1][safepoint    ] Entering safepoint region: Cleanup
[2019-12-09T08:18:14.992+0000][1][safepoint    ] Leaving safepoint region
[2019-12-09T08:18:14.992+0000][1][safepoint    ] Total time for which application threads were stopped: 0.0000813 seconds, Stopping threads took: 0.0000161 seconds
[2019-12-09T08:18:15.992+0000][1][safepoint    ] Application time: 1.0000740 seconds
[2019-12-09T08:18:15.992+0000][1][safepoint    ] Entering safepoint region: Cleanup
[2019-12-09T08:18:15.992+0000][1][safepoint    ] Leaving safepoint region
[2019-12-09T08:18:15.992+0000][1][safepoint    ] Total time for which application threads were stopped: 0.0000678 seconds, Stopping threads took: 0.0000181 seconds
[2019-12-09T08:18:16.992+0000][1][safepoint    ] Application time: 1.0000777 seconds
[2019-12-09T08:18:16.992+0000][1][safepoint    ] Entering safepoint region: Cleanup
[2019-12-09T08:18:16.992+0000][1][safepoint    ] Leaving safepoint region
[2019-12-09T08:18:16.992+0000][1][safepoint    ] Total time for which application threads were stopped: 0.0000706 seconds, Stopping threads took: 0.0000186 seconds
[2019-12-09T08:18:17.992+0000][1][safepoint    ] Application time: 1.0000754 seconds
[2019-12-09T08:18:17.992+0000][1][safepoint    ] Entering safepoint region: Cleanup
[2019-12-09T08:18:17.992+0000][1][safepoint    ] Leaving safepoint region
[2019-12-09T08:18:17.992+0000][1][safepoint    ] Total time for which application threads were stopped: 0.0000680 seconds, Stopping threads took: 0.0000168 seconds
[2019-12-09T08:18:18.992+0000][1][safepoint    ] Application time: 1.0000762 seconds
[2019-12-09T08:18:18.992+0000][1][safepoint    ] Entering safepoint region: Cleanup
[2019-12-09T08:18:18.992+0000][1][safepoint    ] Leaving safepoint region
[2019-12-09T08:18:18.992+0000][1][safepoint    ] Total time for which application threads were stopped: 0.0000681 seconds, Stopping threads took: 0.0000170 seconds
[2019-12-09T08:18:19.993+0000][1][safepoint    ] Application time: 1.0000768 seconds
[2019-12-09T08:18:19.993+0000][1][safepoint    ] Entering safepoint region: Cleanup
[2019-12-09T08:18:19.993+0000][1][safepoint    ] Leaving safepoint region
[2019-12-09T08:18:19.993+0000][1][safepoint    ] Total time for which application threads were stopped: 0.0000654 seconds, Stopping threads took: 0.0000162 seconds
[2019-12-09T08:18:20.993+0000][1][safepoint    ] Application time: 1.0000458 seconds
[2019-12-09T08:18:20.993+0000][1][safepoint    ] Entering safepoint region: Cleanup
[2019-12-09T08:18:20.993+0000][1][safepoint    ] Leaving safepoint region
[2019-12-09T08:18:20.993+0000][1][safepoint    ] Total time for which application threads were stopped: 0.0000671 seconds, Stopping threads took: 0.0000172 seconds
[2019-12-09T08:18:21.993+0000][1][safepoint    ] Application time: 1.0000758 seconds
[2019-12-09T08:18:21.993+0000][1][safepoint    ] Entering safepoint region: Cleanup
[2019-12-09T08:18:21.993+0000][1][safepoint    ] Leaving safepoint region
[2019-12-09T08:18:21.993+0000][1][safepoint    ] Total time for which application threads were stopped: 0.0000663 seconds, Stopping threads took: 0.0000179 seconds
[2019-12-09T08:18:22.993+0000][1][safepoint    ] Application time: 1.0000756 seconds
[2019-12-09T08:18:22.993+0000][1][safepoint    ] Entering safepoint region: Cleanup
[2019-12-09T08:18:22.993+0000][1][safepoint    ] Leaving safepoint region
[2019-12-09T08:18:22.993+0000][1][safepoint    ] Total time for which application threads were stopped: 0.0000678 seconds, Stopping threads took: 0.0000171 seconds
[2019-12-09T08:18:23.993+0000][1][safepoint    ] Application time: 1.0000766 seconds
[2019-12-09T08:18:23.993+0000][1][safepoint    ] Entering safepoint region: Cleanup
[2019-12-09T08:18:23.993+0000][1][safepoint    ] Leaving safepoint region
[2019-12-09T08:18:23.993+0000][1][safepoint    ] Total time for which application threads were stopped: 0.0000678 seconds, Stopping threads took: 0.0000182 seconds
[2019-12-09T08:18:24.993+0000][1][safepoint    ] Application time: 1.0000755 seconds
[2019-12-09T08:18:24.994+0000][1][safepoint    ] Entering safepoint region: Cleanup
[2019-12-09T08:18:24.994+0000][1][safepoint    ] Leaving safepoint region
[2019-12-09T08:18:24.994+0000][1][safepoint    ] Total time for which application threads were stopped: 0.0000694 seconds, Stopping threads took: 0.0000176 seconds
[2019-12-09T08:18:25.994+0000][1][safepoint    ] Application time: 1.0000772 seconds
[2019-12-09T08:18:25.994+0000][1][safepoint    ] Entering safepoint region: Cleanup
[2019-12-09T08:18:25.994+0000][1][safepoint    ] Leaving safepoint region
[2019-12-09T08:18:25.994+0000][1][safepoint    ] Total time for which application threads were stopped: 0.0000716 seconds, Stopping threads took: 0.0000199 seconds
[2019-12-09T08:18:26.994+0000][1][safepoint    ] Application time: 1.0000760 seconds
[2019-12-09T08:18:26.994+0000][1][safepoint    ] Entering safepoint region: Cleanup
[2019-12-09T08:18:26.994+0000][1][safepoint    ] Leaving safepoint region
[2019-12-09T08:18:26.994+0000][1][safepoint    ] Total time for which application threads were stopped: 0.0000679 seconds, Stopping threads took: 0.0000164 seconds
[2019-12-09T08:18:27.994+0000][1][safepoint    ] Application time: 1.0000752 seconds
[2019-12-09T08:18:27.994+0000][1][safepoint    ] Entering safepoint region: Cleanup
[2019-12-09T08:18:27.994+0000][1][safepoint    ] Leaving safepoint region
[2019-12-09T08:18:27.994+0000][1][safepoint    ] Total time for which application threads were stopped: 0.0000677 seconds, Stopping threads took: 0.0000165 seconds
[2019-12-09T08:18:28.994+0000][1][safepoint    ] Application time: 1.0000750 seconds
[2019-12-09T08:18:28.994+0000][1][safepoint    ] Entering safepoint region: Cleanup
[2019-12-09T08:18:28.994+0000][1][safepoint    ] Leaving safepoint region
[2019-12-09T08:18:28.994+0000][1][safepoint    ] Total time for which application threads were stopped: 0.0000655 seconds, Stopping threads took: 0.0000159 seconds
[2019-12-09T08:18:29.994+0000][1][safepoint    ] Application time: 1.0000749 seconds
[2019-12-09T08:18:29.994+0000][1][safepoint    ] Entering safepoint region: Cleanup
[2019-12-09T08:18:29.994+0000][1][safepoint    ] Leaving safepoint region
[2019-12-09T08:18:29.995+0000][1][safepoint    ] Total time for which application threads were stopped: 0.0000652 seconds, Stopping threads took: 0.0000164 seconds
[2019-12-09T08:18:30.995+0000][1][safepoint    ] Application time: 1.0000751 seconds
[2019-12-09T08:18:30.995+0000][1][safepoint    ] Entering safepoint region: Cleanup
[2019-12-09T08:18:30.995+0000][1][safepoint    ] Leaving safepoint region
[2019-12-09T08:18:30.995+0000][1][safepoint    ] Total time for which application threads were stopped: 0.0000765 seconds, Stopping threads took: 0.0000172 seconds
[2019-12-09T08:18:31.995+0000][1][safepoint    ] Application time: 1.0000755 seconds
[2019-12-09T08:18:31.995+0000][1][safepoint    ] Entering safepoint region: Cleanup
[2019-12-09T08:18:31.995+0000][1][safepoint    ] Leaving safepoint region
[2019-12-09T08:18:31.995+0000][1][safepoint    ] Total time for which application threads were stopped: 0.0000661 seconds, Stopping threads took: 0.0000166 seconds
[2019-12-09T08:18:32.995+0000][1][safepoint    ] Application time: 1.0000752 seconds
[2019-12-09T08:18:32.995+0000][1][safepoint    ] Entering safepoint region: Cleanup
[2019-12-09T08:18:32.995+0000][1][safepoint    ] Leaving safepoint region
[2019-12-09T08:18:32.995+0000][1][safepoint    ] Total time for which application threads were stopped: 0.0000664 seconds, Stopping threads took: 0.0000169 seconds
[2019-12-09T08:18:33.995+0000][1][safepoint    ] Application time: 1.0000759 seconds
[2019-12-09T08:18:33.995+0000][1][safepoint    ] Entering safepoint region: Cleanup
[2019-12-09T08:18:33.995+0000][1][safepoint    ] Leaving safepoint region
[2019-12-09T08:18:33.995+0000][1][safepoint    ] Total time for which application threads were stopped: 0.0000663 seconds, Stopping threads took: 0.0000168 seconds
[2019-12-09T08:18:34.995+0000][1][safepoint    ] Application time: 1.0000755 seconds
[2019-12-09T08:18:34.995+0000][1][safepoint    ] Entering safepoint region: Cleanup
[2019-12-09T08:18:34.995+0000][1][safepoint    ] Leaving safepoint region
[2019-12-09T08:18:34.995+0000][1][safepoint    ] Total time for which application threads were stopped: 0.0000667 seconds, Stopping threads took: 0.0000172 seconds
[2019-12-09T08:18:35.996+0000][1][safepoint    ] Application time: 1.0000719 seconds
[2019-12-09T08:18:35.996+0000][1][safepoint    ] Entering safepoint region: Cleanup
[2019-12-09T08:18:35.996+0000][1][safepoint    ] Leaving safepoint region
[2019-12-09T08:18:35.996+0000][1][safepoint    ] Total time for which application threads were stopped: 0.0000670 seconds, Stopping threads took: 0.0000175 seconds
[2019-12-09T08:18:36.996+0000][1][safepoint    ] Application time: 1.0000746 seconds
[2019-12-09T08:18:36.996+0000][1][safepoint    ] Entering safepoint region: Cleanup
[2019-12-09T08:18:36.996+0000][1][safepoint    ] Leaving safepoint region
[2019-12-09T08:18:36.996+0000][1][safepoint    ] Total time for which application threads were stopped: 0.0000677 seconds, Stopping threads took: 0.0000162 seconds
[2019-12-09T08:18:37.996+0000][1][safepoint    ] Application time: 1.0000767 seconds
[2019-12-09T08:18:37.996+0000][1][safepoint    ] Entering safepoint region: Cleanup
[2019-12-09T08:18:37.996+0000][1][safepoint    ] Leaving safepoint region
[2019-12-09T08:18:37.996+0000][1][safepoint    ] Total time for which application threads were stopped: 0.0000658 seconds, Stopping threads took: 0.0000168 seconds
[2019-12-09T08:18:38.996+0000][1][safepoint    ] Application time: 1.0000754 seconds
[2019-12-09T08:18:38.996+0000][1][safepoint    ] Entering safepoint region: Cleanup
[2019-12-09T08:18:38.996+0000][1][safepoint    ] Leaving safepoint region
[2019-12-09T08:18:38.996+0000][1][safepoint    ] Total time for which application threads were stopped: 0.0000680 seconds, Stopping threads took: 0.0000179 seconds
[2019-12-09T08:18:39.996+0000][1][safepoint    ] Application time: 1.0000776 seconds
[2019-12-09T08:18:39.996+0000][1][safepoint    ] Entering safepoint region: Cleanup
[2019-12-09T08:18:39.996+0000][1][safepoint    ] Leaving safepoint region
[2019-12-09T08:18:39.996+0000][1][safepoint    ] Total time for which application threads were stopped: 0.0000664 seconds, Stopping threads took: 0.0000173 seconds
[2019-12-09T08:18:40.996+0000][1][safepoint    ] Application time: 1.0000752 seconds
[2019-12-09T08:18:40.996+0000][1][safepoint    ] Entering safepoint region: Cleanup
[2019-12-09T08:18:40.997+0000][1][safepoint    ] Leaving safepoint region
[2019-12-09T08:18:40.997+0000][1][safepoint    ] Total time for which application threads were stopped: 0.0000665 seconds, Stopping threads took: 0.0000167 seconds
[2019-12-09T08:18:41.997+0000][1][safepoint    ] Application time: 1.0000770 seconds
[2019-12-09T08:18:41.997+0000][1][safepoint    ] Entering safepoint region: Cleanup
[2019-12-09T08:18:41.997+0000][1][safepoint    ] Leaving safepoint region
[2019-12-09T08:18:41.997+0000][1][safepoint    ] Total time for which application threads were stopped: 0.0000840 seconds, Stopping threads took: 0.0000345 seconds
[2019-12-09T08:18:42.997+0000][1][safepoint    ] Application time: 1.0000756 seconds
[2019-12-09T08:18:42.997+0000][1][safepoint    ] Entering safepoint region: Cleanup
[2019-12-09T08:18:42.997+0000][1][safepoint    ] Leaving safepoint region
[2019-12-09T08:18:42.997+0000][1][safepoint    ] Total time for which application threads were stopped: 0.0000674 seconds, Stopping threads took: 0.0000175 seconds
[2019-12-09T08:18:43.997+0000][1][safepoint    ] Application time: 1.0000745 seconds
[2019-12-09T08:18:43.997+0000][1][safepoint    ] Entering safepoint region: Cleanup
[2019-12-09T08:18:43.997+0000][1][safepoint    ] Leaving safepoint region
[2019-12-09T08:18:43.997+0000][1][safepoint    ] Total time for which application threads were stopped: 0.0000680 seconds, Stopping threads took: 0.0000155 seconds
[2019-12-09T08:18:44.997+0000][1][safepoint    ] Application time: 1.0000760 seconds
[2019-12-09T08:18:44.997+0000][1][safepoint    ] Entering safepoint region: Cleanup
[2019-12-09T08:18:44.997+0000][1][safepoint    ] Leaving safepoint region
[2019-12-09T08:18:44.997+0000][1][safepoint    ] Total time for which application threads were stopped: 0.0000714 seconds, Stopping threads took: 0.0000178 seconds
[2019-12-09T08:18:45.997+0000][1][safepoint    ] Application time: 1.0000769 seconds
[2019-12-09T08:18:45.997+0000][1][safepoint    ] Entering safepoint region: Cleanup
[2019-12-09T08:18:45.998+0000][1][safepoint    ] Leaving safepoint region
[2019-12-09T08:18:45.998+0000][1][safepoint    ] Total time for which application threads were stopped: 0.0000686 seconds, Stopping threads took: 0.0000171 seconds
[2019-12-09T08:18:46.998+0000][1][safepoint    ] Application time: 1.0000818 seconds
[2019-12-09T08:18:46.998+0000][1][safepoint    ] Entering safepoint region: Cleanup
[2019-12-09T08:18:46.998+0000][1][safepoint    ] Leaving safepoint region
[2019-12-09T08:18:46.998+0000][1][safepoint    ] Total time for which application threads were stopped: 0.0000797 seconds, Stopping threads took: 0.0000180 seconds
[2019-12-09T08:18:47.998+0000][1][safepoint    ] Application time: 1.0000769 seconds
[2019-12-09T08:18:47.998+0000][1][safepoint    ] Entering safepoint region: Cleanup
[2019-12-09T08:18:47.998+0000][1][safepoint    ] Leaving safepoint region
[2019-12-09T08:18:47.998+0000][1][safepoint    ] Total time for which application threads were stopped: 0.0000636 seconds, Stopping threads took: 0.0000162 seconds
[2019-12-09T08:18:48.998+0000][1][safepoint    ] Application time: 1.0000772 seconds
[2019-12-09T08:18:48.998+0000][1][safepoint    ] Entering safepoint region: Cleanup
[2019-12-09T08:18:48.998+0000][1][safepoint    ] Leaving safepoint region
[2019-12-09T08:18:48.998+0000][1][safepoint    ] Total time for which application threads were stopped: 0.0000665 seconds, Stopping threads took: 0.0000166 seconds
[2019-12-09T08:18:49.998+0000][1][safepoint    ] Application time: 1.0000757 seconds
[2019-12-09T08:18:49.998+0000][1][safepoint    ] Entering safepoint region: Cleanup
[2019-12-09T08:18:49.998+0000][1][safepoint    ] Leaving safepoint region
[2019-12-09T08:18:49.998+0000][1][safepoint    ] Total time for which application threads were stopped: 0.0000656 seconds, Stopping threads took: 0.0000157 seconds
[2019-12-09T08:18:50.998+0000][1][safepoint    ] Application time: 1.0000768 seconds
[2019-12-09T08:18:50.998+0000][1][safepoint    ] Entering safepoint region: Cleanup
[2019-12-09T08:18:50.998+0000][1][safepoint    ] Leaving safepoint region
[2019-12-09T08:18:50.998+0000][1][safepoint    ] Total time for which application threads were stopped: 0.0000664 seconds, Stopping threads took: 0.0000162 seconds
[2019-12-09T08:18:51.999+0000][1][safepoint    ] Application time: 1.0000791 seconds
[2019-12-09T08:18:51.999+0000][1][safepoint    ] Entering safepoint region: Cleanup
[2019-12-09T08:18:51.999+0000][1][safepoint    ] Leaving safepoint region
[2019-12-09T08:18:51.999+0000][1][safepoint    ] Total time for which application threads were stopped: 0.0000716 seconds, Stopping threads took: 0.0000227 seconds
[2019-12-09T08:18:52.999+0000][1][safepoint    ] Application time: 1.0000772 seconds
[2019-12-09T08:18:52.999+0000][1][safepoint    ] Entering safepoint region: Cleanup
[2019-12-09T08:18:52.999+0000][1][safepoint    ] Leaving safepoint region
[2019-12-09T08:18:52.999+0000][1][safepoint    ] Total time for which application threads were stopped: 0.0000669 seconds, Stopping threads took: 0.0000175 seconds
[2019-12-09T08:18:53.999+0000][1][safepoint    ] Application time: 1.0000776 seconds
[2019-12-09T08:18:53.999+0000][1][safepoint    ] Entering safepoint region: Cleanup
[2019-12-09T08:18:53.999+0000][1][safepoint    ] Leaving safepoint region
[2019-12-09T08:18:53.999+0000][1][safepoint    ] Total time for which application threads were stopped: 0.0000695 seconds, Stopping threads took: 0.0000170 seconds
[2019-12-09T08:18:54.999+0000][1][safepoint    ] Application time: 1.0000783 seconds
[2019-12-09T08:18:54.999+0000][1][safepoint    ] Entering safepoint region: Cleanup
[2019-12-09T08:18:54.999+0000][1][safepoint    ] Leaving safepoint region
[2019-12-09T08:18:54.999+0000][1][safepoint    ] Total time for which application threads were stopped: 0.0000667 seconds, Stopping threads took: 0.0000163 seconds
[2019-12-09T08:18:55.999+0000][1][safepoint    ] Application time: 1.0000764 seconds
[2019-12-09T08:18:55.999+0000][1][safepoint    ] Entering safepoint region: Cleanup
[2019-12-09T08:18:55.999+0000][1][safepoint    ] Leaving safepoint region
[2019-12-09T08:18:55.999+0000][1][safepoint    ] Total time for which application threads were stopped: 0.0000724 seconds, Stopping threads took: 0.0000184 seconds
[2019-12-09T08:18:56.999+0000][1][safepoint    ] Application time: 1.0000780 seconds
[2019-12-09T08:18:57.000+0000][1][safepoint    ] Entering safepoint region: Cleanup
[2019-12-09T08:18:57.000+0000][1][safepoint    ] Leaving safepoint region
[2019-12-09T08:18:57.000+0000][1][safepoint    ] Total time for which application threads were stopped: 0.0000834 seconds, Stopping threads took: 0.0000175 seconds
[2019-12-09T08:18:58.000+0000][1][safepoint    ] Application time: 1.0000792 seconds
[2019-12-09T08:18:58.000+0000][1][safepoint    ] Entering safepoint region: Cleanup
[2019-12-09T08:18:58.000+0000][1][safepoint    ] Leaving safepoint region
[2019-12-09T08:18:58.000+0000][1][safepoint    ] Total time for which application threads were stopped: 0.0000888 seconds, Stopping threads took: 0.0000217 seconds
[2019-12-09T08:18:59.000+0000][1][safepoint    ] Application time: 1.0000815 seconds
[2019-12-09T08:18:59.000+0000][1][safepoint    ] Entering safepoint region: Cleanup
[2019-12-09T08:18:59.000+0000][1][safepoint    ] Leaving safepoint region
[2019-12-09T08:18:59.000+0000][1][safepoint    ] Total time for which application threads were stopped: 0.0000948 seconds, Stopping threads took: 0.0000241 seconds
[2019-12-09T08:19:00.000+0000][1][safepoint    ] Application time: 1.0000832 seconds
[2019-12-09T08:19:00.000+0000][1][safepoint    ] Entering safepoint region: Cleanup
[2019-12-09T08:19:00.000+0000][1][safepoint    ] Leaving safepoint region
[2019-12-09T08:19:00.000+0000][1][safepoint    ] Total time for which application threads were stopped: 0.0000975 seconds, Stopping threads took: 0.0000238 seconds
[2019-12-09T08:19:01.000+0000][1][safepoint    ] Application time: 1.0000907 seconds
[2019-12-09T08:19:01.000+0000][1][safepoint    ] Entering safepoint region: Cleanup
[2019-12-09T08:19:01.001+0000][1][safepoint    ] Leaving safepoint region
[2019-12-09T08:19:01.001+0000][1][safepoint    ] Total time for which application threads were stopped: 0.0001030 seconds, Stopping threads took: 0.0000237 seconds
[2019-12-09T08:19:02.001+0000][1][safepoint    ] Application time: 1.0000858 seconds
[2019-12-09T08:19:02.001+0000][1][safepoint    ] Entering safepoint region: Cleanup
[2019-12-09T08:19:02.001+0000][1][safepoint    ] Leaving safepoint region
[2019-12-09T08:19:02.001+0000][1][safepoint    ] Total time for which application threads were stopped: 0.0001023 seconds, Stopping threads took: 0.0000256 seconds
[2019-12-09T08:19:03.001+0000][1][safepoint    ] Application time: 1.0000874 seconds
[2019-12-09T08:19:03.001+0000][1][safepoint    ] Entering safepoint region: Cleanup
[2019-12-09T08:19:03.001+0000][1][safepoint    ] Leaving safepoint region
[2019-12-09T08:19:03.001+0000][1][safepoint    ] Total time for which application threads were stopped: 0.0000915 seconds, Stopping threads took: 0.0000235 seconds
[2019-12-09T08:19:04.001+0000][1][safepoint    ] Application time: 1.0000856 seconds
[2019-12-09T08:19:04.001+0000][1][safepoint    ] Entering safepoint region: Cleanup
[2019-12-09T08:19:04.001+0000][1][safepoint    ] Leaving safepoint region
[2019-12-09T08:19:04.001+0000][1][safepoint    ] Total time for which application threads were stopped: 0.0000689 seconds, Stopping threads took: 0.0000169 seconds
[2019-12-09T08:19:05.001+0000][1][safepoint    ] Application time: 1.0000901 seconds
[2019-12-09T08:19:05.001+0000][1][safepoint    ] Entering safepoint region: Cleanup
[2019-12-09T08:19:05.001+0000][1][safepoint    ] Leaving safepoint region
[2019-12-09T08:19:05.001+0000][1][safepoint    ] Total time for which application threads were stopped: 0.0000939 seconds, Stopping threads took: 0.0000217 seconds
[2019-12-09T08:19:06.002+0000][1][safepoint    ] Application time: 1.0000823 seconds
[2019-12-09T08:19:06.002+0000][1][safepoint    ] Entering safepoint region: Cleanup
[2019-12-09T08:19:06.002+0000][1][safepoint    ] Leaving safepoint region
[2019-12-09T08:19:06.002+0000][1][safepoint    ] Total time for which application threads were stopped: 0.0000906 seconds, Stopping threads took: 0.0000170 seconds
[2019-12-09T08:19:07.002+0000][1][safepoint    ] Application time: 1.0000842 seconds
[2019-12-09T08:19:07.002+0000][1][safepoint    ] Entering safepoint region: Cleanup
[2019-12-09T08:19:07.002+0000][1][safepoint    ] Leaving safepoint region
[2019-12-09T08:19:07.002+0000][1][safepoint    ] Total time for which application threads were stopped: 0.0000670 seconds, Stopping threads took: 0.0000164 seconds
[2019-12-09T08:19:08.002+0000][1][safepoint    ] Application time: 1.0000826 seconds
[2019-12-09T08:19:08.002+0000][1][safepoint    ] Entering safepoint region: Cleanup
[2019-12-09T08:19:08.002+0000][1][safepoint    ] Leaving safepoint region
[2019-12-09T08:19:08.002+0000][1][safepoint    ] Total time for which application threads were stopped: 0.0000666 seconds, Stopping threads took: 0.0000167 seconds
[2019-12-09T08:19:09.002+0000][1][safepoint    ] Application time: 1.0000840 seconds
[2019-12-09T08:19:09.002+0000][1][safepoint    ] Entering safepoint region: Cleanup
[2019-12-09T08:19:09.002+0000][1][safepoint    ] Leaving safepoint region
[2019-12-09T08:19:09.002+0000][1][safepoint    ] Total time for which application threads were stopped: 0.0000669 seconds, Stopping threads took: 0.0000167 seconds
[2019-12-09T08:19:10.002+0000][1][safepoint    ] Application time: 1.0000767 seconds
[2019-12-09T08:19:10.002+0000][1][safepoint    ] Entering safepoint region: Cleanup
[2019-12-09T08:19:10.002+0000][1][safepoint    ] Leaving safepoint region
[2019-12-09T08:19:10.002+0000][1][safepoint    ] Total time for which application threads were stopped: 0.0000675 seconds, Stopping threads took: 0.0000177 seconds
[2019-12-09T08:19:11.003+0000][1][safepoint    ] Application time: 1.0000761 seconds
[2019-12-09T08:19:11.003+0000][1][safepoint    ] Entering safepoint region: Cleanup
[2019-12-09T08:19:11.003+0000][1][safepoint    ] Leaving safepoint region
[2019-12-09T08:19:11.003+0000][1][safepoint    ] Total time for which application threads were stopped: 0.0000680 seconds, Stopping threads took: 0.0000169 seconds
[2019-12-09T08:19:12.003+0000][1][safepoint    ] Application time: 1.0000775 seconds
[2019-12-09T08:19:12.003+0000][1][safepoint    ] Entering safepoint region: Cleanup
[2019-12-09T08:19:12.003+0000][1][safepoint    ] Leaving safepoint region
[2019-12-09T08:19:12.003+0000][1][safepoint    ] Total time for which application threads were stopped: 0.0000657 seconds, Stopping threads took: 0.0000164 seconds
[2019-12-09T08:19:13.003+0000][1][safepoint    ] Application time: 1.0000779 seconds
[2019-12-09T08:19:13.003+0000][1][safepoint    ] Entering safepoint region: Cleanup
[2019-12-09T08:19:13.003+0000][1][safepoint    ] Leaving safepoint region
[2019-12-09T08:19:13.003+0000][1][safepoint    ] Total time for which application threads were stopped: 0.0000676 seconds, Stopping threads took: 0.0000174 seconds
[2019-12-09T08:19:14.003+0000][1][safepoint    ] Application time: 1.0000789 seconds
[2019-12-09T08:19:14.003+0000][1][safepoint    ] Entering safepoint region: Cleanup
[2019-12-09T08:19:14.003+0000][1][safepoint    ] Leaving safepoint region
[2019-12-09T08:19:14.003+0000][1][safepoint    ] Total time for which application threads were stopped: 0.0000672 seconds, Stopping threads took: 0.0000163 seconds
[2019-12-09T08:19:15.003+0000][1][safepoint    ] Application time: 1.0000829 seconds
[2019-12-09T08:19:15.003+0000][1][safepoint    ] Entering safepoint region: Cleanup
[2019-12-09T08:19:15.003+0000][1][safepoint    ] Leaving safepoint region
[2019-12-09T08:19:15.003+0000][1][safepoint    ] Total time for which application threads were stopped: 0.0000695 seconds, Stopping threads took: 0.0000189 seconds
[2019-12-09T08:19:16.004+0000][1][safepoint    ] Application time: 1.0000791 seconds
[2019-12-09T08:19:16.004+0000][1][safepoint    ] Entering safepoint region: Cleanup
[2019-12-09T08:19:16.004+0000][1][safepoint    ] Leaving safepoint region
[2019-12-09T08:19:16.004+0000][1][safepoint    ] Total time for which application threads were stopped: 0.0000677 seconds, Stopping threads took: 0.0000176 seconds
[2019-12-09T08:19:17.004+0000][1][safepoint    ] Application time: 1.0000792 seconds
[2019-12-09T08:19:17.004+0000][1][safepoint    ] Entering safepoint region: Cleanup
[2019-12-09T08:19:17.004+0000][1][safepoint    ] Leaving safepoint region
[2019-12-09T08:19:17.004+0000][1][safepoint    ] Total time for which application threads were stopped: 0.0000662 seconds, Stopping threads took: 0.0000163 seconds
[2019-12-09T08:19:18.004+0000][1][safepoint    ] Application time: 1.0000775 seconds
[2019-12-09T08:19:18.004+0000][1][safepoint    ] Entering safepoint region: Cleanup
[2019-12-09T08:19:18.004+0000][1][safepoint    ] Leaving safepoint region
[2019-12-09T08:19:18.004+0000][1][safepoint    ] Total time for which application threads were stopped: 0.0000677 seconds, Stopping threads took: 0.0000157 seconds
[2019-12-09T08:19:19.004+0000][1][safepoint    ] Application time: 1.0000768 seconds
[2019-12-09T08:19:19.004+0000][1][safepoint    ] Entering safepoint region: Cleanup
[2019-12-09T08:19:19.004+0000][1][safepoint    ] Leaving safepoint region
[2019-12-09T08:19:19.004+0000][1][safepoint    ] Total time for which application threads were stopped: 0.0000671 seconds, Stopping threads took: 0.0000161 seconds
[2019-12-09T08:19:20.004+0000][1][safepoint    ] Application time: 1.0000765 seconds
[2019-12-09T08:19:20.004+0000][1][safepoint    ] Entering safepoint region: Cleanup
[2019-12-09T08:19:20.004+0000][1][safepoint    ] Leaving safepoint region
[2019-12-09T08:19:20.004+0000][1][safepoint    ] Total time for which application threads were stopped: 0.0000662 seconds, Stopping threads took: 0.0000164 seconds
[2019-12-09T08:19:21.004+0000][1][safepoint    ] Application time: 1.0000789 seconds
[2019-12-09T08:19:21.005+0000][1][safepoint    ] Entering safepoint region: Cleanup
[2019-12-09T08:19:21.005+0000][1][safepoint    ] Leaving safepoint region
[2019-12-09T08:19:21.005+0000][1][safepoint    ] Total time for which application threads were stopped: 0.0000831 seconds, Stopping threads took: 0.0000163 seconds
[2019-12-09T08:19:22.005+0000][1][safepoint    ] Application time: 1.0000909 seconds
[2019-12-09T08:19:22.005+0000][1][safepoint    ] Entering safepoint region: Cleanup
[2019-12-09T08:19:22.005+0000][1][safepoint    ] Leaving safepoint region
[2019-12-09T08:19:22.005+0000][1][safepoint    ] Total time for which application threads were stopped: 0.0000785 seconds, Stopping threads took: 0.0000248 seconds
[2019-12-09T08:19:23.005+0000][1][safepoint    ] Application time: 1.0000805 seconds
[2019-12-09T08:19:23.005+0000][1][safepoint    ] Entering safepoint region: Cleanup
[2019-12-09T08:19:23.005+0000][1][safepoint    ] Leaving safepoint region
[2019-12-09T08:19:23.005+0000][1][safepoint    ] Total time for which application threads were stopped: 0.0000678 seconds, Stopping threads took: 0.0000169 seconds
[2019-12-09T08:19:24.005+0000][1][safepoint    ] Application time: 1.0000806 seconds
[2019-12-09T08:19:24.005+0000][1][safepoint    ] Entering safepoint region: Cleanup
[2019-12-09T08:19:24.005+0000][1][safepoint    ] Leaving safepoint region
[2019-12-09T08:19:24.005+0000][1][safepoint    ] Total time for which application threads were stopped: 0.0000683 seconds, Stopping threads took: 0.0000179 seconds
[2019-12-09T08:19:25.005+0000][1][safepoint    ] Application time: 1.0000836 seconds
[2019-12-09T08:19:25.005+0000][1][safepoint    ] Entering safepoint region: Cleanup
[2019-12-09T08:19:25.005+0000][1][safepoint    ] Leaving safepoint region
[2019-12-09T08:19:25.005+0000][1][safepoint    ] Total time for which application threads were stopped: 0.0000681 seconds, Stopping threads took: 0.0000174 seconds
[2019-12-09T08:19:26.005+0000][1][safepoint    ] Application time: 1.0000811 seconds
[2019-12-09T08:19:26.006+0000][1][safepoint    ] Entering safepoint region: Cleanup
[2019-12-09T08:19:26.006+0000][1][safepoint    ] Leaving safepoint region
[2019-12-09T08:19:26.006+0000][1][safepoint    ] Total time for which application threads were stopped: 0.0000680 seconds, Stopping threads took: 0.0000188 seconds
[2019-12-09T08:19:27.006+0000][1][safepoint    ] Application time: 1.0000814 seconds
[2019-12-09T08:19:27.006+0000][1][safepoint    ] Entering safepoint region: Cleanup
[2019-12-09T08:19:27.006+0000][1][safepoint    ] Leaving safepoint region
[2019-12-09T08:19:27.006+0000][1][safepoint    ] Total time for which application threads were stopped: 0.0000680 seconds, Stopping threads took: 0.0000179 seconds
[2019-12-09T08:19:28.006+0000][1][safepoint    ] Application time: 1.0000780 seconds
[2019-12-09T08:19:28.006+0000][1][safepoint    ] Entering safepoint region: Cleanup
[2019-12-09T08:19:28.006+0000][1][safepoint    ] Leaving safepoint region
[2019-12-09T08:19:28.006+0000][1][safepoint    ] Total time for which application threads were stopped: 0.0000679 seconds, Stopping threads took: 0.0000180 seconds
[2019-12-09T08:19:29.006+0000][1][safepoint    ] Application time: 1.0000800 seconds
[2019-12-09T08:19:29.006+0000][1][safepoint    ] Entering safepoint region: Cleanup
[2019-12-09T08:19:29.006+0000][1][safepoint    ] Leaving safepoint region
[2019-12-09T08:19:29.006+0000][1][safepoint    ] Total time for which application threads were stopped: 0.0000681 seconds, Stopping threads took: 0.0000166 seconds
[2019-12-09T08:19:30.006+0000][1][safepoint    ] Application time: 1.0000831 seconds
[2019-12-09T08:19:30.006+0000][1][safepoint    ] Entering safepoint region: Cleanup
[2019-12-09T08:19:30.006+0000][1][safepoint    ] Leaving safepoint region
[2019-12-09T08:19:30.006+0000][1][safepoint    ] Total time for which application threads were stopped: 0.0000670 seconds, Stopping threads took: 0.0000177 seconds
[2019-12-09T08:19:31.006+0000][1][safepoint    ] Application time: 1.0000815 seconds
[2019-12-09T08:19:31.006+0000][1][safepoint    ] Entering safepoint region: Cleanup
[2019-12-09T08:19:31.007+0000][1][safepoint    ] Leaving safepoint region
[2019-12-09T08:19:31.007+0000][1][safepoint    ] Total time for which application threads were stopped: 0.0000687 seconds, Stopping threads took: 0.0000184 seconds
[2019-12-09T08:19:32.007+0000][1][safepoint    ] Application time: 1.0000818 seconds
[2019-12-09T08:19:32.007+0000][1][safepoint    ] Entering safepoint region: Cleanup
[2019-12-09T08:19:32.007+0000][1][safepoint    ] Leaving safepoint region
[2019-12-09T08:19:32.007+0000][1][safepoint    ] Total time for which application threads were stopped: 0.0000707 seconds, Stopping threads took: 0.0000199 seconds
[2019-12-09T08:19:33.007+0000][1][safepoint    ] Application time: 1.0000811 seconds
[2019-12-09T08:19:33.007+0000][1][safepoint    ] Entering safepoint region: Cleanup
[2019-12-09T08:19:33.007+0000][1][safepoint    ] Leaving safepoint region
[2019-12-09T08:19:33.007+0000][1][safepoint    ] Total time for which application threads were stopped: 0.0000672 seconds, Stopping threads took: 0.0000172 seconds
[2019-12-09T08:19:34.007+0000][1][safepoint    ] Application time: 1.0000810 seconds
[2019-12-09T08:19:34.007+0000][1][safepoint    ] Entering safepoint region: Cleanup
[2019-12-09T08:19:34.007+0000][1][safepoint    ] Leaving safepoint region
[2019-12-09T08:19:34.007+0000][1][safepoint    ] Total time for which application threads were stopped: 0.0000685 seconds, Stopping threads took: 0.0000181 seconds
[2019-12-09T08:19:35.007+0000][1][safepoint    ] Application time: 1.0000785 seconds
[2019-12-09T08:19:35.007+0000][1][safepoint    ] Entering safepoint region: Cleanup
[2019-12-09T08:19:35.007+0000][1][safepoint    ] Leaving safepoint region
[2019-12-09T08:19:35.007+0000][1][safepoint    ] Total time for which application threads were stopped: 0.0000670 seconds, Stopping threads took: 0.0000168 seconds
[2019-12-09T08:19:36.206+0000][1][safepoint    ] Application time: 1.1986267 seconds
[2019-12-09T08:19:36.206+0000][1][safepoint    ] Entering safepoint region: Cleanup
[2019-12-09T08:19:36.206+0000][1][safepoint    ] Leaving safepoint region
[2019-12-09T08:19:36.206+0000][1][safepoint    ] Total time for which application threads were stopped: 0.0000674 seconds, Stopping threads took: 0.0000178 seconds
[2019-12-09T08:19:37.206+0000][1][safepoint    ] Application time: 1.0000773 seconds
[2019-12-09T08:19:37.206+0000][1][safepoint    ] Entering safepoint region: Cleanup
[2019-12-09T08:19:37.206+0000][1][safepoint    ] Leaving safepoint region
[2019-12-09T08:19:37.206+0000][1][safepoint    ] Total time for which application threads were stopped: 0.0000679 seconds, Stopping threads took: 0.0000169 seconds
[2019-12-09T08:19:38.206+0000][1][safepoint    ] Application time: 1.0000761 seconds
[2019-12-09T08:19:38.206+0000][1][safepoint    ] Entering safepoint region: Cleanup
[2019-12-09T08:19:38.206+0000][1][safepoint    ] Leaving safepoint region
[2019-12-09T08:19:38.206+0000][1][safepoint    ] Total time for which application threads were stopped: 0.0000667 seconds, Stopping threads took: 0.0000165 seconds
[2019-12-09T08:19:39.207+0000][1][safepoint    ] Application time: 1.0000761 seconds
[2019-12-09T08:19:39.207+0000][1][safepoint    ] Entering safepoint region: Cleanup
[2019-12-09T08:19:39.207+0000][1][safepoint    ] Leaving safepoint region
[2019-12-09T08:19:39.207+0000][1][safepoint    ] Total time for which application threads were stopped: 0.0000670 seconds, Stopping threads took: 0.0000173 seconds
[2019-12-09T08:19:40.207+0000][1][safepoint    ] Application time: 1.0001153 seconds
[2019-12-09T08:19:40.207+0000][1][safepoint    ] Entering safepoint region: Cleanup
[2019-12-09T08:19:40.207+0000][1][safepoint    ] Leaving safepoint region
[2019-12-09T08:19:40.207+0000][1][safepoint    ] Total time for which application threads were stopped: 0.0000896 seconds, Stopping threads took: 0.0000239 seconds
[2019-12-09T08:19:41.207+0000][1][safepoint    ] Application time: 1.0000769 seconds
[2019-12-09T08:19:41.207+0000][1][safepoint    ] Entering safepoint region: Cleanup
[2019-12-09T08:19:41.207+0000][1][safepoint    ] Leaving safepoint region
[2019-12-09T08:19:41.207+0000][1][safepoint    ] Total time for which application threads were stopped: 0.0000677 seconds, Stopping threads took: 0.0000171 seconds
[2019-12-09T08:19:42.207+0000][1][safepoint    ] Application time: 1.0000761 seconds
[2019-12-09T08:19:42.207+0000][1][safepoint    ] Entering safepoint region: Cleanup
[2019-12-09T08:19:42.207+0000][1][safepoint    ] Leaving safepoint region
[2019-12-09T08:19:42.207+0000][1][safepoint    ] Total time for which application threads were stopped: 0.0000654 seconds, Stopping threads took: 0.0000158 seconds
[2019-12-09T08:19:43.207+0000][1][safepoint    ] Application time: 1.0000758 seconds
[2019-12-09T08:19:43.207+0000][1][safepoint    ] Entering safepoint region: Cleanup
[2019-12-09T08:19:43.207+0000][1][safepoint    ] Leaving safepoint region
[2019-12-09T08:19:43.207+0000][1][safepoint    ] Total time for which application threads were stopped: 0.0000646 seconds, Stopping threads took: 0.0000163 seconds
[2019-12-09T08:19:44.208+0000][1][safepoint    ] Application time: 1.0000765 seconds
[2019-12-09T08:19:44.208+0000][1][safepoint    ] Entering safepoint region: Cleanup
[2019-12-09T08:19:44.208+0000][1][safepoint    ] Leaving safepoint region
[2019-12-09T08:19:44.208+0000][1][safepoint    ] Total time for which application threads were stopped: 0.0000663 seconds, Stopping threads took: 0.0000168 seconds
[2019-12-09T08:19:45.208+0000][1][safepoint    ] Application time: 1.0000767 seconds
[2019-12-09T08:19:45.208+0000][1][safepoint    ] Entering safepoint region: Cleanup
[2019-12-09T08:19:45.208+0000][1][safepoint    ] Leaving safepoint region
[2019-12-09T08:19:45.208+0000][1][safepoint    ] Total time for which application threads were stopped: 0.0000738 seconds, Stopping threads took: 0.0000229 seconds
[2019-12-09T08:19:46.208+0000][1][safepoint    ] Application time: 1.0000766 seconds
[2019-12-09T08:19:46.208+0000][1][safepoint    ] Entering safepoint region: Cleanup
[2019-12-09T08:19:46.208+0000][1][safepoint    ] Leaving safepoint region
[2019-12-09T08:19:46.208+0000][1][safepoint    ] Total time for which application threads were stopped: 0.0000650 seconds, Stopping threads took: 0.0000167 seconds
[2019-12-09T08:19:47.208+0000][1][safepoint    ] Application time: 1.0000770 seconds
[2019-12-09T08:19:47.208+0000][1][safepoint    ] Entering safepoint region: Cleanup
[2019-12-09T08:19:47.208+0000][1][safepoint    ] Leaving safepoint region
[2019-12-09T08:19:47.208+0000][1][safepoint    ] Total time for which application threads were stopped: 0.0000697 seconds, Stopping threads took: 0.0000178 seconds
[2019-12-09T08:19:48.208+0000][1][safepoint    ] Application time: 1.0000764 seconds
[2019-12-09T08:19:48.208+0000][1][safepoint    ] Entering safepoint region: Cleanup
[2019-12-09T08:19:48.208+0000][1][safepoint    ] Leaving safepoint region
[2019-12-09T08:19:48.208+0000][1][safepoint    ] Total time for which application threads were stopped: 0.0000668 seconds, Stopping threads took: 0.0000173 seconds
[2019-12-09T08:19:49.209+0000][1][safepoint    ] Application time: 1.0000793 seconds
[2019-12-09T08:19:49.209+0000][1][safepoint    ] Entering safepoint region: Cleanup
[2019-12-09T08:19:49.209+0000][1][safepoint    ] Leaving safepoint region
[2019-12-09T08:19:49.209+0000][1][safepoint    ] Total time for which application threads were stopped: 0.0000718 seconds, Stopping threads took: 0.0000204 seconds
[2019-12-09T08:19:50.209+0000][1][safepoint    ] Application time: 1.0000765 seconds
[2019-12-09T08:19:50.209+0000][1][safepoint    ] Entering safepoint region: Cleanup
[2019-12-09T08:19:50.209+0000][1][safepoint    ] Leaving safepoint region
[2019-12-09T08:19:50.209+0000][1][safepoint    ] Total time for which application threads were stopped: 0.0000658 seconds, Stopping threads took: 0.0000160 seconds
[2019-12-09T08:19:51.209+0000][1][safepoint    ] Application time: 1.0000742 seconds
[2019-12-09T08:19:51.209+0000][1][safepoint    ] Entering safepoint region: Cleanup
[2019-12-09T08:19:51.209+0000][1][safepoint    ] Leaving safepoint region
[2019-12-09T08:19:51.209+0000][1][safepoint    ] Total time for which application threads were stopped: 0.0000693 seconds, Stopping threads took: 0.0000170 seconds
[2019-12-09T08:19:52.209+0000][1][safepoint    ] Application time: 1.0000771 seconds
[2019-12-09T08:19:52.209+0000][1][safepoint    ] Entering safepoint region: Cleanup
[2019-12-09T08:19:52.209+0000][1][safepoint    ] Leaving safepoint region
[2019-12-09T08:19:52.209+0000][1][safepoint    ] Total time for which application threads were stopped: 0.0000749 seconds, Stopping threads took: 0.0000230 seconds
[2019-12-09T08:19:53.209+0000][1][safepoint    ] Application time: 1.0000785 seconds
[2019-12-09T08:19:53.209+0000][1][safepoint    ] Entering safepoint region: Cleanup
[2019-12-09T08:19:53.209+0000][1][safepoint    ] Leaving safepoint region
[2019-12-09T08:19:53.209+0000][1][safepoint    ] Total time for which application threads were stopped: 0.0000674 seconds, Stopping threads took: 0.0000172 seconds
[2019-12-09T08:19:54.209+0000][1][safepoint    ] Application time: 1.0000757 seconds
[2019-12-09T08:19:54.209+0000][1][safepoint    ] Entering safepoint region: Cleanup
[2019-12-09T08:19:54.210+0000][1][safepoint    ] Leaving safepoint region
[2019-12-09T08:19:54.210+0000][1][safepoint    ] Total time for which application threads were stopped: 0.0000727 seconds, Stopping threads took: 0.0000239 seconds
[2019-12-09T08:19:55.210+0000][1][safepoint    ] Application time: 1.0000748 seconds
[2019-12-09T08:19:55.210+0000][1][safepoint    ] Entering safepoint region: Cleanup
[2019-12-09T08:19:55.210+0000][1][safepoint    ] Leaving safepoint region
[2019-12-09T08:19:55.210+0000][1][safepoint    ] Total time for which application threads were stopped: 0.0000680 seconds, Stopping threads took: 0.0000185 seconds
[2019-12-09T08:19:56.210+0000][1][safepoint    ] Application time: 1.0000741 seconds
[2019-12-09T08:19:56.210+0000][1][safepoint    ] Entering safepoint region: Cleanup
[2019-12-09T08:19:56.210+0000][1][safepoint    ] Leaving safepoint region
[2019-12-09T08:19:56.210+0000][1][safepoint    ] Total time for which application threads were stopped: 0.0000717 seconds, Stopping threads took: 0.0000181 seconds
[2019-12-09T08:19:57.210+0000][1][safepoint    ] Application time: 1.0000746 seconds
[2019-12-09T08:19:57.210+0000][1][safepoint    ] Entering safepoint region: Cleanup
[2019-12-09T08:19:57.210+0000][1][safepoint    ] Leaving safepoint region
[2019-12-09T08:19:57.210+0000][1][safepoint    ] Total time for which application threads were stopped: 0.0000706 seconds, Stopping threads took: 0.0000178 seconds
[2019-12-09T08:19:58.210+0000][1][safepoint    ] Application time: 1.0000785 seconds
[2019-12-09T08:19:58.210+0000][1][safepoint    ] Entering safepoint region: Cleanup
[2019-12-09T08:19:58.210+0000][1][safepoint    ] Leaving safepoint region
[2019-12-09T08:19:58.210+0000][1][safepoint    ] Total time for which application threads were stopped: 0.0000691 seconds, Stopping threads took: 0.0000178 seconds
[2019-12-09T08:19:59.210+0000][1][safepoint    ] Application time: 1.0000770 seconds
[2019-12-09T08:19:59.210+0000][1][safepoint    ] Entering safepoint region: Cleanup
[2019-12-09T08:19:59.211+0000][1][safepoint    ] Leaving safepoint region
[2019-12-09T08:19:59.211+0000][1][safepoint    ] Total time for which application threads were stopped: 0.0000703 seconds, Stopping threads took: 0.0000172 seconds
[2019-12-09T08:20:00.211+0000][1][safepoint    ] Application time: 1.0000765 seconds
[2019-12-09T08:20:00.211+0000][1][safepoint    ] Entering safepoint region: Cleanup
[2019-12-09T08:20:00.211+0000][1][safepoint    ] Leaving safepoint region
[2019-12-09T08:20:00.211+0000][1][safepoint    ] Total time for which application threads were stopped: 0.0000784 seconds, Stopping threads took: 0.0000171 seconds
[2019-12-09T08:20:01.211+0000][1][safepoint    ] Application time: 1.0000763 seconds
[2019-12-09T08:20:01.211+0000][1][safepoint    ] Entering safepoint region: Cleanup
[2019-12-09T08:20:01.211+0000][1][safepoint    ] Leaving safepoint region
[2019-12-09T08:20:01.211+0000][1][safepoint    ] Total time for which application threads were stopped: 0.0000688 seconds, Stopping threads took: 0.0000175 seconds
[2019-12-09T08:20:02.211+0000][1][safepoint    ] Application time: 1.0000795 seconds
[2019-12-09T08:20:02.211+0000][1][safepoint    ] Entering safepoint region: Cleanup
[2019-12-09T08:20:02.211+0000][1][safepoint    ] Leaving safepoint region
[2019-12-09T08:20:02.211+0000][1][safepoint    ] Total time for which application threads were stopped: 0.0000807 seconds, Stopping threads took: 0.0000273 seconds
[2019-12-09T08:20:03.211+0000][1][safepoint    ] Application time: 1.0000790 seconds
[2019-12-09T08:20:03.211+0000][1][safepoint    ] Entering safepoint region: Cleanup
[2019-12-09T08:20:03.211+0000][1][safepoint    ] Leaving safepoint region
[2019-12-09T08:20:03.211+0000][1][safepoint    ] Total time for which application threads were stopped: 0.0000683 seconds, Stopping threads took: 0.0000180 seconds
[2019-12-09T08:20:04.211+0000][1][safepoint    ] Application time: 1.0000783 seconds
[2019-12-09T08:20:04.211+0000][1][safepoint    ] Entering safepoint region: Cleanup
[2019-12-09T08:20:04.212+0000][1][safepoint    ] Leaving safepoint region
[2019-12-09T08:20:04.212+0000][1][safepoint    ] Total time for which application threads were stopped: 0.0000761 seconds, Stopping threads took: 0.0000257 seconds
[2019-12-09T08:20:05.212+0000][1][safepoint    ] Application time: 1.0000761 seconds
[2019-12-09T08:20:05.212+0000][1][safepoint    ] Entering safepoint region: Cleanup
[2019-12-09T08:20:05.212+0000][1][safepoint    ] Leaving safepoint region
[2019-12-09T08:20:05.212+0000][1][safepoint    ] Total time for which application threads were stopped: 0.0000776 seconds, Stopping threads took: 0.0000185 seconds
[2019-12-09T08:20:05.440+0000][1][safepoint    ] Application time: 0.2279386 seconds
[2019-12-09T08:20:05.440+0000][1][safepoint    ] Entering safepoint region: GenCollectForAllocation
[2019-12-09T08:20:05.440+0000][1][gc,start     ] GC(62) Pause Young (Allocation Failure)
[2019-12-09T08:20:05.440+0000][1][gc,task      ] GC(62) Using 2 workers of 2 for evacuation
[2019-12-09T08:20:05.441+0000][1][gc,age       ] GC(62) Desired survivor size 4456448 bytes, new threshold 6 (max threshold 6)
[2019-12-09T08:20:05.441+0000][1][gc,age       ] GC(62) Age table with threshold 6 (max threshold 6)
[2019-12-09T08:20:05.441+0000][1][gc,age       ] GC(62) - age   1:       4040 bytes,       4040 total
[2019-12-09T08:20:05.441+0000][1][gc,age       ] GC(62) - age   4:        112 bytes,       4152 total
[2019-12-09T08:20:05.441+0000][1][gc,age       ] GC(62) - age   6:        456 bytes,       4608 total
[2019-12-09T08:20:05.441+0000][1][gc,heap      ] GC(62) ParNew: 69956K->6K(78656K)
[2019-12-09T08:20:05.441+0000][1][gc,heap      ] GC(62) CMS: 69457K->69457K(174784K)
[2019-12-09T08:20:05.441+0000][1][gc,metaspace ] GC(62) Metaspace: 68473K->68473K(1112064K)
[2019-12-09T08:20:05.441+0000][1][gc           ] GC(62) Pause Young (Allocation Failure) 136M->67M(247M) 1.438ms
[2019-12-09T08:20:05.441+0000][1][gc,cpu       ] GC(62) User=0.00s Sys=0.00s Real=0.00s
[2019-12-09T08:20:05.441+0000][1][safepoint    ] Leaving safepoint region
[2019-12-09T08:20:05.441+0000][1][safepoint    ] Total time for which application threads were stopped: 0.0015916 seconds, Stopping threads took: 0.0000184 seconds
[2019-12-09T08:20:06.441+0000][1][safepoint    ] Application time: 1.0000895 seconds
[2019-12-09T08:20:06.441+0000][1][safepoint    ] Entering safepoint region: Cleanup
[2019-12-09T08:20:06.441+0000][1][safepoint    ] Leaving safepoint region
[2019-12-09T08:20:06.442+0000][1][safepoint    ] Total time for which application threads were stopped: 0.0000654 seconds, Stopping threads took: 0.0000167 seconds
[2019-12-09T08:20:07.442+0000][1][safepoint    ] Application time: 1.0000772 seconds
[2019-12-09T08:20:07.442+0000][1][safepoint    ] Entering safepoint region: Cleanup
[2019-12-09T08:20:07.442+0000][1][safepoint    ] Leaving safepoint region
[2019-12-09T08:20:07.442+0000][1][safepoint    ] Total time for which application threads were stopped: 0.0000866 seconds, Stopping threads took: 0.0000258 seconds
[2019-12-09T08:20:08.442+0000][1][safepoint    ] Application time: 1.0000768 seconds
[2019-12-09T08:20:08.442+0000][1][safepoint    ] Entering safepoint region: Cleanup
[2019-12-09T08:20:08.442+0000][1][safepoint    ] Leaving safepoint region
[2019-12-09T08:20:08.442+0000][1][safepoint    ] Total time for which application threads were stopped: 0.0000654 seconds, Stopping threads took: 0.0000164 seconds
[2019-12-09T08:20:09.442+0000][1][safepoint    ] Application time: 1.0000735 seconds
[2019-12-09T08:20:09.442+0000][1][safepoint    ] Entering safepoint region: Cleanup
[2019-12-09T08:20:09.442+0000][1][safepoint    ] Leaving safepoint region
[2019-12-09T08:20:09.442+0000][1][safepoint    ] Total time for which application threads were stopped: 0.0000678 seconds, Stopping threads took: 0.0000175 seconds
[2019-12-09T08:20:10.442+0000][1][safepoint    ] Application time: 1.0000862 seconds
[2019-12-09T08:20:10.442+0000][1][safepoint    ] Entering safepoint region: Cleanup
[2019-12-09T08:20:10.442+0000][1][safepoint    ] Leaving safepoint region
[2019-12-09T08:20:10.442+0000][1][safepoint    ] Total time for which application threads were stopped: 0.0001249 seconds, Stopping threads took: 0.0000497 seconds
[2019-12-09T08:20:11.442+0000][1][safepoint    ] Application time: 1.0000855 seconds
[2019-12-09T08:20:11.442+0000][1][safepoint    ] Entering safepoint region: Cleanup
[2019-12-09T08:20:11.443+0000][1][safepoint    ] Leaving safepoint region
[2019-12-09T08:20:11.443+0000][1][safepoint    ] Total time for which application threads were stopped: 0.0000654 seconds, Stopping threads took: 0.0000165 seconds
[2019-12-09T08:20:12.443+0000][1][safepoint    ] Application time: 1.0000753 seconds
[2019-12-09T08:20:12.443+0000][1][safepoint    ] Entering safepoint region: Cleanup
[2019-12-09T08:20:12.443+0000][1][safepoint    ] Leaving safepoint region
[2019-12-09T08:20:12.443+0000][1][safepoint    ] Total time for which application threads were stopped: 0.0000801 seconds, Stopping threads took: 0.0000295 seconds
[2019-12-09T08:20:13.443+0000][1][safepoint    ] Application time: 1.0000742 seconds
[2019-12-09T08:20:13.443+0000][1][safepoint    ] Entering safepoint region: Cleanup
[2019-12-09T08:20:13.443+0000][1][safepoint    ] Leaving safepoint region
[2019-12-09T08:20:13.443+0000][1][safepoint    ] Total time for which application threads were stopped: 0.0000649 seconds, Stopping threads took: 0.0000164 seconds
[2019-12-09T08:20:14.443+0000][1][safepoint    ] Application time: 1.0000760 seconds
[2019-12-09T08:20:14.443+0000][1][safepoint    ] Entering safepoint region: Cleanup
[2019-12-09T08:20:14.443+0000][1][safepoint    ] Leaving safepoint region
[2019-12-09T08:20:14.443+0000][1][safepoint    ] Total time for which application threads were stopped: 0.0000676 seconds, Stopping threads took: 0.0000172 seconds
[2019-12-09T08:20:15.443+0000][1][safepoint    ] Application time: 1.0000797 seconds
[2019-12-09T08:20:15.443+0000][1][safepoint    ] Entering safepoint region: Cleanup
[2019-12-09T08:20:15.443+0000][1][safepoint    ] Leaving safepoint region
[2019-12-09T08:20:15.443+0000][1][safepoint    ] Total time for which application threads were stopped: 0.0000720 seconds, Stopping threads took: 0.0000186 seconds
[2019-12-09T08:20:16.443+0000][1][safepoint    ] Application time: 1.0000803 seconds
[2019-12-09T08:20:16.443+0000][1][safepoint    ] Entering safepoint region: Cleanup
[2019-12-09T08:20:16.444+0000][1][safepoint    ] Leaving safepoint region
[2019-12-09T08:20:16.444+0000][1][safepoint    ] Total time for which application threads were stopped: 0.0000687 seconds, Stopping threads took: 0.0000169 seconds
[2019-12-09T08:20:17.444+0000][1][safepoint    ] Application time: 1.0000774 seconds
[2019-12-09T08:20:17.444+0000][1][safepoint    ] Entering safepoint region: Cleanup
[2019-12-09T08:20:17.444+0000][1][safepoint    ] Leaving safepoint region
[2019-12-09T08:20:17.444+0000][1][safepoint    ] Total time for which application threads were stopped: 0.0000781 seconds, Stopping threads took: 0.0000174 seconds
[2019-12-09T08:20:18.444+0000][1][safepoint    ] Application time: 1.0000779 seconds
[2019-12-09T08:20:18.444+0000][1][safepoint    ] Entering safepoint region: Cleanup
[2019-12-09T08:20:18.444+0000][1][safepoint    ] Leaving safepoint region
[2019-12-09T08:20:18.444+0000][1][safepoint    ] Total time for which application threads were stopped: 0.0000670 seconds, Stopping threads took: 0.0000171 seconds
[2019-12-09T08:20:19.444+0000][1][safepoint    ] Application time: 1.0000769 seconds
[2019-12-09T08:20:19.444+0000][1][safepoint    ] Entering safepoint region: Cleanup
[2019-12-09T08:20:19.444+0000][1][safepoint    ] Leaving safepoint region
[2019-12-09T08:20:19.444+0000][1][safepoint    ] Total time for which application threads were stopped: 0.0000684 seconds, Stopping threads took: 0.0000185 seconds
[2019-12-09T08:20:20.444+0000][1][safepoint    ] Application time: 1.0000800 seconds
[2019-12-09T08:20:20.444+0000][1][safepoint    ] Entering safepoint region: Cleanup
[2019-12-09T08:20:20.444+0000][1][safepoint    ] Leaving safepoint region
[2019-12-09T08:20:20.444+0000][1][safepoint    ] Total time for which application threads were stopped: 0.0000777 seconds, Stopping threads took: 0.0000169 seconds
[2019-12-09T08:20:21.444+0000][1][safepoint    ] Application time: 1.0000769 seconds
[2019-12-09T08:20:21.444+0000][1][safepoint    ] Entering safepoint region: Cleanup
[2019-12-09T08:20:21.444+0000][1][safepoint    ] Leaving safepoint region
[2019-12-09T08:20:21.444+0000][1][safepoint    ] Total time for which application threads were stopped: 0.0000687 seconds, Stopping threads took: 0.0000176 seconds
[2019-12-09T08:20:23.043+0000][1][safepoint    ] Application time: 1.5988748 seconds
[2019-12-09T08:20:23.043+0000][1][safepoint    ] Entering safepoint region: Cleanup
[2019-12-09T08:20:23.043+0000][1][safepoint    ] Leaving safepoint region
[2019-12-09T08:20:23.043+0000][1][safepoint    ] Total time for which application threads were stopped: 0.0000756 seconds, Stopping threads took: 0.0000173 seconds
[2019-12-09T08:20:24.044+0000][1][safepoint    ] Application time: 1.0000800 seconds
[2019-12-09T08:20:24.044+0000][1][safepoint    ] Entering safepoint region: Cleanup
[2019-12-09T08:20:24.044+0000][1][safepoint    ] Leaving safepoint region
[2019-12-09T08:20:24.044+0000][1][safepoint    ] Total time for which application threads were stopped: 0.0000675 seconds, Stopping threads took: 0.0000164 seconds
[2019-12-09T08:20:25.044+0000][1][safepoint    ] Application time: 1.0000804 seconds
[2019-12-09T08:20:25.044+0000][1][safepoint    ] Entering safepoint region: Cleanup
[2019-12-09T08:20:25.044+0000][1][safepoint    ] Leaving safepoint region
[2019-12-09T08:20:25.044+0000][1][safepoint    ] Total time for which application threads were stopped: 0.0000693 seconds, Stopping threads took: 0.0000173 seconds
[2019-12-09T08:20:26.044+0000][1][safepoint    ] Application time: 1.0000854 seconds
[2019-12-09T08:20:26.044+0000][1][safepoint    ] Entering safepoint region: Cleanup
[2019-12-09T08:20:26.044+0000][1][safepoint    ] Leaving safepoint region
[2019-12-09T08:20:26.044+0000][1][safepoint    ] Total time for which application threads were stopped: 0.0000933 seconds, Stopping threads took: 0.0000228 seconds
[2019-12-09T08:20:27.044+0000][1][safepoint    ] Application time: 1.0000769 seconds
[2019-12-09T08:20:27.044+0000][1][safepoint    ] Entering safepoint region: Cleanup
[2019-12-09T08:20:27.044+0000][1][safepoint    ] Leaving safepoint region
[2019-12-09T08:20:27.044+0000][1][safepoint    ] Total time for which application threads were stopped: 0.0000743 seconds, Stopping threads took: 0.0000234 seconds
[2019-12-09T08:20:28.044+0000][1][safepoint    ] Application time: 1.0000848 seconds
[2019-12-09T08:20:28.044+0000][1][safepoint    ] Entering safepoint region: Cleanup
[2019-12-09T08:20:28.045+0000][1][safepoint    ] Leaving safepoint region
[2019-12-09T08:20:28.045+0000][1][safepoint    ] Total time for which application threads were stopped: 0.0000675 seconds, Stopping threads took: 0.0000174 seconds
[2019-12-09T08:20:29.045+0000][1][safepoint    ] Application time: 1.0000785 seconds
[2019-12-09T08:20:29.045+0000][1][safepoint    ] Entering safepoint region: Cleanup
[2019-12-09T08:20:29.045+0000][1][safepoint    ] Leaving safepoint region
[2019-12-09T08:20:29.045+0000][1][safepoint    ] Total time for which application threads were stopped: 0.0000794 seconds, Stopping threads took: 0.0000181 seconds
[2019-12-09T08:20:30.045+0000][1][safepoint    ] Application time: 1.0000781 seconds
[2019-12-09T08:20:30.045+0000][1][safepoint    ] Entering safepoint region: Cleanup
[2019-12-09T08:20:30.045+0000][1][safepoint    ] Leaving safepoint region
[2019-12-09T08:20:30.045+0000][1][safepoint    ] Total time for which application threads were stopped: 0.0000677 seconds, Stopping threads took: 0.0000168 seconds
[2019-12-09T08:20:31.045+0000][1][safepoint    ] Application time: 1.0000784 seconds
[2019-12-09T08:20:31.045+0000][1][safepoint    ] Entering safepoint region: Cleanup
[2019-12-09T08:20:31.045+0000][1][safepoint    ] Leaving safepoint region
[2019-12-09T08:20:31.045+0000][1][safepoint    ] Total time for which application threads were stopped: 0.0000777 seconds, Stopping threads took: 0.0000170 seconds
[2019-12-09T08:20:32.045+0000][1][safepoint    ] Application time: 1.0000758 seconds
[2019-12-09T08:20:32.045+0000][1][safepoint    ] Entering safepoint region: Cleanup
[2019-12-09T08:20:32.045+0000][1][safepoint    ] Leaving safepoint region
[2019-12-09T08:20:32.045+0000][1][safepoint    ] Total time for which application threads were stopped: 0.0000679 seconds, Stopping threads took: 0.0000168 seconds
[2019-12-09T08:20:33.045+0000][1][safepoint    ] Application time: 1.0000778 seconds
[2019-12-09T08:20:33.045+0000][1][safepoint    ] Entering safepoint region: Cleanup
[2019-12-09T08:20:33.045+0000][1][safepoint    ] Leaving safepoint region
[2019-12-09T08:20:33.045+0000][1][safepoint    ] Total time for which application threads were stopped: 0.0000661 seconds, Stopping threads took: 0.0000170 seconds
[2019-12-09T08:20:34.046+0000][1][safepoint    ] Application time: 1.0000784 seconds
[2019-12-09T08:20:34.046+0000][1][safepoint    ] Entering safepoint region: Cleanup
[2019-12-09T08:20:34.046+0000][1][safepoint    ] Leaving safepoint region
[2019-12-09T08:20:34.046+0000][1][safepoint    ] Total time for which application threads were stopped: 0.0000805 seconds, Stopping threads took: 0.0000176 seconds
[2019-12-09T08:20:35.046+0000][1][safepoint    ] Application time: 1.0000781 seconds
[2019-12-09T08:20:35.046+0000][1][safepoint    ] Entering safepoint region: Cleanup
[2019-12-09T08:20:35.046+0000][1][safepoint    ] Leaving safepoint region
[2019-12-09T08:20:35.046+0000][1][safepoint    ] Total time for which application threads were stopped: 0.0000658 seconds, Stopping threads took: 0.0000170 seconds
[2019-12-09T08:20:36.046+0000][1][safepoint    ] Application time: 1.0000759 seconds
[2019-12-09T08:20:36.046+0000][1][safepoint    ] Entering safepoint region: Cleanup
[2019-12-09T08:20:36.046+0000][1][safepoint    ] Leaving safepoint region
[2019-12-09T08:20:36.046+0000][1][safepoint    ] Total time for which application threads were stopped: 0.0000681 seconds, Stopping threads took: 0.0000172 seconds
[2019-12-09T08:20:37.046+0000][1][safepoint    ] Application time: 1.0000752 seconds
[2019-12-09T08:20:37.046+0000][1][safepoint    ] Entering safepoint region: Cleanup
[2019-12-09T08:20:37.046+0000][1][safepoint    ] Leaving safepoint region
[2019-12-09T08:20:37.046+0000][1][safepoint    ] Total time for which application threads were stopped: 0.0000752 seconds, Stopping threads took: 0.0000243 seconds
[2019-12-09T08:20:38.046+0000][1][safepoint    ] Application time: 1.0000797 seconds
[2019-12-09T08:20:38.046+0000][1][safepoint    ] Entering safepoint region: Cleanup
[2019-12-09T08:20:38.046+0000][1][safepoint    ] Leaving safepoint region
[2019-12-09T08:20:38.046+0000][1][safepoint    ] Total time for which application threads were stopped: 0.0000687 seconds, Stopping threads took: 0.0000175 seconds
[2019-12-09T08:20:39.047+0000][1][safepoint    ] Application time: 1.0000763 seconds
[2019-12-09T08:20:39.047+0000][1][safepoint    ] Entering safepoint region: Cleanup
[2019-12-09T08:20:39.047+0000][1][safepoint    ] Leaving safepoint region
[2019-12-09T08:20:39.047+0000][1][safepoint    ] Total time for which application threads were stopped: 0.0000683 seconds, Stopping threads took: 0.0000173 seconds
[2019-12-09T08:20:40.047+0000][1][safepoint    ] Application time: 1.0000819 seconds
[2019-12-09T08:20:40.047+0000][1][safepoint    ] Entering safepoint region: Cleanup
[2019-12-09T08:20:40.047+0000][1][safepoint    ] Leaving safepoint region
[2019-12-09T08:20:40.047+0000][1][safepoint    ] Total time for which application threads were stopped: 0.0000673 seconds, Stopping threads took: 0.0000172 seconds
[2019-12-09T08:20:41.047+0000][1][safepoint    ] Application time: 1.0000765 seconds
[2019-12-09T08:20:41.047+0000][1][safepoint    ] Entering safepoint region: Cleanup
[2019-12-09T08:20:41.047+0000][1][safepoint    ] Leaving safepoint region
[2019-12-09T08:20:41.047+0000][1][safepoint    ] Total time for which application threads were stopped: 0.0000751 seconds, Stopping threads took: 0.0000180 seconds
[2019-12-09T08:20:42.047+0000][1][safepoint    ] Application time: 1.0000762 seconds
[2019-12-09T08:20:42.047+0000][1][safepoint    ] Entering safepoint region: Cleanup
[2019-12-09T08:20:42.047+0000][1][safepoint    ] Leaving safepoint region
[2019-12-09T08:20:42.047+0000][1][safepoint    ] Total time for which application threads were stopped: 0.0000679 seconds, Stopping threads took: 0.0000168 seconds
[2019-12-09T08:20:43.047+0000][1][safepoint    ] Application time: 1.0000774 seconds
[2019-12-09T08:20:43.047+0000][1][safepoint    ] Entering safepoint region: Cleanup
[2019-12-09T08:20:43.047+0000][1][safepoint    ] Leaving safepoint region
[2019-12-09T08:20:43.047+0000][1][safepoint    ] Total time for which application threads were stopped: 0.0000689 seconds, Stopping threads took: 0.0000172 seconds
[2019-12-09T08:20:44.048+0000][1][safepoint    ] Application time: 1.0000770 seconds
[2019-12-09T08:20:44.048+0000][1][safepoint    ] Entering safepoint region: Cleanup
[2019-12-09T08:20:44.048+0000][1][safepoint    ] Leaving safepoint region
[2019-12-09T08:20:44.048+0000][1][safepoint    ] Total time for which application threads were stopped: 0.0000694 seconds, Stopping threads took: 0.0000173 seconds
[2019-12-09T08:20:45.048+0000][1][safepoint    ] Application time: 1.0000767 seconds
[2019-12-09T08:20:45.048+0000][1][safepoint    ] Entering safepoint region: Cleanup
[2019-12-09T08:20:45.048+0000][1][safepoint    ] Leaving safepoint region
[2019-12-09T08:20:45.048+0000][1][safepoint    ] Total time for which application threads were stopped: 0.0000686 seconds, Stopping threads took: 0.0000186 seconds
[2019-12-09T08:20:46.048+0000][1][safepoint    ] Application time: 1.0000763 seconds
[2019-12-09T08:20:46.048+0000][1][safepoint    ] Entering safepoint region: Cleanup
[2019-12-09T08:20:46.048+0000][1][safepoint    ] Leaving safepoint region
[2019-12-09T08:20:46.048+0000][1][safepoint    ] Total time for which application threads were stopped: 0.0000666 seconds, Stopping threads took: 0.0000167 seconds
[2019-12-09T08:20:47.048+0000][1][safepoint    ] Application time: 1.0000749 seconds
[2019-12-09T08:20:47.048+0000][1][safepoint    ] Entering safepoint region: Cleanup
[2019-12-09T08:20:47.048+0000][1][safepoint    ] Leaving safepoint region
[2019-12-09T08:20:47.048+0000][1][safepoint    ] Total time for which application threads were stopped: 0.0000679 seconds, Stopping threads took: 0.0000177 seconds
[2019-12-09T08:20:48.048+0000][1][safepoint    ] Application time: 1.0000770 seconds
[2019-12-09T08:20:48.048+0000][1][safepoint    ] Entering safepoint region: Cleanup
[2019-12-09T08:20:48.048+0000][1][safepoint    ] Leaving safepoint region
[2019-12-09T08:20:48.048+0000][1][safepoint    ] Total time for which application threads were stopped: 0.0000676 seconds, Stopping threads took: 0.0000178 seconds
[2019-12-09T08:20:49.048+0000][1][safepoint    ] Application time: 1.0000753 seconds
[2019-12-09T08:20:49.049+0000][1][safepoint    ] Entering safepoint region: Cleanup
[2019-12-09T08:20:49.049+0000][1][safepoint    ] Leaving safepoint region
[2019-12-09T08:20:49.049+0000][1][safepoint    ] Total time for which application threads were stopped: 0.0000677 seconds, Stopping threads took: 0.0000176 seconds
[2019-12-09T08:20:50.049+0000][1][safepoint    ] Application time: 1.0000754 seconds
[2019-12-09T08:20:50.049+0000][1][safepoint    ] Entering safepoint region: Cleanup
[2019-12-09T08:20:50.049+0000][1][safepoint    ] Leaving safepoint region
[2019-12-09T08:20:50.049+0000][1][safepoint    ] Total time for which application threads were stopped: 0.0000668 seconds, Stopping threads took: 0.0000175 seconds
[2019-12-09T08:20:51.049+0000][1][safepoint    ] Application time: 1.0000766 seconds
[2019-12-09T08:20:51.049+0000][1][safepoint    ] Entering safepoint region: Cleanup
[2019-12-09T08:20:51.049+0000][1][safepoint    ] Leaving safepoint region
[2019-12-09T08:20:51.049+0000][1][safepoint    ] Total time for which application threads were stopped: 0.0000653 seconds, Stopping threads took: 0.0000174 seconds
[2019-12-09T08:20:52.049+0000][1][safepoint    ] Application time: 1.0000789 seconds
[2019-12-09T08:20:52.049+0000][1][safepoint    ] Entering safepoint region: Cleanup
[2019-12-09T08:20:52.049+0000][1][safepoint    ] Leaving safepoint region
[2019-12-09T08:20:52.049+0000][1][safepoint    ] Total time for which application threads were stopped: 0.0000666 seconds, Stopping threads took: 0.0000166 seconds
[2019-12-09T08:20:53.049+0000][1][safepoint    ] Application time: 1.0000755 seconds
[2019-12-09T08:20:53.049+0000][1][safepoint    ] Entering safepoint region: Cleanup
[2019-12-09T08:20:53.049+0000][1][safepoint    ] Leaving safepoint region
[2019-12-09T08:20:53.049+0000][1][safepoint    ] Total time for which application threads were stopped: 0.0000668 seconds, Stopping threads took: 0.0000169 seconds
[2019-12-09T08:20:54.049+0000][1][safepoint    ] Application time: 1.0000762 seconds
[2019-12-09T08:20:54.049+0000][1][safepoint    ] Entering safepoint region: Cleanup
[2019-12-09T08:20:54.050+0000][1][safepoint    ] Leaving safepoint region
[2019-12-09T08:20:54.050+0000][1][safepoint    ] Total time for which application threads were stopped: 0.0000681 seconds, Stopping threads took: 0.0000175 seconds
[2019-12-09T08:20:55.050+0000][1][safepoint    ] Application time: 1.0000814 seconds
[2019-12-09T08:20:55.050+0000][1][safepoint    ] Entering safepoint region: Cleanup
[2019-12-09T08:20:55.050+0000][1][safepoint    ] Leaving safepoint region
[2019-12-09T08:20:55.050+0000][1][safepoint    ] Total time for which application threads were stopped: 0.0000771 seconds, Stopping threads took: 0.0000165 seconds
[2019-12-09T08:20:56.050+0000][1][safepoint    ] Application time: 1.0000803 seconds
[2019-12-09T08:20:56.050+0000][1][safepoint    ] Entering safepoint region: Cleanup
[2019-12-09T08:20:56.050+0000][1][safepoint    ] Leaving safepoint region
[2019-12-09T08:20:56.050+0000][1][safepoint    ] Total time for which application threads were stopped: 0.0000698 seconds, Stopping threads took: 0.0000175 seconds
[2019-12-09T08:20:57.050+0000][1][safepoint    ] Application time: 1.0000738 seconds
[2019-12-09T08:20:57.050+0000][1][safepoint    ] Entering safepoint region: Cleanup
[2019-12-09T08:20:57.050+0000][1][safepoint    ] Leaving safepoint region
[2019-12-09T08:20:57.050+0000][1][safepoint    ] Total time for which application threads were stopped: 0.0000688 seconds, Stopping threads took: 0.0000174 seconds
[2019-12-09T08:20:58.050+0000][1][safepoint    ] Application time: 1.0000787 seconds
[2019-12-09T08:20:58.050+0000][1][safepoint    ] Entering safepoint region: Cleanup
[2019-12-09T08:20:58.050+0000][1][safepoint    ] Leaving safepoint region
[2019-12-09T08:20:58.050+0000][1][safepoint    ] Total time for which application threads were stopped: 0.0000684 seconds, Stopping threads took: 0.0000179 seconds
[2019-12-09T08:20:59.050+0000][1][safepoint    ] Application time: 1.0000804 seconds
[2019-12-09T08:20:59.050+0000][1][safepoint    ] Entering safepoint region: Cleanup
[2019-12-09T08:20:59.050+0000][1][safepoint    ] Leaving safepoint region
[2019-12-09T08:20:59.051+0000][1][safepoint    ] Total time for which application threads were stopped: 0.0000679 seconds, Stopping threads took: 0.0000178 seconds
[2019-12-09T08:21:00.051+0000][1][safepoint    ] Application time: 1.0000834 seconds
[2019-12-09T08:21:00.051+0000][1][safepoint    ] Entering safepoint region: Cleanup
[2019-12-09T08:21:00.051+0000][1][safepoint    ] Leaving safepoint region
[2019-12-09T08:21:00.051+0000][1][safepoint    ] Total time for which application threads were stopped: 0.0000781 seconds, Stopping threads took: 0.0000181 seconds
[2019-12-09T08:21:01.051+0000][1][safepoint    ] Application time: 1.0000818 seconds
[2019-12-09T08:21:01.051+0000][1][safepoint    ] Entering safepoint region: Cleanup
[2019-12-09T08:21:01.051+0000][1][safepoint    ] Leaving safepoint region
[2019-12-09T08:21:01.051+0000][1][safepoint    ] Total time for which application threads were stopped: 0.0000691 seconds, Stopping threads took: 0.0000174 seconds
[2019-12-09T08:21:02.051+0000][1][safepoint    ] Application time: 1.0000760 seconds
[2019-12-09T08:21:02.051+0000][1][safepoint    ] Entering safepoint region: Cleanup
[2019-12-09T08:21:02.051+0000][1][safepoint    ] Leaving safepoint region
[2019-12-09T08:21:02.051+0000][1][safepoint    ] Total time for which application threads were stopped: 0.0000686 seconds, Stopping threads took: 0.0000179 seconds
[2019-12-09T08:21:03.051+0000][1][safepoint    ] Application time: 1.0000783 seconds
[2019-12-09T08:21:03.051+0000][1][safepoint    ] Entering safepoint region: Cleanup
[2019-12-09T08:21:03.051+0000][1][safepoint    ] Leaving safepoint region
[2019-12-09T08:21:03.051+0000][1][safepoint    ] Total time for which application threads were stopped: 0.0000678 seconds, Stopping threads took: 0.0000172 seconds
[2019-12-09T08:21:04.051+0000][1][safepoint    ] Application time: 1.0000796 seconds
[2019-12-09T08:21:04.051+0000][1][safepoint    ] Entering safepoint region: Cleanup
[2019-12-09T08:21:04.051+0000][1][safepoint    ] Leaving safepoint region
[2019-12-09T08:21:04.051+0000][1][safepoint    ] Total time for which application threads were stopped: 0.0000701 seconds, Stopping threads took: 0.0000173 seconds
[2019-12-09T08:21:05.052+0000][1][safepoint    ] Application time: 1.0000798 seconds
[2019-12-09T08:21:05.052+0000][1][safepoint    ] Entering safepoint region: Cleanup
[2019-12-09T08:21:05.052+0000][1][safepoint    ] Leaving safepoint region
[2019-12-09T08:21:05.052+0000][1][safepoint    ] Total time for which application threads were stopped: 0.0000809 seconds, Stopping threads took: 0.0000173 seconds
[2019-12-09T08:21:06.052+0000][1][safepoint    ] Application time: 1.0000804 seconds
[2019-12-09T08:21:06.052+0000][1][safepoint    ] Entering safepoint region: Cleanup
[2019-12-09T08:21:06.052+0000][1][safepoint    ] Leaving safepoint region
[2019-12-09T08:21:06.052+0000][1][safepoint    ] Total time for which application threads were stopped: 0.0000705 seconds, Stopping threads took: 0.0000182 seconds
[2019-12-09T08:21:07.052+0000][1][safepoint    ] Application time: 1.0000742 seconds
[2019-12-09T08:21:07.052+0000][1][safepoint    ] Entering safepoint region: Cleanup
[2019-12-09T08:21:07.052+0000][1][safepoint    ] Leaving safepoint region
[2019-12-09T08:21:07.052+0000][1][safepoint    ] Total time for which application threads were stopped: 0.0000738 seconds, Stopping threads took: 0.0000255 seconds
[2019-12-09T08:21:08.052+0000][1][safepoint    ] Application time: 1.0000775 seconds
[2019-12-09T08:21:08.052+0000][1][safepoint    ] Entering safepoint region: Cleanup
[2019-12-09T08:21:08.052+0000][1][safepoint    ] Leaving safepoint region
[2019-12-09T08:21:08.052+0000][1][safepoint    ] Total time for which application threads were stopped: 0.0000693 seconds, Stopping threads took: 0.0000176 seconds
[2019-12-09T08:21:09.052+0000][1][safepoint    ] Application time: 1.0000781 seconds
[2019-12-09T08:21:09.052+0000][1][safepoint    ] Entering safepoint region: Cleanup
[2019-12-09T08:21:09.052+0000][1][safepoint    ] Leaving safepoint region
[2019-12-09T08:21:09.052+0000][1][safepoint    ] Total time for which application threads were stopped: 0.0000682 seconds, Stopping threads took: 0.0000177 seconds
[2019-12-09T08:21:10.053+0000][1][safepoint    ] Application time: 1.0000782 seconds
[2019-12-09T08:21:10.053+0000][1][safepoint    ] Entering safepoint region: Cleanup
[2019-12-09T08:21:10.053+0000][1][safepoint    ] Leaving safepoint region
[2019-12-09T08:21:10.053+0000][1][safepoint    ] Total time for which application threads were stopped: 0.0000729 seconds, Stopping threads took: 0.0000186 seconds
[2019-12-09T08:21:11.053+0000][1][safepoint    ] Application time: 1.0000790 seconds
[2019-12-09T08:21:11.053+0000][1][safepoint    ] Entering safepoint region: Cleanup
[2019-12-09T08:21:11.053+0000][1][safepoint    ] Leaving safepoint region
[2019-12-09T08:21:11.053+0000][1][safepoint    ] Total time for which application threads were stopped: 0.0000676 seconds, Stopping threads took: 0.0000168 seconds
[2019-12-09T08:21:12.053+0000][1][safepoint    ] Application time: 1.0000745 seconds
[2019-12-09T08:21:12.053+0000][1][safepoint    ] Entering safepoint region: Cleanup
[2019-12-09T08:21:12.053+0000][1][safepoint    ] Leaving safepoint region
[2019-12-09T08:21:12.053+0000][1][safepoint    ] Total time for which application threads were stopped: 0.0000656 seconds, Stopping threads took: 0.0000168 seconds
[2019-12-09T08:21:13.053+0000][1][safepoint    ] Application time: 1.0000789 seconds
[2019-12-09T08:21:13.053+0000][1][safepoint    ] Entering safepoint region: Cleanup
[2019-12-09T08:21:13.053+0000][1][safepoint    ] Leaving safepoint region
[2019-12-09T08:21:13.053+0000][1][safepoint    ] Total time for which application threads were stopped: 0.0000660 seconds, Stopping threads took: 0.0000169 seconds
[2019-12-09T08:21:14.053+0000][1][safepoint    ] Application time: 1.0000776 seconds
[2019-12-09T08:21:14.053+0000][1][safepoint    ] Entering safepoint region: Cleanup
[2019-12-09T08:21:14.053+0000][1][safepoint    ] Leaving safepoint region
[2019-12-09T08:21:14.053+0000][1][safepoint    ] Total time for which application threads were stopped: 0.0000685 seconds, Stopping threads took: 0.0000169 seconds
[2019-12-09T08:21:15.054+0000][1][safepoint    ] Application time: 1.0000769 seconds
[2019-12-09T08:21:15.054+0000][1][safepoint    ] Entering safepoint region: Cleanup
[2019-12-09T08:21:15.054+0000][1][safepoint    ] Leaving safepoint region
[2019-12-09T08:21:15.054+0000][1][safepoint    ] Total time for which application threads were stopped: 0.0000676 seconds, Stopping threads took: 0.0000176 seconds
[2019-12-09T08:21:16.054+0000][1][safepoint    ] Application time: 1.0000759 seconds
[2019-12-09T08:21:16.054+0000][1][safepoint    ] Entering safepoint region: Cleanup
[2019-12-09T08:21:16.054+0000][1][safepoint    ] Leaving safepoint region
[2019-12-09T08:21:16.054+0000][1][safepoint    ] Total time for which application threads were stopped: 0.0000687 seconds, Stopping threads took: 0.0000182 seconds
[2019-12-09T08:21:17.054+0000][1][safepoint    ] Application time: 1.0000745 seconds
[2019-12-09T08:21:17.054+0000][1][safepoint    ] Entering safepoint region: Cleanup
[2019-12-09T08:21:17.054+0000][1][safepoint    ] Leaving safepoint region
[2019-12-09T08:21:17.054+0000][1][safepoint    ] Total time for which application threads were stopped: 0.0000748 seconds, Stopping threads took: 0.0000252 seconds
[2019-12-09T08:21:18.054+0000][1][safepoint    ] Application time: 1.0000776 seconds
[2019-12-09T08:21:18.054+0000][1][safepoint    ] Entering safepoint region: Cleanup
[2019-12-09T08:21:18.054+0000][1][safepoint    ] Leaving safepoint region
[2019-12-09T08:21:18.054+0000][1][safepoint    ] Total time for which application threads were stopped: 0.0000670 seconds, Stopping threads took: 0.0000167 seconds
[2019-12-09T08:21:19.054+0000][1][safepoint    ] Application time: 1.0000774 seconds
[2019-12-09T08:21:19.054+0000][1][safepoint    ] Entering safepoint region: Cleanup
[2019-12-09T08:21:19.054+0000][1][safepoint    ] Leaving safepoint region
[2019-12-09T08:21:19.054+0000][1][safepoint    ] Total time for which application threads were stopped: 0.0000682 seconds, Stopping threads took: 0.0000176 seconds
[2019-12-09T08:21:20.055+0000][1][safepoint    ] Application time: 1.0000779 seconds
[2019-12-09T08:21:20.055+0000][1][safepoint    ] Entering safepoint region: Cleanup
[2019-12-09T08:21:20.055+0000][1][safepoint    ] Leaving safepoint region
[2019-12-09T08:21:20.055+0000][1][safepoint    ] Total time for which application threads were stopped: 0.0000696 seconds, Stopping threads took: 0.0000180 seconds
[2019-12-09T08:21:21.055+0000][1][safepoint    ] Application time: 1.0000833 seconds
[2019-12-09T08:21:21.055+0000][1][safepoint    ] Entering safepoint region: Cleanup
[2019-12-09T08:21:21.055+0000][1][safepoint    ] Leaving safepoint region
[2019-12-09T08:21:21.055+0000][1][safepoint    ] Total time for which application threads were stopped: 0.0000674 seconds, Stopping threads took: 0.0000176 seconds
[2019-12-09T08:21:22.055+0000][1][safepoint    ] Application time: 1.0000767 seconds
[2019-12-09T08:21:22.055+0000][1][safepoint    ] Entering safepoint region: Cleanup
[2019-12-09T08:21:22.055+0000][1][safepoint    ] Leaving safepoint region
[2019-12-09T08:21:22.055+0000][1][safepoint    ] Total time for which application threads were stopped: 0.0000675 seconds, Stopping threads took: 0.0000165 seconds
[2019-12-09T08:21:23.066+0000][1][safepoint    ] Application time: 1.0109814 seconds
[2019-12-09T08:21:23.066+0000][1][safepoint    ] Entering safepoint region: Cleanup
[2019-12-09T08:21:23.066+0000][1][safepoint    ] Leaving safepoint region
[2019-12-09T08:21:23.066+0000][1][safepoint    ] Total time for which application threads were stopped: 0.0000939 seconds, Stopping threads took: 0.0000242 seconds
[2019-12-09T08:21:24.066+0000][1][safepoint    ] Application time: 1.0000797 seconds
[2019-12-09T08:21:24.066+0000][1][safepoint    ] Entering safepoint region: Cleanup
[2019-12-09T08:21:24.066+0000][1][safepoint    ] Leaving safepoint region
[2019-12-09T08:21:24.066+0000][1][safepoint    ] Total time for which application threads were stopped: 0.0000739 seconds, Stopping threads took: 0.0000225 seconds
[2019-12-09T08:21:25.066+0000][1][safepoint    ] Application time: 1.0000834 seconds
[2019-12-09T08:21:25.066+0000][1][safepoint    ] Entering safepoint region: Cleanup
[2019-12-09T08:21:25.067+0000][1][safepoint    ] Leaving safepoint region
[2019-12-09T08:21:25.067+0000][1][safepoint    ] Total time for which application threads were stopped: 0.0000803 seconds, Stopping threads took: 0.0000166 seconds
[2019-12-09T08:21:26.067+0000][1][safepoint    ] Application time: 1.0000751 seconds
[2019-12-09T08:21:26.067+0000][1][safepoint    ] Entering safepoint region: Cleanup
[2019-12-09T08:21:26.067+0000][1][safepoint    ] Leaving safepoint region
[2019-12-09T08:21:26.067+0000][1][safepoint    ] Total time for which application threads were stopped: 0.0000768 seconds, Stopping threads took: 0.0000268 seconds
[2019-12-09T08:21:27.067+0000][1][safepoint    ] Application time: 1.0000764 seconds
[2019-12-09T08:21:27.067+0000][1][safepoint    ] Entering safepoint region: Cleanup
[2019-12-09T08:21:27.067+0000][1][safepoint    ] Leaving safepoint region
[2019-12-09T08:21:27.067+0000][1][safepoint    ] Total time for which application threads were stopped: 0.0000674 seconds, Stopping threads took: 0.0000176 seconds
[2019-12-09T08:21:28.067+0000][1][safepoint    ] Application time: 1.0000756 seconds
[2019-12-09T08:21:28.067+0000][1][safepoint    ] Entering safepoint region: Cleanup
[2019-12-09T08:21:28.067+0000][1][safepoint    ] Leaving safepoint region
[2019-12-09T08:21:28.067+0000][1][safepoint    ] Total time for which application threads were stopped: 0.0000678 seconds, Stopping threads took: 0.0000174 seconds
[2019-12-09T08:21:29.067+0000][1][safepoint    ] Application time: 1.0000773 seconds
[2019-12-09T08:21:29.067+0000][1][safepoint    ] Entering safepoint region: Cleanup
[2019-12-09T08:21:29.067+0000][1][safepoint    ] Leaving safepoint region
[2019-12-09T08:21:29.067+0000][1][safepoint    ] Total time for which application threads were stopped: 0.0000885 seconds, Stopping threads took: 0.0000212 seconds
[2019-12-09T08:21:30.067+0000][1][safepoint    ] Application time: 1.0000763 seconds
[2019-12-09T08:21:30.067+0000][1][safepoint    ] Entering safepoint region: Cleanup
[2019-12-09T08:21:30.068+0000][1][safepoint    ] Leaving safepoint region
[2019-12-09T08:21:30.068+0000][1][safepoint    ] Total time for which application threads were stopped: 0.0000686 seconds, Stopping threads took: 0.0000181 seconds
[2019-12-09T08:21:31.068+0000][1][safepoint    ] Application time: 1.0000742 seconds
[2019-12-09T08:21:31.068+0000][1][safepoint    ] Entering safepoint region: Cleanup
[2019-12-09T08:21:31.068+0000][1][safepoint    ] Leaving safepoint region
[2019-12-09T08:21:31.068+0000][1][safepoint    ] Total time for which application threads were stopped: 0.0000791 seconds, Stopping threads took: 0.0000171 seconds
[2019-12-09T08:21:32.068+0000][1][safepoint    ] Application time: 1.0000737 seconds
[2019-12-09T08:21:32.068+0000][1][safepoint    ] Entering safepoint region: Cleanup
[2019-12-09T08:21:32.068+0000][1][safepoint    ] Leaving safepoint region
[2019-12-09T08:21:32.068+0000][1][safepoint    ] Total time for which application threads were stopped: 0.0000661 seconds, Stopping threads took: 0.0000167 seconds
[2019-12-09T08:21:33.068+0000][1][safepoint    ] Application time: 1.0000761 seconds
[2019-12-09T08:21:33.068+0000][1][safepoint    ] Entering safepoint region: Cleanup
[2019-12-09T08:21:33.068+0000][1][safepoint    ] Leaving safepoint region
[2019-12-09T08:21:33.068+0000][1][safepoint    ] Total time for which application threads were stopped: 0.0000668 seconds, Stopping threads took: 0.0000172 seconds
[2019-12-09T08:21:34.068+0000][1][safepoint    ] Application time: 1.0000750 seconds
[2019-12-09T08:21:34.068+0000][1][safepoint    ] Entering safepoint region: Cleanup
[2019-12-09T08:21:34.068+0000][1][safepoint    ] Leaving safepoint region
[2019-12-09T08:21:34.068+0000][1][safepoint    ] Total time for which application threads were stopped: 0.0000684 seconds, Stopping threads took: 0.0000169 seconds
[2019-12-09T08:21:35.068+0000][1][safepoint    ] Application time: 1.0000753 seconds
[2019-12-09T08:21:35.068+0000][1][safepoint    ] Entering safepoint region: Cleanup
[2019-12-09T08:21:35.068+0000][1][safepoint    ] Leaving safepoint region
[2019-12-09T08:21:35.068+0000][1][safepoint    ] Total time for which application threads were stopped: 0.0000701 seconds, Stopping threads took: 0.0000178 seconds
[2019-12-09T08:21:36.069+0000][1][safepoint    ] Application time: 1.0000766 seconds
[2019-12-09T08:21:36.069+0000][1][safepoint    ] Entering safepoint region: Cleanup
[2019-12-09T08:21:36.069+0000][1][safepoint    ] Leaving safepoint region
[2019-12-09T08:21:36.069+0000][1][safepoint    ] Total time for which application threads were stopped: 0.0000668 seconds, Stopping threads took: 0.0000170 seconds
[2019-12-09T08:21:37.069+0000][1][safepoint    ] Application time: 1.0000864 seconds
[2019-12-09T08:21:37.069+0000][1][safepoint    ] Entering safepoint region: Cleanup
[2019-12-09T08:21:37.069+0000][1][safepoint    ] Leaving safepoint region
[2019-12-09T08:21:37.069+0000][1][safepoint    ] Total time for which application threads were stopped: 0.0000671 seconds, Stopping threads took: 0.0000170 seconds
[2019-12-09T08:21:38.069+0000][1][safepoint    ] Application time: 1.0000756 seconds
[2019-12-09T08:21:38.069+0000][1][safepoint    ] Entering safepoint region: Cleanup
[2019-12-09T08:21:38.069+0000][1][safepoint    ] Leaving safepoint region
[2019-12-09T08:21:38.069+0000][1][safepoint    ] Total time for which application threads were stopped: 0.0000671 seconds, Stopping threads took: 0.0000171 seconds
[2019-12-09T08:21:39.069+0000][1][safepoint    ] Application time: 1.0000757 seconds
[2019-12-09T08:21:39.069+0000][1][safepoint    ] Entering safepoint region: Cleanup
[2019-12-09T08:21:39.069+0000][1][safepoint    ] Leaving safepoint region
[2019-12-09T08:21:39.069+0000][1][safepoint    ] Total time for which application threads were stopped: 0.0000659 seconds, Stopping threads took: 0.0000165 seconds
[2019-12-09T08:21:40.069+0000][1][safepoint    ] Application time: 1.0000756 seconds
[2019-12-09T08:21:40.069+0000][1][safepoint    ] Entering safepoint region: Cleanup
[2019-12-09T08:21:40.069+0000][1][safepoint    ] Leaving safepoint region
[2019-12-09T08:21:40.069+0000][1][safepoint    ] Total time for which application threads were stopped: 0.0000666 seconds, Stopping threads took: 0.0000171 seconds
[2019-12-09T08:21:41.070+0000][1][safepoint    ] Application time: 1.0000741 seconds
[2019-12-09T08:21:41.070+0000][1][safepoint    ] Entering safepoint region: Cleanup
[2019-12-09T08:21:41.070+0000][1][safepoint    ] Leaving safepoint region
[2019-12-09T08:21:41.070+0000][1][safepoint    ] Total time for which application threads were stopped: 0.0000664 seconds, Stopping threads took: 0.0000171 seconds
[2019-12-09T08:21:42.070+0000][1][safepoint    ] Application time: 1.0000857 seconds
[2019-12-09T08:21:42.070+0000][1][safepoint    ] Entering safepoint region: Cleanup
[2019-12-09T08:21:42.070+0000][1][safepoint    ] Leaving safepoint region
[2019-12-09T08:21:42.070+0000][1][safepoint    ] Total time for which application threads were stopped: 0.0000653 seconds, Stopping threads took: 0.0000170 seconds
[2019-12-09T08:21:43.070+0000][1][safepoint    ] Application time: 1.0000756 seconds
[2019-12-09T08:21:43.070+0000][1][safepoint    ] Entering safepoint region: Cleanup
[2019-12-09T08:21:43.070+0000][1][safepoint    ] Leaving safepoint region
[2019-12-09T08:21:43.070+0000][1][safepoint    ] Total time for which application threads were stopped: 0.0000644 seconds, Stopping threads took: 0.0000157 seconds
[2019-12-09T08:21:44.070+0000][1][safepoint    ] Application time: 1.0000785 seconds
[2019-12-09T08:21:44.070+0000][1][safepoint    ] Entering safepoint region: Cleanup
[2019-12-09T08:21:44.070+0000][1][safepoint    ] Leaving safepoint region
[2019-12-09T08:21:44.070+0000][1][safepoint    ] Total time for which application threads were stopped: 0.0000677 seconds, Stopping threads took: 0.0000164 seconds
[2019-12-09T08:21:45.070+0000][1][safepoint    ] Application time: 1.0000783 seconds
[2019-12-09T08:21:45.070+0000][1][safepoint    ] Entering safepoint region: Cleanup
[2019-12-09T08:21:45.070+0000][1][safepoint    ] Leaving safepoint region
[2019-12-09T08:21:45.070+0000][1][safepoint    ] Total time for which application threads were stopped: 0.0000671 seconds, Stopping threads took: 0.0000180 seconds
[2019-12-09T08:21:46.070+0000][1][safepoint    ] Application time: 1.0000798 seconds
[2019-12-09T08:21:46.071+0000][1][safepoint    ] Entering safepoint region: Cleanup
[2019-12-09T08:21:46.071+0000][1][safepoint    ] Leaving safepoint region
[2019-12-09T08:21:46.071+0000][1][safepoint    ] Total time for which application threads were stopped: 0.0000653 seconds, Stopping threads took: 0.0000160 seconds
[2019-12-09T08:21:47.071+0000][1][safepoint    ] Application time: 1.0000763 seconds
[2019-12-09T08:21:47.071+0000][1][safepoint    ] Entering safepoint region: Cleanup
[2019-12-09T08:21:47.071+0000][1][safepoint    ] Leaving safepoint region
[2019-12-09T08:21:47.071+0000][1][safepoint    ] Total time for which application threads were stopped: 0.0000786 seconds, Stopping threads took: 0.0000268 seconds
[2019-12-09T08:21:48.071+0000][1][safepoint    ] Application time: 1.0000787 seconds
[2019-12-09T08:21:48.071+0000][1][safepoint    ] Entering safepoint region: Cleanup
[2019-12-09T08:21:48.071+0000][1][safepoint    ] Leaving safepoint region
[2019-12-09T08:21:48.071+0000][1][safepoint    ] Total time for which application threads were stopped: 0.0000665 seconds, Stopping threads took: 0.0000165 seconds
[2019-12-09T08:21:49.071+0000][1][safepoint    ] Application time: 1.0000778 seconds
[2019-12-09T08:21:49.071+0000][1][safepoint    ] Entering safepoint region: Cleanup
[2019-12-09T08:21:49.071+0000][1][safepoint    ] Leaving safepoint region
[2019-12-09T08:21:49.071+0000][1][safepoint    ] Total time for which application threads were stopped: 0.0000675 seconds, Stopping threads took: 0.0000181 seconds
[2019-12-09T08:21:50.071+0000][1][safepoint    ] Application time: 1.0000797 seconds
[2019-12-09T08:21:50.071+0000][1][safepoint    ] Entering safepoint region: Cleanup
[2019-12-09T08:21:50.071+0000][1][safepoint    ] Leaving safepoint region
[2019-12-09T08:21:50.071+0000][1][safepoint    ] Total time for which application threads were stopped: 0.0000684 seconds, Stopping threads took: 0.0000167 seconds
[2019-12-09T08:21:51.071+0000][1][safepoint    ] Application time: 1.0000796 seconds
[2019-12-09T08:21:51.071+0000][1][safepoint    ] Entering safepoint region: Cleanup
[2019-12-09T08:21:51.072+0000][1][safepoint    ] Leaving safepoint region
[2019-12-09T08:21:51.072+0000][1][safepoint    ] Total time for which application threads were stopped: 0.0000699 seconds, Stopping threads took: 0.0000176 seconds
[2019-12-09T08:21:52.072+0000][1][safepoint    ] Application time: 1.0000819 seconds
[2019-12-09T08:21:52.072+0000][1][safepoint    ] Entering safepoint region: Cleanup
[2019-12-09T08:21:52.072+0000][1][safepoint    ] Leaving safepoint region
[2019-12-09T08:21:52.072+0000][1][safepoint    ] Total time for which application threads were stopped: 0.0000973 seconds, Stopping threads took: 0.0000253 seconds
[2019-12-09T08:21:53.072+0000][1][safepoint    ] Application time: 1.0000801 seconds
[2019-12-09T08:21:53.072+0000][1][safepoint    ] Entering safepoint region: Cleanup
[2019-12-09T08:21:53.072+0000][1][safepoint    ] Leaving safepoint region
[2019-12-09T08:21:53.072+0000][1][safepoint    ] Total time for which application threads were stopped: 0.0000650 seconds, Stopping threads took: 0.0000153 seconds
[2019-12-09T08:21:54.072+0000][1][safepoint    ] Application time: 1.0000767 seconds
[2019-12-09T08:21:54.072+0000][1][safepoint    ] Entering safepoint region: Cleanup
[2019-12-09T08:21:54.072+0000][1][safepoint    ] Leaving safepoint region
[2019-12-09T08:21:54.072+0000][1][safepoint    ] Total time for which application threads were stopped: 0.0000683 seconds, Stopping threads took: 0.0000168 seconds
[2019-12-09T08:21:55.072+0000][1][safepoint    ] Application time: 1.0000790 seconds
[2019-12-09T08:21:55.072+0000][1][safepoint    ] Entering safepoint region: Cleanup
[2019-12-09T08:21:55.072+0000][1][safepoint    ] Leaving safepoint region
[2019-12-09T08:21:55.072+0000][1][safepoint    ] Total time for which application threads were stopped: 0.0000683 seconds, Stopping threads took: 0.0000172 seconds
[2019-12-09T08:21:56.072+0000][1][safepoint    ] Application time: 1.0000775 seconds
[2019-12-09T08:21:56.073+0000][1][safepoint    ] Entering safepoint region: Cleanup
[2019-12-09T08:21:56.073+0000][1][safepoint    ] Leaving safepoint region
[2019-12-09T08:21:56.073+0000][1][safepoint    ] Total time for which application threads were stopped: 0.0000709 seconds, Stopping threads took: 0.0000186 seconds
[2019-12-09T08:21:57.073+0000][1][safepoint    ] Application time: 1.0000777 seconds
[2019-12-09T08:21:57.073+0000][1][safepoint    ] Entering safepoint region: Cleanup
[2019-12-09T08:21:57.073+0000][1][safepoint    ] Leaving safepoint region
[2019-12-09T08:21:57.073+0000][1][safepoint    ] Total time for which application threads were stopped: 0.0000680 seconds, Stopping threads took: 0.0000182 seconds
[2019-12-09T08:21:58.073+0000][1][safepoint    ] Application time: 1.0000755 seconds
[2019-12-09T08:21:58.073+0000][1][safepoint    ] Entering safepoint region: Cleanup
[2019-12-09T08:21:58.073+0000][1][safepoint    ] Leaving safepoint region
[2019-12-09T08:21:58.073+0000][1][safepoint    ] Total time for which application threads were stopped: 0.0000666 seconds, Stopping threads took: 0.0000164 seconds
[2019-12-09T08:21:59.073+0000][1][safepoint    ] Application time: 1.0000755 seconds
[2019-12-09T08:21:59.073+0000][1][safepoint    ] Entering safepoint region: Cleanup
[2019-12-09T08:21:59.073+0000][1][safepoint    ] Leaving safepoint region
[2019-12-09T08:21:59.073+0000][1][safepoint    ] Total time for which application threads were stopped: 0.0000678 seconds, Stopping threads took: 0.0000173 seconds
[2019-12-09T08:22:00.073+0000][1][safepoint    ] Application time: 1.0000751 seconds
[2019-12-09T08:22:00.073+0000][1][safepoint    ] Entering safepoint region: Cleanup
[2019-12-09T08:22:00.073+0000][1][safepoint    ] Leaving safepoint region
[2019-12-09T08:22:00.073+0000][1][safepoint    ] Total time for which application threads were stopped: 0.0000680 seconds, Stopping threads took: 0.0000168 seconds
[2019-12-09T08:22:01.073+0000][1][safepoint    ] Application time: 1.0000783 seconds
[2019-12-09T08:22:01.073+0000][1][safepoint    ] Entering safepoint region: Cleanup
[2019-12-09T08:22:01.074+0000][1][safepoint    ] Leaving safepoint region
[2019-12-09T08:22:01.074+0000][1][safepoint    ] Total time for which application threads were stopped: 0.0000676 seconds, Stopping threads took: 0.0000173 seconds
[2019-12-09T08:22:02.074+0000][1][safepoint    ] Application time: 1.0000784 seconds
[2019-12-09T08:22:02.074+0000][1][safepoint    ] Entering safepoint region: Cleanup
[2019-12-09T08:22:02.074+0000][1][safepoint    ] Leaving safepoint region
[2019-12-09T08:22:02.074+0000][1][safepoint    ] Total time for which application threads were stopped: 0.0000891 seconds, Stopping threads took: 0.0000217 seconds
[2019-12-09T08:22:03.074+0000][1][safepoint    ] Application time: 1.0000807 seconds
[2019-12-09T08:22:03.074+0000][1][safepoint    ] Entering safepoint region: Cleanup
[2019-12-09T08:22:03.074+0000][1][safepoint    ] Leaving safepoint region
[2019-12-09T08:22:03.074+0000][1][safepoint    ] Total time for which application threads were stopped: 0.0000660 seconds, Stopping threads took: 0.0000167 seconds
[2019-12-09T08:22:04.074+0000][1][safepoint    ] Application time: 1.0000775 seconds
[2019-12-09T08:22:04.074+0000][1][safepoint    ] Entering safepoint region: Cleanup
[2019-12-09T08:22:04.074+0000][1][safepoint    ] Leaving safepoint region
[2019-12-09T08:22:04.074+0000][1][safepoint    ] Total time for which application threads were stopped: 0.0000667 seconds, Stopping threads took: 0.0000168 seconds
[2019-12-09T08:22:05.074+0000][1][safepoint    ] Application time: 1.0000773 seconds
[2019-12-09T08:22:05.074+0000][1][safepoint    ] Entering safepoint region: Cleanup
[2019-12-09T08:22:05.074+0000][1][safepoint    ] Leaving safepoint region
[2019-12-09T08:22:05.074+0000][1][safepoint    ] Total time for which application threads were stopped: 0.0000667 seconds, Stopping threads took: 0.0000175 seconds
[2019-12-09T08:22:05.481+0000][1][safepoint    ] Application time: 0.4070996 seconds
[2019-12-09T08:22:05.481+0000][1][safepoint    ] Entering safepoint region: GenCollectForAllocation
[2019-12-09T08:22:05.482+0000][1][gc,start     ] GC(63) Pause Young (Allocation Failure)
[2019-12-09T08:22:05.482+0000][1][gc,task      ] GC(63) Using 2 workers of 2 for evacuation
[2019-12-09T08:22:05.483+0000][1][gc,age       ] GC(63) Desired survivor size 4456448 bytes, new threshold 6 (max threshold 6)
[2019-12-09T08:22:05.483+0000][1][gc,age       ] GC(63) Age table with threshold 6 (max threshold 6)
[2019-12-09T08:22:05.483+0000][1][gc,age       ] GC(63) - age   1:       4048 bytes,       4048 total
[2019-12-09T08:22:05.483+0000][1][gc,age       ] GC(63) - age   5:        112 bytes,       4160 total
[2019-12-09T08:22:05.483+0000][1][gc,heap      ] GC(63) ParNew: 69958K->6K(78656K)
[2019-12-09T08:22:05.483+0000][1][gc,heap      ] GC(63) CMS: 69457K->69458K(174784K)
[2019-12-09T08:22:05.483+0000][1][gc,metaspace ] GC(63) Metaspace: 68474K->68474K(1112064K)
[2019-12-09T08:22:05.483+0000][1][gc           ] GC(63) Pause Young (Allocation Failure) 136M->67M(247M) 1.360ms
[2019-12-09T08:22:05.483+0000][1][gc,cpu       ] GC(63) User=0.00s Sys=0.00s Real=0.00s
[2019-12-09T08:22:05.483+0000][1][safepoint    ] Leaving safepoint region
[2019-12-09T08:22:05.483+0000][1][safepoint    ] Total time for which application threads were stopped: 0.0014920 seconds, Stopping threads took: 0.0000150 seconds
[2019-12-09T08:22:06.483+0000][1][safepoint    ] Application time: 1.0000844 seconds
[2019-12-09T08:22:06.483+0000][1][safepoint    ] Entering safepoint region: Cleanup
[2019-12-09T08:22:06.483+0000][1][safepoint    ] Leaving safepoint region
[2019-12-09T08:22:06.483+0000][1][safepoint    ] Total time for which application threads were stopped: 0.0000671 seconds, Stopping threads took: 0.0000172 seconds
[2019-12-09T08:22:07.483+0000][1][safepoint    ] Application time: 1.0000737 seconds
[2019-12-09T08:22:07.483+0000][1][safepoint    ] Entering safepoint region: Cleanup
[2019-12-09T08:22:07.483+0000][1][safepoint    ] Leaving safepoint region
[2019-12-09T08:22:07.483+0000][1][safepoint    ] Total time for which application threads were stopped: 0.0000692 seconds, Stopping threads took: 0.0000169 seconds
[2019-12-09T08:22:08.483+0000][1][safepoint    ] Application time: 1.0000756 seconds
[2019-12-09T08:22:08.483+0000][1][safepoint    ] Entering safepoint region: Cleanup
[2019-12-09T08:22:08.484+0000][1][safepoint    ] Leaving safepoint region
[2019-12-09T08:22:08.484+0000][1][safepoint    ] Total time for which application threads were stopped: 0.0000697 seconds, Stopping threads took: 0.0000153 seconds
[2019-12-09T08:22:09.484+0000][1][safepoint    ] Application time: 1.0000749 seconds
[2019-12-09T08:22:09.484+0000][1][safepoint    ] Entering safepoint region: Cleanup
[2019-12-09T08:22:09.484+0000][1][safepoint    ] Leaving safepoint region
[2019-12-09T08:22:09.484+0000][1][safepoint    ] Total time for which application threads were stopped: 0.0000770 seconds, Stopping threads took: 0.0000174 seconds
[2019-12-09T08:22:10.484+0000][1][safepoint    ] Application time: 1.0000804 seconds
[2019-12-09T08:22:10.484+0000][1][safepoint    ] Entering safepoint region: Cleanup
[2019-12-09T08:22:10.484+0000][1][safepoint    ] Leaving safepoint region
[2019-12-09T08:22:10.484+0000][1][safepoint    ] Total time for which application threads were stopped: 0.0001373 seconds, Stopping threads took: 0.0000796 seconds
[2019-12-09T08:22:11.484+0000][1][safepoint    ] Application time: 1.0000809 seconds
[2019-12-09T08:22:11.484+0000][1][safepoint    ] Entering safepoint region: Cleanup
[2019-12-09T08:22:11.484+0000][1][safepoint    ] Leaving safepoint region
[2019-12-09T08:22:11.484+0000][1][safepoint    ] Total time for which application threads were stopped: 0.0000676 seconds, Stopping threads took: 0.0000169 seconds
[2019-12-09T08:22:12.484+0000][1][safepoint    ] Application time: 1.0000744 seconds
[2019-12-09T08:22:12.484+0000][1][safepoint    ] Entering safepoint region: Cleanup
[2019-12-09T08:22:12.484+0000][1][safepoint    ] Leaving safepoint region
[2019-12-09T08:22:12.484+0000][1][safepoint    ] Total time for which application threads were stopped: 0.0000645 seconds, Stopping threads took: 0.0000156 seconds
[2019-12-09T08:22:13.484+0000][1][safepoint    ] Application time: 1.0000743 seconds
[2019-12-09T08:22:13.484+0000][1][safepoint    ] Entering safepoint region: Cleanup
[2019-12-09T08:22:13.485+0000][1][safepoint    ] Leaving safepoint region
[2019-12-09T08:22:13.485+0000][1][safepoint    ] Total time for which application threads were stopped: 0.0000668 seconds, Stopping threads took: 0.0000170 seconds
[2019-12-09T08:22:14.485+0000][1][safepoint    ] Application time: 1.0000748 seconds
[2019-12-09T08:22:14.485+0000][1][safepoint    ] Entering safepoint region: Cleanup
[2019-12-09T08:22:14.485+0000][1][safepoint    ] Leaving safepoint region
[2019-12-09T08:22:14.485+0000][1][safepoint    ] Total time for which application threads were stopped: 0.0000744 seconds, Stopping threads took: 0.0000160 seconds
[2019-12-09T08:22:15.485+0000][1][safepoint    ] Application time: 1.0000746 seconds
[2019-12-09T08:22:15.485+0000][1][safepoint    ] Entering safepoint region: Cleanup
[2019-12-09T08:22:15.485+0000][1][safepoint    ] Leaving safepoint region
[2019-12-09T08:22:15.485+0000][1][safepoint    ] Total time for which application threads were stopped: 0.0000629 seconds, Stopping threads took: 0.0000149 seconds
[2019-12-09T08:22:16.485+0000][1][safepoint    ] Application time: 1.0000739 seconds
[2019-12-09T08:22:16.485+0000][1][safepoint    ] Entering safepoint region: Cleanup
[2019-12-09T08:22:16.485+0000][1][safepoint    ] Leaving safepoint region
[2019-12-09T08:22:16.485+0000][1][safepoint    ] Total time for which application threads were stopped: 0.0000644 seconds, Stopping threads took: 0.0000157 seconds
[2019-12-09T08:22:17.485+0000][1][safepoint    ] Application time: 1.0000752 seconds
[2019-12-09T08:22:17.485+0000][1][safepoint    ] Entering safepoint region: Cleanup
[2019-12-09T08:22:17.485+0000][1][safepoint    ] Leaving safepoint region
[2019-12-09T08:22:17.485+0000][1][safepoint    ] Total time for which application threads were stopped: 0.0000708 seconds, Stopping threads took: 0.0000222 seconds
[2019-12-09T08:22:18.485+0000][1][safepoint    ] Application time: 1.0000742 seconds
[2019-12-09T08:22:18.485+0000][1][safepoint    ] Entering safepoint region: Cleanup
[2019-12-09T08:22:18.485+0000][1][safepoint    ] Leaving safepoint region
[2019-12-09T08:22:18.485+0000][1][safepoint    ] Total time for which application threads were stopped: 0.0000728 seconds, Stopping threads took: 0.0000165 seconds
[2019-12-09T08:22:19.486+0000][1][safepoint    ] Application time: 1.0000740 seconds
[2019-12-09T08:22:19.486+0000][1][safepoint    ] Entering safepoint region: Cleanup
[2019-12-09T08:22:19.486+0000][1][safepoint    ] Leaving safepoint region
[2019-12-09T08:22:19.486+0000][1][safepoint    ] Total time for which application threads were stopped: 0.0000660 seconds, Stopping threads took: 0.0000161 seconds
[2019-12-09T08:22:20.486+0000][1][safepoint    ] Application time: 1.0000750 seconds
[2019-12-09T08:22:20.486+0000][1][safepoint    ] Entering safepoint region: Cleanup
[2019-12-09T08:22:20.486+0000][1][safepoint    ] Leaving safepoint region
[2019-12-09T08:22:20.486+0000][1][safepoint    ] Total time for which application threads were stopped: 0.0000662 seconds, Stopping threads took: 0.0000163 seconds
[2019-12-09T08:22:21.486+0000][1][safepoint    ] Application time: 1.0000758 seconds
[2019-12-09T08:22:21.486+0000][1][safepoint    ] Entering safepoint region: Cleanup
[2019-12-09T08:22:21.486+0000][1][safepoint    ] Leaving safepoint region
[2019-12-09T08:22:21.486+0000][1][safepoint    ] Total time for which application threads were stopped: 0.0000673 seconds, Stopping threads took: 0.0000161 seconds
[2019-12-09T08:22:22.486+0000][1][safepoint    ] Application time: 1.0000764 seconds
[2019-12-09T08:22:22.486+0000][1][safepoint    ] Entering safepoint region: Cleanup
[2019-12-09T08:22:22.486+0000][1][safepoint    ] Leaving safepoint region
[2019-12-09T08:22:22.486+0000][1][safepoint    ] Total time for which application threads were stopped: 0.0000658 seconds, Stopping threads took: 0.0000169 seconds
[2019-12-09T08:22:23.486+0000][1][safepoint    ] Application time: 1.0000758 seconds
[2019-12-09T08:22:23.486+0000][1][safepoint    ] Entering safepoint region: Cleanup
[2019-12-09T08:22:23.486+0000][1][safepoint    ] Leaving safepoint region
[2019-12-09T08:22:23.486+0000][1][safepoint    ] Total time for which application threads were stopped: 0.0000667 seconds, Stopping threads took: 0.0000169 seconds
[2019-12-09T08:22:24.486+0000][1][safepoint    ] Application time: 1.0000756 seconds
[2019-12-09T08:22:24.486+0000][1][safepoint    ] Entering safepoint region: Cleanup
[2019-12-09T08:22:24.487+0000][1][safepoint    ] Leaving safepoint region
[2019-12-09T08:22:24.487+0000][1][safepoint    ] Total time for which application threads were stopped: 0.0000745 seconds, Stopping threads took: 0.0000168 seconds
[2019-12-09T08:22:25.487+0000][1][safepoint    ] Application time: 1.0000753 seconds
[2019-12-09T08:22:25.487+0000][1][safepoint    ] Entering safepoint region: Cleanup
[2019-12-09T08:22:25.487+0000][1][safepoint    ] Leaving safepoint region
[2019-12-09T08:22:25.487+0000][1][safepoint    ] Total time for which application threads were stopped: 0.0000681 seconds, Stopping threads took: 0.0000184 seconds
[2019-12-09T08:22:26.487+0000][1][safepoint    ] Application time: 1.0000754 seconds
[2019-12-09T08:22:26.487+0000][1][safepoint    ] Entering safepoint region: Cleanup
[2019-12-09T08:22:26.487+0000][1][safepoint    ] Leaving safepoint region
[2019-12-09T08:22:26.487+0000][1][safepoint    ] Total time for which application threads were stopped: 0.0000655 seconds, Stopping threads took: 0.0000170 seconds
[2019-12-09T08:22:27.487+0000][1][safepoint    ] Application time: 1.0000764 seconds
[2019-12-09T08:22:27.487+0000][1][safepoint    ] Entering safepoint region: Cleanup
[2019-12-09T08:22:27.487+0000][1][safepoint    ] Leaving safepoint region
[2019-12-09T08:22:27.487+0000][1][safepoint    ] Total time for which application threads were stopped: 0.0000694 seconds, Stopping threads took: 0.0000214 seconds
[2019-12-09T08:22:28.487+0000][1][safepoint    ] Application time: 1.0000746 seconds
[2019-12-09T08:22:28.487+0000][1][safepoint    ] Entering safepoint region: Cleanup
[2019-12-09T08:22:28.487+0000][1][safepoint    ] Leaving safepoint region
[2019-12-09T08:22:28.487+0000][1][safepoint    ] Total time for which application threads were stopped: 0.0000660 seconds, Stopping threads took: 0.0000173 seconds
[2019-12-09T08:22:29.487+0000][1][safepoint    ] Application time: 1.0000754 seconds
[2019-12-09T08:22:29.487+0000][1][safepoint    ] Entering safepoint region: Cleanup
[2019-12-09T08:22:29.487+0000][1][safepoint    ] Leaving safepoint region
[2019-12-09T08:22:29.487+0000][1][safepoint    ] Total time for which application threads were stopped: 0.0000630 seconds, Stopping threads took: 0.0000166 seconds
[2019-12-09T08:22:30.488+0000][1][safepoint    ] Application time: 1.0000770 seconds
[2019-12-09T08:22:30.488+0000][1][safepoint    ] Entering safepoint region: Cleanup
[2019-12-09T08:22:30.488+0000][1][safepoint    ] Leaving safepoint region
[2019-12-09T08:22:30.488+0000][1][safepoint    ] Total time for which application threads were stopped: 0.0000636 seconds, Stopping threads took: 0.0000156 seconds
[2019-12-09T08:22:31.488+0000][1][safepoint    ] Application time: 1.0000876 seconds
[2019-12-09T08:22:31.488+0000][1][safepoint    ] Entering safepoint region: Cleanup
[2019-12-09T08:22:31.488+0000][1][safepoint    ] Leaving safepoint region
[2019-12-09T08:22:31.488+0000][1][safepoint    ] Total time for which application threads were stopped: 0.0000652 seconds, Stopping threads took: 0.0000164 seconds
[2019-12-09T08:22:33.393+0000][1][safepoint    ] Application time: 1.9055829 seconds
[2019-12-09T08:22:33.393+0000][1][safepoint    ] Entering safepoint region: Cleanup
[2019-12-09T08:22:33.394+0000][1][safepoint    ] Leaving safepoint region
[2019-12-09T08:22:33.394+0000][1][safepoint    ] Total time for which application threads were stopped: 0.0000669 seconds, Stopping threads took: 0.0000170 seconds
[2019-12-09T08:22:34.394+0000][1][safepoint    ] Application time: 1.0000758 seconds
[2019-12-09T08:22:34.394+0000][1][safepoint    ] Entering safepoint region: Cleanup
[2019-12-09T08:22:34.394+0000][1][safepoint    ] Leaving safepoint region
[2019-12-09T08:22:34.394+0000][1][safepoint    ] Total time for which application threads were stopped: 0.0000768 seconds, Stopping threads took: 0.0000282 seconds
[2019-12-09T08:22:35.394+0000][1][safepoint    ] Application time: 1.0000762 seconds
[2019-12-09T08:22:35.394+0000][1][safepoint    ] Entering safepoint region: Cleanup
[2019-12-09T08:22:35.394+0000][1][safepoint    ] Leaving safepoint region
[2019-12-09T08:22:35.394+0000][1][safepoint    ] Total time for which application threads were stopped: 0.0000689 seconds, Stopping threads took: 0.0000178 seconds
[2019-12-09T08:22:36.394+0000][1][safepoint    ] Application time: 1.0000770 seconds
[2019-12-09T08:22:36.394+0000][1][safepoint    ] Entering safepoint region: Cleanup
[2019-12-09T08:22:36.394+0000][1][safepoint    ] Leaving safepoint region
[2019-12-09T08:22:36.394+0000][1][safepoint    ] Total time for which application threads were stopped: 0.0000654 seconds, Stopping threads took: 0.0000159 seconds
[2019-12-09T08:22:37.394+0000][1][safepoint    ] Application time: 1.0000758 seconds
[2019-12-09T08:22:37.394+0000][1][safepoint    ] Entering safepoint region: Cleanup
[2019-12-09T08:22:37.394+0000][1][safepoint    ] Leaving safepoint region
[2019-12-09T08:22:37.394+0000][1][safepoint    ] Total time for which application threads were stopped: 0.0000673 seconds, Stopping threads took: 0.0000167 seconds
[2019-12-09T08:22:38.395+0000][1][safepoint    ] Application time: 1.0002523 seconds
[2019-12-09T08:22:38.395+0000][1][safepoint    ] Entering safepoint region: Cleanup
[2019-12-09T08:22:38.395+0000][1][safepoint    ] Leaving safepoint region
[2019-12-09T08:22:38.395+0000][1][safepoint    ] Total time for which application threads were stopped: 0.0000885 seconds, Stopping threads took: 0.0000196 seconds
[2019-12-09T08:22:39.395+0000][1][safepoint    ] Application time: 1.0000774 seconds
[2019-12-09T08:22:39.395+0000][1][safepoint    ] Entering safepoint region: Cleanup
[2019-12-09T08:22:39.395+0000][1][safepoint    ] Leaving safepoint region
[2019-12-09T08:22:39.395+0000][1][safepoint    ] Total time for which application threads were stopped: 0.0000669 seconds, Stopping threads took: 0.0000173 seconds
[2019-12-09T08:22:40.395+0000][1][safepoint    ] Application time: 1.0000777 seconds
[2019-12-09T08:22:40.395+0000][1][safepoint    ] Entering safepoint region: Cleanup
[2019-12-09T08:22:40.395+0000][1][safepoint    ] Leaving safepoint region
[2019-12-09T08:22:40.395+0000][1][safepoint    ] Total time for which application threads were stopped: 0.0000660 seconds, Stopping threads took: 0.0000160 seconds
[2019-12-09T08:22:41.395+0000][1][safepoint    ] Application time: 1.0000772 seconds
[2019-12-09T08:22:41.395+0000][1][safepoint    ] Entering safepoint region: Cleanup
[2019-12-09T08:22:41.395+0000][1][safepoint    ] Leaving safepoint region
[2019-12-09T08:22:41.395+0000][1][safepoint    ] Total time for which application threads were stopped: 0.0000675 seconds, Stopping threads took: 0.0000185 seconds
[2019-12-09T08:22:42.395+0000][1][safepoint    ] Application time: 1.0000762 seconds
[2019-12-09T08:22:42.395+0000][1][safepoint    ] Entering safepoint region: Cleanup
[2019-12-09T08:22:42.395+0000][1][safepoint    ] Leaving safepoint region
[2019-12-09T08:22:42.395+0000][1][safepoint    ] Total time for which application threads were stopped: 0.0000661 seconds, Stopping threads took: 0.0000170 seconds
[2019-12-09T08:22:43.396+0000][1][safepoint    ] Application time: 1.0000765 seconds
[2019-12-09T08:22:43.396+0000][1][safepoint    ] Entering safepoint region: Cleanup
[2019-12-09T08:22:43.396+0000][1][safepoint    ] Leaving safepoint region
[2019-12-09T08:22:43.396+0000][1][safepoint    ] Total time for which application threads were stopped: 0.0000652 seconds, Stopping threads took: 0.0000169 seconds
[2019-12-09T08:22:44.396+0000][1][safepoint    ] Application time: 1.0000760 seconds
[2019-12-09T08:22:44.396+0000][1][safepoint    ] Entering safepoint region: Cleanup
[2019-12-09T08:22:44.396+0000][1][safepoint    ] Leaving safepoint region
[2019-12-09T08:22:44.396+0000][1][safepoint    ] Total time for which application threads were stopped: 0.0000670 seconds, Stopping threads took: 0.0000156 seconds
[2019-12-09T08:22:45.396+0000][1][safepoint    ] Application time: 1.0000773 seconds
[2019-12-09T08:22:45.396+0000][1][safepoint    ] Entering safepoint region: Cleanup
[2019-12-09T08:22:45.396+0000][1][safepoint    ] Leaving safepoint region
[2019-12-09T08:22:45.396+0000][1][safepoint    ] Total time for which application threads were stopped: 0.0000674 seconds, Stopping threads took: 0.0000156 seconds
[2019-12-09T08:22:46.396+0000][1][safepoint    ] Application time: 1.0000760 seconds
[2019-12-09T08:22:46.396+0000][1][safepoint    ] Entering safepoint region: Cleanup
[2019-12-09T08:22:46.396+0000][1][safepoint    ] Leaving safepoint region
[2019-12-09T08:22:46.396+0000][1][safepoint    ] Total time for which application threads were stopped: 0.0000640 seconds, Stopping threads took: 0.0000165 seconds
[2019-12-09T08:22:47.396+0000][1][safepoint    ] Application time: 1.0000773 seconds
[2019-12-09T08:22:47.396+0000][1][safepoint    ] Entering safepoint region: Cleanup
[2019-12-09T08:22:47.396+0000][1][safepoint    ] Leaving safepoint region
[2019-12-09T08:22:47.396+0000][1][safepoint    ] Total time for which application threads were stopped: 0.0000725 seconds, Stopping threads took: 0.0000170 seconds
[2019-12-09T08:22:48.396+0000][1][safepoint    ] Application time: 1.0000771 seconds
[2019-12-09T08:22:48.397+0000][1][safepoint    ] Entering safepoint region: Cleanup
[2019-12-09T08:22:48.397+0000][1][safepoint    ] Leaving safepoint region
[2019-12-09T08:22:48.397+0000][1][safepoint    ] Total time for which application threads were stopped: 0.0000655 seconds, Stopping threads took: 0.0000170 seconds
[2019-12-09T08:22:49.556+0000][1][safepoint    ] Application time: 1.1598443 seconds
[2019-12-09T08:22:49.556+0000][1][safepoint    ] Entering safepoint region: Cleanup
[2019-12-09T08:22:49.557+0000][1][safepoint    ] Leaving safepoint region
[2019-12-09T08:22:49.557+0000][1][safepoint    ] Total time for which application threads were stopped: 0.0000642 seconds, Stopping threads took: 0.0000163 seconds
[2019-12-09T08:22:50.557+0000][1][safepoint    ] Application time: 1.0000760 seconds
[2019-12-09T08:22:50.557+0000][1][safepoint    ] Entering safepoint region: Cleanup
[2019-12-09T08:22:50.557+0000][1][safepoint    ] Leaving safepoint region
[2019-12-09T08:22:50.557+0000][1][safepoint    ] Total time for which application threads were stopped: 0.0000763 seconds, Stopping threads took: 0.0000288 seconds
[2019-12-09T08:22:51.557+0000][1][safepoint    ] Application time: 1.0000757 seconds
[2019-12-09T08:22:51.557+0000][1][safepoint    ] Entering safepoint region: Cleanup
[2019-12-09T08:22:51.557+0000][1][safepoint    ] Leaving safepoint region
[2019-12-09T08:22:51.557+0000][1][safepoint    ] Total time for which application threads were stopped: 0.0000654 seconds, Stopping threads took: 0.0000163 seconds
[2019-12-09T08:22:52.557+0000][1][safepoint    ] Application time: 1.0000738 seconds
[2019-12-09T08:22:52.557+0000][1][safepoint    ] Entering safepoint region: Cleanup
[2019-12-09T08:22:52.557+0000][1][safepoint    ] Leaving safepoint region
[2019-12-09T08:22:52.557+0000][1][safepoint    ] Total time for which application threads were stopped: 0.0000664 seconds, Stopping threads took: 0.0000161 seconds
[2019-12-09T08:22:53.557+0000][1][safepoint    ] Application time: 1.0000755 seconds
[2019-12-09T08:22:53.557+0000][1][safepoint    ] Entering safepoint region: Cleanup
[2019-12-09T08:22:53.557+0000][1][safepoint    ] Leaving safepoint region
[2019-12-09T08:22:53.557+0000][1][safepoint    ] Total time for which application threads were stopped: 0.0000662 seconds, Stopping threads took: 0.0000172 seconds
[2019-12-09T08:22:54.557+0000][1][safepoint    ] Application time: 1.0000782 seconds
[2019-12-09T08:22:54.557+0000][1][safepoint    ] Entering safepoint region: Cleanup
[2019-12-09T08:22:54.557+0000][1][safepoint    ] Leaving safepoint region
[2019-12-09T08:22:54.558+0000][1][safepoint    ] Total time for which application threads were stopped: 0.0000661 seconds, Stopping threads took: 0.0000166 seconds
[2019-12-09T08:22:55.558+0000][1][safepoint    ] Application time: 1.0000772 seconds
[2019-12-09T08:22:55.558+0000][1][safepoint    ] Entering safepoint region: Cleanup
[2019-12-09T08:22:55.558+0000][1][safepoint    ] Leaving safepoint region
[2019-12-09T08:22:55.558+0000][1][safepoint    ] Total time for which application threads were stopped: 0.0000773 seconds, Stopping threads took: 0.0000168 seconds
[2019-12-09T08:22:56.558+0000][1][safepoint    ] Application time: 1.0000758 seconds
[2019-12-09T08:22:56.558+0000][1][safepoint    ] Entering safepoint region: Cleanup
[2019-12-09T08:22:56.558+0000][1][safepoint    ] Leaving safepoint region
[2019-12-09T08:22:56.558+0000][1][safepoint    ] Total time for which application threads were stopped: 0.0000671 seconds, Stopping threads took: 0.0000171 seconds
[2019-12-09T08:22:57.558+0000][1][safepoint    ] Application time: 1.0000777 seconds
[2019-12-09T08:22:57.558+0000][1][safepoint    ] Entering safepoint region: Cleanup
[2019-12-09T08:22:57.558+0000][1][safepoint    ] Leaving safepoint region
[2019-12-09T08:22:57.558+0000][1][safepoint    ] Total time for which application threads were stopped: 0.0000769 seconds, Stopping threads took: 0.0000261 seconds
[2019-12-09T08:22:58.558+0000][1][safepoint    ] Application time: 1.0000771 seconds
[2019-12-09T08:22:58.558+0000][1][safepoint    ] Entering safepoint region: Cleanup
[2019-12-09T08:22:58.558+0000][1][safepoint    ] Leaving safepoint region
[2019-12-09T08:22:58.558+0000][1][safepoint    ] Total time for which application threads were stopped: 0.0000670 seconds, Stopping threads took: 0.0000164 seconds
[2019-12-09T08:22:59.558+0000][1][safepoint    ] Application time: 1.0000760 seconds
[2019-12-09T08:22:59.558+0000][1][safepoint    ] Entering safepoint region: Cleanup
[2019-12-09T08:22:59.558+0000][1][safepoint    ] Leaving safepoint region
[2019-12-09T08:22:59.558+0000][1][safepoint    ] Total time for which application threads were stopped: 0.0000701 seconds, Stopping threads took: 0.0000175 seconds
[2019-12-09T08:23:00.559+0000][1][safepoint    ] Application time: 1.0000775 seconds
[2019-12-09T08:23:00.559+0000][1][safepoint    ] Entering safepoint region: Cleanup
[2019-12-09T08:23:00.559+0000][1][safepoint    ] Leaving safepoint region
[2019-12-09T08:23:00.559+0000][1][safepoint    ] Total time for which application threads were stopped: 0.0000649 seconds, Stopping threads took: 0.0000166 seconds
[2019-12-09T08:23:01.559+0000][1][safepoint    ] Application time: 1.0000888 seconds
[2019-12-09T08:23:01.559+0000][1][safepoint    ] Entering safepoint region: Cleanup
[2019-12-09T08:23:01.559+0000][1][safepoint    ] Leaving safepoint region
[2019-12-09T08:23:01.559+0000][1][safepoint    ] Total time for which application threads were stopped: 0.0000691 seconds, Stopping threads took: 0.0000176 seconds
[2019-12-09T08:23:02.559+0000][1][safepoint    ] Application time: 1.0000762 seconds
[2019-12-09T08:23:02.559+0000][1][safepoint    ] Entering safepoint region: Cleanup
[2019-12-09T08:23:02.559+0000][1][safepoint    ] Leaving safepoint region
[2019-12-09T08:23:02.559+0000][1][safepoint    ] Total time for which application threads were stopped: 0.0000680 seconds, Stopping threads took: 0.0000172 seconds
[2019-12-09T08:23:03.559+0000][1][safepoint    ] Application time: 1.0000751 seconds
[2019-12-09T08:23:03.559+0000][1][safepoint    ] Entering safepoint region: Cleanup
[2019-12-09T08:23:03.559+0000][1][safepoint    ] Leaving safepoint region
[2019-12-09T08:23:03.559+0000][1][safepoint    ] Total time for which application threads were stopped: 0.0000666 seconds, Stopping threads took: 0.0000164 seconds
[2019-12-09T08:23:04.559+0000][1][safepoint    ] Application time: 1.0000762 seconds
[2019-12-09T08:23:04.559+0000][1][safepoint    ] Entering safepoint region: Cleanup
[2019-12-09T08:23:04.559+0000][1][safepoint    ] Leaving safepoint region
[2019-12-09T08:23:04.559+0000][1][safepoint    ] Total time for which application threads were stopped: 0.0000668 seconds, Stopping threads took: 0.0000169 seconds
[2019-12-09T08:23:05.560+0000][1][safepoint    ] Application time: 1.0000854 seconds
[2019-12-09T08:23:05.560+0000][1][safepoint    ] Entering safepoint region: Cleanup
[2019-12-09T08:23:05.560+0000][1][safepoint    ] Leaving safepoint region
[2019-12-09T08:23:05.560+0000][1][safepoint    ] Total time for which application threads were stopped: 0.0000674 seconds, Stopping threads took: 0.0000170 seconds
[2019-12-09T08:23:06.560+0000][1][safepoint    ] Application time: 1.0000753 seconds
[2019-12-09T08:23:06.560+0000][1][safepoint    ] Entering safepoint region: Cleanup
[2019-12-09T08:23:06.560+0000][1][safepoint    ] Leaving safepoint region
[2019-12-09T08:23:06.560+0000][1][safepoint    ] Total time for which application threads were stopped: 0.0000671 seconds, Stopping threads took: 0.0000165 seconds
[2019-12-09T08:23:07.560+0000][1][safepoint    ] Application time: 1.0000733 seconds
[2019-12-09T08:23:07.560+0000][1][safepoint    ] Entering safepoint region: Cleanup
[2019-12-09T08:23:07.560+0000][1][safepoint    ] Leaving safepoint region
[2019-12-09T08:23:07.560+0000][1][safepoint    ] Total time for which application threads were stopped: 0.0000688 seconds, Stopping threads took: 0.0000165 seconds
[2019-12-09T08:23:09.395+0000][1][safepoint    ] Application time: 1.8352857 seconds
[2019-12-09T08:23:09.395+0000][1][safepoint    ] Entering safepoint region: Cleanup
[2019-12-09T08:23:09.395+0000][1][safepoint    ] Leaving safepoint region
[2019-12-09T08:23:09.395+0000][1][safepoint    ] Total time for which application threads were stopped: 0.0000731 seconds, Stopping threads took: 0.0000164 seconds
[2019-12-09T08:23:10.396+0000][1][safepoint    ] Application time: 1.0000753 seconds
[2019-12-09T08:23:10.396+0000][1][safepoint    ] Entering safepoint region: Cleanup
[2019-12-09T08:23:10.396+0000][1][safepoint    ] Leaving safepoint region
[2019-12-09T08:23:10.396+0000][1][safepoint    ] Total time for which application threads were stopped: 0.0000700 seconds, Stopping threads took: 0.0000163 seconds
[2019-12-09T08:23:11.396+0000][1][safepoint    ] Application time: 1.0000801 seconds
[2019-12-09T08:23:11.396+0000][1][safepoint    ] Entering safepoint region: Cleanup
[2019-12-09T08:23:11.396+0000][1][safepoint    ] Leaving safepoint region
[2019-12-09T08:23:11.396+0000][1][safepoint    ] Total time for which application threads were stopped: 0.0000681 seconds, Stopping threads took: 0.0000176 seconds
[2019-12-09T08:23:12.396+0000][1][safepoint    ] Application time: 1.0000775 seconds
[2019-12-09T08:23:12.396+0000][1][safepoint    ] Entering safepoint region: Cleanup
[2019-12-09T08:23:12.396+0000][1][safepoint    ] Leaving safepoint region
[2019-12-09T08:23:12.396+0000][1][safepoint    ] Total time for which application threads were stopped: 0.0000691 seconds, Stopping threads took: 0.0000175 seconds
[2019-12-09T08:23:13.396+0000][1][safepoint    ] Application time: 1.0000805 seconds
[2019-12-09T08:23:13.396+0000][1][safepoint    ] Entering safepoint region: Cleanup
[2019-12-09T08:23:13.396+0000][1][safepoint    ] Leaving safepoint region
[2019-12-09T08:23:13.396+0000][1][safepoint    ] Total time for which application threads were stopped: 0.0000688 seconds, Stopping threads took: 0.0000164 seconds
[2019-12-09T08:23:14.396+0000][1][safepoint    ] Application time: 1.0000864 seconds
[2019-12-09T08:23:14.396+0000][1][safepoint    ] Entering safepoint region: Cleanup
[2019-12-09T08:23:14.396+0000][1][safepoint    ] Leaving safepoint region
[2019-12-09T08:23:14.396+0000][1][safepoint    ] Total time for which application threads were stopped: 0.0000700 seconds, Stopping threads took: 0.0000174 seconds
[2019-12-09T08:23:15.397+0000][1][safepoint    ] Application time: 1.0000831 seconds
[2019-12-09T08:23:15.397+0000][1][safepoint    ] Entering safepoint region: Cleanup
[2019-12-09T08:23:15.397+0000][1][safepoint    ] Leaving safepoint region
[2019-12-09T08:23:15.397+0000][1][safepoint    ] Total time for which application threads were stopped: 0.0000700 seconds, Stopping threads took: 0.0000179 seconds
[2019-12-09T08:23:16.397+0000][1][safepoint    ] Application time: 1.0001860 seconds
[2019-12-09T08:23:16.397+0000][1][safepoint    ] Entering safepoint region: Cleanup
[2019-12-09T08:23:16.397+0000][1][safepoint    ] Leaving safepoint region
[2019-12-09T08:23:16.397+0000][1][safepoint    ] Total time for which application threads were stopped: 0.0001002 seconds, Stopping threads took: 0.0000255 seconds
[2019-12-09T08:23:17.397+0000][1][safepoint    ] Application time: 1.0001940 seconds
[2019-12-09T08:23:17.397+0000][1][safepoint    ] Entering safepoint region: Cleanup
[2019-12-09T08:23:17.397+0000][1][safepoint    ] Leaving safepoint region
[2019-12-09T08:23:17.397+0000][1][safepoint    ] Total time for which application threads were stopped: 0.0000961 seconds, Stopping threads took: 0.0000241 seconds
[2019-12-09T08:23:18.397+0000][1][safepoint    ] Application time: 1.0000816 seconds
[2019-12-09T08:23:18.397+0000][1][safepoint    ] Entering safepoint region: Cleanup
[2019-12-09T08:23:18.398+0000][1][safepoint    ] Leaving safepoint region
[2019-12-09T08:23:18.398+0000][1][safepoint    ] Total time for which application threads were stopped: 0.0001015 seconds, Stopping threads took: 0.0000222 seconds
[2019-12-09T08:23:19.398+0000][1][safepoint    ] Application time: 1.0000768 seconds
[2019-12-09T08:23:19.398+0000][1][safepoint    ] Entering safepoint region: Cleanup
[2019-12-09T08:23:19.398+0000][1][safepoint    ] Leaving safepoint region
[2019-12-09T08:23:19.398+0000][1][safepoint    ] Total time for which application threads were stopped: 0.0000812 seconds, Stopping threads took: 0.0000300 seconds
[2019-12-09T08:23:20.398+0000][1][safepoint    ] Application time: 1.0000768 seconds
[2019-12-09T08:23:20.398+0000][1][safepoint    ] Entering safepoint region: Cleanup
[2019-12-09T08:23:20.398+0000][1][safepoint    ] Leaving safepoint region
[2019-12-09T08:23:20.398+0000][1][safepoint    ] Total time for which application threads were stopped: 0.0000688 seconds, Stopping threads took: 0.0000177 seconds
[2019-12-09T08:23:21.398+0000][1][safepoint    ] Application time: 1.0000780 seconds
[2019-12-09T08:23:21.398+0000][1][safepoint    ] Entering safepoint region: Cleanup
[2019-12-09T08:23:21.398+0000][1][safepoint    ] Leaving safepoint region
[2019-12-09T08:23:21.398+0000][1][safepoint    ] Total time for which application threads were stopped: 0.0000706 seconds, Stopping threads took: 0.0000179 seconds
[2019-12-09T08:23:22.398+0000][1][safepoint    ] Application time: 1.0000779 seconds
[2019-12-09T08:23:22.398+0000][1][safepoint    ] Entering safepoint region: Cleanup
[2019-12-09T08:23:22.398+0000][1][safepoint    ] Leaving safepoint region
[2019-12-09T08:23:22.398+0000][1][safepoint    ] Total time for which application threads were stopped: 0.0000678 seconds, Stopping threads took: 0.0000172 seconds
[2019-12-09T08:23:23.398+0000][1][safepoint    ] Application time: 1.0000760 seconds
[2019-12-09T08:23:23.398+0000][1][safepoint    ] Entering safepoint region: Cleanup
[2019-12-09T08:23:23.399+0000][1][safepoint    ] Leaving safepoint region
[2019-12-09T08:23:23.399+0000][1][safepoint    ] Total time for which application threads were stopped: 0.0000698 seconds, Stopping threads took: 0.0000181 seconds
[2019-12-09T08:23:24.399+0000][1][safepoint    ] Application time: 1.0000755 seconds
[2019-12-09T08:23:24.399+0000][1][safepoint    ] Entering safepoint region: Cleanup
[2019-12-09T08:23:24.399+0000][1][safepoint    ] Leaving safepoint region
[2019-12-09T08:23:24.399+0000][1][safepoint    ] Total time for which application threads were stopped: 0.0000813 seconds, Stopping threads took: 0.0000167 seconds
[2019-12-09T08:23:25.399+0000][1][safepoint    ] Application time: 1.0000776 seconds
[2019-12-09T08:23:25.399+0000][1][safepoint    ] Entering safepoint region: Cleanup
[2019-12-09T08:23:25.399+0000][1][safepoint    ] Leaving safepoint region
[2019-12-09T08:23:25.399+0000][1][safepoint    ] Total time for which application threads were stopped: 0.0000674 seconds, Stopping threads took: 0.0000179 seconds
[2019-12-09T08:23:26.399+0000][1][safepoint    ] Application time: 1.0000770 seconds
[2019-12-09T08:23:26.399+0000][1][safepoint    ] Entering safepoint region: Cleanup
[2019-12-09T08:23:26.399+0000][1][safepoint    ] Leaving safepoint region
[2019-12-09T08:23:26.399+0000][1][safepoint    ] Total time for which application threads were stopped: 0.0000690 seconds, Stopping threads took: 0.0000174 seconds
[2019-12-09T08:23:27.399+0000][1][safepoint    ] Application time: 1.0000777 seconds
[2019-12-09T08:23:27.399+0000][1][safepoint    ] Entering safepoint region: Cleanup
[2019-12-09T08:23:27.399+0000][1][safepoint    ] Leaving safepoint region
[2019-12-09T08:23:27.399+0000][1][safepoint    ] Total time for which application threads were stopped: 0.0000766 seconds, Stopping threads took: 0.0000269 seconds
[2019-12-09T08:23:28.399+0000][1][safepoint    ] Application time: 1.0000771 seconds
[2019-12-09T08:23:28.399+0000][1][safepoint    ] Entering safepoint region: Cleanup
[2019-12-09T08:23:28.399+0000][1][safepoint    ] Leaving safepoint region
[2019-12-09T08:23:28.400+0000][1][safepoint    ] Total time for which application threads were stopped: 0.0000681 seconds, Stopping threads took: 0.0000172 seconds
[2019-12-09T08:23:29.400+0000][1][safepoint    ] Application time: 1.0000758 seconds
[2019-12-09T08:23:29.400+0000][1][safepoint    ] Entering safepoint region: Cleanup
[2019-12-09T08:23:29.400+0000][1][safepoint    ] Leaving safepoint region
[2019-12-09T08:23:29.400+0000][1][safepoint    ] Total time for which application threads were stopped: 0.0000770 seconds, Stopping threads took: 0.0000171 seconds
[2019-12-09T08:23:30.400+0000][1][safepoint    ] Application time: 1.0000761 seconds
[2019-12-09T08:23:30.400+0000][1][safepoint    ] Entering safepoint region: Cleanup
[2019-12-09T08:23:30.400+0000][1][safepoint    ] Leaving safepoint region
[2019-12-09T08:23:30.400+0000][1][safepoint    ] Total time for which application threads were stopped: 0.0000649 seconds, Stopping threads took: 0.0000155 seconds
[2019-12-09T08:23:31.400+0000][1][safepoint    ] Application time: 1.0000765 seconds
[2019-12-09T08:23:31.400+0000][1][safepoint    ] Entering safepoint region: Cleanup
[2019-12-09T08:23:31.400+0000][1][safepoint    ] Leaving safepoint region
[2019-12-09T08:23:31.400+0000][1][safepoint    ] Total time for which application threads were stopped: 0.0000646 seconds, Stopping threads took: 0.0000172 seconds
[2019-12-09T08:23:32.400+0000][1][safepoint    ] Application time: 1.0000759 seconds
[2019-12-09T08:23:32.400+0000][1][safepoint    ] Entering safepoint region: Cleanup
[2019-12-09T08:23:32.400+0000][1][safepoint    ] Leaving safepoint region
[2019-12-09T08:23:32.400+0000][1][safepoint    ] Total time for which application threads were stopped: 0.0000625 seconds, Stopping threads took: 0.0000160 seconds
[2019-12-09T08:23:33.400+0000][1][safepoint    ] Application time: 1.0000753 seconds
[2019-12-09T08:23:33.400+0000][1][safepoint    ] Entering safepoint region: Cleanup
[2019-12-09T08:23:33.400+0000][1][safepoint    ] Leaving safepoint region
[2019-12-09T08:23:33.400+0000][1][safepoint    ] Total time for which application threads were stopped: 0.0000645 seconds, Stopping threads took: 0.0000155 seconds
[2019-12-09T08:23:34.400+0000][1][safepoint    ] Application time: 1.0000771 seconds
[2019-12-09T08:23:34.401+0000][1][safepoint    ] Entering safepoint region: Cleanup
[2019-12-09T08:23:34.401+0000][1][safepoint    ] Leaving safepoint region
[2019-12-09T08:23:34.401+0000][1][safepoint    ] Total time for which application threads were stopped: 0.0000709 seconds, Stopping threads took: 0.0000168 seconds
[2019-12-09T08:23:35.401+0000][1][safepoint    ] Application time: 1.0000866 seconds
[2019-12-09T08:23:35.401+0000][1][safepoint    ] Entering safepoint region: Cleanup
[2019-12-09T08:23:35.401+0000][1][safepoint    ] Leaving safepoint region
[2019-12-09T08:23:35.401+0000][1][safepoint    ] Total time for which application threads were stopped: 0.0000685 seconds, Stopping threads took: 0.0000174 seconds
[2019-12-09T08:23:36.401+0000][1][safepoint    ] Application time: 1.0000760 seconds
[2019-12-09T08:23:36.401+0000][1][safepoint    ] Entering safepoint region: Cleanup
[2019-12-09T08:23:36.401+0000][1][safepoint    ] Leaving safepoint region
[2019-12-09T08:23:36.401+0000][1][safepoint    ] Total time for which application threads were stopped: 0.0000699 seconds, Stopping threads took: 0.0000170 seconds
[2019-12-09T08:23:37.401+0000][1][safepoint    ] Application time: 1.0000767 seconds
[2019-12-09T08:23:37.401+0000][1][safepoint    ] Entering safepoint region: Cleanup
[2019-12-09T08:23:37.401+0000][1][safepoint    ] Leaving safepoint region
[2019-12-09T08:23:37.401+0000][1][safepoint    ] Total time for which application threads were stopped: 0.0000687 seconds, Stopping threads took: 0.0000167 seconds
[2019-12-09T08:23:38.401+0000][1][safepoint    ] Application time: 1.0000804 seconds
[2019-12-09T08:23:38.401+0000][1][safepoint    ] Entering safepoint region: Cleanup
[2019-12-09T08:23:38.401+0000][1][safepoint    ] Leaving safepoint region
[2019-12-09T08:23:38.401+0000][1][safepoint    ] Total time for which application threads were stopped: 0.0000767 seconds, Stopping threads took: 0.0000209 seconds
[2019-12-09T08:23:39.401+0000][1][safepoint    ] Application time: 1.0000764 seconds
[2019-12-09T08:23:39.402+0000][1][safepoint    ] Entering safepoint region: Cleanup
[2019-12-09T08:23:39.402+0000][1][safepoint    ] Leaving safepoint region
[2019-12-09T08:23:39.402+0000][1][safepoint    ] Total time for which application threads were stopped: 0.0000717 seconds, Stopping threads took: 0.0000180 seconds
[2019-12-09T08:23:40.402+0000][1][safepoint    ] Application time: 1.0000756 seconds
[2019-12-09T08:23:40.402+0000][1][safepoint    ] Entering safepoint region: Cleanup
[2019-12-09T08:23:40.402+0000][1][safepoint    ] Leaving safepoint region
[2019-12-09T08:23:40.402+0000][1][safepoint    ] Total time for which application threads were stopped: 0.0000690 seconds, Stopping threads took: 0.0000177 seconds
[2019-12-09T08:23:41.402+0000][1][safepoint    ] Application time: 1.0000753 seconds
[2019-12-09T08:23:41.402+0000][1][safepoint    ] Entering safepoint region: Cleanup
[2019-12-09T08:23:41.402+0000][1][safepoint    ] Leaving safepoint region
[2019-12-09T08:23:41.402+0000][1][safepoint    ] Total time for which application threads were stopped: 0.0000698 seconds, Stopping threads took: 0.0000177 seconds
[2019-12-09T08:23:42.402+0000][1][safepoint    ] Application time: 1.0000752 seconds
[2019-12-09T08:23:42.402+0000][1][safepoint    ] Entering safepoint region: Cleanup
[2019-12-09T08:23:42.402+0000][1][safepoint    ] Leaving safepoint region
[2019-12-09T08:23:42.402+0000][1][safepoint    ] Total time for which application threads were stopped: 0.0000675 seconds, Stopping threads took: 0.0000182 seconds
[2019-12-09T08:23:43.402+0000][1][safepoint    ] Application time: 1.0000743 seconds
[2019-12-09T08:23:43.402+0000][1][safepoint    ] Entering safepoint region: Cleanup
[2019-12-09T08:23:43.402+0000][1][safepoint    ] Leaving safepoint region
[2019-12-09T08:23:43.402+0000][1][safepoint    ] Total time for which application threads were stopped: 0.0000668 seconds, Stopping threads took: 0.0000170 seconds
[2019-12-09T08:23:44.402+0000][1][safepoint    ] Application time: 1.0000760 seconds
[2019-12-09T08:23:44.402+0000][1][safepoint    ] Entering safepoint region: Cleanup
[2019-12-09T08:23:44.403+0000][1][safepoint    ] Leaving safepoint region
[2019-12-09T08:23:44.403+0000][1][safepoint    ] Total time for which application threads were stopped: 0.0000693 seconds, Stopping threads took: 0.0000165 seconds
[2019-12-09T08:23:45.403+0000][1][safepoint    ] Application time: 1.0000753 seconds
[2019-12-09T08:23:45.403+0000][1][safepoint    ] Entering safepoint region: Cleanup
[2019-12-09T08:23:45.403+0000][1][safepoint    ] Leaving safepoint region
[2019-12-09T08:23:45.403+0000][1][safepoint    ] Total time for which application threads were stopped: 0.0000783 seconds, Stopping threads took: 0.0000272 seconds
[2019-12-09T08:23:46.403+0000][1][safepoint    ] Application time: 1.0000758 seconds
[2019-12-09T08:23:46.403+0000][1][safepoint    ] Entering safepoint region: Cleanup
[2019-12-09T08:23:46.403+0000][1][safepoint    ] Leaving safepoint region
[2019-12-09T08:23:46.403+0000][1][safepoint    ] Total time for which application threads were stopped: 0.0000678 seconds, Stopping threads took: 0.0000168 seconds
[2019-12-09T08:23:47.403+0000][1][safepoint    ] Application time: 1.0000749 seconds
[2019-12-09T08:23:47.403+0000][1][safepoint    ] Entering safepoint region: Cleanup
[2019-12-09T08:23:47.403+0000][1][safepoint    ] Leaving safepoint region
[2019-12-09T08:23:47.403+0000][1][safepoint    ] Total time for which application threads were stopped: 0.0000676 seconds, Stopping threads took: 0.0000172 seconds
[2019-12-09T08:23:48.403+0000][1][safepoint    ] Application time: 1.0000737 seconds
[2019-12-09T08:23:48.403+0000][1][safepoint    ] Entering safepoint region: Cleanup
[2019-12-09T08:23:48.403+0000][1][safepoint    ] Leaving safepoint region
[2019-12-09T08:23:48.403+0000][1][safepoint    ] Total time for which application threads were stopped: 0.0000681 seconds, Stopping threads took: 0.0000164 seconds
[2019-12-09T08:23:49.403+0000][1][safepoint    ] Application time: 1.0000717 seconds
[2019-12-09T08:23:49.403+0000][1][safepoint    ] Entering safepoint region: Cleanup
[2019-12-09T08:23:49.403+0000][1][safepoint    ] Leaving safepoint region
[2019-12-09T08:23:49.403+0000][1][safepoint    ] Total time for which application threads were stopped: 0.0000667 seconds, Stopping threads took: 0.0000172 seconds
[2019-12-09T08:23:50.404+0000][1][safepoint    ] Application time: 1.0000738 seconds
[2019-12-09T08:23:50.404+0000][1][safepoint    ] Entering safepoint region: Cleanup
[2019-12-09T08:23:50.404+0000][1][safepoint    ] Leaving safepoint region
[2019-12-09T08:23:50.404+0000][1][safepoint    ] Total time for which application threads were stopped: 0.0000672 seconds, Stopping threads took: 0.0000163 seconds
[2019-12-09T08:23:51.404+0000][1][safepoint    ] Application time: 1.0000887 seconds
[2019-12-09T08:23:51.404+0000][1][safepoint    ] Entering safepoint region: Cleanup
[2019-12-09T08:23:51.404+0000][1][safepoint    ] Leaving safepoint region
[2019-12-09T08:23:51.404+0000][1][safepoint    ] Total time for which application threads were stopped: 0.0000659 seconds, Stopping threads took: 0.0000170 seconds
[2019-12-09T08:23:52.404+0000][1][safepoint    ] Application time: 1.0000783 seconds
[2019-12-09T08:23:52.404+0000][1][safepoint    ] Entering safepoint region: Cleanup
[2019-12-09T08:23:52.404+0000][1][safepoint    ] Leaving safepoint region
[2019-12-09T08:23:52.404+0000][1][safepoint    ] Total time for which application threads were stopped: 0.0000695 seconds, Stopping threads took: 0.0000181 seconds
[2019-12-09T08:23:53.404+0000][1][safepoint    ] Application time: 1.0000761 seconds
[2019-12-09T08:23:53.404+0000][1][safepoint    ] Entering safepoint region: Cleanup
[2019-12-09T08:23:53.404+0000][1][safepoint    ] Leaving safepoint region
[2019-12-09T08:23:53.404+0000][1][safepoint    ] Total time for which application threads were stopped: 0.0000671 seconds, Stopping threads took: 0.0000177 seconds
[2019-12-09T08:23:54.404+0000][1][safepoint    ] Application time: 1.0000760 seconds
[2019-12-09T08:23:54.404+0000][1][safepoint    ] Entering safepoint region: Cleanup
[2019-12-09T08:23:54.404+0000][1][safepoint    ] Leaving safepoint region
[2019-12-09T08:23:54.404+0000][1][safepoint    ] Total time for which application threads were stopped: 0.0000669 seconds, Stopping threads took: 0.0000167 seconds
[2019-12-09T08:23:55.405+0000][1][safepoint    ] Application time: 1.0000778 seconds
[2019-12-09T08:23:55.405+0000][1][safepoint    ] Entering safepoint region: Cleanup
[2019-12-09T08:23:55.405+0000][1][safepoint    ] Leaving safepoint region
[2019-12-09T08:23:55.405+0000][1][safepoint    ] Total time for which application threads were stopped: 0.0000675 seconds, Stopping threads took: 0.0000171 seconds
[2019-12-09T08:23:56.405+0000][1][safepoint    ] Application time: 1.0000814 seconds
[2019-12-09T08:23:56.405+0000][1][safepoint    ] Entering safepoint region: Cleanup
[2019-12-09T08:23:56.405+0000][1][safepoint    ] Leaving safepoint region
[2019-12-09T08:23:56.405+0000][1][safepoint    ] Total time for which application threads were stopped: 0.0000681 seconds, Stopping threads took: 0.0000178 seconds
[2019-12-09T08:23:57.405+0000][1][safepoint    ] Application time: 1.0000762 seconds
[2019-12-09T08:23:57.405+0000][1][safepoint    ] Entering safepoint region: Cleanup
[2019-12-09T08:23:57.405+0000][1][safepoint    ] Leaving safepoint region
[2019-12-09T08:23:57.405+0000][1][safepoint    ] Total time for which application threads were stopped: 0.0000766 seconds, Stopping threads took: 0.0000254 seconds
[2019-12-09T08:23:58.405+0000][1][safepoint    ] Application time: 1.0000748 seconds
[2019-12-09T08:23:58.405+0000][1][safepoint    ] Entering safepoint region: Cleanup
[2019-12-09T08:23:58.405+0000][1][safepoint    ] Leaving safepoint region
[2019-12-09T08:23:58.405+0000][1][safepoint    ] Total time for which application threads were stopped: 0.0000649 seconds, Stopping threads took: 0.0000165 seconds
[2019-12-09T08:23:59.405+0000][1][safepoint    ] Application time: 1.0000761 seconds
[2019-12-09T08:23:59.405+0000][1][safepoint    ] Entering safepoint region: Cleanup
[2019-12-09T08:23:59.405+0000][1][safepoint    ] Leaving safepoint region
[2019-12-09T08:23:59.405+0000][1][safepoint    ] Total time for which application threads were stopped: 0.0000684 seconds, Stopping threads took: 0.0000163 seconds
[2019-12-09T08:24:00.405+0000][1][safepoint    ] Application time: 1.0000785 seconds
[2019-12-09T08:24:00.406+0000][1][safepoint    ] Entering safepoint region: Cleanup
[2019-12-09T08:24:00.406+0000][1][safepoint    ] Leaving safepoint region
[2019-12-09T08:24:00.406+0000][1][safepoint    ] Total time for which application threads were stopped: 0.0000669 seconds, Stopping threads took: 0.0000171 seconds
[2019-12-09T08:24:01.406+0000][1][safepoint    ] Application time: 1.0000811 seconds
[2019-12-09T08:24:01.406+0000][1][safepoint    ] Entering safepoint region: Cleanup
[2019-12-09T08:24:01.406+0000][1][safepoint    ] Leaving safepoint region
[2019-12-09T08:24:01.406+0000][1][safepoint    ] Total time for which application threads were stopped: 0.0000769 seconds, Stopping threads took: 0.0000256 seconds
[2019-12-09T08:24:02.406+0000][1][safepoint    ] Application time: 1.0000771 seconds
[2019-12-09T08:24:02.406+0000][1][safepoint    ] Entering safepoint region: Cleanup
[2019-12-09T08:24:02.406+0000][1][safepoint    ] Leaving safepoint region
[2019-12-09T08:24:02.406+0000][1][safepoint    ] Total time for which application threads were stopped: 0.0000676 seconds, Stopping threads took: 0.0000168 seconds
[2019-12-09T08:24:03.406+0000][1][safepoint    ] Application time: 1.0000749 seconds
[2019-12-09T08:24:03.406+0000][1][safepoint    ] Entering safepoint region: Cleanup
[2019-12-09T08:24:03.406+0000][1][safepoint    ] Leaving safepoint region
[2019-12-09T08:24:03.406+0000][1][safepoint    ] Total time for which application threads were stopped: 0.0000673 seconds, Stopping threads took: 0.0000160 seconds
[2019-12-09T08:24:04.406+0000][1][safepoint    ] Application time: 1.0000779 seconds
[2019-12-09T08:24:04.406+0000][1][safepoint    ] Entering safepoint region: Cleanup
[2019-12-09T08:24:04.406+0000][1][safepoint    ] Leaving safepoint region
[2019-12-09T08:24:04.406+0000][1][safepoint    ] Total time for which application threads were stopped: 0.0000677 seconds, Stopping threads took: 0.0000174 seconds
[2019-12-09T08:24:05.406+0000][1][safepoint    ] Application time: 1.0000761 seconds
[2019-12-09T08:24:05.407+0000][1][safepoint    ] Entering safepoint region: Cleanup
[2019-12-09T08:24:05.407+0000][1][safepoint    ] Leaving safepoint region
[2019-12-09T08:24:05.407+0000][1][safepoint    ] Total time for which application threads were stopped: 0.0000671 seconds, Stopping threads took: 0.0000173 seconds
[2019-12-09T08:24:05.523+0000][1][safepoint    ] Application time: 0.1163167 seconds
[2019-12-09T08:24:05.523+0000][1][safepoint    ] Entering safepoint region: GenCollectForAllocation
[2019-12-09T08:24:05.523+0000][1][gc,start     ] GC(64) Pause Young (Allocation Failure)
[2019-12-09T08:24:05.523+0000][1][gc,task      ] GC(64) Using 2 workers of 2 for evacuation
[2019-12-09T08:24:05.524+0000][1][gc,age       ] GC(64) Desired survivor size 4456448 bytes, new threshold 6 (max threshold 6)
[2019-12-09T08:24:05.524+0000][1][gc,age       ] GC(64) Age table with threshold 6 (max threshold 6)
[2019-12-09T08:24:05.524+0000][1][gc,age       ] GC(64) - age   1:       3992 bytes,       3992 total
[2019-12-09T08:24:05.524+0000][1][gc,age       ] GC(64) - age   6:        112 bytes,       4104 total
[2019-12-09T08:24:05.524+0000][1][gc,heap      ] GC(64) ParNew: 69958K->6K(78656K)
[2019-12-09T08:24:05.524+0000][1][gc,heap      ] GC(64) CMS: 69458K->69458K(174784K)
[2019-12-09T08:24:05.524+0000][1][gc,metaspace ] GC(64) Metaspace: 68474K->68474K(1112064K)
[2019-12-09T08:24:05.524+0000][1][gc           ] GC(64) Pause Young (Allocation Failure) 136M->67M(247M) 1.348ms
[2019-12-09T08:24:05.524+0000][1][gc,cpu       ] GC(64) User=0.00s Sys=0.00s Real=0.00s
[2019-12-09T08:24:05.524+0000][1][safepoint    ] Leaving safepoint region
[2019-12-09T08:24:05.524+0000][1][safepoint    ] Total time for which application threads were stopped: 0.0014834 seconds, Stopping threads took: 0.0000150 seconds
[2019-12-09T08:24:06.524+0000][1][safepoint    ] Application time: 1.0000869 seconds
[2019-12-09T08:24:06.525+0000][1][safepoint    ] Entering safepoint region: Cleanup
[2019-12-09T08:24:06.525+0000][1][safepoint    ] Leaving safepoint region
[2019-12-09T08:24:06.525+0000][1][safepoint    ] Total time for which application threads were stopped: 0.0000653 seconds, Stopping threads took: 0.0000165 seconds
[2019-12-09T08:24:07.525+0000][1][safepoint    ] Application time: 1.0000765 seconds
[2019-12-09T08:24:07.525+0000][1][safepoint    ] Entering safepoint region: Cleanup
[2019-12-09T08:24:07.525+0000][1][safepoint    ] Leaving safepoint region
[2019-12-09T08:24:07.525+0000][1][safepoint    ] Total time for which application threads were stopped: 0.0000726 seconds, Stopping threads took: 0.0000229 seconds
[2019-12-09T08:24:08.525+0000][1][safepoint    ] Application time: 1.0000745 seconds
[2019-12-09T08:24:08.525+0000][1][safepoint    ] Entering safepoint region: Cleanup
[2019-12-09T08:24:08.525+0000][1][safepoint    ] Leaving safepoint region
[2019-12-09T08:24:08.525+0000][1][safepoint    ] Total time for which application threads were stopped: 0.0000634 seconds, Stopping threads took: 0.0000162 seconds
[2019-12-09T08:24:09.525+0000][1][safepoint    ] Application time: 1.0000741 seconds
[2019-12-09T08:24:09.525+0000][1][safepoint    ] Entering safepoint region: Cleanup
[2019-12-09T08:24:09.525+0000][1][safepoint    ] Leaving safepoint region
[2019-12-09T08:24:09.525+0000][1][safepoint    ] Total time for which application threads were stopped: 0.0000678 seconds, Stopping threads took: 0.0000169 seconds
[2019-12-09T08:24:10.525+0000][1][safepoint    ] Application time: 1.0000854 seconds
[2019-12-09T08:24:10.525+0000][1][safepoint    ] Entering safepoint region: Cleanup
[2019-12-09T08:24:10.525+0000][1][safepoint    ] Leaving safepoint region
[2019-12-09T08:24:10.525+0000][1][safepoint    ] Total time for which application threads were stopped: 0.0001062 seconds, Stopping threads took: 0.0000515 seconds
[2019-12-09T08:24:11.525+0000][1][safepoint    ] Application time: 1.0000825 seconds
[2019-12-09T08:24:11.526+0000][1][safepoint    ] Entering safepoint region: Cleanup
[2019-12-09T08:24:11.526+0000][1][safepoint    ] Leaving safepoint region
[2019-12-09T08:24:11.526+0000][1][safepoint    ] Total time for which application threads were stopped: 0.0000688 seconds, Stopping threads took: 0.0000174 seconds
[2019-12-09T08:24:12.526+0000][1][safepoint    ] Application time: 1.0000745 seconds
[2019-12-09T08:24:12.526+0000][1][safepoint    ] Entering safepoint region: Cleanup
[2019-12-09T08:24:12.526+0000][1][safepoint    ] Leaving safepoint region
[2019-12-09T08:24:12.526+0000][1][safepoint    ] Total time for which application threads were stopped: 0.0000645 seconds, Stopping threads took: 0.0000155 seconds
[2019-12-09T08:24:13.526+0000][1][safepoint    ] Application time: 1.0000743 seconds
[2019-12-09T08:24:13.526+0000][1][safepoint    ] Entering safepoint region: Cleanup
[2019-12-09T08:24:13.526+0000][1][safepoint    ] Leaving safepoint region
[2019-12-09T08:24:13.526+0000][1][safepoint    ] Total time for which application threads were stopped: 0.0000665 seconds, Stopping threads took: 0.0000173 seconds
[2019-12-09T08:24:14.526+0000][1][safepoint    ] Application time: 1.0000747 seconds
[2019-12-09T08:24:14.526+0000][1][safepoint    ] Entering safepoint region: Cleanup
[2019-12-09T08:24:14.526+0000][1][safepoint    ] Leaving safepoint region
[2019-12-09T08:24:14.526+0000][1][safepoint    ] Total time for which application threads were stopped: 0.0000659 seconds, Stopping threads took: 0.0000165 seconds
[2019-12-09T08:24:15.526+0000][1][safepoint    ] Application time: 1.0000744 seconds
[2019-12-09T08:24:15.526+0000][1][safepoint    ] Entering safepoint region: Cleanup
[2019-12-09T08:24:15.526+0000][1][safepoint    ] Leaving safepoint region
[2019-12-09T08:24:15.526+0000][1][safepoint    ] Total time for which application threads were stopped: 0.0000632 seconds, Stopping threads took: 0.0000158 seconds
[2019-12-09T08:24:16.526+0000][1][safepoint    ] Application time: 1.0000768 seconds
[2019-12-09T08:24:16.526+0000][1][safepoint    ] Entering safepoint region: Cleanup
[2019-12-09T08:24:16.526+0000][1][safepoint    ] Leaving safepoint region
[2019-12-09T08:24:16.526+0000][1][safepoint    ] Total time for which application threads were stopped: 0.0000653 seconds, Stopping threads took: 0.0000166 seconds
[2019-12-09T08:24:17.527+0000][1][safepoint    ] Application time: 1.0000761 seconds
[2019-12-09T08:24:17.527+0000][1][safepoint    ] Entering safepoint region: Cleanup
[2019-12-09T08:24:17.527+0000][1][safepoint    ] Leaving safepoint region
[2019-12-09T08:24:17.527+0000][1][safepoint    ] Total time for which application threads were stopped: 0.0000648 seconds, Stopping threads took: 0.0000164 seconds
[2019-12-09T08:24:18.527+0000][1][safepoint    ] Application time: 1.0000752 seconds
[2019-12-09T08:24:18.527+0000][1][safepoint    ] Entering safepoint region: Cleanup
[2019-12-09T08:24:18.527+0000][1][safepoint    ] Leaving safepoint region
[2019-12-09T08:24:18.527+0000][1][safepoint    ] Total time for which application threads were stopped: 0.0000648 seconds, Stopping threads took: 0.0000165 seconds
[2019-12-09T08:24:20.161+0000][1][safepoint    ] Application time: 1.6343182 seconds
[2019-12-09T08:24:20.161+0000][1][safepoint    ] Entering safepoint region: Cleanup
[2019-12-09T08:24:20.161+0000][1][safepoint    ] Leaving safepoint region
[2019-12-09T08:24:20.161+0000][1][safepoint    ] Total time for which application threads were stopped: 0.0000661 seconds, Stopping threads took: 0.0000146 seconds
[2019-12-09T08:24:21.161+0000][1][safepoint    ] Application time: 1.0000819 seconds
[2019-12-09T08:24:21.161+0000][1][safepoint    ] Entering safepoint region: Cleanup
[2019-12-09T08:24:21.161+0000][1][safepoint    ] Leaving safepoint region
[2019-12-09T08:24:21.161+0000][1][safepoint    ] Total time for which application threads were stopped: 0.0000674 seconds, Stopping threads took: 0.0000179 seconds
[2019-12-09T08:24:22.162+0000][1][safepoint    ] Application time: 1.0000756 seconds
[2019-12-09T08:24:22.162+0000][1][safepoint    ] Entering safepoint region: Cleanup
[2019-12-09T08:24:22.162+0000][1][safepoint    ] Leaving safepoint region
[2019-12-09T08:24:22.162+0000][1][safepoint    ] Total time for which application threads were stopped: 0.0000693 seconds, Stopping threads took: 0.0000172 seconds
[2019-12-09T08:24:23.162+0000][1][safepoint    ] Application time: 1.0000745 seconds
[2019-12-09T08:24:23.162+0000][1][safepoint    ] Entering safepoint region: Cleanup
[2019-12-09T08:24:23.162+0000][1][safepoint    ] Leaving safepoint region
[2019-12-09T08:24:23.162+0000][1][safepoint    ] Total time for which application threads were stopped: 0.0000657 seconds, Stopping threads took: 0.0000156 seconds
[2019-12-09T08:24:24.162+0000][1][safepoint    ] Application time: 1.0000757 seconds
[2019-12-09T08:24:24.162+0000][1][safepoint    ] Entering safepoint region: Cleanup
[2019-12-09T08:24:24.162+0000][1][safepoint    ] Leaving safepoint region
[2019-12-09T08:24:24.162+0000][1][safepoint    ] Total time for which application threads were stopped: 0.0000675 seconds, Stopping threads took: 0.0000160 seconds
[2019-12-09T08:24:25.162+0000][1][safepoint    ] Application time: 1.0000758 seconds
[2019-12-09T08:24:25.162+0000][1][safepoint    ] Entering safepoint region: Cleanup
[2019-12-09T08:24:25.162+0000][1][safepoint    ] Leaving safepoint region
[2019-12-09T08:24:25.162+0000][1][safepoint    ] Total time for which application threads were stopped: 0.0000674 seconds, Stopping threads took: 0.0000174 seconds
[2019-12-09T08:24:26.162+0000][1][safepoint    ] Application time: 1.0000755 seconds
[2019-12-09T08:24:26.162+0000][1][safepoint    ] Entering safepoint region: Cleanup
[2019-12-09T08:24:26.162+0000][1][safepoint    ] Leaving safepoint region
[2019-12-09T08:24:26.162+0000][1][safepoint    ] Total time for which application threads were stopped: 0.0000673 seconds, Stopping threads took: 0.0000155 seconds
[2019-12-09T08:24:27.163+0000][1][safepoint    ] Application time: 1.0000777 seconds
[2019-12-09T08:24:27.163+0000][1][safepoint    ] Entering safepoint region: Cleanup
[2019-12-09T08:24:27.163+0000][1][safepoint    ] Leaving safepoint region
[2019-12-09T08:24:27.163+0000][1][safepoint    ] Total time for which application threads were stopped: 0.0000674 seconds, Stopping threads took: 0.0000178 seconds
[2019-12-09T08:24:28.163+0000][1][safepoint    ] Application time: 1.0000767 seconds
[2019-12-09T08:24:28.163+0000][1][safepoint    ] Entering safepoint region: Cleanup
[2019-12-09T08:24:28.163+0000][1][safepoint    ] Leaving safepoint region
[2019-12-09T08:24:28.163+0000][1][safepoint    ] Total time for which application threads were stopped: 0.0000652 seconds, Stopping threads took: 0.0000164 seconds
[2019-12-09T08:24:29.163+0000][1][safepoint    ] Application time: 1.0000783 seconds
[2019-12-09T08:24:29.163+0000][1][safepoint    ] Entering safepoint region: Cleanup
[2019-12-09T08:24:29.163+0000][1][safepoint    ] Leaving safepoint region
[2019-12-09T08:24:29.163+0000][1][safepoint    ] Total time for which application threads were stopped: 0.0000665 seconds, Stopping threads took: 0.0000166 seconds
[2019-12-09T08:24:30.163+0000][1][safepoint    ] Application time: 1.0000757 seconds
[2019-12-09T08:24:30.163+0000][1][safepoint    ] Entering safepoint region: Cleanup
[2019-12-09T08:24:30.163+0000][1][safepoint    ] Leaving safepoint region
[2019-12-09T08:24:30.163+0000][1][safepoint    ] Total time for which application threads were stopped: 0.0000665 seconds, Stopping threads took: 0.0000176 seconds
[2019-12-09T08:24:31.163+0000][1][safepoint    ] Application time: 1.0000766 seconds
[2019-12-09T08:24:31.163+0000][1][safepoint    ] Entering safepoint region: Cleanup
[2019-12-09T08:24:31.163+0000][1][safepoint    ] Leaving safepoint region
[2019-12-09T08:24:31.163+0000][1][safepoint    ] Total time for which application threads were stopped: 0.0000671 seconds, Stopping threads took: 0.0000171 seconds
[2019-12-09T08:24:32.163+0000][1][safepoint    ] Application time: 1.0000780 seconds
[2019-12-09T08:24:32.163+0000][1][safepoint    ] Entering safepoint region: Cleanup
[2019-12-09T08:24:32.164+0000][1][safepoint    ] Leaving safepoint region
[2019-12-09T08:24:32.164+0000][1][safepoint    ] Total time for which application threads were stopped: 0.0000654 seconds, Stopping threads took: 0.0000170 seconds
[2019-12-09T08:24:33.164+0000][1][safepoint    ] Application time: 1.0000769 seconds
[2019-12-09T08:24:33.164+0000][1][safepoint    ] Entering safepoint region: Cleanup
[2019-12-09T08:24:33.164+0000][1][safepoint    ] Leaving safepoint region
[2019-12-09T08:24:33.164+0000][1][safepoint    ] Total time for which application threads were stopped: 0.0000812 seconds, Stopping threads took: 0.0000306 seconds
[2019-12-09T08:24:34.164+0000][1][safepoint    ] Application time: 1.0000759 seconds
[2019-12-09T08:24:34.164+0000][1][safepoint    ] Entering safepoint region: Cleanup
[2019-12-09T08:24:34.164+0000][1][safepoint    ] Leaving safepoint region
[2019-12-09T08:24:34.164+0000][1][safepoint    ] Total time for which application threads were stopped: 0.0000653 seconds, Stopping threads took: 0.0000172 seconds
[2019-12-09T08:24:35.164+0000][1][safepoint    ] Application time: 1.0000756 seconds
[2019-12-09T08:24:35.164+0000][1][safepoint    ] Entering safepoint region: Cleanup
[2019-12-09T08:24:35.164+0000][1][safepoint    ] Leaving safepoint region
[2019-12-09T08:24:35.164+0000][1][safepoint    ] Total time for which application threads were stopped: 0.0000668 seconds, Stopping threads took: 0.0000158 seconds
[2019-12-09T08:24:36.164+0000][1][safepoint    ] Application time: 1.0000785 seconds
[2019-12-09T08:24:36.164+0000][1][safepoint    ] Entering safepoint region: Cleanup
[2019-12-09T08:24:36.164+0000][1][safepoint    ] Leaving safepoint region
[2019-12-09T08:24:36.164+0000][1][safepoint    ] Total time for which application threads were stopped: 0.0000680 seconds, Stopping threads took: 0.0000176 seconds
[2019-12-09T08:24:37.164+0000][1][safepoint    ] Application time: 1.0000770 seconds
[2019-12-09T08:24:37.164+0000][1][safepoint    ] Entering safepoint region: Cleanup
[2019-12-09T08:24:37.165+0000][1][safepoint    ] Leaving safepoint region
[2019-12-09T08:24:37.165+0000][1][safepoint    ] Total time for which application threads were stopped: 0.0000736 seconds, Stopping threads took: 0.0000230 seconds
[2019-12-09T08:24:38.165+0000][1][safepoint    ] Application time: 1.0000772 seconds
[2019-12-09T08:24:38.165+0000][1][safepoint    ] Entering safepoint region: Cleanup
[2019-12-09T08:24:38.165+0000][1][safepoint    ] Leaving safepoint region
[2019-12-09T08:24:38.165+0000][1][safepoint    ] Total time for which application threads were stopped: 0.0000809 seconds, Stopping threads took: 0.0000175 seconds
[2019-12-09T08:24:39.165+0000][1][safepoint    ] Application time: 1.0000748 seconds
[2019-12-09T08:24:39.165+0000][1][safepoint    ] Entering safepoint region: Cleanup
[2019-12-09T08:24:39.165+0000][1][safepoint    ] Leaving safepoint region
[2019-12-09T08:24:39.165+0000][1][safepoint    ] Total time for which application threads were stopped: 0.0000682 seconds, Stopping threads took: 0.0000182 seconds
[2019-12-09T08:24:40.165+0000][1][safepoint    ] Application time: 1.0000769 seconds
[2019-12-09T08:24:40.165+0000][1][safepoint    ] Entering safepoint region: Cleanup
[2019-12-09T08:24:40.165+0000][1][safepoint    ] Leaving safepoint region
[2019-12-09T08:24:40.165+0000][1][safepoint    ] Total time for which application threads were stopped: 0.0000667 seconds, Stopping threads took: 0.0000155 seconds
[2019-12-09T08:24:41.165+0000][1][safepoint    ] Application time: 1.0000774 seconds
[2019-12-09T08:24:41.165+0000][1][safepoint    ] Entering safepoint region: Cleanup
[2019-12-09T08:24:41.165+0000][1][safepoint    ] Leaving safepoint region
[2019-12-09T08:24:41.165+0000][1][safepoint    ] Total time for which application threads were stopped: 0.0000685 seconds, Stopping threads took: 0.0000176 seconds
[2019-12-09T08:24:42.165+0000][1][safepoint    ] Application time: 1.0000761 seconds
[2019-12-09T08:24:42.165+0000][1][safepoint    ] Entering safepoint region: Cleanup
[2019-12-09T08:24:42.165+0000][1][safepoint    ] Leaving safepoint region
[2019-12-09T08:24:42.165+0000][1][safepoint    ] Total time for which application threads were stopped: 0.0000674 seconds, Stopping threads took: 0.0000161 seconds
[2019-12-09T08:24:43.166+0000][1][safepoint    ] Application time: 1.0000766 seconds
[2019-12-09T08:24:43.166+0000][1][safepoint    ] Entering safepoint region: Cleanup
[2019-12-09T08:24:43.166+0000][1][safepoint    ] Leaving safepoint region
[2019-12-09T08:24:43.166+0000][1][safepoint    ] Total time for which application threads were stopped: 0.0000863 seconds, Stopping threads took: 0.0000206 seconds
[2019-12-09T08:24:44.166+0000][1][safepoint    ] Application time: 1.0000766 seconds
[2019-12-09T08:24:44.166+0000][1][safepoint    ] Entering safepoint region: Cleanup
[2019-12-09T08:24:44.166+0000][1][safepoint    ] Leaving safepoint region
[2019-12-09T08:24:44.166+0000][1][safepoint    ] Total time for which application threads were stopped: 0.0000728 seconds, Stopping threads took: 0.0000229 seconds
[2019-12-09T08:24:45.166+0000][1][safepoint    ] Application time: 1.0000785 seconds
[2019-12-09T08:24:45.166+0000][1][safepoint    ] Entering safepoint region: Cleanup
[2019-12-09T08:24:45.166+0000][1][safepoint    ] Leaving safepoint region
[2019-12-09T08:24:45.166+0000][1][safepoint    ] Total time for which application threads were stopped: 0.0000670 seconds, Stopping threads took: 0.0000165 seconds
[2019-12-09T08:24:46.166+0000][1][safepoint    ] Application time: 1.0000758 seconds
[2019-12-09T08:24:46.166+0000][1][safepoint    ] Entering safepoint region: Cleanup
[2019-12-09T08:24:46.166+0000][1][safepoint    ] Leaving safepoint region
[2019-12-09T08:24:46.166+0000][1][safepoint    ] Total time for which application threads were stopped: 0.0000669 seconds, Stopping threads took: 0.0000165 seconds
[2019-12-09T08:24:47.166+0000][1][safepoint    ] Application time: 1.0000796 seconds
[2019-12-09T08:24:47.166+0000][1][safepoint    ] Entering safepoint region: Cleanup
[2019-12-09T08:24:47.166+0000][1][safepoint    ] Leaving safepoint region
[2019-12-09T08:24:47.166+0000][1][safepoint    ] Total time for which application threads were stopped: 0.0000855 seconds, Stopping threads took: 0.0000333 seconds
[2019-12-09T08:24:48.167+0000][1][safepoint    ] Application time: 1.0000760 seconds
[2019-12-09T08:24:48.167+0000][1][safepoint    ] Entering safepoint region: Cleanup
[2019-12-09T08:24:48.167+0000][1][safepoint    ] Leaving safepoint region
[2019-12-09T08:24:48.167+0000][1][safepoint    ] Total time for which application threads were stopped: 0.0000653 seconds, Stopping threads took: 0.0000159 seconds
[2019-12-09T08:24:49.167+0000][1][safepoint    ] Application time: 1.0000848 seconds
[2019-12-09T08:24:49.167+0000][1][safepoint    ] Entering safepoint region: Cleanup
[2019-12-09T08:24:49.167+0000][1][safepoint    ] Leaving safepoint region
[2019-12-09T08:24:49.167+0000][1][safepoint    ] Total time for which application threads were stopped: 0.0000674 seconds, Stopping threads took: 0.0000162 seconds
[2019-12-09T08:24:50.167+0000][1][safepoint    ] Application time: 1.0000774 seconds
[2019-12-09T08:24:50.167+0000][1][safepoint    ] Entering safepoint region: Cleanup
[2019-12-09T08:24:50.167+0000][1][safepoint    ] Leaving safepoint region
[2019-12-09T08:24:50.167+0000][1][safepoint    ] Total time for which application threads were stopped: 0.0000668 seconds, Stopping threads took: 0.0000165 seconds
[2019-12-09T08:24:51.167+0000][1][safepoint    ] Application time: 1.0000783 seconds
[2019-12-09T08:24:51.167+0000][1][safepoint    ] Entering safepoint region: Cleanup
[2019-12-09T08:24:51.167+0000][1][safepoint    ] Leaving safepoint region
[2019-12-09T08:24:51.167+0000][1][safepoint    ] Total time for which application threads were stopped: 0.0000656 seconds, Stopping threads took: 0.0000153 seconds
[2019-12-09T08:24:52.167+0000][1][safepoint    ] Application time: 1.0000768 seconds
[2019-12-09T08:24:52.167+0000][1][safepoint    ] Entering safepoint region: Cleanup
[2019-12-09T08:24:52.167+0000][1][safepoint    ] Leaving safepoint region
[2019-12-09T08:24:52.167+0000][1][safepoint    ] Total time for which application threads were stopped: 0.0000663 seconds, Stopping threads took: 0.0000167 seconds
[2019-12-09T08:24:53.168+0000][1][safepoint    ] Application time: 1.0000767 seconds
[2019-12-09T08:24:53.168+0000][1][safepoint    ] Entering safepoint region: Cleanup
[2019-12-09T08:24:53.168+0000][1][safepoint    ] Leaving safepoint region
[2019-12-09T08:24:53.168+0000][1][safepoint    ] Total time for which application threads were stopped: 0.0000671 seconds, Stopping threads took: 0.0000174 seconds
[2019-12-09T08:24:54.168+0000][1][safepoint    ] Application time: 1.0000753 seconds
[2019-12-09T08:24:54.168+0000][1][safepoint    ] Entering safepoint region: Cleanup
[2019-12-09T08:24:54.168+0000][1][safepoint    ] Leaving safepoint region
[2019-12-09T08:24:54.168+0000][1][safepoint    ] Total time for which application threads were stopped: 0.0000639 seconds, Stopping threads took: 0.0000149 seconds
[2019-12-09T08:24:55.168+0000][1][safepoint    ] Application time: 1.0000748 seconds
[2019-12-09T08:24:55.168+0000][1][safepoint    ] Entering safepoint region: Cleanup
[2019-12-09T08:24:55.168+0000][1][safepoint    ] Leaving safepoint region
[2019-12-09T08:24:55.168+0000][1][safepoint    ] Total time for which application threads were stopped: 0.0000662 seconds, Stopping threads took: 0.0000164 seconds
[2019-12-09T08:24:56.168+0000][1][safepoint    ] Application time: 1.0000756 seconds
[2019-12-09T08:24:56.168+0000][1][safepoint    ] Entering safepoint region: Cleanup
[2019-12-09T08:24:56.168+0000][1][safepoint    ] Leaving safepoint region
[2019-12-09T08:24:56.168+0000][1][safepoint    ] Total time for which application threads were stopped: 0.0000683 seconds, Stopping threads took: 0.0000166 seconds
[2019-12-09T08:24:57.168+0000][1][safepoint    ] Application time: 1.0000763 seconds
[2019-12-09T08:24:57.168+0000][1][safepoint    ] Entering safepoint region: Cleanup
[2019-12-09T08:24:57.168+0000][1][safepoint    ] Leaving safepoint region
[2019-12-09T08:24:57.168+0000][1][safepoint    ] Total time for which application threads were stopped: 0.0000669 seconds, Stopping threads took: 0.0000160 seconds
[2019-12-09T08:24:58.168+0000][1][safepoint    ] Application time: 1.0000754 seconds
[2019-12-09T08:24:58.168+0000][1][safepoint    ] Entering safepoint region: Cleanup
[2019-12-09T08:24:58.169+0000][1][safepoint    ] Leaving safepoint region
[2019-12-09T08:24:58.169+0000][1][safepoint    ] Total time for which application threads were stopped: 0.0000651 seconds, Stopping threads took: 0.0000158 seconds
[2019-12-09T08:24:59.169+0000][1][safepoint    ] Application time: 1.0000767 seconds
[2019-12-09T08:24:59.169+0000][1][safepoint    ] Entering safepoint region: Cleanup
[2019-12-09T08:24:59.169+0000][1][safepoint    ] Leaving safepoint region
[2019-12-09T08:24:59.169+0000][1][safepoint    ] Total time for which application threads were stopped: 0.0000734 seconds, Stopping threads took: 0.0000257 seconds
[2019-12-09T08:25:00.169+0000][1][safepoint    ] Application time: 1.0000741 seconds
[2019-12-09T08:25:00.169+0000][1][safepoint    ] Entering safepoint region: Cleanup
[2019-12-09T08:25:00.169+0000][1][safepoint    ] Leaving safepoint region
[2019-12-09T08:25:00.169+0000][1][safepoint    ] Total time for which application threads were stopped: 0.0000695 seconds, Stopping threads took: 0.0000172 seconds
[2019-12-09T08:25:01.169+0000][1][safepoint    ] Application time: 1.0000757 seconds
[2019-12-09T08:25:01.169+0000][1][safepoint    ] Entering safepoint region: Cleanup
[2019-12-09T08:25:01.169+0000][1][safepoint    ] Leaving safepoint region
[2019-12-09T08:25:01.169+0000][1][safepoint    ] Total time for which application threads were stopped: 0.0000670 seconds, Stopping threads took: 0.0000171 seconds
[2019-12-09T08:25:02.169+0000][1][safepoint    ] Application time: 1.0000770 seconds
[2019-12-09T08:25:02.169+0000][1][safepoint    ] Entering safepoint region: Cleanup
[2019-12-09T08:25:02.169+0000][1][safepoint    ] Leaving safepoint region
[2019-12-09T08:25:02.169+0000][1][safepoint    ] Total time for which application threads were stopped: 0.0000667 seconds, Stopping threads took: 0.0000161 seconds
[2019-12-09T08:25:03.169+0000][1][safepoint    ] Application time: 1.0000757 seconds
[2019-12-09T08:25:03.169+0000][1][safepoint    ] Entering safepoint region: Cleanup
[2019-12-09T08:25:03.169+0000][1][safepoint    ] Leaving safepoint region
[2019-12-09T08:25:03.169+0000][1][safepoint    ] Total time for which application threads were stopped: 0.0000651 seconds, Stopping threads took: 0.0000156 seconds
[2019-12-09T08:25:04.170+0000][1][safepoint    ] Application time: 1.0000759 seconds
[2019-12-09T08:25:04.170+0000][1][safepoint    ] Entering safepoint region: Cleanup
[2019-12-09T08:25:04.170+0000][1][safepoint    ] Leaving safepoint region
[2019-12-09T08:25:04.170+0000][1][safepoint    ] Total time for which application threads were stopped: 0.0000772 seconds, Stopping threads took: 0.0000172 seconds
[2019-12-09T08:25:05.170+0000][1][safepoint    ] Application time: 1.0000759 seconds
[2019-12-09T08:25:05.170+0000][1][safepoint    ] Entering safepoint region: Cleanup
[2019-12-09T08:25:05.170+0000][1][safepoint    ] Leaving safepoint region
[2019-12-09T08:25:05.170+0000][1][safepoint    ] Total time for which application threads were stopped: 0.0000653 seconds, Stopping threads took: 0.0000160 seconds
[2019-12-09T08:25:06.170+0000][1][safepoint    ] Application time: 1.0000753 seconds
[2019-12-09T08:25:06.170+0000][1][safepoint    ] Entering safepoint region: Cleanup
[2019-12-09T08:25:06.170+0000][1][safepoint    ] Leaving safepoint region
[2019-12-09T08:25:06.170+0000][1][safepoint    ] Total time for which application threads were stopped: 0.0000662 seconds, Stopping threads took: 0.0000174 seconds
[2019-12-09T08:25:07.170+0000][1][safepoint    ] Application time: 1.0000759 seconds
[2019-12-09T08:25:07.170+0000][1][safepoint    ] Entering safepoint region: Cleanup
[2019-12-09T08:25:07.170+0000][1][safepoint    ] Leaving safepoint region
[2019-12-09T08:25:07.170+0000][1][safepoint    ] Total time for which application threads were stopped: 0.0000668 seconds, Stopping threads took: 0.0000160 seconds
[2019-12-09T08:25:08.170+0000][1][safepoint    ] Application time: 1.0000753 seconds
[2019-12-09T08:25:08.170+0000][1][safepoint    ] Entering safepoint region: Cleanup
[2019-12-09T08:25:08.170+0000][1][safepoint    ] Leaving safepoint region
[2019-12-09T08:25:08.170+0000][1][safepoint    ] Total time for which application threads were stopped: 0.0000638 seconds, Stopping threads took: 0.0000156 seconds
[2019-12-09T08:25:09.171+0000][1][safepoint    ] Application time: 1.0000744 seconds
[2019-12-09T08:25:09.171+0000][1][safepoint    ] Entering safepoint region: Cleanup
[2019-12-09T08:25:09.171+0000][1][safepoint    ] Leaving safepoint region
[2019-12-09T08:25:09.171+0000][1][safepoint    ] Total time for which application threads were stopped: 0.0000638 seconds, Stopping threads took: 0.0000158 seconds
[2019-12-09T08:25:10.171+0000][1][safepoint    ] Application time: 1.0000764 seconds
[2019-12-09T08:25:10.171+0000][1][safepoint    ] Entering safepoint region: Cleanup
[2019-12-09T08:25:10.171+0000][1][safepoint    ] Leaving safepoint region
[2019-12-09T08:25:10.171+0000][1][safepoint    ] Total time for which application threads were stopped: 0.0000662 seconds, Stopping threads took: 0.0000165 seconds
[2019-12-09T08:25:11.171+0000][1][safepoint    ] Application time: 1.0000742 seconds
[2019-12-09T08:25:11.171+0000][1][safepoint    ] Entering safepoint region: Cleanup
[2019-12-09T08:25:11.171+0000][1][safepoint    ] Leaving safepoint region
[2019-12-09T08:25:11.171+0000][1][safepoint    ] Total time for which application threads were stopped: 0.0000674 seconds, Stopping threads took: 0.0000169 seconds
[2019-12-09T08:25:12.171+0000][1][safepoint    ] Application time: 1.0000756 seconds
[2019-12-09T08:25:12.171+0000][1][safepoint    ] Entering safepoint region: Cleanup
[2019-12-09T08:25:12.171+0000][1][safepoint    ] Leaving safepoint region
[2019-12-09T08:25:12.171+0000][1][safepoint    ] Total time for which application threads were stopped: 0.0000643 seconds, Stopping threads took: 0.0000161 seconds
[2019-12-09T08:25:13.171+0000][1][safepoint    ] Application time: 1.0000765 seconds
[2019-12-09T08:25:13.171+0000][1][safepoint    ] Entering safepoint region: Cleanup
[2019-12-09T08:25:13.171+0000][1][safepoint    ] Leaving safepoint region
[2019-12-09T08:25:13.171+0000][1][safepoint    ] Total time for which application threads were stopped: 0.0000665 seconds, Stopping threads took: 0.0000170 seconds
[2019-12-09T08:25:14.171+0000][1][safepoint    ] Application time: 1.0000399 seconds
[2019-12-09T08:25:14.171+0000][1][safepoint    ] Entering safepoint region: Cleanup
[2019-12-09T08:25:14.172+0000][1][safepoint    ] Leaving safepoint region
[2019-12-09T08:25:14.172+0000][1][safepoint    ] Total time for which application threads were stopped: 0.0000637 seconds, Stopping threads took: 0.0000157 seconds
[2019-12-09T08:25:15.172+0000][1][safepoint    ] Application time: 1.0000763 seconds
[2019-12-09T08:25:15.172+0000][1][safepoint    ] Entering safepoint region: Cleanup
[2019-12-09T08:25:15.172+0000][1][safepoint    ] Leaving safepoint region
[2019-12-09T08:25:15.172+0000][1][safepoint    ] Total time for which application threads were stopped: 0.0000811 seconds, Stopping threads took: 0.0000162 seconds
[2019-12-09T08:25:16.172+0000][1][safepoint    ] Application time: 1.0000752 seconds
[2019-12-09T08:25:16.172+0000][1][safepoint    ] Entering safepoint region: Cleanup
[2019-12-09T08:25:16.172+0000][1][safepoint    ] Leaving safepoint region
[2019-12-09T08:25:16.172+0000][1][safepoint    ] Total time for which application threads were stopped: 0.0000639 seconds, Stopping threads took: 0.0000160 seconds
[2019-12-09T08:25:17.172+0000][1][safepoint    ] Application time: 1.0000779 seconds
[2019-12-09T08:25:17.172+0000][1][safepoint    ] Entering safepoint region: Cleanup
[2019-12-09T08:25:17.172+0000][1][safepoint    ] Leaving safepoint region
[2019-12-09T08:25:17.172+0000][1][safepoint    ] Total time for which application threads were stopped: 0.0000723 seconds, Stopping threads took: 0.0000226 seconds
[2019-12-09T08:25:18.172+0000][1][safepoint    ] Application time: 1.0000764 seconds
[2019-12-09T08:25:18.172+0000][1][safepoint    ] Entering safepoint region: Cleanup
[2019-12-09T08:25:18.172+0000][1][safepoint    ] Leaving safepoint region
[2019-12-09T08:25:18.172+0000][1][safepoint    ] Total time for which application threads were stopped: 0.0000662 seconds, Stopping threads took: 0.0000162 seconds
[2019-12-09T08:25:19.172+0000][1][safepoint    ] Application time: 1.0000760 seconds
[2019-12-09T08:25:19.172+0000][1][safepoint    ] Entering safepoint region: Cleanup
[2019-12-09T08:25:19.172+0000][1][safepoint    ] Leaving safepoint region
[2019-12-09T08:25:19.172+0000][1][safepoint    ] Total time for which application threads were stopped: 0.0000658 seconds, Stopping threads took: 0.0000163 seconds
[2019-12-09T08:25:20.173+0000][1][safepoint    ] Application time: 1.0000779 seconds
[2019-12-09T08:25:20.173+0000][1][safepoint    ] Entering safepoint region: Cleanup
[2019-12-09T08:25:20.173+0000][1][safepoint    ] Leaving safepoint region
[2019-12-09T08:25:20.173+0000][1][safepoint    ] Total time for which application threads were stopped: 0.0000673 seconds, Stopping threads took: 0.0000177 seconds
[2019-12-09T08:25:21.173+0000][1][safepoint    ] Application time: 1.0000776 seconds
[2019-12-09T08:25:21.173+0000][1][safepoint    ] Entering safepoint region: Cleanup
[2019-12-09T08:25:21.173+0000][1][safepoint    ] Leaving safepoint region
[2019-12-09T08:25:21.173+0000][1][safepoint    ] Total time for which application threads were stopped: 0.0000656 seconds, Stopping threads took: 0.0000161 seconds
[2019-12-09T08:25:22.173+0000][1][safepoint    ] Application time: 1.0000772 seconds
[2019-12-09T08:25:22.173+0000][1][safepoint    ] Entering safepoint region: Cleanup
[2019-12-09T08:25:22.173+0000][1][safepoint    ] Leaving safepoint region
[2019-12-09T08:25:22.173+0000][1][safepoint    ] Total time for which application threads were stopped: 0.0000671 seconds, Stopping threads took: 0.0000160 seconds
[2019-12-09T08:25:23.173+0000][1][safepoint    ] Application time: 1.0000764 seconds
[2019-12-09T08:25:23.173+0000][1][safepoint    ] Entering safepoint region: Cleanup
[2019-12-09T08:25:23.173+0000][1][safepoint    ] Leaving safepoint region
[2019-12-09T08:25:23.173+0000][1][safepoint    ] Total time for which application threads were stopped: 0.0000658 seconds, Stopping threads took: 0.0000173 seconds
[2019-12-09T08:25:24.173+0000][1][safepoint    ] Application time: 1.0000748 seconds
[2019-12-09T08:25:24.173+0000][1][safepoint    ] Entering safepoint region: Cleanup
[2019-12-09T08:25:24.173+0000][1][safepoint    ] Leaving safepoint region
[2019-12-09T08:25:24.173+0000][1][safepoint    ] Total time for which application threads were stopped: 0.0000653 seconds, Stopping threads took: 0.0000160 seconds
[2019-12-09T08:25:25.173+0000][1][safepoint    ] Application time: 1.0000782 seconds
[2019-12-09T08:25:25.174+0000][1][safepoint    ] Entering safepoint region: Cleanup
[2019-12-09T08:25:25.174+0000][1][safepoint    ] Leaving safepoint region
[2019-12-09T08:25:25.174+0000][1][safepoint    ] Total time for which application threads were stopped: 0.0000657 seconds, Stopping threads took: 0.0000164 seconds
[2019-12-09T08:25:26.174+0000][1][safepoint    ] Application time: 1.0000773 seconds
[2019-12-09T08:25:26.174+0000][1][safepoint    ] Entering safepoint region: Cleanup
[2019-12-09T08:25:26.174+0000][1][safepoint    ] Leaving safepoint region
[2019-12-09T08:25:26.174+0000][1][safepoint    ] Total time for which application threads were stopped: 0.0000641 seconds, Stopping threads took: 0.0000158 seconds
[2019-12-09T08:25:27.174+0000][1][safepoint    ] Application time: 1.0000774 seconds
[2019-12-09T08:25:27.174+0000][1][safepoint    ] Entering safepoint region: Cleanup
[2019-12-09T08:25:27.174+0000][1][safepoint    ] Leaving safepoint region
[2019-12-09T08:25:27.174+0000][1][safepoint    ] Total time for which application threads were stopped: 0.0000648 seconds, Stopping threads took: 0.0000161 seconds
[2019-12-09T08:25:28.174+0000][1][safepoint    ] Application time: 1.0000760 seconds
[2019-12-09T08:25:28.174+0000][1][safepoint    ] Entering safepoint region: Cleanup
[2019-12-09T08:25:28.174+0000][1][safepoint    ] Leaving safepoint region
[2019-12-09T08:25:28.174+0000][1][safepoint    ] Total time for which application threads were stopped: 0.0000649 seconds, Stopping threads took: 0.0000156 seconds
[2019-12-09T08:25:29.174+0000][1][safepoint    ] Application time: 1.0000781 seconds
[2019-12-09T08:25:29.174+0000][1][safepoint    ] Entering safepoint region: Cleanup
[2019-12-09T08:25:29.174+0000][1][safepoint    ] Leaving safepoint region
[2019-12-09T08:25:29.174+0000][1][safepoint    ] Total time for which application threads were stopped: 0.0000655 seconds, Stopping threads took: 0.0000167 seconds
[2019-12-09T08:25:30.174+0000][1][safepoint    ] Application time: 1.0000773 seconds
[2019-12-09T08:25:30.174+0000][1][safepoint    ] Entering safepoint region: Cleanup
[2019-12-09T08:25:30.175+0000][1][safepoint    ] Leaving safepoint region
[2019-12-09T08:25:30.175+0000][1][safepoint    ] Total time for which application threads were stopped: 0.0000635 seconds, Stopping threads took: 0.0000152 seconds
[2019-12-09T08:25:31.175+0000][1][safepoint    ] Application time: 1.0000767 seconds
[2019-12-09T08:25:31.175+0000][1][safepoint    ] Entering safepoint region: Cleanup
[2019-12-09T08:25:31.175+0000][1][safepoint    ] Leaving safepoint region
[2019-12-09T08:25:31.175+0000][1][safepoint    ] Total time for which application threads were stopped: 0.0000757 seconds, Stopping threads took: 0.0000255 seconds
[2019-12-09T08:25:32.175+0000][1][safepoint    ] Application time: 1.0000751 seconds
[2019-12-09T08:25:32.175+0000][1][safepoint    ] Entering safepoint region: Cleanup
[2019-12-09T08:25:32.175+0000][1][safepoint    ] Leaving safepoint region
[2019-12-09T08:25:32.175+0000][1][safepoint    ] Total time for which application threads were stopped: 0.0000668 seconds, Stopping threads took: 0.0000159 seconds
[2019-12-09T08:25:33.175+0000][1][safepoint    ] Application time: 1.0000781 seconds
[2019-12-09T08:25:33.175+0000][1][safepoint    ] Entering safepoint region: Cleanup
[2019-12-09T08:25:33.175+0000][1][safepoint    ] Leaving safepoint region
[2019-12-09T08:25:33.175+0000][1][safepoint    ] Total time for which application threads were stopped: 0.0000651 seconds, Stopping threads took: 0.0000166 seconds
[2019-12-09T08:25:34.175+0000][1][safepoint    ] Application time: 1.0000753 seconds
[2019-12-09T08:25:34.175+0000][1][safepoint    ] Entering safepoint region: Cleanup
[2019-12-09T08:25:34.175+0000][1][safepoint    ] Leaving safepoint region
[2019-12-09T08:25:34.175+0000][1][safepoint    ] Total time for which application threads were stopped: 0.0000653 seconds, Stopping threads took: 0.0000170 seconds
[2019-12-09T08:25:35.175+0000][1][safepoint    ] Application time: 1.0000764 seconds
[2019-12-09T08:25:35.175+0000][1][safepoint    ] Entering safepoint region: Cleanup
[2019-12-09T08:25:35.175+0000][1][safepoint    ] Leaving safepoint region
[2019-12-09T08:25:35.175+0000][1][safepoint    ] Total time for which application threads were stopped: 0.0000654 seconds, Stopping threads took: 0.0000156 seconds
[2019-12-09T08:25:36.176+0000][1][safepoint    ] Application time: 1.0000806 seconds
[2019-12-09T08:25:36.176+0000][1][safepoint    ] Entering safepoint region: Cleanup
[2019-12-09T08:25:36.176+0000][1][safepoint    ] Leaving safepoint region
[2019-12-09T08:25:36.176+0000][1][safepoint    ] Total time for which application threads were stopped: 0.0000853 seconds, Stopping threads took: 0.0000170 seconds
[2019-12-09T08:25:37.176+0000][1][safepoint    ] Application time: 1.0000767 seconds
[2019-12-09T08:25:37.176+0000][1][safepoint    ] Entering safepoint region: Cleanup
[2019-12-09T08:25:37.176+0000][1][safepoint    ] Leaving safepoint region
[2019-12-09T08:25:37.176+0000][1][safepoint    ] Total time for which application threads were stopped: 0.0000641 seconds, Stopping threads took: 0.0000155 seconds
[2019-12-09T08:25:38.176+0000][1][safepoint    ] Application time: 1.0000777 seconds
[2019-12-09T08:25:38.176+0000][1][safepoint    ] Entering safepoint region: Cleanup
[2019-12-09T08:25:38.176+0000][1][safepoint    ] Leaving safepoint region
[2019-12-09T08:25:38.176+0000][1][safepoint    ] Total time for which application threads were stopped: 0.0000631 seconds, Stopping threads took: 0.0000157 seconds
[2019-12-09T08:25:39.176+0000][1][safepoint    ] Application time: 1.0000765 seconds
[2019-12-09T08:25:39.176+0000][1][safepoint    ] Entering safepoint region: Cleanup
[2019-12-09T08:25:39.176+0000][1][safepoint    ] Leaving safepoint region
[2019-12-09T08:25:39.176+0000][1][safepoint    ] Total time for which application threads were stopped: 0.0000650 seconds, Stopping threads took: 0.0000166 seconds
[2019-12-09T08:25:40.176+0000][1][safepoint    ] Application time: 1.0000781 seconds
[2019-12-09T08:25:40.176+0000][1][safepoint    ] Entering safepoint region: Cleanup
[2019-12-09T08:25:40.176+0000][1][safepoint    ] Leaving safepoint region
[2019-12-09T08:25:40.176+0000][1][safepoint    ] Total time for which application threads were stopped: 0.0000660 seconds, Stopping threads took: 0.0000164 seconds
[2019-12-09T08:25:41.177+0000][1][safepoint    ] Application time: 1.0000767 seconds
[2019-12-09T08:25:41.177+0000][1][safepoint    ] Entering safepoint region: Cleanup
[2019-12-09T08:25:41.177+0000][1][safepoint    ] Leaving safepoint region
[2019-12-09T08:25:41.177+0000][1][safepoint    ] Total time for which application threads were stopped: 0.0000650 seconds, Stopping threads took: 0.0000156 seconds
[2019-12-09T08:25:42.177+0000][1][safepoint    ] Application time: 1.0000770 seconds
[2019-12-09T08:25:42.177+0000][1][safepoint    ] Entering safepoint region: Cleanup
[2019-12-09T08:25:42.177+0000][1][safepoint    ] Leaving safepoint region
[2019-12-09T08:25:42.177+0000][1][safepoint    ] Total time for which application threads were stopped: 0.0000644 seconds, Stopping threads took: 0.0000161 seconds
[2019-12-09T08:25:43.177+0000][1][safepoint    ] Application time: 1.0000761 seconds
[2019-12-09T08:25:43.177+0000][1][safepoint    ] Entering safepoint region: Cleanup
[2019-12-09T08:25:43.177+0000][1][safepoint    ] Leaving safepoint region
[2019-12-09T08:25:43.177+0000][1][safepoint    ] Total time for which application threads were stopped: 0.0000660 seconds, Stopping threads took: 0.0000162 seconds
[2019-12-09T08:25:44.177+0000][1][safepoint    ] Application time: 1.0000754 seconds
[2019-12-09T08:25:44.177+0000][1][safepoint    ] Entering safepoint region: Cleanup
[2019-12-09T08:25:44.177+0000][1][safepoint    ] Leaving safepoint region
[2019-12-09T08:25:44.177+0000][1][safepoint    ] Total time for which application threads were stopped: 0.0000654 seconds, Stopping threads took: 0.0000153 seconds
[2019-12-09T08:25:45.177+0000][1][safepoint    ] Application time: 1.0000745 seconds
[2019-12-09T08:25:45.177+0000][1][safepoint    ] Entering safepoint region: Cleanup
[2019-12-09T08:25:45.177+0000][1][safepoint    ] Leaving safepoint region
[2019-12-09T08:25:45.177+0000][1][safepoint    ] Total time for which application threads were stopped: 0.0000659 seconds, Stopping threads took: 0.0000170 seconds
[2019-12-09T08:25:46.177+0000][1][safepoint    ] Application time: 1.0000732 seconds
[2019-12-09T08:25:46.177+0000][1][safepoint    ] Entering safepoint region: Cleanup
[2019-12-09T08:25:46.178+0000][1][safepoint    ] Leaving safepoint region
[2019-12-09T08:25:46.178+0000][1][safepoint    ] Total time for which application threads were stopped: 0.0000651 seconds, Stopping threads took: 0.0000159 seconds
[2019-12-09T08:25:47.178+0000][1][safepoint    ] Application time: 1.0000751 seconds
[2019-12-09T08:25:47.178+0000][1][safepoint    ] Entering safepoint region: Cleanup
[2019-12-09T08:25:47.178+0000][1][safepoint    ] Leaving safepoint region
[2019-12-09T08:25:47.178+0000][1][safepoint    ] Total time for which application threads were stopped: 0.0000837 seconds, Stopping threads took: 0.0000320 seconds
[2019-12-09T08:25:48.178+0000][1][safepoint    ] Application time: 1.0000761 seconds
[2019-12-09T08:25:48.178+0000][1][safepoint    ] Entering safepoint region: Cleanup
[2019-12-09T08:25:48.178+0000][1][safepoint    ] Leaving safepoint region
[2019-12-09T08:25:48.178+0000][1][safepoint    ] Total time for which application threads were stopped: 0.0000733 seconds, Stopping threads took: 0.0000242 seconds
[2019-12-09T08:25:49.178+0000][1][safepoint    ] Application time: 1.0000749 seconds
[2019-12-09T08:25:49.178+0000][1][safepoint    ] Entering safepoint region: Cleanup
[2019-12-09T08:25:49.178+0000][1][safepoint    ] Leaving safepoint region
[2019-12-09T08:25:49.178+0000][1][safepoint    ] Total time for which application threads were stopped: 0.0000748 seconds, Stopping threads took: 0.0000254 seconds
[2019-12-09T08:25:50.178+0000][1][safepoint    ] Application time: 1.0000729 seconds
[2019-12-09T08:25:50.178+0000][1][safepoint    ] Entering safepoint region: Cleanup
[2019-12-09T08:25:50.178+0000][1][safepoint    ] Leaving safepoint region
[2019-12-09T08:25:50.178+0000][1][safepoint    ] Total time for which application threads were stopped: 0.0000639 seconds, Stopping threads took: 0.0000160 seconds
[2019-12-09T08:25:51.178+0000][1][safepoint    ] Application time: 1.0000757 seconds
[2019-12-09T08:25:51.178+0000][1][safepoint    ] Entering safepoint region: Cleanup
[2019-12-09T08:25:51.179+0000][1][safepoint    ] Leaving safepoint region
[2019-12-09T08:25:51.179+0000][1][safepoint    ] Total time for which application threads were stopped: 0.0000649 seconds, Stopping threads took: 0.0000167 seconds
[2019-12-09T08:25:52.179+0000][1][safepoint    ] Application time: 1.0000758 seconds
[2019-12-09T08:25:52.179+0000][1][safepoint    ] Entering safepoint region: Cleanup
[2019-12-09T08:25:52.179+0000][1][safepoint    ] Leaving safepoint region
[2019-12-09T08:25:52.179+0000][1][safepoint    ] Total time for which application threads were stopped: 0.0000786 seconds, Stopping threads took: 0.0000166 seconds
[2019-12-09T08:25:53.179+0000][1][safepoint    ] Application time: 1.0000762 seconds
[2019-12-09T08:25:53.179+0000][1][safepoint    ] Entering safepoint region: Cleanup
[2019-12-09T08:25:53.179+0000][1][safepoint    ] Leaving safepoint region
[2019-12-09T08:25:53.179+0000][1][safepoint    ] Total time for which application threads were stopped: 0.0000638 seconds, Stopping threads took: 0.0000160 seconds
[2019-12-09T08:25:54.179+0000][1][safepoint    ] Application time: 1.0000768 seconds
[2019-12-09T08:25:54.179+0000][1][safepoint    ] Entering safepoint region: Cleanup
[2019-12-09T08:25:54.179+0000][1][safepoint    ] Leaving safepoint region
[2019-12-09T08:25:54.179+0000][1][safepoint    ] Total time for which application threads were stopped: 0.0000677 seconds, Stopping threads took: 0.0000163 seconds
[2019-12-09T08:25:55.179+0000][1][safepoint    ] Application time: 1.0000769 seconds
[2019-12-09T08:25:55.179+0000][1][safepoint    ] Entering safepoint region: Cleanup
[2019-12-09T08:25:55.179+0000][1][safepoint    ] Leaving safepoint region
[2019-12-09T08:25:55.179+0000][1][safepoint    ] Total time for which application threads were stopped: 0.0000638 seconds, Stopping threads took: 0.0000157 seconds
[2019-12-09T08:25:56.179+0000][1][safepoint    ] Application time: 1.0000767 seconds
[2019-12-09T08:25:56.179+0000][1][safepoint    ] Entering safepoint region: Cleanup
[2019-12-09T08:25:56.179+0000][1][safepoint    ] Leaving safepoint region
[2019-12-09T08:25:56.179+0000][1][safepoint    ] Total time for which application threads were stopped: 0.0000655 seconds, Stopping threads took: 0.0000164 seconds
[2019-12-09T08:25:57.180+0000][1][safepoint    ] Application time: 1.0000762 seconds
[2019-12-09T08:25:57.180+0000][1][safepoint    ] Entering safepoint region: Cleanup
[2019-12-09T08:25:57.180+0000][1][safepoint    ] Leaving safepoint region
[2019-12-09T08:25:57.180+0000][1][safepoint    ] Total time for which application threads were stopped: 0.0000660 seconds, Stopping threads took: 0.0000162 seconds
[2019-12-09T08:25:58.180+0000][1][safepoint    ] Application time: 1.0000768 seconds
[2019-12-09T08:25:58.180+0000][1][safepoint    ] Entering safepoint region: Cleanup
[2019-12-09T08:25:58.180+0000][1][safepoint    ] Leaving safepoint region
[2019-12-09T08:25:58.180+0000][1][safepoint    ] Total time for which application threads were stopped: 0.0000655 seconds, Stopping threads took: 0.0000165 seconds
[2019-12-09T08:25:59.180+0000][1][safepoint    ] Application time: 1.0000742 seconds
[2019-12-09T08:25:59.180+0000][1][safepoint    ] Entering safepoint region: Cleanup
[2019-12-09T08:25:59.180+0000][1][safepoint    ] Leaving safepoint region
[2019-12-09T08:25:59.180+0000][1][safepoint    ] Total time for which application threads were stopped: 0.0000734 seconds, Stopping threads took: 0.0000231 seconds
[2019-12-09T08:26:00.180+0000][1][safepoint    ] Application time: 1.0000751 seconds
[2019-12-09T08:26:00.180+0000][1][safepoint    ] Entering safepoint region: Cleanup
[2019-12-09T08:26:00.180+0000][1][safepoint    ] Leaving safepoint region
[2019-12-09T08:26:00.180+0000][1][safepoint    ] Total time for which application threads were stopped: 0.0000669 seconds, Stopping threads took: 0.0000166 seconds
[2019-12-09T08:26:01.180+0000][1][safepoint    ] Application time: 1.0000764 seconds
[2019-12-09T08:26:01.180+0000][1][safepoint    ] Entering safepoint region: Cleanup
[2019-12-09T08:26:01.180+0000][1][safepoint    ] Leaving safepoint region
[2019-12-09T08:26:01.180+0000][1][safepoint    ] Total time for which application threads were stopped: 0.0000638 seconds, Stopping threads took: 0.0000157 seconds
[2019-12-09T08:26:02.180+0000][1][safepoint    ] Application time: 1.0000780 seconds
[2019-12-09T08:26:02.181+0000][1][safepoint    ] Entering safepoint region: Cleanup
[2019-12-09T08:26:02.181+0000][1][safepoint    ] Leaving safepoint region
[2019-12-09T08:26:02.181+0000][1][safepoint    ] Total time for which application threads were stopped: 0.0000654 seconds, Stopping threads took: 0.0000155 seconds
[2019-12-09T08:26:03.181+0000][1][safepoint    ] Application time: 1.0000771 seconds
[2019-12-09T08:26:03.181+0000][1][safepoint    ] Entering safepoint region: Cleanup
[2019-12-09T08:26:03.181+0000][1][safepoint    ] Leaving safepoint region
[2019-12-09T08:26:03.181+0000][1][safepoint    ] Total time for which application threads were stopped: 0.0000663 seconds, Stopping threads took: 0.0000159 seconds
[2019-12-09T08:26:04.181+0000][1][safepoint    ] Application time: 1.0000776 seconds
[2019-12-09T08:26:04.181+0000][1][safepoint    ] Entering safepoint region: Cleanup
[2019-12-09T08:26:04.181+0000][1][safepoint    ] Leaving safepoint region
[2019-12-09T08:26:04.181+0000][1][safepoint    ] Total time for which application threads were stopped: 0.0000646 seconds, Stopping threads took: 0.0000156 seconds
[2019-12-09T08:26:05.181+0000][1][safepoint    ] Application time: 1.0000773 seconds
[2019-12-09T08:26:05.181+0000][1][safepoint    ] Entering safepoint region: Cleanup
[2019-12-09T08:26:05.181+0000][1][safepoint    ] Leaving safepoint region
[2019-12-09T08:26:05.181+0000][1][safepoint    ] Total time for which application threads were stopped: 0.0000653 seconds, Stopping threads took: 0.0000162 seconds
[2019-12-09T08:26:05.565+0000][1][safepoint    ] Application time: 0.3834816 seconds
[2019-12-09T08:26:05.565+0000][1][safepoint    ] Entering safepoint region: GenCollectForAllocation
[2019-12-09T08:26:05.565+0000][1][gc,start     ] GC(65) Pause Young (Allocation Failure)
[2019-12-09T08:26:05.565+0000][1][gc,task      ] GC(65) Using 2 workers of 2 for evacuation
[2019-12-09T08:26:05.566+0000][1][gc,age       ] GC(65) Desired survivor size 4456448 bytes, new threshold 6 (max threshold 6)
[2019-12-09T08:26:05.566+0000][1][gc,age       ] GC(65) Age table with threshold 6 (max threshold 6)
[2019-12-09T08:26:05.566+0000][1][gc,age       ] GC(65) - age   1:       4016 bytes,       4016 total
[2019-12-09T08:26:05.566+0000][1][gc,heap      ] GC(65) ParNew: 69958K->6K(78656K)
[2019-12-09T08:26:05.566+0000][1][gc,heap      ] GC(65) CMS: 69458K->69458K(174784K)
[2019-12-09T08:26:05.566+0000][1][gc,metaspace ] GC(65) Metaspace: 68474K->68474K(1112064K)
[2019-12-09T08:26:05.566+0000][1][gc           ] GC(65) Pause Young (Allocation Failure) 136M->67M(247M) 1.325ms
[2019-12-09T08:26:05.566+0000][1][gc,cpu       ] GC(65) User=0.00s Sys=0.00s Real=0.00s
[2019-12-09T08:26:05.566+0000][1][safepoint    ] Leaving safepoint region
[2019-12-09T08:26:05.566+0000][1][safepoint    ] Total time for which application threads were stopped: 0.0014834 seconds, Stopping threads took: 0.0000411 seconds
[2019-12-09T08:26:06.566+0000][1][safepoint    ] Application time: 1.0000882 seconds
[2019-12-09T08:26:06.566+0000][1][safepoint    ] Entering safepoint region: Cleanup
[2019-12-09T08:26:06.566+0000][1][safepoint    ] Leaving safepoint region
[2019-12-09T08:26:06.566+0000][1][safepoint    ] Total time for which application threads were stopped: 0.0000675 seconds, Stopping threads took: 0.0000172 seconds
[2019-12-09T08:26:07.566+0000][1][safepoint    ] Application time: 1.0000761 seconds
[2019-12-09T08:26:07.567+0000][1][safepoint    ] Entering safepoint region: Cleanup
[2019-12-09T08:26:07.567+0000][1][safepoint    ] Leaving safepoint region
[2019-12-09T08:26:07.567+0000][1][safepoint    ] Total time for which application threads were stopped: 0.0000667 seconds, Stopping threads took: 0.0000177 seconds
[2019-12-09T08:26:08.567+0000][1][safepoint    ] Application time: 1.0000756 seconds
[2019-12-09T08:26:08.567+0000][1][safepoint    ] Entering safepoint region: Cleanup
[2019-12-09T08:26:08.567+0000][1][safepoint    ] Leaving safepoint region
[2019-12-09T08:26:08.567+0000][1][safepoint    ] Total time for which application threads were stopped: 0.0000701 seconds, Stopping threads took: 0.0000192 seconds
[2019-12-09T08:26:09.567+0000][1][safepoint    ] Application time: 1.0000766 seconds
[2019-12-09T08:26:09.567+0000][1][safepoint    ] Entering safepoint region: Cleanup
[2019-12-09T08:26:09.567+0000][1][safepoint    ] Leaving safepoint region
[2019-12-09T08:26:09.567+0000][1][safepoint    ] Total time for which application threads were stopped: 0.0000685 seconds, Stopping threads took: 0.0000170 seconds
[2019-12-09T08:26:10.567+0000][1][safepoint    ] Application time: 1.0000830 seconds
[2019-12-09T08:26:10.567+0000][1][safepoint    ] Entering safepoint region: Cleanup
[2019-12-09T08:26:10.567+0000][1][safepoint    ] Leaving safepoint region
[2019-12-09T08:26:10.567+0000][1][safepoint    ] Total time for which application threads were stopped: 0.0001029 seconds, Stopping threads took: 0.0000484 seconds
[2019-12-09T08:26:11.567+0000][1][safepoint    ] Application time: 1.0000864 seconds
[2019-12-09T08:26:11.567+0000][1][safepoint    ] Entering safepoint region: Cleanup
[2019-12-09T08:26:11.567+0000][1][safepoint    ] Leaving safepoint region
[2019-12-09T08:26:11.567+0000][1][safepoint    ] Total time for which application threads were stopped: 0.0000720 seconds, Stopping threads took: 0.0000195 seconds
[2019-12-09T08:26:12.567+0000][1][safepoint    ] Application time: 1.0000795 seconds
[2019-12-09T08:26:12.568+0000][1][safepoint    ] Entering safepoint region: Cleanup
[2019-12-09T08:26:12.568+0000][1][safepoint    ] Leaving safepoint region
[2019-12-09T08:26:12.568+0000][1][safepoint    ] Total time for which application threads were stopped: 0.0000712 seconds, Stopping threads took: 0.0000180 seconds
[2019-12-09T08:26:13.568+0000][1][safepoint    ] Application time: 1.0000765 seconds
[2019-12-09T08:26:13.568+0000][1][safepoint    ] Entering safepoint region: Cleanup
[2019-12-09T08:26:13.568+0000][1][safepoint    ] Leaving safepoint region
[2019-12-09T08:26:13.568+0000][1][safepoint    ] Total time for which application threads were stopped: 0.0000815 seconds, Stopping threads took: 0.0000205 seconds
[2019-12-09T08:26:14.568+0000][1][safepoint    ] Application time: 1.0000883 seconds
[2019-12-09T08:26:14.568+0000][1][safepoint    ] Entering safepoint region: Cleanup
[2019-12-09T08:26:14.568+0000][1][safepoint    ] Leaving safepoint region
[2019-12-09T08:26:14.568+0000][1][safepoint    ] Total time for which application threads were stopped: 0.0000700 seconds, Stopping threads took: 0.0000175 seconds
[2019-12-09T08:26:15.568+0000][1][safepoint    ] Application time: 1.0000757 seconds
[2019-12-09T08:26:15.568+0000][1][safepoint    ] Entering safepoint region: Cleanup
[2019-12-09T08:26:15.568+0000][1][safepoint    ] Leaving safepoint region
[2019-12-09T08:26:15.568+0000][1][safepoint    ] Total time for which application threads were stopped: 0.0000654 seconds, Stopping threads took: 0.0000166 seconds
[2019-12-09T08:26:16.568+0000][1][safepoint    ] Application time: 1.0000742 seconds
[2019-12-09T08:26:16.568+0000][1][safepoint    ] Entering safepoint region: Cleanup
[2019-12-09T08:26:16.568+0000][1][safepoint    ] Leaving safepoint region
[2019-12-09T08:26:16.568+0000][1][safepoint    ] Total time for which application threads were stopped: 0.0000692 seconds, Stopping threads took: 0.0000182 seconds
[2019-12-09T08:26:17.568+0000][1][safepoint    ] Application time: 1.0000737 seconds
[2019-12-09T08:26:17.569+0000][1][safepoint    ] Entering safepoint region: Cleanup
[2019-12-09T08:26:17.569+0000][1][safepoint    ] Leaving safepoint region
[2019-12-09T08:26:17.569+0000][1][safepoint    ] Total time for which application threads were stopped: 0.0000781 seconds, Stopping threads took: 0.0000269 seconds
[2019-12-09T08:26:18.569+0000][1][safepoint    ] Application time: 1.0000760 seconds
[2019-12-09T08:26:18.569+0000][1][safepoint    ] Entering safepoint region: Cleanup
[2019-12-09T08:26:18.569+0000][1][safepoint    ] Leaving safepoint region
[2019-12-09T08:26:18.569+0000][1][safepoint    ] Total time for which application threads were stopped: 0.0000683 seconds, Stopping threads took: 0.0000158 seconds
[2019-12-09T08:26:19.569+0000][1][safepoint    ] Application time: 1.0000764 seconds
[2019-12-09T08:26:19.569+0000][1][safepoint    ] Entering safepoint region: Cleanup
[2019-12-09T08:26:19.569+0000][1][safepoint    ] Leaving safepoint region
[2019-12-09T08:26:19.569+0000][1][safepoint    ] Total time for which application threads were stopped: 0.0000652 seconds, Stopping threads took: 0.0000160 seconds
[2019-12-09T08:26:20.569+0000][1][safepoint    ] Application time: 1.0000778 seconds
[2019-12-09T08:26:20.569+0000][1][safepoint    ] Entering safepoint region: Cleanup
[2019-12-09T08:26:20.569+0000][1][safepoint    ] Leaving safepoint region
[2019-12-09T08:26:20.569+0000][1][safepoint    ] Total time for which application threads were stopped: 0.0000696 seconds, Stopping threads took: 0.0000174 seconds
[2019-12-09T08:26:21.569+0000][1][safepoint    ] Application time: 1.0000779 seconds
[2019-12-09T08:26:21.569+0000][1][safepoint    ] Entering safepoint region: Cleanup
[2019-12-09T08:26:21.569+0000][1][safepoint    ] Leaving safepoint region
[2019-12-09T08:26:21.569+0000][1][safepoint    ] Total time for which application threads were stopped: 0.0000669 seconds, Stopping threads took: 0.0000166 seconds
[2019-12-09T08:26:22.569+0000][1][safepoint    ] Application time: 1.0000764 seconds
[2019-12-09T08:26:22.569+0000][1][safepoint    ] Entering safepoint region: Cleanup
[2019-12-09T08:26:22.570+0000][1][safepoint    ] Leaving safepoint region
[2019-12-09T08:26:22.570+0000][1][safepoint    ] Total time for which application threads were stopped: 0.0000706 seconds, Stopping threads took: 0.0000171 seconds
[2019-12-09T08:26:23.570+0000][1][safepoint    ] Application time: 1.0000759 seconds
[2019-12-09T08:26:23.570+0000][1][safepoint    ] Entering safepoint region: Cleanup
[2019-12-09T08:26:23.570+0000][1][safepoint    ] Leaving safepoint region
[2019-12-09T08:26:23.570+0000][1][safepoint    ] Total time for which application threads were stopped: 0.0000745 seconds, Stopping threads took: 0.0000259 seconds
[2019-12-09T08:26:24.570+0000][1][safepoint    ] Application time: 1.0000767 seconds
[2019-12-09T08:26:24.570+0000][1][safepoint    ] Entering safepoint region: Cleanup
[2019-12-09T08:26:24.570+0000][1][safepoint    ] Leaving safepoint region
[2019-12-09T08:26:24.570+0000][1][safepoint    ] Total time for which application threads were stopped: 0.0000694 seconds, Stopping threads took: 0.0000170 seconds
[2019-12-09T08:26:25.570+0000][1][safepoint    ] Application time: 1.0000753 seconds
[2019-12-09T08:26:25.570+0000][1][safepoint    ] Entering safepoint region: Cleanup
[2019-12-09T08:26:25.570+0000][1][safepoint    ] Leaving safepoint region
[2019-12-09T08:26:25.570+0000][1][safepoint    ] Total time for which application threads were stopped: 0.0000703 seconds, Stopping threads took: 0.0000185 seconds
[2019-12-09T08:26:26.570+0000][1][safepoint    ] Application time: 1.0000772 seconds
[2019-12-09T08:26:26.570+0000][1][safepoint    ] Entering safepoint region: Cleanup
[2019-12-09T08:26:26.570+0000][1][safepoint    ] Leaving safepoint region
[2019-12-09T08:26:26.570+0000][1][safepoint    ] Total time for which application threads were stopped: 0.0000686 seconds, Stopping threads took: 0.0000169 seconds
[2019-12-09T08:26:27.570+0000][1][safepoint    ] Application time: 1.0000767 seconds
[2019-12-09T08:26:27.570+0000][1][safepoint    ] Entering safepoint region: Cleanup
[2019-12-09T08:26:27.571+0000][1][safepoint    ] Leaving safepoint region
[2019-12-09T08:26:27.571+0000][1][safepoint    ] Total time for which application threads were stopped: 0.0000676 seconds, Stopping threads took: 0.0000175 seconds
[2019-12-09T08:26:28.571+0000][1][safepoint    ] Application time: 1.0000770 seconds
[2019-12-09T08:26:28.571+0000][1][safepoint    ] Entering safepoint region: Cleanup
[2019-12-09T08:26:28.571+0000][1][safepoint    ] Leaving safepoint region
[2019-12-09T08:26:28.571+0000][1][safepoint    ] Total time for which application threads were stopped: 0.0000783 seconds, Stopping threads took: 0.0000176 seconds
[2019-12-09T08:26:29.571+0000][1][safepoint    ] Application time: 1.0000760 seconds
[2019-12-09T08:26:29.571+0000][1][safepoint    ] Entering safepoint region: Cleanup
[2019-12-09T08:26:29.571+0000][1][safepoint    ] Leaving safepoint region
[2019-12-09T08:26:29.571+0000][1][safepoint    ] Total time for which application threads were stopped: 0.0000693 seconds, Stopping threads took: 0.0000176 seconds
[2019-12-09T08:26:30.571+0000][1][safepoint    ] Application time: 1.0000789 seconds
[2019-12-09T08:26:30.571+0000][1][safepoint    ] Entering safepoint region: Cleanup
[2019-12-09T08:26:30.571+0000][1][safepoint    ] Leaving safepoint region
[2019-12-09T08:26:30.571+0000][1][safepoint    ] Total time for which application threads were stopped: 0.0000665 seconds, Stopping threads took: 0.0000173 seconds
[2019-12-09T08:26:31.571+0000][1][safepoint    ] Application time: 1.0000762 seconds
[2019-12-09T08:26:31.571+0000][1][safepoint    ] Entering safepoint region: Cleanup
[2019-12-09T08:26:31.571+0000][1][safepoint    ] Leaving safepoint region
[2019-12-09T08:26:31.571+0000][1][safepoint    ] Total time for which application threads were stopped: 0.0000664 seconds, Stopping threads took: 0.0000176 seconds
[2019-12-09T08:26:32.571+0000][1][safepoint    ] Application time: 1.0000756 seconds
[2019-12-09T08:26:32.571+0000][1][safepoint    ] Entering safepoint region: Cleanup
[2019-12-09T08:26:32.571+0000][1][safepoint    ] Leaving safepoint region
[2019-12-09T08:26:32.571+0000][1][safepoint    ] Total time for which application threads were stopped: 0.0000665 seconds, Stopping threads took: 0.0000162 seconds
[2019-12-09T08:26:33.572+0000][1][safepoint    ] Application time: 1.0000748 seconds
[2019-12-09T08:26:33.572+0000][1][safepoint    ] Entering safepoint region: Cleanup
[2019-12-09T08:26:33.572+0000][1][safepoint    ] Leaving safepoint region
[2019-12-09T08:26:33.572+0000][1][safepoint    ] Total time for which application threads were stopped: 0.0000701 seconds, Stopping threads took: 0.0000170 seconds
[2019-12-09T08:26:34.572+0000][1][safepoint    ] Application time: 1.0000788 seconds
[2019-12-09T08:26:34.572+0000][1][safepoint    ] Entering safepoint region: Cleanup
[2019-12-09T08:26:34.572+0000][1][safepoint    ] Leaving safepoint region
[2019-12-09T08:26:34.572+0000][1][safepoint    ] Total time for which application threads were stopped: 0.0000663 seconds, Stopping threads took: 0.0000163 seconds
[2019-12-09T08:26:35.572+0000][1][safepoint    ] Application time: 1.0000766 seconds
[2019-12-09T08:26:35.572+0000][1][safepoint    ] Entering safepoint region: Cleanup
[2019-12-09T08:26:35.572+0000][1][safepoint    ] Leaving safepoint region
[2019-12-09T08:26:35.572+0000][1][safepoint    ] Total time for which application threads were stopped: 0.0000680 seconds, Stopping threads took: 0.0000173 seconds
[2019-12-09T08:26:36.572+0000][1][safepoint    ] Application time: 1.0000768 seconds
[2019-12-09T08:26:36.572+0000][1][safepoint    ] Entering safepoint region: Cleanup
[2019-12-09T08:26:36.572+0000][1][safepoint    ] Leaving safepoint region
[2019-12-09T08:26:36.572+0000][1][safepoint    ] Total time for which application threads were stopped: 0.0000682 seconds, Stopping threads took: 0.0000176 seconds
[2019-12-09T08:26:37.572+0000][1][safepoint    ] Application time: 1.0000755 seconds
[2019-12-09T08:26:37.572+0000][1][safepoint    ] Entering safepoint region: Cleanup
[2019-12-09T08:26:37.572+0000][1][safepoint    ] Leaving safepoint region
[2019-12-09T08:26:37.572+0000][1][safepoint    ] Total time for which application threads were stopped: 0.0000728 seconds, Stopping threads took: 0.0000167 seconds
[2019-12-09T08:26:38.573+0000][1][safepoint    ] Application time: 1.0000769 seconds
[2019-12-09T08:26:38.573+0000][1][safepoint    ] Entering safepoint region: Cleanup
[2019-12-09T08:26:38.573+0000][1][safepoint    ] Leaving safepoint region
[2019-12-09T08:26:38.573+0000][1][safepoint    ] Total time for which application threads were stopped: 0.0000671 seconds, Stopping threads took: 0.0000175 seconds
[2019-12-09T08:26:39.573+0000][1][safepoint    ] Application time: 1.0000767 seconds
[2019-12-09T08:26:39.573+0000][1][safepoint    ] Entering safepoint region: Cleanup
[2019-12-09T08:26:39.573+0000][1][safepoint    ] Leaving safepoint region
[2019-12-09T08:26:39.573+0000][1][safepoint    ] Total time for which application threads were stopped: 0.0000684 seconds, Stopping threads took: 0.0000180 seconds
[2019-12-09T08:26:40.573+0000][1][safepoint    ] Application time: 1.0000752 seconds
[2019-12-09T08:26:40.573+0000][1][safepoint    ] Entering safepoint region: Cleanup
[2019-12-09T08:26:40.573+0000][1][safepoint    ] Leaving safepoint region
[2019-12-09T08:26:40.573+0000][1][safepoint    ] Total time for which application threads were stopped: 0.0000673 seconds, Stopping threads took: 0.0000171 seconds
[2019-12-09T08:26:41.573+0000][1][safepoint    ] Application time: 1.0000763 seconds
[2019-12-09T08:26:41.573+0000][1][safepoint    ] Entering safepoint region: Cleanup
[2019-12-09T08:26:41.573+0000][1][safepoint    ] Leaving safepoint region
[2019-12-09T08:26:41.573+0000][1][safepoint    ] Total time for which application threads were stopped: 0.0000654 seconds, Stopping threads took: 0.0000167 seconds
[2019-12-09T08:26:42.573+0000][1][safepoint    ] Application time: 1.0000764 seconds
[2019-12-09T08:26:42.573+0000][1][safepoint    ] Entering safepoint region: Cleanup
[2019-12-09T08:26:42.573+0000][1][safepoint    ] Leaving safepoint region
[2019-12-09T08:26:42.573+0000][1][safepoint    ] Total time for which application threads were stopped: 0.0000663 seconds, Stopping threads took: 0.0000170 seconds
[2019-12-09T08:26:43.573+0000][1][safepoint    ] Application time: 1.0000762 seconds
[2019-12-09T08:26:43.574+0000][1][safepoint    ] Entering safepoint region: Cleanup
[2019-12-09T08:26:43.574+0000][1][safepoint    ] Leaving safepoint region
[2019-12-09T08:26:43.574+0000][1][safepoint    ] Total time for which application threads were stopped: 0.0000665 seconds, Stopping threads took: 0.0000157 seconds
[2019-12-09T08:26:44.574+0000][1][safepoint    ] Application time: 1.0000771 seconds
[2019-12-09T08:26:44.574+0000][1][safepoint    ] Entering safepoint region: Cleanup
[2019-12-09T08:26:44.574+0000][1][safepoint    ] Leaving safepoint region
[2019-12-09T08:26:44.574+0000][1][safepoint    ] Total time for which application threads were stopped: 0.0000670 seconds, Stopping threads took: 0.0000171 seconds
[2019-12-09T08:26:45.574+0000][1][safepoint    ] Application time: 1.0000755 seconds
[2019-12-09T08:26:45.574+0000][1][safepoint    ] Entering safepoint region: Cleanup
[2019-12-09T08:26:45.574+0000][1][safepoint    ] Leaving safepoint region
[2019-12-09T08:26:45.574+0000][1][safepoint    ] Total time for which application threads were stopped: 0.0000674 seconds, Stopping threads took: 0.0000172 seconds
[2019-12-09T08:26:46.574+0000][1][safepoint    ] Application time: 1.0000789 seconds
[2019-12-09T08:26:46.574+0000][1][safepoint    ] Entering safepoint region: Cleanup
[2019-12-09T08:26:46.574+0000][1][safepoint    ] Leaving safepoint region
[2019-12-09T08:26:46.574+0000][1][safepoint    ] Total time for which application threads were stopped: 0.0000710 seconds, Stopping threads took: 0.0000181 seconds
[2019-12-09T08:26:47.574+0000][1][safepoint    ] Application time: 1.0000774 seconds
[2019-12-09T08:26:47.574+0000][1][safepoint    ] Entering safepoint region: Cleanup
[2019-12-09T08:26:47.574+0000][1][safepoint    ] Leaving safepoint region
[2019-12-09T08:26:47.574+0000][1][safepoint    ] Total time for which application threads were stopped: 0.0000761 seconds, Stopping threads took: 0.0000253 seconds
[2019-12-09T08:26:48.574+0000][1][safepoint    ] Application time: 1.0000773 seconds
[2019-12-09T08:26:48.574+0000][1][safepoint    ] Entering safepoint region: Cleanup
[2019-12-09T08:26:48.575+0000][1][safepoint    ] Leaving safepoint region
[2019-12-09T08:26:48.575+0000][1][safepoint    ] Total time for which application threads were stopped: 0.0000685 seconds, Stopping threads took: 0.0000167 seconds
[2019-12-09T08:26:49.575+0000][1][safepoint    ] Application time: 1.0000763 seconds
[2019-12-09T08:26:49.575+0000][1][safepoint    ] Entering safepoint region: Cleanup
[2019-12-09T08:26:49.575+0000][1][safepoint    ] Leaving safepoint region
[2019-12-09T08:26:49.575+0000][1][safepoint    ] Total time for which application threads were stopped: 0.0000830 seconds, Stopping threads took: 0.0000308 seconds
[2019-12-09T08:26:50.575+0000][1][safepoint    ] Application time: 1.0000739 seconds
[2019-12-09T08:26:50.575+0000][1][safepoint    ] Entering safepoint region: Cleanup
[2019-12-09T08:26:50.575+0000][1][safepoint    ] Leaving safepoint region
[2019-12-09T08:26:50.575+0000][1][safepoint    ] Total time for which application threads were stopped: 0.0000662 seconds, Stopping threads took: 0.0000170 seconds
[2019-12-09T08:26:51.575+0000][1][safepoint    ] Application time: 1.0000735 seconds
[2019-12-09T08:26:51.575+0000][1][safepoint    ] Entering safepoint region: Cleanup
[2019-12-09T08:26:51.575+0000][1][safepoint    ] Leaving safepoint region
[2019-12-09T08:26:51.575+0000][1][safepoint    ] Total time for which application threads were stopped: 0.0000668 seconds, Stopping threads took: 0.0000170 seconds
[2019-12-09T08:26:52.575+0000][1][safepoint    ] Application time: 1.0000800 seconds
[2019-12-09T08:26:52.575+0000][1][safepoint    ] Entering safepoint region: Cleanup
[2019-12-09T08:26:52.575+0000][1][safepoint    ] Leaving safepoint region
[2019-12-09T08:26:52.575+0000][1][safepoint    ] Total time for which application threads were stopped: 0.0000664 seconds, Stopping threads took: 0.0000160 seconds
[2019-12-09T08:26:53.575+0000][1][safepoint    ] Application time: 1.0000759 seconds
[2019-12-09T08:26:53.575+0000][1][safepoint    ] Entering safepoint region: Cleanup
[2019-12-09T08:26:53.575+0000][1][safepoint    ] Leaving safepoint region
[2019-12-09T08:26:53.575+0000][1][safepoint    ] Total time for which application threads were stopped: 0.0000663 seconds, Stopping threads took: 0.0000166 seconds
[2019-12-09T08:26:54.576+0000][1][safepoint    ] Application time: 1.0000769 seconds
[2019-12-09T08:26:54.576+0000][1][safepoint    ] Entering safepoint region: Cleanup
[2019-12-09T08:26:54.576+0000][1][safepoint    ] Leaving safepoint region
[2019-12-09T08:26:54.576+0000][1][safepoint    ] Total time for which application threads were stopped: 0.0000800 seconds, Stopping threads took: 0.0000170 seconds
[2019-12-09T08:26:55.576+0000][1][safepoint    ] Application time: 1.0000754 seconds
[2019-12-09T08:26:55.576+0000][1][safepoint    ] Entering safepoint region: Cleanup
[2019-12-09T08:26:55.576+0000][1][safepoint    ] Leaving safepoint region
[2019-12-09T08:26:55.576+0000][1][safepoint    ] Total time for which application threads were stopped: 0.0000782 seconds, Stopping threads took: 0.0000161 seconds
[2019-12-09T08:26:56.576+0000][1][safepoint    ] Application time: 1.0000776 seconds
[2019-12-09T08:26:56.576+0000][1][safepoint    ] Entering safepoint region: Cleanup
[2019-12-09T08:26:56.576+0000][1][safepoint    ] Leaving safepoint region
[2019-12-09T08:26:56.576+0000][1][safepoint    ] Total time for which application threads were stopped: 0.0000778 seconds, Stopping threads took: 0.0000259 seconds
[2019-12-09T08:26:57.576+0000][1][safepoint    ] Application time: 1.0000767 seconds
[2019-12-09T08:26:57.576+0000][1][safepoint    ] Entering safepoint region: Cleanup
[2019-12-09T08:26:57.576+0000][1][safepoint    ] Leaving safepoint region
[2019-12-09T08:26:57.576+0000][1][safepoint    ] Total time for which application threads were stopped: 0.0000704 seconds, Stopping threads took: 0.0000174 seconds
[2019-12-09T08:26:58.576+0000][1][safepoint    ] Application time: 1.0000766 seconds
[2019-12-09T08:26:58.576+0000][1][safepoint    ] Entering safepoint region: Cleanup
[2019-12-09T08:26:58.576+0000][1][safepoint    ] Leaving safepoint region
[2019-12-09T08:26:58.576+0000][1][safepoint    ] Total time for which application threads were stopped: 0.0000686 seconds, Stopping threads took: 0.0000187 seconds
[2019-12-09T08:26:59.577+0000][1][safepoint    ] Application time: 1.0000775 seconds
[2019-12-09T08:26:59.577+0000][1][safepoint    ] Entering safepoint region: Cleanup
[2019-12-09T08:26:59.577+0000][1][safepoint    ] Leaving safepoint region
[2019-12-09T08:26:59.577+0000][1][safepoint    ] Total time for which application threads were stopped: 0.0000672 seconds, Stopping threads took: 0.0000173 seconds
[2019-12-09T08:27:00.577+0000][1][safepoint    ] Application time: 1.0000774 seconds
[2019-12-09T08:27:00.577+0000][1][safepoint    ] Entering safepoint region: Cleanup
[2019-12-09T08:27:00.577+0000][1][safepoint    ] Leaving safepoint region
[2019-12-09T08:27:00.577+0000][1][safepoint    ] Total time for which application threads were stopped: 0.0000669 seconds, Stopping threads took: 0.0000165 seconds
[2019-12-09T08:27:01.577+0000][1][safepoint    ] Application time: 1.0000791 seconds
[2019-12-09T08:27:01.577+0000][1][safepoint    ] Entering safepoint region: Cleanup
[2019-12-09T08:27:01.577+0000][1][safepoint    ] Leaving safepoint region
[2019-12-09T08:27:01.577+0000][1][safepoint    ] Total time for which application threads were stopped: 0.0000704 seconds, Stopping threads took: 0.0000178 seconds
[2019-12-09T08:27:02.577+0000][1][safepoint    ] Application time: 1.0000776 seconds
[2019-12-09T08:27:02.577+0000][1][safepoint    ] Entering safepoint region: Cleanup
[2019-12-09T08:27:02.577+0000][1][safepoint    ] Leaving safepoint region
[2019-12-09T08:27:02.577+0000][1][safepoint    ] Total time for which application threads were stopped: 0.0000671 seconds, Stopping threads took: 0.0000173 seconds
[2019-12-09T08:27:03.577+0000][1][safepoint    ] Application time: 1.0000766 seconds
[2019-12-09T08:27:03.577+0000][1][safepoint    ] Entering safepoint region: Cleanup
[2019-12-09T08:27:03.577+0000][1][safepoint    ] Leaving safepoint region
[2019-12-09T08:27:03.577+0000][1][safepoint    ] Total time for which application threads were stopped: 0.0000695 seconds, Stopping threads took: 0.0000174 seconds
[2019-12-09T08:27:04.578+0000][1][safepoint    ] Application time: 1.0000758 seconds
[2019-12-09T08:27:04.578+0000][1][safepoint    ] Entering safepoint region: Cleanup
[2019-12-09T08:27:04.578+0000][1][safepoint    ] Leaving safepoint region
[2019-12-09T08:27:04.578+0000][1][safepoint    ] Total time for which application threads were stopped: 0.0000680 seconds, Stopping threads took: 0.0000184 seconds
[2019-12-09T08:27:05.578+0000][1][safepoint    ] Application time: 1.0000774 seconds
[2019-12-09T08:27:05.578+0000][1][safepoint    ] Entering safepoint region: Cleanup
[2019-12-09T08:27:05.578+0000][1][safepoint    ] Leaving safepoint region
[2019-12-09T08:27:05.578+0000][1][safepoint    ] Total time for which application threads were stopped: 0.0000656 seconds, Stopping threads took: 0.0000163 seconds
[2019-12-09T08:27:06.578+0000][1][safepoint    ] Application time: 1.0000787 seconds
[2019-12-09T08:27:06.578+0000][1][safepoint    ] Entering safepoint region: Cleanup
[2019-12-09T08:27:06.578+0000][1][safepoint    ] Leaving safepoint region
[2019-12-09T08:27:06.578+0000][1][safepoint    ] Total time for which application threads were stopped: 0.0000786 seconds, Stopping threads took: 0.0000275 seconds
[2019-12-09T08:27:07.578+0000][1][safepoint    ] Application time: 1.0000781 seconds
[2019-12-09T08:27:07.578+0000][1][safepoint    ] Entering safepoint region: Cleanup
[2019-12-09T08:27:07.578+0000][1][safepoint    ] Leaving safepoint region
[2019-12-09T08:27:07.578+0000][1][safepoint    ] Total time for which application threads were stopped: 0.0000661 seconds, Stopping threads took: 0.0000172 seconds
[2019-12-09T08:27:08.578+0000][1][safepoint    ] Application time: 1.0000768 seconds
[2019-12-09T08:27:08.578+0000][1][safepoint    ] Entering safepoint region: Cleanup
[2019-12-09T08:27:08.578+0000][1][safepoint    ] Leaving safepoint region
[2019-12-09T08:27:08.578+0000][1][safepoint    ] Total time for which application threads were stopped: 0.0000668 seconds, Stopping threads took: 0.0000168 seconds
[2019-12-09T08:27:09.578+0000][1][safepoint    ] Application time: 1.0000769 seconds
[2019-12-09T08:27:09.579+0000][1][safepoint    ] Entering safepoint region: Cleanup
[2019-12-09T08:27:09.579+0000][1][safepoint    ] Leaving safepoint region
[2019-12-09T08:27:09.579+0000][1][safepoint    ] Total time for which application threads were stopped: 0.0000681 seconds, Stopping threads took: 0.0000169 seconds
[2019-12-09T08:27:10.579+0000][1][safepoint    ] Application time: 1.0000762 seconds
[2019-12-09T08:27:10.579+0000][1][safepoint    ] Entering safepoint region: Cleanup
[2019-12-09T08:27:10.579+0000][1][safepoint    ] Leaving safepoint region
[2019-12-09T08:27:10.579+0000][1][safepoint    ] Total time for which application threads were stopped: 0.0000644 seconds, Stopping threads took: 0.0000161 seconds
[2019-12-09T08:27:11.579+0000][1][safepoint    ] Application time: 1.0000757 seconds
[2019-12-09T08:27:11.579+0000][1][safepoint    ] Entering safepoint region: Cleanup
[2019-12-09T08:27:11.579+0000][1][safepoint    ] Leaving safepoint region
[2019-12-09T08:27:11.579+0000][1][safepoint    ] Total time for which application threads were stopped: 0.0000661 seconds, Stopping threads took: 0.0000163 seconds
[2019-12-09T08:27:12.579+0000][1][safepoint    ] Application time: 1.0000770 seconds
[2019-12-09T08:27:12.579+0000][1][safepoint    ] Entering safepoint region: Cleanup
[2019-12-09T08:27:12.579+0000][1][safepoint    ] Leaving safepoint region
[2019-12-09T08:27:12.579+0000][1][safepoint    ] Total time for which application threads were stopped: 0.0000672 seconds, Stopping threads took: 0.0000172 seconds
[2019-12-09T08:27:13.579+0000][1][safepoint    ] Application time: 1.0000780 seconds
[2019-12-09T08:27:13.579+0000][1][safepoint    ] Entering safepoint region: Cleanup
[2019-12-09T08:27:13.579+0000][1][safepoint    ] Leaving safepoint region
[2019-12-09T08:27:13.579+0000][1][safepoint    ] Total time for which application threads were stopped: 0.0000667 seconds, Stopping threads took: 0.0000165 seconds
[2019-12-09T08:27:14.579+0000][1][safepoint    ] Application time: 1.0000765 seconds
[2019-12-09T08:27:14.579+0000][1][safepoint    ] Entering safepoint region: Cleanup
[2019-12-09T08:27:14.580+0000][1][safepoint    ] Leaving safepoint region
[2019-12-09T08:27:14.580+0000][1][safepoint    ] Total time for which application threads were stopped: 0.0000670 seconds, Stopping threads took: 0.0000177 seconds
[2019-12-09T08:27:15.580+0000][1][safepoint    ] Application time: 1.0000772 seconds
[2019-12-09T08:27:15.580+0000][1][safepoint    ] Entering safepoint region: Cleanup
[2019-12-09T08:27:15.580+0000][1][safepoint    ] Leaving safepoint region
[2019-12-09T08:27:15.580+0000][1][safepoint    ] Total time for which application threads were stopped: 0.0000837 seconds, Stopping threads took: 0.0000168 seconds
[2019-12-09T08:27:16.580+0000][1][safepoint    ] Application time: 1.0000776 seconds
[2019-12-09T08:27:16.580+0000][1][safepoint    ] Entering safepoint region: Cleanup
[2019-12-09T08:27:16.580+0000][1][safepoint    ] Leaving safepoint region
[2019-12-09T08:27:16.580+0000][1][safepoint    ] Total time for which application threads were stopped: 0.0000768 seconds, Stopping threads took: 0.0000257 seconds
[2019-12-09T08:27:17.580+0000][1][safepoint    ] Application time: 1.0000764 seconds
[2019-12-09T08:27:17.580+0000][1][safepoint    ] Entering safepoint region: Cleanup
[2019-12-09T08:27:17.580+0000][1][safepoint    ] Leaving safepoint region
[2019-12-09T08:27:17.580+0000][1][safepoint    ] Total time for which application threads were stopped: 0.0000743 seconds, Stopping threads took: 0.0000256 seconds
[2019-12-09T08:27:18.580+0000][1][safepoint    ] Application time: 1.0000760 seconds
[2019-12-09T08:27:18.580+0000][1][safepoint    ] Entering safepoint region: Cleanup
[2019-12-09T08:27:18.580+0000][1][safepoint    ] Leaving safepoint region
[2019-12-09T08:27:18.580+0000][1][safepoint    ] Total time for which application threads were stopped: 0.0000638 seconds, Stopping threads took: 0.0000154 seconds
[2019-12-09T08:27:19.580+0000][1][safepoint    ] Application time: 1.0000739 seconds
[2019-12-09T08:27:19.580+0000][1][safepoint    ] Entering safepoint region: Cleanup
[2019-12-09T08:27:19.580+0000][1][safepoint    ] Leaving safepoint region
[2019-12-09T08:27:19.581+0000][1][safepoint    ] Total time for which application threads were stopped: 0.0000690 seconds, Stopping threads took: 0.0000165 seconds
[2019-12-09T08:27:20.581+0000][1][safepoint    ] Application time: 1.0000762 seconds
[2019-12-09T08:27:20.581+0000][1][safepoint    ] Entering safepoint region: Cleanup
[2019-12-09T08:27:20.581+0000][1][safepoint    ] Leaving safepoint region
[2019-12-09T08:27:20.581+0000][1][safepoint    ] Total time for which application threads were stopped: 0.0000786 seconds, Stopping threads took: 0.0000165 seconds
[2019-12-09T08:27:21.581+0000][1][safepoint    ] Application time: 1.0000758 seconds
[2019-12-09T08:27:21.581+0000][1][safepoint    ] Entering safepoint region: Cleanup
[2019-12-09T08:27:21.581+0000][1][safepoint    ] Leaving safepoint region
[2019-12-09T08:27:21.581+0000][1][safepoint    ] Total time for which application threads were stopped: 0.0000652 seconds, Stopping threads took: 0.0000165 seconds
[2019-12-09T08:27:22.581+0000][1][safepoint    ] Application time: 1.0000778 seconds
[2019-12-09T08:27:22.581+0000][1][safepoint    ] Entering safepoint region: Cleanup
[2019-12-09T08:27:22.581+0000][1][safepoint    ] Leaving safepoint region
[2019-12-09T08:27:22.581+0000][1][safepoint    ] Total time for which application threads were stopped: 0.0000687 seconds, Stopping threads took: 0.0000168 seconds
[2019-12-09T08:27:23.581+0000][1][safepoint    ] Application time: 1.0000750 seconds
[2019-12-09T08:27:23.581+0000][1][safepoint    ] Entering safepoint region: Cleanup
[2019-12-09T08:27:23.581+0000][1][safepoint    ] Leaving safepoint region
[2019-12-09T08:27:23.581+0000][1][safepoint    ] Total time for which application threads were stopped: 0.0000656 seconds, Stopping threads took: 0.0000163 seconds
[2019-12-09T08:27:24.581+0000][1][safepoint    ] Application time: 1.0000755 seconds
[2019-12-09T08:27:24.581+0000][1][safepoint    ] Entering safepoint region: Cleanup
[2019-12-09T08:27:24.581+0000][1][safepoint    ] Leaving safepoint region
[2019-12-09T08:27:24.581+0000][1][safepoint    ] Total time for which application threads were stopped: 0.0000682 seconds, Stopping threads took: 0.0000160 seconds
[2019-12-09T08:27:25.582+0000][1][safepoint    ] Application time: 1.0000758 seconds
[2019-12-09T08:27:25.582+0000][1][safepoint    ] Entering safepoint region: Cleanup
[2019-12-09T08:27:25.582+0000][1][safepoint    ] Leaving safepoint region
[2019-12-09T08:27:25.582+0000][1][safepoint    ] Total time for which application threads were stopped: 0.0000654 seconds, Stopping threads took: 0.0000170 seconds
[2019-12-09T08:27:26.582+0000][1][safepoint    ] Application time: 1.0000756 seconds
[2019-12-09T08:27:26.582+0000][1][safepoint    ] Entering safepoint region: Cleanup
[2019-12-09T08:27:26.582+0000][1][safepoint    ] Leaving safepoint region
[2019-12-09T08:27:26.582+0000][1][safepoint    ] Total time for which application threads were stopped: 0.0000750 seconds, Stopping threads took: 0.0000171 seconds
[2019-12-09T08:27:27.582+0000][1][safepoint    ] Application time: 1.0000755 seconds
[2019-12-09T08:27:27.582+0000][1][safepoint    ] Entering safepoint region: Cleanup
[2019-12-09T08:27:27.582+0000][1][safepoint    ] Leaving safepoint region
[2019-12-09T08:27:27.582+0000][1][safepoint    ] Total time for which application threads were stopped: 0.0000763 seconds, Stopping threads took: 0.0000244 seconds
[2019-12-09T08:27:28.582+0000][1][safepoint    ] Application time: 1.0000759 seconds
[2019-12-09T08:27:28.582+0000][1][safepoint    ] Entering safepoint region: Cleanup
[2019-12-09T08:27:28.582+0000][1][safepoint    ] Leaving safepoint region
[2019-12-09T08:27:28.582+0000][1][safepoint    ] Total time for which application threads were stopped: 0.0000669 seconds, Stopping threads took: 0.0000169 seconds
[2019-12-09T08:27:29.582+0000][1][safepoint    ] Application time: 1.0000755 seconds
[2019-12-09T08:27:29.582+0000][1][safepoint    ] Entering safepoint region: Cleanup
[2019-12-09T08:27:29.582+0000][1][safepoint    ] Leaving safepoint region
[2019-12-09T08:27:29.582+0000][1][safepoint    ] Total time for which application threads were stopped: 0.0000680 seconds, Stopping threads took: 0.0000162 seconds
[2019-12-09T08:27:30.582+0000][1][safepoint    ] Application time: 1.0000741 seconds
[2019-12-09T08:27:30.583+0000][1][safepoint    ] Entering safepoint region: Cleanup
[2019-12-09T08:27:30.583+0000][1][safepoint    ] Leaving safepoint region
[2019-12-09T08:27:30.583+0000][1][safepoint    ] Total time for which application threads were stopped: 0.0000669 seconds, Stopping threads took: 0.0000164 seconds
[2019-12-09T08:27:31.583+0000][1][safepoint    ] Application time: 1.0000745 seconds
[2019-12-09T08:27:31.583+0000][1][safepoint    ] Entering safepoint region: Cleanup
[2019-12-09T08:27:31.583+0000][1][safepoint    ] Leaving safepoint region
[2019-12-09T08:27:31.583+0000][1][safepoint    ] Total time for which application threads were stopped: 0.0000635 seconds, Stopping threads took: 0.0000156 seconds
[2019-12-09T08:27:32.583+0000][1][safepoint    ] Application time: 1.0000737 seconds
[2019-12-09T08:27:32.583+0000][1][safepoint    ] Entering safepoint region: Cleanup
[2019-12-09T08:27:32.583+0000][1][safepoint    ] Leaving safepoint region
[2019-12-09T08:27:32.583+0000][1][safepoint    ] Total time for which application threads were stopped: 0.0000654 seconds, Stopping threads took: 0.0000155 seconds
[2019-12-09T08:27:33.583+0000][1][safepoint    ] Application time: 1.0000756 seconds
[2019-12-09T08:27:33.583+0000][1][safepoint    ] Entering safepoint region: Cleanup
[2019-12-09T08:27:33.583+0000][1][safepoint    ] Leaving safepoint region
[2019-12-09T08:27:33.583+0000][1][safepoint    ] Total time for which application threads were stopped: 0.0000667 seconds, Stopping threads took: 0.0000169 seconds
[2019-12-09T08:27:34.583+0000][1][safepoint    ] Application time: 1.0000735 seconds
[2019-12-09T08:27:34.583+0000][1][safepoint    ] Entering safepoint region: Cleanup
[2019-12-09T08:27:34.583+0000][1][safepoint    ] Leaving safepoint region
[2019-12-09T08:27:34.583+0000][1][safepoint    ] Total time for which application threads were stopped: 0.0000653 seconds, Stopping threads took: 0.0000152 seconds
[2019-12-09T08:27:35.583+0000][1][safepoint    ] Application time: 1.0000774 seconds
[2019-12-09T08:27:35.583+0000][1][safepoint    ] Entering safepoint region: Cleanup
[2019-12-09T08:27:35.583+0000][1][safepoint    ] Leaving safepoint region
[2019-12-09T08:27:35.583+0000][1][safepoint    ] Total time for which application threads were stopped: 0.0000638 seconds, Stopping threads took: 0.0000154 seconds
[2019-12-09T08:27:37.212+0000][1][safepoint    ] Application time: 1.6286954 seconds
[2019-12-09T08:27:37.212+0000][1][safepoint    ] Entering safepoint region: Cleanup
[2019-12-09T08:27:37.212+0000][1][safepoint    ] Leaving safepoint region
[2019-12-09T08:27:37.212+0000][1][safepoint    ] Total time for which application threads were stopped: 0.0000685 seconds, Stopping threads took: 0.0000131 seconds
[2019-12-09T08:27:38.212+0000][1][safepoint    ] Application time: 1.0000790 seconds
[2019-12-09T08:27:38.212+0000][1][safepoint    ] Entering safepoint region: Cleanup
[2019-12-09T08:27:38.212+0000][1][safepoint    ] Leaving safepoint region
[2019-12-09T08:27:38.212+0000][1][safepoint    ] Total time for which application threads were stopped: 0.0000761 seconds, Stopping threads took: 0.0000158 seconds
[2019-12-09T08:27:39.213+0000][1][safepoint    ] Application time: 1.0000804 seconds
[2019-12-09T08:27:39.213+0000][1][safepoint    ] Entering safepoint region: Cleanup
[2019-12-09T08:27:39.213+0000][1][safepoint    ] Leaving safepoint region
[2019-12-09T08:27:39.213+0000][1][safepoint    ] Total time for which application threads were stopped: 0.0000677 seconds, Stopping threads took: 0.0000172 seconds
[2019-12-09T08:27:40.213+0000][1][safepoint    ] Application time: 1.0000788 seconds
[2019-12-09T08:27:40.213+0000][1][safepoint    ] Entering safepoint region: Cleanup
[2019-12-09T08:27:40.213+0000][1][safepoint    ] Leaving safepoint region
[2019-12-09T08:27:40.213+0000][1][safepoint    ] Total time for which application threads were stopped: 0.0000686 seconds, Stopping threads took: 0.0000166 seconds
[2019-12-09T08:27:41.213+0000][1][safepoint    ] Application time: 1.0000798 seconds
[2019-12-09T08:27:41.213+0000][1][safepoint    ] Entering safepoint region: Cleanup
[2019-12-09T08:27:41.213+0000][1][safepoint    ] Leaving safepoint region
[2019-12-09T08:27:41.213+0000][1][safepoint    ] Total time for which application threads were stopped: 0.0000676 seconds, Stopping threads took: 0.0000180 seconds
[2019-12-09T08:27:42.213+0000][1][safepoint    ] Application time: 1.0000994 seconds
[2019-12-09T08:27:42.213+0000][1][safepoint    ] Entering safepoint region: Cleanup
[2019-12-09T08:27:42.213+0000][1][safepoint    ] Leaving safepoint region
[2019-12-09T08:27:42.213+0000][1][safepoint    ] Total time for which application threads were stopped: 0.0000869 seconds, Stopping threads took: 0.0000231 seconds
[2019-12-09T08:27:43.213+0000][1][safepoint    ] Application time: 1.0000793 seconds
[2019-12-09T08:27:43.213+0000][1][safepoint    ] Entering safepoint region: Cleanup
[2019-12-09T08:27:43.214+0000][1][safepoint    ] Leaving safepoint region
[2019-12-09T08:27:43.214+0000][1][safepoint    ] Total time for which application threads were stopped: 0.0001123 seconds, Stopping threads took: 0.0000614 seconds
[2019-12-09T08:27:44.214+0000][1][safepoint    ] Application time: 1.0000806 seconds
[2019-12-09T08:27:44.214+0000][1][safepoint    ] Entering safepoint region: Cleanup
[2019-12-09T08:27:44.214+0000][1][safepoint    ] Leaving safepoint region
[2019-12-09T08:27:44.214+0000][1][safepoint    ] Total time for which application threads were stopped: 0.0000809 seconds, Stopping threads took: 0.0000171 seconds
[2019-12-09T08:27:45.214+0000][1][safepoint    ] Application time: 1.0000759 seconds
[2019-12-09T08:27:45.214+0000][1][safepoint    ] Entering safepoint region: Cleanup
[2019-12-09T08:27:45.214+0000][1][safepoint    ] Leaving safepoint region
[2019-12-09T08:27:45.214+0000][1][safepoint    ] Total time for which application threads were stopped: 0.0000681 seconds, Stopping threads took: 0.0000168 seconds
[2019-12-09T08:27:46.214+0000][1][safepoint    ] Application time: 1.0000762 seconds
[2019-12-09T08:27:46.214+0000][1][safepoint    ] Entering safepoint region: Cleanup
[2019-12-09T08:27:46.214+0000][1][safepoint    ] Leaving safepoint region
[2019-12-09T08:27:46.214+0000][1][safepoint    ] Total time for which application threads were stopped: 0.0000722 seconds, Stopping threads took: 0.0000175 seconds
[2019-12-09T08:27:47.214+0000][1][safepoint    ] Application time: 1.0000739 seconds
[2019-12-09T08:27:47.214+0000][1][safepoint    ] Entering safepoint region: Cleanup
[2019-12-09T08:27:47.214+0000][1][safepoint    ] Leaving safepoint region
[2019-12-09T08:27:47.214+0000][1][safepoint    ] Total time for which application threads were stopped: 0.0000840 seconds, Stopping threads took: 0.0000167 seconds
[2019-12-09T08:27:48.214+0000][1][safepoint    ] Application time: 1.0000758 seconds
[2019-12-09T08:27:48.214+0000][1][safepoint    ] Entering safepoint region: Cleanup
[2019-12-09T08:27:48.214+0000][1][safepoint    ] Leaving safepoint region
[2019-12-09T08:27:48.214+0000][1][safepoint    ] Total time for which application threads were stopped: 0.0000664 seconds, Stopping threads took: 0.0000165 seconds
[2019-12-09T08:27:49.215+0000][1][safepoint    ] Application time: 1.0000750 seconds
[2019-12-09T08:27:49.215+0000][1][safepoint    ] Entering safepoint region: Cleanup
[2019-12-09T08:27:49.215+0000][1][safepoint    ] Leaving safepoint region
[2019-12-09T08:27:49.215+0000][1][safepoint    ] Total time for which application threads were stopped: 0.0000767 seconds, Stopping threads took: 0.0000174 seconds
[2019-12-09T08:27:50.215+0000][1][safepoint    ] Application time: 1.0000816 seconds
[2019-12-09T08:27:50.215+0000][1][safepoint    ] Entering safepoint region: Cleanup
[2019-12-09T08:27:50.215+0000][1][safepoint    ] Leaving safepoint region
[2019-12-09T08:27:50.215+0000][1][safepoint    ] Total time for which application threads were stopped: 0.0000683 seconds, Stopping threads took: 0.0000188 seconds
[2019-12-09T08:27:51.215+0000][1][safepoint    ] Application time: 1.0000764 seconds
[2019-12-09T08:27:51.215+0000][1][safepoint    ] Entering safepoint region: Cleanup
[2019-12-09T08:27:51.215+0000][1][safepoint    ] Leaving safepoint region
[2019-12-09T08:27:51.215+0000][1][safepoint    ] Total time for which application threads were stopped: 0.0000673 seconds, Stopping threads took: 0.0000170 seconds
[2019-12-09T08:27:52.215+0000][1][safepoint    ] Application time: 1.0000774 seconds
[2019-12-09T08:27:52.215+0000][1][safepoint    ] Entering safepoint region: Cleanup
[2019-12-09T08:27:52.215+0000][1][safepoint    ] Leaving safepoint region
[2019-12-09T08:27:52.215+0000][1][safepoint    ] Total time for which application threads were stopped: 0.0000667 seconds, Stopping threads took: 0.0000164 seconds
[2019-12-09T08:27:53.215+0000][1][safepoint    ] Application time: 1.0000759 seconds
[2019-12-09T08:27:53.215+0000][1][safepoint    ] Entering safepoint region: Cleanup
[2019-12-09T08:27:53.215+0000][1][safepoint    ] Leaving safepoint region
[2019-12-09T08:27:53.215+0000][1][safepoint    ] Total time for which application threads were stopped: 0.0000674 seconds, Stopping threads took: 0.0000175 seconds
[2019-12-09T08:27:54.216+0000][1][safepoint    ] Application time: 1.0000762 seconds
[2019-12-09T08:27:54.216+0000][1][safepoint    ] Entering safepoint region: Cleanup
[2019-12-09T08:27:54.216+0000][1][safepoint    ] Leaving safepoint region
[2019-12-09T08:27:54.216+0000][1][safepoint    ] Total time for which application threads were stopped: 0.0000689 seconds, Stopping threads took: 0.0000180 seconds
[2019-12-09T08:27:55.216+0000][1][safepoint    ] Application time: 1.0000758 seconds
[2019-12-09T08:27:55.216+0000][1][safepoint    ] Entering safepoint region: Cleanup
[2019-12-09T08:27:55.216+0000][1][safepoint    ] Leaving safepoint region
[2019-12-09T08:27:55.216+0000][1][safepoint    ] Total time for which application threads were stopped: 0.0000666 seconds, Stopping threads took: 0.0000166 seconds
[2019-12-09T08:27:56.216+0000][1][safepoint    ] Application time: 1.0000750 seconds
[2019-12-09T08:27:56.216+0000][1][safepoint    ] Entering safepoint region: Cleanup
[2019-12-09T08:27:56.216+0000][1][safepoint    ] Leaving safepoint region
[2019-12-09T08:27:56.216+0000][1][safepoint    ] Total time for which application threads were stopped: 0.0000686 seconds, Stopping threads took: 0.0000165 seconds
[2019-12-09T08:27:57.216+0000][1][safepoint    ] Application time: 1.0000736 seconds
[2019-12-09T08:27:57.216+0000][1][safepoint    ] Entering safepoint region: Cleanup
[2019-12-09T08:27:57.216+0000][1][safepoint    ] Leaving safepoint region
[2019-12-09T08:27:57.216+0000][1][safepoint    ] Total time for which application threads were stopped: 0.0000694 seconds, Stopping threads took: 0.0000171 seconds
[2019-12-09T08:27:58.216+0000][1][safepoint    ] Application time: 1.0000805 seconds
[2019-12-09T08:27:58.216+0000][1][safepoint    ] Entering safepoint region: Cleanup
[2019-12-09T08:27:58.216+0000][1][safepoint    ] Leaving safepoint region
[2019-12-09T08:27:58.216+0000][1][safepoint    ] Total time for which application threads were stopped: 0.0000678 seconds, Stopping threads took: 0.0000178 seconds
[2019-12-09T08:27:59.217+0000][1][safepoint    ] Application time: 1.0000774 seconds
[2019-12-09T08:27:59.217+0000][1][safepoint    ] Entering safepoint region: Cleanup
[2019-12-09T08:27:59.217+0000][1][safepoint    ] Leaving safepoint region
[2019-12-09T08:27:59.217+0000][1][safepoint    ] Total time for which application threads were stopped: 0.0000705 seconds, Stopping threads took: 0.0000172 seconds
[2019-12-09T08:28:00.217+0000][1][safepoint    ] Application time: 1.0000851 seconds
[2019-12-09T08:28:00.217+0000][1][safepoint    ] Entering safepoint region: Cleanup
[2019-12-09T08:28:00.217+0000][1][safepoint    ] Leaving safepoint region
[2019-12-09T08:28:00.217+0000][1][safepoint    ] Total time for which application threads were stopped: 0.0000667 seconds, Stopping threads took: 0.0000178 seconds
[2019-12-09T08:28:01.217+0000][1][safepoint    ] Application time: 1.0000776 seconds
[2019-12-09T08:28:01.217+0000][1][safepoint    ] Entering safepoint region: Cleanup
[2019-12-09T08:28:01.217+0000][1][safepoint    ] Leaving safepoint region
[2019-12-09T08:28:01.217+0000][1][safepoint    ] Total time for which application threads were stopped: 0.0000684 seconds, Stopping threads took: 0.0000173 seconds
[2019-12-09T08:28:02.217+0000][1][safepoint    ] Application time: 1.0000771 seconds
[2019-12-09T08:28:02.217+0000][1][safepoint    ] Entering safepoint region: Cleanup
[2019-12-09T08:28:02.217+0000][1][safepoint    ] Leaving safepoint region
[2019-12-09T08:28:02.217+0000][1][safepoint    ] Total time for which application threads were stopped: 0.0000712 seconds, Stopping threads took: 0.0000176 seconds
[2019-12-09T08:28:03.217+0000][1][safepoint    ] Application time: 1.0000787 seconds
[2019-12-09T08:28:03.217+0000][1][safepoint    ] Entering safepoint region: Cleanup
[2019-12-09T08:28:03.217+0000][1][safepoint    ] Leaving safepoint region
[2019-12-09T08:28:03.217+0000][1][safepoint    ] Total time for which application threads were stopped: 0.0000665 seconds, Stopping threads took: 0.0000170 seconds
[2019-12-09T08:28:04.217+0000][1][safepoint    ] Application time: 1.0000773 seconds
[2019-12-09T08:28:04.218+0000][1][safepoint    ] Entering safepoint region: Cleanup
[2019-12-09T08:28:04.218+0000][1][safepoint    ] Leaving safepoint region
[2019-12-09T08:28:04.218+0000][1][safepoint    ] Total time for which application threads were stopped: 0.0000662 seconds, Stopping threads took: 0.0000160 seconds
[2019-12-09T08:28:05.218+0000][1][safepoint    ] Application time: 1.0000794 seconds
[2019-12-09T08:28:05.218+0000][1][safepoint    ] Entering safepoint region: Cleanup
[2019-12-09T08:28:05.218+0000][1][safepoint    ] Leaving safepoint region
[2019-12-09T08:28:05.218+0000][1][safepoint    ] Total time for which application threads were stopped: 0.0000718 seconds, Stopping threads took: 0.0000180 seconds
[2019-12-09T08:28:05.606+0000][1][safepoint    ] Application time: 0.3883804 seconds
[2019-12-09T08:28:05.606+0000][1][safepoint    ] Entering safepoint region: GenCollectForAllocation
[2019-12-09T08:28:05.606+0000][1][gc,start     ] GC(66) Pause Young (Allocation Failure)
[2019-12-09T08:28:05.606+0000][1][gc,task      ] GC(66) Using 2 workers of 2 for evacuation
[2019-12-09T08:28:05.608+0000][1][gc,age       ] GC(66) Desired survivor size 4456448 bytes, new threshold 6 (max threshold 6)
[2019-12-09T08:28:05.608+0000][1][gc,age       ] GC(66) Age table with threshold 6 (max threshold 6)
[2019-12-09T08:28:05.608+0000][1][gc,age       ] GC(66) - age   1:       4024 bytes,       4024 total
[2019-12-09T08:28:05.608+0000][1][gc,heap      ] GC(66) ParNew: 69958K->6K(78656K)
[2019-12-09T08:28:05.608+0000][1][gc,heap      ] GC(66) CMS: 69458K->69458K(174784K)
[2019-12-09T08:28:05.608+0000][1][gc,metaspace ] GC(66) Metaspace: 68474K->68474K(1112064K)
[2019-12-09T08:28:05.608+0000][1][gc           ] GC(66) Pause Young (Allocation Failure) 136M->67M(247M) 1.336ms
[2019-12-09T08:28:05.608+0000][1][gc,cpu       ] GC(66) User=0.00s Sys=0.00s Real=0.00s
[2019-12-09T08:28:05.608+0000][1][safepoint    ] Leaving safepoint region
[2019-12-09T08:28:05.608+0000][1][safepoint    ] Total time for which application threads were stopped: 0.0014680 seconds, Stopping threads took: 0.0000147 seconds
[2019-12-09T08:28:06.608+0000][1][safepoint    ] Application time: 1.0000862 seconds
[2019-12-09T08:28:06.608+0000][1][safepoint    ] Entering safepoint region: Cleanup
[2019-12-09T08:28:06.608+0000][1][safepoint    ] Leaving safepoint region
[2019-12-09T08:28:06.608+0000][1][safepoint    ] Total time for which application threads were stopped: 0.0000638 seconds, Stopping threads took: 0.0000151 seconds
[2019-12-09T08:28:07.608+0000][1][safepoint    ] Application time: 1.0000742 seconds
[2019-12-09T08:28:07.608+0000][1][safepoint    ] Entering safepoint region: Cleanup
[2019-12-09T08:28:07.608+0000][1][safepoint    ] Leaving safepoint region
[2019-12-09T08:28:07.608+0000][1][safepoint    ] Total time for which application threads were stopped: 0.0000652 seconds, Stopping threads took: 0.0000172 seconds
[2019-12-09T08:28:08.608+0000][1][safepoint    ] Application time: 1.0000749 seconds
[2019-12-09T08:28:08.608+0000][1][safepoint    ] Entering safepoint region: Cleanup
[2019-12-09T08:28:08.608+0000][1][safepoint    ] Leaving safepoint region
[2019-12-09T08:28:08.608+0000][1][safepoint    ] Total time for which application threads were stopped: 0.0000631 seconds, Stopping threads took: 0.0000156 seconds
[2019-12-09T08:28:09.608+0000][1][safepoint    ] Application time: 1.0000757 seconds
[2019-12-09T08:28:09.608+0000][1][safepoint    ] Entering safepoint region: Cleanup
[2019-12-09T08:28:09.608+0000][1][safepoint    ] Leaving safepoint region
[2019-12-09T08:28:09.608+0000][1][safepoint    ] Total time for which application threads were stopped: 0.0000635 seconds, Stopping threads took: 0.0000154 seconds
[2019-12-09T08:28:10.608+0000][1][safepoint    ] Application time: 1.0000839 seconds
[2019-12-09T08:28:10.608+0000][1][safepoint    ] Entering safepoint region: Cleanup
[2019-12-09T08:28:10.609+0000][1][safepoint    ] Leaving safepoint region
[2019-12-09T08:28:10.609+0000][1][safepoint    ] Total time for which application threads were stopped: 0.0000708 seconds, Stopping threads took: 0.0000200 seconds
[2019-12-09T08:28:11.609+0000][1][safepoint    ] Application time: 1.0000839 seconds
[2019-12-09T08:28:11.609+0000][1][safepoint    ] Entering safepoint region: Cleanup
[2019-12-09T08:28:11.609+0000][1][safepoint    ] Leaving safepoint region
[2019-12-09T08:28:11.609+0000][1][safepoint    ] Total time for which application threads were stopped: 0.0000790 seconds, Stopping threads took: 0.0000165 seconds
[2019-12-09T08:28:12.609+0000][1][safepoint    ] Application time: 1.0000755 seconds
[2019-12-09T08:28:12.609+0000][1][safepoint    ] Entering safepoint region: Cleanup
[2019-12-09T08:28:12.609+0000][1][safepoint    ] Leaving safepoint region
[2019-12-09T08:28:12.609+0000][1][safepoint    ] Total time for which application threads were stopped: 0.0000717 seconds, Stopping threads took: 0.0000239 seconds
[2019-12-09T08:28:13.609+0000][1][safepoint    ] Application time: 1.0000767 seconds
[2019-12-09T08:28:13.609+0000][1][safepoint    ] Entering safepoint region: Cleanup
[2019-12-09T08:28:13.609+0000][1][safepoint    ] Leaving safepoint region
[2019-12-09T08:28:13.609+0000][1][safepoint    ] Total time for which application threads were stopped: 0.0000657 seconds, Stopping threads took: 0.0000172 seconds
[2019-12-09T08:28:14.609+0000][1][safepoint    ] Application time: 1.0000748 seconds
[2019-12-09T08:28:14.609+0000][1][safepoint    ] Entering safepoint region: Cleanup
[2019-12-09T08:28:14.609+0000][1][safepoint    ] Leaving safepoint region
[2019-12-09T08:28:14.609+0000][1][safepoint    ] Total time for which application threads were stopped: 0.0000749 seconds, Stopping threads took: 0.0000248 seconds
[2019-12-09T08:28:15.609+0000][1][safepoint    ] Application time: 1.0000769 seconds
[2019-12-09T08:28:15.609+0000][1][safepoint    ] Entering safepoint region: Cleanup
[2019-12-09T08:28:15.609+0000][1][safepoint    ] Leaving safepoint region
[2019-12-09T08:28:15.609+0000][1][safepoint    ] Total time for which application threads were stopped: 0.0000663 seconds, Stopping threads took: 0.0000161 seconds
[2019-12-09T08:28:16.610+0000][1][safepoint    ] Application time: 1.0000755 seconds
[2019-12-09T08:28:16.610+0000][1][safepoint    ] Entering safepoint region: Cleanup
[2019-12-09T08:28:16.610+0000][1][safepoint    ] Leaving safepoint region
[2019-12-09T08:28:16.610+0000][1][safepoint    ] Total time for which application threads were stopped: 0.0000659 seconds, Stopping threads took: 0.0000164 seconds
[2019-12-09T08:28:17.610+0000][1][safepoint    ] Application time: 1.0000880 seconds
[2019-12-09T08:28:17.610+0000][1][safepoint    ] Entering safepoint region: Cleanup
[2019-12-09T08:28:17.610+0000][1][safepoint    ] Leaving safepoint region
[2019-12-09T08:28:17.610+0000][1][safepoint    ] Total time for which application threads were stopped: 0.0000660 seconds, Stopping threads took: 0.0000158 seconds
[2019-12-09T08:28:18.610+0000][1][safepoint    ] Application time: 1.0000742 seconds
[2019-12-09T08:28:18.610+0000][1][safepoint    ] Entering safepoint region: Cleanup
[2019-12-09T08:28:18.610+0000][1][safepoint    ] Leaving safepoint region
[2019-12-09T08:28:18.610+0000][1][safepoint    ] Total time for which application threads were stopped: 0.0000671 seconds, Stopping threads took: 0.0000174 seconds
[2019-12-09T08:28:19.610+0000][1][safepoint    ] Application time: 1.0000757 seconds
[2019-12-09T08:28:19.610+0000][1][safepoint    ] Entering safepoint region: Cleanup
[2019-12-09T08:28:19.610+0000][1][safepoint    ] Leaving safepoint region
[2019-12-09T08:28:19.610+0000][1][safepoint    ] Total time for which application threads were stopped: 0.0000683 seconds, Stopping threads took: 0.0000178 seconds
[2019-12-09T08:28:20.610+0000][1][safepoint    ] Application time: 1.0000744 seconds
[2019-12-09T08:28:20.610+0000][1][safepoint    ] Entering safepoint region: Cleanup
[2019-12-09T08:28:20.610+0000][1][safepoint    ] Leaving safepoint region
[2019-12-09T08:28:20.610+0000][1][safepoint    ] Total time for which application threads were stopped: 0.0000661 seconds, Stopping threads took: 0.0000164 seconds
[2019-12-09T08:28:21.611+0000][1][safepoint    ] Application time: 1.0000742 seconds
[2019-12-09T08:28:21.611+0000][1][safepoint    ] Entering safepoint region: Cleanup
[2019-12-09T08:28:21.611+0000][1][safepoint    ] Leaving safepoint region
[2019-12-09T08:28:21.611+0000][1][safepoint    ] Total time for which application threads were stopped: 0.0000690 seconds, Stopping threads took: 0.0000172 seconds
[2019-12-09T08:28:22.611+0000][1][safepoint    ] Application time: 1.0000853 seconds
[2019-12-09T08:28:22.611+0000][1][safepoint    ] Entering safepoint region: Cleanup
[2019-12-09T08:28:22.611+0000][1][safepoint    ] Leaving safepoint region
[2019-12-09T08:28:22.611+0000][1][safepoint    ] Total time for which application threads were stopped: 0.0000687 seconds, Stopping threads took: 0.0000174 seconds
[2019-12-09T08:28:23.611+0000][1][safepoint    ] Application time: 1.0000746 seconds
[2019-12-09T08:28:23.611+0000][1][safepoint    ] Entering safepoint region: Cleanup
[2019-12-09T08:28:23.611+0000][1][safepoint    ] Leaving safepoint region
[2019-12-09T08:28:23.611+0000][1][safepoint    ] Total time for which application threads were stopped: 0.0000666 seconds, Stopping threads took: 0.0000177 seconds
[2019-12-09T08:28:24.611+0000][1][safepoint    ] Application time: 1.0000749 seconds
[2019-12-09T08:28:24.611+0000][1][safepoint    ] Entering safepoint region: Cleanup
[2019-12-09T08:28:24.611+0000][1][safepoint    ] Leaving safepoint region
[2019-12-09T08:28:24.611+0000][1][safepoint    ] Total time for which application threads were stopped: 0.0000769 seconds, Stopping threads took: 0.0000172 seconds
[2019-12-09T08:28:25.611+0000][1][safepoint    ] Application time: 1.0000723 seconds
[2019-12-09T08:28:25.611+0000][1][safepoint    ] Entering safepoint region: Cleanup
[2019-12-09T08:28:25.611+0000][1][safepoint    ] Leaving safepoint region
[2019-12-09T08:28:25.611+0000][1][safepoint    ] Total time for which application threads were stopped: 0.0000678 seconds, Stopping threads took: 0.0000167 seconds
[2019-12-09T08:28:26.611+0000][1][safepoint    ] Application time: 1.0000754 seconds
[2019-12-09T08:28:26.612+0000][1][safepoint    ] Entering safepoint region: Cleanup
[2019-12-09T08:28:26.612+0000][1][safepoint    ] Leaving safepoint region
[2019-12-09T08:28:26.612+0000][1][safepoint    ] Total time for which application threads were stopped: 0.0000654 seconds, Stopping threads took: 0.0000169 seconds
[2019-12-09T08:28:27.612+0000][1][safepoint    ] Application time: 1.0000751 seconds
[2019-12-09T08:28:27.612+0000][1][safepoint    ] Entering safepoint region: Cleanup
[2019-12-09T08:28:27.612+0000][1][safepoint    ] Leaving safepoint region
[2019-12-09T08:28:27.612+0000][1][safepoint    ] Total time for which application threads were stopped: 0.0000782 seconds, Stopping threads took: 0.0000283 seconds
[2019-12-09T08:28:28.612+0000][1][safepoint    ] Application time: 1.0000721 seconds
[2019-12-09T08:28:28.612+0000][1][safepoint    ] Entering safepoint region: Cleanup
[2019-12-09T08:28:28.612+0000][1][safepoint    ] Leaving safepoint region
[2019-12-09T08:28:28.612+0000][1][safepoint    ] Total time for which application threads were stopped: 0.0000621 seconds, Stopping threads took: 0.0000150 seconds
[2019-12-09T08:28:29.612+0000][1][safepoint    ] Application time: 1.0000755 seconds
[2019-12-09T08:28:29.612+0000][1][safepoint    ] Entering safepoint region: Cleanup
[2019-12-09T08:28:29.612+0000][1][safepoint    ] Leaving safepoint region
[2019-12-09T08:28:29.612+0000][1][safepoint    ] Total time for which application threads were stopped: 0.0000680 seconds, Stopping threads took: 0.0000175 seconds
[2019-12-09T08:28:30.612+0000][1][safepoint    ] Application time: 1.0000432 seconds
[2019-12-09T08:28:30.612+0000][1][safepoint    ] Entering safepoint region: Cleanup
[2019-12-09T08:28:30.612+0000][1][safepoint    ] Leaving safepoint region
[2019-12-09T08:28:30.612+0000][1][safepoint    ] Total time for which application threads were stopped: 0.0000682 seconds, Stopping threads took: 0.0000168 seconds
[2019-12-09T08:28:31.612+0000][1][safepoint    ] Application time: 1.0000765 seconds
[2019-12-09T08:28:31.612+0000][1][safepoint    ] Entering safepoint region: Cleanup
[2019-12-09T08:28:31.612+0000][1][safepoint    ] Leaving safepoint region
[2019-12-09T08:28:31.612+0000][1][safepoint    ] Total time for which application threads were stopped: 0.0000643 seconds, Stopping threads took: 0.0000156 seconds
[2019-12-09T08:28:32.613+0000][1][safepoint    ] Application time: 1.0000758 seconds
[2019-12-09T08:28:32.613+0000][1][safepoint    ] Entering safepoint region: Cleanup
[2019-12-09T08:28:32.613+0000][1][safepoint    ] Leaving safepoint region
[2019-12-09T08:28:32.613+0000][1][safepoint    ] Total time for which application threads were stopped: 0.0000626 seconds, Stopping threads took: 0.0000158 seconds
[2019-12-09T08:28:33.613+0000][1][safepoint    ] Application time: 1.0000749 seconds
[2019-12-09T08:28:33.613+0000][1][safepoint    ] Entering safepoint region: Cleanup
[2019-12-09T08:28:33.613+0000][1][safepoint    ] Leaving safepoint region
[2019-12-09T08:28:33.613+0000][1][safepoint    ] Total time for which application threads were stopped: 0.0000668 seconds, Stopping threads took: 0.0000171 seconds
[2019-12-09T08:28:34.613+0000][1][safepoint    ] Application time: 1.0000747 seconds
[2019-12-09T08:28:34.613+0000][1][safepoint    ] Entering safepoint region: Cleanup
[2019-12-09T08:28:34.613+0000][1][safepoint    ] Leaving safepoint region
[2019-12-09T08:28:34.613+0000][1][safepoint    ] Total time for which application threads were stopped: 0.0000735 seconds, Stopping threads took: 0.0000166 seconds
[2019-12-09T08:28:35.613+0000][1][safepoint    ] Application time: 1.0000765 seconds
[2019-12-09T08:28:35.613+0000][1][safepoint    ] Entering safepoint region: Cleanup
[2019-12-09T08:28:35.613+0000][1][safepoint    ] Leaving safepoint region
[2019-12-09T08:28:35.613+0000][1][safepoint    ] Total time for which application threads were stopped: 0.0000668 seconds, Stopping threads took: 0.0000182 seconds
[2019-12-09T08:28:36.613+0000][1][safepoint    ] Application time: 1.0000750 seconds
[2019-12-09T08:28:36.613+0000][1][safepoint    ] Entering safepoint region: Cleanup
[2019-12-09T08:28:36.613+0000][1][safepoint    ] Leaving safepoint region
[2019-12-09T08:28:36.613+0000][1][safepoint    ] Total time for which application threads were stopped: 0.0000649 seconds, Stopping threads took: 0.0000163 seconds
[2019-12-09T08:28:37.613+0000][1][safepoint    ] Application time: 1.0000752 seconds
[2019-12-09T08:28:37.613+0000][1][safepoint    ] Entering safepoint region: Cleanup
[2019-12-09T08:28:37.614+0000][1][safepoint    ] Leaving safepoint region
[2019-12-09T08:28:37.614+0000][1][safepoint    ] Total time for which application threads were stopped: 0.0000653 seconds, Stopping threads took: 0.0000164 seconds
[2019-12-09T08:28:38.614+0000][1][safepoint    ] Application time: 1.0000751 seconds
[2019-12-09T08:28:38.614+0000][1][safepoint    ] Entering safepoint region: Cleanup
[2019-12-09T08:28:38.614+0000][1][safepoint    ] Leaving safepoint region
[2019-12-09T08:28:38.614+0000][1][safepoint    ] Total time for which application threads were stopped: 0.0000767 seconds, Stopping threads took: 0.0000169 seconds
[2019-12-09T08:28:39.614+0000][1][safepoint    ] Application time: 1.0000758 seconds
[2019-12-09T08:28:39.614+0000][1][safepoint    ] Entering safepoint region: Cleanup
[2019-12-09T08:28:39.614+0000][1][safepoint    ] Leaving safepoint region
[2019-12-09T08:28:39.614+0000][1][safepoint    ] Total time for which application threads were stopped: 0.0000655 seconds, Stopping threads took: 0.0000166 seconds
[2019-12-09T08:28:40.614+0000][1][safepoint    ] Application time: 1.0000771 seconds
[2019-12-09T08:28:40.614+0000][1][safepoint    ] Entering safepoint region: Cleanup
[2019-12-09T08:28:40.614+0000][1][safepoint    ] Leaving safepoint region
[2019-12-09T08:28:40.614+0000][1][safepoint    ] Total time for which application threads were stopped: 0.0000665 seconds, Stopping threads took: 0.0000166 seconds
[2019-12-09T08:28:41.614+0000][1][safepoint    ] Application time: 1.0000779 seconds
[2019-12-09T08:28:41.614+0000][1][safepoint    ] Entering safepoint region: Cleanup
[2019-12-09T08:28:41.614+0000][1][safepoint    ] Leaving safepoint region
[2019-12-09T08:28:41.614+0000][1][safepoint    ] Total time for which application threads were stopped: 0.0000635 seconds, Stopping threads took: 0.0000167 seconds
[2019-12-09T08:28:42.614+0000][1][safepoint    ] Application time: 1.0000752 seconds
[2019-12-09T08:28:42.614+0000][1][safepoint    ] Entering safepoint region: Cleanup
[2019-12-09T08:28:42.614+0000][1][safepoint    ] Leaving safepoint region
[2019-12-09T08:28:42.614+0000][1][safepoint    ] Total time for which application threads were stopped: 0.0000713 seconds, Stopping threads took: 0.0000223 seconds
[2019-12-09T08:28:43.615+0000][1][safepoint    ] Application time: 1.0000751 seconds
[2019-12-09T08:28:43.615+0000][1][safepoint    ] Entering safepoint region: Cleanup
[2019-12-09T08:28:43.615+0000][1][safepoint    ] Leaving safepoint region
[2019-12-09T08:28:43.615+0000][1][safepoint    ] Total time for which application threads were stopped: 0.0000639 seconds, Stopping threads took: 0.0000165 seconds
[2019-12-09T08:28:44.615+0000][1][safepoint    ] Application time: 1.0000757 seconds
[2019-12-09T08:28:44.615+0000][1][safepoint    ] Entering safepoint region: Cleanup
[2019-12-09T08:28:44.615+0000][1][safepoint    ] Leaving safepoint region
[2019-12-09T08:28:44.615+0000][1][safepoint    ] Total time for which application threads were stopped: 0.0000709 seconds, Stopping threads took: 0.0000155 seconds
[2019-12-09T08:28:45.615+0000][1][safepoint    ] Application time: 1.0000767 seconds
[2019-12-09T08:28:45.615+0000][1][safepoint    ] Entering safepoint region: Cleanup
[2019-12-09T08:28:45.615+0000][1][safepoint    ] Leaving safepoint region
[2019-12-09T08:28:45.615+0000][1][safepoint    ] Total time for which application threads were stopped: 0.0000664 seconds, Stopping threads took: 0.0000170 seconds
[2019-12-09T08:28:46.615+0000][1][safepoint    ] Application time: 1.0000765 seconds
[2019-12-09T08:28:46.615+0000][1][safepoint    ] Entering safepoint region: Cleanup
[2019-12-09T08:28:46.615+0000][1][safepoint    ] Leaving safepoint region
[2019-12-09T08:28:46.615+0000][1][safepoint    ] Total time for which application threads were stopped: 0.0000635 seconds, Stopping threads took: 0.0000152 seconds
[2019-12-09T08:28:47.615+0000][1][safepoint    ] Application time: 1.0000763 seconds
[2019-12-09T08:28:47.615+0000][1][safepoint    ] Entering safepoint region: Cleanup
[2019-12-09T08:28:47.615+0000][1][safepoint    ] Leaving safepoint region
[2019-12-09T08:28:47.615+0000][1][safepoint    ] Total time for which application threads were stopped: 0.0000645 seconds, Stopping threads took: 0.0000156 seconds
[2019-12-09T08:28:48.615+0000][1][safepoint    ] Application time: 1.0000755 seconds
[2019-12-09T08:28:48.615+0000][1][safepoint    ] Entering safepoint region: Cleanup
[2019-12-09T08:28:48.616+0000][1][safepoint    ] Leaving safepoint region
[2019-12-09T08:28:48.616+0000][1][safepoint    ] Total time for which application threads were stopped: 0.0000630 seconds, Stopping threads took: 0.0000154 seconds
[2019-12-09T08:28:49.616+0000][1][safepoint    ] Application time: 1.0000758 seconds
[2019-12-09T08:28:49.616+0000][1][safepoint    ] Entering safepoint region: Cleanup
[2019-12-09T08:28:49.616+0000][1][safepoint    ] Leaving safepoint region
[2019-12-09T08:28:49.616+0000][1][safepoint    ] Total time for which application threads were stopped: 0.0000747 seconds, Stopping threads took: 0.0000141 seconds
[2019-12-09T08:28:50.616+0000][1][safepoint    ] Application time: 1.0000764 seconds
[2019-12-09T08:28:50.616+0000][1][safepoint    ] Entering safepoint region: Cleanup
[2019-12-09T08:28:50.616+0000][1][safepoint    ] Leaving safepoint region
[2019-12-09T08:28:50.616+0000][1][safepoint    ] Total time for which application threads were stopped: 0.0000658 seconds, Stopping threads took: 0.0000160 seconds
[2019-12-09T08:28:51.616+0000][1][safepoint    ] Application time: 1.0000759 seconds
[2019-12-09T08:28:51.616+0000][1][safepoint    ] Entering safepoint region: Cleanup
[2019-12-09T08:28:51.616+0000][1][safepoint    ] Leaving safepoint region
[2019-12-09T08:28:51.616+0000][1][safepoint    ] Total time for which application threads were stopped: 0.0000637 seconds, Stopping threads took: 0.0000160 seconds
[2019-12-09T08:28:52.616+0000][1][safepoint    ] Application time: 1.0000762 seconds
[2019-12-09T08:28:52.616+0000][1][safepoint    ] Entering safepoint region: Cleanup
[2019-12-09T08:28:52.616+0000][1][safepoint    ] Leaving safepoint region
[2019-12-09T08:28:52.616+0000][1][safepoint    ] Total time for which application threads were stopped: 0.0000727 seconds, Stopping threads took: 0.0000222 seconds
[2019-12-09T08:28:53.616+0000][1][safepoint    ] Application time: 1.0000760 seconds
[2019-12-09T08:28:53.616+0000][1][safepoint    ] Entering safepoint region: Cleanup
[2019-12-09T08:28:53.616+0000][1][safepoint    ] Leaving safepoint region
[2019-12-09T08:28:53.616+0000][1][safepoint    ] Total time for which application threads were stopped: 0.0000643 seconds, Stopping threads took: 0.0000159 seconds
[2019-12-09T08:28:54.617+0000][1][safepoint    ] Application time: 1.0000764 seconds
[2019-12-09T08:28:54.617+0000][1][safepoint    ] Entering safepoint region: Cleanup
[2019-12-09T08:28:54.617+0000][1][safepoint    ] Leaving safepoint region
[2019-12-09T08:28:54.617+0000][1][safepoint    ] Total time for which application threads were stopped: 0.0000685 seconds, Stopping threads took: 0.0000177 seconds
[2019-12-09T08:28:55.617+0000][1][safepoint    ] Application time: 1.0000769 seconds
[2019-12-09T08:28:55.617+0000][1][safepoint    ] Entering safepoint region: Cleanup
[2019-12-09T08:28:55.617+0000][1][safepoint    ] Leaving safepoint region
[2019-12-09T08:28:55.617+0000][1][safepoint    ] Total time for which application threads were stopped: 0.0000673 seconds, Stopping threads took: 0.0000174 seconds
[2019-12-09T08:28:56.617+0000][1][safepoint    ] Application time: 1.0000756 seconds
[2019-12-09T08:28:56.617+0000][1][safepoint    ] Entering safepoint region: Cleanup
[2019-12-09T08:28:56.617+0000][1][safepoint    ] Leaving safepoint region
[2019-12-09T08:28:56.617+0000][1][safepoint    ] Total time for which application threads were stopped: 0.0000672 seconds, Stopping threads took: 0.0000159 seconds
[2019-12-09T08:28:57.617+0000][1][safepoint    ] Application time: 1.0000760 seconds
[2019-12-09T08:28:57.617+0000][1][safepoint    ] Entering safepoint region: Cleanup
[2019-12-09T08:28:57.617+0000][1][safepoint    ] Leaving safepoint region
[2019-12-09T08:28:57.617+0000][1][safepoint    ] Total time for which application threads were stopped: 0.0000670 seconds, Stopping threads took: 0.0000166 seconds
[2019-12-09T08:28:58.617+0000][1][safepoint    ] Application time: 1.0000766 seconds
[2019-12-09T08:28:58.617+0000][1][safepoint    ] Entering safepoint region: Cleanup
[2019-12-09T08:28:58.617+0000][1][safepoint    ] Leaving safepoint region
[2019-12-09T08:28:58.617+0000][1][safepoint    ] Total time for which application threads were stopped: 0.0000655 seconds, Stopping threads took: 0.0000160 seconds
[2019-12-09T08:28:59.617+0000][1][safepoint    ] Application time: 1.0000769 seconds
[2019-12-09T08:28:59.618+0000][1][safepoint    ] Entering safepoint region: Cleanup
[2019-12-09T08:28:59.618+0000][1][safepoint    ] Leaving safepoint region
[2019-12-09T08:28:59.618+0000][1][safepoint    ] Total time for which application threads were stopped: 0.0000682 seconds, Stopping threads took: 0.0000176 seconds
[2019-12-09T08:29:00.618+0000][1][safepoint    ] Application time: 1.0000754 seconds
[2019-12-09T08:29:00.618+0000][1][safepoint    ] Entering safepoint region: Cleanup
[2019-12-09T08:29:00.618+0000][1][safepoint    ] Leaving safepoint region
[2019-12-09T08:29:00.618+0000][1][safepoint    ] Total time for which application threads were stopped: 0.0000683 seconds, Stopping threads took: 0.0000186 seconds
[2019-12-09T08:29:01.618+0000][1][safepoint    ] Application time: 1.0000760 seconds
[2019-12-09T08:29:01.618+0000][1][safepoint    ] Entering safepoint region: Cleanup
[2019-12-09T08:29:01.618+0000][1][safepoint    ] Leaving safepoint region
[2019-12-09T08:29:01.618+0000][1][safepoint    ] Total time for which application threads were stopped: 0.0000708 seconds, Stopping threads took: 0.0000168 seconds
[2019-12-09T08:29:02.618+0000][1][safepoint    ] Application time: 1.0000767 seconds
[2019-12-09T08:29:02.618+0000][1][safepoint    ] Entering safepoint region: Cleanup
[2019-12-09T08:29:02.618+0000][1][safepoint    ] Leaving safepoint region
[2019-12-09T08:29:02.618+0000][1][safepoint    ] Total time for which application threads were stopped: 0.0000667 seconds, Stopping threads took: 0.0000169 seconds
[2019-12-09T08:29:03.618+0000][1][safepoint    ] Application time: 1.0000754 seconds
[2019-12-09T08:29:03.618+0000][1][safepoint    ] Entering safepoint region: Cleanup
[2019-12-09T08:29:03.618+0000][1][safepoint    ] Leaving safepoint region
[2019-12-09T08:29:03.618+0000][1][safepoint    ] Total time for which application threads were stopped: 0.0000667 seconds, Stopping threads took: 0.0000167 seconds
[2019-12-09T08:29:04.618+0000][1][safepoint    ] Application time: 1.0000751 seconds
[2019-12-09T08:29:04.618+0000][1][safepoint    ] Entering safepoint region: Cleanup
[2019-12-09T08:29:04.619+0000][1][safepoint    ] Leaving safepoint region
[2019-12-09T08:29:04.619+0000][1][safepoint    ] Total time for which application threads were stopped: 0.0000706 seconds, Stopping threads took: 0.0000176 seconds
[2019-12-09T08:29:05.619+0000][1][safepoint    ] Application time: 1.0000760 seconds
[2019-12-09T08:29:05.619+0000][1][safepoint    ] Entering safepoint region: Cleanup
[2019-12-09T08:29:05.619+0000][1][safepoint    ] Leaving safepoint region
[2019-12-09T08:29:05.619+0000][1][safepoint    ] Total time for which application threads were stopped: 0.0000756 seconds, Stopping threads took: 0.0000170 seconds
[2019-12-09T08:29:06.619+0000][1][safepoint    ] Application time: 1.0000759 seconds
[2019-12-09T08:29:06.619+0000][1][safepoint    ] Entering safepoint region: Cleanup
[2019-12-09T08:29:06.619+0000][1][safepoint    ] Leaving safepoint region
[2019-12-09T08:29:06.619+0000][1][safepoint    ] Total time for which application threads were stopped: 0.0000644 seconds, Stopping threads took: 0.0000154 seconds
[2019-12-09T08:29:07.619+0000][1][safepoint    ] Application time: 1.0000750 seconds
[2019-12-09T08:29:07.619+0000][1][safepoint    ] Entering safepoint region: Cleanup
[2019-12-09T08:29:07.619+0000][1][safepoint    ] Leaving safepoint region
[2019-12-09T08:29:07.619+0000][1][safepoint    ] Total time for which application threads were stopped: 0.0000674 seconds, Stopping threads took: 0.0000170 seconds
[2019-12-09T08:29:08.619+0000][1][safepoint    ] Application time: 1.0000766 seconds
[2019-12-09T08:29:08.619+0000][1][safepoint    ] Entering safepoint region: Cleanup
[2019-12-09T08:29:08.619+0000][1][safepoint    ] Leaving safepoint region
[2019-12-09T08:29:08.619+0000][1][safepoint    ] Total time for which application threads were stopped: 0.0000669 seconds, Stopping threads took: 0.0000167 seconds
[2019-12-09T08:29:09.619+0000][1][safepoint    ] Application time: 1.0000764 seconds
[2019-12-09T08:29:09.619+0000][1][safepoint    ] Entering safepoint region: Cleanup
[2019-12-09T08:29:09.619+0000][1][safepoint    ] Leaving safepoint region
[2019-12-09T08:29:09.619+0000][1][safepoint    ] Total time for which application threads were stopped: 0.0000686 seconds, Stopping threads took: 0.0000183 seconds
[2019-12-09T08:29:10.620+0000][1][safepoint    ] Application time: 1.0000772 seconds
[2019-12-09T08:29:10.620+0000][1][safepoint    ] Entering safepoint region: Cleanup
[2019-12-09T08:29:10.620+0000][1][safepoint    ] Leaving safepoint region
[2019-12-09T08:29:10.620+0000][1][safepoint    ] Total time for which application threads were stopped: 0.0000661 seconds, Stopping threads took: 0.0000162 seconds
[2019-12-09T08:29:11.620+0000][1][safepoint    ] Application time: 1.0000771 seconds
[2019-12-09T08:29:11.620+0000][1][safepoint    ] Entering safepoint region: Cleanup
[2019-12-09T08:29:11.620+0000][1][safepoint    ] Leaving safepoint region
[2019-12-09T08:29:11.620+0000][1][safepoint    ] Total time for which application threads were stopped: 0.0000678 seconds, Stopping threads took: 0.0000166 seconds
[2019-12-09T08:29:12.620+0000][1][safepoint    ] Application time: 1.0000770 seconds
[2019-12-09T08:29:12.620+0000][1][safepoint    ] Entering safepoint region: Cleanup
[2019-12-09T08:29:12.620+0000][1][safepoint    ] Leaving safepoint region
[2019-12-09T08:29:12.620+0000][1][safepoint    ] Total time for which application threads were stopped: 0.0000632 seconds, Stopping threads took: 0.0000147 seconds
[2019-12-09T08:29:13.620+0000][1][safepoint    ] Application time: 1.0000763 seconds
[2019-12-09T08:29:13.620+0000][1][safepoint    ] Entering safepoint region: Cleanup
[2019-12-09T08:29:13.620+0000][1][safepoint    ] Leaving safepoint region
[2019-12-09T08:29:13.620+0000][1][safepoint    ] Total time for which application threads were stopped: 0.0000650 seconds, Stopping threads took: 0.0000165 seconds
[2019-12-09T08:29:14.620+0000][1][safepoint    ] Application time: 1.0000785 seconds
[2019-12-09T08:29:14.620+0000][1][safepoint    ] Entering safepoint region: Cleanup
[2019-12-09T08:29:14.620+0000][1][safepoint    ] Leaving safepoint region
[2019-12-09T08:29:14.620+0000][1][safepoint    ] Total time for which application threads were stopped: 0.0000693 seconds, Stopping threads took: 0.0000160 seconds
[2019-12-09T08:29:15.620+0000][1][safepoint    ] Application time: 1.0000773 seconds
[2019-12-09T08:29:15.621+0000][1][safepoint    ] Entering safepoint region: Cleanup
[2019-12-09T08:29:15.621+0000][1][safepoint    ] Leaving safepoint region
[2019-12-09T08:29:15.621+0000][1][safepoint    ] Total time for which application threads were stopped: 0.0000653 seconds, Stopping threads took: 0.0000167 seconds
[2019-12-09T08:29:16.621+0000][1][safepoint    ] Application time: 1.0000900 seconds
[2019-12-09T08:29:16.621+0000][1][safepoint    ] Entering safepoint region: Cleanup
[2019-12-09T08:29:16.621+0000][1][safepoint    ] Leaving safepoint region
[2019-12-09T08:29:16.621+0000][1][safepoint    ] Total time for which application threads were stopped: 0.0000694 seconds, Stopping threads took: 0.0000168 seconds
[2019-12-09T08:29:17.621+0000][1][safepoint    ] Application time: 1.0000781 seconds
[2019-12-09T08:29:17.621+0000][1][safepoint    ] Entering safepoint region: Cleanup
[2019-12-09T08:29:17.621+0000][1][safepoint    ] Leaving safepoint region
[2019-12-09T08:29:17.621+0000][1][safepoint    ] Total time for which application threads were stopped: 0.0000664 seconds, Stopping threads took: 0.0000176 seconds
[2019-12-09T08:29:18.621+0000][1][safepoint    ] Application time: 1.0000779 seconds
[2019-12-09T08:29:18.621+0000][1][safepoint    ] Entering safepoint region: Cleanup
[2019-12-09T08:29:18.621+0000][1][safepoint    ] Leaving safepoint region
[2019-12-09T08:29:18.621+0000][1][safepoint    ] Total time for which application threads were stopped: 0.0000634 seconds, Stopping threads took: 0.0000164 seconds
[2019-12-09T08:29:19.621+0000][1][safepoint    ] Application time: 1.0000761 seconds
[2019-12-09T08:29:19.621+0000][1][safepoint    ] Entering safepoint region: Cleanup
[2019-12-09T08:29:19.621+0000][1][safepoint    ] Leaving safepoint region
[2019-12-09T08:29:19.621+0000][1][safepoint    ] Total time for which application threads were stopped: 0.0000670 seconds, Stopping threads took: 0.0000164 seconds
[2019-12-09T08:29:20.621+0000][1][safepoint    ] Application time: 1.0000775 seconds
[2019-12-09T08:29:20.621+0000][1][safepoint    ] Entering safepoint region: Cleanup
[2019-12-09T08:29:20.622+0000][1][safepoint    ] Leaving safepoint region
[2019-12-09T08:29:20.622+0000][1][safepoint    ] Total time for which application threads were stopped: 0.0000681 seconds, Stopping threads took: 0.0000161 seconds
[2019-12-09T08:29:21.622+0000][1][safepoint    ] Application time: 1.0000788 seconds
[2019-12-09T08:29:21.622+0000][1][safepoint    ] Entering safepoint region: Cleanup
[2019-12-09T08:29:21.622+0000][1][safepoint    ] Leaving safepoint region
[2019-12-09T08:29:21.622+0000][1][safepoint    ] Total time for which application threads were stopped: 0.0000741 seconds, Stopping threads took: 0.0000257 seconds
[2019-12-09T08:29:22.622+0000][1][safepoint    ] Application time: 1.0000765 seconds
[2019-12-09T08:29:22.622+0000][1][safepoint    ] Entering safepoint region: Cleanup
[2019-12-09T08:29:22.622+0000][1][safepoint    ] Leaving safepoint region
[2019-12-09T08:29:22.622+0000][1][safepoint    ] Total time for which application threads were stopped: 0.0000695 seconds, Stopping threads took: 0.0000208 seconds
[2019-12-09T08:29:23.622+0000][1][safepoint    ] Application time: 1.0000769 seconds
[2019-12-09T08:29:23.622+0000][1][safepoint    ] Entering safepoint region: Cleanup
[2019-12-09T08:29:23.622+0000][1][safepoint    ] Leaving safepoint region
[2019-12-09T08:29:23.622+0000][1][safepoint    ] Total time for which application threads were stopped: 0.0000658 seconds, Stopping threads took: 0.0000160 seconds
[2019-12-09T08:29:24.622+0000][1][safepoint    ] Application time: 1.0000749 seconds
[2019-12-09T08:29:24.622+0000][1][safepoint    ] Entering safepoint region: Cleanup
[2019-12-09T08:29:24.622+0000][1][safepoint    ] Leaving safepoint region
[2019-12-09T08:29:24.622+0000][1][safepoint    ] Total time for which application threads were stopped: 0.0000655 seconds, Stopping threads took: 0.0000161 seconds
[2019-12-09T08:29:25.622+0000][1][safepoint    ] Application time: 1.0000781 seconds
[2019-12-09T08:29:25.622+0000][1][safepoint    ] Entering safepoint region: Cleanup
[2019-12-09T08:29:25.622+0000][1][safepoint    ] Leaving safepoint region
[2019-12-09T08:29:25.622+0000][1][safepoint    ] Total time for which application threads were stopped: 0.0000649 seconds, Stopping threads took: 0.0000169 seconds
[2019-12-09T08:29:26.623+0000][1][safepoint    ] Application time: 1.0000790 seconds
[2019-12-09T08:29:26.623+0000][1][safepoint    ] Entering safepoint region: Cleanup
[2019-12-09T08:29:26.623+0000][1][safepoint    ] Leaving safepoint region
[2019-12-09T08:29:26.623+0000][1][safepoint    ] Total time for which application threads were stopped: 0.0000791 seconds, Stopping threads took: 0.0000164 seconds
[2019-12-09T08:29:27.655+0000][1][safepoint    ] Application time: 1.0321525 seconds
[2019-12-09T08:29:27.655+0000][1][safepoint    ] Entering safepoint region: Cleanup
[2019-12-09T08:29:27.655+0000][1][safepoint    ] Leaving safepoint region
[2019-12-09T08:29:27.655+0000][1][safepoint    ] Total time for which application threads were stopped: 0.0000700 seconds, Stopping threads took: 0.0000156 seconds
[2019-12-09T08:29:28.655+0000][1][safepoint    ] Application time: 1.0000817 seconds
[2019-12-09T08:29:28.655+0000][1][safepoint    ] Entering safepoint region: Cleanup
[2019-12-09T08:29:28.655+0000][1][safepoint    ] Leaving safepoint region
[2019-12-09T08:29:28.655+0000][1][safepoint    ] Total time for which application threads were stopped: 0.0000883 seconds, Stopping threads took: 0.0000222 seconds
[2019-12-09T08:29:29.655+0000][1][safepoint    ] Application time: 1.0000777 seconds
[2019-12-09T08:29:29.655+0000][1][safepoint    ] Entering safepoint region: Cleanup
[2019-12-09T08:29:29.655+0000][1][safepoint    ] Leaving safepoint region
[2019-12-09T08:29:29.655+0000][1][safepoint    ] Total time for which application threads were stopped: 0.0000564 seconds, Stopping threads took: 0.0000138 seconds
[2019-12-09T08:29:30.655+0000][1][safepoint    ] Application time: 1.0000761 seconds
[2019-12-09T08:29:30.655+0000][1][safepoint    ] Entering safepoint region: Cleanup
[2019-12-09T08:29:30.655+0000][1][safepoint    ] Leaving safepoint region
[2019-12-09T08:29:30.655+0000][1][safepoint    ] Total time for which application threads were stopped: 0.0000609 seconds, Stopping threads took: 0.0000136 seconds
[2019-12-09T08:29:31.656+0000][1][safepoint    ] Application time: 1.0000769 seconds
[2019-12-09T08:29:31.656+0000][1][safepoint    ] Entering safepoint region: Cleanup
[2019-12-09T08:29:31.656+0000][1][safepoint    ] Leaving safepoint region
[2019-12-09T08:29:31.656+0000][1][safepoint    ] Total time for which application threads were stopped: 0.0000768 seconds, Stopping threads took: 0.0000158 seconds
[2019-12-09T08:29:32.656+0000][1][safepoint    ] Application time: 1.0000747 seconds
[2019-12-09T08:29:32.656+0000][1][safepoint    ] Entering safepoint region: Cleanup
[2019-12-09T08:29:32.656+0000][1][safepoint    ] Leaving safepoint region
[2019-12-09T08:29:32.656+0000][1][safepoint    ] Total time for which application threads were stopped: 0.0000774 seconds, Stopping threads took: 0.0000263 seconds
[2019-12-09T08:29:33.656+0000][1][safepoint    ] Application time: 1.0000719 seconds
[2019-12-09T08:29:33.656+0000][1][safepoint    ] Entering safepoint region: Cleanup
[2019-12-09T08:29:33.656+0000][1][safepoint    ] Leaving safepoint region
[2019-12-09T08:29:33.656+0000][1][safepoint    ] Total time for which application threads were stopped: 0.0000643 seconds, Stopping threads took: 0.0000149 seconds
[2019-12-09T08:29:34.656+0000][1][safepoint    ] Application time: 1.0000743 seconds
[2019-12-09T08:29:34.656+0000][1][safepoint    ] Entering safepoint region: Cleanup
[2019-12-09T08:29:34.656+0000][1][safepoint    ] Leaving safepoint region
[2019-12-09T08:29:34.656+0000][1][safepoint    ] Total time for which application threads were stopped: 0.0000628 seconds, Stopping threads took: 0.0000148 seconds
[2019-12-09T08:29:35.656+0000][1][safepoint    ] Application time: 1.0000757 seconds
[2019-12-09T08:29:35.656+0000][1][safepoint    ] Entering safepoint region: Cleanup
[2019-12-09T08:29:35.656+0000][1][safepoint    ] Leaving safepoint region
[2019-12-09T08:29:35.656+0000][1][safepoint    ] Total time for which application threads were stopped: 0.0000633 seconds, Stopping threads took: 0.0000149 seconds
[2019-12-09T08:29:36.657+0000][1][safepoint    ] Application time: 1.0000791 seconds
[2019-12-09T08:29:36.657+0000][1][safepoint    ] Entering safepoint region: Cleanup
[2019-12-09T08:29:36.657+0000][1][safepoint    ] Leaving safepoint region
[2019-12-09T08:29:36.657+0000][1][safepoint    ] Total time for which application threads were stopped: 0.0000613 seconds, Stopping threads took: 0.0000138 seconds
[2019-12-09T08:29:37.657+0000][1][safepoint    ] Application time: 1.0000694 seconds
[2019-12-09T08:29:37.657+0000][1][safepoint    ] Entering safepoint region: Cleanup
[2019-12-09T08:29:37.657+0000][1][safepoint    ] Leaving safepoint region
[2019-12-09T08:29:37.657+0000][1][safepoint    ] Total time for which application threads were stopped: 0.0000657 seconds, Stopping threads took: 0.0000162 seconds
[2019-12-09T08:29:38.657+0000][1][safepoint    ] Application time: 1.0000742 seconds
[2019-12-09T08:29:38.657+0000][1][safepoint    ] Entering safepoint region: Cleanup
[2019-12-09T08:29:38.657+0000][1][safepoint    ] Leaving safepoint region
[2019-12-09T08:29:38.657+0000][1][safepoint    ] Total time for which application threads were stopped: 0.0000619 seconds, Stopping threads took: 0.0000151 seconds
[2019-12-09T08:29:39.657+0000][1][safepoint    ] Application time: 1.0000754 seconds
[2019-12-09T08:29:39.657+0000][1][safepoint    ] Entering safepoint region: Cleanup
[2019-12-09T08:29:39.657+0000][1][safepoint    ] Leaving safepoint region
[2019-12-09T08:29:39.657+0000][1][safepoint    ] Total time for which application threads were stopped: 0.0000655 seconds, Stopping threads took: 0.0000158 seconds
[2019-12-09T08:29:40.657+0000][1][safepoint    ] Application time: 1.0000768 seconds
[2019-12-09T08:29:40.657+0000][1][safepoint    ] Entering safepoint region: Cleanup
[2019-12-09T08:29:40.657+0000][1][safepoint    ] Leaving safepoint region
[2019-12-09T08:29:40.657+0000][1][safepoint    ] Total time for which application threads were stopped: 0.0000592 seconds, Stopping threads took: 0.0000131 seconds
[2019-12-09T08:29:41.657+0000][1][safepoint    ] Application time: 1.0000852 seconds
[2019-12-09T08:29:41.657+0000][1][safepoint    ] Entering safepoint region: Cleanup
[2019-12-09T08:29:41.658+0000][1][safepoint    ] Leaving safepoint region
[2019-12-09T08:29:41.658+0000][1][safepoint    ] Total time for which application threads were stopped: 0.0000843 seconds, Stopping threads took: 0.0000215 seconds
[2019-12-09T08:29:42.658+0000][1][safepoint    ] Application time: 1.0000759 seconds
[2019-12-09T08:29:42.658+0000][1][safepoint    ] Entering safepoint region: Cleanup
[2019-12-09T08:29:42.658+0000][1][safepoint    ] Leaving safepoint region
[2019-12-09T08:29:42.658+0000][1][safepoint    ] Total time for which application threads were stopped: 0.0000634 seconds, Stopping threads took: 0.0000149 seconds
[2019-12-09T08:29:43.658+0000][1][safepoint    ] Application time: 1.0000746 seconds
[2019-12-09T08:29:43.658+0000][1][safepoint    ] Entering safepoint region: Cleanup
[2019-12-09T08:29:43.658+0000][1][safepoint    ] Leaving safepoint region
[2019-12-09T08:29:43.658+0000][1][safepoint    ] Total time for which application threads were stopped: 0.0000637 seconds, Stopping threads took: 0.0000160 seconds
[2019-12-09T08:29:44.658+0000][1][safepoint    ] Application time: 1.0000746 seconds
[2019-12-09T08:29:44.658+0000][1][safepoint    ] Entering safepoint region: Cleanup
[2019-12-09T08:29:44.658+0000][1][safepoint    ] Leaving safepoint region
[2019-12-09T08:29:44.658+0000][1][safepoint    ] Total time for which application threads were stopped: 0.0000653 seconds, Stopping threads took: 0.0000152 seconds
[2019-12-09T08:29:45.658+0000][1][safepoint    ] Application time: 1.0000746 seconds
[2019-12-09T08:29:45.658+0000][1][safepoint    ] Entering safepoint region: Cleanup
[2019-12-09T08:29:45.658+0000][1][safepoint    ] Leaving safepoint region
[2019-12-09T08:29:45.658+0000][1][safepoint    ] Total time for which application threads were stopped: 0.0000621 seconds, Stopping threads took: 0.0000142 seconds
[2019-12-09T08:29:46.659+0000][1][safepoint    ] Application time: 1.0006311 seconds
[2019-12-09T08:29:46.659+0000][1][safepoint    ] Entering safepoint region: Cleanup
[2019-12-09T08:29:46.659+0000][1][safepoint    ] Leaving safepoint region
[2019-12-09T08:29:46.659+0000][1][safepoint    ] Total time for which application threads were stopped: 0.0000894 seconds, Stopping threads took: 0.0000220 seconds
[2019-12-09T08:29:47.659+0000][1][safepoint    ] Application time: 1.0000763 seconds
[2019-12-09T08:29:47.659+0000][1][safepoint    ] Entering safepoint region: Cleanup
[2019-12-09T08:29:47.659+0000][1][safepoint    ] Leaving safepoint region
[2019-12-09T08:29:47.659+0000][1][safepoint    ] Total time for which application threads were stopped: 0.0000652 seconds, Stopping threads took: 0.0000174 seconds
[2019-12-09T08:29:48.659+0000][1][safepoint    ] Application time: 1.0000749 seconds
[2019-12-09T08:29:48.659+0000][1][safepoint    ] Entering safepoint region: Cleanup
[2019-12-09T08:29:48.659+0000][1][safepoint    ] Leaving safepoint region
[2019-12-09T08:29:48.659+0000][1][safepoint    ] Total time for which application threads were stopped: 0.0000630 seconds, Stopping threads took: 0.0000149 seconds
[2019-12-09T08:29:49.660+0000][1][safepoint    ] Application time: 1.0000805 seconds
[2019-12-09T08:29:49.660+0000][1][safepoint    ] Entering safepoint region: Cleanup
[2019-12-09T08:29:49.660+0000][1][safepoint    ] Leaving safepoint region
[2019-12-09T08:29:49.660+0000][1][safepoint    ] Total time for which application threads were stopped: 0.0000627 seconds, Stopping threads took: 0.0000150 seconds
[2019-12-09T08:29:50.660+0000][1][safepoint    ] Application time: 1.0000762 seconds
[2019-12-09T08:29:50.660+0000][1][safepoint    ] Entering safepoint region: Cleanup
[2019-12-09T08:29:50.660+0000][1][safepoint    ] Leaving safepoint region
[2019-12-09T08:29:50.660+0000][1][safepoint    ] Total time for which application threads were stopped: 0.0000634 seconds, Stopping threads took: 0.0000153 seconds
[2019-12-09T08:29:51.660+0000][1][safepoint    ] Application time: 1.0000806 seconds
[2019-12-09T08:29:51.660+0000][1][safepoint    ] Entering safepoint region: Cleanup
[2019-12-09T08:29:51.660+0000][1][safepoint    ] Leaving safepoint region
[2019-12-09T08:29:51.660+0000][1][safepoint    ] Total time for which application threads were stopped: 0.0000842 seconds, Stopping threads took: 0.0000212 seconds
[2019-12-09T08:29:52.660+0000][1][safepoint    ] Application time: 1.0000747 seconds
[2019-12-09T08:29:52.660+0000][1][safepoint    ] Entering safepoint region: Cleanup
[2019-12-09T08:29:52.660+0000][1][safepoint    ] Leaving safepoint region
[2019-12-09T08:29:52.660+0000][1][safepoint    ] Total time for which application threads were stopped: 0.0000695 seconds, Stopping threads took: 0.0000203 seconds
[2019-12-09T08:29:53.660+0000][1][safepoint    ] Application time: 1.0000767 seconds
[2019-12-09T08:29:53.660+0000][1][safepoint    ] Entering safepoint region: Cleanup
[2019-12-09T08:29:53.660+0000][1][safepoint    ] Leaving safepoint region
[2019-12-09T08:29:53.660+0000][1][safepoint    ] Total time for which application threads were stopped: 0.0000637 seconds, Stopping threads took: 0.0000158 seconds
[2019-12-09T08:29:54.661+0000][1][safepoint    ] Application time: 1.0000748 seconds
[2019-12-09T08:29:54.661+0000][1][safepoint    ] Entering safepoint region: Cleanup
[2019-12-09T08:29:54.661+0000][1][safepoint    ] Leaving safepoint region
[2019-12-09T08:29:54.661+0000][1][safepoint    ] Total time for which application threads were stopped: 0.0000624 seconds, Stopping threads took: 0.0000156 seconds
[2019-12-09T08:29:56.645+0000][1][safepoint    ] Application time: 1.9847512 seconds
[2019-12-09T08:29:56.645+0000][1][safepoint    ] Entering safepoint region: Cleanup
[2019-12-09T08:29:56.645+0000][1][safepoint    ] Leaving safepoint region
[2019-12-09T08:29:56.645+0000][1][safepoint    ] Total time for which application threads were stopped: 0.0000746 seconds, Stopping threads took: 0.0000172 seconds
[2019-12-09T08:29:57.646+0000][1][safepoint    ] Application time: 1.0000728 seconds
[2019-12-09T08:29:57.646+0000][1][safepoint    ] Entering safepoint region: Cleanup
[2019-12-09T08:29:57.646+0000][1][safepoint    ] Leaving safepoint region
[2019-12-09T08:29:57.646+0000][1][safepoint    ] Total time for which application threads were stopped: 0.0000660 seconds, Stopping threads took: 0.0000163 seconds
[2019-12-09T08:29:58.646+0000][1][safepoint    ] Application time: 1.0000851 seconds
[2019-12-09T08:29:58.646+0000][1][safepoint    ] Entering safepoint region: Cleanup
[2019-12-09T08:29:58.646+0000][1][safepoint    ] Leaving safepoint region
[2019-12-09T08:29:58.646+0000][1][safepoint    ] Total time for which application threads were stopped: 0.0000908 seconds, Stopping threads took: 0.0000258 seconds
[2019-12-09T08:29:59.646+0000][1][safepoint    ] Application time: 1.0000798 seconds
[2019-12-09T08:29:59.646+0000][1][safepoint    ] Entering safepoint region: Cleanup
[2019-12-09T08:29:59.646+0000][1][safepoint    ] Leaving safepoint region
[2019-12-09T08:29:59.646+0000][1][safepoint    ] Total time for which application threads were stopped: 0.0000662 seconds, Stopping threads took: 0.0000171 seconds
[2019-12-09T08:30:00.646+0000][1][safepoint    ] Application time: 1.0000869 seconds
[2019-12-09T08:30:00.646+0000][1][safepoint    ] Entering safepoint region: Cleanup
[2019-12-09T08:30:00.646+0000][1][safepoint    ] Leaving safepoint region
[2019-12-09T08:30:00.646+0000][1][safepoint    ] Total time for which application threads were stopped: 0.0000731 seconds, Stopping threads took: 0.0000214 seconds
[2019-12-09T08:30:01.646+0000][1][safepoint    ] Application time: 1.0000894 seconds
[2019-12-09T08:30:01.646+0000][1][safepoint    ] Entering safepoint region: Cleanup
[2019-12-09T08:30:01.646+0000][1][safepoint    ] Leaving safepoint region
[2019-12-09T08:30:01.646+0000][1][safepoint    ] Total time for which application threads were stopped: 0.0000674 seconds, Stopping threads took: 0.0000172 seconds
[2019-12-09T08:30:02.647+0000][1][safepoint    ] Application time: 1.0000766 seconds
[2019-12-09T08:30:02.647+0000][1][safepoint    ] Entering safepoint region: Cleanup
[2019-12-09T08:30:02.647+0000][1][safepoint    ] Leaving safepoint region
[2019-12-09T08:30:02.647+0000][1][safepoint    ] Total time for which application threads were stopped: 0.0000661 seconds, Stopping threads took: 0.0000166 seconds
[2019-12-09T08:30:03.647+0000][1][safepoint    ] Application time: 1.0000891 seconds
[2019-12-09T08:30:03.647+0000][1][safepoint    ] Entering safepoint region: Cleanup
[2019-12-09T08:30:03.647+0000][1][safepoint    ] Leaving safepoint region
[2019-12-09T08:30:03.647+0000][1][safepoint    ] Total time for which application threads were stopped: 0.0000679 seconds, Stopping threads took: 0.0000170 seconds
[2019-12-09T08:30:04.647+0000][1][safepoint    ] Application time: 1.0000773 seconds
[2019-12-09T08:30:04.647+0000][1][safepoint    ] Entering safepoint region: Cleanup
[2019-12-09T08:30:04.647+0000][1][safepoint    ] Leaving safepoint region
[2019-12-09T08:30:04.647+0000][1][safepoint    ] Total time for which application threads were stopped: 0.0000698 seconds, Stopping threads took: 0.0000172 seconds
[2019-12-09T08:30:05.647+0000][1][safepoint    ] Application time: 1.0000751 seconds
[2019-12-09T08:30:05.647+0000][1][safepoint    ] Entering safepoint region: Cleanup
[2019-12-09T08:30:05.647+0000][1][safepoint    ] Leaving safepoint region
[2019-12-09T08:30:05.647+0000][1][safepoint    ] Total time for which application threads were stopped: 0.0000731 seconds, Stopping threads took: 0.0000166 seconds
[2019-12-09T08:30:05.648+0000][1][safepoint    ] Application time: 0.0012279 seconds
[2019-12-09T08:30:05.649+0000][1][safepoint    ] Entering safepoint region: GenCollectForAllocation
[2019-12-09T08:30:05.649+0000][1][gc,start     ] GC(67) Pause Young (Allocation Failure)
[2019-12-09T08:30:05.649+0000][1][gc,task      ] GC(67) Using 2 workers of 2 for evacuation
[2019-12-09T08:30:05.650+0000][1][gc,age       ] GC(67) Desired survivor size 4456448 bytes, new threshold 6 (max threshold 6)
[2019-12-09T08:30:05.650+0000][1][gc,age       ] GC(67) Age table with threshold 6 (max threshold 6)
[2019-12-09T08:30:05.650+0000][1][gc,age       ] GC(67) - age   1:       3088 bytes,       3088 total
[2019-12-09T08:30:05.650+0000][1][gc,heap      ] GC(67) ParNew: 69958K->4K(78656K)
[2019-12-09T08:30:05.650+0000][1][gc,heap      ] GC(67) CMS: 69458K->69458K(174784K)
[2019-12-09T08:30:05.650+0000][1][gc,metaspace ] GC(67) Metaspace: 68474K->68474K(1112064K)
[2019-12-09T08:30:05.650+0000][1][gc           ] GC(67) Pause Young (Allocation Failure) 136M->67M(247M) 1.327ms
[2019-12-09T08:30:05.650+0000][1][gc,cpu       ] GC(67) User=0.01s Sys=0.00s Real=0.00s
[2019-12-09T08:30:05.650+0000][1][safepoint    ] Leaving safepoint region
[2019-12-09T08:30:05.650+0000][1][safepoint    ] Total time for which application threads were stopped: 0.0014497 seconds, Stopping threads took: 0.0000137 seconds
[2019-12-09T08:30:06.650+0000][1][safepoint    ] Application time: 1.0000848 seconds
[2019-12-09T08:30:06.650+0000][1][safepoint    ] Entering safepoint region: Cleanup
[2019-12-09T08:30:06.650+0000][1][safepoint    ] Leaving safepoint region
[2019-12-09T08:30:06.650+0000][1][safepoint    ] Total time for which application threads were stopped: 0.0000659 seconds, Stopping threads took: 0.0000165 seconds
[2019-12-09T08:30:07.650+0000][1][safepoint    ] Application time: 1.0000776 seconds
[2019-12-09T08:30:07.650+0000][1][safepoint    ] Entering safepoint region: Cleanup
[2019-12-09T08:30:07.650+0000][1][safepoint    ] Leaving safepoint region
[2019-12-09T08:30:07.650+0000][1][safepoint    ] Total time for which application threads were stopped: 0.0000664 seconds, Stopping threads took: 0.0000163 seconds
[2019-12-09T08:30:08.650+0000][1][safepoint    ] Application time: 1.0000756 seconds
[2019-12-09T08:30:08.650+0000][1][safepoint    ] Entering safepoint region: Cleanup
[2019-12-09T08:30:08.650+0000][1][safepoint    ] Leaving safepoint region
[2019-12-09T08:30:08.650+0000][1][safepoint    ] Total time for which application threads were stopped: 0.0000646 seconds, Stopping threads took: 0.0000166 seconds
[2019-12-09T08:30:09.651+0000][1][safepoint    ] Application time: 1.0000762 seconds
[2019-12-09T08:30:09.651+0000][1][safepoint    ] Entering safepoint region: Cleanup
[2019-12-09T08:30:09.651+0000][1][safepoint    ] Leaving safepoint region
[2019-12-09T08:30:09.651+0000][1][safepoint    ] Total time for which application threads were stopped: 0.0000695 seconds, Stopping threads took: 0.0000177 seconds
[2019-12-09T08:30:10.651+0000][1][safepoint    ] Application time: 1.0000831 seconds
[2019-12-09T08:30:10.651+0000][1][safepoint    ] Entering safepoint region: Cleanup
[2019-12-09T08:30:10.651+0000][1][safepoint    ] Leaving safepoint region
[2019-12-09T08:30:10.651+0000][1][safepoint    ] Total time for which application threads were stopped: 0.0001069 seconds, Stopping threads took: 0.0000504 seconds
[2019-12-09T08:30:11.651+0000][1][safepoint    ] Application time: 1.0000821 seconds
[2019-12-09T08:30:11.651+0000][1][safepoint    ] Entering safepoint region: Cleanup
[2019-12-09T08:30:11.651+0000][1][safepoint    ] Leaving safepoint region
[2019-12-09T08:30:11.651+0000][1][safepoint    ] Total time for which application threads were stopped: 0.0000680 seconds, Stopping threads took: 0.0000158 seconds
[2019-12-09T08:30:12.651+0000][1][safepoint    ] Application time: 1.0000771 seconds
[2019-12-09T08:30:12.651+0000][1][safepoint    ] Entering safepoint region: Cleanup
[2019-12-09T08:30:12.651+0000][1][safepoint    ] Leaving safepoint region
[2019-12-09T08:30:12.651+0000][1][safepoint    ] Total time for which application threads were stopped: 0.0000672 seconds, Stopping threads took: 0.0000166 seconds
[2019-12-09T08:30:13.651+0000][1][safepoint    ] Application time: 1.0000765 seconds
[2019-12-09T08:30:13.651+0000][1][safepoint    ] Entering safepoint region: Cleanup
[2019-12-09T08:30:13.651+0000][1][safepoint    ] Leaving safepoint region
[2019-12-09T08:30:13.651+0000][1][safepoint    ] Total time for which application threads were stopped: 0.0000675 seconds, Stopping threads took: 0.0000177 seconds
[2019-12-09T08:30:14.652+0000][1][safepoint    ] Application time: 1.0000759 seconds
[2019-12-09T08:30:14.652+0000][1][safepoint    ] Entering safepoint region: Cleanup
[2019-12-09T08:30:14.652+0000][1][safepoint    ] Leaving safepoint region
[2019-12-09T08:30:14.652+0000][1][safepoint    ] Total time for which application threads were stopped: 0.0000682 seconds, Stopping threads took: 0.0000169 seconds
[2019-12-09T08:30:15.652+0000][1][safepoint    ] Application time: 1.0000883 seconds
[2019-12-09T08:30:15.652+0000][1][safepoint    ] Entering safepoint region: Cleanup
[2019-12-09T08:30:15.652+0000][1][safepoint    ] Leaving safepoint region
[2019-12-09T08:30:15.652+0000][1][safepoint    ] Total time for which application threads were stopped: 0.0000673 seconds, Stopping threads took: 0.0000167 seconds
[2019-12-09T08:30:16.652+0000][1][safepoint    ] Application time: 1.0000750 seconds
[2019-12-09T08:30:16.652+0000][1][safepoint    ] Entering safepoint region: Cleanup
[2019-12-09T08:30:16.652+0000][1][safepoint    ] Leaving safepoint region
[2019-12-09T08:30:16.652+0000][1][safepoint    ] Total time for which application threads were stopped: 0.0000658 seconds, Stopping threads took: 0.0000171 seconds
[2019-12-09T08:30:17.652+0000][1][safepoint    ] Application time: 1.0000737 seconds
[2019-12-09T08:30:17.652+0000][1][safepoint    ] Entering safepoint region: Cleanup
[2019-12-09T08:30:17.652+0000][1][safepoint    ] Leaving safepoint region
[2019-12-09T08:30:17.652+0000][1][safepoint    ] Total time for which application threads were stopped: 0.0000675 seconds, Stopping threads took: 0.0000171 seconds
[2019-12-09T08:30:18.652+0000][1][safepoint    ] Application time: 1.0000773 seconds
[2019-12-09T08:30:18.652+0000][1][safepoint    ] Entering safepoint region: Cleanup
[2019-12-09T08:30:18.652+0000][1][safepoint    ] Leaving safepoint region
[2019-12-09T08:30:18.652+0000][1][safepoint    ] Total time for which application threads were stopped: 0.0000642 seconds, Stopping threads took: 0.0000164 seconds
[2019-12-09T08:30:19.652+0000][1][safepoint    ] Application time: 1.0000755 seconds
[2019-12-09T08:30:19.653+0000][1][safepoint    ] Entering safepoint region: Cleanup
[2019-12-09T08:30:19.653+0000][1][safepoint    ] Leaving safepoint region
[2019-12-09T08:30:19.653+0000][1][safepoint    ] Total time for which application threads were stopped: 0.0000694 seconds, Stopping threads took: 0.0000168 seconds
[2019-12-09T08:30:20.653+0000][1][safepoint    ] Application time: 1.0000744 seconds
[2019-12-09T08:30:20.653+0000][1][safepoint    ] Entering safepoint region: Cleanup
[2019-12-09T08:30:20.653+0000][1][safepoint    ] Leaving safepoint region
[2019-12-09T08:30:20.653+0000][1][safepoint    ] Total time for which application threads were stopped: 0.0000775 seconds, Stopping threads took: 0.0000313 seconds
[2019-12-09T08:30:21.653+0000][1][safepoint    ] Application time: 1.0000745 seconds
[2019-12-09T08:30:21.653+0000][1][safepoint    ] Entering safepoint region: Cleanup
[2019-12-09T08:30:21.653+0000][1][safepoint    ] Leaving safepoint region
[2019-12-09T08:30:21.653+0000][1][safepoint    ] Total time for which application threads were stopped: 0.0000663 seconds, Stopping threads took: 0.0000167 seconds
[2019-12-09T08:30:22.653+0000][1][safepoint    ] Application time: 1.0000752 seconds
[2019-12-09T08:30:22.653+0000][1][safepoint    ] Entering safepoint region: Cleanup
[2019-12-09T08:30:22.653+0000][1][safepoint    ] Leaving safepoint region
[2019-12-09T08:30:22.653+0000][1][safepoint    ] Total time for which application threads were stopped: 0.0000686 seconds, Stopping threads took: 0.0000167 seconds
[2019-12-09T08:30:23.653+0000][1][safepoint    ] Application time: 1.0000750 seconds
[2019-12-09T08:30:23.653+0000][1][safepoint    ] Entering safepoint region: Cleanup
[2019-12-09T08:30:23.653+0000][1][safepoint    ] Leaving safepoint region
[2019-12-09T08:30:23.653+0000][1][safepoint    ] Total time for which application threads were stopped: 0.0000742 seconds, Stopping threads took: 0.0000247 seconds
[2019-12-09T08:30:24.653+0000][1][safepoint    ] Application time: 1.0000747 seconds
[2019-12-09T08:30:24.653+0000][1][safepoint    ] Entering safepoint region: Cleanup
[2019-12-09T08:30:24.653+0000][1][safepoint    ] Leaving safepoint region
[2019-12-09T08:30:24.653+0000][1][safepoint    ] Total time for which application threads were stopped: 0.0000633 seconds, Stopping threads took: 0.0000155 seconds
[2019-12-09T08:30:25.654+0000][1][safepoint    ] Application time: 1.0000741 seconds
[2019-12-09T08:30:25.654+0000][1][safepoint    ] Entering safepoint region: Cleanup
[2019-12-09T08:30:25.654+0000][1][safepoint    ] Leaving safepoint region
[2019-12-09T08:30:25.654+0000][1][safepoint    ] Total time for which application threads were stopped: 0.0000650 seconds, Stopping threads took: 0.0000161 seconds
[2019-12-09T08:30:26.654+0000][1][safepoint    ] Application time: 1.0000751 seconds
[2019-12-09T08:30:26.654+0000][1][safepoint    ] Entering safepoint region: Cleanup
[2019-12-09T08:30:26.654+0000][1][safepoint    ] Leaving safepoint region
[2019-12-09T08:30:26.654+0000][1][safepoint    ] Total time for which application threads were stopped: 0.0000676 seconds, Stopping threads took: 0.0000174 seconds
[2019-12-09T08:30:27.654+0000][1][safepoint    ] Application time: 1.0000751 seconds
[2019-12-09T08:30:27.654+0000][1][safepoint    ] Entering safepoint region: Cleanup
[2019-12-09T08:30:27.654+0000][1][safepoint    ] Leaving safepoint region
[2019-12-09T08:30:27.654+0000][1][safepoint    ] Total time for which application threads were stopped: 0.0000706 seconds, Stopping threads took: 0.0000181 seconds
[2019-12-09T08:30:28.654+0000][1][safepoint    ] Application time: 1.0000750 seconds
[2019-12-09T08:30:28.654+0000][1][safepoint    ] Entering safepoint region: Cleanup
[2019-12-09T08:30:28.654+0000][1][safepoint    ] Leaving safepoint region
[2019-12-09T08:30:28.654+0000][1][safepoint    ] Total time for which application threads were stopped: 0.0000744 seconds, Stopping threads took: 0.0000244 seconds
[2019-12-09T08:30:29.654+0000][1][safepoint    ] Application time: 1.0000749 seconds
[2019-12-09T08:30:29.654+0000][1][safepoint    ] Entering safepoint region: Cleanup
[2019-12-09T08:30:29.654+0000][1][safepoint    ] Leaving safepoint region
[2019-12-09T08:30:29.654+0000][1][safepoint    ] Total time for which application threads were stopped: 0.0000685 seconds, Stopping threads took: 0.0000173 seconds
[2019-12-09T08:30:30.654+0000][1][safepoint    ] Application time: 1.0000756 seconds
[2019-12-09T08:30:30.655+0000][1][safepoint    ] Entering safepoint region: Cleanup
[2019-12-09T08:30:30.655+0000][1][safepoint    ] Leaving safepoint region
[2019-12-09T08:30:30.655+0000][1][safepoint    ] Total time for which application threads were stopped: 0.0000690 seconds, Stopping threads took: 0.0000165 seconds
[2019-12-09T08:30:31.655+0000][1][safepoint    ] Application time: 1.0000753 seconds
[2019-12-09T08:30:31.655+0000][1][safepoint    ] Entering safepoint region: Cleanup
[2019-12-09T08:30:31.655+0000][1][safepoint    ] Leaving safepoint region
[2019-12-09T08:30:31.655+0000][1][safepoint    ] Total time for which application threads were stopped: 0.0000655 seconds, Stopping threads took: 0.0000169 seconds
[2019-12-09T08:30:32.655+0000][1][safepoint    ] Application time: 1.0000753 seconds
[2019-12-09T08:30:32.655+0000][1][safepoint    ] Entering safepoint region: Cleanup
[2019-12-09T08:30:32.655+0000][1][safepoint    ] Leaving safepoint region
[2019-12-09T08:30:32.655+0000][1][safepoint    ] Total time for which application threads were stopped: 0.0000666 seconds, Stopping threads took: 0.0000163 seconds
[2019-12-09T08:30:33.655+0000][1][safepoint    ] Application time: 1.0000745 seconds
[2019-12-09T08:30:33.655+0000][1][safepoint    ] Entering safepoint region: Cleanup
[2019-12-09T08:30:33.655+0000][1][safepoint    ] Leaving safepoint region
[2019-12-09T08:30:33.655+0000][1][safepoint    ] Total time for which application threads were stopped: 0.0000692 seconds, Stopping threads took: 0.0000166 seconds
[2019-12-09T08:30:34.655+0000][1][safepoint    ] Application time: 1.0000759 seconds
[2019-12-09T08:30:34.655+0000][1][safepoint    ] Entering safepoint region: Cleanup
[2019-12-09T08:30:34.655+0000][1][safepoint    ] Leaving safepoint region
[2019-12-09T08:30:34.655+0000][1][safepoint    ] Total time for which application threads were stopped: 0.0000685 seconds, Stopping threads took: 0.0000169 seconds
[2019-12-09T08:30:35.655+0000][1][safepoint    ] Application time: 1.0000739 seconds
[2019-12-09T08:30:35.655+0000][1][safepoint    ] Entering safepoint region: Cleanup
[2019-12-09T08:30:35.656+0000][1][safepoint    ] Leaving safepoint region
[2019-12-09T08:30:35.656+0000][1][safepoint    ] Total time for which application threads were stopped: 0.0000677 seconds, Stopping threads took: 0.0000170 seconds
[2019-12-09T08:30:36.656+0000][1][safepoint    ] Application time: 1.0000738 seconds
[2019-12-09T08:30:36.656+0000][1][safepoint    ] Entering safepoint region: Cleanup
[2019-12-09T08:30:36.656+0000][1][safepoint    ] Leaving safepoint region
[2019-12-09T08:30:36.656+0000][1][safepoint    ] Total time for which application threads were stopped: 0.0000793 seconds, Stopping threads took: 0.0000168 seconds
[2019-12-09T08:30:37.656+0000][1][safepoint    ] Application time: 1.0000741 seconds
[2019-12-09T08:30:37.656+0000][1][safepoint    ] Entering safepoint region: Cleanup
[2019-12-09T08:30:37.656+0000][1][safepoint    ] Leaving safepoint region
[2019-12-09T08:30:37.656+0000][1][safepoint    ] Total time for which application threads were stopped: 0.0000666 seconds, Stopping threads took: 0.0000169 seconds
[2019-12-09T08:30:38.656+0000][1][safepoint    ] Application time: 1.0000726 seconds
[2019-12-09T08:30:38.656+0000][1][safepoint    ] Entering safepoint region: Cleanup
[2019-12-09T08:30:38.656+0000][1][safepoint    ] Leaving safepoint region
[2019-12-09T08:30:38.656+0000][1][safepoint    ] Total time for which application threads were stopped: 0.0000659 seconds, Stopping threads took: 0.0000171 seconds
[2019-12-09T08:30:39.656+0000][1][safepoint    ] Application time: 1.0000729 seconds
[2019-12-09T08:30:39.656+0000][1][safepoint    ] Entering safepoint region: Cleanup
[2019-12-09T08:30:39.656+0000][1][safepoint    ] Leaving safepoint region
[2019-12-09T08:30:39.656+0000][1][safepoint    ] Total time for which application threads were stopped: 0.0000661 seconds, Stopping threads took: 0.0000165 seconds
[2019-12-09T08:30:40.656+0000][1][safepoint    ] Application time: 1.0000751 seconds
[2019-12-09T08:30:40.656+0000][1][safepoint    ] Entering safepoint region: Cleanup
[2019-12-09T08:30:40.656+0000][1][safepoint    ] Leaving safepoint region
[2019-12-09T08:30:40.656+0000][1][safepoint    ] Total time for which application threads were stopped: 0.0000674 seconds, Stopping threads took: 0.0000174 seconds
[2019-12-09T08:30:42.297+0000][1][safepoint    ] Application time: 1.6404418 seconds
[2019-12-09T08:30:42.297+0000][1][safepoint    ] Entering safepoint region: Cleanup
[2019-12-09T08:30:42.297+0000][1][safepoint    ] Leaving safepoint region
[2019-12-09T08:30:42.297+0000][1][safepoint    ] Total time for which application threads were stopped: 0.0000634 seconds, Stopping threads took: 0.0000148 seconds
[2019-12-09T08:30:43.297+0000][1][safepoint    ] Application time: 1.0000764 seconds
[2019-12-09T08:30:43.297+0000][1][safepoint    ] Entering safepoint region: Cleanup
[2019-12-09T08:30:43.297+0000][1][safepoint    ] Leaving safepoint region
[2019-12-09T08:30:43.297+0000][1][safepoint    ] Total time for which application threads were stopped: 0.0000651 seconds, Stopping threads took: 0.0000169 seconds
[2019-12-09T08:30:44.297+0000][1][safepoint    ] Application time: 1.0000787 seconds
[2019-12-09T08:30:44.297+0000][1][safepoint    ] Entering safepoint region: Cleanup
[2019-12-09T08:30:44.297+0000][1][safepoint    ] Leaving safepoint region
[2019-12-09T08:30:44.297+0000][1][safepoint    ] Total time for which application threads were stopped: 0.0000655 seconds, Stopping threads took: 0.0000160 seconds
[2019-12-09T08:30:45.297+0000][1][safepoint    ] Application time: 1.0000768 seconds
[2019-12-09T08:30:45.298+0000][1][safepoint    ] Entering safepoint region: Cleanup
[2019-12-09T08:30:45.298+0000][1][safepoint    ] Leaving safepoint region
[2019-12-09T08:30:45.298+0000][1][safepoint    ] Total time for which application threads were stopped: 0.0000650 seconds, Stopping threads took: 0.0000158 seconds
[2019-12-09T08:30:46.298+0000][1][safepoint    ] Application time: 1.0000768 seconds
[2019-12-09T08:30:46.298+0000][1][safepoint    ] Entering safepoint region: Cleanup
[2019-12-09T08:30:46.298+0000][1][safepoint    ] Leaving safepoint region
[2019-12-09T08:30:46.298+0000][1][safepoint    ] Total time for which application threads were stopped: 0.0000668 seconds, Stopping threads took: 0.0000165 seconds
[2019-12-09T08:30:47.298+0000][1][safepoint    ] Application time: 1.0000788 seconds
[2019-12-09T08:30:47.298+0000][1][safepoint    ] Entering safepoint region: Cleanup
[2019-12-09T08:30:47.298+0000][1][safepoint    ] Leaving safepoint region
[2019-12-09T08:30:47.298+0000][1][safepoint    ] Total time for which application threads were stopped: 0.0000660 seconds, Stopping threads took: 0.0000165 seconds
[2019-12-09T08:30:48.298+0000][1][safepoint    ] Application time: 1.0000766 seconds
[2019-12-09T08:30:48.298+0000][1][safepoint    ] Entering safepoint region: Cleanup
[2019-12-09T08:30:48.298+0000][1][safepoint    ] Leaving safepoint region
[2019-12-09T08:30:48.298+0000][1][safepoint    ] Total time for which application threads were stopped: 0.0000643 seconds, Stopping threads took: 0.0000155 seconds
[2019-12-09T08:30:49.298+0000][1][safepoint    ] Application time: 1.0000808 seconds
[2019-12-09T08:30:49.298+0000][1][safepoint    ] Entering safepoint region: Cleanup
[2019-12-09T08:30:49.298+0000][1][safepoint    ] Leaving safepoint region
[2019-12-09T08:30:49.298+0000][1][safepoint    ] Total time for which application threads were stopped: 0.0000634 seconds, Stopping threads took: 0.0000163 seconds
[2019-12-09T08:30:50.298+0000][1][safepoint    ] Application time: 1.0000785 seconds
[2019-12-09T08:30:50.298+0000][1][safepoint    ] Entering safepoint region: Cleanup
[2019-12-09T08:30:50.298+0000][1][safepoint    ] Leaving safepoint region
[2019-12-09T08:30:50.299+0000][1][safepoint    ] Total time for which application threads were stopped: 0.0000606 seconds, Stopping threads took: 0.0000144 seconds
[2019-12-09T08:30:51.299+0000][1][safepoint    ] Application time: 1.0000754 seconds
[2019-12-09T08:30:51.299+0000][1][safepoint    ] Entering safepoint region: Cleanup
[2019-12-09T08:30:51.299+0000][1][safepoint    ] Leaving safepoint region
[2019-12-09T08:30:51.299+0000][1][safepoint    ] Total time for which application threads were stopped: 0.0000754 seconds, Stopping threads took: 0.0000146 seconds
[2019-12-09T08:30:52.299+0000][1][safepoint    ] Application time: 1.0000748 seconds
[2019-12-09T08:30:52.299+0000][1][safepoint    ] Entering safepoint region: Cleanup
[2019-12-09T08:30:52.299+0000][1][safepoint    ] Leaving safepoint region
[2019-12-09T08:30:52.299+0000][1][safepoint    ] Total time for which application threads were stopped: 0.0000638 seconds, Stopping threads took: 0.0000154 seconds
[2019-12-09T08:30:53.299+0000][1][safepoint    ] Application time: 1.0000748 seconds
[2019-12-09T08:30:53.299+0000][1][safepoint    ] Entering safepoint region: Cleanup
[2019-12-09T08:30:53.299+0000][1][safepoint    ] Leaving safepoint region
[2019-12-09T08:30:53.299+0000][1][safepoint    ] Total time for which application threads were stopped: 0.0000724 seconds, Stopping threads took: 0.0000235 seconds
[2019-12-09T08:30:54.299+0000][1][safepoint    ] Application time: 1.0000743 seconds
[2019-12-09T08:30:54.299+0000][1][safepoint    ] Entering safepoint region: Cleanup
[2019-12-09T08:30:54.299+0000][1][safepoint    ] Leaving safepoint region
[2019-12-09T08:30:54.299+0000][1][safepoint    ] Total time for which application threads were stopped: 0.0000650 seconds, Stopping threads took: 0.0000162 seconds
[2019-12-09T08:30:55.299+0000][1][safepoint    ] Application time: 1.0000824 seconds
[2019-12-09T08:30:55.299+0000][1][safepoint    ] Entering safepoint region: Cleanup
[2019-12-09T08:30:55.299+0000][1][safepoint    ] Leaving safepoint region
[2019-12-09T08:30:55.299+0000][1][safepoint    ] Total time for which application threads were stopped: 0.0000637 seconds, Stopping threads took: 0.0000156 seconds
[2019-12-09T08:30:56.300+0000][1][safepoint    ] Application time: 1.0000765 seconds
[2019-12-09T08:30:56.300+0000][1][safepoint    ] Entering safepoint region: Cleanup
[2019-12-09T08:30:56.300+0000][1][safepoint    ] Leaving safepoint region
[2019-12-09T08:30:56.300+0000][1][safepoint    ] Total time for which application threads were stopped: 0.0000659 seconds, Stopping threads took: 0.0000159 seconds
[2019-12-09T08:30:57.300+0000][1][safepoint    ] Application time: 1.0000760 seconds
[2019-12-09T08:30:57.300+0000][1][safepoint    ] Entering safepoint region: Cleanup
[2019-12-09T08:30:57.300+0000][1][safepoint    ] Leaving safepoint region
[2019-12-09T08:30:57.300+0000][1][safepoint    ] Total time for which application threads were stopped: 0.0000673 seconds, Stopping threads took: 0.0000161 seconds
[2019-12-09T08:30:58.300+0000][1][safepoint    ] Application time: 1.0000754 seconds
[2019-12-09T08:30:58.300+0000][1][safepoint    ] Entering safepoint region: Cleanup
[2019-12-09T08:30:58.300+0000][1][safepoint    ] Leaving safepoint region
[2019-12-09T08:30:58.300+0000][1][safepoint    ] Total time for which application threads were stopped: 0.0000630 seconds, Stopping threads took: 0.0000149 seconds
[2019-12-09T08:30:59.300+0000][1][safepoint    ] Application time: 1.0000766 seconds
[2019-12-09T08:30:59.300+0000][1][safepoint    ] Entering safepoint region: Cleanup
[2019-12-09T08:30:59.300+0000][1][safepoint    ] Leaving safepoint region
[2019-12-09T08:30:59.300+0000][1][safepoint    ] Total time for which application threads were stopped: 0.0000640 seconds, Stopping threads took: 0.0000160 seconds
[2019-12-09T08:31:00.300+0000][1][safepoint    ] Application time: 1.0000773 seconds
[2019-12-09T08:31:00.300+0000][1][safepoint    ] Entering safepoint region: Cleanup
[2019-12-09T08:31:00.300+0000][1][safepoint    ] Leaving safepoint region
[2019-12-09T08:31:00.300+0000][1][safepoint    ] Total time for which application threads were stopped: 0.0000656 seconds, Stopping threads took: 0.0000167 seconds
[2019-12-09T08:31:01.300+0000][1][safepoint    ] Application time: 1.0000770 seconds
[2019-12-09T08:31:01.300+0000][1][safepoint    ] Entering safepoint region: Cleanup
[2019-12-09T08:31:01.301+0000][1][safepoint    ] Leaving safepoint region
[2019-12-09T08:31:01.301+0000][1][safepoint    ] Total time for which application threads were stopped: 0.0000668 seconds, Stopping threads took: 0.0000177 seconds
[2019-12-09T08:31:02.301+0000][1][safepoint    ] Application time: 1.0000318 seconds
[2019-12-09T08:31:02.301+0000][1][safepoint    ] Entering safepoint region: Cleanup
[2019-12-09T08:31:02.301+0000][1][safepoint    ] Leaving safepoint region
[2019-12-09T08:31:02.301+0000][1][safepoint    ] Total time for which application threads were stopped: 0.0000792 seconds, Stopping threads took: 0.0000182 seconds
[2019-12-09T08:31:03.301+0000][1][safepoint    ] Application time: 1.0000756 seconds
[2019-12-09T08:31:03.301+0000][1][safepoint    ] Entering safepoint region: Cleanup
[2019-12-09T08:31:03.301+0000][1][safepoint    ] Leaving safepoint region
[2019-12-09T08:31:03.301+0000][1][safepoint    ] Total time for which application threads were stopped: 0.0000655 seconds, Stopping threads took: 0.0000169 seconds
[2019-12-09T08:31:04.301+0000][1][safepoint    ] Application time: 1.0000858 seconds
[2019-12-09T08:31:04.301+0000][1][safepoint    ] Entering safepoint region: Cleanup
[2019-12-09T08:31:04.301+0000][1][safepoint    ] Leaving safepoint region
[2019-12-09T08:31:04.301+0000][1][safepoint    ] Total time for which application threads were stopped: 0.0000828 seconds, Stopping threads took: 0.0000206 seconds
[2019-12-09T08:31:05.319+0000][1][safepoint    ] Application time: 1.0173655 seconds
[2019-12-09T08:31:05.319+0000][1][safepoint    ] Entering safepoint region: Cleanup
[2019-12-09T08:31:05.319+0000][1][safepoint    ] Leaving safepoint region
[2019-12-09T08:31:05.319+0000][1][safepoint    ] Total time for which application threads were stopped: 0.0000695 seconds, Stopping threads took: 0.0000157 seconds
[2019-12-09T08:31:06.319+0000][1][safepoint    ] Application time: 1.0000825 seconds
[2019-12-09T08:31:06.319+0000][1][safepoint    ] Entering safepoint region: Cleanup
[2019-12-09T08:31:06.319+0000][1][safepoint    ] Leaving safepoint region
[2019-12-09T08:31:06.319+0000][1][safepoint    ] Total time for which application threads were stopped: 0.0000639 seconds, Stopping threads took: 0.0000160 seconds
[2019-12-09T08:31:07.319+0000][1][safepoint    ] Application time: 1.0000809 seconds
[2019-12-09T08:31:07.319+0000][1][safepoint    ] Entering safepoint region: Cleanup
[2019-12-09T08:31:07.319+0000][1][safepoint    ] Leaving safepoint region
[2019-12-09T08:31:07.319+0000][1][safepoint    ] Total time for which application threads were stopped: 0.0000692 seconds, Stopping threads took: 0.0000180 seconds
[2019-12-09T08:31:08.319+0000][1][safepoint    ] Application time: 1.0000750 seconds
[2019-12-09T08:31:08.319+0000][1][safepoint    ] Entering safepoint region: Cleanup
[2019-12-09T08:31:08.319+0000][1][safepoint    ] Leaving safepoint region
[2019-12-09T08:31:08.319+0000][1][safepoint    ] Total time for which application threads were stopped: 0.0000657 seconds, Stopping threads took: 0.0000168 seconds
[2019-12-09T08:31:09.319+0000][1][safepoint    ] Application time: 1.0000749 seconds
[2019-12-09T08:31:09.319+0000][1][safepoint    ] Entering safepoint region: Cleanup
[2019-12-09T08:31:09.319+0000][1][safepoint    ] Leaving safepoint region
[2019-12-09T08:31:09.319+0000][1][safepoint    ] Total time for which application threads were stopped: 0.0000659 seconds, Stopping threads took: 0.0000169 seconds
[2019-12-09T08:31:10.319+0000][1][safepoint    ] Application time: 1.0000803 seconds
[2019-12-09T08:31:10.320+0000][1][safepoint    ] Entering safepoint region: Cleanup
[2019-12-09T08:31:10.320+0000][1][safepoint    ] Leaving safepoint region
[2019-12-09T08:31:10.320+0000][1][safepoint    ] Total time for which application threads were stopped: 0.0000642 seconds, Stopping threads took: 0.0000171 seconds
[2019-12-09T08:31:11.320+0000][1][safepoint    ] Application time: 1.0000750 seconds
[2019-12-09T08:31:11.320+0000][1][safepoint    ] Entering safepoint region: Cleanup
[2019-12-09T08:31:11.320+0000][1][safepoint    ] Leaving safepoint region
[2019-12-09T08:31:11.320+0000][1][safepoint    ] Total time for which application threads were stopped: 0.0000781 seconds, Stopping threads took: 0.0000293 seconds
[2019-12-09T08:31:12.320+0000][1][safepoint    ] Application time: 1.0000770 seconds
[2019-12-09T08:31:12.320+0000][1][safepoint    ] Entering safepoint region: Cleanup
[2019-12-09T08:31:12.320+0000][1][safepoint    ] Leaving safepoint region
[2019-12-09T08:31:12.320+0000][1][safepoint    ] Total time for which application threads were stopped: 0.0000672 seconds, Stopping threads took: 0.0000174 seconds
[2019-12-09T08:31:13.320+0000][1][safepoint    ] Application time: 1.0000756 seconds
[2019-12-09T08:31:13.320+0000][1][safepoint    ] Entering safepoint region: Cleanup
[2019-12-09T08:31:13.320+0000][1][safepoint    ] Leaving safepoint region
[2019-12-09T08:31:13.320+0000][1][safepoint    ] Total time for which application threads were stopped: 0.0000659 seconds, Stopping threads took: 0.0000158 seconds
[2019-12-09T08:31:14.320+0000][1][safepoint    ] Application time: 1.0000742 seconds
[2019-12-09T08:31:14.320+0000][1][safepoint    ] Entering safepoint region: Cleanup
[2019-12-09T08:31:14.320+0000][1][safepoint    ] Leaving safepoint region
[2019-12-09T08:31:14.320+0000][1][safepoint    ] Total time for which application threads were stopped: 0.0000660 seconds, Stopping threads took: 0.0000177 seconds
[2019-12-09T08:31:15.320+0000][1][safepoint    ] Application time: 1.0000751 seconds
[2019-12-09T08:31:15.320+0000][1][safepoint    ] Entering safepoint region: Cleanup
[2019-12-09T08:31:15.320+0000][1][safepoint    ] Leaving safepoint region
[2019-12-09T08:31:15.321+0000][1][safepoint    ] Total time for which application threads were stopped: 0.0000649 seconds, Stopping threads took: 0.0000155 seconds
[2019-12-09T08:31:16.321+0000][1][safepoint    ] Application time: 1.0000762 seconds
[2019-12-09T08:31:16.321+0000][1][safepoint    ] Entering safepoint region: Cleanup
[2019-12-09T08:31:16.321+0000][1][safepoint    ] Leaving safepoint region
[2019-12-09T08:31:16.321+0000][1][safepoint    ] Total time for which application threads were stopped: 0.0000787 seconds, Stopping threads took: 0.0000158 seconds
[2019-12-09T08:31:17.321+0000][1][safepoint    ] Application time: 1.0000750 seconds
[2019-12-09T08:31:17.321+0000][1][safepoint    ] Entering safepoint region: Cleanup
[2019-12-09T08:31:17.321+0000][1][safepoint    ] Leaving safepoint region
[2019-12-09T08:31:17.321+0000][1][safepoint    ] Total time for which application threads were stopped: 0.0000657 seconds, Stopping threads took: 0.0000169 seconds
[2019-12-09T08:31:18.321+0000][1][safepoint    ] Application time: 1.0000752 seconds
[2019-12-09T08:31:18.321+0000][1][safepoint    ] Entering safepoint region: Cleanup
[2019-12-09T08:31:18.321+0000][1][safepoint    ] Leaving safepoint region
[2019-12-09T08:31:18.321+0000][1][safepoint    ] Total time for which application threads were stopped: 0.0000647 seconds, Stopping threads took: 0.0000157 seconds
[2019-12-09T08:31:19.321+0000][1][safepoint    ] Application time: 1.0000758 seconds
[2019-12-09T08:31:19.321+0000][1][safepoint    ] Entering safepoint region: Cleanup
[2019-12-09T08:31:19.321+0000][1][safepoint    ] Leaving safepoint region
[2019-12-09T08:31:19.321+0000][1][safepoint    ] Total time for which application threads were stopped: 0.0000648 seconds, Stopping threads took: 0.0000161 seconds
[2019-12-09T08:31:20.359+0000][1][safepoint    ] Application time: 1.0377448 seconds
[2019-12-09T08:31:20.359+0000][1][safepoint    ] Entering safepoint region: Cleanup
[2019-12-09T08:31:20.359+0000][1][safepoint    ] Leaving safepoint region
[2019-12-09T08:31:20.359+0000][1][safepoint    ] Total time for which application threads were stopped: 0.0000665 seconds, Stopping threads took: 0.0000160 seconds
[2019-12-09T08:31:21.359+0000][1][safepoint    ] Application time: 1.0000837 seconds
[2019-12-09T08:31:21.359+0000][1][safepoint    ] Entering safepoint region: Cleanup
[2019-12-09T08:31:21.359+0000][1][safepoint    ] Leaving safepoint region
[2019-12-09T08:31:21.359+0000][1][safepoint    ] Total time for which application threads were stopped: 0.0000692 seconds, Stopping threads took: 0.0000188 seconds
[2019-12-09T08:31:22.359+0000][1][safepoint    ] Application time: 1.0000783 seconds
[2019-12-09T08:31:22.359+0000][1][safepoint    ] Entering safepoint region: Cleanup
[2019-12-09T08:31:22.360+0000][1][safepoint    ] Leaving safepoint region
[2019-12-09T08:31:22.360+0000][1][safepoint    ] Total time for which application threads were stopped: 0.0000691 seconds, Stopping threads took: 0.0000189 seconds
[2019-12-09T08:31:23.360+0000][1][safepoint    ] Application time: 1.0000756 seconds
[2019-12-09T08:31:23.360+0000][1][safepoint    ] Entering safepoint region: Cleanup
[2019-12-09T08:31:23.360+0000][1][safepoint    ] Leaving safepoint region
[2019-12-09T08:31:23.360+0000][1][safepoint    ] Total time for which application threads were stopped: 0.0000848 seconds, Stopping threads took: 0.0000241 seconds
[2019-12-09T08:31:24.360+0000][1][safepoint    ] Application time: 1.0000758 seconds
[2019-12-09T08:31:24.360+0000][1][safepoint    ] Entering safepoint region: Cleanup
[2019-12-09T08:31:24.360+0000][1][safepoint    ] Leaving safepoint region
[2019-12-09T08:31:24.360+0000][1][safepoint    ] Total time for which application threads were stopped: 0.0000661 seconds, Stopping threads took: 0.0000163 seconds
[2019-12-09T08:31:25.360+0000][1][safepoint    ] Application time: 1.0000750 seconds
[2019-12-09T08:31:25.360+0000][1][safepoint    ] Entering safepoint region: Cleanup
[2019-12-09T08:31:25.360+0000][1][safepoint    ] Leaving safepoint region
[2019-12-09T08:31:25.360+0000][1][safepoint    ] Total time for which application threads were stopped: 0.0000619 seconds, Stopping threads took: 0.0000146 seconds
[2019-12-09T08:31:26.360+0000][1][safepoint    ] Application time: 1.0000766 seconds
[2019-12-09T08:31:26.360+0000][1][safepoint    ] Entering safepoint region: Cleanup
[2019-12-09T08:31:26.360+0000][1][safepoint    ] Leaving safepoint region
[2019-12-09T08:31:26.360+0000][1][safepoint    ] Total time for which application threads were stopped: 0.0000656 seconds, Stopping threads took: 0.0000164 seconds
[2019-12-09T08:31:27.360+0000][1][safepoint    ] Application time: 1.0000761 seconds
[2019-12-09T08:31:27.360+0000][1][safepoint    ] Entering safepoint region: Cleanup
[2019-12-09T08:31:27.360+0000][1][safepoint    ] Leaving safepoint region
[2019-12-09T08:31:27.360+0000][1][safepoint    ] Total time for which application threads were stopped: 0.0000676 seconds, Stopping threads took: 0.0000179 seconds
[2019-12-09T08:31:28.361+0000][1][safepoint    ] Application time: 1.0000782 seconds
[2019-12-09T08:31:28.361+0000][1][safepoint    ] Entering safepoint region: Cleanup
[2019-12-09T08:31:28.361+0000][1][safepoint    ] Leaving safepoint region
[2019-12-09T08:31:28.361+0000][1][safepoint    ] Total time for which application threads were stopped: 0.0000707 seconds, Stopping threads took: 0.0000178 seconds
[2019-12-09T08:31:29.361+0000][1][safepoint    ] Application time: 1.0000860 seconds
[2019-12-09T08:31:29.361+0000][1][safepoint    ] Entering safepoint region: Cleanup
[2019-12-09T08:31:29.361+0000][1][safepoint    ] Leaving safepoint region
[2019-12-09T08:31:29.361+0000][1][safepoint    ] Total time for which application threads were stopped: 0.0000666 seconds, Stopping threads took: 0.0000167 seconds
[2019-12-09T08:31:30.361+0000][1][safepoint    ] Application time: 1.0000773 seconds
[2019-12-09T08:31:30.361+0000][1][safepoint    ] Entering safepoint region: Cleanup
[2019-12-09T08:31:30.361+0000][1][safepoint    ] Leaving safepoint region
[2019-12-09T08:31:30.361+0000][1][safepoint    ] Total time for which application threads were stopped: 0.0000667 seconds, Stopping threads took: 0.0000165 seconds
[2019-12-09T08:31:31.361+0000][1][safepoint    ] Application time: 1.0000770 seconds
[2019-12-09T08:31:31.361+0000][1][safepoint    ] Entering safepoint region: Cleanup
[2019-12-09T08:31:31.361+0000][1][safepoint    ] Leaving safepoint region
[2019-12-09T08:31:31.361+0000][1][safepoint    ] Total time for which application threads were stopped: 0.0000674 seconds, Stopping threads took: 0.0000167 seconds
[2019-12-09T08:31:32.361+0000][1][safepoint    ] Application time: 1.0000902 seconds
[2019-12-09T08:31:32.361+0000][1][safepoint    ] Entering safepoint region: Cleanup
[2019-12-09T08:31:32.361+0000][1][safepoint    ] Leaving safepoint region
[2019-12-09T08:31:32.361+0000][1][safepoint    ] Total time for which application threads were stopped: 0.0000957 seconds, Stopping threads took: 0.0000244 seconds
[2019-12-09T08:31:33.362+0000][1][safepoint    ] Application time: 1.0000763 seconds
[2019-12-09T08:31:33.362+0000][1][safepoint    ] Entering safepoint region: Cleanup
[2019-12-09T08:31:33.362+0000][1][safepoint    ] Leaving safepoint region
[2019-12-09T08:31:33.362+0000][1][safepoint    ] Total time for which application threads were stopped: 0.0000858 seconds, Stopping threads took: 0.0000249 seconds
[2019-12-09T08:31:34.362+0000][1][safepoint    ] Application time: 1.0000748 seconds
[2019-12-09T08:31:34.362+0000][1][safepoint    ] Entering safepoint region: Cleanup
[2019-12-09T08:31:34.362+0000][1][safepoint    ] Leaving safepoint region
[2019-12-09T08:31:34.362+0000][1][safepoint    ] Total time for which application threads were stopped: 0.0000664 seconds, Stopping threads took: 0.0000168 seconds
[2019-12-09T08:31:35.362+0000][1][safepoint    ] Application time: 1.0000753 seconds
[2019-12-09T08:31:35.362+0000][1][safepoint    ] Entering safepoint region: Cleanup
[2019-12-09T08:31:35.362+0000][1][safepoint    ] Leaving safepoint region
[2019-12-09T08:31:35.362+0000][1][safepoint    ] Total time for which application threads were stopped: 0.0000623 seconds, Stopping threads took: 0.0000147 seconds
[2019-12-09T08:31:36.362+0000][1][safepoint    ] Application time: 1.0000776 seconds
[2019-12-09T08:31:36.362+0000][1][safepoint    ] Entering safepoint region: Cleanup
[2019-12-09T08:31:36.362+0000][1][safepoint    ] Leaving safepoint region
[2019-12-09T08:31:36.362+0000][1][safepoint    ] Total time for which application threads were stopped: 0.0000658 seconds, Stopping threads took: 0.0000163 seconds
[2019-12-09T08:31:37.362+0000][1][safepoint    ] Application time: 1.0000781 seconds
[2019-12-09T08:31:37.362+0000][1][safepoint    ] Entering safepoint region: Cleanup
[2019-12-09T08:31:37.362+0000][1][safepoint    ] Leaving safepoint region
[2019-12-09T08:31:37.362+0000][1][safepoint    ] Total time for which application threads were stopped: 0.0000672 seconds, Stopping threads took: 0.0000168 seconds
[2019-12-09T08:31:38.363+0000][1][safepoint    ] Application time: 1.0000770 seconds
[2019-12-09T08:31:38.363+0000][1][safepoint    ] Entering safepoint region: Cleanup
[2019-12-09T08:31:38.363+0000][1][safepoint    ] Leaving safepoint region
[2019-12-09T08:31:38.363+0000][1][safepoint    ] Total time for which application threads were stopped: 0.0000647 seconds, Stopping threads took: 0.0000156 seconds
[2019-12-09T08:31:39.363+0000][1][safepoint    ] Application time: 1.0000758 seconds
[2019-12-09T08:31:39.363+0000][1][safepoint    ] Entering safepoint region: Cleanup
[2019-12-09T08:31:39.363+0000][1][safepoint    ] Leaving safepoint region
[2019-12-09T08:31:39.363+0000][1][safepoint    ] Total time for which application threads were stopped: 0.0000661 seconds, Stopping threads took: 0.0000171 seconds
[2019-12-09T08:31:40.363+0000][1][safepoint    ] Application time: 1.0000781 seconds
[2019-12-09T08:31:40.363+0000][1][safepoint    ] Entering safepoint region: Cleanup
[2019-12-09T08:31:40.363+0000][1][safepoint    ] Leaving safepoint region
[2019-12-09T08:31:40.363+0000][1][safepoint    ] Total time for which application threads were stopped: 0.0000669 seconds, Stopping threads took: 0.0000170 seconds
[2019-12-09T08:31:41.363+0000][1][safepoint    ] Application time: 1.0000768 seconds
[2019-12-09T08:31:41.363+0000][1][safepoint    ] Entering safepoint region: Cleanup
[2019-12-09T08:31:41.363+0000][1][safepoint    ] Leaving safepoint region
[2019-12-09T08:31:41.363+0000][1][safepoint    ] Total time for which application threads were stopped: 0.0000676 seconds, Stopping threads took: 0.0000176 seconds
[2019-12-09T08:31:42.363+0000][1][safepoint    ] Application time: 1.0000568 seconds
[2019-12-09T08:31:42.363+0000][1][safepoint    ] Entering safepoint region: Cleanup
[2019-12-09T08:31:42.363+0000][1][safepoint    ] Leaving safepoint region
[2019-12-09T08:31:42.363+0000][1][safepoint    ] Total time for which application threads were stopped: 0.0000670 seconds, Stopping threads took: 0.0000163 seconds
[2019-12-09T08:31:43.363+0000][1][safepoint    ] Application time: 1.0000773 seconds
[2019-12-09T08:31:43.363+0000][1][safepoint    ] Entering safepoint region: Cleanup
[2019-12-09T08:31:43.364+0000][1][safepoint    ] Leaving safepoint region
[2019-12-09T08:31:43.364+0000][1][safepoint    ] Total time for which application threads were stopped: 0.0000644 seconds, Stopping threads took: 0.0000162 seconds
[2019-12-09T08:31:44.364+0000][1][safepoint    ] Application time: 1.0000751 seconds
[2019-12-09T08:31:44.364+0000][1][safepoint    ] Entering safepoint region: Cleanup
[2019-12-09T08:31:44.364+0000][1][safepoint    ] Leaving safepoint region
[2019-12-09T08:31:44.364+0000][1][safepoint    ] Total time for which application threads were stopped: 0.0000844 seconds, Stopping threads took: 0.0000341 seconds
[2019-12-09T08:31:45.364+0000][1][safepoint    ] Application time: 1.0000759 seconds
[2019-12-09T08:31:45.364+0000][1][safepoint    ] Entering safepoint region: Cleanup
[2019-12-09T08:31:45.364+0000][1][safepoint    ] Leaving safepoint region
[2019-12-09T08:31:45.364+0000][1][safepoint    ] Total time for which application threads were stopped: 0.0000667 seconds, Stopping threads took: 0.0000165 seconds
[2019-12-09T08:31:46.364+0000][1][safepoint    ] Application time: 1.0000759 seconds
[2019-12-09T08:31:46.364+0000][1][safepoint    ] Entering safepoint region: Cleanup
[2019-12-09T08:31:46.364+0000][1][safepoint    ] Leaving safepoint region
[2019-12-09T08:31:46.364+0000][1][safepoint    ] Total time for which application threads were stopped: 0.0000663 seconds, Stopping threads took: 0.0000161 seconds
[2019-12-09T08:31:47.364+0000][1][safepoint    ] Application time: 1.0000776 seconds
[2019-12-09T08:31:47.364+0000][1][safepoint    ] Entering safepoint region: Cleanup
[2019-12-09T08:31:47.364+0000][1][safepoint    ] Leaving safepoint region
[2019-12-09T08:31:47.364+0000][1][safepoint    ] Total time for which application threads were stopped: 0.0000680 seconds, Stopping threads took: 0.0000179 seconds
[2019-12-09T08:31:48.364+0000][1][safepoint    ] Application time: 1.0000748 seconds
[2019-12-09T08:31:48.364+0000][1][safepoint    ] Entering safepoint region: Cleanup
[2019-12-09T08:31:48.364+0000][1][safepoint    ] Leaving safepoint region
[2019-12-09T08:31:48.364+0000][1][safepoint    ] Total time for which application threads were stopped: 0.0000653 seconds, Stopping threads took: 0.0000161 seconds
[2019-12-09T08:31:49.365+0000][1][safepoint    ] Application time: 1.0000755 seconds
[2019-12-09T08:31:49.365+0000][1][safepoint    ] Entering safepoint region: Cleanup
[2019-12-09T08:31:49.365+0000][1][safepoint    ] Leaving safepoint region
[2019-12-09T08:31:49.365+0000][1][safepoint    ] Total time for which application threads were stopped: 0.0000625 seconds, Stopping threads took: 0.0000148 seconds
[2019-12-09T08:31:50.365+0000][1][safepoint    ] Application time: 1.0001143 seconds
[2019-12-09T08:31:50.365+0000][1][safepoint    ] Entering safepoint region: Cleanup
[2019-12-09T08:31:50.365+0000][1][safepoint    ] Leaving safepoint region
[2019-12-09T08:31:50.365+0000][1][safepoint    ] Total time for which application threads were stopped: 0.0000656 seconds, Stopping threads took: 0.0000168 seconds
[2019-12-09T08:31:51.365+0000][1][safepoint    ] Application time: 1.0000732 seconds
[2019-12-09T08:31:51.365+0000][1][safepoint    ] Entering safepoint region: Cleanup
[2019-12-09T08:31:51.365+0000][1][safepoint    ] Leaving safepoint region
[2019-12-09T08:31:51.365+0000][1][safepoint    ] Total time for which application threads were stopped: 0.0000671 seconds, Stopping threads took: 0.0000156 seconds
[2019-12-09T08:31:52.365+0000][1][safepoint    ] Application time: 1.0000786 seconds
[2019-12-09T08:31:52.365+0000][1][safepoint    ] Entering safepoint region: Cleanup
[2019-12-09T08:31:52.365+0000][1][safepoint    ] Leaving safepoint region
[2019-12-09T08:31:52.365+0000][1][safepoint    ] Total time for which application threads were stopped: 0.0000678 seconds, Stopping threads took: 0.0000171 seconds
[2019-12-09T08:31:53.365+0000][1][safepoint    ] Application time: 1.0000762 seconds
[2019-12-09T08:31:53.365+0000][1][safepoint    ] Entering safepoint region: Cleanup
[2019-12-09T08:31:53.365+0000][1][safepoint    ] Leaving safepoint region
[2019-12-09T08:31:53.365+0000][1][safepoint    ] Total time for which application threads were stopped: 0.0000764 seconds, Stopping threads took: 0.0000213 seconds
[2019-12-09T08:31:54.366+0000][1][safepoint    ] Application time: 1.0000779 seconds
[2019-12-09T08:31:54.366+0000][1][safepoint    ] Entering safepoint region: Cleanup
[2019-12-09T08:31:54.366+0000][1][safepoint    ] Leaving safepoint region
[2019-12-09T08:31:54.366+0000][1][safepoint    ] Total time for which application threads were stopped: 0.0000741 seconds, Stopping threads took: 0.0000248 seconds
[2019-12-09T08:31:55.366+0000][1][safepoint    ] Application time: 1.0000758 seconds
[2019-12-09T08:31:55.366+0000][1][safepoint    ] Entering safepoint region: Cleanup
[2019-12-09T08:31:55.366+0000][1][safepoint    ] Leaving safepoint region
[2019-12-09T08:31:55.366+0000][1][safepoint    ] Total time for which application threads were stopped: 0.0000637 seconds, Stopping threads took: 0.0000161 seconds
[2019-12-09T08:31:56.366+0000][1][safepoint    ] Application time: 1.0000794 seconds
[2019-12-09T08:31:56.366+0000][1][safepoint    ] Entering safepoint region: Cleanup
[2019-12-09T08:31:56.366+0000][1][safepoint    ] Leaving safepoint region
[2019-12-09T08:31:56.366+0000][1][safepoint    ] Total time for which application threads were stopped: 0.0000665 seconds, Stopping threads took: 0.0000167 seconds
[2019-12-09T08:31:57.366+0000][1][safepoint    ] Application time: 1.0000849 seconds
[2019-12-09T08:31:57.366+0000][1][safepoint    ] Entering safepoint region: Cleanup
[2019-12-09T08:31:57.366+0000][1][safepoint    ] Leaving safepoint region
[2019-12-09T08:31:57.366+0000][1][safepoint    ] Total time for which application threads were stopped: 0.0000897 seconds, Stopping threads took: 0.0000223 seconds
[2019-12-09T08:31:58.366+0000][1][safepoint    ] Application time: 1.0000777 seconds
[2019-12-09T08:31:58.366+0000][1][safepoint    ] Entering safepoint region: Cleanup
[2019-12-09T08:31:58.366+0000][1][safepoint    ] Leaving safepoint region
[2019-12-09T08:31:58.366+0000][1][safepoint    ] Total time for which application threads were stopped: 0.0000644 seconds, Stopping threads took: 0.0000157 seconds
[2019-12-09T08:31:59.367+0000][1][safepoint    ] Application time: 1.0000769 seconds
[2019-12-09T08:31:59.367+0000][1][safepoint    ] Entering safepoint region: Cleanup
[2019-12-09T08:31:59.367+0000][1][safepoint    ] Leaving safepoint region
[2019-12-09T08:31:59.367+0000][1][safepoint    ] Total time for which application threads were stopped: 0.0000675 seconds, Stopping threads took: 0.0000178 seconds
[2019-12-09T08:32:00.367+0000][1][safepoint    ] Application time: 1.0000766 seconds
[2019-12-09T08:32:00.367+0000][1][safepoint    ] Entering safepoint region: Cleanup
[2019-12-09T08:32:00.367+0000][1][safepoint    ] Leaving safepoint region
[2019-12-09T08:32:00.367+0000][1][safepoint    ] Total time for which application threads were stopped: 0.0000651 seconds, Stopping threads took: 0.0000165 seconds
[2019-12-09T08:32:01.367+0000][1][safepoint    ] Application time: 1.0000802 seconds
[2019-12-09T08:32:01.367+0000][1][safepoint    ] Entering safepoint region: Cleanup
[2019-12-09T08:32:01.367+0000][1][safepoint    ] Leaving safepoint region
[2019-12-09T08:32:01.367+0000][1][safepoint    ] Total time for which application threads were stopped: 0.0000680 seconds, Stopping threads took: 0.0000186 seconds
[2019-12-09T08:32:02.367+0000][1][safepoint    ] Application time: 1.0000874 seconds
[2019-12-09T08:32:02.367+0000][1][safepoint    ] Entering safepoint region: Cleanup
[2019-12-09T08:32:02.367+0000][1][safepoint    ] Leaving safepoint region
[2019-12-09T08:32:02.367+0000][1][safepoint    ] Total time for which application threads were stopped: 0.0000947 seconds, Stopping threads took: 0.0000238 seconds
[2019-12-09T08:32:03.367+0000][1][safepoint    ] Application time: 1.0000783 seconds
[2019-12-09T08:32:03.367+0000][1][safepoint    ] Entering safepoint region: Cleanup
[2019-12-09T08:32:03.367+0000][1][safepoint    ] Leaving safepoint region
[2019-12-09T08:32:03.367+0000][1][safepoint    ] Total time for which application threads were stopped: 0.0000739 seconds, Stopping threads took: 0.0000252 seconds
[2019-12-09T08:32:04.368+0000][1][safepoint    ] Application time: 1.0000770 seconds
[2019-12-09T08:32:04.368+0000][1][safepoint    ] Entering safepoint region: Cleanup
[2019-12-09T08:32:04.368+0000][1][safepoint    ] Leaving safepoint region
[2019-12-09T08:32:04.368+0000][1][safepoint    ] Total time for which application threads were stopped: 0.0000771 seconds, Stopping threads took: 0.0000252 seconds
[2019-12-09T08:32:05.368+0000][1][safepoint    ] Application time: 1.0000863 seconds
[2019-12-09T08:32:05.368+0000][1][safepoint    ] Entering safepoint region: Cleanup
[2019-12-09T08:32:05.368+0000][1][safepoint    ] Leaving safepoint region
[2019-12-09T08:32:05.368+0000][1][safepoint    ] Total time for which application threads were stopped: 0.0000665 seconds, Stopping threads took: 0.0000160 seconds
[2019-12-09T08:32:05.689+0000][1][safepoint    ] Application time: 0.3214377 seconds
[2019-12-09T08:32:05.689+0000][1][safepoint    ] Entering safepoint region: GenCollectForAllocation
[2019-12-09T08:32:05.689+0000][1][gc,start     ] GC(68) Pause Young (Allocation Failure)
[2019-12-09T08:32:05.689+0000][1][gc,task      ] GC(68) Using 2 workers of 2 for evacuation
[2019-12-09T08:32:05.691+0000][1][gc,age       ] GC(68) Desired survivor size 4456448 bytes, new threshold 6 (max threshold 6)
[2019-12-09T08:32:05.691+0000][1][gc,age       ] GC(68) Age table with threshold 6 (max threshold 6)
[2019-12-09T08:32:05.691+0000][1][gc,age       ] GC(68) - age   1:      10248 bytes,      10248 total
[2019-12-09T08:32:05.691+0000][1][gc,heap      ] GC(68) ParNew: 69956K->12K(78656K)
[2019-12-09T08:32:05.691+0000][1][gc,heap      ] GC(68) CMS: 69458K->69458K(174784K)
[2019-12-09T08:32:05.691+0000][1][gc,metaspace ] GC(68) Metaspace: 68474K->68474K(1112064K)
[2019-12-09T08:32:05.691+0000][1][gc           ] GC(68) Pause Young (Allocation Failure) 136M->67M(247M) 1.362ms
[2019-12-09T08:32:05.691+0000][1][gc,cpu       ] GC(68) User=0.00s Sys=0.00s Real=0.00s
[2019-12-09T08:32:05.691+0000][1][safepoint    ] Leaving safepoint region
[2019-12-09T08:32:05.691+0000][1][safepoint    ] Total time for which application threads were stopped: 0.0014983 seconds, Stopping threads took: 0.0000156 seconds
[2019-12-09T08:32:06.691+0000][1][safepoint    ] Application time: 1.0000881 seconds
[2019-12-09T08:32:06.691+0000][1][safepoint    ] Entering safepoint region: Cleanup
[2019-12-09T08:32:06.691+0000][1][safepoint    ] Leaving safepoint region
[2019-12-09T08:32:06.691+0000][1][safepoint    ] Total time for which application threads were stopped: 0.0000664 seconds, Stopping threads took: 0.0000176 seconds
[2019-12-09T08:32:07.691+0000][1][safepoint    ] Application time: 1.0000761 seconds
[2019-12-09T08:32:07.691+0000][1][safepoint    ] Entering safepoint region: Cleanup
[2019-12-09T08:32:07.691+0000][1][safepoint    ] Leaving safepoint region
[2019-12-09T08:32:07.691+0000][1][safepoint    ] Total time for which application threads were stopped: 0.0000668 seconds, Stopping threads took: 0.0000167 seconds
[2019-12-09T08:32:08.691+0000][1][safepoint    ] Application time: 1.0000722 seconds
[2019-12-09T08:32:08.691+0000][1][safepoint    ] Entering safepoint region: Cleanup
[2019-12-09T08:32:08.691+0000][1][safepoint    ] Leaving safepoint region
[2019-12-09T08:32:08.691+0000][1][safepoint    ] Total time for which application threads were stopped: 0.0000633 seconds, Stopping threads took: 0.0000162 seconds
[2019-12-09T08:32:09.691+0000][1][safepoint    ] Application time: 1.0000733 seconds
[2019-12-09T08:32:09.692+0000][1][safepoint    ] Entering safepoint region: Cleanup
[2019-12-09T08:32:09.692+0000][1][safepoint    ] Leaving safepoint region
[2019-12-09T08:32:09.692+0000][1][safepoint    ] Total time for which application threads were stopped: 0.0000678 seconds, Stopping threads took: 0.0000169 seconds
[2019-12-09T08:32:10.692+0000][1][safepoint    ] Application time: 1.0000764 seconds
[2019-12-09T08:32:10.692+0000][1][safepoint    ] Entering safepoint region: Cleanup
[2019-12-09T08:32:10.692+0000][1][safepoint    ] Leaving safepoint region
[2019-12-09T08:32:10.692+0000][1][safepoint    ] Total time for which application threads were stopped: 0.0000674 seconds, Stopping threads took: 0.0000171 seconds
[2019-12-09T08:32:11.692+0000][1][safepoint    ] Application time: 1.0000754 seconds
[2019-12-09T08:32:11.692+0000][1][safepoint    ] Entering safepoint region: Cleanup
[2019-12-09T08:32:11.692+0000][1][safepoint    ] Leaving safepoint region
[2019-12-09T08:32:11.692+0000][1][safepoint    ] Total time for which application threads were stopped: 0.0000743 seconds, Stopping threads took: 0.0000221 seconds
[2019-12-09T08:32:12.692+0000][1][safepoint    ] Application time: 1.0000768 seconds
[2019-12-09T08:32:12.692+0000][1][safepoint    ] Entering safepoint region: Cleanup
[2019-12-09T08:32:12.692+0000][1][safepoint    ] Leaving safepoint region
[2019-12-09T08:32:12.692+0000][1][safepoint    ] Total time for which application threads were stopped: 0.0000684 seconds, Stopping threads took: 0.0000168 seconds
[2019-12-09T08:32:13.692+0000][1][safepoint    ] Application time: 1.0000754 seconds
[2019-12-09T08:32:13.692+0000][1][safepoint    ] Entering safepoint region: Cleanup
[2019-12-09T08:32:13.692+0000][1][safepoint    ] Leaving safepoint region
[2019-12-09T08:32:13.692+0000][1][safepoint    ] Total time for which application threads were stopped: 0.0000657 seconds, Stopping threads took: 0.0000164 seconds
[2019-12-09T08:32:14.692+0000][1][safepoint    ] Application time: 1.0000765 seconds
[2019-12-09T08:32:14.692+0000][1][safepoint    ] Entering safepoint region: Cleanup
[2019-12-09T08:32:14.693+0000][1][safepoint    ] Leaving safepoint region
[2019-12-09T08:32:14.693+0000][1][safepoint    ] Total time for which application threads were stopped: 0.0000695 seconds, Stopping threads took: 0.0000182 seconds
[2019-12-09T08:32:15.693+0000][1][safepoint    ] Application time: 1.0000769 seconds
[2019-12-09T08:32:15.693+0000][1][safepoint    ] Entering safepoint region: Cleanup
[2019-12-09T08:32:15.693+0000][1][safepoint    ] Leaving safepoint region
[2019-12-09T08:32:15.693+0000][1][safepoint    ] Total time for which application threads were stopped: 0.0000755 seconds, Stopping threads took: 0.0000258 seconds
[2019-12-09T08:32:16.693+0000][1][safepoint    ] Application time: 1.0000779 seconds
[2019-12-09T08:32:16.693+0000][1][safepoint    ] Entering safepoint region: Cleanup
[2019-12-09T08:32:16.693+0000][1][safepoint    ] Leaving safepoint region
[2019-12-09T08:32:16.693+0000][1][safepoint    ] Total time for which application threads were stopped: 0.0000688 seconds, Stopping threads took: 0.0000166 seconds
[2019-12-09T08:32:17.693+0000][1][safepoint    ] Application time: 1.0000769 seconds
[2019-12-09T08:32:17.693+0000][1][safepoint    ] Entering safepoint region: Cleanup
[2019-12-09T08:32:17.693+0000][1][safepoint    ] Leaving safepoint region
[2019-12-09T08:32:17.693+0000][1][safepoint    ] Total time for which application threads were stopped: 0.0000692 seconds, Stopping threads took: 0.0000171 seconds
[2019-12-09T08:32:18.693+0000][1][safepoint    ] Application time: 1.0000748 seconds
[2019-12-09T08:32:18.693+0000][1][safepoint    ] Entering safepoint region: Cleanup
[2019-12-09T08:32:18.693+0000][1][safepoint    ] Leaving safepoint region
[2019-12-09T08:32:18.693+0000][1][safepoint    ] Total time for which application threads were stopped: 0.0000647 seconds, Stopping threads took: 0.0000159 seconds
[2019-12-09T08:32:19.693+0000][1][safepoint    ] Application time: 1.0000755 seconds
[2019-12-09T08:32:19.693+0000][1][safepoint    ] Entering safepoint region: Cleanup
[2019-12-09T08:32:19.693+0000][1][safepoint    ] Leaving safepoint region
[2019-12-09T08:32:19.693+0000][1][safepoint    ] Total time for which application threads were stopped: 0.0000675 seconds, Stopping threads took: 0.0000171 seconds
[2019-12-09T08:32:20.694+0000][1][safepoint    ] Application time: 1.0000765 seconds
[2019-12-09T08:32:20.694+0000][1][safepoint    ] Entering safepoint region: Cleanup
[2019-12-09T08:32:20.694+0000][1][safepoint    ] Leaving safepoint region
[2019-12-09T08:32:20.694+0000][1][safepoint    ] Total time for which application threads were stopped: 0.0001041 seconds, Stopping threads took: 0.0000255 seconds
[2019-12-09T08:32:21.694+0000][1][safepoint    ] Application time: 1.0000740 seconds
[2019-12-09T08:32:21.694+0000][1][safepoint    ] Entering safepoint region: Cleanup
[2019-12-09T08:32:21.694+0000][1][safepoint    ] Leaving safepoint region
[2019-12-09T08:32:21.694+0000][1][safepoint    ] Total time for which application threads were stopped: 0.0000650 seconds, Stopping threads took: 0.0000170 seconds
[2019-12-09T08:32:22.694+0000][1][safepoint    ] Application time: 1.0000765 seconds
[2019-12-09T08:32:22.694+0000][1][safepoint    ] Entering safepoint region: Cleanup
[2019-12-09T08:32:22.694+0000][1][safepoint    ] Leaving safepoint region
[2019-12-09T08:32:22.694+0000][1][safepoint    ] Total time for which application threads were stopped: 0.0000677 seconds, Stopping threads took: 0.0000176 seconds
[2019-12-09T08:32:23.694+0000][1][safepoint    ] Application time: 1.0000777 seconds
[2019-12-09T08:32:23.694+0000][1][safepoint    ] Entering safepoint region: Cleanup
[2019-12-09T08:32:23.694+0000][1][safepoint    ] Leaving safepoint region
[2019-12-09T08:32:23.694+0000][1][safepoint    ] Total time for which application threads were stopped: 0.0000667 seconds, Stopping threads took: 0.0000170 seconds
[2019-12-09T08:32:24.694+0000][1][safepoint    ] Application time: 1.0000763 seconds
[2019-12-09T08:32:24.694+0000][1][safepoint    ] Entering safepoint region: Cleanup
[2019-12-09T08:32:24.694+0000][1][safepoint    ] Leaving safepoint region
[2019-12-09T08:32:24.694+0000][1][safepoint    ] Total time for which application threads were stopped: 0.0000664 seconds, Stopping threads took: 0.0000156 seconds
[2019-12-09T08:32:25.695+0000][1][safepoint    ] Application time: 1.0000797 seconds
[2019-12-09T08:32:25.695+0000][1][safepoint    ] Entering safepoint region: Cleanup
[2019-12-09T08:32:25.695+0000][1][safepoint    ] Leaving safepoint region
[2019-12-09T08:32:25.695+0000][1][safepoint    ] Total time for which application threads were stopped: 0.0000708 seconds, Stopping threads took: 0.0000202 seconds
[2019-12-09T08:32:26.695+0000][1][safepoint    ] Application time: 1.0000778 seconds
[2019-12-09T08:32:26.695+0000][1][safepoint    ] Entering safepoint region: Cleanup
[2019-12-09T08:32:26.695+0000][1][safepoint    ] Leaving safepoint region
[2019-12-09T08:32:26.695+0000][1][safepoint    ] Total time for which application threads were stopped: 0.0000673 seconds, Stopping threads took: 0.0000175 seconds
[2019-12-09T08:32:27.695+0000][1][safepoint    ] Application time: 1.0000762 seconds
[2019-12-09T08:32:27.695+0000][1][safepoint    ] Entering safepoint region: Cleanup
[2019-12-09T08:32:27.695+0000][1][safepoint    ] Leaving safepoint region
[2019-12-09T08:32:27.695+0000][1][safepoint    ] Total time for which application threads were stopped: 0.0000665 seconds, Stopping threads took: 0.0000169 seconds
[2019-12-09T08:32:28.695+0000][1][safepoint    ] Application time: 1.0000749 seconds
[2019-12-09T08:32:28.695+0000][1][safepoint    ] Entering safepoint region: Cleanup
[2019-12-09T08:32:28.695+0000][1][safepoint    ] Leaving safepoint region
[2019-12-09T08:32:28.695+0000][1][safepoint    ] Total time for which application threads were stopped: 0.0000620 seconds, Stopping threads took: 0.0000142 seconds
[2019-12-09T08:32:29.695+0000][1][safepoint    ] Application time: 1.0000752 seconds
[2019-12-09T08:32:29.695+0000][1][safepoint    ] Entering safepoint region: Cleanup
[2019-12-09T08:32:29.695+0000][1][safepoint    ] Leaving safepoint region
[2019-12-09T08:32:29.695+0000][1][safepoint    ] Total time for which application threads were stopped: 0.0000676 seconds, Stopping threads took: 0.0000174 seconds
[2019-12-09T08:32:30.695+0000][1][safepoint    ] Application time: 1.0000773 seconds
[2019-12-09T08:32:30.696+0000][1][safepoint    ] Entering safepoint region: Cleanup
[2019-12-09T08:32:30.696+0000][1][safepoint    ] Leaving safepoint region
[2019-12-09T08:32:30.696+0000][1][safepoint    ] Total time for which application threads were stopped: 0.0000644 seconds, Stopping threads took: 0.0000159 seconds
[2019-12-09T08:32:31.696+0000][1][safepoint    ] Application time: 1.0000768 seconds
[2019-12-09T08:32:31.696+0000][1][safepoint    ] Entering safepoint region: Cleanup
[2019-12-09T08:32:31.696+0000][1][safepoint    ] Leaving safepoint region
[2019-12-09T08:32:31.696+0000][1][safepoint    ] Total time for which application threads were stopped: 0.0000669 seconds, Stopping threads took: 0.0000173 seconds
[2019-12-09T08:32:32.696+0000][1][safepoint    ] Application time: 1.0000760 seconds
[2019-12-09T08:32:32.696+0000][1][safepoint    ] Entering safepoint region: Cleanup
[2019-12-09T08:32:32.696+0000][1][safepoint    ] Leaving safepoint region
[2019-12-09T08:32:32.696+0000][1][safepoint    ] Total time for which application threads were stopped: 0.0000644 seconds, Stopping threads took: 0.0000156 seconds
[2019-12-09T08:32:33.696+0000][1][safepoint    ] Application time: 1.0000748 seconds
[2019-12-09T08:32:33.696+0000][1][safepoint    ] Entering safepoint region: Cleanup
[2019-12-09T08:32:33.696+0000][1][safepoint    ] Leaving safepoint region
[2019-12-09T08:32:33.696+0000][1][safepoint    ] Total time for which application threads were stopped: 0.0000719 seconds, Stopping threads took: 0.0000225 seconds
[2019-12-09T08:32:34.696+0000][1][safepoint    ] Application time: 1.0000762 seconds
[2019-12-09T08:32:34.696+0000][1][safepoint    ] Entering safepoint region: Cleanup
[2019-12-09T08:32:34.696+0000][1][safepoint    ] Leaving safepoint region
[2019-12-09T08:32:34.696+0000][1][safepoint    ] Total time for which application threads were stopped: 0.0000650 seconds, Stopping threads took: 0.0000165 seconds
[2019-12-09T08:32:35.696+0000][1][safepoint    ] Application time: 1.0000750 seconds
[2019-12-09T08:32:35.696+0000][1][safepoint    ] Entering safepoint region: Cleanup
[2019-12-09T08:32:35.697+0000][1][safepoint    ] Leaving safepoint region
[2019-12-09T08:32:35.697+0000][1][safepoint    ] Total time for which application threads were stopped: 0.0000675 seconds, Stopping threads took: 0.0000169 seconds
[2019-12-09T08:32:36.697+0000][1][safepoint    ] Application time: 1.0000768 seconds
[2019-12-09T08:32:36.697+0000][1][safepoint    ] Entering safepoint region: Cleanup
[2019-12-09T08:32:36.697+0000][1][safepoint    ] Leaving safepoint region
[2019-12-09T08:32:36.697+0000][1][safepoint    ] Total time for which application threads were stopped: 0.0000809 seconds, Stopping threads took: 0.0000150 seconds
[2019-12-09T08:32:37.697+0000][1][safepoint    ] Application time: 1.0000763 seconds
[2019-12-09T08:32:37.697+0000][1][safepoint    ] Entering safepoint region: Cleanup
[2019-12-09T08:32:37.697+0000][1][safepoint    ] Leaving safepoint region
[2019-12-09T08:32:37.697+0000][1][safepoint    ] Total time for which application threads were stopped: 0.0000631 seconds, Stopping threads took: 0.0000156 seconds
[2019-12-09T08:32:38.697+0000][1][safepoint    ] Application time: 1.0000752 seconds
[2019-12-09T08:32:38.697+0000][1][safepoint    ] Entering safepoint region: Cleanup
[2019-12-09T08:32:38.697+0000][1][safepoint    ] Leaving safepoint region
[2019-12-09T08:32:38.697+0000][1][safepoint    ] Total time for which application threads were stopped: 0.0000634 seconds, Stopping threads took: 0.0000157 seconds
[2019-12-09T08:32:39.697+0000][1][safepoint    ] Application time: 1.0000756 seconds
[2019-12-09T08:32:39.697+0000][1][safepoint    ] Entering safepoint region: Cleanup
[2019-12-09T08:32:39.697+0000][1][safepoint    ] Leaving safepoint region
[2019-12-09T08:32:39.697+0000][1][safepoint    ] Total time for which application threads were stopped: 0.0000671 seconds, Stopping threads took: 0.0000163 seconds
[2019-12-09T08:32:40.697+0000][1][safepoint    ] Application time: 1.0000739 seconds
[2019-12-09T08:32:40.697+0000][1][safepoint    ] Entering safepoint region: Cleanup
[2019-12-09T08:32:40.697+0000][1][safepoint    ] Leaving safepoint region
[2019-12-09T08:32:40.697+0000][1][safepoint    ] Total time for which application threads were stopped: 0.0000665 seconds, Stopping threads took: 0.0000171 seconds
[2019-12-09T08:32:41.698+0000][1][safepoint    ] Application time: 1.0000754 seconds
[2019-12-09T08:32:41.698+0000][1][safepoint    ] Entering safepoint region: Cleanup
[2019-12-09T08:32:41.698+0000][1][safepoint    ] Leaving safepoint region
[2019-12-09T08:32:41.698+0000][1][safepoint    ] Total time for which application threads were stopped: 0.0000774 seconds, Stopping threads took: 0.0000271 seconds
[2019-12-09T08:32:42.698+0000][1][safepoint    ] Application time: 1.0000759 seconds
[2019-12-09T08:32:42.698+0000][1][safepoint    ] Entering safepoint region: Cleanup
[2019-12-09T08:32:42.698+0000][1][safepoint    ] Leaving safepoint region
[2019-12-09T08:32:42.698+0000][1][safepoint    ] Total time for which application threads were stopped: 0.0000663 seconds, Stopping threads took: 0.0000163 seconds
[2019-12-09T08:32:43.698+0000][1][safepoint    ] Application time: 1.0000714 seconds
[2019-12-09T08:32:43.698+0000][1][safepoint    ] Entering safepoint region: Cleanup
[2019-12-09T08:32:43.698+0000][1][safepoint    ] Leaving safepoint region
[2019-12-09T08:32:43.698+0000][1][safepoint    ] Total time for which application threads were stopped: 0.0000662 seconds, Stopping threads took: 0.0000159 seconds
[2019-12-09T08:32:44.698+0000][1][safepoint    ] Application time: 1.0000819 seconds
[2019-12-09T08:32:44.698+0000][1][safepoint    ] Entering safepoint region: Cleanup
[2019-12-09T08:32:44.698+0000][1][safepoint    ] Leaving safepoint region
[2019-12-09T08:32:44.698+0000][1][safepoint    ] Total time for which application threads were stopped: 0.0000669 seconds, Stopping threads took: 0.0000172 seconds
[2019-12-09T08:32:45.698+0000][1][safepoint    ] Application time: 1.0000761 seconds
[2019-12-09T08:32:45.698+0000][1][safepoint    ] Entering safepoint region: Cleanup
[2019-12-09T08:32:45.698+0000][1][safepoint    ] Leaving safepoint region
[2019-12-09T08:32:45.698+0000][1][safepoint    ] Total time for which application threads were stopped: 0.0000619 seconds, Stopping threads took: 0.0000157 seconds
[2019-12-09T08:32:46.698+0000][1][safepoint    ] Application time: 1.0000791 seconds
[2019-12-09T08:32:46.698+0000][1][safepoint    ] Entering safepoint region: Cleanup
[2019-12-09T08:32:46.699+0000][1][safepoint    ] Leaving safepoint region
[2019-12-09T08:32:46.699+0000][1][safepoint    ] Total time for which application threads were stopped: 0.0000650 seconds, Stopping threads took: 0.0000167 seconds
[2019-12-09T08:32:47.699+0000][1][safepoint    ] Application time: 1.0000751 seconds
[2019-12-09T08:32:47.699+0000][1][safepoint    ] Entering safepoint region: Cleanup
[2019-12-09T08:32:47.699+0000][1][safepoint    ] Leaving safepoint region
[2019-12-09T08:32:47.699+0000][1][safepoint    ] Total time for which application threads were stopped: 0.0000787 seconds, Stopping threads took: 0.0000166 seconds
[2019-12-09T08:32:48.699+0000][1][safepoint    ] Application time: 1.0000754 seconds
[2019-12-09T08:32:48.699+0000][1][safepoint    ] Entering safepoint region: Cleanup
[2019-12-09T08:32:48.699+0000][1][safepoint    ] Leaving safepoint region
[2019-12-09T08:32:48.699+0000][1][safepoint    ] Total time for which application threads were stopped: 0.0000644 seconds, Stopping threads took: 0.0000157 seconds
[2019-12-09T08:32:49.699+0000][1][safepoint    ] Application time: 1.0000739 seconds
[2019-12-09T08:32:49.699+0000][1][safepoint    ] Entering safepoint region: Cleanup
[2019-12-09T08:32:49.699+0000][1][safepoint    ] Leaving safepoint region
[2019-12-09T08:32:49.699+0000][1][safepoint    ] Total time for which application threads were stopped: 0.0000670 seconds, Stopping threads took: 0.0000167 seconds
[2019-12-09T08:32:50.699+0000][1][safepoint    ] Application time: 1.0000775 seconds
[2019-12-09T08:32:50.699+0000][1][safepoint    ] Entering safepoint region: Cleanup
[2019-12-09T08:32:50.699+0000][1][safepoint    ] Leaving safepoint region
[2019-12-09T08:32:50.699+0000][1][safepoint    ] Total time for which application threads were stopped: 0.0000660 seconds, Stopping threads took: 0.0000161 seconds
[2019-12-09T08:32:51.699+0000][1][safepoint    ] Application time: 1.0000778 seconds
[2019-12-09T08:32:51.699+0000][1][safepoint    ] Entering safepoint region: Cleanup
[2019-12-09T08:32:51.699+0000][1][safepoint    ] Leaving safepoint region
[2019-12-09T08:32:51.699+0000][1][safepoint    ] Total time for which application threads were stopped: 0.0000744 seconds, Stopping threads took: 0.0000235 seconds
[2019-12-09T08:32:52.700+0000][1][safepoint    ] Application time: 1.0000752 seconds
[2019-12-09T08:32:52.700+0000][1][safepoint    ] Entering safepoint region: Cleanup
[2019-12-09T08:32:52.700+0000][1][safepoint    ] Leaving safepoint region
[2019-12-09T08:32:52.700+0000][1][safepoint    ] Total time for which application threads were stopped: 0.0000664 seconds, Stopping threads took: 0.0000164 seconds
[2019-12-09T08:32:53.700+0000][1][safepoint    ] Application time: 1.0000729 seconds
[2019-12-09T08:32:53.700+0000][1][safepoint    ] Entering safepoint region: Cleanup
[2019-12-09T08:32:53.700+0000][1][safepoint    ] Leaving safepoint region
[2019-12-09T08:32:53.700+0000][1][safepoint    ] Total time for which application threads were stopped: 0.0000647 seconds, Stopping threads took: 0.0000154 seconds
[2019-12-09T08:32:54.700+0000][1][safepoint    ] Application time: 1.0000835 seconds
[2019-12-09T08:32:54.700+0000][1][safepoint    ] Entering safepoint region: Cleanup
[2019-12-09T08:32:54.700+0000][1][safepoint    ] Leaving safepoint region
[2019-12-09T08:32:54.700+0000][1][safepoint    ] Total time for which application threads were stopped: 0.0000663 seconds, Stopping threads took: 0.0000167 seconds
[2019-12-09T08:32:55.700+0000][1][safepoint    ] Application time: 1.0000745 seconds
[2019-12-09T08:32:55.700+0000][1][safepoint    ] Entering safepoint region: Cleanup
[2019-12-09T08:32:55.700+0000][1][safepoint    ] Leaving safepoint region
[2019-12-09T08:32:55.700+0000][1][safepoint    ] Total time for which application threads were stopped: 0.0000655 seconds, Stopping threads took: 0.0000165 seconds
[2019-12-09T08:32:56.700+0000][1][safepoint    ] Application time: 1.0000753 seconds
[2019-12-09T08:32:56.700+0000][1][safepoint    ] Entering safepoint region: Cleanup
[2019-12-09T08:32:56.700+0000][1][safepoint    ] Leaving safepoint region
[2019-12-09T08:32:56.700+0000][1][safepoint    ] Total time for which application threads were stopped: 0.0000637 seconds, Stopping threads took: 0.0000169 seconds
[2019-12-09T08:32:57.700+0000][1][safepoint    ] Application time: 1.0000755 seconds
[2019-12-09T08:32:57.700+0000][1][safepoint    ] Entering safepoint region: Cleanup
[2019-12-09T08:32:57.700+0000][1][safepoint    ] Leaving safepoint region
[2019-12-09T08:32:57.701+0000][1][safepoint    ] Total time for which application threads were stopped: 0.0000638 seconds, Stopping threads took: 0.0000155 seconds
[2019-12-09T08:32:58.701+0000][1][safepoint    ] Application time: 1.0000749 seconds
[2019-12-09T08:32:58.701+0000][1][safepoint    ] Entering safepoint region: Cleanup
[2019-12-09T08:32:58.701+0000][1][safepoint    ] Leaving safepoint region
[2019-12-09T08:32:58.701+0000][1][safepoint    ] Total time for which application threads were stopped: 0.0000626 seconds, Stopping threads took: 0.0000148 seconds
[2019-12-09T08:32:59.701+0000][1][safepoint    ] Application time: 1.0000831 seconds
[2019-12-09T08:32:59.701+0000][1][safepoint    ] Entering safepoint region: Cleanup
[2019-12-09T08:32:59.701+0000][1][safepoint    ] Leaving safepoint region
[2019-12-09T08:32:59.701+0000][1][safepoint    ] Total time for which application threads were stopped: 0.0000641 seconds, Stopping threads took: 0.0000160 seconds
[2019-12-09T08:33:00.701+0000][1][safepoint    ] Application time: 1.0000759 seconds
[2019-12-09T08:33:00.701+0000][1][safepoint    ] Entering safepoint region: Cleanup
[2019-12-09T08:33:00.701+0000][1][safepoint    ] Leaving safepoint region
[2019-12-09T08:33:00.701+0000][1][safepoint    ] Total time for which application threads were stopped: 0.0000669 seconds, Stopping threads took: 0.0000171 seconds
[2019-12-09T08:33:01.701+0000][1][safepoint    ] Application time: 1.0000802 seconds
[2019-12-09T08:33:01.701+0000][1][safepoint    ] Entering safepoint region: Cleanup
[2019-12-09T08:33:01.701+0000][1][safepoint    ] Leaving safepoint region
[2019-12-09T08:33:01.701+0000][1][safepoint    ] Total time for which application threads were stopped: 0.0000791 seconds, Stopping threads took: 0.0000262 seconds
[2019-12-09T08:33:02.701+0000][1][safepoint    ] Application time: 1.0000764 seconds
[2019-12-09T08:33:02.701+0000][1][safepoint    ] Entering safepoint region: Cleanup
[2019-12-09T08:33:02.701+0000][1][safepoint    ] Leaving safepoint region
[2019-12-09T08:33:02.701+0000][1][safepoint    ] Total time for which application threads were stopped: 0.0000663 seconds, Stopping threads took: 0.0000173 seconds
[2019-12-09T08:33:03.702+0000][1][safepoint    ] Application time: 1.0000763 seconds
[2019-12-09T08:33:03.702+0000][1][safepoint    ] Entering safepoint region: Cleanup
[2019-12-09T08:33:03.702+0000][1][safepoint    ] Leaving safepoint region
[2019-12-09T08:33:03.702+0000][1][safepoint    ] Total time for which application threads were stopped: 0.0000760 seconds, Stopping threads took: 0.0000252 seconds
[2019-12-09T08:33:04.702+0000][1][safepoint    ] Application time: 1.0000737 seconds
[2019-12-09T08:33:04.702+0000][1][safepoint    ] Entering safepoint region: Cleanup
[2019-12-09T08:33:04.702+0000][1][safepoint    ] Leaving safepoint region
[2019-12-09T08:33:04.702+0000][1][safepoint    ] Total time for which application threads were stopped: 0.0000639 seconds, Stopping threads took: 0.0000157 seconds
[2019-12-09T08:33:05.702+0000][1][safepoint    ] Application time: 1.0000744 seconds
[2019-12-09T08:33:05.702+0000][1][safepoint    ] Entering safepoint region: Cleanup
[2019-12-09T08:33:05.702+0000][1][safepoint    ] Leaving safepoint region
[2019-12-09T08:33:05.702+0000][1][safepoint    ] Total time for which application threads were stopped: 0.0000634 seconds, Stopping threads took: 0.0000160 seconds
[2019-12-09T08:33:06.702+0000][1][safepoint    ] Application time: 1.0000761 seconds
[2019-12-09T08:33:06.702+0000][1][safepoint    ] Entering safepoint region: Cleanup
[2019-12-09T08:33:06.702+0000][1][safepoint    ] Leaving safepoint region
[2019-12-09T08:33:06.702+0000][1][safepoint    ] Total time for which application threads were stopped: 0.0000660 seconds, Stopping threads took: 0.0000169 seconds
[2019-12-09T08:33:07.702+0000][1][safepoint    ] Application time: 1.0000746 seconds
[2019-12-09T08:33:07.702+0000][1][safepoint    ] Entering safepoint region: Cleanup
[2019-12-09T08:33:07.702+0000][1][safepoint    ] Leaving safepoint region
[2019-12-09T08:33:07.702+0000][1][safepoint    ] Total time for which application threads were stopped: 0.0000656 seconds, Stopping threads took: 0.0000170 seconds
[2019-12-09T08:33:08.702+0000][1][safepoint    ] Application time: 1.0000746 seconds
[2019-12-09T08:33:08.702+0000][1][safepoint    ] Entering safepoint region: Cleanup
[2019-12-09T08:33:08.702+0000][1][safepoint    ] Leaving safepoint region
[2019-12-09T08:33:08.702+0000][1][safepoint    ] Total time for which application threads were stopped: 0.0000604 seconds, Stopping threads took: 0.0000155 seconds
[2019-12-09T08:33:09.703+0000][1][safepoint    ] Application time: 1.0000757 seconds
[2019-12-09T08:33:09.703+0000][1][safepoint    ] Entering safepoint region: Cleanup
[2019-12-09T08:33:09.703+0000][1][safepoint    ] Leaving safepoint region
[2019-12-09T08:33:09.703+0000][1][safepoint    ] Total time for which application threads were stopped: 0.0000639 seconds, Stopping threads took: 0.0000152 seconds
[2019-12-09T08:33:10.703+0000][1][safepoint    ] Application time: 1.0000741 seconds
[2019-12-09T08:33:10.703+0000][1][safepoint    ] Entering safepoint region: Cleanup
[2019-12-09T08:33:10.703+0000][1][safepoint    ] Leaving safepoint region
[2019-12-09T08:33:10.703+0000][1][safepoint    ] Total time for which application threads were stopped: 0.0000652 seconds, Stopping threads took: 0.0000165 seconds
[2019-12-09T08:33:11.703+0000][1][safepoint    ] Application time: 1.0000792 seconds
[2019-12-09T08:33:11.703+0000][1][safepoint    ] Entering safepoint region: Cleanup
[2019-12-09T08:33:11.703+0000][1][safepoint    ] Leaving safepoint region
[2019-12-09T08:33:11.703+0000][1][safepoint    ] Total time for which application threads were stopped: 0.0000681 seconds, Stopping threads took: 0.0000214 seconds
[2019-12-09T08:33:12.703+0000][1][safepoint    ] Application time: 1.0000814 seconds
[2019-12-09T08:33:12.703+0000][1][safepoint    ] Entering safepoint region: Cleanup
[2019-12-09T08:33:12.703+0000][1][safepoint    ] Leaving safepoint region
[2019-12-09T08:33:12.703+0000][1][safepoint    ] Total time for which application threads were stopped: 0.0000653 seconds, Stopping threads took: 0.0000174 seconds
[2019-12-09T08:33:13.703+0000][1][safepoint    ] Application time: 1.0000736 seconds
[2019-12-09T08:33:13.703+0000][1][safepoint    ] Entering safepoint region: Cleanup
[2019-12-09T08:33:13.703+0000][1][safepoint    ] Leaving safepoint region
[2019-12-09T08:33:13.703+0000][1][safepoint    ] Total time for which application threads were stopped: 0.0000626 seconds, Stopping threads took: 0.0000146 seconds
[2019-12-09T08:33:14.703+0000][1][safepoint    ] Application time: 1.0000756 seconds
[2019-12-09T08:33:14.703+0000][1][safepoint    ] Entering safepoint region: Cleanup
[2019-12-09T08:33:14.704+0000][1][safepoint    ] Leaving safepoint region
[2019-12-09T08:33:14.704+0000][1][safepoint    ] Total time for which application threads were stopped: 0.0000644 seconds, Stopping threads took: 0.0000165 seconds
[2019-12-09T08:33:15.704+0000][1][safepoint    ] Application time: 1.0000765 seconds
[2019-12-09T08:33:15.704+0000][1][safepoint    ] Entering safepoint region: Cleanup
[2019-12-09T08:33:15.704+0000][1][safepoint    ] Leaving safepoint region
[2019-12-09T08:33:15.704+0000][1][safepoint    ] Total time for which application threads were stopped: 0.0000745 seconds, Stopping threads took: 0.0000159 seconds
[2019-12-09T08:33:16.704+0000][1][safepoint    ] Application time: 1.0000764 seconds
[2019-12-09T08:33:16.704+0000][1][safepoint    ] Entering safepoint region: Cleanup
[2019-12-09T08:33:16.704+0000][1][safepoint    ] Leaving safepoint region
[2019-12-09T08:33:16.704+0000][1][safepoint    ] Total time for which application threads were stopped: 0.0000641 seconds, Stopping threads took: 0.0000159 seconds
[2019-12-09T08:33:17.704+0000][1][safepoint    ] Application time: 1.0000751 seconds
[2019-12-09T08:33:17.704+0000][1][safepoint    ] Entering safepoint region: Cleanup
[2019-12-09T08:33:17.704+0000][1][safepoint    ] Leaving safepoint region
[2019-12-09T08:33:17.704+0000][1][safepoint    ] Total time for which application threads were stopped: 0.0000644 seconds, Stopping threads took: 0.0000162 seconds
[2019-12-09T08:33:18.704+0000][1][safepoint    ] Application time: 1.0000749 seconds
[2019-12-09T08:33:18.704+0000][1][safepoint    ] Entering safepoint region: Cleanup
[2019-12-09T08:33:18.704+0000][1][safepoint    ] Leaving safepoint region
[2019-12-09T08:33:18.704+0000][1][safepoint    ] Total time for which application threads were stopped: 0.0000625 seconds, Stopping threads took: 0.0000158 seconds
[2019-12-09T08:33:19.704+0000][1][safepoint    ] Application time: 1.0000754 seconds
[2019-12-09T08:33:19.704+0000][1][safepoint    ] Entering safepoint region: Cleanup
[2019-12-09T08:33:19.704+0000][1][safepoint    ] Leaving safepoint region
[2019-12-09T08:33:19.704+0000][1][safepoint    ] Total time for which application threads were stopped: 0.0000618 seconds, Stopping threads took: 0.0000163 seconds
[2019-12-09T08:33:20.704+0000][1][safepoint    ] Application time: 1.0000746 seconds
[2019-12-09T08:33:20.704+0000][1][safepoint    ] Entering safepoint region: Cleanup
[2019-12-09T08:33:20.705+0000][1][safepoint    ] Leaving safepoint region
[2019-12-09T08:33:20.705+0000][1][safepoint    ] Total time for which application threads were stopped: 0.0000620 seconds, Stopping threads took: 0.0000158 seconds
[2019-12-09T08:33:21.705+0000][1][safepoint    ] Application time: 1.0000748 seconds
[2019-12-09T08:33:21.705+0000][1][safepoint    ] Entering safepoint region: Cleanup
[2019-12-09T08:33:21.705+0000][1][safepoint    ] Leaving safepoint region
[2019-12-09T08:33:21.705+0000][1][safepoint    ] Total time for which application threads were stopped: 0.0000756 seconds, Stopping threads took: 0.0000156 seconds
[2019-12-09T08:33:22.705+0000][1][safepoint    ] Application time: 1.0000738 seconds
[2019-12-09T08:33:22.705+0000][1][safepoint    ] Entering safepoint region: Cleanup
[2019-12-09T08:33:22.705+0000][1][safepoint    ] Leaving safepoint region
[2019-12-09T08:33:22.705+0000][1][safepoint    ] Total time for which application threads were stopped: 0.0000639 seconds, Stopping threads took: 0.0000158 seconds
[2019-12-09T08:33:23.705+0000][1][safepoint    ] Application time: 1.0000741 seconds
[2019-12-09T08:33:23.705+0000][1][safepoint    ] Entering safepoint region: Cleanup
[2019-12-09T08:33:23.705+0000][1][safepoint    ] Leaving safepoint region
[2019-12-09T08:33:23.705+0000][1][safepoint    ] Total time for which application threads were stopped: 0.0000616 seconds, Stopping threads took: 0.0000156 seconds
[2019-12-09T08:33:24.705+0000][1][safepoint    ] Application time: 1.0000728 seconds
[2019-12-09T08:33:24.705+0000][1][safepoint    ] Entering safepoint region: Cleanup
[2019-12-09T08:33:24.705+0000][1][safepoint    ] Leaving safepoint region
[2019-12-09T08:33:24.705+0000][1][safepoint    ] Total time for which application threads were stopped: 0.0000619 seconds, Stopping threads took: 0.0000157 seconds
[2019-12-09T08:33:25.705+0000][1][safepoint    ] Application time: 1.0000760 seconds
[2019-12-09T08:33:25.705+0000][1][safepoint    ] Entering safepoint region: Cleanup
[2019-12-09T08:33:25.705+0000][1][safepoint    ] Leaving safepoint region
[2019-12-09T08:33:25.705+0000][1][safepoint    ] Total time for which application threads were stopped: 0.0000653 seconds, Stopping threads took: 0.0000174 seconds
[2019-12-09T08:33:26.705+0000][1][safepoint    ] Application time: 1.0000770 seconds
[2019-12-09T08:33:26.705+0000][1][safepoint    ] Entering safepoint region: Cleanup
[2019-12-09T08:33:26.706+0000][1][safepoint    ] Leaving safepoint region
[2019-12-09T08:33:26.706+0000][1][safepoint    ] Total time for which application threads were stopped: 0.0000627 seconds, Stopping threads took: 0.0000165 seconds
[2019-12-09T08:33:27.706+0000][1][safepoint    ] Application time: 1.0000750 seconds
[2019-12-09T08:33:27.706+0000][1][safepoint    ] Entering safepoint region: Cleanup
[2019-12-09T08:33:27.706+0000][1][safepoint    ] Leaving safepoint region
[2019-12-09T08:33:27.706+0000][1][safepoint    ] Total time for which application threads were stopped: 0.0000734 seconds, Stopping threads took: 0.0000159 seconds
[2019-12-09T08:33:28.706+0000][1][safepoint    ] Application time: 1.0000732 seconds
[2019-12-09T08:33:28.706+0000][1][safepoint    ] Entering safepoint region: Cleanup
[2019-12-09T08:33:28.706+0000][1][safepoint    ] Leaving safepoint region
[2019-12-09T08:33:28.706+0000][1][safepoint    ] Total time for which application threads were stopped: 0.0000607 seconds, Stopping threads took: 0.0000152 seconds
[2019-12-09T08:33:29.706+0000][1][safepoint    ] Application time: 1.0000778 seconds
[2019-12-09T08:33:29.706+0000][1][safepoint    ] Entering safepoint region: Cleanup
[2019-12-09T08:33:29.706+0000][1][safepoint    ] Leaving safepoint region
[2019-12-09T08:33:29.706+0000][1][safepoint    ] Total time for which application threads were stopped: 0.0000658 seconds, Stopping threads took: 0.0000165 seconds
[2019-12-09T08:33:30.706+0000][1][safepoint    ] Application time: 1.0000777 seconds
[2019-12-09T08:33:30.706+0000][1][safepoint    ] Entering safepoint region: Cleanup
[2019-12-09T08:33:30.706+0000][1][safepoint    ] Leaving safepoint region
[2019-12-09T08:33:30.706+0000][1][safepoint    ] Total time for which application threads were stopped: 0.0000614 seconds, Stopping threads took: 0.0000149 seconds
[2019-12-09T08:33:31.706+0000][1][safepoint    ] Application time: 1.0000794 seconds
[2019-12-09T08:33:31.706+0000][1][safepoint    ] Entering safepoint region: Cleanup
[2019-12-09T08:33:31.706+0000][1][safepoint    ] Leaving safepoint region
[2019-12-09T08:33:31.706+0000][1][safepoint    ] Total time for which application threads were stopped: 0.0000699 seconds, Stopping threads took: 0.0000156 seconds
[2019-12-09T08:33:32.706+0000][1][safepoint    ] Application time: 1.0000750 seconds
[2019-12-09T08:33:32.707+0000][1][safepoint    ] Entering safepoint region: Cleanup
[2019-12-09T08:33:32.707+0000][1][safepoint    ] Leaving safepoint region
[2019-12-09T08:33:32.707+0000][1][safepoint    ] Total time for which application threads were stopped: 0.0000618 seconds, Stopping threads took: 0.0000165 seconds
[2019-12-09T08:33:33.707+0000][1][safepoint    ] Application time: 1.0000754 seconds
[2019-12-09T08:33:33.707+0000][1][safepoint    ] Entering safepoint region: Cleanup
[2019-12-09T08:33:33.707+0000][1][safepoint    ] Leaving safepoint region
[2019-12-09T08:33:33.707+0000][1][safepoint    ] Total time for which application threads were stopped: 0.0000688 seconds, Stopping threads took: 0.0000221 seconds
[2019-12-09T08:33:34.707+0000][1][safepoint    ] Application time: 1.0000766 seconds
[2019-12-09T08:33:34.707+0000][1][safepoint    ] Entering safepoint region: Cleanup
[2019-12-09T08:33:34.707+0000][1][safepoint    ] Leaving safepoint region
[2019-12-09T08:33:34.707+0000][1][safepoint    ] Total time for which application threads were stopped: 0.0000637 seconds, Stopping threads took: 0.0000159 seconds
[2019-12-09T08:33:35.707+0000][1][safepoint    ] Application time: 1.0000768 seconds
[2019-12-09T08:33:35.707+0000][1][safepoint    ] Entering safepoint region: Cleanup
[2019-12-09T08:33:35.707+0000][1][safepoint    ] Leaving safepoint region
[2019-12-09T08:33:35.707+0000][1][safepoint    ] Total time for which application threads were stopped: 0.0000629 seconds, Stopping threads took: 0.0000166 seconds
[2019-12-09T08:33:36.707+0000][1][safepoint    ] Application time: 1.0000763 seconds
[2019-12-09T08:33:36.707+0000][1][safepoint    ] Entering safepoint region: Cleanup
[2019-12-09T08:33:36.707+0000][1][safepoint    ] Leaving safepoint region
[2019-12-09T08:33:36.707+0000][1][safepoint    ] Total time for which application threads were stopped: 0.0000627 seconds, Stopping threads took: 0.0000154 seconds
[2019-12-09T08:33:37.707+0000][1][safepoint    ] Application time: 1.0000757 seconds
[2019-12-09T08:33:37.707+0000][1][safepoint    ] Entering safepoint region: Cleanup
[2019-12-09T08:33:37.707+0000][1][safepoint    ] Leaving safepoint region
[2019-12-09T08:33:37.707+0000][1][safepoint    ] Total time for which application threads were stopped: 0.0000626 seconds, Stopping threads took: 0.0000144 seconds
[2019-12-09T08:33:38.708+0000][1][safepoint    ] Application time: 1.0000749 seconds
[2019-12-09T08:33:38.708+0000][1][safepoint    ] Entering safepoint region: Cleanup
[2019-12-09T08:33:38.708+0000][1][safepoint    ] Leaving safepoint region
[2019-12-09T08:33:38.708+0000][1][safepoint    ] Total time for which application threads were stopped: 0.0000599 seconds, Stopping threads took: 0.0000148 seconds
[2019-12-09T08:33:39.708+0000][1][safepoint    ] Application time: 1.0000839 seconds
[2019-12-09T08:33:39.708+0000][1][safepoint    ] Entering safepoint region: Cleanup
[2019-12-09T08:33:39.708+0000][1][safepoint    ] Leaving safepoint region
[2019-12-09T08:33:39.708+0000][1][safepoint    ] Total time for which application threads were stopped: 0.0000621 seconds, Stopping threads took: 0.0000167 seconds
[2019-12-09T08:33:40.708+0000][1][safepoint    ] Application time: 1.0000754 seconds
[2019-12-09T08:33:40.708+0000][1][safepoint    ] Entering safepoint region: Cleanup
[2019-12-09T08:33:40.708+0000][1][safepoint    ] Leaving safepoint region
[2019-12-09T08:33:40.708+0000][1][safepoint    ] Total time for which application threads were stopped: 0.0000644 seconds, Stopping threads took: 0.0000164 seconds
[2019-12-09T08:33:41.708+0000][1][safepoint    ] Application time: 1.0000774 seconds
[2019-12-09T08:33:41.708+0000][1][safepoint    ] Entering safepoint region: Cleanup
[2019-12-09T08:33:41.708+0000][1][safepoint    ] Leaving safepoint region
[2019-12-09T08:33:41.708+0000][1][safepoint    ] Total time for which application threads were stopped: 0.0000625 seconds, Stopping threads took: 0.0000152 seconds
[2019-12-09T08:33:43.353+0000][1][safepoint    ] Application time: 1.6447997 seconds
[2019-12-09T08:33:43.353+0000][1][safepoint    ] Entering safepoint region: Cleanup
[2019-12-09T08:33:43.353+0000][1][safepoint    ] Leaving safepoint region
[2019-12-09T08:33:43.353+0000][1][safepoint    ] Total time for which application threads were stopped: 0.0000794 seconds, Stopping threads took: 0.0000163 seconds
[2019-12-09T08:33:44.353+0000][1][safepoint    ] Application time: 1.0000778 seconds
[2019-12-09T08:33:44.353+0000][1][safepoint    ] Entering safepoint region: Cleanup
[2019-12-09T08:33:44.353+0000][1][safepoint    ] Leaving safepoint region
[2019-12-09T08:33:44.353+0000][1][safepoint    ] Total time for which application threads were stopped: 0.0000842 seconds, Stopping threads took: 0.0000229 seconds
[2019-12-09T08:33:45.353+0000][1][safepoint    ] Application time: 1.0000827 seconds
[2019-12-09T08:33:45.353+0000][1][safepoint    ] Entering safepoint region: Cleanup
[2019-12-09T08:33:45.353+0000][1][safepoint    ] Leaving safepoint region
[2019-12-09T08:33:45.353+0000][1][safepoint    ] Total time for which application threads were stopped: 0.0000685 seconds, Stopping threads took: 0.0000186 seconds
[2019-12-09T08:33:46.354+0000][1][safepoint    ] Application time: 1.0001057 seconds
[2019-12-09T08:33:46.354+0000][1][safepoint    ] Entering safepoint region: Cleanup
[2019-12-09T08:33:46.354+0000][1][safepoint    ] Leaving safepoint region
[2019-12-09T08:33:46.354+0000][1][safepoint    ] Total time for which application threads were stopped: 0.0000807 seconds, Stopping threads took: 0.0000156 seconds
[2019-12-09T08:33:47.354+0000][1][safepoint    ] Application time: 1.0000737 seconds
[2019-12-09T08:33:47.354+0000][1][safepoint    ] Entering safepoint region: Cleanup
[2019-12-09T08:33:47.354+0000][1][safepoint    ] Leaving safepoint region
[2019-12-09T08:33:47.354+0000][1][safepoint    ] Total time for which application threads were stopped: 0.0000851 seconds, Stopping threads took: 0.0000190 seconds
[2019-12-09T08:33:48.354+0000][1][safepoint    ] Application time: 1.0000824 seconds
[2019-12-09T08:33:48.354+0000][1][safepoint    ] Entering safepoint region: Cleanup
[2019-12-09T08:33:48.354+0000][1][safepoint    ] Leaving safepoint region
[2019-12-09T08:33:48.354+0000][1][safepoint    ] Total time for which application threads were stopped: 0.0000684 seconds, Stopping threads took: 0.0000196 seconds
[2019-12-09T08:33:49.354+0000][1][safepoint    ] Application time: 1.0000818 seconds
[2019-12-09T08:33:49.354+0000][1][safepoint    ] Entering safepoint region: Cleanup
[2019-12-09T08:33:49.354+0000][1][safepoint    ] Leaving safepoint region
[2019-12-09T08:33:49.354+0000][1][safepoint    ] Total time for which application threads were stopped: 0.0000613 seconds, Stopping threads took: 0.0000149 seconds
[2019-12-09T08:33:50.354+0000][1][safepoint    ] Application time: 1.0000509 seconds
[2019-12-09T08:33:50.354+0000][1][safepoint    ] Entering safepoint region: Cleanup
[2019-12-09T08:33:50.354+0000][1][safepoint    ] Leaving safepoint region
[2019-12-09T08:33:50.354+0000][1][safepoint    ] Total time for which application threads were stopped: 0.0000640 seconds, Stopping threads took: 0.0000164 seconds
[2019-12-09T08:33:51.354+0000][1][safepoint    ] Application time: 1.0000548 seconds
[2019-12-09T08:33:51.354+0000][1][safepoint    ] Entering safepoint region: Cleanup
[2019-12-09T08:33:51.355+0000][1][safepoint    ] Leaving safepoint region
[2019-12-09T08:33:51.355+0000][1][safepoint    ] Total time for which application threads were stopped: 0.0000618 seconds, Stopping threads took: 0.0000153 seconds
[2019-12-09T08:33:52.355+0000][1][safepoint    ] Application time: 1.0000465 seconds
[2019-12-09T08:33:52.355+0000][1][safepoint    ] Entering safepoint region: Cleanup
[2019-12-09T08:33:52.355+0000][1][safepoint    ] Leaving safepoint region
[2019-12-09T08:33:52.355+0000][1][safepoint    ] Total time for which application threads were stopped: 0.0000714 seconds, Stopping threads took: 0.0000160 seconds
[2019-12-09T08:33:53.355+0000][1][safepoint    ] Application time: 1.0000745 seconds
[2019-12-09T08:33:53.355+0000][1][safepoint    ] Entering safepoint region: Cleanup
[2019-12-09T08:33:53.355+0000][1][safepoint    ] Leaving safepoint region
[2019-12-09T08:33:53.355+0000][1][safepoint    ] Total time for which application threads were stopped: 0.0000627 seconds, Stopping threads took: 0.0000146 seconds
[2019-12-09T08:33:54.355+0000][1][safepoint    ] Application time: 1.0000730 seconds
[2019-12-09T08:33:54.355+0000][1][safepoint    ] Entering safepoint region: Cleanup
[2019-12-09T08:33:54.355+0000][1][safepoint    ] Leaving safepoint region
[2019-12-09T08:33:54.355+0000][1][safepoint    ] Total time for which application threads were stopped: 0.0000654 seconds, Stopping threads took: 0.0000168 seconds
[2019-12-09T08:33:55.355+0000][1][safepoint    ] Application time: 1.0000756 seconds
[2019-12-09T08:33:55.355+0000][1][safepoint    ] Entering safepoint region: Cleanup
[2019-12-09T08:33:55.355+0000][1][safepoint    ] Leaving safepoint region
[2019-12-09T08:33:55.355+0000][1][safepoint    ] Total time for which application threads were stopped: 0.0000641 seconds, Stopping threads took: 0.0000160 seconds
[2019-12-09T08:33:56.355+0000][1][safepoint    ] Application time: 1.0000755 seconds
[2019-12-09T08:33:56.355+0000][1][safepoint    ] Entering safepoint region: Cleanup
[2019-12-09T08:33:56.355+0000][1][safepoint    ] Leaving safepoint region
[2019-12-09T08:33:56.355+0000][1][safepoint    ] Total time for which application threads were stopped: 0.0000644 seconds, Stopping threads took: 0.0000161 seconds
[2019-12-09T08:33:57.355+0000][1][safepoint    ] Application time: 1.0000737 seconds
[2019-12-09T08:33:57.355+0000][1][safepoint    ] Entering safepoint region: Cleanup
[2019-12-09T08:33:57.356+0000][1][safepoint    ] Leaving safepoint region
[2019-12-09T08:33:57.356+0000][1][safepoint    ] Total time for which application threads were stopped: 0.0000589 seconds, Stopping threads took: 0.0000141 seconds
[2019-12-09T08:33:58.356+0000][1][safepoint    ] Application time: 1.0000771 seconds
[2019-12-09T08:33:58.356+0000][1][safepoint    ] Entering safepoint region: Cleanup
[2019-12-09T08:33:58.356+0000][1][safepoint    ] Leaving safepoint region
[2019-12-09T08:33:58.356+0000][1][safepoint    ] Total time for which application threads were stopped: 0.0000762 seconds, Stopping threads took: 0.0000281 seconds
[2019-12-09T08:33:59.356+0000][1][safepoint    ] Application time: 1.0000740 seconds
[2019-12-09T08:33:59.356+0000][1][safepoint    ] Entering safepoint region: Cleanup
[2019-12-09T08:33:59.356+0000][1][safepoint    ] Leaving safepoint region
[2019-12-09T08:33:59.356+0000][1][safepoint    ] Total time for which application threads were stopped: 0.0000590 seconds, Stopping threads took: 0.0000145 seconds
[2019-12-09T08:34:00.356+0000][1][safepoint    ] Application time: 1.0000744 seconds
[2019-12-09T08:34:00.356+0000][1][safepoint    ] Entering safepoint region: Cleanup
[2019-12-09T08:34:00.356+0000][1][safepoint    ] Leaving safepoint region
[2019-12-09T08:34:00.356+0000][1][safepoint    ] Total time for which application threads were stopped: 0.0000641 seconds, Stopping threads took: 0.0000156 seconds
[2019-12-09T08:34:01.356+0000][1][safepoint    ] Application time: 1.0000755 seconds
[2019-12-09T08:34:01.356+0000][1][safepoint    ] Entering safepoint region: Cleanup
[2019-12-09T08:34:01.356+0000][1][safepoint    ] Leaving safepoint region
[2019-12-09T08:34:01.356+0000][1][safepoint    ] Total time for which application threads were stopped: 0.0000659 seconds, Stopping threads took: 0.0000173 seconds
[2019-12-09T08:34:02.356+0000][1][safepoint    ] Application time: 1.0000766 seconds
[2019-12-09T08:34:02.356+0000][1][safepoint    ] Entering safepoint region: Cleanup
[2019-12-09T08:34:02.356+0000][1][safepoint    ] Leaving safepoint region
[2019-12-09T08:34:02.356+0000][1][safepoint    ] Total time for which application threads were stopped: 0.0000636 seconds, Stopping threads took: 0.0000153 seconds
[2019-12-09T08:34:03.357+0000][1][safepoint    ] Application time: 1.0000753 seconds
[2019-12-09T08:34:03.357+0000][1][safepoint    ] Entering safepoint region: Cleanup
[2019-12-09T08:34:03.357+0000][1][safepoint    ] Leaving safepoint region
[2019-12-09T08:34:03.357+0000][1][safepoint    ] Total time for which application threads were stopped: 0.0000655 seconds, Stopping threads took: 0.0000209 seconds
[2019-12-09T08:34:04.357+0000][1][safepoint    ] Application time: 1.0000848 seconds
[2019-12-09T08:34:04.357+0000][1][safepoint    ] Entering safepoint region: Cleanup
[2019-12-09T08:34:04.357+0000][1][safepoint    ] Leaving safepoint region
[2019-12-09T08:34:04.357+0000][1][safepoint    ] Total time for which application threads were stopped: 0.0000640 seconds, Stopping threads took: 0.0000161 seconds
[2019-12-09T08:34:05.357+0000][1][safepoint    ] Application time: 1.0000769 seconds
[2019-12-09T08:34:05.357+0000][1][safepoint    ] Entering safepoint region: Cleanup
[2019-12-09T08:34:05.357+0000][1][safepoint    ] Leaving safepoint region
[2019-12-09T08:34:05.357+0000][1][safepoint    ] Total time for which application threads were stopped: 0.0000634 seconds, Stopping threads took: 0.0000160 seconds
[2019-12-09T08:34:05.731+0000][1][safepoint    ] Application time: 0.3735929 seconds
[2019-12-09T08:34:05.731+0000][1][safepoint    ] Entering safepoint region: GenCollectForAllocation
[2019-12-09T08:34:05.731+0000][1][gc,start     ] GC(69) Pause Young (Allocation Failure)
[2019-12-09T08:34:05.731+0000][1][gc,task      ] GC(69) Using 2 workers of 2 for evacuation
[2019-12-09T08:34:05.732+0000][1][gc,age       ] GC(69) Desired survivor size 4456448 bytes, new threshold 6 (max threshold 6)
[2019-12-09T08:34:05.732+0000][1][gc,age       ] GC(69) Age table with threshold 6 (max threshold 6)
[2019-12-09T08:34:05.732+0000][1][gc,age       ] GC(69) - age   1:       4504 bytes,       4504 total
[2019-12-09T08:34:05.732+0000][1][gc,age       ] GC(69) - age   2:       7136 bytes,      11640 total
[2019-12-09T08:34:05.732+0000][1][gc,heap      ] GC(69) ParNew: 69964K->16K(78656K)
[2019-12-09T08:34:05.732+0000][1][gc,heap      ] GC(69) CMS: 69458K->69458K(174784K)
[2019-12-09T08:34:05.732+0000][1][gc,metaspace ] GC(69) Metaspace: 68474K->68474K(1112064K)
[2019-12-09T08:34:05.732+0000][1][gc           ] GC(69) Pause Young (Allocation Failure) 136M->67M(247M) 1.427ms
[2019-12-09T08:34:05.732+0000][1][gc,cpu       ] GC(69) User=0.00s Sys=0.00s Real=0.00s
[2019-12-09T08:34:05.732+0000][1][safepoint    ] Leaving safepoint region
[2019-12-09T08:34:05.732+0000][1][safepoint    ] Total time for which application threads were stopped: 0.0015768 seconds, Stopping threads took: 0.0000146 seconds
[2019-12-09T08:34:06.732+0000][1][safepoint    ] Application time: 1.0000925 seconds
[2019-12-09T08:34:06.732+0000][1][safepoint    ] Entering safepoint region: Cleanup
[2019-12-09T08:34:06.732+0000][1][safepoint    ] Leaving safepoint region
[2019-12-09T08:34:06.732+0000][1][safepoint    ] Total time for which application threads were stopped: 0.0000648 seconds, Stopping threads took: 0.0000164 seconds
[2019-12-09T08:34:07.732+0000][1][safepoint    ] Application time: 1.0000767 seconds
[2019-12-09T08:34:07.732+0000][1][safepoint    ] Entering safepoint region: Cleanup
[2019-12-09T08:34:07.733+0000][1][safepoint    ] Leaving safepoint region
[2019-12-09T08:34:07.733+0000][1][safepoint    ] Total time for which application threads were stopped: 0.0000661 seconds, Stopping threads took: 0.0000176 seconds
[2019-12-09T08:34:08.733+0000][1][safepoint    ] Application time: 1.0000760 seconds
[2019-12-09T08:34:08.733+0000][1][safepoint    ] Entering safepoint region: Cleanup
[2019-12-09T08:34:08.733+0000][1][safepoint    ] Leaving safepoint region
[2019-12-09T08:34:08.733+0000][1][safepoint    ] Total time for which application threads were stopped: 0.0000773 seconds, Stopping threads took: 0.0000271 seconds
[2019-12-09T08:34:09.733+0000][1][safepoint    ] Application time: 1.0000759 seconds
[2019-12-09T08:34:09.733+0000][1][safepoint    ] Entering safepoint region: Cleanup
[2019-12-09T08:34:09.733+0000][1][safepoint    ] Leaving safepoint region
[2019-12-09T08:34:09.733+0000][1][safepoint    ] Total time for which application threads were stopped: 0.0000682 seconds, Stopping threads took: 0.0000174 seconds
[2019-12-09T08:34:10.733+0000][1][safepoint    ] Application time: 1.0000738 seconds
[2019-12-09T08:34:10.733+0000][1][safepoint    ] Entering safepoint region: Cleanup
[2019-12-09T08:34:10.733+0000][1][safepoint    ] Leaving safepoint region
[2019-12-09T08:34:10.733+0000][1][safepoint    ] Total time for which application threads were stopped: 0.0000757 seconds, Stopping threads took: 0.0000168 seconds
[2019-12-09T08:34:11.733+0000][1][safepoint    ] Application time: 1.0000752 seconds
[2019-12-09T08:34:11.733+0000][1][safepoint    ] Entering safepoint region: Cleanup
[2019-12-09T08:34:11.733+0000][1][safepoint    ] Leaving safepoint region
[2019-12-09T08:34:11.733+0000][1][safepoint    ] Total time for which application threads were stopped: 0.0000656 seconds, Stopping threads took: 0.0000172 seconds
[2019-12-09T08:34:12.733+0000][1][safepoint    ] Application time: 1.0000756 seconds
[2019-12-09T08:34:12.733+0000][1][safepoint    ] Entering safepoint region: Cleanup
[2019-12-09T08:34:12.734+0000][1][safepoint    ] Leaving safepoint region
[2019-12-09T08:34:12.734+0000][1][safepoint    ] Total time for which application threads were stopped: 0.0000702 seconds, Stopping threads took: 0.0000176 seconds
[2019-12-09T08:34:13.734+0000][1][safepoint    ] Application time: 1.0000751 seconds
[2019-12-09T08:34:13.734+0000][1][safepoint    ] Entering safepoint region: Cleanup
[2019-12-09T08:34:13.734+0000][1][safepoint    ] Leaving safepoint region
[2019-12-09T08:34:13.734+0000][1][safepoint    ] Total time for which application threads were stopped: 0.0000727 seconds, Stopping threads took: 0.0000156 seconds
[2019-12-09T08:34:14.734+0000][1][safepoint    ] Application time: 1.0000749 seconds
[2019-12-09T08:34:14.734+0000][1][safepoint    ] Entering safepoint region: Cleanup
[2019-12-09T08:34:14.734+0000][1][safepoint    ] Leaving safepoint region
[2019-12-09T08:34:14.734+0000][1][safepoint    ] Total time for which application threads were stopped: 0.0000667 seconds, Stopping threads took: 0.0000172 seconds
[2019-12-09T08:34:15.734+0000][1][safepoint    ] Application time: 1.0000769 seconds
[2019-12-09T08:34:15.734+0000][1][safepoint    ] Entering safepoint region: Cleanup
[2019-12-09T08:34:15.734+0000][1][safepoint    ] Leaving safepoint region
[2019-12-09T08:34:15.734+0000][1][safepoint    ] Total time for which application threads were stopped: 0.0000678 seconds, Stopping threads took: 0.0000174 seconds
[2019-12-09T08:34:16.734+0000][1][safepoint    ] Application time: 1.0000750 seconds
[2019-12-09T08:34:16.734+0000][1][safepoint    ] Entering safepoint region: Cleanup
[2019-12-09T08:34:16.734+0000][1][safepoint    ] Leaving safepoint region
[2019-12-09T08:34:16.734+0000][1][safepoint    ] Total time for which application threads were stopped: 0.0000654 seconds, Stopping threads took: 0.0000161 seconds
[2019-12-09T08:34:17.734+0000][1][safepoint    ] Application time: 1.0000766 seconds
[2019-12-09T08:34:17.734+0000][1][safepoint    ] Entering safepoint region: Cleanup
[2019-12-09T08:34:17.734+0000][1][safepoint    ] Leaving safepoint region
[2019-12-09T08:34:17.734+0000][1][safepoint    ] Total time for which application threads were stopped: 0.0000645 seconds, Stopping threads took: 0.0000154 seconds
[2019-12-09T08:34:18.735+0000][1][safepoint    ] Application time: 1.0000778 seconds
[2019-12-09T08:34:18.735+0000][1][safepoint    ] Entering safepoint region: Cleanup
[2019-12-09T08:34:18.735+0000][1][safepoint    ] Leaving safepoint region
[2019-12-09T08:34:18.735+0000][1][safepoint    ] Total time for which application threads were stopped: 0.0000685 seconds, Stopping threads took: 0.0000176 seconds
[2019-12-09T08:34:19.735+0000][1][safepoint    ] Application time: 1.0000753 seconds
[2019-12-09T08:34:19.735+0000][1][safepoint    ] Entering safepoint region: Cleanup
[2019-12-09T08:34:19.735+0000][1][safepoint    ] Leaving safepoint region
[2019-12-09T08:34:19.735+0000][1][safepoint    ] Total time for which application threads were stopped: 0.0000636 seconds, Stopping threads took: 0.0000157 seconds
[2019-12-09T08:34:20.735+0000][1][safepoint    ] Application time: 1.0000767 seconds
[2019-12-09T08:34:20.735+0000][1][safepoint    ] Entering safepoint region: Cleanup
[2019-12-09T08:34:20.735+0000][1][safepoint    ] Leaving safepoint region
[2019-12-09T08:34:20.735+0000][1][safepoint    ] Total time for which application threads were stopped: 0.0000642 seconds, Stopping threads took: 0.0000163 seconds
[2019-12-09T08:34:21.735+0000][1][safepoint    ] Application time: 1.0000761 seconds
[2019-12-09T08:34:21.735+0000][1][safepoint    ] Entering safepoint region: Cleanup
[2019-12-09T08:34:21.735+0000][1][safepoint    ] Leaving safepoint region
[2019-12-09T08:34:21.735+0000][1][safepoint    ] Total time for which application threads were stopped: 0.0000698 seconds, Stopping threads took: 0.0000177 seconds
[2019-12-09T08:34:22.735+0000][1][safepoint    ] Application time: 1.0000771 seconds
[2019-12-09T08:34:22.735+0000][1][safepoint    ] Entering safepoint region: Cleanup
[2019-12-09T08:34:22.735+0000][1][safepoint    ] Leaving safepoint region
[2019-12-09T08:34:22.735+0000][1][safepoint    ] Total time for which application threads were stopped: 0.0000661 seconds, Stopping threads took: 0.0000167 seconds
[2019-12-09T08:34:23.735+0000][1][safepoint    ] Application time: 1.0000759 seconds
[2019-12-09T08:34:23.735+0000][1][safepoint    ] Entering safepoint region: Cleanup
[2019-12-09T08:34:23.736+0000][1][safepoint    ] Leaving safepoint region
[2019-12-09T08:34:23.736+0000][1][safepoint    ] Total time for which application threads were stopped: 0.0000674 seconds, Stopping threads took: 0.0000171 seconds
[2019-12-09T08:34:24.736+0000][1][safepoint    ] Application time: 1.0000740 seconds
[2019-12-09T08:34:24.736+0000][1][safepoint    ] Entering safepoint region: Cleanup
[2019-12-09T08:34:24.736+0000][1][safepoint    ] Leaving safepoint region
[2019-12-09T08:34:24.736+0000][1][safepoint    ] Total time for which application threads were stopped: 0.0000642 seconds, Stopping threads took: 0.0000161 seconds
[2019-12-09T08:34:25.736+0000][1][safepoint    ] Application time: 1.0000762 seconds
[2019-12-09T08:34:25.736+0000][1][safepoint    ] Entering safepoint region: Cleanup
[2019-12-09T08:34:25.736+0000][1][safepoint    ] Leaving safepoint region
[2019-12-09T08:34:25.736+0000][1][safepoint    ] Total time for which application threads were stopped: 0.0000628 seconds, Stopping threads took: 0.0000155 seconds
[2019-12-09T08:34:26.736+0000][1][safepoint    ] Application time: 1.0000774 seconds
[2019-12-09T08:34:26.736+0000][1][safepoint    ] Entering safepoint region: Cleanup
[2019-12-09T08:34:26.736+0000][1][safepoint    ] Leaving safepoint region
[2019-12-09T08:34:26.736+0000][1][safepoint    ] Total time for which application threads were stopped: 0.0000651 seconds, Stopping threads took: 0.0000163 seconds
[2019-12-09T08:34:27.736+0000][1][safepoint    ] Application time: 1.0000750 seconds
[2019-12-09T08:34:27.736+0000][1][safepoint    ] Entering safepoint region: Cleanup
[2019-12-09T08:34:27.736+0000][1][safepoint    ] Leaving safepoint region
[2019-12-09T08:34:27.736+0000][1][safepoint    ] Total time for which application threads were stopped: 0.0000650 seconds, Stopping threads took: 0.0000159 seconds
[2019-12-09T08:34:28.736+0000][1][safepoint    ] Application time: 1.0000746 seconds
[2019-12-09T08:34:28.736+0000][1][safepoint    ] Entering safepoint region: Cleanup
[2019-12-09T08:34:28.736+0000][1][safepoint    ] Leaving safepoint region
[2019-12-09T08:34:28.736+0000][1][safepoint    ] Total time for which application threads were stopped: 0.0000688 seconds, Stopping threads took: 0.0000168 seconds
[2019-12-09T08:34:29.736+0000][1][safepoint    ] Application time: 1.0000754 seconds
[2019-12-09T08:34:29.737+0000][1][safepoint    ] Entering safepoint region: Cleanup
[2019-12-09T08:34:29.737+0000][1][safepoint    ] Leaving safepoint region
[2019-12-09T08:34:29.737+0000][1][safepoint    ] Total time for which application threads were stopped: 0.0000736 seconds, Stopping threads took: 0.0000249 seconds
[2019-12-09T08:34:30.737+0000][1][safepoint    ] Application time: 1.0000747 seconds
[2019-12-09T08:34:30.737+0000][1][safepoint    ] Entering safepoint region: Cleanup
[2019-12-09T08:34:30.737+0000][1][safepoint    ] Leaving safepoint region
[2019-12-09T08:34:30.737+0000][1][safepoint    ] Total time for which application threads were stopped: 0.0000620 seconds, Stopping threads took: 0.0000152 seconds
[2019-12-09T08:34:31.737+0000][1][safepoint    ] Application time: 1.0000754 seconds
[2019-12-09T08:34:31.737+0000][1][safepoint    ] Entering safepoint region: Cleanup
[2019-12-09T08:34:31.737+0000][1][safepoint    ] Leaving safepoint region
[2019-12-09T08:34:31.737+0000][1][safepoint    ] Total time for which application threads were stopped: 0.0000633 seconds, Stopping threads took: 0.0000156 seconds
[2019-12-09T08:34:32.737+0000][1][safepoint    ] Application time: 1.0000754 seconds
[2019-12-09T08:34:32.737+0000][1][safepoint    ] Entering safepoint region: Cleanup
[2019-12-09T08:34:32.737+0000][1][safepoint    ] Leaving safepoint region
[2019-12-09T08:34:32.737+0000][1][safepoint    ] Total time for which application threads were stopped: 0.0000659 seconds, Stopping threads took: 0.0000157 seconds
[2019-12-09T08:34:33.737+0000][1][safepoint    ] Application time: 1.0000798 seconds
[2019-12-09T08:34:33.737+0000][1][safepoint    ] Entering safepoint region: Cleanup
[2019-12-09T08:34:33.737+0000][1][safepoint    ] Leaving safepoint region
[2019-12-09T08:34:33.737+0000][1][safepoint    ] Total time for which application threads were stopped: 0.0000702 seconds, Stopping threads took: 0.0000231 seconds
[2019-12-09T08:34:34.737+0000][1][safepoint    ] Application time: 1.0000758 seconds
[2019-12-09T08:34:34.737+0000][1][safepoint    ] Entering safepoint region: Cleanup
[2019-12-09T08:34:34.737+0000][1][safepoint    ] Leaving safepoint region
[2019-12-09T08:34:34.737+0000][1][safepoint    ] Total time for which application threads were stopped: 0.0000661 seconds, Stopping threads took: 0.0000155 seconds
[2019-12-09T08:34:35.738+0000][1][safepoint    ] Application time: 1.0000786 seconds
[2019-12-09T08:34:35.738+0000][1][safepoint    ] Entering safepoint region: Cleanup
[2019-12-09T08:34:35.738+0000][1][safepoint    ] Leaving safepoint region
[2019-12-09T08:34:35.738+0000][1][safepoint    ] Total time for which application threads were stopped: 0.0000646 seconds, Stopping threads took: 0.0000159 seconds
[2019-12-09T08:34:36.738+0000][1][safepoint    ] Application time: 1.0000750 seconds
[2019-12-09T08:34:36.738+0000][1][safepoint    ] Entering safepoint region: Cleanup
[2019-12-09T08:34:36.738+0000][1][safepoint    ] Leaving safepoint region
[2019-12-09T08:34:36.738+0000][1][safepoint    ] Total time for which application threads were stopped: 0.0000678 seconds, Stopping threads took: 0.0000168 seconds
[2019-12-09T08:34:37.738+0000][1][safepoint    ] Application time: 1.0000757 seconds
[2019-12-09T08:34:37.738+0000][1][safepoint    ] Entering safepoint region: Cleanup
[2019-12-09T08:34:37.738+0000][1][safepoint    ] Leaving safepoint region
[2019-12-09T08:34:37.738+0000][1][safepoint    ] Total time for which application threads were stopped: 0.0000654 seconds, Stopping threads took: 0.0000155 seconds
[2019-12-09T08:34:38.738+0000][1][safepoint    ] Application time: 1.0000759 seconds
[2019-12-09T08:34:38.738+0000][1][safepoint    ] Entering safepoint region: Cleanup
[2019-12-09T08:34:38.738+0000][1][safepoint    ] Leaving safepoint region
[2019-12-09T08:34:38.738+0000][1][safepoint    ] Total time for which application threads were stopped: 0.0000651 seconds, Stopping threads took: 0.0000163 seconds
[2019-12-09T08:34:39.738+0000][1][safepoint    ] Application time: 1.0000755 seconds
[2019-12-09T08:34:39.738+0000][1][safepoint    ] Entering safepoint region: Cleanup
[2019-12-09T08:34:39.738+0000][1][safepoint    ] Leaving safepoint region
[2019-12-09T08:34:39.738+0000][1][safepoint    ] Total time for which application threads were stopped: 0.0000722 seconds, Stopping threads took: 0.0000218 seconds
[2019-12-09T08:34:40.738+0000][1][safepoint    ] Application time: 1.0000765 seconds
[2019-12-09T08:34:40.738+0000][1][safepoint    ] Entering safepoint region: Cleanup
[2019-12-09T08:34:40.739+0000][1][safepoint    ] Leaving safepoint region
[2019-12-09T08:34:40.739+0000][1][safepoint    ] Total time for which application threads were stopped: 0.0000660 seconds, Stopping threads took: 0.0000165 seconds
[2019-12-09T08:34:41.739+0000][1][safepoint    ] Application time: 1.0000758 seconds
[2019-12-09T08:34:41.739+0000][1][safepoint    ] Entering safepoint region: Cleanup
[2019-12-09T08:34:41.739+0000][1][safepoint    ] Leaving safepoint region
[2019-12-09T08:34:41.739+0000][1][safepoint    ] Total time for which application threads were stopped: 0.0000780 seconds, Stopping threads took: 0.0000161 seconds
[2019-12-09T08:34:42.739+0000][1][safepoint    ] Application time: 1.0000753 seconds
[2019-12-09T08:34:42.739+0000][1][safepoint    ] Entering safepoint region: Cleanup
[2019-12-09T08:34:42.739+0000][1][safepoint    ] Leaving safepoint region
[2019-12-09T08:34:42.739+0000][1][safepoint    ] Total time for which application threads were stopped: 0.0000637 seconds, Stopping threads took: 0.0000165 seconds
[2019-12-09T08:34:43.739+0000][1][safepoint    ] Application time: 1.0000734 seconds
[2019-12-09T08:34:43.739+0000][1][safepoint    ] Entering safepoint region: Cleanup
[2019-12-09T08:34:43.739+0000][1][safepoint    ] Leaving safepoint region
[2019-12-09T08:34:43.739+0000][1][safepoint    ] Total time for which application threads were stopped: 0.0000659 seconds, Stopping threads took: 0.0000166 seconds
[2019-12-09T08:34:44.739+0000][1][safepoint    ] Application time: 1.0000746 seconds
[2019-12-09T08:34:44.739+0000][1][safepoint    ] Entering safepoint region: Cleanup
[2019-12-09T08:34:44.739+0000][1][safepoint    ] Leaving safepoint region
[2019-12-09T08:34:44.739+0000][1][safepoint    ] Total time for which application threads were stopped: 0.0000640 seconds, Stopping threads took: 0.0000158 seconds
[2019-12-09T08:34:45.739+0000][1][safepoint    ] Application time: 1.0000743 seconds
[2019-12-09T08:34:45.739+0000][1][safepoint    ] Entering safepoint region: Cleanup
[2019-12-09T08:34:45.739+0000][1][safepoint    ] Leaving safepoint region
[2019-12-09T08:34:45.739+0000][1][safepoint    ] Total time for which application threads were stopped: 0.0000653 seconds, Stopping threads took: 0.0000168 seconds
[2019-12-09T08:34:46.740+0000][1][safepoint    ] Application time: 1.0000758 seconds
[2019-12-09T08:34:46.740+0000][1][safepoint    ] Entering safepoint region: Cleanup
[2019-12-09T08:34:46.740+0000][1][safepoint    ] Leaving safepoint region
[2019-12-09T08:34:46.740+0000][1][safepoint    ] Total time for which application threads were stopped: 0.0000661 seconds, Stopping threads took: 0.0000174 seconds
[2019-12-09T08:34:47.740+0000][1][safepoint    ] Application time: 1.0000806 seconds
[2019-12-09T08:34:47.740+0000][1][safepoint    ] Entering safepoint region: Cleanup
[2019-12-09T08:34:47.740+0000][1][safepoint    ] Leaving safepoint region
[2019-12-09T08:34:47.740+0000][1][safepoint    ] Total time for which application threads were stopped: 0.0000725 seconds, Stopping threads took: 0.0000164 seconds
[2019-12-09T08:34:48.740+0000][1][safepoint    ] Application time: 1.0000762 seconds
[2019-12-09T08:34:48.740+0000][1][safepoint    ] Entering safepoint region: Cleanup
[2019-12-09T08:34:48.740+0000][1][safepoint    ] Leaving safepoint region
[2019-12-09T08:34:48.740+0000][1][safepoint    ] Total time for which application threads were stopped: 0.0000660 seconds, Stopping threads took: 0.0000169 seconds
[2019-12-09T08:34:49.740+0000][1][safepoint    ] Application time: 1.0000745 seconds
[2019-12-09T08:34:49.740+0000][1][safepoint    ] Entering safepoint region: Cleanup
[2019-12-09T08:34:49.740+0000][1][safepoint    ] Leaving safepoint region
[2019-12-09T08:34:49.740+0000][1][safepoint    ] Total time for which application threads were stopped: 0.0000705 seconds, Stopping threads took: 0.0000216 seconds
[2019-12-09T08:34:50.740+0000][1][safepoint    ] Application time: 1.0000759 seconds
[2019-12-09T08:34:50.740+0000][1][safepoint    ] Entering safepoint region: Cleanup
[2019-12-09T08:34:50.740+0000][1][safepoint    ] Leaving safepoint region
[2019-12-09T08:34:50.740+0000][1][safepoint    ] Total time for which application threads were stopped: 0.0000651 seconds, Stopping threads took: 0.0000162 seconds
[2019-12-09T08:34:51.740+0000][1][safepoint    ] Application time: 1.0000749 seconds
[2019-12-09T08:34:51.740+0000][1][safepoint    ] Entering safepoint region: Cleanup
[2019-12-09T08:34:51.740+0000][1][safepoint    ] Leaving safepoint region
[2019-12-09T08:34:51.741+0000][1][safepoint    ] Total time for which application threads were stopped: 0.0000654 seconds, Stopping threads took: 0.0000159 seconds
[2019-12-09T08:34:52.741+0000][1][safepoint    ] Application time: 1.0000769 seconds
[2019-12-09T08:34:52.741+0000][1][safepoint    ] Entering safepoint region: Cleanup
[2019-12-09T08:34:52.741+0000][1][safepoint    ] Leaving safepoint region
[2019-12-09T08:34:52.741+0000][1][safepoint    ] Total time for which application threads were stopped: 0.0000859 seconds, Stopping threads took: 0.0000176 seconds
[2019-12-09T08:34:53.741+0000][1][safepoint    ] Application time: 1.0000759 seconds
[2019-12-09T08:34:53.741+0000][1][safepoint    ] Entering safepoint region: Cleanup
[2019-12-09T08:34:53.741+0000][1][safepoint    ] Leaving safepoint region
[2019-12-09T08:34:53.741+0000][1][safepoint    ] Total time for which application threads were stopped: 0.0000645 seconds, Stopping threads took: 0.0000166 seconds
[2019-12-09T08:34:54.741+0000][1][safepoint    ] Application time: 1.0000731 seconds
[2019-12-09T08:34:54.741+0000][1][safepoint    ] Entering safepoint region: Cleanup
[2019-12-09T08:34:54.741+0000][1][safepoint    ] Leaving safepoint region
[2019-12-09T08:34:54.741+0000][1][safepoint    ] Total time for which application threads were stopped: 0.0000641 seconds, Stopping threads took: 0.0000160 seconds
[2019-12-09T08:34:55.741+0000][1][safepoint    ] Application time: 1.0000716 seconds
[2019-12-09T08:34:55.741+0000][1][safepoint    ] Entering safepoint region: Cleanup
[2019-12-09T08:34:55.741+0000][1][safepoint    ] Leaving safepoint region
[2019-12-09T08:34:55.741+0000][1][safepoint    ] Total time for which application threads were stopped: 0.0000622 seconds, Stopping threads took: 0.0000154 seconds
[2019-12-09T08:34:56.741+0000][1][safepoint    ] Application time: 1.0000778 seconds
[2019-12-09T08:34:56.741+0000][1][safepoint    ] Entering safepoint region: Cleanup
[2019-12-09T08:34:56.741+0000][1][safepoint    ] Leaving safepoint region
[2019-12-09T08:34:56.741+0000][1][safepoint    ] Total time for which application threads were stopped: 0.0000687 seconds, Stopping threads took: 0.0000168 seconds
[2019-12-09T08:34:57.741+0000][1][safepoint    ] Application time: 1.0000755 seconds
[2019-12-09T08:34:57.742+0000][1][safepoint    ] Entering safepoint region: Cleanup
[2019-12-09T08:34:57.742+0000][1][safepoint    ] Leaving safepoint region
[2019-12-09T08:34:57.742+0000][1][safepoint    ] Total time for which application threads were stopped: 0.0000629 seconds, Stopping threads took: 0.0000159 seconds
[2019-12-09T08:34:58.742+0000][1][safepoint    ] Application time: 1.0000765 seconds
[2019-12-09T08:34:58.742+0000][1][safepoint    ] Entering safepoint region: Cleanup
[2019-12-09T08:34:58.742+0000][1][safepoint    ] Leaving safepoint region
[2019-12-09T08:34:58.742+0000][1][safepoint    ] Total time for which application threads were stopped: 0.0000698 seconds, Stopping threads took: 0.0000232 seconds
[2019-12-09T08:34:59.742+0000][1][safepoint    ] Application time: 1.0000751 seconds
[2019-12-09T08:34:59.742+0000][1][safepoint    ] Entering safepoint region: Cleanup
[2019-12-09T08:34:59.742+0000][1][safepoint    ] Leaving safepoint region
[2019-12-09T08:34:59.742+0000][1][safepoint    ] Total time for which application threads were stopped: 0.0000705 seconds, Stopping threads took: 0.0000160 seconds
[2019-12-09T08:35:00.742+0000][1][safepoint    ] Application time: 1.0000794 seconds
[2019-12-09T08:35:00.742+0000][1][safepoint    ] Entering safepoint region: Cleanup
[2019-12-09T08:35:00.742+0000][1][safepoint    ] Leaving safepoint region
[2019-12-09T08:35:00.742+0000][1][safepoint    ] Total time for which application threads were stopped: 0.0000679 seconds, Stopping threads took: 0.0000160 seconds
[2019-12-09T08:35:01.742+0000][1][safepoint    ] Application time: 1.0000792 seconds
[2019-12-09T08:35:01.742+0000][1][safepoint    ] Entering safepoint region: Cleanup
[2019-12-09T08:35:01.742+0000][1][safepoint    ] Leaving safepoint region
[2019-12-09T08:35:01.742+0000][1][safepoint    ] Total time for which application threads were stopped: 0.0000674 seconds, Stopping threads took: 0.0000161 seconds
[2019-12-09T08:35:02.742+0000][1][safepoint    ] Application time: 1.0000772 seconds
[2019-12-09T08:35:02.742+0000][1][safepoint    ] Entering safepoint region: Cleanup
[2019-12-09T08:35:02.742+0000][1][safepoint    ] Leaving safepoint region
[2019-12-09T08:35:02.742+0000][1][safepoint    ] Total time for which application threads were stopped: 0.0000652 seconds, Stopping threads took: 0.0000171 seconds
[2019-12-09T08:35:03.743+0000][1][safepoint    ] Application time: 1.0000781 seconds
[2019-12-09T08:35:03.743+0000][1][safepoint    ] Entering safepoint region: Cleanup
[2019-12-09T08:35:03.743+0000][1][safepoint    ] Leaving safepoint region
[2019-12-09T08:35:03.743+0000][1][safepoint    ] Total time for which application threads were stopped: 0.0000747 seconds, Stopping threads took: 0.0000234 seconds
[2019-12-09T08:35:04.743+0000][1][safepoint    ] Application time: 1.0000757 seconds
[2019-12-09T08:35:04.743+0000][1][safepoint    ] Entering safepoint region: Cleanup
[2019-12-09T08:35:04.743+0000][1][safepoint    ] Leaving safepoint region
[2019-12-09T08:35:04.743+0000][1][safepoint    ] Total time for which application threads were stopped: 0.0000712 seconds, Stopping threads took: 0.0000167 seconds
[2019-12-09T08:35:05.743+0000][1][safepoint    ] Application time: 1.0000783 seconds
[2019-12-09T08:35:05.743+0000][1][safepoint    ] Entering safepoint region: Cleanup
[2019-12-09T08:35:05.743+0000][1][safepoint    ] Leaving safepoint region
[2019-12-09T08:35:05.743+0000][1][safepoint    ] Total time for which application threads were stopped: 0.0000673 seconds, Stopping threads took: 0.0000162 seconds
[2019-12-09T08:35:06.743+0000][1][safepoint    ] Application time: 1.0000773 seconds
[2019-12-09T08:35:06.743+0000][1][safepoint    ] Entering safepoint region: Cleanup
[2019-12-09T08:35:06.743+0000][1][safepoint    ] Leaving safepoint region
[2019-12-09T08:35:06.743+0000][1][safepoint    ] Total time for which application threads were stopped: 0.0000671 seconds, Stopping threads took: 0.0000163 seconds
[2019-12-09T08:35:07.743+0000][1][safepoint    ] Application time: 1.0000772 seconds
[2019-12-09T08:35:07.743+0000][1][safepoint    ] Entering safepoint region: Cleanup
[2019-12-09T08:35:07.743+0000][1][safepoint    ] Leaving safepoint region
[2019-12-09T08:35:07.743+0000][1][safepoint    ] Total time for which application threads were stopped: 0.0000650 seconds, Stopping threads took: 0.0000157 seconds
[2019-12-09T08:35:08.743+0000][1][safepoint    ] Application time: 1.0000788 seconds
[2019-12-09T08:35:08.743+0000][1][safepoint    ] Entering safepoint region: Cleanup
[2019-12-09T08:35:08.744+0000][1][safepoint    ] Leaving safepoint region
[2019-12-09T08:35:08.744+0000][1][safepoint    ] Total time for which application threads were stopped: 0.0000642 seconds, Stopping threads took: 0.0000157 seconds
[2019-12-09T08:35:09.744+0000][1][safepoint    ] Application time: 1.0000761 seconds
[2019-12-09T08:35:09.744+0000][1][safepoint    ] Entering safepoint region: Cleanup
[2019-12-09T08:35:09.744+0000][1][safepoint    ] Leaving safepoint region
[2019-12-09T08:35:09.744+0000][1][safepoint    ] Total time for which application threads were stopped: 0.0000848 seconds, Stopping threads took: 0.0000166 seconds
[2019-12-09T08:35:10.744+0000][1][safepoint    ] Application time: 1.0000759 seconds
[2019-12-09T08:35:10.744+0000][1][safepoint    ] Entering safepoint region: Cleanup
[2019-12-09T08:35:10.744+0000][1][safepoint    ] Leaving safepoint region
[2019-12-09T08:35:10.744+0000][1][safepoint    ] Total time for which application threads were stopped: 0.0000662 seconds, Stopping threads took: 0.0000165 seconds
[2019-12-09T08:35:11.744+0000][1][safepoint    ] Application time: 1.0000793 seconds
[2019-12-09T08:35:11.744+0000][1][safepoint    ] Entering safepoint region: Cleanup
[2019-12-09T08:35:11.744+0000][1][safepoint    ] Leaving safepoint region
[2019-12-09T08:35:11.744+0000][1][safepoint    ] Total time for which application threads were stopped: 0.0000659 seconds, Stopping threads took: 0.0000166 seconds
[2019-12-09T08:35:12.744+0000][1][safepoint    ] Application time: 1.0000783 seconds
[2019-12-09T08:35:12.744+0000][1][safepoint    ] Entering safepoint region: Cleanup
[2019-12-09T08:35:12.744+0000][1][safepoint    ] Leaving safepoint region
[2019-12-09T08:35:12.744+0000][1][safepoint    ] Total time for which application threads were stopped: 0.0000642 seconds, Stopping threads took: 0.0000167 seconds
[2019-12-09T08:35:13.744+0000][1][safepoint    ] Application time: 1.0000784 seconds
[2019-12-09T08:35:13.744+0000][1][safepoint    ] Entering safepoint region: Cleanup
[2019-12-09T08:35:13.744+0000][1][safepoint    ] Leaving safepoint region
[2019-12-09T08:35:13.744+0000][1][safepoint    ] Total time for which application threads were stopped: 0.0000665 seconds, Stopping threads took: 0.0000171 seconds
[2019-12-09T08:35:14.745+0000][1][safepoint    ] Application time: 1.0000755 seconds
[2019-12-09T08:35:14.745+0000][1][safepoint    ] Entering safepoint region: Cleanup
[2019-12-09T08:35:14.745+0000][1][safepoint    ] Leaving safepoint region
[2019-12-09T08:35:14.745+0000][1][safepoint    ] Total time for which application threads were stopped: 0.0000656 seconds, Stopping threads took: 0.0000161 seconds
[2019-12-09T08:35:15.745+0000][1][safepoint    ] Application time: 1.0000773 seconds
[2019-12-09T08:35:15.745+0000][1][safepoint    ] Entering safepoint region: Cleanup
[2019-12-09T08:35:15.745+0000][1][safepoint    ] Leaving safepoint region
[2019-12-09T08:35:15.745+0000][1][safepoint    ] Total time for which application threads were stopped: 0.0000662 seconds, Stopping threads took: 0.0000171 seconds
[2019-12-09T08:35:16.745+0000][1][safepoint    ] Application time: 1.0000766 seconds
[2019-12-09T08:35:16.745+0000][1][safepoint    ] Entering safepoint region: Cleanup
[2019-12-09T08:35:16.745+0000][1][safepoint    ] Leaving safepoint region
[2019-12-09T08:35:16.745+0000][1][safepoint    ] Total time for which application threads were stopped: 0.0000645 seconds, Stopping threads took: 0.0000165 seconds
[2019-12-09T08:35:17.745+0000][1][safepoint    ] Application time: 1.0000756 seconds
[2019-12-09T08:35:17.745+0000][1][safepoint    ] Entering safepoint region: Cleanup
[2019-12-09T08:35:17.745+0000][1][safepoint    ] Leaving safepoint region
[2019-12-09T08:35:17.745+0000][1][safepoint    ] Total time for which application threads were stopped: 0.0000644 seconds, Stopping threads took: 0.0000165 seconds
[2019-12-09T08:35:18.745+0000][1][safepoint    ] Application time: 1.0000770 seconds
[2019-12-09T08:35:18.745+0000][1][safepoint    ] Entering safepoint region: Cleanup
[2019-12-09T08:35:18.745+0000][1][safepoint    ] Leaving safepoint region
[2019-12-09T08:35:18.745+0000][1][safepoint    ] Total time for which application threads were stopped: 0.0000652 seconds, Stopping threads took: 0.0000164 seconds
[2019-12-09T08:35:19.745+0000][1][safepoint    ] Application time: 1.0000754 seconds
[2019-12-09T08:35:19.745+0000][1][safepoint    ] Entering safepoint region: Cleanup
[2019-12-09T08:35:19.746+0000][1][safepoint    ] Leaving safepoint region
[2019-12-09T08:35:19.746+0000][1][safepoint    ] Total time for which application threads were stopped: 0.0000708 seconds, Stopping threads took: 0.0000164 seconds
[2019-12-09T08:35:20.746+0000][1][safepoint    ] Application time: 1.0000770 seconds
[2019-12-09T08:35:20.746+0000][1][safepoint    ] Entering safepoint region: Cleanup
[2019-12-09T08:35:20.746+0000][1][safepoint    ] Leaving safepoint region
[2019-12-09T08:35:20.746+0000][1][safepoint    ] Total time for which application threads were stopped: 0.0000755 seconds, Stopping threads took: 0.0000169 seconds
[2019-12-09T08:35:21.746+0000][1][safepoint    ] Application time: 1.0000776 seconds
[2019-12-09T08:35:21.746+0000][1][safepoint    ] Entering safepoint region: Cleanup
[2019-12-09T08:35:21.746+0000][1][safepoint    ] Leaving safepoint region
[2019-12-09T08:35:21.746+0000][1][safepoint    ] Total time for which application threads were stopped: 0.0000665 seconds, Stopping threads took: 0.0000176 seconds
[2019-12-09T08:35:22.746+0000][1][safepoint    ] Application time: 1.0000760 seconds
[2019-12-09T08:35:22.746+0000][1][safepoint    ] Entering safepoint region: Cleanup
[2019-12-09T08:35:22.746+0000][1][safepoint    ] Leaving safepoint region
[2019-12-09T08:35:22.746+0000][1][safepoint    ] Total time for which application threads were stopped: 0.0000648 seconds, Stopping threads took: 0.0000169 seconds
[2019-12-09T08:35:23.746+0000][1][safepoint    ] Application time: 1.0000779 seconds
[2019-12-09T08:35:23.746+0000][1][safepoint    ] Entering safepoint region: Cleanup
[2019-12-09T08:35:23.746+0000][1][safepoint    ] Leaving safepoint region
[2019-12-09T08:35:23.746+0000][1][safepoint    ] Total time for which application threads were stopped: 0.0000650 seconds, Stopping threads took: 0.0000160 seconds
[2019-12-09T08:35:24.746+0000][1][safepoint    ] Application time: 1.0000767 seconds
[2019-12-09T08:35:24.746+0000][1][safepoint    ] Entering safepoint region: Cleanup
[2019-12-09T08:35:24.746+0000][1][safepoint    ] Leaving safepoint region
[2019-12-09T08:35:24.746+0000][1][safepoint    ] Total time for which application threads were stopped: 0.0000622 seconds, Stopping threads took: 0.0000151 seconds
[2019-12-09T08:35:25.747+0000][1][safepoint    ] Application time: 1.0000780 seconds
[2019-12-09T08:35:25.747+0000][1][safepoint    ] Entering safepoint region: Cleanup
[2019-12-09T08:35:25.747+0000][1][safepoint    ] Leaving safepoint region
[2019-12-09T08:35:25.747+0000][1][safepoint    ] Total time for which application threads were stopped: 0.0000665 seconds, Stopping threads took: 0.0000161 seconds
[2019-12-09T08:35:26.747+0000][1][safepoint    ] Application time: 1.0000844 seconds
[2019-12-09T08:35:26.747+0000][1][safepoint    ] Entering safepoint region: Cleanup
[2019-12-09T08:35:26.747+0000][1][safepoint    ] Leaving safepoint region
[2019-12-09T08:35:26.747+0000][1][safepoint    ] Total time for which application threads were stopped: 0.0000649 seconds, Stopping threads took: 0.0000168 seconds
[2019-12-09T08:35:27.747+0000][1][safepoint    ] Application time: 1.0000760 seconds
[2019-12-09T08:35:27.747+0000][1][safepoint    ] Entering safepoint region: Cleanup
[2019-12-09T08:35:27.747+0000][1][safepoint    ] Leaving safepoint region
[2019-12-09T08:35:27.747+0000][1][safepoint    ] Total time for which application threads were stopped: 0.0000657 seconds, Stopping threads took: 0.0000158 seconds
[2019-12-09T08:35:28.747+0000][1][safepoint    ] Application time: 1.0000751 seconds
[2019-12-09T08:35:28.747+0000][1][safepoint    ] Entering safepoint region: Cleanup
[2019-12-09T08:35:28.747+0000][1][safepoint    ] Leaving safepoint region
[2019-12-09T08:35:28.747+0000][1][safepoint    ] Total time for which application threads were stopped: 0.0000647 seconds, Stopping threads took: 0.0000160 seconds
[2019-12-09T08:35:29.747+0000][1][safepoint    ] Application time: 1.0000757 seconds
[2019-12-09T08:35:29.747+0000][1][safepoint    ] Entering safepoint region: Cleanup
[2019-12-09T08:35:29.747+0000][1][safepoint    ] Leaving safepoint region
[2019-12-09T08:35:29.747+0000][1][safepoint    ] Total time for which application threads were stopped: 0.0000628 seconds, Stopping threads took: 0.0000161 seconds
[2019-12-09T08:35:30.747+0000][1][safepoint    ] Application time: 1.0000766 seconds
[2019-12-09T08:35:30.747+0000][1][safepoint    ] Entering safepoint region: Cleanup
[2019-12-09T08:35:30.747+0000][1][safepoint    ] Leaving safepoint region
[2019-12-09T08:35:30.747+0000][1][safepoint    ] Total time for which application threads were stopped: 0.0000663 seconds, Stopping threads took: 0.0000168 seconds
[2019-12-09T08:35:31.748+0000][1][safepoint    ] Application time: 1.0000757 seconds
[2019-12-09T08:35:31.748+0000][1][safepoint    ] Entering safepoint region: Cleanup
[2019-12-09T08:35:31.748+0000][1][safepoint    ] Leaving safepoint region
[2019-12-09T08:35:31.748+0000][1][safepoint    ] Total time for which application threads were stopped: 0.0000745 seconds, Stopping threads took: 0.0000169 seconds
[2019-12-09T08:35:32.748+0000][1][safepoint    ] Application time: 1.0000755 seconds
[2019-12-09T08:35:32.748+0000][1][safepoint    ] Entering safepoint region: Cleanup
[2019-12-09T08:35:32.748+0000][1][safepoint    ] Leaving safepoint region
[2019-12-09T08:35:32.748+0000][1][safepoint    ] Total time for which application threads were stopped: 0.0000694 seconds, Stopping threads took: 0.0000176 seconds
[2019-12-09T08:35:33.748+0000][1][safepoint    ] Application time: 1.0000809 seconds
[2019-12-09T08:35:33.748+0000][1][safepoint    ] Entering safepoint region: Cleanup
[2019-12-09T08:35:33.748+0000][1][safepoint    ] Leaving safepoint region
[2019-12-09T08:35:33.748+0000][1][safepoint    ] Total time for which application threads were stopped: 0.0000894 seconds, Stopping threads took: 0.0000312 seconds
[2019-12-09T08:35:34.748+0000][1][safepoint    ] Application time: 1.0000772 seconds
[2019-12-09T08:35:34.748+0000][1][safepoint    ] Entering safepoint region: Cleanup
[2019-12-09T08:35:34.748+0000][1][safepoint    ] Leaving safepoint region
[2019-12-09T08:35:34.748+0000][1][safepoint    ] Total time for which application threads were stopped: 0.0000667 seconds, Stopping threads took: 0.0000176 seconds
[2019-12-09T08:35:35.748+0000][1][safepoint    ] Application time: 1.0000809 seconds
[2019-12-09T08:35:35.748+0000][1][safepoint    ] Entering safepoint region: Cleanup
[2019-12-09T08:35:35.748+0000][1][safepoint    ] Leaving safepoint region
[2019-12-09T08:35:35.748+0000][1][safepoint    ] Total time for which application threads were stopped: 0.0000673 seconds, Stopping threads took: 0.0000174 seconds
[2019-12-09T08:35:36.749+0000][1][safepoint    ] Application time: 1.0000790 seconds
[2019-12-09T08:35:36.749+0000][1][safepoint    ] Entering safepoint region: Cleanup
[2019-12-09T08:35:36.749+0000][1][safepoint    ] Leaving safepoint region
[2019-12-09T08:35:36.749+0000][1][safepoint    ] Total time for which application threads were stopped: 0.0000793 seconds, Stopping threads took: 0.0000173 seconds
[2019-12-09T08:35:37.749+0000][1][safepoint    ] Application time: 1.0000795 seconds
[2019-12-09T08:35:37.749+0000][1][safepoint    ] Entering safepoint region: Cleanup
[2019-12-09T08:35:37.749+0000][1][safepoint    ] Leaving safepoint region
[2019-12-09T08:35:37.749+0000][1][safepoint    ] Total time for which application threads were stopped: 0.0000694 seconds, Stopping threads took: 0.0000174 seconds
[2019-12-09T08:35:38.749+0000][1][safepoint    ] Application time: 1.0000786 seconds
[2019-12-09T08:35:38.749+0000][1][safepoint    ] Entering safepoint region: Cleanup
[2019-12-09T08:35:38.749+0000][1][safepoint    ] Leaving safepoint region
[2019-12-09T08:35:38.749+0000][1][safepoint    ] Total time for which application threads were stopped: 0.0000681 seconds, Stopping threads took: 0.0000165 seconds
[2019-12-09T08:35:39.749+0000][1][safepoint    ] Application time: 1.0000796 seconds
[2019-12-09T08:35:39.749+0000][1][safepoint    ] Entering safepoint region: Cleanup
[2019-12-09T08:35:39.749+0000][1][safepoint    ] Leaving safepoint region
[2019-12-09T08:35:39.749+0000][1][safepoint    ] Total time for which application threads were stopped: 0.0000711 seconds, Stopping threads took: 0.0000176 seconds
[2019-12-09T08:35:40.749+0000][1][safepoint    ] Application time: 1.0000780 seconds
[2019-12-09T08:35:40.749+0000][1][safepoint    ] Entering safepoint region: Cleanup
[2019-12-09T08:35:40.749+0000][1][safepoint    ] Leaving safepoint region
[2019-12-09T08:35:40.749+0000][1][safepoint    ] Total time for which application threads were stopped: 0.0000666 seconds, Stopping threads took: 0.0000159 seconds
[2019-12-09T08:35:41.750+0000][1][safepoint    ] Application time: 1.0000778 seconds
[2019-12-09T08:35:41.750+0000][1][safepoint    ] Entering safepoint region: Cleanup
[2019-12-09T08:35:41.750+0000][1][safepoint    ] Leaving safepoint region
[2019-12-09T08:35:41.750+0000][1][safepoint    ] Total time for which application threads were stopped: 0.0000650 seconds, Stopping threads took: 0.0000163 seconds
[2019-12-09T08:35:42.750+0000][1][safepoint    ] Application time: 1.0000786 seconds
[2019-12-09T08:35:42.750+0000][1][safepoint    ] Entering safepoint region: Cleanup
[2019-12-09T08:35:42.750+0000][1][safepoint    ] Leaving safepoint region
[2019-12-09T08:35:42.750+0000][1][safepoint    ] Total time for which application threads were stopped: 0.0000680 seconds, Stopping threads took: 0.0000171 seconds
[2019-12-09T08:35:43.750+0000][1][safepoint    ] Application time: 1.0000844 seconds
[2019-12-09T08:35:43.750+0000][1][safepoint    ] Entering safepoint region: Cleanup
[2019-12-09T08:35:43.750+0000][1][safepoint    ] Leaving safepoint region
[2019-12-09T08:35:43.750+0000][1][safepoint    ] Total time for which application threads were stopped: 0.0000844 seconds, Stopping threads took: 0.0000223 seconds
[2019-12-09T08:35:44.750+0000][1][safepoint    ] Application time: 1.0000779 seconds
[2019-12-09T08:35:44.750+0000][1][safepoint    ] Entering safepoint region: Cleanup
[2019-12-09T08:35:44.750+0000][1][safepoint    ] Leaving safepoint region
[2019-12-09T08:35:44.750+0000][1][safepoint    ] Total time for which application threads were stopped: 0.0000685 seconds, Stopping threads took: 0.0000163 seconds
[2019-12-09T08:35:45.750+0000][1][safepoint    ] Application time: 1.0000797 seconds
[2019-12-09T08:35:45.750+0000][1][safepoint    ] Entering safepoint region: Cleanup
[2019-12-09T08:35:45.750+0000][1][safepoint    ] Leaving safepoint region
[2019-12-09T08:35:45.750+0000][1][safepoint    ] Total time for which application threads were stopped: 0.0000688 seconds, Stopping threads took: 0.0000174 seconds
[2019-12-09T08:35:46.751+0000][1][safepoint    ] Application time: 1.0000795 seconds
[2019-12-09T08:35:46.751+0000][1][safepoint    ] Entering safepoint region: Cleanup
[2019-12-09T08:35:46.751+0000][1][safepoint    ] Leaving safepoint region
[2019-12-09T08:35:46.751+0000][1][safepoint    ] Total time for which application threads were stopped: 0.0000678 seconds, Stopping threads took: 0.0000168 seconds
[2019-12-09T08:35:47.751+0000][1][safepoint    ] Application time: 1.0000356 seconds
[2019-12-09T08:35:47.751+0000][1][safepoint    ] Entering safepoint region: Cleanup
[2019-12-09T08:35:47.751+0000][1][safepoint    ] Leaving safepoint region
[2019-12-09T08:35:47.751+0000][1][safepoint    ] Total time for which application threads were stopped: 0.0000693 seconds, Stopping threads took: 0.0000168 seconds
[2019-12-09T08:35:48.751+0000][1][safepoint    ] Application time: 1.0000789 seconds
[2019-12-09T08:35:48.751+0000][1][safepoint    ] Entering safepoint region: Cleanup
[2019-12-09T08:35:48.751+0000][1][safepoint    ] Leaving safepoint region
[2019-12-09T08:35:48.751+0000][1][safepoint    ] Total time for which application threads were stopped: 0.0000668 seconds, Stopping threads took: 0.0000164 seconds
[2019-12-09T08:35:49.751+0000][1][safepoint    ] Application time: 1.0000783 seconds
[2019-12-09T08:35:49.751+0000][1][safepoint    ] Entering safepoint region: Cleanup
[2019-12-09T08:35:49.751+0000][1][safepoint    ] Leaving safepoint region
[2019-12-09T08:35:49.751+0000][1][safepoint    ] Total time for which application threads were stopped: 0.0000682 seconds, Stopping threads took: 0.0000166 seconds
[2019-12-09T08:35:50.751+0000][1][safepoint    ] Application time: 1.0000798 seconds
[2019-12-09T08:35:50.751+0000][1][safepoint    ] Entering safepoint region: Cleanup
[2019-12-09T08:35:50.751+0000][1][safepoint    ] Leaving safepoint region
[2019-12-09T08:35:50.751+0000][1][safepoint    ] Total time for which application threads were stopped: 0.0000679 seconds, Stopping threads took: 0.0000180 seconds
[2019-12-09T08:35:51.751+0000][1][safepoint    ] Application time: 1.0000801 seconds
[2019-12-09T08:35:51.752+0000][1][safepoint    ] Entering safepoint region: Cleanup
[2019-12-09T08:35:51.752+0000][1][safepoint    ] Leaving safepoint region
[2019-12-09T08:35:51.752+0000][1][safepoint    ] Total time for which application threads were stopped: 0.0000652 seconds, Stopping threads took: 0.0000164 seconds
[2019-12-09T08:35:52.752+0000][1][safepoint    ] Application time: 1.0000794 seconds
[2019-12-09T08:35:52.752+0000][1][safepoint    ] Entering safepoint region: Cleanup
[2019-12-09T08:35:52.752+0000][1][safepoint    ] Leaving safepoint region
[2019-12-09T08:35:52.752+0000][1][safepoint    ] Total time for which application threads were stopped: 0.0000714 seconds, Stopping threads took: 0.0000174 seconds
[2019-12-09T08:35:53.752+0000][1][safepoint    ] Application time: 1.0000772 seconds
[2019-12-09T08:35:53.752+0000][1][safepoint    ] Entering safepoint region: Cleanup
[2019-12-09T08:35:53.752+0000][1][safepoint    ] Leaving safepoint region
[2019-12-09T08:35:53.752+0000][1][safepoint    ] Total time for which application threads were stopped: 0.0000690 seconds, Stopping threads took: 0.0000172 seconds
[2019-12-09T08:35:54.752+0000][1][safepoint    ] Application time: 1.0000773 seconds
[2019-12-09T08:35:54.752+0000][1][safepoint    ] Entering safepoint region: Cleanup
[2019-12-09T08:35:54.752+0000][1][safepoint    ] Leaving safepoint region
[2019-12-09T08:35:54.752+0000][1][safepoint    ] Total time for which application threads were stopped: 0.0000674 seconds, Stopping threads took: 0.0000174 seconds
[2019-12-09T08:35:55.752+0000][1][safepoint    ] Application time: 1.0000786 seconds
[2019-12-09T08:35:55.752+0000][1][safepoint    ] Entering safepoint region: Cleanup
[2019-12-09T08:35:55.752+0000][1][safepoint    ] Leaving safepoint region
[2019-12-09T08:35:55.752+0000][1][safepoint    ] Total time for which application threads were stopped: 0.0000717 seconds, Stopping threads took: 0.0000175 seconds
[2019-12-09T08:35:56.752+0000][1][safepoint    ] Application time: 1.0000800 seconds
[2019-12-09T08:35:56.753+0000][1][safepoint    ] Entering safepoint region: Cleanup
[2019-12-09T08:35:56.753+0000][1][safepoint    ] Leaving safepoint region
[2019-12-09T08:35:56.753+0000][1][safepoint    ] Total time for which application threads were stopped: 0.0000695 seconds, Stopping threads took: 0.0000177 seconds
[2019-12-09T08:35:57.753+0000][1][safepoint    ] Application time: 1.0000815 seconds
[2019-12-09T08:35:57.753+0000][1][safepoint    ] Entering safepoint region: Cleanup
[2019-12-09T08:35:57.753+0000][1][safepoint    ] Leaving safepoint region
[2019-12-09T08:35:57.753+0000][1][safepoint    ] Total time for which application threads were stopped: 0.0000695 seconds, Stopping threads took: 0.0000174 seconds
[2019-12-09T08:35:58.753+0000][1][safepoint    ] Application time: 1.0000780 seconds
[2019-12-09T08:35:58.753+0000][1][safepoint    ] Entering safepoint region: Cleanup
[2019-12-09T08:35:58.753+0000][1][safepoint    ] Leaving safepoint region
[2019-12-09T08:35:58.753+0000][1][safepoint    ] Total time for which application threads were stopped: 0.0000672 seconds, Stopping threads took: 0.0000170 seconds
[2019-12-09T08:35:59.753+0000][1][safepoint    ] Application time: 1.0000777 seconds
[2019-12-09T08:35:59.753+0000][1][safepoint    ] Entering safepoint region: Cleanup
[2019-12-09T08:35:59.753+0000][1][safepoint    ] Leaving safepoint region
[2019-12-09T08:35:59.753+0000][1][safepoint    ] Total time for which application threads were stopped: 0.0000658 seconds, Stopping threads took: 0.0000159 seconds
[2019-12-09T08:36:00.753+0000][1][safepoint    ] Application time: 1.0000783 seconds
[2019-12-09T08:36:00.753+0000][1][safepoint    ] Entering safepoint region: Cleanup
[2019-12-09T08:36:00.753+0000][1][safepoint    ] Leaving safepoint region
[2019-12-09T08:36:00.753+0000][1][safepoint    ] Total time for which application threads were stopped: 0.0000669 seconds, Stopping threads took: 0.0000169 seconds
[2019-12-09T08:36:01.753+0000][1][safepoint    ] Application time: 1.0000807 seconds
[2019-12-09T08:36:01.753+0000][1][safepoint    ] Entering safepoint region: Cleanup
[2019-12-09T08:36:01.754+0000][1][safepoint    ] Leaving safepoint region
[2019-12-09T08:36:01.754+0000][1][safepoint    ] Total time for which application threads were stopped: 0.0000702 seconds, Stopping threads took: 0.0000175 seconds
[2019-12-09T08:36:02.754+0000][1][safepoint    ] Application time: 1.0000770 seconds
[2019-12-09T08:36:02.754+0000][1][safepoint    ] Entering safepoint region: Cleanup
[2019-12-09T08:36:02.754+0000][1][safepoint    ] Leaving safepoint region
[2019-12-09T08:36:02.754+0000][1][safepoint    ] Total time for which application threads were stopped: 0.0000821 seconds, Stopping threads took: 0.0000322 seconds
[2019-12-09T08:36:03.754+0000][1][safepoint    ] Application time: 1.0000751 seconds
[2019-12-09T08:36:03.754+0000][1][safepoint    ] Entering safepoint region: Cleanup
[2019-12-09T08:36:03.754+0000][1][safepoint    ] Leaving safepoint region
[2019-12-09T08:36:03.754+0000][1][safepoint    ] Total time for which application threads were stopped: 0.0000744 seconds, Stopping threads took: 0.0000237 seconds
[2019-12-09T08:36:04.754+0000][1][safepoint    ] Application time: 1.0000781 seconds
[2019-12-09T08:36:04.754+0000][1][safepoint    ] Entering safepoint region: Cleanup
[2019-12-09T08:36:04.754+0000][1][safepoint    ] Leaving safepoint region
[2019-12-09T08:36:04.754+0000][1][safepoint    ] Total time for which application threads were stopped: 0.0000685 seconds, Stopping threads took: 0.0000169 seconds
[2019-12-09T08:36:05.754+0000][1][safepoint    ] Application time: 1.0000729 seconds
[2019-12-09T08:36:05.754+0000][1][safepoint    ] Entering safepoint region: Cleanup
[2019-12-09T08:36:05.754+0000][1][safepoint    ] Leaving safepoint region
[2019-12-09T08:36:05.754+0000][1][safepoint    ] Total time for which application threads were stopped: 0.0000690 seconds, Stopping threads took: 0.0000168 seconds
[2019-12-09T08:36:05.772+0000][1][safepoint    ] Application time: 0.0180277 seconds
[2019-12-09T08:36:05.772+0000][1][safepoint    ] Entering safepoint region: GenCollectForAllocation
[2019-12-09T08:36:05.772+0000][1][gc,start     ] GC(70) Pause Young (Allocation Failure)
[2019-12-09T08:36:05.773+0000][1][gc,task      ] GC(70) Using 2 workers of 2 for evacuation
[2019-12-09T08:36:05.774+0000][1][gc,age       ] GC(70) Desired survivor size 4456448 bytes, new threshold 6 (max threshold 6)
[2019-12-09T08:36:05.774+0000][1][gc,age       ] GC(70) Age table with threshold 6 (max threshold 6)
[2019-12-09T08:36:05.774+0000][1][gc,age       ] GC(70) - age   1:       4024 bytes,       4024 total
[2019-12-09T08:36:05.774+0000][1][gc,age       ] GC(70) - age   2:        512 bytes,       4536 total
[2019-12-09T08:36:05.774+0000][1][gc,age       ] GC(70) - age   3:       7136 bytes,      11672 total
[2019-12-09T08:36:05.774+0000][1][gc,heap      ] GC(70) ParNew: 69968K->15K(78656K)
[2019-12-09T08:36:05.774+0000][1][gc,heap      ] GC(70) CMS: 69458K->69458K(174784K)
[2019-12-09T08:36:05.774+0000][1][gc,metaspace ] GC(70) Metaspace: 68474K->68474K(1112064K)
[2019-12-09T08:36:05.774+0000][1][gc           ] GC(70) Pause Young (Allocation Failure) 136M->67M(247M) 1.408ms
[2019-12-09T08:36:05.774+0000][1][gc,cpu       ] GC(70) User=0.00s Sys=0.00s Real=0.00s
[2019-12-09T08:36:05.774+0000][1][safepoint    ] Leaving safepoint region
[2019-12-09T08:36:05.774+0000][1][safepoint    ] Total time for which application threads were stopped: 0.0015440 seconds, Stopping threads took: 0.0000150 seconds
[2019-12-09T08:36:06.774+0000][1][safepoint    ] Application time: 1.0000869 seconds
[2019-12-09T08:36:06.774+0000][1][safepoint    ] Entering safepoint region: Cleanup
[2019-12-09T08:36:06.774+0000][1][safepoint    ] Leaving safepoint region
[2019-12-09T08:36:06.774+0000][1][safepoint    ] Total time for which application threads were stopped: 0.0000663 seconds, Stopping threads took: 0.0000167 seconds
[2019-12-09T08:36:07.774+0000][1][safepoint    ] Application time: 1.0000757 seconds
[2019-12-09T08:36:07.774+0000][1][safepoint    ] Entering safepoint region: Cleanup
[2019-12-09T08:36:07.774+0000][1][safepoint    ] Leaving safepoint region
[2019-12-09T08:36:07.774+0000][1][safepoint    ] Total time for which application threads were stopped: 0.0000681 seconds, Stopping threads took: 0.0000168 seconds
[2019-12-09T08:36:08.774+0000][1][safepoint    ] Application time: 1.0000751 seconds
[2019-12-09T08:36:08.774+0000][1][safepoint    ] Entering safepoint region: Cleanup
[2019-12-09T08:36:08.775+0000][1][safepoint    ] Leaving safepoint region
[2019-12-09T08:36:08.775+0000][1][safepoint    ] Total time for which application threads were stopped: 0.0000676 seconds, Stopping threads took: 0.0000172 seconds
[2019-12-09T08:36:09.775+0000][1][safepoint    ] Application time: 1.0000764 seconds
[2019-12-09T08:36:09.775+0000][1][safepoint    ] Entering safepoint region: Cleanup
[2019-12-09T08:36:09.775+0000][1][safepoint    ] Leaving safepoint region
[2019-12-09T08:36:09.775+0000][1][safepoint    ] Total time for which application threads were stopped: 0.0000752 seconds, Stopping threads took: 0.0000170 seconds
[2019-12-09T08:36:10.775+0000][1][safepoint    ] Application time: 1.0000767 seconds
[2019-12-09T08:36:10.775+0000][1][safepoint    ] Entering safepoint region: Cleanup
[2019-12-09T08:36:10.775+0000][1][safepoint    ] Leaving safepoint region
[2019-12-09T08:36:10.775+0000][1][safepoint    ] Total time for which application threads were stopped: 0.0000686 seconds, Stopping threads took: 0.0000171 seconds
[2019-12-09T08:36:11.775+0000][1][safepoint    ] Application time: 1.0000762 seconds
[2019-12-09T08:36:11.775+0000][1][safepoint    ] Entering safepoint region: Cleanup
[2019-12-09T08:36:11.775+0000][1][safepoint    ] Leaving safepoint region
[2019-12-09T08:36:11.775+0000][1][safepoint    ] Total time for which application threads were stopped: 0.0000709 seconds, Stopping threads took: 0.0000178 seconds
[2019-12-09T08:36:12.775+0000][1][safepoint    ] Application time: 1.0000767 seconds
[2019-12-09T08:36:12.775+0000][1][safepoint    ] Entering safepoint region: Cleanup
[2019-12-09T08:36:12.775+0000][1][safepoint    ] Leaving safepoint region
[2019-12-09T08:36:12.775+0000][1][safepoint    ] Total time for which application threads were stopped: 0.0000689 seconds, Stopping threads took: 0.0000169 seconds
[2019-12-09T08:36:13.775+0000][1][safepoint    ] Application time: 1.0000814 seconds
[2019-12-09T08:36:13.775+0000][1][safepoint    ] Entering safepoint region: Cleanup
[2019-12-09T08:36:13.775+0000][1][safepoint    ] Leaving safepoint region
[2019-12-09T08:36:13.775+0000][1][safepoint    ] Total time for which application threads were stopped: 0.0000828 seconds, Stopping threads took: 0.0000212 seconds
[2019-12-09T08:36:14.776+0000][1][safepoint    ] Application time: 1.0000782 seconds
[2019-12-09T08:36:14.776+0000][1][safepoint    ] Entering safepoint region: Cleanup
[2019-12-09T08:36:14.776+0000][1][safepoint    ] Leaving safepoint region
[2019-12-09T08:36:14.776+0000][1][safepoint    ] Total time for which application threads were stopped: 0.0000773 seconds, Stopping threads took: 0.0000177 seconds
[2019-12-09T08:36:15.776+0000][1][safepoint    ] Application time: 1.0000766 seconds
[2019-12-09T08:36:15.776+0000][1][safepoint    ] Entering safepoint region: Cleanup
[2019-12-09T08:36:15.776+0000][1][safepoint    ] Leaving safepoint region
[2019-12-09T08:36:15.776+0000][1][safepoint    ] Total time for which application threads were stopped: 0.0000731 seconds, Stopping threads took: 0.0000192 seconds
[2019-12-09T08:36:16.776+0000][1][safepoint    ] Application time: 1.0000753 seconds
[2019-12-09T08:36:16.776+0000][1][safepoint    ] Entering safepoint region: Cleanup
[2019-12-09T08:36:16.776+0000][1][safepoint    ] Leaving safepoint region
[2019-12-09T08:36:16.776+0000][1][safepoint    ] Total time for which application threads were stopped: 0.0000678 seconds, Stopping threads took: 0.0000181 seconds
[2019-12-09T08:36:17.776+0000][1][safepoint    ] Application time: 1.0000758 seconds
[2019-12-09T08:36:17.776+0000][1][safepoint    ] Entering safepoint region: Cleanup
[2019-12-09T08:36:17.776+0000][1][safepoint    ] Leaving safepoint region
[2019-12-09T08:36:17.776+0000][1][safepoint    ] Total time for which application threads were stopped: 0.0000658 seconds, Stopping threads took: 0.0000163 seconds
[2019-12-09T08:36:18.776+0000][1][safepoint    ] Application time: 1.0000587 seconds
[2019-12-09T08:36:18.776+0000][1][safepoint    ] Entering safepoint region: Cleanup
[2019-12-09T08:36:18.776+0000][1][safepoint    ] Leaving safepoint region
[2019-12-09T08:36:18.776+0000][1][safepoint    ] Total time for which application threads were stopped: 0.0000685 seconds, Stopping threads took: 0.0000172 seconds
[2019-12-09T08:36:19.777+0000][1][safepoint    ] Application time: 1.0000749 seconds
[2019-12-09T08:36:19.777+0000][1][safepoint    ] Entering safepoint region: Cleanup
[2019-12-09T08:36:19.777+0000][1][safepoint    ] Leaving safepoint region
[2019-12-09T08:36:19.777+0000][1][safepoint    ] Total time for which application threads were stopped: 0.0000853 seconds, Stopping threads took: 0.0000200 seconds
[2019-12-09T08:36:20.777+0000][1][safepoint    ] Application time: 1.0000854 seconds
[2019-12-09T08:36:20.777+0000][1][safepoint    ] Entering safepoint region: Cleanup
[2019-12-09T08:36:20.777+0000][1][safepoint    ] Leaving safepoint region
[2019-12-09T08:36:20.777+0000][1][safepoint    ] Total time for which application threads were stopped: 0.0000691 seconds, Stopping threads took: 0.0000167 seconds
[2019-12-09T08:36:21.777+0000][1][safepoint    ] Application time: 1.0000770 seconds
[2019-12-09T08:36:21.777+0000][1][safepoint    ] Entering safepoint region: Cleanup
[2019-12-09T08:36:21.777+0000][1][safepoint    ] Leaving safepoint region
[2019-12-09T08:36:21.777+0000][1][safepoint    ] Total time for which application threads were stopped: 0.0000671 seconds, Stopping threads took: 0.0000176 seconds
[2019-12-09T08:36:22.777+0000][1][safepoint    ] Application time: 1.0000747 seconds
[2019-12-09T08:36:22.777+0000][1][safepoint    ] Entering safepoint region: Cleanup
[2019-12-09T08:36:22.777+0000][1][safepoint    ] Leaving safepoint region
[2019-12-09T08:36:22.777+0000][1][safepoint    ] Total time for which application threads were stopped: 0.0000696 seconds, Stopping threads took: 0.0000178 seconds
[2019-12-09T08:36:23.777+0000][1][safepoint    ] Application time: 1.0000747 seconds
[2019-12-09T08:36:23.777+0000][1][safepoint    ] Entering safepoint region: Cleanup
[2019-12-09T08:36:23.777+0000][1][safepoint    ] Leaving safepoint region
[2019-12-09T08:36:23.777+0000][1][safepoint    ] Total time for which application threads were stopped: 0.0000667 seconds, Stopping threads took: 0.0000171 seconds
[2019-12-09T08:36:24.778+0000][1][safepoint    ] Application time: 1.0000727 seconds
[2019-12-09T08:36:24.778+0000][1][safepoint    ] Entering safepoint region: Cleanup
[2019-12-09T08:36:24.778+0000][1][safepoint    ] Leaving safepoint region
[2019-12-09T08:36:24.778+0000][1][safepoint    ] Total time for which application threads were stopped: 0.0000832 seconds, Stopping threads took: 0.0000170 seconds
[2019-12-09T08:36:25.778+0000][1][safepoint    ] Application time: 1.0000755 seconds
[2019-12-09T08:36:25.778+0000][1][safepoint    ] Entering safepoint region: Cleanup
[2019-12-09T08:36:25.778+0000][1][safepoint    ] Leaving safepoint region
[2019-12-09T08:36:25.778+0000][1][safepoint    ] Total time for which application threads were stopped: 0.0000706 seconds, Stopping threads took: 0.0000182 seconds
[2019-12-09T08:36:26.778+0000][1][safepoint    ] Application time: 1.0000751 seconds
[2019-12-09T08:36:26.778+0000][1][safepoint    ] Entering safepoint region: Cleanup
[2019-12-09T08:36:26.778+0000][1][safepoint    ] Leaving safepoint region
[2019-12-09T08:36:26.778+0000][1][safepoint    ] Total time for which application threads were stopped: 0.0000674 seconds, Stopping threads took: 0.0000158 seconds
[2019-12-09T08:36:27.778+0000][1][safepoint    ] Application time: 1.0000748 seconds
[2019-12-09T08:36:27.778+0000][1][safepoint    ] Entering safepoint region: Cleanup
[2019-12-09T08:36:27.778+0000][1][safepoint    ] Leaving safepoint region
[2019-12-09T08:36:27.778+0000][1][safepoint    ] Total time for which application threads were stopped: 0.0000680 seconds, Stopping threads took: 0.0000170 seconds
[2019-12-09T08:36:28.778+0000][1][safepoint    ] Application time: 1.0000745 seconds
[2019-12-09T08:36:28.778+0000][1][safepoint    ] Entering safepoint region: Cleanup
[2019-12-09T08:36:28.778+0000][1][safepoint    ] Leaving safepoint region
[2019-12-09T08:36:28.778+0000][1][safepoint    ] Total time for which application threads were stopped: 0.0000660 seconds, Stopping threads took: 0.0000162 seconds
[2019-12-09T08:36:29.778+0000][1][safepoint    ] Application time: 1.0000756 seconds
[2019-12-09T08:36:29.779+0000][1][safepoint    ] Entering safepoint region: Cleanup
[2019-12-09T08:36:29.779+0000][1][safepoint    ] Leaving safepoint region
[2019-12-09T08:36:29.779+0000][1][safepoint    ] Total time for which application threads were stopped: 0.0000687 seconds, Stopping threads took: 0.0000190 seconds
[2019-12-09T08:36:30.779+0000][1][safepoint    ] Application time: 1.0000765 seconds
[2019-12-09T08:36:30.779+0000][1][safepoint    ] Entering safepoint region: Cleanup
[2019-12-09T08:36:30.779+0000][1][safepoint    ] Leaving safepoint region
[2019-12-09T08:36:30.779+0000][1][safepoint    ] Total time for which application threads were stopped: 0.0000672 seconds, Stopping threads took: 0.0000176 seconds
[2019-12-09T08:36:31.779+0000][1][safepoint    ] Application time: 1.0000778 seconds
[2019-12-09T08:36:31.779+0000][1][safepoint    ] Entering safepoint region: Cleanup
[2019-12-09T08:36:31.779+0000][1][safepoint    ] Leaving safepoint region
[2019-12-09T08:36:31.779+0000][1][safepoint    ] Total time for which application threads were stopped: 0.0000685 seconds, Stopping threads took: 0.0000177 seconds
[2019-12-09T08:36:32.779+0000][1][safepoint    ] Application time: 1.0000778 seconds
[2019-12-09T08:36:32.779+0000][1][safepoint    ] Entering safepoint region: Cleanup
[2019-12-09T08:36:32.779+0000][1][safepoint    ] Leaving safepoint region
[2019-12-09T08:36:32.779+0000][1][safepoint    ] Total time for which application threads were stopped: 0.0000713 seconds, Stopping threads took: 0.0000176 seconds
[2019-12-09T08:36:33.779+0000][1][safepoint    ] Application time: 1.0000760 seconds
[2019-12-09T08:36:33.779+0000][1][safepoint    ] Entering safepoint region: Cleanup
[2019-12-09T08:36:33.779+0000][1][safepoint    ] Leaving safepoint region
[2019-12-09T08:36:33.779+0000][1][safepoint    ] Total time for which application threads were stopped: 0.0000765 seconds, Stopping threads took: 0.0000252 seconds
[2019-12-09T08:36:34.779+0000][1][safepoint    ] Application time: 1.0000775 seconds
[2019-12-09T08:36:34.780+0000][1][safepoint    ] Entering safepoint region: Cleanup
[2019-12-09T08:36:34.780+0000][1][safepoint    ] Leaving safepoint region
[2019-12-09T08:36:34.780+0000][1][safepoint    ] Total time for which application threads were stopped: 0.0000694 seconds, Stopping threads took: 0.0000177 seconds
[2019-12-09T08:36:35.780+0000][1][safepoint    ] Application time: 1.0000803 seconds
[2019-12-09T08:36:35.780+0000][1][safepoint    ] Entering safepoint region: Cleanup
[2019-12-09T08:36:35.780+0000][1][safepoint    ] Leaving safepoint region
[2019-12-09T08:36:35.780+0000][1][safepoint    ] Total time for which application threads were stopped: 0.0000683 seconds, Stopping threads took: 0.0000171 seconds
[2019-12-09T08:36:36.780+0000][1][safepoint    ] Application time: 1.0000790 seconds
[2019-12-09T08:36:36.780+0000][1][safepoint    ] Entering safepoint region: Cleanup
[2019-12-09T08:36:36.780+0000][1][safepoint    ] Leaving safepoint region
[2019-12-09T08:36:36.780+0000][1][safepoint    ] Total time for which application threads were stopped: 0.0000690 seconds, Stopping threads took: 0.0000180 seconds
[2019-12-09T08:36:37.780+0000][1][safepoint    ] Application time: 1.0002394 seconds
[2019-12-09T08:36:37.780+0000][1][safepoint    ] Entering safepoint region: Cleanup
[2019-12-09T08:36:37.780+0000][1][safepoint    ] Leaving safepoint region
[2019-12-09T08:36:37.780+0000][1][safepoint    ] Total time for which application threads were stopped: 0.0000942 seconds, Stopping threads took: 0.0000286 seconds
[2019-12-09T08:36:38.780+0000][1][safepoint    ] Application time: 1.0000767 seconds
[2019-12-09T08:36:38.780+0000][1][safepoint    ] Entering safepoint region: Cleanup
[2019-12-09T08:36:38.781+0000][1][safepoint    ] Leaving safepoint region
[2019-12-09T08:36:38.781+0000][1][safepoint    ] Total time for which application threads were stopped: 0.0000668 seconds, Stopping threads took: 0.0000175 seconds
[2019-12-09T08:36:39.781+0000][1][safepoint    ] Application time: 1.0000762 seconds
[2019-12-09T08:36:39.781+0000][1][safepoint    ] Entering safepoint region: Cleanup
[2019-12-09T08:36:39.781+0000][1][safepoint    ] Leaving safepoint region
[2019-12-09T08:36:39.781+0000][1][safepoint    ] Total time for which application threads were stopped: 0.0000769 seconds, Stopping threads took: 0.0000263 seconds
[2019-12-09T08:36:40.781+0000][1][safepoint    ] Application time: 1.0000758 seconds
[2019-12-09T08:36:40.781+0000][1][safepoint    ] Entering safepoint region: Cleanup
[2019-12-09T08:36:40.781+0000][1][safepoint    ] Leaving safepoint region
[2019-12-09T08:36:40.781+0000][1][safepoint    ] Total time for which application threads were stopped: 0.0000677 seconds, Stopping threads took: 0.0000171 seconds
[2019-12-09T08:36:41.781+0000][1][safepoint    ] Application time: 1.0000767 seconds
[2019-12-09T08:36:41.781+0000][1][safepoint    ] Entering safepoint region: Cleanup
[2019-12-09T08:36:41.781+0000][1][safepoint    ] Leaving safepoint region
[2019-12-09T08:36:41.781+0000][1][safepoint    ] Total time for which application threads were stopped: 0.0000697 seconds, Stopping threads took: 0.0000177 seconds
[2019-12-09T08:36:42.781+0000][1][safepoint    ] Application time: 1.0000775 seconds
[2019-12-09T08:36:42.781+0000][1][safepoint    ] Entering safepoint region: Cleanup
[2019-12-09T08:36:42.781+0000][1][safepoint    ] Leaving safepoint region
[2019-12-09T08:36:42.781+0000][1][safepoint    ] Total time for which application threads were stopped: 0.0000699 seconds, Stopping threads took: 0.0000180 seconds
[2019-12-09T08:36:43.781+0000][1][safepoint    ] Application time: 1.0000751 seconds
[2019-12-09T08:36:43.781+0000][1][safepoint    ] Entering safepoint region: Cleanup
[2019-12-09T08:36:43.782+0000][1][safepoint    ] Leaving safepoint region
[2019-12-09T08:36:43.782+0000][1][safepoint    ] Total time for which application threads were stopped: 0.0000670 seconds, Stopping threads took: 0.0000179 seconds
[2019-12-09T08:36:44.782+0000][1][safepoint    ] Application time: 1.0000762 seconds
[2019-12-09T08:36:44.782+0000][1][safepoint    ] Entering safepoint region: Cleanup
[2019-12-09T08:36:44.782+0000][1][safepoint    ] Leaving safepoint region
[2019-12-09T08:36:44.782+0000][1][safepoint    ] Total time for which application threads were stopped: 0.0000793 seconds, Stopping threads took: 0.0000180 seconds
[2019-12-09T08:36:45.782+0000][1][safepoint    ] Application time: 1.0000754 seconds
[2019-12-09T08:36:45.782+0000][1][safepoint    ] Entering safepoint region: Cleanup
[2019-12-09T08:36:45.782+0000][1][safepoint    ] Leaving safepoint region
[2019-12-09T08:36:45.782+0000][1][safepoint    ] Total time for which application threads were stopped: 0.0000689 seconds, Stopping threads took: 0.0000171 seconds
[2019-12-09T08:36:46.801+0000][1][safepoint    ] Application time: 1.0191952 seconds
[2019-12-09T08:36:46.801+0000][1][safepoint    ] Entering safepoint region: Cleanup
[2019-12-09T08:36:46.801+0000][1][safepoint    ] Leaving safepoint region
[2019-12-09T08:36:46.801+0000][1][safepoint    ] Total time for which application threads were stopped: 0.0000601 seconds, Stopping threads took: 0.0000139 seconds
[2019-12-09T08:36:47.801+0000][1][safepoint    ] Application time: 1.0000756 seconds
[2019-12-09T08:36:47.801+0000][1][safepoint    ] Entering safepoint region: Cleanup
[2019-12-09T08:36:47.801+0000][1][safepoint    ] Leaving safepoint region
[2019-12-09T08:36:47.801+0000][1][safepoint    ] Total time for which application threads were stopped: 0.0000640 seconds, Stopping threads took: 0.0000149 seconds
[2019-12-09T08:36:48.801+0000][1][safepoint    ] Application time: 1.0000738 seconds
[2019-12-09T08:36:48.802+0000][1][safepoint    ] Entering safepoint region: Cleanup
[2019-12-09T08:36:48.802+0000][1][safepoint    ] Leaving safepoint region
[2019-12-09T08:36:48.802+0000][1][safepoint    ] Total time for which application threads were stopped: 0.0000787 seconds, Stopping threads took: 0.0000148 seconds
[2019-12-09T08:36:49.802+0000][1][safepoint    ] Application time: 1.0000856 seconds
[2019-12-09T08:36:49.802+0000][1][safepoint    ] Entering safepoint region: Cleanup
[2019-12-09T08:36:49.802+0000][1][safepoint    ] Leaving safepoint region
[2019-12-09T08:36:49.802+0000][1][safepoint    ] Total time for which application threads were stopped: 0.0000626 seconds, Stopping threads took: 0.0000143 seconds
[2019-12-09T08:36:50.802+0000][1][safepoint    ] Application time: 1.0000766 seconds
[2019-12-09T08:36:50.802+0000][1][safepoint    ] Entering safepoint region: Cleanup
[2019-12-09T08:36:50.802+0000][1][safepoint    ] Leaving safepoint region
[2019-12-09T08:36:50.802+0000][1][safepoint    ] Total time for which application threads were stopped: 0.0000669 seconds, Stopping threads took: 0.0000154 seconds
[2019-12-09T08:36:51.802+0000][1][safepoint    ] Application time: 1.0000751 seconds
[2019-12-09T08:36:51.802+0000][1][safepoint    ] Entering safepoint region: Cleanup
[2019-12-09T08:36:51.802+0000][1][safepoint    ] Leaving safepoint region
[2019-12-09T08:36:51.802+0000][1][safepoint    ] Total time for which application threads were stopped: 0.0000634 seconds, Stopping threads took: 0.0000155 seconds
[2019-12-09T08:36:52.802+0000][1][safepoint    ] Application time: 1.0000741 seconds
[2019-12-09T08:36:52.802+0000][1][safepoint    ] Entering safepoint region: Cleanup
[2019-12-09T08:36:52.802+0000][1][safepoint    ] Leaving safepoint region
[2019-12-09T08:36:52.802+0000][1][safepoint    ] Total time for which application threads were stopped: 0.0000689 seconds, Stopping threads took: 0.0000148 seconds
[2019-12-09T08:36:53.802+0000][1][safepoint    ] Application time: 1.0000837 seconds
[2019-12-09T08:36:53.803+0000][1][safepoint    ] Entering safepoint region: Cleanup
[2019-12-09T08:36:53.803+0000][1][safepoint    ] Leaving safepoint region
[2019-12-09T08:36:53.803+0000][1][safepoint    ] Total time for which application threads were stopped: 0.0000887 seconds, Stopping threads took: 0.0000211 seconds
[2019-12-09T08:36:54.803+0000][1][safepoint    ] Application time: 1.0000760 seconds
[2019-12-09T08:36:54.803+0000][1][safepoint    ] Entering safepoint region: Cleanup
[2019-12-09T08:36:54.803+0000][1][safepoint    ] Leaving safepoint region
[2019-12-09T08:36:54.803+0000][1][safepoint    ] Total time for which application threads were stopped: 0.0000653 seconds, Stopping threads took: 0.0000159 seconds
[2019-12-09T08:36:55.803+0000][1][safepoint    ] Application time: 1.0000752 seconds
[2019-12-09T08:36:55.803+0000][1][safepoint    ] Entering safepoint region: Cleanup
[2019-12-09T08:36:55.803+0000][1][safepoint    ] Leaving safepoint region
[2019-12-09T08:36:55.803+0000][1][safepoint    ] Total time for which application threads were stopped: 0.0000631 seconds, Stopping threads took: 0.0000151 seconds
[2019-12-09T08:36:56.803+0000][1][safepoint    ] Application time: 1.0000756 seconds
[2019-12-09T08:36:56.803+0000][1][safepoint    ] Entering safepoint region: Cleanup
[2019-12-09T08:36:56.803+0000][1][safepoint    ] Leaving safepoint region
[2019-12-09T08:36:56.803+0000][1][safepoint    ] Total time for which application threads were stopped: 0.0000734 seconds, Stopping threads took: 0.0000241 seconds
[2019-12-09T08:36:57.803+0000][1][safepoint    ] Application time: 1.0000747 seconds
[2019-12-09T08:36:57.803+0000][1][safepoint    ] Entering safepoint region: Cleanup
[2019-12-09T08:36:57.803+0000][1][safepoint    ] Leaving safepoint region
[2019-12-09T08:36:57.803+0000][1][safepoint    ] Total time for which application threads were stopped: 0.0000646 seconds, Stopping threads took: 0.0000163 seconds
[2019-12-09T08:36:58.803+0000][1][safepoint    ] Application time: 1.0000760 seconds
[2019-12-09T08:36:58.804+0000][1][safepoint    ] Entering safepoint region: Cleanup
[2019-12-09T08:36:58.804+0000][1][safepoint    ] Leaving safepoint region
[2019-12-09T08:36:58.804+0000][1][safepoint    ] Total time for which application threads were stopped: 0.0000669 seconds, Stopping threads took: 0.0000167 seconds
[2019-12-09T08:36:59.804+0000][1][safepoint    ] Application time: 1.0000779 seconds
[2019-12-09T08:36:59.804+0000][1][safepoint    ] Entering safepoint region: Cleanup
[2019-12-09T08:36:59.804+0000][1][safepoint    ] Leaving safepoint region
[2019-12-09T08:36:59.804+0000][1][safepoint    ] Total time for which application threads were stopped: 0.0000655 seconds, Stopping threads took: 0.0000166 seconds
[2019-12-09T08:37:01.796+0000][1][safepoint    ] Application time: 1.9923405 seconds
[2019-12-09T08:37:01.796+0000][1][safepoint    ] Entering safepoint region: Cleanup
[2019-12-09T08:37:01.796+0000][1][safepoint    ] Leaving safepoint region
[2019-12-09T08:37:01.796+0000][1][safepoint    ] Total time for which application threads were stopped: 0.0001083 seconds, Stopping threads took: 0.0000276 seconds
[2019-12-09T08:37:02.796+0000][1][safepoint    ] Application time: 1.0000768 seconds
[2019-12-09T08:37:02.796+0000][1][safepoint    ] Entering safepoint region: Cleanup
[2019-12-09T08:37:02.796+0000][1][safepoint    ] Leaving safepoint region
[2019-12-09T08:37:02.796+0000][1][safepoint    ] Total time for which application threads were stopped: 0.0000649 seconds, Stopping threads took: 0.0000150 seconds
[2019-12-09T08:37:03.797+0000][1][safepoint    ] Application time: 1.0000740 seconds
[2019-12-09T08:37:03.797+0000][1][safepoint    ] Entering safepoint region: Cleanup
[2019-12-09T08:37:03.797+0000][1][safepoint    ] Leaving safepoint region
[2019-12-09T08:37:03.797+0000][1][safepoint    ] Total time for which application threads were stopped: 0.0000707 seconds, Stopping threads took: 0.0000224 seconds
[2019-12-09T08:37:04.797+0000][1][safepoint    ] Application time: 1.0000734 seconds
[2019-12-09T08:37:04.797+0000][1][safepoint    ] Entering safepoint region: Cleanup
[2019-12-09T08:37:04.797+0000][1][safepoint    ] Leaving safepoint region
[2019-12-09T08:37:04.797+0000][1][safepoint    ] Total time for which application threads were stopped: 0.0000610 seconds, Stopping threads took: 0.0000145 seconds
[2019-12-09T08:37:05.797+0000][1][safepoint    ] Application time: 1.0000791 seconds
[2019-12-09T08:37:05.797+0000][1][safepoint    ] Entering safepoint region: Cleanup
[2019-12-09T08:37:05.797+0000][1][safepoint    ] Leaving safepoint region
[2019-12-09T08:37:05.797+0000][1][safepoint    ] Total time for which application threads were stopped: 0.0000698 seconds, Stopping threads took: 0.0000190 seconds
[2019-12-09T08:37:06.797+0000][1][safepoint    ] Application time: 1.0000779 seconds
[2019-12-09T08:37:06.797+0000][1][safepoint    ] Entering safepoint region: Cleanup
[2019-12-09T08:37:06.797+0000][1][safepoint    ] Leaving safepoint region
[2019-12-09T08:37:06.797+0000][1][safepoint    ] Total time for which application threads were stopped: 0.0000640 seconds, Stopping threads took: 0.0000151 seconds
[2019-12-09T08:37:07.797+0000][1][safepoint    ] Application time: 1.0000747 seconds
[2019-12-09T08:37:07.797+0000][1][safepoint    ] Entering safepoint region: Cleanup
[2019-12-09T08:37:07.797+0000][1][safepoint    ] Leaving safepoint region
[2019-12-09T08:37:07.797+0000][1][safepoint    ] Total time for which application threads were stopped: 0.0000704 seconds, Stopping threads took: 0.0000219 seconds
[2019-12-09T08:37:08.798+0000][1][safepoint    ] Application time: 1.0000746 seconds
[2019-12-09T08:37:08.798+0000][1][safepoint    ] Entering safepoint region: Cleanup
[2019-12-09T08:37:08.798+0000][1][safepoint    ] Leaving safepoint region
[2019-12-09T08:37:08.798+0000][1][safepoint    ] Total time for which application threads were stopped: 0.0000621 seconds, Stopping threads took: 0.0000140 seconds
[2019-12-09T08:37:09.798+0000][1][safepoint    ] Application time: 1.0000828 seconds
[2019-12-09T08:37:09.798+0000][1][safepoint    ] Entering safepoint region: Cleanup
[2019-12-09T08:37:09.798+0000][1][safepoint    ] Leaving safepoint region
[2019-12-09T08:37:09.798+0000][1][safepoint    ] Total time for which application threads were stopped: 0.0000601 seconds, Stopping threads took: 0.0000141 seconds
[2019-12-09T08:37:10.798+0000][1][safepoint    ] Application time: 1.0000817 seconds
[2019-12-09T08:37:10.798+0000][1][safepoint    ] Entering safepoint region: Cleanup
[2019-12-09T08:37:10.798+0000][1][safepoint    ] Leaving safepoint region
[2019-12-09T08:37:10.798+0000][1][safepoint    ] Total time for which application threads were stopped: 0.0000645 seconds, Stopping threads took: 0.0000146 seconds
[2019-12-09T08:37:11.798+0000][1][safepoint    ] Application time: 1.0000769 seconds
[2019-12-09T08:37:11.798+0000][1][safepoint    ] Entering safepoint region: Cleanup
[2019-12-09T08:37:11.798+0000][1][safepoint    ] Leaving safepoint region
[2019-12-09T08:37:11.798+0000][1][safepoint    ] Total time for which application threads were stopped: 0.0000735 seconds, Stopping threads took: 0.0000164 seconds
[2019-12-09T08:37:12.798+0000][1][safepoint    ] Application time: 1.0000749 seconds
[2019-12-09T08:37:12.798+0000][1][safepoint    ] Entering safepoint region: Cleanup
[2019-12-09T08:37:12.798+0000][1][safepoint    ] Leaving safepoint region
[2019-12-09T08:37:12.798+0000][1][safepoint    ] Total time for which application threads were stopped: 0.0000639 seconds, Stopping threads took: 0.0000149 seconds
[2019-12-09T08:37:13.798+0000][1][safepoint    ] Application time: 1.0000749 seconds
[2019-12-09T08:37:13.799+0000][1][safepoint    ] Entering safepoint region: Cleanup
[2019-12-09T08:37:13.799+0000][1][safepoint    ] Leaving safepoint region
[2019-12-09T08:37:13.799+0000][1][safepoint    ] Total time for which application threads were stopped: 0.0000754 seconds, Stopping threads took: 0.0000151 seconds
[2019-12-09T08:37:14.799+0000][1][safepoint    ] Application time: 1.0000782 seconds
[2019-12-09T08:37:14.799+0000][1][safepoint    ] Entering safepoint region: Cleanup
[2019-12-09T08:37:14.799+0000][1][safepoint    ] Leaving safepoint region
[2019-12-09T08:37:14.799+0000][1][safepoint    ] Total time for which application threads were stopped: 0.0000624 seconds, Stopping threads took: 0.0000151 seconds
[2019-12-09T08:37:15.799+0000][1][safepoint    ] Application time: 1.0003574 seconds
[2019-12-09T08:37:15.799+0000][1][safepoint    ] Entering safepoint region: Cleanup
[2019-12-09T08:37:15.799+0000][1][safepoint    ] Leaving safepoint region
[2019-12-09T08:37:15.799+0000][1][safepoint    ] Total time for which application threads were stopped: 0.0000802 seconds, Stopping threads took: 0.0000212 seconds
[2019-12-09T08:37:16.799+0000][1][safepoint    ] Application time: 1.0000793 seconds
[2019-12-09T08:37:16.799+0000][1][safepoint    ] Entering safepoint region: Cleanup
[2019-12-09T08:37:16.799+0000][1][safepoint    ] Leaving safepoint region
[2019-12-09T08:37:16.799+0000][1][safepoint    ] Total time for which application threads were stopped: 0.0000656 seconds, Stopping threads took: 0.0000158 seconds
[2019-12-09T08:37:17.800+0000][1][safepoint    ] Application time: 1.0000762 seconds
[2019-12-09T08:37:17.800+0000][1][safepoint    ] Entering safepoint region: Cleanup
[2019-12-09T08:37:17.800+0000][1][safepoint    ] Leaving safepoint region
[2019-12-09T08:37:17.800+0000][1][safepoint    ] Total time for which application threads were stopped: 0.0000761 seconds, Stopping threads took: 0.0000254 seconds
[2019-12-09T08:37:18.800+0000][1][safepoint    ] Application time: 1.0000764 seconds
[2019-12-09T08:37:18.800+0000][1][safepoint    ] Entering safepoint region: Cleanup
[2019-12-09T08:37:18.800+0000][1][safepoint    ] Leaving safepoint region
[2019-12-09T08:37:18.800+0000][1][safepoint    ] Total time for which application threads were stopped: 0.0000663 seconds, Stopping threads took: 0.0000162 seconds
[2019-12-09T08:37:19.800+0000][1][safepoint    ] Application time: 1.0000766 seconds
[2019-12-09T08:37:19.800+0000][1][safepoint    ] Entering safepoint region: Cleanup
[2019-12-09T08:37:19.800+0000][1][safepoint    ] Leaving safepoint region
[2019-12-09T08:37:19.800+0000][1][safepoint    ] Total time for which application threads were stopped: 0.0000655 seconds, Stopping threads took: 0.0000156 seconds
[2019-12-09T08:37:20.800+0000][1][safepoint    ] Application time: 1.0003037 seconds
[2019-12-09T08:37:20.800+0000][1][safepoint    ] Entering safepoint region: Cleanup
[2019-12-09T08:37:20.800+0000][1][safepoint    ] Leaving safepoint region
[2019-12-09T08:37:20.800+0000][1][safepoint    ] Total time for which application threads were stopped: 0.0000774 seconds, Stopping threads took: 0.0000230 seconds
[2019-12-09T08:37:21.801+0000][1][safepoint    ] Application time: 1.0000874 seconds
[2019-12-09T08:37:21.801+0000][1][safepoint    ] Entering safepoint region: Cleanup
[2019-12-09T08:37:21.801+0000][1][safepoint    ] Leaving safepoint region
[2019-12-09T08:37:21.801+0000][1][safepoint    ] Total time for which application threads were stopped: 0.0000775 seconds, Stopping threads took: 0.0000174 seconds
[2019-12-09T08:37:22.801+0000][1][safepoint    ] Application time: 1.0000776 seconds
[2019-12-09T08:37:22.801+0000][1][safepoint    ] Entering safepoint region: Cleanup
[2019-12-09T08:37:22.801+0000][1][safepoint    ] Leaving safepoint region
[2019-12-09T08:37:22.801+0000][1][safepoint    ] Total time for which application threads were stopped: 0.0000675 seconds, Stopping threads took: 0.0000178 seconds
[2019-12-09T08:37:23.801+0000][1][safepoint    ] Application time: 1.0000773 seconds
[2019-12-09T08:37:23.801+0000][1][safepoint    ] Entering safepoint region: Cleanup
[2019-12-09T08:37:23.801+0000][1][safepoint    ] Leaving safepoint region
[2019-12-09T08:37:23.801+0000][1][safepoint    ] Total time for which application threads were stopped: 0.0000669 seconds, Stopping threads took: 0.0000183 seconds
[2019-12-09T08:37:24.801+0000][1][safepoint    ] Application time: 1.0000769 seconds
[2019-12-09T08:37:24.801+0000][1][safepoint    ] Entering safepoint region: Cleanup
[2019-12-09T08:37:24.801+0000][1][safepoint    ] Leaving safepoint region
[2019-12-09T08:37:24.801+0000][1][safepoint    ] Total time for which application threads were stopped: 0.0000673 seconds, Stopping threads took: 0.0000163 seconds
[2019-12-09T08:37:25.801+0000][1][safepoint    ] Application time: 1.0000860 seconds
[2019-12-09T08:37:25.801+0000][1][safepoint    ] Entering safepoint region: Cleanup
[2019-12-09T08:37:25.802+0000][1][safepoint    ] Leaving safepoint region
[2019-12-09T08:37:25.802+0000][1][safepoint    ] Total time for which application threads were stopped: 0.0001090 seconds, Stopping threads took: 0.0000515 seconds
[2019-12-09T08:37:26.802+0000][1][safepoint    ] Application time: 1.0000865 seconds
[2019-12-09T08:37:26.802+0000][1][safepoint    ] Entering safepoint region: Cleanup
[2019-12-09T08:37:26.802+0000][1][safepoint    ] Leaving safepoint region
[2019-12-09T08:37:26.802+0000][1][safepoint    ] Total time for which application threads were stopped: 0.0000781 seconds, Stopping threads took: 0.0000167 seconds
[2019-12-09T08:37:27.802+0000][1][safepoint    ] Application time: 1.0000780 seconds
[2019-12-09T08:37:27.802+0000][1][safepoint    ] Entering safepoint region: Cleanup
[2019-12-09T08:37:27.802+0000][1][safepoint    ] Leaving safepoint region
[2019-12-09T08:37:27.802+0000][1][safepoint    ] Total time for which application threads were stopped: 0.0000751 seconds, Stopping threads took: 0.0000166 seconds
[2019-12-09T08:37:28.802+0000][1][safepoint    ] Application time: 1.0000767 seconds
[2019-12-09T08:37:28.802+0000][1][safepoint    ] Entering safepoint region: Cleanup
[2019-12-09T08:37:28.802+0000][1][safepoint    ] Leaving safepoint region
[2019-12-09T08:37:28.802+0000][1][safepoint    ] Total time for which application threads were stopped: 0.0000681 seconds, Stopping threads took: 0.0000185 seconds
[2019-12-09T08:37:29.802+0000][1][safepoint    ] Application time: 1.0000758 seconds
[2019-12-09T08:37:29.802+0000][1][safepoint    ] Entering safepoint region: Cleanup
[2019-12-09T08:37:29.802+0000][1][safepoint    ] Leaving safepoint region
[2019-12-09T08:37:29.802+0000][1][safepoint    ] Total time for which application threads were stopped: 0.0000683 seconds, Stopping threads took: 0.0000164 seconds
[2019-12-09T08:37:30.802+0000][1][safepoint    ] Application time: 1.0000769 seconds
[2019-12-09T08:37:30.802+0000][1][safepoint    ] Entering safepoint region: Cleanup
[2019-12-09T08:37:30.802+0000][1][safepoint    ] Leaving safepoint region
[2019-12-09T08:37:30.802+0000][1][safepoint    ] Total time for which application threads were stopped: 0.0000658 seconds, Stopping threads took: 0.0000171 seconds
[2019-12-09T08:37:31.803+0000][1][safepoint    ] Application time: 1.0000773 seconds
[2019-12-09T08:37:31.803+0000][1][safepoint    ] Entering safepoint region: Cleanup
[2019-12-09T08:37:31.803+0000][1][safepoint    ] Leaving safepoint region
[2019-12-09T08:37:31.803+0000][1][safepoint    ] Total time for which application threads were stopped: 0.0000670 seconds, Stopping threads took: 0.0000168 seconds
[2019-12-09T08:37:32.803+0000][1][safepoint    ] Application time: 1.0000786 seconds
[2019-12-09T08:37:32.803+0000][1][safepoint    ] Entering safepoint region: Cleanup
[2019-12-09T08:37:32.803+0000][1][safepoint    ] Leaving safepoint region
[2019-12-09T08:37:32.803+0000][1][safepoint    ] Total time for which application threads were stopped: 0.0000672 seconds, Stopping threads took: 0.0000171 seconds
[2019-12-09T08:37:33.803+0000][1][safepoint    ] Application time: 1.0000829 seconds
[2019-12-09T08:37:33.803+0000][1][safepoint    ] Entering safepoint region: Cleanup
[2019-12-09T08:37:33.803+0000][1][safepoint    ] Leaving safepoint region
[2019-12-09T08:37:33.803+0000][1][safepoint    ] Total time for which application threads were stopped: 0.0001049 seconds, Stopping threads took: 0.0000332 seconds
[2019-12-09T08:37:34.803+0000][1][safepoint    ] Application time: 1.0000757 seconds
[2019-12-09T08:37:34.803+0000][1][safepoint    ] Entering safepoint region: Cleanup
[2019-12-09T08:37:34.803+0000][1][safepoint    ] Leaving safepoint region
[2019-12-09T08:37:34.803+0000][1][safepoint    ] Total time for which application threads were stopped: 0.0000775 seconds, Stopping threads took: 0.0000172 seconds
[2019-12-09T08:37:35.807+0000][1][safepoint    ] Application time: 1.0036214 seconds
[2019-12-09T08:37:35.807+0000][1][safepoint    ] Entering safepoint region: Cleanup
[2019-12-09T08:37:35.807+0000][1][safepoint    ] Leaving safepoint region
[2019-12-09T08:37:35.807+0000][1][safepoint    ] Total time for which application threads were stopped: 0.0000618 seconds, Stopping threads took: 0.0000138 seconds
[2019-12-09T08:37:36.807+0000][1][safepoint    ] Application time: 1.0000721 seconds
[2019-12-09T08:37:36.807+0000][1][safepoint    ] Entering safepoint region: Cleanup
[2019-12-09T08:37:36.807+0000][1][safepoint    ] Leaving safepoint region
[2019-12-09T08:37:36.807+0000][1][safepoint    ] Total time for which application threads were stopped: 0.0000813 seconds, Stopping threads took: 0.0000148 seconds
[2019-12-09T08:37:37.807+0000][1][safepoint    ] Application time: 1.0000753 seconds
[2019-12-09T08:37:37.807+0000][1][safepoint    ] Entering safepoint region: Cleanup
[2019-12-09T08:37:37.807+0000][1][safepoint    ] Leaving safepoint region
[2019-12-09T08:37:37.807+0000][1][safepoint    ] Total time for which application threads were stopped: 0.0000705 seconds, Stopping threads took: 0.0000148 seconds
[2019-12-09T08:37:38.808+0000][1][safepoint    ] Application time: 1.0000736 seconds
[2019-12-09T08:37:38.808+0000][1][safepoint    ] Entering safepoint region: Cleanup
[2019-12-09T08:37:38.808+0000][1][safepoint    ] Leaving safepoint region
[2019-12-09T08:37:38.808+0000][1][safepoint    ] Total time for which application threads were stopped: 0.0000809 seconds, Stopping threads took: 0.0000147 seconds
[2019-12-09T08:37:39.808+0000][1][safepoint    ] Application time: 1.0000810 seconds
[2019-12-09T08:37:39.808+0000][1][safepoint    ] Entering safepoint region: Cleanup
[2019-12-09T08:37:39.808+0000][1][safepoint    ] Leaving safepoint region
[2019-12-09T08:37:39.808+0000][1][safepoint    ] Total time for which application threads were stopped: 0.0000641 seconds, Stopping threads took: 0.0000158 seconds
[2019-12-09T08:37:40.808+0000][1][safepoint    ] Application time: 1.0000754 seconds
[2019-12-09T08:37:40.808+0000][1][safepoint    ] Entering safepoint region: Cleanup
[2019-12-09T08:37:40.808+0000][1][safepoint    ] Leaving safepoint region
[2019-12-09T08:37:40.808+0000][1][safepoint    ] Total time for which application threads were stopped: 0.0000620 seconds, Stopping threads took: 0.0000141 seconds
[2019-12-09T08:37:41.808+0000][1][safepoint    ] Application time: 1.0000778 seconds
[2019-12-09T08:37:41.808+0000][1][safepoint    ] Entering safepoint region: Cleanup
[2019-12-09T08:37:41.808+0000][1][safepoint    ] Leaving safepoint region
[2019-12-09T08:37:41.808+0000][1][safepoint    ] Total time for which application threads were stopped: 0.0000673 seconds, Stopping threads took: 0.0000160 seconds
[2019-12-09T08:37:42.808+0000][1][safepoint    ] Application time: 1.0000763 seconds
[2019-12-09T08:37:42.808+0000][1][safepoint    ] Entering safepoint region: Cleanup
[2019-12-09T08:37:42.808+0000][1][safepoint    ] Leaving safepoint region
[2019-12-09T08:37:42.808+0000][1][safepoint    ] Total time for which application threads were stopped: 0.0000642 seconds, Stopping threads took: 0.0000145 seconds
[2019-12-09T08:37:43.808+0000][1][safepoint    ] Application time: 1.0000794 seconds
[2019-12-09T08:37:43.809+0000][1][safepoint    ] Entering safepoint region: Cleanup
[2019-12-09T08:37:43.809+0000][1][safepoint    ] Leaving safepoint region
[2019-12-09T08:37:43.809+0000][1][safepoint    ] Total time for which application threads were stopped: 0.0000882 seconds, Stopping threads took: 0.0000218 seconds
[2019-12-09T08:37:44.809+0000][1][safepoint    ] Application time: 1.0000822 seconds
[2019-12-09T08:37:44.809+0000][1][safepoint    ] Entering safepoint region: Cleanup
[2019-12-09T08:37:44.809+0000][1][safepoint    ] Leaving safepoint region
[2019-12-09T08:37:44.809+0000][1][safepoint    ] Total time for which application threads were stopped: 0.0000664 seconds, Stopping threads took: 0.0000169 seconds
[2019-12-09T08:37:45.809+0000][1][safepoint    ] Application time: 1.0000846 seconds
[2019-12-09T08:37:45.809+0000][1][safepoint    ] Entering safepoint region: Cleanup
[2019-12-09T08:37:45.809+0000][1][safepoint    ] Leaving safepoint region
[2019-12-09T08:37:45.809+0000][1][safepoint    ] Total time for which application threads were stopped: 0.0001141 seconds, Stopping threads took: 0.0000575 seconds
[2019-12-09T08:37:46.809+0000][1][safepoint    ] Application time: 1.0000830 seconds
[2019-12-09T08:37:46.809+0000][1][safepoint    ] Entering safepoint region: Cleanup
[2019-12-09T08:37:46.809+0000][1][safepoint    ] Leaving safepoint region
[2019-12-09T08:37:46.809+0000][1][safepoint    ] Total time for which application threads were stopped: 0.0000655 seconds, Stopping threads took: 0.0000156 seconds
[2019-12-09T08:37:47.809+0000][1][safepoint    ] Application time: 1.0000774 seconds
[2019-12-09T08:37:47.809+0000][1][safepoint    ] Entering safepoint region: Cleanup
[2019-12-09T08:37:47.809+0000][1][safepoint    ] Leaving safepoint region
[2019-12-09T08:37:47.809+0000][1][safepoint    ] Total time for which application threads were stopped: 0.0000736 seconds, Stopping threads took: 0.0000160 seconds
[2019-12-09T08:37:48.810+0000][1][safepoint    ] Application time: 1.0000758 seconds
[2019-12-09T08:37:48.810+0000][1][safepoint    ] Entering safepoint region: Cleanup
[2019-12-09T08:37:48.810+0000][1][safepoint    ] Leaving safepoint region
[2019-12-09T08:37:48.810+0000][1][safepoint    ] Total time for which application threads were stopped: 0.0000671 seconds, Stopping threads took: 0.0000172 seconds
[2019-12-09T08:37:49.810+0000][1][safepoint    ] Application time: 1.0000747 seconds
[2019-12-09T08:37:49.810+0000][1][safepoint    ] Entering safepoint region: Cleanup
[2019-12-09T08:37:49.810+0000][1][safepoint    ] Leaving safepoint region
[2019-12-09T08:37:49.810+0000][1][safepoint    ] Total time for which application threads were stopped: 0.0000678 seconds, Stopping threads took: 0.0000173 seconds
[2019-12-09T08:37:50.810+0000][1][safepoint    ] Application time: 1.0000844 seconds
[2019-12-09T08:37:50.810+0000][1][safepoint    ] Entering safepoint region: Cleanup
[2019-12-09T08:37:50.810+0000][1][safepoint    ] Leaving safepoint region
[2019-12-09T08:37:50.810+0000][1][safepoint    ] Total time for which application threads were stopped: 0.0001006 seconds, Stopping threads took: 0.0000443 seconds
[2019-12-09T08:37:51.810+0000][1][safepoint    ] Application time: 1.0000843 seconds
[2019-12-09T08:37:51.810+0000][1][safepoint    ] Entering safepoint region: Cleanup
[2019-12-09T08:37:51.810+0000][1][safepoint    ] Leaving safepoint region
[2019-12-09T08:37:51.810+0000][1][safepoint    ] Total time for which application threads were stopped: 0.0000657 seconds, Stopping threads took: 0.0000169 seconds
[2019-12-09T08:37:52.810+0000][1][safepoint    ] Application time: 1.0000763 seconds
[2019-12-09T08:37:52.810+0000][1][safepoint    ] Entering safepoint region: Cleanup
[2019-12-09T08:37:52.810+0000][1][safepoint    ] Leaving safepoint region
[2019-12-09T08:37:52.810+0000][1][safepoint    ] Total time for which application threads were stopped: 0.0000684 seconds, Stopping threads took: 0.0000165 seconds
[2019-12-09T08:37:53.811+0000][1][safepoint    ] Application time: 1.0001241 seconds
[2019-12-09T08:37:53.811+0000][1][safepoint    ] Entering safepoint region: Cleanup
[2019-12-09T08:37:53.811+0000][1][safepoint    ] Leaving safepoint region
[2019-12-09T08:37:53.811+0000][1][safepoint    ] Total time for which application threads were stopped: 0.0001068 seconds, Stopping threads took: 0.0000240 seconds
[2019-12-09T08:37:54.811+0000][1][safepoint    ] Application time: 1.0000766 seconds
[2019-12-09T08:37:54.811+0000][1][safepoint    ] Entering safepoint region: Cleanup
[2019-12-09T08:37:54.811+0000][1][safepoint    ] Leaving safepoint region
[2019-12-09T08:37:54.811+0000][1][safepoint    ] Total time for which application threads were stopped: 0.0000673 seconds, Stopping threads took: 0.0000170 seconds
[2019-12-09T08:37:55.811+0000][1][safepoint    ] Application time: 1.0000792 seconds
[2019-12-09T08:37:55.811+0000][1][safepoint    ] Entering safepoint region: Cleanup
[2019-12-09T08:37:55.811+0000][1][safepoint    ] Leaving safepoint region
[2019-12-09T08:37:55.811+0000][1][safepoint    ] Total time for which application threads were stopped: 0.0000705 seconds, Stopping threads took: 0.0000176 seconds
[2019-12-09T08:37:56.811+0000][1][safepoint    ] Application time: 1.0000766 seconds
[2019-12-09T08:37:56.811+0000][1][safepoint    ] Entering safepoint region: Cleanup
[2019-12-09T08:37:56.811+0000][1][safepoint    ] Leaving safepoint region
[2019-12-09T08:37:56.811+0000][1][safepoint    ] Total time for which application threads were stopped: 0.0000688 seconds, Stopping threads took: 0.0000183 seconds
[2019-12-09T08:37:57.811+0000][1][safepoint    ] Application time: 1.0000808 seconds
[2019-12-09T08:37:57.811+0000][1][safepoint    ] Entering safepoint region: Cleanup
[2019-12-09T08:37:57.811+0000][1][safepoint    ] Leaving safepoint region
[2019-12-09T08:37:57.811+0000][1][safepoint    ] Total time for which application threads were stopped: 0.0000697 seconds, Stopping threads took: 0.0000178 seconds
[2019-12-09T08:37:58.812+0000][1][safepoint    ] Application time: 1.0000786 seconds
[2019-12-09T08:37:58.812+0000][1][safepoint    ] Entering safepoint region: Cleanup
[2019-12-09T08:37:58.812+0000][1][safepoint    ] Leaving safepoint region
[2019-12-09T08:37:58.812+0000][1][safepoint    ] Total time for which application threads were stopped: 0.0000825 seconds, Stopping threads took: 0.0000180 seconds
[2019-12-09T08:37:59.812+0000][1][safepoint    ] Application time: 1.0000783 seconds
[2019-12-09T08:37:59.812+0000][1][safepoint    ] Entering safepoint region: Cleanup
[2019-12-09T08:37:59.812+0000][1][safepoint    ] Leaving safepoint region
[2019-12-09T08:37:59.812+0000][1][safepoint    ] Total time for which application threads were stopped: 0.0000667 seconds, Stopping threads took: 0.0000165 seconds
[2019-12-09T08:38:00.812+0000][1][safepoint    ] Application time: 1.0000851 seconds
[2019-12-09T08:38:00.812+0000][1][safepoint    ] Entering safepoint region: Cleanup
[2019-12-09T08:38:00.812+0000][1][safepoint    ] Leaving safepoint region
[2019-12-09T08:38:00.812+0000][1][safepoint    ] Total time for which application threads were stopped: 0.0000667 seconds, Stopping threads took: 0.0000162 seconds
[2019-12-09T08:38:01.812+0000][1][safepoint    ] Application time: 1.0000745 seconds
[2019-12-09T08:38:01.812+0000][1][safepoint    ] Entering safepoint region: Cleanup
[2019-12-09T08:38:01.812+0000][1][safepoint    ] Leaving safepoint region
[2019-12-09T08:38:01.812+0000][1][safepoint    ] Total time for which application threads were stopped: 0.0000674 seconds, Stopping threads took: 0.0000173 seconds
[2019-12-09T08:38:02.812+0000][1][safepoint    ] Application time: 1.0000790 seconds
[2019-12-09T08:38:02.812+0000][1][safepoint    ] Entering safepoint region: Cleanup
[2019-12-09T08:38:02.812+0000][1][safepoint    ] Leaving safepoint region
[2019-12-09T08:38:02.812+0000][1][safepoint    ] Total time for which application threads were stopped: 0.0000674 seconds, Stopping threads took: 0.0000155 seconds
[2019-12-09T08:38:03.813+0000][1][safepoint    ] Application time: 1.0000873 seconds
[2019-12-09T08:38:03.813+0000][1][safepoint    ] Entering safepoint region: Cleanup
[2019-12-09T08:38:03.813+0000][1][safepoint    ] Leaving safepoint region
[2019-12-09T08:38:03.813+0000][1][safepoint    ] Total time for which application threads were stopped: 0.0001089 seconds, Stopping threads took: 0.0000294 seconds
[2019-12-09T08:38:04.813+0000][1][safepoint    ] Application time: 1.0000761 seconds
[2019-12-09T08:38:04.813+0000][1][safepoint    ] Entering safepoint region: Cleanup
[2019-12-09T08:38:04.813+0000][1][safepoint    ] Leaving safepoint region
[2019-12-09T08:38:04.813+0000][1][safepoint    ] Total time for which application threads were stopped: 0.0000619 seconds, Stopping threads took: 0.0000160 seconds
[2019-12-09T08:38:05.813+0000][1][safepoint    ] Application time: 1.0000789 seconds
[2019-12-09T08:38:05.813+0000][1][safepoint    ] Entering safepoint region: Cleanup
[2019-12-09T08:38:05.813+0000][1][safepoint    ] Leaving safepoint region
[2019-12-09T08:38:05.813+0000][1][safepoint    ] Total time for which application threads were stopped: 0.0000625 seconds, Stopping threads took: 0.0000147 seconds
[2019-12-09T08:38:05.815+0000][1][safepoint    ] Application time: 0.0019794 seconds
[2019-12-09T08:38:05.815+0000][1][safepoint    ] Entering safepoint region: GenCollectForAllocation
[2019-12-09T08:38:05.815+0000][1][gc,start     ] GC(71) Pause Young (Allocation Failure)
[2019-12-09T08:38:05.815+0000][1][gc,task      ] GC(71) Using 2 workers of 2 for evacuation
[2019-12-09T08:38:05.816+0000][1][gc,age       ] GC(71) Desired survivor size 4456448 bytes, new threshold 6 (max threshold 6)
[2019-12-09T08:38:05.816+0000][1][gc,age       ] GC(71) Age table with threshold 6 (max threshold 6)
[2019-12-09T08:38:05.816+0000][1][gc,age       ] GC(71) - age   1:       3128 bytes,       3128 total
[2019-12-09T08:38:05.816+0000][1][gc,age       ] GC(71) - age   3:        512 bytes,       3640 total
[2019-12-09T08:38:05.816+0000][1][gc,age       ] GC(71) - age   4:       7136 bytes,      10776 total
[2019-12-09T08:38:05.817+0000][1][gc,heap      ] GC(71) ParNew: 69967K->16K(78656K)
[2019-12-09T08:38:05.817+0000][1][gc,heap      ] GC(71) CMS: 69458K->69458K(174784K)
[2019-12-09T08:38:05.817+0000][1][gc,metaspace ] GC(71) Metaspace: 68474K->68474K(1112064K)
[2019-12-09T08:38:05.817+0000][1][gc           ] GC(71) Pause Young (Allocation Failure) 136M->67M(247M) 1.415ms
[2019-12-09T08:38:05.817+0000][1][gc,cpu       ] GC(71) User=0.01s Sys=0.00s Real=0.00s
[2019-12-09T08:38:05.817+0000][1][safepoint    ] Leaving safepoint region
[2019-12-09T08:38:05.817+0000][1][safepoint    ] Total time for which application threads were stopped: 0.0015324 seconds, Stopping threads took: 0.0000093 seconds
[2019-12-09T08:38:06.817+0000][1][safepoint    ] Application time: 1.0000861 seconds
[2019-12-09T08:38:06.817+0000][1][safepoint    ] Entering safepoint region: Cleanup
[2019-12-09T08:38:06.817+0000][1][safepoint    ] Leaving safepoint region
[2019-12-09T08:38:06.817+0000][1][safepoint    ] Total time for which application threads were stopped: 0.0000634 seconds, Stopping threads took: 0.0000157 seconds
[2019-12-09T08:38:07.817+0000][1][safepoint    ] Application time: 1.0000761 seconds
[2019-12-09T08:38:07.817+0000][1][safepoint    ] Entering safepoint region: Cleanup
[2019-12-09T08:38:07.817+0000][1][safepoint    ] Leaving safepoint region
[2019-12-09T08:38:07.817+0000][1][safepoint    ] Total time for which application threads were stopped: 0.0000689 seconds, Stopping threads took: 0.0000166 seconds
[2019-12-09T08:38:08.817+0000][1][safepoint    ] Application time: 1.0000754 seconds
[2019-12-09T08:38:08.817+0000][1][safepoint    ] Entering safepoint region: Cleanup
[2019-12-09T08:38:08.817+0000][1][safepoint    ] Leaving safepoint region
[2019-12-09T08:38:08.817+0000][1][safepoint    ] Total time for which application threads were stopped: 0.0000614 seconds, Stopping threads took: 0.0000154 seconds
[2019-12-09T08:38:09.817+0000][1][safepoint    ] Application time: 1.0000745 seconds
[2019-12-09T08:38:09.817+0000][1][safepoint    ] Entering safepoint region: Cleanup
[2019-12-09T08:38:09.817+0000][1][safepoint    ] Leaving safepoint region
[2019-12-09T08:38:09.817+0000][1][safepoint    ] Total time for which application threads were stopped: 0.0000600 seconds, Stopping threads took: 0.0000152 seconds
[2019-12-09T08:38:10.817+0000][1][safepoint    ] Application time: 1.0000754 seconds
[2019-12-09T08:38:10.817+0000][1][safepoint    ] Entering safepoint region: Cleanup
[2019-12-09T08:38:10.817+0000][1][safepoint    ] Leaving safepoint region
[2019-12-09T08:38:10.817+0000][1][safepoint    ] Total time for which application threads were stopped: 0.0000625 seconds, Stopping threads took: 0.0000158 seconds
[2019-12-09T08:38:11.818+0000][1][safepoint    ] Application time: 1.0000749 seconds
[2019-12-09T08:38:11.818+0000][1][safepoint    ] Entering safepoint region: Cleanup
[2019-12-09T08:38:11.818+0000][1][safepoint    ] Leaving safepoint region
[2019-12-09T08:38:11.818+0000][1][safepoint    ] Total time for which application threads were stopped: 0.0000621 seconds, Stopping threads took: 0.0000160 seconds
[2019-12-09T08:38:12.818+0000][1][safepoint    ] Application time: 1.0000897 seconds
[2019-12-09T08:38:12.818+0000][1][safepoint    ] Entering safepoint region: Cleanup
[2019-12-09T08:38:12.818+0000][1][safepoint    ] Leaving safepoint region
[2019-12-09T08:38:12.818+0000][1][safepoint    ] Total time for which application threads were stopped: 0.0000631 seconds, Stopping threads took: 0.0000158 seconds
[2019-12-09T08:38:13.818+0000][1][safepoint    ] Application time: 1.0000774 seconds
[2019-12-09T08:38:13.818+0000][1][safepoint    ] Entering safepoint region: Cleanup
[2019-12-09T08:38:13.818+0000][1][safepoint    ] Leaving safepoint region
[2019-12-09T08:38:13.818+0000][1][safepoint    ] Total time for which application threads were stopped: 0.0000625 seconds, Stopping threads took: 0.0000167 seconds
[2019-12-09T08:38:14.818+0000][1][safepoint    ] Application time: 1.0000759 seconds
[2019-12-09T08:38:14.818+0000][1][safepoint    ] Entering safepoint region: Cleanup
[2019-12-09T08:38:14.818+0000][1][safepoint    ] Leaving safepoint region
[2019-12-09T08:38:14.818+0000][1][safepoint    ] Total time for which application threads were stopped: 0.0000628 seconds, Stopping threads took: 0.0000155 seconds
[2019-12-09T08:38:15.818+0000][1][safepoint    ] Application time: 1.0000742 seconds
[2019-12-09T08:38:15.818+0000][1][safepoint    ] Entering safepoint region: Cleanup
[2019-12-09T08:38:15.818+0000][1][safepoint    ] Leaving safepoint region
[2019-12-09T08:38:15.818+0000][1][safepoint    ] Total time for which application threads were stopped: 0.0000610 seconds, Stopping threads took: 0.0000150 seconds
[2019-12-09T08:38:16.818+0000][1][safepoint    ] Application time: 1.0000745 seconds
[2019-12-09T08:38:16.818+0000][1][safepoint    ] Entering safepoint region: Cleanup
[2019-12-09T08:38:16.818+0000][1][safepoint    ] Leaving safepoint region
[2019-12-09T08:38:16.818+0000][1][safepoint    ] Total time for which application threads were stopped: 0.0000637 seconds, Stopping threads took: 0.0000155 seconds
[2019-12-09T08:38:17.819+0000][1][safepoint    ] Application time: 1.0000746 seconds
[2019-12-09T08:38:17.819+0000][1][safepoint    ] Entering safepoint region: Cleanup
[2019-12-09T08:38:17.819+0000][1][safepoint    ] Leaving safepoint region
[2019-12-09T08:38:17.819+0000][1][safepoint    ] Total time for which application threads were stopped: 0.0000610 seconds, Stopping threads took: 0.0000147 seconds
[2019-12-09T08:38:18.819+0000][1][safepoint    ] Application time: 1.0000727 seconds
[2019-12-09T08:38:18.819+0000][1][safepoint    ] Entering safepoint region: Cleanup
[2019-12-09T08:38:18.819+0000][1][safepoint    ] Leaving safepoint region
[2019-12-09T08:38:18.819+0000][1][safepoint    ] Total time for which application threads were stopped: 0.0000625 seconds, Stopping threads took: 0.0000153 seconds
[2019-12-09T08:38:19.819+0000][1][safepoint    ] Application time: 1.0000808 seconds
[2019-12-09T08:38:19.819+0000][1][safepoint    ] Entering safepoint region: Cleanup
[2019-12-09T08:38:19.819+0000][1][safepoint    ] Leaving safepoint region
[2019-12-09T08:38:19.819+0000][1][safepoint    ] Total time for which application threads were stopped: 0.0000609 seconds, Stopping threads took: 0.0000155 seconds
[2019-12-09T08:38:20.819+0000][1][safepoint    ] Application time: 1.0000759 seconds
[2019-12-09T08:38:20.819+0000][1][safepoint    ] Entering safepoint region: Cleanup
[2019-12-09T08:38:20.819+0000][1][safepoint    ] Leaving safepoint region
[2019-12-09T08:38:20.819+0000][1][safepoint    ] Total time for which application threads were stopped: 0.0000640 seconds, Stopping threads took: 0.0000160 seconds
[2019-12-09T08:38:21.819+0000][1][safepoint    ] Application time: 1.0000747 seconds
[2019-12-09T08:38:21.819+0000][1][safepoint    ] Entering safepoint region: Cleanup
[2019-12-09T08:38:21.819+0000][1][safepoint    ] Leaving safepoint region
[2019-12-09T08:38:21.819+0000][1][safepoint    ] Total time for which application threads were stopped: 0.0000634 seconds, Stopping threads took: 0.0000157 seconds
[2019-12-09T08:38:22.819+0000][1][safepoint    ] Application time: 1.0000763 seconds
[2019-12-09T08:38:22.819+0000][1][safepoint    ] Entering safepoint region: Cleanup
[2019-12-09T08:38:22.819+0000][1][safepoint    ] Leaving safepoint region
[2019-12-09T08:38:22.820+0000][1][safepoint    ] Total time for which application threads were stopped: 0.0000703 seconds, Stopping threads took: 0.0000179 seconds
[2019-12-09T08:38:23.820+0000][1][safepoint    ] Application time: 1.0000792 seconds
[2019-12-09T08:38:23.820+0000][1][safepoint    ] Entering safepoint region: Cleanup
[2019-12-09T08:38:23.820+0000][1][safepoint    ] Leaving safepoint region
[2019-12-09T08:38:23.820+0000][1][safepoint    ] Total time for which application threads were stopped: 0.0000781 seconds, Stopping threads took: 0.0000169 seconds
[2019-12-09T08:38:24.820+0000][1][safepoint    ] Application time: 1.0000771 seconds
[2019-12-09T08:38:24.820+0000][1][safepoint    ] Entering safepoint region: Cleanup
[2019-12-09T08:38:24.820+0000][1][safepoint    ] Leaving safepoint region
[2019-12-09T08:38:24.820+0000][1][safepoint    ] Total time for which application threads were stopped: 0.0000695 seconds, Stopping threads took: 0.0000163 seconds
[2019-12-09T08:38:25.820+0000][1][safepoint    ] Application time: 1.0000776 seconds
[2019-12-09T08:38:25.820+0000][1][safepoint    ] Entering safepoint region: Cleanup
[2019-12-09T08:38:25.820+0000][1][safepoint    ] Leaving safepoint region
[2019-12-09T08:38:25.820+0000][1][safepoint    ] Total time for which application threads were stopped: 0.0000664 seconds, Stopping threads took: 0.0000177 seconds
[2019-12-09T08:38:26.820+0000][1][safepoint    ] Application time: 1.0000760 seconds
[2019-12-09T08:38:26.820+0000][1][safepoint    ] Entering safepoint region: Cleanup
[2019-12-09T08:38:26.820+0000][1][safepoint    ] Leaving safepoint region
[2019-12-09T08:38:26.820+0000][1][safepoint    ] Total time for which application threads were stopped: 0.0000667 seconds, Stopping threads took: 0.0000176 seconds
[2019-12-09T08:38:27.820+0000][1][safepoint    ] Application time: 1.0000748 seconds
[2019-12-09T08:38:27.820+0000][1][safepoint    ] Entering safepoint region: Cleanup
[2019-12-09T08:38:27.820+0000][1][safepoint    ] Leaving safepoint region
[2019-12-09T08:38:27.820+0000][1][safepoint    ] Total time for which application threads were stopped: 0.0000686 seconds, Stopping threads took: 0.0000169 seconds
[2019-12-09T08:38:28.821+0000][1][safepoint    ] Application time: 1.0000757 seconds
[2019-12-09T08:38:28.821+0000][1][safepoint    ] Entering safepoint region: Cleanup
[2019-12-09T08:38:28.821+0000][1][safepoint    ] Leaving safepoint region
[2019-12-09T08:38:28.821+0000][1][safepoint    ] Total time for which application threads were stopped: 0.0000686 seconds, Stopping threads took: 0.0000165 seconds
[2019-12-09T08:38:29.821+0000][1][safepoint    ] Application time: 1.0000752 seconds
[2019-12-09T08:38:29.821+0000][1][safepoint    ] Entering safepoint region: Cleanup
[2019-12-09T08:38:29.821+0000][1][safepoint    ] Leaving safepoint region
[2019-12-09T08:38:29.821+0000][1][safepoint    ] Total time for which application threads were stopped: 0.0000683 seconds, Stopping threads took: 0.0000166 seconds
[2019-12-09T08:38:30.821+0000][1][safepoint    ] Application time: 1.0000757 seconds
[2019-12-09T08:38:30.821+0000][1][safepoint    ] Entering safepoint region: Cleanup
[2019-12-09T08:38:30.821+0000][1][safepoint    ] Leaving safepoint region
[2019-12-09T08:38:30.821+0000][1][safepoint    ] Total time for which application threads were stopped: 0.0000666 seconds, Stopping threads took: 0.0000175 seconds
[2019-12-09T08:38:31.821+0000][1][safepoint    ] Application time: 1.0000756 seconds
[2019-12-09T08:38:31.821+0000][1][safepoint    ] Entering safepoint region: Cleanup
[2019-12-09T08:38:31.821+0000][1][safepoint    ] Leaving safepoint region
[2019-12-09T08:38:31.821+0000][1][safepoint    ] Total time for which application threads were stopped: 0.0000660 seconds, Stopping threads took: 0.0000162 seconds
[2019-12-09T08:38:32.821+0000][1][safepoint    ] Application time: 1.0000797 seconds
[2019-12-09T08:38:32.821+0000][1][safepoint    ] Entering safepoint region: Cleanup
[2019-12-09T08:38:32.821+0000][1][safepoint    ] Leaving safepoint region
[2019-12-09T08:38:32.821+0000][1][safepoint    ] Total time for which application threads were stopped: 0.0000718 seconds, Stopping threads took: 0.0000183 seconds
[2019-12-09T08:38:33.822+0000][1][safepoint    ] Application time: 1.0000800 seconds
[2019-12-09T08:38:33.822+0000][1][safepoint    ] Entering safepoint region: Cleanup
[2019-12-09T08:38:33.822+0000][1][safepoint    ] Leaving safepoint region
[2019-12-09T08:38:33.822+0000][1][safepoint    ] Total time for which application threads were stopped: 0.0000728 seconds, Stopping threads took: 0.0000239 seconds
[2019-12-09T08:38:34.822+0000][1][safepoint    ] Application time: 1.0000814 seconds
[2019-12-09T08:38:34.822+0000][1][safepoint    ] Entering safepoint region: Cleanup
[2019-12-09T08:38:34.822+0000][1][safepoint    ] Leaving safepoint region
[2019-12-09T08:38:34.822+0000][1][safepoint    ] Total time for which application threads were stopped: 0.0000762 seconds, Stopping threads took: 0.0000165 seconds
[2019-12-09T08:38:35.822+0000][1][safepoint    ] Application time: 1.0000789 seconds
[2019-12-09T08:38:35.822+0000][1][safepoint    ] Entering safepoint region: Cleanup
[2019-12-09T08:38:35.822+0000][1][safepoint    ] Leaving safepoint region
[2019-12-09T08:38:35.822+0000][1][safepoint    ] Total time for which application threads were stopped: 0.0000688 seconds, Stopping threads took: 0.0000172 seconds
[2019-12-09T08:38:36.822+0000][1][safepoint    ] Application time: 1.0000757 seconds
[2019-12-09T08:38:36.822+0000][1][safepoint    ] Entering safepoint region: Cleanup
[2019-12-09T08:38:36.822+0000][1][safepoint    ] Leaving safepoint region
[2019-12-09T08:38:36.822+0000][1][safepoint    ] Total time for which application threads were stopped: 0.0000664 seconds, Stopping threads took: 0.0000170 seconds
[2019-12-09T08:38:37.822+0000][1][safepoint    ] Application time: 1.0000778 seconds
[2019-12-09T08:38:37.822+0000][1][safepoint    ] Entering safepoint region: Cleanup
[2019-12-09T08:38:37.822+0000][1][safepoint    ] Leaving safepoint region
[2019-12-09T08:38:37.822+0000][1][safepoint    ] Total time for which application threads were stopped: 0.0000679 seconds, Stopping threads took: 0.0000176 seconds
[2019-12-09T08:38:38.822+0000][1][safepoint    ] Application time: 1.0000784 seconds
[2019-12-09T08:38:38.823+0000][1][safepoint    ] Entering safepoint region: Cleanup
[2019-12-09T08:38:38.823+0000][1][safepoint    ] Leaving safepoint region
[2019-12-09T08:38:38.823+0000][1][safepoint    ] Total time for which application threads were stopped: 0.0000666 seconds, Stopping threads took: 0.0000173 seconds
[2019-12-09T08:38:39.823+0000][1][safepoint    ] Application time: 1.0000774 seconds
[2019-12-09T08:38:39.823+0000][1][safepoint    ] Entering safepoint region: Cleanup
[2019-12-09T08:38:39.823+0000][1][safepoint    ] Leaving safepoint region
[2019-12-09T08:38:39.823+0000][1][safepoint    ] Total time for which application threads were stopped: 0.0000682 seconds, Stopping threads took: 0.0000187 seconds
[2019-12-09T08:38:40.823+0000][1][safepoint    ] Application time: 1.0000793 seconds
[2019-12-09T08:38:40.823+0000][1][safepoint    ] Entering safepoint region: Cleanup
[2019-12-09T08:38:40.823+0000][1][safepoint    ] Leaving safepoint region
[2019-12-09T08:38:40.823+0000][1][safepoint    ] Total time for which application threads were stopped: 0.0000705 seconds, Stopping threads took: 0.0000187 seconds
[2019-12-09T08:38:41.823+0000][1][safepoint    ] Application time: 1.0000742 seconds
[2019-12-09T08:38:41.823+0000][1][safepoint    ] Entering safepoint region: Cleanup
[2019-12-09T08:38:41.823+0000][1][safepoint    ] Leaving safepoint region
[2019-12-09T08:38:41.823+0000][1][safepoint    ] Total time for which application threads were stopped: 0.0000820 seconds, Stopping threads took: 0.0000291 seconds
[2019-12-09T08:38:42.823+0000][1][safepoint    ] Application time: 1.0000837 seconds
[2019-12-09T08:38:42.823+0000][1][safepoint    ] Entering safepoint region: Cleanup
[2019-12-09T08:38:42.823+0000][1][safepoint    ] Leaving safepoint region
[2019-12-09T08:38:42.823+0000][1][safepoint    ] Total time for which application threads were stopped: 0.0000680 seconds, Stopping threads took: 0.0000178 seconds
[2019-12-09T08:38:43.823+0000][1][safepoint    ] Application time: 1.0000780 seconds
[2019-12-09T08:38:43.823+0000][1][safepoint    ] Entering safepoint region: Cleanup
[2019-12-09T08:38:43.824+0000][1][safepoint    ] Leaving safepoint region
[2019-12-09T08:38:43.824+0000][1][safepoint    ] Total time for which application threads were stopped: 0.0000652 seconds, Stopping threads took: 0.0000156 seconds
[2019-12-09T08:38:44.824+0000][1][safepoint    ] Application time: 1.0000791 seconds
[2019-12-09T08:38:44.824+0000][1][safepoint    ] Entering safepoint region: Cleanup
[2019-12-09T08:38:44.824+0000][1][safepoint    ] Leaving safepoint region
[2019-12-09T08:38:44.824+0000][1][safepoint    ] Total time for which application threads were stopped: 0.0000878 seconds, Stopping threads took: 0.0000251 seconds
[2019-12-09T08:38:45.824+0000][1][safepoint    ] Application time: 1.0000782 seconds
[2019-12-09T08:38:45.824+0000][1][safepoint    ] Entering safepoint region: Cleanup
[2019-12-09T08:38:45.824+0000][1][safepoint    ] Leaving safepoint region
[2019-12-09T08:38:45.824+0000][1][safepoint    ] Total time for which application threads were stopped: 0.0000695 seconds, Stopping threads took: 0.0000170 seconds
[2019-12-09T08:38:46.824+0000][1][safepoint    ] Application time: 1.0000752 seconds
[2019-12-09T08:38:46.824+0000][1][safepoint    ] Entering safepoint region: Cleanup
[2019-12-09T08:38:46.824+0000][1][safepoint    ] Leaving safepoint region
[2019-12-09T08:38:46.824+0000][1][safepoint    ] Total time for which application threads were stopped: 0.0000668 seconds, Stopping threads took: 0.0000178 seconds
[2019-12-09T08:38:47.824+0000][1][safepoint    ] Application time: 1.0000774 seconds
[2019-12-09T08:38:47.824+0000][1][safepoint    ] Entering safepoint region: Cleanup
[2019-12-09T08:38:47.824+0000][1][safepoint    ] Leaving safepoint region
[2019-12-09T08:38:47.824+0000][1][safepoint    ] Total time for which application threads were stopped: 0.0000696 seconds, Stopping threads took: 0.0000184 seconds
[2019-12-09T08:38:48.824+0000][1][safepoint    ] Application time: 1.0000771 seconds
[2019-12-09T08:38:48.824+0000][1][safepoint    ] Entering safepoint region: Cleanup
[2019-12-09T08:38:48.825+0000][1][safepoint    ] Leaving safepoint region
[2019-12-09T08:38:48.825+0000][1][safepoint    ] Total time for which application threads were stopped: 0.0000664 seconds, Stopping threads took: 0.0000164 seconds
[2019-12-09T08:38:49.825+0000][1][safepoint    ] Application time: 1.0000780 seconds
[2019-12-09T08:38:49.825+0000][1][safepoint    ] Entering safepoint region: Cleanup
[2019-12-09T08:38:49.825+0000][1][safepoint    ] Leaving safepoint region
[2019-12-09T08:38:49.825+0000][1][safepoint    ] Total time for which application threads were stopped: 0.0000800 seconds, Stopping threads took: 0.0000171 seconds
[2019-12-09T08:38:50.825+0000][1][safepoint    ] Application time: 1.0000770 seconds
[2019-12-09T08:38:50.825+0000][1][safepoint    ] Entering safepoint region: Cleanup
[2019-12-09T08:38:50.825+0000][1][safepoint    ] Leaving safepoint region
[2019-12-09T08:38:50.825+0000][1][safepoint    ] Total time for which application threads were stopped: 0.0000705 seconds, Stopping threads took: 0.0000183 seconds
[2019-12-09T08:38:51.825+0000][1][safepoint    ] Application time: 1.0000757 seconds
[2019-12-09T08:38:51.825+0000][1][safepoint    ] Entering safepoint region: Cleanup
[2019-12-09T08:38:51.825+0000][1][safepoint    ] Leaving safepoint region
[2019-12-09T08:38:51.825+0000][1][safepoint    ] Total time for which application threads were stopped: 0.0000651 seconds, Stopping threads took: 0.0000170 seconds
[2019-12-09T08:38:52.825+0000][1][safepoint    ] Application time: 1.0000771 seconds
[2019-12-09T08:38:52.825+0000][1][safepoint    ] Entering safepoint region: Cleanup
[2019-12-09T08:38:52.825+0000][1][safepoint    ] Leaving safepoint region
[2019-12-09T08:38:52.825+0000][1][safepoint    ] Total time for which application threads were stopped: 0.0000658 seconds, Stopping threads took: 0.0000161 seconds
[2019-12-09T08:38:53.825+0000][1][safepoint    ] Application time: 1.0000791 seconds
[2019-12-09T08:38:53.825+0000][1][safepoint    ] Entering safepoint region: Cleanup
[2019-12-09T08:38:53.825+0000][1][safepoint    ] Leaving safepoint region
[2019-12-09T08:38:53.825+0000][1][safepoint    ] Total time for which application threads were stopped: 0.0000635 seconds, Stopping threads took: 0.0000147 seconds
[2019-12-09T08:38:54.826+0000][1][safepoint    ] Application time: 1.0000785 seconds
[2019-12-09T08:38:54.826+0000][1][safepoint    ] Entering safepoint region: Cleanup
[2019-12-09T08:38:54.826+0000][1][safepoint    ] Leaving safepoint region
[2019-12-09T08:38:54.826+0000][1][safepoint    ] Total time for which application threads were stopped: 0.0000793 seconds, Stopping threads took: 0.0000178 seconds
[2019-12-09T08:38:55.826+0000][1][safepoint    ] Application time: 1.0000794 seconds
[2019-12-09T08:38:55.826+0000][1][safepoint    ] Entering safepoint region: Cleanup
[2019-12-09T08:38:55.826+0000][1][safepoint    ] Leaving safepoint region
[2019-12-09T08:38:55.826+0000][1][safepoint    ] Total time for which application threads were stopped: 0.0000701 seconds, Stopping threads took: 0.0000171 seconds
[2019-12-09T08:38:56.826+0000][1][safepoint    ] Application time: 1.0000774 seconds
[2019-12-09T08:38:56.826+0000][1][safepoint    ] Entering safepoint region: Cleanup
[2019-12-09T08:38:56.826+0000][1][safepoint    ] Leaving safepoint region
[2019-12-09T08:38:56.826+0000][1][safepoint    ] Total time for which application threads were stopped: 0.0000656 seconds, Stopping threads took: 0.0000166 seconds
[2019-12-09T08:38:57.826+0000][1][safepoint    ] Application time: 1.0000751 seconds
[2019-12-09T08:38:57.826+0000][1][safepoint    ] Entering safepoint region: Cleanup
[2019-12-09T08:38:57.826+0000][1][safepoint    ] Leaving safepoint region
[2019-12-09T08:38:57.826+0000][1][safepoint    ] Total time for which application threads were stopped: 0.0000687 seconds, Stopping threads took: 0.0000167 seconds
[2019-12-09T08:38:58.826+0000][1][safepoint    ] Application time: 1.0000770 seconds
[2019-12-09T08:38:58.826+0000][1][safepoint    ] Entering safepoint region: Cleanup
[2019-12-09T08:38:58.826+0000][1][safepoint    ] Leaving safepoint region
[2019-12-09T08:38:58.826+0000][1][safepoint    ] Total time for which application threads were stopped: 0.0000666 seconds, Stopping threads took: 0.0000167 seconds
[2019-12-09T08:38:59.827+0000][1][safepoint    ] Application time: 1.0000763 seconds
[2019-12-09T08:38:59.827+0000][1][safepoint    ] Entering safepoint region: Cleanup
[2019-12-09T08:38:59.827+0000][1][safepoint    ] Leaving safepoint region
[2019-12-09T08:38:59.827+0000][1][safepoint    ] Total time for which application threads were stopped: 0.0000648 seconds, Stopping threads took: 0.0000165 seconds
[2019-12-09T08:39:00.827+0000][1][safepoint    ] Application time: 1.0000780 seconds
[2019-12-09T08:39:00.827+0000][1][safepoint    ] Entering safepoint region: Cleanup
[2019-12-09T08:39:00.827+0000][1][safepoint    ] Leaving safepoint region
[2019-12-09T08:39:00.827+0000][1][safepoint    ] Total time for which application threads were stopped: 0.0000652 seconds, Stopping threads took: 0.0000159 seconds
[2019-12-09T08:39:01.827+0000][1][safepoint    ] Application time: 1.0000741 seconds
[2019-12-09T08:39:01.827+0000][1][safepoint    ] Entering safepoint region: Cleanup
[2019-12-09T08:39:01.827+0000][1][safepoint    ] Leaving safepoint region
[2019-12-09T08:39:01.827+0000][1][safepoint    ] Total time for which application threads were stopped: 0.0000664 seconds, Stopping threads took: 0.0000164 seconds
[2019-12-09T08:39:02.827+0000][1][safepoint    ] Application time: 1.0000744 seconds
[2019-12-09T08:39:02.827+0000][1][safepoint    ] Entering safepoint region: Cleanup
[2019-12-09T08:39:02.827+0000][1][safepoint    ] Leaving safepoint region
[2019-12-09T08:39:02.827+0000][1][safepoint    ] Total time for which application threads were stopped: 0.0000652 seconds, Stopping threads took: 0.0000165 seconds
[2019-12-09T08:39:03.827+0000][1][safepoint    ] Application time: 1.0000752 seconds
[2019-12-09T08:39:03.827+0000][1][safepoint    ] Entering safepoint region: Cleanup
[2019-12-09T08:39:03.827+0000][1][safepoint    ] Leaving safepoint region
[2019-12-09T08:39:03.827+0000][1][safepoint    ] Total time for which application threads were stopped: 0.0000724 seconds, Stopping threads took: 0.0000219 seconds
[2019-12-09T08:39:04.827+0000][1][safepoint    ] Application time: 1.0000783 seconds
[2019-12-09T08:39:04.828+0000][1][safepoint    ] Entering safepoint region: Cleanup
[2019-12-09T08:39:04.828+0000][1][safepoint    ] Leaving safepoint region
[2019-12-09T08:39:04.828+0000][1][safepoint    ] Total time for which application threads were stopped: 0.0000684 seconds, Stopping threads took: 0.0000179 seconds
[2019-12-09T08:39:05.828+0000][1][safepoint    ] Application time: 1.0000766 seconds
[2019-12-09T08:39:05.828+0000][1][safepoint    ] Entering safepoint region: Cleanup
[2019-12-09T08:39:05.828+0000][1][safepoint    ] Leaving safepoint region
[2019-12-09T08:39:05.828+0000][1][safepoint    ] Total time for which application threads were stopped: 0.0000696 seconds, Stopping threads took: 0.0000178 seconds
[2019-12-09T08:39:06.828+0000][1][safepoint    ] Application time: 1.0000767 seconds
[2019-12-09T08:39:06.828+0000][1][safepoint    ] Entering safepoint region: Cleanup
[2019-12-09T08:39:06.828+0000][1][safepoint    ] Leaving safepoint region
[2019-12-09T08:39:06.828+0000][1][safepoint    ] Total time for which application threads were stopped: 0.0000643 seconds, Stopping threads took: 0.0000170 seconds
[2019-12-09T08:39:07.828+0000][1][safepoint    ] Application time: 1.0000741 seconds
[2019-12-09T08:39:07.828+0000][1][safepoint    ] Entering safepoint region: Cleanup
[2019-12-09T08:39:07.828+0000][1][safepoint    ] Leaving safepoint region
[2019-12-09T08:39:07.828+0000][1][safepoint    ] Total time for which application threads were stopped: 0.0000649 seconds, Stopping threads took: 0.0000161 seconds
[2019-12-09T08:39:08.828+0000][1][safepoint    ] Application time: 1.0000751 seconds
[2019-12-09T08:39:08.828+0000][1][safepoint    ] Entering safepoint region: Cleanup
[2019-12-09T08:39:08.828+0000][1][safepoint    ] Leaving safepoint region
[2019-12-09T08:39:08.828+0000][1][safepoint    ] Total time for which application threads were stopped: 0.0000687 seconds, Stopping threads took: 0.0000174 seconds
[2019-12-09T08:39:09.828+0000][1][safepoint    ] Application time: 1.0000736 seconds
[2019-12-09T08:39:09.828+0000][1][safepoint    ] Entering safepoint region: Cleanup
[2019-12-09T08:39:09.828+0000][1][safepoint    ] Leaving safepoint region
[2019-12-09T08:39:09.828+0000][1][safepoint    ] Total time for which application threads were stopped: 0.0000634 seconds, Stopping threads took: 0.0000161 seconds
[2019-12-09T08:39:10.829+0000][1][safepoint    ] Application time: 1.0000748 seconds
[2019-12-09T08:39:10.829+0000][1][safepoint    ] Entering safepoint region: Cleanup
[2019-12-09T08:39:10.829+0000][1][safepoint    ] Leaving safepoint region
[2019-12-09T08:39:10.829+0000][1][safepoint    ] Total time for which application threads were stopped: 0.0000637 seconds, Stopping threads took: 0.0000154 seconds
[2019-12-09T08:39:11.829+0000][1][safepoint    ] Application time: 1.0000736 seconds
[2019-12-09T08:39:11.829+0000][1][safepoint    ] Entering safepoint region: Cleanup
[2019-12-09T08:39:11.829+0000][1][safepoint    ] Leaving safepoint region
[2019-12-09T08:39:11.829+0000][1][safepoint    ] Total time for which application threads were stopped: 0.0000634 seconds, Stopping threads took: 0.0000158 seconds
[2019-12-09T08:39:12.829+0000][1][safepoint    ] Application time: 1.0000780 seconds
[2019-12-09T08:39:12.829+0000][1][safepoint    ] Entering safepoint region: Cleanup
[2019-12-09T08:39:12.829+0000][1][safepoint    ] Leaving safepoint region
[2019-12-09T08:39:12.829+0000][1][safepoint    ] Total time for which application threads were stopped: 0.0000677 seconds, Stopping threads took: 0.0000167 seconds
[2019-12-09T08:39:13.829+0000][1][safepoint    ] Application time: 1.0000782 seconds
[2019-12-09T08:39:13.829+0000][1][safepoint    ] Entering safepoint region: Cleanup
[2019-12-09T08:39:13.829+0000][1][safepoint    ] Leaving safepoint region
[2019-12-09T08:39:13.829+0000][1][safepoint    ] Total time for which application threads were stopped: 0.0000648 seconds, Stopping threads took: 0.0000157 seconds
[2019-12-09T08:39:14.829+0000][1][safepoint    ] Application time: 1.0000768 seconds
[2019-12-09T08:39:14.829+0000][1][safepoint    ] Entering safepoint region: Cleanup
[2019-12-09T08:39:14.829+0000][1][safepoint    ] Leaving safepoint region
[2019-12-09T08:39:14.829+0000][1][safepoint    ] Total time for which application threads were stopped: 0.0000730 seconds, Stopping threads took: 0.0000248 seconds
[2019-12-09T08:39:15.830+0000][1][safepoint    ] Application time: 1.0000788 seconds
[2019-12-09T08:39:15.830+0000][1][safepoint    ] Entering safepoint region: Cleanup
[2019-12-09T08:39:15.830+0000][1][safepoint    ] Leaving safepoint region
[2019-12-09T08:39:15.830+0000][1][safepoint    ] Total time for which application threads were stopped: 0.0000689 seconds, Stopping threads took: 0.0000182 seconds
[2019-12-09T08:39:16.830+0000][1][safepoint    ] Application time: 1.0000757 seconds
[2019-12-09T08:39:16.830+0000][1][safepoint    ] Entering safepoint region: Cleanup
[2019-12-09T08:39:16.830+0000][1][safepoint    ] Leaving safepoint region
[2019-12-09T08:39:16.830+0000][1][safepoint    ] Total time for which application threads were stopped: 0.0000671 seconds, Stopping threads took: 0.0000175 seconds
[2019-12-09T08:39:17.830+0000][1][safepoint    ] Application time: 1.0000789 seconds
[2019-12-09T08:39:17.830+0000][1][safepoint    ] Entering safepoint region: Cleanup
[2019-12-09T08:39:17.830+0000][1][safepoint    ] Leaving safepoint region
[2019-12-09T08:39:17.830+0000][1][safepoint    ] Total time for which application threads were stopped: 0.0000649 seconds, Stopping threads took: 0.0000161 seconds
[2019-12-09T08:39:18.830+0000][1][safepoint    ] Application time: 1.0000783 seconds
[2019-12-09T08:39:18.830+0000][1][safepoint    ] Entering safepoint region: Cleanup
[2019-12-09T08:39:18.830+0000][1][safepoint    ] Leaving safepoint region
[2019-12-09T08:39:18.830+0000][1][safepoint    ] Total time for which application threads were stopped: 0.0000728 seconds, Stopping threads took: 0.0000234 seconds
[2019-12-09T08:39:19.830+0000][1][safepoint    ] Application time: 1.0000763 seconds
[2019-12-09T08:39:19.830+0000][1][safepoint    ] Entering safepoint region: Cleanup
[2019-12-09T08:39:19.830+0000][1][safepoint    ] Leaving safepoint region
[2019-12-09T08:39:19.830+0000][1][safepoint    ] Total time for which application threads were stopped: 0.0000641 seconds, Stopping threads took: 0.0000157 seconds
[2019-12-09T08:39:20.830+0000][1][safepoint    ] Application time: 1.0000803 seconds
[2019-12-09T08:39:20.830+0000][1][safepoint    ] Entering safepoint region: Cleanup
[2019-12-09T08:39:20.831+0000][1][safepoint    ] Leaving safepoint region
[2019-12-09T08:39:20.831+0000][1][safepoint    ] Total time for which application threads were stopped: 0.0000661 seconds, Stopping threads took: 0.0000164 seconds
[2019-12-09T08:39:21.831+0000][1][safepoint    ] Application time: 1.0000751 seconds
[2019-12-09T08:39:21.831+0000][1][safepoint    ] Entering safepoint region: Cleanup
[2019-12-09T08:39:21.831+0000][1][safepoint    ] Leaving safepoint region
[2019-12-09T08:39:21.831+0000][1][safepoint    ] Total time for which application threads were stopped: 0.0000743 seconds, Stopping threads took: 0.0000154 seconds
[2019-12-09T08:39:22.831+0000][1][safepoint    ] Application time: 1.0000786 seconds
[2019-12-09T08:39:22.831+0000][1][safepoint    ] Entering safepoint region: Cleanup
[2019-12-09T08:39:22.831+0000][1][safepoint    ] Leaving safepoint region
[2019-12-09T08:39:22.831+0000][1][safepoint    ] Total time for which application threads were stopped: 0.0000686 seconds, Stopping threads took: 0.0000176 seconds
[2019-12-09T08:39:23.831+0000][1][safepoint    ] Application time: 1.0000785 seconds
[2019-12-09T08:39:23.831+0000][1][safepoint    ] Entering safepoint region: Cleanup
[2019-12-09T08:39:23.831+0000][1][safepoint    ] Leaving safepoint region
[2019-12-09T08:39:23.831+0000][1][safepoint    ] Total time for which application threads were stopped: 0.0000670 seconds, Stopping threads took: 0.0000169 seconds
[2019-12-09T08:39:24.831+0000][1][safepoint    ] Application time: 1.0000802 seconds
[2019-12-09T08:39:24.831+0000][1][safepoint    ] Entering safepoint region: Cleanup
[2019-12-09T08:39:24.831+0000][1][safepoint    ] Leaving safepoint region
[2019-12-09T08:39:24.831+0000][1][safepoint    ] Total time for which application threads were stopped: 0.0000777 seconds, Stopping threads took: 0.0000266 seconds
[2019-12-09T08:39:25.831+0000][1][safepoint    ] Application time: 1.0000803 seconds
[2019-12-09T08:39:25.831+0000][1][safepoint    ] Entering safepoint region: Cleanup
[2019-12-09T08:39:25.831+0000][1][safepoint    ] Leaving safepoint region
[2019-12-09T08:39:25.831+0000][1][safepoint    ] Total time for which application threads were stopped: 0.0000653 seconds, Stopping threads took: 0.0000165 seconds
[2019-12-09T08:39:26.832+0000][1][safepoint    ] Application time: 1.0000813 seconds
[2019-12-09T08:39:26.832+0000][1][safepoint    ] Entering safepoint region: Cleanup
[2019-12-09T08:39:26.832+0000][1][safepoint    ] Leaving safepoint region
[2019-12-09T08:39:26.832+0000][1][safepoint    ] Total time for which application threads were stopped: 0.0000830 seconds, Stopping threads took: 0.0000174 seconds
[2019-12-09T08:39:27.832+0000][1][safepoint    ] Application time: 1.0000827 seconds
[2019-12-09T08:39:27.832+0000][1][safepoint    ] Entering safepoint region: Cleanup
[2019-12-09T08:39:27.832+0000][1][safepoint    ] Leaving safepoint region
[2019-12-09T08:39:27.832+0000][1][safepoint    ] Total time for which application threads were stopped: 0.0000675 seconds, Stopping threads took: 0.0000170 seconds
[2019-12-09T08:39:28.832+0000][1][safepoint    ] Application time: 1.0000784 seconds
[2019-12-09T08:39:28.832+0000][1][safepoint    ] Entering safepoint region: Cleanup
[2019-12-09T08:39:28.832+0000][1][safepoint    ] Leaving safepoint region
[2019-12-09T08:39:28.832+0000][1][safepoint    ] Total time for which application threads were stopped: 0.0000628 seconds, Stopping threads took: 0.0000160 seconds
[2019-12-09T08:39:29.832+0000][1][safepoint    ] Application time: 1.0000756 seconds
[2019-12-09T08:39:29.832+0000][1][safepoint    ] Entering safepoint region: Cleanup
[2019-12-09T08:39:29.832+0000][1][safepoint    ] Leaving safepoint region
[2019-12-09T08:39:29.832+0000][1][safepoint    ] Total time for which application threads were stopped: 0.0000683 seconds, Stopping threads took: 0.0000168 seconds
[2019-12-09T08:39:30.832+0000][1][safepoint    ] Application time: 1.0000776 seconds
[2019-12-09T08:39:30.832+0000][1][safepoint    ] Entering safepoint region: Cleanup
[2019-12-09T08:39:30.832+0000][1][safepoint    ] Leaving safepoint region
[2019-12-09T08:39:30.832+0000][1][safepoint    ] Total time for which application threads were stopped: 0.0000670 seconds, Stopping threads took: 0.0000174 seconds
[2019-12-09T08:39:31.833+0000][1][safepoint    ] Application time: 1.0000761 seconds
[2019-12-09T08:39:31.833+0000][1][safepoint    ] Entering safepoint region: Cleanup
[2019-12-09T08:39:31.833+0000][1][safepoint    ] Leaving safepoint region
[2019-12-09T08:39:31.833+0000][1][safepoint    ] Total time for which application threads were stopped: 0.0000669 seconds, Stopping threads took: 0.0000171 seconds
[2019-12-09T08:39:32.833+0000][1][safepoint    ] Application time: 1.0000760 seconds
[2019-12-09T08:39:32.833+0000][1][safepoint    ] Entering safepoint region: Cleanup
[2019-12-09T08:39:32.833+0000][1][safepoint    ] Leaving safepoint region
[2019-12-09T08:39:32.833+0000][1][safepoint    ] Total time for which application threads were stopped: 0.0000679 seconds, Stopping threads took: 0.0000172 seconds
[2019-12-09T08:39:33.833+0000][1][safepoint    ] Application time: 1.0000776 seconds
[2019-12-09T08:39:33.833+0000][1][safepoint    ] Entering safepoint region: Cleanup
[2019-12-09T08:39:33.833+0000][1][safepoint    ] Leaving safepoint region
[2019-12-09T08:39:33.833+0000][1][safepoint    ] Total time for which application threads were stopped: 0.0000671 seconds, Stopping threads took: 0.0000175 seconds
[2019-12-09T08:39:34.833+0000][1][safepoint    ] Application time: 1.0000760 seconds
[2019-12-09T08:39:34.833+0000][1][safepoint    ] Entering safepoint region: Cleanup
[2019-12-09T08:39:34.833+0000][1][safepoint    ] Leaving safepoint region
[2019-12-09T08:39:34.833+0000][1][safepoint    ] Total time for which application threads were stopped: 0.0000760 seconds, Stopping threads took: 0.0000251 seconds
[2019-12-09T08:39:35.833+0000][1][safepoint    ] Application time: 1.0000769 seconds
[2019-12-09T08:39:35.833+0000][1][safepoint    ] Entering safepoint region: Cleanup
[2019-12-09T08:39:35.833+0000][1][safepoint    ] Leaving safepoint region
[2019-12-09T08:39:35.833+0000][1][safepoint    ] Total time for which application threads were stopped: 0.0000686 seconds, Stopping threads took: 0.0000170 seconds
[2019-12-09T08:39:36.833+0000][1][safepoint    ] Application time: 1.0000739 seconds
[2019-12-09T08:39:36.834+0000][1][safepoint    ] Entering safepoint region: Cleanup
[2019-12-09T08:39:36.834+0000][1][safepoint    ] Leaving safepoint region
[2019-12-09T08:39:36.834+0000][1][safepoint    ] Total time for which application threads were stopped: 0.0000661 seconds, Stopping threads took: 0.0000163 seconds
[2019-12-09T08:39:37.834+0000][1][safepoint    ] Application time: 1.0000749 seconds
[2019-12-09T08:39:37.834+0000][1][safepoint    ] Entering safepoint region: Cleanup
[2019-12-09T08:39:37.834+0000][1][safepoint    ] Leaving safepoint region
[2019-12-09T08:39:37.834+0000][1][safepoint    ] Total time for which application threads were stopped: 0.0000673 seconds, Stopping threads took: 0.0000171 seconds
[2019-12-09T08:39:38.834+0000][1][safepoint    ] Application time: 1.0000759 seconds
[2019-12-09T08:39:38.834+0000][1][safepoint    ] Entering safepoint region: Cleanup
[2019-12-09T08:39:38.834+0000][1][safepoint    ] Leaving safepoint region
[2019-12-09T08:39:38.834+0000][1][safepoint    ] Total time for which application threads were stopped: 0.0000676 seconds, Stopping threads took: 0.0000166 seconds
[2019-12-09T08:39:39.834+0000][1][safepoint    ] Application time: 1.0000765 seconds
[2019-12-09T08:39:39.834+0000][1][safepoint    ] Entering safepoint region: Cleanup
[2019-12-09T08:39:39.834+0000][1][safepoint    ] Leaving safepoint region
[2019-12-09T08:39:39.834+0000][1][safepoint    ] Total time for which application threads were stopped: 0.0000662 seconds, Stopping threads took: 0.0000170 seconds
[2019-12-09T08:39:40.834+0000][1][safepoint    ] Application time: 1.0000778 seconds
[2019-12-09T08:39:40.834+0000][1][safepoint    ] Entering safepoint region: Cleanup
[2019-12-09T08:39:40.834+0000][1][safepoint    ] Leaving safepoint region
[2019-12-09T08:39:40.834+0000][1][safepoint    ] Total time for which application threads were stopped: 0.0000650 seconds, Stopping threads took: 0.0000163 seconds
[2019-12-09T08:39:41.834+0000][1][safepoint    ] Application time: 1.0000764 seconds
[2019-12-09T08:39:41.834+0000][1][safepoint    ] Entering safepoint region: Cleanup
[2019-12-09T08:39:41.835+0000][1][safepoint    ] Leaving safepoint region
[2019-12-09T08:39:41.835+0000][1][safepoint    ] Total time for which application threads were stopped: 0.0000668 seconds, Stopping threads took: 0.0000177 seconds
[2019-12-09T08:39:42.835+0000][1][safepoint    ] Application time: 1.0000775 seconds
[2019-12-09T08:39:42.835+0000][1][safepoint    ] Entering safepoint region: Cleanup
[2019-12-09T08:39:42.835+0000][1][safepoint    ] Leaving safepoint region
[2019-12-09T08:39:42.835+0000][1][safepoint    ] Total time for which application threads were stopped: 0.0000782 seconds, Stopping threads took: 0.0000171 seconds
[2019-12-09T08:39:43.835+0000][1][safepoint    ] Application time: 1.0000793 seconds
[2019-12-09T08:39:43.835+0000][1][safepoint    ] Entering safepoint region: Cleanup
[2019-12-09T08:39:43.835+0000][1][safepoint    ] Leaving safepoint region
[2019-12-09T08:39:43.835+0000][1][safepoint    ] Total time for which application threads were stopped: 0.0000686 seconds, Stopping threads took: 0.0000173 seconds
[2019-12-09T08:39:44.835+0000][1][safepoint    ] Application time: 1.0000772 seconds
[2019-12-09T08:39:44.835+0000][1][safepoint    ] Entering safepoint region: Cleanup
[2019-12-09T08:39:44.835+0000][1][safepoint    ] Leaving safepoint region
[2019-12-09T08:39:44.835+0000][1][safepoint    ] Total time for which application threads were stopped: 0.0000749 seconds, Stopping threads took: 0.0000166 seconds
[2019-12-09T08:39:45.835+0000][1][safepoint    ] Application time: 1.0000780 seconds
[2019-12-09T08:39:45.835+0000][1][safepoint    ] Entering safepoint region: Cleanup
[2019-12-09T08:39:45.835+0000][1][safepoint    ] Leaving safepoint region
[2019-12-09T08:39:45.835+0000][1][safepoint    ] Total time for which application threads were stopped: 0.0000651 seconds, Stopping threads took: 0.0000165 seconds
[2019-12-09T08:39:46.835+0000][1][safepoint    ] Application time: 1.0000759 seconds
[2019-12-09T08:39:46.835+0000][1][safepoint    ] Entering safepoint region: Cleanup
[2019-12-09T08:39:46.835+0000][1][safepoint    ] Leaving safepoint region
[2019-12-09T08:39:46.835+0000][1][safepoint    ] Total time for which application threads were stopped: 0.0000692 seconds, Stopping threads took: 0.0000167 seconds
[2019-12-09T08:39:47.836+0000][1][safepoint    ] Application time: 1.0000774 seconds
[2019-12-09T08:39:47.836+0000][1][safepoint    ] Entering safepoint region: Cleanup
[2019-12-09T08:39:47.836+0000][1][safepoint    ] Leaving safepoint region
[2019-12-09T08:39:47.836+0000][1][safepoint    ] Total time for which application threads were stopped: 0.0000865 seconds, Stopping threads took: 0.0000178 seconds
[2019-12-09T08:39:48.836+0000][1][safepoint    ] Application time: 1.0000752 seconds
[2019-12-09T08:39:48.836+0000][1][safepoint    ] Entering safepoint region: Cleanup
[2019-12-09T08:39:48.836+0000][1][safepoint    ] Leaving safepoint region
[2019-12-09T08:39:48.836+0000][1][safepoint    ] Total time for which application threads were stopped: 0.0000704 seconds, Stopping threads took: 0.0000227 seconds
[2019-12-09T08:39:49.836+0000][1][safepoint    ] Application time: 1.0000753 seconds
[2019-12-09T08:39:49.836+0000][1][safepoint    ] Entering safepoint region: Cleanup
[2019-12-09T08:39:49.836+0000][1][safepoint    ] Leaving safepoint region
[2019-12-09T08:39:49.836+0000][1][safepoint    ] Total time for which application threads were stopped: 0.0000651 seconds, Stopping threads took: 0.0000164 seconds
[2019-12-09T08:39:50.836+0000][1][safepoint    ] Application time: 1.0000794 seconds
[2019-12-09T08:39:50.836+0000][1][safepoint    ] Entering safepoint region: Cleanup
[2019-12-09T08:39:50.836+0000][1][safepoint    ] Leaving safepoint region
[2019-12-09T08:39:50.836+0000][1][safepoint    ] Total time for which application threads were stopped: 0.0000683 seconds, Stopping threads took: 0.0000166 seconds
[2019-12-09T08:39:51.836+0000][1][safepoint    ] Application time: 1.0000782 seconds
[2019-12-09T08:39:51.836+0000][1][safepoint    ] Entering safepoint region: Cleanup
[2019-12-09T08:39:51.836+0000][1][safepoint    ] Leaving safepoint region
[2019-12-09T08:39:51.836+0000][1][safepoint    ] Total time for which application threads were stopped: 0.0000677 seconds, Stopping threads took: 0.0000173 seconds
[2019-12-09T08:39:52.837+0000][1][safepoint    ] Application time: 1.0000783 seconds
[2019-12-09T08:39:52.837+0000][1][safepoint    ] Entering safepoint region: Cleanup
[2019-12-09T08:39:52.837+0000][1][safepoint    ] Leaving safepoint region
[2019-12-09T08:39:52.837+0000][1][safepoint    ] Total time for which application threads were stopped: 0.0000687 seconds, Stopping threads took: 0.0000170 seconds
[2019-12-09T08:39:53.837+0000][1][safepoint    ] Application time: 1.0000781 seconds
[2019-12-09T08:39:53.837+0000][1][safepoint    ] Entering safepoint region: Cleanup
[2019-12-09T08:39:53.837+0000][1][safepoint    ] Leaving safepoint region
[2019-12-09T08:39:53.837+0000][1][safepoint    ] Total time for which application threads were stopped: 0.0000669 seconds, Stopping threads took: 0.0000167 seconds
[2019-12-09T08:39:54.837+0000][1][safepoint    ] Application time: 1.0000780 seconds
[2019-12-09T08:39:54.837+0000][1][safepoint    ] Entering safepoint region: Cleanup
[2019-12-09T08:39:54.837+0000][1][safepoint    ] Leaving safepoint region
[2019-12-09T08:39:54.837+0000][1][safepoint    ] Total time for which application threads were stopped: 0.0000729 seconds, Stopping threads took: 0.0000165 seconds
[2019-12-09T08:39:55.837+0000][1][safepoint    ] Application time: 1.0000789 seconds
[2019-12-09T08:39:55.837+0000][1][safepoint    ] Entering safepoint region: Cleanup
[2019-12-09T08:39:55.837+0000][1][safepoint    ] Leaving safepoint region
[2019-12-09T08:39:55.837+0000][1][safepoint    ] Total time for which application threads were stopped: 0.0000675 seconds, Stopping threads took: 0.0000175 seconds
[2019-12-09T08:39:56.837+0000][1][safepoint    ] Application time: 1.0000753 seconds
[2019-12-09T08:39:56.837+0000][1][safepoint    ] Entering safepoint region: Cleanup
[2019-12-09T08:39:56.837+0000][1][safepoint    ] Leaving safepoint region
[2019-12-09T08:39:56.837+0000][1][safepoint    ] Total time for which application threads were stopped: 0.0000659 seconds, Stopping threads took: 0.0000165 seconds
[2019-12-09T08:39:57.837+0000][1][safepoint    ] Application time: 1.0000780 seconds
[2019-12-09T08:39:57.838+0000][1][safepoint    ] Entering safepoint region: Cleanup
[2019-12-09T08:39:57.838+0000][1][safepoint    ] Leaving safepoint region
[2019-12-09T08:39:57.838+0000][1][safepoint    ] Total time for which application threads were stopped: 0.0000680 seconds, Stopping threads took: 0.0000167 seconds
[2019-12-09T08:39:58.838+0000][1][safepoint    ] Application time: 1.0000858 seconds
[2019-12-09T08:39:58.838+0000][1][safepoint    ] Entering safepoint region: Cleanup
[2019-12-09T08:39:58.838+0000][1][safepoint    ] Leaving safepoint region
[2019-12-09T08:39:58.838+0000][1][safepoint    ] Total time for which application threads were stopped: 0.0000675 seconds, Stopping threads took: 0.0000166 seconds
[2019-12-09T08:39:59.838+0000][1][safepoint    ] Application time: 1.0000785 seconds
[2019-12-09T08:39:59.838+0000][1][safepoint    ] Entering safepoint region: Cleanup
[2019-12-09T08:39:59.838+0000][1][safepoint    ] Leaving safepoint region
[2019-12-09T08:39:59.838+0000][1][safepoint    ] Total time for which application threads were stopped: 0.0000690 seconds, Stopping threads took: 0.0000183 seconds
[2019-12-09T08:40:00.838+0000][1][safepoint    ] Application time: 1.0000786 seconds
[2019-12-09T08:40:00.838+0000][1][safepoint    ] Entering safepoint region: Cleanup
[2019-12-09T08:40:00.838+0000][1][safepoint    ] Leaving safepoint region
[2019-12-09T08:40:00.838+0000][1][safepoint    ] Total time for which application threads were stopped: 0.0000722 seconds, Stopping threads took: 0.0000191 seconds
[2019-12-09T08:40:01.838+0000][1][safepoint    ] Application time: 1.0000769 seconds
[2019-12-09T08:40:01.838+0000][1][safepoint    ] Entering safepoint region: Cleanup
[2019-12-09T08:40:01.838+0000][1][safepoint    ] Leaving safepoint region
[2019-12-09T08:40:01.838+0000][1][safepoint    ] Total time for which application threads were stopped: 0.0000672 seconds, Stopping threads took: 0.0000155 seconds
[2019-12-09T08:40:01.856+0000][1][safepoint    ] Application time: 0.0181021 seconds
[2019-12-09T08:40:01.856+0000][1][safepoint    ] Entering safepoint region: GenCollectForAllocation
[2019-12-09T08:40:01.857+0000][1][gc,start     ] GC(72) Pause Young (Allocation Failure)
[2019-12-09T08:40:01.857+0000][1][gc,task      ] GC(72) Using 2 workers of 2 for evacuation
[2019-12-09T08:40:01.858+0000][1][gc,age       ] GC(72) Desired survivor size 4456448 bytes, new threshold 6 (max threshold 6)
[2019-12-09T08:40:01.858+0000][1][gc,age       ] GC(72) Age table with threshold 6 (max threshold 6)
[2019-12-09T08:40:01.858+0000][1][gc,age       ] GC(72) - age   1:       2912 bytes,       2912 total
[2019-12-09T08:40:01.858+0000][1][gc,age       ] GC(72) - age   4:        512 bytes,       3424 total
[2019-12-09T08:40:01.858+0000][1][gc,age       ] GC(72) - age   5:       7136 bytes,      10560 total
[2019-12-09T08:40:01.858+0000][1][gc,heap      ] GC(72) ParNew: 69968K->16K(78656K)
[2019-12-09T08:40:01.858+0000][1][gc,heap      ] GC(72) CMS: 69458K->69458K(174784K)
[2019-12-09T08:40:01.858+0000][1][gc,metaspace ] GC(72) Metaspace: 68474K->68474K(1112064K)
[2019-12-09T08:40:01.858+0000][1][gc           ] GC(72) Pause Young (Allocation Failure) 136M->67M(247M) 1.442ms
[2019-12-09T08:40:01.858+0000][1][gc,cpu       ] GC(72) User=0.01s Sys=0.00s Real=0.00s
[2019-12-09T08:40:01.858+0000][1][safepoint    ] Leaving safepoint region
[2019-12-09T08:40:01.858+0000][1][safepoint    ] Total time for which application threads were stopped: 0.0015585 seconds, Stopping threads took: 0.0000095 seconds
[2019-12-09T08:40:02.858+0000][1][safepoint    ] Application time: 1.0000835 seconds
[2019-12-09T08:40:02.858+0000][1][safepoint    ] Entering safepoint region: Cleanup
[2019-12-09T08:40:02.858+0000][1][safepoint    ] Leaving safepoint region
[2019-12-09T08:40:02.858+0000][1][safepoint    ] Total time for which application threads were stopped: 0.0000973 seconds, Stopping threads took: 0.0000480 seconds
[2019-12-09T08:40:03.858+0000][1][safepoint    ] Application time: 1.0000849 seconds
[2019-12-09T08:40:03.858+0000][1][safepoint    ] Entering safepoint region: Cleanup
[2019-12-09T08:40:03.858+0000][1][safepoint    ] Leaving safepoint region
[2019-12-09T08:40:03.858+0000][1][safepoint    ] Total time for which application threads were stopped: 0.0000626 seconds, Stopping threads took: 0.0000155 seconds
[2019-12-09T08:40:04.859+0000][1][safepoint    ] Application time: 1.0000751 seconds
[2019-12-09T08:40:04.859+0000][1][safepoint    ] Entering safepoint region: Cleanup
[2019-12-09T08:40:04.859+0000][1][safepoint    ] Leaving safepoint region
[2019-12-09T08:40:04.859+0000][1][safepoint    ] Total time for which application threads were stopped: 0.0000605 seconds, Stopping threads took: 0.0000134 seconds
[2019-12-09T08:40:05.859+0000][1][safepoint    ] Application time: 1.0000778 seconds
[2019-12-09T08:40:05.859+0000][1][safepoint    ] Entering safepoint region: Cleanup
[2019-12-09T08:40:05.859+0000][1][safepoint    ] Leaving safepoint region
[2019-12-09T08:40:05.859+0000][1][safepoint    ] Total time for which application threads were stopped: 0.0000611 seconds, Stopping threads took: 0.0000145 seconds
[2019-12-09T08:40:06.859+0000][1][safepoint    ] Application time: 1.0000763 seconds
[2019-12-09T08:40:06.859+0000][1][safepoint    ] Entering safepoint region: Cleanup
[2019-12-09T08:40:06.859+0000][1][safepoint    ] Leaving safepoint region
[2019-12-09T08:40:06.859+0000][1][safepoint    ] Total time for which application threads were stopped: 0.0000630 seconds, Stopping threads took: 0.0000140 seconds
[2019-12-09T08:40:07.859+0000][1][safepoint    ] Application time: 1.0000732 seconds
[2019-12-09T08:40:07.859+0000][1][safepoint    ] Entering safepoint region: Cleanup
[2019-12-09T08:40:07.859+0000][1][safepoint    ] Leaving safepoint region
[2019-12-09T08:40:07.859+0000][1][safepoint    ] Total time for which application threads were stopped: 0.0000622 seconds, Stopping threads took: 0.0000143 seconds
[2019-12-09T08:40:08.859+0000][1][safepoint    ] Application time: 1.0000776 seconds
[2019-12-09T08:40:08.859+0000][1][safepoint    ] Entering safepoint region: Cleanup
[2019-12-09T08:40:08.859+0000][1][safepoint    ] Leaving safepoint region
[2019-12-09T08:40:08.859+0000][1][safepoint    ] Total time for which application threads were stopped: 0.0000657 seconds, Stopping threads took: 0.0000153 seconds
[2019-12-09T08:40:09.859+0000][1][safepoint    ] Application time: 1.0000747 seconds
[2019-12-09T08:40:09.860+0000][1][safepoint    ] Entering safepoint region: Cleanup
[2019-12-09T08:40:09.860+0000][1][safepoint    ] Leaving safepoint region
[2019-12-09T08:40:09.860+0000][1][safepoint    ] Total time for which application threads were stopped: 0.0000608 seconds, Stopping threads took: 0.0000144 seconds
[2019-12-09T08:40:10.860+0000][1][safepoint    ] Application time: 1.0000743 seconds
[2019-12-09T08:40:10.860+0000][1][safepoint    ] Entering safepoint region: Cleanup
[2019-12-09T08:40:10.860+0000][1][safepoint    ] Leaving safepoint region
[2019-12-09T08:40:10.860+0000][1][safepoint    ] Total time for which application threads were stopped: 0.0000791 seconds, Stopping threads took: 0.0000286 seconds
[2019-12-09T08:40:11.860+0000][1][safepoint    ] Application time: 1.0000792 seconds
[2019-12-09T08:40:11.860+0000][1][safepoint    ] Entering safepoint region: Cleanup
[2019-12-09T08:40:11.860+0000][1][safepoint    ] Leaving safepoint region
[2019-12-09T08:40:11.860+0000][1][safepoint    ] Total time for which application threads were stopped: 0.0000662 seconds, Stopping threads took: 0.0000144 seconds
[2019-12-09T08:40:12.860+0000][1][safepoint    ] Application time: 1.0000773 seconds
[2019-12-09T08:40:12.860+0000][1][safepoint    ] Entering safepoint region: Cleanup
[2019-12-09T08:40:12.860+0000][1][safepoint    ] Leaving safepoint region
[2019-12-09T08:40:12.860+0000][1][safepoint    ] Total time for which application threads were stopped: 0.0000657 seconds, Stopping threads took: 0.0000156 seconds
[2019-12-09T08:40:13.860+0000][1][safepoint    ] Application time: 1.0000770 seconds
[2019-12-09T08:40:13.860+0000][1][safepoint    ] Entering safepoint region: Cleanup
[2019-12-09T08:40:13.860+0000][1][safepoint    ] Leaving safepoint region
[2019-12-09T08:40:13.860+0000][1][safepoint    ] Total time for which application threads were stopped: 0.0000647 seconds, Stopping threads took: 0.0000147 seconds
[2019-12-09T08:40:14.860+0000][1][safepoint    ] Application time: 1.0000789 seconds
[2019-12-09T08:40:14.860+0000][1][safepoint    ] Entering safepoint region: Cleanup
[2019-12-09T08:40:14.861+0000][1][safepoint    ] Leaving safepoint region
[2019-12-09T08:40:14.861+0000][1][safepoint    ] Total time for which application threads were stopped: 0.0000652 seconds, Stopping threads took: 0.0000155 seconds
[2019-12-09T08:40:15.861+0000][1][safepoint    ] Application time: 1.0000902 seconds
[2019-12-09T08:40:15.861+0000][1][safepoint    ] Entering safepoint region: Cleanup
[2019-12-09T08:40:15.861+0000][1][safepoint    ] Leaving safepoint region
[2019-12-09T08:40:15.861+0000][1][safepoint    ] Total time for which application threads were stopped: 0.0001156 seconds, Stopping threads took: 0.0000585 seconds
[2019-12-09T08:40:16.861+0000][1][safepoint    ] Application time: 1.0000854 seconds
[2019-12-09T08:40:16.861+0000][1][safepoint    ] Entering safepoint region: Cleanup
[2019-12-09T08:40:16.861+0000][1][safepoint    ] Leaving safepoint region
[2019-12-09T08:40:16.861+0000][1][safepoint    ] Total time for which application threads were stopped: 0.0000660 seconds, Stopping threads took: 0.0000167 seconds
[2019-12-09T08:40:17.861+0000][1][safepoint    ] Application time: 1.0000765 seconds
[2019-12-09T08:40:17.861+0000][1][safepoint    ] Entering safepoint region: Cleanup
[2019-12-09T08:40:17.861+0000][1][safepoint    ] Leaving safepoint region
[2019-12-09T08:40:17.861+0000][1][safepoint    ] Total time for which application threads were stopped: 0.0000673 seconds, Stopping threads took: 0.0000166 seconds
[2019-12-09T08:40:18.861+0000][1][safepoint    ] Application time: 1.0000771 seconds
[2019-12-09T08:40:18.861+0000][1][safepoint    ] Entering safepoint region: Cleanup
[2019-12-09T08:40:18.861+0000][1][safepoint    ] Leaving safepoint region
[2019-12-09T08:40:18.861+0000][1][safepoint    ] Total time for which application threads were stopped: 0.0000742 seconds, Stopping threads took: 0.0000220 seconds
[2019-12-09T08:40:19.861+0000][1][safepoint    ] Application time: 1.0000766 seconds
[2019-12-09T08:40:19.861+0000][1][safepoint    ] Entering safepoint region: Cleanup
[2019-12-09T08:40:19.862+0000][1][safepoint    ] Leaving safepoint region
[2019-12-09T08:40:19.862+0000][1][safepoint    ] Total time for which application threads were stopped: 0.0000688 seconds, Stopping threads took: 0.0000180 seconds
[2019-12-09T08:40:20.862+0000][1][safepoint    ] Application time: 1.0000853 seconds
[2019-12-09T08:40:20.862+0000][1][safepoint    ] Entering safepoint region: Cleanup
[2019-12-09T08:40:20.862+0000][1][safepoint    ] Leaving safepoint region
[2019-12-09T08:40:20.862+0000][1][safepoint    ] Total time for which application threads were stopped: 0.0001064 seconds, Stopping threads took: 0.0000481 seconds
[2019-12-09T08:40:21.862+0000][1][safepoint    ] Application time: 1.0000849 seconds
[2019-12-09T08:40:21.862+0000][1][safepoint    ] Entering safepoint region: Cleanup
[2019-12-09T08:40:21.862+0000][1][safepoint    ] Leaving safepoint region
[2019-12-09T08:40:21.862+0000][1][safepoint    ] Total time for which application threads were stopped: 0.0000683 seconds, Stopping threads took: 0.0000176 seconds
[2019-12-09T08:40:22.862+0000][1][safepoint    ] Application time: 1.0000761 seconds
[2019-12-09T08:40:22.862+0000][1][safepoint    ] Entering safepoint region: Cleanup
[2019-12-09T08:40:22.862+0000][1][safepoint    ] Leaving safepoint region
[2019-12-09T08:40:22.862+0000][1][safepoint    ] Total time for which application threads were stopped: 0.0000671 seconds, Stopping threads took: 0.0000167 seconds
[2019-12-09T08:40:23.862+0000][1][safepoint    ] Application time: 1.0000760 seconds
[2019-12-09T08:40:23.862+0000][1][safepoint    ] Entering safepoint region: Cleanup
[2019-12-09T08:40:23.862+0000][1][safepoint    ] Leaving safepoint region
[2019-12-09T08:40:23.862+0000][1][safepoint    ] Total time for which application threads were stopped: 0.0000657 seconds, Stopping threads took: 0.0000166 seconds
[2019-12-09T08:40:24.862+0000][1][safepoint    ] Application time: 1.0000769 seconds
[2019-12-09T08:40:24.863+0000][1][safepoint    ] Entering safepoint region: Cleanup
[2019-12-09T08:40:24.863+0000][1][safepoint    ] Leaving safepoint region
[2019-12-09T08:40:24.863+0000][1][safepoint    ] Total time for which application threads were stopped: 0.0000664 seconds, Stopping threads took: 0.0000160 seconds
[2019-12-09T08:40:25.863+0000][1][safepoint    ] Application time: 1.0000784 seconds
[2019-12-09T08:40:25.863+0000][1][safepoint    ] Entering safepoint region: Cleanup
[2019-12-09T08:40:25.863+0000][1][safepoint    ] Leaving safepoint region
[2019-12-09T08:40:25.863+0000][1][safepoint    ] Total time for which application threads were stopped: 0.0000650 seconds, Stopping threads took: 0.0000171 seconds
[2019-12-09T08:40:26.863+0000][1][safepoint    ] Application time: 1.0000768 seconds
[2019-12-09T08:40:26.863+0000][1][safepoint    ] Entering safepoint region: Cleanup
[2019-12-09T08:40:26.863+0000][1][safepoint    ] Leaving safepoint region
[2019-12-09T08:40:26.863+0000][1][safepoint    ] Total time for which application threads were stopped: 0.0000658 seconds, Stopping threads took: 0.0000162 seconds
[2019-12-09T08:40:27.863+0000][1][safepoint    ] Application time: 1.0000766 seconds
[2019-12-09T08:40:27.863+0000][1][safepoint    ] Entering safepoint region: Cleanup
[2019-12-09T08:40:27.863+0000][1][safepoint    ] Leaving safepoint region
[2019-12-09T08:40:27.863+0000][1][safepoint    ] Total time for which application threads were stopped: 0.0000664 seconds, Stopping threads took: 0.0000174 seconds
[2019-12-09T08:40:28.863+0000][1][safepoint    ] Application time: 1.0000773 seconds
[2019-12-09T08:40:28.863+0000][1][safepoint    ] Entering safepoint region: Cleanup
[2019-12-09T08:40:28.863+0000][1][safepoint    ] Leaving safepoint region
[2019-12-09T08:40:28.863+0000][1][safepoint    ] Total time for which application threads were stopped: 0.0000692 seconds, Stopping threads took: 0.0000179 seconds
[2019-12-09T08:40:29.863+0000][1][safepoint    ] Application time: 1.0000760 seconds
[2019-12-09T08:40:29.863+0000][1][safepoint    ] Entering safepoint region: Cleanup
[2019-12-09T08:40:29.864+0000][1][safepoint    ] Leaving safepoint region
[2019-12-09T08:40:29.864+0000][1][safepoint    ] Total time for which application threads were stopped: 0.0000683 seconds, Stopping threads took: 0.0000163 seconds
[2019-12-09T08:40:30.864+0000][1][safepoint    ] Application time: 1.0000736 seconds
[2019-12-09T08:40:30.864+0000][1][safepoint    ] Entering safepoint region: Cleanup
[2019-12-09T08:40:30.864+0000][1][safepoint    ] Leaving safepoint region
[2019-12-09T08:40:30.864+0000][1][safepoint    ] Total time for which application threads were stopped: 0.0000787 seconds, Stopping threads took: 0.0000164 seconds
[2019-12-09T08:40:31.864+0000][1][safepoint    ] Application time: 1.0000747 seconds
[2019-12-09T08:40:31.864+0000][1][safepoint    ] Entering safepoint region: Cleanup
[2019-12-09T08:40:31.864+0000][1][safepoint    ] Leaving safepoint region
[2019-12-09T08:40:31.864+0000][1][safepoint    ] Total time for which application threads were stopped: 0.0000675 seconds, Stopping threads took: 0.0000169 seconds
[2019-12-09T08:40:32.864+0000][1][safepoint    ] Application time: 1.0000773 seconds
[2019-12-09T08:40:32.864+0000][1][safepoint    ] Entering safepoint region: Cleanup
[2019-12-09T08:40:32.864+0000][1][safepoint    ] Leaving safepoint region
[2019-12-09T08:40:32.864+0000][1][safepoint    ] Total time for which application threads were stopped: 0.0000672 seconds, Stopping threads took: 0.0000170 seconds
[2019-12-09T08:40:33.864+0000][1][safepoint    ] Application time: 1.0000752 seconds
[2019-12-09T08:40:33.864+0000][1][safepoint    ] Entering safepoint region: Cleanup
[2019-12-09T08:40:33.864+0000][1][safepoint    ] Leaving safepoint region
[2019-12-09T08:40:33.864+0000][1][safepoint    ] Total time for which application threads were stopped: 0.0000631 seconds, Stopping threads took: 0.0000154 seconds
[2019-12-09T08:40:34.864+0000][1][safepoint    ] Application time: 1.0000753 seconds
[2019-12-09T08:40:34.864+0000][1][safepoint    ] Entering safepoint region: Cleanup
[2019-12-09T08:40:34.864+0000][1][safepoint    ] Leaving safepoint region
[2019-12-09T08:40:34.864+0000][1][safepoint    ] Total time for which application threads were stopped: 0.0000650 seconds, Stopping threads took: 0.0000170 seconds
[2019-12-09T08:40:35.865+0000][1][safepoint    ] Application time: 1.0000742 seconds
[2019-12-09T08:40:35.865+0000][1][safepoint    ] Entering safepoint region: Cleanup
[2019-12-09T08:40:35.865+0000][1][safepoint    ] Leaving safepoint region
[2019-12-09T08:40:35.865+0000][1][safepoint    ] Total time for which application threads were stopped: 0.0000629 seconds, Stopping threads took: 0.0000155 seconds
[2019-12-09T08:40:36.865+0000][1][safepoint    ] Application time: 1.0000763 seconds
[2019-12-09T08:40:36.865+0000][1][safepoint    ] Entering safepoint region: Cleanup
[2019-12-09T08:40:36.865+0000][1][safepoint    ] Leaving safepoint region
[2019-12-09T08:40:36.865+0000][1][safepoint    ] Total time for which application threads were stopped: 0.0000646 seconds, Stopping threads took: 0.0000160 seconds
[2019-12-09T08:40:37.865+0000][1][safepoint    ] Application time: 1.0000760 seconds
[2019-12-09T08:40:37.865+0000][1][safepoint    ] Entering safepoint region: Cleanup
[2019-12-09T08:40:37.865+0000][1][safepoint    ] Leaving safepoint region
[2019-12-09T08:40:37.865+0000][1][safepoint    ] Total time for which application threads were stopped: 0.0000633 seconds, Stopping threads took: 0.0000160 seconds
[2019-12-09T08:40:38.865+0000][1][safepoint    ] Application time: 1.0000738 seconds
[2019-12-09T08:40:38.865+0000][1][safepoint    ] Entering safepoint region: Cleanup
[2019-12-09T08:40:38.865+0000][1][safepoint    ] Leaving safepoint region
[2019-12-09T08:40:38.865+0000][1][safepoint    ] Total time for which application threads were stopped: 0.0000629 seconds, Stopping threads took: 0.0000160 seconds
[2019-12-09T08:40:39.865+0000][1][safepoint    ] Application time: 1.0000731 seconds
[2019-12-09T08:40:39.865+0000][1][safepoint    ] Entering safepoint region: Cleanup
[2019-12-09T08:40:39.865+0000][1][safepoint    ] Leaving safepoint region
[2019-12-09T08:40:39.865+0000][1][safepoint    ] Total time for which application threads were stopped: 0.0000629 seconds, Stopping threads took: 0.0000163 seconds
[2019-12-09T08:40:40.865+0000][1][safepoint    ] Application time: 1.0000734 seconds
[2019-12-09T08:40:40.865+0000][1][safepoint    ] Entering safepoint region: Cleanup
[2019-12-09T08:40:40.866+0000][1][safepoint    ] Leaving safepoint region
[2019-12-09T08:40:40.866+0000][1][safepoint    ] Total time for which application threads were stopped: 0.0000645 seconds, Stopping threads took: 0.0000165 seconds
[2019-12-09T08:40:41.866+0000][1][safepoint    ] Application time: 1.0000745 seconds
[2019-12-09T08:40:41.866+0000][1][safepoint    ] Entering safepoint region: Cleanup
[2019-12-09T08:40:41.866+0000][1][safepoint    ] Leaving safepoint region
[2019-12-09T08:40:41.866+0000][1][safepoint    ] Total time for which application threads were stopped: 0.0000769 seconds, Stopping threads took: 0.0000150 seconds
[2019-12-09T08:40:42.866+0000][1][safepoint    ] Application time: 1.0000736 seconds
[2019-12-09T08:40:42.866+0000][1][safepoint    ] Entering safepoint region: Cleanup
[2019-12-09T08:40:42.866+0000][1][safepoint    ] Leaving safepoint region
[2019-12-09T08:40:42.866+0000][1][safepoint    ] Total time for which application threads were stopped: 0.0000677 seconds, Stopping threads took: 0.0000166 seconds
[2019-12-09T08:40:43.866+0000][1][safepoint    ] Application time: 1.0000748 seconds
[2019-12-09T08:40:43.866+0000][1][safepoint    ] Entering safepoint region: Cleanup
[2019-12-09T08:40:43.866+0000][1][safepoint    ] Leaving safepoint region
[2019-12-09T08:40:43.866+0000][1][safepoint    ] Total time for which application threads were stopped: 0.0000668 seconds, Stopping threads took: 0.0000164 seconds
[2019-12-09T08:40:44.866+0000][1][safepoint    ] Application time: 1.0000770 seconds
[2019-12-09T08:40:44.866+0000][1][safepoint    ] Entering safepoint region: Cleanup
[2019-12-09T08:40:44.866+0000][1][safepoint    ] Leaving safepoint region
[2019-12-09T08:40:44.866+0000][1][safepoint    ] Total time for which application threads were stopped: 0.0000667 seconds, Stopping threads took: 0.0000166 seconds
[2019-12-09T08:40:45.866+0000][1][safepoint    ] Application time: 1.0000757 seconds
[2019-12-09T08:40:45.866+0000][1][safepoint    ] Entering safepoint region: Cleanup
[2019-12-09T08:40:45.866+0000][1][safepoint    ] Leaving safepoint region
[2019-12-09T08:40:45.866+0000][1][safepoint    ] Total time for which application threads were stopped: 0.0000674 seconds, Stopping threads took: 0.0000162 seconds
[2019-12-09T08:40:46.867+0000][1][safepoint    ] Application time: 1.0000799 seconds
[2019-12-09T08:40:46.867+0000][1][safepoint    ] Entering safepoint region: Cleanup
[2019-12-09T08:40:46.867+0000][1][safepoint    ] Leaving safepoint region
[2019-12-09T08:40:46.867+0000][1][safepoint    ] Total time for which application threads were stopped: 0.0000693 seconds, Stopping threads took: 0.0000168 seconds
[2019-12-09T08:40:47.867+0000][1][safepoint    ] Application time: 1.0000763 seconds
[2019-12-09T08:40:47.867+0000][1][safepoint    ] Entering safepoint region: Cleanup
[2019-12-09T08:40:47.867+0000][1][safepoint    ] Leaving safepoint region
[2019-12-09T08:40:47.867+0000][1][safepoint    ] Total time for which application threads were stopped: 0.0000656 seconds, Stopping threads took: 0.0000167 seconds
[2019-12-09T08:40:48.867+0000][1][safepoint    ] Application time: 1.0000766 seconds
[2019-12-09T08:40:48.867+0000][1][safepoint    ] Entering safepoint region: Cleanup
[2019-12-09T08:40:48.867+0000][1][safepoint    ] Leaving safepoint region
[2019-12-09T08:40:48.867+0000][1][safepoint    ] Total time for which application threads were stopped: 0.0000742 seconds, Stopping threads took: 0.0000238 seconds
[2019-12-09T08:40:49.867+0000][1][safepoint    ] Application time: 1.0000757 seconds
[2019-12-09T08:40:49.867+0000][1][safepoint    ] Entering safepoint region: Cleanup
[2019-12-09T08:40:49.867+0000][1][safepoint    ] Leaving safepoint region
[2019-12-09T08:40:49.867+0000][1][safepoint    ] Total time for which application threads were stopped: 0.0000667 seconds, Stopping threads took: 0.0000174 seconds
[2019-12-09T08:40:50.867+0000][1][safepoint    ] Application time: 1.0000753 seconds
[2019-12-09T08:40:50.867+0000][1][safepoint    ] Entering safepoint region: Cleanup
[2019-12-09T08:40:50.867+0000][1][safepoint    ] Leaving safepoint region
[2019-12-09T08:40:50.867+0000][1][safepoint    ] Total time for which application threads were stopped: 0.0000664 seconds, Stopping threads took: 0.0000163 seconds
[2019-12-09T08:40:51.867+0000][1][safepoint    ] Application time: 1.0000760 seconds
[2019-12-09T08:40:51.868+0000][1][safepoint    ] Entering safepoint region: Cleanup
[2019-12-09T08:40:51.868+0000][1][safepoint    ] Leaving safepoint region
[2019-12-09T08:40:51.868+0000][1][safepoint    ] Total time for which application threads were stopped: 0.0000662 seconds, Stopping threads took: 0.0000160 seconds
[2019-12-09T08:40:52.868+0000][1][safepoint    ] Application time: 1.0000770 seconds
[2019-12-09T08:40:52.868+0000][1][safepoint    ] Entering safepoint region: Cleanup
[2019-12-09T08:40:52.868+0000][1][safepoint    ] Leaving safepoint region
[2019-12-09T08:40:52.868+0000][1][safepoint    ] Total time for which application threads were stopped: 0.0000678 seconds, Stopping threads took: 0.0000173 seconds
[2019-12-09T08:40:53.868+0000][1][safepoint    ] Application time: 1.0000763 seconds
[2019-12-09T08:40:53.868+0000][1][safepoint    ] Entering safepoint region: Cleanup
[2019-12-09T08:40:53.868+0000][1][safepoint    ] Leaving safepoint region
[2019-12-09T08:40:53.868+0000][1][safepoint    ] Total time for which application threads were stopped: 0.0000665 seconds, Stopping threads took: 0.0000168 seconds
[2019-12-09T08:40:54.868+0000][1][safepoint    ] Application time: 1.0000792 seconds
[2019-12-09T08:40:54.868+0000][1][safepoint    ] Entering safepoint region: Cleanup
[2019-12-09T08:40:54.868+0000][1][safepoint    ] Leaving safepoint region
[2019-12-09T08:40:54.868+0000][1][safepoint    ] Total time for which application threads were stopped: 0.0000664 seconds, Stopping threads took: 0.0000166 seconds
[2019-12-09T08:40:55.868+0000][1][safepoint    ] Application time: 1.0000758 seconds
[2019-12-09T08:40:55.868+0000][1][safepoint    ] Entering safepoint region: Cleanup
[2019-12-09T08:40:55.868+0000][1][safepoint    ] Leaving safepoint region
[2019-12-09T08:40:55.868+0000][1][safepoint    ] Total time for which application threads were stopped: 0.0000697 seconds, Stopping threads took: 0.0000176 seconds
[2019-12-09T08:40:56.868+0000][1][safepoint    ] Application time: 1.0000765 seconds
[2019-12-09T08:40:56.868+0000][1][safepoint    ] Entering safepoint region: Cleanup
[2019-12-09T08:40:56.869+0000][1][safepoint    ] Leaving safepoint region
[2019-12-09T08:40:56.869+0000][1][safepoint    ] Total time for which application threads were stopped: 0.0000636 seconds, Stopping threads took: 0.0000162 seconds
[2019-12-09T08:40:57.869+0000][1][safepoint    ] Application time: 1.0000788 seconds
[2019-12-09T08:40:57.869+0000][1][safepoint    ] Entering safepoint region: Cleanup
[2019-12-09T08:40:57.869+0000][1][safepoint    ] Leaving safepoint region
[2019-12-09T08:40:57.869+0000][1][safepoint    ] Total time for which application threads were stopped: 0.0000784 seconds, Stopping threads took: 0.0000275 seconds
[2019-12-09T08:40:58.869+0000][1][safepoint    ] Application time: 1.0000793 seconds
[2019-12-09T08:40:58.869+0000][1][safepoint    ] Entering safepoint region: Cleanup
[2019-12-09T08:40:58.869+0000][1][safepoint    ] Leaving safepoint region
[2019-12-09T08:40:58.869+0000][1][safepoint    ] Total time for which application threads were stopped: 0.0000700 seconds, Stopping threads took: 0.0000173 seconds
[2019-12-09T08:40:59.869+0000][1][safepoint    ] Application time: 1.0000765 seconds
[2019-12-09T08:40:59.869+0000][1][safepoint    ] Entering safepoint region: Cleanup
[2019-12-09T08:40:59.869+0000][1][safepoint    ] Leaving safepoint region
[2019-12-09T08:40:59.869+0000][1][safepoint    ] Total time for which application threads were stopped: 0.0000664 seconds, Stopping threads took: 0.0000173 seconds
[2019-12-09T08:41:00.869+0000][1][safepoint    ] Application time: 1.0000772 seconds
[2019-12-09T08:41:00.869+0000][1][safepoint    ] Entering safepoint region: Cleanup
[2019-12-09T08:41:00.869+0000][1][safepoint    ] Leaving safepoint region
[2019-12-09T08:41:00.869+0000][1][safepoint    ] Total time for which application threads were stopped: 0.0000659 seconds, Stopping threads took: 0.0000157 seconds
[2019-12-09T08:41:01.869+0000][1][safepoint    ] Application time: 1.0000788 seconds
[2019-12-09T08:41:01.869+0000][1][safepoint    ] Entering safepoint region: Cleanup
[2019-12-09T08:41:01.869+0000][1][safepoint    ] Leaving safepoint region
[2019-12-09T08:41:01.870+0000][1][safepoint    ] Total time for which application threads were stopped: 0.0000682 seconds, Stopping threads took: 0.0000181 seconds
[2019-12-09T08:41:02.870+0000][1][safepoint    ] Application time: 1.0000786 seconds
[2019-12-09T08:41:02.870+0000][1][safepoint    ] Entering safepoint region: Cleanup
[2019-12-09T08:41:02.870+0000][1][safepoint    ] Leaving safepoint region
[2019-12-09T08:41:02.870+0000][1][safepoint    ] Total time for which application threads were stopped: 0.0000758 seconds, Stopping threads took: 0.0000170 seconds
[2019-12-09T08:41:03.870+0000][1][safepoint    ] Application time: 1.0000757 seconds
[2019-12-09T08:41:03.870+0000][1][safepoint    ] Entering safepoint region: Cleanup
[2019-12-09T08:41:03.870+0000][1][safepoint    ] Leaving safepoint region
[2019-12-09T08:41:03.870+0000][1][safepoint    ] Total time for which application threads were stopped: 0.0000672 seconds, Stopping threads took: 0.0000172 seconds
[2019-12-09T08:41:04.870+0000][1][safepoint    ] Application time: 1.0000741 seconds
[2019-12-09T08:41:04.870+0000][1][safepoint    ] Entering safepoint region: Cleanup
[2019-12-09T08:41:04.870+0000][1][safepoint    ] Leaving safepoint region
[2019-12-09T08:41:04.870+0000][1][safepoint    ] Total time for which application threads were stopped: 0.0000643 seconds, Stopping threads took: 0.0000156 seconds
[2019-12-09T08:41:05.870+0000][1][safepoint    ] Application time: 1.0000751 seconds
[2019-12-09T08:41:05.870+0000][1][safepoint    ] Entering safepoint region: Cleanup
[2019-12-09T08:41:05.870+0000][1][safepoint    ] Leaving safepoint region
[2019-12-09T08:41:05.870+0000][1][safepoint    ] Total time for which application threads were stopped: 0.0000669 seconds, Stopping threads took: 0.0000169 seconds
[2019-12-09T08:41:06.870+0000][1][safepoint    ] Application time: 1.0000759 seconds
[2019-12-09T08:41:06.870+0000][1][safepoint    ] Entering safepoint region: Cleanup
[2019-12-09T08:41:06.870+0000][1][safepoint    ] Leaving safepoint region
[2019-12-09T08:41:06.870+0000][1][safepoint    ] Total time for which application threads were stopped: 0.0000746 seconds, Stopping threads took: 0.0000165 seconds
[2019-12-09T08:41:07.871+0000][1][safepoint    ] Application time: 1.0000767 seconds
[2019-12-09T08:41:07.871+0000][1][safepoint    ] Entering safepoint region: Cleanup
[2019-12-09T08:41:07.871+0000][1][safepoint    ] Leaving safepoint region
[2019-12-09T08:41:07.871+0000][1][safepoint    ] Total time for which application threads were stopped: 0.0000657 seconds, Stopping threads took: 0.0000167 seconds
[2019-12-09T08:41:08.871+0000][1][safepoint    ] Application time: 1.0000773 seconds
[2019-12-09T08:41:08.871+0000][1][safepoint    ] Entering safepoint region: Cleanup
[2019-12-09T08:41:08.871+0000][1][safepoint    ] Leaving safepoint region
[2019-12-09T08:41:08.871+0000][1][safepoint    ] Total time for which application threads were stopped: 0.0000662 seconds, Stopping threads took: 0.0000164 seconds
[2019-12-09T08:41:09.871+0000][1][safepoint    ] Application time: 1.0000760 seconds
[2019-12-09T08:41:09.871+0000][1][safepoint    ] Entering safepoint region: Cleanup
[2019-12-09T08:41:09.871+0000][1][safepoint    ] Leaving safepoint region
[2019-12-09T08:41:09.871+0000][1][safepoint    ] Total time for which application threads were stopped: 0.0000687 seconds, Stopping threads took: 0.0000173 seconds
[2019-12-09T08:41:10.871+0000][1][safepoint    ] Application time: 1.0000755 seconds
[2019-12-09T08:41:10.871+0000][1][safepoint    ] Entering safepoint region: Cleanup
[2019-12-09T08:41:10.871+0000][1][safepoint    ] Leaving safepoint region
[2019-12-09T08:41:10.871+0000][1][safepoint    ] Total time for which application threads were stopped: 0.0000653 seconds, Stopping threads took: 0.0000174 seconds
[2019-12-09T08:41:11.871+0000][1][safepoint    ] Application time: 1.0000808 seconds
[2019-12-09T08:41:11.871+0000][1][safepoint    ] Entering safepoint region: Cleanup
[2019-12-09T08:41:11.871+0000][1][safepoint    ] Leaving safepoint region
[2019-12-09T08:41:11.871+0000][1][safepoint    ] Total time for which application threads were stopped: 0.0000656 seconds, Stopping threads took: 0.0000173 seconds
[2019-12-09T08:41:12.871+0000][1][safepoint    ] Application time: 1.0000764 seconds
[2019-12-09T08:41:12.872+0000][1][safepoint    ] Entering safepoint region: Cleanup
[2019-12-09T08:41:12.872+0000][1][safepoint    ] Leaving safepoint region
[2019-12-09T08:41:12.872+0000][1][safepoint    ] Total time for which application threads were stopped: 0.0000680 seconds, Stopping threads took: 0.0000175 seconds
[2019-12-09T08:41:13.872+0000][1][safepoint    ] Application time: 1.0000754 seconds
[2019-12-09T08:41:13.872+0000][1][safepoint    ] Entering safepoint region: Cleanup
[2019-12-09T08:41:13.872+0000][1][safepoint    ] Leaving safepoint region
[2019-12-09T08:41:13.872+0000][1][safepoint    ] Total time for which application threads were stopped: 0.0000745 seconds, Stopping threads took: 0.0000252 seconds
[2019-12-09T08:41:14.872+0000][1][safepoint    ] Application time: 1.0000754 seconds
[2019-12-09T08:41:14.872+0000][1][safepoint    ] Entering safepoint region: Cleanup
[2019-12-09T08:41:14.872+0000][1][safepoint    ] Leaving safepoint region
[2019-12-09T08:41:14.872+0000][1][safepoint    ] Total time for which application threads were stopped: 0.0000678 seconds, Stopping threads took: 0.0000166 seconds
[2019-12-09T08:41:15.872+0000][1][safepoint    ] Application time: 1.0000763 seconds
[2019-12-09T08:41:15.872+0000][1][safepoint    ] Entering safepoint region: Cleanup
[2019-12-09T08:41:15.872+0000][1][safepoint    ] Leaving safepoint region
[2019-12-09T08:41:15.872+0000][1][safepoint    ] Total time for which application threads were stopped: 0.0000632 seconds, Stopping threads took: 0.0000154 seconds
[2019-12-09T08:41:16.872+0000][1][safepoint    ] Application time: 1.0000767 seconds
[2019-12-09T08:41:16.872+0000][1][safepoint    ] Entering safepoint region: Cleanup
[2019-12-09T08:41:16.872+0000][1][safepoint    ] Leaving safepoint region
[2019-12-09T08:41:16.872+0000][1][safepoint    ] Total time for which application threads were stopped: 0.0000668 seconds, Stopping threads took: 0.0000170 seconds
[2019-12-09T08:41:17.872+0000][1][safepoint    ] Application time: 1.0000763 seconds
[2019-12-09T08:41:17.872+0000][1][safepoint    ] Entering safepoint region: Cleanup
[2019-12-09T08:41:17.873+0000][1][safepoint    ] Leaving safepoint region
[2019-12-09T08:41:17.873+0000][1][safepoint    ] Total time for which application threads were stopped: 0.0000659 seconds, Stopping threads took: 0.0000158 seconds
[2019-12-09T08:41:18.873+0000][1][safepoint    ] Application time: 1.0000761 seconds
[2019-12-09T08:41:18.873+0000][1][safepoint    ] Entering safepoint region: Cleanup
[2019-12-09T08:41:18.873+0000][1][safepoint    ] Leaving safepoint region
[2019-12-09T08:41:18.873+0000][1][safepoint    ] Total time for which application threads were stopped: 0.0000856 seconds, Stopping threads took: 0.0000245 seconds
[2019-12-09T08:41:19.873+0000][1][safepoint    ] Application time: 1.0000770 seconds
[2019-12-09T08:41:19.873+0000][1][safepoint    ] Entering safepoint region: Cleanup
[2019-12-09T08:41:19.873+0000][1][safepoint    ] Leaving safepoint region
[2019-12-09T08:41:19.873+0000][1][safepoint    ] Total time for which application threads were stopped: 0.0000653 seconds, Stopping threads took: 0.0000157 seconds
[2019-12-09T08:41:20.873+0000][1][safepoint    ] Application time: 1.0000749 seconds
[2019-12-09T08:41:20.873+0000][1][safepoint    ] Entering safepoint region: Cleanup
[2019-12-09T08:41:20.873+0000][1][safepoint    ] Leaving safepoint region
[2019-12-09T08:41:20.873+0000][1][safepoint    ] Total time for which application threads were stopped: 0.0000680 seconds, Stopping threads took: 0.0000165 seconds
[2019-12-09T08:41:21.873+0000][1][safepoint    ] Application time: 1.0000741 seconds
[2019-12-09T08:41:21.873+0000][1][safepoint    ] Entering safepoint region: Cleanup
[2019-12-09T08:41:21.873+0000][1][safepoint    ] Leaving safepoint region
[2019-12-09T08:41:21.873+0000][1][safepoint    ] Total time for which application threads were stopped: 0.0000668 seconds, Stopping threads took: 0.0000171 seconds
[2019-12-09T08:41:22.873+0000][1][safepoint    ] Application time: 1.0000737 seconds
[2019-12-09T08:41:22.873+0000][1][safepoint    ] Entering safepoint region: Cleanup
[2019-12-09T08:41:22.873+0000][1][safepoint    ] Leaving safepoint region
[2019-12-09T08:41:22.873+0000][1][safepoint    ] Total time for which application threads were stopped: 0.0000674 seconds, Stopping threads took: 0.0000169 seconds
[2019-12-09T08:41:23.874+0000][1][safepoint    ] Application time: 1.0000779 seconds
[2019-12-09T08:41:23.874+0000][1][safepoint    ] Entering safepoint region: Cleanup
[2019-12-09T08:41:23.874+0000][1][safepoint    ] Leaving safepoint region
[2019-12-09T08:41:23.874+0000][1][safepoint    ] Total time for which application threads were stopped: 0.0000693 seconds, Stopping threads took: 0.0000166 seconds
[2019-12-09T08:41:24.874+0000][1][safepoint    ] Application time: 1.0000791 seconds
[2019-12-09T08:41:24.874+0000][1][safepoint    ] Entering safepoint region: Cleanup
[2019-12-09T08:41:24.874+0000][1][safepoint    ] Leaving safepoint region
[2019-12-09T08:41:24.874+0000][1][safepoint    ] Total time for which application threads were stopped: 0.0000666 seconds, Stopping threads took: 0.0000177 seconds
[2019-12-09T08:41:25.874+0000][1][safepoint    ] Application time: 1.0000797 seconds
[2019-12-09T08:41:25.874+0000][1][safepoint    ] Entering safepoint region: Cleanup
[2019-12-09T08:41:25.874+0000][1][safepoint    ] Leaving safepoint region
[2019-12-09T08:41:25.874+0000][1][safepoint    ] Total time for which application threads were stopped: 0.0000666 seconds, Stopping threads took: 0.0000174 seconds
[2019-12-09T08:41:26.874+0000][1][safepoint    ] Application time: 1.0000780 seconds
[2019-12-09T08:41:26.874+0000][1][safepoint    ] Entering safepoint region: Cleanup
[2019-12-09T08:41:26.874+0000][1][safepoint    ] Leaving safepoint region
[2019-12-09T08:41:26.874+0000][1][safepoint    ] Total time for which application threads were stopped: 0.0000668 seconds, Stopping threads took: 0.0000153 seconds
[2019-12-09T08:41:27.874+0000][1][safepoint    ] Application time: 1.0000771 seconds
[2019-12-09T08:41:27.874+0000][1][safepoint    ] Entering safepoint region: Cleanup
[2019-12-09T08:41:27.874+0000][1][safepoint    ] Leaving safepoint region
[2019-12-09T08:41:27.874+0000][1][safepoint    ] Total time for which application threads were stopped: 0.0000646 seconds, Stopping threads took: 0.0000166 seconds
[2019-12-09T08:41:28.875+0000][1][safepoint    ] Application time: 1.0000825 seconds
[2019-12-09T08:41:28.875+0000][1][safepoint    ] Entering safepoint region: Cleanup
[2019-12-09T08:41:28.875+0000][1][safepoint    ] Leaving safepoint region
[2019-12-09T08:41:28.875+0000][1][safepoint    ] Total time for which application threads were stopped: 0.0000756 seconds, Stopping threads took: 0.0000252 seconds
[2019-12-09T08:41:29.875+0000][1][safepoint    ] Application time: 1.0000783 seconds
[2019-12-09T08:41:29.875+0000][1][safepoint    ] Entering safepoint region: Cleanup
[2019-12-09T08:41:29.875+0000][1][safepoint    ] Leaving safepoint region
[2019-12-09T08:41:29.875+0000][1][safepoint    ] Total time for which application threads were stopped: 0.0000678 seconds, Stopping threads took: 0.0000166 seconds
[2019-12-09T08:41:30.875+0000][1][safepoint    ] Application time: 1.0000763 seconds
[2019-12-09T08:41:30.875+0000][1][safepoint    ] Entering safepoint region: Cleanup
[2019-12-09T08:41:30.875+0000][1][safepoint    ] Leaving safepoint region
[2019-12-09T08:41:30.875+0000][1][safepoint    ] Total time for which application threads were stopped: 0.0000655 seconds, Stopping threads took: 0.0000150 seconds
[2019-12-09T08:41:31.875+0000][1][safepoint    ] Application time: 1.0000778 seconds
[2019-12-09T08:41:31.875+0000][1][safepoint    ] Entering safepoint region: Cleanup
[2019-12-09T08:41:31.875+0000][1][safepoint    ] Leaving safepoint region
[2019-12-09T08:41:31.875+0000][1][safepoint    ] Total time for which application threads were stopped: 0.0000656 seconds, Stopping threads took: 0.0000157 seconds
[2019-12-09T08:41:32.875+0000][1][safepoint    ] Application time: 1.0000772 seconds
[2019-12-09T08:41:32.875+0000][1][safepoint    ] Entering safepoint region: Cleanup
[2019-12-09T08:41:32.875+0000][1][safepoint    ] Leaving safepoint region
[2019-12-09T08:41:32.875+0000][1][safepoint    ] Total time for which application threads were stopped: 0.0000670 seconds, Stopping threads took: 0.0000174 seconds
[2019-12-09T08:41:33.875+0000][1][safepoint    ] Application time: 1.0000798 seconds
[2019-12-09T08:41:33.876+0000][1][safepoint    ] Entering safepoint region: Cleanup
[2019-12-09T08:41:33.876+0000][1][safepoint    ] Leaving safepoint region
[2019-12-09T08:41:33.876+0000][1][safepoint    ] Total time for which application threads were stopped: 0.0000683 seconds, Stopping threads took: 0.0000164 seconds
[2019-12-09T08:41:34.876+0000][1][safepoint    ] Application time: 1.0000772 seconds
[2019-12-09T08:41:34.876+0000][1][safepoint    ] Entering safepoint region: Cleanup
[2019-12-09T08:41:34.876+0000][1][safepoint    ] Leaving safepoint region
[2019-12-09T08:41:34.876+0000][1][safepoint    ] Total time for which application threads were stopped: 0.0000674 seconds, Stopping threads took: 0.0000187 seconds
[2019-12-09T08:41:35.876+0000][1][safepoint    ] Application time: 1.0000765 seconds
[2019-12-09T08:41:35.876+0000][1][safepoint    ] Entering safepoint region: Cleanup
[2019-12-09T08:41:35.876+0000][1][safepoint    ] Leaving safepoint region
[2019-12-09T08:41:35.876+0000][1][safepoint    ] Total time for which application threads were stopped: 0.0000681 seconds, Stopping threads took: 0.0000175 seconds
[2019-12-09T08:41:36.876+0000][1][safepoint    ] Application time: 1.0000782 seconds
[2019-12-09T08:41:36.876+0000][1][safepoint    ] Entering safepoint region: Cleanup
[2019-12-09T08:41:36.876+0000][1][safepoint    ] Leaving safepoint region
[2019-12-09T08:41:36.876+0000][1][safepoint    ] Total time for which application threads were stopped: 0.0000645 seconds, Stopping threads took: 0.0000165 seconds
[2019-12-09T08:41:37.876+0000][1][safepoint    ] Application time: 1.0000784 seconds
[2019-12-09T08:41:37.876+0000][1][safepoint    ] Entering safepoint region: Cleanup
[2019-12-09T08:41:37.876+0000][1][safepoint    ] Leaving safepoint region
[2019-12-09T08:41:37.876+0000][1][safepoint    ] Total time for which application threads were stopped: 0.0000676 seconds, Stopping threads took: 0.0000180 seconds
[2019-12-09T08:41:38.876+0000][1][safepoint    ] Application time: 1.0000772 seconds
[2019-12-09T08:41:38.876+0000][1][safepoint    ] Entering safepoint region: Cleanup
[2019-12-09T08:41:38.877+0000][1][safepoint    ] Leaving safepoint region
[2019-12-09T08:41:38.877+0000][1][safepoint    ] Total time for which application threads were stopped: 0.0000681 seconds, Stopping threads took: 0.0000166 seconds
[2019-12-09T08:41:39.877+0000][1][safepoint    ] Application time: 1.0000775 seconds
[2019-12-09T08:41:39.877+0000][1][safepoint    ] Entering safepoint region: Cleanup
[2019-12-09T08:41:39.877+0000][1][safepoint    ] Leaving safepoint region
[2019-12-09T08:41:39.877+0000][1][safepoint    ] Total time for which application threads were stopped: 0.0000826 seconds, Stopping threads took: 0.0000165 seconds
[2019-12-09T08:41:40.877+0000][1][safepoint    ] Application time: 1.0000771 seconds
[2019-12-09T08:41:40.877+0000][1][safepoint    ] Entering safepoint region: Cleanup
[2019-12-09T08:41:40.877+0000][1][safepoint    ] Leaving safepoint region
[2019-12-09T08:41:40.877+0000][1][safepoint    ] Total time for which application threads were stopped: 0.0000644 seconds, Stopping threads took: 0.0000160 seconds
[2019-12-09T08:41:41.877+0000][1][safepoint    ] Application time: 1.0000774 seconds
[2019-12-09T08:41:41.877+0000][1][safepoint    ] Entering safepoint region: Cleanup
[2019-12-09T08:41:41.877+0000][1][safepoint    ] Leaving safepoint region
[2019-12-09T08:41:41.877+0000][1][safepoint    ] Total time for which application threads were stopped: 0.0000784 seconds, Stopping threads took: 0.0000258 seconds
[2019-12-09T08:41:42.877+0000][1][safepoint    ] Application time: 1.0000784 seconds
[2019-12-09T08:41:42.877+0000][1][safepoint    ] Entering safepoint region: Cleanup
[2019-12-09T08:41:42.877+0000][1][safepoint    ] Leaving safepoint region
[2019-12-09T08:41:42.877+0000][1][safepoint    ] Total time for which application threads were stopped: 0.0000661 seconds, Stopping threads took: 0.0000168 seconds
[2019-12-09T08:41:43.877+0000][1][safepoint    ] Application time: 1.0000746 seconds
[2019-12-09T08:41:43.877+0000][1][safepoint    ] Entering safepoint region: Cleanup
[2019-12-09T08:41:43.877+0000][1][safepoint    ] Leaving safepoint region
[2019-12-09T08:41:43.877+0000][1][safepoint    ] Total time for which application threads were stopped: 0.0000627 seconds, Stopping threads took: 0.0000159 seconds
[2019-12-09T08:41:44.878+0000][1][safepoint    ] Application time: 1.0000864 seconds
[2019-12-09T08:41:44.878+0000][1][safepoint    ] Entering safepoint region: Cleanup
[2019-12-09T08:41:44.878+0000][1][safepoint    ] Leaving safepoint region
[2019-12-09T08:41:44.878+0000][1][safepoint    ] Total time for which application threads were stopped: 0.0000689 seconds, Stopping threads took: 0.0000174 seconds
[2019-12-09T08:41:45.878+0000][1][safepoint    ] Application time: 1.0000771 seconds
[2019-12-09T08:41:45.878+0000][1][safepoint    ] Entering safepoint region: Cleanup
[2019-12-09T08:41:45.878+0000][1][safepoint    ] Leaving safepoint region
[2019-12-09T08:41:45.878+0000][1][safepoint    ] Total time for which application threads were stopped: 0.0000647 seconds, Stopping threads took: 0.0000163 seconds
[2019-12-09T08:41:46.878+0000][1][safepoint    ] Application time: 1.0000766 seconds
[2019-12-09T08:41:46.878+0000][1][safepoint    ] Entering safepoint region: Cleanup
[2019-12-09T08:41:46.878+0000][1][safepoint    ] Leaving safepoint region
[2019-12-09T08:41:46.878+0000][1][safepoint    ] Total time for which application threads were stopped: 0.0000716 seconds, Stopping threads took: 0.0000161 seconds
[2019-12-09T08:41:47.878+0000][1][safepoint    ] Application time: 1.0000775 seconds
[2019-12-09T08:41:47.878+0000][1][safepoint    ] Entering safepoint region: Cleanup
[2019-12-09T08:41:47.878+0000][1][safepoint    ] Leaving safepoint region
[2019-12-09T08:41:47.878+0000][1][safepoint    ] Total time for which application threads were stopped: 0.0000738 seconds, Stopping threads took: 0.0000159 seconds
[2019-12-09T08:41:48.878+0000][1][safepoint    ] Application time: 1.0000756 seconds
[2019-12-09T08:41:48.878+0000][1][safepoint    ] Entering safepoint region: Cleanup
[2019-12-09T08:41:48.878+0000][1][safepoint    ] Leaving safepoint region
[2019-12-09T08:41:48.878+0000][1][safepoint    ] Total time for which application threads were stopped: 0.0000621 seconds, Stopping threads took: 0.0000160 seconds
[2019-12-09T08:41:49.878+0000][1][safepoint    ] Application time: 1.0000757 seconds
[2019-12-09T08:41:49.879+0000][1][safepoint    ] Entering safepoint region: Cleanup
[2019-12-09T08:41:49.879+0000][1][safepoint    ] Leaving safepoint region
[2019-12-09T08:41:49.879+0000][1][safepoint    ] Total time for which application threads were stopped: 0.0000612 seconds, Stopping threads took: 0.0000155 seconds
[2019-12-09T08:41:50.879+0000][1][safepoint    ] Application time: 1.0000774 seconds
[2019-12-09T08:41:50.879+0000][1][safepoint    ] Entering safepoint region: Cleanup
[2019-12-09T08:41:50.879+0000][1][safepoint    ] Leaving safepoint region
[2019-12-09T08:41:50.879+0000][1][safepoint    ] Total time for which application threads were stopped: 0.0000666 seconds, Stopping threads took: 0.0000171 seconds
[2019-12-09T08:41:51.879+0000][1][safepoint    ] Application time: 1.0000748 seconds
[2019-12-09T08:41:51.879+0000][1][safepoint    ] Entering safepoint region: Cleanup
[2019-12-09T08:41:51.879+0000][1][safepoint    ] Leaving safepoint region
[2019-12-09T08:41:51.879+0000][1][safepoint    ] Total time for which application threads were stopped: 0.0000759 seconds, Stopping threads took: 0.0000274 seconds
[2019-12-09T08:41:52.879+0000][1][safepoint    ] Application time: 1.0000753 seconds
[2019-12-09T08:41:52.879+0000][1][safepoint    ] Entering safepoint region: Cleanup
[2019-12-09T08:41:52.879+0000][1][safepoint    ] Leaving safepoint region
[2019-12-09T08:41:52.879+0000][1][safepoint    ] Total time for which application threads were stopped: 0.0000664 seconds, Stopping threads took: 0.0000173 seconds
[2019-12-09T08:41:53.879+0000][1][safepoint    ] Application time: 1.0000750 seconds
[2019-12-09T08:41:53.879+0000][1][safepoint    ] Entering safepoint region: Cleanup
[2019-12-09T08:41:53.879+0000][1][safepoint    ] Leaving safepoint region
[2019-12-09T08:41:53.879+0000][1][safepoint    ] Total time for which application threads were stopped: 0.0000644 seconds, Stopping threads took: 0.0000158 seconds
[2019-12-09T08:41:54.879+0000][1][safepoint    ] Application time: 1.0000753 seconds
[2019-12-09T08:41:54.879+0000][1][safepoint    ] Entering safepoint region: Cleanup
[2019-12-09T08:41:54.879+0000][1][safepoint    ] Leaving safepoint region
[2019-12-09T08:41:54.879+0000][1][safepoint    ] Total time for which application threads were stopped: 0.0000643 seconds, Stopping threads took: 0.0000157 seconds
[2019-12-09T08:41:55.880+0000][1][safepoint    ] Application time: 1.0000757 seconds
[2019-12-09T08:41:55.880+0000][1][safepoint    ] Entering safepoint region: Cleanup
[2019-12-09T08:41:55.880+0000][1][safepoint    ] Leaving safepoint region
[2019-12-09T08:41:55.880+0000][1][safepoint    ] Total time for which application threads were stopped: 0.0000625 seconds, Stopping threads took: 0.0000146 seconds
[2019-12-09T08:41:56.880+0000][1][safepoint    ] Application time: 1.0000856 seconds
[2019-12-09T08:41:56.880+0000][1][safepoint    ] Entering safepoint region: Cleanup
[2019-12-09T08:41:56.880+0000][1][safepoint    ] Leaving safepoint region
[2019-12-09T08:41:56.880+0000][1][safepoint    ] Total time for which application threads were stopped: 0.0000626 seconds, Stopping threads took: 0.0000159 seconds
[2019-12-09T08:41:57.880+0000][1][safepoint    ] Application time: 1.0000749 seconds
[2019-12-09T08:41:57.880+0000][1][safepoint    ] Entering safepoint region: Cleanup
[2019-12-09T08:41:57.880+0000][1][safepoint    ] Leaving safepoint region
[2019-12-09T08:41:57.880+0000][1][safepoint    ] Total time for which application threads were stopped: 0.0000637 seconds, Stopping threads took: 0.0000158 seconds
[2019-12-09T08:41:58.880+0000][1][safepoint    ] Application time: 1.0000743 seconds
[2019-12-09T08:41:58.880+0000][1][safepoint    ] Entering safepoint region: Cleanup
[2019-12-09T08:41:58.880+0000][1][safepoint    ] Leaving safepoint region
[2019-12-09T08:41:58.880+0000][1][safepoint    ] Total time for which application threads were stopped: 0.0000763 seconds, Stopping threads took: 0.0000238 seconds
[2019-12-09T08:41:59.880+0000][1][safepoint    ] Application time: 1.0000738 seconds
[2019-12-09T08:41:59.880+0000][1][safepoint    ] Entering safepoint region: Cleanup
[2019-12-09T08:41:59.880+0000][1][safepoint    ] Leaving safepoint region
[2019-12-09T08:41:59.880+0000][1][safepoint    ] Total time for which application threads were stopped: 0.0000659 seconds, Stopping threads took: 0.0000161 seconds
[2019-12-09T08:42:00.881+0000][1][safepoint    ] Application time: 1.0000863 seconds
[2019-12-09T08:42:00.881+0000][1][safepoint    ] Entering safepoint region: Cleanup
[2019-12-09T08:42:00.881+0000][1][safepoint    ] Leaving safepoint region
[2019-12-09T08:42:00.881+0000][1][safepoint    ] Total time for which application threads were stopped: 0.0000861 seconds, Stopping threads took: 0.0000209 seconds
[2019-12-09T08:42:01.534+0000][1][safepoint    ] Application time: 0.6536077 seconds
[2019-12-09T08:42:01.534+0000][1][safepoint    ] Entering safepoint region: GenCollectForAllocation
[2019-12-09T08:42:01.534+0000][1][gc,start     ] GC(73) Pause Young (Allocation Failure)
[2019-12-09T08:42:01.534+0000][1][gc,task      ] GC(73) Using 2 workers of 2 for evacuation
[2019-12-09T08:42:01.536+0000][1][gc,age       ] GC(73) Desired survivor size 4456448 bytes, new threshold 6 (max threshold 6)
[2019-12-09T08:42:01.536+0000][1][gc,age       ] GC(73) Age table with threshold 6 (max threshold 6)
[2019-12-09T08:42:01.536+0000][1][gc,age       ] GC(73) - age   1:       3272 bytes,       3272 total
[2019-12-09T08:42:01.536+0000][1][gc,age       ] GC(73) - age   5:        512 bytes,       3784 total
[2019-12-09T08:42:01.536+0000][1][gc,age       ] GC(73) - age   6:       7136 bytes,      10920 total
[2019-12-09T08:42:01.536+0000][1][gc,heap      ] GC(73) ParNew: 69968K->15K(78656K)
[2019-12-09T08:42:01.536+0000][1][gc,heap      ] GC(73) CMS: 69458K->69458K(174784K)
[2019-12-09T08:42:01.536+0000][1][gc,metaspace ] GC(73) Metaspace: 68474K->68474K(1112064K)
[2019-12-09T08:42:01.536+0000][1][gc           ] GC(73) Pause Young (Allocation Failure) 136M->67M(247M) 1.439ms
[2019-12-09T08:42:01.536+0000][1][gc,cpu       ] GC(73) User=0.00s Sys=0.00s Real=0.01s
[2019-12-09T08:42:01.536+0000][1][safepoint    ] Leaving safepoint region
[2019-12-09T08:42:01.536+0000][1][safepoint    ] Total time for which application threads were stopped: 0.0016027 seconds, Stopping threads took: 0.0000252 seconds
[2019-12-09T08:42:02.536+0000][1][safepoint    ] Application time: 1.0000852 seconds
[2019-12-09T08:42:02.536+0000][1][safepoint    ] Entering safepoint region: Cleanup
[2019-12-09T08:42:02.536+0000][1][safepoint    ] Leaving safepoint region
[2019-12-09T08:42:02.536+0000][1][safepoint    ] Total time for which application threads were stopped: 0.0000951 seconds, Stopping threads took: 0.0000208 seconds
[2019-12-09T08:42:03.536+0000][1][safepoint    ] Application time: 1.0000779 seconds
[2019-12-09T08:42:03.536+0000][1][safepoint    ] Entering safepoint region: Cleanup
[2019-12-09T08:42:03.536+0000][1][safepoint    ] Leaving safepoint region
[2019-12-09T08:42:03.536+0000][1][safepoint    ] Total time for which application threads were stopped: 0.0000695 seconds, Stopping threads took: 0.0000174 seconds
[2019-12-09T08:42:04.536+0000][1][safepoint    ] Application time: 1.0000750 seconds
[2019-12-09T08:42:04.536+0000][1][safepoint    ] Entering safepoint region: Cleanup
[2019-12-09T08:42:04.536+0000][1][safepoint    ] Leaving safepoint region
[2019-12-09T08:42:04.537+0000][1][safepoint    ] Total time for which application threads were stopped: 0.0000667 seconds, Stopping threads took: 0.0000175 seconds
[2019-12-09T08:42:05.537+0000][1][safepoint    ] Application time: 1.0000763 seconds
[2019-12-09T08:42:05.537+0000][1][safepoint    ] Entering safepoint region: Cleanup
[2019-12-09T08:42:05.537+0000][1][safepoint    ] Leaving safepoint region
[2019-12-09T08:42:05.537+0000][1][safepoint    ] Total time for which application threads were stopped: 0.0000844 seconds, Stopping threads took: 0.0000160 seconds
[2019-12-09T08:42:06.537+0000][1][safepoint    ] Application time: 1.0000761 seconds
[2019-12-09T08:42:06.537+0000][1][safepoint    ] Entering safepoint region: Cleanup
[2019-12-09T08:42:06.537+0000][1][safepoint    ] Leaving safepoint region
[2019-12-09T08:42:06.537+0000][1][safepoint    ] Total time for which application threads were stopped: 0.0000693 seconds, Stopping threads took: 0.0000199 seconds
[2019-12-09T08:42:07.537+0000][1][safepoint    ] Application time: 1.0000747 seconds
[2019-12-09T08:42:07.537+0000][1][safepoint    ] Entering safepoint region: Cleanup
[2019-12-09T08:42:07.537+0000][1][safepoint    ] Leaving safepoint region
[2019-12-09T08:42:07.537+0000][1][safepoint    ] Total time for which application threads were stopped: 0.0000899 seconds, Stopping threads took: 0.0000284 seconds
[2019-12-09T08:42:08.537+0000][1][safepoint    ] Application time: 1.0000790 seconds
[2019-12-09T08:42:08.537+0000][1][safepoint    ] Entering safepoint region: Cleanup
[2019-12-09T08:42:08.537+0000][1][safepoint    ] Leaving safepoint region
[2019-12-09T08:42:08.537+0000][1][safepoint    ] Total time for which application threads were stopped: 0.0000761 seconds, Stopping threads took: 0.0000172 seconds
[2019-12-09T08:42:09.537+0000][1][safepoint    ] Application time: 1.0000749 seconds
[2019-12-09T08:42:09.537+0000][1][safepoint    ] Entering safepoint region: Cleanup
[2019-12-09T08:42:09.538+0000][1][safepoint    ] Leaving safepoint region
[2019-12-09T08:42:09.538+0000][1][safepoint    ] Total time for which application threads were stopped: 0.0000701 seconds, Stopping threads took: 0.0000176 seconds
[2019-12-09T08:42:10.538+0000][1][safepoint    ] Application time: 1.0000778 seconds
[2019-12-09T08:42:10.538+0000][1][safepoint    ] Entering safepoint region: Cleanup
[2019-12-09T08:42:10.538+0000][1][safepoint    ] Leaving safepoint region
[2019-12-09T08:42:10.538+0000][1][safepoint    ] Total time for which application threads were stopped: 0.0000800 seconds, Stopping threads took: 0.0000176 seconds
[2019-12-09T08:42:11.538+0000][1][safepoint    ] Application time: 1.0000756 seconds
[2019-12-09T08:42:11.538+0000][1][safepoint    ] Entering safepoint region: Cleanup
[2019-12-09T08:42:11.538+0000][1][safepoint    ] Leaving safepoint region
[2019-12-09T08:42:11.538+0000][1][safepoint    ] Total time for which application threads were stopped: 0.0000679 seconds, Stopping threads took: 0.0000180 seconds
[2019-12-09T08:42:12.538+0000][1][safepoint    ] Application time: 1.0000770 seconds
[2019-12-09T08:42:12.538+0000][1][safepoint    ] Entering safepoint region: Cleanup
[2019-12-09T08:42:12.538+0000][1][safepoint    ] Leaving safepoint region
[2019-12-09T08:42:12.538+0000][1][safepoint    ] Total time for which application threads were stopped: 0.0000666 seconds, Stopping threads took: 0.0000167 seconds
[2019-12-09T08:42:13.538+0000][1][safepoint    ] Application time: 1.0000765 seconds
[2019-12-09T08:42:13.538+0000][1][safepoint    ] Entering safepoint region: Cleanup
[2019-12-09T08:42:13.538+0000][1][safepoint    ] Leaving safepoint region
[2019-12-09T08:42:13.538+0000][1][safepoint    ] Total time for which application threads were stopped: 0.0000678 seconds, Stopping threads took: 0.0000177 seconds
[2019-12-09T08:42:14.538+0000][1][safepoint    ] Application time: 1.0000746 seconds
[2019-12-09T08:42:14.538+0000][1][safepoint    ] Entering safepoint region: Cleanup
[2019-12-09T08:42:14.538+0000][1][safepoint    ] Leaving safepoint region
[2019-12-09T08:42:14.538+0000][1][safepoint    ] Total time for which application threads were stopped: 0.0000689 seconds, Stopping threads took: 0.0000178 seconds
[2019-12-09T08:42:15.539+0000][1][safepoint    ] Application time: 1.0000761 seconds
[2019-12-09T08:42:15.539+0000][1][safepoint    ] Entering safepoint region: Cleanup
[2019-12-09T08:42:15.539+0000][1][safepoint    ] Leaving safepoint region
[2019-12-09T08:42:15.539+0000][1][safepoint    ] Total time for which application threads were stopped: 0.0000673 seconds, Stopping threads took: 0.0000165 seconds
[2019-12-09T08:42:16.539+0000][1][safepoint    ] Application time: 1.0000768 seconds
[2019-12-09T08:42:16.539+0000][1][safepoint    ] Entering safepoint region: Cleanup
[2019-12-09T08:42:16.539+0000][1][safepoint    ] Leaving safepoint region
[2019-12-09T08:42:16.539+0000][1][safepoint    ] Total time for which application threads were stopped: 0.0000656 seconds, Stopping threads took: 0.0000166 seconds
[2019-12-09T08:42:17.539+0000][1][safepoint    ] Application time: 1.0000765 seconds
[2019-12-09T08:42:17.539+0000][1][safepoint    ] Entering safepoint region: Cleanup
[2019-12-09T08:42:17.539+0000][1][safepoint    ] Leaving safepoint region
[2019-12-09T08:42:17.539+0000][1][safepoint    ] Total time for which application threads were stopped: 0.0000693 seconds, Stopping threads took: 0.0000177 seconds
[2019-12-09T08:42:18.539+0000][1][safepoint    ] Application time: 1.0000757 seconds
[2019-12-09T08:42:18.539+0000][1][safepoint    ] Entering safepoint region: Cleanup
[2019-12-09T08:42:18.539+0000][1][safepoint    ] Leaving safepoint region
[2019-12-09T08:42:18.539+0000][1][safepoint    ] Total time for which application threads were stopped: 0.0000825 seconds, Stopping threads took: 0.0000179 seconds
[2019-12-09T08:42:19.539+0000][1][safepoint    ] Application time: 1.0000755 seconds
[2019-12-09T08:42:19.539+0000][1][safepoint    ] Entering safepoint region: Cleanup
[2019-12-09T08:42:19.539+0000][1][safepoint    ] Leaving safepoint region
[2019-12-09T08:42:19.539+0000][1][safepoint    ] Total time for which application threads were stopped: 0.0000788 seconds, Stopping threads took: 0.0000164 seconds
[2019-12-09T08:42:20.540+0000][1][safepoint    ] Application time: 1.0000767 seconds
[2019-12-09T08:42:20.540+0000][1][safepoint    ] Entering safepoint region: Cleanup
[2019-12-09T08:42:20.540+0000][1][safepoint    ] Leaving safepoint region
[2019-12-09T08:42:20.540+0000][1][safepoint    ] Total time for which application threads were stopped: 0.0000764 seconds, Stopping threads took: 0.0000210 seconds
[2019-12-09T08:42:21.540+0000][1][safepoint    ] Application time: 1.0000771 seconds
[2019-12-09T08:42:21.540+0000][1][safepoint    ] Entering safepoint region: Cleanup
[2019-12-09T08:42:21.540+0000][1][safepoint    ] Leaving safepoint region
[2019-12-09T08:42:21.540+0000][1][safepoint    ] Total time for which application threads were stopped: 0.0000711 seconds, Stopping threads took: 0.0000186 seconds
[2019-12-09T08:42:22.540+0000][1][safepoint    ] Application time: 1.0000779 seconds
[2019-12-09T08:42:22.540+0000][1][safepoint    ] Entering safepoint region: Cleanup
[2019-12-09T08:42:22.540+0000][1][safepoint    ] Leaving safepoint region
[2019-12-09T08:42:22.540+0000][1][safepoint    ] Total time for which application threads were stopped: 0.0000654 seconds, Stopping threads took: 0.0000159 seconds
[2019-12-09T08:42:23.540+0000][1][safepoint    ] Application time: 1.0000735 seconds
[2019-12-09T08:42:23.540+0000][1][safepoint    ] Entering safepoint region: Cleanup
[2019-12-09T08:42:23.540+0000][1][safepoint    ] Leaving safepoint region
[2019-12-09T08:42:23.540+0000][1][safepoint    ] Total time for which application threads were stopped: 0.0000664 seconds, Stopping threads took: 0.0000172 seconds
[2019-12-09T08:42:24.540+0000][1][safepoint    ] Application time: 1.0000730 seconds
[2019-12-09T08:42:24.540+0000][1][safepoint    ] Entering safepoint region: Cleanup
[2019-12-09T08:42:24.540+0000][1][safepoint    ] Leaving safepoint region
[2019-12-09T08:42:24.540+0000][1][safepoint    ] Total time for which application threads were stopped: 0.0000655 seconds, Stopping threads took: 0.0000164 seconds
[2019-12-09T08:42:25.540+0000][1][safepoint    ] Application time: 1.0000749 seconds
[2019-12-09T08:42:25.541+0000][1][safepoint    ] Entering safepoint region: Cleanup
[2019-12-09T08:42:25.541+0000][1][safepoint    ] Leaving safepoint region
[2019-12-09T08:42:25.541+0000][1][safepoint    ] Total time for which application threads were stopped: 0.0000663 seconds, Stopping threads took: 0.0000163 seconds
[2019-12-09T08:42:26.541+0000][1][safepoint    ] Application time: 1.0000911 seconds
[2019-12-09T08:42:26.541+0000][1][safepoint    ] Entering safepoint region: Cleanup
[2019-12-09T08:42:26.541+0000][1][safepoint    ] Leaving safepoint region
[2019-12-09T08:42:26.541+0000][1][safepoint    ] Total time for which application threads were stopped: 0.0000829 seconds, Stopping threads took: 0.0000166 seconds
[2019-12-09T08:42:27.541+0000][1][safepoint    ] Application time: 1.0000748 seconds
[2019-12-09T08:42:27.541+0000][1][safepoint    ] Entering safepoint region: Cleanup
[2019-12-09T08:42:27.541+0000][1][safepoint    ] Leaving safepoint region
[2019-12-09T08:42:27.541+0000][1][safepoint    ] Total time for which application threads were stopped: 0.0000871 seconds, Stopping threads took: 0.0000221 seconds
[2019-12-09T08:42:28.541+0000][1][safepoint    ] Application time: 1.0001049 seconds
[2019-12-09T08:42:28.541+0000][1][safepoint    ] Entering safepoint region: Cleanup
[2019-12-09T08:42:28.541+0000][1][safepoint    ] Leaving safepoint region
[2019-12-09T08:42:28.541+0000][1][safepoint    ] Total time for which application threads were stopped: 0.0000913 seconds, Stopping threads took: 0.0000245 seconds
[2019-12-09T08:42:29.541+0000][1][safepoint    ] Application time: 1.0000856 seconds
[2019-12-09T08:42:29.541+0000][1][safepoint    ] Entering safepoint region: Cleanup
[2019-12-09T08:42:29.542+0000][1][safepoint    ] Leaving safepoint region
[2019-12-09T08:42:29.542+0000][1][safepoint    ] Total time for which application threads were stopped: 0.0000747 seconds, Stopping threads took: 0.0000244 seconds
[2019-12-09T08:42:30.542+0000][1][safepoint    ] Application time: 1.0000786 seconds
[2019-12-09T08:42:30.542+0000][1][safepoint    ] Entering safepoint region: Cleanup
[2019-12-09T08:42:30.542+0000][1][safepoint    ] Leaving safepoint region
[2019-12-09T08:42:30.542+0000][1][safepoint    ] Total time for which application threads were stopped: 0.0000777 seconds, Stopping threads took: 0.0000174 seconds
[2019-12-09T08:42:31.542+0000][1][safepoint    ] Application time: 1.0000777 seconds
[2019-12-09T08:42:31.542+0000][1][safepoint    ] Entering safepoint region: Cleanup
[2019-12-09T08:42:31.542+0000][1][safepoint    ] Leaving safepoint region
[2019-12-09T08:42:31.542+0000][1][safepoint    ] Total time for which application threads were stopped: 0.0000681 seconds, Stopping threads took: 0.0000177 seconds
[2019-12-09T08:42:32.542+0000][1][safepoint    ] Application time: 1.0000780 seconds
[2019-12-09T08:42:32.542+0000][1][safepoint    ] Entering safepoint region: Cleanup
[2019-12-09T08:42:32.542+0000][1][safepoint    ] Leaving safepoint region
[2019-12-09T08:42:32.542+0000][1][safepoint    ] Total time for which application threads were stopped: 0.0000689 seconds, Stopping threads took: 0.0000185 seconds
[2019-12-09T08:42:33.542+0000][1][safepoint    ] Application time: 1.0000774 seconds
[2019-12-09T08:42:33.542+0000][1][safepoint    ] Entering safepoint region: Cleanup
[2019-12-09T08:42:33.542+0000][1][safepoint    ] Leaving safepoint region
[2019-12-09T08:42:33.542+0000][1][safepoint    ] Total time for which application threads were stopped: 0.0000673 seconds, Stopping threads took: 0.0000179 seconds
[2019-12-09T08:42:34.542+0000][1][safepoint    ] Application time: 1.0000756 seconds
[2019-12-09T08:42:34.542+0000][1][safepoint    ] Entering safepoint region: Cleanup
[2019-12-09T08:42:34.542+0000][1][safepoint    ] Leaving safepoint region
[2019-12-09T08:42:34.542+0000][1][safepoint    ] Total time for which application threads were stopped: 0.0000669 seconds, Stopping threads took: 0.0000175 seconds
[2019-12-09T08:42:35.543+0000][1][safepoint    ] Application time: 1.0000782 seconds
[2019-12-09T08:42:35.543+0000][1][safepoint    ] Entering safepoint region: Cleanup
[2019-12-09T08:42:35.543+0000][1][safepoint    ] Leaving safepoint region
[2019-12-09T08:42:35.543+0000][1][safepoint    ] Total time for which application threads were stopped: 0.0000692 seconds, Stopping threads took: 0.0000175 seconds
[2019-12-09T08:42:36.543+0000][1][safepoint    ] Application time: 1.0000911 seconds
[2019-12-09T08:42:36.543+0000][1][safepoint    ] Entering safepoint region: Cleanup
[2019-12-09T08:42:36.543+0000][1][safepoint    ] Leaving safepoint region
[2019-12-09T08:42:36.543+0000][1][safepoint    ] Total time for which application threads were stopped: 0.0000692 seconds, Stopping threads took: 0.0000179 seconds
[2019-12-09T08:42:37.543+0000][1][safepoint    ] Application time: 1.0000775 seconds
[2019-12-09T08:42:37.543+0000][1][safepoint    ] Entering safepoint region: Cleanup
[2019-12-09T08:42:37.543+0000][1][safepoint    ] Leaving safepoint region
[2019-12-09T08:42:37.543+0000][1][safepoint    ] Total time for which application threads were stopped: 0.0000663 seconds, Stopping threads took: 0.0000166 seconds
[2019-12-09T08:42:38.543+0000][1][safepoint    ] Application time: 1.0000773 seconds
[2019-12-09T08:42:38.543+0000][1][safepoint    ] Entering safepoint region: Cleanup
[2019-12-09T08:42:38.543+0000][1][safepoint    ] Leaving safepoint region
[2019-12-09T08:42:38.543+0000][1][safepoint    ] Total time for which application threads were stopped: 0.0000653 seconds, Stopping threads took: 0.0000162 seconds
[2019-12-09T08:42:39.543+0000][1][safepoint    ] Application time: 1.0000778 seconds
[2019-12-09T08:42:39.543+0000][1][safepoint    ] Entering safepoint region: Cleanup
[2019-12-09T08:42:39.543+0000][1][safepoint    ] Leaving safepoint region
[2019-12-09T08:42:39.543+0000][1][safepoint    ] Total time for which application threads were stopped: 0.0000671 seconds, Stopping threads took: 0.0000173 seconds
[2019-12-09T08:42:40.544+0000][1][safepoint    ] Application time: 1.0000778 seconds
[2019-12-09T08:42:40.544+0000][1][safepoint    ] Entering safepoint region: Cleanup
[2019-12-09T08:42:40.544+0000][1][safepoint    ] Leaving safepoint region
[2019-12-09T08:42:40.544+0000][1][safepoint    ] Total time for which application threads were stopped: 0.0000663 seconds, Stopping threads took: 0.0000168 seconds
[2019-12-09T08:42:41.544+0000][1][safepoint    ] Application time: 1.0000772 seconds
[2019-12-09T08:42:41.544+0000][1][safepoint    ] Entering safepoint region: Cleanup
[2019-12-09T08:42:41.544+0000][1][safepoint    ] Leaving safepoint region
[2019-12-09T08:42:41.544+0000][1][safepoint    ] Total time for which application threads were stopped: 0.0000680 seconds, Stopping threads took: 0.0000167 seconds
[2019-12-09T08:42:42.544+0000][1][safepoint    ] Application time: 1.0000778 seconds
[2019-12-09T08:42:42.544+0000][1][safepoint    ] Entering safepoint region: Cleanup
[2019-12-09T08:42:42.544+0000][1][safepoint    ] Leaving safepoint region
[2019-12-09T08:42:42.544+0000][1][safepoint    ] Total time for which application threads were stopped: 0.0000693 seconds, Stopping threads took: 0.0000173 seconds
[2019-12-09T08:42:43.544+0000][1][safepoint    ] Application time: 1.0000798 seconds
[2019-12-09T08:42:43.544+0000][1][safepoint    ] Entering safepoint region: Cleanup
[2019-12-09T08:42:43.544+0000][1][safepoint    ] Leaving safepoint region
[2019-12-09T08:42:43.544+0000][1][safepoint    ] Total time for which application threads were stopped: 0.0000668 seconds, Stopping threads took: 0.0000157 seconds
[2019-12-09T08:42:44.544+0000][1][safepoint    ] Application time: 1.0000760 seconds
[2019-12-09T08:42:44.544+0000][1][safepoint    ] Entering safepoint region: Cleanup
[2019-12-09T08:42:44.544+0000][1][safepoint    ] Leaving safepoint region
[2019-12-09T08:42:44.544+0000][1][safepoint    ] Total time for which application threads were stopped: 0.0000671 seconds, Stopping threads took: 0.0000170 seconds
[2019-12-09T08:42:45.544+0000][1][safepoint    ] Application time: 1.0000745 seconds
[2019-12-09T08:42:45.545+0000][1][safepoint    ] Entering safepoint region: Cleanup
[2019-12-09T08:42:45.545+0000][1][safepoint    ] Leaving safepoint region
[2019-12-09T08:42:45.545+0000][1][safepoint    ] Total time for which application threads were stopped: 0.0000655 seconds, Stopping threads took: 0.0000165 seconds
[2019-12-09T08:42:46.545+0000][1][safepoint    ] Application time: 1.0000784 seconds
[2019-12-09T08:42:46.545+0000][1][safepoint    ] Entering safepoint region: Cleanup
[2019-12-09T08:42:46.545+0000][1][safepoint    ] Leaving safepoint region
[2019-12-09T08:42:46.545+0000][1][safepoint    ] Total time for which application threads were stopped: 0.0000687 seconds, Stopping threads took: 0.0000176 seconds
[2019-12-09T08:42:47.545+0000][1][safepoint    ] Application time: 1.0000801 seconds
[2019-12-09T08:42:47.545+0000][1][safepoint    ] Entering safepoint region: Cleanup
[2019-12-09T08:42:47.545+0000][1][safepoint    ] Leaving safepoint region
[2019-12-09T08:42:47.545+0000][1][safepoint    ] Total time for which application threads were stopped: 0.0000674 seconds, Stopping threads took: 0.0000169 seconds
[2019-12-09T08:42:48.545+0000][1][safepoint    ] Application time: 1.0000788 seconds
[2019-12-09T08:42:48.545+0000][1][safepoint    ] Entering safepoint region: Cleanup
[2019-12-09T08:42:48.545+0000][1][safepoint    ] Leaving safepoint region
[2019-12-09T08:42:48.545+0000][1][safepoint    ] Total time for which application threads were stopped: 0.0000686 seconds, Stopping threads took: 0.0000174 seconds
[2019-12-09T08:42:49.545+0000][1][safepoint    ] Application time: 1.0000778 seconds
[2019-12-09T08:42:49.545+0000][1][safepoint    ] Entering safepoint region: Cleanup
[2019-12-09T08:42:49.545+0000][1][safepoint    ] Leaving safepoint region
[2019-12-09T08:42:49.545+0000][1][safepoint    ] Total time for which application threads were stopped: 0.0000675 seconds, Stopping threads took: 0.0000169 seconds
[2019-12-09T08:42:50.545+0000][1][safepoint    ] Application time: 1.0000776 seconds
[2019-12-09T08:42:50.546+0000][1][safepoint    ] Entering safepoint region: Cleanup
[2019-12-09T08:42:50.546+0000][1][safepoint    ] Leaving safepoint region
[2019-12-09T08:42:50.546+0000][1][safepoint    ] Total time for which application threads were stopped: 0.0000657 seconds, Stopping threads took: 0.0000166 seconds
[2019-12-09T08:42:51.546+0000][1][safepoint    ] Application time: 1.0000788 seconds
[2019-12-09T08:42:51.546+0000][1][safepoint    ] Entering safepoint region: Cleanup
[2019-12-09T08:42:51.546+0000][1][safepoint    ] Leaving safepoint region
[2019-12-09T08:42:51.546+0000][1][safepoint    ] Total time for which application threads were stopped: 0.0000702 seconds, Stopping threads took: 0.0000192 seconds
[2019-12-09T08:42:52.546+0000][1][safepoint    ] Application time: 1.0000780 seconds
[2019-12-09T08:42:52.546+0000][1][safepoint    ] Entering safepoint region: Cleanup
[2019-12-09T08:42:52.546+0000][1][safepoint    ] Leaving safepoint region
[2019-12-09T08:42:52.546+0000][1][safepoint    ] Total time for which application threads were stopped: 0.0000682 seconds, Stopping threads took: 0.0000167 seconds
[2019-12-09T08:42:53.546+0000][1][safepoint    ] Application time: 1.0000782 seconds
[2019-12-09T08:42:53.546+0000][1][safepoint    ] Entering safepoint region: Cleanup
[2019-12-09T08:42:53.546+0000][1][safepoint    ] Leaving safepoint region
[2019-12-09T08:42:53.546+0000][1][safepoint    ] Total time for which application threads were stopped: 0.0000703 seconds, Stopping threads took: 0.0000181 seconds
[2019-12-09T08:42:54.546+0000][1][safepoint    ] Application time: 1.0000769 seconds
[2019-12-09T08:42:54.546+0000][1][safepoint    ] Entering safepoint region: Cleanup
[2019-12-09T08:42:54.546+0000][1][safepoint    ] Leaving safepoint region
[2019-12-09T08:42:54.546+0000][1][safepoint    ] Total time for which application threads were stopped: 0.0000661 seconds, Stopping threads took: 0.0000169 seconds
[2019-12-09T08:42:55.546+0000][1][safepoint    ] Application time: 1.0000772 seconds
[2019-12-09T08:42:55.546+0000][1][safepoint    ] Entering safepoint region: Cleanup
[2019-12-09T08:42:55.547+0000][1][safepoint    ] Leaving safepoint region
[2019-12-09T08:42:55.547+0000][1][safepoint    ] Total time for which application threads were stopped: 0.0000668 seconds, Stopping threads took: 0.0000180 seconds
[2019-12-09T08:42:56.547+0000][1][safepoint    ] Application time: 1.0000840 seconds
[2019-12-09T08:42:56.547+0000][1][safepoint    ] Entering safepoint region: Cleanup
[2019-12-09T08:42:56.547+0000][1][safepoint    ] Leaving safepoint region
[2019-12-09T08:42:56.547+0000][1][safepoint    ] Total time for which application threads were stopped: 0.0000838 seconds, Stopping threads took: 0.0000307 seconds
[2019-12-09T08:42:57.547+0000][1][safepoint    ] Application time: 1.0000769 seconds
[2019-12-09T08:42:57.547+0000][1][safepoint    ] Entering safepoint region: Cleanup
[2019-12-09T08:42:57.547+0000][1][safepoint    ] Leaving safepoint region
[2019-12-09T08:42:57.547+0000][1][safepoint    ] Total time for which application threads were stopped: 0.0000687 seconds, Stopping threads took: 0.0000165 seconds
[2019-12-09T08:42:58.547+0000][1][safepoint    ] Application time: 1.0000786 seconds
[2019-12-09T08:42:58.547+0000][1][safepoint    ] Entering safepoint region: Cleanup
[2019-12-09T08:42:58.547+0000][1][safepoint    ] Leaving safepoint region
[2019-12-09T08:42:58.547+0000][1][safepoint    ] Total time for which application threads were stopped: 0.0000690 seconds, Stopping threads took: 0.0000174 seconds
[2019-12-09T08:42:59.547+0000][1][safepoint    ] Application time: 1.0000773 seconds
[2019-12-09T08:42:59.547+0000][1][safepoint    ] Entering safepoint region: Cleanup
[2019-12-09T08:42:59.547+0000][1][safepoint    ] Leaving safepoint region
[2019-12-09T08:42:59.547+0000][1][safepoint    ] Total time for which application threads were stopped: 0.0000775 seconds, Stopping threads took: 0.0000259 seconds
[2019-12-09T08:43:00.547+0000][1][safepoint    ] Application time: 1.0000780 seconds
[2019-12-09T08:43:00.547+0000][1][safepoint    ] Entering safepoint region: Cleanup
[2019-12-09T08:43:00.548+0000][1][safepoint    ] Leaving safepoint region
[2019-12-09T08:43:00.548+0000][1][safepoint    ] Total time for which application threads were stopped: 0.0000663 seconds, Stopping threads took: 0.0000173 seconds
[2019-12-09T08:43:01.548+0000][1][safepoint    ] Application time: 1.0000780 seconds
[2019-12-09T08:43:01.548+0000][1][safepoint    ] Entering safepoint region: Cleanup
[2019-12-09T08:43:01.548+0000][1][safepoint    ] Leaving safepoint region
[2019-12-09T08:43:01.548+0000][1][safepoint    ] Total time for which application threads were stopped: 0.0000775 seconds, Stopping threads took: 0.0000171 seconds
[2019-12-09T08:43:02.548+0000][1][safepoint    ] Application time: 1.0000770 seconds
[2019-12-09T08:43:02.548+0000][1][safepoint    ] Entering safepoint region: Cleanup
[2019-12-09T08:43:02.548+0000][1][safepoint    ] Leaving safepoint region
[2019-12-09T08:43:02.548+0000][1][safepoint    ] Total time for which application threads were stopped: 0.0000670 seconds, Stopping threads took: 0.0000175 seconds
[2019-12-09T08:43:03.548+0000][1][safepoint    ] Application time: 1.0000780 seconds
[2019-12-09T08:43:03.548+0000][1][safepoint    ] Entering safepoint region: Cleanup
[2019-12-09T08:43:03.548+0000][1][safepoint    ] Leaving safepoint region
[2019-12-09T08:43:03.548+0000][1][safepoint    ] Total time for which application threads were stopped: 0.0000653 seconds, Stopping threads took: 0.0000162 seconds
[2019-12-09T08:43:04.548+0000][1][safepoint    ] Application time: 1.0000772 seconds
[2019-12-09T08:43:04.548+0000][1][safepoint    ] Entering safepoint region: Cleanup
[2019-12-09T08:43:04.548+0000][1][safepoint    ] Leaving safepoint region
[2019-12-09T08:43:04.548+0000][1][safepoint    ] Total time for which application threads were stopped: 0.0000672 seconds, Stopping threads took: 0.0000172 seconds
[2019-12-09T08:43:05.548+0000][1][safepoint    ] Application time: 1.0000776 seconds
[2019-12-09T08:43:05.548+0000][1][safepoint    ] Entering safepoint region: Cleanup
[2019-12-09T08:43:05.548+0000][1][safepoint    ] Leaving safepoint region
[2019-12-09T08:43:05.548+0000][1][safepoint    ] Total time for which application threads were stopped: 0.0000665 seconds, Stopping threads took: 0.0000162 seconds
[2019-12-09T08:43:06.549+0000][1][safepoint    ] Application time: 1.0000784 seconds
[2019-12-09T08:43:06.549+0000][1][safepoint    ] Entering safepoint region: Cleanup
[2019-12-09T08:43:06.549+0000][1][safepoint    ] Leaving safepoint region
[2019-12-09T08:43:06.549+0000][1][safepoint    ] Total time for which application threads were stopped: 0.0000692 seconds, Stopping threads took: 0.0000166 seconds
[2019-12-09T08:43:07.549+0000][1][safepoint    ] Application time: 1.0000753 seconds
[2019-12-09T08:43:07.549+0000][1][safepoint    ] Entering safepoint region: Cleanup
[2019-12-09T08:43:07.549+0000][1][safepoint    ] Leaving safepoint region
[2019-12-09T08:43:07.549+0000][1][safepoint    ] Total time for which application threads were stopped: 0.0000651 seconds, Stopping threads took: 0.0000165 seconds
[2019-12-09T08:43:08.549+0000][1][safepoint    ] Application time: 1.0000756 seconds
[2019-12-09T08:43:08.549+0000][1][safepoint    ] Entering safepoint region: Cleanup
[2019-12-09T08:43:08.549+0000][1][safepoint    ] Leaving safepoint region
[2019-12-09T08:43:08.549+0000][1][safepoint    ] Total time for which application threads were stopped: 0.0000633 seconds, Stopping threads took: 0.0000153 seconds
[2019-12-09T08:43:09.549+0000][1][safepoint    ] Application time: 1.0000760 seconds
[2019-12-09T08:43:09.549+0000][1][safepoint    ] Entering safepoint region: Cleanup
[2019-12-09T08:43:09.549+0000][1][safepoint    ] Leaving safepoint region
[2019-12-09T08:43:09.549+0000][1][safepoint    ] Total time for which application threads were stopped: 0.0000661 seconds, Stopping threads took: 0.0000167 seconds
[2019-12-09T08:43:10.549+0000][1][safepoint    ] Application time: 1.0000753 seconds
[2019-12-09T08:43:10.549+0000][1][safepoint    ] Entering safepoint region: Cleanup
[2019-12-09T08:43:10.549+0000][1][safepoint    ] Leaving safepoint region
[2019-12-09T08:43:10.549+0000][1][safepoint    ] Total time for which application threads were stopped: 0.0000786 seconds, Stopping threads took: 0.0000166 seconds
[2019-12-09T08:43:11.549+0000][1][safepoint    ] Application time: 1.0000746 seconds
[2019-12-09T08:43:11.550+0000][1][safepoint    ] Entering safepoint region: Cleanup
[2019-12-09T08:43:11.550+0000][1][safepoint    ] Leaving safepoint region
[2019-12-09T08:43:11.550+0000][1][safepoint    ] Total time for which application threads were stopped: 0.0000648 seconds, Stopping threads took: 0.0000160 seconds
[2019-12-09T08:43:12.550+0000][1][safepoint    ] Application time: 1.0000751 seconds
[2019-12-09T08:43:12.550+0000][1][safepoint    ] Entering safepoint region: Cleanup
[2019-12-09T08:43:12.550+0000][1][safepoint    ] Leaving safepoint region
[2019-12-09T08:43:12.550+0000][1][safepoint    ] Total time for which application threads were stopped: 0.0000809 seconds, Stopping threads took: 0.0000312 seconds
[2019-12-09T08:43:13.550+0000][1][safepoint    ] Application time: 1.0000756 seconds
[2019-12-09T08:43:13.550+0000][1][safepoint    ] Entering safepoint region: Cleanup
[2019-12-09T08:43:13.550+0000][1][safepoint    ] Leaving safepoint region
[2019-12-09T08:43:13.550+0000][1][safepoint    ] Total time for which application threads were stopped: 0.0000653 seconds, Stopping threads took: 0.0000156 seconds
[2019-12-09T08:43:14.550+0000][1][safepoint    ] Application time: 1.0000764 seconds
[2019-12-09T08:43:14.550+0000][1][safepoint    ] Entering safepoint region: Cleanup
[2019-12-09T08:43:14.550+0000][1][safepoint    ] Leaving safepoint region
[2019-12-09T08:43:14.550+0000][1][safepoint    ] Total time for which application threads were stopped: 0.0000659 seconds, Stopping threads took: 0.0000162 seconds
[2019-12-09T08:43:15.550+0000][1][safepoint    ] Application time: 1.0000760 seconds
[2019-12-09T08:43:15.550+0000][1][safepoint    ] Entering safepoint region: Cleanup
[2019-12-09T08:43:15.550+0000][1][safepoint    ] Leaving safepoint region
[2019-12-09T08:43:15.550+0000][1][safepoint    ] Total time for which application threads were stopped: 0.0000646 seconds, Stopping threads took: 0.0000155 seconds
[2019-12-09T08:43:16.550+0000][1][safepoint    ] Application time: 1.0000758 seconds
[2019-12-09T08:43:16.550+0000][1][safepoint    ] Entering safepoint region: Cleanup
[2019-12-09T08:43:16.550+0000][1][safepoint    ] Leaving safepoint region
[2019-12-09T08:43:16.550+0000][1][safepoint    ] Total time for which application threads were stopped: 0.0000734 seconds, Stopping threads took: 0.0000159 seconds
[2019-12-09T08:43:17.551+0000][1][safepoint    ] Application time: 1.0000776 seconds
[2019-12-09T08:43:17.551+0000][1][safepoint    ] Entering safepoint region: Cleanup
[2019-12-09T08:43:17.551+0000][1][safepoint    ] Leaving safepoint region
[2019-12-09T08:43:17.551+0000][1][safepoint    ] Total time for which application threads were stopped: 0.0000652 seconds, Stopping threads took: 0.0000161 seconds
[2019-12-09T08:43:18.551+0000][1][safepoint    ] Application time: 1.0000778 seconds
[2019-12-09T08:43:18.551+0000][1][safepoint    ] Entering safepoint region: Cleanup
[2019-12-09T08:43:18.551+0000][1][safepoint    ] Leaving safepoint region
[2019-12-09T08:43:18.551+0000][1][safepoint    ] Total time for which application threads were stopped: 0.0000647 seconds, Stopping threads took: 0.0000150 seconds
[2019-12-09T08:43:19.551+0000][1][safepoint    ] Application time: 1.0000766 seconds
[2019-12-09T08:43:19.551+0000][1][safepoint    ] Entering safepoint region: Cleanup
[2019-12-09T08:43:19.551+0000][1][safepoint    ] Leaving safepoint region
[2019-12-09T08:43:19.551+0000][1][safepoint    ] Total time for which application threads were stopped: 0.0000662 seconds, Stopping threads took: 0.0000166 seconds
[2019-12-09T08:43:20.551+0000][1][safepoint    ] Application time: 1.0000757 seconds
[2019-12-09T08:43:20.551+0000][1][safepoint    ] Entering safepoint region: Cleanup
[2019-12-09T08:43:20.551+0000][1][safepoint    ] Leaving safepoint region
[2019-12-09T08:43:20.551+0000][1][safepoint    ] Total time for which application threads were stopped: 0.0000640 seconds, Stopping threads took: 0.0000160 seconds
[2019-12-09T08:43:21.551+0000][1][safepoint    ] Application time: 1.0000764 seconds
[2019-12-09T08:43:21.551+0000][1][safepoint    ] Entering safepoint region: Cleanup
[2019-12-09T08:43:21.551+0000][1][safepoint    ] Leaving safepoint region
[2019-12-09T08:43:21.551+0000][1][safepoint    ] Total time for which application threads were stopped: 0.0000705 seconds, Stopping threads took: 0.0000170 seconds
[2019-12-09T08:43:22.552+0000][1][safepoint    ] Application time: 1.0000824 seconds
[2019-12-09T08:43:22.552+0000][1][safepoint    ] Entering safepoint region: Cleanup
[2019-12-09T08:43:22.552+0000][1][safepoint    ] Leaving safepoint region
[2019-12-09T08:43:22.552+0000][1][safepoint    ] Total time for which application threads were stopped: 0.0000667 seconds, Stopping threads took: 0.0000171 seconds
[2019-12-09T08:43:23.552+0000][1][safepoint    ] Application time: 1.0000808 seconds
[2019-12-09T08:43:23.552+0000][1][safepoint    ] Entering safepoint region: Cleanup
[2019-12-09T08:43:23.552+0000][1][safepoint    ] Leaving safepoint region
[2019-12-09T08:43:23.552+0000][1][safepoint    ] Total time for which application threads were stopped: 0.0000646 seconds, Stopping threads took: 0.0000160 seconds
[2019-12-09T08:43:24.552+0000][1][safepoint    ] Application time: 1.0000775 seconds
[2019-12-09T08:43:24.552+0000][1][safepoint    ] Entering safepoint region: Cleanup
[2019-12-09T08:43:24.552+0000][1][safepoint    ] Leaving safepoint region
[2019-12-09T08:43:24.552+0000][1][safepoint    ] Total time for which application threads were stopped: 0.0000656 seconds, Stopping threads took: 0.0000172 seconds
[2019-12-09T08:43:25.552+0000][1][safepoint    ] Application time: 1.0000753 seconds
[2019-12-09T08:43:25.552+0000][1][safepoint    ] Entering safepoint region: Cleanup
[2019-12-09T08:43:25.552+0000][1][safepoint    ] Leaving safepoint region
[2019-12-09T08:43:25.552+0000][1][safepoint    ] Total time for which application threads were stopped: 0.0000654 seconds, Stopping threads took: 0.0000166 seconds
[2019-12-09T08:43:26.552+0000][1][safepoint    ] Application time: 1.0000770 seconds
[2019-12-09T08:43:26.552+0000][1][safepoint    ] Entering safepoint region: Cleanup
[2019-12-09T08:43:26.552+0000][1][safepoint    ] Leaving safepoint region
[2019-12-09T08:43:26.552+0000][1][safepoint    ] Total time for which application threads were stopped: 0.0000668 seconds, Stopping threads took: 0.0000180 seconds
[2019-12-09T08:43:27.552+0000][1][safepoint    ] Application time: 1.0000785 seconds
[2019-12-09T08:43:27.553+0000][1][safepoint    ] Entering safepoint region: Cleanup
[2019-12-09T08:43:27.553+0000][1][safepoint    ] Leaving safepoint region
[2019-12-09T08:43:27.553+0000][1][safepoint    ] Total time for which application threads were stopped: 0.0000674 seconds, Stopping threads took: 0.0000167 seconds
[2019-12-09T08:43:28.553+0000][1][safepoint    ] Application time: 1.0000775 seconds
[2019-12-09T08:43:28.553+0000][1][safepoint    ] Entering safepoint region: Cleanup
[2019-12-09T08:43:28.553+0000][1][safepoint    ] Leaving safepoint region
[2019-12-09T08:43:28.553+0000][1][safepoint    ] Total time for which application threads were stopped: 0.0000688 seconds, Stopping threads took: 0.0000187 seconds
[2019-12-09T08:43:29.553+0000][1][safepoint    ] Application time: 1.0000759 seconds
[2019-12-09T08:43:29.553+0000][1][safepoint    ] Entering safepoint region: Cleanup
[2019-12-09T08:43:29.553+0000][1][safepoint    ] Leaving safepoint region
[2019-12-09T08:43:29.553+0000][1][safepoint    ] Total time for which application threads were stopped: 0.0000729 seconds, Stopping threads took: 0.0000226 seconds
[2019-12-09T08:43:30.553+0000][1][safepoint    ] Application time: 1.0000774 seconds
[2019-12-09T08:43:30.553+0000][1][safepoint    ] Entering safepoint region: Cleanup
[2019-12-09T08:43:30.553+0000][1][safepoint    ] Leaving safepoint region
[2019-12-09T08:43:30.553+0000][1][safepoint    ] Total time for which application threads were stopped: 0.0000650 seconds, Stopping threads took: 0.0000154 seconds
[2019-12-09T08:43:31.553+0000][1][safepoint    ] Application time: 1.0000763 seconds
[2019-12-09T08:43:31.553+0000][1][safepoint    ] Entering safepoint region: Cleanup
[2019-12-09T08:43:31.553+0000][1][safepoint    ] Leaving safepoint region
[2019-12-09T08:43:31.553+0000][1][safepoint    ] Total time for which application threads were stopped: 0.0000659 seconds, Stopping threads took: 0.0000161 seconds
[2019-12-09T08:43:32.553+0000][1][safepoint    ] Application time: 1.0000755 seconds
[2019-12-09T08:43:32.553+0000][1][safepoint    ] Entering safepoint region: Cleanup
[2019-12-09T08:43:32.554+0000][1][safepoint    ] Leaving safepoint region
[2019-12-09T08:43:32.554+0000][1][safepoint    ] Total time for which application threads were stopped: 0.0000688 seconds, Stopping threads took: 0.0000170 seconds
[2019-12-09T08:43:33.554+0000][1][safepoint    ] Application time: 1.0000779 seconds
[2019-12-09T08:43:33.554+0000][1][safepoint    ] Entering safepoint region: Cleanup
[2019-12-09T08:43:33.554+0000][1][safepoint    ] Leaving safepoint region
[2019-12-09T08:43:33.554+0000][1][safepoint    ] Total time for which application threads were stopped: 0.0000789 seconds, Stopping threads took: 0.0000172 seconds
[2019-12-09T08:43:34.554+0000][1][safepoint    ] Application time: 1.0000791 seconds
[2019-12-09T08:43:34.554+0000][1][safepoint    ] Entering safepoint region: Cleanup
[2019-12-09T08:43:34.554+0000][1][safepoint    ] Leaving safepoint region
[2019-12-09T08:43:34.554+0000][1][safepoint    ] Total time for which application threads were stopped: 0.0000691 seconds, Stopping threads took: 0.0000179 seconds
[2019-12-09T08:43:35.554+0000][1][safepoint    ] Application time: 1.0000797 seconds
[2019-12-09T08:43:35.554+0000][1][safepoint    ] Entering safepoint region: Cleanup
[2019-12-09T08:43:35.554+0000][1][safepoint    ] Leaving safepoint region
[2019-12-09T08:43:35.554+0000][1][safepoint    ] Total time for which application threads were stopped: 0.0000681 seconds, Stopping threads took: 0.0000180 seconds
[2019-12-09T08:43:36.554+0000][1][safepoint    ] Application time: 1.0000778 seconds
[2019-12-09T08:43:36.554+0000][1][safepoint    ] Entering safepoint region: Cleanup
[2019-12-09T08:43:36.554+0000][1][safepoint    ] Leaving safepoint region
[2019-12-09T08:43:36.554+0000][1][safepoint    ] Total time for which application threads were stopped: 0.0000690 seconds, Stopping threads took: 0.0000176 seconds
[2019-12-09T08:43:37.554+0000][1][safepoint    ] Application time: 1.0000753 seconds
[2019-12-09T08:43:37.554+0000][1][safepoint    ] Entering safepoint region: Cleanup
[2019-12-09T08:43:37.554+0000][1][safepoint    ] Leaving safepoint region
[2019-12-09T08:43:37.555+0000][1][safepoint    ] Total time for which application threads were stopped: 0.0000673 seconds, Stopping threads took: 0.0000171 seconds
[2019-12-09T08:43:38.555+0000][1][safepoint    ] Application time: 1.0000784 seconds
[2019-12-09T08:43:38.555+0000][1][safepoint    ] Entering safepoint region: Cleanup
[2019-12-09T08:43:38.555+0000][1][safepoint    ] Leaving safepoint region
[2019-12-09T08:43:38.555+0000][1][safepoint    ] Total time for which application threads were stopped: 0.0000840 seconds, Stopping threads took: 0.0000182 seconds
[2019-12-09T08:43:39.555+0000][1][safepoint    ] Application time: 1.0000842 seconds
[2019-12-09T08:43:39.555+0000][1][safepoint    ] Entering safepoint region: Cleanup
[2019-12-09T08:43:39.555+0000][1][safepoint    ] Leaving safepoint region
[2019-12-09T08:43:39.555+0000][1][safepoint    ] Total time for which application threads were stopped: 0.0000676 seconds, Stopping threads took: 0.0000170 seconds
[2019-12-09T08:43:40.555+0000][1][safepoint    ] Application time: 1.0000776 seconds
[2019-12-09T08:43:40.555+0000][1][safepoint    ] Entering safepoint region: Cleanup
[2019-12-09T08:43:40.555+0000][1][safepoint    ] Leaving safepoint region
[2019-12-09T08:43:40.555+0000][1][safepoint    ] Total time for which application threads were stopped: 0.0000671 seconds, Stopping threads took: 0.0000167 seconds
[2019-12-09T08:43:41.555+0000][1][safepoint    ] Application time: 1.0000786 seconds
[2019-12-09T08:43:41.555+0000][1][safepoint    ] Entering safepoint region: Cleanup
[2019-12-09T08:43:41.555+0000][1][safepoint    ] Leaving safepoint region
[2019-12-09T08:43:41.555+0000][1][safepoint    ] Total time for which application threads were stopped: 0.0000685 seconds, Stopping threads took: 0.0000181 seconds
[2019-12-09T08:43:42.555+0000][1][safepoint    ] Application time: 1.0000781 seconds
[2019-12-09T08:43:42.555+0000][1][safepoint    ] Entering safepoint region: Cleanup
[2019-12-09T08:43:42.555+0000][1][safepoint    ] Leaving safepoint region
[2019-12-09T08:43:42.555+0000][1][safepoint    ] Total time for which application threads were stopped: 0.0000658 seconds, Stopping threads took: 0.0000178 seconds
[2019-12-09T08:43:43.556+0000][1][safepoint    ] Application time: 1.0000766 seconds
[2019-12-09T08:43:43.556+0000][1][safepoint    ] Entering safepoint region: Cleanup
[2019-12-09T08:43:43.556+0000][1][safepoint    ] Leaving safepoint region
[2019-12-09T08:43:43.556+0000][1][safepoint    ] Total time for which application threads were stopped: 0.0000674 seconds, Stopping threads took: 0.0000173 seconds
[2019-12-09T08:43:44.556+0000][1][safepoint    ] Application time: 1.0000801 seconds
[2019-12-09T08:43:44.556+0000][1][safepoint    ] Entering safepoint region: Cleanup
[2019-12-09T08:43:44.556+0000][1][safepoint    ] Leaving safepoint region
[2019-12-09T08:43:44.556+0000][1][safepoint    ] Total time for which application threads were stopped: 0.0000668 seconds, Stopping threads took: 0.0000180 seconds
[2019-12-09T08:43:45.556+0000][1][safepoint    ] Application time: 1.0000778 seconds
[2019-12-09T08:43:45.556+0000][1][safepoint    ] Entering safepoint region: Cleanup
[2019-12-09T08:43:45.556+0000][1][safepoint    ] Leaving safepoint region
[2019-12-09T08:43:45.556+0000][1][safepoint    ] Total time for which application threads were stopped: 0.0000657 seconds, Stopping threads took: 0.0000169 seconds
[2019-12-09T08:43:46.556+0000][1][safepoint    ] Application time: 1.0000785 seconds
[2019-12-09T08:43:46.556+0000][1][safepoint    ] Entering safepoint region: Cleanup
[2019-12-09T08:43:46.556+0000][1][safepoint    ] Leaving safepoint region
[2019-12-09T08:43:46.556+0000][1][safepoint    ] Total time for which application threads were stopped: 0.0000668 seconds, Stopping threads took: 0.0000171 seconds
[2019-12-09T08:43:47.556+0000][1][safepoint    ] Application time: 1.0000764 seconds
[2019-12-09T08:43:47.556+0000][1][safepoint    ] Entering safepoint region: Cleanup
[2019-12-09T08:43:47.556+0000][1][safepoint    ] Leaving safepoint region
[2019-12-09T08:43:47.556+0000][1][safepoint    ] Total time for which application threads were stopped: 0.0000710 seconds, Stopping threads took: 0.0000179 seconds
[2019-12-09T08:43:48.557+0000][1][safepoint    ] Application time: 1.0000778 seconds
[2019-12-09T08:43:48.557+0000][1][safepoint    ] Entering safepoint region: Cleanup
[2019-12-09T08:43:48.557+0000][1][safepoint    ] Leaving safepoint region
[2019-12-09T08:43:48.557+0000][1][safepoint    ] Total time for which application threads were stopped: 0.0000665 seconds, Stopping threads took: 0.0000169 seconds
[2019-12-09T08:43:49.557+0000][1][safepoint    ] Application time: 1.0000788 seconds
[2019-12-09T08:43:49.557+0000][1][safepoint    ] Entering safepoint region: Cleanup
[2019-12-09T08:43:49.557+0000][1][safepoint    ] Leaving safepoint region
[2019-12-09T08:43:49.557+0000][1][safepoint    ] Total time for which application threads were stopped: 0.0000677 seconds, Stopping threads took: 0.0000170 seconds
[2019-12-09T08:43:50.557+0000][1][safepoint    ] Application time: 1.0000783 seconds
[2019-12-09T08:43:50.557+0000][1][safepoint    ] Entering safepoint region: Cleanup
[2019-12-09T08:43:50.557+0000][1][safepoint    ] Leaving safepoint region
[2019-12-09T08:43:50.557+0000][1][safepoint    ] Total time for which application threads were stopped: 0.0000681 seconds, Stopping threads took: 0.0000167 seconds
[2019-12-09T08:43:51.557+0000][1][safepoint    ] Application time: 1.0000841 seconds
[2019-12-09T08:43:51.557+0000][1][safepoint    ] Entering safepoint region: Cleanup
[2019-12-09T08:43:51.557+0000][1][safepoint    ] Leaving safepoint region
[2019-12-09T08:43:51.557+0000][1][safepoint    ] Total time for which application threads were stopped: 0.0000709 seconds, Stopping threads took: 0.0000176 seconds
[2019-12-09T08:43:52.557+0000][1][safepoint    ] Application time: 1.0000746 seconds
[2019-12-09T08:43:52.557+0000][1][safepoint    ] Entering safepoint region: Cleanup
[2019-12-09T08:43:52.557+0000][1][safepoint    ] Leaving safepoint region
[2019-12-09T08:43:52.557+0000][1][safepoint    ] Total time for which application threads were stopped: 0.0000699 seconds, Stopping threads took: 0.0000168 seconds
[2019-12-09T08:43:53.558+0000][1][safepoint    ] Application time: 1.0000785 seconds
[2019-12-09T08:43:53.558+0000][1][safepoint    ] Entering safepoint region: Cleanup
[2019-12-09T08:43:53.558+0000][1][safepoint    ] Leaving safepoint region
[2019-12-09T08:43:53.558+0000][1][safepoint    ] Total time for which application threads were stopped: 0.0000713 seconds, Stopping threads took: 0.0000181 seconds
[2019-12-09T08:43:54.558+0000][1][safepoint    ] Application time: 1.0000780 seconds
[2019-12-09T08:43:54.558+0000][1][safepoint    ] Entering safepoint region: Cleanup
[2019-12-09T08:43:54.558+0000][1][safepoint    ] Leaving safepoint region
[2019-12-09T08:43:54.558+0000][1][safepoint    ] Total time for which application threads were stopped: 0.0000673 seconds, Stopping threads took: 0.0000164 seconds
[2019-12-09T08:43:55.558+0000][1][safepoint    ] Application time: 1.0000790 seconds
[2019-12-09T08:43:55.558+0000][1][safepoint    ] Entering safepoint region: Cleanup
[2019-12-09T08:43:55.558+0000][1][safepoint    ] Leaving safepoint region
[2019-12-09T08:43:55.558+0000][1][safepoint    ] Total time for which application threads were stopped: 0.0000687 seconds, Stopping threads took: 0.0000168 seconds
[2019-12-09T08:43:56.558+0000][1][safepoint    ] Application time: 1.0000774 seconds
[2019-12-09T08:43:56.558+0000][1][safepoint    ] Entering safepoint region: Cleanup
[2019-12-09T08:43:56.558+0000][1][safepoint    ] Leaving safepoint region
[2019-12-09T08:43:56.558+0000][1][safepoint    ] Total time for which application threads were stopped: 0.0000711 seconds, Stopping threads took: 0.0000176 seconds
[2019-12-09T08:43:57.558+0000][1][safepoint    ] Application time: 1.0000786 seconds
[2019-12-09T08:43:57.558+0000][1][safepoint    ] Entering safepoint region: Cleanup
[2019-12-09T08:43:57.558+0000][1][safepoint    ] Leaving safepoint region
[2019-12-09T08:43:57.558+0000][1][safepoint    ] Total time for which application threads were stopped: 0.0000662 seconds, Stopping threads took: 0.0000172 seconds
[2019-12-09T08:43:58.558+0000][1][safepoint    ] Application time: 1.0000754 seconds
[2019-12-09T08:43:58.559+0000][1][safepoint    ] Entering safepoint region: Cleanup
[2019-12-09T08:43:58.559+0000][1][safepoint    ] Leaving safepoint region
[2019-12-09T08:43:58.559+0000][1][safepoint    ] Total time for which application threads were stopped: 0.0000676 seconds, Stopping threads took: 0.0000181 seconds
[2019-12-09T08:43:59.559+0000][1][safepoint    ] Application time: 1.0000761 seconds
[2019-12-09T08:43:59.559+0000][1][safepoint    ] Entering safepoint region: Cleanup
[2019-12-09T08:43:59.559+0000][1][safepoint    ] Leaving safepoint region
[2019-12-09T08:43:59.559+0000][1][safepoint    ] Total time for which application threads were stopped: 0.0000840 seconds, Stopping threads took: 0.0000333 seconds
[2019-12-09T08:44:00.559+0000][1][safepoint    ] Application time: 1.0000753 seconds
[2019-12-09T08:44:00.559+0000][1][safepoint    ] Entering safepoint region: Cleanup
[2019-12-09T08:44:00.559+0000][1][safepoint    ] Leaving safepoint region
[2019-12-09T08:44:00.559+0000][1][safepoint    ] Total time for which application threads were stopped: 0.0000658 seconds, Stopping threads took: 0.0000165 seconds
[2019-12-09T08:44:01.135+0000][1][safepoint    ] Application time: 0.5762669 seconds
[2019-12-09T08:44:01.135+0000][1][safepoint    ] Entering safepoint region: GenCollectForAllocation
[2019-12-09T08:44:01.135+0000][1][gc,start     ] GC(74) Pause Young (Allocation Failure)
[2019-12-09T08:44:01.135+0000][1][gc,task      ] GC(74) Using 2 workers of 2 for evacuation
[2019-12-09T08:44:01.142+0000][1][gc,age       ] GC(74) Desired survivor size 4456448 bytes, new threshold 6 (max threshold 6)
[2019-12-09T08:44:01.142+0000][1][gc,age       ] GC(74) Age table with threshold 6 (max threshold 6)
[2019-12-09T08:44:01.142+0000][1][gc,age       ] GC(74) - age   1:       3032 bytes,       3032 total
[2019-12-09T08:44:01.142+0000][1][gc,age       ] GC(74) - age   6:        512 bytes,       3544 total
[2019-12-09T08:44:01.142+0000][1][gc,heap      ] GC(74) ParNew: 69967K->10K(78656K)
[2019-12-09T08:44:01.142+0000][1][gc,heap      ] GC(74) CMS: 69458K->69465K(174784K)
[2019-12-09T08:44:01.142+0000][1][gc,metaspace ] GC(74) Metaspace: 68475K->68475K(1112064K)
[2019-12-09T08:44:01.142+0000][1][gc           ] GC(74) Pause Young (Allocation Failure) 136M->67M(247M) 6.741ms
[2019-12-09T08:44:01.142+0000][1][gc,cpu       ] GC(74) User=0.00s Sys=0.00s Real=0.00s
[2019-12-09T08:44:01.142+0000][1][safepoint    ] Leaving safepoint region
[2019-12-09T08:44:01.142+0000][1][safepoint    ] Total time for which application threads were stopped: 0.0069505 seconds, Stopping threads took: 0.0000249 seconds
[2019-12-09T08:44:02.142+0000][1][safepoint    ] Application time: 1.0000896 seconds
[2019-12-09T08:44:02.142+0000][1][safepoint    ] Entering safepoint region: Cleanup
[2019-12-09T08:44:02.142+0000][1][safepoint    ] Leaving safepoint region
[2019-12-09T08:44:02.142+0000][1][safepoint    ] Total time for which application threads were stopped: 0.0000656 seconds, Stopping threads took: 0.0000166 seconds
[2019-12-09T08:44:03.143+0000][1][safepoint    ] Application time: 1.0000796 seconds
[2019-12-09T08:44:03.143+0000][1][safepoint    ] Entering safepoint region: Cleanup
[2019-12-09T08:44:03.143+0000][1][safepoint    ] Leaving safepoint region
[2019-12-09T08:44:03.143+0000][1][safepoint    ] Total time for which application threads were stopped: 0.0000676 seconds, Stopping threads took: 0.0000162 seconds
[2019-12-09T08:44:04.143+0000][1][safepoint    ] Application time: 1.0000785 seconds
[2019-12-09T08:44:04.143+0000][1][safepoint    ] Entering safepoint region: Cleanup
[2019-12-09T08:44:04.143+0000][1][safepoint    ] Leaving safepoint region
[2019-12-09T08:44:04.143+0000][1][safepoint    ] Total time for which application threads were stopped: 0.0000686 seconds, Stopping threads took: 0.0000182 seconds
[2019-12-09T08:44:05.143+0000][1][safepoint    ] Application time: 1.0000779 seconds
[2019-12-09T08:44:05.143+0000][1][safepoint    ] Entering safepoint region: Cleanup
[2019-12-09T08:44:05.143+0000][1][safepoint    ] Leaving safepoint region
[2019-12-09T08:44:05.143+0000][1][safepoint    ] Total time for which application threads were stopped: 0.0000700 seconds, Stopping threads took: 0.0000184 seconds
[2019-12-09T08:44:06.143+0000][1][safepoint    ] Application time: 1.0000764 seconds
[2019-12-09T08:44:06.143+0000][1][safepoint    ] Entering safepoint region: Cleanup
[2019-12-09T08:44:06.143+0000][1][safepoint    ] Leaving safepoint region
[2019-12-09T08:44:06.143+0000][1][safepoint    ] Total time for which application threads were stopped: 0.0000700 seconds, Stopping threads took: 0.0000181 seconds
[2019-12-09T08:44:07.143+0000][1][safepoint    ] Application time: 1.0000757 seconds
[2019-12-09T08:44:07.143+0000][1][safepoint    ] Entering safepoint region: Cleanup
[2019-12-09T08:44:07.143+0000][1][safepoint    ] Leaving safepoint region
[2019-12-09T08:44:07.143+0000][1][safepoint    ] Total time for which application threads were stopped: 0.0000662 seconds, Stopping threads took: 0.0000166 seconds
[2019-12-09T08:44:08.144+0000][1][safepoint    ] Application time: 1.0000760 seconds
[2019-12-09T08:44:08.144+0000][1][safepoint    ] Entering safepoint region: Cleanup
[2019-12-09T08:44:08.144+0000][1][safepoint    ] Leaving safepoint region
[2019-12-09T08:44:08.144+0000][1][safepoint    ] Total time for which application threads were stopped: 0.0000698 seconds, Stopping threads took: 0.0000176 seconds
[2019-12-09T08:44:09.144+0000][1][safepoint    ] Application time: 1.0000759 seconds
[2019-12-09T08:44:09.144+0000][1][safepoint    ] Entering safepoint region: Cleanup
[2019-12-09T08:44:09.144+0000][1][safepoint    ] Leaving safepoint region
[2019-12-09T08:44:09.144+0000][1][safepoint    ] Total time for which application threads were stopped: 0.0000677 seconds, Stopping threads took: 0.0000171 seconds
[2019-12-09T08:44:10.144+0000][1][safepoint    ] Application time: 1.0000769 seconds
[2019-12-09T08:44:10.144+0000][1][safepoint    ] Entering safepoint region: Cleanup
[2019-12-09T08:44:10.144+0000][1][safepoint    ] Leaving safepoint region
[2019-12-09T08:44:10.144+0000][1][safepoint    ] Total time for which application threads were stopped: 0.0000675 seconds, Stopping threads took: 0.0000176 seconds
[2019-12-09T08:44:11.144+0000][1][safepoint    ] Application time: 1.0000768 seconds
[2019-12-09T08:44:11.144+0000][1][safepoint    ] Entering safepoint region: Cleanup
[2019-12-09T08:44:11.144+0000][1][safepoint    ] Leaving safepoint region
[2019-12-09T08:44:11.144+0000][1][safepoint    ] Total time for which application threads were stopped: 0.0000658 seconds, Stopping threads took: 0.0000169 seconds
[2019-12-09T08:44:12.144+0000][1][safepoint    ] Application time: 1.0000766 seconds
[2019-12-09T08:44:12.144+0000][1][safepoint    ] Entering safepoint region: Cleanup
[2019-12-09T08:44:12.144+0000][1][safepoint    ] Leaving safepoint region
[2019-12-09T08:44:12.144+0000][1][safepoint    ] Total time for which application threads were stopped: 0.0000663 seconds, Stopping threads took: 0.0000167 seconds
[2019-12-09T08:44:13.144+0000][1][safepoint    ] Application time: 1.0000758 seconds
[2019-12-09T08:44:13.145+0000][1][safepoint    ] Entering safepoint region: Cleanup
[2019-12-09T08:44:13.145+0000][1][safepoint    ] Leaving safepoint region
[2019-12-09T08:44:13.145+0000][1][safepoint    ] Total time for which application threads were stopped: 0.0000668 seconds, Stopping threads took: 0.0000169 seconds
[2019-12-09T08:44:14.145+0000][1][safepoint    ] Application time: 1.0000782 seconds
[2019-12-09T08:44:14.145+0000][1][safepoint    ] Entering safepoint region: Cleanup
[2019-12-09T08:44:14.145+0000][1][safepoint    ] Leaving safepoint region
[2019-12-09T08:44:14.145+0000][1][safepoint    ] Total time for which application threads were stopped: 0.0000703 seconds, Stopping threads took: 0.0000181 seconds
[2019-12-09T08:44:15.145+0000][1][safepoint    ] Application time: 1.0000755 seconds
[2019-12-09T08:44:15.145+0000][1][safepoint    ] Entering safepoint region: Cleanup
[2019-12-09T08:44:15.145+0000][1][safepoint    ] Leaving safepoint region
[2019-12-09T08:44:15.145+0000][1][safepoint    ] Total time for which application threads were stopped: 0.0000668 seconds, Stopping threads took: 0.0000167 seconds
[2019-12-09T08:44:16.145+0000][1][safepoint    ] Application time: 1.0000765 seconds
[2019-12-09T08:44:16.145+0000][1][safepoint    ] Entering safepoint region: Cleanup
[2019-12-09T08:44:16.145+0000][1][safepoint    ] Leaving safepoint region
[2019-12-09T08:44:16.145+0000][1][safepoint    ] Total time for which application threads were stopped: 0.0000667 seconds, Stopping threads took: 0.0000161 seconds
[2019-12-09T08:44:17.145+0000][1][safepoint    ] Application time: 1.0000742 seconds
[2019-12-09T08:44:17.145+0000][1][safepoint    ] Entering safepoint region: Cleanup
[2019-12-09T08:44:17.145+0000][1][safepoint    ] Leaving safepoint region
[2019-12-09T08:44:17.145+0000][1][safepoint    ] Total time for which application threads were stopped: 0.0000658 seconds, Stopping threads took: 0.0000166 seconds
[2019-12-09T08:44:18.145+0000][1][safepoint    ] Application time: 1.0000743 seconds
[2019-12-09T08:44:18.145+0000][1][safepoint    ] Entering safepoint region: Cleanup
[2019-12-09T08:44:18.146+0000][1][safepoint    ] Leaving safepoint region
[2019-12-09T08:44:18.146+0000][1][safepoint    ] Total time for which application threads were stopped: 0.0000763 seconds, Stopping threads took: 0.0000182 seconds
[2019-12-09T08:44:19.146+0000][1][safepoint    ] Application time: 1.0000768 seconds
[2019-12-09T08:44:19.146+0000][1][safepoint    ] Entering safepoint region: Cleanup
[2019-12-09T08:44:19.146+0000][1][safepoint    ] Leaving safepoint region
[2019-12-09T08:44:19.146+0000][1][safepoint    ] Total time for which application threads were stopped: 0.0000767 seconds, Stopping threads took: 0.0000272 seconds
[2019-12-09T08:44:20.146+0000][1][safepoint    ] Application time: 1.0000748 seconds
[2019-12-09T08:44:20.146+0000][1][safepoint    ] Entering safepoint region: Cleanup
[2019-12-09T08:44:20.146+0000][1][safepoint    ] Leaving safepoint region
[2019-12-09T08:44:20.146+0000][1][safepoint    ] Total time for which application threads were stopped: 0.0000665 seconds, Stopping threads took: 0.0000168 seconds
[2019-12-09T08:44:21.146+0000][1][safepoint    ] Application time: 1.0000753 seconds
[2019-12-09T08:44:21.146+0000][1][safepoint    ] Entering safepoint region: Cleanup
[2019-12-09T08:44:21.146+0000][1][safepoint    ] Leaving safepoint region
[2019-12-09T08:44:21.146+0000][1][safepoint    ] Total time for which application threads were stopped: 0.0000668 seconds, Stopping threads took: 0.0000172 seconds
[2019-12-09T08:44:22.146+0000][1][safepoint    ] Application time: 1.0000740 seconds
[2019-12-09T08:44:22.146+0000][1][safepoint    ] Entering safepoint region: Cleanup
[2019-12-09T08:44:22.146+0000][1][safepoint    ] Leaving safepoint region
[2019-12-09T08:44:22.146+0000][1][safepoint    ] Total time for which application threads were stopped: 0.0000667 seconds, Stopping threads took: 0.0000181 seconds
[2019-12-09T08:44:23.146+0000][1][safepoint    ] Application time: 1.0000763 seconds
[2019-12-09T08:44:23.146+0000][1][safepoint    ] Entering safepoint region: Cleanup
[2019-12-09T08:44:23.146+0000][1][safepoint    ] Leaving safepoint region
[2019-12-09T08:44:23.146+0000][1][safepoint    ] Total time for which application threads were stopped: 0.0000670 seconds, Stopping threads took: 0.0000173 seconds
[2019-12-09T08:44:24.147+0000][1][safepoint    ] Application time: 1.0000734 seconds
[2019-12-09T08:44:24.147+0000][1][safepoint    ] Entering safepoint region: Cleanup
[2019-12-09T08:44:24.147+0000][1][safepoint    ] Leaving safepoint region
[2019-12-09T08:44:24.147+0000][1][safepoint    ] Total time for which application threads were stopped: 0.0000775 seconds, Stopping threads took: 0.0000174 seconds
[2019-12-09T08:44:25.147+0000][1][safepoint    ] Application time: 1.0000748 seconds
[2019-12-09T08:44:25.147+0000][1][safepoint    ] Entering safepoint region: Cleanup
[2019-12-09T08:44:25.147+0000][1][safepoint    ] Leaving safepoint region
[2019-12-09T08:44:25.147+0000][1][safepoint    ] Total time for which application threads were stopped: 0.0000669 seconds, Stopping threads took: 0.0000170 seconds
[2019-12-09T08:44:26.147+0000][1][safepoint    ] Application time: 1.0000749 seconds
[2019-12-09T08:44:26.147+0000][1][safepoint    ] Entering safepoint region: Cleanup
[2019-12-09T08:44:26.147+0000][1][safepoint    ] Leaving safepoint region
[2019-12-09T08:44:26.147+0000][1][safepoint    ] Total time for which application threads were stopped: 0.0000708 seconds, Stopping threads took: 0.0000188 seconds
[2019-12-09T08:44:27.147+0000][1][safepoint    ] Application time: 1.0000735 seconds
[2019-12-09T08:44:27.147+0000][1][safepoint    ] Entering safepoint region: Cleanup
[2019-12-09T08:44:27.147+0000][1][safepoint    ] Leaving safepoint region
[2019-12-09T08:44:27.147+0000][1][safepoint    ] Total time for which application threads were stopped: 0.0000678 seconds, Stopping threads took: 0.0000165 seconds
[2019-12-09T08:44:28.147+0000][1][safepoint    ] Application time: 1.0000746 seconds
[2019-12-09T08:44:28.147+0000][1][safepoint    ] Entering safepoint region: Cleanup
[2019-12-09T08:44:28.147+0000][1][safepoint    ] Leaving safepoint region
[2019-12-09T08:44:28.147+0000][1][safepoint    ] Total time for which application threads were stopped: 0.0000681 seconds, Stopping threads took: 0.0000183 seconds
[2019-12-09T08:44:29.148+0000][1][safepoint    ] Application time: 1.0000753 seconds
[2019-12-09T08:44:29.148+0000][1][safepoint    ] Entering safepoint region: Cleanup
[2019-12-09T08:44:29.148+0000][1][safepoint    ] Leaving safepoint region
[2019-12-09T08:44:29.148+0000][1][safepoint    ] Total time for which application threads were stopped: 0.0000732 seconds, Stopping threads took: 0.0000226 seconds
[2019-12-09T08:44:30.148+0000][1][safepoint    ] Application time: 1.0000779 seconds
[2019-12-09T08:44:30.148+0000][1][safepoint    ] Entering safepoint region: Cleanup
[2019-12-09T08:44:30.148+0000][1][safepoint    ] Leaving safepoint region
[2019-12-09T08:44:30.148+0000][1][safepoint    ] Total time for which application threads were stopped: 0.0000692 seconds, Stopping threads took: 0.0000164 seconds
[2019-12-09T08:44:31.148+0000][1][safepoint    ] Application time: 1.0000770 seconds
[2019-12-09T08:44:31.148+0000][1][safepoint    ] Entering safepoint region: Cleanup
[2019-12-09T08:44:31.148+0000][1][safepoint    ] Leaving safepoint region
[2019-12-09T08:44:31.148+0000][1][safepoint    ] Total time for which application threads were stopped: 0.0000664 seconds, Stopping threads took: 0.0000168 seconds
[2019-12-09T08:44:32.148+0000][1][safepoint    ] Application time: 1.0000772 seconds
[2019-12-09T08:44:32.148+0000][1][safepoint    ] Entering safepoint region: Cleanup
[2019-12-09T08:44:32.148+0000][1][safepoint    ] Leaving safepoint region
[2019-12-09T08:44:32.148+0000][1][safepoint    ] Total time for which application threads were stopped: 0.0000707 seconds, Stopping threads took: 0.0000179 seconds
[2019-12-09T08:44:33.148+0000][1][safepoint    ] Application time: 1.0000754 seconds
[2019-12-09T08:44:33.148+0000][1][safepoint    ] Entering safepoint region: Cleanup
[2019-12-09T08:44:33.148+0000][1][safepoint    ] Leaving safepoint region
[2019-12-09T08:44:33.148+0000][1][safepoint    ] Total time for which application threads were stopped: 0.0000677 seconds, Stopping threads took: 0.0000170 seconds
[2019-12-09T08:44:34.149+0000][1][safepoint    ] Application time: 1.0000795 seconds
[2019-12-09T08:44:34.149+0000][1][safepoint    ] Entering safepoint region: Cleanup
[2019-12-09T08:44:34.149+0000][1][safepoint    ] Leaving safepoint region
[2019-12-09T08:44:34.149+0000][1][safepoint    ] Total time for which application threads were stopped: 0.0000663 seconds, Stopping threads took: 0.0000162 seconds
[2019-12-09T08:44:35.149+0000][1][safepoint    ] Application time: 1.0000834 seconds
[2019-12-09T08:44:35.149+0000][1][safepoint    ] Entering safepoint region: Cleanup
[2019-12-09T08:44:35.149+0000][1][safepoint    ] Leaving safepoint region
[2019-12-09T08:44:35.149+0000][1][safepoint    ] Total time for which application threads were stopped: 0.0000706 seconds, Stopping threads took: 0.0000176 seconds
[2019-12-09T08:44:36.149+0000][1][safepoint    ] Application time: 1.0000763 seconds
[2019-12-09T08:44:36.149+0000][1][safepoint    ] Entering safepoint region: Cleanup
[2019-12-09T08:44:36.149+0000][1][safepoint    ] Leaving safepoint region
[2019-12-09T08:44:36.149+0000][1][safepoint    ] Total time for which application threads were stopped: 0.0000674 seconds, Stopping threads took: 0.0000175 seconds
[2019-12-09T08:44:37.149+0000][1][safepoint    ] Application time: 1.0000766 seconds
[2019-12-09T08:44:37.149+0000][1][safepoint    ] Entering safepoint region: Cleanup
[2019-12-09T08:44:37.149+0000][1][safepoint    ] Leaving safepoint region
[2019-12-09T08:44:37.149+0000][1][safepoint    ] Total time for which application threads were stopped: 0.0000662 seconds, Stopping threads took: 0.0000166 seconds
[2019-12-09T08:44:38.149+0000][1][safepoint    ] Application time: 1.0000773 seconds
[2019-12-09T08:44:38.149+0000][1][safepoint    ] Entering safepoint region: Cleanup
[2019-12-09T08:44:38.149+0000][1][safepoint    ] Leaving safepoint region
[2019-12-09T08:44:38.149+0000][1][safepoint    ] Total time for which application threads were stopped: 0.0000660 seconds, Stopping threads took: 0.0000159 seconds
[2019-12-09T08:44:39.149+0000][1][safepoint    ] Application time: 1.0000761 seconds
[2019-12-09T08:44:39.150+0000][1][safepoint    ] Entering safepoint region: Cleanup
[2019-12-09T08:44:39.150+0000][1][safepoint    ] Leaving safepoint region
[2019-12-09T08:44:39.150+0000][1][safepoint    ] Total time for which application threads were stopped: 0.0000662 seconds, Stopping threads took: 0.0000165 seconds
[2019-12-09T08:44:40.150+0000][1][safepoint    ] Application time: 1.0000762 seconds
[2019-12-09T08:44:40.150+0000][1][safepoint    ] Entering safepoint region: Cleanup
[2019-12-09T08:44:40.150+0000][1][safepoint    ] Leaving safepoint region
[2019-12-09T08:44:40.150+0000][1][safepoint    ] Total time for which application threads were stopped: 0.0000661 seconds, Stopping threads took: 0.0000173 seconds
[2019-12-09T08:44:41.150+0000][1][safepoint    ] Application time: 1.0000752 seconds
[2019-12-09T08:44:41.150+0000][1][safepoint    ] Entering safepoint region: Cleanup
[2019-12-09T08:44:41.150+0000][1][safepoint    ] Leaving safepoint region
[2019-12-09T08:44:41.150+0000][1][safepoint    ] Total time for which application threads were stopped: 0.0000676 seconds, Stopping threads took: 0.0000174 seconds
[2019-12-09T08:44:42.150+0000][1][safepoint    ] Application time: 1.0000809 seconds
[2019-12-09T08:44:42.150+0000][1][safepoint    ] Entering safepoint region: Cleanup
[2019-12-09T08:44:42.150+0000][1][safepoint    ] Leaving safepoint region
[2019-12-09T08:44:42.150+0000][1][safepoint    ] Total time for which application threads were stopped: 0.0000688 seconds, Stopping threads took: 0.0000173 seconds
[2019-12-09T08:44:43.150+0000][1][safepoint    ] Application time: 1.0000779 seconds
[2019-12-09T08:44:43.150+0000][1][safepoint    ] Entering safepoint region: Cleanup
[2019-12-09T08:44:43.150+0000][1][safepoint    ] Leaving safepoint region
[2019-12-09T08:44:43.150+0000][1][safepoint    ] Total time for which application threads were stopped: 0.0000658 seconds, Stopping threads took: 0.0000165 seconds
[2019-12-09T08:44:44.150+0000][1][safepoint    ] Application time: 1.0000770 seconds
[2019-12-09T08:44:44.150+0000][1][safepoint    ] Entering safepoint region: Cleanup
[2019-12-09T08:44:44.151+0000][1][safepoint    ] Leaving safepoint region
[2019-12-09T08:44:44.151+0000][1][safepoint    ] Total time for which application threads were stopped: 0.0000691 seconds, Stopping threads took: 0.0000175 seconds
[2019-12-09T08:44:45.151+0000][1][safepoint    ] Application time: 1.0000761 seconds
[2019-12-09T08:44:45.151+0000][1][safepoint    ] Entering safepoint region: Cleanup
[2019-12-09T08:44:45.151+0000][1][safepoint    ] Leaving safepoint region
[2019-12-09T08:44:45.151+0000][1][safepoint    ] Total time for which application threads were stopped: 0.0000798 seconds, Stopping threads took: 0.0000281 seconds
[2019-12-09T08:44:46.151+0000][1][safepoint    ] Application time: 1.0000769 seconds
[2019-12-09T08:44:46.151+0000][1][safepoint    ] Entering safepoint region: Cleanup
[2019-12-09T08:44:46.151+0000][1][safepoint    ] Leaving safepoint region
[2019-12-09T08:44:46.151+0000][1][safepoint    ] Total time for which application threads were stopped: 0.0000671 seconds, Stopping threads took: 0.0000174 seconds
[2019-12-09T08:44:47.151+0000][1][safepoint    ] Application time: 1.0000774 seconds
[2019-12-09T08:44:47.151+0000][1][safepoint    ] Entering safepoint region: Cleanup
[2019-12-09T08:44:47.151+0000][1][safepoint    ] Leaving safepoint region
[2019-12-09T08:44:47.151+0000][1][safepoint    ] Total time for which application threads were stopped: 0.0000654 seconds, Stopping threads took: 0.0000168 seconds
[2019-12-09T08:44:48.151+0000][1][safepoint    ] Application time: 1.0000763 seconds
[2019-12-09T08:44:48.151+0000][1][safepoint    ] Entering safepoint region: Cleanup
[2019-12-09T08:44:48.151+0000][1][safepoint    ] Leaving safepoint region
[2019-12-09T08:44:48.151+0000][1][safepoint    ] Total time for which application threads were stopped: 0.0000656 seconds, Stopping threads took: 0.0000166 seconds
[2019-12-09T08:44:49.151+0000][1][safepoint    ] Application time: 1.0000802 seconds
[2019-12-09T08:44:49.151+0000][1][safepoint    ] Entering safepoint region: Cleanup
[2019-12-09T08:44:49.152+0000][1][safepoint    ] Leaving safepoint region
[2019-12-09T08:44:49.152+0000][1][safepoint    ] Total time for which application threads were stopped: 0.0000784 seconds, Stopping threads took: 0.0000229 seconds
[2019-12-09T08:44:50.152+0000][1][safepoint    ] Application time: 1.0000756 seconds
[2019-12-09T08:44:50.152+0000][1][safepoint    ] Entering safepoint region: Cleanup
[2019-12-09T08:44:50.152+0000][1][safepoint    ] Leaving safepoint region
[2019-12-09T08:44:50.152+0000][1][safepoint    ] Total time for which application threads were stopped: 0.0000797 seconds, Stopping threads took: 0.0000169 seconds
[2019-12-09T08:44:51.152+0000][1][safepoint    ] Application time: 1.0000764 seconds
[2019-12-09T08:44:51.152+0000][1][safepoint    ] Entering safepoint region: Cleanup
[2019-12-09T08:44:51.152+0000][1][safepoint    ] Leaving safepoint region
[2019-12-09T08:44:51.152+0000][1][safepoint    ] Total time for which application threads were stopped: 0.0000668 seconds, Stopping threads took: 0.0000164 seconds
[2019-12-09T08:44:52.152+0000][1][safepoint    ] Application time: 1.0000830 seconds
[2019-12-09T08:44:52.152+0000][1][safepoint    ] Entering safepoint region: Cleanup
[2019-12-09T08:44:52.152+0000][1][safepoint    ] Leaving safepoint region
[2019-12-09T08:44:52.152+0000][1][safepoint    ] Total time for which application threads were stopped: 0.0000685 seconds, Stopping threads took: 0.0000181 seconds
[2019-12-09T08:44:53.152+0000][1][safepoint    ] Application time: 1.0000778 seconds
[2019-12-09T08:44:53.152+0000][1][safepoint    ] Entering safepoint region: Cleanup
[2019-12-09T08:44:53.152+0000][1][safepoint    ] Leaving safepoint region
[2019-12-09T08:44:53.152+0000][1][safepoint    ] Total time for which application threads were stopped: 0.0000698 seconds, Stopping threads took: 0.0000176 seconds
[2019-12-09T08:44:54.152+0000][1][safepoint    ] Application time: 1.0000750 seconds
[2019-12-09T08:44:54.152+0000][1][safepoint    ] Entering safepoint region: Cleanup
[2019-12-09T08:44:54.153+0000][1][safepoint    ] Leaving safepoint region
[2019-12-09T08:44:54.153+0000][1][safepoint    ] Total time for which application threads were stopped: 0.0000645 seconds, Stopping threads took: 0.0000158 seconds
[2019-12-09T08:44:55.153+0000][1][safepoint    ] Application time: 1.0000753 seconds
[2019-12-09T08:44:55.153+0000][1][safepoint    ] Entering safepoint region: Cleanup
[2019-12-09T08:44:55.153+0000][1][safepoint    ] Leaving safepoint region
[2019-12-09T08:44:55.153+0000][1][safepoint    ] Total time for which application threads were stopped: 0.0000777 seconds, Stopping threads took: 0.0000169 seconds
[2019-12-09T08:44:56.153+0000][1][safepoint    ] Application time: 1.0000760 seconds
[2019-12-09T08:44:56.153+0000][1][safepoint    ] Entering safepoint region: Cleanup
[2019-12-09T08:44:56.153+0000][1][safepoint    ] Leaving safepoint region
[2019-12-09T08:44:56.153+0000][1][safepoint    ] Total time for which application threads were stopped: 0.0000681 seconds, Stopping threads took: 0.0000171 seconds
[2019-12-09T08:44:57.153+0000][1][safepoint    ] Application time: 1.0000751 seconds
[2019-12-09T08:44:57.153+0000][1][safepoint    ] Entering safepoint region: Cleanup
[2019-12-09T08:44:57.153+0000][1][safepoint    ] Leaving safepoint region
[2019-12-09T08:44:57.153+0000][1][safepoint    ] Total time for which application threads were stopped: 0.0000680 seconds, Stopping threads took: 0.0000166 seconds
[2019-12-09T08:44:58.153+0000][1][safepoint    ] Application time: 1.0000757 seconds
[2019-12-09T08:44:58.153+0000][1][safepoint    ] Entering safepoint region: Cleanup
[2019-12-09T08:44:58.153+0000][1][safepoint    ] Leaving safepoint region
[2019-12-09T08:44:58.153+0000][1][safepoint    ] Total time for which application threads were stopped: 0.0000666 seconds, Stopping threads took: 0.0000170 seconds
[2019-12-09T08:44:59.153+0000][1][safepoint    ] Application time: 1.0000755 seconds
[2019-12-09T08:44:59.153+0000][1][safepoint    ] Entering safepoint region: Cleanup
[2019-12-09T08:44:59.153+0000][1][safepoint    ] Leaving safepoint region
[2019-12-09T08:44:59.153+0000][1][safepoint    ] Total time for which application threads were stopped: 0.0000739 seconds, Stopping threads took: 0.0000238 seconds
[2019-12-09T08:45:00.154+0000][1][safepoint    ] Application time: 1.0000756 seconds
[2019-12-09T08:45:00.154+0000][1][safepoint    ] Entering safepoint region: Cleanup
[2019-12-09T08:45:00.154+0000][1][safepoint    ] Leaving safepoint region
[2019-12-09T08:45:00.154+0000][1][safepoint    ] Total time for which application threads were stopped: 0.0000805 seconds, Stopping threads took: 0.0000168 seconds
[2019-12-09T08:45:01.154+0000][1][safepoint    ] Application time: 1.0000765 seconds
[2019-12-09T08:45:01.154+0000][1][safepoint    ] Entering safepoint region: Cleanup
[2019-12-09T08:45:01.154+0000][1][safepoint    ] Leaving safepoint region
[2019-12-09T08:45:01.154+0000][1][safepoint    ] Total time for which application threads were stopped: 0.0000656 seconds, Stopping threads took: 0.0000164 seconds
[2019-12-09T08:45:02.154+0000][1][safepoint    ] Application time: 1.0000760 seconds
[2019-12-09T08:45:02.154+0000][1][safepoint    ] Entering safepoint region: Cleanup
[2019-12-09T08:45:02.154+0000][1][safepoint    ] Leaving safepoint region
[2019-12-09T08:45:02.154+0000][1][safepoint    ] Total time for which application threads were stopped: 0.0000675 seconds, Stopping threads took: 0.0000177 seconds
[2019-12-09T08:45:03.154+0000][1][safepoint    ] Application time: 1.0000743 seconds
[2019-12-09T08:45:03.154+0000][1][safepoint    ] Entering safepoint region: Cleanup
[2019-12-09T08:45:03.154+0000][1][safepoint    ] Leaving safepoint region
[2019-12-09T08:45:03.154+0000][1][safepoint    ] Total time for which application threads were stopped: 0.0000688 seconds, Stopping threads took: 0.0000171 seconds
[2019-12-09T08:45:04.154+0000][1][safepoint    ] Application time: 1.0000757 seconds
[2019-12-09T08:45:04.154+0000][1][safepoint    ] Entering safepoint region: Cleanup
[2019-12-09T08:45:04.154+0000][1][safepoint    ] Leaving safepoint region
[2019-12-09T08:45:04.154+0000][1][safepoint    ] Total time for which application threads were stopped: 0.0000678 seconds, Stopping threads took: 0.0000165 seconds
[2019-12-09T08:45:05.155+0000][1][safepoint    ] Application time: 1.0000755 seconds
[2019-12-09T08:45:05.155+0000][1][safepoint    ] Entering safepoint region: Cleanup
[2019-12-09T08:45:05.155+0000][1][safepoint    ] Leaving safepoint region
[2019-12-09T08:45:05.155+0000][1][safepoint    ] Total time for which application threads were stopped: 0.0000646 seconds, Stopping threads took: 0.0000166 seconds
[2019-12-09T08:45:06.155+0000][1][safepoint    ] Application time: 1.0000762 seconds
[2019-12-09T08:45:06.155+0000][1][safepoint    ] Entering safepoint region: Cleanup
[2019-12-09T08:45:06.155+0000][1][safepoint    ] Leaving safepoint region
[2019-12-09T08:45:06.155+0000][1][safepoint    ] Total time for which application threads were stopped: 0.0000677 seconds, Stopping threads took: 0.0000167 seconds
[2019-12-09T08:45:07.155+0000][1][safepoint    ] Application time: 1.0000816 seconds
[2019-12-09T08:45:07.155+0000][1][safepoint    ] Entering safepoint region: Cleanup
[2019-12-09T08:45:07.155+0000][1][safepoint    ] Leaving safepoint region
[2019-12-09T08:45:07.155+0000][1][safepoint    ] Total time for which application threads were stopped: 0.0000674 seconds, Stopping threads took: 0.0000167 seconds
[2019-12-09T08:45:08.155+0000][1][safepoint    ] Application time: 1.0000765 seconds
[2019-12-09T08:45:08.155+0000][1][safepoint    ] Entering safepoint region: Cleanup
[2019-12-09T08:45:08.155+0000][1][safepoint    ] Leaving safepoint region
[2019-12-09T08:45:08.155+0000][1][safepoint    ] Total time for which application threads were stopped: 0.0000694 seconds, Stopping threads took: 0.0000186 seconds
[2019-12-09T08:45:09.155+0000][1][safepoint    ] Application time: 1.0000756 seconds
[2019-12-09T08:45:09.155+0000][1][safepoint    ] Entering safepoint region: Cleanup
[2019-12-09T08:45:09.155+0000][1][safepoint    ] Leaving safepoint region
[2019-12-09T08:45:09.155+0000][1][safepoint    ] Total time for which application threads were stopped: 0.0000678 seconds, Stopping threads took: 0.0000156 seconds
[2019-12-09T08:45:10.155+0000][1][safepoint    ] Application time: 1.0000766 seconds
[2019-12-09T08:45:10.156+0000][1][safepoint    ] Entering safepoint region: Cleanup
[2019-12-09T08:45:10.156+0000][1][safepoint    ] Leaving safepoint region
[2019-12-09T08:45:10.156+0000][1][safepoint    ] Total time for which application threads were stopped: 0.0000666 seconds, Stopping threads took: 0.0000177 seconds
[2019-12-09T08:45:11.156+0000][1][safepoint    ] Application time: 1.0000878 seconds
[2019-12-09T08:45:11.156+0000][1][safepoint    ] Entering safepoint region: Cleanup
[2019-12-09T08:45:11.156+0000][1][safepoint    ] Leaving safepoint region
[2019-12-09T08:45:11.156+0000][1][safepoint    ] Total time for which application threads were stopped: 0.0000684 seconds, Stopping threads took: 0.0000173 seconds
[2019-12-09T08:45:12.156+0000][1][safepoint    ] Application time: 1.0000775 seconds
[2019-12-09T08:45:12.156+0000][1][safepoint    ] Entering safepoint region: Cleanup
[2019-12-09T08:45:12.156+0000][1][safepoint    ] Leaving safepoint region
[2019-12-09T08:45:12.156+0000][1][safepoint    ] Total time for which application threads were stopped: 0.0000714 seconds, Stopping threads took: 0.0000181 seconds
[2019-12-09T08:45:13.156+0000][1][safepoint    ] Application time: 1.0000781 seconds
[2019-12-09T08:45:13.156+0000][1][safepoint    ] Entering safepoint region: Cleanup
[2019-12-09T08:45:13.156+0000][1][safepoint    ] Leaving safepoint region
[2019-12-09T08:45:13.156+0000][1][safepoint    ] Total time for which application threads were stopped: 0.0000634 seconds, Stopping threads took: 0.0000154 seconds
[2019-12-09T08:45:14.156+0000][1][safepoint    ] Application time: 1.0000784 seconds
[2019-12-09T08:45:14.156+0000][1][safepoint    ] Entering safepoint region: Cleanup
[2019-12-09T08:45:14.156+0000][1][safepoint    ] Leaving safepoint region
[2019-12-09T08:45:14.156+0000][1][safepoint    ] Total time for which application threads were stopped: 0.0000654 seconds, Stopping threads took: 0.0000170 seconds
[2019-12-09T08:45:15.156+0000][1][safepoint    ] Application time: 1.0000767 seconds
[2019-12-09T08:45:15.157+0000][1][safepoint    ] Entering safepoint region: Cleanup
[2019-12-09T08:45:15.157+0000][1][safepoint    ] Leaving safepoint region
[2019-12-09T08:45:15.157+0000][1][safepoint    ] Total time for which application threads were stopped: 0.0000695 seconds, Stopping threads took: 0.0000176 seconds
[2019-12-09T08:45:16.157+0000][1][safepoint    ] Application time: 1.0000785 seconds
[2019-12-09T08:45:16.157+0000][1][safepoint    ] Entering safepoint region: Cleanup
[2019-12-09T08:45:16.157+0000][1][safepoint    ] Leaving safepoint region
[2019-12-09T08:45:16.157+0000][1][safepoint    ] Total time for which application threads were stopped: 0.0000698 seconds, Stopping threads took: 0.0000179 seconds
[2019-12-09T08:45:17.157+0000][1][safepoint    ] Application time: 1.0000770 seconds
[2019-12-09T08:45:17.157+0000][1][safepoint    ] Entering safepoint region: Cleanup
[2019-12-09T08:45:17.157+0000][1][safepoint    ] Leaving safepoint region
[2019-12-09T08:45:17.157+0000][1][safepoint    ] Total time for which application threads were stopped: 0.0000669 seconds, Stopping threads took: 0.0000167 seconds
[2019-12-09T08:45:18.157+0000][1][safepoint    ] Application time: 1.0000775 seconds
[2019-12-09T08:45:18.157+0000][1][safepoint    ] Entering safepoint region: Cleanup
[2019-12-09T08:45:18.157+0000][1][safepoint    ] Leaving safepoint region
[2019-12-09T08:45:18.157+0000][1][safepoint    ] Total time for which application threads were stopped: 0.0000679 seconds, Stopping threads took: 0.0000164 seconds
[2019-12-09T08:45:19.157+0000][1][safepoint    ] Application time: 1.0000765 seconds
[2019-12-09T08:45:19.157+0000][1][safepoint    ] Entering safepoint region: Cleanup
[2019-12-09T08:45:19.157+0000][1][safepoint    ] Leaving safepoint region
[2019-12-09T08:45:19.157+0000][1][safepoint    ] Total time for which application threads were stopped: 0.0000668 seconds, Stopping threads took: 0.0000176 seconds
[2019-12-09T08:45:20.157+0000][1][safepoint    ] Application time: 1.0000770 seconds
[2019-12-09T08:45:20.157+0000][1][safepoint    ] Entering safepoint region: Cleanup
[2019-12-09T08:45:20.158+0000][1][safepoint    ] Leaving safepoint region
[2019-12-09T08:45:20.158+0000][1][safepoint    ] Total time for which application threads were stopped: 0.0000665 seconds, Stopping threads took: 0.0000164 seconds
[2019-12-09T08:45:21.158+0000][1][safepoint    ] Application time: 1.0000786 seconds
[2019-12-09T08:45:21.158+0000][1][safepoint    ] Entering safepoint region: Cleanup
[2019-12-09T08:45:21.158+0000][1][safepoint    ] Leaving safepoint region
[2019-12-09T08:45:21.158+0000][1][safepoint    ] Total time for which application threads were stopped: 0.0000800 seconds, Stopping threads took: 0.0000285 seconds
[2019-12-09T08:45:22.158+0000][1][safepoint    ] Application time: 1.0000778 seconds
[2019-12-09T08:45:22.158+0000][1][safepoint    ] Entering safepoint region: Cleanup
[2019-12-09T08:45:22.158+0000][1][safepoint    ] Leaving safepoint region
[2019-12-09T08:45:22.158+0000][1][safepoint    ] Total time for which application threads were stopped: 0.0000673 seconds, Stopping threads took: 0.0000159 seconds
[2019-12-09T08:45:23.158+0000][1][safepoint    ] Application time: 1.0000799 seconds
[2019-12-09T08:45:23.158+0000][1][safepoint    ] Entering safepoint region: Cleanup
[2019-12-09T08:45:23.158+0000][1][safepoint    ] Leaving safepoint region
[2019-12-09T08:45:23.158+0000][1][safepoint    ] Total time for which application threads were stopped: 0.0000678 seconds, Stopping threads took: 0.0000175 seconds
[2019-12-09T08:45:24.158+0000][1][safepoint    ] Application time: 1.0000775 seconds
[2019-12-09T08:45:24.158+0000][1][safepoint    ] Entering safepoint region: Cleanup
[2019-12-09T08:45:24.158+0000][1][safepoint    ] Leaving safepoint region
[2019-12-09T08:45:24.158+0000][1][safepoint    ] Total time for which application threads were stopped: 0.0000678 seconds, Stopping threads took: 0.0000165 seconds
[2019-12-09T08:45:25.158+0000][1][safepoint    ] Application time: 1.0000773 seconds
[2019-12-09T08:45:25.158+0000][1][safepoint    ] Entering safepoint region: Cleanup
[2019-12-09T08:45:25.159+0000][1][safepoint    ] Leaving safepoint region
[2019-12-09T08:45:25.159+0000][1][safepoint    ] Total time for which application threads were stopped: 0.0000654 seconds, Stopping threads took: 0.0000160 seconds
[2019-12-09T08:45:26.159+0000][1][safepoint    ] Application time: 1.0000759 seconds
[2019-12-09T08:45:26.159+0000][1][safepoint    ] Entering safepoint region: Cleanup
[2019-12-09T08:45:26.159+0000][1][safepoint    ] Leaving safepoint region
[2019-12-09T08:45:26.159+0000][1][safepoint    ] Total time for which application threads were stopped: 0.0000805 seconds, Stopping threads took: 0.0000177 seconds
[2019-12-09T08:45:27.159+0000][1][safepoint    ] Application time: 1.0000751 seconds
[2019-12-09T08:45:27.159+0000][1][safepoint    ] Entering safepoint region: Cleanup
[2019-12-09T08:45:27.159+0000][1][safepoint    ] Leaving safepoint region
[2019-12-09T08:45:27.159+0000][1][safepoint    ] Total time for which application threads were stopped: 0.0000662 seconds, Stopping threads took: 0.0000166 seconds
[2019-12-09T08:45:28.159+0000][1][safepoint    ] Application time: 1.0000801 seconds
[2019-12-09T08:45:28.159+0000][1][safepoint    ] Entering safepoint region: Cleanup
[2019-12-09T08:45:28.159+0000][1][safepoint    ] Leaving safepoint region
[2019-12-09T08:45:28.159+0000][1][safepoint    ] Total time for which application threads were stopped: 0.0000889 seconds, Stopping threads took: 0.0000233 seconds
[2019-12-09T08:45:29.159+0000][1][safepoint    ] Application time: 1.0000742 seconds
[2019-12-09T08:45:29.159+0000][1][safepoint    ] Entering safepoint region: Cleanup
[2019-12-09T08:45:29.159+0000][1][safepoint    ] Leaving safepoint region
[2019-12-09T08:45:29.159+0000][1][safepoint    ] Total time for which application threads were stopped: 0.0000745 seconds, Stopping threads took: 0.0000250 seconds
[2019-12-09T08:45:30.159+0000][1][safepoint    ] Application time: 1.0000757 seconds
[2019-12-09T08:45:30.159+0000][1][safepoint    ] Entering safepoint region: Cleanup
[2019-12-09T08:45:30.160+0000][1][safepoint    ] Leaving safepoint region
[2019-12-09T08:45:30.160+0000][1][safepoint    ] Total time for which application threads were stopped: 0.0000702 seconds, Stopping threads took: 0.0000175 seconds
[2019-12-09T08:45:31.160+0000][1][safepoint    ] Application time: 1.0000743 seconds
[2019-12-09T08:45:31.160+0000][1][safepoint    ] Entering safepoint region: Cleanup
[2019-12-09T08:45:31.160+0000][1][safepoint    ] Leaving safepoint region
[2019-12-09T08:45:31.160+0000][1][safepoint    ] Total time for which application threads were stopped: 0.0000800 seconds, Stopping threads took: 0.0000176 seconds
[2019-12-09T08:45:32.160+0000][1][safepoint    ] Application time: 1.0000749 seconds
[2019-12-09T08:45:32.160+0000][1][safepoint    ] Entering safepoint region: Cleanup
[2019-12-09T08:45:32.160+0000][1][safepoint    ] Leaving safepoint region
[2019-12-09T08:45:32.160+0000][1][safepoint    ] Total time for which application threads were stopped: 0.0000673 seconds, Stopping threads took: 0.0000176 seconds
[2019-12-09T08:45:33.160+0000][1][safepoint    ] Application time: 1.0000758 seconds
[2019-12-09T08:45:33.160+0000][1][safepoint    ] Entering safepoint region: Cleanup
[2019-12-09T08:45:33.160+0000][1][safepoint    ] Leaving safepoint region
[2019-12-09T08:45:33.160+0000][1][safepoint    ] Total time for which application threads were stopped: 0.0000678 seconds, Stopping threads took: 0.0000157 seconds
[2019-12-09T08:45:34.160+0000][1][safepoint    ] Application time: 1.0000771 seconds
[2019-12-09T08:45:34.160+0000][1][safepoint    ] Entering safepoint region: Cleanup
[2019-12-09T08:45:34.160+0000][1][safepoint    ] Leaving safepoint region
[2019-12-09T08:45:34.160+0000][1][safepoint    ] Total time for which application threads were stopped: 0.0000678 seconds, Stopping threads took: 0.0000173 seconds
[2019-12-09T08:45:35.160+0000][1][safepoint    ] Application time: 1.0000757 seconds
[2019-12-09T08:45:35.160+0000][1][safepoint    ] Entering safepoint region: Cleanup
[2019-12-09T08:45:35.160+0000][1][safepoint    ] Leaving safepoint region
[2019-12-09T08:45:35.160+0000][1][safepoint    ] Total time for which application threads were stopped: 0.0000649 seconds, Stopping threads took: 0.0000165 seconds
[2019-12-09T08:45:36.161+0000][1][safepoint    ] Application time: 1.0000660 seconds
[2019-12-09T08:45:36.161+0000][1][safepoint    ] Entering safepoint region: Cleanup
[2019-12-09T08:45:36.161+0000][1][safepoint    ] Leaving safepoint region
[2019-12-09T08:45:36.161+0000][1][safepoint    ] Total time for which application threads were stopped: 0.0000673 seconds, Stopping threads took: 0.0000175 seconds
[2019-12-09T08:45:37.161+0000][1][safepoint    ] Application time: 1.0000764 seconds
[2019-12-09T08:45:37.161+0000][1][safepoint    ] Entering safepoint region: Cleanup
[2019-12-09T08:45:37.161+0000][1][safepoint    ] Leaving safepoint region
[2019-12-09T08:45:37.161+0000][1][safepoint    ] Total time for which application threads were stopped: 0.0000657 seconds, Stopping threads took: 0.0000173 seconds
[2019-12-09T08:45:38.161+0000][1][safepoint    ] Application time: 1.0000783 seconds
[2019-12-09T08:45:38.161+0000][1][safepoint    ] Entering safepoint region: Cleanup
[2019-12-09T08:45:38.161+0000][1][safepoint    ] Leaving safepoint region
[2019-12-09T08:45:38.161+0000][1][safepoint    ] Total time for which application threads were stopped: 0.0000659 seconds, Stopping threads took: 0.0000167 seconds
[2019-12-09T08:45:39.161+0000][1][safepoint    ] Application time: 1.0000774 seconds
[2019-12-09T08:45:39.161+0000][1][safepoint    ] Entering safepoint region: Cleanup
[2019-12-09T08:45:39.161+0000][1][safepoint    ] Leaving safepoint region
[2019-12-09T08:45:39.161+0000][1][safepoint    ] Total time for which application threads were stopped: 0.0000663 seconds, Stopping threads took: 0.0000170 seconds
[2019-12-09T08:45:40.161+0000][1][safepoint    ] Application time: 1.0000764 seconds
[2019-12-09T08:45:40.161+0000][1][safepoint    ] Entering safepoint region: Cleanup
[2019-12-09T08:45:40.161+0000][1][safepoint    ] Leaving safepoint region
[2019-12-09T08:45:40.161+0000][1][safepoint    ] Total time for which application threads were stopped: 0.0000669 seconds, Stopping threads took: 0.0000175 seconds
[2019-12-09T08:45:41.162+0000][1][safepoint    ] Application time: 1.0000777 seconds
[2019-12-09T08:45:41.162+0000][1][safepoint    ] Entering safepoint region: Cleanup
[2019-12-09T08:45:41.162+0000][1][safepoint    ] Leaving safepoint region
[2019-12-09T08:45:41.162+0000][1][safepoint    ] Total time for which application threads were stopped: 0.0000655 seconds, Stopping threads took: 0.0000165 seconds
[2019-12-09T08:45:42.162+0000][1][safepoint    ] Application time: 1.0000821 seconds
[2019-12-09T08:45:42.162+0000][1][safepoint    ] Entering safepoint region: Cleanup
[2019-12-09T08:45:42.162+0000][1][safepoint    ] Leaving safepoint region
[2019-12-09T08:45:42.162+0000][1][safepoint    ] Total time for which application threads were stopped: 0.0000666 seconds, Stopping threads took: 0.0000168 seconds
[2019-12-09T08:45:43.162+0000][1][safepoint    ] Application time: 1.0000765 seconds
[2019-12-09T08:45:43.162+0000][1][safepoint    ] Entering safepoint region: Cleanup
[2019-12-09T08:45:43.162+0000][1][safepoint    ] Leaving safepoint region
[2019-12-09T08:45:43.162+0000][1][safepoint    ] Total time for which application threads were stopped: 0.0000670 seconds, Stopping threads took: 0.0000166 seconds
[2019-12-09T08:45:44.162+0000][1][safepoint    ] Application time: 1.0000753 seconds
[2019-12-09T08:45:44.162+0000][1][safepoint    ] Entering safepoint region: Cleanup
[2019-12-09T08:45:44.162+0000][1][safepoint    ] Leaving safepoint region
[2019-12-09T08:45:44.162+0000][1][safepoint    ] Total time for which application threads were stopped: 0.0000684 seconds, Stopping threads took: 0.0000175 seconds
[2019-12-09T08:45:45.162+0000][1][safepoint    ] Application time: 1.0000784 seconds
[2019-12-09T08:45:45.162+0000][1][safepoint    ] Entering safepoint region: Cleanup
[2019-12-09T08:45:45.162+0000][1][safepoint    ] Leaving safepoint region
[2019-12-09T08:45:45.162+0000][1][safepoint    ] Total time for which application threads were stopped: 0.0000677 seconds, Stopping threads took: 0.0000165 seconds
[2019-12-09T08:45:46.162+0000][1][safepoint    ] Application time: 1.0000757 seconds
[2019-12-09T08:45:46.162+0000][1][safepoint    ] Entering safepoint region: Cleanup
[2019-12-09T08:45:46.163+0000][1][safepoint    ] Leaving safepoint region
[2019-12-09T08:45:46.163+0000][1][safepoint    ] Total time for which application threads were stopped: 0.0000674 seconds, Stopping threads took: 0.0000166 seconds
[2019-12-09T08:45:47.163+0000][1][safepoint    ] Application time: 1.0000773 seconds
[2019-12-09T08:45:47.163+0000][1][safepoint    ] Entering safepoint region: Cleanup
[2019-12-09T08:45:47.163+0000][1][safepoint    ] Leaving safepoint region
[2019-12-09T08:45:47.163+0000][1][safepoint    ] Total time for which application threads were stopped: 0.0000769 seconds, Stopping threads took: 0.0000271 seconds
[2019-12-09T08:45:48.163+0000][1][safepoint    ] Application time: 1.0000786 seconds
[2019-12-09T08:45:48.163+0000][1][safepoint    ] Entering safepoint region: Cleanup
[2019-12-09T08:45:48.163+0000][1][safepoint    ] Leaving safepoint region
[2019-12-09T08:45:48.163+0000][1][safepoint    ] Total time for which application threads were stopped: 0.0000648 seconds, Stopping threads took: 0.0000165 seconds
[2019-12-09T08:45:49.163+0000][1][safepoint    ] Application time: 1.0000767 seconds
[2019-12-09T08:45:49.163+0000][1][safepoint    ] Entering safepoint region: Cleanup
[2019-12-09T08:45:49.163+0000][1][safepoint    ] Leaving safepoint region
[2019-12-09T08:45:49.163+0000][1][safepoint    ] Total time for which application threads were stopped: 0.0000674 seconds, Stopping threads took: 0.0000175 seconds
[2019-12-09T08:45:50.163+0000][1][safepoint    ] Application time: 1.0000805 seconds
[2019-12-09T08:45:50.163+0000][1][safepoint    ] Entering safepoint region: Cleanup
[2019-12-09T08:45:50.163+0000][1][safepoint    ] Leaving safepoint region
[2019-12-09T08:45:50.163+0000][1][safepoint    ] Total time for which application threads were stopped: 0.0000653 seconds, Stopping threads took: 0.0000162 seconds
[2019-12-09T08:45:51.163+0000][1][safepoint    ] Application time: 1.0000780 seconds
[2019-12-09T08:45:51.163+0000][1][safepoint    ] Entering safepoint region: Cleanup
[2019-12-09T08:45:51.164+0000][1][safepoint    ] Leaving safepoint region
[2019-12-09T08:45:51.164+0000][1][safepoint    ] Total time for which application threads were stopped: 0.0000663 seconds, Stopping threads took: 0.0000170 seconds
[2019-12-09T08:45:52.164+0000][1][safepoint    ] Application time: 1.0000749 seconds
[2019-12-09T08:45:52.164+0000][1][safepoint    ] Entering safepoint region: Cleanup
[2019-12-09T08:45:52.164+0000][1][safepoint    ] Leaving safepoint region
[2019-12-09T08:45:52.164+0000][1][safepoint    ] Total time for which application threads were stopped: 0.0000800 seconds, Stopping threads took: 0.0000172 seconds
[2019-12-09T08:45:53.164+0000][1][safepoint    ] Application time: 1.0000764 seconds
[2019-12-09T08:45:53.164+0000][1][safepoint    ] Entering safepoint region: Cleanup
[2019-12-09T08:45:53.164+0000][1][safepoint    ] Leaving safepoint region
[2019-12-09T08:45:53.164+0000][1][safepoint    ] Total time for which application threads were stopped: 0.0000672 seconds, Stopping threads took: 0.0000166 seconds
[2019-12-09T08:45:54.164+0000][1][safepoint    ] Application time: 1.0000783 seconds
[2019-12-09T08:45:54.164+0000][1][safepoint    ] Entering safepoint region: Cleanup
[2019-12-09T08:45:54.164+0000][1][safepoint    ] Leaving safepoint region
[2019-12-09T08:45:54.164+0000][1][safepoint    ] Total time for which application threads were stopped: 0.0000657 seconds, Stopping threads took: 0.0000166 seconds
[2019-12-09T08:45:55.164+0000][1][safepoint    ] Application time: 1.0000762 seconds
[2019-12-09T08:45:55.164+0000][1][safepoint    ] Entering safepoint region: Cleanup
[2019-12-09T08:45:55.164+0000][1][safepoint    ] Leaving safepoint region
[2019-12-09T08:45:55.164+0000][1][safepoint    ] Total time for which application threads were stopped: 0.0000668 seconds, Stopping threads took: 0.0000171 seconds
[2019-12-09T08:45:56.164+0000][1][safepoint    ] Application time: 1.0000775 seconds
[2019-12-09T08:45:56.164+0000][1][safepoint    ] Entering safepoint region: Cleanup
[2019-12-09T08:45:56.164+0000][1][safepoint    ] Leaving safepoint region
[2019-12-09T08:45:56.164+0000][1][safepoint    ] Total time for which application threads were stopped: 0.0000669 seconds, Stopping threads took: 0.0000175 seconds
[2019-12-09T08:45:57.165+0000][1][safepoint    ] Application time: 1.0000784 seconds
[2019-12-09T08:45:57.165+0000][1][safepoint    ] Entering safepoint region: Cleanup
[2019-12-09T08:45:57.165+0000][1][safepoint    ] Leaving safepoint region
[2019-12-09T08:45:57.165+0000][1][safepoint    ] Total time for which application threads were stopped: 0.0000796 seconds, Stopping threads took: 0.0000222 seconds
[2019-12-09T08:45:58.165+0000][1][safepoint    ] Application time: 1.0000769 seconds
[2019-12-09T08:45:58.165+0000][1][safepoint    ] Entering safepoint region: Cleanup
[2019-12-09T08:45:58.165+0000][1][safepoint    ] Leaving safepoint region
[2019-12-09T08:45:58.165+0000][1][safepoint    ] Total time for which application threads were stopped: 0.0000668 seconds, Stopping threads took: 0.0000160 seconds
[2019-12-09T08:45:59.165+0000][1][safepoint    ] Application time: 1.0000772 seconds
[2019-12-09T08:45:59.165+0000][1][safepoint    ] Entering safepoint region: Cleanup
[2019-12-09T08:45:59.165+0000][1][safepoint    ] Leaving safepoint region
[2019-12-09T08:45:59.165+0000][1][safepoint    ] Total time for which application threads were stopped: 0.0000676 seconds, Stopping threads took: 0.0000166 seconds
[2019-12-09T08:46:00.165+0000][1][safepoint    ] Application time: 1.0000761 seconds
[2019-12-09T08:46:00.165+0000][1][safepoint    ] Entering safepoint region: Cleanup
[2019-12-09T08:46:00.165+0000][1][safepoint    ] Leaving safepoint region
[2019-12-09T08:46:00.165+0000][1][safepoint    ] Total time for which application threads were stopped: 0.0000676 seconds, Stopping threads took: 0.0000168 seconds
[2019-12-09T08:46:00.977+0000][1][safepoint    ] Application time: 0.8113059 seconds
[2019-12-09T08:46:00.977+0000][1][safepoint    ] Entering safepoint region: GenCollectForAllocation
[2019-12-09T08:46:00.977+0000][1][gc,start     ] GC(75) Pause Young (Allocation Failure)
[2019-12-09T08:46:00.977+0000][1][gc,task      ] GC(75) Using 2 workers of 2 for evacuation
[2019-12-09T08:46:00.978+0000][1][gc,age       ] GC(75) Desired survivor size 4456448 bytes, new threshold 6 (max threshold 6)
[2019-12-09T08:46:00.978+0000][1][gc,age       ] GC(75) Age table with threshold 6 (max threshold 6)
[2019-12-09T08:46:00.978+0000][1][gc,age       ] GC(75) - age   1:       4024 bytes,       4024 total
[2019-12-09T08:46:00.978+0000][1][gc,heap      ] GC(75) ParNew: 69962K->6K(78656K)
[2019-12-09T08:46:00.978+0000][1][gc,heap      ] GC(75) CMS: 69465K->69465K(174784K)
[2019-12-09T08:46:00.978+0000][1][gc,metaspace ] GC(75) Metaspace: 68475K->68475K(1112064K)
[2019-12-09T08:46:00.978+0000][1][gc           ] GC(75) Pause Young (Allocation Failure) 136M->67M(247M) 1.402ms
[2019-12-09T08:46:00.978+0000][1][gc,cpu       ] GC(75) User=0.00s Sys=0.00s Real=0.00s
[2019-12-09T08:46:00.978+0000][1][safepoint    ] Leaving safepoint region
[2019-12-09T08:46:00.978+0000][1][safepoint    ] Total time for which application threads were stopped: 0.0015556 seconds, Stopping threads took: 0.0000154 seconds
[2019-12-09T08:46:01.978+0000][1][safepoint    ] Application time: 1.0000866 seconds
[2019-12-09T08:46:01.978+0000][1][safepoint    ] Entering safepoint region: Cleanup
[2019-12-09T08:46:01.978+0000][1][safepoint    ] Leaving safepoint region
[2019-12-09T08:46:01.978+0000][1][safepoint    ] Total time for which application threads were stopped: 0.0000686 seconds, Stopping threads took: 0.0000168 seconds
[2019-12-09T08:46:02.978+0000][1][safepoint    ] Application time: 1.0000752 seconds
[2019-12-09T08:46:02.978+0000][1][safepoint    ] Entering safepoint region: Cleanup
[2019-12-09T08:46:02.979+0000][1][safepoint    ] Leaving safepoint region
[2019-12-09T08:46:02.979+0000][1][safepoint    ] Total time for which application threads were stopped: 0.0000697 seconds, Stopping threads took: 0.0000168 seconds
[2019-12-09T08:46:03.979+0000][1][safepoint    ] Application time: 1.0000781 seconds
[2019-12-09T08:46:03.979+0000][1][safepoint    ] Entering safepoint region: Cleanup
[2019-12-09T08:46:03.979+0000][1][safepoint    ] Leaving safepoint region
[2019-12-09T08:46:03.979+0000][1][safepoint    ] Total time for which application threads were stopped: 0.0000798 seconds, Stopping threads took: 0.0000298 seconds
[2019-12-09T08:46:04.979+0000][1][safepoint    ] Application time: 1.0000749 seconds
[2019-12-09T08:46:04.979+0000][1][safepoint    ] Entering safepoint region: Cleanup
[2019-12-09T08:46:04.979+0000][1][safepoint    ] Leaving safepoint region
[2019-12-09T08:46:04.979+0000][1][safepoint    ] Total time for which application threads were stopped: 0.0000666 seconds, Stopping threads took: 0.0000163 seconds
[2019-12-09T08:46:05.979+0000][1][safepoint    ] Application time: 1.0000830 seconds
[2019-12-09T08:46:05.979+0000][1][safepoint    ] Entering safepoint region: Cleanup
[2019-12-09T08:46:05.979+0000][1][safepoint    ] Leaving safepoint region
[2019-12-09T08:46:05.979+0000][1][safepoint    ] Total time for which application threads were stopped: 0.0001044 seconds, Stopping threads took: 0.0000458 seconds
[2019-12-09T08:46:06.979+0000][1][safepoint    ] Application time: 1.0000982 seconds
[2019-12-09T08:46:06.979+0000][1][safepoint    ] Entering safepoint region: Cleanup
[2019-12-09T08:46:06.979+0000][1][safepoint    ] Leaving safepoint region
[2019-12-09T08:46:06.979+0000][1][safepoint    ] Total time for which application threads were stopped: 0.0000908 seconds, Stopping threads took: 0.0000227 seconds
[2019-12-09T08:46:07.980+0000][1][safepoint    ] Application time: 1.0003069 seconds
[2019-12-09T08:46:07.980+0000][1][safepoint    ] Entering safepoint region: Cleanup
[2019-12-09T08:46:07.980+0000][1][safepoint    ] Leaving safepoint region
[2019-12-09T08:46:07.980+0000][1][safepoint    ] Total time for which application threads were stopped: 0.0001019 seconds, Stopping threads took: 0.0000321 seconds
[2019-12-09T08:46:08.981+0000][1][safepoint    ] Application time: 1.0008694 seconds
[2019-12-09T08:46:08.981+0000][1][safepoint    ] Entering safepoint region: Cleanup
[2019-12-09T08:46:08.981+0000][1][safepoint    ] Leaving safepoint region
[2019-12-09T08:46:08.981+0000][1][safepoint    ] Total time for which application threads were stopped: 0.0000931 seconds, Stopping threads took: 0.0000276 seconds
[2019-12-09T08:46:09.986+0000][1][safepoint    ] Application time: 1.0049237 seconds
[2019-12-09T08:46:09.986+0000][1][safepoint    ] Entering safepoint region: Cleanup
[2019-12-09T08:46:09.986+0000][1][safepoint    ] Leaving safepoint region
[2019-12-09T08:46:09.986+0000][1][safepoint    ] Total time for which application threads were stopped: 0.0001070 seconds, Stopping threads took: 0.0000265 seconds
[2019-12-09T08:46:10.986+0000][1][safepoint    ] Application time: 1.0000776 seconds
[2019-12-09T08:46:10.986+0000][1][safepoint    ] Entering safepoint region: Cleanup
[2019-12-09T08:46:10.986+0000][1][safepoint    ] Leaving safepoint region
[2019-12-09T08:46:10.986+0000][1][safepoint    ] Total time for which application threads were stopped: 0.0000690 seconds, Stopping threads took: 0.0000208 seconds
[2019-12-09T08:46:11.986+0000][1][safepoint    ] Application time: 1.0000756 seconds
[2019-12-09T08:46:11.986+0000][1][safepoint    ] Entering safepoint region: Cleanup
[2019-12-09T08:46:11.986+0000][1][safepoint    ] Leaving safepoint region
[2019-12-09T08:46:11.986+0000][1][safepoint    ] Total time for which application threads were stopped: 0.0000634 seconds, Stopping threads took: 0.0000160 seconds
[2019-12-09T08:46:12.986+0000][1][safepoint    ] Application time: 1.0000742 seconds
[2019-12-09T08:46:12.986+0000][1][safepoint    ] Entering safepoint region: Cleanup
[2019-12-09T08:46:12.987+0000][1][safepoint    ] Leaving safepoint region
[2019-12-09T08:46:12.987+0000][1][safepoint    ] Total time for which application threads were stopped: 0.0000672 seconds, Stopping threads took: 0.0000164 seconds
[2019-12-09T08:46:13.987+0000][1][safepoint    ] Application time: 1.0000760 seconds
[2019-12-09T08:46:13.987+0000][1][safepoint    ] Entering safepoint region: Cleanup
[2019-12-09T08:46:13.987+0000][1][safepoint    ] Leaving safepoint region
[2019-12-09T08:46:13.987+0000][1][safepoint    ] Total time for which application threads were stopped: 0.0000805 seconds, Stopping threads took: 0.0000166 seconds
[2019-12-09T08:46:14.987+0000][1][safepoint    ] Application time: 1.0000768 seconds
[2019-12-09T08:46:14.987+0000][1][safepoint    ] Entering safepoint region: Cleanup
[2019-12-09T08:46:14.987+0000][1][safepoint    ] Leaving safepoint region
[2019-12-09T08:46:14.987+0000][1][safepoint    ] Total time for which application threads were stopped: 0.0000654 seconds, Stopping threads took: 0.0000163 seconds
[2019-12-09T08:46:15.987+0000][1][safepoint    ] Application time: 1.0000787 seconds
[2019-12-09T08:46:15.987+0000][1][safepoint    ] Entering safepoint region: Cleanup
[2019-12-09T08:46:15.987+0000][1][safepoint    ] Leaving safepoint region
[2019-12-09T08:46:15.987+0000][1][safepoint    ] Total time for which application threads were stopped: 0.0000601 seconds, Stopping threads took: 0.0000139 seconds
[2019-12-09T08:46:16.987+0000][1][safepoint    ] Application time: 1.0000770 seconds
[2019-12-09T08:46:16.987+0000][1][safepoint    ] Entering safepoint region: Cleanup
[2019-12-09T08:46:16.987+0000][1][safepoint    ] Leaving safepoint region
[2019-12-09T08:46:16.987+0000][1][safepoint    ] Total time for which application threads were stopped: 0.0000636 seconds, Stopping threads took: 0.0000155 seconds
[2019-12-09T08:46:17.987+0000][1][safepoint    ] Application time: 1.0000759 seconds
[2019-12-09T08:46:17.987+0000][1][safepoint    ] Entering safepoint region: Cleanup
[2019-12-09T08:46:17.987+0000][1][safepoint    ] Leaving safepoint region
[2019-12-09T08:46:17.987+0000][1][safepoint    ] Total time for which application threads were stopped: 0.0000724 seconds, Stopping threads took: 0.0000167 seconds
[2019-12-09T08:46:18.988+0000][1][safepoint    ] Application time: 1.0000754 seconds
[2019-12-09T08:46:18.988+0000][1][safepoint    ] Entering safepoint region: Cleanup
[2019-12-09T08:46:18.988+0000][1][safepoint    ] Leaving safepoint region
[2019-12-09T08:46:18.988+0000][1][safepoint    ] Total time for which application threads were stopped: 0.0000892 seconds, Stopping threads took: 0.0000163 seconds
[2019-12-09T08:46:19.988+0000][1][safepoint    ] Application time: 1.0000820 seconds
[2019-12-09T08:46:19.988+0000][1][safepoint    ] Entering safepoint region: Cleanup
[2019-12-09T08:46:19.988+0000][1][safepoint    ] Leaving safepoint region
[2019-12-09T08:46:19.988+0000][1][safepoint    ] Total time for which application threads were stopped: 0.0000687 seconds, Stopping threads took: 0.0000164 seconds
[2019-12-09T08:46:20.988+0000][1][safepoint    ] Application time: 1.0000813 seconds
[2019-12-09T08:46:20.988+0000][1][safepoint    ] Entering safepoint region: Cleanup
[2019-12-09T08:46:20.988+0000][1][safepoint    ] Leaving safepoint region
[2019-12-09T08:46:20.988+0000][1][safepoint    ] Total time for which application threads were stopped: 0.0000933 seconds, Stopping threads took: 0.0000208 seconds
[2019-12-09T08:46:21.988+0000][1][safepoint    ] Application time: 1.0000748 seconds
[2019-12-09T08:46:21.988+0000][1][safepoint    ] Entering safepoint region: Cleanup
[2019-12-09T08:46:21.988+0000][1][safepoint    ] Leaving safepoint region
[2019-12-09T08:46:21.988+0000][1][safepoint    ] Total time for which application threads were stopped: 0.0000636 seconds, Stopping threads took: 0.0000157 seconds
[2019-12-09T08:46:22.988+0000][1][safepoint    ] Application time: 1.0000761 seconds
[2019-12-09T08:46:22.988+0000][1][safepoint    ] Entering safepoint region: Cleanup
[2019-12-09T08:46:22.988+0000][1][safepoint    ] Leaving safepoint region
[2019-12-09T08:46:22.989+0000][1][safepoint    ] Total time for which application threads were stopped: 0.0000653 seconds, Stopping threads took: 0.0000167 seconds
[2019-12-09T08:46:23.989+0000][1][safepoint    ] Application time: 1.0000834 seconds
[2019-12-09T08:46:23.989+0000][1][safepoint    ] Entering safepoint region: Cleanup
[2019-12-09T08:46:23.989+0000][1][safepoint    ] Leaving safepoint region
[2019-12-09T08:46:23.989+0000][1][safepoint    ] Total time for which application threads were stopped: 0.0000850 seconds, Stopping threads took: 0.0000153 seconds
[2019-12-09T08:46:24.989+0000][1][safepoint    ] Application time: 1.0000744 seconds
[2019-12-09T08:46:24.989+0000][1][safepoint    ] Entering safepoint region: Cleanup
[2019-12-09T08:46:24.989+0000][1][safepoint    ] Leaving safepoint region
[2019-12-09T08:46:24.989+0000][1][safepoint    ] Total time for which application threads were stopped: 0.0000757 seconds, Stopping threads took: 0.0000172 seconds
[2019-12-09T08:46:25.989+0000][1][safepoint    ] Application time: 1.0000850 seconds
[2019-12-09T08:46:25.989+0000][1][safepoint    ] Entering safepoint region: Cleanup
[2019-12-09T08:46:25.989+0000][1][safepoint    ] Leaving safepoint region
[2019-12-09T08:46:25.989+0000][1][safepoint    ] Total time for which application threads were stopped: 0.0000643 seconds, Stopping threads took: 0.0000142 seconds
[2019-12-09T08:46:26.989+0000][1][safepoint    ] Application time: 1.0000728 seconds
[2019-12-09T08:46:26.989+0000][1][safepoint    ] Entering safepoint region: Cleanup
[2019-12-09T08:46:26.989+0000][1][safepoint    ] Leaving safepoint region
[2019-12-09T08:46:26.989+0000][1][safepoint    ] Total time for which application threads were stopped: 0.0000731 seconds, Stopping threads took: 0.0000160 seconds
[2019-12-09T08:46:27.989+0000][1][safepoint    ] Application time: 1.0000839 seconds
[2019-12-09T08:46:27.989+0000][1][safepoint    ] Entering safepoint region: Cleanup
[2019-12-09T08:46:27.989+0000][1][safepoint    ] Leaving safepoint region
[2019-12-09T08:46:27.990+0000][1][safepoint    ] Total time for which application threads were stopped: 0.0000697 seconds, Stopping threads took: 0.0000172 seconds
[2019-12-09T08:46:28.990+0000][1][safepoint    ] Application time: 1.0000759 seconds
[2019-12-09T08:46:28.990+0000][1][safepoint    ] Entering safepoint region: Cleanup
[2019-12-09T08:46:28.990+0000][1][safepoint    ] Leaving safepoint region
[2019-12-09T08:46:28.990+0000][1][safepoint    ] Total time for which application threads were stopped: 0.0000852 seconds, Stopping threads took: 0.0000172 seconds
[2019-12-09T08:46:29.990+0000][1][safepoint    ] Application time: 1.0000842 seconds
[2019-12-09T08:46:29.990+0000][1][safepoint    ] Entering safepoint region: Cleanup
[2019-12-09T08:46:29.990+0000][1][safepoint    ] Leaving safepoint region
[2019-12-09T08:46:29.990+0000][1][safepoint    ] Total time for which application threads were stopped: 0.0000717 seconds, Stopping threads took: 0.0000167 seconds
[2019-12-09T08:46:30.990+0000][1][safepoint    ] Application time: 1.0000875 seconds
[2019-12-09T08:46:30.990+0000][1][safepoint    ] Entering safepoint region: Cleanup
[2019-12-09T08:46:30.990+0000][1][safepoint    ] Leaving safepoint region
[2019-12-09T08:46:30.990+0000][1][safepoint    ] Total time for which application threads were stopped: 0.0000698 seconds, Stopping threads took: 0.0000151 seconds
[2019-12-09T08:46:31.990+0000][1][safepoint    ] Application time: 1.0000844 seconds
[2019-12-09T08:46:31.990+0000][1][safepoint    ] Entering safepoint region: Cleanup
[2019-12-09T08:46:31.990+0000][1][safepoint    ] Leaving safepoint region
[2019-12-09T08:46:31.990+0000][1][safepoint    ] Total time for which application threads were stopped: 0.0000665 seconds, Stopping threads took: 0.0000173 seconds
[2019-12-09T08:46:32.990+0000][1][safepoint    ] Application time: 1.0000756 seconds
[2019-12-09T08:46:32.990+0000][1][safepoint    ] Entering safepoint region: Cleanup
[2019-12-09T08:46:32.990+0000][1][safepoint    ] Leaving safepoint region
[2019-12-09T08:46:32.990+0000][1][safepoint    ] Total time for which application threads were stopped: 0.0000670 seconds, Stopping threads took: 0.0000172 seconds
[2019-12-09T08:46:33.991+0000][1][safepoint    ] Application time: 1.0000764 seconds
[2019-12-09T08:46:33.991+0000][1][safepoint    ] Entering safepoint region: Cleanup
[2019-12-09T08:46:33.991+0000][1][safepoint    ] Leaving safepoint region
[2019-12-09T08:46:33.991+0000][1][safepoint    ] Total time for which application threads were stopped: 0.0000875 seconds, Stopping threads took: 0.0000168 seconds
[2019-12-09T08:46:34.991+0000][1][safepoint    ] Application time: 1.0000858 seconds
[2019-12-09T08:46:34.991+0000][1][safepoint    ] Entering safepoint region: Cleanup
[2019-12-09T08:46:34.991+0000][1][safepoint    ] Leaving safepoint region
[2019-12-09T08:46:34.991+0000][1][safepoint    ] Total time for which application threads were stopped: 0.0000733 seconds, Stopping threads took: 0.0000165 seconds
[2019-12-09T08:46:35.991+0000][1][safepoint    ] Application time: 1.0000859 seconds
[2019-12-09T08:46:35.991+0000][1][safepoint    ] Entering safepoint region: Cleanup
[2019-12-09T08:46:35.991+0000][1][safepoint    ] Leaving safepoint region
[2019-12-09T08:46:35.991+0000][1][safepoint    ] Total time for which application threads were stopped: 0.0001065 seconds, Stopping threads took: 0.0000513 seconds
[2019-12-09T08:46:36.991+0000][1][safepoint    ] Application time: 1.0000876 seconds
[2019-12-09T08:46:36.991+0000][1][safepoint    ] Entering safepoint region: Cleanup
[2019-12-09T08:46:36.991+0000][1][safepoint    ] Leaving safepoint region
[2019-12-09T08:46:36.991+0000][1][safepoint    ] Total time for which application threads were stopped: 0.0000738 seconds, Stopping threads took: 0.0000171 seconds
[2019-12-09T08:46:37.991+0000][1][safepoint    ] Application time: 1.0000815 seconds
[2019-12-09T08:46:37.992+0000][1][safepoint    ] Entering safepoint region: Cleanup
[2019-12-09T08:46:37.992+0000][1][safepoint    ] Leaving safepoint region
[2019-12-09T08:46:37.992+0000][1][safepoint    ] Total time for which application threads were stopped: 0.0000676 seconds, Stopping threads took: 0.0000165 seconds
[2019-12-09T08:46:38.992+0000][1][safepoint    ] Application time: 1.0000833 seconds
[2019-12-09T08:46:38.992+0000][1][safepoint    ] Entering safepoint region: Cleanup
[2019-12-09T08:46:38.992+0000][1][safepoint    ] Leaving safepoint region
[2019-12-09T08:46:38.992+0000][1][safepoint    ] Total time for which application threads were stopped: 0.0000737 seconds, Stopping threads took: 0.0000169 seconds
[2019-12-09T08:46:39.992+0000][1][safepoint    ] Application time: 1.0000849 seconds
[2019-12-09T08:46:39.992+0000][1][safepoint    ] Entering safepoint region: Cleanup
[2019-12-09T08:46:39.992+0000][1][safepoint    ] Leaving safepoint region
[2019-12-09T08:46:39.992+0000][1][safepoint    ] Total time for which application threads were stopped: 0.0000744 seconds, Stopping threads took: 0.0000166 seconds
[2019-12-09T08:46:40.992+0000][1][safepoint    ] Application time: 1.0001015 seconds
[2019-12-09T08:46:40.992+0000][1][safepoint    ] Entering safepoint region: Cleanup
[2019-12-09T08:46:40.992+0000][1][safepoint    ] Leaving safepoint region
[2019-12-09T08:46:40.992+0000][1][safepoint    ] Total time for which application threads were stopped: 0.0000921 seconds, Stopping threads took: 0.0000221 seconds
[2019-12-09T08:46:41.992+0000][1][safepoint    ] Application time: 1.0000749 seconds
[2019-12-09T08:46:41.992+0000][1][safepoint    ] Entering safepoint region: Cleanup
[2019-12-09T08:46:41.992+0000][1][safepoint    ] Leaving safepoint region
[2019-12-09T08:46:41.992+0000][1][safepoint    ] Total time for which application threads were stopped: 0.0001045 seconds, Stopping threads took: 0.0000330 seconds
[2019-12-09T08:46:42.993+0000][1][safepoint    ] Application time: 1.0000830 seconds
[2019-12-09T08:46:42.993+0000][1][safepoint    ] Entering safepoint region: Cleanup
[2019-12-09T08:46:42.993+0000][1][safepoint    ] Leaving safepoint region
[2019-12-09T08:46:42.993+0000][1][safepoint    ] Total time for which application threads were stopped: 0.0000817 seconds, Stopping threads took: 0.0000175 seconds
[2019-12-09T08:46:43.993+0000][1][safepoint    ] Application time: 1.0000770 seconds
[2019-12-09T08:46:43.993+0000][1][safepoint    ] Entering safepoint region: Cleanup
[2019-12-09T08:46:43.993+0000][1][safepoint    ] Leaving safepoint region
[2019-12-09T08:46:43.993+0000][1][safepoint    ] Total time for which application threads were stopped: 0.0000673 seconds, Stopping threads took: 0.0000161 seconds
[2019-12-09T08:46:44.993+0000][1][safepoint    ] Application time: 1.0000401 seconds
[2019-12-09T08:46:44.993+0000][1][safepoint    ] Entering safepoint region: Cleanup
[2019-12-09T08:46:44.993+0000][1][safepoint    ] Leaving safepoint region
[2019-12-09T08:46:44.993+0000][1][safepoint    ] Total time for which application threads were stopped: 0.0000671 seconds, Stopping threads took: 0.0000183 seconds
[2019-12-09T08:46:45.993+0000][1][safepoint    ] Application time: 1.0000782 seconds
[2019-12-09T08:46:45.993+0000][1][safepoint    ] Entering safepoint region: Cleanup
[2019-12-09T08:46:45.993+0000][1][safepoint    ] Leaving safepoint region
[2019-12-09T08:46:45.993+0000][1][safepoint    ] Total time for which application threads were stopped: 0.0000668 seconds, Stopping threads took: 0.0000166 seconds
[2019-12-09T08:46:46.993+0000][1][safepoint    ] Application time: 1.0000777 seconds
[2019-12-09T08:46:46.993+0000][1][safepoint    ] Entering safepoint region: Cleanup
[2019-12-09T08:46:46.993+0000][1][safepoint    ] Leaving safepoint region
[2019-12-09T08:46:46.993+0000][1][safepoint    ] Total time for which application threads were stopped: 0.0000667 seconds, Stopping threads took: 0.0000162 seconds
[2019-12-09T08:46:47.994+0000][1][safepoint    ] Application time: 1.0000767 seconds
[2019-12-09T08:46:47.994+0000][1][safepoint    ] Entering safepoint region: Cleanup
[2019-12-09T08:46:47.994+0000][1][safepoint    ] Leaving safepoint region
[2019-12-09T08:46:47.994+0000][1][safepoint    ] Total time for which application threads were stopped: 0.0000672 seconds, Stopping threads took: 0.0000176 seconds
[2019-12-09T08:46:48.994+0000][1][safepoint    ] Application time: 1.0000759 seconds
[2019-12-09T08:46:48.994+0000][1][safepoint    ] Entering safepoint region: Cleanup
[2019-12-09T08:46:48.994+0000][1][safepoint    ] Leaving safepoint region
[2019-12-09T08:46:48.994+0000][1][safepoint    ] Total time for which application threads were stopped: 0.0000672 seconds, Stopping threads took: 0.0000174 seconds
[2019-12-09T08:46:49.994+0000][1][safepoint    ] Application time: 1.0000783 seconds
[2019-12-09T08:46:49.994+0000][1][safepoint    ] Entering safepoint region: Cleanup
[2019-12-09T08:46:49.994+0000][1][safepoint    ] Leaving safepoint region
[2019-12-09T08:46:49.994+0000][1][safepoint    ] Total time for which application threads were stopped: 0.0000675 seconds, Stopping threads took: 0.0000172 seconds
[2019-12-09T08:46:50.994+0000][1][safepoint    ] Application time: 1.0000761 seconds
[2019-12-09T08:46:50.994+0000][1][safepoint    ] Entering safepoint region: Cleanup
[2019-12-09T08:46:50.994+0000][1][safepoint    ] Leaving safepoint region
[2019-12-09T08:46:50.994+0000][1][safepoint    ] Total time for which application threads were stopped: 0.0000771 seconds, Stopping threads took: 0.0000266 seconds
[2019-12-09T08:46:51.994+0000][1][safepoint    ] Application time: 1.0000779 seconds
[2019-12-09T08:46:51.994+0000][1][safepoint    ] Entering safepoint region: Cleanup
[2019-12-09T08:46:51.994+0000][1][safepoint    ] Leaving safepoint region
[2019-12-09T08:46:51.994+0000][1][safepoint    ] Total time for which application threads were stopped: 0.0000687 seconds, Stopping threads took: 0.0000162 seconds
[2019-12-09T08:46:52.994+0000][1][safepoint    ] Application time: 1.0000786 seconds
[2019-12-09T08:46:52.995+0000][1][safepoint    ] Entering safepoint region: Cleanup
[2019-12-09T08:46:52.995+0000][1][safepoint    ] Leaving safepoint region
[2019-12-09T08:46:52.995+0000][1][safepoint    ] Total time for which application threads were stopped: 0.0000681 seconds, Stopping threads took: 0.0000172 seconds
[2019-12-09T08:46:53.995+0000][1][safepoint    ] Application time: 1.0000964 seconds
[2019-12-09T08:46:53.995+0000][1][safepoint    ] Entering safepoint region: Cleanup
[2019-12-09T08:46:53.995+0000][1][safepoint    ] Leaving safepoint region
[2019-12-09T08:46:53.995+0000][1][safepoint    ] Total time for which application threads were stopped: 0.0000712 seconds, Stopping threads took: 0.0000182 seconds
[2019-12-09T08:46:55.085+0000][1][safepoint    ] Application time: 1.0901908 seconds
[2019-12-09T08:46:55.085+0000][1][safepoint    ] Entering safepoint region: Cleanup
[2019-12-09T08:46:55.085+0000][1][safepoint    ] Leaving safepoint region
[2019-12-09T08:46:55.085+0000][1][safepoint    ] Total time for which application threads were stopped: 0.0000827 seconds, Stopping threads took: 0.0000254 seconds
[2019-12-09T08:46:56.085+0000][1][safepoint    ] Application time: 1.0000777 seconds
[2019-12-09T08:46:56.085+0000][1][safepoint    ] Entering safepoint region: Cleanup
[2019-12-09T08:46:56.085+0000][1][safepoint    ] Leaving safepoint region
[2019-12-09T08:46:56.085+0000][1][safepoint    ] Total time for which application threads were stopped: 0.0000785 seconds, Stopping threads took: 0.0000177 seconds
[2019-12-09T08:46:57.085+0000][1][safepoint    ] Application time: 1.0000774 seconds
[2019-12-09T08:46:57.085+0000][1][safepoint    ] Entering safepoint region: Cleanup
[2019-12-09T08:46:57.086+0000][1][safepoint    ] Leaving safepoint region
[2019-12-09T08:46:57.086+0000][1][safepoint    ] Total time for which application threads were stopped: 0.0000789 seconds, Stopping threads took: 0.0000176 seconds
[2019-12-09T08:46:58.086+0000][1][safepoint    ] Application time: 1.0000814 seconds
[2019-12-09T08:46:58.086+0000][1][safepoint    ] Entering safepoint region: Cleanup
[2019-12-09T08:46:58.086+0000][1][safepoint    ] Leaving safepoint region
[2019-12-09T08:46:58.086+0000][1][safepoint    ] Total time for which application threads were stopped: 0.0000834 seconds, Stopping threads took: 0.0000329 seconds
[2019-12-09T08:46:59.086+0000][1][safepoint    ] Application time: 1.0000768 seconds
[2019-12-09T08:46:59.086+0000][1][safepoint    ] Entering safepoint region: Cleanup
[2019-12-09T08:46:59.086+0000][1][safepoint    ] Leaving safepoint region
[2019-12-09T08:46:59.086+0000][1][safepoint    ] Total time for which application threads were stopped: 0.0000664 seconds, Stopping threads took: 0.0000167 seconds
[2019-12-09T08:47:00.086+0000][1][safepoint    ] Application time: 1.0000793 seconds
[2019-12-09T08:47:00.086+0000][1][safepoint    ] Entering safepoint region: Cleanup
[2019-12-09T08:47:00.086+0000][1][safepoint    ] Leaving safepoint region
[2019-12-09T08:47:00.086+0000][1][safepoint    ] Total time for which application threads were stopped: 0.0000699 seconds, Stopping threads took: 0.0000180 seconds
[2019-12-09T08:47:01.086+0000][1][safepoint    ] Application time: 1.0000911 seconds
[2019-12-09T08:47:01.086+0000][1][safepoint    ] Entering safepoint region: Cleanup
[2019-12-09T08:47:01.086+0000][1][safepoint    ] Leaving safepoint region
[2019-12-09T08:47:01.086+0000][1][safepoint    ] Total time for which application threads were stopped: 0.0000849 seconds, Stopping threads took: 0.0000206 seconds
[2019-12-09T08:47:02.086+0000][1][safepoint    ] Application time: 1.0000803 seconds
[2019-12-09T08:47:02.087+0000][1][safepoint    ] Entering safepoint region: Cleanup
[2019-12-09T08:47:02.087+0000][1][safepoint    ] Leaving safepoint region
[2019-12-09T08:47:02.087+0000][1][safepoint    ] Total time for which application threads were stopped: 0.0000673 seconds, Stopping threads took: 0.0000165 seconds
[2019-12-09T08:47:03.087+0000][1][safepoint    ] Application time: 1.0000769 seconds
[2019-12-09T08:47:03.087+0000][1][safepoint    ] Entering safepoint region: Cleanup
[2019-12-09T08:47:03.087+0000][1][safepoint    ] Leaving safepoint region
[2019-12-09T08:47:03.087+0000][1][safepoint    ] Total time for which application threads were stopped: 0.0000674 seconds, Stopping threads took: 0.0000172 seconds
[2019-12-09T08:47:04.087+0000][1][safepoint    ] Application time: 1.0000767 seconds
[2019-12-09T08:47:04.087+0000][1][safepoint    ] Entering safepoint region: Cleanup
[2019-12-09T08:47:04.087+0000][1][safepoint    ] Leaving safepoint region
[2019-12-09T08:47:04.087+0000][1][safepoint    ] Total time for which application threads were stopped: 0.0000671 seconds, Stopping threads took: 0.0000169 seconds
[2019-12-09T08:47:05.087+0000][1][safepoint    ] Application time: 1.0000924 seconds
[2019-12-09T08:47:05.087+0000][1][safepoint    ] Entering safepoint region: Cleanup
[2019-12-09T08:47:05.087+0000][1][safepoint    ] Leaving safepoint region
[2019-12-09T08:47:05.087+0000][1][safepoint    ] Total time for which application threads were stopped: 0.0000769 seconds, Stopping threads took: 0.0000255 seconds
[2019-12-09T08:47:06.087+0000][1][safepoint    ] Application time: 1.0000787 seconds
[2019-12-09T08:47:06.087+0000][1][safepoint    ] Entering safepoint region: Cleanup
[2019-12-09T08:47:06.087+0000][1][safepoint    ] Leaving safepoint region
[2019-12-09T08:47:06.087+0000][1][safepoint    ] Total time for which application threads were stopped: 0.0000678 seconds, Stopping threads took: 0.0000168 seconds
[2019-12-09T08:47:07.087+0000][1][safepoint    ] Application time: 1.0000778 seconds
[2019-12-09T08:47:07.088+0000][1][safepoint    ] Entering safepoint region: Cleanup
[2019-12-09T08:47:07.088+0000][1][safepoint    ] Leaving safepoint region
[2019-12-09T08:47:07.088+0000][1][safepoint    ] Total time for which application threads were stopped: 0.0000670 seconds, Stopping threads took: 0.0000166 seconds
[2019-12-09T08:47:08.088+0000][1][safepoint    ] Application time: 1.0000782 seconds
[2019-12-09T08:47:08.088+0000][1][safepoint    ] Entering safepoint region: Cleanup
[2019-12-09T08:47:08.088+0000][1][safepoint    ] Leaving safepoint region
[2019-12-09T08:47:08.088+0000][1][safepoint    ] Total time for which application threads were stopped: 0.0000658 seconds, Stopping threads took: 0.0000172 seconds
[2019-12-09T08:47:09.088+0000][1][safepoint    ] Application time: 1.0000758 seconds
[2019-12-09T08:47:09.088+0000][1][safepoint    ] Entering safepoint region: Cleanup
[2019-12-09T08:47:09.088+0000][1][safepoint    ] Leaving safepoint region
[2019-12-09T08:47:09.088+0000][1][safepoint    ] Total time for which application threads were stopped: 0.0000780 seconds, Stopping threads took: 0.0000166 seconds
[2019-12-09T08:47:10.088+0000][1][safepoint    ] Application time: 1.0000791 seconds
[2019-12-09T08:47:10.088+0000][1][safepoint    ] Entering safepoint region: Cleanup
[2019-12-09T08:47:10.088+0000][1][safepoint    ] Leaving safepoint region
[2019-12-09T08:47:10.088+0000][1][safepoint    ] Total time for which application threads were stopped: 0.0000690 seconds, Stopping threads took: 0.0000165 seconds
[2019-12-09T08:47:11.088+0000][1][safepoint    ] Application time: 1.0000783 seconds
[2019-12-09T08:47:11.088+0000][1][safepoint    ] Entering safepoint region: Cleanup
[2019-12-09T08:47:11.088+0000][1][safepoint    ] Leaving safepoint region
[2019-12-09T08:47:11.088+0000][1][safepoint    ] Total time for which application threads were stopped: 0.0000664 seconds, Stopping threads took: 0.0000170 seconds
[2019-12-09T08:47:12.088+0000][1][safepoint    ] Application time: 1.0000786 seconds
[2019-12-09T08:47:12.088+0000][1][safepoint    ] Entering safepoint region: Cleanup
[2019-12-09T08:47:12.089+0000][1][safepoint    ] Leaving safepoint region
[2019-12-09T08:47:12.089+0000][1][safepoint    ] Total time for which application threads were stopped: 0.0000670 seconds, Stopping threads took: 0.0000163 seconds
[2019-12-09T08:47:13.089+0000][1][safepoint    ] Application time: 1.0000851 seconds
[2019-12-09T08:47:13.089+0000][1][safepoint    ] Entering safepoint region: Cleanup
[2019-12-09T08:47:13.089+0000][1][safepoint    ] Leaving safepoint region
[2019-12-09T08:47:13.089+0000][1][safepoint    ] Total time for which application threads were stopped: 0.0000855 seconds, Stopping threads took: 0.0000294 seconds
[2019-12-09T08:47:14.089+0000][1][safepoint    ] Application time: 1.0000812 seconds
[2019-12-09T08:47:14.089+0000][1][safepoint    ] Entering safepoint region: Cleanup
[2019-12-09T08:47:14.089+0000][1][safepoint    ] Leaving safepoint region
[2019-12-09T08:47:14.089+0000][1][safepoint    ] Total time for which application threads were stopped: 0.0000798 seconds, Stopping threads took: 0.0000170 seconds
[2019-12-09T08:47:15.089+0000][1][safepoint    ] Application time: 1.0000803 seconds
[2019-12-09T08:47:15.089+0000][1][safepoint    ] Entering safepoint region: Cleanup
[2019-12-09T08:47:15.089+0000][1][safepoint    ] Leaving safepoint region
[2019-12-09T08:47:15.089+0000][1][safepoint    ] Total time for which application threads were stopped: 0.0000896 seconds, Stopping threads took: 0.0000296 seconds
[2019-12-09T08:47:16.089+0000][1][safepoint    ] Application time: 1.0000791 seconds
[2019-12-09T08:47:16.089+0000][1][safepoint    ] Entering safepoint region: Cleanup
[2019-12-09T08:47:16.089+0000][1][safepoint    ] Leaving safepoint region
[2019-12-09T08:47:16.089+0000][1][safepoint    ] Total time for which application threads were stopped: 0.0000786 seconds, Stopping threads took: 0.0000256 seconds
[2019-12-09T08:47:17.089+0000][1][safepoint    ] Application time: 1.0000775 seconds
[2019-12-09T08:47:17.090+0000][1][safepoint    ] Entering safepoint region: Cleanup
[2019-12-09T08:47:17.090+0000][1][safepoint    ] Leaving safepoint region
[2019-12-09T08:47:17.090+0000][1][safepoint    ] Total time for which application threads were stopped: 0.0000785 seconds, Stopping threads took: 0.0000166 seconds
[2019-12-09T08:47:18.090+0000][1][safepoint    ] Application time: 1.0001075 seconds
[2019-12-09T08:47:18.090+0000][1][safepoint    ] Entering safepoint region: Cleanup
[2019-12-09T08:47:18.090+0000][1][safepoint    ] Leaving safepoint region
[2019-12-09T08:47:18.090+0000][1][safepoint    ] Total time for which application threads were stopped: 0.0000923 seconds, Stopping threads took: 0.0000232 seconds
[2019-12-09T08:47:19.090+0000][1][safepoint    ] Application time: 1.0000989 seconds
[2019-12-09T08:47:19.090+0000][1][safepoint    ] Entering safepoint region: Cleanup
[2019-12-09T08:47:19.090+0000][1][safepoint    ] Leaving safepoint region
[2019-12-09T08:47:19.090+0000][1][safepoint    ] Total time for which application threads were stopped: 0.0000876 seconds, Stopping threads took: 0.0000234 seconds
[2019-12-09T08:47:20.090+0000][1][safepoint    ] Application time: 1.0000924 seconds
[2019-12-09T08:47:20.090+0000][1][safepoint    ] Entering safepoint region: Cleanup
[2019-12-09T08:47:20.090+0000][1][safepoint    ] Leaving safepoint region
[2019-12-09T08:47:20.090+0000][1][safepoint    ] Total time for which application threads were stopped: 0.0000755 seconds, Stopping threads took: 0.0000222 seconds
[2019-12-09T08:47:21.090+0000][1][safepoint    ] Application time: 1.0000915 seconds
[2019-12-09T08:47:21.090+0000][1][safepoint    ] Entering safepoint region: Cleanup
[2019-12-09T08:47:21.091+0000][1][safepoint    ] Leaving safepoint region
[2019-12-09T08:47:21.091+0000][1][safepoint    ] Total time for which application threads were stopped: 0.0000798 seconds, Stopping threads took: 0.0000264 seconds
[2019-12-09T08:47:22.091+0000][1][safepoint    ] Application time: 1.0000868 seconds
[2019-12-09T08:47:22.091+0000][1][safepoint    ] Entering safepoint region: Cleanup
[2019-12-09T08:47:22.091+0000][1][safepoint    ] Leaving safepoint region
[2019-12-09T08:47:22.091+0000][1][safepoint    ] Total time for which application threads were stopped: 0.0000840 seconds, Stopping threads took: 0.0000188 seconds
[2019-12-09T08:47:23.091+0000][1][safepoint    ] Application time: 1.0000913 seconds
[2019-12-09T08:47:23.091+0000][1][safepoint    ] Entering safepoint region: Cleanup
[2019-12-09T08:47:23.091+0000][1][safepoint    ] Leaving safepoint region
[2019-12-09T08:47:23.091+0000][1][safepoint    ] Total time for which application threads were stopped: 0.0000937 seconds, Stopping threads took: 0.0000228 seconds
[2019-12-09T08:47:24.091+0000][1][safepoint    ] Application time: 1.0000848 seconds
[2019-12-09T08:47:24.091+0000][1][safepoint    ] Entering safepoint region: Cleanup
[2019-12-09T08:47:24.091+0000][1][safepoint    ] Leaving safepoint region
[2019-12-09T08:47:24.091+0000][1][safepoint    ] Total time for which application threads were stopped: 0.0000660 seconds, Stopping threads took: 0.0000159 seconds
[2019-12-09T08:47:25.091+0000][1][safepoint    ] Application time: 1.0000807 seconds
[2019-12-09T08:47:25.091+0000][1][safepoint    ] Entering safepoint region: Cleanup
[2019-12-09T08:47:25.091+0000][1][safepoint    ] Leaving safepoint region
[2019-12-09T08:47:25.091+0000][1][safepoint    ] Total time for which application threads were stopped: 0.0000754 seconds, Stopping threads took: 0.0000161 seconds
[2019-12-09T08:47:26.091+0000][1][safepoint    ] Application time: 1.0000804 seconds
[2019-12-09T08:47:26.092+0000][1][safepoint    ] Entering safepoint region: Cleanup
[2019-12-09T08:47:26.092+0000][1][safepoint    ] Leaving safepoint region
[2019-12-09T08:47:26.092+0000][1][safepoint    ] Total time for which application threads were stopped: 0.0000683 seconds, Stopping threads took: 0.0000173 seconds
[2019-12-09T08:47:27.092+0000][1][safepoint    ] Application time: 1.0000786 seconds
[2019-12-09T08:47:27.092+0000][1][safepoint    ] Entering safepoint region: Cleanup
[2019-12-09T08:47:27.092+0000][1][safepoint    ] Leaving safepoint region
[2019-12-09T08:47:27.092+0000][1][safepoint    ] Total time for which application threads were stopped: 0.0000682 seconds, Stopping threads took: 0.0000177 seconds
[2019-12-09T08:47:28.092+0000][1][safepoint    ] Application time: 1.0000872 seconds
[2019-12-09T08:47:28.092+0000][1][safepoint    ] Entering safepoint region: Cleanup
[2019-12-09T08:47:28.092+0000][1][safepoint    ] Leaving safepoint region
[2019-12-09T08:47:28.092+0000][1][safepoint    ] Total time for which application threads were stopped: 0.0000956 seconds, Stopping threads took: 0.0000232 seconds
[2019-12-09T08:47:29.092+0000][1][safepoint    ] Application time: 1.0000813 seconds
[2019-12-09T08:47:29.092+0000][1][safepoint    ] Entering safepoint region: Cleanup
[2019-12-09T08:47:29.092+0000][1][safepoint    ] Leaving safepoint region
[2019-12-09T08:47:29.092+0000][1][safepoint    ] Total time for which application threads were stopped: 0.0000739 seconds, Stopping threads took: 0.0000174 seconds
[2019-12-09T08:47:30.092+0000][1][safepoint    ] Application time: 1.0000795 seconds
[2019-12-09T08:47:30.092+0000][1][safepoint    ] Entering safepoint region: Cleanup
[2019-12-09T08:47:30.092+0000][1][safepoint    ] Leaving safepoint region
[2019-12-09T08:47:30.092+0000][1][safepoint    ] Total time for which application threads were stopped: 0.0000669 seconds, Stopping threads took: 0.0000169 seconds
[2019-12-09T08:47:31.093+0000][1][safepoint    ] Application time: 1.0000767 seconds
[2019-12-09T08:47:31.093+0000][1][safepoint    ] Entering safepoint region: Cleanup
[2019-12-09T08:47:31.093+0000][1][safepoint    ] Leaving safepoint region
[2019-12-09T08:47:31.093+0000][1][safepoint    ] Total time for which application threads were stopped: 0.0000673 seconds, Stopping threads took: 0.0000161 seconds
[2019-12-09T08:47:32.093+0000][1][safepoint    ] Application time: 1.0000855 seconds
[2019-12-09T08:47:32.093+0000][1][safepoint    ] Entering safepoint region: Cleanup
[2019-12-09T08:47:32.093+0000][1][safepoint    ] Leaving safepoint region
[2019-12-09T08:47:32.093+0000][1][safepoint    ] Total time for which application threads were stopped: 0.0000664 seconds, Stopping threads took: 0.0000169 seconds
[2019-12-09T08:47:33.093+0000][1][safepoint    ] Application time: 1.0000748 seconds
[2019-12-09T08:47:33.093+0000][1][safepoint    ] Entering safepoint region: Cleanup
[2019-12-09T08:47:33.093+0000][1][safepoint    ] Leaving safepoint region
[2019-12-09T08:47:33.093+0000][1][safepoint    ] Total time for which application threads were stopped: 0.0000675 seconds, Stopping threads took: 0.0000176 seconds
[2019-12-09T08:47:34.093+0000][1][safepoint    ] Application time: 1.0000752 seconds
[2019-12-09T08:47:34.093+0000][1][safepoint    ] Entering safepoint region: Cleanup
[2019-12-09T08:47:34.093+0000][1][safepoint    ] Leaving safepoint region
[2019-12-09T08:47:34.093+0000][1][safepoint    ] Total time for which application threads were stopped: 0.0000683 seconds, Stopping threads took: 0.0000169 seconds
[2019-12-09T08:47:35.093+0000][1][safepoint    ] Application time: 1.0000728 seconds
[2019-12-09T08:47:35.093+0000][1][safepoint    ] Entering safepoint region: Cleanup
[2019-12-09T08:47:35.093+0000][1][safepoint    ] Leaving safepoint region
[2019-12-09T08:47:35.093+0000][1][safepoint    ] Total time for which application threads were stopped: 0.0000938 seconds, Stopping threads took: 0.0000156 seconds
[2019-12-09T08:47:36.093+0000][1][safepoint    ] Application time: 1.0000806 seconds
[2019-12-09T08:47:36.094+0000][1][safepoint    ] Entering safepoint region: Cleanup
[2019-12-09T08:47:36.094+0000][1][safepoint    ] Leaving safepoint region
[2019-12-09T08:47:36.094+0000][1][safepoint    ] Total time for which application threads were stopped: 0.0000900 seconds, Stopping threads took: 0.0000221 seconds
[2019-12-09T08:47:37.094+0000][1][safepoint    ] Application time: 1.0000802 seconds
[2019-12-09T08:47:37.094+0000][1][safepoint    ] Entering safepoint region: Cleanup
[2019-12-09T08:47:37.094+0000][1][safepoint    ] Leaving safepoint region
[2019-12-09T08:47:37.094+0000][1][safepoint    ] Total time for which application threads were stopped: 0.0000678 seconds, Stopping threads took: 0.0000155 seconds
[2019-12-09T08:47:38.094+0000][1][safepoint    ] Application time: 1.0000827 seconds
[2019-12-09T08:47:38.094+0000][1][safepoint    ] Entering safepoint region: Cleanup
[2019-12-09T08:47:38.094+0000][1][safepoint    ] Leaving safepoint region
[2019-12-09T08:47:38.094+0000][1][safepoint    ] Total time for which application threads were stopped: 0.0000699 seconds, Stopping threads took: 0.0000173 seconds
[2019-12-09T08:47:39.094+0000][1][safepoint    ] Application time: 1.0000806 seconds
[2019-12-09T08:47:39.094+0000][1][safepoint    ] Entering safepoint region: Cleanup
[2019-12-09T08:47:39.094+0000][1][safepoint    ] Leaving safepoint region
[2019-12-09T08:47:39.094+0000][1][safepoint    ] Total time for which application threads were stopped: 0.0000670 seconds, Stopping threads took: 0.0000157 seconds
[2019-12-09T08:47:40.094+0000][1][safepoint    ] Application time: 1.0000795 seconds
[2019-12-09T08:47:40.094+0000][1][safepoint    ] Entering safepoint region: Cleanup
[2019-12-09T08:47:40.094+0000][1][safepoint    ] Leaving safepoint region
[2019-12-09T08:47:40.094+0000][1][safepoint    ] Total time for which application threads were stopped: 0.0000672 seconds, Stopping threads took: 0.0000170 seconds
[2019-12-09T08:47:41.094+0000][1][safepoint    ] Application time: 1.0000792 seconds
[2019-12-09T08:47:41.095+0000][1][safepoint    ] Entering safepoint region: Cleanup
[2019-12-09T08:47:41.095+0000][1][safepoint    ] Leaving safepoint region
[2019-12-09T08:47:41.095+0000][1][safepoint    ] Total time for which application threads were stopped: 0.0000667 seconds, Stopping threads took: 0.0000167 seconds
[2019-12-09T08:47:42.095+0000][1][safepoint    ] Application time: 1.0000786 seconds
[2019-12-09T08:47:42.095+0000][1][safepoint    ] Entering safepoint region: Cleanup
[2019-12-09T08:47:42.095+0000][1][safepoint    ] Leaving safepoint region
[2019-12-09T08:47:42.095+0000][1][safepoint    ] Total time for which application threads were stopped: 0.0000644 seconds, Stopping threads took: 0.0000161 seconds
[2019-12-09T08:47:43.095+0000][1][safepoint    ] Application time: 1.0000776 seconds
[2019-12-09T08:47:43.095+0000][1][safepoint    ] Entering safepoint region: Cleanup
[2019-12-09T08:47:43.095+0000][1][safepoint    ] Leaving safepoint region
[2019-12-09T08:47:43.095+0000][1][safepoint    ] Total time for which application threads were stopped: 0.0000659 seconds, Stopping threads took: 0.0000158 seconds
[2019-12-09T08:47:44.095+0000][1][safepoint    ] Application time: 1.0000761 seconds
[2019-12-09T08:47:44.095+0000][1][safepoint    ] Entering safepoint region: Cleanup
[2019-12-09T08:47:44.095+0000][1][safepoint    ] Leaving safepoint region
[2019-12-09T08:47:44.095+0000][1][safepoint    ] Total time for which application threads were stopped: 0.0000648 seconds, Stopping threads took: 0.0000167 seconds
[2019-12-09T08:47:45.095+0000][1][safepoint    ] Application time: 1.0000769 seconds
[2019-12-09T08:47:45.095+0000][1][safepoint    ] Entering safepoint region: Cleanup
[2019-12-09T08:47:45.095+0000][1][safepoint    ] Leaving safepoint region
[2019-12-09T08:47:45.095+0000][1][safepoint    ] Total time for which application threads were stopped: 0.0000924 seconds, Stopping threads took: 0.0000155 seconds
[2019-12-09T08:47:46.095+0000][1][safepoint    ] Application time: 1.0000794 seconds
[2019-12-09T08:47:46.095+0000][1][safepoint    ] Entering safepoint region: Cleanup
[2019-12-09T08:47:46.096+0000][1][safepoint    ] Leaving safepoint region
[2019-12-09T08:47:46.096+0000][1][safepoint    ] Total time for which application threads were stopped: 0.0000675 seconds, Stopping threads took: 0.0000168 seconds
[2019-12-09T08:47:47.096+0000][1][safepoint    ] Application time: 1.0000776 seconds
[2019-12-09T08:47:47.096+0000][1][safepoint    ] Entering safepoint region: Cleanup
[2019-12-09T08:47:47.096+0000][1][safepoint    ] Leaving safepoint region
[2019-12-09T08:47:47.096+0000][1][safepoint    ] Total time for which application threads were stopped: 0.0000775 seconds, Stopping threads took: 0.0000173 seconds
[2019-12-09T08:47:48.096+0000][1][safepoint    ] Application time: 1.0000768 seconds
[2019-12-09T08:47:48.096+0000][1][safepoint    ] Entering safepoint region: Cleanup
[2019-12-09T08:47:48.096+0000][1][safepoint    ] Leaving safepoint region
[2019-12-09T08:47:48.096+0000][1][safepoint    ] Total time for which application threads were stopped: 0.0000620 seconds, Stopping threads took: 0.0000151 seconds
[2019-12-09T08:47:49.096+0000][1][safepoint    ] Application time: 1.0000792 seconds
[2019-12-09T08:47:49.096+0000][1][safepoint    ] Entering safepoint region: Cleanup
[2019-12-09T08:47:49.096+0000][1][safepoint    ] Leaving safepoint region
[2019-12-09T08:47:49.096+0000][1][safepoint    ] Total time for which application threads were stopped: 0.0000636 seconds, Stopping threads took: 0.0000153 seconds
[2019-12-09T08:47:50.096+0000][1][safepoint    ] Application time: 1.0000797 seconds
[2019-12-09T08:47:50.096+0000][1][safepoint    ] Entering safepoint region: Cleanup
[2019-12-09T08:47:50.096+0000][1][safepoint    ] Leaving safepoint region
[2019-12-09T08:47:50.096+0000][1][safepoint    ] Total time for which application threads were stopped: 0.0000620 seconds, Stopping threads took: 0.0000164 seconds
[2019-12-09T08:47:51.096+0000][1][safepoint    ] Application time: 1.0000788 seconds
[2019-12-09T08:47:51.096+0000][1][safepoint    ] Entering safepoint region: Cleanup
[2019-12-09T08:47:51.096+0000][1][safepoint    ] Leaving safepoint region
[2019-12-09T08:47:51.096+0000][1][safepoint    ] Total time for which application threads were stopped: 0.0000722 seconds, Stopping threads took: 0.0000236 seconds
[2019-12-09T08:47:52.097+0000][1][safepoint    ] Application time: 1.0000770 seconds
[2019-12-09T08:47:52.097+0000][1][safepoint    ] Entering safepoint region: Cleanup
[2019-12-09T08:47:52.097+0000][1][safepoint    ] Leaving safepoint region
[2019-12-09T08:47:52.097+0000][1][safepoint    ] Total time for which application threads were stopped: 0.0000631 seconds, Stopping threads took: 0.0000156 seconds
[2019-12-09T08:47:53.097+0000][1][safepoint    ] Application time: 1.0000882 seconds
[2019-12-09T08:47:53.097+0000][1][safepoint    ] Entering safepoint region: Cleanup
[2019-12-09T08:47:53.097+0000][1][safepoint    ] Leaving safepoint region
[2019-12-09T08:47:53.097+0000][1][safepoint    ] Total time for which application threads were stopped: 0.0000683 seconds, Stopping threads took: 0.0000168 seconds
[2019-12-09T08:47:54.097+0000][1][safepoint    ] Application time: 1.0000791 seconds
[2019-12-09T08:47:54.097+0000][1][safepoint    ] Entering safepoint region: Cleanup
[2019-12-09T08:47:54.097+0000][1][safepoint    ] Leaving safepoint region
[2019-12-09T08:47:54.097+0000][1][safepoint    ] Total time for which application threads were stopped: 0.0000686 seconds, Stopping threads took: 0.0000170 seconds
[2019-12-09T08:47:55.097+0000][1][safepoint    ] Application time: 1.0000765 seconds
[2019-12-09T08:47:55.097+0000][1][safepoint    ] Entering safepoint region: Cleanup
[2019-12-09T08:47:55.097+0000][1][safepoint    ] Leaving safepoint region
[2019-12-09T08:47:55.097+0000][1][safepoint    ] Total time for which application threads were stopped: 0.0000641 seconds, Stopping threads took: 0.0000149 seconds
[2019-12-09T08:47:56.097+0000][1][safepoint    ] Application time: 1.0000803 seconds
[2019-12-09T08:47:56.097+0000][1][safepoint    ] Entering safepoint region: Cleanup
[2019-12-09T08:47:56.097+0000][1][safepoint    ] Leaving safepoint region
[2019-12-09T08:47:56.097+0000][1][safepoint    ] Total time for which application threads were stopped: 0.0000701 seconds, Stopping threads took: 0.0000171 seconds
[2019-12-09T08:47:57.097+0000][1][safepoint    ] Application time: 1.0000774 seconds
[2019-12-09T08:47:57.098+0000][1][safepoint    ] Entering safepoint region: Cleanup
[2019-12-09T08:47:57.098+0000][1][safepoint    ] Leaving safepoint region
[2019-12-09T08:47:57.098+0000][1][safepoint    ] Total time for which application threads were stopped: 0.0000802 seconds, Stopping threads took: 0.0000207 seconds
[2019-12-09T08:47:58.098+0000][1][safepoint    ] Application time: 1.0000799 seconds
[2019-12-09T08:47:58.098+0000][1][safepoint    ] Entering safepoint region: Cleanup
[2019-12-09T08:47:58.098+0000][1][safepoint    ] Leaving safepoint region
[2019-12-09T08:47:58.098+0000][1][safepoint    ] Total time for which application threads were stopped: 0.0000656 seconds, Stopping threads took: 0.0000167 seconds
[2019-12-09T08:47:59.098+0000][1][safepoint    ] Application time: 1.0000806 seconds
[2019-12-09T08:47:59.098+0000][1][safepoint    ] Entering safepoint region: Cleanup
[2019-12-09T08:47:59.098+0000][1][safepoint    ] Leaving safepoint region
[2019-12-09T08:47:59.098+0000][1][safepoint    ] Total time for which application threads were stopped: 0.0000662 seconds, Stopping threads took: 0.0000166 seconds
[2019-12-09T08:48:00.098+0000][1][safepoint    ] Application time: 1.0000797 seconds
[2019-12-09T08:48:00.098+0000][1][safepoint    ] Entering safepoint region: Cleanup
[2019-12-09T08:48:00.098+0000][1][safepoint    ] Leaving safepoint region
[2019-12-09T08:48:00.098+0000][1][safepoint    ] Total time for which application threads were stopped: 0.0000693 seconds, Stopping threads took: 0.0000168 seconds
[2019-12-09T08:48:01.022+0000][1][safepoint    ] Application time: 0.9233525 seconds
[2019-12-09T08:48:01.022+0000][1][safepoint    ] Entering safepoint region: GenCollectForAllocation
[2019-12-09T08:48:01.022+0000][1][gc,start     ] GC(76) Pause Young (Allocation Failure)
[2019-12-09T08:48:01.022+0000][1][gc,task      ] GC(76) Using 2 workers of 2 for evacuation
[2019-12-09T08:48:01.023+0000][1][gc,age       ] GC(76) Desired survivor size 4456448 bytes, new threshold 6 (max threshold 6)
[2019-12-09T08:48:01.023+0000][1][gc,age       ] GC(76) Age table with threshold 6 (max threshold 6)
[2019-12-09T08:48:01.023+0000][1][gc,age       ] GC(76) - age   1:       4032 bytes,       4032 total
[2019-12-09T08:48:01.023+0000][1][gc,heap      ] GC(76) ParNew: 69958K->6K(78656K)
[2019-12-09T08:48:01.023+0000][1][gc,heap      ] GC(76) CMS: 69465K->69465K(174784K)
[2019-12-09T08:48:01.023+0000][1][gc,metaspace ] GC(76) Metaspace: 68475K->68475K(1112064K)
[2019-12-09T08:48:01.023+0000][1][gc           ] GC(76) Pause Young (Allocation Failure) 136M->67M(247M) 1.394ms
[2019-12-09T08:48:01.023+0000][1][gc,cpu       ] GC(76) User=0.00s Sys=0.00s Real=0.00s
[2019-12-09T08:48:01.023+0000][1][safepoint    ] Leaving safepoint region
[2019-12-09T08:48:01.023+0000][1][safepoint    ] Total time for which application threads were stopped: 0.0015275 seconds, Stopping threads took: 0.0000160 seconds
[2019-12-09T08:48:02.023+0000][1][safepoint    ] Application time: 1.0001020 seconds
[2019-12-09T08:48:02.023+0000][1][safepoint    ] Entering safepoint region: Cleanup
[2019-12-09T08:48:02.023+0000][1][safepoint    ] Leaving safepoint region
[2019-12-09T08:48:02.023+0000][1][safepoint    ] Total time for which application threads were stopped: 0.0001011 seconds, Stopping threads took: 0.0000258 seconds
[2019-12-09T08:48:03.023+0000][1][safepoint    ] Application time: 1.0000767 seconds
[2019-12-09T08:48:03.023+0000][1][safepoint    ] Entering safepoint region: Cleanup
[2019-12-09T08:48:03.024+0000][1][safepoint    ] Leaving safepoint region
[2019-12-09T08:48:03.024+0000][1][safepoint    ] Total time for which application threads were stopped: 0.0000764 seconds, Stopping threads took: 0.0000236 seconds
[2019-12-09T08:48:04.024+0000][1][safepoint    ] Application time: 1.0000812 seconds
[2019-12-09T08:48:04.024+0000][1][safepoint    ] Entering safepoint region: Cleanup
[2019-12-09T08:48:04.024+0000][1][safepoint    ] Leaving safepoint region
[2019-12-09T08:48:04.024+0000][1][safepoint    ] Total time for which application threads were stopped: 0.0000694 seconds, Stopping threads took: 0.0000177 seconds
[2019-12-09T08:48:05.024+0000][1][safepoint    ] Application time: 1.0000763 seconds
[2019-12-09T08:48:05.024+0000][1][safepoint    ] Entering safepoint region: Cleanup
[2019-12-09T08:48:05.024+0000][1][safepoint    ] Leaving safepoint region
[2019-12-09T08:48:05.024+0000][1][safepoint    ] Total time for which application threads were stopped: 0.0000682 seconds, Stopping threads took: 0.0000168 seconds
[2019-12-09T08:48:06.691+0000][1][safepoint    ] Application time: 1.6667479 seconds
[2019-12-09T08:48:06.691+0000][1][safepoint    ] Entering safepoint region: Cleanup
[2019-12-09T08:48:06.691+0000][1][safepoint    ] Leaving safepoint region
[2019-12-09T08:48:06.691+0000][1][safepoint    ] Total time for which application threads were stopped: 0.0000741 seconds, Stopping threads took: 0.0000216 seconds
[2019-12-09T08:48:07.691+0000][1][safepoint    ] Application time: 1.0000760 seconds
[2019-12-09T08:48:07.691+0000][1][safepoint    ] Entering safepoint region: Cleanup
[2019-12-09T08:48:07.691+0000][1][safepoint    ] Leaving safepoint region
[2019-12-09T08:48:07.691+0000][1][safepoint    ] Total time for which application threads were stopped: 0.0000739 seconds, Stopping threads took: 0.0000241 seconds
[2019-12-09T08:48:08.691+0000][1][safepoint    ] Application time: 1.0000833 seconds
[2019-12-09T08:48:08.691+0000][1][safepoint    ] Entering safepoint region: Cleanup
[2019-12-09T08:48:08.691+0000][1][safepoint    ] Leaving safepoint region
[2019-12-09T08:48:08.691+0000][1][safepoint    ] Total time for which application threads were stopped: 0.0000656 seconds, Stopping threads took: 0.0000170 seconds
[2019-12-09T08:48:09.691+0000][1][safepoint    ] Application time: 1.0000792 seconds
[2019-12-09T08:48:09.691+0000][1][safepoint    ] Entering safepoint region: Cleanup
[2019-12-09T08:48:09.691+0000][1][safepoint    ] Leaving safepoint region
[2019-12-09T08:48:09.691+0000][1][safepoint    ] Total time for which application threads were stopped: 0.0000689 seconds, Stopping threads took: 0.0000176 seconds
[2019-12-09T08:48:10.691+0000][1][safepoint    ] Application time: 1.0000731 seconds
[2019-12-09T08:48:10.692+0000][1][safepoint    ] Entering safepoint region: Cleanup
[2019-12-09T08:48:10.692+0000][1][safepoint    ] Leaving safepoint region
[2019-12-09T08:48:10.692+0000][1][safepoint    ] Total time for which application threads were stopped: 0.0000669 seconds, Stopping threads took: 0.0000176 seconds
[2019-12-09T08:48:11.692+0000][1][safepoint    ] Application time: 1.0000864 seconds
[2019-12-09T08:48:11.692+0000][1][safepoint    ] Entering safepoint region: Cleanup
[2019-12-09T08:48:11.692+0000][1][safepoint    ] Leaving safepoint region
[2019-12-09T08:48:11.692+0000][1][safepoint    ] Total time for which application threads were stopped: 0.0000689 seconds, Stopping threads took: 0.0000182 seconds
[2019-12-09T08:48:12.692+0000][1][safepoint    ] Application time: 1.0000788 seconds
[2019-12-09T08:48:12.692+0000][1][safepoint    ] Entering safepoint region: Cleanup
[2019-12-09T08:48:12.692+0000][1][safepoint    ] Leaving safepoint region
[2019-12-09T08:48:12.692+0000][1][safepoint    ] Total time for which application threads were stopped: 0.0000674 seconds, Stopping threads took: 0.0000169 seconds
[2019-12-09T08:48:13.692+0000][1][safepoint    ] Application time: 1.0000771 seconds
[2019-12-09T08:48:13.692+0000][1][safepoint    ] Entering safepoint region: Cleanup
[2019-12-09T08:48:13.692+0000][1][safepoint    ] Leaving safepoint region
[2019-12-09T08:48:13.692+0000][1][safepoint    ] Total time for which application threads were stopped: 0.0000765 seconds, Stopping threads took: 0.0000258 seconds
[2019-12-09T08:48:14.692+0000][1][safepoint    ] Application time: 1.0000755 seconds
[2019-12-09T08:48:14.692+0000][1][safepoint    ] Entering safepoint region: Cleanup
[2019-12-09T08:48:14.692+0000][1][safepoint    ] Leaving safepoint region
[2019-12-09T08:48:14.692+0000][1][safepoint    ] Total time for which application threads were stopped: 0.0000670 seconds, Stopping threads took: 0.0000167 seconds
[2019-12-09T08:48:15.692+0000][1][safepoint    ] Application time: 1.0000762 seconds
[2019-12-09T08:48:15.693+0000][1][safepoint    ] Entering safepoint region: Cleanup
[2019-12-09T08:48:15.693+0000][1][safepoint    ] Leaving safepoint region
[2019-12-09T08:48:15.693+0000][1][safepoint    ] Total time for which application threads were stopped: 0.0000681 seconds, Stopping threads took: 0.0000169 seconds
[2019-12-09T08:48:16.693+0000][1][safepoint    ] Application time: 1.0000777 seconds
[2019-12-09T08:48:16.693+0000][1][safepoint    ] Entering safepoint region: Cleanup
[2019-12-09T08:48:16.693+0000][1][safepoint    ] Leaving safepoint region
[2019-12-09T08:48:16.693+0000][1][safepoint    ] Total time for which application threads were stopped: 0.0000667 seconds, Stopping threads took: 0.0000173 seconds
[2019-12-09T08:48:17.693+0000][1][safepoint    ] Application time: 1.0000781 seconds
[2019-12-09T08:48:17.693+0000][1][safepoint    ] Entering safepoint region: Cleanup
[2019-12-09T08:48:17.693+0000][1][safepoint    ] Leaving safepoint region
[2019-12-09T08:48:17.693+0000][1][safepoint    ] Total time for which application threads were stopped: 0.0000669 seconds, Stopping threads took: 0.0000163 seconds
[2019-12-09T08:48:18.693+0000][1][safepoint    ] Application time: 1.0000743 seconds
[2019-12-09T08:48:18.693+0000][1][safepoint    ] Entering safepoint region: Cleanup
[2019-12-09T08:48:18.693+0000][1][safepoint    ] Leaving safepoint region
[2019-12-09T08:48:18.693+0000][1][safepoint    ] Total time for which application threads were stopped: 0.0000681 seconds, Stopping threads took: 0.0000177 seconds
[2019-12-09T08:48:19.693+0000][1][safepoint    ] Application time: 1.0000767 seconds
[2019-12-09T08:48:19.693+0000][1][safepoint    ] Entering safepoint region: Cleanup
[2019-12-09T08:48:19.693+0000][1][safepoint    ] Leaving safepoint region
[2019-12-09T08:48:19.693+0000][1][safepoint    ] Total time for which application threads were stopped: 0.0000720 seconds, Stopping threads took: 0.0000192 seconds
[2019-12-09T08:48:20.693+0000][1][safepoint    ] Application time: 1.0000741 seconds
[2019-12-09T08:48:20.693+0000][1][safepoint    ] Entering safepoint region: Cleanup
[2019-12-09T08:48:20.694+0000][1][safepoint    ] Leaving safepoint region
[2019-12-09T08:48:20.694+0000][1][safepoint    ] Total time for which application threads were stopped: 0.0000677 seconds, Stopping threads took: 0.0000182 seconds
[2019-12-09T08:48:21.694+0000][1][safepoint    ] Application time: 1.0000766 seconds
[2019-12-09T08:48:21.694+0000][1][safepoint    ] Entering safepoint region: Cleanup
[2019-12-09T08:48:21.694+0000][1][safepoint    ] Leaving safepoint region
[2019-12-09T08:48:21.694+0000][1][safepoint    ] Total time for which application threads were stopped: 0.0000814 seconds, Stopping threads took: 0.0000313 seconds
[2019-12-09T08:48:22.694+0000][1][safepoint    ] Application time: 1.0000772 seconds
[2019-12-09T08:48:22.694+0000][1][safepoint    ] Entering safepoint region: Cleanup
[2019-12-09T08:48:22.694+0000][1][safepoint    ] Leaving safepoint region
[2019-12-09T08:48:22.694+0000][1][safepoint    ] Total time for which application threads were stopped: 0.0000656 seconds, Stopping threads took: 0.0000165 seconds
[2019-12-09T08:48:23.694+0000][1][safepoint    ] Application time: 1.0000759 seconds
[2019-12-09T08:48:23.694+0000][1][safepoint    ] Entering safepoint region: Cleanup
[2019-12-09T08:48:23.694+0000][1][safepoint    ] Leaving safepoint region
[2019-12-09T08:48:23.694+0000][1][safepoint    ] Total time for which application threads were stopped: 0.0000765 seconds, Stopping threads took: 0.0000264 seconds
[2019-12-09T08:48:24.694+0000][1][safepoint    ] Application time: 1.0000768 seconds
[2019-12-09T08:48:24.694+0000][1][safepoint    ] Entering safepoint region: Cleanup
[2019-12-09T08:48:24.694+0000][1][safepoint    ] Leaving safepoint region
[2019-12-09T08:48:24.694+0000][1][safepoint    ] Total time for which application threads were stopped: 0.0000660 seconds, Stopping threads took: 0.0000159 seconds
[2019-12-09T08:48:25.694+0000][1][safepoint    ] Application time: 1.0000743 seconds
[2019-12-09T08:48:25.694+0000][1][safepoint    ] Entering safepoint region: Cleanup
[2019-12-09T08:48:25.695+0000][1][safepoint    ] Leaving safepoint region
[2019-12-09T08:48:25.695+0000][1][safepoint    ] Total time for which application threads were stopped: 0.0000669 seconds, Stopping threads took: 0.0000166 seconds
[2019-12-09T08:48:26.695+0000][1][safepoint    ] Application time: 1.0000775 seconds
[2019-12-09T08:48:26.695+0000][1][safepoint    ] Entering safepoint region: Cleanup
[2019-12-09T08:48:26.695+0000][1][safepoint    ] Leaving safepoint region
[2019-12-09T08:48:26.695+0000][1][safepoint    ] Total time for which application threads were stopped: 0.0000895 seconds, Stopping threads took: 0.0000264 seconds
[2019-12-09T08:48:27.695+0000][1][safepoint    ] Application time: 1.0000776 seconds
[2019-12-09T08:48:27.695+0000][1][safepoint    ] Entering safepoint region: Cleanup
[2019-12-09T08:48:27.695+0000][1][safepoint    ] Leaving safepoint region
[2019-12-09T08:48:27.695+0000][1][safepoint    ] Total time for which application threads were stopped: 0.0000686 seconds, Stopping threads took: 0.0000174 seconds
[2019-12-09T08:48:28.695+0000][1][safepoint    ] Application time: 1.0000743 seconds
[2019-12-09T08:48:28.695+0000][1][safepoint    ] Entering safepoint region: Cleanup
[2019-12-09T08:48:28.695+0000][1][safepoint    ] Leaving safepoint region
[2019-12-09T08:48:28.695+0000][1][safepoint    ] Total time for which application threads were stopped: 0.0000645 seconds, Stopping threads took: 0.0000159 seconds
[2019-12-09T08:48:29.695+0000][1][safepoint    ] Application time: 1.0000754 seconds
[2019-12-09T08:48:29.695+0000][1][safepoint    ] Entering safepoint region: Cleanup
[2019-12-09T08:48:29.695+0000][1][safepoint    ] Leaving safepoint region
[2019-12-09T08:48:29.695+0000][1][safepoint    ] Total time for which application threads were stopped: 0.0000655 seconds, Stopping threads took: 0.0000161 seconds
[2019-12-09T08:48:30.695+0000][1][safepoint    ] Application time: 1.0000796 seconds
[2019-12-09T08:48:30.695+0000][1][safepoint    ] Entering safepoint region: Cleanup
[2019-12-09T08:48:30.695+0000][1][safepoint    ] Leaving safepoint region
[2019-12-09T08:48:30.695+0000][1][safepoint    ] Total time for which application threads were stopped: 0.0000671 seconds, Stopping threads took: 0.0000163 seconds
[2019-12-09T08:48:31.696+0000][1][safepoint    ] Application time: 1.0000775 seconds
[2019-12-09T08:48:31.696+0000][1][safepoint    ] Entering safepoint region: Cleanup
[2019-12-09T08:48:31.696+0000][1][safepoint    ] Leaving safepoint region
[2019-12-09T08:48:31.696+0000][1][safepoint    ] Total time for which application threads were stopped: 0.0000681 seconds, Stopping threads took: 0.0000164 seconds
[2019-12-09T08:48:32.696+0000][1][safepoint    ] Application time: 1.0000870 seconds
[2019-12-09T08:48:32.696+0000][1][safepoint    ] Entering safepoint region: Cleanup
[2019-12-09T08:48:32.696+0000][1][safepoint    ] Leaving safepoint region
[2019-12-09T08:48:32.696+0000][1][safepoint    ] Total time for which application threads were stopped: 0.0000675 seconds, Stopping threads took: 0.0000171 seconds
[2019-12-09T08:48:33.696+0000][1][safepoint    ] Application time: 1.0000750 seconds
[2019-12-09T08:48:33.696+0000][1][safepoint    ] Entering safepoint region: Cleanup
[2019-12-09T08:48:33.696+0000][1][safepoint    ] Leaving safepoint region
[2019-12-09T08:48:33.696+0000][1][safepoint    ] Total time for which application threads were stopped: 0.0000751 seconds, Stopping threads took: 0.0000171 seconds
[2019-12-09T08:48:34.696+0000][1][safepoint    ] Application time: 1.0000746 seconds
[2019-12-09T08:48:34.696+0000][1][safepoint    ] Entering safepoint region: Cleanup
[2019-12-09T08:48:34.696+0000][1][safepoint    ] Leaving safepoint region
[2019-12-09T08:48:34.696+0000][1][safepoint    ] Total time for which application threads were stopped: 0.0000874 seconds, Stopping threads took: 0.0000173 seconds
[2019-12-09T08:48:35.696+0000][1][safepoint    ] Application time: 1.0000734 seconds
[2019-12-09T08:48:35.696+0000][1][safepoint    ] Entering safepoint region: Cleanup
[2019-12-09T08:48:35.696+0000][1][safepoint    ] Leaving safepoint region
[2019-12-09T08:48:35.696+0000][1][safepoint    ] Total time for which application threads were stopped: 0.0000672 seconds, Stopping threads took: 0.0000171 seconds
[2019-12-09T08:48:36.697+0000][1][safepoint    ] Application time: 1.0000774 seconds
[2019-12-09T08:48:36.697+0000][1][safepoint    ] Entering safepoint region: Cleanup
[2019-12-09T08:48:36.697+0000][1][safepoint    ] Leaving safepoint region
[2019-12-09T08:48:36.697+0000][1][safepoint    ] Total time for which application threads were stopped: 0.0000676 seconds, Stopping threads took: 0.0000167 seconds
[2019-12-09T08:48:37.697+0000][1][safepoint    ] Application time: 1.0000769 seconds
[2019-12-09T08:48:37.697+0000][1][safepoint    ] Entering safepoint region: Cleanup
[2019-12-09T08:48:37.697+0000][1][safepoint    ] Leaving safepoint region
[2019-12-09T08:48:37.697+0000][1][safepoint    ] Total time for which application threads were stopped: 0.0000654 seconds, Stopping threads took: 0.0000165 seconds
[2019-12-09T08:48:38.697+0000][1][safepoint    ] Application time: 1.0000748 seconds
[2019-12-09T08:48:38.697+0000][1][safepoint    ] Entering safepoint region: Cleanup
[2019-12-09T08:48:38.697+0000][1][safepoint    ] Leaving safepoint region
[2019-12-09T08:48:38.697+0000][1][safepoint    ] Total time for which application threads were stopped: 0.0000652 seconds, Stopping threads took: 0.0000154 seconds
[2019-12-09T08:48:39.697+0000][1][safepoint    ] Application time: 1.0000750 seconds
[2019-12-09T08:48:39.697+0000][1][safepoint    ] Entering safepoint region: Cleanup
[2019-12-09T08:48:39.697+0000][1][safepoint    ] Leaving safepoint region
[2019-12-09T08:48:39.697+0000][1][safepoint    ] Total time for which application threads were stopped: 0.0000678 seconds, Stopping threads took: 0.0000167 seconds
[2019-12-09T08:48:40.697+0000][1][safepoint    ] Application time: 1.0000760 seconds
[2019-12-09T08:48:40.697+0000][1][safepoint    ] Entering safepoint region: Cleanup
[2019-12-09T08:48:40.697+0000][1][safepoint    ] Leaving safepoint region
[2019-12-09T08:48:40.697+0000][1][safepoint    ] Total time for which application threads were stopped: 0.0000654 seconds, Stopping threads took: 0.0000170 seconds
[2019-12-09T08:48:41.697+0000][1][safepoint    ] Application time: 1.0000765 seconds
[2019-12-09T08:48:41.698+0000][1][safepoint    ] Entering safepoint region: Cleanup
[2019-12-09T08:48:41.698+0000][1][safepoint    ] Leaving safepoint region
[2019-12-09T08:48:41.698+0000][1][safepoint    ] Total time for which application threads were stopped: 0.0000682 seconds, Stopping threads took: 0.0000170 seconds
[2019-12-09T08:48:42.698+0000][1][safepoint    ] Application time: 1.0000866 seconds
[2019-12-09T08:48:42.698+0000][1][safepoint    ] Entering safepoint region: Cleanup
[2019-12-09T08:48:42.698+0000][1][safepoint    ] Leaving safepoint region
[2019-12-09T08:48:42.698+0000][1][safepoint    ] Total time for which application threads were stopped: 0.0000662 seconds, Stopping threads took: 0.0000157 seconds
[2019-12-09T08:48:43.698+0000][1][safepoint    ] Application time: 1.0000742 seconds
[2019-12-09T08:48:43.698+0000][1][safepoint    ] Entering safepoint region: Cleanup
[2019-12-09T08:48:43.698+0000][1][safepoint    ] Leaving safepoint region
[2019-12-09T08:48:43.698+0000][1][safepoint    ] Total time for which application threads were stopped: 0.0000756 seconds, Stopping threads took: 0.0000168 seconds
[2019-12-09T08:48:44.698+0000][1][safepoint    ] Application time: 1.0000760 seconds
[2019-12-09T08:48:44.698+0000][1][safepoint    ] Entering safepoint region: Cleanup
[2019-12-09T08:48:44.698+0000][1][safepoint    ] Leaving safepoint region
[2019-12-09T08:48:44.698+0000][1][safepoint    ] Total time for which application threads were stopped: 0.0000824 seconds, Stopping threads took: 0.0000167 seconds
[2019-12-09T08:48:45.698+0000][1][safepoint    ] Application time: 1.0000757 seconds
[2019-12-09T08:48:45.698+0000][1][safepoint    ] Entering safepoint region: Cleanup
[2019-12-09T08:48:45.698+0000][1][safepoint    ] Leaving safepoint region
[2019-12-09T08:48:45.698+0000][1][safepoint    ] Total time for which application threads were stopped: 0.0000669 seconds, Stopping threads took: 0.0000163 seconds
[2019-12-09T08:48:46.698+0000][1][safepoint    ] Application time: 1.0000757 seconds
[2019-12-09T08:48:46.699+0000][1][safepoint    ] Entering safepoint region: Cleanup
[2019-12-09T08:48:46.699+0000][1][safepoint    ] Leaving safepoint region
[2019-12-09T08:48:46.699+0000][1][safepoint    ] Total time for which application threads were stopped: 0.0000676 seconds, Stopping threads took: 0.0000167 seconds
[2019-12-09T08:48:47.699+0000][1][safepoint    ] Application time: 1.0000738 seconds
[2019-12-09T08:48:47.699+0000][1][safepoint    ] Entering safepoint region: Cleanup
[2019-12-09T08:48:47.699+0000][1][safepoint    ] Leaving safepoint region
[2019-12-09T08:48:47.699+0000][1][safepoint    ] Total time for which application threads were stopped: 0.0000682 seconds, Stopping threads took: 0.0000172 seconds
[2019-12-09T08:48:48.699+0000][1][safepoint    ] Application time: 1.0000748 seconds
[2019-12-09T08:48:48.699+0000][1][safepoint    ] Entering safepoint region: Cleanup
[2019-12-09T08:48:48.699+0000][1][safepoint    ] Leaving safepoint region
[2019-12-09T08:48:48.699+0000][1][safepoint    ] Total time for which application threads were stopped: 0.0000640 seconds, Stopping threads took: 0.0000148 seconds
[2019-12-09T08:48:49.699+0000][1][safepoint    ] Application time: 1.0000755 seconds
[2019-12-09T08:48:49.699+0000][1][safepoint    ] Entering safepoint region: Cleanup
[2019-12-09T08:48:49.699+0000][1][safepoint    ] Leaving safepoint region
[2019-12-09T08:48:49.699+0000][1][safepoint    ] Total time for which application threads were stopped: 0.0000688 seconds, Stopping threads took: 0.0000166 seconds
[2019-12-09T08:48:50.699+0000][1][safepoint    ] Application time: 1.0000747 seconds
[2019-12-09T08:48:50.699+0000][1][safepoint    ] Entering safepoint region: Cleanup
[2019-12-09T08:48:50.699+0000][1][safepoint    ] Leaving safepoint region
[2019-12-09T08:48:50.699+0000][1][safepoint    ] Total time for which application threads were stopped: 0.0000662 seconds, Stopping threads took: 0.0000160 seconds
[2019-12-09T08:48:51.699+0000][1][safepoint    ] Application time: 1.0000781 seconds
[2019-12-09T08:48:51.699+0000][1][safepoint    ] Entering safepoint region: Cleanup
[2019-12-09T08:48:51.700+0000][1][safepoint    ] Leaving safepoint region
[2019-12-09T08:48:51.700+0000][1][safepoint    ] Total time for which application threads were stopped: 0.0000677 seconds, Stopping threads took: 0.0000165 seconds
[2019-12-09T08:48:52.700+0000][1][safepoint    ] Application time: 1.0000778 seconds
[2019-12-09T08:48:52.700+0000][1][safepoint    ] Entering safepoint region: Cleanup
[2019-12-09T08:48:52.700+0000][1][safepoint    ] Leaving safepoint region
[2019-12-09T08:48:52.700+0000][1][safepoint    ] Total time for which application threads were stopped: 0.0000789 seconds, Stopping threads took: 0.0000172 seconds
[2019-12-09T08:48:53.700+0000][1][safepoint    ] Application time: 1.0000770 seconds
[2019-12-09T08:48:53.700+0000][1][safepoint    ] Entering safepoint region: Cleanup
[2019-12-09T08:48:53.700+0000][1][safepoint    ] Leaving safepoint region
[2019-12-09T08:48:53.700+0000][1][safepoint    ] Total time for which application threads were stopped: 0.0000670 seconds, Stopping threads took: 0.0000167 seconds
[2019-12-09T08:48:54.700+0000][1][safepoint    ] Application time: 1.0000776 seconds
[2019-12-09T08:48:54.700+0000][1][safepoint    ] Entering safepoint region: Cleanup
[2019-12-09T08:48:54.700+0000][1][safepoint    ] Leaving safepoint region
[2019-12-09T08:48:54.700+0000][1][safepoint    ] Total time for which application threads were stopped: 0.0000678 seconds, Stopping threads took: 0.0000172 seconds
[2019-12-09T08:48:55.700+0000][1][safepoint    ] Application time: 1.0000765 seconds
[2019-12-09T08:48:55.700+0000][1][safepoint    ] Entering safepoint region: Cleanup
[2019-12-09T08:48:55.700+0000][1][safepoint    ] Leaving safepoint region
[2019-12-09T08:48:55.700+0000][1][safepoint    ] Total time for which application threads were stopped: 0.0000665 seconds, Stopping threads took: 0.0000169 seconds
[2019-12-09T08:48:56.700+0000][1][safepoint    ] Application time: 1.0000786 seconds
[2019-12-09T08:48:56.700+0000][1][safepoint    ] Entering safepoint region: Cleanup
[2019-12-09T08:48:56.700+0000][1][safepoint    ] Leaving safepoint region
[2019-12-09T08:48:56.701+0000][1][safepoint    ] Total time for which application threads were stopped: 0.0000742 seconds, Stopping threads took: 0.0000249 seconds
[2019-12-09T08:48:57.701+0000][1][safepoint    ] Application time: 1.0000806 seconds
[2019-12-09T08:48:57.701+0000][1][safepoint    ] Entering safepoint region: Cleanup
[2019-12-09T08:48:57.701+0000][1][safepoint    ] Leaving safepoint region
[2019-12-09T08:48:57.701+0000][1][safepoint    ] Total time for which application threads were stopped: 0.0000791 seconds, Stopping threads took: 0.0000168 seconds
[2019-12-09T08:48:58.701+0000][1][safepoint    ] Application time: 1.0000746 seconds
[2019-12-09T08:48:58.701+0000][1][safepoint    ] Entering safepoint region: Cleanup
[2019-12-09T08:48:58.701+0000][1][safepoint    ] Leaving safepoint region
[2019-12-09T08:48:58.701+0000][1][safepoint    ] Total time for which application threads were stopped: 0.0000720 seconds, Stopping threads took: 0.0000153 seconds
[2019-12-09T08:48:59.701+0000][1][safepoint    ] Application time: 1.0000765 seconds
[2019-12-09T08:48:59.701+0000][1][safepoint    ] Entering safepoint region: Cleanup
[2019-12-09T08:48:59.701+0000][1][safepoint    ] Leaving safepoint region
[2019-12-09T08:48:59.701+0000][1][safepoint    ] Total time for which application threads were stopped: 0.0000655 seconds, Stopping threads took: 0.0000172 seconds
[2019-12-09T08:49:00.701+0000][1][safepoint    ] Application time: 1.0000737 seconds
[2019-12-09T08:49:00.701+0000][1][safepoint    ] Entering safepoint region: Cleanup
[2019-12-09T08:49:00.701+0000][1][safepoint    ] Leaving safepoint region
[2019-12-09T08:49:00.701+0000][1][safepoint    ] Total time for which application threads were stopped: 0.0000687 seconds, Stopping threads took: 0.0000173 seconds
[2019-12-09T08:49:01.701+0000][1][safepoint    ] Application time: 1.0000805 seconds
[2019-12-09T08:49:01.701+0000][1][safepoint    ] Entering safepoint region: Cleanup
[2019-12-09T08:49:01.701+0000][1][safepoint    ] Leaving safepoint region
[2019-12-09T08:49:01.701+0000][1][safepoint    ] Total time for which application threads were stopped: 0.0000682 seconds, Stopping threads took: 0.0000169 seconds
[2019-12-09T08:49:02.702+0000][1][safepoint    ] Application time: 1.0000771 seconds
[2019-12-09T08:49:02.702+0000][1][safepoint    ] Entering safepoint region: Cleanup
[2019-12-09T08:49:02.702+0000][1][safepoint    ] Leaving safepoint region
[2019-12-09T08:49:02.702+0000][1][safepoint    ] Total time for which application threads were stopped: 0.0000663 seconds, Stopping threads took: 0.0000165 seconds
[2019-12-09T08:49:03.702+0000][1][safepoint    ] Application time: 1.0000925 seconds
[2019-12-09T08:49:03.702+0000][1][safepoint    ] Entering safepoint region: Cleanup
[2019-12-09T08:49:03.702+0000][1][safepoint    ] Leaving safepoint region
[2019-12-09T08:49:03.702+0000][1][safepoint    ] Total time for which application threads were stopped: 0.0000917 seconds, Stopping threads took: 0.0000228 seconds
[2019-12-09T08:49:04.702+0000][1][safepoint    ] Application time: 1.0000788 seconds
[2019-12-09T08:49:04.702+0000][1][safepoint    ] Entering safepoint region: Cleanup
[2019-12-09T08:49:04.702+0000][1][safepoint    ] Leaving safepoint region
[2019-12-09T08:49:04.702+0000][1][safepoint    ] Total time for which application threads were stopped: 0.0000690 seconds, Stopping threads took: 0.0000168 seconds
[2019-12-09T08:49:05.702+0000][1][safepoint    ] Application time: 1.0000768 seconds
[2019-12-09T08:49:05.702+0000][1][safepoint    ] Entering safepoint region: Cleanup
[2019-12-09T08:49:05.702+0000][1][safepoint    ] Leaving safepoint region
[2019-12-09T08:49:05.702+0000][1][safepoint    ] Total time for which application threads were stopped: 0.0000685 seconds, Stopping threads took: 0.0000173 seconds
[2019-12-09T08:49:06.702+0000][1][safepoint    ] Application time: 1.0000768 seconds
[2019-12-09T08:49:06.702+0000][1][safepoint    ] Entering safepoint region: Cleanup
[2019-12-09T08:49:06.702+0000][1][safepoint    ] Leaving safepoint region
[2019-12-09T08:49:06.702+0000][1][safepoint    ] Total time for which application threads were stopped: 0.0000670 seconds, Stopping threads took: 0.0000177 seconds
[2019-12-09T08:49:07.703+0000][1][safepoint    ] Application time: 1.0000755 seconds
[2019-12-09T08:49:07.703+0000][1][safepoint    ] Entering safepoint region: Cleanup
[2019-12-09T08:49:07.703+0000][1][safepoint    ] Leaving safepoint region
[2019-12-09T08:49:07.703+0000][1][safepoint    ] Total time for which application threads were stopped: 0.0000772 seconds, Stopping threads took: 0.0000158 seconds
[2019-12-09T08:49:08.703+0000][1][safepoint    ] Application time: 1.0000743 seconds
[2019-12-09T08:49:08.703+0000][1][safepoint    ] Entering safepoint region: Cleanup
[2019-12-09T08:49:08.703+0000][1][safepoint    ] Leaving safepoint region
[2019-12-09T08:49:08.703+0000][1][safepoint    ] Total time for which application threads were stopped: 0.0000611 seconds, Stopping threads took: 0.0000130 seconds
[2019-12-09T08:49:09.703+0000][1][safepoint    ] Application time: 1.0000774 seconds
[2019-12-09T08:49:09.703+0000][1][safepoint    ] Entering safepoint region: Cleanup
[2019-12-09T08:49:09.703+0000][1][safepoint    ] Leaving safepoint region
[2019-12-09T08:49:09.703+0000][1][safepoint    ] Total time for which application threads were stopped: 0.0000698 seconds, Stopping threads took: 0.0000177 seconds
[2019-12-09T08:49:10.703+0000][1][safepoint    ] Application time: 1.0000765 seconds
[2019-12-09T08:49:10.703+0000][1][safepoint    ] Entering safepoint region: Cleanup
[2019-12-09T08:49:10.703+0000][1][safepoint    ] Leaving safepoint region
[2019-12-09T08:49:10.703+0000][1][safepoint    ] Total time for which application threads were stopped: 0.0000690 seconds, Stopping threads took: 0.0000174 seconds
[2019-12-09T08:49:11.703+0000][1][safepoint    ] Application time: 1.0000771 seconds
[2019-12-09T08:49:11.703+0000][1][safepoint    ] Entering safepoint region: Cleanup
[2019-12-09T08:49:11.703+0000][1][safepoint    ] Leaving safepoint region
[2019-12-09T08:49:11.703+0000][1][safepoint    ] Total time for which application threads were stopped: 0.0000654 seconds, Stopping threads took: 0.0000160 seconds
[2019-12-09T08:49:12.704+0000][1][safepoint    ] Application time: 1.0000772 seconds
[2019-12-09T08:49:12.704+0000][1][safepoint    ] Entering safepoint region: Cleanup
[2019-12-09T08:49:12.704+0000][1][safepoint    ] Leaving safepoint region
[2019-12-09T08:49:12.704+0000][1][safepoint    ] Total time for which application threads were stopped: 0.0000675 seconds, Stopping threads took: 0.0000168 seconds
[2019-12-09T08:49:13.704+0000][1][safepoint    ] Application time: 1.0000756 seconds
[2019-12-09T08:49:13.704+0000][1][safepoint    ] Entering safepoint region: Cleanup
[2019-12-09T08:49:13.704+0000][1][safepoint    ] Leaving safepoint region
[2019-12-09T08:49:13.704+0000][1][safepoint    ] Total time for which application threads were stopped: 0.0000702 seconds, Stopping threads took: 0.0000179 seconds
[2019-12-09T08:49:14.704+0000][1][safepoint    ] Application time: 1.0000750 seconds
[2019-12-09T08:49:14.704+0000][1][safepoint    ] Entering safepoint region: Cleanup
[2019-12-09T08:49:14.704+0000][1][safepoint    ] Leaving safepoint region
[2019-12-09T08:49:14.704+0000][1][safepoint    ] Total time for which application threads were stopped: 0.0000694 seconds, Stopping threads took: 0.0000176 seconds
[2019-12-09T08:49:15.704+0000][1][safepoint    ] Application time: 1.0000764 seconds
[2019-12-09T08:49:15.704+0000][1][safepoint    ] Entering safepoint region: Cleanup
[2019-12-09T08:49:15.704+0000][1][safepoint    ] Leaving safepoint region
[2019-12-09T08:49:15.704+0000][1][safepoint    ] Total time for which application threads were stopped: 0.0000660 seconds, Stopping threads took: 0.0000169 seconds
[2019-12-09T08:49:16.704+0000][1][safepoint    ] Application time: 1.0000830 seconds
[2019-12-09T08:49:16.704+0000][1][safepoint    ] Entering safepoint region: Cleanup
[2019-12-09T08:49:16.704+0000][1][safepoint    ] Leaving safepoint region
[2019-12-09T08:49:16.704+0000][1][safepoint    ] Total time for which application threads were stopped: 0.0000696 seconds, Stopping threads took: 0.0000174 seconds
[2019-12-09T08:49:17.705+0000][1][safepoint    ] Application time: 1.0000757 seconds
[2019-12-09T08:49:17.705+0000][1][safepoint    ] Entering safepoint region: Cleanup
[2019-12-09T08:49:17.705+0000][1][safepoint    ] Leaving safepoint region
[2019-12-09T08:49:17.705+0000][1][safepoint    ] Total time for which application threads were stopped: 0.0000678 seconds, Stopping threads took: 0.0000171 seconds
[2019-12-09T08:49:18.705+0000][1][safepoint    ] Application time: 1.0000754 seconds
[2019-12-09T08:49:18.705+0000][1][safepoint    ] Entering safepoint region: Cleanup
[2019-12-09T08:49:18.705+0000][1][safepoint    ] Leaving safepoint region
[2019-12-09T08:49:18.705+0000][1][safepoint    ] Total time for which application threads were stopped: 0.0000636 seconds, Stopping threads took: 0.0000156 seconds
[2019-12-09T08:49:19.705+0000][1][safepoint    ] Application time: 1.0000746 seconds
[2019-12-09T08:49:19.705+0000][1][safepoint    ] Entering safepoint region: Cleanup
[2019-12-09T08:49:19.705+0000][1][safepoint    ] Leaving safepoint region
[2019-12-09T08:49:19.705+0000][1][safepoint    ] Total time for which application threads were stopped: 0.0000673 seconds, Stopping threads took: 0.0000165 seconds
[2019-12-09T08:49:20.705+0000][1][safepoint    ] Application time: 1.0000747 seconds
[2019-12-09T08:49:20.705+0000][1][safepoint    ] Entering safepoint region: Cleanup
[2019-12-09T08:49:20.705+0000][1][safepoint    ] Leaving safepoint region
[2019-12-09T08:49:20.705+0000][1][safepoint    ] Total time for which application threads were stopped: 0.0000650 seconds, Stopping threads took: 0.0000162 seconds
[2019-12-09T08:49:21.705+0000][1][safepoint    ] Application time: 1.0000775 seconds
[2019-12-09T08:49:21.705+0000][1][safepoint    ] Entering safepoint region: Cleanup
[2019-12-09T08:49:21.705+0000][1][safepoint    ] Leaving safepoint region
[2019-12-09T08:49:21.705+0000][1][safepoint    ] Total time for which application threads were stopped: 0.0000684 seconds, Stopping threads took: 0.0000163 seconds
[2019-12-09T08:49:22.945+0000][1][safepoint    ] Application time: 1.2397258 seconds
[2019-12-09T08:49:22.945+0000][1][safepoint    ] Entering safepoint region: Cleanup
[2019-12-09T08:49:22.945+0000][1][safepoint    ] Leaving safepoint region
[2019-12-09T08:49:22.945+0000][1][safepoint    ] Total time for which application threads were stopped: 0.0000719 seconds, Stopping threads took: 0.0000181 seconds
[2019-12-09T08:49:23.945+0000][1][safepoint    ] Application time: 1.0000733 seconds
[2019-12-09T08:49:23.945+0000][1][safepoint    ] Entering safepoint region: Cleanup
[2019-12-09T08:49:23.945+0000][1][safepoint    ] Leaving safepoint region
[2019-12-09T08:49:23.945+0000][1][safepoint    ] Total time for which application threads were stopped: 0.0000689 seconds, Stopping threads took: 0.0000185 seconds
[2019-12-09T08:49:24.945+0000][1][safepoint    ] Application time: 1.0000790 seconds
[2019-12-09T08:49:24.946+0000][1][safepoint    ] Entering safepoint region: Cleanup
[2019-12-09T08:49:24.946+0000][1][safepoint    ] Leaving safepoint region
[2019-12-09T08:49:24.946+0000][1][safepoint    ] Total time for which application threads were stopped: 0.0000671 seconds, Stopping threads took: 0.0000166 seconds
[2019-12-09T08:49:25.946+0000][1][safepoint    ] Application time: 1.0000853 seconds
[2019-12-09T08:49:25.946+0000][1][safepoint    ] Entering safepoint region: Cleanup
[2019-12-09T08:49:25.946+0000][1][safepoint    ] Leaving safepoint region
[2019-12-09T08:49:25.946+0000][1][safepoint    ] Total time for which application threads were stopped: 0.0000660 seconds, Stopping threads took: 0.0000175 seconds
[2019-12-09T08:49:26.946+0000][1][safepoint    ] Application time: 1.0000734 seconds
[2019-12-09T08:49:26.946+0000][1][safepoint    ] Entering safepoint region: Cleanup
[2019-12-09T08:49:26.946+0000][1][safepoint    ] Leaving safepoint region
[2019-12-09T08:49:26.946+0000][1][safepoint    ] Total time for which application threads were stopped: 0.0000692 seconds, Stopping threads took: 0.0000215 seconds
[2019-12-09T08:49:27.946+0000][1][safepoint    ] Application time: 1.0000752 seconds
[2019-12-09T08:49:27.946+0000][1][safepoint    ] Entering safepoint region: Cleanup
[2019-12-09T08:49:27.946+0000][1][safepoint    ] Leaving safepoint region
[2019-12-09T08:49:27.946+0000][1][safepoint    ] Total time for which application threads were stopped: 0.0000655 seconds, Stopping threads took: 0.0000168 seconds
[2019-12-09T08:49:28.946+0000][1][safepoint    ] Application time: 1.0000750 seconds
[2019-12-09T08:49:28.946+0000][1][safepoint    ] Entering safepoint region: Cleanup
[2019-12-09T08:49:28.946+0000][1][safepoint    ] Leaving safepoint region
[2019-12-09T08:49:28.946+0000][1][safepoint    ] Total time for which application threads were stopped: 0.0000679 seconds, Stopping threads took: 0.0000172 seconds
[2019-12-09T08:49:29.946+0000][1][safepoint    ] Application time: 1.0000786 seconds
[2019-12-09T08:49:29.946+0000][1][safepoint    ] Entering safepoint region: Cleanup
[2019-12-09T08:49:29.947+0000][1][safepoint    ] Leaving safepoint region
[2019-12-09T08:49:29.947+0000][1][safepoint    ] Total time for which application threads were stopped: 0.0000669 seconds, Stopping threads took: 0.0000178 seconds
[2019-12-09T08:49:30.947+0000][1][safepoint    ] Application time: 1.0000776 seconds
[2019-12-09T08:49:30.947+0000][1][safepoint    ] Entering safepoint region: Cleanup
[2019-12-09T08:49:30.947+0000][1][safepoint    ] Leaving safepoint region
[2019-12-09T08:49:30.947+0000][1][safepoint    ] Total time for which application threads were stopped: 0.0000780 seconds, Stopping threads took: 0.0000267 seconds
[2019-12-09T08:49:31.947+0000][1][safepoint    ] Application time: 1.0000757 seconds
[2019-12-09T08:49:31.947+0000][1][safepoint    ] Entering safepoint region: Cleanup
[2019-12-09T08:49:31.947+0000][1][safepoint    ] Leaving safepoint region
[2019-12-09T08:49:31.947+0000][1][safepoint    ] Total time for which application threads were stopped: 0.0000681 seconds, Stopping threads took: 0.0000174 seconds
[2019-12-09T08:49:32.947+0000][1][safepoint    ] Application time: 1.0000801 seconds
[2019-12-09T08:49:32.947+0000][1][safepoint    ] Entering safepoint region: Cleanup
[2019-12-09T08:49:32.947+0000][1][safepoint    ] Leaving safepoint region
[2019-12-09T08:49:32.947+0000][1][safepoint    ] Total time for which application threads were stopped: 0.0000658 seconds, Stopping threads took: 0.0000161 seconds
[2019-12-09T08:49:33.947+0000][1][safepoint    ] Application time: 1.0000758 seconds
[2019-12-09T08:49:33.947+0000][1][safepoint    ] Entering safepoint region: Cleanup
[2019-12-09T08:49:33.947+0000][1][safepoint    ] Leaving safepoint region
[2019-12-09T08:49:33.947+0000][1][safepoint    ] Total time for which application threads were stopped: 0.0000658 seconds, Stopping threads took: 0.0000167 seconds
[2019-12-09T08:49:34.947+0000][1][safepoint    ] Application time: 1.0000765 seconds
[2019-12-09T08:49:34.947+0000][1][safepoint    ] Entering safepoint region: Cleanup
[2019-12-09T08:49:34.948+0000][1][safepoint    ] Leaving safepoint region
[2019-12-09T08:49:34.948+0000][1][safepoint    ] Total time for which application threads were stopped: 0.0000644 seconds, Stopping threads took: 0.0000165 seconds
[2019-12-09T08:49:35.948+0000][1][safepoint    ] Application time: 1.0000755 seconds
[2019-12-09T08:49:35.948+0000][1][safepoint    ] Entering safepoint region: Cleanup
[2019-12-09T08:49:35.948+0000][1][safepoint    ] Leaving safepoint region
[2019-12-09T08:49:35.948+0000][1][safepoint    ] Total time for which application threads were stopped: 0.0000784 seconds, Stopping threads took: 0.0000174 seconds
[2019-12-09T08:49:36.948+0000][1][safepoint    ] Application time: 1.0000733 seconds
[2019-12-09T08:49:36.948+0000][1][safepoint    ] Entering safepoint region: Cleanup
[2019-12-09T08:49:36.948+0000][1][safepoint    ] Leaving safepoint region
[2019-12-09T08:49:36.948+0000][1][safepoint    ] Total time for which application threads were stopped: 0.0000684 seconds, Stopping threads took: 0.0000176 seconds
[2019-12-09T08:49:37.948+0000][1][safepoint    ] Application time: 1.0000815 seconds
[2019-12-09T08:49:37.948+0000][1][safepoint    ] Entering safepoint region: Cleanup
[2019-12-09T08:49:37.948+0000][1][safepoint    ] Leaving safepoint region
[2019-12-09T08:49:37.948+0000][1][safepoint    ] Total time for which application threads were stopped: 0.0000679 seconds, Stopping threads took: 0.0000176 seconds
[2019-12-09T08:49:38.948+0000][1][safepoint    ] Application time: 1.0000761 seconds
[2019-12-09T08:49:38.948+0000][1][safepoint    ] Entering safepoint region: Cleanup
[2019-12-09T08:49:38.948+0000][1][safepoint    ] Leaving safepoint region
[2019-12-09T08:49:38.948+0000][1][safepoint    ] Total time for which application threads were stopped: 0.0000688 seconds, Stopping threads took: 0.0000181 seconds
[2019-12-09T08:49:39.948+0000][1][safepoint    ] Application time: 1.0000751 seconds
[2019-12-09T08:49:39.948+0000][1][safepoint    ] Entering safepoint region: Cleanup
[2019-12-09T08:49:39.948+0000][1][safepoint    ] Leaving safepoint region
[2019-12-09T08:49:39.948+0000][1][safepoint    ] Total time for which application threads were stopped: 0.0000677 seconds, Stopping threads took: 0.0000175 seconds
[2019-12-09T08:49:40.949+0000][1][safepoint    ] Application time: 1.0000769 seconds
[2019-12-09T08:49:40.949+0000][1][safepoint    ] Entering safepoint region: Cleanup
[2019-12-09T08:49:40.949+0000][1][safepoint    ] Leaving safepoint region
[2019-12-09T08:49:40.949+0000][1][safepoint    ] Total time for which application threads were stopped: 0.0000693 seconds, Stopping threads took: 0.0000174 seconds
[2019-12-09T08:49:41.949+0000][1][safepoint    ] Application time: 1.0000839 seconds
[2019-12-09T08:49:41.949+0000][1][safepoint    ] Entering safepoint region: Cleanup
[2019-12-09T08:49:41.949+0000][1][safepoint    ] Leaving safepoint region
[2019-12-09T08:49:41.949+0000][1][safepoint    ] Total time for which application threads were stopped: 0.0000671 seconds, Stopping threads took: 0.0000178 seconds
[2019-12-09T08:49:42.949+0000][1][safepoint    ] Application time: 1.0000760 seconds
[2019-12-09T08:49:42.949+0000][1][safepoint    ] Entering safepoint region: Cleanup
[2019-12-09T08:49:42.949+0000][1][safepoint    ] Leaving safepoint region
[2019-12-09T08:49:42.949+0000][1][safepoint    ] Total time for which application threads were stopped: 0.0000751 seconds, Stopping threads took: 0.0000179 seconds
[2019-12-09T08:49:43.949+0000][1][safepoint    ] Application time: 1.0000752 seconds
[2019-12-09T08:49:43.949+0000][1][safepoint    ] Entering safepoint region: Cleanup
[2019-12-09T08:49:43.949+0000][1][safepoint    ] Leaving safepoint region
[2019-12-09T08:49:43.949+0000][1][safepoint    ] Total time for which application threads were stopped: 0.0000656 seconds, Stopping threads took: 0.0000165 seconds
[2019-12-09T08:49:44.949+0000][1][safepoint    ] Application time: 1.0000784 seconds
[2019-12-09T08:49:44.949+0000][1][safepoint    ] Entering safepoint region: Cleanup
[2019-12-09T08:49:44.949+0000][1][safepoint    ] Leaving safepoint region
[2019-12-09T08:49:44.949+0000][1][safepoint    ] Total time for which application threads were stopped: 0.0000663 seconds, Stopping threads took: 0.0000168 seconds
[2019-12-09T08:49:45.950+0000][1][safepoint    ] Application time: 1.0000771 seconds
[2019-12-09T08:49:45.950+0000][1][safepoint    ] Entering safepoint region: Cleanup
[2019-12-09T08:49:45.950+0000][1][safepoint    ] Leaving safepoint region
[2019-12-09T08:49:45.950+0000][1][safepoint    ] Total time for which application threads were stopped: 0.0000679 seconds, Stopping threads took: 0.0000170 seconds
[2019-12-09T08:49:46.950+0000][1][safepoint    ] Application time: 1.0000768 seconds
[2019-12-09T08:49:46.950+0000][1][safepoint    ] Entering safepoint region: Cleanup
[2019-12-09T08:49:46.950+0000][1][safepoint    ] Leaving safepoint region
[2019-12-09T08:49:46.950+0000][1][safepoint    ] Total time for which application threads were stopped: 0.0000681 seconds, Stopping threads took: 0.0000167 seconds
[2019-12-09T08:49:47.950+0000][1][safepoint    ] Application time: 1.0000792 seconds
[2019-12-09T08:49:47.950+0000][1][safepoint    ] Entering safepoint region: Cleanup
[2019-12-09T08:49:47.950+0000][1][safepoint    ] Leaving safepoint region
[2019-12-09T08:49:47.950+0000][1][safepoint    ] Total time for which application threads were stopped: 0.0000696 seconds, Stopping threads took: 0.0000179 seconds
[2019-12-09T08:49:48.950+0000][1][safepoint    ] Application time: 1.0000791 seconds
[2019-12-09T08:49:48.950+0000][1][safepoint    ] Entering safepoint region: Cleanup
[2019-12-09T08:49:48.950+0000][1][safepoint    ] Leaving safepoint region
[2019-12-09T08:49:48.950+0000][1][safepoint    ] Total time for which application threads were stopped: 0.0000694 seconds, Stopping threads took: 0.0000181 seconds
[2019-12-09T08:49:49.950+0000][1][safepoint    ] Application time: 1.0000763 seconds
[2019-12-09T08:49:49.950+0000][1][safepoint    ] Entering safepoint region: Cleanup
[2019-12-09T08:49:49.950+0000][1][safepoint    ] Leaving safepoint region
[2019-12-09T08:49:49.950+0000][1][safepoint    ] Total time for which application threads were stopped: 0.0000672 seconds, Stopping threads took: 0.0000169 seconds
[2019-12-09T08:49:50.950+0000][1][safepoint    ] Application time: 1.0000786 seconds
[2019-12-09T08:49:50.951+0000][1][safepoint    ] Entering safepoint region: Cleanup
[2019-12-09T08:49:50.951+0000][1][safepoint    ] Leaving safepoint region
[2019-12-09T08:49:50.951+0000][1][safepoint    ] Total time for which application threads were stopped: 0.0000682 seconds, Stopping threads took: 0.0000174 seconds
[2019-12-09T08:49:51.951+0000][1][safepoint    ] Application time: 1.0000851 seconds
[2019-12-09T08:49:51.951+0000][1][safepoint    ] Entering safepoint region: Cleanup
[2019-12-09T08:49:51.951+0000][1][safepoint    ] Leaving safepoint region
[2019-12-09T08:49:51.951+0000][1][safepoint    ] Total time for which application threads were stopped: 0.0000707 seconds, Stopping threads took: 0.0000175 seconds
[2019-12-09T08:49:52.951+0000][1][safepoint    ] Application time: 1.0000753 seconds
[2019-12-09T08:49:52.951+0000][1][safepoint    ] Entering safepoint region: Cleanup
[2019-12-09T08:49:52.951+0000][1][safepoint    ] Leaving safepoint region
[2019-12-09T08:49:52.951+0000][1][safepoint    ] Total time for which application threads were stopped: 0.0000689 seconds, Stopping threads took: 0.0000186 seconds
[2019-12-09T08:49:53.951+0000][1][safepoint    ] Application time: 1.0000778 seconds
[2019-12-09T08:49:53.951+0000][1][safepoint    ] Entering safepoint region: Cleanup
[2019-12-09T08:49:53.951+0000][1][safepoint    ] Leaving safepoint region
[2019-12-09T08:49:53.951+0000][1][safepoint    ] Total time for which application threads were stopped: 0.0000674 seconds, Stopping threads took: 0.0000178 seconds
[2019-12-09T08:49:54.951+0000][1][safepoint    ] Application time: 1.0000769 seconds
[2019-12-09T08:49:54.951+0000][1][safepoint    ] Entering safepoint region: Cleanup
[2019-12-09T08:49:54.951+0000][1][safepoint    ] Leaving safepoint region
[2019-12-09T08:49:54.951+0000][1][safepoint    ] Total time for which application threads were stopped: 0.0000719 seconds, Stopping threads took: 0.0000174 seconds
[2019-12-09T08:49:55.951+0000][1][safepoint    ] Application time: 1.0000766 seconds
[2019-12-09T08:49:55.952+0000][1][safepoint    ] Entering safepoint region: Cleanup
[2019-12-09T08:49:55.952+0000][1][safepoint    ] Leaving safepoint region
[2019-12-09T08:49:55.952+0000][1][safepoint    ] Total time for which application threads were stopped: 0.0000709 seconds, Stopping threads took: 0.0000181 seconds
[2019-12-09T08:49:56.952+0000][1][safepoint    ] Application time: 1.0000747 seconds
[2019-12-09T08:49:56.952+0000][1][safepoint    ] Entering safepoint region: Cleanup
[2019-12-09T08:49:56.952+0000][1][safepoint    ] Leaving safepoint region
[2019-12-09T08:49:56.952+0000][1][safepoint    ] Total time for which application threads were stopped: 0.0000753 seconds, Stopping threads took: 0.0000255 seconds
[2019-12-09T08:49:57.952+0000][1][safepoint    ] Application time: 1.0000779 seconds
[2019-12-09T08:49:57.952+0000][1][safepoint    ] Entering safepoint region: Cleanup
[2019-12-09T08:49:57.952+0000][1][safepoint    ] Leaving safepoint region
[2019-12-09T08:49:57.952+0000][1][safepoint    ] Total time for which application threads were stopped: 0.0000719 seconds, Stopping threads took: 0.0000193 seconds
[2019-12-09T08:49:58.952+0000][1][safepoint    ] Application time: 1.0000801 seconds
[2019-12-09T08:49:58.952+0000][1][safepoint    ] Entering safepoint region: Cleanup
[2019-12-09T08:49:58.952+0000][1][safepoint    ] Leaving safepoint region
[2019-12-09T08:49:58.952+0000][1][safepoint    ] Total time for which application threads were stopped: 0.0000671 seconds, Stopping threads took: 0.0000173 seconds
[2019-12-09T08:49:59.952+0000][1][safepoint    ] Application time: 1.0000780 seconds
[2019-12-09T08:49:59.952+0000][1][safepoint    ] Entering safepoint region: Cleanup
[2019-12-09T08:49:59.952+0000][1][safepoint    ] Leaving safepoint region
[2019-12-09T08:49:59.952+0000][1][safepoint    ] Total time for which application threads were stopped: 0.0000657 seconds, Stopping threads took: 0.0000164 seconds
[2019-12-09T08:50:00.952+0000][1][safepoint    ] Application time: 1.0000805 seconds
[2019-12-09T08:50:00.953+0000][1][safepoint    ] Entering safepoint region: Cleanup
[2019-12-09T08:50:00.953+0000][1][safepoint    ] Leaving safepoint region
[2019-12-09T08:50:00.953+0000][1][safepoint    ] Total time for which application threads were stopped: 0.0000702 seconds, Stopping threads took: 0.0000184 seconds
[2019-12-09T08:50:01.063+0000][1][safepoint    ] Application time: 0.1103878 seconds
[2019-12-09T08:50:01.063+0000][1][safepoint    ] Entering safepoint region: GenCollectForAllocation
[2019-12-09T08:50:01.063+0000][1][gc,start     ] GC(77) Pause Young (Allocation Failure)
[2019-12-09T08:50:01.063+0000][1][gc,task      ] GC(77) Using 2 workers of 2 for evacuation
[2019-12-09T08:50:01.064+0000][1][gc,age       ] GC(77) Desired survivor size 4456448 bytes, new threshold 6 (max threshold 6)
[2019-12-09T08:50:01.064+0000][1][gc,age       ] GC(77) Age table with threshold 6 (max threshold 6)
[2019-12-09T08:50:01.064+0000][1][gc,age       ] GC(77) - age   1:       4032 bytes,       4032 total
[2019-12-09T08:50:01.064+0000][1][gc,heap      ] GC(77) ParNew: 69958K->6K(78656K)
[2019-12-09T08:50:01.064+0000][1][gc,heap      ] GC(77) CMS: 69465K->69465K(174784K)
[2019-12-09T08:50:01.064+0000][1][gc,metaspace ] GC(77) Metaspace: 68475K->68475K(1112064K)
[2019-12-09T08:50:01.064+0000][1][gc           ] GC(77) Pause Young (Allocation Failure) 136M->67M(247M) 1.326ms
[2019-12-09T08:50:01.064+0000][1][gc,cpu       ] GC(77) User=0.01s Sys=0.00s Real=0.00s
[2019-12-09T08:50:01.064+0000][1][safepoint    ] Leaving safepoint region
[2019-12-09T08:50:01.064+0000][1][safepoint    ] Total time for which application threads were stopped: 0.0014608 seconds, Stopping threads took: 0.0000163 seconds
[2019-12-09T08:50:02.065+0000][1][safepoint    ] Application time: 1.0000873 seconds
[2019-12-09T08:50:02.065+0000][1][safepoint    ] Entering safepoint region: Cleanup
[2019-12-09T08:50:02.065+0000][1][safepoint    ] Leaving safepoint region
[2019-12-09T08:50:02.065+0000][1][safepoint    ] Total time for which application threads were stopped: 0.0000685 seconds, Stopping threads took: 0.0000180 seconds
[2019-12-09T08:50:03.065+0000][1][safepoint    ] Application time: 1.0000901 seconds
[2019-12-09T08:50:03.065+0000][1][safepoint    ] Entering safepoint region: Cleanup
[2019-12-09T08:50:03.065+0000][1][safepoint    ] Leaving safepoint region
[2019-12-09T08:50:03.065+0000][1][safepoint    ] Total time for which application threads were stopped: 0.0000688 seconds, Stopping threads took: 0.0000178 seconds
[2019-12-09T08:50:04.065+0000][1][safepoint    ] Application time: 1.0000838 seconds
[2019-12-09T08:50:04.065+0000][1][safepoint    ] Entering safepoint region: Cleanup
[2019-12-09T08:50:04.065+0000][1][safepoint    ] Leaving safepoint region
[2019-12-09T08:50:04.065+0000][1][safepoint    ] Total time for which application threads were stopped: 0.0000952 seconds, Stopping threads took: 0.0000252 seconds
[2019-12-09T08:50:05.065+0000][1][safepoint    ] Application time: 1.0000743 seconds
[2019-12-09T08:50:05.065+0000][1][safepoint    ] Entering safepoint region: Cleanup
[2019-12-09T08:50:05.065+0000][1][safepoint    ] Leaving safepoint region
[2019-12-09T08:50:05.065+0000][1][safepoint    ] Total time for which application threads were stopped: 0.0000662 seconds, Stopping threads took: 0.0000155 seconds
[2019-12-09T08:50:06.065+0000][1][safepoint    ] Application time: 1.0000799 seconds
[2019-12-09T08:50:06.065+0000][1][safepoint    ] Entering safepoint region: Cleanup
[2019-12-09T08:50:06.066+0000][1][safepoint    ] Leaving safepoint region
[2019-12-09T08:50:06.066+0000][1][safepoint    ] Total time for which application threads were stopped: 0.0001069 seconds, Stopping threads took: 0.0000505 seconds
[2019-12-09T08:50:07.066+0000][1][safepoint    ] Application time: 1.0000830 seconds
[2019-12-09T08:50:07.066+0000][1][safepoint    ] Entering safepoint region: Cleanup
[2019-12-09T08:50:07.066+0000][1][safepoint    ] Leaving safepoint region
[2019-12-09T08:50:07.066+0000][1][safepoint    ] Total time for which application threads were stopped: 0.0000758 seconds, Stopping threads took: 0.0000264 seconds
[2019-12-09T08:50:08.066+0000][1][safepoint    ] Application time: 1.0000781 seconds
[2019-12-09T08:50:08.066+0000][1][safepoint    ] Entering safepoint region: Cleanup
[2019-12-09T08:50:08.066+0000][1][safepoint    ] Leaving safepoint region
[2019-12-09T08:50:08.066+0000][1][safepoint    ] Total time for which application threads were stopped: 0.0000692 seconds, Stopping threads took: 0.0000176 seconds
[2019-12-09T08:50:09.066+0000][1][safepoint    ] Application time: 1.0000761 seconds
[2019-12-09T08:50:09.066+0000][1][safepoint    ] Entering safepoint region: Cleanup
[2019-12-09T08:50:09.066+0000][1][safepoint    ] Leaving safepoint region
[2019-12-09T08:50:09.066+0000][1][safepoint    ] Total time for which application threads were stopped: 0.0000789 seconds, Stopping threads took: 0.0000172 seconds
[2019-12-09T08:50:10.066+0000][1][safepoint    ] Application time: 1.0000762 seconds
[2019-12-09T08:50:10.066+0000][1][safepoint    ] Entering safepoint region: Cleanup
[2019-12-09T08:50:10.066+0000][1][safepoint    ] Leaving safepoint region
[2019-12-09T08:50:10.066+0000][1][safepoint    ] Total time for which application threads were stopped: 0.0000677 seconds, Stopping threads took: 0.0000166 seconds
[2019-12-09T08:50:11.066+0000][1][safepoint    ] Application time: 1.0000741 seconds
[2019-12-09T08:50:11.066+0000][1][safepoint    ] Entering safepoint region: Cleanup
[2019-12-09T08:50:11.067+0000][1][safepoint    ] Leaving safepoint region
[2019-12-09T08:50:11.067+0000][1][safepoint    ] Total time for which application threads were stopped: 0.0000662 seconds, Stopping threads took: 0.0000173 seconds
[2019-12-09T08:50:12.067+0000][1][safepoint    ] Application time: 1.0000784 seconds
[2019-12-09T08:50:12.067+0000][1][safepoint    ] Entering safepoint region: Cleanup
[2019-12-09T08:50:12.067+0000][1][safepoint    ] Leaving safepoint region
[2019-12-09T08:50:12.067+0000][1][safepoint    ] Total time for which application threads were stopped: 0.0000792 seconds, Stopping threads took: 0.0000160 seconds
[2019-12-09T08:50:13.067+0000][1][safepoint    ] Application time: 1.0000760 seconds
[2019-12-09T08:50:13.067+0000][1][safepoint    ] Entering safepoint region: Cleanup
[2019-12-09T08:50:13.067+0000][1][safepoint    ] Leaving safepoint region
[2019-12-09T08:50:13.067+0000][1][safepoint    ] Total time for which application threads were stopped: 0.0000670 seconds, Stopping threads took: 0.0000173 seconds
[2019-12-09T08:50:14.067+0000][1][safepoint    ] Application time: 1.0000825 seconds
[2019-12-09T08:50:14.067+0000][1][safepoint    ] Entering safepoint region: Cleanup
[2019-12-09T08:50:14.067+0000][1][safepoint    ] Leaving safepoint region
[2019-12-09T08:50:14.067+0000][1][safepoint    ] Total time for which application threads were stopped: 0.0000922 seconds, Stopping threads took: 0.0000233 seconds
[2019-12-09T08:50:15.067+0000][1][safepoint    ] Application time: 1.0000740 seconds
[2019-12-09T08:50:15.067+0000][1][safepoint    ] Entering safepoint region: Cleanup
[2019-12-09T08:50:15.067+0000][1][safepoint    ] Leaving safepoint region
[2019-12-09T08:50:15.067+0000][1][safepoint    ] Total time for which application threads were stopped: 0.0000673 seconds, Stopping threads took: 0.0000167 seconds
[2019-12-09T08:50:16.067+0000][1][safepoint    ] Application time: 1.0000765 seconds
[2019-12-09T08:50:16.067+0000][1][safepoint    ] Entering safepoint region: Cleanup
[2019-12-09T08:50:16.068+0000][1][safepoint    ] Leaving safepoint region
[2019-12-09T08:50:16.068+0000][1][safepoint    ] Total time for which application threads were stopped: 0.0000652 seconds, Stopping threads took: 0.0000161 seconds
[2019-12-09T08:50:17.068+0000][1][safepoint    ] Application time: 1.0000784 seconds
[2019-12-09T08:50:17.068+0000][1][safepoint    ] Entering safepoint region: Cleanup
[2019-12-09T08:50:17.068+0000][1][safepoint    ] Leaving safepoint region
[2019-12-09T08:50:17.068+0000][1][safepoint    ] Total time for which application threads were stopped: 0.0000819 seconds, Stopping threads took: 0.0000172 seconds
[2019-12-09T08:50:18.068+0000][1][safepoint    ] Application time: 1.0000777 seconds
[2019-12-09T08:50:18.068+0000][1][safepoint    ] Entering safepoint region: Cleanup
[2019-12-09T08:50:18.068+0000][1][safepoint    ] Leaving safepoint region
[2019-12-09T08:50:18.068+0000][1][safepoint    ] Total time for which application threads were stopped: 0.0000671 seconds, Stopping threads took: 0.0000169 seconds
[2019-12-09T08:50:19.068+0000][1][safepoint    ] Application time: 1.0000829 seconds
[2019-12-09T08:50:19.068+0000][1][safepoint    ] Entering safepoint region: Cleanup
[2019-12-09T08:50:19.068+0000][1][safepoint    ] Leaving safepoint region
[2019-12-09T08:50:19.068+0000][1][safepoint    ] Total time for which application threads were stopped: 0.0000886 seconds, Stopping threads took: 0.0000221 seconds
[2019-12-09T08:50:20.068+0000][1][safepoint    ] Application time: 1.0000750 seconds
[2019-12-09T08:50:20.068+0000][1][safepoint    ] Entering safepoint region: Cleanup
[2019-12-09T08:50:20.068+0000][1][safepoint    ] Leaving safepoint region
[2019-12-09T08:50:20.068+0000][1][safepoint    ] Total time for which application threads were stopped: 0.0000683 seconds, Stopping threads took: 0.0000170 seconds
[2019-12-09T08:50:21.068+0000][1][safepoint    ] Application time: 1.0000761 seconds
[2019-12-09T08:50:21.068+0000][1][safepoint    ] Entering safepoint region: Cleanup
[2019-12-09T08:50:21.069+0000][1][safepoint    ] Leaving safepoint region
[2019-12-09T08:50:21.069+0000][1][safepoint    ] Total time for which application threads were stopped: 0.0000653 seconds, Stopping threads took: 0.0000166 seconds
[2019-12-09T08:50:22.069+0000][1][safepoint    ] Application time: 1.0000774 seconds
[2019-12-09T08:50:22.069+0000][1][safepoint    ] Entering safepoint region: Cleanup
[2019-12-09T08:50:22.069+0000][1][safepoint    ] Leaving safepoint region
[2019-12-09T08:50:22.069+0000][1][safepoint    ] Total time for which application threads were stopped: 0.0000751 seconds, Stopping threads took: 0.0000168 seconds
[2019-12-09T08:50:23.069+0000][1][safepoint    ] Application time: 1.0000766 seconds
[2019-12-09T08:50:23.069+0000][1][safepoint    ] Entering safepoint region: Cleanup
[2019-12-09T08:50:23.069+0000][1][safepoint    ] Leaving safepoint region
[2019-12-09T08:50:23.069+0000][1][safepoint    ] Total time for which application threads were stopped: 0.0000741 seconds, Stopping threads took: 0.0000162 seconds
[2019-12-09T08:50:24.069+0000][1][safepoint    ] Application time: 1.0000849 seconds
[2019-12-09T08:50:24.069+0000][1][safepoint    ] Entering safepoint region: Cleanup
[2019-12-09T08:50:24.069+0000][1][safepoint    ] Leaving safepoint region
[2019-12-09T08:50:24.069+0000][1][safepoint    ] Total time for which application threads were stopped: 0.0000904 seconds, Stopping threads took: 0.0000234 seconds
[2019-12-09T08:50:25.069+0000][1][safepoint    ] Application time: 1.0000764 seconds
[2019-12-09T08:50:25.069+0000][1][safepoint    ] Entering safepoint region: Cleanup
[2019-12-09T08:50:25.069+0000][1][safepoint    ] Leaving safepoint region
[2019-12-09T08:50:25.069+0000][1][safepoint    ] Total time for which application threads were stopped: 0.0000685 seconds, Stopping threads took: 0.0000167 seconds
[2019-12-09T08:50:26.069+0000][1][safepoint    ] Application time: 1.0000768 seconds
[2019-12-09T08:50:26.069+0000][1][safepoint    ] Entering safepoint region: Cleanup
[2019-12-09T08:50:26.070+0000][1][safepoint    ] Leaving safepoint region
[2019-12-09T08:50:26.070+0000][1][safepoint    ] Total time for which application threads were stopped: 0.0000665 seconds, Stopping threads took: 0.0000158 seconds
[2019-12-09T08:50:27.070+0000][1][safepoint    ] Application time: 1.0002601 seconds
[2019-12-09T08:50:27.070+0000][1][safepoint    ] Entering safepoint region: Cleanup
[2019-12-09T08:50:27.070+0000][1][safepoint    ] Leaving safepoint region
[2019-12-09T08:50:27.070+0000][1][safepoint    ] Total time for which application threads were stopped: 0.0001056 seconds, Stopping threads took: 0.0000328 seconds
[2019-12-09T08:50:28.070+0000][1][safepoint    ] Application time: 1.0000810 seconds
[2019-12-09T08:50:28.070+0000][1][safepoint    ] Entering safepoint region: Cleanup
[2019-12-09T08:50:28.070+0000][1][safepoint    ] Leaving safepoint region
[2019-12-09T08:50:28.070+0000][1][safepoint    ] Total time for which application threads were stopped: 0.0000695 seconds, Stopping threads took: 0.0000173 seconds
[2019-12-09T08:50:29.070+0000][1][safepoint    ] Application time: 1.0000816 seconds
[2019-12-09T08:50:29.070+0000][1][safepoint    ] Entering safepoint region: Cleanup
[2019-12-09T08:50:29.070+0000][1][safepoint    ] Leaving safepoint region
[2019-12-09T08:50:29.070+0000][1][safepoint    ] Total time for which application threads were stopped: 0.0000677 seconds, Stopping threads took: 0.0000177 seconds
[2019-12-09T08:50:30.070+0000][1][safepoint    ] Application time: 1.0000767 seconds
[2019-12-09T08:50:30.071+0000][1][safepoint    ] Entering safepoint region: Cleanup
[2019-12-09T08:50:30.071+0000][1][safepoint    ] Leaving safepoint region
[2019-12-09T08:50:30.071+0000][1][safepoint    ] Total time for which application threads were stopped: 0.0000671 seconds, Stopping threads took: 0.0000175 seconds
[2019-12-09T08:50:31.071+0000][1][safepoint    ] Application time: 1.0000773 seconds
[2019-12-09T08:50:31.071+0000][1][safepoint    ] Entering safepoint region: Cleanup
[2019-12-09T08:50:31.071+0000][1][safepoint    ] Leaving safepoint region
[2019-12-09T08:50:31.071+0000][1][safepoint    ] Total time for which application threads were stopped: 0.0000701 seconds, Stopping threads took: 0.0000185 seconds
[2019-12-09T08:50:32.071+0000][1][safepoint    ] Application time: 1.0000761 seconds
[2019-12-09T08:50:32.071+0000][1][safepoint    ] Entering safepoint region: Cleanup
[2019-12-09T08:50:32.071+0000][1][safepoint    ] Leaving safepoint region
[2019-12-09T08:50:32.071+0000][1][safepoint    ] Total time for which application threads were stopped: 0.0000678 seconds, Stopping threads took: 0.0000175 seconds
[2019-12-09T08:50:33.071+0000][1][safepoint    ] Application time: 1.0000768 seconds
[2019-12-09T08:50:33.071+0000][1][safepoint    ] Entering safepoint region: Cleanup
[2019-12-09T08:50:33.071+0000][1][safepoint    ] Leaving safepoint region
[2019-12-09T08:50:33.071+0000][1][safepoint    ] Total time for which application threads were stopped: 0.0000662 seconds, Stopping threads took: 0.0000167 seconds
[2019-12-09T08:50:34.071+0000][1][safepoint    ] Application time: 1.0000760 seconds
[2019-12-09T08:50:34.071+0000][1][safepoint    ] Entering safepoint region: Cleanup
[2019-12-09T08:50:34.071+0000][1][safepoint    ] Leaving safepoint region
[2019-12-09T08:50:34.071+0000][1][safepoint    ] Total time for which application threads were stopped: 0.0000672 seconds, Stopping threads took: 0.0000169 seconds
[2019-12-09T08:50:35.071+0000][1][safepoint    ] Application time: 1.0000769 seconds
[2019-12-09T08:50:35.071+0000][1][safepoint    ] Entering safepoint region: Cleanup
[2019-12-09T08:50:35.072+0000][1][safepoint    ] Leaving safepoint region
[2019-12-09T08:50:35.072+0000][1][safepoint    ] Total time for which application threads were stopped: 0.0000669 seconds, Stopping threads took: 0.0000171 seconds
[2019-12-09T08:50:36.072+0000][1][safepoint    ] Application time: 1.0000771 seconds
[2019-12-09T08:50:36.072+0000][1][safepoint    ] Entering safepoint region: Cleanup
[2019-12-09T08:50:36.072+0000][1][safepoint    ] Leaving safepoint region
[2019-12-09T08:50:36.072+0000][1][safepoint    ] Total time for which application threads were stopped: 0.0000784 seconds, Stopping threads took: 0.0000177 seconds
[2019-12-09T08:50:37.072+0000][1][safepoint    ] Application time: 1.0000756 seconds
[2019-12-09T08:50:37.072+0000][1][safepoint    ] Entering safepoint region: Cleanup
[2019-12-09T08:50:37.072+0000][1][safepoint    ] Leaving safepoint region
[2019-12-09T08:50:37.072+0000][1][safepoint    ] Total time for which application threads were stopped: 0.0000671 seconds, Stopping threads took: 0.0000161 seconds
[2019-12-09T08:50:38.072+0000][1][safepoint    ] Application time: 1.0000750 seconds
[2019-12-09T08:50:38.072+0000][1][safepoint    ] Entering safepoint region: Cleanup
[2019-12-09T08:50:38.072+0000][1][safepoint    ] Leaving safepoint region
[2019-12-09T08:50:38.072+0000][1][safepoint    ] Total time for which application threads were stopped: 0.0000658 seconds, Stopping threads took: 0.0000162 seconds
[2019-12-09T08:50:39.072+0000][1][safepoint    ] Application time: 1.0000755 seconds
[2019-12-09T08:50:39.072+0000][1][safepoint    ] Entering safepoint region: Cleanup
[2019-12-09T08:50:39.072+0000][1][safepoint    ] Leaving safepoint region
[2019-12-09T08:50:39.072+0000][1][safepoint    ] Total time for which application threads were stopped: 0.0000675 seconds, Stopping threads took: 0.0000178 seconds
[2019-12-09T08:50:40.072+0000][1][safepoint    ] Application time: 1.0000766 seconds
[2019-12-09T08:50:40.072+0000][1][safepoint    ] Entering safepoint region: Cleanup
[2019-12-09T08:50:40.072+0000][1][safepoint    ] Leaving safepoint region
[2019-12-09T08:50:40.072+0000][1][safepoint    ] Total time for which application threads were stopped: 0.0000678 seconds, Stopping threads took: 0.0000181 seconds
[2019-12-09T08:50:41.073+0000][1][safepoint    ] Application time: 1.0000745 seconds
[2019-12-09T08:50:41.073+0000][1][safepoint    ] Entering safepoint region: Cleanup
[2019-12-09T08:50:41.073+0000][1][safepoint    ] Leaving safepoint region
[2019-12-09T08:50:41.073+0000][1][safepoint    ] Total time for which application threads were stopped: 0.0000652 seconds, Stopping threads took: 0.0000165 seconds
[2019-12-09T08:50:42.073+0000][1][safepoint    ] Application time: 1.0000742 seconds
[2019-12-09T08:50:42.073+0000][1][safepoint    ] Entering safepoint region: Cleanup
[2019-12-09T08:50:42.073+0000][1][safepoint    ] Leaving safepoint region
[2019-12-09T08:50:42.073+0000][1][safepoint    ] Total time for which application threads were stopped: 0.0000673 seconds, Stopping threads took: 0.0000175 seconds
[2019-12-09T08:50:43.073+0000][1][safepoint    ] Application time: 1.0000760 seconds
[2019-12-09T08:50:43.073+0000][1][safepoint    ] Entering safepoint region: Cleanup
[2019-12-09T08:50:43.073+0000][1][safepoint    ] Leaving safepoint region
[2019-12-09T08:50:43.073+0000][1][safepoint    ] Total time for which application threads were stopped: 0.0000692 seconds, Stopping threads took: 0.0000168 seconds
[2019-12-09T08:50:44.073+0000][1][safepoint    ] Application time: 1.0000764 seconds
[2019-12-09T08:50:44.073+0000][1][safepoint    ] Entering safepoint region: Cleanup
[2019-12-09T08:50:44.073+0000][1][safepoint    ] Leaving safepoint region
[2019-12-09T08:50:44.073+0000][1][safepoint    ] Total time for which application threads were stopped: 0.0000679 seconds, Stopping threads took: 0.0000177 seconds
[2019-12-09T08:50:45.073+0000][1][safepoint    ] Application time: 1.0000759 seconds
[2019-12-09T08:50:45.073+0000][1][safepoint    ] Entering safepoint region: Cleanup
[2019-12-09T08:50:45.073+0000][1][safepoint    ] Leaving safepoint region
[2019-12-09T08:50:45.073+0000][1][safepoint    ] Total time for which application threads were stopped: 0.0000685 seconds, Stopping threads took: 0.0000171 seconds
[2019-12-09T08:50:46.074+0000][1][safepoint    ] Application time: 1.0000733 seconds
[2019-12-09T08:50:46.074+0000][1][safepoint    ] Entering safepoint region: Cleanup
[2019-12-09T08:50:46.074+0000][1][safepoint    ] Leaving safepoint region
[2019-12-09T08:50:46.074+0000][1][safepoint    ] Total time for which application threads were stopped: 0.0000678 seconds, Stopping threads took: 0.0000164 seconds
[2019-12-09T08:50:47.762+0000][1][safepoint    ] Application time: 1.6887303 seconds
[2019-12-09T08:50:47.762+0000][1][safepoint    ] Entering safepoint region: Cleanup
[2019-12-09T08:50:47.762+0000][1][safepoint    ] Leaving safepoint region
[2019-12-09T08:50:47.762+0000][1][safepoint    ] Total time for which application threads were stopped: 0.0000621 seconds, Stopping threads took: 0.0000149 seconds
[2019-12-09T08:50:48.763+0000][1][safepoint    ] Application time: 1.0000767 seconds
[2019-12-09T08:50:48.763+0000][1][safepoint    ] Entering safepoint region: Cleanup
[2019-12-09T08:50:48.763+0000][1][safepoint    ] Leaving safepoint region
[2019-12-09T08:50:48.763+0000][1][safepoint    ] Total time for which application threads were stopped: 0.0000679 seconds, Stopping threads took: 0.0000169 seconds
[2019-12-09T08:50:49.763+0000][1][safepoint    ] Application time: 1.0000772 seconds
[2019-12-09T08:50:49.763+0000][1][safepoint    ] Entering safepoint region: Cleanup
[2019-12-09T08:50:49.763+0000][1][safepoint    ] Leaving safepoint region
[2019-12-09T08:50:49.763+0000][1][safepoint    ] Total time for which application threads were stopped: 0.0000635 seconds, Stopping threads took: 0.0000153 seconds
[2019-12-09T08:50:50.763+0000][1][safepoint    ] Application time: 1.0000775 seconds
[2019-12-09T08:50:50.763+0000][1][safepoint    ] Entering safepoint region: Cleanup
[2019-12-09T08:50:50.763+0000][1][safepoint    ] Leaving safepoint region
[2019-12-09T08:50:50.763+0000][1][safepoint    ] Total time for which application threads were stopped: 0.0000664 seconds, Stopping threads took: 0.0000168 seconds
[2019-12-09T08:50:51.763+0000][1][safepoint    ] Application time: 1.0000759 seconds
[2019-12-09T08:50:51.763+0000][1][safepoint    ] Entering safepoint region: Cleanup
[2019-12-09T08:50:51.763+0000][1][safepoint    ] Leaving safepoint region
[2019-12-09T08:50:51.763+0000][1][safepoint    ] Total time for which application threads were stopped: 0.0000638 seconds, Stopping threads took: 0.0000146 seconds
[2019-12-09T08:50:52.763+0000][1][safepoint    ] Application time: 1.0000765 seconds
[2019-12-09T08:50:52.763+0000][1][safepoint    ] Entering safepoint region: Cleanup
[2019-12-09T08:50:52.763+0000][1][safepoint    ] Leaving safepoint region
[2019-12-09T08:50:52.763+0000][1][safepoint    ] Total time for which application threads were stopped: 0.0000660 seconds, Stopping threads took: 0.0000162 seconds
[2019-12-09T08:50:53.764+0000][1][safepoint    ] Application time: 1.0000772 seconds
[2019-12-09T08:50:53.764+0000][1][safepoint    ] Entering safepoint region: Cleanup
[2019-12-09T08:50:53.764+0000][1][safepoint    ] Leaving safepoint region
[2019-12-09T08:50:53.764+0000][1][safepoint    ] Total time for which application threads were stopped: 0.0000853 seconds, Stopping threads took: 0.0000167 seconds
[2019-12-09T08:50:54.764+0000][1][safepoint    ] Application time: 1.0000776 seconds
[2019-12-09T08:50:54.764+0000][1][safepoint    ] Entering safepoint region: Cleanup
[2019-12-09T08:50:54.764+0000][1][safepoint    ] Leaving safepoint region
[2019-12-09T08:50:54.764+0000][1][safepoint    ] Total time for which application threads were stopped: 0.0000652 seconds, Stopping threads took: 0.0000158 seconds
[2019-12-09T08:50:55.764+0000][1][safepoint    ] Application time: 1.0000783 seconds
[2019-12-09T08:50:55.764+0000][1][safepoint    ] Entering safepoint region: Cleanup
[2019-12-09T08:50:55.764+0000][1][safepoint    ] Leaving safepoint region
[2019-12-09T08:50:55.764+0000][1][safepoint    ] Total time for which application threads were stopped: 0.0000665 seconds, Stopping threads took: 0.0000164 seconds
[2019-12-09T08:50:56.764+0000][1][safepoint    ] Application time: 1.0000735 seconds
[2019-12-09T08:50:56.764+0000][1][safepoint    ] Entering safepoint region: Cleanup
[2019-12-09T08:50:56.764+0000][1][safepoint    ] Leaving safepoint region
[2019-12-09T08:50:56.764+0000][1][safepoint    ] Total time for which application threads were stopped: 0.0000722 seconds, Stopping threads took: 0.0000236 seconds
[2019-12-09T08:50:57.764+0000][1][safepoint    ] Application time: 1.0000765 seconds
[2019-12-09T08:50:57.764+0000][1][safepoint    ] Entering safepoint region: Cleanup
[2019-12-09T08:50:57.764+0000][1][safepoint    ] Leaving safepoint region
[2019-12-09T08:50:57.764+0000][1][safepoint    ] Total time for which application threads were stopped: 0.0000672 seconds, Stopping threads took: 0.0000167 seconds
[2019-12-09T08:50:58.764+0000][1][safepoint    ] Application time: 1.0000758 seconds
[2019-12-09T08:50:58.765+0000][1][safepoint    ] Entering safepoint region: Cleanup
[2019-12-09T08:50:58.765+0000][1][safepoint    ] Leaving safepoint region
[2019-12-09T08:50:58.765+0000][1][safepoint    ] Total time for which application threads were stopped: 0.0000622 seconds, Stopping threads took: 0.0000159 seconds
[2019-12-09T08:50:59.765+0000][1][safepoint    ] Application time: 1.0000786 seconds
[2019-12-09T08:50:59.765+0000][1][safepoint    ] Entering safepoint region: Cleanup
[2019-12-09T08:50:59.765+0000][1][safepoint    ] Leaving safepoint region
[2019-12-09T08:50:59.765+0000][1][safepoint    ] Total time for which application threads were stopped: 0.0000658 seconds, Stopping threads took: 0.0000174 seconds
[2019-12-09T08:51:00.765+0000][1][safepoint    ] Application time: 1.0000758 seconds
[2019-12-09T08:51:00.765+0000][1][safepoint    ] Entering safepoint region: Cleanup
[2019-12-09T08:51:00.765+0000][1][safepoint    ] Leaving safepoint region
[2019-12-09T08:51:00.765+0000][1][safepoint    ] Total time for which application threads were stopped: 0.0000663 seconds, Stopping threads took: 0.0000157 seconds
[2019-12-09T08:51:01.765+0000][1][safepoint    ] Application time: 1.0000852 seconds
[2019-12-09T08:51:01.765+0000][1][safepoint    ] Entering safepoint region: Cleanup
[2019-12-09T08:51:01.765+0000][1][safepoint    ] Leaving safepoint region
[2019-12-09T08:51:01.765+0000][1][safepoint    ] Total time for which application threads were stopped: 0.0000947 seconds, Stopping threads took: 0.0000252 seconds
[2019-12-09T08:51:02.765+0000][1][safepoint    ] Application time: 1.0000755 seconds
[2019-12-09T08:51:02.765+0000][1][safepoint    ] Entering safepoint region: Cleanup
[2019-12-09T08:51:02.765+0000][1][safepoint    ] Leaving safepoint region
[2019-12-09T08:51:02.765+0000][1][safepoint    ] Total time for which application threads were stopped: 0.0000691 seconds, Stopping threads took: 0.0000176 seconds
[2019-12-09T08:51:03.765+0000][1][safepoint    ] Application time: 1.0000754 seconds
[2019-12-09T08:51:03.766+0000][1][safepoint    ] Entering safepoint region: Cleanup
[2019-12-09T08:51:03.766+0000][1][safepoint    ] Leaving safepoint region
[2019-12-09T08:51:03.766+0000][1][safepoint    ] Total time for which application threads were stopped: 0.0000799 seconds, Stopping threads took: 0.0000166 seconds
[2019-12-09T08:51:04.766+0000][1][safepoint    ] Application time: 1.0000744 seconds
[2019-12-09T08:51:04.766+0000][1][safepoint    ] Entering safepoint region: Cleanup
[2019-12-09T08:51:04.766+0000][1][safepoint    ] Leaving safepoint region
[2019-12-09T08:51:04.766+0000][1][safepoint    ] Total time for which application threads were stopped: 0.0000674 seconds, Stopping threads took: 0.0000174 seconds
[2019-12-09T08:51:05.766+0000][1][safepoint    ] Application time: 1.0000739 seconds
[2019-12-09T08:51:05.766+0000][1][safepoint    ] Entering safepoint region: Cleanup
[2019-12-09T08:51:05.766+0000][1][safepoint    ] Leaving safepoint region
[2019-12-09T08:51:05.766+0000][1][safepoint    ] Total time for which application threads were stopped: 0.0000649 seconds, Stopping threads took: 0.0000165 seconds
[2019-12-09T08:51:06.766+0000][1][safepoint    ] Application time: 1.0000739 seconds
[2019-12-09T08:51:06.766+0000][1][safepoint    ] Entering safepoint region: Cleanup
[2019-12-09T08:51:06.766+0000][1][safepoint    ] Leaving safepoint region
[2019-12-09T08:51:06.766+0000][1][safepoint    ] Total time for which application threads were stopped: 0.0000731 seconds, Stopping threads took: 0.0000228 seconds
[2019-12-09T08:51:07.766+0000][1][safepoint    ] Application time: 1.0000775 seconds
[2019-12-09T08:51:07.766+0000][1][safepoint    ] Entering safepoint region: Cleanup
[2019-12-09T08:51:07.766+0000][1][safepoint    ] Leaving safepoint region
[2019-12-09T08:51:07.766+0000][1][safepoint    ] Total time for which application threads were stopped: 0.0000633 seconds, Stopping threads took: 0.0000153 seconds
[2019-12-09T08:51:08.766+0000][1][safepoint    ] Application time: 1.0000744 seconds
[2019-12-09T08:51:08.766+0000][1][safepoint    ] Entering safepoint region: Cleanup
[2019-12-09T08:51:08.767+0000][1][safepoint    ] Leaving safepoint region
[2019-12-09T08:51:08.767+0000][1][safepoint    ] Total time for which application threads were stopped: 0.0000649 seconds, Stopping threads took: 0.0000154 seconds
[2019-12-09T08:51:09.767+0000][1][safepoint    ] Application time: 1.0000761 seconds
[2019-12-09T08:51:09.767+0000][1][safepoint    ] Entering safepoint region: Cleanup
[2019-12-09T08:51:09.767+0000][1][safepoint    ] Leaving safepoint region
[2019-12-09T08:51:09.767+0000][1][safepoint    ] Total time for which application threads were stopped: 0.0000797 seconds, Stopping threads took: 0.0000156 seconds
[2019-12-09T08:51:10.767+0000][1][safepoint    ] Application time: 1.0000766 seconds
[2019-12-09T08:51:10.767+0000][1][safepoint    ] Entering safepoint region: Cleanup
[2019-12-09T08:51:10.767+0000][1][safepoint    ] Leaving safepoint region
[2019-12-09T08:51:10.767+0000][1][safepoint    ] Total time for which application threads were stopped: 0.0000633 seconds, Stopping threads took: 0.0000158 seconds
[2019-12-09T08:51:11.767+0000][1][safepoint    ] Application time: 1.0000739 seconds
[2019-12-09T08:51:11.767+0000][1][safepoint    ] Entering safepoint region: Cleanup
[2019-12-09T08:51:11.767+0000][1][safepoint    ] Leaving safepoint region
[2019-12-09T08:51:11.767+0000][1][safepoint    ] Total time for which application threads were stopped: 0.0000621 seconds, Stopping threads took: 0.0000150 seconds
[2019-12-09T08:51:12.767+0000][1][safepoint    ] Application time: 1.0000782 seconds
[2019-12-09T08:51:12.767+0000][1][safepoint    ] Entering safepoint region: Cleanup
[2019-12-09T08:51:12.767+0000][1][safepoint    ] Leaving safepoint region
[2019-12-09T08:51:12.767+0000][1][safepoint    ] Total time for which application threads were stopped: 0.0000643 seconds, Stopping threads took: 0.0000156 seconds
[2019-12-09T08:51:13.767+0000][1][safepoint    ] Application time: 1.0000741 seconds
[2019-12-09T08:51:13.767+0000][1][safepoint    ] Entering safepoint region: Cleanup
[2019-12-09T08:51:13.767+0000][1][safepoint    ] Leaving safepoint region
[2019-12-09T08:51:13.767+0000][1][safepoint    ] Total time for which application threads were stopped: 0.0000613 seconds, Stopping threads took: 0.0000143 seconds
[2019-12-09T08:51:14.768+0000][1][safepoint    ] Application time: 1.0000740 seconds
[2019-12-09T08:51:14.768+0000][1][safepoint    ] Entering safepoint region: Cleanup
[2019-12-09T08:51:14.768+0000][1][safepoint    ] Leaving safepoint region
[2019-12-09T08:51:14.768+0000][1][safepoint    ] Total time for which application threads were stopped: 0.0000643 seconds, Stopping threads took: 0.0000150 seconds
[2019-12-09T08:51:15.768+0000][1][safepoint    ] Application time: 1.0000740 seconds
[2019-12-09T08:51:15.768+0000][1][safepoint    ] Entering safepoint region: Cleanup
[2019-12-09T08:51:15.768+0000][1][safepoint    ] Leaving safepoint region
[2019-12-09T08:51:15.768+0000][1][safepoint    ] Total time for which application threads were stopped: 0.0000645 seconds, Stopping threads took: 0.0000170 seconds
[2019-12-09T08:51:16.768+0000][1][safepoint    ] Application time: 1.0000743 seconds
[2019-12-09T08:51:16.768+0000][1][safepoint    ] Entering safepoint region: Cleanup
[2019-12-09T08:51:16.768+0000][1][safepoint    ] Leaving safepoint region
[2019-12-09T08:51:16.768+0000][1][safepoint    ] Total time for which application threads were stopped: 0.0000660 seconds, Stopping threads took: 0.0000167 seconds
[2019-12-09T08:51:17.768+0000][1][safepoint    ] Application time: 1.0000763 seconds
[2019-12-09T08:51:17.768+0000][1][safepoint    ] Entering safepoint region: Cleanup
[2019-12-09T08:51:17.768+0000][1][safepoint    ] Leaving safepoint region
[2019-12-09T08:51:17.768+0000][1][safepoint    ] Total time for which application threads were stopped: 0.0000651 seconds, Stopping threads took: 0.0000163 seconds
[2019-12-09T08:51:18.768+0000][1][safepoint    ] Application time: 1.0000764 seconds
[2019-12-09T08:51:18.768+0000][1][safepoint    ] Entering safepoint region: Cleanup
[2019-12-09T08:51:18.768+0000][1][safepoint    ] Leaving safepoint region
[2019-12-09T08:51:18.768+0000][1][safepoint    ] Total time for which application threads were stopped: 0.0000613 seconds, Stopping threads took: 0.0000143 seconds
[2019-12-09T08:51:19.768+0000][1][safepoint    ] Application time: 1.0000766 seconds
[2019-12-09T08:51:19.768+0000][1][safepoint    ] Entering safepoint region: Cleanup
[2019-12-09T08:51:19.769+0000][1][safepoint    ] Leaving safepoint region
[2019-12-09T08:51:19.769+0000][1][safepoint    ] Total time for which application threads were stopped: 0.0000661 seconds, Stopping threads took: 0.0000159 seconds
[2019-12-09T08:51:20.769+0000][1][safepoint    ] Application time: 1.0000788 seconds
[2019-12-09T08:51:20.769+0000][1][safepoint    ] Entering safepoint region: Cleanup
[2019-12-09T08:51:20.769+0000][1][safepoint    ] Leaving safepoint region
[2019-12-09T08:51:20.769+0000][1][safepoint    ] Total time for which application threads were stopped: 0.0000823 seconds, Stopping threads took: 0.0000155 seconds
[2019-12-09T08:51:21.769+0000][1][safepoint    ] Application time: 1.0000769 seconds
[2019-12-09T08:51:21.769+0000][1][safepoint    ] Entering safepoint region: Cleanup
[2019-12-09T08:51:21.769+0000][1][safepoint    ] Leaving safepoint region
[2019-12-09T08:51:21.769+0000][1][safepoint    ] Total time for which application threads were stopped: 0.0000635 seconds, Stopping threads took: 0.0000149 seconds
[2019-12-09T08:51:22.769+0000][1][safepoint    ] Application time: 1.0000771 seconds
[2019-12-09T08:51:22.769+0000][1][safepoint    ] Entering safepoint region: Cleanup
[2019-12-09T08:51:22.769+0000][1][safepoint    ] Leaving safepoint region
[2019-12-09T08:51:22.769+0000][1][safepoint    ] Total time for which application threads were stopped: 0.0000671 seconds, Stopping threads took: 0.0000171 seconds
[2019-12-09T08:51:23.769+0000][1][safepoint    ] Application time: 1.0000773 seconds
[2019-12-09T08:51:23.769+0000][1][safepoint    ] Entering safepoint region: Cleanup
[2019-12-09T08:51:23.769+0000][1][safepoint    ] Leaving safepoint region
[2019-12-09T08:51:23.769+0000][1][safepoint    ] Total time for which application threads were stopped: 0.0000640 seconds, Stopping threads took: 0.0000156 seconds
[2019-12-09T08:51:24.769+0000][1][safepoint    ] Application time: 1.0000764 seconds
[2019-12-09T08:51:24.769+0000][1][safepoint    ] Entering safepoint region: Cleanup
[2019-12-09T08:51:24.769+0000][1][safepoint    ] Leaving safepoint region
[2019-12-09T08:51:24.769+0000][1][safepoint    ] Total time for which application threads were stopped: 0.0000649 seconds, Stopping threads took: 0.0000167 seconds
[2019-12-09T08:51:25.770+0000][1][safepoint    ] Application time: 1.0000760 seconds
[2019-12-09T08:51:25.770+0000][1][safepoint    ] Entering safepoint region: Cleanup
[2019-12-09T08:51:25.770+0000][1][safepoint    ] Leaving safepoint region
[2019-12-09T08:51:25.770+0000][1][safepoint    ] Total time for which application threads were stopped: 0.0000766 seconds, Stopping threads took: 0.0000170 seconds
[2019-12-09T08:51:26.770+0000][1][safepoint    ] Application time: 1.0000744 seconds
[2019-12-09T08:51:26.770+0000][1][safepoint    ] Entering safepoint region: Cleanup
[2019-12-09T08:51:26.770+0000][1][safepoint    ] Leaving safepoint region
[2019-12-09T08:51:26.770+0000][1][safepoint    ] Total time for which application threads were stopped: 0.0000632 seconds, Stopping threads took: 0.0000150 seconds
[2019-12-09T08:51:27.770+0000][1][safepoint    ] Application time: 1.0000771 seconds
[2019-12-09T08:51:27.770+0000][1][safepoint    ] Entering safepoint region: Cleanup
[2019-12-09T08:51:27.770+0000][1][safepoint    ] Leaving safepoint region
[2019-12-09T08:51:27.770+0000][1][safepoint    ] Total time for which application threads were stopped: 0.0000648 seconds, Stopping threads took: 0.0000154 seconds
[2019-12-09T08:51:28.770+0000][1][safepoint    ] Application time: 1.0000770 seconds
[2019-12-09T08:51:28.770+0000][1][safepoint    ] Entering safepoint region: Cleanup
[2019-12-09T08:51:28.770+0000][1][safepoint    ] Leaving safepoint region
[2019-12-09T08:51:28.770+0000][1][safepoint    ] Total time for which application threads were stopped: 0.0000644 seconds, Stopping threads took: 0.0000151 seconds
[2019-12-09T08:51:29.770+0000][1][safepoint    ] Application time: 1.0000766 seconds
[2019-12-09T08:51:29.770+0000][1][safepoint    ] Entering safepoint region: Cleanup
[2019-12-09T08:51:29.770+0000][1][safepoint    ] Leaving safepoint region
[2019-12-09T08:51:29.770+0000][1][safepoint    ] Total time for which application threads were stopped: 0.0000642 seconds, Stopping threads took: 0.0000157 seconds
[2019-12-09T08:51:30.771+0000][1][safepoint    ] Application time: 1.0000747 seconds
[2019-12-09T08:51:30.771+0000][1][safepoint    ] Entering safepoint region: Cleanup
[2019-12-09T08:51:30.771+0000][1][safepoint    ] Leaving safepoint region
[2019-12-09T08:51:30.771+0000][1][safepoint    ] Total time for which application threads were stopped: 0.0000661 seconds, Stopping threads took: 0.0000160 seconds
[2019-12-09T08:51:31.771+0000][1][safepoint    ] Application time: 1.0000769 seconds
[2019-12-09T08:51:31.771+0000][1][safepoint    ] Entering safepoint region: Cleanup
[2019-12-09T08:51:31.771+0000][1][safepoint    ] Leaving safepoint region
[2019-12-09T08:51:31.771+0000][1][safepoint    ] Total time for which application threads were stopped: 0.0000651 seconds, Stopping threads took: 0.0000152 seconds
[2019-12-09T08:51:32.771+0000][1][safepoint    ] Application time: 1.0000761 seconds
[2019-12-09T08:51:32.771+0000][1][safepoint    ] Entering safepoint region: Cleanup
[2019-12-09T08:51:32.771+0000][1][safepoint    ] Leaving safepoint region
[2019-12-09T08:51:32.771+0000][1][safepoint    ] Total time for which application threads were stopped: 0.0000662 seconds, Stopping threads took: 0.0000158 seconds
[2019-12-09T08:51:33.771+0000][1][safepoint    ] Application time: 1.0000753 seconds
[2019-12-09T08:51:33.771+0000][1][safepoint    ] Entering safepoint region: Cleanup
[2019-12-09T08:51:33.771+0000][1][safepoint    ] Leaving safepoint region
[2019-12-09T08:51:33.771+0000][1][safepoint    ] Total time for which application threads were stopped: 0.0000661 seconds, Stopping threads took: 0.0000153 seconds
[2019-12-09T08:51:34.771+0000][1][safepoint    ] Application time: 1.0000765 seconds
[2019-12-09T08:51:34.771+0000][1][safepoint    ] Entering safepoint region: Cleanup
[2019-12-09T08:51:34.771+0000][1][safepoint    ] Leaving safepoint region
[2019-12-09T08:51:34.771+0000][1][safepoint    ] Total time for which application threads were stopped: 0.0000655 seconds, Stopping threads took: 0.0000148 seconds
[2019-12-09T08:51:35.771+0000][1][safepoint    ] Application time: 1.0000750 seconds
[2019-12-09T08:51:35.771+0000][1][safepoint    ] Entering safepoint region: Cleanup
[2019-12-09T08:51:35.772+0000][1][safepoint    ] Leaving safepoint region
[2019-12-09T08:51:35.772+0000][1][safepoint    ] Total time for which application threads were stopped: 0.0000653 seconds, Stopping threads took: 0.0000166 seconds
[2019-12-09T08:51:36.772+0000][1][safepoint    ] Application time: 1.0000758 seconds
[2019-12-09T08:51:36.772+0000][1][safepoint    ] Entering safepoint region: Cleanup
[2019-12-09T08:51:36.772+0000][1][safepoint    ] Leaving safepoint region
[2019-12-09T08:51:36.772+0000][1][safepoint    ] Total time for which application threads were stopped: 0.0000813 seconds, Stopping threads took: 0.0000332 seconds
[2019-12-09T08:51:37.772+0000][1][safepoint    ] Application time: 1.0000758 seconds
[2019-12-09T08:51:37.772+0000][1][safepoint    ] Entering safepoint region: Cleanup
[2019-12-09T08:51:37.772+0000][1][safepoint    ] Leaving safepoint region
[2019-12-09T08:51:37.772+0000][1][safepoint    ] Total time for which application threads were stopped: 0.0000639 seconds, Stopping threads took: 0.0000159 seconds
[2019-12-09T08:51:38.772+0000][1][safepoint    ] Application time: 1.0000777 seconds
[2019-12-09T08:51:38.772+0000][1][safepoint    ] Entering safepoint region: Cleanup
[2019-12-09T08:51:38.772+0000][1][safepoint    ] Leaving safepoint region
[2019-12-09T08:51:38.772+0000][1][safepoint    ] Total time for which application threads were stopped: 0.0000638 seconds, Stopping threads took: 0.0000151 seconds
[2019-12-09T08:51:39.772+0000][1][safepoint    ] Application time: 1.0000764 seconds
[2019-12-09T08:51:39.772+0000][1][safepoint    ] Entering safepoint region: Cleanup
[2019-12-09T08:51:39.772+0000][1][safepoint    ] Leaving safepoint region
[2019-12-09T08:51:39.772+0000][1][safepoint    ] Total time for which application threads were stopped: 0.0000625 seconds, Stopping threads took: 0.0000149 seconds
[2019-12-09T08:51:40.772+0000][1][safepoint    ] Application time: 1.0000780 seconds
[2019-12-09T08:51:40.772+0000][1][safepoint    ] Entering safepoint region: Cleanup
[2019-12-09T08:51:40.772+0000][1][safepoint    ] Leaving safepoint region
[2019-12-09T08:51:40.772+0000][1][safepoint    ] Total time for which application threads were stopped: 0.0000640 seconds, Stopping threads took: 0.0000164 seconds
[2019-12-09T08:51:41.773+0000][1][safepoint    ] Application time: 1.0000777 seconds
[2019-12-09T08:51:41.773+0000][1][safepoint    ] Entering safepoint region: Cleanup
[2019-12-09T08:51:41.773+0000][1][safepoint    ] Leaving safepoint region
[2019-12-09T08:51:41.773+0000][1][safepoint    ] Total time for which application threads were stopped: 0.0000802 seconds, Stopping threads took: 0.0000186 seconds
[2019-12-09T08:51:42.773+0000][1][safepoint    ] Application time: 1.0000807 seconds
[2019-12-09T08:51:42.773+0000][1][safepoint    ] Entering safepoint region: Cleanup
[2019-12-09T08:51:42.773+0000][1][safepoint    ] Leaving safepoint region
[2019-12-09T08:51:42.773+0000][1][safepoint    ] Total time for which application threads were stopped: 0.0000785 seconds, Stopping threads took: 0.0000269 seconds
[2019-12-09T08:51:43.773+0000][1][safepoint    ] Application time: 1.0000800 seconds
[2019-12-09T08:51:43.773+0000][1][safepoint    ] Entering safepoint region: Cleanup
[2019-12-09T08:51:43.773+0000][1][safepoint    ] Leaving safepoint region
[2019-12-09T08:51:43.773+0000][1][safepoint    ] Total time for which application threads were stopped: 0.0000695 seconds, Stopping threads took: 0.0000168 seconds
[2019-12-09T08:51:44.773+0000][1][safepoint    ] Application time: 1.0000982 seconds
[2019-12-09T08:51:44.773+0000][1][safepoint    ] Entering safepoint region: Cleanup
[2019-12-09T08:51:44.773+0000][1][safepoint    ] Leaving safepoint region
[2019-12-09T08:51:44.773+0000][1][safepoint    ] Total time for which application threads were stopped: 0.0000685 seconds, Stopping threads took: 0.0000177 seconds
[2019-12-09T08:51:45.773+0000][1][safepoint    ] Application time: 1.0000830 seconds
[2019-12-09T08:51:45.773+0000][1][safepoint    ] Entering safepoint region: Cleanup
[2019-12-09T08:51:45.774+0000][1][safepoint    ] Leaving safepoint region
[2019-12-09T08:51:45.774+0000][1][safepoint    ] Total time for which application threads were stopped: 0.0000838 seconds, Stopping threads took: 0.0000233 seconds
[2019-12-09T08:51:46.774+0000][1][safepoint    ] Application time: 1.0000738 seconds
[2019-12-09T08:51:46.774+0000][1][safepoint    ] Entering safepoint region: Cleanup
[2019-12-09T08:51:46.774+0000][1][safepoint    ] Leaving safepoint region
[2019-12-09T08:51:46.774+0000][1][safepoint    ] Total time for which application threads were stopped: 0.0000895 seconds, Stopping threads took: 0.0000165 seconds
[2019-12-09T08:51:47.774+0000][1][safepoint    ] Application time: 1.0000822 seconds
[2019-12-09T08:51:47.774+0000][1][safepoint    ] Entering safepoint region: Cleanup
[2019-12-09T08:51:47.774+0000][1][safepoint    ] Leaving safepoint region
[2019-12-09T08:51:47.774+0000][1][safepoint    ] Total time for which application threads were stopped: 0.0000625 seconds, Stopping threads took: 0.0000153 seconds
[2019-12-09T08:51:48.774+0000][1][safepoint    ] Application time: 1.0000664 seconds
[2019-12-09T08:51:48.774+0000][1][safepoint    ] Entering safepoint region: Cleanup
[2019-12-09T08:51:48.774+0000][1][safepoint    ] Leaving safepoint region
[2019-12-09T08:51:48.774+0000][1][safepoint    ] Total time for which application threads were stopped: 0.0000623 seconds, Stopping threads took: 0.0000150 seconds
[2019-12-09T08:51:49.774+0000][1][safepoint    ] Application time: 1.0000827 seconds
[2019-12-09T08:51:49.774+0000][1][safepoint    ] Entering safepoint region: Cleanup
[2019-12-09T08:51:49.774+0000][1][safepoint    ] Leaving safepoint region
[2019-12-09T08:51:49.774+0000][1][safepoint    ] Total time for which application threads were stopped: 0.0000632 seconds, Stopping threads took: 0.0000146 seconds
[2019-12-09T08:51:50.774+0000][1][safepoint    ] Application time: 1.0000761 seconds
[2019-12-09T08:51:50.774+0000][1][safepoint    ] Entering safepoint region: Cleanup
[2019-12-09T08:51:50.774+0000][1][safepoint    ] Leaving safepoint region
[2019-12-09T08:51:50.774+0000][1][safepoint    ] Total time for which application threads were stopped: 0.0000637 seconds, Stopping threads took: 0.0000164 seconds
[2019-12-09T08:51:51.774+0000][1][safepoint    ] Application time: 1.0000766 seconds
[2019-12-09T08:51:51.775+0000][1][safepoint    ] Entering safepoint region: Cleanup
[2019-12-09T08:51:51.775+0000][1][safepoint    ] Leaving safepoint region
[2019-12-09T08:51:51.775+0000][1][safepoint    ] Total time for which application threads were stopped: 0.0000678 seconds, Stopping threads took: 0.0000211 seconds
[2019-12-09T08:51:52.775+0000][1][safepoint    ] Application time: 1.0000739 seconds
[2019-12-09T08:51:52.775+0000][1][safepoint    ] Entering safepoint region: Cleanup
[2019-12-09T08:51:52.775+0000][1][safepoint    ] Leaving safepoint region
[2019-12-09T08:51:52.775+0000][1][safepoint    ] Total time for which application threads were stopped: 0.0000825 seconds, Stopping threads took: 0.0000342 seconds
[2019-12-09T08:51:53.775+0000][1][safepoint    ] Application time: 1.0000756 seconds
[2019-12-09T08:51:53.775+0000][1][safepoint    ] Entering safepoint region: Cleanup
[2019-12-09T08:51:53.775+0000][1][safepoint    ] Leaving safepoint region
[2019-12-09T08:51:53.775+0000][1][safepoint    ] Total time for which application threads were stopped: 0.0000625 seconds, Stopping threads took: 0.0000150 seconds
[2019-12-09T08:51:54.775+0000][1][safepoint    ] Application time: 1.0000731 seconds
[2019-12-09T08:51:54.775+0000][1][safepoint    ] Entering safepoint region: Cleanup
[2019-12-09T08:51:54.775+0000][1][safepoint    ] Leaving safepoint region
[2019-12-09T08:51:54.775+0000][1][safepoint    ] Total time for which application threads were stopped: 0.0000606 seconds, Stopping threads took: 0.0000154 seconds
[2019-12-09T08:51:55.775+0000][1][safepoint    ] Application time: 1.0000742 seconds
[2019-12-09T08:51:55.775+0000][1][safepoint    ] Entering safepoint region: Cleanup
[2019-12-09T08:51:55.775+0000][1][safepoint    ] Leaving safepoint region
[2019-12-09T08:51:55.775+0000][1][safepoint    ] Total time for which application threads were stopped: 0.0000600 seconds, Stopping threads took: 0.0000146 seconds
[2019-12-09T08:51:56.775+0000][1][safepoint    ] Application time: 1.0000761 seconds
[2019-12-09T08:51:56.775+0000][1][safepoint    ] Entering safepoint region: Cleanup
[2019-12-09T08:51:56.775+0000][1][safepoint    ] Leaving safepoint region
[2019-12-09T08:51:56.775+0000][1][safepoint    ] Total time for which application threads were stopped: 0.0000630 seconds, Stopping threads took: 0.0000160 seconds
[2019-12-09T08:51:57.775+0000][1][safepoint    ] Application time: 1.0000751 seconds
[2019-12-09T08:51:57.776+0000][1][safepoint    ] Entering safepoint region: Cleanup
[2019-12-09T08:51:57.776+0000][1][safepoint    ] Leaving safepoint region
[2019-12-09T08:51:57.776+0000][1][safepoint    ] Total time for which application threads were stopped: 0.0000631 seconds, Stopping threads took: 0.0000143 seconds
[2019-12-09T08:51:58.776+0000][1][safepoint    ] Application time: 1.0000837 seconds
[2019-12-09T08:51:58.776+0000][1][safepoint    ] Entering safepoint region: Cleanup
[2019-12-09T08:51:58.776+0000][1][safepoint    ] Leaving safepoint region
[2019-12-09T08:51:58.776+0000][1][safepoint    ] Total time for which application threads were stopped: 0.0000621 seconds, Stopping threads took: 0.0000164 seconds
[2019-12-09T08:51:59.776+0000][1][safepoint    ] Application time: 1.0000758 seconds
[2019-12-09T08:51:59.776+0000][1][safepoint    ] Entering safepoint region: Cleanup
[2019-12-09T08:51:59.776+0000][1][safepoint    ] Leaving safepoint region
[2019-12-09T08:51:59.776+0000][1][safepoint    ] Total time for which application threads were stopped: 0.0000644 seconds, Stopping threads took: 0.0000156 seconds
[2019-12-09T08:52:00.776+0000][1][safepoint    ] Application time: 1.0000761 seconds
[2019-12-09T08:52:00.776+0000][1][safepoint    ] Entering safepoint region: Cleanup
[2019-12-09T08:52:00.776+0000][1][safepoint    ] Leaving safepoint region
[2019-12-09T08:52:00.776+0000][1][safepoint    ] Total time for which application threads were stopped: 0.0000607 seconds, Stopping threads took: 0.0000157 seconds
[2019-12-09T08:52:01.105+0000][1][safepoint    ] Application time: 0.3287348 seconds
[2019-12-09T08:52:01.105+0000][1][safepoint    ] Entering safepoint region: GenCollectForAllocation
[2019-12-09T08:52:01.105+0000][1][gc,start     ] GC(78) Pause Young (Allocation Failure)
[2019-12-09T08:52:01.105+0000][1][gc,task      ] GC(78) Using 2 workers of 2 for evacuation
[2019-12-09T08:52:01.106+0000][1][gc,age       ] GC(78) Desired survivor size 4456448 bytes, new threshold 6 (max threshold 6)
[2019-12-09T08:52:01.106+0000][1][gc,age       ] GC(78) Age table with threshold 6 (max threshold 6)
[2019-12-09T08:52:01.106+0000][1][gc,age       ] GC(78) - age   1:       3160 bytes,       3160 total
[2019-12-09T08:52:01.106+0000][1][gc,heap      ] GC(78) ParNew: 69958K->4K(78656K)
[2019-12-09T08:52:01.106+0000][1][gc,heap      ] GC(78) CMS: 69465K->69465K(174784K)
[2019-12-09T08:52:01.106+0000][1][gc,metaspace ] GC(78) Metaspace: 68475K->68475K(1112064K)
[2019-12-09T08:52:01.106+0000][1][gc           ] GC(78) Pause Young (Allocation Failure) 136M->67M(247M) 1.348ms
[2019-12-09T08:52:01.106+0000][1][gc,cpu       ] GC(78) User=0.01s Sys=0.00s Real=0.00s
[2019-12-09T08:52:01.106+0000][1][safepoint    ] Leaving safepoint region
[2019-12-09T08:52:01.106+0000][1][safepoint    ] Total time for which application threads were stopped: 0.0014873 seconds, Stopping threads took: 0.0000171 seconds
[2019-12-09T08:52:02.106+0000][1][safepoint    ] Application time: 1.0000872 seconds
[2019-12-09T08:52:02.107+0000][1][safepoint    ] Entering safepoint region: Cleanup
[2019-12-09T08:52:02.107+0000][1][safepoint    ] Leaving safepoint region
[2019-12-09T08:52:02.107+0000][1][safepoint    ] Total time for which application threads were stopped: 0.0000751 seconds, Stopping threads took: 0.0000258 seconds
[2019-12-09T08:52:03.107+0000][1][safepoint    ] Application time: 1.0000770 seconds
[2019-12-09T08:52:03.107+0000][1][safepoint    ] Entering safepoint region: Cleanup
[2019-12-09T08:52:03.107+0000][1][safepoint    ] Leaving safepoint region
[2019-12-09T08:52:03.107+0000][1][safepoint    ] Total time for which application threads were stopped: 0.0000700 seconds, Stopping threads took: 0.0000185 seconds
[2019-12-09T08:52:04.107+0000][1][safepoint    ] Application time: 1.0000755 seconds
[2019-12-09T08:52:04.107+0000][1][safepoint    ] Entering safepoint region: Cleanup
[2019-12-09T08:52:04.107+0000][1][safepoint    ] Leaving safepoint region
[2019-12-09T08:52:04.107+0000][1][safepoint    ] Total time for which application threads were stopped: 0.0000670 seconds, Stopping threads took: 0.0000166 seconds
[2019-12-09T08:52:05.107+0000][1][safepoint    ] Application time: 1.0000771 seconds
[2019-12-09T08:52:05.107+0000][1][safepoint    ] Entering safepoint region: Cleanup
[2019-12-09T08:52:05.107+0000][1][safepoint    ] Leaving safepoint region
[2019-12-09T08:52:05.107+0000][1][safepoint    ] Total time for which application threads were stopped: 0.0000688 seconds, Stopping threads took: 0.0000169 seconds
[2019-12-09T08:52:06.107+0000][1][safepoint    ] Application time: 1.0000858 seconds
[2019-12-09T08:52:06.107+0000][1][safepoint    ] Entering safepoint region: Cleanup
[2019-12-09T08:52:06.107+0000][1][safepoint    ] Leaving safepoint region
[2019-12-09T08:52:06.107+0000][1][safepoint    ] Total time for which application threads were stopped: 0.0001061 seconds, Stopping threads took: 0.0000509 seconds
[2019-12-09T08:52:07.108+0000][1][safepoint    ] Application time: 1.0000860 seconds
[2019-12-09T08:52:07.108+0000][1][safepoint    ] Entering safepoint region: Cleanup
[2019-12-09T08:52:07.108+0000][1][safepoint    ] Leaving safepoint region
[2019-12-09T08:52:07.108+0000][1][safepoint    ] Total time for which application threads were stopped: 0.0000676 seconds, Stopping threads took: 0.0000177 seconds
[2019-12-09T08:52:08.108+0000][1][safepoint    ] Application time: 1.0000863 seconds
[2019-12-09T08:52:08.108+0000][1][safepoint    ] Entering safepoint region: Cleanup
[2019-12-09T08:52:08.108+0000][1][safepoint    ] Leaving safepoint region
[2019-12-09T08:52:08.108+0000][1][safepoint    ] Total time for which application threads were stopped: 0.0000672 seconds, Stopping threads took: 0.0000169 seconds
[2019-12-09T08:52:09.108+0000][1][safepoint    ] Application time: 1.0000758 seconds
[2019-12-09T08:52:09.108+0000][1][safepoint    ] Entering safepoint region: Cleanup
[2019-12-09T08:52:09.108+0000][1][safepoint    ] Leaving safepoint region
[2019-12-09T08:52:09.108+0000][1][safepoint    ] Total time for which application threads were stopped: 0.0000689 seconds, Stopping threads took: 0.0000171 seconds
[2019-12-09T08:52:10.108+0000][1][safepoint    ] Application time: 1.0000756 seconds
[2019-12-09T08:52:10.108+0000][1][safepoint    ] Entering safepoint region: Cleanup
[2019-12-09T08:52:10.108+0000][1][safepoint    ] Leaving safepoint region
[2019-12-09T08:52:10.108+0000][1][safepoint    ] Total time for which application threads were stopped: 0.0000688 seconds, Stopping threads took: 0.0000171 seconds
[2019-12-09T08:52:11.108+0000][1][safepoint    ] Application time: 1.0000745 seconds
[2019-12-09T08:52:11.108+0000][1][safepoint    ] Entering safepoint region: Cleanup
[2019-12-09T08:52:11.108+0000][1][safepoint    ] Leaving safepoint region
[2019-12-09T08:52:11.108+0000][1][safepoint    ] Total time for which application threads were stopped: 0.0000640 seconds, Stopping threads took: 0.0000159 seconds
[2019-12-09T08:52:12.108+0000][1][safepoint    ] Application time: 1.0000765 seconds
[2019-12-09T08:52:12.108+0000][1][safepoint    ] Entering safepoint region: Cleanup
[2019-12-09T08:52:12.109+0000][1][safepoint    ] Leaving safepoint region
[2019-12-09T08:52:12.109+0000][1][safepoint    ] Total time for which application threads were stopped: 0.0000730 seconds, Stopping threads took: 0.0000186 seconds
[2019-12-09T08:52:13.109+0000][1][safepoint    ] Application time: 1.0000806 seconds
[2019-12-09T08:52:13.109+0000][1][safepoint    ] Entering safepoint region: Cleanup
[2019-12-09T08:52:13.109+0000][1][safepoint    ] Leaving safepoint region
[2019-12-09T08:52:13.109+0000][1][safepoint    ] Total time for which application threads were stopped: 0.0000688 seconds, Stopping threads took: 0.0000176 seconds
[2019-12-09T08:52:14.109+0000][1][safepoint    ] Application time: 1.0000740 seconds
[2019-12-09T08:52:14.109+0000][1][safepoint    ] Entering safepoint region: Cleanup
[2019-12-09T08:52:14.109+0000][1][safepoint    ] Leaving safepoint region
[2019-12-09T08:52:14.109+0000][1][safepoint    ] Total time for which application threads were stopped: 0.0000882 seconds, Stopping threads took: 0.0000177 seconds
[2019-12-09T08:52:15.109+0000][1][safepoint    ] Application time: 1.0000745 seconds
[2019-12-09T08:52:15.109+0000][1][safepoint    ] Entering safepoint region: Cleanup
[2019-12-09T08:52:15.109+0000][1][safepoint    ] Leaving safepoint region
[2019-12-09T08:52:15.109+0000][1][safepoint    ] Total time for which application threads were stopped: 0.0000648 seconds, Stopping threads took: 0.0000149 seconds
[2019-12-09T08:52:16.109+0000][1][safepoint    ] Application time: 1.0000757 seconds
[2019-12-09T08:52:16.109+0000][1][safepoint    ] Entering safepoint region: Cleanup
[2019-12-09T08:52:16.109+0000][1][safepoint    ] Leaving safepoint region
[2019-12-09T08:52:16.109+0000][1][safepoint    ] Total time for which application threads were stopped: 0.0000665 seconds, Stopping threads took: 0.0000161 seconds
[2019-12-09T08:52:17.109+0000][1][safepoint    ] Application time: 1.0000755 seconds
[2019-12-09T08:52:17.109+0000][1][safepoint    ] Entering safepoint region: Cleanup
[2019-12-09T08:52:17.110+0000][1][safepoint    ] Leaving safepoint region
[2019-12-09T08:52:17.110+0000][1][safepoint    ] Total time for which application threads were stopped: 0.0000666 seconds, Stopping threads took: 0.0000173 seconds
[2019-12-09T08:52:18.110+0000][1][safepoint    ] Application time: 1.0000766 seconds
[2019-12-09T08:52:18.110+0000][1][safepoint    ] Entering safepoint region: Cleanup
[2019-12-09T08:52:18.110+0000][1][safepoint    ] Leaving safepoint region
[2019-12-09T08:52:18.110+0000][1][safepoint    ] Total time for which application threads were stopped: 0.0000818 seconds, Stopping threads took: 0.0000170 seconds
[2019-12-09T08:52:19.110+0000][1][safepoint    ] Application time: 1.0000747 seconds
[2019-12-09T08:52:19.110+0000][1][safepoint    ] Entering safepoint region: Cleanup
[2019-12-09T08:52:19.110+0000][1][safepoint    ] Leaving safepoint region
[2019-12-09T08:52:19.110+0000][1][safepoint    ] Total time for which application threads were stopped: 0.0000733 seconds, Stopping threads took: 0.0000171 seconds
[2019-12-09T08:52:20.110+0000][1][safepoint    ] Application time: 1.0000790 seconds
[2019-12-09T08:52:20.110+0000][1][safepoint    ] Entering safepoint region: Cleanup
[2019-12-09T08:52:20.110+0000][1][safepoint    ] Leaving safepoint region
[2019-12-09T08:52:20.110+0000][1][safepoint    ] Total time for which application threads were stopped: 0.0000674 seconds, Stopping threads took: 0.0000177 seconds
[2019-12-09T08:52:21.110+0000][1][safepoint    ] Application time: 1.0000739 seconds
[2019-12-09T08:52:21.110+0000][1][safepoint    ] Entering safepoint region: Cleanup
[2019-12-09T08:52:21.110+0000][1][safepoint    ] Leaving safepoint region
[2019-12-09T08:52:21.110+0000][1][safepoint    ] Total time for which application threads were stopped: 0.0000662 seconds, Stopping threads took: 0.0000166 seconds
[2019-12-09T08:52:22.110+0000][1][safepoint    ] Application time: 1.0000912 seconds
[2019-12-09T08:52:22.110+0000][1][safepoint    ] Entering safepoint region: Cleanup
[2019-12-09T08:52:22.111+0000][1][safepoint    ] Leaving safepoint region
[2019-12-09T08:52:22.111+0000][1][safepoint    ] Total time for which application threads were stopped: 0.0000727 seconds, Stopping threads took: 0.0000194 seconds
[2019-12-09T08:52:23.111+0000][1][safepoint    ] Application time: 1.0000796 seconds
[2019-12-09T08:52:23.111+0000][1][safepoint    ] Entering safepoint region: Cleanup
[2019-12-09T08:52:23.111+0000][1][safepoint    ] Leaving safepoint region
[2019-12-09T08:52:23.111+0000][1][safepoint    ] Total time for which application threads were stopped: 0.0000805 seconds, Stopping threads took: 0.0000177 seconds
[2019-12-09T08:52:24.111+0000][1][safepoint    ] Application time: 1.0000769 seconds
[2019-12-09T08:52:24.111+0000][1][safepoint    ] Entering safepoint region: Cleanup
[2019-12-09T08:52:24.111+0000][1][safepoint    ] Leaving safepoint region
[2019-12-09T08:52:24.111+0000][1][safepoint    ] Total time for which application threads were stopped: 0.0000687 seconds, Stopping threads took: 0.0000170 seconds
[2019-12-09T08:52:25.111+0000][1][safepoint    ] Application time: 1.0000770 seconds
[2019-12-09T08:52:25.111+0000][1][safepoint    ] Entering safepoint region: Cleanup
[2019-12-09T08:52:25.111+0000][1][safepoint    ] Leaving safepoint region
[2019-12-09T08:52:25.111+0000][1][safepoint    ] Total time for which application threads were stopped: 0.0000648 seconds, Stopping threads took: 0.0000164 seconds
[2019-12-09T08:52:26.111+0000][1][safepoint    ] Application time: 1.0000778 seconds
[2019-12-09T08:52:26.111+0000][1][safepoint    ] Entering safepoint region: Cleanup
[2019-12-09T08:52:26.111+0000][1][safepoint    ] Leaving safepoint region
[2019-12-09T08:52:26.111+0000][1][safepoint    ] Total time for which application threads were stopped: 0.0000646 seconds, Stopping threads took: 0.0000159 seconds
[2019-12-09T08:52:27.111+0000][1][safepoint    ] Application time: 1.0000751 seconds
[2019-12-09T08:52:27.111+0000][1][safepoint    ] Entering safepoint region: Cleanup
[2019-12-09T08:52:27.111+0000][1][safepoint    ] Leaving safepoint region
[2019-12-09T08:52:27.111+0000][1][safepoint    ] Total time for which application threads were stopped: 0.0000652 seconds, Stopping threads took: 0.0000161 seconds
[2019-12-09T08:52:28.112+0000][1][safepoint    ] Application time: 1.0000763 seconds
[2019-12-09T08:52:28.112+0000][1][safepoint    ] Entering safepoint region: Cleanup
[2019-12-09T08:52:28.112+0000][1][safepoint    ] Leaving safepoint region
[2019-12-09T08:52:28.112+0000][1][safepoint    ] Total time for which application threads were stopped: 0.0000656 seconds, Stopping threads took: 0.0000167 seconds
[2019-12-09T08:52:29.112+0000][1][safepoint    ] Application time: 1.0000765 seconds
[2019-12-09T08:52:29.112+0000][1][safepoint    ] Entering safepoint region: Cleanup
[2019-12-09T08:52:29.112+0000][1][safepoint    ] Leaving safepoint region
[2019-12-09T08:52:29.112+0000][1][safepoint    ] Total time for which application threads were stopped: 0.0000641 seconds, Stopping threads took: 0.0000159 seconds
[2019-12-09T08:52:30.112+0000][1][safepoint    ] Application time: 1.0000752 seconds
[2019-12-09T08:52:30.112+0000][1][safepoint    ] Entering safepoint region: Cleanup
[2019-12-09T08:52:30.112+0000][1][safepoint    ] Leaving safepoint region
[2019-12-09T08:52:30.112+0000][1][safepoint    ] Total time for which application threads were stopped: 0.0000659 seconds, Stopping threads took: 0.0000166 seconds
[2019-12-09T08:52:31.112+0000][1][safepoint    ] Application time: 1.0000773 seconds
[2019-12-09T08:52:31.112+0000][1][safepoint    ] Entering safepoint region: Cleanup
[2019-12-09T08:52:31.112+0000][1][safepoint    ] Leaving safepoint region
[2019-12-09T08:52:31.112+0000][1][safepoint    ] Total time for which application threads were stopped: 0.0000672 seconds, Stopping threads took: 0.0000175 seconds
[2019-12-09T08:52:32.112+0000][1][safepoint    ] Application time: 1.0000765 seconds
[2019-12-09T08:52:32.112+0000][1][safepoint    ] Entering safepoint region: Cleanup
[2019-12-09T08:52:32.112+0000][1][safepoint    ] Leaving safepoint region
[2019-12-09T08:52:32.112+0000][1][safepoint    ] Total time for which application threads were stopped: 0.0000737 seconds, Stopping threads took: 0.0000247 seconds
[2019-12-09T08:52:33.112+0000][1][safepoint    ] Application time: 1.0000774 seconds
[2019-12-09T08:52:33.113+0000][1][safepoint    ] Entering safepoint region: Cleanup
[2019-12-09T08:52:33.113+0000][1][safepoint    ] Leaving safepoint region
[2019-12-09T08:52:33.113+0000][1][safepoint    ] Total time for which application threads were stopped: 0.0000671 seconds, Stopping threads took: 0.0000161 seconds
[2019-12-09T08:52:34.113+0000][1][safepoint    ] Application time: 1.0000805 seconds
[2019-12-09T08:52:34.113+0000][1][safepoint    ] Entering safepoint region: Cleanup
[2019-12-09T08:52:34.113+0000][1][safepoint    ] Leaving safepoint region
[2019-12-09T08:52:34.113+0000][1][safepoint    ] Total time for which application threads were stopped: 0.0000680 seconds, Stopping threads took: 0.0000173 seconds
[2019-12-09T08:52:35.113+0000][1][safepoint    ] Application time: 1.0000764 seconds
[2019-12-09T08:52:35.113+0000][1][safepoint    ] Entering safepoint region: Cleanup
[2019-12-09T08:52:35.113+0000][1][safepoint    ] Leaving safepoint region
[2019-12-09T08:52:35.113+0000][1][safepoint    ] Total time for which application threads were stopped: 0.0000671 seconds, Stopping threads took: 0.0000173 seconds
[2019-12-09T08:52:36.113+0000][1][safepoint    ] Application time: 1.0000759 seconds
[2019-12-09T08:52:36.113+0000][1][safepoint    ] Entering safepoint region: Cleanup
[2019-12-09T08:52:36.113+0000][1][safepoint    ] Leaving safepoint region
[2019-12-09T08:52:36.113+0000][1][safepoint    ] Total time for which application threads were stopped: 0.0000660 seconds, Stopping threads took: 0.0000173 seconds
[2019-12-09T08:52:37.113+0000][1][safepoint    ] Application time: 1.0000777 seconds
[2019-12-09T08:52:37.113+0000][1][safepoint    ] Entering safepoint region: Cleanup
[2019-12-09T08:52:37.113+0000][1][safepoint    ] Leaving safepoint region
[2019-12-09T08:52:37.113+0000][1][safepoint    ] Total time for which application threads were stopped: 0.0000675 seconds, Stopping threads took: 0.0000181 seconds
[2019-12-09T08:52:38.113+0000][1][safepoint    ] Application time: 1.0000817 seconds
[2019-12-09T08:52:38.113+0000][1][safepoint    ] Entering safepoint region: Cleanup
[2019-12-09T08:52:38.114+0000][1][safepoint    ] Leaving safepoint region
[2019-12-09T08:52:38.114+0000][1][safepoint    ] Total time for which application threads were stopped: 0.0000673 seconds, Stopping threads took: 0.0000173 seconds
[2019-12-09T08:52:39.114+0000][1][safepoint    ] Application time: 1.0000741 seconds
[2019-12-09T08:52:39.114+0000][1][safepoint    ] Entering safepoint region: Cleanup
[2019-12-09T08:52:39.114+0000][1][safepoint    ] Leaving safepoint region
[2019-12-09T08:52:39.114+0000][1][safepoint    ] Total time for which application threads were stopped: 0.0000802 seconds, Stopping threads took: 0.0000287 seconds
[2019-12-09T08:52:40.114+0000][1][safepoint    ] Application time: 1.0000767 seconds
[2019-12-09T08:52:40.114+0000][1][safepoint    ] Entering safepoint region: Cleanup
[2019-12-09T08:52:40.114+0000][1][safepoint    ] Leaving safepoint region
[2019-12-09T08:52:40.114+0000][1][safepoint    ] Total time for which application threads were stopped: 0.0000773 seconds, Stopping threads took: 0.0000263 seconds
[2019-12-09T08:52:41.114+0000][1][safepoint    ] Application time: 1.0000764 seconds
[2019-12-09T08:52:41.114+0000][1][safepoint    ] Entering safepoint region: Cleanup
[2019-12-09T08:52:41.114+0000][1][safepoint    ] Leaving safepoint region
[2019-12-09T08:52:41.114+0000][1][safepoint    ] Total time for which application threads were stopped: 0.0000661 seconds, Stopping threads took: 0.0000174 seconds
[2019-12-09T08:52:42.114+0000][1][safepoint    ] Application time: 1.0000760 seconds
[2019-12-09T08:52:42.114+0000][1][safepoint    ] Entering safepoint region: Cleanup
[2019-12-09T08:52:42.114+0000][1][safepoint    ] Leaving safepoint region
[2019-12-09T08:52:42.114+0000][1][safepoint    ] Total time for which application threads were stopped: 0.0000764 seconds, Stopping threads took: 0.0000254 seconds
[2019-12-09T08:52:43.114+0000][1][safepoint    ] Application time: 1.0000750 seconds
[2019-12-09T08:52:43.114+0000][1][safepoint    ] Entering safepoint region: Cleanup
[2019-12-09T08:52:43.115+0000][1][safepoint    ] Leaving safepoint region
[2019-12-09T08:52:43.115+0000][1][safepoint    ] Total time for which application threads were stopped: 0.0000661 seconds, Stopping threads took: 0.0000168 seconds
[2019-12-09T08:52:44.115+0000][1][safepoint    ] Application time: 1.0000783 seconds
[2019-12-09T08:52:44.115+0000][1][safepoint    ] Entering safepoint region: Cleanup
[2019-12-09T08:52:44.115+0000][1][safepoint    ] Leaving safepoint region
[2019-12-09T08:52:44.115+0000][1][safepoint    ] Total time for which application threads were stopped: 0.0000804 seconds, Stopping threads took: 0.0000178 seconds
[2019-12-09T08:52:45.115+0000][1][safepoint    ] Application time: 1.0000755 seconds
[2019-12-09T08:52:45.115+0000][1][safepoint    ] Entering safepoint region: Cleanup
[2019-12-09T08:52:45.115+0000][1][safepoint    ] Leaving safepoint region
[2019-12-09T08:52:45.115+0000][1][safepoint    ] Total time for which application threads were stopped: 0.0000668 seconds, Stopping threads took: 0.0000155 seconds
[2019-12-09T08:52:46.115+0000][1][safepoint    ] Application time: 1.0000747 seconds
[2019-12-09T08:52:46.115+0000][1][safepoint    ] Entering safepoint region: Cleanup
[2019-12-09T08:52:46.115+0000][1][safepoint    ] Leaving safepoint region
[2019-12-09T08:52:46.115+0000][1][safepoint    ] Total time for which application threads were stopped: 0.0000693 seconds, Stopping threads took: 0.0000180 seconds
[2019-12-09T08:52:47.115+0000][1][safepoint    ] Application time: 1.0000762 seconds
[2019-12-09T08:52:47.115+0000][1][safepoint    ] Entering safepoint region: Cleanup
[2019-12-09T08:52:47.115+0000][1][safepoint    ] Leaving safepoint region
[2019-12-09T08:52:47.115+0000][1][safepoint    ] Total time for which application threads were stopped: 0.0000667 seconds, Stopping threads took: 0.0000173 seconds
[2019-12-09T08:52:48.115+0000][1][safepoint    ] Application time: 1.0000741 seconds
[2019-12-09T08:52:48.115+0000][1][safepoint    ] Entering safepoint region: Cleanup
[2019-12-09T08:52:48.115+0000][1][safepoint    ] Leaving safepoint region
[2019-12-09T08:52:48.115+0000][1][safepoint    ] Total time for which application threads were stopped: 0.0000661 seconds, Stopping threads took: 0.0000174 seconds
[2019-12-09T08:52:49.116+0000][1][safepoint    ] Application time: 1.0000817 seconds
[2019-12-09T08:52:49.116+0000][1][safepoint    ] Entering safepoint region: Cleanup
[2019-12-09T08:52:49.116+0000][1][safepoint    ] Leaving safepoint region
[2019-12-09T08:52:49.116+0000][1][safepoint    ] Total time for which application threads were stopped: 0.0000649 seconds, Stopping threads took: 0.0000155 seconds
[2019-12-09T08:52:50.116+0000][1][safepoint    ] Application time: 1.0000744 seconds
[2019-12-09T08:52:50.116+0000][1][safepoint    ] Entering safepoint region: Cleanup
[2019-12-09T08:52:50.116+0000][1][safepoint    ] Leaving safepoint region
[2019-12-09T08:52:50.116+0000][1][safepoint    ] Total time for which application threads were stopped: 0.0000752 seconds, Stopping threads took: 0.0000250 seconds
[2019-12-09T08:52:51.116+0000][1][safepoint    ] Application time: 1.0000757 seconds
[2019-12-09T08:52:51.116+0000][1][safepoint    ] Entering safepoint region: Cleanup
[2019-12-09T08:52:51.116+0000][1][safepoint    ] Leaving safepoint region
[2019-12-09T08:52:51.116+0000][1][safepoint    ] Total time for which application threads were stopped: 0.0000687 seconds, Stopping threads took: 0.0000170 seconds
[2019-12-09T08:52:52.116+0000][1][safepoint    ] Application time: 1.0000817 seconds
[2019-12-09T08:52:52.116+0000][1][safepoint    ] Entering safepoint region: Cleanup
[2019-12-09T08:52:52.116+0000][1][safepoint    ] Leaving safepoint region
[2019-12-09T08:52:52.116+0000][1][safepoint    ] Total time for which application threads were stopped: 0.0000904 seconds, Stopping threads took: 0.0000218 seconds
[2019-12-09T08:52:53.116+0000][1][safepoint    ] Application time: 1.0000771 seconds
[2019-12-09T08:52:53.116+0000][1][safepoint    ] Entering safepoint region: Cleanup
[2019-12-09T08:52:53.116+0000][1][safepoint    ] Leaving safepoint region
[2019-12-09T08:52:53.116+0000][1][safepoint    ] Total time for which application threads were stopped: 0.0000682 seconds, Stopping threads took: 0.0000164 seconds
[2019-12-09T08:52:54.117+0000][1][safepoint    ] Application time: 1.0000750 seconds
[2019-12-09T08:52:54.117+0000][1][safepoint    ] Entering safepoint region: Cleanup
[2019-12-09T08:52:54.117+0000][1][safepoint    ] Leaving safepoint region
[2019-12-09T08:52:54.117+0000][1][safepoint    ] Total time for which application threads were stopped: 0.0000687 seconds, Stopping threads took: 0.0000158 seconds
[2019-12-09T08:52:55.117+0000][1][safepoint    ] Application time: 1.0000748 seconds
[2019-12-09T08:52:55.117+0000][1][safepoint    ] Entering safepoint region: Cleanup
[2019-12-09T08:52:55.117+0000][1][safepoint    ] Leaving safepoint region
[2019-12-09T08:52:55.117+0000][1][safepoint    ] Total time for which application threads were stopped: 0.0000699 seconds, Stopping threads took: 0.0000179 seconds
[2019-12-09T08:52:56.117+0000][1][safepoint    ] Application time: 1.0000767 seconds
[2019-12-09T08:52:56.117+0000][1][safepoint    ] Entering safepoint region: Cleanup
[2019-12-09T08:52:56.117+0000][1][safepoint    ] Leaving safepoint region
[2019-12-09T08:52:56.117+0000][1][safepoint    ] Total time for which application threads were stopped: 0.0000671 seconds, Stopping threads took: 0.0000175 seconds
[2019-12-09T08:52:57.117+0000][1][safepoint    ] Application time: 1.0000750 seconds
[2019-12-09T08:52:57.117+0000][1][safepoint    ] Entering safepoint region: Cleanup
[2019-12-09T08:52:57.117+0000][1][safepoint    ] Leaving safepoint region
[2019-12-09T08:52:57.117+0000][1][safepoint    ] Total time for which application threads were stopped: 0.0000689 seconds, Stopping threads took: 0.0000171 seconds
[2019-12-09T08:52:58.117+0000][1][safepoint    ] Application time: 1.0000779 seconds
[2019-12-09T08:52:58.117+0000][1][safepoint    ] Entering safepoint region: Cleanup
[2019-12-09T08:52:58.117+0000][1][safepoint    ] Leaving safepoint region
[2019-12-09T08:52:58.117+0000][1][safepoint    ] Total time for which application threads were stopped: 0.0000940 seconds, Stopping threads took: 0.0000315 seconds
[2019-12-09T08:52:59.117+0000][1][safepoint    ] Application time: 1.0000801 seconds
[2019-12-09T08:52:59.118+0000][1][safepoint    ] Entering safepoint region: Cleanup
[2019-12-09T08:52:59.118+0000][1][safepoint    ] Leaving safepoint region
[2019-12-09T08:52:59.118+0000][1][safepoint    ] Total time for which application threads were stopped: 0.0000674 seconds, Stopping threads took: 0.0000176 seconds
[2019-12-09T08:53:00.118+0000][1][safepoint    ] Application time: 1.0000925 seconds
[2019-12-09T08:53:00.118+0000][1][safepoint    ] Entering safepoint region: Cleanup
[2019-12-09T08:53:00.118+0000][1][safepoint    ] Leaving safepoint region
[2019-12-09T08:53:00.118+0000][1][safepoint    ] Total time for which application threads were stopped: 0.0000778 seconds, Stopping threads took: 0.0000264 seconds
[2019-12-09T08:53:01.118+0000][1][safepoint    ] Application time: 1.0000794 seconds
[2019-12-09T08:53:01.118+0000][1][safepoint    ] Entering safepoint region: Cleanup
[2019-12-09T08:53:01.118+0000][1][safepoint    ] Leaving safepoint region
[2019-12-09T08:53:01.118+0000][1][safepoint    ] Total time for which application threads were stopped: 0.0000686 seconds, Stopping threads took: 0.0000180 seconds
[2019-12-09T08:53:02.118+0000][1][safepoint    ] Application time: 1.0000877 seconds
[2019-12-09T08:53:02.118+0000][1][safepoint    ] Entering safepoint region: Cleanup
[2019-12-09T08:53:02.118+0000][1][safepoint    ] Leaving safepoint region
[2019-12-09T08:53:02.118+0000][1][safepoint    ] Total time for which application threads were stopped: 0.0001116 seconds, Stopping threads took: 0.0000296 seconds
[2019-12-09T08:53:03.118+0000][1][safepoint    ] Application time: 1.0000793 seconds
[2019-12-09T08:53:03.118+0000][1][safepoint    ] Entering safepoint region: Cleanup
[2019-12-09T08:53:03.118+0000][1][safepoint    ] Leaving safepoint region
[2019-12-09T08:53:03.118+0000][1][safepoint    ] Total time for which application threads were stopped: 0.0000739 seconds, Stopping threads took: 0.0000226 seconds
[2019-12-09T08:53:04.119+0000][1][safepoint    ] Application time: 1.0000792 seconds
[2019-12-09T08:53:04.119+0000][1][safepoint    ] Entering safepoint region: Cleanup
[2019-12-09T08:53:04.119+0000][1][safepoint    ] Leaving safepoint region
[2019-12-09T08:53:04.119+0000][1][safepoint    ] Total time for which application threads were stopped: 0.0000682 seconds, Stopping threads took: 0.0000164 seconds
[2019-12-09T08:53:05.119+0000][1][safepoint    ] Application time: 1.0000884 seconds
[2019-12-09T08:53:05.119+0000][1][safepoint    ] Entering safepoint region: Cleanup
[2019-12-09T08:53:05.119+0000][1][safepoint    ] Leaving safepoint region
[2019-12-09T08:53:05.119+0000][1][safepoint    ] Total time for which application threads were stopped: 0.0000660 seconds, Stopping threads took: 0.0000169 seconds
[2019-12-09T08:53:06.119+0000][1][safepoint    ] Application time: 1.0000781 seconds
[2019-12-09T08:53:06.119+0000][1][safepoint    ] Entering safepoint region: Cleanup
[2019-12-09T08:53:06.119+0000][1][safepoint    ] Leaving safepoint region
[2019-12-09T08:53:06.119+0000][1][safepoint    ] Total time for which application threads were stopped: 0.0000671 seconds, Stopping threads took: 0.0000171 seconds
[2019-12-09T08:53:07.119+0000][1][safepoint    ] Application time: 1.0000776 seconds
[2019-12-09T08:53:07.119+0000][1][safepoint    ] Entering safepoint region: Cleanup
[2019-12-09T08:53:07.119+0000][1][safepoint    ] Leaving safepoint region
[2019-12-09T08:53:07.119+0000][1][safepoint    ] Total time for which application threads were stopped: 0.0000673 seconds, Stopping threads took: 0.0000175 seconds
[2019-12-09T08:53:08.119+0000][1][safepoint    ] Application time: 1.0000792 seconds
[2019-12-09T08:53:08.119+0000][1][safepoint    ] Entering safepoint region: Cleanup
[2019-12-09T08:53:08.119+0000][1][safepoint    ] Leaving safepoint region
[2019-12-09T08:53:08.119+0000][1][safepoint    ] Total time for which application threads were stopped: 0.0000645 seconds, Stopping threads took: 0.0000161 seconds
[2019-12-09T08:53:09.120+0000][1][safepoint    ] Application time: 1.0000800 seconds
[2019-12-09T08:53:09.120+0000][1][safepoint    ] Entering safepoint region: Cleanup
[2019-12-09T08:53:09.120+0000][1][safepoint    ] Leaving safepoint region
[2019-12-09T08:53:09.120+0000][1][safepoint    ] Total time for which application threads were stopped: 0.0000665 seconds, Stopping threads took: 0.0000172 seconds
[2019-12-09T08:53:10.120+0000][1][safepoint    ] Application time: 1.0000781 seconds
[2019-12-09T08:53:10.120+0000][1][safepoint    ] Entering safepoint region: Cleanup
[2019-12-09T08:53:10.120+0000][1][safepoint    ] Leaving safepoint region
[2019-12-09T08:53:10.120+0000][1][safepoint    ] Total time for which application threads were stopped: 0.0000752 seconds, Stopping threads took: 0.0000241 seconds
[2019-12-09T08:53:11.120+0000][1][safepoint    ] Application time: 1.0000761 seconds
[2019-12-09T08:53:11.120+0000][1][safepoint    ] Entering safepoint region: Cleanup
[2019-12-09T08:53:11.120+0000][1][safepoint    ] Leaving safepoint region
[2019-12-09T08:53:11.120+0000][1][safepoint    ] Total time for which application threads were stopped: 0.0000650 seconds, Stopping threads took: 0.0000162 seconds
[2019-12-09T08:53:12.120+0000][1][safepoint    ] Application time: 1.0000778 seconds
[2019-12-09T08:53:12.120+0000][1][safepoint    ] Entering safepoint region: Cleanup
[2019-12-09T08:53:12.120+0000][1][safepoint    ] Leaving safepoint region
[2019-12-09T08:53:12.120+0000][1][safepoint    ] Total time for which application threads were stopped: 0.0000737 seconds, Stopping threads took: 0.0000239 seconds
[2019-12-09T08:53:13.120+0000][1][safepoint    ] Application time: 1.0000787 seconds
[2019-12-09T08:53:13.120+0000][1][safepoint    ] Entering safepoint region: Cleanup
[2019-12-09T08:53:13.120+0000][1][safepoint    ] Leaving safepoint region
[2019-12-09T08:53:13.120+0000][1][safepoint    ] Total time for which application threads were stopped: 0.0000645 seconds, Stopping threads took: 0.0000162 seconds
[2019-12-09T08:53:14.120+0000][1][safepoint    ] Application time: 1.0000803 seconds
[2019-12-09T08:53:14.121+0000][1][safepoint    ] Entering safepoint region: Cleanup
[2019-12-09T08:53:14.121+0000][1][safepoint    ] Leaving safepoint region
[2019-12-09T08:53:14.121+0000][1][safepoint    ] Total time for which application threads were stopped: 0.0000672 seconds, Stopping threads took: 0.0000175 seconds
[2019-12-09T08:53:15.121+0000][1][safepoint    ] Application time: 1.0000782 seconds
[2019-12-09T08:53:15.121+0000][1][safepoint    ] Entering safepoint region: Cleanup
[2019-12-09T08:53:15.121+0000][1][safepoint    ] Leaving safepoint region
[2019-12-09T08:53:15.121+0000][1][safepoint    ] Total time for which application threads were stopped: 0.0000686 seconds, Stopping threads took: 0.0000169 seconds
[2019-12-09T08:53:16.121+0000][1][safepoint    ] Application time: 1.0000789 seconds
[2019-12-09T08:53:16.121+0000][1][safepoint    ] Entering safepoint region: Cleanup
[2019-12-09T08:53:16.121+0000][1][safepoint    ] Leaving safepoint region
[2019-12-09T08:53:16.121+0000][1][safepoint    ] Total time for which application threads were stopped: 0.0000661 seconds, Stopping threads took: 0.0000168 seconds
[2019-12-09T08:53:17.121+0000][1][safepoint    ] Application time: 1.0000772 seconds
[2019-12-09T08:53:17.121+0000][1][safepoint    ] Entering safepoint region: Cleanup
[2019-12-09T08:53:17.121+0000][1][safepoint    ] Leaving safepoint region
[2019-12-09T08:53:17.121+0000][1][safepoint    ] Total time for which application threads were stopped: 0.0000661 seconds, Stopping threads took: 0.0000168 seconds
[2019-12-09T08:53:18.121+0000][1][safepoint    ] Application time: 1.0000748 seconds
[2019-12-09T08:53:18.121+0000][1][safepoint    ] Entering safepoint region: Cleanup
[2019-12-09T08:53:18.121+0000][1][safepoint    ] Leaving safepoint region
[2019-12-09T08:53:18.121+0000][1][safepoint    ] Total time for which application threads were stopped: 0.0000660 seconds, Stopping threads took: 0.0000160 seconds
[2019-12-09T08:53:19.121+0000][1][safepoint    ] Application time: 1.0000788 seconds
[2019-12-09T08:53:19.121+0000][1][safepoint    ] Entering safepoint region: Cleanup
[2019-12-09T08:53:19.122+0000][1][safepoint    ] Leaving safepoint region
[2019-12-09T08:53:19.122+0000][1][safepoint    ] Total time for which application threads were stopped: 0.0000663 seconds, Stopping threads took: 0.0000164 seconds
[2019-12-09T08:53:20.122+0000][1][safepoint    ] Application time: 1.0000745 seconds
[2019-12-09T08:53:20.122+0000][1][safepoint    ] Entering safepoint region: Cleanup
[2019-12-09T08:53:20.122+0000][1][safepoint    ] Leaving safepoint region
[2019-12-09T08:53:20.122+0000][1][safepoint    ] Total time for which application threads were stopped: 0.0000894 seconds, Stopping threads took: 0.0000155 seconds
[2019-12-09T08:53:21.122+0000][1][safepoint    ] Application time: 1.0000760 seconds
[2019-12-09T08:53:21.122+0000][1][safepoint    ] Entering safepoint region: Cleanup
[2019-12-09T08:53:21.122+0000][1][safepoint    ] Leaving safepoint region
[2019-12-09T08:53:21.122+0000][1][safepoint    ] Total time for which application threads were stopped: 0.0000664 seconds, Stopping threads took: 0.0000166 seconds
[2019-12-09T08:53:22.122+0000][1][safepoint    ] Application time: 1.0000843 seconds
[2019-12-09T08:53:22.122+0000][1][safepoint    ] Entering safepoint region: Cleanup
[2019-12-09T08:53:22.122+0000][1][safepoint    ] Leaving safepoint region
[2019-12-09T08:53:22.122+0000][1][safepoint    ] Total time for which application threads were stopped: 0.0000909 seconds, Stopping threads took: 0.0000211 seconds
[2019-12-09T08:53:23.122+0000][1][safepoint    ] Application time: 1.0000764 seconds
[2019-12-09T08:53:23.122+0000][1][safepoint    ] Entering safepoint region: Cleanup
[2019-12-09T08:53:23.122+0000][1][safepoint    ] Leaving safepoint region
[2019-12-09T08:53:23.122+0000][1][safepoint    ] Total time for which application threads were stopped: 0.0000633 seconds, Stopping threads took: 0.0000152 seconds
[2019-12-09T08:53:24.122+0000][1][safepoint    ] Application time: 1.0000782 seconds
[2019-12-09T08:53:24.122+0000][1][safepoint    ] Entering safepoint region: Cleanup
[2019-12-09T08:53:24.122+0000][1][safepoint    ] Leaving safepoint region
[2019-12-09T08:53:24.122+0000][1][safepoint    ] Total time for which application threads were stopped: 0.0000682 seconds, Stopping threads took: 0.0000179 seconds
[2019-12-09T08:53:25.123+0000][1][safepoint    ] Application time: 1.0000773 seconds
[2019-12-09T08:53:25.123+0000][1][safepoint    ] Entering safepoint region: Cleanup
[2019-12-09T08:53:25.123+0000][1][safepoint    ] Leaving safepoint region
[2019-12-09T08:53:25.123+0000][1][safepoint    ] Total time for which application threads were stopped: 0.0000772 seconds, Stopping threads took: 0.0000154 seconds
[2019-12-09T08:53:26.123+0000][1][safepoint    ] Application time: 1.0000756 seconds
[2019-12-09T08:53:26.123+0000][1][safepoint    ] Entering safepoint region: Cleanup
[2019-12-09T08:53:26.123+0000][1][safepoint    ] Leaving safepoint region
[2019-12-09T08:53:26.123+0000][1][safepoint    ] Total time for which application threads were stopped: 0.0000661 seconds, Stopping threads took: 0.0000166 seconds
[2019-12-09T08:53:27.123+0000][1][safepoint    ] Application time: 1.0000762 seconds
[2019-12-09T08:53:27.123+0000][1][safepoint    ] Entering safepoint region: Cleanup
[2019-12-09T08:53:27.123+0000][1][safepoint    ] Leaving safepoint region
[2019-12-09T08:53:27.123+0000][1][safepoint    ] Total time for which application threads were stopped: 0.0000645 seconds, Stopping threads took: 0.0000170 seconds
[2019-12-09T08:53:28.123+0000][1][safepoint    ] Application time: 1.0000757 seconds
[2019-12-09T08:53:28.123+0000][1][safepoint    ] Entering safepoint region: Cleanup
[2019-12-09T08:53:28.123+0000][1][safepoint    ] Leaving safepoint region
[2019-12-09T08:53:28.123+0000][1][safepoint    ] Total time for which application threads were stopped: 0.0000642 seconds, Stopping threads took: 0.0000154 seconds
[2019-12-09T08:53:29.123+0000][1][safepoint    ] Application time: 1.0000763 seconds
[2019-12-09T08:53:29.123+0000][1][safepoint    ] Entering safepoint region: Cleanup
[2019-12-09T08:53:29.123+0000][1][safepoint    ] Leaving safepoint region
[2019-12-09T08:53:29.123+0000][1][safepoint    ] Total time for which application threads were stopped: 0.0000692 seconds, Stopping threads took: 0.0000173 seconds
[2019-12-09T08:53:30.123+0000][1][safepoint    ] Application time: 1.0000778 seconds
[2019-12-09T08:53:30.124+0000][1][safepoint    ] Entering safepoint region: Cleanup
[2019-12-09T08:53:30.124+0000][1][safepoint    ] Leaving safepoint region
[2019-12-09T08:53:30.124+0000][1][safepoint    ] Total time for which application threads were stopped: 0.0000782 seconds, Stopping threads took: 0.0000170 seconds
[2019-12-09T08:53:31.124+0000][1][safepoint    ] Application time: 1.0000850 seconds
[2019-12-09T08:53:31.124+0000][1][safepoint    ] Entering safepoint region: Cleanup
[2019-12-09T08:53:31.124+0000][1][safepoint    ] Leaving safepoint region
[2019-12-09T08:53:31.124+0000][1][safepoint    ] Total time for which application threads were stopped: 0.0000672 seconds, Stopping threads took: 0.0000161 seconds
[2019-12-09T08:53:32.124+0000][1][safepoint    ] Application time: 1.0000770 seconds
[2019-12-09T08:53:32.124+0000][1][safepoint    ] Entering safepoint region: Cleanup
[2019-12-09T08:53:32.124+0000][1][safepoint    ] Leaving safepoint region
[2019-12-09T08:53:32.124+0000][1][safepoint    ] Total time for which application threads were stopped: 0.0000680 seconds, Stopping threads took: 0.0000170 seconds
[2019-12-09T08:53:33.124+0000][1][safepoint    ] Application time: 1.0000767 seconds
[2019-12-09T08:53:33.124+0000][1][safepoint    ] Entering safepoint region: Cleanup
[2019-12-09T08:53:33.124+0000][1][safepoint    ] Leaving safepoint region
[2019-12-09T08:53:33.124+0000][1][safepoint    ] Total time for which application threads were stopped: 0.0000650 seconds, Stopping threads took: 0.0000163 seconds
[2019-12-09T08:53:34.124+0000][1][safepoint    ] Application time: 1.0000765 seconds
[2019-12-09T08:53:34.124+0000][1][safepoint    ] Entering safepoint region: Cleanup
[2019-12-09T08:53:34.124+0000][1][safepoint    ] Leaving safepoint region
[2019-12-09T08:53:34.124+0000][1][safepoint    ] Total time for which application threads were stopped: 0.0000669 seconds, Stopping threads took: 0.0000177 seconds
[2019-12-09T08:53:35.124+0000][1][safepoint    ] Application time: 1.0000748 seconds
[2019-12-09T08:53:35.124+0000][1][safepoint    ] Entering safepoint region: Cleanup
[2019-12-09T08:53:35.125+0000][1][safepoint    ] Leaving safepoint region
[2019-12-09T08:53:35.125+0000][1][safepoint    ] Total time for which application threads were stopped: 0.0000649 seconds, Stopping threads took: 0.0000162 seconds
[2019-12-09T08:53:36.125+0000][1][safepoint    ] Application time: 1.0000760 seconds
[2019-12-09T08:53:36.125+0000][1][safepoint    ] Entering safepoint region: Cleanup
[2019-12-09T08:53:36.125+0000][1][safepoint    ] Leaving safepoint region
[2019-12-09T08:53:36.125+0000][1][safepoint    ] Total time for which application threads were stopped: 0.0000793 seconds, Stopping threads took: 0.0000178 seconds
[2019-12-09T08:53:37.125+0000][1][safepoint    ] Application time: 1.0000381 seconds
[2019-12-09T08:53:37.125+0000][1][safepoint    ] Entering safepoint region: Cleanup
[2019-12-09T08:53:37.125+0000][1][safepoint    ] Leaving safepoint region
[2019-12-09T08:53:37.125+0000][1][safepoint    ] Total time for which application threads were stopped: 0.0000663 seconds, Stopping threads took: 0.0000175 seconds
[2019-12-09T08:53:38.125+0000][1][safepoint    ] Application time: 1.0000763 seconds
[2019-12-09T08:53:38.125+0000][1][safepoint    ] Entering safepoint region: Cleanup
[2019-12-09T08:53:38.125+0000][1][safepoint    ] Leaving safepoint region
[2019-12-09T08:53:38.125+0000][1][safepoint    ] Total time for which application threads were stopped: 0.0000659 seconds, Stopping threads took: 0.0000165 seconds
[2019-12-09T08:53:39.125+0000][1][safepoint    ] Application time: 1.0000770 seconds
[2019-12-09T08:53:39.125+0000][1][safepoint    ] Entering safepoint region: Cleanup
[2019-12-09T08:53:39.125+0000][1][safepoint    ] Leaving safepoint region
[2019-12-09T08:53:39.125+0000][1][safepoint    ] Total time for which application threads were stopped: 0.0000691 seconds, Stopping threads took: 0.0000173 seconds
[2019-12-09T08:53:40.125+0000][1][safepoint    ] Application time: 1.0000794 seconds
[2019-12-09T08:53:40.125+0000][1][safepoint    ] Entering safepoint region: Cleanup
[2019-12-09T08:53:40.125+0000][1][safepoint    ] Leaving safepoint region
[2019-12-09T08:53:40.125+0000][1][safepoint    ] Total time for which application threads were stopped: 0.0000685 seconds, Stopping threads took: 0.0000171 seconds
[2019-12-09T08:53:41.126+0000][1][safepoint    ] Application time: 1.0000785 seconds
[2019-12-09T08:53:41.126+0000][1][safepoint    ] Entering safepoint region: Cleanup
[2019-12-09T08:53:41.126+0000][1][safepoint    ] Leaving safepoint region
[2019-12-09T08:53:41.126+0000][1][safepoint    ] Total time for which application threads were stopped: 0.0000663 seconds, Stopping threads took: 0.0000167 seconds
[2019-12-09T08:53:42.126+0000][1][safepoint    ] Application time: 1.0000778 seconds
[2019-12-09T08:53:42.126+0000][1][safepoint    ] Entering safepoint region: Cleanup
[2019-12-09T08:53:42.126+0000][1][safepoint    ] Leaving safepoint region
[2019-12-09T08:53:42.126+0000][1][safepoint    ] Total time for which application threads were stopped: 0.0000717 seconds, Stopping threads took: 0.0000235 seconds
[2019-12-09T08:53:43.126+0000][1][safepoint    ] Application time: 1.0000768 seconds
[2019-12-09T08:53:43.126+0000][1][safepoint    ] Entering safepoint region: Cleanup
[2019-12-09T08:53:43.126+0000][1][safepoint    ] Leaving safepoint region
[2019-12-09T08:53:43.126+0000][1][safepoint    ] Total time for which application threads were stopped: 0.0000643 seconds, Stopping threads took: 0.0000161 seconds
[2019-12-09T08:53:44.126+0000][1][safepoint    ] Application time: 1.0000852 seconds
[2019-12-09T08:53:44.126+0000][1][safepoint    ] Entering safepoint region: Cleanup
[2019-12-09T08:53:44.126+0000][1][safepoint    ] Leaving safepoint region
[2019-12-09T08:53:44.126+0000][1][safepoint    ] Total time for which application threads were stopped: 0.0000675 seconds, Stopping threads took: 0.0000181 seconds
[2019-12-09T08:53:45.126+0000][1][safepoint    ] Application time: 1.0000810 seconds
[2019-12-09T08:53:45.126+0000][1][safepoint    ] Entering safepoint region: Cleanup
[2019-12-09T08:53:45.126+0000][1][safepoint    ] Leaving safepoint region
[2019-12-09T08:53:45.126+0000][1][safepoint    ] Total time for which application threads were stopped: 0.0000679 seconds, Stopping threads took: 0.0000166 seconds
[2019-12-09T08:53:46.126+0000][1][safepoint    ] Application time: 1.0000795 seconds
[2019-12-09T08:53:46.127+0000][1][safepoint    ] Entering safepoint region: Cleanup
[2019-12-09T08:53:46.127+0000][1][safepoint    ] Leaving safepoint region
[2019-12-09T08:53:46.127+0000][1][safepoint    ] Total time for which application threads were stopped: 0.0000678 seconds, Stopping threads took: 0.0000161 seconds
[2019-12-09T08:53:47.127+0000][1][safepoint    ] Application time: 1.0000796 seconds
[2019-12-09T08:53:47.127+0000][1][safepoint    ] Entering safepoint region: Cleanup
[2019-12-09T08:53:47.127+0000][1][safepoint    ] Leaving safepoint region
[2019-12-09T08:53:47.127+0000][1][safepoint    ] Total time for which application threads were stopped: 0.0000684 seconds, Stopping threads took: 0.0000165 seconds
[2019-12-09T08:53:48.127+0000][1][safepoint    ] Application time: 1.0000778 seconds
[2019-12-09T08:53:48.127+0000][1][safepoint    ] Entering safepoint region: Cleanup
[2019-12-09T08:53:48.127+0000][1][safepoint    ] Leaving safepoint region
[2019-12-09T08:53:48.127+0000][1][safepoint    ] Total time for which application threads were stopped: 0.0000635 seconds, Stopping threads took: 0.0000153 seconds
[2019-12-09T08:53:49.127+0000][1][safepoint    ] Application time: 1.0000396 seconds
[2019-12-09T08:53:49.127+0000][1][safepoint    ] Entering safepoint region: Cleanup
[2019-12-09T08:53:49.127+0000][1][safepoint    ] Leaving safepoint region
[2019-12-09T08:53:49.127+0000][1][safepoint    ] Total time for which application threads were stopped: 0.0000870 seconds, Stopping threads took: 0.0000175 seconds
[2019-12-09T08:53:50.127+0000][1][safepoint    ] Application time: 1.0000779 seconds
[2019-12-09T08:53:50.127+0000][1][safepoint    ] Entering safepoint region: Cleanup
[2019-12-09T08:53:50.127+0000][1][safepoint    ] Leaving safepoint region
[2019-12-09T08:53:50.127+0000][1][safepoint    ] Total time for which application threads were stopped: 0.0000680 seconds, Stopping threads took: 0.0000167 seconds
[2019-12-09T08:53:51.127+0000][1][safepoint    ] Application time: 1.0000781 seconds
[2019-12-09T08:53:51.127+0000][1][safepoint    ] Entering safepoint region: Cleanup
[2019-12-09T08:53:51.128+0000][1][safepoint    ] Leaving safepoint region
[2019-12-09T08:53:51.128+0000][1][safepoint    ] Total time for which application threads were stopped: 0.0000775 seconds, Stopping threads took: 0.0000177 seconds
[2019-12-09T08:53:52.128+0000][1][safepoint    ] Application time: 1.0000890 seconds
[2019-12-09T08:53:52.128+0000][1][safepoint    ] Entering safepoint region: Cleanup
[2019-12-09T08:53:52.128+0000][1][safepoint    ] Leaving safepoint region
[2019-12-09T08:53:52.128+0000][1][safepoint    ] Total time for which application threads were stopped: 0.0000922 seconds, Stopping threads took: 0.0000254 seconds
[2019-12-09T08:53:53.128+0000][1][safepoint    ] Application time: 1.0000797 seconds
[2019-12-09T08:53:53.128+0000][1][safepoint    ] Entering safepoint region: Cleanup
[2019-12-09T08:53:53.128+0000][1][safepoint    ] Leaving safepoint region
[2019-12-09T08:53:53.128+0000][1][safepoint    ] Total time for which application threads were stopped: 0.0000633 seconds, Stopping threads took: 0.0000158 seconds
[2019-12-09T08:53:54.128+0000][1][safepoint    ] Application time: 1.0000769 seconds
[2019-12-09T08:53:54.128+0000][1][safepoint    ] Entering safepoint region: Cleanup
[2019-12-09T08:53:54.128+0000][1][safepoint    ] Leaving safepoint region
[2019-12-09T08:53:54.128+0000][1][safepoint    ] Total time for which application threads were stopped: 0.0000691 seconds, Stopping threads took: 0.0000176 seconds
[2019-12-09T08:53:55.128+0000][1][safepoint    ] Application time: 1.0000808 seconds
[2019-12-09T08:53:55.128+0000][1][safepoint    ] Entering safepoint region: Cleanup
[2019-12-09T08:53:55.128+0000][1][safepoint    ] Leaving safepoint region
[2019-12-09T08:53:55.128+0000][1][safepoint    ] Total time for which application threads were stopped: 0.0000689 seconds, Stopping threads took: 0.0000184 seconds
[2019-12-09T08:53:56.128+0000][1][safepoint    ] Application time: 1.0000770 seconds
[2019-12-09T08:53:56.129+0000][1][safepoint    ] Entering safepoint region: Cleanup
[2019-12-09T08:53:56.129+0000][1][safepoint    ] Leaving safepoint region
[2019-12-09T08:53:56.129+0000][1][safepoint    ] Total time for which application threads were stopped: 0.0000680 seconds, Stopping threads took: 0.0000167 seconds
[2019-12-09T08:53:57.129+0000][1][safepoint    ] Application time: 1.0000773 seconds
[2019-12-09T08:53:57.129+0000][1][safepoint    ] Entering safepoint region: Cleanup
[2019-12-09T08:53:57.129+0000][1][safepoint    ] Leaving safepoint region
[2019-12-09T08:53:57.129+0000][1][safepoint    ] Total time for which application threads were stopped: 0.0000682 seconds, Stopping threads took: 0.0000175 seconds
[2019-12-09T08:53:58.129+0000][1][safepoint    ] Application time: 1.0000758 seconds
[2019-12-09T08:53:58.129+0000][1][safepoint    ] Entering safepoint region: Cleanup
[2019-12-09T08:53:58.129+0000][1][safepoint    ] Leaving safepoint region
[2019-12-09T08:53:58.129+0000][1][safepoint    ] Total time for which application threads were stopped: 0.0000755 seconds, Stopping threads took: 0.0000194 seconds
[2019-12-09T08:53:59.129+0000][1][safepoint    ] Application time: 1.0000772 seconds
[2019-12-09T08:53:59.129+0000][1][safepoint    ] Entering safepoint region: Cleanup
[2019-12-09T08:53:59.129+0000][1][safepoint    ] Leaving safepoint region
[2019-12-09T08:53:59.129+0000][1][safepoint    ] Total time for which application threads were stopped: 0.0000664 seconds, Stopping threads took: 0.0000164 seconds
[2019-12-09T08:54:00.129+0000][1][safepoint    ] Application time: 1.0000754 seconds
[2019-12-09T08:54:00.129+0000][1][safepoint    ] Entering safepoint region: Cleanup
[2019-12-09T08:54:00.129+0000][1][safepoint    ] Leaving safepoint region
[2019-12-09T08:54:00.129+0000][1][safepoint    ] Total time for which application threads were stopped: 0.0000663 seconds, Stopping threads took: 0.0000167 seconds
[2019-12-09T08:54:01.129+0000][1][safepoint    ] Application time: 1.0000749 seconds
[2019-12-09T08:54:01.129+0000][1][safepoint    ] Entering safepoint region: Cleanup
[2019-12-09T08:54:01.130+0000][1][safepoint    ] Leaving safepoint region
[2019-12-09T08:54:01.130+0000][1][safepoint    ] Total time for which application threads were stopped: 0.0000647 seconds, Stopping threads took: 0.0000157 seconds
[2019-12-09T08:54:01.146+0000][1][safepoint    ] Application time: 0.0168383 seconds
[2019-12-09T08:54:01.146+0000][1][safepoint    ] Entering safepoint region: GenCollectForAllocation
[2019-12-09T08:54:01.146+0000][1][gc,start     ] GC(79) Pause Young (Allocation Failure)
[2019-12-09T08:54:01.146+0000][1][gc,task      ] GC(79) Using 2 workers of 2 for evacuation
[2019-12-09T08:54:01.148+0000][1][gc,age       ] GC(79) Desired survivor size 4456448 bytes, new threshold 6 (max threshold 6)
[2019-12-09T08:54:01.148+0000][1][gc,age       ] GC(79) Age table with threshold 6 (max threshold 6)
[2019-12-09T08:54:01.148+0000][1][gc,age       ] GC(79) - age   1:       3168 bytes,       3168 total
[2019-12-09T08:54:01.148+0000][1][gc,age       ] GC(79) - age   2:         72 bytes,       3240 total
[2019-12-09T08:54:01.148+0000][1][gc,heap      ] GC(79) ParNew: 69956K->4K(78656K)
[2019-12-09T08:54:01.148+0000][1][gc,heap      ] GC(79) CMS: 69465K->69465K(174784K)
[2019-12-09T08:54:01.148+0000][1][gc,metaspace ] GC(79) Metaspace: 68475K->68475K(1112064K)
[2019-12-09T08:54:01.148+0000][1][gc           ] GC(79) Pause Young (Allocation Failure) 136M->67M(247M) 1.333ms
[2019-12-09T08:54:01.148+0000][1][gc,cpu       ] GC(79) User=0.00s Sys=0.00s Real=0.00s
[2019-12-09T08:54:01.148+0000][1][safepoint    ] Leaving safepoint region
[2019-12-09T08:54:01.148+0000][1][safepoint    ] Total time for which application threads were stopped: 0.0014582 seconds, Stopping threads took: 0.0000137 seconds
[2019-12-09T08:54:02.148+0000][1][safepoint    ] Application time: 1.0000849 seconds
[2019-12-09T08:54:02.148+0000][1][safepoint    ] Entering safepoint region: Cleanup
[2019-12-09T08:54:02.148+0000][1][safepoint    ] Leaving safepoint region
[2019-12-09T08:54:02.148+0000][1][safepoint    ] Total time for which application threads were stopped: 0.0000673 seconds, Stopping threads took: 0.0000175 seconds
[2019-12-09T08:54:03.148+0000][1][safepoint    ] Application time: 1.0000752 seconds
[2019-12-09T08:54:03.148+0000][1][safepoint    ] Entering safepoint region: Cleanup
[2019-12-09T08:54:03.148+0000][1][safepoint    ] Leaving safepoint region
[2019-12-09T08:54:03.148+0000][1][safepoint    ] Total time for which application threads were stopped: 0.0000662 seconds, Stopping threads took: 0.0000173 seconds
[2019-12-09T08:54:04.148+0000][1][safepoint    ] Application time: 1.0000808 seconds
[2019-12-09T08:54:04.148+0000][1][safepoint    ] Entering safepoint region: Cleanup
[2019-12-09T08:54:04.148+0000][1][safepoint    ] Leaving safepoint region
[2019-12-09T08:54:04.148+0000][1][safepoint    ] Total time for which application threads were stopped: 0.0000672 seconds, Stopping threads took: 0.0000177 seconds
[2019-12-09T08:54:05.149+0000][1][safepoint    ] Application time: 1.0000764 seconds
[2019-12-09T08:54:05.149+0000][1][safepoint    ] Entering safepoint region: Cleanup
[2019-12-09T08:54:05.149+0000][1][safepoint    ] Leaving safepoint region
[2019-12-09T08:54:05.149+0000][1][safepoint    ] Total time for which application threads were stopped: 0.0000686 seconds, Stopping threads took: 0.0000164 seconds
[2019-12-09T08:54:06.149+0000][1][safepoint    ] Application time: 1.0000900 seconds
[2019-12-09T08:54:06.149+0000][1][safepoint    ] Entering safepoint region: Cleanup
[2019-12-09T08:54:06.149+0000][1][safepoint    ] Leaving safepoint region
[2019-12-09T08:54:06.149+0000][1][safepoint    ] Total time for which application threads were stopped: 0.0000756 seconds, Stopping threads took: 0.0000206 seconds
[2019-12-09T08:54:07.149+0000][1][safepoint    ] Application time: 1.0000848 seconds
[2019-12-09T08:54:07.149+0000][1][safepoint    ] Entering safepoint region: Cleanup
[2019-12-09T08:54:07.149+0000][1][safepoint    ] Leaving safepoint region
[2019-12-09T08:54:07.149+0000][1][safepoint    ] Total time for which application threads were stopped: 0.0000673 seconds, Stopping threads took: 0.0000158 seconds
[2019-12-09T08:54:08.149+0000][1][safepoint    ] Application time: 1.0000763 seconds
[2019-12-09T08:54:08.149+0000][1][safepoint    ] Entering safepoint region: Cleanup
[2019-12-09T08:54:08.149+0000][1][safepoint    ] Leaving safepoint region
[2019-12-09T08:54:08.149+0000][1][safepoint    ] Total time for which application threads were stopped: 0.0000678 seconds, Stopping threads took: 0.0000179 seconds
[2019-12-09T08:54:09.149+0000][1][safepoint    ] Application time: 1.0000544 seconds
[2019-12-09T08:54:09.149+0000][1][safepoint    ] Entering safepoint region: Cleanup
[2019-12-09T08:54:09.149+0000][1][safepoint    ] Leaving safepoint region
[2019-12-09T08:54:09.149+0000][1][safepoint    ] Total time for which application threads were stopped: 0.0000660 seconds, Stopping threads took: 0.0000182 seconds
[2019-12-09T08:54:10.149+0000][1][safepoint    ] Application time: 1.0000748 seconds
[2019-12-09T08:54:10.150+0000][1][safepoint    ] Entering safepoint region: Cleanup
[2019-12-09T08:54:10.150+0000][1][safepoint    ] Leaving safepoint region
[2019-12-09T08:54:10.150+0000][1][safepoint    ] Total time for which application threads were stopped: 0.0000662 seconds, Stopping threads took: 0.0000165 seconds
[2019-12-09T08:54:11.150+0000][1][safepoint    ] Application time: 1.0000767 seconds
[2019-12-09T08:54:11.150+0000][1][safepoint    ] Entering safepoint region: Cleanup
[2019-12-09T08:54:11.150+0000][1][safepoint    ] Leaving safepoint region
[2019-12-09T08:54:11.150+0000][1][safepoint    ] Total time for which application threads were stopped: 0.0000693 seconds, Stopping threads took: 0.0000192 seconds
[2019-12-09T08:54:12.150+0000][1][safepoint    ] Application time: 1.0000753 seconds
[2019-12-09T08:54:12.150+0000][1][safepoint    ] Entering safepoint region: Cleanup
[2019-12-09T08:54:12.150+0000][1][safepoint    ] Leaving safepoint region
[2019-12-09T08:54:12.150+0000][1][safepoint    ] Total time for which application threads were stopped: 0.0000751 seconds, Stopping threads took: 0.0000251 seconds
[2019-12-09T08:54:13.150+0000][1][safepoint    ] Application time: 1.0000746 seconds
[2019-12-09T08:54:13.150+0000][1][safepoint    ] Entering safepoint region: Cleanup
[2019-12-09T08:54:13.150+0000][1][safepoint    ] Leaving safepoint region
[2019-12-09T08:54:13.150+0000][1][safepoint    ] Total time for which application threads were stopped: 0.0000681 seconds, Stopping threads took: 0.0000174 seconds
[2019-12-09T08:54:14.150+0000][1][safepoint    ] Application time: 1.0000762 seconds
[2019-12-09T08:54:14.150+0000][1][safepoint    ] Entering safepoint region: Cleanup
[2019-12-09T08:54:14.150+0000][1][safepoint    ] Leaving safepoint region
[2019-12-09T08:54:14.150+0000][1][safepoint    ] Total time for which application threads were stopped: 0.0000674 seconds, Stopping threads took: 0.0000176 seconds
[2019-12-09T08:54:15.150+0000][1][safepoint    ] Application time: 1.0000741 seconds
[2019-12-09T08:54:15.150+0000][1][safepoint    ] Entering safepoint region: Cleanup
[2019-12-09T08:54:15.151+0000][1][safepoint    ] Leaving safepoint region
[2019-12-09T08:54:15.151+0000][1][safepoint    ] Total time for which application threads were stopped: 0.0000663 seconds, Stopping threads took: 0.0000170 seconds
[2019-12-09T08:54:16.151+0000][1][safepoint    ] Application time: 1.0000755 seconds
[2019-12-09T08:54:16.151+0000][1][safepoint    ] Entering safepoint region: Cleanup
[2019-12-09T08:54:16.151+0000][1][safepoint    ] Leaving safepoint region
[2019-12-09T08:54:16.151+0000][1][safepoint    ] Total time for which application threads were stopped: 0.0000811 seconds, Stopping threads took: 0.0000178 seconds
[2019-12-09T08:54:17.151+0000][1][safepoint    ] Application time: 1.0000762 seconds
[2019-12-09T08:54:17.151+0000][1][safepoint    ] Entering safepoint region: Cleanup
[2019-12-09T08:54:17.151+0000][1][safepoint    ] Leaving safepoint region
[2019-12-09T08:54:17.151+0000][1][safepoint    ] Total time for which application threads were stopped: 0.0000687 seconds, Stopping threads took: 0.0000194 seconds
[2019-12-09T08:54:18.611+0000][1][safepoint    ] Application time: 1.4596132 seconds
[2019-12-09T08:54:18.611+0000][1][safepoint    ] Entering safepoint region: Cleanup
[2019-12-09T08:54:18.611+0000][1][safepoint    ] Leaving safepoint region
[2019-12-09T08:54:18.611+0000][1][safepoint    ] Total time for which application threads were stopped: 0.0000616 seconds, Stopping threads took: 0.0000162 seconds
[2019-12-09T08:54:19.611+0000][1][safepoint    ] Application time: 1.0000765 seconds
[2019-12-09T08:54:19.611+0000][1][safepoint    ] Entering safepoint region: Cleanup
[2019-12-09T08:54:19.611+0000][1][safepoint    ] Leaving safepoint region
[2019-12-09T08:54:19.611+0000][1][safepoint    ] Total time for which application threads were stopped: 0.0000635 seconds, Stopping threads took: 0.0000165 seconds
[2019-12-09T08:54:20.611+0000][1][safepoint    ] Application time: 1.0000757 seconds
[2019-12-09T08:54:20.611+0000][1][safepoint    ] Entering safepoint region: Cleanup
[2019-12-09T08:54:20.611+0000][1][safepoint    ] Leaving safepoint region
[2019-12-09T08:54:20.611+0000][1][safepoint    ] Total time for which application threads were stopped: 0.0000654 seconds, Stopping threads took: 0.0000173 seconds
[2019-12-09T08:54:21.611+0000][1][safepoint    ] Application time: 1.0000773 seconds
[2019-12-09T08:54:21.611+0000][1][safepoint    ] Entering safepoint region: Cleanup
[2019-12-09T08:54:21.611+0000][1][safepoint    ] Leaving safepoint region
[2019-12-09T08:54:21.611+0000][1][safepoint    ] Total time for which application threads were stopped: 0.0000650 seconds, Stopping threads took: 0.0000164 seconds
[2019-12-09T08:54:22.611+0000][1][safepoint    ] Application time: 1.0000735 seconds
[2019-12-09T08:54:22.611+0000][1][safepoint    ] Entering safepoint region: Cleanup
[2019-12-09T08:54:22.611+0000][1][safepoint    ] Leaving safepoint region
[2019-12-09T08:54:22.611+0000][1][safepoint    ] Total time for which application threads were stopped: 0.0000627 seconds, Stopping threads took: 0.0000146 seconds
[2019-12-09T08:54:23.611+0000][1][safepoint    ] Application time: 1.0000762 seconds
[2019-12-09T08:54:23.611+0000][1][safepoint    ] Entering safepoint region: Cleanup
[2019-12-09T08:54:23.611+0000][1][safepoint    ] Leaving safepoint region
[2019-12-09T08:54:23.611+0000][1][safepoint    ] Total time for which application threads were stopped: 0.0000619 seconds, Stopping threads took: 0.0000150 seconds
[2019-12-09T08:54:24.612+0000][1][safepoint    ] Application time: 1.0000753 seconds
[2019-12-09T08:54:24.612+0000][1][safepoint    ] Entering safepoint region: Cleanup
[2019-12-09T08:54:24.612+0000][1][safepoint    ] Leaving safepoint region
[2019-12-09T08:54:24.612+0000][1][safepoint    ] Total time for which application threads were stopped: 0.0000631 seconds, Stopping threads took: 0.0000150 seconds
[2019-12-09T08:54:25.612+0000][1][safepoint    ] Application time: 1.0000825 seconds
[2019-12-09T08:54:25.612+0000][1][safepoint    ] Entering safepoint region: Cleanup
[2019-12-09T08:54:25.612+0000][1][safepoint    ] Leaving safepoint region
[2019-12-09T08:54:25.612+0000][1][safepoint    ] Total time for which application threads were stopped: 0.0000648 seconds, Stopping threads took: 0.0000158 seconds
[2019-12-09T08:54:26.612+0000][1][safepoint    ] Application time: 1.0000754 seconds
[2019-12-09T08:54:26.612+0000][1][safepoint    ] Entering safepoint region: Cleanup
[2019-12-09T08:54:26.612+0000][1][safepoint    ] Leaving safepoint region
[2019-12-09T08:54:26.612+0000][1][safepoint    ] Total time for which application threads were stopped: 0.0000651 seconds, Stopping threads took: 0.0000162 seconds
[2019-12-09T08:54:27.612+0000][1][safepoint    ] Application time: 1.0000739 seconds
[2019-12-09T08:54:27.612+0000][1][safepoint    ] Entering safepoint region: Cleanup
[2019-12-09T08:54:27.612+0000][1][safepoint    ] Leaving safepoint region
[2019-12-09T08:54:27.612+0000][1][safepoint    ] Total time for which application threads were stopped: 0.0000727 seconds, Stopping threads took: 0.0000250 seconds
[2019-12-09T08:54:28.612+0000][1][safepoint    ] Application time: 1.0000747 seconds
[2019-12-09T08:54:28.612+0000][1][safepoint    ] Entering safepoint region: Cleanup
[2019-12-09T08:54:28.612+0000][1][safepoint    ] Leaving safepoint region
[2019-12-09T08:54:28.612+0000][1][safepoint    ] Total time for which application threads were stopped: 0.0000654 seconds, Stopping threads took: 0.0000159 seconds
[2019-12-09T08:54:29.612+0000][1][safepoint    ] Application time: 1.0000772 seconds
[2019-12-09T08:54:29.612+0000][1][safepoint    ] Entering safepoint region: Cleanup
[2019-12-09T08:54:29.613+0000][1][safepoint    ] Leaving safepoint region
[2019-12-09T08:54:29.613+0000][1][safepoint    ] Total time for which application threads were stopped: 0.0000639 seconds, Stopping threads took: 0.0000160 seconds
[2019-12-09T08:54:30.613+0000][1][safepoint    ] Application time: 1.0000769 seconds
[2019-12-09T08:54:30.613+0000][1][safepoint    ] Entering safepoint region: Cleanup
[2019-12-09T08:54:30.613+0000][1][safepoint    ] Leaving safepoint region
[2019-12-09T08:54:30.613+0000][1][safepoint    ] Total time for which application threads were stopped: 0.0000770 seconds, Stopping threads took: 0.0000155 seconds
[2019-12-09T08:54:31.613+0000][1][safepoint    ] Application time: 1.0000763 seconds
[2019-12-09T08:54:31.613+0000][1][safepoint    ] Entering safepoint region: Cleanup
[2019-12-09T08:54:31.613+0000][1][safepoint    ] Leaving safepoint region
[2019-12-09T08:54:31.613+0000][1][safepoint    ] Total time for which application threads were stopped: 0.0000651 seconds, Stopping threads took: 0.0000163 seconds
[2019-12-09T08:54:32.613+0000][1][safepoint    ] Application time: 1.0000763 seconds
[2019-12-09T08:54:32.613+0000][1][safepoint    ] Entering safepoint region: Cleanup
[2019-12-09T08:54:32.613+0000][1][safepoint    ] Leaving safepoint region
[2019-12-09T08:54:32.613+0000][1][safepoint    ] Total time for which application threads were stopped: 0.0000645 seconds, Stopping threads took: 0.0000165 seconds
[2019-12-09T08:54:33.613+0000][1][safepoint    ] Application time: 1.0000572 seconds
[2019-12-09T08:54:33.613+0000][1][safepoint    ] Entering safepoint region: Cleanup
[2019-12-09T08:54:33.613+0000][1][safepoint    ] Leaving safepoint region
[2019-12-09T08:54:33.613+0000][1][safepoint    ] Total time for which application threads were stopped: 0.0000680 seconds, Stopping threads took: 0.0000201 seconds
[2019-12-09T08:54:34.613+0000][1][safepoint    ] Application time: 1.0000746 seconds
[2019-12-09T08:54:34.613+0000][1][safepoint    ] Entering safepoint region: Cleanup
[2019-12-09T08:54:34.613+0000][1][safepoint    ] Leaving safepoint region
[2019-12-09T08:54:34.613+0000][1][safepoint    ] Total time for which application threads were stopped: 0.0000649 seconds, Stopping threads took: 0.0000160 seconds
[2019-12-09T08:54:35.613+0000][1][safepoint    ] Application time: 1.0000747 seconds
[2019-12-09T08:54:35.614+0000][1][safepoint    ] Entering safepoint region: Cleanup
[2019-12-09T08:54:35.614+0000][1][safepoint    ] Leaving safepoint region
[2019-12-09T08:54:35.614+0000][1][safepoint    ] Total time for which application threads were stopped: 0.0000633 seconds, Stopping threads took: 0.0000154 seconds
[2019-12-09T08:54:36.614+0000][1][safepoint    ] Application time: 1.0000757 seconds
[2019-12-09T08:54:36.614+0000][1][safepoint    ] Entering safepoint region: Cleanup
[2019-12-09T08:54:36.614+0000][1][safepoint    ] Leaving safepoint region
[2019-12-09T08:54:36.614+0000][1][safepoint    ] Total time for which application threads were stopped: 0.0000659 seconds, Stopping threads took: 0.0000165 seconds
[2019-12-09T08:54:37.614+0000][1][safepoint    ] Application time: 1.0000747 seconds
[2019-12-09T08:54:37.614+0000][1][safepoint    ] Entering safepoint region: Cleanup
[2019-12-09T08:54:37.614+0000][1][safepoint    ] Leaving safepoint region
[2019-12-09T08:54:37.614+0000][1][safepoint    ] Total time for which application threads were stopped: 0.0000716 seconds, Stopping threads took: 0.0000221 seconds
[2019-12-09T08:54:38.614+0000][1][safepoint    ] Application time: 1.0000788 seconds
[2019-12-09T08:54:38.614+0000][1][safepoint    ] Entering safepoint region: Cleanup
[2019-12-09T08:54:38.614+0000][1][safepoint    ] Leaving safepoint region
[2019-12-09T08:54:38.614+0000][1][safepoint    ] Total time for which application threads were stopped: 0.0000660 seconds, Stopping threads took: 0.0000170 seconds
[2019-12-09T08:54:39.614+0000][1][safepoint    ] Application time: 1.0000782 seconds
[2019-12-09T08:54:39.614+0000][1][safepoint    ] Entering safepoint region: Cleanup
[2019-12-09T08:54:39.614+0000][1][safepoint    ] Leaving safepoint region
[2019-12-09T08:54:39.614+0000][1][safepoint    ] Total time for which application threads were stopped: 0.0000636 seconds, Stopping threads took: 0.0000152 seconds
[2019-12-09T08:54:40.614+0000][1][safepoint    ] Application time: 1.0000774 seconds
[2019-12-09T08:54:40.614+0000][1][safepoint    ] Entering safepoint region: Cleanup
[2019-12-09T08:54:40.614+0000][1][safepoint    ] Leaving safepoint region
[2019-12-09T08:54:40.614+0000][1][safepoint    ] Total time for which application threads were stopped: 0.0000632 seconds, Stopping threads took: 0.0000157 seconds
[2019-12-09T08:54:41.615+0000][1][safepoint    ] Application time: 1.0000770 seconds
[2019-12-09T08:54:41.615+0000][1][safepoint    ] Entering safepoint region: Cleanup
[2019-12-09T08:54:41.615+0000][1][safepoint    ] Leaving safepoint region
[2019-12-09T08:54:41.615+0000][1][safepoint    ] Total time for which application threads were stopped: 0.0000652 seconds, Stopping threads took: 0.0000168 seconds
[2019-12-09T08:54:42.615+0000][1][safepoint    ] Application time: 1.0000734 seconds
[2019-12-09T08:54:42.615+0000][1][safepoint    ] Entering safepoint region: Cleanup
[2019-12-09T08:54:42.615+0000][1][safepoint    ] Leaving safepoint region
[2019-12-09T08:54:42.615+0000][1][safepoint    ] Total time for which application threads were stopped: 0.0000669 seconds, Stopping threads took: 0.0000199 seconds
[2019-12-09T08:54:43.615+0000][1][safepoint    ] Application time: 1.0000764 seconds
[2019-12-09T08:54:43.615+0000][1][safepoint    ] Entering safepoint region: Cleanup
[2019-12-09T08:54:43.615+0000][1][safepoint    ] Leaving safepoint region
[2019-12-09T08:54:43.615+0000][1][safepoint    ] Total time for which application threads were stopped: 0.0000669 seconds, Stopping threads took: 0.0000170 seconds
[2019-12-09T08:54:44.615+0000][1][safepoint    ] Application time: 1.0000761 seconds
[2019-12-09T08:54:44.615+0000][1][safepoint    ] Entering safepoint region: Cleanup
[2019-12-09T08:54:44.615+0000][1][safepoint    ] Leaving safepoint region
[2019-12-09T08:54:44.615+0000][1][safepoint    ] Total time for which application threads were stopped: 0.0000668 seconds, Stopping threads took: 0.0000166 seconds
[2019-12-09T08:54:45.615+0000][1][safepoint    ] Application time: 1.0000781 seconds
[2019-12-09T08:54:45.615+0000][1][safepoint    ] Entering safepoint region: Cleanup
[2019-12-09T08:54:45.615+0000][1][safepoint    ] Leaving safepoint region
[2019-12-09T08:54:45.615+0000][1][safepoint    ] Total time for which application threads were stopped: 0.0000658 seconds, Stopping threads took: 0.0000163 seconds
[2019-12-09T08:54:46.615+0000][1][safepoint    ] Application time: 1.0000754 seconds
[2019-12-09T08:54:46.616+0000][1][safepoint    ] Entering safepoint region: Cleanup
[2019-12-09T08:54:46.616+0000][1][safepoint    ] Leaving safepoint region
[2019-12-09T08:54:46.616+0000][1][safepoint    ] Total time for which application threads were stopped: 0.0000667 seconds, Stopping threads took: 0.0000171 seconds
[2019-12-09T08:54:47.616+0000][1][safepoint    ] Application time: 1.0000753 seconds
[2019-12-09T08:54:47.616+0000][1][safepoint    ] Entering safepoint region: Cleanup
[2019-12-09T08:54:47.616+0000][1][safepoint    ] Leaving safepoint region
[2019-12-09T08:54:47.616+0000][1][safepoint    ] Total time for which application threads were stopped: 0.0000753 seconds, Stopping threads took: 0.0000244 seconds
[2019-12-09T08:54:48.616+0000][1][safepoint    ] Application time: 1.0000737 seconds
[2019-12-09T08:54:48.616+0000][1][safepoint    ] Entering safepoint region: Cleanup
[2019-12-09T08:54:48.616+0000][1][safepoint    ] Leaving safepoint region
[2019-12-09T08:54:48.616+0000][1][safepoint    ] Total time for which application threads were stopped: 0.0000860 seconds, Stopping threads took: 0.0000177 seconds
[2019-12-09T08:54:49.616+0000][1][safepoint    ] Application time: 1.0000739 seconds
[2019-12-09T08:54:49.616+0000][1][safepoint    ] Entering safepoint region: Cleanup
[2019-12-09T08:54:49.616+0000][1][safepoint    ] Leaving safepoint region
[2019-12-09T08:54:49.616+0000][1][safepoint    ] Total time for which application threads were stopped: 0.0000677 seconds, Stopping threads took: 0.0000176 seconds
[2019-12-09T08:54:50.616+0000][1][safepoint    ] Application time: 1.0000754 seconds
[2019-12-09T08:54:50.616+0000][1][safepoint    ] Entering safepoint region: Cleanup
[2019-12-09T08:54:50.616+0000][1][safepoint    ] Leaving safepoint region
[2019-12-09T08:54:50.616+0000][1][safepoint    ] Total time for which application threads were stopped: 0.0000681 seconds, Stopping threads took: 0.0000180 seconds
[2019-12-09T08:54:51.616+0000][1][safepoint    ] Application time: 1.0000747 seconds
[2019-12-09T08:54:51.616+0000][1][safepoint    ] Entering safepoint region: Cleanup
[2019-12-09T08:54:51.617+0000][1][safepoint    ] Leaving safepoint region
[2019-12-09T08:54:51.617+0000][1][safepoint    ] Total time for which application threads were stopped: 0.0000680 seconds, Stopping threads took: 0.0000170 seconds
[2019-12-09T08:54:52.617+0000][1][safepoint    ] Application time: 1.0000770 seconds
[2019-12-09T08:54:52.617+0000][1][safepoint    ] Entering safepoint region: Cleanup
[2019-12-09T08:54:52.617+0000][1][safepoint    ] Leaving safepoint region
[2019-12-09T08:54:52.617+0000][1][safepoint    ] Total time for which application threads were stopped: 0.0000750 seconds, Stopping threads took: 0.0000161 seconds
[2019-12-09T08:54:53.617+0000][1][safepoint    ] Application time: 1.0000751 seconds
[2019-12-09T08:54:53.617+0000][1][safepoint    ] Entering safepoint region: Cleanup
[2019-12-09T08:54:53.617+0000][1][safepoint    ] Leaving safepoint region
[2019-12-09T08:54:53.617+0000][1][safepoint    ] Total time for which application threads were stopped: 0.0000668 seconds, Stopping threads took: 0.0000166 seconds
[2019-12-09T08:54:54.617+0000][1][safepoint    ] Application time: 1.0000758 seconds
[2019-12-09T08:54:54.617+0000][1][safepoint    ] Entering safepoint region: Cleanup
[2019-12-09T08:54:54.617+0000][1][safepoint    ] Leaving safepoint region
[2019-12-09T08:54:54.617+0000][1][safepoint    ] Total time for which application threads were stopped: 0.0000680 seconds, Stopping threads took: 0.0000163 seconds
[2019-12-09T08:54:55.617+0000][1][safepoint    ] Application time: 1.0000748 seconds
[2019-12-09T08:54:55.617+0000][1][safepoint    ] Entering safepoint region: Cleanup
[2019-12-09T08:54:55.617+0000][1][safepoint    ] Leaving safepoint region
[2019-12-09T08:54:55.617+0000][1][safepoint    ] Total time for which application threads were stopped: 0.0000682 seconds, Stopping threads took: 0.0000164 seconds
[2019-12-09T08:54:56.617+0000][1][safepoint    ] Application time: 1.0000761 seconds
[2019-12-09T08:54:56.617+0000][1][safepoint    ] Entering safepoint region: Cleanup
[2019-12-09T08:54:56.617+0000][1][safepoint    ] Leaving safepoint region
[2019-12-09T08:54:56.617+0000][1][safepoint    ] Total time for which application threads were stopped: 0.0000678 seconds, Stopping threads took: 0.0000178 seconds
[2019-12-09T08:54:57.618+0000][1][safepoint    ] Application time: 1.0000749 seconds
[2019-12-09T08:54:57.618+0000][1][safepoint    ] Entering safepoint region: Cleanup
[2019-12-09T08:54:57.618+0000][1][safepoint    ] Leaving safepoint region
[2019-12-09T08:54:57.618+0000][1][safepoint    ] Total time for which application threads were stopped: 0.0000851 seconds, Stopping threads took: 0.0000173 seconds
[2019-12-09T08:54:58.618+0000][1][safepoint    ] Application time: 1.0000758 seconds
[2019-12-09T08:54:58.618+0000][1][safepoint    ] Entering safepoint region: Cleanup
[2019-12-09T08:54:58.618+0000][1][safepoint    ] Leaving safepoint region
[2019-12-09T08:54:58.618+0000][1][safepoint    ] Total time for which application threads were stopped: 0.0000668 seconds, Stopping threads took: 0.0000174 seconds
[2019-12-09T08:54:59.618+0000][1][safepoint    ] Application time: 1.0000766 seconds
[2019-12-09T08:54:59.618+0000][1][safepoint    ] Entering safepoint region: Cleanup
[2019-12-09T08:54:59.618+0000][1][safepoint    ] Leaving safepoint region
[2019-12-09T08:54:59.618+0000][1][safepoint    ] Total time for which application threads were stopped: 0.0000709 seconds, Stopping threads took: 0.0000168 seconds
[2019-12-09T08:55:00.618+0000][1][safepoint    ] Application time: 1.0000763 seconds
[2019-12-09T08:55:00.618+0000][1][safepoint    ] Entering safepoint region: Cleanup
[2019-12-09T08:55:00.618+0000][1][safepoint    ] Leaving safepoint region
[2019-12-09T08:55:00.618+0000][1][safepoint    ] Total time for which application threads were stopped: 0.0000695 seconds, Stopping threads took: 0.0000173 seconds
[2019-12-09T08:55:01.618+0000][1][safepoint    ] Application time: 1.0000817 seconds
[2019-12-09T08:55:01.618+0000][1][safepoint    ] Entering safepoint region: Cleanup
[2019-12-09T08:55:01.618+0000][1][safepoint    ] Leaving safepoint region
[2019-12-09T08:55:01.618+0000][1][safepoint    ] Total time for which application threads were stopped: 0.0000693 seconds, Stopping threads took: 0.0000183 seconds
[2019-12-09T08:55:02.619+0000][1][safepoint    ] Application time: 1.0000761 seconds
[2019-12-09T08:55:02.619+0000][1][safepoint    ] Entering safepoint region: Cleanup
[2019-12-09T08:55:02.619+0000][1][safepoint    ] Leaving safepoint region
[2019-12-09T08:55:02.619+0000][1][safepoint    ] Total time for which application threads were stopped: 0.0000666 seconds, Stopping threads took: 0.0000168 seconds
[2019-12-09T08:55:03.619+0000][1][safepoint    ] Application time: 1.0000764 seconds
[2019-12-09T08:55:03.619+0000][1][safepoint    ] Entering safepoint region: Cleanup
[2019-12-09T08:55:03.619+0000][1][safepoint    ] Leaving safepoint region
[2019-12-09T08:55:03.619+0000][1][safepoint    ] Total time for which application threads were stopped: 0.0000674 seconds, Stopping threads took: 0.0000175 seconds
[2019-12-09T08:55:04.619+0000][1][safepoint    ] Application time: 1.0000754 seconds
[2019-12-09T08:55:04.619+0000][1][safepoint    ] Entering safepoint region: Cleanup
[2019-12-09T08:55:04.619+0000][1][safepoint    ] Leaving safepoint region
[2019-12-09T08:55:04.619+0000][1][safepoint    ] Total time for which application threads were stopped: 0.0000667 seconds, Stopping threads took: 0.0000166 seconds
[2019-12-09T08:55:05.619+0000][1][safepoint    ] Application time: 1.0000771 seconds
[2019-12-09T08:55:05.619+0000][1][safepoint    ] Entering safepoint region: Cleanup
[2019-12-09T08:55:05.619+0000][1][safepoint    ] Leaving safepoint region
[2019-12-09T08:55:05.619+0000][1][safepoint    ] Total time for which application threads were stopped: 0.0000644 seconds, Stopping threads took: 0.0000156 seconds
[2019-12-09T08:55:06.619+0000][1][safepoint    ] Application time: 1.0000753 seconds
[2019-12-09T08:55:06.619+0000][1][safepoint    ] Entering safepoint region: Cleanup
[2019-12-09T08:55:06.619+0000][1][safepoint    ] Leaving safepoint region
[2019-12-09T08:55:06.619+0000][1][safepoint    ] Total time for which application threads were stopped: 0.0000665 seconds, Stopping threads took: 0.0000165 seconds
[2019-12-09T08:55:07.619+0000][1][safepoint    ] Application time: 1.0000774 seconds
[2019-12-09T08:55:07.620+0000][1][safepoint    ] Entering safepoint region: Cleanup
[2019-12-09T08:55:07.620+0000][1][safepoint    ] Leaving safepoint region
[2019-12-09T08:55:07.620+0000][1][safepoint    ] Total time for which application threads were stopped: 0.0000731 seconds, Stopping threads took: 0.0000166 seconds
[2019-12-09T08:55:08.620+0000][1][safepoint    ] Application time: 1.0000749 seconds
[2019-12-09T08:55:08.620+0000][1][safepoint    ] Entering safepoint region: Cleanup
[2019-12-09T08:55:08.620+0000][1][safepoint    ] Leaving safepoint region
[2019-12-09T08:55:08.620+0000][1][safepoint    ] Total time for which application threads were stopped: 0.0000684 seconds, Stopping threads took: 0.0000167 seconds
[2019-12-09T08:55:09.620+0000][1][safepoint    ] Application time: 1.0000726 seconds
[2019-12-09T08:55:09.620+0000][1][safepoint    ] Entering safepoint region: Cleanup
[2019-12-09T08:55:09.620+0000][1][safepoint    ] Leaving safepoint region
[2019-12-09T08:55:09.620+0000][1][safepoint    ] Total time for which application threads were stopped: 0.0000762 seconds, Stopping threads took: 0.0000156 seconds
[2019-12-09T08:55:10.620+0000][1][safepoint    ] Application time: 1.0000742 seconds
[2019-12-09T08:55:10.620+0000][1][safepoint    ] Entering safepoint region: Cleanup
[2019-12-09T08:55:10.620+0000][1][safepoint    ] Leaving safepoint region
[2019-12-09T08:55:10.620+0000][1][safepoint    ] Total time for which application threads were stopped: 0.0000673 seconds, Stopping threads took: 0.0000165 seconds
[2019-12-09T08:55:11.620+0000][1][safepoint    ] Application time: 1.0000752 seconds
[2019-12-09T08:55:11.620+0000][1][safepoint    ] Entering safepoint region: Cleanup
[2019-12-09T08:55:11.620+0000][1][safepoint    ] Leaving safepoint region
[2019-12-09T08:55:11.620+0000][1][safepoint    ] Total time for which application threads were stopped: 0.0000684 seconds, Stopping threads took: 0.0000168 seconds
[2019-12-09T08:55:12.620+0000][1][safepoint    ] Application time: 1.0000742 seconds
[2019-12-09T08:55:12.620+0000][1][safepoint    ] Entering safepoint region: Cleanup
[2019-12-09T08:55:12.621+0000][1][safepoint    ] Leaving safepoint region
[2019-12-09T08:55:12.621+0000][1][safepoint    ] Total time for which application threads were stopped: 0.0000770 seconds, Stopping threads took: 0.0000243 seconds
[2019-12-09T08:55:13.621+0000][1][safepoint    ] Application time: 1.0000739 seconds
[2019-12-09T08:55:13.621+0000][1][safepoint    ] Entering safepoint region: Cleanup
[2019-12-09T08:55:13.621+0000][1][safepoint    ] Leaving safepoint region
[2019-12-09T08:55:13.621+0000][1][safepoint    ] Total time for which application threads were stopped: 0.0000748 seconds, Stopping threads took: 0.0000268 seconds
[2019-12-09T08:55:14.621+0000][1][safepoint    ] Application time: 1.0000769 seconds
[2019-12-09T08:55:14.621+0000][1][safepoint    ] Entering safepoint region: Cleanup
[2019-12-09T08:55:14.621+0000][1][safepoint    ] Leaving safepoint region
[2019-12-09T08:55:14.621+0000][1][safepoint    ] Total time for which application threads were stopped: 0.0000650 seconds, Stopping threads took: 0.0000173 seconds
[2019-12-09T08:55:15.621+0000][1][safepoint    ] Application time: 1.0000765 seconds
[2019-12-09T08:55:15.621+0000][1][safepoint    ] Entering safepoint region: Cleanup
[2019-12-09T08:55:15.621+0000][1][safepoint    ] Leaving safepoint region
[2019-12-09T08:55:15.621+0000][1][safepoint    ] Total time for which application threads were stopped: 0.0000664 seconds, Stopping threads took: 0.0000171 seconds
[2019-12-09T08:55:16.621+0000][1][safepoint    ] Application time: 1.0000762 seconds
[2019-12-09T08:55:16.621+0000][1][safepoint    ] Entering safepoint region: Cleanup
[2019-12-09T08:55:16.621+0000][1][safepoint    ] Leaving safepoint region
[2019-12-09T08:55:16.621+0000][1][safepoint    ] Total time for which application threads were stopped: 0.0000664 seconds, Stopping threads took: 0.0000175 seconds
[2019-12-09T08:55:17.621+0000][1][safepoint    ] Application time: 1.0000759 seconds
[2019-12-09T08:55:17.621+0000][1][safepoint    ] Entering safepoint region: Cleanup
[2019-12-09T08:55:17.621+0000][1][safepoint    ] Leaving safepoint region
[2019-12-09T08:55:17.621+0000][1][safepoint    ] Total time for which application threads were stopped: 0.0000756 seconds, Stopping threads took: 0.0000170 seconds
[2019-12-09T08:55:18.622+0000][1][safepoint    ] Application time: 1.0000762 seconds
[2019-12-09T08:55:18.622+0000][1][safepoint    ] Entering safepoint region: Cleanup
[2019-12-09T08:55:18.622+0000][1][safepoint    ] Leaving safepoint region
[2019-12-09T08:55:18.622+0000][1][safepoint    ] Total time for which application threads were stopped: 0.0000742 seconds, Stopping threads took: 0.0000177 seconds
[2019-12-09T08:55:19.622+0000][1][safepoint    ] Application time: 1.0000779 seconds
[2019-12-09T08:55:19.622+0000][1][safepoint    ] Entering safepoint region: Cleanup
[2019-12-09T08:55:19.622+0000][1][safepoint    ] Leaving safepoint region
[2019-12-09T08:55:19.622+0000][1][safepoint    ] Total time for which application threads were stopped: 0.0000662 seconds, Stopping threads took: 0.0000173 seconds
[2019-12-09T08:55:20.622+0000][1][safepoint    ] Application time: 1.0000775 seconds
[2019-12-09T08:55:20.622+0000][1][safepoint    ] Entering safepoint region: Cleanup
[2019-12-09T08:55:20.622+0000][1][safepoint    ] Leaving safepoint region
[2019-12-09T08:55:20.622+0000][1][safepoint    ] Total time for which application threads were stopped: 0.0000677 seconds, Stopping threads took: 0.0000177 seconds
[2019-12-09T08:55:21.622+0000][1][safepoint    ] Application time: 1.0000755 seconds
[2019-12-09T08:55:21.622+0000][1][safepoint    ] Entering safepoint region: Cleanup
[2019-12-09T08:55:21.622+0000][1][safepoint    ] Leaving safepoint region
[2019-12-09T08:55:21.622+0000][1][safepoint    ] Total time for which application threads were stopped: 0.0000675 seconds, Stopping threads took: 0.0000171 seconds
[2019-12-09T08:55:22.622+0000][1][safepoint    ] Application time: 1.0000758 seconds
[2019-12-09T08:55:22.622+0000][1][safepoint    ] Entering safepoint region: Cleanup
[2019-12-09T08:55:22.622+0000][1][safepoint    ] Leaving safepoint region
[2019-12-09T08:55:22.622+0000][1][safepoint    ] Total time for which application threads were stopped: 0.0000670 seconds, Stopping threads took: 0.0000161 seconds
[2019-12-09T08:55:23.623+0000][1][safepoint    ] Application time: 1.0000755 seconds
[2019-12-09T08:55:23.623+0000][1][safepoint    ] Entering safepoint region: Cleanup
[2019-12-09T08:55:23.623+0000][1][safepoint    ] Leaving safepoint region
[2019-12-09T08:55:23.623+0000][1][safepoint    ] Total time for which application threads were stopped: 0.0000668 seconds, Stopping threads took: 0.0000171 seconds
[2019-12-09T08:55:24.623+0000][1][safepoint    ] Application time: 1.0000782 seconds
[2019-12-09T08:55:24.623+0000][1][safepoint    ] Entering safepoint region: Cleanup
[2019-12-09T08:55:24.623+0000][1][safepoint    ] Leaving safepoint region
[2019-12-09T08:55:24.623+0000][1][safepoint    ] Total time for which application threads were stopped: 0.0000654 seconds, Stopping threads took: 0.0000164 seconds
[2019-12-09T08:55:25.623+0000][1][safepoint    ] Application time: 1.0000471 seconds
[2019-12-09T08:55:25.623+0000][1][safepoint    ] Entering safepoint region: Cleanup
[2019-12-09T08:55:25.623+0000][1][safepoint    ] Leaving safepoint region
[2019-12-09T08:55:25.623+0000][1][safepoint    ] Total time for which application threads were stopped: 0.0000654 seconds, Stopping threads took: 0.0000156 seconds
[2019-12-09T08:55:26.623+0000][1][safepoint    ] Application time: 1.0000768 seconds
[2019-12-09T08:55:26.623+0000][1][safepoint    ] Entering safepoint region: Cleanup
[2019-12-09T08:55:26.623+0000][1][safepoint    ] Leaving safepoint region
[2019-12-09T08:55:26.623+0000][1][safepoint    ] Total time for which application threads were stopped: 0.0000658 seconds, Stopping threads took: 0.0000170 seconds
[2019-12-09T08:55:27.623+0000][1][safepoint    ] Application time: 1.0000768 seconds
[2019-12-09T08:55:27.623+0000][1][safepoint    ] Entering safepoint region: Cleanup
[2019-12-09T08:55:27.623+0000][1][safepoint    ] Leaving safepoint region
[2019-12-09T08:55:27.623+0000][1][safepoint    ] Total time for which application threads were stopped: 0.0000663 seconds, Stopping threads took: 0.0000173 seconds
[2019-12-09T08:55:28.623+0000][1][safepoint    ] Application time: 1.0000759 seconds
[2019-12-09T08:55:28.624+0000][1][safepoint    ] Entering safepoint region: Cleanup
[2019-12-09T08:55:28.624+0000][1][safepoint    ] Leaving safepoint region
[2019-12-09T08:55:28.624+0000][1][safepoint    ] Total time for which application threads were stopped: 0.0000658 seconds, Stopping threads took: 0.0000167 seconds
[2019-12-09T08:55:29.624+0000][1][safepoint    ] Application time: 1.0000769 seconds
[2019-12-09T08:55:29.624+0000][1][safepoint    ] Entering safepoint region: Cleanup
[2019-12-09T08:55:29.624+0000][1][safepoint    ] Leaving safepoint region
[2019-12-09T08:55:29.624+0000][1][safepoint    ] Total time for which application threads were stopped: 0.0000645 seconds, Stopping threads took: 0.0000159 seconds
[2019-12-09T08:55:30.624+0000][1][safepoint    ] Application time: 1.0000742 seconds
[2019-12-09T08:55:30.624+0000][1][safepoint    ] Entering safepoint region: Cleanup
[2019-12-09T08:55:30.624+0000][1][safepoint    ] Leaving safepoint region
[2019-12-09T08:55:30.624+0000][1][safepoint    ] Total time for which application threads were stopped: 0.0000666 seconds, Stopping threads took: 0.0000160 seconds
[2019-12-09T08:55:31.624+0000][1][safepoint    ] Application time: 1.0000739 seconds
[2019-12-09T08:55:31.624+0000][1][safepoint    ] Entering safepoint region: Cleanup
[2019-12-09T08:55:31.624+0000][1][safepoint    ] Leaving safepoint region
[2019-12-09T08:55:31.624+0000][1][safepoint    ] Total time for which application threads were stopped: 0.0000655 seconds, Stopping threads took: 0.0000159 seconds
[2019-12-09T08:55:32.624+0000][1][safepoint    ] Application time: 1.0000750 seconds
[2019-12-09T08:55:32.624+0000][1][safepoint    ] Entering safepoint region: Cleanup
[2019-12-09T08:55:32.624+0000][1][safepoint    ] Leaving safepoint region
[2019-12-09T08:55:32.624+0000][1][safepoint    ] Total time for which application threads were stopped: 0.0000645 seconds, Stopping threads took: 0.0000155 seconds
[2019-12-09T08:55:33.624+0000][1][safepoint    ] Application time: 1.0000744 seconds
[2019-12-09T08:55:33.624+0000][1][safepoint    ] Entering safepoint region: Cleanup
[2019-12-09T08:55:33.624+0000][1][safepoint    ] Leaving safepoint region
[2019-12-09T08:55:33.624+0000][1][safepoint    ] Total time for which application threads were stopped: 0.0000670 seconds, Stopping threads took: 0.0000168 seconds
[2019-12-09T08:55:34.625+0000][1][safepoint    ] Application time: 1.0000746 seconds
[2019-12-09T08:55:34.625+0000][1][safepoint    ] Entering safepoint region: Cleanup
[2019-12-09T08:55:34.625+0000][1][safepoint    ] Leaving safepoint region
[2019-12-09T08:55:34.625+0000][1][safepoint    ] Total time for which application threads were stopped: 0.0000767 seconds, Stopping threads took: 0.0000155 seconds
[2019-12-09T08:55:35.625+0000][1][safepoint    ] Application time: 1.0000749 seconds
[2019-12-09T08:55:35.625+0000][1][safepoint    ] Entering safepoint region: Cleanup
[2019-12-09T08:55:35.625+0000][1][safepoint    ] Leaving safepoint region
[2019-12-09T08:55:35.625+0000][1][safepoint    ] Total time for which application threads were stopped: 0.0000675 seconds, Stopping threads took: 0.0000167 seconds
[2019-12-09T08:55:36.625+0000][1][safepoint    ] Application time: 1.0000751 seconds
[2019-12-09T08:55:36.625+0000][1][safepoint    ] Entering safepoint region: Cleanup
[2019-12-09T08:55:36.625+0000][1][safepoint    ] Leaving safepoint region
[2019-12-09T08:55:36.625+0000][1][safepoint    ] Total time for which application threads were stopped: 0.0000661 seconds, Stopping threads took: 0.0000154 seconds
[2019-12-09T08:55:37.625+0000][1][safepoint    ] Application time: 1.0000736 seconds
[2019-12-09T08:55:37.625+0000][1][safepoint    ] Entering safepoint region: Cleanup
[2019-12-09T08:55:37.625+0000][1][safepoint    ] Leaving safepoint region
[2019-12-09T08:55:37.625+0000][1][safepoint    ] Total time for which application threads were stopped: 0.0000679 seconds, Stopping threads took: 0.0000175 seconds
[2019-12-09T08:55:38.625+0000][1][safepoint    ] Application time: 1.0000760 seconds
[2019-12-09T08:55:38.625+0000][1][safepoint    ] Entering safepoint region: Cleanup
[2019-12-09T08:55:38.625+0000][1][safepoint    ] Leaving safepoint region
[2019-12-09T08:55:38.625+0000][1][safepoint    ] Total time for which application threads were stopped: 0.0000678 seconds, Stopping threads took: 0.0000162 seconds
[2019-12-09T08:55:39.626+0000][1][safepoint    ] Application time: 1.0000745 seconds
[2019-12-09T08:55:39.626+0000][1][safepoint    ] Entering safepoint region: Cleanup
[2019-12-09T08:55:39.626+0000][1][safepoint    ] Leaving safepoint region
[2019-12-09T08:55:39.626+0000][1][safepoint    ] Total time for which application threads were stopped: 0.0000704 seconds, Stopping threads took: 0.0000176 seconds
[2019-12-09T08:55:40.626+0000][1][safepoint    ] Application time: 1.0000771 seconds
[2019-12-09T08:55:40.626+0000][1][safepoint    ] Entering safepoint region: Cleanup
[2019-12-09T08:55:40.626+0000][1][safepoint    ] Leaving safepoint region
[2019-12-09T08:55:40.626+0000][1][safepoint    ] Total time for which application threads were stopped: 0.0000670 seconds, Stopping threads took: 0.0000170 seconds
[2019-12-09T08:55:41.626+0000][1][safepoint    ] Application time: 1.0000769 seconds
[2019-12-09T08:55:41.626+0000][1][safepoint    ] Entering safepoint region: Cleanup
[2019-12-09T08:55:41.626+0000][1][safepoint    ] Leaving safepoint region
[2019-12-09T08:55:41.626+0000][1][safepoint    ] Total time for which application threads were stopped: 0.0000649 seconds, Stopping threads took: 0.0000164 seconds
[2019-12-09T08:55:42.626+0000][1][safepoint    ] Application time: 1.0000764 seconds
[2019-12-09T08:55:42.626+0000][1][safepoint    ] Entering safepoint region: Cleanup
[2019-12-09T08:55:42.626+0000][1][safepoint    ] Leaving safepoint region
[2019-12-09T08:55:42.626+0000][1][safepoint    ] Total time for which application threads were stopped: 0.0000751 seconds, Stopping threads took: 0.0000236 seconds
[2019-12-09T08:55:43.626+0000][1][safepoint    ] Application time: 1.0000784 seconds
[2019-12-09T08:55:43.626+0000][1][safepoint    ] Entering safepoint region: Cleanup
[2019-12-09T08:55:43.626+0000][1][safepoint    ] Leaving safepoint region
[2019-12-09T08:55:43.626+0000][1][safepoint    ] Total time for which application threads were stopped: 0.0000659 seconds, Stopping threads took: 0.0000163 seconds
[2019-12-09T08:55:44.626+0000][1][safepoint    ] Application time: 1.0000758 seconds
[2019-12-09T08:55:44.627+0000][1][safepoint    ] Entering safepoint region: Cleanup
[2019-12-09T08:55:44.627+0000][1][safepoint    ] Leaving safepoint region
[2019-12-09T08:55:44.627+0000][1][safepoint    ] Total time for which application threads were stopped: 0.0000652 seconds, Stopping threads took: 0.0000163 seconds
[2019-12-09T08:55:45.627+0000][1][safepoint    ] Application time: 1.0000750 seconds
[2019-12-09T08:55:45.627+0000][1][safepoint    ] Entering safepoint region: Cleanup
[2019-12-09T08:55:45.627+0000][1][safepoint    ] Leaving safepoint region
[2019-12-09T08:55:45.627+0000][1][safepoint    ] Total time for which application threads were stopped: 0.0000705 seconds, Stopping threads took: 0.0000176 seconds
[2019-12-09T08:55:46.627+0000][1][safepoint    ] Application time: 1.0000752 seconds
[2019-12-09T08:55:46.627+0000][1][safepoint    ] Entering safepoint region: Cleanup
[2019-12-09T08:55:46.627+0000][1][safepoint    ] Leaving safepoint region
[2019-12-09T08:55:46.627+0000][1][safepoint    ] Total time for which application threads were stopped: 0.0000647 seconds, Stopping threads took: 0.0000163 seconds
[2019-12-09T08:55:47.627+0000][1][safepoint    ] Application time: 1.0000752 seconds
[2019-12-09T08:55:47.627+0000][1][safepoint    ] Entering safepoint region: Cleanup
[2019-12-09T08:55:47.627+0000][1][safepoint    ] Leaving safepoint region
[2019-12-09T08:55:47.627+0000][1][safepoint    ] Total time for which application threads were stopped: 0.0000669 seconds, Stopping threads took: 0.0000169 seconds
[2019-12-09T08:55:48.627+0000][1][safepoint    ] Application time: 1.0000742 seconds
[2019-12-09T08:55:48.627+0000][1][safepoint    ] Entering safepoint region: Cleanup
[2019-12-09T08:55:48.627+0000][1][safepoint    ] Leaving safepoint region
[2019-12-09T08:55:48.627+0000][1][safepoint    ] Total time for which application threads were stopped: 0.0000667 seconds, Stopping threads took: 0.0000165 seconds
[2019-12-09T08:55:49.627+0000][1][safepoint    ] Application time: 1.0000743 seconds
[2019-12-09T08:55:49.627+0000][1][safepoint    ] Entering safepoint region: Cleanup
[2019-12-09T08:55:49.628+0000][1][safepoint    ] Leaving safepoint region
[2019-12-09T08:55:49.628+0000][1][safepoint    ] Total time for which application threads were stopped: 0.0000655 seconds, Stopping threads took: 0.0000168 seconds
[2019-12-09T08:55:50.628+0000][1][safepoint    ] Application time: 1.0000744 seconds
[2019-12-09T08:55:50.628+0000][1][safepoint    ] Entering safepoint region: Cleanup
[2019-12-09T08:55:50.628+0000][1][safepoint    ] Leaving safepoint region
[2019-12-09T08:55:50.628+0000][1][safepoint    ] Total time for which application threads were stopped: 0.0000787 seconds, Stopping threads took: 0.0000154 seconds
[2019-12-09T08:55:51.628+0000][1][safepoint    ] Application time: 1.0000741 seconds
[2019-12-09T08:55:51.628+0000][1][safepoint    ] Entering safepoint region: Cleanup
[2019-12-09T08:55:51.628+0000][1][safepoint    ] Leaving safepoint region
[2019-12-09T08:55:51.628+0000][1][safepoint    ] Total time for which application threads were stopped: 0.0000748 seconds, Stopping threads took: 0.0000166 seconds
[2019-12-09T08:55:52.628+0000][1][safepoint    ] Application time: 1.0000747 seconds
[2019-12-09T08:55:52.628+0000][1][safepoint    ] Entering safepoint region: Cleanup
[2019-12-09T08:55:52.628+0000][1][safepoint    ] Leaving safepoint region
[2019-12-09T08:55:52.628+0000][1][safepoint    ] Total time for which application threads were stopped: 0.0000655 seconds, Stopping threads took: 0.0000165 seconds
[2019-12-09T08:55:53.628+0000][1][safepoint    ] Application time: 1.0000738 seconds
[2019-12-09T08:55:53.628+0000][1][safepoint    ] Entering safepoint region: Cleanup
[2019-12-09T08:55:53.628+0000][1][safepoint    ] Leaving safepoint region
[2019-12-09T08:55:53.628+0000][1][safepoint    ] Total time for which application threads were stopped: 0.0000655 seconds, Stopping threads took: 0.0000162 seconds
[2019-12-09T08:55:54.628+0000][1][safepoint    ] Application time: 1.0000731 seconds
[2019-12-09T08:55:54.628+0000][1][safepoint    ] Entering safepoint region: Cleanup
[2019-12-09T08:55:54.628+0000][1][safepoint    ] Leaving safepoint region
[2019-12-09T08:55:54.628+0000][1][safepoint    ] Total time for which application threads were stopped: 0.0000662 seconds, Stopping threads took: 0.0000152 seconds
[2019-12-09T08:55:55.629+0000][1][safepoint    ] Application time: 1.0000739 seconds
[2019-12-09T08:55:55.629+0000][1][safepoint    ] Entering safepoint region: Cleanup
[2019-12-09T08:55:55.629+0000][1][safepoint    ] Leaving safepoint region
[2019-12-09T08:55:55.629+0000][1][safepoint    ] Total time for which application threads were stopped: 0.0000673 seconds, Stopping threads took: 0.0000172 seconds
[2019-12-09T08:55:56.629+0000][1][safepoint    ] Application time: 1.0000748 seconds
[2019-12-09T08:55:56.629+0000][1][safepoint    ] Entering safepoint region: Cleanup
[2019-12-09T08:55:56.629+0000][1][safepoint    ] Leaving safepoint region
[2019-12-09T08:55:56.629+0000][1][safepoint    ] Total time for which application threads were stopped: 0.0000645 seconds, Stopping threads took: 0.0000156 seconds
[2019-12-09T08:55:57.629+0000][1][safepoint    ] Application time: 1.0000747 seconds
[2019-12-09T08:55:57.629+0000][1][safepoint    ] Entering safepoint region: Cleanup
[2019-12-09T08:55:57.629+0000][1][safepoint    ] Leaving safepoint region
[2019-12-09T08:55:57.629+0000][1][safepoint    ] Total time for which application threads were stopped: 0.0000678 seconds, Stopping threads took: 0.0000168 seconds
[2019-12-09T08:55:58.629+0000][1][safepoint    ] Application time: 1.0000751 seconds
[2019-12-09T08:55:58.629+0000][1][safepoint    ] Entering safepoint region: Cleanup
[2019-12-09T08:55:58.629+0000][1][safepoint    ] Leaving safepoint region
[2019-12-09T08:55:58.629+0000][1][safepoint    ] Total time for which application threads were stopped: 0.0000649 seconds, Stopping threads took: 0.0000161 seconds
[2019-12-09T08:55:59.629+0000][1][safepoint    ] Application time: 1.0000749 seconds
[2019-12-09T08:55:59.629+0000][1][safepoint    ] Entering safepoint region: Cleanup
[2019-12-09T08:55:59.629+0000][1][safepoint    ] Leaving safepoint region
[2019-12-09T08:55:59.629+0000][1][safepoint    ] Total time for which application threads were stopped: 0.0000667 seconds, Stopping threads took: 0.0000174 seconds
[2019-12-09T08:56:00.629+0000][1][safepoint    ] Application time: 1.0000763 seconds
[2019-12-09T08:56:00.630+0000][1][safepoint    ] Entering safepoint region: Cleanup
[2019-12-09T08:56:00.630+0000][1][safepoint    ] Leaving safepoint region
[2019-12-09T08:56:00.630+0000][1][safepoint    ] Total time for which application threads were stopped: 0.0000662 seconds, Stopping threads took: 0.0000159 seconds
[2019-12-09T08:56:01.188+0000][1][safepoint    ] Application time: 0.5584555 seconds
[2019-12-09T08:56:01.188+0000][1][safepoint    ] Entering safepoint region: GenCollectForAllocation
[2019-12-09T08:56:01.188+0000][1][gc,start     ] GC(80) Pause Young (Allocation Failure)
[2019-12-09T08:56:01.188+0000][1][gc,task      ] GC(80) Using 2 workers of 2 for evacuation
[2019-12-09T08:56:01.189+0000][1][gc,age       ] GC(80) Desired survivor size 4456448 bytes, new threshold 6 (max threshold 6)
[2019-12-09T08:56:01.189+0000][1][gc,age       ] GC(80) Age table with threshold 6 (max threshold 6)
[2019-12-09T08:56:01.189+0000][1][gc,age       ] GC(80) - age   1:       4016 bytes,       4016 total
[2019-12-09T08:56:01.189+0000][1][gc,age       ] GC(80) - age   3:         72 bytes,       4088 total
[2019-12-09T08:56:01.190+0000][1][gc,heap      ] GC(80) ParNew: 69956K->6K(78656K)
[2019-12-09T08:56:01.190+0000][1][gc,heap      ] GC(80) CMS: 69465K->69465K(174784K)
[2019-12-09T08:56:01.190+0000][1][gc,metaspace ] GC(80) Metaspace: 68475K->68475K(1112064K)
[2019-12-09T08:56:01.190+0000][1][gc           ] GC(80) Pause Young (Allocation Failure) 136M->67M(247M) 1.348ms
[2019-12-09T08:56:01.190+0000][1][gc,cpu       ] GC(80) User=0.00s Sys=0.00s Real=0.00s
[2019-12-09T08:56:01.190+0000][1][safepoint    ] Leaving safepoint region
[2019-12-09T08:56:01.190+0000][1][safepoint    ] Total time for which application threads were stopped: 0.0014828 seconds, Stopping threads took: 0.0000165 seconds
[2019-12-09T08:56:02.190+0000][1][safepoint    ] Application time: 1.0000897 seconds
[2019-12-09T08:56:02.190+0000][1][safepoint    ] Entering safepoint region: Cleanup
[2019-12-09T08:56:02.190+0000][1][safepoint    ] Leaving safepoint region
[2019-12-09T08:56:02.190+0000][1][safepoint    ] Total time for which application threads were stopped: 0.0000868 seconds, Stopping threads took: 0.0000223 seconds
[2019-12-09T08:56:03.190+0000][1][safepoint    ] Application time: 1.0000763 seconds
[2019-12-09T08:56:03.190+0000][1][safepoint    ] Entering safepoint region: Cleanup
[2019-12-09T08:56:03.190+0000][1][safepoint    ] Leaving safepoint region
[2019-12-09T08:56:03.190+0000][1][safepoint    ] Total time for which application threads were stopped: 0.0000663 seconds, Stopping threads took: 0.0000168 seconds
[2019-12-09T08:56:04.190+0000][1][safepoint    ] Application time: 1.0000767 seconds
[2019-12-09T08:56:04.190+0000][1][safepoint    ] Entering safepoint region: Cleanup
[2019-12-09T08:56:04.190+0000][1][safepoint    ] Leaving safepoint region
[2019-12-09T08:56:04.190+0000][1][safepoint    ] Total time for which application threads were stopped: 0.0000679 seconds, Stopping threads took: 0.0000176 seconds
[2019-12-09T08:56:05.190+0000][1][safepoint    ] Application time: 1.0000771 seconds
[2019-12-09T08:56:05.190+0000][1][safepoint    ] Entering safepoint region: Cleanup
[2019-12-09T08:56:05.190+0000][1][safepoint    ] Leaving safepoint region
[2019-12-09T08:56:05.190+0000][1][safepoint    ] Total time for which application threads were stopped: 0.0000678 seconds, Stopping threads took: 0.0000171 seconds
[2019-12-09T08:56:06.190+0000][1][safepoint    ] Application time: 1.0000823 seconds
[2019-12-09T08:56:06.191+0000][1][safepoint    ] Entering safepoint region: Cleanup
[2019-12-09T08:56:06.191+0000][1][safepoint    ] Leaving safepoint region
[2019-12-09T08:56:06.191+0000][1][safepoint    ] Total time for which application threads were stopped: 0.0001154 seconds, Stopping threads took: 0.0000563 seconds
[2019-12-09T08:56:07.191+0000][1][safepoint    ] Application time: 1.0000815 seconds
[2019-12-09T08:56:07.191+0000][1][safepoint    ] Entering safepoint region: Cleanup
[2019-12-09T08:56:07.191+0000][1][safepoint    ] Leaving safepoint region
[2019-12-09T08:56:07.191+0000][1][safepoint    ] Total time for which application threads were stopped: 0.0000661 seconds, Stopping threads took: 0.0000162 seconds
[2019-12-09T08:56:08.191+0000][1][safepoint    ] Application time: 1.0000789 seconds
[2019-12-09T08:56:08.191+0000][1][safepoint    ] Entering safepoint region: Cleanup
[2019-12-09T08:56:08.191+0000][1][safepoint    ] Leaving safepoint region
[2019-12-09T08:56:08.191+0000][1][safepoint    ] Total time for which application threads were stopped: 0.0000684 seconds, Stopping threads took: 0.0000179 seconds
[2019-12-09T08:56:09.191+0000][1][safepoint    ] Application time: 1.0000772 seconds
[2019-12-09T08:56:09.191+0000][1][safepoint    ] Entering safepoint region: Cleanup
[2019-12-09T08:56:09.191+0000][1][safepoint    ] Leaving safepoint region
[2019-12-09T08:56:09.191+0000][1][safepoint    ] Total time for which application threads were stopped: 0.0000660 seconds, Stopping threads took: 0.0000173 seconds
[2019-12-09T08:56:10.191+0000][1][safepoint    ] Application time: 1.0000756 seconds
[2019-12-09T08:56:10.191+0000][1][safepoint    ] Entering safepoint region: Cleanup
[2019-12-09T08:56:10.191+0000][1][safepoint    ] Leaving safepoint region
[2019-12-09T08:56:10.191+0000][1][safepoint    ] Total time for which application threads were stopped: 0.0000687 seconds, Stopping threads took: 0.0000175 seconds
[2019-12-09T08:56:11.191+0000][1][safepoint    ] Application time: 1.0000758 seconds
[2019-12-09T08:56:11.192+0000][1][safepoint    ] Entering safepoint region: Cleanup
[2019-12-09T08:56:11.192+0000][1][safepoint    ] Leaving safepoint region
[2019-12-09T08:56:11.192+0000][1][safepoint    ] Total time for which application threads were stopped: 0.0000696 seconds, Stopping threads took: 0.0000173 seconds
[2019-12-09T08:56:12.192+0000][1][safepoint    ] Application time: 1.0000774 seconds
[2019-12-09T08:56:12.192+0000][1][safepoint    ] Entering safepoint region: Cleanup
[2019-12-09T08:56:12.192+0000][1][safepoint    ] Leaving safepoint region
[2019-12-09T08:56:12.192+0000][1][safepoint    ] Total time for which application threads were stopped: 0.0000750 seconds, Stopping threads took: 0.0000244 seconds
[2019-12-09T08:56:13.192+0000][1][safepoint    ] Application time: 1.0000762 seconds
[2019-12-09T08:56:13.192+0000][1][safepoint    ] Entering safepoint region: Cleanup
[2019-12-09T08:56:13.192+0000][1][safepoint    ] Leaving safepoint region
[2019-12-09T08:56:13.192+0000][1][safepoint    ] Total time for which application threads were stopped: 0.0000696 seconds, Stopping threads took: 0.0000177 seconds
[2019-12-09T08:56:14.192+0000][1][safepoint    ] Application time: 1.0000769 seconds
[2019-12-09T08:56:14.192+0000][1][safepoint    ] Entering safepoint region: Cleanup
[2019-12-09T08:56:14.192+0000][1][safepoint    ] Leaving safepoint region
[2019-12-09T08:56:14.192+0000][1][safepoint    ] Total time for which application threads were stopped: 0.0000696 seconds, Stopping threads took: 0.0000177 seconds
[2019-12-09T08:56:15.192+0000][1][safepoint    ] Application time: 1.0000776 seconds
[2019-12-09T08:56:15.192+0000][1][safepoint    ] Entering safepoint region: Cleanup
[2019-12-09T08:56:15.192+0000][1][safepoint    ] Leaving safepoint region
[2019-12-09T08:56:15.192+0000][1][safepoint    ] Total time for which application threads were stopped: 0.0000755 seconds, Stopping threads took: 0.0000255 seconds
[2019-12-09T08:56:16.192+0000][1][safepoint    ] Application time: 1.0000781 seconds
[2019-12-09T08:56:16.193+0000][1][safepoint    ] Entering safepoint region: Cleanup
[2019-12-09T08:56:16.193+0000][1][safepoint    ] Leaving safepoint region
[2019-12-09T08:56:16.193+0000][1][safepoint    ] Total time for which application threads were stopped: 0.0000674 seconds, Stopping threads took: 0.0000167 seconds
[2019-12-09T08:56:17.193+0000][1][safepoint    ] Application time: 1.0000767 seconds
[2019-12-09T08:56:17.193+0000][1][safepoint    ] Entering safepoint region: Cleanup
[2019-12-09T08:56:17.193+0000][1][safepoint    ] Leaving safepoint region
[2019-12-09T08:56:17.193+0000][1][safepoint    ] Total time for which application threads were stopped: 0.0000686 seconds, Stopping threads took: 0.0000189 seconds
[2019-12-09T08:56:18.193+0000][1][safepoint    ] Application time: 1.0000778 seconds
[2019-12-09T08:56:18.193+0000][1][safepoint    ] Entering safepoint region: Cleanup
[2019-12-09T08:56:18.193+0000][1][safepoint    ] Leaving safepoint region
[2019-12-09T08:56:18.193+0000][1][safepoint    ] Total time for which application threads were stopped: 0.0000699 seconds, Stopping threads took: 0.0000177 seconds
[2019-12-09T08:56:19.193+0000][1][safepoint    ] Application time: 1.0000758 seconds
[2019-12-09T08:56:19.193+0000][1][safepoint    ] Entering safepoint region: Cleanup
[2019-12-09T08:56:19.193+0000][1][safepoint    ] Leaving safepoint region
[2019-12-09T08:56:19.193+0000][1][safepoint    ] Total time for which application threads were stopped: 0.0000684 seconds, Stopping threads took: 0.0000185 seconds
[2019-12-09T08:56:20.193+0000][1][safepoint    ] Application time: 1.0000454 seconds
[2019-12-09T08:56:20.193+0000][1][safepoint    ] Entering safepoint region: Cleanup
[2019-12-09T08:56:20.193+0000][1][safepoint    ] Leaving safepoint region
[2019-12-09T08:56:20.193+0000][1][safepoint    ] Total time for which application threads were stopped: 0.0000667 seconds, Stopping threads took: 0.0000175 seconds
[2019-12-09T08:56:21.193+0000][1][safepoint    ] Application time: 1.0000768 seconds
[2019-12-09T08:56:21.193+0000][1][safepoint    ] Entering safepoint region: Cleanup
[2019-12-09T08:56:21.194+0000][1][safepoint    ] Leaving safepoint region
[2019-12-09T08:56:21.194+0000][1][safepoint    ] Total time for which application threads were stopped: 0.0000693 seconds, Stopping threads took: 0.0000174 seconds
[2019-12-09T08:56:22.194+0000][1][safepoint    ] Application time: 1.0000776 seconds
[2019-12-09T08:56:22.194+0000][1][safepoint    ] Entering safepoint region: Cleanup
[2019-12-09T08:56:22.194+0000][1][safepoint    ] Leaving safepoint region
[2019-12-09T08:56:22.194+0000][1][safepoint    ] Total time for which application threads were stopped: 0.0000781 seconds, Stopping threads took: 0.0000167 seconds
[2019-12-09T08:56:23.194+0000][1][safepoint    ] Application time: 1.0000749 seconds
[2019-12-09T08:56:23.194+0000][1][safepoint    ] Entering safepoint region: Cleanup
[2019-12-09T08:56:23.194+0000][1][safepoint    ] Leaving safepoint region
[2019-12-09T08:56:23.194+0000][1][safepoint    ] Total time for which application threads were stopped: 0.0000670 seconds, Stopping threads took: 0.0000175 seconds
[2019-12-09T08:56:24.194+0000][1][safepoint    ] Application time: 1.0000768 seconds
[2019-12-09T08:56:24.194+0000][1][safepoint    ] Entering safepoint region: Cleanup
[2019-12-09T08:56:24.194+0000][1][safepoint    ] Leaving safepoint region
[2019-12-09T08:56:24.194+0000][1][safepoint    ] Total time for which application threads were stopped: 0.0000686 seconds, Stopping threads took: 0.0000175 seconds
[2019-12-09T08:56:25.194+0000][1][safepoint    ] Application time: 1.0000758 seconds
[2019-12-09T08:56:25.194+0000][1][safepoint    ] Entering safepoint region: Cleanup
[2019-12-09T08:56:25.194+0000][1][safepoint    ] Leaving safepoint region
[2019-12-09T08:56:25.194+0000][1][safepoint    ] Total time for which application threads were stopped: 0.0000756 seconds, Stopping threads took: 0.0000240 seconds
[2019-12-09T08:56:26.194+0000][1][safepoint    ] Application time: 1.0000776 seconds
[2019-12-09T08:56:26.194+0000][1][safepoint    ] Entering safepoint region: Cleanup
[2019-12-09T08:56:26.194+0000][1][safepoint    ] Leaving safepoint region
[2019-12-09T08:56:26.194+0000][1][safepoint    ] Total time for which application threads were stopped: 0.0000664 seconds, Stopping threads took: 0.0000174 seconds
[2019-12-09T08:56:27.195+0000][1][safepoint    ] Application time: 1.0000830 seconds
[2019-12-09T08:56:27.195+0000][1][safepoint    ] Entering safepoint region: Cleanup
[2019-12-09T08:56:27.195+0000][1][safepoint    ] Leaving safepoint region
[2019-12-09T08:56:27.195+0000][1][safepoint    ] Total time for which application threads were stopped: 0.0000859 seconds, Stopping threads took: 0.0000174 seconds
[2019-12-09T08:56:28.195+0000][1][safepoint    ] Application time: 1.0000757 seconds
[2019-12-09T08:56:28.195+0000][1][safepoint    ] Entering safepoint region: Cleanup
[2019-12-09T08:56:28.195+0000][1][safepoint    ] Leaving safepoint region
[2019-12-09T08:56:28.195+0000][1][safepoint    ] Total time for which application threads were stopped: 0.0000685 seconds, Stopping threads took: 0.0000179 seconds
[2019-12-09T08:56:29.195+0000][1][safepoint    ] Application time: 1.0000751 seconds
[2019-12-09T08:56:29.195+0000][1][safepoint    ] Entering safepoint region: Cleanup
[2019-12-09T08:56:29.195+0000][1][safepoint    ] Leaving safepoint region
[2019-12-09T08:56:29.195+0000][1][safepoint    ] Total time for which application threads were stopped: 0.0000660 seconds, Stopping threads took: 0.0000164 seconds
[2019-12-09T08:56:30.195+0000][1][safepoint    ] Application time: 1.0000766 seconds
[2019-12-09T08:56:30.195+0000][1][safepoint    ] Entering safepoint region: Cleanup
[2019-12-09T08:56:30.195+0000][1][safepoint    ] Leaving safepoint region
[2019-12-09T08:56:30.195+0000][1][safepoint    ] Total time for which application threads were stopped: 0.0000661 seconds, Stopping threads took: 0.0000170 seconds
[2019-12-09T08:56:31.195+0000][1][safepoint    ] Application time: 1.0000768 seconds
[2019-12-09T08:56:31.195+0000][1][safepoint    ] Entering safepoint region: Cleanup
[2019-12-09T08:56:31.195+0000][1][safepoint    ] Leaving safepoint region
[2019-12-09T08:56:31.195+0000][1][safepoint    ] Total time for which application threads were stopped: 0.0000670 seconds, Stopping threads took: 0.0000176 seconds
[2019-12-09T08:56:32.196+0000][1][safepoint    ] Application time: 1.0000772 seconds
[2019-12-09T08:56:32.196+0000][1][safepoint    ] Entering safepoint region: Cleanup
[2019-12-09T08:56:32.196+0000][1][safepoint    ] Leaving safepoint region
[2019-12-09T08:56:32.196+0000][1][safepoint    ] Total time for which application threads were stopped: 0.0000667 seconds, Stopping threads took: 0.0000170 seconds
[2019-12-09T08:56:33.196+0000][1][safepoint    ] Application time: 1.0000761 seconds
[2019-12-09T08:56:33.196+0000][1][safepoint    ] Entering safepoint region: Cleanup
[2019-12-09T08:56:33.196+0000][1][safepoint    ] Leaving safepoint region
[2019-12-09T08:56:33.196+0000][1][safepoint    ] Total time for which application threads were stopped: 0.0000663 seconds, Stopping threads took: 0.0000168 seconds
[2019-12-09T08:56:34.196+0000][1][safepoint    ] Application time: 1.0000754 seconds
[2019-12-09T08:56:34.196+0000][1][safepoint    ] Entering safepoint region: Cleanup
[2019-12-09T08:56:34.196+0000][1][safepoint    ] Leaving safepoint region
[2019-12-09T08:56:34.196+0000][1][safepoint    ] Total time for which application threads were stopped: 0.0000661 seconds, Stopping threads took: 0.0000157 seconds
[2019-12-09T08:56:35.196+0000][1][safepoint    ] Application time: 1.0000757 seconds
[2019-12-09T08:56:35.196+0000][1][safepoint    ] Entering safepoint region: Cleanup
[2019-12-09T08:56:35.196+0000][1][safepoint    ] Leaving safepoint region
[2019-12-09T08:56:35.196+0000][1][safepoint    ] Total time for which application threads were stopped: 0.0000745 seconds, Stopping threads took: 0.0000240 seconds
[2019-12-09T08:56:36.196+0000][1][safepoint    ] Application time: 1.0000754 seconds
[2019-12-09T08:56:36.196+0000][1][safepoint    ] Entering safepoint region: Cleanup
[2019-12-09T08:56:36.196+0000][1][safepoint    ] Leaving safepoint region
[2019-12-09T08:56:36.196+0000][1][safepoint    ] Total time for which application threads were stopped: 0.0000672 seconds, Stopping threads took: 0.0000170 seconds
[2019-12-09T08:56:37.197+0000][1][safepoint    ] Application time: 1.0000745 seconds
[2019-12-09T08:56:37.197+0000][1][safepoint    ] Entering safepoint region: Cleanup
[2019-12-09T08:56:37.197+0000][1][safepoint    ] Leaving safepoint region
[2019-12-09T08:56:37.197+0000][1][safepoint    ] Total time for which application threads were stopped: 0.0000696 seconds, Stopping threads took: 0.0000173 seconds
[2019-12-09T08:56:38.197+0000][1][safepoint    ] Application time: 1.0000844 seconds
[2019-12-09T08:56:38.197+0000][1][safepoint    ] Entering safepoint region: Cleanup
[2019-12-09T08:56:38.197+0000][1][safepoint    ] Leaving safepoint region
[2019-12-09T08:56:38.197+0000][1][safepoint    ] Total time for which application threads were stopped: 0.0000665 seconds, Stopping threads took: 0.0000172 seconds
[2019-12-09T08:56:39.197+0000][1][safepoint    ] Application time: 1.0000763 seconds
[2019-12-09T08:56:39.197+0000][1][safepoint    ] Entering safepoint region: Cleanup
[2019-12-09T08:56:39.197+0000][1][safepoint    ] Leaving safepoint region
[2019-12-09T08:56:39.197+0000][1][safepoint    ] Total time for which application threads were stopped: 0.0000671 seconds, Stopping threads took: 0.0000171 seconds
[2019-12-09T08:56:40.197+0000][1][safepoint    ] Application time: 1.0000746 seconds
[2019-12-09T08:56:40.197+0000][1][safepoint    ] Entering safepoint region: Cleanup
[2019-12-09T08:56:40.197+0000][1][safepoint    ] Leaving safepoint region
[2019-12-09T08:56:40.197+0000][1][safepoint    ] Total time for which application threads were stopped: 0.0000673 seconds, Stopping threads took: 0.0000174 seconds
[2019-12-09T08:56:41.197+0000][1][safepoint    ] Application time: 1.0000773 seconds
[2019-12-09T08:56:41.197+0000][1][safepoint    ] Entering safepoint region: Cleanup
[2019-12-09T08:56:41.197+0000][1][safepoint    ] Leaving safepoint region
[2019-12-09T08:56:41.197+0000][1][safepoint    ] Total time for which application threads were stopped: 0.0000744 seconds, Stopping threads took: 0.0000159 seconds
[2019-12-09T08:56:42.197+0000][1][safepoint    ] Application time: 1.0000783 seconds
[2019-12-09T08:56:42.198+0000][1][safepoint    ] Entering safepoint region: Cleanup
[2019-12-09T08:56:42.198+0000][1][safepoint    ] Leaving safepoint region
[2019-12-09T08:56:42.198+0000][1][safepoint    ] Total time for which application threads were stopped: 0.0000746 seconds, Stopping threads took: 0.0000245 seconds
[2019-12-09T08:56:43.198+0000][1][safepoint    ] Application time: 1.0000784 seconds
[2019-12-09T08:56:43.198+0000][1][safepoint    ] Entering safepoint region: Cleanup
[2019-12-09T08:56:43.198+0000][1][safepoint    ] Leaving safepoint region
[2019-12-09T08:56:43.198+0000][1][safepoint    ] Total time for which application threads were stopped: 0.0000797 seconds, Stopping threads took: 0.0000196 seconds
[2019-12-09T08:56:44.198+0000][1][safepoint    ] Application time: 1.0000788 seconds
[2019-12-09T08:56:44.198+0000][1][safepoint    ] Entering safepoint region: Cleanup
[2019-12-09T08:56:44.198+0000][1][safepoint    ] Leaving safepoint region
[2019-12-09T08:56:44.198+0000][1][safepoint    ] Total time for which application threads were stopped: 0.0000684 seconds, Stopping threads took: 0.0000183 seconds
[2019-12-09T08:56:45.198+0000][1][safepoint    ] Application time: 1.0000766 seconds
[2019-12-09T08:56:45.198+0000][1][safepoint    ] Entering safepoint region: Cleanup
[2019-12-09T08:56:45.198+0000][1][safepoint    ] Leaving safepoint region
[2019-12-09T08:56:45.198+0000][1][safepoint    ] Total time for which application threads were stopped: 0.0000754 seconds, Stopping threads took: 0.0000159 seconds
[2019-12-09T08:56:46.198+0000][1][safepoint    ] Application time: 1.0000766 seconds
[2019-12-09T08:56:46.198+0000][1][safepoint    ] Entering safepoint region: Cleanup
[2019-12-09T08:56:46.198+0000][1][safepoint    ] Leaving safepoint region
[2019-12-09T08:56:46.198+0000][1][safepoint    ] Total time for which application threads were stopped: 0.0000676 seconds, Stopping threads took: 0.0000176 seconds
[2019-12-09T08:56:47.198+0000][1][safepoint    ] Application time: 1.0000744 seconds
[2019-12-09T08:56:47.199+0000][1][safepoint    ] Entering safepoint region: Cleanup
[2019-12-09T08:56:47.199+0000][1][safepoint    ] Leaving safepoint region
[2019-12-09T08:56:47.199+0000][1][safepoint    ] Total time for which application threads were stopped: 0.0000669 seconds, Stopping threads took: 0.0000176 seconds
[2019-12-09T08:56:48.199+0000][1][safepoint    ] Application time: 1.0000750 seconds
[2019-12-09T08:56:48.199+0000][1][safepoint    ] Entering safepoint region: Cleanup
[2019-12-09T08:56:48.199+0000][1][safepoint    ] Leaving safepoint region
[2019-12-09T08:56:48.199+0000][1][safepoint    ] Total time for which application threads were stopped: 0.0000657 seconds, Stopping threads took: 0.0000163 seconds
[2019-12-09T08:56:49.199+0000][1][safepoint    ] Application time: 1.0000746 seconds
[2019-12-09T08:56:49.199+0000][1][safepoint    ] Entering safepoint region: Cleanup
[2019-12-09T08:56:49.199+0000][1][safepoint    ] Leaving safepoint region
[2019-12-09T08:56:49.199+0000][1][safepoint    ] Total time for which application threads were stopped: 0.0000666 seconds, Stopping threads took: 0.0000165 seconds
[2019-12-09T08:56:50.199+0000][1][safepoint    ] Application time: 1.0000766 seconds
[2019-12-09T08:56:50.199+0000][1][safepoint    ] Entering safepoint region: Cleanup
[2019-12-09T08:56:50.199+0000][1][safepoint    ] Leaving safepoint region
[2019-12-09T08:56:50.199+0000][1][safepoint    ] Total time for which application threads were stopped: 0.0000668 seconds, Stopping threads took: 0.0000172 seconds
[2019-12-09T08:56:51.199+0000][1][safepoint    ] Application time: 1.0000773 seconds
[2019-12-09T08:56:51.199+0000][1][safepoint    ] Entering safepoint region: Cleanup
[2019-12-09T08:56:51.199+0000][1][safepoint    ] Leaving safepoint region
[2019-12-09T08:56:51.199+0000][1][safepoint    ] Total time for which application threads were stopped: 0.0000655 seconds, Stopping threads took: 0.0000160 seconds
[2019-12-09T08:56:52.199+0000][1][safepoint    ] Application time: 1.0000770 seconds
[2019-12-09T08:56:52.199+0000][1][safepoint    ] Entering safepoint region: Cleanup
[2019-12-09T08:56:52.199+0000][1][safepoint    ] Leaving safepoint region
[2019-12-09T08:56:52.200+0000][1][safepoint    ] Total time for which application threads were stopped: 0.0000671 seconds, Stopping threads took: 0.0000160 seconds
[2019-12-09T08:56:53.200+0000][1][safepoint    ] Application time: 1.0000773 seconds
[2019-12-09T08:56:53.200+0000][1][safepoint    ] Entering safepoint region: Cleanup
[2019-12-09T08:56:53.200+0000][1][safepoint    ] Leaving safepoint region
[2019-12-09T08:56:53.200+0000][1][safepoint    ] Total time for which application threads were stopped: 0.0000785 seconds, Stopping threads took: 0.0000183 seconds
[2019-12-09T08:56:54.200+0000][1][safepoint    ] Application time: 1.0000781 seconds
[2019-12-09T08:56:54.200+0000][1][safepoint    ] Entering safepoint region: Cleanup
[2019-12-09T08:56:54.200+0000][1][safepoint    ] Leaving safepoint region
[2019-12-09T08:56:54.200+0000][1][safepoint    ] Total time for which application threads were stopped: 0.0000666 seconds, Stopping threads took: 0.0000178 seconds
[2019-12-09T08:56:55.200+0000][1][safepoint    ] Application time: 1.0000777 seconds
[2019-12-09T08:56:55.200+0000][1][safepoint    ] Entering safepoint region: Cleanup
[2019-12-09T08:56:55.200+0000][1][safepoint    ] Leaving safepoint region
[2019-12-09T08:56:55.200+0000][1][safepoint    ] Total time for which application threads were stopped: 0.0000750 seconds, Stopping threads took: 0.0000167 seconds
[2019-12-09T08:56:56.200+0000][1][safepoint    ] Application time: 1.0000784 seconds
[2019-12-09T08:56:56.200+0000][1][safepoint    ] Entering safepoint region: Cleanup
[2019-12-09T08:56:56.200+0000][1][safepoint    ] Leaving safepoint region
[2019-12-09T08:56:56.200+0000][1][safepoint    ] Total time for which application threads were stopped: 0.0000650 seconds, Stopping threads took: 0.0000163 seconds
[2019-12-09T08:56:57.200+0000][1][safepoint    ] Application time: 1.0000769 seconds
[2019-12-09T08:56:57.200+0000][1][safepoint    ] Entering safepoint region: Cleanup
[2019-12-09T08:56:57.200+0000][1][safepoint    ] Leaving safepoint region
[2019-12-09T08:56:57.200+0000][1][safepoint    ] Total time for which application threads were stopped: 0.0000677 seconds, Stopping threads took: 0.0000169 seconds
[2019-12-09T08:56:58.201+0000][1][safepoint    ] Application time: 1.0000771 seconds
[2019-12-09T08:56:58.201+0000][1][safepoint    ] Entering safepoint region: Cleanup
[2019-12-09T08:56:58.201+0000][1][safepoint    ] Leaving safepoint region
[2019-12-09T08:56:58.201+0000][1][safepoint    ] Total time for which application threads were stopped: 0.0000662 seconds, Stopping threads took: 0.0000156 seconds
[2019-12-09T08:56:59.201+0000][1][safepoint    ] Application time: 1.0000891 seconds
[2019-12-09T08:56:59.201+0000][1][safepoint    ] Entering safepoint region: Cleanup
[2019-12-09T08:56:59.201+0000][1][safepoint    ] Leaving safepoint region
[2019-12-09T08:56:59.201+0000][1][safepoint    ] Total time for which application threads were stopped: 0.0000674 seconds, Stopping threads took: 0.0000172 seconds
[2019-12-09T08:57:00.201+0000][1][safepoint    ] Application time: 1.0000762 seconds
[2019-12-09T08:57:00.201+0000][1][safepoint    ] Entering safepoint region: Cleanup
[2019-12-09T08:57:00.201+0000][1][safepoint    ] Leaving safepoint region
[2019-12-09T08:57:00.201+0000][1][safepoint    ] Total time for which application threads were stopped: 0.0000641 seconds, Stopping threads took: 0.0000165 seconds
[2019-12-09T08:57:01.201+0000][1][safepoint    ] Application time: 1.0000783 seconds
[2019-12-09T08:57:01.201+0000][1][safepoint    ] Entering safepoint region: Cleanup
[2019-12-09T08:57:01.201+0000][1][safepoint    ] Leaving safepoint region
[2019-12-09T08:57:01.201+0000][1][safepoint    ] Total time for which application threads were stopped: 0.0000672 seconds, Stopping threads took: 0.0000174 seconds
[2019-12-09T08:57:02.201+0000][1][safepoint    ] Application time: 1.0000788 seconds
[2019-12-09T08:57:02.201+0000][1][safepoint    ] Entering safepoint region: Cleanup
[2019-12-09T08:57:02.201+0000][1][safepoint    ] Leaving safepoint region
[2019-12-09T08:57:02.201+0000][1][safepoint    ] Total time for which application threads were stopped: 0.0000676 seconds, Stopping threads took: 0.0000173 seconds
[2019-12-09T08:57:03.202+0000][1][safepoint    ] Application time: 1.0000769 seconds
[2019-12-09T08:57:03.202+0000][1][safepoint    ] Entering safepoint region: Cleanup
[2019-12-09T08:57:03.202+0000][1][safepoint    ] Leaving safepoint region
[2019-12-09T08:57:03.202+0000][1][safepoint    ] Total time for which application threads were stopped: 0.0000685 seconds, Stopping threads took: 0.0000180 seconds
[2019-12-09T08:57:04.202+0000][1][safepoint    ] Application time: 1.0000758 seconds
[2019-12-09T08:57:04.202+0000][1][safepoint    ] Entering safepoint region: Cleanup
[2019-12-09T08:57:04.202+0000][1][safepoint    ] Leaving safepoint region
[2019-12-09T08:57:04.202+0000][1][safepoint    ] Total time for which application threads were stopped: 0.0000675 seconds, Stopping threads took: 0.0000164 seconds
[2019-12-09T08:57:05.202+0000][1][safepoint    ] Application time: 1.0000775 seconds
[2019-12-09T08:57:05.202+0000][1][safepoint    ] Entering safepoint region: Cleanup
[2019-12-09T08:57:05.202+0000][1][safepoint    ] Leaving safepoint region
[2019-12-09T08:57:05.202+0000][1][safepoint    ] Total time for which application threads were stopped: 0.0000738 seconds, Stopping threads took: 0.0000171 seconds
[2019-12-09T08:57:06.202+0000][1][safepoint    ] Application time: 1.0000776 seconds
[2019-12-09T08:57:06.202+0000][1][safepoint    ] Entering safepoint region: Cleanup
[2019-12-09T08:57:06.202+0000][1][safepoint    ] Leaving safepoint region
[2019-12-09T08:57:06.202+0000][1][safepoint    ] Total time for which application threads were stopped: 0.0000662 seconds, Stopping threads took: 0.0000161 seconds
[2019-12-09T08:57:07.202+0000][1][safepoint    ] Application time: 1.0000772 seconds
[2019-12-09T08:57:07.202+0000][1][safepoint    ] Entering safepoint region: Cleanup
[2019-12-09T08:57:07.202+0000][1][safepoint    ] Leaving safepoint region
[2019-12-09T08:57:07.202+0000][1][safepoint    ] Total time for which application threads were stopped: 0.0000664 seconds, Stopping threads took: 0.0000174 seconds
[2019-12-09T08:57:08.202+0000][1][safepoint    ] Application time: 1.0000774 seconds
[2019-12-09T08:57:08.203+0000][1][safepoint    ] Entering safepoint region: Cleanup
[2019-12-09T08:57:08.203+0000][1][safepoint    ] Leaving safepoint region
[2019-12-09T08:57:08.203+0000][1][safepoint    ] Total time for which application threads were stopped: 0.0000675 seconds, Stopping threads took: 0.0000169 seconds
[2019-12-09T08:57:09.203+0000][1][safepoint    ] Application time: 1.0000762 seconds
[2019-12-09T08:57:09.203+0000][1][safepoint    ] Entering safepoint region: Cleanup
[2019-12-09T08:57:09.203+0000][1][safepoint    ] Leaving safepoint region
[2019-12-09T08:57:09.203+0000][1][safepoint    ] Total time for which application threads were stopped: 0.0000658 seconds, Stopping threads took: 0.0000172 seconds
[2019-12-09T08:57:10.203+0000][1][safepoint    ] Application time: 1.0000754 seconds
[2019-12-09T08:57:10.203+0000][1][safepoint    ] Entering safepoint region: Cleanup
[2019-12-09T08:57:10.203+0000][1][safepoint    ] Leaving safepoint region
[2019-12-09T08:57:10.203+0000][1][safepoint    ] Total time for which application threads were stopped: 0.0000653 seconds, Stopping threads took: 0.0000170 seconds
[2019-12-09T08:57:11.517+0000][1][safepoint    ] Application time: 1.3140445 seconds
[2019-12-09T08:57:11.517+0000][1][safepoint    ] Entering safepoint region: Cleanup
[2019-12-09T08:57:11.517+0000][1][safepoint    ] Leaving safepoint region
[2019-12-09T08:57:11.517+0000][1][safepoint    ] Total time for which application threads were stopped: 0.0000640 seconds, Stopping threads took: 0.0000159 seconds
[2019-12-09T08:57:12.517+0000][1][safepoint    ] Application time: 1.0000760 seconds
[2019-12-09T08:57:12.517+0000][1][safepoint    ] Entering safepoint region: Cleanup
[2019-12-09T08:57:12.517+0000][1][safepoint    ] Leaving safepoint region
[2019-12-09T08:57:12.517+0000][1][safepoint    ] Total time for which application threads were stopped: 0.0000735 seconds, Stopping threads took: 0.0000233 seconds
[2019-12-09T08:57:13.517+0000][1][safepoint    ] Application time: 1.0000759 seconds
[2019-12-09T08:57:13.517+0000][1][safepoint    ] Entering safepoint region: Cleanup
[2019-12-09T08:57:13.517+0000][1][safepoint    ] Leaving safepoint region
[2019-12-09T08:57:13.517+0000][1][safepoint    ] Total time for which application threads were stopped: 0.0000664 seconds, Stopping threads took: 0.0000163 seconds
[2019-12-09T08:57:14.518+0000][1][safepoint    ] Application time: 1.0000757 seconds
[2019-12-09T08:57:14.518+0000][1][safepoint    ] Entering safepoint region: Cleanup
[2019-12-09T08:57:14.518+0000][1][safepoint    ] Leaving safepoint region
[2019-12-09T08:57:14.518+0000][1][safepoint    ] Total time for which application threads were stopped: 0.0000817 seconds, Stopping threads took: 0.0000160 seconds
[2019-12-09T08:57:15.518+0000][1][safepoint    ] Application time: 1.0000764 seconds
[2019-12-09T08:57:15.518+0000][1][safepoint    ] Entering safepoint region: Cleanup
[2019-12-09T08:57:15.518+0000][1][safepoint    ] Leaving safepoint region
[2019-12-09T08:57:15.518+0000][1][safepoint    ] Total time for which application threads were stopped: 0.0000652 seconds, Stopping threads took: 0.0000163 seconds
[2019-12-09T08:57:16.518+0000][1][safepoint    ] Application time: 1.0000550 seconds
[2019-12-09T08:57:16.518+0000][1][safepoint    ] Entering safepoint region: Cleanup
[2019-12-09T08:57:16.518+0000][1][safepoint    ] Leaving safepoint region
[2019-12-09T08:57:16.518+0000][1][safepoint    ] Total time for which application threads were stopped: 0.0000658 seconds, Stopping threads took: 0.0000163 seconds
[2019-12-09T08:57:17.518+0000][1][safepoint    ] Application time: 1.0000827 seconds
[2019-12-09T08:57:17.518+0000][1][safepoint    ] Entering safepoint region: Cleanup
[2019-12-09T08:57:17.518+0000][1][safepoint    ] Leaving safepoint region
[2019-12-09T08:57:17.518+0000][1][safepoint    ] Total time for which application threads were stopped: 0.0000679 seconds, Stopping threads took: 0.0000175 seconds
[2019-12-09T08:57:18.518+0000][1][safepoint    ] Application time: 1.0000762 seconds
[2019-12-09T08:57:18.518+0000][1][safepoint    ] Entering safepoint region: Cleanup
[2019-12-09T08:57:18.518+0000][1][safepoint    ] Leaving safepoint region
[2019-12-09T08:57:18.518+0000][1][safepoint    ] Total time for which application threads were stopped: 0.0000659 seconds, Stopping threads took: 0.0000176 seconds
[2019-12-09T08:57:19.519+0000][1][safepoint    ] Application time: 1.0000750 seconds
[2019-12-09T08:57:19.519+0000][1][safepoint    ] Entering safepoint region: Cleanup
[2019-12-09T08:57:19.519+0000][1][safepoint    ] Leaving safepoint region
[2019-12-09T08:57:19.519+0000][1][safepoint    ] Total time for which application threads were stopped: 0.0000665 seconds, Stopping threads took: 0.0000161 seconds
[2019-12-09T08:57:20.519+0000][1][safepoint    ] Application time: 1.0000752 seconds
[2019-12-09T08:57:20.519+0000][1][safepoint    ] Entering safepoint region: Cleanup
[2019-12-09T08:57:20.519+0000][1][safepoint    ] Leaving safepoint region
[2019-12-09T08:57:20.519+0000][1][safepoint    ] Total time for which application threads were stopped: 0.0000641 seconds, Stopping threads took: 0.0000155 seconds
[2019-12-09T08:57:21.519+0000][1][safepoint    ] Application time: 1.0000758 seconds
[2019-12-09T08:57:21.519+0000][1][safepoint    ] Entering safepoint region: Cleanup
[2019-12-09T08:57:21.519+0000][1][safepoint    ] Leaving safepoint region
[2019-12-09T08:57:21.519+0000][1][safepoint    ] Total time for which application threads were stopped: 0.0000681 seconds, Stopping threads took: 0.0000166 seconds
[2019-12-09T08:57:22.519+0000][1][safepoint    ] Application time: 1.0000781 seconds
[2019-12-09T08:57:22.519+0000][1][safepoint    ] Entering safepoint region: Cleanup
[2019-12-09T08:57:22.519+0000][1][safepoint    ] Leaving safepoint region
[2019-12-09T08:57:22.519+0000][1][safepoint    ] Total time for which application threads were stopped: 0.0000699 seconds, Stopping threads took: 0.0000175 seconds
[2019-12-09T08:57:23.519+0000][1][safepoint    ] Application time: 1.0000774 seconds
[2019-12-09T08:57:23.519+0000][1][safepoint    ] Entering safepoint region: Cleanup
[2019-12-09T08:57:23.519+0000][1][safepoint    ] Leaving safepoint region
[2019-12-09T08:57:23.519+0000][1][safepoint    ] Total time for which application threads were stopped: 0.0000678 seconds, Stopping threads took: 0.0000167 seconds
[2019-12-09T08:57:24.519+0000][1][safepoint    ] Application time: 1.0000779 seconds
[2019-12-09T08:57:24.520+0000][1][safepoint    ] Entering safepoint region: Cleanup
[2019-12-09T08:57:24.520+0000][1][safepoint    ] Leaving safepoint region
[2019-12-09T08:57:24.520+0000][1][safepoint    ] Total time for which application threads were stopped: 0.0000677 seconds, Stopping threads took: 0.0000168 seconds
[2019-12-09T08:57:25.520+0000][1][safepoint    ] Application time: 1.0000755 seconds
[2019-12-09T08:57:25.520+0000][1][safepoint    ] Entering safepoint region: Cleanup
[2019-12-09T08:57:25.520+0000][1][safepoint    ] Leaving safepoint region
[2019-12-09T08:57:25.520+0000][1][safepoint    ] Total time for which application threads were stopped: 0.0000689 seconds, Stopping threads took: 0.0000167 seconds
[2019-12-09T08:57:26.520+0000][1][safepoint    ] Application time: 1.0000769 seconds
[2019-12-09T08:57:26.520+0000][1][safepoint    ] Entering safepoint region: Cleanup
[2019-12-09T08:57:26.520+0000][1][safepoint    ] Leaving safepoint region
[2019-12-09T08:57:26.520+0000][1][safepoint    ] Total time for which application threads were stopped: 0.0000667 seconds, Stopping threads took: 0.0000171 seconds
[2019-12-09T08:57:27.520+0000][1][safepoint    ] Application time: 1.0000751 seconds
[2019-12-09T08:57:27.520+0000][1][safepoint    ] Entering safepoint region: Cleanup
[2019-12-09T08:57:27.520+0000][1][safepoint    ] Leaving safepoint region
[2019-12-09T08:57:27.520+0000][1][safepoint    ] Total time for which application threads were stopped: 0.0000671 seconds, Stopping threads took: 0.0000173 seconds
[2019-12-09T08:57:28.520+0000][1][safepoint    ] Application time: 1.0000735 seconds
[2019-12-09T08:57:28.520+0000][1][safepoint    ] Entering safepoint region: Cleanup
[2019-12-09T08:57:28.520+0000][1][safepoint    ] Leaving safepoint region
[2019-12-09T08:57:28.520+0000][1][safepoint    ] Total time for which application threads were stopped: 0.0000669 seconds, Stopping threads took: 0.0000159 seconds
[2019-12-09T08:57:29.520+0000][1][safepoint    ] Application time: 1.0000756 seconds
[2019-12-09T08:57:29.520+0000][1][safepoint    ] Entering safepoint region: Cleanup
[2019-12-09T08:57:29.521+0000][1][safepoint    ] Leaving safepoint region
[2019-12-09T08:57:29.521+0000][1][safepoint    ] Total time for which application threads were stopped: 0.0000642 seconds, Stopping threads took: 0.0000158 seconds
[2019-12-09T08:57:30.521+0000][1][safepoint    ] Application time: 1.0000753 seconds
[2019-12-09T08:57:30.521+0000][1][safepoint    ] Entering safepoint region: Cleanup
[2019-12-09T08:57:30.521+0000][1][safepoint    ] Leaving safepoint region
[2019-12-09T08:57:30.521+0000][1][safepoint    ] Total time for which application threads were stopped: 0.0000783 seconds, Stopping threads took: 0.0000162 seconds
[2019-12-09T08:57:31.521+0000][1][safepoint    ] Application time: 1.0000764 seconds
[2019-12-09T08:57:31.521+0000][1][safepoint    ] Entering safepoint region: Cleanup
[2019-12-09T08:57:31.521+0000][1][safepoint    ] Leaving safepoint region
[2019-12-09T08:57:31.521+0000][1][safepoint    ] Total time for which application threads were stopped: 0.0000681 seconds, Stopping threads took: 0.0000175 seconds
[2019-12-09T08:57:32.521+0000][1][safepoint    ] Application time: 1.0000760 seconds
[2019-12-09T08:57:32.521+0000][1][safepoint    ] Entering safepoint region: Cleanup
[2019-12-09T08:57:32.521+0000][1][safepoint    ] Leaving safepoint region
[2019-12-09T08:57:32.521+0000][1][safepoint    ] Total time for which application threads were stopped: 0.0000675 seconds, Stopping threads took: 0.0000173 seconds
[2019-12-09T08:57:33.521+0000][1][safepoint    ] Application time: 1.0000776 seconds
[2019-12-09T08:57:33.521+0000][1][safepoint    ] Entering safepoint region: Cleanup
[2019-12-09T08:57:33.521+0000][1][safepoint    ] Leaving safepoint region
[2019-12-09T08:57:33.521+0000][1][safepoint    ] Total time for which application threads were stopped: 0.0000670 seconds, Stopping threads took: 0.0000166 seconds
[2019-12-09T08:57:34.521+0000][1][safepoint    ] Application time: 1.0000754 seconds
[2019-12-09T08:57:34.521+0000][1][safepoint    ] Entering safepoint region: Cleanup
[2019-12-09T08:57:34.521+0000][1][safepoint    ] Leaving safepoint region
[2019-12-09T08:57:34.521+0000][1][safepoint    ] Total time for which application threads were stopped: 0.0000669 seconds, Stopping threads took: 0.0000165 seconds
[2019-12-09T08:57:35.522+0000][1][safepoint    ] Application time: 1.0000753 seconds
[2019-12-09T08:57:35.522+0000][1][safepoint    ] Entering safepoint region: Cleanup
[2019-12-09T08:57:35.522+0000][1][safepoint    ] Leaving safepoint region
[2019-12-09T08:57:35.522+0000][1][safepoint    ] Total time for which application threads were stopped: 0.0000644 seconds, Stopping threads took: 0.0000159 seconds
[2019-12-09T08:57:36.522+0000][1][safepoint    ] Application time: 1.0000767 seconds
[2019-12-09T08:57:36.522+0000][1][safepoint    ] Entering safepoint region: Cleanup
[2019-12-09T08:57:36.522+0000][1][safepoint    ] Leaving safepoint region
[2019-12-09T08:57:36.522+0000][1][safepoint    ] Total time for which application threads were stopped: 0.0000679 seconds, Stopping threads took: 0.0000173 seconds
[2019-12-09T08:57:37.522+0000][1][safepoint    ] Application time: 1.0000745 seconds
[2019-12-09T08:57:37.522+0000][1][safepoint    ] Entering safepoint region: Cleanup
[2019-12-09T08:57:37.522+0000][1][safepoint    ] Leaving safepoint region
[2019-12-09T08:57:37.522+0000][1][safepoint    ] Total time for which application threads were stopped: 0.0000692 seconds, Stopping threads took: 0.0000169 seconds
[2019-12-09T08:57:38.522+0000][1][safepoint    ] Application time: 1.0000773 seconds
[2019-12-09T08:57:38.522+0000][1][safepoint    ] Entering safepoint region: Cleanup
[2019-12-09T08:57:38.522+0000][1][safepoint    ] Leaving safepoint region
[2019-12-09T08:57:38.522+0000][1][safepoint    ] Total time for which application threads were stopped: 0.0000689 seconds, Stopping threads took: 0.0000168 seconds
[2019-12-09T08:57:39.522+0000][1][safepoint    ] Application time: 1.0000771 seconds
[2019-12-09T08:57:39.522+0000][1][safepoint    ] Entering safepoint region: Cleanup
[2019-12-09T08:57:39.522+0000][1][safepoint    ] Leaving safepoint region
[2019-12-09T08:57:39.522+0000][1][safepoint    ] Total time for which application threads were stopped: 0.0000660 seconds, Stopping threads took: 0.0000164 seconds
[2019-12-09T08:57:40.523+0000][1][safepoint    ] Application time: 1.0000756 seconds
[2019-12-09T08:57:40.523+0000][1][safepoint    ] Entering safepoint region: Cleanup
[2019-12-09T08:57:40.523+0000][1][safepoint    ] Leaving safepoint region
[2019-12-09T08:57:40.523+0000][1][safepoint    ] Total time for which application threads were stopped: 0.0000665 seconds, Stopping threads took: 0.0000173 seconds
[2019-12-09T08:57:41.523+0000][1][safepoint    ] Application time: 1.0000766 seconds
[2019-12-09T08:57:41.523+0000][1][safepoint    ] Entering safepoint region: Cleanup
[2019-12-09T08:57:41.523+0000][1][safepoint    ] Leaving safepoint region
[2019-12-09T08:57:41.523+0000][1][safepoint    ] Total time for which application threads were stopped: 0.0000662 seconds, Stopping threads took: 0.0000163 seconds
[2019-12-09T08:57:42.523+0000][1][safepoint    ] Application time: 1.0000749 seconds
[2019-12-09T08:57:42.523+0000][1][safepoint    ] Entering safepoint region: Cleanup
[2019-12-09T08:57:42.523+0000][1][safepoint    ] Leaving safepoint region
[2019-12-09T08:57:42.523+0000][1][safepoint    ] Total time for which application threads were stopped: 0.0000749 seconds, Stopping threads took: 0.0000240 seconds
[2019-12-09T08:57:43.523+0000][1][safepoint    ] Application time: 1.0000761 seconds
[2019-12-09T08:57:43.523+0000][1][safepoint    ] Entering safepoint region: Cleanup
[2019-12-09T08:57:43.523+0000][1][safepoint    ] Leaving safepoint region
[2019-12-09T08:57:43.523+0000][1][safepoint    ] Total time for which application threads were stopped: 0.0000672 seconds, Stopping threads took: 0.0000159 seconds
[2019-12-09T08:57:44.523+0000][1][safepoint    ] Application time: 1.0000752 seconds
[2019-12-09T08:57:44.523+0000][1][safepoint    ] Entering safepoint region: Cleanup
[2019-12-09T08:57:44.523+0000][1][safepoint    ] Leaving safepoint region
[2019-12-09T08:57:44.523+0000][1][safepoint    ] Total time for which application threads were stopped: 0.0000664 seconds, Stopping threads took: 0.0000157 seconds
[2019-12-09T08:57:45.523+0000][1][safepoint    ] Application time: 1.0000755 seconds
[2019-12-09T08:57:45.524+0000][1][safepoint    ] Entering safepoint region: Cleanup
[2019-12-09T08:57:45.524+0000][1][safepoint    ] Leaving safepoint region
[2019-12-09T08:57:45.524+0000][1][safepoint    ] Total time for which application threads were stopped: 0.0000641 seconds, Stopping threads took: 0.0000154 seconds
[2019-12-09T08:57:46.524+0000][1][safepoint    ] Application time: 1.0000759 seconds
[2019-12-09T08:57:46.524+0000][1][safepoint    ] Entering safepoint region: Cleanup
[2019-12-09T08:57:46.524+0000][1][safepoint    ] Leaving safepoint region
[2019-12-09T08:57:46.524+0000][1][safepoint    ] Total time for which application threads were stopped: 0.0000701 seconds, Stopping threads took: 0.0000190 seconds
[2019-12-09T08:57:47.524+0000][1][safepoint    ] Application time: 1.0000770 seconds
[2019-12-09T08:57:47.524+0000][1][safepoint    ] Entering safepoint region: Cleanup
[2019-12-09T08:57:47.524+0000][1][safepoint    ] Leaving safepoint region
[2019-12-09T08:57:47.524+0000][1][safepoint    ] Total time for which application threads were stopped: 0.0000673 seconds, Stopping threads took: 0.0000175 seconds
[2019-12-09T08:57:48.524+0000][1][safepoint    ] Application time: 1.0000756 seconds
[2019-12-09T08:57:48.524+0000][1][safepoint    ] Entering safepoint region: Cleanup
[2019-12-09T08:57:48.524+0000][1][safepoint    ] Leaving safepoint region
[2019-12-09T08:57:48.524+0000][1][safepoint    ] Total time for which application threads were stopped: 0.0000663 seconds, Stopping threads took: 0.0000163 seconds
[2019-12-09T08:57:49.524+0000][1][safepoint    ] Application time: 1.0000784 seconds
[2019-12-09T08:57:49.524+0000][1][safepoint    ] Entering safepoint region: Cleanup
[2019-12-09T08:57:49.524+0000][1][safepoint    ] Leaving safepoint region
[2019-12-09T08:57:49.524+0000][1][safepoint    ] Total time for which application threads were stopped: 0.0000678 seconds, Stopping threads took: 0.0000174 seconds
[2019-12-09T08:57:50.524+0000][1][safepoint    ] Application time: 1.0000762 seconds
[2019-12-09T08:57:50.524+0000][1][safepoint    ] Entering safepoint region: Cleanup
[2019-12-09T08:57:50.525+0000][1][safepoint    ] Leaving safepoint region
[2019-12-09T08:57:50.525+0000][1][safepoint    ] Total time for which application threads were stopped: 0.0000675 seconds, Stopping threads took: 0.0000171 seconds
[2019-12-09T08:57:51.525+0000][1][safepoint    ] Application time: 1.0000781 seconds
[2019-12-09T08:57:51.525+0000][1][safepoint    ] Entering safepoint region: Cleanup
[2019-12-09T08:57:51.525+0000][1][safepoint    ] Leaving safepoint region
[2019-12-09T08:57:51.525+0000][1][safepoint    ] Total time for which application threads were stopped: 0.0000787 seconds, Stopping threads took: 0.0000177 seconds
[2019-12-09T08:57:52.525+0000][1][safepoint    ] Application time: 1.0000775 seconds
[2019-12-09T08:57:52.525+0000][1][safepoint    ] Entering safepoint region: Cleanup
[2019-12-09T08:57:52.525+0000][1][safepoint    ] Leaving safepoint region
[2019-12-09T08:57:52.525+0000][1][safepoint    ] Total time for which application threads were stopped: 0.0000673 seconds, Stopping threads took: 0.0000174 seconds
[2019-12-09T08:57:53.525+0000][1][safepoint    ] Application time: 1.0000771 seconds
[2019-12-09T08:57:53.525+0000][1][safepoint    ] Entering safepoint region: Cleanup
[2019-12-09T08:57:53.525+0000][1][safepoint    ] Leaving safepoint region
[2019-12-09T08:57:53.525+0000][1][safepoint    ] Total time for which application threads were stopped: 0.0000671 seconds, Stopping threads took: 0.0000169 seconds
[2019-12-09T08:57:54.525+0000][1][safepoint    ] Application time: 1.0000761 seconds
[2019-12-09T08:57:54.525+0000][1][safepoint    ] Entering safepoint region: Cleanup
[2019-12-09T08:57:54.525+0000][1][safepoint    ] Leaving safepoint region
[2019-12-09T08:57:54.525+0000][1][safepoint    ] Total time for which application threads were stopped: 0.0000669 seconds, Stopping threads took: 0.0000162 seconds
[2019-12-09T08:57:55.525+0000][1][safepoint    ] Application time: 1.0000742 seconds
[2019-12-09T08:57:55.525+0000][1][safepoint    ] Entering safepoint region: Cleanup
[2019-12-09T08:57:55.525+0000][1][safepoint    ] Leaving safepoint region
[2019-12-09T08:57:55.525+0000][1][safepoint    ] Total time for which application threads were stopped: 0.0000668 seconds, Stopping threads took: 0.0000165 seconds
[2019-12-09T08:57:56.526+0000][1][safepoint    ] Application time: 1.0000779 seconds
[2019-12-09T08:57:56.526+0000][1][safepoint    ] Entering safepoint region: Cleanup
[2019-12-09T08:57:56.526+0000][1][safepoint    ] Leaving safepoint region
[2019-12-09T08:57:56.526+0000][1][safepoint    ] Total time for which application threads were stopped: 0.0000775 seconds, Stopping threads took: 0.0000169 seconds
[2019-12-09T08:57:57.526+0000][1][safepoint    ] Application time: 1.0000814 seconds
[2019-12-09T08:57:57.526+0000][1][safepoint    ] Entering safepoint region: Cleanup
[2019-12-09T08:57:57.526+0000][1][safepoint    ] Leaving safepoint region
[2019-12-09T08:57:57.526+0000][1][safepoint    ] Total time for which application threads were stopped: 0.0000721 seconds, Stopping threads took: 0.0000205 seconds
[2019-12-09T08:57:58.526+0000][1][safepoint    ] Application time: 1.0000775 seconds
[2019-12-09T08:57:58.526+0000][1][safepoint    ] Entering safepoint region: Cleanup
[2019-12-09T08:57:58.526+0000][1][safepoint    ] Leaving safepoint region
[2019-12-09T08:57:58.526+0000][1][safepoint    ] Total time for which application threads were stopped: 0.0000663 seconds, Stopping threads took: 0.0000166 seconds
[2019-12-09T08:57:59.526+0000][1][safepoint    ] Application time: 1.0000774 seconds
[2019-12-09T08:57:59.526+0000][1][safepoint    ] Entering safepoint region: Cleanup
[2019-12-09T08:57:59.526+0000][1][safepoint    ] Leaving safepoint region
[2019-12-09T08:57:59.526+0000][1][safepoint    ] Total time for which application threads were stopped: 0.0000665 seconds, Stopping threads took: 0.0000166 seconds
[2019-12-09T08:58:00.526+0000][1][safepoint    ] Application time: 1.0000768 seconds
[2019-12-09T08:58:00.526+0000][1][safepoint    ] Entering safepoint region: Cleanup
[2019-12-09T08:58:00.526+0000][1][safepoint    ] Leaving safepoint region
[2019-12-09T08:58:00.526+0000][1][safepoint    ] Total time for which application threads were stopped: 0.0000670 seconds, Stopping threads took: 0.0000152 seconds
[2019-12-09T08:58:01.230+0000][1][safepoint    ] Application time: 0.7032013 seconds
[2019-12-09T08:58:01.230+0000][1][safepoint    ] Entering safepoint region: GenCollectForAllocation
[2019-12-09T08:58:01.230+0000][1][gc,start     ] GC(81) Pause Young (Allocation Failure)
[2019-12-09T08:58:01.230+0000][1][gc,task      ] GC(81) Using 2 workers of 2 for evacuation
[2019-12-09T08:58:01.231+0000][1][gc,age       ] GC(81) Desired survivor size 4456448 bytes, new threshold 6 (max threshold 6)
[2019-12-09T08:58:01.231+0000][1][gc,age       ] GC(81) Age table with threshold 6 (max threshold 6)
[2019-12-09T08:58:01.231+0000][1][gc,age       ] GC(81) - age   1:       4016 bytes,       4016 total
[2019-12-09T08:58:01.231+0000][1][gc,age       ] GC(81) - age   4:         72 bytes,       4088 total
[2019-12-09T08:58:01.231+0000][1][gc,heap      ] GC(81) ParNew: 69958K->6K(78656K)
[2019-12-09T08:58:01.231+0000][1][gc,heap      ] GC(81) CMS: 69465K->69465K(174784K)
[2019-12-09T08:58:01.231+0000][1][gc,metaspace ] GC(81) Metaspace: 68475K->68475K(1112064K)
[2019-12-09T08:58:01.231+0000][1][gc           ] GC(81) Pause Young (Allocation Failure) 136M->67M(247M) 1.350ms
[2019-12-09T08:58:01.231+0000][1][gc,cpu       ] GC(81) User=0.00s Sys=0.00s Real=0.00s
[2019-12-09T08:58:01.231+0000][1][safepoint    ] Leaving safepoint region
[2019-12-09T08:58:01.231+0000][1][safepoint    ] Total time for which application threads were stopped: 0.0014890 seconds, Stopping threads took: 0.0000163 seconds
[2019-12-09T08:58:02.231+0000][1][safepoint    ] Application time: 1.0000867 seconds
[2019-12-09T08:58:02.231+0000][1][safepoint    ] Entering safepoint region: Cleanup
[2019-12-09T08:58:02.231+0000][1][safepoint    ] Leaving safepoint region
[2019-12-09T08:58:02.231+0000][1][safepoint    ] Total time for which application threads were stopped: 0.0000684 seconds, Stopping threads took: 0.0000183 seconds
[2019-12-09T08:58:03.231+0000][1][safepoint    ] Application time: 1.0000766 seconds
[2019-12-09T08:58:03.232+0000][1][safepoint    ] Entering safepoint region: Cleanup
[2019-12-09T08:58:03.232+0000][1][safepoint    ] Leaving safepoint region
[2019-12-09T08:58:03.232+0000][1][safepoint    ] Total time for which application threads were stopped: 0.0000744 seconds, Stopping threads took: 0.0000244 seconds
[2019-12-09T08:58:04.232+0000][1][safepoint    ] Application time: 1.0000842 seconds
[2019-12-09T08:58:04.232+0000][1][safepoint    ] Entering safepoint region: Cleanup
[2019-12-09T08:58:04.232+0000][1][safepoint    ] Leaving safepoint region
[2019-12-09T08:58:04.232+0000][1][safepoint    ] Total time for which application threads were stopped: 0.0000674 seconds, Stopping threads took: 0.0000164 seconds
[2019-12-09T08:58:05.232+0000][1][safepoint    ] Application time: 1.0000753 seconds
[2019-12-09T08:58:05.232+0000][1][safepoint    ] Entering safepoint region: Cleanup
[2019-12-09T08:58:05.232+0000][1][safepoint    ] Leaving safepoint region
[2019-12-09T08:58:05.232+0000][1][safepoint    ] Total time for which application threads were stopped: 0.0000659 seconds, Stopping threads took: 0.0000163 seconds
[2019-12-09T08:58:06.232+0000][1][safepoint    ] Application time: 1.0000766 seconds
[2019-12-09T08:58:06.232+0000][1][safepoint    ] Entering safepoint region: Cleanup
[2019-12-09T08:58:06.232+0000][1][safepoint    ] Leaving safepoint region
[2019-12-09T08:58:06.232+0000][1][safepoint    ] Total time for which application threads were stopped: 0.0001140 seconds, Stopping threads took: 0.0000584 seconds
[2019-12-09T08:58:07.232+0000][1][safepoint    ] Application time: 1.0000824 seconds
[2019-12-09T08:58:07.232+0000][1][safepoint    ] Entering safepoint region: Cleanup
[2019-12-09T08:58:07.232+0000][1][safepoint    ] Leaving safepoint region
[2019-12-09T08:58:07.232+0000][1][safepoint    ] Total time for which application threads were stopped: 0.0000707 seconds, Stopping threads took: 0.0000179 seconds
[2019-12-09T08:58:08.233+0000][1][safepoint    ] Application time: 1.0000767 seconds
[2019-12-09T08:58:08.233+0000][1][safepoint    ] Entering safepoint region: Cleanup
[2019-12-09T08:58:08.233+0000][1][safepoint    ] Leaving safepoint region
[2019-12-09T08:58:08.233+0000][1][safepoint    ] Total time for which application threads were stopped: 0.0000679 seconds, Stopping threads took: 0.0000177 seconds
[2019-12-09T08:58:09.233+0000][1][safepoint    ] Application time: 1.0000762 seconds
[2019-12-09T08:58:09.233+0000][1][safepoint    ] Entering safepoint region: Cleanup
[2019-12-09T08:58:09.233+0000][1][safepoint    ] Leaving safepoint region
[2019-12-09T08:58:09.233+0000][1][safepoint    ] Total time for which application threads were stopped: 0.0000659 seconds, Stopping threads took: 0.0000162 seconds
[2019-12-09T08:58:10.233+0000][1][safepoint    ] Application time: 1.0000739 seconds
[2019-12-09T08:58:10.233+0000][1][safepoint    ] Entering safepoint region: Cleanup
[2019-12-09T08:58:10.233+0000][1][safepoint    ] Leaving safepoint region
[2019-12-09T08:58:10.233+0000][1][safepoint    ] Total time for which application threads were stopped: 0.0000672 seconds, Stopping threads took: 0.0000177 seconds
[2019-12-09T08:58:11.233+0000][1][safepoint    ] Application time: 1.0000740 seconds
[2019-12-09T08:58:11.233+0000][1][safepoint    ] Entering safepoint region: Cleanup
[2019-12-09T08:58:11.233+0000][1][safepoint    ] Leaving safepoint region
[2019-12-09T08:58:11.233+0000][1][safepoint    ] Total time for which application threads were stopped: 0.0000669 seconds, Stopping threads took: 0.0000158 seconds
[2019-12-09T08:58:12.233+0000][1][safepoint    ] Application time: 1.0000505 seconds
[2019-12-09T08:58:12.233+0000][1][safepoint    ] Entering safepoint region: Cleanup
[2019-12-09T08:58:12.233+0000][1][safepoint    ] Leaving safepoint region
[2019-12-09T08:58:12.233+0000][1][safepoint    ] Total time for which application threads were stopped: 0.0000752 seconds, Stopping threads took: 0.0000242 seconds
[2019-12-09T08:58:13.233+0000][1][safepoint    ] Application time: 1.0000769 seconds
[2019-12-09T08:58:13.233+0000][1][safepoint    ] Entering safepoint region: Cleanup
[2019-12-09T08:58:13.234+0000][1][safepoint    ] Leaving safepoint region
[2019-12-09T08:58:13.234+0000][1][safepoint    ] Total time for which application threads were stopped: 0.0000766 seconds, Stopping threads took: 0.0000234 seconds
[2019-12-09T08:58:14.234+0000][1][safepoint    ] Application time: 1.0000769 seconds
[2019-12-09T08:58:14.234+0000][1][safepoint    ] Entering safepoint region: Cleanup
[2019-12-09T08:58:14.234+0000][1][safepoint    ] Leaving safepoint region
[2019-12-09T08:58:14.234+0000][1][safepoint    ] Total time for which application threads were stopped: 0.0000667 seconds, Stopping threads took: 0.0000155 seconds
[2019-12-09T08:58:15.234+0000][1][safepoint    ] Application time: 1.0000745 seconds
[2019-12-09T08:58:15.234+0000][1][safepoint    ] Entering safepoint region: Cleanup
[2019-12-09T08:58:15.234+0000][1][safepoint    ] Leaving safepoint region
[2019-12-09T08:58:15.234+0000][1][safepoint    ] Total time for which application threads were stopped: 0.0000659 seconds, Stopping threads took: 0.0000169 seconds
[2019-12-09T08:58:16.234+0000][1][safepoint    ] Application time: 1.0000782 seconds
[2019-12-09T08:58:16.234+0000][1][safepoint    ] Entering safepoint region: Cleanup
[2019-12-09T08:58:16.234+0000][1][safepoint    ] Leaving safepoint region
[2019-12-09T08:58:16.234+0000][1][safepoint    ] Total time for which application threads were stopped: 0.0000686 seconds, Stopping threads took: 0.0000179 seconds
[2019-12-09T08:58:17.234+0000][1][safepoint    ] Application time: 1.0000755 seconds
[2019-12-09T08:58:17.234+0000][1][safepoint    ] Entering safepoint region: Cleanup
[2019-12-09T08:58:17.234+0000][1][safepoint    ] Leaving safepoint region
[2019-12-09T08:58:17.234+0000][1][safepoint    ] Total time for which application threads were stopped: 0.0000716 seconds, Stopping threads took: 0.0000218 seconds
[2019-12-09T08:58:18.234+0000][1][safepoint    ] Application time: 1.0000789 seconds
[2019-12-09T08:58:18.234+0000][1][safepoint    ] Entering safepoint region: Cleanup
[2019-12-09T08:58:18.235+0000][1][safepoint    ] Leaving safepoint region
[2019-12-09T08:58:18.235+0000][1][safepoint    ] Total time for which application threads were stopped: 0.0000696 seconds, Stopping threads took: 0.0000179 seconds
[2019-12-09T08:58:19.235+0000][1][safepoint    ] Application time: 1.0000768 seconds
[2019-12-09T08:58:19.235+0000][1][safepoint    ] Entering safepoint region: Cleanup
[2019-12-09T08:58:19.235+0000][1][safepoint    ] Leaving safepoint region
[2019-12-09T08:58:19.235+0000][1][safepoint    ] Total time for which application threads were stopped: 0.0000838 seconds, Stopping threads took: 0.0000176 seconds
[2019-12-09T08:58:20.235+0000][1][safepoint    ] Application time: 1.0000783 seconds
[2019-12-09T08:58:20.235+0000][1][safepoint    ] Entering safepoint region: Cleanup
[2019-12-09T08:58:20.235+0000][1][safepoint    ] Leaving safepoint region
[2019-12-09T08:58:20.235+0000][1][safepoint    ] Total time for which application threads were stopped: 0.0000672 seconds, Stopping threads took: 0.0000171 seconds
[2019-12-09T08:58:21.235+0000][1][safepoint    ] Application time: 1.0000753 seconds
[2019-12-09T08:58:21.235+0000][1][safepoint    ] Entering safepoint region: Cleanup
[2019-12-09T08:58:21.235+0000][1][safepoint    ] Leaving safepoint region
[2019-12-09T08:58:21.235+0000][1][safepoint    ] Total time for which application threads were stopped: 0.0000677 seconds, Stopping threads took: 0.0000162 seconds
[2019-12-09T08:58:22.235+0000][1][safepoint    ] Application time: 1.0000755 seconds
[2019-12-09T08:58:22.235+0000][1][safepoint    ] Entering safepoint region: Cleanup
[2019-12-09T08:58:22.235+0000][1][safepoint    ] Leaving safepoint region
[2019-12-09T08:58:22.235+0000][1][safepoint    ] Total time for which application threads were stopped: 0.0000756 seconds, Stopping threads took: 0.0000249 seconds
[2019-12-09T08:58:23.235+0000][1][safepoint    ] Application time: 1.0000766 seconds
[2019-12-09T08:58:23.235+0000][1][safepoint    ] Entering safepoint region: Cleanup
[2019-12-09T08:58:23.235+0000][1][safepoint    ] Leaving safepoint region
[2019-12-09T08:58:23.236+0000][1][safepoint    ] Total time for which application threads were stopped: 0.0000741 seconds, Stopping threads took: 0.0000166 seconds
[2019-12-09T08:58:24.236+0000][1][safepoint    ] Application time: 1.0000614 seconds
[2019-12-09T08:58:24.236+0000][1][safepoint    ] Entering safepoint region: Cleanup
[2019-12-09T08:58:24.236+0000][1][safepoint    ] Leaving safepoint region
[2019-12-09T08:58:24.236+0000][1][safepoint    ] Total time for which application threads were stopped: 0.0000993 seconds, Stopping threads took: 0.0000333 seconds
[2019-12-09T08:58:25.236+0000][1][safepoint    ] Application time: 1.0000748 seconds
[2019-12-09T08:58:25.236+0000][1][safepoint    ] Entering safepoint region: Cleanup
[2019-12-09T08:58:25.236+0000][1][safepoint    ] Leaving safepoint region
[2019-12-09T08:58:25.236+0000][1][safepoint    ] Total time for which application threads were stopped: 0.0000664 seconds, Stopping threads took: 0.0000175 seconds
[2019-12-09T08:58:26.236+0000][1][safepoint    ] Application time: 1.0000760 seconds
[2019-12-09T08:58:26.236+0000][1][safepoint    ] Entering safepoint region: Cleanup
[2019-12-09T08:58:26.236+0000][1][safepoint    ] Leaving safepoint region
[2019-12-09T08:58:26.236+0000][1][safepoint    ] Total time for which application threads were stopped: 0.0000663 seconds, Stopping threads took: 0.0000164 seconds
[2019-12-09T08:58:27.236+0000][1][safepoint    ] Application time: 1.0000742 seconds
[2019-12-09T08:58:27.236+0000][1][safepoint    ] Entering safepoint region: Cleanup
[2019-12-09T08:58:27.236+0000][1][safepoint    ] Leaving safepoint region
[2019-12-09T08:58:27.236+0000][1][safepoint    ] Total time for which application threads were stopped: 0.0000662 seconds, Stopping threads took: 0.0000156 seconds
[2019-12-09T08:58:28.236+0000][1][safepoint    ] Application time: 1.0000769 seconds
[2019-12-09T08:58:28.236+0000][1][safepoint    ] Entering safepoint region: Cleanup
[2019-12-09T08:58:28.236+0000][1][safepoint    ] Leaving safepoint region
[2019-12-09T08:58:28.236+0000][1][safepoint    ] Total time for which application threads were stopped: 0.0000656 seconds, Stopping threads took: 0.0000159 seconds
[2019-12-09T08:58:29.237+0000][1][safepoint    ] Application time: 1.0000755 seconds
[2019-12-09T08:58:29.237+0000][1][safepoint    ] Entering safepoint region: Cleanup
[2019-12-09T08:58:29.237+0000][1][safepoint    ] Leaving safepoint region
[2019-12-09T08:58:29.237+0000][1][safepoint    ] Total time for which application threads were stopped: 0.0000662 seconds, Stopping threads took: 0.0000164 seconds
[2019-12-09T08:58:30.237+0000][1][safepoint    ] Application time: 1.0000753 seconds
[2019-12-09T08:58:30.237+0000][1][safepoint    ] Entering safepoint region: Cleanup
[2019-12-09T08:58:30.237+0000][1][safepoint    ] Leaving safepoint region
[2019-12-09T08:58:30.237+0000][1][safepoint    ] Total time for which application threads were stopped: 0.0000639 seconds, Stopping threads took: 0.0000154 seconds
[2019-12-09T08:58:31.237+0000][1][safepoint    ] Application time: 1.0000741 seconds
[2019-12-09T08:58:31.237+0000][1][safepoint    ] Entering safepoint region: Cleanup
[2019-12-09T08:58:31.237+0000][1][safepoint    ] Leaving safepoint region
[2019-12-09T08:58:31.237+0000][1][safepoint    ] Total time for which application threads were stopped: 0.0000660 seconds, Stopping threads took: 0.0000168 seconds
[2019-12-09T08:58:32.237+0000][1][safepoint    ] Application time: 1.0000814 seconds
[2019-12-09T08:58:32.237+0000][1][safepoint    ] Entering safepoint region: Cleanup
[2019-12-09T08:58:32.237+0000][1][safepoint    ] Leaving safepoint region
[2019-12-09T08:58:32.237+0000][1][safepoint    ] Total time for which application threads were stopped: 0.0000657 seconds, Stopping threads took: 0.0000166 seconds
[2019-12-09T08:58:33.237+0000][1][safepoint    ] Application time: 1.0000782 seconds
[2019-12-09T08:58:33.237+0000][1][safepoint    ] Entering safepoint region: Cleanup
[2019-12-09T08:58:33.237+0000][1][safepoint    ] Leaving safepoint region
[2019-12-09T08:58:33.237+0000][1][safepoint    ] Total time for which application threads were stopped: 0.0000810 seconds, Stopping threads took: 0.0000176 seconds
[2019-12-09T08:58:34.237+0000][1][safepoint    ] Application time: 1.0000772 seconds
[2019-12-09T08:58:34.238+0000][1][safepoint    ] Entering safepoint region: Cleanup
[2019-12-09T08:58:34.238+0000][1][safepoint    ] Leaving safepoint region
[2019-12-09T08:58:34.238+0000][1][safepoint    ] Total time for which application threads were stopped: 0.0000685 seconds, Stopping threads took: 0.0000169 seconds
[2019-12-09T08:58:35.238+0000][1][safepoint    ] Application time: 1.0000831 seconds
[2019-12-09T08:58:35.238+0000][1][safepoint    ] Entering safepoint region: Cleanup
[2019-12-09T08:58:35.238+0000][1][safepoint    ] Leaving safepoint region
[2019-12-09T08:58:35.238+0000][1][safepoint    ] Total time for which application threads were stopped: 0.0000681 seconds, Stopping threads took: 0.0000174 seconds
[2019-12-09T08:58:36.238+0000][1][safepoint    ] Application time: 1.0000757 seconds
[2019-12-09T08:58:36.238+0000][1][safepoint    ] Entering safepoint region: Cleanup
[2019-12-09T08:58:36.238+0000][1][safepoint    ] Leaving safepoint region
[2019-12-09T08:58:36.238+0000][1][safepoint    ] Total time for which application threads were stopped: 0.0000654 seconds, Stopping threads took: 0.0000170 seconds
[2019-12-09T08:58:37.238+0000][1][safepoint    ] Application time: 1.0000777 seconds
[2019-12-09T08:58:37.238+0000][1][safepoint    ] Entering safepoint region: Cleanup
[2019-12-09T08:58:37.238+0000][1][safepoint    ] Leaving safepoint region
[2019-12-09T08:58:37.238+0000][1][safepoint    ] Total time for which application threads were stopped: 0.0000679 seconds, Stopping threads took: 0.0000176 seconds
[2019-12-09T08:58:38.238+0000][1][safepoint    ] Application time: 1.0000764 seconds
[2019-12-09T08:58:38.238+0000][1][safepoint    ] Entering safepoint region: Cleanup
[2019-12-09T08:58:38.238+0000][1][safepoint    ] Leaving safepoint region
[2019-12-09T08:58:38.238+0000][1][safepoint    ] Total time for which application threads were stopped: 0.0000846 seconds, Stopping threads took: 0.0000203 seconds
[2019-12-09T08:58:39.238+0000][1][safepoint    ] Application time: 1.0000748 seconds
[2019-12-09T08:58:39.239+0000][1][safepoint    ] Entering safepoint region: Cleanup
[2019-12-09T08:58:39.239+0000][1][safepoint    ] Leaving safepoint region
[2019-12-09T08:58:39.239+0000][1][safepoint    ] Total time for which application threads were stopped: 0.0000664 seconds, Stopping threads took: 0.0000175 seconds
[2019-12-09T08:58:40.239+0000][1][safepoint    ] Application time: 1.0000746 seconds
[2019-12-09T08:58:40.239+0000][1][safepoint    ] Entering safepoint region: Cleanup
[2019-12-09T08:58:40.239+0000][1][safepoint    ] Leaving safepoint region
[2019-12-09T08:58:40.239+0000][1][safepoint    ] Total time for which application threads were stopped: 0.0000667 seconds, Stopping threads took: 0.0000170 seconds
[2019-12-09T08:58:41.239+0000][1][safepoint    ] Application time: 1.0000817 seconds
[2019-12-09T08:58:41.239+0000][1][safepoint    ] Entering safepoint region: Cleanup
[2019-12-09T08:58:41.239+0000][1][safepoint    ] Leaving safepoint region
[2019-12-09T08:58:41.239+0000][1][safepoint    ] Total time for which application threads were stopped: 0.0000674 seconds, Stopping threads took: 0.0000173 seconds
[2019-12-09T08:58:42.239+0000][1][safepoint    ] Application time: 1.0000764 seconds
[2019-12-09T08:58:42.239+0000][1][safepoint    ] Entering safepoint region: Cleanup
[2019-12-09T08:58:42.239+0000][1][safepoint    ] Leaving safepoint region
[2019-12-09T08:58:42.239+0000][1][safepoint    ] Total time for which application threads were stopped: 0.0000663 seconds, Stopping threads took: 0.0000168 seconds
[2019-12-09T08:58:43.239+0000][1][safepoint    ] Application time: 1.0000769 seconds
[2019-12-09T08:58:43.239+0000][1][safepoint    ] Entering safepoint region: Cleanup
[2019-12-09T08:58:43.239+0000][1][safepoint    ] Leaving safepoint region
[2019-12-09T08:58:43.239+0000][1][safepoint    ] Total time for which application threads were stopped: 0.0000770 seconds, Stopping threads took: 0.0000186 seconds
[2019-12-09T08:58:44.239+0000][1][safepoint    ] Application time: 1.0000788 seconds
[2019-12-09T08:58:44.239+0000][1][safepoint    ] Entering safepoint region: Cleanup
[2019-12-09T08:58:44.240+0000][1][safepoint    ] Leaving safepoint region
[2019-12-09T08:58:44.240+0000][1][safepoint    ] Total time for which application threads were stopped: 0.0000674 seconds, Stopping threads took: 0.0000166 seconds
[2019-12-09T08:58:45.240+0000][1][safepoint    ] Application time: 1.0000758 seconds
[2019-12-09T08:58:45.240+0000][1][safepoint    ] Entering safepoint region: Cleanup
[2019-12-09T08:58:45.240+0000][1][safepoint    ] Leaving safepoint region
[2019-12-09T08:58:45.240+0000][1][safepoint    ] Total time for which application threads were stopped: 0.0000820 seconds, Stopping threads took: 0.0000307 seconds
[2019-12-09T08:58:46.240+0000][1][safepoint    ] Application time: 1.0000757 seconds
[2019-12-09T08:58:46.240+0000][1][safepoint    ] Entering safepoint region: Cleanup
[2019-12-09T08:58:46.240+0000][1][safepoint    ] Leaving safepoint region
[2019-12-09T08:58:46.240+0000][1][safepoint    ] Total time for which application threads were stopped: 0.0000677 seconds, Stopping threads took: 0.0000177 seconds
[2019-12-09T08:58:47.240+0000][1][safepoint    ] Application time: 1.0000777 seconds
[2019-12-09T08:58:47.240+0000][1][safepoint    ] Entering safepoint region: Cleanup
[2019-12-09T08:58:47.240+0000][1][safepoint    ] Leaving safepoint region
[2019-12-09T08:58:47.240+0000][1][safepoint    ] Total time for which application threads were stopped: 0.0000670 seconds, Stopping threads took: 0.0000176 seconds
[2019-12-09T08:58:48.240+0000][1][safepoint    ] Application time: 1.0000740 seconds
[2019-12-09T08:58:48.240+0000][1][safepoint    ] Entering safepoint region: Cleanup
[2019-12-09T08:58:48.240+0000][1][safepoint    ] Leaving safepoint region
[2019-12-09T08:58:48.240+0000][1][safepoint    ] Total time for which application threads were stopped: 0.0000665 seconds, Stopping threads took: 0.0000162 seconds
[2019-12-09T08:58:49.240+0000][1][safepoint    ] Application time: 1.0000739 seconds
[2019-12-09T08:58:49.240+0000][1][safepoint    ] Entering safepoint region: Cleanup
[2019-12-09T08:58:49.240+0000][1][safepoint    ] Leaving safepoint region
[2019-12-09T08:58:49.240+0000][1][safepoint    ] Total time for which application threads were stopped: 0.0000664 seconds, Stopping threads took: 0.0000169 seconds
[2019-12-09T08:58:50.241+0000][1][safepoint    ] Application time: 1.0000764 seconds
[2019-12-09T08:58:50.241+0000][1][safepoint    ] Entering safepoint region: Cleanup
[2019-12-09T08:58:50.241+0000][1][safepoint    ] Leaving safepoint region
[2019-12-09T08:58:50.241+0000][1][safepoint    ] Total time for which application threads were stopped: 0.0000776 seconds, Stopping threads took: 0.0000163 seconds
[2019-12-09T08:58:51.241+0000][1][safepoint    ] Application time: 1.0000768 seconds
[2019-12-09T08:58:51.241+0000][1][safepoint    ] Entering safepoint region: Cleanup
[2019-12-09T08:58:51.241+0000][1][safepoint    ] Leaving safepoint region
[2019-12-09T08:58:51.241+0000][1][safepoint    ] Total time for which application threads were stopped: 0.0000657 seconds, Stopping threads took: 0.0000173 seconds
[2019-12-09T08:58:52.241+0000][1][safepoint    ] Application time: 1.0000774 seconds
[2019-12-09T08:58:52.241+0000][1][safepoint    ] Entering safepoint region: Cleanup
[2019-12-09T08:58:52.241+0000][1][safepoint    ] Leaving safepoint region
[2019-12-09T08:58:52.241+0000][1][safepoint    ] Total time for which application threads were stopped: 0.0000738 seconds, Stopping threads took: 0.0000241 seconds
[2019-12-09T08:58:53.241+0000][1][safepoint    ] Application time: 1.0000771 seconds
[2019-12-09T08:58:53.241+0000][1][safepoint    ] Entering safepoint region: Cleanup
[2019-12-09T08:58:53.241+0000][1][safepoint    ] Leaving safepoint region
[2019-12-09T08:58:53.241+0000][1][safepoint    ] Total time for which application threads were stopped: 0.0000843 seconds, Stopping threads took: 0.0000186 seconds
[2019-12-09T08:58:54.241+0000][1][safepoint    ] Application time: 1.0000792 seconds
[2019-12-09T08:58:54.241+0000][1][safepoint    ] Entering safepoint region: Cleanup
[2019-12-09T08:58:54.241+0000][1][safepoint    ] Leaving safepoint region
[2019-12-09T08:58:54.241+0000][1][safepoint    ] Total time for which application threads were stopped: 0.0000672 seconds, Stopping threads took: 0.0000175 seconds
[2019-12-09T08:58:55.242+0000][1][safepoint    ] Application time: 1.0000784 seconds
[2019-12-09T08:58:55.242+0000][1][safepoint    ] Entering safepoint region: Cleanup
[2019-12-09T08:58:55.242+0000][1][safepoint    ] Leaving safepoint region
[2019-12-09T08:58:55.242+0000][1][safepoint    ] Total time for which application threads were stopped: 0.0000653 seconds, Stopping threads took: 0.0000162 seconds
[2019-12-09T08:58:56.242+0000][1][safepoint    ] Application time: 1.0000953 seconds
[2019-12-09T08:58:56.242+0000][1][safepoint    ] Entering safepoint region: Cleanup
[2019-12-09T08:58:56.242+0000][1][safepoint    ] Leaving safepoint region
[2019-12-09T08:58:56.242+0000][1][safepoint    ] Total time for which application threads were stopped: 0.0000692 seconds, Stopping threads took: 0.0000172 seconds
[2019-12-09T08:58:57.242+0000][1][safepoint    ] Application time: 1.0000791 seconds
[2019-12-09T08:58:57.242+0000][1][safepoint    ] Entering safepoint region: Cleanup
[2019-12-09T08:58:57.242+0000][1][safepoint    ] Leaving safepoint region
[2019-12-09T08:58:57.242+0000][1][safepoint    ] Total time for which application threads were stopped: 0.0000666 seconds, Stopping threads took: 0.0000166 seconds
[2019-12-09T08:58:58.242+0000][1][safepoint    ] Application time: 1.0000780 seconds
[2019-12-09T08:58:58.242+0000][1][safepoint    ] Entering safepoint region: Cleanup
[2019-12-09T08:58:58.242+0000][1][safepoint    ] Leaving safepoint region
[2019-12-09T08:58:58.242+0000][1][safepoint    ] Total time for which application threads were stopped: 0.0000713 seconds, Stopping threads took: 0.0000185 seconds
[2019-12-09T08:58:59.242+0000][1][safepoint    ] Application time: 1.0000760 seconds
[2019-12-09T08:58:59.242+0000][1][safepoint    ] Entering safepoint region: Cleanup
[2019-12-09T08:58:59.242+0000][1][safepoint    ] Leaving safepoint region
[2019-12-09T08:58:59.242+0000][1][safepoint    ] Total time for which application threads were stopped: 0.0000686 seconds, Stopping threads took: 0.0000177 seconds
[2019-12-09T08:59:00.243+0000][1][safepoint    ] Application time: 1.0000781 seconds
[2019-12-09T08:59:00.243+0000][1][safepoint    ] Entering safepoint region: Cleanup
[2019-12-09T08:59:00.243+0000][1][safepoint    ] Leaving safepoint region
[2019-12-09T08:59:00.243+0000][1][safepoint    ] Total time for which application threads were stopped: 0.0000676 seconds, Stopping threads took: 0.0000169 seconds
[2019-12-09T08:59:01.243+0000][1][safepoint    ] Application time: 1.0000782 seconds
[2019-12-09T08:59:01.243+0000][1][safepoint    ] Entering safepoint region: Cleanup
[2019-12-09T08:59:01.243+0000][1][safepoint    ] Leaving safepoint region
[2019-12-09T08:59:01.243+0000][1][safepoint    ] Total time for which application threads were stopped: 0.0001047 seconds, Stopping threads took: 0.0000278 seconds
[2019-12-09T08:59:02.243+0000][1][safepoint    ] Application time: 1.0000852 seconds
[2019-12-09T08:59:02.243+0000][1][safepoint    ] Entering safepoint region: Cleanup
[2019-12-09T08:59:02.243+0000][1][safepoint    ] Leaving safepoint region
[2019-12-09T08:59:02.243+0000][1][safepoint    ] Total time for which application threads were stopped: 0.0000672 seconds, Stopping threads took: 0.0000170 seconds
[2019-12-09T08:59:03.243+0000][1][safepoint    ] Application time: 1.0000765 seconds
[2019-12-09T08:59:03.243+0000][1][safepoint    ] Entering safepoint region: Cleanup
[2019-12-09T08:59:03.243+0000][1][safepoint    ] Leaving safepoint region
[2019-12-09T08:59:03.243+0000][1][safepoint    ] Total time for which application threads were stopped: 0.0000661 seconds, Stopping threads took: 0.0000163 seconds
[2019-12-09T08:59:04.243+0000][1][safepoint    ] Application time: 1.0000842 seconds
[2019-12-09T08:59:04.243+0000][1][safepoint    ] Entering safepoint region: Cleanup
[2019-12-09T08:59:04.243+0000][1][safepoint    ] Leaving safepoint region
[2019-12-09T08:59:04.243+0000][1][safepoint    ] Total time for which application threads were stopped: 0.0000670 seconds, Stopping threads took: 0.0000177 seconds
[2019-12-09T08:59:05.244+0000][1][safepoint    ] Application time: 1.0000805 seconds
[2019-12-09T08:59:05.244+0000][1][safepoint    ] Entering safepoint region: Cleanup
[2019-12-09T08:59:05.244+0000][1][safepoint    ] Leaving safepoint region
[2019-12-09T08:59:05.244+0000][1][safepoint    ] Total time for which application threads were stopped: 0.0000693 seconds, Stopping threads took: 0.0000173 seconds
[2019-12-09T08:59:06.244+0000][1][safepoint    ] Application time: 1.0000793 seconds
[2019-12-09T08:59:06.244+0000][1][safepoint    ] Entering safepoint region: Cleanup
[2019-12-09T08:59:06.244+0000][1][safepoint    ] Leaving safepoint region
[2019-12-09T08:59:06.244+0000][1][safepoint    ] Total time for which application threads were stopped: 0.0000696 seconds, Stopping threads took: 0.0000167 seconds
[2019-12-09T08:59:07.244+0000][1][safepoint    ] Application time: 1.0000756 seconds
[2019-12-09T08:59:07.244+0000][1][safepoint    ] Entering safepoint region: Cleanup
[2019-12-09T08:59:07.244+0000][1][safepoint    ] Leaving safepoint region
[2019-12-09T08:59:07.244+0000][1][safepoint    ] Total time for which application threads were stopped: 0.0000666 seconds, Stopping threads took: 0.0000165 seconds
[2019-12-09T08:59:08.244+0000][1][safepoint    ] Application time: 1.0000778 seconds
[2019-12-09T08:59:08.244+0000][1][safepoint    ] Entering safepoint region: Cleanup
[2019-12-09T08:59:08.244+0000][1][safepoint    ] Leaving safepoint region
[2019-12-09T08:59:08.244+0000][1][safepoint    ] Total time for which application threads were stopped: 0.0000666 seconds, Stopping threads took: 0.0000179 seconds
[2019-12-09T08:59:09.244+0000][1][safepoint    ] Application time: 1.0000773 seconds
[2019-12-09T08:59:09.244+0000][1][safepoint    ] Entering safepoint region: Cleanup
[2019-12-09T08:59:09.244+0000][1][safepoint    ] Leaving safepoint region
[2019-12-09T08:59:09.244+0000][1][safepoint    ] Total time for which application threads were stopped: 0.0000691 seconds, Stopping threads took: 0.0000170 seconds
[2019-12-09T08:59:10.245+0000][1][safepoint    ] Application time: 1.0000772 seconds
[2019-12-09T08:59:10.245+0000][1][safepoint    ] Entering safepoint region: Cleanup
[2019-12-09T08:59:10.245+0000][1][safepoint    ] Leaving safepoint region
[2019-12-09T08:59:10.245+0000][1][safepoint    ] Total time for which application threads were stopped: 0.0000683 seconds, Stopping threads took: 0.0000176 seconds
[2019-12-09T08:59:11.245+0000][1][safepoint    ] Application time: 1.0000578 seconds
[2019-12-09T08:59:11.245+0000][1][safepoint    ] Entering safepoint region: Cleanup
[2019-12-09T08:59:11.245+0000][1][safepoint    ] Leaving safepoint region
[2019-12-09T08:59:11.245+0000][1][safepoint    ] Total time for which application threads were stopped: 0.0000665 seconds, Stopping threads took: 0.0000165 seconds
[2019-12-09T08:59:12.245+0000][1][safepoint    ] Application time: 1.0000758 seconds
[2019-12-09T08:59:12.245+0000][1][safepoint    ] Entering safepoint region: Cleanup
[2019-12-09T08:59:12.245+0000][1][safepoint    ] Leaving safepoint region
[2019-12-09T08:59:12.245+0000][1][safepoint    ] Total time for which application threads were stopped: 0.0000657 seconds, Stopping threads took: 0.0000176 seconds
[2019-12-09T08:59:13.245+0000][1][safepoint    ] Application time: 1.0000768 seconds
[2019-12-09T08:59:13.245+0000][1][safepoint    ] Entering safepoint region: Cleanup
[2019-12-09T08:59:13.245+0000][1][safepoint    ] Leaving safepoint region
[2019-12-09T08:59:13.245+0000][1][safepoint    ] Total time for which application threads were stopped: 0.0000689 seconds, Stopping threads took: 0.0000167 seconds
[2019-12-09T08:59:14.245+0000][1][safepoint    ] Application time: 1.0000747 seconds
[2019-12-09T08:59:14.245+0000][1][safepoint    ] Entering safepoint region: Cleanup
[2019-12-09T08:59:14.245+0000][1][safepoint    ] Leaving safepoint region
[2019-12-09T08:59:14.245+0000][1][safepoint    ] Total time for which application threads were stopped: 0.0000693 seconds, Stopping threads took: 0.0000180 seconds
[2019-12-09T08:59:15.245+0000][1][safepoint    ] Application time: 1.0000744 seconds
[2019-12-09T08:59:15.246+0000][1][safepoint    ] Entering safepoint region: Cleanup
[2019-12-09T08:59:15.246+0000][1][safepoint    ] Leaving safepoint region
[2019-12-09T08:59:15.246+0000][1][safepoint    ] Total time for which application threads were stopped: 0.0000670 seconds, Stopping threads took: 0.0000168 seconds
[2019-12-09T08:59:16.246+0000][1][safepoint    ] Application time: 1.0000764 seconds
[2019-12-09T08:59:16.246+0000][1][safepoint    ] Entering safepoint region: Cleanup
[2019-12-09T08:59:16.246+0000][1][safepoint    ] Leaving safepoint region
[2019-12-09T08:59:16.246+0000][1][safepoint    ] Total time for which application threads were stopped: 0.0000705 seconds, Stopping threads took: 0.0000184 seconds
[2019-12-09T08:59:17.246+0000][1][safepoint    ] Application time: 1.0000775 seconds
[2019-12-09T08:59:17.246+0000][1][safepoint    ] Entering safepoint region: Cleanup
[2019-12-09T08:59:17.246+0000][1][safepoint    ] Leaving safepoint region
[2019-12-09T08:59:17.246+0000][1][safepoint    ] Total time for which application threads were stopped: 0.0000664 seconds, Stopping threads took: 0.0000176 seconds
[2019-12-09T08:59:18.246+0000][1][safepoint    ] Application time: 1.0000761 seconds
[2019-12-09T08:59:18.246+0000][1][safepoint    ] Entering safepoint region: Cleanup
[2019-12-09T08:59:18.246+0000][1][safepoint    ] Leaving safepoint region
[2019-12-09T08:59:18.246+0000][1][safepoint    ] Total time for which application threads were stopped: 0.0000678 seconds, Stopping threads took: 0.0000173 seconds
[2019-12-09T08:59:19.246+0000][1][safepoint    ] Application time: 1.0000754 seconds
[2019-12-09T08:59:19.246+0000][1][safepoint    ] Entering safepoint region: Cleanup
[2019-12-09T08:59:19.246+0000][1][safepoint    ] Leaving safepoint region
[2019-12-09T08:59:19.246+0000][1][safepoint    ] Total time for which application threads were stopped: 0.0000662 seconds, Stopping threads took: 0.0000163 seconds
[2019-12-09T08:59:20.246+0000][1][safepoint    ] Application time: 1.0000750 seconds
[2019-12-09T08:59:20.246+0000][1][safepoint    ] Entering safepoint region: Cleanup
[2019-12-09T08:59:20.247+0000][1][safepoint    ] Leaving safepoint region
[2019-12-09T08:59:20.247+0000][1][safepoint    ] Total time for which application threads were stopped: 0.0000655 seconds, Stopping threads took: 0.0000169 seconds
[2019-12-09T08:59:21.247+0000][1][safepoint    ] Application time: 1.0000764 seconds
[2019-12-09T08:59:21.247+0000][1][safepoint    ] Entering safepoint region: Cleanup
[2019-12-09T08:59:21.247+0000][1][safepoint    ] Leaving safepoint region
[2019-12-09T08:59:21.247+0000][1][safepoint    ] Total time for which application threads were stopped: 0.0000802 seconds, Stopping threads took: 0.0000166 seconds
[2019-12-09T08:59:22.247+0000][1][safepoint    ] Application time: 1.0000743 seconds
[2019-12-09T08:59:22.247+0000][1][safepoint    ] Entering safepoint region: Cleanup
[2019-12-09T08:59:22.247+0000][1][safepoint    ] Leaving safepoint region
[2019-12-09T08:59:22.247+0000][1][safepoint    ] Total time for which application threads were stopped: 0.0000751 seconds, Stopping threads took: 0.0000248 seconds
[2019-12-09T08:59:23.247+0000][1][safepoint    ] Application time: 1.0000743 seconds
[2019-12-09T08:59:23.247+0000][1][safepoint    ] Entering safepoint region: Cleanup
[2019-12-09T08:59:23.247+0000][1][safepoint    ] Leaving safepoint region
[2019-12-09T08:59:23.247+0000][1][safepoint    ] Total time for which application threads were stopped: 0.0000691 seconds, Stopping threads took: 0.0000169 seconds
[2019-12-09T08:59:24.247+0000][1][safepoint    ] Application time: 1.0000755 seconds
[2019-12-09T08:59:24.247+0000][1][safepoint    ] Entering safepoint region: Cleanup
[2019-12-09T08:59:24.247+0000][1][safepoint    ] Leaving safepoint region
[2019-12-09T08:59:24.247+0000][1][safepoint    ] Total time for which application threads were stopped: 0.0000698 seconds, Stopping threads took: 0.0000175 seconds
[2019-12-09T08:59:25.247+0000][1][safepoint    ] Application time: 1.0000762 seconds
[2019-12-09T08:59:25.247+0000][1][safepoint    ] Entering safepoint region: Cleanup
[2019-12-09T08:59:25.247+0000][1][safepoint    ] Leaving safepoint region
[2019-12-09T08:59:25.247+0000][1][safepoint    ] Total time for which application threads were stopped: 0.0000666 seconds, Stopping threads took: 0.0000169 seconds
[2019-12-09T08:59:26.248+0000][1][safepoint    ] Application time: 1.0000780 seconds
[2019-12-09T08:59:26.248+0000][1][safepoint    ] Entering safepoint region: Cleanup
[2019-12-09T08:59:26.248+0000][1][safepoint    ] Leaving safepoint region
[2019-12-09T08:59:26.248+0000][1][safepoint    ] Total time for which application threads were stopped: 0.0000797 seconds, Stopping threads took: 0.0000173 seconds
[2019-12-09T08:59:27.248+0000][1][safepoint    ] Application time: 1.0000750 seconds
[2019-12-09T08:59:27.248+0000][1][safepoint    ] Entering safepoint region: Cleanup
[2019-12-09T08:59:27.248+0000][1][safepoint    ] Leaving safepoint region
[2019-12-09T08:59:27.248+0000][1][safepoint    ] Total time for which application threads were stopped: 0.0000689 seconds, Stopping threads took: 0.0000177 seconds
[2019-12-09T08:59:28.248+0000][1][safepoint    ] Application time: 1.0000812 seconds
[2019-12-09T08:59:28.248+0000][1][safepoint    ] Entering safepoint region: Cleanup
[2019-12-09T08:59:28.248+0000][1][safepoint    ] Leaving safepoint region
[2019-12-09T08:59:28.248+0000][1][safepoint    ] Total time for which application threads were stopped: 0.0000677 seconds, Stopping threads took: 0.0000173 seconds
[2019-12-09T08:59:29.248+0000][1][safepoint    ] Application time: 1.0000763 seconds
[2019-12-09T08:59:29.248+0000][1][safepoint    ] Entering safepoint region: Cleanup
[2019-12-09T08:59:29.248+0000][1][safepoint    ] Leaving safepoint region
[2019-12-09T08:59:29.248+0000][1][safepoint    ] Total time for which application threads were stopped: 0.0000674 seconds, Stopping threads took: 0.0000172 seconds
[2019-12-09T08:59:30.248+0000][1][safepoint    ] Application time: 1.0000764 seconds
[2019-12-09T08:59:30.248+0000][1][safepoint    ] Entering safepoint region: Cleanup
[2019-12-09T08:59:30.248+0000][1][safepoint    ] Leaving safepoint region
[2019-12-09T08:59:30.248+0000][1][safepoint    ] Total time for which application threads were stopped: 0.0000658 seconds, Stopping threads took: 0.0000165 seconds
[2019-12-09T08:59:31.249+0000][1][safepoint    ] Application time: 1.0000771 seconds
[2019-12-09T08:59:31.249+0000][1][safepoint    ] Entering safepoint region: Cleanup
[2019-12-09T08:59:31.249+0000][1][safepoint    ] Leaving safepoint region
[2019-12-09T08:59:31.249+0000][1][safepoint    ] Total time for which application threads were stopped: 0.0000662 seconds, Stopping threads took: 0.0000169 seconds
[2019-12-09T08:59:32.249+0000][1][safepoint    ] Application time: 1.0000795 seconds
[2019-12-09T08:59:32.249+0000][1][safepoint    ] Entering safepoint region: Cleanup
[2019-12-09T08:59:32.249+0000][1][safepoint    ] Leaving safepoint region
[2019-12-09T08:59:32.249+0000][1][safepoint    ] Total time for which application threads were stopped: 0.0000668 seconds, Stopping threads took: 0.0000173 seconds
[2019-12-09T08:59:33.249+0000][1][safepoint    ] Application time: 1.0000803 seconds
[2019-12-09T08:59:33.249+0000][1][safepoint    ] Entering safepoint region: Cleanup
[2019-12-09T08:59:33.249+0000][1][safepoint    ] Leaving safepoint region
[2019-12-09T08:59:33.249+0000][1][safepoint    ] Total time for which application threads were stopped: 0.0000668 seconds, Stopping threads took: 0.0000164 seconds
[2019-12-09T08:59:34.249+0000][1][safepoint    ] Application time: 1.0000801 seconds
[2019-12-09T08:59:34.249+0000][1][safepoint    ] Entering safepoint region: Cleanup
[2019-12-09T08:59:34.249+0000][1][safepoint    ] Leaving safepoint region
[2019-12-09T08:59:34.249+0000][1][safepoint    ] Total time for which application threads were stopped: 0.0000691 seconds, Stopping threads took: 0.0000166 seconds
[2019-12-09T08:59:35.249+0000][1][safepoint    ] Application time: 1.0000807 seconds
[2019-12-09T08:59:35.249+0000][1][safepoint    ] Entering safepoint region: Cleanup
[2019-12-09T08:59:35.249+0000][1][safepoint    ] Leaving safepoint region
[2019-12-09T08:59:35.249+0000][1][safepoint    ] Total time for which application threads were stopped: 0.0000674 seconds, Stopping threads took: 0.0000174 seconds
[2019-12-09T08:59:36.250+0000][1][safepoint    ] Application time: 1.0000798 seconds
[2019-12-09T08:59:36.250+0000][1][safepoint    ] Entering safepoint region: Cleanup
[2019-12-09T08:59:36.250+0000][1][safepoint    ] Leaving safepoint region
[2019-12-09T08:59:36.250+0000][1][safepoint    ] Total time for which application threads were stopped: 0.0000661 seconds, Stopping threads took: 0.0000170 seconds
[2019-12-09T08:59:37.250+0000][1][safepoint    ] Application time: 1.0000786 seconds
[2019-12-09T08:59:37.250+0000][1][safepoint    ] Entering safepoint region: Cleanup
[2019-12-09T08:59:37.250+0000][1][safepoint    ] Leaving safepoint region
[2019-12-09T08:59:37.250+0000][1][safepoint    ] Total time for which application threads were stopped: 0.0000768 seconds, Stopping threads took: 0.0000254 seconds
[2019-12-09T08:59:38.250+0000][1][safepoint    ] Application time: 1.0000797 seconds
[2019-12-09T08:59:38.250+0000][1][safepoint    ] Entering safepoint region: Cleanup
[2019-12-09T08:59:38.250+0000][1][safepoint    ] Leaving safepoint region
[2019-12-09T08:59:38.250+0000][1][safepoint    ] Total time for which application threads were stopped: 0.0000659 seconds, Stopping threads took: 0.0000168 seconds
[2019-12-09T08:59:39.250+0000][1][safepoint    ] Application time: 1.0000789 seconds
[2019-12-09T08:59:39.250+0000][1][safepoint    ] Entering safepoint region: Cleanup
[2019-12-09T08:59:39.250+0000][1][safepoint    ] Leaving safepoint region
[2019-12-09T08:59:39.250+0000][1][safepoint    ] Total time for which application threads were stopped: 0.0000675 seconds, Stopping threads took: 0.0000179 seconds
[2019-12-09T08:59:40.250+0000][1][safepoint    ] Application time: 1.0000809 seconds
[2019-12-09T08:59:40.250+0000][1][safepoint    ] Entering safepoint region: Cleanup
[2019-12-09T08:59:40.250+0000][1][safepoint    ] Leaving safepoint region
[2019-12-09T08:59:40.250+0000][1][safepoint    ] Total time for which application threads were stopped: 0.0000681 seconds, Stopping threads took: 0.0000188 seconds
[2019-12-09T08:59:41.251+0000][1][safepoint    ] Application time: 1.0000949 seconds
[2019-12-09T08:59:41.251+0000][1][safepoint    ] Entering safepoint region: Cleanup
[2019-12-09T08:59:41.251+0000][1][safepoint    ] Leaving safepoint region
[2019-12-09T08:59:41.251+0000][1][safepoint    ] Total time for which application threads were stopped: 0.0000813 seconds, Stopping threads took: 0.0000301 seconds
[2019-12-09T08:59:42.251+0000][1][safepoint    ] Application time: 1.0000769 seconds
[2019-12-09T08:59:42.251+0000][1][safepoint    ] Entering safepoint region: Cleanup
[2019-12-09T08:59:42.251+0000][1][safepoint    ] Leaving safepoint region
[2019-12-09T08:59:42.251+0000][1][safepoint    ] Total time for which application threads were stopped: 0.0000659 seconds, Stopping threads took: 0.0000164 seconds
[2019-12-09T08:59:43.251+0000][1][safepoint    ] Application time: 1.0000775 seconds
[2019-12-09T08:59:43.251+0000][1][safepoint    ] Entering safepoint region: Cleanup
[2019-12-09T08:59:43.251+0000][1][safepoint    ] Leaving safepoint region
[2019-12-09T08:59:43.251+0000][1][safepoint    ] Total time for which application threads were stopped: 0.0000678 seconds, Stopping threads took: 0.0000170 seconds
[2019-12-09T08:59:44.251+0000][1][safepoint    ] Application time: 1.0000790 seconds
[2019-12-09T08:59:44.251+0000][1][safepoint    ] Entering safepoint region: Cleanup
[2019-12-09T08:59:44.251+0000][1][safepoint    ] Leaving safepoint region
[2019-12-09T08:59:44.251+0000][1][safepoint    ] Total time for which application threads were stopped: 0.0000663 seconds, Stopping threads took: 0.0000167 seconds
[2019-12-09T08:59:45.251+0000][1][safepoint    ] Application time: 1.0000779 seconds
[2019-12-09T08:59:45.251+0000][1][safepoint    ] Entering safepoint region: Cleanup
[2019-12-09T08:59:45.251+0000][1][safepoint    ] Leaving safepoint region
[2019-12-09T08:59:45.251+0000][1][safepoint    ] Total time for which application threads were stopped: 0.0000673 seconds, Stopping threads took: 0.0000175 seconds
[2019-12-09T08:59:46.251+0000][1][safepoint    ] Application time: 1.0000774 seconds
[2019-12-09T08:59:46.252+0000][1][safepoint    ] Entering safepoint region: Cleanup
[2019-12-09T08:59:46.252+0000][1][safepoint    ] Leaving safepoint region
[2019-12-09T08:59:46.252+0000][1][safepoint    ] Total time for which application threads were stopped: 0.0000689 seconds, Stopping threads took: 0.0000174 seconds
[2019-12-09T08:59:47.252+0000][1][safepoint    ] Application time: 1.0000952 seconds
[2019-12-09T08:59:47.252+0000][1][safepoint    ] Entering safepoint region: Cleanup
[2019-12-09T08:59:47.252+0000][1][safepoint    ] Leaving safepoint region
[2019-12-09T08:59:47.252+0000][1][safepoint    ] Total time for which application threads were stopped: 0.0000679 seconds, Stopping threads took: 0.0000172 seconds
[2019-12-09T08:59:48.252+0000][1][safepoint    ] Application time: 1.0000800 seconds
[2019-12-09T08:59:48.252+0000][1][safepoint    ] Entering safepoint region: Cleanup
[2019-12-09T08:59:48.252+0000][1][safepoint    ] Leaving safepoint region
[2019-12-09T08:59:48.252+0000][1][safepoint    ] Total time for which application threads were stopped: 0.0000697 seconds, Stopping threads took: 0.0000169 seconds
[2019-12-09T08:59:49.709+0000][1][safepoint    ] Application time: 1.4566375 seconds
[2019-12-09T08:59:49.709+0000][1][safepoint    ] Entering safepoint region: Cleanup
[2019-12-09T08:59:49.709+0000][1][safepoint    ] Leaving safepoint region
[2019-12-09T08:59:49.709+0000][1][safepoint    ] Total time for which application threads were stopped: 0.0000839 seconds, Stopping threads took: 0.0000248 seconds
[2019-12-09T08:59:50.709+0000][1][safepoint    ] Application time: 1.0000771 seconds
[2019-12-09T08:59:50.709+0000][1][safepoint    ] Entering safepoint region: Cleanup
[2019-12-09T08:59:50.709+0000][1][safepoint    ] Leaving safepoint region
[2019-12-09T08:59:50.709+0000][1][safepoint    ] Total time for which application threads were stopped: 0.0000633 seconds, Stopping threads took: 0.0000152 seconds
[2019-12-09T08:59:51.709+0000][1][safepoint    ] Application time: 1.0000758 seconds
[2019-12-09T08:59:51.709+0000][1][safepoint    ] Entering safepoint region: Cleanup
[2019-12-09T08:59:51.709+0000][1][safepoint    ] Leaving safepoint region
[2019-12-09T08:59:51.709+0000][1][safepoint    ] Total time for which application threads were stopped: 0.0000677 seconds, Stopping threads took: 0.0000170 seconds
[2019-12-09T08:59:52.709+0000][1][safepoint    ] Application time: 1.0000760 seconds
[2019-12-09T08:59:52.709+0000][1][safepoint    ] Entering safepoint region: Cleanup
[2019-12-09T08:59:52.709+0000][1][safepoint    ] Leaving safepoint region
[2019-12-09T08:59:52.709+0000][1][safepoint    ] Total time for which application threads were stopped: 0.0000642 seconds, Stopping threads took: 0.0000161 seconds
[2019-12-09T08:59:53.709+0000][1][safepoint    ] Application time: 1.0000758 seconds
[2019-12-09T08:59:53.709+0000][1][safepoint    ] Entering safepoint region: Cleanup
[2019-12-09T08:59:53.709+0000][1][safepoint    ] Leaving safepoint region
[2019-12-09T08:59:53.709+0000][1][safepoint    ] Total time for which application threads were stopped: 0.0000657 seconds, Stopping threads took: 0.0000156 seconds
[2019-12-09T08:59:54.710+0000][1][safepoint    ] Application time: 1.0000755 seconds
[2019-12-09T08:59:54.710+0000][1][safepoint    ] Entering safepoint region: Cleanup
[2019-12-09T08:59:54.710+0000][1][safepoint    ] Leaving safepoint region
[2019-12-09T08:59:54.710+0000][1][safepoint    ] Total time for which application threads were stopped: 0.0000729 seconds, Stopping threads took: 0.0000163 seconds
[2019-12-09T08:59:55.710+0000][1][safepoint    ] Application time: 1.0000775 seconds
[2019-12-09T08:59:55.710+0000][1][safepoint    ] Entering safepoint region: Cleanup
[2019-12-09T08:59:55.710+0000][1][safepoint    ] Leaving safepoint region
[2019-12-09T08:59:55.710+0000][1][safepoint    ] Total time for which application threads were stopped: 0.0000665 seconds, Stopping threads took: 0.0000174 seconds
[2019-12-09T08:59:56.710+0000][1][safepoint    ] Application time: 1.0000754 seconds
[2019-12-09T08:59:56.710+0000][1][safepoint    ] Entering safepoint region: Cleanup
[2019-12-09T08:59:56.710+0000][1][safepoint    ] Leaving safepoint region
[2019-12-09T08:59:56.710+0000][1][safepoint    ] Total time for which application threads were stopped: 0.0000663 seconds, Stopping threads took: 0.0000169 seconds
[2019-12-09T08:59:57.710+0000][1][safepoint    ] Application time: 1.0000766 seconds
[2019-12-09T08:59:57.710+0000][1][safepoint    ] Entering safepoint region: Cleanup
[2019-12-09T08:59:57.710+0000][1][safepoint    ] Leaving safepoint region
[2019-12-09T08:59:57.710+0000][1][safepoint    ] Total time for which application threads were stopped: 0.0000668 seconds, Stopping threads took: 0.0000171 seconds
[2019-12-09T08:59:58.710+0000][1][safepoint    ] Application time: 1.0000742 seconds
[2019-12-09T08:59:58.710+0000][1][safepoint    ] Entering safepoint region: Cleanup
[2019-12-09T08:59:58.710+0000][1][safepoint    ] Leaving safepoint region
[2019-12-09T08:59:58.710+0000][1][safepoint    ] Total time for which application threads were stopped: 0.0000598 seconds, Stopping threads took: 0.0000134 seconds
[2019-12-09T08:59:59.711+0000][1][safepoint    ] Application time: 1.0000795 seconds
[2019-12-09T08:59:59.711+0000][1][safepoint    ] Entering safepoint region: Cleanup
[2019-12-09T08:59:59.711+0000][1][safepoint    ] Leaving safepoint region
[2019-12-09T08:59:59.711+0000][1][safepoint    ] Total time for which application threads were stopped: 0.0000661 seconds, Stopping threads took: 0.0000172 seconds
[2019-12-09T09:00:00.711+0000][1][safepoint    ] Application time: 1.0000738 seconds
[2019-12-09T09:00:00.711+0000][1][safepoint    ] Entering safepoint region: Cleanup
[2019-12-09T09:00:00.711+0000][1][safepoint    ] Leaving safepoint region
[2019-12-09T09:00:00.711+0000][1][safepoint    ] Total time for which application threads were stopped: 0.0000688 seconds, Stopping threads took: 0.0000170 seconds
[2019-12-09T09:00:01.273+0000][1][safepoint    ] Application time: 0.5618370 seconds
[2019-12-09T09:00:01.273+0000][1][safepoint    ] Entering safepoint region: GenCollectForAllocation
[2019-12-09T09:00:01.273+0000][1][gc,start     ] GC(82) Pause Young (Allocation Failure)
[2019-12-09T09:00:01.273+0000][1][gc,task      ] GC(82) Using 2 workers of 2 for evacuation
[2019-12-09T09:00:01.274+0000][1][gc,age       ] GC(82) Desired survivor size 4456448 bytes, new threshold 6 (max threshold 6)
[2019-12-09T09:00:01.274+0000][1][gc,age       ] GC(82) Age table with threshold 6 (max threshold 6)
[2019-12-09T09:00:01.274+0000][1][gc,age       ] GC(82) - age   1:       4000 bytes,       4000 total
[2019-12-09T09:00:01.274+0000][1][gc,age       ] GC(82) - age   5:         72 bytes,       4072 total
[2019-12-09T09:00:01.274+0000][1][gc,heap      ] GC(82) ParNew: 69958K->6K(78656K)
[2019-12-09T09:00:01.274+0000][1][gc,heap      ] GC(82) CMS: 69465K->69465K(174784K)
[2019-12-09T09:00:01.274+0000][1][gc,metaspace ] GC(82) Metaspace: 68481K->68481K(1112064K)
[2019-12-09T09:00:01.274+0000][1][gc           ] GC(82) Pause Young (Allocation Failure) 136M->67M(247M) 1.337ms
[2019-12-09T09:00:01.274+0000][1][gc,cpu       ] GC(82) User=0.01s Sys=0.00s Real=0.00s
[2019-12-09T09:00:01.274+0000][1][safepoint    ] Leaving safepoint region
[2019-12-09T09:00:01.274+0000][1][safepoint    ] Total time for which application threads were stopped: 0.0015104 seconds, Stopping threads took: 0.0000227 seconds
[2019-12-09T09:00:02.274+0000][1][safepoint    ] Application time: 1.0000858 seconds
[2019-12-09T09:00:02.274+0000][1][safepoint    ] Entering safepoint region: Cleanup
[2019-12-09T09:00:02.274+0000][1][safepoint    ] Leaving safepoint region
[2019-12-09T09:00:02.274+0000][1][safepoint    ] Total time for which application threads were stopped: 0.0000671 seconds, Stopping threads took: 0.0000171 seconds
[2019-12-09T09:00:03.274+0000][1][safepoint    ] Application time: 1.0000775 seconds
[2019-12-09T09:00:03.275+0000][1][safepoint    ] Entering safepoint region: Cleanup
[2019-12-09T09:00:03.275+0000][1][safepoint    ] Leaving safepoint region
[2019-12-09T09:00:03.275+0000][1][safepoint    ] Total time for which application threads were stopped: 0.0000686 seconds, Stopping threads took: 0.0000182 seconds
[2019-12-09T09:00:04.275+0000][1][safepoint    ] Application time: 1.0000766 seconds
[2019-12-09T09:00:04.275+0000][1][safepoint    ] Entering safepoint region: Cleanup
[2019-12-09T09:00:04.275+0000][1][safepoint    ] Leaving safepoint region
[2019-12-09T09:00:04.275+0000][1][safepoint    ] Total time for which application threads were stopped: 0.0000671 seconds, Stopping threads took: 0.0000161 seconds
[2019-12-09T09:00:05.275+0000][1][safepoint    ] Application time: 1.0000766 seconds
[2019-12-09T09:00:05.275+0000][1][safepoint    ] Entering safepoint region: Cleanup
[2019-12-09T09:00:05.275+0000][1][safepoint    ] Leaving safepoint region
[2019-12-09T09:00:05.275+0000][1][safepoint    ] Total time for which application threads were stopped: 0.0000700 seconds, Stopping threads took: 0.0000181 seconds
[2019-12-09T09:00:06.275+0000][1][safepoint    ] Application time: 1.0000792 seconds
[2019-12-09T09:00:06.275+0000][1][safepoint    ] Entering safepoint region: Cleanup
[2019-12-09T09:00:06.275+0000][1][safepoint    ] Leaving safepoint region
[2019-12-09T09:00:06.275+0000][1][safepoint    ] Total time for which application threads were stopped: 0.0000962 seconds, Stopping threads took: 0.0000214 seconds
[2019-12-09T09:00:07.275+0000][1][safepoint    ] Application time: 1.0000819 seconds
[2019-12-09T09:00:07.275+0000][1][safepoint    ] Entering safepoint region: Cleanup
[2019-12-09T09:00:07.275+0000][1][safepoint    ] Leaving safepoint region
[2019-12-09T09:00:07.275+0000][1][safepoint    ] Total time for which application threads were stopped: 0.0000962 seconds, Stopping threads took: 0.0000310 seconds
[2019-12-09T09:00:08.276+0000][1][safepoint    ] Application time: 1.0000806 seconds
[2019-12-09T09:00:08.276+0000][1][safepoint    ] Entering safepoint region: Cleanup
[2019-12-09T09:00:08.276+0000][1][safepoint    ] Leaving safepoint region
[2019-12-09T09:00:08.276+0000][1][safepoint    ] Total time for which application threads were stopped: 0.0000994 seconds, Stopping threads took: 0.0000223 seconds
[2019-12-09T09:00:09.276+0000][1][safepoint    ] Application time: 1.0000761 seconds
[2019-12-09T09:00:09.276+0000][1][safepoint    ] Entering safepoint region: Cleanup
[2019-12-09T09:00:09.276+0000][1][safepoint    ] Leaving safepoint region
[2019-12-09T09:00:09.276+0000][1][safepoint    ] Total time for which application threads were stopped: 0.0000672 seconds, Stopping threads took: 0.0000170 seconds
[2019-12-09T09:00:10.276+0000][1][safepoint    ] Application time: 1.0000780 seconds
[2019-12-09T09:00:10.276+0000][1][safepoint    ] Entering safepoint region: Cleanup
[2019-12-09T09:00:10.276+0000][1][safepoint    ] Leaving safepoint region
[2019-12-09T09:00:10.276+0000][1][safepoint    ] Total time for which application threads were stopped: 0.0000833 seconds, Stopping threads took: 0.0000282 seconds
[2019-12-09T09:00:11.276+0000][1][safepoint    ] Application time: 1.0001326 seconds
[2019-12-09T09:00:11.276+0000][1][safepoint    ] Entering safepoint region: Cleanup
[2019-12-09T09:00:11.276+0000][1][safepoint    ] Leaving safepoint region
[2019-12-09T09:00:11.276+0000][1][safepoint    ] Total time for which application threads were stopped: 0.0000991 seconds, Stopping threads took: 0.0000288 seconds
[2019-12-09T09:00:12.285+0000][1][safepoint    ] Application time: 1.0083251 seconds
[2019-12-09T09:00:12.285+0000][1][safepoint    ] Entering safepoint region: Cleanup
[2019-12-09T09:00:12.285+0000][1][safepoint    ] Leaving safepoint region
[2019-12-09T09:00:12.285+0000][1][safepoint    ] Total time for which application threads were stopped: 0.0001001 seconds, Stopping threads took: 0.0000318 seconds
[2019-12-09T09:00:13.286+0000][1][safepoint    ] Application time: 1.0013750 seconds
[2019-12-09T09:00:13.286+0000][1][safepoint    ] Entering safepoint region: Cleanup
[2019-12-09T09:00:13.286+0000][1][safepoint    ] Leaving safepoint region
[2019-12-09T09:00:13.286+0000][1][safepoint    ] Total time for which application threads were stopped: 0.0000934 seconds, Stopping threads took: 0.0000243 seconds
[2019-12-09T09:00:14.286+0000][1][safepoint    ] Application time: 1.0000766 seconds
[2019-12-09T09:00:14.286+0000][1][safepoint    ] Entering safepoint region: Cleanup
[2019-12-09T09:00:14.287+0000][1][safepoint    ] Leaving safepoint region
[2019-12-09T09:00:14.287+0000][1][safepoint    ] Total time for which application threads were stopped: 0.0000707 seconds, Stopping threads took: 0.0000230 seconds
[2019-12-09T09:00:15.287+0000][1][safepoint    ] Application time: 1.0000755 seconds
[2019-12-09T09:00:15.287+0000][1][safepoint    ] Entering safepoint region: Cleanup
[2019-12-09T09:00:15.287+0000][1][safepoint    ] Leaving safepoint region
[2019-12-09T09:00:15.287+0000][1][safepoint    ] Total time for which application threads were stopped: 0.0000742 seconds, Stopping threads took: 0.0000168 seconds
[2019-12-09T09:00:16.287+0000][1][safepoint    ] Application time: 1.0000761 seconds
[2019-12-09T09:00:16.287+0000][1][safepoint    ] Entering safepoint region: Cleanup
[2019-12-09T09:00:16.287+0000][1][safepoint    ] Leaving safepoint region
[2019-12-09T09:00:16.287+0000][1][safepoint    ] Total time for which application threads were stopped: 0.0000671 seconds, Stopping threads took: 0.0000176 seconds
[2019-12-09T09:00:17.287+0000][1][safepoint    ] Application time: 1.0000753 seconds
[2019-12-09T09:00:17.287+0000][1][safepoint    ] Entering safepoint region: Cleanup
[2019-12-09T09:00:17.287+0000][1][safepoint    ] Leaving safepoint region
[2019-12-09T09:00:17.287+0000][1][safepoint    ] Total time for which application threads were stopped: 0.0000692 seconds, Stopping threads took: 0.0000180 seconds
[2019-12-09T09:00:18.287+0000][1][safepoint    ] Application time: 1.0000774 seconds
[2019-12-09T09:00:18.287+0000][1][safepoint    ] Entering safepoint region: Cleanup
[2019-12-09T09:00:18.287+0000][1][safepoint    ] Leaving safepoint region
[2019-12-09T09:00:18.287+0000][1][safepoint    ] Total time for which application threads were stopped: 0.0000699 seconds, Stopping threads took: 0.0000179 seconds
[2019-12-09T09:00:19.287+0000][1][safepoint    ] Application time: 1.0000756 seconds
[2019-12-09T09:00:19.287+0000][1][safepoint    ] Entering safepoint region: Cleanup
[2019-12-09T09:00:19.287+0000][1][safepoint    ] Leaving safepoint region
[2019-12-09T09:00:19.287+0000][1][safepoint    ] Total time for which application threads were stopped: 0.0000679 seconds, Stopping threads took: 0.0000179 seconds
[2019-12-09T09:00:20.288+0000][1][safepoint    ] Application time: 1.0000759 seconds
[2019-12-09T09:00:20.288+0000][1][safepoint    ] Entering safepoint region: Cleanup
[2019-12-09T09:00:20.288+0000][1][safepoint    ] Leaving safepoint region
[2019-12-09T09:00:20.288+0000][1][safepoint    ] Total time for which application threads were stopped: 0.0000811 seconds, Stopping threads took: 0.0000176 seconds
[2019-12-09T09:00:21.288+0000][1][safepoint    ] Application time: 1.0000764 seconds
[2019-12-09T09:00:21.288+0000][1][safepoint    ] Entering safepoint region: Cleanup
[2019-12-09T09:00:21.288+0000][1][safepoint    ] Leaving safepoint region
[2019-12-09T09:00:21.288+0000][1][safepoint    ] Total time for which application threads were stopped: 0.0000756 seconds, Stopping threads took: 0.0000174 seconds
[2019-12-09T09:00:22.288+0000][1][safepoint    ] Application time: 1.0000753 seconds
[2019-12-09T09:00:22.288+0000][1][safepoint    ] Entering safepoint region: Cleanup
[2019-12-09T09:00:22.288+0000][1][safepoint    ] Leaving safepoint region
[2019-12-09T09:00:22.288+0000][1][safepoint    ] Total time for which application threads were stopped: 0.0000669 seconds, Stopping threads took: 0.0000172 seconds
[2019-12-09T09:00:23.288+0000][1][safepoint    ] Application time: 1.0000766 seconds
[2019-12-09T09:00:23.288+0000][1][safepoint    ] Entering safepoint region: Cleanup
[2019-12-09T09:00:23.288+0000][1][safepoint    ] Leaving safepoint region
[2019-12-09T09:00:23.288+0000][1][safepoint    ] Total time for which application threads were stopped: 0.0000673 seconds, Stopping threads took: 0.0000175 seconds
[2019-12-09T09:00:24.288+0000][1][safepoint    ] Application time: 1.0000752 seconds
[2019-12-09T09:00:24.288+0000][1][safepoint    ] Entering safepoint region: Cleanup
[2019-12-09T09:00:24.288+0000][1][safepoint    ] Leaving safepoint region
[2019-12-09T09:00:24.288+0000][1][safepoint    ] Total time for which application threads were stopped: 0.0000660 seconds, Stopping threads took: 0.0000162 seconds
[2019-12-09T09:00:25.289+0000][1][safepoint    ] Application time: 1.0000761 seconds
[2019-12-09T09:00:25.289+0000][1][safepoint    ] Entering safepoint region: Cleanup
[2019-12-09T09:00:25.289+0000][1][safepoint    ] Leaving safepoint region
[2019-12-09T09:00:25.289+0000][1][safepoint    ] Total time for which application threads were stopped: 0.0000684 seconds, Stopping threads took: 0.0000174 seconds
[2019-12-09T09:00:26.289+0000][1][safepoint    ] Application time: 1.0000756 seconds
[2019-12-09T09:00:26.289+0000][1][safepoint    ] Entering safepoint region: Cleanup
[2019-12-09T09:00:26.289+0000][1][safepoint    ] Leaving safepoint region
[2019-12-09T09:00:26.289+0000][1][safepoint    ] Total time for which application threads were stopped: 0.0000677 seconds, Stopping threads took: 0.0000171 seconds
[2019-12-09T09:00:27.289+0000][1][safepoint    ] Application time: 1.0000772 seconds
[2019-12-09T09:00:27.289+0000][1][safepoint    ] Entering safepoint region: Cleanup
[2019-12-09T09:00:27.289+0000][1][safepoint    ] Leaving safepoint region
[2019-12-09T09:00:27.289+0000][1][safepoint    ] Total time for which application threads were stopped: 0.0000651 seconds, Stopping threads took: 0.0000157 seconds
[2019-12-09T09:00:28.289+0000][1][safepoint    ] Application time: 1.0000754 seconds
[2019-12-09T09:00:28.289+0000][1][safepoint    ] Entering safepoint region: Cleanup
[2019-12-09T09:00:28.289+0000][1][safepoint    ] Leaving safepoint region
[2019-12-09T09:00:28.289+0000][1][safepoint    ] Total time for which application threads were stopped: 0.0000683 seconds, Stopping threads took: 0.0000174 seconds
[2019-12-09T09:00:29.289+0000][1][safepoint    ] Application time: 1.0000754 seconds
[2019-12-09T09:00:29.289+0000][1][safepoint    ] Entering safepoint region: Cleanup
[2019-12-09T09:00:29.289+0000][1][safepoint    ] Leaving safepoint region
[2019-12-09T09:00:29.289+0000][1][safepoint    ] Total time for which application threads were stopped: 0.0000667 seconds, Stopping threads took: 0.0000171 seconds
[2019-12-09T09:00:30.289+0000][1][safepoint    ] Application time: 1.0000760 seconds
[2019-12-09T09:00:30.290+0000][1][safepoint    ] Entering safepoint region: Cleanup
[2019-12-09T09:00:30.290+0000][1][safepoint    ] Leaving safepoint region
[2019-12-09T09:00:30.290+0000][1][safepoint    ] Total time for which application threads were stopped: 0.0000674 seconds, Stopping threads took: 0.0000162 seconds
[2019-12-09T09:00:31.290+0000][1][safepoint    ] Application time: 1.0000742 seconds
[2019-12-09T09:00:31.290+0000][1][safepoint    ] Entering safepoint region: Cleanup
[2019-12-09T09:00:31.290+0000][1][safepoint    ] Leaving safepoint region
[2019-12-09T09:00:31.290+0000][1][safepoint    ] Total time for which application threads were stopped: 0.0000767 seconds, Stopping threads took: 0.0000178 seconds
[2019-12-09T09:00:32.290+0000][1][safepoint    ] Application time: 1.0000764 seconds
[2019-12-09T09:00:32.290+0000][1][safepoint    ] Entering safepoint region: Cleanup
[2019-12-09T09:00:32.290+0000][1][safepoint    ] Leaving safepoint region
[2019-12-09T09:00:32.290+0000][1][safepoint    ] Total time for which application threads were stopped: 0.0000679 seconds, Stopping threads took: 0.0000171 seconds
[2019-12-09T09:00:33.290+0000][1][safepoint    ] Application time: 1.0000737 seconds
[2019-12-09T09:00:33.290+0000][1][safepoint    ] Entering safepoint region: Cleanup
[2019-12-09T09:00:33.290+0000][1][safepoint    ] Leaving safepoint region
[2019-12-09T09:00:33.290+0000][1][safepoint    ] Total time for which application threads were stopped: 0.0000650 seconds, Stopping threads took: 0.0000156 seconds
[2019-12-09T09:00:34.290+0000][1][safepoint    ] Application time: 1.0000742 seconds
[2019-12-09T09:00:34.290+0000][1][safepoint    ] Entering safepoint region: Cleanup
[2019-12-09T09:00:34.290+0000][1][safepoint    ] Leaving safepoint region
[2019-12-09T09:00:34.290+0000][1][safepoint    ] Total time for which application threads were stopped: 0.0000661 seconds, Stopping threads took: 0.0000171 seconds
[2019-12-09T09:00:35.290+0000][1][safepoint    ] Application time: 1.0000745 seconds
[2019-12-09T09:00:35.291+0000][1][safepoint    ] Entering safepoint region: Cleanup
[2019-12-09T09:00:35.291+0000][1][safepoint    ] Leaving safepoint region
[2019-12-09T09:00:35.291+0000][1][safepoint    ] Total time for which application threads were stopped: 0.0000848 seconds, Stopping threads took: 0.0000330 seconds
[2019-12-09T09:00:36.291+0000][1][safepoint    ] Application time: 1.0000773 seconds
[2019-12-09T09:00:36.291+0000][1][safepoint    ] Entering safepoint region: Cleanup
[2019-12-09T09:00:36.291+0000][1][safepoint    ] Leaving safepoint region
[2019-12-09T09:00:36.291+0000][1][safepoint    ] Total time for which application threads were stopped: 0.0000698 seconds, Stopping threads took: 0.0000170 seconds
[2019-12-09T09:00:37.291+0000][1][safepoint    ] Application time: 1.0000770 seconds
[2019-12-09T09:00:37.291+0000][1][safepoint    ] Entering safepoint region: Cleanup
[2019-12-09T09:00:37.291+0000][1][safepoint    ] Leaving safepoint region
[2019-12-09T09:00:37.291+0000][1][safepoint    ] Total time for which application threads were stopped: 0.0000682 seconds, Stopping threads took: 0.0000185 seconds
[2019-12-09T09:00:38.291+0000][1][safepoint    ] Application time: 1.0000777 seconds
[2019-12-09T09:00:38.291+0000][1][safepoint    ] Entering safepoint region: Cleanup
[2019-12-09T09:00:38.291+0000][1][safepoint    ] Leaving safepoint region
[2019-12-09T09:00:38.291+0000][1][safepoint    ] Total time for which application threads were stopped: 0.0000665 seconds, Stopping threads took: 0.0000163 seconds
[2019-12-09T09:00:39.291+0000][1][safepoint    ] Application time: 1.0000770 seconds
[2019-12-09T09:00:39.291+0000][1][safepoint    ] Entering safepoint region: Cleanup
[2019-12-09T09:00:39.291+0000][1][safepoint    ] Leaving safepoint region
[2019-12-09T09:00:39.291+0000][1][safepoint    ] Total time for which application threads were stopped: 0.0000658 seconds, Stopping threads took: 0.0000170 seconds
[2019-12-09T09:00:40.291+0000][1][safepoint    ] Application time: 1.0000786 seconds
[2019-12-09T09:00:40.291+0000][1][safepoint    ] Entering safepoint region: Cleanup
[2019-12-09T09:00:40.292+0000][1][safepoint    ] Leaving safepoint region
[2019-12-09T09:00:40.292+0000][1][safepoint    ] Total time for which application threads were stopped: 0.0000663 seconds, Stopping threads took: 0.0000167 seconds
[2019-12-09T09:00:42.063+0000][1][safepoint    ] Application time: 1.7717902 seconds
[2019-12-09T09:00:42.063+0000][1][safepoint    ] Entering safepoint region: Cleanup
[2019-12-09T09:00:42.063+0000][1][safepoint    ] Leaving safepoint region
[2019-12-09T09:00:42.063+0000][1][safepoint    ] Total time for which application threads were stopped: 0.0000676 seconds, Stopping threads took: 0.0000173 seconds
[2019-12-09T09:00:43.064+0000][1][safepoint    ] Application time: 1.0000758 seconds
[2019-12-09T09:00:43.064+0000][1][safepoint    ] Entering safepoint region: Cleanup
[2019-12-09T09:00:43.064+0000][1][safepoint    ] Leaving safepoint region
[2019-12-09T09:00:43.064+0000][1][safepoint    ] Total time for which application threads were stopped: 0.0000665 seconds, Stopping threads took: 0.0000169 seconds
[2019-12-09T09:00:44.064+0000][1][safepoint    ] Application time: 1.0000763 seconds
[2019-12-09T09:00:44.064+0000][1][safepoint    ] Entering safepoint region: Cleanup
[2019-12-09T09:00:44.064+0000][1][safepoint    ] Leaving safepoint region
[2019-12-09T09:00:44.064+0000][1][safepoint    ] Total time for which application threads were stopped: 0.0000674 seconds, Stopping threads took: 0.0000172 seconds
[2019-12-09T09:00:45.064+0000][1][safepoint    ] Application time: 1.0000750 seconds
[2019-12-09T09:00:45.064+0000][1][safepoint    ] Entering safepoint region: Cleanup
[2019-12-09T09:00:45.064+0000][1][safepoint    ] Leaving safepoint region
[2019-12-09T09:00:45.064+0000][1][safepoint    ] Total time for which application threads were stopped: 0.0000677 seconds, Stopping threads took: 0.0000174 seconds
[2019-12-09T09:00:46.064+0000][1][safepoint    ] Application time: 1.0000748 seconds
[2019-12-09T09:00:46.064+0000][1][safepoint    ] Entering safepoint region: Cleanup
[2019-12-09T09:00:46.064+0000][1][safepoint    ] Leaving safepoint region
[2019-12-09T09:00:46.064+0000][1][safepoint    ] Total time for which application threads were stopped: 0.0000678 seconds, Stopping threads took: 0.0000171 seconds
[2019-12-09T09:00:47.064+0000][1][safepoint    ] Application time: 1.0000766 seconds
[2019-12-09T09:00:47.064+0000][1][safepoint    ] Entering safepoint region: Cleanup
[2019-12-09T09:00:47.064+0000][1][safepoint    ] Leaving safepoint region
[2019-12-09T09:00:47.064+0000][1][safepoint    ] Total time for which application threads were stopped: 0.0000684 seconds, Stopping threads took: 0.0000170 seconds
[2019-12-09T09:00:48.064+0000][1][safepoint    ] Application time: 1.0000754 seconds
[2019-12-09T09:00:48.065+0000][1][safepoint    ] Entering safepoint region: Cleanup
[2019-12-09T09:00:48.065+0000][1][safepoint    ] Leaving safepoint region
[2019-12-09T09:00:48.065+0000][1][safepoint    ] Total time for which application threads were stopped: 0.0000676 seconds, Stopping threads took: 0.0000173 seconds
[2019-12-09T09:00:49.065+0000][1][safepoint    ] Application time: 1.0000771 seconds
[2019-12-09T09:00:49.065+0000][1][safepoint    ] Entering safepoint region: Cleanup
[2019-12-09T09:00:49.065+0000][1][safepoint    ] Leaving safepoint region
[2019-12-09T09:00:49.065+0000][1][safepoint    ] Total time for which application threads were stopped: 0.0000859 seconds, Stopping threads took: 0.0000329 seconds
[2019-12-09T09:00:50.065+0000][1][safepoint    ] Application time: 1.0000752 seconds
[2019-12-09T09:00:50.065+0000][1][safepoint    ] Entering safepoint region: Cleanup
[2019-12-09T09:00:50.065+0000][1][safepoint    ] Leaving safepoint region
[2019-12-09T09:00:50.065+0000][1][safepoint    ] Total time for which application threads were stopped: 0.0000682 seconds, Stopping threads took: 0.0000163 seconds
[2019-12-09T09:00:51.065+0000][1][safepoint    ] Application time: 1.0000738 seconds
[2019-12-09T09:00:51.065+0000][1][safepoint    ] Entering safepoint region: Cleanup
[2019-12-09T09:00:51.065+0000][1][safepoint    ] Leaving safepoint region
[2019-12-09T09:00:51.065+0000][1][safepoint    ] Total time for which application threads were stopped: 0.0000671 seconds, Stopping threads took: 0.0000176 seconds
[2019-12-09T09:00:52.065+0000][1][safepoint    ] Application time: 1.0000745 seconds
[2019-12-09T09:00:52.065+0000][1][safepoint    ] Entering safepoint region: Cleanup
[2019-12-09T09:00:52.065+0000][1][safepoint    ] Leaving safepoint region
[2019-12-09T09:00:52.065+0000][1][safepoint    ] Total time for which application threads were stopped: 0.0000702 seconds, Stopping threads took: 0.0000178 seconds
[2019-12-09T09:00:53.065+0000][1][safepoint    ] Application time: 1.0000751 seconds
[2019-12-09T09:00:53.065+0000][1][safepoint    ] Entering safepoint region: Cleanup
[2019-12-09T09:00:53.066+0000][1][safepoint    ] Leaving safepoint region
[2019-12-09T09:00:53.066+0000][1][safepoint    ] Total time for which application threads were stopped: 0.0000661 seconds, Stopping threads took: 0.0000165 seconds
[2019-12-09T09:00:54.066+0000][1][safepoint    ] Application time: 1.0000802 seconds
[2019-12-09T09:00:54.066+0000][1][safepoint    ] Entering safepoint region: Cleanup
[2019-12-09T09:00:54.066+0000][1][safepoint    ] Leaving safepoint region
[2019-12-09T09:00:54.066+0000][1][safepoint    ] Total time for which application threads were stopped: 0.0000821 seconds, Stopping threads took: 0.0000176 seconds
[2019-12-09T09:00:55.066+0000][1][safepoint    ] Application time: 1.0000816 seconds
[2019-12-09T09:00:55.066+0000][1][safepoint    ] Entering safepoint region: Cleanup
[2019-12-09T09:00:55.066+0000][1][safepoint    ] Leaving safepoint region
[2019-12-09T09:00:55.066+0000][1][safepoint    ] Total time for which application threads were stopped: 0.0000689 seconds, Stopping threads took: 0.0000186 seconds
[2019-12-09T09:00:56.066+0000][1][safepoint    ] Application time: 1.0000779 seconds
[2019-12-09T09:00:56.066+0000][1][safepoint    ] Entering safepoint region: Cleanup
[2019-12-09T09:00:56.066+0000][1][safepoint    ] Leaving safepoint region
[2019-12-09T09:00:56.066+0000][1][safepoint    ] Total time for which application threads were stopped: 0.0000703 seconds, Stopping threads took: 0.0000179 seconds
[2019-12-09T09:00:57.066+0000][1][safepoint    ] Application time: 1.0000790 seconds
[2019-12-09T09:00:57.066+0000][1][safepoint    ] Entering safepoint region: Cleanup
[2019-12-09T09:00:57.066+0000][1][safepoint    ] Leaving safepoint region
[2019-12-09T09:00:57.066+0000][1][safepoint    ] Total time for which application threads were stopped: 0.0000715 seconds, Stopping threads took: 0.0000177 seconds
[2019-12-09T09:00:58.066+0000][1][safepoint    ] Application time: 1.0000774 seconds
[2019-12-09T09:00:58.066+0000][1][safepoint    ] Entering safepoint region: Cleanup
[2019-12-09T09:00:58.067+0000][1][safepoint    ] Leaving safepoint region
[2019-12-09T09:00:58.067+0000][1][safepoint    ] Total time for which application threads were stopped: 0.0000711 seconds, Stopping threads took: 0.0000175 seconds
[2019-12-09T09:00:59.067+0000][1][safepoint    ] Application time: 1.0000778 seconds
[2019-12-09T09:00:59.067+0000][1][safepoint    ] Entering safepoint region: Cleanup
[2019-12-09T09:00:59.067+0000][1][safepoint    ] Leaving safepoint region
[2019-12-09T09:00:59.067+0000][1][safepoint    ] Total time for which application threads were stopped: 0.0000805 seconds, Stopping threads took: 0.0000169 seconds
[2019-12-09T09:01:00.067+0000][1][safepoint    ] Application time: 1.0000797 seconds
[2019-12-09T09:01:00.067+0000][1][safepoint    ] Entering safepoint region: Cleanup
[2019-12-09T09:01:00.067+0000][1][safepoint    ] Leaving safepoint region
[2019-12-09T09:01:00.067+0000][1][safepoint    ] Total time for which application threads were stopped: 0.0000739 seconds, Stopping threads took: 0.0000179 seconds
[2019-12-09T09:01:01.067+0000][1][safepoint    ] Application time: 1.0000774 seconds
[2019-12-09T09:01:01.067+0000][1][safepoint    ] Entering safepoint region: Cleanup
[2019-12-09T09:01:01.067+0000][1][safepoint    ] Leaving safepoint region
[2019-12-09T09:01:01.067+0000][1][safepoint    ] Total time for which application threads were stopped: 0.0000681 seconds, Stopping threads took: 0.0000164 seconds
[2019-12-09T09:01:02.067+0000][1][safepoint    ] Application time: 1.0000804 seconds
[2019-12-09T09:01:02.067+0000][1][safepoint    ] Entering safepoint region: Cleanup
[2019-12-09T09:01:02.067+0000][1][safepoint    ] Leaving safepoint region
[2019-12-09T09:01:02.067+0000][1][safepoint    ] Total time for which application threads were stopped: 0.0000702 seconds, Stopping threads took: 0.0000176 seconds
[2019-12-09T09:01:03.067+0000][1][safepoint    ] Application time: 1.0000794 seconds
[2019-12-09T09:01:03.067+0000][1][safepoint    ] Entering safepoint region: Cleanup
[2019-12-09T09:01:03.068+0000][1][safepoint    ] Leaving safepoint region
[2019-12-09T09:01:03.068+0000][1][safepoint    ] Total time for which application threads were stopped: 0.0000694 seconds, Stopping threads took: 0.0000178 seconds
[2019-12-09T09:01:04.068+0000][1][safepoint    ] Application time: 1.0000776 seconds
[2019-12-09T09:01:04.068+0000][1][safepoint    ] Entering safepoint region: Cleanup
[2019-12-09T09:01:04.068+0000][1][safepoint    ] Leaving safepoint region
[2019-12-09T09:01:04.068+0000][1][safepoint    ] Total time for which application threads were stopped: 0.0000852 seconds, Stopping threads took: 0.0000168 seconds
[2019-12-09T09:01:05.068+0000][1][safepoint    ] Application time: 1.0000759 seconds
[2019-12-09T09:01:05.068+0000][1][safepoint    ] Entering safepoint region: Cleanup
[2019-12-09T09:01:05.068+0000][1][safepoint    ] Leaving safepoint region
[2019-12-09T09:01:05.068+0000][1][safepoint    ] Total time for which application threads were stopped: 0.0000671 seconds, Stopping threads took: 0.0000174 seconds
[2019-12-09T09:01:06.068+0000][1][safepoint    ] Application time: 1.0000765 seconds
[2019-12-09T09:01:06.068+0000][1][safepoint    ] Entering safepoint region: Cleanup
[2019-12-09T09:01:06.068+0000][1][safepoint    ] Leaving safepoint region
[2019-12-09T09:01:06.068+0000][1][safepoint    ] Total time for which application threads were stopped: 0.0000665 seconds, Stopping threads took: 0.0000164 seconds
[2019-12-09T09:01:07.068+0000][1][safepoint    ] Application time: 1.0000788 seconds
[2019-12-09T09:01:07.068+0000][1][safepoint    ] Entering safepoint region: Cleanup
[2019-12-09T09:01:07.068+0000][1][safepoint    ] Leaving safepoint region
[2019-12-09T09:01:07.068+0000][1][safepoint    ] Total time for which application threads were stopped: 0.0000708 seconds, Stopping threads took: 0.0000188 seconds
[2019-12-09T09:01:08.068+0000][1][safepoint    ] Application time: 1.0000782 seconds
[2019-12-09T09:01:08.068+0000][1][safepoint    ] Entering safepoint region: Cleanup
[2019-12-09T09:01:08.068+0000][1][safepoint    ] Leaving safepoint region
[2019-12-09T09:01:08.068+0000][1][safepoint    ] Total time for which application threads were stopped: 0.0000694 seconds, Stopping threads took: 0.0000175 seconds
[2019-12-09T09:01:09.069+0000][1][safepoint    ] Application time: 1.0000782 seconds
[2019-12-09T09:01:09.069+0000][1][safepoint    ] Entering safepoint region: Cleanup
[2019-12-09T09:01:09.069+0000][1][safepoint    ] Leaving safepoint region
[2019-12-09T09:01:09.069+0000][1][safepoint    ] Total time for which application threads were stopped: 0.0000699 seconds, Stopping threads took: 0.0000175 seconds
[2019-12-09T09:01:10.069+0000][1][safepoint    ] Application time: 1.0000777 seconds
[2019-12-09T09:01:10.069+0000][1][safepoint    ] Entering safepoint region: Cleanup
[2019-12-09T09:01:10.069+0000][1][safepoint    ] Leaving safepoint region
[2019-12-09T09:01:10.069+0000][1][safepoint    ] Total time for which application threads were stopped: 0.0000668 seconds, Stopping threads took: 0.0000166 seconds
[2019-12-09T09:01:11.069+0000][1][safepoint    ] Application time: 1.0000762 seconds
[2019-12-09T09:01:11.069+0000][1][safepoint    ] Entering safepoint region: Cleanup
[2019-12-09T09:01:11.069+0000][1][safepoint    ] Leaving safepoint region
[2019-12-09T09:01:11.069+0000][1][safepoint    ] Total time for which application threads were stopped: 0.0000680 seconds, Stopping threads took: 0.0000178 seconds
[2019-12-09T09:01:12.069+0000][1][safepoint    ] Application time: 1.0000774 seconds
[2019-12-09T09:01:12.069+0000][1][safepoint    ] Entering safepoint region: Cleanup
[2019-12-09T09:01:12.069+0000][1][safepoint    ] Leaving safepoint region
[2019-12-09T09:01:12.069+0000][1][safepoint    ] Total time for which application threads were stopped: 0.0000695 seconds, Stopping threads took: 0.0000178 seconds
[2019-12-09T09:01:13.069+0000][1][safepoint    ] Application time: 1.0000769 seconds
[2019-12-09T09:01:13.069+0000][1][safepoint    ] Entering safepoint region: Cleanup
[2019-12-09T09:01:13.069+0000][1][safepoint    ] Leaving safepoint region
[2019-12-09T09:01:13.069+0000][1][safepoint    ] Total time for which application threads were stopped: 0.0000690 seconds, Stopping threads took: 0.0000173 seconds
[2019-12-09T09:01:14.070+0000][1][safepoint    ] Application time: 1.0000771 seconds
[2019-12-09T09:01:14.070+0000][1][safepoint    ] Entering safepoint region: Cleanup
[2019-12-09T09:01:14.070+0000][1][safepoint    ] Leaving safepoint region
[2019-12-09T09:01:14.070+0000][1][safepoint    ] Total time for which application threads were stopped: 0.0000703 seconds, Stopping threads took: 0.0000168 seconds
[2019-12-09T09:01:15.070+0000][1][safepoint    ] Application time: 1.0000765 seconds
[2019-12-09T09:01:15.070+0000][1][safepoint    ] Entering safepoint region: Cleanup
[2019-12-09T09:01:15.070+0000][1][safepoint    ] Leaving safepoint region
[2019-12-09T09:01:15.070+0000][1][safepoint    ] Total time for which application threads were stopped: 0.0000766 seconds, Stopping threads took: 0.0000254 seconds
[2019-12-09T09:01:16.070+0000][1][safepoint    ] Application time: 1.0000748 seconds
[2019-12-09T09:01:16.070+0000][1][safepoint    ] Entering safepoint region: Cleanup
[2019-12-09T09:01:16.070+0000][1][safepoint    ] Leaving safepoint region
[2019-12-09T09:01:16.070+0000][1][safepoint    ] Total time for which application threads were stopped: 0.0000676 seconds, Stopping threads took: 0.0000181 seconds
[2019-12-09T09:01:17.070+0000][1][safepoint    ] Application time: 1.0000780 seconds
[2019-12-09T09:01:17.070+0000][1][safepoint    ] Entering safepoint region: Cleanup
[2019-12-09T09:01:17.070+0000][1][safepoint    ] Leaving safepoint region
[2019-12-09T09:01:17.070+0000][1][safepoint    ] Total time for which application threads were stopped: 0.0000682 seconds, Stopping threads took: 0.0000167 seconds
[2019-12-09T09:01:18.070+0000][1][safepoint    ] Application time: 1.0000553 seconds
[2019-12-09T09:01:18.070+0000][1][safepoint    ] Entering safepoint region: Cleanup
[2019-12-09T09:01:18.070+0000][1][safepoint    ] Leaving safepoint region
[2019-12-09T09:01:18.070+0000][1][safepoint    ] Total time for which application threads were stopped: 0.0000670 seconds, Stopping threads took: 0.0000171 seconds
[2019-12-09T09:01:19.070+0000][1][safepoint    ] Application time: 1.0000766 seconds
[2019-12-09T09:01:19.071+0000][1][safepoint    ] Entering safepoint region: Cleanup
[2019-12-09T09:01:19.071+0000][1][safepoint    ] Leaving safepoint region
[2019-12-09T09:01:19.071+0000][1][safepoint    ] Total time for which application threads were stopped: 0.0000695 seconds, Stopping threads took: 0.0000171 seconds
[2019-12-09T09:01:20.071+0000][1][safepoint    ] Application time: 1.0000753 seconds
[2019-12-09T09:01:20.071+0000][1][safepoint    ] Entering safepoint region: Cleanup
[2019-12-09T09:01:20.071+0000][1][safepoint    ] Leaving safepoint region
[2019-12-09T09:01:20.071+0000][1][safepoint    ] Total time for which application threads were stopped: 0.0000672 seconds, Stopping threads took: 0.0000179 seconds
[2019-12-09T09:01:21.071+0000][1][safepoint    ] Application time: 1.0000753 seconds
[2019-12-09T09:01:21.071+0000][1][safepoint    ] Entering safepoint region: Cleanup
[2019-12-09T09:01:21.071+0000][1][safepoint    ] Leaving safepoint region
[2019-12-09T09:01:21.071+0000][1][safepoint    ] Total time for which application threads were stopped: 0.0000686 seconds, Stopping threads took: 0.0000159 seconds
[2019-12-09T09:01:22.071+0000][1][safepoint    ] Application time: 1.0000769 seconds
[2019-12-09T09:01:22.071+0000][1][safepoint    ] Entering safepoint region: Cleanup
[2019-12-09T09:01:22.071+0000][1][safepoint    ] Leaving safepoint region
[2019-12-09T09:01:22.071+0000][1][safepoint    ] Total time for which application threads were stopped: 0.0000672 seconds, Stopping threads took: 0.0000163 seconds
[2019-12-09T09:01:23.071+0000][1][safepoint    ] Application time: 1.0000764 seconds
[2019-12-09T09:01:23.071+0000][1][safepoint    ] Entering safepoint region: Cleanup
[2019-12-09T09:01:23.071+0000][1][safepoint    ] Leaving safepoint region
[2019-12-09T09:01:23.071+0000][1][safepoint    ] Total time for which application threads were stopped: 0.0000700 seconds, Stopping threads took: 0.0000168 seconds
[2019-12-09T09:01:24.071+0000][1][safepoint    ] Application time: 1.0000764 seconds
[2019-12-09T09:01:24.072+0000][1][safepoint    ] Entering safepoint region: Cleanup
[2019-12-09T09:01:24.072+0000][1][safepoint    ] Leaving safepoint region
[2019-12-09T09:01:24.072+0000][1][safepoint    ] Total time for which application threads were stopped: 0.0000683 seconds, Stopping threads took: 0.0000171 seconds
[2019-12-09T09:01:25.072+0000][1][safepoint    ] Application time: 1.0000761 seconds
[2019-12-09T09:01:25.072+0000][1][safepoint    ] Entering safepoint region: Cleanup
[2019-12-09T09:01:25.072+0000][1][safepoint    ] Leaving safepoint region
[2019-12-09T09:01:25.072+0000][1][safepoint    ] Total time for which application threads were stopped: 0.0000694 seconds, Stopping threads took: 0.0000184 seconds
[2019-12-09T09:01:26.072+0000][1][safepoint    ] Application time: 1.0000747 seconds
[2019-12-09T09:01:26.072+0000][1][safepoint    ] Entering safepoint region: Cleanup
[2019-12-09T09:01:26.072+0000][1][safepoint    ] Leaving safepoint region
[2019-12-09T09:01:26.072+0000][1][safepoint    ] Total time for which application threads were stopped: 0.0000692 seconds, Stopping threads took: 0.0000166 seconds
[2019-12-09T09:01:27.072+0000][1][safepoint    ] Application time: 1.0000766 seconds
[2019-12-09T09:01:27.072+0000][1][safepoint    ] Entering safepoint region: Cleanup
[2019-12-09T09:01:27.072+0000][1][safepoint    ] Leaving safepoint region
[2019-12-09T09:01:27.072+0000][1][safepoint    ] Total time for which application threads were stopped: 0.0000716 seconds, Stopping threads took: 0.0000179 seconds
[2019-12-09T09:01:28.072+0000][1][safepoint    ] Application time: 1.0000761 seconds
[2019-12-09T09:01:28.072+0000][1][safepoint    ] Entering safepoint region: Cleanup
[2019-12-09T09:01:28.072+0000][1][safepoint    ] Leaving safepoint region
[2019-12-09T09:01:28.072+0000][1][safepoint    ] Total time for which application threads were stopped: 0.0000678 seconds, Stopping threads took: 0.0000177 seconds
[2019-12-09T09:01:29.072+0000][1][safepoint    ] Application time: 1.0000769 seconds
[2019-12-09T09:01:29.072+0000][1][safepoint    ] Entering safepoint region: Cleanup
[2019-12-09T09:01:29.073+0000][1][safepoint    ] Leaving safepoint region
[2019-12-09T09:01:29.073+0000][1][safepoint    ] Total time for which application threads were stopped: 0.0000668 seconds, Stopping threads took: 0.0000167 seconds
[2019-12-09T09:01:30.073+0000][1][safepoint    ] Application time: 1.0000815 seconds
[2019-12-09T09:01:30.073+0000][1][safepoint    ] Entering safepoint region: Cleanup
[2019-12-09T09:01:30.073+0000][1][safepoint    ] Leaving safepoint region
[2019-12-09T09:01:30.073+0000][1][safepoint    ] Total time for which application threads were stopped: 0.0000796 seconds, Stopping threads took: 0.0000173 seconds
[2019-12-09T09:01:31.073+0000][1][safepoint    ] Application time: 1.0000767 seconds
[2019-12-09T09:01:31.073+0000][1][safepoint    ] Entering safepoint region: Cleanup
[2019-12-09T09:01:31.073+0000][1][safepoint    ] Leaving safepoint region
[2019-12-09T09:01:31.073+0000][1][safepoint    ] Total time for which application threads were stopped: 0.0000683 seconds, Stopping threads took: 0.0000175 seconds
[2019-12-09T09:01:32.073+0000][1][safepoint    ] Application time: 1.0000790 seconds
[2019-12-09T09:01:32.073+0000][1][safepoint    ] Entering safepoint region: Cleanup
[2019-12-09T09:01:32.073+0000][1][safepoint    ] Leaving safepoint region
[2019-12-09T09:01:32.073+0000][1][safepoint    ] Total time for which application threads were stopped: 0.0000673 seconds, Stopping threads took: 0.0000169 seconds
[2019-12-09T09:01:33.073+0000][1][safepoint    ] Application time: 1.0000771 seconds
[2019-12-09T09:01:33.073+0000][1][safepoint    ] Entering safepoint region: Cleanup
[2019-12-09T09:01:33.073+0000][1][safepoint    ] Leaving safepoint region
[2019-12-09T09:01:33.073+0000][1][safepoint    ] Total time for which application threads were stopped: 0.0000694 seconds, Stopping threads took: 0.0000166 seconds
[2019-12-09T09:01:34.073+0000][1][safepoint    ] Application time: 1.0000808 seconds
[2019-12-09T09:01:34.073+0000][1][safepoint    ] Entering safepoint region: Cleanup
[2019-12-09T09:01:34.074+0000][1][safepoint    ] Leaving safepoint region
[2019-12-09T09:01:34.074+0000][1][safepoint    ] Total time for which application threads were stopped: 0.0000681 seconds, Stopping threads took: 0.0000168 seconds
[2019-12-09T09:01:35.074+0000][1][safepoint    ] Application time: 1.0000790 seconds
[2019-12-09T09:01:35.074+0000][1][safepoint    ] Entering safepoint region: Cleanup
[2019-12-09T09:01:35.074+0000][1][safepoint    ] Leaving safepoint region
[2019-12-09T09:01:35.074+0000][1][safepoint    ] Total time for which application threads were stopped: 0.0000800 seconds, Stopping threads took: 0.0000176 seconds
[2019-12-09T09:01:36.074+0000][1][safepoint    ] Application time: 1.0000754 seconds
[2019-12-09T09:01:36.074+0000][1][safepoint    ] Entering safepoint region: Cleanup
[2019-12-09T09:01:36.074+0000][1][safepoint    ] Leaving safepoint region
[2019-12-09T09:01:36.074+0000][1][safepoint    ] Total time for which application threads were stopped: 0.0000663 seconds, Stopping threads took: 0.0000173 seconds
[2019-12-09T09:01:37.074+0000][1][safepoint    ] Application time: 1.0000781 seconds
[2019-12-09T09:01:37.074+0000][1][safepoint    ] Entering safepoint region: Cleanup
[2019-12-09T09:01:37.074+0000][1][safepoint    ] Leaving safepoint region
[2019-12-09T09:01:37.074+0000][1][safepoint    ] Total time for which application threads were stopped: 0.0000682 seconds, Stopping threads took: 0.0000173 seconds
[2019-12-09T09:01:38.074+0000][1][safepoint    ] Application time: 1.0000771 seconds
[2019-12-09T09:01:38.074+0000][1][safepoint    ] Entering safepoint region: Cleanup
[2019-12-09T09:01:38.074+0000][1][safepoint    ] Leaving safepoint region
[2019-12-09T09:01:38.074+0000][1][safepoint    ] Total time for which application threads were stopped: 0.0000669 seconds, Stopping threads took: 0.0000168 seconds
[2019-12-09T09:01:39.074+0000][1][safepoint    ] Application time: 1.0000772 seconds
[2019-12-09T09:01:39.074+0000][1][safepoint    ] Entering safepoint region: Cleanup
[2019-12-09T09:01:39.074+0000][1][safepoint    ] Leaving safepoint region
[2019-12-09T09:01:39.074+0000][1][safepoint    ] Total time for which application threads were stopped: 0.0000677 seconds, Stopping threads took: 0.0000170 seconds
[2019-12-09T09:01:40.075+0000][1][safepoint    ] Application time: 1.0000767 seconds
[2019-12-09T09:01:40.075+0000][1][safepoint    ] Entering safepoint region: Cleanup
[2019-12-09T09:01:40.075+0000][1][safepoint    ] Leaving safepoint region
[2019-12-09T09:01:40.075+0000][1][safepoint    ] Total time for which application threads were stopped: 0.0000686 seconds, Stopping threads took: 0.0000173 seconds
[2019-12-09T09:01:41.075+0000][1][safepoint    ] Application time: 1.0000781 seconds
[2019-12-09T09:01:41.075+0000][1][safepoint    ] Entering safepoint region: Cleanup
[2019-12-09T09:01:41.075+0000][1][safepoint    ] Leaving safepoint region
[2019-12-09T09:01:41.075+0000][1][safepoint    ] Total time for which application threads were stopped: 0.0000674 seconds, Stopping threads took: 0.0000175 seconds
[2019-12-09T09:01:42.075+0000][1][safepoint    ] Application time: 1.0000790 seconds
[2019-12-09T09:01:42.075+0000][1][safepoint    ] Entering safepoint region: Cleanup
[2019-12-09T09:01:42.075+0000][1][safepoint    ] Leaving safepoint region
[2019-12-09T09:01:42.075+0000][1][safepoint    ] Total time for which application threads were stopped: 0.0000695 seconds, Stopping threads took: 0.0000174 seconds
[2019-12-09T09:01:43.075+0000][1][safepoint    ] Application time: 1.0000781 seconds
[2019-12-09T09:01:43.075+0000][1][safepoint    ] Entering safepoint region: Cleanup
[2019-12-09T09:01:43.075+0000][1][safepoint    ] Leaving safepoint region
[2019-12-09T09:01:43.075+0000][1][safepoint    ] Total time for which application threads were stopped: 0.0000682 seconds, Stopping threads took: 0.0000162 seconds
[2019-12-09T09:01:44.075+0000][1][safepoint    ] Application time: 1.0000787 seconds
[2019-12-09T09:01:44.075+0000][1][safepoint    ] Entering safepoint region: Cleanup
[2019-12-09T09:01:44.075+0000][1][safepoint    ] Leaving safepoint region
[2019-12-09T09:01:44.075+0000][1][safepoint    ] Total time for which application threads were stopped: 0.0000675 seconds, Stopping threads took: 0.0000166 seconds
[2019-12-09T09:01:45.076+0000][1][safepoint    ] Application time: 1.0000776 seconds
[2019-12-09T09:01:45.076+0000][1][safepoint    ] Entering safepoint region: Cleanup
[2019-12-09T09:01:45.076+0000][1][safepoint    ] Leaving safepoint region
[2019-12-09T09:01:45.076+0000][1][safepoint    ] Total time for which application threads were stopped: 0.0000675 seconds, Stopping threads took: 0.0000166 seconds
[2019-12-09T09:01:46.076+0000][1][safepoint    ] Application time: 1.0000767 seconds
[2019-12-09T09:01:46.076+0000][1][safepoint    ] Entering safepoint region: Cleanup
[2019-12-09T09:01:46.076+0000][1][safepoint    ] Leaving safepoint region
[2019-12-09T09:01:46.076+0000][1][safepoint    ] Total time for which application threads were stopped: 0.0000680 seconds, Stopping threads took: 0.0000158 seconds
[2019-12-09T09:01:47.076+0000][1][safepoint    ] Application time: 1.0000773 seconds
[2019-12-09T09:01:47.076+0000][1][safepoint    ] Entering safepoint region: Cleanup
[2019-12-09T09:01:47.076+0000][1][safepoint    ] Leaving safepoint region
[2019-12-09T09:01:47.076+0000][1][safepoint    ] Total time for which application threads were stopped: 0.0000730 seconds, Stopping threads took: 0.0000193 seconds
[2019-12-09T09:01:48.076+0000][1][safepoint    ] Application time: 1.0000768 seconds
[2019-12-09T09:01:48.076+0000][1][safepoint    ] Entering safepoint region: Cleanup
[2019-12-09T09:01:48.076+0000][1][safepoint    ] Leaving safepoint region
[2019-12-09T09:01:48.076+0000][1][safepoint    ] Total time for which application threads were stopped: 0.0000675 seconds, Stopping threads took: 0.0000174 seconds
[2019-12-09T09:01:49.076+0000][1][safepoint    ] Application time: 1.0000767 seconds
[2019-12-09T09:01:49.076+0000][1][safepoint    ] Entering safepoint region: Cleanup
[2019-12-09T09:01:49.076+0000][1][safepoint    ] Leaving safepoint region
[2019-12-09T09:01:49.076+0000][1][safepoint    ] Total time for which application threads were stopped: 0.0000673 seconds, Stopping threads took: 0.0000165 seconds
[2019-12-09T09:01:50.076+0000][1][safepoint    ] Application time: 1.0000753 seconds
[2019-12-09T09:01:50.077+0000][1][safepoint    ] Entering safepoint region: Cleanup
[2019-12-09T09:01:50.077+0000][1][safepoint    ] Leaving safepoint region
[2019-12-09T09:01:50.077+0000][1][safepoint    ] Total time for which application threads were stopped: 0.0000759 seconds, Stopping threads took: 0.0000243 seconds
[2019-12-09T09:01:51.077+0000][1][safepoint    ] Application time: 1.0000754 seconds
[2019-12-09T09:01:51.077+0000][1][safepoint    ] Entering safepoint region: Cleanup
[2019-12-09T09:01:51.077+0000][1][safepoint    ] Leaving safepoint region
[2019-12-09T09:01:51.077+0000][1][safepoint    ] Total time for which application threads were stopped: 0.0000744 seconds, Stopping threads took: 0.0000234 seconds
[2019-12-09T09:01:52.077+0000][1][safepoint    ] Application time: 1.0000769 seconds
[2019-12-09T09:01:52.077+0000][1][safepoint    ] Entering safepoint region: Cleanup
[2019-12-09T09:01:52.077+0000][1][safepoint    ] Leaving safepoint region
[2019-12-09T09:01:52.077+0000][1][safepoint    ] Total time for which application threads were stopped: 0.0000693 seconds, Stopping threads took: 0.0000169 seconds
[2019-12-09T09:01:53.077+0000][1][safepoint    ] Application time: 1.0000785 seconds
[2019-12-09T09:01:53.077+0000][1][safepoint    ] Entering safepoint region: Cleanup
[2019-12-09T09:01:53.077+0000][1][safepoint    ] Leaving safepoint region
[2019-12-09T09:01:53.077+0000][1][safepoint    ] Total time for which application threads were stopped: 0.0000688 seconds, Stopping threads took: 0.0000169 seconds
[2019-12-09T09:01:54.077+0000][1][safepoint    ] Application time: 1.0000770 seconds
[2019-12-09T09:01:54.077+0000][1][safepoint    ] Entering safepoint region: Cleanup
[2019-12-09T09:01:54.077+0000][1][safepoint    ] Leaving safepoint region
[2019-12-09T09:01:54.077+0000][1][safepoint    ] Total time for which application threads were stopped: 0.0000681 seconds, Stopping threads took: 0.0000163 seconds
[2019-12-09T09:01:55.077+0000][1][safepoint    ] Application time: 1.0000776 seconds
[2019-12-09T09:01:55.078+0000][1][safepoint    ] Entering safepoint region: Cleanup
[2019-12-09T09:01:55.078+0000][1][safepoint    ] Leaving safepoint region
[2019-12-09T09:01:55.078+0000][1][safepoint    ] Total time for which application threads were stopped: 0.0000672 seconds, Stopping threads took: 0.0000168 seconds
[2019-12-09T09:01:56.078+0000][1][safepoint    ] Application time: 1.0000768 seconds
[2019-12-09T09:01:56.078+0000][1][safepoint    ] Entering safepoint region: Cleanup
[2019-12-09T09:01:56.078+0000][1][safepoint    ] Leaving safepoint region
[2019-12-09T09:01:56.078+0000][1][safepoint    ] Total time for which application threads were stopped: 0.0000685 seconds, Stopping threads took: 0.0000188 seconds
[2019-12-09T09:01:57.078+0000][1][safepoint    ] Application time: 1.0000786 seconds
[2019-12-09T09:01:57.078+0000][1][safepoint    ] Entering safepoint region: Cleanup
[2019-12-09T09:01:57.078+0000][1][safepoint    ] Leaving safepoint region
[2019-12-09T09:01:57.078+0000][1][safepoint    ] Total time for which application threads were stopped: 0.0000690 seconds, Stopping threads took: 0.0000171 seconds
[2019-12-09T09:01:58.078+0000][1][safepoint    ] Application time: 1.0000761 seconds
[2019-12-09T09:01:58.078+0000][1][safepoint    ] Entering safepoint region: Cleanup
[2019-12-09T09:01:58.078+0000][1][safepoint    ] Leaving safepoint region
[2019-12-09T09:01:58.078+0000][1][safepoint    ] Total time for which application threads were stopped: 0.0000690 seconds, Stopping threads took: 0.0000178 seconds
[2019-12-09T09:01:59.078+0000][1][safepoint    ] Application time: 1.0000824 seconds
[2019-12-09T09:01:59.078+0000][1][safepoint    ] Entering safepoint region: Cleanup
[2019-12-09T09:01:59.078+0000][1][safepoint    ] Leaving safepoint region
[2019-12-09T09:01:59.078+0000][1][safepoint    ] Total time for which application threads were stopped: 0.0000679 seconds, Stopping threads took: 0.0000167 seconds
[2019-12-09T09:02:00.078+0000][1][safepoint    ] Application time: 1.0000756 seconds
[2019-12-09T09:02:00.078+0000][1][safepoint    ] Entering safepoint region: Cleanup
[2019-12-09T09:02:00.079+0000][1][safepoint    ] Leaving safepoint region
[2019-12-09T09:02:00.079+0000][1][safepoint    ] Total time for which application threads were stopped: 0.0000657 seconds, Stopping threads took: 0.0000162 seconds
[2019-12-09T09:02:01.079+0000][1][safepoint    ] Application time: 1.0000776 seconds
[2019-12-09T09:02:01.079+0000][1][safepoint    ] Entering safepoint region: Cleanup
[2019-12-09T09:02:01.079+0000][1][safepoint    ] Leaving safepoint region
[2019-12-09T09:02:01.079+0000][1][safepoint    ] Total time for which application threads were stopped: 0.0000792 seconds, Stopping threads took: 0.0000179 seconds
[2019-12-09T09:02:01.249+0000][1][safepoint    ] Application time: 0.1699174 seconds
[2019-12-09T09:02:01.249+0000][1][safepoint    ] Entering safepoint region: GenCollectForAllocation
[2019-12-09T09:02:01.249+0000][1][gc,start     ] GC(83) Pause Young (Allocation Failure)
[2019-12-09T09:02:01.249+0000][1][gc,task      ] GC(83) Using 2 workers of 2 for evacuation
[2019-12-09T09:02:01.251+0000][1][gc,age       ] GC(83) Desired survivor size 4456448 bytes, new threshold 6 (max threshold 6)
[2019-12-09T09:02:01.251+0000][1][gc,age       ] GC(83) Age table with threshold 6 (max threshold 6)
[2019-12-09T09:02:01.251+0000][1][gc,age       ] GC(83) - age   1:       3032 bytes,       3032 total
[2019-12-09T09:02:01.251+0000][1][gc,age       ] GC(83) - age   6:         72 bytes,       3104 total
[2019-12-09T09:02:01.251+0000][1][gc,heap      ] GC(83) ParNew: 69933K->6K(78656K)
[2019-12-09T09:02:01.251+0000][1][gc,heap      ] GC(83) CMS: 69465K->69465K(174784K)
[2019-12-09T09:02:01.251+0000][1][gc,metaspace ] GC(83) Metaspace: 68481K->68481K(1112064K)
[2019-12-09T09:02:01.251+0000][1][gc           ] GC(83) Pause Young (Allocation Failure) 136M->67M(247M) 2.433ms
[2019-12-09T09:02:01.251+0000][1][gc,cpu       ] GC(83) User=0.00s Sys=0.00s Real=0.00s
[2019-12-09T09:02:01.251+0000][1][safepoint    ] Leaving safepoint region
[2019-12-09T09:02:01.251+0000][1][safepoint    ] Total time for which application threads were stopped: 0.0026122 seconds, Stopping threads took: 0.0000223 seconds
[2019-12-09T09:02:02.251+0000][1][safepoint    ] Application time: 1.0000865 seconds
[2019-12-09T09:02:02.251+0000][1][safepoint    ] Entering safepoint region: Cleanup
[2019-12-09T09:02:02.252+0000][1][safepoint    ] Leaving safepoint region
[2019-12-09T09:02:02.252+0000][1][safepoint    ] Total time for which application threads were stopped: 0.0000679 seconds, Stopping threads took: 0.0000166 seconds
[2019-12-09T09:02:03.252+0000][1][safepoint    ] Application time: 1.0000769 seconds
[2019-12-09T09:02:03.252+0000][1][safepoint    ] Entering safepoint region: Cleanup
[2019-12-09T09:02:03.252+0000][1][safepoint    ] Leaving safepoint region
[2019-12-09T09:02:03.252+0000][1][safepoint    ] Total time for which application threads were stopped: 0.0000786 seconds, Stopping threads took: 0.0000270 seconds
[2019-12-09T09:02:04.252+0000][1][safepoint    ] Application time: 1.0000751 seconds
[2019-12-09T09:02:04.252+0000][1][safepoint    ] Entering safepoint region: Cleanup
[2019-12-09T09:02:04.252+0000][1][safepoint    ] Leaving safepoint region
[2019-12-09T09:02:04.252+0000][1][safepoint    ] Total time for which application threads were stopped: 0.0000670 seconds, Stopping threads took: 0.0000168 seconds
[2019-12-09T09:02:05.252+0000][1][safepoint    ] Application time: 1.0000766 seconds
[2019-12-09T09:02:05.252+0000][1][safepoint    ] Entering safepoint region: Cleanup
[2019-12-09T09:02:05.252+0000][1][safepoint    ] Leaving safepoint region
[2019-12-09T09:02:05.252+0000][1][safepoint    ] Total time for which application threads were stopped: 0.0000690 seconds, Stopping threads took: 0.0000173 seconds
[2019-12-09T09:02:06.252+0000][1][safepoint    ] Application time: 1.0000753 seconds
[2019-12-09T09:02:06.252+0000][1][safepoint    ] Entering safepoint region: Cleanup
[2019-12-09T09:02:06.252+0000][1][safepoint    ] Leaving safepoint region
[2019-12-09T09:02:06.252+0000][1][safepoint    ] Total time for which application threads were stopped: 0.0000675 seconds, Stopping threads took: 0.0000165 seconds
[2019-12-09T09:02:07.252+0000][1][safepoint    ] Application time: 1.0000764 seconds
[2019-12-09T09:02:07.252+0000][1][safepoint    ] Entering safepoint region: Cleanup
[2019-12-09T09:02:07.252+0000][1][safepoint    ] Leaving safepoint region
[2019-12-09T09:02:07.252+0000][1][safepoint    ] Total time for which application threads were stopped: 0.0000660 seconds, Stopping threads took: 0.0000171 seconds
[2019-12-09T09:02:08.253+0000][1][safepoint    ] Application time: 1.0000753 seconds
[2019-12-09T09:02:08.253+0000][1][safepoint    ] Entering safepoint region: Cleanup
[2019-12-09T09:02:08.253+0000][1][safepoint    ] Leaving safepoint region
[2019-12-09T09:02:08.253+0000][1][safepoint    ] Total time for which application threads were stopped: 0.0000760 seconds, Stopping threads took: 0.0000163 seconds
[2019-12-09T09:02:09.253+0000][1][safepoint    ] Application time: 1.0000759 seconds
[2019-12-09T09:02:09.253+0000][1][safepoint    ] Entering safepoint region: Cleanup
[2019-12-09T09:02:09.253+0000][1][safepoint    ] Leaving safepoint region
[2019-12-09T09:02:09.253+0000][1][safepoint    ] Total time for which application threads were stopped: 0.0000766 seconds, Stopping threads took: 0.0000162 seconds
[2019-12-09T09:02:10.253+0000][1][safepoint    ] Application time: 1.0000760 seconds
[2019-12-09T09:02:10.253+0000][1][safepoint    ] Entering safepoint region: Cleanup
[2019-12-09T09:02:10.253+0000][1][safepoint    ] Leaving safepoint region
[2019-12-09T09:02:10.253+0000][1][safepoint    ] Total time for which application threads were stopped: 0.0000679 seconds, Stopping threads took: 0.0000171 seconds
[2019-12-09T09:02:11.253+0000][1][safepoint    ] Application time: 1.0000774 seconds
[2019-12-09T09:02:11.253+0000][1][safepoint    ] Entering safepoint region: Cleanup
[2019-12-09T09:02:11.253+0000][1][safepoint    ] Leaving safepoint region
[2019-12-09T09:02:11.253+0000][1][safepoint    ] Total time for which application threads were stopped: 0.0000665 seconds, Stopping threads took: 0.0000174 seconds
[2019-12-09T09:02:12.253+0000][1][safepoint    ] Application time: 1.0000645 seconds
[2019-12-09T09:02:12.253+0000][1][safepoint    ] Entering safepoint region: Cleanup
[2019-12-09T09:02:12.253+0000][1][safepoint    ] Leaving safepoint region
[2019-12-09T09:02:12.253+0000][1][safepoint    ] Total time for which application threads were stopped: 0.0000665 seconds, Stopping threads took: 0.0000179 seconds
[2019-12-09T09:02:13.254+0000][1][safepoint    ] Application time: 1.0000765 seconds
[2019-12-09T09:02:13.254+0000][1][safepoint    ] Entering safepoint region: Cleanup
[2019-12-09T09:02:13.254+0000][1][safepoint    ] Leaving safepoint region
[2019-12-09T09:02:13.254+0000][1][safepoint    ] Total time for which application threads were stopped: 0.0000675 seconds, Stopping threads took: 0.0000162 seconds
[2019-12-09T09:02:14.254+0000][1][safepoint    ] Application time: 1.0000746 seconds
[2019-12-09T09:02:14.254+0000][1][safepoint    ] Entering safepoint region: Cleanup
[2019-12-09T09:02:14.254+0000][1][safepoint    ] Leaving safepoint region
[2019-12-09T09:02:14.254+0000][1][safepoint    ] Total time for which application threads were stopped: 0.0000669 seconds, Stopping threads took: 0.0000162 seconds
[2019-12-09T09:02:15.254+0000][1][safepoint    ] Application time: 1.0000753 seconds
[2019-12-09T09:02:15.254+0000][1][safepoint    ] Entering safepoint region: Cleanup
[2019-12-09T09:02:15.254+0000][1][safepoint    ] Leaving safepoint region
[2019-12-09T09:02:15.254+0000][1][safepoint    ] Total time for which application threads were stopped: 0.0000673 seconds, Stopping threads took: 0.0000160 seconds
[2019-12-09T09:02:16.254+0000][1][safepoint    ] Application time: 1.0000757 seconds
[2019-12-09T09:02:16.254+0000][1][safepoint    ] Entering safepoint region: Cleanup
[2019-12-09T09:02:16.254+0000][1][safepoint    ] Leaving safepoint region
[2019-12-09T09:02:16.254+0000][1][safepoint    ] Total time for which application threads were stopped: 0.0000681 seconds, Stopping threads took: 0.0000178 seconds
[2019-12-09T09:02:17.254+0000][1][safepoint    ] Application time: 1.0000725 seconds
[2019-12-09T09:02:17.254+0000][1][safepoint    ] Entering safepoint region: Cleanup
[2019-12-09T09:02:17.254+0000][1][safepoint    ] Leaving safepoint region
[2019-12-09T09:02:17.254+0000][1][safepoint    ] Total time for which application threads were stopped: 0.0000673 seconds, Stopping threads took: 0.0000166 seconds
[2019-12-09T09:02:18.254+0000][1][safepoint    ] Application time: 1.0000752 seconds
[2019-12-09T09:02:18.255+0000][1][safepoint    ] Entering safepoint region: Cleanup
[2019-12-09T09:02:18.255+0000][1][safepoint    ] Leaving safepoint region
[2019-12-09T09:02:18.255+0000][1][safepoint    ] Total time for which application threads were stopped: 0.0000694 seconds, Stopping threads took: 0.0000174 seconds
[2019-12-09T09:02:19.255+0000][1][safepoint    ] Application time: 1.0000755 seconds
[2019-12-09T09:02:19.255+0000][1][safepoint    ] Entering safepoint region: Cleanup
[2019-12-09T09:02:19.255+0000][1][safepoint    ] Leaving safepoint region
[2019-12-09T09:02:19.255+0000][1][safepoint    ] Total time for which application threads were stopped: 0.0000805 seconds, Stopping threads took: 0.0000204 seconds
[2019-12-09T09:02:20.255+0000][1][safepoint    ] Application time: 1.0000771 seconds
[2019-12-09T09:02:20.255+0000][1][safepoint    ] Entering safepoint region: Cleanup
[2019-12-09T09:02:20.255+0000][1][safepoint    ] Leaving safepoint region
[2019-12-09T09:02:20.255+0000][1][safepoint    ] Total time for which application threads were stopped: 0.0000686 seconds, Stopping threads took: 0.0000165 seconds
[2019-12-09T09:02:21.255+0000][1][safepoint    ] Application time: 1.0000749 seconds
[2019-12-09T09:02:21.255+0000][1][safepoint    ] Entering safepoint region: Cleanup
[2019-12-09T09:02:21.255+0000][1][safepoint    ] Leaving safepoint region
[2019-12-09T09:02:21.255+0000][1][safepoint    ] Total time for which application threads were stopped: 0.0000671 seconds, Stopping threads took: 0.0000154 seconds
[2019-12-09T09:02:22.255+0000][1][safepoint    ] Application time: 1.0000762 seconds
[2019-12-09T09:02:22.255+0000][1][safepoint    ] Entering safepoint region: Cleanup
[2019-12-09T09:02:22.255+0000][1][safepoint    ] Leaving safepoint region
[2019-12-09T09:02:22.255+0000][1][safepoint    ] Total time for which application threads were stopped: 0.0000691 seconds, Stopping threads took: 0.0000172 seconds
[2019-12-09T09:02:23.255+0000][1][safepoint    ] Application time: 1.0000740 seconds
[2019-12-09T09:02:23.255+0000][1][safepoint    ] Entering safepoint region: Cleanup
[2019-12-09T09:02:23.256+0000][1][safepoint    ] Leaving safepoint region
[2019-12-09T09:02:23.256+0000][1][safepoint    ] Total time for which application threads were stopped: 0.0000675 seconds, Stopping threads took: 0.0000158 seconds
[2019-12-09T09:02:24.256+0000][1][safepoint    ] Application time: 1.0000770 seconds
[2019-12-09T09:02:24.256+0000][1][safepoint    ] Entering safepoint region: Cleanup
[2019-12-09T09:02:24.256+0000][1][safepoint    ] Leaving safepoint region
[2019-12-09T09:02:24.256+0000][1][safepoint    ] Total time for which application threads were stopped: 0.0000836 seconds, Stopping threads took: 0.0000174 seconds
[2019-12-09T09:02:25.256+0000][1][safepoint    ] Application time: 1.0000748 seconds
[2019-12-09T09:02:25.256+0000][1][safepoint    ] Entering safepoint region: Cleanup
[2019-12-09T09:02:25.256+0000][1][safepoint    ] Leaving safepoint region
[2019-12-09T09:02:25.256+0000][1][safepoint    ] Total time for which application threads were stopped: 0.0000665 seconds, Stopping threads took: 0.0000171 seconds
[2019-12-09T09:02:26.256+0000][1][safepoint    ] Application time: 1.0000747 seconds
[2019-12-09T09:02:26.256+0000][1][safepoint    ] Entering safepoint region: Cleanup
[2019-12-09T09:02:26.256+0000][1][safepoint    ] Leaving safepoint region
[2019-12-09T09:02:26.256+0000][1][safepoint    ] Total time for which application threads were stopped: 0.0000664 seconds, Stopping threads took: 0.0000172 seconds
[2019-12-09T09:02:27.256+0000][1][safepoint    ] Application time: 1.0000736 seconds
[2019-12-09T09:02:27.256+0000][1][safepoint    ] Entering safepoint region: Cleanup
[2019-12-09T09:02:27.256+0000][1][safepoint    ] Leaving safepoint region
[2019-12-09T09:02:27.256+0000][1][safepoint    ] Total time for which application threads were stopped: 0.0000682 seconds, Stopping threads took: 0.0000179 seconds
[2019-12-09T09:02:28.256+0000][1][safepoint    ] Application time: 1.0000735 seconds
[2019-12-09T09:02:28.256+0000][1][safepoint    ] Entering safepoint region: Cleanup
[2019-12-09T09:02:28.256+0000][1][safepoint    ] Leaving safepoint region
[2019-12-09T09:02:28.256+0000][1][safepoint    ] Total time for which application threads were stopped: 0.0000667 seconds, Stopping threads took: 0.0000177 seconds
[2019-12-09T09:02:29.257+0000][1][safepoint    ] Application time: 1.0000728 seconds
[2019-12-09T09:02:29.257+0000][1][safepoint    ] Entering safepoint region: Cleanup
[2019-12-09T09:02:29.257+0000][1][safepoint    ] Leaving safepoint region
[2019-12-09T09:02:29.257+0000][1][safepoint    ] Total time for which application threads were stopped: 0.0000702 seconds, Stopping threads took: 0.0000214 seconds
[2019-12-09T09:02:30.257+0000][1][safepoint    ] Application time: 1.0000741 seconds
[2019-12-09T09:02:30.257+0000][1][safepoint    ] Entering safepoint region: Cleanup
[2019-12-09T09:02:30.257+0000][1][safepoint    ] Leaving safepoint region
[2019-12-09T09:02:30.257+0000][1][safepoint    ] Total time for which application threads were stopped: 0.0000694 seconds, Stopping threads took: 0.0000169 seconds
[2019-12-09T09:02:31.257+0000][1][safepoint    ] Application time: 1.0000810 seconds
[2019-12-09T09:02:31.257+0000][1][safepoint    ] Entering safepoint region: Cleanup
[2019-12-09T09:02:31.257+0000][1][safepoint    ] Leaving safepoint region
[2019-12-09T09:02:31.257+0000][1][safepoint    ] Total time for which application threads were stopped: 0.0000673 seconds, Stopping threads took: 0.0000157 seconds
[2019-12-09T09:02:32.257+0000][1][safepoint    ] Application time: 1.0000757 seconds
[2019-12-09T09:02:32.257+0000][1][safepoint    ] Entering safepoint region: Cleanup
[2019-12-09T09:02:32.257+0000][1][safepoint    ] Leaving safepoint region
[2019-12-09T09:02:32.257+0000][1][safepoint    ] Total time for which application threads were stopped: 0.0000708 seconds, Stopping threads took: 0.0000188 seconds
[2019-12-09T09:02:33.257+0000][1][safepoint    ] Application time: 1.0000765 seconds
[2019-12-09T09:02:33.257+0000][1][safepoint    ] Entering safepoint region: Cleanup
[2019-12-09T09:02:33.257+0000][1][safepoint    ] Leaving safepoint region
[2019-12-09T09:02:33.257+0000][1][safepoint    ] Total time for which application threads were stopped: 0.0000695 seconds, Stopping threads took: 0.0000172 seconds
[2019-12-09T09:02:34.258+0000][1][safepoint    ] Application time: 1.0000768 seconds
[2019-12-09T09:02:34.258+0000][1][safepoint    ] Entering safepoint region: Cleanup
[2019-12-09T09:02:34.258+0000][1][safepoint    ] Leaving safepoint region
[2019-12-09T09:02:34.258+0000][1][safepoint    ] Total time for which application threads were stopped: 0.0000714 seconds, Stopping threads took: 0.0000202 seconds
[2019-12-09T09:02:35.258+0000][1][safepoint    ] Application time: 1.0000761 seconds
[2019-12-09T09:02:35.258+0000][1][safepoint    ] Entering safepoint region: Cleanup
[2019-12-09T09:02:35.258+0000][1][safepoint    ] Leaving safepoint region
[2019-12-09T09:02:35.258+0000][1][safepoint    ] Total time for which application threads were stopped: 0.0000653 seconds, Stopping threads took: 0.0000164 seconds
[2019-12-09T09:02:36.258+0000][1][safepoint    ] Application time: 1.0000751 seconds
[2019-12-09T09:02:36.258+0000][1][safepoint    ] Entering safepoint region: Cleanup
[2019-12-09T09:02:36.258+0000][1][safepoint    ] Leaving safepoint region
[2019-12-09T09:02:36.258+0000][1][safepoint    ] Total time for which application threads were stopped: 0.0000683 seconds, Stopping threads took: 0.0000173 seconds
[2019-12-09T09:02:37.258+0000][1][safepoint    ] Application time: 1.0000762 seconds
[2019-12-09T09:02:37.258+0000][1][safepoint    ] Entering safepoint region: Cleanup
[2019-12-09T09:02:37.258+0000][1][safepoint    ] Leaving safepoint region
[2019-12-09T09:02:37.258+0000][1][safepoint    ] Total time for which application threads were stopped: 0.0000698 seconds, Stopping threads took: 0.0000174 seconds
[2019-12-09T09:02:38.258+0000][1][safepoint    ] Application time: 1.0000753 seconds
[2019-12-09T09:02:38.258+0000][1][safepoint    ] Entering safepoint region: Cleanup
[2019-12-09T09:02:38.258+0000][1][safepoint    ] Leaving safepoint region
[2019-12-09T09:02:38.258+0000][1][safepoint    ] Total time for which application threads were stopped: 0.0000688 seconds, Stopping threads took: 0.0000164 seconds
[2019-12-09T09:02:39.258+0000][1][safepoint    ] Application time: 1.0000768 seconds
[2019-12-09T09:02:39.259+0000][1][safepoint    ] Entering safepoint region: Cleanup
[2019-12-09T09:02:39.259+0000][1][safepoint    ] Leaving safepoint region
[2019-12-09T09:02:39.259+0000][1][safepoint    ] Total time for which application threads were stopped: 0.0000678 seconds, Stopping threads took: 0.0000164 seconds
[2019-12-09T09:02:40.259+0000][1][safepoint    ] Application time: 1.0000790 seconds
[2019-12-09T09:02:40.259+0000][1][safepoint    ] Entering safepoint region: Cleanup
[2019-12-09T09:02:40.259+0000][1][safepoint    ] Leaving safepoint region
[2019-12-09T09:02:40.259+0000][1][safepoint    ] Total time for which application threads were stopped: 0.0000672 seconds, Stopping threads took: 0.0000173 seconds
[2019-12-09T09:02:41.259+0000][1][safepoint    ] Application time: 1.0000758 seconds
[2019-12-09T09:02:41.259+0000][1][safepoint    ] Entering safepoint region: Cleanup
[2019-12-09T09:02:41.259+0000][1][safepoint    ] Leaving safepoint region
[2019-12-09T09:02:41.259+0000][1][safepoint    ] Total time for which application threads were stopped: 0.0000681 seconds, Stopping threads took: 0.0000174 seconds
[2019-12-09T09:02:42.259+0000][1][safepoint    ] Application time: 1.0000756 seconds
[2019-12-09T09:02:42.259+0000][1][safepoint    ] Entering safepoint region: Cleanup
[2019-12-09T09:02:42.259+0000][1][safepoint    ] Leaving safepoint region
[2019-12-09T09:02:42.259+0000][1][safepoint    ] Total time for which application threads were stopped: 0.0000691 seconds, Stopping threads took: 0.0000186 seconds
[2019-12-09T09:02:43.259+0000][1][safepoint    ] Application time: 1.0000754 seconds
[2019-12-09T09:02:43.259+0000][1][safepoint    ] Entering safepoint region: Cleanup
[2019-12-09T09:02:43.259+0000][1][safepoint    ] Leaving safepoint region
[2019-12-09T09:02:43.259+0000][1][safepoint    ] Total time for which application threads were stopped: 0.0000702 seconds, Stopping threads took: 0.0000172 seconds
[2019-12-09T09:02:44.259+0000][1][safepoint    ] Application time: 1.0000763 seconds
[2019-12-09T09:02:44.260+0000][1][safepoint    ] Entering safepoint region: Cleanup
[2019-12-09T09:02:44.260+0000][1][safepoint    ] Leaving safepoint region
[2019-12-09T09:02:44.260+0000][1][safepoint    ] Total time for which application threads were stopped: 0.0000678 seconds, Stopping threads took: 0.0000169 seconds
[2019-12-09T09:02:45.260+0000][1][safepoint    ] Application time: 1.0000758 seconds
[2019-12-09T09:02:45.260+0000][1][safepoint    ] Entering safepoint region: Cleanup
[2019-12-09T09:02:45.260+0000][1][safepoint    ] Leaving safepoint region
[2019-12-09T09:02:45.260+0000][1][safepoint    ] Total time for which application threads were stopped: 0.0000675 seconds, Stopping threads took: 0.0000174 seconds
[2019-12-09T09:02:46.260+0000][1][safepoint    ] Application time: 1.0000741 seconds
[2019-12-09T09:02:46.260+0000][1][safepoint    ] Entering safepoint region: Cleanup
[2019-12-09T09:02:46.260+0000][1][safepoint    ] Leaving safepoint region
[2019-12-09T09:02:46.260+0000][1][safepoint    ] Total time for which application threads were stopped: 0.0000669 seconds, Stopping threads took: 0.0000169 seconds
[2019-12-09T09:02:47.260+0000][1][safepoint    ] Application time: 1.0000756 seconds
[2019-12-09T09:02:47.260+0000][1][safepoint    ] Entering safepoint region: Cleanup
[2019-12-09T09:02:47.260+0000][1][safepoint    ] Leaving safepoint region
[2019-12-09T09:02:47.260+0000][1][safepoint    ] Total time for which application threads were stopped: 0.0000682 seconds, Stopping threads took: 0.0000175 seconds
[2019-12-09T09:02:48.260+0000][1][safepoint    ] Application time: 1.0000772 seconds
[2019-12-09T09:02:48.260+0000][1][safepoint    ] Entering safepoint region: Cleanup
[2019-12-09T09:02:48.260+0000][1][safepoint    ] Leaving safepoint region
[2019-12-09T09:02:48.260+0000][1][safepoint    ] Total time for which application threads were stopped: 0.0000685 seconds, Stopping threads took: 0.0000174 seconds
[2019-12-09T09:02:49.260+0000][1][safepoint    ] Application time: 1.0000748 seconds
[2019-12-09T09:02:49.260+0000][1][safepoint    ] Entering safepoint region: Cleanup
[2019-12-09T09:02:49.261+0000][1][safepoint    ] Leaving safepoint region
[2019-12-09T09:02:49.261+0000][1][safepoint    ] Total time for which application threads were stopped: 0.0000768 seconds, Stopping threads took: 0.0000245 seconds
[2019-12-09T09:02:50.261+0000][1][safepoint    ] Application time: 1.0000763 seconds
[2019-12-09T09:02:50.261+0000][1][safepoint    ] Entering safepoint region: Cleanup
[2019-12-09T09:02:50.261+0000][1][safepoint    ] Leaving safepoint region
[2019-12-09T09:02:50.261+0000][1][safepoint    ] Total time for which application threads were stopped: 0.0000812 seconds, Stopping threads took: 0.0000166 seconds
[2019-12-09T09:02:51.261+0000][1][safepoint    ] Application time: 1.0000746 seconds
[2019-12-09T09:02:51.261+0000][1][safepoint    ] Entering safepoint region: Cleanup
[2019-12-09T09:02:51.261+0000][1][safepoint    ] Leaving safepoint region
[2019-12-09T09:02:51.261+0000][1][safepoint    ] Total time for which application threads were stopped: 0.0000662 seconds, Stopping threads took: 0.0000165 seconds
[2019-12-09T09:02:52.261+0000][1][safepoint    ] Application time: 1.0000761 seconds
[2019-12-09T09:02:52.261+0000][1][safepoint    ] Entering safepoint region: Cleanup
[2019-12-09T09:02:52.261+0000][1][safepoint    ] Leaving safepoint region
[2019-12-09T09:02:52.261+0000][1][safepoint    ] Total time for which application threads were stopped: 0.0000661 seconds, Stopping threads took: 0.0000168 seconds
[2019-12-09T09:02:53.261+0000][1][safepoint    ] Application time: 1.0000768 seconds
[2019-12-09T09:02:53.261+0000][1][safepoint    ] Entering safepoint region: Cleanup
[2019-12-09T09:02:53.261+0000][1][safepoint    ] Leaving safepoint region
[2019-12-09T09:02:53.261+0000][1][safepoint    ] Total time for which application threads were stopped: 0.0000653 seconds, Stopping threads took: 0.0000165 seconds
[2019-12-09T09:02:54.261+0000][1][safepoint    ] Application time: 1.0000772 seconds
[2019-12-09T09:02:54.261+0000][1][safepoint    ] Entering safepoint region: Cleanup
[2019-12-09T09:02:54.261+0000][1][safepoint    ] Leaving safepoint region
[2019-12-09T09:02:54.261+0000][1][safepoint    ] Total time for which application threads were stopped: 0.0000659 seconds, Stopping threads took: 0.0000170 seconds
[2019-12-09T09:02:55.262+0000][1][safepoint    ] Application time: 1.0000764 seconds
[2019-12-09T09:02:55.262+0000][1][safepoint    ] Entering safepoint region: Cleanup
[2019-12-09T09:02:55.262+0000][1][safepoint    ] Leaving safepoint region
[2019-12-09T09:02:55.262+0000][1][safepoint    ] Total time for which application threads were stopped: 0.0000673 seconds, Stopping threads took: 0.0000162 seconds
[2019-12-09T09:02:56.262+0000][1][safepoint    ] Application time: 1.0000771 seconds
[2019-12-09T09:02:56.262+0000][1][safepoint    ] Entering safepoint region: Cleanup
[2019-12-09T09:02:56.262+0000][1][safepoint    ] Leaving safepoint region
[2019-12-09T09:02:56.262+0000][1][safepoint    ] Total time for which application threads were stopped: 0.0000677 seconds, Stopping threads took: 0.0000166 seconds
[2019-12-09T09:02:57.262+0000][1][safepoint    ] Application time: 1.0000762 seconds
[2019-12-09T09:02:57.262+0000][1][safepoint    ] Entering safepoint region: Cleanup
[2019-12-09T09:02:57.262+0000][1][safepoint    ] Leaving safepoint region
[2019-12-09T09:02:57.262+0000][1][safepoint    ] Total time for which application threads were stopped: 0.0000676 seconds, Stopping threads took: 0.0000158 seconds
[2019-12-09T09:02:58.262+0000][1][safepoint    ] Application time: 1.0000748 seconds
[2019-12-09T09:02:58.262+0000][1][safepoint    ] Entering safepoint region: Cleanup
[2019-12-09T09:02:58.262+0000][1][safepoint    ] Leaving safepoint region
[2019-12-09T09:02:58.262+0000][1][safepoint    ] Total time for which application threads were stopped: 0.0000677 seconds, Stopping threads took: 0.0000173 seconds
[2019-12-09T09:02:59.262+0000][1][safepoint    ] Application time: 1.0000769 seconds
[2019-12-09T09:02:59.262+0000][1][safepoint    ] Entering safepoint region: Cleanup
[2019-12-09T09:02:59.262+0000][1][safepoint    ] Leaving safepoint region
[2019-12-09T09:02:59.262+0000][1][safepoint    ] Total time for which application threads were stopped: 0.0000678 seconds, Stopping threads took: 0.0000166 seconds
[2019-12-09T09:03:00.263+0000][1][safepoint    ] Application time: 1.0000757 seconds
[2019-12-09T09:03:00.263+0000][1][safepoint    ] Entering safepoint region: Cleanup
[2019-12-09T09:03:00.263+0000][1][safepoint    ] Leaving safepoint region
[2019-12-09T09:03:00.263+0000][1][safepoint    ] Total time for which application threads were stopped: 0.0000700 seconds, Stopping threads took: 0.0000182 seconds
[2019-12-09T09:03:01.263+0000][1][safepoint    ] Application time: 1.0000431 seconds
[2019-12-09T09:03:01.263+0000][1][safepoint    ] Entering safepoint region: Cleanup
[2019-12-09T09:03:01.263+0000][1][safepoint    ] Leaving safepoint region
[2019-12-09T09:03:01.263+0000][1][safepoint    ] Total time for which application threads were stopped: 0.0000677 seconds, Stopping threads took: 0.0000169 seconds
[2019-12-09T09:03:02.263+0000][1][safepoint    ] Application time: 1.0000774 seconds
[2019-12-09T09:03:02.263+0000][1][safepoint    ] Entering safepoint region: Cleanup
[2019-12-09T09:03:02.263+0000][1][safepoint    ] Leaving safepoint region
[2019-12-09T09:03:02.263+0000][1][safepoint    ] Total time for which application threads were stopped: 0.0000686 seconds, Stopping threads took: 0.0000172 seconds
[2019-12-09T09:03:03.263+0000][1][safepoint    ] Application time: 1.0000765 seconds
[2019-12-09T09:03:03.263+0000][1][safepoint    ] Entering safepoint region: Cleanup
[2019-12-09T09:03:03.263+0000][1][safepoint    ] Leaving safepoint region
[2019-12-09T09:03:03.263+0000][1][safepoint    ] Total time for which application threads were stopped: 0.0000695 seconds, Stopping threads took: 0.0000177 seconds
[2019-12-09T09:03:04.263+0000][1][safepoint    ] Application time: 1.0000741 seconds
[2019-12-09T09:03:04.263+0000][1][safepoint    ] Entering safepoint region: Cleanup
[2019-12-09T09:03:04.263+0000][1][safepoint    ] Leaving safepoint region
[2019-12-09T09:03:04.263+0000][1][safepoint    ] Total time for which application threads were stopped: 0.0000698 seconds, Stopping threads took: 0.0000182 seconds
[2019-12-09T09:03:05.263+0000][1][safepoint    ] Application time: 1.0000768 seconds
[2019-12-09T09:03:05.264+0000][1][safepoint    ] Entering safepoint region: Cleanup
[2019-12-09T09:03:05.264+0000][1][safepoint    ] Leaving safepoint region
[2019-12-09T09:03:05.264+0000][1][safepoint    ] Total time for which application threads were stopped: 0.0000656 seconds, Stopping threads took: 0.0000159 seconds
[2019-12-09T09:03:06.264+0000][1][safepoint    ] Application time: 1.0000763 seconds
[2019-12-09T09:03:06.264+0000][1][safepoint    ] Entering safepoint region: Cleanup
[2019-12-09T09:03:06.264+0000][1][safepoint    ] Leaving safepoint region
[2019-12-09T09:03:06.264+0000][1][safepoint    ] Total time for which application threads were stopped: 0.0000843 seconds, Stopping threads took: 0.0000170 seconds
[2019-12-09T09:03:07.264+0000][1][safepoint    ] Application time: 1.0000750 seconds
[2019-12-09T09:03:07.264+0000][1][safepoint    ] Entering safepoint region: Cleanup
[2019-12-09T09:03:07.264+0000][1][safepoint    ] Leaving safepoint region
[2019-12-09T09:03:07.264+0000][1][safepoint    ] Total time for which application threads were stopped: 0.0000680 seconds, Stopping threads took: 0.0000170 seconds
[2019-12-09T09:03:08.264+0000][1][safepoint    ] Application time: 1.0000757 seconds
[2019-12-09T09:03:08.264+0000][1][safepoint    ] Entering safepoint region: Cleanup
[2019-12-09T09:03:08.264+0000][1][safepoint    ] Leaving safepoint region
[2019-12-09T09:03:08.264+0000][1][safepoint    ] Total time for which application threads were stopped: 0.0000692 seconds, Stopping threads took: 0.0000171 seconds
[2019-12-09T09:03:09.264+0000][1][safepoint    ] Application time: 1.0000751 seconds
[2019-12-09T09:03:09.264+0000][1][safepoint    ] Entering safepoint region: Cleanup
[2019-12-09T09:03:09.264+0000][1][safepoint    ] Leaving safepoint region
[2019-12-09T09:03:09.264+0000][1][safepoint    ] Total time for which application threads were stopped: 0.0000689 seconds, Stopping threads took: 0.0000160 seconds
[2019-12-09T09:03:10.264+0000][1][safepoint    ] Application time: 1.0000752 seconds
[2019-12-09T09:03:10.265+0000][1][safepoint    ] Entering safepoint region: Cleanup
[2019-12-09T09:03:10.265+0000][1][safepoint    ] Leaving safepoint region
[2019-12-09T09:03:10.265+0000][1][safepoint    ] Total time for which application threads were stopped: 0.0000673 seconds, Stopping threads took: 0.0000169 seconds
[2019-12-09T09:03:11.265+0000][1][safepoint    ] Application time: 1.0000758 seconds
[2019-12-09T09:03:11.265+0000][1][safepoint    ] Entering safepoint region: Cleanup
[2019-12-09T09:03:11.265+0000][1][safepoint    ] Leaving safepoint region
[2019-12-09T09:03:11.265+0000][1][safepoint    ] Total time for which application threads were stopped: 0.0000695 seconds, Stopping threads took: 0.0000180 seconds
[2019-12-09T09:03:12.265+0000][1][safepoint    ] Application time: 1.0000768 seconds
[2019-12-09T09:03:12.265+0000][1][safepoint    ] Entering safepoint region: Cleanup
[2019-12-09T09:03:12.265+0000][1][safepoint    ] Leaving safepoint region
[2019-12-09T09:03:12.265+0000][1][safepoint    ] Total time for which application threads were stopped: 0.0000673 seconds, Stopping threads took: 0.0000173 seconds
[2019-12-09T09:03:13.265+0000][1][safepoint    ] Application time: 1.0000755 seconds
[2019-12-09T09:03:13.265+0000][1][safepoint    ] Entering safepoint region: Cleanup
[2019-12-09T09:03:13.265+0000][1][safepoint    ] Leaving safepoint region
[2019-12-09T09:03:13.265+0000][1][safepoint    ] Total time for which application threads were stopped: 0.0000681 seconds, Stopping threads took: 0.0000163 seconds
[2019-12-09T09:03:14.265+0000][1][safepoint    ] Application time: 1.0000762 seconds
[2019-12-09T09:03:14.265+0000][1][safepoint    ] Entering safepoint region: Cleanup
[2019-12-09T09:03:14.265+0000][1][safepoint    ] Leaving safepoint region
[2019-12-09T09:03:14.265+0000][1][safepoint    ] Total time for which application threads were stopped: 0.0000676 seconds, Stopping threads took: 0.0000165 seconds
[2019-12-09T09:03:15.265+0000][1][safepoint    ] Application time: 1.0000757 seconds
[2019-12-09T09:03:15.265+0000][1][safepoint    ] Entering safepoint region: Cleanup
[2019-12-09T09:03:15.266+0000][1][safepoint    ] Leaving safepoint region
[2019-12-09T09:03:15.266+0000][1][safepoint    ] Total time for which application threads were stopped: 0.0000688 seconds, Stopping threads took: 0.0000169 seconds
[2019-12-09T09:03:16.266+0000][1][safepoint    ] Application time: 1.0000755 seconds
[2019-12-09T09:03:16.266+0000][1][safepoint    ] Entering safepoint region: Cleanup
[2019-12-09T09:03:16.266+0000][1][safepoint    ] Leaving safepoint region
[2019-12-09T09:03:16.266+0000][1][safepoint    ] Total time for which application threads were stopped: 0.0000768 seconds, Stopping threads took: 0.0000160 seconds
[2019-12-09T09:03:17.266+0000][1][safepoint    ] Application time: 1.0000769 seconds
[2019-12-09T09:03:17.266+0000][1][safepoint    ] Entering safepoint region: Cleanup
[2019-12-09T09:03:17.266+0000][1][safepoint    ] Leaving safepoint region
[2019-12-09T09:03:17.266+0000][1][safepoint    ] Total time for which application threads were stopped: 0.0000664 seconds, Stopping threads took: 0.0000155 seconds
[2019-12-09T09:03:18.266+0000][1][safepoint    ] Application time: 1.0000764 seconds
[2019-12-09T09:03:18.266+0000][1][safepoint    ] Entering safepoint region: Cleanup
[2019-12-09T09:03:18.266+0000][1][safepoint    ] Leaving safepoint region
[2019-12-09T09:03:18.266+0000][1][safepoint    ] Total time for which application threads were stopped: 0.0000691 seconds, Stopping threads took: 0.0000175 seconds
[2019-12-09T09:03:19.266+0000][1][safepoint    ] Application time: 1.0000769 seconds
[2019-12-09T09:03:19.266+0000][1][safepoint    ] Entering safepoint region: Cleanup
[2019-12-09T09:03:19.266+0000][1][safepoint    ] Leaving safepoint region
[2019-12-09T09:03:19.266+0000][1][safepoint    ] Total time for which application threads were stopped: 0.0000678 seconds, Stopping threads took: 0.0000174 seconds
[2019-12-09T09:03:20.266+0000][1][safepoint    ] Application time: 1.0000756 seconds
[2019-12-09T09:03:20.266+0000][1][safepoint    ] Entering safepoint region: Cleanup
[2019-12-09T09:03:20.267+0000][1][safepoint    ] Leaving safepoint region
[2019-12-09T09:03:20.267+0000][1][safepoint    ] Total time for which application threads were stopped: 0.0000828 seconds, Stopping threads took: 0.0000315 seconds
[2019-12-09T09:03:21.267+0000][1][safepoint    ] Application time: 1.0000767 seconds
[2019-12-09T09:03:21.267+0000][1][safepoint    ] Entering safepoint region: Cleanup
[2019-12-09T09:03:21.267+0000][1][safepoint    ] Leaving safepoint region
[2019-12-09T09:03:21.267+0000][1][safepoint    ] Total time for which application threads were stopped: 0.0000771 seconds, Stopping threads took: 0.0000163 seconds
[2019-12-09T09:03:22.267+0000][1][safepoint    ] Application time: 1.0000766 seconds
[2019-12-09T09:03:22.267+0000][1][safepoint    ] Entering safepoint region: Cleanup
[2019-12-09T09:03:22.267+0000][1][safepoint    ] Leaving safepoint region
[2019-12-09T09:03:22.267+0000][1][safepoint    ] Total time for which application threads were stopped: 0.0000687 seconds, Stopping threads took: 0.0000170 seconds
[2019-12-09T09:03:23.267+0000][1][safepoint    ] Application time: 1.0000768 seconds
[2019-12-09T09:03:23.267+0000][1][safepoint    ] Entering safepoint region: Cleanup
[2019-12-09T09:03:23.267+0000][1][safepoint    ] Leaving safepoint region
[2019-12-09T09:03:23.267+0000][1][safepoint    ] Total time for which application threads were stopped: 0.0000672 seconds, Stopping threads took: 0.0000171 seconds
[2019-12-09T09:03:24.267+0000][1][safepoint    ] Application time: 1.0000764 seconds
[2019-12-09T09:03:24.267+0000][1][safepoint    ] Entering safepoint region: Cleanup
[2019-12-09T09:03:24.267+0000][1][safepoint    ] Leaving safepoint region
[2019-12-09T09:03:24.267+0000][1][safepoint    ] Total time for which application threads were stopped: 0.0000684 seconds, Stopping threads took: 0.0000160 seconds
[2019-12-09T09:03:25.267+0000][1][safepoint    ] Application time: 1.0000752 seconds
[2019-12-09T09:03:25.267+0000][1][safepoint    ] Entering safepoint region: Cleanup
[2019-12-09T09:03:25.267+0000][1][safepoint    ] Leaving safepoint region
[2019-12-09T09:03:25.267+0000][1][safepoint    ] Total time for which application threads were stopped: 0.0000709 seconds, Stopping threads took: 0.0000176 seconds
[2019-12-09T09:03:26.268+0000][1][safepoint    ] Application time: 1.0000768 seconds
[2019-12-09T09:03:26.268+0000][1][safepoint    ] Entering safepoint region: Cleanup
[2019-12-09T09:03:26.268+0000][1][safepoint    ] Leaving safepoint region
[2019-12-09T09:03:26.268+0000][1][safepoint    ] Total time for which application threads were stopped: 0.0000673 seconds, Stopping threads took: 0.0000165 seconds
[2019-12-09T09:03:27.268+0000][1][safepoint    ] Application time: 1.0000844 seconds
[2019-12-09T09:03:27.268+0000][1][safepoint    ] Entering safepoint region: Cleanup
[2019-12-09T09:03:27.268+0000][1][safepoint    ] Leaving safepoint region
[2019-12-09T09:03:27.268+0000][1][safepoint    ] Total time for which application threads were stopped: 0.0000716 seconds, Stopping threads took: 0.0000175 seconds
[2019-12-09T09:03:28.268+0000][1][safepoint    ] Application time: 1.0000767 seconds
[2019-12-09T09:03:28.268+0000][1][safepoint    ] Entering safepoint region: Cleanup
[2019-12-09T09:03:28.268+0000][1][safepoint    ] Leaving safepoint region
[2019-12-09T09:03:28.268+0000][1][safepoint    ] Total time for which application threads were stopped: 0.0000674 seconds, Stopping threads took: 0.0000175 seconds
[2019-12-09T09:03:29.268+0000][1][safepoint    ] Application time: 1.0000776 seconds
[2019-12-09T09:03:29.268+0000][1][safepoint    ] Entering safepoint region: Cleanup
[2019-12-09T09:03:29.268+0000][1][safepoint    ] Leaving safepoint region
[2019-12-09T09:03:29.268+0000][1][safepoint    ] Total time for which application threads were stopped: 0.0000684 seconds, Stopping threads took: 0.0000183 seconds
[2019-12-09T09:03:30.268+0000][1][safepoint    ] Application time: 1.0000763 seconds
[2019-12-09T09:03:30.268+0000][1][safepoint    ] Entering safepoint region: Cleanup
[2019-12-09T09:03:30.268+0000][1][safepoint    ] Leaving safepoint region
[2019-12-09T09:03:30.268+0000][1][safepoint    ] Total time for which application threads were stopped: 0.0000668 seconds, Stopping threads took: 0.0000159 seconds
[2019-12-09T09:03:31.269+0000][1][safepoint    ] Application time: 1.0000781 seconds
[2019-12-09T09:03:31.269+0000][1][safepoint    ] Entering safepoint region: Cleanup
[2019-12-09T09:03:31.269+0000][1][safepoint    ] Leaving safepoint region
[2019-12-09T09:03:31.269+0000][1][safepoint    ] Total time for which application threads were stopped: 0.0000696 seconds, Stopping threads took: 0.0000170 seconds
[2019-12-09T09:03:32.269+0000][1][safepoint    ] Application time: 1.0000779 seconds
[2019-12-09T09:03:32.269+0000][1][safepoint    ] Entering safepoint region: Cleanup
[2019-12-09T09:03:32.269+0000][1][safepoint    ] Leaving safepoint region
[2019-12-09T09:03:32.269+0000][1][safepoint    ] Total time for which application threads were stopped: 0.0000698 seconds, Stopping threads took: 0.0000176 seconds
[2019-12-09T09:03:33.269+0000][1][safepoint    ] Application time: 1.0000781 seconds
[2019-12-09T09:03:33.269+0000][1][safepoint    ] Entering safepoint region: Cleanup
[2019-12-09T09:03:33.269+0000][1][safepoint    ] Leaving safepoint region
[2019-12-09T09:03:33.269+0000][1][safepoint    ] Total time for which application threads were stopped: 0.0000686 seconds, Stopping threads took: 0.0000158 seconds
[2019-12-09T09:03:34.269+0000][1][safepoint    ] Application time: 1.0000755 seconds
[2019-12-09T09:03:34.269+0000][1][safepoint    ] Entering safepoint region: Cleanup
[2019-12-09T09:03:34.269+0000][1][safepoint    ] Leaving safepoint region
[2019-12-09T09:03:34.269+0000][1][safepoint    ] Total time for which application threads were stopped: 0.0000692 seconds, Stopping threads took: 0.0000175 seconds
[2019-12-09T09:03:35.269+0000][1][safepoint    ] Application time: 1.0000767 seconds
[2019-12-09T09:03:35.269+0000][1][safepoint    ] Entering safepoint region: Cleanup
[2019-12-09T09:03:35.269+0000][1][safepoint    ] Leaving safepoint region
[2019-12-09T09:03:35.269+0000][1][safepoint    ] Total time for which application threads were stopped: 0.0000673 seconds, Stopping threads took: 0.0000175 seconds
[2019-12-09T09:03:36.270+0000][1][safepoint    ] Application time: 1.0000753 seconds
[2019-12-09T09:03:36.270+0000][1][safepoint    ] Entering safepoint region: Cleanup
[2019-12-09T09:03:36.270+0000][1][safepoint    ] Leaving safepoint region
[2019-12-09T09:03:36.270+0000][1][safepoint    ] Total time for which application threads were stopped: 0.0000676 seconds, Stopping threads took: 0.0000180 seconds
[2019-12-09T09:03:37.270+0000][1][safepoint    ] Application time: 1.0000842 seconds
[2019-12-09T09:03:37.270+0000][1][safepoint    ] Entering safepoint region: Cleanup
[2019-12-09T09:03:37.270+0000][1][safepoint    ] Leaving safepoint region
[2019-12-09T09:03:37.270+0000][1][safepoint    ] Total time for which application threads were stopped: 0.0000680 seconds, Stopping threads took: 0.0000168 seconds
[2019-12-09T09:03:38.270+0000][1][safepoint    ] Application time: 1.0000741 seconds
[2019-12-09T09:03:38.270+0000][1][safepoint    ] Entering safepoint region: Cleanup
[2019-12-09T09:03:38.270+0000][1][safepoint    ] Leaving safepoint region
[2019-12-09T09:03:38.270+0000][1][safepoint    ] Total time for which application threads were stopped: 0.0000685 seconds, Stopping threads took: 0.0000172 seconds
[2019-12-09T09:03:39.270+0000][1][safepoint    ] Application time: 1.0000807 seconds
[2019-12-09T09:03:39.270+0000][1][safepoint    ] Entering safepoint region: Cleanup
[2019-12-09T09:03:39.270+0000][1][safepoint    ] Leaving safepoint region
[2019-12-09T09:03:39.270+0000][1][safepoint    ] Total time for which application threads were stopped: 0.0000697 seconds, Stopping threads took: 0.0000173 seconds
[2019-12-09T09:03:40.270+0000][1][safepoint    ] Application time: 1.0000754 seconds
[2019-12-09T09:03:40.270+0000][1][safepoint    ] Entering safepoint region: Cleanup
[2019-12-09T09:03:40.270+0000][1][safepoint    ] Leaving safepoint region
[2019-12-09T09:03:40.270+0000][1][safepoint    ] Total time for which application threads were stopped: 0.0000669 seconds, Stopping threads took: 0.0000173 seconds
[2019-12-09T09:03:41.270+0000][1][safepoint    ] Application time: 1.0000760 seconds
[2019-12-09T09:03:41.271+0000][1][safepoint    ] Entering safepoint region: Cleanup
[2019-12-09T09:03:41.271+0000][1][safepoint    ] Leaving safepoint region
[2019-12-09T09:03:41.271+0000][1][safepoint    ] Total time for which application threads were stopped: 0.0000884 seconds, Stopping threads took: 0.0000166 seconds
[2019-12-09T09:03:42.271+0000][1][safepoint    ] Application time: 1.0000861 seconds
[2019-12-09T09:03:42.271+0000][1][safepoint    ] Entering safepoint region: Cleanup
[2019-12-09T09:03:42.271+0000][1][safepoint    ] Leaving safepoint region
[2019-12-09T09:03:42.271+0000][1][safepoint    ] Total time for which application threads were stopped: 0.0000692 seconds, Stopping threads took: 0.0000164 seconds
[2019-12-09T09:03:43.271+0000][1][safepoint    ] Application time: 1.0000835 seconds
[2019-12-09T09:03:43.271+0000][1][safepoint    ] Entering safepoint region: Cleanup
[2019-12-09T09:03:43.271+0000][1][safepoint    ] Leaving safepoint region
[2019-12-09T09:03:43.271+0000][1][safepoint    ] Total time for which application threads were stopped: 0.0000711 seconds, Stopping threads took: 0.0000175 seconds
[2019-12-09T09:03:44.271+0000][1][safepoint    ] Application time: 1.0000769 seconds
[2019-12-09T09:03:44.271+0000][1][safepoint    ] Entering safepoint region: Cleanup
[2019-12-09T09:03:44.271+0000][1][safepoint    ] Leaving safepoint region
[2019-12-09T09:03:44.271+0000][1][safepoint    ] Total time for which application threads were stopped: 0.0000671 seconds, Stopping threads took: 0.0000168 seconds
[2019-12-09T09:03:45.271+0000][1][safepoint    ] Application time: 1.0000768 seconds
[2019-12-09T09:03:45.271+0000][1][safepoint    ] Entering safepoint region: Cleanup
[2019-12-09T09:03:45.271+0000][1][safepoint    ] Leaving safepoint region
[2019-12-09T09:03:45.271+0000][1][safepoint    ] Total time for which application threads were stopped: 0.0000646 seconds, Stopping threads took: 0.0000165 seconds
[2019-12-09T09:03:46.271+0000][1][safepoint    ] Application time: 1.0000764 seconds
[2019-12-09T09:03:46.272+0000][1][safepoint    ] Entering safepoint region: Cleanup
[2019-12-09T09:03:46.272+0000][1][safepoint    ] Leaving safepoint region
[2019-12-09T09:03:46.272+0000][1][safepoint    ] Total time for which application threads were stopped: 0.0000675 seconds, Stopping threads took: 0.0000176 seconds
[2019-12-09T09:03:47.272+0000][1][safepoint    ] Application time: 1.0000754 seconds
[2019-12-09T09:03:47.272+0000][1][safepoint    ] Entering safepoint region: Cleanup
[2019-12-09T09:03:47.272+0000][1][safepoint    ] Leaving safepoint region
[2019-12-09T09:03:47.272+0000][1][safepoint    ] Total time for which application threads were stopped: 0.0000843 seconds, Stopping threads took: 0.0000176 seconds
[2019-12-09T09:03:48.272+0000][1][safepoint    ] Application time: 1.0000748 seconds
[2019-12-09T09:03:48.272+0000][1][safepoint    ] Entering safepoint region: Cleanup
[2019-12-09T09:03:48.272+0000][1][safepoint    ] Leaving safepoint region
[2019-12-09T09:03:48.272+0000][1][safepoint    ] Total time for which application threads were stopped: 0.0000694 seconds, Stopping threads took: 0.0000179 seconds
[2019-12-09T09:03:49.272+0000][1][safepoint    ] Application time: 1.0000749 seconds
[2019-12-09T09:03:49.272+0000][1][safepoint    ] Entering safepoint region: Cleanup
[2019-12-09T09:03:49.272+0000][1][safepoint    ] Leaving safepoint region
[2019-12-09T09:03:49.272+0000][1][safepoint    ] Total time for which application threads were stopped: 0.0000707 seconds, Stopping threads took: 0.0000178 seconds
[2019-12-09T09:03:50.272+0000][1][safepoint    ] Application time: 1.0000735 seconds
[2019-12-09T09:03:50.272+0000][1][safepoint    ] Entering safepoint region: Cleanup
[2019-12-09T09:03:50.272+0000][1][safepoint    ] Leaving safepoint region
[2019-12-09T09:03:50.272+0000][1][safepoint    ] Total time for which application threads were stopped: 0.0000777 seconds, Stopping threads took: 0.0000252 seconds
[2019-12-09T09:03:51.272+0000][1][safepoint    ] Application time: 1.0000751 seconds
[2019-12-09T09:03:51.273+0000][1][safepoint    ] Entering safepoint region: Cleanup
[2019-12-09T09:03:51.273+0000][1][safepoint    ] Leaving safepoint region
[2019-12-09T09:03:51.273+0000][1][safepoint    ] Total time for which application threads were stopped: 0.0000673 seconds, Stopping threads took: 0.0000159 seconds
[2019-12-09T09:03:52.273+0000][1][safepoint    ] Application time: 1.0000779 seconds
[2019-12-09T09:03:52.273+0000][1][safepoint    ] Entering safepoint region: Cleanup
[2019-12-09T09:03:52.273+0000][1][safepoint    ] Leaving safepoint region
[2019-12-09T09:03:52.273+0000][1][safepoint    ] Total time for which application threads were stopped: 0.0000700 seconds, Stopping threads took: 0.0000184 seconds
[2019-12-09T09:03:53.273+0000][1][safepoint    ] Application time: 1.0000767 seconds
[2019-12-09T09:03:53.273+0000][1][safepoint    ] Entering safepoint region: Cleanup
[2019-12-09T09:03:53.273+0000][1][safepoint    ] Leaving safepoint region
[2019-12-09T09:03:53.273+0000][1][safepoint    ] Total time for which application threads were stopped: 0.0000689 seconds, Stopping threads took: 0.0000176 seconds
[2019-12-09T09:03:54.273+0000][1][safepoint    ] Application time: 1.0000764 seconds
[2019-12-09T09:03:54.273+0000][1][safepoint    ] Entering safepoint region: Cleanup
[2019-12-09T09:03:54.273+0000][1][safepoint    ] Leaving safepoint region
[2019-12-09T09:03:54.273+0000][1][safepoint    ] Total time for which application threads were stopped: 0.0000679 seconds, Stopping threads took: 0.0000167 seconds
[2019-12-09T09:03:55.273+0000][1][safepoint    ] Application time: 1.0000769 seconds
[2019-12-09T09:03:55.273+0000][1][safepoint    ] Entering safepoint region: Cleanup
[2019-12-09T09:03:55.273+0000][1][safepoint    ] Leaving safepoint region
[2019-12-09T09:03:55.273+0000][1][safepoint    ] Total time for which application threads were stopped: 0.0000667 seconds, Stopping threads took: 0.0000167 seconds
[2019-12-09T09:03:56.273+0000][1][safepoint    ] Application time: 1.0000762 seconds
[2019-12-09T09:03:56.273+0000][1][safepoint    ] Entering safepoint region: Cleanup
[2019-12-09T09:03:56.274+0000][1][safepoint    ] Leaving safepoint region
[2019-12-09T09:03:56.274+0000][1][safepoint    ] Total time for which application threads were stopped: 0.0000672 seconds, Stopping threads took: 0.0000167 seconds
[2019-12-09T09:03:57.068+0000][1][safepoint    ] Application time: 0.7945758 seconds
[2019-12-09T09:03:57.068+0000][1][safepoint    ] Entering safepoint region: GenCollectForAllocation
[2019-12-09T09:03:57.068+0000][1][gc,start     ] GC(84) Pause Young (Allocation Failure)
[2019-12-09T09:03:57.068+0000][1][gc,task      ] GC(84) Using 2 workers of 2 for evacuation
[2019-12-09T09:03:57.070+0000][1][gc,age       ] GC(84) Desired survivor size 4456448 bytes, new threshold 6 (max threshold 6)
[2019-12-09T09:03:57.070+0000][1][gc,age       ] GC(84) Age table with threshold 6 (max threshold 6)
[2019-12-09T09:03:57.070+0000][1][gc,age       ] GC(84) - age   1:       3272 bytes,       3272 total
[2019-12-09T09:03:57.070+0000][1][gc,heap      ] GC(84) ParNew: 69904K->4K(78656K)
[2019-12-09T09:03:57.070+0000][1][gc,heap      ] GC(84) CMS: 69465K->69465K(174784K)
[2019-12-09T09:03:57.070+0000][1][gc,metaspace ] GC(84) Metaspace: 68481K->68481K(1112064K)
[2019-12-09T09:03:57.070+0000][1][gc           ] GC(84) Pause Young (Allocation Failure) 136M->67M(247M) 1.321ms
[2019-12-09T09:03:57.070+0000][1][gc,cpu       ] GC(84) User=0.00s Sys=0.00s Real=0.00s
[2019-12-09T09:03:57.070+0000][1][safepoint    ] Leaving safepoint region
[2019-12-09T09:03:57.070+0000][1][safepoint    ] Total time for which application threads were stopped: 0.0014588 seconds, Stopping threads took: 0.0000178 seconds
[2019-12-09T09:03:58.070+0000][1][safepoint    ] Application time: 1.0000864 seconds
[2019-12-09T09:03:58.070+0000][1][safepoint    ] Entering safepoint region: Cleanup
[2019-12-09T09:03:58.070+0000][1][safepoint    ] Leaving safepoint region
[2019-12-09T09:03:58.070+0000][1][safepoint    ] Total time for which application threads were stopped: 0.0000827 seconds, Stopping threads took: 0.0000170 seconds
[2019-12-09T09:03:59.070+0000][1][safepoint    ] Application time: 1.0000796 seconds
[2019-12-09T09:03:59.070+0000][1][safepoint    ] Entering safepoint region: Cleanup
[2019-12-09T09:03:59.070+0000][1][safepoint    ] Leaving safepoint region
[2019-12-09T09:03:59.070+0000][1][safepoint    ] Total time for which application threads were stopped: 0.0000659 seconds, Stopping threads took: 0.0000171 seconds
[2019-12-09T09:04:00.070+0000][1][safepoint    ] Application time: 1.0000759 seconds
[2019-12-09T09:04:00.070+0000][1][safepoint    ] Entering safepoint region: Cleanup
[2019-12-09T09:04:00.070+0000][1][safepoint    ] Leaving safepoint region
[2019-12-09T09:04:00.070+0000][1][safepoint    ] Total time for which application threads were stopped: 0.0000677 seconds, Stopping threads took: 0.0000173 seconds
[2019-12-09T09:04:01.070+0000][1][safepoint    ] Application time: 1.0000660 seconds
[2019-12-09T09:04:01.070+0000][1][safepoint    ] Entering safepoint region: Cleanup
[2019-12-09T09:04:01.070+0000][1][safepoint    ] Leaving safepoint region
[2019-12-09T09:04:01.070+0000][1][safepoint    ] Total time for which application threads were stopped: 0.0000655 seconds, Stopping threads took: 0.0000171 seconds
[2019-12-09T09:04:02.075+0000][1][safepoint    ] Application time: 1.0048840 seconds
[2019-12-09T09:04:02.075+0000][1][safepoint    ] Entering safepoint region: Cleanup
[2019-12-09T09:04:02.075+0000][1][safepoint    ] Leaving safepoint region
[2019-12-09T09:04:02.075+0000][1][safepoint    ] Total time for which application threads were stopped: 0.0000662 seconds, Stopping threads took: 0.0000159 seconds
[2019-12-09T09:04:03.075+0000][1][safepoint    ] Application time: 1.0000778 seconds
[2019-12-09T09:04:03.076+0000][1][safepoint    ] Entering safepoint region: Cleanup
[2019-12-09T09:04:03.076+0000][1][safepoint    ] Leaving safepoint region
[2019-12-09T09:04:03.076+0000][1][safepoint    ] Total time for which application threads were stopped: 0.0000678 seconds, Stopping threads took: 0.0000161 seconds
[2019-12-09T09:04:04.076+0000][1][safepoint    ] Application time: 1.0000753 seconds
[2019-12-09T09:04:04.076+0000][1][safepoint    ] Entering safepoint region: Cleanup
[2019-12-09T09:04:04.076+0000][1][safepoint    ] Leaving safepoint region
[2019-12-09T09:04:04.076+0000][1][safepoint    ] Total time for which application threads were stopped: 0.0000667 seconds, Stopping threads took: 0.0000164 seconds
[2019-12-09T09:04:05.076+0000][1][safepoint    ] Application time: 1.0000771 seconds
[2019-12-09T09:04:05.076+0000][1][safepoint    ] Entering safepoint region: Cleanup
[2019-12-09T09:04:05.076+0000][1][safepoint    ] Leaving safepoint region
[2019-12-09T09:04:05.076+0000][1][safepoint    ] Total time for which application threads were stopped: 0.0000676 seconds, Stopping threads took: 0.0000168 seconds
[2019-12-09T09:04:06.076+0000][1][safepoint    ] Application time: 1.0000751 seconds
[2019-12-09T09:04:06.076+0000][1][safepoint    ] Entering safepoint region: Cleanup
[2019-12-09T09:04:06.076+0000][1][safepoint    ] Leaving safepoint region
[2019-12-09T09:04:06.076+0000][1][safepoint    ] Total time for which application threads were stopped: 0.0000649 seconds, Stopping threads took: 0.0000159 seconds
[2019-12-09T09:04:07.076+0000][1][safepoint    ] Application time: 1.0000775 seconds
[2019-12-09T09:04:07.076+0000][1][safepoint    ] Entering safepoint region: Cleanup
[2019-12-09T09:04:07.076+0000][1][safepoint    ] Leaving safepoint region
[2019-12-09T09:04:07.076+0000][1][safepoint    ] Total time for which application threads were stopped: 0.0000750 seconds, Stopping threads took: 0.0000237 seconds
[2019-12-09T09:04:08.076+0000][1][safepoint    ] Application time: 1.0000762 seconds
[2019-12-09T09:04:08.076+0000][1][safepoint    ] Entering safepoint region: Cleanup
[2019-12-09T09:04:08.077+0000][1][safepoint    ] Leaving safepoint region
[2019-12-09T09:04:08.077+0000][1][safepoint    ] Total time for which application threads were stopped: 0.0000674 seconds, Stopping threads took: 0.0000165 seconds
[2019-12-09T09:04:09.077+0000][1][safepoint    ] Application time: 1.0000765 seconds
[2019-12-09T09:04:09.077+0000][1][safepoint    ] Entering safepoint region: Cleanup
[2019-12-09T09:04:09.077+0000][1][safepoint    ] Leaving safepoint region
[2019-12-09T09:04:09.077+0000][1][safepoint    ] Total time for which application threads were stopped: 0.0000796 seconds, Stopping threads took: 0.0000299 seconds
[2019-12-09T09:04:10.077+0000][1][safepoint    ] Application time: 1.0000757 seconds
[2019-12-09T09:04:10.077+0000][1][safepoint    ] Entering safepoint region: Cleanup
[2019-12-09T09:04:10.077+0000][1][safepoint    ] Leaving safepoint region
[2019-12-09T09:04:10.077+0000][1][safepoint    ] Total time for which application threads were stopped: 0.0000640 seconds, Stopping threads took: 0.0000156 seconds
[2019-12-09T09:04:11.077+0000][1][safepoint    ] Application time: 1.0000754 seconds
[2019-12-09T09:04:11.077+0000][1][safepoint    ] Entering safepoint region: Cleanup
[2019-12-09T09:04:11.077+0000][1][safepoint    ] Leaving safepoint region
[2019-12-09T09:04:11.077+0000][1][safepoint    ] Total time for which application threads were stopped: 0.0000653 seconds, Stopping threads took: 0.0000163 seconds
[2019-12-09T09:04:12.077+0000][1][safepoint    ] Application time: 1.0000754 seconds
[2019-12-09T09:04:12.077+0000][1][safepoint    ] Entering safepoint region: Cleanup
[2019-12-09T09:04:12.077+0000][1][safepoint    ] Leaving safepoint region
[2019-12-09T09:04:12.077+0000][1][safepoint    ] Total time for which application threads were stopped: 0.0000667 seconds, Stopping threads took: 0.0000166 seconds
[2019-12-09T09:04:13.077+0000][1][safepoint    ] Application time: 1.0000771 seconds
[2019-12-09T09:04:13.077+0000][1][safepoint    ] Entering safepoint region: Cleanup
[2019-12-09T09:04:13.077+0000][1][safepoint    ] Leaving safepoint region
[2019-12-09T09:04:13.077+0000][1][safepoint    ] Total time for which application threads were stopped: 0.0000672 seconds, Stopping threads took: 0.0000163 seconds
[2019-12-09T09:04:14.078+0000][1][safepoint    ] Application time: 1.0000769 seconds
[2019-12-09T09:04:14.078+0000][1][safepoint    ] Entering safepoint region: Cleanup
[2019-12-09T09:04:14.078+0000][1][safepoint    ] Leaving safepoint region
[2019-12-09T09:04:14.078+0000][1][safepoint    ] Total time for which application threads were stopped: 0.0000805 seconds, Stopping threads took: 0.0000159 seconds
[2019-12-09T09:04:15.078+0000][1][safepoint    ] Application time: 1.0000761 seconds
[2019-12-09T09:04:15.078+0000][1][safepoint    ] Entering safepoint region: Cleanup
[2019-12-09T09:04:15.078+0000][1][safepoint    ] Leaving safepoint region
[2019-12-09T09:04:15.078+0000][1][safepoint    ] Total time for which application threads were stopped: 0.0000642 seconds, Stopping threads took: 0.0000152 seconds
[2019-12-09T09:04:16.078+0000][1][safepoint    ] Application time: 1.0000772 seconds
[2019-12-09T09:04:16.078+0000][1][safepoint    ] Entering safepoint region: Cleanup
[2019-12-09T09:04:16.078+0000][1][safepoint    ] Leaving safepoint region
[2019-12-09T09:04:16.078+0000][1][safepoint    ] Total time for which application threads were stopped: 0.0000655 seconds, Stopping threads took: 0.0000162 seconds
[2019-12-09T09:04:17.078+0000][1][safepoint    ] Application time: 1.0000771 seconds
[2019-12-09T09:04:17.078+0000][1][safepoint    ] Entering safepoint region: Cleanup
[2019-12-09T09:04:17.078+0000][1][safepoint    ] Leaving safepoint region
[2019-12-09T09:04:17.078+0000][1][safepoint    ] Total time for which application threads were stopped: 0.0000653 seconds, Stopping threads took: 0.0000166 seconds
[2019-12-09T09:04:18.078+0000][1][safepoint    ] Application time: 1.0000781 seconds
[2019-12-09T09:04:18.078+0000][1][safepoint    ] Entering safepoint region: Cleanup
[2019-12-09T09:04:18.078+0000][1][safepoint    ] Leaving safepoint region
[2019-12-09T09:04:18.078+0000][1][safepoint    ] Total time for which application threads were stopped: 0.0000735 seconds, Stopping threads took: 0.0000168 seconds
[2019-12-09T09:04:19.079+0000][1][safepoint    ] Application time: 1.0000858 seconds
[2019-12-09T09:04:19.079+0000][1][safepoint    ] Entering safepoint region: Cleanup
[2019-12-09T09:04:19.079+0000][1][safepoint    ] Leaving safepoint region
[2019-12-09T09:04:19.079+0000][1][safepoint    ] Total time for which application threads were stopped: 0.0000658 seconds, Stopping threads took: 0.0000162 seconds
[2019-12-09T09:04:20.079+0000][1][safepoint    ] Application time: 1.0000777 seconds
[2019-12-09T09:04:20.079+0000][1][safepoint    ] Entering safepoint region: Cleanup
[2019-12-09T09:04:20.079+0000][1][safepoint    ] Leaving safepoint region
[2019-12-09T09:04:20.079+0000][1][safepoint    ] Total time for which application threads were stopped: 0.0000819 seconds, Stopping threads took: 0.0000336 seconds
[2019-12-09T09:04:21.079+0000][1][safepoint    ] Application time: 1.0000782 seconds
[2019-12-09T09:04:21.079+0000][1][safepoint    ] Entering safepoint region: Cleanup
[2019-12-09T09:04:21.079+0000][1][safepoint    ] Leaving safepoint region
[2019-12-09T09:04:21.079+0000][1][safepoint    ] Total time for which application threads were stopped: 0.0000679 seconds, Stopping threads took: 0.0000167 seconds
[2019-12-09T09:04:22.079+0000][1][safepoint    ] Application time: 1.0000806 seconds
[2019-12-09T09:04:22.079+0000][1][safepoint    ] Entering safepoint region: Cleanup
[2019-12-09T09:04:22.079+0000][1][safepoint    ] Leaving safepoint region
[2019-12-09T09:04:22.079+0000][1][safepoint    ] Total time for which application threads were stopped: 0.0000697 seconds, Stopping threads took: 0.0000173 seconds
[2019-12-09T09:04:23.079+0000][1][safepoint    ] Application time: 1.0000846 seconds
[2019-12-09T09:04:23.079+0000][1][safepoint    ] Entering safepoint region: Cleanup
[2019-12-09T09:04:23.079+0000][1][safepoint    ] Leaving safepoint region
[2019-12-09T09:04:23.079+0000][1][safepoint    ] Total time for which application threads were stopped: 0.0000698 seconds, Stopping threads took: 0.0000184 seconds
[2019-12-09T09:04:24.080+0000][1][safepoint    ] Application time: 1.0001714 seconds
[2019-12-09T09:04:24.080+0000][1][safepoint    ] Entering safepoint region: Cleanup
[2019-12-09T09:04:24.080+0000][1][safepoint    ] Leaving safepoint region
[2019-12-09T09:04:24.080+0000][1][safepoint    ] Total time for which application threads were stopped: 0.0000923 seconds, Stopping threads took: 0.0000238 seconds
[2019-12-09T09:04:25.080+0000][1][safepoint    ] Application time: 1.0000802 seconds
[2019-12-09T09:04:25.080+0000][1][safepoint    ] Entering safepoint region: Cleanup
[2019-12-09T09:04:25.080+0000][1][safepoint    ] Leaving safepoint region
[2019-12-09T09:04:25.080+0000][1][safepoint    ] Total time for which application threads were stopped: 0.0000687 seconds, Stopping threads took: 0.0000168 seconds
[2019-12-09T09:04:26.080+0000][1][safepoint    ] Application time: 1.0000733 seconds
[2019-12-09T09:04:26.080+0000][1][safepoint    ] Entering safepoint region: Cleanup
[2019-12-09T09:04:26.080+0000][1][safepoint    ] Leaving safepoint region
[2019-12-09T09:04:26.080+0000][1][safepoint    ] Total time for which application threads were stopped: 0.0000765 seconds, Stopping threads took: 0.0000160 seconds
[2019-12-09T09:04:27.080+0000][1][safepoint    ] Application time: 1.0000778 seconds
[2019-12-09T09:04:27.080+0000][1][safepoint    ] Entering safepoint region: Cleanup
[2019-12-09T09:04:27.080+0000][1][safepoint    ] Leaving safepoint region
[2019-12-09T09:04:27.080+0000][1][safepoint    ] Total time for which application threads were stopped: 0.0000667 seconds, Stopping threads took: 0.0000167 seconds
[2019-12-09T09:04:28.080+0000][1][safepoint    ] Application time: 1.0000742 seconds
[2019-12-09T09:04:28.081+0000][1][safepoint    ] Entering safepoint region: Cleanup
[2019-12-09T09:04:28.081+0000][1][safepoint    ] Leaving safepoint region
[2019-12-09T09:04:28.081+0000][1][safepoint    ] Total time for which application threads were stopped: 0.0000656 seconds, Stopping threads took: 0.0000157 seconds
[2019-12-09T09:04:29.081+0000][1][safepoint    ] Application time: 1.0000780 seconds
[2019-12-09T09:04:29.081+0000][1][safepoint    ] Entering safepoint region: Cleanup
[2019-12-09T09:04:29.081+0000][1][safepoint    ] Leaving safepoint region
[2019-12-09T09:04:29.081+0000][1][safepoint    ] Total time for which application threads were stopped: 0.0000714 seconds, Stopping threads took: 0.0000193 seconds
[2019-12-09T09:04:30.081+0000][1][safepoint    ] Application time: 1.0000743 seconds
[2019-12-09T09:04:30.081+0000][1][safepoint    ] Entering safepoint region: Cleanup
[2019-12-09T09:04:30.081+0000][1][safepoint    ] Leaving safepoint region
[2019-12-09T09:04:30.081+0000][1][safepoint    ] Total time for which application threads were stopped: 0.0000692 seconds, Stopping threads took: 0.0000167 seconds
[2019-12-09T09:04:31.081+0000][1][safepoint    ] Application time: 1.0000749 seconds
[2019-12-09T09:04:31.081+0000][1][safepoint    ] Entering safepoint region: Cleanup
[2019-12-09T09:04:31.081+0000][1][safepoint    ] Leaving safepoint region
[2019-12-09T09:04:31.081+0000][1][safepoint    ] Total time for which application threads were stopped: 0.0000680 seconds, Stopping threads took: 0.0000163 seconds
[2019-12-09T09:04:32.081+0000][1][safepoint    ] Application time: 1.0000748 seconds
[2019-12-09T09:04:32.081+0000][1][safepoint    ] Entering safepoint region: Cleanup
[2019-12-09T09:04:32.081+0000][1][safepoint    ] Leaving safepoint region
[2019-12-09T09:04:32.081+0000][1][safepoint    ] Total time for which application threads were stopped: 0.0000702 seconds, Stopping threads took: 0.0000169 seconds
[2019-12-09T09:04:33.081+0000][1][safepoint    ] Application time: 1.0000733 seconds
[2019-12-09T09:04:33.081+0000][1][safepoint    ] Entering safepoint region: Cleanup
[2019-12-09T09:04:33.082+0000][1][safepoint    ] Leaving safepoint region
[2019-12-09T09:04:33.082+0000][1][safepoint    ] Total time for which application threads were stopped: 0.0000687 seconds, Stopping threads took: 0.0000172 seconds
[2019-12-09T09:04:34.082+0000][1][safepoint    ] Application time: 1.0000724 seconds
[2019-12-09T09:04:34.082+0000][1][safepoint    ] Entering safepoint region: Cleanup
[2019-12-09T09:04:34.082+0000][1][safepoint    ] Leaving safepoint region
[2019-12-09T09:04:34.082+0000][1][safepoint    ] Total time for which application threads were stopped: 0.0000775 seconds, Stopping threads took: 0.0000177 seconds
[2019-12-09T09:04:35.082+0000][1][safepoint    ] Application time: 1.0000753 seconds
[2019-12-09T09:04:35.082+0000][1][safepoint    ] Entering safepoint region: Cleanup
[2019-12-09T09:04:35.082+0000][1][safepoint    ] Leaving safepoint region
[2019-12-09T09:04:35.082+0000][1][safepoint    ] Total time for which application threads were stopped: 0.0000663 seconds, Stopping threads took: 0.0000158 seconds
[2019-12-09T09:04:36.082+0000][1][safepoint    ] Application time: 1.0000722 seconds
[2019-12-09T09:04:36.082+0000][1][safepoint    ] Entering safepoint region: Cleanup
[2019-12-09T09:04:36.082+0000][1][safepoint    ] Leaving safepoint region
[2019-12-09T09:04:36.082+0000][1][safepoint    ] Total time for which application threads were stopped: 0.0000681 seconds, Stopping threads took: 0.0000175 seconds
[2019-12-09T09:04:37.082+0000][1][safepoint    ] Application time: 1.0000741 seconds
[2019-12-09T09:04:37.082+0000][1][safepoint    ] Entering safepoint region: Cleanup
[2019-12-09T09:04:37.082+0000][1][safepoint    ] Leaving safepoint region
[2019-12-09T09:04:37.082+0000][1][safepoint    ] Total time for which application threads were stopped: 0.0000701 seconds, Stopping threads took: 0.0000170 seconds
[2019-12-09T09:04:38.082+0000][1][safepoint    ] Application time: 1.0000754 seconds
[2019-12-09T09:04:38.082+0000][1][safepoint    ] Entering safepoint region: Cleanup
[2019-12-09T09:04:38.082+0000][1][safepoint    ] Leaving safepoint region
[2019-12-09T09:04:38.082+0000][1][safepoint    ] Total time for which application threads were stopped: 0.0000667 seconds, Stopping threads took: 0.0000168 seconds
[2019-12-09T09:04:39.083+0000][1][safepoint    ] Application time: 1.0000753 seconds
[2019-12-09T09:04:39.083+0000][1][safepoint    ] Entering safepoint region: Cleanup
[2019-12-09T09:04:39.083+0000][1][safepoint    ] Leaving safepoint region
[2019-12-09T09:04:39.083+0000][1][safepoint    ] Total time for which application threads were stopped: 0.0000676 seconds, Stopping threads took: 0.0000168 seconds
[2019-12-09T09:04:40.083+0000][1][safepoint    ] Application time: 1.0000753 seconds
[2019-12-09T09:04:40.083+0000][1][safepoint    ] Entering safepoint region: Cleanup
[2019-12-09T09:04:40.083+0000][1][safepoint    ] Leaving safepoint region
[2019-12-09T09:04:40.083+0000][1][safepoint    ] Total time for which application threads were stopped: 0.0000674 seconds, Stopping threads took: 0.0000175 seconds
[2019-12-09T09:04:41.083+0000][1][safepoint    ] Application time: 1.0000739 seconds
[2019-12-09T09:04:41.083+0000][1][safepoint    ] Entering safepoint region: Cleanup
[2019-12-09T09:04:41.083+0000][1][safepoint    ] Leaving safepoint region
[2019-12-09T09:04:41.083+0000][1][safepoint    ] Total time for which application threads were stopped: 0.0000686 seconds, Stopping threads took: 0.0000165 seconds
[2019-12-09T09:04:42.083+0000][1][safepoint    ] Application time: 1.0000778 seconds
[2019-12-09T09:04:42.083+0000][1][safepoint    ] Entering safepoint region: Cleanup
[2019-12-09T09:04:42.083+0000][1][safepoint    ] Leaving safepoint region
[2019-12-09T09:04:42.083+0000][1][safepoint    ] Total time for which application threads were stopped: 0.0000880 seconds, Stopping threads took: 0.0000181 seconds
[2019-12-09T09:04:43.083+0000][1][safepoint    ] Application time: 1.0000804 seconds
[2019-12-09T09:04:43.083+0000][1][safepoint    ] Entering safepoint region: Cleanup
[2019-12-09T09:04:43.083+0000][1][safepoint    ] Leaving safepoint region
[2019-12-09T09:04:43.083+0000][1][safepoint    ] Total time for which application threads were stopped: 0.0000682 seconds, Stopping threads took: 0.0000179 seconds
[2019-12-09T09:04:44.084+0000][1][safepoint    ] Application time: 1.0000752 seconds
[2019-12-09T09:04:44.084+0000][1][safepoint    ] Entering safepoint region: Cleanup
[2019-12-09T09:04:44.084+0000][1][safepoint    ] Leaving safepoint region
[2019-12-09T09:04:44.084+0000][1][safepoint    ] Total time for which application threads were stopped: 0.0000681 seconds, Stopping threads took: 0.0000175 seconds
[2019-12-09T09:04:45.084+0000][1][safepoint    ] Application time: 1.0000776 seconds
[2019-12-09T09:04:45.084+0000][1][safepoint    ] Entering safepoint region: Cleanup
[2019-12-09T09:04:45.084+0000][1][safepoint    ] Leaving safepoint region
[2019-12-09T09:04:45.084+0000][1][safepoint    ] Total time for which application threads were stopped: 0.0000697 seconds, Stopping threads took: 0.0000167 seconds
[2019-12-09T09:04:46.084+0000][1][safepoint    ] Application time: 1.0000762 seconds
[2019-12-09T09:04:46.084+0000][1][safepoint    ] Entering safepoint region: Cleanup
[2019-12-09T09:04:46.084+0000][1][safepoint    ] Leaving safepoint region
[2019-12-09T09:04:46.084+0000][1][safepoint    ] Total time for which application threads were stopped: 0.0000686 seconds, Stopping threads took: 0.0000171 seconds
[2019-12-09T09:04:47.084+0000][1][safepoint    ] Application time: 1.0000774 seconds
[2019-12-09T09:04:47.084+0000][1][safepoint    ] Entering safepoint region: Cleanup
[2019-12-09T09:04:47.084+0000][1][safepoint    ] Leaving safepoint region
[2019-12-09T09:04:47.084+0000][1][safepoint    ] Total time for which application threads were stopped: 0.0000711 seconds, Stopping threads took: 0.0000185 seconds
[2019-12-09T09:04:48.084+0000][1][safepoint    ] Application time: 1.0000786 seconds
[2019-12-09T09:04:48.084+0000][1][safepoint    ] Entering safepoint region: Cleanup
[2019-12-09T09:04:48.084+0000][1][safepoint    ] Leaving safepoint region
[2019-12-09T09:04:48.084+0000][1][safepoint    ] Total time for which application threads were stopped: 0.0000702 seconds, Stopping threads took: 0.0000183 seconds
[2019-12-09T09:04:49.085+0000][1][safepoint    ] Application time: 1.0000762 seconds
[2019-12-09T09:04:49.085+0000][1][safepoint    ] Entering safepoint region: Cleanup
[2019-12-09T09:04:49.085+0000][1][safepoint    ] Leaving safepoint region
[2019-12-09T09:04:49.085+0000][1][safepoint    ] Total time for which application threads were stopped: 0.0000708 seconds, Stopping threads took: 0.0000181 seconds
[2019-12-09T09:04:50.085+0000][1][safepoint    ] Application time: 1.0000780 seconds
[2019-12-09T09:04:50.085+0000][1][safepoint    ] Entering safepoint region: Cleanup
[2019-12-09T09:04:50.085+0000][1][safepoint    ] Leaving safepoint region
[2019-12-09T09:04:50.085+0000][1][safepoint    ] Total time for which application threads were stopped: 0.0000784 seconds, Stopping threads took: 0.0000264 seconds
[2019-12-09T09:04:51.085+0000][1][safepoint    ] Application time: 1.0000764 seconds
[2019-12-09T09:04:51.085+0000][1][safepoint    ] Entering safepoint region: Cleanup
[2019-12-09T09:04:51.085+0000][1][safepoint    ] Leaving safepoint region
[2019-12-09T09:04:51.085+0000][1][safepoint    ] Total time for which application threads were stopped: 0.0000684 seconds, Stopping threads took: 0.0000168 seconds
[2019-12-09T09:04:52.085+0000][1][safepoint    ] Application time: 1.0000759 seconds
[2019-12-09T09:04:52.085+0000][1][safepoint    ] Entering safepoint region: Cleanup
[2019-12-09T09:04:52.085+0000][1][safepoint    ] Leaving safepoint region
[2019-12-09T09:04:52.085+0000][1][safepoint    ] Total time for which application threads were stopped: 0.0000689 seconds, Stopping threads took: 0.0000181 seconds
[2019-12-09T09:04:53.085+0000][1][safepoint    ] Application time: 1.0000771 seconds
[2019-12-09T09:04:53.085+0000][1][safepoint    ] Entering safepoint region: Cleanup
[2019-12-09T09:04:53.085+0000][1][safepoint    ] Leaving safepoint region
[2019-12-09T09:04:53.085+0000][1][safepoint    ] Total time for which application threads were stopped: 0.0000684 seconds, Stopping threads took: 0.0000179 seconds
[2019-12-09T09:04:54.085+0000][1][safepoint    ] Application time: 1.0000751 seconds
[2019-12-09T09:04:54.086+0000][1][safepoint    ] Entering safepoint region: Cleanup
[2019-12-09T09:04:54.086+0000][1][safepoint    ] Leaving safepoint region
[2019-12-09T09:04:54.086+0000][1][safepoint    ] Total time for which application threads were stopped: 0.0000673 seconds, Stopping threads took: 0.0000165 seconds
[2019-12-09T09:04:55.086+0000][1][safepoint    ] Application time: 1.0000824 seconds
[2019-12-09T09:04:55.086+0000][1][safepoint    ] Entering safepoint region: Cleanup
[2019-12-09T09:04:55.086+0000][1][safepoint    ] Leaving safepoint region
[2019-12-09T09:04:55.086+0000][1][safepoint    ] Total time for which application threads were stopped: 0.0000684 seconds, Stopping threads took: 0.0000186 seconds
[2019-12-09T09:04:56.086+0000][1][safepoint    ] Application time: 1.0000752 seconds
[2019-12-09T09:04:56.086+0000][1][safepoint    ] Entering safepoint region: Cleanup
[2019-12-09T09:04:56.086+0000][1][safepoint    ] Leaving safepoint region
[2019-12-09T09:04:56.086+0000][1][safepoint    ] Total time for which application threads were stopped: 0.0000696 seconds, Stopping threads took: 0.0000171 seconds
[2019-12-09T09:04:57.086+0000][1][safepoint    ] Application time: 1.0000759 seconds
[2019-12-09T09:04:57.086+0000][1][safepoint    ] Entering safepoint region: Cleanup
[2019-12-09T09:04:57.086+0000][1][safepoint    ] Leaving safepoint region
[2019-12-09T09:04:57.086+0000][1][safepoint    ] Total time for which application threads were stopped: 0.0000743 seconds, Stopping threads took: 0.0000168 seconds
[2019-12-09T09:04:58.086+0000][1][safepoint    ] Application time: 1.0000758 seconds
[2019-12-09T09:04:58.086+0000][1][safepoint    ] Entering safepoint region: Cleanup
[2019-12-09T09:04:58.086+0000][1][safepoint    ] Leaving safepoint region
[2019-12-09T09:04:58.086+0000][1][safepoint    ] Total time for which application threads were stopped: 0.0000694 seconds, Stopping threads took: 0.0000179 seconds
[2019-12-09T09:04:59.086+0000][1][safepoint    ] Application time: 1.0000753 seconds
[2019-12-09T09:04:59.087+0000][1][safepoint    ] Entering safepoint region: Cleanup
[2019-12-09T09:04:59.087+0000][1][safepoint    ] Leaving safepoint region
[2019-12-09T09:04:59.087+0000][1][safepoint    ] Total time for which application threads were stopped: 0.0000688 seconds, Stopping threads took: 0.0000174 seconds
[2019-12-09T09:05:00.087+0000][1][safepoint    ] Application time: 1.0000772 seconds
[2019-12-09T09:05:00.087+0000][1][safepoint    ] Entering safepoint region: Cleanup
[2019-12-09T09:05:00.087+0000][1][safepoint    ] Leaving safepoint region
[2019-12-09T09:05:00.087+0000][1][safepoint    ] Total time for which application threads were stopped: 0.0000768 seconds, Stopping threads took: 0.0000175 seconds
[2019-12-09T09:05:01.087+0000][1][safepoint    ] Application time: 1.0000771 seconds
[2019-12-09T09:05:01.087+0000][1][safepoint    ] Entering safepoint region: Cleanup
[2019-12-09T09:05:01.087+0000][1][safepoint    ] Leaving safepoint region
[2019-12-09T09:05:01.087+0000][1][safepoint    ] Total time for which application threads were stopped: 0.0000704 seconds, Stopping threads took: 0.0000175 seconds
[2019-12-09T09:05:02.087+0000][1][safepoint    ] Application time: 1.0000762 seconds
[2019-12-09T09:05:02.087+0000][1][safepoint    ] Entering safepoint region: Cleanup
[2019-12-09T09:05:02.087+0000][1][safepoint    ] Leaving safepoint region
[2019-12-09T09:05:02.087+0000][1][safepoint    ] Total time for which application threads were stopped: 0.0000682 seconds, Stopping threads took: 0.0000169 seconds
[2019-12-09T09:05:03.087+0000][1][safepoint    ] Application time: 1.0000769 seconds
[2019-12-09T09:05:03.087+0000][1][safepoint    ] Entering safepoint region: Cleanup
[2019-12-09T09:05:03.087+0000][1][safepoint    ] Leaving safepoint region
[2019-12-09T09:05:03.087+0000][1][safepoint    ] Total time for which application threads were stopped: 0.0000711 seconds, Stopping threads took: 0.0000181 seconds
[2019-12-09T09:05:04.087+0000][1][safepoint    ] Application time: 1.0000763 seconds
[2019-12-09T09:05:04.087+0000][1][safepoint    ] Entering safepoint region: Cleanup
[2019-12-09T09:05:04.088+0000][1][safepoint    ] Leaving safepoint region
[2019-12-09T09:05:04.088+0000][1][safepoint    ] Total time for which application threads were stopped: 0.0000673 seconds, Stopping threads took: 0.0000173 seconds
[2019-12-09T09:05:05.088+0000][1][safepoint    ] Application time: 1.0000762 seconds
[2019-12-09T09:05:05.088+0000][1][safepoint    ] Entering safepoint region: Cleanup
[2019-12-09T09:05:05.088+0000][1][safepoint    ] Leaving safepoint region
[2019-12-09T09:05:05.088+0000][1][safepoint    ] Total time for which application threads were stopped: 0.0000795 seconds, Stopping threads took: 0.0000276 seconds
[2019-12-09T09:05:06.088+0000][1][safepoint    ] Application time: 1.0000755 seconds
[2019-12-09T09:05:06.088+0000][1][safepoint    ] Entering safepoint region: Cleanup
[2019-12-09T09:05:06.088+0000][1][safepoint    ] Leaving safepoint region
[2019-12-09T09:05:06.088+0000][1][safepoint    ] Total time for which application threads were stopped: 0.0000724 seconds, Stopping threads took: 0.0000186 seconds
[2019-12-09T09:05:07.088+0000][1][safepoint    ] Application time: 1.0000760 seconds
[2019-12-09T09:05:07.088+0000][1][safepoint    ] Entering safepoint region: Cleanup
[2019-12-09T09:05:07.088+0000][1][safepoint    ] Leaving safepoint region
[2019-12-09T09:05:07.088+0000][1][safepoint    ] Total time for which application threads were stopped: 0.0000849 seconds, Stopping threads took: 0.0000188 seconds
[2019-12-09T09:05:08.088+0000][1][safepoint    ] Application time: 1.0000780 seconds
[2019-12-09T09:05:08.088+0000][1][safepoint    ] Entering safepoint region: Cleanup
[2019-12-09T09:05:08.088+0000][1][safepoint    ] Leaving safepoint region
[2019-12-09T09:05:08.088+0000][1][safepoint    ] Total time for which application threads were stopped: 0.0000772 seconds, Stopping threads took: 0.0000263 seconds
[2019-12-09T09:05:09.088+0000][1][safepoint    ] Application time: 1.0000784 seconds
[2019-12-09T09:05:09.088+0000][1][safepoint    ] Entering safepoint region: Cleanup
[2019-12-09T09:05:09.089+0000][1][safepoint    ] Leaving safepoint region
[2019-12-09T09:05:09.089+0000][1][safepoint    ] Total time for which application threads were stopped: 0.0000671 seconds, Stopping threads took: 0.0000172 seconds
[2019-12-09T09:05:10.089+0000][1][safepoint    ] Application time: 1.0000764 seconds
[2019-12-09T09:05:10.089+0000][1][safepoint    ] Entering safepoint region: Cleanup
[2019-12-09T09:05:10.089+0000][1][safepoint    ] Leaving safepoint region
[2019-12-09T09:05:10.089+0000][1][safepoint    ] Total time for which application threads were stopped: 0.0000798 seconds, Stopping threads took: 0.0000281 seconds
[2019-12-09T09:05:11.089+0000][1][safepoint    ] Application time: 1.0000772 seconds
[2019-12-09T09:05:11.089+0000][1][safepoint    ] Entering safepoint region: Cleanup
[2019-12-09T09:05:11.089+0000][1][safepoint    ] Leaving safepoint region
[2019-12-09T09:05:11.089+0000][1][safepoint    ] Total time for which application threads were stopped: 0.0000664 seconds, Stopping threads took: 0.0000177 seconds
[2019-12-09T09:05:12.089+0000][1][safepoint    ] Application time: 1.0000803 seconds
[2019-12-09T09:05:12.089+0000][1][safepoint    ] Entering safepoint region: Cleanup
[2019-12-09T09:05:12.089+0000][1][safepoint    ] Leaving safepoint region
[2019-12-09T09:05:12.089+0000][1][safepoint    ] Total time for which application threads were stopped: 0.0000713 seconds, Stopping threads took: 0.0000173 seconds
[2019-12-09T09:05:13.089+0000][1][safepoint    ] Application time: 1.0000798 seconds
[2019-12-09T09:05:13.089+0000][1][safepoint    ] Entering safepoint region: Cleanup
[2019-12-09T09:05:13.089+0000][1][safepoint    ] Leaving safepoint region
[2019-12-09T09:05:13.089+0000][1][safepoint    ] Total time for which application threads were stopped: 0.0000682 seconds, Stopping threads took: 0.0000173 seconds
[2019-12-09T09:05:14.089+0000][1][safepoint    ] Application time: 1.0000767 seconds
[2019-12-09T09:05:14.089+0000][1][safepoint    ] Entering safepoint region: Cleanup
[2019-12-09T09:05:14.090+0000][1][safepoint    ] Leaving safepoint region
[2019-12-09T09:05:14.090+0000][1][safepoint    ] Total time for which application threads were stopped: 0.0000671 seconds, Stopping threads took: 0.0000170 seconds
[2019-12-09T09:05:15.090+0000][1][safepoint    ] Application time: 1.0000769 seconds
[2019-12-09T09:05:15.090+0000][1][safepoint    ] Entering safepoint region: Cleanup
[2019-12-09T09:05:15.090+0000][1][safepoint    ] Leaving safepoint region
[2019-12-09T09:05:15.090+0000][1][safepoint    ] Total time for which application threads were stopped: 0.0000812 seconds, Stopping threads took: 0.0000172 seconds
[2019-12-09T09:05:16.090+0000][1][safepoint    ] Application time: 1.0000740 seconds
[2019-12-09T09:05:16.090+0000][1][safepoint    ] Entering safepoint region: Cleanup
[2019-12-09T09:05:16.090+0000][1][safepoint    ] Leaving safepoint region
[2019-12-09T09:05:16.090+0000][1][safepoint    ] Total time for which application threads were stopped: 0.0000688 seconds, Stopping threads took: 0.0000173 seconds
[2019-12-09T09:05:17.090+0000][1][safepoint    ] Application time: 1.0000785 seconds
[2019-12-09T09:05:17.090+0000][1][safepoint    ] Entering safepoint region: Cleanup
[2019-12-09T09:05:17.090+0000][1][safepoint    ] Leaving safepoint region
[2019-12-09T09:05:17.090+0000][1][safepoint    ] Total time for which application threads were stopped: 0.0000690 seconds, Stopping threads took: 0.0000174 seconds
[2019-12-09T09:05:18.090+0000][1][safepoint    ] Application time: 1.0000784 seconds
[2019-12-09T09:05:18.090+0000][1][safepoint    ] Entering safepoint region: Cleanup
[2019-12-09T09:05:18.090+0000][1][safepoint    ] Leaving safepoint region
[2019-12-09T09:05:18.090+0000][1][safepoint    ] Total time for which application threads were stopped: 0.0000759 seconds, Stopping threads took: 0.0000243 seconds
[2019-12-09T09:05:19.090+0000][1][safepoint    ] Application time: 1.0000761 seconds
[2019-12-09T09:05:19.090+0000][1][safepoint    ] Entering safepoint region: Cleanup
[2019-12-09T09:05:19.090+0000][1][safepoint    ] Leaving safepoint region
[2019-12-09T09:05:19.091+0000][1][safepoint    ] Total time for which application threads were stopped: 0.0000688 seconds, Stopping threads took: 0.0000187 seconds
[2019-12-09T09:05:20.091+0000][1][safepoint    ] Application time: 1.0000754 seconds
[2019-12-09T09:05:20.091+0000][1][safepoint    ] Entering safepoint region: Cleanup
[2019-12-09T09:05:20.091+0000][1][safepoint    ] Leaving safepoint region
[2019-12-09T09:05:20.091+0000][1][safepoint    ] Total time for which application threads were stopped: 0.0000852 seconds, Stopping threads took: 0.0000258 seconds
[2019-12-09T09:05:21.091+0000][1][safepoint    ] Application time: 1.0000757 seconds
[2019-12-09T09:05:21.091+0000][1][safepoint    ] Entering safepoint region: Cleanup
[2019-12-09T09:05:21.091+0000][1][safepoint    ] Leaving safepoint region
[2019-12-09T09:05:21.091+0000][1][safepoint    ] Total time for which application threads were stopped: 0.0000674 seconds, Stopping threads took: 0.0000174 seconds
[2019-12-09T09:05:22.091+0000][1][safepoint    ] Application time: 1.0000764 seconds
[2019-12-09T09:05:22.091+0000][1][safepoint    ] Entering safepoint region: Cleanup
[2019-12-09T09:05:22.091+0000][1][safepoint    ] Leaving safepoint region
[2019-12-09T09:05:22.091+0000][1][safepoint    ] Total time for which application threads were stopped: 0.0000689 seconds, Stopping threads took: 0.0000178 seconds
[2019-12-09T09:05:23.091+0000][1][safepoint    ] Application time: 1.0000763 seconds
[2019-12-09T09:05:23.091+0000][1][safepoint    ] Entering safepoint region: Cleanup
[2019-12-09T09:05:23.091+0000][1][safepoint    ] Leaving safepoint region
[2019-12-09T09:05:23.091+0000][1][safepoint    ] Total time for which application threads were stopped: 0.0000694 seconds, Stopping threads took: 0.0000175 seconds
[2019-12-09T09:05:24.091+0000][1][safepoint    ] Application time: 1.0000776 seconds
[2019-12-09T09:05:24.091+0000][1][safepoint    ] Entering safepoint region: Cleanup
[2019-12-09T09:05:24.091+0000][1][safepoint    ] Leaving safepoint region
[2019-12-09T09:05:24.091+0000][1][safepoint    ] Total time for which application threads were stopped: 0.0000673 seconds, Stopping threads took: 0.0000165 seconds
[2019-12-09T09:05:25.092+0000][1][safepoint    ] Application time: 1.0000779 seconds
[2019-12-09T09:05:25.092+0000][1][safepoint    ] Entering safepoint region: Cleanup
[2019-12-09T09:05:25.092+0000][1][safepoint    ] Leaving safepoint region
[2019-12-09T09:05:25.092+0000][1][safepoint    ] Total time for which application threads were stopped: 0.0000667 seconds, Stopping threads took: 0.0000171 seconds
[2019-12-09T09:05:26.092+0000][1][safepoint    ] Application time: 1.0000771 seconds
[2019-12-09T09:05:26.092+0000][1][safepoint    ] Entering safepoint region: Cleanup
[2019-12-09T09:05:26.092+0000][1][safepoint    ] Leaving safepoint region
[2019-12-09T09:05:26.092+0000][1][safepoint    ] Total time for which application threads were stopped: 0.0000695 seconds, Stopping threads took: 0.0000174 seconds
[2019-12-09T09:05:27.092+0000][1][safepoint    ] Application time: 1.0000773 seconds
[2019-12-09T09:05:27.092+0000][1][safepoint    ] Entering safepoint region: Cleanup
[2019-12-09T09:05:27.092+0000][1][safepoint    ] Leaving safepoint region
[2019-12-09T09:05:27.092+0000][1][safepoint    ] Total time for which application threads were stopped: 0.0000681 seconds, Stopping threads took: 0.0000176 seconds
[2019-12-09T09:05:28.092+0000][1][safepoint    ] Application time: 1.0000768 seconds
[2019-12-09T09:05:28.092+0000][1][safepoint    ] Entering safepoint region: Cleanup
[2019-12-09T09:05:28.092+0000][1][safepoint    ] Leaving safepoint region
[2019-12-09T09:05:28.092+0000][1][safepoint    ] Total time for which application threads were stopped: 0.0000751 seconds, Stopping threads took: 0.0000250 seconds
[2019-12-09T09:05:29.092+0000][1][safepoint    ] Application time: 1.0000760 seconds
[2019-12-09T09:05:29.092+0000][1][safepoint    ] Entering safepoint region: Cleanup
[2019-12-09T09:05:29.092+0000][1][safepoint    ] Leaving safepoint region
[2019-12-09T09:05:29.092+0000][1][safepoint    ] Total time for which application threads were stopped: 0.0000683 seconds, Stopping threads took: 0.0000170 seconds
[2019-12-09T09:05:30.093+0000][1][safepoint    ] Application time: 1.0000765 seconds
[2019-12-09T09:05:30.093+0000][1][safepoint    ] Entering safepoint region: Cleanup
[2019-12-09T09:05:30.093+0000][1][safepoint    ] Leaving safepoint region
[2019-12-09T09:05:30.093+0000][1][safepoint    ] Total time for which application threads were stopped: 0.0000699 seconds, Stopping threads took: 0.0000174 seconds
[2019-12-09T09:05:31.093+0000][1][safepoint    ] Application time: 1.0000756 seconds
[2019-12-09T09:05:31.093+0000][1][safepoint    ] Entering safepoint region: Cleanup
[2019-12-09T09:05:31.093+0000][1][safepoint    ] Leaving safepoint region
[2019-12-09T09:05:31.093+0000][1][safepoint    ] Total time for which application threads were stopped: 0.0000677 seconds, Stopping threads took: 0.0000171 seconds
[2019-12-09T09:05:32.093+0000][1][safepoint    ] Application time: 1.0000778 seconds
[2019-12-09T09:05:32.093+0000][1][safepoint    ] Entering safepoint region: Cleanup
[2019-12-09T09:05:32.093+0000][1][safepoint    ] Leaving safepoint region
[2019-12-09T09:05:32.093+0000][1][safepoint    ] Total time for which application threads were stopped: 0.0000705 seconds, Stopping threads took: 0.0000175 seconds
[2019-12-09T09:05:33.093+0000][1][safepoint    ] Application time: 1.0000791 seconds
[2019-12-09T09:05:33.093+0000][1][safepoint    ] Entering safepoint region: Cleanup
[2019-12-09T09:05:33.093+0000][1][safepoint    ] Leaving safepoint region
[2019-12-09T09:05:33.093+0000][1][safepoint    ] Total time for which application threads were stopped: 0.0000708 seconds, Stopping threads took: 0.0000177 seconds
[2019-12-09T09:05:34.093+0000][1][safepoint    ] Application time: 1.0000763 seconds
[2019-12-09T09:05:34.093+0000][1][safepoint    ] Entering safepoint region: Cleanup
[2019-12-09T09:05:34.093+0000][1][safepoint    ] Leaving safepoint region
[2019-12-09T09:05:34.093+0000][1][safepoint    ] Total time for which application threads were stopped: 0.0000685 seconds, Stopping threads took: 0.0000174 seconds
[2019-12-09T09:05:35.093+0000][1][safepoint    ] Application time: 1.0000755 seconds
[2019-12-09T09:05:35.094+0000][1][safepoint    ] Entering safepoint region: Cleanup
[2019-12-09T09:05:35.094+0000][1][safepoint    ] Leaving safepoint region
[2019-12-09T09:05:35.094+0000][1][safepoint    ] Total time for which application threads were stopped: 0.0000686 seconds, Stopping threads took: 0.0000171 seconds
[2019-12-09T09:05:36.094+0000][1][safepoint    ] Application time: 1.0000755 seconds
[2019-12-09T09:05:36.094+0000][1][safepoint    ] Entering safepoint region: Cleanup
[2019-12-09T09:05:36.094+0000][1][safepoint    ] Leaving safepoint region
[2019-12-09T09:05:36.094+0000][1][safepoint    ] Total time for which application threads were stopped: 0.0000692 seconds, Stopping threads took: 0.0000169 seconds
[2019-12-09T09:05:37.094+0000][1][safepoint    ] Application time: 1.0000762 seconds
[2019-12-09T09:05:37.094+0000][1][safepoint    ] Entering safepoint region: Cleanup
[2019-12-09T09:05:37.094+0000][1][safepoint    ] Leaving safepoint region
[2019-12-09T09:05:37.094+0000][1][safepoint    ] Total time for which application threads were stopped: 0.0000701 seconds, Stopping threads took: 0.0000177 seconds
[2019-12-09T09:05:38.094+0000][1][safepoint    ] Application time: 1.0000750 seconds
[2019-12-09T09:05:38.094+0000][1][safepoint    ] Entering safepoint region: Cleanup
[2019-12-09T09:05:38.094+0000][1][safepoint    ] Leaving safepoint region
[2019-12-09T09:05:38.094+0000][1][safepoint    ] Total time for which application threads were stopped: 0.0000786 seconds, Stopping threads took: 0.0000175 seconds
[2019-12-09T09:05:39.094+0000][1][safepoint    ] Application time: 1.0000758 seconds
[2019-12-09T09:05:39.094+0000][1][safepoint    ] Entering safepoint region: Cleanup
[2019-12-09T09:05:39.094+0000][1][safepoint    ] Leaving safepoint region
[2019-12-09T09:05:39.094+0000][1][safepoint    ] Total time for which application threads were stopped: 0.0000669 seconds, Stopping threads took: 0.0000165 seconds
[2019-12-09T09:05:40.094+0000][1][safepoint    ] Application time: 1.0000755 seconds
[2019-12-09T09:05:40.094+0000][1][safepoint    ] Entering safepoint region: Cleanup
[2019-12-09T09:05:40.095+0000][1][safepoint    ] Leaving safepoint region
[2019-12-09T09:05:40.095+0000][1][safepoint    ] Total time for which application threads were stopped: 0.0000664 seconds, Stopping threads took: 0.0000165 seconds
[2019-12-09T09:05:41.095+0000][1][safepoint    ] Application time: 1.0000778 seconds
[2019-12-09T09:05:41.095+0000][1][safepoint    ] Entering safepoint region: Cleanup
[2019-12-09T09:05:41.095+0000][1][safepoint    ] Leaving safepoint region
[2019-12-09T09:05:41.095+0000][1][safepoint    ] Total time for which application threads were stopped: 0.0000684 seconds, Stopping threads took: 0.0000175 seconds
[2019-12-09T09:05:42.095+0000][1][safepoint    ] Application time: 1.0000762 seconds
[2019-12-09T09:05:42.095+0000][1][safepoint    ] Entering safepoint region: Cleanup
[2019-12-09T09:05:42.095+0000][1][safepoint    ] Leaving safepoint region
[2019-12-09T09:05:42.095+0000][1][safepoint    ] Total time for which application threads were stopped: 0.0000688 seconds, Stopping threads took: 0.0000177 seconds
[2019-12-09T09:05:43.095+0000][1][safepoint    ] Application time: 1.0000765 seconds
[2019-12-09T09:05:43.095+0000][1][safepoint    ] Entering safepoint region: Cleanup
[2019-12-09T09:05:43.095+0000][1][safepoint    ] Leaving safepoint region
[2019-12-09T09:05:43.095+0000][1][safepoint    ] Total time for which application threads were stopped: 0.0000696 seconds, Stopping threads took: 0.0000172 seconds
[2019-12-09T09:05:44.095+0000][1][safepoint    ] Application time: 1.0000781 seconds
[2019-12-09T09:05:44.095+0000][1][safepoint    ] Entering safepoint region: Cleanup
[2019-12-09T09:05:44.095+0000][1][safepoint    ] Leaving safepoint region
[2019-12-09T09:05:44.095+0000][1][safepoint    ] Total time for which application threads were stopped: 0.0000680 seconds, Stopping threads took: 0.0000172 seconds
[2019-12-09T09:05:45.095+0000][1][safepoint    ] Application time: 1.0000758 seconds
[2019-12-09T09:05:45.095+0000][1][safepoint    ] Entering safepoint region: Cleanup
[2019-12-09T09:05:45.096+0000][1][safepoint    ] Leaving safepoint region
[2019-12-09T09:05:45.096+0000][1][safepoint    ] Total time for which application threads were stopped: 0.0000846 seconds, Stopping threads took: 0.0000170 seconds
[2019-12-09T09:05:46.096+0000][1][safepoint    ] Application time: 1.0000742 seconds
[2019-12-09T09:05:46.096+0000][1][safepoint    ] Entering safepoint region: Cleanup
[2019-12-09T09:05:46.096+0000][1][safepoint    ] Leaving safepoint region
[2019-12-09T09:05:46.096+0000][1][safepoint    ] Total time for which application threads were stopped: 0.0000847 seconds, Stopping threads took: 0.0000318 seconds
[2019-12-09T09:05:47.096+0000][1][safepoint    ] Application time: 1.0000820 seconds
[2019-12-09T09:05:47.096+0000][1][safepoint    ] Entering safepoint region: Cleanup
[2019-12-09T09:05:47.096+0000][1][safepoint    ] Leaving safepoint region
[2019-12-09T09:05:47.096+0000][1][safepoint    ] Total time for which application threads were stopped: 0.0000689 seconds, Stopping threads took: 0.0000173 seconds
[2019-12-09T09:05:48.096+0000][1][safepoint    ] Application time: 1.0000805 seconds
[2019-12-09T09:05:48.096+0000][1][safepoint    ] Entering safepoint region: Cleanup
[2019-12-09T09:05:48.096+0000][1][safepoint    ] Leaving safepoint region
[2019-12-09T09:05:48.096+0000][1][safepoint    ] Total time for which application threads were stopped: 0.0000776 seconds, Stopping threads took: 0.0000181 seconds
[2019-12-09T09:05:49.096+0000][1][safepoint    ] Application time: 1.0000798 seconds
[2019-12-09T09:05:49.096+0000][1][safepoint    ] Entering safepoint region: Cleanup
[2019-12-09T09:05:49.096+0000][1][safepoint    ] Leaving safepoint region
[2019-12-09T09:05:49.096+0000][1][safepoint    ] Total time for which application threads were stopped: 0.0000685 seconds, Stopping threads took: 0.0000187 seconds
[2019-12-09T09:05:50.096+0000][1][safepoint    ] Application time: 1.0000780 seconds
[2019-12-09T09:05:50.096+0000][1][safepoint    ] Entering safepoint region: Cleanup
[2019-12-09T09:05:50.097+0000][1][safepoint    ] Leaving safepoint region
[2019-12-09T09:05:50.097+0000][1][safepoint    ] Total time for which application threads were stopped: 0.0000774 seconds, Stopping threads took: 0.0000261 seconds
[2019-12-09T09:05:51.097+0000][1][safepoint    ] Application time: 1.0000775 seconds
[2019-12-09T09:05:51.097+0000][1][safepoint    ] Entering safepoint region: Cleanup
[2019-12-09T09:05:51.097+0000][1][safepoint    ] Leaving safepoint region
[2019-12-09T09:05:51.097+0000][1][safepoint    ] Total time for which application threads were stopped: 0.0000789 seconds, Stopping threads took: 0.0000283 seconds
[2019-12-09T09:05:52.097+0000][1][safepoint    ] Application time: 1.0000806 seconds
[2019-12-09T09:05:52.097+0000][1][safepoint    ] Entering safepoint region: Cleanup
[2019-12-09T09:05:52.097+0000][1][safepoint    ] Leaving safepoint region
[2019-12-09T09:05:52.097+0000][1][safepoint    ] Total time for which application threads were stopped: 0.0000710 seconds, Stopping threads took: 0.0000184 seconds
[2019-12-09T09:05:53.097+0000][1][safepoint    ] Application time: 1.0000802 seconds
[2019-12-09T09:05:53.097+0000][1][safepoint    ] Entering safepoint region: Cleanup
[2019-12-09T09:05:53.097+0000][1][safepoint    ] Leaving safepoint region
[2019-12-09T09:05:53.097+0000][1][safepoint    ] Total time for which application threads were stopped: 0.0000707 seconds, Stopping threads took: 0.0000178 seconds
[2019-12-09T09:05:54.097+0000][1][safepoint    ] Application time: 1.0000780 seconds
[2019-12-09T09:05:54.097+0000][1][safepoint    ] Entering safepoint region: Cleanup
[2019-12-09T09:05:54.097+0000][1][safepoint    ] Leaving safepoint region
[2019-12-09T09:05:54.097+0000][1][safepoint    ] Total time for which application threads were stopped: 0.0000684 seconds, Stopping threads took: 0.0000170 seconds
[2019-12-09T09:05:55.097+0000][1][safepoint    ] Application time: 1.0000779 seconds
[2019-12-09T09:05:55.097+0000][1][safepoint    ] Entering safepoint region: Cleanup
[2019-12-09T09:05:55.098+0000][1][safepoint    ] Leaving safepoint region
[2019-12-09T09:05:55.098+0000][1][safepoint    ] Total time for which application threads were stopped: 0.0000691 seconds, Stopping threads took: 0.0000181 seconds
[2019-12-09T09:05:56.098+0000][1][safepoint    ] Application time: 1.0000791 seconds
[2019-12-09T09:05:56.098+0000][1][safepoint    ] Entering safepoint region: Cleanup
[2019-12-09T09:05:56.098+0000][1][safepoint    ] Leaving safepoint region
[2019-12-09T09:05:56.098+0000][1][safepoint    ] Total time for which application threads were stopped: 0.0000867 seconds, Stopping threads took: 0.0000170 seconds
[2019-12-09T09:05:56.466+0000][1][safepoint    ] Application time: 0.3684246 seconds
[2019-12-09T09:05:56.466+0000][1][safepoint    ] Entering safepoint region: GenCollectForAllocation
[2019-12-09T09:05:56.466+0000][1][gc,start     ] GC(85) Pause Young (Allocation Failure)
[2019-12-09T09:05:56.466+0000][1][gc,task      ] GC(85) Using 2 workers of 2 for evacuation
[2019-12-09T09:05:56.468+0000][1][gc,age       ] GC(85) Desired survivor size 4456448 bytes, new threshold 6 (max threshold 6)
[2019-12-09T09:05:56.468+0000][1][gc,age       ] GC(85) Age table with threshold 6 (max threshold 6)
[2019-12-09T09:05:56.468+0000][1][gc,age       ] GC(85) - age   1:       3136 bytes,       3136 total
[2019-12-09T09:05:56.468+0000][1][gc,heap      ] GC(85) ParNew: 69956K->4K(78656K)
[2019-12-09T09:05:56.468+0000][1][gc,heap      ] GC(85) CMS: 69465K->69465K(174784K)
[2019-12-09T09:05:56.468+0000][1][gc,metaspace ] GC(85) Metaspace: 68485K->68485K(1112064K)
[2019-12-09T09:05:56.468+0000][1][gc           ] GC(85) Pause Young (Allocation Failure) 136M->67M(247M) 1.334ms
[2019-12-09T09:05:56.468+0000][1][gc,cpu       ] GC(85) User=0.00s Sys=0.00s Real=0.00s
[2019-12-09T09:05:56.468+0000][1][safepoint    ] Leaving safepoint region
[2019-12-09T09:05:56.468+0000][1][safepoint    ] Total time for which application threads were stopped: 0.0014961 seconds, Stopping threads took: 0.0000157 seconds
[2019-12-09T09:05:57.468+0000][1][safepoint    ] Application time: 1.0000848 seconds
[2019-12-09T09:05:57.468+0000][1][safepoint    ] Entering safepoint region: Cleanup
[2019-12-09T09:05:57.468+0000][1][safepoint    ] Leaving safepoint region
[2019-12-09T09:05:57.468+0000][1][safepoint    ] Total time for which application threads were stopped: 0.0000668 seconds, Stopping threads took: 0.0000164 seconds
[2019-12-09T09:05:58.468+0000][1][safepoint    ] Application time: 1.0000755 seconds
[2019-12-09T09:05:58.468+0000][1][safepoint    ] Entering safepoint region: Cleanup
[2019-12-09T09:05:58.468+0000][1][safepoint    ] Leaving safepoint region
[2019-12-09T09:05:58.468+0000][1][safepoint    ] Total time for which application threads were stopped: 0.0000688 seconds, Stopping threads took: 0.0000170 seconds
[2019-12-09T09:05:59.468+0000][1][safepoint    ] Application time: 1.0000737 seconds
[2019-12-09T09:05:59.468+0000][1][safepoint    ] Entering safepoint region: Cleanup
[2019-12-09T09:05:59.468+0000][1][safepoint    ] Leaving safepoint region
[2019-12-09T09:05:59.468+0000][1][safepoint    ] Total time for which application threads were stopped: 0.0000681 seconds, Stopping threads took: 0.0000164 seconds
[2019-12-09T09:06:00.468+0000][1][safepoint    ] Application time: 1.0000779 seconds
[2019-12-09T09:06:00.468+0000][1][safepoint    ] Entering safepoint region: Cleanup
[2019-12-09T09:06:00.468+0000][1][safepoint    ] Leaving safepoint region
[2019-12-09T09:06:00.468+0000][1][safepoint    ] Total time for which application threads were stopped: 0.0000687 seconds, Stopping threads took: 0.0000173 seconds
[2019-12-09T09:06:01.469+0000][1][safepoint    ] Application time: 1.0000805 seconds
[2019-12-09T09:06:01.469+0000][1][safepoint    ] Entering safepoint region: Cleanup
[2019-12-09T09:06:01.469+0000][1][safepoint    ] Leaving safepoint region
[2019-12-09T09:06:01.469+0000][1][safepoint    ] Total time for which application threads were stopped: 0.0000675 seconds, Stopping threads took: 0.0000171 seconds
[2019-12-09T09:06:02.469+0000][1][safepoint    ] Application time: 1.0000863 seconds
[2019-12-09T09:06:02.469+0000][1][safepoint    ] Entering safepoint region: Cleanup
[2019-12-09T09:06:02.469+0000][1][safepoint    ] Leaving safepoint region
[2019-12-09T09:06:02.469+0000][1][safepoint    ] Total time for which application threads were stopped: 0.0000681 seconds, Stopping threads took: 0.0000165 seconds
[2019-12-09T09:06:03.469+0000][1][safepoint    ] Application time: 1.0000782 seconds
[2019-12-09T09:06:03.469+0000][1][safepoint    ] Entering safepoint region: Cleanup
[2019-12-09T09:06:03.469+0000][1][safepoint    ] Leaving safepoint region
[2019-12-09T09:06:03.469+0000][1][safepoint    ] Total time for which application threads were stopped: 0.0000705 seconds, Stopping threads took: 0.0000170 seconds
[2019-12-09T09:06:04.469+0000][1][safepoint    ] Application time: 1.0000774 seconds
[2019-12-09T09:06:04.469+0000][1][safepoint    ] Entering safepoint region: Cleanup
[2019-12-09T09:06:04.469+0000][1][safepoint    ] Leaving safepoint region
[2019-12-09T09:06:04.469+0000][1][safepoint    ] Total time for which application threads were stopped: 0.0000685 seconds, Stopping threads took: 0.0000171 seconds
[2019-12-09T09:06:05.469+0000][1][safepoint    ] Application time: 1.0000781 seconds
[2019-12-09T09:06:05.469+0000][1][safepoint    ] Entering safepoint region: Cleanup
[2019-12-09T09:06:05.469+0000][1][safepoint    ] Leaving safepoint region
[2019-12-09T09:06:05.469+0000][1][safepoint    ] Total time for which application threads were stopped: 0.0000738 seconds, Stopping threads took: 0.0000225 seconds
[2019-12-09T09:06:06.470+0000][1][safepoint    ] Application time: 1.0000760 seconds
[2019-12-09T09:06:06.470+0000][1][safepoint    ] Entering safepoint region: Cleanup
[2019-12-09T09:06:06.470+0000][1][safepoint    ] Leaving safepoint region
[2019-12-09T09:06:06.470+0000][1][safepoint    ] Total time for which application threads were stopped: 0.0000675 seconds, Stopping threads took: 0.0000157 seconds
[2019-12-09T09:06:07.470+0000][1][safepoint    ] Application time: 1.0000770 seconds
[2019-12-09T09:06:07.470+0000][1][safepoint    ] Entering safepoint region: Cleanup
[2019-12-09T09:06:07.470+0000][1][safepoint    ] Leaving safepoint region
[2019-12-09T09:06:07.470+0000][1][safepoint    ] Total time for which application threads were stopped: 0.0000682 seconds, Stopping threads took: 0.0000175 seconds
[2019-12-09T09:06:08.470+0000][1][safepoint    ] Application time: 1.0000821 seconds
[2019-12-09T09:06:08.470+0000][1][safepoint    ] Entering safepoint region: Cleanup
[2019-12-09T09:06:08.470+0000][1][safepoint    ] Leaving safepoint region
[2019-12-09T09:06:08.470+0000][1][safepoint    ] Total time for which application threads were stopped: 0.0000680 seconds, Stopping threads took: 0.0000176 seconds
[2019-12-09T09:06:09.470+0000][1][safepoint    ] Application time: 1.0000808 seconds
[2019-12-09T09:06:09.470+0000][1][safepoint    ] Entering safepoint region: Cleanup
[2019-12-09T09:06:09.470+0000][1][safepoint    ] Leaving safepoint region
[2019-12-09T09:06:09.470+0000][1][safepoint    ] Total time for which application threads were stopped: 0.0000665 seconds, Stopping threads took: 0.0000168 seconds
[2019-12-09T09:06:10.470+0000][1][safepoint    ] Application time: 1.0000765 seconds
[2019-12-09T09:06:10.470+0000][1][safepoint    ] Entering safepoint region: Cleanup
[2019-12-09T09:06:10.470+0000][1][safepoint    ] Leaving safepoint region
[2019-12-09T09:06:10.470+0000][1][safepoint    ] Total time for which application threads were stopped: 0.0000674 seconds, Stopping threads took: 0.0000171 seconds
[2019-12-09T09:06:11.470+0000][1][safepoint    ] Application time: 1.0000804 seconds
[2019-12-09T09:06:11.471+0000][1][safepoint    ] Entering safepoint region: Cleanup
[2019-12-09T09:06:11.471+0000][1][safepoint    ] Leaving safepoint region
[2019-12-09T09:06:11.471+0000][1][safepoint    ] Total time for which application threads were stopped: 0.0000667 seconds, Stopping threads took: 0.0000169 seconds
[2019-12-09T09:06:12.471+0000][1][safepoint    ] Application time: 1.0000736 seconds
[2019-12-09T09:06:12.471+0000][1][safepoint    ] Entering safepoint region: Cleanup
[2019-12-09T09:06:12.471+0000][1][safepoint    ] Leaving safepoint region
[2019-12-09T09:06:12.471+0000][1][safepoint    ] Total time for which application threads were stopped: 0.0000676 seconds, Stopping threads took: 0.0000172 seconds
[2019-12-09T09:06:13.471+0000][1][safepoint    ] Application time: 1.0000858 seconds
[2019-12-09T09:06:13.471+0000][1][safepoint    ] Entering safepoint region: Cleanup
[2019-12-09T09:06:13.471+0000][1][safepoint    ] Leaving safepoint region
[2019-12-09T09:06:13.471+0000][1][safepoint    ] Total time for which application threads were stopped: 0.0000726 seconds, Stopping threads took: 0.0000180 seconds
[2019-12-09T09:06:14.471+0000][1][safepoint    ] Application time: 1.0000789 seconds
[2019-12-09T09:06:14.471+0000][1][safepoint    ] Entering safepoint region: Cleanup
[2019-12-09T09:06:14.471+0000][1][safepoint    ] Leaving safepoint region
[2019-12-09T09:06:14.471+0000][1][safepoint    ] Total time for which application threads were stopped: 0.0000670 seconds, Stopping threads took: 0.0000158 seconds
[2019-12-09T09:06:16.123+0000][1][safepoint    ] Application time: 1.6519958 seconds
[2019-12-09T09:06:16.123+0000][1][safepoint    ] Entering safepoint region: Cleanup
[2019-12-09T09:06:16.123+0000][1][safepoint    ] Leaving safepoint region
[2019-12-09T09:06:16.123+0000][1][safepoint    ] Total time for which application threads were stopped: 0.0000881 seconds, Stopping threads took: 0.0000352 seconds
[2019-12-09T09:06:17.123+0000][1][safepoint    ] Application time: 1.0000791 seconds
[2019-12-09T09:06:17.124+0000][1][safepoint    ] Entering safepoint region: Cleanup
[2019-12-09T09:06:17.124+0000][1][safepoint    ] Leaving safepoint region
[2019-12-09T09:06:17.124+0000][1][safepoint    ] Total time for which application threads were stopped: 0.0000679 seconds, Stopping threads took: 0.0000165 seconds
[2019-12-09T09:06:18.124+0000][1][safepoint    ] Application time: 1.0000798 seconds
[2019-12-09T09:06:18.124+0000][1][safepoint    ] Entering safepoint region: Cleanup
[2019-12-09T09:06:18.124+0000][1][safepoint    ] Leaving safepoint region
[2019-12-09T09:06:18.124+0000][1][safepoint    ] Total time for which application threads were stopped: 0.0000693 seconds, Stopping threads took: 0.0000161 seconds
[2019-12-09T09:06:19.124+0000][1][safepoint    ] Application time: 1.0000841 seconds
[2019-12-09T09:06:19.124+0000][1][safepoint    ] Entering safepoint region: Cleanup
[2019-12-09T09:06:19.124+0000][1][safepoint    ] Leaving safepoint region
[2019-12-09T09:06:19.124+0000][1][safepoint    ] Total time for which application threads were stopped: 0.0000674 seconds, Stopping threads took: 0.0000161 seconds
[2019-12-09T09:06:20.124+0000][1][safepoint    ] Application time: 1.0000994 seconds
[2019-12-09T09:06:20.124+0000][1][safepoint    ] Entering safepoint region: Cleanup
[2019-12-09T09:06:20.124+0000][1][safepoint    ] Leaving safepoint region
[2019-12-09T09:06:20.124+0000][1][safepoint    ] Total time for which application threads were stopped: 0.0000986 seconds, Stopping threads took: 0.0000310 seconds
[2019-12-09T09:06:21.124+0000][1][safepoint    ] Application time: 1.0000764 seconds
[2019-12-09T09:06:21.124+0000][1][safepoint    ] Entering safepoint region: Cleanup
[2019-12-09T09:06:21.124+0000][1][safepoint    ] Leaving safepoint region
[2019-12-09T09:06:21.124+0000][1][safepoint    ] Total time for which application threads were stopped: 0.0000718 seconds, Stopping threads took: 0.0000165 seconds
[2019-12-09T09:06:22.125+0000][1][safepoint    ] Application time: 1.0000884 seconds
[2019-12-09T09:06:22.125+0000][1][safepoint    ] Entering safepoint region: Cleanup
[2019-12-09T09:06:22.125+0000][1][safepoint    ] Leaving safepoint region
[2019-12-09T09:06:22.125+0000][1][safepoint    ] Total time for which application threads were stopped: 0.0000922 seconds, Stopping threads took: 0.0000220 seconds
[2019-12-09T09:06:23.125+0000][1][safepoint    ] Application time: 1.0000746 seconds
[2019-12-09T09:06:23.125+0000][1][safepoint    ] Entering safepoint region: Cleanup
[2019-12-09T09:06:23.125+0000][1][safepoint    ] Leaving safepoint region
[2019-12-09T09:06:23.125+0000][1][safepoint    ] Total time for which application threads were stopped: 0.0000665 seconds, Stopping threads took: 0.0000162 seconds
[2019-12-09T09:06:24.125+0000][1][safepoint    ] Application time: 1.0000766 seconds
[2019-12-09T09:06:24.125+0000][1][safepoint    ] Entering safepoint region: Cleanup
[2019-12-09T09:06:24.125+0000][1][safepoint    ] Leaving safepoint region
[2019-12-09T09:06:24.125+0000][1][safepoint    ] Total time for which application threads were stopped: 0.0000663 seconds, Stopping threads took: 0.0000146 seconds
[2019-12-09T09:06:25.125+0000][1][safepoint    ] Application time: 1.0000747 seconds
[2019-12-09T09:06:25.125+0000][1][safepoint    ] Entering safepoint region: Cleanup
[2019-12-09T09:06:25.125+0000][1][safepoint    ] Leaving safepoint region
[2019-12-09T09:06:25.125+0000][1][safepoint    ] Total time for which application threads were stopped: 0.0000674 seconds, Stopping threads took: 0.0000158 seconds
[2019-12-09T09:06:26.125+0000][1][safepoint    ] Application time: 1.0000748 seconds
[2019-12-09T09:06:26.125+0000][1][safepoint    ] Entering safepoint region: Cleanup
[2019-12-09T09:06:26.125+0000][1][safepoint    ] Leaving safepoint region
[2019-12-09T09:06:26.125+0000][1][safepoint    ] Total time for which application threads were stopped: 0.0000790 seconds, Stopping threads took: 0.0000253 seconds
[2019-12-09T09:06:27.125+0000][1][safepoint    ] Application time: 1.0000741 seconds
[2019-12-09T09:06:27.125+0000][1][safepoint    ] Entering safepoint region: Cleanup
[2019-12-09T09:06:27.126+0000][1][safepoint    ] Leaving safepoint region
[2019-12-09T09:06:27.126+0000][1][safepoint    ] Total time for which application threads were stopped: 0.0000625 seconds, Stopping threads took: 0.0000155 seconds
[2019-12-09T09:06:28.126+0000][1][safepoint    ] Application time: 1.0000751 seconds
[2019-12-09T09:06:28.126+0000][1][safepoint    ] Entering safepoint region: Cleanup
[2019-12-09T09:06:28.126+0000][1][safepoint    ] Leaving safepoint region
[2019-12-09T09:06:28.126+0000][1][safepoint    ] Total time for which application threads were stopped: 0.0000776 seconds, Stopping threads took: 0.0000168 seconds
[2019-12-09T09:06:29.126+0000][1][safepoint    ] Application time: 1.0000760 seconds
[2019-12-09T09:06:29.126+0000][1][safepoint    ] Entering safepoint region: Cleanup
[2019-12-09T09:06:29.126+0000][1][safepoint    ] Leaving safepoint region
[2019-12-09T09:06:29.126+0000][1][safepoint    ] Total time for which application threads were stopped: 0.0000644 seconds, Stopping threads took: 0.0000158 seconds
[2019-12-09T09:06:30.126+0000][1][safepoint    ] Application time: 1.0000755 seconds
[2019-12-09T09:06:30.126+0000][1][safepoint    ] Entering safepoint region: Cleanup
[2019-12-09T09:06:30.126+0000][1][safepoint    ] Leaving safepoint region
[2019-12-09T09:06:30.126+0000][1][safepoint    ] Total time for which application threads were stopped: 0.0000648 seconds, Stopping threads took: 0.0000161 seconds
[2019-12-09T09:06:31.126+0000][1][safepoint    ] Application time: 1.0000767 seconds
[2019-12-09T09:06:31.126+0000][1][safepoint    ] Entering safepoint region: Cleanup
[2019-12-09T09:06:31.126+0000][1][safepoint    ] Leaving safepoint region
[2019-12-09T09:06:31.126+0000][1][safepoint    ] Total time for which application threads were stopped: 0.0000662 seconds, Stopping threads took: 0.0000165 seconds
[2019-12-09T09:06:32.126+0000][1][safepoint    ] Application time: 1.0000757 seconds
[2019-12-09T09:06:32.126+0000][1][safepoint    ] Entering safepoint region: Cleanup
[2019-12-09T09:06:32.126+0000][1][safepoint    ] Leaving safepoint region
[2019-12-09T09:06:32.126+0000][1][safepoint    ] Total time for which application threads were stopped: 0.0000669 seconds, Stopping threads took: 0.0000170 seconds
[2019-12-09T09:06:33.127+0000][1][safepoint    ] Application time: 1.0000775 seconds
[2019-12-09T09:06:33.127+0000][1][safepoint    ] Entering safepoint region: Cleanup
[2019-12-09T09:06:33.127+0000][1][safepoint    ] Leaving safepoint region
[2019-12-09T09:06:33.127+0000][1][safepoint    ] Total time for which application threads were stopped: 0.0000670 seconds, Stopping threads took: 0.0000173 seconds
[2019-12-09T09:06:34.127+0000][1][safepoint    ] Application time: 1.0000757 seconds
[2019-12-09T09:06:34.127+0000][1][safepoint    ] Entering safepoint region: Cleanup
[2019-12-09T09:06:34.127+0000][1][safepoint    ] Leaving safepoint region
[2019-12-09T09:06:34.127+0000][1][safepoint    ] Total time for which application threads were stopped: 0.0000670 seconds, Stopping threads took: 0.0000154 seconds
[2019-12-09T09:06:35.127+0000][1][safepoint    ] Application time: 1.0000751 seconds
[2019-12-09T09:06:35.127+0000][1][safepoint    ] Entering safepoint region: Cleanup
[2019-12-09T09:06:35.127+0000][1][safepoint    ] Leaving safepoint region
[2019-12-09T09:06:35.127+0000][1][safepoint    ] Total time for which application threads were stopped: 0.0000658 seconds, Stopping threads took: 0.0000167 seconds
[2019-12-09T09:06:36.127+0000][1][safepoint    ] Application time: 1.0000760 seconds
[2019-12-09T09:06:36.127+0000][1][safepoint    ] Entering safepoint region: Cleanup
[2019-12-09T09:06:36.127+0000][1][safepoint    ] Leaving safepoint region
[2019-12-09T09:06:36.127+0000][1][safepoint    ] Total time for which application threads were stopped: 0.0000738 seconds, Stopping threads took: 0.0000241 seconds
[2019-12-09T09:06:37.127+0000][1][safepoint    ] Application time: 1.0000764 seconds
[2019-12-09T09:06:37.127+0000][1][safepoint    ] Entering safepoint region: Cleanup
[2019-12-09T09:06:37.127+0000][1][safepoint    ] Leaving safepoint region
[2019-12-09T09:06:37.127+0000][1][safepoint    ] Total time for which application threads were stopped: 0.0000677 seconds, Stopping threads took: 0.0000181 seconds
[2019-12-09T09:06:38.127+0000][1][safepoint    ] Application time: 1.0000746 seconds
[2019-12-09T09:06:38.128+0000][1][safepoint    ] Entering safepoint region: Cleanup
[2019-12-09T09:06:38.128+0000][1][safepoint    ] Leaving safepoint region
[2019-12-09T09:06:38.128+0000][1][safepoint    ] Total time for which application threads were stopped: 0.0000680 seconds, Stopping threads took: 0.0000169 seconds
[2019-12-09T09:06:39.128+0000][1][safepoint    ] Application time: 1.0000760 seconds
[2019-12-09T09:06:39.128+0000][1][safepoint    ] Entering safepoint region: Cleanup
[2019-12-09T09:06:39.128+0000][1][safepoint    ] Leaving safepoint region
[2019-12-09T09:06:39.128+0000][1][safepoint    ] Total time for which application threads were stopped: 0.0000670 seconds, Stopping threads took: 0.0000163 seconds
[2019-12-09T09:06:40.128+0000][1][safepoint    ] Application time: 1.0000745 seconds
[2019-12-09T09:06:40.128+0000][1][safepoint    ] Entering safepoint region: Cleanup
[2019-12-09T09:06:40.128+0000][1][safepoint    ] Leaving safepoint region
[2019-12-09T09:06:40.128+0000][1][safepoint    ] Total time for which application threads were stopped: 0.0000667 seconds, Stopping threads took: 0.0000167 seconds
[2019-12-09T09:06:41.128+0000][1][safepoint    ] Application time: 1.0000743 seconds
[2019-12-09T09:06:41.128+0000][1][safepoint    ] Entering safepoint region: Cleanup
[2019-12-09T09:06:41.128+0000][1][safepoint    ] Leaving safepoint region
[2019-12-09T09:06:41.128+0000][1][safepoint    ] Total time for which application threads were stopped: 0.0000632 seconds, Stopping threads took: 0.0000148 seconds
[2019-12-09T09:06:42.128+0000][1][safepoint    ] Application time: 1.0000758 seconds
[2019-12-09T09:06:42.128+0000][1][safepoint    ] Entering safepoint region: Cleanup
[2019-12-09T09:06:42.128+0000][1][safepoint    ] Leaving safepoint region
[2019-12-09T09:06:42.128+0000][1][safepoint    ] Total time for which application threads were stopped: 0.0000667 seconds, Stopping threads took: 0.0000170 seconds
[2019-12-09T09:06:43.128+0000][1][safepoint    ] Application time: 1.0000752 seconds
[2019-12-09T09:06:43.128+0000][1][safepoint    ] Entering safepoint region: Cleanup
[2019-12-09T09:06:43.128+0000][1][safepoint    ] Leaving safepoint region
[2019-12-09T09:06:43.129+0000][1][safepoint    ] Total time for which application threads were stopped: 0.0000690 seconds, Stopping threads took: 0.0000164 seconds
[2019-12-09T09:06:44.129+0000][1][safepoint    ] Application time: 1.0000763 seconds
[2019-12-09T09:06:44.129+0000][1][safepoint    ] Entering safepoint region: Cleanup
[2019-12-09T09:06:44.129+0000][1][safepoint    ] Leaving safepoint region
[2019-12-09T09:06:44.129+0000][1][safepoint    ] Total time for which application threads were stopped: 0.0000797 seconds, Stopping threads took: 0.0000154 seconds
[2019-12-09T09:06:45.129+0000][1][safepoint    ] Application time: 1.0000756 seconds
[2019-12-09T09:06:45.129+0000][1][safepoint    ] Entering safepoint region: Cleanup
[2019-12-09T09:06:45.129+0000][1][safepoint    ] Leaving safepoint region
[2019-12-09T09:06:45.129+0000][1][safepoint    ] Total time for which application threads were stopped: 0.0000663 seconds, Stopping threads took: 0.0000162 seconds
[2019-12-09T09:06:46.129+0000][1][safepoint    ] Application time: 1.0000818 seconds
[2019-12-09T09:06:46.129+0000][1][safepoint    ] Entering safepoint region: Cleanup
[2019-12-09T09:06:46.129+0000][1][safepoint    ] Leaving safepoint region
[2019-12-09T09:06:46.129+0000][1][safepoint    ] Total time for which application threads were stopped: 0.0000841 seconds, Stopping threads took: 0.0000173 seconds
[2019-12-09T09:06:47.129+0000][1][safepoint    ] Application time: 1.0000875 seconds
[2019-12-09T09:06:47.129+0000][1][safepoint    ] Entering safepoint region: Cleanup
[2019-12-09T09:06:47.129+0000][1][safepoint    ] Leaving safepoint region
[2019-12-09T09:06:47.129+0000][1][safepoint    ] Total time for which application threads were stopped: 0.0000706 seconds, Stopping threads took: 0.0000187 seconds
[2019-12-09T09:06:48.129+0000][1][safepoint    ] Application time: 1.0000780 seconds
[2019-12-09T09:06:48.129+0000][1][safepoint    ] Entering safepoint region: Cleanup
[2019-12-09T09:06:48.129+0000][1][safepoint    ] Leaving safepoint region
[2019-12-09T09:06:48.129+0000][1][safepoint    ] Total time for which application threads were stopped: 0.0000674 seconds, Stopping threads took: 0.0000165 seconds
[2019-12-09T09:06:49.130+0000][1][safepoint    ] Application time: 1.0000786 seconds
[2019-12-09T09:06:49.130+0000][1][safepoint    ] Entering safepoint region: Cleanup
[2019-12-09T09:06:49.130+0000][1][safepoint    ] Leaving safepoint region
[2019-12-09T09:06:49.130+0000][1][safepoint    ] Total time for which application threads were stopped: 0.0000667 seconds, Stopping threads took: 0.0000172 seconds
[2019-12-09T09:06:50.130+0000][1][safepoint    ] Application time: 1.0000835 seconds
[2019-12-09T09:06:50.130+0000][1][safepoint    ] Entering safepoint region: Cleanup
[2019-12-09T09:06:50.130+0000][1][safepoint    ] Leaving safepoint region
[2019-12-09T09:06:50.130+0000][1][safepoint    ] Total time for which application threads were stopped: 0.0000760 seconds, Stopping threads took: 0.0000243 seconds
[2019-12-09T09:06:51.130+0000][1][safepoint    ] Application time: 1.0000785 seconds
[2019-12-09T09:06:51.130+0000][1][safepoint    ] Entering safepoint region: Cleanup
[2019-12-09T09:06:51.130+0000][1][safepoint    ] Leaving safepoint region
[2019-12-09T09:06:51.130+0000][1][safepoint    ] Total time for which application threads were stopped: 0.0000665 seconds, Stopping threads took: 0.0000168 seconds
[2019-12-09T09:06:52.130+0000][1][safepoint    ] Application time: 1.0000848 seconds
[2019-12-09T09:06:52.130+0000][1][safepoint    ] Entering safepoint region: Cleanup
[2019-12-09T09:06:52.130+0000][1][safepoint    ] Leaving safepoint region
[2019-12-09T09:06:52.130+0000][1][safepoint    ] Total time for which application threads were stopped: 0.0000671 seconds, Stopping threads took: 0.0000161 seconds
[2019-12-09T09:06:53.130+0000][1][safepoint    ] Application time: 1.0000790 seconds
[2019-12-09T09:06:53.130+0000][1][safepoint    ] Entering safepoint region: Cleanup
[2019-12-09T09:06:53.130+0000][1][safepoint    ] Leaving safepoint region
[2019-12-09T09:06:53.130+0000][1][safepoint    ] Total time for which application threads were stopped: 0.0000683 seconds, Stopping threads took: 0.0000176 seconds
[2019-12-09T09:06:54.131+0000][1][safepoint    ] Application time: 1.0000767 seconds
[2019-12-09T09:06:54.131+0000][1][safepoint    ] Entering safepoint region: Cleanup
[2019-12-09T09:06:54.131+0000][1][safepoint    ] Leaving safepoint region
[2019-12-09T09:06:54.131+0000][1][safepoint    ] Total time for which application threads were stopped: 0.0000636 seconds, Stopping threads took: 0.0000157 seconds
[2019-12-09T09:06:55.131+0000][1][safepoint    ] Application time: 1.0000744 seconds
[2019-12-09T09:06:55.131+0000][1][safepoint    ] Entering safepoint region: Cleanup
[2019-12-09T09:06:55.131+0000][1][safepoint    ] Leaving safepoint region
[2019-12-09T09:06:55.131+0000][1][safepoint    ] Total time for which application threads were stopped: 0.0000660 seconds, Stopping threads took: 0.0000158 seconds
[2019-12-09T09:06:56.131+0000][1][safepoint    ] Application time: 1.0000783 seconds
[2019-12-09T09:06:56.131+0000][1][safepoint    ] Entering safepoint region: Cleanup
[2019-12-09T09:06:56.131+0000][1][safepoint    ] Leaving safepoint region
[2019-12-09T09:06:56.131+0000][1][safepoint    ] Total time for which application threads were stopped: 0.0000769 seconds, Stopping threads took: 0.0000171 seconds
[2019-12-09T09:06:57.131+0000][1][safepoint    ] Application time: 1.0000757 seconds
[2019-12-09T09:06:57.131+0000][1][safepoint    ] Entering safepoint region: Cleanup
[2019-12-09T09:06:57.131+0000][1][safepoint    ] Leaving safepoint region
[2019-12-09T09:06:57.131+0000][1][safepoint    ] Total time for which application threads were stopped: 0.0000680 seconds, Stopping threads took: 0.0000171 seconds
[2019-12-09T09:06:58.131+0000][1][safepoint    ] Application time: 1.0000779 seconds
[2019-12-09T09:06:58.131+0000][1][safepoint    ] Entering safepoint region: Cleanup
[2019-12-09T09:06:58.131+0000][1][safepoint    ] Leaving safepoint region
[2019-12-09T09:06:58.131+0000][1][safepoint    ] Total time for which application threads were stopped: 0.0000642 seconds, Stopping threads took: 0.0000161 seconds
[2019-12-09T09:06:59.131+0000][1][safepoint    ] Application time: 1.0000765 seconds
[2019-12-09T09:06:59.131+0000][1][safepoint    ] Entering safepoint region: Cleanup
[2019-12-09T09:06:59.132+0000][1][safepoint    ] Leaving safepoint region
[2019-12-09T09:06:59.132+0000][1][safepoint    ] Total time for which application threads were stopped: 0.0000672 seconds, Stopping threads took: 0.0000173 seconds
[2019-12-09T09:07:00.132+0000][1][safepoint    ] Application time: 1.0000762 seconds
[2019-12-09T09:07:00.132+0000][1][safepoint    ] Entering safepoint region: Cleanup
[2019-12-09T09:07:00.132+0000][1][safepoint    ] Leaving safepoint region
[2019-12-09T09:07:00.132+0000][1][safepoint    ] Total time for which application threads were stopped: 0.0000750 seconds, Stopping threads took: 0.0000156 seconds
[2019-12-09T09:07:01.132+0000][1][safepoint    ] Application time: 1.0000776 seconds
[2019-12-09T09:07:01.132+0000][1][safepoint    ] Entering safepoint region: Cleanup
[2019-12-09T09:07:01.132+0000][1][safepoint    ] Leaving safepoint region
[2019-12-09T09:07:01.132+0000][1][safepoint    ] Total time for which application threads were stopped: 0.0000660 seconds, Stopping threads took: 0.0000164 seconds
[2019-12-09T09:07:02.132+0000][1][safepoint    ] Application time: 1.0000775 seconds
[2019-12-09T09:07:02.132+0000][1][safepoint    ] Entering safepoint region: Cleanup
[2019-12-09T09:07:02.132+0000][1][safepoint    ] Leaving safepoint region
[2019-12-09T09:07:02.132+0000][1][safepoint    ] Total time for which application threads were stopped: 0.0000690 seconds, Stopping threads took: 0.0000171 seconds
[2019-12-09T09:07:03.132+0000][1][safepoint    ] Application time: 1.0000745 seconds
[2019-12-09T09:07:03.132+0000][1][safepoint    ] Entering safepoint region: Cleanup
[2019-12-09T09:07:03.132+0000][1][safepoint    ] Leaving safepoint region
[2019-12-09T09:07:03.132+0000][1][safepoint    ] Total time for which application threads were stopped: 0.0000676 seconds, Stopping threads took: 0.0000168 seconds
[2019-12-09T09:07:04.132+0000][1][safepoint    ] Application time: 1.0000747 seconds
[2019-12-09T09:07:04.132+0000][1][safepoint    ] Entering safepoint region: Cleanup
[2019-12-09T09:07:04.132+0000][1][safepoint    ] Leaving safepoint region
[2019-12-09T09:07:04.132+0000][1][safepoint    ] Total time for which application threads were stopped: 0.0000701 seconds, Stopping threads took: 0.0000167 seconds
[2019-12-09T09:07:05.133+0000][1][safepoint    ] Application time: 1.0000755 seconds
[2019-12-09T09:07:05.133+0000][1][safepoint    ] Entering safepoint region: Cleanup
[2019-12-09T09:07:05.133+0000][1][safepoint    ] Leaving safepoint region
[2019-12-09T09:07:05.133+0000][1][safepoint    ] Total time for which application threads were stopped: 0.0000682 seconds, Stopping threads took: 0.0000179 seconds
[2019-12-09T09:07:06.133+0000][1][safepoint    ] Application time: 1.0000762 seconds
[2019-12-09T09:07:06.133+0000][1][safepoint    ] Entering safepoint region: Cleanup
[2019-12-09T09:07:06.133+0000][1][safepoint    ] Leaving safepoint region
[2019-12-09T09:07:06.133+0000][1][safepoint    ] Total time for which application threads were stopped: 0.0000767 seconds, Stopping threads took: 0.0000169 seconds
[2019-12-09T09:07:07.133+0000][1][safepoint    ] Application time: 1.0000751 seconds
[2019-12-09T09:07:07.133+0000][1][safepoint    ] Entering safepoint region: Cleanup
[2019-12-09T09:07:07.133+0000][1][safepoint    ] Leaving safepoint region
[2019-12-09T09:07:07.133+0000][1][safepoint    ] Total time for which application threads were stopped: 0.0000680 seconds, Stopping threads took: 0.0000176 seconds
[2019-12-09T09:07:08.133+0000][1][safepoint    ] Application time: 1.0000758 seconds
[2019-12-09T09:07:08.133+0000][1][safepoint    ] Entering safepoint region: Cleanup
[2019-12-09T09:07:08.133+0000][1][safepoint    ] Leaving safepoint region
[2019-12-09T09:07:08.133+0000][1][safepoint    ] Total time for which application threads were stopped: 0.0000680 seconds, Stopping threads took: 0.0000176 seconds
[2019-12-09T09:07:09.133+0000][1][safepoint    ] Application time: 1.0000765 seconds
[2019-12-09T09:07:09.133+0000][1][safepoint    ] Entering safepoint region: Cleanup
[2019-12-09T09:07:09.133+0000][1][safepoint    ] Leaving safepoint region
[2019-12-09T09:07:09.133+0000][1][safepoint    ] Total time for which application threads were stopped: 0.0000666 seconds, Stopping threads took: 0.0000165 seconds
[2019-12-09T09:07:10.134+0000][1][safepoint    ] Application time: 1.0000761 seconds
[2019-12-09T09:07:10.134+0000][1][safepoint    ] Entering safepoint region: Cleanup
[2019-12-09T09:07:10.134+0000][1][safepoint    ] Leaving safepoint region
[2019-12-09T09:07:10.134+0000][1][safepoint    ] Total time for which application threads were stopped: 0.0000673 seconds, Stopping threads took: 0.0000178 seconds
[2019-12-09T09:07:11.134+0000][1][safepoint    ] Application time: 1.0000825 seconds
[2019-12-09T09:07:11.134+0000][1][safepoint    ] Entering safepoint region: Cleanup
[2019-12-09T09:07:11.134+0000][1][safepoint    ] Leaving safepoint region
[2019-12-09T09:07:11.134+0000][1][safepoint    ] Total time for which application threads were stopped: 0.0000661 seconds, Stopping threads took: 0.0000167 seconds
[2019-12-09T09:07:12.134+0000][1][safepoint    ] Application time: 1.0000801 seconds
[2019-12-09T09:07:12.134+0000][1][safepoint    ] Entering safepoint region: Cleanup
[2019-12-09T09:07:12.134+0000][1][safepoint    ] Leaving safepoint region
[2019-12-09T09:07:12.134+0000][1][safepoint    ] Total time for which application threads were stopped: 0.0000699 seconds, Stopping threads took: 0.0000181 seconds
[2019-12-09T09:07:13.134+0000][1][safepoint    ] Application time: 1.0000778 seconds
[2019-12-09T09:07:13.134+0000][1][safepoint    ] Entering safepoint region: Cleanup
[2019-12-09T09:07:13.134+0000][1][safepoint    ] Leaving safepoint region
[2019-12-09T09:07:13.134+0000][1][safepoint    ] Total time for which application threads were stopped: 0.0000694 seconds, Stopping threads took: 0.0000180 seconds
[2019-12-09T09:07:14.134+0000][1][safepoint    ] Application time: 1.0000769 seconds
[2019-12-09T09:07:14.134+0000][1][safepoint    ] Entering safepoint region: Cleanup
[2019-12-09T09:07:14.134+0000][1][safepoint    ] Leaving safepoint region
[2019-12-09T09:07:14.134+0000][1][safepoint    ] Total time for which application threads were stopped: 0.0000669 seconds, Stopping threads took: 0.0000175 seconds
[2019-12-09T09:07:15.134+0000][1][safepoint    ] Application time: 1.0000737 seconds
[2019-12-09T09:07:15.135+0000][1][safepoint    ] Entering safepoint region: Cleanup
[2019-12-09T09:07:15.135+0000][1][safepoint    ] Leaving safepoint region
[2019-12-09T09:07:15.135+0000][1][safepoint    ] Total time for which application threads were stopped: 0.0000872 seconds, Stopping threads took: 0.0000164 seconds
[2019-12-09T09:07:16.135+0000][1][safepoint    ] Application time: 1.0000859 seconds
[2019-12-09T09:07:16.135+0000][1][safepoint    ] Entering safepoint region: Cleanup
[2019-12-09T09:07:16.135+0000][1][safepoint    ] Leaving safepoint region
[2019-12-09T09:07:16.135+0000][1][safepoint    ] Total time for which application threads were stopped: 0.0000675 seconds, Stopping threads took: 0.0000173 seconds
[2019-12-09T09:07:17.135+0000][1][safepoint    ] Application time: 1.0000788 seconds
[2019-12-09T09:07:17.135+0000][1][safepoint    ] Entering safepoint region: Cleanup
[2019-12-09T09:07:17.135+0000][1][safepoint    ] Leaving safepoint region
[2019-12-09T09:07:17.135+0000][1][safepoint    ] Total time for which application threads were stopped: 0.0000682 seconds, Stopping threads took: 0.0000179 seconds
[2019-12-09T09:07:18.135+0000][1][safepoint    ] Application time: 1.0000795 seconds
[2019-12-09T09:07:18.135+0000][1][safepoint    ] Entering safepoint region: Cleanup
[2019-12-09T09:07:18.135+0000][1][safepoint    ] Leaving safepoint region
[2019-12-09T09:07:18.135+0000][1][safepoint    ] Total time for which application threads were stopped: 0.0000657 seconds, Stopping threads took: 0.0000164 seconds
[2019-12-09T09:07:19.135+0000][1][safepoint    ] Application time: 1.0000780 seconds
[2019-12-09T09:07:19.135+0000][1][safepoint    ] Entering safepoint region: Cleanup
[2019-12-09T09:07:19.135+0000][1][safepoint    ] Leaving safepoint region
[2019-12-09T09:07:19.135+0000][1][safepoint    ] Total time for which application threads were stopped: 0.0000862 seconds, Stopping threads took: 0.0000186 seconds
[2019-12-09T09:07:20.135+0000][1][safepoint    ] Application time: 1.0000775 seconds
[2019-12-09T09:07:20.136+0000][1][safepoint    ] Entering safepoint region: Cleanup
[2019-12-09T09:07:20.136+0000][1][safepoint    ] Leaving safepoint region
[2019-12-09T09:07:20.136+0000][1][safepoint    ] Total time for which application threads were stopped: 0.0000761 seconds, Stopping threads took: 0.0000243 seconds
[2019-12-09T09:07:21.136+0000][1][safepoint    ] Application time: 1.0000767 seconds
[2019-12-09T09:07:21.136+0000][1][safepoint    ] Entering safepoint region: Cleanup
[2019-12-09T09:07:21.136+0000][1][safepoint    ] Leaving safepoint region
[2019-12-09T09:07:21.136+0000][1][safepoint    ] Total time for which application threads were stopped: 0.0000694 seconds, Stopping threads took: 0.0000179 seconds
[2019-12-09T09:07:22.136+0000][1][safepoint    ] Application time: 1.0000851 seconds
[2019-12-09T09:07:22.136+0000][1][safepoint    ] Entering safepoint region: Cleanup
[2019-12-09T09:07:22.136+0000][1][safepoint    ] Leaving safepoint region
[2019-12-09T09:07:22.136+0000][1][safepoint    ] Total time for which application threads were stopped: 0.0000676 seconds, Stopping threads took: 0.0000170 seconds
[2019-12-09T09:07:23.136+0000][1][safepoint    ] Application time: 1.0000793 seconds
[2019-12-09T09:07:23.136+0000][1][safepoint    ] Entering safepoint region: Cleanup
[2019-12-09T09:07:23.136+0000][1][safepoint    ] Leaving safepoint region
[2019-12-09T09:07:23.136+0000][1][safepoint    ] Total time for which application threads were stopped: 0.0000700 seconds, Stopping threads took: 0.0000183 seconds
[2019-12-09T09:07:24.136+0000][1][safepoint    ] Application time: 1.0000777 seconds
[2019-12-09T09:07:24.136+0000][1][safepoint    ] Entering safepoint region: Cleanup
[2019-12-09T09:07:24.136+0000][1][safepoint    ] Leaving safepoint region
[2019-12-09T09:07:24.136+0000][1][safepoint    ] Total time for which application threads were stopped: 0.0000655 seconds, Stopping threads took: 0.0000158 seconds
[2019-12-09T09:07:25.136+0000][1][safepoint    ] Application time: 1.0000762 seconds
[2019-12-09T09:07:25.137+0000][1][safepoint    ] Entering safepoint region: Cleanup
[2019-12-09T09:07:25.137+0000][1][safepoint    ] Leaving safepoint region
[2019-12-09T09:07:25.137+0000][1][safepoint    ] Total time for which application threads were stopped: 0.0000669 seconds, Stopping threads took: 0.0000166 seconds
[2019-12-09T09:07:26.137+0000][1][safepoint    ] Application time: 1.0000766 seconds
[2019-12-09T09:07:26.137+0000][1][safepoint    ] Entering safepoint region: Cleanup
[2019-12-09T09:07:26.137+0000][1][safepoint    ] Leaving safepoint region
[2019-12-09T09:07:26.137+0000][1][safepoint    ] Total time for which application threads were stopped: 0.0000681 seconds, Stopping threads took: 0.0000173 seconds
[2019-12-09T09:07:27.137+0000][1][safepoint    ] Application time: 1.0000774 seconds
[2019-12-09T09:07:27.137+0000][1][safepoint    ] Entering safepoint region: Cleanup
[2019-12-09T09:07:27.137+0000][1][safepoint    ] Leaving safepoint region
[2019-12-09T09:07:27.137+0000][1][safepoint    ] Total time for which application threads were stopped: 0.0000654 seconds, Stopping threads took: 0.0000165 seconds
[2019-12-09T09:07:28.137+0000][1][safepoint    ] Application time: 1.0000784 seconds
[2019-12-09T09:07:28.137+0000][1][safepoint    ] Entering safepoint region: Cleanup
[2019-12-09T09:07:28.137+0000][1][safepoint    ] Leaving safepoint region
[2019-12-09T09:07:28.137+0000][1][safepoint    ] Total time for which application threads were stopped: 0.0000714 seconds, Stopping threads took: 0.0000177 seconds
[2019-12-09T09:07:29.137+0000][1][safepoint    ] Application time: 1.0000756 seconds
[2019-12-09T09:07:29.137+0000][1][safepoint    ] Entering safepoint region: Cleanup
[2019-12-09T09:07:29.137+0000][1][safepoint    ] Leaving safepoint region
[2019-12-09T09:07:29.137+0000][1][safepoint    ] Total time for which application threads were stopped: 0.0000654 seconds, Stopping threads took: 0.0000160 seconds
[2019-12-09T09:07:30.137+0000][1][safepoint    ] Application time: 1.0000760 seconds
[2019-12-09T09:07:30.137+0000][1][safepoint    ] Entering safepoint region: Cleanup
[2019-12-09T09:07:30.138+0000][1][safepoint    ] Leaving safepoint region
[2019-12-09T09:07:30.138+0000][1][safepoint    ] Total time for which application threads were stopped: 0.0000680 seconds, Stopping threads took: 0.0000167 seconds
[2019-12-09T09:07:31.138+0000][1][safepoint    ] Application time: 1.0000747 seconds
[2019-12-09T09:07:31.138+0000][1][safepoint    ] Entering safepoint region: Cleanup
[2019-12-09T09:07:31.138+0000][1][safepoint    ] Leaving safepoint region
[2019-12-09T09:07:31.138+0000][1][safepoint    ] Total time for which application threads were stopped: 0.0000788 seconds, Stopping threads took: 0.0000157 seconds
[2019-12-09T09:07:32.138+0000][1][safepoint    ] Application time: 1.0000789 seconds
[2019-12-09T09:07:32.138+0000][1][safepoint    ] Entering safepoint region: Cleanup
[2019-12-09T09:07:32.138+0000][1][safepoint    ] Leaving safepoint region
[2019-12-09T09:07:32.138+0000][1][safepoint    ] Total time for which application threads were stopped: 0.0000645 seconds, Stopping threads took: 0.0000166 seconds
[2019-12-09T09:07:33.138+0000][1][safepoint    ] Application time: 1.0000769 seconds
[2019-12-09T09:07:33.138+0000][1][safepoint    ] Entering safepoint region: Cleanup
[2019-12-09T09:07:33.138+0000][1][safepoint    ] Leaving safepoint region
[2019-12-09T09:07:33.138+0000][1][safepoint    ] Total time for which application threads were stopped: 0.0000690 seconds, Stopping threads took: 0.0000171 seconds
[2019-12-09T09:07:34.138+0000][1][safepoint    ] Application time: 1.0000740 seconds
[2019-12-09T09:07:34.138+0000][1][safepoint    ] Entering safepoint region: Cleanup
[2019-12-09T09:07:34.138+0000][1][safepoint    ] Leaving safepoint region
[2019-12-09T09:07:34.138+0000][1][safepoint    ] Total time for which application threads were stopped: 0.0000786 seconds, Stopping threads took: 0.0000257 seconds
[2019-12-09T09:07:35.138+0000][1][safepoint    ] Application time: 1.0000747 seconds
[2019-12-09T09:07:35.138+0000][1][safepoint    ] Entering safepoint region: Cleanup
[2019-12-09T09:07:35.139+0000][1][safepoint    ] Leaving safepoint region
[2019-12-09T09:07:35.139+0000][1][safepoint    ] Total time for which application threads were stopped: 0.0000662 seconds, Stopping threads took: 0.0000159 seconds
[2019-12-09T09:07:36.139+0000][1][safepoint    ] Application time: 1.0000756 seconds
[2019-12-09T09:07:36.139+0000][1][safepoint    ] Entering safepoint region: Cleanup
[2019-12-09T09:07:36.139+0000][1][safepoint    ] Leaving safepoint region
[2019-12-09T09:07:36.139+0000][1][safepoint    ] Total time for which application threads were stopped: 0.0000781 seconds, Stopping threads took: 0.0000167 seconds
[2019-12-09T09:07:37.139+0000][1][safepoint    ] Application time: 1.0000760 seconds
[2019-12-09T09:07:37.139+0000][1][safepoint    ] Entering safepoint region: Cleanup
[2019-12-09T09:07:37.139+0000][1][safepoint    ] Leaving safepoint region
[2019-12-09T09:07:37.139+0000][1][safepoint    ] Total time for which application threads were stopped: 0.0000668 seconds, Stopping threads took: 0.0000160 seconds
[2019-12-09T09:07:38.139+0000][1][safepoint    ] Application time: 1.0000760 seconds
[2019-12-09T09:07:38.139+0000][1][safepoint    ] Entering safepoint region: Cleanup
[2019-12-09T09:07:38.139+0000][1][safepoint    ] Leaving safepoint region
[2019-12-09T09:07:38.139+0000][1][safepoint    ] Total time for which application threads were stopped: 0.0000686 seconds, Stopping threads took: 0.0000163 seconds
[2019-12-09T09:07:39.139+0000][1][safepoint    ] Application time: 1.0000752 seconds
[2019-12-09T09:07:39.139+0000][1][safepoint    ] Entering safepoint region: Cleanup
[2019-12-09T09:07:39.139+0000][1][safepoint    ] Leaving safepoint region
[2019-12-09T09:07:39.139+0000][1][safepoint    ] Total time for which application threads were stopped: 0.0000669 seconds, Stopping threads took: 0.0000165 seconds
[2019-12-09T09:07:40.139+0000][1][safepoint    ] Application time: 1.0000754 seconds
[2019-12-09T09:07:40.139+0000][1][safepoint    ] Entering safepoint region: Cleanup
[2019-12-09T09:07:40.139+0000][1][safepoint    ] Leaving safepoint region
[2019-12-09T09:07:40.139+0000][1][safepoint    ] Total time for which application threads were stopped: 0.0000652 seconds, Stopping threads took: 0.0000165 seconds
[2019-12-09T09:07:41.140+0000][1][safepoint    ] Application time: 1.0000748 seconds
[2019-12-09T09:07:41.140+0000][1][safepoint    ] Entering safepoint region: Cleanup
[2019-12-09T09:07:41.140+0000][1][safepoint    ] Leaving safepoint region
[2019-12-09T09:07:41.140+0000][1][safepoint    ] Total time for which application threads were stopped: 0.0000681 seconds, Stopping threads took: 0.0000171 seconds
[2019-12-09T09:07:42.140+0000][1][safepoint    ] Application time: 1.0000875 seconds
[2019-12-09T09:07:42.140+0000][1][safepoint    ] Entering safepoint region: Cleanup
[2019-12-09T09:07:42.140+0000][1][safepoint    ] Leaving safepoint region
[2019-12-09T09:07:42.140+0000][1][safepoint    ] Total time for which application threads were stopped: 0.0000681 seconds, Stopping threads took: 0.0000162 seconds
[2019-12-09T09:07:43.140+0000][1][safepoint    ] Application time: 1.0000770 seconds
[2019-12-09T09:07:43.140+0000][1][safepoint    ] Entering safepoint region: Cleanup
[2019-12-09T09:07:43.140+0000][1][safepoint    ] Leaving safepoint region
[2019-12-09T09:07:43.140+0000][1][safepoint    ] Total time for which application threads were stopped: 0.0000670 seconds, Stopping threads took: 0.0000166 seconds
[2019-12-09T09:07:44.140+0000][1][safepoint    ] Application time: 1.0000633 seconds
[2019-12-09T09:07:44.140+0000][1][safepoint    ] Entering safepoint region: Cleanup
[2019-12-09T09:07:44.140+0000][1][safepoint    ] Leaving safepoint region
[2019-12-09T09:07:44.140+0000][1][safepoint    ] Total time for which application threads were stopped: 0.0000688 seconds, Stopping threads took: 0.0000178 seconds
[2019-12-09T09:07:45.140+0000][1][safepoint    ] Application time: 1.0000743 seconds
[2019-12-09T09:07:45.140+0000][1][safepoint    ] Entering safepoint region: Cleanup
[2019-12-09T09:07:45.140+0000][1][safepoint    ] Leaving safepoint region
[2019-12-09T09:07:45.140+0000][1][safepoint    ] Total time for which application threads were stopped: 0.0000859 seconds, Stopping threads took: 0.0000340 seconds
[2019-12-09T09:07:46.141+0000][1][safepoint    ] Application time: 1.0000747 seconds
[2019-12-09T09:07:46.141+0000][1][safepoint    ] Entering safepoint region: Cleanup
[2019-12-09T09:07:46.141+0000][1][safepoint    ] Leaving safepoint region
[2019-12-09T09:07:46.141+0000][1][safepoint    ] Total time for which application threads were stopped: 0.0000774 seconds, Stopping threads took: 0.0000164 seconds
[2019-12-09T09:07:47.141+0000][1][safepoint    ] Application time: 1.0000818 seconds
[2019-12-09T09:07:47.141+0000][1][safepoint    ] Entering safepoint region: Cleanup
[2019-12-09T09:07:47.141+0000][1][safepoint    ] Leaving safepoint region
[2019-12-09T09:07:47.141+0000][1][safepoint    ] Total time for which application threads were stopped: 0.0000688 seconds, Stopping threads took: 0.0000166 seconds
[2019-12-09T09:07:48.141+0000][1][safepoint    ] Application time: 1.0000761 seconds
[2019-12-09T09:07:48.141+0000][1][safepoint    ] Entering safepoint region: Cleanup
[2019-12-09T09:07:48.141+0000][1][safepoint    ] Leaving safepoint region
[2019-12-09T09:07:48.141+0000][1][safepoint    ] Total time for which application threads were stopped: 0.0000688 seconds, Stopping threads took: 0.0000162 seconds
[2019-12-09T09:07:49.141+0000][1][safepoint    ] Application time: 1.0000778 seconds
[2019-12-09T09:07:49.141+0000][1][safepoint    ] Entering safepoint region: Cleanup
[2019-12-09T09:07:49.141+0000][1][safepoint    ] Leaving safepoint region
[2019-12-09T09:07:49.141+0000][1][safepoint    ] Total time for which application threads were stopped: 0.0000681 seconds, Stopping threads took: 0.0000176 seconds
[2019-12-09T09:07:50.141+0000][1][safepoint    ] Application time: 1.0000761 seconds
[2019-12-09T09:07:50.141+0000][1][safepoint    ] Entering safepoint region: Cleanup
[2019-12-09T09:07:50.141+0000][1][safepoint    ] Leaving safepoint region
[2019-12-09T09:07:50.141+0000][1][safepoint    ] Total time for which application threads were stopped: 0.0000775 seconds, Stopping threads took: 0.0000256 seconds
[2019-12-09T09:07:51.142+0000][1][safepoint    ] Application time: 1.0000791 seconds
[2019-12-09T09:07:51.142+0000][1][safepoint    ] Entering safepoint region: Cleanup
[2019-12-09T09:07:51.142+0000][1][safepoint    ] Leaving safepoint region
[2019-12-09T09:07:51.142+0000][1][safepoint    ] Total time for which application threads were stopped: 0.0000697 seconds, Stopping threads took: 0.0000177 seconds
[2019-12-09T09:07:52.142+0000][1][safepoint    ] Application time: 1.0000802 seconds
[2019-12-09T09:07:52.142+0000][1][safepoint    ] Entering safepoint region: Cleanup
[2019-12-09T09:07:52.142+0000][1][safepoint    ] Leaving safepoint region
[2019-12-09T09:07:52.142+0000][1][safepoint    ] Total time for which application threads were stopped: 0.0000670 seconds, Stopping threads took: 0.0000165 seconds
[2019-12-09T09:07:53.142+0000][1][safepoint    ] Application time: 1.0000790 seconds
[2019-12-09T09:07:53.142+0000][1][safepoint    ] Entering safepoint region: Cleanup
[2019-12-09T09:07:53.142+0000][1][safepoint    ] Leaving safepoint region
[2019-12-09T09:07:53.142+0000][1][safepoint    ] Total time for which application threads were stopped: 0.0000676 seconds, Stopping threads took: 0.0000188 seconds
[2019-12-09T09:07:54.142+0000][1][safepoint    ] Application time: 1.0000790 seconds
[2019-12-09T09:07:54.142+0000][1][safepoint    ] Entering safepoint region: Cleanup
[2019-12-09T09:07:54.142+0000][1][safepoint    ] Leaving safepoint region
[2019-12-09T09:07:54.142+0000][1][safepoint    ] Total time for which application threads were stopped: 0.0000677 seconds, Stopping threads took: 0.0000171 seconds
[2019-12-09T09:07:55.142+0000][1][safepoint    ] Application time: 1.0000811 seconds
[2019-12-09T09:07:55.142+0000][1][safepoint    ] Entering safepoint region: Cleanup
[2019-12-09T09:07:55.142+0000][1][safepoint    ] Leaving safepoint region
[2019-12-09T09:07:55.142+0000][1][safepoint    ] Total time for which application threads were stopped: 0.0000696 seconds, Stopping threads took: 0.0000186 seconds
[2019-12-09T09:07:56.142+0000][1][safepoint    ] Application time: 1.0000775 seconds
[2019-12-09T09:07:56.143+0000][1][safepoint    ] Entering safepoint region: Cleanup
[2019-12-09T09:07:56.143+0000][1][safepoint    ] Leaving safepoint region
[2019-12-09T09:07:56.143+0000][1][safepoint    ] Total time for which application threads were stopped: 0.0000681 seconds, Stopping threads took: 0.0000164 seconds
[2019-12-09T09:07:56.452+0000][1][safepoint    ] Application time: 0.3090832 seconds
[2019-12-09T09:07:56.452+0000][1][safepoint    ] Entering safepoint region: GenCollectForAllocation
[2019-12-09T09:07:56.452+0000][1][gc,start     ] GC(86) Pause Young (Allocation Failure)
[2019-12-09T09:07:56.452+0000][1][gc,task      ] GC(86) Using 2 workers of 2 for evacuation
[2019-12-09T09:07:56.453+0000][1][gc,age       ] GC(86) Desired survivor size 4456448 bytes, new threshold 6 (max threshold 6)
[2019-12-09T09:07:56.453+0000][1][gc,age       ] GC(86) Age table with threshold 6 (max threshold 6)
[2019-12-09T09:07:56.453+0000][1][gc,age       ] GC(86) - age   1:       4072 bytes,       4072 total
[2019-12-09T09:07:56.453+0000][1][gc,age       ] GC(86) - age   2:        104 bytes,       4176 total
[2019-12-09T09:07:56.453+0000][1][gc,heap      ] GC(86) ParNew: 69956K->6K(78656K)
[2019-12-09T09:07:56.453+0000][1][gc,heap      ] GC(86) CMS: 69465K->69465K(174784K)
[2019-12-09T09:07:56.453+0000][1][gc,metaspace ] GC(86) Metaspace: 68485K->68485K(1112064K)
[2019-12-09T09:07:56.453+0000][1][gc           ] GC(86) Pause Young (Allocation Failure) 136M->67M(247M) 1.372ms
[2019-12-09T09:07:56.453+0000][1][gc,cpu       ] GC(86) User=0.01s Sys=0.00s Real=0.00s
[2019-12-09T09:07:56.453+0000][1][safepoint    ] Leaving safepoint region
[2019-12-09T09:07:56.453+0000][1][safepoint    ] Total time for which application threads were stopped: 0.0015044 seconds, Stopping threads took: 0.0000154 seconds
[2019-12-09T09:07:57.453+0000][1][safepoint    ] Application time: 1.0000840 seconds
[2019-12-09T09:07:57.453+0000][1][safepoint    ] Entering safepoint region: Cleanup
[2019-12-09T09:07:57.453+0000][1][safepoint    ] Leaving safepoint region
[2019-12-09T09:07:57.453+0000][1][safepoint    ] Total time for which application threads were stopped: 0.0000680 seconds, Stopping threads took: 0.0000171 seconds
[2019-12-09T09:07:58.453+0000][1][safepoint    ] Application time: 1.0000745 seconds
[2019-12-09T09:07:58.454+0000][1][safepoint    ] Entering safepoint region: Cleanup
[2019-12-09T09:07:58.454+0000][1][safepoint    ] Leaving safepoint region
[2019-12-09T09:07:58.454+0000][1][safepoint    ] Total time for which application threads were stopped: 0.0000680 seconds, Stopping threads took: 0.0000164 seconds
[2019-12-09T09:07:59.454+0000][1][safepoint    ] Application time: 1.0000746 seconds
[2019-12-09T09:07:59.454+0000][1][safepoint    ] Entering safepoint region: Cleanup
[2019-12-09T09:07:59.454+0000][1][safepoint    ] Leaving safepoint region
[2019-12-09T09:07:59.454+0000][1][safepoint    ] Total time for which application threads were stopped: 0.0000655 seconds, Stopping threads took: 0.0000164 seconds
[2019-12-09T09:08:00.454+0000][1][safepoint    ] Application time: 1.0000748 seconds
[2019-12-09T09:08:00.454+0000][1][safepoint    ] Entering safepoint region: Cleanup
[2019-12-09T09:08:00.454+0000][1][safepoint    ] Leaving safepoint region
[2019-12-09T09:08:00.454+0000][1][safepoint    ] Total time for which application threads were stopped: 0.0000647 seconds, Stopping threads took: 0.0000157 seconds
[2019-12-09T09:08:01.454+0000][1][safepoint    ] Application time: 1.0000867 seconds
[2019-12-09T09:08:01.454+0000][1][safepoint    ] Entering safepoint region: Cleanup
[2019-12-09T09:08:01.454+0000][1][safepoint    ] Leaving safepoint region
[2019-12-09T09:08:01.454+0000][1][safepoint    ] Total time for which application threads were stopped: 0.0001206 seconds, Stopping threads took: 0.0000617 seconds
[2019-12-09T09:08:02.454+0000][1][safepoint    ] Application time: 1.0000840 seconds
[2019-12-09T09:08:02.454+0000][1][safepoint    ] Entering safepoint region: Cleanup
[2019-12-09T09:08:02.454+0000][1][safepoint    ] Leaving safepoint region
[2019-12-09T09:08:02.454+0000][1][safepoint    ] Total time for which application threads were stopped: 0.0000670 seconds, Stopping threads took: 0.0000172 seconds
[2019-12-09T09:08:03.455+0000][1][safepoint    ] Application time: 1.0000776 seconds
[2019-12-09T09:08:03.455+0000][1][safepoint    ] Entering safepoint region: Cleanup
[2019-12-09T09:08:03.455+0000][1][safepoint    ] Leaving safepoint region
[2019-12-09T09:08:03.455+0000][1][safepoint    ] Total time for which application threads were stopped: 0.0000768 seconds, Stopping threads took: 0.0000263 seconds
[2019-12-09T09:08:04.455+0000][1][safepoint    ] Application time: 1.0000834 seconds
[2019-12-09T09:08:04.455+0000][1][safepoint    ] Entering safepoint region: Cleanup
[2019-12-09T09:08:04.455+0000][1][safepoint    ] Leaving safepoint region
[2019-12-09T09:08:04.455+0000][1][safepoint    ] Total time for which application threads were stopped: 0.0000671 seconds, Stopping threads took: 0.0000170 seconds
[2019-12-09T09:08:05.455+0000][1][safepoint    ] Application time: 1.0000790 seconds
[2019-12-09T09:08:05.455+0000][1][safepoint    ] Entering safepoint region: Cleanup
[2019-12-09T09:08:05.455+0000][1][safepoint    ] Leaving safepoint region
[2019-12-09T09:08:05.455+0000][1][safepoint    ] Total time for which application threads were stopped: 0.0000690 seconds, Stopping threads took: 0.0000164 seconds
[2019-12-09T09:08:06.455+0000][1][safepoint    ] Application time: 1.0000759 seconds
[2019-12-09T09:08:06.455+0000][1][safepoint    ] Entering safepoint region: Cleanup
[2019-12-09T09:08:06.455+0000][1][safepoint    ] Leaving safepoint region
[2019-12-09T09:08:06.455+0000][1][safepoint    ] Total time for which application threads were stopped: 0.0000661 seconds, Stopping threads took: 0.0000165 seconds
[2019-12-09T09:08:07.455+0000][1][safepoint    ] Application time: 1.0000797 seconds
[2019-12-09T09:08:07.455+0000][1][safepoint    ] Entering safepoint region: Cleanup
[2019-12-09T09:08:07.455+0000][1][safepoint    ] Leaving safepoint region
[2019-12-09T09:08:07.455+0000][1][safepoint    ] Total time for which application threads were stopped: 0.0000682 seconds, Stopping threads took: 0.0000164 seconds
[2019-12-09T09:08:08.455+0000][1][safepoint    ] Application time: 1.0000757 seconds
[2019-12-09T09:08:08.455+0000][1][safepoint    ] Entering safepoint region: Cleanup
[2019-12-09T09:08:08.456+0000][1][safepoint    ] Leaving safepoint region
[2019-12-09T09:08:08.456+0000][1][safepoint    ] Total time for which application threads were stopped: 0.0000769 seconds, Stopping threads took: 0.0000176 seconds
[2019-12-09T09:08:09.456+0000][1][safepoint    ] Application time: 1.0000788 seconds
[2019-12-09T09:08:09.456+0000][1][safepoint    ] Entering safepoint region: Cleanup
[2019-12-09T09:08:09.456+0000][1][safepoint    ] Leaving safepoint region
[2019-12-09T09:08:09.456+0000][1][safepoint    ] Total time for which application threads were stopped: 0.0000781 seconds, Stopping threads took: 0.0000264 seconds
[2019-12-09T09:08:10.456+0000][1][safepoint    ] Application time: 1.0000760 seconds
[2019-12-09T09:08:10.456+0000][1][safepoint    ] Entering safepoint region: Cleanup
[2019-12-09T09:08:10.456+0000][1][safepoint    ] Leaving safepoint region
[2019-12-09T09:08:10.456+0000][1][safepoint    ] Total time for which application threads were stopped: 0.0000664 seconds, Stopping threads took: 0.0000163 seconds
[2019-12-09T09:08:11.456+0000][1][safepoint    ] Application time: 1.0000771 seconds
[2019-12-09T09:08:11.456+0000][1][safepoint    ] Entering safepoint region: Cleanup
[2019-12-09T09:08:11.456+0000][1][safepoint    ] Leaving safepoint region
[2019-12-09T09:08:11.456+0000][1][safepoint    ] Total time for which application threads were stopped: 0.0000689 seconds, Stopping threads took: 0.0000169 seconds
[2019-12-09T09:08:12.456+0000][1][safepoint    ] Application time: 1.0000760 seconds
[2019-12-09T09:08:12.456+0000][1][safepoint    ] Entering safepoint region: Cleanup
[2019-12-09T09:08:12.456+0000][1][safepoint    ] Leaving safepoint region
[2019-12-09T09:08:12.456+0000][1][safepoint    ] Total time for which application threads were stopped: 0.0000681 seconds, Stopping threads took: 0.0000172 seconds
[2019-12-09T09:08:13.456+0000][1][safepoint    ] Application time: 1.0000788 seconds
[2019-12-09T09:08:13.456+0000][1][safepoint    ] Entering safepoint region: Cleanup
[2019-12-09T09:08:13.457+0000][1][safepoint    ] Leaving safepoint region
[2019-12-09T09:08:13.457+0000][1][safepoint    ] Total time for which application threads were stopped: 0.0000816 seconds, Stopping threads took: 0.0000295 seconds
[2019-12-09T09:08:14.457+0000][1][safepoint    ] Application time: 1.0000764 seconds
[2019-12-09T09:08:14.457+0000][1][safepoint    ] Entering safepoint region: Cleanup
[2019-12-09T09:08:14.457+0000][1][safepoint    ] Leaving safepoint region
[2019-12-09T09:08:14.457+0000][1][safepoint    ] Total time for which application threads were stopped: 0.0000782 seconds, Stopping threads took: 0.0000174 seconds
[2019-12-09T09:08:15.457+0000][1][safepoint    ] Application time: 1.0000754 seconds
[2019-12-09T09:08:15.457+0000][1][safepoint    ] Entering safepoint region: Cleanup
[2019-12-09T09:08:15.457+0000][1][safepoint    ] Leaving safepoint region
[2019-12-09T09:08:15.457+0000][1][safepoint    ] Total time for which application threads were stopped: 0.0000660 seconds, Stopping threads took: 0.0000168 seconds
[2019-12-09T09:08:16.457+0000][1][safepoint    ] Application time: 1.0000756 seconds
[2019-12-09T09:08:16.457+0000][1][safepoint    ] Entering safepoint region: Cleanup
[2019-12-09T09:08:16.457+0000][1][safepoint    ] Leaving safepoint region
[2019-12-09T09:08:16.457+0000][1][safepoint    ] Total time for which application threads were stopped: 0.0000656 seconds, Stopping threads took: 0.0000149 seconds
[2019-12-09T09:08:17.457+0000][1][safepoint    ] Application time: 1.0000775 seconds
[2019-12-09T09:08:17.457+0000][1][safepoint    ] Entering safepoint region: Cleanup
[2019-12-09T09:08:17.457+0000][1][safepoint    ] Leaving safepoint region
[2019-12-09T09:08:17.457+0000][1][safepoint    ] Total time for which application threads were stopped: 0.0000651 seconds, Stopping threads took: 0.0000163 seconds
[2019-12-09T09:08:18.457+0000][1][safepoint    ] Application time: 1.0000746 seconds
[2019-12-09T09:08:18.457+0000][1][safepoint    ] Entering safepoint region: Cleanup
[2019-12-09T09:08:18.457+0000][1][safepoint    ] Leaving safepoint region
[2019-12-09T09:08:18.457+0000][1][safepoint    ] Total time for which application threads were stopped: 0.0000658 seconds, Stopping threads took: 0.0000155 seconds
[2019-12-09T09:08:19.462+0000][1][safepoint    ] Application time: 1.0042776 seconds
[2019-12-09T09:08:19.462+0000][1][safepoint    ] Entering safepoint region: Cleanup
[2019-12-09T09:08:19.462+0000][1][safepoint    ] Leaving safepoint region
[2019-12-09T09:08:19.462+0000][1][safepoint    ] Total time for which application threads were stopped: 0.0001388 seconds, Stopping threads took: 0.0000604 seconds
[2019-12-09T09:08:20.462+0000][1][safepoint    ] Application time: 1.0000804 seconds
[2019-12-09T09:08:20.462+0000][1][safepoint    ] Entering safepoint region: Cleanup
[2019-12-09T09:08:20.462+0000][1][safepoint    ] Leaving safepoint region
[2019-12-09T09:08:20.462+0000][1][safepoint    ] Total time for which application threads were stopped: 0.0000868 seconds, Stopping threads took: 0.0000243 seconds
[2019-12-09T09:08:21.462+0000][1][safepoint    ] Application time: 1.0000822 seconds
[2019-12-09T09:08:21.462+0000][1][safepoint    ] Entering safepoint region: Cleanup
[2019-12-09T09:08:21.462+0000][1][safepoint    ] Leaving safepoint region
[2019-12-09T09:08:21.462+0000][1][safepoint    ] Total time for which application threads were stopped: 0.0000748 seconds, Stopping threads took: 0.0000164 seconds
[2019-12-09T09:08:22.462+0000][1][safepoint    ] Application time: 1.0000842 seconds
[2019-12-09T09:08:22.462+0000][1][safepoint    ] Entering safepoint region: Cleanup
[2019-12-09T09:08:22.462+0000][1][safepoint    ] Leaving safepoint region
[2019-12-09T09:08:22.462+0000][1][safepoint    ] Total time for which application threads were stopped: 0.0000666 seconds, Stopping threads took: 0.0000156 seconds
[2019-12-09T09:08:23.463+0000][1][safepoint    ] Application time: 1.0000765 seconds
[2019-12-09T09:08:23.463+0000][1][safepoint    ] Entering safepoint region: Cleanup
[2019-12-09T09:08:23.463+0000][1][safepoint    ] Leaving safepoint region
[2019-12-09T09:08:23.463+0000][1][safepoint    ] Total time for which application threads were stopped: 0.0000893 seconds, Stopping threads took: 0.0000162 seconds
[2019-12-09T09:08:24.463+0000][1][safepoint    ] Application time: 1.0000761 seconds
[2019-12-09T09:08:24.463+0000][1][safepoint    ] Entering safepoint region: Cleanup
[2019-12-09T09:08:24.463+0000][1][safepoint    ] Leaving safepoint region
[2019-12-09T09:08:24.463+0000][1][safepoint    ] Total time for which application threads were stopped: 0.0000683 seconds, Stopping threads took: 0.0000157 seconds
[2019-12-09T09:08:25.463+0000][1][safepoint    ] Application time: 1.0000742 seconds
[2019-12-09T09:08:25.463+0000][1][safepoint    ] Entering safepoint region: Cleanup
[2019-12-09T09:08:25.463+0000][1][safepoint    ] Leaving safepoint region
[2019-12-09T09:08:25.463+0000][1][safepoint    ] Total time for which application threads were stopped: 0.0000716 seconds, Stopping threads took: 0.0000174 seconds
[2019-12-09T09:08:26.463+0000][1][safepoint    ] Application time: 1.0000853 seconds
[2019-12-09T09:08:26.463+0000][1][safepoint    ] Entering safepoint region: Cleanup
[2019-12-09T09:08:26.463+0000][1][safepoint    ] Leaving safepoint region
[2019-12-09T09:08:26.463+0000][1][safepoint    ] Total time for which application threads were stopped: 0.0001083 seconds, Stopping threads took: 0.0000497 seconds
[2019-12-09T09:08:27.463+0000][1][safepoint    ] Application time: 1.0000836 seconds
[2019-12-09T09:08:27.463+0000][1][safepoint    ] Entering safepoint region: Cleanup
[2019-12-09T09:08:27.463+0000][1][safepoint    ] Leaving safepoint region
[2019-12-09T09:08:27.464+0000][1][safepoint    ] Total time for which application threads were stopped: 0.0000665 seconds, Stopping threads took: 0.0000170 seconds
[2019-12-09T09:08:28.464+0000][1][safepoint    ] Application time: 1.0000783 seconds
[2019-12-09T09:08:28.464+0000][1][safepoint    ] Entering safepoint region: Cleanup
[2019-12-09T09:08:28.464+0000][1][safepoint    ] Leaving safepoint region
[2019-12-09T09:08:28.464+0000][1][safepoint    ] Total time for which application threads were stopped: 0.0000777 seconds, Stopping threads took: 0.0000166 seconds
[2019-12-09T09:08:29.464+0000][1][safepoint    ] Application time: 1.0000759 seconds
[2019-12-09T09:08:29.464+0000][1][safepoint    ] Entering safepoint region: Cleanup
[2019-12-09T09:08:29.464+0000][1][safepoint    ] Leaving safepoint region
[2019-12-09T09:08:29.464+0000][1][safepoint    ] Total time for which application threads were stopped: 0.0000640 seconds, Stopping threads took: 0.0000163 seconds
[2019-12-09T09:08:30.464+0000][1][safepoint    ] Application time: 1.0000753 seconds
[2019-12-09T09:08:30.464+0000][1][safepoint    ] Entering safepoint region: Cleanup
[2019-12-09T09:08:30.464+0000][1][safepoint    ] Leaving safepoint region
[2019-12-09T09:08:30.464+0000][1][safepoint    ] Total time for which application threads were stopped: 0.0000682 seconds, Stopping threads took: 0.0000160 seconds
[2019-12-09T09:08:31.464+0000][1][safepoint    ] Application time: 1.0000821 seconds
[2019-12-09T09:08:31.464+0000][1][safepoint    ] Entering safepoint region: Cleanup
[2019-12-09T09:08:31.464+0000][1][safepoint    ] Leaving safepoint region
[2019-12-09T09:08:31.464+0000][1][safepoint    ] Total time for which application threads were stopped: 0.0001009 seconds, Stopping threads took: 0.0000448 seconds
[2019-12-09T09:08:32.464+0000][1][safepoint    ] Application time: 1.0000845 seconds
[2019-12-09T09:08:32.464+0000][1][safepoint    ] Entering safepoint region: Cleanup
[2019-12-09T09:08:32.464+0000][1][safepoint    ] Leaving safepoint region
[2019-12-09T09:08:32.464+0000][1][safepoint    ] Total time for which application threads were stopped: 0.0000665 seconds, Stopping threads took: 0.0000156 seconds
[2019-12-09T09:08:33.465+0000][1][safepoint    ] Application time: 1.0000767 seconds
[2019-12-09T09:08:33.465+0000][1][safepoint    ] Entering safepoint region: Cleanup
[2019-12-09T09:08:33.465+0000][1][safepoint    ] Leaving safepoint region
[2019-12-09T09:08:33.465+0000][1][safepoint    ] Total time for which application threads were stopped: 0.0000836 seconds, Stopping threads took: 0.0000164 seconds
[2019-12-09T09:08:34.465+0000][1][safepoint    ] Application time: 1.0000743 seconds
[2019-12-09T09:08:34.465+0000][1][safepoint    ] Entering safepoint region: Cleanup
[2019-12-09T09:08:34.465+0000][1][safepoint    ] Leaving safepoint region
[2019-12-09T09:08:34.465+0000][1][safepoint    ] Total time for which application threads were stopped: 0.0000667 seconds, Stopping threads took: 0.0000169 seconds
[2019-12-09T09:08:35.465+0000][1][safepoint    ] Application time: 1.0000831 seconds
[2019-12-09T09:08:35.465+0000][1][safepoint    ] Entering safepoint region: Cleanup
[2019-12-09T09:08:35.465+0000][1][safepoint    ] Leaving safepoint region
[2019-12-09T09:08:35.465+0000][1][safepoint    ] Total time for which application threads were stopped: 0.0000660 seconds, Stopping threads took: 0.0000165 seconds
[2019-12-09T09:08:36.465+0000][1][safepoint    ] Application time: 1.0000742 seconds
[2019-12-09T09:08:36.465+0000][1][safepoint    ] Entering safepoint region: Cleanup
[2019-12-09T09:08:36.465+0000][1][safepoint    ] Leaving safepoint region
[2019-12-09T09:08:36.465+0000][1][safepoint    ] Total time for which application threads were stopped: 0.0000629 seconds, Stopping threads took: 0.0000152 seconds
[2019-12-09T09:08:37.465+0000][1][safepoint    ] Application time: 1.0000750 seconds
[2019-12-09T09:08:37.465+0000][1][safepoint    ] Entering safepoint region: Cleanup
[2019-12-09T09:08:37.465+0000][1][safepoint    ] Leaving safepoint region
[2019-12-09T09:08:37.465+0000][1][safepoint    ] Total time for which application threads were stopped: 0.0000652 seconds, Stopping threads took: 0.0000161 seconds
[2019-12-09T09:08:38.465+0000][1][safepoint    ] Application time: 1.0000750 seconds
[2019-12-09T09:08:38.466+0000][1][safepoint    ] Entering safepoint region: Cleanup
[2019-12-09T09:08:38.466+0000][1][safepoint    ] Leaving safepoint region
[2019-12-09T09:08:38.466+0000][1][safepoint    ] Total time for which application threads were stopped: 0.0000696 seconds, Stopping threads took: 0.0000174 seconds
[2019-12-09T09:08:39.466+0000][1][safepoint    ] Application time: 1.0000780 seconds
[2019-12-09T09:08:39.466+0000][1][safepoint    ] Entering safepoint region: Cleanup
[2019-12-09T09:08:39.466+0000][1][safepoint    ] Leaving safepoint region
[2019-12-09T09:08:39.466+0000][1][safepoint    ] Total time for which application threads were stopped: 0.0000642 seconds, Stopping threads took: 0.0000163 seconds
[2019-12-09T09:08:40.466+0000][1][safepoint    ] Application time: 1.0000751 seconds
[2019-12-09T09:08:40.466+0000][1][safepoint    ] Entering safepoint region: Cleanup
[2019-12-09T09:08:40.466+0000][1][safepoint    ] Leaving safepoint region
[2019-12-09T09:08:40.466+0000][1][safepoint    ] Total time for which application threads were stopped: 0.0000678 seconds, Stopping threads took: 0.0000171 seconds
[2019-12-09T09:08:41.466+0000][1][safepoint    ] Application time: 1.0000773 seconds
[2019-12-09T09:08:41.466+0000][1][safepoint    ] Entering safepoint region: Cleanup
[2019-12-09T09:08:41.466+0000][1][safepoint    ] Leaving safepoint region
[2019-12-09T09:08:41.466+0000][1][safepoint    ] Total time for which application threads were stopped: 0.0000673 seconds, Stopping threads took: 0.0000166 seconds
[2019-12-09T09:08:42.466+0000][1][safepoint    ] Application time: 1.0000819 seconds
[2019-12-09T09:08:42.466+0000][1][safepoint    ] Entering safepoint region: Cleanup
[2019-12-09T09:08:42.466+0000][1][safepoint    ] Leaving safepoint region
[2019-12-09T09:08:42.466+0000][1][safepoint    ] Total time for which application threads were stopped: 0.0000680 seconds, Stopping threads took: 0.0000174 seconds
[2019-12-09T09:08:43.466+0000][1][safepoint    ] Application time: 1.0000760 seconds
[2019-12-09T09:08:43.466+0000][1][safepoint    ] Entering safepoint region: Cleanup
[2019-12-09T09:08:43.467+0000][1][safepoint    ] Leaving safepoint region
[2019-12-09T09:08:43.467+0000][1][safepoint    ] Total time for which application threads were stopped: 0.0000738 seconds, Stopping threads took: 0.0000178 seconds
[2019-12-09T09:08:44.467+0000][1][safepoint    ] Application time: 1.0000771 seconds
[2019-12-09T09:08:44.467+0000][1][safepoint    ] Entering safepoint region: Cleanup
[2019-12-09T09:08:44.467+0000][1][safepoint    ] Leaving safepoint region
[2019-12-09T09:08:44.467+0000][1][safepoint    ] Total time for which application threads were stopped: 0.0000880 seconds, Stopping threads took: 0.0000171 seconds
[2019-12-09T09:08:45.467+0000][1][safepoint    ] Application time: 1.0000761 seconds
[2019-12-09T09:08:45.467+0000][1][safepoint    ] Entering safepoint region: Cleanup
[2019-12-09T09:08:45.467+0000][1][safepoint    ] Leaving safepoint region
[2019-12-09T09:08:45.467+0000][1][safepoint    ] Total time for which application threads were stopped: 0.0000692 seconds, Stopping threads took: 0.0000179 seconds
[2019-12-09T09:08:46.467+0000][1][safepoint    ] Application time: 1.0000783 seconds
[2019-12-09T09:08:46.467+0000][1][safepoint    ] Entering safepoint region: Cleanup
[2019-12-09T09:08:46.467+0000][1][safepoint    ] Leaving safepoint region
[2019-12-09T09:08:46.467+0000][1][safepoint    ] Total time for which application threads were stopped: 0.0000649 seconds, Stopping threads took: 0.0000163 seconds
[2019-12-09T09:08:47.467+0000][1][safepoint    ] Application time: 1.0000758 seconds
[2019-12-09T09:08:47.467+0000][1][safepoint    ] Entering safepoint region: Cleanup
[2019-12-09T09:08:47.467+0000][1][safepoint    ] Leaving safepoint region
[2019-12-09T09:08:47.467+0000][1][safepoint    ] Total time for which application threads were stopped: 0.0000661 seconds, Stopping threads took: 0.0000161 seconds
[2019-12-09T09:08:48.467+0000][1][safepoint    ] Application time: 1.0000759 seconds
[2019-12-09T09:08:48.467+0000][1][safepoint    ] Entering safepoint region: Cleanup
[2019-12-09T09:08:48.467+0000][1][safepoint    ] Leaving safepoint region
[2019-12-09T09:08:48.467+0000][1][safepoint    ] Total time for which application threads were stopped: 0.0000672 seconds, Stopping threads took: 0.0000171 seconds
[2019-12-09T09:08:49.468+0000][1][safepoint    ] Application time: 1.0000770 seconds
[2019-12-09T09:08:49.468+0000][1][safepoint    ] Entering safepoint region: Cleanup
[2019-12-09T09:08:49.468+0000][1][safepoint    ] Leaving safepoint region
[2019-12-09T09:08:49.468+0000][1][safepoint    ] Total time for which application threads were stopped: 0.0000690 seconds, Stopping threads took: 0.0000174 seconds
[2019-12-09T09:08:50.468+0000][1][safepoint    ] Application time: 1.0000764 seconds
[2019-12-09T09:08:50.468+0000][1][safepoint    ] Entering safepoint region: Cleanup
[2019-12-09T09:08:50.468+0000][1][safepoint    ] Leaving safepoint region
[2019-12-09T09:08:50.468+0000][1][safepoint    ] Total time for which application threads were stopped: 0.0000751 seconds, Stopping threads took: 0.0000239 seconds
[2019-12-09T09:08:51.468+0000][1][safepoint    ] Application time: 1.0000765 seconds
[2019-12-09T09:08:51.468+0000][1][safepoint    ] Entering safepoint region: Cleanup
[2019-12-09T09:08:51.468+0000][1][safepoint    ] Leaving safepoint region
[2019-12-09T09:08:51.468+0000][1][safepoint    ] Total time for which application threads were stopped: 0.0000665 seconds, Stopping threads took: 0.0000168 seconds
[2019-12-09T09:08:52.468+0000][1][safepoint    ] Application time: 1.0000775 seconds
[2019-12-09T09:08:52.468+0000][1][safepoint    ] Entering safepoint region: Cleanup
[2019-12-09T09:08:52.468+0000][1][safepoint    ] Leaving safepoint region
[2019-12-09T09:08:52.468+0000][1][safepoint    ] Total time for which application threads were stopped: 0.0000679 seconds, Stopping threads took: 0.0000164 seconds
[2019-12-09T09:08:53.468+0000][1][safepoint    ] Application time: 1.0000763 seconds
[2019-12-09T09:08:53.468+0000][1][safepoint    ] Entering safepoint region: Cleanup
[2019-12-09T09:08:53.468+0000][1][safepoint    ] Leaving safepoint region
[2019-12-09T09:08:53.468+0000][1][safepoint    ] Total time for which application threads were stopped: 0.0000684 seconds, Stopping threads took: 0.0000155 seconds
[2019-12-09T09:08:54.468+0000][1][safepoint    ] Application time: 1.0000769 seconds
[2019-12-09T09:08:54.469+0000][1][safepoint    ] Entering safepoint region: Cleanup
[2019-12-09T09:08:54.469+0000][1][safepoint    ] Leaving safepoint region
[2019-12-09T09:08:54.469+0000][1][safepoint    ] Total time for which application threads were stopped: 0.0000679 seconds, Stopping threads took: 0.0000158 seconds
[2019-12-09T09:08:55.469+0000][1][safepoint    ] Application time: 1.0000754 seconds
[2019-12-09T09:08:55.469+0000][1][safepoint    ] Entering safepoint region: Cleanup
[2019-12-09T09:08:55.469+0000][1][safepoint    ] Leaving safepoint region
[2019-12-09T09:08:55.469+0000][1][safepoint    ] Total time for which application threads were stopped: 0.0000677 seconds, Stopping threads took: 0.0000169 seconds
[2019-12-09T09:08:56.469+0000][1][safepoint    ] Application time: 1.0000765 seconds
[2019-12-09T09:08:56.469+0000][1][safepoint    ] Entering safepoint region: Cleanup
[2019-12-09T09:08:56.469+0000][1][safepoint    ] Leaving safepoint region
[2019-12-09T09:08:56.469+0000][1][safepoint    ] Total time for which application threads were stopped: 0.0000651 seconds, Stopping threads took: 0.0000156 seconds
[2019-12-09T09:08:57.469+0000][1][safepoint    ] Application time: 1.0000775 seconds
[2019-12-09T09:08:57.469+0000][1][safepoint    ] Entering safepoint region: Cleanup
[2019-12-09T09:08:57.469+0000][1][safepoint    ] Leaving safepoint region
[2019-12-09T09:08:57.469+0000][1][safepoint    ] Total time for which application threads were stopped: 0.0000692 seconds, Stopping threads took: 0.0000166 seconds
[2019-12-09T09:08:58.469+0000][1][safepoint    ] Application time: 1.0000775 seconds
[2019-12-09T09:08:58.469+0000][1][safepoint    ] Entering safepoint region: Cleanup
[2019-12-09T09:08:58.469+0000][1][safepoint    ] Leaving safepoint region
[2019-12-09T09:08:58.469+0000][1][safepoint    ] Total time for which application threads were stopped: 0.0000703 seconds, Stopping threads took: 0.0000181 seconds
[2019-12-09T09:08:59.469+0000][1][safepoint    ] Application time: 1.0000767 seconds
[2019-12-09T09:08:59.469+0000][1][safepoint    ] Entering safepoint region: Cleanup
[2019-12-09T09:08:59.470+0000][1][safepoint    ] Leaving safepoint region
[2019-12-09T09:08:59.470+0000][1][safepoint    ] Total time for which application threads were stopped: 0.0000676 seconds, Stopping threads took: 0.0000164 seconds
[2019-12-09T09:09:00.470+0000][1][safepoint    ] Application time: 1.0000766 seconds
[2019-12-09T09:09:00.470+0000][1][safepoint    ] Entering safepoint region: Cleanup
[2019-12-09T09:09:00.470+0000][1][safepoint    ] Leaving safepoint region
[2019-12-09T09:09:00.470+0000][1][safepoint    ] Total time for which application threads were stopped: 0.0000780 seconds, Stopping threads took: 0.0000166 seconds
[2019-12-09T09:09:01.470+0000][1][safepoint    ] Application time: 1.0000863 seconds
[2019-12-09T09:09:01.470+0000][1][safepoint    ] Entering safepoint region: Cleanup
[2019-12-09T09:09:01.470+0000][1][safepoint    ] Leaving safepoint region
[2019-12-09T09:09:01.470+0000][1][safepoint    ] Total time for which application threads were stopped: 0.0000938 seconds, Stopping threads took: 0.0000245 seconds
[2019-12-09T09:09:02.470+0000][1][safepoint    ] Application time: 1.0000794 seconds
[2019-12-09T09:09:02.470+0000][1][safepoint    ] Entering safepoint region: Cleanup
[2019-12-09T09:09:02.470+0000][1][safepoint    ] Leaving safepoint region
[2019-12-09T09:09:02.470+0000][1][safepoint    ] Total time for which application threads were stopped: 0.0000682 seconds, Stopping threads took: 0.0000164 seconds
[2019-12-09T09:09:03.470+0000][1][safepoint    ] Application time: 1.0000777 seconds
[2019-12-09T09:09:03.470+0000][1][safepoint    ] Entering safepoint region: Cleanup
[2019-12-09T09:09:03.470+0000][1][safepoint    ] Leaving safepoint region
[2019-12-09T09:09:03.470+0000][1][safepoint    ] Total time for which application threads were stopped: 0.0000672 seconds, Stopping threads took: 0.0000165 seconds
[2019-12-09T09:09:04.470+0000][1][safepoint    ] Application time: 1.0000765 seconds
[2019-12-09T09:09:04.470+0000][1][safepoint    ] Entering safepoint region: Cleanup
[2019-12-09T09:09:04.471+0000][1][safepoint    ] Leaving safepoint region
[2019-12-09T09:09:04.471+0000][1][safepoint    ] Total time for which application threads were stopped: 0.0000665 seconds, Stopping threads took: 0.0000167 seconds
[2019-12-09T09:09:05.471+0000][1][safepoint    ] Application time: 1.0000769 seconds
[2019-12-09T09:09:05.471+0000][1][safepoint    ] Entering safepoint region: Cleanup
[2019-12-09T09:09:05.471+0000][1][safepoint    ] Leaving safepoint region
[2019-12-09T09:09:05.471+0000][1][safepoint    ] Total time for which application threads were stopped: 0.0000776 seconds, Stopping threads took: 0.0000265 seconds
[2019-12-09T09:09:06.471+0000][1][safepoint    ] Application time: 1.0000766 seconds
[2019-12-09T09:09:06.471+0000][1][safepoint    ] Entering safepoint region: Cleanup
[2019-12-09T09:09:06.471+0000][1][safepoint    ] Leaving safepoint region
[2019-12-09T09:09:06.471+0000][1][safepoint    ] Total time for which application threads were stopped: 0.0000674 seconds, Stopping threads took: 0.0000168 seconds
[2019-12-09T09:09:07.471+0000][1][safepoint    ] Application time: 1.0000760 seconds
[2019-12-09T09:09:07.471+0000][1][safepoint    ] Entering safepoint region: Cleanup
[2019-12-09T09:09:07.471+0000][1][safepoint    ] Leaving safepoint region
[2019-12-09T09:09:07.471+0000][1][safepoint    ] Total time for which application threads were stopped: 0.0000663 seconds, Stopping threads took: 0.0000165 seconds
[2019-12-09T09:09:08.471+0000][1][safepoint    ] Application time: 1.0000764 seconds
[2019-12-09T09:09:08.471+0000][1][safepoint    ] Entering safepoint region: Cleanup
[2019-12-09T09:09:08.471+0000][1][safepoint    ] Leaving safepoint region
[2019-12-09T09:09:08.471+0000][1][safepoint    ] Total time for which application threads were stopped: 0.0000705 seconds, Stopping threads took: 0.0000180 seconds
[2019-12-09T09:09:09.471+0000][1][safepoint    ] Application time: 1.0000758 seconds
[2019-12-09T09:09:09.471+0000][1][safepoint    ] Entering safepoint region: Cleanup
[2019-12-09T09:09:09.472+0000][1][safepoint    ] Leaving safepoint region
[2019-12-09T09:09:09.472+0000][1][safepoint    ] Total time for which application threads were stopped: 0.0000682 seconds, Stopping threads took: 0.0000167 seconds
[2019-12-09T09:09:10.472+0000][1][safepoint    ] Application time: 1.0000759 seconds
[2019-12-09T09:09:10.472+0000][1][safepoint    ] Entering safepoint region: Cleanup
[2019-12-09T09:09:10.472+0000][1][safepoint    ] Leaving safepoint region
[2019-12-09T09:09:10.472+0000][1][safepoint    ] Total time for which application threads were stopped: 0.0000791 seconds, Stopping threads took: 0.0000162 seconds
[2019-12-09T09:09:11.472+0000][1][safepoint    ] Application time: 1.0000749 seconds
[2019-12-09T09:09:11.472+0000][1][safepoint    ] Entering safepoint region: Cleanup
[2019-12-09T09:09:11.472+0000][1][safepoint    ] Leaving safepoint region
[2019-12-09T09:09:11.472+0000][1][safepoint    ] Total time for which application threads were stopped: 0.0000672 seconds, Stopping threads took: 0.0000167 seconds
[2019-12-09T09:09:12.472+0000][1][safepoint    ] Application time: 1.0000755 seconds
[2019-12-09T09:09:12.472+0000][1][safepoint    ] Entering safepoint region: Cleanup
[2019-12-09T09:09:12.472+0000][1][safepoint    ] Leaving safepoint region
[2019-12-09T09:09:12.472+0000][1][safepoint    ] Total time for which application threads were stopped: 0.0000675 seconds, Stopping threads took: 0.0000170 seconds
[2019-12-09T09:09:13.472+0000][1][safepoint    ] Application time: 1.0000754 seconds
[2019-12-09T09:09:13.472+0000][1][safepoint    ] Entering safepoint region: Cleanup
[2019-12-09T09:09:13.472+0000][1][safepoint    ] Leaving safepoint region
[2019-12-09T09:09:13.472+0000][1][safepoint    ] Total time for which application threads were stopped: 0.0000688 seconds, Stopping threads took: 0.0000171 seconds
[2019-12-09T09:09:14.472+0000][1][safepoint    ] Application time: 1.0000755 seconds
[2019-12-09T09:09:14.472+0000][1][safepoint    ] Entering safepoint region: Cleanup
[2019-12-09T09:09:14.472+0000][1][safepoint    ] Leaving safepoint region
[2019-12-09T09:09:14.472+0000][1][safepoint    ] Total time for which application threads were stopped: 0.0000674 seconds, Stopping threads took: 0.0000180 seconds
[2019-12-09T09:09:15.473+0000][1][safepoint    ] Application time: 1.0000674 seconds
[2019-12-09T09:09:15.473+0000][1][safepoint    ] Entering safepoint region: Cleanup
[2019-12-09T09:09:15.473+0000][1][safepoint    ] Leaving safepoint region
[2019-12-09T09:09:15.473+0000][1][safepoint    ] Total time for which application threads were stopped: 0.0000701 seconds, Stopping threads took: 0.0000188 seconds
[2019-12-09T09:09:16.473+0000][1][safepoint    ] Application time: 1.0000762 seconds
[2019-12-09T09:09:16.473+0000][1][safepoint    ] Entering safepoint region: Cleanup
[2019-12-09T09:09:16.473+0000][1][safepoint    ] Leaving safepoint region
[2019-12-09T09:09:16.473+0000][1][safepoint    ] Total time for which application threads were stopped: 0.0000671 seconds, Stopping threads took: 0.0000162 seconds
[2019-12-09T09:09:17.473+0000][1][safepoint    ] Application time: 1.0000754 seconds
[2019-12-09T09:09:17.473+0000][1][safepoint    ] Entering safepoint region: Cleanup
[2019-12-09T09:09:17.473+0000][1][safepoint    ] Leaving safepoint region
[2019-12-09T09:09:17.473+0000][1][safepoint    ] Total time for which application threads were stopped: 0.0000653 seconds, Stopping threads took: 0.0000165 seconds
[2019-12-09T09:09:18.473+0000][1][safepoint    ] Application time: 1.0000786 seconds
[2019-12-09T09:09:18.473+0000][1][safepoint    ] Entering safepoint region: Cleanup
[2019-12-09T09:09:18.473+0000][1][safepoint    ] Leaving safepoint region
[2019-12-09T09:09:18.473+0000][1][safepoint    ] Total time for which application threads were stopped: 0.0000681 seconds, Stopping threads took: 0.0000170 seconds
[2019-12-09T09:09:19.473+0000][1][safepoint    ] Application time: 1.0000778 seconds
[2019-12-09T09:09:19.473+0000][1][safepoint    ] Entering safepoint region: Cleanup
[2019-12-09T09:09:19.473+0000][1][safepoint    ] Leaving safepoint region
[2019-12-09T09:09:19.473+0000][1][safepoint    ] Total time for which application threads were stopped: 0.0000679 seconds, Stopping threads took: 0.0000177 seconds
[2019-12-09T09:09:20.474+0000][1][safepoint    ] Application time: 1.0000786 seconds
[2019-12-09T09:09:20.474+0000][1][safepoint    ] Entering safepoint region: Cleanup
[2019-12-09T09:09:20.474+0000][1][safepoint    ] Leaving safepoint region
[2019-12-09T09:09:20.474+0000][1][safepoint    ] Total time for which application threads were stopped: 0.0000775 seconds, Stopping threads took: 0.0000269 seconds
[2019-12-09T09:09:21.474+0000][1][safepoint    ] Application time: 1.0000780 seconds
[2019-12-09T09:09:21.474+0000][1][safepoint    ] Entering safepoint region: Cleanup
[2019-12-09T09:09:21.474+0000][1][safepoint    ] Leaving safepoint region
[2019-12-09T09:09:21.474+0000][1][safepoint    ] Total time for which application threads were stopped: 0.0000671 seconds, Stopping threads took: 0.0000173 seconds
[2019-12-09T09:09:22.474+0000][1][safepoint    ] Application time: 1.0000782 seconds
[2019-12-09T09:09:22.474+0000][1][safepoint    ] Entering safepoint region: Cleanup
[2019-12-09T09:09:22.474+0000][1][safepoint    ] Leaving safepoint region
[2019-12-09T09:09:22.474+0000][1][safepoint    ] Total time for which application threads were stopped: 0.0000692 seconds, Stopping threads took: 0.0000174 seconds
[2019-12-09T09:09:23.474+0000][1][safepoint    ] Application time: 1.0000786 seconds
[2019-12-09T09:09:23.474+0000][1][safepoint    ] Entering safepoint region: Cleanup
[2019-12-09T09:09:23.474+0000][1][safepoint    ] Leaving safepoint region
[2019-12-09T09:09:23.474+0000][1][safepoint    ] Total time for which application threads were stopped: 0.0000688 seconds, Stopping threads took: 0.0000175 seconds
[2019-12-09T09:09:24.474+0000][1][safepoint    ] Application time: 1.0000786 seconds
[2019-12-09T09:09:24.474+0000][1][safepoint    ] Entering safepoint region: Cleanup
[2019-12-09T09:09:24.474+0000][1][safepoint    ] Leaving safepoint region
[2019-12-09T09:09:24.474+0000][1][safepoint    ] Total time for which application threads were stopped: 0.0000696 seconds, Stopping threads took: 0.0000182 seconds
[2019-12-09T09:09:25.474+0000][1][safepoint    ] Application time: 1.0000758 seconds
[2019-12-09T09:09:25.475+0000][1][safepoint    ] Entering safepoint region: Cleanup
[2019-12-09T09:09:25.475+0000][1][safepoint    ] Leaving safepoint region
[2019-12-09T09:09:25.475+0000][1][safepoint    ] Total time for which application threads were stopped: 0.0000674 seconds, Stopping threads took: 0.0000173 seconds
[2019-12-09T09:09:26.475+0000][1][safepoint    ] Application time: 1.0000785 seconds
[2019-12-09T09:09:26.475+0000][1][safepoint    ] Entering safepoint region: Cleanup
[2019-12-09T09:09:26.475+0000][1][safepoint    ] Leaving safepoint region
[2019-12-09T09:09:26.475+0000][1][safepoint    ] Total time for which application threads were stopped: 0.0000682 seconds, Stopping threads took: 0.0000183 seconds
[2019-12-09T09:09:27.475+0000][1][safepoint    ] Application time: 1.0000779 seconds
[2019-12-09T09:09:27.475+0000][1][safepoint    ] Entering safepoint region: Cleanup
[2019-12-09T09:09:27.475+0000][1][safepoint    ] Leaving safepoint region
[2019-12-09T09:09:27.475+0000][1][safepoint    ] Total time for which application threads were stopped: 0.0000712 seconds, Stopping threads took: 0.0000181 seconds
[2019-12-09T09:09:28.475+0000][1][safepoint    ] Application time: 1.0000787 seconds
[2019-12-09T09:09:28.475+0000][1][safepoint    ] Entering safepoint region: Cleanup
[2019-12-09T09:09:28.475+0000][1][safepoint    ] Leaving safepoint region
[2019-12-09T09:09:28.475+0000][1][safepoint    ] Total time for which application threads were stopped: 0.0000680 seconds, Stopping threads took: 0.0000174 seconds
[2019-12-09T09:09:29.475+0000][1][safepoint    ] Application time: 1.0000783 seconds
[2019-12-09T09:09:29.475+0000][1][safepoint    ] Entering safepoint region: Cleanup
[2019-12-09T09:09:29.475+0000][1][safepoint    ] Leaving safepoint region
[2019-12-09T09:09:29.475+0000][1][safepoint    ] Total time for which application threads were stopped: 0.0000674 seconds, Stopping threads took: 0.0000170 seconds
[2019-12-09T09:09:30.475+0000][1][safepoint    ] Application time: 1.0000777 seconds
[2019-12-09T09:09:30.476+0000][1][safepoint    ] Entering safepoint region: Cleanup
[2019-12-09T09:09:30.476+0000][1][safepoint    ] Leaving safepoint region
[2019-12-09T09:09:30.476+0000][1][safepoint    ] Total time for which application threads were stopped: 0.0000707 seconds, Stopping threads took: 0.0000177 seconds
[2019-12-09T09:09:31.476+0000][1][safepoint    ] Application time: 1.0000798 seconds
[2019-12-09T09:09:31.476+0000][1][safepoint    ] Entering safepoint region: Cleanup
[2019-12-09T09:09:31.476+0000][1][safepoint    ] Leaving safepoint region
[2019-12-09T09:09:31.476+0000][1][safepoint    ] Total time for which application threads were stopped: 0.0000699 seconds, Stopping threads took: 0.0000173 seconds
[2019-12-09T09:09:32.476+0000][1][safepoint    ] Application time: 1.0000781 seconds
[2019-12-09T09:09:32.476+0000][1][safepoint    ] Entering safepoint region: Cleanup
[2019-12-09T09:09:32.476+0000][1][safepoint    ] Leaving safepoint region
[2019-12-09T09:09:32.476+0000][1][safepoint    ] Total time for which application threads were stopped: 0.0000659 seconds, Stopping threads took: 0.0000161 seconds
[2019-12-09T09:09:33.476+0000][1][safepoint    ] Application time: 1.0000785 seconds
[2019-12-09T09:09:33.476+0000][1][safepoint    ] Entering safepoint region: Cleanup
[2019-12-09T09:09:33.476+0000][1][safepoint    ] Leaving safepoint region
[2019-12-09T09:09:33.476+0000][1][safepoint    ] Total time for which application threads were stopped: 0.0000705 seconds, Stopping threads took: 0.0000174 seconds
[2019-12-09T09:09:34.476+0000][1][safepoint    ] Application time: 1.0000818 seconds
[2019-12-09T09:09:34.476+0000][1][safepoint    ] Entering safepoint region: Cleanup
[2019-12-09T09:09:34.476+0000][1][safepoint    ] Leaving safepoint region
[2019-12-09T09:09:34.476+0000][1][safepoint    ] Total time for which application threads were stopped: 0.0000700 seconds, Stopping threads took: 0.0000164 seconds
[2019-12-09T09:09:35.476+0000][1][safepoint    ] Application time: 1.0000800 seconds
[2019-12-09T09:09:35.476+0000][1][safepoint    ] Entering safepoint region: Cleanup
[2019-12-09T09:09:35.477+0000][1][safepoint    ] Leaving safepoint region
[2019-12-09T09:09:35.477+0000][1][safepoint    ] Total time for which application threads were stopped: 0.0000712 seconds, Stopping threads took: 0.0000181 seconds
[2019-12-09T09:09:36.477+0000][1][safepoint    ] Application time: 1.0000796 seconds
[2019-12-09T09:09:36.477+0000][1][safepoint    ] Entering safepoint region: Cleanup
[2019-12-09T09:09:36.477+0000][1][safepoint    ] Leaving safepoint region
[2019-12-09T09:09:36.477+0000][1][safepoint    ] Total time for which application threads were stopped: 0.0000700 seconds, Stopping threads took: 0.0000178 seconds
[2019-12-09T09:09:37.477+0000][1][safepoint    ] Application time: 1.0000784 seconds
[2019-12-09T09:09:37.477+0000][1][safepoint    ] Entering safepoint region: Cleanup
[2019-12-09T09:09:37.477+0000][1][safepoint    ] Leaving safepoint region
[2019-12-09T09:09:37.477+0000][1][safepoint    ] Total time for which application threads were stopped: 0.0000678 seconds, Stopping threads took: 0.0000178 seconds
[2019-12-09T09:09:38.477+0000][1][safepoint    ] Application time: 1.0000788 seconds
[2019-12-09T09:09:38.477+0000][1][safepoint    ] Entering safepoint region: Cleanup
[2019-12-09T09:09:38.477+0000][1][safepoint    ] Leaving safepoint region
[2019-12-09T09:09:38.477+0000][1][safepoint    ] Total time for which application threads were stopped: 0.0000693 seconds, Stopping threads took: 0.0000167 seconds
[2019-12-09T09:09:39.477+0000][1][safepoint    ] Application time: 1.0000791 seconds
[2019-12-09T09:09:39.477+0000][1][safepoint    ] Entering safepoint region: Cleanup
[2019-12-09T09:09:39.477+0000][1][safepoint    ] Leaving safepoint region
[2019-12-09T09:09:39.477+0000][1][safepoint    ] Total time for which application threads were stopped: 0.0000694 seconds, Stopping threads took: 0.0000177 seconds
[2019-12-09T09:09:40.477+0000][1][safepoint    ] Application time: 1.0000760 seconds
[2019-12-09T09:09:40.477+0000][1][safepoint    ] Entering safepoint region: Cleanup
[2019-12-09T09:09:40.478+0000][1][safepoint    ] Leaving safepoint region
[2019-12-09T09:09:40.478+0000][1][safepoint    ] Total time for which application threads were stopped: 0.0000684 seconds, Stopping threads took: 0.0000169 seconds
[2019-12-09T09:09:41.478+0000][1][safepoint    ] Application time: 1.0000797 seconds
[2019-12-09T09:09:41.478+0000][1][safepoint    ] Entering safepoint region: Cleanup
[2019-12-09T09:09:41.478+0000][1][safepoint    ] Leaving safepoint region
[2019-12-09T09:09:41.478+0000][1][safepoint    ] Total time for which application threads were stopped: 0.0000793 seconds, Stopping threads took: 0.0000171 seconds
[2019-12-09T09:09:42.478+0000][1][safepoint    ] Application time: 1.0000786 seconds
[2019-12-09T09:09:42.478+0000][1][safepoint    ] Entering safepoint region: Cleanup
[2019-12-09T09:09:42.478+0000][1][safepoint    ] Leaving safepoint region
[2019-12-09T09:09:42.478+0000][1][safepoint    ] Total time for which application threads were stopped: 0.0000689 seconds, Stopping threads took: 0.0000177 seconds
[2019-12-09T09:09:43.478+0000][1][safepoint    ] Application time: 1.0000770 seconds
[2019-12-09T09:09:43.478+0000][1][safepoint    ] Entering safepoint region: Cleanup
[2019-12-09T09:09:43.478+0000][1][safepoint    ] Leaving safepoint region
[2019-12-09T09:09:43.478+0000][1][safepoint    ] Total time for which application threads were stopped: 0.0000685 seconds, Stopping threads took: 0.0000171 seconds
[2019-12-09T09:09:44.478+0000][1][safepoint    ] Application time: 1.0000767 seconds
[2019-12-09T09:09:44.478+0000][1][safepoint    ] Entering safepoint region: Cleanup
[2019-12-09T09:09:44.478+0000][1][safepoint    ] Leaving safepoint region
[2019-12-09T09:09:44.478+0000][1][safepoint    ] Total time for which application threads were stopped: 0.0000693 seconds, Stopping threads took: 0.0000172 seconds
[2019-12-09T09:09:45.478+0000][1][safepoint    ] Application time: 1.0000757 seconds
[2019-12-09T09:09:45.478+0000][1][safepoint    ] Entering safepoint region: Cleanup
[2019-12-09T09:09:45.478+0000][1][safepoint    ] Leaving safepoint region
[2019-12-09T09:09:45.478+0000][1][safepoint    ] Total time for which application threads were stopped: 0.0000670 seconds, Stopping threads took: 0.0000175 seconds
[2019-12-09T09:09:46.479+0000][1][safepoint    ] Application time: 1.0000760 seconds
[2019-12-09T09:09:46.479+0000][1][safepoint    ] Entering safepoint region: Cleanup
[2019-12-09T09:09:46.479+0000][1][safepoint    ] Leaving safepoint region
[2019-12-09T09:09:46.479+0000][1][safepoint    ] Total time for which application threads were stopped: 0.0000782 seconds, Stopping threads took: 0.0000159 seconds
[2019-12-09T09:09:47.479+0000][1][safepoint    ] Application time: 1.0000807 seconds
[2019-12-09T09:09:47.479+0000][1][safepoint    ] Entering safepoint region: Cleanup
[2019-12-09T09:09:47.479+0000][1][safepoint    ] Leaving safepoint region
[2019-12-09T09:09:47.479+0000][1][safepoint    ] Total time for which application threads were stopped: 0.0000686 seconds, Stopping threads took: 0.0000169 seconds
[2019-12-09T09:09:48.479+0000][1][safepoint    ] Application time: 1.0000762 seconds
[2019-12-09T09:09:48.479+0000][1][safepoint    ] Entering safepoint region: Cleanup
[2019-12-09T09:09:48.479+0000][1][safepoint    ] Leaving safepoint region
[2019-12-09T09:09:48.479+0000][1][safepoint    ] Total time for which application threads were stopped: 0.0000685 seconds, Stopping threads took: 0.0000175 seconds
[2019-12-09T09:09:49.479+0000][1][safepoint    ] Application time: 1.0000763 seconds
[2019-12-09T09:09:49.479+0000][1][safepoint    ] Entering safepoint region: Cleanup
[2019-12-09T09:09:49.479+0000][1][safepoint    ] Leaving safepoint region
[2019-12-09T09:09:49.479+0000][1][safepoint    ] Total time for which application threads were stopped: 0.0000687 seconds, Stopping threads took: 0.0000174 seconds
[2019-12-09T09:09:50.479+0000][1][safepoint    ] Application time: 1.0000764 seconds
[2019-12-09T09:09:50.479+0000][1][safepoint    ] Entering safepoint region: Cleanup
[2019-12-09T09:09:50.479+0000][1][safepoint    ] Leaving safepoint region
[2019-12-09T09:09:50.479+0000][1][safepoint    ] Total time for which application threads were stopped: 0.0000757 seconds, Stopping threads took: 0.0000242 seconds
[2019-12-09T09:09:51.480+0000][1][safepoint    ] Application time: 1.0000764 seconds
[2019-12-09T09:09:51.480+0000][1][safepoint    ] Entering safepoint region: Cleanup
[2019-12-09T09:09:51.480+0000][1][safepoint    ] Leaving safepoint region
[2019-12-09T09:09:51.480+0000][1][safepoint    ] Total time for which application threads were stopped: 0.0000698 seconds, Stopping threads took: 0.0000183 seconds
[2019-12-09T09:09:53.318+0000][1][safepoint    ] Application time: 1.8382977 seconds
[2019-12-09T09:09:53.318+0000][1][safepoint    ] Entering safepoint region: Cleanup
[2019-12-09T09:09:53.318+0000][1][safepoint    ] Leaving safepoint region
[2019-12-09T09:09:53.318+0000][1][safepoint    ] Total time for which application threads were stopped: 0.0000625 seconds, Stopping threads took: 0.0000151 seconds
[2019-12-09T09:09:54.318+0000][1][safepoint    ] Application time: 1.0000739 seconds
[2019-12-09T09:09:54.318+0000][1][safepoint    ] Entering safepoint region: Cleanup
[2019-12-09T09:09:54.318+0000][1][safepoint    ] Leaving safepoint region
[2019-12-09T09:09:54.318+0000][1][safepoint    ] Total time for which application threads were stopped: 0.0000634 seconds, Stopping threads took: 0.0000151 seconds
[2019-12-09T09:09:55.318+0000][1][safepoint    ] Application time: 1.0000766 seconds
[2019-12-09T09:09:55.318+0000][1][safepoint    ] Entering safepoint region: Cleanup
[2019-12-09T09:09:55.318+0000][1][safepoint    ] Leaving safepoint region
[2019-12-09T09:09:55.318+0000][1][safepoint    ] Total time for which application threads were stopped: 0.0000624 seconds, Stopping threads took: 0.0000156 seconds
[2019-12-09T09:09:56.318+0000][1][safepoint    ] Application time: 1.0000767 seconds
[2019-12-09T09:09:56.318+0000][1][safepoint    ] Entering safepoint region: Cleanup
[2019-12-09T09:09:56.319+0000][1][safepoint    ] Leaving safepoint region
[2019-12-09T09:09:56.319+0000][1][safepoint    ] Total time for which application threads were stopped: 0.0000624 seconds, Stopping threads took: 0.0000156 seconds
[2019-12-09T09:09:56.495+0000][1][safepoint    ] Application time: 0.1760007 seconds
[2019-12-09T09:09:56.495+0000][1][safepoint    ] Entering safepoint region: GenCollectForAllocation
[2019-12-09T09:09:56.495+0000][1][gc,start     ] GC(87) Pause Young (Allocation Failure)
[2019-12-09T09:09:56.495+0000][1][gc,task      ] GC(87) Using 2 workers of 2 for evacuation
[2019-12-09T09:09:56.496+0000][1][gc,age       ] GC(87) Desired survivor size 4456448 bytes, new threshold 6 (max threshold 6)
[2019-12-09T09:09:56.496+0000][1][gc,age       ] GC(87) Age table with threshold 6 (max threshold 6)
[2019-12-09T09:09:56.496+0000][1][gc,age       ] GC(87) - age   1:       4080 bytes,       4080 total
[2019-12-09T09:09:56.496+0000][1][gc,age       ] GC(87) - age   3:        104 bytes,       4184 total
[2019-12-09T09:09:56.496+0000][1][gc,heap      ] GC(87) ParNew: 69958K->6K(78656K)
[2019-12-09T09:09:56.496+0000][1][gc,heap      ] GC(87) CMS: 69465K->69465K(174784K)
[2019-12-09T09:09:56.496+0000][1][gc,metaspace ] GC(87) Metaspace: 68492K->68492K(1112064K)
[2019-12-09T09:09:56.496+0000][1][gc           ] GC(87) Pause Young (Allocation Failure) 136M->67M(247M) 1.354ms
[2019-12-09T09:09:56.496+0000][1][gc,cpu       ] GC(87) User=0.00s Sys=0.00s Real=0.00s
[2019-12-09T09:09:56.496+0000][1][safepoint    ] Leaving safepoint region
[2019-12-09T09:09:56.496+0000][1][safepoint    ] Total time for which application threads were stopped: 0.0015016 seconds, Stopping threads took: 0.0000155 seconds
[2019-12-09T09:09:57.496+0000][1][safepoint    ] Application time: 1.0000850 seconds
[2019-12-09T09:09:57.496+0000][1][safepoint    ] Entering safepoint region: Cleanup
[2019-12-09T09:09:57.496+0000][1][safepoint    ] Leaving safepoint region
[2019-12-09T09:09:57.496+0000][1][safepoint    ] Total time for which application threads were stopped: 0.0000681 seconds, Stopping threads took: 0.0000167 seconds
[2019-12-09T09:09:58.496+0000][1][safepoint    ] Application time: 1.0000768 seconds
[2019-12-09T09:09:58.496+0000][1][safepoint    ] Entering safepoint region: Cleanup
[2019-12-09T09:09:58.496+0000][1][safepoint    ] Leaving safepoint region
[2019-12-09T09:09:58.496+0000][1][safepoint    ] Total time for which application threads were stopped: 0.0000711 seconds, Stopping threads took: 0.0000181 seconds
[2019-12-09T09:09:59.497+0000][1][safepoint    ] Application time: 1.0000768 seconds
[2019-12-09T09:09:59.497+0000][1][safepoint    ] Entering safepoint region: Cleanup
[2019-12-09T09:09:59.497+0000][1][safepoint    ] Leaving safepoint region
[2019-12-09T09:09:59.497+0000][1][safepoint    ] Total time for which application threads were stopped: 0.0000691 seconds, Stopping threads took: 0.0000167 seconds
[2019-12-09T09:10:00.497+0000][1][safepoint    ] Application time: 1.0000748 seconds
[2019-12-09T09:10:00.497+0000][1][safepoint    ] Entering safepoint region: Cleanup
[2019-12-09T09:10:00.497+0000][1][safepoint    ] Leaving safepoint region
[2019-12-09T09:10:00.497+0000][1][safepoint    ] Total time for which application threads were stopped: 0.0000691 seconds, Stopping threads took: 0.0000175 seconds
[2019-12-09T09:10:01.499+0000][1][safepoint    ] Application time: 1.0025189 seconds
[2019-12-09T09:10:01.499+0000][1][safepoint    ] Entering safepoint region: Cleanup
[2019-12-09T09:10:01.500+0000][1][safepoint    ] Leaving safepoint region
[2019-12-09T09:10:01.500+0000][1][safepoint    ] Total time for which application threads were stopped: 0.0001019 seconds, Stopping threads took: 0.0000287 seconds
[2019-12-09T09:10:02.500+0000][1][safepoint    ] Application time: 1.0000812 seconds
[2019-12-09T09:10:02.500+0000][1][safepoint    ] Entering safepoint region: Cleanup
[2019-12-09T09:10:02.500+0000][1][safepoint    ] Leaving safepoint region
[2019-12-09T09:10:02.500+0000][1][safepoint    ] Total time for which application threads were stopped: 0.0000685 seconds, Stopping threads took: 0.0000165 seconds
[2019-12-09T09:10:03.500+0000][1][safepoint    ] Application time: 1.0000776 seconds
[2019-12-09T09:10:03.500+0000][1][safepoint    ] Entering safepoint region: Cleanup
[2019-12-09T09:10:03.500+0000][1][safepoint    ] Leaving safepoint region
[2019-12-09T09:10:03.500+0000][1][safepoint    ] Total time for which application threads were stopped: 0.0000665 seconds, Stopping threads took: 0.0000155 seconds
[2019-12-09T09:10:04.500+0000][1][safepoint    ] Application time: 1.0000775 seconds
[2019-12-09T09:10:04.500+0000][1][safepoint    ] Entering safepoint region: Cleanup
[2019-12-09T09:10:04.500+0000][1][safepoint    ] Leaving safepoint region
[2019-12-09T09:10:04.500+0000][1][safepoint    ] Total time for which application threads were stopped: 0.0000697 seconds, Stopping threads took: 0.0000154 seconds
[2019-12-09T09:10:05.500+0000][1][safepoint    ] Application time: 1.0000764 seconds
[2019-12-09T09:10:05.500+0000][1][safepoint    ] Entering safepoint region: Cleanup
[2019-12-09T09:10:05.500+0000][1][safepoint    ] Leaving safepoint region
[2019-12-09T09:10:05.500+0000][1][safepoint    ] Total time for which application threads were stopped: 0.0000664 seconds, Stopping threads took: 0.0000158 seconds
[2019-12-09T09:10:06.500+0000][1][safepoint    ] Application time: 1.0000785 seconds
[2019-12-09T09:10:06.501+0000][1][safepoint    ] Entering safepoint region: Cleanup
[2019-12-09T09:10:06.501+0000][1][safepoint    ] Leaving safepoint region
[2019-12-09T09:10:06.501+0000][1][safepoint    ] Total time for which application threads were stopped: 0.0001154 seconds, Stopping threads took: 0.0000574 seconds
[2019-12-09T09:10:07.501+0000][1][safepoint    ] Application time: 1.0000972 seconds
[2019-12-09T09:10:07.501+0000][1][safepoint    ] Entering safepoint region: Cleanup
[2019-12-09T09:10:07.501+0000][1][safepoint    ] Leaving safepoint region
[2019-12-09T09:10:07.501+0000][1][safepoint    ] Total time for which application threads were stopped: 0.0000674 seconds, Stopping threads took: 0.0000158 seconds
[2019-12-09T09:10:08.501+0000][1][safepoint    ] Application time: 1.0000743 seconds
[2019-12-09T09:10:08.501+0000][1][safepoint    ] Entering safepoint region: Cleanup
[2019-12-09T09:10:08.501+0000][1][safepoint    ] Leaving safepoint region
[2019-12-09T09:10:08.501+0000][1][safepoint    ] Total time for which application threads were stopped: 0.0000749 seconds, Stopping threads took: 0.0000165 seconds
[2019-12-09T09:10:09.501+0000][1][safepoint    ] Application time: 1.0000768 seconds
[2019-12-09T09:10:09.501+0000][1][safepoint    ] Entering safepoint region: Cleanup
[2019-12-09T09:10:09.501+0000][1][safepoint    ] Leaving safepoint region
[2019-12-09T09:10:09.501+0000][1][safepoint    ] Total time for which application threads were stopped: 0.0000678 seconds, Stopping threads took: 0.0000176 seconds
[2019-12-09T09:10:10.501+0000][1][safepoint    ] Application time: 1.0000747 seconds
[2019-12-09T09:10:10.501+0000][1][safepoint    ] Entering safepoint region: Cleanup
[2019-12-09T09:10:10.501+0000][1][safepoint    ] Leaving safepoint region
[2019-12-09T09:10:10.501+0000][1][safepoint    ] Total time for which application threads were stopped: 0.0000672 seconds, Stopping threads took: 0.0000170 seconds
[2019-12-09T09:10:11.501+0000][1][safepoint    ] Application time: 1.0000855 seconds
[2019-12-09T09:10:11.502+0000][1][safepoint    ] Entering safepoint region: Cleanup
[2019-12-09T09:10:11.502+0000][1][safepoint    ] Leaving safepoint region
[2019-12-09T09:10:11.502+0000][1][safepoint    ] Total time for which application threads were stopped: 0.0000842 seconds, Stopping threads took: 0.0000211 seconds
[2019-12-09T09:10:12.502+0000][1][safepoint    ] Application time: 1.0000861 seconds
[2019-12-09T09:10:12.502+0000][1][safepoint    ] Entering safepoint region: Cleanup
[2019-12-09T09:10:12.502+0000][1][safepoint    ] Leaving safepoint region
[2019-12-09T09:10:12.502+0000][1][safepoint    ] Total time for which application threads were stopped: 0.0000642 seconds, Stopping threads took: 0.0000143 seconds
[2019-12-09T09:10:13.502+0000][1][safepoint    ] Application time: 1.0000786 seconds
[2019-12-09T09:10:13.502+0000][1][safepoint    ] Entering safepoint region: Cleanup
[2019-12-09T09:10:13.502+0000][1][safepoint    ] Leaving safepoint region
[2019-12-09T09:10:13.502+0000][1][safepoint    ] Total time for which application threads were stopped: 0.0000676 seconds, Stopping threads took: 0.0000167 seconds
[2019-12-09T09:10:14.502+0000][1][safepoint    ] Application time: 1.0000798 seconds
[2019-12-09T09:10:14.502+0000][1][safepoint    ] Entering safepoint region: Cleanup
[2019-12-09T09:10:14.502+0000][1][safepoint    ] Leaving safepoint region
[2019-12-09T09:10:14.502+0000][1][safepoint    ] Total time for which application threads were stopped: 0.0000677 seconds, Stopping threads took: 0.0000172 seconds
[2019-12-09T09:10:15.502+0000][1][safepoint    ] Application time: 1.0000786 seconds
[2019-12-09T09:10:15.502+0000][1][safepoint    ] Entering safepoint region: Cleanup
[2019-12-09T09:10:15.502+0000][1][safepoint    ] Leaving safepoint region
[2019-12-09T09:10:15.502+0000][1][safepoint    ] Total time for which application threads were stopped: 0.0000687 seconds, Stopping threads took: 0.0000165 seconds
[2019-12-09T09:10:16.502+0000][1][safepoint    ] Application time: 1.0000773 seconds
[2019-12-09T09:10:16.502+0000][1][safepoint    ] Entering safepoint region: Cleanup
[2019-12-09T09:10:16.503+0000][1][safepoint    ] Leaving safepoint region
[2019-12-09T09:10:16.503+0000][1][safepoint    ] Total time for which application threads were stopped: 0.0000664 seconds, Stopping threads took: 0.0000167 seconds
[2019-12-09T09:10:17.503+0000][1][safepoint    ] Application time: 1.0000779 seconds
[2019-12-09T09:10:17.503+0000][1][safepoint    ] Entering safepoint region: Cleanup
[2019-12-09T09:10:17.503+0000][1][safepoint    ] Leaving safepoint region
[2019-12-09T09:10:17.503+0000][1][safepoint    ] Total time for which application threads were stopped: 0.0000804 seconds, Stopping threads took: 0.0000161 seconds
[2019-12-09T09:10:18.503+0000][1][safepoint    ] Application time: 1.0000761 seconds
[2019-12-09T09:10:18.503+0000][1][safepoint    ] Entering safepoint region: Cleanup
[2019-12-09T09:10:18.503+0000][1][safepoint    ] Leaving safepoint region
[2019-12-09T09:10:18.503+0000][1][safepoint    ] Total time for which application threads were stopped: 0.0000673 seconds, Stopping threads took: 0.0000168 seconds
[2019-12-09T09:10:19.503+0000][1][safepoint    ] Application time: 1.0000785 seconds
[2019-12-09T09:10:19.503+0000][1][safepoint    ] Entering safepoint region: Cleanup
[2019-12-09T09:10:19.503+0000][1][safepoint    ] Leaving safepoint region
[2019-12-09T09:10:19.503+0000][1][safepoint    ] Total time for which application threads were stopped: 0.0000705 seconds, Stopping threads took: 0.0000174 seconds
[2019-12-09T09:10:20.503+0000][1][safepoint    ] Application time: 1.0000761 seconds
[2019-12-09T09:10:20.503+0000][1][safepoint    ] Entering safepoint region: Cleanup
[2019-12-09T09:10:20.503+0000][1][safepoint    ] Leaving safepoint region
[2019-12-09T09:10:20.503+0000][1][safepoint    ] Total time for which application threads were stopped: 0.0000754 seconds, Stopping threads took: 0.0000251 seconds
[2019-12-09T09:10:21.503+0000][1][safepoint    ] Application time: 1.0000748 seconds
[2019-12-09T09:10:21.503+0000][1][safepoint    ] Entering safepoint region: Cleanup
[2019-12-09T09:10:21.503+0000][1][safepoint    ] Leaving safepoint region
[2019-12-09T09:10:21.503+0000][1][safepoint    ] Total time for which application threads were stopped: 0.0000727 seconds, Stopping threads took: 0.0000150 seconds
[2019-12-09T09:10:22.504+0000][1][safepoint    ] Application time: 1.0000755 seconds
[2019-12-09T09:10:22.504+0000][1][safepoint    ] Entering safepoint region: Cleanup
[2019-12-09T09:10:22.504+0000][1][safepoint    ] Leaving safepoint region
[2019-12-09T09:10:22.504+0000][1][safepoint    ] Total time for which application threads were stopped: 0.0000686 seconds, Stopping threads took: 0.0000172 seconds
[2019-12-09T09:10:24.218+0000][1][safepoint    ] Application time: 1.7145873 seconds
[2019-12-09T09:10:24.218+0000][1][safepoint    ] Entering safepoint region: Cleanup
[2019-12-09T09:10:24.218+0000][1][safepoint    ] Leaving safepoint region
[2019-12-09T09:10:24.218+0000][1][safepoint    ] Total time for which application threads were stopped: 0.0000710 seconds, Stopping threads took: 0.0000158 seconds
[2019-12-09T09:10:25.218+0000][1][safepoint    ] Application time: 1.0000797 seconds
[2019-12-09T09:10:25.219+0000][1][safepoint    ] Entering safepoint region: Cleanup
[2019-12-09T09:10:25.219+0000][1][safepoint    ] Leaving safepoint region
[2019-12-09T09:10:25.219+0000][1][safepoint    ] Total time for which application threads were stopped: 0.0000809 seconds, Stopping threads took: 0.0000259 seconds
[2019-12-09T09:10:26.219+0000][1][safepoint    ] Application time: 1.0000802 seconds
[2019-12-09T09:10:26.219+0000][1][safepoint    ] Entering safepoint region: Cleanup
[2019-12-09T09:10:26.219+0000][1][safepoint    ] Leaving safepoint region
[2019-12-09T09:10:26.219+0000][1][safepoint    ] Total time for which application threads were stopped: 0.0000680 seconds, Stopping threads took: 0.0000168 seconds
[2019-12-09T09:10:27.219+0000][1][safepoint    ] Application time: 1.0000797 seconds
[2019-12-09T09:10:27.219+0000][1][safepoint    ] Entering safepoint region: Cleanup
[2019-12-09T09:10:27.219+0000][1][safepoint    ] Leaving safepoint region
[2019-12-09T09:10:27.219+0000][1][safepoint    ] Total time for which application threads were stopped: 0.0000694 seconds, Stopping threads took: 0.0000170 seconds
[2019-12-09T09:10:28.219+0000][1][safepoint    ] Application time: 1.0000928 seconds
[2019-12-09T09:10:28.219+0000][1][safepoint    ] Entering safepoint region: Cleanup
[2019-12-09T09:10:28.219+0000][1][safepoint    ] Leaving safepoint region
[2019-12-09T09:10:28.219+0000][1][safepoint    ] Total time for which application threads were stopped: 0.0000726 seconds, Stopping threads took: 0.0000197 seconds
[2019-12-09T09:10:29.219+0000][1][safepoint    ] Application time: 1.0000820 seconds
[2019-12-09T09:10:29.219+0000][1][safepoint    ] Entering safepoint region: Cleanup
[2019-12-09T09:10:29.219+0000][1][safepoint    ] Leaving safepoint region
[2019-12-09T09:10:29.219+0000][1][safepoint    ] Total time for which application threads were stopped: 0.0000876 seconds, Stopping threads took: 0.0000225 seconds
[2019-12-09T09:10:30.220+0000][1][safepoint    ] Application time: 1.0000732 seconds
[2019-12-09T09:10:30.220+0000][1][safepoint    ] Entering safepoint region: Cleanup
[2019-12-09T09:10:30.220+0000][1][safepoint    ] Leaving safepoint region
[2019-12-09T09:10:30.220+0000][1][safepoint    ] Total time for which application threads were stopped: 0.0000840 seconds, Stopping threads took: 0.0000334 seconds
[2019-12-09T09:10:31.220+0000][1][safepoint    ] Application time: 1.0000800 seconds
[2019-12-09T09:10:31.220+0000][1][safepoint    ] Entering safepoint region: Cleanup
[2019-12-09T09:10:31.220+0000][1][safepoint    ] Leaving safepoint region
[2019-12-09T09:10:31.220+0000][1][safepoint    ] Total time for which application threads were stopped: 0.0000649 seconds, Stopping threads took: 0.0000167 seconds
[2019-12-09T09:10:32.220+0000][1][safepoint    ] Application time: 1.0000765 seconds
[2019-12-09T09:10:32.220+0000][1][safepoint    ] Entering safepoint region: Cleanup
[2019-12-09T09:10:32.220+0000][1][safepoint    ] Leaving safepoint region
[2019-12-09T09:10:32.220+0000][1][safepoint    ] Total time for which application threads were stopped: 0.0000761 seconds, Stopping threads took: 0.0000175 seconds
[2019-12-09T09:10:33.220+0000][1][safepoint    ] Application time: 1.0000737 seconds
[2019-12-09T09:10:33.220+0000][1][safepoint    ] Entering safepoint region: Cleanup
[2019-12-09T09:10:33.220+0000][1][safepoint    ] Leaving safepoint region
[2019-12-09T09:10:33.220+0000][1][safepoint    ] Total time for which application threads were stopped: 0.0000678 seconds, Stopping threads took: 0.0000175 seconds
[2019-12-09T09:10:34.220+0000][1][safepoint    ] Application time: 1.0000748 seconds
[2019-12-09T09:10:34.220+0000][1][safepoint    ] Entering safepoint region: Cleanup
[2019-12-09T09:10:34.220+0000][1][safepoint    ] Leaving safepoint region
[2019-12-09T09:10:34.220+0000][1][safepoint    ] Total time for which application threads were stopped: 0.0000673 seconds, Stopping threads took: 0.0000175 seconds
[2019-12-09T09:10:35.220+0000][1][safepoint    ] Application time: 1.0000764 seconds
[2019-12-09T09:10:35.221+0000][1][safepoint    ] Entering safepoint region: Cleanup
[2019-12-09T09:10:35.221+0000][1][safepoint    ] Leaving safepoint region
[2019-12-09T09:10:35.221+0000][1][safepoint    ] Total time for which application threads were stopped: 0.0000823 seconds, Stopping threads took: 0.0000168 seconds
[2019-12-09T09:10:36.221+0000][1][safepoint    ] Application time: 1.0000854 seconds
[2019-12-09T09:10:36.221+0000][1][safepoint    ] Entering safepoint region: Cleanup
[2019-12-09T09:10:36.221+0000][1][safepoint    ] Leaving safepoint region
[2019-12-09T09:10:36.221+0000][1][safepoint    ] Total time for which application threads were stopped: 0.0000659 seconds, Stopping threads took: 0.0000174 seconds
[2019-12-09T09:10:37.221+0000][1][safepoint    ] Application time: 1.0000756 seconds
[2019-12-09T09:10:37.221+0000][1][safepoint    ] Entering safepoint region: Cleanup
[2019-12-09T09:10:37.221+0000][1][safepoint    ] Leaving safepoint region
[2019-12-09T09:10:37.221+0000][1][safepoint    ] Total time for which application threads were stopped: 0.0000662 seconds, Stopping threads took: 0.0000158 seconds
[2019-12-09T09:10:38.221+0000][1][safepoint    ] Application time: 1.0000745 seconds
[2019-12-09T09:10:38.221+0000][1][safepoint    ] Entering safepoint region: Cleanup
[2019-12-09T09:10:38.221+0000][1][safepoint    ] Leaving safepoint region
[2019-12-09T09:10:38.221+0000][1][safepoint    ] Total time for which application threads were stopped: 0.0000679 seconds, Stopping threads took: 0.0000173 seconds
[2019-12-09T09:10:39.221+0000][1][safepoint    ] Application time: 1.0000755 seconds
[2019-12-09T09:10:39.221+0000][1][safepoint    ] Entering safepoint region: Cleanup
[2019-12-09T09:10:39.221+0000][1][safepoint    ] Leaving safepoint region
[2019-12-09T09:10:39.221+0000][1][safepoint    ] Total time for which application threads were stopped: 0.0000671 seconds, Stopping threads took: 0.0000166 seconds
[2019-12-09T09:10:40.221+0000][1][safepoint    ] Application time: 1.0000754 seconds
[2019-12-09T09:10:40.222+0000][1][safepoint    ] Entering safepoint region: Cleanup
[2019-12-09T09:10:40.222+0000][1][safepoint    ] Leaving safepoint region
[2019-12-09T09:10:40.222+0000][1][safepoint    ] Total time for which application threads were stopped: 0.0000773 seconds, Stopping threads took: 0.0000258 seconds
[2019-12-09T09:10:41.222+0000][1][safepoint    ] Application time: 1.0000751 seconds
[2019-12-09T09:10:41.222+0000][1][safepoint    ] Entering safepoint region: Cleanup
[2019-12-09T09:10:41.222+0000][1][safepoint    ] Leaving safepoint region
[2019-12-09T09:10:41.222+0000][1][safepoint    ] Total time for which application threads were stopped: 0.0000691 seconds, Stopping threads took: 0.0000165 seconds
[2019-12-09T09:10:42.222+0000][1][safepoint    ] Application time: 1.0000741 seconds
[2019-12-09T09:10:42.222+0000][1][safepoint    ] Entering safepoint region: Cleanup
[2019-12-09T09:10:42.222+0000][1][safepoint    ] Leaving safepoint region
[2019-12-09T09:10:42.222+0000][1][safepoint    ] Total time for which application threads were stopped: 0.0000692 seconds, Stopping threads took: 0.0000169 seconds
[2019-12-09T09:10:43.222+0000][1][safepoint    ] Application time: 1.0000766 seconds
[2019-12-09T09:10:43.222+0000][1][safepoint    ] Entering safepoint region: Cleanup
[2019-12-09T09:10:43.222+0000][1][safepoint    ] Leaving safepoint region
[2019-12-09T09:10:43.222+0000][1][safepoint    ] Total time for which application threads were stopped: 0.0000782 seconds, Stopping threads took: 0.0000172 seconds
[2019-12-09T09:10:44.222+0000][1][safepoint    ] Application time: 1.0000753 seconds
[2019-12-09T09:10:44.222+0000][1][safepoint    ] Entering safepoint region: Cleanup
[2019-12-09T09:10:44.222+0000][1][safepoint    ] Leaving safepoint region
[2019-12-09T09:10:44.222+0000][1][safepoint    ] Total time for which application threads were stopped: 0.0000694 seconds, Stopping threads took: 0.0000176 seconds
[2019-12-09T09:10:45.222+0000][1][safepoint    ] Application time: 1.0000748 seconds
[2019-12-09T09:10:45.222+0000][1][safepoint    ] Entering safepoint region: Cleanup
[2019-12-09T09:10:45.223+0000][1][safepoint    ] Leaving safepoint region
[2019-12-09T09:10:45.223+0000][1][safepoint    ] Total time for which application threads were stopped: 0.0000686 seconds, Stopping threads took: 0.0000161 seconds
[2019-12-09T09:10:46.223+0000][1][safepoint    ] Application time: 1.0000745 seconds
[2019-12-09T09:10:46.223+0000][1][safepoint    ] Entering safepoint region: Cleanup
[2019-12-09T09:10:46.223+0000][1][safepoint    ] Leaving safepoint region
[2019-12-09T09:10:46.223+0000][1][safepoint    ] Total time for which application threads were stopped: 0.0000750 seconds, Stopping threads took: 0.0000223 seconds
[2019-12-09T09:10:47.223+0000][1][safepoint    ] Application time: 1.0000818 seconds
[2019-12-09T09:10:47.223+0000][1][safepoint    ] Entering safepoint region: Cleanup
[2019-12-09T09:10:47.223+0000][1][safepoint    ] Leaving safepoint region
[2019-12-09T09:10:47.223+0000][1][safepoint    ] Total time for which application threads were stopped: 0.0000693 seconds, Stopping threads took: 0.0000167 seconds
[2019-12-09T09:10:48.223+0000][1][safepoint    ] Application time: 1.0000774 seconds
[2019-12-09T09:10:48.223+0000][1][safepoint    ] Entering safepoint region: Cleanup
[2019-12-09T09:10:48.223+0000][1][safepoint    ] Leaving safepoint region
[2019-12-09T09:10:48.223+0000][1][safepoint    ] Total time for which application threads were stopped: 0.0000923 seconds, Stopping threads took: 0.0000238 seconds
[2019-12-09T09:10:49.223+0000][1][safepoint    ] Application time: 1.0000759 seconds
[2019-12-09T09:10:49.223+0000][1][safepoint    ] Entering safepoint region: Cleanup
[2019-12-09T09:10:49.223+0000][1][safepoint    ] Leaving safepoint region
[2019-12-09T09:10:49.223+0000][1][safepoint    ] Total time for which application threads were stopped: 0.0000666 seconds, Stopping threads took: 0.0000154 seconds
[2019-12-09T09:10:50.223+0000][1][safepoint    ] Application time: 1.0000748 seconds
[2019-12-09T09:10:50.224+0000][1][safepoint    ] Entering safepoint region: Cleanup
[2019-12-09T09:10:50.224+0000][1][safepoint    ] Leaving safepoint region
[2019-12-09T09:10:50.224+0000][1][safepoint    ] Total time for which application threads were stopped: 0.0000966 seconds, Stopping threads took: 0.0000281 seconds
[2019-12-09T09:10:51.224+0000][1][safepoint    ] Application time: 1.0000855 seconds
[2019-12-09T09:10:51.224+0000][1][safepoint    ] Entering safepoint region: Cleanup
[2019-12-09T09:10:51.224+0000][1][safepoint    ] Leaving safepoint region
[2019-12-09T09:10:51.224+0000][1][safepoint    ] Total time for which application threads were stopped: 0.0000658 seconds, Stopping threads took: 0.0000166 seconds
[2019-12-09T09:10:52.224+0000][1][safepoint    ] Application time: 1.0000745 seconds
[2019-12-09T09:10:52.224+0000][1][safepoint    ] Entering safepoint region: Cleanup
[2019-12-09T09:10:52.224+0000][1][safepoint    ] Leaving safepoint region
[2019-12-09T09:10:52.224+0000][1][safepoint    ] Total time for which application threads were stopped: 0.0000680 seconds, Stopping threads took: 0.0000179 seconds
[2019-12-09T09:10:53.224+0000][1][safepoint    ] Application time: 1.0000809 seconds
[2019-12-09T09:10:53.224+0000][1][safepoint    ] Entering safepoint region: Cleanup
[2019-12-09T09:10:53.224+0000][1][safepoint    ] Leaving safepoint region
[2019-12-09T09:10:53.224+0000][1][safepoint    ] Total time for which application threads were stopped: 0.0000689 seconds, Stopping threads took: 0.0000175 seconds
[2019-12-09T09:10:54.224+0000][1][safepoint    ] Application time: 1.0000782 seconds
[2019-12-09T09:10:54.224+0000][1][safepoint    ] Entering safepoint region: Cleanup
[2019-12-09T09:10:54.224+0000][1][safepoint    ] Leaving safepoint region
[2019-12-09T09:10:54.224+0000][1][safepoint    ] Total time for which application threads were stopped: 0.0000695 seconds, Stopping threads took: 0.0000167 seconds
[2019-12-09T09:10:55.224+0000][1][safepoint    ] Application time: 1.0000772 seconds
[2019-12-09T09:10:55.225+0000][1][safepoint    ] Entering safepoint region: Cleanup
[2019-12-09T09:10:55.225+0000][1][safepoint    ] Leaving safepoint region
[2019-12-09T09:10:55.225+0000][1][safepoint    ] Total time for which application threads were stopped: 0.0000693 seconds, Stopping threads took: 0.0000165 seconds
[2019-12-09T09:10:56.225+0000][1][safepoint    ] Application time: 1.0000772 seconds
[2019-12-09T09:10:56.225+0000][1][safepoint    ] Entering safepoint region: Cleanup
[2019-12-09T09:10:56.225+0000][1][safepoint    ] Leaving safepoint region
[2019-12-09T09:10:56.225+0000][1][safepoint    ] Total time for which application threads were stopped: 0.0000712 seconds, Stopping threads took: 0.0000175 seconds
[2019-12-09T09:10:57.225+0000][1][safepoint    ] Application time: 1.0000771 seconds
[2019-12-09T09:10:57.225+0000][1][safepoint    ] Entering safepoint region: Cleanup
[2019-12-09T09:10:57.225+0000][1][safepoint    ] Leaving safepoint region
[2019-12-09T09:10:57.225+0000][1][safepoint    ] Total time for which application threads were stopped: 0.0000669 seconds, Stopping threads took: 0.0000168 seconds
[2019-12-09T09:10:58.225+0000][1][safepoint    ] Application time: 1.0000778 seconds
[2019-12-09T09:10:58.225+0000][1][safepoint    ] Entering safepoint region: Cleanup
[2019-12-09T09:10:58.225+0000][1][safepoint    ] Leaving safepoint region
[2019-12-09T09:10:58.225+0000][1][safepoint    ] Total time for which application threads were stopped: 0.0000707 seconds, Stopping threads took: 0.0000179 seconds
[2019-12-09T09:10:59.225+0000][1][safepoint    ] Application time: 1.0000778 seconds
[2019-12-09T09:10:59.225+0000][1][safepoint    ] Entering safepoint region: Cleanup
[2019-12-09T09:10:59.225+0000][1][safepoint    ] Leaving safepoint region
[2019-12-09T09:10:59.225+0000][1][safepoint    ] Total time for which application threads were stopped: 0.0000695 seconds, Stopping threads took: 0.0000169 seconds
[2019-12-09T09:11:00.225+0000][1][safepoint    ] Application time: 1.0000788 seconds
[2019-12-09T09:11:00.226+0000][1][safepoint    ] Entering safepoint region: Cleanup
[2019-12-09T09:11:00.226+0000][1][safepoint    ] Leaving safepoint region
[2019-12-09T09:11:00.226+0000][1][safepoint    ] Total time for which application threads were stopped: 0.0000679 seconds, Stopping threads took: 0.0000176 seconds
[2019-12-09T09:11:01.226+0000][1][safepoint    ] Application time: 1.0000776 seconds
[2019-12-09T09:11:01.226+0000][1][safepoint    ] Entering safepoint region: Cleanup
[2019-12-09T09:11:01.226+0000][1][safepoint    ] Leaving safepoint region
[2019-12-09T09:11:01.226+0000][1][safepoint    ] Total time for which application threads were stopped: 0.0000670 seconds, Stopping threads took: 0.0000169 seconds
[2019-12-09T09:11:02.226+0000][1][safepoint    ] Application time: 1.0000803 seconds
[2019-12-09T09:11:02.226+0000][1][safepoint    ] Entering safepoint region: Cleanup
[2019-12-09T09:11:02.226+0000][1][safepoint    ] Leaving safepoint region
[2019-12-09T09:11:02.226+0000][1][safepoint    ] Total time for which application threads were stopped: 0.0000754 seconds, Stopping threads took: 0.0000216 seconds
[2019-12-09T09:11:03.226+0000][1][safepoint    ] Application time: 1.0000781 seconds
[2019-12-09T09:11:03.226+0000][1][safepoint    ] Entering safepoint region: Cleanup
[2019-12-09T09:11:03.226+0000][1][safepoint    ] Leaving safepoint region
[2019-12-09T09:11:03.226+0000][1][safepoint    ] Total time for which application threads were stopped: 0.0000689 seconds, Stopping threads took: 0.0000176 seconds
[2019-12-09T09:11:04.226+0000][1][safepoint    ] Application time: 1.0000783 seconds
[2019-12-09T09:11:04.226+0000][1][safepoint    ] Entering safepoint region: Cleanup
[2019-12-09T09:11:04.226+0000][1][safepoint    ] Leaving safepoint region
[2019-12-09T09:11:04.226+0000][1][safepoint    ] Total time for which application threads were stopped: 0.0000690 seconds, Stopping threads took: 0.0000159 seconds
[2019-12-09T09:11:05.226+0000][1][safepoint    ] Application time: 1.0000790 seconds
[2019-12-09T09:11:05.227+0000][1][safepoint    ] Entering safepoint region: Cleanup
[2019-12-09T09:11:05.227+0000][1][safepoint    ] Leaving safepoint region
[2019-12-09T09:11:05.227+0000][1][safepoint    ] Total time for which application threads were stopped: 0.0000702 seconds, Stopping threads took: 0.0000182 seconds
[2019-12-09T09:11:06.227+0000][1][safepoint    ] Application time: 1.0000773 seconds
[2019-12-09T09:11:06.227+0000][1][safepoint    ] Entering safepoint region: Cleanup
[2019-12-09T09:11:06.227+0000][1][safepoint    ] Leaving safepoint region
[2019-12-09T09:11:06.227+0000][1][safepoint    ] Total time for which application threads were stopped: 0.0000707 seconds, Stopping threads took: 0.0000176 seconds
[2019-12-09T09:11:07.227+0000][1][safepoint    ] Application time: 1.0000790 seconds
[2019-12-09T09:11:07.227+0000][1][safepoint    ] Entering safepoint region: Cleanup
[2019-12-09T09:11:07.227+0000][1][safepoint    ] Leaving safepoint region
[2019-12-09T09:11:07.227+0000][1][safepoint    ] Total time for which application threads were stopped: 0.0000708 seconds, Stopping threads took: 0.0000174 seconds
[2019-12-09T09:11:08.227+0000][1][safepoint    ] Application time: 1.0000763 seconds
[2019-12-09T09:11:08.227+0000][1][safepoint    ] Entering safepoint region: Cleanup
[2019-12-09T09:11:08.227+0000][1][safepoint    ] Leaving safepoint region
[2019-12-09T09:11:08.227+0000][1][safepoint    ] Total time for which application threads were stopped: 0.0000689 seconds, Stopping threads took: 0.0000169 seconds
[2019-12-09T09:11:09.227+0000][1][safepoint    ] Application time: 1.0000768 seconds
[2019-12-09T09:11:09.227+0000][1][safepoint    ] Entering safepoint region: Cleanup
[2019-12-09T09:11:09.227+0000][1][safepoint    ] Leaving safepoint region
[2019-12-09T09:11:09.227+0000][1][safepoint    ] Total time for which application threads were stopped: 0.0000691 seconds, Stopping threads took: 0.0000177 seconds
[2019-12-09T09:11:10.227+0000][1][safepoint    ] Application time: 1.0000769 seconds
[2019-12-09T09:11:10.227+0000][1][safepoint    ] Entering safepoint region: Cleanup
[2019-12-09T09:11:10.228+0000][1][safepoint    ] Leaving safepoint region
[2019-12-09T09:11:10.228+0000][1][safepoint    ] Total time for which application threads were stopped: 0.0000762 seconds, Stopping threads took: 0.0000250 seconds
[2019-12-09T09:11:11.228+0000][1][safepoint    ] Application time: 1.0000757 seconds
[2019-12-09T09:11:11.228+0000][1][safepoint    ] Entering safepoint region: Cleanup
[2019-12-09T09:11:11.228+0000][1][safepoint    ] Leaving safepoint region
[2019-12-09T09:11:11.228+0000][1][safepoint    ] Total time for which application threads were stopped: 0.0000766 seconds, Stopping threads took: 0.0000243 seconds
[2019-12-09T09:11:12.228+0000][1][safepoint    ] Application time: 1.0000744 seconds
[2019-12-09T09:11:12.228+0000][1][safepoint    ] Entering safepoint region: Cleanup
[2019-12-09T09:11:12.228+0000][1][safepoint    ] Leaving safepoint region
[2019-12-09T09:11:12.228+0000][1][safepoint    ] Total time for which application threads were stopped: 0.0000717 seconds, Stopping threads took: 0.0000186 seconds
[2019-12-09T09:11:13.228+0000][1][safepoint    ] Application time: 1.0000760 seconds
[2019-12-09T09:11:13.228+0000][1][safepoint    ] Entering safepoint region: Cleanup
[2019-12-09T09:11:13.228+0000][1][safepoint    ] Leaving safepoint region
[2019-12-09T09:11:13.228+0000][1][safepoint    ] Total time for which application threads were stopped: 0.0000690 seconds, Stopping threads took: 0.0000172 seconds
[2019-12-09T09:11:14.228+0000][1][safepoint    ] Application time: 1.0000771 seconds
[2019-12-09T09:11:14.228+0000][1][safepoint    ] Entering safepoint region: Cleanup
[2019-12-09T09:11:14.228+0000][1][safepoint    ] Leaving safepoint region
[2019-12-09T09:11:14.228+0000][1][safepoint    ] Total time for which application threads were stopped: 0.0000659 seconds, Stopping threads took: 0.0000164 seconds
[2019-12-09T09:11:15.228+0000][1][safepoint    ] Application time: 1.0000774 seconds
[2019-12-09T09:11:15.228+0000][1][safepoint    ] Entering safepoint region: Cleanup
[2019-12-09T09:11:15.229+0000][1][safepoint    ] Leaving safepoint region
[2019-12-09T09:11:15.229+0000][1][safepoint    ] Total time for which application threads were stopped: 0.0000700 seconds, Stopping threads took: 0.0000172 seconds
[2019-12-09T09:11:16.229+0000][1][safepoint    ] Application time: 1.0000779 seconds
[2019-12-09T09:11:16.229+0000][1][safepoint    ] Entering safepoint region: Cleanup
[2019-12-09T09:11:16.229+0000][1][safepoint    ] Leaving safepoint region
[2019-12-09T09:11:16.229+0000][1][safepoint    ] Total time for which application threads were stopped: 0.0000791 seconds, Stopping threads took: 0.0000167 seconds
[2019-12-09T09:11:17.229+0000][1][safepoint    ] Application time: 1.0000743 seconds
[2019-12-09T09:11:17.229+0000][1][safepoint    ] Entering safepoint region: Cleanup
[2019-12-09T09:11:17.229+0000][1][safepoint    ] Leaving safepoint region
[2019-12-09T09:11:17.229+0000][1][safepoint    ] Total time for which application threads were stopped: 0.0000673 seconds, Stopping threads took: 0.0000174 seconds
[2019-12-09T09:11:18.229+0000][1][safepoint    ] Application time: 1.0000757 seconds
[2019-12-09T09:11:18.229+0000][1][safepoint    ] Entering safepoint region: Cleanup
[2019-12-09T09:11:18.229+0000][1][safepoint    ] Leaving safepoint region
[2019-12-09T09:11:18.229+0000][1][safepoint    ] Total time for which application threads were stopped: 0.0000689 seconds, Stopping threads took: 0.0000181 seconds
[2019-12-09T09:11:19.229+0000][1][safepoint    ] Application time: 1.0000756 seconds
[2019-12-09T09:11:19.229+0000][1][safepoint    ] Entering safepoint region: Cleanup
[2019-12-09T09:11:19.229+0000][1][safepoint    ] Leaving safepoint region
[2019-12-09T09:11:19.229+0000][1][safepoint    ] Total time for which application threads were stopped: 0.0000691 seconds, Stopping threads took: 0.0000163 seconds
[2019-12-09T09:11:20.229+0000][1][safepoint    ] Application time: 1.0000774 seconds
[2019-12-09T09:11:20.229+0000][1][safepoint    ] Entering safepoint region: Cleanup
[2019-12-09T09:11:20.229+0000][1][safepoint    ] Leaving safepoint region
[2019-12-09T09:11:20.229+0000][1][safepoint    ] Total time for which application threads were stopped: 0.0000689 seconds, Stopping threads took: 0.0000171 seconds
[2019-12-09T09:11:21.230+0000][1][safepoint    ] Application time: 1.0000754 seconds
[2019-12-09T09:11:21.230+0000][1][safepoint    ] Entering safepoint region: Cleanup
[2019-12-09T09:11:21.230+0000][1][safepoint    ] Leaving safepoint region
[2019-12-09T09:11:21.230+0000][1][safepoint    ] Total time for which application threads were stopped: 0.0000684 seconds, Stopping threads took: 0.0000165 seconds
[2019-12-09T09:11:22.230+0000][1][safepoint    ] Application time: 1.0000751 seconds
[2019-12-09T09:11:22.230+0000][1][safepoint    ] Entering safepoint region: Cleanup
[2019-12-09T09:11:22.230+0000][1][safepoint    ] Leaving safepoint region
[2019-12-09T09:11:22.230+0000][1][safepoint    ] Total time for which application threads were stopped: 0.0000699 seconds, Stopping threads took: 0.0000176 seconds
[2019-12-09T09:11:23.558+0000][1][safepoint    ] Application time: 1.3279128 seconds
[2019-12-09T09:11:23.558+0000][1][safepoint    ] Entering safepoint region: Cleanup
[2019-12-09T09:11:23.558+0000][1][safepoint    ] Leaving safepoint region
[2019-12-09T09:11:23.558+0000][1][safepoint    ] Total time for which application threads were stopped: 0.0000606 seconds, Stopping threads took: 0.0000150 seconds
[2019-12-09T09:11:24.558+0000][1][safepoint    ] Application time: 1.0000744 seconds
[2019-12-09T09:11:24.558+0000][1][safepoint    ] Entering safepoint region: Cleanup
[2019-12-09T09:11:24.558+0000][1][safepoint    ] Leaving safepoint region
[2019-12-09T09:11:24.558+0000][1][safepoint    ] Total time for which application threads were stopped: 0.0000625 seconds, Stopping threads took: 0.0000142 seconds
[2019-12-09T09:11:25.558+0000][1][safepoint    ] Application time: 1.0000752 seconds
[2019-12-09T09:11:25.558+0000][1][safepoint    ] Entering safepoint region: Cleanup
[2019-12-09T09:11:25.558+0000][1][safepoint    ] Leaving safepoint region
[2019-12-09T09:11:25.558+0000][1][safepoint    ] Total time for which application threads were stopped: 0.0000643 seconds, Stopping threads took: 0.0000201 seconds
[2019-12-09T09:11:26.558+0000][1][safepoint    ] Application time: 1.0000748 seconds
[2019-12-09T09:11:26.558+0000][1][safepoint    ] Entering safepoint region: Cleanup
[2019-12-09T09:11:26.558+0000][1][safepoint    ] Leaving safepoint region
[2019-12-09T09:11:26.558+0000][1][safepoint    ] Total time for which application threads were stopped: 0.0000620 seconds, Stopping threads took: 0.0000151 seconds
[2019-12-09T09:11:27.558+0000][1][safepoint    ] Application time: 1.0000731 seconds
[2019-12-09T09:11:27.559+0000][1][safepoint    ] Entering safepoint region: Cleanup
[2019-12-09T09:11:27.559+0000][1][safepoint    ] Leaving safepoint region
[2019-12-09T09:11:27.559+0000][1][safepoint    ] Total time for which application threads were stopped: 0.0000605 seconds, Stopping threads took: 0.0000155 seconds
[2019-12-09T09:11:28.559+0000][1][safepoint    ] Application time: 1.0000754 seconds
[2019-12-09T09:11:28.559+0000][1][safepoint    ] Entering safepoint region: Cleanup
[2019-12-09T09:11:28.559+0000][1][safepoint    ] Leaving safepoint region
[2019-12-09T09:11:28.559+0000][1][safepoint    ] Total time for which application threads were stopped: 0.0000600 seconds, Stopping threads took: 0.0000153 seconds
[2019-12-09T09:11:29.559+0000][1][safepoint    ] Application time: 1.0000759 seconds
[2019-12-09T09:11:29.559+0000][1][safepoint    ] Entering safepoint region: Cleanup
[2019-12-09T09:11:29.559+0000][1][safepoint    ] Leaving safepoint region
[2019-12-09T09:11:29.559+0000][1][safepoint    ] Total time for which application threads were stopped: 0.0000641 seconds, Stopping threads took: 0.0000161 seconds
[2019-12-09T09:11:30.559+0000][1][safepoint    ] Application time: 1.0000759 seconds
[2019-12-09T09:11:30.559+0000][1][safepoint    ] Entering safepoint region: Cleanup
[2019-12-09T09:11:30.559+0000][1][safepoint    ] Leaving safepoint region
[2019-12-09T09:11:30.559+0000][1][safepoint    ] Total time for which application threads were stopped: 0.0000649 seconds, Stopping threads took: 0.0000164 seconds
[2019-12-09T09:11:31.559+0000][1][safepoint    ] Application time: 1.0000749 seconds
[2019-12-09T09:11:31.559+0000][1][safepoint    ] Entering safepoint region: Cleanup
[2019-12-09T09:11:31.559+0000][1][safepoint    ] Leaving safepoint region
[2019-12-09T09:11:31.559+0000][1][safepoint    ] Total time for which application threads were stopped: 0.0000627 seconds, Stopping threads took: 0.0000154 seconds
[2019-12-09T09:11:32.559+0000][1][safepoint    ] Application time: 1.0000743 seconds
[2019-12-09T09:11:32.559+0000][1][safepoint    ] Entering safepoint region: Cleanup
[2019-12-09T09:11:32.559+0000][1][safepoint    ] Leaving safepoint region
[2019-12-09T09:11:32.559+0000][1][safepoint    ] Total time for which application threads were stopped: 0.0000595 seconds, Stopping threads took: 0.0000154 seconds
[2019-12-09T09:11:33.560+0000][1][safepoint    ] Application time: 1.0000760 seconds
[2019-12-09T09:11:33.560+0000][1][safepoint    ] Entering safepoint region: Cleanup
[2019-12-09T09:11:33.560+0000][1][safepoint    ] Leaving safepoint region
[2019-12-09T09:11:33.560+0000][1][safepoint    ] Total time for which application threads were stopped: 0.0000657 seconds, Stopping threads took: 0.0000161 seconds
[2019-12-09T09:11:34.560+0000][1][safepoint    ] Application time: 1.0000759 seconds
[2019-12-09T09:11:34.560+0000][1][safepoint    ] Entering safepoint region: Cleanup
[2019-12-09T09:11:34.560+0000][1][safepoint    ] Leaving safepoint region
[2019-12-09T09:11:34.560+0000][1][safepoint    ] Total time for which application threads were stopped: 0.0000697 seconds, Stopping threads took: 0.0000181 seconds
[2019-12-09T09:11:35.560+0000][1][safepoint    ] Application time: 1.0000769 seconds
[2019-12-09T09:11:35.560+0000][1][safepoint    ] Entering safepoint region: Cleanup
[2019-12-09T09:11:35.560+0000][1][safepoint    ] Leaving safepoint region
[2019-12-09T09:11:35.560+0000][1][safepoint    ] Total time for which application threads were stopped: 0.0000740 seconds, Stopping threads took: 0.0000249 seconds
[2019-12-09T09:11:36.560+0000][1][safepoint    ] Application time: 1.0000753 seconds
[2019-12-09T09:11:36.560+0000][1][safepoint    ] Entering safepoint region: Cleanup
[2019-12-09T09:11:36.560+0000][1][safepoint    ] Leaving safepoint region
[2019-12-09T09:11:36.560+0000][1][safepoint    ] Total time for which application threads were stopped: 0.0000656 seconds, Stopping threads took: 0.0000156 seconds
[2019-12-09T09:11:37.560+0000][1][safepoint    ] Application time: 1.0000737 seconds
[2019-12-09T09:11:37.560+0000][1][safepoint    ] Entering safepoint region: Cleanup
[2019-12-09T09:11:37.560+0000][1][safepoint    ] Leaving safepoint region
[2019-12-09T09:11:37.560+0000][1][safepoint    ] Total time for which application threads were stopped: 0.0000607 seconds, Stopping threads took: 0.0000141 seconds
[2019-12-09T09:11:38.590+0000][1][safepoint    ] Application time: 1.0293426 seconds
[2019-12-09T09:11:38.590+0000][1][safepoint    ] Entering safepoint region: Cleanup
[2019-12-09T09:11:38.590+0000][1][safepoint    ] Leaving safepoint region
[2019-12-09T09:11:38.590+0000][1][safepoint    ] Total time for which application threads were stopped: 0.0000652 seconds, Stopping threads took: 0.0000159 seconds
[2019-12-09T09:11:39.590+0000][1][safepoint    ] Application time: 1.0000810 seconds
[2019-12-09T09:11:39.590+0000][1][safepoint    ] Entering safepoint region: Cleanup
[2019-12-09T09:11:39.590+0000][1][safepoint    ] Leaving safepoint region
[2019-12-09T09:11:39.590+0000][1][safepoint    ] Total time for which application threads were stopped: 0.0000643 seconds, Stopping threads took: 0.0000158 seconds
[2019-12-09T09:11:40.590+0000][1][safepoint    ] Application time: 1.0000765 seconds
[2019-12-09T09:11:40.590+0000][1][safepoint    ] Entering safepoint region: Cleanup
[2019-12-09T09:11:40.590+0000][1][safepoint    ] Leaving safepoint region
[2019-12-09T09:11:40.590+0000][1][safepoint    ] Total time for which application threads were stopped: 0.0000652 seconds, Stopping threads took: 0.0000159 seconds
[2019-12-09T09:11:41.590+0000][1][safepoint    ] Application time: 1.0000749 seconds
[2019-12-09T09:11:41.590+0000][1][safepoint    ] Entering safepoint region: Cleanup
[2019-12-09T09:11:41.590+0000][1][safepoint    ] Leaving safepoint region
[2019-12-09T09:11:41.590+0000][1][safepoint    ] Total time for which application threads were stopped: 0.0000666 seconds, Stopping threads took: 0.0000170 seconds
[2019-12-09T09:11:42.590+0000][1][safepoint    ] Application time: 1.0000747 seconds
[2019-12-09T09:11:42.590+0000][1][safepoint    ] Entering safepoint region: Cleanup
[2019-12-09T09:11:42.591+0000][1][safepoint    ] Leaving safepoint region
[2019-12-09T09:11:42.591+0000][1][safepoint    ] Total time for which application threads were stopped: 0.0000625 seconds, Stopping threads took: 0.0000151 seconds
[2019-12-09T09:11:43.591+0000][1][safepoint    ] Application time: 1.0000769 seconds
[2019-12-09T09:11:43.591+0000][1][safepoint    ] Entering safepoint region: Cleanup
[2019-12-09T09:11:43.591+0000][1][safepoint    ] Leaving safepoint region
[2019-12-09T09:11:43.591+0000][1][safepoint    ] Total time for which application threads were stopped: 0.0000670 seconds, Stopping threads took: 0.0000172 seconds
[2019-12-09T09:11:44.591+0000][1][safepoint    ] Application time: 1.0000790 seconds
[2019-12-09T09:11:44.591+0000][1][safepoint    ] Entering safepoint region: Cleanup
[2019-12-09T09:11:44.591+0000][1][safepoint    ] Leaving safepoint region
[2019-12-09T09:11:44.591+0000][1][safepoint    ] Total time for which application threads were stopped: 0.0000651 seconds, Stopping threads took: 0.0000166 seconds
[2019-12-09T09:11:45.591+0000][1][safepoint    ] Application time: 1.0000785 seconds
[2019-12-09T09:11:45.591+0000][1][safepoint    ] Entering safepoint region: Cleanup
[2019-12-09T09:11:45.591+0000][1][safepoint    ] Leaving safepoint region
[2019-12-09T09:11:45.591+0000][1][safepoint    ] Total time for which application threads were stopped: 0.0000678 seconds, Stopping threads took: 0.0000168 seconds
[2019-12-09T09:11:46.591+0000][1][safepoint    ] Application time: 1.0000772 seconds
[2019-12-09T09:11:46.591+0000][1][safepoint    ] Entering safepoint region: Cleanup
[2019-12-09T09:11:46.591+0000][1][safepoint    ] Leaving safepoint region
[2019-12-09T09:11:46.591+0000][1][safepoint    ] Total time for which application threads were stopped: 0.0000669 seconds, Stopping threads took: 0.0000169 seconds
[2019-12-09T09:11:47.591+0000][1][safepoint    ] Application time: 1.0000767 seconds
[2019-12-09T09:11:47.591+0000][1][safepoint    ] Entering safepoint region: Cleanup
[2019-12-09T09:11:47.592+0000][1][safepoint    ] Leaving safepoint region
[2019-12-09T09:11:47.592+0000][1][safepoint    ] Total time for which application threads were stopped: 0.0000658 seconds, Stopping threads took: 0.0000165 seconds
[2019-12-09T09:11:48.592+0000][1][safepoint    ] Application time: 1.0000772 seconds
[2019-12-09T09:11:48.592+0000][1][safepoint    ] Entering safepoint region: Cleanup
[2019-12-09T09:11:48.592+0000][1][safepoint    ] Leaving safepoint region
[2019-12-09T09:11:48.592+0000][1][safepoint    ] Total time for which application threads were stopped: 0.0000790 seconds, Stopping threads took: 0.0000165 seconds
[2019-12-09T09:11:49.592+0000][1][safepoint    ] Application time: 1.0000780 seconds
[2019-12-09T09:11:49.592+0000][1][safepoint    ] Entering safepoint region: Cleanup
[2019-12-09T09:11:49.592+0000][1][safepoint    ] Leaving safepoint region
[2019-12-09T09:11:49.592+0000][1][safepoint    ] Total time for which application threads were stopped: 0.0000649 seconds, Stopping threads took: 0.0000159 seconds
[2019-12-09T09:11:50.592+0000][1][safepoint    ] Application time: 1.0000775 seconds
[2019-12-09T09:11:50.592+0000][1][safepoint    ] Entering safepoint region: Cleanup
[2019-12-09T09:11:50.592+0000][1][safepoint    ] Leaving safepoint region
[2019-12-09T09:11:50.592+0000][1][safepoint    ] Total time for which application threads were stopped: 0.0000683 seconds, Stopping threads took: 0.0000171 seconds
[2019-12-09T09:11:51.592+0000][1][safepoint    ] Application time: 1.0000774 seconds
[2019-12-09T09:11:51.592+0000][1][safepoint    ] Entering safepoint region: Cleanup
[2019-12-09T09:11:51.592+0000][1][safepoint    ] Leaving safepoint region
[2019-12-09T09:11:51.592+0000][1][safepoint    ] Total time for which application threads were stopped: 0.0000659 seconds, Stopping threads took: 0.0000157 seconds
[2019-12-09T09:11:52.592+0000][1][safepoint    ] Application time: 1.0000748 seconds
[2019-12-09T09:11:52.592+0000][1][safepoint    ] Entering safepoint region: Cleanup
[2019-12-09T09:11:52.592+0000][1][safepoint    ] Leaving safepoint region
[2019-12-09T09:11:52.592+0000][1][safepoint    ] Total time for which application threads were stopped: 0.0000657 seconds, Stopping threads took: 0.0000161 seconds
[2019-12-09T09:11:53.593+0000][1][safepoint    ] Application time: 1.0000755 seconds
[2019-12-09T09:11:53.593+0000][1][safepoint    ] Entering safepoint region: Cleanup
[2019-12-09T09:11:53.593+0000][1][safepoint    ] Leaving safepoint region
[2019-12-09T09:11:53.593+0000][1][safepoint    ] Total time for which application threads were stopped: 0.0000646 seconds, Stopping threads took: 0.0000153 seconds
[2019-12-09T09:11:54.593+0000][1][safepoint    ] Application time: 1.0000768 seconds
[2019-12-09T09:11:54.593+0000][1][safepoint    ] Entering safepoint region: Cleanup
[2019-12-09T09:11:54.593+0000][1][safepoint    ] Leaving safepoint region
[2019-12-09T09:11:54.593+0000][1][safepoint    ] Total time for which application threads were stopped: 0.0000663 seconds, Stopping threads took: 0.0000156 seconds
[2019-12-09T09:11:55.593+0000][1][safepoint    ] Application time: 1.0000767 seconds
[2019-12-09T09:11:55.593+0000][1][safepoint    ] Entering safepoint region: Cleanup
[2019-12-09T09:11:55.593+0000][1][safepoint    ] Leaving safepoint region
[2019-12-09T09:11:55.593+0000][1][safepoint    ] Total time for which application threads were stopped: 0.0000685 seconds, Stopping threads took: 0.0000173 seconds
[2019-12-09T09:11:56.537+0000][1][safepoint    ] Application time: 0.9442291 seconds
[2019-12-09T09:11:56.537+0000][1][safepoint    ] Entering safepoint region: GenCollectForAllocation
[2019-12-09T09:11:56.537+0000][1][gc,start     ] GC(88) Pause Young (Allocation Failure)
[2019-12-09T09:11:56.537+0000][1][gc,task      ] GC(88) Using 2 workers of 2 for evacuation
[2019-12-09T09:11:56.539+0000][1][gc,age       ] GC(88) Desired survivor size 4456448 bytes, new threshold 6 (max threshold 6)
[2019-12-09T09:11:56.539+0000][1][gc,age       ] GC(88) Age table with threshold 6 (max threshold 6)
[2019-12-09T09:11:56.539+0000][1][gc,age       ] GC(88) - age   1:       3088 bytes,       3088 total
[2019-12-09T09:11:56.539+0000][1][gc,age       ] GC(88) - age   4:        104 bytes,       3192 total
[2019-12-09T09:11:56.539+0000][1][gc,heap      ] GC(88) ParNew: 69958K->4K(78656K)
[2019-12-09T09:11:56.539+0000][1][gc,heap      ] GC(88) CMS: 69465K->69465K(174784K)
[2019-12-09T09:11:56.539+0000][1][gc,metaspace ] GC(88) Metaspace: 68492K->68492K(1112064K)
[2019-12-09T09:11:56.539+0000][1][gc           ] GC(88) Pause Young (Allocation Failure) 136M->67M(247M) 1.361ms
[2019-12-09T09:11:56.539+0000][1][gc,cpu       ] GC(88) User=0.00s Sys=0.00s Real=0.00s
[2019-12-09T09:11:56.539+0000][1][safepoint    ] Leaving safepoint region
[2019-12-09T09:11:56.539+0000][1][safepoint    ] Total time for which application threads were stopped: 0.0014961 seconds, Stopping threads took: 0.0000155 seconds
[2019-12-09T09:11:57.539+0000][1][safepoint    ] Application time: 1.0000865 seconds
[2019-12-09T09:11:57.539+0000][1][safepoint    ] Entering safepoint region: Cleanup
[2019-12-09T09:11:57.539+0000][1][safepoint    ] Leaving safepoint region
[2019-12-09T09:11:57.539+0000][1][safepoint    ] Total time for which application threads were stopped: 0.0000673 seconds, Stopping threads took: 0.0000168 seconds
[2019-12-09T09:11:58.539+0000][1][safepoint    ] Application time: 1.0000753 seconds
[2019-12-09T09:11:58.539+0000][1][safepoint    ] Entering safepoint region: Cleanup
[2019-12-09T09:11:58.539+0000][1][safepoint    ] Leaving safepoint region
[2019-12-09T09:11:58.539+0000][1][safepoint    ] Total time for which application threads were stopped: 0.0000644 seconds, Stopping threads took: 0.0000161 seconds
[2019-12-09T09:11:59.539+0000][1][safepoint    ] Application time: 1.0000814 seconds
[2019-12-09T09:11:59.539+0000][1][safepoint    ] Entering safepoint region: Cleanup
[2019-12-09T09:11:59.539+0000][1][safepoint    ] Leaving safepoint region
[2019-12-09T09:11:59.539+0000][1][safepoint    ] Total time for which application threads were stopped: 0.0000693 seconds, Stopping threads took: 0.0000169 seconds
[2019-12-09T09:12:00.539+0000][1][safepoint    ] Application time: 1.0000768 seconds
[2019-12-09T09:12:00.539+0000][1][safepoint    ] Entering safepoint region: Cleanup
[2019-12-09T09:12:00.540+0000][1][safepoint    ] Leaving safepoint region
[2019-12-09T09:12:00.540+0000][1][safepoint    ] Total time for which application threads were stopped: 0.0000775 seconds, Stopping threads took: 0.0000173 seconds
[2019-12-09T09:12:01.540+0000][1][safepoint    ] Application time: 1.0000826 seconds
[2019-12-09T09:12:01.540+0000][1][safepoint    ] Entering safepoint region: Cleanup
[2019-12-09T09:12:01.540+0000][1][safepoint    ] Leaving safepoint region
[2019-12-09T09:12:01.540+0000][1][safepoint    ] Total time for which application threads were stopped: 0.0001079 seconds, Stopping threads took: 0.0000512 seconds
[2019-12-09T09:12:02.540+0000][1][safepoint    ] Application time: 1.0000894 seconds
[2019-12-09T09:12:02.540+0000][1][safepoint    ] Entering safepoint region: Cleanup
[2019-12-09T09:12:02.540+0000][1][safepoint    ] Leaving safepoint region
[2019-12-09T09:12:02.540+0000][1][safepoint    ] Total time for which application threads were stopped: 0.0000679 seconds, Stopping threads took: 0.0000178 seconds
[2019-12-09T09:12:03.540+0000][1][safepoint    ] Application time: 1.0000747 seconds
[2019-12-09T09:12:03.540+0000][1][safepoint    ] Entering safepoint region: Cleanup
[2019-12-09T09:12:03.540+0000][1][safepoint    ] Leaving safepoint region
[2019-12-09T09:12:03.540+0000][1][safepoint    ] Total time for which application threads were stopped: 0.0000662 seconds, Stopping threads took: 0.0000165 seconds
[2019-12-09T09:12:04.540+0000][1][safepoint    ] Application time: 1.0000749 seconds
[2019-12-09T09:12:04.540+0000][1][safepoint    ] Entering safepoint region: Cleanup
[2019-12-09T09:12:04.540+0000][1][safepoint    ] Leaving safepoint region
[2019-12-09T09:12:04.540+0000][1][safepoint    ] Total time for which application threads were stopped: 0.0000668 seconds, Stopping threads took: 0.0000165 seconds
[2019-12-09T09:12:05.540+0000][1][safepoint    ] Application time: 1.0000767 seconds
[2019-12-09T09:12:05.541+0000][1][safepoint    ] Entering safepoint region: Cleanup
[2019-12-09T09:12:05.541+0000][1][safepoint    ] Leaving safepoint region
[2019-12-09T09:12:05.541+0000][1][safepoint    ] Total time for which application threads were stopped: 0.0000731 seconds, Stopping threads took: 0.0000229 seconds
[2019-12-09T09:12:06.541+0000][1][safepoint    ] Application time: 1.0000766 seconds
[2019-12-09T09:12:06.541+0000][1][safepoint    ] Entering safepoint region: Cleanup
[2019-12-09T09:12:06.541+0000][1][safepoint    ] Leaving safepoint region
[2019-12-09T09:12:06.541+0000][1][safepoint    ] Total time for which application threads were stopped: 0.0000682 seconds, Stopping threads took: 0.0000170 seconds
[2019-12-09T09:12:07.541+0000][1][safepoint    ] Application time: 1.0000761 seconds
[2019-12-09T09:12:07.541+0000][1][safepoint    ] Entering safepoint region: Cleanup
[2019-12-09T09:12:07.541+0000][1][safepoint    ] Leaving safepoint region
[2019-12-09T09:12:07.541+0000][1][safepoint    ] Total time for which application threads were stopped: 0.0000664 seconds, Stopping threads took: 0.0000160 seconds
[2019-12-09T09:12:09.258+0000][1][safepoint    ] Application time: 1.7174656 seconds
[2019-12-09T09:12:09.258+0000][1][safepoint    ] Entering safepoint region: Cleanup
[2019-12-09T09:12:09.259+0000][1][safepoint    ] Leaving safepoint region
[2019-12-09T09:12:09.259+0000][1][safepoint    ] Total time for which application threads were stopped: 0.0000671 seconds, Stopping threads took: 0.0000169 seconds
[2019-12-09T09:12:10.259+0000][1][safepoint    ] Application time: 1.0000774 seconds
[2019-12-09T09:12:10.259+0000][1][safepoint    ] Entering safepoint region: Cleanup
[2019-12-09T09:12:10.259+0000][1][safepoint    ] Leaving safepoint region
[2019-12-09T09:12:10.259+0000][1][safepoint    ] Total time for which application threads were stopped: 0.0000838 seconds, Stopping threads took: 0.0000163 seconds
[2019-12-09T09:12:11.259+0000][1][safepoint    ] Application time: 1.0000765 seconds
[2019-12-09T09:12:11.259+0000][1][safepoint    ] Entering safepoint region: Cleanup
[2019-12-09T09:12:11.259+0000][1][safepoint    ] Leaving safepoint region
[2019-12-09T09:12:11.259+0000][1][safepoint    ] Total time for which application threads were stopped: 0.0000759 seconds, Stopping threads took: 0.0000168 seconds
[2019-12-09T09:12:12.259+0000][1][safepoint    ] Application time: 1.0000775 seconds
[2019-12-09T09:12:12.259+0000][1][safepoint    ] Entering safepoint region: Cleanup
[2019-12-09T09:12:12.259+0000][1][safepoint    ] Leaving safepoint region
[2019-12-09T09:12:12.259+0000][1][safepoint    ] Total time for which application threads were stopped: 0.0000671 seconds, Stopping threads took: 0.0000158 seconds
[2019-12-09T09:12:13.259+0000][1][safepoint    ] Application time: 1.0000755 seconds
[2019-12-09T09:12:13.259+0000][1][safepoint    ] Entering safepoint region: Cleanup
[2019-12-09T09:12:13.259+0000][1][safepoint    ] Leaving safepoint region
[2019-12-09T09:12:13.259+0000][1][safepoint    ] Total time for which application threads were stopped: 0.0000673 seconds, Stopping threads took: 0.0000165 seconds
[2019-12-09T09:12:14.259+0000][1][safepoint    ] Application time: 1.0000790 seconds
