[2019-12-11T08:28:58.958+0000][1][gc] Using Concurrent Mark Sweep
[2019-12-11T08:28:58.958+0000][1][gc,heap,coops] Heap address: 0x00000000f0000000, size: 256 MB, Compressed Oops mode: 32-bit
[2019-12-11T08:28:59.193+0000][1][safepoint    ] Entering safepoint region: EnableBiasedLocking
[2019-12-11T08:28:59.193+0000][1][safepoint    ] Leaving safepoint region
[2019-12-11T08:28:59.193+0000][1][safepoint    ] Total time for which application threads were stopped: 0.0009254 seconds, Stopping threads took: 0.0008557 seconds
[2019-12-11T08:28:59.210+0000][1][safepoint    ] Application time: 0.0168282 seconds
[2019-12-11T08:28:59.259+0000][1][safepoint    ] Entering safepoint region: RevokeBias
[2019-12-11T08:28:59.259+0000][1][safepoint    ] Leaving safepoint region
[2019-12-11T08:28:59.259+0000][1][safepoint    ] Total time for which application threads were stopped: 0.0488538 seconds, Stopping threads took: 0.0487672 seconds
[2019-12-11T08:28:59.267+0000][1][safepoint    ] Application time: 0.0076585 seconds
[2019-12-11T08:28:59.267+0000][1][safepoint    ] Entering safepoint region: Deoptimize
[2019-12-11T08:28:59.267+0000][1][safepoint    ] Leaving safepoint region
[2019-12-11T08:28:59.267+0000][1][safepoint    ] Total time for which application threads were stopped: 0.0000505 seconds, Stopping threads took: 0.0000097 seconds
[2019-12-11T08:28:59.651+0000][1][safepoint    ] Application time: 0.3846122 seconds
[2019-12-11T08:28:59.651+0000][1][safepoint    ] Entering safepoint region: Deoptimize
[2019-12-11T08:28:59.651+0000][1][safepoint    ] Leaving safepoint region
[2019-12-11T08:28:59.651+0000][1][safepoint    ] Total time for which application threads were stopped: 0.0001542 seconds, Stopping threads took: 0.0000523 seconds
[2019-12-11T08:29:00.655+0000][1][safepoint    ] Application time: 1.0032784 seconds
[2019-12-11T08:29:00.655+0000][1][safepoint    ] Entering safepoint region: Cleanup
[2019-12-11T08:29:00.655+0000][1][safepoint    ] Leaving safepoint region
[2019-12-11T08:29:00.655+0000][1][safepoint    ] Total time for which application threads were stopped: 0.0000730 seconds, Stopping threads took: 0.0000118 seconds
[2019-12-11T08:29:01.656+0000][1][safepoint    ] Application time: 1.0015652 seconds
[2019-12-11T08:29:01.718+0000][1][safepoint    ] Entering safepoint region: Cleanup
[2019-12-11T08:29:01.718+0000][1][safepoint    ] Leaving safepoint region
[2019-12-11T08:29:01.718+0000][1][safepoint    ] Total time for which application threads were stopped: 0.0613060 seconds, Stopping threads took: 0.0612384 seconds
[2019-12-11T08:29:01.753+0000][1][safepoint    ] Application time: 0.0355682 seconds
[2019-12-11T08:29:01.753+0000][1][safepoint    ] Entering safepoint region: Deoptimize
[2019-12-11T08:29:01.754+0000][1][safepoint    ] Leaving safepoint region
[2019-12-11T08:29:01.754+0000][1][safepoint    ] Total time for which application threads were stopped: 0.0001356 seconds, Stopping threads took: 0.0000102 seconds
[2019-12-11T08:29:01.957+0000][1][safepoint    ] Application time: 0.2035385 seconds
[2019-12-11T08:29:01.981+0000][1][safepoint    ] Entering safepoint region: Deoptimize
[2019-12-11T08:29:01.981+0000][1][safepoint    ] Leaving safepoint region
[2019-12-11T08:29:01.981+0000][1][safepoint    ] Total time for which application threads were stopped: 0.0238555 seconds, Stopping threads took: 0.0237079 seconds
[2019-12-11T08:29:02.530+0000][1][safepoint    ] Application time: 0.5487883 seconds
[2019-12-11T08:29:02.530+0000][1][safepoint    ] Entering safepoint region: Deoptimize
[2019-12-11T08:29:02.530+0000][1][safepoint    ] Leaving safepoint region
[2019-12-11T08:29:02.530+0000][1][safepoint    ] Total time for which application threads were stopped: 0.0001911 seconds, Stopping threads took: 0.0000236 seconds
[2019-12-11T08:29:02.647+0000][1][safepoint    ] Application time: 0.1167490 seconds
[2019-12-11T08:29:02.647+0000][1][safepoint    ] Entering safepoint region: Deoptimize
[2019-12-11T08:29:02.647+0000][1][safepoint    ] Leaving safepoint region
[2019-12-11T08:29:02.647+0000][1][safepoint    ] Total time for which application threads were stopped: 0.0001714 seconds, Stopping threads took: 0.0000119 seconds
[2019-12-11T08:29:03.650+0000][1][safepoint    ] Application time: 1.0027497 seconds
[2019-12-11T08:29:03.650+0000][1][safepoint    ] Entering safepoint region: Cleanup
[2019-12-11T08:29:03.650+0000][1][safepoint    ] Leaving safepoint region
[2019-12-11T08:29:03.650+0000][1][safepoint    ] Total time for which application threads were stopped: 0.0000927 seconds, Stopping threads took: 0.0000450 seconds
[2019-12-11T08:29:04.657+0000][1][safepoint    ] Application time: 1.0068354 seconds
[2019-12-11T08:29:04.657+0000][1][safepoint    ] Entering safepoint region: Cleanup
[2019-12-11T08:29:04.657+0000][1][safepoint    ] Leaving safepoint region
[2019-12-11T08:29:04.657+0000][1][safepoint    ] Total time for which application threads were stopped: 0.0000728 seconds, Stopping threads took: 0.0000123 seconds
[2019-12-11T08:29:05.024+0000][1][safepoint    ] Application time: 0.3668837 seconds
[2019-12-11T08:29:05.024+0000][1][safepoint    ] Entering safepoint region: Deoptimize
[2019-12-11T08:29:05.024+0000][1][safepoint    ] Leaving safepoint region
[2019-12-11T08:29:05.024+0000][1][safepoint    ] Total time for which application threads were stopped: 0.0001929 seconds, Stopping threads took: 0.0000105 seconds
[2019-12-11T08:29:06.035+0000][1][safepoint    ] Application time: 1.0107702 seconds
[2019-12-11T08:29:06.109+0000][1][safepoint    ] Entering safepoint region: Cleanup
[2019-12-11T08:29:06.109+0000][1][safepoint    ] Leaving safepoint region
[2019-12-11T08:29:06.109+0000][1][safepoint    ] Total time for which application threads were stopped: 0.0740841 seconds, Stopping threads took: 0.0740504 seconds
[2019-12-11T08:29:08.140+0000][1][safepoint    ] Application time: 2.0308928 seconds
[2019-12-11T08:29:08.175+0000][1][safepoint    ] Entering safepoint region: Cleanup
[2019-12-11T08:29:08.175+0000][1][safepoint    ] Leaving safepoint region
[2019-12-11T08:29:08.175+0000][1][safepoint    ] Total time for which application threads were stopped: 0.0351509 seconds, Stopping threads took: 0.0350870 seconds
[2019-12-11T08:29:09.160+0000][1][safepoint    ] Application time: 0.9851914 seconds
[2019-12-11T08:29:09.160+0000][1][safepoint    ] Entering safepoint region: Deoptimize
[2019-12-11T08:29:09.160+0000][1][safepoint    ] Leaving safepoint region
[2019-12-11T08:29:09.160+0000][1][safepoint    ] Total time for which application threads were stopped: 0.0002966 seconds, Stopping threads took: 0.0000104 seconds
[2019-12-11T08:29:10.165+0000][1][safepoint    ] Application time: 1.0042290 seconds
[2019-12-11T08:29:10.198+0000][1][safepoint    ] Entering safepoint region: Cleanup
[2019-12-11T08:29:10.198+0000][1][safepoint    ] Leaving safepoint region
[2019-12-11T08:29:10.198+0000][1][safepoint    ] Total time for which application threads were stopped: 0.0334122 seconds, Stopping threads took: 0.0333421 seconds
[2019-12-11T08:29:10.295+0000][1][safepoint    ] Application time: 0.0969225 seconds
[2019-12-11T08:29:10.295+0000][1][safepoint    ] Entering safepoint region: Deoptimize
[2019-12-11T08:29:10.295+0000][1][safepoint    ] Leaving safepoint region
[2019-12-11T08:29:10.295+0000][1][safepoint    ] Total time for which application threads were stopped: 0.0002454 seconds, Stopping threads took: 0.0000127 seconds
[2019-12-11T08:29:10.324+0000][1][safepoint    ] Application time: 0.0285121 seconds
[2019-12-11T08:29:10.324+0000][1][safepoint    ] Entering safepoint region: Deoptimize
[2019-12-11T08:29:10.324+0000][1][safepoint    ] Leaving safepoint region
[2019-12-11T08:29:10.324+0000][1][safepoint    ] Total time for which application threads were stopped: 0.0002445 seconds, Stopping threads took: 0.0000113 seconds
[2019-12-11T08:29:10.639+0000][1][safepoint    ] Application time: 0.3143903 seconds
[2019-12-11T08:29:10.639+0000][1][safepoint    ] Entering safepoint region: Deoptimize
[2019-12-11T08:29:10.639+0000][1][safepoint    ] Leaving safepoint region
[2019-12-11T08:29:10.639+0000][1][safepoint    ] Total time for which application threads were stopped: 0.0003406 seconds, Stopping threads took: 0.0000139 seconds
[2019-12-11T08:29:10.744+0000][1][safepoint    ] Application time: 0.1052307 seconds
[2019-12-11T08:29:10.744+0000][1][safepoint    ] Entering safepoint region: RevokeBias
[2019-12-11T08:29:10.744+0000][1][safepoint    ] Leaving safepoint region
[2019-12-11T08:29:10.744+0000][1][safepoint    ] Total time for which application threads were stopped: 0.0001199 seconds, Stopping threads took: 0.0000722 seconds
[2019-12-11T08:29:10.744+0000][1][safepoint    ] Application time: 0.0000614 seconds
[2019-12-11T08:29:10.744+0000][1][safepoint    ] Entering safepoint region: RevokeBias
[2019-12-11T08:29:10.744+0000][1][safepoint    ] Leaving safepoint region
[2019-12-11T08:29:10.744+0000][1][safepoint    ] Total time for which application threads were stopped: 0.0000324 seconds, Stopping threads took: 0.0000073 seconds
[2019-12-11T08:29:10.745+0000][1][safepoint    ] Application time: 0.0000701 seconds
[2019-12-11T08:29:10.745+0000][1][safepoint    ] Entering safepoint region: RevokeBias
[2019-12-11T08:29:10.745+0000][1][safepoint    ] Leaving safepoint region
[2019-12-11T08:29:10.745+0000][1][safepoint    ] Total time for which application threads were stopped: 0.0000325 seconds, Stopping threads took: 0.0000071 seconds
[2019-12-11T08:29:10.745+0000][1][safepoint    ] Application time: 0.0001566 seconds
[2019-12-11T08:29:10.745+0000][1][safepoint    ] Entering safepoint region: RevokeBias
[2019-12-11T08:29:10.745+0000][1][safepoint    ] Leaving safepoint region
[2019-12-11T08:29:10.745+0000][1][safepoint    ] Total time for which application threads were stopped: 0.0000413 seconds, Stopping threads took: 0.0000080 seconds
[2019-12-11T08:29:10.748+0000][1][safepoint    ] Application time: 0.0027335 seconds
[2019-12-11T08:29:10.748+0000][1][safepoint    ] Entering safepoint region: Deoptimize
[2019-12-11T08:29:10.748+0000][1][safepoint    ] Leaving safepoint region
[2019-12-11T08:29:10.748+0000][1][safepoint    ] Total time for which application threads were stopped: 0.0002711 seconds, Stopping threads took: 0.0000115 seconds
[2019-12-11T08:29:11.749+0000][1][safepoint    ] Application time: 1.0008636 seconds
[2019-12-11T08:29:11.779+0000][1][safepoint    ] Entering safepoint region: Cleanup
[2019-12-11T08:29:11.779+0000][1][safepoint    ] Leaving safepoint region
[2019-12-11T08:29:11.779+0000][1][safepoint    ] Total time for which application threads were stopped: 0.0301184 seconds, Stopping threads took: 0.0300529 seconds
[2019-12-11T08:29:11.782+0000][1][safepoint    ] Application time: 0.0033393 seconds
[2019-12-11T08:29:11.782+0000][1][safepoint    ] Entering safepoint region: RevokeBias
[2019-12-11T08:29:11.782+0000][1][safepoint    ] Leaving safepoint region
[2019-12-11T08:29:11.782+0000][1][safepoint    ] Total time for which application threads were stopped: 0.0000586 seconds, Stopping threads took: 0.0000128 seconds
[2019-12-11T08:29:12.668+0000][1][safepoint    ] Application time: 0.8853562 seconds
[2019-12-11T08:29:12.668+0000][1][safepoint    ] Entering safepoint region: GenCollectForAllocation
[2019-12-11T08:29:12.668+0000][1][gc,start     ] GC(0) Pause Young (Allocation Failure)
[2019-12-11T08:29:12.668+0000][1][gc,task      ] GC(0) Using 2 workers of 2 for evacuation
[2019-12-11T08:29:12.914+0000][1][gc,age       ] GC(0) Desired survivor size 4456448 bytes, new threshold 1 (max threshold 6)
[2019-12-11T08:29:12.914+0000][1][gc,age       ] GC(0) Age table with threshold 1 (max threshold 6)
[2019-12-11T08:29:12.914+0000][1][gc,age       ] GC(0) - age   1:    6675456 bytes,    6675456 total
[2019-12-11T08:29:12.914+0000][1][gc,heap      ] GC(0) ParNew: 69952K->6567K(78656K)
[2019-12-11T08:29:12.914+0000][1][gc,heap      ] GC(0) CMS: 0K->0K(174784K)
[2019-12-11T08:29:12.914+0000][1][gc,metaspace ] GC(0) Metaspace: 13000K->13000K(1060864K)
[2019-12-11T08:29:12.914+0000][1][gc           ] GC(0) Pause Young (Allocation Failure) 68M->6M(247M) 246.278ms
[2019-12-11T08:29:12.914+0000][1][gc,cpu       ] GC(0) User=0.05s Sys=0.00s Real=0.24s
[2019-12-11T08:29:12.914+0000][1][safepoint    ] Leaving safepoint region
[2019-12-11T08:29:12.914+0000][1][safepoint    ] Total time for which application threads were stopped: 0.2464845 seconds, Stopping threads took: 0.0000540 seconds
[2019-12-11T08:29:12.951+0000][1][safepoint    ] Application time: 0.0365519 seconds
[2019-12-11T08:29:12.951+0000][1][safepoint    ] Entering safepoint region: RevokeBias
[2019-12-11T08:29:12.951+0000][1][safepoint    ] Leaving safepoint region
[2019-12-11T08:29:12.951+0000][1][safepoint    ] Total time for which application threads were stopped: 0.0001847 seconds, Stopping threads took: 0.0000851 seconds
[2019-12-11T08:29:12.951+0000][1][safepoint    ] Application time: 0.0001561 seconds
[2019-12-11T08:29:12.951+0000][1][safepoint    ] Entering safepoint region: RevokeBias
[2019-12-11T08:29:12.951+0000][1][safepoint    ] Leaving safepoint region
[2019-12-11T08:29:12.951+0000][1][safepoint    ] Total time for which application threads were stopped: 0.0000658 seconds, Stopping threads took: 0.0000105 seconds
[2019-12-11T08:29:12.951+0000][1][safepoint    ] Application time: 0.0000692 seconds
[2019-12-11T08:29:12.951+0000][1][safepoint    ] Entering safepoint region: RevokeBias
[2019-12-11T08:29:12.951+0000][1][safepoint    ] Leaving safepoint region
[2019-12-11T08:29:12.951+0000][1][safepoint    ] Total time for which application threads were stopped: 0.0000617 seconds, Stopping threads took: 0.0000176 seconds
[2019-12-11T08:29:12.951+0000][1][safepoint    ] Application time: 0.0000465 seconds
[2019-12-11T08:29:12.951+0000][1][safepoint    ] Entering safepoint region: RevokeBias
[2019-12-11T08:29:12.951+0000][1][safepoint    ] Leaving safepoint region
[2019-12-11T08:29:12.951+0000][1][safepoint    ] Total time for which application threads were stopped: 0.0000434 seconds, Stopping threads took: 0.0000071 seconds
[2019-12-11T08:29:12.952+0000][1][safepoint    ] Application time: 0.0000522 seconds
[2019-12-11T08:29:12.952+0000][1][safepoint    ] Entering safepoint region: RevokeBias
[2019-12-11T08:29:12.952+0000][1][safepoint    ] Leaving safepoint region
[2019-12-11T08:29:12.952+0000][1][safepoint    ] Total time for which application threads were stopped: 0.0000385 seconds, Stopping threads took: 0.0000070 seconds
[2019-12-11T08:29:12.952+0000][1][safepoint    ] Application time: 0.0000430 seconds
[2019-12-11T08:29:12.952+0000][1][safepoint    ] Entering safepoint region: RevokeBias
[2019-12-11T08:29:12.952+0000][1][safepoint    ] Leaving safepoint region
[2019-12-11T08:29:12.952+0000][1][safepoint    ] Total time for which application threads were stopped: 0.0000346 seconds, Stopping threads took: 0.0000067 seconds
[2019-12-11T08:29:12.952+0000][1][safepoint    ] Application time: 0.0000501 seconds
[2019-12-11T08:29:12.952+0000][1][safepoint    ] Entering safepoint region: RevokeBias
[2019-12-11T08:29:12.952+0000][1][safepoint    ] Leaving safepoint region
[2019-12-11T08:29:12.952+0000][1][safepoint    ] Total time for which application threads were stopped: 0.0000379 seconds, Stopping threads took: 0.0000073 seconds
[2019-12-11T08:29:12.952+0000][1][safepoint    ] Application time: 0.0000448 seconds
[2019-12-11T08:29:12.952+0000][1][safepoint    ] Entering safepoint region: RevokeBias
[2019-12-11T08:29:12.952+0000][1][safepoint    ] Leaving safepoint region
[2019-12-11T08:29:12.952+0000][1][safepoint    ] Total time for which application threads were stopped: 0.0000458 seconds, Stopping threads took: 0.0000072 seconds
[2019-12-11T08:29:12.952+0000][1][safepoint    ] Application time: 0.0000519 seconds
[2019-12-11T08:29:12.952+0000][1][safepoint    ] Entering safepoint region: RevokeBias
[2019-12-11T08:29:12.952+0000][1][safepoint    ] Leaving safepoint region
[2019-12-11T08:29:12.952+0000][1][safepoint    ] Total time for which application threads were stopped: 0.0000400 seconds, Stopping threads took: 0.0000068 seconds
[2019-12-11T08:29:12.952+0000][1][safepoint    ] Application time: 0.0000444 seconds
[2019-12-11T08:29:12.952+0000][1][safepoint    ] Entering safepoint region: RevokeBias
[2019-12-11T08:29:12.952+0000][1][safepoint    ] Leaving safepoint region
[2019-12-11T08:29:12.952+0000][1][safepoint    ] Total time for which application threads were stopped: 0.0000498 seconds, Stopping threads took: 0.0000163 seconds
[2019-12-11T08:29:12.952+0000][1][safepoint    ] Application time: 0.0000491 seconds
[2019-12-11T08:29:12.952+0000][1][safepoint    ] Entering safepoint region: RevokeBias
[2019-12-11T08:29:12.952+0000][1][safepoint    ] Leaving safepoint region
[2019-12-11T08:29:12.952+0000][1][safepoint    ] Total time for which application threads were stopped: 0.0000393 seconds, Stopping threads took: 0.0000072 seconds
[2019-12-11T08:29:12.952+0000][1][safepoint    ] Application time: 0.0000450 seconds
[2019-12-11T08:29:12.952+0000][1][safepoint    ] Entering safepoint region: RevokeBias
[2019-12-11T08:29:12.952+0000][1][safepoint    ] Leaving safepoint region
[2019-12-11T08:29:12.952+0000][1][safepoint    ] Total time for which application threads were stopped: 0.0000388 seconds, Stopping threads took: 0.0000070 seconds
[2019-12-11T08:29:12.952+0000][1][safepoint    ] Application time: 0.0000480 seconds
[2019-12-11T08:29:12.952+0000][1][safepoint    ] Entering safepoint region: RevokeBias
[2019-12-11T08:29:12.952+0000][1][safepoint    ] Leaving safepoint region
[2019-12-11T08:29:12.952+0000][1][safepoint    ] Total time for which application threads were stopped: 0.0000373 seconds, Stopping threads took: 0.0000069 seconds
[2019-12-11T08:29:12.952+0000][1][safepoint    ] Application time: 0.0000439 seconds
[2019-12-11T08:29:12.952+0000][1][safepoint    ] Entering safepoint region: RevokeBias
[2019-12-11T08:29:12.953+0000][1][safepoint    ] Leaving safepoint region
[2019-12-11T08:29:12.953+0000][1][safepoint    ] Total time for which application threads were stopped: 0.0000376 seconds, Stopping threads took: 0.0000070 seconds
[2019-12-11T08:29:12.953+0000][1][safepoint    ] Application time: 0.0000470 seconds
[2019-12-11T08:29:12.953+0000][1][safepoint    ] Entering safepoint region: RevokeBias
[2019-12-11T08:29:12.953+0000][1][safepoint    ] Leaving safepoint region
[2019-12-11T08:29:12.953+0000][1][safepoint    ] Total time for which application threads were stopped: 0.0000386 seconds, Stopping threads took: 0.0000071 seconds
[2019-12-11T08:29:12.953+0000][1][safepoint    ] Application time: 0.0000437 seconds
[2019-12-11T08:29:12.953+0000][1][safepoint    ] Entering safepoint region: RevokeBias
[2019-12-11T08:29:12.953+0000][1][safepoint    ] Leaving safepoint region
[2019-12-11T08:29:12.953+0000][1][safepoint    ] Total time for which application threads were stopped: 0.0000604 seconds, Stopping threads took: 0.0000072 seconds
[2019-12-11T08:29:12.953+0000][1][safepoint    ] Application time: 0.0000557 seconds
[2019-12-11T08:29:12.953+0000][1][safepoint    ] Entering safepoint region: RevokeBias
[2019-12-11T08:29:12.953+0000][1][safepoint    ] Leaving safepoint region
[2019-12-11T08:29:12.953+0000][1][safepoint    ] Total time for which application threads were stopped: 0.0000396 seconds, Stopping threads took: 0.0000074 seconds
[2019-12-11T08:29:12.953+0000][1][safepoint    ] Application time: 0.0000442 seconds
[2019-12-11T08:29:12.953+0000][1][safepoint    ] Entering safepoint region: RevokeBias
[2019-12-11T08:29:12.953+0000][1][safepoint    ] Leaving safepoint region
[2019-12-11T08:29:12.953+0000][1][safepoint    ] Total time for which application threads were stopped: 0.0000387 seconds, Stopping threads took: 0.0000071 seconds
[2019-12-11T08:29:12.953+0000][1][safepoint    ] Application time: 0.0000724 seconds
[2019-12-11T08:29:12.953+0000][1][safepoint    ] Entering safepoint region: RevokeBias
[2019-12-11T08:29:12.953+0000][1][safepoint    ] Leaving safepoint region
[2019-12-11T08:29:12.953+0000][1][safepoint    ] Total time for which application threads were stopped: 0.0000400 seconds, Stopping threads took: 0.0000072 seconds
[2019-12-11T08:29:12.953+0000][1][safepoint    ] Application time: 0.0000441 seconds
[2019-12-11T08:29:12.953+0000][1][safepoint    ] Entering safepoint region: RevokeBias
[2019-12-11T08:29:12.953+0000][1][safepoint    ] Leaving safepoint region
[2019-12-11T08:29:12.953+0000][1][safepoint    ] Total time for which application threads were stopped: 0.0000547 seconds, Stopping threads took: 0.0000127 seconds
[2019-12-11T08:29:12.953+0000][1][safepoint    ] Application time: 0.0000498 seconds
[2019-12-11T08:29:12.953+0000][1][safepoint    ] Entering safepoint region: RevokeBias
[2019-12-11T08:29:12.953+0000][1][safepoint    ] Leaving safepoint region
[2019-12-11T08:29:12.953+0000][1][safepoint    ] Total time for which application threads were stopped: 0.0000386 seconds, Stopping threads took: 0.0000070 seconds
[2019-12-11T08:29:12.953+0000][1][safepoint    ] Application time: 0.0000437 seconds
[2019-12-11T08:29:12.953+0000][1][safepoint    ] Entering safepoint region: RevokeBias
[2019-12-11T08:29:12.953+0000][1][safepoint    ] Leaving safepoint region
[2019-12-11T08:29:12.953+0000][1][safepoint    ] Total time for which application threads were stopped: 0.0000356 seconds, Stopping threads took: 0.0000066 seconds
[2019-12-11T08:29:12.953+0000][1][safepoint    ] Application time: 0.0000472 seconds
[2019-12-11T08:29:12.953+0000][1][safepoint    ] Entering safepoint region: RevokeBias
[2019-12-11T08:29:12.953+0000][1][safepoint    ] Leaving safepoint region
[2019-12-11T08:29:12.953+0000][1][safepoint    ] Total time for which application threads were stopped: 0.0000349 seconds, Stopping threads took: 0.0000063 seconds
[2019-12-11T08:29:12.954+0000][1][safepoint    ] Application time: 0.0000430 seconds
[2019-12-11T08:29:12.954+0000][1][safepoint    ] Entering safepoint region: RevokeBias
[2019-12-11T08:29:12.954+0000][1][safepoint    ] Leaving safepoint region
[2019-12-11T08:29:12.954+0000][1][safepoint    ] Total time for which application threads were stopped: 0.0000346 seconds, Stopping threads took: 0.0000063 seconds
[2019-12-11T08:29:12.954+0000][1][safepoint    ] Application time: 0.0000670 seconds
[2019-12-11T08:29:12.954+0000][1][safepoint    ] Entering safepoint region: RevokeBias
[2019-12-11T08:29:12.954+0000][1][safepoint    ] Leaving safepoint region
[2019-12-11T08:29:12.954+0000][1][safepoint    ] Total time for which application threads were stopped: 0.0000373 seconds, Stopping threads took: 0.0000070 seconds
[2019-12-11T08:29:12.954+0000][1][safepoint    ] Application time: 0.0000453 seconds
[2019-12-11T08:29:12.954+0000][1][safepoint    ] Entering safepoint region: RevokeBias
[2019-12-11T08:29:12.954+0000][1][safepoint    ] Leaving safepoint region
[2019-12-11T08:29:12.954+0000][1][safepoint    ] Total time for which application threads were stopped: 0.0000372 seconds, Stopping threads took: 0.0000063 seconds
[2019-12-11T08:29:12.954+0000][1][safepoint    ] Application time: 0.0003156 seconds
[2019-12-11T08:29:12.954+0000][1][safepoint    ] Entering safepoint region: RevokeBias
[2019-12-11T08:29:12.954+0000][1][safepoint    ] Leaving safepoint region
[2019-12-11T08:29:12.954+0000][1][safepoint    ] Total time for which application threads were stopped: 0.0000606 seconds, Stopping threads took: 0.0000092 seconds
[2019-12-11T08:29:12.954+0000][1][safepoint    ] Application time: 0.0000485 seconds
[2019-12-11T08:29:12.954+0000][1][safepoint    ] Entering safepoint region: RevokeBias
[2019-12-11T08:29:12.954+0000][1][safepoint    ] Leaving safepoint region
[2019-12-11T08:29:12.954+0000][1][safepoint    ] Total time for which application threads were stopped: 0.0000418 seconds, Stopping threads took: 0.0000072 seconds
[2019-12-11T08:29:12.954+0000][1][safepoint    ] Application time: 0.0000569 seconds
[2019-12-11T08:29:12.954+0000][1][safepoint    ] Entering safepoint region: RevokeBias
[2019-12-11T08:29:12.954+0000][1][safepoint    ] Leaving safepoint region
[2019-12-11T08:29:12.954+0000][1][safepoint    ] Total time for which application threads were stopped: 0.0000406 seconds, Stopping threads took: 0.0000073 seconds
[2019-12-11T08:29:12.954+0000][1][safepoint    ] Application time: 0.0000444 seconds
[2019-12-11T08:29:12.954+0000][1][safepoint    ] Entering safepoint region: RevokeBias
[2019-12-11T08:29:12.955+0000][1][safepoint    ] Leaving safepoint region
[2019-12-11T08:29:12.955+0000][1][safepoint    ] Total time for which application threads were stopped: 0.0000453 seconds, Stopping threads took: 0.0000130 seconds
[2019-12-11T08:29:13.988+0000][1][safepoint    ] Application time: 1.0336183 seconds
[2019-12-11T08:29:14.000+0000][1][safepoint    ] Entering safepoint region: RevokeBias
[2019-12-11T08:29:14.000+0000][1][safepoint    ] Leaving safepoint region
[2019-12-11T08:29:14.000+0000][1][safepoint    ] Total time for which application threads were stopped: 0.0117344 seconds, Stopping threads took: 0.0116288 seconds
[2019-12-11T08:29:14.552+0000][1][safepoint    ] Application time: 0.5518069 seconds
[2019-12-11T08:29:14.552+0000][1][safepoint    ] Entering safepoint region: Deoptimize
[2019-12-11T08:29:14.552+0000][1][safepoint    ] Leaving safepoint region
[2019-12-11T08:29:14.552+0000][1][safepoint    ] Total time for which application threads were stopped: 0.0004116 seconds, Stopping threads took: 0.0000132 seconds
[2019-12-11T08:29:15.554+0000][1][safepoint    ] Application time: 1.0015566 seconds
[2019-12-11T08:29:15.684+0000][1][safepoint    ] Entering safepoint region: Cleanup
[2019-12-11T08:29:15.684+0000][1][safepoint    ] Leaving safepoint region
[2019-12-11T08:29:15.684+0000][1][safepoint    ] Total time for which application threads were stopped: 0.1301121 seconds, Stopping threads took: 0.1300275 seconds
[2019-12-11T08:29:15.915+0000][1][safepoint    ] Application time: 0.2307042 seconds
[2019-12-11T08:29:15.915+0000][1][safepoint    ] Entering safepoint region: RevokeBias
[2019-12-11T08:29:15.915+0000][1][safepoint    ] Leaving safepoint region
[2019-12-11T08:29:15.915+0000][1][safepoint    ] Total time for which application threads were stopped: 0.0001077 seconds, Stopping threads took: 0.0000127 seconds
[2019-12-11T08:29:16.922+0000][1][safepoint    ] Application time: 1.0069607 seconds
[2019-12-11T08:29:17.014+0000][1][safepoint    ] Entering safepoint region: Cleanup
[2019-12-11T08:29:17.014+0000][1][safepoint    ] Leaving safepoint region
[2019-12-11T08:29:17.014+0000][1][safepoint    ] Total time for which application threads were stopped: 0.0920563 seconds, Stopping threads took: 0.0919862 seconds
[2019-12-11T08:29:17.659+0000][1][safepoint    ] Application time: 0.6452311 seconds
[2019-12-11T08:29:17.659+0000][1][safepoint    ] Entering safepoint region: GenCollectForAllocation
[2019-12-11T08:29:17.659+0000][1][gc,start     ] GC(1) Pause Young (Allocation Failure)
[2019-12-11T08:29:17.659+0000][1][gc,task      ] GC(1) Using 2 workers of 2 for evacuation
[2019-12-11T08:29:17.889+0000][1][gc,age       ] GC(1) Desired survivor size 4456448 bytes, new threshold 6 (max threshold 6)
[2019-12-11T08:29:17.889+0000][1][gc,age       ] GC(1) Age table with threshold 6 (max threshold 6)
[2019-12-11T08:29:17.889+0000][1][gc,age       ] GC(1) - age   1:    1269528 bytes,    1269528 total
[2019-12-11T08:29:17.889+0000][1][gc,heap      ] GC(1) ParNew: 76519K->4255K(78656K)
[2019-12-11T08:29:17.889+0000][1][gc,heap      ] GC(1) CMS: 0K->6998K(174784K)
[2019-12-11T08:29:17.889+0000][1][gc,metaspace ] GC(1) Metaspace: 14960K->14960K(1062912K)
[2019-12-11T08:29:17.889+0000][1][gc           ] GC(1) Pause Young (Allocation Failure) 74M->10M(247M) 230.000ms
[2019-12-11T08:29:17.889+0000][1][gc,cpu       ] GC(1) User=0.07s Sys=0.00s Real=0.23s
[2019-12-11T08:29:17.889+0000][1][safepoint    ] Leaving safepoint region
[2019-12-11T08:29:17.889+0000][1][safepoint    ] Total time for which application threads were stopped: 0.2301738 seconds, Stopping threads took: 0.0000153 seconds
[2019-12-11T08:29:17.895+0000][1][safepoint    ] Application time: 0.0056342 seconds
[2019-12-11T08:29:17.922+0000][1][safepoint    ] Entering safepoint region: BulkRevokeBias
[2019-12-11T08:29:17.922+0000][1][safepoint    ] Leaving safepoint region
[2019-12-11T08:29:17.922+0000][1][safepoint    ] Total time for which application threads were stopped: 0.0271151 seconds, Stopping threads took: 0.0269670 seconds
[2019-12-11T08:29:17.922+0000][1][safepoint    ] Application time: 0.0001385 seconds
[2019-12-11T08:29:17.922+0000][1][safepoint    ] Entering safepoint region: RevokeBias
[2019-12-11T08:29:17.922+0000][1][safepoint    ] Leaving safepoint region
[2019-12-11T08:29:17.922+0000][1][safepoint    ] Total time for which application threads were stopped: 0.0000601 seconds, Stopping threads took: 0.0000094 seconds
[2019-12-11T08:29:17.922+0000][1][safepoint    ] Application time: 0.0000749 seconds
[2019-12-11T08:29:17.922+0000][1][safepoint    ] Entering safepoint region: RevokeBias
[2019-12-11T08:29:17.922+0000][1][safepoint    ] Leaving safepoint region
[2019-12-11T08:29:17.922+0000][1][safepoint    ] Total time for which application threads were stopped: 0.0000494 seconds, Stopping threads took: 0.0000072 seconds
[2019-12-11T08:29:17.922+0000][1][safepoint    ] Application time: 0.0000474 seconds
[2019-12-11T08:29:17.922+0000][1][safepoint    ] Entering safepoint region: RevokeBias
[2019-12-11T08:29:17.923+0000][1][safepoint    ] Leaving safepoint region
[2019-12-11T08:29:17.923+0000][1][safepoint    ] Total time for which application threads were stopped: 0.0000475 seconds, Stopping threads took: 0.0000070 seconds
[2019-12-11T08:29:17.923+0000][1][safepoint    ] Application time: 0.0000527 seconds
[2019-12-11T08:29:17.923+0000][1][safepoint    ] Entering safepoint region: RevokeBias
[2019-12-11T08:29:17.923+0000][1][safepoint    ] Leaving safepoint region
[2019-12-11T08:29:17.923+0000][1][safepoint    ] Total time for which application threads were stopped: 0.0000487 seconds, Stopping threads took: 0.0000069 seconds
[2019-12-11T08:29:17.923+0000][1][safepoint    ] Application time: 0.0000623 seconds
[2019-12-11T08:29:17.923+0000][1][safepoint    ] Entering safepoint region: RevokeBias
[2019-12-11T08:29:17.923+0000][1][safepoint    ] Leaving safepoint region
[2019-12-11T08:29:17.923+0000][1][safepoint    ] Total time for which application threads were stopped: 0.0000511 seconds, Stopping threads took: 0.0000078 seconds
[2019-12-11T08:29:17.923+0000][1][safepoint    ] Application time: 0.0000567 seconds
[2019-12-11T08:29:17.923+0000][1][safepoint    ] Entering safepoint region: BulkRevokeBias
[2019-12-11T08:29:17.923+0000][1][safepoint    ] Leaving safepoint region
[2019-12-11T08:29:17.923+0000][1][safepoint    ] Total time for which application threads were stopped: 0.0000772 seconds, Stopping threads took: 0.0000080 seconds
[2019-12-11T08:29:17.923+0000][1][safepoint    ] Application time: 0.0000491 seconds
[2019-12-11T08:29:17.923+0000][1][safepoint    ] Entering safepoint region: RevokeBias
[2019-12-11T08:29:17.923+0000][1][safepoint    ] Leaving safepoint region
[2019-12-11T08:29:17.923+0000][1][safepoint    ] Total time for which application threads were stopped: 0.0000497 seconds, Stopping threads took: 0.0000074 seconds
[2019-12-11T08:29:17.923+0000][1][safepoint    ] Application time: 0.0000519 seconds
[2019-12-11T08:29:17.923+0000][1][safepoint    ] Entering safepoint region: BulkRevokeBias
[2019-12-11T08:29:17.923+0000][1][safepoint    ] Leaving safepoint region
[2019-12-11T08:29:17.923+0000][1][safepoint    ] Total time for which application threads were stopped: 0.0000661 seconds, Stopping threads took: 0.0000071 seconds
[2019-12-11T08:29:18.616+0000][1][safepoint    ] Application time: 0.6927916 seconds
[2019-12-11T08:29:18.616+0000][1][safepoint    ] Entering safepoint region: RevokeBias
[2019-12-11T08:29:18.616+0000][1][safepoint    ] Leaving safepoint region
[2019-12-11T08:29:18.616+0000][1][safepoint    ] Total time for which application threads were stopped: 0.0001010 seconds, Stopping threads took: 0.0000126 seconds
[2019-12-11T08:29:18.643+0000][1][safepoint    ] Application time: 0.0264425 seconds
[2019-12-11T08:29:18.643+0000][1][safepoint    ] Entering safepoint region: RevokeBias
[2019-12-11T08:29:18.643+0000][1][safepoint    ] Leaving safepoint region
[2019-12-11T08:29:18.643+0000][1][safepoint    ] Total time for which application threads were stopped: 0.0001119 seconds, Stopping threads took: 0.0000142 seconds
[2019-12-11T08:29:18.669+0000][1][safepoint    ] Application time: 0.0264592 seconds
[2019-12-11T08:29:18.669+0000][1][safepoint    ] Entering safepoint region: RevokeBias
[2019-12-11T08:29:18.669+0000][1][safepoint    ] Leaving safepoint region
[2019-12-11T08:29:18.669+0000][1][safepoint    ] Total time for which application threads were stopped: 0.0001375 seconds, Stopping threads took: 0.0000633 seconds
[2019-12-11T08:29:19.156+0000][1][safepoint    ] Application time: 0.4869373 seconds
[2019-12-11T08:29:19.156+0000][1][safepoint    ] Entering safepoint region: RevokeBias
[2019-12-11T08:29:19.156+0000][1][safepoint    ] Leaving safepoint region
[2019-12-11T08:29:19.156+0000][1][safepoint    ] Total time for which application threads were stopped: 0.0001314 seconds, Stopping threads took: 0.0000115 seconds
[2019-12-11T08:29:19.171+0000][1][safepoint    ] Application time: 0.0142133 seconds
[2019-12-11T08:29:19.171+0000][1][safepoint    ] Entering safepoint region: GenCollectForAllocation
[2019-12-11T08:29:19.171+0000][1][gc,start     ] GC(2) Pause Young (Allocation Failure)
[2019-12-11T08:29:19.171+0000][1][gc,task      ] GC(2) Using 2 workers of 2 for evacuation
[2019-12-11T08:29:19.241+0000][1][gc,age       ] GC(2) Desired survivor size 4456448 bytes, new threshold 6 (max threshold 6)
[2019-12-11T08:29:19.241+0000][1][gc,age       ] GC(2) Age table with threshold 6 (max threshold 6)
[2019-12-11T08:29:19.241+0000][1][gc,age       ] GC(2) - age   1:    1081024 bytes,    1081024 total
[2019-12-11T08:29:19.241+0000][1][gc,age       ] GC(2) - age   2:    1001544 bytes,    2082568 total
[2019-12-11T08:29:19.241+0000][1][gc,heap      ] GC(2) ParNew: 74207K->2361K(78656K)
[2019-12-11T08:29:19.241+0000][1][gc,heap      ] GC(2) CMS: 6998K->6998K(174784K)
[2019-12-11T08:29:19.241+0000][1][gc,metaspace ] GC(2) Metaspace: 15054K->15054K(1062912K)
[2019-12-11T08:29:19.241+0000][1][gc           ] GC(2) Pause Young (Allocation Failure) 79M->9M(247M) 70.249ms
[2019-12-11T08:29:19.241+0000][1][gc,cpu       ] GC(2) User=0.01s Sys=0.00s Real=0.07s
[2019-12-11T08:29:19.241+0000][1][safepoint    ] Leaving safepoint region
[2019-12-11T08:29:19.241+0000][1][safepoint    ] Total time for which application threads were stopped: 0.0703825 seconds, Stopping threads took: 0.0000128 seconds
[2019-12-11T08:29:19.244+0000][1][safepoint    ] Application time: 0.0026068 seconds
[2019-12-11T08:29:19.261+0000][1][safepoint    ] Entering safepoint region: RevokeBias
[2019-12-11T08:29:19.261+0000][1][safepoint    ] Leaving safepoint region
[2019-12-11T08:29:19.261+0000][1][safepoint    ] Total time for which application threads were stopped: 0.0172159 seconds, Stopping threads took: 0.0171245 seconds
[2019-12-11T08:29:19.261+0000][1][safepoint    ] Application time: 0.0000743 seconds
[2019-12-11T08:29:19.261+0000][1][safepoint    ] Entering safepoint region: RevokeBias
[2019-12-11T08:29:19.261+0000][1][safepoint    ] Leaving safepoint region
[2019-12-11T08:29:19.261+0000][1][safepoint    ] Total time for which application threads were stopped: 0.0000592 seconds, Stopping threads took: 0.0000091 seconds
[2019-12-11T08:29:19.261+0000][1][safepoint    ] Application time: 0.0000726 seconds
[2019-12-11T08:29:19.261+0000][1][safepoint    ] Entering safepoint region: RevokeBias
[2019-12-11T08:29:19.261+0000][1][safepoint    ] Leaving safepoint region
[2019-12-11T08:29:19.261+0000][1][safepoint    ] Total time for which application threads were stopped: 0.0000539 seconds, Stopping threads took: 0.0000090 seconds
[2019-12-11T08:29:19.261+0000][1][safepoint    ] Application time: 0.0000554 seconds
[2019-12-11T08:29:19.261+0000][1][safepoint    ] Entering safepoint region: RevokeBias
[2019-12-11T08:29:19.261+0000][1][safepoint    ] Leaving safepoint region
[2019-12-11T08:29:19.261+0000][1][safepoint    ] Total time for which application threads were stopped: 0.0000478 seconds, Stopping threads took: 0.0000080 seconds
[2019-12-11T08:29:19.261+0000][1][safepoint    ] Application time: 0.0000563 seconds
[2019-12-11T08:29:19.261+0000][1][safepoint    ] Entering safepoint region: RevokeBias
[2019-12-11T08:29:19.262+0000][1][safepoint    ] Leaving safepoint region
[2019-12-11T08:29:19.262+0000][1][safepoint    ] Total time for which application threads were stopped: 0.0000555 seconds, Stopping threads took: 0.0000182 seconds
[2019-12-11T08:29:19.262+0000][1][safepoint    ] Application time: 0.0000511 seconds
[2019-12-11T08:29:19.262+0000][1][safepoint    ] Entering safepoint region: RevokeBias
[2019-12-11T08:29:19.262+0000][1][safepoint    ] Leaving safepoint region
[2019-12-11T08:29:19.262+0000][1][safepoint    ] Total time for which application threads were stopped: 0.0000454 seconds, Stopping threads took: 0.0000076 seconds
[2019-12-11T08:29:19.262+0000][1][safepoint    ] Application time: 0.0000733 seconds
[2019-12-11T08:29:19.262+0000][1][safepoint    ] Entering safepoint region: RevokeBias
[2019-12-11T08:29:19.262+0000][1][safepoint    ] Leaving safepoint region
[2019-12-11T08:29:19.262+0000][1][safepoint    ] Total time for which application threads were stopped: 0.0000536 seconds, Stopping threads took: 0.0000089 seconds
[2019-12-11T08:29:19.262+0000][1][safepoint    ] Application time: 0.0000505 seconds
[2019-12-11T08:29:19.262+0000][1][safepoint    ] Entering safepoint region: RevokeBias
[2019-12-11T08:29:19.262+0000][1][safepoint    ] Leaving safepoint region
[2019-12-11T08:29:19.262+0000][1][safepoint    ] Total time for which application threads were stopped: 0.0000451 seconds, Stopping threads took: 0.0000078 seconds
[2019-12-11T08:29:19.262+0000][1][safepoint    ] Application time: 0.0000580 seconds
[2019-12-11T08:29:19.262+0000][1][safepoint    ] Entering safepoint region: RevokeBias
[2019-12-11T08:29:19.262+0000][1][safepoint    ] Leaving safepoint region
[2019-12-11T08:29:19.262+0000][1][safepoint    ] Total time for which application threads were stopped: 0.0000478 seconds, Stopping threads took: 0.0000083 seconds
[2019-12-11T08:29:19.262+0000][1][safepoint    ] Application time: 0.0000535 seconds
[2019-12-11T08:29:19.262+0000][1][safepoint    ] Entering safepoint region: RevokeBias
[2019-12-11T08:29:19.262+0000][1][safepoint    ] Leaving safepoint region
[2019-12-11T08:29:19.262+0000][1][safepoint    ] Total time for which application threads were stopped: 0.0000509 seconds, Stopping threads took: 0.0000080 seconds
[2019-12-11T08:29:19.262+0000][1][safepoint    ] Application time: 0.0000668 seconds
[2019-12-11T08:29:19.262+0000][1][safepoint    ] Entering safepoint region: RevokeBias
[2019-12-11T08:29:19.262+0000][1][safepoint    ] Leaving safepoint region
[2019-12-11T08:29:19.262+0000][1][safepoint    ] Total time for which application threads were stopped: 0.0000514 seconds, Stopping threads took: 0.0000092 seconds
[2019-12-11T08:29:19.262+0000][1][safepoint    ] Application time: 0.0000487 seconds
[2019-12-11T08:29:19.262+0000][1][safepoint    ] Entering safepoint region: RevokeBias
[2019-12-11T08:29:19.262+0000][1][safepoint    ] Leaving safepoint region
[2019-12-11T08:29:19.262+0000][1][safepoint    ] Total time for which application threads were stopped: 0.0000435 seconds, Stopping threads took: 0.0000076 seconds
[2019-12-11T08:29:19.262+0000][1][safepoint    ] Application time: 0.0000522 seconds
[2019-12-11T08:29:19.262+0000][1][safepoint    ] Entering safepoint region: RevokeBias
[2019-12-11T08:29:19.262+0000][1][safepoint    ] Leaving safepoint region
[2019-12-11T08:29:19.262+0000][1][safepoint    ] Total time for which application threads were stopped: 0.0000429 seconds, Stopping threads took: 0.0000076 seconds
[2019-12-11T08:29:19.263+0000][1][safepoint    ] Application time: 0.0000479 seconds
[2019-12-11T08:29:19.263+0000][1][safepoint    ] Entering safepoint region: RevokeBias
[2019-12-11T08:29:19.263+0000][1][safepoint    ] Leaving safepoint region
[2019-12-11T08:29:19.263+0000][1][safepoint    ] Total time for which application threads were stopped: 0.0000425 seconds, Stopping threads took: 0.0000075 seconds
[2019-12-11T08:29:19.263+0000][1][safepoint    ] Application time: 0.0000507 seconds
[2019-12-11T08:29:19.263+0000][1][safepoint    ] Entering safepoint region: RevokeBias
[2019-12-11T08:29:19.263+0000][1][safepoint    ] Leaving safepoint region
[2019-12-11T08:29:19.263+0000][1][safepoint    ] Total time for which application threads were stopped: 0.0000731 seconds, Stopping threads took: 0.0000369 seconds
[2019-12-11T08:29:19.263+0000][1][safepoint    ] Application time: 0.0000448 seconds
[2019-12-11T08:29:19.263+0000][1][safepoint    ] Entering safepoint region: RevokeBias
[2019-12-11T08:29:19.263+0000][1][safepoint    ] Leaving safepoint region
[2019-12-11T08:29:19.263+0000][1][safepoint    ] Total time for which application threads were stopped: 0.0000384 seconds, Stopping threads took: 0.0000062 seconds
[2019-12-11T08:29:19.263+0000][1][safepoint    ] Application time: 0.0000514 seconds
[2019-12-11T08:29:19.263+0000][1][safepoint    ] Entering safepoint region: RevokeBias
[2019-12-11T08:29:19.263+0000][1][safepoint    ] Leaving safepoint region
[2019-12-11T08:29:19.263+0000][1][safepoint    ] Total time for which application threads were stopped: 0.0000405 seconds, Stopping threads took: 0.0000067 seconds
[2019-12-11T08:29:19.263+0000][1][safepoint    ] Application time: 0.0000441 seconds
[2019-12-11T08:29:19.263+0000][1][safepoint    ] Entering safepoint region: RevokeBias
[2019-12-11T08:29:19.263+0000][1][safepoint    ] Leaving safepoint region
[2019-12-11T08:29:19.263+0000][1][safepoint    ] Total time for which application threads were stopped: 0.0000401 seconds, Stopping threads took: 0.0000063 seconds
[2019-12-11T08:29:19.267+0000][1][safepoint    ] Application time: 0.0036942 seconds
[2019-12-11T08:29:19.267+0000][1][safepoint    ] Entering safepoint region: RevokeBias
[2019-12-11T08:29:19.267+0000][1][safepoint    ] Leaving safepoint region
[2019-12-11T08:29:19.267+0000][1][safepoint    ] Total time for which application threads were stopped: 0.0000875 seconds, Stopping threads took: 0.0000126 seconds
[2019-12-11T08:29:20.443+0000][1][safepoint    ] Application time: 1.1763273 seconds
[2019-12-11T08:29:20.443+0000][1][safepoint    ] Entering safepoint region: Deoptimize
[2019-12-11T08:29:20.444+0000][1][safepoint    ] Leaving safepoint region
[2019-12-11T08:29:20.444+0000][1][safepoint    ] Total time for which application threads were stopped: 0.0004861 seconds, Stopping threads took: 0.0000167 seconds
[2019-12-11T08:29:20.456+0000][1][safepoint    ] Application time: 0.0127289 seconds
[2019-12-11T08:29:20.457+0000][1][safepoint    ] Entering safepoint region: Deoptimize
[2019-12-11T08:29:20.457+0000][1][safepoint    ] Leaving safepoint region
[2019-12-11T08:29:20.457+0000][1][safepoint    ] Total time for which application threads were stopped: 0.0004153 seconds, Stopping threads took: 0.0000131 seconds
[2019-12-11T08:29:21.463+0000][1][safepoint    ] Application time: 1.0058239 seconds
[2019-12-11T08:29:21.472+0000][1][safepoint    ] Entering safepoint region: Cleanup
[2019-12-11T08:29:21.472+0000][1][safepoint    ] Leaving safepoint region
[2019-12-11T08:29:21.472+0000][1][safepoint    ] Total time for which application threads were stopped: 0.0091066 seconds, Stopping threads took: 0.0090380 seconds
[2019-12-11T08:29:22.186+0000][1][safepoint    ] Application time: 0.7138611 seconds
[2019-12-11T08:29:22.186+0000][1][safepoint    ] Entering safepoint region: RevokeBias
[2019-12-11T08:29:22.186+0000][1][safepoint    ] Leaving safepoint region
[2019-12-11T08:29:22.186+0000][1][safepoint    ] Total time for which application threads were stopped: 0.0001111 seconds, Stopping threads took: 0.0000129 seconds
[2019-12-11T08:29:22.304+0000][1][safepoint    ] Application time: 0.1178082 seconds
[2019-12-11T08:29:22.304+0000][1][safepoint    ] Entering safepoint region: RevokeBias
[2019-12-11T08:29:22.304+0000][1][safepoint    ] Leaving safepoint region
[2019-12-11T08:29:22.304+0000][1][safepoint    ] Total time for which application threads were stopped: 0.0000964 seconds, Stopping threads took: 0.0000134 seconds
[2019-12-11T08:29:22.331+0000][1][safepoint    ] Application time: 0.0268540 seconds
[2019-12-11T08:29:22.331+0000][1][safepoint    ] Entering safepoint region: RevokeBias
[2019-12-11T08:29:22.331+0000][1][safepoint    ] Leaving safepoint region
[2019-12-11T08:29:22.331+0000][1][safepoint    ] Total time for which application threads were stopped: 0.0001035 seconds, Stopping threads took: 0.0000242 seconds
[2019-12-11T08:29:22.844+0000][1][safepoint    ] Application time: 0.5126896 seconds
[2019-12-11T08:29:22.844+0000][1][safepoint    ] Entering safepoint region: GenCollectForAllocation
[2019-12-11T08:29:22.844+0000][1][gc,start     ] GC(3) Pause Young (Allocation Failure)
[2019-12-11T08:29:22.844+0000][1][gc,task      ] GC(3) Using 2 workers of 2 for evacuation
[2019-12-11T08:29:22.917+0000][1][gc,age       ] GC(3) Desired survivor size 4456448 bytes, new threshold 3 (max threshold 6)
[2019-12-11T08:29:22.917+0000][1][gc,age       ] GC(3) Age table with threshold 3 (max threshold 6)
[2019-12-11T08:29:22.917+0000][1][gc,age       ] GC(3) - age   1:    3203184 bytes,    3203184 total
[2019-12-11T08:29:22.917+0000][1][gc,age       ] GC(3) - age   2:    1064968 bytes,    4268152 total
[2019-12-11T08:29:22.917+0000][1][gc,age       ] GC(3) - age   3:     999496 bytes,    5267648 total
[2019-12-11T08:29:22.917+0000][1][gc,heap      ] GC(3) ParNew: 72313K->6059K(78656K)
[2019-12-11T08:29:22.917+0000][1][gc,heap      ] GC(3) CMS: 6998K->6998K(174784K)
[2019-12-11T08:29:22.917+0000][1][gc,metaspace ] GC(3) Metaspace: 18597K->18597K(1067008K)
[2019-12-11T08:29:22.917+0000][1][gc           ] GC(3) Pause Young (Allocation Failure) 77M->12M(247M) 73.370ms
[2019-12-11T08:29:22.917+0000][1][gc,cpu       ] GC(3) User=0.01s Sys=0.00s Real=0.08s
[2019-12-11T08:29:22.917+0000][1][safepoint    ] Leaving safepoint region
[2019-12-11T08:29:22.917+0000][1][safepoint    ] Total time for which application threads were stopped: 0.0735067 seconds, Stopping threads took: 0.0000146 seconds
[2019-12-11T08:29:22.923+0000][1][safepoint    ] Application time: 0.0059034 seconds
[2019-12-11T08:29:22.963+0000][1][safepoint    ] Entering safepoint region: BulkRevokeBias
[2019-12-11T08:29:22.963+0000][1][safepoint    ] Leaving safepoint region
[2019-12-11T08:29:22.963+0000][1][safepoint    ] Total time for which application threads were stopped: 0.0402276 seconds, Stopping threads took: 0.0400664 seconds
[2019-12-11T08:29:22.964+0000][1][safepoint    ] Application time: 0.0007849 seconds
[2019-12-11T08:29:22.964+0000][1][safepoint    ] Entering safepoint region: RevokeBias
[2019-12-11T08:29:22.964+0000][1][safepoint    ] Leaving safepoint region
[2019-12-11T08:29:22.964+0000][1][safepoint    ] Total time for which application threads were stopped: 0.0000654 seconds, Stopping threads took: 0.0000111 seconds
[2019-12-11T08:29:22.970+0000][1][safepoint    ] Application time: 0.0062804 seconds
[2019-12-11T08:29:23.010+0000][1][safepoint    ] Entering safepoint region: RevokeBias
[2019-12-11T08:29:23.010+0000][1][safepoint    ] Leaving safepoint region
[2019-12-11T08:29:23.010+0000][1][safepoint    ] Total time for which application threads were stopped: 0.0391805 seconds, Stopping threads took: 0.0390971 seconds
[2019-12-11T08:29:23.010+0000][1][safepoint    ] Application time: 0.0000906 seconds
[2019-12-11T08:29:23.010+0000][1][safepoint    ] Entering safepoint region: RevokeBias
[2019-12-11T08:29:23.010+0000][1][safepoint    ] Leaving safepoint region
[2019-12-11T08:29:23.010+0000][1][safepoint    ] Total time for which application threads were stopped: 0.0000635 seconds, Stopping threads took: 0.0000101 seconds
[2019-12-11T08:29:23.010+0000][1][safepoint    ] Application time: 0.0000730 seconds
[2019-12-11T08:29:23.010+0000][1][safepoint    ] Entering safepoint region: RevokeBias
[2019-12-11T08:29:23.010+0000][1][safepoint    ] Leaving safepoint region
[2019-12-11T08:29:23.010+0000][1][safepoint    ] Total time for which application threads were stopped: 0.0000456 seconds, Stopping threads took: 0.0000069 seconds
[2019-12-11T08:29:23.010+0000][1][safepoint    ] Application time: 0.0000501 seconds
[2019-12-11T08:29:23.010+0000][1][safepoint    ] Entering safepoint region: RevokeBias
[2019-12-11T08:29:23.010+0000][1][safepoint    ] Leaving safepoint region
[2019-12-11T08:29:23.010+0000][1][safepoint    ] Total time for which application threads were stopped: 0.0000624 seconds, Stopping threads took: 0.0000188 seconds
[2019-12-11T08:29:23.143+0000][1][safepoint    ] Application time: 0.1326218 seconds
[2019-12-11T08:29:23.143+0000][1][safepoint    ] Entering safepoint region: RevokeBias
[2019-12-11T08:29:23.143+0000][1][safepoint    ] Leaving safepoint region
[2019-12-11T08:29:23.143+0000][1][safepoint    ] Total time for which application threads were stopped: 0.0000857 seconds, Stopping threads took: 0.0000128 seconds
[2019-12-11T08:29:23.151+0000][1][safepoint    ] Application time: 0.0085434 seconds
[2019-12-11T08:29:23.151+0000][1][safepoint    ] Entering safepoint region: RevokeBias
[2019-12-11T08:29:23.151+0000][1][safepoint    ] Leaving safepoint region
[2019-12-11T08:29:23.152+0000][1][safepoint    ] Total time for which application threads were stopped: 0.0000757 seconds, Stopping threads took: 0.0000120 seconds
[2019-12-11T08:29:23.284+0000][1][safepoint    ] Application time: 0.1327544 seconds
[2019-12-11T08:29:23.284+0000][1][safepoint    ] Entering safepoint region: RevokeBias
[2019-12-11T08:29:23.284+0000][1][safepoint    ] Leaving safepoint region
[2019-12-11T08:29:23.284+0000][1][safepoint    ] Total time for which application threads were stopped: 0.0000906 seconds, Stopping threads took: 0.0000132 seconds
[2019-12-11T08:29:23.287+0000][1][safepoint    ] Application time: 0.0022996 seconds
[2019-12-11T08:29:23.287+0000][1][safepoint    ] Entering safepoint region: RevokeBias
[2019-12-11T08:29:23.287+0000][1][safepoint    ] Leaving safepoint region
[2019-12-11T08:29:23.287+0000][1][safepoint    ] Total time for which application threads were stopped: 0.0001044 seconds, Stopping threads took: 0.0000522 seconds
[2019-12-11T08:29:23.348+0000][1][safepoint    ] Application time: 0.0614578 seconds
[2019-12-11T08:29:23.348+0000][1][safepoint    ] Entering safepoint region: GenCollectForAllocation
[2019-12-11T08:29:23.348+0000][1][gc,start     ] GC(4) Pause Young (Allocation Failure)
[2019-12-11T08:29:23.348+0000][1][gc,task      ] GC(4) Using 2 workers of 2 for evacuation
[2019-12-11T08:29:23.382+0000][1][gc,age       ] GC(4) Desired survivor size 4456448 bytes, new threshold 2 (max threshold 6)
[2019-12-11T08:29:23.382+0000][1][gc,age       ] GC(4) Age table with threshold 2 (max threshold 6)
[2019-12-11T08:29:23.382+0000][1][gc,age       ] GC(4) - age   1:    2073472 bytes,    2073472 total
[2019-12-11T08:29:23.382+0000][1][gc,age       ] GC(4) - age   2:    2647200 bytes,    4720672 total
[2019-12-11T08:29:23.382+0000][1][gc,age       ] GC(4) - age   3:    1064968 bytes,    5785640 total
[2019-12-11T08:29:23.382+0000][1][gc,heap      ] GC(4) ParNew: 76011K->6057K(78656K)
[2019-12-11T08:29:23.382+0000][1][gc,heap      ] GC(4) CMS: 6998K->7988K(174784K)
[2019-12-11T08:29:23.382+0000][1][gc,metaspace ] GC(4) Metaspace: 18811K->18811K(1067008K)
[2019-12-11T08:29:23.382+0000][1][gc           ] GC(4) Pause Young (Allocation Failure) 81M->13M(247M) 33.362ms
[2019-12-11T08:29:23.382+0000][1][gc,cpu       ] GC(4) User=0.02s Sys=0.00s Real=0.03s
[2019-12-11T08:29:23.382+0000][1][safepoint    ] Leaving safepoint region
[2019-12-11T08:29:23.382+0000][1][safepoint    ] Total time for which application threads were stopped: 0.0334969 seconds, Stopping threads took: 0.0000135 seconds
[2019-12-11T08:29:23.386+0000][1][safepoint    ] Application time: 0.0040743 seconds
[2019-12-11T08:29:23.390+0000][1][safepoint    ] Entering safepoint region: RevokeBias
[2019-12-11T08:29:23.390+0000][1][safepoint    ] Leaving safepoint region
[2019-12-11T08:29:23.390+0000][1][safepoint    ] Total time for which application threads were stopped: 0.0038924 seconds, Stopping threads took: 0.0038266 seconds
[2019-12-11T08:29:23.390+0000][1][safepoint    ] Application time: 0.0000545 seconds
[2019-12-11T08:29:23.390+0000][1][safepoint    ] Entering safepoint region: RevokeBias
[2019-12-11T08:29:23.390+0000][1][safepoint    ] Leaving safepoint region
[2019-12-11T08:29:23.390+0000][1][safepoint    ] Total time for which application threads were stopped: 0.0000446 seconds, Stopping threads took: 0.0000074 seconds
[2019-12-11T08:29:23.390+0000][1][safepoint    ] Application time: 0.0000619 seconds
[2019-12-11T08:29:23.390+0000][1][safepoint    ] Entering safepoint region: RevokeBias
[2019-12-11T08:29:23.390+0000][1][safepoint    ] Leaving safepoint region
[2019-12-11T08:29:23.390+0000][1][safepoint    ] Total time for which application threads were stopped: 0.0000334 seconds, Stopping threads took: 0.0000062 seconds
[2019-12-11T08:29:23.390+0000][1][safepoint    ] Application time: 0.0000427 seconds
[2019-12-11T08:29:23.390+0000][1][safepoint    ] Entering safepoint region: RevokeBias
[2019-12-11T08:29:23.390+0000][1][safepoint    ] Leaving safepoint region
[2019-12-11T08:29:23.390+0000][1][safepoint    ] Total time for which application threads were stopped: 0.0000306 seconds, Stopping threads took: 0.0000063 seconds
[2019-12-11T08:29:23.438+0000][1][safepoint    ] Application time: 0.0476276 seconds
[2019-12-11T08:29:23.438+0000][1][safepoint    ] Entering safepoint region: RevokeBias
[2019-12-11T08:29:23.438+0000][1][safepoint    ] Leaving safepoint region
[2019-12-11T08:29:23.438+0000][1][safepoint    ] Total time for which application threads were stopped: 0.0000934 seconds, Stopping threads took: 0.0000118 seconds
[2019-12-11T08:29:23.444+0000][1][safepoint    ] Application time: 0.0064068 seconds
[2019-12-11T08:29:23.444+0000][1][safepoint    ] Entering safepoint region: RevokeBias
[2019-12-11T08:29:23.444+0000][1][safepoint    ] Leaving safepoint region
[2019-12-11T08:29:23.444+0000][1][safepoint    ] Total time for which application threads were stopped: 0.0000742 seconds, Stopping threads took: 0.0000114 seconds
[2019-12-11T08:29:23.451+0000][1][safepoint    ] Application time: 0.0062839 seconds
[2019-12-11T08:29:23.451+0000][1][safepoint    ] Entering safepoint region: Deoptimize
[2019-12-11T08:29:23.451+0000][1][safepoint    ] Leaving safepoint region
[2019-12-11T08:29:23.451+0000][1][safepoint    ] Total time for which application threads were stopped: 0.0004820 seconds, Stopping threads took: 0.0000199 seconds
[2019-12-11T08:29:23.738+0000][1][safepoint    ] Application time: 0.2871159 seconds
[2019-12-11T08:29:23.738+0000][1][safepoint    ] Entering safepoint region: Deoptimize
[2019-12-11T08:29:23.739+0000][1][safepoint    ] Leaving safepoint region
[2019-12-11T08:29:23.739+0000][1][safepoint    ] Total time for which application threads were stopped: 0.0004772 seconds, Stopping threads took: 0.0000135 seconds
[2019-12-11T08:29:24.748+0000][1][safepoint    ] Application time: 1.0088935 seconds
[2019-12-11T08:29:24.748+0000][1][safepoint    ] Entering safepoint region: Cleanup
[2019-12-11T08:29:24.748+0000][1][safepoint    ] Leaving safepoint region
[2019-12-11T08:29:24.748+0000][1][safepoint    ] Total time for which application threads were stopped: 0.0000907 seconds, Stopping threads took: 0.0000466 seconds
[2019-12-11T08:29:24.859+0000][1][safepoint    ] Application time: 0.1108294 seconds
[2019-12-11T08:29:24.859+0000][1][safepoint    ] Entering safepoint region: GenCollectForAllocation
[2019-12-11T08:29:24.859+0000][1][gc,start     ] GC(5) Pause Young (Allocation Failure)
[2019-12-11T08:29:24.859+0000][1][gc,task      ] GC(5) Using 2 workers of 2 for evacuation
[2019-12-11T08:29:24.952+0000][1][gc,age       ] GC(5) Desired survivor size 4456448 bytes, new threshold 6 (max threshold 6)
[2019-12-11T08:29:24.952+0000][1][gc,age       ] GC(5) Age table with threshold 6 (max threshold 6)
[2019-12-11T08:29:24.952+0000][1][gc,age       ] GC(5) - age   1:    3034448 bytes,    3034448 total
[2019-12-11T08:29:24.952+0000][1][gc,age       ] GC(5) - age   2:     442776 bytes,    3477224 total
[2019-12-11T08:29:24.952+0000][1][gc,heap      ] GC(5) ParNew: 76009K->5247K(78656K)
[2019-12-11T08:29:24.952+0000][1][gc,heap      ] GC(5) CMS: 7988K->11644K(174784K)
[2019-12-11T08:29:24.952+0000][1][gc,metaspace ] GC(5) Metaspace: 19146K->19146K(1067008K)
[2019-12-11T08:29:24.952+0000][1][gc           ] GC(5) Pause Young (Allocation Failure) 82M->16M(247M) 93.474ms
[2019-12-11T08:29:24.952+0000][1][gc,cpu       ] GC(5) User=0.04s Sys=0.00s Real=0.09s
[2019-12-11T08:29:24.952+0000][1][safepoint    ] Leaving safepoint region
[2019-12-11T08:29:24.952+0000][1][safepoint    ] Total time for which application threads were stopped: 0.0936024 seconds, Stopping threads took: 0.0000146 seconds
[2019-12-11T08:29:24.967+0000][1][safepoint    ] Application time: 0.0144897 seconds
[2019-12-11T08:29:24.999+0000][1][safepoint    ] Entering safepoint region: RevokeBias
[2019-12-11T08:29:24.999+0000][1][safepoint    ] Leaving safepoint region
[2019-12-11T08:29:24.999+0000][1][safepoint    ] Total time for which application threads were stopped: 0.0320978 seconds, Stopping threads took: 0.0320202 seconds
[2019-12-11T08:29:24.999+0000][1][safepoint    ] Application time: 0.0000722 seconds
[2019-12-11T08:29:24.999+0000][1][safepoint    ] Entering safepoint region: RevokeBias
[2019-12-11T08:29:24.999+0000][1][safepoint    ] Leaving safepoint region
[2019-12-11T08:29:24.999+0000][1][safepoint    ] Total time for which application threads were stopped: 0.0000615 seconds, Stopping threads took: 0.0000088 seconds
[2019-12-11T08:29:24.999+0000][1][safepoint    ] Application time: 0.0000589 seconds
[2019-12-11T08:29:24.999+0000][1][safepoint    ] Entering safepoint region: RevokeBias
[2019-12-11T08:29:24.999+0000][1][safepoint    ] Leaving safepoint region
[2019-12-11T08:29:24.999+0000][1][safepoint    ] Total time for which application threads were stopped: 0.0000429 seconds, Stopping threads took: 0.0000076 seconds
[2019-12-11T08:29:24.999+0000][1][safepoint    ] Application time: 0.0000453 seconds
[2019-12-11T08:29:24.999+0000][1][safepoint    ] Entering safepoint region: RevokeBias
[2019-12-11T08:29:24.999+0000][1][safepoint    ] Leaving safepoint region
[2019-12-11T08:29:24.999+0000][1][safepoint    ] Total time for which application threads were stopped: 0.0000415 seconds, Stopping threads took: 0.0000074 seconds
[2019-12-11T08:29:24.999+0000][1][safepoint    ] Application time: 0.0000489 seconds
[2019-12-11T08:29:24.999+0000][1][safepoint    ] Entering safepoint region: RevokeBias
[2019-12-11T08:29:24.999+0000][1][safepoint    ] Leaving safepoint region
[2019-12-11T08:29:24.999+0000][1][safepoint    ] Total time for which application threads were stopped: 0.0000402 seconds, Stopping threads took: 0.0000075 seconds
[2019-12-11T08:29:25.000+0000][1][safepoint    ] Application time: 0.0000449 seconds
[2019-12-11T08:29:25.000+0000][1][safepoint    ] Entering safepoint region: RevokeBias
[2019-12-11T08:29:25.000+0000][1][safepoint    ] Leaving safepoint region
[2019-12-11T08:29:25.000+0000][1][safepoint    ] Total time for which application threads were stopped: 0.0000403 seconds, Stopping threads took: 0.0000070 seconds
[2019-12-11T08:29:25.883+0000][1][safepoint    ] Application time: 0.8831819 seconds
[2019-12-11T08:29:25.883+0000][1][safepoint    ] Entering safepoint region: RevokeBias
[2019-12-11T08:29:25.883+0000][1][safepoint    ] Leaving safepoint region
[2019-12-11T08:29:25.883+0000][1][safepoint    ] Total time for which application threads were stopped: 0.0000974 seconds, Stopping threads took: 0.0000142 seconds
[2019-12-11T08:29:25.891+0000][1][safepoint    ] Application time: 0.0081300 seconds
[2019-12-11T08:29:25.891+0000][1][safepoint    ] Entering safepoint region: RevokeBias
[2019-12-11T08:29:25.891+0000][1][safepoint    ] Leaving safepoint region
[2019-12-11T08:29:25.891+0000][1][safepoint    ] Total time for which application threads were stopped: 0.0000882 seconds, Stopping threads took: 0.0000135 seconds
[2019-12-11T08:29:26.288+0000][1][safepoint    ] Application time: 0.3965645 seconds
[2019-12-11T08:29:26.288+0000][1][safepoint    ] Entering safepoint region: GenCollectForAllocation
[2019-12-11T08:29:26.288+0000][1][gc,start     ] GC(6) Pause Young (Allocation Failure)
[2019-12-11T08:29:26.288+0000][1][gc,task      ] GC(6) Using 2 workers of 2 for evacuation
[2019-12-11T08:29:26.327+0000][1][gc,age       ] GC(6) Desired survivor size 4456448 bytes, new threshold 6 (max threshold 6)
[2019-12-11T08:29:26.327+0000][1][gc,age       ] GC(6) Age table with threshold 6 (max threshold 6)
[2019-12-11T08:29:26.327+0000][1][gc,age       ] GC(6) - age   1:    1675056 bytes,    1675056 total
[2019-12-11T08:29:26.327+0000][1][gc,age       ] GC(6) - age   2:    2192624 bytes,    3867680 total
[2019-12-11T08:29:26.327+0000][1][gc,age       ] GC(6) - age   3:     442776 bytes,    4310456 total
[2019-12-11T08:29:26.327+0000][1][gc,heap      ] GC(6) ParNew: 75199K->5787K(78656K)
[2019-12-11T08:29:26.327+0000][1][gc,heap      ] GC(6) CMS: 11644K->11644K(174784K)
[2019-12-11T08:29:26.327+0000][1][gc,metaspace ] GC(6) Metaspace: 19454K->19454K(1067008K)
[2019-12-11T08:29:26.327+0000][1][gc           ] GC(6) Pause Young (Allocation Failure) 84M->17M(247M) 39.095ms
[2019-12-11T08:29:26.327+0000][1][gc,cpu       ] GC(6) User=0.01s Sys=0.00s Real=0.04s
[2019-12-11T08:29:26.327+0000][1][safepoint    ] Leaving safepoint region
[2019-12-11T08:29:26.327+0000][1][safepoint    ] Total time for which application threads were stopped: 0.0392546 seconds, Stopping threads took: 0.0000142 seconds
[2019-12-11T08:29:26.328+0000][1][safepoint    ] Application time: 0.0008181 seconds
[2019-12-11T08:29:26.328+0000][1][safepoint    ] Entering safepoint region: RevokeBias
[2019-12-11T08:29:26.328+0000][1][safepoint    ] Leaving safepoint region
[2019-12-11T08:29:26.328+0000][1][safepoint    ] Total time for which application threads were stopped: 0.0001323 seconds, Stopping threads took: 0.0000449 seconds
[2019-12-11T08:29:26.328+0000][1][safepoint    ] Application time: 0.0000653 seconds
[2019-12-11T08:29:26.328+0000][1][safepoint    ] Entering safepoint region: RevokeBias
[2019-12-11T08:29:26.328+0000][1][safepoint    ] Leaving safepoint region
[2019-12-11T08:29:26.328+0000][1][safepoint    ] Total time for which application threads were stopped: 0.0000618 seconds, Stopping threads took: 0.0000085 seconds
[2019-12-11T08:29:26.328+0000][1][safepoint    ] Application time: 0.0000571 seconds
[2019-12-11T08:29:26.328+0000][1][safepoint    ] Entering safepoint region: BulkRevokeBias
[2019-12-11T08:29:26.328+0000][1][safepoint    ] Leaving safepoint region
[2019-12-11T08:29:26.328+0000][1][safepoint    ] Total time for which application threads were stopped: 0.0000927 seconds, Stopping threads took: 0.0000080 seconds
[2019-12-11T08:29:26.328+0000][1][safepoint    ] Application time: 0.0000520 seconds
[2019-12-11T08:29:26.328+0000][1][safepoint    ] Entering safepoint region: BulkRevokeBias
[2019-12-11T08:29:26.328+0000][1][safepoint    ] Leaving safepoint region
[2019-12-11T08:29:26.328+0000][1][safepoint    ] Total time for which application threads were stopped: 0.0000830 seconds, Stopping threads took: 0.0000081 seconds
[2019-12-11T08:29:27.356+0000][1][safepoint    ] Application time: 1.0272814 seconds
[2019-12-11T08:29:27.406+0000][1][safepoint    ] Entering safepoint region: Cleanup
[2019-12-11T08:29:27.406+0000][1][safepoint    ] Leaving safepoint region
[2019-12-11T08:29:27.406+0000][1][safepoint    ] Total time for which application threads were stopped: 0.0502949 seconds, Stopping threads took: 0.0502415 seconds
[2019-12-11T08:29:27.411+0000][1][safepoint    ] Application time: 0.0050483 seconds
[2019-12-11T08:29:27.411+0000][1][safepoint    ] Entering safepoint region: GenCollectForAllocation
[2019-12-11T08:29:27.411+0000][1][gc,start     ] GC(7) Pause Young (Allocation Failure)
[2019-12-11T08:29:27.411+0000][1][gc,task      ] GC(7) Using 2 workers of 2 for evacuation
[2019-12-11T08:29:27.455+0000][1][gc,age       ] GC(7) Desired survivor size 4456448 bytes, new threshold 6 (max threshold 6)
[2019-12-11T08:29:27.455+0000][1][gc,age       ] GC(7) Age table with threshold 6 (max threshold 6)
[2019-12-11T08:29:27.455+0000][1][gc,age       ] GC(7) - age   1:     398312 bytes,     398312 total
[2019-12-11T08:29:27.455+0000][1][gc,age       ] GC(7) - age   2:    1128896 bytes,    1527208 total
[2019-12-11T08:29:27.455+0000][1][gc,age       ] GC(7) - age   3:    2192544 bytes,    3719752 total
[2019-12-11T08:29:27.455+0000][1][gc,age       ] GC(7) - age   4:     442776 bytes,    4162528 total
[2019-12-11T08:29:27.455+0000][1][gc,heap      ] GC(7) ParNew: 75739K->6182K(78656K)
[2019-12-11T08:29:27.455+0000][1][gc,heap      ] GC(7) CMS: 11644K->11644K(174784K)
[2019-12-11T08:29:27.455+0000][1][gc,metaspace ] GC(7) Metaspace: 19735K->19735K(1067008K)
[2019-12-11T08:29:27.455+0000][1][gc           ] GC(7) Pause Young (Allocation Failure) 85M->17M(247M) 43.891ms
[2019-12-11T08:29:27.455+0000][1][gc,cpu       ] GC(7) User=0.01s Sys=0.00s Real=0.05s
[2019-12-11T08:29:27.455+0000][1][safepoint    ] Leaving safepoint region
[2019-12-11T08:29:27.455+0000][1][safepoint    ] Total time for which application threads were stopped: 0.0440105 seconds, Stopping threads took: 0.0000120 seconds
[2019-12-11T08:29:28.242+0000][1][safepoint    ] Application time: 0.7863224 seconds
[2019-12-11T08:29:28.242+0000][1][safepoint    ] Entering safepoint region: CollectForMetadataAllocation
[2019-12-11T08:29:28.242+0000][1][safepoint    ] Leaving safepoint region
[2019-12-11T08:29:28.242+0000][1][safepoint    ] Total time for which application threads were stopped: 0.0002888 seconds, Stopping threads took: 0.0000135 seconds
[2019-12-11T08:29:28.517+0000][1][safepoint    ] Application time: 0.2755833 seconds
[2019-12-11T08:29:28.517+0000][1][safepoint    ] Entering safepoint region: CollectForMetadataAllocation
[2019-12-11T08:29:28.518+0000][1][safepoint    ] Leaving safepoint region
[2019-12-11T08:29:28.518+0000][1][safepoint    ] Total time for which application threads were stopped: 0.0002635 seconds, Stopping threads took: 0.0000148 seconds
[2019-12-11T08:29:29.395+0000][1][safepoint    ] Application time: 0.8770051 seconds
[2019-12-11T08:29:29.395+0000][1][safepoint    ] Entering safepoint region: GenCollectForAllocation
[2019-12-11T08:29:29.395+0000][1][gc,start     ] GC(8) Pause Young (Allocation Failure)
[2019-12-11T08:29:29.395+0000][1][gc,task      ] GC(8) Using 2 workers of 2 for evacuation
[2019-12-11T08:29:29.476+0000][1][gc,age       ] GC(8) Desired survivor size 4456448 bytes, new threshold 4 (max threshold 6)
[2019-12-11T08:29:29.476+0000][1][gc,age       ] GC(8) Age table with threshold 4 (max threshold 6)
[2019-12-11T08:29:29.476+0000][1][gc,age       ] GC(8) - age   1:     932992 bytes,     932992 total
[2019-12-11T08:29:29.476+0000][1][gc,age       ] GC(8) - age   2:     364976 bytes,    1297968 total
[2019-12-11T08:29:29.476+0000][1][gc,age       ] GC(8) - age   3:    1128752 bytes,    2426720 total
[2019-12-11T08:29:29.476+0000][1][gc,age       ] GC(8) - age   4:    2190328 bytes,    4617048 total
[2019-12-11T08:29:29.476+0000][1][gc,age       ] GC(8) - age   5:     442776 bytes,    5059824 total
[2019-12-11T08:29:29.476+0000][1][gc,heap      ] GC(8) ParNew: 76134K->6118K(78656K)
[2019-12-11T08:29:29.476+0000][1][gc,heap      ] GC(8) CMS: 11644K->11644K(174784K)
[2019-12-11T08:29:29.476+0000][1][gc,metaspace ] GC(8) Metaspace: 20540K->20540K(1069056K)
[2019-12-11T08:29:29.476+0000][1][gc           ] GC(8) Pause Young (Allocation Failure) 85M->17M(247M) 81.128ms
[2019-12-11T08:29:29.476+0000][1][gc,cpu       ] GC(8) User=0.03s Sys=0.00s Real=0.08s
[2019-12-11T08:29:29.476+0000][1][safepoint    ] Leaving safepoint region
[2019-12-11T08:29:29.476+0000][1][safepoint    ] Total time for which application threads were stopped: 0.0812542 seconds, Stopping threads took: 0.0000146 seconds
[2019-12-11T08:29:29.479+0000][1][safepoint    ] Application time: 0.0027868 seconds
[2019-12-11T08:29:29.499+0000][1][safepoint    ] Entering safepoint region: CMS_Initial_Mark
[2019-12-11T08:29:29.499+0000][1][gc,start     ] GC(9) Pause Initial Mark
[2019-12-11T08:29:29.503+0000][1][gc           ] GC(9) Pause Initial Mark 21M->21M(247M) 3.671ms
[2019-12-11T08:29:29.503+0000][1][gc,cpu       ] GC(9) User=0.01s Sys=0.00s Real=0.00s
[2019-12-11T08:29:29.503+0000][1][safepoint    ] Leaving safepoint region
[2019-12-11T08:29:29.503+0000][1][safepoint    ] Total time for which application threads were stopped: 0.0238186 seconds, Stopping threads took: 0.0200340 seconds
[2019-12-11T08:29:29.503+0000][1][gc           ] GC(9) Concurrent Mark
[2019-12-11T08:29:29.566+0000][1][gc           ] GC(9) Concurrent Mark 63.747ms
[2019-12-11T08:29:29.567+0000][1][gc,cpu       ] GC(9) User=0.03s Sys=0.00s Real=0.07s
[2019-12-11T08:29:29.567+0000][1][gc           ] GC(9) Concurrent Preclean
[2019-12-11T08:29:29.567+0000][1][gc           ] GC(9) Concurrent Preclean 0.456ms
[2019-12-11T08:29:29.567+0000][1][gc,cpu       ] GC(9) User=0.00s Sys=0.00s Real=0.00s
[2019-12-11T08:29:29.567+0000][1][gc           ] GC(9) Concurrent Abortable Preclean
[2019-12-11T08:29:29.686+0000][1][safepoint    ] Application time: 0.1830313 seconds
[2019-12-11T08:29:29.686+0000][1][safepoint    ] Entering safepoint region: RevokeBias
[2019-12-11T08:29:29.686+0000][1][safepoint    ] Leaving safepoint region
[2019-12-11T08:29:29.686+0000][1][safepoint    ] Total time for which application threads were stopped: 0.0000935 seconds, Stopping threads took: 0.0000408 seconds
[2019-12-11T08:29:29.703+0000][1][safepoint    ] Application time: 0.0168811 seconds
[2019-12-11T08:29:29.703+0000][1][safepoint    ] Entering safepoint region: RevokeBias
[2019-12-11T08:29:29.703+0000][1][safepoint    ] Leaving safepoint region
[2019-12-11T08:29:29.703+0000][1][safepoint    ] Total time for which application threads were stopped: 0.0000763 seconds, Stopping threads took: 0.0000141 seconds
[2019-12-11T08:29:29.704+0000][1][safepoint    ] Application time: 0.0007390 seconds
[2019-12-11T08:29:29.704+0000][1][safepoint    ] Entering safepoint region: RevokeBias
[2019-12-11T08:29:29.704+0000][1][safepoint    ] Leaving safepoint region
[2019-12-11T08:29:29.704+0000][1][safepoint    ] Total time for which application threads were stopped: 0.0000802 seconds, Stopping threads took: 0.0000113 seconds
[2019-12-11T08:29:29.705+0000][1][safepoint    ] Application time: 0.0009381 seconds
[2019-12-11T08:29:29.705+0000][1][safepoint    ] Entering safepoint region: RevokeBias
[2019-12-11T08:29:29.705+0000][1][safepoint    ] Leaving safepoint region
[2019-12-11T08:29:29.705+0000][1][safepoint    ] Total time for which application threads were stopped: 0.0000562 seconds, Stopping threads took: 0.0000164 seconds
[2019-12-11T08:29:29.721+0000][1][safepoint    ] Application time: 0.0160135 seconds
[2019-12-11T08:29:29.721+0000][1][safepoint    ] Entering safepoint region: RevokeBias
[2019-12-11T08:29:29.721+0000][1][safepoint    ] Leaving safepoint region
[2019-12-11T08:29:29.721+0000][1][safepoint    ] Total time for which application threads were stopped: 0.0000583 seconds, Stopping threads took: 0.0000118 seconds
[2019-12-11T08:29:29.722+0000][1][safepoint    ] Application time: 0.0007648 seconds
[2019-12-11T08:29:29.722+0000][1][safepoint    ] Entering safepoint region: RevokeBias
[2019-12-11T08:29:29.722+0000][1][safepoint    ] Leaving safepoint region
[2019-12-11T08:29:29.722+0000][1][safepoint    ] Total time for which application threads were stopped: 0.0001004 seconds, Stopping threads took: 0.0000101 seconds
[2019-12-11T08:29:29.722+0000][1][safepoint    ] Application time: 0.0005005 seconds
[2019-12-11T08:29:29.722+0000][1][safepoint    ] Entering safepoint region: RevokeBias
[2019-12-11T08:29:29.722+0000][1][safepoint    ] Leaving safepoint region
[2019-12-11T08:29:29.722+0000][1][safepoint    ] Total time for which application threads were stopped: 0.0000475 seconds, Stopping threads took: 0.0000098 seconds
[2019-12-11T08:29:29.723+0000][1][safepoint    ] Application time: 0.0006975 seconds
[2019-12-11T08:29:29.723+0000][1][safepoint    ] Entering safepoint region: RevokeBias
[2019-12-11T08:29:29.723+0000][1][safepoint    ] Leaving safepoint region
[2019-12-11T08:29:29.723+0000][1][safepoint    ] Total time for which application threads were stopped: 0.0000440 seconds, Stopping threads took: 0.0000100 seconds
[2019-12-11T08:29:29.745+0000][1][safepoint    ] Application time: 0.0216437 seconds
[2019-12-11T08:29:29.745+0000][1][safepoint    ] Entering safepoint region: RevokeBias
[2019-12-11T08:29:29.745+0000][1][safepoint    ] Leaving safepoint region
[2019-12-11T08:29:29.745+0000][1][safepoint    ] Total time for which application threads were stopped: 0.0000689 seconds, Stopping threads took: 0.0000196 seconds
[2019-12-11T08:29:30.763+0000][1][safepoint    ] Application time: 1.0179397 seconds
[2019-12-11T08:29:30.805+0000][1][safepoint    ] Entering safepoint region: Cleanup
[2019-12-11T08:29:30.805+0000][1][safepoint    ] Leaving safepoint region
[2019-12-11T08:29:30.805+0000][1][safepoint    ] Total time for which application threads were stopped: 0.0422320 seconds, Stopping threads took: 0.0421624 seconds
[2019-12-11T08:29:30.815+0000][1][safepoint    ] Application time: 0.0102390 seconds
[2019-12-11T08:29:30.815+0000][1][safepoint    ] Entering safepoint region: GenCollectForAllocation
[2019-12-11T08:29:30.815+0000][1][gc,start     ] GC(10) Pause Young (Allocation Failure)
[2019-12-11T08:29:30.815+0000][1][gc,task      ] GC(10) Using 2 workers of 2 for evacuation
[2019-12-11T08:29:30.852+0000][1][gc,age       ] GC(10) Desired survivor size 4456448 bytes, new threshold 6 (max threshold 6)
[2019-12-11T08:29:30.852+0000][1][gc,age       ] GC(10) Age table with threshold 6 (max threshold 6)
[2019-12-11T08:29:30.852+0000][1][gc,age       ] GC(10) - age   1:    1141784 bytes,    1141784 total
[2019-12-11T08:29:30.852+0000][1][gc,age       ] GC(10) - age   2:     646120 bytes,    1787904 total
[2019-12-11T08:29:30.852+0000][1][gc,age       ] GC(10) - age   3:     364976 bytes,    2152880 total
[2019-12-11T08:29:30.852+0000][1][gc,age       ] GC(10) - age   4:    1128752 bytes,    3281632 total
[2019-12-11T08:29:30.852+0000][1][gc,heap      ] GC(10) ParNew: 76070K->7088K(78656K)
[2019-12-11T08:29:30.852+0000][1][gc,heap      ] GC(10) CMS: 11644K->14233K(174784K)
[2019-12-11T08:29:30.852+0000][1][gc,metaspace ] GC(10) Metaspace: 20646K->20646K(1069056K)
[2019-12-11T08:29:30.852+0000][1][gc           ] GC(10) Pause Young (Allocation Failure) 85M->20M(247M) 36.399ms
[2019-12-11T08:29:30.852+0000][1][gc,cpu       ] GC(10) User=0.02s Sys=0.00s Real=0.03s
[2019-12-11T08:29:30.852+0000][1][safepoint    ] Leaving safepoint region
[2019-12-11T08:29:30.852+0000][1][safepoint    ] Total time for which application threads were stopped: 0.0365245 seconds, Stopping threads took: 0.0000139 seconds
[2019-12-11T08:29:31.678+0000][1][gc           ] GC(9) Concurrent Abortable Preclean 2110.658ms
[2019-12-11T08:29:31.678+0000][1][gc,cpu       ] GC(9) User=0.61s Sys=0.01s Real=2.11s
[2019-12-11T08:29:31.683+0000][1][safepoint    ] Application time: 0.8308268 seconds
[2019-12-11T08:29:31.683+0000][1][safepoint    ] Entering safepoint region: CMS_Final_Remark
[2019-12-11T08:29:31.683+0000][1][gc,start     ] GC(9) Pause Remark
[2019-12-11T08:29:31.815+0000][1][gc           ] GC(9) Pause Remark 67M->67M(247M) 132.386ms
[2019-12-11T08:29:31.815+0000][1][gc,cpu       ] GC(9) User=0.04s Sys=0.00s Real=0.14s
[2019-12-11T08:29:31.815+0000][1][safepoint    ] Leaving safepoint region
[2019-12-11T08:29:31.815+0000][1][safepoint    ] Total time for which application threads were stopped: 0.1325822 seconds, Stopping threads took: 0.0000568 seconds
[2019-12-11T08:29:31.818+0000][1][gc           ] GC(9) Concurrent Sweep
[2019-12-11T08:29:31.884+0000][1][safepoint    ] Application time: 0.0684235 seconds
[2019-12-11T08:29:31.884+0000][1][safepoint    ] Entering safepoint region: CollectForMetadataAllocation
[2019-12-11T08:29:31.884+0000][1][safepoint    ] Leaving safepoint region
[2019-12-11T08:29:31.884+0000][1][safepoint    ] Total time for which application threads were stopped: 0.0005978 seconds, Stopping threads took: 0.0000158 seconds
[2019-12-11T08:29:31.888+0000][1][gc           ] GC(9) Concurrent Sweep 69.806ms
[2019-12-11T08:29:31.888+0000][1][gc,cpu       ] GC(9) User=0.03s Sys=0.00s Real=0.07s
[2019-12-11T08:29:31.888+0000][1][gc           ] GC(9) Concurrent Reset
[2019-12-11T08:29:31.888+0000][1][gc           ] GC(9) Concurrent Reset 0.348ms
[2019-12-11T08:29:31.888+0000][1][gc,cpu       ] GC(9) User=0.00s Sys=0.00s Real=0.00s
[2019-12-11T08:29:31.888+0000][1][gc,heap      ] GC(9) Old: 11644K->14223K(174784K)
[2019-12-11T08:29:32.268+0000][1][safepoint    ] Application time: 0.3833260 seconds
[2019-12-11T08:29:32.268+0000][1][safepoint    ] Entering safepoint region: GenCollectForAllocation
[2019-12-11T08:29:32.268+0000][1][gc,start     ] GC(11) Pause Young (Allocation Failure)
[2019-12-11T08:29:32.268+0000][1][gc,task      ] GC(11) Using 2 workers of 2 for evacuation
[2019-12-11T08:29:32.341+0000][1][gc,age       ] GC(11) Desired survivor size 4456448 bytes, new threshold 6 (max threshold 6)
[2019-12-11T08:29:32.341+0000][1][gc,age       ] GC(11) Age table with threshold 6 (max threshold 6)
[2019-12-11T08:29:32.341+0000][1][gc,age       ] GC(11) - age   1:    1008736 bytes,    1008736 total
[2019-12-11T08:29:32.341+0000][1][gc,age       ] GC(11) - age   2:      97424 bytes,    1106160 total
[2019-12-11T08:29:32.341+0000][1][gc,age       ] GC(11) - age   3:     646072 bytes,    1752232 total
[2019-12-11T08:29:32.341+0000][1][gc,age       ] GC(11) - age   4:     364872 bytes,    2117104 total
[2019-12-11T08:29:32.341+0000][1][gc,age       ] GC(11) - age   5:    1128464 bytes,    3245568 total
[2019-12-11T08:29:32.341+0000][1][gc,heap      ] GC(11) ParNew: 77040K->4766K(78656K)
[2019-12-11T08:29:32.341+0000][1][gc,heap      ] GC(11) CMS: 14223K->14223K(174784K)
[2019-12-11T08:29:32.341+0000][1][gc,metaspace ] GC(11) Metaspace: 20720K->20720K(1069056K)
[2019-12-11T08:29:32.341+0000][1][gc           ] GC(11) Pause Young (Allocation Failure) 89M->18M(247M) 73.174ms
[2019-12-11T08:29:32.341+0000][1][gc,cpu       ] GC(11) User=0.01s Sys=0.00s Real=0.07s
[2019-12-11T08:29:32.341+0000][1][safepoint    ] Leaving safepoint region
[2019-12-11T08:29:32.341+0000][1][safepoint    ] Total time for which application threads were stopped: 0.0733210 seconds, Stopping threads took: 0.0000164 seconds
[2019-12-11T08:29:33.350+0000][1][safepoint    ] Application time: 1.0086458 seconds
[2019-12-11T08:29:33.350+0000][1][safepoint    ] Entering safepoint region: Cleanup
[2019-12-11T08:29:33.350+0000][1][safepoint    ] Leaving safepoint region
[2019-12-11T08:29:33.350+0000][1][safepoint    ] Total time for which application threads were stopped: 0.0001024 seconds, Stopping threads took: 0.0000537 seconds
[2019-12-11T08:29:34.352+0000][1][safepoint    ] Application time: 1.0018325 seconds
[2019-12-11T08:29:34.432+0000][1][safepoint    ] Entering safepoint region: Cleanup
[2019-12-11T08:29:34.432+0000][1][safepoint    ] Leaving safepoint region
[2019-12-11T08:29:34.432+0000][1][safepoint    ] Total time for which application threads were stopped: 0.0802655 seconds, Stopping threads took: 0.0801972 seconds
[2019-12-11T08:29:35.414+0000][1][safepoint    ] Application time: 0.9816883 seconds
[2019-12-11T08:29:35.414+0000][1][safepoint    ] Entering safepoint region: GenCollectForAllocation
[2019-12-11T08:29:35.414+0000][1][gc,start     ] GC(12) Pause Young (Allocation Failure)
[2019-12-11T08:29:35.414+0000][1][gc,task      ] GC(12) Using 2 workers of 2 for evacuation
[2019-12-11T08:29:35.515+0000][1][gc,age       ] GC(12) Desired survivor size 4456448 bytes, new threshold 6 (max threshold 6)
[2019-12-11T08:29:35.515+0000][1][gc,age       ] GC(12) Age table with threshold 6 (max threshold 6)
[2019-12-11T08:29:35.515+0000][1][gc,age       ] GC(12) - age   1:    1038216 bytes,    1038216 total
[2019-12-11T08:29:35.515+0000][1][gc,age       ] GC(12) - age   2:     305568 bytes,    1343784 total
[2019-12-11T08:29:35.515+0000][1][gc,age       ] GC(12) - age   3:      97424 bytes,    1441208 total
[2019-12-11T08:29:35.515+0000][1][gc,age       ] GC(12) - age   4:     646008 bytes,    2087216 total
[2019-12-11T08:29:35.515+0000][1][gc,age       ] GC(12) - age   5:     364872 bytes,    2452088 total
[2019-12-11T08:29:35.515+0000][1][gc,age       ] GC(12) - age   6:    1128464 bytes,    3580552 total
[2019-12-11T08:29:35.515+0000][1][gc,heap      ] GC(12) ParNew: 74718K->4459K(78656K)
[2019-12-11T08:29:35.515+0000][1][gc,heap      ] GC(12) CMS: 14223K->14223K(174784K)
[2019-12-11T08:29:35.515+0000][1][gc,metaspace ] GC(12) Metaspace: 22950K->22950K(1071104K)
[2019-12-11T08:29:35.515+0000][1][gc           ] GC(12) Pause Young (Allocation Failure) 86M->18M(247M) 101.498ms
[2019-12-11T08:29:35.515+0000][1][gc,cpu       ] GC(12) User=0.01s Sys=0.00s Real=0.11s
[2019-12-11T08:29:35.515+0000][1][safepoint    ] Leaving safepoint region
[2019-12-11T08:29:35.515+0000][1][safepoint    ] Total time for which application threads were stopped: 0.1016410 seconds, Stopping threads took: 0.0000124 seconds
[2019-12-11T08:29:36.387+0000][1][safepoint    ] Application time: 0.8713336 seconds
[2019-12-11T08:29:36.387+0000][1][safepoint    ] Entering safepoint region: Deoptimize
[2019-12-11T08:29:36.387+0000][1][safepoint    ] Leaving safepoint region
[2019-12-11T08:29:36.387+0000][1][safepoint    ] Total time for which application threads were stopped: 0.0005919 seconds, Stopping threads took: 0.0000124 seconds
[2019-12-11T08:29:37.096+0000][1][safepoint    ] Application time: 0.7083060 seconds
[2019-12-11T08:29:37.096+0000][1][safepoint    ] Entering safepoint region: Deoptimize
[2019-12-11T08:29:37.096+0000][1][safepoint    ] Leaving safepoint region
[2019-12-11T08:29:37.096+0000][1][safepoint    ] Total time for which application threads were stopped: 0.0004545 seconds, Stopping threads took: 0.0000131 seconds
[2019-12-11T08:29:37.279+0000][1][safepoint    ] Application time: 0.1825377 seconds
[2019-12-11T08:29:37.279+0000][1][safepoint    ] Entering safepoint region: Deoptimize
[2019-12-11T08:29:37.279+0000][1][safepoint    ] Leaving safepoint region
[2019-12-11T08:29:37.279+0000][1][safepoint    ] Total time for which application threads were stopped: 0.0005290 seconds, Stopping threads took: 0.0000143 seconds
[2019-12-11T08:29:37.360+0000][1][safepoint    ] Application time: 0.0804283 seconds
[2019-12-11T08:29:37.360+0000][1][safepoint    ] Entering safepoint region: RevokeBias
[2019-12-11T08:29:37.360+0000][1][safepoint    ] Leaving safepoint region
[2019-12-11T08:29:37.360+0000][1][safepoint    ] Total time for which application threads were stopped: 0.0000577 seconds, Stopping threads took: 0.0000127 seconds
[2019-12-11T08:29:37.373+0000][1][safepoint    ] Application time: 0.0128875 seconds
[2019-12-11T08:29:37.373+0000][1][safepoint    ] Entering safepoint region: RevokeBias
[2019-12-11T08:29:37.373+0000][1][safepoint    ] Leaving safepoint region
[2019-12-11T08:29:37.373+0000][1][safepoint    ] Total time for which application threads were stopped: 0.0000571 seconds, Stopping threads took: 0.0000126 seconds
[2019-12-11T08:29:38.383+0000][1][safepoint    ] Application time: 1.0099616 seconds
[2019-12-11T08:29:38.383+0000][1][safepoint    ] Entering safepoint region: Cleanup
[2019-12-11T08:29:38.383+0000][1][safepoint    ] Leaving safepoint region
[2019-12-11T08:29:38.383+0000][1][safepoint    ] Total time for which application threads were stopped: 0.0001128 seconds, Stopping threads took: 0.0000649 seconds
[2019-12-11T08:29:39.386+0000][1][safepoint    ] Application time: 1.0028137 seconds
[2019-12-11T08:29:39.481+0000][1][safepoint    ] Entering safepoint region: Cleanup
[2019-12-11T08:29:39.481+0000][1][safepoint    ] Leaving safepoint region
[2019-12-11T08:29:39.481+0000][1][safepoint    ] Total time for which application threads were stopped: 0.0954062 seconds, Stopping threads took: 0.0951272 seconds
[2019-12-11T08:29:40.032+0000][1][safepoint    ] Application time: 0.5505277 seconds
[2019-12-11T08:29:40.032+0000][1][safepoint    ] Entering safepoint region: RevokeBias
[2019-12-11T08:29:40.032+0000][1][safepoint    ] Leaving safepoint region
[2019-12-11T08:29:40.032+0000][1][safepoint    ] Total time for which application threads were stopped: 0.0001112 seconds, Stopping threads took: 0.0000149 seconds
[2019-12-11T08:29:41.037+0000][1][safepoint    ] Application time: 1.0048069 seconds
[2019-12-11T08:29:41.096+0000][1][safepoint    ] Entering safepoint region: Cleanup
[2019-12-11T08:29:41.096+0000][1][safepoint    ] Leaving safepoint region
[2019-12-11T08:29:41.096+0000][1][safepoint    ] Total time for which application threads were stopped: 0.0590981 seconds, Stopping threads took: 0.0590406 seconds
[2019-12-11T08:29:42.098+0000][1][safepoint    ] Application time: 1.0019755 seconds
[2019-12-11T08:29:42.151+0000][1][safepoint    ] Entering safepoint region: Cleanup
[2019-12-11T08:29:42.151+0000][1][safepoint    ] Leaving safepoint region
[2019-12-11T08:29:42.151+0000][1][safepoint    ] Total time for which application threads were stopped: 0.0531278 seconds, Stopping threads took: 0.0530795 seconds
[2019-12-11T08:29:42.823+0000][1][safepoint    ] Application time: 0.6720650 seconds
[2019-12-11T08:29:42.823+0000][1][safepoint    ] Entering safepoint region: GenCollectForAllocation
[2019-12-11T08:29:42.823+0000][1][gc,start     ] GC(13) Pause Young (Allocation Failure)
[2019-12-11T08:29:42.823+0000][1][gc,task      ] GC(13) Using 2 workers of 2 for evacuation
[2019-12-11T08:29:43.175+0000][1][gc,age       ] GC(13) Desired survivor size 4456448 bytes, new threshold 1 (max threshold 6)
[2019-12-11T08:29:43.175+0000][1][gc,age       ] GC(13) Age table with threshold 1 (max threshold 6)
[2019-12-11T08:29:43.175+0000][1][gc,age       ] GC(13) - age   1:    6493216 bytes,    6493216 total
[2019-12-11T08:29:43.175+0000][1][gc,age       ] GC(13) - age   2:    1011160 bytes,    7504376 total
[2019-12-11T08:29:43.175+0000][1][gc,age       ] GC(13) - age   3:     305304 bytes,    7809680 total
[2019-12-11T08:29:43.175+0000][1][gc,age       ] GC(13) - age   4:      97272 bytes,    7906952 total
[2019-12-11T08:29:43.175+0000][1][gc,age       ] GC(13) - age   5:     642968 bytes,    8549920 total
[2019-12-11T08:29:43.175+0000][1][gc,age       ] GC(13) - age   6:     362680 bytes,    8912600 total
[2019-12-11T08:29:43.175+0000][1][gc,heap      ] GC(13) ParNew: 74411K->8704K(78656K)
[2019-12-11T08:29:43.175+0000][1][gc,heap      ] GC(13) CMS: 14223K->22171K(174784K)
[2019-12-11T08:29:43.175+0000][1][gc,metaspace ] GC(13) Metaspace: 27221K->27221K(1075200K)
[2019-12-11T08:29:43.175+0000][1][gc           ] GC(13) Pause Young (Allocation Failure) 86M->30M(247M) 352.185ms
[2019-12-11T08:29:43.175+0000][1][gc,cpu       ] GC(13) User=0.08s Sys=0.00s Real=0.36s
[2019-12-11T08:29:43.175+0000][1][safepoint    ] Leaving safepoint region
[2019-12-11T08:29:43.175+0000][1][safepoint    ] Total time for which application threads were stopped: 0.3523138 seconds, Stopping threads took: 0.0000129 seconds
[2019-12-11T08:29:45.187+0000][1][safepoint    ] Application time: 2.0118609 seconds
[2019-12-11T08:29:45.221+0000][1][safepoint    ] Entering safepoint region: Cleanup
[2019-12-11T08:29:45.221+0000][1][safepoint    ] Leaving safepoint region
[2019-12-11T08:29:45.221+0000][1][safepoint    ] Total time for which application threads were stopped: 0.0340516 seconds, Stopping threads took: 0.0339900 seconds
[2019-12-11T08:29:47.225+0000][1][safepoint    ] Application time: 2.0033374 seconds
[2019-12-11T08:29:47.268+0000][1][safepoint    ] Entering safepoint region: Cleanup
[2019-12-11T08:29:47.268+0000][1][safepoint    ] Leaving safepoint region
[2019-12-11T08:29:47.268+0000][1][safepoint    ] Total time for which application threads were stopped: 0.0431011 seconds, Stopping threads took: 0.0430533 seconds
[2019-12-11T08:29:47.480+0000][1][safepoint    ] Application time: 0.2119056 seconds
[2019-12-11T08:29:47.480+0000][1][safepoint    ] Entering safepoint region: GenCollectForAllocation
[2019-12-11T08:29:47.480+0000][1][gc,start     ] GC(14) Pause Young (Allocation Failure)
[2019-12-11T08:29:47.480+0000][1][gc,task      ] GC(14) Using 2 workers of 2 for evacuation
[2019-12-11T08:29:48.215+0000][1][gc,age       ] GC(14) Desired survivor size 4456448 bytes, new threshold 1 (max threshold 6)
[2019-12-11T08:29:48.215+0000][1][gc,age       ] GC(14) Age table with threshold 1 (max threshold 6)
[2019-12-11T08:29:48.215+0000][1][gc,age       ] GC(14) - age   1:    8912808 bytes,    8912808 total
[2019-12-11T08:29:48.215+0000][1][gc,heap      ] GC(14) ParNew: 78656K->8704K(78656K)
[2019-12-11T08:29:48.215+0000][1][gc,heap      ] GC(14) CMS: 22171K->34848K(174784K)
[2019-12-11T08:29:48.216+0000][1][gc,metaspace ] GC(14) Metaspace: 27344K->27344K(1075200K)
[2019-12-11T08:29:48.216+0000][1][gc           ] GC(14) Pause Young (Allocation Failure) 98M->42M(247M) 735.633ms
[2019-12-11T08:29:48.216+0000][1][gc,cpu       ] GC(14) User=0.21s Sys=0.00s Real=0.74s
[2019-12-11T08:29:48.216+0000][1][safepoint    ] Leaving safepoint region
[2019-12-11T08:29:48.216+0000][1][safepoint    ] Total time for which application threads were stopped: 0.7357620 seconds, Stopping threads took: 0.0000128 seconds
[2019-12-11T08:29:49.259+0000][1][safepoint    ] Application time: 1.0432573 seconds
[2019-12-11T08:29:49.325+0000][1][safepoint    ] Entering safepoint region: Cleanup
[2019-12-11T08:29:49.325+0000][1][safepoint    ] Leaving safepoint region
[2019-12-11T08:29:49.325+0000][1][safepoint    ] Total time for which application threads were stopped: 0.0664406 seconds, Stopping threads took: 0.0663807 seconds
[2019-12-11T08:29:51.351+0000][1][safepoint    ] Application time: 2.0254456 seconds
[2019-12-11T08:29:51.351+0000][1][safepoint    ] Entering safepoint region: Cleanup
[2019-12-11T08:29:51.351+0000][1][safepoint    ] Leaving safepoint region
[2019-12-11T08:29:51.351+0000][1][safepoint    ] Total time for which application threads were stopped: 0.0001458 seconds, Stopping threads took: 0.0000919 seconds
[2019-12-11T08:29:52.355+0000][1][safepoint    ] Application time: 1.0037228 seconds
[2019-12-11T08:29:52.413+0000][1][safepoint    ] Entering safepoint region: Cleanup
[2019-12-11T08:29:52.413+0000][1][safepoint    ] Leaving safepoint region
[2019-12-11T08:29:52.413+0000][1][safepoint    ] Total time for which application threads were stopped: 0.0580632 seconds, Stopping threads took: 0.0579725 seconds
[2019-12-11T08:29:52.972+0000][1][safepoint    ] Application time: 0.5588579 seconds
[2019-12-11T08:29:52.972+0000][1][safepoint    ] Entering safepoint region: GenCollectForAllocation
[2019-12-11T08:29:52.972+0000][1][gc,start     ] GC(15) Pause Young (Allocation Failure)
[2019-12-11T08:29:52.972+0000][1][gc,task      ] GC(15) Using 2 workers of 2 for evacuation
[2019-12-11T08:29:53.358+0000][1][gc,age       ] GC(15) Desired survivor size 4456448 bytes, new threshold 1 (max threshold 6)
[2019-12-11T08:29:53.358+0000][1][gc,age       ] GC(15) Age table with threshold 1 (max threshold 6)
[2019-12-11T08:29:53.358+0000][1][gc,age       ] GC(15) - age   1:    6112872 bytes,    6112872 total
[2019-12-11T08:29:53.358+0000][1][gc,heap      ] GC(15) ParNew: 78656K->8704K(78656K)
[2019-12-11T08:29:53.358+0000][1][gc,heap      ] GC(15) CMS: 34848K->49075K(174784K)
[2019-12-11T08:29:53.358+0000][1][gc,metaspace ] GC(15) Metaspace: 29530K->29530K(1077248K)
[2019-12-11T08:29:53.358+0000][1][gc           ] GC(15) Pause Young (Allocation Failure) 110M->56M(247M) 386.307ms
[2019-12-11T08:29:53.358+0000][1][gc,cpu       ] GC(15) User=0.11s Sys=0.00s Real=0.39s
[2019-12-11T08:29:53.358+0000][1][safepoint    ] Leaving safepoint region
[2019-12-11T08:29:53.358+0000][1][safepoint    ] Total time for which application threads were stopped: 0.3864579 seconds, Stopping threads took: 0.0000145 seconds
[2019-12-11T08:29:54.366+0000][1][safepoint    ] Application time: 1.0076091 seconds
[2019-12-11T08:29:54.388+0000][1][safepoint    ] Entering safepoint region: Cleanup
[2019-12-11T08:29:54.388+0000][1][safepoint    ] Leaving safepoint region
[2019-12-11T08:29:54.388+0000][1][safepoint    ] Total time for which application threads were stopped: 0.0220006 seconds, Stopping threads took: 0.0219336 seconds
[2019-12-11T08:29:55.393+0000][1][safepoint    ] Application time: 1.0048296 seconds
[2019-12-11T08:29:55.393+0000][1][safepoint    ] Entering safepoint region: Cleanup
[2019-12-11T08:29:55.393+0000][1][safepoint    ] Leaving safepoint region
[2019-12-11T08:29:55.393+0000][1][safepoint    ] Total time for which application threads were stopped: 0.0001156 seconds, Stopping threads took: 0.0000752 seconds
[2019-12-11T08:29:55.645+0000][1][safepoint    ] Application time: 0.2516934 seconds
[2019-12-11T08:29:55.645+0000][1][safepoint    ] Entering safepoint region: GenCollectForAllocation
[2019-12-11T08:29:55.645+0000][1][gc,start     ] GC(16) Pause Young (Allocation Failure)
[2019-12-11T08:29:55.645+0000][1][gc,task      ] GC(16) Using 2 workers of 2 for evacuation
[2019-12-11T08:29:55.920+0000][1][gc,age       ] GC(16) Desired survivor size 4456448 bytes, new threshold 6 (max threshold 6)
[2019-12-11T08:29:55.920+0000][1][gc,age       ] GC(16) Age table with threshold 6 (max threshold 6)
[2019-12-11T08:29:55.920+0000][1][gc,age       ] GC(16) - age   1:    1280792 bytes,    1280792 total
[2019-12-11T08:29:55.920+0000][1][gc,heap      ] GC(16) ParNew: 78656K->6569K(78656K)
[2019-12-11T08:29:55.920+0000][1][gc,heap      ] GC(16) CMS: 49075K->55078K(174784K)
[2019-12-11T08:29:55.920+0000][1][gc,metaspace ] GC(16) Metaspace: 33072K->33072K(1079296K)
[2019-12-11T08:29:55.920+0000][1][gc           ] GC(16) Pause Young (Allocation Failure) 124M->60M(247M) 275.187ms
[2019-12-11T08:29:55.920+0000][1][gc,cpu       ] GC(16) User=0.07s Sys=0.00s Real=0.27s
[2019-12-11T08:29:55.920+0000][1][safepoint    ] Leaving safepoint region
[2019-12-11T08:29:55.920+0000][1][safepoint    ] Total time for which application threads were stopped: 0.2753655 seconds, Stopping threads took: 0.0000220 seconds
[2019-12-11T08:29:56.923+0000][1][safepoint    ] Application time: 1.0027265 seconds
[2019-12-11T08:29:57.049+0000][1][safepoint    ] Entering safepoint region: Cleanup
[2019-12-11T08:29:57.049+0000][1][safepoint    ] Leaving safepoint region
[2019-12-11T08:29:57.049+0000][1][safepoint    ] Total time for which application threads were stopped: 0.1262001 seconds, Stopping threads took: 0.1261290 seconds
[2019-12-11T08:29:58.050+0000][1][safepoint    ] Application time: 1.0007642 seconds
[2019-12-11T08:29:58.050+0000][1][safepoint    ] Entering safepoint region: Cleanup
[2019-12-11T08:29:58.050+0000][1][safepoint    ] Leaving safepoint region
[2019-12-11T08:29:58.050+0000][1][safepoint    ] Total time for which application threads were stopped: 0.0000914 seconds, Stopping threads took: 0.0000466 seconds
[2019-12-11T08:29:58.567+0000][1][safepoint    ] Application time: 0.5168536 seconds
[2019-12-11T08:29:58.567+0000][1][safepoint    ] Entering safepoint region: CollectForMetadataAllocation
[2019-12-11T08:29:58.567+0000][1][safepoint    ] Leaving safepoint region
[2019-12-11T08:29:58.567+0000][1][safepoint    ] Total time for which application threads were stopped: 0.0001652 seconds, Stopping threads took: 0.0000119 seconds
[2019-12-11T08:29:58.910+0000][1][safepoint    ] Application time: 0.3428163 seconds
[2019-12-11T08:29:58.910+0000][1][safepoint    ] Entering safepoint region: CollectForMetadataAllocation
[2019-12-11T08:29:58.910+0000][1][safepoint    ] Leaving safepoint region
[2019-12-11T08:29:58.910+0000][1][safepoint    ] Total time for which application threads were stopped: 0.0003228 seconds, Stopping threads took: 0.0000140 seconds
[2019-12-11T08:29:59.056+0000][1][safepoint    ] Application time: 0.1456436 seconds
[2019-12-11T08:29:59.056+0000][1][safepoint    ] Entering safepoint region: CollectForMetadataAllocation
[2019-12-11T08:29:59.056+0000][1][safepoint    ] Leaving safepoint region
[2019-12-11T08:29:59.056+0000][1][safepoint    ] Total time for which application threads were stopped: 0.0002609 seconds, Stopping threads took: 0.0000173 seconds
[2019-12-11T08:29:59.212+0000][1][safepoint    ] Application time: 0.1556711 seconds
[2019-12-11T08:29:59.212+0000][1][safepoint    ] Entering safepoint region: CollectForMetadataAllocation
[2019-12-11T08:29:59.212+0000][1][safepoint    ] Leaving safepoint region
[2019-12-11T08:29:59.212+0000][1][safepoint    ] Total time for which application threads were stopped: 0.0002511 seconds, Stopping threads took: 0.0000145 seconds
[2019-12-11T08:29:59.423+0000][1][safepoint    ] Application time: 0.2106422 seconds
[2019-12-11T08:29:59.423+0000][1][safepoint    ] Entering safepoint region: CollectForMetadataAllocation
[2019-12-11T08:29:59.423+0000][1][safepoint    ] Leaving safepoint region
[2019-12-11T08:29:59.423+0000][1][safepoint    ] Total time for which application threads were stopped: 0.0002367 seconds, Stopping threads took: 0.0000142 seconds
[2019-12-11T08:29:59.434+0000][1][safepoint    ] Application time: 0.0106452 seconds
[2019-12-11T08:29:59.434+0000][1][safepoint    ] Entering safepoint region: GenCollectForAllocation
[2019-12-11T08:29:59.434+0000][1][gc,start     ] GC(17) Pause Young (Allocation Failure)
[2019-12-11T08:29:59.434+0000][1][gc,task      ] GC(17) Using 2 workers of 2 for evacuation
[2019-12-11T08:29:59.522+0000][1][gc,age       ] GC(17) Desired survivor size 4456448 bytes, new threshold 6 (max threshold 6)
[2019-12-11T08:29:59.522+0000][1][gc,age       ] GC(17) Age table with threshold 6 (max threshold 6)
[2019-12-11T08:29:59.522+0000][1][gc,age       ] GC(17) - age   1:    1934896 bytes,    1934896 total
[2019-12-11T08:29:59.522+0000][1][gc,age       ] GC(17) - age   2:    1214096 bytes,    3148992 total
[2019-12-11T08:29:59.522+0000][1][gc,heap      ] GC(17) ParNew: 76521K->3753K(78656K)
[2019-12-11T08:29:59.522+0000][1][gc,heap      ] GC(17) CMS: 55078K->55078K(174784K)
[2019-12-11T08:29:59.522+0000][1][gc,metaspace ] GC(17) Metaspace: 35330K->35330K(1081344K)
[2019-12-11T08:29:59.522+0000][1][gc           ] GC(17) Pause Young (Allocation Failure) 128M->57M(247M) 88.504ms
[2019-12-11T08:29:59.522+0000][1][gc,cpu       ] GC(17) User=0.03s Sys=0.00s Real=0.09s
[2019-12-11T08:29:59.522+0000][1][safepoint    ] Leaving safepoint region
[2019-12-11T08:29:59.522+0000][1][safepoint    ] Total time for which application threads were stopped: 0.0886543 seconds, Stopping threads took: 0.0000115 seconds
[2019-12-11T08:29:59.543+0000][1][safepoint    ] Application time: 0.0208886 seconds
[2019-12-11T08:29:59.567+0000][1][safepoint    ] Entering safepoint region: CMS_Initial_Mark
[2019-12-11T08:29:59.567+0000][1][gc,start     ] GC(18) Pause Initial Mark
[2019-12-11T08:29:59.572+0000][1][gc           ] GC(18) Pause Initial Mark 58M->58M(247M) 4.509ms
[2019-12-11T08:29:59.572+0000][1][gc,cpu       ] GC(18) User=0.00s Sys=0.00s Real=0.00s
[2019-12-11T08:29:59.572+0000][1][safepoint    ] Leaving safepoint region
[2019-12-11T08:29:59.572+0000][1][safepoint    ] Total time for which application threads were stopped: 0.0283761 seconds, Stopping threads took: 0.0237671 seconds
[2019-12-11T08:29:59.572+0000][1][gc           ] GC(18) Concurrent Mark
[2019-12-11T08:29:59.646+0000][1][safepoint    ] Application time: 0.0742454 seconds
[2019-12-11T08:29:59.646+0000][1][safepoint    ] Entering safepoint region: CollectForMetadataAllocation
[2019-12-11T08:29:59.646+0000][1][safepoint    ] Leaving safepoint region
[2019-12-11T08:29:59.646+0000][1][safepoint    ] Total time for which application threads were stopped: 0.0002387 seconds, Stopping threads took: 0.0000139 seconds
[2019-12-11T08:29:59.945+0000][1][safepoint    ] Application time: 0.2986053 seconds
[2019-12-11T08:29:59.945+0000][1][safepoint    ] Entering safepoint region: CollectForMetadataAllocation
[2019-12-11T08:29:59.945+0000][1][safepoint    ] Leaving safepoint region
[2019-12-11T08:29:59.945+0000][1][safepoint    ] Total time for which application threads were stopped: 0.0002189 seconds, Stopping threads took: 0.0000134 seconds
[2019-12-11T08:30:00.207+0000][1][gc           ] GC(18) Concurrent Mark 635.030ms
[2019-12-11T08:30:00.207+0000][1][gc,cpu       ] GC(18) User=0.20s Sys=0.01s Real=0.64s
[2019-12-11T08:30:00.207+0000][1][gc           ] GC(18) Concurrent Preclean
[2019-12-11T08:30:00.228+0000][1][gc           ] GC(18) Concurrent Preclean 21.127ms
[2019-12-11T08:30:00.228+0000][1][gc,cpu       ] GC(18) User=0.01s Sys=0.00s Real=0.02s
[2019-12-11T08:30:00.228+0000][1][safepoint    ] Application time: 0.2829368 seconds
[2019-12-11T08:30:00.228+0000][1][safepoint    ] Entering safepoint region: CollectForMetadataAllocation
[2019-12-11T08:30:00.228+0000][1][safepoint    ] Leaving safepoint region
[2019-12-11T08:30:00.228+0000][1][safepoint    ] Total time for which application threads were stopped: 0.0002373 seconds, Stopping threads took: 0.0000183 seconds
[2019-12-11T08:30:00.251+0000][1][gc           ] GC(18) Concurrent Abortable Preclean
[2019-12-11T08:30:00.616+0000][1][safepoint    ] Application time: 0.3878602 seconds
[2019-12-11T08:30:00.616+0000][1][safepoint    ] Entering safepoint region: CollectForMetadataAllocation
[2019-12-11T08:30:00.616+0000][1][safepoint    ] Leaving safepoint region
[2019-12-11T08:30:00.616+0000][1][safepoint    ] Total time for which application threads were stopped: 0.0002517 seconds, Stopping threads took: 0.0000148 seconds
[2019-12-11T08:30:00.801+0000][1][safepoint    ] Application time: 0.1844621 seconds
[2019-12-11T08:30:00.801+0000][1][safepoint    ] Entering safepoint region: RevokeBias
[2019-12-11T08:30:00.801+0000][1][safepoint    ] Leaving safepoint region
[2019-12-11T08:30:00.801+0000][1][safepoint    ] Total time for which application threads were stopped: 0.0001422 seconds, Stopping threads took: 0.0000162 seconds
[2019-12-11T08:30:00.856+0000][1][safepoint    ] Application time: 0.0546373 seconds
[2019-12-11T08:30:00.856+0000][1][safepoint    ] Entering safepoint region: CollectForMetadataAllocation
[2019-12-11T08:30:00.856+0000][1][safepoint    ] Leaving safepoint region
[2019-12-11T08:30:00.856+0000][1][safepoint    ] Total time for which application threads were stopped: 0.0002231 seconds, Stopping threads took: 0.0000151 seconds
[2019-12-11T08:30:01.215+0000][1][safepoint    ] Application time: 0.3588022 seconds
[2019-12-11T08:30:01.215+0000][1][safepoint    ] Entering safepoint region: CollectForMetadataAllocation
[2019-12-11T08:30:01.215+0000][1][safepoint    ] Leaving safepoint region
[2019-12-11T08:30:01.215+0000][1][safepoint    ] Total time for which application threads were stopped: 0.0002442 seconds, Stopping threads took: 0.0000151 seconds
[2019-12-11T08:30:01.543+0000][1][safepoint    ] Application time: 0.3278036 seconds
[2019-12-11T08:30:01.543+0000][1][safepoint    ] Entering safepoint region: CollectForMetadataAllocation
[2019-12-11T08:30:01.543+0000][1][safepoint    ] Leaving safepoint region
[2019-12-11T08:30:01.543+0000][1][safepoint    ] Total time for which application threads were stopped: 0.0001918 seconds, Stopping threads took: 0.0000150 seconds
[2019-12-11T08:30:01.716+0000][1][safepoint    ] Application time: 0.1730984 seconds
[2019-12-11T08:30:01.716+0000][1][safepoint    ] Entering safepoint region: CollectForMetadataAllocation
[2019-12-11T08:30:01.716+0000][1][safepoint    ] Leaving safepoint region
[2019-12-11T08:30:01.716+0000][1][safepoint    ] Total time for which application threads were stopped: 0.0002665 seconds, Stopping threads took: 0.0000156 seconds
[2019-12-11T08:30:01.957+0000][1][safepoint    ] Application time: 0.2401105 seconds
[2019-12-11T08:30:01.957+0000][1][safepoint    ] Entering safepoint region: CollectForMetadataAllocation
[2019-12-11T08:30:01.957+0000][1][safepoint    ] Leaving safepoint region
[2019-12-11T08:30:01.957+0000][1][safepoint    ] Total time for which application threads were stopped: 0.0002757 seconds, Stopping threads took: 0.0000143 seconds
[2019-12-11T08:30:02.285+0000][1][safepoint    ] Application time: 0.3278550 seconds
[2019-12-11T08:30:02.285+0000][1][safepoint    ] Entering safepoint region: CollectForMetadataAllocation
[2019-12-11T08:30:02.285+0000][1][safepoint    ] Leaving safepoint region
[2019-12-11T08:30:02.285+0000][1][safepoint    ] Total time for which application threads were stopped: 0.0002127 seconds, Stopping threads took: 0.0000137 seconds
[2019-12-11T08:30:02.532+0000][1][safepoint    ] Application time: 0.2466824 seconds
[2019-12-11T08:30:02.532+0000][1][safepoint    ] Entering safepoint region: CollectForMetadataAllocation
[2019-12-11T08:30:02.532+0000][1][safepoint    ] Leaving safepoint region
[2019-12-11T08:30:02.532+0000][1][safepoint    ] Total time for which application threads were stopped: 0.0002154 seconds, Stopping threads took: 0.0000129 seconds
[2019-12-11T08:30:02.758+0000][1][safepoint    ] Application time: 0.2260690 seconds
[2019-12-11T08:30:02.758+0000][1][safepoint    ] Entering safepoint region: CollectForMetadataAllocation
[2019-12-11T08:30:02.758+0000][1][safepoint    ] Leaving safepoint region
[2019-12-11T08:30:02.758+0000][1][safepoint    ] Total time for which application threads were stopped: 0.0002441 seconds, Stopping threads took: 0.0000197 seconds
[2019-12-11T08:30:03.177+0000][1][safepoint    ] Application time: 0.4183961 seconds
[2019-12-11T08:30:03.177+0000][1][safepoint    ] Entering safepoint region: CollectForMetadataAllocation
[2019-12-11T08:30:03.177+0000][1][safepoint    ] Leaving safepoint region
[2019-12-11T08:30:03.177+0000][1][safepoint    ] Total time for which application threads were stopped: 0.0002525 seconds, Stopping threads took: 0.0000169 seconds
[2019-12-11T08:30:03.407+0000][1][safepoint    ] Application time: 0.2296779 seconds
[2019-12-11T08:30:03.407+0000][1][safepoint    ] Entering safepoint region: CollectForMetadataAllocation
[2019-12-11T08:30:03.407+0000][1][safepoint    ] Leaving safepoint region
[2019-12-11T08:30:03.407+0000][1][safepoint    ] Total time for which application threads were stopped: 0.0002136 seconds, Stopping threads took: 0.0000148 seconds
[2019-12-11T08:30:03.734+0000][1][safepoint    ] Application time: 0.3273092 seconds
[2019-12-11T08:30:03.734+0000][1][safepoint    ] Entering safepoint region: CollectForMetadataAllocation
[2019-12-11T08:30:03.735+0000][1][safepoint    ] Leaving safepoint region
[2019-12-11T08:30:03.735+0000][1][safepoint    ] Total time for which application threads were stopped: 0.0002363 seconds, Stopping threads took: 0.0000150 seconds
[2019-12-11T08:30:04.099+0000][1][safepoint    ] Application time: 0.3642452 seconds
[2019-12-11T08:30:04.099+0000][1][safepoint    ] Entering safepoint region: CollectForMetadataAllocation
[2019-12-11T08:30:04.099+0000][1][safepoint    ] Leaving safepoint region
[2019-12-11T08:30:04.099+0000][1][safepoint    ] Total time for which application threads were stopped: 0.0002454 seconds, Stopping threads took: 0.0000140 seconds
[2019-12-11T08:30:04.333+0000][1][safepoint    ] Application time: 0.2337808 seconds
[2019-12-11T08:30:04.333+0000][1][safepoint    ] Entering safepoint region: CollectForMetadataAllocation
[2019-12-11T08:30:04.333+0000][1][safepoint    ] Leaving safepoint region
[2019-12-11T08:30:04.333+0000][1][safepoint    ] Total time for which application threads were stopped: 0.0002597 seconds, Stopping threads took: 0.0000166 seconds
[2019-12-11T08:30:04.684+0000][1][safepoint    ] Application time: 0.3505258 seconds
[2019-12-11T08:30:04.684+0000][1][safepoint    ] Entering safepoint region: CollectForMetadataAllocation
[2019-12-11T08:30:04.684+0000][1][safepoint    ] Leaving safepoint region
[2019-12-11T08:30:04.684+0000][1][safepoint    ] Total time for which application threads were stopped: 0.0002310 seconds, Stopping threads took: 0.0000134 seconds
[2019-12-11T08:30:04.937+0000][1][safepoint    ] Application time: 0.2526978 seconds
[2019-12-11T08:30:04.937+0000][1][safepoint    ] Entering safepoint region: CollectForMetadataAllocation
[2019-12-11T08:30:04.937+0000][1][safepoint    ] Leaving safepoint region
[2019-12-11T08:30:04.937+0000][1][safepoint    ] Total time for which application threads were stopped: 0.0001951 seconds, Stopping threads took: 0.0000283 seconds
[2019-12-11T08:30:05.323+0000][1][safepoint    ] Application time: 0.3857767 seconds
[2019-12-11T08:30:05.323+0000][1][safepoint    ] Entering safepoint region: CollectForMetadataAllocation
[2019-12-11T08:30:05.323+0000][1][safepoint    ] Leaving safepoint region
[2019-12-11T08:30:05.323+0000][1][safepoint    ] Total time for which application threads were stopped: 0.0002423 seconds, Stopping threads took: 0.0000139 seconds
[2019-12-11T08:30:05.559+0000][1][safepoint    ] Application time: 0.2357257 seconds
[2019-12-11T08:30:05.559+0000][1][safepoint    ] Entering safepoint region: CollectForMetadataAllocation
[2019-12-11T08:30:05.559+0000][1][safepoint    ] Leaving safepoint region
[2019-12-11T08:30:05.559+0000][1][safepoint    ] Total time for which application threads were stopped: 0.0002236 seconds, Stopping threads took: 0.0000132 seconds
[2019-12-11T08:30:05.573+0000][1][gc           ] GC(18) Concurrent Abortable Preclean 5322.305ms
[2019-12-11T08:30:05.573+0000][1][gc,cpu       ] GC(18) User=1.56s Sys=0.02s Real=5.32s
[2019-12-11T08:30:05.573+0000][1][safepoint    ] Application time: 0.0141194 seconds
[2019-12-11T08:30:05.573+0000][1][safepoint    ] Entering safepoint region: CMS_Final_Remark
[2019-12-11T08:30:05.573+0000][1][gc,start     ] GC(18) Pause Remark
[2019-12-11T08:30:05.728+0000][1][gc           ] GC(18) Pause Remark 86M->86M(247M) 154.804ms
[2019-12-11T08:30:05.728+0000][1][gc,cpu       ] GC(18) User=0.04s Sys=0.00s Real=0.16s
[2019-12-11T08:30:05.728+0000][1][safepoint    ] Leaving safepoint region
[2019-12-11T08:30:05.728+0000][1][safepoint    ] Total time for which application threads were stopped: 0.1550488 seconds, Stopping threads took: 0.0001180 seconds
[2019-12-11T08:30:05.728+0000][1][gc           ] GC(18) Concurrent Sweep
[2019-12-11T08:30:05.992+0000][1][gc           ] GC(18) Concurrent Sweep 263.267ms
[2019-12-11T08:30:05.992+0000][1][gc,cpu       ] GC(18) User=0.08s Sys=0.00s Real=0.26s
[2019-12-11T08:30:05.992+0000][1][gc           ] GC(18) Concurrent Reset
[2019-12-11T08:30:06.012+0000][1][gc           ] GC(18) Concurrent Reset 20.410ms
[2019-12-11T08:30:06.012+0000][1][gc,cpu       ] GC(18) User=0.01s Sys=0.00s Real=0.02s
[2019-12-11T08:30:06.012+0000][1][gc,heap      ] GC(18) Old: 55078K->54888K(174784K)
[2019-12-11T08:30:06.108+0000][1][safepoint    ] Application time: 0.3795122 seconds
[2019-12-11T08:30:06.310+0000][1][safepoint    ] Entering safepoint region: RevokeBias
[2019-12-11T08:30:06.311+0000][1][safepoint    ] Leaving safepoint region
[2019-12-11T08:30:06.311+0000][1][safepoint    ] Total time for which application threads were stopped: 0.2029604 seconds, Stopping threads took: 0.2020261 seconds
[2019-12-11T08:30:06.313+0000][1][safepoint    ] Application time: 0.0019981 seconds
[2019-12-11T08:30:06.313+0000][1][safepoint    ] Entering safepoint region: RevokeBias
[2019-12-11T08:30:06.313+0000][1][safepoint    ] Leaving safepoint region
[2019-12-11T08:30:06.313+0000][1][safepoint    ] Total time for which application threads were stopped: 0.0001139 seconds, Stopping threads took: 0.0000677 seconds
[2019-12-11T08:30:06.324+0000][1][safepoint    ] Application time: 0.0110280 seconds
[2019-12-11T08:30:06.324+0000][1][safepoint    ] Entering safepoint region: RevokeBias
[2019-12-11T08:30:06.324+0000][1][safepoint    ] Leaving safepoint region
[2019-12-11T08:30:06.324+0000][1][safepoint    ] Total time for which application threads were stopped: 0.0004414 seconds, Stopping threads took: 0.0003268 seconds
[2019-12-11T08:30:06.325+0000][1][safepoint    ] Application time: 0.0001677 seconds
[2019-12-11T08:30:06.325+0000][1][safepoint    ] Entering safepoint region: RevokeBias
[2019-12-11T08:30:06.325+0000][1][safepoint    ] Leaving safepoint region
[2019-12-11T08:30:06.325+0000][1][safepoint    ] Total time for which application threads were stopped: 0.0001003 seconds, Stopping threads took: 0.0000108 seconds
[2019-12-11T08:30:07.328+0000][1][safepoint    ] Application time: 1.0030257 seconds
[2019-12-11T08:30:07.384+0000][1][safepoint    ] Entering safepoint region: Cleanup
[2019-12-11T08:30:07.384+0000][1][safepoint    ] Leaving safepoint region
[2019-12-11T08:30:07.384+0000][1][safepoint    ] Total time for which application threads were stopped: 0.0560914 seconds, Stopping threads took: 0.0560401 seconds
[2019-12-11T08:30:09.397+0000][1][safepoint    ] Application time: 2.0128949 seconds
[2019-12-11T08:30:09.434+0000][1][safepoint    ] Entering safepoint region: Cleanup
[2019-12-11T08:30:09.434+0000][1][safepoint    ] Leaving safepoint region
[2019-12-11T08:30:09.434+0000][1][safepoint    ] Total time for which application threads were stopped: 0.0370217 seconds, Stopping threads took: 0.0369689 seconds
[2019-12-11T08:30:10.756+0000][1][safepoint    ] Application time: 1.3220184 seconds
[2019-12-11T08:30:10.786+0000][1][safepoint    ] Entering safepoint region: RevokeBias
[2019-12-11T08:30:10.786+0000][1][safepoint    ] Leaving safepoint region
[2019-12-11T08:30:10.786+0000][1][safepoint    ] Total time for which application threads were stopped: 0.0300529 seconds, Stopping threads took: 0.0299290 seconds
[2019-12-11T08:30:10.786+0000][1][safepoint    ] Application time: 0.0002587 seconds
[2019-12-11T08:30:10.786+0000][1][safepoint    ] Entering safepoint region: RevokeBias
[2019-12-11T08:30:10.786+0000][1][safepoint    ] Leaving safepoint region
[2019-12-11T08:30:10.786+0000][1][safepoint    ] Total time for which application threads were stopped: 0.0001054 seconds, Stopping threads took: 0.0000111 seconds
[2019-12-11T08:30:11.296+0000][1][safepoint    ] Application time: 0.5096199 seconds
[2019-12-11T08:30:11.326+0000][1][safepoint    ] Entering safepoint region: RevokeBias
[2019-12-11T08:30:11.326+0000][1][safepoint    ] Leaving safepoint region
[2019-12-11T08:30:11.326+0000][1][safepoint    ] Total time for which application threads were stopped: 0.0298692 seconds, Stopping threads took: 0.0297665 seconds
[2019-12-11T08:30:11.326+0000][1][safepoint    ] Application time: 0.0002549 seconds
[2019-12-11T08:30:11.326+0000][1][safepoint    ] Entering safepoint region: RevokeBias
[2019-12-11T08:30:11.326+0000][1][safepoint    ] Leaving safepoint region
[2019-12-11T08:30:11.326+0000][1][safepoint    ] Total time for which application threads were stopped: 0.0000739 seconds, Stopping threads took: 0.0000094 seconds
[2019-12-11T08:30:11.326+0000][1][safepoint    ] Application time: 0.0001569 seconds
[2019-12-11T08:30:11.326+0000][1][safepoint    ] Entering safepoint region: RevokeBias
[2019-12-11T08:30:11.326+0000][1][safepoint    ] Leaving safepoint region
[2019-12-11T08:30:11.326+0000][1][safepoint    ] Total time for which application threads were stopped: 0.0000735 seconds, Stopping threads took: 0.0000116 seconds
[2019-12-11T08:30:11.327+0000][1][safepoint    ] Application time: 0.0000935 seconds
[2019-12-11T08:30:11.327+0000][1][safepoint    ] Entering safepoint region: RevokeBias
[2019-12-11T08:30:11.327+0000][1][safepoint    ] Leaving safepoint region
[2019-12-11T08:30:11.327+0000][1][safepoint    ] Total time for which application threads were stopped: 0.0000669 seconds, Stopping threads took: 0.0000086 seconds
[2019-12-11T08:30:11.327+0000][1][safepoint    ] Application time: 0.0000540 seconds
[2019-12-11T08:30:11.327+0000][1][safepoint    ] Entering safepoint region: RevokeBias
[2019-12-11T08:30:11.327+0000][1][safepoint    ] Leaving safepoint region
[2019-12-11T08:30:11.327+0000][1][safepoint    ] Total time for which application threads were stopped: 0.0000639 seconds, Stopping threads took: 0.0000084 seconds
[2019-12-11T08:30:11.327+0000][1][safepoint    ] Application time: 0.0000885 seconds
[2019-12-11T08:30:11.327+0000][1][safepoint    ] Entering safepoint region: RevokeBias
[2019-12-11T08:30:11.327+0000][1][safepoint    ] Leaving safepoint region
[2019-12-11T08:30:11.327+0000][1][safepoint    ] Total time for which application threads were stopped: 0.0000671 seconds, Stopping threads took: 0.0000087 seconds
[2019-12-11T08:30:11.327+0000][1][safepoint    ] Application time: 0.0000711 seconds
[2019-12-11T08:30:11.327+0000][1][safepoint    ] Entering safepoint region: RevokeBias
[2019-12-11T08:30:11.327+0000][1][safepoint    ] Leaving safepoint region
[2019-12-11T08:30:11.327+0000][1][safepoint    ] Total time for which application threads were stopped: 0.0000637 seconds, Stopping threads took: 0.0000072 seconds
[2019-12-11T08:30:11.328+0000][1][safepoint    ] Application time: 0.0005151 seconds
[2019-12-11T08:30:11.328+0000][1][safepoint    ] Entering safepoint region: RevokeBias
[2019-12-11T08:30:11.328+0000][1][safepoint    ] Leaving safepoint region
[2019-12-11T08:30:11.328+0000][1][safepoint    ] Total time for which application threads were stopped: 0.0000832 seconds, Stopping threads took: 0.0000109 seconds
[2019-12-11T08:30:11.329+0000][1][safepoint    ] Application time: 0.0007640 seconds
[2019-12-11T08:30:11.329+0000][1][safepoint    ] Entering safepoint region: RevokeBias
[2019-12-11T08:30:11.329+0000][1][safepoint    ] Leaving safepoint region
[2019-12-11T08:30:11.329+0000][1][safepoint    ] Total time for which application threads were stopped: 0.0001100 seconds, Stopping threads took: 0.0000103 seconds
[2019-12-11T08:30:11.329+0000][1][safepoint    ] Application time: 0.0002764 seconds
[2019-12-11T08:30:11.329+0000][1][safepoint    ] Entering safepoint region: RevokeBias
[2019-12-11T08:30:11.329+0000][1][safepoint    ] Leaving safepoint region
[2019-12-11T08:30:11.329+0000][1][safepoint    ] Total time for which application threads were stopped: 0.0000750 seconds, Stopping threads took: 0.0000110 seconds
[2019-12-11T08:30:11.818+0000][1][safepoint    ] Application time: 0.4887714 seconds
[2019-12-11T08:30:11.818+0000][1][safepoint    ] Entering safepoint region: RevokeBias
[2019-12-11T08:30:11.818+0000][1][safepoint    ] Leaving safepoint region
[2019-12-11T08:30:11.818+0000][1][safepoint    ] Total time for which application threads were stopped: 0.0000593 seconds, Stopping threads took: 0.0000118 seconds
[2019-12-11T08:30:13.282+0000][1][safepoint    ] Application time: 1.4637694 seconds
[2019-12-11T08:30:13.323+0000][1][safepoint    ] Entering safepoint region: Cleanup
[2019-12-11T08:30:13.323+0000][1][safepoint    ] Leaving safepoint region
[2019-12-11T08:30:13.323+0000][1][safepoint    ] Total time for which application threads were stopped: 0.0416353 seconds, Stopping threads took: 0.0415589 seconds
[2019-12-11T08:30:14.323+0000][1][safepoint    ] Application time: 0.9994213 seconds
[2019-12-11T08:30:14.323+0000][1][safepoint    ] Entering safepoint region: GenCollectForAllocation
[2019-12-11T08:30:14.323+0000][1][gc,start     ] GC(19) Pause Young (Allocation Failure)
[2019-12-11T08:30:14.323+0000][1][gc,task      ] GC(19) Using 2 workers of 2 for evacuation
[2019-12-11T08:30:14.495+0000][1][gc,age       ] GC(19) Desired survivor size 4456448 bytes, new threshold 2 (max threshold 6)
[2019-12-11T08:30:14.495+0000][1][gc,age       ] GC(19) Age table with threshold 2 (max threshold 6)
[2019-12-11T08:30:14.495+0000][1][gc,age       ] GC(19) - age   1:    2626600 bytes,    2626600 total
[2019-12-11T08:30:14.495+0000][1][gc,age       ] GC(19) - age   2:    1906832 bytes,    4533432 total
[2019-12-11T08:30:14.495+0000][1][gc,age       ] GC(19) - age   3:    1211632 bytes,    5745064 total
[2019-12-11T08:30:14.495+0000][1][gc,heap      ] GC(19) ParNew: 73705K->6939K(78656K)
[2019-12-11T08:30:14.495+0000][1][gc,heap      ] GC(19) CMS: 54888K->54888K(174784K)
[2019-12-11T08:30:14.495+0000][1][gc,metaspace ] GC(19) Metaspace: 43039K->43039K(1089536K)
[2019-12-11T08:30:14.495+0000][1][gc           ] GC(19) Pause Young (Allocation Failure) 125M->60M(247M) 171.976ms
[2019-12-11T08:30:14.495+0000][1][gc,cpu       ] GC(19) User=0.06s Sys=0.00s Real=0.18s
[2019-12-11T08:30:14.495+0000][1][safepoint    ] Leaving safepoint region
[2019-12-11T08:30:14.495+0000][1][safepoint    ] Total time for which application threads were stopped: 0.1721348 seconds, Stopping threads took: 0.0000158 seconds
[2019-12-11T08:30:14.564+0000][1][safepoint    ] Application time: 0.0687528 seconds
[2019-12-11T08:30:14.564+0000][1][safepoint    ] Entering safepoint region: RevokeBias
[2019-12-11T08:30:14.564+0000][1][safepoint    ] Leaving safepoint region
[2019-12-11T08:30:14.564+0000][1][safepoint    ] Total time for which application threads were stopped: 0.0000742 seconds, Stopping threads took: 0.0000149 seconds
[2019-12-11T08:30:15.590+0000][1][safepoint    ] Application time: 1.0258999 seconds
[2019-12-11T08:30:15.647+0000][1][safepoint    ] Entering safepoint region: Cleanup
[2019-12-11T08:30:15.647+0000][1][safepoint    ] Leaving safepoint region
[2019-12-11T08:30:15.647+0000][1][safepoint    ] Total time for which application threads were stopped: 0.0574297 seconds, Stopping threads took: 0.0573689 seconds
[2019-12-11T08:30:16.387+0000][1][safepoint    ] Application time: 0.7396321 seconds
[2019-12-11T08:30:16.387+0000][1][safepoint    ] Entering safepoint region: RevokeBias
[2019-12-11T08:30:16.387+0000][1][safepoint    ] Leaving safepoint region
[2019-12-11T08:30:16.387+0000][1][safepoint    ] Total time for which application threads were stopped: 0.0001201 seconds, Stopping threads took: 0.0000133 seconds
[2019-12-11T08:30:16.431+0000][1][safepoint    ] Application time: 0.0436725 seconds
[2019-12-11T08:30:16.431+0000][1][safepoint    ] Entering safepoint region: RevokeBias
[2019-12-11T08:30:16.431+0000][1][safepoint    ] Leaving safepoint region
[2019-12-11T08:30:16.431+0000][1][safepoint    ] Total time for which application threads were stopped: 0.0001135 seconds, Stopping threads took: 0.0000128 seconds
[2019-12-11T08:30:17.441+0000][1][safepoint    ] Application time: 1.0098586 seconds
[2019-12-11T08:30:17.441+0000][1][safepoint    ] Entering safepoint region: Cleanup
[2019-12-11T08:30:17.441+0000][1][safepoint    ] Leaving safepoint region
[2019-12-11T08:30:17.441+0000][1][safepoint    ] Total time for which application threads were stopped: 0.0001022 seconds, Stopping threads took: 0.0000562 seconds
[2019-12-11T08:30:17.913+0000][1][safepoint    ] Application time: 0.4716695 seconds
[2019-12-11T08:30:17.913+0000][1][safepoint    ] Entering safepoint region: RevokeBias
[2019-12-11T08:30:17.913+0000][1][safepoint    ] Leaving safepoint region
[2019-12-11T08:30:17.913+0000][1][safepoint    ] Total time for which application threads were stopped: 0.0004488 seconds, Stopping threads took: 0.0000116 seconds
[2019-12-11T08:30:18.063+0000][1][safepoint    ] Application time: 0.1501897 seconds
[2019-12-11T08:30:18.063+0000][1][safepoint    ] Entering safepoint region: RevokeBias
[2019-12-11T08:30:18.063+0000][1][safepoint    ] Leaving safepoint region
[2019-12-11T08:30:18.063+0000][1][safepoint    ] Total time for which application threads were stopped: 0.0000664 seconds, Stopping threads took: 0.0000143 seconds
[2019-12-11T08:30:18.341+0000][1][safepoint    ] Application time: 0.2775959 seconds
[2019-12-11T08:30:18.390+0000][1][safepoint    ] Entering safepoint region: RevokeBias
[2019-12-11T08:30:18.390+0000][1][safepoint    ] Leaving safepoint region
[2019-12-11T08:30:18.390+0000][1][safepoint    ] Total time for which application threads were stopped: 0.0490245 seconds, Stopping threads took: 0.0488858 seconds
[2019-12-11T08:30:18.390+0000][1][safepoint    ] Application time: 0.0001349 seconds
[2019-12-11T08:30:18.390+0000][1][safepoint    ] Entering safepoint region: BulkRevokeBias
[2019-12-11T08:30:18.390+0000][1][safepoint    ] Leaving safepoint region
[2019-12-11T08:30:18.390+0000][1][safepoint    ] Total time for which application threads were stopped: 0.0001442 seconds, Stopping threads took: 0.0000113 seconds
[2019-12-11T08:30:18.390+0000][1][safepoint    ] Application time: 0.0000729 seconds
[2019-12-11T08:30:18.390+0000][1][safepoint    ] Entering safepoint region: RevokeBias
[2019-12-11T08:30:18.390+0000][1][safepoint    ] Leaving safepoint region
[2019-12-11T08:30:18.390+0000][1][safepoint    ] Total time for which application threads were stopped: 0.0000712 seconds, Stopping threads took: 0.0000089 seconds
[2019-12-11T08:30:18.391+0000][1][safepoint    ] Application time: 0.0001395 seconds
[2019-12-11T08:30:18.391+0000][1][safepoint    ] Entering safepoint region: RevokeBias
[2019-12-11T08:30:18.391+0000][1][safepoint    ] Leaving safepoint region
[2019-12-11T08:30:18.391+0000][1][safepoint    ] Total time for which application threads were stopped: 0.0001035 seconds, Stopping threads took: 0.0000092 seconds
[2019-12-11T08:30:18.391+0000][1][safepoint    ] Application time: 0.0002051 seconds
[2019-12-11T08:30:18.391+0000][1][safepoint    ] Entering safepoint region: RevokeBias
[2019-12-11T08:30:18.391+0000][1][safepoint    ] Leaving safepoint region
[2019-12-11T08:30:18.391+0000][1][safepoint    ] Total time for which application threads were stopped: 0.0000780 seconds, Stopping threads took: 0.0000099 seconds
[2019-12-11T08:30:18.392+0000][1][safepoint    ] Application time: 0.0005963 seconds
[2019-12-11T08:30:18.392+0000][1][safepoint    ] Entering safepoint region: RevokeBias
[2019-12-11T08:30:18.392+0000][1][safepoint    ] Leaving safepoint region
[2019-12-11T08:30:18.392+0000][1][safepoint    ] Total time for which application threads were stopped: 0.0000881 seconds, Stopping threads took: 0.0000117 seconds
[2019-12-11T08:30:18.392+0000][1][safepoint    ] Application time: 0.0002106 seconds
[2019-12-11T08:30:18.392+0000][1][safepoint    ] Entering safepoint region: RevokeBias
[2019-12-11T08:30:18.392+0000][1][safepoint    ] Leaving safepoint region
[2019-12-11T08:30:18.392+0000][1][safepoint    ] Total time for which application threads were stopped: 0.0000752 seconds, Stopping threads took: 0.0000097 seconds
[2019-12-11T08:30:18.393+0000][1][safepoint    ] Application time: 0.0006095 seconds
[2019-12-11T08:30:18.393+0000][1][safepoint    ] Entering safepoint region: RevokeBias
[2019-12-11T08:30:18.393+0000][1][safepoint    ] Leaving safepoint region
[2019-12-11T08:30:18.393+0000][1][safepoint    ] Total time for which application threads were stopped: 0.0000648 seconds, Stopping threads took: 0.0000109 seconds
[2019-12-11T08:30:18.393+0000][1][safepoint    ] Application time: 0.0000604 seconds
[2019-12-11T08:30:18.393+0000][1][safepoint    ] Entering safepoint region: RevokeBias
[2019-12-11T08:30:18.393+0000][1][safepoint    ] Leaving safepoint region
[2019-12-11T08:30:18.393+0000][1][safepoint    ] Total time for which application threads were stopped: 0.0000488 seconds, Stopping threads took: 0.0000085 seconds
[2019-12-11T08:30:18.393+0000][1][safepoint    ] Application time: 0.0000538 seconds
[2019-12-11T08:30:18.393+0000][1][safepoint    ] Entering safepoint region: RevokeBias
[2019-12-11T08:30:18.393+0000][1][safepoint    ] Leaving safepoint region
[2019-12-11T08:30:18.393+0000][1][safepoint    ] Total time for which application threads were stopped: 0.0000465 seconds, Stopping threads took: 0.0000086 seconds
[2019-12-11T08:30:18.393+0000][1][safepoint    ] Application time: 0.0000539 seconds
[2019-12-11T08:30:18.393+0000][1][safepoint    ] Entering safepoint region: RevokeBias
[2019-12-11T08:30:18.393+0000][1][safepoint    ] Leaving safepoint region
[2019-12-11T08:30:18.393+0000][1][safepoint    ] Total time for which application threads were stopped: 0.0000458 seconds, Stopping threads took: 0.0000085 seconds
[2019-12-11T08:30:18.393+0000][1][safepoint    ] Application time: 0.0000526 seconds
[2019-12-11T08:30:18.393+0000][1][safepoint    ] Entering safepoint region: RevokeBias
[2019-12-11T08:30:18.393+0000][1][safepoint    ] Leaving safepoint region
[2019-12-11T08:30:18.393+0000][1][safepoint    ] Total time for which application threads were stopped: 0.0000462 seconds, Stopping threads took: 0.0000083 seconds
[2019-12-11T08:30:18.393+0000][1][safepoint    ] Application time: 0.0000532 seconds
[2019-12-11T08:30:18.393+0000][1][safepoint    ] Entering safepoint region: RevokeBias
[2019-12-11T08:30:18.393+0000][1][safepoint    ] Leaving safepoint region
[2019-12-11T08:30:18.393+0000][1][safepoint    ] Total time for which application threads were stopped: 0.0000460 seconds, Stopping threads took: 0.0000081 seconds
[2019-12-11T08:30:18.393+0000][1][safepoint    ] Application time: 0.0000538 seconds
[2019-12-11T08:30:18.393+0000][1][safepoint    ] Entering safepoint region: RevokeBias
[2019-12-11T08:30:18.394+0000][1][safepoint    ] Leaving safepoint region
[2019-12-11T08:30:18.394+0000][1][safepoint    ] Total time for which application threads were stopped: 0.0000453 seconds, Stopping threads took: 0.0000084 seconds
[2019-12-11T08:30:18.394+0000][1][safepoint    ] Application time: 0.0000538 seconds
[2019-12-11T08:30:18.394+0000][1][safepoint    ] Entering safepoint region: RevokeBias
[2019-12-11T08:30:18.394+0000][1][safepoint    ] Leaving safepoint region
[2019-12-11T08:30:18.394+0000][1][safepoint    ] Total time for which application threads were stopped: 0.0000464 seconds, Stopping threads took: 0.0000083 seconds
[2019-12-11T08:30:18.394+0000][1][safepoint    ] Application time: 0.0000935 seconds
[2019-12-11T08:30:18.394+0000][1][safepoint    ] Entering safepoint region: RevokeBias
[2019-12-11T08:30:18.394+0000][1][safepoint    ] Leaving safepoint region
[2019-12-11T08:30:18.394+0000][1][safepoint    ] Total time for which application threads were stopped: 0.0000593 seconds, Stopping threads took: 0.0000096 seconds
[2019-12-11T08:30:18.394+0000][1][safepoint    ] Application time: 0.0000543 seconds
[2019-12-11T08:30:18.394+0000][1][safepoint    ] Entering safepoint region: RevokeBias
[2019-12-11T08:30:18.394+0000][1][safepoint    ] Leaving safepoint region
[2019-12-11T08:30:18.394+0000][1][safepoint    ] Total time for which application threads were stopped: 0.0000463 seconds, Stopping threads took: 0.0000079 seconds
[2019-12-11T08:30:18.394+0000][1][safepoint    ] Application time: 0.0000530 seconds
[2019-12-11T08:30:18.394+0000][1][safepoint    ] Entering safepoint region: RevokeBias
[2019-12-11T08:30:18.394+0000][1][safepoint    ] Leaving safepoint region
[2019-12-11T08:30:18.394+0000][1][safepoint    ] Total time for which application threads were stopped: 0.0000449 seconds, Stopping threads took: 0.0000082 seconds
[2019-12-11T08:30:18.394+0000][1][safepoint    ] Application time: 0.0000529 seconds
[2019-12-11T08:30:18.394+0000][1][safepoint    ] Entering safepoint region: RevokeBias
[2019-12-11T08:30:18.394+0000][1][safepoint    ] Leaving safepoint region
[2019-12-11T08:30:18.394+0000][1][safepoint    ] Total time for which application threads were stopped: 0.0000459 seconds, Stopping threads took: 0.0000084 seconds
[2019-12-11T08:30:18.394+0000][1][safepoint    ] Application time: 0.0000535 seconds
[2019-12-11T08:30:18.394+0000][1][safepoint    ] Entering safepoint region: RevokeBias
[2019-12-11T08:30:18.394+0000][1][safepoint    ] Leaving safepoint region
[2019-12-11T08:30:18.394+0000][1][safepoint    ] Total time for which application threads were stopped: 0.0000462 seconds, Stopping threads took: 0.0000084 seconds
[2019-12-11T08:30:18.394+0000][1][safepoint    ] Application time: 0.0000529 seconds
[2019-12-11T08:30:18.394+0000][1][safepoint    ] Entering safepoint region: RevokeBias
[2019-12-11T08:30:18.394+0000][1][safepoint    ] Leaving safepoint region
[2019-12-11T08:30:18.394+0000][1][safepoint    ] Total time for which application threads were stopped: 0.0000458 seconds, Stopping threads took: 0.0000085 seconds
[2019-12-11T08:30:18.394+0000][1][safepoint    ] Application time: 0.0000531 seconds
[2019-12-11T08:30:18.394+0000][1][safepoint    ] Entering safepoint region: RevokeBias
[2019-12-11T08:30:18.395+0000][1][safepoint    ] Leaving safepoint region
[2019-12-11T08:30:18.395+0000][1][safepoint    ] Total time for which application threads were stopped: 0.0000457 seconds, Stopping threads took: 0.0000082 seconds
[2019-12-11T08:30:18.395+0000][1][safepoint    ] Application time: 0.0000531 seconds
[2019-12-11T08:30:18.395+0000][1][safepoint    ] Entering safepoint region: RevokeBias
[2019-12-11T08:30:18.395+0000][1][safepoint    ] Leaving safepoint region
[2019-12-11T08:30:18.395+0000][1][safepoint    ] Total time for which application threads were stopped: 0.0000455 seconds, Stopping threads took: 0.0000082 seconds
[2019-12-11T08:30:18.395+0000][1][safepoint    ] Application time: 0.0000690 seconds
[2019-12-11T08:30:18.395+0000][1][safepoint    ] Entering safepoint region: BulkRevokeBias
[2019-12-11T08:30:18.395+0000][1][safepoint    ] Leaving safepoint region
[2019-12-11T08:30:18.395+0000][1][safepoint    ] Total time for which application threads were stopped: 0.0000947 seconds, Stopping threads took: 0.0000082 seconds
[2019-12-11T08:30:18.395+0000][1][safepoint    ] Application time: 0.0001857 seconds
[2019-12-11T08:30:18.395+0000][1][safepoint    ] Entering safepoint region: RevokeBias
[2019-12-11T08:30:18.395+0000][1][safepoint    ] Leaving safepoint region
[2019-12-11T08:30:18.395+0000][1][safepoint    ] Total time for which application threads were stopped: 0.0000517 seconds, Stopping threads took: 0.0000085 seconds
[2019-12-11T08:30:18.395+0000][1][safepoint    ] Application time: 0.0001465 seconds
[2019-12-11T08:30:18.395+0000][1][safepoint    ] Entering safepoint region: RevokeBias
[2019-12-11T08:30:18.395+0000][1][safepoint    ] Leaving safepoint region
[2019-12-11T08:30:18.395+0000][1][safepoint    ] Total time for which application threads were stopped: 0.0000512 seconds, Stopping threads took: 0.0000077 seconds
[2019-12-11T08:30:18.395+0000][1][safepoint    ] Application time: 0.0000738 seconds
[2019-12-11T08:30:18.395+0000][1][safepoint    ] Entering safepoint region: RevokeBias
[2019-12-11T08:30:18.395+0000][1][safepoint    ] Leaving safepoint region
[2019-12-11T08:30:18.395+0000][1][safepoint    ] Total time for which application threads were stopped: 0.0000419 seconds, Stopping threads took: 0.0000077 seconds
[2019-12-11T08:30:18.396+0000][1][safepoint    ] Application time: 0.0000901 seconds
[2019-12-11T08:30:18.396+0000][1][safepoint    ] Entering safepoint region: RevokeBias
[2019-12-11T08:30:18.396+0000][1][safepoint    ] Leaving safepoint region
[2019-12-11T08:30:18.396+0000][1][safepoint    ] Total time for which application threads were stopped: 0.0000388 seconds, Stopping threads took: 0.0000081 seconds
[2019-12-11T08:30:18.396+0000][1][safepoint    ] Application time: 0.0000849 seconds
[2019-12-11T08:30:18.396+0000][1][safepoint    ] Entering safepoint region: RevokeBias
[2019-12-11T08:30:18.396+0000][1][safepoint    ] Leaving safepoint region
[2019-12-11T08:30:18.396+0000][1][safepoint    ] Total time for which application threads were stopped: 0.0000784 seconds, Stopping threads took: 0.0000078 seconds
[2019-12-11T08:30:18.396+0000][1][safepoint    ] Application time: 0.0000540 seconds
[2019-12-11T08:30:18.396+0000][1][safepoint    ] Entering safepoint region: RevokeBias
[2019-12-11T08:30:18.396+0000][1][safepoint    ] Leaving safepoint region
[2019-12-11T08:30:18.396+0000][1][safepoint    ] Total time for which application threads were stopped: 0.0000442 seconds, Stopping threads took: 0.0000078 seconds
[2019-12-11T08:30:18.396+0000][1][safepoint    ] Application time: 0.0000589 seconds
[2019-12-11T08:30:18.396+0000][1][safepoint    ] Entering safepoint region: RevokeBias
[2019-12-11T08:30:18.396+0000][1][safepoint    ] Leaving safepoint region
[2019-12-11T08:30:18.396+0000][1][safepoint    ] Total time for which application threads were stopped: 0.0000561 seconds, Stopping threads took: 0.0000078 seconds
[2019-12-11T08:30:18.396+0000][1][safepoint    ] Application time: 0.0000559 seconds
[2019-12-11T08:30:18.396+0000][1][safepoint    ] Entering safepoint region: RevokeBias
[2019-12-11T08:30:18.396+0000][1][safepoint    ] Leaving safepoint region
[2019-12-11T08:30:18.396+0000][1][safepoint    ] Total time for which application threads were stopped: 0.0000459 seconds, Stopping threads took: 0.0000080 seconds
[2019-12-11T08:30:18.396+0000][1][safepoint    ] Application time: 0.0001777 seconds
[2019-12-11T08:30:18.396+0000][1][safepoint    ] Entering safepoint region: RevokeBias
[2019-12-11T08:30:18.396+0000][1][safepoint    ] Leaving safepoint region
[2019-12-11T08:30:18.396+0000][1][safepoint    ] Total time for which application threads were stopped: 0.0000562 seconds, Stopping threads took: 0.0000083 seconds
[2019-12-11T08:30:18.396+0000][1][safepoint    ] Application time: 0.0000608 seconds
[2019-12-11T08:30:18.396+0000][1][safepoint    ] Entering safepoint region: RevokeBias
[2019-12-11T08:30:18.396+0000][1][safepoint    ] Leaving safepoint region
[2019-12-11T08:30:18.396+0000][1][safepoint    ] Total time for which application threads were stopped: 0.0000402 seconds, Stopping threads took: 0.0000076 seconds
[2019-12-11T08:30:18.397+0000][1][safepoint    ] Application time: 0.0003172 seconds
[2019-12-11T08:30:18.397+0000][1][safepoint    ] Entering safepoint region: RevokeBias
[2019-12-11T08:30:18.397+0000][1][safepoint    ] Leaving safepoint region
[2019-12-11T08:30:18.397+0000][1][safepoint    ] Total time for which application threads were stopped: 0.0000586 seconds, Stopping threads took: 0.0000094 seconds
[2019-12-11T08:30:18.397+0000][1][safepoint    ] Application time: 0.0000558 seconds
[2019-12-11T08:30:18.397+0000][1][safepoint    ] Entering safepoint region: RevokeBias
[2019-12-11T08:30:18.397+0000][1][safepoint    ] Leaving safepoint region
[2019-12-11T08:30:18.397+0000][1][safepoint    ] Total time for which application threads were stopped: 0.0000496 seconds, Stopping threads took: 0.0000083 seconds
[2019-12-11T08:30:18.397+0000][1][safepoint    ] Application time: 0.0000604 seconds
[2019-12-11T08:30:18.397+0000][1][safepoint    ] Entering safepoint region: RevokeBias
[2019-12-11T08:30:18.397+0000][1][safepoint    ] Leaving safepoint region
[2019-12-11T08:30:18.397+0000][1][safepoint    ] Total time for which application threads were stopped: 0.0000449 seconds, Stopping threads took: 0.0000080 seconds
[2019-12-11T08:30:18.397+0000][1][safepoint    ] Application time: 0.0000513 seconds
[2019-12-11T08:30:18.397+0000][1][safepoint    ] Entering safepoint region: RevokeBias
[2019-12-11T08:30:18.397+0000][1][safepoint    ] Leaving safepoint region
[2019-12-11T08:30:18.397+0000][1][safepoint    ] Total time for which application threads were stopped: 0.0000430 seconds, Stopping threads took: 0.0000077 seconds
[2019-12-11T08:30:18.397+0000][1][safepoint    ] Application time: 0.0000499 seconds
[2019-12-11T08:30:18.397+0000][1][safepoint    ] Entering safepoint region: RevokeBias
[2019-12-11T08:30:18.397+0000][1][safepoint    ] Leaving safepoint region
[2019-12-11T08:30:18.397+0000][1][safepoint    ] Total time for which application threads were stopped: 0.0000433 seconds, Stopping threads took: 0.0000078 seconds
[2019-12-11T08:30:18.397+0000][1][safepoint    ] Application time: 0.0000517 seconds
[2019-12-11T08:30:18.397+0000][1][safepoint    ] Entering safepoint region: RevokeBias
[2019-12-11T08:30:18.397+0000][1][safepoint    ] Leaving safepoint region
[2019-12-11T08:30:18.397+0000][1][safepoint    ] Total time for which application threads were stopped: 0.0000432 seconds, Stopping threads took: 0.0000075 seconds
[2019-12-11T08:30:18.397+0000][1][safepoint    ] Application time: 0.0000506 seconds
[2019-12-11T08:30:18.398+0000][1][safepoint    ] Entering safepoint region: RevokeBias
[2019-12-11T08:30:18.398+0000][1][safepoint    ] Leaving safepoint region
[2019-12-11T08:30:18.398+0000][1][safepoint    ] Total time for which application threads were stopped: 0.0000437 seconds, Stopping threads took: 0.0000077 seconds
[2019-12-11T08:30:18.398+0000][1][safepoint    ] Application time: 0.0000499 seconds
[2019-12-11T08:30:18.398+0000][1][safepoint    ] Entering safepoint region: RevokeBias
[2019-12-11T08:30:18.398+0000][1][safepoint    ] Leaving safepoint region
[2019-12-11T08:30:18.398+0000][1][safepoint    ] Total time for which application threads were stopped: 0.0000427 seconds, Stopping threads took: 0.0000078 seconds
[2019-12-11T08:30:18.398+0000][1][safepoint    ] Application time: 0.0000616 seconds
[2019-12-11T08:30:18.398+0000][1][safepoint    ] Entering safepoint region: RevokeBias
[2019-12-11T08:30:18.398+0000][1][safepoint    ] Leaving safepoint region
[2019-12-11T08:30:18.398+0000][1][safepoint    ] Total time for which application threads were stopped: 0.0000529 seconds, Stopping threads took: 0.0000081 seconds
[2019-12-11T08:30:18.398+0000][1][safepoint    ] Application time: 0.0000531 seconds
[2019-12-11T08:30:18.398+0000][1][safepoint    ] Entering safepoint region: RevokeBias
[2019-12-11T08:30:18.398+0000][1][safepoint    ] Leaving safepoint region
[2019-12-11T08:30:18.398+0000][1][safepoint    ] Total time for which application threads were stopped: 0.0000409 seconds, Stopping threads took: 0.0000068 seconds
[2019-12-11T08:30:18.398+0000][1][safepoint    ] Application time: 0.0000503 seconds
[2019-12-11T08:30:18.398+0000][1][safepoint    ] Entering safepoint region: RevokeBias
[2019-12-11T08:30:18.398+0000][1][safepoint    ] Leaving safepoint region
[2019-12-11T08:30:18.398+0000][1][safepoint    ] Total time for which application threads were stopped: 0.0000428 seconds, Stopping threads took: 0.0000072 seconds
[2019-12-11T08:30:18.398+0000][1][safepoint    ] Application time: 0.0000490 seconds
[2019-12-11T08:30:18.398+0000][1][safepoint    ] Entering safepoint region: RevokeBias
[2019-12-11T08:30:18.398+0000][1][safepoint    ] Leaving safepoint region
[2019-12-11T08:30:18.398+0000][1][safepoint    ] Total time for which application threads were stopped: 0.0000452 seconds, Stopping threads took: 0.0000077 seconds
[2019-12-11T08:30:18.398+0000][1][safepoint    ] Application time: 0.0000480 seconds
[2019-12-11T08:30:18.398+0000][1][safepoint    ] Entering safepoint region: RevokeBias
[2019-12-11T08:30:18.398+0000][1][safepoint    ] Leaving safepoint region
[2019-12-11T08:30:18.398+0000][1][safepoint    ] Total time for which application threads were stopped: 0.0000392 seconds, Stopping threads took: 0.0000069 seconds
[2019-12-11T08:30:18.398+0000][1][safepoint    ] Application time: 0.0000495 seconds
[2019-12-11T08:30:18.398+0000][1][safepoint    ] Entering safepoint region: RevokeBias
[2019-12-11T08:30:18.398+0000][1][safepoint    ] Leaving safepoint region
[2019-12-11T08:30:18.398+0000][1][safepoint    ] Total time for which application threads were stopped: 0.0000408 seconds, Stopping threads took: 0.0000070 seconds
[2019-12-11T08:30:18.398+0000][1][safepoint    ] Application time: 0.0000498 seconds
[2019-12-11T08:30:18.398+0000][1][safepoint    ] Entering safepoint region: RevokeBias
[2019-12-11T08:30:18.398+0000][1][safepoint    ] Leaving safepoint region
[2019-12-11T08:30:18.398+0000][1][safepoint    ] Total time for which application threads were stopped: 0.0000409 seconds, Stopping threads took: 0.0000074 seconds
[2019-12-11T08:30:18.398+0000][1][safepoint    ] Application time: 0.0000514 seconds
[2019-12-11T08:30:18.398+0000][1][safepoint    ] Entering safepoint region: BulkRevokeBias
[2019-12-11T08:30:18.399+0000][1][safepoint    ] Leaving safepoint region
[2019-12-11T08:30:18.399+0000][1][safepoint    ] Total time for which application threads were stopped: 0.0000968 seconds, Stopping threads took: 0.0000073 seconds
[2019-12-11T08:30:18.400+0000][1][safepoint    ] Application time: 0.0011745 seconds
[2019-12-11T08:30:18.400+0000][1][safepoint    ] Entering safepoint region: RevokeBias
[2019-12-11T08:30:18.400+0000][1][safepoint    ] Leaving safepoint region
[2019-12-11T08:30:18.400+0000][1][safepoint    ] Total time for which application threads were stopped: 0.0000748 seconds, Stopping threads took: 0.0000109 seconds
[2019-12-11T08:30:18.400+0000][1][safepoint    ] Application time: 0.0001288 seconds
[2019-12-11T08:30:18.400+0000][1][safepoint    ] Entering safepoint region: RevokeBias
[2019-12-11T08:30:18.400+0000][1][safepoint    ] Leaving safepoint region
[2019-12-11T08:30:18.400+0000][1][safepoint    ] Total time for which application threads were stopped: 0.0000682 seconds, Stopping threads took: 0.0000103 seconds
[2019-12-11T08:30:18.400+0000][1][safepoint    ] Application time: 0.0000662 seconds
[2019-12-11T08:30:18.400+0000][1][safepoint    ] Entering safepoint region: RevokeBias
[2019-12-11T08:30:18.400+0000][1][safepoint    ] Leaving safepoint region
[2019-12-11T08:30:18.400+0000][1][safepoint    ] Total time for which application threads were stopped: 0.0000491 seconds, Stopping threads took: 0.0000078 seconds
[2019-12-11T08:30:18.400+0000][1][safepoint    ] Application time: 0.0000947 seconds
[2019-12-11T08:30:18.400+0000][1][safepoint    ] Entering safepoint region: RevokeBias
[2019-12-11T08:30:18.400+0000][1][safepoint    ] Leaving safepoint region
[2019-12-11T08:30:18.400+0000][1][safepoint    ] Total time for which application threads were stopped: 0.0000508 seconds, Stopping threads took: 0.0000078 seconds
[2019-12-11T08:30:18.401+0000][1][safepoint    ] Application time: 0.0001840 seconds
[2019-12-11T08:30:18.401+0000][1][safepoint    ] Entering safepoint region: RevokeBias
[2019-12-11T08:30:18.401+0000][1][safepoint    ] Leaving safepoint region
[2019-12-11T08:30:18.401+0000][1][safepoint    ] Total time for which application threads were stopped: 0.0000673 seconds, Stopping threads took: 0.0000090 seconds
[2019-12-11T08:30:18.401+0000][1][safepoint    ] Application time: 0.0000883 seconds
[2019-12-11T08:30:18.401+0000][1][safepoint    ] Entering safepoint region: RevokeBias
[2019-12-11T08:30:18.401+0000][1][safepoint    ] Leaving safepoint region
[2019-12-11T08:30:18.401+0000][1][safepoint    ] Total time for which application threads were stopped: 0.0000578 seconds, Stopping threads took: 0.0000089 seconds
[2019-12-11T08:30:18.401+0000][1][safepoint    ] Application time: 0.0000520 seconds
[2019-12-11T08:30:18.401+0000][1][safepoint    ] Entering safepoint region: RevokeBias
[2019-12-11T08:30:18.401+0000][1][safepoint    ] Leaving safepoint region
[2019-12-11T08:30:18.401+0000][1][safepoint    ] Total time for which application threads were stopped: 0.0000438 seconds, Stopping threads took: 0.0000077 seconds
[2019-12-11T08:30:18.401+0000][1][safepoint    ] Application time: 0.0000493 seconds
[2019-12-11T08:30:18.401+0000][1][safepoint    ] Entering safepoint region: RevokeBias
[2019-12-11T08:30:18.401+0000][1][safepoint    ] Leaving safepoint region
[2019-12-11T08:30:18.401+0000][1][safepoint    ] Total time for which application threads were stopped: 0.0000441 seconds, Stopping threads took: 0.0000078 seconds
[2019-12-11T08:30:18.401+0000][1][safepoint    ] Application time: 0.0003337 seconds
[2019-12-11T08:30:18.401+0000][1][safepoint    ] Entering safepoint region: RevokeBias
[2019-12-11T08:30:18.401+0000][1][safepoint    ] Leaving safepoint region
[2019-12-11T08:30:18.401+0000][1][safepoint    ] Total time for which application threads were stopped: 0.0000600 seconds, Stopping threads took: 0.0000182 seconds
[2019-12-11T08:30:18.402+0000][1][safepoint    ] Application time: 0.0001106 seconds
[2019-12-11T08:30:18.402+0000][1][safepoint    ] Entering safepoint region: RevokeBias
[2019-12-11T08:30:18.402+0000][1][safepoint    ] Leaving safepoint region
[2019-12-11T08:30:18.402+0000][1][safepoint    ] Total time for which application threads were stopped: 0.0000447 seconds, Stopping threads took: 0.0000071 seconds
[2019-12-11T08:30:18.405+0000][1][safepoint    ] Application time: 0.0033028 seconds
[2019-12-11T08:30:18.405+0000][1][safepoint    ] Entering safepoint region: RevokeBias
[2019-12-11T08:30:18.405+0000][1][safepoint    ] Leaving safepoint region
[2019-12-11T08:30:18.405+0000][1][safepoint    ] Total time for which application threads were stopped: 0.0001004 seconds, Stopping threads took: 0.0000380 seconds
[2019-12-11T08:30:18.405+0000][1][safepoint    ] Application time: 0.0003187 seconds
[2019-12-11T08:30:18.405+0000][1][safepoint    ] Entering safepoint region: RevokeBias
[2019-12-11T08:30:18.405+0000][1][safepoint    ] Leaving safepoint region
[2019-12-11T08:30:18.405+0000][1][safepoint    ] Total time for which application threads were stopped: 0.0000687 seconds, Stopping threads took: 0.0000096 seconds
[2019-12-11T08:30:18.406+0000][1][safepoint    ] Application time: 0.0004456 seconds
[2019-12-11T08:30:18.406+0000][1][safepoint    ] Entering safepoint region: RevokeBias
[2019-12-11T08:30:18.406+0000][1][safepoint    ] Leaving safepoint region
[2019-12-11T08:30:18.406+0000][1][safepoint    ] Total time for which application threads were stopped: 0.0000729 seconds, Stopping threads took: 0.0000104 seconds
[2019-12-11T08:30:18.406+0000][1][safepoint    ] Application time: 0.0001446 seconds
[2019-12-11T08:30:18.406+0000][1][safepoint    ] Entering safepoint region: RevokeBias
[2019-12-11T08:30:18.406+0000][1][safepoint    ] Leaving safepoint region
[2019-12-11T08:30:18.406+0000][1][safepoint    ] Total time for which application threads were stopped: 0.0000675 seconds, Stopping threads took: 0.0000090 seconds
[2019-12-11T08:30:18.406+0000][1][safepoint    ] Application time: 0.0002298 seconds
[2019-12-11T08:30:18.406+0000][1][safepoint    ] Entering safepoint region: RevokeBias
[2019-12-11T08:30:18.407+0000][1][safepoint    ] Leaving safepoint region
[2019-12-11T08:30:18.407+0000][1][safepoint    ] Total time for which application threads were stopped: 0.0000658 seconds, Stopping threads took: 0.0000093 seconds
[2019-12-11T08:30:18.428+0000][1][safepoint    ] Application time: 0.0217387 seconds
[2019-12-11T08:30:18.428+0000][1][safepoint    ] Entering safepoint region: RevokeBias
[2019-12-11T08:30:18.428+0000][1][safepoint    ] Leaving safepoint region
[2019-12-11T08:30:18.428+0000][1][safepoint    ] Total time for which application threads were stopped: 0.0001409 seconds, Stopping threads took: 0.0000659 seconds
[2019-12-11T08:30:18.429+0000][1][safepoint    ] Application time: 0.0007119 seconds
[2019-12-11T08:30:18.429+0000][1][safepoint    ] Entering safepoint region: RevokeBias
[2019-12-11T08:30:18.429+0000][1][safepoint    ] Leaving safepoint region
[2019-12-11T08:30:18.429+0000][1][safepoint    ] Total time for which application threads were stopped: 0.0000781 seconds, Stopping threads took: 0.0000108 seconds
[2019-12-11T08:30:18.430+0000][1][safepoint    ] Application time: 0.0009830 seconds
[2019-12-11T08:30:18.430+0000][1][safepoint    ] Entering safepoint region: RevokeBias
[2019-12-11T08:30:18.430+0000][1][safepoint    ] Leaving safepoint region
[2019-12-11T08:30:18.430+0000][1][safepoint    ] Total time for which application threads were stopped: 0.0000825 seconds, Stopping threads took: 0.0000101 seconds
[2019-12-11T08:30:18.432+0000][1][safepoint    ] Application time: 0.0013446 seconds
[2019-12-11T08:30:18.432+0000][1][safepoint    ] Entering safepoint region: RevokeBias
[2019-12-11T08:30:18.432+0000][1][safepoint    ] Leaving safepoint region
[2019-12-11T08:30:18.432+0000][1][safepoint    ] Total time for which application threads were stopped: 0.0000626 seconds, Stopping threads took: 0.0000114 seconds
[2019-12-11T08:30:18.432+0000][1][safepoint    ] Application time: 0.0000716 seconds
[2019-12-11T08:30:18.432+0000][1][safepoint    ] Entering safepoint region: RevokeBias
[2019-12-11T08:30:18.432+0000][1][safepoint    ] Leaving safepoint region
[2019-12-11T08:30:18.432+0000][1][safepoint    ] Total time for which application threads were stopped: 0.0000631 seconds, Stopping threads took: 0.0000080 seconds
[2019-12-11T08:30:18.434+0000][1][safepoint    ] Application time: 0.0021123 seconds
[2019-12-11T08:30:18.434+0000][1][safepoint    ] Entering safepoint region: RevokeBias
[2019-12-11T08:30:18.434+0000][1][safepoint    ] Leaving safepoint region
[2019-12-11T08:30:18.434+0000][1][safepoint    ] Total time for which application threads were stopped: 0.0000766 seconds, Stopping threads took: 0.0000115 seconds
[2019-12-11T08:30:18.434+0000][1][safepoint    ] Application time: 0.0000634 seconds
[2019-12-11T08:30:18.434+0000][1][safepoint    ] Entering safepoint region: RevokeBias
[2019-12-11T08:30:18.434+0000][1][safepoint    ] Leaving safepoint region
[2019-12-11T08:30:18.434+0000][1][safepoint    ] Total time for which application threads were stopped: 0.0000515 seconds, Stopping threads took: 0.0000090 seconds
[2019-12-11T08:30:18.435+0000][1][safepoint    ] Application time: 0.0002384 seconds
[2019-12-11T08:30:18.435+0000][1][safepoint    ] Entering safepoint region: RevokeBias
[2019-12-11T08:30:18.435+0000][1][safepoint    ] Leaving safepoint region
[2019-12-11T08:30:18.435+0000][1][safepoint    ] Total time for which application threads were stopped: 0.0000588 seconds, Stopping threads took: 0.0000091 seconds
[2019-12-11T08:30:18.463+0000][1][safepoint    ] Application time: 0.0284264 seconds
[2019-12-11T08:30:18.463+0000][1][safepoint    ] Entering safepoint region: RevokeBias
[2019-12-11T08:30:18.463+0000][1][safepoint    ] Leaving safepoint region
[2019-12-11T08:30:18.463+0000][1][safepoint    ] Total time for which application threads were stopped: 0.0000641 seconds, Stopping threads took: 0.0000141 seconds
[2019-12-11T08:30:18.465+0000][1][safepoint    ] Application time: 0.0018464 seconds
[2019-12-11T08:30:18.465+0000][1][safepoint    ] Entering safepoint region: RevokeBias
[2019-12-11T08:30:18.465+0000][1][safepoint    ] Leaving safepoint region
[2019-12-11T08:30:18.465+0000][1][safepoint    ] Total time for which application threads were stopped: 0.0000482 seconds, Stopping threads took: 0.0000117 seconds
[2019-12-11T08:30:18.490+0000][1][safepoint    ] Application time: 0.0252323 seconds
[2019-12-11T08:30:18.490+0000][1][safepoint    ] Entering safepoint region: RevokeBias
[2019-12-11T08:30:18.490+0000][1][safepoint    ] Leaving safepoint region
[2019-12-11T08:30:18.491+0000][1][safepoint    ] Total time for which application threads were stopped: 0.0000734 seconds, Stopping threads took: 0.0000150 seconds
[2019-12-11T08:30:18.882+0000][1][safepoint    ] Application time: 0.3913704 seconds
[2019-12-11T08:30:18.996+0000][1][safepoint    ] Entering safepoint region: RevokeBias
[2019-12-11T08:30:18.996+0000][1][safepoint    ] Leaving safepoint region
[2019-12-11T08:30:18.996+0000][1][safepoint    ] Total time for which application threads were stopped: 0.1140862 seconds, Stopping threads took: 0.1138599 seconds
[2019-12-11T08:30:18.996+0000][1][safepoint    ] Application time: 0.0000777 seconds
[2019-12-11T08:30:18.996+0000][1][safepoint    ] Entering safepoint region: RevokeBias
[2019-12-11T08:30:18.996+0000][1][safepoint    ] Leaving safepoint region
[2019-12-11T08:30:18.996+0000][1][safepoint    ] Total time for which application threads were stopped: 0.0000489 seconds, Stopping threads took: 0.0000091 seconds
[2019-12-11T08:30:19.208+0000][1][safepoint    ] Application time: 0.2115918 seconds
[2019-12-11T08:30:19.221+0000][1][safepoint    ] Entering safepoint region: RevokeBias
[2019-12-11T08:30:19.221+0000][1][safepoint    ] Leaving safepoint region
[2019-12-11T08:30:19.221+0000][1][safepoint    ] Total time for which application threads were stopped: 0.0130560 seconds, Stopping threads took: 0.0129914 seconds
[2019-12-11T08:30:19.922+0000][1][safepoint    ] Application time: 0.7006447 seconds
[2019-12-11T08:30:19.922+0000][1][safepoint    ] Entering safepoint region: GenCollectForAllocation
[2019-12-11T08:30:19.922+0000][1][gc,start     ] GC(20) Pause Young (Allocation Failure)
[2019-12-11T08:30:19.922+0000][1][gc,task      ] GC(20) Using 2 workers of 2 for evacuation
[2019-12-11T08:30:20.216+0000][1][gc,age       ] GC(20) Desired survivor size 4456448 bytes, new threshold 2 (max threshold 6)
[2019-12-11T08:30:20.216+0000][1][gc,age       ] GC(20) Age table with threshold 2 (max threshold 6)
[2019-12-11T08:30:20.216+0000][1][gc,age       ] GC(20) - age   1:    2834536 bytes,    2834536 total
[2019-12-11T08:30:20.216+0000][1][gc,age       ] GC(20) - age   2:    2458480 bytes,    5293016 total
[2019-12-11T08:30:20.216+0000][1][gc,heap      ] GC(20) ParNew: 76891K->8704K(78656K)
[2019-12-11T08:30:20.216+0000][1][gc,heap      ] GC(20) CMS: 54888K->58021K(174784K)
[2019-12-11T08:30:20.216+0000][1][gc,metaspace ] GC(20) Metaspace: 48408K->48408K(1093632K)
[2019-12-11T08:30:20.216+0000][1][gc           ] GC(20) Pause Young (Allocation Failure) 128M->65M(247M) 294.643ms
[2019-12-11T08:30:20.216+0000][1][gc,cpu       ] GC(20) User=0.10s Sys=0.00s Real=0.30s
[2019-12-11T08:30:20.216+0000][1][safepoint    ] Leaving safepoint region
[2019-12-11T08:30:20.216+0000][1][safepoint    ] Total time for which application threads were stopped: 0.2947840 seconds, Stopping threads took: 0.0000146 seconds
[2019-12-11T08:30:20.264+0000][1][safepoint    ] Application time: 0.0477943 seconds
[2019-12-11T08:30:20.264+0000][1][safepoint    ] Entering safepoint region: RevokeBias
[2019-12-11T08:30:20.264+0000][1][safepoint    ] Leaving safepoint region
[2019-12-11T08:30:20.264+0000][1][safepoint    ] Total time for which application threads were stopped: 0.0000657 seconds, Stopping threads took: 0.0000145 seconds
[2019-12-11T08:30:20.264+0000][1][safepoint    ] Application time: 0.0000630 seconds
[2019-12-11T08:30:20.264+0000][1][safepoint    ] Entering safepoint region: RevokeBias
[2019-12-11T08:30:20.264+0000][1][safepoint    ] Leaving safepoint region
[2019-12-11T08:30:20.264+0000][1][safepoint    ] Total time for which application threads were stopped: 0.0000301 seconds, Stopping threads took: 0.0000072 seconds
[2019-12-11T08:30:21.040+0000][1][safepoint    ] Application time: 0.7761400 seconds
[2019-12-11T08:30:21.041+0000][1][safepoint    ] Entering safepoint region: RevokeBias
[2019-12-11T08:30:21.041+0000][1][safepoint    ] Leaving safepoint region
[2019-12-11T08:30:21.041+0000][1][safepoint    ] Total time for which application threads were stopped: 0.0005170 seconds, Stopping threads took: 0.0000164 seconds
[2019-12-11T08:30:21.289+0000][1][safepoint    ] Application time: 0.2479575 seconds
[2019-12-11T08:30:21.289+0000][1][safepoint    ] Entering safepoint region: RevokeBias
[2019-12-11T08:30:21.289+0000][1][safepoint    ] Leaving safepoint region
[2019-12-11T08:30:21.289+0000][1][safepoint    ] Total time for which application threads were stopped: 0.0000667 seconds, Stopping threads took: 0.0000136 seconds
[2019-12-11T08:30:21.795+0000][1][safepoint    ] Application time: 0.5055825 seconds
[2019-12-11T08:30:21.795+0000][1][safepoint    ] Entering safepoint region: RevokeBias
[2019-12-11T08:30:21.795+0000][1][safepoint    ] Leaving safepoint region
[2019-12-11T08:30:21.795+0000][1][safepoint    ] Total time for which application threads were stopped: 0.0000879 seconds, Stopping threads took: 0.0000165 seconds
[2019-12-11T08:30:21.811+0000][1][safepoint    ] Application time: 0.0162434 seconds
[2019-12-11T08:30:21.811+0000][1][safepoint    ] Entering safepoint region: RevokeBias
[2019-12-11T08:30:21.811+0000][1][safepoint    ] Leaving safepoint region
[2019-12-11T08:30:21.811+0000][1][safepoint    ] Total time for which application threads were stopped: 0.0000791 seconds, Stopping threads took: 0.0000160 seconds
[2019-12-11T08:30:21.868+0000][1][safepoint    ] Application time: 0.0566415 seconds
[2019-12-11T08:30:21.868+0000][1][safepoint    ] Entering safepoint region: RevokeBias
[2019-12-11T08:30:21.868+0000][1][safepoint    ] Leaving safepoint region
[2019-12-11T08:30:21.868+0000][1][safepoint    ] Total time for which application threads were stopped: 0.0000735 seconds, Stopping threads took: 0.0000162 seconds
[2019-12-11T08:30:21.887+0000][1][safepoint    ] Application time: 0.0186503 seconds
[2019-12-11T08:30:21.887+0000][1][safepoint    ] Entering safepoint region: RevokeBias
[2019-12-11T08:30:21.887+0000][1][safepoint    ] Leaving safepoint region
[2019-12-11T08:30:21.887+0000][1][safepoint    ] Total time for which application threads were stopped: 0.0000880 seconds, Stopping threads took: 0.0000331 seconds
[2019-12-11T08:30:21.929+0000][1][safepoint    ] Application time: 0.0418522 seconds
[2019-12-11T08:30:21.929+0000][1][safepoint    ] Entering safepoint region: RevokeBias
[2019-12-11T08:30:21.929+0000][1][safepoint    ] Leaving safepoint region
[2019-12-11T08:30:21.929+0000][1][safepoint    ] Total time for which application threads were stopped: 0.0000864 seconds, Stopping threads took: 0.0000303 seconds
[2019-12-11T08:30:22.019+0000][1][safepoint    ] Application time: 0.0905328 seconds
[2019-12-11T08:30:22.019+0000][1][safepoint    ] Entering safepoint region: RevokeBias
[2019-12-11T08:30:22.019+0000][1][safepoint    ] Leaving safepoint region
[2019-12-11T08:30:22.019+0000][1][safepoint    ] Total time for which application threads were stopped: 0.0000646 seconds, Stopping threads took: 0.0000140 seconds
[2019-12-11T08:30:22.080+0000][1][safepoint    ] Application time: 0.0608823 seconds
[2019-12-11T08:30:22.080+0000][1][safepoint    ] Entering safepoint region: RevokeBias
[2019-12-11T08:30:22.080+0000][1][safepoint    ] Leaving safepoint region
[2019-12-11T08:30:22.080+0000][1][safepoint    ] Total time for which application threads were stopped: 0.0000741 seconds, Stopping threads took: 0.0000164 seconds
[2019-12-11T08:30:22.210+0000][1][safepoint    ] Application time: 0.1300278 seconds
[2019-12-11T08:30:22.210+0000][1][safepoint    ] Entering safepoint region: RevokeBias
[2019-12-11T08:30:22.211+0000][1][safepoint    ] Leaving safepoint region
[2019-12-11T08:30:22.211+0000][1][safepoint    ] Total time for which application threads were stopped: 0.0000749 seconds, Stopping threads took: 0.0000158 seconds
[2019-12-11T08:30:22.345+0000][1][safepoint    ] Application time: 0.1343994 seconds
[2019-12-11T08:30:22.345+0000][1][safepoint    ] Entering safepoint region: RevokeBias
[2019-12-11T08:30:22.345+0000][1][safepoint    ] Leaving safepoint region
[2019-12-11T08:30:22.345+0000][1][safepoint    ] Total time for which application threads were stopped: 0.0000738 seconds, Stopping threads took: 0.0000160 seconds
[2019-12-11T08:30:23.365+0000][1][safepoint    ] Application time: 1.0196318 seconds
[2019-12-11T08:30:23.365+0000][1][safepoint    ] Entering safepoint region: Cleanup
[2019-12-11T08:30:23.365+0000][1][safepoint    ] Leaving safepoint region
[2019-12-11T08:30:23.365+0000][1][safepoint    ] Total time for which application threads were stopped: 0.0005222 seconds, Stopping threads took: 0.0000669 seconds
[2019-12-11T08:30:24.104+0000][1][safepoint    ] Application time: 0.7384329 seconds
[2019-12-11T08:30:24.104+0000][1][safepoint    ] Entering safepoint region: RevokeBias
[2019-12-11T08:30:24.104+0000][1][safepoint    ] Leaving safepoint region
[2019-12-11T08:30:24.104+0000][1][safepoint    ] Total time for which application threads were stopped: 0.0000772 seconds, Stopping threads took: 0.0000155 seconds
[2019-12-11T08:30:24.114+0000][1][safepoint    ] Application time: 0.0097312 seconds
[2019-12-11T08:30:24.114+0000][1][safepoint    ] Entering safepoint region: RevokeBias
[2019-12-11T08:30:24.114+0000][1][safepoint    ] Leaving safepoint region
[2019-12-11T08:30:24.114+0000][1][safepoint    ] Total time for which application threads were stopped: 0.0000624 seconds, Stopping threads took: 0.0000137 seconds
[2019-12-11T08:30:25.118+0000][1][safepoint    ] Application time: 1.0040581 seconds
[2019-12-11T08:30:25.176+0000][1][safepoint    ] Entering safepoint region: Cleanup
[2019-12-11T08:30:25.176+0000][1][safepoint    ] Leaving safepoint region
[2019-12-11T08:30:25.176+0000][1][safepoint    ] Total time for which application threads were stopped: 0.0581261 seconds, Stopping threads took: 0.0580628 seconds
[2019-12-11T08:30:25.854+0000][1][safepoint    ] Application time: 0.6778321 seconds
[2019-12-11T08:30:25.854+0000][1][safepoint    ] Entering safepoint region: BulkRevokeBias
[2019-12-11T08:30:25.854+0000][1][safepoint    ] Leaving safepoint region
[2019-12-11T08:30:25.854+0000][1][safepoint    ] Total time for which application threads were stopped: 0.0004575 seconds, Stopping threads took: 0.0000166 seconds
[2019-12-11T08:30:26.039+0000][1][safepoint    ] Application time: 0.1852777 seconds
[2019-12-11T08:30:26.040+0000][1][safepoint    ] Entering safepoint region: GenCollectForAllocation
[2019-12-11T08:30:26.040+0000][1][gc,start     ] GC(21) Pause Young (Allocation Failure)
[2019-12-11T08:30:26.040+0000][1][gc,task      ] GC(21) Using 2 workers of 2 for evacuation
[2019-12-11T08:30:26.253+0000][1][gc,age       ] GC(21) Desired survivor size 4456448 bytes, new threshold 2 (max threshold 6)
[2019-12-11T08:30:26.253+0000][1][gc,age       ] GC(21) Age table with threshold 2 (max threshold 6)
[2019-12-11T08:30:26.253+0000][1][gc,age       ] GC(21) - age   1:    1812456 bytes,    1812456 total
[2019-12-11T08:30:26.253+0000][1][gc,age       ] GC(21) - age   2:    2768736 bytes,    4581192 total
[2019-12-11T08:30:26.253+0000][1][gc,heap      ] GC(21) ParNew: 78656K->4745K(78656K)
[2019-12-11T08:30:26.253+0000][1][gc,heap      ] GC(21) CMS: 58021K->60487K(174784K)
[2019-12-11T08:30:26.253+0000][1][gc,metaspace ] GC(21) Metaspace: 56359K->56359K(1101824K)
[2019-12-11T08:30:26.253+0000][1][gc           ] GC(21) Pause Young (Allocation Failure) 133M->63M(247M) 212.997ms
[2019-12-11T08:30:26.253+0000][1][gc,cpu       ] GC(21) User=0.04s Sys=0.00s Real=0.21s
[2019-12-11T08:30:26.253+0000][1][safepoint    ] Leaving safepoint region
[2019-12-11T08:30:26.253+0000][1][safepoint    ] Total time for which application threads were stopped: 0.2131436 seconds, Stopping threads took: 0.0000156 seconds
[2019-12-11T08:30:27.024+0000][1][safepoint    ] Application time: 0.7714268 seconds
[2019-12-11T08:30:27.039+0000][1][safepoint    ] Entering safepoint region: RevokeBias
[2019-12-11T08:30:27.041+0000][1][safepoint    ] Leaving safepoint region
[2019-12-11T08:30:27.041+0000][1][safepoint    ] Total time for which application threads were stopped: 0.0166766 seconds, Stopping threads took: 0.0153425 seconds
[2019-12-11T08:30:27.041+0000][1][safepoint    ] Application time: 0.0000871 seconds
[2019-12-11T08:30:27.041+0000][1][safepoint    ] Entering safepoint region: RevokeBias
[2019-12-11T08:30:27.041+0000][1][safepoint    ] Leaving safepoint region
[2019-12-11T08:30:27.041+0000][1][safepoint    ] Total time for which application threads were stopped: 0.0000940 seconds, Stopping threads took: 0.0000105 seconds
[2019-12-11T08:30:27.041+0000][1][safepoint    ] Application time: 0.0002283 seconds
[2019-12-11T08:30:27.041+0000][1][safepoint    ] Entering safepoint region: RevokeBias
[2019-12-11T08:30:27.041+0000][1][safepoint    ] Leaving safepoint region
[2019-12-11T08:30:27.041+0000][1][safepoint    ] Total time for which application threads were stopped: 0.0001031 seconds, Stopping threads took: 0.0000102 seconds
[2019-12-11T08:30:28.049+0000][1][safepoint    ] Application time: 1.0073224 seconds
[2019-12-11T08:30:28.108+0000][1][safepoint    ] Entering safepoint region: Cleanup
[2019-12-11T08:30:28.108+0000][1][safepoint    ] Leaving safepoint region
[2019-12-11T08:30:28.108+0000][1][safepoint    ] Total time for which application threads were stopped: 0.0591304 seconds, Stopping threads took: 0.0590463 seconds
[2019-12-11T08:30:28.464+0000][1][safepoint    ] Application time: 0.3558191 seconds
[2019-12-11T08:30:28.464+0000][1][safepoint    ] Entering safepoint region: Deoptimize
[2019-12-11T08:30:28.464+0000][1][safepoint    ] Leaving safepoint region
[2019-12-11T08:30:28.464+0000][1][safepoint    ] Total time for which application threads were stopped: 0.0006252 seconds, Stopping threads took: 0.0000167 seconds
[2019-12-11T08:30:29.465+0000][1][safepoint    ] Application time: 1.0003110 seconds
[2019-12-11T08:30:29.525+0000][1][safepoint    ] Entering safepoint region: Cleanup
[2019-12-11T08:30:29.525+0000][1][safepoint    ] Leaving safepoint region
[2019-12-11T08:30:29.525+0000][1][safepoint    ] Total time for which application threads were stopped: 0.0601163 seconds, Stopping threads took: 0.0600462 seconds
[2019-12-11T08:30:30.533+0000][1][safepoint    ] Application time: 1.0078396 seconds
[2019-12-11T08:30:30.563+0000][1][safepoint    ] Entering safepoint region: Cleanup
[2019-12-11T08:30:30.564+0000][1][safepoint    ] Leaving safepoint region
[2019-12-11T08:30:30.564+0000][1][safepoint    ] Total time for which application threads were stopped: 0.0308550 seconds, Stopping threads took: 0.0307730 seconds
[2019-12-11T08:30:31.614+0000][1][safepoint    ] Application time: 1.0508643 seconds
[2019-12-11T08:30:31.639+0000][1][safepoint    ] Entering safepoint region: Cleanup
[2019-12-11T08:30:31.639+0000][1][safepoint    ] Leaving safepoint region
[2019-12-11T08:30:31.639+0000][1][safepoint    ] Total time for which application threads were stopped: 0.0242819 seconds, Stopping threads took: 0.0242378 seconds
[2019-12-11T08:30:32.402+0000][1][safepoint    ] Application time: 0.7633952 seconds
[2019-12-11T08:30:32.402+0000][1][safepoint    ] Entering safepoint region: RevokeBias
[2019-12-11T08:30:32.402+0000][1][safepoint    ] Leaving safepoint region
[2019-12-11T08:30:32.402+0000][1][safepoint    ] Total time for which application threads were stopped: 0.0000858 seconds, Stopping threads took: 0.0000169 seconds
[2019-12-11T08:30:33.240+0000][1][safepoint    ] Application time: 0.8372541 seconds
[2019-12-11T08:30:33.251+0000][1][safepoint    ] Entering safepoint region: RevokeBias
[2019-12-11T08:30:33.251+0000][1][safepoint    ] Leaving safepoint region
[2019-12-11T08:30:33.251+0000][1][safepoint    ] Total time for which application threads were stopped: 0.0113933 seconds, Stopping threads took: 0.0112571 seconds
[2019-12-11T08:30:33.251+0000][1][safepoint    ] Application time: 0.0001125 seconds
[2019-12-11T08:30:33.251+0000][1][safepoint    ] Entering safepoint region: RevokeBias
[2019-12-11T08:30:33.251+0000][1][safepoint    ] Leaving safepoint region
[2019-12-11T08:30:33.251+0000][1][safepoint    ] Total time for which application threads were stopped: 0.0001034 seconds, Stopping threads took: 0.0000110 seconds
[2019-12-11T08:30:33.251+0000][1][safepoint    ] Application time: 0.0000702 seconds
[2019-12-11T08:30:33.251+0000][1][safepoint    ] Entering safepoint region: RevokeBias
[2019-12-11T08:30:33.251+0000][1][safepoint    ] Leaving safepoint region
[2019-12-11T08:30:33.251+0000][1][safepoint    ] Total time for which application threads were stopped: 0.0000873 seconds, Stopping threads took: 0.0000095 seconds
[2019-12-11T08:30:33.251+0000][1][safepoint    ] Application time: 0.0000686 seconds
[2019-12-11T08:30:33.252+0000][1][safepoint    ] Entering safepoint region: RevokeBias
[2019-12-11T08:30:33.252+0000][1][safepoint    ] Leaving safepoint region
[2019-12-11T08:30:33.252+0000][1][safepoint    ] Total time for which application threads were stopped: 0.0000770 seconds, Stopping threads took: 0.0000092 seconds
[2019-12-11T08:30:33.252+0000][1][safepoint    ] Application time: 0.0000679 seconds
[2019-12-11T08:30:33.252+0000][1][safepoint    ] Entering safepoint region: RevokeBias
[2019-12-11T08:30:33.252+0000][1][safepoint    ] Leaving safepoint region
[2019-12-11T08:30:33.252+0000][1][safepoint    ] Total time for which application threads were stopped: 0.0001132 seconds, Stopping threads took: 0.0000284 seconds
[2019-12-11T08:30:33.252+0000][1][safepoint    ] Application time: 0.0000806 seconds
[2019-12-11T08:30:33.252+0000][1][safepoint    ] Entering safepoint region: RevokeBias
[2019-12-11T08:30:33.252+0000][1][safepoint    ] Leaving safepoint region
[2019-12-11T08:30:33.252+0000][1][safepoint    ] Total time for which application threads were stopped: 0.0000814 seconds, Stopping threads took: 0.0000095 seconds
[2019-12-11T08:30:33.252+0000][1][safepoint    ] Application time: 0.0000691 seconds
[2019-12-11T08:30:33.252+0000][1][safepoint    ] Entering safepoint region: RevokeBias
[2019-12-11T08:30:33.252+0000][1][safepoint    ] Leaving safepoint region
[2019-12-11T08:30:33.252+0000][1][safepoint    ] Total time for which application threads were stopped: 0.0000726 seconds, Stopping threads took: 0.0000090 seconds
[2019-12-11T08:30:33.252+0000][1][safepoint    ] Application time: 0.0000663 seconds
[2019-12-11T08:30:33.252+0000][1][safepoint    ] Entering safepoint region: RevokeBias
[2019-12-11T08:30:33.252+0000][1][safepoint    ] Leaving safepoint region
[2019-12-11T08:30:33.252+0000][1][safepoint    ] Total time for which application threads were stopped: 0.0000737 seconds, Stopping threads took: 0.0000084 seconds
[2019-12-11T08:30:33.435+0000][1][safepoint    ] Application time: 0.1824231 seconds
[2019-12-11T08:30:33.435+0000][1][safepoint    ] Entering safepoint region: Deoptimize
[2019-12-11T08:30:33.435+0000][1][safepoint    ] Leaving safepoint region
[2019-12-11T08:30:33.435+0000][1][safepoint    ] Total time for which application threads were stopped: 0.0006644 seconds, Stopping threads took: 0.0000169 seconds
[2019-12-11T08:30:33.518+0000][1][safepoint    ] Application time: 0.0828840 seconds
[2019-12-11T08:30:33.518+0000][1][safepoint    ] Entering safepoint region: BulkRevokeBias
[2019-12-11T08:30:33.519+0000][1][safepoint    ] Leaving safepoint region
[2019-12-11T08:30:33.519+0000][1][safepoint    ] Total time for which application threads were stopped: 0.0001841 seconds, Stopping threads took: 0.0000146 seconds
[2019-12-11T08:30:33.534+0000][1][safepoint    ] Application time: 0.0157879 seconds
[2019-12-11T08:30:33.534+0000][1][safepoint    ] Entering safepoint region: RevokeBias
[2019-12-11T08:30:33.534+0000][1][safepoint    ] Leaving safepoint region
[2019-12-11T08:30:33.534+0000][1][safepoint    ] Total time for which application threads were stopped: 0.0000906 seconds, Stopping threads took: 0.0000150 seconds
[2019-12-11T08:30:33.535+0000][1][safepoint    ] Application time: 0.0005549 seconds
[2019-12-11T08:30:33.535+0000][1][safepoint    ] Entering safepoint region: RevokeBias
[2019-12-11T08:30:33.535+0000][1][safepoint    ] Leaving safepoint region
[2019-12-11T08:30:33.535+0000][1][safepoint    ] Total time for which application threads were stopped: 0.0000887 seconds, Stopping threads took: 0.0000138 seconds
[2019-12-11T08:30:33.545+0000][1][safepoint    ] Application time: 0.0096037 seconds
[2019-12-11T08:30:33.545+0000][1][safepoint    ] Entering safepoint region: RevokeBias
[2019-12-11T08:30:33.545+0000][1][safepoint    ] Leaving safepoint region
[2019-12-11T08:30:33.545+0000][1][safepoint    ] Total time for which application threads were stopped: 0.0000797 seconds, Stopping threads took: 0.0000135 seconds
[2019-12-11T08:30:33.545+0000][1][safepoint    ] Application time: 0.0004529 seconds
[2019-12-11T08:30:33.545+0000][1][safepoint    ] Entering safepoint region: RevokeBias
[2019-12-11T08:30:33.545+0000][1][safepoint    ] Leaving safepoint region
[2019-12-11T08:30:33.545+0000][1][safepoint    ] Total time for which application threads were stopped: 0.0000645 seconds, Stopping threads took: 0.0000118 seconds
[2019-12-11T08:30:33.546+0000][1][safepoint    ] Application time: 0.0002439 seconds
[2019-12-11T08:30:33.546+0000][1][safepoint    ] Entering safepoint region: RevokeBias
[2019-12-11T08:30:33.546+0000][1][safepoint    ] Leaving safepoint region
[2019-12-11T08:30:33.546+0000][1][safepoint    ] Total time for which application threads were stopped: 0.0000819 seconds, Stopping threads took: 0.0000101 seconds
[2019-12-11T08:30:33.546+0000][1][safepoint    ] Application time: 0.0000638 seconds
[2019-12-11T08:30:33.546+0000][1][safepoint    ] Entering safepoint region: RevokeBias
[2019-12-11T08:30:33.546+0000][1][safepoint    ] Leaving safepoint region
[2019-12-11T08:30:33.546+0000][1][safepoint    ] Total time for which application threads were stopped: 0.0000532 seconds, Stopping threads took: 0.0000088 seconds
[2019-12-11T08:30:33.548+0000][1][safepoint    ] Application time: 0.0019472 seconds
[2019-12-11T08:30:33.548+0000][1][safepoint    ] Entering safepoint region: RevokeBias
[2019-12-11T08:30:33.548+0000][1][safepoint    ] Leaving safepoint region
[2019-12-11T08:30:33.548+0000][1][safepoint    ] Total time for which application threads were stopped: 0.0000639 seconds, Stopping threads took: 0.0000112 seconds
[2019-12-11T08:30:33.554+0000][1][safepoint    ] Application time: 0.0059217 seconds
[2019-12-11T08:30:33.554+0000][1][safepoint    ] Entering safepoint region: RevokeBias
[2019-12-11T08:30:33.554+0000][1][safepoint    ] Leaving safepoint region
[2019-12-11T08:30:33.554+0000][1][safepoint    ] Total time for which application threads were stopped: 0.0000656 seconds, Stopping threads took: 0.0000119 seconds
[2019-12-11T08:30:33.574+0000][1][safepoint    ] Application time: 0.0203767 seconds
[2019-12-11T08:30:33.577+0000][1][safepoint    ] Entering safepoint region: Deoptimize
[2019-12-11T08:30:33.577+0000][1][safepoint    ] Leaving safepoint region
[2019-12-11T08:30:33.577+0000][1][safepoint    ] Total time for which application threads were stopped: 0.0029945 seconds, Stopping threads took: 0.0023996 seconds
[2019-12-11T08:30:33.578+0000][1][safepoint    ] Application time: 0.0006658 seconds
[2019-12-11T08:30:33.578+0000][1][safepoint    ] Entering safepoint region: RevokeBias
[2019-12-11T08:30:33.578+0000][1][safepoint    ] Leaving safepoint region
[2019-12-11T08:30:33.578+0000][1][safepoint    ] Total time for which application threads were stopped: 0.0000743 seconds, Stopping threads took: 0.0000127 seconds
[2019-12-11T08:30:33.939+0000][1][safepoint    ] Application time: 0.3608669 seconds
[2019-12-11T08:30:33.977+0000][1][safepoint    ] Entering safepoint region: RevokeBias
[2019-12-11T08:30:33.977+0000][1][safepoint    ] Leaving safepoint region
[2019-12-11T08:30:33.977+0000][1][safepoint    ] Total time for which application threads were stopped: 0.0380330 seconds, Stopping threads took: 0.0379379 seconds
[2019-12-11T08:30:33.977+0000][1][safepoint    ] Application time: 0.0002171 seconds
[2019-12-11T08:30:33.977+0000][1][safepoint    ] Entering safepoint region: RevokeBias
[2019-12-11T08:30:33.977+0000][1][safepoint    ] Leaving safepoint region
[2019-12-11T08:30:33.977+0000][1][safepoint    ] Total time for which application threads were stopped: 0.0000763 seconds, Stopping threads took: 0.0000132 seconds
[2019-12-11T08:30:33.977+0000][1][safepoint    ] Application time: 0.0000703 seconds
[2019-12-11T08:30:33.977+0000][1][safepoint    ] Entering safepoint region: RevokeBias
[2019-12-11T08:30:33.978+0000][1][safepoint    ] Leaving safepoint region
[2019-12-11T08:30:33.978+0000][1][safepoint    ] Total time for which application threads were stopped: 0.0000506 seconds, Stopping threads took: 0.0000096 seconds
[2019-12-11T08:30:33.978+0000][1][safepoint    ] Application time: 0.0003692 seconds
[2019-12-11T08:30:33.978+0000][1][safepoint    ] Entering safepoint region: RevokeBias
[2019-12-11T08:30:33.978+0000][1][safepoint    ] Leaving safepoint region
[2019-12-11T08:30:33.978+0000][1][safepoint    ] Total time for which application threads were stopped: 0.0000670 seconds, Stopping threads took: 0.0000126 seconds
[2019-12-11T08:30:33.978+0000][1][safepoint    ] Application time: 0.0000642 seconds
[2019-12-11T08:30:33.978+0000][1][safepoint    ] Entering safepoint region: RevokeBias
[2019-12-11T08:30:33.978+0000][1][safepoint    ] Leaving safepoint region
[2019-12-11T08:30:33.978+0000][1][safepoint    ] Total time for which application threads were stopped: 0.0000474 seconds, Stopping threads took: 0.0000087 seconds
[2019-12-11T08:30:33.981+0000][1][safepoint    ] Application time: 0.0033372 seconds
[2019-12-11T08:30:33.982+0000][1][safepoint    ] Entering safepoint region: RevokeBias
[2019-12-11T08:30:33.982+0000][1][safepoint    ] Leaving safepoint region
[2019-12-11T08:30:33.982+0000][1][safepoint    ] Total time for which application threads were stopped: 0.0000895 seconds, Stopping threads took: 0.0000472 seconds
[2019-12-11T08:30:33.982+0000][1][safepoint    ] Application time: 0.0003585 seconds
[2019-12-11T08:30:33.982+0000][1][safepoint    ] Entering safepoint region: RevokeBias
[2019-12-11T08:30:33.982+0000][1][safepoint    ] Leaving safepoint region
[2019-12-11T08:30:33.982+0000][1][safepoint    ] Total time for which application threads were stopped: 0.0000905 seconds, Stopping threads took: 0.0000498 seconds
[2019-12-11T08:30:33.984+0000][1][safepoint    ] Application time: 0.0021323 seconds
[2019-12-11T08:30:33.984+0000][1][safepoint    ] Entering safepoint region: RevokeBias
[2019-12-11T08:30:33.984+0000][1][safepoint    ] Leaving safepoint region
[2019-12-11T08:30:33.984+0000][1][safepoint    ] Total time for which application threads were stopped: 0.0000572 seconds, Stopping threads took: 0.0000126 seconds
[2019-12-11T08:30:33.992+0000][1][safepoint    ] Application time: 0.0076969 seconds
[2019-12-11T08:30:33.997+0000][1][safepoint    ] Entering safepoint region: RevokeBias
[2019-12-11T08:30:33.997+0000][1][safepoint    ] Leaving safepoint region
[2019-12-11T08:30:33.997+0000][1][safepoint    ] Total time for which application threads were stopped: 0.0047938 seconds, Stopping threads took: 0.0047135 seconds
[2019-12-11T08:30:34.009+0000][1][safepoint    ] Application time: 0.0118775 seconds
[2019-12-11T08:30:34.034+0000][1][safepoint    ] Entering safepoint region: RevokeBias
[2019-12-11T08:30:34.034+0000][1][safepoint    ] Leaving safepoint region
[2019-12-11T08:30:34.034+0000][1][safepoint    ] Total time for which application threads were stopped: 0.0253892 seconds, Stopping threads took: 0.0252893 seconds
[2019-12-11T08:30:34.052+0000][1][safepoint    ] Application time: 0.0178512 seconds
[2019-12-11T08:30:34.055+0000][1][safepoint    ] Entering safepoint region: RevokeBias
[2019-12-11T08:30:34.055+0000][1][safepoint    ] Leaving safepoint region
[2019-12-11T08:30:34.055+0000][1][safepoint    ] Total time for which application threads were stopped: 0.0031371 seconds, Stopping threads took: 0.0030032 seconds
[2019-12-11T08:30:34.141+0000][1][safepoint    ] Application time: 0.0856172 seconds
[2019-12-11T08:30:34.141+0000][1][safepoint    ] Entering safepoint region: RevokeBias
[2019-12-11T08:30:34.141+0000][1][gc,start     ] GC(22) Pause Young (Allocation Failure)
[2019-12-11T08:30:34.141+0000][1][gc,task      ] GC(22) Using 2 workers of 2 for evacuation
[2019-12-11T08:30:34.343+0000][1][gc,age       ] GC(22) Desired survivor size 4456448 bytes, new threshold 2 (max threshold 6)
[2019-12-11T08:30:34.343+0000][1][gc,age       ] GC(22) Age table with threshold 2 (max threshold 6)
[2019-12-11T08:30:34.343+0000][1][gc,age       ] GC(22) - age   1:    3484744 bytes,    3484744 total
[2019-12-11T08:30:34.343+0000][1][gc,age       ] GC(22) - age   2:    1641024 bytes,    5125768 total
[2019-12-11T08:30:34.343+0000][1][gc,heap      ] GC(22) ParNew: 74697K->6219K(78656K)
[2019-12-11T08:30:34.343+0000][1][gc,heap      ] GC(22) CMS: 60487K->63219K(174784K)
[2019-12-11T08:30:34.343+0000][1][gc,metaspace ] GC(22) Metaspace: 63925K->63925K(1107968K)
[2019-12-11T08:30:34.343+0000][1][gc           ] GC(22) Pause Young (Allocation Failure) 132M->67M(247M) 202.474ms
[2019-12-11T08:30:34.343+0000][1][gc,cpu       ] GC(22) User=0.11s Sys=0.00s Real=0.20s
[2019-12-11T08:30:34.344+0000][1][safepoint    ] Leaving safepoint region
[2019-12-11T08:30:34.344+0000][1][safepoint    ] Total time for which application threads were stopped: 0.2027389 seconds, Stopping threads took: 0.0000212 seconds
[2019-12-11T08:30:34.347+0000][1][safepoint    ] Application time: 0.0032583 seconds
[2019-12-11T08:30:34.347+0000][1][safepoint    ] Entering safepoint region: RevokeBias
[2019-12-11T08:30:34.347+0000][1][safepoint    ] Leaving safepoint region
[2019-12-11T08:30:34.347+0000][1][safepoint    ] Total time for which application threads were stopped: 0.0001102 seconds, Stopping threads took: 0.0000158 seconds
[2019-12-11T08:30:34.347+0000][1][safepoint    ] Application time: 0.0004640 seconds
[2019-12-11T08:30:34.347+0000][1][safepoint    ] Entering safepoint region: RevokeBias
[2019-12-11T08:30:34.348+0000][1][safepoint    ] Leaving safepoint region
[2019-12-11T08:30:34.348+0000][1][safepoint    ] Total time for which application threads were stopped: 0.0000806 seconds, Stopping threads took: 0.0000137 seconds
[2019-12-11T08:30:34.365+0000][1][safepoint    ] Application time: 0.0172062 seconds
[2019-12-11T08:30:34.365+0000][1][safepoint    ] Entering safepoint region: RevokeBias
[2019-12-11T08:30:34.365+0000][1][safepoint    ] Leaving safepoint region
[2019-12-11T08:30:34.365+0000][1][safepoint    ] Total time for which application threads were stopped: 0.0001219 seconds, Stopping threads took: 0.0000195 seconds
[2019-12-11T08:30:34.382+0000][1][safepoint    ] Application time: 0.0170964 seconds
[2019-12-11T08:30:34.430+0000][1][safepoint    ] Entering safepoint region: RevokeBias
[2019-12-11T08:30:34.430+0000][1][safepoint    ] Leaving safepoint region
[2019-12-11T08:30:34.430+0000][1][safepoint    ] Total time for which application threads were stopped: 0.0481069 seconds, Stopping threads took: 0.0479678 seconds
[2019-12-11T08:30:34.434+0000][1][safepoint    ] Application time: 0.0033602 seconds
[2019-12-11T08:30:34.434+0000][1][safepoint    ] Entering safepoint region: RevokeBias
[2019-12-11T08:30:34.434+0000][1][safepoint    ] Leaving safepoint region
[2019-12-11T08:30:34.434+0000][1][safepoint    ] Total time for which application threads were stopped: 0.0001893 seconds, Stopping threads took: 0.0000178 seconds
[2019-12-11T08:30:34.435+0000][1][safepoint    ] Application time: 0.0010042 seconds
[2019-12-11T08:30:34.435+0000][1][safepoint    ] Entering safepoint region: RevokeBias
[2019-12-11T08:30:34.435+0000][1][safepoint    ] Leaving safepoint region
[2019-12-11T08:30:34.435+0000][1][safepoint    ] Total time for which application threads were stopped: 0.0000885 seconds, Stopping threads took: 0.0000146 seconds
[2019-12-11T08:30:34.460+0000][1][safepoint    ] Application time: 0.0253714 seconds
[2019-12-11T08:30:34.472+0000][1][safepoint    ] Entering safepoint region: RevokeBias
[2019-12-11T08:30:34.472+0000][1][safepoint    ] Leaving safepoint region
[2019-12-11T08:30:34.472+0000][1][safepoint    ] Total time for which application threads were stopped: 0.0116429 seconds, Stopping threads took: 0.0114827 seconds
[2019-12-11T08:30:34.488+0000][1][safepoint    ] Application time: 0.0160829 seconds
[2019-12-11T08:30:34.488+0000][1][safepoint    ] Entering safepoint region: RevokeBias
[2019-12-11T08:30:34.488+0000][1][safepoint    ] Leaving safepoint region
[2019-12-11T08:30:34.488+0000][1][safepoint    ] Total time for which application threads were stopped: 0.0001713 seconds, Stopping threads took: 0.0000612 seconds
[2019-12-11T08:30:34.490+0000][1][safepoint    ] Application time: 0.0017971 seconds
[2019-12-11T08:30:34.490+0000][1][safepoint    ] Entering safepoint region: RevokeBias
[2019-12-11T08:30:34.490+0000][1][safepoint    ] Leaving safepoint region
[2019-12-11T08:30:34.490+0000][1][safepoint    ] Total time for which application threads were stopped: 0.0001685 seconds, Stopping threads took: 0.0000171 seconds
[2019-12-11T08:30:34.507+0000][1][safepoint    ] Application time: 0.0165232 seconds
[2019-12-11T08:30:34.523+0000][1][safepoint    ] Entering safepoint region: RevokeBias
[2019-12-11T08:30:34.523+0000][1][safepoint    ] Leaving safepoint region
[2019-12-11T08:30:34.523+0000][1][safepoint    ] Total time for which application threads were stopped: 0.0160310 seconds, Stopping threads took: 0.0158789 seconds
[2019-12-11T08:30:34.523+0000][1][safepoint    ] Application time: 0.0000788 seconds
[2019-12-11T08:30:34.523+0000][1][safepoint    ] Entering safepoint region: RevokeBias
[2019-12-11T08:30:34.523+0000][1][safepoint    ] Leaving safepoint region
[2019-12-11T08:30:34.523+0000][1][safepoint    ] Total time for which application threads were stopped: 0.0000860 seconds, Stopping threads took: 0.0000108 seconds
[2019-12-11T08:30:34.532+0000][1][safepoint    ] Application time: 0.0088229 seconds
[2019-12-11T08:30:34.532+0000][1][safepoint    ] Entering safepoint region: RevokeBias
[2019-12-11T08:30:34.532+0000][1][safepoint    ] Leaving safepoint region
[2019-12-11T08:30:34.532+0000][1][safepoint    ] Total time for which application threads were stopped: 0.0004427 seconds, Stopping threads took: 0.0003339 seconds
[2019-12-11T08:30:34.534+0000][1][safepoint    ] Application time: 0.0016595 seconds
[2019-12-11T08:30:34.534+0000][1][safepoint    ] Entering safepoint region: RevokeBias
[2019-12-11T08:30:34.534+0000][1][safepoint    ] Leaving safepoint region
[2019-12-11T08:30:34.534+0000][1][safepoint    ] Total time for which application threads were stopped: 0.0000885 seconds, Stopping threads took: 0.0000138 seconds
[2019-12-11T08:30:34.534+0000][1][safepoint    ] Application time: 0.0001914 seconds
[2019-12-11T08:30:34.534+0000][1][safepoint    ] Entering safepoint region: RevokeBias
[2019-12-11T08:30:34.534+0000][1][safepoint    ] Leaving safepoint region
[2019-12-11T08:30:34.534+0000][1][safepoint    ] Total time for which application threads were stopped: 0.0000696 seconds, Stopping threads took: 0.0000095 seconds
[2019-12-11T08:30:34.535+0000][1][safepoint    ] Application time: 0.0002872 seconds
[2019-12-11T08:30:34.535+0000][1][safepoint    ] Entering safepoint region: RevokeBias
[2019-12-11T08:30:34.535+0000][1][safepoint    ] Leaving safepoint region
[2019-12-11T08:30:34.535+0000][1][safepoint    ] Total time for which application threads were stopped: 0.0001001 seconds, Stopping threads took: 0.0000312 seconds
[2019-12-11T08:30:34.535+0000][1][safepoint    ] Application time: 0.0000878 seconds
[2019-12-11T08:30:34.535+0000][1][safepoint    ] Entering safepoint region: RevokeBias
[2019-12-11T08:30:34.535+0000][1][safepoint    ] Leaving safepoint region
[2019-12-11T08:30:34.535+0000][1][safepoint    ] Total time for which application threads were stopped: 0.0000639 seconds, Stopping threads took: 0.0000089 seconds
[2019-12-11T08:30:34.536+0000][1][safepoint    ] Application time: 0.0005901 seconds
[2019-12-11T08:30:34.536+0000][1][safepoint    ] Entering safepoint region: RevokeBias
[2019-12-11T08:30:34.536+0000][1][safepoint    ] Leaving safepoint region
[2019-12-11T08:30:34.536+0000][1][safepoint    ] Total time for which application threads were stopped: 0.0000798 seconds, Stopping threads took: 0.0000132 seconds
[2019-12-11T08:30:34.538+0000][1][safepoint    ] Application time: 0.0020659 seconds
[2019-12-11T08:30:34.538+0000][1][safepoint    ] Entering safepoint region: RevokeBias
[2019-12-11T08:30:34.538+0000][1][safepoint    ] Leaving safepoint region
[2019-12-11T08:30:34.538+0000][1][safepoint    ] Total time for which application threads were stopped: 0.0001356 seconds, Stopping threads took: 0.0000619 seconds
[2019-12-11T08:30:34.538+0000][1][safepoint    ] Application time: 0.0001314 seconds
[2019-12-11T08:30:34.538+0000][1][safepoint    ] Entering safepoint region: RevokeBias
[2019-12-11T08:30:34.538+0000][1][safepoint    ] Leaving safepoint region
[2019-12-11T08:30:34.538+0000][1][safepoint    ] Total time for which application threads were stopped: 0.0000785 seconds, Stopping threads took: 0.0000104 seconds
[2019-12-11T08:30:34.538+0000][1][safepoint    ] Application time: 0.0001175 seconds
[2019-12-11T08:30:34.538+0000][1][safepoint    ] Entering safepoint region: RevokeBias
[2019-12-11T08:30:34.538+0000][1][safepoint    ] Leaving safepoint region
[2019-12-11T08:30:34.538+0000][1][safepoint    ] Total time for which application threads were stopped: 0.0000732 seconds, Stopping threads took: 0.0000103 seconds
[2019-12-11T08:30:34.538+0000][1][safepoint    ] Application time: 0.0000622 seconds
[2019-12-11T08:30:34.538+0000][1][safepoint    ] Entering safepoint region: RevokeBias
[2019-12-11T08:30:34.538+0000][1][safepoint    ] Leaving safepoint region
[2019-12-11T08:30:34.538+0000][1][safepoint    ] Total time for which application threads were stopped: 0.0000660 seconds, Stopping threads took: 0.0000091 seconds
[2019-12-11T08:30:34.539+0000][1][safepoint    ] Application time: 0.0001184 seconds
[2019-12-11T08:30:34.539+0000][1][safepoint    ] Entering safepoint region: RevokeBias
[2019-12-11T08:30:34.539+0000][1][safepoint    ] Leaving safepoint region
[2019-12-11T08:30:34.539+0000][1][safepoint    ] Total time for which application threads were stopped: 0.0000610 seconds, Stopping threads took: 0.0000100 seconds
[2019-12-11T08:30:34.539+0000][1][safepoint    ] Application time: 0.0005229 seconds
[2019-12-11T08:30:34.539+0000][1][safepoint    ] Entering safepoint region: BulkRevokeBias
[2019-12-11T08:30:34.540+0000][1][safepoint    ] Leaving safepoint region
[2019-12-11T08:30:34.540+0000][1][safepoint    ] Total time for which application threads were stopped: 0.0003258 seconds, Stopping threads took: 0.0000124 seconds
[2019-12-11T08:30:34.540+0000][1][safepoint    ] Application time: 0.0001670 seconds
[2019-12-11T08:30:34.540+0000][1][safepoint    ] Entering safepoint region: RevokeBias
[2019-12-11T08:30:34.540+0000][1][safepoint    ] Leaving safepoint region
[2019-12-11T08:30:34.540+0000][1][safepoint    ] Total time for which application threads were stopped: 0.0000609 seconds, Stopping threads took: 0.0000105 seconds
[2019-12-11T08:30:34.540+0000][1][safepoint    ] Application time: 0.0000638 seconds
[2019-12-11T08:30:34.540+0000][1][safepoint    ] Entering safepoint region: RevokeBias
[2019-12-11T08:30:34.540+0000][1][safepoint    ] Leaving safepoint region
[2019-12-11T08:30:34.540+0000][1][safepoint    ] Total time for which application threads were stopped: 0.0000613 seconds, Stopping threads took: 0.0000104 seconds
[2019-12-11T08:30:34.540+0000][1][safepoint    ] Application time: 0.0002526 seconds
[2019-12-11T08:30:34.540+0000][1][safepoint    ] Entering safepoint region: RevokeBias
[2019-12-11T08:30:34.541+0000][1][safepoint    ] Leaving safepoint region
[2019-12-11T08:30:34.541+0000][1][safepoint    ] Total time for which application threads were stopped: 0.0000659 seconds, Stopping threads took: 0.0000107 seconds
[2019-12-11T08:30:34.541+0000][1][safepoint    ] Application time: 0.0002169 seconds
[2019-12-11T08:30:34.541+0000][1][safepoint    ] Entering safepoint region: RevokeBias
[2019-12-11T08:30:34.541+0000][1][safepoint    ] Leaving safepoint region
[2019-12-11T08:30:34.541+0000][1][safepoint    ] Total time for which application threads were stopped: 0.0000615 seconds, Stopping threads took: 0.0000113 seconds
[2019-12-11T08:30:34.541+0000][1][safepoint    ] Application time: 0.0000501 seconds
[2019-12-11T08:30:34.541+0000][1][safepoint    ] Entering safepoint region: RevokeBias
[2019-12-11T08:30:34.541+0000][1][safepoint    ] Leaving safepoint region
[2019-12-11T08:30:34.541+0000][1][safepoint    ] Total time for which application threads were stopped: 0.0000960 seconds, Stopping threads took: 0.0000207 seconds
[2019-12-11T08:30:34.545+0000][1][safepoint    ] Application time: 0.0037148 seconds
[2019-12-11T08:30:34.610+0000][1][safepoint    ] Entering safepoint region: RevokeBias
[2019-12-11T08:30:34.610+0000][1][safepoint    ] Leaving safepoint region
[2019-12-11T08:30:34.610+0000][1][safepoint    ] Total time for which application threads were stopped: 0.0651742 seconds, Stopping threads took: 0.0650668 seconds
[2019-12-11T08:30:34.612+0000][1][safepoint    ] Application time: 0.0016109 seconds
[2019-12-11T08:30:34.612+0000][1][safepoint    ] Entering safepoint region: RevokeBias
[2019-12-11T08:30:34.612+0000][1][safepoint    ] Leaving safepoint region
[2019-12-11T08:30:34.612+0000][1][safepoint    ] Total time for which application threads were stopped: 0.0000838 seconds, Stopping threads took: 0.0000163 seconds
[2019-12-11T08:30:34.613+0000][1][safepoint    ] Application time: 0.0011773 seconds
[2019-12-11T08:30:34.616+0000][1][safepoint    ] Entering safepoint region: RevokeBias
[2019-12-11T08:30:34.616+0000][1][safepoint    ] Leaving safepoint region
[2019-12-11T08:30:34.616+0000][1][safepoint    ] Total time for which application threads were stopped: 0.0029765 seconds, Stopping threads took: 0.0029045 seconds
[2019-12-11T08:30:34.617+0000][1][safepoint    ] Application time: 0.0016579 seconds
[2019-12-11T08:30:34.618+0000][1][safepoint    ] Entering safepoint region: RevokeBias
[2019-12-11T08:30:34.618+0000][1][safepoint    ] Leaving safepoint region
[2019-12-11T08:30:34.618+0000][1][safepoint    ] Total time for which application threads were stopped: 0.0000740 seconds, Stopping threads took: 0.0000137 seconds
[2019-12-11T08:30:34.619+0000][1][safepoint    ] Application time: 0.0012355 seconds
[2019-12-11T08:30:34.619+0000][1][safepoint    ] Entering safepoint region: RevokeBias
[2019-12-11T08:30:34.619+0000][1][safepoint    ] Leaving safepoint region
[2019-12-11T08:30:34.619+0000][1][safepoint    ] Total time for which application threads were stopped: 0.0000918 seconds, Stopping threads took: 0.0000247 seconds
[2019-12-11T08:30:34.621+0000][1][safepoint    ] Application time: 0.0019288 seconds
[2019-12-11T08:30:34.621+0000][1][safepoint    ] Entering safepoint region: RevokeBias
[2019-12-11T08:30:34.621+0000][1][safepoint    ] Leaving safepoint region
[2019-12-11T08:30:34.621+0000][1][safepoint    ] Total time for which application threads were stopped: 0.0000933 seconds, Stopping threads took: 0.0000134 seconds
[2019-12-11T08:30:34.626+0000][1][safepoint    ] Application time: 0.0045903 seconds
[2019-12-11T08:30:34.626+0000][1][safepoint    ] Entering safepoint region: RevokeBias
[2019-12-11T08:30:34.626+0000][1][safepoint    ] Leaving safepoint region
[2019-12-11T08:30:34.626+0000][1][safepoint    ] Total time for which application threads were stopped: 0.0001146 seconds, Stopping threads took: 0.0000123 seconds
[2019-12-11T08:30:34.626+0000][1][safepoint    ] Application time: 0.0007454 seconds
[2019-12-11T08:30:34.627+0000][1][safepoint    ] Entering safepoint region: RevokeBias
[2019-12-11T08:30:34.627+0000][1][safepoint    ] Leaving safepoint region
[2019-12-11T08:30:34.627+0000][1][safepoint    ] Total time for which application threads were stopped: 0.0000731 seconds, Stopping threads took: 0.0000118 seconds
[2019-12-11T08:30:34.646+0000][1][safepoint    ] Application time: 0.0191364 seconds
[2019-12-11T08:30:34.672+0000][1][safepoint    ] Entering safepoint region: RevokeBias
[2019-12-11T08:30:34.672+0000][1][safepoint    ] Leaving safepoint region
[2019-12-11T08:30:34.672+0000][1][safepoint    ] Total time for which application threads were stopped: 0.0261419 seconds, Stopping threads took: 0.0259959 seconds
[2019-12-11T08:30:34.708+0000][1][safepoint    ] Application time: 0.0361603 seconds
[2019-12-11T08:30:34.768+0000][1][safepoint    ] Entering safepoint region: RevokeBias
[2019-12-11T08:30:34.768+0000][1][safepoint    ] Leaving safepoint region
[2019-12-11T08:30:34.768+0000][1][safepoint    ] Total time for which application threads were stopped: 0.0598000 seconds, Stopping threads took: 0.0596697 seconds
[2019-12-11T08:30:34.780+0000][1][safepoint    ] Application time: 0.0121009 seconds
[2019-12-11T08:30:34.784+0000][1][safepoint    ] Entering safepoint region: RevokeBias
[2019-12-11T08:30:34.784+0000][1][safepoint    ] Leaving safepoint region
[2019-12-11T08:30:34.784+0000][1][safepoint    ] Total time for which application threads were stopped: 0.0039003 seconds, Stopping threads took: 0.0037666 seconds
[2019-12-11T08:30:34.842+0000][1][safepoint    ] Application time: 0.0575899 seconds
[2019-12-11T08:30:34.865+0000][1][safepoint    ] Entering safepoint region: RevokeBias
[2019-12-11T08:30:34.865+0000][1][safepoint    ] Leaving safepoint region
[2019-12-11T08:30:34.865+0000][1][safepoint    ] Total time for which application threads were stopped: 0.0236317 seconds, Stopping threads took: 0.0235007 seconds
[2019-12-11T08:30:34.868+0000][1][safepoint    ] Application time: 0.0024059 seconds
[2019-12-11T08:30:34.868+0000][1][safepoint    ] Entering safepoint region: RevokeBias
[2019-12-11T08:30:34.868+0000][1][safepoint    ] Leaving safepoint region
[2019-12-11T08:30:34.868+0000][1][safepoint    ] Total time for which application threads were stopped: 0.0008380 seconds, Stopping threads took: 0.0007543 seconds
[2019-12-11T08:30:34.978+0000][1][safepoint    ] Application time: 0.1095065 seconds
[2019-12-11T08:30:35.016+0000][1][safepoint    ] Entering safepoint region: RevokeBias
[2019-12-11T08:30:35.016+0000][1][safepoint    ] Leaving safepoint region
[2019-12-11T08:30:35.016+0000][1][safepoint    ] Total time for which application threads were stopped: 0.0378624 seconds, Stopping threads took: 0.0377527 seconds
[2019-12-11T08:30:35.045+0000][1][safepoint    ] Application time: 0.0291787 seconds
[2019-12-11T08:30:35.045+0000][1][safepoint    ] Entering safepoint region: RevokeBias
[2019-12-11T08:30:35.045+0000][1][safepoint    ] Leaving safepoint region
[2019-12-11T08:30:35.045+0000][1][safepoint    ] Total time for which application threads were stopped: 0.0001257 seconds, Stopping threads took: 0.0000438 seconds
[2019-12-11T08:30:35.111+0000][1][safepoint    ] Application time: 0.0658339 seconds
[2019-12-11T08:30:35.119+0000][1][safepoint    ] Entering safepoint region: RevokeBias
[2019-12-11T08:30:35.119+0000][1][safepoint    ] Leaving safepoint region
[2019-12-11T08:30:35.119+0000][1][safepoint    ] Total time for which application threads were stopped: 0.0077860 seconds, Stopping threads took: 0.0076703 seconds
[2019-12-11T08:30:35.128+0000][1][safepoint    ] Application time: 0.0091532 seconds
[2019-12-11T08:30:35.128+0000][1][safepoint    ] Entering safepoint region: RevokeBias
[2019-12-11T08:30:35.128+0000][1][safepoint    ] Leaving safepoint region
[2019-12-11T08:30:35.128+0000][1][safepoint    ] Total time for which application threads were stopped: 0.0001598 seconds, Stopping threads took: 0.0000600 seconds
[2019-12-11T08:30:35.129+0000][1][safepoint    ] Application time: 0.0003885 seconds
[2019-12-11T08:30:35.129+0000][1][safepoint    ] Entering safepoint region: RevokeBias
[2019-12-11T08:30:35.129+0000][1][safepoint    ] Leaving safepoint region
[2019-12-11T08:30:35.129+0000][1][safepoint    ] Total time for which application threads were stopped: 0.0001210 seconds, Stopping threads took: 0.0000137 seconds
[2019-12-11T08:30:35.129+0000][1][safepoint    ] Application time: 0.0004734 seconds
[2019-12-11T08:30:35.129+0000][1][safepoint    ] Entering safepoint region: RevokeBias
[2019-12-11T08:30:35.129+0000][1][safepoint    ] Leaving safepoint region
[2019-12-11T08:30:35.129+0000][1][safepoint    ] Total time for which application threads were stopped: 0.0000864 seconds, Stopping threads took: 0.0000141 seconds
[2019-12-11T08:30:35.130+0000][1][safepoint    ] Application time: 0.0007782 seconds
[2019-12-11T08:30:35.130+0000][1][safepoint    ] Entering safepoint region: RevokeBias
[2019-12-11T08:30:35.130+0000][1][safepoint    ] Leaving safepoint region
[2019-12-11T08:30:35.130+0000][1][safepoint    ] Total time for which application threads were stopped: 0.0000781 seconds, Stopping threads took: 0.0000205 seconds
[2019-12-11T08:30:35.134+0000][1][safepoint    ] Application time: 0.0039917 seconds
[2019-12-11T08:30:35.134+0000][1][safepoint    ] Entering safepoint region: RevokeBias
[2019-12-11T08:30:35.134+0000][1][safepoint    ] Leaving safepoint region
[2019-12-11T08:30:35.134+0000][1][safepoint    ] Total time for which application threads were stopped: 0.0000956 seconds, Stopping threads took: 0.0000441 seconds
[2019-12-11T08:30:35.135+0000][1][safepoint    ] Application time: 0.0001991 seconds
[2019-12-11T08:30:35.135+0000][1][safepoint    ] Entering safepoint region: RevokeBias
[2019-12-11T08:30:35.135+0000][1][safepoint    ] Leaving safepoint region
[2019-12-11T08:30:35.135+0000][1][safepoint    ] Total time for which application threads were stopped: 0.0000638 seconds, Stopping threads took: 0.0000107 seconds
[2019-12-11T08:30:35.163+0000][1][safepoint    ] Application time: 0.0286745 seconds
[2019-12-11T08:30:35.165+0000][1][safepoint    ] Entering safepoint region: RevokeBias
[2019-12-11T08:30:35.165+0000][1][safepoint    ] Leaving safepoint region
[2019-12-11T08:30:35.165+0000][1][safepoint    ] Total time for which application threads were stopped: 0.0015251 seconds, Stopping threads took: 0.0014225 seconds
[2019-12-11T08:30:35.165+0000][1][safepoint    ] Application time: 0.0004480 seconds
[2019-12-11T08:30:35.165+0000][1][safepoint    ] Entering safepoint region: RevokeBias
[2019-12-11T08:30:35.165+0000][1][safepoint    ] Leaving safepoint region
[2019-12-11T08:30:35.165+0000][1][safepoint    ] Total time for which application threads were stopped: 0.0001024 seconds, Stopping threads took: 0.0000161 seconds
[2019-12-11T08:30:35.166+0000][1][safepoint    ] Application time: 0.0006049 seconds
[2019-12-11T08:30:35.166+0000][1][safepoint    ] Entering safepoint region: RevokeBias
[2019-12-11T08:30:35.166+0000][1][safepoint    ] Leaving safepoint region
[2019-12-11T08:30:35.166+0000][1][safepoint    ] Total time for which application threads were stopped: 0.0000838 seconds, Stopping threads took: 0.0000159 seconds
[2019-12-11T08:30:35.168+0000][1][safepoint    ] Application time: 0.0016076 seconds
[2019-12-11T08:30:35.168+0000][1][safepoint    ] Entering safepoint region: RevokeBias
[2019-12-11T08:30:35.168+0000][1][safepoint    ] Leaving safepoint region
[2019-12-11T08:30:35.168+0000][1][safepoint    ] Total time for which application threads were stopped: 0.0002423 seconds, Stopping threads took: 0.0001318 seconds
[2019-12-11T08:30:35.168+0000][1][safepoint    ] Application time: 0.0000842 seconds
[2019-12-11T08:30:35.168+0000][1][safepoint    ] Entering safepoint region: RevokeBias
[2019-12-11T08:30:35.168+0000][1][safepoint    ] Leaving safepoint region
[2019-12-11T08:30:35.168+0000][1][safepoint    ] Total time for which application threads were stopped: 0.0000767 seconds, Stopping threads took: 0.0000081 seconds
[2019-12-11T08:30:35.168+0000][1][safepoint    ] Application time: 0.0000482 seconds
[2019-12-11T08:30:35.168+0000][1][safepoint    ] Entering safepoint region: RevokeBias
[2019-12-11T08:30:35.168+0000][1][safepoint    ] Leaving safepoint region
[2019-12-11T08:30:35.168+0000][1][safepoint    ] Total time for which application threads were stopped: 0.0000630 seconds, Stopping threads took: 0.0000074 seconds
[2019-12-11T08:30:35.487+0000][1][safepoint    ] Application time: 0.3184213 seconds
[2019-12-11T08:30:35.487+0000][1][safepoint    ] Entering safepoint region: RevokeBias
[2019-12-11T08:30:35.487+0000][1][safepoint    ] Leaving safepoint region
[2019-12-11T08:30:35.487+0000][1][safepoint    ] Total time for which application threads were stopped: 0.0001213 seconds, Stopping threads took: 0.0000199 seconds
[2019-12-11T08:30:35.487+0000][1][safepoint    ] Application time: 0.0004160 seconds
[2019-12-11T08:30:35.487+0000][1][safepoint    ] Entering safepoint region: RevokeBias
[2019-12-11T08:30:35.487+0000][1][safepoint    ] Leaving safepoint region
[2019-12-11T08:30:35.488+0000][1][safepoint    ] Total time for which application threads were stopped: 0.0001014 seconds, Stopping threads took: 0.0000245 seconds
[2019-12-11T08:30:35.536+0000][1][safepoint    ] Application time: 0.0484204 seconds
[2019-12-11T08:30:35.545+0000][1][safepoint    ] Entering safepoint region: RevokeBias
[2019-12-11T08:30:35.545+0000][1][safepoint    ] Leaving safepoint region
[2019-12-11T08:30:35.545+0000][1][safepoint    ] Total time for which application threads were stopped: 0.0088699 seconds, Stopping threads took: 0.0087592 seconds
[2019-12-11T08:30:35.577+0000][1][safepoint    ] Application time: 0.0318601 seconds
[2019-12-11T08:30:35.577+0000][1][safepoint    ] Entering safepoint region: RevokeBias
[2019-12-11T08:30:35.577+0000][1][safepoint    ] Leaving safepoint region
[2019-12-11T08:30:35.577+0000][1][safepoint    ] Total time for which application threads were stopped: 0.0001300 seconds, Stopping threads took: 0.0000208 seconds
[2019-12-11T08:30:35.595+0000][1][safepoint    ] Application time: 0.0180526 seconds
[2019-12-11T08:30:35.639+0000][1][safepoint    ] Entering safepoint region: RevokeBias
[2019-12-11T08:30:35.639+0000][1][safepoint    ] Leaving safepoint region
[2019-12-11T08:30:35.639+0000][1][safepoint    ] Total time for which application threads were stopped: 0.0439739 seconds, Stopping threads took: 0.0438188 seconds
[2019-12-11T08:30:35.643+0000][1][safepoint    ] Application time: 0.0045004 seconds
[2019-12-11T08:30:35.643+0000][1][safepoint    ] Entering safepoint region: RevokeBias
[2019-12-11T08:30:35.644+0000][1][safepoint    ] Leaving safepoint region
[2019-12-11T08:30:35.644+0000][1][safepoint    ] Total time for which application threads were stopped: 0.0000904 seconds, Stopping threads took: 0.0000153 seconds
[2019-12-11T08:30:35.644+0000][1][safepoint    ] Application time: 0.0006367 seconds
[2019-12-11T08:30:35.644+0000][1][safepoint    ] Entering safepoint region: RevokeBias
[2019-12-11T08:30:35.644+0000][1][safepoint    ] Leaving safepoint region
[2019-12-11T08:30:35.644+0000][1][safepoint    ] Total time for which application threads were stopped: 0.0000978 seconds, Stopping threads took: 0.0000145 seconds
[2019-12-11T08:30:35.645+0000][1][safepoint    ] Application time: 0.0002984 seconds
[2019-12-11T08:30:35.645+0000][1][safepoint    ] Entering safepoint region: RevokeBias
[2019-12-11T08:30:35.645+0000][1][safepoint    ] Leaving safepoint region
[2019-12-11T08:30:35.645+0000][1][safepoint    ] Total time for which application threads were stopped: 0.0000897 seconds, Stopping threads took: 0.0000091 seconds
[2019-12-11T08:30:35.645+0000][1][safepoint    ] Application time: 0.0004573 seconds
[2019-12-11T08:30:35.645+0000][1][safepoint    ] Entering safepoint region: RevokeBias
[2019-12-11T08:30:35.645+0000][1][safepoint    ] Leaving safepoint region
[2019-12-11T08:30:35.645+0000][1][safepoint    ] Total time for which application threads were stopped: 0.0000795 seconds, Stopping threads took: 0.0000116 seconds
[2019-12-11T08:30:35.646+0000][1][safepoint    ] Application time: 0.0007955 seconds
[2019-12-11T08:30:35.646+0000][1][safepoint    ] Entering safepoint region: RevokeBias
[2019-12-11T08:30:35.646+0000][1][safepoint    ] Leaving safepoint region
[2019-12-11T08:30:35.646+0000][1][safepoint    ] Total time for which application threads were stopped: 0.0000819 seconds, Stopping threads took: 0.0000123 seconds
[2019-12-11T08:30:35.647+0000][1][safepoint    ] Application time: 0.0007146 seconds
[2019-12-11T08:30:35.647+0000][1][safepoint    ] Entering safepoint region: BulkRevokeBias
[2019-12-11T08:30:35.647+0000][1][safepoint    ] Leaving safepoint region
[2019-12-11T08:30:35.647+0000][1][safepoint    ] Total time for which application threads were stopped: 0.0003099 seconds, Stopping threads took: 0.0000128 seconds
[2019-12-11T08:30:35.648+0000][1][safepoint    ] Application time: 0.0010446 seconds
[2019-12-11T08:30:35.648+0000][1][safepoint    ] Entering safepoint region: RevokeBias
[2019-12-11T08:30:35.648+0000][1][safepoint    ] Leaving safepoint region
[2019-12-11T08:30:35.648+0000][1][safepoint    ] Total time for which application threads were stopped: 0.0000785 seconds, Stopping threads took: 0.0000168 seconds
[2019-12-11T08:30:35.649+0000][1][safepoint    ] Application time: 0.0003540 seconds
[2019-12-11T08:30:35.649+0000][1][safepoint    ] Entering safepoint region: RevokeBias
[2019-12-11T08:30:35.649+0000][1][safepoint    ] Leaving safepoint region
[2019-12-11T08:30:35.649+0000][1][safepoint    ] Total time for which application threads were stopped: 0.0000695 seconds, Stopping threads took: 0.0000111 seconds
[2019-12-11T08:30:35.649+0000][1][safepoint    ] Application time: 0.0003108 seconds
[2019-12-11T08:30:35.649+0000][1][safepoint    ] Entering safepoint region: RevokeBias
[2019-12-11T08:30:35.649+0000][1][safepoint    ] Leaving safepoint region
[2019-12-11T08:30:35.649+0000][1][safepoint    ] Total time for which application threads were stopped: 0.0000658 seconds, Stopping threads took: 0.0000099 seconds
[2019-12-11T08:30:35.772+0000][1][safepoint    ] Application time: 0.1225220 seconds
[2019-12-11T08:30:35.772+0000][1][safepoint    ] Entering safepoint region: RevokeBias
[2019-12-11T08:30:35.772+0000][1][safepoint    ] Leaving safepoint region
[2019-12-11T08:30:35.772+0000][1][safepoint    ] Total time for which application threads were stopped: 0.0000962 seconds, Stopping threads took: 0.0000183 seconds
[2019-12-11T08:30:35.798+0000][1][safepoint    ] Application time: 0.0261602 seconds
[2019-12-11T08:30:35.798+0000][1][safepoint    ] Entering safepoint region: RevokeBias
[2019-12-11T08:30:35.798+0000][1][safepoint    ] Leaving safepoint region
[2019-12-11T08:30:35.798+0000][1][safepoint    ] Total time for which application threads were stopped: 0.0000938 seconds, Stopping threads took: 0.0000171 seconds
[2019-12-11T08:30:35.816+0000][1][safepoint    ] Application time: 0.0172683 seconds
[2019-12-11T08:30:35.816+0000][1][safepoint    ] Entering safepoint region: RevokeBias
[2019-12-11T08:30:35.816+0000][1][safepoint    ] Leaving safepoint region
[2019-12-11T08:30:35.816+0000][1][safepoint    ] Total time for which application threads were stopped: 0.0000872 seconds, Stopping threads took: 0.0000164 seconds
[2019-12-11T08:30:35.892+0000][1][safepoint    ] Application time: 0.0767982 seconds
[2019-12-11T08:30:35.906+0000][1][safepoint    ] Entering safepoint region: RevokeBias
[2019-12-11T08:30:35.906+0000][1][safepoint    ] Leaving safepoint region
[2019-12-11T08:30:35.906+0000][1][safepoint    ] Total time for which application threads were stopped: 0.0137098 seconds, Stopping threads took: 0.0136223 seconds
[2019-12-11T08:30:35.982+0000][1][safepoint    ] Application time: 0.0756185 seconds
[2019-12-11T08:30:35.992+0000][1][safepoint    ] Entering safepoint region: BulkRevokeBias
[2019-12-11T08:30:35.993+0000][1][safepoint    ] Leaving safepoint region
[2019-12-11T08:30:35.993+0000][1][safepoint    ] Total time for which application threads were stopped: 0.0107116 seconds, Stopping threads took: 0.0099269 seconds
[2019-12-11T08:30:36.011+0000][1][safepoint    ] Application time: 0.0180486 seconds
[2019-12-11T08:30:36.079+0000][1][safepoint    ] Entering safepoint region: RevokeBias
[2019-12-11T08:30:36.079+0000][1][safepoint    ] Leaving safepoint region
[2019-12-11T08:30:36.079+0000][1][safepoint    ] Total time for which application threads were stopped: 0.0682197 seconds, Stopping threads took: 0.0681255 seconds
[2019-12-11T08:30:36.096+0000][1][safepoint    ] Application time: 0.0173361 seconds
[2019-12-11T08:30:36.109+0000][1][safepoint    ] Entering safepoint region: RevokeBias
[2019-12-11T08:30:36.109+0000][1][safepoint    ] Leaving safepoint region
[2019-12-11T08:30:36.109+0000][1][safepoint    ] Total time for which application threads were stopped: 0.0131475 seconds, Stopping threads took: 0.0130371 seconds
[2019-12-11T08:30:36.110+0000][1][safepoint    ] Application time: 0.0003643 seconds
[2019-12-11T08:30:36.110+0000][1][safepoint    ] Entering safepoint region: RevokeBias
[2019-12-11T08:30:36.110+0000][1][safepoint    ] Leaving safepoint region
[2019-12-11T08:30:36.110+0000][1][safepoint    ] Total time for which application threads were stopped: 0.0000982 seconds, Stopping threads took: 0.0000238 seconds
[2019-12-11T08:30:36.110+0000][1][safepoint    ] Application time: 0.0003571 seconds
[2019-12-11T08:30:36.110+0000][1][safepoint    ] Entering safepoint region: RevokeBias
[2019-12-11T08:30:36.110+0000][1][safepoint    ] Leaving safepoint region
[2019-12-11T08:30:36.110+0000][1][safepoint    ] Total time for which application threads were stopped: 0.0000658 seconds, Stopping threads took: 0.0000114 seconds
[2019-12-11T08:30:36.163+0000][1][safepoint    ] Application time: 0.0526400 seconds
[2019-12-11T08:30:36.171+0000][1][safepoint    ] Entering safepoint region: RevokeBias
[2019-12-11T08:30:36.171+0000][1][safepoint    ] Leaving safepoint region
[2019-12-11T08:30:36.171+0000][1][safepoint    ] Total time for which application threads were stopped: 0.0082452 seconds, Stopping threads took: 0.0081218 seconds
[2019-12-11T08:30:36.193+0000][1][safepoint    ] Application time: 0.0215613 seconds
[2019-12-11T08:30:36.193+0000][1][safepoint    ] Entering safepoint region: RevokeBias
[2019-12-11T08:30:36.193+0000][1][safepoint    ] Leaving safepoint region
[2019-12-11T08:30:36.193+0000][1][safepoint    ] Total time for which application threads were stopped: 0.0001013 seconds, Stopping threads took: 0.0000167 seconds
[2019-12-11T08:30:36.193+0000][1][safepoint    ] Application time: 0.0004529 seconds
[2019-12-11T08:30:36.193+0000][1][safepoint    ] Entering safepoint region: RevokeBias
[2019-12-11T08:30:36.194+0000][1][safepoint    ] Leaving safepoint region
[2019-12-11T08:30:36.194+0000][1][safepoint    ] Total time for which application threads were stopped: 0.0000894 seconds, Stopping threads took: 0.0000154 seconds
[2019-12-11T08:30:36.205+0000][1][safepoint    ] Application time: 0.0116673 seconds
[2019-12-11T08:30:36.205+0000][1][safepoint    ] Entering safepoint region: RevokeBias
[2019-12-11T08:30:36.205+0000][1][safepoint    ] Leaving safepoint region
[2019-12-11T08:30:36.205+0000][1][safepoint    ] Total time for which application threads were stopped: 0.0000872 seconds, Stopping threads took: 0.0000156 seconds
[2019-12-11T08:30:36.206+0000][1][safepoint    ] Application time: 0.0005349 seconds
[2019-12-11T08:30:36.206+0000][1][safepoint    ] Entering safepoint region: RevokeBias
[2019-12-11T08:30:36.206+0000][1][safepoint    ] Leaving safepoint region
[2019-12-11T08:30:36.206+0000][1][safepoint    ] Total time for which application threads were stopped: 0.0000802 seconds, Stopping threads took: 0.0000153 seconds
[2019-12-11T08:30:36.211+0000][1][safepoint    ] Application time: 0.0048637 seconds
[2019-12-11T08:30:36.211+0000][1][safepoint    ] Entering safepoint region: RevokeBias
[2019-12-11T08:30:36.211+0000][1][safepoint    ] Leaving safepoint region
[2019-12-11T08:30:36.211+0000][1][safepoint    ] Total time for which application threads were stopped: 0.0000895 seconds, Stopping threads took: 0.0000255 seconds
[2019-12-11T08:30:36.213+0000][1][safepoint    ] Application time: 0.0025062 seconds
[2019-12-11T08:30:36.213+0000][1][safepoint    ] Entering safepoint region: BulkRevokeBias
[2019-12-11T08:30:36.214+0000][1][safepoint    ] Leaving safepoint region
[2019-12-11T08:30:36.214+0000][1][safepoint    ] Total time for which application threads were stopped: 0.0003702 seconds, Stopping threads took: 0.0000116 seconds
[2019-12-11T08:30:36.215+0000][1][safepoint    ] Application time: 0.0008059 seconds
[2019-12-11T08:30:36.215+0000][1][safepoint    ] Entering safepoint region: RevokeBias
[2019-12-11T08:30:36.215+0000][1][safepoint    ] Leaving safepoint region
[2019-12-11T08:30:36.215+0000][1][safepoint    ] Total time for which application threads were stopped: 0.0000653 seconds, Stopping threads took: 0.0000158 seconds
[2019-12-11T08:30:36.215+0000][1][safepoint    ] Application time: 0.0002497 seconds
[2019-12-11T08:30:36.215+0000][1][safepoint    ] Entering safepoint region: RevokeBias
[2019-12-11T08:30:36.215+0000][1][safepoint    ] Leaving safepoint region
[2019-12-11T08:30:36.215+0000][1][safepoint    ] Total time for which application threads were stopped: 0.0000615 seconds, Stopping threads took: 0.0000164 seconds
[2019-12-11T08:30:36.216+0000][1][safepoint    ] Application time: 0.0007773 seconds
[2019-12-11T08:30:36.216+0000][1][safepoint    ] Entering safepoint region: RevokeBias
[2019-12-11T08:30:36.216+0000][1][safepoint    ] Leaving safepoint region
[2019-12-11T08:30:36.216+0000][1][safepoint    ] Total time for which application threads were stopped: 0.0000574 seconds, Stopping threads took: 0.0000108 seconds
[2019-12-11T08:30:36.218+0000][1][safepoint    ] Application time: 0.0016132 seconds
[2019-12-11T08:30:36.218+0000][1][safepoint    ] Entering safepoint region: RevokeBias
[2019-12-11T08:30:36.218+0000][1][safepoint    ] Leaving safepoint region
[2019-12-11T08:30:36.218+0000][1][safepoint    ] Total time for which application threads were stopped: 0.0000479 seconds, Stopping threads took: 0.0000113 seconds
[2019-12-11T08:30:36.218+0000][1][safepoint    ] Application time: 0.0000573 seconds
[2019-12-11T08:30:36.218+0000][1][safepoint    ] Entering safepoint region: RevokeBias
[2019-12-11T08:30:36.218+0000][1][safepoint    ] Leaving safepoint region
[2019-12-11T08:30:36.218+0000][1][safepoint    ] Total time for which application threads were stopped: 0.0000475 seconds, Stopping threads took: 0.0000083 seconds
[2019-12-11T08:30:36.218+0000][1][safepoint    ] Application time: 0.0000370 seconds
[2019-12-11T08:30:36.218+0000][1][safepoint    ] Entering safepoint region: RevokeBias
[2019-12-11T08:30:36.218+0000][1][safepoint    ] Leaving safepoint region
[2019-12-11T08:30:36.218+0000][1][safepoint    ] Total time for which application threads were stopped: 0.0000356 seconds, Stopping threads took: 0.0000085 seconds
[2019-12-11T08:30:36.270+0000][1][safepoint    ] Application time: 0.0521769 seconds
[2019-12-11T08:30:36.270+0000][1][safepoint    ] Entering safepoint region: RevokeBias
[2019-12-11T08:30:36.270+0000][1][safepoint    ] Leaving safepoint region
[2019-12-11T08:30:36.270+0000][1][safepoint    ] Total time for which application threads were stopped: 0.0001104 seconds, Stopping threads took: 0.0000187 seconds
[2019-12-11T08:30:36.314+0000][1][safepoint    ] Application time: 0.0442108 seconds
[2019-12-11T08:30:36.359+0000][1][safepoint    ] Entering safepoint region: RevokeBias
[2019-12-11T08:30:36.359+0000][1][safepoint    ] Leaving safepoint region
[2019-12-11T08:30:36.359+0000][1][safepoint    ] Total time for which application threads were stopped: 0.0445300 seconds, Stopping threads took: 0.0444420 seconds
[2019-12-11T08:30:36.441+0000][1][safepoint    ] Application time: 0.0817751 seconds
[2019-12-11T08:30:36.441+0000][1][safepoint    ] Entering safepoint region: RevokeBias
[2019-12-11T08:30:36.441+0000][1][safepoint    ] Leaving safepoint region
[2019-12-11T08:30:36.441+0000][1][safepoint    ] Total time for which application threads were stopped: 0.0000960 seconds, Stopping threads took: 0.0000182 seconds
[2019-12-11T08:30:36.441+0000][1][safepoint    ] Application time: 0.0000688 seconds
[2019-12-11T08:30:36.441+0000][1][safepoint    ] Entering safepoint region: RevokeBias
[2019-12-11T08:30:36.441+0000][1][safepoint    ] Leaving safepoint region
[2019-12-11T08:30:36.441+0000][1][safepoint    ] Total time for which application threads were stopped: 0.0000547 seconds, Stopping threads took: 0.0000087 seconds
[2019-12-11T08:30:36.505+0000][1][safepoint    ] Application time: 0.0635389 seconds
[2019-12-11T08:30:36.505+0000][1][safepoint    ] Entering safepoint region: RevokeBias
[2019-12-11T08:30:36.505+0000][1][safepoint    ] Leaving safepoint region
[2019-12-11T08:30:36.505+0000][1][safepoint    ] Total time for which application threads were stopped: 0.0001154 seconds, Stopping threads took: 0.0000170 seconds
[2019-12-11T08:30:36.505+0000][1][safepoint    ] Application time: 0.0000678 seconds
[2019-12-11T08:30:36.505+0000][1][safepoint    ] Entering safepoint region: RevokeBias
[2019-12-11T08:30:36.505+0000][1][safepoint    ] Leaving safepoint region
[2019-12-11T08:30:36.505+0000][1][safepoint    ] Total time for which application threads were stopped: 0.0000584 seconds, Stopping threads took: 0.0000153 seconds
[2019-12-11T08:30:36.564+0000][1][safepoint    ] Application time: 0.0594692 seconds
[2019-12-11T08:30:36.564+0000][1][safepoint    ] Entering safepoint region: RevokeBias
[2019-12-11T08:30:36.564+0000][1][safepoint    ] Leaving safepoint region
[2019-12-11T08:30:36.564+0000][1][safepoint    ] Total time for which application threads were stopped: 0.0000855 seconds, Stopping threads took: 0.0000184 seconds
[2019-12-11T08:30:36.888+0000][1][safepoint    ] Application time: 0.3236201 seconds
[2019-12-11T08:30:36.888+0000][1][safepoint    ] Entering safepoint region: RevokeBias
[2019-12-11T08:30:36.888+0000][1][safepoint    ] Leaving safepoint region
[2019-12-11T08:30:36.888+0000][1][safepoint    ] Total time for which application threads were stopped: 0.0001375 seconds, Stopping threads took: 0.0000420 seconds
[2019-12-11T08:30:36.911+0000][1][safepoint    ] Application time: 0.0231091 seconds
[2019-12-11T08:30:36.911+0000][1][safepoint    ] Entering safepoint region: BulkRevokeBias
[2019-12-11T08:30:36.912+0000][1][safepoint    ] Leaving safepoint region
[2019-12-11T08:30:36.912+0000][1][safepoint    ] Total time for which application threads were stopped: 0.0003474 seconds, Stopping threads took: 0.0000169 seconds
[2019-12-11T08:30:36.997+0000][1][safepoint    ] Application time: 0.0854558 seconds
[2019-12-11T08:30:37.012+0000][1][safepoint    ] Entering safepoint region: RevokeBias
[2019-12-11T08:30:37.012+0000][1][safepoint    ] Leaving safepoint region
[2019-12-11T08:30:37.012+0000][1][safepoint    ] Total time for which application threads were stopped: 0.0146498 seconds, Stopping threads took: 0.0145534 seconds
[2019-12-11T08:30:37.015+0000][1][safepoint    ] Application time: 0.0027968 seconds
[2019-12-11T08:30:37.015+0000][1][safepoint    ] Entering safepoint region: RevokeBias
[2019-12-11T08:30:37.015+0000][1][safepoint    ] Leaving safepoint region
[2019-12-11T08:30:37.015+0000][1][safepoint    ] Total time for which application threads were stopped: 0.0001154 seconds, Stopping threads took: 0.0000178 seconds
[2019-12-11T08:30:37.016+0000][1][safepoint    ] Application time: 0.0007350 seconds
[2019-12-11T08:30:37.016+0000][1][safepoint    ] Entering safepoint region: RevokeBias
[2019-12-11T08:30:37.016+0000][1][safepoint    ] Leaving safepoint region
[2019-12-11T08:30:37.016+0000][1][safepoint    ] Total time for which application threads were stopped: 0.0001111 seconds, Stopping threads took: 0.0000145 seconds
[2019-12-11T08:30:37.017+0000][1][safepoint    ] Application time: 0.0007904 seconds
[2019-12-11T08:30:37.017+0000][1][safepoint    ] Entering safepoint region: RevokeBias
[2019-12-11T08:30:37.017+0000][1][safepoint    ] Leaving safepoint region
[2019-12-11T08:30:37.017+0000][1][safepoint    ] Total time for which application threads were stopped: 0.0000798 seconds, Stopping threads took: 0.0000120 seconds
[2019-12-11T08:30:37.018+0000][1][safepoint    ] Application time: 0.0008502 seconds
[2019-12-11T08:30:37.018+0000][1][safepoint    ] Entering safepoint region: RevokeBias
[2019-12-11T08:30:37.018+0000][1][safepoint    ] Leaving safepoint region
[2019-12-11T08:30:37.018+0000][1][safepoint    ] Total time for which application threads were stopped: 0.0000767 seconds, Stopping threads took: 0.0000116 seconds
[2019-12-11T08:30:37.018+0000][1][safepoint    ] Application time: 0.0006483 seconds
[2019-12-11T08:30:37.018+0000][1][safepoint    ] Entering safepoint region: RevokeBias
[2019-12-11T08:30:37.018+0000][1][safepoint    ] Leaving safepoint region
[2019-12-11T08:30:37.018+0000][1][safepoint    ] Total time for which application threads were stopped: 0.0000788 seconds, Stopping threads took: 0.0000118 seconds
[2019-12-11T08:30:37.019+0000][1][safepoint    ] Application time: 0.0008250 seconds
[2019-12-11T08:30:37.019+0000][1][safepoint    ] Entering safepoint region: RevokeBias
[2019-12-11T08:30:37.019+0000][1][safepoint    ] Leaving safepoint region
[2019-12-11T08:30:37.019+0000][1][safepoint    ] Total time for which application threads were stopped: 0.0000808 seconds, Stopping threads took: 0.0000187 seconds
[2019-12-11T08:30:37.029+0000][1][safepoint    ] Application time: 0.0099339 seconds
[2019-12-11T08:30:37.033+0000][1][safepoint    ] Entering safepoint region: RevokeBias
[2019-12-11T08:30:37.033+0000][1][safepoint    ] Leaving safepoint region
[2019-12-11T08:30:37.033+0000][1][safepoint    ] Total time for which application threads were stopped: 0.0035379 seconds, Stopping threads took: 0.0034727 seconds
[2019-12-11T08:30:37.033+0000][1][safepoint    ] Application time: 0.0003242 seconds
[2019-12-11T08:30:37.033+0000][1][safepoint    ] Entering safepoint region: BulkRevokeBias
[2019-12-11T08:30:37.033+0000][1][safepoint    ] Leaving safepoint region
[2019-12-11T08:30:37.033+0000][1][safepoint    ] Total time for which application threads were stopped: 0.0003083 seconds, Stopping threads took: 0.0000116 seconds
[2019-12-11T08:30:37.034+0000][1][safepoint    ] Application time: 0.0004464 seconds
[2019-12-11T08:30:37.034+0000][1][safepoint    ] Entering safepoint region: RevokeBias
[2019-12-11T08:30:37.034+0000][1][safepoint    ] Leaving safepoint region
[2019-12-11T08:30:37.034+0000][1][safepoint    ] Total time for which application threads were stopped: 0.0000678 seconds, Stopping threads took: 0.0000125 seconds
[2019-12-11T08:30:37.034+0000][1][safepoint    ] Application time: 0.0002065 seconds
[2019-12-11T08:30:37.034+0000][1][safepoint    ] Entering safepoint region: RevokeBias
[2019-12-11T08:30:37.034+0000][1][safepoint    ] Leaving safepoint region
[2019-12-11T08:30:37.034+0000][1][safepoint    ] Total time for which application threads were stopped: 0.0000554 seconds, Stopping threads took: 0.0000107 seconds
[2019-12-11T08:30:37.035+0000][1][safepoint    ] Application time: 0.0010395 seconds
[2019-12-11T08:30:37.035+0000][1][safepoint    ] Entering safepoint region: RevokeBias
[2019-12-11T08:30:37.035+0000][1][safepoint    ] Leaving safepoint region
[2019-12-11T08:30:37.035+0000][1][safepoint    ] Total time for which application threads were stopped: 0.0000601 seconds, Stopping threads took: 0.0000119 seconds
[2019-12-11T08:30:37.035+0000][1][safepoint    ] Application time: 0.0000780 seconds
[2019-12-11T08:30:37.036+0000][1][safepoint    ] Entering safepoint region: RevokeBias
[2019-12-11T08:30:37.036+0000][1][safepoint    ] Leaving safepoint region
[2019-12-11T08:30:37.036+0000][1][safepoint    ] Total time for which application threads were stopped: 0.0000418 seconds, Stopping threads took: 0.0000076 seconds
[2019-12-11T08:30:37.205+0000][1][safepoint    ] Application time: 0.1698020 seconds
[2019-12-11T08:30:37.248+0000][1][safepoint    ] Entering safepoint region: RevokeBias
[2019-12-11T08:30:37.248+0000][1][safepoint    ] Leaving safepoint region
[2019-12-11T08:30:37.248+0000][1][safepoint    ] Total time for which application threads were stopped: 0.0427768 seconds, Stopping threads took: 0.0426773 seconds
[2019-12-11T08:30:37.277+0000][1][safepoint    ] Application time: 0.0289916 seconds
[2019-12-11T08:30:37.277+0000][1][safepoint    ] Entering safepoint region: RevokeBias
[2019-12-11T08:30:37.277+0000][1][safepoint    ] Leaving safepoint region
[2019-12-11T08:30:37.277+0000][1][safepoint    ] Total time for which application threads were stopped: 0.0001163 seconds, Stopping threads took: 0.0000184 seconds
[2019-12-11T08:30:37.286+0000][1][safepoint    ] Application time: 0.0084124 seconds
[2019-12-11T08:30:37.286+0000][1][safepoint    ] Entering safepoint region: RevokeBias
[2019-12-11T08:30:37.286+0000][1][safepoint    ] Leaving safepoint region
[2019-12-11T08:30:37.286+0000][1][safepoint    ] Total time for which application threads were stopped: 0.0001113 seconds, Stopping threads took: 0.0000158 seconds
[2019-12-11T08:30:37.286+0000][1][safepoint    ] Application time: 0.0000708 seconds
[2019-12-11T08:30:37.286+0000][1][safepoint    ] Entering safepoint region: RevokeBias
[2019-12-11T08:30:37.286+0000][1][safepoint    ] Leaving safepoint region
[2019-12-11T08:30:37.286+0000][1][safepoint    ] Total time for which application threads were stopped: 0.0000825 seconds, Stopping threads took: 0.0000177 seconds
[2019-12-11T08:30:37.287+0000][1][safepoint    ] Application time: 0.0010203 seconds
[2019-12-11T08:30:37.287+0000][1][safepoint    ] Entering safepoint region: RevokeBias
[2019-12-11T08:30:37.287+0000][1][safepoint    ] Leaving safepoint region
[2019-12-11T08:30:37.287+0000][1][safepoint    ] Total time for which application threads were stopped: 0.0000735 seconds, Stopping threads took: 0.0000143 seconds
[2019-12-11T08:30:37.309+0000][1][safepoint    ] Application time: 0.0215334 seconds
[2019-12-11T08:30:37.309+0000][1][safepoint    ] Entering safepoint region: RevokeBias
[2019-12-11T08:30:37.309+0000][1][safepoint    ] Leaving safepoint region
[2019-12-11T08:30:37.309+0000][1][safepoint    ] Total time for which application threads were stopped: 0.0001059 seconds, Stopping threads took: 0.0000181 seconds
[2019-12-11T08:30:37.309+0000][1][safepoint    ] Application time: 0.0000602 seconds
[2019-12-11T08:30:37.309+0000][1][safepoint    ] Entering safepoint region: RevokeBias
[2019-12-11T08:30:37.309+0000][1][safepoint    ] Leaving safepoint region
[2019-12-11T08:30:37.309+0000][1][safepoint    ] Total time for which application threads were stopped: 0.0000514 seconds, Stopping threads took: 0.0000095 seconds
[2019-12-11T08:30:37.923+0000][1][safepoint    ] Application time: 0.6137249 seconds
[2019-12-11T08:30:37.928+0000][1][safepoint    ] Entering safepoint region: BulkRevokeBias
[2019-12-11T08:30:37.929+0000][1][safepoint    ] Leaving safepoint region
[2019-12-11T08:30:37.929+0000][1][safepoint    ] Total time for which application threads were stopped: 0.0059599 seconds, Stopping threads took: 0.0055944 seconds
[2019-12-11T08:30:38.081+0000][1][safepoint    ] Application time: 0.1518009 seconds
[2019-12-11T08:30:38.084+0000][1][safepoint    ] Entering safepoint region: RevokeBias
[2019-12-11T08:30:38.084+0000][1][safepoint    ] Leaving safepoint region
[2019-12-11T08:30:38.084+0000][1][safepoint    ] Total time for which application threads were stopped: 0.0031200 seconds, Stopping threads took: 0.0030435 seconds
[2019-12-11T08:30:38.088+0000][1][safepoint    ] Application time: 0.0046298 seconds
[2019-12-11T08:30:38.088+0000][1][safepoint    ] Entering safepoint region: RevokeBias
[2019-12-11T08:30:38.088+0000][1][safepoint    ] Leaving safepoint region
[2019-12-11T08:30:38.088+0000][1][safepoint    ] Total time for which application threads were stopped: 0.0000888 seconds, Stopping threads took: 0.0000180 seconds
[2019-12-11T08:30:38.089+0000][1][safepoint    ] Application time: 0.0002783 seconds
[2019-12-11T08:30:38.089+0000][1][safepoint    ] Entering safepoint region: RevokeBias
[2019-12-11T08:30:38.089+0000][1][safepoint    ] Leaving safepoint region
[2019-12-11T08:30:38.089+0000][1][safepoint    ] Total time for which application threads were stopped: 0.0000656 seconds, Stopping threads took: 0.0000154 seconds
[2019-12-11T08:30:38.089+0000][1][safepoint    ] Application time: 0.0000653 seconds
[2019-12-11T08:30:38.089+0000][1][safepoint    ] Entering safepoint region: RevokeBias
[2019-12-11T08:30:38.089+0000][1][safepoint    ] Leaving safepoint region
[2019-12-11T08:30:38.089+0000][1][safepoint    ] Total time for which application threads were stopped: 0.0000468 seconds, Stopping threads took: 0.0000096 seconds
[2019-12-11T08:30:38.089+0000][1][safepoint    ] Application time: 0.0002045 seconds
[2019-12-11T08:30:38.089+0000][1][safepoint    ] Entering safepoint region: RevokeBias
[2019-12-11T08:30:38.089+0000][1][safepoint    ] Leaving safepoint region
[2019-12-11T08:30:38.089+0000][1][safepoint    ] Total time for which application threads were stopped: 0.0000579 seconds, Stopping threads took: 0.0000136 seconds
[2019-12-11T08:30:38.091+0000][1][safepoint    ] Application time: 0.0015805 seconds
[2019-12-11T08:30:38.091+0000][1][safepoint    ] Entering safepoint region: RevokeBias
[2019-12-11T08:30:38.091+0000][1][safepoint    ] Leaving safepoint region
[2019-12-11T08:30:38.091+0000][1][safepoint    ] Total time for which application threads were stopped: 0.0000641 seconds, Stopping threads took: 0.0000211 seconds
[2019-12-11T08:30:38.091+0000][1][safepoint    ] Application time: 0.0002870 seconds
[2019-12-11T08:30:38.091+0000][1][safepoint    ] Entering safepoint region: RevokeBias
[2019-12-11T08:30:38.091+0000][1][safepoint    ] Leaving safepoint region
[2019-12-11T08:30:38.091+0000][1][safepoint    ] Total time for which application threads were stopped: 0.0000513 seconds, Stopping threads took: 0.0000128 seconds
[2019-12-11T08:30:38.144+0000][1][safepoint    ] Application time: 0.0528604 seconds
[2019-12-11T08:30:38.144+0000][1][safepoint    ] Entering safepoint region: BulkRevokeBias
[2019-12-11T08:30:38.145+0000][1][safepoint    ] Leaving safepoint region
[2019-12-11T08:30:38.145+0000][1][safepoint    ] Total time for which application threads were stopped: 0.0004487 seconds, Stopping threads took: 0.0000202 seconds
[2019-12-11T08:30:38.145+0000][1][safepoint    ] Application time: 0.0000656 seconds
[2019-12-11T08:30:38.145+0000][1][safepoint    ] Entering safepoint region: RevokeBias
[2019-12-11T08:30:38.145+0000][1][safepoint    ] Leaving safepoint region
[2019-12-11T08:30:38.145+0000][1][safepoint    ] Total time for which application threads were stopped: 0.0000804 seconds, Stopping threads took: 0.0000128 seconds
[2019-12-11T08:30:38.603+0000][1][safepoint    ] Application time: 0.4577932 seconds
[2019-12-11T08:30:38.603+0000][1][safepoint    ] Entering safepoint region: Deoptimize
[2019-12-11T08:30:38.603+0000][1][safepoint    ] Leaving safepoint region
[2019-12-11T08:30:38.603+0000][1][safepoint    ] Total time for which application threads were stopped: 0.0007513 seconds, Stopping threads took: 0.0000206 seconds
[2019-12-11T08:30:39.154+0000][1][safepoint    ] Application time: 0.5509686 seconds
[2019-12-11T08:30:39.172+0000][1][safepoint    ] Entering safepoint region: BulkRevokeBias
[2019-12-11T08:30:39.172+0000][1][safepoint    ] Leaving safepoint region
[2019-12-11T08:30:39.172+0000][1][safepoint    ] Total time for which application threads were stopped: 0.0180737 seconds, Stopping threads took: 0.0176333 seconds
[2019-12-11T08:30:39.234+0000][1][safepoint    ] Application time: 0.0617378 seconds
[2019-12-11T08:30:39.234+0000][1][safepoint    ] Entering safepoint region: RevokeBias
[2019-12-11T08:30:39.234+0000][1][safepoint    ] Leaving safepoint region
[2019-12-11T08:30:39.234+0000][1][safepoint    ] Total time for which application threads were stopped: 0.0000931 seconds, Stopping threads took: 0.0000227 seconds
[2019-12-11T08:30:39.235+0000][1][safepoint    ] Application time: 0.0002776 seconds
[2019-12-11T08:30:39.235+0000][1][safepoint    ] Entering safepoint region: RevokeBias
[2019-12-11T08:30:39.235+0000][1][safepoint    ] Leaving safepoint region
[2019-12-11T08:30:39.235+0000][1][safepoint    ] Total time for which application threads were stopped: 0.0000878 seconds, Stopping threads took: 0.0000142 seconds
[2019-12-11T08:30:39.388+0000][1][safepoint    ] Application time: 0.1532093 seconds
[2019-12-11T08:30:39.388+0000][1][safepoint    ] Entering safepoint region: RevokeBias
[2019-12-11T08:30:39.388+0000][1][safepoint    ] Leaving safepoint region
[2019-12-11T08:30:39.388+0000][1][safepoint    ] Total time for which application threads were stopped: 0.0000862 seconds, Stopping threads took: 0.0000212 seconds
[2019-12-11T08:30:39.388+0000][1][safepoint    ] Application time: 0.0000640 seconds
[2019-12-11T08:30:39.388+0000][1][safepoint    ] Entering safepoint region: RevokeBias
[2019-12-11T08:30:39.388+0000][1][safepoint    ] Leaving safepoint region
[2019-12-11T08:30:39.388+0000][1][safepoint    ] Total time for which application threads were stopped: 0.0000428 seconds, Stopping threads took: 0.0000097 seconds
[2019-12-11T08:30:39.417+0000][1][safepoint    ] Application time: 0.0285314 seconds
[2019-12-11T08:30:39.417+0000][1][safepoint    ] Entering safepoint region: RevokeBias
[2019-12-11T08:30:39.417+0000][1][safepoint    ] Leaving safepoint region
[2019-12-11T08:30:39.417+0000][1][safepoint    ] Total time for which application threads were stopped: 0.0000880 seconds, Stopping threads took: 0.0000224 seconds
[2019-12-11T08:30:39.417+0000][1][safepoint    ] Application time: 0.0000559 seconds
[2019-12-11T08:30:39.417+0000][1][safepoint    ] Entering safepoint region: RevokeBias
[2019-12-11T08:30:39.417+0000][1][safepoint    ] Leaving safepoint region
[2019-12-11T08:30:39.417+0000][1][safepoint    ] Total time for which application threads were stopped: 0.0000457 seconds, Stopping threads took: 0.0000103 seconds
[2019-12-11T08:30:39.417+0000][1][safepoint    ] Application time: 0.0002691 seconds
[2019-12-11T08:30:39.417+0000][1][safepoint    ] Entering safepoint region: RevokeBias
[2019-12-11T08:30:39.417+0000][1][safepoint    ] Leaving safepoint region
[2019-12-11T08:30:39.417+0000][1][safepoint    ] Total time for which application threads were stopped: 0.0000584 seconds, Stopping threads took: 0.0000143 seconds
[2019-12-11T08:30:39.417+0000][1][safepoint    ] Application time: 0.0000412 seconds
[2019-12-11T08:30:39.417+0000][1][safepoint    ] Entering safepoint region: RevokeBias
[2019-12-11T08:30:39.417+0000][1][safepoint    ] Leaving safepoint region
[2019-12-11T08:30:39.417+0000][1][safepoint    ] Total time for which application threads were stopped: 0.0000387 seconds, Stopping threads took: 0.0000089 seconds
[2019-12-11T08:30:39.417+0000][1][safepoint    ] Application time: 0.0000385 seconds
[2019-12-11T08:30:39.417+0000][1][safepoint    ] Entering safepoint region: RevokeBias
[2019-12-11T08:30:39.418+0000][1][safepoint    ] Leaving safepoint region
[2019-12-11T08:30:39.418+0000][1][safepoint    ] Total time for which application threads were stopped: 0.0000400 seconds, Stopping threads took: 0.0000088 seconds
[2019-12-11T08:30:39.418+0000][1][safepoint    ] Application time: 0.0000371 seconds
[2019-12-11T08:30:39.418+0000][1][safepoint    ] Entering safepoint region: RevokeBias
[2019-12-11T08:30:39.418+0000][1][safepoint    ] Leaving safepoint region
[2019-12-11T08:30:39.418+0000][1][safepoint    ] Total time for which application threads were stopped: 0.0000375 seconds, Stopping threads took: 0.0000086 seconds
[2019-12-11T08:30:39.418+0000][1][safepoint    ] Application time: 0.0000367 seconds
[2019-12-11T08:30:39.418+0000][1][safepoint    ] Entering safepoint region: RevokeBias
[2019-12-11T08:30:39.418+0000][1][safepoint    ] Leaving safepoint region
[2019-12-11T08:30:39.418+0000][1][safepoint    ] Total time for which application threads were stopped: 0.0000670 seconds, Stopping threads took: 0.0000321 seconds
[2019-12-11T08:30:39.418+0000][1][safepoint    ] Application time: 0.0000493 seconds
[2019-12-11T08:30:39.418+0000][1][safepoint    ] Entering safepoint region: RevokeBias
[2019-12-11T08:30:39.418+0000][1][safepoint    ] Leaving safepoint region
[2019-12-11T08:30:39.418+0000][1][safepoint    ] Total time for which application threads were stopped: 0.0000404 seconds, Stopping threads took: 0.0000093 seconds
[2019-12-11T08:30:39.676+0000][1][safepoint    ] Application time: 0.2578705 seconds
[2019-12-11T08:30:39.676+0000][1][safepoint    ] Entering safepoint region: RevokeBias
[2019-12-11T08:30:39.676+0000][1][safepoint    ] Leaving safepoint region
[2019-12-11T08:30:39.676+0000][1][safepoint    ] Total time for which application threads were stopped: 0.0001033 seconds, Stopping threads took: 0.0000242 seconds
[2019-12-11T08:30:39.824+0000][1][safepoint    ] Application time: 0.1486248 seconds
[2019-12-11T08:30:39.825+0000][1][safepoint    ] Entering safepoint region: RevokeBias
[2019-12-11T08:30:39.825+0000][1][safepoint    ] Leaving safepoint region
[2019-12-11T08:30:39.825+0000][1][safepoint    ] Total time for which application threads were stopped: 0.0000981 seconds, Stopping threads took: 0.0000210 seconds
[2019-12-11T08:30:39.826+0000][1][safepoint    ] Application time: 0.0010003 seconds
[2019-12-11T08:30:39.826+0000][1][safepoint    ] Entering safepoint region: RevokeBias
[2019-12-11T08:30:39.826+0000][1][safepoint    ] Leaving safepoint region
[2019-12-11T08:30:39.826+0000][1][safepoint    ] Total time for which application threads were stopped: 0.0000927 seconds, Stopping threads took: 0.0000336 seconds
[2019-12-11T08:30:40.826+0000][1][safepoint    ] Application time: 1.0006010 seconds
[2019-12-11T08:30:40.826+0000][1][safepoint    ] Entering safepoint region: Cleanup
[2019-12-11T08:30:40.827+0000][1][safepoint    ] Leaving safepoint region
[2019-12-11T08:30:40.827+0000][1][safepoint    ] Total time for which application threads were stopped: 0.0000913 seconds, Stopping threads took: 0.0000209 seconds
[2019-12-11T08:30:42.829+0000][1][safepoint    ] Application time: 2.0021817 seconds
[2019-12-11T08:30:42.829+0000][1][safepoint    ] Entering safepoint region: Cleanup
[2019-12-11T08:30:42.829+0000][1][safepoint    ] Leaving safepoint region
[2019-12-11T08:30:42.829+0000][1][safepoint    ] Total time for which application threads were stopped: 0.0000990 seconds, Stopping threads took: 0.0000255 seconds
[2019-12-11T08:30:43.335+0000][1][safepoint    ] Application time: 0.5065350 seconds
[2019-12-11T08:30:43.363+0000][1][safepoint    ] Entering safepoint region: RevokeBias
[2019-12-11T08:30:43.363+0000][1][safepoint    ] Leaving safepoint region
[2019-12-11T08:30:43.363+0000][1][safepoint    ] Total time for which application threads were stopped: 0.0274647 seconds, Stopping threads took: 0.0273372 seconds
[2019-12-11T08:30:43.365+0000][1][safepoint    ] Application time: 0.0021361 seconds
[2019-12-11T08:30:43.365+0000][1][safepoint    ] Entering safepoint region: RevokeBias
[2019-12-11T08:30:43.365+0000][1][safepoint    ] Leaving safepoint region
[2019-12-11T08:30:43.365+0000][1][safepoint    ] Total time for which application threads were stopped: 0.0001438 seconds, Stopping threads took: 0.0000458 seconds
[2019-12-11T08:30:43.378+0000][1][safepoint    ] Application time: 0.0130766 seconds
[2019-12-11T08:30:43.378+0000][1][safepoint    ] Entering safepoint region: RevokeBias
[2019-12-11T08:30:43.378+0000][1][safepoint    ] Leaving safepoint region
[2019-12-11T08:30:43.378+0000][1][safepoint    ] Total time for which application threads were stopped: 0.0001203 seconds, Stopping threads took: 0.0000179 seconds
[2019-12-11T08:30:43.380+0000][1][safepoint    ] Application time: 0.0012858 seconds
[2019-12-11T08:30:43.380+0000][1][safepoint    ] Entering safepoint region: RevokeBias
[2019-12-11T08:30:43.380+0000][1][safepoint    ] Leaving safepoint region
[2019-12-11T08:30:43.380+0000][1][safepoint    ] Total time for which application threads were stopped: 0.0000873 seconds, Stopping threads took: 0.0000166 seconds
[2019-12-11T08:30:43.414+0000][1][safepoint    ] Application time: 0.0340338 seconds
[2019-12-11T08:30:43.414+0000][1][safepoint    ] Entering safepoint region: RevokeBias
[2019-12-11T08:30:43.414+0000][1][safepoint    ] Leaving safepoint region
[2019-12-11T08:30:43.414+0000][1][safepoint    ] Total time for which application threads were stopped: 0.0000963 seconds, Stopping threads took: 0.0000172 seconds
[2019-12-11T08:30:43.414+0000][1][safepoint    ] Application time: 0.0003252 seconds
[2019-12-11T08:30:43.414+0000][1][safepoint    ] Entering safepoint region: RevokeBias
[2019-12-11T08:30:43.414+0000][1][safepoint    ] Leaving safepoint region
[2019-12-11T08:30:43.414+0000][1][safepoint    ] Total time for which application threads were stopped: 0.0000804 seconds, Stopping threads took: 0.0000130 seconds
[2019-12-11T08:30:43.415+0000][1][safepoint    ] Application time: 0.0002017 seconds
[2019-12-11T08:30:43.415+0000][1][safepoint    ] Entering safepoint region: RevokeBias
[2019-12-11T08:30:43.415+0000][1][safepoint    ] Leaving safepoint region
[2019-12-11T08:30:43.415+0000][1][safepoint    ] Total time for which application threads were stopped: 0.0000816 seconds, Stopping threads took: 0.0000108 seconds
[2019-12-11T08:30:43.415+0000][1][safepoint    ] Application time: 0.0003108 seconds
[2019-12-11T08:30:43.415+0000][1][safepoint    ] Entering safepoint region: BulkRevokeBias
[2019-12-11T08:30:43.415+0000][1][safepoint    ] Leaving safepoint region
[2019-12-11T08:30:43.415+0000][1][safepoint    ] Total time for which application threads were stopped: 0.0003890 seconds, Stopping threads took: 0.0000111 seconds
[2019-12-11T08:30:43.665+0000][1][safepoint    ] Application time: 0.2495684 seconds
[2019-12-11T08:30:43.665+0000][1][safepoint    ] Entering safepoint region: RevokeBias
[2019-12-11T08:30:43.665+0000][1][safepoint    ] Leaving safepoint region
[2019-12-11T08:30:43.665+0000][1][safepoint    ] Total time for which application threads were stopped: 0.0001137 seconds, Stopping threads took: 0.0000197 seconds
[2019-12-11T08:30:44.668+0000][1][safepoint    ] Application time: 1.0025221 seconds
[2019-12-11T08:30:44.668+0000][1][safepoint    ] Entering safepoint region: Cleanup
[2019-12-11T08:30:44.668+0000][1][safepoint    ] Leaving safepoint region
[2019-12-11T08:30:44.668+0000][1][safepoint    ] Total time for which application threads were stopped: 0.0001112 seconds, Stopping threads took: 0.0000340 seconds
[2019-12-11T08:30:45.702+0000][1][safepoint    ] Application time: 1.0338382 seconds
[2019-12-11T08:30:45.702+0000][1][safepoint    ] Entering safepoint region: Cleanup
[2019-12-11T08:30:45.702+0000][1][safepoint    ] Leaving safepoint region
[2019-12-11T08:30:45.702+0000][1][safepoint    ] Total time for which application threads were stopped: 0.0001059 seconds, Stopping threads took: 0.0000248 seconds
[2019-12-11T08:30:46.229+0000][1][safepoint    ] Application time: 0.5272466 seconds
[2019-12-11T08:30:46.229+0000][1][safepoint    ] Entering safepoint region: RevokeBias
[2019-12-11T08:30:46.229+0000][1][safepoint    ] Leaving safepoint region
[2019-12-11T08:30:46.229+0000][1][safepoint    ] Total time for which application threads were stopped: 0.0001684 seconds, Stopping threads took: 0.0000933 seconds
[2019-12-11T08:30:46.239+0000][1][safepoint    ] Application time: 0.0095348 seconds
[2019-12-11T08:30:46.239+0000][1][safepoint    ] Entering safepoint region: RevokeBias
[2019-12-11T08:30:46.239+0000][1][safepoint    ] Leaving safepoint region
[2019-12-11T08:30:46.239+0000][1][safepoint    ] Total time for which application threads were stopped: 0.0001233 seconds, Stopping threads took: 0.0000605 seconds
[2019-12-11T08:30:46.240+0000][1][safepoint    ] Application time: 0.0006000 seconds
[2019-12-11T08:30:46.240+0000][1][safepoint    ] Entering safepoint region: RevokeBias
[2019-12-11T08:30:46.240+0000][1][safepoint    ] Leaving safepoint region
[2019-12-11T08:30:46.240+0000][1][safepoint    ] Total time for which application threads were stopped: 0.0000807 seconds, Stopping threads took: 0.0000145 seconds
[2019-12-11T08:30:47.251+0000][1][safepoint    ] Application time: 1.0110215 seconds
[2019-12-11T08:30:47.293+0000][1][safepoint    ] Entering safepoint region: Cleanup
[2019-12-11T08:30:47.293+0000][1][safepoint    ] Leaving safepoint region
[2019-12-11T08:30:47.293+0000][1][safepoint    ] Total time for which application threads were stopped: 0.0420830 seconds, Stopping threads took: 0.0419824 seconds
[2019-12-11T08:30:48.295+0000][1][safepoint    ] Application time: 1.0018054 seconds
[2019-12-11T08:30:48.325+0000][1][safepoint    ] Entering safepoint region: Cleanup
[2019-12-11T08:30:48.325+0000][1][safepoint    ] Leaving safepoint region
[2019-12-11T08:30:48.325+0000][1][safepoint    ] Total time for which application threads were stopped: 0.0300850 seconds, Stopping threads took: 0.0299948 seconds
[2019-12-11T08:30:48.506+0000][1][safepoint    ] Application time: 0.1808816 seconds
[2019-12-11T08:30:48.543+0000][1][safepoint    ] Entering safepoint region: RevokeBias
[2019-12-11T08:30:48.543+0000][1][safepoint    ] Leaving safepoint region
[2019-12-11T08:30:48.543+0000][1][safepoint    ] Total time for which application threads were stopped: 0.0369596 seconds, Stopping threads took: 0.0367873 seconds
[2019-12-11T08:30:48.932+0000][1][safepoint    ] Application time: 0.3897608 seconds
[2019-12-11T08:30:48.933+0000][1][safepoint    ] Entering safepoint region: RevokeBias
[2019-12-11T08:30:48.933+0000][1][safepoint    ] Leaving safepoint region
[2019-12-11T08:30:48.933+0000][1][safepoint    ] Total time for which application threads were stopped: 0.0001220 seconds, Stopping threads took: 0.0000262 seconds
[2019-12-11T08:30:50.003+0000][1][safepoint    ] Application time: 1.0700678 seconds
[2019-12-11T08:30:50.003+0000][1][safepoint    ] Entering safepoint region: Cleanup
[2019-12-11T08:30:50.003+0000][1][safepoint    ] Leaving safepoint region
[2019-12-11T08:30:50.003+0000][1][safepoint    ] Total time for which application threads were stopped: 0.0000997 seconds, Stopping threads took: 0.0000242 seconds
[2019-12-11T08:30:51.012+0000][1][safepoint    ] Application time: 1.0088536 seconds
[2019-12-11T08:30:51.012+0000][1][safepoint    ] Entering safepoint region: Cleanup
[2019-12-11T08:30:51.012+0000][1][safepoint    ] Leaving safepoint region
[2019-12-11T08:30:51.012+0000][1][safepoint    ] Total time for which application threads were stopped: 0.0001077 seconds, Stopping threads took: 0.0000268 seconds
[2019-12-11T08:30:52.017+0000][1][safepoint    ] Application time: 1.0048659 seconds
[2019-12-11T08:30:52.017+0000][1][safepoint    ] Entering safepoint region: Cleanup
[2019-12-11T08:30:52.017+0000][1][safepoint    ] Leaving safepoint region
[2019-12-11T08:30:52.017+0000][1][safepoint    ] Total time for which application threads were stopped: 0.0000985 seconds, Stopping threads took: 0.0000244 seconds
[2019-12-11T08:30:53.018+0000][1][safepoint    ] Application time: 1.0008135 seconds
[2019-12-11T08:30:53.018+0000][1][safepoint    ] Entering safepoint region: Cleanup
[2019-12-11T08:30:53.018+0000][1][safepoint    ] Leaving safepoint region
[2019-12-11T08:30:53.018+0000][1][safepoint    ] Total time for which application threads were stopped: 0.0001168 seconds, Stopping threads took: 0.0000233 seconds
[2019-12-11T08:30:54.020+0000][1][safepoint    ] Application time: 1.0018700 seconds
[2019-12-11T08:30:54.020+0000][1][safepoint    ] Entering safepoint region: Cleanup
[2019-12-11T08:30:54.020+0000][1][safepoint    ] Leaving safepoint region
[2019-12-11T08:30:54.020+0000][1][safepoint    ] Total time for which application threads were stopped: 0.0001240 seconds, Stopping threads took: 0.0000370 seconds
[2019-12-11T08:30:55.022+0000][1][safepoint    ] Application time: 1.0017995 seconds
[2019-12-11T08:30:55.022+0000][1][safepoint    ] Entering safepoint region: Cleanup
[2019-12-11T08:30:55.022+0000][1][safepoint    ] Leaving safepoint region
[2019-12-11T08:30:55.022+0000][1][safepoint    ] Total time for which application threads were stopped: 0.0001191 seconds, Stopping threads took: 0.0000265 seconds
[2019-12-11T08:30:56.025+0000][1][safepoint    ] Application time: 1.0028437 seconds
[2019-12-11T08:30:56.025+0000][1][safepoint    ] Entering safepoint region: Cleanup
[2019-12-11T08:30:56.025+0000][1][safepoint    ] Leaving safepoint region
[2019-12-11T08:30:56.025+0000][1][safepoint    ] Total time for which application threads were stopped: 0.0001094 seconds, Stopping threads took: 0.0000223 seconds
[2019-12-11T08:30:57.027+0000][1][safepoint    ] Application time: 1.0018193 seconds
[2019-12-11T08:30:57.027+0000][1][safepoint    ] Entering safepoint region: Cleanup
[2019-12-11T08:30:57.027+0000][1][safepoint    ] Leaving safepoint region
[2019-12-11T08:30:57.027+0000][1][safepoint    ] Total time for which application threads were stopped: 0.0001266 seconds, Stopping threads took: 0.0000246 seconds
[2019-12-11T08:30:58.028+0000][1][safepoint    ] Application time: 1.0007989 seconds
[2019-12-11T08:30:58.028+0000][1][safepoint    ] Entering safepoint region: Cleanup
[2019-12-11T08:30:58.028+0000][1][safepoint    ] Leaving safepoint region
[2019-12-11T08:30:58.028+0000][1][safepoint    ] Total time for which application threads were stopped: 0.0001065 seconds, Stopping threads took: 0.0000226 seconds
[2019-12-11T08:31:01.033+0000][1][safepoint    ] Application time: 3.0048564 seconds
[2019-12-11T08:31:01.033+0000][1][safepoint    ] Entering safepoint region: Cleanup
[2019-12-11T08:31:01.033+0000][1][safepoint    ] Leaving safepoint region
[2019-12-11T08:31:01.033+0000][1][safepoint    ] Total time for which application threads were stopped: 0.0001399 seconds, Stopping threads took: 0.0000433 seconds
[2019-12-11T08:31:02.037+0000][1][safepoint    ] Application time: 1.0038063 seconds
[2019-12-11T08:31:02.037+0000][1][safepoint    ] Entering safepoint region: Cleanup
[2019-12-11T08:31:02.037+0000][1][safepoint    ] Leaving safepoint region
[2019-12-11T08:31:02.037+0000][1][safepoint    ] Total time for which application threads were stopped: 0.0001339 seconds, Stopping threads took: 0.0000399 seconds
[2019-12-11T08:31:03.038+0000][1][safepoint    ] Application time: 1.0009032 seconds
[2019-12-11T08:31:03.038+0000][1][safepoint    ] Entering safepoint region: Cleanup
[2019-12-11T08:31:03.038+0000][1][safepoint    ] Leaving safepoint region
[2019-12-11T08:31:03.038+0000][1][safepoint    ] Total time for which application threads were stopped: 0.0001258 seconds, Stopping threads took: 0.0000280 seconds
[2019-12-11T08:31:05.041+0000][1][safepoint    ] Application time: 2.0027257 seconds
[2019-12-11T08:31:05.041+0000][1][safepoint    ] Entering safepoint region: Cleanup
[2019-12-11T08:31:05.041+0000][1][safepoint    ] Leaving safepoint region
[2019-12-11T08:31:05.041+0000][1][safepoint    ] Total time for which application threads were stopped: 0.0001229 seconds, Stopping threads took: 0.0000245 seconds
[2019-12-11T08:31:06.046+0000][1][safepoint    ] Application time: 1.0048184 seconds
[2019-12-11T08:31:06.046+0000][1][safepoint    ] Entering safepoint region: Cleanup
[2019-12-11T08:31:06.046+0000][1][safepoint    ] Leaving safepoint region
[2019-12-11T08:31:06.046+0000][1][safepoint    ] Total time for which application threads were stopped: 0.0001259 seconds, Stopping threads took: 0.0000272 seconds
[2019-12-11T08:31:07.049+0000][1][safepoint    ] Application time: 1.0027965 seconds
[2019-12-11T08:31:07.049+0000][1][safepoint    ] Entering safepoint region: Cleanup
[2019-12-11T08:31:07.049+0000][1][safepoint    ] Leaving safepoint region
[2019-12-11T08:31:07.049+0000][1][safepoint    ] Total time for which application threads were stopped: 0.0001079 seconds, Stopping threads took: 0.0000242 seconds
[2019-12-11T08:31:08.050+0000][1][safepoint    ] Application time: 1.0008927 seconds
[2019-12-11T08:31:08.050+0000][1][safepoint    ] Entering safepoint region: Cleanup
[2019-12-11T08:31:08.050+0000][1][safepoint    ] Leaving safepoint region
[2019-12-11T08:31:08.050+0000][1][safepoint    ] Total time for which application threads were stopped: 0.0001194 seconds, Stopping threads took: 0.0000278 seconds
[2019-12-11T08:31:09.059+0000][1][safepoint    ] Application time: 1.0092420 seconds
[2019-12-11T08:31:09.059+0000][1][safepoint    ] Entering safepoint region: Cleanup
[2019-12-11T08:31:09.059+0000][1][safepoint    ] Leaving safepoint region
[2019-12-11T08:31:09.059+0000][1][safepoint    ] Total time for which application threads were stopped: 0.0001261 seconds, Stopping threads took: 0.0000274 seconds
[2019-12-11T08:31:10.069+0000][1][safepoint    ] Application time: 1.0097730 seconds
[2019-12-11T08:31:10.069+0000][1][safepoint    ] Entering safepoint region: Cleanup
[2019-12-11T08:31:10.069+0000][1][safepoint    ] Leaving safepoint region
[2019-12-11T08:31:10.069+0000][1][safepoint    ] Total time for which application threads were stopped: 0.0001262 seconds, Stopping threads took: 0.0000284 seconds
[2019-12-11T08:31:11.069+0000][1][safepoint    ] Application time: 1.0000935 seconds
[2019-12-11T08:31:11.069+0000][1][safepoint    ] Entering safepoint region: Cleanup
[2019-12-11T08:31:11.070+0000][1][safepoint    ] Leaving safepoint region
[2019-12-11T08:31:11.070+0000][1][safepoint    ] Total time for which application threads were stopped: 0.0001156 seconds, Stopping threads took: 0.0000281 seconds
[2019-12-11T08:31:12.073+0000][1][safepoint    ] Application time: 1.0031592 seconds
[2019-12-11T08:31:12.073+0000][1][safepoint    ] Entering safepoint region: Cleanup
[2019-12-11T08:31:12.073+0000][1][safepoint    ] Leaving safepoint region
[2019-12-11T08:31:12.073+0000][1][safepoint    ] Total time for which application threads were stopped: 0.0001319 seconds, Stopping threads took: 0.0000361 seconds
[2019-12-11T08:31:12.345+0000][1][safepoint    ] Application time: 0.2721576 seconds
[2019-12-11T08:31:12.345+0000][1][safepoint    ] Entering safepoint region: GenCollectForAllocation
[2019-12-11T08:31:12.345+0000][1][gc,start     ] GC(23) Pause Young (Allocation Failure)
[2019-12-11T08:31:12.345+0000][1][gc,task      ] GC(23) Using 2 workers of 2 for evacuation
[2019-12-11T08:31:12.401+0000][1][gc,age       ] GC(23) Desired survivor size 4456448 bytes, new threshold 2 (max threshold 6)
[2019-12-11T08:31:12.401+0000][1][gc,age       ] GC(23) Age table with threshold 2 (max threshold 6)
[2019-12-11T08:31:12.401+0000][1][gc,age       ] GC(23) - age   1:    1557752 bytes,    1557752 total
[2019-12-11T08:31:12.401+0000][1][gc,age       ] GC(23) - age   2:    3409472 bytes,    4967224 total
[2019-12-11T08:31:12.401+0000][1][gc,heap      ] GC(23) ParNew: 76171K->7186K(78656K)
[2019-12-11T08:31:12.401+0000][1][gc,heap      ] GC(23) CMS: 63219K->64872K(174784K)
[2019-12-11T08:31:12.401+0000][1][gc,metaspace ] GC(23) Metaspace: 67795K->67795K(1112064K)
[2019-12-11T08:31:12.401+0000][1][gc           ] GC(23) Pause Young (Allocation Failure) 136M->70M(247M) 55.842ms
[2019-12-11T08:31:12.401+0000][1][gc,cpu       ] GC(23) User=0.04s Sys=0.00s Real=0.05s
[2019-12-11T08:31:12.401+0000][1][safepoint    ] Leaving safepoint region
[2019-12-11T08:31:12.401+0000][1][safepoint    ] Total time for which application threads were stopped: 0.0560560 seconds, Stopping threads took: 0.0000219 seconds
[2019-12-11T08:31:13.405+0000][1][safepoint    ] Application time: 1.0035674 seconds
[2019-12-11T08:31:13.405+0000][1][safepoint    ] Entering safepoint region: Cleanup
[2019-12-11T08:31:13.405+0000][1][safepoint    ] Leaving safepoint region
[2019-12-11T08:31:13.405+0000][1][safepoint    ] Total time for which application threads were stopped: 0.0001105 seconds, Stopping threads took: 0.0000249 seconds
[2019-12-11T08:31:14.409+0000][1][safepoint    ] Application time: 1.0038593 seconds
[2019-12-11T08:31:14.409+0000][1][safepoint    ] Entering safepoint region: Cleanup
[2019-12-11T08:31:14.409+0000][1][safepoint    ] Leaving safepoint region
[2019-12-11T08:31:14.409+0000][1][safepoint    ] Total time for which application threads were stopped: 0.0001153 seconds, Stopping threads took: 0.0000254 seconds
[2019-12-11T08:31:17.417+0000][1][safepoint    ] Application time: 3.0078007 seconds
[2019-12-11T08:31:17.417+0000][1][safepoint    ] Entering safepoint region: Cleanup
[2019-12-11T08:31:17.417+0000][1][safepoint    ] Leaving safepoint region
[2019-12-11T08:31:17.417+0000][1][safepoint    ] Total time for which application threads were stopped: 0.0001097 seconds, Stopping threads took: 0.0000222 seconds
[2019-12-11T08:31:19.420+0000][1][safepoint    ] Application time: 2.0028520 seconds
[2019-12-11T08:31:19.420+0000][1][safepoint    ] Entering safepoint region: Cleanup
[2019-12-11T08:31:19.420+0000][1][safepoint    ] Leaving safepoint region
[2019-12-11T08:31:19.420+0000][1][safepoint    ] Total time for which application threads were stopped: 0.0001476 seconds, Stopping threads took: 0.0000278 seconds
[2019-12-11T08:31:20.421+0000][1][safepoint    ] Application time: 1.0008179 seconds
[2019-12-11T08:31:20.421+0000][1][safepoint    ] Entering safepoint region: Cleanup
[2019-12-11T08:31:20.421+0000][1][safepoint    ] Leaving safepoint region
[2019-12-11T08:31:20.421+0000][1][safepoint    ] Total time for which application threads were stopped: 0.0001205 seconds, Stopping threads took: 0.0000242 seconds
[2019-12-11T08:31:21.422+0000][1][safepoint    ] Application time: 1.0008532 seconds
[2019-12-11T08:31:21.422+0000][1][safepoint    ] Entering safepoint region: Cleanup
[2019-12-11T08:31:21.422+0000][1][safepoint    ] Leaving safepoint region
[2019-12-11T08:31:21.422+0000][1][safepoint    ] Total time for which application threads were stopped: 0.0001258 seconds, Stopping threads took: 0.0000329 seconds
[2019-12-11T08:31:22.422+0000][1][safepoint    ] Application time: 1.0000819 seconds
[2019-12-11T08:31:22.422+0000][1][safepoint    ] Entering safepoint region: Cleanup
[2019-12-11T08:31:22.422+0000][1][safepoint    ] Leaving safepoint region
[2019-12-11T08:31:22.422+0000][1][safepoint    ] Total time for which application threads were stopped: 0.0001337 seconds, Stopping threads took: 0.0000398 seconds
[2019-12-11T08:31:25.426+0000][1][safepoint    ] Application time: 3.0034746 seconds
[2019-12-11T08:31:25.426+0000][1][safepoint    ] Entering safepoint region: Cleanup
[2019-12-11T08:31:25.426+0000][1][safepoint    ] Leaving safepoint region
[2019-12-11T08:31:25.426+0000][1][safepoint    ] Total time for which application threads were stopped: 0.0001233 seconds, Stopping threads took: 0.0000271 seconds
[2019-12-11T08:31:26.427+0000][1][safepoint    ] Application time: 1.0008424 seconds
[2019-12-11T08:31:26.427+0000][1][safepoint    ] Entering safepoint region: Cleanup
[2019-12-11T08:31:26.427+0000][1][safepoint    ] Leaving safepoint region
[2019-12-11T08:31:26.427+0000][1][safepoint    ] Total time for which application threads were stopped: 0.0001178 seconds, Stopping threads took: 0.0000255 seconds
[2019-12-11T08:31:27.428+0000][1][safepoint    ] Application time: 1.0008039 seconds
[2019-12-11T08:31:27.428+0000][1][safepoint    ] Entering safepoint region: Cleanup
[2019-12-11T08:31:27.428+0000][1][safepoint    ] Leaving safepoint region
[2019-12-11T08:31:27.428+0000][1][safepoint    ] Total time for which application threads were stopped: 0.0001277 seconds, Stopping threads took: 0.0000260 seconds
[2019-12-11T08:31:28.429+0000][1][safepoint    ] Application time: 1.0008290 seconds
[2019-12-11T08:31:28.429+0000][1][safepoint    ] Entering safepoint region: Cleanup
[2019-12-11T08:31:28.429+0000][1][safepoint    ] Leaving safepoint region
[2019-12-11T08:31:28.429+0000][1][safepoint    ] Total time for which application threads were stopped: 0.0001317 seconds, Stopping threads took: 0.0000275 seconds
[2019-12-11T08:31:29.429+0000][1][safepoint    ] Application time: 1.0000879 seconds
[2019-12-11T08:31:29.429+0000][1][safepoint    ] Entering safepoint region: Cleanup
[2019-12-11T08:31:29.429+0000][1][safepoint    ] Leaving safepoint region
[2019-12-11T08:31:29.429+0000][1][safepoint    ] Total time for which application threads were stopped: 0.0001261 seconds, Stopping threads took: 0.0000250 seconds
[2019-12-11T08:31:32.432+0000][1][safepoint    ] Application time: 3.0026689 seconds
[2019-12-11T08:31:32.432+0000][1][safepoint    ] Entering safepoint region: Cleanup
[2019-12-11T08:31:32.432+0000][1][safepoint    ] Leaving safepoint region
[2019-12-11T08:31:32.432+0000][1][safepoint    ] Total time for which application threads were stopped: 0.0001162 seconds, Stopping threads took: 0.0000265 seconds
[2019-12-11T08:31:34.436+0000][1][safepoint    ] Application time: 2.0036391 seconds
[2019-12-11T08:31:34.436+0000][1][safepoint    ] Entering safepoint region: Cleanup
[2019-12-11T08:31:34.436+0000][1][safepoint    ] Leaving safepoint region
[2019-12-11T08:31:34.436+0000][1][safepoint    ] Total time for which application threads were stopped: 0.0001274 seconds, Stopping threads took: 0.0000315 seconds
[2019-12-11T08:31:35.438+0000][1][safepoint    ] Application time: 1.0022347 seconds
[2019-12-11T08:31:35.438+0000][1][safepoint    ] Entering safepoint region: Cleanup
[2019-12-11T08:31:35.438+0000][1][safepoint    ] Leaving safepoint region
[2019-12-11T08:31:35.438+0000][1][safepoint    ] Total time for which application threads were stopped: 0.0001359 seconds, Stopping threads took: 0.0000269 seconds
[2019-12-11T08:31:37.442+0000][1][safepoint    ] Application time: 2.0033961 seconds
[2019-12-11T08:31:37.442+0000][1][safepoint    ] Entering safepoint region: Cleanup
[2019-12-11T08:31:37.442+0000][1][safepoint    ] Leaving safepoint region
[2019-12-11T08:31:37.442+0000][1][safepoint    ] Total time for which application threads were stopped: 0.0001158 seconds, Stopping threads took: 0.0000238 seconds
[2019-12-11T08:31:38.444+0000][1][safepoint    ] Application time: 1.0018203 seconds
[2019-12-11T08:31:38.444+0000][1][safepoint    ] Entering safepoint region: Cleanup
[2019-12-11T08:31:38.444+0000][1][safepoint    ] Leaving safepoint region
[2019-12-11T08:31:38.444+0000][1][safepoint    ] Total time for which application threads were stopped: 0.0001291 seconds, Stopping threads took: 0.0000272 seconds
[2019-12-11T08:31:40.446+0000][1][safepoint    ] Application time: 2.0018634 seconds
[2019-12-11T08:31:40.446+0000][1][safepoint    ] Entering safepoint region: Cleanup
[2019-12-11T08:31:40.446+0000][1][safepoint    ] Leaving safepoint region
[2019-12-11T08:31:40.446+0000][1][safepoint    ] Total time for which application threads were stopped: 0.0001150 seconds, Stopping threads took: 0.0000258 seconds
[2019-12-11T08:31:41.447+0000][1][safepoint    ] Application time: 1.0007709 seconds
[2019-12-11T08:31:41.447+0000][1][safepoint    ] Entering safepoint region: Cleanup
[2019-12-11T08:31:41.447+0000][1][safepoint    ] Leaving safepoint region
[2019-12-11T08:31:41.447+0000][1][safepoint    ] Total time for which application threads were stopped: 0.0001310 seconds, Stopping threads took: 0.0000349 seconds
[2019-12-11T08:31:42.448+0000][1][safepoint    ] Application time: 1.0008641 seconds
[2019-12-11T08:31:42.448+0000][1][safepoint    ] Entering safepoint region: Cleanup
[2019-12-11T08:31:42.448+0000][1][safepoint    ] Leaving safepoint region
[2019-12-11T08:31:42.448+0000][1][safepoint    ] Total time for which application threads were stopped: 0.0001203 seconds, Stopping threads took: 0.0000256 seconds
[2019-12-11T08:31:43.451+0000][1][safepoint    ] Application time: 1.0027772 seconds
[2019-12-11T08:31:43.451+0000][1][safepoint    ] Entering safepoint region: Cleanup
[2019-12-11T08:31:43.451+0000][1][safepoint    ] Leaving safepoint region
[2019-12-11T08:31:43.451+0000][1][safepoint    ] Total time for which application threads were stopped: 0.0001104 seconds, Stopping threads took: 0.0000242 seconds
[2019-12-11T08:31:45.452+0000][1][safepoint    ] Application time: 2.0008327 seconds
[2019-12-11T08:31:45.452+0000][1][safepoint    ] Entering safepoint region: Cleanup
[2019-12-11T08:31:45.452+0000][1][safepoint    ] Leaving safepoint region
[2019-12-11T08:31:45.452+0000][1][safepoint    ] Total time for which application threads were stopped: 0.0001243 seconds, Stopping threads took: 0.0000249 seconds
[2019-12-11T08:31:46.453+0000][1][safepoint    ] Application time: 1.0008142 seconds
[2019-12-11T08:31:46.453+0000][1][safepoint    ] Entering safepoint region: Cleanup
[2019-12-11T08:31:46.453+0000][1][safepoint    ] Leaving safepoint region
[2019-12-11T08:31:46.453+0000][1][safepoint    ] Total time for which application threads were stopped: 0.0000997 seconds, Stopping threads took: 0.0000230 seconds
[2019-12-11T08:31:47.459+0000][1][safepoint    ] Application time: 1.0059748 seconds
[2019-12-11T08:31:47.459+0000][1][safepoint    ] Entering safepoint region: Cleanup
[2019-12-11T08:31:47.459+0000][1][safepoint    ] Leaving safepoint region
[2019-12-11T08:31:47.459+0000][1][safepoint    ] Total time for which application threads were stopped: 0.0001060 seconds, Stopping threads took: 0.0000215 seconds
[2019-12-11T08:31:48.463+0000][1][safepoint    ] Application time: 1.0037140 seconds
[2019-12-11T08:31:48.463+0000][1][safepoint    ] Entering safepoint region: Cleanup
[2019-12-11T08:31:48.463+0000][1][safepoint    ] Leaving safepoint region
[2019-12-11T08:31:48.463+0000][1][safepoint    ] Total time for which application threads were stopped: 0.0001133 seconds, Stopping threads took: 0.0000238 seconds
[2019-12-11T08:31:49.467+0000][1][safepoint    ] Application time: 1.0038351 seconds
[2019-12-11T08:31:49.467+0000][1][safepoint    ] Entering safepoint region: Cleanup
[2019-12-11T08:31:49.467+0000][1][safepoint    ] Leaving safepoint region
[2019-12-11T08:31:49.467+0000][1][safepoint    ] Total time for which application threads were stopped: 0.0001170 seconds, Stopping threads took: 0.0000269 seconds
[2019-12-11T08:31:50.468+0000][1][safepoint    ] Application time: 1.0010544 seconds
[2019-12-11T08:31:50.468+0000][1][safepoint    ] Entering safepoint region: Cleanup
[2019-12-11T08:31:50.468+0000][1][safepoint    ] Leaving safepoint region
[2019-12-11T08:31:50.468+0000][1][safepoint    ] Total time for which application threads were stopped: 0.0001192 seconds, Stopping threads took: 0.0000274 seconds
[2019-12-11T08:31:51.469+0000][1][safepoint    ] Application time: 1.0005856 seconds
[2019-12-11T08:31:51.469+0000][1][safepoint    ] Entering safepoint region: Cleanup
[2019-12-11T08:31:51.469+0000][1][safepoint    ] Leaving safepoint region
[2019-12-11T08:31:51.469+0000][1][safepoint    ] Total time for which application threads were stopped: 0.0001196 seconds, Stopping threads took: 0.0000260 seconds
[2019-12-11T08:31:52.470+0000][1][safepoint    ] Application time: 1.0008310 seconds
[2019-12-11T08:31:52.470+0000][1][safepoint    ] Entering safepoint region: Cleanup
[2019-12-11T08:31:52.470+0000][1][safepoint    ] Leaving safepoint region
[2019-12-11T08:31:52.470+0000][1][safepoint    ] Total time for which application threads were stopped: 0.0001042 seconds, Stopping threads took: 0.0000233 seconds
[2019-12-11T08:31:53.470+0000][1][safepoint    ] Application time: 1.0001780 seconds
[2019-12-11T08:31:53.470+0000][1][safepoint    ] Entering safepoint region: Cleanup
[2019-12-11T08:31:53.470+0000][1][safepoint    ] Leaving safepoint region
[2019-12-11T08:31:53.470+0000][1][safepoint    ] Total time for which application threads were stopped: 0.0001247 seconds, Stopping threads took: 0.0000271 seconds
[2019-12-11T08:31:56.473+0000][1][safepoint    ] Application time: 3.0032173 seconds
[2019-12-11T08:31:56.474+0000][1][safepoint    ] Entering safepoint region: Cleanup
[2019-12-11T08:31:56.474+0000][1][safepoint    ] Leaving safepoint region
[2019-12-11T08:31:56.474+0000][1][safepoint    ] Total time for which application threads were stopped: 0.0001269 seconds, Stopping threads took: 0.0000366 seconds
[2019-12-11T08:31:57.477+0000][1][safepoint    ] Application time: 1.0030547 seconds
[2019-12-11T08:31:57.477+0000][1][safepoint    ] Entering safepoint region: Cleanup
[2019-12-11T08:31:57.477+0000][1][safepoint    ] Leaving safepoint region
[2019-12-11T08:31:57.477+0000][1][safepoint    ] Total time for which application threads were stopped: 0.0001264 seconds, Stopping threads took: 0.0000242 seconds
[2019-12-11T08:31:58.479+0000][1][safepoint    ] Application time: 1.0017999 seconds
[2019-12-11T08:31:58.479+0000][1][safepoint    ] Entering safepoint region: Cleanup
[2019-12-11T08:31:58.479+0000][1][safepoint    ] Leaving safepoint region
[2019-12-11T08:31:58.479+0000][1][safepoint    ] Total time for which application threads were stopped: 0.0001173 seconds, Stopping threads took: 0.0000266 seconds
[2019-12-11T08:31:59.481+0000][1][safepoint    ] Application time: 1.0018428 seconds
[2019-12-11T08:31:59.481+0000][1][safepoint    ] Entering safepoint region: Cleanup
[2019-12-11T08:31:59.481+0000][1][safepoint    ] Leaving safepoint region
[2019-12-11T08:31:59.481+0000][1][safepoint    ] Total time for which application threads were stopped: 0.0001158 seconds, Stopping threads took: 0.0000249 seconds
[2019-12-11T08:32:02.489+0000][1][safepoint    ] Application time: 3.0080582 seconds
[2019-12-11T08:32:02.489+0000][1][safepoint    ] Entering safepoint region: Cleanup
[2019-12-11T08:32:02.489+0000][1][safepoint    ] Leaving safepoint region
[2019-12-11T08:32:02.489+0000][1][safepoint    ] Total time for which application threads were stopped: 0.0001150 seconds, Stopping threads took: 0.0000244 seconds
[2019-12-11T08:32:03.490+0000][1][safepoint    ] Application time: 1.0005745 seconds
[2019-12-11T08:32:03.490+0000][1][safepoint    ] Entering safepoint region: Cleanup
[2019-12-11T08:32:03.490+0000][1][safepoint    ] Leaving safepoint region
[2019-12-11T08:32:03.490+0000][1][safepoint    ] Total time for which application threads were stopped: 0.0001223 seconds, Stopping threads took: 0.0000250 seconds
[2019-12-11T08:32:05.494+0000][1][safepoint    ] Application time: 2.0041032 seconds
[2019-12-11T08:32:05.494+0000][1][safepoint    ] Entering safepoint region: Cleanup
[2019-12-11T08:32:05.494+0000][1][safepoint    ] Leaving safepoint region
[2019-12-11T08:32:05.494+0000][1][safepoint    ] Total time for which application threads were stopped: 0.0001148 seconds, Stopping threads took: 0.0000249 seconds
[2019-12-11T08:32:07.498+0000][1][safepoint    ] Application time: 2.0035929 seconds
[2019-12-11T08:32:07.498+0000][1][safepoint    ] Entering safepoint region: Cleanup
[2019-12-11T08:32:07.498+0000][1][safepoint    ] Leaving safepoint region
[2019-12-11T08:32:07.498+0000][1][safepoint    ] Total time for which application threads were stopped: 0.0001157 seconds, Stopping threads took: 0.0000254 seconds
[2019-12-11T08:32:10.502+0000][1][safepoint    ] Application time: 3.0037511 seconds
[2019-12-11T08:32:10.502+0000][1][safepoint    ] Entering safepoint region: Cleanup
[2019-12-11T08:32:10.502+0000][1][safepoint    ] Leaving safepoint region
[2019-12-11T08:32:10.502+0000][1][safepoint    ] Total time for which application threads were stopped: 0.0001168 seconds, Stopping threads took: 0.0000252 seconds
[2019-12-11T08:32:11.503+0000][1][safepoint    ] Application time: 1.0008443 seconds
[2019-12-11T08:32:11.503+0000][1][safepoint    ] Entering safepoint region: Cleanup
[2019-12-11T08:32:11.503+0000][1][safepoint    ] Leaving safepoint region
[2019-12-11T08:32:11.503+0000][1][safepoint    ] Total time for which application threads were stopped: 0.0001155 seconds, Stopping threads took: 0.0000254 seconds
[2019-12-11T08:32:13.509+0000][1][safepoint    ] Application time: 2.0058051 seconds
[2019-12-11T08:32:13.509+0000][1][safepoint    ] Entering safepoint region: Cleanup
[2019-12-11T08:32:13.509+0000][1][safepoint    ] Leaving safepoint region
[2019-12-11T08:32:13.509+0000][1][safepoint    ] Total time for which application threads were stopped: 0.0001157 seconds, Stopping threads took: 0.0000271 seconds
[2019-12-11T08:32:17.514+0000][1][safepoint    ] Application time: 4.0048946 seconds
[2019-12-11T08:32:17.514+0000][1][safepoint    ] Entering safepoint region: Cleanup
[2019-12-11T08:32:17.514+0000][1][safepoint    ] Leaving safepoint region
[2019-12-11T08:32:17.514+0000][1][safepoint    ] Total time for which application threads were stopped: 0.0001169 seconds, Stopping threads took: 0.0000327 seconds
[2019-12-11T08:32:19.518+0000][1][safepoint    ] Application time: 2.0037656 seconds
[2019-12-11T08:32:19.518+0000][1][safepoint    ] Entering safepoint region: Cleanup
[2019-12-11T08:32:19.518+0000][1][safepoint    ] Leaving safepoint region
[2019-12-11T08:32:19.518+0000][1][safepoint    ] Total time for which application threads were stopped: 0.0001181 seconds, Stopping threads took: 0.0000262 seconds
[2019-12-11T08:32:20.519+0000][1][safepoint    ] Application time: 1.0008756 seconds
[2019-12-11T08:32:20.519+0000][1][safepoint    ] Entering safepoint region: Cleanup
[2019-12-11T08:32:20.519+0000][1][safepoint    ] Leaving safepoint region
[2019-12-11T08:32:20.519+0000][1][safepoint    ] Total time for which application threads were stopped: 0.0001096 seconds, Stopping threads took: 0.0000256 seconds
[2019-12-11T08:32:23.522+0000][1][safepoint    ] Application time: 3.0027808 seconds
[2019-12-11T08:32:23.522+0000][1][safepoint    ] Entering safepoint region: Cleanup
[2019-12-11T08:32:23.522+0000][1][safepoint    ] Leaving safepoint region
[2019-12-11T08:32:23.522+0000][1][safepoint    ] Total time for which application threads were stopped: 0.0001110 seconds, Stopping threads took: 0.0000244 seconds
[2019-12-11T08:32:25.524+0000][1][safepoint    ] Application time: 2.0018155 seconds
[2019-12-11T08:32:25.524+0000][1][safepoint    ] Entering safepoint region: Cleanup
[2019-12-11T08:32:25.524+0000][1][safepoint    ] Leaving safepoint region
[2019-12-11T08:32:25.524+0000][1][safepoint    ] Total time for which application threads were stopped: 0.0001347 seconds, Stopping threads took: 0.0000271 seconds
[2019-12-11T08:32:26.525+0000][1][safepoint    ] Application time: 1.0007981 seconds
[2019-12-11T08:32:26.525+0000][1][safepoint    ] Entering safepoint region: Cleanup
[2019-12-11T08:32:26.525+0000][1][safepoint    ] Leaving safepoint region
[2019-12-11T08:32:26.525+0000][1][safepoint    ] Total time for which application threads were stopped: 0.0001169 seconds, Stopping threads took: 0.0000264 seconds
[2019-12-11T08:32:31.537+0000][1][safepoint    ] Application time: 5.0118233 seconds
[2019-12-11T08:32:31.537+0000][1][safepoint    ] Entering safepoint region: Cleanup
[2019-12-11T08:32:31.537+0000][1][safepoint    ] Leaving safepoint region
[2019-12-11T08:32:31.537+0000][1][safepoint    ] Total time for which application threads were stopped: 0.0001393 seconds, Stopping threads took: 0.0000471 seconds
[2019-12-11T08:32:32.538+0000][1][safepoint    ] Application time: 1.0008343 seconds
[2019-12-11T08:32:32.538+0000][1][safepoint    ] Entering safepoint region: Cleanup
[2019-12-11T08:32:32.538+0000][1][safepoint    ] Leaving safepoint region
[2019-12-11T08:32:32.538+0000][1][safepoint    ] Total time for which application threads were stopped: 0.0001156 seconds, Stopping threads took: 0.0000253 seconds
[2019-12-11T08:32:33.540+0000][1][safepoint    ] Application time: 1.0017992 seconds
[2019-12-11T08:32:33.540+0000][1][safepoint    ] Entering safepoint region: Cleanup
[2019-12-11T08:32:33.540+0000][1][safepoint    ] Leaving safepoint region
[2019-12-11T08:32:33.540+0000][1][safepoint    ] Total time for which application threads were stopped: 0.0001156 seconds, Stopping threads took: 0.0000262 seconds
[2019-12-11T08:32:35.544+0000][1][safepoint    ] Application time: 2.0038631 seconds
[2019-12-11T08:32:35.544+0000][1][safepoint    ] Entering safepoint region: Cleanup
[2019-12-11T08:32:35.544+0000][1][safepoint    ] Leaving safepoint region
[2019-12-11T08:32:35.544+0000][1][safepoint    ] Total time for which application threads were stopped: 0.0001166 seconds, Stopping threads took: 0.0000254 seconds
[2019-12-11T08:32:37.549+0000][1][safepoint    ] Application time: 2.0047786 seconds
[2019-12-11T08:32:37.549+0000][1][safepoint    ] Entering safepoint region: Cleanup
[2019-12-11T08:32:37.549+0000][1][safepoint    ] Leaving safepoint region
[2019-12-11T08:32:37.549+0000][1][safepoint    ] Total time for which application threads were stopped: 0.0001128 seconds, Stopping threads took: 0.0000271 seconds
[2019-12-11T08:32:38.550+0000][1][safepoint    ] Application time: 1.0008385 seconds
[2019-12-11T08:32:38.550+0000][1][safepoint    ] Entering safepoint region: Cleanup
[2019-12-11T08:32:38.550+0000][1][safepoint    ] Leaving safepoint region
[2019-12-11T08:32:38.550+0000][1][safepoint    ] Total time for which application threads were stopped: 0.0001214 seconds, Stopping threads took: 0.0000257 seconds
[2019-12-11T08:32:40.552+0000][1][safepoint    ] Application time: 2.0017962 seconds
[2019-12-11T08:32:40.552+0000][1][safepoint    ] Entering safepoint region: Cleanup
[2019-12-11T08:32:40.552+0000][1][safepoint    ] Leaving safepoint region
[2019-12-11T08:32:40.552+0000][1][safepoint    ] Total time for which application threads were stopped: 0.0001293 seconds, Stopping threads took: 0.0000266 seconds
[2019-12-11T08:32:41.554+0000][1][safepoint    ] Application time: 1.0018314 seconds
[2019-12-11T08:32:41.554+0000][1][safepoint    ] Entering safepoint region: Cleanup
[2019-12-11T08:32:41.554+0000][1][safepoint    ] Leaving safepoint region
[2019-12-11T08:32:41.554+0000][1][safepoint    ] Total time for which application threads were stopped: 0.0001286 seconds, Stopping threads took: 0.0000293 seconds
[2019-12-11T08:32:43.556+0000][1][safepoint    ] Application time: 2.0017804 seconds
[2019-12-11T08:32:43.556+0000][1][safepoint    ] Entering safepoint region: Cleanup
[2019-12-11T08:32:43.556+0000][1][safepoint    ] Leaving safepoint region
[2019-12-11T08:32:43.556+0000][1][safepoint    ] Total time for which application threads were stopped: 0.0001207 seconds, Stopping threads took: 0.0000254 seconds
[2019-12-11T08:32:45.559+0000][1][safepoint    ] Application time: 2.0028234 seconds
[2019-12-11T08:32:45.559+0000][1][safepoint    ] Entering safepoint region: Cleanup
[2019-12-11T08:32:45.559+0000][1][safepoint    ] Leaving safepoint region
[2019-12-11T08:32:45.559+0000][1][safepoint    ] Total time for which application threads were stopped: 0.0001173 seconds, Stopping threads took: 0.0000324 seconds
[2019-12-11T08:32:46.561+0000][1][safepoint    ] Application time: 1.0018744 seconds
[2019-12-11T08:32:46.561+0000][1][safepoint    ] Entering safepoint region: Cleanup
[2019-12-11T08:32:46.561+0000][1][safepoint    ] Leaving safepoint region
[2019-12-11T08:32:46.561+0000][1][safepoint    ] Total time for which application threads were stopped: 0.0001238 seconds, Stopping threads took: 0.0000318 seconds
[2019-12-11T08:32:48.570+0000][1][safepoint    ] Application time: 2.0087787 seconds
[2019-12-11T08:32:48.570+0000][1][safepoint    ] Entering safepoint region: Cleanup
[2019-12-11T08:32:48.570+0000][1][safepoint    ] Leaving safepoint region
[2019-12-11T08:32:48.570+0000][1][safepoint    ] Total time for which application threads were stopped: 0.0001172 seconds, Stopping threads took: 0.0000240 seconds
[2019-12-11T08:32:49.573+0000][1][safepoint    ] Application time: 1.0028565 seconds
[2019-12-11T08:32:49.573+0000][1][safepoint    ] Entering safepoint region: Cleanup
[2019-12-11T08:32:49.573+0000][1][safepoint    ] Leaving safepoint region
[2019-12-11T08:32:49.573+0000][1][safepoint    ] Total time for which application threads were stopped: 0.0001139 seconds, Stopping threads took: 0.0000255 seconds
[2019-12-11T08:32:50.583+0000][1][safepoint    ] Application time: 1.0097927 seconds
[2019-12-11T08:32:50.583+0000][1][safepoint    ] Entering safepoint region: Cleanup
[2019-12-11T08:32:50.583+0000][1][safepoint    ] Leaving safepoint region
[2019-12-11T08:32:50.583+0000][1][safepoint    ] Total time for which application threads were stopped: 0.0001353 seconds, Stopping threads took: 0.0000284 seconds
[2019-12-11T08:32:51.586+0000][1][safepoint    ] Application time: 1.0028084 seconds
[2019-12-11T08:32:51.586+0000][1][safepoint    ] Entering safepoint region: Cleanup
[2019-12-11T08:32:51.586+0000][1][safepoint    ] Leaving safepoint region
[2019-12-11T08:32:51.586+0000][1][safepoint    ] Total time for which application threads were stopped: 0.0001240 seconds, Stopping threads took: 0.0000274 seconds
[2019-12-11T08:32:52.587+0000][1][safepoint    ] Application time: 1.0009443 seconds
[2019-12-11T08:32:52.587+0000][1][safepoint    ] Entering safepoint region: Cleanup
[2019-12-11T08:32:52.587+0000][1][safepoint    ] Leaving safepoint region
[2019-12-11T08:32:52.587+0000][1][safepoint    ] Total time for which application threads were stopped: 0.0001134 seconds, Stopping threads took: 0.0000257 seconds
[2019-12-11T08:32:55.594+0000][1][safepoint    ] Application time: 3.0067033 seconds
[2019-12-11T08:32:55.594+0000][1][safepoint    ] Entering safepoint region: Cleanup
[2019-12-11T08:32:55.594+0000][1][safepoint    ] Leaving safepoint region
[2019-12-11T08:32:55.594+0000][1][safepoint    ] Total time for which application threads were stopped: 0.0001084 seconds, Stopping threads took: 0.0000251 seconds
[2019-12-11T08:32:56.599+0000][1][safepoint    ] Application time: 1.0049592 seconds
[2019-12-11T08:32:56.599+0000][1][safepoint    ] Entering safepoint region: Cleanup
[2019-12-11T08:32:56.599+0000][1][safepoint    ] Leaving safepoint region
[2019-12-11T08:32:56.599+0000][1][safepoint    ] Total time for which application threads were stopped: 0.0001150 seconds, Stopping threads took: 0.0000262 seconds
[2019-12-11T08:32:58.603+0000][1][safepoint    ] Application time: 2.0036985 seconds
[2019-12-11T08:32:58.603+0000][1][safepoint    ] Entering safepoint region: Cleanup
[2019-12-11T08:32:58.603+0000][1][safepoint    ] Leaving safepoint region
[2019-12-11T08:32:58.603+0000][1][safepoint    ] Total time for which application threads were stopped: 0.0001162 seconds, Stopping threads took: 0.0000254 seconds
[2019-12-11T08:33:04.606+0000][1][safepoint    ] Application time: 6.0029767 seconds
[2019-12-11T08:33:04.606+0000][1][safepoint    ] Entering safepoint region: Cleanup
[2019-12-11T08:33:04.606+0000][1][safepoint    ] Leaving safepoint region
[2019-12-11T08:33:04.606+0000][1][safepoint    ] Total time for which application threads were stopped: 0.0001684 seconds, Stopping threads took: 0.0000463 seconds
[2019-12-11T08:33:07.612+0000][1][safepoint    ] Application time: 3.0056065 seconds
[2019-12-11T08:33:07.612+0000][1][safepoint    ] Entering safepoint region: Cleanup
[2019-12-11T08:33:07.612+0000][1][safepoint    ] Leaving safepoint region
[2019-12-11T08:33:07.612+0000][1][safepoint    ] Total time for which application threads were stopped: 0.0001120 seconds, Stopping threads took: 0.0000246 seconds
[2019-12-11T08:33:08.613+0000][1][safepoint    ] Application time: 1.0008490 seconds
[2019-12-11T08:33:08.613+0000][1][safepoint    ] Entering safepoint region: Cleanup
[2019-12-11T08:33:08.613+0000][1][safepoint    ] Leaving safepoint region
[2019-12-11T08:33:08.613+0000][1][safepoint    ] Total time for which application threads were stopped: 0.0001211 seconds, Stopping threads took: 0.0000267 seconds
[2019-12-11T08:33:11.619+0000][1][safepoint    ] Application time: 3.0062442 seconds
[2019-12-11T08:33:11.619+0000][1][safepoint    ] Entering safepoint region: Cleanup
[2019-12-11T08:33:11.619+0000][1][safepoint    ] Leaving safepoint region
[2019-12-11T08:33:11.619+0000][1][safepoint    ] Total time for which application threads were stopped: 0.0001293 seconds, Stopping threads took: 0.0000270 seconds
[2019-12-11T08:33:12.043+0000][1][safepoint    ] Application time: 0.4233687 seconds
[2019-12-11T08:33:12.043+0000][1][safepoint    ] Entering safepoint region: GenCollectForAllocation
[2019-12-11T08:33:12.043+0000][1][gc,start     ] GC(24) Pause Young (Allocation Failure)
[2019-12-11T08:33:12.043+0000][1][gc,task      ] GC(24) Using 2 workers of 2 for evacuation
[2019-12-11T08:33:12.097+0000][1][gc,age       ] GC(24) Desired survivor size 4456448 bytes, new threshold 6 (max threshold 6)
[2019-12-11T08:33:12.097+0000][1][gc,age       ] GC(24) Age table with threshold 6 (max threshold 6)
[2019-12-11T08:33:12.097+0000][1][gc,age       ] GC(24) - age   1:       8808 bytes,       8808 total
[2019-12-11T08:33:12.097+0000][1][gc,age       ] GC(24) - age   2:    1534360 bytes,    1543168 total
[2019-12-11T08:33:12.097+0000][1][gc,heap      ] GC(24) ParNew: 77119K->4835K(78656K)
[2019-12-11T08:33:12.097+0000][1][gc,heap      ] GC(24) CMS: 64872K->68324K(174784K)
[2019-12-11T08:33:12.097+0000][1][gc,metaspace ] GC(24) Metaspace: 68102K->68102K(1112064K)
[2019-12-11T08:33:12.097+0000][1][gc           ] GC(24) Pause Young (Allocation Failure) 138M->71M(247M) 54.522ms
[2019-12-11T08:33:12.097+0000][1][gc,cpu       ] GC(24) User=0.03s Sys=0.00s Real=0.06s
[2019-12-11T08:33:12.097+0000][1][safepoint    ] Leaving safepoint region
[2019-12-11T08:33:12.097+0000][1][safepoint    ] Total time for which application threads were stopped: 0.0547350 seconds, Stopping threads took: 0.0000242 seconds
[2019-12-11T08:33:13.098+0000][1][safepoint    ] Application time: 1.0002802 seconds
[2019-12-11T08:33:13.098+0000][1][safepoint    ] Entering safepoint region: Cleanup
[2019-12-11T08:33:13.098+0000][1][safepoint    ] Leaving safepoint region
[2019-12-11T08:33:13.098+0000][1][safepoint    ] Total time for which application threads were stopped: 0.0001059 seconds, Stopping threads took: 0.0000239 seconds
[2019-12-11T08:33:14.100+0000][1][safepoint    ] Application time: 1.0018901 seconds
[2019-12-11T08:33:14.100+0000][1][safepoint    ] Entering safepoint region: Cleanup
[2019-12-11T08:33:14.100+0000][1][safepoint    ] Leaving safepoint region
[2019-12-11T08:33:14.100+0000][1][safepoint    ] Total time for which application threads were stopped: 0.0001188 seconds, Stopping threads took: 0.0000248 seconds
[2019-12-11T08:33:17.103+0000][1][safepoint    ] Application time: 3.0028931 seconds
[2019-12-11T08:33:17.103+0000][1][safepoint    ] Entering safepoint region: Cleanup
[2019-12-11T08:33:17.103+0000][1][safepoint    ] Leaving safepoint region
[2019-12-11T08:33:17.103+0000][1][safepoint    ] Total time for which application threads were stopped: 0.0001358 seconds, Stopping threads took: 0.0000297 seconds
[2019-12-11T08:33:19.107+0000][1][safepoint    ] Application time: 2.0037575 seconds
[2019-12-11T08:33:19.107+0000][1][safepoint    ] Entering safepoint region: Cleanup
[2019-12-11T08:33:19.107+0000][1][safepoint    ] Leaving safepoint region
[2019-12-11T08:33:19.107+0000][1][safepoint    ] Total time for which application threads were stopped: 0.0001111 seconds, Stopping threads took: 0.0000259 seconds
[2019-12-11T08:33:20.109+0000][1][safepoint    ] Application time: 1.0018250 seconds
[2019-12-11T08:33:20.109+0000][1][safepoint    ] Entering safepoint region: Cleanup
[2019-12-11T08:33:20.109+0000][1][safepoint    ] Leaving safepoint region
[2019-12-11T08:33:20.109+0000][1][safepoint    ] Total time for which application threads were stopped: 0.0001144 seconds, Stopping threads took: 0.0000253 seconds
[2019-12-11T08:33:21.111+0000][1][safepoint    ] Application time: 1.0018514 seconds
[2019-12-11T08:33:21.111+0000][1][safepoint    ] Entering safepoint region: Cleanup
[2019-12-11T08:33:21.111+0000][1][safepoint    ] Leaving safepoint region
[2019-12-11T08:33:21.111+0000][1][safepoint    ] Total time for which application threads were stopped: 0.0001142 seconds, Stopping threads took: 0.0000269 seconds
[2019-12-11T08:33:22.112+0000][1][safepoint    ] Application time: 1.0007912 seconds
[2019-12-11T08:33:22.112+0000][1][safepoint    ] Entering safepoint region: Cleanup
[2019-12-11T08:33:22.112+0000][1][safepoint    ] Leaving safepoint region
[2019-12-11T08:33:22.112+0000][1][safepoint    ] Total time for which application threads were stopped: 0.0001027 seconds, Stopping threads took: 0.0000216 seconds
[2019-12-11T08:33:23.113+0000][1][safepoint    ] Application time: 1.0008410 seconds
[2019-12-11T08:33:23.113+0000][1][safepoint    ] Entering safepoint region: Cleanup
[2019-12-11T08:33:23.113+0000][1][safepoint    ] Leaving safepoint region
[2019-12-11T08:33:23.113+0000][1][safepoint    ] Total time for which application threads were stopped: 0.0001247 seconds, Stopping threads took: 0.0000253 seconds
[2019-12-11T08:33:24.115+0000][1][safepoint    ] Application time: 1.0017538 seconds
[2019-12-11T08:33:24.115+0000][1][safepoint    ] Entering safepoint region: Cleanup
[2019-12-11T08:33:24.115+0000][1][safepoint    ] Leaving safepoint region
[2019-12-11T08:33:24.115+0000][1][safepoint    ] Total time for which application threads were stopped: 0.0001085 seconds, Stopping threads took: 0.0000241 seconds
[2019-12-11T08:33:25.117+0000][1][safepoint    ] Application time: 1.0018329 seconds
[2019-12-11T08:33:25.117+0000][1][safepoint    ] Entering safepoint region: Cleanup
[2019-12-11T08:33:25.117+0000][1][safepoint    ] Leaving safepoint region
[2019-12-11T08:33:25.117+0000][1][safepoint    ] Total time for which application threads were stopped: 0.0001243 seconds, Stopping threads took: 0.0000335 seconds
[2019-12-11T08:33:29.127+0000][1][safepoint    ] Application time: 4.0098421 seconds
[2019-12-11T08:33:29.127+0000][1][safepoint    ] Entering safepoint region: Cleanup
[2019-12-11T08:33:29.127+0000][1][safepoint    ] Leaving safepoint region
[2019-12-11T08:33:29.127+0000][1][safepoint    ] Total time for which application threads were stopped: 0.0001097 seconds, Stopping threads took: 0.0000231 seconds
[2019-12-11T08:33:33.132+0000][1][safepoint    ] Application time: 4.0048499 seconds
[2019-12-11T08:33:33.132+0000][1][safepoint    ] Entering safepoint region: Cleanup
[2019-12-11T08:33:33.132+0000][1][safepoint    ] Leaving safepoint region
[2019-12-11T08:33:33.132+0000][1][safepoint    ] Total time for which application threads were stopped: 0.0001214 seconds, Stopping threads took: 0.0000348 seconds
[2019-12-11T08:33:34.132+0000][1][safepoint    ] Application time: 1.0000805 seconds
[2019-12-11T08:33:34.132+0000][1][safepoint    ] Entering safepoint region: Cleanup
[2019-12-11T08:33:34.132+0000][1][safepoint    ] Leaving safepoint region
[2019-12-11T08:33:34.132+0000][1][safepoint    ] Total time for which application threads were stopped: 0.0001122 seconds, Stopping threads took: 0.0000245 seconds
[2019-12-11T08:33:36.135+0000][1][safepoint    ] Application time: 2.0031300 seconds
[2019-12-11T08:33:36.135+0000][1][safepoint    ] Entering safepoint region: Cleanup
[2019-12-11T08:33:36.135+0000][1][safepoint    ] Leaving safepoint region
[2019-12-11T08:33:36.135+0000][1][safepoint    ] Total time for which application threads were stopped: 0.0001196 seconds, Stopping threads took: 0.0000282 seconds
[2019-12-11T08:33:38.140+0000][1][safepoint    ] Application time: 2.0042489 seconds
[2019-12-11T08:33:38.140+0000][1][safepoint    ] Entering safepoint region: Cleanup
[2019-12-11T08:33:38.140+0000][1][safepoint    ] Leaving safepoint region
[2019-12-11T08:33:38.140+0000][1][safepoint    ] Total time for which application threads were stopped: 0.0001183 seconds, Stopping threads took: 0.0000248 seconds
[2019-12-11T08:33:41.148+0000][1][safepoint    ] Application time: 3.0078706 seconds
[2019-12-11T08:33:41.148+0000][1][safepoint    ] Entering safepoint region: Cleanup
[2019-12-11T08:33:41.148+0000][1][safepoint    ] Leaving safepoint region
[2019-12-11T08:33:41.148+0000][1][safepoint    ] Total time for which application threads were stopped: 0.0001225 seconds, Stopping threads took: 0.0000262 seconds
[2019-12-11T08:33:44.151+0000][1][safepoint    ] Application time: 3.0027800 seconds
[2019-12-11T08:33:44.151+0000][1][safepoint    ] Entering safepoint region: Cleanup
[2019-12-11T08:33:44.151+0000][1][safepoint    ] Leaving safepoint region
[2019-12-11T08:33:44.151+0000][1][safepoint    ] Total time for which application threads were stopped: 0.0001052 seconds, Stopping threads took: 0.0000263 seconds
[2019-12-11T08:33:46.154+0000][1][safepoint    ] Application time: 2.0028584 seconds
[2019-12-11T08:33:46.154+0000][1][safepoint    ] Entering safepoint region: Cleanup
[2019-12-11T08:33:46.154+0000][1][safepoint    ] Leaving safepoint region
[2019-12-11T08:33:46.154+0000][1][safepoint    ] Total time for which application threads were stopped: 0.0001153 seconds, Stopping threads took: 0.0000252 seconds
[2019-12-11T08:33:48.157+0000][1][safepoint    ] Application time: 2.0027965 seconds
[2019-12-11T08:33:48.157+0000][1][safepoint    ] Entering safepoint region: Cleanup
[2019-12-11T08:33:48.157+0000][1][safepoint    ] Leaving safepoint region
[2019-12-11T08:33:48.157+0000][1][safepoint    ] Total time for which application threads were stopped: 0.0001276 seconds, Stopping threads took: 0.0000268 seconds
[2019-12-11T08:33:51.170+0000][1][safepoint    ] Application time: 3.0128207 seconds
[2019-12-11T08:33:51.170+0000][1][safepoint    ] Entering safepoint region: Cleanup
[2019-12-11T08:33:51.170+0000][1][safepoint    ] Leaving safepoint region
[2019-12-11T08:33:51.170+0000][1][safepoint    ] Total time for which application threads were stopped: 0.0001108 seconds, Stopping threads took: 0.0000244 seconds
[2019-12-11T08:34:04.191+0000][1][safepoint    ] Application time: 13.0208480 seconds
[2019-12-11T08:34:04.191+0000][1][safepoint    ] Entering safepoint region: Cleanup
[2019-12-11T08:34:04.191+0000][1][safepoint    ] Leaving safepoint region
[2019-12-11T08:34:04.191+0000][1][safepoint    ] Total time for which application threads were stopped: 0.0001355 seconds, Stopping threads took: 0.0000400 seconds
[2019-12-11T08:34:10.197+0000][1][safepoint    ] Application time: 6.0058684 seconds
[2019-12-11T08:34:10.197+0000][1][safepoint    ] Entering safepoint region: Cleanup
[2019-12-11T08:34:10.197+0000][1][safepoint    ] Leaving safepoint region
[2019-12-11T08:34:10.197+0000][1][safepoint    ] Total time for which application threads were stopped: 0.0001237 seconds, Stopping threads took: 0.0000363 seconds
[2019-12-11T08:34:16.207+0000][1][safepoint    ] Application time: 6.0097329 seconds
[2019-12-11T08:34:16.207+0000][1][safepoint    ] Entering safepoint region: Cleanup
[2019-12-11T08:34:16.207+0000][1][safepoint    ] Leaving safepoint region
[2019-12-11T08:34:16.207+0000][1][safepoint    ] Total time for which application threads were stopped: 0.0001419 seconds, Stopping threads took: 0.0000259 seconds
[2019-12-11T08:34:17.210+0000][1][safepoint    ] Application time: 1.0028614 seconds
[2019-12-11T08:34:17.210+0000][1][safepoint    ] Entering safepoint region: Cleanup
[2019-12-11T08:34:17.210+0000][1][safepoint    ] Leaving safepoint region
[2019-12-11T08:34:17.210+0000][1][safepoint    ] Total time for which application threads were stopped: 0.0001133 seconds, Stopping threads took: 0.0000246 seconds
[2019-12-11T08:34:19.213+0000][1][safepoint    ] Application time: 2.0027603 seconds
[2019-12-11T08:34:19.213+0000][1][safepoint    ] Entering safepoint region: Cleanup
[2019-12-11T08:34:19.213+0000][1][safepoint    ] Leaving safepoint region
[2019-12-11T08:34:19.213+0000][1][safepoint    ] Total time for which application threads were stopped: 0.0001115 seconds, Stopping threads took: 0.0000256 seconds
[2019-12-11T08:34:23.219+0000][1][safepoint    ] Application time: 4.0058734 seconds
[2019-12-11T08:34:23.219+0000][1][safepoint    ] Entering safepoint region: Cleanup
[2019-12-11T08:34:23.219+0000][1][safepoint    ] Leaving safepoint region
[2019-12-11T08:34:23.219+0000][1][safepoint    ] Total time for which application threads were stopped: 0.0001312 seconds, Stopping threads took: 0.0000394 seconds
[2019-12-11T08:34:26.223+0000][1][safepoint    ] Application time: 3.0037935 seconds
[2019-12-11T08:34:26.223+0000][1][safepoint    ] Entering safepoint region: Cleanup
[2019-12-11T08:34:26.223+0000][1][safepoint    ] Leaving safepoint region
[2019-12-11T08:34:26.223+0000][1][safepoint    ] Total time for which application threads were stopped: 0.0001136 seconds, Stopping threads took: 0.0000263 seconds
[2019-12-11T08:34:29.225+0000][1][safepoint    ] Application time: 3.0017988 seconds
[2019-12-11T08:34:29.225+0000][1][safepoint    ] Entering safepoint region: Cleanup
[2019-12-11T08:34:29.225+0000][1][safepoint    ] Leaving safepoint region
[2019-12-11T08:34:29.225+0000][1][safepoint    ] Total time for which application threads were stopped: 0.0001034 seconds, Stopping threads took: 0.0000231 seconds
[2019-12-11T08:34:34.237+0000][1][safepoint    ] Application time: 5.0118376 seconds
[2019-12-11T08:34:34.237+0000][1][safepoint    ] Entering safepoint region: Cleanup
[2019-12-11T08:34:34.237+0000][1][safepoint    ] Leaving safepoint region
[2019-12-11T08:34:34.237+0000][1][safepoint    ] Total time for which application threads were stopped: 0.0001268 seconds, Stopping threads took: 0.0000369 seconds
[2019-12-11T08:34:36.239+0000][1][safepoint    ] Application time: 2.0018893 seconds
[2019-12-11T08:34:36.239+0000][1][safepoint    ] Entering safepoint region: Cleanup
[2019-12-11T08:34:36.239+0000][1][safepoint    ] Leaving safepoint region
[2019-12-11T08:34:36.239+0000][1][safepoint    ] Total time for which application threads were stopped: 0.0001166 seconds, Stopping threads took: 0.0000346 seconds
[2019-12-11T08:34:37.240+0000][1][safepoint    ] Application time: 1.0008124 seconds
[2019-12-11T08:34:37.240+0000][1][safepoint    ] Entering safepoint region: Cleanup
[2019-12-11T08:34:37.240+0000][1][safepoint    ] Leaving safepoint region
[2019-12-11T08:34:37.240+0000][1][safepoint    ] Total time for which application threads were stopped: 0.0001165 seconds, Stopping threads took: 0.0000255 seconds
[2019-12-11T08:34:38.240+0000][1][safepoint    ] Application time: 1.0001400 seconds
[2019-12-11T08:34:38.240+0000][1][safepoint    ] Entering safepoint region: Cleanup
[2019-12-11T08:34:38.241+0000][1][safepoint    ] Leaving safepoint region
[2019-12-11T08:34:38.241+0000][1][safepoint    ] Total time for which application threads were stopped: 0.0005240 seconds, Stopping threads took: 0.0001767 seconds
[2019-12-11T08:34:40.247+0000][1][safepoint    ] Application time: 2.0058674 seconds
[2019-12-11T08:34:40.247+0000][1][safepoint    ] Entering safepoint region: Cleanup
[2019-12-11T08:34:40.247+0000][1][safepoint    ] Leaving safepoint region
[2019-12-11T08:34:40.247+0000][1][safepoint    ] Total time for which application threads were stopped: 0.0001269 seconds, Stopping threads took: 0.0000253 seconds
[2019-12-11T08:34:42.248+0000][1][safepoint    ] Application time: 2.0009080 seconds
[2019-12-11T08:34:42.248+0000][1][safepoint    ] Entering safepoint region: Cleanup
[2019-12-11T08:34:42.248+0000][1][safepoint    ] Leaving safepoint region
[2019-12-11T08:34:42.248+0000][1][safepoint    ] Total time for which application threads were stopped: 0.0001071 seconds, Stopping threads took: 0.0000252 seconds
[2019-12-11T08:34:44.251+0000][1][safepoint    ] Application time: 2.0028523 seconds
[2019-12-11T08:34:44.251+0000][1][safepoint    ] Entering safepoint region: Cleanup
[2019-12-11T08:34:44.252+0000][1][safepoint    ] Leaving safepoint region
[2019-12-11T08:34:44.252+0000][1][safepoint    ] Total time for which application threads were stopped: 0.0005715 seconds, Stopping threads took: 0.0001065 seconds
[2019-12-11T08:34:45.255+0000][1][safepoint    ] Application time: 1.0030643 seconds
[2019-12-11T08:34:45.255+0000][1][safepoint    ] Entering safepoint region: Cleanup
[2019-12-11T08:34:45.255+0000][1][safepoint    ] Leaving safepoint region
[2019-12-11T08:34:45.255+0000][1][safepoint    ] Total time for which application threads were stopped: 0.0001175 seconds, Stopping threads took: 0.0000257 seconds
[2019-12-11T08:34:52.266+0000][1][safepoint    ] Application time: 7.0108214 seconds
[2019-12-11T08:34:52.266+0000][1][safepoint    ] Entering safepoint region: Cleanup
[2019-12-11T08:34:52.266+0000][1][safepoint    ] Leaving safepoint region
[2019-12-11T08:34:52.266+0000][1][safepoint    ] Total time for which application threads were stopped: 0.0001234 seconds, Stopping threads took: 0.0000286 seconds
[2019-12-11T08:34:54.268+0000][1][safepoint    ] Application time: 2.0018130 seconds
[2019-12-11T08:34:54.268+0000][1][safepoint    ] Entering safepoint region: Cleanup
[2019-12-11T08:34:54.268+0000][1][safepoint    ] Leaving safepoint region
[2019-12-11T08:34:54.268+0000][1][safepoint    ] Total time for which application threads were stopped: 0.0001198 seconds, Stopping threads took: 0.0000264 seconds
[2019-12-11T08:34:55.272+0000][1][safepoint    ] Application time: 1.0038172 seconds
[2019-12-11T08:34:55.272+0000][1][safepoint    ] Entering safepoint region: Cleanup
[2019-12-11T08:34:55.272+0000][1][safepoint    ] Leaving safepoint region
[2019-12-11T08:34:55.272+0000][1][safepoint    ] Total time for which application threads were stopped: 0.0001167 seconds, Stopping threads took: 0.0000237 seconds
[2019-12-11T08:34:57.275+0000][1][safepoint    ] Application time: 2.0028328 seconds
[2019-12-11T08:34:57.275+0000][1][safepoint    ] Entering safepoint region: Cleanup
[2019-12-11T08:34:57.275+0000][1][safepoint    ] Leaving safepoint region
[2019-12-11T08:34:57.275+0000][1][safepoint    ] Total time for which application threads were stopped: 0.0001232 seconds, Stopping threads took: 0.0000260 seconds
[2019-12-11T08:35:02.280+0000][1][safepoint    ] Application time: 5.0049201 seconds
[2019-12-11T08:35:02.280+0000][1][safepoint    ] Entering safepoint region: Cleanup
[2019-12-11T08:35:02.280+0000][1][safepoint    ] Leaving safepoint region
[2019-12-11T08:35:02.280+0000][1][safepoint    ] Total time for which application threads were stopped: 0.0001250 seconds, Stopping threads took: 0.0000304 seconds
[2019-12-11T08:35:06.288+0000][1][safepoint    ] Application time: 4.0078170 seconds
[2019-12-11T08:35:06.288+0000][1][safepoint    ] Entering safepoint region: Cleanup
[2019-12-11T08:35:06.288+0000][1][safepoint    ] Leaving safepoint region
[2019-12-11T08:35:06.288+0000][1][safepoint    ] Total time for which application threads were stopped: 0.0001259 seconds, Stopping threads took: 0.0000278 seconds
[2019-12-11T08:35:07.666+0000][1][safepoint    ] Application time: 1.3783028 seconds
[2019-12-11T08:35:07.666+0000][1][safepoint    ] Entering safepoint region: GenCollectForAllocation
[2019-12-11T08:35:07.666+0000][1][gc,start     ] GC(25) Pause Young (Allocation Failure)
[2019-12-11T08:35:07.667+0000][1][gc,task      ] GC(25) Using 2 workers of 2 for evacuation
[2019-12-11T08:35:07.687+0000][1][gc,age       ] GC(25) Desired survivor size 4456448 bytes, new threshold 6 (max threshold 6)
[2019-12-11T08:35:07.687+0000][1][gc,age       ] GC(25) Age table with threshold 6 (max threshold 6)
[2019-12-11T08:35:07.687+0000][1][gc,age       ] GC(25) - age   1:      13664 bytes,      13664 total
[2019-12-11T08:35:07.687+0000][1][gc,age       ] GC(25) - age   2:       5480 bytes,      19144 total
[2019-12-11T08:35:07.687+0000][1][gc,age       ] GC(25) - age   3:    1534360 bytes,    1553504 total
[2019-12-11T08:35:07.687+0000][1][gc,heap      ] GC(25) ParNew: 74787K->2378K(78656K)
[2019-12-11T08:35:07.687+0000][1][gc,heap      ] GC(25) CMS: 68324K->68324K(174784K)
[2019-12-11T08:35:07.687+0000][1][gc,metaspace ] GC(25) Metaspace: 68321K->68321K(1112064K)
[2019-12-11T08:35:07.687+0000][1][gc           ] GC(25) Pause Young (Allocation Failure) 139M->69M(247M) 20.386ms
[2019-12-11T08:35:07.687+0000][1][gc,cpu       ] GC(25) User=0.01s Sys=0.00s Real=0.02s
[2019-12-11T08:35:07.687+0000][1][safepoint    ] Leaving safepoint region
[2019-12-11T08:35:07.687+0000][1][safepoint    ] Total time for which application threads were stopped: 0.0205976 seconds, Stopping threads took: 0.0000212 seconds
[2019-12-11T08:35:11.694+0000][1][safepoint    ] Application time: 4.0068665 seconds
[2019-12-11T08:35:11.694+0000][1][safepoint    ] Entering safepoint region: Cleanup
[2019-12-11T08:35:11.694+0000][1][safepoint    ] Leaving safepoint region
[2019-12-11T08:35:11.694+0000][1][safepoint    ] Total time for which application threads were stopped: 0.0001368 seconds, Stopping threads took: 0.0000376 seconds
[2019-12-11T08:35:12.695+0000][1][safepoint    ] Application time: 1.0006772 seconds
[2019-12-11T08:35:12.700+0000][1][safepoint    ] Entering safepoint region: Cleanup
[2019-12-11T08:35:12.700+0000][1][safepoint    ] Leaving safepoint region
[2019-12-11T08:35:12.700+0000][1][safepoint    ] Total time for which application threads were stopped: 0.0051051 seconds, Stopping threads took: 0.0049894 seconds
[2019-12-11T08:35:25.726+0000][1][safepoint    ] Application time: 13.0258407 seconds
[2019-12-11T08:35:25.726+0000][1][safepoint    ] Entering safepoint region: Cleanup
[2019-12-11T08:35:25.726+0000][1][safepoint    ] Leaving safepoint region
[2019-12-11T08:35:25.726+0000][1][safepoint    ] Total time for which application threads were stopped: 0.0001364 seconds, Stopping threads took: 0.0000262 seconds
[2019-12-11T08:35:31.741+0000][1][safepoint    ] Application time: 6.0148169 seconds
[2019-12-11T08:35:31.741+0000][1][safepoint    ] Entering safepoint region: Cleanup
[2019-12-11T08:35:31.741+0000][1][safepoint    ] Leaving safepoint region
[2019-12-11T08:35:31.741+0000][1][safepoint    ] Total time for which application threads were stopped: 0.0001043 seconds, Stopping threads took: 0.0000244 seconds
[2019-12-11T08:35:33.744+0000][1][safepoint    ] Application time: 2.0028246 seconds
[2019-12-11T08:35:33.744+0000][1][safepoint    ] Entering safepoint region: Cleanup
[2019-12-11T08:35:33.744+0000][1][safepoint    ] Leaving safepoint region
[2019-12-11T08:35:33.744+0000][1][safepoint    ] Total time for which application threads were stopped: 0.0001293 seconds, Stopping threads took: 0.0000248 seconds
[2019-12-11T08:35:37.752+0000][1][safepoint    ] Application time: 4.0078107 seconds
[2019-12-11T08:35:37.752+0000][1][safepoint    ] Entering safepoint region: Cleanup
[2019-12-11T08:35:37.752+0000][1][safepoint    ] Leaving safepoint region
[2019-12-11T08:35:37.752+0000][1][safepoint    ] Total time for which application threads were stopped: 0.0001361 seconds, Stopping threads took: 0.0000354 seconds
[2019-12-11T08:35:39.757+0000][1][safepoint    ] Application time: 2.0049301 seconds
[2019-12-11T08:35:39.757+0000][1][safepoint    ] Entering safepoint region: Cleanup
[2019-12-11T08:35:39.757+0000][1][safepoint    ] Leaving safepoint region
[2019-12-11T08:35:39.757+0000][1][safepoint    ] Total time for which application threads were stopped: 0.0001168 seconds, Stopping threads took: 0.0000241 seconds
[2019-12-11T08:35:43.761+0000][1][safepoint    ] Application time: 4.0036826 seconds
[2019-12-11T08:35:43.761+0000][1][safepoint    ] Entering safepoint region: Cleanup
[2019-12-11T08:35:43.761+0000][1][safepoint    ] Leaving safepoint region
[2019-12-11T08:35:43.761+0000][1][safepoint    ] Total time for which application threads were stopped: 0.0001284 seconds, Stopping threads took: 0.0000374 seconds
[2019-12-11T08:35:44.765+0000][1][safepoint    ] Application time: 1.0038036 seconds
[2019-12-11T08:35:44.765+0000][1][safepoint    ] Entering safepoint region: Cleanup
[2019-12-11T08:35:44.765+0000][1][safepoint    ] Leaving safepoint region
[2019-12-11T08:35:44.765+0000][1][safepoint    ] Total time for which application threads were stopped: 0.0001127 seconds, Stopping threads took: 0.0000248 seconds
[2019-12-11T08:36:02.798+0000][1][safepoint    ] Application time: 18.0329019 seconds
[2019-12-11T08:36:02.798+0000][1][safepoint    ] Entering safepoint region: Cleanup
[2019-12-11T08:36:02.798+0000][1][safepoint    ] Leaving safepoint region
[2019-12-11T08:36:02.798+0000][1][safepoint    ] Total time for which application threads were stopped: 0.0001144 seconds, Stopping threads took: 0.0000240 seconds
[2019-12-11T08:36:04.801+0000][1][safepoint    ] Application time: 2.0027723 seconds
[2019-12-11T08:36:04.801+0000][1][safepoint    ] Entering safepoint region: Cleanup
[2019-12-11T08:36:04.801+0000][1][safepoint    ] Leaving safepoint region
[2019-12-11T08:36:04.801+0000][1][safepoint    ] Total time for which application threads were stopped: 0.0001202 seconds, Stopping threads took: 0.0000269 seconds
[2019-12-11T08:36:12.821+0000][1][safepoint    ] Application time: 8.0198179 seconds
[2019-12-11T08:36:12.821+0000][1][safepoint    ] Entering safepoint region: Cleanup
[2019-12-11T08:36:12.821+0000][1][safepoint    ] Leaving safepoint region
[2019-12-11T08:36:12.821+0000][1][safepoint    ] Total time for which application threads were stopped: 0.0001248 seconds, Stopping threads took: 0.0000259 seconds
[2019-12-11T08:36:15.826+0000][1][safepoint    ] Application time: 3.0047986 seconds
[2019-12-11T08:36:15.826+0000][1][safepoint    ] Entering safepoint region: Cleanup
[2019-12-11T08:36:15.826+0000][1][safepoint    ] Leaving safepoint region
[2019-12-11T08:36:15.826+0000][1][safepoint    ] Total time for which application threads were stopped: 0.0001286 seconds, Stopping threads took: 0.0000363 seconds
[2019-12-11T08:36:16.830+0000][1][safepoint    ] Application time: 1.0038108 seconds
[2019-12-11T08:36:16.830+0000][1][safepoint    ] Entering safepoint region: Cleanup
[2019-12-11T08:36:16.830+0000][1][safepoint    ] Leaving safepoint region
[2019-12-11T08:36:16.830+0000][1][safepoint    ] Total time for which application threads were stopped: 0.0001163 seconds, Stopping threads took: 0.0000270 seconds
[2019-12-11T08:36:17.831+0000][1][safepoint    ] Application time: 1.0008218 seconds
[2019-12-11T08:36:17.831+0000][1][safepoint    ] Entering safepoint region: Cleanup
[2019-12-11T08:36:17.831+0000][1][safepoint    ] Leaving safepoint region
[2019-12-11T08:36:17.831+0000][1][safepoint    ] Total time for which application threads were stopped: 0.0001147 seconds, Stopping threads took: 0.0000270 seconds
[2019-12-11T08:36:19.834+0000][1][safepoint    ] Application time: 2.0028287 seconds
[2019-12-11T08:36:19.834+0000][1][safepoint    ] Entering safepoint region: Cleanup
[2019-12-11T08:36:19.834+0000][1][safepoint    ] Leaving safepoint region
[2019-12-11T08:36:19.834+0000][1][safepoint    ] Total time for which application threads were stopped: 0.0001146 seconds, Stopping threads took: 0.0000261 seconds
[2019-12-11T08:36:23.843+0000][1][safepoint    ] Application time: 4.0087361 seconds
[2019-12-11T08:36:23.843+0000][1][safepoint    ] Entering safepoint region: Cleanup
[2019-12-11T08:36:23.843+0000][1][safepoint    ] Leaving safepoint region
[2019-12-11T08:36:23.843+0000][1][safepoint    ] Total time for which application threads were stopped: 0.0001429 seconds, Stopping threads took: 0.0000495 seconds
[2019-12-11T08:36:24.843+0000][1][safepoint    ] Application time: 1.0000825 seconds
[2019-12-11T08:36:24.843+0000][1][safepoint    ] Entering safepoint region: Cleanup
[2019-12-11T08:36:24.843+0000][1][safepoint    ] Leaving safepoint region
[2019-12-11T08:36:24.843+0000][1][safepoint    ] Total time for which application threads were stopped: 0.0001007 seconds, Stopping threads took: 0.0000214 seconds
[2019-12-11T08:36:26.848+0000][1][safepoint    ] Application time: 2.0046537 seconds
[2019-12-11T08:36:26.848+0000][1][safepoint    ] Entering safepoint region: Cleanup
[2019-12-11T08:36:26.848+0000][1][safepoint    ] Leaving safepoint region
[2019-12-11T08:36:26.848+0000][1][safepoint    ] Total time for which application threads were stopped: 0.0001282 seconds, Stopping threads took: 0.0000289 seconds
[2019-12-11T08:36:29.852+0000][1][safepoint    ] Application time: 3.0037926 seconds
[2019-12-11T08:36:29.852+0000][1][safepoint    ] Entering safepoint region: Cleanup
[2019-12-11T08:36:29.852+0000][1][safepoint    ] Leaving safepoint region
[2019-12-11T08:36:29.852+0000][1][safepoint    ] Total time for which application threads were stopped: 0.0001179 seconds, Stopping threads took: 0.0000247 seconds
[2019-12-11T08:36:30.853+0000][1][safepoint    ] Application time: 1.0008606 seconds
[2019-12-11T08:36:30.853+0000][1][safepoint    ] Entering safepoint region: Cleanup
[2019-12-11T08:36:30.853+0000][1][safepoint    ] Leaving safepoint region
[2019-12-11T08:36:30.853+0000][1][safepoint    ] Total time for which application threads were stopped: 0.0001146 seconds, Stopping threads took: 0.0000256 seconds
[2019-12-11T08:36:32.859+0000][1][safepoint    ] Application time: 2.0063487 seconds
[2019-12-11T08:36:32.859+0000][1][safepoint    ] Entering safepoint region: Cleanup
[2019-12-11T08:36:32.859+0000][1][safepoint    ] Leaving safepoint region
[2019-12-11T08:36:32.859+0000][1][safepoint    ] Total time for which application threads were stopped: 0.0001168 seconds, Stopping threads took: 0.0000265 seconds
[2019-12-11T08:36:35.863+0000][1][safepoint    ] Application time: 3.0033215 seconds
[2019-12-11T08:36:35.863+0000][1][safepoint    ] Entering safepoint region: Cleanup
[2019-12-11T08:36:35.863+0000][1][safepoint    ] Leaving safepoint region
[2019-12-11T08:36:35.863+0000][1][safepoint    ] Total time for which application threads were stopped: 0.0001225 seconds, Stopping threads took: 0.0000265 seconds
[2019-12-11T08:36:37.866+0000][1][safepoint    ] Application time: 2.0027549 seconds
[2019-12-11T08:36:37.866+0000][1][safepoint    ] Entering safepoint region: Cleanup
[2019-12-11T08:36:37.866+0000][1][safepoint    ] Leaving safepoint region
[2019-12-11T08:36:37.866+0000][1][safepoint    ] Total time for which application threads were stopped: 0.0001087 seconds, Stopping threads took: 0.0000236 seconds
[2019-12-11T08:36:42.872+0000][1][safepoint    ] Application time: 5.0063744 seconds
[2019-12-11T08:36:42.872+0000][1][safepoint    ] Entering safepoint region: Cleanup
[2019-12-11T08:36:42.872+0000][1][safepoint    ] Leaving safepoint region
[2019-12-11T08:36:42.872+0000][1][safepoint    ] Total time for which application threads were stopped: 0.0001217 seconds, Stopping threads took: 0.0000273 seconds
[2019-12-11T08:36:45.878+0000][1][safepoint    ] Application time: 3.0054460 seconds
[2019-12-11T08:36:45.878+0000][1][safepoint    ] Entering safepoint region: Cleanup
[2019-12-11T08:36:45.878+0000][1][safepoint    ] Leaving safepoint region
[2019-12-11T08:36:45.878+0000][1][safepoint    ] Total time for which application threads were stopped: 0.0001112 seconds, Stopping threads took: 0.0000246 seconds
[2019-12-11T08:36:46.881+0000][1][safepoint    ] Application time: 1.0025777 seconds
[2019-12-11T08:36:46.881+0000][1][safepoint    ] Entering safepoint region: Cleanup
[2019-12-11T08:36:46.881+0000][1][safepoint    ] Leaving safepoint region
[2019-12-11T08:36:46.881+0000][1][safepoint    ] Total time for which application threads were stopped: 0.0001234 seconds, Stopping threads took: 0.0000412 seconds
[2019-12-11T08:36:52.889+0000][1][safepoint    ] Application time: 6.0077337 seconds
[2019-12-11T08:36:52.889+0000][1][safepoint    ] Entering safepoint region: Cleanup
[2019-12-11T08:36:52.889+0000][1][safepoint    ] Leaving safepoint region
[2019-12-11T08:36:52.889+0000][1][safepoint    ] Total time for which application threads were stopped: 0.0001410 seconds, Stopping threads took: 0.0000354 seconds
[2019-12-11T08:36:53.890+0000][1][safepoint    ] Application time: 1.0009920 seconds
[2019-12-11T08:36:53.890+0000][1][safepoint    ] Entering safepoint region: Cleanup
[2019-12-11T08:36:53.890+0000][1][safepoint    ] Leaving safepoint region
[2019-12-11T08:36:53.890+0000][1][safepoint    ] Total time for which application threads were stopped: 0.0001179 seconds, Stopping threads took: 0.0000258 seconds
[2019-12-11T08:37:01.909+0000][1][safepoint    ] Application time: 8.0189650 seconds
[2019-12-11T08:37:01.909+0000][1][safepoint    ] Entering safepoint region: Cleanup
[2019-12-11T08:37:01.909+0000][1][safepoint    ] Leaving safepoint region
[2019-12-11T08:37:01.909+0000][1][safepoint    ] Total time for which application threads were stopped: 0.0001139 seconds, Stopping threads took: 0.0000255 seconds
[2019-12-11T08:37:03.914+0000][1][safepoint    ] Application time: 2.0046533 seconds
[2019-12-11T08:37:03.914+0000][1][safepoint    ] Entering safepoint region: Cleanup
[2019-12-11T08:37:03.914+0000][1][safepoint    ] Leaving safepoint region
[2019-12-11T08:37:03.914+0000][1][safepoint    ] Total time for which application threads were stopped: 0.0001159 seconds, Stopping threads took: 0.0000337 seconds
[2019-12-11T08:37:05.917+0000][1][safepoint    ] Application time: 2.0028257 seconds
[2019-12-11T08:37:05.917+0000][1][safepoint    ] Entering safepoint region: Cleanup
[2019-12-11T08:37:05.917+0000][1][safepoint    ] Leaving safepoint region
[2019-12-11T08:37:05.917+0000][1][safepoint    ] Total time for which application threads were stopped: 0.0001087 seconds, Stopping threads took: 0.0000242 seconds
[2019-12-11T08:37:07.810+0000][1][safepoint    ] Application time: 1.8932431 seconds
[2019-12-11T08:37:07.810+0000][1][safepoint    ] Entering safepoint region: GenCollectForAllocation
[2019-12-11T08:37:07.810+0000][1][gc,start     ] GC(26) Pause Young (Allocation Failure)
[2019-12-11T08:37:07.810+0000][1][gc,task      ] GC(26) Using 2 workers of 2 for evacuation
[2019-12-11T08:37:07.833+0000][1][gc,age       ] GC(26) Desired survivor size 4456448 bytes, new threshold 6 (max threshold 6)
[2019-12-11T08:37:07.833+0000][1][gc,age       ] GC(26) Age table with threshold 6 (max threshold 6)
[2019-12-11T08:37:07.833+0000][1][gc,age       ] GC(26) - age   1:       6520 bytes,       6520 total
[2019-12-11T08:37:07.833+0000][1][gc,age       ] GC(26) - age   2:       9664 bytes,      16184 total
[2019-12-11T08:37:07.833+0000][1][gc,age       ] GC(26) - age   3:       5480 bytes,      21664 total
[2019-12-11T08:37:07.833+0000][1][gc,age       ] GC(26) - age   4:    1462208 bytes,    1483872 total
[2019-12-11T08:37:07.833+0000][1][gc,heap      ] GC(26) ParNew: 72330K->1534K(78656K)
[2019-12-11T08:37:07.833+0000][1][gc,heap      ] GC(26) CMS: 68324K->68324K(174784K)
[2019-12-11T08:37:07.833+0000][1][gc,metaspace ] GC(26) Metaspace: 68432K->68432K(1112064K)
[2019-12-11T08:37:07.833+0000][1][gc           ] GC(26) Pause Young (Allocation Failure) 137M->68M(247M) 22.905ms
[2019-12-11T08:37:07.833+0000][1][gc,cpu       ] GC(26) User=0.01s Sys=0.00s Real=0.02s
[2019-12-11T08:37:07.833+0000][1][safepoint    ] Leaving safepoint region
[2019-12-11T08:37:07.833+0000][1][safepoint    ] Total time for which application threads were stopped: 0.0231081 seconds, Stopping threads took: 0.0000212 seconds
[2019-12-11T08:37:09.839+0000][1][safepoint    ] Application time: 2.0054697 seconds
[2019-12-11T08:37:09.839+0000][1][safepoint    ] Entering safepoint region: Cleanup
[2019-12-11T08:37:09.839+0000][1][safepoint    ] Leaving safepoint region
[2019-12-11T08:37:09.839+0000][1][safepoint    ] Total time for which application threads were stopped: 0.0001102 seconds, Stopping threads took: 0.0000267 seconds
[2019-12-11T08:37:12.844+0000][1][safepoint    ] Application time: 3.0047701 seconds
[2019-12-11T08:37:12.844+0000][1][safepoint    ] Entering safepoint region: Cleanup
[2019-12-11T08:37:12.844+0000][1][safepoint    ] Leaving safepoint region
[2019-12-11T08:37:12.844+0000][1][safepoint    ] Total time for which application threads were stopped: 0.0001034 seconds, Stopping threads took: 0.0000216 seconds
[2019-12-11T08:37:13.846+0000][1][safepoint    ] Application time: 1.0018481 seconds
[2019-12-11T08:37:13.846+0000][1][safepoint    ] Entering safepoint region: Cleanup
[2019-12-11T08:37:13.846+0000][1][safepoint    ] Leaving safepoint region
[2019-12-11T08:37:13.846+0000][1][safepoint    ] Total time for which application threads were stopped: 0.0001150 seconds, Stopping threads took: 0.0000254 seconds
[2019-12-11T08:37:19.856+0000][1][safepoint    ] Application time: 6.0098576 seconds
[2019-12-11T08:37:19.856+0000][1][safepoint    ] Entering safepoint region: Cleanup
[2019-12-11T08:37:19.856+0000][1][safepoint    ] Leaving safepoint region
[2019-12-11T08:37:19.856+0000][1][safepoint    ] Total time for which application threads were stopped: 0.0001245 seconds, Stopping threads took: 0.0000345 seconds
[2019-12-11T08:37:20.857+0000][1][safepoint    ] Application time: 1.0007834 seconds
[2019-12-11T08:37:20.857+0000][1][safepoint    ] Entering safepoint region: Cleanup
[2019-12-11T08:37:20.857+0000][1][safepoint    ] Leaving safepoint region
[2019-12-11T08:37:20.857+0000][1][safepoint    ] Total time for which application threads were stopped: 0.0001496 seconds, Stopping threads took: 0.0000385 seconds
[2019-12-11T08:37:30.873+0000][1][safepoint    ] Application time: 10.0157906 seconds
[2019-12-11T08:37:30.873+0000][1][safepoint    ] Entering safepoint region: Cleanup
[2019-12-11T08:37:30.873+0000][1][safepoint    ] Leaving safepoint region
[2019-12-11T08:37:30.873+0000][1][safepoint    ] Total time for which application threads were stopped: 0.0001138 seconds, Stopping threads took: 0.0000275 seconds
[2019-12-11T08:37:34.880+0000][1][safepoint    ] Application time: 4.0073714 seconds
[2019-12-11T08:37:34.880+0000][1][safepoint    ] Entering safepoint region: Cleanup
[2019-12-11T08:37:34.880+0000][1][safepoint    ] Leaving safepoint region
[2019-12-11T08:37:34.880+0000][1][safepoint    ] Total time for which application threads were stopped: 0.0001117 seconds, Stopping threads took: 0.0000245 seconds
[2019-12-11T08:37:35.881+0000][1][safepoint    ] Application time: 1.0003069 seconds
[2019-12-11T08:37:35.881+0000][1][safepoint    ] Entering safepoint region: Cleanup
[2019-12-11T08:37:35.881+0000][1][safepoint    ] Leaving safepoint region
[2019-12-11T08:37:35.881+0000][1][safepoint    ] Total time for which application threads were stopped: 0.0001178 seconds, Stopping threads took: 0.0000252 seconds
[2019-12-11T08:37:50.907+0000][1][safepoint    ] Application time: 15.0257504 seconds
[2019-12-11T08:37:50.907+0000][1][safepoint    ] Entering safepoint region: Cleanup
[2019-12-11T08:37:50.907+0000][1][safepoint    ] Leaving safepoint region
[2019-12-11T08:37:50.907+0000][1][safepoint    ] Total time for which application threads were stopped: 0.0001275 seconds, Stopping threads took: 0.0000340 seconds
[2019-12-11T08:37:55.926+0000][1][safepoint    ] Application time: 5.0188602 seconds
[2019-12-11T08:37:55.926+0000][1][safepoint    ] Entering safepoint region: Cleanup
[2019-12-11T08:37:55.926+0000][1][safepoint    ] Leaving safepoint region
[2019-12-11T08:37:55.926+0000][1][safepoint    ] Total time for which application threads were stopped: 0.0001147 seconds, Stopping threads took: 0.0000265 seconds
[2019-12-11T08:38:10.947+0000][1][safepoint    ] Application time: 15.0208704 seconds
[2019-12-11T08:38:10.947+0000][1][safepoint    ] Entering safepoint region: Cleanup
[2019-12-11T08:38:10.947+0000][1][safepoint    ] Leaving safepoint region
[2019-12-11T08:38:10.947+0000][1][safepoint    ] Total time for which application threads were stopped: 0.0001127 seconds, Stopping threads took: 0.0000249 seconds
[2019-12-11T08:38:13.949+0000][1][safepoint    ] Application time: 3.0021673 seconds
[2019-12-11T08:38:13.949+0000][1][safepoint    ] Entering safepoint region: Cleanup
[2019-12-11T08:38:13.949+0000][1][safepoint    ] Leaving safepoint region
[2019-12-11T08:38:13.949+0000][1][safepoint    ] Total time for which application threads were stopped: 0.0001290 seconds, Stopping threads took: 0.0000264 seconds
[2019-12-11T08:38:52.011+0000][1][safepoint    ] Application time: 38.0614901 seconds
[2019-12-11T08:38:52.011+0000][1][safepoint    ] Entering safepoint region: Cleanup
[2019-12-11T08:38:52.011+0000][1][safepoint    ] Leaving safepoint region
[2019-12-11T08:38:52.011+0000][1][safepoint    ] Total time for which application threads were stopped: 0.0001238 seconds, Stopping threads took: 0.0000356 seconds
[2019-12-11T08:39:02.026+0000][1][safepoint    ] Application time: 10.0147507 seconds
[2019-12-11T08:39:02.026+0000][1][safepoint    ] Entering safepoint region: Cleanup
[2019-12-11T08:39:02.026+0000][1][safepoint    ] Leaving safepoint region
[2019-12-11T08:39:02.026+0000][1][safepoint    ] Total time for which application threads were stopped: 0.0001161 seconds, Stopping threads took: 0.0000266 seconds
[2019-12-11T08:39:07.036+0000][1][safepoint    ] Application time: 5.0098818 seconds
[2019-12-11T08:39:07.036+0000][1][safepoint    ] Entering safepoint region: Cleanup
[2019-12-11T08:39:07.036+0000][1][safepoint    ] Leaving safepoint region
[2019-12-11T08:39:07.036+0000][1][safepoint    ] Total time for which application threads were stopped: 0.0001152 seconds, Stopping threads took: 0.0000254 seconds
[2019-12-11T08:39:07.768+0000][1][safepoint    ] Application time: 0.7317659 seconds
[2019-12-11T08:39:07.768+0000][1][safepoint    ] Entering safepoint region: GenCollectForAllocation
[2019-12-11T08:39:07.768+0000][1][gc,start     ] GC(27) Pause Young (Allocation Failure)
[2019-12-11T08:39:07.768+0000][1][gc,task      ] GC(27) Using 2 workers of 2 for evacuation
[2019-12-11T08:39:07.782+0000][1][gc,age       ] GC(27) Desired survivor size 4456448 bytes, new threshold 6 (max threshold 6)
[2019-12-11T08:39:07.782+0000][1][gc,age       ] GC(27) Age table with threshold 6 (max threshold 6)
[2019-12-11T08:39:07.782+0000][1][gc,age       ] GC(27) - age   1:       7544 bytes,       7544 total
[2019-12-11T08:39:07.782+0000][1][gc,age       ] GC(27) - age   2:       3440 bytes,      10984 total
[2019-12-11T08:39:07.782+0000][1][gc,age       ] GC(27) - age   3:       9664 bytes,      20648 total
[2019-12-11T08:39:07.782+0000][1][gc,age       ] GC(27) - age   4:       5480 bytes,      26128 total
[2019-12-11T08:39:07.782+0000][1][gc,age       ] GC(27) - age   5:    1459072 bytes,    1485200 total
[2019-12-11T08:39:07.782+0000][1][gc,heap      ] GC(27) ParNew: 71438K->2205K(78656K)
[2019-12-11T08:39:07.782+0000][1][gc,heap      ] GC(27) CMS: 68324K->68324K(174784K)
[2019-12-11T08:39:07.782+0000][1][gc,metaspace ] GC(27) Metaspace: 68480K->68480K(1112064K)
[2019-12-11T08:39:07.782+0000][1][gc           ] GC(27) Pause Young (Allocation Failure) 136M->68M(247M) 14.413ms
[2019-12-11T08:39:07.782+0000][1][gc,cpu       ] GC(27) User=0.01s Sys=0.00s Real=0.01s
[2019-12-11T08:39:07.782+0000][1][safepoint    ] Leaving safepoint region
[2019-12-11T08:39:07.782+0000][1][safepoint    ] Total time for which application threads were stopped: 0.0146113 seconds, Stopping threads took: 0.0000225 seconds
[2019-12-11T08:39:21.812+0000][1][safepoint    ] Application time: 14.0294312 seconds
[2019-12-11T08:39:21.812+0000][1][safepoint    ] Entering safepoint region: Cleanup
[2019-12-11T08:39:21.812+0000][1][safepoint    ] Leaving safepoint region
[2019-12-11T08:39:21.812+0000][1][safepoint    ] Total time for which application threads were stopped: 0.0001068 seconds, Stopping threads took: 0.0000255 seconds
[2019-12-11T08:39:35.831+0000][1][safepoint    ] Application time: 14.0187796 seconds
[2019-12-11T08:39:35.831+0000][1][safepoint    ] Entering safepoint region: Cleanup
[2019-12-11T08:39:35.831+0000][1][safepoint    ] Leaving safepoint region
[2019-12-11T08:39:35.831+0000][1][safepoint    ] Total time for which application threads were stopped: 0.0001543 seconds, Stopping threads took: 0.0000523 seconds
[2019-12-11T08:39:36.833+0000][1][safepoint    ] Application time: 1.0017315 seconds
[2019-12-11T08:39:36.833+0000][1][safepoint    ] Entering safepoint region: Cleanup
[2019-12-11T08:39:36.833+0000][1][safepoint    ] Leaving safepoint region
[2019-12-11T08:39:36.833+0000][1][safepoint    ] Total time for which application threads were stopped: 0.0001069 seconds, Stopping threads took: 0.0000246 seconds
[2019-12-11T08:39:38.838+0000][1][safepoint    ] Application time: 2.0048610 seconds
[2019-12-11T08:39:38.838+0000][1][safepoint    ] Entering safepoint region: Cleanup
[2019-12-11T08:39:38.838+0000][1][safepoint    ] Leaving safepoint region
[2019-12-11T08:39:38.838+0000][1][safepoint    ] Total time for which application threads were stopped: 0.0001123 seconds, Stopping threads took: 0.0000317 seconds
[2019-12-11T08:39:44.847+0000][1][safepoint    ] Application time: 6.0088327 seconds
[2019-12-11T08:39:44.847+0000][1][safepoint    ] Entering safepoint region: Cleanup
[2019-12-11T08:39:44.847+0000][1][safepoint    ] Leaving safepoint region
[2019-12-11T08:39:44.847+0000][1][safepoint    ] Total time for which application threads were stopped: 0.0001189 seconds, Stopping threads took: 0.0000246 seconds
[2019-12-11T08:39:47.857+0000][1][safepoint    ] Application time: 3.0097892 seconds
[2019-12-11T08:39:47.857+0000][1][safepoint    ] Entering safepoint region: Cleanup
[2019-12-11T08:39:47.857+0000][1][safepoint    ] Leaving safepoint region
[2019-12-11T08:39:47.857+0000][1][safepoint    ] Total time for which application threads were stopped: 0.0001125 seconds, Stopping threads took: 0.0000256 seconds
[2019-12-11T08:39:48.860+0000][1][safepoint    ] Application time: 1.0028547 seconds
[2019-12-11T08:39:48.860+0000][1][safepoint    ] Entering safepoint region: Cleanup
[2019-12-11T08:39:48.860+0000][1][safepoint    ] Leaving safepoint region
[2019-12-11T08:39:48.860+0000][1][safepoint    ] Total time for which application threads were stopped: 0.0001156 seconds, Stopping threads took: 0.0000273 seconds
[2019-12-11T08:39:58.877+0000][1][safepoint    ] Application time: 10.0169520 seconds
[2019-12-11T08:39:58.877+0000][1][safepoint    ] Entering safepoint region: Cleanup
[2019-12-11T08:39:58.877+0000][1][safepoint    ] Leaving safepoint region
[2019-12-11T08:39:58.877+0000][1][safepoint    ] Total time for which application threads were stopped: 0.0001210 seconds, Stopping threads took: 0.0000345 seconds
[2019-12-11T08:40:06.892+0000][1][safepoint    ] Application time: 8.0146745 seconds
[2019-12-11T08:40:06.892+0000][1][safepoint    ] Entering safepoint region: Cleanup
[2019-12-11T08:40:06.892+0000][1][safepoint    ] Leaving safepoint region
[2019-12-11T08:40:06.892+0000][1][safepoint    ] Total time for which application threads were stopped: 0.0001181 seconds, Stopping threads took: 0.0000270 seconds
[2019-12-11T08:40:11.896+0000][1][safepoint    ] Application time: 5.0039275 seconds
[2019-12-11T08:40:11.896+0000][1][safepoint    ] Entering safepoint region: Cleanup
[2019-12-11T08:40:11.896+0000][1][safepoint    ] Leaving safepoint region
[2019-12-11T08:40:11.896+0000][1][safepoint    ] Total time for which application threads were stopped: 0.0001144 seconds, Stopping threads took: 0.0000266 seconds
[2019-12-11T08:40:14.902+0000][1][safepoint    ] Application time: 3.0057438 seconds
[2019-12-11T08:40:14.902+0000][1][safepoint    ] Entering safepoint region: Cleanup
[2019-12-11T08:40:14.902+0000][1][safepoint    ] Leaving safepoint region
[2019-12-11T08:40:14.902+0000][1][safepoint    ] Total time for which application threads were stopped: 0.0001133 seconds, Stopping threads took: 0.0000255 seconds
[2019-12-11T08:40:19.913+0000][1][safepoint    ] Application time: 5.0108526 seconds
[2019-12-11T08:40:19.913+0000][1][safepoint    ] Entering safepoint region: Cleanup
[2019-12-11T08:40:19.913+0000][1][safepoint    ] Leaving safepoint region
[2019-12-11T08:40:19.913+0000][1][safepoint    ] Total time for which application threads were stopped: 0.0001310 seconds, Stopping threads took: 0.0000276 seconds
[2019-12-11T08:40:28.928+0000][1][safepoint    ] Application time: 9.0150478 seconds
[2019-12-11T08:40:28.928+0000][1][safepoint    ] Entering safepoint region: Cleanup
[2019-12-11T08:40:28.928+0000][1][safepoint    ] Leaving safepoint region
[2019-12-11T08:40:28.928+0000][1][safepoint    ] Total time for which application threads were stopped: 0.0001157 seconds, Stopping threads took: 0.0000261 seconds
[2019-12-11T08:40:31.934+0000][1][safepoint    ] Application time: 3.0055499 seconds
[2019-12-11T08:40:31.934+0000][1][safepoint    ] Entering safepoint region: Cleanup
[2019-12-11T08:40:31.934+0000][1][safepoint    ] Leaving safepoint region
[2019-12-11T08:40:31.934+0000][1][safepoint    ] Total time for which application threads were stopped: 0.0001207 seconds, Stopping threads took: 0.0000333 seconds
[2019-12-11T08:40:33.937+0000][1][safepoint    ] Application time: 2.0028062 seconds
[2019-12-11T08:40:33.937+0000][1][safepoint    ] Entering safepoint region: Cleanup
[2019-12-11T08:40:33.937+0000][1][safepoint    ] Leaving safepoint region
[2019-12-11T08:40:33.937+0000][1][safepoint    ] Total time for which application threads were stopped: 0.0001149 seconds, Stopping threads took: 0.0000350 seconds
[2019-12-11T08:40:39.946+0000][1][safepoint    ] Application time: 6.0090608 seconds
[2019-12-11T08:40:39.946+0000][1][safepoint    ] Entering safepoint region: Cleanup
[2019-12-11T08:40:39.946+0000][1][safepoint    ] Leaving safepoint region
[2019-12-11T08:40:39.946+0000][1][safepoint    ] Total time for which application threads were stopped: 0.0001174 seconds, Stopping threads took: 0.0000258 seconds
[2019-12-11T08:40:45.958+0000][1][safepoint    ] Application time: 6.0115956 seconds
[2019-12-11T08:40:45.958+0000][1][safepoint    ] Entering safepoint region: Cleanup
[2019-12-11T08:40:45.958+0000][1][safepoint    ] Leaving safepoint region
[2019-12-11T08:40:45.958+0000][1][safepoint    ] Total time for which application threads were stopped: 0.0001136 seconds, Stopping threads took: 0.0000248 seconds
[2019-12-11T08:40:46.961+0000][1][safepoint    ] Application time: 1.0028563 seconds
[2019-12-11T08:40:46.961+0000][1][safepoint    ] Entering safepoint region: Cleanup
[2019-12-11T08:40:46.961+0000][1][safepoint    ] Leaving safepoint region
[2019-12-11T08:40:46.961+0000][1][safepoint    ] Total time for which application threads were stopped: 0.0001135 seconds, Stopping threads took: 0.0000245 seconds
[2019-12-11T08:40:48.964+0000][1][safepoint    ] Application time: 2.0028097 seconds
[2019-12-11T08:40:48.964+0000][1][safepoint    ] Entering safepoint region: Cleanup
[2019-12-11T08:40:48.964+0000][1][safepoint    ] Leaving safepoint region
[2019-12-11T08:40:48.964+0000][1][safepoint    ] Total time for which application threads were stopped: 0.0001193 seconds, Stopping threads took: 0.0000271 seconds
[2019-12-11T08:40:54.977+0000][1][safepoint    ] Application time: 6.0128163 seconds
[2019-12-11T08:40:54.977+0000][1][safepoint    ] Entering safepoint region: Cleanup
[2019-12-11T08:40:54.977+0000][1][safepoint    ] Leaving safepoint region
[2019-12-11T08:40:54.977+0000][1][safepoint    ] Total time for which application threads were stopped: 0.0001034 seconds, Stopping threads took: 0.0000233 seconds
[2019-12-11T08:40:58.985+0000][1][safepoint    ] Application time: 4.0078411 seconds
[2019-12-11T08:40:58.985+0000][1][safepoint    ] Entering safepoint region: Cleanup
[2019-12-11T08:40:58.985+0000][1][safepoint    ] Leaving safepoint region
[2019-12-11T08:40:58.985+0000][1][safepoint    ] Total time for which application threads were stopped: 0.0001181 seconds, Stopping threads took: 0.0000249 seconds
[2019-12-11T08:41:04.485+0000][1][safepoint    ] Application time: 5.5002044 seconds
[2019-12-11T08:41:04.485+0000][1][safepoint    ] Entering safepoint region: GenCollectForAllocation
[2019-12-11T08:41:04.485+0000][1][gc,start     ] GC(28) Pause Young (Allocation Failure)
[2019-12-11T08:41:04.485+0000][1][gc,task      ] GC(28) Using 2 workers of 2 for evacuation
[2019-12-11T08:41:04.508+0000][1][gc,age       ] GC(28) Desired survivor size 4456448 bytes, new threshold 6 (max threshold 6)
[2019-12-11T08:41:04.508+0000][1][gc,age       ] GC(28) Age table with threshold 6 (max threshold 6)
[2019-12-11T08:41:04.508+0000][1][gc,age       ] GC(28) - age   1:       4872 bytes,       4872 total
[2019-12-11T08:41:04.508+0000][1][gc,age       ] GC(28) - age   2:       4544 bytes,       9416 total
[2019-12-11T08:41:04.508+0000][1][gc,age       ] GC(28) - age   3:       3440 bytes,      12856 total
[2019-12-11T08:41:04.508+0000][1][gc,age       ] GC(28) - age   4:       9664 bytes,      22520 total
[2019-12-11T08:41:04.508+0000][1][gc,age       ] GC(28) - age   5:       5480 bytes,      28000 total
[2019-12-11T08:41:04.508+0000][1][gc,age       ] GC(28) - age   6:    1459072 bytes,    1487072 total
[2019-12-11T08:41:04.508+0000][1][gc,heap      ] GC(28) ParNew: 72109K->2183K(78656K)
[2019-12-11T08:41:04.508+0000][1][gc,heap      ] GC(28) CMS: 68324K->68324K(174784K)
[2019-12-11T08:41:04.508+0000][1][gc,metaspace ] GC(28) Metaspace: 68498K->68498K(1112064K)
[2019-12-11T08:41:04.508+0000][1][gc           ] GC(28) Pause Young (Allocation Failure) 137M->68M(247M) 23.023ms
[2019-12-11T08:41:04.508+0000][1][gc,cpu       ] GC(28) User=0.01s Sys=0.00s Real=0.02s
[2019-12-11T08:41:04.508+0000][1][safepoint    ] Leaving safepoint region
[2019-12-11T08:41:04.508+0000][1][safepoint    ] Total time for which application threads were stopped: 0.0232280 seconds, Stopping threads took: 0.0000330 seconds
[2019-12-11T08:41:13.523+0000][1][safepoint    ] Application time: 9.0143659 seconds
[2019-12-11T08:41:13.523+0000][1][safepoint    ] Entering safepoint region: Cleanup
[2019-12-11T08:41:13.523+0000][1][safepoint    ] Leaving safepoint region
[2019-12-11T08:41:13.523+0000][1][safepoint    ] Total time for which application threads were stopped: 0.0001169 seconds, Stopping threads took: 0.0000254 seconds
[2019-12-11T08:41:18.530+0000][1][safepoint    ] Application time: 5.0068120 seconds
[2019-12-11T08:41:18.530+0000][1][safepoint    ] Entering safepoint region: Cleanup
[2019-12-11T08:41:18.530+0000][1][safepoint    ] Leaving safepoint region
[2019-12-11T08:41:18.530+0000][1][safepoint    ] Total time for which application threads were stopped: 0.0001158 seconds, Stopping threads took: 0.0000275 seconds
[2019-12-11T08:41:33.553+0000][1][safepoint    ] Application time: 15.0228145 seconds
[2019-12-11T08:41:33.553+0000][1][safepoint    ] Entering safepoint region: Cleanup
[2019-12-11T08:41:33.553+0000][1][safepoint    ] Leaving safepoint region
[2019-12-11T08:41:33.553+0000][1][safepoint    ] Total time for which application threads were stopped: 0.0001196 seconds, Stopping threads took: 0.0000263 seconds
[2019-12-11T08:41:43.568+0000][1][safepoint    ] Application time: 10.0148441 seconds
[2019-12-11T08:41:43.568+0000][1][safepoint    ] Entering safepoint region: Cleanup
[2019-12-11T08:41:43.568+0000][1][safepoint    ] Leaving safepoint region
[2019-12-11T08:41:43.568+0000][1][safepoint    ] Total time for which application threads were stopped: 0.0001338 seconds, Stopping threads took: 0.0000372 seconds
[2019-12-11T08:41:49.579+0000][1][safepoint    ] Application time: 6.0107929 seconds
[2019-12-11T08:41:49.579+0000][1][safepoint    ] Entering safepoint region: Cleanup
[2019-12-11T08:41:49.579+0000][1][safepoint    ] Leaving safepoint region
[2019-12-11T08:41:49.579+0000][1][safepoint    ] Total time for which application threads were stopped: 0.0001288 seconds, Stopping threads took: 0.0000274 seconds
[2019-12-11T08:41:52.582+0000][1][safepoint    ] Application time: 3.0027965 seconds
[2019-12-11T08:41:52.582+0000][1][safepoint    ] Entering safepoint region: Cleanup
[2019-12-11T08:41:52.582+0000][1][safepoint    ] Leaving safepoint region
[2019-12-11T08:41:52.582+0000][1][safepoint    ] Total time for which application threads were stopped: 0.0001188 seconds, Stopping threads took: 0.0000259 seconds
[2019-12-11T08:42:00.598+0000][1][safepoint    ] Application time: 8.0158969 seconds
[2019-12-11T08:42:00.598+0000][1][safepoint    ] Entering safepoint region: Cleanup
[2019-12-11T08:42:00.598+0000][1][safepoint    ] Leaving safepoint region
[2019-12-11T08:42:00.598+0000][1][safepoint    ] Total time for which application threads were stopped: 0.0001400 seconds, Stopping threads took: 0.0000268 seconds
[2019-12-11T08:42:18.624+0000][1][safepoint    ] Application time: 18.0257287 seconds
[2019-12-11T08:42:18.624+0000][1][safepoint    ] Entering safepoint region: Cleanup
[2019-12-11T08:42:18.624+0000][1][safepoint    ] Leaving safepoint region
[2019-12-11T08:42:18.624+0000][1][safepoint    ] Total time for which application threads were stopped: 0.0001285 seconds, Stopping threads took: 0.0000388 seconds
[2019-12-11T08:42:22.631+0000][1][safepoint    ] Application time: 4.0068119 seconds
[2019-12-11T08:42:22.631+0000][1][safepoint    ] Entering safepoint region: Cleanup
[2019-12-11T08:42:22.631+0000][1][safepoint    ] Leaving safepoint region
[2019-12-11T08:42:22.631+0000][1][safepoint    ] Total time for which application threads were stopped: 0.0001010 seconds, Stopping threads took: 0.0000233 seconds
[2019-12-11T08:42:24.636+0000][1][safepoint    ] Application time: 2.0048556 seconds
[2019-12-11T08:42:24.636+0000][1][safepoint    ] Entering safepoint region: Cleanup
[2019-12-11T08:42:24.636+0000][1][safepoint    ] Leaving safepoint region
[2019-12-11T08:42:24.636+0000][1][safepoint    ] Total time for which application threads were stopped: 0.0001305 seconds, Stopping threads took: 0.0000295 seconds
[2019-12-11T08:42:31.656+0000][1][safepoint    ] Application time: 7.0198268 seconds
[2019-12-11T08:42:31.656+0000][1][safepoint    ] Entering safepoint region: Cleanup
[2019-12-11T08:42:31.656+0000][1][safepoint    ] Leaving safepoint region
[2019-12-11T08:42:31.656+0000][1][safepoint    ] Total time for which application threads were stopped: 0.0001069 seconds, Stopping threads took: 0.0000253 seconds
[2019-12-11T08:42:40.666+0000][1][safepoint    ] Application time: 9.0098345 seconds
[2019-12-11T08:42:40.666+0000][1][safepoint    ] Entering safepoint region: Cleanup
[2019-12-11T08:42:40.666+0000][1][safepoint    ] Leaving safepoint region
[2019-12-11T08:42:40.666+0000][1][safepoint    ] Total time for which application threads were stopped: 0.0001265 seconds, Stopping threads took: 0.0000337 seconds
[2019-12-11T08:42:48.683+0000][1][safepoint    ] Application time: 8.0167894 seconds
[2019-12-11T08:42:48.683+0000][1][safepoint    ] Entering safepoint region: Cleanup
[2019-12-11T08:42:48.683+0000][1][safepoint    ] Leaving safepoint region
[2019-12-11T08:42:48.683+0000][1][safepoint    ] Total time for which application threads were stopped: 0.0001159 seconds, Stopping threads took: 0.0000252 seconds
[2019-12-11T08:43:03.150+0000][1][safepoint    ] Application time: 14.4667521 seconds
[2019-12-11T08:43:03.150+0000][1][safepoint    ] Entering safepoint region: GenCollectForAllocation
[2019-12-11T08:43:03.150+0000][1][gc,start     ] GC(29) Pause Young (Allocation Failure)
[2019-12-11T08:43:03.150+0000][1][gc,task      ] GC(29) Using 2 workers of 2 for evacuation
[2019-12-11T08:43:03.177+0000][1][gc,age       ] GC(29) Desired survivor size 4456448 bytes, new threshold 6 (max threshold 6)
[2019-12-11T08:43:03.177+0000][1][gc,age       ] GC(29) Age table with threshold 6 (max threshold 6)
[2019-12-11T08:43:03.177+0000][1][gc,age       ] GC(29) - age   1:       5488 bytes,       5488 total
[2019-12-11T08:43:03.177+0000][1][gc,age       ] GC(29) - age   2:       1872 bytes,       7360 total
[2019-12-11T08:43:03.177+0000][1][gc,age       ] GC(29) - age   3:       4544 bytes,      11904 total
[2019-12-11T08:43:03.177+0000][1][gc,age       ] GC(29) - age   4:       3440 bytes,      15344 total
[2019-12-11T08:43:03.177+0000][1][gc,age       ] GC(29) - age   5:       9664 bytes,      25008 total
[2019-12-11T08:43:03.177+0000][1][gc,age       ] GC(29) - age   6:       5480 bytes,      30488 total
[2019-12-11T08:43:03.177+0000][1][gc,heap      ] GC(29) ParNew: 72135K->1453K(78656K)
[2019-12-11T08:43:03.177+0000][1][gc,heap      ] GC(29) CMS: 68324K->69791K(174784K)
[2019-12-11T08:43:03.177+0000][1][gc,metaspace ] GC(29) Metaspace: 68514K->68514K(1112064K)
[2019-12-11T08:43:03.177+0000][1][gc           ] GC(29) Pause Young (Allocation Failure) 137M->69M(247M) 27.662ms
[2019-12-11T08:43:03.178+0000][1][gc,cpu       ] GC(29) User=0.01s Sys=0.00s Real=0.03s
[2019-12-11T08:43:03.178+0000][1][safepoint    ] Leaving safepoint region
[2019-12-11T08:43:03.178+0000][1][safepoint    ] Total time for which application threads were stopped: 0.0278607 seconds, Stopping threads took: 0.0000273 seconds
[2019-12-11T08:43:09.188+0000][1][safepoint    ] Application time: 6.0103230 seconds
[2019-12-11T08:43:09.188+0000][1][safepoint    ] Entering safepoint region: Cleanup
[2019-12-11T08:43:09.188+0000][1][safepoint    ] Leaving safepoint region
[2019-12-11T08:43:09.188+0000][1][safepoint    ] Total time for which application threads were stopped: 0.0001051 seconds, Stopping threads took: 0.0000317 seconds
[2019-12-11T08:43:10.190+0000][1][safepoint    ] Application time: 1.0017748 seconds
[2019-12-11T08:43:10.190+0000][1][safepoint    ] Entering safepoint region: Cleanup
[2019-12-11T08:43:10.190+0000][1][safepoint    ] Leaving safepoint region
[2019-12-11T08:43:10.190+0000][1][safepoint    ] Total time for which application threads were stopped: 0.0001149 seconds, Stopping threads took: 0.0000252 seconds
[2019-12-11T08:43:17.201+0000][1][safepoint    ] Application time: 7.0107205 seconds
[2019-12-11T08:43:17.201+0000][1][safepoint    ] Entering safepoint region: Cleanup
[2019-12-11T08:43:17.201+0000][1][safepoint    ] Leaving safepoint region
[2019-12-11T08:43:17.201+0000][1][safepoint    ] Total time for which application threads were stopped: 0.0001018 seconds, Stopping threads took: 0.0000269 seconds
[2019-12-11T08:43:18.204+0000][1][safepoint    ] Application time: 1.0028374 seconds
[2019-12-11T08:43:18.204+0000][1][safepoint    ] Entering safepoint region: Cleanup
[2019-12-11T08:43:18.204+0000][1][safepoint    ] Leaving safepoint region
[2019-12-11T08:43:18.204+0000][1][safepoint    ] Total time for which application threads were stopped: 0.0000992 seconds, Stopping threads took: 0.0000253 seconds
[2019-12-11T08:43:27.222+0000][1][safepoint    ] Application time: 9.0179910 seconds
[2019-12-11T08:43:27.222+0000][1][safepoint    ] Entering safepoint region: Cleanup
[2019-12-11T08:43:27.222+0000][1][safepoint    ] Leaving safepoint region
[2019-12-11T08:43:27.222+0000][1][safepoint    ] Total time for which application threads were stopped: 0.0000976 seconds, Stopping threads took: 0.0000255 seconds
[2019-12-11T08:44:23.331+0000][1][safepoint    ] Application time: 56.1087132 seconds
[2019-12-11T08:44:23.331+0000][1][safepoint    ] Entering safepoint region: Cleanup
[2019-12-11T08:44:23.331+0000][1][safepoint    ] Leaving safepoint region
[2019-12-11T08:44:23.331+0000][1][safepoint    ] Total time for which application threads were stopped: 0.0001153 seconds, Stopping threads took: 0.0000363 seconds
[2019-12-11T08:45:03.268+0000][1][safepoint    ] Application time: 39.9367337 seconds
[2019-12-11T08:45:03.268+0000][1][safepoint    ] Entering safepoint region: GenCollectForAllocation
[2019-12-11T08:45:03.268+0000][1][gc,start     ] GC(30) Pause Young (Allocation Failure)
[2019-12-11T08:45:03.268+0000][1][gc,task      ] GC(30) Using 2 workers of 2 for evacuation
[2019-12-11T08:45:03.272+0000][1][gc,age       ] GC(30) Desired survivor size 4456448 bytes, new threshold 6 (max threshold 6)
[2019-12-11T08:45:03.272+0000][1][gc,age       ] GC(30) Age table with threshold 6 (max threshold 6)
[2019-12-11T08:45:03.272+0000][1][gc,age       ] GC(30) - age   1:       3856 bytes,       3856 total
[2019-12-11T08:45:03.272+0000][1][gc,age       ] GC(30) - age   2:       1472 bytes,       5328 total
[2019-12-11T08:45:03.272+0000][1][gc,age       ] GC(30) - age   3:       1872 bytes,       7200 total
[2019-12-11T08:45:03.272+0000][1][gc,age       ] GC(30) - age   4:       4544 bytes,      11744 total
[2019-12-11T08:45:03.272+0000][1][gc,age       ] GC(30) - age   5:       3440 bytes,      15184 total
[2019-12-11T08:45:03.272+0000][1][gc,age       ] GC(30) - age   6:       9664 bytes,      24848 total
[2019-12-11T08:45:03.272+0000][1][gc,heap      ] GC(30) ParNew: 71405K->368K(78656K)
[2019-12-11T08:45:03.272+0000][1][gc,heap      ] GC(30) CMS: 69791K->69796K(174784K)
[2019-12-11T08:45:03.272+0000][1][gc,metaspace ] GC(30) Metaspace: 68520K->68520K(1112064K)
[2019-12-11T08:45:03.272+0000][1][gc           ] GC(30) Pause Young (Allocation Failure) 137M->68M(247M) 4.486ms
[2019-12-11T08:45:03.272+0000][1][gc,cpu       ] GC(30) User=0.00s Sys=0.00s Real=0.00s
[2019-12-11T08:45:03.272+0000][1][safepoint    ] Leaving safepoint region
[2019-12-11T08:45:03.272+0000][1][safepoint    ] Total time for which application threads were stopped: 0.0046925 seconds, Stopping threads took: 0.0000362 seconds
[2019-12-11T08:45:32.318+0000][1][safepoint    ] Application time: 29.0453154 seconds
[2019-12-11T08:45:32.318+0000][1][safepoint    ] Entering safepoint region: Cleanup
[2019-12-11T08:45:32.318+0000][1][safepoint    ] Leaving safepoint region
[2019-12-11T08:45:32.318+0000][1][safepoint    ] Total time for which application threads were stopped: 0.0001156 seconds, Stopping threads took: 0.0000362 seconds
[2019-12-11T08:45:54.363+0000][1][safepoint    ] Application time: 22.0448910 seconds
[2019-12-11T08:45:54.363+0000][1][safepoint    ] Entering safepoint region: Cleanup
[2019-12-11T08:45:54.363+0000][1][safepoint    ] Leaving safepoint region
[2019-12-11T08:45:54.363+0000][1][safepoint    ] Total time for which application threads were stopped: 0.0001082 seconds, Stopping threads took: 0.0000362 seconds
[2019-12-11T08:45:58.316+0000][1][safepoint    ] Application time: 3.9535232 seconds
[2019-12-11T08:45:58.317+0000][1][safepoint    ] Entering safepoint region: RevokeBias
[2019-12-11T08:45:58.317+0000][1][safepoint    ] Leaving safepoint region
[2019-12-11T08:45:58.317+0000][1][safepoint    ] Total time for which application threads were stopped: 0.0001508 seconds, Stopping threads took: 0.0000231 seconds
[2019-12-11T08:45:59.318+0000][1][safepoint    ] Application time: 1.0011126 seconds
[2019-12-11T08:45:59.318+0000][1][safepoint    ] Entering safepoint region: Cleanup
[2019-12-11T08:45:59.318+0000][1][safepoint    ] Leaving safepoint region
[2019-12-11T08:45:59.318+0000][1][safepoint    ] Total time for which application threads were stopped: 0.0001057 seconds, Stopping threads took: 0.0000265 seconds
[2019-12-11T08:46:00.320+0000][1][safepoint    ] Application time: 1.0017781 seconds
[2019-12-11T08:46:00.320+0000][1][safepoint    ] Entering safepoint region: Cleanup
[2019-12-11T08:46:00.320+0000][1][safepoint    ] Leaving safepoint region
[2019-12-11T08:46:00.320+0000][1][safepoint    ] Total time for which application threads were stopped: 0.0001050 seconds, Stopping threads took: 0.0000267 seconds
[2019-12-11T08:46:01.323+0000][1][safepoint    ] Application time: 1.0027981 seconds
[2019-12-11T08:46:01.323+0000][1][safepoint    ] Entering safepoint region: Cleanup
[2019-12-11T08:46:01.323+0000][1][safepoint    ] Leaving safepoint region
[2019-12-11T08:46:01.323+0000][1][safepoint    ] Total time for which application threads were stopped: 0.0001062 seconds, Stopping threads took: 0.0000287 seconds
[2019-12-11T08:46:20.359+0000][1][safepoint    ] Application time: 19.0358176 seconds
[2019-12-11T08:46:20.359+0000][1][safepoint    ] Entering safepoint region: Cleanup
[2019-12-11T08:46:20.359+0000][1][safepoint    ] Leaving safepoint region
[2019-12-11T08:46:20.359+0000][1][safepoint    ] Total time for which application threads were stopped: 0.0001059 seconds, Stopping threads took: 0.0000340 seconds
[2019-12-11T08:46:22.361+0000][1][safepoint    ] Application time: 2.0018947 seconds
[2019-12-11T08:46:22.361+0000][1][safepoint    ] Entering safepoint region: Cleanup
[2019-12-11T08:46:22.361+0000][1][safepoint    ] Leaving safepoint region
[2019-12-11T08:46:22.361+0000][1][safepoint    ] Total time for which application threads were stopped: 0.0001081 seconds, Stopping threads took: 0.0000232 seconds
[2019-12-11T08:46:23.364+0000][1][safepoint    ] Application time: 1.0027685 seconds
[2019-12-11T08:46:23.364+0000][1][safepoint    ] Entering safepoint region: Cleanup
[2019-12-11T08:46:23.364+0000][1][safepoint    ] Leaving safepoint region
[2019-12-11T08:46:23.364+0000][1][safepoint    ] Total time for which application threads were stopped: 0.0000898 seconds, Stopping threads took: 0.0000232 seconds
[2019-12-11T08:46:26.956+0000][1][safepoint    ] Application time: 3.5920939 seconds
[2019-12-11T08:46:26.956+0000][1][safepoint    ] Entering safepoint region: ICBufferFull
[2019-12-11T08:46:26.956+0000][1][safepoint    ] Leaving safepoint region
[2019-12-11T08:46:26.956+0000][1][safepoint    ] Total time for which application threads were stopped: 0.0003141 seconds, Stopping threads took: 0.0000238 seconds
[2019-12-11T08:46:27.962+0000][1][safepoint    ] Application time: 1.0054039 seconds
[2019-12-11T08:46:27.962+0000][1][safepoint    ] Entering safepoint region: Cleanup
[2019-12-11T08:46:27.962+0000][1][safepoint    ] Leaving safepoint region
[2019-12-11T08:46:27.962+0000][1][safepoint    ] Total time for which application threads were stopped: 0.0001781 seconds, Stopping threads took: 0.0000281 seconds
[2019-12-11T08:46:47.075+0000][1][safepoint    ] Application time: 19.1127642 seconds
[2019-12-11T08:46:47.075+0000][1][safepoint    ] Entering safepoint region: Cleanup
[2019-12-11T08:46:47.075+0000][1][safepoint    ] Leaving safepoint region
[2019-12-11T08:46:47.075+0000][1][safepoint    ] Total time for which application threads were stopped: 0.0001065 seconds, Stopping threads took: 0.0000242 seconds
[2019-12-11T08:46:50.080+0000][1][safepoint    ] Application time: 3.0050517 seconds
[2019-12-11T08:46:50.080+0000][1][safepoint    ] Entering safepoint region: Cleanup
[2019-12-11T08:46:50.080+0000][1][safepoint    ] Leaving safepoint region
[2019-12-11T08:46:50.080+0000][1][safepoint    ] Total time for which application threads were stopped: 0.0001062 seconds, Stopping threads took: 0.0000333 seconds
[2019-12-11T08:46:52.085+0000][1][safepoint    ] Application time: 2.0046057 seconds
[2019-12-11T08:46:52.085+0000][1][safepoint    ] Entering safepoint region: Cleanup
[2019-12-11T08:46:52.085+0000][1][safepoint    ] Leaving safepoint region
[2019-12-11T08:46:52.085+0000][1][safepoint    ] Total time for which application threads were stopped: 0.0001168 seconds, Stopping threads took: 0.0000351 seconds
[2019-12-11T08:47:02.104+0000][1][safepoint    ] Application time: 10.0188299 seconds
[2019-12-11T08:47:02.104+0000][1][safepoint    ] Entering safepoint region: Cleanup
[2019-12-11T08:47:02.104+0000][1][safepoint    ] Leaving safepoint region
[2019-12-11T08:47:02.104+0000][1][safepoint    ] Total time for which application threads were stopped: 0.0001113 seconds, Stopping threads took: 0.0000272 seconds
[2019-12-11T08:47:03.374+0000][1][safepoint    ] Application time: 1.2702097 seconds
[2019-12-11T08:47:03.374+0000][1][safepoint    ] Entering safepoint region: GenCollectForAllocation
[2019-12-11T08:47:03.374+0000][1][gc,start     ] GC(31) Pause Young (Allocation Failure)
[2019-12-11T08:47:03.374+0000][1][gc,task      ] GC(31) Using 2 workers of 2 for evacuation
[2019-12-11T08:47:03.384+0000][1][gc,age       ] GC(31) Desired survivor size 4456448 bytes, new threshold 6 (max threshold 6)
[2019-12-11T08:47:03.384+0000][1][gc,age       ] GC(31) Age table with threshold 6 (max threshold 6)
[2019-12-11T08:47:03.384+0000][1][gc,age       ] GC(31) - age   1:       8496 bytes,       8496 total
[2019-12-11T08:47:03.384+0000][1][gc,age       ] GC(31) - age   2:        776 bytes,       9272 total
[2019-12-11T08:47:03.384+0000][1][gc,age       ] GC(31) - age   3:       1472 bytes,      10744 total
[2019-12-11T08:47:03.384+0000][1][gc,age       ] GC(31) - age   4:       1872 bytes,      12616 total
[2019-12-11T08:47:03.384+0000][1][gc,age       ] GC(31) - age   5:       4544 bytes,      17160 total
[2019-12-11T08:47:03.384+0000][1][gc,age       ] GC(31) - age   6:       3440 bytes,      20600 total
[2019-12-11T08:47:03.384+0000][1][gc,heap      ] GC(31) ParNew: 70320K->96K(78656K)
[2019-12-11T08:47:03.384+0000][1][gc,heap      ] GC(31) CMS: 69796K->69806K(174784K)
[2019-12-11T08:47:03.384+0000][1][gc,metaspace ] GC(31) Metaspace: 68520K->68520K(1112064K)
[2019-12-11T08:47:03.384+0000][1][gc           ] GC(31) Pause Young (Allocation Failure) 136M->68M(247M) 9.860ms
[2019-12-11T08:47:03.384+0000][1][gc,cpu       ] GC(31) User=0.00s Sys=0.00s Real=0.01s
[2019-12-11T08:47:03.384+0000][1][safepoint    ] Leaving safepoint region
[2019-12-11T08:47:03.384+0000][1][safepoint    ] Total time for which application threads were stopped: 0.0100522 seconds, Stopping threads took: 0.0000226 seconds
[2019-12-11T08:47:13.400+0000][1][safepoint    ] Application time: 10.0155206 seconds
[2019-12-11T08:47:13.400+0000][1][safepoint    ] Entering safepoint region: Cleanup
[2019-12-11T08:47:13.400+0000][1][safepoint    ] Leaving safepoint region
[2019-12-11T08:47:13.400+0000][1][safepoint    ] Total time for which application threads were stopped: 0.0002164 seconds, Stopping threads took: 0.0001389 seconds
[2019-12-11T08:47:15.403+0000][1][safepoint    ] Application time: 2.0027158 seconds
[2019-12-11T08:47:15.403+0000][1][safepoint    ] Entering safepoint region: Cleanup
[2019-12-11T08:47:15.403+0000][1][safepoint    ] Leaving safepoint region
[2019-12-11T08:47:15.403+0000][1][safepoint    ] Total time for which application threads were stopped: 0.0001043 seconds, Stopping threads took: 0.0000266 seconds
[2019-12-11T08:47:23.428+0000][1][safepoint    ] Application time: 8.0248387 seconds
[2019-12-11T08:47:23.428+0000][1][safepoint    ] Entering safepoint region: Cleanup
[2019-12-11T08:47:23.428+0000][1][safepoint    ] Leaving safepoint region
[2019-12-11T08:47:23.428+0000][1][safepoint    ] Total time for which application threads were stopped: 0.0001034 seconds, Stopping threads took: 0.0000322 seconds
[2019-12-11T08:47:52.475+0000][1][safepoint    ] Application time: 29.0468411 seconds
[2019-12-11T08:47:52.475+0000][1][safepoint    ] Entering safepoint region: Cleanup
[2019-12-11T08:47:52.475+0000][1][safepoint    ] Leaving safepoint region
[2019-12-11T08:47:52.475+0000][1][safepoint    ] Total time for which application threads were stopped: 0.0001043 seconds, Stopping threads took: 0.0000261 seconds
[2019-12-11T08:48:19.514+0000][1][safepoint    ] Application time: 27.0388947 seconds
[2019-12-11T08:48:19.514+0000][1][safepoint    ] Entering safepoint region: Cleanup
[2019-12-11T08:48:19.514+0000][1][safepoint    ] Leaving safepoint region
[2019-12-11T08:48:19.514+0000][1][safepoint    ] Total time for which application threads were stopped: 0.0001146 seconds, Stopping threads took: 0.0000362 seconds
[2019-12-11T08:48:23.526+0000][1][safepoint    ] Application time: 4.0118702 seconds
[2019-12-11T08:48:23.526+0000][1][safepoint    ] Entering safepoint region: Cleanup
[2019-12-11T08:48:23.526+0000][1][safepoint    ] Leaving safepoint region
[2019-12-11T08:48:23.526+0000][1][safepoint    ] Total time for which application threads were stopped: 0.0000998 seconds, Stopping threads took: 0.0000263 seconds
[2019-12-11T08:48:38.553+0000][1][safepoint    ] Application time: 15.0267544 seconds
[2019-12-11T08:48:38.553+0000][1][safepoint    ] Entering safepoint region: Cleanup
[2019-12-11T08:48:38.553+0000][1][safepoint    ] Leaving safepoint region
[2019-12-11T08:48:38.553+0000][1][safepoint    ] Total time for which application threads were stopped: 0.0001124 seconds, Stopping threads took: 0.0000381 seconds
[2019-12-11T08:48:45.562+0000][1][safepoint    ] Application time: 7.0090346 seconds
[2019-12-11T08:48:45.562+0000][1][safepoint    ] Entering safepoint region: Cleanup
[2019-12-11T08:48:45.562+0000][1][safepoint    ] Leaving safepoint region
[2019-12-11T08:48:45.562+0000][1][safepoint    ] Total time for which application threads were stopped: 0.0001033 seconds, Stopping threads took: 0.0000262 seconds
[2019-12-11T08:48:55.579+0000][1][safepoint    ] Application time: 10.0167838 seconds
[2019-12-11T08:48:55.579+0000][1][safepoint    ] Entering safepoint region: Cleanup
[2019-12-11T08:48:55.579+0000][1][safepoint    ] Leaving safepoint region
[2019-12-11T08:48:55.579+0000][1][safepoint    ] Total time for which application threads were stopped: 0.0000862 seconds, Stopping threads took: 0.0000318 seconds
[2019-12-11T08:48:56.581+0000][1][safepoint    ] Application time: 1.0016899 seconds
[2019-12-11T08:48:56.581+0000][1][safepoint    ] Entering safepoint region: Cleanup
[2019-12-11T08:48:56.581+0000][1][safepoint    ] Leaving safepoint region
[2019-12-11T08:48:56.581+0000][1][safepoint    ] Total time for which application threads were stopped: 0.0001074 seconds, Stopping threads took: 0.0000346 seconds
[2019-12-11T08:48:57.582+0000][1][safepoint    ] Application time: 1.0014868 seconds
[2019-12-11T08:48:57.582+0000][1][safepoint    ] Entering safepoint region: Cleanup
[2019-12-11T08:48:57.582+0000][1][safepoint    ] Leaving safepoint region
[2019-12-11T08:48:57.582+0000][1][safepoint    ] Total time for which application threads were stopped: 0.0000976 seconds, Stopping threads took: 0.0000260 seconds
[2019-12-11T08:49:03.495+0000][1][safepoint    ] Application time: 5.9129501 seconds
[2019-12-11T08:49:03.496+0000][1][safepoint    ] Entering safepoint region: GenCollectForAllocation
[2019-12-11T08:49:03.496+0000][1][gc,start     ] GC(32) Pause Young (Allocation Failure)
[2019-12-11T08:49:03.496+0000][1][gc,task      ] GC(32) Using 2 workers of 2 for evacuation
[2019-12-11T08:49:03.499+0000][1][gc,age       ] GC(32) Desired survivor size 4456448 bytes, new threshold 6 (max threshold 6)
[2019-12-11T08:49:03.499+0000][1][gc,age       ] GC(32) Age table with threshold 6 (max threshold 6)
[2019-12-11T08:49:03.499+0000][1][gc,age       ] GC(32) - age   1:       4800 bytes,       4800 total
[2019-12-11T08:49:03.499+0000][1][gc,age       ] GC(32) - age   2:       4528 bytes,       9328 total
[2019-12-11T08:49:03.499+0000][1][gc,age       ] GC(32) - age   3:        776 bytes,      10104 total
[2019-12-11T08:49:03.499+0000][1][gc,age       ] GC(32) - age   4:       1472 bytes,      11576 total
[2019-12-11T08:49:03.499+0000][1][gc,age       ] GC(32) - age   5:       1872 bytes,      13448 total
[2019-12-11T08:49:03.499+0000][1][gc,age       ] GC(32) - age   6:       4544 bytes,      17992 total
[2019-12-11T08:49:03.499+0000][1][gc,heap      ] GC(32) ParNew: 70048K->29K(78656K)
[2019-12-11T08:49:03.499+0000][1][gc,heap      ] GC(32) CMS: 69806K->69809K(174784K)
[2019-12-11T08:49:03.499+0000][1][gc,metaspace ] GC(32) Metaspace: 68529K->68529K(1112064K)
[2019-12-11T08:49:03.499+0000][1][gc           ] GC(32) Pause Young (Allocation Failure) 136M->68M(247M) 3.533ms
[2019-12-11T08:49:03.499+0000][1][gc,cpu       ] GC(32) User=0.01s Sys=0.00s Real=0.00s
[2019-12-11T08:49:03.499+0000][1][safepoint    ] Leaving safepoint region
[2019-12-11T08:49:03.499+0000][1][safepoint    ] Total time for which application threads were stopped: 0.0037266 seconds, Stopping threads took: 0.0000240 seconds
[2019-12-11T08:49:13.518+0000][1][safepoint    ] Application time: 10.0184678 seconds
[2019-12-11T08:49:13.518+0000][1][safepoint    ] Entering safepoint region: Cleanup
[2019-12-11T08:49:13.518+0000][1][safepoint    ] Leaving safepoint region
[2019-12-11T08:49:13.518+0000][1][safepoint    ] Total time for which application threads were stopped: 0.0001003 seconds, Stopping threads took: 0.0000298 seconds
[2019-12-11T08:49:20.530+0000][1][safepoint    ] Application time: 7.0118519 seconds
[2019-12-11T08:49:20.530+0000][1][safepoint    ] Entering safepoint region: Cleanup
[2019-12-11T08:49:20.530+0000][1][safepoint    ] Leaving safepoint region
[2019-12-11T08:49:20.530+0000][1][safepoint    ] Total time for which application threads were stopped: 0.0001027 seconds, Stopping threads took: 0.0000249 seconds
[2019-12-11T08:49:32.544+0000][1][safepoint    ] Application time: 12.0138335 seconds
[2019-12-11T08:49:32.544+0000][1][safepoint    ] Entering safepoint region: Cleanup
[2019-12-11T08:49:32.544+0000][1][safepoint    ] Leaving safepoint region
[2019-12-11T08:49:32.544+0000][1][safepoint    ] Total time for which application threads were stopped: 0.0001289 seconds, Stopping threads took: 0.0000468 seconds
[2019-12-11T08:49:45.567+0000][1][safepoint    ] Application time: 13.0228060 seconds
[2019-12-11T08:49:45.567+0000][1][safepoint    ] Entering safepoint region: Cleanup
[2019-12-11T08:49:45.567+0000][1][safepoint    ] Leaving safepoint region
[2019-12-11T08:49:45.567+0000][1][safepoint    ] Total time for which application threads were stopped: 0.0000956 seconds, Stopping threads took: 0.0000248 seconds
[2019-12-11T08:49:49.577+0000][1][safepoint    ] Application time: 4.0098640 seconds
[2019-12-11T08:49:49.577+0000][1][safepoint    ] Entering safepoint region: Cleanup
[2019-12-11T08:49:49.577+0000][1][safepoint    ] Leaving safepoint region
[2019-12-11T08:49:49.577+0000][1][safepoint    ] Total time for which application threads were stopped: 0.0001153 seconds, Stopping threads took: 0.0000249 seconds
[2019-12-11T08:49:58.595+0000][1][safepoint    ] Application time: 9.0178145 seconds
[2019-12-11T08:49:58.595+0000][1][safepoint    ] Entering safepoint region: Cleanup
[2019-12-11T08:49:58.595+0000][1][safepoint    ] Leaving safepoint region
[2019-12-11T08:49:58.595+0000][1][safepoint    ] Total time for which application threads were stopped: 0.0001066 seconds, Stopping threads took: 0.0000331 seconds
[2019-12-11T08:50:01.601+0000][1][safepoint    ] Application time: 3.0058401 seconds
[2019-12-11T08:50:01.601+0000][1][safepoint    ] Entering safepoint region: Cleanup
[2019-12-11T08:50:01.601+0000][1][safepoint    ] Leaving safepoint region
[2019-12-11T08:50:01.601+0000][1][safepoint    ] Total time for which application threads were stopped: 0.0000935 seconds, Stopping threads took: 0.0000249 seconds
[2019-12-11T08:50:26.641+0000][1][safepoint    ] Application time: 25.0398650 seconds
[2019-12-11T08:50:26.641+0000][1][safepoint    ] Entering safepoint region: Cleanup
[2019-12-11T08:50:26.641+0000][1][safepoint    ] Leaving safepoint region
[2019-12-11T08:50:26.641+0000][1][safepoint    ] Total time for which application threads were stopped: 0.0001154 seconds, Stopping threads took: 0.0000240 seconds
[2019-12-11T08:50:38.662+0000][1][safepoint    ] Application time: 12.0208289 seconds
[2019-12-11T08:50:38.662+0000][1][safepoint    ] Entering safepoint region: Cleanup
[2019-12-11T08:50:38.662+0000][1][safepoint    ] Leaving safepoint region
[2019-12-11T08:50:38.662+0000][1][safepoint    ] Total time for which application threads were stopped: 0.0001058 seconds, Stopping threads took: 0.0000337 seconds
[2019-12-11T08:50:52.684+0000][1][safepoint    ] Application time: 14.0218056 seconds
[2019-12-11T08:50:52.684+0000][1][safepoint    ] Entering safepoint region: Cleanup
[2019-12-11T08:50:52.684+0000][1][safepoint    ] Leaving safepoint region
[2019-12-11T08:50:52.684+0000][1][safepoint    ] Total time for which application threads were stopped: 0.0001018 seconds, Stopping threads took: 0.0000263 seconds
[2019-12-11T08:51:02.457+0000][1][safepoint    ] Application time: 9.7728642 seconds
[2019-12-11T08:51:02.457+0000][1][safepoint    ] Entering safepoint region: GenCollectForAllocation
[2019-12-11T08:51:02.457+0000][1][gc,start     ] GC(33) Pause Young (Allocation Failure)
[2019-12-11T08:51:02.457+0000][1][gc,task      ] GC(33) Using 2 workers of 2 for evacuation
[2019-12-11T08:51:02.463+0000][1][gc,age       ] GC(33) Desired survivor size 4456448 bytes, new threshold 6 (max threshold 6)
[2019-12-11T08:51:02.463+0000][1][gc,age       ] GC(33) Age table with threshold 6 (max threshold 6)
[2019-12-11T08:51:02.463+0000][1][gc,age       ] GC(33) - age   1:       3776 bytes,       3776 total
[2019-12-11T08:51:02.463+0000][1][gc,age       ] GC(33) - age   2:        784 bytes,       4560 total
[2019-12-11T08:51:02.463+0000][1][gc,age       ] GC(33) - age   3:       4528 bytes,       9088 total
[2019-12-11T08:51:02.463+0000][1][gc,age       ] GC(33) - age   4:        776 bytes,       9864 total
[2019-12-11T08:51:02.463+0000][1][gc,age       ] GC(33) - age   5:       1472 bytes,      11336 total
[2019-12-11T08:51:02.463+0000][1][gc,age       ] GC(33) - age   6:       1872 bytes,      13208 total
[2019-12-11T08:51:02.463+0000][1][gc,heap      ] GC(33) ParNew: 69937K->30K(78656K)
[2019-12-11T08:51:02.463+0000][1][gc,heap      ] GC(33) CMS: 69809K->69814K(174784K)
[2019-12-11T08:51:02.463+0000][1][gc,metaspace ] GC(33) Metaspace: 68529K->68529K(1112064K)
[2019-12-11T08:51:02.463+0000][1][gc           ] GC(33) Pause Young (Allocation Failure) 136M->68M(247M) 6.565ms
[2019-12-11T08:51:02.463+0000][1][gc,cpu       ] GC(33) User=0.00s Sys=0.00s Real=0.00s
[2019-12-11T08:51:02.464+0000][1][safepoint    ] Leaving safepoint region
[2019-12-11T08:51:02.464+0000][1][safepoint    ] Total time for which application threads were stopped: 0.0067514 seconds, Stopping threads took: 0.0000238 seconds
[2019-12-11T08:51:32.510+0000][1][safepoint    ] Application time: 30.0461691 seconds
[2019-12-11T08:51:32.510+0000][1][safepoint    ] Entering safepoint region: Cleanup
[2019-12-11T08:51:32.510+0000][1][safepoint    ] Leaving safepoint region
[2019-12-11T08:51:32.510+0000][1][safepoint    ] Total time for which application threads were stopped: 0.0001038 seconds, Stopping threads took: 0.0000323 seconds
[2019-12-11T08:51:50.548+0000][1][safepoint    ] Application time: 18.0378521 seconds
[2019-12-11T08:51:50.548+0000][1][safepoint    ] Entering safepoint region: Cleanup
[2019-12-11T08:51:50.548+0000][1][safepoint    ] Leaving safepoint region
[2019-12-11T08:51:50.548+0000][1][safepoint    ] Total time for which application threads were stopped: 0.0001046 seconds, Stopping threads took: 0.0000348 seconds
[2019-12-11T08:52:20.602+0000][1][safepoint    ] Application time: 30.0539270 seconds
[2019-12-11T08:52:20.602+0000][1][safepoint    ] Entering safepoint region: Cleanup
[2019-12-11T08:52:20.602+0000][1][safepoint    ] Leaving safepoint region
[2019-12-11T08:52:20.602+0000][1][safepoint    ] Total time for which application threads were stopped: 0.0001162 seconds, Stopping threads took: 0.0000366 seconds
[2019-12-11T08:52:26.612+0000][1][safepoint    ] Application time: 6.0097229 seconds
[2019-12-11T08:52:26.612+0000][1][safepoint    ] Entering safepoint region: Cleanup
[2019-12-11T08:52:26.612+0000][1][safepoint    ] Leaving safepoint region
[2019-12-11T08:52:26.612+0000][1][safepoint    ] Total time for which application threads were stopped: 0.0001006 seconds, Stopping threads took: 0.0000242 seconds
[2019-12-11T08:52:37.626+0000][1][safepoint    ] Application time: 11.0141190 seconds
[2019-12-11T08:52:37.626+0000][1][safepoint    ] Entering safepoint region: Cleanup
[2019-12-11T08:52:37.626+0000][1][safepoint    ] Leaving safepoint region
[2019-12-11T08:52:37.626+0000][1][safepoint    ] Total time for which application threads were stopped: 0.0001206 seconds, Stopping threads took: 0.0000262 seconds
[2019-12-11T08:52:57.670+0000][1][safepoint    ] Application time: 20.0437033 seconds
[2019-12-11T08:52:57.670+0000][1][safepoint    ] Entering safepoint region: Cleanup
[2019-12-11T08:52:57.670+0000][1][safepoint    ] Leaving safepoint region
[2019-12-11T08:52:57.670+0000][1][safepoint    ] Total time for which application threads were stopped: 0.0001213 seconds, Stopping threads took: 0.0000372 seconds
[2019-12-11T08:52:59.050+0000][1][safepoint    ] Application time: 1.3800505 seconds
[2019-12-11T08:52:59.050+0000][1][safepoint    ] Entering safepoint region: GenCollectForAllocation
[2019-12-11T08:52:59.050+0000][1][gc,start     ] GC(34) Pause Young (Allocation Failure)
[2019-12-11T08:52:59.050+0000][1][gc,task      ] GC(34) Using 2 workers of 2 for evacuation
[2019-12-11T08:52:59.057+0000][1][gc,age       ] GC(34) Desired survivor size 4456448 bytes, new threshold 6 (max threshold 6)
[2019-12-11T08:52:59.057+0000][1][gc,age       ] GC(34) Age table with threshold 6 (max threshold 6)
[2019-12-11T08:52:59.057+0000][1][gc,age       ] GC(34) - age   1:       5384 bytes,       5384 total
[2019-12-11T08:52:59.057+0000][1][gc,age       ] GC(34) - age   2:        536 bytes,       5920 total
[2019-12-11T08:52:59.057+0000][1][gc,age       ] GC(34) - age   3:        784 bytes,       6704 total
[2019-12-11T08:52:59.057+0000][1][gc,age       ] GC(34) - age   4:       4528 bytes,      11232 total
[2019-12-11T08:52:59.057+0000][1][gc,age       ] GC(34) - age   5:        776 bytes,      12008 total
[2019-12-11T08:52:59.057+0000][1][gc,age       ] GC(34) - age   6:       1472 bytes,      13480 total
[2019-12-11T08:52:59.057+0000][1][gc,heap      ] GC(34) ParNew: 69982K->19K(78656K)
[2019-12-11T08:52:59.057+0000][1][gc,heap      ] GC(34) CMS: 69814K->69815K(174784K)
[2019-12-11T08:52:59.057+0000][1][gc,metaspace ] GC(34) Metaspace: 68561K->68561K(1112064K)
[2019-12-11T08:52:59.057+0000][1][gc           ] GC(34) Pause Young (Allocation Failure) 136M->68M(247M) 7.174ms
[2019-12-11T08:52:59.057+0000][1][gc,cpu       ] GC(34) User=0.01s Sys=0.00s Real=0.01s
[2019-12-11T08:52:59.058+0000][1][safepoint    ] Leaving safepoint region
[2019-12-11T08:52:59.058+0000][1][safepoint    ] Total time for which application threads were stopped: 0.0073726 seconds, Stopping threads took: 0.0000253 seconds
[2019-12-11T08:53:31.106+0000][1][safepoint    ] Application time: 32.0481808 seconds
[2019-12-11T08:53:31.106+0000][1][safepoint    ] Entering safepoint region: Cleanup
[2019-12-11T08:53:31.106+0000][1][safepoint    ] Leaving safepoint region
[2019-12-11T08:53:31.106+0000][1][safepoint    ] Total time for which application threads were stopped: 0.0001160 seconds, Stopping threads took: 0.0000372 seconds
[2019-12-11T08:54:08.162+0000][1][safepoint    ] Application time: 37.0558444 seconds
[2019-12-11T08:54:08.162+0000][1][safepoint    ] Entering safepoint region: Cleanup
[2019-12-11T08:54:08.162+0000][1][safepoint    ] Leaving safepoint region
[2019-12-11T08:54:08.162+0000][1][safepoint    ] Total time for which application threads were stopped: 0.0001176 seconds, Stopping threads took: 0.0000371 seconds
[2019-12-11T08:54:10.166+0000][1][safepoint    ] Application time: 2.0037975 seconds
[2019-12-11T08:54:10.166+0000][1][safepoint    ] Entering safepoint region: Cleanup
[2019-12-11T08:54:10.166+0000][1][safepoint    ] Leaving safepoint region
[2019-12-11T08:54:10.166+0000][1][safepoint    ] Total time for which application threads were stopped: 0.0000978 seconds, Stopping threads took: 0.0000246 seconds
[2019-12-11T08:54:13.175+0000][1][safepoint    ] Application time: 3.0088485 seconds
[2019-12-11T08:54:13.175+0000][1][safepoint    ] Entering safepoint region: Cleanup
[2019-12-11T08:54:13.175+0000][1][safepoint    ] Leaving safepoint region
[2019-12-11T08:54:13.175+0000][1][safepoint    ] Total time for which application threads were stopped: 0.0000979 seconds, Stopping threads took: 0.0000241 seconds
[2019-12-11T08:54:20.193+0000][1][safepoint    ] Application time: 7.0178414 seconds
[2019-12-11T08:54:20.193+0000][1][safepoint    ] Entering safepoint region: Cleanup
[2019-12-11T08:54:20.193+0000][1][safepoint    ] Leaving safepoint region
[2019-12-11T08:54:20.193+0000][1][safepoint    ] Total time for which application threads were stopped: 0.0001021 seconds, Stopping threads took: 0.0000328 seconds
[2019-12-11T08:54:24.199+0000][1][safepoint    ] Application time: 4.0058852 seconds
[2019-12-11T08:54:24.199+0000][1][safepoint    ] Entering safepoint region: Cleanup
[2019-12-11T08:54:24.199+0000][1][safepoint    ] Leaving safepoint region
[2019-12-11T08:54:24.199+0000][1][safepoint    ] Total time for which application threads were stopped: 0.0001039 seconds, Stopping threads took: 0.0000272 seconds
[2019-12-11T08:54:58.789+0000][1][safepoint    ] Application time: 34.5897933 seconds
[2019-12-11T08:54:58.789+0000][1][safepoint    ] Entering safepoint region: GenCollectForAllocation
[2019-12-11T08:54:58.789+0000][1][gc,start     ] GC(35) Pause Young (Allocation Failure)
[2019-12-11T08:54:58.789+0000][1][gc,task      ] GC(35) Using 2 workers of 2 for evacuation
[2019-12-11T08:54:58.794+0000][1][gc,age       ] GC(35) Desired survivor size 4456448 bytes, new threshold 6 (max threshold 6)
[2019-12-11T08:54:58.794+0000][1][gc,age       ] GC(35) Age table with threshold 6 (max threshold 6)
[2019-12-11T08:54:58.794+0000][1][gc,age       ] GC(35) - age   1:       6184 bytes,       6184 total
[2019-12-11T08:54:58.794+0000][1][gc,age       ] GC(35) - age   2:       2384 bytes,       8568 total
[2019-12-11T08:54:58.794+0000][1][gc,age       ] GC(35) - age   3:        536 bytes,       9104 total
[2019-12-11T08:54:58.794+0000][1][gc,age       ] GC(35) - age   4:        784 bytes,       9888 total
[2019-12-11T08:54:58.794+0000][1][gc,age       ] GC(35) - age   5:       4528 bytes,      14416 total
[2019-12-11T08:54:58.794+0000][1][gc,age       ] GC(35) - age   6:        776 bytes,      15192 total
[2019-12-11T08:54:58.794+0000][1][gc,heap      ] GC(35) ParNew: 69971K->18K(78656K)
[2019-12-11T08:54:58.794+0000][1][gc,heap      ] GC(35) CMS: 69815K->69817K(174784K)
[2019-12-11T08:54:58.794+0000][1][gc,metaspace ] GC(35) Metaspace: 68561K->68561K(1112064K)
[2019-12-11T08:54:58.794+0000][1][gc           ] GC(35) Pause Young (Allocation Failure) 136M->68M(247M) 5.235ms
[2019-12-11T08:54:58.794+0000][1][gc,cpu       ] GC(35) User=0.00s Sys=0.00s Real=0.00s
[2019-12-11T08:54:58.794+0000][1][safepoint    ] Leaving safepoint region
[2019-12-11T08:54:58.794+0000][1][safepoint    ] Total time for which application threads were stopped: 0.0054496 seconds, Stopping threads took: 0.0000454 seconds
[2019-12-11T08:56:23.960+0000][1][safepoint    ] Application time: 85.1654935 seconds
[2019-12-11T08:56:23.960+0000][1][safepoint    ] Entering safepoint region: Cleanup
[2019-12-11T08:56:23.960+0000][1][safepoint    ] Leaving safepoint region
[2019-12-11T08:56:23.960+0000][1][safepoint    ] Total time for which application threads were stopped: 0.0001150 seconds, Stopping threads took: 0.0000372 seconds
[2019-12-11T08:56:36.982+0000][1][safepoint    ] Application time: 13.0218553 seconds
[2019-12-11T08:56:36.982+0000][1][safepoint    ] Entering safepoint region: Cleanup
[2019-12-11T08:56:36.982+0000][1][safepoint    ] Leaving safepoint region
[2019-12-11T08:56:36.982+0000][1][safepoint    ] Total time for which application threads were stopped: 0.0001013 seconds, Stopping threads took: 0.0000242 seconds
[2019-12-11T08:56:55.018+0000][1][safepoint    ] Application time: 18.0358203 seconds
[2019-12-11T08:56:55.018+0000][1][safepoint    ] Entering safepoint region: Cleanup
[2019-12-11T08:56:55.018+0000][1][safepoint    ] Leaving safepoint region
[2019-12-11T08:56:55.018+0000][1][safepoint    ] Total time for which application threads were stopped: 0.0001245 seconds, Stopping threads took: 0.0000349 seconds
[2019-12-11T08:56:58.022+0000][1][safepoint    ] Application time: 3.0038174 seconds
[2019-12-11T08:56:58.022+0000][1][safepoint    ] Entering safepoint region: Cleanup
[2019-12-11T08:56:58.022+0000][1][safepoint    ] Leaving safepoint region
[2019-12-11T08:56:58.022+0000][1][safepoint    ] Total time for which application threads were stopped: 0.0001031 seconds, Stopping threads took: 0.0000261 seconds
[2019-12-11T08:56:58.892+0000][1][safepoint    ] Application time: 0.8698555 seconds
[2019-12-11T08:56:58.892+0000][1][safepoint    ] Entering safepoint region: GenCollectForAllocation
[2019-12-11T08:56:58.892+0000][1][gc,start     ] GC(36) Pause Young (Allocation Failure)
[2019-12-11T08:56:58.892+0000][1][gc,task      ] GC(36) Using 2 workers of 2 for evacuation
[2019-12-11T08:56:58.902+0000][1][gc,age       ] GC(36) Desired survivor size 4456448 bytes, new threshold 6 (max threshold 6)
[2019-12-11T08:56:58.902+0000][1][gc,age       ] GC(36) Age table with threshold 6 (max threshold 6)
[2019-12-11T08:56:58.902+0000][1][gc,age       ] GC(36) - age   1:       5312 bytes,       5312 total
[2019-12-11T08:56:58.902+0000][1][gc,age       ] GC(36) - age   2:       2120 bytes,       7432 total
[2019-12-11T08:56:58.902+0000][1][gc,age       ] GC(36) - age   3:       2384 bytes,       9816 total
[2019-12-11T08:56:58.902+0000][1][gc,age       ] GC(36) - age   4:        536 bytes,      10352 total
[2019-12-11T08:56:58.902+0000][1][gc,age       ] GC(36) - age   5:        784 bytes,      11136 total
[2019-12-11T08:56:58.902+0000][1][gc,age       ] GC(36) - age   6:       4528 bytes,      15664 total
[2019-12-11T08:56:58.902+0000][1][gc,heap      ] GC(36) ParNew: 69970K->21K(78656K)
[2019-12-11T08:56:58.902+0000][1][gc,heap      ] GC(36) CMS: 69817K->69818K(174784K)
[2019-12-11T08:56:58.902+0000][1][gc,metaspace ] GC(36) Metaspace: 68561K->68561K(1112064K)
[2019-12-11T08:56:58.902+0000][1][gc           ] GC(36) Pause Young (Allocation Failure) 136M->68M(247M) 10.207ms
[2019-12-11T08:56:58.902+0000][1][gc,cpu       ] GC(36) User=0.00s Sys=0.01s Real=0.01s
[2019-12-11T08:56:58.902+0000][1][safepoint    ] Leaving safepoint region
[2019-12-11T08:56:58.902+0000][1][safepoint    ] Total time for which application threads were stopped: 0.0104213 seconds, Stopping threads took: 0.0000358 seconds
[2019-12-11T08:57:42.984+0000][1][safepoint    ] Application time: 44.0815239 seconds
[2019-12-11T08:57:42.984+0000][1][safepoint    ] Entering safepoint region: Cleanup
[2019-12-11T08:57:42.984+0000][1][safepoint    ] Leaving safepoint region
[2019-12-11T08:57:42.984+0000][1][safepoint    ] Total time for which application threads were stopped: 0.0001111 seconds, Stopping threads took: 0.0000355 seconds
[2019-12-11T08:58:30.050+0000][1][safepoint    ] Application time: 47.0659057 seconds
[2019-12-11T08:58:30.050+0000][1][safepoint    ] Entering safepoint region: Cleanup
[2019-12-11T08:58:30.050+0000][1][safepoint    ] Leaving safepoint region
[2019-12-11T08:58:30.050+0000][1][safepoint    ] Total time for which application threads were stopped: 0.0001024 seconds, Stopping threads took: 0.0000314 seconds
[2019-12-11T08:58:55.089+0000][1][safepoint    ] Application time: 25.0387674 seconds
[2019-12-11T08:58:55.089+0000][1][safepoint    ] Entering safepoint region: Cleanup
[2019-12-11T08:58:55.089+0000][1][safepoint    ] Leaving safepoint region
[2019-12-11T08:58:55.089+0000][1][safepoint    ] Total time for which application threads were stopped: 0.0001298 seconds, Stopping threads took: 0.0000508 seconds
[2019-12-11T08:58:58.998+0000][1][safepoint    ] Application time: 3.9089422 seconds
[2019-12-11T08:58:58.998+0000][1][safepoint    ] Entering safepoint region: GenCollectForAllocation
[2019-12-11T08:58:58.998+0000][1][gc,start     ] GC(37) Pause Young (Allocation Failure)
[2019-12-11T08:58:58.998+0000][1][gc,task      ] GC(37) Using 2 workers of 2 for evacuation
[2019-12-11T08:58:59.005+0000][1][gc,age       ] GC(37) Desired survivor size 4456448 bytes, new threshold 6 (max threshold 6)
[2019-12-11T08:58:59.005+0000][1][gc,age       ] GC(37) Age table with threshold 6 (max threshold 6)
[2019-12-11T08:58:59.005+0000][1][gc,age       ] GC(37) - age   1:       3112 bytes,       3112 total
[2019-12-11T08:58:59.005+0000][1][gc,age       ] GC(37) - age   2:       1344 bytes,       4456 total
[2019-12-11T08:58:59.005+0000][1][gc,age       ] GC(37) - age   3:       2120 bytes,       6576 total
[2019-12-11T08:58:59.005+0000][1][gc,age       ] GC(37) - age   4:       2384 bytes,       8960 total
[2019-12-11T08:58:59.005+0000][1][gc,age       ] GC(37) - age   5:        536 bytes,       9496 total
[2019-12-11T08:58:59.005+0000][1][gc,age       ] GC(37) - age   6:        784 bytes,      10280 total
[2019-12-11T08:58:59.005+0000][1][gc,heap      ] GC(37) ParNew: 69973K->22K(78656K)
[2019-12-11T08:58:59.005+0000][1][gc,heap      ] GC(37) CMS: 69818K->69822K(174784K)
[2019-12-11T08:58:59.005+0000][1][gc,metaspace ] GC(37) Metaspace: 68562K->68562K(1112064K)
[2019-12-11T08:58:59.005+0000][1][gc           ] GC(37) Pause Young (Allocation Failure) 136M->68M(247M) 7.420ms
[2019-12-11T08:58:59.005+0000][1][gc,cpu       ] GC(37) User=0.00s Sys=0.00s Real=0.01s
[2019-12-11T08:58:59.005+0000][1][safepoint    ] Leaving safepoint region
[2019-12-11T08:58:59.006+0000][1][safepoint    ] Total time for which application threads were stopped: 0.0076134 seconds, Stopping threads took: 0.0000228 seconds
[2019-12-11T08:59:05.013+0000][1][safepoint    ] Application time: 6.0072238 seconds
[2019-12-11T08:59:05.013+0000][1][safepoint    ] Entering safepoint region: Cleanup
[2019-12-11T08:59:05.013+0000][1][safepoint    ] Leaving safepoint region
[2019-12-11T08:59:05.013+0000][1][safepoint    ] Total time for which application threads were stopped: 0.0001239 seconds, Stopping threads took: 0.0000335 seconds
[2019-12-11T08:59:38.066+0000][1][safepoint    ] Application time: 33.0528020 seconds
[2019-12-11T08:59:38.066+0000][1][safepoint    ] Entering safepoint region: Cleanup
[2019-12-11T08:59:38.066+0000][1][safepoint    ] Leaving safepoint region
[2019-12-11T08:59:38.066+0000][1][safepoint    ] Total time for which application threads were stopped: 0.0001091 seconds, Stopping threads took: 0.0000368 seconds
[2019-12-11T08:59:43.074+0000][1][safepoint    ] Application time: 5.0079366 seconds
[2019-12-11T08:59:43.074+0000][1][safepoint    ] Entering safepoint region: Cleanup
[2019-12-11T08:59:43.074+0000][1][safepoint    ] Leaving safepoint region
[2019-12-11T08:59:43.074+0000][1][safepoint    ] Total time for which application threads were stopped: 0.0001031 seconds, Stopping threads took: 0.0000257 seconds
[2019-12-11T08:59:52.094+0000][1][safepoint    ] Application time: 9.0197553 seconds
[2019-12-11T08:59:52.094+0000][1][safepoint    ] Entering safepoint region: Cleanup
[2019-12-11T08:59:52.094+0000][1][safepoint    ] Leaving safepoint region
[2019-12-11T08:59:52.094+0000][1][safepoint    ] Total time for which application threads were stopped: 0.0001045 seconds, Stopping threads took: 0.0000269 seconds
[2019-12-11T09:00:03.116+0000][1][safepoint    ] Application time: 11.0218396 seconds
[2019-12-11T09:00:03.116+0000][1][safepoint    ] Entering safepoint region: Cleanup
[2019-12-11T09:00:03.116+0000][1][safepoint    ] Leaving safepoint region
[2019-12-11T09:00:03.116+0000][1][safepoint    ] Total time for which application threads were stopped: 0.0001117 seconds, Stopping threads took: 0.0000277 seconds
[2019-12-11T09:00:58.904+0000][1][safepoint    ] Application time: 55.7879685 seconds
[2019-12-11T09:00:58.904+0000][1][safepoint    ] Entering safepoint region: GenCollectForAllocation
[2019-12-11T09:00:58.904+0000][1][gc,start     ] GC(38) Pause Young (Allocation Failure)
[2019-12-11T09:00:58.904+0000][1][gc,task      ] GC(38) Using 2 workers of 2 for evacuation
[2019-12-11T09:00:58.909+0000][1][gc,age       ] GC(38) Desired survivor size 4456448 bytes, new threshold 6 (max threshold 6)
[2019-12-11T09:00:58.909+0000][1][gc,age       ] GC(38) Age table with threshold 6 (max threshold 6)
[2019-12-11T09:00:58.909+0000][1][gc,age       ] GC(38) - age   1:       3064 bytes,       3064 total
[2019-12-11T09:00:58.909+0000][1][gc,age       ] GC(38) - age   3:       1344 bytes,       4408 total
[2019-12-11T09:00:58.909+0000][1][gc,age       ] GC(38) - age   4:       2120 bytes,       6528 total
[2019-12-11T09:00:58.909+0000][1][gc,age       ] GC(38) - age   5:       2384 bytes,       8912 total
[2019-12-11T09:00:58.909+0000][1][gc,age       ] GC(38) - age   6:        536 bytes,       9448 total
[2019-12-11T09:00:58.909+0000][1][gc,heap      ] GC(38) ParNew: 69915K->15K(78656K)
[2019-12-11T09:00:58.909+0000][1][gc,heap      ] GC(38) CMS: 69822K->69823K(174784K)
[2019-12-11T09:00:58.909+0000][1][gc,metaspace ] GC(38) Metaspace: 68563K->68563K(1112064K)
[2019-12-11T09:00:58.909+0000][1][gc           ] GC(38) Pause Young (Allocation Failure) 136M->68M(247M) 5.253ms
[2019-12-11T09:00:58.909+0000][1][gc,cpu       ] GC(38) User=0.00s Sys=0.00s Real=0.01s
[2019-12-11T09:00:58.909+0000][1][safepoint    ] Leaving safepoint region
[2019-12-11T09:00:58.909+0000][1][safepoint    ] Total time for which application threads were stopped: 0.0054648 seconds, Stopping threads took: 0.0000371 seconds
[2019-12-11T09:02:13.038+0000][1][safepoint    ] Application time: 74.1283549 seconds
[2019-12-11T09:02:13.038+0000][1][safepoint    ] Entering safepoint region: Cleanup
[2019-12-11T09:02:13.038+0000][1][safepoint    ] Leaving safepoint region
[2019-12-11T09:02:13.038+0000][1][safepoint    ] Total time for which application threads were stopped: 0.0001050 seconds, Stopping threads took: 0.0000332 seconds
[2019-12-11T09:02:33.077+0000][1][safepoint    ] Application time: 20.0388070 seconds
[2019-12-11T09:02:33.077+0000][1][safepoint    ] Entering safepoint region: Cleanup
[2019-12-11T09:02:33.077+0000][1][safepoint    ] Leaving safepoint region
[2019-12-11T09:02:33.077+0000][1][safepoint    ] Total time for which application threads were stopped: 0.0001118 seconds, Stopping threads took: 0.0000357 seconds
[2019-12-11T09:02:48.102+0000][1][safepoint    ] Application time: 15.0250552 seconds
[2019-12-11T09:02:48.102+0000][1][safepoint    ] Entering safepoint region: Cleanup
[2019-12-11T09:02:48.102+0000][1][safepoint    ] Leaving safepoint region
[2019-12-11T09:02:48.102+0000][1][safepoint    ] Total time for which application threads were stopped: 0.0001119 seconds, Stopping threads took: 0.0000355 seconds
[2019-12-11T09:02:56.303+0000][1][safepoint    ] Application time: 8.2008491 seconds
[2019-12-11T09:02:56.303+0000][1][safepoint    ] Entering safepoint region: GenCollectForAllocation
[2019-12-11T09:02:56.303+0000][1][gc,start     ] GC(39) Pause Young (Allocation Failure)
[2019-12-11T09:02:56.303+0000][1][gc,task      ] GC(39) Using 2 workers of 2 for evacuation
[2019-12-11T09:02:56.309+0000][1][gc,age       ] GC(39) Desired survivor size 4456448 bytes, new threshold 6 (max threshold 6)
[2019-12-11T09:02:56.309+0000][1][gc,age       ] GC(39) Age table with threshold 6 (max threshold 6)
[2019-12-11T09:02:56.309+0000][1][gc,age       ] GC(39) - age   1:       3240 bytes,       3240 total
[2019-12-11T09:02:56.309+0000][1][gc,age       ] GC(39) - age   2:         64 bytes,       3304 total
[2019-12-11T09:02:56.309+0000][1][gc,age       ] GC(39) - age   4:       1344 bytes,       4648 total
[2019-12-11T09:02:56.309+0000][1][gc,age       ] GC(39) - age   5:       2120 bytes,       6768 total
[2019-12-11T09:02:56.309+0000][1][gc,age       ] GC(39) - age   6:       2384 bytes,       9152 total
[2019-12-11T09:02:56.309+0000][1][gc,heap      ] GC(39) ParNew: 69938K->13K(78656K)
[2019-12-11T09:02:56.309+0000][1][gc,heap      ] GC(39) CMS: 69823K->69823K(174784K)
[2019-12-11T09:02:56.309+0000][1][gc,metaspace ] GC(39) Metaspace: 68565K->68565K(1112064K)
[2019-12-11T09:02:56.309+0000][1][gc           ] GC(39) Pause Young (Allocation Failure) 136M->68M(247M) 6.026ms
[2019-12-11T09:02:56.309+0000][1][gc,cpu       ] GC(39) User=0.00s Sys=0.00s Real=0.01s
[2019-12-11T09:02:56.309+0000][1][safepoint    ] Leaving safepoint region
[2019-12-11T09:02:56.309+0000][1][safepoint    ] Total time for which application threads were stopped: 0.0062145 seconds, Stopping threads took: 0.0000253 seconds
[2019-12-11T09:04:02.416+0000][1][safepoint    ] Application time: 66.1064652 seconds
[2019-12-11T09:04:02.416+0000][1][safepoint    ] Entering safepoint region: Cleanup
[2019-12-11T09:04:02.416+0000][1][safepoint    ] Leaving safepoint region
[2019-12-11T09:04:02.416+0000][1][safepoint    ] Total time for which application threads were stopped: 0.0001090 seconds, Stopping threads took: 0.0000344 seconds
[2019-12-11T09:04:03.419+0000][1][safepoint    ] Application time: 1.0029070 seconds
[2019-12-11T09:04:03.419+0000][1][safepoint    ] Entering safepoint region: Cleanup
[2019-12-11T09:04:03.419+0000][1][safepoint    ] Leaving safepoint region
[2019-12-11T09:04:03.419+0000][1][safepoint    ] Total time for which application threads were stopped: 0.0001108 seconds, Stopping threads took: 0.0000253 seconds
[2019-12-11T09:04:25.457+0000][1][safepoint    ] Application time: 22.0377442 seconds
[2019-12-11T09:04:25.457+0000][1][safepoint    ] Entering safepoint region: Cleanup
[2019-12-11T09:04:25.457+0000][1][safepoint    ] Leaving safepoint region
[2019-12-11T09:04:25.457+0000][1][safepoint    ] Total time for which application threads were stopped: 0.0001193 seconds, Stopping threads took: 0.0000375 seconds
[2019-12-11T09:04:53.515+0000][1][safepoint    ] Application time: 28.0582161 seconds
[2019-12-11T09:04:53.515+0000][1][safepoint    ] Entering safepoint region: Cleanup
[2019-12-11T09:04:53.515+0000][1][safepoint    ] Leaving safepoint region
[2019-12-11T09:04:53.515+0000][1][safepoint    ] Total time for which application threads were stopped: 0.0001142 seconds, Stopping threads took: 0.0000342 seconds
[2019-12-11T09:04:54.786+0000][1][safepoint    ] Application time: 1.2704841 seconds
[2019-12-11T09:04:54.786+0000][1][safepoint    ] Entering safepoint region: GenCollectForAllocation
[2019-12-11T09:04:54.786+0000][1][gc,start     ] GC(40) Pause Young (Allocation Failure)
[2019-12-11T09:04:54.786+0000][1][gc,task      ] GC(40) Using 2 workers of 2 for evacuation
[2019-12-11T09:04:54.795+0000][1][gc,age       ] GC(40) Desired survivor size 4456448 bytes, new threshold 6 (max threshold 6)
[2019-12-11T09:04:54.795+0000][1][gc,age       ] GC(40) Age table with threshold 6 (max threshold 6)
[2019-12-11T09:04:54.795+0000][1][gc,age       ] GC(40) - age   1:       4104 bytes,       4104 total
[2019-12-11T09:04:54.795+0000][1][gc,age       ] GC(40) - age   3:         64 bytes,       4168 total
[2019-12-11T09:04:54.795+0000][1][gc,age       ] GC(40) - age   5:       1344 bytes,       5512 total
[2019-12-11T09:04:54.795+0000][1][gc,age       ] GC(40) - age   6:       2120 bytes,       7632 total
[2019-12-11T09:04:54.795+0000][1][gc,heap      ] GC(40) ParNew: 69965K->8K(78656K)
[2019-12-11T09:04:54.795+0000][1][gc,heap      ] GC(40) CMS: 69823K->69826K(174784K)
[2019-12-11T09:04:54.795+0000][1][gc,metaspace ] GC(40) Metaspace: 68567K->68567K(1112064K)
[2019-12-11T09:04:54.795+0000][1][gc           ] GC(40) Pause Young (Allocation Failure) 136M->68M(247M) 9.260ms
[2019-12-11T09:04:54.795+0000][1][gc,cpu       ] GC(40) User=0.00s Sys=0.00s Real=0.01s
[2019-12-11T09:04:54.795+0000][1][safepoint    ] Leaving safepoint region
[2019-12-11T09:04:54.795+0000][1][safepoint    ] Total time for which application threads were stopped: 0.0094555 seconds, Stopping threads took: 0.0000247 seconds
[2019-12-11T09:05:27.854+0000][1][safepoint    ] Application time: 33.0585764 seconds
[2019-12-11T09:05:27.854+0000][1][safepoint    ] Entering safepoint region: Cleanup
[2019-12-11T09:05:27.854+0000][1][safepoint    ] Leaving safepoint region
[2019-12-11T09:05:27.854+0000][1][safepoint    ] Total time for which application threads were stopped: 0.0001073 seconds, Stopping threads took: 0.0000266 seconds
[2019-12-11T09:05:45.880+0000][1][safepoint    ] Application time: 18.0257230 seconds
[2019-12-11T09:05:45.880+0000][1][safepoint    ] Entering safepoint region: Cleanup
[2019-12-11T09:05:45.880+0000][1][safepoint    ] Leaving safepoint region
[2019-12-11T09:05:45.880+0000][1][safepoint    ] Total time for which application threads were stopped: 0.0000968 seconds, Stopping threads took: 0.0000240 seconds
[2019-12-11T09:05:49.888+0000][1][safepoint    ] Application time: 4.0078719 seconds
[2019-12-11T09:05:49.888+0000][1][safepoint    ] Entering safepoint region: Cleanup
[2019-12-11T09:05:49.888+0000][1][safepoint    ] Leaving safepoint region
[2019-12-11T09:05:49.888+0000][1][safepoint    ] Total time for which application threads were stopped: 0.0001051 seconds, Stopping threads took: 0.0000272 seconds
[2019-12-11T09:05:58.914+0000][1][safepoint    ] Application time: 9.0257736 seconds
[2019-12-11T09:05:58.914+0000][1][safepoint    ] Entering safepoint region: Cleanup
[2019-12-11T09:05:58.914+0000][1][safepoint    ] Leaving safepoint region
[2019-12-11T09:05:58.914+0000][1][safepoint    ] Total time for which application threads were stopped: 0.0001176 seconds, Stopping threads took: 0.0000380 seconds
[2019-12-11T09:06:02.920+0000][1][safepoint    ] Application time: 4.0058828 seconds
[2019-12-11T09:06:02.920+0000][1][safepoint    ] Entering safepoint region: Cleanup
[2019-12-11T09:06:02.920+0000][1][safepoint    ] Leaving safepoint region
[2019-12-11T09:06:02.920+0000][1][safepoint    ] Total time for which application threads were stopped: 0.0000935 seconds, Stopping threads took: 0.0000255 seconds
[2019-12-11T09:06:20.957+0000][1][safepoint    ] Application time: 18.0368440 seconds
[2019-12-11T09:06:20.957+0000][1][safepoint    ] Entering safepoint region: Cleanup
[2019-12-11T09:06:20.957+0000][1][safepoint    ] Leaving safepoint region
[2019-12-11T09:06:20.957+0000][1][safepoint    ] Total time for which application threads were stopped: 0.0001075 seconds, Stopping threads took: 0.0000256 seconds
[2019-12-11T09:06:22.961+0000][1][safepoint    ] Application time: 2.0038206 seconds
[2019-12-11T09:06:22.961+0000][1][safepoint    ] Entering safepoint region: Cleanup
[2019-12-11T09:06:22.961+0000][1][safepoint    ] Leaving safepoint region
[2019-12-11T09:06:22.961+0000][1][safepoint    ] Total time for which application threads were stopped: 0.0000967 seconds, Stopping threads took: 0.0000240 seconds
[2019-12-11T09:06:45.004+0000][1][safepoint    ] Application time: 22.0428553 seconds
[2019-12-11T09:06:45.004+0000][1][safepoint    ] Entering safepoint region: Cleanup
[2019-12-11T09:06:45.004+0000][1][safepoint    ] Leaving safepoint region
[2019-12-11T09:06:45.004+0000][1][safepoint    ] Total time for which application threads were stopped: 0.0001144 seconds, Stopping threads took: 0.0000377 seconds
[2019-12-11T09:06:54.391+0000][1][safepoint    ] Application time: 9.3871300 seconds
[2019-12-11T09:06:54.391+0000][1][safepoint    ] Entering safepoint region: GenCollectForAllocation
[2019-12-11T09:06:54.391+0000][1][gc,start     ] GC(41) Pause Young (Allocation Failure)
[2019-12-11T09:06:54.391+0000][1][gc,task      ] GC(41) Using 2 workers of 2 for evacuation
[2019-12-11T09:06:54.405+0000][1][gc,age       ] GC(41) Desired survivor size 4456448 bytes, new threshold 6 (max threshold 6)
[2019-12-11T09:06:54.405+0000][1][gc,age       ] GC(41) Age table with threshold 6 (max threshold 6)
[2019-12-11T09:06:54.405+0000][1][gc,age       ] GC(41) - age   1:       4968 bytes,       4968 total
[2019-12-11T09:06:54.405+0000][1][gc,age       ] GC(41) - age   2:       1104 bytes,       6072 total
[2019-12-11T09:06:54.405+0000][1][gc,age       ] GC(41) - age   4:         64 bytes,       6136 total
[2019-12-11T09:06:54.405+0000][1][gc,age       ] GC(41) - age   6:       1344 bytes,       7480 total
[2019-12-11T09:06:54.405+0000][1][gc,heap      ] GC(41) ParNew: 69960K->11K(78656K)
[2019-12-11T09:06:54.405+0000][1][gc,heap      ] GC(41) CMS: 69826K->69828K(174784K)
[2019-12-11T09:06:54.405+0000][1][gc,metaspace ] GC(41) Metaspace: 68568K->68568K(1112064K)
[2019-12-11T09:06:54.405+0000][1][gc           ] GC(41) Pause Young (Allocation Failure) 136M->68M(247M) 14.073ms
[2019-12-11T09:06:54.405+0000][1][gc,cpu       ] GC(41) User=0.00s Sys=0.00s Real=0.02s
[2019-12-11T09:06:54.405+0000][1][safepoint    ] Leaving safepoint region
[2019-12-11T09:06:54.405+0000][1][safepoint    ] Total time for which application threads were stopped: 0.0142740 seconds, Stopping threads took: 0.0000309 seconds
[2019-12-11T09:07:02.415+0000][1][safepoint    ] Application time: 8.0095163 seconds
[2019-12-11T09:07:02.415+0000][1][safepoint    ] Entering safepoint region: Cleanup
[2019-12-11T09:07:02.415+0000][1][safepoint    ] Leaving safepoint region
[2019-12-11T09:07:02.415+0000][1][safepoint    ] Total time for which application threads were stopped: 0.0001084 seconds, Stopping threads took: 0.0000355 seconds
[2019-12-11T09:07:13.416+0000][1][safepoint    ] Application time: 11.0013335 seconds
[2019-12-11T09:07:13.416+0000][1][safepoint    ] Entering safepoint region: Cleanup
[2019-12-11T09:07:13.417+0000][1][safepoint    ] Leaving safepoint region
[2019-12-11T09:07:13.417+0000][1][safepoint    ] Total time for which application threads were stopped: 0.0000800 seconds, Stopping threads took: 0.0000263 seconds
[2019-12-11T09:07:20.417+0000][1][safepoint    ] Application time: 7.0005612 seconds
[2019-12-11T09:07:20.417+0000][1][safepoint    ] Entering safepoint region: Cleanup
[2019-12-11T09:07:20.417+0000][1][safepoint    ] Leaving safepoint region
[2019-12-11T09:07:20.417+0000][1][safepoint    ] Total time for which application threads were stopped: 0.0000976 seconds, Stopping threads took: 0.0000254 seconds
[2019-12-11T09:07:30.986+0000][1][safepoint    ] Application time: 10.5688829 seconds
[2019-12-11T09:07:30.986+0000][1][safepoint    ] Entering safepoint region: RevokeBias
[2019-12-11T09:07:30.986+0000][1][safepoint    ] Leaving safepoint region
[2019-12-11T09:07:30.986+0000][1][safepoint    ] Total time for which application threads were stopped: 0.0001064 seconds, Stopping threads took: 0.0000207 seconds
[2019-12-11T09:07:30.986+0000][1][safepoint    ] Application time: 0.0000994 seconds
[2019-12-11T09:07:30.986+0000][1][safepoint    ] Entering safepoint region: RevokeBias
[2019-12-11T09:07:30.986+0000][1][safepoint    ] Leaving safepoint region
[2019-12-11T09:07:30.986+0000][1][safepoint    ] Total time for which application threads were stopped: 0.0000441 seconds, Stopping threads took: 0.0000101 seconds
[2019-12-11T09:07:30.996+0000][1][safepoint    ] Application time: 0.0095512 seconds
[2019-12-11T09:07:31.001+0000][1][safepoint    ] Entering safepoint region: RevokeBias
[2019-12-11T09:07:31.002+0000][1][safepoint    ] Leaving safepoint region
[2019-12-11T09:07:31.002+0000][1][safepoint    ] Total time for which application threads were stopped: 0.0055714 seconds, Stopping threads took: 0.0055045 seconds
[2019-12-11T09:07:31.008+0000][1][safepoint    ] Application time: 0.0066437 seconds
[2019-12-11T09:07:31.008+0000][1][safepoint    ] Entering safepoint region: RevokeBias
[2019-12-11T09:07:31.008+0000][1][safepoint    ] Leaving safepoint region
[2019-12-11T09:07:31.008+0000][1][safepoint    ] Total time for which application threads were stopped: 0.0000828 seconds, Stopping threads took: 0.0000177 seconds
[2019-12-11T09:07:31.008+0000][1][safepoint    ] Application time: 0.0000966 seconds
[2019-12-11T09:07:31.008+0000][1][safepoint    ] Entering safepoint region: RevokeBias
[2019-12-11T09:07:31.008+0000][1][safepoint    ] Leaving safepoint region
[2019-12-11T09:07:31.008+0000][1][safepoint    ] Total time for which application threads were stopped: 0.0000445 seconds, Stopping threads took: 0.0000103 seconds
[2019-12-11T09:07:31.009+0000][1][safepoint    ] Application time: 0.0004866 seconds
[2019-12-11T09:07:31.009+0000][1][safepoint    ] Entering safepoint region: RevokeBias
[2019-12-11T09:07:31.009+0000][1][safepoint    ] Leaving safepoint region
[2019-12-11T09:07:31.009+0000][1][safepoint    ] Total time for which application threads were stopped: 0.0000669 seconds, Stopping threads took: 0.0000145 seconds
[2019-12-11T09:07:31.011+0000][1][safepoint    ] Application time: 0.0015504 seconds
[2019-12-11T09:07:31.011+0000][1][safepoint    ] Entering safepoint region: RevokeBias
[2019-12-11T09:07:31.011+0000][1][safepoint    ] Leaving safepoint region
[2019-12-11T09:07:31.011+0000][1][safepoint    ] Total time for which application threads were stopped: 0.0000842 seconds, Stopping threads took: 0.0000141 seconds
[2019-12-11T09:07:31.026+0000][1][safepoint    ] Application time: 0.0155224 seconds
[2019-12-11T09:07:31.026+0000][1][safepoint    ] Entering safepoint region: RevokeBias
[2019-12-11T09:07:31.026+0000][1][safepoint    ] Leaving safepoint region
[2019-12-11T09:07:31.026+0000][1][safepoint    ] Total time for which application threads were stopped: 0.0000714 seconds, Stopping threads took: 0.0000144 seconds
[2019-12-11T09:07:31.038+0000][1][safepoint    ] Application time: 0.0117188 seconds
[2019-12-11T09:07:31.038+0000][1][safepoint    ] Entering safepoint region: RevokeBias
[2019-12-11T09:07:31.038+0000][1][safepoint    ] Leaving safepoint region
[2019-12-11T09:07:31.038+0000][1][safepoint    ] Total time for which application threads were stopped: 0.0001253 seconds, Stopping threads took: 0.0000514 seconds
[2019-12-11T09:07:31.042+0000][1][safepoint    ] Application time: 0.0040710 seconds
[2019-12-11T09:07:31.042+0000][1][safepoint    ] Entering safepoint region: RevokeBias
[2019-12-11T09:07:31.042+0000][1][safepoint    ] Leaving safepoint region
[2019-12-11T09:07:31.042+0000][1][safepoint    ] Total time for which application threads were stopped: 0.0000780 seconds, Stopping threads took: 0.0000147 seconds
[2019-12-11T09:07:31.043+0000][1][safepoint    ] Application time: 0.0002825 seconds
[2019-12-11T09:07:31.043+0000][1][safepoint    ] Entering safepoint region: RevokeBias
[2019-12-11T09:07:31.043+0000][1][safepoint    ] Leaving safepoint region
[2019-12-11T09:07:31.043+0000][1][safepoint    ] Total time for which application threads were stopped: 0.0000634 seconds, Stopping threads took: 0.0000129 seconds
[2019-12-11T09:07:31.044+0000][1][safepoint    ] Application time: 0.0009473 seconds
[2019-12-11T09:07:31.064+0000][1][safepoint    ] Entering safepoint region: RevokeBias
[2019-12-11T09:07:31.064+0000][1][safepoint    ] Leaving safepoint region
[2019-12-11T09:07:31.064+0000][1][safepoint    ] Total time for which application threads were stopped: 0.0204869 seconds, Stopping threads took: 0.0204101 seconds
[2019-12-11T09:07:31.065+0000][1][safepoint    ] Application time: 0.0007955 seconds
[2019-12-11T09:07:31.065+0000][1][safepoint    ] Entering safepoint region: RevokeBias
[2019-12-11T09:07:31.065+0000][1][safepoint    ] Leaving safepoint region
[2019-12-11T09:07:31.065+0000][1][safepoint    ] Total time for which application threads were stopped: 0.0000598 seconds, Stopping threads took: 0.0000137 seconds
[2019-12-11T09:07:31.065+0000][1][safepoint    ] Application time: 0.0000835 seconds
[2019-12-11T09:07:31.065+0000][1][safepoint    ] Entering safepoint region: RevokeBias
[2019-12-11T09:07:31.065+0000][1][safepoint    ] Leaving safepoint region
[2019-12-11T09:07:31.065+0000][1][safepoint    ] Total time for which application threads were stopped: 0.0000526 seconds, Stopping threads took: 0.0000092 seconds
[2019-12-11T09:07:31.068+0000][1][safepoint    ] Application time: 0.0030638 seconds
[2019-12-11T09:07:31.068+0000][1][safepoint    ] Entering safepoint region: RevokeBias
[2019-12-11T09:07:31.068+0000][1][safepoint    ] Leaving safepoint region
[2019-12-11T09:07:31.068+0000][1][safepoint    ] Total time for which application threads were stopped: 0.0000504 seconds, Stopping threads took: 0.0000125 seconds
[2019-12-11T09:07:31.068+0000][1][safepoint    ] Application time: 0.0000623 seconds
[2019-12-11T09:07:31.069+0000][1][safepoint    ] Entering safepoint region: RevokeBias
[2019-12-11T09:07:31.069+0000][1][safepoint    ] Leaving safepoint region
[2019-12-11T09:07:31.069+0000][1][safepoint    ] Total time for which application threads were stopped: 0.0000342 seconds, Stopping threads took: 0.0000082 seconds
[2019-12-11T09:07:31.069+0000][1][safepoint    ] Application time: 0.0001419 seconds
[2019-12-11T09:07:31.069+0000][1][safepoint    ] Entering safepoint region: RevokeBias
[2019-12-11T09:07:31.069+0000][1][safepoint    ] Leaving safepoint region
[2019-12-11T09:07:31.069+0000][1][safepoint    ] Total time for which application threads were stopped: 0.0000408 seconds, Stopping threads took: 0.0000102 seconds
[2019-12-11T09:07:31.069+0000][1][safepoint    ] Application time: 0.0000568 seconds
[2019-12-11T09:07:31.069+0000][1][safepoint    ] Entering safepoint region: RevokeBias
[2019-12-11T09:07:31.069+0000][1][safepoint    ] Leaving safepoint region
[2019-12-11T09:07:31.069+0000][1][safepoint    ] Total time for which application threads were stopped: 0.0000366 seconds, Stopping threads took: 0.0000087 seconds
[2019-12-11T09:07:31.069+0000][1][safepoint    ] Application time: 0.0003203 seconds
[2019-12-11T09:07:31.069+0000][1][safepoint    ] Entering safepoint region: RevokeBias
[2019-12-11T09:07:31.069+0000][1][safepoint    ] Leaving safepoint region
[2019-12-11T09:07:31.069+0000][1][safepoint    ] Total time for which application threads were stopped: 0.0000543 seconds, Stopping threads took: 0.0000124 seconds
[2019-12-11T09:07:31.069+0000][1][safepoint    ] Application time: 0.0000766 seconds
[2019-12-11T09:07:31.069+0000][1][safepoint    ] Entering safepoint region: RevokeBias
[2019-12-11T09:07:31.069+0000][1][safepoint    ] Leaving safepoint region
[2019-12-11T09:07:31.069+0000][1][safepoint    ] Total time for which application threads were stopped: 0.0000396 seconds, Stopping threads took: 0.0000095 seconds
[2019-12-11T09:07:31.070+0000][1][safepoint    ] Application time: 0.0009190 seconds
[2019-12-11T09:07:31.070+0000][1][safepoint    ] Entering safepoint region: RevokeBias
[2019-12-11T09:07:31.070+0000][1][safepoint    ] Leaving safepoint region
[2019-12-11T09:07:31.070+0000][1][safepoint    ] Total time for which application threads were stopped: 0.0000616 seconds, Stopping threads took: 0.0000164 seconds
[2019-12-11T09:07:31.145+0000][1][safepoint    ] Application time: 0.0744832 seconds
[2019-12-11T09:07:31.145+0000][1][safepoint    ] Entering safepoint region: RevokeBias
[2019-12-11T09:07:31.145+0000][1][safepoint    ] Leaving safepoint region
[2019-12-11T09:07:31.145+0000][1][safepoint    ] Total time for which application threads were stopped: 0.0001439 seconds, Stopping threads took: 0.0000552 seconds
[2019-12-11T09:07:31.153+0000][1][safepoint    ] Application time: 0.0078131 seconds
[2019-12-11T09:07:31.153+0000][1][safepoint    ] Entering safepoint region: RevokeBias
[2019-12-11T09:07:31.153+0000][1][safepoint    ] Leaving safepoint region
[2019-12-11T09:07:31.153+0000][1][safepoint    ] Total time for which application threads were stopped: 0.0000993 seconds, Stopping threads took: 0.0000148 seconds
[2019-12-11T09:07:31.153+0000][1][safepoint    ] Application time: 0.0000666 seconds
[2019-12-11T09:07:31.153+0000][1][safepoint    ] Entering safepoint region: RevokeBias
[2019-12-11T09:07:31.153+0000][1][safepoint    ] Leaving safepoint region
[2019-12-11T09:07:31.153+0000][1][safepoint    ] Total time for which application threads were stopped: 0.0000400 seconds, Stopping threads took: 0.0000083 seconds
[2019-12-11T09:07:31.173+0000][1][safepoint    ] Application time: 0.0196140 seconds
[2019-12-11T09:07:31.173+0000][1][safepoint    ] Entering safepoint region: RevokeBias
[2019-12-11T09:07:31.173+0000][1][safepoint    ] Leaving safepoint region
[2019-12-11T09:07:31.173+0000][1][safepoint    ] Total time for which application threads were stopped: 0.0000647 seconds, Stopping threads took: 0.0000141 seconds
[2019-12-11T09:07:31.174+0000][1][safepoint    ] Application time: 0.0011259 seconds
[2019-12-11T09:07:31.174+0000][1][safepoint    ] Entering safepoint region: RevokeBias
[2019-12-11T09:07:31.174+0000][1][safepoint    ] Leaving safepoint region
[2019-12-11T09:07:31.174+0000][1][safepoint    ] Total time for which application threads were stopped: 0.0000580 seconds, Stopping threads took: 0.0000144 seconds
[2019-12-11T09:07:31.175+0000][1][safepoint    ] Application time: 0.0014445 seconds
[2019-12-11T09:07:31.176+0000][1][safepoint    ] Entering safepoint region: RevokeBias
[2019-12-11T09:07:31.176+0000][1][safepoint    ] Leaving safepoint region
[2019-12-11T09:07:31.176+0000][1][safepoint    ] Total time for which application threads were stopped: 0.0000533 seconds, Stopping threads took: 0.0000127 seconds
[2019-12-11T09:07:31.185+0000][1][safepoint    ] Application time: 0.0093358 seconds
[2019-12-11T09:07:31.185+0000][1][safepoint    ] Entering safepoint region: RevokeBias
[2019-12-11T09:07:31.185+0000][1][safepoint    ] Leaving safepoint region
[2019-12-11T09:07:31.185+0000][1][safepoint    ] Total time for which application threads were stopped: 0.0000590 seconds, Stopping threads took: 0.0000130 seconds
[2019-12-11T09:07:31.185+0000][1][safepoint    ] Application time: 0.0001744 seconds
[2019-12-11T09:07:31.185+0000][1][safepoint    ] Entering safepoint region: RevokeBias
[2019-12-11T09:07:31.185+0000][1][safepoint    ] Leaving safepoint region
[2019-12-11T09:07:31.185+0000][1][safepoint    ] Total time for which application threads were stopped: 0.0000471 seconds, Stopping threads took: 0.0000109 seconds
[2019-12-11T09:07:31.202+0000][1][safepoint    ] Application time: 0.0171953 seconds
[2019-12-11T09:07:31.202+0000][1][safepoint    ] Entering safepoint region: RevokeBias
[2019-12-11T09:07:31.203+0000][1][safepoint    ] Leaving safepoint region
[2019-12-11T09:07:31.203+0000][1][safepoint    ] Total time for which application threads were stopped: 0.0000559 seconds, Stopping threads took: 0.0000135 seconds
[2019-12-11T09:07:31.205+0000][1][safepoint    ] Application time: 0.0021188 seconds
[2019-12-11T09:07:31.205+0000][1][safepoint    ] Entering safepoint region: RevokeBias
[2019-12-11T09:07:31.205+0000][1][safepoint    ] Leaving safepoint region
[2019-12-11T09:07:31.205+0000][1][safepoint    ] Total time for which application threads were stopped: 0.0000767 seconds, Stopping threads took: 0.0000313 seconds
[2019-12-11T09:07:31.205+0000][1][safepoint    ] Application time: 0.0000599 seconds
[2019-12-11T09:07:31.205+0000][1][safepoint    ] Entering safepoint region: RevokeBias
[2019-12-11T09:07:31.205+0000][1][safepoint    ] Leaving safepoint region
[2019-12-11T09:07:31.205+0000][1][safepoint    ] Total time for which application threads were stopped: 0.0000361 seconds, Stopping threads took: 0.0000090 seconds
[2019-12-11T09:07:31.205+0000][1][safepoint    ] Application time: 0.0000772 seconds
[2019-12-11T09:07:31.205+0000][1][safepoint    ] Entering safepoint region: RevokeBias
[2019-12-11T09:07:31.205+0000][1][safepoint    ] Leaving safepoint region
[2019-12-11T09:07:31.205+0000][1][safepoint    ] Total time for which application threads were stopped: 0.0000365 seconds, Stopping threads took: 0.0000089 seconds
[2019-12-11T09:07:31.205+0000][1][safepoint    ] Application time: 0.0000718 seconds
[2019-12-11T09:07:31.205+0000][1][safepoint    ] Entering safepoint region: RevokeBias
[2019-12-11T09:07:31.205+0000][1][safepoint    ] Leaving safepoint region
[2019-12-11T09:07:31.205+0000][1][safepoint    ] Total time for which application threads were stopped: 0.0000346 seconds, Stopping threads took: 0.0000085 seconds
[2019-12-11T09:07:31.205+0000][1][safepoint    ] Application time: 0.0000822 seconds
[2019-12-11T09:07:31.205+0000][1][safepoint    ] Entering safepoint region: RevokeBias
[2019-12-11T09:07:31.205+0000][1][safepoint    ] Leaving safepoint region
[2019-12-11T09:07:31.205+0000][1][safepoint    ] Total time for which application threads were stopped: 0.0000351 seconds, Stopping threads took: 0.0000089 seconds
[2019-12-11T09:07:31.234+0000][1][safepoint    ] Application time: 0.0292142 seconds
[2019-12-11T09:07:31.235+0000][1][safepoint    ] Entering safepoint region: RevokeBias
[2019-12-11T09:07:31.235+0000][1][safepoint    ] Leaving safepoint region
[2019-12-11T09:07:31.235+0000][1][safepoint    ] Total time for which application threads were stopped: 0.0003143 seconds, Stopping threads took: 0.0001404 seconds
[2019-12-11T09:07:31.235+0000][1][safepoint    ] Application time: 0.0005905 seconds
[2019-12-11T09:07:31.235+0000][1][safepoint    ] Entering safepoint region: RevokeBias
[2019-12-11T09:07:31.235+0000][1][safepoint    ] Leaving safepoint region
[2019-12-11T09:07:31.235+0000][1][safepoint    ] Total time for which application threads were stopped: 0.0000795 seconds, Stopping threads took: 0.0000118 seconds
[2019-12-11T09:07:31.236+0000][1][safepoint    ] Application time: 0.0003770 seconds
[2019-12-11T09:07:31.236+0000][1][safepoint    ] Entering safepoint region: BulkRevokeBias
[2019-12-11T09:07:31.236+0000][1][safepoint    ] Leaving safepoint region
[2019-12-11T09:07:31.236+0000][1][safepoint    ] Total time for which application threads were stopped: 0.0002994 seconds, Stopping threads took: 0.0000108 seconds
[2019-12-11T09:07:31.287+0000][1][safepoint    ] Application time: 0.0512746 seconds
[2019-12-11T09:07:31.288+0000][1][safepoint    ] Entering safepoint region: RevokeBias
[2019-12-11T09:07:31.288+0000][1][safepoint    ] Leaving safepoint region
[2019-12-11T09:07:31.288+0000][1][safepoint    ] Total time for which application threads were stopped: 0.0002393 seconds, Stopping threads took: 0.0001167 seconds
[2019-12-11T09:07:31.323+0000][1][safepoint    ] Application time: 0.0357341 seconds
[2019-12-11T09:07:31.336+0000][1][safepoint    ] Entering safepoint region: RevokeBias
[2019-12-11T09:07:31.336+0000][1][safepoint    ] Leaving safepoint region
[2019-12-11T09:07:31.336+0000][1][safepoint    ] Total time for which application threads were stopped: 0.0124559 seconds, Stopping threads took: 0.0123533 seconds
[2019-12-11T09:07:31.336+0000][1][safepoint    ] Application time: 0.0001653 seconds
[2019-12-11T09:07:31.336+0000][1][safepoint    ] Entering safepoint region: RevokeBias
[2019-12-11T09:07:31.336+0000][1][safepoint    ] Leaving safepoint region
[2019-12-11T09:07:31.336+0000][1][safepoint    ] Total time for which application threads were stopped: 0.0000806 seconds, Stopping threads took: 0.0000195 seconds
[2019-12-11T09:07:31.342+0000][1][safepoint    ] Application time: 0.0055150 seconds
[2019-12-11T09:07:31.342+0000][1][safepoint    ] Entering safepoint region: BulkRevokeBias
[2019-12-11T09:07:31.342+0000][1][safepoint    ] Leaving safepoint region
[2019-12-11T09:07:31.342+0000][1][safepoint    ] Total time for which application threads were stopped: 0.0002530 seconds, Stopping threads took: 0.0000148 seconds
[2019-12-11T09:07:31.409+0000][1][safepoint    ] Application time: 0.0672692 seconds
[2019-12-11T09:07:31.412+0000][1][safepoint    ] Entering safepoint region: RevokeBias
[2019-12-11T09:07:31.412+0000][1][safepoint    ] Leaving safepoint region
[2019-12-11T09:07:31.412+0000][1][safepoint    ] Total time for which application threads were stopped: 0.0025606 seconds, Stopping threads took: 0.0024921 seconds
[2019-12-11T09:07:31.538+0000][1][safepoint    ] Application time: 0.1264328 seconds
[2019-12-11T09:07:31.538+0000][1][safepoint    ] Entering safepoint region: RevokeBias
[2019-12-11T09:07:31.538+0000][1][safepoint    ] Leaving safepoint region
[2019-12-11T09:07:31.538+0000][1][safepoint    ] Total time for which application threads were stopped: 0.0000739 seconds, Stopping threads took: 0.0000174 seconds
[2019-12-11T09:07:31.557+0000][1][safepoint    ] Application time: 0.0188872 seconds
[2019-12-11T09:07:31.557+0000][1][safepoint    ] Entering safepoint region: RevokeBias
[2019-12-11T09:07:31.557+0000][1][safepoint    ] Leaving safepoint region
[2019-12-11T09:07:31.557+0000][1][safepoint    ] Total time for which application threads were stopped: 0.0000778 seconds, Stopping threads took: 0.0000160 seconds
[2019-12-11T09:07:31.567+0000][1][safepoint    ] Application time: 0.0091826 seconds
[2019-12-11T09:07:31.567+0000][1][safepoint    ] Entering safepoint region: RevokeBias
[2019-12-11T09:07:31.567+0000][1][safepoint    ] Leaving safepoint region
[2019-12-11T09:07:31.567+0000][1][safepoint    ] Total time for which application threads were stopped: 0.0000813 seconds, Stopping threads took: 0.0000298 seconds
[2019-12-11T09:07:31.569+0000][1][safepoint    ] Application time: 0.0019065 seconds
[2019-12-11T09:07:31.577+0000][1][safepoint    ] Entering safepoint region: RevokeBias
[2019-12-11T09:07:31.577+0000][1][safepoint    ] Leaving safepoint region
[2019-12-11T09:07:31.577+0000][1][safepoint    ] Total time for which application threads were stopped: 0.0081066 seconds, Stopping threads took: 0.0080737 seconds
[2019-12-11T09:07:31.583+0000][1][safepoint    ] Application time: 0.0064951 seconds
[2019-12-11T09:07:31.583+0000][1][safepoint    ] Entering safepoint region: RevokeBias
[2019-12-11T09:07:31.583+0000][1][safepoint    ] Leaving safepoint region
[2019-12-11T09:07:31.583+0000][1][safepoint    ] Total time for which application threads were stopped: 0.0000353 seconds, Stopping threads took: 0.0000108 seconds
[2019-12-11T09:07:31.584+0000][1][safepoint    ] Application time: 0.0001761 seconds
[2019-12-11T09:07:31.584+0000][1][safepoint    ] Entering safepoint region: RevokeBias
[2019-12-11T09:07:31.584+0000][1][safepoint    ] Leaving safepoint region
[2019-12-11T09:07:31.584+0000][1][safepoint    ] Total time for which application threads were stopped: 0.0000299 seconds, Stopping threads took: 0.0000085 seconds
[2019-12-11T09:07:31.586+0000][1][safepoint    ] Application time: 0.0019485 seconds
[2019-12-11T09:07:31.586+0000][1][safepoint    ] Entering safepoint region: RevokeBias
[2019-12-11T09:07:31.586+0000][1][safepoint    ] Leaving safepoint region
[2019-12-11T09:07:31.586+0000][1][safepoint    ] Total time for which application threads were stopped: 0.0000449 seconds, Stopping threads took: 0.0000103 seconds
[2019-12-11T09:07:31.653+0000][1][gc,heap,exit ] Heap
[2019-12-11T09:07:31.653+0000][1][gc,heap,exit ]  par new generation   total 78656K, used 29044K [0x00000000f0000000, 0x00000000f5550000, 0x00000000f5550000)
[2019-12-11T09:07:31.653+0000][1][gc,heap,exit ]   eden space 69952K,  41% used [0x00000000f0000000, 0x00000000f1c5a4e0, 0x00000000f4450000)
[2019-12-11T09:07:31.653+0000][1][gc,heap,exit ]   from space 8704K,   0% used [0x00000000f4450000, 0x00000000f4452ee0, 0x00000000f4cd0000)
[2019-12-11T09:07:31.653+0000][1][gc,heap,exit ]   to   space 8704K,   0% used [0x00000000f4cd0000, 0x00000000f4cd0000, 0x00000000f5550000)
[2019-12-11T09:07:31.653+0000][1][gc,heap,exit ]  concurrent mark-sweep generation total 174784K, used 69828K [0x00000000f5550000, 0x0000000100000000, 0x0000000100000000)
[2019-12-11T09:07:31.653+0000][1][gc,heap,exit ]  Metaspace       used 68742K, capacity 73707K, committed 73796K, reserved 1112064K
[2019-12-11T09:07:31.653+0000][1][gc,heap,exit ]   class space    used 9245K, capacity 11347K, committed 11432K, reserved 1048576K
[2019-12-11T09:07:31.653+0000][1][safepoint    ] Application time: 0.0676413 seconds
[2019-12-11T09:07:31.653+0000][1][safepoint    ] Entering safepoint region: Exit
