[2019-12-09T03:05:02.048+0000][1][gc] Using Concurrent Mark Sweep
[2019-12-09T03:05:02.048+0000][1][gc,heap,coops] Heap address: 0x00000000f0000000, size: 256 MB, Compressed Oops mode: 32-bit
[2019-12-09T03:05:02.366+0000][1][safepoint    ] Entering safepoint region: EnableBiasedLocking
[2019-12-09T03:05:02.366+0000][1][safepoint    ] Leaving safepoint region
[2019-12-09T03:05:02.366+0000][1][safepoint    ] Total time for which application threads were stopped: 0.0089389 seconds, Stopping threads took: 0.0088503 seconds
[2019-12-09T03:05:02.381+0000][1][safepoint    ] Application time: 0.0153493 seconds
[2019-12-09T03:05:02.382+0000][1][safepoint    ] Entering safepoint region: RevokeBias
[2019-12-09T03:05:02.382+0000][1][safepoint    ] Leaving safepoint region
[2019-12-09T03:05:02.382+0000][1][safepoint    ] Total time for which application threads were stopped: 0.0001019 seconds, Stopping threads took: 0.0000451 seconds
[2019-12-09T03:05:02.464+0000][1][safepoint    ] Application time: 0.0819167 seconds
[2019-12-09T03:05:02.464+0000][1][safepoint    ] Entering safepoint region: Deoptimize
[2019-12-09T03:05:02.464+0000][1][safepoint    ] Leaving safepoint region
[2019-12-09T03:05:02.464+0000][1][safepoint    ] Total time for which application threads were stopped: 0.0000518 seconds, Stopping threads took: 0.0000104 seconds
[2019-12-09T03:05:03.361+0000][1][safepoint    ] Application time: 0.8973727 seconds
[2019-12-09T03:05:03.361+0000][1][safepoint    ] Entering safepoint region: Deoptimize
[2019-12-09T03:05:03.361+0000][1][safepoint    ] Leaving safepoint region
[2019-12-09T03:05:03.361+0000][1][safepoint    ] Total time for which application threads were stopped: 0.0000943 seconds, Stopping threads took: 0.0000110 seconds
[2019-12-09T03:05:04.362+0000][1][safepoint    ] Application time: 1.0009835 seconds
[2019-12-09T03:05:04.395+0000][1][safepoint    ] Entering safepoint region: Cleanup
[2019-12-09T03:05:04.396+0000][1][safepoint    ] Leaving safepoint region
[2019-12-09T03:05:04.396+0000][1][safepoint    ] Total time for which application threads were stopped: 0.0334091 seconds, Stopping threads took: 0.0333432 seconds
[2019-12-09T03:05:05.427+0000][1][safepoint    ] Application time: 1.0311759 seconds
[2019-12-09T03:05:05.438+0000][1][safepoint    ] Entering safepoint region: Cleanup
[2019-12-09T03:05:05.438+0000][1][safepoint    ] Leaving safepoint region
[2019-12-09T03:05:05.438+0000][1][safepoint    ] Total time for which application threads were stopped: 0.0116456 seconds, Stopping threads took: 0.0115829 seconds
[2019-12-09T03:05:05.906+0000][1][safepoint    ] Application time: 0.4673514 seconds
[2019-12-09T03:05:05.906+0000][1][safepoint    ] Entering safepoint region: Deoptimize
[2019-12-09T03:05:05.906+0000][1][safepoint    ] Leaving safepoint region
[2019-12-09T03:05:05.906+0000][1][safepoint    ] Total time for which application threads were stopped: 0.0001615 seconds, Stopping threads took: 0.0000117 seconds
[2019-12-09T03:05:06.246+0000][1][safepoint    ] Application time: 0.3398746 seconds
[2019-12-09T03:05:06.246+0000][1][safepoint    ] Entering safepoint region: Deoptimize
[2019-12-09T03:05:06.246+0000][1][safepoint    ] Leaving safepoint region
[2019-12-09T03:05:06.246+0000][1][safepoint    ] Total time for which application threads were stopped: 0.0001606 seconds, Stopping threads took: 0.0000115 seconds
[2019-12-09T03:05:06.293+0000][1][safepoint    ] Application time: 0.0466761 seconds
[2019-12-09T03:05:06.293+0000][1][safepoint    ] Entering safepoint region: Deoptimize
[2019-12-09T03:05:06.293+0000][1][safepoint    ] Leaving safepoint region
[2019-12-09T03:05:06.293+0000][1][safepoint    ] Total time for which application threads were stopped: 0.0001755 seconds, Stopping threads took: 0.0000266 seconds
[2019-12-09T03:05:07.295+0000][1][safepoint    ] Application time: 1.0018027 seconds
[2019-12-09T03:05:07.401+0000][1][safepoint    ] Entering safepoint region: Cleanup
[2019-12-09T03:05:07.401+0000][1][safepoint    ] Leaving safepoint region
[2019-12-09T03:05:07.401+0000][1][safepoint    ] Total time for which application threads were stopped: 0.1060616 seconds, Stopping threads took: 0.1060111 seconds
[2019-12-09T03:05:08.415+0000][1][safepoint    ] Application time: 1.0138417 seconds
[2019-12-09T03:05:08.415+0000][1][safepoint    ] Entering safepoint region: Cleanup
[2019-12-09T03:05:08.415+0000][1][safepoint    ] Leaving safepoint region
[2019-12-09T03:05:08.415+0000][1][safepoint    ] Total time for which application threads were stopped: 0.0001207 seconds, Stopping threads took: 0.0000657 seconds
[2019-12-09T03:05:09.418+0000][1][safepoint    ] Application time: 1.0028584 seconds
[2019-12-09T03:05:09.451+0000][1][safepoint    ] Entering safepoint region: Cleanup
[2019-12-09T03:05:09.451+0000][1][safepoint    ] Leaving safepoint region
[2019-12-09T03:05:09.451+0000][1][safepoint    ] Total time for which application threads were stopped: 0.0334193 seconds, Stopping threads took: 0.0333682 seconds
[2019-12-09T03:05:10.237+0000][1][safepoint    ] Application time: 0.7854224 seconds
[2019-12-09T03:05:10.263+0000][1][safepoint    ] Entering safepoint region: Deoptimize
[2019-12-09T03:05:10.263+0000][1][safepoint    ] Leaving safepoint region
[2019-12-09T03:05:10.263+0000][1][safepoint    ] Total time for which application threads were stopped: 0.0263576 seconds, Stopping threads took: 0.0261530 seconds
[2019-12-09T03:05:11.273+0000][1][safepoint    ] Application time: 1.0097108 seconds
[2019-12-09T03:05:11.273+0000][1][safepoint    ] Entering safepoint region: Cleanup
[2019-12-09T03:05:11.273+0000][1][safepoint    ] Leaving safepoint region
[2019-12-09T03:05:11.273+0000][1][safepoint    ] Total time for which application threads were stopped: 0.0000556 seconds, Stopping threads took: 0.0000150 seconds
[2019-12-09T03:05:12.277+0000][1][safepoint    ] Application time: 1.0038722 seconds
[2019-12-09T03:05:12.359+0000][1][safepoint    ] Entering safepoint region: Cleanup
[2019-12-09T03:05:12.359+0000][1][safepoint    ] Leaving safepoint region
[2019-12-09T03:05:12.359+0000][1][safepoint    ] Total time for which application threads were stopped: 0.0821643 seconds, Stopping threads took: 0.0821094 seconds
[2019-12-09T03:05:13.266+0000][1][safepoint    ] Application time: 0.9073583 seconds
[2019-12-09T03:05:13.266+0000][1][safepoint    ] Entering safepoint region: Deoptimize
[2019-12-09T03:05:13.267+0000][1][safepoint    ] Leaving safepoint region
[2019-12-09T03:05:13.267+0000][1][safepoint    ] Total time for which application threads were stopped: 0.0002725 seconds, Stopping threads took: 0.0000110 seconds
[2019-12-09T03:05:14.284+0000][1][safepoint    ] Application time: 1.0171324 seconds
[2019-12-09T03:05:14.381+0000][1][safepoint    ] Entering safepoint region: Cleanup
[2019-12-09T03:05:14.381+0000][1][safepoint    ] Leaving safepoint region
[2019-12-09T03:05:14.381+0000][1][safepoint    ] Total time for which application threads were stopped: 0.0971522 seconds, Stopping threads took: 0.0970895 seconds
[2019-12-09T03:05:14.484+0000][1][safepoint    ] Application time: 0.1028016 seconds
[2019-12-09T03:05:14.484+0000][1][safepoint    ] Entering safepoint region: Deoptimize
[2019-12-09T03:05:14.484+0000][1][safepoint    ] Leaving safepoint region
[2019-12-09T03:05:14.484+0000][1][safepoint    ] Total time for which application threads were stopped: 0.0002691 seconds, Stopping threads took: 0.0000114 seconds
[2019-12-09T03:05:14.497+0000][1][safepoint    ] Application time: 0.0126910 seconds
[2019-12-09T03:05:14.497+0000][1][safepoint    ] Entering safepoint region: Deoptimize
[2019-12-09T03:05:14.497+0000][1][safepoint    ] Leaving safepoint region
[2019-12-09T03:05:14.497+0000][1][safepoint    ] Total time for which application threads were stopped: 0.0002179 seconds, Stopping threads took: 0.0000095 seconds
[2019-12-09T03:05:14.742+0000][1][safepoint    ] Application time: 0.2446175 seconds
[2019-12-09T03:05:14.742+0000][1][safepoint    ] Entering safepoint region: Deoptimize
[2019-12-09T03:05:14.742+0000][1][safepoint    ] Leaving safepoint region
[2019-12-09T03:05:14.742+0000][1][safepoint    ] Total time for which application threads were stopped: 0.0003096 seconds, Stopping threads took: 0.0000136 seconds
[2019-12-09T03:05:14.825+0000][1][safepoint    ] Application time: 0.0826094 seconds
[2019-12-09T03:05:14.832+0000][1][safepoint    ] Entering safepoint region: RevokeBias
[2019-12-09T03:05:14.832+0000][1][safepoint    ] Leaving safepoint region
[2019-12-09T03:05:14.833+0000][1][safepoint    ] Total time for which application threads were stopped: 0.0079206 seconds, Stopping threads took: 0.0078495 seconds
[2019-12-09T03:05:14.833+0000][1][safepoint    ] Application time: 0.0000714 seconds
[2019-12-09T03:05:14.833+0000][1][safepoint    ] Entering safepoint region: RevokeBias
[2019-12-09T03:05:14.833+0000][1][safepoint    ] Leaving safepoint region
[2019-12-09T03:05:14.833+0000][1][safepoint    ] Total time for which application threads were stopped: 0.0000456 seconds, Stopping threads took: 0.0000094 seconds
[2019-12-09T03:05:14.833+0000][1][safepoint    ] Application time: 0.0000947 seconds
[2019-12-09T03:05:14.833+0000][1][safepoint    ] Entering safepoint region: RevokeBias
[2019-12-09T03:05:14.833+0000][1][safepoint    ] Leaving safepoint region
[2019-12-09T03:05:14.833+0000][1][safepoint    ] Total time for which application threads were stopped: 0.0000448 seconds, Stopping threads took: 0.0000079 seconds
[2019-12-09T03:05:14.833+0000][1][safepoint    ] Application time: 0.0001598 seconds
[2019-12-09T03:05:14.833+0000][1][safepoint    ] Entering safepoint region: RevokeBias
[2019-12-09T03:05:14.833+0000][1][safepoint    ] Leaving safepoint region
[2019-12-09T03:05:14.833+0000][1][safepoint    ] Total time for which application threads were stopped: 0.0000489 seconds, Stopping threads took: 0.0000087 seconds
[2019-12-09T03:05:14.839+0000][1][safepoint    ] Application time: 0.0054606 seconds
[2019-12-09T03:05:14.839+0000][1][safepoint    ] Entering safepoint region: Deoptimize
[2019-12-09T03:05:14.839+0000][1][safepoint    ] Leaving safepoint region
[2019-12-09T03:05:14.839+0000][1][safepoint    ] Total time for which application threads were stopped: 0.0002766 seconds, Stopping threads took: 0.0000109 seconds
[2019-12-09T03:05:15.844+0000][1][safepoint    ] Application time: 1.0049185 seconds
[2019-12-09T03:05:15.845+0000][1][safepoint    ] Entering safepoint region: Cleanup
[2019-12-09T03:05:15.845+0000][1][safepoint    ] Leaving safepoint region
[2019-12-09T03:05:15.845+0000][1][safepoint    ] Total time for which application threads were stopped: 0.0010821 seconds, Stopping threads took: 0.0010228 seconds
[2019-12-09T03:05:15.849+0000][1][safepoint    ] Application time: 0.0036454 seconds
[2019-12-09T03:05:15.849+0000][1][safepoint    ] Entering safepoint region: GenCollectForAllocation
[2019-12-09T03:05:15.849+0000][1][gc,start     ] GC(0) Pause Young (Allocation Failure)
[2019-12-09T03:05:15.849+0000][1][gc,task      ] GC(0) Using 2 workers of 2 for evacuation
[2019-12-09T03:05:15.975+0000][1][gc,age       ] GC(0) Desired survivor size 4456448 bytes, new threshold 1 (max threshold 6)
[2019-12-09T03:05:15.975+0000][1][gc,age       ] GC(0) Age table with threshold 1 (max threshold 6)
[2019-12-09T03:05:15.975+0000][1][gc,age       ] GC(0) - age   1:    6493736 bytes,    6493736 total
[2019-12-09T03:05:15.975+0000][1][gc,heap      ] GC(0) ParNew: 69952K->6388K(78656K)
[2019-12-09T03:05:15.975+0000][1][gc,heap      ] GC(0) CMS: 0K->0K(174784K)
[2019-12-09T03:05:15.975+0000][1][gc,metaspace ] GC(0) Metaspace: 12638K->12638K(1060864K)
[2019-12-09T03:05:15.975+0000][1][gc           ] GC(0) Pause Young (Allocation Failure) 68M->6M(247M) 126.243ms
[2019-12-09T03:05:15.975+0000][1][gc,cpu       ] GC(0) User=0.03s Sys=0.00s Real=0.13s
[2019-12-09T03:05:15.975+0000][1][safepoint    ] Leaving safepoint region
[2019-12-09T03:05:15.975+0000][1][safepoint    ] Total time for which application threads were stopped: 0.1263720 seconds, Stopping threads took: 0.0000155 seconds
[2019-12-09T03:05:15.976+0000][1][safepoint    ] Application time: 0.0014792 seconds
[2019-12-09T03:05:15.976+0000][1][safepoint    ] Entering safepoint region: RevokeBias
[2019-12-09T03:05:15.977+0000][1][safepoint    ] Leaving safepoint region
[2019-12-09T03:05:15.977+0000][1][safepoint    ] Total time for which application threads were stopped: 0.0001241 seconds, Stopping threads took: 0.0000511 seconds
[2019-12-09T03:05:15.977+0000][1][safepoint    ] Application time: 0.0001114 seconds
[2019-12-09T03:05:15.977+0000][1][safepoint    ] Entering safepoint region: RevokeBias
[2019-12-09T03:05:15.977+0000][1][safepoint    ] Leaving safepoint region
[2019-12-09T03:05:15.977+0000][1][safepoint    ] Total time for which application threads were stopped: 0.0000580 seconds, Stopping threads took: 0.0000086 seconds
[2019-12-09T03:05:15.977+0000][1][safepoint    ] Application time: 0.0000608 seconds
[2019-12-09T03:05:15.977+0000][1][safepoint    ] Entering safepoint region: RevokeBias
[2019-12-09T03:05:15.977+0000][1][safepoint    ] Leaving safepoint region
[2019-12-09T03:05:15.977+0000][1][safepoint    ] Total time for which application threads were stopped: 0.0000373 seconds, Stopping threads took: 0.0000081 seconds
[2019-12-09T03:05:15.977+0000][1][safepoint    ] Application time: 0.0000444 seconds
[2019-12-09T03:05:15.977+0000][1][safepoint    ] Entering safepoint region: RevokeBias
[2019-12-09T03:05:15.977+0000][1][safepoint    ] Leaving safepoint region
[2019-12-09T03:05:15.977+0000][1][safepoint    ] Total time for which application threads were stopped: 0.0000320 seconds, Stopping threads took: 0.0000071 seconds
[2019-12-09T03:05:15.977+0000][1][safepoint    ] Application time: 0.0000485 seconds
[2019-12-09T03:05:15.977+0000][1][safepoint    ] Entering safepoint region: RevokeBias
[2019-12-09T03:05:15.977+0000][1][safepoint    ] Leaving safepoint region
[2019-12-09T03:05:15.977+0000][1][safepoint    ] Total time for which application threads were stopped: 0.0000319 seconds, Stopping threads took: 0.0000072 seconds
[2019-12-09T03:05:15.977+0000][1][safepoint    ] Application time: 0.0000442 seconds
[2019-12-09T03:05:15.977+0000][1][safepoint    ] Entering safepoint region: RevokeBias
[2019-12-09T03:05:15.977+0000][1][safepoint    ] Leaving safepoint region
[2019-12-09T03:05:15.977+0000][1][safepoint    ] Total time for which application threads were stopped: 0.0000309 seconds, Stopping threads took: 0.0000072 seconds
[2019-12-09T03:05:15.977+0000][1][safepoint    ] Application time: 0.0000462 seconds
[2019-12-09T03:05:15.977+0000][1][safepoint    ] Entering safepoint region: RevokeBias
[2019-12-09T03:05:15.977+0000][1][safepoint    ] Leaving safepoint region
[2019-12-09T03:05:15.977+0000][1][safepoint    ] Total time for which application threads were stopped: 0.0000315 seconds, Stopping threads took: 0.0000071 seconds
[2019-12-09T03:05:15.977+0000][1][safepoint    ] Application time: 0.0000437 seconds
[2019-12-09T03:05:15.977+0000][1][safepoint    ] Entering safepoint region: RevokeBias
[2019-12-09T03:05:15.977+0000][1][safepoint    ] Leaving safepoint region
[2019-12-09T03:05:15.977+0000][1][safepoint    ] Total time for which application threads were stopped: 0.0000305 seconds, Stopping threads took: 0.0000071 seconds
[2019-12-09T03:05:15.977+0000][1][safepoint    ] Application time: 0.0000483 seconds
[2019-12-09T03:05:15.977+0000][1][safepoint    ] Entering safepoint region: RevokeBias
[2019-12-09T03:05:15.977+0000][1][safepoint    ] Leaving safepoint region
[2019-12-09T03:05:15.977+0000][1][safepoint    ] Total time for which application threads were stopped: 0.0000319 seconds, Stopping threads took: 0.0000070 seconds
[2019-12-09T03:05:15.977+0000][1][safepoint    ] Application time: 0.0000448 seconds
[2019-12-09T03:05:15.977+0000][1][safepoint    ] Entering safepoint region: RevokeBias
[2019-12-09T03:05:15.977+0000][1][safepoint    ] Leaving safepoint region
[2019-12-09T03:05:15.977+0000][1][safepoint    ] Total time for which application threads were stopped: 0.0000323 seconds, Stopping threads took: 0.0000074 seconds
[2019-12-09T03:05:15.978+0000][1][safepoint    ] Application time: 0.0000489 seconds
[2019-12-09T03:05:15.978+0000][1][safepoint    ] Entering safepoint region: RevokeBias
[2019-12-09T03:05:15.978+0000][1][safepoint    ] Leaving safepoint region
[2019-12-09T03:05:15.978+0000][1][safepoint    ] Total time for which application threads were stopped: 0.0000390 seconds, Stopping threads took: 0.0000133 seconds
[2019-12-09T03:05:15.978+0000][1][safepoint    ] Application time: 0.0000447 seconds
[2019-12-09T03:05:15.978+0000][1][safepoint    ] Entering safepoint region: RevokeBias
[2019-12-09T03:05:15.978+0000][1][safepoint    ] Leaving safepoint region
[2019-12-09T03:05:15.978+0000][1][safepoint    ] Total time for which application threads were stopped: 0.0000298 seconds, Stopping threads took: 0.0000069 seconds
[2019-12-09T03:05:15.978+0000][1][safepoint    ] Application time: 0.0000653 seconds
[2019-12-09T03:05:15.978+0000][1][safepoint    ] Entering safepoint region: RevokeBias
[2019-12-09T03:05:15.978+0000][1][safepoint    ] Leaving safepoint region
[2019-12-09T03:05:15.978+0000][1][safepoint    ] Total time for which application threads were stopped: 0.0000473 seconds, Stopping threads took: 0.0000070 seconds
[2019-12-09T03:05:15.978+0000][1][safepoint    ] Application time: 0.0000521 seconds
[2019-12-09T03:05:15.978+0000][1][safepoint    ] Entering safepoint region: RevokeBias
[2019-12-09T03:05:15.978+0000][1][safepoint    ] Leaving safepoint region
[2019-12-09T03:05:15.978+0000][1][safepoint    ] Total time for which application threads were stopped: 0.0000358 seconds, Stopping threads took: 0.0000071 seconds
[2019-12-09T03:05:15.978+0000][1][safepoint    ] Application time: 0.0000501 seconds
[2019-12-09T03:05:15.978+0000][1][safepoint    ] Entering safepoint region: RevokeBias
[2019-12-09T03:05:15.978+0000][1][safepoint    ] Leaving safepoint region
[2019-12-09T03:05:15.978+0000][1][safepoint    ] Total time for which application threads were stopped: 0.0000325 seconds, Stopping threads took: 0.0000070 seconds
[2019-12-09T03:05:15.978+0000][1][safepoint    ] Application time: 0.0000438 seconds
[2019-12-09T03:05:15.978+0000][1][safepoint    ] Entering safepoint region: RevokeBias
[2019-12-09T03:05:15.978+0000][1][safepoint    ] Leaving safepoint region
[2019-12-09T03:05:15.978+0000][1][safepoint    ] Total time for which application threads were stopped: 0.0000308 seconds, Stopping threads took: 0.0000067 seconds
[2019-12-09T03:05:15.978+0000][1][safepoint    ] Application time: 0.0000485 seconds
[2019-12-09T03:05:15.978+0000][1][safepoint    ] Entering safepoint region: RevokeBias
[2019-12-09T03:05:15.978+0000][1][safepoint    ] Leaving safepoint region
[2019-12-09T03:05:15.978+0000][1][safepoint    ] Total time for which application threads were stopped: 0.0000299 seconds, Stopping threads took: 0.0000067 seconds
[2019-12-09T03:05:15.978+0000][1][safepoint    ] Application time: 0.0000434 seconds
[2019-12-09T03:05:15.978+0000][1][safepoint    ] Entering safepoint region: RevokeBias
[2019-12-09T03:05:15.978+0000][1][safepoint    ] Leaving safepoint region
[2019-12-09T03:05:15.978+0000][1][safepoint    ] Total time for which application threads were stopped: 0.0000309 seconds, Stopping threads took: 0.0000065 seconds
[2019-12-09T03:05:15.978+0000][1][safepoint    ] Application time: 0.0000706 seconds
[2019-12-09T03:05:15.978+0000][1][safepoint    ] Entering safepoint region: RevokeBias
[2019-12-09T03:05:15.978+0000][1][safepoint    ] Leaving safepoint region
[2019-12-09T03:05:15.978+0000][1][safepoint    ] Total time for which application threads were stopped: 0.0000330 seconds, Stopping threads took: 0.0000071 seconds
[2019-12-09T03:05:15.978+0000][1][safepoint    ] Application time: 0.0000444 seconds
[2019-12-09T03:05:15.978+0000][1][safepoint    ] Entering safepoint region: RevokeBias
[2019-12-09T03:05:15.978+0000][1][safepoint    ] Leaving safepoint region
[2019-12-09T03:05:15.978+0000][1][safepoint    ] Total time for which application threads were stopped: 0.0000321 seconds, Stopping threads took: 0.0000071 seconds
[2019-12-09T03:05:15.979+0000][1][safepoint    ] Application time: 0.0000468 seconds
[2019-12-09T03:05:15.979+0000][1][safepoint    ] Entering safepoint region: RevokeBias
[2019-12-09T03:05:15.979+0000][1][safepoint    ] Leaving safepoint region
[2019-12-09T03:05:15.979+0000][1][safepoint    ] Total time for which application threads were stopped: 0.0000381 seconds, Stopping threads took: 0.0000127 seconds
[2019-12-09T03:05:15.979+0000][1][safepoint    ] Application time: 0.0000439 seconds
[2019-12-09T03:05:15.979+0000][1][safepoint    ] Entering safepoint region: RevokeBias
[2019-12-09T03:05:15.979+0000][1][safepoint    ] Leaving safepoint region
[2019-12-09T03:05:15.979+0000][1][safepoint    ] Total time for which application threads were stopped: 0.0000319 seconds, Stopping threads took: 0.0000072 seconds
[2019-12-09T03:05:15.979+0000][1][safepoint    ] Application time: 0.0000621 seconds
[2019-12-09T03:05:15.979+0000][1][safepoint    ] Entering safepoint region: RevokeBias
[2019-12-09T03:05:15.979+0000][1][safepoint    ] Leaving safepoint region
[2019-12-09T03:05:15.979+0000][1][safepoint    ] Total time for which application threads were stopped: 0.0000362 seconds, Stopping threads took: 0.0000068 seconds
[2019-12-09T03:05:15.979+0000][1][safepoint    ] Application time: 0.0000463 seconds
[2019-12-09T03:05:15.979+0000][1][safepoint    ] Entering safepoint region: RevokeBias
[2019-12-09T03:05:15.979+0000][1][safepoint    ] Leaving safepoint region
[2019-12-09T03:05:15.979+0000][1][safepoint    ] Total time for which application threads were stopped: 0.0000304 seconds, Stopping threads took: 0.0000067 seconds
[2019-12-09T03:05:15.979+0000][1][safepoint    ] Application time: 0.0000718 seconds
[2019-12-09T03:05:15.979+0000][1][safepoint    ] Entering safepoint region: RevokeBias
[2019-12-09T03:05:15.979+0000][1][safepoint    ] Leaving safepoint region
[2019-12-09T03:05:15.979+0000][1][safepoint    ] Total time for which application threads were stopped: 0.0000479 seconds, Stopping threads took: 0.0000196 seconds
[2019-12-09T03:05:15.979+0000][1][safepoint    ] Application time: 0.0000459 seconds
[2019-12-09T03:05:15.979+0000][1][safepoint    ] Entering safepoint region: RevokeBias
[2019-12-09T03:05:15.979+0000][1][safepoint    ] Leaving safepoint region
[2019-12-09T03:05:15.979+0000][1][safepoint    ] Total time for which application threads were stopped: 0.0000328 seconds, Stopping threads took: 0.0000073 seconds
[2019-12-09T03:05:15.979+0000][1][safepoint    ] Application time: 0.0003459 seconds
[2019-12-09T03:05:15.979+0000][1][safepoint    ] Entering safepoint region: RevokeBias
[2019-12-09T03:05:15.980+0000][1][safepoint    ] Leaving safepoint region
[2019-12-09T03:05:15.980+0000][1][safepoint    ] Total time for which application threads were stopped: 0.0000521 seconds, Stopping threads took: 0.0000094 seconds
[2019-12-09T03:05:15.980+0000][1][safepoint    ] Application time: 0.0000562 seconds
[2019-12-09T03:05:15.980+0000][1][safepoint    ] Entering safepoint region: RevokeBias
[2019-12-09T03:05:15.980+0000][1][safepoint    ] Leaving safepoint region
[2019-12-09T03:05:15.980+0000][1][safepoint    ] Total time for which application threads were stopped: 0.0000437 seconds, Stopping threads took: 0.0000089 seconds
[2019-12-09T03:05:15.980+0000][1][safepoint    ] Application time: 0.0000843 seconds
[2019-12-09T03:05:15.980+0000][1][safepoint    ] Entering safepoint region: RevokeBias
[2019-12-09T03:05:15.980+0000][1][safepoint    ] Leaving safepoint region
[2019-12-09T03:05:15.980+0000][1][safepoint    ] Total time for which application threads were stopped: 0.0000408 seconds, Stopping threads took: 0.0000085 seconds
[2019-12-09T03:05:15.980+0000][1][safepoint    ] Application time: 0.0000525 seconds
[2019-12-09T03:05:15.980+0000][1][safepoint    ] Entering safepoint region: RevokeBias
[2019-12-09T03:05:15.980+0000][1][safepoint    ] Leaving safepoint region
[2019-12-09T03:05:15.980+0000][1][safepoint    ] Total time for which application threads were stopped: 0.0000361 seconds, Stopping threads took: 0.0000080 seconds
[2019-12-09T03:05:17.110+0000][1][safepoint    ] Application time: 1.1305710 seconds
[2019-12-09T03:05:17.111+0000][1][safepoint    ] Entering safepoint region: RevokeBias
[2019-12-09T03:05:17.111+0000][1][safepoint    ] Leaving safepoint region
[2019-12-09T03:05:17.111+0000][1][safepoint    ] Total time for which application threads were stopped: 0.0001304 seconds, Stopping threads took: 0.0000246 seconds
[2019-12-09T03:05:17.653+0000][1][safepoint    ] Application time: 0.5420667 seconds
[2019-12-09T03:05:17.653+0000][1][safepoint    ] Entering safepoint region: Deoptimize
[2019-12-09T03:05:17.653+0000][1][safepoint    ] Leaving safepoint region
[2019-12-09T03:05:17.653+0000][1][safepoint    ] Total time for which application threads were stopped: 0.0003973 seconds, Stopping threads took: 0.0000127 seconds
[2019-12-09T03:05:18.656+0000][1][safepoint    ] Application time: 1.0025970 seconds
[2019-12-09T03:05:18.670+0000][1][safepoint    ] Entering safepoint region: Cleanup
[2019-12-09T03:05:18.670+0000][1][safepoint    ] Leaving safepoint region
[2019-12-09T03:05:18.670+0000][1][safepoint    ] Total time for which application threads were stopped: 0.0140536 seconds, Stopping threads took: 0.0139624 seconds
[2019-12-09T03:05:18.727+0000][1][safepoint    ] Application time: 0.0570316 seconds
[2019-12-09T03:05:18.727+0000][1][safepoint    ] Entering safepoint region: RevokeBias
[2019-12-09T03:05:18.727+0000][1][safepoint    ] Leaving safepoint region
[2019-12-09T03:05:18.727+0000][1][safepoint    ] Total time for which application threads were stopped: 0.0001255 seconds, Stopping threads took: 0.0000126 seconds
[2019-12-09T03:05:19.749+0000][1][safepoint    ] Application time: 1.0216767 seconds
[2019-12-09T03:05:19.749+0000][1][safepoint    ] Entering safepoint region: Cleanup
[2019-12-09T03:05:19.749+0000][1][safepoint    ] Leaving safepoint region
[2019-12-09T03:05:19.749+0000][1][safepoint    ] Total time for which application threads were stopped: 0.0001145 seconds, Stopping threads took: 0.0000598 seconds
[2019-12-09T03:05:20.192+0000][1][safepoint    ] Application time: 0.4428380 seconds
[2019-12-09T03:05:20.192+0000][1][safepoint    ] Entering safepoint region: GenCollectForAllocation
[2019-12-09T03:05:20.192+0000][1][gc,start     ] GC(1) Pause Young (Allocation Failure)
[2019-12-09T03:05:20.192+0000][1][gc,task      ] GC(1) Using 2 workers of 2 for evacuation
[2019-12-09T03:05:20.534+0000][1][gc,age       ] GC(1) Desired survivor size 4456448 bytes, new threshold 6 (max threshold 6)
[2019-12-09T03:05:20.534+0000][1][gc,age       ] GC(1) Age table with threshold 6 (max threshold 6)
[2019-12-09T03:05:20.534+0000][1][gc,age       ] GC(1) - age   1:    1303952 bytes,    1303952 total
[2019-12-09T03:05:20.534+0000][1][gc,heap      ] GC(1) ParNew: 76340K->4100K(78656K)
[2019-12-09T03:05:20.534+0000][1][gc,heap      ] GC(1) CMS: 0K->6840K(174784K)
[2019-12-09T03:05:20.534+0000][1][gc,metaspace ] GC(1) Metaspace: 14769K->14769K(1062912K)
[2019-12-09T03:05:20.534+0000][1][gc           ] GC(1) Pause Young (Allocation Failure) 74M->10M(247M) 342.269ms
[2019-12-09T03:05:20.534+0000][1][gc,cpu       ] GC(1) User=0.06s Sys=0.00s Real=0.34s
[2019-12-09T03:05:20.534+0000][1][safepoint    ] Leaving safepoint region
[2019-12-09T03:05:20.534+0000][1][safepoint    ] Total time for which application threads were stopped: 0.3424015 seconds, Stopping threads took: 0.0000154 seconds
[2019-12-09T03:05:20.540+0000][1][safepoint    ] Application time: 0.0056789 seconds
[2019-12-09T03:05:20.555+0000][1][safepoint    ] Entering safepoint region: BulkRevokeBias
[2019-12-09T03:05:20.555+0000][1][safepoint    ] Leaving safepoint region
[2019-12-09T03:05:20.555+0000][1][safepoint    ] Total time for which application threads were stopped: 0.0152176 seconds, Stopping threads took: 0.0151095 seconds
[2019-12-09T03:05:20.555+0000][1][safepoint    ] Application time: 0.0001250 seconds
[2019-12-09T03:05:20.555+0000][1][safepoint    ] Entering safepoint region: RevokeBias
[2019-12-09T03:05:20.555+0000][1][safepoint    ] Leaving safepoint region
[2019-12-09T03:05:20.555+0000][1][safepoint    ] Total time for which application threads were stopped: 0.0000380 seconds, Stopping threads took: 0.0000089 seconds
[2019-12-09T03:05:20.555+0000][1][safepoint    ] Application time: 0.0000603 seconds
[2019-12-09T03:05:20.555+0000][1][safepoint    ] Entering safepoint region: RevokeBias
[2019-12-09T03:05:20.555+0000][1][safepoint    ] Leaving safepoint region
[2019-12-09T03:05:20.555+0000][1][safepoint    ] Total time for which application threads were stopped: 0.0000326 seconds, Stopping threads took: 0.0000076 seconds
[2019-12-09T03:05:20.560+0000][1][safepoint    ] Application time: 0.0044156 seconds
[2019-12-09T03:05:20.586+0000][1][safepoint    ] Entering safepoint region: RevokeBias
[2019-12-09T03:05:20.586+0000][1][safepoint    ] Leaving safepoint region
[2019-12-09T03:05:20.586+0000][1][safepoint    ] Total time for which application threads were stopped: 0.0260769 seconds, Stopping threads took: 0.0259823 seconds
[2019-12-09T03:05:20.586+0000][1][safepoint    ] Application time: 0.0000849 seconds
[2019-12-09T03:05:20.586+0000][1][safepoint    ] Entering safepoint region: RevokeBias
[2019-12-09T03:05:20.586+0000][1][safepoint    ] Leaving safepoint region
[2019-12-09T03:05:20.586+0000][1][safepoint    ] Total time for which application threads were stopped: 0.0000681 seconds, Stopping threads took: 0.0000086 seconds
[2019-12-09T03:05:20.586+0000][1][safepoint    ] Application time: 0.0000456 seconds
[2019-12-09T03:05:20.586+0000][1][safepoint    ] Entering safepoint region: RevokeBias
[2019-12-09T03:05:20.586+0000][1][safepoint    ] Leaving safepoint region
[2019-12-09T03:05:20.586+0000][1][safepoint    ] Total time for which application threads were stopped: 0.0000553 seconds, Stopping threads took: 0.0000070 seconds
[2019-12-09T03:05:20.586+0000][1][safepoint    ] Application time: 0.0000486 seconds
[2019-12-09T03:05:20.586+0000][1][safepoint    ] Entering safepoint region: BulkRevokeBias
[2019-12-09T03:05:20.586+0000][1][safepoint    ] Leaving safepoint region
[2019-12-09T03:05:20.586+0000][1][safepoint    ] Total time for which application threads were stopped: 0.0000811 seconds, Stopping threads took: 0.0000074 seconds
[2019-12-09T03:05:20.586+0000][1][safepoint    ] Application time: 0.0000454 seconds
[2019-12-09T03:05:20.586+0000][1][safepoint    ] Entering safepoint region: RevokeBias
[2019-12-09T03:05:20.586+0000][1][safepoint    ] Leaving safepoint region
[2019-12-09T03:05:20.586+0000][1][safepoint    ] Total time for which application threads were stopped: 0.0000557 seconds, Stopping threads took: 0.0000074 seconds
[2019-12-09T03:05:20.587+0000][1][safepoint    ] Application time: 0.0000488 seconds
[2019-12-09T03:05:20.587+0000][1][safepoint    ] Entering safepoint region: BulkRevokeBias
[2019-12-09T03:05:20.587+0000][1][safepoint    ] Leaving safepoint region
[2019-12-09T03:05:20.587+0000][1][safepoint    ] Total time for which application threads were stopped: 0.0000764 seconds, Stopping threads took: 0.0000067 seconds
[2019-12-09T03:05:21.591+0000][1][safepoint    ] Application time: 1.0041037 seconds
[2019-12-09T03:05:21.643+0000][1][safepoint    ] Entering safepoint region: Cleanup
[2019-12-09T03:05:21.643+0000][1][safepoint    ] Leaving safepoint region
[2019-12-09T03:05:21.643+0000][1][safepoint    ] Total time for which application threads were stopped: 0.0521585 seconds, Stopping threads took: 0.0520858 seconds
[2019-12-09T03:05:22.038+0000][1][safepoint    ] Application time: 0.3948014 seconds
[2019-12-09T03:05:22.038+0000][1][safepoint    ] Entering safepoint region: GenCollectForAllocation
[2019-12-09T03:05:22.038+0000][1][gc,start     ] GC(2) Pause Young (Allocation Failure)
[2019-12-09T03:05:22.038+0000][1][gc,task      ] GC(2) Using 2 workers of 2 for evacuation
[2019-12-09T03:05:22.066+0000][1][gc,age       ] GC(2) Desired survivor size 4456448 bytes, new threshold 6 (max threshold 6)
[2019-12-09T03:05:22.066+0000][1][gc,age       ] GC(2) Age table with threshold 6 (max threshold 6)
[2019-12-09T03:05:22.066+0000][1][gc,age       ] GC(2) - age   1:     499664 bytes,     499664 total
[2019-12-09T03:05:22.066+0000][1][gc,age       ] GC(2) - age   2:    1107216 bytes,    1606880 total
[2019-12-09T03:05:22.066+0000][1][gc,heap      ] GC(2) ParNew: 74052K->2687K(78656K)
[2019-12-09T03:05:22.066+0000][1][gc,heap      ] GC(2) CMS: 6840K->6840K(174784K)
[2019-12-09T03:05:22.066+0000][1][gc,metaspace ] GC(2) Metaspace: 14886K->14886K(1062912K)
[2019-12-09T03:05:22.066+0000][1][gc           ] GC(2) Pause Young (Allocation Failure) 78M->9M(247M) 28.436ms
[2019-12-09T03:05:22.066+0000][1][gc,cpu       ] GC(2) User=0.01s Sys=0.00s Real=0.03s
[2019-12-09T03:05:22.066+0000][1][safepoint    ] Leaving safepoint region
[2019-12-09T03:05:22.066+0000][1][safepoint    ] Total time for which application threads were stopped: 0.0285891 seconds, Stopping threads took: 0.0000142 seconds
[2019-12-09T03:05:22.076+0000][1][safepoint    ] Application time: 0.0094988 seconds
[2019-12-09T03:05:22.107+0000][1][safepoint    ] Entering safepoint region: RevokeBias
[2019-12-09T03:05:22.107+0000][1][safepoint    ] Leaving safepoint region
[2019-12-09T03:05:22.107+0000][1][safepoint    ] Total time for which application threads were stopped: 0.0310819 seconds, Stopping threads took: 0.0309573 seconds
[2019-12-09T03:05:22.107+0000][1][safepoint    ] Application time: 0.0000647 seconds
[2019-12-09T03:05:22.107+0000][1][safepoint    ] Entering safepoint region: RevokeBias
[2019-12-09T03:05:22.107+0000][1][safepoint    ] Leaving safepoint region
[2019-12-09T03:05:22.107+0000][1][safepoint    ] Total time for which application threads were stopped: 0.0000897 seconds, Stopping threads took: 0.0000082 seconds
[2019-12-09T03:05:22.107+0000][1][safepoint    ] Application time: 0.0000610 seconds
[2019-12-09T03:05:22.107+0000][1][safepoint    ] Entering safepoint region: RevokeBias
[2019-12-09T03:05:22.107+0000][1][safepoint    ] Leaving safepoint region
[2019-12-09T03:05:22.107+0000][1][safepoint    ] Total time for which application threads were stopped: 0.0000794 seconds, Stopping threads took: 0.0000070 seconds
[2019-12-09T03:05:22.107+0000][1][safepoint    ] Application time: 0.0000447 seconds
[2019-12-09T03:05:22.107+0000][1][safepoint    ] Entering safepoint region: RevokeBias
[2019-12-09T03:05:22.107+0000][1][safepoint    ] Leaving safepoint region
[2019-12-09T03:05:22.107+0000][1][safepoint    ] Total time for which application threads were stopped: 0.0000803 seconds, Stopping threads took: 0.0000067 seconds
[2019-12-09T03:05:22.107+0000][1][safepoint    ] Application time: 0.0000687 seconds
[2019-12-09T03:05:22.107+0000][1][safepoint    ] Entering safepoint region: RevokeBias
[2019-12-09T03:05:22.108+0000][1][safepoint    ] Leaving safepoint region
[2019-12-09T03:05:22.108+0000][1][safepoint    ] Total time for which application threads were stopped: 0.0000938 seconds, Stopping threads took: 0.0000080 seconds
[2019-12-09T03:05:22.108+0000][1][safepoint    ] Application time: 0.0000539 seconds
[2019-12-09T03:05:22.108+0000][1][safepoint    ] Entering safepoint region: RevokeBias
[2019-12-09T03:05:22.108+0000][1][safepoint    ] Leaving safepoint region
[2019-12-09T03:05:22.108+0000][1][safepoint    ] Total time for which application threads were stopped: 0.0001115 seconds, Stopping threads took: 0.0000083 seconds
[2019-12-09T03:05:22.108+0000][1][safepoint    ] Application time: 0.0000660 seconds
[2019-12-09T03:05:22.108+0000][1][safepoint    ] Entering safepoint region: RevokeBias
[2019-12-09T03:05:22.108+0000][1][safepoint    ] Leaving safepoint region
[2019-12-09T03:05:22.108+0000][1][safepoint    ] Total time for which application threads were stopped: 0.0000946 seconds, Stopping threads took: 0.0000088 seconds
[2019-12-09T03:05:22.108+0000][1][safepoint    ] Application time: 0.0000571 seconds
[2019-12-09T03:05:22.108+0000][1][safepoint    ] Entering safepoint region: RevokeBias
[2019-12-09T03:05:22.108+0000][1][safepoint    ] Leaving safepoint region
[2019-12-09T03:05:22.108+0000][1][safepoint    ] Total time for which application threads were stopped: 0.0000923 seconds, Stopping threads took: 0.0000083 seconds
[2019-12-09T03:05:23.110+0000][1][safepoint    ] Application time: 1.0015894 seconds
[2019-12-09T03:05:23.149+0000][1][safepoint    ] Entering safepoint region: Cleanup
[2019-12-09T03:05:23.149+0000][1][safepoint    ] Leaving safepoint region
[2019-12-09T03:05:23.149+0000][1][safepoint    ] Total time for which application threads were stopped: 0.0391357 seconds, Stopping threads took: 0.0390454 seconds
[2019-12-09T03:05:23.265+0000][1][safepoint    ] Application time: 0.1160297 seconds
[2019-12-09T03:05:23.265+0000][1][safepoint    ] Entering safepoint region: Deoptimize
[2019-12-09T03:05:23.265+0000][1][safepoint    ] Leaving safepoint region
[2019-12-09T03:05:23.265+0000][1][safepoint    ] Total time for which application threads were stopped: 0.0003584 seconds, Stopping threads took: 0.0000137 seconds
[2019-12-09T03:05:23.266+0000][1][safepoint    ] Application time: 0.0005181 seconds
[2019-12-09T03:05:23.266+0000][1][safepoint    ] Entering safepoint region: Deoptimize
[2019-12-09T03:05:23.266+0000][1][safepoint    ] Leaving safepoint region
[2019-12-09T03:05:23.266+0000][1][safepoint    ] Total time for which application threads were stopped: 0.0003218 seconds, Stopping threads took: 0.0000120 seconds
[2019-12-09T03:05:24.271+0000][1][safepoint    ] Application time: 1.0045090 seconds
[2019-12-09T03:05:24.271+0000][1][safepoint    ] Entering safepoint region: Cleanup
[2019-12-09T03:05:24.271+0000][1][safepoint    ] Leaving safepoint region
[2019-12-09T03:05:24.271+0000][1][safepoint    ] Total time for which application threads were stopped: 0.0001377 seconds, Stopping threads took: 0.0000706 seconds
[2019-12-09T03:05:25.294+0000][1][safepoint    ] Application time: 1.0228096 seconds
[2019-12-09T03:05:25.294+0000][1][safepoint    ] Entering safepoint region: Cleanup
[2019-12-09T03:05:25.294+0000][1][safepoint    ] Leaving safepoint region
[2019-12-09T03:05:25.294+0000][1][safepoint    ] Total time for which application threads were stopped: 0.0000658 seconds, Stopping threads took: 0.0000134 seconds
[2019-12-09T03:05:25.782+0000][1][safepoint    ] Application time: 0.4879150 seconds
[2019-12-09T03:05:25.782+0000][1][safepoint    ] Entering safepoint region: GenCollectForAllocation
[2019-12-09T03:05:25.782+0000][1][gc,start     ] GC(3) Pause Young (Allocation Failure)
[2019-12-09T03:05:25.782+0000][1][gc,task      ] GC(3) Using 2 workers of 2 for evacuation
[2019-12-09T03:05:25.903+0000][1][gc,age       ] GC(3) Desired survivor size 4456448 bytes, new threshold 3 (max threshold 6)
[2019-12-09T03:05:25.903+0000][1][gc,age       ] GC(3) Age table with threshold 3 (max threshold 6)
[2019-12-09T03:05:25.903+0000][1][gc,age       ] GC(3) - age   1:    3811936 bytes,    3811936 total
[2019-12-09T03:05:25.903+0000][1][gc,age       ] GC(3) - age   2:     487400 bytes,    4299336 total
[2019-12-09T03:05:25.903+0000][1][gc,age       ] GC(3) - age   3:    1104752 bytes,    5404088 total
[2019-12-09T03:05:25.903+0000][1][gc,heap      ] GC(3) ParNew: 72639K->5618K(78656K)
[2019-12-09T03:05:25.903+0000][1][gc,heap      ] GC(3) CMS: 6840K->6840K(174784K)
[2019-12-09T03:05:25.903+0000][1][gc,metaspace ] GC(3) Metaspace: 18414K->18414K(1067008K)
[2019-12-09T03:05:25.903+0000][1][gc           ] GC(3) Pause Young (Allocation Failure) 77M->12M(247M) 121.180ms
[2019-12-09T03:05:25.903+0000][1][gc,cpu       ] GC(3) User=0.04s Sys=0.00s Real=0.12s
[2019-12-09T03:05:25.903+0000][1][safepoint    ] Leaving safepoint region
[2019-12-09T03:05:25.903+0000][1][safepoint    ] Total time for which application threads were stopped: 0.1213029 seconds, Stopping threads took: 0.0000125 seconds
[2019-12-09T03:05:25.906+0000][1][safepoint    ] Application time: 0.0028843 seconds
[2019-12-09T03:05:25.907+0000][1][safepoint    ] Entering safepoint region: BulkRevokeBias
[2019-12-09T03:05:25.907+0000][1][safepoint    ] Leaving safepoint region
[2019-12-09T03:05:25.907+0000][1][safepoint    ] Total time for which application threads were stopped: 0.0006805 seconds, Stopping threads took: 0.0005390 seconds
[2019-12-09T03:05:25.907+0000][1][safepoint    ] Application time: 0.0007492 seconds
[2019-12-09T03:05:25.907+0000][1][safepoint    ] Entering safepoint region: RevokeBias
[2019-12-09T03:05:25.907+0000][1][safepoint    ] Leaving safepoint region
[2019-12-09T03:05:25.908+0000][1][safepoint    ] Total time for which application threads were stopped: 0.0000703 seconds, Stopping threads took: 0.0000096 seconds
[2019-12-09T03:05:25.908+0000][1][safepoint    ] Application time: 0.0000660 seconds
[2019-12-09T03:05:25.908+0000][1][safepoint    ] Entering safepoint region: RevokeBias
[2019-12-09T03:05:25.908+0000][1][safepoint    ] Leaving safepoint region
[2019-12-09T03:05:25.908+0000][1][safepoint    ] Total time for which application threads were stopped: 0.0000442 seconds, Stopping threads took: 0.0000077 seconds
[2019-12-09T03:05:25.908+0000][1][safepoint    ] Application time: 0.0000642 seconds
[2019-12-09T03:05:25.908+0000][1][safepoint    ] Entering safepoint region: RevokeBias
[2019-12-09T03:05:25.908+0000][1][safepoint    ] Leaving safepoint region
[2019-12-09T03:05:25.908+0000][1][safepoint    ] Total time for which application threads were stopped: 0.0000423 seconds, Stopping threads took: 0.0000076 seconds
[2019-12-09T03:05:25.908+0000][1][safepoint    ] Application time: 0.0000532 seconds
[2019-12-09T03:05:25.908+0000][1][safepoint    ] Entering safepoint region: RevokeBias
[2019-12-09T03:05:25.908+0000][1][safepoint    ] Leaving safepoint region
[2019-12-09T03:05:25.908+0000][1][safepoint    ] Total time for which application threads were stopped: 0.0000411 seconds, Stopping threads took: 0.0000072 seconds
[2019-12-09T03:05:25.908+0000][1][safepoint    ] Application time: 0.0000452 seconds
[2019-12-09T03:05:25.908+0000][1][safepoint    ] Entering safepoint region: RevokeBias
[2019-12-09T03:05:25.908+0000][1][safepoint    ] Leaving safepoint region
[2019-12-09T03:05:25.908+0000][1][safepoint    ] Total time for which application threads were stopped: 0.0000409 seconds, Stopping threads took: 0.0000072 seconds
[2019-12-09T03:05:25.908+0000][1][safepoint    ] Application time: 0.0000508 seconds
[2019-12-09T03:05:25.908+0000][1][safepoint    ] Entering safepoint region: RevokeBias
[2019-12-09T03:05:25.908+0000][1][safepoint    ] Leaving safepoint region
[2019-12-09T03:05:25.908+0000][1][safepoint    ] Total time for which application threads were stopped: 0.0000413 seconds, Stopping threads took: 0.0000073 seconds
[2019-12-09T03:05:25.908+0000][1][safepoint    ] Application time: 0.0000459 seconds
[2019-12-09T03:05:25.908+0000][1][safepoint    ] Entering safepoint region: RevokeBias
[2019-12-09T03:05:25.908+0000][1][safepoint    ] Leaving safepoint region
[2019-12-09T03:05:25.908+0000][1][safepoint    ] Total time for which application threads were stopped: 0.0000414 seconds, Stopping threads took: 0.0000072 seconds
[2019-12-09T03:05:25.908+0000][1][safepoint    ] Application time: 0.0000514 seconds
[2019-12-09T03:05:25.908+0000][1][safepoint    ] Entering safepoint region: RevokeBias
[2019-12-09T03:05:25.908+0000][1][safepoint    ] Leaving safepoint region
[2019-12-09T03:05:25.908+0000][1][safepoint    ] Total time for which application threads were stopped: 0.0000422 seconds, Stopping threads took: 0.0000073 seconds
[2019-12-09T03:05:25.908+0000][1][safepoint    ] Application time: 0.0000429 seconds
[2019-12-09T03:05:25.908+0000][1][safepoint    ] Entering safepoint region: RevokeBias
[2019-12-09T03:05:25.908+0000][1][safepoint    ] Leaving safepoint region
[2019-12-09T03:05:25.908+0000][1][safepoint    ] Total time for which application threads were stopped: 0.0000396 seconds, Stopping threads took: 0.0000065 seconds
[2019-12-09T03:05:25.908+0000][1][safepoint    ] Application time: 0.0000490 seconds
[2019-12-09T03:05:25.908+0000][1][safepoint    ] Entering safepoint region: RevokeBias
[2019-12-09T03:05:25.908+0000][1][safepoint    ] Leaving safepoint region
[2019-12-09T03:05:25.908+0000][1][safepoint    ] Total time for which application threads were stopped: 0.0000404 seconds, Stopping threads took: 0.0000070 seconds
[2019-12-09T03:05:25.909+0000][1][safepoint    ] Application time: 0.0000448 seconds
[2019-12-09T03:05:25.909+0000][1][safepoint    ] Entering safepoint region: RevokeBias
[2019-12-09T03:05:25.909+0000][1][safepoint    ] Leaving safepoint region
[2019-12-09T03:05:25.909+0000][1][safepoint    ] Total time for which application threads were stopped: 0.0000469 seconds, Stopping threads took: 0.0000071 seconds
[2019-12-09T03:05:25.909+0000][1][safepoint    ] Application time: 0.0000491 seconds
[2019-12-09T03:05:25.909+0000][1][safepoint    ] Entering safepoint region: RevokeBias
[2019-12-09T03:05:25.909+0000][1][safepoint    ] Leaving safepoint region
[2019-12-09T03:05:25.909+0000][1][safepoint    ] Total time for which application threads were stopped: 0.0000608 seconds, Stopping threads took: 0.0000070 seconds
[2019-12-09T03:05:25.909+0000][1][safepoint    ] Application time: 0.0001609 seconds
[2019-12-09T03:05:25.909+0000][1][safepoint    ] Entering safepoint region: RevokeBias
[2019-12-09T03:05:25.909+0000][1][safepoint    ] Leaving safepoint region
[2019-12-09T03:05:25.909+0000][1][safepoint    ] Total time for which application threads were stopped: 0.0000455 seconds, Stopping threads took: 0.0000080 seconds
[2019-12-09T03:05:25.909+0000][1][safepoint    ] Application time: 0.0000456 seconds
[2019-12-09T03:05:25.909+0000][1][safepoint    ] Entering safepoint region: RevokeBias
[2019-12-09T03:05:25.909+0000][1][safepoint    ] Leaving safepoint region
[2019-12-09T03:05:25.909+0000][1][safepoint    ] Total time for which application threads were stopped: 0.0000366 seconds, Stopping threads took: 0.0000061 seconds
[2019-12-09T03:05:25.909+0000][1][safepoint    ] Application time: 0.0000484 seconds
[2019-12-09T03:05:25.909+0000][1][safepoint    ] Entering safepoint region: RevokeBias
[2019-12-09T03:05:25.909+0000][1][safepoint    ] Leaving safepoint region
[2019-12-09T03:05:25.909+0000][1][safepoint    ] Total time for which application threads were stopped: 0.0000400 seconds, Stopping threads took: 0.0000068 seconds
[2019-12-09T03:05:25.909+0000][1][safepoint    ] Application time: 0.0000456 seconds
[2019-12-09T03:05:25.909+0000][1][safepoint    ] Entering safepoint region: RevokeBias
[2019-12-09T03:05:25.909+0000][1][safepoint    ] Leaving safepoint region
[2019-12-09T03:05:25.909+0000][1][safepoint    ] Total time for which application threads were stopped: 0.0000401 seconds, Stopping threads took: 0.0000071 seconds
[2019-12-09T03:05:26.911+0000][1][safepoint    ] Application time: 1.0014469 seconds
[2019-12-09T03:05:26.925+0000][1][safepoint    ] Entering safepoint region: Cleanup
[2019-12-09T03:05:26.925+0000][1][safepoint    ] Leaving safepoint region
[2019-12-09T03:05:26.925+0000][1][safepoint    ] Total time for which application threads were stopped: 0.0140467 seconds, Stopping threads took: 0.0140000 seconds
[2019-12-09T03:05:27.052+0000][1][safepoint    ] Application time: 0.1274864 seconds
[2019-12-09T03:05:27.052+0000][1][safepoint    ] Entering safepoint region: GenCollectForAllocation
[2019-12-09T03:05:27.052+0000][1][gc,start     ] GC(4) Pause Young (Allocation Failure)
[2019-12-09T03:05:27.052+0000][1][gc,task      ] GC(4) Using 2 workers of 2 for evacuation
[2019-12-09T03:05:27.289+0000][1][gc,age       ] GC(4) Desired survivor size 4456448 bytes, new threshold 2 (max threshold 6)
[2019-12-09T03:05:27.289+0000][1][gc,age       ] GC(4) Age table with threshold 2 (max threshold 6)
[2019-12-09T03:05:27.289+0000][1][gc,age       ] GC(4) - age   1:    1736640 bytes,    1736640 total
[2019-12-09T03:05:27.289+0000][1][gc,age       ] GC(4) - age   2:    3251968 bytes,    4988608 total
[2019-12-09T03:05:27.289+0000][1][gc,age       ] GC(4) - age   3:     487400 bytes,    5476008 total
[2019-12-09T03:05:27.289+0000][1][gc,heap      ] GC(4) ParNew: 75570K->7575K(78656K)
[2019-12-09T03:05:27.289+0000][1][gc,heap      ] GC(4) CMS: 6840K->7933K(174784K)
[2019-12-09T03:05:27.289+0000][1][gc,metaspace ] GC(4) Metaspace: 18637K->18637K(1067008K)
[2019-12-09T03:05:27.289+0000][1][gc           ] GC(4) Pause Young (Allocation Failure) 80M->15M(247M) 237.093ms
[2019-12-09T03:05:27.289+0000][1][gc,cpu       ] GC(4) User=0.03s Sys=0.00s Real=0.24s
[2019-12-09T03:05:27.290+0000][1][safepoint    ] Leaving safepoint region
[2019-12-09T03:05:27.290+0000][1][safepoint    ] Total time for which application threads were stopped: 0.2372348 seconds, Stopping threads took: 0.0000138 seconds
[2019-12-09T03:05:27.290+0000][1][safepoint    ] Application time: 0.0007028 seconds
[2019-12-09T03:05:27.292+0000][1][safepoint    ] Entering safepoint region: RevokeBias
[2019-12-09T03:05:27.292+0000][1][safepoint    ] Leaving safepoint region
[2019-12-09T03:05:27.292+0000][1][safepoint    ] Total time for which application threads were stopped: 0.0015666 seconds, Stopping threads took: 0.0014787 seconds
[2019-12-09T03:05:27.293+0000][1][safepoint    ] Application time: 0.0009056 seconds
[2019-12-09T03:05:27.339+0000][1][safepoint    ] Entering safepoint region: RevokeBias
[2019-12-09T03:05:27.339+0000][1][safepoint    ] Leaving safepoint region
[2019-12-09T03:05:27.339+0000][1][safepoint    ] Total time for which application threads were stopped: 0.0461521 seconds, Stopping threads took: 0.0460540 seconds
[2019-12-09T03:05:27.342+0000][1][safepoint    ] Application time: 0.0027637 seconds
[2019-12-09T03:05:27.342+0000][1][safepoint    ] Entering safepoint region: RevokeBias
[2019-12-09T03:05:27.342+0000][1][safepoint    ] Leaving safepoint region
[2019-12-09T03:05:27.342+0000][1][safepoint    ] Total time for which application threads were stopped: 0.0003430 seconds, Stopping threads took: 0.0002693 seconds
[2019-12-09T03:05:27.342+0000][1][safepoint    ] Application time: 0.0000674 seconds
[2019-12-09T03:05:27.342+0000][1][safepoint    ] Entering safepoint region: RevokeBias
[2019-12-09T03:05:27.342+0000][1][safepoint    ] Leaving safepoint region
[2019-12-09T03:05:27.342+0000][1][safepoint    ] Total time for which application threads were stopped: 0.0000584 seconds, Stopping threads took: 0.0000090 seconds
[2019-12-09T03:05:27.462+0000][1][safepoint    ] Application time: 0.1197039 seconds
[2019-12-09T03:05:27.462+0000][1][safepoint    ] Entering safepoint region: Deoptimize
[2019-12-09T03:05:27.462+0000][1][safepoint    ] Leaving safepoint region
[2019-12-09T03:05:27.462+0000][1][safepoint    ] Total time for which application threads were stopped: 0.0004143 seconds, Stopping threads took: 0.0000124 seconds
[2019-12-09T03:05:27.887+0000][1][safepoint    ] Application time: 0.4241652 seconds
[2019-12-09T03:05:27.887+0000][1][safepoint    ] Entering safepoint region: Deoptimize
[2019-12-09T03:05:27.887+0000][1][safepoint    ] Leaving safepoint region
[2019-12-09T03:05:27.887+0000][1][safepoint    ] Total time for which application threads were stopped: 0.0004133 seconds, Stopping threads took: 0.0000121 seconds
[2019-12-09T03:05:27.908+0000][1][safepoint    ] Application time: 0.0205248 seconds
[2019-12-09T03:05:27.908+0000][1][safepoint    ] Entering safepoint region: RevokeBias
[2019-12-09T03:05:27.908+0000][1][safepoint    ] Leaving safepoint region
[2019-12-09T03:05:27.908+0000][1][safepoint    ] Total time for which application threads were stopped: 0.0000828 seconds, Stopping threads took: 0.0000133 seconds
[2019-12-09T03:05:27.936+0000][1][safepoint    ] Application time: 0.0282186 seconds
[2019-12-09T03:05:27.936+0000][1][safepoint    ] Entering safepoint region: RevokeBias
[2019-12-09T03:05:27.936+0000][1][safepoint    ] Leaving safepoint region
[2019-12-09T03:05:27.936+0000][1][safepoint    ] Total time for which application threads were stopped: 0.0000694 seconds, Stopping threads took: 0.0000118 seconds
[2019-12-09T03:05:28.934+0000][1][safepoint    ] Application time: 0.9977183 seconds
[2019-12-09T03:05:28.934+0000][1][safepoint    ] Entering safepoint region: GenCollectForAllocation
[2019-12-09T03:05:28.934+0000][1][gc,start     ] GC(5) Pause Young (Allocation Failure)
[2019-12-09T03:05:28.934+0000][1][gc,task      ] GC(5) Using 2 workers of 2 for evacuation
[2019-12-09T03:05:29.084+0000][1][gc,age       ] GC(5) Desired survivor size 4456448 bytes, new threshold 6 (max threshold 6)
[2019-12-09T03:05:29.084+0000][1][gc,age       ] GC(5) Age table with threshold 6 (max threshold 6)
[2019-12-09T03:05:29.084+0000][1][gc,age       ] GC(5) - age   1:    2707904 bytes,    2707904 total
[2019-12-09T03:05:29.084+0000][1][gc,age       ] GC(5) - age   2:     442792 bytes,    3150696 total
[2019-12-09T03:05:29.084+0000][1][gc,heap      ] GC(5) ParNew: 77527K->4957K(78656K)
[2019-12-09T03:05:29.084+0000][1][gc,heap      ] GC(5) CMS: 7933K->11615K(174784K)
[2019-12-09T03:05:29.084+0000][1][gc,metaspace ] GC(5) Metaspace: 18976K->18976K(1067008K)
[2019-12-09T03:05:29.084+0000][1][gc           ] GC(5) Pause Young (Allocation Failure) 83M->16M(247M) 150.482ms
[2019-12-09T03:05:29.084+0000][1][gc,cpu       ] GC(5) User=0.03s Sys=0.00s Real=0.15s
[2019-12-09T03:05:29.084+0000][1][safepoint    ] Leaving safepoint region
[2019-12-09T03:05:29.084+0000][1][safepoint    ] Total time for which application threads were stopped: 0.1506255 seconds, Stopping threads took: 0.0000138 seconds
[2019-12-09T03:05:29.089+0000][1][safepoint    ] Application time: 0.0044434 seconds
[2019-12-09T03:05:29.089+0000][1][safepoint    ] Entering safepoint region: RevokeBias
[2019-12-09T03:05:29.089+0000][1][safepoint    ] Leaving safepoint region
[2019-12-09T03:05:29.089+0000][1][safepoint    ] Total time for which application threads were stopped: 0.0000829 seconds, Stopping threads took: 0.0000181 seconds
[2019-12-09T03:05:29.089+0000][1][safepoint    ] Application time: 0.0000637 seconds
[2019-12-09T03:05:29.089+0000][1][safepoint    ] Entering safepoint region: RevokeBias
[2019-12-09T03:05:29.089+0000][1][safepoint    ] Leaving safepoint region
[2019-12-09T03:05:29.089+0000][1][safepoint    ] Total time for which application threads were stopped: 0.0000377 seconds, Stopping threads took: 0.0000076 seconds
[2019-12-09T03:05:29.089+0000][1][safepoint    ] Application time: 0.0000553 seconds
[2019-12-09T03:05:29.089+0000][1][safepoint    ] Entering safepoint region: RevokeBias
[2019-12-09T03:05:29.089+0000][1][safepoint    ] Leaving safepoint region
[2019-12-09T03:05:29.089+0000][1][safepoint    ] Total time for which application threads were stopped: 0.0000361 seconds, Stopping threads took: 0.0000077 seconds
[2019-12-09T03:05:29.089+0000][1][safepoint    ] Application time: 0.0000499 seconds
[2019-12-09T03:05:29.089+0000][1][safepoint    ] Entering safepoint region: RevokeBias
[2019-12-09T03:05:29.089+0000][1][safepoint    ] Leaving safepoint region
[2019-12-09T03:05:29.089+0000][1][safepoint    ] Total time for which application threads were stopped: 0.0000340 seconds, Stopping threads took: 0.0000077 seconds
[2019-12-09T03:05:29.089+0000][1][safepoint    ] Application time: 0.0000563 seconds
[2019-12-09T03:05:29.089+0000][1][safepoint    ] Entering safepoint region: RevokeBias
[2019-12-09T03:05:29.089+0000][1][safepoint    ] Leaving safepoint region
[2019-12-09T03:05:29.089+0000][1][safepoint    ] Total time for which application threads were stopped: 0.0000360 seconds, Stopping threads took: 0.0000080 seconds
[2019-12-09T03:05:29.089+0000][1][safepoint    ] Application time: 0.0000508 seconds
[2019-12-09T03:05:29.089+0000][1][safepoint    ] Entering safepoint region: RevokeBias
[2019-12-09T03:05:29.089+0000][1][safepoint    ] Leaving safepoint region
[2019-12-09T03:05:29.089+0000][1][safepoint    ] Total time for which application threads were stopped: 0.0000346 seconds, Stopping threads took: 0.0000080 seconds
[2019-12-09T03:05:30.098+0000][1][safepoint    ] Application time: 1.0082763 seconds
[2019-12-09T03:05:30.150+0000][1][safepoint    ] Entering safepoint region: Cleanup
[2019-12-09T03:05:30.150+0000][1][safepoint    ] Leaving safepoint region
[2019-12-09T03:05:30.150+0000][1][safepoint    ] Total time for which application threads were stopped: 0.0520638 seconds, Stopping threads took: 0.0520185 seconds
[2019-12-09T03:05:30.169+0000][1][safepoint    ] Application time: 0.0189361 seconds
[2019-12-09T03:05:30.169+0000][1][safepoint    ] Entering safepoint region: RevokeBias
[2019-12-09T03:05:30.169+0000][1][safepoint    ] Leaving safepoint region
[2019-12-09T03:05:30.169+0000][1][safepoint    ] Total time for which application threads were stopped: 0.0000587 seconds, Stopping threads took: 0.0000117 seconds
[2019-12-09T03:05:30.177+0000][1][safepoint    ] Application time: 0.0080003 seconds
[2019-12-09T03:05:30.177+0000][1][safepoint    ] Entering safepoint region: RevokeBias
[2019-12-09T03:05:30.177+0000][1][safepoint    ] Leaving safepoint region
[2019-12-09T03:05:30.177+0000][1][safepoint    ] Total time for which application threads were stopped: 0.0000580 seconds, Stopping threads took: 0.0000120 seconds
[2019-12-09T03:05:30.481+0000][1][safepoint    ] Application time: 0.3039890 seconds
[2019-12-09T03:05:30.481+0000][1][safepoint    ] Entering safepoint region: GenCollectForAllocation
[2019-12-09T03:05:30.481+0000][1][gc,start     ] GC(6) Pause Young (Allocation Failure)
[2019-12-09T03:05:30.481+0000][1][gc,task      ] GC(6) Using 2 workers of 2 for evacuation
[2019-12-09T03:05:30.566+0000][1][gc,age       ] GC(6) Desired survivor size 4456448 bytes, new threshold 6 (max threshold 6)
[2019-12-09T03:05:30.566+0000][1][gc,age       ] GC(6) Age table with threshold 6 (max threshold 6)
[2019-12-09T03:05:30.566+0000][1][gc,age       ] GC(6) - age   1:    1352792 bytes,    1352792 total
[2019-12-09T03:05:30.566+0000][1][gc,age       ] GC(6) - age   2:    2191320 bytes,    3544112 total
[2019-12-09T03:05:30.566+0000][1][gc,age       ] GC(6) - age   3:     442792 bytes,    3986904 total
[2019-12-09T03:05:30.566+0000][1][gc,heap      ] GC(6) ParNew: 74909K->7094K(78656K)
[2019-12-09T03:05:30.566+0000][1][gc,heap      ] GC(6) CMS: 11615K->11615K(174784K)
[2019-12-09T03:05:30.566+0000][1][gc,metaspace ] GC(6) Metaspace: 19280K->19280K(1067008K)
[2019-12-09T03:05:30.566+0000][1][gc           ] GC(6) Pause Young (Allocation Failure) 84M->18M(247M) 84.823ms
[2019-12-09T03:05:30.566+0000][1][gc,cpu       ] GC(6) User=0.02s Sys=0.00s Real=0.09s
[2019-12-09T03:05:30.566+0000][1][safepoint    ] Leaving safepoint region
[2019-12-09T03:05:30.566+0000][1][safepoint    ] Total time for which application threads were stopped: 0.0849617 seconds, Stopping threads took: 0.0000142 seconds
[2019-12-09T03:05:30.569+0000][1][safepoint    ] Application time: 0.0027987 seconds
[2019-12-09T03:05:30.605+0000][1][safepoint    ] Entering safepoint region: RevokeBias
[2019-12-09T03:05:30.605+0000][1][safepoint    ] Leaving safepoint region
[2019-12-09T03:05:30.605+0000][1][safepoint    ] Total time for which application threads were stopped: 0.0360612 seconds, Stopping threads took: 0.0359851 seconds
[2019-12-09T03:05:30.605+0000][1][safepoint    ] Application time: 0.0000753 seconds
[2019-12-09T03:05:30.605+0000][1][safepoint    ] Entering safepoint region: BulkRevokeBias
[2019-12-09T03:05:30.605+0000][1][safepoint    ] Leaving safepoint region
[2019-12-09T03:05:30.605+0000][1][safepoint    ] Total time for which application threads were stopped: 0.0000958 seconds, Stopping threads took: 0.0000092 seconds
[2019-12-09T03:05:30.605+0000][1][safepoint    ] Application time: 0.0000685 seconds
[2019-12-09T03:05:30.605+0000][1][safepoint    ] Entering safepoint region: BulkRevokeBias
[2019-12-09T03:05:30.605+0000][1][safepoint    ] Leaving safepoint region
[2019-12-09T03:05:30.605+0000][1][safepoint    ] Total time for which application threads were stopped: 0.0000797 seconds, Stopping threads took: 0.0000089 seconds
[2019-12-09T03:05:31.613+0000][1][safepoint    ] Application time: 1.0078503 seconds
[2019-12-09T03:05:31.613+0000][1][safepoint    ] Entering safepoint region: GenCollectForAllocation
[2019-12-09T03:05:31.613+0000][1][gc,start     ] GC(7) Pause Young (Allocation Failure)
[2019-12-09T03:05:31.613+0000][1][gc,task      ] GC(7) Using 2 workers of 2 for evacuation
[2019-12-09T03:05:31.690+0000][1][gc,age       ] GC(7) Desired survivor size 4456448 bytes, new threshold 6 (max threshold 6)
[2019-12-09T03:05:31.690+0000][1][gc,age       ] GC(7) Age table with threshold 6 (max threshold 6)
[2019-12-09T03:05:31.690+0000][1][gc,age       ] GC(7) - age   1:     375024 bytes,     375024 total
[2019-12-09T03:05:31.690+0000][1][gc,age       ] GC(7) - age   2:    1128824 bytes,    1503848 total
[2019-12-09T03:05:31.690+0000][1][gc,age       ] GC(7) - age   3:    2191240 bytes,    3695088 total
[2019-12-09T03:05:31.690+0000][1][gc,age       ] GC(7) - age   4:     442792 bytes,    4137880 total
[2019-12-09T03:05:31.690+0000][1][gc,heap      ] GC(7) ParNew: 77046K->6035K(78656K)
[2019-12-09T03:05:31.690+0000][1][gc,heap      ] GC(7) CMS: 11615K->11615K(174784K)
[2019-12-09T03:05:31.690+0000][1][gc,metaspace ] GC(7) Metaspace: 19555K->19555K(1067008K)
[2019-12-09T03:05:31.690+0000][1][gc           ] GC(7) Pause Young (Allocation Failure) 86M->17M(247M) 76.701ms
[2019-12-09T03:05:31.690+0000][1][gc,cpu       ] GC(7) User=0.01s Sys=0.00s Real=0.08s
[2019-12-09T03:05:31.690+0000][1][safepoint    ] Leaving safepoint region
[2019-12-09T03:05:31.690+0000][1][safepoint    ] Total time for which application threads were stopped: 0.0768457 seconds, Stopping threads took: 0.0000148 seconds
[2019-12-09T03:05:32.382+0000][1][safepoint    ] Application time: 0.6923013 seconds
[2019-12-09T03:05:32.382+0000][1][safepoint    ] Entering safepoint region: CollectForMetadataAllocation
[2019-12-09T03:05:32.383+0000][1][safepoint    ] Leaving safepoint region
[2019-12-09T03:05:32.383+0000][1][safepoint    ] Total time for which application threads were stopped: 0.0003158 seconds, Stopping threads took: 0.0000150 seconds
[2019-12-09T03:05:32.531+0000][1][safepoint    ] Application time: 0.1485406 seconds
[2019-12-09T03:05:32.531+0000][1][safepoint    ] Entering safepoint region: CollectForMetadataAllocation
[2019-12-09T03:05:32.531+0000][1][safepoint    ] Leaving safepoint region
[2019-12-09T03:05:32.531+0000][1][safepoint    ] Total time for which application threads were stopped: 0.0002395 seconds, Stopping threads took: 0.0000121 seconds
[2019-12-09T03:05:33.141+0000][1][safepoint    ] Application time: 0.6090528 seconds
[2019-12-09T03:05:33.141+0000][1][safepoint    ] Entering safepoint region: RevokeBias
[2019-12-09T03:05:33.141+0000][1][safepoint    ] Leaving safepoint region
[2019-12-09T03:05:33.141+0000][1][safepoint    ] Total time for which application threads were stopped: 0.0001019 seconds, Stopping threads took: 0.0000156 seconds
[2019-12-09T03:05:33.175+0000][1][safepoint    ] Application time: 0.0345859 seconds
[2019-12-09T03:05:33.175+0000][1][safepoint    ] Entering safepoint region: RevokeBias
[2019-12-09T03:05:33.175+0000][1][safepoint    ] Leaving safepoint region
[2019-12-09T03:05:33.175+0000][1][safepoint    ] Total time for which application threads were stopped: 0.0000829 seconds, Stopping threads took: 0.0000135 seconds
[2019-12-09T03:05:33.269+0000][1][safepoint    ] Application time: 0.0939689 seconds
[2019-12-09T03:05:33.269+0000][1][safepoint    ] Entering safepoint region: GenCollectForAllocation
[2019-12-09T03:05:33.269+0000][1][gc,start     ] GC(8) Pause Young (Allocation Failure)
[2019-12-09T03:05:33.269+0000][1][gc,task      ] GC(8) Using 2 workers of 2 for evacuation
[2019-12-09T03:05:33.420+0000][1][gc,age       ] GC(8) Desired survivor size 4456448 bytes, new threshold 4 (max threshold 6)
[2019-12-09T03:05:33.420+0000][1][gc,age       ] GC(8) Age table with threshold 4 (max threshold 6)
[2019-12-09T03:05:33.420+0000][1][gc,age       ] GC(8) - age   1:    1503784 bytes,    1503784 total
[2019-12-09T03:05:33.420+0000][1][gc,age       ] GC(8) - age   2:     356840 bytes,    1860624 total
[2019-12-09T03:05:33.420+0000][1][gc,age       ] GC(8) - age   3:    1128680 bytes,    2989304 total
[2019-12-09T03:05:33.420+0000][1][gc,age       ] GC(8) - age   4:    2189024 bytes,    5178328 total
[2019-12-09T03:05:33.420+0000][1][gc,age       ] GC(8) - age   5:     442792 bytes,    5621120 total
[2019-12-09T03:05:33.420+0000][1][gc,heap      ] GC(8) ParNew: 75987K->8704K(78656K)
[2019-12-09T03:05:33.420+0000][1][gc,heap      ] GC(8) CMS: 11615K->11615K(174784K)
[2019-12-09T03:05:33.420+0000][1][gc,metaspace ] GC(8) Metaspace: 20358K->20358K(1069056K)
[2019-12-09T03:05:33.420+0000][1][gc           ] GC(8) Pause Young (Allocation Failure) 85M->19M(247M) 150.514ms
[2019-12-09T03:05:33.420+0000][1][gc,cpu       ] GC(8) User=0.01s Sys=0.00s Real=0.15s
[2019-12-09T03:05:33.420+0000][1][safepoint    ] Leaving safepoint region
[2019-12-09T03:05:33.420+0000][1][safepoint    ] Total time for which application threads were stopped: 0.1506462 seconds, Stopping threads took: 0.0000133 seconds
[2019-12-09T03:05:33.422+0000][1][safepoint    ] Application time: 0.0017903 seconds
[2019-12-09T03:05:33.422+0000][1][safepoint    ] Entering safepoint region: CMS_Initial_Mark
[2019-12-09T03:05:33.422+0000][1][gc,start     ] GC(9) Pause Initial Mark
[2019-12-09T03:05:33.426+0000][1][gc           ] GC(9) Pause Initial Mark 21M->21M(247M) 4.240ms
[2019-12-09T03:05:33.426+0000][1][gc,cpu       ] GC(9) User=0.00s Sys=0.00s Real=0.01s
[2019-12-09T03:05:33.426+0000][1][safepoint    ] Leaving safepoint region
[2019-12-09T03:05:33.426+0000][1][safepoint    ] Total time for which application threads were stopped: 0.0045628 seconds, Stopping threads took: 0.0002318 seconds
[2019-12-09T03:05:33.426+0000][1][gc           ] GC(9) Concurrent Mark
[2019-12-09T03:05:33.525+0000][1][gc           ] GC(9) Concurrent Mark 98.515ms
[2019-12-09T03:05:33.525+0000][1][gc,cpu       ] GC(9) User=0.04s Sys=0.00s Real=0.10s
[2019-12-09T03:05:33.525+0000][1][gc           ] GC(9) Concurrent Preclean
[2019-12-09T03:05:33.526+0000][1][gc           ] GC(9) Concurrent Preclean 0.498ms
[2019-12-09T03:05:33.526+0000][1][gc,cpu       ] GC(9) User=0.00s Sys=0.00s Real=0.00s
[2019-12-09T03:05:33.526+0000][1][gc           ] GC(9) Concurrent Abortable Preclean
[2019-12-09T03:05:33.846+0000][1][safepoint    ] Application time: 0.4198646 seconds
[2019-12-09T03:05:33.846+0000][1][safepoint    ] Entering safepoint region: RevokeBias
[2019-12-09T03:05:33.846+0000][1][safepoint    ] Leaving safepoint region
[2019-12-09T03:05:33.846+0000][1][safepoint    ] Total time for which application threads were stopped: 0.0001028 seconds, Stopping threads took: 0.0000138 seconds
[2019-12-09T03:05:33.885+0000][1][safepoint    ] Application time: 0.0389525 seconds
[2019-12-09T03:05:33.885+0000][1][safepoint    ] Entering safepoint region: RevokeBias
[2019-12-09T03:05:33.886+0000][1][safepoint    ] Leaving safepoint region
[2019-12-09T03:05:33.886+0000][1][safepoint    ] Total time for which application threads were stopped: 0.0000843 seconds, Stopping threads took: 0.0000132 seconds
[2019-12-09T03:05:34.413+0000][1][safepoint    ] Application time: 0.5276310 seconds
[2019-12-09T03:05:34.413+0000][1][safepoint    ] Entering safepoint region: RevokeBias
[2019-12-09T03:05:34.413+0000][1][safepoint    ] Leaving safepoint region
[2019-12-09T03:05:34.413+0000][1][safepoint    ] Total time for which application threads were stopped: 0.0000829 seconds, Stopping threads took: 0.0000129 seconds
[2019-12-09T03:05:34.474+0000][1][safepoint    ] Application time: 0.0612189 seconds
[2019-12-09T03:05:34.475+0000][1][safepoint    ] Entering safepoint region: RevokeBias
[2019-12-09T03:05:34.475+0000][1][safepoint    ] Leaving safepoint region
[2019-12-09T03:05:34.475+0000][1][safepoint    ] Total time for which application threads were stopped: 0.0000983 seconds, Stopping threads took: 0.0000145 seconds
[2019-12-09T03:05:34.509+0000][1][safepoint    ] Application time: 0.0344573 seconds
[2019-12-09T03:05:34.509+0000][1][safepoint    ] Entering safepoint region: RevokeBias
[2019-12-09T03:05:34.509+0000][1][safepoint    ] Leaving safepoint region
[2019-12-09T03:05:34.509+0000][1][safepoint    ] Total time for which application threads were stopped: 0.0000805 seconds, Stopping threads took: 0.0000118 seconds
[2019-12-09T03:05:34.825+0000][1][safepoint    ] Application time: 0.3155604 seconds
[2019-12-09T03:05:34.825+0000][1][safepoint    ] Entering safepoint region: GenCollectForAllocation
[2019-12-09T03:05:34.825+0000][1][gc,start     ] GC(10) Pause Young (Allocation Failure)
[2019-12-09T03:05:34.825+0000][1][gc,task      ] GC(10) Using 2 workers of 2 for evacuation
[2019-12-09T03:05:35.050+0000][1][gc,age       ] GC(10) Desired survivor size 4456448 bytes, new threshold 6 (max threshold 6)
[2019-12-09T03:05:35.051+0000][1][gc,age       ] GC(10) Age table with threshold 6 (max threshold 6)
[2019-12-09T03:05:35.051+0000][1][gc,age       ] GC(10) - age   1:     781024 bytes,     781024 total
[2019-12-09T03:05:35.051+0000][1][gc,age       ] GC(10) - age   2:     655024 bytes,    1436048 total
[2019-12-09T03:05:35.051+0000][1][gc,age       ] GC(10) - age   3:     356840 bytes,    1792888 total
[2019-12-09T03:05:35.051+0000][1][gc,age       ] GC(10) - age   4:    1128680 bytes,    2921568 total
[2019-12-09T03:05:35.051+0000][1][gc,heap      ] GC(10) ParNew: 78656K->7484K(78656K)
[2019-12-09T03:05:35.051+0000][1][gc,heap      ] GC(10) CMS: 11615K->14211K(174784K)
[2019-12-09T03:05:35.051+0000][1][gc,metaspace ] GC(10) Metaspace: 20472K->20472K(1069056K)
[2019-12-09T03:05:35.051+0000][1][gc           ] GC(10) Pause Young (Allocation Failure) 88M->21M(247M) 225.741ms
[2019-12-09T03:05:35.051+0000][1][gc,cpu       ] GC(10) User=0.04s Sys=0.00s Real=0.22s
[2019-12-09T03:05:35.051+0000][1][safepoint    ] Leaving safepoint region
[2019-12-09T03:05:35.051+0000][1][safepoint    ] Total time for which application threads were stopped: 0.2259010 seconds, Stopping threads took: 0.0000150 seconds
[2019-12-09T03:05:35.204+0000][1][safepoint    ] Application time: 0.1532729 seconds
[2019-12-09T03:05:35.204+0000][1][safepoint    ] Entering safepoint region: RevokeBias
[2019-12-09T03:05:35.204+0000][1][safepoint    ] Leaving safepoint region
[2019-12-09T03:05:35.204+0000][1][safepoint    ] Total time for which application threads were stopped: 0.0000869 seconds, Stopping threads took: 0.0000134 seconds
[2019-12-09T03:05:35.280+0000][1][safepoint    ] Application time: 0.0755340 seconds
[2019-12-09T03:05:35.280+0000][1][safepoint    ] Entering safepoint region: RevokeBias
[2019-12-09T03:05:35.280+0000][1][safepoint    ] Leaving safepoint region
[2019-12-09T03:05:35.280+0000][1][safepoint    ] Total time for which application threads were stopped: 0.0000845 seconds, Stopping threads took: 0.0000132 seconds
[2019-12-09T03:05:35.970+0000][1][gc           ] GC(9) Concurrent Abortable Preclean 2444.127ms
[2019-12-09T03:05:35.970+0000][1][gc,cpu       ] GC(9) User=0.72s Sys=0.01s Real=2.44s
[2019-12-09T03:05:35.970+0000][1][safepoint    ] Application time: 0.6899872 seconds
[2019-12-09T03:05:36.047+0000][1][safepoint    ] Entering safepoint region: CMS_Final_Remark
[2019-12-09T03:05:36.047+0000][1][gc,start     ] GC(9) Pause Remark
[2019-12-09T03:05:36.082+0000][1][gc           ] GC(9) Pause Remark 69M->69M(247M) 35.014ms
[2019-12-09T03:05:36.082+0000][1][gc,cpu       ] GC(9) User=0.04s Sys=0.00s Real=0.03s
[2019-12-09T03:05:36.082+0000][1][safepoint    ] Leaving safepoint region
[2019-12-09T03:05:36.082+0000][1][safepoint    ] Total time for which application threads were stopped: 0.1121543 seconds, Stopping threads took: 0.0769915 seconds
[2019-12-09T03:05:36.082+0000][1][gc           ] GC(9) Concurrent Sweep
[2019-12-09T03:05:36.190+0000][1][gc           ] GC(9) Concurrent Sweep 108.467ms
[2019-12-09T03:05:36.191+0000][1][gc,cpu       ] GC(9) User=0.02s Sys=0.00s Real=0.11s
[2019-12-09T03:05:36.191+0000][1][gc           ] GC(9) Concurrent Reset
[2019-12-09T03:05:36.191+0000][1][gc           ] GC(9) Concurrent Reset 0.342ms
[2019-12-09T03:05:36.191+0000][1][gc,cpu       ] GC(9) User=0.00s Sys=0.00s Real=0.00s
[2019-12-09T03:05:36.191+0000][1][gc,heap      ] GC(9) Old: 11615K->14186K(174784K)
[2019-12-09T03:05:36.615+0000][1][safepoint    ] Application time: 0.5329087 seconds
[2019-12-09T03:05:36.615+0000][1][safepoint    ] Entering safepoint region: GenCollectForAllocation
[2019-12-09T03:05:36.615+0000][1][gc,start     ] GC(11) Pause Young (Allocation Failure)
[2019-12-09T03:05:36.615+0000][1][gc,task      ] GC(11) Using 2 workers of 2 for evacuation
[2019-12-09T03:05:36.636+0000][1][gc,age       ] GC(11) Desired survivor size 4456448 bytes, new threshold 6 (max threshold 6)
[2019-12-09T03:05:36.636+0000][1][gc,age       ] GC(11) Age table with threshold 6 (max threshold 6)
[2019-12-09T03:05:36.636+0000][1][gc,age       ] GC(11) - age   1:     737616 bytes,     737616 total
[2019-12-09T03:05:36.636+0000][1][gc,age       ] GC(11) - age   2:      97512 bytes,     835128 total
[2019-12-09T03:05:36.636+0000][1][gc,age       ] GC(11) - age   3:     654976 bytes,    1490104 total
[2019-12-09T03:05:36.636+0000][1][gc,age       ] GC(11) - age   4:     356736 bytes,    1846840 total
[2019-12-09T03:05:36.636+0000][1][gc,age       ] GC(11) - age   5:    1128392 bytes,    2975232 total
[2019-12-09T03:05:36.636+0000][1][gc,heap      ] GC(11) ParNew: 77436K->3921K(78656K)
[2019-12-09T03:05:36.636+0000][1][gc,heap      ] GC(11) CMS: 14186K->14186K(174784K)
[2019-12-09T03:05:36.636+0000][1][gc,metaspace ] GC(11) Metaspace: 20556K->20556K(1069056K)
[2019-12-09T03:05:36.636+0000][1][gc           ] GC(11) Pause Young (Allocation Failure) 89M->17M(247M) 21.004ms
[2019-12-09T03:05:36.636+0000][1][gc,cpu       ] GC(11) User=0.01s Sys=0.00s Real=0.02s
[2019-12-09T03:05:36.636+0000][1][safepoint    ] Leaving safepoint region
[2019-12-09T03:05:36.636+0000][1][safepoint    ] Total time for which application threads were stopped: 0.0215341 seconds, Stopping threads took: 0.0000139 seconds
[2019-12-09T03:05:37.507+0000][1][safepoint    ] Application time: 0.8708121 seconds
[2019-12-09T03:05:37.507+0000][1][safepoint    ] Entering safepoint region: Deoptimize
[2019-12-09T03:05:37.508+0000][1][safepoint    ] Leaving safepoint region
[2019-12-09T03:05:37.508+0000][1][safepoint    ] Total time for which application threads were stopped: 0.0004314 seconds, Stopping threads took: 0.0000123 seconds
[2019-12-09T03:05:38.518+0000][1][safepoint    ] Application time: 1.0104809 seconds
[2019-12-09T03:05:38.518+0000][1][safepoint    ] Entering safepoint region: Cleanup
[2019-12-09T03:05:38.518+0000][1][safepoint    ] Leaving safepoint region
[2019-12-09T03:05:38.518+0000][1][safepoint    ] Total time for which application threads were stopped: 0.0000911 seconds, Stopping threads took: 0.0000260 seconds
[2019-12-09T03:05:38.820+0000][1][safepoint    ] Application time: 0.3013857 seconds
[2019-12-09T03:05:38.820+0000][1][safepoint    ] Entering safepoint region: GenCollectForAllocation
[2019-12-09T03:05:38.820+0000][1][gc,start     ] GC(12) Pause Young (Allocation Failure)
[2019-12-09T03:05:38.820+0000][1][gc,task      ] GC(12) Using 2 workers of 2 for evacuation
[2019-12-09T03:05:38.916+0000][1][gc,age       ] GC(12) Desired survivor size 4456448 bytes, new threshold 6 (max threshold 6)
[2019-12-09T03:05:38.916+0000][1][gc,age       ] GC(12) Age table with threshold 6 (max threshold 6)
[2019-12-09T03:05:38.916+0000][1][gc,age       ] GC(12) - age   1:     961896 bytes,     961896 total
[2019-12-09T03:05:38.916+0000][1][gc,age       ] GC(12) - age   2:     305568 bytes,    1267464 total
[2019-12-09T03:05:38.916+0000][1][gc,age       ] GC(12) - age   3:      97512 bytes,    1364976 total
[2019-12-09T03:05:38.916+0000][1][gc,age       ] GC(12) - age   4:     654912 bytes,    2019888 total
[2019-12-09T03:05:38.916+0000][1][gc,age       ] GC(12) - age   5:     356736 bytes,    2376624 total
[2019-12-09T03:05:38.916+0000][1][gc,age       ] GC(12) - age   6:    1128392 bytes,    3505016 total
[2019-12-09T03:05:38.916+0000][1][gc,heap      ] GC(12) ParNew: 73873K->5338K(78656K)
[2019-12-09T03:05:38.916+0000][1][gc,heap      ] GC(12) CMS: 14186K->14186K(174784K)
[2019-12-09T03:05:38.916+0000][1][gc,metaspace ] GC(12) Metaspace: 22573K->22573K(1071104K)
[2019-12-09T03:05:38.916+0000][1][gc           ] GC(12) Pause Young (Allocation Failure) 85M->19M(247M) 96.051ms
[2019-12-09T03:05:38.916+0000][1][gc,cpu       ] GC(12) User=0.03s Sys=0.00s Real=0.10s
[2019-12-09T03:05:38.916+0000][1][safepoint    ] Leaving safepoint region
[2019-12-09T03:05:38.916+0000][1][safepoint    ] Total time for which application threads were stopped: 0.0962630 seconds, Stopping threads took: 0.0000912 seconds
[2019-12-09T03:05:39.919+0000][1][safepoint    ] Application time: 1.0026768 seconds
[2019-12-09T03:05:39.991+0000][1][safepoint    ] Entering safepoint region: Cleanup
[2019-12-09T03:05:39.991+0000][1][safepoint    ] Leaving safepoint region
[2019-12-09T03:05:39.991+0000][1][safepoint    ] Total time for which application threads were stopped: 0.0722449 seconds, Stopping threads took: 0.0720217 seconds
[2019-12-09T03:05:40.230+0000][1][safepoint    ] Application time: 0.2388695 seconds
[2019-12-09T03:05:40.230+0000][1][safepoint    ] Entering safepoint region: Deoptimize
[2019-12-09T03:05:40.230+0000][1][safepoint    ] Leaving safepoint region
[2019-12-09T03:05:40.230+0000][1][safepoint    ] Total time for which application threads were stopped: 0.0004311 seconds, Stopping threads took: 0.0000145 seconds
[2019-12-09T03:05:40.981+0000][1][safepoint    ] Application time: 0.7506505 seconds
[2019-12-09T03:05:40.981+0000][1][safepoint    ] Entering safepoint region: Deoptimize
[2019-12-09T03:05:40.981+0000][1][safepoint    ] Leaving safepoint region
[2019-12-09T03:05:40.981+0000][1][safepoint    ] Total time for which application threads were stopped: 0.0004198 seconds, Stopping threads took: 0.0000144 seconds
[2019-12-09T03:05:41.135+0000][1][safepoint    ] Application time: 0.1532335 seconds
[2019-12-09T03:05:41.135+0000][1][safepoint    ] Entering safepoint region: Deoptimize
[2019-12-09T03:05:41.135+0000][1][safepoint    ] Leaving safepoint region
[2019-12-09T03:05:41.135+0000][1][safepoint    ] Total time for which application threads were stopped: 0.0004209 seconds, Stopping threads took: 0.0000123 seconds
[2019-12-09T03:05:41.139+0000][1][safepoint    ] Application time: 0.0041761 seconds
[2019-12-09T03:05:41.139+0000][1][safepoint    ] Entering safepoint region: Deoptimize
[2019-12-09T03:05:41.140+0000][1][safepoint    ] Leaving safepoint region
[2019-12-09T03:05:41.140+0000][1][safepoint    ] Total time for which application threads were stopped: 0.0003974 seconds, Stopping threads took: 0.0000134 seconds
[2019-12-09T03:05:42.164+0000][1][safepoint    ] Application time: 1.0239112 seconds
[2019-12-09T03:05:42.164+0000][1][safepoint    ] Entering safepoint region: Cleanup
[2019-12-09T03:05:42.164+0000][1][safepoint    ] Leaving safepoint region
[2019-12-09T03:05:42.164+0000][1][safepoint    ] Total time for which application threads were stopped: 0.0000589 seconds, Stopping threads took: 0.0000155 seconds
[2019-12-09T03:05:43.174+0000][1][safepoint    ] Application time: 1.0098858 seconds
[2019-12-09T03:05:43.224+0000][1][safepoint    ] Entering safepoint region: Cleanup
[2019-12-09T03:05:43.224+0000][1][safepoint    ] Leaving safepoint region
[2019-12-09T03:05:43.224+0000][1][safepoint    ] Total time for which application threads were stopped: 0.0507246 seconds, Stopping threads took: 0.0504511 seconds
[2019-12-09T03:05:44.170+0000][1][safepoint    ] Application time: 0.9452247 seconds
[2019-12-09T03:05:44.170+0000][1][safepoint    ] Entering safepoint region: RevokeBias
[2019-12-09T03:05:44.170+0000][1][safepoint    ] Leaving safepoint region
[2019-12-09T03:05:44.170+0000][1][safepoint    ] Total time for which application threads were stopped: 0.0000970 seconds, Stopping threads took: 0.0000129 seconds
[2019-12-09T03:05:45.183+0000][1][safepoint    ] Application time: 1.0128699 seconds
[2019-12-09T03:05:45.207+0000][1][safepoint    ] Entering safepoint region: Cleanup
[2019-12-09T03:05:45.207+0000][1][safepoint    ] Leaving safepoint region
[2019-12-09T03:05:45.207+0000][1][safepoint    ] Total time for which application threads were stopped: 0.0243313 seconds, Stopping threads took: 0.0242845 seconds
[2019-12-09T03:05:45.318+0000][1][safepoint    ] Application time: 0.1106114 seconds
[2019-12-09T03:05:45.318+0000][1][safepoint    ] Entering safepoint region: GenCollectForAllocation
[2019-12-09T03:05:45.318+0000][1][gc,start     ] GC(13) Pause Young (Allocation Failure)
[2019-12-09T03:05:45.318+0000][1][gc,task      ] GC(13) Using 2 workers of 2 for evacuation
[2019-12-09T03:05:45.651+0000][1][gc,age       ] GC(13) Desired survivor size 4456448 bytes, new threshold 1 (max threshold 6)
[2019-12-09T03:05:45.651+0000][1][gc,age       ] GC(13) Age table with threshold 1 (max threshold 6)
[2019-12-09T03:05:45.651+0000][1][gc,age       ] GC(13) - age   1:    6820320 bytes,    6820320 total
[2019-12-09T03:05:45.651+0000][1][gc,age       ] GC(13) - age   2:     683960 bytes,    7504280 total
[2019-12-09T03:05:45.651+0000][1][gc,age       ] GC(13) - age   3:     305232 bytes,    7809512 total
[2019-12-09T03:05:45.651+0000][1][gc,age       ] GC(13) - age   4:      97216 bytes,    7906728 total
[2019-12-09T03:05:45.651+0000][1][gc,age       ] GC(13) - age   5:     651360 bytes,    8558088 total
[2019-12-09T03:05:45.651+0000][1][gc,age       ] GC(13) - age   6:     354544 bytes,    8912632 total
[2019-12-09T03:05:45.651+0000][1][gc,heap      ] GC(13) ParNew: 75290K->8704K(78656K)
[2019-12-09T03:05:45.651+0000][1][gc,heap      ] GC(13) CMS: 14186K->21759K(174784K)
[2019-12-09T03:05:45.651+0000][1][gc,metaspace ] GC(13) Metaspace: 27050K->27050K(1075200K)
[2019-12-09T03:05:45.651+0000][1][gc           ] GC(13) Pause Young (Allocation Failure) 87M->29M(247M) 333.265ms
[2019-12-09T03:05:45.651+0000][1][gc,cpu       ] GC(13) User=0.08s Sys=0.00s Real=0.33s
[2019-12-09T03:05:45.651+0000][1][safepoint    ] Leaving safepoint region
[2019-12-09T03:05:45.651+0000][1][safepoint    ] Total time for which application threads were stopped: 0.3334129 seconds, Stopping threads took: 0.0000147 seconds
[2019-12-09T03:05:48.697+0000][1][safepoint    ] Application time: 3.0455302 seconds
[2019-12-09T03:05:48.729+0000][1][safepoint    ] Entering safepoint region: Cleanup
[2019-12-09T03:05:48.729+0000][1][safepoint    ] Leaving safepoint region
[2019-12-09T03:05:48.729+0000][1][safepoint    ] Total time for which application threads were stopped: 0.0322040 seconds, Stopping threads took: 0.0321602 seconds
[2019-12-09T03:05:49.852+0000][1][safepoint    ] Application time: 1.1227507 seconds
[2019-12-09T03:05:49.852+0000][1][safepoint    ] Entering safepoint region: GenCollectForAllocation
[2019-12-09T03:05:49.852+0000][1][gc,start     ] GC(14) Pause Young (Allocation Failure)
[2019-12-09T03:05:49.852+0000][1][gc,task      ] GC(14) Using 2 workers of 2 for evacuation
[2019-12-09T03:05:50.528+0000][1][gc,age       ] GC(14) Desired survivor size 4456448 bytes, new threshold 1 (max threshold 6)
[2019-12-09T03:05:50.528+0000][1][gc,age       ] GC(14) Age table with threshold 1 (max threshold 6)
[2019-12-09T03:05:50.528+0000][1][gc,age       ] GC(14) - age   1:    8912824 bytes,    8912824 total
[2019-12-09T03:05:50.528+0000][1][gc,heap      ] GC(14) ParNew: 78656K->8704K(78656K)
[2019-12-09T03:05:50.528+0000][1][gc,heap      ] GC(14) CMS: 21759K->34730K(174784K)
[2019-12-09T03:05:50.528+0000][1][gc,metaspace ] GC(14) Metaspace: 27109K->27109K(1075200K)
[2019-12-09T03:05:50.528+0000][1][gc           ] GC(14) Pause Young (Allocation Failure) 98M->42M(247M) 676.652ms
[2019-12-09T03:05:50.529+0000][1][gc,cpu       ] GC(14) User=0.26s Sys=0.00s Real=0.68s
[2019-12-09T03:05:50.529+0000][1][safepoint    ] Leaving safepoint region
[2019-12-09T03:05:50.529+0000][1][safepoint    ] Total time for which application threads were stopped: 0.6767920 seconds, Stopping threads took: 0.0000150 seconds
[2019-12-09T03:05:53.548+0000][1][safepoint    ] Application time: 3.0192818 seconds
[2019-12-09T03:05:53.616+0000][1][safepoint    ] Entering safepoint region: Cleanup
[2019-12-09T03:05:53.616+0000][1][safepoint    ] Leaving safepoint region
[2019-12-09T03:05:53.616+0000][1][safepoint    ] Total time for which application threads were stopped: 0.0680760 seconds, Stopping threads took: 0.0680246 seconds
[2019-12-09T03:05:54.501+0000][1][safepoint    ] Application time: 0.8850309 seconds
[2019-12-09T03:05:54.501+0000][1][safepoint    ] Entering safepoint region: RevokeBias
[2019-12-09T03:05:54.501+0000][1][safepoint    ] Leaving safepoint region
[2019-12-09T03:05:54.501+0000][1][safepoint    ] Total time for which application threads were stopped: 0.0001283 seconds, Stopping threads took: 0.0000120 seconds
[2019-12-09T03:05:55.506+0000][1][safepoint    ] Application time: 1.0045387 seconds
[2019-12-09T03:05:55.506+0000][1][safepoint    ] Entering safepoint region: Cleanup
[2019-12-09T03:05:55.506+0000][1][safepoint    ] Leaving safepoint region
[2019-12-09T03:05:55.506+0000][1][safepoint    ] Total time for which application threads were stopped: 0.0001202 seconds, Stopping threads took: 0.0000528 seconds
[2019-12-09T03:05:55.768+0000][1][safepoint    ] Application time: 0.2619716 seconds
[2019-12-09T03:05:55.768+0000][1][safepoint    ] Entering safepoint region: GenCollectForAllocation
[2019-12-09T03:05:55.768+0000][1][gc,start     ] GC(15) Pause Young (Allocation Failure)
[2019-12-09T03:05:55.768+0000][1][gc,task      ] GC(15) Using 2 workers of 2 for evacuation
[2019-12-09T03:05:56.385+0000][1][gc,age       ] GC(15) Desired survivor size 4456448 bytes, new threshold 1 (max threshold 6)
[2019-12-09T03:05:56.385+0000][1][gc,age       ] GC(15) Age table with threshold 1 (max threshold 6)
[2019-12-09T03:05:56.385+0000][1][gc,age       ] GC(15) - age   1:    8912816 bytes,    8912816 total
[2019-12-09T03:05:56.385+0000][1][gc,heap      ] GC(15) ParNew: 78656K->8704K(78656K)
[2019-12-09T03:05:56.385+0000][1][gc,heap      ] GC(15) CMS: 34730K->45871K(174784K)
[2019-12-09T03:05:56.385+0000][1][gc,metaspace ] GC(15) Metaspace: 29206K->29206K(1077248K)
[2019-12-09T03:05:56.385+0000][1][gc           ] GC(15) Pause Young (Allocation Failure) 110M->53M(247M) 617.039ms
[2019-12-09T03:05:56.385+0000][1][gc,cpu       ] GC(15) User=0.13s Sys=0.00s Real=0.62s
[2019-12-09T03:05:56.385+0000][1][safepoint    ] Leaving safepoint region
[2019-12-09T03:05:56.385+0000][1][safepoint    ] Total time for which application threads were stopped: 0.6171812 seconds, Stopping threads took: 0.0000153 seconds
[2019-12-09T03:05:57.447+0000][1][safepoint    ] Application time: 1.0616196 seconds
[2019-12-09T03:05:57.451+0000][1][safepoint    ] Entering safepoint region: Cleanup
[2019-12-09T03:05:57.451+0000][1][safepoint    ] Leaving safepoint region
[2019-12-09T03:05:57.451+0000][1][safepoint    ] Total time for which application threads were stopped: 0.0040455 seconds, Stopping threads took: 0.0039801 seconds
[2019-12-09T03:05:58.458+0000][1][safepoint    ] Application time: 1.0069389 seconds
[2019-12-09T03:05:58.461+0000][1][safepoint    ] Entering safepoint region: Cleanup
[2019-12-09T03:05:58.461+0000][1][safepoint    ] Leaving safepoint region
[2019-12-09T03:05:58.461+0000][1][safepoint    ] Total time for which application threads were stopped: 0.0033309 seconds, Stopping threads took: 0.0032883 seconds
[2019-12-09T03:05:59.478+0000][1][safepoint    ] Application time: 1.0165901 seconds
[2019-12-09T03:05:59.526+0000][1][safepoint    ] Entering safepoint region: Cleanup
[2019-12-09T03:05:59.526+0000][1][safepoint    ] Leaving safepoint region
[2019-12-09T03:05:59.526+0000][1][safepoint    ] Total time for which application threads were stopped: 0.0482052 seconds, Stopping threads took: 0.0481276 seconds
[2019-12-09T03:05:59.924+0000][1][safepoint    ] Application time: 0.3975303 seconds
[2019-12-09T03:05:59.924+0000][1][safepoint    ] Entering safepoint region: GenCollectForAllocation
[2019-12-09T03:05:59.924+0000][1][gc,start     ] GC(16) Pause Young (Allocation Failure)
[2019-12-09T03:05:59.924+0000][1][gc,task      ] GC(16) Using 2 workers of 2 for evacuation
[2019-12-09T03:06:00.069+0000][1][gc,age       ] GC(16) Desired survivor size 4456448 bytes, new threshold 6 (max threshold 6)
[2019-12-09T03:06:00.069+0000][1][gc,age       ] GC(16) Age table with threshold 6 (max threshold 6)
[2019-12-09T03:06:00.069+0000][1][gc,age       ] GC(16) - age   1:    1307800 bytes,    1307800 total
[2019-12-09T03:06:00.069+0000][1][gc,heap      ] GC(16) ParNew: 78656K->8618K(78656K)
[2019-12-09T03:06:00.069+0000][1][gc,heap      ] GC(16) CMS: 45871K->54828K(174784K)
[2019-12-09T03:06:00.069+0000][1][gc,metaspace ] GC(16) Metaspace: 32984K->32984K(1079296K)
[2019-12-09T03:06:00.069+0000][1][gc           ] GC(16) Pause Young (Allocation Failure) 121M->61M(247M) 145.784ms
[2019-12-09T03:06:00.069+0000][1][gc,cpu       ] GC(16) User=0.06s Sys=0.00s Real=0.15s
[2019-12-09T03:06:00.069+0000][1][safepoint    ] Leaving safepoint region
[2019-12-09T03:06:00.069+0000][1][safepoint    ] Total time for which application threads were stopped: 0.1459179 seconds, Stopping threads took: 0.0000150 seconds
[2019-12-09T03:06:01.072+0000][1][safepoint    ] Application time: 1.0022556 seconds
[2019-12-09T03:06:01.127+0000][1][safepoint    ] Entering safepoint region: Cleanup
[2019-12-09T03:06:01.127+0000][1][safepoint    ] Leaving safepoint region
[2019-12-09T03:06:01.127+0000][1][safepoint    ] Total time for which application threads were stopped: 0.0551341 seconds, Stopping threads took: 0.0550426 seconds
[2019-12-09T03:06:02.137+0000][1][safepoint    ] Application time: 1.0098330 seconds
[2019-12-09T03:06:02.209+0000][1][safepoint    ] Entering safepoint region: Cleanup
[2019-12-09T03:06:02.209+0000][1][safepoint    ] Leaving safepoint region
[2019-12-09T03:06:02.209+0000][1][safepoint    ] Total time for which application threads were stopped: 0.0722069 seconds, Stopping threads took: 0.0721465 seconds
[2019-12-09T03:06:02.557+0000][1][safepoint    ] Application time: 0.3484967 seconds
[2019-12-09T03:06:02.558+0000][1][safepoint    ] Entering safepoint region: CollectForMetadataAllocation
[2019-12-09T03:06:02.558+0000][1][safepoint    ] Leaving safepoint region
[2019-12-09T03:06:02.558+0000][1][safepoint    ] Total time for which application threads were stopped: 0.0002668 seconds, Stopping threads took: 0.0000138 seconds
[2019-12-09T03:06:03.089+0000][1][safepoint    ] Application time: 0.5314697 seconds
[2019-12-09T03:06:03.089+0000][1][safepoint    ] Entering safepoint region: CollectForMetadataAllocation
[2019-12-09T03:06:03.090+0000][1][safepoint    ] Leaving safepoint region
[2019-12-09T03:06:03.090+0000][1][safepoint    ] Total time for which application threads were stopped: 0.0002136 seconds, Stopping threads took: 0.0000129 seconds
[2019-12-09T03:06:03.415+0000][1][safepoint    ] Application time: 0.3252639 seconds
[2019-12-09T03:06:03.415+0000][1][safepoint    ] Entering safepoint region: CollectForMetadataAllocation
[2019-12-09T03:06:03.415+0000][1][safepoint    ] Leaving safepoint region
[2019-12-09T03:06:03.415+0000][1][safepoint    ] Total time for which application threads were stopped: 0.0002380 seconds, Stopping threads took: 0.0000139 seconds
[2019-12-09T03:06:03.553+0000][1][safepoint    ] Application time: 0.1376288 seconds
[2019-12-09T03:06:03.553+0000][1][safepoint    ] Entering safepoint region: CollectForMetadataAllocation
[2019-12-09T03:06:03.553+0000][1][safepoint    ] Leaving safepoint region
[2019-12-09T03:06:03.553+0000][1][safepoint    ] Total time for which application threads were stopped: 0.0002447 seconds, Stopping threads took: 0.0000147 seconds
[2019-12-09T03:06:03.705+0000][1][safepoint    ] Application time: 0.1517401 seconds
[2019-12-09T03:06:03.705+0000][1][safepoint    ] Entering safepoint region: CollectForMetadataAllocation
[2019-12-09T03:06:03.705+0000][1][safepoint    ] Leaving safepoint region
[2019-12-09T03:06:03.705+0000][1][safepoint    ] Total time for which application threads were stopped: 0.0002403 seconds, Stopping threads took: 0.0000136 seconds
[2019-12-09T03:06:03.815+0000][1][safepoint    ] Application time: 0.1094615 seconds
[2019-12-09T03:06:03.815+0000][1][safepoint    ] Entering safepoint region: GenCollectForAllocation
[2019-12-09T03:06:03.815+0000][1][gc,start     ] GC(17) Pause Young (Allocation Failure)
[2019-12-09T03:06:03.815+0000][1][gc,task      ] GC(17) Using 2 workers of 2 for evacuation
[2019-12-09T03:06:03.883+0000][1][gc,age       ] GC(17) Desired survivor size 4456448 bytes, new threshold 6 (max threshold 6)
[2019-12-09T03:06:03.883+0000][1][gc,age       ] GC(17) Age table with threshold 6 (max threshold 6)
[2019-12-09T03:06:03.883+0000][1][gc,age       ] GC(17) - age   1:    1901456 bytes,    1901456 total
[2019-12-09T03:06:03.883+0000][1][gc,age       ] GC(17) - age   2:    1241224 bytes,    3142680 total
[2019-12-09T03:06:03.883+0000][1][gc,heap      ] GC(17) ParNew: 78570K->4788K(78656K)
[2019-12-09T03:06:03.883+0000][1][gc,heap      ] GC(17) CMS: 54828K->54828K(174784K)
[2019-12-09T03:06:03.883+0000][1][gc,metaspace ] GC(17) Metaspace: 34964K->34964K(1081344K)
[2019-12-09T03:06:03.883+0000][1][gc           ] GC(17) Pause Young (Allocation Failure) 130M->58M(247M) 68.060ms
[2019-12-09T03:06:03.883+0000][1][gc,cpu       ] GC(17) User=0.02s Sys=0.00s Real=0.07s
[2019-12-09T03:06:03.883+0000][1][safepoint    ] Leaving safepoint region
[2019-12-09T03:06:03.883+0000][1][safepoint    ] Total time for which application threads were stopped: 0.0682086 seconds, Stopping threads took: 0.0000124 seconds
[2019-12-09T03:06:03.887+0000][1][safepoint    ] Application time: 0.0042952 seconds
[2019-12-09T03:06:03.972+0000][1][safepoint    ] Entering safepoint region: CMS_Initial_Mark
[2019-12-09T03:06:03.972+0000][1][gc,start     ] GC(18) Pause Initial Mark
[2019-12-09T03:06:03.979+0000][1][gc           ] GC(18) Pause Initial Mark 59M->59M(247M) 7.021ms
[2019-12-09T03:06:03.979+0000][1][gc,cpu       ] GC(18) User=0.01s Sys=0.00s Real=0.01s
[2019-12-09T03:06:03.979+0000][1][safepoint    ] Leaving safepoint region
[2019-12-09T03:06:03.979+0000][1][safepoint    ] Total time for which application threads were stopped: 0.0919337 seconds, Stopping threads took: 0.0847963 seconds
[2019-12-09T03:06:03.979+0000][1][gc           ] GC(18) Concurrent Mark
[2019-12-09T03:06:04.193+0000][1][safepoint    ] Application time: 0.2137143 seconds
[2019-12-09T03:06:04.193+0000][1][safepoint    ] Entering safepoint region: CollectForMetadataAllocation
[2019-12-09T03:06:04.193+0000][1][safepoint    ] Leaving safepoint region
[2019-12-09T03:06:04.193+0000][1][safepoint    ] Total time for which application threads were stopped: 0.0002435 seconds, Stopping threads took: 0.0000136 seconds
[2019-12-09T03:06:04.509+0000][1][safepoint    ] Application time: 0.3156982 seconds
[2019-12-09T03:06:04.509+0000][1][safepoint    ] Entering safepoint region: CollectForMetadataAllocation
[2019-12-09T03:06:04.509+0000][1][safepoint    ] Leaving safepoint region
[2019-12-09T03:06:04.509+0000][1][safepoint    ] Total time for which application threads were stopped: 0.0002278 seconds, Stopping threads took: 0.0000147 seconds
[2019-12-09T03:06:04.859+0000][1][safepoint    ] Application time: 0.3497483 seconds
[2019-12-09T03:06:04.859+0000][1][safepoint    ] Entering safepoint region: CollectForMetadataAllocation
[2019-12-09T03:06:04.859+0000][1][safepoint    ] Leaving safepoint region
[2019-12-09T03:06:04.859+0000][1][safepoint    ] Total time for which application threads were stopped: 0.0002520 seconds, Stopping threads took: 0.0000172 seconds
[2019-12-09T03:06:04.992+0000][1][safepoint    ] Application time: 0.1326850 seconds
[2019-12-09T03:06:04.992+0000][1][safepoint    ] Entering safepoint region: CollectForMetadataAllocation
[2019-12-09T03:06:04.992+0000][1][safepoint    ] Leaving safepoint region
[2019-12-09T03:06:04.992+0000][1][safepoint    ] Total time for which application threads were stopped: 0.0002143 seconds, Stopping threads took: 0.0000128 seconds
[2019-12-09T03:06:04.999+0000][1][gc           ] GC(18) Concurrent Mark 1019.915ms
[2019-12-09T03:06:04.999+0000][1][gc,cpu       ] GC(18) User=0.27s Sys=0.00s Real=1.02s
[2019-12-09T03:06:04.999+0000][1][gc           ] GC(18) Concurrent Preclean
[2019-12-09T03:06:05.018+0000][1][gc           ] GC(18) Concurrent Preclean 19.123ms
[2019-12-09T03:06:05.018+0000][1][gc,cpu       ] GC(18) User=0.00s Sys=0.00s Real=0.02s
[2019-12-09T03:06:05.018+0000][1][gc           ] GC(18) Concurrent Abortable Preclean
[2019-12-09T03:06:05.285+0000][1][safepoint    ] Application time: 0.2927629 seconds
[2019-12-09T03:06:05.285+0000][1][safepoint    ] Entering safepoint region: CollectForMetadataAllocation
[2019-12-09T03:06:05.285+0000][1][safepoint    ] Leaving safepoint region
[2019-12-09T03:06:05.285+0000][1][safepoint    ] Total time for which application threads were stopped: 0.0001483 seconds, Stopping threads took: 0.0000127 seconds
[2019-12-09T03:06:05.673+0000][1][safepoint    ] Application time: 0.3878394 seconds
[2019-12-09T03:06:05.673+0000][1][safepoint    ] Entering safepoint region: CollectForMetadataAllocation
[2019-12-09T03:06:05.673+0000][1][safepoint    ] Leaving safepoint region
[2019-12-09T03:06:05.673+0000][1][safepoint    ] Total time for which application threads were stopped: 0.0002278 seconds, Stopping threads took: 0.0000131 seconds
[2019-12-09T03:06:05.692+0000][1][safepoint    ] Application time: 0.0187097 seconds
[2019-12-09T03:06:05.692+0000][1][safepoint    ] Entering safepoint region: CollectForMetadataAllocation
[2019-12-09T03:06:05.692+0000][1][safepoint    ] Leaving safepoint region
[2019-12-09T03:06:05.692+0000][1][safepoint    ] Total time for which application threads were stopped: 0.0000954 seconds, Stopping threads took: 0.0000497 seconds
[2019-12-09T03:06:05.703+0000][1][safepoint    ] Application time: 0.0109936 seconds
[2019-12-09T03:06:05.703+0000][1][safepoint    ] Entering safepoint region: RevokeBias
[2019-12-09T03:06:05.703+0000][1][safepoint    ] Leaving safepoint region
[2019-12-09T03:06:05.703+0000][1][safepoint    ] Total time for which application threads were stopped: 0.0001165 seconds, Stopping threads took: 0.0000121 seconds
[2019-12-09T03:06:05.989+0000][1][safepoint    ] Application time: 0.2864411 seconds
[2019-12-09T03:06:05.990+0000][1][safepoint    ] Entering safepoint region: CollectForMetadataAllocation
[2019-12-09T03:06:05.990+0000][1][safepoint    ] Leaving safepoint region
[2019-12-09T03:06:05.990+0000][1][safepoint    ] Total time for which application threads were stopped: 0.0002668 seconds, Stopping threads took: 0.0000139 seconds
[2019-12-09T03:06:06.219+0000][1][safepoint    ] Application time: 0.2296945 seconds
[2019-12-09T03:06:06.220+0000][1][safepoint    ] Entering safepoint region: CollectForMetadataAllocation
[2019-12-09T03:06:06.220+0000][1][safepoint    ] Leaving safepoint region
[2019-12-09T03:06:06.220+0000][1][safepoint    ] Total time for which application threads were stopped: 0.0002692 seconds, Stopping threads took: 0.0000147 seconds
[2019-12-09T03:06:06.621+0000][1][safepoint    ] Application time: 0.4009359 seconds
[2019-12-09T03:06:06.621+0000][1][safepoint    ] Entering safepoint region: CollectForMetadataAllocation
[2019-12-09T03:06:06.621+0000][1][safepoint    ] Leaving safepoint region
[2019-12-09T03:06:06.621+0000][1][safepoint    ] Total time for which application threads were stopped: 0.0002348 seconds, Stopping threads took: 0.0000148 seconds
[2019-12-09T03:06:06.873+0000][1][safepoint    ] Application time: 0.2517249 seconds
[2019-12-09T03:06:06.873+0000][1][safepoint    ] Entering safepoint region: CollectForMetadataAllocation
[2019-12-09T03:06:06.873+0000][1][safepoint    ] Leaving safepoint region
[2019-12-09T03:06:06.873+0000][1][safepoint    ] Total time for which application threads were stopped: 0.0001898 seconds, Stopping threads took: 0.0000574 seconds
[2019-12-09T03:06:07.125+0000][1][safepoint    ] Application time: 0.2517901 seconds
[2019-12-09T03:06:07.125+0000][1][safepoint    ] Entering safepoint region: CollectForMetadataAllocation
[2019-12-09T03:06:07.125+0000][1][safepoint    ] Leaving safepoint region
[2019-12-09T03:06:07.125+0000][1][safepoint    ] Total time for which application threads were stopped: 0.0002147 seconds, Stopping threads took: 0.0000131 seconds
[2019-12-09T03:06:07.453+0000][1][safepoint    ] Application time: 0.3277503 seconds
[2019-12-09T03:06:07.453+0000][1][safepoint    ] Entering safepoint region: CollectForMetadataAllocation
[2019-12-09T03:06:07.453+0000][1][safepoint    ] Leaving safepoint region
[2019-12-09T03:06:07.453+0000][1][safepoint    ] Total time for which application threads were stopped: 0.0002103 seconds, Stopping threads took: 0.0000133 seconds
[2019-12-09T03:06:07.586+0000][1][safepoint    ] Application time: 0.1327324 seconds
[2019-12-09T03:06:07.586+0000][1][safepoint    ] Entering safepoint region: CollectForMetadataAllocation
[2019-12-09T03:06:07.586+0000][1][safepoint    ] Leaving safepoint region
[2019-12-09T03:06:07.586+0000][1][safepoint    ] Total time for which application threads were stopped: 0.0002419 seconds, Stopping threads took: 0.0000132 seconds
[2019-12-09T03:06:07.779+0000][1][safepoint    ] Application time: 0.1926994 seconds
[2019-12-09T03:06:07.779+0000][1][safepoint    ] Entering safepoint region: CollectForMetadataAllocation
[2019-12-09T03:06:07.779+0000][1][safepoint    ] Leaving safepoint region
[2019-12-09T03:06:07.779+0000][1][safepoint    ] Total time for which application threads were stopped: 0.0002311 seconds, Stopping threads took: 0.0000179 seconds
[2019-12-09T03:06:08.033+0000][1][safepoint    ] Application time: 0.2537305 seconds
[2019-12-09T03:06:08.033+0000][1][safepoint    ] Entering safepoint region: CollectForMetadataAllocation
[2019-12-09T03:06:08.033+0000][1][safepoint    ] Leaving safepoint region
[2019-12-09T03:06:08.033+0000][1][safepoint    ] Total time for which application threads were stopped: 0.0002329 seconds, Stopping threads took: 0.0000142 seconds
[2019-12-09T03:06:08.115+0000][1][safepoint    ] Application time: 0.0824019 seconds
[2019-12-09T03:06:08.115+0000][1][safepoint    ] Entering safepoint region: CollectForMetadataAllocation
[2019-12-09T03:06:08.116+0000][1][safepoint    ] Leaving safepoint region
[2019-12-09T03:06:08.116+0000][1][safepoint    ] Total time for which application threads were stopped: 0.0002576 seconds, Stopping threads took: 0.0000126 seconds
[2019-12-09T03:06:08.256+0000][1][safepoint    ] Application time: 0.1398916 seconds
[2019-12-09T03:06:08.256+0000][1][safepoint    ] Entering safepoint region: CollectForMetadataAllocation
[2019-12-09T03:06:08.256+0000][1][safepoint    ] Leaving safepoint region
[2019-12-09T03:06:08.256+0000][1][safepoint    ] Total time for which application threads were stopped: 0.0001782 seconds, Stopping threads took: 0.0000125 seconds
[2019-12-09T03:06:08.608+0000][1][safepoint    ] Application time: 0.3519063 seconds
[2019-12-09T03:06:08.608+0000][1][safepoint    ] Entering safepoint region: CollectForMetadataAllocation
[2019-12-09T03:06:08.608+0000][1][safepoint    ] Leaving safepoint region
[2019-12-09T03:06:08.608+0000][1][safepoint    ] Total time for which application threads were stopped: 0.0002596 seconds, Stopping threads took: 0.0000298 seconds
[2019-12-09T03:06:09.024+0000][1][safepoint    ] Application time: 0.4157470 seconds
[2019-12-09T03:06:09.024+0000][1][safepoint    ] Entering safepoint region: CollectForMetadataAllocation
[2019-12-09T03:06:09.024+0000][1][safepoint    ] Leaving safepoint region
[2019-12-09T03:06:09.024+0000][1][safepoint    ] Total time for which application threads were stopped: 0.0002059 seconds, Stopping threads took: 0.0000157 seconds
[2019-12-09T03:06:09.303+0000][1][safepoint    ] Application time: 0.2786346 seconds
[2019-12-09T03:06:09.303+0000][1][safepoint    ] Entering safepoint region: CollectForMetadataAllocation
[2019-12-09T03:06:09.303+0000][1][safepoint    ] Leaving safepoint region
[2019-12-09T03:06:09.303+0000][1][safepoint    ] Total time for which application threads were stopped: 0.0002344 seconds, Stopping threads took: 0.0000144 seconds
[2019-12-09T03:06:09.792+0000][1][safepoint    ] Application time: 0.4887566 seconds
[2019-12-09T03:06:09.792+0000][1][safepoint    ] Entering safepoint region: CollectForMetadataAllocation
[2019-12-09T03:06:09.792+0000][1][safepoint    ] Leaving safepoint region
[2019-12-09T03:06:09.792+0000][1][safepoint    ] Total time for which application threads were stopped: 0.0002091 seconds, Stopping threads took: 0.0000149 seconds
[2019-12-09T03:06:09.966+0000][1][safepoint    ] Application time: 0.1736995 seconds
[2019-12-09T03:06:09.966+0000][1][safepoint    ] Entering safepoint region: CollectForMetadataAllocation
[2019-12-09T03:06:09.966+0000][1][safepoint    ] Leaving safepoint region
[2019-12-09T03:06:09.966+0000][1][safepoint    ] Total time for which application threads were stopped: 0.0002148 seconds, Stopping threads took: 0.0000143 seconds
[2019-12-09T03:06:10.306+0000][1][safepoint    ] Application time: 0.3396435 seconds
[2019-12-09T03:06:10.306+0000][1][safepoint    ] Entering safepoint region: CollectForMetadataAllocation
[2019-12-09T03:06:10.306+0000][1][safepoint    ] Leaving safepoint region
[2019-12-09T03:06:10.306+0000][1][safepoint    ] Total time for which application threads were stopped: 0.0002671 seconds, Stopping threads took: 0.0000144 seconds
[2019-12-09T03:06:10.373+0000][1][gc           ] GC(18) Concurrent Abortable Preclean 5354.656ms
[2019-12-09T03:06:10.373+0000][1][gc,cpu       ] GC(18) User=1.50s Sys=0.03s Real=5.35s
[2019-12-09T03:06:10.400+0000][1][safepoint    ] Application time: 0.0937916 seconds
[2019-12-09T03:06:10.494+0000][1][safepoint    ] Entering safepoint region: CMS_Final_Remark
[2019-12-09T03:06:10.494+0000][1][gc,start     ] GC(18) Pause Remark
[2019-12-09T03:06:10.613+0000][1][gc           ] GC(18) Pause Remark 90M->90M(247M) 119.629ms
[2019-12-09T03:06:10.614+0000][1][gc,cpu       ] GC(18) User=0.03s Sys=0.00s Real=0.12s
[2019-12-09T03:06:10.614+0000][1][safepoint    ] Leaving safepoint region
[2019-12-09T03:06:10.614+0000][1][safepoint    ] Total time for which application threads were stopped: 0.2138392 seconds, Stopping threads took: 0.0940244 seconds
[2019-12-09T03:06:10.614+0000][1][gc           ] GC(18) Concurrent Sweep
[2019-12-09T03:06:10.891+0000][1][safepoint    ] Application time: 0.2771297 seconds
[2019-12-09T03:06:10.891+0000][1][safepoint    ] Entering safepoint region: CollectForMetadataAllocation
[2019-12-09T03:06:10.892+0000][1][safepoint    ] Leaving safepoint region
[2019-12-09T03:06:10.892+0000][1][safepoint    ] Total time for which application threads were stopped: 0.0011538 seconds, Stopping threads took: 0.0000162 seconds
[2019-12-09T03:06:11.008+0000][1][gc           ] GC(18) Concurrent Sweep 393.779ms
[2019-12-09T03:06:11.008+0000][1][gc,cpu       ] GC(18) User=0.11s Sys=0.00s Real=0.40s
[2019-12-09T03:06:11.008+0000][1][gc           ] GC(18) Concurrent Reset
[2019-12-09T03:06:11.008+0000][1][gc           ] GC(18) Concurrent Reset 0.333ms
[2019-12-09T03:06:11.008+0000][1][gc,cpu       ] GC(18) User=0.00s Sys=0.00s Real=0.00s
[2019-12-09T03:06:11.008+0000][1][gc,heap      ] GC(18) Old: 54828K->54561K(174784K)
[2019-12-09T03:06:11.898+0000][1][safepoint    ] Application time: 1.0057865 seconds
[2019-12-09T03:06:11.933+0000][1][safepoint    ] Entering safepoint region: Cleanup
[2019-12-09T03:06:11.933+0000][1][safepoint    ] Leaving safepoint region
[2019-12-09T03:06:11.933+0000][1][safepoint    ] Total time for which application threads were stopped: 0.0351251 seconds, Stopping threads took: 0.0350686 seconds
[2019-12-09T03:06:14.860+0000][1][safepoint    ] Application time: 2.9269401 seconds
[2019-12-09T03:06:14.915+0000][1][safepoint    ] Entering safepoint region: RevokeBias
[2019-12-09T03:06:14.915+0000][1][safepoint    ] Leaving safepoint region
[2019-12-09T03:06:14.915+0000][1][safepoint    ] Total time for which application threads were stopped: 0.0550667 seconds, Stopping threads took: 0.0549635 seconds
[2019-12-09T03:06:14.915+0000][1][safepoint    ] Application time: 0.0001073 seconds
[2019-12-09T03:06:14.915+0000][1][safepoint    ] Entering safepoint region: RevokeBias
[2019-12-09T03:06:14.915+0000][1][safepoint    ] Leaving safepoint region
[2019-12-09T03:06:14.915+0000][1][safepoint    ] Total time for which application threads were stopped: 0.0000716 seconds, Stopping threads took: 0.0000092 seconds
[2019-12-09T03:06:14.915+0000][1][safepoint    ] Application time: 0.0001990 seconds
[2019-12-09T03:06:14.915+0000][1][safepoint    ] Entering safepoint region: RevokeBias
[2019-12-09T03:06:14.915+0000][1][safepoint    ] Leaving safepoint region
[2019-12-09T03:06:14.915+0000][1][safepoint    ] Total time for which application threads were stopped: 0.0000764 seconds, Stopping threads took: 0.0000086 seconds
[2019-12-09T03:06:15.638+0000][1][safepoint    ] Application time: 0.7223377 seconds
[2019-12-09T03:06:15.713+0000][1][safepoint    ] Entering safepoint region: RevokeBias
[2019-12-09T03:06:15.713+0000][1][safepoint    ] Leaving safepoint region
[2019-12-09T03:06:15.713+0000][1][safepoint    ] Total time for which application threads were stopped: 0.0753083 seconds, Stopping threads took: 0.0752042 seconds
[2019-12-09T03:06:15.713+0000][1][safepoint    ] Application time: 0.0001040 seconds
[2019-12-09T03:06:15.713+0000][1][safepoint    ] Entering safepoint region: RevokeBias
[2019-12-09T03:06:15.713+0000][1][safepoint    ] Leaving safepoint region
[2019-12-09T03:06:15.713+0000][1][safepoint    ] Total time for which application threads were stopped: 0.0000758 seconds, Stopping threads took: 0.0000155 seconds
[2019-12-09T03:06:15.714+0000][1][safepoint    ] Application time: 0.0004523 seconds
[2019-12-09T03:06:15.714+0000][1][safepoint    ] Entering safepoint region: RevokeBias
[2019-12-09T03:06:15.714+0000][1][safepoint    ] Leaving safepoint region
[2019-12-09T03:06:15.714+0000][1][safepoint    ] Total time for which application threads were stopped: 0.0000852 seconds, Stopping threads took: 0.0000115 seconds
[2019-12-09T03:06:15.714+0000][1][safepoint    ] Application time: 0.0002319 seconds
[2019-12-09T03:06:15.714+0000][1][safepoint    ] Entering safepoint region: RevokeBias
[2019-12-09T03:06:15.714+0000][1][safepoint    ] Leaving safepoint region
[2019-12-09T03:06:15.714+0000][1][safepoint    ] Total time for which application threads were stopped: 0.0000657 seconds, Stopping threads took: 0.0000078 seconds
[2019-12-09T03:06:15.714+0000][1][safepoint    ] Application time: 0.0000878 seconds
[2019-12-09T03:06:15.714+0000][1][safepoint    ] Entering safepoint region: RevokeBias
[2019-12-09T03:06:15.714+0000][1][safepoint    ] Leaving safepoint region
[2019-12-09T03:06:15.714+0000][1][safepoint    ] Total time for which application threads were stopped: 0.0000708 seconds, Stopping threads took: 0.0000091 seconds
[2019-12-09T03:06:15.714+0000][1][safepoint    ] Application time: 0.0000546 seconds
[2019-12-09T03:06:15.714+0000][1][safepoint    ] Entering safepoint region: RevokeBias
[2019-12-09T03:06:15.715+0000][1][safepoint    ] Leaving safepoint region
[2019-12-09T03:06:15.715+0000][1][safepoint    ] Total time for which application threads were stopped: 0.0000619 seconds, Stopping threads took: 0.0000074 seconds
[2019-12-09T03:06:15.715+0000][1][safepoint    ] Application time: 0.0001043 seconds
[2019-12-09T03:06:15.715+0000][1][safepoint    ] Entering safepoint region: RevokeBias
[2019-12-09T03:06:15.715+0000][1][safepoint    ] Leaving safepoint region
[2019-12-09T03:06:15.715+0000][1][safepoint    ] Total time for which application threads were stopped: 0.0000914 seconds, Stopping threads took: 0.0000087 seconds
[2019-12-09T03:06:15.715+0000][1][safepoint    ] Application time: 0.0000651 seconds
[2019-12-09T03:06:15.715+0000][1][safepoint    ] Entering safepoint region: RevokeBias
[2019-12-09T03:06:15.715+0000][1][safepoint    ] Leaving safepoint region
[2019-12-09T03:06:15.715+0000][1][safepoint    ] Total time for which application threads were stopped: 0.0000680 seconds, Stopping threads took: 0.0000088 seconds
[2019-12-09T03:06:15.715+0000][1][safepoint    ] Application time: 0.0004687 seconds
[2019-12-09T03:06:15.715+0000][1][safepoint    ] Entering safepoint region: RevokeBias
[2019-12-09T03:06:15.715+0000][1][safepoint    ] Leaving safepoint region
[2019-12-09T03:06:15.715+0000][1][safepoint    ] Total time for which application threads were stopped: 0.0000733 seconds, Stopping threads took: 0.0000107 seconds
[2019-12-09T03:06:15.716+0000][1][safepoint    ] Application time: 0.0009445 seconds
[2019-12-09T03:06:15.716+0000][1][safepoint    ] Entering safepoint region: RevokeBias
[2019-12-09T03:06:15.717+0000][1][safepoint    ] Leaving safepoint region
[2019-12-09T03:06:15.717+0000][1][safepoint    ] Total time for which application threads were stopped: 0.0000776 seconds, Stopping threads took: 0.0000108 seconds
[2019-12-09T03:06:15.717+0000][1][safepoint    ] Application time: 0.0000820 seconds
[2019-12-09T03:06:15.717+0000][1][safepoint    ] Entering safepoint region: RevokeBias
[2019-12-09T03:06:15.717+0000][1][safepoint    ] Leaving safepoint region
[2019-12-09T03:06:15.717+0000][1][safepoint    ] Total time for which application threads were stopped: 0.0000881 seconds, Stopping threads took: 0.0000089 seconds
[2019-12-09T03:06:15.717+0000][1][safepoint    ] Application time: 0.0004220 seconds
[2019-12-09T03:06:15.717+0000][1][safepoint    ] Entering safepoint region: RevokeBias
[2019-12-09T03:06:15.717+0000][1][safepoint    ] Leaving safepoint region
[2019-12-09T03:06:15.717+0000][1][safepoint    ] Total time for which application threads were stopped: 0.0000774 seconds, Stopping threads took: 0.0000143 seconds
[2019-12-09T03:06:15.717+0000][1][safepoint    ] Application time: 0.0000730 seconds
[2019-12-09T03:06:15.717+0000][1][safepoint    ] Entering safepoint region: RevokeBias
[2019-12-09T03:06:15.717+0000][1][safepoint    ] Leaving safepoint region
[2019-12-09T03:06:15.717+0000][1][safepoint    ] Total time for which application threads were stopped: 0.0000649 seconds, Stopping threads took: 0.0000084 seconds
[2019-12-09T03:06:16.774+0000][1][safepoint    ] Application time: 1.0563185 seconds
[2019-12-09T03:06:16.790+0000][1][safepoint    ] Entering safepoint region: Cleanup
[2019-12-09T03:06:16.790+0000][1][safepoint    ] Leaving safepoint region
[2019-12-09T03:06:16.790+0000][1][safepoint    ] Total time for which application threads were stopped: 0.0163662 seconds, Stopping threads took: 0.0163118 seconds
[2019-12-09T03:06:17.792+0000][1][safepoint    ] Application time: 1.0015833 seconds
[2019-12-09T03:06:17.794+0000][1][safepoint    ] Entering safepoint region: Cleanup
[2019-12-09T03:06:17.794+0000][1][safepoint    ] Leaving safepoint region
[2019-12-09T03:06:17.794+0000][1][safepoint    ] Total time for which application threads were stopped: 0.0020377 seconds, Stopping threads took: 0.0019695 seconds
[2019-12-09T03:06:18.709+0000][1][safepoint    ] Application time: 0.9149109 seconds
[2019-12-09T03:06:18.709+0000][1][safepoint    ] Entering safepoint region: GenCollectForAllocation
[2019-12-09T03:06:18.709+0000][1][gc,start     ] GC(19) Pause Young (Allocation Failure)
[2019-12-09T03:06:18.709+0000][1][gc,task      ] GC(19) Using 2 workers of 2 for evacuation
[2019-12-09T03:06:18.973+0000][1][gc,age       ] GC(19) Desired survivor size 4456448 bytes, new threshold 2 (max threshold 6)
[2019-12-09T03:06:18.973+0000][1][gc,age       ] GC(19) Age table with threshold 2 (max threshold 6)
[2019-12-09T03:06:18.973+0000][1][gc,age       ] GC(19) - age   1:    2796528 bytes,    2796528 total
[2019-12-09T03:06:18.973+0000][1][gc,age       ] GC(19) - age   2:    1875072 bytes,    4671600 total
[2019-12-09T03:06:18.973+0000][1][gc,age       ] GC(19) - age   3:    1238392 bytes,    5909992 total
[2019-12-09T03:06:18.973+0000][1][gc,heap      ] GC(19) ParNew: 74740K->7249K(78656K)
[2019-12-09T03:06:18.973+0000][1][gc,heap      ] GC(19) CMS: 54561K->54561K(174784K)
[2019-12-09T03:06:18.973+0000][1][gc,metaspace ] GC(19) Metaspace: 42945K->42945K(1089536K)
[2019-12-09T03:06:18.973+0000][1][gc           ] GC(19) Pause Young (Allocation Failure) 126M->60M(247M) 264.482ms
[2019-12-09T03:06:18.973+0000][1][gc,cpu       ] GC(19) User=0.04s Sys=0.00s Real=0.26s
[2019-12-09T03:06:18.973+0000][1][safepoint    ] Leaving safepoint region
[2019-12-09T03:06:18.973+0000][1][safepoint    ] Total time for which application threads were stopped: 0.2646295 seconds, Stopping threads took: 0.0000128 seconds
[2019-12-09T03:06:19.072+0000][1][safepoint    ] Application time: 0.0983342 seconds
[2019-12-09T03:06:19.072+0000][1][safepoint    ] Entering safepoint region: RevokeBias
[2019-12-09T03:06:19.072+0000][1][safepoint    ] Leaving safepoint region
[2019-12-09T03:06:19.072+0000][1][safepoint    ] Total time for which application threads were stopped: 0.0000771 seconds, Stopping threads took: 0.0000152 seconds
[2019-12-09T03:06:19.091+0000][1][safepoint    ] Application time: 0.0189065 seconds
[2019-12-09T03:06:19.091+0000][1][safepoint    ] Entering safepoint region: RevokeBias
[2019-12-09T03:06:19.091+0000][1][safepoint    ] Leaving safepoint region
[2019-12-09T03:06:19.091+0000][1][safepoint    ] Total time for which application threads were stopped: 0.0000546 seconds, Stopping threads took: 0.0000154 seconds
[2019-12-09T03:06:19.091+0000][1][safepoint    ] Application time: 0.0000755 seconds
[2019-12-09T03:06:19.091+0000][1][safepoint    ] Entering safepoint region: RevokeBias
[2019-12-09T03:06:19.091+0000][1][safepoint    ] Leaving safepoint region
[2019-12-09T03:06:19.091+0000][1][safepoint    ] Total time for which application threads were stopped: 0.0000504 seconds, Stopping threads took: 0.0000165 seconds
[2019-12-09T03:06:19.091+0000][1][safepoint    ] Application time: 0.0000585 seconds
[2019-12-09T03:06:19.091+0000][1][safepoint    ] Entering safepoint region: RevokeBias
[2019-12-09T03:06:19.091+0000][1][safepoint    ] Leaving safepoint region
[2019-12-09T03:06:19.091+0000][1][safepoint    ] Total time for which application threads were stopped: 0.0000349 seconds, Stopping threads took: 0.0000091 seconds
[2019-12-09T03:06:20.092+0000][1][safepoint    ] Application time: 1.0006110 seconds
[2019-12-09T03:06:20.092+0000][1][safepoint    ] Entering safepoint region: Cleanup
[2019-12-09T03:06:20.092+0000][1][safepoint    ] Leaving safepoint region
[2019-12-09T03:06:20.092+0000][1][safepoint    ] Total time for which application threads were stopped: 0.0001364 seconds, Stopping threads took: 0.0000718 seconds
[2019-12-09T03:06:20.418+0000][1][safepoint    ] Application time: 0.3259616 seconds
[2019-12-09T03:06:20.418+0000][1][safepoint    ] Entering safepoint region: RevokeBias
[2019-12-09T03:06:20.418+0000][1][safepoint    ] Leaving safepoint region
[2019-12-09T03:06:20.418+0000][1][safepoint    ] Total time for which application threads were stopped: 0.0001142 seconds, Stopping threads took: 0.0000127 seconds
[2019-12-09T03:06:20.424+0000][1][safepoint    ] Application time: 0.0060487 seconds
[2019-12-09T03:06:20.424+0000][1][safepoint    ] Entering safepoint region: RevokeBias
[2019-12-09T03:06:20.424+0000][1][safepoint    ] Leaving safepoint region
[2019-12-09T03:06:20.424+0000][1][safepoint    ] Total time for which application threads were stopped: 0.0000685 seconds, Stopping threads took: 0.0000100 seconds
[2019-12-09T03:06:21.289+0000][1][safepoint    ] Application time: 0.8648651 seconds
[2019-12-09T03:06:21.289+0000][1][safepoint    ] Entering safepoint region: RevokeBias
[2019-12-09T03:06:21.289+0000][1][safepoint    ] Leaving safepoint region
[2019-12-09T03:06:21.289+0000][1][safepoint    ] Total time for which application threads were stopped: 0.0004459 seconds, Stopping threads took: 0.0000139 seconds
[2019-12-09T03:06:21.889+0000][1][safepoint    ] Application time: 0.5992234 seconds
[2019-12-09T03:06:21.889+0000][1][safepoint    ] Entering safepoint region: RevokeBias
[2019-12-09T03:06:21.889+0000][1][safepoint    ] Leaving safepoint region
[2019-12-09T03:06:21.889+0000][1][safepoint    ] Total time for which application threads were stopped: 0.0001056 seconds, Stopping threads took: 0.0000133 seconds
[2019-12-09T03:06:21.889+0000][1][safepoint    ] Application time: 0.0000901 seconds
[2019-12-09T03:06:21.889+0000][1][safepoint    ] Entering safepoint region: BulkRevokeBias
[2019-12-09T03:06:21.889+0000][1][safepoint    ] Leaving safepoint region
[2019-12-09T03:06:21.889+0000][1][safepoint    ] Total time for which application threads were stopped: 0.0000979 seconds, Stopping threads took: 0.0000082 seconds
[2019-12-09T03:06:21.889+0000][1][safepoint    ] Application time: 0.0000525 seconds
[2019-12-09T03:06:21.889+0000][1][safepoint    ] Entering safepoint region: RevokeBias
[2019-12-09T03:06:21.889+0000][1][safepoint    ] Leaving safepoint region
[2019-12-09T03:06:21.889+0000][1][safepoint    ] Total time for which application threads were stopped: 0.0000509 seconds, Stopping threads took: 0.0000073 seconds
[2019-12-09T03:06:21.889+0000][1][safepoint    ] Application time: 0.0000998 seconds
[2019-12-09T03:06:21.889+0000][1][safepoint    ] Entering safepoint region: RevokeBias
[2019-12-09T03:06:21.889+0000][1][safepoint    ] Leaving safepoint region
[2019-12-09T03:06:21.889+0000][1][safepoint    ] Total time for which application threads were stopped: 0.0000522 seconds, Stopping threads took: 0.0000079 seconds
[2019-12-09T03:06:21.890+0000][1][safepoint    ] Application time: 0.0001429 seconds
[2019-12-09T03:06:21.890+0000][1][safepoint    ] Entering safepoint region: RevokeBias
[2019-12-09T03:06:21.890+0000][1][safepoint    ] Leaving safepoint region
[2019-12-09T03:06:21.890+0000][1][safepoint    ] Total time for which application threads were stopped: 0.0000576 seconds, Stopping threads took: 0.0000143 seconds
[2019-12-09T03:06:21.890+0000][1][safepoint    ] Application time: 0.0000597 seconds
[2019-12-09T03:06:21.890+0000][1][safepoint    ] Entering safepoint region: RevokeBias
[2019-12-09T03:06:21.890+0000][1][safepoint    ] Leaving safepoint region
[2019-12-09T03:06:21.890+0000][1][safepoint    ] Total time for which application threads were stopped: 0.0000649 seconds, Stopping threads took: 0.0000073 seconds
[2019-12-09T03:06:21.890+0000][1][safepoint    ] Application time: 0.0001800 seconds
[2019-12-09T03:06:21.890+0000][1][safepoint    ] Entering safepoint region: RevokeBias
[2019-12-09T03:06:21.890+0000][1][safepoint    ] Leaving safepoint region
[2019-12-09T03:06:21.890+0000][1][safepoint    ] Total time for which application threads were stopped: 0.0000783 seconds, Stopping threads took: 0.0000093 seconds
[2019-12-09T03:06:21.890+0000][1][safepoint    ] Application time: 0.0000521 seconds
[2019-12-09T03:06:21.890+0000][1][safepoint    ] Entering safepoint region: RevokeBias
[2019-12-09T03:06:21.890+0000][1][safepoint    ] Leaving safepoint region
[2019-12-09T03:06:21.890+0000][1][safepoint    ] Total time for which application threads were stopped: 0.0000538 seconds, Stopping threads took: 0.0000075 seconds
[2019-12-09T03:06:21.890+0000][1][safepoint    ] Application time: 0.0000516 seconds
[2019-12-09T03:06:21.890+0000][1][safepoint    ] Entering safepoint region: RevokeBias
[2019-12-09T03:06:21.890+0000][1][safepoint    ] Leaving safepoint region
[2019-12-09T03:06:21.890+0000][1][safepoint    ] Total time for which application threads were stopped: 0.0000515 seconds, Stopping threads took: 0.0000073 seconds
[2019-12-09T03:06:21.890+0000][1][safepoint    ] Application time: 0.0000494 seconds
[2019-12-09T03:06:21.890+0000][1][safepoint    ] Entering safepoint region: RevokeBias
[2019-12-09T03:06:21.890+0000][1][safepoint    ] Leaving safepoint region
[2019-12-09T03:06:21.890+0000][1][safepoint    ] Total time for which application threads were stopped: 0.0000505 seconds, Stopping threads took: 0.0000074 seconds
[2019-12-09T03:06:21.890+0000][1][safepoint    ] Application time: 0.0000493 seconds
[2019-12-09T03:06:21.890+0000][1][safepoint    ] Entering safepoint region: RevokeBias
[2019-12-09T03:06:21.890+0000][1][safepoint    ] Leaving safepoint region
[2019-12-09T03:06:21.890+0000][1][safepoint    ] Total time for which application threads were stopped: 0.0000515 seconds, Stopping threads took: 0.0000074 seconds
[2019-12-09T03:06:21.891+0000][1][safepoint    ] Application time: 0.0000495 seconds
[2019-12-09T03:06:21.891+0000][1][safepoint    ] Entering safepoint region: RevokeBias
[2019-12-09T03:06:21.891+0000][1][safepoint    ] Leaving safepoint region
[2019-12-09T03:06:21.891+0000][1][safepoint    ] Total time for which application threads were stopped: 0.0000494 seconds, Stopping threads took: 0.0000074 seconds
[2019-12-09T03:06:21.891+0000][1][safepoint    ] Application time: 0.0000498 seconds
[2019-12-09T03:06:21.891+0000][1][safepoint    ] Entering safepoint region: RevokeBias
[2019-12-09T03:06:21.891+0000][1][safepoint    ] Leaving safepoint region
[2019-12-09T03:06:21.891+0000][1][safepoint    ] Total time for which application threads were stopped: 0.0000793 seconds, Stopping threads took: 0.0000070 seconds
[2019-12-09T03:06:21.891+0000][1][safepoint    ] Application time: 0.0000563 seconds
[2019-12-09T03:06:21.891+0000][1][safepoint    ] Entering safepoint region: RevokeBias
[2019-12-09T03:06:21.891+0000][1][safepoint    ] Leaving safepoint region
[2019-12-09T03:06:21.891+0000][1][safepoint    ] Total time for which application threads were stopped: 0.0000640 seconds, Stopping threads took: 0.0000084 seconds
[2019-12-09T03:06:21.891+0000][1][safepoint    ] Application time: 0.0000529 seconds
[2019-12-09T03:06:21.891+0000][1][safepoint    ] Entering safepoint region: RevokeBias
[2019-12-09T03:06:21.891+0000][1][safepoint    ] Leaving safepoint region
[2019-12-09T03:06:21.891+0000][1][safepoint    ] Total time for which application threads were stopped: 0.0000588 seconds, Stopping threads took: 0.0000133 seconds
[2019-12-09T03:06:21.891+0000][1][safepoint    ] Application time: 0.0000515 seconds
[2019-12-09T03:06:21.891+0000][1][safepoint    ] Entering safepoint region: RevokeBias
[2019-12-09T03:06:21.891+0000][1][safepoint    ] Leaving safepoint region
[2019-12-09T03:06:21.891+0000][1][safepoint    ] Total time for which application threads were stopped: 0.0000569 seconds, Stopping threads took: 0.0000080 seconds
[2019-12-09T03:06:21.891+0000][1][safepoint    ] Application time: 0.0000515 seconds
[2019-12-09T03:06:21.891+0000][1][safepoint    ] Entering safepoint region: RevokeBias
[2019-12-09T03:06:21.891+0000][1][safepoint    ] Leaving safepoint region
[2019-12-09T03:06:21.891+0000][1][safepoint    ] Total time for which application threads were stopped: 0.0000540 seconds, Stopping threads took: 0.0000080 seconds
[2019-12-09T03:06:21.891+0000][1][safepoint    ] Application time: 0.0000513 seconds
[2019-12-09T03:06:21.891+0000][1][safepoint    ] Entering safepoint region: RevokeBias
[2019-12-09T03:06:21.891+0000][1][safepoint    ] Leaving safepoint region
[2019-12-09T03:06:21.891+0000][1][safepoint    ] Total time for which application threads were stopped: 0.0000531 seconds, Stopping threads took: 0.0000080 seconds
[2019-12-09T03:06:21.891+0000][1][safepoint    ] Application time: 0.0000509 seconds
[2019-12-09T03:06:21.891+0000][1][safepoint    ] Entering safepoint region: RevokeBias
[2019-12-09T03:06:21.891+0000][1][safepoint    ] Leaving safepoint region
[2019-12-09T03:06:21.891+0000][1][safepoint    ] Total time for which application threads were stopped: 0.0000533 seconds, Stopping threads took: 0.0000075 seconds
[2019-12-09T03:06:21.892+0000][1][safepoint    ] Application time: 0.0000495 seconds
[2019-12-09T03:06:21.892+0000][1][safepoint    ] Entering safepoint region: RevokeBias
[2019-12-09T03:06:21.892+0000][1][safepoint    ] Leaving safepoint region
[2019-12-09T03:06:21.892+0000][1][safepoint    ] Total time for which application threads were stopped: 0.0000507 seconds, Stopping threads took: 0.0000075 seconds
[2019-12-09T03:06:21.892+0000][1][safepoint    ] Application time: 0.0000499 seconds
[2019-12-09T03:06:21.892+0000][1][safepoint    ] Entering safepoint region: RevokeBias
[2019-12-09T03:06:21.892+0000][1][safepoint    ] Leaving safepoint region
[2019-12-09T03:06:21.892+0000][1][safepoint    ] Total time for which application threads were stopped: 0.0000692 seconds, Stopping threads took: 0.0000074 seconds
[2019-12-09T03:06:21.892+0000][1][safepoint    ] Application time: 0.0000519 seconds
[2019-12-09T03:06:21.892+0000][1][safepoint    ] Entering safepoint region: RevokeBias
[2019-12-09T03:06:21.892+0000][1][safepoint    ] Leaving safepoint region
[2019-12-09T03:06:21.892+0000][1][safepoint    ] Total time for which application threads were stopped: 0.0000534 seconds, Stopping threads took: 0.0000074 seconds
[2019-12-09T03:06:21.892+0000][1][safepoint    ] Application time: 0.0000508 seconds
[2019-12-09T03:06:21.892+0000][1][safepoint    ] Entering safepoint region: RevokeBias
[2019-12-09T03:06:21.892+0000][1][safepoint    ] Leaving safepoint region
[2019-12-09T03:06:21.892+0000][1][safepoint    ] Total time for which application threads were stopped: 0.0000520 seconds, Stopping threads took: 0.0000074 seconds
[2019-12-09T03:06:21.892+0000][1][safepoint    ] Application time: 0.0000508 seconds
[2019-12-09T03:06:21.892+0000][1][safepoint    ] Entering safepoint region: BulkRevokeBias
[2019-12-09T03:06:21.892+0000][1][safepoint    ] Leaving safepoint region
[2019-12-09T03:06:21.892+0000][1][safepoint    ] Total time for which application threads were stopped: 0.0001174 seconds, Stopping threads took: 0.0000074 seconds
[2019-12-09T03:06:21.892+0000][1][safepoint    ] Application time: 0.0001721 seconds
[2019-12-09T03:06:21.892+0000][1][safepoint    ] Entering safepoint region: RevokeBias
[2019-12-09T03:06:21.892+0000][1][safepoint    ] Leaving safepoint region
[2019-12-09T03:06:21.892+0000][1][safepoint    ] Total time for which application threads were stopped: 0.0000821 seconds, Stopping threads took: 0.0000134 seconds
[2019-12-09T03:06:21.893+0000][1][safepoint    ] Application time: 0.0001261 seconds
[2019-12-09T03:06:21.893+0000][1][safepoint    ] Entering safepoint region: RevokeBias
[2019-12-09T03:06:21.893+0000][1][safepoint    ] Leaving safepoint region
[2019-12-09T03:06:21.893+0000][1][safepoint    ] Total time for which application threads were stopped: 0.0000621 seconds, Stopping threads took: 0.0000086 seconds
[2019-12-09T03:06:21.893+0000][1][safepoint    ] Application time: 0.0000860 seconds
[2019-12-09T03:06:21.893+0000][1][safepoint    ] Entering safepoint region: RevokeBias
[2019-12-09T03:06:21.893+0000][1][safepoint    ] Leaving safepoint region
[2019-12-09T03:06:21.893+0000][1][safepoint    ] Total time for which application threads were stopped: 0.0000752 seconds, Stopping threads took: 0.0000082 seconds
[2019-12-09T03:06:21.893+0000][1][safepoint    ] Application time: 0.0000765 seconds
[2019-12-09T03:06:21.893+0000][1][safepoint    ] Entering safepoint region: RevokeBias
[2019-12-09T03:06:21.893+0000][1][safepoint    ] Leaving safepoint region
[2019-12-09T03:06:21.893+0000][1][safepoint    ] Total time for which application threads were stopped: 0.0000624 seconds, Stopping threads took: 0.0000086 seconds
[2019-12-09T03:06:21.893+0000][1][safepoint    ] Application time: 0.0000627 seconds
[2019-12-09T03:06:21.893+0000][1][safepoint    ] Entering safepoint region: RevokeBias
[2019-12-09T03:06:21.893+0000][1][safepoint    ] Leaving safepoint region
[2019-12-09T03:06:21.893+0000][1][safepoint    ] Total time for which application threads were stopped: 0.0000674 seconds, Stopping threads took: 0.0000085 seconds
[2019-12-09T03:06:21.893+0000][1][safepoint    ] Application time: 0.0001779 seconds
[2019-12-09T03:06:21.893+0000][1][safepoint    ] Entering safepoint region: RevokeBias
[2019-12-09T03:06:21.893+0000][1][safepoint    ] Leaving safepoint region
[2019-12-09T03:06:21.893+0000][1][safepoint    ] Total time for which application threads were stopped: 0.0000705 seconds, Stopping threads took: 0.0000100 seconds
[2019-12-09T03:06:21.894+0000][1][safepoint    ] Application time: 0.0002836 seconds
[2019-12-09T03:06:21.894+0000][1][safepoint    ] Entering safepoint region: RevokeBias
[2019-12-09T03:06:21.894+0000][1][safepoint    ] Leaving safepoint region
[2019-12-09T03:06:21.894+0000][1][safepoint    ] Total time for which application threads were stopped: 0.0000767 seconds, Stopping threads took: 0.0000109 seconds
[2019-12-09T03:06:21.894+0000][1][safepoint    ] Application time: 0.0001883 seconds
[2019-12-09T03:06:21.894+0000][1][safepoint    ] Entering safepoint region: RevokeBias
[2019-12-09T03:06:21.894+0000][1][safepoint    ] Leaving safepoint region
[2019-12-09T03:06:21.894+0000][1][safepoint    ] Total time for which application threads were stopped: 0.0000719 seconds, Stopping threads took: 0.0000101 seconds
[2019-12-09T03:06:21.894+0000][1][safepoint    ] Application time: 0.0001773 seconds
[2019-12-09T03:06:21.894+0000][1][safepoint    ] Entering safepoint region: RevokeBias
[2019-12-09T03:06:21.894+0000][1][safepoint    ] Leaving safepoint region
[2019-12-09T03:06:21.894+0000][1][safepoint    ] Total time for which application threads were stopped: 0.0000630 seconds, Stopping threads took: 0.0000086 seconds
[2019-12-09T03:06:21.894+0000][1][safepoint    ] Application time: 0.0000776 seconds
[2019-12-09T03:06:21.894+0000][1][safepoint    ] Entering safepoint region: RevokeBias
[2019-12-09T03:06:21.894+0000][1][safepoint    ] Leaving safepoint region
[2019-12-09T03:06:21.894+0000][1][safepoint    ] Total time for which application threads were stopped: 0.0000637 seconds, Stopping threads took: 0.0000089 seconds
[2019-12-09T03:06:21.895+0000][1][safepoint    ] Application time: 0.0000563 seconds
[2019-12-09T03:06:21.895+0000][1][safepoint    ] Entering safepoint region: RevokeBias
[2019-12-09T03:06:21.895+0000][1][safepoint    ] Leaving safepoint region
[2019-12-09T03:06:21.895+0000][1][safepoint    ] Total time for which application threads were stopped: 0.0000646 seconds, Stopping threads took: 0.0000130 seconds
[2019-12-09T03:06:21.895+0000][1][safepoint    ] Application time: 0.0000711 seconds
[2019-12-09T03:06:21.895+0000][1][safepoint    ] Entering safepoint region: RevokeBias
[2019-12-09T03:06:21.895+0000][1][safepoint    ] Leaving safepoint region
[2019-12-09T03:06:21.895+0000][1][safepoint    ] Total time for which application threads were stopped: 0.0000625 seconds, Stopping threads took: 0.0000087 seconds
[2019-12-09T03:06:21.895+0000][1][safepoint    ] Application time: 0.0003384 seconds
[2019-12-09T03:06:21.895+0000][1][safepoint    ] Entering safepoint region: RevokeBias
[2019-12-09T03:06:21.895+0000][1][safepoint    ] Leaving safepoint region
[2019-12-09T03:06:21.895+0000][1][safepoint    ] Total time for which application threads were stopped: 0.0000720 seconds, Stopping threads took: 0.0000104 seconds
[2019-12-09T03:06:21.895+0000][1][safepoint    ] Application time: 0.0001311 seconds
[2019-12-09T03:06:21.895+0000][1][safepoint    ] Entering safepoint region: RevokeBias
[2019-12-09T03:06:21.895+0000][1][safepoint    ] Leaving safepoint region
[2019-12-09T03:06:21.895+0000][1][safepoint    ] Total time for which application threads were stopped: 0.0000625 seconds, Stopping threads took: 0.0000086 seconds
[2019-12-09T03:06:21.896+0000][1][safepoint    ] Application time: 0.0001703 seconds
[2019-12-09T03:06:21.896+0000][1][safepoint    ] Entering safepoint region: RevokeBias
[2019-12-09T03:06:21.896+0000][1][safepoint    ] Leaving safepoint region
[2019-12-09T03:06:21.896+0000][1][safepoint    ] Total time for which application threads were stopped: 0.0000896 seconds, Stopping threads took: 0.0000087 seconds
[2019-12-09T03:06:21.896+0000][1][safepoint    ] Application time: 0.0003091 seconds
[2019-12-09T03:06:21.896+0000][1][safepoint    ] Entering safepoint region: RevokeBias
[2019-12-09T03:06:21.896+0000][1][safepoint    ] Leaving safepoint region
[2019-12-09T03:06:21.896+0000][1][safepoint    ] Total time for which application threads were stopped: 0.0000697 seconds, Stopping threads took: 0.0000092 seconds
[2019-12-09T03:06:21.897+0000][1][safepoint    ] Application time: 0.0004401 seconds
[2019-12-09T03:06:21.897+0000][1][safepoint    ] Entering safepoint region: RevokeBias
[2019-12-09T03:06:21.897+0000][1][safepoint    ] Leaving safepoint region
[2019-12-09T03:06:21.897+0000][1][safepoint    ] Total time for which application threads were stopped: 0.0000708 seconds, Stopping threads took: 0.0000101 seconds
[2019-12-09T03:06:21.897+0000][1][safepoint    ] Application time: 0.0001503 seconds
[2019-12-09T03:06:21.897+0000][1][safepoint    ] Entering safepoint region: RevokeBias
[2019-12-09T03:06:21.897+0000][1][safepoint    ] Leaving safepoint region
[2019-12-09T03:06:21.897+0000][1][safepoint    ] Total time for which application threads were stopped: 0.0000705 seconds, Stopping threads took: 0.0000092 seconds
[2019-12-09T03:06:21.897+0000][1][safepoint    ] Application time: 0.0002125 seconds
[2019-12-09T03:06:21.897+0000][1][safepoint    ] Entering safepoint region: RevokeBias
[2019-12-09T03:06:21.897+0000][1][safepoint    ] Leaving safepoint region
[2019-12-09T03:06:21.897+0000][1][safepoint    ] Total time for which application threads were stopped: 0.0000667 seconds, Stopping threads took: 0.0000087 seconds
[2019-12-09T03:06:21.898+0000][1][safepoint    ] Application time: 0.0010314 seconds
[2019-12-09T03:06:21.898+0000][1][safepoint    ] Entering safepoint region: RevokeBias
[2019-12-09T03:06:21.898+0000][1][safepoint    ] Leaving safepoint region
[2019-12-09T03:06:21.898+0000][1][safepoint    ] Total time for which application threads were stopped: 0.0000720 seconds, Stopping threads took: 0.0000257 seconds
[2019-12-09T03:06:21.898+0000][1][safepoint    ] Application time: 0.0000539 seconds
[2019-12-09T03:06:21.898+0000][1][safepoint    ] Entering safepoint region: RevokeBias
[2019-12-09T03:06:21.898+0000][1][safepoint    ] Leaving safepoint region
[2019-12-09T03:06:21.898+0000][1][safepoint    ] Total time for which application threads were stopped: 0.0000417 seconds, Stopping threads took: 0.0000131 seconds
[2019-12-09T03:06:21.898+0000][1][safepoint    ] Application time: 0.0000378 seconds
[2019-12-09T03:06:21.898+0000][1][safepoint    ] Entering safepoint region: RevokeBias
[2019-12-09T03:06:21.899+0000][1][safepoint    ] Leaving safepoint region
[2019-12-09T03:06:21.899+0000][1][safepoint    ] Total time for which application threads were stopped: 0.0000330 seconds, Stopping threads took: 0.0000077 seconds
[2019-12-09T03:06:21.899+0000][1][safepoint    ] Application time: 0.0000341 seconds
[2019-12-09T03:06:21.899+0000][1][safepoint    ] Entering safepoint region: RevokeBias
[2019-12-09T03:06:21.899+0000][1][safepoint    ] Leaving safepoint region
[2019-12-09T03:06:21.899+0000][1][safepoint    ] Total time for which application threads were stopped: 0.0000316 seconds, Stopping threads took: 0.0000072 seconds
[2019-12-09T03:06:21.899+0000][1][safepoint    ] Application time: 0.0000340 seconds
[2019-12-09T03:06:21.899+0000][1][safepoint    ] Entering safepoint region: RevokeBias
[2019-12-09T03:06:21.899+0000][1][safepoint    ] Leaving safepoint region
[2019-12-09T03:06:21.899+0000][1][safepoint    ] Total time for which application threads were stopped: 0.0000497 seconds, Stopping threads took: 0.0000071 seconds
[2019-12-09T03:06:21.899+0000][1][safepoint    ] Application time: 0.0000382 seconds
[2019-12-09T03:06:21.899+0000][1][safepoint    ] Entering safepoint region: RevokeBias
[2019-12-09T03:06:21.899+0000][1][safepoint    ] Leaving safepoint region
[2019-12-09T03:06:21.899+0000][1][safepoint    ] Total time for which application threads were stopped: 0.0000334 seconds, Stopping threads took: 0.0000076 seconds
[2019-12-09T03:06:21.899+0000][1][safepoint    ] Application time: 0.0000335 seconds
[2019-12-09T03:06:21.899+0000][1][safepoint    ] Entering safepoint region: RevokeBias
[2019-12-09T03:06:21.899+0000][1][safepoint    ] Leaving safepoint region
[2019-12-09T03:06:21.899+0000][1][safepoint    ] Total time for which application threads were stopped: 0.0000318 seconds, Stopping threads took: 0.0000075 seconds
[2019-12-09T03:06:21.899+0000][1][safepoint    ] Application time: 0.0000339 seconds
[2019-12-09T03:06:21.899+0000][1][safepoint    ] Entering safepoint region: RevokeBias
[2019-12-09T03:06:21.899+0000][1][safepoint    ] Leaving safepoint region
[2019-12-09T03:06:21.899+0000][1][safepoint    ] Total time for which application threads were stopped: 0.0000311 seconds, Stopping threads took: 0.0000072 seconds
[2019-12-09T03:06:21.899+0000][1][safepoint    ] Application time: 0.0000334 seconds
[2019-12-09T03:06:21.899+0000][1][safepoint    ] Entering safepoint region: RevokeBias
[2019-12-09T03:06:21.899+0000][1][safepoint    ] Leaving safepoint region
[2019-12-09T03:06:21.899+0000][1][safepoint    ] Total time for which application threads were stopped: 0.0000313 seconds, Stopping threads took: 0.0000070 seconds
[2019-12-09T03:06:21.899+0000][1][safepoint    ] Application time: 0.0000351 seconds
[2019-12-09T03:06:21.899+0000][1][safepoint    ] Entering safepoint region: RevokeBias
[2019-12-09T03:06:21.899+0000][1][safepoint    ] Leaving safepoint region
[2019-12-09T03:06:21.899+0000][1][safepoint    ] Total time for which application threads were stopped: 0.0000318 seconds, Stopping threads took: 0.0000075 seconds
[2019-12-09T03:06:21.899+0000][1][safepoint    ] Application time: 0.0000351 seconds
[2019-12-09T03:06:21.899+0000][1][safepoint    ] Entering safepoint region: RevokeBias
[2019-12-09T03:06:21.899+0000][1][safepoint    ] Leaving safepoint region
[2019-12-09T03:06:21.899+0000][1][safepoint    ] Total time for which application threads were stopped: 0.0000316 seconds, Stopping threads took: 0.0000074 seconds
[2019-12-09T03:06:21.899+0000][1][safepoint    ] Application time: 0.0000335 seconds
[2019-12-09T03:06:21.899+0000][1][safepoint    ] Entering safepoint region: RevokeBias
[2019-12-09T03:06:21.899+0000][1][safepoint    ] Leaving safepoint region
[2019-12-09T03:06:21.899+0000][1][safepoint    ] Total time for which application threads were stopped: 0.0000348 seconds, Stopping threads took: 0.0000103 seconds
[2019-12-09T03:06:21.899+0000][1][safepoint    ] Application time: 0.0000342 seconds
[2019-12-09T03:06:21.899+0000][1][safepoint    ] Entering safepoint region: RevokeBias
[2019-12-09T03:06:21.899+0000][1][safepoint    ] Leaving safepoint region
[2019-12-09T03:06:21.899+0000][1][safepoint    ] Total time for which application threads were stopped: 0.0000323 seconds, Stopping threads took: 0.0000072 seconds
[2019-12-09T03:06:21.899+0000][1][safepoint    ] Application time: 0.0000350 seconds
[2019-12-09T03:06:21.899+0000][1][safepoint    ] Entering safepoint region: RevokeBias
[2019-12-09T03:06:21.899+0000][1][safepoint    ] Leaving safepoint region
[2019-12-09T03:06:21.899+0000][1][safepoint    ] Total time for which application threads were stopped: 0.0000317 seconds, Stopping threads took: 0.0000073 seconds
[2019-12-09T03:06:21.899+0000][1][safepoint    ] Application time: 0.0000331 seconds
[2019-12-09T03:06:21.899+0000][1][safepoint    ] Entering safepoint region: RevokeBias
[2019-12-09T03:06:21.900+0000][1][safepoint    ] Leaving safepoint region
[2019-12-09T03:06:21.900+0000][1][safepoint    ] Total time for which application threads were stopped: 0.0000320 seconds, Stopping threads took: 0.0000071 seconds
[2019-12-09T03:06:21.900+0000][1][safepoint    ] Application time: 0.0000336 seconds
[2019-12-09T03:06:21.900+0000][1][safepoint    ] Entering safepoint region: RevokeBias
[2019-12-09T03:06:21.900+0000][1][safepoint    ] Leaving safepoint region
[2019-12-09T03:06:21.900+0000][1][safepoint    ] Total time for which application threads were stopped: 0.0000321 seconds, Stopping threads took: 0.0000077 seconds
[2019-12-09T03:06:21.900+0000][1][safepoint    ] Application time: 0.0000334 seconds
[2019-12-09T03:06:21.900+0000][1][safepoint    ] Entering safepoint region: RevokeBias
[2019-12-09T03:06:21.900+0000][1][safepoint    ] Leaving safepoint region
[2019-12-09T03:06:21.900+0000][1][safepoint    ] Total time for which application threads were stopped: 0.0000415 seconds, Stopping threads took: 0.0000070 seconds
[2019-12-09T03:06:21.900+0000][1][safepoint    ] Application time: 0.0000349 seconds
[2019-12-09T03:06:21.900+0000][1][safepoint    ] Entering safepoint region: RevokeBias
[2019-12-09T03:06:21.900+0000][1][safepoint    ] Leaving safepoint region
[2019-12-09T03:06:21.900+0000][1][safepoint    ] Total time for which application threads were stopped: 0.0000325 seconds, Stopping threads took: 0.0000072 seconds
[2019-12-09T03:06:21.900+0000][1][safepoint    ] Application time: 0.0000335 seconds
[2019-12-09T03:06:21.900+0000][1][safepoint    ] Entering safepoint region: RevokeBias
[2019-12-09T03:06:21.900+0000][1][safepoint    ] Leaving safepoint region
[2019-12-09T03:06:21.900+0000][1][safepoint    ] Total time for which application threads were stopped: 0.0000329 seconds, Stopping threads took: 0.0000076 seconds
[2019-12-09T03:06:21.900+0000][1][safepoint    ] Application time: 0.0000344 seconds
[2019-12-09T03:06:21.900+0000][1][safepoint    ] Entering safepoint region: BulkRevokeBias
[2019-12-09T03:06:21.900+0000][1][safepoint    ] Leaving safepoint region
[2019-12-09T03:06:21.900+0000][1][safepoint    ] Total time for which application threads were stopped: 0.0000911 seconds, Stopping threads took: 0.0000076 seconds
[2019-12-09T03:06:21.921+0000][1][safepoint    ] Application time: 0.0209625 seconds
[2019-12-09T03:06:21.921+0000][1][safepoint    ] Entering safepoint region: RevokeBias
[2019-12-09T03:06:21.921+0000][1][safepoint    ] Leaving safepoint region
[2019-12-09T03:06:21.921+0000][1][safepoint    ] Total time for which application threads were stopped: 0.0000559 seconds, Stopping threads took: 0.0000108 seconds
[2019-12-09T03:06:21.922+0000][1][safepoint    ] Application time: 0.0012992 seconds
[2019-12-09T03:06:21.922+0000][1][safepoint    ] Entering safepoint region: RevokeBias
[2019-12-09T03:06:21.922+0000][1][safepoint    ] Leaving safepoint region
[2019-12-09T03:06:21.922+0000][1][safepoint    ] Total time for which application threads were stopped: 0.0000642 seconds, Stopping threads took: 0.0000163 seconds
[2019-12-09T03:06:21.950+0000][1][safepoint    ] Application time: 0.0272057 seconds
[2019-12-09T03:06:21.950+0000][1][safepoint    ] Entering safepoint region: RevokeBias
[2019-12-09T03:06:21.950+0000][1][safepoint    ] Leaving safepoint region
[2019-12-09T03:06:21.950+0000][1][safepoint    ] Total time for which application threads were stopped: 0.0000760 seconds, Stopping threads took: 0.0000294 seconds
[2019-12-09T03:06:21.961+0000][1][safepoint    ] Application time: 0.0116803 seconds
[2019-12-09T03:06:21.961+0000][1][safepoint    ] Entering safepoint region: RevokeBias
[2019-12-09T03:06:21.962+0000][1][safepoint    ] Leaving safepoint region
[2019-12-09T03:06:21.962+0000][1][safepoint    ] Total time for which application threads were stopped: 0.0000640 seconds, Stopping threads took: 0.0000110 seconds
[2019-12-09T03:06:21.973+0000][1][safepoint    ] Application time: 0.0111997 seconds
[2019-12-09T03:06:21.973+0000][1][safepoint    ] Entering safepoint region: RevokeBias
[2019-12-09T03:06:21.973+0000][1][safepoint    ] Leaving safepoint region
[2019-12-09T03:06:21.973+0000][1][safepoint    ] Total time for which application threads were stopped: 0.0000823 seconds, Stopping threads took: 0.0000114 seconds
[2019-12-09T03:06:21.974+0000][1][safepoint    ] Application time: 0.0010445 seconds
[2019-12-09T03:06:21.974+0000][1][safepoint    ] Entering safepoint region: RevokeBias
[2019-12-09T03:06:21.974+0000][1][safepoint    ] Leaving safepoint region
[2019-12-09T03:06:21.974+0000][1][safepoint    ] Total time for which application threads were stopped: 0.0000900 seconds, Stopping threads took: 0.0000106 seconds
[2019-12-09T03:06:21.994+0000][1][safepoint    ] Application time: 0.0198052 seconds
[2019-12-09T03:06:21.994+0000][1][safepoint    ] Entering safepoint region: RevokeBias
[2019-12-09T03:06:21.994+0000][1][safepoint    ] Leaving safepoint region
[2019-12-09T03:06:21.994+0000][1][safepoint    ] Total time for which application threads were stopped: 0.0001054 seconds, Stopping threads took: 0.0000137 seconds
[2019-12-09T03:06:21.995+0000][1][safepoint    ] Application time: 0.0010865 seconds
[2019-12-09T03:06:21.995+0000][1][safepoint    ] Entering safepoint region: RevokeBias
[2019-12-09T03:06:21.995+0000][1][safepoint    ] Leaving safepoint region
[2019-12-09T03:06:21.995+0000][1][safepoint    ] Total time for which application threads were stopped: 0.0000808 seconds, Stopping threads took: 0.0000112 seconds
[2019-12-09T03:06:22.001+0000][1][safepoint    ] Application time: 0.0063139 seconds
[2019-12-09T03:06:22.014+0000][1][safepoint    ] Entering safepoint region: RevokeBias
[2019-12-09T03:06:22.014+0000][1][safepoint    ] Leaving safepoint region
[2019-12-09T03:06:22.014+0000][1][safepoint    ] Total time for which application threads were stopped: 0.0128046 seconds, Stopping threads took: 0.0126979 seconds
[2019-12-09T03:06:22.015+0000][1][safepoint    ] Application time: 0.0002680 seconds
[2019-12-09T03:06:22.015+0000][1][safepoint    ] Entering safepoint region: RevokeBias
[2019-12-09T03:06:22.015+0000][1][safepoint    ] Leaving safepoint region
[2019-12-09T03:06:22.015+0000][1][safepoint    ] Total time for which application threads were stopped: 0.0001131 seconds, Stopping threads took: 0.0000103 seconds
[2019-12-09T03:06:22.203+0000][1][safepoint    ] Application time: 0.1885455 seconds
[2019-12-09T03:06:22.203+0000][1][safepoint    ] Entering safepoint region: RevokeBias
[2019-12-09T03:06:22.203+0000][1][safepoint    ] Leaving safepoint region
[2019-12-09T03:06:22.203+0000][1][safepoint    ] Total time for which application threads were stopped: 0.0000830 seconds, Stopping threads took: 0.0000131 seconds
[2019-12-09T03:06:22.251+0000][1][safepoint    ] Application time: 0.0473449 seconds
[2019-12-09T03:06:22.251+0000][1][safepoint    ] Entering safepoint region: RevokeBias
[2019-12-09T03:06:22.251+0000][1][safepoint    ] Leaving safepoint region
[2019-12-09T03:06:22.251+0000][1][safepoint    ] Total time for which application threads were stopped: 0.0001941 seconds, Stopping threads took: 0.0001106 seconds
[2019-12-09T03:06:22.278+0000][1][safepoint    ] Application time: 0.0267351 seconds
[2019-12-09T03:06:22.278+0000][1][safepoint    ] Entering safepoint region: RevokeBias
[2019-12-09T03:06:22.278+0000][1][safepoint    ] Leaving safepoint region
[2019-12-09T03:06:22.278+0000][1][safepoint    ] Total time for which application threads were stopped: 0.0001165 seconds, Stopping threads took: 0.0000741 seconds
[2019-12-09T03:06:22.314+0000][1][safepoint    ] Application time: 0.0356960 seconds
[2019-12-09T03:06:22.336+0000][1][safepoint    ] Entering safepoint region: GenCollectForAllocation
[2019-12-09T03:06:22.336+0000][1][gc,start     ] GC(20) Pause Young (Allocation Failure)
[2019-12-09T03:06:22.336+0000][1][gc,task      ] GC(20) Using 2 workers of 2 for evacuation
[2019-12-09T03:06:22.610+0000][1][gc,age       ] GC(20) Desired survivor size 4456448 bytes, new threshold 2 (max threshold 6)
[2019-12-09T03:06:22.610+0000][1][gc,age       ] GC(20) Age table with threshold 2 (max threshold 6)
[2019-12-09T03:06:22.610+0000][1][gc,age       ] GC(20) - age   1:    2824640 bytes,    2824640 total
[2019-12-09T03:06:22.610+0000][1][gc,age       ] GC(20) - age   2:    2487576 bytes,    5312216 total
[2019-12-09T03:06:22.610+0000][1][gc,heap      ] GC(20) ParNew: 77201K->7580K(78656K)
[2019-12-09T03:06:22.610+0000][1][gc,heap      ] GC(20) CMS: 54561K->57689K(174784K)
[2019-12-09T03:06:22.610+0000][1][gc,metaspace ] GC(20) Metaspace: 48241K->48241K(1093632K)
[2019-12-09T03:06:22.610+0000][1][gc           ] GC(20) Pause Young (Allocation Failure) 128M->63M(247M) 274.153ms
[2019-12-09T03:06:22.610+0000][1][gc,cpu       ] GC(20) User=0.04s Sys=0.00s Real=0.27s
[2019-12-09T03:06:22.610+0000][1][safepoint    ] Leaving safepoint region
[2019-12-09T03:06:22.610+0000][1][safepoint    ] Total time for which application threads were stopped: 0.2964914 seconds, Stopping threads took: 0.0222165 seconds
[2019-12-09T03:06:23.309+0000][1][safepoint    ] Application time: 0.6988524 seconds
[2019-12-09T03:06:23.309+0000][1][safepoint    ] Entering safepoint region: RevokeBias
[2019-12-09T03:06:23.310+0000][1][safepoint    ] Leaving safepoint region
[2019-12-09T03:06:23.310+0000][1][safepoint    ] Total time for which application threads were stopped: 0.0006504 seconds, Stopping threads took: 0.0002056 seconds
[2019-12-09T03:06:23.310+0000][1][safepoint    ] Application time: 0.0000896 seconds
[2019-12-09T03:06:23.310+0000][1][safepoint    ] Entering safepoint region: RevokeBias
[2019-12-09T03:06:23.310+0000][1][safepoint    ] Leaving safepoint region
[2019-12-09T03:06:23.310+0000][1][safepoint    ] Total time for which application threads were stopped: 0.0000425 seconds, Stopping threads took: 0.0000095 seconds
[2019-12-09T03:06:23.410+0000][1][safepoint    ] Application time: 0.0999668 seconds
[2019-12-09T03:06:23.410+0000][1][safepoint    ] Entering safepoint region: RevokeBias
[2019-12-09T03:06:23.410+0000][1][safepoint    ] Leaving safepoint region
[2019-12-09T03:06:23.410+0000][1][safepoint    ] Total time for which application threads were stopped: 0.0000674 seconds, Stopping threads took: 0.0000141 seconds
[2019-12-09T03:06:23.869+0000][1][safepoint    ] Application time: 0.4596170 seconds
[2019-12-09T03:06:23.870+0000][1][safepoint    ] Entering safepoint region: RevokeBias
[2019-12-09T03:06:23.870+0000][1][safepoint    ] Leaving safepoint region
[2019-12-09T03:06:23.870+0000][1][safepoint    ] Total time for which application threads were stopped: 0.0000681 seconds, Stopping threads took: 0.0000141 seconds
[2019-12-09T03:06:23.871+0000][1][safepoint    ] Application time: 0.0010157 seconds
[2019-12-09T03:06:23.871+0000][1][safepoint    ] Entering safepoint region: RevokeBias
[2019-12-09T03:06:23.871+0000][1][safepoint    ] Leaving safepoint region
[2019-12-09T03:06:23.871+0000][1][safepoint    ] Total time for which application threads were stopped: 0.0000719 seconds, Stopping threads took: 0.0000123 seconds
[2019-12-09T03:06:23.887+0000][1][safepoint    ] Application time: 0.0164183 seconds
[2019-12-09T03:06:23.887+0000][1][safepoint    ] Entering safepoint region: RevokeBias
[2019-12-09T03:06:23.887+0000][1][safepoint    ] Leaving safepoint region
[2019-12-09T03:06:23.887+0000][1][safepoint    ] Total time for which application threads were stopped: 0.0000586 seconds, Stopping threads took: 0.0000129 seconds
[2019-12-09T03:06:23.932+0000][1][safepoint    ] Application time: 0.0443398 seconds
[2019-12-09T03:06:23.932+0000][1][safepoint    ] Entering safepoint region: RevokeBias
[2019-12-09T03:06:23.932+0000][1][safepoint    ] Leaving safepoint region
[2019-12-09T03:06:23.932+0000][1][safepoint    ] Total time for which application threads were stopped: 0.0000767 seconds, Stopping threads took: 0.0000149 seconds
[2019-12-09T03:06:23.990+0000][1][safepoint    ] Application time: 0.0580596 seconds
[2019-12-09T03:06:23.990+0000][1][safepoint    ] Entering safepoint region: RevokeBias
[2019-12-09T03:06:23.990+0000][1][safepoint    ] Leaving safepoint region
[2019-12-09T03:06:23.990+0000][1][safepoint    ] Total time for which application threads were stopped: 0.0000690 seconds, Stopping threads took: 0.0000160 seconds
[2019-12-09T03:06:24.018+0000][1][safepoint    ] Application time: 0.0278270 seconds
[2019-12-09T03:06:24.018+0000][1][safepoint    ] Entering safepoint region: RevokeBias
[2019-12-09T03:06:24.018+0000][1][safepoint    ] Leaving safepoint region
[2019-12-09T03:06:24.018+0000][1][safepoint    ] Total time for which application threads were stopped: 0.0000678 seconds, Stopping threads took: 0.0000162 seconds
[2019-12-09T03:06:24.054+0000][1][safepoint    ] Application time: 0.0359079 seconds
[2019-12-09T03:06:24.054+0000][1][safepoint    ] Entering safepoint region: RevokeBias
[2019-12-09T03:06:24.054+0000][1][safepoint    ] Leaving safepoint region
[2019-12-09T03:06:24.054+0000][1][safepoint    ] Total time for which application threads were stopped: 0.0000718 seconds, Stopping threads took: 0.0000171 seconds
[2019-12-09T03:06:24.119+0000][1][safepoint    ] Application time: 0.0655530 seconds
[2019-12-09T03:06:24.119+0000][1][safepoint    ] Entering safepoint region: RevokeBias
[2019-12-09T03:06:24.119+0000][1][safepoint    ] Leaving safepoint region
[2019-12-09T03:06:24.119+0000][1][safepoint    ] Total time for which application threads were stopped: 0.0000669 seconds, Stopping threads took: 0.0000150 seconds
[2019-12-09T03:06:24.352+0000][1][safepoint    ] Application time: 0.2324796 seconds
[2019-12-09T03:06:24.352+0000][1][safepoint    ] Entering safepoint region: RevokeBias
[2019-12-09T03:06:24.352+0000][1][safepoint    ] Leaving safepoint region
[2019-12-09T03:06:24.352+0000][1][safepoint    ] Total time for which application threads were stopped: 0.0003261 seconds, Stopping threads took: 0.0002547 seconds
[2019-12-09T03:06:25.368+0000][1][safepoint    ] Application time: 1.0153560 seconds
[2019-12-09T03:06:25.368+0000][1][safepoint    ] Entering safepoint region: Cleanup
[2019-12-09T03:06:25.368+0000][1][safepoint    ] Leaving safepoint region
[2019-12-09T03:06:25.368+0000][1][safepoint    ] Total time for which application threads were stopped: 0.0006119 seconds, Stopping threads took: 0.0001418 seconds
[2019-12-09T03:06:25.435+0000][1][safepoint    ] Application time: 0.0663775 seconds
[2019-12-09T03:06:25.435+0000][1][safepoint    ] Entering safepoint region: RevokeBias
[2019-12-09T03:06:25.435+0000][1][safepoint    ] Leaving safepoint region
[2019-12-09T03:06:25.435+0000][1][safepoint    ] Total time for which application threads were stopped: 0.0001070 seconds, Stopping threads took: 0.0000524 seconds
[2019-12-09T03:06:25.724+0000][1][safepoint    ] Application time: 0.2888518 seconds
[2019-12-09T03:06:25.724+0000][1][safepoint    ] Entering safepoint region: RevokeBias
[2019-12-09T03:06:25.724+0000][1][safepoint    ] Leaving safepoint region
[2019-12-09T03:06:25.724+0000][1][safepoint    ] Total time for which application threads were stopped: 0.0000760 seconds, Stopping threads took: 0.0000144 seconds
[2019-12-09T03:06:25.726+0000][1][safepoint    ] Application time: 0.0018342 seconds
[2019-12-09T03:06:25.726+0000][1][safepoint    ] Entering safepoint region: RevokeBias
[2019-12-09T03:06:25.726+0000][1][safepoint    ] Leaving safepoint region
[2019-12-09T03:06:25.726+0000][1][safepoint    ] Total time for which application threads were stopped: 0.0000575 seconds, Stopping threads took: 0.0000132 seconds
[2019-12-09T03:06:26.474+0000][1][safepoint    ] Application time: 0.7482090 seconds
[2019-12-09T03:06:26.495+0000][1][safepoint    ] Entering safepoint region: RevokeBias
[2019-12-09T03:06:26.495+0000][1][safepoint    ] Leaving safepoint region
[2019-12-09T03:06:26.495+0000][1][safepoint    ] Total time for which application threads were stopped: 0.0208642 seconds, Stopping threads took: 0.0207318 seconds
[2019-12-09T03:06:27.252+0000][1][safepoint    ] Application time: 0.7571523 seconds
[2019-12-09T03:06:27.252+0000][1][safepoint    ] Entering safepoint region: BulkRevokeBias
[2019-12-09T03:06:27.252+0000][1][safepoint    ] Leaving safepoint region
[2019-12-09T03:06:27.252+0000][1][safepoint    ] Total time for which application threads were stopped: 0.0002307 seconds, Stopping threads took: 0.0000144 seconds
[2019-12-09T03:06:27.295+0000][1][safepoint    ] Application time: 0.0421993 seconds
[2019-12-09T03:06:27.295+0000][1][safepoint    ] Entering safepoint region: GenCollectForAllocation
[2019-12-09T03:06:27.295+0000][1][gc,start     ] GC(21) Pause Young (Allocation Failure)
[2019-12-09T03:06:27.295+0000][1][gc,task      ] GC(21) Using 2 workers of 2 for evacuation
[2019-12-09T03:06:27.381+0000][1][gc,age       ] GC(21) Desired survivor size 4456448 bytes, new threshold 2 (max threshold 6)
[2019-12-09T03:06:27.381+0000][1][gc,age       ] GC(21) Age table with threshold 2 (max threshold 6)
[2019-12-09T03:06:27.381+0000][1][gc,age       ] GC(21) - age   1:    1798272 bytes,    1798272 total
[2019-12-09T03:06:27.381+0000][1][gc,age       ] GC(21) - age   2:    2760472 bytes,    4558744 total
[2019-12-09T03:06:27.381+0000][1][gc,heap      ] GC(21) ParNew: 77532K->5154K(78656K)
[2019-12-09T03:06:27.381+0000][1][gc,heap      ] GC(21) CMS: 57689K->60184K(174784K)
[2019-12-09T03:06:27.381+0000][1][gc,metaspace ] GC(21) Metaspace: 56170K->56170K(1099776K)
[2019-12-09T03:06:27.381+0000][1][gc           ] GC(21) Pause Young (Allocation Failure) 132M->63M(247M) 86.108ms
[2019-12-09T03:06:27.381+0000][1][gc,cpu       ] GC(21) User=0.04s Sys=0.00s Real=0.08s
[2019-12-09T03:06:27.381+0000][1][safepoint    ] Leaving safepoint region
[2019-12-09T03:06:27.381+0000][1][safepoint    ] Total time for which application threads were stopped: 0.0863259 seconds, Stopping threads took: 0.0000537 seconds
[2019-12-09T03:06:28.389+0000][1][safepoint    ] Application time: 1.0077968 seconds
[2019-12-09T03:06:28.389+0000][1][safepoint    ] Entering safepoint region: Cleanup
[2019-12-09T03:06:28.390+0000][1][safepoint    ] Leaving safepoint region
[2019-12-09T03:06:28.390+0000][1][safepoint    ] Total time for which application threads were stopped: 0.0013382 seconds, Stopping threads took: 0.0001144 seconds
[2019-12-09T03:06:29.396+0000][1][safepoint    ] Application time: 1.0056194 seconds
[2019-12-09T03:06:29.450+0000][1][safepoint    ] Entering safepoint region: Cleanup
[2019-12-09T03:06:29.450+0000][1][safepoint    ] Leaving safepoint region
[2019-12-09T03:06:29.450+0000][1][safepoint    ] Total time for which application threads were stopped: 0.0541065 seconds, Stopping threads took: 0.0540232 seconds
[2019-12-09T03:06:29.914+0000][1][safepoint    ] Application time: 0.4638517 seconds
[2019-12-09T03:06:29.914+0000][1][safepoint    ] Entering safepoint region: Deoptimize
[2019-12-09T03:06:29.914+0000][1][safepoint    ] Leaving safepoint region
[2019-12-09T03:06:29.914+0000][1][safepoint    ] Total time for which application threads were stopped: 0.0006353 seconds, Stopping threads took: 0.0000302 seconds
[2019-12-09T03:06:30.601+0000][1][safepoint    ] Application time: 0.6863569 seconds
[2019-12-09T03:06:30.603+0000][1][safepoint    ] Entering safepoint region: RevokeBias
[2019-12-09T03:06:30.603+0000][1][safepoint    ] Leaving safepoint region
[2019-12-09T03:06:30.603+0000][1][safepoint    ] Total time for which application threads were stopped: 0.0020286 seconds, Stopping threads took: 0.0019223 seconds
[2019-12-09T03:06:30.603+0000][1][safepoint    ] Application time: 0.0000753 seconds
[2019-12-09T03:06:30.603+0000][1][safepoint    ] Entering safepoint region: RevokeBias
[2019-12-09T03:06:30.603+0000][1][safepoint    ] Leaving safepoint region
[2019-12-09T03:06:30.603+0000][1][safepoint    ] Total time for which application threads were stopped: 0.0000774 seconds, Stopping threads took: 0.0000115 seconds
[2019-12-09T03:06:30.603+0000][1][safepoint    ] Application time: 0.0001771 seconds
[2019-12-09T03:06:30.603+0000][1][safepoint    ] Entering safepoint region: RevokeBias
[2019-12-09T03:06:30.603+0000][1][safepoint    ] Leaving safepoint region
[2019-12-09T03:06:30.603+0000][1][safepoint    ] Total time for which application threads were stopped: 0.0000712 seconds, Stopping threads took: 0.0000104 seconds
[2019-12-09T03:06:31.607+0000][1][safepoint    ] Application time: 1.0034546 seconds
[2019-12-09T03:06:31.685+0000][1][safepoint    ] Entering safepoint region: Cleanup
[2019-12-09T03:06:31.685+0000][1][safepoint    ] Leaving safepoint region
[2019-12-09T03:06:31.685+0000][1][safepoint    ] Total time for which application threads were stopped: 0.0780371 seconds, Stopping threads took: 0.0779598 seconds
[2019-12-09T03:06:32.686+0000][1][safepoint    ] Application time: 1.0008983 seconds
[2019-12-09T03:06:32.687+0000][1][safepoint    ] Entering safepoint region: Cleanup
[2019-12-09T03:06:32.687+0000][1][safepoint    ] Leaving safepoint region
[2019-12-09T03:06:32.687+0000][1][safepoint    ] Total time for which application threads were stopped: 0.0014989 seconds, Stopping threads took: 0.0014314 seconds
[2019-12-09T03:06:33.094+0000][1][safepoint    ] Application time: 0.4064466 seconds
[2019-12-09T03:06:33.094+0000][1][safepoint    ] Entering safepoint region: RevokeBias
[2019-12-09T03:06:33.094+0000][1][safepoint    ] Leaving safepoint region
[2019-12-09T03:06:33.094+0000][1][safepoint    ] Total time for which application threads were stopped: 0.0000943 seconds, Stopping threads took: 0.0000195 seconds
[2019-12-09T03:06:33.945+0000][1][safepoint    ] Application time: 0.8513278 seconds
[2019-12-09T03:06:33.951+0000][1][safepoint    ] Entering safepoint region: RevokeBias
[2019-12-09T03:06:33.951+0000][1][safepoint    ] Leaving safepoint region
[2019-12-09T03:06:33.951+0000][1][safepoint    ] Total time for which application threads were stopped: 0.0056329 seconds, Stopping threads took: 0.0055051 seconds
[2019-12-09T03:06:33.951+0000][1][safepoint    ] Application time: 0.0000858 seconds
[2019-12-09T03:06:33.951+0000][1][safepoint    ] Entering safepoint region: RevokeBias
[2019-12-09T03:06:33.951+0000][1][safepoint    ] Leaving safepoint region
[2019-12-09T03:06:33.951+0000][1][safepoint    ] Total time for which application threads were stopped: 0.0000687 seconds, Stopping threads took: 0.0000093 seconds
[2019-12-09T03:06:33.951+0000][1][safepoint    ] Application time: 0.0000524 seconds
[2019-12-09T03:06:33.951+0000][1][safepoint    ] Entering safepoint region: RevokeBias
[2019-12-09T03:06:33.951+0000][1][safepoint    ] Leaving safepoint region
[2019-12-09T03:06:33.951+0000][1][safepoint    ] Total time for which application threads were stopped: 0.0000592 seconds, Stopping threads took: 0.0000079 seconds
[2019-12-09T03:06:33.951+0000][1][safepoint    ] Application time: 0.0000521 seconds
[2019-12-09T03:06:33.951+0000][1][safepoint    ] Entering safepoint region: RevokeBias
[2019-12-09T03:06:33.951+0000][1][safepoint    ] Leaving safepoint region
[2019-12-09T03:06:33.951+0000][1][safepoint    ] Total time for which application threads were stopped: 0.0000540 seconds, Stopping threads took: 0.0000077 seconds
[2019-12-09T03:06:33.951+0000][1][safepoint    ] Application time: 0.0000512 seconds
[2019-12-09T03:06:33.951+0000][1][safepoint    ] Entering safepoint region: RevokeBias
[2019-12-09T03:06:33.951+0000][1][safepoint    ] Leaving safepoint region
[2019-12-09T03:06:33.951+0000][1][safepoint    ] Total time for which application threads were stopped: 0.0000725 seconds, Stopping threads took: 0.0000075 seconds
[2019-12-09T03:06:33.951+0000][1][safepoint    ] Application time: 0.0000595 seconds
[2019-12-09T03:06:33.951+0000][1][safepoint    ] Entering safepoint region: RevokeBias
[2019-12-09T03:06:33.952+0000][1][safepoint    ] Leaving safepoint region
[2019-12-09T03:06:33.952+0000][1][safepoint    ] Total time for which application threads were stopped: 0.0000645 seconds, Stopping threads took: 0.0000079 seconds
[2019-12-09T03:06:33.952+0000][1][safepoint    ] Application time: 0.0000546 seconds
[2019-12-09T03:06:33.952+0000][1][safepoint    ] Entering safepoint region: RevokeBias
[2019-12-09T03:06:33.952+0000][1][safepoint    ] Leaving safepoint region
[2019-12-09T03:06:33.952+0000][1][safepoint    ] Total time for which application threads were stopped: 0.0000771 seconds, Stopping threads took: 0.0000079 seconds
[2019-12-09T03:06:33.952+0000][1][safepoint    ] Application time: 0.0000556 seconds
[2019-12-09T03:06:33.952+0000][1][safepoint    ] Entering safepoint region: RevokeBias
[2019-12-09T03:06:33.952+0000][1][safepoint    ] Leaving safepoint region
[2019-12-09T03:06:33.952+0000][1][safepoint    ] Total time for which application threads were stopped: 0.0000523 seconds, Stopping threads took: 0.0000066 seconds
[2019-12-09T03:06:34.279+0000][1][safepoint    ] Application time: 0.3268751 seconds
[2019-12-09T03:06:34.279+0000][1][safepoint    ] Entering safepoint region: Deoptimize
[2019-12-09T03:06:34.279+0000][1][safepoint    ] Leaving safepoint region
[2019-12-09T03:06:34.279+0000][1][safepoint    ] Total time for which application threads were stopped: 0.0006315 seconds, Stopping threads took: 0.0000155 seconds
[2019-12-09T03:06:34.339+0000][1][safepoint    ] Application time: 0.0595835 seconds
[2019-12-09T03:06:34.339+0000][1][safepoint    ] Entering safepoint region: BulkRevokeBias
[2019-12-09T03:06:34.339+0000][1][safepoint    ] Leaving safepoint region
[2019-12-09T03:06:34.339+0000][1][safepoint    ] Total time for which application threads were stopped: 0.0001852 seconds, Stopping threads took: 0.0000149 seconds
[2019-12-09T03:06:34.353+0000][1][safepoint    ] Application time: 0.0136742 seconds
[2019-12-09T03:06:34.353+0000][1][safepoint    ] Entering safepoint region: RevokeBias
[2019-12-09T03:06:34.353+0000][1][safepoint    ] Leaving safepoint region
[2019-12-09T03:06:34.353+0000][1][safepoint    ] Total time for which application threads were stopped: 0.0000768 seconds, Stopping threads took: 0.0000152 seconds
[2019-12-09T03:06:34.362+0000][1][safepoint    ] Application time: 0.0091460 seconds
[2019-12-09T03:06:34.362+0000][1][safepoint    ] Entering safepoint region: RevokeBias
[2019-12-09T03:06:34.362+0000][1][safepoint    ] Leaving safepoint region
[2019-12-09T03:06:34.362+0000][1][safepoint    ] Total time for which application threads were stopped: 0.0000790 seconds, Stopping threads took: 0.0000141 seconds
[2019-12-09T03:06:34.370+0000][1][safepoint    ] Application time: 0.0075275 seconds
[2019-12-09T03:06:34.370+0000][1][safepoint    ] Entering safepoint region: RevokeBias
[2019-12-09T03:06:34.370+0000][1][safepoint    ] Leaving safepoint region
[2019-12-09T03:06:34.370+0000][1][safepoint    ] Total time for which application threads were stopped: 0.0000830 seconds, Stopping threads took: 0.0000138 seconds
[2019-12-09T03:06:34.382+0000][1][safepoint    ] Application time: 0.0121709 seconds
[2019-12-09T03:06:34.382+0000][1][safepoint    ] Entering safepoint region: RevokeBias
[2019-12-09T03:06:34.382+0000][1][safepoint    ] Leaving safepoint region
[2019-12-09T03:06:34.382+0000][1][safepoint    ] Total time for which application threads were stopped: 0.0000650 seconds, Stopping threads took: 0.0000130 seconds
[2019-12-09T03:06:34.394+0000][1][safepoint    ] Application time: 0.0117292 seconds
[2019-12-09T03:06:34.394+0000][1][safepoint    ] Entering safepoint region: RevokeBias
[2019-12-09T03:06:34.394+0000][1][safepoint    ] Leaving safepoint region
[2019-12-09T03:06:34.394+0000][1][safepoint    ] Total time for which application threads were stopped: 0.0000694 seconds, Stopping threads took: 0.0000118 seconds
[2019-12-09T03:06:34.394+0000][1][safepoint    ] Application time: 0.0000651 seconds
[2019-12-09T03:06:34.394+0000][1][safepoint    ] Entering safepoint region: RevokeBias
[2019-12-09T03:06:34.394+0000][1][safepoint    ] Leaving safepoint region
[2019-12-09T03:06:34.394+0000][1][safepoint    ] Total time for which application threads were stopped: 0.0000480 seconds, Stopping threads took: 0.0000088 seconds
[2019-12-09T03:06:34.396+0000][1][safepoint    ] Application time: 0.0017595 seconds
[2019-12-09T03:06:34.396+0000][1][safepoint    ] Entering safepoint region: RevokeBias
[2019-12-09T03:06:34.396+0000][1][safepoint    ] Leaving safepoint region
[2019-12-09T03:06:34.396+0000][1][safepoint    ] Total time for which application threads were stopped: 0.0000673 seconds, Stopping threads took: 0.0000111 seconds
[2019-12-09T03:06:34.396+0000][1][safepoint    ] Application time: 0.0000994 seconds
[2019-12-09T03:06:34.396+0000][1][safepoint    ] Entering safepoint region: RevokeBias
[2019-12-09T03:06:34.396+0000][1][safepoint    ] Leaving safepoint region
[2019-12-09T03:06:34.396+0000][1][safepoint    ] Total time for which application threads were stopped: 0.0000494 seconds, Stopping threads took: 0.0000091 seconds
[2019-12-09T03:06:34.404+0000][1][safepoint    ] Application time: 0.0082681 seconds
[2019-12-09T03:06:34.404+0000][1][safepoint    ] Entering safepoint region: Deoptimize
[2019-12-09T03:06:34.405+0000][1][safepoint    ] Leaving safepoint region
[2019-12-09T03:06:34.405+0000][1][safepoint    ] Total time for which application threads were stopped: 0.0006142 seconds, Stopping threads took: 0.0000124 seconds
[2019-12-09T03:06:34.406+0000][1][safepoint    ] Application time: 0.0005431 seconds
[2019-12-09T03:06:34.406+0000][1][safepoint    ] Entering safepoint region: RevokeBias
[2019-12-09T03:06:34.406+0000][1][safepoint    ] Leaving safepoint region
[2019-12-09T03:06:34.406+0000][1][safepoint    ] Total time for which application threads were stopped: 0.0000685 seconds, Stopping threads took: 0.0000120 seconds
[2019-12-09T03:06:34.698+0000][1][safepoint    ] Application time: 0.2921495 seconds
[2019-12-09T03:06:34.767+0000][1][safepoint    ] Entering safepoint region: RevokeBias
[2019-12-09T03:06:34.767+0000][1][safepoint    ] Leaving safepoint region
[2019-12-09T03:06:34.767+0000][1][safepoint    ] Total time for which application threads were stopped: 0.0690778 seconds, Stopping threads took: 0.0689771 seconds
[2019-12-09T03:06:34.770+0000][1][safepoint    ] Application time: 0.0028438 seconds
[2019-12-09T03:06:34.770+0000][1][safepoint    ] Entering safepoint region: RevokeBias
[2019-12-09T03:06:34.770+0000][1][safepoint    ] Leaving safepoint region
[2019-12-09T03:06:34.770+0000][1][safepoint    ] Total time for which application threads were stopped: 0.0002131 seconds, Stopping threads took: 0.0001231 seconds
[2019-12-09T03:06:34.770+0000][1][safepoint    ] Application time: 0.0000535 seconds
[2019-12-09T03:06:34.770+0000][1][safepoint    ] Entering safepoint region: RevokeBias
[2019-12-09T03:06:34.770+0000][1][safepoint    ] Leaving safepoint region
[2019-12-09T03:06:34.770+0000][1][safepoint    ] Total time for which application threads were stopped: 0.0000570 seconds, Stopping threads took: 0.0000098 seconds
[2019-12-09T03:06:34.770+0000][1][safepoint    ] Application time: 0.0002776 seconds
[2019-12-09T03:06:34.771+0000][1][safepoint    ] Entering safepoint region: RevokeBias
[2019-12-09T03:06:34.771+0000][1][safepoint    ] Leaving safepoint region
[2019-12-09T03:06:34.771+0000][1][safepoint    ] Total time for which application threads were stopped: 0.0000770 seconds, Stopping threads took: 0.0000121 seconds
[2019-12-09T03:06:34.771+0000][1][safepoint    ] Application time: 0.0000436 seconds
[2019-12-09T03:06:34.771+0000][1][safepoint    ] Entering safepoint region: RevokeBias
[2019-12-09T03:06:34.771+0000][1][safepoint    ] Leaving safepoint region
[2019-12-09T03:06:34.771+0000][1][safepoint    ] Total time for which application threads were stopped: 0.0000778 seconds, Stopping threads took: 0.0000090 seconds
[2019-12-09T03:06:34.800+0000][1][safepoint    ] Application time: 0.0289971 seconds
[2019-12-09T03:06:34.800+0000][1][safepoint    ] Entering safepoint region: RevokeBias
[2019-12-09T03:06:34.800+0000][1][safepoint    ] Leaving safepoint region
[2019-12-09T03:06:34.800+0000][1][safepoint    ] Total time for which application threads were stopped: 0.0001396 seconds, Stopping threads took: 0.0000741 seconds
[2019-12-09T03:06:34.806+0000][1][safepoint    ] Application time: 0.0058632 seconds
[2019-12-09T03:06:34.806+0000][1][safepoint    ] Entering safepoint region: RevokeBias
[2019-12-09T03:06:34.806+0000][1][safepoint    ] Leaving safepoint region
[2019-12-09T03:06:34.806+0000][1][safepoint    ] Total time for which application threads were stopped: 0.0001185 seconds, Stopping threads took: 0.0000593 seconds
[2019-12-09T03:06:34.817+0000][1][safepoint    ] Application time: 0.0110390 seconds
[2019-12-09T03:06:34.817+0000][1][safepoint    ] Entering safepoint region: RevokeBias
[2019-12-09T03:06:34.817+0000][1][safepoint    ] Leaving safepoint region
[2019-12-09T03:06:34.817+0000][1][safepoint    ] Total time for which application threads were stopped: 0.0000960 seconds, Stopping threads took: 0.0000476 seconds
[2019-12-09T03:06:34.824+0000][1][safepoint    ] Application time: 0.0070549 seconds
[2019-12-09T03:06:34.843+0000][1][safepoint    ] Entering safepoint region: RevokeBias
[2019-12-09T03:06:34.843+0000][1][safepoint    ] Leaving safepoint region
[2019-12-09T03:06:34.843+0000][1][safepoint    ] Total time for which application threads were stopped: 0.0189778 seconds, Stopping threads took: 0.0188868 seconds
[2019-12-09T03:06:34.910+0000][1][safepoint    ] Application time: 0.0668894 seconds
[2019-12-09T03:06:34.965+0000][1][safepoint    ] Entering safepoint region: RevokeBias
[2019-12-09T03:06:34.965+0000][1][gc,start     ] GC(22) Pause Young (Allocation Failure)
[2019-12-09T03:06:34.965+0000][1][gc,task      ] GC(22) Using 2 workers of 2 for evacuation
[2019-12-09T03:06:35.227+0000][1][gc,age       ] GC(22) Desired survivor size 4456448 bytes, new threshold 2 (max threshold 6)
[2019-12-09T03:06:35.227+0000][1][gc,age       ] GC(22) Age table with threshold 2 (max threshold 6)
[2019-12-09T03:06:35.227+0000][1][gc,age       ] GC(22) - age   1:    3498920 bytes,    3498920 total
[2019-12-09T03:06:35.227+0000][1][gc,age       ] GC(22) - age   2:    1623696 bytes,    5122616 total
[2019-12-09T03:06:35.227+0000][1][gc,heap      ] GC(22) ParNew: 75106K->6941K(78656K)
[2019-12-09T03:06:35.227+0000][1][gc,heap      ] GC(22) CMS: 60184K->62907K(174784K)
[2019-12-09T03:06:35.227+0000][1][gc,metaspace ] GC(22) Metaspace: 63710K->63710K(1107968K)
[2019-12-09T03:06:35.227+0000][1][gc           ] GC(22) Pause Young (Allocation Failure) 132M->68M(247M) 261.930ms
[2019-12-09T03:06:35.227+0000][1][gc,cpu       ] GC(22) User=0.04s Sys=0.00s Real=0.26s
[2019-12-09T03:06:35.227+0000][1][safepoint    ] Leaving safepoint region
[2019-12-09T03:06:35.227+0000][1][safepoint    ] Total time for which application threads were stopped: 0.3167015 seconds, Stopping threads took: 0.0545780 seconds
[2019-12-09T03:06:35.228+0000][1][safepoint    ] Application time: 0.0012098 seconds
[2019-12-09T03:06:35.228+0000][1][safepoint    ] Entering safepoint region: RevokeBias
[2019-12-09T03:06:35.228+0000][1][safepoint    ] Leaving safepoint region
[2019-12-09T03:06:35.228+0000][1][safepoint    ] Total time for which application threads were stopped: 0.0001492 seconds, Stopping threads took: 0.0000160 seconds
[2019-12-09T03:06:35.229+0000][1][safepoint    ] Application time: 0.0003943 seconds
[2019-12-09T03:06:35.229+0000][1][safepoint    ] Entering safepoint region: RevokeBias
[2019-12-09T03:06:35.229+0000][1][safepoint    ] Leaving safepoint region
[2019-12-09T03:06:35.229+0000][1][safepoint    ] Total time for which application threads were stopped: 0.0001362 seconds, Stopping threads took: 0.0000195 seconds
[2019-12-09T03:06:35.229+0000][1][safepoint    ] Application time: 0.0004946 seconds
[2019-12-09T03:06:35.229+0000][1][safepoint    ] Entering safepoint region: RevokeBias
[2019-12-09T03:06:35.229+0000][1][safepoint    ] Leaving safepoint region
[2019-12-09T03:06:35.229+0000][1][safepoint    ] Total time for which application threads were stopped: 0.0000662 seconds, Stopping threads took: 0.0000116 seconds
[2019-12-09T03:06:35.229+0000][1][safepoint    ] Application time: 0.0000458 seconds
[2019-12-09T03:06:35.229+0000][1][safepoint    ] Entering safepoint region: RevokeBias
[2019-12-09T03:06:35.229+0000][1][safepoint    ] Leaving safepoint region
[2019-12-09T03:06:35.229+0000][1][safepoint    ] Total time for which application threads were stopped: 0.0000444 seconds, Stopping threads took: 0.0000082 seconds
[2019-12-09T03:06:35.233+0000][1][safepoint    ] Application time: 0.0038510 seconds
[2019-12-09T03:06:35.264+0000][1][safepoint    ] Entering safepoint region: RevokeBias
[2019-12-09T03:06:35.264+0000][1][safepoint    ] Leaving safepoint region
[2019-12-09T03:06:35.264+0000][1][safepoint    ] Total time for which application threads were stopped: 0.0306474 seconds, Stopping threads took: 0.0305214 seconds
[2019-12-09T03:06:35.267+0000][1][safepoint    ] Application time: 0.0034015 seconds
[2019-12-09T03:06:35.267+0000][1][safepoint    ] Entering safepoint region: RevokeBias
[2019-12-09T03:06:35.267+0000][1][safepoint    ] Leaving safepoint region
[2019-12-09T03:06:35.267+0000][1][safepoint    ] Total time for which application threads were stopped: 0.0000873 seconds, Stopping threads took: 0.0000130 seconds
[2019-12-09T03:06:35.276+0000][1][safepoint    ] Application time: 0.0082388 seconds
[2019-12-09T03:06:35.306+0000][1][safepoint    ] Entering safepoint region: RevokeBias
[2019-12-09T03:06:35.306+0000][1][safepoint    ] Leaving safepoint region
[2019-12-09T03:06:35.306+0000][1][safepoint    ] Total time for which application threads were stopped: 0.0301083 seconds, Stopping threads took: 0.0300069 seconds
[2019-12-09T03:06:35.313+0000][1][safepoint    ] Application time: 0.0074081 seconds
[2019-12-09T03:06:35.348+0000][1][safepoint    ] Entering safepoint region: RevokeBias
[2019-12-09T03:06:35.348+0000][1][safepoint    ] Leaving safepoint region
[2019-12-09T03:06:35.348+0000][1][safepoint    ] Total time for which application threads were stopped: 0.0346119 seconds, Stopping threads took: 0.0344857 seconds
[2019-12-09T03:06:35.356+0000][1][safepoint    ] Application time: 0.0076823 seconds
[2019-12-09T03:06:35.356+0000][1][safepoint    ] Entering safepoint region: RevokeBias
[2019-12-09T03:06:35.356+0000][1][safepoint    ] Leaving safepoint region
[2019-12-09T03:06:35.356+0000][1][safepoint    ] Total time for which application threads were stopped: 0.0001690 seconds, Stopping threads took: 0.0000144 seconds
[2019-12-09T03:06:35.358+0000][1][safepoint    ] Application time: 0.0022515 seconds
[2019-12-09T03:06:35.358+0000][1][safepoint    ] Entering safepoint region: RevokeBias
[2019-12-09T03:06:35.358+0000][1][safepoint    ] Leaving safepoint region
[2019-12-09T03:06:35.358+0000][1][safepoint    ] Total time for which application threads were stopped: 0.0000719 seconds, Stopping threads took: 0.0000136 seconds
[2019-12-09T03:06:35.361+0000][1][safepoint    ] Application time: 0.0026183 seconds
[2019-12-09T03:06:35.361+0000][1][safepoint    ] Entering safepoint region: RevokeBias
[2019-12-09T03:06:35.361+0000][1][safepoint    ] Leaving safepoint region
[2019-12-09T03:06:35.361+0000][1][safepoint    ] Total time for which application threads were stopped: 0.0000622 seconds, Stopping threads took: 0.0000123 seconds
[2019-12-09T03:06:35.361+0000][1][safepoint    ] Application time: 0.0000823 seconds
[2019-12-09T03:06:35.361+0000][1][safepoint    ] Entering safepoint region: RevokeBias
[2019-12-09T03:06:35.361+0000][1][safepoint    ] Leaving safepoint region
[2019-12-09T03:06:35.361+0000][1][safepoint    ] Total time for which application threads were stopped: 0.0000541 seconds, Stopping threads took: 0.0000150 seconds
[2019-12-09T03:06:35.361+0000][1][safepoint    ] Application time: 0.0000638 seconds
[2019-12-09T03:06:35.361+0000][1][safepoint    ] Entering safepoint region: RevokeBias
[2019-12-09T03:06:35.361+0000][1][safepoint    ] Leaving safepoint region
[2019-12-09T03:06:35.361+0000][1][safepoint    ] Total time for which application threads were stopped: 0.0000416 seconds, Stopping threads took: 0.0000086 seconds
[2019-12-09T03:06:35.361+0000][1][safepoint    ] Application time: 0.0000597 seconds
[2019-12-09T03:06:35.361+0000][1][safepoint    ] Entering safepoint region: RevokeBias
[2019-12-09T03:06:35.361+0000][1][safepoint    ] Leaving safepoint region
[2019-12-09T03:06:35.361+0000][1][safepoint    ] Total time for which application threads were stopped: 0.0000406 seconds, Stopping threads took: 0.0000080 seconds
[2019-12-09T03:06:35.362+0000][1][safepoint    ] Application time: 0.0005254 seconds
[2019-12-09T03:06:35.362+0000][1][safepoint    ] Entering safepoint region: RevokeBias
[2019-12-09T03:06:35.362+0000][1][safepoint    ] Leaving safepoint region
[2019-12-09T03:06:35.362+0000][1][safepoint    ] Total time for which application threads were stopped: 0.0001227 seconds, Stopping threads took: 0.0000120 seconds
[2019-12-09T03:06:35.362+0000][1][safepoint    ] Application time: 0.0002166 seconds
[2019-12-09T03:06:35.362+0000][1][safepoint    ] Entering safepoint region: BulkRevokeBias
[2019-12-09T03:06:35.363+0000][1][safepoint    ] Leaving safepoint region
[2019-12-09T03:06:35.363+0000][1][safepoint    ] Total time for which application threads were stopped: 0.0004088 seconds, Stopping threads took: 0.0000103 seconds
[2019-12-09T03:06:35.363+0000][1][safepoint    ] Application time: 0.0000778 seconds
[2019-12-09T03:06:35.363+0000][1][safepoint    ] Entering safepoint region: RevokeBias
[2019-12-09T03:06:35.363+0000][1][safepoint    ] Leaving safepoint region
[2019-12-09T03:06:35.363+0000][1][safepoint    ] Total time for which application threads were stopped: 0.0000770 seconds, Stopping threads took: 0.0000088 seconds
[2019-12-09T03:06:35.363+0000][1][safepoint    ] Application time: 0.0001174 seconds
[2019-12-09T03:06:35.363+0000][1][safepoint    ] Entering safepoint region: RevokeBias
[2019-12-09T03:06:35.363+0000][1][safepoint    ] Leaving safepoint region
[2019-12-09T03:06:35.363+0000][1][safepoint    ] Total time for which application threads were stopped: 0.0000559 seconds, Stopping threads took: 0.0000085 seconds
[2019-12-09T03:06:35.363+0000][1][safepoint    ] Application time: 0.0000551 seconds
[2019-12-09T03:06:35.363+0000][1][safepoint    ] Entering safepoint region: RevokeBias
[2019-12-09T03:06:35.363+0000][1][safepoint    ] Leaving safepoint region
[2019-12-09T03:06:35.363+0000][1][safepoint    ] Total time for which application threads were stopped: 0.0000613 seconds, Stopping threads took: 0.0000089 seconds
[2019-12-09T03:06:35.370+0000][1][safepoint    ] Application time: 0.0071263 seconds
[2019-12-09T03:06:35.370+0000][1][safepoint    ] Entering safepoint region: RevokeBias
[2019-12-09T03:06:35.370+0000][1][safepoint    ] Leaving safepoint region
[2019-12-09T03:06:35.370+0000][1][safepoint    ] Total time for which application threads were stopped: 0.0000708 seconds, Stopping threads took: 0.0000124 seconds
[2019-12-09T03:06:35.372+0000][1][safepoint    ] Application time: 0.0018250 seconds
[2019-12-09T03:06:35.372+0000][1][safepoint    ] Entering safepoint region: RevokeBias
[2019-12-09T03:06:35.372+0000][1][safepoint    ] Leaving safepoint region
[2019-12-09T03:06:35.372+0000][1][safepoint    ] Total time for which application threads were stopped: 0.0000679 seconds, Stopping threads took: 0.0000113 seconds
[2019-12-09T03:06:35.393+0000][1][safepoint    ] Application time: 0.0210389 seconds
[2019-12-09T03:06:35.393+0000][1][safepoint    ] Entering safepoint region: RevokeBias
[2019-12-09T03:06:35.393+0000][1][safepoint    ] Leaving safepoint region
[2019-12-09T03:06:35.393+0000][1][safepoint    ] Total time for which application threads were stopped: 0.0000865 seconds, Stopping threads took: 0.0000184 seconds
[2019-12-09T03:06:35.394+0000][1][safepoint    ] Application time: 0.0001939 seconds
[2019-12-09T03:06:35.394+0000][1][safepoint    ] Entering safepoint region: RevokeBias
[2019-12-09T03:06:35.394+0000][1][safepoint    ] Leaving safepoint region
[2019-12-09T03:06:35.394+0000][1][safepoint    ] Total time for which application threads were stopped: 0.0000541 seconds, Stopping threads took: 0.0000079 seconds
[2019-12-09T03:06:35.394+0000][1][safepoint    ] Application time: 0.0002799 seconds
[2019-12-09T03:06:35.394+0000][1][safepoint    ] Entering safepoint region: RevokeBias
[2019-12-09T03:06:35.394+0000][1][safepoint    ] Leaving safepoint region
[2019-12-09T03:06:35.394+0000][1][safepoint    ] Total time for which application threads were stopped: 0.0000924 seconds, Stopping threads took: 0.0000117 seconds
[2019-12-09T03:06:35.394+0000][1][safepoint    ] Application time: 0.0001259 seconds
[2019-12-09T03:06:35.394+0000][1][safepoint    ] Entering safepoint region: RevokeBias
[2019-12-09T03:06:35.394+0000][1][safepoint    ] Leaving safepoint region
[2019-12-09T03:06:35.394+0000][1][safepoint    ] Total time for which application threads were stopped: 0.0000604 seconds, Stopping threads took: 0.0000103 seconds
[2019-12-09T03:06:35.394+0000][1][safepoint    ] Application time: 0.0000608 seconds
[2019-12-09T03:06:35.394+0000][1][safepoint    ] Entering safepoint region: RevokeBias
[2019-12-09T03:06:35.394+0000][1][safepoint    ] Leaving safepoint region
[2019-12-09T03:06:35.394+0000][1][safepoint    ] Total time for which application threads were stopped: 0.0000549 seconds, Stopping threads took: 0.0000094 seconds
[2019-12-09T03:06:35.402+0000][1][safepoint    ] Application time: 0.0074759 seconds
[2019-12-09T03:06:35.402+0000][1][safepoint    ] Entering safepoint region: RevokeBias
[2019-12-09T03:06:35.402+0000][1][safepoint    ] Leaving safepoint region
[2019-12-09T03:06:35.402+0000][1][safepoint    ] Total time for which application threads were stopped: 0.0000587 seconds, Stopping threads took: 0.0000115 seconds
[2019-12-09T03:06:35.416+0000][1][safepoint    ] Application time: 0.0136164 seconds
[2019-12-09T03:06:35.416+0000][1][safepoint    ] Entering safepoint region: RevokeBias
[2019-12-09T03:06:35.416+0000][1][safepoint    ] Leaving safepoint region
[2019-12-09T03:06:35.416+0000][1][safepoint    ] Total time for which application threads were stopped: 0.0000725 seconds, Stopping threads took: 0.0000125 seconds
[2019-12-09T03:06:35.419+0000][1][safepoint    ] Application time: 0.0030438 seconds
[2019-12-09T03:06:35.419+0000][1][safepoint    ] Entering safepoint region: RevokeBias
[2019-12-09T03:06:35.419+0000][1][safepoint    ] Leaving safepoint region
[2019-12-09T03:06:35.419+0000][1][safepoint    ] Total time for which application threads were stopped: 0.0000792 seconds, Stopping threads took: 0.0000123 seconds
[2019-12-09T03:06:35.419+0000][1][safepoint    ] Application time: 0.0000809 seconds
[2019-12-09T03:06:35.419+0000][1][safepoint    ] Entering safepoint region: RevokeBias
[2019-12-09T03:06:35.419+0000][1][safepoint    ] Leaving safepoint region
[2019-12-09T03:06:35.419+0000][1][safepoint    ] Total time for which application threads were stopped: 0.0000504 seconds, Stopping threads took: 0.0000091 seconds
[2019-12-09T03:06:35.419+0000][1][safepoint    ] Application time: 0.0001039 seconds
[2019-12-09T03:06:35.419+0000][1][safepoint    ] Entering safepoint region: RevokeBias
[2019-12-09T03:06:35.419+0000][1][safepoint    ] Leaving safepoint region
[2019-12-09T03:06:35.419+0000][1][safepoint    ] Total time for which application threads were stopped: 0.0000530 seconds, Stopping threads took: 0.0000086 seconds
[2019-12-09T03:06:35.420+0000][1][safepoint    ] Application time: 0.0012671 seconds
[2019-12-09T03:06:35.420+0000][1][safepoint    ] Entering safepoint region: RevokeBias
[2019-12-09T03:06:35.421+0000][1][safepoint    ] Leaving safepoint region
[2019-12-09T03:06:35.421+0000][1][safepoint    ] Total time for which application threads were stopped: 0.0000858 seconds, Stopping threads took: 0.0000181 seconds
[2019-12-09T03:06:35.421+0000][1][safepoint    ] Application time: 0.0003847 seconds
[2019-12-09T03:06:35.421+0000][1][safepoint    ] Entering safepoint region: RevokeBias
[2019-12-09T03:06:35.421+0000][1][safepoint    ] Leaving safepoint region
[2019-12-09T03:06:35.421+0000][1][safepoint    ] Total time for which application threads were stopped: 0.0000820 seconds, Stopping threads took: 0.0000116 seconds
[2019-12-09T03:06:35.423+0000][1][safepoint    ] Application time: 0.0016062 seconds
[2019-12-09T03:06:35.423+0000][1][safepoint    ] Entering safepoint region: RevokeBias
[2019-12-09T03:06:35.423+0000][1][safepoint    ] Leaving safepoint region
[2019-12-09T03:06:35.423+0000][1][safepoint    ] Total time for which application threads were stopped: 0.0000877 seconds, Stopping threads took: 0.0000129 seconds
[2019-12-09T03:06:35.434+0000][1][safepoint    ] Application time: 0.0112328 seconds
[2019-12-09T03:06:35.434+0000][1][safepoint    ] Entering safepoint region: RevokeBias
[2019-12-09T03:06:35.434+0000][1][safepoint    ] Leaving safepoint region
[2019-12-09T03:06:35.434+0000][1][safepoint    ] Total time for which application threads were stopped: 0.0001358 seconds, Stopping threads took: 0.0000745 seconds
[2019-12-09T03:06:35.435+0000][1][safepoint    ] Application time: 0.0013051 seconds
[2019-12-09T03:06:35.435+0000][1][safepoint    ] Entering safepoint region: RevokeBias
[2019-12-09T03:06:35.436+0000][1][safepoint    ] Leaving safepoint region
[2019-12-09T03:06:35.436+0000][1][safepoint    ] Total time for which application threads were stopped: 0.0000677 seconds, Stopping threads took: 0.0000127 seconds
[2019-12-09T03:06:35.440+0000][1][safepoint    ] Application time: 0.0046722 seconds
[2019-12-09T03:06:35.440+0000][1][safepoint    ] Entering safepoint region: RevokeBias
[2019-12-09T03:06:35.440+0000][1][safepoint    ] Leaving safepoint region
[2019-12-09T03:06:35.440+0000][1][safepoint    ] Total time for which application threads were stopped: 0.0000593 seconds, Stopping threads took: 0.0000127 seconds
[2019-12-09T03:06:35.453+0000][1][safepoint    ] Application time: 0.0123138 seconds
[2019-12-09T03:06:35.453+0000][1][safepoint    ] Entering safepoint region: RevokeBias
[2019-12-09T03:06:35.453+0000][1][safepoint    ] Leaving safepoint region
[2019-12-09T03:06:35.453+0000][1][safepoint    ] Total time for which application threads were stopped: 0.0001421 seconds, Stopping threads took: 0.0000819 seconds
[2019-12-09T03:06:35.478+0000][1][safepoint    ] Application time: 0.0255881 seconds
[2019-12-09T03:06:35.478+0000][1][safepoint    ] Entering safepoint region: RevokeBias
[2019-12-09T03:06:35.478+0000][1][safepoint    ] Leaving safepoint region
[2019-12-09T03:06:35.478+0000][1][safepoint    ] Total time for which application threads were stopped: 0.0000808 seconds, Stopping threads took: 0.0000144 seconds
[2019-12-09T03:06:35.485+0000][1][safepoint    ] Application time: 0.0061361 seconds
[2019-12-09T03:06:35.485+0000][1][safepoint    ] Entering safepoint region: RevokeBias
[2019-12-09T03:06:35.485+0000][1][safepoint    ] Leaving safepoint region
[2019-12-09T03:06:35.485+0000][1][safepoint    ] Total time for which application threads were stopped: 0.0001045 seconds, Stopping threads took: 0.0000406 seconds
[2019-12-09T03:06:35.486+0000][1][safepoint    ] Application time: 0.0009144 seconds
[2019-12-09T03:06:35.486+0000][1][safepoint    ] Entering safepoint region: RevokeBias
[2019-12-09T03:06:35.486+0000][1][safepoint    ] Leaving safepoint region
[2019-12-09T03:06:35.486+0000][1][safepoint    ] Total time for which application threads were stopped: 0.0000698 seconds, Stopping threads took: 0.0000124 seconds
[2019-12-09T03:06:35.486+0000][1][safepoint    ] Application time: 0.0000675 seconds
[2019-12-09T03:06:35.486+0000][1][safepoint    ] Entering safepoint region: RevokeBias
[2019-12-09T03:06:35.486+0000][1][safepoint    ] Leaving safepoint region
[2019-12-09T03:06:35.486+0000][1][safepoint    ] Total time for which application threads were stopped: 0.0000675 seconds, Stopping threads took: 0.0000212 seconds
[2019-12-09T03:06:35.494+0000][1][safepoint    ] Application time: 0.0081484 seconds
[2019-12-09T03:06:35.494+0000][1][safepoint    ] Entering safepoint region: RevokeBias
[2019-12-09T03:06:35.494+0000][1][safepoint    ] Leaving safepoint region
[2019-12-09T03:06:35.494+0000][1][safepoint    ] Total time for which application threads were stopped: 0.0000712 seconds, Stopping threads took: 0.0000117 seconds
[2019-12-09T03:06:35.518+0000][1][safepoint    ] Application time: 0.0235159 seconds
[2019-12-09T03:06:35.518+0000][1][safepoint    ] Entering safepoint region: RevokeBias
[2019-12-09T03:06:35.518+0000][1][safepoint    ] Leaving safepoint region
[2019-12-09T03:06:35.518+0000][1][safepoint    ] Total time for which application threads were stopped: 0.0003051 seconds, Stopping threads took: 0.0002312 seconds
[2019-12-09T03:06:35.523+0000][1][safepoint    ] Application time: 0.0046581 seconds
[2019-12-09T03:06:35.523+0000][1][safepoint    ] Entering safepoint region: RevokeBias
[2019-12-09T03:06:35.523+0000][1][safepoint    ] Leaving safepoint region
[2019-12-09T03:06:35.523+0000][1][safepoint    ] Total time for which application threads were stopped: 0.0002928 seconds, Stopping threads took: 0.0002321 seconds
[2019-12-09T03:06:35.533+0000][1][safepoint    ] Application time: 0.0101499 seconds
[2019-12-09T03:06:35.533+0000][1][safepoint    ] Entering safepoint region: RevokeBias
[2019-12-09T03:06:35.533+0000][1][safepoint    ] Leaving safepoint region
[2019-12-09T03:06:35.533+0000][1][safepoint    ] Total time for which application threads were stopped: 0.0000660 seconds, Stopping threads took: 0.0000128 seconds
[2019-12-09T03:06:35.575+0000][1][safepoint    ] Application time: 0.0419312 seconds
[2019-12-09T03:06:35.575+0000][1][safepoint    ] Entering safepoint region: RevokeBias
[2019-12-09T03:06:35.575+0000][1][safepoint    ] Leaving safepoint region
[2019-12-09T03:06:35.575+0000][1][safepoint    ] Total time for which application threads were stopped: 0.0000856 seconds, Stopping threads took: 0.0000151 seconds
[2019-12-09T03:06:35.616+0000][1][safepoint    ] Application time: 0.0404063 seconds
[2019-12-09T03:06:35.616+0000][1][safepoint    ] Entering safepoint region: RevokeBias
[2019-12-09T03:06:35.616+0000][1][safepoint    ] Leaving safepoint region
[2019-12-09T03:06:35.616+0000][1][safepoint    ] Total time for which application threads were stopped: 0.0000927 seconds, Stopping threads took: 0.0000162 seconds
[2019-12-09T03:06:35.758+0000][1][safepoint    ] Application time: 0.1418998 seconds
[2019-12-09T03:06:35.807+0000][1][safepoint    ] Entering safepoint region: RevokeBias
[2019-12-09T03:06:35.807+0000][1][safepoint    ] Leaving safepoint region
[2019-12-09T03:06:35.807+0000][1][safepoint    ] Total time for which application threads were stopped: 0.0490422 seconds, Stopping threads took: 0.0489515 seconds
[2019-12-09T03:06:35.807+0000][1][safepoint    ] Application time: 0.0002987 seconds
[2019-12-09T03:06:35.807+0000][1][safepoint    ] Entering safepoint region: RevokeBias
[2019-12-09T03:06:35.807+0000][1][safepoint    ] Leaving safepoint region
[2019-12-09T03:06:35.807+0000][1][safepoint    ] Total time for which application threads were stopped: 0.0000647 seconds, Stopping threads took: 0.0000122 seconds
[2019-12-09T03:06:35.808+0000][1][safepoint    ] Application time: 0.0003503 seconds
[2019-12-09T03:06:35.808+0000][1][safepoint    ] Entering safepoint region: RevokeBias
[2019-12-09T03:06:35.808+0000][1][safepoint    ] Leaving safepoint region
[2019-12-09T03:06:35.808+0000][1][safepoint    ] Total time for which application threads were stopped: 0.0000643 seconds, Stopping threads took: 0.0000120 seconds
[2019-12-09T03:06:35.808+0000][1][safepoint    ] Application time: 0.0004638 seconds
[2019-12-09T03:06:35.808+0000][1][safepoint    ] Entering safepoint region: RevokeBias
[2019-12-09T03:06:35.808+0000][1][safepoint    ] Leaving safepoint region
[2019-12-09T03:06:35.808+0000][1][safepoint    ] Total time for which application threads were stopped: 0.0000631 seconds, Stopping threads took: 0.0000168 seconds
[2019-12-09T03:06:35.810+0000][1][safepoint    ] Application time: 0.0015884 seconds
[2019-12-09T03:06:35.810+0000][1][safepoint    ] Entering safepoint region: RevokeBias
[2019-12-09T03:06:35.810+0000][1][safepoint    ] Leaving safepoint region
[2019-12-09T03:06:35.810+0000][1][safepoint    ] Total time for which application threads were stopped: 0.0000537 seconds, Stopping threads took: 0.0000122 seconds
[2019-12-09T03:06:35.810+0000][1][safepoint    ] Application time: 0.0000474 seconds
[2019-12-09T03:06:35.810+0000][1][safepoint    ] Entering safepoint region: RevokeBias
[2019-12-09T03:06:35.810+0000][1][safepoint    ] Leaving safepoint region
[2019-12-09T03:06:35.810+0000][1][safepoint    ] Total time for which application threads were stopped: 0.0000445 seconds, Stopping threads took: 0.0000096 seconds
[2019-12-09T03:06:35.810+0000][1][safepoint    ] Application time: 0.0000378 seconds
[2019-12-09T03:06:35.810+0000][1][safepoint    ] Entering safepoint region: RevokeBias
[2019-12-09T03:06:35.810+0000][1][safepoint    ] Leaving safepoint region
[2019-12-09T03:06:35.810+0000][1][safepoint    ] Total time for which application threads were stopped: 0.0000426 seconds, Stopping threads took: 0.0000091 seconds
[2019-12-09T03:06:35.857+0000][1][safepoint    ] Application time: 0.0466762 seconds
[2019-12-09T03:06:35.857+0000][1][safepoint    ] Entering safepoint region: RevokeBias
[2019-12-09T03:06:35.857+0000][1][safepoint    ] Leaving safepoint region
[2019-12-09T03:06:35.857+0000][1][safepoint    ] Total time for which application threads were stopped: 0.0001345 seconds, Stopping threads took: 0.0000730 seconds
[2019-12-09T03:06:35.857+0000][1][safepoint    ] Application time: 0.0003175 seconds
[2019-12-09T03:06:35.857+0000][1][safepoint    ] Entering safepoint region: RevokeBias
[2019-12-09T03:06:35.857+0000][1][safepoint    ] Leaving safepoint region
[2019-12-09T03:06:35.857+0000][1][safepoint    ] Total time for which application threads were stopped: 0.0000673 seconds, Stopping threads took: 0.0000132 seconds
[2019-12-09T03:06:35.858+0000][1][safepoint    ] Application time: 0.0003506 seconds
[2019-12-09T03:06:35.858+0000][1][safepoint    ] Entering safepoint region: RevokeBias
[2019-12-09T03:06:35.858+0000][1][safepoint    ] Leaving safepoint region
[2019-12-09T03:06:35.858+0000][1][safepoint    ] Total time for which application threads were stopped: 0.0000663 seconds, Stopping threads took: 0.0000128 seconds
[2019-12-09T03:06:35.858+0000][1][safepoint    ] Application time: 0.0004204 seconds
[2019-12-09T03:06:35.858+0000][1][safepoint    ] Entering safepoint region: RevokeBias
[2019-12-09T03:06:35.858+0000][1][safepoint    ] Leaving safepoint region
[2019-12-09T03:06:35.858+0000][1][safepoint    ] Total time for which application threads were stopped: 0.0000656 seconds, Stopping threads took: 0.0000126 seconds
[2019-12-09T03:06:35.859+0000][1][safepoint    ] Application time: 0.0002097 seconds
[2019-12-09T03:06:35.859+0000][1][safepoint    ] Entering safepoint region: RevokeBias
[2019-12-09T03:06:35.859+0000][1][safepoint    ] Leaving safepoint region
[2019-12-09T03:06:35.859+0000][1][safepoint    ] Total time for which application threads were stopped: 0.0000633 seconds, Stopping threads took: 0.0000099 seconds
[2019-12-09T03:06:35.859+0000][1][safepoint    ] Application time: 0.0000486 seconds
[2019-12-09T03:06:35.859+0000][1][safepoint    ] Entering safepoint region: RevokeBias
[2019-12-09T03:06:35.859+0000][1][safepoint    ] Leaving safepoint region
[2019-12-09T03:06:35.859+0000][1][safepoint    ] Total time for which application threads were stopped: 0.0000714 seconds, Stopping threads took: 0.0000093 seconds
[2019-12-09T03:06:35.859+0000][1][safepoint    ] Application time: 0.0000434 seconds
[2019-12-09T03:06:35.859+0000][1][safepoint    ] Entering safepoint region: RevokeBias
[2019-12-09T03:06:35.859+0000][1][safepoint    ] Leaving safepoint region
[2019-12-09T03:06:35.859+0000][1][safepoint    ] Total time for which application threads were stopped: 0.0000606 seconds, Stopping threads took: 0.0000154 seconds
[2019-12-09T03:06:36.093+0000][1][safepoint    ] Application time: 0.2342353 seconds
[2019-12-09T03:06:36.093+0000][1][safepoint    ] Entering safepoint region: RevokeBias
[2019-12-09T03:06:36.093+0000][1][safepoint    ] Leaving safepoint region
[2019-12-09T03:06:36.093+0000][1][safepoint    ] Total time for which application threads were stopped: 0.0002286 seconds, Stopping threads took: 0.0000191 seconds
[2019-12-09T03:06:36.143+0000][1][safepoint    ] Application time: 0.0497231 seconds
[2019-12-09T03:06:36.143+0000][1][safepoint    ] Entering safepoint region: RevokeBias
[2019-12-09T03:06:36.143+0000][1][safepoint    ] Leaving safepoint region
[2019-12-09T03:06:36.143+0000][1][safepoint    ] Total time for which application threads were stopped: 0.0002436 seconds, Stopping threads took: 0.0001495 seconds
[2019-12-09T03:06:36.262+0000][1][safepoint    ] Application time: 0.1186620 seconds
[2019-12-09T03:06:36.262+0000][1][safepoint    ] Entering safepoint region: RevokeBias
[2019-12-09T03:06:36.262+0000][1][safepoint    ] Leaving safepoint region
[2019-12-09T03:06:36.262+0000][1][safepoint    ] Total time for which application threads were stopped: 0.0000902 seconds, Stopping threads took: 0.0000167 seconds
[2019-12-09T03:06:36.382+0000][1][safepoint    ] Application time: 0.1195602 seconds
[2019-12-09T03:06:36.382+0000][1][safepoint    ] Entering safepoint region: RevokeBias
[2019-12-09T03:06:36.382+0000][1][safepoint    ] Leaving safepoint region
[2019-12-09T03:06:36.382+0000][1][safepoint    ] Total time for which application threads were stopped: 0.0001303 seconds, Stopping threads took: 0.0000192 seconds
[2019-12-09T03:06:36.412+0000][1][safepoint    ] Application time: 0.0303016 seconds
[2019-12-09T03:06:36.412+0000][1][safepoint    ] Entering safepoint region: RevokeBias
[2019-12-09T03:06:36.412+0000][1][safepoint    ] Leaving safepoint region
[2019-12-09T03:06:36.412+0000][1][safepoint    ] Total time for which application threads were stopped: 0.0000777 seconds, Stopping threads took: 0.0000170 seconds
[2019-12-09T03:06:36.747+0000][1][safepoint    ] Application time: 0.3350392 seconds
[2019-12-09T03:06:36.747+0000][1][safepoint    ] Entering safepoint region: RevokeBias
[2019-12-09T03:06:36.748+0000][1][safepoint    ] Leaving safepoint region
[2019-12-09T03:06:36.748+0000][1][safepoint    ] Total time for which application threads were stopped: 0.0001839 seconds, Stopping threads took: 0.0001017 seconds
[2019-12-09T03:06:36.748+0000][1][safepoint    ] Application time: 0.0004167 seconds
[2019-12-09T03:06:36.748+0000][1][safepoint    ] Entering safepoint region: RevokeBias
[2019-12-09T03:06:36.748+0000][1][safepoint    ] Leaving safepoint region
[2019-12-09T03:06:36.748+0000][1][safepoint    ] Total time for which application threads were stopped: 0.0000749 seconds, Stopping threads took: 0.0000113 seconds
[2019-12-09T03:06:36.748+0000][1][safepoint    ] Application time: 0.0003381 seconds
[2019-12-09T03:06:36.748+0000][1][safepoint    ] Entering safepoint region: RevokeBias
[2019-12-09T03:06:36.748+0000][1][safepoint    ] Leaving safepoint region
[2019-12-09T03:06:36.748+0000][1][safepoint    ] Total time for which application threads were stopped: 0.0000613 seconds, Stopping threads took: 0.0000129 seconds
[2019-12-09T03:06:36.754+0000][1][safepoint    ] Application time: 0.0052277 seconds
[2019-12-09T03:06:36.785+0000][1][safepoint    ] Entering safepoint region: RevokeBias
[2019-12-09T03:06:36.785+0000][1][safepoint    ] Leaving safepoint region
[2019-12-09T03:06:36.785+0000][1][safepoint    ] Total time for which application threads were stopped: 0.0310417 seconds, Stopping threads took: 0.0309679 seconds
[2019-12-09T03:06:36.803+0000][1][safepoint    ] Application time: 0.0179127 seconds
[2019-12-09T03:06:36.803+0000][1][safepoint    ] Entering safepoint region: RevokeBias
[2019-12-09T03:06:36.803+0000][1][safepoint    ] Leaving safepoint region
[2019-12-09T03:06:36.803+0000][1][safepoint    ] Total time for which application threads were stopped: 0.0000790 seconds, Stopping threads took: 0.0000199 seconds
[2019-12-09T03:06:36.836+0000][1][safepoint    ] Application time: 0.0336639 seconds
[2019-12-09T03:06:36.837+0000][1][safepoint    ] Entering safepoint region: RevokeBias
[2019-12-09T03:06:36.837+0000][1][safepoint    ] Leaving safepoint region
[2019-12-09T03:06:36.837+0000][1][safepoint    ] Total time for which application threads were stopped: 0.0001623 seconds, Stopping threads took: 0.0000753 seconds
[2019-12-09T03:06:36.881+0000][1][safepoint    ] Application time: 0.0440046 seconds
[2019-12-09T03:06:36.881+0000][1][safepoint    ] Entering safepoint region: RevokeBias
[2019-12-09T03:06:36.881+0000][1][safepoint    ] Leaving safepoint region
[2019-12-09T03:06:36.881+0000][1][safepoint    ] Total time for which application threads were stopped: 0.0001843 seconds, Stopping threads took: 0.0000678 seconds
[2019-12-09T03:06:36.882+0000][1][safepoint    ] Application time: 0.0015607 seconds
[2019-12-09T03:06:36.883+0000][1][safepoint    ] Entering safepoint region: RevokeBias
[2019-12-09T03:06:36.883+0000][1][safepoint    ] Leaving safepoint region
[2019-12-09T03:06:36.883+0000][1][safepoint    ] Total time for which application threads were stopped: 0.0000698 seconds, Stopping threads took: 0.0000122 seconds
[2019-12-09T03:06:36.883+0000][1][safepoint    ] Application time: 0.0005015 seconds
[2019-12-09T03:06:36.883+0000][1][safepoint    ] Entering safepoint region: RevokeBias
[2019-12-09T03:06:36.883+0000][1][safepoint    ] Leaving safepoint region
[2019-12-09T03:06:36.883+0000][1][safepoint    ] Total time for which application threads were stopped: 0.0000610 seconds, Stopping threads took: 0.0000117 seconds
[2019-12-09T03:06:36.883+0000][1][safepoint    ] Application time: 0.0002763 seconds
[2019-12-09T03:06:36.883+0000][1][safepoint    ] Entering safepoint region: RevokeBias
[2019-12-09T03:06:36.884+0000][1][safepoint    ] Leaving safepoint region
[2019-12-09T03:06:36.884+0000][1][safepoint    ] Total time for which application threads were stopped: 0.0000581 seconds, Stopping threads took: 0.0000123 seconds
[2019-12-09T03:06:36.895+0000][1][safepoint    ] Application time: 0.0111696 seconds
[2019-12-09T03:06:36.895+0000][1][safepoint    ] Entering safepoint region: RevokeBias
[2019-12-09T03:06:36.895+0000][1][safepoint    ] Leaving safepoint region
[2019-12-09T03:06:36.895+0000][1][safepoint    ] Total time for which application threads were stopped: 0.0000514 seconds, Stopping threads took: 0.0000123 seconds
[2019-12-09T03:06:36.912+0000][1][safepoint    ] Application time: 0.0169742 seconds
[2019-12-09T03:06:36.912+0000][1][safepoint    ] Entering safepoint region: RevokeBias
[2019-12-09T03:06:36.912+0000][1][safepoint    ] Leaving safepoint region
[2019-12-09T03:06:36.912+0000][1][safepoint    ] Total time for which application threads were stopped: 0.0000597 seconds, Stopping threads took: 0.0000142 seconds
[2019-12-09T03:06:36.912+0000][1][safepoint    ] Application time: 0.0000608 seconds
[2019-12-09T03:06:36.912+0000][1][safepoint    ] Entering safepoint region: RevokeBias
[2019-12-09T03:06:36.912+0000][1][safepoint    ] Leaving safepoint region
[2019-12-09T03:06:36.912+0000][1][safepoint    ] Total time for which application threads were stopped: 0.0000419 seconds, Stopping threads took: 0.0000093 seconds
[2019-12-09T03:06:36.936+0000][1][safepoint    ] Application time: 0.0243661 seconds
[2019-12-09T03:06:36.936+0000][1][safepoint    ] Entering safepoint region: RevokeBias
[2019-12-09T03:06:36.936+0000][1][safepoint    ] Leaving safepoint region
[2019-12-09T03:06:36.936+0000][1][safepoint    ] Total time for which application threads were stopped: 0.0000780 seconds, Stopping threads took: 0.0000136 seconds
[2019-12-09T03:06:36.944+0000][1][safepoint    ] Application time: 0.0072623 seconds
[2019-12-09T03:06:36.944+0000][1][safepoint    ] Entering safepoint region: RevokeBias
[2019-12-09T03:06:36.944+0000][1][safepoint    ] Leaving safepoint region
[2019-12-09T03:06:36.944+0000][1][safepoint    ] Total time for which application threads were stopped: 0.0000585 seconds, Stopping threads took: 0.0000133 seconds
[2019-12-09T03:06:36.952+0000][1][safepoint    ] Application time: 0.0078522 seconds
[2019-12-09T03:06:36.952+0000][1][safepoint    ] Entering safepoint region: RevokeBias
[2019-12-09T03:06:36.952+0000][1][safepoint    ] Leaving safepoint region
[2019-12-09T03:06:36.952+0000][1][safepoint    ] Total time for which application threads were stopped: 0.0000718 seconds, Stopping threads took: 0.0000299 seconds
[2019-12-09T03:06:37.023+0000][1][safepoint    ] Application time: 0.0713109 seconds
[2019-12-09T03:06:37.023+0000][1][safepoint    ] Entering safepoint region: RevokeBias
[2019-12-09T03:06:37.023+0000][1][safepoint    ] Leaving safepoint region
[2019-12-09T03:06:37.023+0000][1][safepoint    ] Total time for which application threads were stopped: 0.0000899 seconds, Stopping threads took: 0.0000195 seconds
[2019-12-09T03:06:37.024+0000][1][safepoint    ] Application time: 0.0004190 seconds
[2019-12-09T03:06:37.024+0000][1][safepoint    ] Entering safepoint region: RevokeBias
[2019-12-09T03:06:37.024+0000][1][safepoint    ] Leaving safepoint region
[2019-12-09T03:06:37.024+0000][1][safepoint    ] Total time for which application threads were stopped: 0.0000853 seconds, Stopping threads took: 0.0000153 seconds
[2019-12-09T03:06:37.634+0000][1][safepoint    ] Application time: 0.6106159 seconds
[2019-12-09T03:06:37.634+0000][1][safepoint    ] Entering safepoint region: RevokeBias
[2019-12-09T03:06:37.634+0000][1][safepoint    ] Leaving safepoint region
[2019-12-09T03:06:37.634+0000][1][safepoint    ] Total time for which application threads were stopped: 0.0000864 seconds, Stopping threads took: 0.0000192 seconds
[2019-12-09T03:06:37.635+0000][1][safepoint    ] Application time: 0.0004837 seconds
[2019-12-09T03:06:37.635+0000][1][safepoint    ] Entering safepoint region: RevokeBias
[2019-12-09T03:06:37.635+0000][1][safepoint    ] Leaving safepoint region
[2019-12-09T03:06:37.635+0000][1][safepoint    ] Total time for which application threads were stopped: 0.0000687 seconds, Stopping threads took: 0.0000149 seconds
[2019-12-09T03:06:37.771+0000][1][safepoint    ] Application time: 0.1360467 seconds
[2019-12-09T03:06:37.771+0000][1][safepoint    ] Entering safepoint region: RevokeBias
[2019-12-09T03:06:37.771+0000][1][safepoint    ] Leaving safepoint region
[2019-12-09T03:06:37.771+0000][1][safepoint    ] Total time for which application threads were stopped: 0.0001709 seconds, Stopping threads took: 0.0001057 seconds
[2019-12-09T03:06:37.772+0000][1][safepoint    ] Application time: 0.0002796 seconds
[2019-12-09T03:06:37.772+0000][1][safepoint    ] Entering safepoint region: RevokeBias
[2019-12-09T03:06:37.772+0000][1][safepoint    ] Leaving safepoint region
[2019-12-09T03:06:37.772+0000][1][safepoint    ] Total time for which application threads were stopped: 0.0000567 seconds, Stopping threads took: 0.0000107 seconds
[2019-12-09T03:06:37.772+0000][1][safepoint    ] Application time: 0.0003186 seconds
[2019-12-09T03:06:37.772+0000][1][safepoint    ] Entering safepoint region: RevokeBias
[2019-12-09T03:06:37.772+0000][1][safepoint    ] Leaving safepoint region
[2019-12-09T03:06:37.772+0000][1][safepoint    ] Total time for which application threads were stopped: 0.0000596 seconds, Stopping threads took: 0.0000117 seconds
[2019-12-09T03:06:37.773+0000][1][safepoint    ] Application time: 0.0008511 seconds
[2019-12-09T03:06:37.773+0000][1][safepoint    ] Entering safepoint region: RevokeBias
[2019-12-09T03:06:37.773+0000][1][safepoint    ] Leaving safepoint region
[2019-12-09T03:06:37.773+0000][1][safepoint    ] Total time for which application threads were stopped: 0.0000534 seconds, Stopping threads took: 0.0000114 seconds
[2019-12-09T03:06:37.773+0000][1][safepoint    ] Application time: 0.0002960 seconds
[2019-12-09T03:06:37.773+0000][1][safepoint    ] Entering safepoint region: RevokeBias
[2019-12-09T03:06:37.773+0000][1][safepoint    ] Leaving safepoint region
[2019-12-09T03:06:37.773+0000][1][safepoint    ] Total time for which application threads were stopped: 0.0000467 seconds, Stopping threads took: 0.0000104 seconds
[2019-12-09T03:06:37.773+0000][1][safepoint    ] Application time: 0.0000588 seconds
[2019-12-09T03:06:37.773+0000][1][safepoint    ] Entering safepoint region: RevokeBias
[2019-12-09T03:06:37.773+0000][1][safepoint    ] Leaving safepoint region
[2019-12-09T03:06:37.773+0000][1][safepoint    ] Total time for which application threads were stopped: 0.0000381 seconds, Stopping threads took: 0.0000085 seconds
[2019-12-09T03:06:37.774+0000][1][safepoint    ] Application time: 0.0000515 seconds
[2019-12-09T03:06:37.774+0000][1][safepoint    ] Entering safepoint region: RevokeBias
[2019-12-09T03:06:37.774+0000][1][safepoint    ] Leaving safepoint region
[2019-12-09T03:06:37.774+0000][1][safepoint    ] Total time for which application threads were stopped: 0.0000369 seconds, Stopping threads took: 0.0000082 seconds
[2019-12-09T03:06:37.775+0000][1][safepoint    ] Application time: 0.0018430 seconds
[2019-12-09T03:06:37.775+0000][1][safepoint    ] Entering safepoint region: RevokeBias
[2019-12-09T03:06:37.775+0000][1][safepoint    ] Leaving safepoint region
[2019-12-09T03:06:37.775+0000][1][safepoint    ] Total time for which application threads were stopped: 0.0000541 seconds, Stopping threads took: 0.0000103 seconds
[2019-12-09T03:06:37.776+0000][1][safepoint    ] Application time: 0.0001825 seconds
[2019-12-09T03:06:37.776+0000][1][safepoint    ] Entering safepoint region: BulkRevokeBias
[2019-12-09T03:06:37.776+0000][1][safepoint    ] Leaving safepoint region
[2019-12-09T03:06:37.776+0000][1][safepoint    ] Total time for which application threads were stopped: 0.0002748 seconds, Stopping threads took: 0.0000090 seconds
[2019-12-09T03:06:37.776+0000][1][safepoint    ] Application time: 0.0002711 seconds
[2019-12-09T03:06:37.776+0000][1][safepoint    ] Entering safepoint region: RevokeBias
[2019-12-09T03:06:37.776+0000][1][safepoint    ] Leaving safepoint region
[2019-12-09T03:06:37.776+0000][1][safepoint    ] Total time for which application threads were stopped: 0.0000629 seconds, Stopping threads took: 0.0000111 seconds
[2019-12-09T03:06:37.778+0000][1][safepoint    ] Application time: 0.0014847 seconds
[2019-12-09T03:06:37.778+0000][1][safepoint    ] Entering safepoint region: RevokeBias
[2019-12-09T03:06:37.778+0000][1][safepoint    ] Leaving safepoint region
[2019-12-09T03:06:37.778+0000][1][safepoint    ] Total time for which application threads were stopped: 0.0000552 seconds, Stopping threads took: 0.0000115 seconds
[2019-12-09T03:06:37.778+0000][1][safepoint    ] Application time: 0.0003796 seconds
[2019-12-09T03:06:37.778+0000][1][safepoint    ] Entering safepoint region: RevokeBias
[2019-12-09T03:06:37.778+0000][1][safepoint    ] Leaving safepoint region
[2019-12-09T03:06:37.778+0000][1][safepoint    ] Total time for which application threads were stopped: 0.0000557 seconds, Stopping threads took: 0.0000114 seconds
[2019-12-09T03:06:37.795+0000][1][safepoint    ] Application time: 0.0162455 seconds
[2019-12-09T03:06:37.795+0000][1][safepoint    ] Entering safepoint region: RevokeBias
[2019-12-09T03:06:37.795+0000][1][safepoint    ] Leaving safepoint region
[2019-12-09T03:06:37.795+0000][1][safepoint    ] Total time for which application threads were stopped: 0.0000809 seconds, Stopping threads took: 0.0000124 seconds
[2019-12-09T03:06:37.797+0000][1][safepoint    ] Application time: 0.0022152 seconds
[2019-12-09T03:06:37.797+0000][1][safepoint    ] Entering safepoint region: RevokeBias
[2019-12-09T03:06:37.797+0000][1][safepoint    ] Leaving safepoint region
[2019-12-09T03:06:37.797+0000][1][safepoint    ] Total time for which application threads were stopped: 0.0000622 seconds, Stopping threads took: 0.0000128 seconds
[2019-12-09T03:06:37.801+0000][1][safepoint    ] Application time: 0.0035092 seconds
[2019-12-09T03:06:37.801+0000][1][safepoint    ] Entering safepoint region: RevokeBias
[2019-12-09T03:06:37.801+0000][1][safepoint    ] Leaving safepoint region
[2019-12-09T03:06:37.801+0000][1][safepoint    ] Total time for which application threads were stopped: 0.0000550 seconds, Stopping threads took: 0.0000135 seconds
[2019-12-09T03:06:37.835+0000][1][safepoint    ] Application time: 0.0342862 seconds
[2019-12-09T03:06:37.835+0000][1][safepoint    ] Entering safepoint region: RevokeBias
[2019-12-09T03:06:37.835+0000][1][safepoint    ] Leaving safepoint region
[2019-12-09T03:06:37.835+0000][1][safepoint    ] Total time for which application threads were stopped: 0.0000845 seconds, Stopping threads took: 0.0000182 seconds
[2019-12-09T03:06:37.837+0000][1][safepoint    ] Application time: 0.0017728 seconds
[2019-12-09T03:06:37.837+0000][1][safepoint    ] Entering safepoint region: RevokeBias
[2019-12-09T03:06:37.837+0000][1][safepoint    ] Leaving safepoint region
[2019-12-09T03:06:37.837+0000][1][safepoint    ] Total time for which application threads were stopped: 0.0000673 seconds, Stopping threads took: 0.0000138 seconds
[2019-12-09T03:06:37.855+0000][1][safepoint    ] Application time: 0.0179297 seconds
[2019-12-09T03:06:37.855+0000][1][safepoint    ] Entering safepoint region: RevokeBias
[2019-12-09T03:06:37.855+0000][1][safepoint    ] Leaving safepoint region
[2019-12-09T03:06:37.855+0000][1][safepoint    ] Total time for which application threads were stopped: 0.0000634 seconds, Stopping threads took: 0.0000161 seconds
[2019-12-09T03:06:37.855+0000][1][safepoint    ] Application time: 0.0003568 seconds
[2019-12-09T03:06:37.855+0000][1][safepoint    ] Entering safepoint region: RevokeBias
[2019-12-09T03:06:37.855+0000][1][safepoint    ] Leaving safepoint region
[2019-12-09T03:06:37.855+0000][1][safepoint    ] Total time for which application threads were stopped: 0.0000567 seconds, Stopping threads took: 0.0000136 seconds
[2019-12-09T03:06:37.889+0000][1][safepoint    ] Application time: 0.0333520 seconds
[2019-12-09T03:06:37.889+0000][1][safepoint    ] Entering safepoint region: RevokeBias
[2019-12-09T03:06:37.889+0000][1][safepoint    ] Leaving safepoint region
[2019-12-09T03:06:37.889+0000][1][safepoint    ] Total time for which application threads were stopped: 0.0003536 seconds, Stopping threads took: 0.0000154 seconds
[2019-12-09T03:06:37.916+0000][1][safepoint    ] Application time: 0.0265030 seconds
[2019-12-09T03:06:37.916+0000][1][safepoint    ] Entering safepoint region: RevokeBias
[2019-12-09T03:06:37.916+0000][1][safepoint    ] Leaving safepoint region
[2019-12-09T03:06:37.916+0000][1][safepoint    ] Total time for which application threads were stopped: 0.0001216 seconds, Stopping threads took: 0.0000155 seconds
[2019-12-09T03:06:37.916+0000][1][safepoint    ] Application time: 0.0007039 seconds
[2019-12-09T03:06:37.916+0000][1][safepoint    ] Entering safepoint region: RevokeBias
[2019-12-09T03:06:37.917+0000][1][safepoint    ] Leaving safepoint region
[2019-12-09T03:06:37.917+0000][1][safepoint    ] Total time for which application threads were stopped: 0.0000831 seconds, Stopping threads took: 0.0000119 seconds
[2019-12-09T03:06:37.917+0000][1][safepoint    ] Application time: 0.0008109 seconds
[2019-12-09T03:06:37.917+0000][1][safepoint    ] Entering safepoint region: RevokeBias
[2019-12-09T03:06:37.917+0000][1][safepoint    ] Leaving safepoint region
[2019-12-09T03:06:37.917+0000][1][safepoint    ] Total time for which application threads were stopped: 0.0000830 seconds, Stopping threads took: 0.0000125 seconds
[2019-12-09T03:06:37.918+0000][1][safepoint    ] Application time: 0.0007712 seconds
[2019-12-09T03:06:37.918+0000][1][safepoint    ] Entering safepoint region: RevokeBias
[2019-12-09T03:06:37.919+0000][1][safepoint    ] Leaving safepoint region
[2019-12-09T03:06:37.919+0000][1][safepoint    ] Total time for which application threads were stopped: 0.0003709 seconds, Stopping threads took: 0.0000126 seconds
[2019-12-09T03:06:37.963+0000][1][safepoint    ] Application time: 0.0445139 seconds
[2019-12-09T03:06:38.008+0000][1][safepoint    ] Entering safepoint region: RevokeBias
[2019-12-09T03:06:38.008+0000][1][safepoint    ] Leaving safepoint region
[2019-12-09T03:06:38.008+0000][1][safepoint    ] Total time for which application threads were stopped: 0.0446798 seconds, Stopping threads took: 0.0445804 seconds
[2019-12-09T03:06:38.032+0000][1][safepoint    ] Application time: 0.0236267 seconds
[2019-12-09T03:06:38.032+0000][1][safepoint    ] Entering safepoint region: RevokeBias
[2019-12-09T03:06:38.032+0000][1][safepoint    ] Leaving safepoint region
[2019-12-09T03:06:38.032+0000][1][safepoint    ] Total time for which application threads were stopped: 0.0001054 seconds, Stopping threads took: 0.0000178 seconds
[2019-12-09T03:06:38.057+0000][1][safepoint    ] Application time: 0.0252687 seconds
[2019-12-09T03:06:38.057+0000][1][safepoint    ] Entering safepoint region: RevokeBias
[2019-12-09T03:06:38.057+0000][1][safepoint    ] Leaving safepoint region
[2019-12-09T03:06:38.057+0000][1][safepoint    ] Total time for which application threads were stopped: 0.0000799 seconds, Stopping threads took: 0.0000174 seconds
[2019-12-09T03:06:38.083+0000][1][safepoint    ] Application time: 0.0262223 seconds
[2019-12-09T03:06:38.088+0000][1][safepoint    ] Entering safepoint region: RevokeBias
[2019-12-09T03:06:38.088+0000][1][safepoint    ] Leaving safepoint region
[2019-12-09T03:06:38.088+0000][1][safepoint    ] Total time for which application threads were stopped: 0.0045153 seconds, Stopping threads took: 0.0044289 seconds
[2019-12-09T03:06:38.090+0000][1][safepoint    ] Application time: 0.0022437 seconds
[2019-12-09T03:06:38.090+0000][1][safepoint    ] Entering safepoint region: RevokeBias
[2019-12-09T03:06:38.090+0000][1][safepoint    ] Leaving safepoint region
[2019-12-09T03:06:38.090+0000][1][safepoint    ] Total time for which application threads were stopped: 0.0000622 seconds, Stopping threads took: 0.0000132 seconds
[2019-12-09T03:06:38.723+0000][1][safepoint    ] Application time: 0.6326534 seconds
[2019-12-09T03:06:38.723+0000][1][safepoint    ] Entering safepoint region: RevokeBias
[2019-12-09T03:06:38.723+0000][1][safepoint    ] Leaving safepoint region
[2019-12-09T03:06:38.723+0000][1][safepoint    ] Total time for which application threads were stopped: 0.0000931 seconds, Stopping threads took: 0.0000180 seconds
[2019-12-09T03:06:38.723+0000][1][safepoint    ] Application time: 0.0004041 seconds
[2019-12-09T03:06:38.723+0000][1][safepoint    ] Entering safepoint region: RevokeBias
[2019-12-09T03:06:38.723+0000][1][safepoint    ] Leaving safepoint region
[2019-12-09T03:06:38.723+0000][1][safepoint    ] Total time for which application threads were stopped: 0.0000700 seconds, Stopping threads took: 0.0000148 seconds
[2019-12-09T03:06:38.748+0000][1][safepoint    ] Application time: 0.0250023 seconds
[2019-12-09T03:06:38.749+0000][1][safepoint    ] Entering safepoint region: RevokeBias
[2019-12-09T03:06:38.749+0000][1][safepoint    ] Leaving safepoint region
[2019-12-09T03:06:38.749+0000][1][safepoint    ] Total time for which application threads were stopped: 0.0006910 seconds, Stopping threads took: 0.0000162 seconds
[2019-12-09T03:06:38.750+0000][1][safepoint    ] Application time: 0.0005077 seconds
[2019-12-09T03:06:38.750+0000][1][safepoint    ] Entering safepoint region: RevokeBias
[2019-12-09T03:06:38.750+0000][1][safepoint    ] Leaving safepoint region
[2019-12-09T03:06:38.750+0000][1][safepoint    ] Total time for which application threads were stopped: 0.0000886 seconds, Stopping threads took: 0.0000149 seconds
[2019-12-09T03:06:38.751+0000][1][safepoint    ] Application time: 0.0011601 seconds
[2019-12-09T03:06:38.751+0000][1][safepoint    ] Entering safepoint region: RevokeBias
[2019-12-09T03:06:38.751+0000][1][safepoint    ] Leaving safepoint region
[2019-12-09T03:06:38.751+0000][1][safepoint    ] Total time for which application threads were stopped: 0.0000537 seconds, Stopping threads took: 0.0000120 seconds
[2019-12-09T03:06:38.751+0000][1][safepoint    ] Application time: 0.0002941 seconds
[2019-12-09T03:06:38.751+0000][1][safepoint    ] Entering safepoint region: RevokeBias
[2019-12-09T03:06:38.751+0000][1][safepoint    ] Leaving safepoint region
[2019-12-09T03:06:38.751+0000][1][safepoint    ] Total time for which application threads were stopped: 0.0000482 seconds, Stopping threads took: 0.0000098 seconds
[2019-12-09T03:06:38.752+0000][1][safepoint    ] Application time: 0.0003501 seconds
[2019-12-09T03:06:38.752+0000][1][safepoint    ] Entering safepoint region: RevokeBias
[2019-12-09T03:06:38.752+0000][1][safepoint    ] Leaving safepoint region
[2019-12-09T03:06:38.752+0000][1][safepoint    ] Total time for which application threads were stopped: 0.0000515 seconds, Stopping threads took: 0.0000119 seconds
[2019-12-09T03:06:38.752+0000][1][safepoint    ] Application time: 0.0000701 seconds
[2019-12-09T03:06:38.752+0000][1][safepoint    ] Entering safepoint region: RevokeBias
[2019-12-09T03:06:38.752+0000][1][safepoint    ] Leaving safepoint region
[2019-12-09T03:06:38.752+0000][1][safepoint    ] Total time for which application threads were stopped: 0.0000411 seconds, Stopping threads took: 0.0000084 seconds
[2019-12-09T03:06:38.752+0000][1][safepoint    ] Application time: 0.0000527 seconds
[2019-12-09T03:06:38.752+0000][1][safepoint    ] Entering safepoint region: RevokeBias
[2019-12-09T03:06:38.752+0000][1][safepoint    ] Leaving safepoint region
[2019-12-09T03:06:38.752+0000][1][safepoint    ] Total time for which application threads were stopped: 0.0000420 seconds, Stopping threads took: 0.0000090 seconds
[2019-12-09T03:06:38.758+0000][1][safepoint    ] Application time: 0.0057238 seconds
[2019-12-09T03:06:38.758+0000][1][safepoint    ] Entering safepoint region: RevokeBias
[2019-12-09T03:06:38.758+0000][1][safepoint    ] Leaving safepoint region
[2019-12-09T03:06:38.758+0000][1][safepoint    ] Total time for which application threads were stopped: 0.0000557 seconds, Stopping threads took: 0.0000126 seconds
[2019-12-09T03:06:38.771+0000][1][safepoint    ] Application time: 0.0132232 seconds
[2019-12-09T03:06:38.771+0000][1][safepoint    ] Entering safepoint region: RevokeBias
[2019-12-09T03:06:38.771+0000][1][safepoint    ] Leaving safepoint region
[2019-12-09T03:06:38.771+0000][1][safepoint    ] Total time for which application threads were stopped: 0.0000978 seconds, Stopping threads took: 0.0000439 seconds
[2019-12-09T03:06:38.788+0000][1][safepoint    ] Application time: 0.0166863 seconds
[2019-12-09T03:06:38.788+0000][1][safepoint    ] Entering safepoint region: RevokeBias
[2019-12-09T03:06:38.788+0000][1][safepoint    ] Leaving safepoint region
[2019-12-09T03:06:38.788+0000][1][safepoint    ] Total time for which application threads were stopped: 0.0000546 seconds, Stopping threads took: 0.0000117 seconds
[2019-12-09T03:06:38.842+0000][1][safepoint    ] Application time: 0.0535245 seconds
[2019-12-09T03:06:38.842+0000][1][safepoint    ] Entering safepoint region: RevokeBias
[2019-12-09T03:06:38.842+0000][1][safepoint    ] Leaving safepoint region
[2019-12-09T03:06:38.842+0000][1][safepoint    ] Total time for which application threads were stopped: 0.0002067 seconds, Stopping threads took: 0.0000704 seconds
[2019-12-09T03:06:38.842+0000][1][safepoint    ] Application time: 0.0003570 seconds
[2019-12-09T03:06:38.842+0000][1][safepoint    ] Entering safepoint region: RevokeBias
[2019-12-09T03:06:38.842+0000][1][safepoint    ] Leaving safepoint region
[2019-12-09T03:06:38.842+0000][1][safepoint    ] Total time for which application threads were stopped: 0.0000958 seconds, Stopping threads took: 0.0000155 seconds
[2019-12-09T03:06:38.843+0000][1][safepoint    ] Application time: 0.0011284 seconds
[2019-12-09T03:06:38.843+0000][1][safepoint    ] Entering safepoint region: RevokeBias
[2019-12-09T03:06:38.843+0000][1][safepoint    ] Leaving safepoint region
[2019-12-09T03:06:38.843+0000][1][safepoint    ] Total time for which application threads were stopped: 0.0000549 seconds, Stopping threads took: 0.0000129 seconds
[2019-12-09T03:06:38.844+0000][1][safepoint    ] Application time: 0.0003998 seconds
[2019-12-09T03:06:38.844+0000][1][safepoint    ] Entering safepoint region: RevokeBias
[2019-12-09T03:06:38.844+0000][1][safepoint    ] Leaving safepoint region
[2019-12-09T03:06:38.844+0000][1][safepoint    ] Total time for which application threads were stopped: 0.0000540 seconds, Stopping threads took: 0.0000125 seconds
[2019-12-09T03:06:38.844+0000][1][safepoint    ] Application time: 0.0003327 seconds
[2019-12-09T03:06:38.844+0000][1][safepoint    ] Entering safepoint region: RevokeBias
[2019-12-09T03:06:38.844+0000][1][safepoint    ] Leaving safepoint region
[2019-12-09T03:06:38.844+0000][1][safepoint    ] Total time for which application threads were stopped: 0.0000509 seconds, Stopping threads took: 0.0000112 seconds
[2019-12-09T03:06:38.845+0000][1][safepoint    ] Application time: 0.0002630 seconds
[2019-12-09T03:06:38.845+0000][1][safepoint    ] Entering safepoint region: RevokeBias
[2019-12-09T03:06:38.845+0000][1][safepoint    ] Leaving safepoint region
[2019-12-09T03:06:38.845+0000][1][safepoint    ] Total time for which application threads were stopped: 0.0000704 seconds, Stopping threads took: 0.0000111 seconds
[2019-12-09T03:06:38.846+0000][1][safepoint    ] Application time: 0.0012065 seconds
[2019-12-09T03:06:38.846+0000][1][safepoint    ] Entering safepoint region: RevokeBias
[2019-12-09T03:06:38.846+0000][1][safepoint    ] Leaving safepoint region
[2019-12-09T03:06:38.846+0000][1][safepoint    ] Total time for which application threads were stopped: 0.0000468 seconds, Stopping threads took: 0.0000115 seconds
[2019-12-09T03:06:38.846+0000][1][safepoint    ] Application time: 0.0002680 seconds
[2019-12-09T03:06:38.846+0000][1][safepoint    ] Entering safepoint region: RevokeBias
[2019-12-09T03:06:38.846+0000][1][safepoint    ] Leaving safepoint region
[2019-12-09T03:06:38.846+0000][1][safepoint    ] Total time for which application threads were stopped: 0.0000457 seconds, Stopping threads took: 0.0000105 seconds
[2019-12-09T03:06:38.872+0000][1][safepoint    ] Application time: 0.0260890 seconds
[2019-12-09T03:06:38.873+0000][1][safepoint    ] Entering safepoint region: RevokeBias
[2019-12-09T03:06:38.873+0000][1][safepoint    ] Leaving safepoint region
[2019-12-09T03:06:38.873+0000][1][safepoint    ] Total time for which application threads were stopped: 0.0001179 seconds, Stopping threads took: 0.0000662 seconds
[2019-12-09T03:06:39.201+0000][1][safepoint    ] Application time: 0.3283851 seconds
[2019-12-09T03:06:39.201+0000][1][safepoint    ] Entering safepoint region: RevokeBias
[2019-12-09T03:06:39.201+0000][1][safepoint    ] Leaving safepoint region
[2019-12-09T03:06:39.201+0000][1][safepoint    ] Total time for which application threads were stopped: 0.0001075 seconds, Stopping threads took: 0.0000181 seconds
[2019-12-09T03:06:39.215+0000][1][safepoint    ] Application time: 0.0138925 seconds
[2019-12-09T03:06:39.215+0000][1][safepoint    ] Entering safepoint region: RevokeBias
[2019-12-09T03:06:39.215+0000][1][safepoint    ] Leaving safepoint region
[2019-12-09T03:06:39.215+0000][1][safepoint    ] Total time for which application threads were stopped: 0.0000962 seconds, Stopping threads took: 0.0000159 seconds
[2019-12-09T03:06:39.335+0000][1][safepoint    ] Application time: 0.1195870 seconds
[2019-12-09T03:06:39.335+0000][1][safepoint    ] Entering safepoint region: RevokeBias
[2019-12-09T03:06:39.335+0000][1][safepoint    ] Leaving safepoint region
[2019-12-09T03:06:39.335+0000][1][safepoint    ] Total time for which application threads were stopped: 0.0001025 seconds, Stopping threads took: 0.0000182 seconds
[2019-12-09T03:06:39.335+0000][1][safepoint    ] Application time: 0.0000526 seconds
[2019-12-09T03:06:39.335+0000][1][safepoint    ] Entering safepoint region: RevokeBias
[2019-12-09T03:06:39.335+0000][1][safepoint    ] Leaving safepoint region
[2019-12-09T03:06:39.335+0000][1][safepoint    ] Total time for which application threads were stopped: 0.0000441 seconds, Stopping threads took: 0.0000078 seconds
[2019-12-09T03:06:39.646+0000][1][safepoint    ] Application time: 0.3105750 seconds
[2019-12-09T03:06:39.646+0000][1][safepoint    ] Entering safepoint region: RevokeBias
[2019-12-09T03:06:39.646+0000][1][safepoint    ] Leaving safepoint region
[2019-12-09T03:06:39.646+0000][1][safepoint    ] Total time for which application threads were stopped: 0.0001057 seconds, Stopping threads took: 0.0000191 seconds
[2019-12-09T03:06:39.855+0000][1][safepoint    ] Application time: 0.2097819 seconds
[2019-12-09T03:06:39.915+0000][1][safepoint    ] Entering safepoint region: RevokeBias
[2019-12-09T03:06:39.915+0000][1][safepoint    ] Leaving safepoint region
[2019-12-09T03:06:39.915+0000][1][safepoint    ] Total time for which application threads were stopped: 0.0594158 seconds, Stopping threads took: 0.0592700 seconds
[2019-12-09T03:06:39.916+0000][1][safepoint    ] Application time: 0.0009124 seconds
[2019-12-09T03:06:39.916+0000][1][safepoint    ] Entering safepoint region: RevokeBias
[2019-12-09T03:06:39.916+0000][1][safepoint    ] Leaving safepoint region
[2019-12-09T03:06:39.916+0000][1][safepoint    ] Total time for which application threads were stopped: 0.0001052 seconds, Stopping threads took: 0.0000169 seconds
[2019-12-09T03:06:39.917+0000][1][safepoint    ] Application time: 0.0014275 seconds
[2019-12-09T03:06:39.917+0000][1][safepoint    ] Entering safepoint region: RevokeBias
[2019-12-09T03:06:39.918+0000][1][safepoint    ] Leaving safepoint region
[2019-12-09T03:06:39.918+0000][1][safepoint    ] Total time for which application threads were stopped: 0.0000808 seconds, Stopping threads took: 0.0000127 seconds
[2019-12-09T03:06:39.941+0000][1][safepoint    ] Application time: 0.0232968 seconds
[2019-12-09T03:06:39.969+0000][1][safepoint    ] Entering safepoint region: RevokeBias
[2019-12-09T03:06:39.969+0000][1][safepoint    ] Leaving safepoint region
[2019-12-09T03:06:39.969+0000][1][safepoint    ] Total time for which application threads were stopped: 0.0281271 seconds, Stopping threads took: 0.0280350 seconds
[2019-12-09T03:06:39.970+0000][1][safepoint    ] Application time: 0.0010283 seconds
[2019-12-09T03:06:39.970+0000][1][safepoint    ] Entering safepoint region: RevokeBias
[2019-12-09T03:06:39.970+0000][1][safepoint    ] Leaving safepoint region
[2019-12-09T03:06:39.970+0000][1][safepoint    ] Total time for which application threads were stopped: 0.0001083 seconds, Stopping threads took: 0.0000156 seconds
[2019-12-09T03:06:40.010+0000][1][safepoint    ] Application time: 0.0401838 seconds
[2019-12-09T03:06:40.010+0000][1][safepoint    ] Entering safepoint region: RevokeBias
[2019-12-09T03:06:40.010+0000][1][safepoint    ] Leaving safepoint region
[2019-12-09T03:06:40.010+0000][1][safepoint    ] Total time for which application threads were stopped: 0.0001050 seconds, Stopping threads took: 0.0000179 seconds
[2019-12-09T03:06:40.011+0000][1][safepoint    ] Application time: 0.0000808 seconds
[2019-12-09T03:06:40.011+0000][1][safepoint    ] Entering safepoint region: RevokeBias
[2019-12-09T03:06:40.011+0000][1][safepoint    ] Leaving safepoint region
[2019-12-09T03:06:40.011+0000][1][safepoint    ] Total time for which application threads were stopped: 0.0000545 seconds, Stopping threads took: 0.0000094 seconds
[2019-12-09T03:06:40.011+0000][1][safepoint    ] Application time: 0.0000689 seconds
[2019-12-09T03:06:40.011+0000][1][safepoint    ] Entering safepoint region: RevokeBias
[2019-12-09T03:06:40.011+0000][1][safepoint    ] Leaving safepoint region
[2019-12-09T03:06:40.011+0000][1][safepoint    ] Total time for which application threads were stopped: 0.0000503 seconds, Stopping threads took: 0.0000093 seconds
[2019-12-09T03:06:40.019+0000][1][safepoint    ] Application time: 0.0077910 seconds
[2019-12-09T03:06:40.079+0000][1][safepoint    ] Entering safepoint region: RevokeBias
[2019-12-09T03:06:40.079+0000][1][safepoint    ] Leaving safepoint region
[2019-12-09T03:06:40.079+0000][1][safepoint    ] Total time for which application threads were stopped: 0.0602709 seconds, Stopping threads took: 0.0601619 seconds
[2019-12-09T03:06:40.086+0000][1][safepoint    ] Application time: 0.0068845 seconds
[2019-12-09T03:06:40.097+0000][1][safepoint    ] Entering safepoint region: BulkRevokeBias
[2019-12-09T03:06:40.097+0000][1][safepoint    ] Leaving safepoint region
[2019-12-09T03:06:40.097+0000][1][safepoint    ] Total time for which application threads were stopped: 0.0110895 seconds, Stopping threads took: 0.0107543 seconds
[2019-12-09T03:06:40.155+0000][1][safepoint    ] Application time: 0.0584225 seconds
[2019-12-09T03:06:40.293+0000][1][safepoint    ] Entering safepoint region: RevokeBias
[2019-12-09T03:06:40.293+0000][1][safepoint    ] Leaving safepoint region
[2019-12-09T03:06:40.293+0000][1][safepoint    ] Total time for which application threads were stopped: 0.1375246 seconds, Stopping threads took: 0.1374219 seconds
[2019-12-09T03:06:40.315+0000][1][safepoint    ] Application time: 0.0217982 seconds
[2019-12-09T03:06:40.322+0000][1][safepoint    ] Entering safepoint region: RevokeBias
[2019-12-09T03:06:40.322+0000][1][safepoint    ] Leaving safepoint region
[2019-12-09T03:06:40.322+0000][1][safepoint    ] Total time for which application threads were stopped: 0.0070600 seconds, Stopping threads took: 0.0069874 seconds
[2019-12-09T03:06:40.402+0000][1][safepoint    ] Application time: 0.0804108 seconds
[2019-12-09T03:06:40.441+0000][1][safepoint    ] Entering safepoint region: RevokeBias
[2019-12-09T03:06:40.441+0000][1][safepoint    ] Leaving safepoint region
[2019-12-09T03:06:40.441+0000][1][safepoint    ] Total time for which application threads were stopped: 0.0386392 seconds, Stopping threads took: 0.0385433 seconds
[2019-12-09T03:06:40.448+0000][1][safepoint    ] Application time: 0.0068256 seconds
[2019-12-09T03:06:40.448+0000][1][safepoint    ] Entering safepoint region: RevokeBias
[2019-12-09T03:06:40.448+0000][1][safepoint    ] Leaving safepoint region
[2019-12-09T03:06:40.448+0000][1][safepoint    ] Total time for which application threads were stopped: 0.0001136 seconds, Stopping threads took: 0.0000155 seconds
[2019-12-09T03:06:40.448+0000][1][safepoint    ] Application time: 0.0005851 seconds
[2019-12-09T03:06:40.448+0000][1][safepoint    ] Entering safepoint region: RevokeBias
[2019-12-09T03:06:40.449+0000][1][safepoint    ] Leaving safepoint region
[2019-12-09T03:06:40.449+0000][1][safepoint    ] Total time for which application threads were stopped: 0.0001110 seconds, Stopping threads took: 0.0000135 seconds
[2019-12-09T03:06:40.449+0000][1][safepoint    ] Application time: 0.0008491 seconds
[2019-12-09T03:06:40.449+0000][1][safepoint    ] Entering safepoint region: RevokeBias
[2019-12-09T03:06:40.450+0000][1][safepoint    ] Leaving safepoint region
[2019-12-09T03:06:40.450+0000][1][safepoint    ] Total time for which application threads were stopped: 0.0004516 seconds, Stopping threads took: 0.0000126 seconds
[2019-12-09T03:06:40.451+0000][1][safepoint    ] Application time: 0.0014298 seconds
[2019-12-09T03:06:40.451+0000][1][safepoint    ] Entering safepoint region: RevokeBias
[2019-12-09T03:06:40.451+0000][1][safepoint    ] Leaving safepoint region
[2019-12-09T03:06:40.451+0000][1][safepoint    ] Total time for which application threads were stopped: 0.0000702 seconds, Stopping threads took: 0.0000139 seconds
[2019-12-09T03:06:40.474+0000][1][safepoint    ] Application time: 0.0224444 seconds
[2019-12-09T03:06:40.474+0000][1][safepoint    ] Entering safepoint region: RevokeBias
[2019-12-09T03:06:40.474+0000][1][safepoint    ] Leaving safepoint region
[2019-12-09T03:06:40.474+0000][1][safepoint    ] Total time for which application threads were stopped: 0.0001603 seconds, Stopping threads took: 0.0000809 seconds
[2019-12-09T03:06:40.474+0000][1][safepoint    ] Application time: 0.0003137 seconds
[2019-12-09T03:06:40.474+0000][1][safepoint    ] Entering safepoint region: BulkRevokeBias
[2019-12-09T03:06:40.475+0000][1][safepoint    ] Leaving safepoint region
[2019-12-09T03:06:40.475+0000][1][safepoint    ] Total time for which application threads were stopped: 0.0003794 seconds, Stopping threads took: 0.0000119 seconds
[2019-12-09T03:06:40.493+0000][1][safepoint    ] Application time: 0.0179115 seconds
[2019-12-09T03:06:40.493+0000][1][safepoint    ] Entering safepoint region: RevokeBias
[2019-12-09T03:06:40.493+0000][1][safepoint    ] Leaving safepoint region
[2019-12-09T03:06:40.493+0000][1][safepoint    ] Total time for which application threads were stopped: 0.0001036 seconds, Stopping threads took: 0.0000520 seconds
[2019-12-09T03:06:40.508+0000][1][safepoint    ] Application time: 0.0154272 seconds
[2019-12-09T03:06:40.508+0000][1][safepoint    ] Entering safepoint region: RevokeBias
[2019-12-09T03:06:40.508+0000][1][safepoint    ] Leaving safepoint region
[2019-12-09T03:06:40.508+0000][1][safepoint    ] Total time for which application threads were stopped: 0.0000730 seconds, Stopping threads took: 0.0000150 seconds
[2019-12-09T03:06:40.519+0000][1][safepoint    ] Application time: 0.0107963 seconds
[2019-12-09T03:06:40.519+0000][1][safepoint    ] Entering safepoint region: RevokeBias
[2019-12-09T03:06:40.519+0000][1][safepoint    ] Leaving safepoint region
[2019-12-09T03:06:40.519+0000][1][safepoint    ] Total time for which application threads were stopped: 0.0000709 seconds, Stopping threads took: 0.0000153 seconds
[2019-12-09T03:06:40.592+0000][1][safepoint    ] Application time: 0.0727963 seconds
[2019-12-09T03:06:40.592+0000][1][safepoint    ] Entering safepoint region: RevokeBias
[2019-12-09T03:06:40.592+0000][1][safepoint    ] Leaving safepoint region
[2019-12-09T03:06:40.592+0000][1][safepoint    ] Total time for which application threads were stopped: 0.0001543 seconds, Stopping threads took: 0.0000580 seconds
[2019-12-09T03:06:40.592+0000][1][safepoint    ] Application time: 0.0000713 seconds
[2019-12-09T03:06:40.592+0000][1][safepoint    ] Entering safepoint region: RevokeBias
[2019-12-09T03:06:40.592+0000][1][safepoint    ] Leaving safepoint region
[2019-12-09T03:06:40.592+0000][1][safepoint    ] Total time for which application threads were stopped: 0.0000639 seconds, Stopping threads took: 0.0000101 seconds
[2019-12-09T03:06:40.592+0000][1][safepoint    ] Application time: 0.0000575 seconds
[2019-12-09T03:06:40.593+0000][1][safepoint    ] Entering safepoint region: RevokeBias
[2019-12-09T03:06:40.593+0000][1][safepoint    ] Leaving safepoint region
[2019-12-09T03:06:40.593+0000][1][safepoint    ] Total time for which application threads were stopped: 0.0000586 seconds, Stopping threads took: 0.0000094 seconds
[2019-12-09T03:06:40.594+0000][1][safepoint    ] Application time: 0.0009338 seconds
[2019-12-09T03:06:40.594+0000][1][safepoint    ] Entering safepoint region: RevokeBias
[2019-12-09T03:06:40.594+0000][1][safepoint    ] Leaving safepoint region
[2019-12-09T03:06:40.594+0000][1][safepoint    ] Total time for which application threads were stopped: 0.0000780 seconds, Stopping threads took: 0.0000148 seconds
[2019-12-09T03:06:40.611+0000][1][safepoint    ] Application time: 0.0173476 seconds
[2019-12-09T03:06:40.611+0000][1][safepoint    ] Entering safepoint region: RevokeBias
[2019-12-09T03:06:40.611+0000][1][safepoint    ] Leaving safepoint region
[2019-12-09T03:06:40.611+0000][1][safepoint    ] Total time for which application threads were stopped: 0.0000832 seconds, Stopping threads took: 0.0000138 seconds
[2019-12-09T03:06:40.611+0000][1][safepoint    ] Application time: 0.0000659 seconds
[2019-12-09T03:06:40.611+0000][1][safepoint    ] Entering safepoint region: RevokeBias
[2019-12-09T03:06:40.611+0000][1][safepoint    ] Leaving safepoint region
[2019-12-09T03:06:40.611+0000][1][safepoint    ] Total time for which application threads were stopped: 0.0000550 seconds, Stopping threads took: 0.0000096 seconds
[2019-12-09T03:06:41.120+0000][1][safepoint    ] Application time: 0.5088807 seconds
[2019-12-09T03:06:41.120+0000][1][safepoint    ] Entering safepoint region: RevokeBias
[2019-12-09T03:06:41.120+0000][1][safepoint    ] Leaving safepoint region
[2019-12-09T03:06:41.120+0000][1][safepoint    ] Total time for which application threads were stopped: 0.0001700 seconds, Stopping threads took: 0.0000950 seconds
[2019-12-09T03:06:41.124+0000][1][safepoint    ] Application time: 0.0040585 seconds
[2019-12-09T03:06:41.124+0000][1][safepoint    ] Entering safepoint region: RevokeBias
[2019-12-09T03:06:41.125+0000][1][safepoint    ] Leaving safepoint region
[2019-12-09T03:06:41.125+0000][1][safepoint    ] Total time for which application threads were stopped: 0.0001300 seconds, Stopping threads took: 0.0000573 seconds
[2019-12-09T03:06:41.125+0000][1][safepoint    ] Application time: 0.0002616 seconds
[2019-12-09T03:06:41.125+0000][1][safepoint    ] Entering safepoint region: RevokeBias
[2019-12-09T03:06:41.125+0000][1][safepoint    ] Leaving safepoint region
[2019-12-09T03:06:41.125+0000][1][safepoint    ] Total time for which application threads were stopped: 0.0000618 seconds, Stopping threads took: 0.0000119 seconds
[2019-12-09T03:06:41.125+0000][1][safepoint    ] Application time: 0.0000631 seconds
[2019-12-09T03:06:41.125+0000][1][safepoint    ] Entering safepoint region: RevokeBias
[2019-12-09T03:06:41.125+0000][1][safepoint    ] Leaving safepoint region
[2019-12-09T03:06:41.125+0000][1][safepoint    ] Total time for which application threads were stopped: 0.0000462 seconds, Stopping threads took: 0.0000089 seconds
[2019-12-09T03:06:41.125+0000][1][safepoint    ] Application time: 0.0001761 seconds
[2019-12-09T03:06:41.125+0000][1][safepoint    ] Entering safepoint region: RevokeBias
[2019-12-09T03:06:41.125+0000][1][safepoint    ] Leaving safepoint region
[2019-12-09T03:06:41.125+0000][1][safepoint    ] Total time for which application threads were stopped: 0.0000501 seconds, Stopping threads took: 0.0000099 seconds
[2019-12-09T03:06:41.235+0000][1][safepoint    ] Application time: 0.1094636 seconds
[2019-12-09T03:06:41.242+0000][1][safepoint    ] Entering safepoint region: RevokeBias
[2019-12-09T03:06:41.242+0000][1][safepoint    ] Leaving safepoint region
[2019-12-09T03:06:41.242+0000][1][safepoint    ] Total time for which application threads were stopped: 0.0070860 seconds, Stopping threads took: 0.0070124 seconds
[2019-12-09T03:06:41.252+0000][1][safepoint    ] Application time: 0.0101754 seconds
[2019-12-09T03:06:41.252+0000][1][safepoint    ] Entering safepoint region: RevokeBias
[2019-12-09T03:06:41.252+0000][1][safepoint    ] Leaving safepoint region
[2019-12-09T03:06:41.252+0000][1][safepoint    ] Total time for which application threads were stopped: 0.0000828 seconds, Stopping threads took: 0.0000174 seconds
[2019-12-09T03:06:41.275+0000][1][safepoint    ] Application time: 0.0230945 seconds
[2019-12-09T03:06:41.275+0000][1][safepoint    ] Entering safepoint region: BulkRevokeBias
[2019-12-09T03:06:41.276+0000][1][safepoint    ] Leaving safepoint region
[2019-12-09T03:06:41.276+0000][1][safepoint    ] Total time for which application threads were stopped: 0.0009134 seconds, Stopping threads took: 0.0000181 seconds
[2019-12-09T03:06:41.276+0000][1][safepoint    ] Application time: 0.0000579 seconds
[2019-12-09T03:06:41.276+0000][1][safepoint    ] Entering safepoint region: RevokeBias
[2019-12-09T03:06:41.276+0000][1][safepoint    ] Leaving safepoint region
[2019-12-09T03:06:41.276+0000][1][safepoint    ] Total time for which application threads were stopped: 0.0000737 seconds, Stopping threads took: 0.0000118 seconds
[2019-12-09T03:06:42.355+0000][1][safepoint    ] Application time: 1.0788281 seconds
[2019-12-09T03:06:42.355+0000][1][safepoint    ] Entering safepoint region: BulkRevokeBias
[2019-12-09T03:06:42.356+0000][1][safepoint    ] Leaving safepoint region
[2019-12-09T03:06:42.362+0000][1][safepoint    ] Total time for which application threads were stopped: 0.0065533 seconds, Stopping threads took: 0.0000186 seconds
[2019-12-09T03:06:42.428+0000][1][safepoint    ] Application time: 0.0666576 seconds
[2019-12-09T03:06:42.429+0000][1][safepoint    ] Entering safepoint region: RevokeBias
[2019-12-09T03:06:42.429+0000][1][safepoint    ] Leaving safepoint region
[2019-12-09T03:06:42.429+0000][1][safepoint    ] Total time for which application threads were stopped: 0.0002014 seconds, Stopping threads took: 0.0001214 seconds
[2019-12-09T03:06:42.452+0000][1][safepoint    ] Application time: 0.0233782 seconds
[2019-12-09T03:06:42.452+0000][1][safepoint    ] Entering safepoint region: RevokeBias
[2019-12-09T03:06:42.452+0000][1][safepoint    ] Leaving safepoint region
[2019-12-09T03:06:42.452+0000][1][safepoint    ] Total time for which application threads were stopped: 0.0001419 seconds, Stopping threads took: 0.0000698 seconds
[2019-12-09T03:06:42.510+0000][1][safepoint    ] Application time: 0.0576383 seconds
[2019-12-09T03:06:42.510+0000][1][safepoint    ] Entering safepoint region: RevokeBias
[2019-12-09T03:06:42.510+0000][1][safepoint    ] Leaving safepoint region
[2019-12-09T03:06:42.510+0000][1][safepoint    ] Total time for which application threads were stopped: 0.0000953 seconds, Stopping threads took: 0.0000196 seconds
[2019-12-09T03:06:42.510+0000][1][safepoint    ] Application time: 0.0000852 seconds
[2019-12-09T03:06:42.510+0000][1][safepoint    ] Entering safepoint region: RevokeBias
[2019-12-09T03:06:42.510+0000][1][safepoint    ] Leaving safepoint region
[2019-12-09T03:06:42.510+0000][1][safepoint    ] Total time for which application threads were stopped: 0.0000533 seconds, Stopping threads took: 0.0000103 seconds
[2019-12-09T03:06:42.583+0000][1][safepoint    ] Application time: 0.0726046 seconds
[2019-12-09T03:06:42.583+0000][1][safepoint    ] Entering safepoint region: RevokeBias
[2019-12-09T03:06:42.583+0000][1][safepoint    ] Leaving safepoint region
[2019-12-09T03:06:42.583+0000][1][safepoint    ] Total time for which application threads were stopped: 0.0000938 seconds, Stopping threads took: 0.0000179 seconds
[2019-12-09T03:06:42.583+0000][1][safepoint    ] Application time: 0.0000591 seconds
[2019-12-09T03:06:42.583+0000][1][safepoint    ] Entering safepoint region: RevokeBias
[2019-12-09T03:06:42.583+0000][1][safepoint    ] Leaving safepoint region
[2019-12-09T03:06:42.583+0000][1][safepoint    ] Total time for which application threads were stopped: 0.0000394 seconds, Stopping threads took: 0.0000083 seconds
[2019-12-09T03:06:42.583+0000][1][safepoint    ] Application time: 0.0003020 seconds
[2019-12-09T03:06:42.583+0000][1][safepoint    ] Entering safepoint region: RevokeBias
[2019-12-09T03:06:42.583+0000][1][safepoint    ] Leaving safepoint region
[2019-12-09T03:06:42.583+0000][1][safepoint    ] Total time for which application threads were stopped: 0.0000604 seconds, Stopping threads took: 0.0000136 seconds
[2019-12-09T03:06:42.583+0000][1][safepoint    ] Application time: 0.0000615 seconds
[2019-12-09T03:06:42.583+0000][1][safepoint    ] Entering safepoint region: RevokeBias
[2019-12-09T03:06:42.583+0000][1][safepoint    ] Leaving safepoint region
[2019-12-09T03:06:42.583+0000][1][safepoint    ] Total time for which application threads were stopped: 0.0000505 seconds, Stopping threads took: 0.0000106 seconds
[2019-12-09T03:06:42.584+0000][1][safepoint    ] Application time: 0.0000556 seconds
[2019-12-09T03:06:42.584+0000][1][safepoint    ] Entering safepoint region: RevokeBias
[2019-12-09T03:06:42.584+0000][1][safepoint    ] Leaving safepoint region
[2019-12-09T03:06:42.584+0000][1][safepoint    ] Total time for which application threads were stopped: 0.0000454 seconds, Stopping threads took: 0.0000095 seconds
[2019-12-09T03:06:42.584+0000][1][safepoint    ] Application time: 0.0000529 seconds
[2019-12-09T03:06:42.584+0000][1][safepoint    ] Entering safepoint region: RevokeBias
[2019-12-09T03:06:42.584+0000][1][safepoint    ] Leaving safepoint region
[2019-12-09T03:06:42.584+0000][1][safepoint    ] Total time for which application threads were stopped: 0.0000682 seconds, Stopping threads took: 0.0000293 seconds
[2019-12-09T03:06:42.584+0000][1][safepoint    ] Application time: 0.0000561 seconds
[2019-12-09T03:06:42.584+0000][1][safepoint    ] Entering safepoint region: RevokeBias
[2019-12-09T03:06:42.584+0000][1][safepoint    ] Leaving safepoint region
[2019-12-09T03:06:42.584+0000][1][safepoint    ] Total time for which application threads were stopped: 0.0000531 seconds, Stopping threads took: 0.0000098 seconds
[2019-12-09T03:06:42.584+0000][1][safepoint    ] Application time: 0.0000457 seconds
[2019-12-09T03:06:42.584+0000][1][safepoint    ] Entering safepoint region: RevokeBias
[2019-12-09T03:06:42.584+0000][1][safepoint    ] Leaving safepoint region
[2019-12-09T03:06:42.584+0000][1][safepoint    ] Total time for which application threads were stopped: 0.0000405 seconds, Stopping threads took: 0.0000087 seconds
[2019-12-09T03:06:42.821+0000][1][safepoint    ] Application time: 0.2374690 seconds
[2019-12-09T03:06:42.821+0000][1][safepoint    ] Entering safepoint region: RevokeBias
[2019-12-09T03:06:42.822+0000][1][safepoint    ] Leaving safepoint region
[2019-12-09T03:06:42.822+0000][1][safepoint    ] Total time for which application threads were stopped: 0.0000991 seconds, Stopping threads took: 0.0000198 seconds
[2019-12-09T03:06:42.905+0000][1][safepoint    ] Application time: 0.0831190 seconds
[2019-12-09T03:06:42.905+0000][1][safepoint    ] Entering safepoint region: RevokeBias
[2019-12-09T03:06:42.905+0000][1][safepoint    ] Leaving safepoint region
[2019-12-09T03:06:42.905+0000][1][safepoint    ] Total time for which application threads were stopped: 0.0001494 seconds, Stopping threads took: 0.0000685 seconds
[2019-12-09T03:06:42.912+0000][1][safepoint    ] Application time: 0.0067093 seconds
[2019-12-09T03:06:42.912+0000][1][safepoint    ] Entering safepoint region: RevokeBias
[2019-12-09T03:06:42.912+0000][1][safepoint    ] Leaving safepoint region
[2019-12-09T03:06:42.912+0000][1][safepoint    ] Total time for which application threads were stopped: 0.0001160 seconds, Stopping threads took: 0.0000194 seconds
[2019-12-09T03:06:43.913+0000][1][safepoint    ] Application time: 1.0009509 seconds
[2019-12-09T03:06:43.913+0000][1][safepoint    ] Entering safepoint region: Cleanup
[2019-12-09T03:06:43.913+0000][1][safepoint    ] Leaving safepoint region
[2019-12-09T03:06:43.913+0000][1][safepoint    ] Total time for which application threads were stopped: 0.0001108 seconds, Stopping threads took: 0.0000247 seconds
[2019-12-09T03:06:44.101+0000][1][safepoint    ] Application time: 0.1878776 seconds
[2019-12-09T03:06:44.101+0000][1][safepoint    ] Entering safepoint region: RevokeBias
[2019-12-09T03:06:44.101+0000][1][safepoint    ] Leaving safepoint region
[2019-12-09T03:06:44.101+0000][1][safepoint    ] Total time for which application threads were stopped: 0.0001640 seconds, Stopping threads took: 0.0000818 seconds
[2019-12-09T03:06:44.111+0000][1][safepoint    ] Application time: 0.0099086 seconds
[2019-12-09T03:06:44.111+0000][1][safepoint    ] Entering safepoint region: RevokeBias
[2019-12-09T03:06:44.111+0000][1][safepoint    ] Leaving safepoint region
[2019-12-09T03:06:44.111+0000][1][safepoint    ] Total time for which application threads were stopped: 0.0001266 seconds, Stopping threads took: 0.0000517 seconds
[2019-12-09T03:06:44.118+0000][1][safepoint    ] Application time: 0.0072811 seconds
[2019-12-09T03:06:44.118+0000][1][safepoint    ] Entering safepoint region: RevokeBias
[2019-12-09T03:06:44.118+0000][1][safepoint    ] Leaving safepoint region
[2019-12-09T03:06:44.118+0000][1][safepoint    ] Total time for which application threads were stopped: 0.0001129 seconds, Stopping threads took: 0.0000478 seconds
[2019-12-09T03:06:45.119+0000][1][safepoint    ] Application time: 1.0002551 seconds
[2019-12-09T03:06:45.142+0000][1][safepoint    ] Entering safepoint region: Cleanup
[2019-12-09T03:06:45.142+0000][1][safepoint    ] Leaving safepoint region
[2019-12-09T03:06:45.142+0000][1][safepoint    ] Total time for which application threads were stopped: 0.0232352 seconds, Stopping threads took: 0.0231413 seconds
[2019-12-09T03:06:46.143+0000][1][safepoint    ] Application time: 1.0007263 seconds
[2019-12-09T03:06:46.143+0000][1][safepoint    ] Entering safepoint region: Cleanup
[2019-12-09T03:06:46.143+0000][1][safepoint    ] Leaving safepoint region
[2019-12-09T03:06:46.143+0000][1][safepoint    ] Total time for which application threads were stopped: 0.0001111 seconds, Stopping threads took: 0.0000208 seconds
[2019-12-09T03:06:46.441+0000][1][safepoint    ] Application time: 0.2981682 seconds
[2019-12-09T03:06:46.441+0000][1][safepoint    ] Entering safepoint region: RevokeBias
[2019-12-09T03:06:46.441+0000][1][safepoint    ] Leaving safepoint region
[2019-12-09T03:06:46.441+0000][1][safepoint    ] Total time for which application threads were stopped: 0.0001520 seconds, Stopping threads took: 0.0000507 seconds
[2019-12-09T03:06:46.644+0000][1][safepoint    ] Application time: 0.2025371 seconds
[2019-12-09T03:06:46.644+0000][1][safepoint    ] Entering safepoint region: RevokeBias
[2019-12-09T03:06:46.644+0000][1][safepoint    ] Leaving safepoint region
[2019-12-09T03:06:46.644+0000][1][safepoint    ] Total time for which application threads were stopped: 0.0001196 seconds, Stopping threads took: 0.0000201 seconds
[2019-12-09T03:06:47.645+0000][1][safepoint    ] Application time: 1.0008111 seconds
[2019-12-09T03:06:47.645+0000][1][safepoint    ] Entering safepoint region: Cleanup
[2019-12-09T03:06:47.645+0000][1][safepoint    ] Leaving safepoint region
[2019-12-09T03:06:47.645+0000][1][safepoint    ] Total time for which application threads were stopped: 0.0001314 seconds, Stopping threads took: 0.0000240 seconds
[2019-12-09T03:06:48.647+0000][1][safepoint    ] Application time: 1.0018690 seconds
[2019-12-09T03:06:48.647+0000][1][safepoint    ] Entering safepoint region: Cleanup
[2019-12-09T03:06:48.647+0000][1][safepoint    ] Leaving safepoint region
[2019-12-09T03:06:48.647+0000][1][safepoint    ] Total time for which application threads were stopped: 0.0001174 seconds, Stopping threads took: 0.0000259 seconds
[2019-12-09T03:06:49.649+0000][1][safepoint    ] Application time: 1.0017658 seconds
[2019-12-09T03:06:49.649+0000][1][safepoint    ] Entering safepoint region: Cleanup
[2019-12-09T03:06:49.649+0000][1][safepoint    ] Leaving safepoint region
[2019-12-09T03:06:49.649+0000][1][safepoint    ] Total time for which application threads were stopped: 0.0001256 seconds, Stopping threads took: 0.0000287 seconds
[2019-12-09T03:06:50.652+0000][1][safepoint    ] Application time: 1.0028250 seconds
[2019-12-09T03:06:50.652+0000][1][safepoint    ] Entering safepoint region: Cleanup
[2019-12-09T03:06:50.652+0000][1][safepoint    ] Leaving safepoint region
[2019-12-09T03:06:50.652+0000][1][safepoint    ] Total time for which application threads were stopped: 0.0001251 seconds, Stopping threads took: 0.0000251 seconds
[2019-12-09T03:06:51.654+0000][1][safepoint    ] Application time: 1.0018116 seconds
[2019-12-09T03:06:51.654+0000][1][safepoint    ] Entering safepoint region: Cleanup
[2019-12-09T03:06:51.654+0000][1][safepoint    ] Leaving safepoint region
[2019-12-09T03:06:51.654+0000][1][safepoint    ] Total time for which application threads were stopped: 0.0001053 seconds, Stopping threads took: 0.0000256 seconds
[2019-12-09T03:06:52.659+0000][1][safepoint    ] Application time: 1.0048412 seconds
[2019-12-09T03:06:52.659+0000][1][safepoint    ] Entering safepoint region: Cleanup
[2019-12-09T03:06:52.659+0000][1][safepoint    ] Leaving safepoint region
[2019-12-09T03:06:52.659+0000][1][safepoint    ] Total time for which application threads were stopped: 0.0001071 seconds, Stopping threads took: 0.0000243 seconds
[2019-12-09T03:06:53.661+0000][1][safepoint    ] Application time: 1.0018732 seconds
[2019-12-09T03:06:53.661+0000][1][safepoint    ] Entering safepoint region: Cleanup
[2019-12-09T03:06:53.661+0000][1][safepoint    ] Leaving safepoint region
[2019-12-09T03:06:53.661+0000][1][safepoint    ] Total time for which application threads were stopped: 0.0001240 seconds, Stopping threads took: 0.0000275 seconds
[2019-12-09T03:06:54.662+0000][1][safepoint    ] Application time: 1.0008057 seconds
[2019-12-09T03:06:54.662+0000][1][safepoint    ] Entering safepoint region: Cleanup
[2019-12-09T03:06:54.662+0000][1][safepoint    ] Leaving safepoint region
[2019-12-09T03:06:54.662+0000][1][safepoint    ] Total time for which application threads were stopped: 0.0001780 seconds, Stopping threads took: 0.0000282 seconds
[2019-12-09T03:06:55.664+0000][1][safepoint    ] Application time: 1.0021490 seconds
[2019-12-09T03:06:55.664+0000][1][safepoint    ] Entering safepoint region: Cleanup
[2019-12-09T03:06:55.664+0000][1][safepoint    ] Leaving safepoint region
[2019-12-09T03:06:55.664+0000][1][safepoint    ] Total time for which application threads were stopped: 0.0001111 seconds, Stopping threads took: 0.0000255 seconds
[2019-12-09T03:06:56.671+0000][1][safepoint    ] Application time: 1.0064818 seconds
[2019-12-09T03:06:56.671+0000][1][safepoint    ] Entering safepoint region: Cleanup
[2019-12-09T03:06:56.671+0000][1][safepoint    ] Leaving safepoint region
[2019-12-09T03:06:56.671+0000][1][safepoint    ] Total time for which application threads were stopped: 0.0001028 seconds, Stopping threads took: 0.0000227 seconds
[2019-12-09T03:06:57.678+0000][1][safepoint    ] Application time: 1.0069179 seconds
[2019-12-09T03:06:57.678+0000][1][safepoint    ] Entering safepoint region: Cleanup
[2019-12-09T03:06:57.678+0000][1][safepoint    ] Leaving safepoint region
[2019-12-09T03:06:57.678+0000][1][safepoint    ] Total time for which application threads were stopped: 0.0001097 seconds, Stopping threads took: 0.0000242 seconds
[2019-12-09T03:06:58.679+0000][1][safepoint    ] Application time: 1.0007598 seconds
[2019-12-09T03:06:58.679+0000][1][safepoint    ] Entering safepoint region: Cleanup
[2019-12-09T03:06:58.679+0000][1][safepoint    ] Leaving safepoint region
[2019-12-09T03:06:58.679+0000][1][safepoint    ] Total time for which application threads were stopped: 0.0001121 seconds, Stopping threads took: 0.0000247 seconds
[2019-12-09T03:06:59.682+0000][1][safepoint    ] Application time: 1.0028050 seconds
[2019-12-09T03:06:59.682+0000][1][safepoint    ] Entering safepoint region: Cleanup
[2019-12-09T03:06:59.682+0000][1][safepoint    ] Leaving safepoint region
[2019-12-09T03:06:59.682+0000][1][safepoint    ] Total time for which application threads were stopped: 0.0001057 seconds, Stopping threads took: 0.0000231 seconds
[2019-12-09T03:07:00.683+0000][1][safepoint    ] Application time: 1.0008609 seconds
[2019-12-09T03:07:00.683+0000][1][safepoint    ] Entering safepoint region: Cleanup
[2019-12-09T03:07:00.683+0000][1][safepoint    ] Leaving safepoint region
[2019-12-09T03:07:00.683+0000][1][safepoint    ] Total time for which application threads were stopped: 0.0001126 seconds, Stopping threads took: 0.0000245 seconds
[2019-12-09T03:07:01.685+0000][1][safepoint    ] Application time: 1.0018251 seconds
[2019-12-09T03:07:01.685+0000][1][safepoint    ] Entering safepoint region: Cleanup
[2019-12-09T03:07:01.685+0000][1][safepoint    ] Leaving safepoint region
[2019-12-09T03:07:01.685+0000][1][safepoint    ] Total time for which application threads were stopped: 0.0001037 seconds, Stopping threads took: 0.0000218 seconds
[2019-12-09T03:07:02.692+0000][1][safepoint    ] Application time: 1.0069387 seconds
[2019-12-09T03:07:02.692+0000][1][safepoint    ] Entering safepoint region: Cleanup
[2019-12-09T03:07:02.692+0000][1][safepoint    ] Leaving safepoint region
[2019-12-09T03:07:02.692+0000][1][safepoint    ] Total time for which application threads were stopped: 0.0001264 seconds, Stopping threads took: 0.0000286 seconds
[2019-12-09T03:07:03.696+0000][1][safepoint    ] Application time: 1.0037320 seconds
[2019-12-09T03:07:03.696+0000][1][safepoint    ] Entering safepoint region: Cleanup
[2019-12-09T03:07:03.696+0000][1][safepoint    ] Leaving safepoint region
[2019-12-09T03:07:03.696+0000][1][safepoint    ] Total time for which application threads were stopped: 0.0001329 seconds, Stopping threads took: 0.0000356 seconds
[2019-12-09T03:07:04.697+0000][1][safepoint    ] Application time: 1.0008214 seconds
[2019-12-09T03:07:04.697+0000][1][safepoint    ] Entering safepoint region: Cleanup
[2019-12-09T03:07:04.697+0000][1][safepoint    ] Leaving safepoint region
[2019-12-09T03:07:04.697+0000][1][safepoint    ] Total time for which application threads were stopped: 0.0001135 seconds, Stopping threads took: 0.0000270 seconds
[2019-12-09T03:07:05.700+0000][1][safepoint    ] Application time: 1.0028363 seconds
[2019-12-09T03:07:05.700+0000][1][safepoint    ] Entering safepoint region: Cleanup
[2019-12-09T03:07:05.700+0000][1][safepoint    ] Leaving safepoint region
[2019-12-09T03:07:05.700+0000][1][safepoint    ] Total time for which application threads were stopped: 0.0001355 seconds, Stopping threads took: 0.0000272 seconds
[2019-12-09T03:07:06.701+0000][1][safepoint    ] Application time: 1.0008040 seconds
[2019-12-09T03:07:06.701+0000][1][safepoint    ] Entering safepoint region: Cleanup
[2019-12-09T03:07:06.701+0000][1][safepoint    ] Leaving safepoint region
[2019-12-09T03:07:06.701+0000][1][safepoint    ] Total time for which application threads were stopped: 0.0001250 seconds, Stopping threads took: 0.0000282 seconds
[2019-12-09T03:07:07.702+0000][1][safepoint    ] Application time: 1.0009014 seconds
[2019-12-09T03:07:07.702+0000][1][safepoint    ] Entering safepoint region: Cleanup
[2019-12-09T03:07:07.702+0000][1][safepoint    ] Leaving safepoint region
[2019-12-09T03:07:07.702+0000][1][safepoint    ] Total time for which application threads were stopped: 0.0001112 seconds, Stopping threads took: 0.0000257 seconds
[2019-12-09T03:07:08.703+0000][1][safepoint    ] Application time: 1.0007438 seconds
[2019-12-09T03:07:08.703+0000][1][safepoint    ] Entering safepoint region: Cleanup
[2019-12-09T03:07:08.703+0000][1][safepoint    ] Leaving safepoint region
[2019-12-09T03:07:08.703+0000][1][safepoint    ] Total time for which application threads were stopped: 0.0001040 seconds, Stopping threads took: 0.0000240 seconds
[2019-12-09T03:07:09.707+0000][1][safepoint    ] Application time: 1.0038388 seconds
[2019-12-09T03:07:09.707+0000][1][safepoint    ] Entering safepoint region: Cleanup
[2019-12-09T03:07:09.707+0000][1][safepoint    ] Leaving safepoint region
[2019-12-09T03:07:09.707+0000][1][safepoint    ] Total time for which application threads were stopped: 0.0001083 seconds, Stopping threads took: 0.0000230 seconds
[2019-12-09T03:07:10.711+0000][1][safepoint    ] Application time: 1.0038677 seconds
[2019-12-09T03:07:10.711+0000][1][safepoint    ] Entering safepoint region: Cleanup
[2019-12-09T03:07:10.711+0000][1][safepoint    ] Leaving safepoint region
[2019-12-09T03:07:10.711+0000][1][safepoint    ] Total time for which application threads were stopped: 0.0001048 seconds, Stopping threads took: 0.0000251 seconds
[2019-12-09T03:07:11.715+0000][1][safepoint    ] Application time: 1.0038155 seconds
[2019-12-09T03:07:11.715+0000][1][safepoint    ] Entering safepoint region: Cleanup
[2019-12-09T03:07:11.715+0000][1][safepoint    ] Leaving safepoint region
[2019-12-09T03:07:11.715+0000][1][safepoint    ] Total time for which application threads were stopped: 0.0001159 seconds, Stopping threads took: 0.0000250 seconds
[2019-12-09T03:07:12.720+0000][1][safepoint    ] Application time: 1.0048333 seconds
[2019-12-09T03:07:12.720+0000][1][safepoint    ] Entering safepoint region: Cleanup
[2019-12-09T03:07:12.720+0000][1][safepoint    ] Leaving safepoint region
[2019-12-09T03:07:12.720+0000][1][safepoint    ] Total time for which application threads were stopped: 0.0001416 seconds, Stopping threads took: 0.0000271 seconds
[2019-12-09T03:07:13.720+0000][1][safepoint    ] Application time: 1.0000877 seconds
[2019-12-09T03:07:13.720+0000][1][safepoint    ] Entering safepoint region: Cleanup
[2019-12-09T03:07:13.720+0000][1][safepoint    ] Leaving safepoint region
[2019-12-09T03:07:13.720+0000][1][safepoint    ] Total time for which application threads were stopped: 0.0001258 seconds, Stopping threads took: 0.0000358 seconds
[2019-12-09T03:07:14.720+0000][1][safepoint    ] Application time: 1.0000780 seconds
[2019-12-09T03:07:14.720+0000][1][safepoint    ] Entering safepoint region: Cleanup
[2019-12-09T03:07:14.720+0000][1][safepoint    ] Leaving safepoint region
[2019-12-09T03:07:14.720+0000][1][safepoint    ] Total time for which application threads were stopped: 0.0000875 seconds, Stopping threads took: 0.0000200 seconds
[2019-12-09T03:07:15.720+0000][1][safepoint    ] Application time: 1.0000740 seconds
[2019-12-09T03:07:15.721+0000][1][safepoint    ] Entering safepoint region: Cleanup
[2019-12-09T03:07:15.721+0000][1][safepoint    ] Leaving safepoint region
[2019-12-09T03:07:15.721+0000][1][safepoint    ] Total time for which application threads were stopped: 0.0000847 seconds, Stopping threads took: 0.0000240 seconds
[2019-12-09T03:07:16.721+0000][1][safepoint    ] Application time: 1.0000740 seconds
[2019-12-09T03:07:16.721+0000][1][safepoint    ] Entering safepoint region: Cleanup
[2019-12-09T03:07:16.721+0000][1][safepoint    ] Leaving safepoint region
[2019-12-09T03:07:16.721+0000][1][safepoint    ] Total time for which application threads were stopped: 0.0000853 seconds, Stopping threads took: 0.0000179 seconds
[2019-12-09T03:07:17.721+0000][1][safepoint    ] Application time: 1.0000736 seconds
[2019-12-09T03:07:17.721+0000][1][safepoint    ] Entering safepoint region: Cleanup
[2019-12-09T03:07:17.721+0000][1][safepoint    ] Leaving safepoint region
[2019-12-09T03:07:17.721+0000][1][safepoint    ] Total time for which application threads were stopped: 0.0000848 seconds, Stopping threads took: 0.0000158 seconds
[2019-12-09T03:07:18.081+0000][1][safepoint    ] Application time: 0.3601854 seconds
[2019-12-09T03:07:18.081+0000][1][safepoint    ] Entering safepoint region: GenCollectForAllocation
[2019-12-09T03:07:18.081+0000][1][gc,start     ] GC(23) Pause Young (Allocation Failure)
[2019-12-09T03:07:18.081+0000][1][gc,task      ] GC(23) Using 2 workers of 2 for evacuation
[2019-12-09T03:07:18.099+0000][1][gc,age       ] GC(23) Desired survivor size 4456448 bytes, new threshold 2 (max threshold 6)
[2019-12-09T03:07:18.099+0000][1][gc,age       ] GC(23) Age table with threshold 2 (max threshold 6)
[2019-12-09T03:07:18.099+0000][1][gc,age       ] GC(23) - age   1:    1517040 bytes,    1517040 total
[2019-12-09T03:07:18.099+0000][1][gc,age       ] GC(23) - age   2:    3432512 bytes,    4949552 total
[2019-12-09T03:07:18.099+0000][1][gc,heap      ] GC(23) ParNew: 76893K->7363K(78656K)
[2019-12-09T03:07:18.099+0000][1][gc,heap      ] GC(23) CMS: 62907K->64542K(174784K)
[2019-12-09T03:07:18.099+0000][1][gc,metaspace ] GC(23) Metaspace: 67473K->67473K(1110016K)
[2019-12-09T03:07:18.099+0000][1][gc           ] GC(23) Pause Young (Allocation Failure) 136M->70M(247M) 17.660ms
[2019-12-09T03:07:18.099+0000][1][gc,cpu       ] GC(23) User=0.04s Sys=0.00s Real=0.02s
[2019-12-09T03:07:18.099+0000][1][safepoint    ] Leaving safepoint region
[2019-12-09T03:07:18.099+0000][1][safepoint    ] Total time for which application threads were stopped: 0.0178184 seconds, Stopping threads took: 0.0000181 seconds
[2019-12-09T03:07:19.099+0000][1][safepoint    ] Application time: 1.0000961 seconds
[2019-12-09T03:07:19.099+0000][1][safepoint    ] Entering safepoint region: Cleanup
[2019-12-09T03:07:19.099+0000][1][safepoint    ] Leaving safepoint region
[2019-12-09T03:07:19.099+0000][1][safepoint    ] Total time for which application threads were stopped: 0.0001274 seconds, Stopping threads took: 0.0000272 seconds
[2019-12-09T03:07:20.099+0000][1][safepoint    ] Application time: 1.0000753 seconds
[2019-12-09T03:07:20.099+0000][1][safepoint    ] Entering safepoint region: Cleanup
[2019-12-09T03:07:20.100+0000][1][safepoint    ] Leaving safepoint region
[2019-12-09T03:07:20.100+0000][1][safepoint    ] Total time for which application threads were stopped: 0.0000890 seconds, Stopping threads took: 0.0000193 seconds
[2019-12-09T03:07:21.100+0000][1][safepoint    ] Application time: 1.0000746 seconds
[2019-12-09T03:07:21.100+0000][1][safepoint    ] Entering safepoint region: Cleanup
[2019-12-09T03:07:21.100+0000][1][safepoint    ] Leaving safepoint region
[2019-12-09T03:07:21.100+0000][1][safepoint    ] Total time for which application threads were stopped: 0.0001065 seconds, Stopping threads took: 0.0000188 seconds
[2019-12-09T03:07:22.100+0000][1][safepoint    ] Application time: 1.0000755 seconds
[2019-12-09T03:07:22.100+0000][1][safepoint    ] Entering safepoint region: Cleanup
[2019-12-09T03:07:22.100+0000][1][safepoint    ] Leaving safepoint region
[2019-12-09T03:07:22.100+0000][1][safepoint    ] Total time for which application threads were stopped: 0.0000856 seconds, Stopping threads took: 0.0000204 seconds
[2019-12-09T03:07:23.100+0000][1][safepoint    ] Application time: 1.0000796 seconds
[2019-12-09T03:07:23.100+0000][1][safepoint    ] Entering safepoint region: Cleanup
[2019-12-09T03:07:23.100+0000][1][safepoint    ] Leaving safepoint region
[2019-12-09T03:07:23.100+0000][1][safepoint    ] Total time for which application threads were stopped: 0.0000889 seconds, Stopping threads took: 0.0000180 seconds
[2019-12-09T03:07:24.100+0000][1][safepoint    ] Application time: 1.0000786 seconds
[2019-12-09T03:07:24.100+0000][1][safepoint    ] Entering safepoint region: Cleanup
[2019-12-09T03:07:24.100+0000][1][safepoint    ] Leaving safepoint region
[2019-12-09T03:07:24.100+0000][1][safepoint    ] Total time for which application threads were stopped: 0.0000872 seconds, Stopping threads took: 0.0000184 seconds
[2019-12-09T03:07:25.100+0000][1][safepoint    ] Application time: 1.0000766 seconds
[2019-12-09T03:07:25.100+0000][1][safepoint    ] Entering safepoint region: Cleanup
[2019-12-09T03:07:25.101+0000][1][safepoint    ] Leaving safepoint region
[2019-12-09T03:07:25.101+0000][1][safepoint    ] Total time for which application threads were stopped: 0.0000869 seconds, Stopping threads took: 0.0000179 seconds
[2019-12-09T03:07:26.101+0000][1][safepoint    ] Application time: 1.0000771 seconds
[2019-12-09T03:07:26.101+0000][1][safepoint    ] Entering safepoint region: Cleanup
[2019-12-09T03:07:26.101+0000][1][safepoint    ] Leaving safepoint region
[2019-12-09T03:07:26.101+0000][1][safepoint    ] Total time for which application threads were stopped: 0.0000894 seconds, Stopping threads took: 0.0000205 seconds
[2019-12-09T03:07:27.101+0000][1][safepoint    ] Application time: 1.0000783 seconds
[2019-12-09T03:07:27.101+0000][1][safepoint    ] Entering safepoint region: Cleanup
[2019-12-09T03:07:27.101+0000][1][safepoint    ] Leaving safepoint region
[2019-12-09T03:07:27.101+0000][1][safepoint    ] Total time for which application threads were stopped: 0.0001031 seconds, Stopping threads took: 0.0000179 seconds
[2019-12-09T03:07:28.101+0000][1][safepoint    ] Application time: 1.0000752 seconds
[2019-12-09T03:07:28.101+0000][1][safepoint    ] Entering safepoint region: Cleanup
[2019-12-09T03:07:28.101+0000][1][safepoint    ] Leaving safepoint region
[2019-12-09T03:07:28.101+0000][1][safepoint    ] Total time for which application threads were stopped: 0.0000913 seconds, Stopping threads took: 0.0000177 seconds
[2019-12-09T03:07:29.101+0000][1][safepoint    ] Application time: 1.0000785 seconds
[2019-12-09T03:07:29.101+0000][1][safepoint    ] Entering safepoint region: Cleanup
[2019-12-09T03:07:29.101+0000][1][safepoint    ] Leaving safepoint region
[2019-12-09T03:07:29.101+0000][1][safepoint    ] Total time for which application threads were stopped: 0.0000925 seconds, Stopping threads took: 0.0000197 seconds
[2019-12-09T03:07:30.102+0000][1][safepoint    ] Application time: 1.0000791 seconds
[2019-12-09T03:07:30.102+0000][1][safepoint    ] Entering safepoint region: Cleanup
[2019-12-09T03:07:30.102+0000][1][safepoint    ] Leaving safepoint region
[2019-12-09T03:07:30.102+0000][1][safepoint    ] Total time for which application threads were stopped: 0.0000798 seconds, Stopping threads took: 0.0000172 seconds
[2019-12-09T03:07:31.102+0000][1][safepoint    ] Application time: 1.0000492 seconds
[2019-12-09T03:07:31.102+0000][1][safepoint    ] Entering safepoint region: Cleanup
[2019-12-09T03:07:31.102+0000][1][safepoint    ] Leaving safepoint region
[2019-12-09T03:07:31.102+0000][1][safepoint    ] Total time for which application threads were stopped: 0.0000833 seconds, Stopping threads took: 0.0000182 seconds
[2019-12-09T03:07:32.102+0000][1][safepoint    ] Application time: 1.0000760 seconds
[2019-12-09T03:07:32.102+0000][1][safepoint    ] Entering safepoint region: Cleanup
[2019-12-09T03:07:32.102+0000][1][safepoint    ] Leaving safepoint region
[2019-12-09T03:07:32.102+0000][1][safepoint    ] Total time for which application threads were stopped: 0.0000890 seconds, Stopping threads took: 0.0000196 seconds
[2019-12-09T03:07:33.102+0000][1][safepoint    ] Application time: 1.0000740 seconds
[2019-12-09T03:07:33.102+0000][1][safepoint    ] Entering safepoint region: Cleanup
[2019-12-09T03:07:33.102+0000][1][safepoint    ] Leaving safepoint region
[2019-12-09T03:07:33.102+0000][1][safepoint    ] Total time for which application threads were stopped: 0.0000865 seconds, Stopping threads took: 0.0000187 seconds
[2019-12-09T03:07:34.102+0000][1][safepoint    ] Application time: 1.0000759 seconds
[2019-12-09T03:07:34.102+0000][1][safepoint    ] Entering safepoint region: Cleanup
[2019-12-09T03:07:34.102+0000][1][safepoint    ] Leaving safepoint region
[2019-12-09T03:07:34.102+0000][1][safepoint    ] Total time for which application threads were stopped: 0.0000811 seconds, Stopping threads took: 0.0000180 seconds
[2019-12-09T03:07:35.103+0000][1][safepoint    ] Application time: 1.0000780 seconds
[2019-12-09T03:07:35.103+0000][1][safepoint    ] Entering safepoint region: Cleanup
[2019-12-09T03:07:35.103+0000][1][safepoint    ] Leaving safepoint region
[2019-12-09T03:07:35.103+0000][1][safepoint    ] Total time for which application threads were stopped: 0.0000828 seconds, Stopping threads took: 0.0000187 seconds
[2019-12-09T03:07:36.103+0000][1][safepoint    ] Application time: 1.0000785 seconds
[2019-12-09T03:07:36.103+0000][1][safepoint    ] Entering safepoint region: Cleanup
[2019-12-09T03:07:36.103+0000][1][safepoint    ] Leaving safepoint region
[2019-12-09T03:07:36.103+0000][1][safepoint    ] Total time for which application threads were stopped: 0.0000916 seconds, Stopping threads took: 0.0000189 seconds
[2019-12-09T03:07:37.103+0000][1][safepoint    ] Application time: 1.0000771 seconds
[2019-12-09T03:07:37.103+0000][1][safepoint    ] Entering safepoint region: Cleanup
[2019-12-09T03:07:37.103+0000][1][safepoint    ] Leaving safepoint region
[2019-12-09T03:07:37.103+0000][1][safepoint    ] Total time for which application threads were stopped: 0.0000915 seconds, Stopping threads took: 0.0000226 seconds
[2019-12-09T03:07:38.103+0000][1][safepoint    ] Application time: 1.0000784 seconds
[2019-12-09T03:07:38.103+0000][1][safepoint    ] Entering safepoint region: Cleanup
[2019-12-09T03:07:38.103+0000][1][safepoint    ] Leaving safepoint region
[2019-12-09T03:07:38.103+0000][1][safepoint    ] Total time for which application threads were stopped: 0.0000860 seconds, Stopping threads took: 0.0000184 seconds
[2019-12-09T03:07:39.103+0000][1][safepoint    ] Application time: 1.0000805 seconds
[2019-12-09T03:07:39.103+0000][1][safepoint    ] Entering safepoint region: Cleanup
[2019-12-09T03:07:39.103+0000][1][safepoint    ] Leaving safepoint region
[2019-12-09T03:07:39.103+0000][1][safepoint    ] Total time for which application threads were stopped: 0.0000909 seconds, Stopping threads took: 0.0000184 seconds
[2019-12-09T03:07:40.104+0000][1][safepoint    ] Application time: 1.0000752 seconds
[2019-12-09T03:07:40.104+0000][1][safepoint    ] Entering safepoint region: Cleanup
[2019-12-09T03:07:40.104+0000][1][safepoint    ] Leaving safepoint region
[2019-12-09T03:07:40.104+0000][1][safepoint    ] Total time for which application threads were stopped: 0.0000772 seconds, Stopping threads took: 0.0000181 seconds
[2019-12-09T03:07:41.104+0000][1][safepoint    ] Application time: 1.0000361 seconds
[2019-12-09T03:07:41.104+0000][1][safepoint    ] Entering safepoint region: Cleanup
[2019-12-09T03:07:41.104+0000][1][safepoint    ] Leaving safepoint region
[2019-12-09T03:07:41.104+0000][1][safepoint    ] Total time for which application threads were stopped: 0.0000810 seconds, Stopping threads took: 0.0000173 seconds
[2019-12-09T03:07:42.104+0000][1][safepoint    ] Application time: 1.0000761 seconds
[2019-12-09T03:07:42.104+0000][1][safepoint    ] Entering safepoint region: Cleanup
[2019-12-09T03:07:42.104+0000][1][safepoint    ] Leaving safepoint region
[2019-12-09T03:07:42.104+0000][1][safepoint    ] Total time for which application threads were stopped: 0.0000768 seconds, Stopping threads took: 0.0000184 seconds
[2019-12-09T03:07:43.104+0000][1][safepoint    ] Application time: 1.0000792 seconds
[2019-12-09T03:07:43.104+0000][1][safepoint    ] Entering safepoint region: Cleanup
[2019-12-09T03:07:43.104+0000][1][safepoint    ] Leaving safepoint region
[2019-12-09T03:07:43.104+0000][1][safepoint    ] Total time for which application threads were stopped: 0.0000831 seconds, Stopping threads took: 0.0000175 seconds
[2019-12-09T03:07:44.104+0000][1][safepoint    ] Application time: 1.0000811 seconds
[2019-12-09T03:07:44.104+0000][1][safepoint    ] Entering safepoint region: Cleanup
[2019-12-09T03:07:44.104+0000][1][safepoint    ] Leaving safepoint region
[2019-12-09T03:07:44.104+0000][1][safepoint    ] Total time for which application threads were stopped: 0.0000928 seconds, Stopping threads took: 0.0000248 seconds
[2019-12-09T03:07:45.105+0000][1][safepoint    ] Application time: 1.0000767 seconds
[2019-12-09T03:07:45.105+0000][1][safepoint    ] Entering safepoint region: Cleanup
[2019-12-09T03:07:45.105+0000][1][safepoint    ] Leaving safepoint region
[2019-12-09T03:07:45.105+0000][1][safepoint    ] Total time for which application threads were stopped: 0.0000849 seconds, Stopping threads took: 0.0000174 seconds
[2019-12-09T03:07:46.105+0000][1][safepoint    ] Application time: 1.0000791 seconds
[2019-12-09T03:07:46.105+0000][1][safepoint    ] Entering safepoint region: Cleanup
[2019-12-09T03:07:46.105+0000][1][safepoint    ] Leaving safepoint region
[2019-12-09T03:07:46.105+0000][1][safepoint    ] Total time for which application threads were stopped: 0.0000831 seconds, Stopping threads took: 0.0000176 seconds
[2019-12-09T03:07:47.105+0000][1][safepoint    ] Application time: 1.0000761 seconds
[2019-12-09T03:07:47.105+0000][1][safepoint    ] Entering safepoint region: Cleanup
[2019-12-09T03:07:47.105+0000][1][safepoint    ] Leaving safepoint region
[2019-12-09T03:07:47.105+0000][1][safepoint    ] Total time for which application threads were stopped: 0.0000811 seconds, Stopping threads took: 0.0000166 seconds
[2019-12-09T03:07:48.105+0000][1][safepoint    ] Application time: 1.0000874 seconds
[2019-12-09T03:07:48.105+0000][1][safepoint    ] Entering safepoint region: Cleanup
[2019-12-09T03:07:48.105+0000][1][safepoint    ] Leaving safepoint region
[2019-12-09T03:07:48.105+0000][1][safepoint    ] Total time for which application threads were stopped: 0.0001041 seconds, Stopping threads took: 0.0000221 seconds
[2019-12-09T03:07:49.105+0000][1][safepoint    ] Application time: 1.0000721 seconds
[2019-12-09T03:07:49.105+0000][1][safepoint    ] Entering safepoint region: Cleanup
[2019-12-09T03:07:49.105+0000][1][safepoint    ] Leaving safepoint region
[2019-12-09T03:07:49.105+0000][1][safepoint    ] Total time for which application threads were stopped: 0.0000837 seconds, Stopping threads took: 0.0000173 seconds
[2019-12-09T03:07:50.106+0000][1][safepoint    ] Application time: 1.0000766 seconds
[2019-12-09T03:07:50.106+0000][1][safepoint    ] Entering safepoint region: Cleanup
[2019-12-09T03:07:50.106+0000][1][safepoint    ] Leaving safepoint region
[2019-12-09T03:07:50.106+0000][1][safepoint    ] Total time for which application threads were stopped: 0.0001021 seconds, Stopping threads took: 0.0000176 seconds
[2019-12-09T03:07:51.106+0000][1][safepoint    ] Application time: 1.0000813 seconds
[2019-12-09T03:07:51.106+0000][1][safepoint    ] Entering safepoint region: Cleanup
[2019-12-09T03:07:51.106+0000][1][safepoint    ] Leaving safepoint region
[2019-12-09T03:07:51.106+0000][1][safepoint    ] Total time for which application threads were stopped: 0.0000825 seconds, Stopping threads took: 0.0000172 seconds
[2019-12-09T03:07:52.106+0000][1][safepoint    ] Application time: 1.0000801 seconds
[2019-12-09T03:07:52.106+0000][1][safepoint    ] Entering safepoint region: Cleanup
[2019-12-09T03:07:52.106+0000][1][safepoint    ] Leaving safepoint region
[2019-12-09T03:07:52.106+0000][1][safepoint    ] Total time for which application threads were stopped: 0.0000778 seconds, Stopping threads took: 0.0000168 seconds
[2019-12-09T03:07:53.106+0000][1][safepoint    ] Application time: 1.0000793 seconds
[2019-12-09T03:07:53.106+0000][1][safepoint    ] Entering safepoint region: Cleanup
[2019-12-09T03:07:53.106+0000][1][safepoint    ] Leaving safepoint region
[2019-12-09T03:07:53.106+0000][1][safepoint    ] Total time for which application threads were stopped: 0.0000978 seconds, Stopping threads took: 0.0000187 seconds
[2019-12-09T03:07:54.106+0000][1][safepoint    ] Application time: 1.0000870 seconds
[2019-12-09T03:07:54.106+0000][1][safepoint    ] Entering safepoint region: Cleanup
[2019-12-09T03:07:54.107+0000][1][safepoint    ] Leaving safepoint region
[2019-12-09T03:07:54.107+0000][1][safepoint    ] Total time for which application threads were stopped: 0.0001116 seconds, Stopping threads took: 0.0000253 seconds
[2019-12-09T03:07:55.107+0000][1][safepoint    ] Application time: 1.0000951 seconds
[2019-12-09T03:07:55.107+0000][1][safepoint    ] Entering safepoint region: Cleanup
[2019-12-09T03:07:55.107+0000][1][safepoint    ] Leaving safepoint region
[2019-12-09T03:07:55.107+0000][1][safepoint    ] Total time for which application threads were stopped: 0.0001107 seconds, Stopping threads took: 0.0000251 seconds
[2019-12-09T03:07:56.107+0000][1][safepoint    ] Application time: 1.0000856 seconds
[2019-12-09T03:07:56.107+0000][1][safepoint    ] Entering safepoint region: Cleanup
[2019-12-09T03:07:56.107+0000][1][safepoint    ] Leaving safepoint region
[2019-12-09T03:07:56.107+0000][1][safepoint    ] Total time for which application threads were stopped: 0.0001105 seconds, Stopping threads took: 0.0000258 seconds
[2019-12-09T03:07:57.107+0000][1][safepoint    ] Application time: 1.0000809 seconds
[2019-12-09T03:07:57.107+0000][1][safepoint    ] Entering safepoint region: Cleanup
[2019-12-09T03:07:57.107+0000][1][safepoint    ] Leaving safepoint region
[2019-12-09T03:07:57.107+0000][1][safepoint    ] Total time for which application threads were stopped: 0.0001248 seconds, Stopping threads took: 0.0000232 seconds
[2019-12-09T03:07:58.107+0000][1][safepoint    ] Application time: 1.0000790 seconds
[2019-12-09T03:07:58.108+0000][1][safepoint    ] Entering safepoint region: Cleanup
[2019-12-09T03:07:58.108+0000][1][safepoint    ] Leaving safepoint region
[2019-12-09T03:07:58.108+0000][1][safepoint    ] Total time for which application threads were stopped: 0.0001050 seconds, Stopping threads took: 0.0000184 seconds
[2019-12-09T03:07:59.108+0000][1][safepoint    ] Application time: 1.0000875 seconds
[2019-12-09T03:07:59.108+0000][1][safepoint    ] Entering safepoint region: Cleanup
[2019-12-09T03:07:59.108+0000][1][safepoint    ] Leaving safepoint region
[2019-12-09T03:07:59.108+0000][1][safepoint    ] Total time for which application threads were stopped: 0.0000864 seconds, Stopping threads took: 0.0000180 seconds
[2019-12-09T03:08:00.108+0000][1][safepoint    ] Application time: 1.0000795 seconds
[2019-12-09T03:08:00.108+0000][1][safepoint    ] Entering safepoint region: Cleanup
[2019-12-09T03:08:00.108+0000][1][safepoint    ] Leaving safepoint region
[2019-12-09T03:08:00.108+0000][1][safepoint    ] Total time for which application threads were stopped: 0.0000904 seconds, Stopping threads took: 0.0000225 seconds
[2019-12-09T03:08:01.108+0000][1][safepoint    ] Application time: 1.0000812 seconds
[2019-12-09T03:08:01.108+0000][1][safepoint    ] Entering safepoint region: Cleanup
[2019-12-09T03:08:01.108+0000][1][safepoint    ] Leaving safepoint region
[2019-12-09T03:08:01.108+0000][1][safepoint    ] Total time for which application threads were stopped: 0.0000880 seconds, Stopping threads took: 0.0000185 seconds
[2019-12-09T03:08:02.108+0000][1][safepoint    ] Application time: 1.0000891 seconds
[2019-12-09T03:08:02.108+0000][1][safepoint    ] Entering safepoint region: Cleanup
[2019-12-09T03:08:02.108+0000][1][safepoint    ] Leaving safepoint region
[2019-12-09T03:08:02.109+0000][1][safepoint    ] Total time for which application threads were stopped: 0.0001156 seconds, Stopping threads took: 0.0000247 seconds
[2019-12-09T03:08:03.109+0000][1][safepoint    ] Application time: 1.0000793 seconds
[2019-12-09T03:08:03.109+0000][1][safepoint    ] Entering safepoint region: Cleanup
[2019-12-09T03:08:03.109+0000][1][safepoint    ] Leaving safepoint region
[2019-12-09T03:08:03.109+0000][1][safepoint    ] Total time for which application threads were stopped: 0.0000967 seconds, Stopping threads took: 0.0000186 seconds
[2019-12-09T03:08:04.109+0000][1][safepoint    ] Application time: 1.0000539 seconds
[2019-12-09T03:08:04.109+0000][1][safepoint    ] Entering safepoint region: Cleanup
[2019-12-09T03:08:04.109+0000][1][safepoint    ] Leaving safepoint region
[2019-12-09T03:08:04.109+0000][1][safepoint    ] Total time for which application threads were stopped: 0.0000945 seconds, Stopping threads took: 0.0000190 seconds
[2019-12-09T03:08:05.109+0000][1][safepoint    ] Application time: 1.0000862 seconds
[2019-12-09T03:08:05.109+0000][1][safepoint    ] Entering safepoint region: Cleanup
[2019-12-09T03:08:05.109+0000][1][safepoint    ] Leaving safepoint region
[2019-12-09T03:08:05.109+0000][1][safepoint    ] Total time for which application threads were stopped: 0.0001152 seconds, Stopping threads took: 0.0000224 seconds
[2019-12-09T03:08:06.109+0000][1][safepoint    ] Application time: 1.0000779 seconds
[2019-12-09T03:08:06.109+0000][1][safepoint    ] Entering safepoint region: Cleanup
[2019-12-09T03:08:06.109+0000][1][safepoint    ] Leaving safepoint region
[2019-12-09T03:08:06.109+0000][1][safepoint    ] Total time for which application threads were stopped: 0.0000789 seconds, Stopping threads took: 0.0000182 seconds
[2019-12-09T03:08:07.109+0000][1][safepoint    ] Application time: 1.0000771 seconds
[2019-12-09T03:08:07.110+0000][1][safepoint    ] Entering safepoint region: Cleanup
[2019-12-09T03:08:07.110+0000][1][safepoint    ] Leaving safepoint region
[2019-12-09T03:08:07.110+0000][1][safepoint    ] Total time for which application threads were stopped: 0.0000846 seconds, Stopping threads took: 0.0000184 seconds
[2019-12-09T03:08:08.110+0000][1][safepoint    ] Application time: 1.0000794 seconds
[2019-12-09T03:08:08.110+0000][1][safepoint    ] Entering safepoint region: Cleanup
[2019-12-09T03:08:08.110+0000][1][safepoint    ] Leaving safepoint region
[2019-12-09T03:08:08.110+0000][1][safepoint    ] Total time for which application threads were stopped: 0.0000824 seconds, Stopping threads took: 0.0000210 seconds
[2019-12-09T03:08:09.114+0000][1][safepoint    ] Application time: 1.0045709 seconds
[2019-12-09T03:08:09.114+0000][1][safepoint    ] Entering safepoint region: Cleanup
[2019-12-09T03:08:09.115+0000][1][safepoint    ] Leaving safepoint region
[2019-12-09T03:08:09.115+0000][1][safepoint    ] Total time for which application threads were stopped: 0.0001222 seconds, Stopping threads took: 0.0000364 seconds
[2019-12-09T03:08:10.115+0000][1][safepoint    ] Application time: 1.0000897 seconds
[2019-12-09T03:08:10.115+0000][1][safepoint    ] Entering safepoint region: Cleanup
[2019-12-09T03:08:10.115+0000][1][safepoint    ] Leaving safepoint region
[2019-12-09T03:08:10.115+0000][1][safepoint    ] Total time for which application threads were stopped: 0.0001061 seconds, Stopping threads took: 0.0000248 seconds
[2019-12-09T03:08:11.115+0000][1][safepoint    ] Application time: 1.0000847 seconds
[2019-12-09T03:08:11.115+0000][1][safepoint    ] Entering safepoint region: Cleanup
[2019-12-09T03:08:11.115+0000][1][safepoint    ] Leaving safepoint region
[2019-12-09T03:08:11.115+0000][1][safepoint    ] Total time for which application threads were stopped: 0.0001096 seconds, Stopping threads took: 0.0000242 seconds
[2019-12-09T03:08:12.115+0000][1][safepoint    ] Application time: 1.0000815 seconds
[2019-12-09T03:08:12.115+0000][1][safepoint    ] Entering safepoint region: Cleanup
[2019-12-09T03:08:12.115+0000][1][safepoint    ] Leaving safepoint region
[2019-12-09T03:08:12.115+0000][1][safepoint    ] Total time for which application threads were stopped: 0.0000847 seconds, Stopping threads took: 0.0000177 seconds
[2019-12-09T03:08:13.115+0000][1][safepoint    ] Application time: 1.0000822 seconds
[2019-12-09T03:08:13.115+0000][1][safepoint    ] Entering safepoint region: Cleanup
[2019-12-09T03:08:13.115+0000][1][safepoint    ] Leaving safepoint region
[2019-12-09T03:08:13.115+0000][1][safepoint    ] Total time for which application threads were stopped: 0.0000873 seconds, Stopping threads took: 0.0000174 seconds
[2019-12-09T03:08:14.116+0000][1][safepoint    ] Application time: 1.0009829 seconds
[2019-12-09T03:08:14.117+0000][1][safepoint    ] Entering safepoint region: Cleanup
[2019-12-09T03:08:14.117+0000][1][safepoint    ] Leaving safepoint region
[2019-12-09T03:08:14.117+0000][1][safepoint    ] Total time for which application threads were stopped: 0.0001230 seconds, Stopping threads took: 0.0000344 seconds
[2019-12-09T03:08:15.117+0000][1][safepoint    ] Application time: 1.0000661 seconds
[2019-12-09T03:08:15.117+0000][1][safepoint    ] Entering safepoint region: Cleanup
[2019-12-09T03:08:15.117+0000][1][safepoint    ] Leaving safepoint region
[2019-12-09T03:08:15.117+0000][1][safepoint    ] Total time for which application threads were stopped: 0.0001125 seconds, Stopping threads took: 0.0000234 seconds
[2019-12-09T03:08:16.117+0000][1][safepoint    ] Application time: 1.0000767 seconds
[2019-12-09T03:08:16.117+0000][1][safepoint    ] Entering safepoint region: Cleanup
[2019-12-09T03:08:16.117+0000][1][safepoint    ] Leaving safepoint region
[2019-12-09T03:08:16.117+0000][1][safepoint    ] Total time for which application threads were stopped: 0.0000769 seconds, Stopping threads took: 0.0000170 seconds
[2019-12-09T03:08:17.117+0000][1][safepoint    ] Application time: 1.0000771 seconds
[2019-12-09T03:08:17.117+0000][1][safepoint    ] Entering safepoint region: Cleanup
[2019-12-09T03:08:17.117+0000][1][safepoint    ] Leaving safepoint region
[2019-12-09T03:08:17.117+0000][1][safepoint    ] Total time for which application threads were stopped: 0.0000840 seconds, Stopping threads took: 0.0000176 seconds
[2019-12-09T03:08:18.117+0000][1][safepoint    ] Application time: 1.0000784 seconds
[2019-12-09T03:08:18.117+0000][1][safepoint    ] Entering safepoint region: Cleanup
[2019-12-09T03:08:18.117+0000][1][safepoint    ] Leaving safepoint region
[2019-12-09T03:08:18.117+0000][1][safepoint    ] Total time for which application threads were stopped: 0.0000897 seconds, Stopping threads took: 0.0000192 seconds
[2019-12-09T03:08:19.119+0000][1][safepoint    ] Application time: 1.0014160 seconds
[2019-12-09T03:08:19.119+0000][1][safepoint    ] Entering safepoint region: Cleanup
[2019-12-09T03:08:19.119+0000][1][safepoint    ] Leaving safepoint region
[2019-12-09T03:08:19.119+0000][1][safepoint    ] Total time for which application threads were stopped: 0.0001409 seconds, Stopping threads took: 0.0000579 seconds
[2019-12-09T03:08:20.119+0000][1][safepoint    ] Application time: 1.0000763 seconds
[2019-12-09T03:08:20.119+0000][1][safepoint    ] Entering safepoint region: Cleanup
[2019-12-09T03:08:20.119+0000][1][safepoint    ] Leaving safepoint region
[2019-12-09T03:08:20.119+0000][1][safepoint    ] Total time for which application threads were stopped: 0.0000801 seconds, Stopping threads took: 0.0000177 seconds
[2019-12-09T03:08:21.119+0000][1][safepoint    ] Application time: 1.0000803 seconds
[2019-12-09T03:08:21.119+0000][1][safepoint    ] Entering safepoint region: Cleanup
[2019-12-09T03:08:21.119+0000][1][safepoint    ] Leaving safepoint region
[2019-12-09T03:08:21.120+0000][1][safepoint    ] Total time for which application threads were stopped: 0.0000814 seconds, Stopping threads took: 0.0000204 seconds
[2019-12-09T03:08:22.120+0000][1][safepoint    ] Application time: 1.0000800 seconds
[2019-12-09T03:08:22.120+0000][1][safepoint    ] Entering safepoint region: Cleanup
[2019-12-09T03:08:22.120+0000][1][safepoint    ] Leaving safepoint region
[2019-12-09T03:08:22.120+0000][1][safepoint    ] Total time for which application threads were stopped: 0.0001067 seconds, Stopping threads took: 0.0000174 seconds
[2019-12-09T03:08:23.120+0000][1][safepoint    ] Application time: 1.0000773 seconds
[2019-12-09T03:08:23.120+0000][1][safepoint    ] Entering safepoint region: Cleanup
[2019-12-09T03:08:23.120+0000][1][safepoint    ] Leaving safepoint region
[2019-12-09T03:08:23.120+0000][1][safepoint    ] Total time for which application threads were stopped: 0.0000840 seconds, Stopping threads took: 0.0000170 seconds
[2019-12-09T03:08:24.120+0000][1][safepoint    ] Application time: 1.0000800 seconds
[2019-12-09T03:08:24.120+0000][1][safepoint    ] Entering safepoint region: Cleanup
[2019-12-09T03:08:24.120+0000][1][safepoint    ] Leaving safepoint region
[2019-12-09T03:08:24.120+0000][1][safepoint    ] Total time for which application threads were stopped: 0.0000774 seconds, Stopping threads took: 0.0000181 seconds
[2019-12-09T03:08:25.120+0000][1][safepoint    ] Application time: 1.0000802 seconds
[2019-12-09T03:08:25.120+0000][1][safepoint    ] Entering safepoint region: Cleanup
[2019-12-09T03:08:25.120+0000][1][safepoint    ] Leaving safepoint region
[2019-12-09T03:08:25.120+0000][1][safepoint    ] Total time for which application threads were stopped: 0.0000787 seconds, Stopping threads took: 0.0000180 seconds
[2019-12-09T03:08:26.120+0000][1][safepoint    ] Application time: 1.0000844 seconds
[2019-12-09T03:08:26.121+0000][1][safepoint    ] Entering safepoint region: Cleanup
[2019-12-09T03:08:26.121+0000][1][safepoint    ] Leaving safepoint region
[2019-12-09T03:08:26.121+0000][1][safepoint    ] Total time for which application threads were stopped: 0.0000848 seconds, Stopping threads took: 0.0000176 seconds
[2019-12-09T03:08:27.121+0000][1][safepoint    ] Application time: 1.0000817 seconds
[2019-12-09T03:08:27.121+0000][1][safepoint    ] Entering safepoint region: Cleanup
[2019-12-09T03:08:27.121+0000][1][safepoint    ] Leaving safepoint region
[2019-12-09T03:08:27.121+0000][1][safepoint    ] Total time for which application threads were stopped: 0.0000863 seconds, Stopping threads took: 0.0000216 seconds
[2019-12-09T03:08:28.121+0000][1][safepoint    ] Application time: 1.0000914 seconds
[2019-12-09T03:08:28.121+0000][1][safepoint    ] Entering safepoint region: Cleanup
[2019-12-09T03:08:28.121+0000][1][safepoint    ] Leaving safepoint region
[2019-12-09T03:08:28.121+0000][1][safepoint    ] Total time for which application threads were stopped: 0.0000918 seconds, Stopping threads took: 0.0000183 seconds
[2019-12-09T03:08:29.121+0000][1][safepoint    ] Application time: 1.0000794 seconds
[2019-12-09T03:08:29.121+0000][1][safepoint    ] Entering safepoint region: Cleanup
[2019-12-09T03:08:29.121+0000][1][safepoint    ] Leaving safepoint region
[2019-12-09T03:08:29.121+0000][1][safepoint    ] Total time for which application threads were stopped: 0.0000854 seconds, Stopping threads took: 0.0000187 seconds
[2019-12-09T03:08:30.121+0000][1][safepoint    ] Application time: 1.0000833 seconds
[2019-12-09T03:08:30.121+0000][1][safepoint    ] Entering safepoint region: Cleanup
[2019-12-09T03:08:30.121+0000][1][safepoint    ] Leaving safepoint region
[2019-12-09T03:08:30.121+0000][1][safepoint    ] Total time for which application threads were stopped: 0.0000889 seconds, Stopping threads took: 0.0000189 seconds
[2019-12-09T03:08:31.122+0000][1][safepoint    ] Application time: 1.0000902 seconds
[2019-12-09T03:08:31.122+0000][1][safepoint    ] Entering safepoint region: Cleanup
[2019-12-09T03:08:31.122+0000][1][safepoint    ] Leaving safepoint region
[2019-12-09T03:08:31.122+0000][1][safepoint    ] Total time for which application threads were stopped: 0.0001243 seconds, Stopping threads took: 0.0000247 seconds
[2019-12-09T03:08:32.122+0000][1][safepoint    ] Application time: 1.0000855 seconds
[2019-12-09T03:08:32.122+0000][1][safepoint    ] Entering safepoint region: Cleanup
[2019-12-09T03:08:32.122+0000][1][safepoint    ] Leaving safepoint region
[2019-12-09T03:08:32.122+0000][1][safepoint    ] Total time for which application threads were stopped: 0.0001037 seconds, Stopping threads took: 0.0000214 seconds
[2019-12-09T03:08:33.122+0000][1][safepoint    ] Application time: 1.0000846 seconds
[2019-12-09T03:08:33.122+0000][1][safepoint    ] Entering safepoint region: Cleanup
[2019-12-09T03:08:33.122+0000][1][safepoint    ] Leaving safepoint region
[2019-12-09T03:08:33.122+0000][1][safepoint    ] Total time for which application threads were stopped: 0.0001149 seconds, Stopping threads took: 0.0000244 seconds
[2019-12-09T03:08:34.122+0000][1][safepoint    ] Application time: 1.0000812 seconds
[2019-12-09T03:08:34.122+0000][1][safepoint    ] Entering safepoint region: Cleanup
[2019-12-09T03:08:34.122+0000][1][safepoint    ] Leaving safepoint region
[2019-12-09T03:08:34.122+0000][1][safepoint    ] Total time for which application threads were stopped: 0.0000840 seconds, Stopping threads took: 0.0000187 seconds
[2019-12-09T03:08:35.123+0000][1][safepoint    ] Application time: 1.0000783 seconds
[2019-12-09T03:08:35.123+0000][1][safepoint    ] Entering safepoint region: Cleanup
[2019-12-09T03:08:35.123+0000][1][safepoint    ] Leaving safepoint region
[2019-12-09T03:08:35.123+0000][1][safepoint    ] Total time for which application threads were stopped: 0.0000872 seconds, Stopping threads took: 0.0000174 seconds
[2019-12-09T03:08:36.123+0000][1][safepoint    ] Application time: 1.0000786 seconds
[2019-12-09T03:08:36.123+0000][1][safepoint    ] Entering safepoint region: Cleanup
[2019-12-09T03:08:36.123+0000][1][safepoint    ] Leaving safepoint region
[2019-12-09T03:08:36.123+0000][1][safepoint    ] Total time for which application threads were stopped: 0.0000792 seconds, Stopping threads took: 0.0000179 seconds
[2019-12-09T03:08:37.123+0000][1][safepoint    ] Application time: 1.0000781 seconds
[2019-12-09T03:08:37.123+0000][1][safepoint    ] Entering safepoint region: Cleanup
[2019-12-09T03:08:37.123+0000][1][safepoint    ] Leaving safepoint region
[2019-12-09T03:08:37.123+0000][1][safepoint    ] Total time for which application threads were stopped: 0.0000854 seconds, Stopping threads took: 0.0000178 seconds
[2019-12-09T03:08:38.123+0000][1][safepoint    ] Application time: 1.0000801 seconds
[2019-12-09T03:08:38.123+0000][1][safepoint    ] Entering safepoint region: Cleanup
[2019-12-09T03:08:38.123+0000][1][safepoint    ] Leaving safepoint region
[2019-12-09T03:08:38.123+0000][1][safepoint    ] Total time for which application threads were stopped: 0.0000796 seconds, Stopping threads took: 0.0000182 seconds
[2019-12-09T03:08:39.123+0000][1][safepoint    ] Application time: 1.0000788 seconds
[2019-12-09T03:08:39.123+0000][1][safepoint    ] Entering safepoint region: Cleanup
[2019-12-09T03:08:39.124+0000][1][safepoint    ] Leaving safepoint region
[2019-12-09T03:08:39.124+0000][1][safepoint    ] Total time for which application threads were stopped: 0.0000785 seconds, Stopping threads took: 0.0000174 seconds
[2019-12-09T03:08:40.124+0000][1][safepoint    ] Application time: 1.0000849 seconds
[2019-12-09T03:08:40.124+0000][1][safepoint    ] Entering safepoint region: Cleanup
[2019-12-09T03:08:40.124+0000][1][safepoint    ] Leaving safepoint region
[2019-12-09T03:08:40.124+0000][1][safepoint    ] Total time for which application threads were stopped: 0.0001030 seconds, Stopping threads took: 0.0000176 seconds
[2019-12-09T03:08:41.124+0000][1][safepoint    ] Application time: 1.0000820 seconds
[2019-12-09T03:08:41.124+0000][1][safepoint    ] Entering safepoint region: Cleanup
[2019-12-09T03:08:41.124+0000][1][safepoint    ] Leaving safepoint region
[2019-12-09T03:08:41.124+0000][1][safepoint    ] Total time for which application threads were stopped: 0.0000808 seconds, Stopping threads took: 0.0000167 seconds
[2019-12-09T03:08:42.124+0000][1][safepoint    ] Application time: 1.0000818 seconds
[2019-12-09T03:08:42.124+0000][1][safepoint    ] Entering safepoint region: Cleanup
[2019-12-09T03:08:42.124+0000][1][safepoint    ] Leaving safepoint region
[2019-12-09T03:08:42.124+0000][1][safepoint    ] Total time for which application threads were stopped: 0.0001047 seconds, Stopping threads took: 0.0000232 seconds
[2019-12-09T03:08:43.124+0000][1][safepoint    ] Application time: 1.0000799 seconds
[2019-12-09T03:08:43.124+0000][1][safepoint    ] Entering safepoint region: Cleanup
[2019-12-09T03:08:43.124+0000][1][safepoint    ] Leaving safepoint region
[2019-12-09T03:08:43.124+0000][1][safepoint    ] Total time for which application threads were stopped: 0.0000799 seconds, Stopping threads took: 0.0000184 seconds
[2019-12-09T03:08:44.124+0000][1][safepoint    ] Application time: 1.0000753 seconds
[2019-12-09T03:08:44.125+0000][1][safepoint    ] Entering safepoint region: Cleanup
[2019-12-09T03:08:44.125+0000][1][safepoint    ] Leaving safepoint region
[2019-12-09T03:08:44.125+0000][1][safepoint    ] Total time for which application threads were stopped: 0.0000870 seconds, Stopping threads took: 0.0000262 seconds
[2019-12-09T03:08:45.125+0000][1][safepoint    ] Application time: 1.0000745 seconds
[2019-12-09T03:08:45.125+0000][1][safepoint    ] Entering safepoint region: Cleanup
[2019-12-09T03:08:45.125+0000][1][safepoint    ] Leaving safepoint region
[2019-12-09T03:08:45.125+0000][1][safepoint    ] Total time for which application threads were stopped: 0.0000768 seconds, Stopping threads took: 0.0000165 seconds
[2019-12-09T03:08:46.125+0000][1][safepoint    ] Application time: 1.0000745 seconds
[2019-12-09T03:08:46.125+0000][1][safepoint    ] Entering safepoint region: Cleanup
[2019-12-09T03:08:46.125+0000][1][safepoint    ] Leaving safepoint region
[2019-12-09T03:08:46.125+0000][1][safepoint    ] Total time for which application threads were stopped: 0.0000813 seconds, Stopping threads took: 0.0000192 seconds
[2019-12-09T03:08:47.125+0000][1][safepoint    ] Application time: 1.0000743 seconds
[2019-12-09T03:08:47.125+0000][1][safepoint    ] Entering safepoint region: Cleanup
[2019-12-09T03:08:47.125+0000][1][safepoint    ] Leaving safepoint region
[2019-12-09T03:08:47.125+0000][1][safepoint    ] Total time for which application threads were stopped: 0.0000771 seconds, Stopping threads took: 0.0000180 seconds
[2019-12-09T03:08:48.125+0000][1][safepoint    ] Application time: 1.0000763 seconds
[2019-12-09T03:08:48.125+0000][1][safepoint    ] Entering safepoint region: Cleanup
[2019-12-09T03:08:48.125+0000][1][safepoint    ] Leaving safepoint region
[2019-12-09T03:08:48.125+0000][1][safepoint    ] Total time for which application threads were stopped: 0.0000834 seconds, Stopping threads took: 0.0000168 seconds
[2019-12-09T03:08:49.126+0000][1][safepoint    ] Application time: 1.0000751 seconds
[2019-12-09T03:08:49.126+0000][1][safepoint    ] Entering safepoint region: Cleanup
[2019-12-09T03:08:49.126+0000][1][safepoint    ] Leaving safepoint region
[2019-12-09T03:08:49.126+0000][1][safepoint    ] Total time for which application threads were stopped: 0.0000827 seconds, Stopping threads took: 0.0000168 seconds
[2019-12-09T03:08:50.126+0000][1][safepoint    ] Application time: 1.0000735 seconds
[2019-12-09T03:08:50.126+0000][1][safepoint    ] Entering safepoint region: Cleanup
[2019-12-09T03:08:50.126+0000][1][safepoint    ] Leaving safepoint region
[2019-12-09T03:08:50.126+0000][1][safepoint    ] Total time for which application threads were stopped: 0.0000779 seconds, Stopping threads took: 0.0000181 seconds
[2019-12-09T03:08:51.126+0000][1][safepoint    ] Application time: 1.0000737 seconds
[2019-12-09T03:08:51.126+0000][1][safepoint    ] Entering safepoint region: Cleanup
[2019-12-09T03:08:51.126+0000][1][safepoint    ] Leaving safepoint region
[2019-12-09T03:08:51.126+0000][1][safepoint    ] Total time for which application threads were stopped: 0.0000752 seconds, Stopping threads took: 0.0000173 seconds
[2019-12-09T03:08:52.126+0000][1][safepoint    ] Application time: 1.0000743 seconds
[2019-12-09T03:08:52.126+0000][1][safepoint    ] Entering safepoint region: Cleanup
[2019-12-09T03:08:52.126+0000][1][safepoint    ] Leaving safepoint region
[2019-12-09T03:08:52.126+0000][1][safepoint    ] Total time for which application threads were stopped: 0.0000779 seconds, Stopping threads took: 0.0000163 seconds
[2019-12-09T03:08:53.126+0000][1][safepoint    ] Application time: 1.0000789 seconds
[2019-12-09T03:08:53.126+0000][1][safepoint    ] Entering safepoint region: Cleanup
[2019-12-09T03:08:53.126+0000][1][safepoint    ] Leaving safepoint region
[2019-12-09T03:08:53.126+0000][1][safepoint    ] Total time for which application threads were stopped: 0.0000779 seconds, Stopping threads took: 0.0000176 seconds
[2019-12-09T03:08:54.127+0000][1][safepoint    ] Application time: 1.0000779 seconds
[2019-12-09T03:08:54.127+0000][1][safepoint    ] Entering safepoint region: Cleanup
[2019-12-09T03:08:54.127+0000][1][safepoint    ] Leaving safepoint region
[2019-12-09T03:08:54.127+0000][1][safepoint    ] Total time for which application threads were stopped: 0.0000783 seconds, Stopping threads took: 0.0000173 seconds
[2019-12-09T03:08:55.127+0000][1][safepoint    ] Application time: 1.0000774 seconds
[2019-12-09T03:08:55.127+0000][1][safepoint    ] Entering safepoint region: Cleanup
[2019-12-09T03:08:55.127+0000][1][safepoint    ] Leaving safepoint region
[2019-12-09T03:08:55.127+0000][1][safepoint    ] Total time for which application threads were stopped: 0.0000799 seconds, Stopping threads took: 0.0000174 seconds
[2019-12-09T03:08:56.127+0000][1][safepoint    ] Application time: 1.0000781 seconds
[2019-12-09T03:08:56.127+0000][1][safepoint    ] Entering safepoint region: Cleanup
[2019-12-09T03:08:56.127+0000][1][safepoint    ] Leaving safepoint region
[2019-12-09T03:08:56.127+0000][1][safepoint    ] Total time for which application threads were stopped: 0.0000779 seconds, Stopping threads took: 0.0000180 seconds
[2019-12-09T03:08:57.127+0000][1][safepoint    ] Application time: 1.0000750 seconds
[2019-12-09T03:08:57.127+0000][1][safepoint    ] Entering safepoint region: Cleanup
[2019-12-09T03:08:57.127+0000][1][safepoint    ] Leaving safepoint region
[2019-12-09T03:08:57.127+0000][1][safepoint    ] Total time for which application threads were stopped: 0.0000768 seconds, Stopping threads took: 0.0000163 seconds
[2019-12-09T03:08:58.127+0000][1][safepoint    ] Application time: 1.0000767 seconds
[2019-12-09T03:08:58.127+0000][1][safepoint    ] Entering safepoint region: Cleanup
[2019-12-09T03:08:58.127+0000][1][safepoint    ] Leaving safepoint region
[2019-12-09T03:08:58.127+0000][1][safepoint    ] Total time for which application threads were stopped: 0.0000792 seconds, Stopping threads took: 0.0000176 seconds
[2019-12-09T03:08:59.128+0000][1][safepoint    ] Application time: 1.0000765 seconds
[2019-12-09T03:08:59.128+0000][1][safepoint    ] Entering safepoint region: Cleanup
[2019-12-09T03:08:59.128+0000][1][safepoint    ] Leaving safepoint region
[2019-12-09T03:08:59.128+0000][1][safepoint    ] Total time for which application threads were stopped: 0.0000783 seconds, Stopping threads took: 0.0000186 seconds
[2019-12-09T03:09:00.128+0000][1][safepoint    ] Application time: 1.0000751 seconds
[2019-12-09T03:09:00.128+0000][1][safepoint    ] Entering safepoint region: Cleanup
[2019-12-09T03:09:00.128+0000][1][safepoint    ] Leaving safepoint region
[2019-12-09T03:09:00.128+0000][1][safepoint    ] Total time for which application threads were stopped: 0.0000788 seconds, Stopping threads took: 0.0000177 seconds
[2019-12-09T03:09:01.128+0000][1][safepoint    ] Application time: 1.0000835 seconds
[2019-12-09T03:09:01.128+0000][1][safepoint    ] Entering safepoint region: Cleanup
[2019-12-09T03:09:01.128+0000][1][safepoint    ] Leaving safepoint region
[2019-12-09T03:09:01.128+0000][1][safepoint    ] Total time for which application threads were stopped: 0.0001249 seconds, Stopping threads took: 0.0000310 seconds
[2019-12-09T03:09:02.128+0000][1][safepoint    ] Application time: 1.0000785 seconds
[2019-12-09T03:09:02.128+0000][1][safepoint    ] Entering safepoint region: Cleanup
[2019-12-09T03:09:02.128+0000][1][safepoint    ] Leaving safepoint region
[2019-12-09T03:09:02.128+0000][1][safepoint    ] Total time for which application threads were stopped: 0.0000785 seconds, Stopping threads took: 0.0000189 seconds
[2019-12-09T03:09:03.128+0000][1][safepoint    ] Application time: 1.0000800 seconds
[2019-12-09T03:09:03.128+0000][1][safepoint    ] Entering safepoint region: Cleanup
[2019-12-09T03:09:03.128+0000][1][safepoint    ] Leaving safepoint region
[2019-12-09T03:09:03.128+0000][1][safepoint    ] Total time for which application threads were stopped: 0.0000911 seconds, Stopping threads took: 0.0000245 seconds
[2019-12-09T03:09:04.129+0000][1][safepoint    ] Application time: 1.0000754 seconds
[2019-12-09T03:09:04.129+0000][1][safepoint    ] Entering safepoint region: Cleanup
[2019-12-09T03:09:04.129+0000][1][safepoint    ] Leaving safepoint region
[2019-12-09T03:09:04.129+0000][1][safepoint    ] Total time for which application threads were stopped: 0.0001015 seconds, Stopping threads took: 0.0000180 seconds
[2019-12-09T03:09:05.129+0000][1][safepoint    ] Application time: 1.0000765 seconds
[2019-12-09T03:09:05.129+0000][1][safepoint    ] Entering safepoint region: Cleanup
[2019-12-09T03:09:05.129+0000][1][safepoint    ] Leaving safepoint region
[2019-12-09T03:09:05.129+0000][1][safepoint    ] Total time for which application threads were stopped: 0.0000766 seconds, Stopping threads took: 0.0000178 seconds
[2019-12-09T03:09:06.129+0000][1][safepoint    ] Application time: 1.0000761 seconds
[2019-12-09T03:09:06.129+0000][1][safepoint    ] Entering safepoint region: Cleanup
[2019-12-09T03:09:06.129+0000][1][safepoint    ] Leaving safepoint region
[2019-12-09T03:09:06.129+0000][1][safepoint    ] Total time for which application threads were stopped: 0.0000831 seconds, Stopping threads took: 0.0000176 seconds
[2019-12-09T03:09:07.129+0000][1][safepoint    ] Application time: 1.0000757 seconds
[2019-12-09T03:09:07.129+0000][1][safepoint    ] Entering safepoint region: Cleanup
[2019-12-09T03:09:07.129+0000][1][safepoint    ] Leaving safepoint region
[2019-12-09T03:09:07.129+0000][1][safepoint    ] Total time for which application threads were stopped: 0.0000768 seconds, Stopping threads took: 0.0000174 seconds
[2019-12-09T03:09:08.129+0000][1][safepoint    ] Application time: 1.0000739 seconds
[2019-12-09T03:09:08.129+0000][1][safepoint    ] Entering safepoint region: Cleanup
[2019-12-09T03:09:08.130+0000][1][safepoint    ] Leaving safepoint region
[2019-12-09T03:09:08.130+0000][1][safepoint    ] Total time for which application threads were stopped: 0.0000862 seconds, Stopping threads took: 0.0000208 seconds
[2019-12-09T03:09:09.130+0000][1][safepoint    ] Application time: 1.0000774 seconds
[2019-12-09T03:09:09.130+0000][1][safepoint    ] Entering safepoint region: Cleanup
[2019-12-09T03:09:09.130+0000][1][safepoint    ] Leaving safepoint region
[2019-12-09T03:09:09.130+0000][1][safepoint    ] Total time for which application threads were stopped: 0.0000933 seconds, Stopping threads took: 0.0000180 seconds
[2019-12-09T03:09:10.130+0000][1][safepoint    ] Application time: 1.0000756 seconds
[2019-12-09T03:09:10.130+0000][1][safepoint    ] Entering safepoint region: Cleanup
[2019-12-09T03:09:10.130+0000][1][safepoint    ] Leaving safepoint region
[2019-12-09T03:09:10.130+0000][1][safepoint    ] Total time for which application threads were stopped: 0.0000795 seconds, Stopping threads took: 0.0000169 seconds
[2019-12-09T03:09:11.130+0000][1][safepoint    ] Application time: 1.0000770 seconds
[2019-12-09T03:09:11.130+0000][1][safepoint    ] Entering safepoint region: Cleanup
[2019-12-09T03:09:11.130+0000][1][safepoint    ] Leaving safepoint region
[2019-12-09T03:09:11.130+0000][1][safepoint    ] Total time for which application threads were stopped: 0.0000774 seconds, Stopping threads took: 0.0000177 seconds
[2019-12-09T03:09:12.130+0000][1][safepoint    ] Application time: 1.0000752 seconds
[2019-12-09T03:09:12.130+0000][1][safepoint    ] Entering safepoint region: Cleanup
[2019-12-09T03:09:12.130+0000][1][safepoint    ] Leaving safepoint region
[2019-12-09T03:09:12.130+0000][1][safepoint    ] Total time for which application threads were stopped: 0.0001001 seconds, Stopping threads took: 0.0000172 seconds
[2019-12-09T03:09:13.130+0000][1][safepoint    ] Application time: 1.0000794 seconds
[2019-12-09T03:09:13.130+0000][1][safepoint    ] Entering safepoint region: Cleanup
[2019-12-09T03:09:13.131+0000][1][safepoint    ] Leaving safepoint region
[2019-12-09T03:09:13.131+0000][1][safepoint    ] Total time for which application threads were stopped: 0.0000909 seconds, Stopping threads took: 0.0000246 seconds
[2019-12-09T03:09:14.131+0000][1][safepoint    ] Application time: 1.0000757 seconds
[2019-12-09T03:09:14.131+0000][1][safepoint    ] Entering safepoint region: Cleanup
[2019-12-09T03:09:14.131+0000][1][safepoint    ] Leaving safepoint region
[2019-12-09T03:09:14.131+0000][1][safepoint    ] Total time for which application threads were stopped: 0.0000898 seconds, Stopping threads took: 0.0000291 seconds
[2019-12-09T03:09:15.131+0000][1][safepoint    ] Application time: 1.0000759 seconds
[2019-12-09T03:09:15.131+0000][1][safepoint    ] Entering safepoint region: Cleanup
[2019-12-09T03:09:15.131+0000][1][safepoint    ] Leaving safepoint region
[2019-12-09T03:09:15.131+0000][1][safepoint    ] Total time for which application threads were stopped: 0.0000785 seconds, Stopping threads took: 0.0000166 seconds
[2019-12-09T03:09:16.131+0000][1][safepoint    ] Application time: 1.0000750 seconds
[2019-12-09T03:09:16.131+0000][1][safepoint    ] Entering safepoint region: Cleanup
[2019-12-09T03:09:16.131+0000][1][safepoint    ] Leaving safepoint region
[2019-12-09T03:09:16.131+0000][1][safepoint    ] Total time for which application threads were stopped: 0.0000763 seconds, Stopping threads took: 0.0000166 seconds
[2019-12-09T03:09:17.131+0000][1][safepoint    ] Application time: 1.0000748 seconds
[2019-12-09T03:09:17.131+0000][1][safepoint    ] Entering safepoint region: Cleanup
[2019-12-09T03:09:17.131+0000][1][safepoint    ] Leaving safepoint region
[2019-12-09T03:09:17.131+0000][1][safepoint    ] Total time for which application threads were stopped: 0.0000771 seconds, Stopping threads took: 0.0000172 seconds
[2019-12-09T03:09:18.131+0000][1][safepoint    ] Application time: 1.0000766 seconds
[2019-12-09T03:09:18.132+0000][1][safepoint    ] Entering safepoint region: Cleanup
[2019-12-09T03:09:18.132+0000][1][safepoint    ] Leaving safepoint region
[2019-12-09T03:09:18.132+0000][1][safepoint    ] Total time for which application threads were stopped: 0.0000814 seconds, Stopping threads took: 0.0000211 seconds
[2019-12-09T03:09:19.132+0000][1][safepoint    ] Application time: 1.0000763 seconds
[2019-12-09T03:09:19.132+0000][1][safepoint    ] Entering safepoint region: Cleanup
[2019-12-09T03:09:19.132+0000][1][safepoint    ] Leaving safepoint region
[2019-12-09T03:09:19.132+0000][1][safepoint    ] Total time for which application threads were stopped: 0.0000802 seconds, Stopping threads took: 0.0000180 seconds
[2019-12-09T03:09:20.132+0000][1][safepoint    ] Application time: 1.0000768 seconds
[2019-12-09T03:09:20.132+0000][1][safepoint    ] Entering safepoint region: Cleanup
[2019-12-09T03:09:20.132+0000][1][safepoint    ] Leaving safepoint region
[2019-12-09T03:09:20.132+0000][1][safepoint    ] Total time for which application threads were stopped: 0.0000810 seconds, Stopping threads took: 0.0000176 seconds
[2019-12-09T03:09:21.132+0000][1][safepoint    ] Application time: 1.0000749 seconds
[2019-12-09T03:09:21.132+0000][1][safepoint    ] Entering safepoint region: Cleanup
[2019-12-09T03:09:21.132+0000][1][safepoint    ] Leaving safepoint region
[2019-12-09T03:09:21.132+0000][1][safepoint    ] Total time for which application threads were stopped: 0.0000747 seconds, Stopping threads took: 0.0000174 seconds
[2019-12-09T03:09:22.132+0000][1][safepoint    ] Application time: 1.0000757 seconds
[2019-12-09T03:09:22.132+0000][1][safepoint    ] Entering safepoint region: Cleanup
[2019-12-09T03:09:22.132+0000][1][safepoint    ] Leaving safepoint region
[2019-12-09T03:09:22.132+0000][1][safepoint    ] Total time for which application threads were stopped: 0.0000775 seconds, Stopping threads took: 0.0000194 seconds
[2019-12-09T03:09:23.132+0000][1][safepoint    ] Application time: 1.0000768 seconds
[2019-12-09T03:09:23.133+0000][1][safepoint    ] Entering safepoint region: Cleanup
[2019-12-09T03:09:23.133+0000][1][safepoint    ] Leaving safepoint region
[2019-12-09T03:09:23.133+0000][1][safepoint    ] Total time for which application threads were stopped: 0.0001034 seconds, Stopping threads took: 0.0000274 seconds
[2019-12-09T03:09:23.158+0000][1][safepoint    ] Application time: 0.0258903 seconds
[2019-12-09T03:09:23.159+0000][1][safepoint    ] Entering safepoint region: GenCollectForAllocation
[2019-12-09T03:09:23.159+0000][1][gc,start     ] GC(24) Pause Young (Allocation Failure)
[2019-12-09T03:09:23.159+0000][1][gc,task      ] GC(24) Using 2 workers of 2 for evacuation
[2019-12-09T03:09:23.187+0000][1][gc,age       ] GC(24) Desired survivor size 4456448 bytes, new threshold 6 (max threshold 6)
[2019-12-09T03:09:23.187+0000][1][gc,age       ] GC(24) Age table with threshold 6 (max threshold 6)
[2019-12-09T03:09:23.187+0000][1][gc,age       ] GC(24) - age   1:      10664 bytes,      10664 total
[2019-12-09T03:09:23.187+0000][1][gc,age       ] GC(24) - age   2:    1497800 bytes,    1508464 total
[2019-12-09T03:09:23.187+0000][1][gc,heap      ] GC(24) ParNew: 77315K->4852K(78656K)
[2019-12-09T03:09:23.187+0000][1][gc,heap      ] GC(24) CMS: 64542K->68018K(174784K)
[2019-12-09T03:09:23.187+0000][1][gc,metaspace ] GC(24) Metaspace: 67718K->67718K(1112064K)
[2019-12-09T03:09:23.187+0000][1][gc           ] GC(24) Pause Young (Allocation Failure) 138M->71M(247M) 28.189ms
[2019-12-09T03:09:23.187+0000][1][gc,cpu       ] GC(24) User=0.03s Sys=0.00s Real=0.03s
[2019-12-09T03:09:23.187+0000][1][safepoint    ] Leaving safepoint region
[2019-12-09T03:09:23.187+0000][1][safepoint    ] Total time for which application threads were stopped: 0.0283594 seconds, Stopping threads took: 0.0000197 seconds
[2019-12-09T03:09:24.187+0000][1][safepoint    ] Application time: 1.0000953 seconds
[2019-12-09T03:09:24.187+0000][1][safepoint    ] Entering safepoint region: Cleanup
[2019-12-09T03:09:24.187+0000][1][safepoint    ] Leaving safepoint region
[2019-12-09T03:09:24.187+0000][1][safepoint    ] Total time for which application threads were stopped: 0.0000903 seconds, Stopping threads took: 0.0000187 seconds
[2019-12-09T03:09:25.187+0000][1][safepoint    ] Application time: 1.0000736 seconds
[2019-12-09T03:09:25.187+0000][1][safepoint    ] Entering safepoint region: Cleanup
[2019-12-09T03:09:25.187+0000][1][safepoint    ] Leaving safepoint region
[2019-12-09T03:09:25.187+0000][1][safepoint    ] Total time for which application threads were stopped: 0.0000840 seconds, Stopping threads took: 0.0000202 seconds
[2019-12-09T03:09:26.187+0000][1][safepoint    ] Application time: 1.0000758 seconds
[2019-12-09T03:09:26.187+0000][1][safepoint    ] Entering safepoint region: Cleanup
[2019-12-09T03:09:26.188+0000][1][safepoint    ] Leaving safepoint region
[2019-12-09T03:09:26.188+0000][1][safepoint    ] Total time for which application threads were stopped: 0.0000820 seconds, Stopping threads took: 0.0000165 seconds
[2019-12-09T03:09:27.188+0000][1][safepoint    ] Application time: 1.0000761 seconds
[2019-12-09T03:09:27.188+0000][1][safepoint    ] Entering safepoint region: Cleanup
[2019-12-09T03:09:27.188+0000][1][safepoint    ] Leaving safepoint region
[2019-12-09T03:09:27.188+0000][1][safepoint    ] Total time for which application threads were stopped: 0.0000908 seconds, Stopping threads took: 0.0000205 seconds
[2019-12-09T03:09:28.188+0000][1][safepoint    ] Application time: 1.0000811 seconds
[2019-12-09T03:09:28.188+0000][1][safepoint    ] Entering safepoint region: Cleanup
[2019-12-09T03:09:28.188+0000][1][safepoint    ] Leaving safepoint region
[2019-12-09T03:09:28.188+0000][1][safepoint    ] Total time for which application threads were stopped: 0.0001574 seconds, Stopping threads took: 0.0000809 seconds
[2019-12-09T03:09:29.188+0000][1][safepoint    ] Application time: 1.0000856 seconds
[2019-12-09T03:09:29.188+0000][1][safepoint    ] Entering safepoint region: Cleanup
[2019-12-09T03:09:29.188+0000][1][safepoint    ] Leaving safepoint region
[2019-12-09T03:09:29.188+0000][1][safepoint    ] Total time for which application threads were stopped: 0.0001107 seconds, Stopping threads took: 0.0000263 seconds
[2019-12-09T03:09:30.188+0000][1][safepoint    ] Application time: 1.0000805 seconds
[2019-12-09T03:09:30.188+0000][1][safepoint    ] Entering safepoint region: Cleanup
[2019-12-09T03:09:30.188+0000][1][safepoint    ] Leaving safepoint region
[2019-12-09T03:09:30.188+0000][1][safepoint    ] Total time for which application threads were stopped: 0.0000804 seconds, Stopping threads took: 0.0000174 seconds
[2019-12-09T03:09:31.189+0000][1][safepoint    ] Application time: 1.0000765 seconds
[2019-12-09T03:09:31.189+0000][1][safepoint    ] Entering safepoint region: Cleanup
[2019-12-09T03:09:31.189+0000][1][safepoint    ] Leaving safepoint region
[2019-12-09T03:09:31.189+0000][1][safepoint    ] Total time for which application threads were stopped: 0.0001005 seconds, Stopping threads took: 0.0000190 seconds
[2019-12-09T03:09:32.189+0000][1][safepoint    ] Application time: 1.0000776 seconds
[2019-12-09T03:09:32.189+0000][1][safepoint    ] Entering safepoint region: Cleanup
[2019-12-09T03:09:32.189+0000][1][safepoint    ] Leaving safepoint region
[2019-12-09T03:09:32.189+0000][1][safepoint    ] Total time for which application threads were stopped: 0.0000828 seconds, Stopping threads took: 0.0000170 seconds
[2019-12-09T03:09:33.189+0000][1][safepoint    ] Application time: 1.0000758 seconds
[2019-12-09T03:09:33.189+0000][1][safepoint    ] Entering safepoint region: Cleanup
[2019-12-09T03:09:33.189+0000][1][safepoint    ] Leaving safepoint region
[2019-12-09T03:09:33.189+0000][1][safepoint    ] Total time for which application threads were stopped: 0.0000788 seconds, Stopping threads took: 0.0000178 seconds
[2019-12-09T03:09:34.189+0000][1][safepoint    ] Application time: 1.0000636 seconds
[2019-12-09T03:09:34.189+0000][1][safepoint    ] Entering safepoint region: Cleanup
[2019-12-09T03:09:34.189+0000][1][safepoint    ] Leaving safepoint region
[2019-12-09T03:09:34.189+0000][1][safepoint    ] Total time for which application threads were stopped: 0.0000859 seconds, Stopping threads took: 0.0000175 seconds
[2019-12-09T03:09:35.189+0000][1][safepoint    ] Application time: 1.0000781 seconds
[2019-12-09T03:09:35.189+0000][1][safepoint    ] Entering safepoint region: Cleanup
[2019-12-09T03:09:35.189+0000][1][safepoint    ] Leaving safepoint region
[2019-12-09T03:09:35.189+0000][1][safepoint    ] Total time for which application threads were stopped: 0.0000822 seconds, Stopping threads took: 0.0000174 seconds
[2019-12-09T03:09:36.190+0000][1][safepoint    ] Application time: 1.0000805 seconds
[2019-12-09T03:09:36.190+0000][1][safepoint    ] Entering safepoint region: Cleanup
[2019-12-09T03:09:36.190+0000][1][safepoint    ] Leaving safepoint region
[2019-12-09T03:09:36.190+0000][1][safepoint    ] Total time for which application threads were stopped: 0.0000874 seconds, Stopping threads took: 0.0000191 seconds
[2019-12-09T03:09:37.190+0000][1][safepoint    ] Application time: 1.0000763 seconds
[2019-12-09T03:09:37.190+0000][1][safepoint    ] Entering safepoint region: Cleanup
[2019-12-09T03:09:37.190+0000][1][safepoint    ] Leaving safepoint region
[2019-12-09T03:09:37.190+0000][1][safepoint    ] Total time for which application threads were stopped: 0.0000792 seconds, Stopping threads took: 0.0000175 seconds
[2019-12-09T03:09:38.190+0000][1][safepoint    ] Application time: 1.0000798 seconds
[2019-12-09T03:09:38.190+0000][1][safepoint    ] Entering safepoint region: Cleanup
[2019-12-09T03:09:38.190+0000][1][safepoint    ] Leaving safepoint region
[2019-12-09T03:09:38.190+0000][1][safepoint    ] Total time for which application threads were stopped: 0.0000788 seconds, Stopping threads took: 0.0000200 seconds
[2019-12-09T03:09:39.192+0000][1][safepoint    ] Application time: 1.0015993 seconds
[2019-12-09T03:09:39.192+0000][1][safepoint    ] Entering safepoint region: Cleanup
[2019-12-09T03:09:39.192+0000][1][safepoint    ] Leaving safepoint region
[2019-12-09T03:09:39.192+0000][1][safepoint    ] Total time for which application threads were stopped: 0.0001187 seconds, Stopping threads took: 0.0000258 seconds
[2019-12-09T03:09:40.192+0000][1][safepoint    ] Application time: 1.0000784 seconds
[2019-12-09T03:09:40.192+0000][1][safepoint    ] Entering safepoint region: Cleanup
[2019-12-09T03:09:40.192+0000][1][safepoint    ] Leaving safepoint region
[2019-12-09T03:09:40.192+0000][1][safepoint    ] Total time for which application threads were stopped: 0.0000798 seconds, Stopping threads took: 0.0000199 seconds
[2019-12-09T03:09:41.192+0000][1][safepoint    ] Application time: 1.0000787 seconds
[2019-12-09T03:09:41.192+0000][1][safepoint    ] Entering safepoint region: Cleanup
[2019-12-09T03:09:41.192+0000][1][safepoint    ] Leaving safepoint region
[2019-12-09T03:09:41.192+0000][1][safepoint    ] Total time for which application threads were stopped: 0.0000809 seconds, Stopping threads took: 0.0000210 seconds
[2019-12-09T03:09:42.192+0000][1][safepoint    ] Application time: 1.0000782 seconds
[2019-12-09T03:09:42.192+0000][1][safepoint    ] Entering safepoint region: Cleanup
[2019-12-09T03:09:42.192+0000][1][safepoint    ] Leaving safepoint region
[2019-12-09T03:09:42.192+0000][1][safepoint    ] Total time for which application threads were stopped: 0.0000799 seconds, Stopping threads took: 0.0000179 seconds
[2019-12-09T03:09:43.193+0000][1][safepoint    ] Application time: 1.0000801 seconds
[2019-12-09T03:09:43.193+0000][1][safepoint    ] Entering safepoint region: Cleanup
[2019-12-09T03:09:43.193+0000][1][safepoint    ] Leaving safepoint region
[2019-12-09T03:09:43.193+0000][1][safepoint    ] Total time for which application threads were stopped: 0.0000956 seconds, Stopping threads took: 0.0000186 seconds
[2019-12-09T03:09:44.193+0000][1][safepoint    ] Application time: 1.0000841 seconds
[2019-12-09T03:09:44.193+0000][1][safepoint    ] Entering safepoint region: Cleanup
[2019-12-09T03:09:44.193+0000][1][safepoint    ] Leaving safepoint region
[2019-12-09T03:09:44.193+0000][1][safepoint    ] Total time for which application threads were stopped: 0.0001256 seconds, Stopping threads took: 0.0000373 seconds
[2019-12-09T03:09:45.193+0000][1][safepoint    ] Application time: 1.0000765 seconds
[2019-12-09T03:09:45.193+0000][1][safepoint    ] Entering safepoint region: Cleanup
[2019-12-09T03:09:45.193+0000][1][safepoint    ] Leaving safepoint region
[2019-12-09T03:09:45.193+0000][1][safepoint    ] Total time for which application threads were stopped: 0.0000807 seconds, Stopping threads took: 0.0000206 seconds
[2019-12-09T03:09:46.193+0000][1][safepoint    ] Application time: 1.0000786 seconds
[2019-12-09T03:09:46.193+0000][1][safepoint    ] Entering safepoint region: Cleanup
[2019-12-09T03:09:46.193+0000][1][safepoint    ] Leaving safepoint region
[2019-12-09T03:09:46.193+0000][1][safepoint    ] Total time for which application threads were stopped: 0.0000825 seconds, Stopping threads took: 0.0000215 seconds
[2019-12-09T03:09:47.193+0000][1][safepoint    ] Application time: 1.0000761 seconds
[2019-12-09T03:09:47.194+0000][1][safepoint    ] Entering safepoint region: Cleanup
[2019-12-09T03:09:47.194+0000][1][safepoint    ] Leaving safepoint region
[2019-12-09T03:09:47.194+0000][1][safepoint    ] Total time for which application threads were stopped: 0.0000767 seconds, Stopping threads took: 0.0000173 seconds
[2019-12-09T03:09:48.194+0000][1][safepoint    ] Application time: 1.0000805 seconds
[2019-12-09T03:09:48.194+0000][1][safepoint    ] Entering safepoint region: Cleanup
[2019-12-09T03:09:48.194+0000][1][safepoint    ] Leaving safepoint region
[2019-12-09T03:09:48.194+0000][1][safepoint    ] Total time for which application threads were stopped: 0.0000799 seconds, Stopping threads took: 0.0000178 seconds
[2019-12-09T03:09:49.194+0000][1][safepoint    ] Application time: 1.0000804 seconds
[2019-12-09T03:09:49.194+0000][1][safepoint    ] Entering safepoint region: Cleanup
[2019-12-09T03:09:49.194+0000][1][safepoint    ] Leaving safepoint region
[2019-12-09T03:09:49.194+0000][1][safepoint    ] Total time for which application threads were stopped: 0.0000783 seconds, Stopping threads took: 0.0000183 seconds
[2019-12-09T03:09:50.194+0000][1][safepoint    ] Application time: 1.0000774 seconds
[2019-12-09T03:09:50.194+0000][1][safepoint    ] Entering safepoint region: Cleanup
[2019-12-09T03:09:50.194+0000][1][safepoint    ] Leaving safepoint region
[2019-12-09T03:09:50.194+0000][1][safepoint    ] Total time for which application threads were stopped: 0.0000858 seconds, Stopping threads took: 0.0000181 seconds
[2019-12-09T03:09:51.194+0000][1][safepoint    ] Application time: 1.0000805 seconds
[2019-12-09T03:09:51.194+0000][1][safepoint    ] Entering safepoint region: Cleanup
[2019-12-09T03:09:51.194+0000][1][safepoint    ] Leaving safepoint region
[2019-12-09T03:09:51.194+0000][1][safepoint    ] Total time for which application threads were stopped: 0.0000779 seconds, Stopping threads took: 0.0000178 seconds
[2019-12-09T03:09:52.194+0000][1][safepoint    ] Application time: 1.0000796 seconds
[2019-12-09T03:09:52.195+0000][1][safepoint    ] Entering safepoint region: Cleanup
[2019-12-09T03:09:52.195+0000][1][safepoint    ] Leaving safepoint region
[2019-12-09T03:09:52.195+0000][1][safepoint    ] Total time for which application threads were stopped: 0.0000843 seconds, Stopping threads took: 0.0000178 seconds
[2019-12-09T03:09:53.195+0000][1][safepoint    ] Application time: 1.0000787 seconds
[2019-12-09T03:09:53.195+0000][1][safepoint    ] Entering safepoint region: Cleanup
[2019-12-09T03:09:53.195+0000][1][safepoint    ] Leaving safepoint region
[2019-12-09T03:09:53.195+0000][1][safepoint    ] Total time for which application threads were stopped: 0.0000784 seconds, Stopping threads took: 0.0000181 seconds
[2019-12-09T03:09:54.195+0000][1][safepoint    ] Application time: 1.0000793 seconds
[2019-12-09T03:09:54.195+0000][1][safepoint    ] Entering safepoint region: Cleanup
[2019-12-09T03:09:54.195+0000][1][safepoint    ] Leaving safepoint region
[2019-12-09T03:09:54.195+0000][1][safepoint    ] Total time for which application threads were stopped: 0.0000810 seconds, Stopping threads took: 0.0000191 seconds
[2019-12-09T03:09:55.195+0000][1][safepoint    ] Application time: 1.0000775 seconds
[2019-12-09T03:09:55.195+0000][1][safepoint    ] Entering safepoint region: Cleanup
[2019-12-09T03:09:55.195+0000][1][safepoint    ] Leaving safepoint region
[2019-12-09T03:09:55.195+0000][1][safepoint    ] Total time for which application threads were stopped: 0.0000806 seconds, Stopping threads took: 0.0000192 seconds
[2019-12-09T03:09:56.195+0000][1][safepoint    ] Application time: 1.0000770 seconds
[2019-12-09T03:09:56.195+0000][1][safepoint    ] Entering safepoint region: Cleanup
[2019-12-09T03:09:56.195+0000][1][safepoint    ] Leaving safepoint region
[2019-12-09T03:09:56.195+0000][1][safepoint    ] Total time for which application threads were stopped: 0.0000788 seconds, Stopping threads took: 0.0000200 seconds
[2019-12-09T03:09:57.196+0000][1][safepoint    ] Application time: 1.0000763 seconds
[2019-12-09T03:09:57.196+0000][1][safepoint    ] Entering safepoint region: Cleanup
[2019-12-09T03:09:57.196+0000][1][safepoint    ] Leaving safepoint region
[2019-12-09T03:09:57.196+0000][1][safepoint    ] Total time for which application threads were stopped: 0.0000802 seconds, Stopping threads took: 0.0000176 seconds
[2019-12-09T03:09:58.196+0000][1][safepoint    ] Application time: 1.0000765 seconds
[2019-12-09T03:09:58.196+0000][1][safepoint    ] Entering safepoint region: Cleanup
[2019-12-09T03:09:58.196+0000][1][safepoint    ] Leaving safepoint region
[2019-12-09T03:09:58.196+0000][1][safepoint    ] Total time for which application threads were stopped: 0.0000918 seconds, Stopping threads took: 0.0000174 seconds
[2019-12-09T03:09:59.196+0000][1][safepoint    ] Application time: 1.0000788 seconds
[2019-12-09T03:09:59.196+0000][1][safepoint    ] Entering safepoint region: Cleanup
[2019-12-09T03:09:59.196+0000][1][safepoint    ] Leaving safepoint region
[2019-12-09T03:09:59.196+0000][1][safepoint    ] Total time for which application threads were stopped: 0.0000807 seconds, Stopping threads took: 0.0000167 seconds
[2019-12-09T03:10:00.196+0000][1][safepoint    ] Application time: 1.0000792 seconds
[2019-12-09T03:10:00.196+0000][1][safepoint    ] Entering safepoint region: Cleanup
[2019-12-09T03:10:00.196+0000][1][safepoint    ] Leaving safepoint region
[2019-12-09T03:10:00.196+0000][1][safepoint    ] Total time for which application threads were stopped: 0.0000821 seconds, Stopping threads took: 0.0000216 seconds
[2019-12-09T03:10:01.196+0000][1][safepoint    ] Application time: 1.0000790 seconds
[2019-12-09T03:10:01.196+0000][1][safepoint    ] Entering safepoint region: Cleanup
[2019-12-09T03:10:01.196+0000][1][safepoint    ] Leaving safepoint region
[2019-12-09T03:10:01.196+0000][1][safepoint    ] Total time for which application threads were stopped: 0.0000783 seconds, Stopping threads took: 0.0000183 seconds
[2019-12-09T03:10:02.197+0000][1][safepoint    ] Application time: 1.0000840 seconds
[2019-12-09T03:10:02.197+0000][1][safepoint    ] Entering safepoint region: Cleanup
[2019-12-09T03:10:02.197+0000][1][safepoint    ] Leaving safepoint region
[2019-12-09T03:10:02.197+0000][1][safepoint    ] Total time for which application threads were stopped: 0.0000873 seconds, Stopping threads took: 0.0000182 seconds
[2019-12-09T03:10:03.197+0000][1][safepoint    ] Application time: 1.0000802 seconds
[2019-12-09T03:10:03.197+0000][1][safepoint    ] Entering safepoint region: Cleanup
[2019-12-09T03:10:03.197+0000][1][safepoint    ] Leaving safepoint region
[2019-12-09T03:10:03.197+0000][1][safepoint    ] Total time for which application threads were stopped: 0.0000841 seconds, Stopping threads took: 0.0000213 seconds
[2019-12-09T03:10:04.197+0000][1][safepoint    ] Application time: 1.0000848 seconds
[2019-12-09T03:10:04.197+0000][1][safepoint    ] Entering safepoint region: Cleanup
[2019-12-09T03:10:04.197+0000][1][safepoint    ] Leaving safepoint region
[2019-12-09T03:10:04.197+0000][1][safepoint    ] Total time for which application threads were stopped: 0.0000812 seconds, Stopping threads took: 0.0000193 seconds
[2019-12-09T03:10:05.197+0000][1][safepoint    ] Application time: 1.0000830 seconds
[2019-12-09T03:10:05.197+0000][1][safepoint    ] Entering safepoint region: Cleanup
[2019-12-09T03:10:05.197+0000][1][safepoint    ] Leaving safepoint region
[2019-12-09T03:10:05.197+0000][1][safepoint    ] Total time for which application threads were stopped: 0.0000791 seconds, Stopping threads took: 0.0000180 seconds
[2019-12-09T03:10:06.197+0000][1][safepoint    ] Application time: 1.0000776 seconds
[2019-12-09T03:10:06.197+0000][1][safepoint    ] Entering safepoint region: Cleanup
[2019-12-09T03:10:06.197+0000][1][safepoint    ] Leaving safepoint region
[2019-12-09T03:10:06.198+0000][1][safepoint    ] Total time for which application threads were stopped: 0.0000821 seconds, Stopping threads took: 0.0000181 seconds
[2019-12-09T03:10:07.198+0000][1][safepoint    ] Application time: 1.0000805 seconds
[2019-12-09T03:10:07.198+0000][1][safepoint    ] Entering safepoint region: Cleanup
[2019-12-09T03:10:07.198+0000][1][safepoint    ] Leaving safepoint region
[2019-12-09T03:10:07.198+0000][1][safepoint    ] Total time for which application threads were stopped: 0.0000903 seconds, Stopping threads took: 0.0000190 seconds
[2019-12-09T03:10:08.198+0000][1][safepoint    ] Application time: 1.0000791 seconds
[2019-12-09T03:10:08.198+0000][1][safepoint    ] Entering safepoint region: Cleanup
[2019-12-09T03:10:08.198+0000][1][safepoint    ] Leaving safepoint region
[2019-12-09T03:10:08.198+0000][1][safepoint    ] Total time for which application threads were stopped: 0.0000800 seconds, Stopping threads took: 0.0000182 seconds
[2019-12-09T03:10:09.198+0000][1][safepoint    ] Application time: 1.0000767 seconds
[2019-12-09T03:10:09.198+0000][1][safepoint    ] Entering safepoint region: Cleanup
[2019-12-09T03:10:09.198+0000][1][safepoint    ] Leaving safepoint region
[2019-12-09T03:10:09.198+0000][1][safepoint    ] Total time for which application threads were stopped: 0.0000795 seconds, Stopping threads took: 0.0000175 seconds
[2019-12-09T03:10:10.198+0000][1][safepoint    ] Application time: 1.0000762 seconds
[2019-12-09T03:10:10.198+0000][1][safepoint    ] Entering safepoint region: Cleanup
[2019-12-09T03:10:10.198+0000][1][safepoint    ] Leaving safepoint region
[2019-12-09T03:10:10.198+0000][1][safepoint    ] Total time for which application threads were stopped: 0.0000845 seconds, Stopping threads took: 0.0000177 seconds
[2019-12-09T03:10:11.809+0000][1][safepoint    ] Application time: 1.6103588 seconds
[2019-12-09T03:10:11.809+0000][1][safepoint    ] Entering safepoint region: Cleanup
[2019-12-09T03:10:11.809+0000][1][safepoint    ] Leaving safepoint region
[2019-12-09T03:10:11.809+0000][1][safepoint    ] Total time for which application threads were stopped: 0.0002051 seconds, Stopping threads took: 0.0000249 seconds
[2019-12-09T03:10:12.809+0000][1][safepoint    ] Application time: 1.0000792 seconds
[2019-12-09T03:10:12.809+0000][1][safepoint    ] Entering safepoint region: Cleanup
[2019-12-09T03:10:12.809+0000][1][safepoint    ] Leaving safepoint region
[2019-12-09T03:10:12.809+0000][1][safepoint    ] Total time for which application threads were stopped: 0.0000770 seconds, Stopping threads took: 0.0000164 seconds
[2019-12-09T03:10:13.809+0000][1][safepoint    ] Application time: 1.0000783 seconds
[2019-12-09T03:10:13.809+0000][1][safepoint    ] Entering safepoint region: Cleanup
[2019-12-09T03:10:13.809+0000][1][safepoint    ] Leaving safepoint region
[2019-12-09T03:10:13.809+0000][1][safepoint    ] Total time for which application threads were stopped: 0.0000870 seconds, Stopping threads took: 0.0000214 seconds
[2019-12-09T03:10:14.809+0000][1][safepoint    ] Application time: 1.0000754 seconds
[2019-12-09T03:10:14.809+0000][1][safepoint    ] Entering safepoint region: Cleanup
[2019-12-09T03:10:14.810+0000][1][safepoint    ] Leaving safepoint region
[2019-12-09T03:10:14.810+0000][1][safepoint    ] Total time for which application threads were stopped: 0.0000759 seconds, Stopping threads took: 0.0000165 seconds
[2019-12-09T03:10:15.810+0000][1][safepoint    ] Application time: 1.0000769 seconds
[2019-12-09T03:10:15.810+0000][1][safepoint    ] Entering safepoint region: Cleanup
[2019-12-09T03:10:15.810+0000][1][safepoint    ] Leaving safepoint region
[2019-12-09T03:10:15.810+0000][1][safepoint    ] Total time for which application threads were stopped: 0.0000911 seconds, Stopping threads took: 0.0000267 seconds
[2019-12-09T03:10:16.810+0000][1][safepoint    ] Application time: 1.0000774 seconds
[2019-12-09T03:10:16.810+0000][1][safepoint    ] Entering safepoint region: Cleanup
[2019-12-09T03:10:16.810+0000][1][safepoint    ] Leaving safepoint region
[2019-12-09T03:10:16.810+0000][1][safepoint    ] Total time for which application threads were stopped: 0.0000832 seconds, Stopping threads took: 0.0000174 seconds
[2019-12-09T03:10:17.810+0000][1][safepoint    ] Application time: 1.0000746 seconds
[2019-12-09T03:10:17.810+0000][1][safepoint    ] Entering safepoint region: Cleanup
[2019-12-09T03:10:17.810+0000][1][safepoint    ] Leaving safepoint region
[2019-12-09T03:10:17.810+0000][1][safepoint    ] Total time for which application threads were stopped: 0.0000796 seconds, Stopping threads took: 0.0000166 seconds
[2019-12-09T03:10:18.810+0000][1][safepoint    ] Application time: 1.0000765 seconds
[2019-12-09T03:10:18.810+0000][1][safepoint    ] Entering safepoint region: Cleanup
[2019-12-09T03:10:18.810+0000][1][safepoint    ] Leaving safepoint region
[2019-12-09T03:10:18.810+0000][1][safepoint    ] Total time for which application threads were stopped: 0.0000736 seconds, Stopping threads took: 0.0000166 seconds
[2019-12-09T03:10:19.810+0000][1][safepoint    ] Application time: 1.0000788 seconds
[2019-12-09T03:10:19.810+0000][1][safepoint    ] Entering safepoint region: Cleanup
[2019-12-09T03:10:19.811+0000][1][safepoint    ] Leaving safepoint region
[2019-12-09T03:10:19.811+0000][1][safepoint    ] Total time for which application threads were stopped: 0.0000854 seconds, Stopping threads took: 0.0000173 seconds
[2019-12-09T03:10:20.811+0000][1][safepoint    ] Application time: 1.0000751 seconds
[2019-12-09T03:10:20.811+0000][1][safepoint    ] Entering safepoint region: Cleanup
[2019-12-09T03:10:20.811+0000][1][safepoint    ] Leaving safepoint region
[2019-12-09T03:10:20.811+0000][1][safepoint    ] Total time for which application threads were stopped: 0.0000885 seconds, Stopping threads took: 0.0000307 seconds
[2019-12-09T03:10:21.811+0000][1][safepoint    ] Application time: 1.0000757 seconds
[2019-12-09T03:10:21.811+0000][1][safepoint    ] Entering safepoint region: Cleanup
[2019-12-09T03:10:21.811+0000][1][safepoint    ] Leaving safepoint region
[2019-12-09T03:10:21.811+0000][1][safepoint    ] Total time for which application threads were stopped: 0.0000763 seconds, Stopping threads took: 0.0000169 seconds
[2019-12-09T03:10:22.811+0000][1][safepoint    ] Application time: 1.0000743 seconds
[2019-12-09T03:10:22.811+0000][1][safepoint    ] Entering safepoint region: Cleanup
[2019-12-09T03:10:22.811+0000][1][safepoint    ] Leaving safepoint region
[2019-12-09T03:10:22.811+0000][1][safepoint    ] Total time for which application threads were stopped: 0.0000738 seconds, Stopping threads took: 0.0000161 seconds
[2019-12-09T03:10:23.811+0000][1][safepoint    ] Application time: 1.0000758 seconds
[2019-12-09T03:10:23.811+0000][1][safepoint    ] Entering safepoint region: Cleanup
[2019-12-09T03:10:23.811+0000][1][safepoint    ] Leaving safepoint region
[2019-12-09T03:10:23.811+0000][1][safepoint    ] Total time for which application threads were stopped: 0.0000812 seconds, Stopping threads took: 0.0000169 seconds
[2019-12-09T03:10:24.811+0000][1][safepoint    ] Application time: 1.0000749 seconds
[2019-12-09T03:10:24.811+0000][1][safepoint    ] Entering safepoint region: Cleanup
[2019-12-09T03:10:24.812+0000][1][safepoint    ] Leaving safepoint region
[2019-12-09T03:10:24.812+0000][1][safepoint    ] Total time for which application threads were stopped: 0.0000875 seconds, Stopping threads took: 0.0000179 seconds
[2019-12-09T03:10:25.812+0000][1][safepoint    ] Application time: 1.0000809 seconds
[2019-12-09T03:10:25.812+0000][1][safepoint    ] Entering safepoint region: Cleanup
[2019-12-09T03:10:25.812+0000][1][safepoint    ] Leaving safepoint region
[2019-12-09T03:10:25.812+0000][1][safepoint    ] Total time for which application threads were stopped: 0.0000843 seconds, Stopping threads took: 0.0000249 seconds
[2019-12-09T03:10:26.812+0000][1][safepoint    ] Application time: 1.0000755 seconds
[2019-12-09T03:10:26.812+0000][1][safepoint    ] Entering safepoint region: Cleanup
[2019-12-09T03:10:26.812+0000][1][safepoint    ] Leaving safepoint region
[2019-12-09T03:10:26.812+0000][1][safepoint    ] Total time for which application threads were stopped: 0.0000808 seconds, Stopping threads took: 0.0000163 seconds
[2019-12-09T03:10:27.812+0000][1][safepoint    ] Application time: 1.0000771 seconds
[2019-12-09T03:10:27.812+0000][1][safepoint    ] Entering safepoint region: Cleanup
[2019-12-09T03:10:27.812+0000][1][safepoint    ] Leaving safepoint region
[2019-12-09T03:10:27.812+0000][1][safepoint    ] Total time for which application threads were stopped: 0.0000767 seconds, Stopping threads took: 0.0000171 seconds
[2019-12-09T03:10:28.812+0000][1][safepoint    ] Application time: 1.0000752 seconds
[2019-12-09T03:10:28.812+0000][1][safepoint    ] Entering safepoint region: Cleanup
[2019-12-09T03:10:28.812+0000][1][safepoint    ] Leaving safepoint region
[2019-12-09T03:10:28.812+0000][1][safepoint    ] Total time for which application threads were stopped: 0.0000725 seconds, Stopping threads took: 0.0000161 seconds
[2019-12-09T03:10:29.812+0000][1][safepoint    ] Application time: 1.0000795 seconds
[2019-12-09T03:10:29.812+0000][1][safepoint    ] Entering safepoint region: Cleanup
[2019-12-09T03:10:29.813+0000][1][safepoint    ] Leaving safepoint region
[2019-12-09T03:10:29.813+0000][1][safepoint    ] Total time for which application threads were stopped: 0.0000818 seconds, Stopping threads took: 0.0000179 seconds
[2019-12-09T03:10:30.813+0000][1][safepoint    ] Application time: 1.0000762 seconds
[2019-12-09T03:10:30.813+0000][1][safepoint    ] Entering safepoint region: Cleanup
[2019-12-09T03:10:30.813+0000][1][safepoint    ] Leaving safepoint region
[2019-12-09T03:10:30.813+0000][1][safepoint    ] Total time for which application threads were stopped: 0.0000835 seconds, Stopping threads took: 0.0000265 seconds
[2019-12-09T03:10:31.813+0000][1][safepoint    ] Application time: 1.0000798 seconds
[2019-12-09T03:10:31.813+0000][1][safepoint    ] Entering safepoint region: Cleanup
[2019-12-09T03:10:31.813+0000][1][safepoint    ] Leaving safepoint region
[2019-12-09T03:10:31.813+0000][1][safepoint    ] Total time for which application threads were stopped: 0.0000765 seconds, Stopping threads took: 0.0000166 seconds
[2019-12-09T03:10:32.813+0000][1][safepoint    ] Application time: 1.0000749 seconds
[2019-12-09T03:10:32.813+0000][1][safepoint    ] Entering safepoint region: Cleanup
[2019-12-09T03:10:32.813+0000][1][safepoint    ] Leaving safepoint region
[2019-12-09T03:10:32.813+0000][1][safepoint    ] Total time for which application threads were stopped: 0.0000759 seconds, Stopping threads took: 0.0000155 seconds
[2019-12-09T03:10:33.813+0000][1][safepoint    ] Application time: 1.0000752 seconds
[2019-12-09T03:10:33.813+0000][1][safepoint    ] Entering safepoint region: Cleanup
[2019-12-09T03:10:33.813+0000][1][safepoint    ] Leaving safepoint region
[2019-12-09T03:10:33.813+0000][1][safepoint    ] Total time for which application threads were stopped: 0.0000737 seconds, Stopping threads took: 0.0000156 seconds
[2019-12-09T03:10:34.813+0000][1][safepoint    ] Application time: 1.0000807 seconds
[2019-12-09T03:10:34.813+0000][1][safepoint    ] Entering safepoint region: Cleanup
[2019-12-09T03:10:34.814+0000][1][safepoint    ] Leaving safepoint region
[2019-12-09T03:10:34.814+0000][1][safepoint    ] Total time for which application threads were stopped: 0.0000988 seconds, Stopping threads took: 0.0000213 seconds
[2019-12-09T03:10:35.814+0000][1][safepoint    ] Application time: 1.0000764 seconds
[2019-12-09T03:10:35.814+0000][1][safepoint    ] Entering safepoint region: Cleanup
[2019-12-09T03:10:35.814+0000][1][safepoint    ] Leaving safepoint region
[2019-12-09T03:10:35.814+0000][1][safepoint    ] Total time for which application threads were stopped: 0.0000785 seconds, Stopping threads took: 0.0000177 seconds
[2019-12-09T03:10:36.814+0000][1][safepoint    ] Application time: 1.0000749 seconds
[2019-12-09T03:10:36.814+0000][1][safepoint    ] Entering safepoint region: Cleanup
[2019-12-09T03:10:36.814+0000][1][safepoint    ] Leaving safepoint region
[2019-12-09T03:10:36.814+0000][1][safepoint    ] Total time for which application threads were stopped: 0.0000734 seconds, Stopping threads took: 0.0000139 seconds
[2019-12-09T03:10:37.814+0000][1][safepoint    ] Application time: 1.0000751 seconds
[2019-12-09T03:10:37.814+0000][1][safepoint    ] Entering safepoint region: Cleanup
[2019-12-09T03:10:37.814+0000][1][safepoint    ] Leaving safepoint region
[2019-12-09T03:10:37.814+0000][1][safepoint    ] Total time for which application threads were stopped: 0.0000764 seconds, Stopping threads took: 0.0000149 seconds
[2019-12-09T03:10:38.814+0000][1][safepoint    ] Application time: 1.0000741 seconds
[2019-12-09T03:10:38.814+0000][1][safepoint    ] Entering safepoint region: Cleanup
[2019-12-09T03:10:38.814+0000][1][safepoint    ] Leaving safepoint region
[2019-12-09T03:10:38.814+0000][1][safepoint    ] Total time for which application threads were stopped: 0.0000803 seconds, Stopping threads took: 0.0000180 seconds
[2019-12-09T03:10:39.814+0000][1][safepoint    ] Application time: 1.0000760 seconds
[2019-12-09T03:10:39.814+0000][1][safepoint    ] Entering safepoint region: Cleanup
[2019-12-09T03:10:39.815+0000][1][safepoint    ] Leaving safepoint region
[2019-12-09T03:10:39.815+0000][1][safepoint    ] Total time for which application threads were stopped: 0.0000738 seconds, Stopping threads took: 0.0000161 seconds
[2019-12-09T03:10:40.815+0000][1][safepoint    ] Application time: 1.0000746 seconds
[2019-12-09T03:10:40.815+0000][1][safepoint    ] Entering safepoint region: Cleanup
[2019-12-09T03:10:40.815+0000][1][safepoint    ] Leaving safepoint region
[2019-12-09T03:10:40.815+0000][1][safepoint    ] Total time for which application threads were stopped: 0.0000896 seconds, Stopping threads took: 0.0000166 seconds
[2019-12-09T03:10:41.815+0000][1][safepoint    ] Application time: 1.0000743 seconds
[2019-12-09T03:10:41.815+0000][1][safepoint    ] Entering safepoint region: Cleanup
[2019-12-09T03:10:41.815+0000][1][safepoint    ] Leaving safepoint region
[2019-12-09T03:10:41.815+0000][1][safepoint    ] Total time for which application threads were stopped: 0.0000814 seconds, Stopping threads took: 0.0000168 seconds
[2019-12-09T03:10:42.815+0000][1][safepoint    ] Application time: 1.0000732 seconds
[2019-12-09T03:10:42.815+0000][1][safepoint    ] Entering safepoint region: Cleanup
[2019-12-09T03:10:42.815+0000][1][safepoint    ] Leaving safepoint region
[2019-12-09T03:10:42.815+0000][1][safepoint    ] Total time for which application threads were stopped: 0.0000751 seconds, Stopping threads took: 0.0000161 seconds
[2019-12-09T03:10:43.815+0000][1][safepoint    ] Application time: 1.0000773 seconds
[2019-12-09T03:10:43.815+0000][1][safepoint    ] Entering safepoint region: Cleanup
[2019-12-09T03:10:43.815+0000][1][safepoint    ] Leaving safepoint region
[2019-12-09T03:10:43.815+0000][1][safepoint    ] Total time for which application threads were stopped: 0.0000862 seconds, Stopping threads took: 0.0000269 seconds
[2019-12-09T03:10:44.815+0000][1][safepoint    ] Application time: 1.0000763 seconds
[2019-12-09T03:10:44.815+0000][1][safepoint    ] Entering safepoint region: Cleanup
[2019-12-09T03:10:44.816+0000][1][safepoint    ] Leaving safepoint region
[2019-12-09T03:10:44.816+0000][1][safepoint    ] Total time for which application threads were stopped: 0.0000755 seconds, Stopping threads took: 0.0000152 seconds
[2019-12-09T03:10:45.816+0000][1][safepoint    ] Application time: 1.0000752 seconds
[2019-12-09T03:10:45.816+0000][1][safepoint    ] Entering safepoint region: Cleanup
[2019-12-09T03:10:45.816+0000][1][safepoint    ] Leaving safepoint region
[2019-12-09T03:10:45.816+0000][1][safepoint    ] Total time for which application threads were stopped: 0.0000830 seconds, Stopping threads took: 0.0000161 seconds
[2019-12-09T03:10:46.816+0000][1][safepoint    ] Application time: 1.0000750 seconds
[2019-12-09T03:10:46.816+0000][1][safepoint    ] Entering safepoint region: Cleanup
[2019-12-09T03:10:46.816+0000][1][safepoint    ] Leaving safepoint region
[2019-12-09T03:10:46.816+0000][1][safepoint    ] Total time for which application threads were stopped: 0.0000728 seconds, Stopping threads took: 0.0000146 seconds
[2019-12-09T03:10:47.816+0000][1][safepoint    ] Application time: 1.0000728 seconds
[2019-12-09T03:10:47.816+0000][1][safepoint    ] Entering safepoint region: Cleanup
[2019-12-09T03:10:47.816+0000][1][safepoint    ] Leaving safepoint region
[2019-12-09T03:10:47.816+0000][1][safepoint    ] Total time for which application threads were stopped: 0.0000737 seconds, Stopping threads took: 0.0000142 seconds
[2019-12-09T03:10:48.816+0000][1][safepoint    ] Application time: 1.0000753 seconds
[2019-12-09T03:10:48.816+0000][1][safepoint    ] Entering safepoint region: Cleanup
[2019-12-09T03:10:48.816+0000][1][safepoint    ] Leaving safepoint region
[2019-12-09T03:10:48.816+0000][1][safepoint    ] Total time for which application threads were stopped: 0.0000765 seconds, Stopping threads took: 0.0000179 seconds
[2019-12-09T03:10:49.816+0000][1][safepoint    ] Application time: 1.0000765 seconds
[2019-12-09T03:10:49.816+0000][1][safepoint    ] Entering safepoint region: Cleanup
[2019-12-09T03:10:49.817+0000][1][safepoint    ] Leaving safepoint region
[2019-12-09T03:10:49.817+0000][1][safepoint    ] Total time for which application threads were stopped: 0.0000774 seconds, Stopping threads took: 0.0000171 seconds
[2019-12-09T03:10:50.817+0000][1][safepoint    ] Application time: 1.0000762 seconds
[2019-12-09T03:10:50.817+0000][1][safepoint    ] Entering safepoint region: Cleanup
[2019-12-09T03:10:50.817+0000][1][safepoint    ] Leaving safepoint region
[2019-12-09T03:10:50.817+0000][1][safepoint    ] Total time for which application threads were stopped: 0.0000920 seconds, Stopping threads took: 0.0000245 seconds
[2019-12-09T03:10:51.817+0000][1][safepoint    ] Application time: 1.0000763 seconds
[2019-12-09T03:10:51.817+0000][1][safepoint    ] Entering safepoint region: Cleanup
[2019-12-09T03:10:51.817+0000][1][safepoint    ] Leaving safepoint region
[2019-12-09T03:10:51.817+0000][1][safepoint    ] Total time for which application threads were stopped: 0.0000746 seconds, Stopping threads took: 0.0000163 seconds
[2019-12-09T03:10:52.817+0000][1][safepoint    ] Application time: 1.0000769 seconds
[2019-12-09T03:10:52.817+0000][1][safepoint    ] Entering safepoint region: Cleanup
[2019-12-09T03:10:52.817+0000][1][safepoint    ] Leaving safepoint region
[2019-12-09T03:10:52.817+0000][1][safepoint    ] Total time for which application threads were stopped: 0.0000719 seconds, Stopping threads took: 0.0000157 seconds
[2019-12-09T03:10:53.817+0000][1][safepoint    ] Application time: 1.0000752 seconds
[2019-12-09T03:10:53.817+0000][1][safepoint    ] Entering safepoint region: Cleanup
[2019-12-09T03:10:53.817+0000][1][safepoint    ] Leaving safepoint region
[2019-12-09T03:10:53.817+0000][1][safepoint    ] Total time for which application threads were stopped: 0.0000766 seconds, Stopping threads took: 0.0000159 seconds
[2019-12-09T03:10:54.817+0000][1][safepoint    ] Application time: 1.0000760 seconds
[2019-12-09T03:10:54.817+0000][1][safepoint    ] Entering safepoint region: Cleanup
[2019-12-09T03:10:54.817+0000][1][safepoint    ] Leaving safepoint region
[2019-12-09T03:10:54.818+0000][1][safepoint    ] Total time for which application threads were stopped: 0.0000730 seconds, Stopping threads took: 0.0000134 seconds
[2019-12-09T03:10:55.818+0000][1][safepoint    ] Application time: 1.0000772 seconds
[2019-12-09T03:10:55.818+0000][1][safepoint    ] Entering safepoint region: Cleanup
[2019-12-09T03:10:55.818+0000][1][safepoint    ] Leaving safepoint region
[2019-12-09T03:10:55.818+0000][1][safepoint    ] Total time for which application threads were stopped: 0.0000886 seconds, Stopping threads took: 0.0000156 seconds
[2019-12-09T03:10:56.818+0000][1][safepoint    ] Application time: 1.0000756 seconds
[2019-12-09T03:10:56.818+0000][1][safepoint    ] Entering safepoint region: Cleanup
[2019-12-09T03:10:56.818+0000][1][safepoint    ] Leaving safepoint region
[2019-12-09T03:10:56.818+0000][1][safepoint    ] Total time for which application threads were stopped: 0.0000727 seconds, Stopping threads took: 0.0000143 seconds
[2019-12-09T03:10:57.818+0000][1][safepoint    ] Application time: 1.0000789 seconds
[2019-12-09T03:10:57.818+0000][1][safepoint    ] Entering safepoint region: Cleanup
[2019-12-09T03:10:57.818+0000][1][safepoint    ] Leaving safepoint region
[2019-12-09T03:10:57.818+0000][1][safepoint    ] Total time for which application threads were stopped: 0.0000826 seconds, Stopping threads took: 0.0000181 seconds
[2019-12-09T03:10:58.818+0000][1][safepoint    ] Application time: 1.0000754 seconds
[2019-12-09T03:10:58.818+0000][1][safepoint    ] Entering safepoint region: Cleanup
[2019-12-09T03:10:58.818+0000][1][safepoint    ] Leaving safepoint region
[2019-12-09T03:10:58.818+0000][1][safepoint    ] Total time for which application threads were stopped: 0.0000747 seconds, Stopping threads took: 0.0000159 seconds
[2019-12-09T03:10:59.818+0000][1][safepoint    ] Application time: 1.0000764 seconds
[2019-12-09T03:10:59.818+0000][1][safepoint    ] Entering safepoint region: Cleanup
[2019-12-09T03:10:59.818+0000][1][safepoint    ] Leaving safepoint region
[2019-12-09T03:10:59.818+0000][1][safepoint    ] Total time for which application threads were stopped: 0.0000743 seconds, Stopping threads took: 0.0000168 seconds
[2019-12-09T03:11:00.819+0000][1][safepoint    ] Application time: 1.0000763 seconds
[2019-12-09T03:11:00.819+0000][1][safepoint    ] Entering safepoint region: Cleanup
[2019-12-09T03:11:00.819+0000][1][safepoint    ] Leaving safepoint region
[2019-12-09T03:11:00.819+0000][1][safepoint    ] Total time for which application threads were stopped: 0.0000939 seconds, Stopping threads took: 0.0000241 seconds
[2019-12-09T03:11:01.819+0000][1][safepoint    ] Application time: 1.0000766 seconds
[2019-12-09T03:11:01.819+0000][1][safepoint    ] Entering safepoint region: Cleanup
[2019-12-09T03:11:01.819+0000][1][safepoint    ] Leaving safepoint region
[2019-12-09T03:11:01.819+0000][1][safepoint    ] Total time for which application threads were stopped: 0.0000751 seconds, Stopping threads took: 0.0000139 seconds
[2019-12-09T03:11:03.525+0000][1][safepoint    ] Application time: 1.7063636 seconds
[2019-12-09T03:11:03.525+0000][1][safepoint    ] Entering safepoint region: Cleanup
[2019-12-09T03:11:03.525+0000][1][safepoint    ] Leaving safepoint region
[2019-12-09T03:11:03.525+0000][1][safepoint    ] Total time for which application threads were stopped: 0.0000875 seconds, Stopping threads took: 0.0000148 seconds
[2019-12-09T03:11:04.525+0000][1][safepoint    ] Application time: 1.0000750 seconds
[2019-12-09T03:11:04.526+0000][1][safepoint    ] Entering safepoint region: Cleanup
[2019-12-09T03:11:04.526+0000][1][safepoint    ] Leaving safepoint region
[2019-12-09T03:11:04.526+0000][1][safepoint    ] Total time for which application threads were stopped: 0.0000726 seconds, Stopping threads took: 0.0000148 seconds
[2019-12-09T03:11:05.526+0000][1][safepoint    ] Application time: 1.0001045 seconds
[2019-12-09T03:11:05.526+0000][1][safepoint    ] Entering safepoint region: Cleanup
[2019-12-09T03:11:05.526+0000][1][safepoint    ] Leaving safepoint region
[2019-12-09T03:11:05.526+0000][1][safepoint    ] Total time for which application threads were stopped: 0.0000765 seconds, Stopping threads took: 0.0000154 seconds
[2019-12-09T03:11:06.526+0000][1][safepoint    ] Application time: 1.0000813 seconds
[2019-12-09T03:11:06.526+0000][1][safepoint    ] Entering safepoint region: Cleanup
[2019-12-09T03:11:06.526+0000][1][safepoint    ] Leaving safepoint region
[2019-12-09T03:11:06.526+0000][1][safepoint    ] Total time for which application threads were stopped: 0.0000765 seconds, Stopping threads took: 0.0000187 seconds
[2019-12-09T03:11:07.526+0000][1][safepoint    ] Application time: 1.0000768 seconds
[2019-12-09T03:11:07.526+0000][1][safepoint    ] Entering safepoint region: Cleanup
[2019-12-09T03:11:07.526+0000][1][safepoint    ] Leaving safepoint region
[2019-12-09T03:11:07.526+0000][1][safepoint    ] Total time for which application threads were stopped: 0.0000957 seconds, Stopping threads took: 0.0000199 seconds
[2019-12-09T03:11:08.526+0000][1][safepoint    ] Application time: 1.0000803 seconds
[2019-12-09T03:11:08.526+0000][1][safepoint    ] Entering safepoint region: Cleanup
[2019-12-09T03:11:08.526+0000][1][safepoint    ] Leaving safepoint region
[2019-12-09T03:11:08.526+0000][1][safepoint    ] Total time for which application threads were stopped: 0.0000827 seconds, Stopping threads took: 0.0000193 seconds
[2019-12-09T03:11:09.527+0000][1][safepoint    ] Application time: 1.0000920 seconds
[2019-12-09T03:11:09.527+0000][1][safepoint    ] Entering safepoint region: Cleanup
[2019-12-09T03:11:09.527+0000][1][safepoint    ] Leaving safepoint region
[2019-12-09T03:11:09.527+0000][1][safepoint    ] Total time for which application threads were stopped: 0.0000793 seconds, Stopping threads took: 0.0000157 seconds
[2019-12-09T03:11:10.527+0000][1][safepoint    ] Application time: 1.0000815 seconds
[2019-12-09T03:11:10.527+0000][1][safepoint    ] Entering safepoint region: Cleanup
[2019-12-09T03:11:10.527+0000][1][safepoint    ] Leaving safepoint region
[2019-12-09T03:11:10.527+0000][1][safepoint    ] Total time for which application threads were stopped: 0.0000807 seconds, Stopping threads took: 0.0000181 seconds
[2019-12-09T03:11:11.527+0000][1][safepoint    ] Application time: 1.0000837 seconds
[2019-12-09T03:11:11.527+0000][1][safepoint    ] Entering safepoint region: Cleanup
[2019-12-09T03:11:11.527+0000][1][safepoint    ] Leaving safepoint region
[2019-12-09T03:11:11.527+0000][1][safepoint    ] Total time for which application threads were stopped: 0.0001339 seconds, Stopping threads took: 0.0000704 seconds
[2019-12-09T03:11:12.527+0000][1][safepoint    ] Application time: 1.0000858 seconds
[2019-12-09T03:11:12.527+0000][1][safepoint    ] Entering safepoint region: Cleanup
[2019-12-09T03:11:12.527+0000][1][safepoint    ] Leaving safepoint region
[2019-12-09T03:11:12.527+0000][1][safepoint    ] Total time for which application threads were stopped: 0.0000821 seconds, Stopping threads took: 0.0000169 seconds
[2019-12-09T03:11:13.527+0000][1][safepoint    ] Application time: 1.0000821 seconds
[2019-12-09T03:11:13.527+0000][1][safepoint    ] Entering safepoint region: Cleanup
[2019-12-09T03:11:13.528+0000][1][safepoint    ] Leaving safepoint region
[2019-12-09T03:11:13.528+0000][1][safepoint    ] Total time for which application threads were stopped: 0.0000792 seconds, Stopping threads took: 0.0000186 seconds
[2019-12-09T03:11:14.528+0000][1][safepoint    ] Application time: 1.0000820 seconds
[2019-12-09T03:11:14.528+0000][1][safepoint    ] Entering safepoint region: Cleanup
[2019-12-09T03:11:14.528+0000][1][safepoint    ] Leaving safepoint region
[2019-12-09T03:11:14.528+0000][1][safepoint    ] Total time for which application threads were stopped: 0.0001007 seconds, Stopping threads took: 0.0000365 seconds
[2019-12-09T03:11:15.528+0000][1][safepoint    ] Application time: 1.0000815 seconds
[2019-12-09T03:11:15.528+0000][1][safepoint    ] Entering safepoint region: Cleanup
[2019-12-09T03:11:15.528+0000][1][safepoint    ] Leaving safepoint region
[2019-12-09T03:11:15.528+0000][1][safepoint    ] Total time for which application threads were stopped: 0.0000804 seconds, Stopping threads took: 0.0000167 seconds
[2019-12-09T03:11:16.528+0000][1][safepoint    ] Application time: 1.0000812 seconds
[2019-12-09T03:11:16.528+0000][1][safepoint    ] Entering safepoint region: Cleanup
[2019-12-09T03:11:16.528+0000][1][safepoint    ] Leaving safepoint region
[2019-12-09T03:11:16.528+0000][1][safepoint    ] Total time for which application threads were stopped: 0.0000836 seconds, Stopping threads took: 0.0000203 seconds
[2019-12-09T03:11:17.528+0000][1][safepoint    ] Application time: 1.0000812 seconds
[2019-12-09T03:11:17.528+0000][1][safepoint    ] Entering safepoint region: Cleanup
[2019-12-09T03:11:17.528+0000][1][safepoint    ] Leaving safepoint region
[2019-12-09T03:11:17.528+0000][1][safepoint    ] Total time for which application threads were stopped: 0.0000833 seconds, Stopping threads took: 0.0000164 seconds
[2019-12-09T03:11:18.528+0000][1][safepoint    ] Application time: 1.0000857 seconds
[2019-12-09T03:11:18.529+0000][1][safepoint    ] Entering safepoint region: Cleanup
[2019-12-09T03:11:18.529+0000][1][safepoint    ] Leaving safepoint region
[2019-12-09T03:11:18.529+0000][1][safepoint    ] Total time for which application threads were stopped: 0.0000812 seconds, Stopping threads took: 0.0000185 seconds
[2019-12-09T03:11:19.529+0000][1][safepoint    ] Application time: 1.0000828 seconds
[2019-12-09T03:11:19.529+0000][1][safepoint    ] Entering safepoint region: Cleanup
[2019-12-09T03:11:19.529+0000][1][safepoint    ] Leaving safepoint region
[2019-12-09T03:11:19.529+0000][1][safepoint    ] Total time for which application threads were stopped: 0.0001327 seconds, Stopping threads took: 0.0000575 seconds
[2019-12-09T03:11:20.529+0000][1][safepoint    ] Application time: 1.0000849 seconds
[2019-12-09T03:11:20.529+0000][1][safepoint    ] Entering safepoint region: Cleanup
[2019-12-09T03:11:20.529+0000][1][safepoint    ] Leaving safepoint region
[2019-12-09T03:11:20.529+0000][1][safepoint    ] Total time for which application threads were stopped: 0.0000857 seconds, Stopping threads took: 0.0000234 seconds
[2019-12-09T03:11:21.529+0000][1][safepoint    ] Application time: 1.0000826 seconds
[2019-12-09T03:11:21.529+0000][1][safepoint    ] Entering safepoint region: Cleanup
[2019-12-09T03:11:21.529+0000][1][safepoint    ] Leaving safepoint region
[2019-12-09T03:11:21.529+0000][1][safepoint    ] Total time for which application threads were stopped: 0.0000864 seconds, Stopping threads took: 0.0000196 seconds
[2019-12-09T03:11:22.529+0000][1][safepoint    ] Application time: 1.0000814 seconds
[2019-12-09T03:11:22.529+0000][1][safepoint    ] Entering safepoint region: Cleanup
[2019-12-09T03:11:22.530+0000][1][safepoint    ] Leaving safepoint region
[2019-12-09T03:11:22.530+0000][1][safepoint    ] Total time for which application threads were stopped: 0.0000799 seconds, Stopping threads took: 0.0000190 seconds
[2019-12-09T03:11:23.530+0000][1][safepoint    ] Application time: 1.0000763 seconds
[2019-12-09T03:11:23.530+0000][1][safepoint    ] Entering safepoint region: Cleanup
[2019-12-09T03:11:23.530+0000][1][safepoint    ] Leaving safepoint region
[2019-12-09T03:11:23.530+0000][1][safepoint    ] Total time for which application threads were stopped: 0.0000953 seconds, Stopping threads took: 0.0000186 seconds
[2019-12-09T03:11:24.530+0000][1][safepoint    ] Application time: 1.0000772 seconds
[2019-12-09T03:11:24.530+0000][1][safepoint    ] Entering safepoint region: Cleanup
[2019-12-09T03:11:24.530+0000][1][safepoint    ] Leaving safepoint region
[2019-12-09T03:11:24.530+0000][1][safepoint    ] Total time for which application threads were stopped: 0.0000910 seconds, Stopping threads took: 0.0000177 seconds
[2019-12-09T03:11:25.530+0000][1][safepoint    ] Application time: 1.0000791 seconds
[2019-12-09T03:11:25.530+0000][1][safepoint    ] Entering safepoint region: Cleanup
[2019-12-09T03:11:25.530+0000][1][safepoint    ] Leaving safepoint region
[2019-12-09T03:11:25.530+0000][1][safepoint    ] Total time for which application threads were stopped: 0.0000798 seconds, Stopping threads took: 0.0000186 seconds
[2019-12-09T03:11:26.530+0000][1][safepoint    ] Application time: 1.0000766 seconds
[2019-12-09T03:11:26.530+0000][1][safepoint    ] Entering safepoint region: Cleanup
[2019-12-09T03:11:26.530+0000][1][safepoint    ] Leaving safepoint region
[2019-12-09T03:11:26.530+0000][1][safepoint    ] Total time for which application threads were stopped: 0.0000771 seconds, Stopping threads took: 0.0000185 seconds
[2019-12-09T03:11:27.530+0000][1][safepoint    ] Application time: 1.0000757 seconds
[2019-12-09T03:11:27.530+0000][1][safepoint    ] Entering safepoint region: Cleanup
[2019-12-09T03:11:27.531+0000][1][safepoint    ] Leaving safepoint region
[2019-12-09T03:11:27.531+0000][1][safepoint    ] Total time for which application threads were stopped: 0.0000782 seconds, Stopping threads took: 0.0000199 seconds
[2019-12-09T03:11:28.531+0000][1][safepoint    ] Application time: 1.0000759 seconds
[2019-12-09T03:11:28.531+0000][1][safepoint    ] Entering safepoint region: Cleanup
[2019-12-09T03:11:28.531+0000][1][safepoint    ] Leaving safepoint region
[2019-12-09T03:11:28.531+0000][1][safepoint    ] Total time for which application threads were stopped: 0.0001005 seconds, Stopping threads took: 0.0000181 seconds
[2019-12-09T03:11:29.531+0000][1][safepoint    ] Application time: 1.0000753 seconds
[2019-12-09T03:11:29.531+0000][1][safepoint    ] Entering safepoint region: Cleanup
[2019-12-09T03:11:29.531+0000][1][safepoint    ] Leaving safepoint region
[2019-12-09T03:11:29.531+0000][1][safepoint    ] Total time for which application threads were stopped: 0.0000912 seconds, Stopping threads took: 0.0000253 seconds
[2019-12-09T03:11:30.531+0000][1][safepoint    ] Application time: 1.0000323 seconds
[2019-12-09T03:11:30.531+0000][1][safepoint    ] Entering safepoint region: Cleanup
[2019-12-09T03:11:30.531+0000][1][safepoint    ] Leaving safepoint region
[2019-12-09T03:11:30.531+0000][1][safepoint    ] Total time for which application threads were stopped: 0.0000783 seconds, Stopping threads took: 0.0000170 seconds
[2019-12-09T03:11:31.531+0000][1][safepoint    ] Application time: 1.0000784 seconds
[2019-12-09T03:11:31.531+0000][1][safepoint    ] Entering safepoint region: Cleanup
[2019-12-09T03:11:31.531+0000][1][safepoint    ] Leaving safepoint region
[2019-12-09T03:11:31.531+0000][1][safepoint    ] Total time for which application threads were stopped: 0.0000848 seconds, Stopping threads took: 0.0000179 seconds
[2019-12-09T03:11:32.531+0000][1][safepoint    ] Application time: 1.0000772 seconds
[2019-12-09T03:11:32.531+0000][1][safepoint    ] Entering safepoint region: Cleanup
[2019-12-09T03:11:32.531+0000][1][safepoint    ] Leaving safepoint region
[2019-12-09T03:11:32.532+0000][1][safepoint    ] Total time for which application threads were stopped: 0.0000812 seconds, Stopping threads took: 0.0000205 seconds
[2019-12-09T03:11:33.236+0000][1][safepoint    ] Application time: 0.7043281 seconds
[2019-12-09T03:11:33.236+0000][1][safepoint    ] Entering safepoint region: GenCollectForAllocation
[2019-12-09T03:11:33.236+0000][1][gc,start     ] GC(25) Pause Young (Allocation Failure)
[2019-12-09T03:11:33.236+0000][1][gc,task      ] GC(25) Using 2 workers of 2 for evacuation
[2019-12-09T03:11:33.241+0000][1][gc,age       ] GC(25) Desired survivor size 4456448 bytes, new threshold 6 (max threshold 6)
[2019-12-09T03:11:33.241+0000][1][gc,age       ] GC(25) Age table with threshold 6 (max threshold 6)
[2019-12-09T03:11:33.241+0000][1][gc,age       ] GC(25) - age   1:       4360 bytes,       4360 total
[2019-12-09T03:11:33.241+0000][1][gc,age       ] GC(25) - age   2:       6936 bytes,      11296 total
[2019-12-09T03:11:33.241+0000][1][gc,age       ] GC(25) - age   3:    1427304 bytes,    1438600 total
[2019-12-09T03:11:33.241+0000][1][gc,heap      ] GC(25) ParNew: 74804K->2372K(78656K)
[2019-12-09T03:11:33.241+0000][1][gc,heap      ] GC(25) CMS: 68018K->68018K(174784K)
[2019-12-09T03:11:33.241+0000][1][gc,metaspace ] GC(25) Metaspace: 67961K->67961K(1112064K)
[2019-12-09T03:11:33.241+0000][1][gc           ] GC(25) Pause Young (Allocation Failure) 139M->68M(247M) 4.820ms
[2019-12-09T03:11:33.241+0000][1][gc,cpu       ] GC(25) User=0.01s Sys=0.00s Real=0.00s
[2019-12-09T03:11:33.241+0000][1][safepoint    ] Leaving safepoint region
[2019-12-09T03:11:33.241+0000][1][safepoint    ] Total time for which application threads were stopped: 0.0049684 seconds, Stopping threads took: 0.0000164 seconds
[2019-12-09T03:11:34.241+0000][1][safepoint    ] Application time: 1.0000856 seconds
[2019-12-09T03:11:34.241+0000][1][safepoint    ] Entering safepoint region: Cleanup
[2019-12-09T03:11:34.241+0000][1][safepoint    ] Leaving safepoint region
[2019-12-09T03:11:34.241+0000][1][safepoint    ] Total time for which application threads were stopped: 0.0000788 seconds, Stopping threads took: 0.0000172 seconds
[2019-12-09T03:11:35.241+0000][1][safepoint    ] Application time: 1.0000819 seconds
[2019-12-09T03:11:35.241+0000][1][safepoint    ] Entering safepoint region: Cleanup
[2019-12-09T03:11:35.241+0000][1][safepoint    ] Leaving safepoint region
[2019-12-09T03:11:35.241+0000][1][safepoint    ] Total time for which application threads were stopped: 0.0000798 seconds, Stopping threads took: 0.0000162 seconds
[2019-12-09T03:11:36.241+0000][1][safepoint    ] Application time: 1.0000803 seconds
[2019-12-09T03:11:36.241+0000][1][safepoint    ] Entering safepoint region: Cleanup
[2019-12-09T03:11:36.241+0000][1][safepoint    ] Leaving safepoint region
[2019-12-09T03:11:36.241+0000][1][safepoint    ] Total time for which application threads were stopped: 0.0000772 seconds, Stopping threads took: 0.0000174 seconds
[2019-12-09T03:11:37.242+0000][1][safepoint    ] Application time: 1.0000768 seconds
[2019-12-09T03:11:37.242+0000][1][safepoint    ] Entering safepoint region: Cleanup
[2019-12-09T03:11:37.242+0000][1][safepoint    ] Leaving safepoint region
[2019-12-09T03:11:37.242+0000][1][safepoint    ] Total time for which application threads were stopped: 0.0000752 seconds, Stopping threads took: 0.0000166 seconds
[2019-12-09T03:11:38.242+0000][1][safepoint    ] Application time: 1.0000757 seconds
[2019-12-09T03:11:38.242+0000][1][safepoint    ] Entering safepoint region: Cleanup
[2019-12-09T03:11:38.242+0000][1][safepoint    ] Leaving safepoint region
[2019-12-09T03:11:38.242+0000][1][safepoint    ] Total time for which application threads were stopped: 0.0000848 seconds, Stopping threads took: 0.0000184 seconds
[2019-12-09T03:11:39.242+0000][1][safepoint    ] Application time: 1.0000837 seconds
[2019-12-09T03:11:39.242+0000][1][safepoint    ] Entering safepoint region: Cleanup
[2019-12-09T03:11:39.242+0000][1][safepoint    ] Leaving safepoint region
[2019-12-09T03:11:39.242+0000][1][safepoint    ] Total time for which application threads were stopped: 0.0000843 seconds, Stopping threads took: 0.0000240 seconds
[2019-12-09T03:11:40.242+0000][1][safepoint    ] Application time: 1.0000744 seconds
[2019-12-09T03:11:40.242+0000][1][safepoint    ] Entering safepoint region: Cleanup
[2019-12-09T03:11:40.242+0000][1][safepoint    ] Leaving safepoint region
[2019-12-09T03:11:40.242+0000][1][safepoint    ] Total time for which application threads were stopped: 0.0000794 seconds, Stopping threads took: 0.0000194 seconds
[2019-12-09T03:11:41.242+0000][1][safepoint    ] Application time: 1.0000850 seconds
[2019-12-09T03:11:41.242+0000][1][safepoint    ] Entering safepoint region: Cleanup
[2019-12-09T03:11:41.242+0000][1][safepoint    ] Leaving safepoint region
[2019-12-09T03:11:41.242+0000][1][safepoint    ] Total time for which application threads were stopped: 0.0000760 seconds, Stopping threads took: 0.0000187 seconds
[2019-12-09T03:11:42.243+0000][1][safepoint    ] Application time: 1.0000748 seconds
[2019-12-09T03:11:42.243+0000][1][safepoint    ] Entering safepoint region: Cleanup
[2019-12-09T03:11:42.243+0000][1][safepoint    ] Leaving safepoint region
[2019-12-09T03:11:42.243+0000][1][safepoint    ] Total time for which application threads were stopped: 0.0000763 seconds, Stopping threads took: 0.0000166 seconds
[2019-12-09T03:11:43.243+0000][1][safepoint    ] Application time: 1.0000825 seconds
[2019-12-09T03:11:43.243+0000][1][safepoint    ] Entering safepoint region: Cleanup
[2019-12-09T03:11:43.243+0000][1][safepoint    ] Leaving safepoint region
[2019-12-09T03:11:43.243+0000][1][safepoint    ] Total time for which application threads were stopped: 0.0000776 seconds, Stopping threads took: 0.0000197 seconds
[2019-12-09T03:11:44.243+0000][1][safepoint    ] Application time: 1.0000790 seconds
[2019-12-09T03:11:44.243+0000][1][safepoint    ] Entering safepoint region: Cleanup
[2019-12-09T03:11:44.243+0000][1][safepoint    ] Leaving safepoint region
[2019-12-09T03:11:44.243+0000][1][safepoint    ] Total time for which application threads were stopped: 0.0000817 seconds, Stopping threads took: 0.0000163 seconds
[2019-12-09T03:11:45.243+0000][1][safepoint    ] Application time: 1.0000825 seconds
[2019-12-09T03:11:45.243+0000][1][safepoint    ] Entering safepoint region: Cleanup
[2019-12-09T03:11:45.243+0000][1][safepoint    ] Leaving safepoint region
[2019-12-09T03:11:45.243+0000][1][safepoint    ] Total time for which application threads were stopped: 0.0000764 seconds, Stopping threads took: 0.0000169 seconds
[2019-12-09T03:11:46.243+0000][1][safepoint    ] Application time: 1.0000817 seconds
[2019-12-09T03:11:46.243+0000][1][safepoint    ] Entering safepoint region: Cleanup
[2019-12-09T03:11:46.243+0000][1][safepoint    ] Leaving safepoint region
[2019-12-09T03:11:46.243+0000][1][safepoint    ] Total time for which application threads were stopped: 0.0000734 seconds, Stopping threads took: 0.0000159 seconds
[2019-12-09T03:11:47.244+0000][1][safepoint    ] Application time: 1.0000819 seconds
[2019-12-09T03:11:47.244+0000][1][safepoint    ] Entering safepoint region: Cleanup
[2019-12-09T03:11:47.244+0000][1][safepoint    ] Leaving safepoint region
[2019-12-09T03:11:47.244+0000][1][safepoint    ] Total time for which application threads were stopped: 0.0000684 seconds, Stopping threads took: 0.0000158 seconds
[2019-12-09T03:11:48.244+0000][1][safepoint    ] Application time: 1.0000808 seconds
[2019-12-09T03:11:48.244+0000][1][safepoint    ] Entering safepoint region: Cleanup
[2019-12-09T03:11:48.244+0000][1][safepoint    ] Leaving safepoint region
[2019-12-09T03:11:48.244+0000][1][safepoint    ] Total time for which application threads were stopped: 0.0000699 seconds, Stopping threads took: 0.0000159 seconds
[2019-12-09T03:11:49.244+0000][1][safepoint    ] Application time: 1.0000842 seconds
[2019-12-09T03:11:49.244+0000][1][safepoint    ] Entering safepoint region: Cleanup
[2019-12-09T03:11:49.244+0000][1][safepoint    ] Leaving safepoint region
[2019-12-09T03:11:49.244+0000][1][safepoint    ] Total time for which application threads were stopped: 0.0000783 seconds, Stopping threads took: 0.0000238 seconds
[2019-12-09T03:11:50.244+0000][1][safepoint    ] Application time: 1.0000825 seconds
[2019-12-09T03:11:50.244+0000][1][safepoint    ] Entering safepoint region: Cleanup
[2019-12-09T03:11:50.244+0000][1][safepoint    ] Leaving safepoint region
[2019-12-09T03:11:50.244+0000][1][safepoint    ] Total time for which application threads were stopped: 0.0000662 seconds, Stopping threads took: 0.0000148 seconds
[2019-12-09T03:11:51.244+0000][1][safepoint    ] Application time: 1.0000788 seconds
[2019-12-09T03:11:51.244+0000][1][safepoint    ] Entering safepoint region: Cleanup
[2019-12-09T03:11:51.244+0000][1][safepoint    ] Leaving safepoint region
[2019-12-09T03:11:51.244+0000][1][safepoint    ] Total time for which application threads were stopped: 0.0000689 seconds, Stopping threads took: 0.0000153 seconds
[2019-12-09T03:11:52.245+0000][1][safepoint    ] Application time: 1.0000792 seconds
[2019-12-09T03:11:52.245+0000][1][safepoint    ] Entering safepoint region: Cleanup
[2019-12-09T03:11:52.245+0000][1][safepoint    ] Leaving safepoint region
[2019-12-09T03:11:52.245+0000][1][safepoint    ] Total time for which application threads were stopped: 0.0000697 seconds, Stopping threads took: 0.0000161 seconds
[2019-12-09T03:11:53.245+0000][1][safepoint    ] Application time: 1.0000778 seconds
[2019-12-09T03:11:53.245+0000][1][safepoint    ] Entering safepoint region: Cleanup
[2019-12-09T03:11:53.245+0000][1][safepoint    ] Leaving safepoint region
[2019-12-09T03:11:53.245+0000][1][safepoint    ] Total time for which application threads were stopped: 0.0000703 seconds, Stopping threads took: 0.0000160 seconds
[2019-12-09T03:11:54.245+0000][1][safepoint    ] Application time: 1.0000757 seconds
[2019-12-09T03:11:54.245+0000][1][safepoint    ] Entering safepoint region: Cleanup
[2019-12-09T03:11:54.245+0000][1][safepoint    ] Leaving safepoint region
[2019-12-09T03:11:54.245+0000][1][safepoint    ] Total time for which application threads were stopped: 0.0000831 seconds, Stopping threads took: 0.0000254 seconds
[2019-12-09T03:11:55.245+0000][1][safepoint    ] Application time: 1.0000762 seconds
[2019-12-09T03:11:55.245+0000][1][safepoint    ] Entering safepoint region: Cleanup
[2019-12-09T03:11:55.245+0000][1][safepoint    ] Leaving safepoint region
[2019-12-09T03:11:55.245+0000][1][safepoint    ] Total time for which application threads were stopped: 0.0000792 seconds, Stopping threads took: 0.0000163 seconds
[2019-12-09T03:11:56.245+0000][1][safepoint    ] Application time: 1.0000753 seconds
[2019-12-09T03:11:56.245+0000][1][safepoint    ] Entering safepoint region: Cleanup
[2019-12-09T03:11:56.245+0000][1][safepoint    ] Leaving safepoint region
[2019-12-09T03:11:56.245+0000][1][safepoint    ] Total time for which application threads were stopped: 0.0000714 seconds, Stopping threads took: 0.0000158 seconds
[2019-12-09T03:11:57.245+0000][1][safepoint    ] Application time: 1.0000744 seconds
[2019-12-09T03:11:57.246+0000][1][safepoint    ] Entering safepoint region: Cleanup
[2019-12-09T03:11:57.246+0000][1][safepoint    ] Leaving safepoint region
[2019-12-09T03:11:57.246+0000][1][safepoint    ] Total time for which application threads were stopped: 0.0000706 seconds, Stopping threads took: 0.0000166 seconds
[2019-12-09T03:11:58.246+0000][1][safepoint    ] Application time: 1.0000741 seconds
[2019-12-09T03:11:58.246+0000][1][safepoint    ] Entering safepoint region: Cleanup
[2019-12-09T03:11:58.246+0000][1][safepoint    ] Leaving safepoint region
[2019-12-09T03:11:58.246+0000][1][safepoint    ] Total time for which application threads were stopped: 0.0000718 seconds, Stopping threads took: 0.0000172 seconds
[2019-12-09T03:11:59.246+0000][1][safepoint    ] Application time: 1.0000751 seconds
[2019-12-09T03:11:59.246+0000][1][safepoint    ] Entering safepoint region: Cleanup
[2019-12-09T03:11:59.246+0000][1][safepoint    ] Leaving safepoint region
[2019-12-09T03:11:59.246+0000][1][safepoint    ] Total time for which application threads were stopped: 0.0000728 seconds, Stopping threads took: 0.0000170 seconds
[2019-12-09T03:12:00.246+0000][1][safepoint    ] Application time: 1.0000750 seconds
[2019-12-09T03:12:00.246+0000][1][safepoint    ] Entering safepoint region: Cleanup
[2019-12-09T03:12:00.246+0000][1][safepoint    ] Leaving safepoint region
[2019-12-09T03:12:00.246+0000][1][safepoint    ] Total time for which application threads were stopped: 0.0000788 seconds, Stopping threads took: 0.0000160 seconds
[2019-12-09T03:12:01.246+0000][1][safepoint    ] Application time: 1.0000746 seconds
[2019-12-09T03:12:01.246+0000][1][safepoint    ] Entering safepoint region: Cleanup
[2019-12-09T03:12:01.246+0000][1][safepoint    ] Leaving safepoint region
[2019-12-09T03:12:01.246+0000][1][safepoint    ] Total time for which application threads were stopped: 0.0000729 seconds, Stopping threads took: 0.0000184 seconds
[2019-12-09T03:12:02.246+0000][1][safepoint    ] Application time: 1.0000735 seconds
[2019-12-09T03:12:02.247+0000][1][safepoint    ] Entering safepoint region: Cleanup
[2019-12-09T03:12:02.247+0000][1][safepoint    ] Leaving safepoint region
[2019-12-09T03:12:02.247+0000][1][safepoint    ] Total time for which application threads were stopped: 0.0000735 seconds, Stopping threads took: 0.0000171 seconds
[2019-12-09T03:12:03.247+0000][1][safepoint    ] Application time: 1.0000769 seconds
[2019-12-09T03:12:03.247+0000][1][safepoint    ] Entering safepoint region: Cleanup
[2019-12-09T03:12:03.247+0000][1][safepoint    ] Leaving safepoint region
[2019-12-09T03:12:03.247+0000][1][safepoint    ] Total time for which application threads were stopped: 0.0000738 seconds, Stopping threads took: 0.0000172 seconds
[2019-12-09T03:12:04.247+0000][1][safepoint    ] Application time: 1.0000805 seconds
[2019-12-09T03:12:04.247+0000][1][safepoint    ] Entering safepoint region: Cleanup
[2019-12-09T03:12:04.247+0000][1][safepoint    ] Leaving safepoint region
[2019-12-09T03:12:04.247+0000][1][safepoint    ] Total time for which application threads were stopped: 0.0000826 seconds, Stopping threads took: 0.0000252 seconds
[2019-12-09T03:12:05.247+0000][1][safepoint    ] Application time: 1.0000786 seconds
[2019-12-09T03:12:05.247+0000][1][safepoint    ] Entering safepoint region: Cleanup
[2019-12-09T03:12:05.247+0000][1][safepoint    ] Leaving safepoint region
[2019-12-09T03:12:05.247+0000][1][safepoint    ] Total time for which application threads were stopped: 0.0000731 seconds, Stopping threads took: 0.0000181 seconds
[2019-12-09T03:12:06.247+0000][1][safepoint    ] Application time: 1.0000785 seconds
[2019-12-09T03:12:06.247+0000][1][safepoint    ] Entering safepoint region: Cleanup
[2019-12-09T03:12:06.247+0000][1][safepoint    ] Leaving safepoint region
[2019-12-09T03:12:06.247+0000][1][safepoint    ] Total time for which application threads were stopped: 0.0000729 seconds, Stopping threads took: 0.0000167 seconds
[2019-12-09T03:12:07.247+0000][1][safepoint    ] Application time: 1.0000772 seconds
[2019-12-09T03:12:07.248+0000][1][safepoint    ] Entering safepoint region: Cleanup
[2019-12-09T03:12:07.248+0000][1][safepoint    ] Leaving safepoint region
[2019-12-09T03:12:07.248+0000][1][safepoint    ] Total time for which application threads were stopped: 0.0000730 seconds, Stopping threads took: 0.0000159 seconds
[2019-12-09T03:12:08.248+0000][1][safepoint    ] Application time: 1.0000777 seconds
[2019-12-09T03:12:08.248+0000][1][safepoint    ] Entering safepoint region: Cleanup
[2019-12-09T03:12:08.248+0000][1][safepoint    ] Leaving safepoint region
[2019-12-09T03:12:08.248+0000][1][safepoint    ] Total time for which application threads were stopped: 0.0000721 seconds, Stopping threads took: 0.0000184 seconds
[2019-12-09T03:12:09.248+0000][1][safepoint    ] Application time: 1.0000763 seconds
[2019-12-09T03:12:09.248+0000][1][safepoint    ] Entering safepoint region: Cleanup
[2019-12-09T03:12:09.248+0000][1][safepoint    ] Leaving safepoint region
[2019-12-09T03:12:09.248+0000][1][safepoint    ] Total time for which application threads were stopped: 0.0000789 seconds, Stopping threads took: 0.0000231 seconds
[2019-12-09T03:12:10.248+0000][1][safepoint    ] Application time: 1.0000779 seconds
[2019-12-09T03:12:10.248+0000][1][safepoint    ] Entering safepoint region: Cleanup
[2019-12-09T03:12:10.248+0000][1][safepoint    ] Leaving safepoint region
[2019-12-09T03:12:10.248+0000][1][safepoint    ] Total time for which application threads were stopped: 0.0000717 seconds, Stopping threads took: 0.0000166 seconds
[2019-12-09T03:12:11.248+0000][1][safepoint    ] Application time: 1.0000755 seconds
[2019-12-09T03:12:11.248+0000][1][safepoint    ] Entering safepoint region: Cleanup
[2019-12-09T03:12:11.248+0000][1][safepoint    ] Leaving safepoint region
[2019-12-09T03:12:11.248+0000][1][safepoint    ] Total time for which application threads were stopped: 0.0000705 seconds, Stopping threads took: 0.0000162 seconds
[2019-12-09T03:12:12.248+0000][1][safepoint    ] Application time: 1.0000755 seconds
[2019-12-09T03:12:12.248+0000][1][safepoint    ] Entering safepoint region: Cleanup
[2019-12-09T03:12:12.249+0000][1][safepoint    ] Leaving safepoint region
[2019-12-09T03:12:12.249+0000][1][safepoint    ] Total time for which application threads were stopped: 0.0000686 seconds, Stopping threads took: 0.0000160 seconds
[2019-12-09T03:12:13.249+0000][1][safepoint    ] Application time: 1.0000759 seconds
[2019-12-09T03:12:13.249+0000][1][safepoint    ] Entering safepoint region: Cleanup
[2019-12-09T03:12:13.249+0000][1][safepoint    ] Leaving safepoint region
[2019-12-09T03:12:13.249+0000][1][safepoint    ] Total time for which application threads were stopped: 0.0000826 seconds, Stopping threads took: 0.0000163 seconds
[2019-12-09T03:12:14.249+0000][1][safepoint    ] Application time: 1.0000780 seconds
[2019-12-09T03:12:14.249+0000][1][safepoint    ] Entering safepoint region: Cleanup
[2019-12-09T03:12:14.249+0000][1][safepoint    ] Leaving safepoint region
[2019-12-09T03:12:14.249+0000][1][safepoint    ] Total time for which application threads were stopped: 0.0000837 seconds, Stopping threads took: 0.0000163 seconds
[2019-12-09T03:12:15.249+0000][1][safepoint    ] Application time: 1.0000793 seconds
[2019-12-09T03:12:15.249+0000][1][safepoint    ] Entering safepoint region: Cleanup
[2019-12-09T03:12:15.249+0000][1][safepoint    ] Leaving safepoint region
[2019-12-09T03:12:15.249+0000][1][safepoint    ] Total time for which application threads were stopped: 0.0000752 seconds, Stopping threads took: 0.0000170 seconds
[2019-12-09T03:12:16.249+0000][1][safepoint    ] Application time: 1.0000774 seconds
[2019-12-09T03:12:16.249+0000][1][safepoint    ] Entering safepoint region: Cleanup
[2019-12-09T03:12:16.249+0000][1][safepoint    ] Leaving safepoint region
[2019-12-09T03:12:16.249+0000][1][safepoint    ] Total time for which application threads were stopped: 0.0000744 seconds, Stopping threads took: 0.0000179 seconds
[2019-12-09T03:12:17.249+0000][1][safepoint    ] Application time: 1.0000767 seconds
[2019-12-09T03:12:17.249+0000][1][safepoint    ] Entering safepoint region: Cleanup
[2019-12-09T03:12:17.250+0000][1][safepoint    ] Leaving safepoint region
[2019-12-09T03:12:17.250+0000][1][safepoint    ] Total time for which application threads were stopped: 0.0000702 seconds, Stopping threads took: 0.0000162 seconds
[2019-12-09T03:12:18.250+0000][1][safepoint    ] Application time: 1.0000774 seconds
[2019-12-09T03:12:18.250+0000][1][safepoint    ] Entering safepoint region: Cleanup
[2019-12-09T03:12:18.250+0000][1][safepoint    ] Leaving safepoint region
[2019-12-09T03:12:18.250+0000][1][safepoint    ] Total time for which application threads were stopped: 0.0000825 seconds, Stopping threads took: 0.0000154 seconds
[2019-12-09T03:12:19.250+0000][1][safepoint    ] Application time: 1.0000769 seconds
[2019-12-09T03:12:19.250+0000][1][safepoint    ] Entering safepoint region: Cleanup
[2019-12-09T03:12:19.250+0000][1][safepoint    ] Leaving safepoint region
[2019-12-09T03:12:19.250+0000][1][safepoint    ] Total time for which application threads were stopped: 0.0000769 seconds, Stopping threads took: 0.0000218 seconds
[2019-12-09T03:12:20.250+0000][1][safepoint    ] Application time: 1.0000773 seconds
[2019-12-09T03:12:20.250+0000][1][safepoint    ] Entering safepoint region: Cleanup
[2019-12-09T03:12:20.250+0000][1][safepoint    ] Leaving safepoint region
[2019-12-09T03:12:20.250+0000][1][safepoint    ] Total time for which application threads were stopped: 0.0000673 seconds, Stopping threads took: 0.0000158 seconds
[2019-12-09T03:12:21.250+0000][1][safepoint    ] Application time: 1.0000768 seconds
[2019-12-09T03:12:21.250+0000][1][safepoint    ] Entering safepoint region: Cleanup
[2019-12-09T03:12:21.250+0000][1][safepoint    ] Leaving safepoint region
[2019-12-09T03:12:21.250+0000][1][safepoint    ] Total time for which application threads were stopped: 0.0000735 seconds, Stopping threads took: 0.0000170 seconds
[2019-12-09T03:12:22.250+0000][1][safepoint    ] Application time: 1.0000755 seconds
[2019-12-09T03:12:22.250+0000][1][safepoint    ] Entering safepoint region: Cleanup
[2019-12-09T03:12:22.250+0000][1][safepoint    ] Leaving safepoint region
[2019-12-09T03:12:22.250+0000][1][safepoint    ] Total time for which application threads were stopped: 0.0000683 seconds, Stopping threads took: 0.0000148 seconds
[2019-12-09T03:12:23.251+0000][1][safepoint    ] Application time: 1.0000775 seconds
[2019-12-09T03:12:23.251+0000][1][safepoint    ] Entering safepoint region: Cleanup
[2019-12-09T03:12:23.251+0000][1][safepoint    ] Leaving safepoint region
[2019-12-09T03:12:23.251+0000][1][safepoint    ] Total time for which application threads were stopped: 0.0000816 seconds, Stopping threads took: 0.0000146 seconds
[2019-12-09T03:12:24.251+0000][1][safepoint    ] Application time: 1.0000766 seconds
[2019-12-09T03:12:24.251+0000][1][safepoint    ] Entering safepoint region: Cleanup
[2019-12-09T03:12:24.251+0000][1][safepoint    ] Leaving safepoint region
[2019-12-09T03:12:24.251+0000][1][safepoint    ] Total time for which application threads were stopped: 0.0000865 seconds, Stopping threads took: 0.0000235 seconds
[2019-12-09T03:12:25.251+0000][1][safepoint    ] Application time: 1.0000795 seconds
[2019-12-09T03:12:25.251+0000][1][safepoint    ] Entering safepoint region: Cleanup
[2019-12-09T03:12:25.251+0000][1][safepoint    ] Leaving safepoint region
[2019-12-09T03:12:25.251+0000][1][safepoint    ] Total time for which application threads were stopped: 0.0000764 seconds, Stopping threads took: 0.0000158 seconds
[2019-12-09T03:12:26.251+0000][1][safepoint    ] Application time: 1.0000791 seconds
[2019-12-09T03:12:26.251+0000][1][safepoint    ] Entering safepoint region: Cleanup
[2019-12-09T03:12:26.251+0000][1][safepoint    ] Leaving safepoint region
[2019-12-09T03:12:26.251+0000][1][safepoint    ] Total time for which application threads were stopped: 0.0000737 seconds, Stopping threads took: 0.0000167 seconds
[2019-12-09T03:12:27.251+0000][1][safepoint    ] Application time: 1.0000786 seconds
[2019-12-09T03:12:27.251+0000][1][safepoint    ] Entering safepoint region: Cleanup
[2019-12-09T03:12:27.251+0000][1][safepoint    ] Leaving safepoint region
[2019-12-09T03:12:27.251+0000][1][safepoint    ] Total time for which application threads were stopped: 0.0000745 seconds, Stopping threads took: 0.0000171 seconds
[2019-12-09T03:12:28.252+0000][1][safepoint    ] Application time: 1.0000771 seconds
[2019-12-09T03:12:28.252+0000][1][safepoint    ] Entering safepoint region: Cleanup
[2019-12-09T03:12:28.252+0000][1][safepoint    ] Leaving safepoint region
[2019-12-09T03:12:28.252+0000][1][safepoint    ] Total time for which application threads were stopped: 0.0000849 seconds, Stopping threads took: 0.0000167 seconds
[2019-12-09T03:12:29.252+0000][1][safepoint    ] Application time: 1.0000767 seconds
[2019-12-09T03:12:29.252+0000][1][safepoint    ] Entering safepoint region: Cleanup
[2019-12-09T03:12:29.252+0000][1][safepoint    ] Leaving safepoint region
[2019-12-09T03:12:29.252+0000][1][safepoint    ] Total time for which application threads were stopped: 0.0000863 seconds, Stopping threads took: 0.0000170 seconds
[2019-12-09T03:12:30.252+0000][1][safepoint    ] Application time: 1.0000774 seconds
[2019-12-09T03:12:30.252+0000][1][safepoint    ] Entering safepoint region: Cleanup
[2019-12-09T03:12:30.252+0000][1][safepoint    ] Leaving safepoint region
[2019-12-09T03:12:30.252+0000][1][safepoint    ] Total time for which application threads were stopped: 0.0000732 seconds, Stopping threads took: 0.0000166 seconds
[2019-12-09T03:12:31.252+0000][1][safepoint    ] Application time: 1.0000754 seconds
[2019-12-09T03:12:31.252+0000][1][safepoint    ] Entering safepoint region: Cleanup
[2019-12-09T03:12:31.252+0000][1][safepoint    ] Leaving safepoint region
[2019-12-09T03:12:31.252+0000][1][safepoint    ] Total time for which application threads were stopped: 0.0000760 seconds, Stopping threads took: 0.0000170 seconds
[2019-12-09T03:12:32.252+0000][1][safepoint    ] Application time: 1.0000769 seconds
[2019-12-09T03:12:32.252+0000][1][safepoint    ] Entering safepoint region: Cleanup
[2019-12-09T03:12:32.252+0000][1][safepoint    ] Leaving safepoint region
[2019-12-09T03:12:32.252+0000][1][safepoint    ] Total time for which application threads were stopped: 0.0000656 seconds, Stopping threads took: 0.0000149 seconds
[2019-12-09T03:12:33.253+0000][1][safepoint    ] Application time: 1.0000760 seconds
[2019-12-09T03:12:33.253+0000][1][safepoint    ] Entering safepoint region: Cleanup
[2019-12-09T03:12:33.253+0000][1][safepoint    ] Leaving safepoint region
[2019-12-09T03:12:33.253+0000][1][safepoint    ] Total time for which application threads were stopped: 0.0000749 seconds, Stopping threads took: 0.0000167 seconds
[2019-12-09T03:12:34.253+0000][1][safepoint    ] Application time: 1.0000856 seconds
[2019-12-09T03:12:34.253+0000][1][safepoint    ] Entering safepoint region: Cleanup
[2019-12-09T03:12:34.253+0000][1][safepoint    ] Leaving safepoint region
[2019-12-09T03:12:34.253+0000][1][safepoint    ] Total time for which application threads were stopped: 0.0000708 seconds, Stopping threads took: 0.0000168 seconds
[2019-12-09T03:12:35.253+0000][1][safepoint    ] Application time: 1.0000751 seconds
[2019-12-09T03:12:35.253+0000][1][safepoint    ] Entering safepoint region: Cleanup
[2019-12-09T03:12:35.253+0000][1][safepoint    ] Leaving safepoint region
[2019-12-09T03:12:35.253+0000][1][safepoint    ] Total time for which application threads were stopped: 0.0000670 seconds, Stopping threads took: 0.0000141 seconds
[2019-12-09T03:12:36.253+0000][1][safepoint    ] Application time: 1.0000744 seconds
[2019-12-09T03:12:36.253+0000][1][safepoint    ] Entering safepoint region: Cleanup
[2019-12-09T03:12:36.253+0000][1][safepoint    ] Leaving safepoint region
[2019-12-09T03:12:36.253+0000][1][safepoint    ] Total time for which application threads were stopped: 0.0000787 seconds, Stopping threads took: 0.0000168 seconds
[2019-12-09T03:12:37.253+0000][1][safepoint    ] Application time: 1.0000785 seconds
[2019-12-09T03:12:37.253+0000][1][safepoint    ] Entering safepoint region: Cleanup
[2019-12-09T03:12:37.253+0000][1][safepoint    ] Leaving safepoint region
[2019-12-09T03:12:37.253+0000][1][safepoint    ] Total time for which application threads were stopped: 0.0000673 seconds, Stopping threads took: 0.0000158 seconds
[2019-12-09T03:12:38.254+0000][1][safepoint    ] Application time: 1.0000618 seconds
[2019-12-09T03:12:38.254+0000][1][safepoint    ] Entering safepoint region: Cleanup
[2019-12-09T03:12:38.254+0000][1][safepoint    ] Leaving safepoint region
[2019-12-09T03:12:38.254+0000][1][safepoint    ] Total time for which application threads were stopped: 0.0000687 seconds, Stopping threads took: 0.0000158 seconds
[2019-12-09T03:12:39.254+0000][1][safepoint    ] Application time: 1.0000815 seconds
[2019-12-09T03:12:39.254+0000][1][safepoint    ] Entering safepoint region: Cleanup
[2019-12-09T03:12:39.254+0000][1][safepoint    ] Leaving safepoint region
[2019-12-09T03:12:39.254+0000][1][safepoint    ] Total time for which application threads were stopped: 0.0000712 seconds, Stopping threads took: 0.0000143 seconds
[2019-12-09T03:12:40.254+0000][1][safepoint    ] Application time: 1.0000767 seconds
[2019-12-09T03:12:40.254+0000][1][safepoint    ] Entering safepoint region: Cleanup
[2019-12-09T03:12:40.254+0000][1][safepoint    ] Leaving safepoint region
[2019-12-09T03:12:40.254+0000][1][safepoint    ] Total time for which application threads were stopped: 0.0000693 seconds, Stopping threads took: 0.0000147 seconds
[2019-12-09T03:12:41.254+0000][1][safepoint    ] Application time: 1.0000747 seconds
[2019-12-09T03:12:41.254+0000][1][safepoint    ] Entering safepoint region: Cleanup
[2019-12-09T03:12:41.254+0000][1][safepoint    ] Leaving safepoint region
[2019-12-09T03:12:41.254+0000][1][safepoint    ] Total time for which application threads were stopped: 0.0000756 seconds, Stopping threads took: 0.0000155 seconds
[2019-12-09T03:12:42.254+0000][1][safepoint    ] Application time: 1.0000775 seconds
[2019-12-09T03:12:42.254+0000][1][safepoint    ] Entering safepoint region: Cleanup
[2019-12-09T03:12:42.254+0000][1][safepoint    ] Leaving safepoint region
[2019-12-09T03:12:42.254+0000][1][safepoint    ] Total time for which application threads were stopped: 0.0000685 seconds, Stopping threads took: 0.0000150 seconds
[2019-12-09T03:12:43.254+0000][1][safepoint    ] Application time: 1.0000762 seconds
[2019-12-09T03:12:43.254+0000][1][safepoint    ] Entering safepoint region: Cleanup
[2019-12-09T03:12:43.255+0000][1][safepoint    ] Leaving safepoint region
[2019-12-09T03:12:43.255+0000][1][safepoint    ] Total time for which application threads were stopped: 0.0000690 seconds, Stopping threads took: 0.0000164 seconds
[2019-12-09T03:12:44.255+0000][1][safepoint    ] Application time: 1.0000772 seconds
[2019-12-09T03:12:44.255+0000][1][safepoint    ] Entering safepoint region: Cleanup
[2019-12-09T03:12:44.255+0000][1][safepoint    ] Leaving safepoint region
[2019-12-09T03:12:44.255+0000][1][safepoint    ] Total time for which application threads were stopped: 0.0000821 seconds, Stopping threads took: 0.0000266 seconds
[2019-12-09T03:12:45.255+0000][1][safepoint    ] Application time: 1.0000796 seconds
[2019-12-09T03:12:45.255+0000][1][safepoint    ] Entering safepoint region: Cleanup
[2019-12-09T03:12:45.255+0000][1][safepoint    ] Leaving safepoint region
[2019-12-09T03:12:45.255+0000][1][safepoint    ] Total time for which application threads were stopped: 0.0000779 seconds, Stopping threads took: 0.0000177 seconds
[2019-12-09T03:12:46.255+0000][1][safepoint    ] Application time: 1.0000789 seconds
[2019-12-09T03:12:46.255+0000][1][safepoint    ] Entering safepoint region: Cleanup
[2019-12-09T03:12:46.255+0000][1][safepoint    ] Leaving safepoint region
[2019-12-09T03:12:46.255+0000][1][safepoint    ] Total time for which application threads were stopped: 0.0000793 seconds, Stopping threads took: 0.0000164 seconds
[2019-12-09T03:12:47.255+0000][1][safepoint    ] Application time: 1.0000777 seconds
[2019-12-09T03:12:47.255+0000][1][safepoint    ] Entering safepoint region: Cleanup
[2019-12-09T03:12:47.255+0000][1][safepoint    ] Leaving safepoint region
[2019-12-09T03:12:47.255+0000][1][safepoint    ] Total time for which application threads were stopped: 0.0000715 seconds, Stopping threads took: 0.0000165 seconds
[2019-12-09T03:12:48.255+0000][1][safepoint    ] Application time: 1.0000787 seconds
[2019-12-09T03:12:48.255+0000][1][safepoint    ] Entering safepoint region: Cleanup
[2019-12-09T03:12:48.256+0000][1][safepoint    ] Leaving safepoint region
[2019-12-09T03:12:48.256+0000][1][safepoint    ] Total time for which application threads were stopped: 0.0000743 seconds, Stopping threads took: 0.0000177 seconds
[2019-12-09T03:12:49.256+0000][1][safepoint    ] Application time: 1.0000781 seconds
[2019-12-09T03:12:49.256+0000][1][safepoint    ] Entering safepoint region: Cleanup
[2019-12-09T03:12:49.256+0000][1][safepoint    ] Leaving safepoint region
[2019-12-09T03:12:49.256+0000][1][safepoint    ] Total time for which application threads were stopped: 0.0000806 seconds, Stopping threads took: 0.0000205 seconds
[2019-12-09T03:12:50.256+0000][1][safepoint    ] Application time: 1.0000773 seconds
[2019-12-09T03:12:50.256+0000][1][safepoint    ] Entering safepoint region: Cleanup
[2019-12-09T03:12:50.256+0000][1][safepoint    ] Leaving safepoint region
[2019-12-09T03:12:50.256+0000][1][safepoint    ] Total time for which application threads were stopped: 0.0000679 seconds, Stopping threads took: 0.0000148 seconds
[2019-12-09T03:12:51.256+0000][1][safepoint    ] Application time: 1.0000779 seconds
[2019-12-09T03:12:51.256+0000][1][safepoint    ] Entering safepoint region: Cleanup
[2019-12-09T03:12:51.256+0000][1][safepoint    ] Leaving safepoint region
[2019-12-09T03:12:51.256+0000][1][safepoint    ] Total time for which application threads were stopped: 0.0000733 seconds, Stopping threads took: 0.0000161 seconds
[2019-12-09T03:12:52.256+0000][1][safepoint    ] Application time: 1.0000775 seconds
[2019-12-09T03:12:52.256+0000][1][safepoint    ] Entering safepoint region: Cleanup
[2019-12-09T03:12:52.256+0000][1][safepoint    ] Leaving safepoint region
[2019-12-09T03:12:52.256+0000][1][safepoint    ] Total time for which application threads were stopped: 0.0000671 seconds, Stopping threads took: 0.0000151 seconds
[2019-12-09T03:12:53.256+0000][1][safepoint    ] Application time: 1.0000786 seconds
[2019-12-09T03:12:53.256+0000][1][safepoint    ] Entering safepoint region: Cleanup
[2019-12-09T03:12:53.257+0000][1][safepoint    ] Leaving safepoint region
[2019-12-09T03:12:53.257+0000][1][safepoint    ] Total time for which application threads were stopped: 0.0000710 seconds, Stopping threads took: 0.0000170 seconds
[2019-12-09T03:12:54.267+0000][1][safepoint    ] Application time: 1.0104284 seconds
[2019-12-09T03:12:54.267+0000][1][safepoint    ] Entering safepoint region: Cleanup
[2019-12-09T03:12:54.267+0000][1][safepoint    ] Leaving safepoint region
[2019-12-09T03:12:54.267+0000][1][safepoint    ] Total time for which application threads were stopped: 0.0000911 seconds, Stopping threads took: 0.0000220 seconds
[2019-12-09T03:12:55.267+0000][1][safepoint    ] Application time: 1.0000747 seconds
[2019-12-09T03:12:55.267+0000][1][safepoint    ] Entering safepoint region: Cleanup
[2019-12-09T03:12:55.267+0000][1][safepoint    ] Leaving safepoint region
[2019-12-09T03:12:55.267+0000][1][safepoint    ] Total time for which application threads were stopped: 0.0000705 seconds, Stopping threads took: 0.0000163 seconds
[2019-12-09T03:12:56.267+0000][1][safepoint    ] Application time: 1.0000739 seconds
[2019-12-09T03:12:56.267+0000][1][safepoint    ] Entering safepoint region: Cleanup
[2019-12-09T03:12:56.267+0000][1][safepoint    ] Leaving safepoint region
[2019-12-09T03:12:56.267+0000][1][safepoint    ] Total time for which application threads were stopped: 0.0000693 seconds, Stopping threads took: 0.0000153 seconds
[2019-12-09T03:12:57.268+0000][1][safepoint    ] Application time: 1.0000823 seconds
[2019-12-09T03:12:57.268+0000][1][safepoint    ] Entering safepoint region: Cleanup
[2019-12-09T03:12:57.268+0000][1][safepoint    ] Leaving safepoint region
[2019-12-09T03:12:57.268+0000][1][safepoint    ] Total time for which application threads were stopped: 0.0000711 seconds, Stopping threads took: 0.0000167 seconds
[2019-12-09T03:12:58.268+0000][1][safepoint    ] Application time: 1.0000779 seconds
[2019-12-09T03:12:58.268+0000][1][safepoint    ] Entering safepoint region: Cleanup
[2019-12-09T03:12:58.268+0000][1][safepoint    ] Leaving safepoint region
[2019-12-09T03:12:58.268+0000][1][safepoint    ] Total time for which application threads were stopped: 0.0000731 seconds, Stopping threads took: 0.0000163 seconds
[2019-12-09T03:12:59.268+0000][1][safepoint    ] Application time: 1.0000767 seconds
[2019-12-09T03:12:59.268+0000][1][safepoint    ] Entering safepoint region: Cleanup
[2019-12-09T03:12:59.268+0000][1][safepoint    ] Leaving safepoint region
[2019-12-09T03:12:59.268+0000][1][safepoint    ] Total time for which application threads were stopped: 0.0000751 seconds, Stopping threads took: 0.0000173 seconds
[2019-12-09T03:13:00.268+0000][1][safepoint    ] Application time: 1.0000774 seconds
[2019-12-09T03:13:00.268+0000][1][safepoint    ] Entering safepoint region: Cleanup
[2019-12-09T03:13:00.268+0000][1][safepoint    ] Leaving safepoint region
[2019-12-09T03:13:00.268+0000][1][safepoint    ] Total time for which application threads were stopped: 0.0000702 seconds, Stopping threads took: 0.0000162 seconds
[2019-12-09T03:13:01.268+0000][1][safepoint    ] Application time: 1.0000756 seconds
[2019-12-09T03:13:01.268+0000][1][safepoint    ] Entering safepoint region: Cleanup
[2019-12-09T03:13:01.268+0000][1][safepoint    ] Leaving safepoint region
[2019-12-09T03:13:01.268+0000][1][safepoint    ] Total time for which application threads were stopped: 0.0000734 seconds, Stopping threads took: 0.0000177 seconds
[2019-12-09T03:13:02.269+0000][1][safepoint    ] Application time: 1.0000784 seconds
[2019-12-09T03:13:02.269+0000][1][safepoint    ] Entering safepoint region: Cleanup
[2019-12-09T03:13:02.269+0000][1][safepoint    ] Leaving safepoint region
[2019-12-09T03:13:02.269+0000][1][safepoint    ] Total time for which application threads were stopped: 0.0000693 seconds, Stopping threads took: 0.0000160 seconds
[2019-12-09T03:13:03.269+0000][1][safepoint    ] Application time: 1.0000763 seconds
[2019-12-09T03:13:03.269+0000][1][safepoint    ] Entering safepoint region: Cleanup
[2019-12-09T03:13:03.269+0000][1][safepoint    ] Leaving safepoint region
[2019-12-09T03:13:03.269+0000][1][safepoint    ] Total time for which application threads were stopped: 0.0000729 seconds, Stopping threads took: 0.0000166 seconds
[2019-12-09T03:13:04.269+0000][1][safepoint    ] Application time: 1.0000756 seconds
[2019-12-09T03:13:04.269+0000][1][safepoint    ] Entering safepoint region: Cleanup
[2019-12-09T03:13:04.269+0000][1][safepoint    ] Leaving safepoint region
[2019-12-09T03:13:04.269+0000][1][safepoint    ] Total time for which application threads were stopped: 0.0000674 seconds, Stopping threads took: 0.0000153 seconds
[2019-12-09T03:13:05.269+0000][1][safepoint    ] Application time: 1.0000769 seconds
[2019-12-09T03:13:05.269+0000][1][safepoint    ] Entering safepoint region: Cleanup
[2019-12-09T03:13:05.269+0000][1][safepoint    ] Leaving safepoint region
[2019-12-09T03:13:05.269+0000][1][safepoint    ] Total time for which application threads were stopped: 0.0000762 seconds, Stopping threads took: 0.0000162 seconds
[2019-12-09T03:13:06.269+0000][1][safepoint    ] Application time: 1.0000776 seconds
[2019-12-09T03:13:06.269+0000][1][safepoint    ] Entering safepoint region: Cleanup
[2019-12-09T03:13:06.269+0000][1][safepoint    ] Leaving safepoint region
[2019-12-09T03:13:06.269+0000][1][safepoint    ] Total time for which application threads were stopped: 0.0000730 seconds, Stopping threads took: 0.0000175 seconds
[2019-12-09T03:13:07.269+0000][1][safepoint    ] Application time: 1.0000760 seconds
[2019-12-09T03:13:07.270+0000][1][safepoint    ] Entering safepoint region: Cleanup
[2019-12-09T03:13:07.270+0000][1][safepoint    ] Leaving safepoint region
[2019-12-09T03:13:07.270+0000][1][safepoint    ] Total time for which application threads were stopped: 0.0000738 seconds, Stopping threads took: 0.0000172 seconds
[2019-12-09T03:13:08.270+0000][1][safepoint    ] Application time: 1.0000786 seconds
[2019-12-09T03:13:08.270+0000][1][safepoint    ] Entering safepoint region: Cleanup
[2019-12-09T03:13:08.270+0000][1][safepoint    ] Leaving safepoint region
[2019-12-09T03:13:08.270+0000][1][safepoint    ] Total time for which application threads were stopped: 0.0000744 seconds, Stopping threads took: 0.0000187 seconds
[2019-12-09T03:13:09.270+0000][1][safepoint    ] Application time: 1.0000771 seconds
[2019-12-09T03:13:09.270+0000][1][safepoint    ] Entering safepoint region: Cleanup
[2019-12-09T03:13:09.270+0000][1][safepoint    ] Leaving safepoint region
[2019-12-09T03:13:09.270+0000][1][safepoint    ] Total time for which application threads were stopped: 0.0000780 seconds, Stopping threads took: 0.0000236 seconds
[2019-12-09T03:13:10.270+0000][1][safepoint    ] Application time: 1.0000769 seconds
[2019-12-09T03:13:10.270+0000][1][safepoint    ] Entering safepoint region: Cleanup
[2019-12-09T03:13:10.270+0000][1][safepoint    ] Leaving safepoint region
[2019-12-09T03:13:10.270+0000][1][safepoint    ] Total time for which application threads were stopped: 0.0000711 seconds, Stopping threads took: 0.0000173 seconds
[2019-12-09T03:13:11.270+0000][1][safepoint    ] Application time: 1.0000784 seconds
[2019-12-09T03:13:11.270+0000][1][safepoint    ] Entering safepoint region: Cleanup
[2019-12-09T03:13:11.270+0000][1][safepoint    ] Leaving safepoint region
[2019-12-09T03:13:11.270+0000][1][safepoint    ] Total time for which application threads were stopped: 0.0000710 seconds, Stopping threads took: 0.0000161 seconds
[2019-12-09T03:13:12.270+0000][1][safepoint    ] Application time: 1.0000788 seconds
[2019-12-09T03:13:12.271+0000][1][safepoint    ] Entering safepoint region: Cleanup
[2019-12-09T03:13:12.271+0000][1][safepoint    ] Leaving safepoint region
[2019-12-09T03:13:12.271+0000][1][safepoint    ] Total time for which application threads were stopped: 0.0000709 seconds, Stopping threads took: 0.0000163 seconds
[2019-12-09T03:13:13.271+0000][1][safepoint    ] Application time: 1.0000766 seconds
[2019-12-09T03:13:13.271+0000][1][safepoint    ] Entering safepoint region: Cleanup
[2019-12-09T03:13:13.271+0000][1][safepoint    ] Leaving safepoint region
[2019-12-09T03:13:13.271+0000][1][safepoint    ] Total time for which application threads were stopped: 0.0000781 seconds, Stopping threads took: 0.0000155 seconds
[2019-12-09T03:13:14.271+0000][1][safepoint    ] Application time: 1.0000777 seconds
[2019-12-09T03:13:14.271+0000][1][safepoint    ] Entering safepoint region: Cleanup
[2019-12-09T03:13:14.271+0000][1][safepoint    ] Leaving safepoint region
[2019-12-09T03:13:14.271+0000][1][safepoint    ] Total time for which application threads were stopped: 0.0000779 seconds, Stopping threads took: 0.0000169 seconds
[2019-12-09T03:13:15.271+0000][1][safepoint    ] Application time: 1.0000777 seconds
[2019-12-09T03:13:15.271+0000][1][safepoint    ] Entering safepoint region: Cleanup
[2019-12-09T03:13:15.271+0000][1][safepoint    ] Leaving safepoint region
[2019-12-09T03:13:15.271+0000][1][safepoint    ] Total time for which application threads were stopped: 0.0000733 seconds, Stopping threads took: 0.0000164 seconds
[2019-12-09T03:13:16.271+0000][1][safepoint    ] Application time: 1.0000786 seconds
[2019-12-09T03:13:16.271+0000][1][safepoint    ] Entering safepoint region: Cleanup
[2019-12-09T03:13:16.271+0000][1][safepoint    ] Leaving safepoint region
[2019-12-09T03:13:16.271+0000][1][safepoint    ] Total time for which application threads were stopped: 0.0000784 seconds, Stopping threads took: 0.0000170 seconds
[2019-12-09T03:13:17.271+0000][1][safepoint    ] Application time: 1.0000751 seconds
[2019-12-09T03:13:17.271+0000][1][safepoint    ] Entering safepoint region: Cleanup
[2019-12-09T03:13:17.272+0000][1][safepoint    ] Leaving safepoint region
[2019-12-09T03:13:17.272+0000][1][safepoint    ] Total time for which application threads were stopped: 0.0000703 seconds, Stopping threads took: 0.0000165 seconds
[2019-12-09T03:13:18.272+0000][1][safepoint    ] Application time: 1.0000760 seconds
[2019-12-09T03:13:18.272+0000][1][safepoint    ] Entering safepoint region: Cleanup
[2019-12-09T03:13:18.272+0000][1][safepoint    ] Leaving safepoint region
[2019-12-09T03:13:18.272+0000][1][safepoint    ] Total time for which application threads were stopped: 0.0000747 seconds, Stopping threads took: 0.0000187 seconds
[2019-12-09T03:13:19.272+0000][1][safepoint    ] Application time: 1.0000754 seconds
[2019-12-09T03:13:19.272+0000][1][safepoint    ] Entering safepoint region: Cleanup
[2019-12-09T03:13:19.272+0000][1][safepoint    ] Leaving safepoint region
[2019-12-09T03:13:19.272+0000][1][safepoint    ] Total time for which application threads were stopped: 0.0000776 seconds, Stopping threads took: 0.0000225 seconds
[2019-12-09T03:13:20.272+0000][1][safepoint    ] Application time: 1.0000756 seconds
[2019-12-09T03:13:20.272+0000][1][safepoint    ] Entering safepoint region: Cleanup
[2019-12-09T03:13:20.272+0000][1][safepoint    ] Leaving safepoint region
[2019-12-09T03:13:20.272+0000][1][safepoint    ] Total time for which application threads were stopped: 0.0000708 seconds, Stopping threads took: 0.0000161 seconds
[2019-12-09T03:13:21.272+0000][1][safepoint    ] Application time: 1.0000748 seconds
[2019-12-09T03:13:21.272+0000][1][safepoint    ] Entering safepoint region: Cleanup
[2019-12-09T03:13:21.272+0000][1][safepoint    ] Leaving safepoint region
[2019-12-09T03:13:21.272+0000][1][safepoint    ] Total time for which application threads were stopped: 0.0000694 seconds, Stopping threads took: 0.0000174 seconds
[2019-12-09T03:13:22.272+0000][1][safepoint    ] Application time: 1.0000738 seconds
[2019-12-09T03:13:22.272+0000][1][safepoint    ] Entering safepoint region: Cleanup
[2019-12-09T03:13:22.273+0000][1][safepoint    ] Leaving safepoint region
[2019-12-09T03:13:22.273+0000][1][safepoint    ] Total time for which application threads were stopped: 0.0000732 seconds, Stopping threads took: 0.0000168 seconds
[2019-12-09T03:13:23.273+0000][1][safepoint    ] Application time: 1.0000793 seconds
[2019-12-09T03:13:23.273+0000][1][safepoint    ] Entering safepoint region: Cleanup
[2019-12-09T03:13:23.273+0000][1][safepoint    ] Leaving safepoint region
[2019-12-09T03:13:23.273+0000][1][safepoint    ] Total time for which application threads were stopped: 0.0000853 seconds, Stopping threads took: 0.0000171 seconds
[2019-12-09T03:13:24.273+0000][1][safepoint    ] Application time: 1.0000800 seconds
[2019-12-09T03:13:24.273+0000][1][safepoint    ] Entering safepoint region: Cleanup
[2019-12-09T03:13:24.273+0000][1][safepoint    ] Leaving safepoint region
[2019-12-09T03:13:24.273+0000][1][safepoint    ] Total time for which application threads were stopped: 0.0000769 seconds, Stopping threads took: 0.0000220 seconds
[2019-12-09T03:13:25.273+0000][1][safepoint    ] Application time: 1.0000778 seconds
[2019-12-09T03:13:25.273+0000][1][safepoint    ] Entering safepoint region: Cleanup
[2019-12-09T03:13:25.273+0000][1][safepoint    ] Leaving safepoint region
[2019-12-09T03:13:25.273+0000][1][safepoint    ] Total time for which application threads were stopped: 0.0000696 seconds, Stopping threads took: 0.0000153 seconds
[2019-12-09T03:13:26.273+0000][1][safepoint    ] Application time: 1.0000854 seconds
[2019-12-09T03:13:26.273+0000][1][safepoint    ] Entering safepoint region: Cleanup
[2019-12-09T03:13:26.273+0000][1][safepoint    ] Leaving safepoint region
[2019-12-09T03:13:26.273+0000][1][safepoint    ] Total time for which application threads were stopped: 0.0000710 seconds, Stopping threads took: 0.0000168 seconds
[2019-12-09T03:13:27.273+0000][1][safepoint    ] Application time: 1.0000786 seconds
[2019-12-09T03:13:27.273+0000][1][safepoint    ] Entering safepoint region: Cleanup
[2019-12-09T03:13:27.274+0000][1][safepoint    ] Leaving safepoint region
[2019-12-09T03:13:27.274+0000][1][safepoint    ] Total time for which application threads were stopped: 0.0000708 seconds, Stopping threads took: 0.0000172 seconds
[2019-12-09T03:13:28.274+0000][1][safepoint    ] Application time: 1.0000791 seconds
[2019-12-09T03:13:28.274+0000][1][safepoint    ] Entering safepoint region: Cleanup
[2019-12-09T03:13:28.274+0000][1][safepoint    ] Leaving safepoint region
[2019-12-09T03:13:28.274+0000][1][safepoint    ] Total time for which application threads were stopped: 0.0000860 seconds, Stopping threads took: 0.0000177 seconds
[2019-12-09T03:13:29.274+0000][1][safepoint    ] Application time: 1.0000783 seconds
[2019-12-09T03:13:29.274+0000][1][safepoint    ] Entering safepoint region: Cleanup
[2019-12-09T03:13:29.274+0000][1][safepoint    ] Leaving safepoint region
[2019-12-09T03:13:29.274+0000][1][safepoint    ] Total time for which application threads were stopped: 0.0000786 seconds, Stopping threads took: 0.0000242 seconds
[2019-12-09T03:13:30.274+0000][1][safepoint    ] Application time: 1.0000785 seconds
[2019-12-09T03:13:30.274+0000][1][safepoint    ] Entering safepoint region: Cleanup
[2019-12-09T03:13:30.274+0000][1][safepoint    ] Leaving safepoint region
[2019-12-09T03:13:30.274+0000][1][safepoint    ] Total time for which application threads were stopped: 0.0000690 seconds, Stopping threads took: 0.0000167 seconds
[2019-12-09T03:13:31.274+0000][1][safepoint    ] Application time: 1.0000773 seconds
[2019-12-09T03:13:31.274+0000][1][safepoint    ] Entering safepoint region: Cleanup
[2019-12-09T03:13:31.274+0000][1][safepoint    ] Leaving safepoint region
[2019-12-09T03:13:31.274+0000][1][safepoint    ] Total time for which application threads were stopped: 0.0000768 seconds, Stopping threads took: 0.0000155 seconds
[2019-12-09T03:13:32.274+0000][1][safepoint    ] Application time: 1.0000800 seconds
[2019-12-09T03:13:32.274+0000][1][safepoint    ] Entering safepoint region: Cleanup
[2019-12-09T03:13:32.274+0000][1][safepoint    ] Leaving safepoint region
[2019-12-09T03:13:32.275+0000][1][safepoint    ] Total time for which application threads were stopped: 0.0000761 seconds, Stopping threads took: 0.0000172 seconds
[2019-12-09T03:13:33.275+0000][1][safepoint    ] Application time: 1.0000838 seconds
[2019-12-09T03:13:33.275+0000][1][safepoint    ] Entering safepoint region: Cleanup
[2019-12-09T03:13:33.275+0000][1][safepoint    ] Leaving safepoint region
[2019-12-09T03:13:33.275+0000][1][safepoint    ] Total time for which application threads were stopped: 0.0000903 seconds, Stopping threads took: 0.0000179 seconds
[2019-12-09T03:13:34.275+0000][1][safepoint    ] Application time: 1.0000775 seconds
[2019-12-09T03:13:34.275+0000][1][safepoint    ] Entering safepoint region: Cleanup
[2019-12-09T03:13:34.275+0000][1][safepoint    ] Leaving safepoint region
[2019-12-09T03:13:34.275+0000][1][safepoint    ] Total time for which application threads were stopped: 0.0000699 seconds, Stopping threads took: 0.0000155 seconds
[2019-12-09T03:13:35.275+0000][1][safepoint    ] Application time: 1.0000782 seconds
[2019-12-09T03:13:35.275+0000][1][safepoint    ] Entering safepoint region: Cleanup
[2019-12-09T03:13:35.275+0000][1][safepoint    ] Leaving safepoint region
[2019-12-09T03:13:35.275+0000][1][safepoint    ] Total time for which application threads were stopped: 0.0000698 seconds, Stopping threads took: 0.0000154 seconds
[2019-12-09T03:13:36.275+0000][1][safepoint    ] Application time: 1.0000787 seconds
[2019-12-09T03:13:36.275+0000][1][safepoint    ] Entering safepoint region: Cleanup
[2019-12-09T03:13:36.275+0000][1][safepoint    ] Leaving safepoint region
[2019-12-09T03:13:36.275+0000][1][safepoint    ] Total time for which application threads were stopped: 0.0000734 seconds, Stopping threads took: 0.0000182 seconds
[2019-12-09T03:13:37.275+0000][1][safepoint    ] Application time: 1.0000775 seconds
[2019-12-09T03:13:37.275+0000][1][safepoint    ] Entering safepoint region: Cleanup
[2019-12-09T03:13:37.275+0000][1][safepoint    ] Leaving safepoint region
[2019-12-09T03:13:37.275+0000][1][safepoint    ] Total time for which application threads were stopped: 0.0000709 seconds, Stopping threads took: 0.0000164 seconds
[2019-12-09T03:13:38.276+0000][1][safepoint    ] Application time: 1.0000790 seconds
[2019-12-09T03:13:38.276+0000][1][safepoint    ] Entering safepoint region: Cleanup
[2019-12-09T03:13:38.276+0000][1][safepoint    ] Leaving safepoint region
[2019-12-09T03:13:38.276+0000][1][safepoint    ] Total time for which application threads were stopped: 0.0000905 seconds, Stopping threads took: 0.0000175 seconds
[2019-12-09T03:13:39.276+0000][1][safepoint    ] Application time: 1.0000798 seconds
[2019-12-09T03:13:39.276+0000][1][safepoint    ] Entering safepoint region: Cleanup
[2019-12-09T03:13:39.276+0000][1][safepoint    ] Leaving safepoint region
[2019-12-09T03:13:39.276+0000][1][safepoint    ] Total time for which application threads were stopped: 0.0000803 seconds, Stopping threads took: 0.0000163 seconds
[2019-12-09T03:13:40.004+0000][1][safepoint    ] Application time: 0.7279828 seconds
[2019-12-09T03:13:40.004+0000][1][safepoint    ] Entering safepoint region: GenCollectForAllocation
[2019-12-09T03:13:40.004+0000][1][gc,start     ] GC(26) Pause Young (Allocation Failure)
[2019-12-09T03:13:40.004+0000][1][gc,task      ] GC(26) Using 2 workers of 2 for evacuation
[2019-12-09T03:13:40.009+0000][1][gc,age       ] GC(26) Desired survivor size 4456448 bytes, new threshold 6 (max threshold 6)
[2019-12-09T03:13:40.009+0000][1][gc,age       ] GC(26) Age table with threshold 6 (max threshold 6)
[2019-12-09T03:13:40.009+0000][1][gc,age       ] GC(26) - age   1:       7896 bytes,       7896 total
[2019-12-09T03:13:40.009+0000][1][gc,age       ] GC(26) - age   2:       1560 bytes,       9456 total
[2019-12-09T03:13:40.009+0000][1][gc,age       ] GC(26) - age   3:       6936 bytes,      16392 total
[2019-12-09T03:13:40.009+0000][1][gc,age       ] GC(26) - age   4:    1420632 bytes,    1437024 total
[2019-12-09T03:13:40.009+0000][1][gc,heap      ] GC(26) ParNew: 72324K->1844K(78656K)
[2019-12-09T03:13:40.009+0000][1][gc,heap      ] GC(26) CMS: 68018K->68018K(174784K)
[2019-12-09T03:13:40.009+0000][1][gc,metaspace ] GC(26) Metaspace: 68033K->68033K(1112064K)
[2019-12-09T03:13:40.009+0000][1][gc           ] GC(26) Pause Young (Allocation Failure) 137M->68M(247M) 5.019ms
[2019-12-09T03:13:40.009+0000][1][gc,cpu       ] GC(26) User=0.01s Sys=0.00s Real=0.01s
[2019-12-09T03:13:40.009+0000][1][safepoint    ] Leaving safepoint region
[2019-12-09T03:13:40.009+0000][1][safepoint    ] Total time for which application threads were stopped: 0.0051907 seconds, Stopping threads took: 0.0000237 seconds
[2019-12-09T03:13:41.009+0000][1][safepoint    ] Application time: 1.0000855 seconds
[2019-12-09T03:13:41.009+0000][1][safepoint    ] Entering safepoint region: Cleanup
[2019-12-09T03:13:41.009+0000][1][safepoint    ] Leaving safepoint region
[2019-12-09T03:13:41.009+0000][1][safepoint    ] Total time for which application threads were stopped: 0.0000780 seconds, Stopping threads took: 0.0000187 seconds
[2019-12-09T03:13:42.009+0000][1][safepoint    ] Application time: 1.0000758 seconds
[2019-12-09T03:13:42.009+0000][1][safepoint    ] Entering safepoint region: Cleanup
[2019-12-09T03:13:42.010+0000][1][safepoint    ] Leaving safepoint region
[2019-12-09T03:13:42.010+0000][1][safepoint    ] Total time for which application threads were stopped: 0.0000760 seconds, Stopping threads took: 0.0000179 seconds
[2019-12-09T03:13:43.010+0000][1][safepoint    ] Application time: 1.0000759 seconds
[2019-12-09T03:13:43.010+0000][1][safepoint    ] Entering safepoint region: Cleanup
[2019-12-09T03:13:43.010+0000][1][safepoint    ] Leaving safepoint region
[2019-12-09T03:13:43.010+0000][1][safepoint    ] Total time for which application threads were stopped: 0.0000919 seconds, Stopping threads took: 0.0000178 seconds
[2019-12-09T03:13:44.010+0000][1][safepoint    ] Application time: 1.0000736 seconds
[2019-12-09T03:13:44.010+0000][1][safepoint    ] Entering safepoint region: Cleanup
[2019-12-09T03:13:44.010+0000][1][safepoint    ] Leaving safepoint region
[2019-12-09T03:13:44.010+0000][1][safepoint    ] Total time for which application threads were stopped: 0.0000785 seconds, Stopping threads took: 0.0000200 seconds
[2019-12-09T03:13:45.010+0000][1][safepoint    ] Application time: 1.0000794 seconds
[2019-12-09T03:13:45.010+0000][1][safepoint    ] Entering safepoint region: Cleanup
[2019-12-09T03:13:45.010+0000][1][safepoint    ] Leaving safepoint region
[2019-12-09T03:13:45.010+0000][1][safepoint    ] Total time for which application threads were stopped: 0.0000813 seconds, Stopping threads took: 0.0000187 seconds
[2019-12-09T03:13:46.010+0000][1][safepoint    ] Application time: 1.0000747 seconds
[2019-12-09T03:13:46.010+0000][1][safepoint    ] Entering safepoint region: Cleanup
[2019-12-09T03:13:46.010+0000][1][safepoint    ] Leaving safepoint region
[2019-12-09T03:13:46.010+0000][1][safepoint    ] Total time for which application threads were stopped: 0.0000781 seconds, Stopping threads took: 0.0000241 seconds
[2019-12-09T03:13:47.010+0000][1][safepoint    ] Application time: 1.0000760 seconds
[2019-12-09T03:13:47.010+0000][1][safepoint    ] Entering safepoint region: Cleanup
[2019-12-09T03:13:47.010+0000][1][safepoint    ] Leaving safepoint region
[2019-12-09T03:13:47.010+0000][1][safepoint    ] Total time for which application threads were stopped: 0.0000760 seconds, Stopping threads took: 0.0000179 seconds
[2019-12-09T03:13:48.011+0000][1][safepoint    ] Application time: 1.0000766 seconds
[2019-12-09T03:13:48.011+0000][1][safepoint    ] Entering safepoint region: Cleanup
[2019-12-09T03:13:48.011+0000][1][safepoint    ] Leaving safepoint region
[2019-12-09T03:13:48.011+0000][1][safepoint    ] Total time for which application threads were stopped: 0.0000827 seconds, Stopping threads took: 0.0000177 seconds
[2019-12-09T03:13:49.011+0000][1][safepoint    ] Application time: 1.0000734 seconds
[2019-12-09T03:13:49.011+0000][1][safepoint    ] Entering safepoint region: Cleanup
[2019-12-09T03:13:49.011+0000][1][safepoint    ] Leaving safepoint region
[2019-12-09T03:13:49.011+0000][1][safepoint    ] Total time for which application threads were stopped: 0.0000751 seconds, Stopping threads took: 0.0000176 seconds
[2019-12-09T03:13:50.011+0000][1][safepoint    ] Application time: 1.0000842 seconds
[2019-12-09T03:13:50.011+0000][1][safepoint    ] Entering safepoint region: Cleanup
[2019-12-09T03:13:50.011+0000][1][safepoint    ] Leaving safepoint region
[2019-12-09T03:13:50.011+0000][1][safepoint    ] Total time for which application threads were stopped: 0.0000974 seconds, Stopping threads took: 0.0000232 seconds
[2019-12-09T03:13:51.011+0000][1][safepoint    ] Application time: 1.0000779 seconds
[2019-12-09T03:13:51.011+0000][1][safepoint    ] Entering safepoint region: Cleanup
[2019-12-09T03:13:51.011+0000][1][safepoint    ] Leaving safepoint region
[2019-12-09T03:13:51.011+0000][1][safepoint    ] Total time for which application threads were stopped: 0.0000748 seconds, Stopping threads took: 0.0000175 seconds
[2019-12-09T03:13:52.011+0000][1][safepoint    ] Application time: 1.0000762 seconds
[2019-12-09T03:13:52.011+0000][1][safepoint    ] Entering safepoint region: Cleanup
[2019-12-09T03:13:52.011+0000][1][safepoint    ] Leaving safepoint region
[2019-12-09T03:13:52.012+0000][1][safepoint    ] Total time for which application threads were stopped: 0.0000764 seconds, Stopping threads took: 0.0000184 seconds
[2019-12-09T03:13:53.020+0000][1][safepoint    ] Application time: 1.0087549 seconds
[2019-12-09T03:13:53.020+0000][1][safepoint    ] Entering safepoint region: Cleanup
[2019-12-09T03:13:53.020+0000][1][safepoint    ] Leaving safepoint region
[2019-12-09T03:13:53.020+0000][1][safepoint    ] Total time for which application threads were stopped: 0.0000687 seconds, Stopping threads took: 0.0000153 seconds
[2019-12-09T03:13:54.020+0000][1][safepoint    ] Application time: 1.0000749 seconds
[2019-12-09T03:13:54.021+0000][1][safepoint    ] Entering safepoint region: Cleanup
[2019-12-09T03:13:54.021+0000][1][safepoint    ] Leaving safepoint region
[2019-12-09T03:13:54.021+0000][1][safepoint    ] Total time for which application threads were stopped: 0.0000884 seconds, Stopping threads took: 0.0000378 seconds
[2019-12-09T03:13:55.021+0000][1][safepoint    ] Application time: 1.0000830 seconds
[2019-12-09T03:13:55.021+0000][1][safepoint    ] Entering safepoint region: Cleanup
[2019-12-09T03:13:55.021+0000][1][safepoint    ] Leaving safepoint region
[2019-12-09T03:13:55.021+0000][1][safepoint    ] Total time for which application threads were stopped: 0.0000874 seconds, Stopping threads took: 0.0000266 seconds
[2019-12-09T03:13:56.021+0000][1][safepoint    ] Application time: 1.0000772 seconds
[2019-12-09T03:13:56.021+0000][1][safepoint    ] Entering safepoint region: Cleanup
[2019-12-09T03:13:56.021+0000][1][safepoint    ] Leaving safepoint region
[2019-12-09T03:13:56.021+0000][1][safepoint    ] Total time for which application threads were stopped: 0.0001126 seconds, Stopping threads took: 0.0000311 seconds
[2019-12-09T03:13:57.021+0000][1][safepoint    ] Application time: 1.0000806 seconds
[2019-12-09T03:13:57.021+0000][1][safepoint    ] Entering safepoint region: Cleanup
[2019-12-09T03:13:57.021+0000][1][safepoint    ] Leaving safepoint region
[2019-12-09T03:13:57.021+0000][1][safepoint    ] Total time for which application threads were stopped: 0.0000749 seconds, Stopping threads took: 0.0000185 seconds
[2019-12-09T03:13:58.021+0000][1][safepoint    ] Application time: 1.0000774 seconds
[2019-12-09T03:13:58.021+0000][1][safepoint    ] Entering safepoint region: Cleanup
[2019-12-09T03:13:58.021+0000][1][safepoint    ] Leaving safepoint region
[2019-12-09T03:13:58.021+0000][1][safepoint    ] Total time for which application threads were stopped: 0.0000753 seconds, Stopping threads took: 0.0000179 seconds
[2019-12-09T03:13:59.022+0000][1][safepoint    ] Application time: 1.0000804 seconds
[2019-12-09T03:13:59.022+0000][1][safepoint    ] Entering safepoint region: Cleanup
[2019-12-09T03:13:59.022+0000][1][safepoint    ] Leaving safepoint region
[2019-12-09T03:13:59.022+0000][1][safepoint    ] Total time for which application threads were stopped: 0.0000745 seconds, Stopping threads took: 0.0000180 seconds
[2019-12-09T03:14:00.022+0000][1][safepoint    ] Application time: 1.0000700 seconds
[2019-12-09T03:14:00.022+0000][1][safepoint    ] Entering safepoint region: Cleanup
[2019-12-09T03:14:00.022+0000][1][safepoint    ] Leaving safepoint region
[2019-12-09T03:14:00.022+0000][1][safepoint    ] Total time for which application threads were stopped: 0.0000838 seconds, Stopping threads took: 0.0000195 seconds
[2019-12-09T03:14:01.022+0000][1][safepoint    ] Application time: 1.0000800 seconds
[2019-12-09T03:14:01.022+0000][1][safepoint    ] Entering safepoint region: Cleanup
[2019-12-09T03:14:01.022+0000][1][safepoint    ] Leaving safepoint region
[2019-12-09T03:14:01.022+0000][1][safepoint    ] Total time for which application threads were stopped: 0.0000749 seconds, Stopping threads took: 0.0000188 seconds
[2019-12-09T03:14:02.022+0000][1][safepoint    ] Application time: 1.0000774 seconds
[2019-12-09T03:14:02.022+0000][1][safepoint    ] Entering safepoint region: Cleanup
[2019-12-09T03:14:02.022+0000][1][safepoint    ] Leaving safepoint region
[2019-12-09T03:14:02.022+0000][1][safepoint    ] Total time for which application threads were stopped: 0.0000704 seconds, Stopping threads took: 0.0000178 seconds
[2019-12-09T03:14:03.022+0000][1][safepoint    ] Application time: 1.0000779 seconds
[2019-12-09T03:14:03.022+0000][1][safepoint    ] Entering safepoint region: Cleanup
[2019-12-09T03:14:03.022+0000][1][safepoint    ] Leaving safepoint region
[2019-12-09T03:14:03.022+0000][1][safepoint    ] Total time for which application threads were stopped: 0.0000734 seconds, Stopping threads took: 0.0000171 seconds
[2019-12-09T03:14:04.022+0000][1][safepoint    ] Application time: 1.0000752 seconds
[2019-12-09T03:14:04.023+0000][1][safepoint    ] Entering safepoint region: Cleanup
[2019-12-09T03:14:04.023+0000][1][safepoint    ] Leaving safepoint region
[2019-12-09T03:14:04.023+0000][1][safepoint    ] Total time for which application threads were stopped: 0.0000739 seconds, Stopping threads took: 0.0000171 seconds
[2019-12-09T03:14:05.023+0000][1][safepoint    ] Application time: 1.0003520 seconds
[2019-12-09T03:14:05.023+0000][1][safepoint    ] Entering safepoint region: Cleanup
[2019-12-09T03:14:05.023+0000][1][safepoint    ] Leaving safepoint region
[2019-12-09T03:14:05.023+0000][1][safepoint    ] Total time for which application threads were stopped: 0.0001064 seconds, Stopping threads took: 0.0000312 seconds
[2019-12-09T03:14:06.023+0000][1][safepoint    ] Application time: 1.0000758 seconds
[2019-12-09T03:14:06.023+0000][1][safepoint    ] Entering safepoint region: Cleanup
[2019-12-09T03:14:06.023+0000][1][safepoint    ] Leaving safepoint region
[2019-12-09T03:14:06.023+0000][1][safepoint    ] Total time for which application threads were stopped: 0.0000835 seconds, Stopping threads took: 0.0000185 seconds
[2019-12-09T03:14:07.023+0000][1][safepoint    ] Application time: 1.0000775 seconds
[2019-12-09T03:14:07.023+0000][1][safepoint    ] Entering safepoint region: Cleanup
[2019-12-09T03:14:07.023+0000][1][safepoint    ] Leaving safepoint region
[2019-12-09T03:14:07.023+0000][1][safepoint    ] Total time for which application threads were stopped: 0.0000729 seconds, Stopping threads took: 0.0000171 seconds
[2019-12-09T03:14:08.024+0000][1][safepoint    ] Application time: 1.0000778 seconds
[2019-12-09T03:14:08.024+0000][1][safepoint    ] Entering safepoint region: Cleanup
[2019-12-09T03:14:08.024+0000][1][safepoint    ] Leaving safepoint region
[2019-12-09T03:14:08.024+0000][1][safepoint    ] Total time for which application threads were stopped: 0.0000876 seconds, Stopping threads took: 0.0000189 seconds
[2019-12-09T03:14:09.024+0000][1][safepoint    ] Application time: 1.0000754 seconds
[2019-12-09T03:14:09.024+0000][1][safepoint    ] Entering safepoint region: Cleanup
[2019-12-09T03:14:09.024+0000][1][safepoint    ] Leaving safepoint region
[2019-12-09T03:14:09.024+0000][1][safepoint    ] Total time for which application threads were stopped: 0.0000745 seconds, Stopping threads took: 0.0000174 seconds
[2019-12-09T03:14:10.024+0000][1][safepoint    ] Application time: 1.0000747 seconds
[2019-12-09T03:14:10.024+0000][1][safepoint    ] Entering safepoint region: Cleanup
[2019-12-09T03:14:10.024+0000][1][safepoint    ] Leaving safepoint region
[2019-12-09T03:14:10.024+0000][1][safepoint    ] Total time for which application threads were stopped: 0.0000755 seconds, Stopping threads took: 0.0000182 seconds
[2019-12-09T03:14:11.024+0000][1][safepoint    ] Application time: 1.0000769 seconds
[2019-12-09T03:14:11.024+0000][1][safepoint    ] Entering safepoint region: Cleanup
[2019-12-09T03:14:11.024+0000][1][safepoint    ] Leaving safepoint region
[2019-12-09T03:14:11.024+0000][1][safepoint    ] Total time for which application threads were stopped: 0.0000767 seconds, Stopping threads took: 0.0000178 seconds
[2019-12-09T03:14:12.024+0000][1][safepoint    ] Application time: 1.0000762 seconds
[2019-12-09T03:14:12.024+0000][1][safepoint    ] Entering safepoint region: Cleanup
[2019-12-09T03:14:12.024+0000][1][safepoint    ] Leaving safepoint region
[2019-12-09T03:14:12.024+0000][1][safepoint    ] Total time for which application threads were stopped: 0.0000750 seconds, Stopping threads took: 0.0000181 seconds
[2019-12-09T03:14:13.025+0000][1][safepoint    ] Application time: 1.0000772 seconds
[2019-12-09T03:14:13.025+0000][1][safepoint    ] Entering safepoint region: Cleanup
[2019-12-09T03:14:13.025+0000][1][safepoint    ] Leaving safepoint region
[2019-12-09T03:14:13.025+0000][1][safepoint    ] Total time for which application threads were stopped: 0.0000700 seconds, Stopping threads took: 0.0000175 seconds
[2019-12-09T03:14:14.309+0000][1][safepoint    ] Application time: 1.2842279 seconds
[2019-12-09T03:14:14.309+0000][1][safepoint    ] Entering safepoint region: Cleanup
[2019-12-09T03:14:14.309+0000][1][safepoint    ] Leaving safepoint region
[2019-12-09T03:14:14.309+0000][1][safepoint    ] Total time for which application threads were stopped: 0.0000760 seconds, Stopping threads took: 0.0000176 seconds
[2019-12-09T03:14:15.309+0000][1][safepoint    ] Application time: 1.0000736 seconds
[2019-12-09T03:14:15.309+0000][1][safepoint    ] Entering safepoint region: Cleanup
[2019-12-09T03:14:15.309+0000][1][safepoint    ] Leaving safepoint region
[2019-12-09T03:14:15.309+0000][1][safepoint    ] Total time for which application threads were stopped: 0.0000720 seconds, Stopping threads took: 0.0000164 seconds
[2019-12-09T03:14:16.309+0000][1][safepoint    ] Application time: 1.0000770 seconds
[2019-12-09T03:14:16.309+0000][1][safepoint    ] Entering safepoint region: Cleanup
[2019-12-09T03:14:16.309+0000][1][safepoint    ] Leaving safepoint region
[2019-12-09T03:14:16.309+0000][1][safepoint    ] Total time for which application threads were stopped: 0.0000788 seconds, Stopping threads took: 0.0000172 seconds
[2019-12-09T03:14:17.309+0000][1][safepoint    ] Application time: 1.0000760 seconds
[2019-12-09T03:14:17.310+0000][1][safepoint    ] Entering safepoint region: Cleanup
[2019-12-09T03:14:17.310+0000][1][safepoint    ] Leaving safepoint region
[2019-12-09T03:14:17.310+0000][1][safepoint    ] Total time for which application threads were stopped: 0.0000706 seconds, Stopping threads took: 0.0000157 seconds
[2019-12-09T03:14:18.310+0000][1][safepoint    ] Application time: 1.0000882 seconds
[2019-12-09T03:14:18.310+0000][1][safepoint    ] Entering safepoint region: Cleanup
[2019-12-09T03:14:18.310+0000][1][safepoint    ] Leaving safepoint region
[2019-12-09T03:14:18.310+0000][1][safepoint    ] Total time for which application threads were stopped: 0.0000765 seconds, Stopping threads took: 0.0000203 seconds
[2019-12-09T03:14:19.310+0000][1][safepoint    ] Application time: 1.0000874 seconds
[2019-12-09T03:14:19.310+0000][1][safepoint    ] Entering safepoint region: Cleanup
[2019-12-09T03:14:19.310+0000][1][safepoint    ] Leaving safepoint region
[2019-12-09T03:14:19.310+0000][1][safepoint    ] Total time for which application threads were stopped: 0.0000731 seconds, Stopping threads took: 0.0000177 seconds
[2019-12-09T03:14:20.310+0000][1][safepoint    ] Application time: 1.0000779 seconds
[2019-12-09T03:14:20.310+0000][1][safepoint    ] Entering safepoint region: Cleanup
[2019-12-09T03:14:20.310+0000][1][safepoint    ] Leaving safepoint region
[2019-12-09T03:14:20.310+0000][1][safepoint    ] Total time for which application threads were stopped: 0.0000728 seconds, Stopping threads took: 0.0000157 seconds
[2019-12-09T03:14:21.310+0000][1][safepoint    ] Application time: 1.0000754 seconds
[2019-12-09T03:14:21.310+0000][1][safepoint    ] Entering safepoint region: Cleanup
[2019-12-09T03:14:21.310+0000][1][safepoint    ] Leaving safepoint region
[2019-12-09T03:14:21.310+0000][1][safepoint    ] Total time for which application threads were stopped: 0.0000690 seconds, Stopping threads took: 0.0000158 seconds
[2019-12-09T03:14:22.310+0000][1][safepoint    ] Application time: 1.0000756 seconds
[2019-12-09T03:14:22.311+0000][1][safepoint    ] Entering safepoint region: Cleanup
[2019-12-09T03:14:22.311+0000][1][safepoint    ] Leaving safepoint region
[2019-12-09T03:14:22.311+0000][1][safepoint    ] Total time for which application threads were stopped: 0.0000734 seconds, Stopping threads took: 0.0000158 seconds
[2019-12-09T03:14:23.311+0000][1][safepoint    ] Application time: 1.0000870 seconds
[2019-12-09T03:14:23.311+0000][1][safepoint    ] Entering safepoint region: Cleanup
[2019-12-09T03:14:23.311+0000][1][safepoint    ] Leaving safepoint region
[2019-12-09T03:14:23.311+0000][1][safepoint    ] Total time for which application threads were stopped: 0.0001327 seconds, Stopping threads took: 0.0000684 seconds
[2019-12-09T03:14:24.311+0000][1][safepoint    ] Application time: 1.0000837 seconds
[2019-12-09T03:14:24.311+0000][1][safepoint    ] Entering safepoint region: Cleanup
[2019-12-09T03:14:24.311+0000][1][safepoint    ] Leaving safepoint region
[2019-12-09T03:14:24.311+0000][1][safepoint    ] Total time for which application threads were stopped: 0.0000776 seconds, Stopping threads took: 0.0000224 seconds
[2019-12-09T03:14:25.311+0000][1][safepoint    ] Application time: 1.0000763 seconds
[2019-12-09T03:14:25.311+0000][1][safepoint    ] Entering safepoint region: Cleanup
[2019-12-09T03:14:25.311+0000][1][safepoint    ] Leaving safepoint region
[2019-12-09T03:14:25.311+0000][1][safepoint    ] Total time for which application threads were stopped: 0.0000733 seconds, Stopping threads took: 0.0000170 seconds
[2019-12-09T03:14:26.311+0000][1][safepoint    ] Application time: 1.0000793 seconds
[2019-12-09T03:14:26.311+0000][1][safepoint    ] Entering safepoint region: Cleanup
[2019-12-09T03:14:26.311+0000][1][safepoint    ] Leaving safepoint region
[2019-12-09T03:14:26.311+0000][1][safepoint    ] Total time for which application threads were stopped: 0.0000773 seconds, Stopping threads took: 0.0000152 seconds
[2019-12-09T03:14:27.312+0000][1][safepoint    ] Application time: 1.0000783 seconds
[2019-12-09T03:14:27.312+0000][1][safepoint    ] Entering safepoint region: Cleanup
[2019-12-09T03:14:27.312+0000][1][safepoint    ] Leaving safepoint region
[2019-12-09T03:14:27.312+0000][1][safepoint    ] Total time for which application threads were stopped: 0.0000694 seconds, Stopping threads took: 0.0000165 seconds
[2019-12-09T03:14:28.312+0000][1][safepoint    ] Application time: 1.0000763 seconds
[2019-12-09T03:14:28.312+0000][1][safepoint    ] Entering safepoint region: Cleanup
[2019-12-09T03:14:28.312+0000][1][safepoint    ] Leaving safepoint region
[2019-12-09T03:14:28.312+0000][1][safepoint    ] Total time for which application threads were stopped: 0.0000733 seconds, Stopping threads took: 0.0000160 seconds
[2019-12-09T03:14:29.312+0000][1][safepoint    ] Application time: 1.0000769 seconds
[2019-12-09T03:14:29.312+0000][1][safepoint    ] Entering safepoint region: Cleanup
[2019-12-09T03:14:29.312+0000][1][safepoint    ] Leaving safepoint region
[2019-12-09T03:14:29.312+0000][1][safepoint    ] Total time for which application threads were stopped: 0.0000712 seconds, Stopping threads took: 0.0000160 seconds
[2019-12-09T03:14:30.312+0000][1][safepoint    ] Application time: 1.0000767 seconds
[2019-12-09T03:14:30.312+0000][1][safepoint    ] Entering safepoint region: Cleanup
[2019-12-09T03:14:30.312+0000][1][safepoint    ] Leaving safepoint region
[2019-12-09T03:14:30.312+0000][1][safepoint    ] Total time for which application threads were stopped: 0.0000688 seconds, Stopping threads took: 0.0000155 seconds
[2019-12-09T03:14:31.312+0000][1][safepoint    ] Application time: 1.0000765 seconds
[2019-12-09T03:14:31.312+0000][1][safepoint    ] Entering safepoint region: Cleanup
[2019-12-09T03:14:31.312+0000][1][safepoint    ] Leaving safepoint region
[2019-12-09T03:14:31.312+0000][1][safepoint    ] Total time for which application threads were stopped: 0.0000681 seconds, Stopping threads took: 0.0000146 seconds
[2019-12-09T03:14:32.312+0000][1][safepoint    ] Application time: 1.0000755 seconds
[2019-12-09T03:14:32.313+0000][1][safepoint    ] Entering safepoint region: Cleanup
[2019-12-09T03:14:32.313+0000][1][safepoint    ] Leaving safepoint region
[2019-12-09T03:14:32.313+0000][1][safepoint    ] Total time for which application threads were stopped: 0.0000678 seconds, Stopping threads took: 0.0000155 seconds
[2019-12-09T03:14:33.313+0000][1][safepoint    ] Application time: 1.0000775 seconds
[2019-12-09T03:14:33.313+0000][1][safepoint    ] Entering safepoint region: Cleanup
[2019-12-09T03:14:33.313+0000][1][safepoint    ] Leaving safepoint region
[2019-12-09T03:14:33.313+0000][1][safepoint    ] Total time for which application threads were stopped: 0.0000691 seconds, Stopping threads took: 0.0000165 seconds
[2019-12-09T03:14:34.313+0000][1][safepoint    ] Application time: 1.0000762 seconds
[2019-12-09T03:14:34.313+0000][1][safepoint    ] Entering safepoint region: Cleanup
[2019-12-09T03:14:34.313+0000][1][safepoint    ] Leaving safepoint region
[2019-12-09T03:14:34.313+0000][1][safepoint    ] Total time for which application threads were stopped: 0.0000674 seconds, Stopping threads took: 0.0000147 seconds
[2019-12-09T03:14:36.054+0000][1][safepoint    ] Application time: 1.7412852 seconds
[2019-12-09T03:14:36.054+0000][1][safepoint    ] Entering safepoint region: Cleanup
[2019-12-09T03:14:36.054+0000][1][safepoint    ] Leaving safepoint region
[2019-12-09T03:14:36.054+0000][1][safepoint    ] Total time for which application threads were stopped: 0.0000807 seconds, Stopping threads took: 0.0000157 seconds
[2019-12-09T03:14:37.054+0000][1][safepoint    ] Application time: 1.0000782 seconds
[2019-12-09T03:14:37.054+0000][1][safepoint    ] Entering safepoint region: Cleanup
[2019-12-09T03:14:37.055+0000][1][safepoint    ] Leaving safepoint region
[2019-12-09T03:14:37.055+0000][1][safepoint    ] Total time for which application threads were stopped: 0.0000865 seconds, Stopping threads took: 0.0000166 seconds
[2019-12-09T03:14:38.055+0000][1][safepoint    ] Application time: 1.0000910 seconds
[2019-12-09T03:14:38.055+0000][1][safepoint    ] Entering safepoint region: Cleanup
[2019-12-09T03:14:38.055+0000][1][safepoint    ] Leaving safepoint region
[2019-12-09T03:14:38.055+0000][1][safepoint    ] Total time for which application threads were stopped: 0.0001093 seconds, Stopping threads took: 0.0000498 seconds
[2019-12-09T03:14:39.055+0000][1][safepoint    ] Application time: 1.0000783 seconds
[2019-12-09T03:14:39.055+0000][1][safepoint    ] Entering safepoint region: Cleanup
[2019-12-09T03:14:39.055+0000][1][safepoint    ] Leaving safepoint region
[2019-12-09T03:14:39.055+0000][1][safepoint    ] Total time for which application threads were stopped: 0.0000918 seconds, Stopping threads took: 0.0000175 seconds
[2019-12-09T03:14:40.055+0000][1][safepoint    ] Application time: 1.0000823 seconds
[2019-12-09T03:14:40.055+0000][1][safepoint    ] Entering safepoint region: Cleanup
[2019-12-09T03:14:40.055+0000][1][safepoint    ] Leaving safepoint region
[2019-12-09T03:14:40.055+0000][1][safepoint    ] Total time for which application threads were stopped: 0.0000786 seconds, Stopping threads took: 0.0000176 seconds
[2019-12-09T03:14:41.055+0000][1][safepoint    ] Application time: 1.0000755 seconds
[2019-12-09T03:14:41.055+0000][1][safepoint    ] Entering safepoint region: Cleanup
[2019-12-09T03:14:41.055+0000][1][safepoint    ] Leaving safepoint region
[2019-12-09T03:14:41.055+0000][1][safepoint    ] Total time for which application threads were stopped: 0.0000743 seconds, Stopping threads took: 0.0000176 seconds
[2019-12-09T03:14:42.056+0000][1][safepoint    ] Application time: 1.0000763 seconds
[2019-12-09T03:14:42.056+0000][1][safepoint    ] Entering safepoint region: Cleanup
[2019-12-09T03:14:42.056+0000][1][safepoint    ] Leaving safepoint region
[2019-12-09T03:14:42.056+0000][1][safepoint    ] Total time for which application threads were stopped: 0.0000742 seconds, Stopping threads took: 0.0000165 seconds
[2019-12-09T03:14:43.056+0000][1][safepoint    ] Application time: 1.0000770 seconds
[2019-12-09T03:14:43.056+0000][1][safepoint    ] Entering safepoint region: Cleanup
[2019-12-09T03:14:43.056+0000][1][safepoint    ] Leaving safepoint region
[2019-12-09T03:14:43.056+0000][1][safepoint    ] Total time for which application threads were stopped: 0.0000735 seconds, Stopping threads took: 0.0000176 seconds
[2019-12-09T03:14:44.056+0000][1][safepoint    ] Application time: 1.0000750 seconds
[2019-12-09T03:14:44.056+0000][1][safepoint    ] Entering safepoint region: Cleanup
[2019-12-09T03:14:44.056+0000][1][safepoint    ] Leaving safepoint region
[2019-12-09T03:14:44.056+0000][1][safepoint    ] Total time for which application threads were stopped: 0.0000742 seconds, Stopping threads took: 0.0000174 seconds
[2019-12-09T03:14:45.056+0000][1][safepoint    ] Application time: 1.0000796 seconds
[2019-12-09T03:14:45.056+0000][1][safepoint    ] Entering safepoint region: Cleanup
[2019-12-09T03:14:45.056+0000][1][safepoint    ] Leaving safepoint region
[2019-12-09T03:14:45.056+0000][1][safepoint    ] Total time for which application threads were stopped: 0.0000736 seconds, Stopping threads took: 0.0000184 seconds
[2019-12-09T03:14:46.056+0000][1][safepoint    ] Application time: 1.0000763 seconds
[2019-12-09T03:14:46.056+0000][1][safepoint    ] Entering safepoint region: Cleanup
[2019-12-09T03:14:46.056+0000][1][safepoint    ] Leaving safepoint region
[2019-12-09T03:14:46.056+0000][1][safepoint    ] Total time for which application threads were stopped: 0.0000743 seconds, Stopping threads took: 0.0000182 seconds
[2019-12-09T03:14:47.056+0000][1][safepoint    ] Application time: 1.0000775 seconds
[2019-12-09T03:14:47.057+0000][1][safepoint    ] Entering safepoint region: Cleanup
[2019-12-09T03:14:47.057+0000][1][safepoint    ] Leaving safepoint region
[2019-12-09T03:14:47.057+0000][1][safepoint    ] Total time for which application threads were stopped: 0.0000733 seconds, Stopping threads took: 0.0000170 seconds
[2019-12-09T03:14:48.057+0000][1][safepoint    ] Application time: 1.0000840 seconds
[2019-12-09T03:14:48.057+0000][1][safepoint    ] Entering safepoint region: Cleanup
[2019-12-09T03:14:48.057+0000][1][safepoint    ] Leaving safepoint region
[2019-12-09T03:14:48.057+0000][1][safepoint    ] Total time for which application threads were stopped: 0.0000763 seconds, Stopping threads took: 0.0000179 seconds
[2019-12-09T03:14:49.057+0000][1][safepoint    ] Application time: 1.0000776 seconds
[2019-12-09T03:14:49.057+0000][1][safepoint    ] Entering safepoint region: Cleanup
[2019-12-09T03:14:49.057+0000][1][safepoint    ] Leaving safepoint region
[2019-12-09T03:14:49.057+0000][1][safepoint    ] Total time for which application threads were stopped: 0.0000811 seconds, Stopping threads took: 0.0000178 seconds
[2019-12-09T03:14:50.057+0000][1][safepoint    ] Application time: 1.0000778 seconds
[2019-12-09T03:14:50.057+0000][1][safepoint    ] Entering safepoint region: Cleanup
[2019-12-09T03:14:50.057+0000][1][safepoint    ] Leaving safepoint region
[2019-12-09T03:14:50.057+0000][1][safepoint    ] Total time for which application threads were stopped: 0.0000718 seconds, Stopping threads took: 0.0000174 seconds
[2019-12-09T03:14:51.057+0000][1][safepoint    ] Application time: 1.0000764 seconds
[2019-12-09T03:14:51.057+0000][1][safepoint    ] Entering safepoint region: Cleanup
[2019-12-09T03:14:51.057+0000][1][safepoint    ] Leaving safepoint region
[2019-12-09T03:14:51.057+0000][1][safepoint    ] Total time for which application threads were stopped: 0.0000763 seconds, Stopping threads took: 0.0000179 seconds
[2019-12-09T03:14:52.057+0000][1][safepoint    ] Application time: 1.0000760 seconds
[2019-12-09T03:14:52.058+0000][1][safepoint    ] Entering safepoint region: Cleanup
[2019-12-09T03:14:52.058+0000][1][safepoint    ] Leaving safepoint region
[2019-12-09T03:14:52.058+0000][1][safepoint    ] Total time for which application threads were stopped: 0.0000749 seconds, Stopping threads took: 0.0000176 seconds
[2019-12-09T03:14:53.058+0000][1][safepoint    ] Application time: 1.0000846 seconds
[2019-12-09T03:14:53.058+0000][1][safepoint    ] Entering safepoint region: Cleanup
[2019-12-09T03:14:53.058+0000][1][safepoint    ] Leaving safepoint region
[2019-12-09T03:14:53.058+0000][1][safepoint    ] Total time for which application threads were stopped: 0.0000756 seconds, Stopping threads took: 0.0000168 seconds
[2019-12-09T03:14:54.058+0000][1][safepoint    ] Application time: 1.0000761 seconds
[2019-12-09T03:14:54.058+0000][1][safepoint    ] Entering safepoint region: Cleanup
[2019-12-09T03:14:54.058+0000][1][safepoint    ] Leaving safepoint region
[2019-12-09T03:14:54.058+0000][1][safepoint    ] Total time for which application threads were stopped: 0.0000748 seconds, Stopping threads took: 0.0000170 seconds
[2019-12-09T03:14:55.058+0000][1][safepoint    ] Application time: 1.0000762 seconds
[2019-12-09T03:14:55.058+0000][1][safepoint    ] Entering safepoint region: Cleanup
[2019-12-09T03:14:55.058+0000][1][safepoint    ] Leaving safepoint region
[2019-12-09T03:14:55.058+0000][1][safepoint    ] Total time for which application threads were stopped: 0.0000879 seconds, Stopping threads took: 0.0000258 seconds
[2019-12-09T03:14:56.058+0000][1][safepoint    ] Application time: 1.0000763 seconds
[2019-12-09T03:14:56.058+0000][1][safepoint    ] Entering safepoint region: Cleanup
[2019-12-09T03:14:56.058+0000][1][safepoint    ] Leaving safepoint region
[2019-12-09T03:14:56.058+0000][1][safepoint    ] Total time for which application threads were stopped: 0.0000727 seconds, Stopping threads took: 0.0000185 seconds
[2019-12-09T03:14:57.058+0000][1][safepoint    ] Application time: 1.0000764 seconds
[2019-12-09T03:14:57.059+0000][1][safepoint    ] Entering safepoint region: Cleanup
[2019-12-09T03:14:57.059+0000][1][safepoint    ] Leaving safepoint region
[2019-12-09T03:14:57.059+0000][1][safepoint    ] Total time for which application threads were stopped: 0.0000738 seconds, Stopping threads took: 0.0000179 seconds
[2019-12-09T03:14:58.070+0000][1][safepoint    ] Application time: 1.0112649 seconds
[2019-12-09T03:14:58.070+0000][1][safepoint    ] Entering safepoint region: Cleanup
[2019-12-09T03:14:58.070+0000][1][safepoint    ] Leaving safepoint region
[2019-12-09T03:14:58.070+0000][1][safepoint    ] Total time for which application threads were stopped: 0.0001434 seconds, Stopping threads took: 0.0000693 seconds
[2019-12-09T03:14:59.070+0000][1][safepoint    ] Application time: 1.0000819 seconds
[2019-12-09T03:14:59.070+0000][1][safepoint    ] Entering safepoint region: Cleanup
[2019-12-09T03:14:59.070+0000][1][safepoint    ] Leaving safepoint region
[2019-12-09T03:14:59.070+0000][1][safepoint    ] Total time for which application threads were stopped: 0.0000735 seconds, Stopping threads took: 0.0000178 seconds
[2019-12-09T03:15:00.070+0000][1][safepoint    ] Application time: 1.0000852 seconds
[2019-12-09T03:15:00.070+0000][1][safepoint    ] Entering safepoint region: Cleanup
[2019-12-09T03:15:00.070+0000][1][safepoint    ] Leaving safepoint region
[2019-12-09T03:15:00.070+0000][1][safepoint    ] Total time for which application threads were stopped: 0.0000793 seconds, Stopping threads took: 0.0000189 seconds
[2019-12-09T03:15:01.071+0000][1][safepoint    ] Application time: 1.0000767 seconds
[2019-12-09T03:15:01.071+0000][1][safepoint    ] Entering safepoint region: Cleanup
[2019-12-09T03:15:01.071+0000][1][safepoint    ] Leaving safepoint region
[2019-12-09T03:15:01.071+0000][1][safepoint    ] Total time for which application threads were stopped: 0.0000735 seconds, Stopping threads took: 0.0000176 seconds
[2019-12-09T03:15:02.071+0000][1][safepoint    ] Application time: 1.0000859 seconds
[2019-12-09T03:15:02.071+0000][1][safepoint    ] Entering safepoint region: Cleanup
[2019-12-09T03:15:02.071+0000][1][safepoint    ] Leaving safepoint region
[2019-12-09T03:15:02.071+0000][1][safepoint    ] Total time for which application threads were stopped: 0.0000796 seconds, Stopping threads took: 0.0000194 seconds
[2019-12-09T03:15:03.071+0000][1][safepoint    ] Application time: 1.0000767 seconds
[2019-12-09T03:15:03.071+0000][1][safepoint    ] Entering safepoint region: Cleanup
[2019-12-09T03:15:03.071+0000][1][safepoint    ] Leaving safepoint region
[2019-12-09T03:15:03.071+0000][1][safepoint    ] Total time for which application threads were stopped: 0.0000761 seconds, Stopping threads took: 0.0000182 seconds
[2019-12-09T03:15:04.071+0000][1][safepoint    ] Application time: 1.0000746 seconds
[2019-12-09T03:15:04.071+0000][1][safepoint    ] Entering safepoint region: Cleanup
[2019-12-09T03:15:04.071+0000][1][safepoint    ] Leaving safepoint region
[2019-12-09T03:15:04.071+0000][1][safepoint    ] Total time for which application threads were stopped: 0.0000754 seconds, Stopping threads took: 0.0000171 seconds
[2019-12-09T03:15:05.071+0000][1][safepoint    ] Application time: 1.0000751 seconds
[2019-12-09T03:15:05.071+0000][1][safepoint    ] Entering safepoint region: Cleanup
[2019-12-09T03:15:05.071+0000][1][safepoint    ] Leaving safepoint region
[2019-12-09T03:15:05.071+0000][1][safepoint    ] Total time for which application threads were stopped: 0.0000758 seconds, Stopping threads took: 0.0000188 seconds
[2019-12-09T03:15:06.072+0000][1][safepoint    ] Application time: 1.0000736 seconds
[2019-12-09T03:15:06.072+0000][1][safepoint    ] Entering safepoint region: Cleanup
[2019-12-09T03:15:06.072+0000][1][safepoint    ] Leaving safepoint region
[2019-12-09T03:15:06.072+0000][1][safepoint    ] Total time for which application threads were stopped: 0.0000817 seconds, Stopping threads took: 0.0000182 seconds
[2019-12-09T03:15:07.072+0000][1][safepoint    ] Application time: 1.0000864 seconds
[2019-12-09T03:15:07.072+0000][1][safepoint    ] Entering safepoint region: Cleanup
[2019-12-09T03:15:07.072+0000][1][safepoint    ] Leaving safepoint region
[2019-12-09T03:15:07.072+0000][1][safepoint    ] Total time for which application threads were stopped: 0.0000796 seconds, Stopping threads took: 0.0000190 seconds
[2019-12-09T03:15:08.072+0000][1][safepoint    ] Application time: 1.0000760 seconds
[2019-12-09T03:15:08.072+0000][1][safepoint    ] Entering safepoint region: Cleanup
[2019-12-09T03:15:08.072+0000][1][safepoint    ] Leaving safepoint region
[2019-12-09T03:15:08.072+0000][1][safepoint    ] Total time for which application threads were stopped: 0.0000724 seconds, Stopping threads took: 0.0000177 seconds
[2019-12-09T03:15:09.072+0000][1][safepoint    ] Application time: 1.0000760 seconds
[2019-12-09T03:15:09.072+0000][1][safepoint    ] Entering safepoint region: Cleanup
[2019-12-09T03:15:09.072+0000][1][safepoint    ] Leaving safepoint region
[2019-12-09T03:15:09.072+0000][1][safepoint    ] Total time for which application threads were stopped: 0.0000773 seconds, Stopping threads took: 0.0000189 seconds
[2019-12-09T03:15:10.072+0000][1][safepoint    ] Application time: 1.0000751 seconds
[2019-12-09T03:15:10.072+0000][1][safepoint    ] Entering safepoint region: Cleanup
[2019-12-09T03:15:10.072+0000][1][safepoint    ] Leaving safepoint region
[2019-12-09T03:15:10.072+0000][1][safepoint    ] Total time for which application threads were stopped: 0.0000754 seconds, Stopping threads took: 0.0000180 seconds
[2019-12-09T03:15:11.073+0000][1][safepoint    ] Application time: 1.0000775 seconds
[2019-12-09T03:15:11.073+0000][1][safepoint    ] Entering safepoint region: Cleanup
[2019-12-09T03:15:11.073+0000][1][safepoint    ] Leaving safepoint region
[2019-12-09T03:15:11.073+0000][1][safepoint    ] Total time for which application threads were stopped: 0.0000750 seconds, Stopping threads took: 0.0000180 seconds
[2019-12-09T03:15:12.073+0000][1][safepoint    ] Application time: 1.0000875 seconds
[2019-12-09T03:15:12.073+0000][1][safepoint    ] Entering safepoint region: Cleanup
[2019-12-09T03:15:12.073+0000][1][safepoint    ] Leaving safepoint region
[2019-12-09T03:15:12.073+0000][1][safepoint    ] Total time for which application threads were stopped: 0.0000746 seconds, Stopping threads took: 0.0000182 seconds
[2019-12-09T03:15:13.073+0000][1][safepoint    ] Application time: 1.0000754 seconds
[2019-12-09T03:15:13.073+0000][1][safepoint    ] Entering safepoint region: Cleanup
[2019-12-09T03:15:13.073+0000][1][safepoint    ] Leaving safepoint region
[2019-12-09T03:15:13.073+0000][1][safepoint    ] Total time for which application threads were stopped: 0.0000745 seconds, Stopping threads took: 0.0000170 seconds
[2019-12-09T03:15:14.073+0000][1][safepoint    ] Application time: 1.0000774 seconds
[2019-12-09T03:15:14.073+0000][1][safepoint    ] Entering safepoint region: Cleanup
[2019-12-09T03:15:14.073+0000][1][safepoint    ] Leaving safepoint region
[2019-12-09T03:15:14.073+0000][1][safepoint    ] Total time for which application threads were stopped: 0.0000738 seconds, Stopping threads took: 0.0000176 seconds
[2019-12-09T03:15:15.073+0000][1][safepoint    ] Application time: 1.0000784 seconds
[2019-12-09T03:15:15.073+0000][1][safepoint    ] Entering safepoint region: Cleanup
[2019-12-09T03:15:15.073+0000][1][safepoint    ] Leaving safepoint region
[2019-12-09T03:15:15.073+0000][1][safepoint    ] Total time for which application threads were stopped: 0.0000747 seconds, Stopping threads took: 0.0000178 seconds
[2019-12-09T03:15:16.074+0000][1][safepoint    ] Application time: 1.0000773 seconds
[2019-12-09T03:15:16.074+0000][1][safepoint    ] Entering safepoint region: Cleanup
[2019-12-09T03:15:16.074+0000][1][safepoint    ] Leaving safepoint region
[2019-12-09T03:15:16.074+0000][1][safepoint    ] Total time for which application threads were stopped: 0.0000769 seconds, Stopping threads took: 0.0000179 seconds
[2019-12-09T03:15:17.074+0000][1][safepoint    ] Application time: 1.0000767 seconds
[2019-12-09T03:15:17.074+0000][1][safepoint    ] Entering safepoint region: Cleanup
[2019-12-09T03:15:17.074+0000][1][safepoint    ] Leaving safepoint region
[2019-12-09T03:15:17.074+0000][1][safepoint    ] Total time for which application threads were stopped: 0.0000742 seconds, Stopping threads took: 0.0000177 seconds
[2019-12-09T03:15:18.074+0000][1][safepoint    ] Application time: 1.0000778 seconds
[2019-12-09T03:15:18.074+0000][1][safepoint    ] Entering safepoint region: Cleanup
[2019-12-09T03:15:18.074+0000][1][safepoint    ] Leaving safepoint region
[2019-12-09T03:15:18.074+0000][1][safepoint    ] Total time for which application threads were stopped: 0.0000757 seconds, Stopping threads took: 0.0000176 seconds
[2019-12-09T03:15:19.074+0000][1][safepoint    ] Application time: 1.0000785 seconds
[2019-12-09T03:15:19.074+0000][1][safepoint    ] Entering safepoint region: Cleanup
[2019-12-09T03:15:19.074+0000][1][safepoint    ] Leaving safepoint region
[2019-12-09T03:15:19.074+0000][1][safepoint    ] Total time for which application threads were stopped: 0.0000771 seconds, Stopping threads took: 0.0000188 seconds
[2019-12-09T03:15:20.074+0000][1][safepoint    ] Application time: 1.0000781 seconds
[2019-12-09T03:15:20.074+0000][1][safepoint    ] Entering safepoint region: Cleanup
[2019-12-09T03:15:20.074+0000][1][safepoint    ] Leaving safepoint region
[2019-12-09T03:15:20.074+0000][1][safepoint    ] Total time for which application threads were stopped: 0.0000752 seconds, Stopping threads took: 0.0000189 seconds
[2019-12-09T03:15:21.075+0000][1][safepoint    ] Application time: 1.0000772 seconds
[2019-12-09T03:15:21.075+0000][1][safepoint    ] Entering safepoint region: Cleanup
[2019-12-09T03:15:21.075+0000][1][safepoint    ] Leaving safepoint region
[2019-12-09T03:15:21.075+0000][1][safepoint    ] Total time for which application threads were stopped: 0.0000731 seconds, Stopping threads took: 0.0000181 seconds
[2019-12-09T03:15:22.089+0000][1][safepoint    ] Application time: 1.0141831 seconds
[2019-12-09T03:15:22.089+0000][1][safepoint    ] Entering safepoint region: Cleanup
[2019-12-09T03:15:22.089+0000][1][safepoint    ] Leaving safepoint region
[2019-12-09T03:15:22.089+0000][1][safepoint    ] Total time for which application threads were stopped: 0.0000690 seconds, Stopping threads took: 0.0000153 seconds
[2019-12-09T03:15:23.089+0000][1][safepoint    ] Application time: 1.0001464 seconds
[2019-12-09T03:15:23.089+0000][1][safepoint    ] Entering safepoint region: Cleanup
[2019-12-09T03:15:23.089+0000][1][safepoint    ] Leaving safepoint region
[2019-12-09T03:15:23.089+0000][1][safepoint    ] Total time for which application threads were stopped: 0.0001209 seconds, Stopping threads took: 0.0000509 seconds
[2019-12-09T03:15:24.089+0000][1][safepoint    ] Application time: 1.0000854 seconds
[2019-12-09T03:15:24.089+0000][1][safepoint    ] Entering safepoint region: Cleanup
[2019-12-09T03:15:24.089+0000][1][safepoint    ] Leaving safepoint region
[2019-12-09T03:15:24.089+0000][1][safepoint    ] Total time for which application threads were stopped: 0.0000930 seconds, Stopping threads took: 0.0000353 seconds
[2019-12-09T03:15:25.090+0000][1][safepoint    ] Application time: 1.0000567 seconds
[2019-12-09T03:15:25.090+0000][1][safepoint    ] Entering safepoint region: Cleanup
[2019-12-09T03:15:25.090+0000][1][safepoint    ] Leaving safepoint region
[2019-12-09T03:15:25.090+0000][1][safepoint    ] Total time for which application threads were stopped: 0.0000861 seconds, Stopping threads took: 0.0000269 seconds
[2019-12-09T03:15:26.090+0000][1][safepoint    ] Application time: 1.0000872 seconds
[2019-12-09T03:15:26.090+0000][1][safepoint    ] Entering safepoint region: Cleanup
[2019-12-09T03:15:26.090+0000][1][safepoint    ] Leaving safepoint region
[2019-12-09T03:15:26.090+0000][1][safepoint    ] Total time for which application threads were stopped: 0.0000747 seconds, Stopping threads took: 0.0000191 seconds
[2019-12-09T03:15:27.090+0000][1][safepoint    ] Application time: 1.0000764 seconds
[2019-12-09T03:15:27.090+0000][1][safepoint    ] Entering safepoint region: Cleanup
[2019-12-09T03:15:27.090+0000][1][safepoint    ] Leaving safepoint region
[2019-12-09T03:15:27.090+0000][1][safepoint    ] Total time for which application threads were stopped: 0.0000758 seconds, Stopping threads took: 0.0000180 seconds
[2019-12-09T03:15:28.090+0000][1][safepoint    ] Application time: 1.0000770 seconds
[2019-12-09T03:15:28.090+0000][1][safepoint    ] Entering safepoint region: Cleanup
[2019-12-09T03:15:28.090+0000][1][safepoint    ] Leaving safepoint region
[2019-12-09T03:15:28.090+0000][1][safepoint    ] Total time for which application threads were stopped: 0.0000743 seconds, Stopping threads took: 0.0000197 seconds
[2019-12-09T03:15:29.090+0000][1][safepoint    ] Application time: 1.0000763 seconds
[2019-12-09T03:15:29.090+0000][1][safepoint    ] Entering safepoint region: Cleanup
[2019-12-09T03:15:29.090+0000][1][safepoint    ] Leaving safepoint region
[2019-12-09T03:15:29.090+0000][1][safepoint    ] Total time for which application threads were stopped: 0.0000743 seconds, Stopping threads took: 0.0000178 seconds
[2019-12-09T03:15:30.091+0000][1][safepoint    ] Application time: 1.0000841 seconds
[2019-12-09T03:15:30.091+0000][1][safepoint    ] Entering safepoint region: Cleanup
[2019-12-09T03:15:30.091+0000][1][safepoint    ] Leaving safepoint region
[2019-12-09T03:15:30.091+0000][1][safepoint    ] Total time for which application threads were stopped: 0.0001137 seconds, Stopping threads took: 0.0000228 seconds
[2019-12-09T03:15:31.091+0000][1][safepoint    ] Application time: 1.0000742 seconds
[2019-12-09T03:15:31.091+0000][1][safepoint    ] Entering safepoint region: Cleanup
[2019-12-09T03:15:31.091+0000][1][safepoint    ] Leaving safepoint region
[2019-12-09T03:15:31.091+0000][1][safepoint    ] Total time for which application threads were stopped: 0.0000747 seconds, Stopping threads took: 0.0000179 seconds
[2019-12-09T03:15:32.091+0000][1][safepoint    ] Application time: 1.0000762 seconds
[2019-12-09T03:15:32.091+0000][1][safepoint    ] Entering safepoint region: Cleanup
[2019-12-09T03:15:32.091+0000][1][safepoint    ] Leaving safepoint region
[2019-12-09T03:15:32.091+0000][1][safepoint    ] Total time for which application threads were stopped: 0.0000761 seconds, Stopping threads took: 0.0000185 seconds
[2019-12-09T03:15:33.091+0000][1][safepoint    ] Application time: 1.0000766 seconds
[2019-12-09T03:15:33.091+0000][1][safepoint    ] Entering safepoint region: Cleanup
[2019-12-09T03:15:33.091+0000][1][safepoint    ] Leaving safepoint region
[2019-12-09T03:15:33.091+0000][1][safepoint    ] Total time for which application threads were stopped: 0.0000767 seconds, Stopping threads took: 0.0000178 seconds
[2019-12-09T03:15:34.091+0000][1][safepoint    ] Application time: 1.0000770 seconds
[2019-12-09T03:15:34.091+0000][1][safepoint    ] Entering safepoint region: Cleanup
[2019-12-09T03:15:34.092+0000][1][safepoint    ] Leaving safepoint region
[2019-12-09T03:15:34.092+0000][1][safepoint    ] Total time for which application threads were stopped: 0.0000798 seconds, Stopping threads took: 0.0000170 seconds
[2019-12-09T03:15:35.092+0000][1][safepoint    ] Application time: 1.0000780 seconds
[2019-12-09T03:15:35.092+0000][1][safepoint    ] Entering safepoint region: Cleanup
[2019-12-09T03:15:35.092+0000][1][safepoint    ] Leaving safepoint region
[2019-12-09T03:15:35.092+0000][1][safepoint    ] Total time for which application threads were stopped: 0.0000861 seconds, Stopping threads took: 0.0000165 seconds
[2019-12-09T03:15:36.092+0000][1][safepoint    ] Application time: 1.0000783 seconds
[2019-12-09T03:15:36.092+0000][1][safepoint    ] Entering safepoint region: Cleanup
[2019-12-09T03:15:36.092+0000][1][safepoint    ] Leaving safepoint region
[2019-12-09T03:15:36.092+0000][1][safepoint    ] Total time for which application threads were stopped: 0.0000767 seconds, Stopping threads took: 0.0000186 seconds
[2019-12-09T03:15:37.092+0000][1][safepoint    ] Application time: 1.0000771 seconds
[2019-12-09T03:15:37.092+0000][1][safepoint    ] Entering safepoint region: Cleanup
[2019-12-09T03:15:37.092+0000][1][safepoint    ] Leaving safepoint region
[2019-12-09T03:15:37.092+0000][1][safepoint    ] Total time for which application threads were stopped: 0.0000730 seconds, Stopping threads took: 0.0000165 seconds
[2019-12-09T03:15:38.092+0000][1][safepoint    ] Application time: 1.0000768 seconds
[2019-12-09T03:15:38.092+0000][1][safepoint    ] Entering safepoint region: Cleanup
[2019-12-09T03:15:38.092+0000][1][safepoint    ] Leaving safepoint region
[2019-12-09T03:15:38.092+0000][1][safepoint    ] Total time for which application threads were stopped: 0.0000742 seconds, Stopping threads took: 0.0000188 seconds
[2019-12-09T03:15:39.092+0000][1][safepoint    ] Application time: 1.0000763 seconds
[2019-12-09T03:15:39.092+0000][1][safepoint    ] Entering safepoint region: Cleanup
[2019-12-09T03:15:39.093+0000][1][safepoint    ] Leaving safepoint region
[2019-12-09T03:15:39.093+0000][1][safepoint    ] Total time for which application threads were stopped: 0.0000816 seconds, Stopping threads took: 0.0000179 seconds
[2019-12-09T03:15:40.093+0000][1][safepoint    ] Application time: 1.0000761 seconds
[2019-12-09T03:15:40.093+0000][1][safepoint    ] Entering safepoint region: Cleanup
[2019-12-09T03:15:40.093+0000][1][safepoint    ] Leaving safepoint region
[2019-12-09T03:15:40.093+0000][1][safepoint    ] Total time for which application threads were stopped: 0.0000921 seconds, Stopping threads took: 0.0000178 seconds
[2019-12-09T03:15:41.093+0000][1][safepoint    ] Application time: 1.0000753 seconds
[2019-12-09T03:15:41.093+0000][1][safepoint    ] Entering safepoint region: Cleanup
[2019-12-09T03:15:41.093+0000][1][safepoint    ] Leaving safepoint region
[2019-12-09T03:15:41.093+0000][1][safepoint    ] Total time for which application threads were stopped: 0.0000750 seconds, Stopping threads took: 0.0000176 seconds
[2019-12-09T03:15:42.093+0000][1][safepoint    ] Application time: 1.0000756 seconds
[2019-12-09T03:15:42.093+0000][1][safepoint    ] Entering safepoint region: Cleanup
[2019-12-09T03:15:42.093+0000][1][safepoint    ] Leaving safepoint region
[2019-12-09T03:15:42.093+0000][1][safepoint    ] Total time for which application threads were stopped: 0.0000734 seconds, Stopping threads took: 0.0000185 seconds
[2019-12-09T03:15:43.093+0000][1][safepoint    ] Application time: 1.0000756 seconds
[2019-12-09T03:15:43.093+0000][1][safepoint    ] Entering safepoint region: Cleanup
[2019-12-09T03:15:43.093+0000][1][safepoint    ] Leaving safepoint region
[2019-12-09T03:15:43.093+0000][1][safepoint    ] Total time for which application threads were stopped: 0.0000736 seconds, Stopping threads took: 0.0000180 seconds
[2019-12-09T03:15:44.093+0000][1][safepoint    ] Application time: 1.0000774 seconds
[2019-12-09T03:15:44.093+0000][1][safepoint    ] Entering safepoint region: Cleanup
[2019-12-09T03:15:44.093+0000][1][safepoint    ] Leaving safepoint region
[2019-12-09T03:15:44.094+0000][1][safepoint    ] Total time for which application threads were stopped: 0.0000759 seconds, Stopping threads took: 0.0000179 seconds
[2019-12-09T03:15:45.094+0000][1][safepoint    ] Application time: 1.0000783 seconds
[2019-12-09T03:15:45.094+0000][1][safepoint    ] Entering safepoint region: Cleanup
[2019-12-09T03:15:45.094+0000][1][safepoint    ] Leaving safepoint region
[2019-12-09T03:15:45.094+0000][1][safepoint    ] Total time for which application threads were stopped: 0.0000851 seconds, Stopping threads took: 0.0000186 seconds
[2019-12-09T03:15:46.094+0000][1][safepoint    ] Application time: 1.0000759 seconds
[2019-12-09T03:15:46.094+0000][1][safepoint    ] Entering safepoint region: Cleanup
[2019-12-09T03:15:46.094+0000][1][safepoint    ] Leaving safepoint region
[2019-12-09T03:15:46.094+0000][1][safepoint    ] Total time for which application threads were stopped: 0.0000770 seconds, Stopping threads took: 0.0000180 seconds
[2019-12-09T03:15:47.094+0000][1][safepoint    ] Application time: 1.0000759 seconds
[2019-12-09T03:15:47.094+0000][1][safepoint    ] Entering safepoint region: Cleanup
[2019-12-09T03:15:47.094+0000][1][safepoint    ] Leaving safepoint region
[2019-12-09T03:15:47.094+0000][1][safepoint    ] Total time for which application threads were stopped: 0.0000743 seconds, Stopping threads took: 0.0000173 seconds
[2019-12-09T03:15:48.094+0000][1][safepoint    ] Application time: 1.0000757 seconds
[2019-12-09T03:15:48.094+0000][1][safepoint    ] Entering safepoint region: Cleanup
[2019-12-09T03:15:48.094+0000][1][safepoint    ] Leaving safepoint region
[2019-12-09T03:15:48.094+0000][1][safepoint    ] Total time for which application threads were stopped: 0.0000755 seconds, Stopping threads took: 0.0000187 seconds
[2019-12-09T03:15:48.346+0000][1][safepoint    ] Application time: 0.2515831 seconds
[2019-12-09T03:15:48.346+0000][1][safepoint    ] Entering safepoint region: GenCollectForAllocation
[2019-12-09T03:15:48.346+0000][1][gc,start     ] GC(27) Pause Young (Allocation Failure)
[2019-12-09T03:15:48.346+0000][1][gc,task      ] GC(27) Using 2 workers of 2 for evacuation
[2019-12-09T03:15:48.351+0000][1][gc,age       ] GC(27) Desired survivor size 4456448 bytes, new threshold 6 (max threshold 6)
[2019-12-09T03:15:48.351+0000][1][gc,age       ] GC(27) Age table with threshold 6 (max threshold 6)
[2019-12-09T03:15:48.351+0000][1][gc,age       ] GC(27) - age   1:       5216 bytes,       5216 total
[2019-12-09T03:15:48.351+0000][1][gc,age       ] GC(27) - age   2:       4912 bytes,      10128 total
[2019-12-09T03:15:48.351+0000][1][gc,age       ] GC(27) - age   3:       1560 bytes,      11688 total
[2019-12-09T03:15:48.351+0000][1][gc,age       ] GC(27) - age   4:       6936 bytes,      18624 total
[2019-12-09T03:15:48.351+0000][1][gc,age       ] GC(27) - age   5:    1420632 bytes,    1439256 total
[2019-12-09T03:15:48.351+0000][1][gc,heap      ] GC(27) ParNew: 71796K->1924K(78656K)
[2019-12-09T03:15:48.351+0000][1][gc,heap      ] GC(27) CMS: 68018K->68018K(174784K)
[2019-12-09T03:15:48.351+0000][1][gc,metaspace ] GC(27) Metaspace: 68077K->68077K(1112064K)
[2019-12-09T03:15:48.351+0000][1][gc           ] GC(27) Pause Young (Allocation Failure) 136M->68M(247M) 4.832ms
[2019-12-09T03:15:48.351+0000][1][gc,cpu       ] GC(27) User=0.01s Sys=0.00s Real=0.00s
[2019-12-09T03:15:48.351+0000][1][safepoint    ] Leaving safepoint region
[2019-12-09T03:15:48.351+0000][1][safepoint    ] Total time for which application threads were stopped: 0.0049724 seconds, Stopping threads took: 0.0000147 seconds
[2019-12-09T03:15:49.351+0000][1][safepoint    ] Application time: 1.0000904 seconds
[2019-12-09T03:15:49.351+0000][1][safepoint    ] Entering safepoint region: Cleanup
[2019-12-09T03:15:49.351+0000][1][safepoint    ] Leaving safepoint region
[2019-12-09T03:15:49.351+0000][1][safepoint    ] Total time for which application threads were stopped: 0.0001010 seconds, Stopping threads took: 0.0000241 seconds
[2019-12-09T03:15:50.351+0000][1][safepoint    ] Application time: 1.0000725 seconds
[2019-12-09T03:15:50.351+0000][1][safepoint    ] Entering safepoint region: Cleanup
[2019-12-09T03:15:50.351+0000][1][safepoint    ] Leaving safepoint region
[2019-12-09T03:15:50.351+0000][1][safepoint    ] Total time for which application threads were stopped: 0.0000739 seconds, Stopping threads took: 0.0000167 seconds
[2019-12-09T03:15:51.351+0000][1][safepoint    ] Application time: 1.0000762 seconds
[2019-12-09T03:15:51.351+0000][1][safepoint    ] Entering safepoint region: Cleanup
[2019-12-09T03:15:51.352+0000][1][safepoint    ] Leaving safepoint region
[2019-12-09T03:15:51.352+0000][1][safepoint    ] Total time for which application threads were stopped: 0.0000746 seconds, Stopping threads took: 0.0000172 seconds
[2019-12-09T03:15:52.352+0000][1][safepoint    ] Application time: 1.0000751 seconds
[2019-12-09T03:15:52.352+0000][1][safepoint    ] Entering safepoint region: Cleanup
[2019-12-09T03:15:52.352+0000][1][safepoint    ] Leaving safepoint region
[2019-12-09T03:15:52.352+0000][1][safepoint    ] Total time for which application threads were stopped: 0.0000871 seconds, Stopping threads took: 0.0000173 seconds
[2019-12-09T03:15:53.847+0000][1][safepoint    ] Application time: 1.4956626 seconds
[2019-12-09T03:15:53.847+0000][1][safepoint    ] Entering safepoint region: Cleanup
[2019-12-09T03:15:53.848+0000][1][safepoint    ] Leaving safepoint region
[2019-12-09T03:15:53.848+0000][1][safepoint    ] Total time for which application threads were stopped: 0.0000738 seconds, Stopping threads took: 0.0000150 seconds
[2019-12-09T03:15:54.848+0000][1][safepoint    ] Application time: 1.0000735 seconds
[2019-12-09T03:15:54.848+0000][1][safepoint    ] Entering safepoint region: Cleanup
[2019-12-09T03:15:54.848+0000][1][safepoint    ] Leaving safepoint region
[2019-12-09T03:15:54.848+0000][1][safepoint    ] Total time for which application threads were stopped: 0.0000884 seconds, Stopping threads took: 0.0000236 seconds
[2019-12-09T03:15:55.848+0000][1][safepoint    ] Application time: 1.0000744 seconds
[2019-12-09T03:15:55.848+0000][1][safepoint    ] Entering safepoint region: Cleanup
[2019-12-09T03:15:55.848+0000][1][safepoint    ] Leaving safepoint region
[2019-12-09T03:15:55.848+0000][1][safepoint    ] Total time for which application threads were stopped: 0.0000679 seconds, Stopping threads took: 0.0000148 seconds
[2019-12-09T03:15:56.848+0000][1][safepoint    ] Application time: 1.0000745 seconds
[2019-12-09T03:15:56.848+0000][1][safepoint    ] Entering safepoint region: Cleanup
[2019-12-09T03:15:56.848+0000][1][safepoint    ] Leaving safepoint region
[2019-12-09T03:15:56.848+0000][1][safepoint    ] Total time for which application threads were stopped: 0.0000911 seconds, Stopping threads took: 0.0000341 seconds
[2019-12-09T03:15:57.848+0000][1][safepoint    ] Application time: 1.0000760 seconds
[2019-12-09T03:15:57.848+0000][1][safepoint    ] Entering safepoint region: Cleanup
[2019-12-09T03:15:57.848+0000][1][safepoint    ] Leaving safepoint region
[2019-12-09T03:15:57.848+0000][1][safepoint    ] Total time for which application threads were stopped: 0.0000688 seconds, Stopping threads took: 0.0000161 seconds
[2019-12-09T03:15:58.848+0000][1][safepoint    ] Application time: 1.0000750 seconds
[2019-12-09T03:15:58.848+0000][1][safepoint    ] Entering safepoint region: Cleanup
[2019-12-09T03:15:58.849+0000][1][safepoint    ] Leaving safepoint region
[2019-12-09T03:15:58.849+0000][1][safepoint    ] Total time for which application threads were stopped: 0.0000702 seconds, Stopping threads took: 0.0000155 seconds
[2019-12-09T03:15:59.849+0000][1][safepoint    ] Application time: 1.0000801 seconds
[2019-12-09T03:15:59.849+0000][1][safepoint    ] Entering safepoint region: Cleanup
[2019-12-09T03:15:59.849+0000][1][safepoint    ] Leaving safepoint region
[2019-12-09T03:15:59.849+0000][1][safepoint    ] Total time for which application threads were stopped: 0.0000809 seconds, Stopping threads took: 0.0000157 seconds
[2019-12-09T03:16:00.849+0000][1][safepoint    ] Application time: 1.0000766 seconds
[2019-12-09T03:16:00.849+0000][1][safepoint    ] Entering safepoint region: Cleanup
[2019-12-09T03:16:00.849+0000][1][safepoint    ] Leaving safepoint region
[2019-12-09T03:16:00.849+0000][1][safepoint    ] Total time for which application threads were stopped: 0.0000699 seconds, Stopping threads took: 0.0000166 seconds
[2019-12-09T03:16:01.849+0000][1][safepoint    ] Application time: 1.0000754 seconds
[2019-12-09T03:16:01.849+0000][1][safepoint    ] Entering safepoint region: Cleanup
[2019-12-09T03:16:01.849+0000][1][safepoint    ] Leaving safepoint region
[2019-12-09T03:16:01.849+0000][1][safepoint    ] Total time for which application threads were stopped: 0.0000713 seconds, Stopping threads took: 0.0000155 seconds
[2019-12-09T03:16:02.849+0000][1][safepoint    ] Application time: 1.0000757 seconds
[2019-12-09T03:16:02.849+0000][1][safepoint    ] Entering safepoint region: Cleanup
[2019-12-09T03:16:02.849+0000][1][safepoint    ] Leaving safepoint region
[2019-12-09T03:16:02.849+0000][1][safepoint    ] Total time for which application threads were stopped: 0.0000699 seconds, Stopping threads took: 0.0000162 seconds
[2019-12-09T03:16:03.849+0000][1][safepoint    ] Application time: 1.0000748 seconds
[2019-12-09T03:16:03.849+0000][1][safepoint    ] Entering safepoint region: Cleanup
[2019-12-09T03:16:03.849+0000][1][safepoint    ] Leaving safepoint region
[2019-12-09T03:16:03.849+0000][1][safepoint    ] Total time for which application threads were stopped: 0.0000750 seconds, Stopping threads took: 0.0000164 seconds
[2019-12-09T03:16:04.850+0000][1][safepoint    ] Application time: 1.0000772 seconds
[2019-12-09T03:16:04.850+0000][1][safepoint    ] Entering safepoint region: Cleanup
[2019-12-09T03:16:04.850+0000][1][safepoint    ] Leaving safepoint region
[2019-12-09T03:16:04.850+0000][1][safepoint    ] Total time for which application threads were stopped: 0.0000836 seconds, Stopping threads took: 0.0000150 seconds
[2019-12-09T03:16:05.850+0000][1][safepoint    ] Application time: 1.0000760 seconds
[2019-12-09T03:16:05.850+0000][1][safepoint    ] Entering safepoint region: Cleanup
[2019-12-09T03:16:05.850+0000][1][safepoint    ] Leaving safepoint region
[2019-12-09T03:16:05.850+0000][1][safepoint    ] Total time for which application threads were stopped: 0.0000699 seconds, Stopping threads took: 0.0000160 seconds
[2019-12-09T03:16:06.850+0000][1][safepoint    ] Application time: 1.0000749 seconds
[2019-12-09T03:16:06.850+0000][1][safepoint    ] Entering safepoint region: Cleanup
[2019-12-09T03:16:06.850+0000][1][safepoint    ] Leaving safepoint region
[2019-12-09T03:16:06.850+0000][1][safepoint    ] Total time for which application threads were stopped: 0.0000691 seconds, Stopping threads took: 0.0000156 seconds
[2019-12-09T03:16:07.850+0000][1][safepoint    ] Application time: 1.0000774 seconds
[2019-12-09T03:16:07.850+0000][1][safepoint    ] Entering safepoint region: Cleanup
[2019-12-09T03:16:07.850+0000][1][safepoint    ] Leaving safepoint region
[2019-12-09T03:16:07.850+0000][1][safepoint    ] Total time for which application threads were stopped: 0.0000717 seconds, Stopping threads took: 0.0000137 seconds
[2019-12-09T03:16:08.850+0000][1][safepoint    ] Application time: 1.0000808 seconds
[2019-12-09T03:16:08.850+0000][1][safepoint    ] Entering safepoint region: Cleanup
[2019-12-09T03:16:08.850+0000][1][safepoint    ] Leaving safepoint region
[2019-12-09T03:16:08.850+0000][1][safepoint    ] Total time for which application threads were stopped: 0.0000664 seconds, Stopping threads took: 0.0000144 seconds
[2019-12-09T03:16:09.851+0000][1][safepoint    ] Application time: 1.0000749 seconds
[2019-12-09T03:16:09.851+0000][1][safepoint    ] Entering safepoint region: Cleanup
[2019-12-09T03:16:09.851+0000][1][safepoint    ] Leaving safepoint region
[2019-12-09T03:16:09.851+0000][1][safepoint    ] Total time for which application threads were stopped: 0.0000700 seconds, Stopping threads took: 0.0000154 seconds
[2019-12-09T03:16:10.851+0000][1][safepoint    ] Application time: 1.0000747 seconds
[2019-12-09T03:16:10.851+0000][1][safepoint    ] Entering safepoint region: Cleanup
[2019-12-09T03:16:10.851+0000][1][safepoint    ] Leaving safepoint region
[2019-12-09T03:16:10.851+0000][1][safepoint    ] Total time for which application threads were stopped: 0.0000718 seconds, Stopping threads took: 0.0000158 seconds
[2019-12-09T03:16:11.851+0000][1][safepoint    ] Application time: 1.0000744 seconds
[2019-12-09T03:16:11.851+0000][1][safepoint    ] Entering safepoint region: Cleanup
[2019-12-09T03:16:11.851+0000][1][safepoint    ] Leaving safepoint region
[2019-12-09T03:16:11.851+0000][1][safepoint    ] Total time for which application threads were stopped: 0.0000696 seconds, Stopping threads took: 0.0000151 seconds
[2019-12-09T03:16:12.851+0000][1][safepoint    ] Application time: 1.0000760 seconds
[2019-12-09T03:16:12.851+0000][1][safepoint    ] Entering safepoint region: Cleanup
[2019-12-09T03:16:12.851+0000][1][safepoint    ] Leaving safepoint region
[2019-12-09T03:16:12.851+0000][1][safepoint    ] Total time for which application threads were stopped: 0.0000706 seconds, Stopping threads took: 0.0000167 seconds
[2019-12-09T03:16:13.851+0000][1][safepoint    ] Application time: 1.0000743 seconds
[2019-12-09T03:16:13.851+0000][1][safepoint    ] Entering safepoint region: Cleanup
[2019-12-09T03:16:13.851+0000][1][safepoint    ] Leaving safepoint region
[2019-12-09T03:16:13.851+0000][1][safepoint    ] Total time for which application threads were stopped: 0.0000721 seconds, Stopping threads took: 0.0000180 seconds
[2019-12-09T03:16:14.852+0000][1][safepoint    ] Application time: 1.0000742 seconds
[2019-12-09T03:16:14.852+0000][1][safepoint    ] Entering safepoint region: Cleanup
[2019-12-09T03:16:14.852+0000][1][safepoint    ] Leaving safepoint region
[2019-12-09T03:16:14.852+0000][1][safepoint    ] Total time for which application threads were stopped: 0.0000847 seconds, Stopping threads took: 0.0000154 seconds
[2019-12-09T03:16:15.852+0000][1][safepoint    ] Application time: 1.0000771 seconds
[2019-12-09T03:16:15.852+0000][1][safepoint    ] Entering safepoint region: Cleanup
[2019-12-09T03:16:15.852+0000][1][safepoint    ] Leaving safepoint region
[2019-12-09T03:16:15.852+0000][1][safepoint    ] Total time for which application threads were stopped: 0.0000710 seconds, Stopping threads took: 0.0000160 seconds
[2019-12-09T03:16:16.852+0000][1][safepoint    ] Application time: 1.0000753 seconds
[2019-12-09T03:16:16.852+0000][1][safepoint    ] Entering safepoint region: Cleanup
[2019-12-09T03:16:16.852+0000][1][safepoint    ] Leaving safepoint region
[2019-12-09T03:16:16.852+0000][1][safepoint    ] Total time for which application threads were stopped: 0.0000668 seconds, Stopping threads took: 0.0000153 seconds
[2019-12-09T03:16:17.852+0000][1][safepoint    ] Application time: 1.0000743 seconds
[2019-12-09T03:16:17.852+0000][1][safepoint    ] Entering safepoint region: Cleanup
[2019-12-09T03:16:17.852+0000][1][safepoint    ] Leaving safepoint region
[2019-12-09T03:16:17.852+0000][1][safepoint    ] Total time for which application threads were stopped: 0.0000701 seconds, Stopping threads took: 0.0000159 seconds
[2019-12-09T03:16:18.852+0000][1][safepoint    ] Application time: 1.0000740 seconds
[2019-12-09T03:16:18.852+0000][1][safepoint    ] Entering safepoint region: Cleanup
[2019-12-09T03:16:18.852+0000][1][safepoint    ] Leaving safepoint region
[2019-12-09T03:16:18.852+0000][1][safepoint    ] Total time for which application threads were stopped: 0.0000731 seconds, Stopping threads took: 0.0000152 seconds
[2019-12-09T03:16:19.852+0000][1][safepoint    ] Application time: 1.0000748 seconds
[2019-12-09T03:16:19.853+0000][1][safepoint    ] Entering safepoint region: Cleanup
[2019-12-09T03:16:19.853+0000][1][safepoint    ] Leaving safepoint region
[2019-12-09T03:16:19.853+0000][1][safepoint    ] Total time for which application threads were stopped: 0.0000769 seconds, Stopping threads took: 0.0000159 seconds
[2019-12-09T03:16:20.853+0000][1][safepoint    ] Application time: 1.0000747 seconds
[2019-12-09T03:16:20.853+0000][1][safepoint    ] Entering safepoint region: Cleanup
[2019-12-09T03:16:20.853+0000][1][safepoint    ] Leaving safepoint region
[2019-12-09T03:16:20.853+0000][1][safepoint    ] Total time for which application threads were stopped: 0.0000684 seconds, Stopping threads took: 0.0000153 seconds
[2019-12-09T03:16:21.853+0000][1][safepoint    ] Application time: 1.0000735 seconds
[2019-12-09T03:16:21.853+0000][1][safepoint    ] Entering safepoint region: Cleanup
[2019-12-09T03:16:21.853+0000][1][safepoint    ] Leaving safepoint region
[2019-12-09T03:16:21.853+0000][1][safepoint    ] Total time for which application threads were stopped: 0.0000716 seconds, Stopping threads took: 0.0000156 seconds
[2019-12-09T03:16:22.853+0000][1][safepoint    ] Application time: 1.0000720 seconds
[2019-12-09T03:16:22.853+0000][1][safepoint    ] Entering safepoint region: Cleanup
[2019-12-09T03:16:22.853+0000][1][safepoint    ] Leaving safepoint region
[2019-12-09T03:16:22.853+0000][1][safepoint    ] Total time for which application threads were stopped: 0.0000718 seconds, Stopping threads took: 0.0000151 seconds
[2019-12-09T03:16:23.853+0000][1][safepoint    ] Application time: 1.0000735 seconds
[2019-12-09T03:16:23.853+0000][1][safepoint    ] Entering safepoint region: Cleanup
[2019-12-09T03:16:23.853+0000][1][safepoint    ] Leaving safepoint region
[2019-12-09T03:16:23.853+0000][1][safepoint    ] Total time for which application threads were stopped: 0.0000723 seconds, Stopping threads took: 0.0000178 seconds
[2019-12-09T03:16:24.853+0000][1][safepoint    ] Application time: 1.0000741 seconds
[2019-12-09T03:16:24.853+0000][1][safepoint    ] Entering safepoint region: Cleanup
[2019-12-09T03:16:24.854+0000][1][safepoint    ] Leaving safepoint region
[2019-12-09T03:16:24.854+0000][1][safepoint    ] Total time for which application threads were stopped: 0.0000915 seconds, Stopping threads took: 0.0000240 seconds
[2019-12-09T03:16:25.854+0000][1][safepoint    ] Application time: 1.0000757 seconds
[2019-12-09T03:16:25.854+0000][1][safepoint    ] Entering safepoint region: Cleanup
[2019-12-09T03:16:25.854+0000][1][safepoint    ] Leaving safepoint region
[2019-12-09T03:16:25.854+0000][1][safepoint    ] Total time for which application threads were stopped: 0.0000697 seconds, Stopping threads took: 0.0000158 seconds
[2019-12-09T03:16:26.854+0000][1][safepoint    ] Application time: 1.0000756 seconds
[2019-12-09T03:16:26.854+0000][1][safepoint    ] Entering safepoint region: Cleanup
[2019-12-09T03:16:26.854+0000][1][safepoint    ] Leaving safepoint region
[2019-12-09T03:16:26.854+0000][1][safepoint    ] Total time for which application threads were stopped: 0.0000713 seconds, Stopping threads took: 0.0000154 seconds
[2019-12-09T03:16:27.854+0000][1][safepoint    ] Application time: 1.0000741 seconds
[2019-12-09T03:16:27.854+0000][1][safepoint    ] Entering safepoint region: Cleanup
[2019-12-09T03:16:27.854+0000][1][safepoint    ] Leaving safepoint region
[2019-12-09T03:16:27.854+0000][1][safepoint    ] Total time for which application threads were stopped: 0.0000705 seconds, Stopping threads took: 0.0000172 seconds
[2019-12-09T03:16:28.854+0000][1][safepoint    ] Application time: 1.0000743 seconds
[2019-12-09T03:16:28.854+0000][1][safepoint    ] Entering safepoint region: Cleanup
[2019-12-09T03:16:28.854+0000][1][safepoint    ] Leaving safepoint region
[2019-12-09T03:16:28.854+0000][1][safepoint    ] Total time for which application threads were stopped: 0.0000736 seconds, Stopping threads took: 0.0000154 seconds
[2019-12-09T03:16:29.854+0000][1][safepoint    ] Application time: 1.0000753 seconds
[2019-12-09T03:16:29.854+0000][1][safepoint    ] Entering safepoint region: Cleanup
[2019-12-09T03:16:29.855+0000][1][safepoint    ] Leaving safepoint region
[2019-12-09T03:16:29.855+0000][1][safepoint    ] Total time for which application threads were stopped: 0.0000709 seconds, Stopping threads took: 0.0000158 seconds
[2019-12-09T03:16:30.855+0000][1][safepoint    ] Application time: 1.0000766 seconds
[2019-12-09T03:16:30.855+0000][1][safepoint    ] Entering safepoint region: Cleanup
[2019-12-09T03:16:30.855+0000][1][safepoint    ] Leaving safepoint region
[2019-12-09T03:16:30.855+0000][1][safepoint    ] Total time for which application threads were stopped: 0.0000812 seconds, Stopping threads took: 0.0000152 seconds
[2019-12-09T03:16:31.855+0000][1][safepoint    ] Application time: 1.0000754 seconds
[2019-12-09T03:16:31.855+0000][1][safepoint    ] Entering safepoint region: Cleanup
[2019-12-09T03:16:31.855+0000][1][safepoint    ] Leaving safepoint region
[2019-12-09T03:16:31.855+0000][1][safepoint    ] Total time for which application threads were stopped: 0.0000769 seconds, Stopping threads took: 0.0000161 seconds
[2019-12-09T03:16:32.855+0000][1][safepoint    ] Application time: 1.0000753 seconds
[2019-12-09T03:16:32.855+0000][1][safepoint    ] Entering safepoint region: Cleanup
[2019-12-09T03:16:32.855+0000][1][safepoint    ] Leaving safepoint region
[2019-12-09T03:16:32.855+0000][1][safepoint    ] Total time for which application threads were stopped: 0.0000752 seconds, Stopping threads took: 0.0000155 seconds
[2019-12-09T03:16:33.855+0000][1][safepoint    ] Application time: 1.0000763 seconds
[2019-12-09T03:16:33.855+0000][1][safepoint    ] Entering safepoint region: Cleanup
[2019-12-09T03:16:33.855+0000][1][safepoint    ] Leaving safepoint region
[2019-12-09T03:16:33.855+0000][1][safepoint    ] Total time for which application threads were stopped: 0.0000719 seconds, Stopping threads took: 0.0000145 seconds
[2019-12-09T03:16:34.855+0000][1][safepoint    ] Application time: 1.0000764 seconds
[2019-12-09T03:16:34.855+0000][1][safepoint    ] Entering safepoint region: Cleanup
[2019-12-09T03:16:34.855+0000][1][safepoint    ] Leaving safepoint region
[2019-12-09T03:16:34.855+0000][1][safepoint    ] Total time for which application threads were stopped: 0.0000685 seconds, Stopping threads took: 0.0000152 seconds
[2019-12-09T03:16:35.856+0000][1][safepoint    ] Application time: 1.0000760 seconds
[2019-12-09T03:16:35.856+0000][1][safepoint    ] Entering safepoint region: Cleanup
[2019-12-09T03:16:35.856+0000][1][safepoint    ] Leaving safepoint region
[2019-12-09T03:16:35.856+0000][1][safepoint    ] Total time for which application threads were stopped: 0.0000848 seconds, Stopping threads took: 0.0000139 seconds
[2019-12-09T03:16:36.856+0000][1][safepoint    ] Application time: 1.0000745 seconds
[2019-12-09T03:16:36.856+0000][1][safepoint    ] Entering safepoint region: Cleanup
[2019-12-09T03:16:36.856+0000][1][safepoint    ] Leaving safepoint region
[2019-12-09T03:16:36.856+0000][1][safepoint    ] Total time for which application threads were stopped: 0.0000719 seconds, Stopping threads took: 0.0000156 seconds
[2019-12-09T03:16:37.856+0000][1][safepoint    ] Application time: 1.0000749 seconds
[2019-12-09T03:16:37.856+0000][1][safepoint    ] Entering safepoint region: Cleanup
[2019-12-09T03:16:37.856+0000][1][safepoint    ] Leaving safepoint region
[2019-12-09T03:16:37.856+0000][1][safepoint    ] Total time for which application threads were stopped: 0.0000707 seconds, Stopping threads took: 0.0000161 seconds
[2019-12-09T03:16:38.856+0000][1][safepoint    ] Application time: 1.0000755 seconds
[2019-12-09T03:16:38.856+0000][1][safepoint    ] Entering safepoint region: Cleanup
[2019-12-09T03:16:38.856+0000][1][safepoint    ] Leaving safepoint region
[2019-12-09T03:16:38.856+0000][1][safepoint    ] Total time for which application threads were stopped: 0.0000770 seconds, Stopping threads took: 0.0000165 seconds
[2019-12-09T03:16:39.856+0000][1][safepoint    ] Application time: 1.0000757 seconds
[2019-12-09T03:16:39.856+0000][1][safepoint    ] Entering safepoint region: Cleanup
[2019-12-09T03:16:39.856+0000][1][safepoint    ] Leaving safepoint region
[2019-12-09T03:16:39.856+0000][1][safepoint    ] Total time for which application threads were stopped: 0.0000668 seconds, Stopping threads took: 0.0000157 seconds
[2019-12-09T03:16:40.857+0000][1][safepoint    ] Application time: 1.0000747 seconds
[2019-12-09T03:16:40.857+0000][1][safepoint    ] Entering safepoint region: Cleanup
[2019-12-09T03:16:40.857+0000][1][safepoint    ] Leaving safepoint region
[2019-12-09T03:16:40.857+0000][1][safepoint    ] Total time for which application threads were stopped: 0.0000708 seconds, Stopping threads took: 0.0000157 seconds
[2019-12-09T03:16:41.857+0000][1][safepoint    ] Application time: 1.0000750 seconds
[2019-12-09T03:16:41.857+0000][1][safepoint    ] Entering safepoint region: Cleanup
[2019-12-09T03:16:41.857+0000][1][safepoint    ] Leaving safepoint region
[2019-12-09T03:16:41.857+0000][1][safepoint    ] Total time for which application threads were stopped: 0.0000699 seconds, Stopping threads took: 0.0000160 seconds
[2019-12-09T03:16:42.857+0000][1][safepoint    ] Application time: 1.0000747 seconds
[2019-12-09T03:16:42.857+0000][1][safepoint    ] Entering safepoint region: Cleanup
[2019-12-09T03:16:42.857+0000][1][safepoint    ] Leaving safepoint region
[2019-12-09T03:16:42.857+0000][1][safepoint    ] Total time for which application threads were stopped: 0.0000712 seconds, Stopping threads took: 0.0000160 seconds
[2019-12-09T03:16:43.857+0000][1][safepoint    ] Application time: 1.0000749 seconds
[2019-12-09T03:16:43.857+0000][1][safepoint    ] Entering safepoint region: Cleanup
[2019-12-09T03:16:43.857+0000][1][safepoint    ] Leaving safepoint region
[2019-12-09T03:16:43.857+0000][1][safepoint    ] Total time for which application threads were stopped: 0.0000776 seconds, Stopping threads took: 0.0000158 seconds
[2019-12-09T03:16:44.857+0000][1][safepoint    ] Application time: 1.0000732 seconds
[2019-12-09T03:16:44.857+0000][1][safepoint    ] Entering safepoint region: Cleanup
[2019-12-09T03:16:44.857+0000][1][safepoint    ] Leaving safepoint region
[2019-12-09T03:16:44.857+0000][1][safepoint    ] Total time for which application threads were stopped: 0.0000732 seconds, Stopping threads took: 0.0000157 seconds
[2019-12-09T03:16:45.857+0000][1][safepoint    ] Application time: 1.0000763 seconds
[2019-12-09T03:16:45.858+0000][1][safepoint    ] Entering safepoint region: Cleanup
[2019-12-09T03:16:45.858+0000][1][safepoint    ] Leaving safepoint region
[2019-12-09T03:16:45.858+0000][1][safepoint    ] Total time for which application threads were stopped: 0.0000692 seconds, Stopping threads took: 0.0000151 seconds
[2019-12-09T03:16:46.858+0000][1][safepoint    ] Application time: 1.0000843 seconds
[2019-12-09T03:16:46.858+0000][1][safepoint    ] Entering safepoint region: Cleanup
[2019-12-09T03:16:46.858+0000][1][safepoint    ] Leaving safepoint region
[2019-12-09T03:16:46.858+0000][1][safepoint    ] Total time for which application threads were stopped: 0.0000764 seconds, Stopping threads took: 0.0000155 seconds
[2019-12-09T03:16:47.858+0000][1][safepoint    ] Application time: 1.0000757 seconds
[2019-12-09T03:16:47.858+0000][1][safepoint    ] Entering safepoint region: Cleanup
[2019-12-09T03:16:47.858+0000][1][safepoint    ] Leaving safepoint region
[2019-12-09T03:16:47.858+0000][1][safepoint    ] Total time for which application threads were stopped: 0.0000761 seconds, Stopping threads took: 0.0000163 seconds
[2019-12-09T03:16:48.858+0000][1][safepoint    ] Application time: 1.0000767 seconds
[2019-12-09T03:16:48.858+0000][1][safepoint    ] Entering safepoint region: Cleanup
[2019-12-09T03:16:48.858+0000][1][safepoint    ] Leaving safepoint region
[2019-12-09T03:16:48.858+0000][1][safepoint    ] Total time for which application threads were stopped: 0.0000730 seconds, Stopping threads took: 0.0000176 seconds
[2019-12-09T03:16:49.858+0000][1][safepoint    ] Application time: 1.0000761 seconds
[2019-12-09T03:16:49.858+0000][1][safepoint    ] Entering safepoint region: Cleanup
[2019-12-09T03:16:49.858+0000][1][safepoint    ] Leaving safepoint region
[2019-12-09T03:16:49.858+0000][1][safepoint    ] Total time for which application threads were stopped: 0.0000734 seconds, Stopping threads took: 0.0000163 seconds
[2019-12-09T03:16:50.858+0000][1][safepoint    ] Application time: 1.0000781 seconds
[2019-12-09T03:16:50.859+0000][1][safepoint    ] Entering safepoint region: Cleanup
[2019-12-09T03:16:50.859+0000][1][safepoint    ] Leaving safepoint region
[2019-12-09T03:16:50.859+0000][1][safepoint    ] Total time for which application threads were stopped: 0.0000740 seconds, Stopping threads took: 0.0000173 seconds
[2019-12-09T03:16:51.859+0000][1][safepoint    ] Application time: 1.0000782 seconds
[2019-12-09T03:16:51.859+0000][1][safepoint    ] Entering safepoint region: Cleanup
[2019-12-09T03:16:51.859+0000][1][safepoint    ] Leaving safepoint region
[2019-12-09T03:16:51.859+0000][1][safepoint    ] Total time for which application threads were stopped: 0.0000757 seconds, Stopping threads took: 0.0000178 seconds
[2019-12-09T03:16:52.859+0000][1][safepoint    ] Application time: 1.0000757 seconds
[2019-12-09T03:16:52.859+0000][1][safepoint    ] Entering safepoint region: Cleanup
[2019-12-09T03:16:52.859+0000][1][safepoint    ] Leaving safepoint region
[2019-12-09T03:16:52.859+0000][1][safepoint    ] Total time for which application threads were stopped: 0.0000724 seconds, Stopping threads took: 0.0000162 seconds
[2019-12-09T03:16:53.859+0000][1][safepoint    ] Application time: 1.0000750 seconds
[2019-12-09T03:16:53.859+0000][1][safepoint    ] Entering safepoint region: Cleanup
[2019-12-09T03:16:53.859+0000][1][safepoint    ] Leaving safepoint region
[2019-12-09T03:16:53.859+0000][1][safepoint    ] Total time for which application threads were stopped: 0.0000714 seconds, Stopping threads took: 0.0000158 seconds
[2019-12-09T03:16:54.859+0000][1][safepoint    ] Application time: 1.0000745 seconds
[2019-12-09T03:16:54.859+0000][1][safepoint    ] Entering safepoint region: Cleanup
[2019-12-09T03:16:54.859+0000][1][safepoint    ] Leaving safepoint region
[2019-12-09T03:16:54.859+0000][1][safepoint    ] Total time for which application threads were stopped: 0.0000772 seconds, Stopping threads took: 0.0000232 seconds
[2019-12-09T03:16:55.859+0000][1][safepoint    ] Application time: 1.0000898 seconds
[2019-12-09T03:16:55.860+0000][1][safepoint    ] Entering safepoint region: Cleanup
[2019-12-09T03:16:55.860+0000][1][safepoint    ] Leaving safepoint region
[2019-12-09T03:16:55.860+0000][1][safepoint    ] Total time for which application threads were stopped: 0.0000958 seconds, Stopping threads took: 0.0000235 seconds
[2019-12-09T03:16:56.860+0000][1][safepoint    ] Application time: 1.0000782 seconds
[2019-12-09T03:16:56.860+0000][1][safepoint    ] Entering safepoint region: Cleanup
[2019-12-09T03:16:56.860+0000][1][safepoint    ] Leaving safepoint region
[2019-12-09T03:16:56.860+0000][1][safepoint    ] Total time for which application threads were stopped: 0.0000755 seconds, Stopping threads took: 0.0000176 seconds
[2019-12-09T03:16:57.860+0000][1][safepoint    ] Application time: 1.0000779 seconds
[2019-12-09T03:16:57.860+0000][1][safepoint    ] Entering safepoint region: Cleanup
[2019-12-09T03:16:57.860+0000][1][safepoint    ] Leaving safepoint region
[2019-12-09T03:16:57.860+0000][1][safepoint    ] Total time for which application threads were stopped: 0.0000818 seconds, Stopping threads took: 0.0000175 seconds
[2019-12-09T03:16:58.860+0000][1][safepoint    ] Application time: 1.0000753 seconds
[2019-12-09T03:16:58.860+0000][1][safepoint    ] Entering safepoint region: Cleanup
[2019-12-09T03:16:58.860+0000][1][safepoint    ] Leaving safepoint region
[2019-12-09T03:16:58.860+0000][1][safepoint    ] Total time for which application threads were stopped: 0.0000728 seconds, Stopping threads took: 0.0000181 seconds
[2019-12-09T03:16:59.860+0000][1][safepoint    ] Application time: 1.0000775 seconds
[2019-12-09T03:16:59.860+0000][1][safepoint    ] Entering safepoint region: Cleanup
[2019-12-09T03:16:59.860+0000][1][safepoint    ] Leaving safepoint region
[2019-12-09T03:16:59.860+0000][1][safepoint    ] Total time for which application threads were stopped: 0.0000745 seconds, Stopping threads took: 0.0000176 seconds
[2019-12-09T03:17:00.860+0000][1][safepoint    ] Application time: 1.0000784 seconds
[2019-12-09T03:17:00.861+0000][1][safepoint    ] Entering safepoint region: Cleanup
[2019-12-09T03:17:00.861+0000][1][safepoint    ] Leaving safepoint region
[2019-12-09T03:17:00.861+0000][1][safepoint    ] Total time for which application threads were stopped: 0.0000752 seconds, Stopping threads took: 0.0000166 seconds
[2019-12-09T03:17:01.861+0000][1][safepoint    ] Application time: 1.0000916 seconds
[2019-12-09T03:17:01.861+0000][1][safepoint    ] Entering safepoint region: Cleanup
[2019-12-09T03:17:01.861+0000][1][safepoint    ] Leaving safepoint region
[2019-12-09T03:17:01.861+0000][1][safepoint    ] Total time for which application threads were stopped: 0.0000733 seconds, Stopping threads took: 0.0000179 seconds
[2019-12-09T03:17:02.861+0000][1][safepoint    ] Application time: 1.0001170 seconds
[2019-12-09T03:17:02.861+0000][1][safepoint    ] Entering safepoint region: Cleanup
[2019-12-09T03:17:02.861+0000][1][safepoint    ] Leaving safepoint region
[2019-12-09T03:17:02.861+0000][1][safepoint    ] Total time for which application threads were stopped: 0.0001110 seconds, Stopping threads took: 0.0000250 seconds
[2019-12-09T03:17:03.861+0000][1][safepoint    ] Application time: 1.0000561 seconds
[2019-12-09T03:17:03.861+0000][1][safepoint    ] Entering safepoint region: Cleanup
[2019-12-09T03:17:03.861+0000][1][safepoint    ] Leaving safepoint region
[2019-12-09T03:17:03.861+0000][1][safepoint    ] Total time for which application threads were stopped: 0.0000982 seconds, Stopping threads took: 0.0000207 seconds
[2019-12-09T03:17:04.861+0000][1][safepoint    ] Application time: 1.0000753 seconds
[2019-12-09T03:17:04.861+0000][1][safepoint    ] Entering safepoint region: Cleanup
[2019-12-09T03:17:04.861+0000][1][safepoint    ] Leaving safepoint region
[2019-12-09T03:17:04.861+0000][1][safepoint    ] Total time for which application threads were stopped: 0.0000708 seconds, Stopping threads took: 0.0000166 seconds
[2019-12-09T03:17:05.862+0000][1][safepoint    ] Application time: 1.0000751 seconds
[2019-12-09T03:17:05.862+0000][1][safepoint    ] Entering safepoint region: Cleanup
[2019-12-09T03:17:05.862+0000][1][safepoint    ] Leaving safepoint region
[2019-12-09T03:17:05.862+0000][1][safepoint    ] Total time for which application threads were stopped: 0.0001005 seconds, Stopping threads took: 0.0000154 seconds
[2019-12-09T03:17:06.862+0000][1][safepoint    ] Application time: 1.0000748 seconds
[2019-12-09T03:17:06.862+0000][1][safepoint    ] Entering safepoint region: Cleanup
[2019-12-09T03:17:06.862+0000][1][safepoint    ] Leaving safepoint region
[2019-12-09T03:17:06.862+0000][1][safepoint    ] Total time for which application threads were stopped: 0.0000709 seconds, Stopping threads took: 0.0000169 seconds
[2019-12-09T03:17:07.862+0000][1][safepoint    ] Application time: 1.0000777 seconds
[2019-12-09T03:17:07.862+0000][1][safepoint    ] Entering safepoint region: Cleanup
[2019-12-09T03:17:07.862+0000][1][safepoint    ] Leaving safepoint region
[2019-12-09T03:17:07.862+0000][1][safepoint    ] Total time for which application threads were stopped: 0.0000669 seconds, Stopping threads took: 0.0000149 seconds
[2019-12-09T03:17:08.862+0000][1][safepoint    ] Application time: 1.0000749 seconds
[2019-12-09T03:17:08.862+0000][1][safepoint    ] Entering safepoint region: Cleanup
[2019-12-09T03:17:08.862+0000][1][safepoint    ] Leaving safepoint region
[2019-12-09T03:17:08.862+0000][1][safepoint    ] Total time for which application threads were stopped: 0.0000671 seconds, Stopping threads took: 0.0000147 seconds
[2019-12-09T03:17:09.862+0000][1][safepoint    ] Application time: 1.0000759 seconds
[2019-12-09T03:17:09.862+0000][1][safepoint    ] Entering safepoint region: Cleanup
[2019-12-09T03:17:09.862+0000][1][safepoint    ] Leaving safepoint region
[2019-12-09T03:17:09.862+0000][1][safepoint    ] Total time for which application threads were stopped: 0.0000787 seconds, Stopping threads took: 0.0000159 seconds
[2019-12-09T03:17:10.863+0000][1][safepoint    ] Application time: 1.0000748 seconds
[2019-12-09T03:17:10.863+0000][1][safepoint    ] Entering safepoint region: Cleanup
[2019-12-09T03:17:10.863+0000][1][safepoint    ] Leaving safepoint region
[2019-12-09T03:17:10.863+0000][1][safepoint    ] Total time for which application threads were stopped: 0.0000710 seconds, Stopping threads took: 0.0000156 seconds
[2019-12-09T03:17:11.863+0000][1][safepoint    ] Application time: 1.0000755 seconds
[2019-12-09T03:17:11.863+0000][1][safepoint    ] Entering safepoint region: Cleanup
[2019-12-09T03:17:11.863+0000][1][safepoint    ] Leaving safepoint region
[2019-12-09T03:17:11.863+0000][1][safepoint    ] Total time for which application threads were stopped: 0.0000714 seconds, Stopping threads took: 0.0000156 seconds
[2019-12-09T03:17:12.863+0000][1][safepoint    ] Application time: 1.0000753 seconds
[2019-12-09T03:17:12.863+0000][1][safepoint    ] Entering safepoint region: Cleanup
[2019-12-09T03:17:12.863+0000][1][safepoint    ] Leaving safepoint region
[2019-12-09T03:17:12.863+0000][1][safepoint    ] Total time for which application threads were stopped: 0.0000694 seconds, Stopping threads took: 0.0000156 seconds
[2019-12-09T03:17:13.863+0000][1][safepoint    ] Application time: 1.0000751 seconds
[2019-12-09T03:17:13.863+0000][1][safepoint    ] Entering safepoint region: Cleanup
[2019-12-09T03:17:13.863+0000][1][safepoint    ] Leaving safepoint region
[2019-12-09T03:17:13.863+0000][1][safepoint    ] Total time for which application threads were stopped: 0.0000759 seconds, Stopping threads took: 0.0000154 seconds
[2019-12-09T03:17:14.863+0000][1][safepoint    ] Application time: 1.0000762 seconds
[2019-12-09T03:17:14.863+0000][1][safepoint    ] Entering safepoint region: Cleanup
[2019-12-09T03:17:14.863+0000][1][safepoint    ] Leaving safepoint region
[2019-12-09T03:17:14.863+0000][1][safepoint    ] Total time for which application threads were stopped: 0.0000740 seconds, Stopping threads took: 0.0000166 seconds
[2019-12-09T03:17:15.864+0000][1][safepoint    ] Application time: 1.0000744 seconds
[2019-12-09T03:17:15.864+0000][1][safepoint    ] Entering safepoint region: Cleanup
[2019-12-09T03:17:15.864+0000][1][safepoint    ] Leaving safepoint region
[2019-12-09T03:17:15.864+0000][1][safepoint    ] Total time for which application threads were stopped: 0.0000773 seconds, Stopping threads took: 0.0000152 seconds
[2019-12-09T03:17:16.864+0000][1][safepoint    ] Application time: 1.0000750 seconds
[2019-12-09T03:17:16.864+0000][1][safepoint    ] Entering safepoint region: Cleanup
[2019-12-09T03:17:16.864+0000][1][safepoint    ] Leaving safepoint region
[2019-12-09T03:17:16.864+0000][1][safepoint    ] Total time for which application threads were stopped: 0.0000707 seconds, Stopping threads took: 0.0000157 seconds
[2019-12-09T03:17:17.864+0000][1][safepoint    ] Application time: 1.0000745 seconds
[2019-12-09T03:17:17.864+0000][1][safepoint    ] Entering safepoint region: Cleanup
[2019-12-09T03:17:17.864+0000][1][safepoint    ] Leaving safepoint region
[2019-12-09T03:17:17.864+0000][1][safepoint    ] Total time for which application threads were stopped: 0.0000688 seconds, Stopping threads took: 0.0000149 seconds
[2019-12-09T03:17:18.864+0000][1][safepoint    ] Application time: 1.0000733 seconds
[2019-12-09T03:17:18.864+0000][1][safepoint    ] Entering safepoint region: Cleanup
[2019-12-09T03:17:18.864+0000][1][safepoint    ] Leaving safepoint region
[2019-12-09T03:17:18.864+0000][1][safepoint    ] Total time for which application threads were stopped: 0.0000725 seconds, Stopping threads took: 0.0000163 seconds
[2019-12-09T03:17:19.864+0000][1][safepoint    ] Application time: 1.0000765 seconds
[2019-12-09T03:17:19.864+0000][1][safepoint    ] Entering safepoint region: Cleanup
[2019-12-09T03:17:19.864+0000][1][safepoint    ] Leaving safepoint region
[2019-12-09T03:17:19.864+0000][1][safepoint    ] Total time for which application threads were stopped: 0.0000701 seconds, Stopping threads took: 0.0000153 seconds
[2019-12-09T03:17:20.864+0000][1][safepoint    ] Application time: 1.0000761 seconds
[2019-12-09T03:17:20.865+0000][1][safepoint    ] Entering safepoint region: Cleanup
[2019-12-09T03:17:20.865+0000][1][safepoint    ] Leaving safepoint region
[2019-12-09T03:17:20.865+0000][1][safepoint    ] Total time for which application threads were stopped: 0.0000709 seconds, Stopping threads took: 0.0000166 seconds
[2019-12-09T03:17:21.865+0000][1][safepoint    ] Application time: 1.0000747 seconds
[2019-12-09T03:17:21.865+0000][1][safepoint    ] Entering safepoint region: Cleanup
[2019-12-09T03:17:21.865+0000][1][safepoint    ] Leaving safepoint region
[2019-12-09T03:17:21.865+0000][1][safepoint    ] Total time for which application threads were stopped: 0.0000740 seconds, Stopping threads took: 0.0000169 seconds
[2019-12-09T03:17:22.865+0000][1][safepoint    ] Application time: 1.0000734 seconds
[2019-12-09T03:17:22.865+0000][1][safepoint    ] Entering safepoint region: Cleanup
[2019-12-09T03:17:22.865+0000][1][safepoint    ] Leaving safepoint region
[2019-12-09T03:17:22.865+0000][1][safepoint    ] Total time for which application threads were stopped: 0.0000686 seconds, Stopping threads took: 0.0000154 seconds
[2019-12-09T03:17:23.865+0000][1][safepoint    ] Application time: 1.0000733 seconds
[2019-12-09T03:17:23.865+0000][1][safepoint    ] Entering safepoint region: Cleanup
[2019-12-09T03:17:23.865+0000][1][safepoint    ] Leaving safepoint region
[2019-12-09T03:17:23.865+0000][1][safepoint    ] Total time for which application threads were stopped: 0.0000704 seconds, Stopping threads took: 0.0000147 seconds
[2019-12-09T03:17:24.865+0000][1][safepoint    ] Application time: 1.0000732 seconds
[2019-12-09T03:17:24.865+0000][1][safepoint    ] Entering safepoint region: Cleanup
[2019-12-09T03:17:24.865+0000][1][safepoint    ] Leaving safepoint region
[2019-12-09T03:17:24.865+0000][1][safepoint    ] Total time for which application threads were stopped: 0.0000786 seconds, Stopping threads took: 0.0000235 seconds
[2019-12-09T03:17:25.865+0000][1][safepoint    ] Application time: 1.0000765 seconds
[2019-12-09T03:17:25.865+0000][1][safepoint    ] Entering safepoint region: Cleanup
[2019-12-09T03:17:25.866+0000][1][safepoint    ] Leaving safepoint region
[2019-12-09T03:17:25.866+0000][1][safepoint    ] Total time for which application threads were stopped: 0.0000685 seconds, Stopping threads took: 0.0000150 seconds
[2019-12-09T03:17:26.866+0000][1][safepoint    ] Application time: 1.0000780 seconds
[2019-12-09T03:17:26.866+0000][1][safepoint    ] Entering safepoint region: Cleanup
[2019-12-09T03:17:26.866+0000][1][safepoint    ] Leaving safepoint region
[2019-12-09T03:17:26.866+0000][1][safepoint    ] Total time for which application threads were stopped: 0.0000826 seconds, Stopping threads took: 0.0000163 seconds
[2019-12-09T03:17:27.866+0000][1][safepoint    ] Application time: 1.0000770 seconds
[2019-12-09T03:17:27.866+0000][1][safepoint    ] Entering safepoint region: Cleanup
[2019-12-09T03:17:27.866+0000][1][safepoint    ] Leaving safepoint region
[2019-12-09T03:17:27.866+0000][1][safepoint    ] Total time for which application threads were stopped: 0.0000686 seconds, Stopping threads took: 0.0000153 seconds
[2019-12-09T03:17:28.866+0000][1][safepoint    ] Application time: 1.0000746 seconds
[2019-12-09T03:17:28.866+0000][1][safepoint    ] Entering safepoint region: Cleanup
[2019-12-09T03:17:28.866+0000][1][safepoint    ] Leaving safepoint region
[2019-12-09T03:17:28.866+0000][1][safepoint    ] Total time for which application threads were stopped: 0.0000713 seconds, Stopping threads took: 0.0000166 seconds
[2019-12-09T03:17:29.866+0000][1][safepoint    ] Application time: 1.0000750 seconds
[2019-12-09T03:17:29.866+0000][1][safepoint    ] Entering safepoint region: Cleanup
[2019-12-09T03:17:29.866+0000][1][safepoint    ] Leaving safepoint region
[2019-12-09T03:17:29.866+0000][1][safepoint    ] Total time for which application threads were stopped: 0.0000805 seconds, Stopping threads took: 0.0000237 seconds
[2019-12-09T03:17:30.866+0000][1][safepoint    ] Application time: 1.0000822 seconds
[2019-12-09T03:17:30.866+0000][1][safepoint    ] Entering safepoint region: Cleanup
[2019-12-09T03:17:30.867+0000][1][safepoint    ] Leaving safepoint region
[2019-12-09T03:17:30.867+0000][1][safepoint    ] Total time for which application threads were stopped: 0.0000703 seconds, Stopping threads took: 0.0000173 seconds
[2019-12-09T03:17:31.867+0000][1][safepoint    ] Application time: 1.0000749 seconds
[2019-12-09T03:17:31.867+0000][1][safepoint    ] Entering safepoint region: Cleanup
[2019-12-09T03:17:31.867+0000][1][safepoint    ] Leaving safepoint region
[2019-12-09T03:17:31.867+0000][1][safepoint    ] Total time for which application threads were stopped: 0.0000768 seconds, Stopping threads took: 0.0000151 seconds
[2019-12-09T03:17:32.867+0000][1][safepoint    ] Application time: 1.0000747 seconds
[2019-12-09T03:17:32.867+0000][1][safepoint    ] Entering safepoint region: Cleanup
[2019-12-09T03:17:32.867+0000][1][safepoint    ] Leaving safepoint region
[2019-12-09T03:17:32.867+0000][1][safepoint    ] Total time for which application threads were stopped: 0.0000693 seconds, Stopping threads took: 0.0000160 seconds
[2019-12-09T03:17:33.867+0000][1][safepoint    ] Application time: 1.0000740 seconds
[2019-12-09T03:17:33.867+0000][1][safepoint    ] Entering safepoint region: Cleanup
[2019-12-09T03:17:33.867+0000][1][safepoint    ] Leaving safepoint region
[2019-12-09T03:17:33.867+0000][1][safepoint    ] Total time for which application threads were stopped: 0.0000692 seconds, Stopping threads took: 0.0000149 seconds
[2019-12-09T03:17:34.867+0000][1][safepoint    ] Application time: 1.0000733 seconds
[2019-12-09T03:17:34.867+0000][1][safepoint    ] Entering safepoint region: Cleanup
[2019-12-09T03:17:34.867+0000][1][safepoint    ] Leaving safepoint region
[2019-12-09T03:17:34.867+0000][1][safepoint    ] Total time for which application threads were stopped: 0.0000818 seconds, Stopping threads took: 0.0000247 seconds
[2019-12-09T03:17:35.867+0000][1][safepoint    ] Application time: 1.0000747 seconds
[2019-12-09T03:17:35.867+0000][1][safepoint    ] Entering safepoint region: Cleanup
[2019-12-09T03:17:35.867+0000][1][safepoint    ] Leaving safepoint region
[2019-12-09T03:17:35.867+0000][1][safepoint    ] Total time for which application threads were stopped: 0.0000736 seconds, Stopping threads took: 0.0000156 seconds
[2019-12-09T03:17:37.187+0000][1][safepoint    ] Application time: 1.3192567 seconds
[2019-12-09T03:17:37.187+0000][1][safepoint    ] Entering safepoint region: Cleanup
[2019-12-09T03:17:37.187+0000][1][safepoint    ] Leaving safepoint region
[2019-12-09T03:17:37.187+0000][1][safepoint    ] Total time for which application threads were stopped: 0.0000765 seconds, Stopping threads took: 0.0000147 seconds
[2019-12-09T03:17:38.187+0000][1][safepoint    ] Application time: 1.0000788 seconds
[2019-12-09T03:17:38.187+0000][1][safepoint    ] Entering safepoint region: Cleanup
[2019-12-09T03:17:38.187+0000][1][safepoint    ] Leaving safepoint region
[2019-12-09T03:17:38.187+0000][1][safepoint    ] Total time for which application threads were stopped: 0.0000744 seconds, Stopping threads took: 0.0000170 seconds
[2019-12-09T03:17:39.187+0000][1][safepoint    ] Application time: 1.0000856 seconds
[2019-12-09T03:17:39.187+0000][1][safepoint    ] Entering safepoint region: Cleanup
[2019-12-09T03:17:39.187+0000][1][safepoint    ] Leaving safepoint region
[2019-12-09T03:17:39.187+0000][1][safepoint    ] Total time for which application threads were stopped: 0.0000997 seconds, Stopping threads took: 0.0000199 seconds
[2019-12-09T03:17:40.187+0000][1][safepoint    ] Application time: 1.0000770 seconds
[2019-12-09T03:17:40.187+0000][1][safepoint    ] Entering safepoint region: Cleanup
[2019-12-09T03:17:40.187+0000][1][safepoint    ] Leaving safepoint region
[2019-12-09T03:17:40.187+0000][1][safepoint    ] Total time for which application threads were stopped: 0.0000816 seconds, Stopping threads took: 0.0000176 seconds
[2019-12-09T03:17:41.188+0000][1][safepoint    ] Application time: 1.0000765 seconds
[2019-12-09T03:17:41.188+0000][1][safepoint    ] Entering safepoint region: Cleanup
[2019-12-09T03:17:41.188+0000][1][safepoint    ] Leaving safepoint region
[2019-12-09T03:17:41.188+0000][1][safepoint    ] Total time for which application threads were stopped: 0.0000896 seconds, Stopping threads took: 0.0000174 seconds
[2019-12-09T03:17:42.188+0000][1][safepoint    ] Application time: 1.0000756 seconds
[2019-12-09T03:17:42.188+0000][1][safepoint    ] Entering safepoint region: Cleanup
[2019-12-09T03:17:42.188+0000][1][safepoint    ] Leaving safepoint region
[2019-12-09T03:17:42.188+0000][1][safepoint    ] Total time for which application threads were stopped: 0.0000756 seconds, Stopping threads took: 0.0000174 seconds
[2019-12-09T03:17:43.188+0000][1][safepoint    ] Application time: 1.0000767 seconds
[2019-12-09T03:17:43.188+0000][1][safepoint    ] Entering safepoint region: Cleanup
[2019-12-09T03:17:43.188+0000][1][safepoint    ] Leaving safepoint region
[2019-12-09T03:17:43.188+0000][1][safepoint    ] Total time for which application threads were stopped: 0.0000745 seconds, Stopping threads took: 0.0000175 seconds
[2019-12-09T03:17:44.188+0000][1][safepoint    ] Application time: 1.0000771 seconds
[2019-12-09T03:17:44.188+0000][1][safepoint    ] Entering safepoint region: Cleanup
[2019-12-09T03:17:44.188+0000][1][safepoint    ] Leaving safepoint region
[2019-12-09T03:17:44.188+0000][1][safepoint    ] Total time for which application threads were stopped: 0.0000806 seconds, Stopping threads took: 0.0000177 seconds
[2019-12-09T03:17:45.188+0000][1][safepoint    ] Application time: 1.0000755 seconds
[2019-12-09T03:17:45.188+0000][1][safepoint    ] Entering safepoint region: Cleanup
[2019-12-09T03:17:45.188+0000][1][safepoint    ] Leaving safepoint region
[2019-12-09T03:17:45.188+0000][1][safepoint    ] Total time for which application threads were stopped: 0.0000846 seconds, Stopping threads took: 0.0000255 seconds
[2019-12-09T03:17:46.189+0000][1][safepoint    ] Application time: 1.0000769 seconds
[2019-12-09T03:17:46.189+0000][1][safepoint    ] Entering safepoint region: Cleanup
[2019-12-09T03:17:46.189+0000][1][safepoint    ] Leaving safepoint region
[2019-12-09T03:17:46.189+0000][1][safepoint    ] Total time for which application threads were stopped: 0.0000913 seconds, Stopping threads took: 0.0000176 seconds
[2019-12-09T03:17:47.189+0000][1][safepoint    ] Application time: 1.0000788 seconds
[2019-12-09T03:17:47.189+0000][1][safepoint    ] Entering safepoint region: Cleanup
[2019-12-09T03:17:47.189+0000][1][safepoint    ] Leaving safepoint region
[2019-12-09T03:17:47.189+0000][1][safepoint    ] Total time for which application threads were stopped: 0.0000744 seconds, Stopping threads took: 0.0000179 seconds
[2019-12-09T03:17:48.189+0000][1][safepoint    ] Application time: 1.0000773 seconds
[2019-12-09T03:17:48.189+0000][1][safepoint    ] Entering safepoint region: Cleanup
[2019-12-09T03:17:48.189+0000][1][safepoint    ] Leaving safepoint region
[2019-12-09T03:17:48.189+0000][1][safepoint    ] Total time for which application threads were stopped: 0.0000840 seconds, Stopping threads took: 0.0000187 seconds
[2019-12-09T03:17:49.189+0000][1][safepoint    ] Application time: 1.0000788 seconds
[2019-12-09T03:17:49.189+0000][1][safepoint    ] Entering safepoint region: Cleanup
[2019-12-09T03:17:49.189+0000][1][safepoint    ] Leaving safepoint region
[2019-12-09T03:17:49.189+0000][1][safepoint    ] Total time for which application threads were stopped: 0.0000805 seconds, Stopping threads took: 0.0000191 seconds
[2019-12-09T03:17:50.189+0000][1][safepoint    ] Application time: 1.0000769 seconds
[2019-12-09T03:17:50.189+0000][1][safepoint    ] Entering safepoint region: Cleanup
[2019-12-09T03:17:50.190+0000][1][safepoint    ] Leaving safepoint region
[2019-12-09T03:17:50.190+0000][1][safepoint    ] Total time for which application threads were stopped: 0.0000760 seconds, Stopping threads took: 0.0000182 seconds
[2019-12-09T03:17:51.190+0000][1][safepoint    ] Application time: 1.0000769 seconds
[2019-12-09T03:17:51.190+0000][1][safepoint    ] Entering safepoint region: Cleanup
[2019-12-09T03:17:51.190+0000][1][safepoint    ] Leaving safepoint region
[2019-12-09T03:17:51.190+0000][1][safepoint    ] Total time for which application threads were stopped: 0.0000938 seconds, Stopping threads took: 0.0000181 seconds
[2019-12-09T03:17:52.190+0000][1][safepoint    ] Application time: 1.0000772 seconds
[2019-12-09T03:17:52.190+0000][1][safepoint    ] Entering safepoint region: Cleanup
[2019-12-09T03:17:52.190+0000][1][safepoint    ] Leaving safepoint region
[2019-12-09T03:17:52.190+0000][1][safepoint    ] Total time for which application threads were stopped: 0.0000731 seconds, Stopping threads took: 0.0000168 seconds
[2019-12-09T03:17:53.190+0000][1][safepoint    ] Application time: 1.0000758 seconds
[2019-12-09T03:17:53.190+0000][1][safepoint    ] Entering safepoint region: Cleanup
[2019-12-09T03:17:53.190+0000][1][safepoint    ] Leaving safepoint region
[2019-12-09T03:17:53.190+0000][1][safepoint    ] Total time for which application threads were stopped: 0.0000783 seconds, Stopping threads took: 0.0000178 seconds
[2019-12-09T03:17:54.190+0000][1][safepoint    ] Application time: 1.0000758 seconds
[2019-12-09T03:17:54.190+0000][1][safepoint    ] Entering safepoint region: Cleanup
[2019-12-09T03:17:54.190+0000][1][safepoint    ] Leaving safepoint region
[2019-12-09T03:17:54.190+0000][1][safepoint    ] Total time for which application threads were stopped: 0.0000757 seconds, Stopping threads took: 0.0000185 seconds
[2019-12-09T03:17:55.190+0000][1][safepoint    ] Application time: 1.0000759 seconds
[2019-12-09T03:17:55.190+0000][1][safepoint    ] Entering safepoint region: Cleanup
[2019-12-09T03:17:55.191+0000][1][safepoint    ] Leaving safepoint region
[2019-12-09T03:17:55.191+0000][1][safepoint    ] Total time for which application threads were stopped: 0.0000836 seconds, Stopping threads took: 0.0000174 seconds
[2019-12-09T03:17:56.191+0000][1][safepoint    ] Application time: 1.0000771 seconds
[2019-12-09T03:17:56.191+0000][1][safepoint    ] Entering safepoint region: Cleanup
[2019-12-09T03:17:56.191+0000][1][safepoint    ] Leaving safepoint region
[2019-12-09T03:17:56.191+0000][1][safepoint    ] Total time for which application threads were stopped: 0.0000852 seconds, Stopping threads took: 0.0000177 seconds
[2019-12-09T03:17:57.191+0000][1][safepoint    ] Application time: 1.0000773 seconds
[2019-12-09T03:17:57.191+0000][1][safepoint    ] Entering safepoint region: Cleanup
[2019-12-09T03:17:57.191+0000][1][safepoint    ] Leaving safepoint region
[2019-12-09T03:17:57.191+0000][1][safepoint    ] Total time for which application threads were stopped: 0.0000730 seconds, Stopping threads took: 0.0000174 seconds
[2019-12-09T03:17:58.191+0000][1][safepoint    ] Application time: 1.0000778 seconds
[2019-12-09T03:17:58.191+0000][1][safepoint    ] Entering safepoint region: Cleanup
[2019-12-09T03:17:58.191+0000][1][safepoint    ] Leaving safepoint region
[2019-12-09T03:17:58.191+0000][1][safepoint    ] Total time for which application threads were stopped: 0.0000771 seconds, Stopping threads took: 0.0000188 seconds
[2019-12-09T03:17:58.402+0000][1][safepoint    ] Application time: 0.2106538 seconds
[2019-12-09T03:17:58.402+0000][1][safepoint    ] Entering safepoint region: GenCollectForAllocation
[2019-12-09T03:17:58.402+0000][1][gc,start     ] GC(28) Pause Young (Allocation Failure)
[2019-12-09T03:17:58.402+0000][1][gc,task      ] GC(28) Using 2 workers of 2 for evacuation
[2019-12-09T03:17:58.407+0000][1][gc,age       ] GC(28) Desired survivor size 4456448 bytes, new threshold 6 (max threshold 6)
[2019-12-09T03:17:58.407+0000][1][gc,age       ] GC(28) Age table with threshold 6 (max threshold 6)
[2019-12-09T03:17:58.407+0000][1][gc,age       ] GC(28) - age   1:       5856 bytes,       5856 total
[2019-12-09T03:17:58.407+0000][1][gc,age       ] GC(28) - age   2:       2416 bytes,       8272 total
[2019-12-09T03:17:58.407+0000][1][gc,age       ] GC(28) - age   3:       4912 bytes,      13184 total
[2019-12-09T03:17:58.407+0000][1][gc,age       ] GC(28) - age   4:       1560 bytes,      14744 total
[2019-12-09T03:17:58.407+0000][1][gc,age       ] GC(28) - age   5:       6936 bytes,      21680 total
[2019-12-09T03:17:58.407+0000][1][gc,age       ] GC(28) - age   6:    1420632 bytes,    1442312 total
[2019-12-09T03:17:58.407+0000][1][gc,heap      ] GC(28) ParNew: 71876K->2062K(78656K)
[2019-12-09T03:17:58.407+0000][1][gc,heap      ] GC(28) CMS: 68018K->68018K(174784K)
[2019-12-09T03:17:58.407+0000][1][gc,metaspace ] GC(28) Metaspace: 68098K->68098K(1112064K)
[2019-12-09T03:17:58.407+0000][1][gc           ] GC(28) Pause Young (Allocation Failure) 136M->68M(247M) 4.881ms
[2019-12-09T03:17:58.407+0000][1][gc,cpu       ] GC(28) User=0.01s Sys=0.00s Real=0.01s
[2019-12-09T03:17:58.407+0000][1][safepoint    ] Leaving safepoint region
[2019-12-09T03:17:58.407+0000][1][safepoint    ] Total time for which application threads were stopped: 0.0050243 seconds, Stopping threads took: 0.0000161 seconds
[2019-12-09T03:17:59.407+0000][1][safepoint    ] Application time: 1.0000856 seconds
[2019-12-09T03:17:59.407+0000][1][safepoint    ] Entering safepoint region: Cleanup
[2019-12-09T03:17:59.407+0000][1][safepoint    ] Leaving safepoint region
[2019-12-09T03:17:59.407+0000][1][safepoint    ] Total time for which application threads were stopped: 0.0000773 seconds, Stopping threads took: 0.0000188 seconds
[2019-12-09T03:18:00.407+0000][1][safepoint    ] Application time: 1.0000719 seconds
[2019-12-09T03:18:00.407+0000][1][safepoint    ] Entering safepoint region: Cleanup
[2019-12-09T03:18:00.407+0000][1][safepoint    ] Leaving safepoint region
[2019-12-09T03:18:00.407+0000][1][safepoint    ] Total time for which application threads were stopped: 0.0000857 seconds, Stopping threads took: 0.0000250 seconds
[2019-12-09T03:18:01.407+0000][1][safepoint    ] Application time: 1.0000765 seconds
[2019-12-09T03:18:01.407+0000][1][safepoint    ] Entering safepoint region: Cleanup
[2019-12-09T03:18:01.407+0000][1][safepoint    ] Leaving safepoint region
[2019-12-09T03:18:01.407+0000][1][safepoint    ] Total time for which application threads were stopped: 0.0000746 seconds, Stopping threads took: 0.0000182 seconds
[2019-12-09T03:18:02.408+0000][1][safepoint    ] Application time: 1.0000775 seconds
[2019-12-09T03:18:02.408+0000][1][safepoint    ] Entering safepoint region: Cleanup
[2019-12-09T03:18:02.408+0000][1][safepoint    ] Leaving safepoint region
[2019-12-09T03:18:02.408+0000][1][safepoint    ] Total time for which application threads were stopped: 0.0000755 seconds, Stopping threads took: 0.0000180 seconds
[2019-12-09T03:18:03.408+0000][1][safepoint    ] Application time: 1.0000769 seconds
[2019-12-09T03:18:03.408+0000][1][safepoint    ] Entering safepoint region: Cleanup
[2019-12-09T03:18:03.408+0000][1][safepoint    ] Leaving safepoint region
[2019-12-09T03:18:03.408+0000][1][safepoint    ] Total time for which application threads were stopped: 0.0000782 seconds, Stopping threads took: 0.0000196 seconds
[2019-12-09T03:18:04.408+0000][1][safepoint    ] Application time: 1.0000777 seconds
[2019-12-09T03:18:04.408+0000][1][safepoint    ] Entering safepoint region: Cleanup
[2019-12-09T03:18:04.408+0000][1][safepoint    ] Leaving safepoint region
[2019-12-09T03:18:04.408+0000][1][safepoint    ] Total time for which application threads were stopped: 0.0000739 seconds, Stopping threads took: 0.0000169 seconds
[2019-12-09T03:18:05.408+0000][1][safepoint    ] Application time: 1.0000747 seconds
[2019-12-09T03:18:05.408+0000][1][safepoint    ] Entering safepoint region: Cleanup
[2019-12-09T03:18:05.408+0000][1][safepoint    ] Leaving safepoint region
[2019-12-09T03:18:05.408+0000][1][safepoint    ] Total time for which application threads were stopped: 0.0000801 seconds, Stopping threads took: 0.0000169 seconds
[2019-12-09T03:18:06.408+0000][1][safepoint    ] Application time: 1.0000781 seconds
[2019-12-09T03:18:06.408+0000][1][safepoint    ] Entering safepoint region: Cleanup
[2019-12-09T03:18:06.408+0000][1][safepoint    ] Leaving safepoint region
[2019-12-09T03:18:06.408+0000][1][safepoint    ] Total time for which application threads were stopped: 0.0000739 seconds, Stopping threads took: 0.0000175 seconds
[2019-12-09T03:18:07.409+0000][1][safepoint    ] Application time: 1.0000760 seconds
[2019-12-09T03:18:07.409+0000][1][safepoint    ] Entering safepoint region: Cleanup
[2019-12-09T03:18:07.409+0000][1][safepoint    ] Leaving safepoint region
[2019-12-09T03:18:07.409+0000][1][safepoint    ] Total time for which application threads were stopped: 0.0000752 seconds, Stopping threads took: 0.0000174 seconds
[2019-12-09T03:18:08.409+0000][1][safepoint    ] Application time: 1.0000771 seconds
[2019-12-09T03:18:08.409+0000][1][safepoint    ] Entering safepoint region: Cleanup
[2019-12-09T03:18:08.409+0000][1][safepoint    ] Leaving safepoint region
[2019-12-09T03:18:08.409+0000][1][safepoint    ] Total time for which application threads were stopped: 0.0000746 seconds, Stopping threads took: 0.0000193 seconds
[2019-12-09T03:18:09.409+0000][1][safepoint    ] Application time: 1.0000771 seconds
[2019-12-09T03:18:09.409+0000][1][safepoint    ] Entering safepoint region: Cleanup
[2019-12-09T03:18:09.409+0000][1][safepoint    ] Leaving safepoint region
[2019-12-09T03:18:09.409+0000][1][safepoint    ] Total time for which application threads were stopped: 0.0000776 seconds, Stopping threads took: 0.0000185 seconds
[2019-12-09T03:18:10.409+0000][1][safepoint    ] Application time: 1.0000786 seconds
[2019-12-09T03:18:10.409+0000][1][safepoint    ] Entering safepoint region: Cleanup
[2019-12-09T03:18:10.409+0000][1][safepoint    ] Leaving safepoint region
[2019-12-09T03:18:10.409+0000][1][safepoint    ] Total time for which application threads were stopped: 0.0000746 seconds, Stopping threads took: 0.0000176 seconds
[2019-12-09T03:18:11.409+0000][1][safepoint    ] Application time: 1.0000771 seconds
[2019-12-09T03:18:11.409+0000][1][safepoint    ] Entering safepoint region: Cleanup
[2019-12-09T03:18:11.409+0000][1][safepoint    ] Leaving safepoint region
[2019-12-09T03:18:11.409+0000][1][safepoint    ] Total time for which application threads were stopped: 0.0000744 seconds, Stopping threads took: 0.0000179 seconds
[2019-12-09T03:18:12.409+0000][1][safepoint    ] Application time: 1.0000752 seconds
[2019-12-09T03:18:12.410+0000][1][safepoint    ] Entering safepoint region: Cleanup
[2019-12-09T03:18:12.410+0000][1][safepoint    ] Leaving safepoint region
[2019-12-09T03:18:12.410+0000][1][safepoint    ] Total time for which application threads were stopped: 0.0000755 seconds, Stopping threads took: 0.0000175 seconds
[2019-12-09T03:18:13.410+0000][1][safepoint    ] Application time: 1.0000852 seconds
[2019-12-09T03:18:13.410+0000][1][safepoint    ] Entering safepoint region: Cleanup
[2019-12-09T03:18:13.410+0000][1][safepoint    ] Leaving safepoint region
[2019-12-09T03:18:13.410+0000][1][safepoint    ] Total time for which application threads were stopped: 0.0000721 seconds, Stopping threads took: 0.0000166 seconds
[2019-12-09T03:18:14.410+0000][1][safepoint    ] Application time: 1.0000890 seconds
[2019-12-09T03:18:14.410+0000][1][safepoint    ] Entering safepoint region: Cleanup
[2019-12-09T03:18:14.410+0000][1][safepoint    ] Leaving safepoint region
[2019-12-09T03:18:14.410+0000][1][safepoint    ] Total time for which application threads were stopped: 0.0000989 seconds, Stopping threads took: 0.0000241 seconds
[2019-12-09T03:18:15.410+0000][1][safepoint    ] Application time: 1.0000768 seconds
[2019-12-09T03:18:15.410+0000][1][safepoint    ] Entering safepoint region: Cleanup
[2019-12-09T03:18:15.410+0000][1][safepoint    ] Leaving safepoint region
[2019-12-09T03:18:15.410+0000][1][safepoint    ] Total time for which application threads were stopped: 0.0000734 seconds, Stopping threads took: 0.0000175 seconds
[2019-12-09T03:18:16.410+0000][1][safepoint    ] Application time: 1.0000751 seconds
[2019-12-09T03:18:16.410+0000][1][safepoint    ] Entering safepoint region: Cleanup
[2019-12-09T03:18:16.410+0000][1][safepoint    ] Leaving safepoint region
[2019-12-09T03:18:16.410+0000][1][safepoint    ] Total time for which application threads were stopped: 0.0000725 seconds, Stopping threads took: 0.0000177 seconds
[2019-12-09T03:18:17.411+0000][1][safepoint    ] Application time: 1.0000780 seconds
[2019-12-09T03:18:17.411+0000][1][safepoint    ] Entering safepoint region: Cleanup
[2019-12-09T03:18:17.411+0000][1][safepoint    ] Leaving safepoint region
[2019-12-09T03:18:17.411+0000][1][safepoint    ] Total time for which application threads were stopped: 0.0000755 seconds, Stopping threads took: 0.0000187 seconds
[2019-12-09T03:18:18.411+0000][1][safepoint    ] Application time: 1.0000757 seconds
[2019-12-09T03:18:18.411+0000][1][safepoint    ] Entering safepoint region: Cleanup
[2019-12-09T03:18:18.411+0000][1][safepoint    ] Leaving safepoint region
[2019-12-09T03:18:18.411+0000][1][safepoint    ] Total time for which application threads were stopped: 0.0000750 seconds, Stopping threads took: 0.0000184 seconds
[2019-12-09T03:18:19.411+0000][1][safepoint    ] Application time: 1.0000770 seconds
[2019-12-09T03:18:19.411+0000][1][safepoint    ] Entering safepoint region: Cleanup
[2019-12-09T03:18:19.411+0000][1][safepoint    ] Leaving safepoint region
[2019-12-09T03:18:19.411+0000][1][safepoint    ] Total time for which application threads were stopped: 0.0000731 seconds, Stopping threads took: 0.0000174 seconds
[2019-12-09T03:18:20.411+0000][1][safepoint    ] Application time: 1.0000739 seconds
[2019-12-09T03:18:20.411+0000][1][safepoint    ] Entering safepoint region: Cleanup
[2019-12-09T03:18:20.411+0000][1][safepoint    ] Leaving safepoint region
[2019-12-09T03:18:20.411+0000][1][safepoint    ] Total time for which application threads were stopped: 0.0000736 seconds, Stopping threads took: 0.0000166 seconds
[2019-12-09T03:18:21.411+0000][1][safepoint    ] Application time: 1.0000767 seconds
[2019-12-09T03:18:21.411+0000][1][safepoint    ] Entering safepoint region: Cleanup
[2019-12-09T03:18:21.411+0000][1][safepoint    ] Leaving safepoint region
[2019-12-09T03:18:21.411+0000][1][safepoint    ] Total time for which application threads were stopped: 0.0000722 seconds, Stopping threads took: 0.0000166 seconds
[2019-12-09T03:18:22.411+0000][1][safepoint    ] Application time: 1.0000758 seconds
[2019-12-09T03:18:22.412+0000][1][safepoint    ] Entering safepoint region: Cleanup
[2019-12-09T03:18:22.412+0000][1][safepoint    ] Leaving safepoint region
[2019-12-09T03:18:22.412+0000][1][safepoint    ] Total time for which application threads were stopped: 0.0000750 seconds, Stopping threads took: 0.0000180 seconds
[2019-12-09T03:18:23.412+0000][1][safepoint    ] Application time: 1.0000761 seconds
[2019-12-09T03:18:23.412+0000][1][safepoint    ] Entering safepoint region: Cleanup
[2019-12-09T03:18:23.412+0000][1][safepoint    ] Leaving safepoint region
[2019-12-09T03:18:23.412+0000][1][safepoint    ] Total time for which application threads were stopped: 0.0000751 seconds, Stopping threads took: 0.0000178 seconds
[2019-12-09T03:18:24.412+0000][1][safepoint    ] Application time: 1.0000822 seconds
[2019-12-09T03:18:24.412+0000][1][safepoint    ] Entering safepoint region: Cleanup
[2019-12-09T03:18:24.412+0000][1][safepoint    ] Leaving safepoint region
[2019-12-09T03:18:24.412+0000][1][safepoint    ] Total time for which application threads were stopped: 0.0000739 seconds, Stopping threads took: 0.0000181 seconds
[2019-12-09T03:18:25.412+0000][1][safepoint    ] Application time: 1.0000775 seconds
[2019-12-09T03:18:25.412+0000][1][safepoint    ] Entering safepoint region: Cleanup
[2019-12-09T03:18:25.412+0000][1][safepoint    ] Leaving safepoint region
[2019-12-09T03:18:25.412+0000][1][safepoint    ] Total time for which application threads were stopped: 0.0000748 seconds, Stopping threads took: 0.0000173 seconds
[2019-12-09T03:18:26.412+0000][1][safepoint    ] Application time: 1.0000744 seconds
[2019-12-09T03:18:26.412+0000][1][safepoint    ] Entering safepoint region: Cleanup
[2019-12-09T03:18:26.412+0000][1][safepoint    ] Leaving safepoint region
[2019-12-09T03:18:26.412+0000][1][safepoint    ] Total time for which application threads were stopped: 0.0000725 seconds, Stopping threads took: 0.0000159 seconds
[2019-12-09T03:18:27.412+0000][1][safepoint    ] Application time: 1.0000481 seconds
[2019-12-09T03:18:27.412+0000][1][safepoint    ] Entering safepoint region: Cleanup
[2019-12-09T03:18:27.413+0000][1][safepoint    ] Leaving safepoint region
[2019-12-09T03:18:27.413+0000][1][safepoint    ] Total time for which application threads were stopped: 0.0000760 seconds, Stopping threads took: 0.0000184 seconds
[2019-12-09T03:18:28.413+0000][1][safepoint    ] Application time: 1.0000776 seconds
[2019-12-09T03:18:28.413+0000][1][safepoint    ] Entering safepoint region: Cleanup
[2019-12-09T03:18:28.413+0000][1][safepoint    ] Leaving safepoint region
[2019-12-09T03:18:28.413+0000][1][safepoint    ] Total time for which application threads were stopped: 0.0000856 seconds, Stopping threads took: 0.0000282 seconds
[2019-12-09T03:18:29.413+0000][1][safepoint    ] Application time: 1.0000749 seconds
[2019-12-09T03:18:29.413+0000][1][safepoint    ] Entering safepoint region: Cleanup
[2019-12-09T03:18:29.413+0000][1][safepoint    ] Leaving safepoint region
[2019-12-09T03:18:29.413+0000][1][safepoint    ] Total time for which application threads were stopped: 0.0000812 seconds, Stopping threads took: 0.0000163 seconds
[2019-12-09T03:18:30.413+0000][1][safepoint    ] Application time: 1.0000770 seconds
[2019-12-09T03:18:30.413+0000][1][safepoint    ] Entering safepoint region: Cleanup
[2019-12-09T03:18:30.413+0000][1][safepoint    ] Leaving safepoint region
[2019-12-09T03:18:30.413+0000][1][safepoint    ] Total time for which application threads were stopped: 0.0000819 seconds, Stopping threads took: 0.0000266 seconds
[2019-12-09T03:18:31.413+0000][1][safepoint    ] Application time: 1.0000759 seconds
[2019-12-09T03:18:31.413+0000][1][safepoint    ] Entering safepoint region: Cleanup
[2019-12-09T03:18:31.413+0000][1][safepoint    ] Leaving safepoint region
[2019-12-09T03:18:31.413+0000][1][safepoint    ] Total time for which application threads were stopped: 0.0000795 seconds, Stopping threads took: 0.0000172 seconds
[2019-12-09T03:18:32.413+0000][1][safepoint    ] Application time: 1.0000752 seconds
[2019-12-09T03:18:32.413+0000][1][safepoint    ] Entering safepoint region: Cleanup
[2019-12-09T03:18:32.414+0000][1][safepoint    ] Leaving safepoint region
[2019-12-09T03:18:32.414+0000][1][safepoint    ] Total time for which application threads were stopped: 0.0000734 seconds, Stopping threads took: 0.0000163 seconds
[2019-12-09T03:18:33.414+0000][1][safepoint    ] Application time: 1.0000758 seconds
[2019-12-09T03:18:33.414+0000][1][safepoint    ] Entering safepoint region: Cleanup
[2019-12-09T03:18:33.414+0000][1][safepoint    ] Leaving safepoint region
[2019-12-09T03:18:33.414+0000][1][safepoint    ] Total time for which application threads were stopped: 0.0000737 seconds, Stopping threads took: 0.0000193 seconds
[2019-12-09T03:18:34.414+0000][1][safepoint    ] Application time: 1.0000797 seconds
[2019-12-09T03:18:34.414+0000][1][safepoint    ] Entering safepoint region: Cleanup
[2019-12-09T03:18:34.414+0000][1][safepoint    ] Leaving safepoint region
[2019-12-09T03:18:34.414+0000][1][safepoint    ] Total time for which application threads were stopped: 0.0000803 seconds, Stopping threads took: 0.0000214 seconds
[2019-12-09T03:18:35.414+0000][1][safepoint    ] Application time: 1.0000771 seconds
[2019-12-09T03:18:35.414+0000][1][safepoint    ] Entering safepoint region: Cleanup
[2019-12-09T03:18:35.414+0000][1][safepoint    ] Leaving safepoint region
[2019-12-09T03:18:35.414+0000][1][safepoint    ] Total time for which application threads were stopped: 0.0000741 seconds, Stopping threads took: 0.0000180 seconds
[2019-12-09T03:18:36.414+0000][1][safepoint    ] Application time: 1.0000784 seconds
[2019-12-09T03:18:36.414+0000][1][safepoint    ] Entering safepoint region: Cleanup
[2019-12-09T03:18:36.414+0000][1][safepoint    ] Leaving safepoint region
[2019-12-09T03:18:36.414+0000][1][safepoint    ] Total time for which application threads were stopped: 0.0000736 seconds, Stopping threads took: 0.0000183 seconds
[2019-12-09T03:18:37.414+0000][1][safepoint    ] Application time: 1.0000780 seconds
[2019-12-09T03:18:37.414+0000][1][safepoint    ] Entering safepoint region: Cleanup
[2019-12-09T03:18:37.415+0000][1][safepoint    ] Leaving safepoint region
[2019-12-09T03:18:37.415+0000][1][safepoint    ] Total time for which application threads were stopped: 0.0000729 seconds, Stopping threads took: 0.0000172 seconds
[2019-12-09T03:18:38.415+0000][1][safepoint    ] Application time: 1.0000759 seconds
[2019-12-09T03:18:38.415+0000][1][safepoint    ] Entering safepoint region: Cleanup
[2019-12-09T03:18:38.415+0000][1][safepoint    ] Leaving safepoint region
[2019-12-09T03:18:38.415+0000][1][safepoint    ] Total time for which application threads were stopped: 0.0000746 seconds, Stopping threads took: 0.0000181 seconds
[2019-12-09T03:18:39.415+0000][1][safepoint    ] Application time: 1.0000781 seconds
[2019-12-09T03:18:39.415+0000][1][safepoint    ] Entering safepoint region: Cleanup
[2019-12-09T03:18:39.415+0000][1][safepoint    ] Leaving safepoint region
[2019-12-09T03:18:39.415+0000][1][safepoint    ] Total time for which application threads were stopped: 0.0000728 seconds, Stopping threads took: 0.0000171 seconds
[2019-12-09T03:18:40.415+0000][1][safepoint    ] Application time: 1.0000777 seconds
[2019-12-09T03:18:40.415+0000][1][safepoint    ] Entering safepoint region: Cleanup
[2019-12-09T03:18:40.415+0000][1][safepoint    ] Leaving safepoint region
[2019-12-09T03:18:40.415+0000][1][safepoint    ] Total time for which application threads were stopped: 0.0000724 seconds, Stopping threads took: 0.0000172 seconds
[2019-12-09T03:18:41.415+0000][1][safepoint    ] Application time: 1.0000747 seconds
[2019-12-09T03:18:41.415+0000][1][safepoint    ] Entering safepoint region: Cleanup
[2019-12-09T03:18:41.415+0000][1][safepoint    ] Leaving safepoint region
[2019-12-09T03:18:41.415+0000][1][safepoint    ] Total time for which application threads were stopped: 0.0000724 seconds, Stopping threads took: 0.0000167 seconds
[2019-12-09T03:18:42.415+0000][1][safepoint    ] Application time: 1.0000818 seconds
[2019-12-09T03:18:42.415+0000][1][safepoint    ] Entering safepoint region: Cleanup
[2019-12-09T03:18:42.416+0000][1][safepoint    ] Leaving safepoint region
[2019-12-09T03:18:42.416+0000][1][safepoint    ] Total time for which application threads were stopped: 0.0000739 seconds, Stopping threads took: 0.0000171 seconds
[2019-12-09T03:18:43.416+0000][1][safepoint    ] Application time: 1.0000754 seconds
[2019-12-09T03:18:43.416+0000][1][safepoint    ] Entering safepoint region: Cleanup
[2019-12-09T03:18:43.416+0000][1][safepoint    ] Leaving safepoint region
[2019-12-09T03:18:43.416+0000][1][safepoint    ] Total time for which application threads were stopped: 0.0000848 seconds, Stopping threads took: 0.0000298 seconds
[2019-12-09T03:18:44.416+0000][1][safepoint    ] Application time: 1.0000876 seconds
[2019-12-09T03:18:44.416+0000][1][safepoint    ] Entering safepoint region: Cleanup
[2019-12-09T03:18:44.416+0000][1][safepoint    ] Leaving safepoint region
[2019-12-09T03:18:44.416+0000][1][safepoint    ] Total time for which application threads were stopped: 0.0001085 seconds, Stopping threads took: 0.0000266 seconds
[2019-12-09T03:18:45.416+0000][1][safepoint    ] Application time: 1.0000764 seconds
[2019-12-09T03:18:45.416+0000][1][safepoint    ] Entering safepoint region: Cleanup
[2019-12-09T03:18:45.416+0000][1][safepoint    ] Leaving safepoint region
[2019-12-09T03:18:45.416+0000][1][safepoint    ] Total time for which application threads were stopped: 0.0000741 seconds, Stopping threads took: 0.0000168 seconds
[2019-12-09T03:18:46.416+0000][1][safepoint    ] Application time: 1.0000775 seconds
[2019-12-09T03:18:46.416+0000][1][safepoint    ] Entering safepoint region: Cleanup
[2019-12-09T03:18:46.416+0000][1][safepoint    ] Leaving safepoint region
[2019-12-09T03:18:46.416+0000][1][safepoint    ] Total time for which application threads were stopped: 0.0000743 seconds, Stopping threads took: 0.0000176 seconds
[2019-12-09T03:18:47.416+0000][1][safepoint    ] Application time: 1.0000768 seconds
[2019-12-09T03:18:47.417+0000][1][safepoint    ] Entering safepoint region: Cleanup
[2019-12-09T03:18:47.417+0000][1][safepoint    ] Leaving safepoint region
[2019-12-09T03:18:47.417+0000][1][safepoint    ] Total time for which application threads were stopped: 0.0000712 seconds, Stopping threads took: 0.0000165 seconds
[2019-12-09T03:18:48.417+0000][1][safepoint    ] Application time: 1.0000755 seconds
[2019-12-09T03:18:48.417+0000][1][safepoint    ] Entering safepoint region: Cleanup
[2019-12-09T03:18:48.417+0000][1][safepoint    ] Leaving safepoint region
[2019-12-09T03:18:48.417+0000][1][safepoint    ] Total time for which application threads were stopped: 0.0000724 seconds, Stopping threads took: 0.0000168 seconds
[2019-12-09T03:18:49.417+0000][1][safepoint    ] Application time: 1.0000772 seconds
[2019-12-09T03:18:49.417+0000][1][safepoint    ] Entering safepoint region: Cleanup
[2019-12-09T03:18:49.417+0000][1][safepoint    ] Leaving safepoint region
[2019-12-09T03:18:49.417+0000][1][safepoint    ] Total time for which application threads were stopped: 0.0000728 seconds, Stopping threads took: 0.0000163 seconds
[2019-12-09T03:18:50.417+0000][1][safepoint    ] Application time: 1.0000788 seconds
[2019-12-09T03:18:50.417+0000][1][safepoint    ] Entering safepoint region: Cleanup
[2019-12-09T03:18:50.417+0000][1][safepoint    ] Leaving safepoint region
[2019-12-09T03:18:50.417+0000][1][safepoint    ] Total time for which application threads were stopped: 0.0000788 seconds, Stopping threads took: 0.0000170 seconds
[2019-12-09T03:18:51.417+0000][1][safepoint    ] Application time: 1.0000765 seconds
[2019-12-09T03:18:51.417+0000][1][safepoint    ] Entering safepoint region: Cleanup
[2019-12-09T03:18:51.417+0000][1][safepoint    ] Leaving safepoint region
[2019-12-09T03:18:51.417+0000][1][safepoint    ] Total time for which application threads were stopped: 0.0000792 seconds, Stopping threads took: 0.0000170 seconds
[2019-12-09T03:18:52.417+0000][1][safepoint    ] Application time: 1.0000761 seconds
[2019-12-09T03:18:52.418+0000][1][safepoint    ] Entering safepoint region: Cleanup
[2019-12-09T03:18:52.418+0000][1][safepoint    ] Leaving safepoint region
[2019-12-09T03:18:52.418+0000][1][safepoint    ] Total time for which application threads were stopped: 0.0000757 seconds, Stopping threads took: 0.0000160 seconds
[2019-12-09T03:18:53.418+0000][1][safepoint    ] Application time: 1.0000756 seconds
[2019-12-09T03:18:53.418+0000][1][safepoint    ] Entering safepoint region: Cleanup
[2019-12-09T03:18:53.418+0000][1][safepoint    ] Leaving safepoint region
[2019-12-09T03:18:53.418+0000][1][safepoint    ] Total time for which application threads were stopped: 0.0000731 seconds, Stopping threads took: 0.0000177 seconds
[2019-12-09T03:18:54.418+0000][1][safepoint    ] Application time: 1.0000754 seconds
[2019-12-09T03:18:54.418+0000][1][safepoint    ] Entering safepoint region: Cleanup
[2019-12-09T03:18:54.418+0000][1][safepoint    ] Leaving safepoint region
[2019-12-09T03:18:54.418+0000][1][safepoint    ] Total time for which application threads were stopped: 0.0000732 seconds, Stopping threads took: 0.0000165 seconds
[2019-12-09T03:18:55.418+0000][1][safepoint    ] Application time: 1.0000759 seconds
[2019-12-09T03:18:55.418+0000][1][safepoint    ] Entering safepoint region: Cleanup
[2019-12-09T03:18:55.418+0000][1][safepoint    ] Leaving safepoint region
[2019-12-09T03:18:55.418+0000][1][safepoint    ] Total time for which application threads were stopped: 0.0000754 seconds, Stopping threads took: 0.0000168 seconds
[2019-12-09T03:18:56.418+0000][1][safepoint    ] Application time: 1.0000744 seconds
[2019-12-09T03:18:56.418+0000][1][safepoint    ] Entering safepoint region: Cleanup
[2019-12-09T03:18:56.418+0000][1][safepoint    ] Leaving safepoint region
[2019-12-09T03:18:56.418+0000][1][safepoint    ] Total time for which application threads were stopped: 0.0000706 seconds, Stopping threads took: 0.0000161 seconds
[2019-12-09T03:18:57.418+0000][1][safepoint    ] Application time: 1.0000751 seconds
[2019-12-09T03:18:57.418+0000][1][safepoint    ] Entering safepoint region: Cleanup
[2019-12-09T03:18:57.419+0000][1][safepoint    ] Leaving safepoint region
[2019-12-09T03:18:57.419+0000][1][safepoint    ] Total time for which application threads were stopped: 0.0000884 seconds, Stopping threads took: 0.0000168 seconds
[2019-12-09T03:18:58.419+0000][1][safepoint    ] Application time: 1.0000784 seconds
[2019-12-09T03:18:58.419+0000][1][safepoint    ] Entering safepoint region: Cleanup
[2019-12-09T03:18:58.419+0000][1][safepoint    ] Leaving safepoint region
[2019-12-09T03:18:58.419+0000][1][safepoint    ] Total time for which application threads were stopped: 0.0000733 seconds, Stopping threads took: 0.0000163 seconds
[2019-12-09T03:18:59.419+0000][1][safepoint    ] Application time: 1.0000775 seconds
[2019-12-09T03:18:59.419+0000][1][safepoint    ] Entering safepoint region: Cleanup
[2019-12-09T03:18:59.419+0000][1][safepoint    ] Leaving safepoint region
[2019-12-09T03:18:59.419+0000][1][safepoint    ] Total time for which application threads were stopped: 0.0000738 seconds, Stopping threads took: 0.0000172 seconds
[2019-12-09T03:19:00.419+0000][1][safepoint    ] Application time: 1.0000794 seconds
[2019-12-09T03:19:00.419+0000][1][safepoint    ] Entering safepoint region: Cleanup
[2019-12-09T03:19:00.419+0000][1][safepoint    ] Leaving safepoint region
[2019-12-09T03:19:00.419+0000][1][safepoint    ] Total time for which application threads were stopped: 0.0000806 seconds, Stopping threads took: 0.0000241 seconds
[2019-12-09T03:19:01.419+0000][1][safepoint    ] Application time: 1.0000803 seconds
[2019-12-09T03:19:01.419+0000][1][safepoint    ] Entering safepoint region: Cleanup
[2019-12-09T03:19:01.419+0000][1][safepoint    ] Leaving safepoint region
[2019-12-09T03:19:01.419+0000][1][safepoint    ] Total time for which application threads were stopped: 0.0000899 seconds, Stopping threads took: 0.0000219 seconds
[2019-12-09T03:19:02.419+0000][1][safepoint    ] Application time: 1.0000779 seconds
[2019-12-09T03:19:02.420+0000][1][safepoint    ] Entering safepoint region: Cleanup
[2019-12-09T03:19:02.420+0000][1][safepoint    ] Leaving safepoint region
[2019-12-09T03:19:02.420+0000][1][safepoint    ] Total time for which application threads were stopped: 0.0000752 seconds, Stopping threads took: 0.0000169 seconds
[2019-12-09T03:19:03.420+0000][1][safepoint    ] Application time: 1.0000942 seconds
[2019-12-09T03:19:03.420+0000][1][safepoint    ] Entering safepoint region: Cleanup
[2019-12-09T03:19:03.420+0000][1][safepoint    ] Leaving safepoint region
[2019-12-09T03:19:03.420+0000][1][safepoint    ] Total time for which application threads were stopped: 0.0000760 seconds, Stopping threads took: 0.0000175 seconds
[2019-12-09T03:19:04.420+0000][1][safepoint    ] Application time: 1.0000801 seconds
[2019-12-09T03:19:04.420+0000][1][safepoint    ] Entering safepoint region: Cleanup
[2019-12-09T03:19:04.420+0000][1][safepoint    ] Leaving safepoint region
[2019-12-09T03:19:04.420+0000][1][safepoint    ] Total time for which application threads were stopped: 0.0000745 seconds, Stopping threads took: 0.0000172 seconds
[2019-12-09T03:19:06.252+0000][1][safepoint    ] Application time: 1.8321852 seconds
[2019-12-09T03:19:06.252+0000][1][safepoint    ] Entering safepoint region: Cleanup
[2019-12-09T03:19:06.252+0000][1][safepoint    ] Leaving safepoint region
[2019-12-09T03:19:06.252+0000][1][safepoint    ] Total time for which application threads were stopped: 0.0000839 seconds, Stopping threads took: 0.0000173 seconds
[2019-12-09T03:19:07.252+0000][1][safepoint    ] Application time: 1.0000855 seconds
[2019-12-09T03:19:07.252+0000][1][safepoint    ] Entering safepoint region: Cleanup
[2019-12-09T03:19:07.253+0000][1][safepoint    ] Leaving safepoint region
[2019-12-09T03:19:07.253+0000][1][safepoint    ] Total time for which application threads were stopped: 0.0000733 seconds, Stopping threads took: 0.0000169 seconds
[2019-12-09T03:19:08.253+0000][1][safepoint    ] Application time: 1.0000779 seconds
[2019-12-09T03:19:08.253+0000][1][safepoint    ] Entering safepoint region: Cleanup
[2019-12-09T03:19:08.253+0000][1][safepoint    ] Leaving safepoint region
[2019-12-09T03:19:08.253+0000][1][safepoint    ] Total time for which application threads were stopped: 0.0001278 seconds, Stopping threads took: 0.0000347 seconds
[2019-12-09T03:19:09.253+0000][1][safepoint    ] Application time: 1.0000818 seconds
[2019-12-09T03:19:09.253+0000][1][safepoint    ] Entering safepoint region: Cleanup
[2019-12-09T03:19:09.253+0000][1][safepoint    ] Leaving safepoint region
[2019-12-09T03:19:09.253+0000][1][safepoint    ] Total time for which application threads were stopped: 0.0000744 seconds, Stopping threads took: 0.0000170 seconds
[2019-12-09T03:19:10.253+0000][1][safepoint    ] Application time: 1.0000753 seconds
[2019-12-09T03:19:10.253+0000][1][safepoint    ] Entering safepoint region: Cleanup
[2019-12-09T03:19:10.253+0000][1][safepoint    ] Leaving safepoint region
[2019-12-09T03:19:10.253+0000][1][safepoint    ] Total time for which application threads were stopped: 0.0000755 seconds, Stopping threads took: 0.0000168 seconds
[2019-12-09T03:19:11.253+0000][1][safepoint    ] Application time: 1.0000768 seconds
[2019-12-09T03:19:11.253+0000][1][safepoint    ] Entering safepoint region: Cleanup
[2019-12-09T03:19:11.253+0000][1][safepoint    ] Leaving safepoint region
[2019-12-09T03:19:11.253+0000][1][safepoint    ] Total time for which application threads were stopped: 0.0000744 seconds, Stopping threads took: 0.0000174 seconds
[2019-12-09T03:19:12.253+0000][1][safepoint    ] Application time: 1.0000766 seconds
[2019-12-09T03:19:12.254+0000][1][safepoint    ] Entering safepoint region: Cleanup
[2019-12-09T03:19:12.254+0000][1][safepoint    ] Leaving safepoint region
[2019-12-09T03:19:12.254+0000][1][safepoint    ] Total time for which application threads were stopped: 0.0000839 seconds, Stopping threads took: 0.0000244 seconds
[2019-12-09T03:19:13.254+0000][1][safepoint    ] Application time: 1.0000764 seconds
[2019-12-09T03:19:13.254+0000][1][safepoint    ] Entering safepoint region: Cleanup
[2019-12-09T03:19:13.254+0000][1][safepoint    ] Leaving safepoint region
[2019-12-09T03:19:13.254+0000][1][safepoint    ] Total time for which application threads were stopped: 0.0000754 seconds, Stopping threads took: 0.0000172 seconds
[2019-12-09T03:19:14.254+0000][1][safepoint    ] Application time: 1.0000784 seconds
[2019-12-09T03:19:14.254+0000][1][safepoint    ] Entering safepoint region: Cleanup
[2019-12-09T03:19:14.254+0000][1][safepoint    ] Leaving safepoint region
[2019-12-09T03:19:14.254+0000][1][safepoint    ] Total time for which application threads were stopped: 0.0000738 seconds, Stopping threads took: 0.0000165 seconds
[2019-12-09T03:19:15.254+0000][1][safepoint    ] Application time: 1.0000761 seconds
[2019-12-09T03:19:15.254+0000][1][safepoint    ] Entering safepoint region: Cleanup
[2019-12-09T03:19:15.254+0000][1][safepoint    ] Leaving safepoint region
[2019-12-09T03:19:15.254+0000][1][safepoint    ] Total time for which application threads were stopped: 0.0000918 seconds, Stopping threads took: 0.0000187 seconds
[2019-12-09T03:19:16.254+0000][1][safepoint    ] Application time: 1.0000838 seconds
[2019-12-09T03:19:16.254+0000][1][safepoint    ] Entering safepoint region: Cleanup
[2019-12-09T03:19:16.254+0000][1][safepoint    ] Leaving safepoint region
[2019-12-09T03:19:16.254+0000][1][safepoint    ] Total time for which application threads were stopped: 0.0000755 seconds, Stopping threads took: 0.0000164 seconds
[2019-12-09T03:19:17.254+0000][1][safepoint    ] Application time: 1.0000779 seconds
[2019-12-09T03:19:17.255+0000][1][safepoint    ] Entering safepoint region: Cleanup
[2019-12-09T03:19:17.255+0000][1][safepoint    ] Leaving safepoint region
[2019-12-09T03:19:17.255+0000][1][safepoint    ] Total time for which application threads were stopped: 0.0000753 seconds, Stopping threads took: 0.0000166 seconds
[2019-12-09T03:19:18.255+0000][1][safepoint    ] Application time: 1.0000865 seconds
[2019-12-09T03:19:18.255+0000][1][safepoint    ] Entering safepoint region: Cleanup
[2019-12-09T03:19:18.255+0000][1][safepoint    ] Leaving safepoint region
[2019-12-09T03:19:18.255+0000][1][safepoint    ] Total time for which application threads were stopped: 0.0000733 seconds, Stopping threads took: 0.0000168 seconds
[2019-12-09T03:19:19.255+0000][1][safepoint    ] Application time: 1.0000756 seconds
[2019-12-09T03:19:19.255+0000][1][safepoint    ] Entering safepoint region: Cleanup
[2019-12-09T03:19:19.255+0000][1][safepoint    ] Leaving safepoint region
[2019-12-09T03:19:19.255+0000][1][safepoint    ] Total time for which application threads were stopped: 0.0000724 seconds, Stopping threads took: 0.0000169 seconds
[2019-12-09T03:19:20.255+0000][1][safepoint    ] Application time: 1.0000728 seconds
[2019-12-09T03:19:20.255+0000][1][safepoint    ] Entering safepoint region: Cleanup
[2019-12-09T03:19:20.255+0000][1][safepoint    ] Leaving safepoint region
[2019-12-09T03:19:20.255+0000][1][safepoint    ] Total time for which application threads were stopped: 0.0000724 seconds, Stopping threads took: 0.0000167 seconds
[2019-12-09T03:19:21.255+0000][1][safepoint    ] Application time: 1.0000760 seconds
[2019-12-09T03:19:21.255+0000][1][safepoint    ] Entering safepoint region: Cleanup
[2019-12-09T03:19:21.255+0000][1][safepoint    ] Leaving safepoint region
[2019-12-09T03:19:21.255+0000][1][safepoint    ] Total time for which application threads were stopped: 0.0000744 seconds, Stopping threads took: 0.0000173 seconds
[2019-12-09T03:19:22.255+0000][1][safepoint    ] Application time: 1.0000754 seconds
[2019-12-09T03:19:22.256+0000][1][safepoint    ] Entering safepoint region: Cleanup
[2019-12-09T03:19:22.256+0000][1][safepoint    ] Leaving safepoint region
[2019-12-09T03:19:22.256+0000][1][safepoint    ] Total time for which application threads were stopped: 0.0000836 seconds, Stopping threads took: 0.0000252 seconds
[2019-12-09T03:19:23.256+0000][1][safepoint    ] Application time: 1.0000776 seconds
[2019-12-09T03:19:23.256+0000][1][safepoint    ] Entering safepoint region: Cleanup
[2019-12-09T03:19:23.256+0000][1][safepoint    ] Leaving safepoint region
[2019-12-09T03:19:23.256+0000][1][safepoint    ] Total time for which application threads were stopped: 0.0000763 seconds, Stopping threads took: 0.0000175 seconds
[2019-12-09T03:19:24.256+0000][1][safepoint    ] Application time: 1.0000761 seconds
[2019-12-09T03:19:24.256+0000][1][safepoint    ] Entering safepoint region: Cleanup
[2019-12-09T03:19:24.256+0000][1][safepoint    ] Leaving safepoint region
[2019-12-09T03:19:24.256+0000][1][safepoint    ] Total time for which application threads were stopped: 0.0000730 seconds, Stopping threads took: 0.0000171 seconds
[2019-12-09T03:19:25.256+0000][1][safepoint    ] Application time: 1.0000761 seconds
[2019-12-09T03:19:25.256+0000][1][safepoint    ] Entering safepoint region: Cleanup
[2019-12-09T03:19:25.256+0000][1][safepoint    ] Leaving safepoint region
[2019-12-09T03:19:25.256+0000][1][safepoint    ] Total time for which application threads were stopped: 0.0000758 seconds, Stopping threads took: 0.0000162 seconds
[2019-12-09T03:19:26.256+0000][1][safepoint    ] Application time: 1.0000747 seconds
[2019-12-09T03:19:26.256+0000][1][safepoint    ] Entering safepoint region: Cleanup
[2019-12-09T03:19:26.256+0000][1][safepoint    ] Leaving safepoint region
[2019-12-09T03:19:26.256+0000][1][safepoint    ] Total time for which application threads were stopped: 0.0000744 seconds, Stopping threads took: 0.0000172 seconds
[2019-12-09T03:19:27.256+0000][1][safepoint    ] Application time: 1.0000837 seconds
[2019-12-09T03:19:27.257+0000][1][safepoint    ] Entering safepoint region: Cleanup
[2019-12-09T03:19:27.257+0000][1][safepoint    ] Leaving safepoint region
[2019-12-09T03:19:27.257+0000][1][safepoint    ] Total time for which application threads were stopped: 0.0000756 seconds, Stopping threads took: 0.0000167 seconds
[2019-12-09T03:19:28.876+0000][1][safepoint    ] Application time: 1.6195087 seconds
[2019-12-09T03:19:28.876+0000][1][safepoint    ] Entering safepoint region: Cleanup
[2019-12-09T03:19:28.876+0000][1][safepoint    ] Leaving safepoint region
[2019-12-09T03:19:28.876+0000][1][safepoint    ] Total time for which application threads were stopped: 0.0000692 seconds, Stopping threads took: 0.0000151 seconds
[2019-12-09T03:19:29.876+0000][1][safepoint    ] Application time: 1.0000743 seconds
[2019-12-09T03:19:29.876+0000][1][safepoint    ] Entering safepoint region: Cleanup
[2019-12-09T03:19:29.876+0000][1][safepoint    ] Leaving safepoint region
[2019-12-09T03:19:29.876+0000][1][safepoint    ] Total time for which application threads were stopped: 0.0000759 seconds, Stopping threads took: 0.0000228 seconds
[2019-12-09T03:19:30.876+0000][1][safepoint    ] Application time: 1.0000760 seconds
[2019-12-09T03:19:30.877+0000][1][safepoint    ] Entering safepoint region: Cleanup
[2019-12-09T03:19:30.877+0000][1][safepoint    ] Leaving safepoint region
[2019-12-09T03:19:30.877+0000][1][safepoint    ] Total time for which application threads were stopped: 0.0000679 seconds, Stopping threads took: 0.0000148 seconds
[2019-12-09T03:19:31.877+0000][1][safepoint    ] Application time: 1.0000751 seconds
[2019-12-09T03:19:31.877+0000][1][safepoint    ] Entering safepoint region: Cleanup
[2019-12-09T03:19:31.877+0000][1][safepoint    ] Leaving safepoint region
[2019-12-09T03:19:31.877+0000][1][safepoint    ] Total time for which application threads were stopped: 0.0000682 seconds, Stopping threads took: 0.0000142 seconds
[2019-12-09T03:19:32.877+0000][1][safepoint    ] Application time: 1.0000739 seconds
[2019-12-09T03:19:32.877+0000][1][safepoint    ] Entering safepoint region: Cleanup
[2019-12-09T03:19:32.877+0000][1][safepoint    ] Leaving safepoint region
[2019-12-09T03:19:32.877+0000][1][safepoint    ] Total time for which application threads were stopped: 0.0000758 seconds, Stopping threads took: 0.0000220 seconds
[2019-12-09T03:19:33.877+0000][1][safepoint    ] Application time: 1.0000732 seconds
[2019-12-09T03:19:33.877+0000][1][safepoint    ] Entering safepoint region: Cleanup
[2019-12-09T03:19:33.877+0000][1][safepoint    ] Leaving safepoint region
[2019-12-09T03:19:33.877+0000][1][safepoint    ] Total time for which application threads were stopped: 0.0000821 seconds, Stopping threads took: 0.0000191 seconds
[2019-12-09T03:19:34.877+0000][1][safepoint    ] Application time: 1.0000759 seconds
[2019-12-09T03:19:34.877+0000][1][safepoint    ] Entering safepoint region: Cleanup
[2019-12-09T03:19:34.877+0000][1][safepoint    ] Leaving safepoint region
[2019-12-09T03:19:34.877+0000][1][safepoint    ] Total time for which application threads were stopped: 0.0000692 seconds, Stopping threads took: 0.0000159 seconds
[2019-12-09T03:19:35.877+0000][1][safepoint    ] Application time: 1.0000740 seconds
[2019-12-09T03:19:35.877+0000][1][safepoint    ] Entering safepoint region: Cleanup
[2019-12-09T03:19:35.878+0000][1][safepoint    ] Leaving safepoint region
[2019-12-09T03:19:35.878+0000][1][safepoint    ] Total time for which application threads were stopped: 0.0000701 seconds, Stopping threads took: 0.0000153 seconds
[2019-12-09T03:19:36.878+0000][1][safepoint    ] Application time: 1.0000762 seconds
[2019-12-09T03:19:36.878+0000][1][safepoint    ] Entering safepoint region: Cleanup
[2019-12-09T03:19:36.878+0000][1][safepoint    ] Leaving safepoint region
[2019-12-09T03:19:36.878+0000][1][safepoint    ] Total time for which application threads were stopped: 0.0000835 seconds, Stopping threads took: 0.0000275 seconds
[2019-12-09T03:19:37.878+0000][1][safepoint    ] Application time: 1.0000756 seconds
[2019-12-09T03:19:37.878+0000][1][safepoint    ] Entering safepoint region: Cleanup
[2019-12-09T03:19:37.878+0000][1][safepoint    ] Leaving safepoint region
[2019-12-09T03:19:37.878+0000][1][safepoint    ] Total time for which application threads were stopped: 0.0000691 seconds, Stopping threads took: 0.0000150 seconds
[2019-12-09T03:19:38.878+0000][1][safepoint    ] Application time: 1.0000752 seconds
[2019-12-09T03:19:38.878+0000][1][safepoint    ] Entering safepoint region: Cleanup
[2019-12-09T03:19:38.878+0000][1][safepoint    ] Leaving safepoint region
[2019-12-09T03:19:38.878+0000][1][safepoint    ] Total time for which application threads were stopped: 0.0000678 seconds, Stopping threads took: 0.0000154 seconds
[2019-12-09T03:19:39.878+0000][1][safepoint    ] Application time: 1.0000743 seconds
[2019-12-09T03:19:39.878+0000][1][safepoint    ] Entering safepoint region: Cleanup
[2019-12-09T03:19:39.878+0000][1][safepoint    ] Leaving safepoint region
[2019-12-09T03:19:39.878+0000][1][safepoint    ] Total time for which application threads were stopped: 0.0000671 seconds, Stopping threads took: 0.0000156 seconds
[2019-12-09T03:19:40.878+0000][1][safepoint    ] Application time: 1.0000757 seconds
[2019-12-09T03:19:40.878+0000][1][safepoint    ] Entering safepoint region: Cleanup
[2019-12-09T03:19:40.878+0000][1][safepoint    ] Leaving safepoint region
[2019-12-09T03:19:40.878+0000][1][safepoint    ] Total time for which application threads were stopped: 0.0000708 seconds, Stopping threads took: 0.0000156 seconds
[2019-12-09T03:19:41.879+0000][1][safepoint    ] Application time: 1.0000745 seconds
[2019-12-09T03:19:41.879+0000][1][safepoint    ] Entering safepoint region: Cleanup
[2019-12-09T03:19:41.879+0000][1][safepoint    ] Leaving safepoint region
[2019-12-09T03:19:41.879+0000][1][safepoint    ] Total time for which application threads were stopped: 0.0000690 seconds, Stopping threads took: 0.0000138 seconds
[2019-12-09T03:19:42.879+0000][1][safepoint    ] Application time: 1.0000752 seconds
[2019-12-09T03:19:42.879+0000][1][safepoint    ] Entering safepoint region: Cleanup
[2019-12-09T03:19:42.879+0000][1][safepoint    ] Leaving safepoint region
[2019-12-09T03:19:42.879+0000][1][safepoint    ] Total time for which application threads were stopped: 0.0000732 seconds, Stopping threads took: 0.0000148 seconds
[2019-12-09T03:19:43.879+0000][1][safepoint    ] Application time: 1.0000743 seconds
[2019-12-09T03:19:43.879+0000][1][safepoint    ] Entering safepoint region: Cleanup
[2019-12-09T03:19:43.879+0000][1][safepoint    ] Leaving safepoint region
[2019-12-09T03:19:43.879+0000][1][safepoint    ] Total time for which application threads were stopped: 0.0000711 seconds, Stopping threads took: 0.0000153 seconds
[2019-12-09T03:19:44.879+0000][1][safepoint    ] Application time: 1.0000742 seconds
[2019-12-09T03:19:44.879+0000][1][safepoint    ] Entering safepoint region: Cleanup
[2019-12-09T03:19:44.879+0000][1][safepoint    ] Leaving safepoint region
[2019-12-09T03:19:44.879+0000][1][safepoint    ] Total time for which application threads were stopped: 0.0000684 seconds, Stopping threads took: 0.0000167 seconds
[2019-12-09T03:19:45.879+0000][1][safepoint    ] Application time: 1.0000737 seconds
[2019-12-09T03:19:45.879+0000][1][safepoint    ] Entering safepoint region: Cleanup
[2019-12-09T03:19:45.879+0000][1][safepoint    ] Leaving safepoint region
[2019-12-09T03:19:45.879+0000][1][safepoint    ] Total time for which application threads were stopped: 0.0000701 seconds, Stopping threads took: 0.0000142 seconds
[2019-12-09T03:19:47.704+0000][1][safepoint    ] Application time: 1.8245072 seconds
[2019-12-09T03:19:47.704+0000][1][safepoint    ] Entering safepoint region: Cleanup
[2019-12-09T03:19:47.704+0000][1][safepoint    ] Leaving safepoint region
[2019-12-09T03:19:47.704+0000][1][safepoint    ] Total time for which application threads were stopped: 0.0000699 seconds, Stopping threads took: 0.0000159 seconds
[2019-12-09T03:19:48.704+0000][1][safepoint    ] Application time: 1.0000763 seconds
[2019-12-09T03:19:48.704+0000][1][safepoint    ] Entering safepoint region: Cleanup
[2019-12-09T03:19:48.704+0000][1][safepoint    ] Leaving safepoint region
[2019-12-09T03:19:48.704+0000][1][safepoint    ] Total time for which application threads were stopped: 0.0000689 seconds, Stopping threads took: 0.0000162 seconds
[2019-12-09T03:19:49.704+0000][1][safepoint    ] Application time: 1.0000766 seconds
[2019-12-09T03:19:49.704+0000][1][safepoint    ] Entering safepoint region: Cleanup
[2019-12-09T03:19:49.704+0000][1][safepoint    ] Leaving safepoint region
[2019-12-09T03:19:49.704+0000][1][safepoint    ] Total time for which application threads were stopped: 0.0000716 seconds, Stopping threads took: 0.0000203 seconds
[2019-12-09T03:19:50.705+0000][1][safepoint    ] Application time: 1.0000764 seconds
[2019-12-09T03:19:50.705+0000][1][safepoint    ] Entering safepoint region: Cleanup
[2019-12-09T03:19:50.705+0000][1][safepoint    ] Leaving safepoint region
[2019-12-09T03:19:50.705+0000][1][safepoint    ] Total time for which application threads were stopped: 0.0000661 seconds, Stopping threads took: 0.0000158 seconds
[2019-12-09T03:19:51.705+0000][1][safepoint    ] Application time: 1.0000845 seconds
[2019-12-09T03:19:51.705+0000][1][safepoint    ] Entering safepoint region: Cleanup
[2019-12-09T03:19:51.705+0000][1][safepoint    ] Leaving safepoint region
[2019-12-09T03:19:51.705+0000][1][safepoint    ] Total time for which application threads were stopped: 0.0000637 seconds, Stopping threads took: 0.0000162 seconds
[2019-12-09T03:19:52.705+0000][1][safepoint    ] Application time: 1.0000754 seconds
[2019-12-09T03:19:52.705+0000][1][safepoint    ] Entering safepoint region: Cleanup
[2019-12-09T03:19:52.705+0000][1][safepoint    ] Leaving safepoint region
[2019-12-09T03:19:52.705+0000][1][safepoint    ] Total time for which application threads were stopped: 0.0000606 seconds, Stopping threads took: 0.0000146 seconds
[2019-12-09T03:19:53.705+0000][1][safepoint    ] Application time: 1.0000744 seconds
[2019-12-09T03:19:53.705+0000][1][safepoint    ] Entering safepoint region: Cleanup
[2019-12-09T03:19:53.705+0000][1][safepoint    ] Leaving safepoint region
[2019-12-09T03:19:53.705+0000][1][safepoint    ] Total time for which application threads were stopped: 0.0000710 seconds, Stopping threads took: 0.0000144 seconds
[2019-12-09T03:19:54.705+0000][1][safepoint    ] Application time: 1.0000746 seconds
[2019-12-09T03:19:54.705+0000][1][safepoint    ] Entering safepoint region: Cleanup
[2019-12-09T03:19:54.705+0000][1][safepoint    ] Leaving safepoint region
[2019-12-09T03:19:54.705+0000][1][safepoint    ] Total time for which application threads were stopped: 0.0000661 seconds, Stopping threads took: 0.0000160 seconds
[2019-12-09T03:19:55.705+0000][1][safepoint    ] Application time: 1.0000741 seconds
[2019-12-09T03:19:55.705+0000][1][safepoint    ] Entering safepoint region: Cleanup
[2019-12-09T03:19:55.706+0000][1][safepoint    ] Leaving safepoint region
[2019-12-09T03:19:55.706+0000][1][safepoint    ] Total time for which application threads were stopped: 0.0000653 seconds, Stopping threads took: 0.0000154 seconds
[2019-12-09T03:19:56.706+0000][1][safepoint    ] Application time: 1.0000825 seconds
[2019-12-09T03:19:56.706+0000][1][safepoint    ] Entering safepoint region: Cleanup
[2019-12-09T03:19:56.706+0000][1][safepoint    ] Leaving safepoint region
[2019-12-09T03:19:56.706+0000][1][safepoint    ] Total time for which application threads were stopped: 0.0000880 seconds, Stopping threads took: 0.0000367 seconds
[2019-12-09T03:19:57.706+0000][1][safepoint    ] Application time: 1.0000793 seconds
[2019-12-09T03:19:57.706+0000][1][safepoint    ] Entering safepoint region: Cleanup
[2019-12-09T03:19:57.706+0000][1][safepoint    ] Leaving safepoint region
[2019-12-09T03:19:57.706+0000][1][safepoint    ] Total time for which application threads were stopped: 0.0000829 seconds, Stopping threads took: 0.0000200 seconds
[2019-12-09T03:19:58.706+0000][1][safepoint    ] Application time: 1.0000766 seconds
[2019-12-09T03:19:58.706+0000][1][safepoint    ] Entering safepoint region: Cleanup
[2019-12-09T03:19:58.706+0000][1][safepoint    ] Leaving safepoint region
[2019-12-09T03:19:58.706+0000][1][safepoint    ] Total time for which application threads were stopped: 0.0000658 seconds, Stopping threads took: 0.0000163 seconds
[2019-12-09T03:19:59.706+0000][1][safepoint    ] Application time: 1.0000754 seconds
[2019-12-09T03:19:59.706+0000][1][safepoint    ] Entering safepoint region: Cleanup
[2019-12-09T03:19:59.706+0000][1][safepoint    ] Leaving safepoint region
[2019-12-09T03:19:59.706+0000][1][safepoint    ] Total time for which application threads were stopped: 0.0000657 seconds, Stopping threads took: 0.0000161 seconds
[2019-12-09T03:20:00.706+0000][1][safepoint    ] Application time: 1.0000764 seconds
[2019-12-09T03:20:00.706+0000][1][safepoint    ] Entering safepoint region: Cleanup
[2019-12-09T03:20:00.706+0000][1][safepoint    ] Leaving safepoint region
[2019-12-09T03:20:00.707+0000][1][safepoint    ] Total time for which application threads were stopped: 0.0000629 seconds, Stopping threads took: 0.0000154 seconds
[2019-12-09T03:20:01.707+0000][1][safepoint    ] Application time: 1.0000791 seconds
[2019-12-09T03:20:01.707+0000][1][safepoint    ] Entering safepoint region: Cleanup
[2019-12-09T03:20:01.707+0000][1][safepoint    ] Leaving safepoint region
[2019-12-09T03:20:01.707+0000][1][safepoint    ] Total time for which application threads were stopped: 0.0000842 seconds, Stopping threads took: 0.0000182 seconds
[2019-12-09T03:20:02.707+0000][1][safepoint    ] Application time: 1.0000785 seconds
[2019-12-09T03:20:02.707+0000][1][safepoint    ] Entering safepoint region: Cleanup
[2019-12-09T03:20:02.707+0000][1][safepoint    ] Leaving safepoint region
[2019-12-09T03:20:02.707+0000][1][safepoint    ] Total time for which application threads were stopped: 0.0000709 seconds, Stopping threads took: 0.0000181 seconds
[2019-12-09T03:20:03.707+0000][1][safepoint    ] Application time: 1.0000784 seconds
[2019-12-09T03:20:03.707+0000][1][safepoint    ] Entering safepoint region: Cleanup
[2019-12-09T03:20:03.707+0000][1][safepoint    ] Leaving safepoint region
[2019-12-09T03:20:03.707+0000][1][safepoint    ] Total time for which application threads were stopped: 0.0000654 seconds, Stopping threads took: 0.0000167 seconds
[2019-12-09T03:20:04.707+0000][1][safepoint    ] Application time: 1.0000841 seconds
[2019-12-09T03:20:04.707+0000][1][safepoint    ] Entering safepoint region: Cleanup
[2019-12-09T03:20:04.707+0000][1][safepoint    ] Leaving safepoint region
[2019-12-09T03:20:04.707+0000][1][safepoint    ] Total time for which application threads were stopped: 0.0000671 seconds, Stopping threads took: 0.0000189 seconds
[2019-12-09T03:20:05.291+0000][1][safepoint    ] Application time: 0.5841458 seconds
[2019-12-09T03:20:05.292+0000][1][safepoint    ] Entering safepoint region: GenCollectForAllocation
[2019-12-09T03:20:05.292+0000][1][gc,start     ] GC(29) Pause Young (Allocation Failure)
[2019-12-09T03:20:05.292+0000][1][gc,task      ] GC(29) Using 2 workers of 2 for evacuation
[2019-12-09T03:20:05.298+0000][1][gc,age       ] GC(29) Desired survivor size 4456448 bytes, new threshold 6 (max threshold 6)
[2019-12-09T03:20:05.298+0000][1][gc,age       ] GC(29) Age table with threshold 6 (max threshold 6)
[2019-12-09T03:20:05.298+0000][1][gc,age       ] GC(29) - age   1:       3536 bytes,       3536 total
[2019-12-09T03:20:05.298+0000][1][gc,age       ] GC(29) - age   2:       3000 bytes,       6536 total
[2019-12-09T03:20:05.298+0000][1][gc,age       ] GC(29) - age   3:       2416 bytes,       8952 total
[2019-12-09T03:20:05.298+0000][1][gc,age       ] GC(29) - age   4:       4912 bytes,      13864 total
[2019-12-09T03:20:05.298+0000][1][gc,age       ] GC(29) - age   5:       1560 bytes,      15424 total
[2019-12-09T03:20:05.298+0000][1][gc,age       ] GC(29) - age   6:       6936 bytes,      22360 total
[2019-12-09T03:20:05.298+0000][1][gc,heap      ] GC(29) ParNew: 72001K->1400K(78656K)
[2019-12-09T03:20:05.298+0000][1][gc,heap      ] GC(29) CMS: 68018K->69447K(174784K)
[2019-12-09T03:20:05.298+0000][1][gc,metaspace ] GC(29) Metaspace: 68099K->68099K(1112064K)
[2019-12-09T03:20:05.298+0000][1][gc           ] GC(29) Pause Young (Allocation Failure) 136M->69M(247M) 6.296ms
[2019-12-09T03:20:05.298+0000][1][gc,cpu       ] GC(29) User=0.01s Sys=0.00s Real=0.01s
[2019-12-09T03:20:05.298+0000][1][safepoint    ] Leaving safepoint region
[2019-12-09T03:20:05.298+0000][1][safepoint    ] Total time for which application threads were stopped: 0.0064311 seconds, Stopping threads took: 0.0000173 seconds
[2019-12-09T03:20:06.298+0000][1][safepoint    ] Application time: 1.0000763 seconds
[2019-12-09T03:20:06.298+0000][1][safepoint    ] Entering safepoint region: Cleanup
[2019-12-09T03:20:06.298+0000][1][safepoint    ] Leaving safepoint region
[2019-12-09T03:20:06.298+0000][1][safepoint    ] Total time for which application threads were stopped: 0.0001157 seconds, Stopping threads took: 0.0000528 seconds
[2019-12-09T03:20:06.452+0000][1][safepoint    ] Application time: 0.1535634 seconds
[2019-12-09T03:20:06.452+0000][1][safepoint    ] Entering safepoint region: RevokeBias
[2019-12-09T03:20:06.452+0000][1][safepoint    ] Leaving safepoint region
[2019-12-09T03:20:06.452+0000][1][safepoint    ] Total time for which application threads were stopped: 0.0001010 seconds, Stopping threads took: 0.0000276 seconds
[2019-12-09T03:20:06.456+0000][1][safepoint    ] Application time: 0.0038455 seconds
[2019-12-09T03:20:06.456+0000][1][safepoint    ] Entering safepoint region: RevokeBias
[2019-12-09T03:20:06.456+0000][1][safepoint    ] Leaving safepoint region
[2019-12-09T03:20:06.456+0000][1][safepoint    ] Total time for which application threads were stopped: 0.0000747 seconds, Stopping threads took: 0.0000176 seconds
[2019-12-09T03:20:06.460+0000][1][safepoint    ] Application time: 0.0037851 seconds
[2019-12-09T03:20:06.460+0000][1][safepoint    ] Entering safepoint region: RevokeBias
[2019-12-09T03:20:06.460+0000][1][safepoint    ] Leaving safepoint region
[2019-12-09T03:20:06.460+0000][1][safepoint    ] Total time for which application threads were stopped: 0.0000809 seconds, Stopping threads took: 0.0000160 seconds
[2019-12-09T03:20:06.460+0000][1][safepoint    ] Application time: 0.0002240 seconds
[2019-12-09T03:20:06.460+0000][1][safepoint    ] Entering safepoint region: RevokeBias
[2019-12-09T03:20:06.460+0000][1][safepoint    ] Leaving safepoint region
[2019-12-09T03:20:06.460+0000][1][safepoint    ] Total time for which application threads were stopped: 0.0000504 seconds, Stopping threads took: 0.0000110 seconds
[2019-12-09T03:20:06.465+0000][1][safepoint    ] Application time: 0.0053321 seconds
[2019-12-09T03:20:06.465+0000][1][safepoint    ] Entering safepoint region: RevokeBias
[2019-12-09T03:20:06.465+0000][1][safepoint    ] Leaving safepoint region
[2019-12-09T03:20:06.465+0000][1][safepoint    ] Total time for which application threads were stopped: 0.0000647 seconds, Stopping threads took: 0.0000147 seconds
[2019-12-09T03:20:06.466+0000][1][safepoint    ] Application time: 0.0001220 seconds
[2019-12-09T03:20:06.466+0000][1][safepoint    ] Entering safepoint region: RevokeBias
[2019-12-09T03:20:06.466+0000][1][safepoint    ] Leaving safepoint region
[2019-12-09T03:20:06.466+0000][1][safepoint    ] Total time for which application threads were stopped: 0.0000410 seconds, Stopping threads took: 0.0000089 seconds
[2019-12-09T03:20:06.466+0000][1][safepoint    ] Application time: 0.0003712 seconds
[2019-12-09T03:20:06.466+0000][1][safepoint    ] Entering safepoint region: BulkRevokeBias
[2019-12-09T03:20:06.466+0000][1][safepoint    ] Leaving safepoint region
[2019-12-09T03:20:06.466+0000][1][safepoint    ] Total time for which application threads were stopped: 0.0002687 seconds, Stopping threads took: 0.0000115 seconds
[2019-12-09T03:20:06.467+0000][1][safepoint    ] Application time: 0.0002937 seconds
[2019-12-09T03:20:06.467+0000][1][safepoint    ] Entering safepoint region: RevokeBias
[2019-12-09T03:20:06.467+0000][1][safepoint    ] Leaving safepoint region
[2019-12-09T03:20:06.467+0000][1][safepoint    ] Total time for which application threads were stopped: 0.0000683 seconds, Stopping threads took: 0.0000108 seconds
[2019-12-09T03:20:06.482+0000][1][safepoint    ] Application time: 0.0152781 seconds
[2019-12-09T03:20:06.482+0000][1][safepoint    ] Entering safepoint region: RevokeBias
[2019-12-09T03:20:06.482+0000][1][safepoint    ] Leaving safepoint region
[2019-12-09T03:20:06.482+0000][1][safepoint    ] Total time for which application threads were stopped: 0.0000738 seconds, Stopping threads took: 0.0000146 seconds
[2019-12-09T03:20:06.514+0000][1][safepoint    ] Application time: 0.0315857 seconds
[2019-12-09T03:20:06.514+0000][1][safepoint    ] Entering safepoint region: RevokeBias
[2019-12-09T03:20:06.514+0000][1][safepoint    ] Leaving safepoint region
[2019-12-09T03:20:06.514+0000][1][safepoint    ] Total time for which application threads were stopped: 0.0001099 seconds, Stopping threads took: 0.0000383 seconds
[2019-12-09T03:20:06.531+0000][1][safepoint    ] Application time: 0.0169129 seconds
[2019-12-09T03:20:06.531+0000][1][safepoint    ] Entering safepoint region: RevokeBias
[2019-12-09T03:20:06.531+0000][1][safepoint    ] Leaving safepoint region
[2019-12-09T03:20:06.531+0000][1][safepoint    ] Total time for which application threads were stopped: 0.0000892 seconds, Stopping threads took: 0.0000161 seconds
[2019-12-09T03:20:06.531+0000][1][safepoint    ] Application time: 0.0000760 seconds
[2019-12-09T03:20:06.531+0000][1][safepoint    ] Entering safepoint region: RevokeBias
[2019-12-09T03:20:06.531+0000][1][safepoint    ] Leaving safepoint region
[2019-12-09T03:20:06.531+0000][1][safepoint    ] Total time for which application threads were stopped: 0.0000408 seconds, Stopping threads took: 0.0000093 seconds
[2019-12-09T03:20:06.535+0000][1][safepoint    ] Application time: 0.0038422 seconds
[2019-12-09T03:20:06.535+0000][1][safepoint    ] Entering safepoint region: RevokeBias
[2019-12-09T03:20:06.535+0000][1][safepoint    ] Leaving safepoint region
[2019-12-09T03:20:06.535+0000][1][safepoint    ] Total time for which application threads were stopped: 0.0000509 seconds, Stopping threads took: 0.0000116 seconds
[2019-12-09T03:20:06.538+0000][1][safepoint    ] Application time: 0.0035418 seconds
[2019-12-09T03:20:06.538+0000][1][safepoint    ] Entering safepoint region: RevokeBias
[2019-12-09T03:20:06.538+0000][1][safepoint    ] Leaving safepoint region
[2019-12-09T03:20:06.538+0000][1][safepoint    ] Total time for which application threads were stopped: 0.0000511 seconds, Stopping threads took: 0.0000134 seconds
[2019-12-09T03:20:06.539+0000][1][safepoint    ] Application time: 0.0000896 seconds
[2019-12-09T03:20:06.539+0000][1][safepoint    ] Entering safepoint region: RevokeBias
[2019-12-09T03:20:06.539+0000][1][safepoint    ] Leaving safepoint region
[2019-12-09T03:20:06.539+0000][1][safepoint    ] Total time for which application threads were stopped: 0.0000384 seconds, Stopping threads took: 0.0000084 seconds
[2019-12-09T03:20:06.539+0000][1][safepoint    ] Application time: 0.0000691 seconds
[2019-12-09T03:20:06.539+0000][1][safepoint    ] Entering safepoint region: RevokeBias
[2019-12-09T03:20:06.539+0000][1][safepoint    ] Leaving safepoint region
[2019-12-09T03:20:06.539+0000][1][safepoint    ] Total time for which application threads were stopped: 0.0000352 seconds, Stopping threads took: 0.0000090 seconds
[2019-12-09T03:20:06.539+0000][1][safepoint    ] Application time: 0.0002432 seconds
[2019-12-09T03:20:06.539+0000][1][safepoint    ] Entering safepoint region: RevokeBias
[2019-12-09T03:20:06.539+0000][1][safepoint    ] Leaving safepoint region
[2019-12-09T03:20:06.539+0000][1][safepoint    ] Total time for which application threads were stopped: 0.0000458 seconds, Stopping threads took: 0.0000107 seconds
[2019-12-09T03:20:06.539+0000][1][safepoint    ] Application time: 0.0000589 seconds
[2019-12-09T03:20:06.539+0000][1][safepoint    ] Entering safepoint region: RevokeBias
[2019-12-09T03:20:06.539+0000][1][safepoint    ] Leaving safepoint region
[2019-12-09T03:20:06.539+0000][1][safepoint    ] Total time for which application threads were stopped: 0.0000321 seconds, Stopping threads took: 0.0000071 seconds
[2019-12-09T03:20:06.540+0000][1][safepoint    ] Application time: 0.0004176 seconds
[2019-12-09T03:20:06.540+0000][1][safepoint    ] Entering safepoint region: RevokeBias
[2019-12-09T03:20:06.540+0000][1][safepoint    ] Leaving safepoint region
[2019-12-09T03:20:06.540+0000][1][safepoint    ] Total time for which application threads were stopped: 0.0000559 seconds, Stopping threads took: 0.0000118 seconds
[2019-12-09T03:20:06.541+0000][1][safepoint    ] Application time: 0.0012400 seconds
[2019-12-09T03:20:06.541+0000][1][safepoint    ] Entering safepoint region: RevokeBias
[2019-12-09T03:20:06.541+0000][1][safepoint    ] Leaving safepoint region
[2019-12-09T03:20:06.541+0000][1][safepoint    ] Total time for which application threads were stopped: 0.0000604 seconds, Stopping threads took: 0.0000131 seconds
[2019-12-09T03:20:06.541+0000][1][safepoint    ] Application time: 0.0002374 seconds
[2019-12-09T03:20:06.541+0000][1][safepoint    ] Entering safepoint region: RevokeBias
[2019-12-09T03:20:06.541+0000][1][safepoint    ] Leaving safepoint region
[2019-12-09T03:20:06.541+0000][1][safepoint    ] Total time for which application threads were stopped: 0.0000565 seconds, Stopping threads took: 0.0000122 seconds
[2019-12-09T03:20:06.541+0000][1][safepoint    ] Application time: 0.0000528 seconds
[2019-12-09T03:20:06.541+0000][1][safepoint    ] Entering safepoint region: RevokeBias
[2019-12-09T03:20:06.541+0000][1][safepoint    ] Leaving safepoint region
[2019-12-09T03:20:06.541+0000][1][safepoint    ] Total time for which application threads were stopped: 0.0000365 seconds, Stopping threads took: 0.0000085 seconds
[2019-12-09T03:20:06.541+0000][1][safepoint    ] Application time: 0.0000476 seconds
[2019-12-09T03:20:06.541+0000][1][safepoint    ] Entering safepoint region: RevokeBias
[2019-12-09T03:20:06.542+0000][1][safepoint    ] Leaving safepoint region
[2019-12-09T03:20:06.542+0000][1][safepoint    ] Total time for which application threads were stopped: 0.0000352 seconds, Stopping threads took: 0.0000078 seconds
[2019-12-09T03:20:06.542+0000][1][safepoint    ] Application time: 0.0001098 seconds
[2019-12-09T03:20:06.542+0000][1][safepoint    ] Entering safepoint region: RevokeBias
[2019-12-09T03:20:06.542+0000][1][safepoint    ] Leaving safepoint region
[2019-12-09T03:20:06.542+0000][1][safepoint    ] Total time for which application threads were stopped: 0.0000636 seconds, Stopping threads took: 0.0000099 seconds
[2019-12-09T03:20:06.542+0000][1][safepoint    ] Application time: 0.0000561 seconds
[2019-12-09T03:20:06.542+0000][1][safepoint    ] Entering safepoint region: RevokeBias
[2019-12-09T03:20:06.542+0000][1][safepoint    ] Leaving safepoint region
[2019-12-09T03:20:06.542+0000][1][safepoint    ] Total time for which application threads were stopped: 0.0000404 seconds, Stopping threads took: 0.0000088 seconds
[2019-12-09T03:20:06.544+0000][1][safepoint    ] Application time: 0.0022475 seconds
[2019-12-09T03:20:06.544+0000][1][safepoint    ] Entering safepoint region: RevokeBias
[2019-12-09T03:20:06.544+0000][1][safepoint    ] Leaving safepoint region
[2019-12-09T03:20:06.544+0000][1][safepoint    ] Total time for which application threads were stopped: 0.0000525 seconds, Stopping threads took: 0.0000126 seconds
[2019-12-09T03:20:06.544+0000][1][safepoint    ] Application time: 0.0000800 seconds
[2019-12-09T03:20:06.544+0000][1][safepoint    ] Entering safepoint region: RevokeBias
[2019-12-09T03:20:06.544+0000][1][safepoint    ] Leaving safepoint region
[2019-12-09T03:20:06.544+0000][1][safepoint    ] Total time for which application threads were stopped: 0.0000367 seconds, Stopping threads took: 0.0000090 seconds
[2019-12-09T03:20:06.544+0000][1][safepoint    ] Application time: 0.0000548 seconds
[2019-12-09T03:20:06.544+0000][1][safepoint    ] Entering safepoint region: RevokeBias
[2019-12-09T03:20:06.544+0000][1][safepoint    ] Leaving safepoint region
[2019-12-09T03:20:06.544+0000][1][safepoint    ] Total time for which application threads were stopped: 0.0000350 seconds, Stopping threads took: 0.0000085 seconds
[2019-12-09T03:20:06.544+0000][1][safepoint    ] Application time: 0.0000817 seconds
[2019-12-09T03:20:06.544+0000][1][safepoint    ] Entering safepoint region: RevokeBias
[2019-12-09T03:20:06.545+0000][1][safepoint    ] Leaving safepoint region
[2019-12-09T03:20:06.545+0000][1][safepoint    ] Total time for which application threads were stopped: 0.0000347 seconds, Stopping threads took: 0.0000077 seconds
[2019-12-09T03:20:06.545+0000][1][safepoint    ] Application time: 0.0000709 seconds
[2019-12-09T03:20:06.545+0000][1][safepoint    ] Entering safepoint region: RevokeBias
[2019-12-09T03:20:06.545+0000][1][safepoint    ] Leaving safepoint region
[2019-12-09T03:20:06.545+0000][1][safepoint    ] Total time for which application threads were stopped: 0.0000343 seconds, Stopping threads took: 0.0000077 seconds
[2019-12-09T03:20:06.545+0000][1][safepoint    ] Application time: 0.0000856 seconds
[2019-12-09T03:20:06.545+0000][1][safepoint    ] Entering safepoint region: RevokeBias
[2019-12-09T03:20:06.545+0000][1][safepoint    ] Leaving safepoint region
[2019-12-09T03:20:06.545+0000][1][safepoint    ] Total time for which application threads were stopped: 0.0000668 seconds, Stopping threads took: 0.0000337 seconds
[2019-12-09T03:20:06.548+0000][1][safepoint    ] Application time: 0.0035508 seconds
[2019-12-09T03:20:06.548+0000][1][safepoint    ] Entering safepoint region: RevokeBias
[2019-12-09T03:20:06.548+0000][1][safepoint    ] Leaving safepoint region
[2019-12-09T03:20:06.549+0000][1][safepoint    ] Total time for which application threads were stopped: 0.0001117 seconds, Stopping threads took: 0.0000252 seconds
[2019-12-09T03:20:06.553+0000][1][safepoint    ] Application time: 0.0043327 seconds
[2019-12-09T03:20:06.553+0000][1][safepoint    ] Entering safepoint region: RevokeBias
[2019-12-09T03:20:06.553+0000][1][safepoint    ] Leaving safepoint region
[2019-12-09T03:20:06.553+0000][1][safepoint    ] Total time for which application threads were stopped: 0.0001206 seconds, Stopping threads took: 0.0000782 seconds
[2019-12-09T03:20:06.582+0000][1][safepoint    ] Application time: 0.0286672 seconds
[2019-12-09T03:20:06.582+0000][1][safepoint    ] Entering safepoint region: BulkRevokeBias
[2019-12-09T03:20:06.582+0000][1][safepoint    ] Leaving safepoint region
[2019-12-09T03:20:06.582+0000][1][safepoint    ] Total time for which application threads were stopped: 0.0003121 seconds, Stopping threads took: 0.0000153 seconds
[2019-12-09T03:20:06.582+0000][1][safepoint    ] Application time: 0.0001026 seconds
[2019-12-09T03:20:06.582+0000][1][safepoint    ] Entering safepoint region: RevokeBias
[2019-12-09T03:20:06.582+0000][1][safepoint    ] Leaving safepoint region
[2019-12-09T03:20:06.582+0000][1][safepoint    ] Total time for which application threads were stopped: 0.0000675 seconds, Stopping threads took: 0.0000110 seconds
[2019-12-09T03:20:06.584+0000][1][safepoint    ] Application time: 0.0017609 seconds
[2019-12-09T03:20:06.584+0000][1][safepoint    ] Entering safepoint region: RevokeBias
[2019-12-09T03:20:06.584+0000][1][safepoint    ] Leaving safepoint region
[2019-12-09T03:20:06.584+0000][1][safepoint    ] Total time for which application threads were stopped: 0.0001286 seconds, Stopping threads took: 0.0000589 seconds
[2019-12-09T03:20:06.617+0000][1][safepoint    ] Application time: 0.0325877 seconds
[2019-12-09T03:20:06.624+0000][1][safepoint    ] Entering safepoint region: RevokeBias
[2019-12-09T03:20:06.624+0000][1][safepoint    ] Leaving safepoint region
[2019-12-09T03:20:06.624+0000][1][safepoint    ] Total time for which application threads were stopped: 0.0077079 seconds, Stopping threads took: 0.0075913 seconds
[2019-12-09T03:20:06.666+0000][1][safepoint    ] Application time: 0.0418933 seconds
[2019-12-09T03:20:06.666+0000][1][safepoint    ] Entering safepoint region: RevokeBias
[2019-12-09T03:20:06.666+0000][1][safepoint    ] Leaving safepoint region
[2019-12-09T03:20:06.666+0000][1][safepoint    ] Total time for which application threads were stopped: 0.0000829 seconds, Stopping threads took: 0.0000146 seconds
[2019-12-09T03:20:06.718+0000][1][safepoint    ] Application time: 0.0512739 seconds
[2019-12-09T03:20:06.718+0000][1][safepoint    ] Entering safepoint region: RevokeBias
[2019-12-09T03:20:06.718+0000][1][safepoint    ] Leaving safepoint region
[2019-12-09T03:20:06.718+0000][1][safepoint    ] Total time for which application threads were stopped: 0.0000793 seconds, Stopping threads took: 0.0000156 seconds
[2019-12-09T03:20:06.718+0000][1][safepoint    ] Application time: 0.0005196 seconds
[2019-12-09T03:20:06.718+0000][1][safepoint    ] Entering safepoint region: RevokeBias
[2019-12-09T03:20:06.718+0000][1][safepoint    ] Leaving safepoint region
[2019-12-09T03:20:06.718+0000][1][safepoint    ] Total time for which application threads were stopped: 0.0000651 seconds, Stopping threads took: 0.0000136 seconds
[2019-12-09T03:20:06.731+0000][1][safepoint    ] Application time: 0.0123082 seconds
[2019-12-09T03:20:06.731+0000][1][safepoint    ] Entering safepoint region: RevokeBias
[2019-12-09T03:20:06.731+0000][1][safepoint    ] Leaving safepoint region
[2019-12-09T03:20:06.731+0000][1][safepoint    ] Total time for which application threads were stopped: 0.0000558 seconds, Stopping threads took: 0.0000131 seconds
[2019-12-09T03:20:06.748+0000][1][safepoint    ] Application time: 0.0167433 seconds
[2019-12-09T03:20:06.766+0000][1][safepoint    ] Entering safepoint region: RevokeBias
[2019-12-09T03:20:06.766+0000][1][safepoint    ] Leaving safepoint region
[2019-12-09T03:20:06.766+0000][1][safepoint    ] Total time for which application threads were stopped: 0.0187969 seconds, Stopping threads took: 0.0187636 seconds
[2019-12-09T03:20:06.767+0000][1][safepoint    ] Application time: 0.0002031 seconds
[2019-12-09T03:20:06.767+0000][1][safepoint    ] Entering safepoint region: RevokeBias
[2019-12-09T03:20:06.767+0000][1][safepoint    ] Leaving safepoint region
[2019-12-09T03:20:06.767+0000][1][safepoint    ] Total time for which application threads were stopped: 0.0000449 seconds, Stopping threads took: 0.0000086 seconds
[2019-12-09T03:20:06.768+0000][1][safepoint    ] Application time: 0.0012324 seconds
[2019-12-09T03:20:06.768+0000][1][safepoint    ] Entering safepoint region: RevokeBias
[2019-12-09T03:20:06.768+0000][1][safepoint    ] Leaving safepoint region
[2019-12-09T03:20:06.768+0000][1][safepoint    ] Total time for which application threads were stopped: 0.0000494 seconds, Stopping threads took: 0.0000116 seconds
[2019-12-09T03:20:06.774+0000][1][gc,heap,exit ] Heap
[2019-12-09T03:20:06.774+0000][1][gc,heap,exit ]  par new generation   total 78656K, used 10954K [0x00000000f0000000, 0x00000000f5550000, 0x00000000f5550000)
[2019-12-09T03:20:06.774+0000][1][gc,heap,exit ]   eden space 69952K,  13% used [0x00000000f0000000, 0x00000000f0954ae0, 0x00000000f4450000)
[2019-12-09T03:20:06.774+0000][1][gc,heap,exit ]   from space 8704K,  16% used [0x00000000f4450000, 0x00000000f45ae060, 0x00000000f4cd0000)
[2019-12-09T03:20:06.774+0000][1][gc,heap,exit ]   to   space 8704K,   0% used [0x00000000f4cd0000, 0x00000000f4cd0000, 0x00000000f5550000)
[2019-12-09T03:20:06.774+0000][1][gc,heap,exit ]  concurrent mark-sweep generation total 174784K, used 69447K [0x00000000f5550000, 0x0000000100000000, 0x0000000100000000)
[2019-12-09T03:20:06.774+0000][1][gc,heap,exit ]  Metaspace       used 68265K, capacity 73130K, committed 73340K, reserved 1112064K
[2019-12-09T03:20:06.774+0000][1][gc,heap,exit ]   class space    used 9192K, capacity 11286K, committed 11296K, reserved 1048576K
[2019-12-09T03:20:06.778+0000][1][safepoint    ] Application time: 0.0102716 seconds
[2019-12-09T03:20:06.778+0000][1][safepoint    ] Entering safepoint region: Exit
