[2019-12-09T02:02:58.855+0000][1][gc] Using Concurrent Mark Sweep
[2019-12-09T02:02:58.855+0000][1][gc,heap,coops] Heap address: 0x00000000f0000000, size: 256 MB, Compressed Oops mode: 32-bit
[2019-12-09T02:02:59.302+0000][1][safepoint    ] Entering safepoint region: EnableBiasedLocking
[2019-12-09T02:02:59.303+0000][1][safepoint    ] Leaving safepoint region
[2019-12-09T02:02:59.303+0000][1][safepoint    ] Total time for which application threads were stopped: 0.0334865 seconds, Stopping threads took: 0.0334003 seconds
[2019-12-09T02:02:59.322+0000][1][safepoint    ] Application time: 0.0197015 seconds
[2019-12-09T02:02:59.351+0000][1][safepoint    ] Entering safepoint region: RevokeBias
[2019-12-09T02:02:59.351+0000][1][safepoint    ] Leaving safepoint region
[2019-12-09T02:02:59.351+0000][1][safepoint    ] Total time for which application threads were stopped: 0.0283933 seconds, Stopping threads took: 0.0283276 seconds
[2019-12-09T02:02:59.369+0000][1][safepoint    ] Application time: 0.0182885 seconds
[2019-12-09T02:02:59.369+0000][1][safepoint    ] Entering safepoint region: Deoptimize
[2019-12-09T02:02:59.369+0000][1][safepoint    ] Leaving safepoint region
[2019-12-09T02:02:59.369+0000][1][safepoint    ] Total time for which application threads were stopped: 0.0000593 seconds, Stopping threads took: 0.0000094 seconds
[2019-12-09T02:03:00.118+0000][1][safepoint    ] Application time: 0.7490470 seconds
[2019-12-09T02:03:00.118+0000][1][safepoint    ] Entering safepoint region: Deoptimize
[2019-12-09T02:03:00.118+0000][1][safepoint    ] Leaving safepoint region
[2019-12-09T02:03:00.118+0000][1][safepoint    ] Total time for which application threads were stopped: 0.0000951 seconds, Stopping threads took: 0.0000105 seconds
[2019-12-09T02:03:01.124+0000][1][safepoint    ] Application time: 1.0052342 seconds
[2019-12-09T02:03:01.124+0000][1][safepoint    ] Entering safepoint region: Cleanup
[2019-12-09T02:03:01.124+0000][1][safepoint    ] Leaving safepoint region
[2019-12-09T02:03:01.124+0000][1][safepoint    ] Total time for which application threads were stopped: 0.0004115 seconds, Stopping threads took: 0.0003414 seconds
[2019-12-09T02:03:02.128+0000][1][safepoint    ] Application time: 1.0035728 seconds
[2019-12-09T02:03:02.128+0000][1][safepoint    ] Entering safepoint region: Cleanup
[2019-12-09T02:03:02.128+0000][1][safepoint    ] Leaving safepoint region
[2019-12-09T02:03:02.128+0000][1][safepoint    ] Total time for which application threads were stopped: 0.0003637 seconds, Stopping threads took: 0.0003114 seconds
[2019-12-09T02:03:02.684+0000][1][safepoint    ] Application time: 0.5553803 seconds
[2019-12-09T02:03:02.684+0000][1][safepoint    ] Entering safepoint region: Deoptimize
[2019-12-09T02:03:02.684+0000][1][safepoint    ] Leaving safepoint region
[2019-12-09T02:03:02.684+0000][1][safepoint    ] Total time for which application threads were stopped: 0.0001639 seconds, Stopping threads took: 0.0000111 seconds
[2019-12-09T02:03:02.922+0000][1][safepoint    ] Application time: 0.2378053 seconds
[2019-12-09T02:03:02.922+0000][1][safepoint    ] Entering safepoint region: Deoptimize
[2019-12-09T02:03:02.922+0000][1][safepoint    ] Leaving safepoint region
[2019-12-09T02:03:02.922+0000][1][safepoint    ] Total time for which application threads were stopped: 0.0001698 seconds, Stopping threads took: 0.0000122 seconds
[2019-12-09T02:03:03.401+0000][1][safepoint    ] Application time: 0.4789676 seconds
[2019-12-09T02:03:03.401+0000][1][safepoint    ] Entering safepoint region: Deoptimize
[2019-12-09T02:03:03.401+0000][1][safepoint    ] Leaving safepoint region
[2019-12-09T02:03:03.401+0000][1][safepoint    ] Total time for which application threads were stopped: 0.0001667 seconds, Stopping threads took: 0.0000114 seconds
[2019-12-09T02:03:03.493+0000][1][safepoint    ] Application time: 0.0923352 seconds
[2019-12-09T02:03:03.493+0000][1][safepoint    ] Entering safepoint region: Deoptimize
[2019-12-09T02:03:03.493+0000][1][safepoint    ] Leaving safepoint region
[2019-12-09T02:03:03.493+0000][1][safepoint    ] Total time for which application threads were stopped: 0.0001682 seconds, Stopping threads took: 0.0000114 seconds
[2019-12-09T02:03:04.496+0000][1][safepoint    ] Application time: 1.0022362 seconds
[2019-12-09T02:03:04.496+0000][1][safepoint    ] Entering safepoint region: Cleanup
[2019-12-09T02:03:04.496+0000][1][safepoint    ] Leaving safepoint region
[2019-12-09T02:03:04.496+0000][1][safepoint    ] Total time for which application threads were stopped: 0.0004132 seconds, Stopping threads took: 0.0003724 seconds
[2019-12-09T02:03:05.500+0000][1][safepoint    ] Application time: 1.0042381 seconds
[2019-12-09T02:03:05.500+0000][1][safepoint    ] Entering safepoint region: Cleanup
[2019-12-09T02:03:05.500+0000][1][safepoint    ] Leaving safepoint region
[2019-12-09T02:03:05.501+0000][1][safepoint    ] Total time for which application threads were stopped: 0.0000691 seconds, Stopping threads took: 0.0000125 seconds
[2019-12-09T02:03:06.511+0000][1][safepoint    ] Application time: 1.0101953 seconds
[2019-12-09T02:03:06.511+0000][1][safepoint    ] Entering safepoint region: Cleanup
[2019-12-09T02:03:06.511+0000][1][safepoint    ] Leaving safepoint region
[2019-12-09T02:03:06.511+0000][1][safepoint    ] Total time for which application threads were stopped: 0.0000576 seconds, Stopping threads took: 0.0000133 seconds
[2019-12-09T02:03:07.090+0000][1][safepoint    ] Application time: 0.5787844 seconds
[2019-12-09T02:03:07.090+0000][1][safepoint    ] Entering safepoint region: Deoptimize
[2019-12-09T02:03:07.090+0000][1][safepoint    ] Leaving safepoint region
[2019-12-09T02:03:07.090+0000][1][safepoint    ] Total time for which application threads were stopped: 0.0002113 seconds, Stopping threads took: 0.0000126 seconds
[2019-12-09T02:03:08.094+0000][1][safepoint    ] Application time: 1.0038559 seconds
[2019-12-09T02:03:08.094+0000][1][safepoint    ] Entering safepoint region: Cleanup
[2019-12-09T02:03:08.094+0000][1][safepoint    ] Leaving safepoint region
[2019-12-09T02:03:08.094+0000][1][safepoint    ] Total time for which application threads were stopped: 0.0000518 seconds, Stopping threads took: 0.0000148 seconds
[2019-12-09T02:03:09.116+0000][1][safepoint    ] Application time: 1.0221912 seconds
[2019-12-09T02:03:09.118+0000][1][safepoint    ] Entering safepoint region: Cleanup
[2019-12-09T02:03:09.118+0000][1][safepoint    ] Leaving safepoint region
[2019-12-09T02:03:09.118+0000][1][safepoint    ] Total time for which application threads were stopped: 0.0017604 seconds, Stopping threads took: 0.0017098 seconds
[2019-12-09T02:03:10.124+0000][1][safepoint    ] Application time: 1.0058989 seconds
[2019-12-09T02:03:10.124+0000][1][safepoint    ] Entering safepoint region: Cleanup
[2019-12-09T02:03:10.124+0000][1][safepoint    ] Leaving safepoint region
[2019-12-09T02:03:10.124+0000][1][safepoint    ] Total time for which application threads were stopped: 0.0004659 seconds, Stopping threads took: 0.0003810 seconds
[2019-12-09T02:03:10.291+0000][1][safepoint    ] Application time: 0.1671590 seconds
[2019-12-09T02:03:10.300+0000][1][safepoint    ] Entering safepoint region: Deoptimize
[2019-12-09T02:03:10.300+0000][1][safepoint    ] Leaving safepoint region
[2019-12-09T02:03:10.300+0000][1][safepoint    ] Total time for which application threads were stopped: 0.0086285 seconds, Stopping threads took: 0.0083867 seconds
[2019-12-09T02:03:11.302+0000][1][safepoint    ] Application time: 1.0016530 seconds
[2019-12-09T02:03:11.302+0000][1][safepoint    ] Entering safepoint region: Cleanup
[2019-12-09T02:03:11.302+0000][1][safepoint    ] Leaving safepoint region
[2019-12-09T02:03:11.302+0000][1][safepoint    ] Total time for which application threads were stopped: 0.0000905 seconds, Stopping threads took: 0.0000137 seconds
[2019-12-09T02:03:11.350+0000][1][safepoint    ] Application time: 0.0478688 seconds
[2019-12-09T02:03:11.350+0000][1][safepoint    ] Entering safepoint region: Deoptimize
[2019-12-09T02:03:11.350+0000][1][safepoint    ] Leaving safepoint region
[2019-12-09T02:03:11.350+0000][1][safepoint    ] Total time for which application threads were stopped: 0.0002399 seconds, Stopping threads took: 0.0000109 seconds
[2019-12-09T02:03:11.366+0000][1][safepoint    ] Application time: 0.0157129 seconds
[2019-12-09T02:03:11.366+0000][1][safepoint    ] Entering safepoint region: Deoptimize
[2019-12-09T02:03:11.366+0000][1][safepoint    ] Leaving safepoint region
[2019-12-09T02:03:11.366+0000][1][safepoint    ] Total time for which application threads were stopped: 0.0002383 seconds, Stopping threads took: 0.0000114 seconds
[2019-12-09T02:03:11.587+0000][1][safepoint    ] Application time: 0.2205667 seconds
[2019-12-09T02:03:11.587+0000][1][safepoint    ] Entering safepoint region: Deoptimize
[2019-12-09T02:03:11.587+0000][1][safepoint    ] Leaving safepoint region
[2019-12-09T02:03:11.587+0000][1][safepoint    ] Total time for which application threads were stopped: 0.0002915 seconds, Stopping threads took: 0.0000134 seconds
[2019-12-09T02:03:11.633+0000][1][safepoint    ] Application time: 0.0458262 seconds
[2019-12-09T02:03:11.633+0000][1][safepoint    ] Entering safepoint region: RevokeBias
[2019-12-09T02:03:11.633+0000][1][safepoint    ] Leaving safepoint region
[2019-12-09T02:03:11.633+0000][1][safepoint    ] Total time for which application threads were stopped: 0.0000989 seconds, Stopping threads took: 0.0000151 seconds
[2019-12-09T02:03:11.633+0000][1][safepoint    ] Application time: 0.0001740 seconds
[2019-12-09T02:03:11.633+0000][1][safepoint    ] Entering safepoint region: RevokeBias
[2019-12-09T02:03:11.633+0000][1][safepoint    ] Leaving safepoint region
[2019-12-09T02:03:11.633+0000][1][safepoint    ] Total time for which application threads were stopped: 0.0000605 seconds, Stopping threads took: 0.0000089 seconds
[2019-12-09T02:03:11.633+0000][1][safepoint    ] Application time: 0.0001073 seconds
[2019-12-09T02:03:11.633+0000][1][safepoint    ] Entering safepoint region: RevokeBias
[2019-12-09T02:03:11.633+0000][1][safepoint    ] Leaving safepoint region
[2019-12-09T02:03:11.633+0000][1][safepoint    ] Total time for which application threads were stopped: 0.0000480 seconds, Stopping threads took: 0.0000080 seconds
[2019-12-09T02:03:11.633+0000][1][safepoint    ] Application time: 0.0000480 seconds
[2019-12-09T02:03:11.633+0000][1][safepoint    ] Entering safepoint region: RevokeBias
[2019-12-09T02:03:11.633+0000][1][safepoint    ] Leaving safepoint region
[2019-12-09T02:03:11.633+0000][1][safepoint    ] Total time for which application threads were stopped: 0.0000436 seconds, Stopping threads took: 0.0000075 seconds
[2019-12-09T02:03:11.633+0000][1][safepoint    ] Application time: 0.0000696 seconds
[2019-12-09T02:03:11.633+0000][1][safepoint    ] Entering safepoint region: RevokeBias
[2019-12-09T02:03:11.633+0000][1][safepoint    ] Leaving safepoint region
[2019-12-09T02:03:11.634+0000][1][safepoint    ] Total time for which application threads were stopped: 0.0000393 seconds, Stopping threads took: 0.0000066 seconds
[2019-12-09T02:03:11.634+0000][1][safepoint    ] Application time: 0.0001299 seconds
[2019-12-09T02:03:11.634+0000][1][safepoint    ] Entering safepoint region: RevokeBias
[2019-12-09T02:03:11.634+0000][1][safepoint    ] Leaving safepoint region
[2019-12-09T02:03:11.634+0000][1][safepoint    ] Total time for which application threads were stopped: 0.0000653 seconds, Stopping threads took: 0.0000072 seconds
[2019-12-09T02:03:12.638+0000][1][safepoint    ] Application time: 1.0039850 seconds
[2019-12-09T02:03:12.649+0000][1][safepoint    ] Entering safepoint region: Cleanup
[2019-12-09T02:03:12.649+0000][1][safepoint    ] Leaving safepoint region
[2019-12-09T02:03:12.649+0000][1][safepoint    ] Total time for which application threads were stopped: 0.0110443 seconds, Stopping threads took: 0.0109845 seconds
[2019-12-09T02:03:13.368+0000][1][safepoint    ] Application time: 0.7190584 seconds
[2019-12-09T02:03:13.368+0000][1][safepoint    ] Entering safepoint region: GenCollectForAllocation
[2019-12-09T02:03:13.368+0000][1][gc,start     ] GC(0) Pause Young (Allocation Failure)
[2019-12-09T02:03:13.369+0000][1][gc,task      ] GC(0) Using 2 workers of 2 for evacuation
[2019-12-09T02:03:13.554+0000][1][gc,age       ] GC(0) Desired survivor size 4456448 bytes, new threshold 1 (max threshold 6)
[2019-12-09T02:03:13.554+0000][1][gc,age       ] GC(0) Age table with threshold 1 (max threshold 6)
[2019-12-09T02:03:13.554+0000][1][gc,age       ] GC(0) - age   1:    6757920 bytes,    6757920 total
[2019-12-09T02:03:13.554+0000][1][gc,heap      ] GC(0) ParNew: 69952K->6647K(78656K)
[2019-12-09T02:03:13.554+0000][1][gc,heap      ] GC(0) CMS: 0K->0K(174784K)
[2019-12-09T02:03:13.554+0000][1][gc,metaspace ] GC(0) Metaspace: 12967K->12967K(1060864K)
[2019-12-09T02:03:13.554+0000][1][gc           ] GC(0) Pause Young (Allocation Failure) 68M->6M(247M) 186.288ms
[2019-12-09T02:03:13.554+0000][1][gc,cpu       ] GC(0) User=0.04s Sys=0.00s Real=0.18s
[2019-12-09T02:03:13.554+0000][1][safepoint    ] Leaving safepoint region
[2019-12-09T02:03:13.554+0000][1][safepoint    ] Total time for which application threads were stopped: 0.1864450 seconds, Stopping threads took: 0.0000143 seconds
[2019-12-09T02:03:13.587+0000][1][safepoint    ] Application time: 0.0323618 seconds
[2019-12-09T02:03:13.673+0000][1][safepoint    ] Entering safepoint region: RevokeBias
[2019-12-09T02:03:13.673+0000][1][safepoint    ] Leaving safepoint region
[2019-12-09T02:03:13.673+0000][1][safepoint    ] Total time for which application threads were stopped: 0.0862732 seconds, Stopping threads took: 0.0861343 seconds
[2019-12-09T02:03:13.676+0000][1][safepoint    ] Application time: 0.0026947 seconds
[2019-12-09T02:03:13.676+0000][1][safepoint    ] Entering safepoint region: RevokeBias
[2019-12-09T02:03:13.676+0000][1][safepoint    ] Leaving safepoint region
[2019-12-09T02:03:13.676+0000][1][safepoint    ] Total time for which application threads were stopped: 0.0000933 seconds, Stopping threads took: 0.0000490 seconds
[2019-12-09T02:03:13.676+0000][1][safepoint    ] Application time: 0.0000737 seconds
[2019-12-09T02:03:13.676+0000][1][safepoint    ] Entering safepoint region: RevokeBias
[2019-12-09T02:03:13.676+0000][1][safepoint    ] Leaving safepoint region
[2019-12-09T02:03:13.676+0000][1][safepoint    ] Total time for which application threads were stopped: 0.0000340 seconds, Stopping threads took: 0.0000083 seconds
[2019-12-09T02:03:13.676+0000][1][safepoint    ] Application time: 0.0000520 seconds
[2019-12-09T02:03:13.676+0000][1][safepoint    ] Entering safepoint region: RevokeBias
[2019-12-09T02:03:13.676+0000][1][safepoint    ] Leaving safepoint region
[2019-12-09T02:03:13.676+0000][1][safepoint    ] Total time for which application threads were stopped: 0.0000312 seconds, Stopping threads took: 0.0000081 seconds
[2019-12-09T02:03:13.676+0000][1][safepoint    ] Application time: 0.0000562 seconds
[2019-12-09T02:03:13.676+0000][1][safepoint    ] Entering safepoint region: RevokeBias
[2019-12-09T02:03:13.676+0000][1][safepoint    ] Leaving safepoint region
[2019-12-09T02:03:13.676+0000][1][safepoint    ] Total time for which application threads were stopped: 0.0000329 seconds, Stopping threads took: 0.0000083 seconds
[2019-12-09T02:03:13.676+0000][1][safepoint    ] Application time: 0.0000510 seconds
[2019-12-09T02:03:13.676+0000][1][safepoint    ] Entering safepoint region: RevokeBias
[2019-12-09T02:03:13.676+0000][1][safepoint    ] Leaving safepoint region
[2019-12-09T02:03:13.676+0000][1][safepoint    ] Total time for which application threads were stopped: 0.0000302 seconds, Stopping threads took: 0.0000081 seconds
[2019-12-09T02:03:13.676+0000][1][safepoint    ] Application time: 0.0000605 seconds
[2019-12-09T02:03:13.676+0000][1][safepoint    ] Entering safepoint region: RevokeBias
[2019-12-09T02:03:13.676+0000][1][safepoint    ] Leaving safepoint region
[2019-12-09T02:03:13.676+0000][1][safepoint    ] Total time for which application threads were stopped: 0.0000272 seconds, Stopping threads took: 0.0000068 seconds
[2019-12-09T02:03:13.676+0000][1][safepoint    ] Application time: 0.0000436 seconds
[2019-12-09T02:03:13.676+0000][1][safepoint    ] Entering safepoint region: RevokeBias
[2019-12-09T02:03:13.676+0000][1][safepoint    ] Leaving safepoint region
[2019-12-09T02:03:13.676+0000][1][safepoint    ] Total time for which application threads were stopped: 0.0000374 seconds, Stopping threads took: 0.0000162 seconds
[2019-12-09T02:03:13.677+0000][1][safepoint    ] Application time: 0.0000488 seconds
[2019-12-09T02:03:13.677+0000][1][safepoint    ] Entering safepoint region: RevokeBias
[2019-12-09T02:03:13.677+0000][1][safepoint    ] Leaving safepoint region
[2019-12-09T02:03:13.677+0000][1][safepoint    ] Total time for which application threads were stopped: 0.0000281 seconds, Stopping threads took: 0.0000069 seconds
[2019-12-09T02:03:13.677+0000][1][safepoint    ] Application time: 0.0000445 seconds
[2019-12-09T02:03:13.677+0000][1][safepoint    ] Entering safepoint region: RevokeBias
[2019-12-09T02:03:13.677+0000][1][safepoint    ] Leaving safepoint region
[2019-12-09T02:03:13.677+0000][1][safepoint    ] Total time for which application threads were stopped: 0.0000272 seconds, Stopping threads took: 0.0000071 seconds
[2019-12-09T02:03:13.677+0000][1][safepoint    ] Application time: 0.0000592 seconds
[2019-12-09T02:03:13.677+0000][1][safepoint    ] Entering safepoint region: RevokeBias
[2019-12-09T02:03:13.677+0000][1][safepoint    ] Leaving safepoint region
[2019-12-09T02:03:13.677+0000][1][safepoint    ] Total time for which application threads were stopped: 0.0000292 seconds, Stopping threads took: 0.0000070 seconds
[2019-12-09T02:03:13.677+0000][1][safepoint    ] Application time: 0.0000448 seconds
[2019-12-09T02:03:13.677+0000][1][safepoint    ] Entering safepoint region: RevokeBias
[2019-12-09T02:03:13.677+0000][1][safepoint    ] Leaving safepoint region
[2019-12-09T02:03:13.677+0000][1][safepoint    ] Total time for which application threads were stopped: 0.0000268 seconds, Stopping threads took: 0.0000069 seconds
[2019-12-09T02:03:13.677+0000][1][safepoint    ] Application time: 0.0000489 seconds
[2019-12-09T02:03:13.677+0000][1][safepoint    ] Entering safepoint region: RevokeBias
[2019-12-09T02:03:13.677+0000][1][safepoint    ] Leaving safepoint region
[2019-12-09T02:03:13.677+0000][1][safepoint    ] Total time for which application threads were stopped: 0.0000267 seconds, Stopping threads took: 0.0000068 seconds
[2019-12-09T02:03:13.677+0000][1][safepoint    ] Application time: 0.0000434 seconds
[2019-12-09T02:03:13.677+0000][1][safepoint    ] Entering safepoint region: RevokeBias
[2019-12-09T02:03:13.677+0000][1][safepoint    ] Leaving safepoint region
[2019-12-09T02:03:13.677+0000][1][safepoint    ] Total time for which application threads were stopped: 0.0000261 seconds, Stopping threads took: 0.0000069 seconds
[2019-12-09T02:03:13.677+0000][1][safepoint    ] Application time: 0.0000462 seconds
[2019-12-09T02:03:13.677+0000][1][safepoint    ] Entering safepoint region: RevokeBias
[2019-12-09T02:03:13.677+0000][1][safepoint    ] Leaving safepoint region
[2019-12-09T02:03:13.677+0000][1][safepoint    ] Total time for which application threads were stopped: 0.0000260 seconds, Stopping threads took: 0.0000067 seconds
[2019-12-09T02:03:13.677+0000][1][safepoint    ] Application time: 0.0000429 seconds
[2019-12-09T02:03:13.677+0000][1][safepoint    ] Entering safepoint region: RevokeBias
[2019-12-09T02:03:13.677+0000][1][safepoint    ] Leaving safepoint region
[2019-12-09T02:03:13.677+0000][1][safepoint    ] Total time for which application threads were stopped: 0.0000249 seconds, Stopping threads took: 0.0000065 seconds
[2019-12-09T02:03:13.677+0000][1][safepoint    ] Application time: 0.0000501 seconds
[2019-12-09T02:03:13.677+0000][1][safepoint    ] Entering safepoint region: RevokeBias
[2019-12-09T02:03:13.677+0000][1][safepoint    ] Leaving safepoint region
[2019-12-09T02:03:13.677+0000][1][safepoint    ] Total time for which application threads were stopped: 0.0000256 seconds, Stopping threads took: 0.0000067 seconds
[2019-12-09T02:03:13.677+0000][1][safepoint    ] Application time: 0.0000432 seconds
[2019-12-09T02:03:13.677+0000][1][safepoint    ] Entering safepoint region: RevokeBias
[2019-12-09T02:03:13.677+0000][1][safepoint    ] Leaving safepoint region
[2019-12-09T02:03:13.677+0000][1][safepoint    ] Total time for which application threads were stopped: 0.0000341 seconds, Stopping threads took: 0.0000136 seconds
[2019-12-09T02:03:13.677+0000][1][safepoint    ] Application time: 0.0000687 seconds
[2019-12-09T02:03:13.677+0000][1][safepoint    ] Entering safepoint region: RevokeBias
[2019-12-09T02:03:13.677+0000][1][safepoint    ] Leaving safepoint region
[2019-12-09T02:03:13.677+0000][1][safepoint    ] Total time for which application threads were stopped: 0.0000271 seconds, Stopping threads took: 0.0000067 seconds
[2019-12-09T02:03:13.678+0000][1][safepoint    ] Application time: 0.0000444 seconds
[2019-12-09T02:03:13.678+0000][1][safepoint    ] Entering safepoint region: RevokeBias
[2019-12-09T02:03:13.678+0000][1][safepoint    ] Leaving safepoint region
[2019-12-09T02:03:13.678+0000][1][safepoint    ] Total time for which application threads were stopped: 0.0000268 seconds, Stopping threads took: 0.0000070 seconds
[2019-12-09T02:03:13.678+0000][1][safepoint    ] Application time: 0.0000500 seconds
[2019-12-09T02:03:13.678+0000][1][safepoint    ] Entering safepoint region: RevokeBias
[2019-12-09T02:03:13.678+0000][1][safepoint    ] Leaving safepoint region
[2019-12-09T02:03:13.678+0000][1][safepoint    ] Total time for which application threads were stopped: 0.0000274 seconds, Stopping threads took: 0.0000070 seconds
[2019-12-09T02:03:13.678+0000][1][safepoint    ] Application time: 0.0000548 seconds
[2019-12-09T02:03:13.678+0000][1][safepoint    ] Entering safepoint region: RevokeBias
[2019-12-09T02:03:13.678+0000][1][safepoint    ] Leaving safepoint region
[2019-12-09T02:03:13.678+0000][1][safepoint    ] Total time for which application threads were stopped: 0.0000270 seconds, Stopping threads took: 0.0000070 seconds
[2019-12-09T02:03:13.678+0000][1][safepoint    ] Application time: 0.0000483 seconds
[2019-12-09T02:03:13.678+0000][1][safepoint    ] Entering safepoint region: RevokeBias
[2019-12-09T02:03:13.678+0000][1][safepoint    ] Leaving safepoint region
[2019-12-09T02:03:13.678+0000][1][safepoint    ] Total time for which application threads were stopped: 0.0000272 seconds, Stopping threads took: 0.0000066 seconds
[2019-12-09T02:03:13.678+0000][1][safepoint    ] Application time: 0.0000427 seconds
[2019-12-09T02:03:13.678+0000][1][safepoint    ] Entering safepoint region: RevokeBias
[2019-12-09T02:03:13.678+0000][1][safepoint    ] Leaving safepoint region
[2019-12-09T02:03:13.678+0000][1][safepoint    ] Total time for which application threads were stopped: 0.0000254 seconds, Stopping threads took: 0.0000066 seconds
[2019-12-09T02:03:13.678+0000][1][safepoint    ] Application time: 0.0000637 seconds
[2019-12-09T02:03:13.678+0000][1][safepoint    ] Entering safepoint region: RevokeBias
[2019-12-09T02:03:13.678+0000][1][safepoint    ] Leaving safepoint region
[2019-12-09T02:03:13.678+0000][1][safepoint    ] Total time for which application threads were stopped: 0.0000260 seconds, Stopping threads took: 0.0000065 seconds
[2019-12-09T02:03:13.678+0000][1][safepoint    ] Application time: 0.0000427 seconds
[2019-12-09T02:03:13.678+0000][1][safepoint    ] Entering safepoint region: RevokeBias
[2019-12-09T02:03:13.678+0000][1][safepoint    ] Leaving safepoint region
[2019-12-09T02:03:13.678+0000][1][safepoint    ] Total time for which application threads were stopped: 0.0000240 seconds, Stopping threads took: 0.0000061 seconds
[2019-12-09T02:03:13.678+0000][1][safepoint    ] Application time: 0.0002959 seconds
[2019-12-09T02:03:13.678+0000][1][safepoint    ] Entering safepoint region: RevokeBias
[2019-12-09T02:03:13.678+0000][1][safepoint    ] Leaving safepoint region
[2019-12-09T02:03:13.678+0000][1][safepoint    ] Total time for which application threads were stopped: 0.0000429 seconds, Stopping threads took: 0.0000098 seconds
[2019-12-09T02:03:13.679+0000][1][safepoint    ] Application time: 0.0000561 seconds
[2019-12-09T02:03:13.679+0000][1][safepoint    ] Entering safepoint region: RevokeBias
[2019-12-09T02:03:13.679+0000][1][safepoint    ] Leaving safepoint region
[2019-12-09T02:03:13.679+0000][1][safepoint    ] Total time for which application threads were stopped: 0.0000430 seconds, Stopping threads took: 0.0000152 seconds
[2019-12-09T02:03:13.679+0000][1][safepoint    ] Application time: 0.0000674 seconds
[2019-12-09T02:03:13.679+0000][1][safepoint    ] Entering safepoint region: RevokeBias
[2019-12-09T02:03:13.679+0000][1][safepoint    ] Leaving safepoint region
[2019-12-09T02:03:13.679+0000][1][safepoint    ] Total time for which application threads were stopped: 0.0000328 seconds, Stopping threads took: 0.0000083 seconds
[2019-12-09T02:03:13.679+0000][1][safepoint    ] Application time: 0.0000521 seconds
[2019-12-09T02:03:13.679+0000][1][safepoint    ] Entering safepoint region: RevokeBias
[2019-12-09T02:03:13.679+0000][1][safepoint    ] Leaving safepoint region
[2019-12-09T02:03:13.679+0000][1][safepoint    ] Total time for which application threads were stopped: 0.0000318 seconds, Stopping threads took: 0.0000081 seconds
[2019-12-09T02:03:14.283+0000][1][safepoint    ] Application time: 0.6046779 seconds
[2019-12-09T02:03:14.284+0000][1][safepoint    ] Entering safepoint region: RevokeBias
[2019-12-09T02:03:14.284+0000][1][safepoint    ] Leaving safepoint region
[2019-12-09T02:03:14.284+0000][1][safepoint    ] Total time for which application threads were stopped: 0.0000950 seconds, Stopping threads took: 0.0000119 seconds
[2019-12-09T02:03:14.673+0000][1][safepoint    ] Application time: 0.3892516 seconds
[2019-12-09T02:03:14.673+0000][1][safepoint    ] Entering safepoint region: Deoptimize
[2019-12-09T02:03:14.673+0000][1][safepoint    ] Leaving safepoint region
[2019-12-09T02:03:14.673+0000][1][safepoint    ] Total time for which application threads were stopped: 0.0004017 seconds, Stopping threads took: 0.0000140 seconds
[2019-12-09T02:03:15.467+0000][1][safepoint    ] Application time: 0.7941241 seconds
[2019-12-09T02:03:15.467+0000][1][safepoint    ] Entering safepoint region: RevokeBias
[2019-12-09T02:03:15.468+0000][1][safepoint    ] Leaving safepoint region
[2019-12-09T02:03:15.468+0000][1][safepoint    ] Total time for which application threads were stopped: 0.0001268 seconds, Stopping threads took: 0.0000137 seconds
[2019-12-09T02:03:16.471+0000][1][safepoint    ] Application time: 1.0031499 seconds
[2019-12-09T02:03:16.559+0000][1][safepoint    ] Entering safepoint region: Cleanup
[2019-12-09T02:03:16.559+0000][1][safepoint    ] Leaving safepoint region
[2019-12-09T02:03:16.559+0000][1][safepoint    ] Total time for which application threads were stopped: 0.0880390 seconds, Stopping threads took: 0.0879616 seconds
[2019-12-09T02:03:17.045+0000][1][safepoint    ] Application time: 0.4863037 seconds
[2019-12-09T02:03:17.045+0000][1][safepoint    ] Entering safepoint region: GenCollectForAllocation
[2019-12-09T02:03:17.045+0000][1][gc,start     ] GC(1) Pause Young (Allocation Failure)
[2019-12-09T02:03:17.045+0000][1][gc,task      ] GC(1) Using 2 workers of 2 for evacuation
[2019-12-09T02:03:17.292+0000][1][gc,age       ] GC(1) Desired survivor size 4456448 bytes, new threshold 6 (max threshold 6)
[2019-12-09T02:03:17.292+0000][1][gc,age       ] GC(1) Age table with threshold 6 (max threshold 6)
[2019-12-09T02:03:17.292+0000][1][gc,age       ] GC(1) - age   1:    1218776 bytes,    1218776 total
[2019-12-09T02:03:17.292+0000][1][gc,heap      ] GC(1) ParNew: 76599K->4324K(78656K)
[2019-12-09T02:03:17.292+0000][1][gc,heap      ] GC(1) CMS: 0K->7065K(174784K)
[2019-12-09T02:03:17.292+0000][1][gc,metaspace ] GC(1) Metaspace: 14890K->14890K(1062912K)
[2019-12-09T02:03:17.292+0000][1][gc           ] GC(1) Pause Young (Allocation Failure) 74M->11M(247M) 246.406ms
[2019-12-09T02:03:17.292+0000][1][gc,cpu       ] GC(1) User=0.06s Sys=0.00s Real=0.24s
[2019-12-09T02:03:17.292+0000][1][safepoint    ] Leaving safepoint region
[2019-12-09T02:03:17.292+0000][1][safepoint    ] Total time for which application threads were stopped: 0.2465771 seconds, Stopping threads took: 0.0000144 seconds
[2019-12-09T02:03:17.305+0000][1][safepoint    ] Application time: 0.0132241 seconds
[2019-12-09T02:03:17.305+0000][1][safepoint    ] Entering safepoint region: BulkRevokeBias
[2019-12-09T02:03:17.305+0000][1][safepoint    ] Leaving safepoint region
[2019-12-09T02:03:17.305+0000][1][safepoint    ] Total time for which application threads were stopped: 0.0001199 seconds, Stopping threads took: 0.0000168 seconds
[2019-12-09T02:03:17.305+0000][1][safepoint    ] Application time: 0.0001317 seconds
[2019-12-09T02:03:17.305+0000][1][safepoint    ] Entering safepoint region: RevokeBias
[2019-12-09T02:03:17.305+0000][1][safepoint    ] Leaving safepoint region
[2019-12-09T02:03:17.305+0000][1][safepoint    ] Total time for which application threads were stopped: 0.0000423 seconds, Stopping threads took: 0.0000094 seconds
[2019-12-09T02:03:17.305+0000][1][safepoint    ] Application time: 0.0000720 seconds
[2019-12-09T02:03:17.305+0000][1][safepoint    ] Entering safepoint region: RevokeBias
[2019-12-09T02:03:17.305+0000][1][safepoint    ] Leaving safepoint region
[2019-12-09T02:03:17.305+0000][1][safepoint    ] Total time for which application threads were stopped: 0.0000354 seconds, Stopping threads took: 0.0000082 seconds
[2019-12-09T02:03:17.306+0000][1][safepoint    ] Application time: 0.0000507 seconds
[2019-12-09T02:03:17.306+0000][1][safepoint    ] Entering safepoint region: RevokeBias
[2019-12-09T02:03:17.306+0000][1][safepoint    ] Leaving safepoint region
[2019-12-09T02:03:17.306+0000][1][safepoint    ] Total time for which application threads were stopped: 0.0000433 seconds, Stopping threads took: 0.0000084 seconds
[2019-12-09T02:03:17.306+0000][1][safepoint    ] Application time: 0.0000556 seconds
[2019-12-09T02:03:17.306+0000][1][safepoint    ] Entering safepoint region: RevokeBias
[2019-12-09T02:03:17.306+0000][1][safepoint    ] Leaving safepoint region
[2019-12-09T02:03:17.306+0000][1][safepoint    ] Total time for which application threads were stopped: 0.0000601 seconds, Stopping threads took: 0.0000173 seconds
[2019-12-09T02:03:17.306+0000][1][safepoint    ] Application time: 0.0000453 seconds
[2019-12-09T02:03:17.306+0000][1][safepoint    ] Entering safepoint region: RevokeBias
[2019-12-09T02:03:17.306+0000][1][safepoint    ] Leaving safepoint region
[2019-12-09T02:03:17.306+0000][1][safepoint    ] Total time for which application threads were stopped: 0.0000305 seconds, Stopping threads took: 0.0000071 seconds
[2019-12-09T02:03:17.306+0000][1][safepoint    ] Application time: 0.0000498 seconds
[2019-12-09T02:03:17.306+0000][1][safepoint    ] Entering safepoint region: BulkRevokeBias
[2019-12-09T02:03:17.306+0000][1][safepoint    ] Leaving safepoint region
[2019-12-09T02:03:17.306+0000][1][safepoint    ] Total time for which application threads were stopped: 0.0000708 seconds, Stopping threads took: 0.0000071 seconds
[2019-12-09T02:03:17.306+0000][1][safepoint    ] Application time: 0.0000455 seconds
[2019-12-09T02:03:17.306+0000][1][safepoint    ] Entering safepoint region: RevokeBias
[2019-12-09T02:03:17.306+0000][1][safepoint    ] Leaving safepoint region
[2019-12-09T02:03:17.306+0000][1][safepoint    ] Total time for which application threads were stopped: 0.0000323 seconds, Stopping threads took: 0.0000073 seconds
[2019-12-09T02:03:17.306+0000][1][safepoint    ] Application time: 0.0000492 seconds
[2019-12-09T02:03:17.306+0000][1][safepoint    ] Entering safepoint region: BulkRevokeBias
[2019-12-09T02:03:17.306+0000][1][safepoint    ] Leaving safepoint region
[2019-12-09T02:03:17.306+0000][1][safepoint    ] Total time for which application threads were stopped: 0.0000501 seconds, Stopping threads took: 0.0000069 seconds
[2019-12-09T02:03:17.563+0000][1][safepoint    ] Application time: 0.2571290 seconds
[2019-12-09T02:03:17.563+0000][1][safepoint    ] Entering safepoint region: RevokeBias
[2019-12-09T02:03:17.563+0000][1][safepoint    ] Leaving safepoint region
[2019-12-09T02:03:17.563+0000][1][safepoint    ] Total time for which application threads were stopped: 0.0001021 seconds, Stopping threads took: 0.0000124 seconds
[2019-12-09T02:03:17.633+0000][1][safepoint    ] Application time: 0.0692488 seconds
[2019-12-09T02:03:17.655+0000][1][safepoint    ] Entering safepoint region: RevokeBias
[2019-12-09T02:03:17.655+0000][1][safepoint    ] Leaving safepoint region
[2019-12-09T02:03:17.655+0000][1][safepoint    ] Total time for which application threads were stopped: 0.0220822 seconds, Stopping threads took: 0.0220040 seconds
[2019-12-09T02:03:18.082+0000][1][safepoint    ] Application time: 0.4268993 seconds
[2019-12-09T02:03:18.082+0000][1][safepoint    ] Entering safepoint region: RevokeBias
[2019-12-09T02:03:18.082+0000][1][safepoint    ] Leaving safepoint region
[2019-12-09T02:03:18.082+0000][1][safepoint    ] Total time for which application threads were stopped: 0.0001095 seconds, Stopping threads took: 0.0000138 seconds
[2019-12-09T02:03:18.743+0000][1][safepoint    ] Application time: 0.6608620 seconds
[2019-12-09T02:03:18.743+0000][1][safepoint    ] Entering safepoint region: GenCollectForAllocation
[2019-12-09T02:03:18.743+0000][1][gc,start     ] GC(2) Pause Young (Allocation Failure)
[2019-12-09T02:03:18.743+0000][1][gc,task      ] GC(2) Using 2 workers of 2 for evacuation
[2019-12-09T02:03:18.826+0000][1][gc,age       ] GC(2) Desired survivor size 4456448 bytes, new threshold 6 (max threshold 6)
[2019-12-09T02:03:18.826+0000][1][gc,age       ] GC(2) Age table with threshold 6 (max threshold 6)
[2019-12-09T02:03:18.827+0000][1][gc,age       ] GC(2) - age   1:     475952 bytes,     475952 total
[2019-12-09T02:03:18.827+0000][1][gc,age       ] GC(2) - age   2:     950104 bytes,    1426056 total
[2019-12-09T02:03:18.827+0000][1][gc,heap      ] GC(2) ParNew: 74276K->2067K(78656K)
[2019-12-09T02:03:18.827+0000][1][gc,heap      ] GC(2) CMS: 7065K->7065K(174784K)
[2019-12-09T02:03:18.827+0000][1][gc,metaspace ] GC(2) Metaspace: 15008K->15008K(1062912K)
[2019-12-09T02:03:18.827+0000][1][gc           ] GC(2) Pause Young (Allocation Failure) 79M->8M(247M) 83.719ms
[2019-12-09T02:03:18.827+0000][1][gc,cpu       ] GC(2) User=0.01s Sys=0.00s Real=0.09s
[2019-12-09T02:03:18.827+0000][1][safepoint    ] Leaving safepoint region
[2019-12-09T02:03:18.827+0000][1][safepoint    ] Total time for which application threads were stopped: 0.0838730 seconds, Stopping threads took: 0.0000145 seconds
[2019-12-09T02:03:18.830+0000][1][safepoint    ] Application time: 0.0031596 seconds
[2019-12-09T02:03:18.838+0000][1][safepoint    ] Entering safepoint region: RevokeBias
[2019-12-09T02:03:18.838+0000][1][safepoint    ] Leaving safepoint region
[2019-12-09T02:03:18.838+0000][1][safepoint    ] Total time for which application threads were stopped: 0.0081248 seconds, Stopping threads took: 0.0079866 seconds
[2019-12-09T02:03:18.838+0000][1][safepoint    ] Application time: 0.0000621 seconds
[2019-12-09T02:03:18.838+0000][1][safepoint    ] Entering safepoint region: RevokeBias
[2019-12-09T02:03:18.838+0000][1][safepoint    ] Leaving safepoint region
[2019-12-09T02:03:18.838+0000][1][safepoint    ] Total time for which application threads were stopped: 0.0001051 seconds, Stopping threads took: 0.0000077 seconds
[2019-12-09T02:03:18.838+0000][1][safepoint    ] Application time: 0.0000603 seconds
[2019-12-09T02:03:18.838+0000][1][safepoint    ] Entering safepoint region: RevokeBias
[2019-12-09T02:03:18.838+0000][1][safepoint    ] Leaving safepoint region
[2019-12-09T02:03:18.838+0000][1][safepoint    ] Total time for which application threads were stopped: 0.0000902 seconds, Stopping threads took: 0.0000068 seconds
[2019-12-09T02:03:18.838+0000][1][safepoint    ] Application time: 0.0000494 seconds
[2019-12-09T02:03:18.838+0000][1][safepoint    ] Entering safepoint region: RevokeBias
[2019-12-09T02:03:18.838+0000][1][safepoint    ] Leaving safepoint region
[2019-12-09T02:03:18.838+0000][1][safepoint    ] Total time for which application threads were stopped: 0.0001080 seconds, Stopping threads took: 0.0000078 seconds
[2019-12-09T02:03:19.847+0000][1][safepoint    ] Application time: 1.0082184 seconds
[2019-12-09T02:03:19.847+0000][1][safepoint    ] Entering safepoint region: Cleanup
[2019-12-09T02:03:19.847+0000][1][safepoint    ] Leaving safepoint region
[2019-12-09T02:03:19.847+0000][1][safepoint    ] Total time for which application threads were stopped: 0.0001789 seconds, Stopping threads took: 0.0000940 seconds
[2019-12-09T02:03:20.153+0000][1][safepoint    ] Application time: 0.3057880 seconds
[2019-12-09T02:03:20.153+0000][1][safepoint    ] Entering safepoint region: Deoptimize
[2019-12-09T02:03:20.153+0000][1][safepoint    ] Leaving safepoint region
[2019-12-09T02:03:20.153+0000][1][safepoint    ] Total time for which application threads were stopped: 0.0003823 seconds, Stopping threads took: 0.0000131 seconds
[2019-12-09T02:03:20.162+0000][1][safepoint    ] Application time: 0.0088286 seconds
[2019-12-09T02:03:20.162+0000][1][safepoint    ] Entering safepoint region: Deoptimize
[2019-12-09T02:03:20.162+0000][1][safepoint    ] Leaving safepoint region
[2019-12-09T02:03:20.162+0000][1][safepoint    ] Total time for which application threads were stopped: 0.0003387 seconds, Stopping threads took: 0.0000132 seconds
[2019-12-09T02:03:21.167+0000][1][safepoint    ] Application time: 1.0043723 seconds
[2019-12-09T02:03:21.198+0000][1][safepoint    ] Entering safepoint region: Cleanup
[2019-12-09T02:03:21.198+0000][1][safepoint    ] Leaving safepoint region
[2019-12-09T02:03:21.198+0000][1][safepoint    ] Total time for which application threads were stopped: 0.0311647 seconds, Stopping threads took: 0.0310916 seconds
[2019-12-09T02:03:22.033+0000][1][safepoint    ] Application time: 0.8347059 seconds
[2019-12-09T02:03:22.033+0000][1][safepoint    ] Entering safepoint region: GenCollectForAllocation
[2019-12-09T02:03:22.033+0000][1][gc,start     ] GC(3) Pause Young (Allocation Failure)
[2019-12-09T02:03:22.033+0000][1][gc,task      ] GC(3) Using 2 workers of 2 for evacuation
[2019-12-09T02:03:22.137+0000][1][gc,age       ] GC(3) Desired survivor size 4456448 bytes, new threshold 3 (max threshold 6)
[2019-12-09T02:03:22.137+0000][1][gc,age       ] GC(3) Age table with threshold 3 (max threshold 6)
[2019-12-09T02:03:22.137+0000][1][gc,age       ] GC(3) - age   1:    3821368 bytes,    3821368 total
[2019-12-09T02:03:22.137+0000][1][gc,age       ] GC(3) - age   2:     455344 bytes,    4276712 total
[2019-12-09T02:03:22.137+0000][1][gc,age       ] GC(3) - age   3:     947928 bytes,    5224640 total
[2019-12-09T02:03:22.137+0000][1][gc,heap      ] GC(3) ParNew: 72019K->6384K(78656K)
[2019-12-09T02:03:22.137+0000][1][gc,heap      ] GC(3) CMS: 7065K->7065K(174784K)
[2019-12-09T02:03:22.137+0000][1][gc,metaspace ] GC(3) Metaspace: 18527K->18527K(1067008K)
[2019-12-09T02:03:22.137+0000][1][gc           ] GC(3) Pause Young (Allocation Failure) 77M->13M(247M) 104.290ms
[2019-12-09T02:03:22.137+0000][1][gc,cpu       ] GC(3) User=0.02s Sys=0.00s Real=0.11s
[2019-12-09T02:03:22.137+0000][1][safepoint    ] Leaving safepoint region
[2019-12-09T02:03:22.137+0000][1][safepoint    ] Total time for which application threads were stopped: 0.1045013 seconds, Stopping threads took: 0.0000755 seconds
[2019-12-09T02:03:22.145+0000][1][safepoint    ] Application time: 0.0082139 seconds
[2019-12-09T02:03:22.169+0000][1][safepoint    ] Entering safepoint region: RevokeBias
[2019-12-09T02:03:22.169+0000][1][safepoint    ] Leaving safepoint region
[2019-12-09T02:03:22.169+0000][1][safepoint    ] Total time for which application threads were stopped: 0.0236970 seconds, Stopping threads took: 0.0236176 seconds
[2019-12-09T02:03:22.169+0000][1][safepoint    ] Application time: 0.0000660 seconds
[2019-12-09T02:03:22.169+0000][1][safepoint    ] Entering safepoint region: RevokeBias
[2019-12-09T02:03:22.169+0000][1][safepoint    ] Leaving safepoint region
[2019-12-09T02:03:22.169+0000][1][safepoint    ] Total time for which application threads were stopped: 0.0000591 seconds, Stopping threads took: 0.0000089 seconds
[2019-12-09T02:03:22.169+0000][1][safepoint    ] Application time: 0.0000637 seconds
[2019-12-09T02:03:22.169+0000][1][safepoint    ] Entering safepoint region: RevokeBias
[2019-12-09T02:03:22.169+0000][1][safepoint    ] Leaving safepoint region
[2019-12-09T02:03:22.169+0000][1][safepoint    ] Total time for which application threads were stopped: 0.0000649 seconds, Stopping threads took: 0.0000079 seconds
[2019-12-09T02:03:22.169+0000][1][safepoint    ] Application time: 0.0000483 seconds
[2019-12-09T02:03:22.169+0000][1][safepoint    ] Entering safepoint region: RevokeBias
[2019-12-09T02:03:22.170+0000][1][safepoint    ] Leaving safepoint region
[2019-12-09T02:03:22.170+0000][1][safepoint    ] Total time for which application threads were stopped: 0.0000536 seconds, Stopping threads took: 0.0000074 seconds
[2019-12-09T02:03:22.171+0000][1][safepoint    ] Application time: 0.0014071 seconds
[2019-12-09T02:03:22.189+0000][1][safepoint    ] Entering safepoint region: BulkRevokeBias
[2019-12-09T02:03:22.189+0000][1][safepoint    ] Leaving safepoint region
[2019-12-09T02:03:22.189+0000][1][safepoint    ] Total time for which application threads were stopped: 0.0180160 seconds, Stopping threads took: 0.0178745 seconds
[2019-12-09T02:03:22.189+0000][1][safepoint    ] Application time: 0.0000966 seconds
[2019-12-09T02:03:22.189+0000][1][safepoint    ] Entering safepoint region: RevokeBias
[2019-12-09T02:03:22.189+0000][1][safepoint    ] Leaving safepoint region
[2019-12-09T02:03:22.189+0000][1][safepoint    ] Total time for which application threads were stopped: 0.0000673 seconds, Stopping threads took: 0.0000107 seconds
[2019-12-09T02:03:22.189+0000][1][safepoint    ] Application time: 0.0000667 seconds
[2019-12-09T02:03:22.189+0000][1][safepoint    ] Entering safepoint region: RevokeBias
[2019-12-09T02:03:22.189+0000][1][safepoint    ] Leaving safepoint region
[2019-12-09T02:03:22.189+0000][1][safepoint    ] Total time for which application threads were stopped: 0.0000535 seconds, Stopping threads took: 0.0000085 seconds
[2019-12-09T02:03:22.189+0000][1][safepoint    ] Application time: 0.0000498 seconds
[2019-12-09T02:03:22.189+0000][1][safepoint    ] Entering safepoint region: RevokeBias
[2019-12-09T02:03:22.189+0000][1][safepoint    ] Leaving safepoint region
[2019-12-09T02:03:22.189+0000][1][safepoint    ] Total time for which application threads were stopped: 0.0000504 seconds, Stopping threads took: 0.0000078 seconds
[2019-12-09T02:03:22.189+0000][1][safepoint    ] Application time: 0.0000570 seconds
[2019-12-09T02:03:22.189+0000][1][safepoint    ] Entering safepoint region: RevokeBias
[2019-12-09T02:03:22.190+0000][1][safepoint    ] Leaving safepoint region
[2019-12-09T02:03:22.190+0000][1][safepoint    ] Total time for which application threads were stopped: 0.0000552 seconds, Stopping threads took: 0.0000087 seconds
[2019-12-09T02:03:22.190+0000][1][safepoint    ] Application time: 0.0000542 seconds
[2019-12-09T02:03:22.190+0000][1][safepoint    ] Entering safepoint region: RevokeBias
[2019-12-09T02:03:22.190+0000][1][safepoint    ] Leaving safepoint region
[2019-12-09T02:03:22.190+0000][1][safepoint    ] Total time for which application threads were stopped: 0.0000555 seconds, Stopping threads took: 0.0000079 seconds
[2019-12-09T02:03:22.190+0000][1][safepoint    ] Application time: 0.0000766 seconds
[2019-12-09T02:03:22.190+0000][1][safepoint    ] Entering safepoint region: RevokeBias
[2019-12-09T02:03:22.190+0000][1][safepoint    ] Leaving safepoint region
[2019-12-09T02:03:22.190+0000][1][safepoint    ] Total time for which application threads were stopped: 0.0000592 seconds, Stopping threads took: 0.0000089 seconds
[2019-12-09T02:03:22.190+0000][1][safepoint    ] Application time: 0.0000552 seconds
[2019-12-09T02:03:22.190+0000][1][safepoint    ] Entering safepoint region: RevokeBias
[2019-12-09T02:03:22.190+0000][1][safepoint    ] Leaving safepoint region
[2019-12-09T02:03:22.190+0000][1][safepoint    ] Total time for which application threads were stopped: 0.0000523 seconds, Stopping threads took: 0.0000074 seconds
[2019-12-09T02:03:22.190+0000][1][safepoint    ] Application time: 0.0000577 seconds
[2019-12-09T02:03:22.190+0000][1][safepoint    ] Entering safepoint region: RevokeBias
[2019-12-09T02:03:22.190+0000][1][safepoint    ] Leaving safepoint region
[2019-12-09T02:03:22.190+0000][1][safepoint    ] Total time for which application threads were stopped: 0.0000625 seconds, Stopping threads took: 0.0000084 seconds
[2019-12-09T02:03:22.190+0000][1][safepoint    ] Application time: 0.0000550 seconds
[2019-12-09T02:03:22.190+0000][1][safepoint    ] Entering safepoint region: RevokeBias
[2019-12-09T02:03:22.190+0000][1][safepoint    ] Leaving safepoint region
[2019-12-09T02:03:22.190+0000][1][safepoint    ] Total time for which application threads were stopped: 0.0000527 seconds, Stopping threads took: 0.0000076 seconds
[2019-12-09T02:03:22.190+0000][1][safepoint    ] Application time: 0.0000579 seconds
[2019-12-09T02:03:22.190+0000][1][safepoint    ] Entering safepoint region: RevokeBias
[2019-12-09T02:03:22.190+0000][1][safepoint    ] Leaving safepoint region
[2019-12-09T02:03:22.190+0000][1][safepoint    ] Total time for which application threads were stopped: 0.0000523 seconds, Stopping threads took: 0.0000080 seconds
[2019-12-09T02:03:22.190+0000][1][safepoint    ] Application time: 0.0000498 seconds
[2019-12-09T02:03:22.190+0000][1][safepoint    ] Entering safepoint region: RevokeBias
[2019-12-09T02:03:22.190+0000][1][safepoint    ] Leaving safepoint region
[2019-12-09T02:03:22.190+0000][1][safepoint    ] Total time for which application threads were stopped: 0.0000504 seconds, Stopping threads took: 0.0000081 seconds
[2019-12-09T02:03:22.191+0000][1][safepoint    ] Application time: 0.0000577 seconds
[2019-12-09T02:03:22.191+0000][1][safepoint    ] Entering safepoint region: RevokeBias
[2019-12-09T02:03:22.191+0000][1][safepoint    ] Leaving safepoint region
[2019-12-09T02:03:22.191+0000][1][safepoint    ] Total time for which application threads were stopped: 0.0000547 seconds, Stopping threads took: 0.0000084 seconds
[2019-12-09T02:03:22.191+0000][1][safepoint    ] Application time: 0.0000518 seconds
[2019-12-09T02:03:22.191+0000][1][safepoint    ] Entering safepoint region: RevokeBias
[2019-12-09T02:03:22.191+0000][1][safepoint    ] Leaving safepoint region
[2019-12-09T02:03:22.191+0000][1][safepoint    ] Total time for which application threads were stopped: 0.0000733 seconds, Stopping threads took: 0.0000082 seconds
[2019-12-09T02:03:22.191+0000][1][safepoint    ] Application time: 0.0000605 seconds
[2019-12-09T02:03:22.191+0000][1][safepoint    ] Entering safepoint region: RevokeBias
[2019-12-09T02:03:22.191+0000][1][safepoint    ] Leaving safepoint region
[2019-12-09T02:03:22.191+0000][1][safepoint    ] Total time for which application threads were stopped: 0.0000548 seconds, Stopping threads took: 0.0000085 seconds
[2019-12-09T02:03:22.191+0000][1][safepoint    ] Application time: 0.0000514 seconds
[2019-12-09T02:03:22.191+0000][1][safepoint    ] Entering safepoint region: RevokeBias
[2019-12-09T02:03:22.191+0000][1][safepoint    ] Leaving safepoint region
[2019-12-09T02:03:22.191+0000][1][safepoint    ] Total time for which application threads were stopped: 0.0000531 seconds, Stopping threads took: 0.0000077 seconds
[2019-12-09T02:03:22.191+0000][1][safepoint    ] Application time: 0.0000597 seconds
[2019-12-09T02:03:22.191+0000][1][safepoint    ] Entering safepoint region: RevokeBias
[2019-12-09T02:03:22.191+0000][1][safepoint    ] Leaving safepoint region
[2019-12-09T02:03:22.191+0000][1][safepoint    ] Total time for which application threads were stopped: 0.0000532 seconds, Stopping threads took: 0.0000075 seconds
[2019-12-09T02:03:22.199+0000][1][safepoint    ] Application time: 0.0076536 seconds
[2019-12-09T02:03:22.295+0000][1][safepoint    ] Entering safepoint region: RevokeBias
[2019-12-09T02:03:22.295+0000][1][safepoint    ] Leaving safepoint region
[2019-12-09T02:03:22.295+0000][1][safepoint    ] Total time for which application threads were stopped: 0.0961063 seconds, Stopping threads took: 0.0959946 seconds
[2019-12-09T02:03:23.285+0000][1][safepoint    ] Application time: 0.9902086 seconds
[2019-12-09T02:03:23.285+0000][1][safepoint    ] Entering safepoint region: GenCollectForAllocation
[2019-12-09T02:03:23.285+0000][1][gc,start     ] GC(4) Pause Young (Allocation Failure)
[2019-12-09T02:03:23.285+0000][1][gc,task      ] GC(4) Using 2 workers of 2 for evacuation
[2019-12-09T02:03:23.486+0000][1][gc,age       ] GC(4) Desired survivor size 4456448 bytes, new threshold 2 (max threshold 6)
[2019-12-09T02:03:23.486+0000][1][gc,age       ] GC(4) Age table with threshold 2 (max threshold 6)
[2019-12-09T02:03:23.486+0000][1][gc,age       ] GC(4) - age   1:    1780456 bytes,    1780456 total
[2019-12-09T02:03:23.486+0000][1][gc,age       ] GC(4) - age   2:    3258488 bytes,    5038944 total
[2019-12-09T02:03:23.486+0000][1][gc,age       ] GC(4) - age   3:     455080 bytes,    5494024 total
[2019-12-09T02:03:23.486+0000][1][gc,heap      ] GC(4) ParNew: 76336K->8147K(78656K)
[2019-12-09T02:03:23.486+0000][1][gc,heap      ] GC(4) CMS: 7065K->8005K(174784K)
[2019-12-09T02:03:23.486+0000][1][gc,metaspace ] GC(4) Metaspace: 18741K->18741K(1067008K)
[2019-12-09T02:03:23.486+0000][1][gc           ] GC(4) Pause Young (Allocation Failure) 81M->15M(247M) 200.723ms
[2019-12-09T02:03:23.486+0000][1][gc,cpu       ] GC(4) User=0.02s Sys=0.00s Real=0.20s
[2019-12-09T02:03:23.486+0000][1][safepoint    ] Leaving safepoint region
[2019-12-09T02:03:23.486+0000][1][safepoint    ] Total time for which application threads were stopped: 0.2009014 seconds, Stopping threads took: 0.0000259 seconds
[2019-12-09T02:03:23.489+0000][1][safepoint    ] Application time: 0.0027724 seconds
[2019-12-09T02:03:23.539+0000][1][safepoint    ] Entering safepoint region: RevokeBias
[2019-12-09T02:03:23.539+0000][1][safepoint    ] Leaving safepoint region
[2019-12-09T02:03:23.539+0000][1][safepoint    ] Total time for which application threads were stopped: 0.0502581 seconds, Stopping threads took: 0.0501800 seconds
[2019-12-09T02:03:23.539+0000][1][safepoint    ] Application time: 0.0000760 seconds
[2019-12-09T02:03:23.539+0000][1][safepoint    ] Entering safepoint region: RevokeBias
[2019-12-09T02:03:23.539+0000][1][safepoint    ] Leaving safepoint region
[2019-12-09T02:03:23.539+0000][1][safepoint    ] Total time for which application threads were stopped: 0.0000612 seconds, Stopping threads took: 0.0000103 seconds
[2019-12-09T02:03:23.539+0000][1][safepoint    ] Application time: 0.0000855 seconds
[2019-12-09T02:03:23.539+0000][1][safepoint    ] Entering safepoint region: RevokeBias
[2019-12-09T02:03:23.539+0000][1][safepoint    ] Leaving safepoint region
[2019-12-09T02:03:23.539+0000][1][safepoint    ] Total time for which application threads were stopped: 0.0000505 seconds, Stopping threads took: 0.0000078 seconds
[2019-12-09T02:03:23.539+0000][1][safepoint    ] Application time: 0.0000533 seconds
[2019-12-09T02:03:23.540+0000][1][safepoint    ] Entering safepoint region: RevokeBias
[2019-12-09T02:03:23.540+0000][1][safepoint    ] Leaving safepoint region
[2019-12-09T02:03:23.540+0000][1][safepoint    ] Total time for which application threads were stopped: 0.0000497 seconds, Stopping threads took: 0.0000086 seconds
[2019-12-09T02:03:23.640+0000][1][safepoint    ] Application time: 0.1001451 seconds
[2019-12-09T02:03:23.640+0000][1][safepoint    ] Entering safepoint region: Deoptimize
[2019-12-09T02:03:23.640+0000][1][safepoint    ] Leaving safepoint region
[2019-12-09T02:03:23.640+0000][1][safepoint    ] Total time for which application threads were stopped: 0.0004611 seconds, Stopping threads took: 0.0000121 seconds
[2019-12-09T02:03:24.073+0000][1][safepoint    ] Application time: 0.4330666 seconds
[2019-12-09T02:03:24.073+0000][1][safepoint    ] Entering safepoint region: Deoptimize
[2019-12-09T02:03:24.074+0000][1][safepoint    ] Leaving safepoint region
[2019-12-09T02:03:24.074+0000][1][safepoint    ] Total time for which application threads were stopped: 0.0004275 seconds, Stopping threads took: 0.0000132 seconds
[2019-12-09T02:03:24.109+0000][1][safepoint    ] Application time: 0.0356934 seconds
[2019-12-09T02:03:24.109+0000][1][safepoint    ] Entering safepoint region: RevokeBias
[2019-12-09T02:03:24.110+0000][1][safepoint    ] Leaving safepoint region
[2019-12-09T02:03:24.110+0000][1][safepoint    ] Total time for which application threads were stopped: 0.0000931 seconds, Stopping threads took: 0.0000148 seconds
[2019-12-09T02:03:24.929+0000][1][safepoint    ] Application time: 0.8194033 seconds
[2019-12-09T02:03:24.929+0000][1][safepoint    ] Entering safepoint region: GenCollectForAllocation
[2019-12-09T02:03:24.929+0000][1][gc,start     ] GC(5) Pause Young (Allocation Failure)
[2019-12-09T02:03:24.929+0000][1][gc,task      ] GC(5) Using 2 workers of 2 for evacuation
[2019-12-09T02:03:25.064+0000][1][gc,age       ] GC(5) Desired survivor size 4456448 bytes, new threshold 6 (max threshold 6)
[2019-12-09T02:03:25.064+0000][1][gc,age       ] GC(5) Age table with threshold 6 (max threshold 6)
[2019-12-09T02:03:25.064+0000][1][gc,age       ] GC(5) - age   1:    2716224 bytes,    2716224 total
[2019-12-09T02:03:25.064+0000][1][gc,age       ] GC(5) - age   2:     442440 bytes,    3158664 total
[2019-12-09T02:03:25.064+0000][1][gc,heap      ] GC(5) ParNew: 78099K->7563K(78656K)
[2019-12-09T02:03:25.064+0000][1][gc,heap      ] GC(5) CMS: 8005K->11661K(174784K)
[2019-12-09T02:03:25.064+0000][1][gc,metaspace ] GC(5) Metaspace: 19081K->19081K(1067008K)
[2019-12-09T02:03:25.064+0000][1][gc           ] GC(5) Pause Young (Allocation Failure) 84M->18M(247M) 135.222ms
[2019-12-09T02:03:25.064+0000][1][gc,cpu       ] GC(5) User=0.04s Sys=0.00s Real=0.13s
[2019-12-09T02:03:25.064+0000][1][safepoint    ] Leaving safepoint region
[2019-12-09T02:03:25.064+0000][1][safepoint    ] Total time for which application threads were stopped: 0.1353626 seconds, Stopping threads took: 0.0000139 seconds
[2019-12-09T02:03:25.072+0000][1][safepoint    ] Application time: 0.0074155 seconds
[2019-12-09T02:03:25.110+0000][1][safepoint    ] Entering safepoint region: RevokeBias
[2019-12-09T02:03:25.110+0000][1][safepoint    ] Leaving safepoint region
[2019-12-09T02:03:25.110+0000][1][safepoint    ] Total time for which application threads were stopped: 0.0380804 seconds, Stopping threads took: 0.0380071 seconds
[2019-12-09T02:03:25.110+0000][1][safepoint    ] Application time: 0.0000744 seconds
[2019-12-09T02:03:25.110+0000][1][safepoint    ] Entering safepoint region: RevokeBias
[2019-12-09T02:03:25.110+0000][1][safepoint    ] Leaving safepoint region
[2019-12-09T02:03:25.110+0000][1][safepoint    ] Total time for which application threads were stopped: 0.0000496 seconds, Stopping threads took: 0.0000093 seconds
[2019-12-09T02:03:25.110+0000][1][safepoint    ] Application time: 0.0000675 seconds
[2019-12-09T02:03:25.110+0000][1][safepoint    ] Entering safepoint region: RevokeBias
[2019-12-09T02:03:25.110+0000][1][safepoint    ] Leaving safepoint region
[2019-12-09T02:03:25.110+0000][1][safepoint    ] Total time for which application threads were stopped: 0.0000468 seconds, Stopping threads took: 0.0000084 seconds
[2019-12-09T02:03:25.110+0000][1][safepoint    ] Application time: 0.0000505 seconds
[2019-12-09T02:03:25.110+0000][1][safepoint    ] Entering safepoint region: RevokeBias
[2019-12-09T02:03:25.110+0000][1][safepoint    ] Leaving safepoint region
[2019-12-09T02:03:25.110+0000][1][safepoint    ] Total time for which application threads were stopped: 0.0000448 seconds, Stopping threads took: 0.0000082 seconds
[2019-12-09T02:03:25.110+0000][1][safepoint    ] Application time: 0.0000653 seconds
[2019-12-09T02:03:25.110+0000][1][safepoint    ] Entering safepoint region: RevokeBias
[2019-12-09T02:03:25.110+0000][1][safepoint    ] Leaving safepoint region
[2019-12-09T02:03:25.110+0000][1][safepoint    ] Total time for which application threads were stopped: 0.0000399 seconds, Stopping threads took: 0.0000072 seconds
[2019-12-09T02:03:25.110+0000][1][safepoint    ] Application time: 0.0000438 seconds
[2019-12-09T02:03:25.110+0000][1][safepoint    ] Entering safepoint region: RevokeBias
[2019-12-09T02:03:25.111+0000][1][safepoint    ] Leaving safepoint region
[2019-12-09T02:03:25.111+0000][1][safepoint    ] Total time for which application threads were stopped: 0.0000391 seconds, Stopping threads took: 0.0000069 seconds
[2019-12-09T02:03:25.124+0000][1][safepoint    ] Application time: 0.0137672 seconds
[2019-12-09T02:03:25.124+0000][1][safepoint    ] Entering safepoint region: RevokeBias
[2019-12-09T02:03:25.124+0000][1][safepoint    ] Leaving safepoint region
[2019-12-09T02:03:25.124+0000][1][safepoint    ] Total time for which application threads were stopped: 0.0000858 seconds, Stopping threads took: 0.0000123 seconds
[2019-12-09T02:03:25.808+0000][1][safepoint    ] Application time: 0.6835141 seconds
[2019-12-09T02:03:25.808+0000][1][safepoint    ] Entering safepoint region: RevokeBias
[2019-12-09T02:03:25.808+0000][1][safepoint    ] Leaving safepoint region
[2019-12-09T02:03:25.808+0000][1][safepoint    ] Total time for which application threads were stopped: 0.0000679 seconds, Stopping threads took: 0.0000123 seconds
[2019-12-09T02:03:25.808+0000][1][safepoint    ] Application time: 0.0002154 seconds
[2019-12-09T02:03:25.808+0000][1][safepoint    ] Entering safepoint region: RevokeBias
[2019-12-09T02:03:25.808+0000][1][safepoint    ] Leaving safepoint region
[2019-12-09T02:03:25.808+0000][1][safepoint    ] Total time for which application threads were stopped: 0.0000464 seconds, Stopping threads took: 0.0000100 seconds
[2019-12-09T02:03:26.041+0000][1][safepoint    ] Application time: 0.2327120 seconds
[2019-12-09T02:03:26.041+0000][1][safepoint    ] Entering safepoint region: GenCollectForAllocation
[2019-12-09T02:03:26.041+0000][1][gc,start     ] GC(6) Pause Young (Allocation Failure)
[2019-12-09T02:03:26.041+0000][1][gc,task      ] GC(6) Using 2 workers of 2 for evacuation
[2019-12-09T02:03:26.075+0000][1][gc,age       ] GC(6) Desired survivor size 4456448 bytes, new threshold 6 (max threshold 6)
[2019-12-09T02:03:26.075+0000][1][gc,age       ] GC(6) Age table with threshold 6 (max threshold 6)
[2019-12-09T02:03:26.075+0000][1][gc,age       ] GC(6) - age   1:    1356328 bytes,    1356328 total
[2019-12-09T02:03:26.075+0000][1][gc,age       ] GC(6) - age   2:    2191096 bytes,    3547424 total
[2019-12-09T02:03:26.075+0000][1][gc,age       ] GC(6) - age   3:     442440 bytes,    3989864 total
[2019-12-09T02:03:26.075+0000][1][gc,heap      ] GC(6) ParNew: 77515K->4834K(78656K)
[2019-12-09T02:03:26.075+0000][1][gc,heap      ] GC(6) CMS: 11661K->11661K(174784K)
[2019-12-09T02:03:26.075+0000][1][gc,metaspace ] GC(6) Metaspace: 19388K->19388K(1067008K)
[2019-12-09T02:03:26.075+0000][1][gc           ] GC(6) Pause Young (Allocation Failure) 87M->16M(247M) 33.844ms
[2019-12-09T02:03:26.075+0000][1][gc,cpu       ] GC(6) User=0.02s Sys=0.00s Real=0.04s
[2019-12-09T02:03:26.075+0000][1][safepoint    ] Leaving safepoint region
[2019-12-09T02:03:26.075+0000][1][safepoint    ] Total time for which application threads were stopped: 0.0339689 seconds, Stopping threads took: 0.0000131 seconds
[2019-12-09T02:03:26.079+0000][1][safepoint    ] Application time: 0.0037262 seconds
[2019-12-09T02:03:26.141+0000][1][safepoint    ] Entering safepoint region: RevokeBias
[2019-12-09T02:03:26.141+0000][1][safepoint    ] Leaving safepoint region
[2019-12-09T02:03:26.141+0000][1][safepoint    ] Total time for which application threads were stopped: 0.0620248 seconds, Stopping threads took: 0.0619439 seconds
[2019-12-09T02:03:26.141+0000][1][safepoint    ] Application time: 0.0000682 seconds
[2019-12-09T02:03:26.141+0000][1][safepoint    ] Entering safepoint region: BulkRevokeBias
[2019-12-09T02:03:26.141+0000][1][safepoint    ] Leaving safepoint region
[2019-12-09T02:03:26.141+0000][1][safepoint    ] Total time for which application threads were stopped: 0.0000983 seconds, Stopping threads took: 0.0000083 seconds
[2019-12-09T02:03:26.141+0000][1][safepoint    ] Application time: 0.0000667 seconds
[2019-12-09T02:03:26.141+0000][1][safepoint    ] Entering safepoint region: BulkRevokeBias
[2019-12-09T02:03:26.141+0000][1][safepoint    ] Leaving safepoint region
[2019-12-09T02:03:26.141+0000][1][safepoint    ] Total time for which application threads were stopped: 0.0000689 seconds, Stopping threads took: 0.0000081 seconds
[2019-12-09T02:03:27.014+0000][1][safepoint    ] Application time: 0.8729882 seconds
[2019-12-09T02:03:27.014+0000][1][safepoint    ] Entering safepoint region: GenCollectForAllocation
[2019-12-09T02:03:27.014+0000][1][gc,start     ] GC(7) Pause Young (Allocation Failure)
[2019-12-09T02:03:27.014+0000][1][gc,task      ] GC(7) Using 2 workers of 2 for evacuation
[2019-12-09T02:03:27.096+0000][1][gc,age       ] GC(7) Desired survivor size 4456448 bytes, new threshold 6 (max threshold 6)
[2019-12-09T02:03:27.096+0000][1][gc,age       ] GC(7) Age table with threshold 6 (max threshold 6)
[2019-12-09T02:03:27.096+0000][1][gc,age       ] GC(7) - age   1:     374880 bytes,     374880 total
[2019-12-09T02:03:27.096+0000][1][gc,age       ] GC(7) - age   2:    1128800 bytes,    1503680 total
[2019-12-09T02:03:27.097+0000][1][gc,age       ] GC(7) - age   3:    2191016 bytes,    3694696 total
[2019-12-09T02:03:27.097+0000][1][gc,age       ] GC(7) - age   4:     442440 bytes,    4137136 total
[2019-12-09T02:03:27.097+0000][1][gc,heap      ] GC(7) ParNew: 74786K->5289K(78656K)
[2019-12-09T02:03:27.097+0000][1][gc,heap      ] GC(7) CMS: 11661K->11661K(174784K)
[2019-12-09T02:03:27.097+0000][1][gc,metaspace ] GC(7) Metaspace: 19665K->19665K(1067008K)
[2019-12-09T02:03:27.097+0000][1][gc           ] GC(7) Pause Young (Allocation Failure) 84M->16M(247M) 82.271ms
[2019-12-09T02:03:27.097+0000][1][gc,cpu       ] GC(7) User=0.01s Sys=0.00s Real=0.09s
[2019-12-09T02:03:27.097+0000][1][safepoint    ] Leaving safepoint region
[2019-12-09T02:03:27.097+0000][1][safepoint    ] Total time for which application threads were stopped: 0.0824107 seconds, Stopping threads took: 0.0000133 seconds
[2019-12-09T02:03:27.593+0000][1][safepoint    ] Application time: 0.4968388 seconds
[2019-12-09T02:03:27.594+0000][1][safepoint    ] Entering safepoint region: CollectForMetadataAllocation
[2019-12-09T02:03:27.594+0000][1][safepoint    ] Leaving safepoint region
[2019-12-09T02:03:27.594+0000][1][safepoint    ] Total time for which application threads were stopped: 0.0002904 seconds, Stopping threads took: 0.0000139 seconds
[2019-12-09T02:03:27.829+0000][1][safepoint    ] Application time: 0.2350366 seconds
[2019-12-09T02:03:27.829+0000][1][safepoint    ] Entering safepoint region: CollectForMetadataAllocation
[2019-12-09T02:03:27.829+0000][1][safepoint    ] Leaving safepoint region
[2019-12-09T02:03:27.829+0000][1][safepoint    ] Total time for which application threads were stopped: 0.0002376 seconds, Stopping threads took: 0.0000131 seconds
[2019-12-09T02:03:28.358+0000][1][safepoint    ] Application time: 0.5291870 seconds
[2019-12-09T02:03:28.358+0000][1][safepoint    ] Entering safepoint region: GenCollectForAllocation
[2019-12-09T02:03:28.358+0000][1][gc,start     ] GC(8) Pause Young (Allocation Failure)
[2019-12-09T02:03:28.358+0000][1][gc,task      ] GC(8) Using 2 workers of 2 for evacuation
[2019-12-09T02:03:28.670+0000][1][gc,age       ] GC(8) Desired survivor size 4456448 bytes, new threshold 4 (max threshold 6)
[2019-12-09T02:03:28.670+0000][1][gc,age       ] GC(8) Age table with threshold 4 (max threshold 6)
[2019-12-09T02:03:28.670+0000][1][gc,age       ] GC(8) - age   1:    1438720 bytes,    1438720 total
[2019-12-09T02:03:28.670+0000][1][gc,age       ] GC(8) - age   2:     356432 bytes,    1795152 total
[2019-12-09T02:03:28.670+0000][1][gc,age       ] GC(8) - age   3:    1128656 bytes,    2923808 total
[2019-12-09T02:03:28.670+0000][1][gc,age       ] GC(8) - age   4:    2188800 bytes,    5112608 total
[2019-12-09T02:03:28.670+0000][1][gc,age       ] GC(8) - age   5:     442440 bytes,    5555048 total
[2019-12-09T02:03:28.670+0000][1][gc,heap      ] GC(8) ParNew: 75241K->5867K(78656K)
[2019-12-09T02:03:28.670+0000][1][gc,heap      ] GC(8) CMS: 11661K->11661K(174784K)
[2019-12-09T02:03:28.670+0000][1][gc,metaspace ] GC(8) Metaspace: 20481K->20481K(1069056K)
[2019-12-09T02:03:28.670+0000][1][gc           ] GC(8) Pause Young (Allocation Failure) 84M->17M(247M) 311.541ms
[2019-12-09T02:03:28.670+0000][1][gc,cpu       ] GC(8) User=0.01s Sys=0.00s Real=0.31s
[2019-12-09T02:03:28.670+0000][1][safepoint    ] Leaving safepoint region
[2019-12-09T02:03:28.670+0000][1][safepoint    ] Total time for which application threads were stopped: 0.3116932 seconds, Stopping threads took: 0.0000134 seconds
[2019-12-09T02:03:28.673+0000][1][safepoint    ] Application time: 0.0027642 seconds
[2019-12-09T02:03:28.711+0000][1][safepoint    ] Entering safepoint region: CMS_Initial_Mark
[2019-12-09T02:03:28.712+0000][1][gc,start     ] GC(9) Pause Initial Mark
[2019-12-09T02:03:28.717+0000][1][gc           ] GC(9) Pause Initial Mark 18M->18M(247M) 5.195ms
[2019-12-09T02:03:28.717+0000][1][gc,cpu       ] GC(9) User=0.00s Sys=0.00s Real=0.01s
[2019-12-09T02:03:28.717+0000][1][safepoint    ] Leaving safepoint region
[2019-12-09T02:03:28.717+0000][1][safepoint    ] Total time for which application threads were stopped: 0.0439360 seconds, Stopping threads took: 0.0386256 seconds
[2019-12-09T02:03:28.717+0000][1][gc           ] GC(9) Concurrent Mark
[2019-12-09T02:03:28.860+0000][1][gc           ] GC(9) Concurrent Mark 142.969ms
[2019-12-09T02:03:28.860+0000][1][gc,cpu       ] GC(9) User=0.04s Sys=0.00s Real=0.14s
[2019-12-09T02:03:28.860+0000][1][gc           ] GC(9) Concurrent Preclean
[2019-12-09T02:03:28.860+0000][1][gc           ] GC(9) Concurrent Preclean 0.445ms
[2019-12-09T02:03:28.860+0000][1][gc,cpu       ] GC(9) User=0.00s Sys=0.00s Real=0.00s
[2019-12-09T02:03:28.860+0000][1][gc           ] GC(9) Concurrent Abortable Preclean
[2019-12-09T02:03:29.724+0000][1][safepoint    ] Application time: 1.0069138 seconds
[2019-12-09T02:03:29.724+0000][1][safepoint    ] Entering safepoint region: GenCollectForAllocation
[2019-12-09T02:03:29.724+0000][1][gc,start     ] GC(10) Pause Young (Allocation Failure)
[2019-12-09T02:03:29.724+0000][1][gc,task      ] GC(10) Using 2 workers of 2 for evacuation
[2019-12-09T02:03:29.910+0000][1][gc,age       ] GC(10) Desired survivor size 4456448 bytes, new threshold 6 (max threshold 6)
[2019-12-09T02:03:29.910+0000][1][gc,age       ] GC(10) Age table with threshold 6 (max threshold 6)
[2019-12-09T02:03:29.910+0000][1][gc,age       ] GC(10) - age   1:     757712 bytes,     757712 total
[2019-12-09T02:03:29.910+0000][1][gc,age       ] GC(10) - age   2:     654576 bytes,    1412288 total
[2019-12-09T02:03:29.910+0000][1][gc,age       ] GC(10) - age   3:     356432 bytes,    1768720 total
[2019-12-09T02:03:29.910+0000][1][gc,age       ] GC(10) - age   4:    1128656 bytes,    2897376 total
[2019-12-09T02:03:29.910+0000][1][gc,heap      ] GC(10) ParNew: 75819K->5046K(78656K)
[2019-12-09T02:03:29.910+0000][1][gc,heap      ] GC(10) CMS: 11661K->14249K(174784K)
[2019-12-09T02:03:29.910+0000][1][gc,metaspace ] GC(10) Metaspace: 20586K->20586K(1069056K)
[2019-12-09T02:03:29.910+0000][1][gc           ] GC(10) Pause Young (Allocation Failure) 85M->18M(247M) 186.159ms
[2019-12-09T02:03:29.910+0000][1][gc,cpu       ] GC(10) User=0.07s Sys=0.00s Real=0.19s
[2019-12-09T02:03:29.910+0000][1][safepoint    ] Leaving safepoint region
[2019-12-09T02:03:29.910+0000][1][safepoint    ] Total time for which application threads were stopped: 0.1862909 seconds, Stopping threads took: 0.0000135 seconds
[2019-12-09T02:03:30.580+0000][1][gc           ] GC(9) Concurrent Abortable Preclean 1719.342ms
[2019-12-09T02:03:30.580+0000][1][gc,cpu       ] GC(9) User=0.56s Sys=0.01s Real=1.72s
[2019-12-09T02:03:30.581+0000][1][safepoint    ] Application time: 0.6706600 seconds
[2019-12-09T02:03:30.666+0000][1][safepoint    ] Entering safepoint region: CMS_Final_Remark
[2019-12-09T02:03:30.666+0000][1][gc,start     ] GC(9) Pause Remark
[2019-12-09T02:03:30.855+0000][1][gc           ] GC(9) Pause Remark 63M->63M(247M) 188.806ms
[2019-12-09T02:03:30.855+0000][1][gc,cpu       ] GC(9) User=0.05s Sys=0.00s Real=0.18s
[2019-12-09T02:03:30.855+0000][1][safepoint    ] Leaving safepoint region
[2019-12-09T02:03:30.855+0000][1][safepoint    ] Total time for which application threads were stopped: 0.2739359 seconds, Stopping threads took: 0.0850041 seconds
[2019-12-09T02:03:30.862+0000][1][gc           ] GC(9) Concurrent Sweep
[2019-12-09T02:03:30.917+0000][1][gc           ] GC(9) Concurrent Sweep 55.216ms
[2019-12-09T02:03:30.917+0000][1][gc,cpu       ] GC(9) User=0.02s Sys=0.00s Real=0.06s
[2019-12-09T02:03:30.917+0000][1][gc           ] GC(9) Concurrent Reset
[2019-12-09T02:03:30.917+0000][1][gc           ] GC(9) Concurrent Reset 0.302ms
[2019-12-09T02:03:30.917+0000][1][gc,cpu       ] GC(9) User=0.00s Sys=0.00s Real=0.00s
[2019-12-09T02:03:30.917+0000][1][gc,heap      ] GC(9) Old: 11661K->14239K(174784K)
[2019-12-09T02:03:31.236+0000][1][safepoint    ] Application time: 0.3808303 seconds
[2019-12-09T02:03:31.236+0000][1][safepoint    ] Entering safepoint region: GenCollectForAllocation
[2019-12-09T02:03:31.236+0000][1][gc,start     ] GC(11) Pause Young (Allocation Failure)
[2019-12-09T02:03:31.236+0000][1][gc,task      ] GC(11) Using 2 workers of 2 for evacuation
[2019-12-09T02:03:31.327+0000][1][gc,age       ] GC(11) Desired survivor size 4456448 bytes, new threshold 6 (max threshold 6)
[2019-12-09T02:03:31.327+0000][1][gc,age       ] GC(11) Age table with threshold 6 (max threshold 6)
[2019-12-09T02:03:31.327+0000][1][gc,age       ] GC(11) - age   1:     692872 bytes,     692872 total
[2019-12-09T02:03:31.327+0000][1][gc,age       ] GC(11) - age   2:      97456 bytes,     790328 total
[2019-12-09T02:03:31.327+0000][1][gc,age       ] GC(11) - age   3:     654528 bytes,    1444856 total
[2019-12-09T02:03:31.327+0000][1][gc,age       ] GC(11) - age   4:     356328 bytes,    1801184 total
[2019-12-09T02:03:31.327+0000][1][gc,age       ] GC(11) - age   5:    1128368 bytes,    2929552 total
[2019-12-09T02:03:31.327+0000][1][gc,heap      ] GC(11) ParNew: 74998K->4773K(78656K)
[2019-12-09T02:03:31.327+0000][1][gc,heap      ] GC(11) CMS: 14239K->14239K(174784K)
[2019-12-09T02:03:31.327+0000][1][gc,metaspace ] GC(11) Metaspace: 20673K->20673K(1069056K)
[2019-12-09T02:03:31.327+0000][1][gc           ] GC(11) Pause Young (Allocation Failure) 87M->18M(247M) 90.945ms
[2019-12-09T02:03:31.327+0000][1][gc,cpu       ] GC(11) User=0.01s Sys=0.00s Real=0.09s
[2019-12-09T02:03:31.327+0000][1][safepoint    ] Leaving safepoint region
[2019-12-09T02:03:31.327+0000][1][safepoint    ] Total time for which application threads were stopped: 0.0914824 seconds, Stopping threads took: 0.0000142 seconds
[2019-12-09T02:03:32.072+0000][1][safepoint    ] Application time: 0.7451720 seconds
[2019-12-09T02:03:32.072+0000][1][safepoint    ] Entering safepoint region: Deoptimize
[2019-12-09T02:03:32.073+0000][1][safepoint    ] Leaving safepoint region
[2019-12-09T02:03:32.073+0000][1][safepoint    ] Total time for which application threads were stopped: 0.0004697 seconds, Stopping threads took: 0.0000139 seconds
[2019-12-09T02:03:33.087+0000][1][safepoint    ] Application time: 1.0142602 seconds
[2019-12-09T02:03:33.087+0000][1][safepoint    ] Entering safepoint region: Cleanup
[2019-12-09T02:03:33.087+0000][1][safepoint    ] Leaving safepoint region
[2019-12-09T02:03:33.087+0000][1][safepoint    ] Total time for which application threads were stopped: 0.0000854 seconds, Stopping threads took: 0.0000156 seconds
[2019-12-09T02:03:33.722+0000][1][safepoint    ] Application time: 0.6345990 seconds
[2019-12-09T02:03:33.722+0000][1][safepoint    ] Entering safepoint region: GenCollectForAllocation
[2019-12-09T02:03:33.722+0000][1][gc,start     ] GC(12) Pause Young (Allocation Failure)
[2019-12-09T02:03:33.722+0000][1][gc,task      ] GC(12) Using 2 workers of 2 for evacuation
[2019-12-09T02:03:33.878+0000][1][gc,age       ] GC(12) Desired survivor size 4456448 bytes, new threshold 6 (max threshold 6)
[2019-12-09T02:03:33.878+0000][1][gc,age       ] GC(12) Age table with threshold 6 (max threshold 6)
[2019-12-09T02:03:33.878+0000][1][gc,age       ] GC(12) - age   1:     890920 bytes,     890920 total
[2019-12-09T02:03:33.878+0000][1][gc,age       ] GC(12) - age   2:     305920 bytes,    1196840 total
[2019-12-09T02:03:33.878+0000][1][gc,age       ] GC(12) - age   3:      97456 bytes,    1294296 total
[2019-12-09T02:03:33.878+0000][1][gc,age       ] GC(12) - age   4:     654464 bytes,    1948760 total
[2019-12-09T02:03:33.878+0000][1][gc,age       ] GC(12) - age   5:     356328 bytes,    2305088 total
[2019-12-09T02:03:33.878+0000][1][gc,age       ] GC(12) - age   6:    1128368 bytes,    3433456 total
[2019-12-09T02:03:33.878+0000][1][gc,heap      ] GC(12) ParNew: 74725K->4013K(78656K)
[2019-12-09T02:03:33.878+0000][1][gc,heap      ] GC(12) CMS: 14239K->14239K(174784K)
[2019-12-09T02:03:33.878+0000][1][gc,metaspace ] GC(12) Metaspace: 22606K->22606K(1071104K)
[2019-12-09T02:03:33.878+0000][1][gc           ] GC(12) Pause Young (Allocation Failure) 86M->17M(247M) 156.208ms
[2019-12-09T02:03:33.878+0000][1][gc,cpu       ] GC(12) User=0.02s Sys=0.00s Real=0.16s
[2019-12-09T02:03:33.878+0000][1][safepoint    ] Leaving safepoint region
[2019-12-09T02:03:33.878+0000][1][safepoint    ] Total time for which application threads were stopped: 0.1563592 seconds, Stopping threads took: 0.0000142 seconds
[2019-12-09T02:03:34.880+0000][1][safepoint    ] Application time: 1.0016148 seconds
[2019-12-09T02:03:34.880+0000][1][safepoint    ] Entering safepoint region: Cleanup
[2019-12-09T02:03:34.880+0000][1][safepoint    ] Leaving safepoint region
[2019-12-09T02:03:34.880+0000][1][safepoint    ] Total time for which application threads were stopped: 0.0003263 seconds, Stopping threads took: 0.0001217 seconds
[2019-12-09T02:03:35.251+0000][1][safepoint    ] Application time: 0.3706727 seconds
[2019-12-09T02:03:35.251+0000][1][safepoint    ] Entering safepoint region: Deoptimize
[2019-12-09T02:03:35.251+0000][1][safepoint    ] Leaving safepoint region
[2019-12-09T02:03:35.251+0000][1][safepoint    ] Total time for which application threads were stopped: 0.0004336 seconds, Stopping threads took: 0.0000143 seconds
[2019-12-09T02:03:36.170+0000][1][safepoint    ] Application time: 0.9191144 seconds
[2019-12-09T02:03:36.170+0000][1][safepoint    ] Entering safepoint region: Deoptimize
[2019-12-09T02:03:36.171+0000][1][safepoint    ] Leaving safepoint region
[2019-12-09T02:03:36.171+0000][1][safepoint    ] Total time for which application threads were stopped: 0.0004799 seconds, Stopping threads took: 0.0000154 seconds
[2019-12-09T02:03:36.299+0000][1][safepoint    ] Application time: 0.1285379 seconds
[2019-12-09T02:03:36.299+0000][1][safepoint    ] Entering safepoint region: Deoptimize
[2019-12-09T02:03:36.300+0000][1][safepoint    ] Leaving safepoint region
[2019-12-09T02:03:36.300+0000][1][safepoint    ] Total time for which application threads were stopped: 0.0004744 seconds, Stopping threads took: 0.0000140 seconds
[2019-12-09T02:03:36.369+0000][1][safepoint    ] Application time: 0.0690232 seconds
[2019-12-09T02:03:36.369+0000][1][safepoint    ] Entering safepoint region: Deoptimize
[2019-12-09T02:03:36.369+0000][1][safepoint    ] Leaving safepoint region
[2019-12-09T02:03:36.369+0000][1][safepoint    ] Total time for which application threads were stopped: 0.0004329 seconds, Stopping threads took: 0.0000137 seconds
[2019-12-09T02:03:36.464+0000][1][safepoint    ] Application time: 0.0942966 seconds
[2019-12-09T02:03:36.464+0000][1][safepoint    ] Entering safepoint region: RevokeBias
[2019-12-09T02:03:36.464+0000][1][safepoint    ] Leaving safepoint region
[2019-12-09T02:03:36.464+0000][1][safepoint    ] Total time for which application threads were stopped: 0.0000695 seconds, Stopping threads took: 0.0000142 seconds
[2019-12-09T02:03:36.469+0000][1][safepoint    ] Application time: 0.0048708 seconds
[2019-12-09T02:03:36.469+0000][1][safepoint    ] Entering safepoint region: RevokeBias
[2019-12-09T02:03:36.469+0000][1][safepoint    ] Leaving safepoint region
[2019-12-09T02:03:36.469+0000][1][safepoint    ] Total time for which application threads were stopped: 0.0000572 seconds, Stopping threads took: 0.0000136 seconds
[2019-12-09T02:03:37.473+0000][1][safepoint    ] Application time: 1.0041885 seconds
[2019-12-09T02:03:37.525+0000][1][safepoint    ] Entering safepoint region: Cleanup
[2019-12-09T02:03:37.525+0000][1][safepoint    ] Leaving safepoint region
[2019-12-09T02:03:37.525+0000][1][safepoint    ] Total time for which application threads were stopped: 0.0518420 seconds, Stopping threads took: 0.0517883 seconds
[2019-12-09T02:03:38.529+0000][1][safepoint    ] Application time: 1.0038114 seconds
[2019-12-09T02:03:38.581+0000][1][safepoint    ] Entering safepoint region: Cleanup
[2019-12-09T02:03:38.581+0000][1][safepoint    ] Leaving safepoint region
[2019-12-09T02:03:38.581+0000][1][safepoint    ] Total time for which application threads were stopped: 0.0522126 seconds, Stopping threads took: 0.0519697 seconds
[2019-12-09T02:03:38.585+0000][1][safepoint    ] Application time: 0.0040469 seconds
[2019-12-09T02:03:38.585+0000][1][safepoint    ] Entering safepoint region: RevokeBias
[2019-12-09T02:03:38.585+0000][1][safepoint    ] Leaving safepoint region
[2019-12-09T02:03:38.585+0000][1][safepoint    ] Total time for which application threads were stopped: 0.0000817 seconds, Stopping threads took: 0.0000134 seconds
[2019-12-09T02:03:39.596+0000][1][safepoint    ] Application time: 1.0103987 seconds
[2019-12-09T02:03:39.681+0000][1][safepoint    ] Entering safepoint region: Cleanup
[2019-12-09T02:03:39.681+0000][1][safepoint    ] Leaving safepoint region
[2019-12-09T02:03:39.681+0000][1][safepoint    ] Total time for which application threads were stopped: 0.0857407 seconds, Stopping threads took: 0.0856897 seconds
[2019-12-09T02:03:40.692+0000][1][safepoint    ] Application time: 1.0103635 seconds
[2019-12-09T02:03:40.692+0000][1][safepoint    ] Entering safepoint region: Cleanup
[2019-12-09T02:03:40.692+0000][1][safepoint    ] Leaving safepoint region
[2019-12-09T02:03:40.692+0000][1][safepoint    ] Total time for which application threads were stopped: 0.0001016 seconds, Stopping threads took: 0.0000606 seconds
[2019-12-09T02:03:41.977+0000][1][safepoint    ] Application time: 1.2851381 seconds
[2019-12-09T02:03:41.977+0000][1][safepoint    ] Entering safepoint region: GenCollectForAllocation
[2019-12-09T02:03:41.977+0000][1][gc,start     ] GC(13) Pause Young (Allocation Failure)
[2019-12-09T02:03:41.977+0000][1][gc,task      ] GC(13) Using 2 workers of 2 for evacuation
[2019-12-09T02:03:42.353+0000][1][gc,age       ] GC(13) Desired survivor size 4456448 bytes, new threshold 1 (max threshold 6)
[2019-12-09T02:03:42.353+0000][1][gc,age       ] GC(13) Age table with threshold 1 (max threshold 6)
[2019-12-09T02:03:42.353+0000][1][gc,age       ] GC(13) - age   1:    6992488 bytes,    6992488 total
[2019-12-09T02:03:42.353+0000][1][gc,age       ] GC(13) - age   2:     566424 bytes,    7558912 total
[2019-12-09T02:03:42.353+0000][1][gc,age       ] GC(13) - age   3:     299616 bytes,    7858528 total
[2019-12-09T02:03:42.353+0000][1][gc,age       ] GC(13) - age   4:      92816 bytes,    7951344 total
[2019-12-09T02:03:42.353+0000][1][gc,age       ] GC(13) - age   5:     610776 bytes,    8562120 total
[2019-12-09T02:03:42.353+0000][1][gc,age       ] GC(13) - age   6:     350616 bytes,    8912736 total
[2019-12-09T02:03:42.353+0000][1][gc,heap      ] GC(13) ParNew: 73965K->8704K(78656K)
[2019-12-09T02:03:42.353+0000][1][gc,heap      ] GC(13) CMS: 14239K->21662K(174784K)
[2019-12-09T02:03:42.353+0000][1][gc,metaspace ] GC(13) Metaspace: 27161K->27161K(1075200K)
[2019-12-09T02:03:42.354+0000][1][gc           ] GC(13) Pause Young (Allocation Failure) 86M->29M(247M) 376.388ms
[2019-12-09T02:03:42.354+0000][1][gc,cpu       ] GC(13) User=0.08s Sys=0.00s Real=0.37s
[2019-12-09T02:03:42.354+0000][1][safepoint    ] Leaving safepoint region
[2019-12-09T02:03:42.354+0000][1][safepoint    ] Total time for which application threads were stopped: 0.3765218 seconds, Stopping threads took: 0.0000145 seconds
[2019-12-09T02:03:43.355+0000][1][safepoint    ] Application time: 1.0011378 seconds
[2019-12-09T02:03:43.422+0000][1][safepoint    ] Entering safepoint region: Cleanup
[2019-12-09T02:03:43.422+0000][1][safepoint    ] Leaving safepoint region
[2019-12-09T02:03:43.422+0000][1][safepoint    ] Total time for which application threads were stopped: 0.0670651 seconds, Stopping threads took: 0.0670061 seconds
[2019-12-09T02:03:45.203+0000][1][safepoint    ] Application time: 1.7809195 seconds
[2019-12-09T02:03:45.203+0000][1][safepoint    ] Entering safepoint region: Cleanup
[2019-12-09T02:03:45.203+0000][1][safepoint    ] Leaving safepoint region
[2019-12-09T02:03:45.203+0000][1][safepoint    ] Total time for which application threads were stopped: 0.0000718 seconds, Stopping threads took: 0.0000264 seconds
[2019-12-09T02:03:46.215+0000][1][safepoint    ] Application time: 1.0118740 seconds
[2019-12-09T02:03:46.256+0000][1][safepoint    ] Entering safepoint region: Cleanup
[2019-12-09T02:03:46.256+0000][1][safepoint    ] Leaving safepoint region
[2019-12-09T02:03:46.256+0000][1][safepoint    ] Total time for which application threads were stopped: 0.0410503 seconds, Stopping threads took: 0.0409968 seconds
[2019-12-09T02:03:47.261+0000][1][safepoint    ] Application time: 1.0048691 seconds
[2019-12-09T02:03:47.292+0000][1][safepoint    ] Entering safepoint region: Cleanup
[2019-12-09T02:03:47.292+0000][1][safepoint    ] Leaving safepoint region
[2019-12-09T02:03:47.292+0000][1][safepoint    ] Total time for which application threads were stopped: 0.0316435 seconds, Stopping threads took: 0.0315572 seconds
[2019-12-09T02:03:48.099+0000][1][safepoint    ] Application time: 0.8068419 seconds
[2019-12-09T02:03:48.099+0000][1][safepoint    ] Entering safepoint region: GenCollectForAllocation
[2019-12-09T02:03:48.099+0000][1][gc,start     ] GC(14) Pause Young (Allocation Failure)
[2019-12-09T02:03:48.099+0000][1][gc,task      ] GC(14) Using 2 workers of 2 for evacuation
[2019-12-09T02:03:48.476+0000][1][gc,age       ] GC(14) Desired survivor size 4456448 bytes, new threshold 1 (max threshold 6)
[2019-12-09T02:03:48.476+0000][1][gc,age       ] GC(14) Age table with threshold 1 (max threshold 6)
[2019-12-09T02:03:48.476+0000][1][gc,age       ] GC(14) - age   1:    8912816 bytes,    8912816 total
[2019-12-09T02:03:48.477+0000][1][gc,heap      ] GC(14) ParNew: 78656K->8704K(78656K)
[2019-12-09T02:03:48.477+0000][1][gc,heap      ] GC(14) CMS: 21662K->34606K(174784K)
[2019-12-09T02:03:48.477+0000][1][gc,metaspace ] GC(14) Metaspace: 27297K->27297K(1075200K)
[2019-12-09T02:03:48.477+0000][1][gc           ] GC(14) Pause Young (Allocation Failure) 97M->42M(247M) 377.181ms
[2019-12-09T02:03:48.477+0000][1][gc,cpu       ] GC(14) User=0.12s Sys=0.00s Real=0.38s
[2019-12-09T02:03:48.477+0000][1][safepoint    ] Leaving safepoint region
[2019-12-09T02:03:48.477+0000][1][safepoint    ] Total time for which application threads were stopped: 0.3773172 seconds, Stopping threads took: 0.0000135 seconds
[2019-12-09T02:03:49.487+0000][1][safepoint    ] Application time: 1.0101495 seconds
[2019-12-09T02:03:49.508+0000][1][safepoint    ] Entering safepoint region: Cleanup
[2019-12-09T02:03:49.508+0000][1][safepoint    ] Leaving safepoint region
[2019-12-09T02:03:49.508+0000][1][safepoint    ] Total time for which application threads were stopped: 0.0210198 seconds, Stopping threads took: 0.0209657 seconds
[2019-12-09T02:03:51.522+0000][1][safepoint    ] Application time: 2.0138764 seconds
[2019-12-09T02:03:51.561+0000][1][safepoint    ] Entering safepoint region: Cleanup
[2019-12-09T02:03:51.561+0000][1][safepoint    ] Leaving safepoint region
[2019-12-09T02:03:51.561+0000][1][safepoint    ] Total time for which application threads were stopped: 0.0390566 seconds, Stopping threads took: 0.0390093 seconds
[2019-12-09T02:03:52.491+0000][1][safepoint    ] Application time: 0.9303568 seconds
[2019-12-09T02:03:52.491+0000][1][safepoint    ] Entering safepoint region: GenCollectForAllocation
[2019-12-09T02:03:52.491+0000][1][gc,start     ] GC(15) Pause Young (Allocation Failure)
[2019-12-09T02:03:52.491+0000][1][gc,task      ] GC(15) Using 2 workers of 2 for evacuation
[2019-12-09T02:03:52.860+0000][1][gc,age       ] GC(15) Desired survivor size 4456448 bytes, new threshold 1 (max threshold 6)
[2019-12-09T02:03:52.860+0000][1][gc,age       ] GC(15) Age table with threshold 1 (max threshold 6)
[2019-12-09T02:03:52.860+0000][1][gc,age       ] GC(15) - age   1:    8912808 bytes,    8912808 total
[2019-12-09T02:03:52.860+0000][1][gc,heap      ] GC(15) ParNew: 78656K->8704K(78656K)
[2019-12-09T02:03:52.860+0000][1][gc,heap      ] GC(15) CMS: 34606K->45842K(174784K)
[2019-12-09T02:03:52.860+0000][1][gc,metaspace ] GC(15) Metaspace: 29026K->29026K(1077248K)
[2019-12-09T02:03:52.860+0000][1][gc           ] GC(15) Pause Young (Allocation Failure) 110M->53M(247M) 369.008ms
[2019-12-09T02:03:52.860+0000][1][gc,cpu       ] GC(15) User=0.10s Sys=0.00s Real=0.37s
[2019-12-09T02:03:52.860+0000][1][safepoint    ] Leaving safepoint region
[2019-12-09T02:03:52.860+0000][1][safepoint    ] Total time for which application threads were stopped: 0.3691830 seconds, Stopping threads took: 0.0000136 seconds
[2019-12-09T02:03:53.876+0000][1][safepoint    ] Application time: 1.0154749 seconds
[2019-12-09T02:03:53.927+0000][1][safepoint    ] Entering safepoint region: Cleanup
[2019-12-09T02:03:53.927+0000][1][safepoint    ] Leaving safepoint region
[2019-12-09T02:03:53.927+0000][1][safepoint    ] Total time for which application threads were stopped: 0.0510779 seconds, Stopping threads took: 0.0510215 seconds
[2019-12-09T02:03:53.931+0000][1][safepoint    ] Application time: 0.0042632 seconds
[2019-12-09T02:03:53.931+0000][1][safepoint    ] Entering safepoint region: RevokeBias
[2019-12-09T02:03:53.931+0000][1][safepoint    ] Leaving safepoint region
[2019-12-09T02:03:53.931+0000][1][safepoint    ] Total time for which application threads were stopped: 0.0000776 seconds, Stopping threads took: 0.0000131 seconds
[2019-12-09T02:03:54.282+0000][1][safepoint    ] Application time: 0.3511089 seconds
[2019-12-09T02:03:54.283+0000][1][safepoint    ] Entering safepoint region: RevokeBias
[2019-12-09T02:03:54.283+0000][1][safepoint    ] Leaving safepoint region
[2019-12-09T02:03:54.283+0000][1][safepoint    ] Total time for which application threads were stopped: 0.0000736 seconds, Stopping threads took: 0.0000131 seconds
[2019-12-09T02:03:54.396+0000][1][safepoint    ] Application time: 0.1136932 seconds
[2019-12-09T02:03:54.396+0000][1][safepoint    ] Entering safepoint region: RevokeBias
[2019-12-09T02:03:54.396+0000][1][safepoint    ] Leaving safepoint region
[2019-12-09T02:03:54.396+0000][1][safepoint    ] Total time for which application threads were stopped: 0.0000822 seconds, Stopping threads took: 0.0000137 seconds
[2019-12-09T02:03:54.483+0000][1][safepoint    ] Application time: 0.0862122 seconds
[2019-12-09T02:03:54.483+0000][1][safepoint    ] Entering safepoint region: RevokeBias
[2019-12-09T02:03:54.483+0000][1][safepoint    ] Leaving safepoint region
[2019-12-09T02:03:54.483+0000][1][safepoint    ] Total time for which application threads were stopped: 0.0000898 seconds, Stopping threads took: 0.0000183 seconds
[2019-12-09T02:03:55.524+0000][1][safepoint    ] Application time: 1.0409128 seconds
[2019-12-09T02:03:55.563+0000][1][safepoint    ] Entering safepoint region: Cleanup
[2019-12-09T02:03:55.563+0000][1][safepoint    ] Leaving safepoint region
[2019-12-09T02:03:55.563+0000][1][safepoint    ] Total time for which application threads were stopped: 0.0390469 seconds, Stopping threads took: 0.0390004 seconds
[2019-12-09T02:03:56.241+0000][1][safepoint    ] Application time: 0.6777527 seconds
[2019-12-09T02:03:56.241+0000][1][safepoint    ] Entering safepoint region: GenCollectForAllocation
[2019-12-09T02:03:56.241+0000][1][gc,start     ] GC(16) Pause Young (Allocation Failure)
[2019-12-09T02:03:56.241+0000][1][gc,task      ] GC(16) Using 2 workers of 2 for evacuation
[2019-12-09T02:03:56.513+0000][1][gc,age       ] GC(16) Desired survivor size 4456448 bytes, new threshold 6 (max threshold 6)
[2019-12-09T02:03:56.513+0000][1][gc,age       ] GC(16) Age table with threshold 6 (max threshold 6)
[2019-12-09T02:03:56.513+0000][1][gc,age       ] GC(16) - age   1:    1327872 bytes,    1327872 total
[2019-12-09T02:03:56.513+0000][1][gc,heap      ] GC(16) ParNew: 78656K->8613K(78656K)
[2019-12-09T02:03:56.513+0000][1][gc,heap      ] GC(16) CMS: 45842K->54613K(174784K)
[2019-12-09T02:03:56.513+0000][1][gc,metaspace ] GC(16) Metaspace: 33095K->33095K(1079296K)
[2019-12-09T02:03:56.513+0000][1][gc           ] GC(16) Pause Young (Allocation Failure) 121M->61M(247M) 272.152ms
[2019-12-09T02:03:56.513+0000][1][gc,cpu       ] GC(16) User=0.09s Sys=0.00s Real=0.27s
[2019-12-09T02:03:56.513+0000][1][safepoint    ] Leaving safepoint region
[2019-12-09T02:03:56.513+0000][1][safepoint    ] Total time for which application threads were stopped: 0.2723121 seconds, Stopping threads took: 0.0000153 seconds
[2019-12-09T02:03:57.521+0000][1][safepoint    ] Application time: 1.0077876 seconds
[2019-12-09T02:03:57.565+0000][1][safepoint    ] Entering safepoint region: Cleanup
[2019-12-09T02:03:57.565+0000][1][safepoint    ] Leaving safepoint region
[2019-12-09T02:03:57.565+0000][1][safepoint    ] Total time for which application threads were stopped: 0.0440986 seconds, Stopping threads took: 0.0440344 seconds
[2019-12-09T02:03:58.578+0000][1][safepoint    ] Application time: 1.0128627 seconds
[2019-12-09T02:03:58.578+0000][1][safepoint    ] Entering safepoint region: Cleanup
[2019-12-09T02:03:58.578+0000][1][safepoint    ] Leaving safepoint region
[2019-12-09T02:03:58.578+0000][1][safepoint    ] Total time for which application threads were stopped: 0.0001234 seconds, Stopping threads took: 0.0000591 seconds
[2019-12-09T02:03:58.658+0000][1][safepoint    ] Application time: 0.0803828 seconds
[2019-12-09T02:03:58.658+0000][1][safepoint    ] Entering safepoint region: CollectForMetadataAllocation
[2019-12-09T02:03:58.659+0000][1][safepoint    ] Leaving safepoint region
[2019-12-09T02:03:58.659+0000][1][safepoint    ] Total time for which application threads were stopped: 0.0002270 seconds, Stopping threads took: 0.0000147 seconds
[2019-12-09T02:03:59.067+0000][1][safepoint    ] Application time: 0.4081798 seconds
[2019-12-09T02:03:59.067+0000][1][safepoint    ] Entering safepoint region: CollectForMetadataAllocation
[2019-12-09T02:03:59.067+0000][1][safepoint    ] Leaving safepoint region
[2019-12-09T02:03:59.067+0000][1][safepoint    ] Total time for which application threads were stopped: 0.0002434 seconds, Stopping threads took: 0.0000148 seconds
[2019-12-09T02:03:59.452+0000][1][safepoint    ] Application time: 0.3853063 seconds
[2019-12-09T02:03:59.452+0000][1][safepoint    ] Entering safepoint region: CollectForMetadataAllocation
[2019-12-09T02:03:59.453+0000][1][safepoint    ] Leaving safepoint region
[2019-12-09T02:03:59.453+0000][1][safepoint    ] Total time for which application threads were stopped: 0.0002287 seconds, Stopping threads took: 0.0000136 seconds
[2019-12-09T02:03:59.622+0000][1][safepoint    ] Application time: 0.1696243 seconds
[2019-12-09T02:03:59.622+0000][1][safepoint    ] Entering safepoint region: CollectForMetadataAllocation
[2019-12-09T02:03:59.622+0000][1][safepoint    ] Leaving safepoint region
[2019-12-09T02:03:59.622+0000][1][safepoint    ] Total time for which application threads were stopped: 0.0002342 seconds, Stopping threads took: 0.0000139 seconds
[2019-12-09T02:03:59.745+0000][1][safepoint    ] Application time: 0.1225352 seconds
[2019-12-09T02:03:59.745+0000][1][safepoint    ] Entering safepoint region: GenCollectForAllocation
[2019-12-09T02:03:59.745+0000][1][gc,start     ] GC(17) Pause Young (Allocation Failure)
[2019-12-09T02:03:59.745+0000][1][gc,task      ] GC(17) Using 2 workers of 2 for evacuation
[2019-12-09T02:03:59.830+0000][1][gc,age       ] GC(17) Desired survivor size 4456448 bytes, new threshold 6 (max threshold 6)
[2019-12-09T02:03:59.830+0000][1][gc,age       ] GC(17) Age table with threshold 6 (max threshold 6)
[2019-12-09T02:03:59.830+0000][1][gc,age       ] GC(17) - age   1:    1877472 bytes,    1877472 total
[2019-12-09T02:03:59.830+0000][1][gc,age       ] GC(17) - age   2:    1260744 bytes,    3138216 total
[2019-12-09T02:03:59.830+0000][1][gc,heap      ] GC(17) ParNew: 78565K->3594K(78656K)
[2019-12-09T02:03:59.830+0000][1][gc,heap      ] GC(17) CMS: 54613K->54613K(174784K)
[2019-12-09T02:03:59.830+0000][1][gc,metaspace ] GC(17) Metaspace: 34768K->34768K(1081344K)
[2019-12-09T02:03:59.830+0000][1][gc           ] GC(17) Pause Young (Allocation Failure) 130M->56M(247M) 84.775ms
[2019-12-09T02:03:59.830+0000][1][gc,cpu       ] GC(17) User=0.02s Sys=0.00s Real=0.08s
[2019-12-09T02:03:59.830+0000][1][safepoint    ] Leaving safepoint region
[2019-12-09T02:03:59.830+0000][1][safepoint    ] Total time for which application threads were stopped: 0.0849069 seconds, Stopping threads took: 0.0000133 seconds
[2019-12-09T02:03:59.831+0000][1][safepoint    ] Application time: 0.0010207 seconds
[2019-12-09T02:03:59.831+0000][1][safepoint    ] Entering safepoint region: CollectForMetadataAllocation
[2019-12-09T02:03:59.831+0000][1][safepoint    ] Leaving safepoint region
[2019-12-09T02:03:59.831+0000][1][safepoint    ] Total time for which application threads were stopped: 0.0002260 seconds, Stopping threads took: 0.0000138 seconds
[2019-12-09T02:03:59.835+0000][1][safepoint    ] Application time: 0.0035143 seconds
[2019-12-09T02:03:59.835+0000][1][safepoint    ] Entering safepoint region: CMS_Initial_Mark
[2019-12-09T02:03:59.835+0000][1][gc,start     ] GC(18) Pause Initial Mark
[2019-12-09T02:03:59.839+0000][1][gc           ] GC(18) Pause Initial Mark 58M->58M(247M) 4.610ms
[2019-12-09T02:03:59.840+0000][1][gc,cpu       ] GC(18) User=0.01s Sys=0.00s Real=0.00s
[2019-12-09T02:03:59.840+0000][1][safepoint    ] Leaving safepoint region
[2019-12-09T02:03:59.840+0000][1][safepoint    ] Total time for which application threads were stopped: 0.0047554 seconds, Stopping threads took: 0.0000623 seconds
[2019-12-09T02:03:59.840+0000][1][gc           ] GC(18) Concurrent Mark
[2019-12-09T02:04:00.045+0000][1][safepoint    ] Application time: 0.2052410 seconds
[2019-12-09T02:04:00.045+0000][1][safepoint    ] Entering safepoint region: CollectForMetadataAllocation
[2019-12-09T02:04:00.045+0000][1][safepoint    ] Leaving safepoint region
[2019-12-09T02:04:00.045+0000][1][safepoint    ] Total time for which application threads were stopped: 0.0002463 seconds, Stopping threads took: 0.0000166 seconds
[2019-12-09T02:04:00.342+0000][1][safepoint    ] Application time: 0.2968551 seconds
[2019-12-09T02:04:00.342+0000][1][safepoint    ] Entering safepoint region: CollectForMetadataAllocation
[2019-12-09T02:04:00.342+0000][1][safepoint    ] Leaving safepoint region
[2019-12-09T02:04:00.342+0000][1][safepoint    ] Total time for which application threads were stopped: 0.0002312 seconds, Stopping threads took: 0.0000139 seconds
[2019-12-09T02:04:00.549+0000][1][safepoint    ] Application time: 0.2071395 seconds
[2019-12-09T02:04:00.549+0000][1][safepoint    ] Entering safepoint region: CollectForMetadataAllocation
[2019-12-09T02:04:00.550+0000][1][safepoint    ] Leaving safepoint region
[2019-12-09T02:04:00.550+0000][1][safepoint    ] Total time for which application threads were stopped: 0.0002477 seconds, Stopping threads took: 0.0000152 seconds
[2019-12-09T02:04:00.720+0000][1][gc           ] GC(18) Concurrent Mark 880.404ms
[2019-12-09T02:04:00.720+0000][1][gc,cpu       ] GC(18) User=0.24s Sys=0.00s Real=0.88s
[2019-12-09T02:04:00.720+0000][1][gc           ] GC(18) Concurrent Preclean
[2019-12-09T02:04:00.759+0000][1][gc           ] GC(18) Concurrent Preclean 39.387ms
[2019-12-09T02:04:00.759+0000][1][gc,cpu       ] GC(18) User=0.01s Sys=0.00s Real=0.04s
[2019-12-09T02:04:00.759+0000][1][gc           ] GC(18) Concurrent Abortable Preclean
[2019-12-09T02:04:00.840+0000][1][safepoint    ] Application time: 0.2899328 seconds
[2019-12-09T02:04:00.840+0000][1][safepoint    ] Entering safepoint region: CollectForMetadataAllocation
[2019-12-09T02:04:00.840+0000][1][safepoint    ] Leaving safepoint region
[2019-12-09T02:04:00.840+0000][1][safepoint    ] Total time for which application threads were stopped: 0.0002524 seconds, Stopping threads took: 0.0000148 seconds
[2019-12-09T02:04:01.189+0000][1][safepoint    ] Application time: 0.3488910 seconds
[2019-12-09T02:04:01.189+0000][1][safepoint    ] Entering safepoint region: CollectForMetadataAllocation
[2019-12-09T02:04:01.189+0000][1][safepoint    ] Leaving safepoint region
[2019-12-09T02:04:01.189+0000][1][safepoint    ] Total time for which application threads were stopped: 0.0002427 seconds, Stopping threads took: 0.0000155 seconds
[2019-12-09T02:04:01.523+0000][1][safepoint    ] Application time: 0.3336805 seconds
[2019-12-09T02:04:01.523+0000][1][safepoint    ] Entering safepoint region: CollectForMetadataAllocation
[2019-12-09T02:04:01.523+0000][1][safepoint    ] Leaving safepoint region
[2019-12-09T02:04:01.523+0000][1][safepoint    ] Total time for which application threads were stopped: 0.0002454 seconds, Stopping threads took: 0.0000171 seconds
[2019-12-09T02:04:01.531+0000][1][safepoint    ] Application time: 0.0077309 seconds
[2019-12-09T02:04:01.566+0000][1][safepoint    ] Entering safepoint region: CollectForMetadataAllocation
[2019-12-09T02:04:01.566+0000][1][safepoint    ] Leaving safepoint region
[2019-12-09T02:04:01.566+0000][1][safepoint    ] Total time for which application threads were stopped: 0.0350643 seconds, Stopping threads took: 0.0350096 seconds
[2019-12-09T02:04:01.708+0000][1][safepoint    ] Application time: 0.1417320 seconds
[2019-12-09T02:04:01.708+0000][1][safepoint    ] Entering safepoint region: RevokeBias
[2019-12-09T02:04:01.708+0000][1][safepoint    ] Leaving safepoint region
[2019-12-09T02:04:01.708+0000][1][safepoint    ] Total time for which application threads were stopped: 0.0001543 seconds, Stopping threads took: 0.0000130 seconds
[2019-12-09T02:04:01.886+0000][1][safepoint    ] Application time: 0.1779822 seconds
[2019-12-09T02:04:01.886+0000][1][safepoint    ] Entering safepoint region: CollectForMetadataAllocation
[2019-12-09T02:04:01.886+0000][1][safepoint    ] Leaving safepoint region
[2019-12-09T02:04:01.886+0000][1][safepoint    ] Total time for which application threads were stopped: 0.0002454 seconds, Stopping threads took: 0.0000166 seconds
[2019-12-09T02:04:02.381+0000][1][safepoint    ] Application time: 0.4946716 seconds
[2019-12-09T02:04:02.381+0000][1][safepoint    ] Entering safepoint region: CollectForMetadataAllocation
[2019-12-09T02:04:02.381+0000][1][safepoint    ] Leaving safepoint region
[2019-12-09T02:04:02.381+0000][1][safepoint    ] Total time for which application threads were stopped: 0.0001910 seconds, Stopping threads took: 0.0000169 seconds
[2019-12-09T02:04:02.762+0000][1][safepoint    ] Application time: 0.3811997 seconds
[2019-12-09T02:04:02.762+0000][1][safepoint    ] Entering safepoint region: CollectForMetadataAllocation
[2019-12-09T02:04:02.762+0000][1][safepoint    ] Leaving safepoint region
[2019-12-09T02:04:02.762+0000][1][safepoint    ] Total time for which application threads were stopped: 0.0002434 seconds, Stopping threads took: 0.0000148 seconds
[2019-12-09T02:04:03.064+0000][1][safepoint    ] Application time: 0.3020137 seconds
[2019-12-09T02:04:03.073+0000][1][safepoint    ] Entering safepoint region: CollectForMetadataAllocation
[2019-12-09T02:04:03.073+0000][1][safepoint    ] Leaving safepoint region
[2019-12-09T02:04:03.073+0000][1][safepoint    ] Total time for which application threads were stopped: 0.0084189 seconds, Stopping threads took: 0.0081953 seconds
[2019-12-09T02:04:03.295+0000][1][safepoint    ] Application time: 0.2217684 seconds
[2019-12-09T02:04:03.295+0000][1][safepoint    ] Entering safepoint region: CollectForMetadataAllocation
[2019-12-09T02:04:03.295+0000][1][safepoint    ] Leaving safepoint region
[2019-12-09T02:04:03.295+0000][1][safepoint    ] Total time for which application threads were stopped: 0.0002358 seconds, Stopping threads took: 0.0000153 seconds
[2019-12-09T02:04:03.594+0000][1][safepoint    ] Application time: 0.2987190 seconds
[2019-12-09T02:04:03.594+0000][1][safepoint    ] Entering safepoint region: CollectForMetadataAllocation
[2019-12-09T02:04:03.594+0000][1][safepoint    ] Leaving safepoint region
[2019-12-09T02:04:03.594+0000][1][safepoint    ] Total time for which application threads were stopped: 0.0002303 seconds, Stopping threads took: 0.0000140 seconds
[2019-12-09T02:04:03.777+0000][1][safepoint    ] Application time: 0.1827382 seconds
[2019-12-09T02:04:03.777+0000][1][safepoint    ] Entering safepoint region: CollectForMetadataAllocation
[2019-12-09T02:04:03.777+0000][1][safepoint    ] Leaving safepoint region
[2019-12-09T02:04:03.777+0000][1][safepoint    ] Total time for which application threads were stopped: 0.0002345 seconds, Stopping threads took: 0.0000194 seconds
[2019-12-09T02:04:04.053+0000][1][safepoint    ] Application time: 0.2757302 seconds
[2019-12-09T02:04:04.053+0000][1][safepoint    ] Entering safepoint region: CollectForMetadataAllocation
[2019-12-09T02:04:04.053+0000][1][safepoint    ] Leaving safepoint region
[2019-12-09T02:04:04.053+0000][1][safepoint    ] Total time for which application threads were stopped: 0.0002242 seconds, Stopping threads took: 0.0000138 seconds
[2019-12-09T02:04:04.311+0000][1][safepoint    ] Application time: 0.2581004 seconds
[2019-12-09T02:04:04.311+0000][1][safepoint    ] Entering safepoint region: CollectForMetadataAllocation
[2019-12-09T02:04:04.311+0000][1][safepoint    ] Leaving safepoint region
[2019-12-09T02:04:04.311+0000][1][safepoint    ] Total time for which application threads were stopped: 0.0002374 seconds, Stopping threads took: 0.0000148 seconds
[2019-12-09T02:04:04.514+0000][1][safepoint    ] Application time: 0.2027468 seconds
[2019-12-09T02:04:04.514+0000][1][safepoint    ] Entering safepoint region: CollectForMetadataAllocation
[2019-12-09T02:04:04.514+0000][1][safepoint    ] Leaving safepoint region
[2019-12-09T02:04:04.514+0000][1][safepoint    ] Total time for which application threads were stopped: 0.0002410 seconds, Stopping threads took: 0.0000145 seconds
[2019-12-09T02:04:04.856+0000][1][safepoint    ] Application time: 0.3413113 seconds
[2019-12-09T02:04:04.856+0000][1][safepoint    ] Entering safepoint region: CollectForMetadataAllocation
[2019-12-09T02:04:04.856+0000][1][safepoint    ] Leaving safepoint region
[2019-12-09T02:04:04.856+0000][1][safepoint    ] Total time for which application threads were stopped: 0.0002162 seconds, Stopping threads took: 0.0000137 seconds
[2019-12-09T02:04:05.083+0000][1][safepoint    ] Application time: 0.2267299 seconds
[2019-12-09T02:04:05.083+0000][1][safepoint    ] Entering safepoint region: CollectForMetadataAllocation
[2019-12-09T02:04:05.083+0000][1][safepoint    ] Leaving safepoint region
[2019-12-09T02:04:05.083+0000][1][safepoint    ] Total time for which application threads were stopped: 0.0002381 seconds, Stopping threads took: 0.0000143 seconds
[2019-12-09T02:04:05.775+0000][1][safepoint    ] Application time: 0.6917289 seconds
[2019-12-09T02:04:05.775+0000][1][safepoint    ] Entering safepoint region: CollectForMetadataAllocation
[2019-12-09T02:04:05.775+0000][1][safepoint    ] Leaving safepoint region
[2019-12-09T02:04:05.775+0000][1][safepoint    ] Total time for which application threads were stopped: 0.0001569 seconds, Stopping threads took: 0.0000166 seconds
[2019-12-09T02:04:06.024+0000][1][safepoint    ] Application time: 0.2487890 seconds
[2019-12-09T02:04:06.024+0000][1][safepoint    ] Entering safepoint region: CollectForMetadataAllocation
[2019-12-09T02:04:06.024+0000][1][safepoint    ] Leaving safepoint region
[2019-12-09T02:04:06.024+0000][1][safepoint    ] Total time for which application threads were stopped: 0.0001967 seconds, Stopping threads took: 0.0000136 seconds
[2019-12-09T02:04:06.057+0000][1][gc           ] GC(18) Concurrent Abortable Preclean 5297.396ms
[2019-12-09T02:04:06.057+0000][1][gc,cpu       ] GC(18) User=1.45s Sys=0.02s Real=5.30s
[2019-12-09T02:04:06.057+0000][1][safepoint    ] Application time: 0.0329869 seconds
[2019-12-09T02:04:06.058+0000][1][safepoint    ] Entering safepoint region: CMS_Final_Remark
[2019-12-09T02:04:06.058+0000][1][gc,start     ] GC(18) Pause Remark
[2019-12-09T02:04:06.123+0000][1][gc           ] GC(18) Pause Remark 84M->84M(247M) 64.851ms
[2019-12-09T02:04:06.123+0000][1][gc,cpu       ] GC(18) User=0.02s Sys=0.00s Real=0.06s
[2019-12-09T02:04:06.123+0000][1][safepoint    ] Leaving safepoint region
[2019-12-09T02:04:06.123+0000][1][safepoint    ] Total time for which application threads were stopped: 0.0659958 seconds, Stopping threads took: 0.0010226 seconds
[2019-12-09T02:04:06.149+0000][1][gc           ] GC(18) Concurrent Sweep
[2019-12-09T02:04:06.379+0000][1][safepoint    ] Application time: 0.2557471 seconds
[2019-12-09T02:04:06.379+0000][1][safepoint    ] Entering safepoint region: CollectForMetadataAllocation
[2019-12-09T02:04:06.380+0000][1][safepoint    ] Leaving safepoint region
[2019-12-09T02:04:06.380+0000][1][safepoint    ] Total time for which application threads were stopped: 0.0010208 seconds, Stopping threads took: 0.0000150 seconds
[2019-12-09T02:04:06.431+0000][1][gc           ] GC(18) Concurrent Sweep 282.164ms
[2019-12-09T02:04:06.431+0000][1][gc,cpu       ] GC(18) User=0.12s Sys=0.00s Real=0.28s
[2019-12-09T02:04:06.431+0000][1][gc           ] GC(18) Concurrent Reset
[2019-12-09T02:04:06.431+0000][1][gc           ] GC(18) Concurrent Reset 0.324ms
[2019-12-09T02:04:06.431+0000][1][gc,cpu       ] GC(18) User=0.00s Sys=0.00s Real=0.00s
[2019-12-09T02:04:06.431+0000][1][gc,heap      ] GC(18) Old: 54613K->54404K(174784K)
[2019-12-09T02:04:06.775+0000][1][safepoint    ] Application time: 0.3952715 seconds
[2019-12-09T02:04:06.792+0000][1][safepoint    ] Entering safepoint region: RevokeBias
[2019-12-09T02:04:06.792+0000][1][safepoint    ] Leaving safepoint region
[2019-12-09T02:04:06.792+0000][1][safepoint    ] Total time for which application threads were stopped: 0.0170715 seconds, Stopping threads took: 0.0170129 seconds
[2019-12-09T02:04:06.792+0000][1][safepoint    ] Application time: 0.0001027 seconds
[2019-12-09T02:04:06.792+0000][1][safepoint    ] Entering safepoint region: RevokeBias
[2019-12-09T02:04:06.792+0000][1][safepoint    ] Leaving safepoint region
[2019-12-09T02:04:06.792+0000][1][safepoint    ] Total time for which application threads were stopped: 0.0000316 seconds, Stopping threads took: 0.0000095 seconds
[2019-12-09T02:04:06.792+0000][1][safepoint    ] Application time: 0.0001427 seconds
[2019-12-09T02:04:06.792+0000][1][safepoint    ] Entering safepoint region: RevokeBias
[2019-12-09T02:04:06.793+0000][1][safepoint    ] Leaving safepoint region
[2019-12-09T02:04:06.793+0000][1][safepoint    ] Total time for which application threads were stopped: 0.0000317 seconds, Stopping threads took: 0.0000088 seconds
[2019-12-09T02:04:07.795+0000][1][safepoint    ] Application time: 1.0021927 seconds
[2019-12-09T02:04:07.836+0000][1][safepoint    ] Entering safepoint region: Cleanup
[2019-12-09T02:04:07.836+0000][1][safepoint    ] Leaving safepoint region
[2019-12-09T02:04:07.836+0000][1][safepoint    ] Total time for which application threads were stopped: 0.0411919 seconds, Stopping threads took: 0.0411378 seconds
[2019-12-09T02:04:11.637+0000][1][safepoint    ] Application time: 3.8008660 seconds
[2019-12-09T02:04:11.651+0000][1][safepoint    ] Entering safepoint region: RevokeBias
[2019-12-09T02:04:11.651+0000][1][safepoint    ] Leaving safepoint region
[2019-12-09T02:04:11.651+0000][1][safepoint    ] Total time for which application threads were stopped: 0.0140474 seconds, Stopping threads took: 0.0138880 seconds
[2019-12-09T02:04:11.651+0000][1][safepoint    ] Application time: 0.0002441 seconds
[2019-12-09T02:04:11.651+0000][1][safepoint    ] Entering safepoint region: RevokeBias
[2019-12-09T02:04:11.651+0000][1][safepoint    ] Leaving safepoint region
[2019-12-09T02:04:11.651+0000][1][safepoint    ] Total time for which application threads were stopped: 0.0000672 seconds, Stopping threads took: 0.0000116 seconds
[2019-12-09T02:04:11.771+0000][1][safepoint    ] Application time: 0.1198793 seconds
[2019-12-09T02:04:11.808+0000][1][safepoint    ] Entering safepoint region: RevokeBias
[2019-12-09T02:04:11.808+0000][1][safepoint    ] Leaving safepoint region
[2019-12-09T02:04:11.808+0000][1][safepoint    ] Total time for which application threads were stopped: 0.0369860 seconds, Stopping threads took: 0.0368074 seconds
[2019-12-09T02:04:11.808+0000][1][safepoint    ] Application time: 0.0001775 seconds
[2019-12-09T02:04:11.808+0000][1][safepoint    ] Entering safepoint region: RevokeBias
[2019-12-09T02:04:11.808+0000][1][safepoint    ] Leaving safepoint region
[2019-12-09T02:04:11.808+0000][1][safepoint    ] Total time for which application threads were stopped: 0.0000811 seconds, Stopping threads took: 0.0000105 seconds
[2019-12-09T02:04:11.809+0000][1][safepoint    ] Application time: 0.0000763 seconds
[2019-12-09T02:04:11.809+0000][1][safepoint    ] Entering safepoint region: RevokeBias
[2019-12-09T02:04:11.809+0000][1][safepoint    ] Leaving safepoint region
[2019-12-09T02:04:11.809+0000][1][safepoint    ] Total time for which application threads were stopped: 0.0000577 seconds, Stopping threads took: 0.0000092 seconds
[2019-12-09T02:04:11.809+0000][1][safepoint    ] Application time: 0.0001264 seconds
[2019-12-09T02:04:11.809+0000][1][safepoint    ] Entering safepoint region: RevokeBias
[2019-12-09T02:04:11.809+0000][1][safepoint    ] Leaving safepoint region
[2019-12-09T02:04:11.809+0000][1][safepoint    ] Total time for which application threads were stopped: 0.0000650 seconds, Stopping threads took: 0.0000098 seconds
[2019-12-09T02:04:11.809+0000][1][safepoint    ] Application time: 0.0000733 seconds
[2019-12-09T02:04:11.809+0000][1][safepoint    ] Entering safepoint region: RevokeBias
[2019-12-09T02:04:11.809+0000][1][safepoint    ] Leaving safepoint region
[2019-12-09T02:04:11.809+0000][1][safepoint    ] Total time for which application threads were stopped: 0.0000552 seconds, Stopping threads took: 0.0000087 seconds
[2019-12-09T02:04:11.809+0000][1][safepoint    ] Application time: 0.0002102 seconds
[2019-12-09T02:04:11.809+0000][1][safepoint    ] Entering safepoint region: RevokeBias
[2019-12-09T02:04:11.809+0000][1][safepoint    ] Leaving safepoint region
[2019-12-09T02:04:11.809+0000][1][safepoint    ] Total time for which application threads were stopped: 0.0000542 seconds, Stopping threads took: 0.0000084 seconds
[2019-12-09T02:04:11.809+0000][1][safepoint    ] Application time: 0.0001493 seconds
[2019-12-09T02:04:11.809+0000][1][safepoint    ] Entering safepoint region: RevokeBias
[2019-12-09T02:04:11.809+0000][1][safepoint    ] Leaving safepoint region
[2019-12-09T02:04:11.809+0000][1][safepoint    ] Total time for which application threads were stopped: 0.0000531 seconds, Stopping threads took: 0.0000079 seconds
[2019-12-09T02:04:11.810+0000][1][safepoint    ] Application time: 0.0000781 seconds
[2019-12-09T02:04:11.810+0000][1][safepoint    ] Entering safepoint region: RevokeBias
[2019-12-09T02:04:11.810+0000][1][safepoint    ] Leaving safepoint region
[2019-12-09T02:04:11.810+0000][1][safepoint    ] Total time for which application threads were stopped: 0.0000587 seconds, Stopping threads took: 0.0000088 seconds
[2019-12-09T02:04:11.810+0000][1][safepoint    ] Application time: 0.0000724 seconds
[2019-12-09T02:04:11.810+0000][1][safepoint    ] Entering safepoint region: RevokeBias
[2019-12-09T02:04:11.810+0000][1][safepoint    ] Leaving safepoint region
[2019-12-09T02:04:11.810+0000][1][safepoint    ] Total time for which application threads were stopped: 0.0000566 seconds, Stopping threads took: 0.0000083 seconds
[2019-12-09T02:04:11.810+0000][1][safepoint    ] Application time: 0.0000840 seconds
[2019-12-09T02:04:11.810+0000][1][safepoint    ] Entering safepoint region: RevokeBias
[2019-12-09T02:04:11.810+0000][1][safepoint    ] Leaving safepoint region
[2019-12-09T02:04:11.810+0000][1][safepoint    ] Total time for which application threads were stopped: 0.0000568 seconds, Stopping threads took: 0.0000079 seconds
[2019-12-09T02:04:11.810+0000][1][safepoint    ] Application time: 0.0000640 seconds
[2019-12-09T02:04:11.810+0000][1][safepoint    ] Entering safepoint region: RevokeBias
[2019-12-09T02:04:11.810+0000][1][safepoint    ] Leaving safepoint region
[2019-12-09T02:04:11.810+0000][1][safepoint    ] Total time for which application threads were stopped: 0.0000554 seconds, Stopping threads took: 0.0000086 seconds
[2019-12-09T02:04:11.811+0000][1][safepoint    ] Application time: 0.0007983 seconds
[2019-12-09T02:04:11.811+0000][1][safepoint    ] Entering safepoint region: RevokeBias
[2019-12-09T02:04:11.811+0000][1][safepoint    ] Leaving safepoint region
[2019-12-09T02:04:11.811+0000][1][safepoint    ] Total time for which application threads were stopped: 0.0000699 seconds, Stopping threads took: 0.0000110 seconds
[2019-12-09T02:04:11.811+0000][1][safepoint    ] Application time: 0.0002782 seconds
[2019-12-09T02:04:11.811+0000][1][safepoint    ] Entering safepoint region: RevokeBias
[2019-12-09T02:04:11.811+0000][1][safepoint    ] Leaving safepoint region
[2019-12-09T02:04:11.811+0000][1][safepoint    ] Total time for which application threads were stopped: 0.0000893 seconds, Stopping threads took: 0.0000098 seconds
[2019-12-09T02:04:11.812+0000][1][safepoint    ] Application time: 0.0003893 seconds
[2019-12-09T02:04:11.812+0000][1][safepoint    ] Entering safepoint region: RevokeBias
[2019-12-09T02:04:11.812+0000][1][safepoint    ] Leaving safepoint region
[2019-12-09T02:04:11.812+0000][1][safepoint    ] Total time for which application threads were stopped: 0.0000662 seconds, Stopping threads took: 0.0000104 seconds
[2019-12-09T02:04:11.812+0000][1][safepoint    ] Application time: 0.0000712 seconds
[2019-12-09T02:04:11.812+0000][1][safepoint    ] Entering safepoint region: RevokeBias
[2019-12-09T02:04:11.812+0000][1][safepoint    ] Leaving safepoint region
[2019-12-09T02:04:11.812+0000][1][safepoint    ] Total time for which application threads were stopped: 0.0000508 seconds, Stopping threads took: 0.0000086 seconds
[2019-12-09T02:04:13.218+0000][1][safepoint    ] Application time: 1.4058330 seconds
[2019-12-09T02:04:13.275+0000][1][safepoint    ] Entering safepoint region: Cleanup
[2019-12-09T02:04:13.275+0000][1][safepoint    ] Leaving safepoint region
[2019-12-09T02:04:13.275+0000][1][safepoint    ] Total time for which application threads were stopped: 0.0568770 seconds, Stopping threads took: 0.0567943 seconds
[2019-12-09T02:04:14.153+0000][1][safepoint    ] Application time: 0.8779931 seconds
[2019-12-09T02:04:14.153+0000][1][safepoint    ] Entering safepoint region: GenCollectForAllocation
[2019-12-09T02:04:14.153+0000][1][gc,start     ] GC(19) Pause Young (Allocation Failure)
[2019-12-09T02:04:14.153+0000][1][gc,task      ] GC(19) Using 2 workers of 2 for evacuation
[2019-12-09T02:04:14.353+0000][1][gc,age       ] GC(19) Desired survivor size 4456448 bytes, new threshold 3 (max threshold 6)
[2019-12-09T02:04:14.353+0000][1][gc,age       ] GC(19) Age table with threshold 3 (max threshold 6)
[2019-12-09T02:04:14.353+0000][1][gc,age       ] GC(19) - age   1:    2575232 bytes,    2575232 total
[2019-12-09T02:04:14.353+0000][1][gc,age       ] GC(19) - age   2:    1840488 bytes,    4415720 total
[2019-12-09T02:04:14.353+0000][1][gc,age       ] GC(19) - age   3:    1258600 bytes,    5674320 total
[2019-12-09T02:04:14.353+0000][1][gc,heap      ] GC(19) ParNew: 73546K->7244K(78656K)
[2019-12-09T02:04:14.353+0000][1][gc,heap      ] GC(19) CMS: 54404K->54404K(174784K)
[2019-12-09T02:04:14.353+0000][1][gc,metaspace ] GC(19) Metaspace: 43059K->43059K(1089536K)
[2019-12-09T02:04:14.353+0000][1][gc           ] GC(19) Pause Young (Allocation Failure) 124M->60M(247M) 200.359ms
[2019-12-09T02:04:14.353+0000][1][gc,cpu       ] GC(19) User=0.05s Sys=0.00s Real=0.20s
[2019-12-09T02:04:14.353+0000][1][safepoint    ] Leaving safepoint region
[2019-12-09T02:04:14.353+0000][1][safepoint    ] Total time for which application threads were stopped: 0.2005149 seconds, Stopping threads took: 0.0000152 seconds
[2019-12-09T02:04:14.577+0000][1][safepoint    ] Application time: 0.2240693 seconds
[2019-12-09T02:04:14.577+0000][1][safepoint    ] Entering safepoint region: BulkRevokeBias
[2019-12-09T02:04:14.578+0000][1][safepoint    ] Leaving safepoint region
[2019-12-09T02:04:14.578+0000][1][safepoint    ] Total time for which application threads were stopped: 0.0001413 seconds, Stopping threads took: 0.0000136 seconds
[2019-12-09T02:04:15.581+0000][1][safepoint    ] Application time: 1.0031572 seconds
[2019-12-09T02:04:15.581+0000][1][safepoint    ] Entering safepoint region: Cleanup
[2019-12-09T02:04:15.581+0000][1][safepoint    ] Leaving safepoint region
[2019-12-09T02:04:15.581+0000][1][safepoint    ] Total time for which application threads were stopped: 0.0001163 seconds, Stopping threads took: 0.0000639 seconds
[2019-12-09T02:04:15.757+0000][1][safepoint    ] Application time: 0.1761214 seconds
[2019-12-09T02:04:15.757+0000][1][safepoint    ] Entering safepoint region: RevokeBias
[2019-12-09T02:04:15.757+0000][1][safepoint    ] Leaving safepoint region
[2019-12-09T02:04:15.757+0000][1][safepoint    ] Total time for which application threads were stopped: 0.0000986 seconds, Stopping threads took: 0.0000123 seconds
[2019-12-09T02:04:15.782+0000][1][safepoint    ] Application time: 0.0252764 seconds
[2019-12-09T02:04:15.782+0000][1][safepoint    ] Entering safepoint region: RevokeBias
[2019-12-09T02:04:15.783+0000][1][safepoint    ] Leaving safepoint region
[2019-12-09T02:04:15.783+0000][1][safepoint    ] Total time for which application threads were stopped: 0.0000783 seconds, Stopping threads took: 0.0000111 seconds
[2019-12-09T02:04:16.787+0000][1][safepoint    ] Application time: 1.0041840 seconds
[2019-12-09T02:04:16.787+0000][1][safepoint    ] Entering safepoint region: Cleanup
[2019-12-09T02:04:16.787+0000][1][safepoint    ] Leaving safepoint region
[2019-12-09T02:04:16.787+0000][1][safepoint    ] Total time for which application threads were stopped: 0.0006346 seconds, Stopping threads took: 0.0002088 seconds
[2019-12-09T02:04:17.437+0000][1][safepoint    ] Application time: 0.6491214 seconds
[2019-12-09T02:04:17.437+0000][1][safepoint    ] Entering safepoint region: RevokeBias
[2019-12-09T02:04:17.437+0000][1][safepoint    ] Leaving safepoint region
[2019-12-09T02:04:17.437+0000][1][safepoint    ] Total time for which application threads were stopped: 0.0001013 seconds, Stopping threads took: 0.0000155 seconds
[2019-12-09T02:04:17.464+0000][1][safepoint    ] Application time: 0.0270759 seconds
[2019-12-09T02:04:17.464+0000][1][safepoint    ] Entering safepoint region: RevokeBias
[2019-12-09T02:04:17.464+0000][1][safepoint    ] Leaving safepoint region
[2019-12-09T02:04:17.464+0000][1][safepoint    ] Total time for which application threads were stopped: 0.0000883 seconds, Stopping threads took: 0.0000125 seconds
[2019-12-09T02:04:17.472+0000][1][safepoint    ] Application time: 0.0079142 seconds
[2019-12-09T02:04:17.472+0000][1][safepoint    ] Entering safepoint region: RevokeBias
[2019-12-09T02:04:17.472+0000][1][safepoint    ] Leaving safepoint region
[2019-12-09T02:04:17.472+0000][1][safepoint    ] Total time for which application threads were stopped: 0.0000691 seconds, Stopping threads took: 0.0000117 seconds
[2019-12-09T02:04:17.479+0000][1][safepoint    ] Application time: 0.0072039 seconds
[2019-12-09T02:04:17.479+0000][1][safepoint    ] Entering safepoint region: RevokeBias
[2019-12-09T02:04:17.479+0000][1][safepoint    ] Leaving safepoint region
[2019-12-09T02:04:17.479+0000][1][safepoint    ] Total time for which application threads were stopped: 0.0000625 seconds, Stopping threads took: 0.0000104 seconds
[2019-12-09T02:04:17.487+0000][1][safepoint    ] Application time: 0.0075560 seconds
[2019-12-09T02:04:17.487+0000][1][safepoint    ] Entering safepoint region: RevokeBias
[2019-12-09T02:04:17.487+0000][1][safepoint    ] Leaving safepoint region
[2019-12-09T02:04:17.487+0000][1][safepoint    ] Total time for which application threads were stopped: 0.0000677 seconds, Stopping threads took: 0.0000101 seconds
[2019-12-09T02:04:17.494+0000][1][safepoint    ] Application time: 0.0069184 seconds
[2019-12-09T02:04:17.506+0000][1][safepoint    ] Entering safepoint region: RevokeBias
[2019-12-09T02:04:17.506+0000][1][safepoint    ] Leaving safepoint region
[2019-12-09T02:04:17.506+0000][1][safepoint    ] Total time for which application threads were stopped: 0.0120609 seconds, Stopping threads took: 0.0119751 seconds
[2019-12-09T02:04:17.550+0000][1][safepoint    ] Application time: 0.0446649 seconds
[2019-12-09T02:04:17.551+0000][1][safepoint    ] Entering safepoint region: RevokeBias
[2019-12-09T02:04:17.551+0000][1][safepoint    ] Leaving safepoint region
[2019-12-09T02:04:17.551+0000][1][safepoint    ] Total time for which application threads were stopped: 0.0000817 seconds, Stopping threads took: 0.0000115 seconds
[2019-12-09T02:04:17.551+0000][1][safepoint    ] Application time: 0.0000586 seconds
[2019-12-09T02:04:17.551+0000][1][safepoint    ] Entering safepoint region: RevokeBias
[2019-12-09T02:04:17.551+0000][1][safepoint    ] Leaving safepoint region
[2019-12-09T02:04:17.551+0000][1][safepoint    ] Total time for which application threads were stopped: 0.0000711 seconds, Stopping threads took: 0.0000144 seconds
[2019-12-09T02:04:17.551+0000][1][safepoint    ] Application time: 0.0000575 seconds
[2019-12-09T02:04:17.551+0000][1][safepoint    ] Entering safepoint region: RevokeBias
[2019-12-09T02:04:17.551+0000][1][safepoint    ] Leaving safepoint region
[2019-12-09T02:04:17.551+0000][1][safepoint    ] Total time for which application threads were stopped: 0.0000432 seconds, Stopping threads took: 0.0000075 seconds
[2019-12-09T02:04:17.551+0000][1][safepoint    ] Application time: 0.0000501 seconds
[2019-12-09T02:04:17.551+0000][1][safepoint    ] Entering safepoint region: RevokeBias
[2019-12-09T02:04:17.551+0000][1][safepoint    ] Leaving safepoint region
[2019-12-09T02:04:17.551+0000][1][safepoint    ] Total time for which application threads were stopped: 0.0000406 seconds, Stopping threads took: 0.0000075 seconds
[2019-12-09T02:04:17.551+0000][1][safepoint    ] Application time: 0.0000495 seconds
[2019-12-09T02:04:17.551+0000][1][safepoint    ] Entering safepoint region: RevokeBias
[2019-12-09T02:04:17.551+0000][1][safepoint    ] Leaving safepoint region
[2019-12-09T02:04:17.551+0000][1][safepoint    ] Total time for which application threads were stopped: 0.0000396 seconds, Stopping threads took: 0.0000075 seconds
[2019-12-09T02:04:17.551+0000][1][safepoint    ] Application time: 0.0000492 seconds
[2019-12-09T02:04:17.551+0000][1][safepoint    ] Entering safepoint region: RevokeBias
[2019-12-09T02:04:17.551+0000][1][safepoint    ] Leaving safepoint region
[2019-12-09T02:04:17.551+0000][1][safepoint    ] Total time for which application threads were stopped: 0.0000387 seconds, Stopping threads took: 0.0000074 seconds
[2019-12-09T02:04:17.551+0000][1][safepoint    ] Application time: 0.0000580 seconds
[2019-12-09T02:04:17.551+0000][1][safepoint    ] Entering safepoint region: RevokeBias
[2019-12-09T02:04:17.551+0000][1][safepoint    ] Leaving safepoint region
[2019-12-09T02:04:17.551+0000][1][safepoint    ] Total time for which application threads were stopped: 0.0000448 seconds, Stopping threads took: 0.0000081 seconds
[2019-12-09T02:04:17.551+0000][1][safepoint    ] Application time: 0.0000516 seconds
[2019-12-09T02:04:17.551+0000][1][safepoint    ] Entering safepoint region: RevokeBias
[2019-12-09T02:04:17.551+0000][1][safepoint    ] Leaving safepoint region
[2019-12-09T02:04:17.551+0000][1][safepoint    ] Total time for which application threads were stopped: 0.0000407 seconds, Stopping threads took: 0.0000081 seconds
[2019-12-09T02:04:17.551+0000][1][safepoint    ] Application time: 0.0000501 seconds
[2019-12-09T02:04:17.551+0000][1][safepoint    ] Entering safepoint region: RevokeBias
[2019-12-09T02:04:17.552+0000][1][safepoint    ] Leaving safepoint region
[2019-12-09T02:04:17.552+0000][1][safepoint    ] Total time for which application threads were stopped: 0.0000406 seconds, Stopping threads took: 0.0000082 seconds
[2019-12-09T02:04:17.552+0000][1][safepoint    ] Application time: 0.0000507 seconds
[2019-12-09T02:04:17.552+0000][1][safepoint    ] Entering safepoint region: RevokeBias
[2019-12-09T02:04:17.552+0000][1][safepoint    ] Leaving safepoint region
[2019-12-09T02:04:17.552+0000][1][safepoint    ] Total time for which application threads were stopped: 0.0000396 seconds, Stopping threads took: 0.0000078 seconds
[2019-12-09T02:04:17.552+0000][1][safepoint    ] Application time: 0.0000627 seconds
[2019-12-09T02:04:17.552+0000][1][safepoint    ] Entering safepoint region: RevokeBias
[2019-12-09T02:04:17.552+0000][1][safepoint    ] Leaving safepoint region
[2019-12-09T02:04:17.552+0000][1][safepoint    ] Total time for which application threads were stopped: 0.0000483 seconds, Stopping threads took: 0.0000083 seconds
[2019-12-09T02:04:17.552+0000][1][safepoint    ] Application time: 0.0000525 seconds
[2019-12-09T02:04:17.552+0000][1][safepoint    ] Entering safepoint region: RevokeBias
[2019-12-09T02:04:17.552+0000][1][safepoint    ] Leaving safepoint region
[2019-12-09T02:04:17.552+0000][1][safepoint    ] Total time for which application threads were stopped: 0.0000415 seconds, Stopping threads took: 0.0000080 seconds
[2019-12-09T02:04:17.552+0000][1][safepoint    ] Application time: 0.0000506 seconds
[2019-12-09T02:04:17.552+0000][1][safepoint    ] Entering safepoint region: RevokeBias
[2019-12-09T02:04:17.552+0000][1][safepoint    ] Leaving safepoint region
[2019-12-09T02:04:17.552+0000][1][safepoint    ] Total time for which application threads were stopped: 0.0000407 seconds, Stopping threads took: 0.0000082 seconds
[2019-12-09T02:04:17.552+0000][1][safepoint    ] Application time: 0.0000510 seconds
[2019-12-09T02:04:17.552+0000][1][safepoint    ] Entering safepoint region: RevokeBias
[2019-12-09T02:04:17.552+0000][1][safepoint    ] Leaving safepoint region
[2019-12-09T02:04:17.552+0000][1][safepoint    ] Total time for which application threads were stopped: 0.0000407 seconds, Stopping threads took: 0.0000080 seconds
[2019-12-09T02:04:17.552+0000][1][safepoint    ] Application time: 0.0000501 seconds
[2019-12-09T02:04:17.552+0000][1][safepoint    ] Entering safepoint region: RevokeBias
[2019-12-09T02:04:17.552+0000][1][safepoint    ] Leaving safepoint region
[2019-12-09T02:04:17.552+0000][1][safepoint    ] Total time for which application threads were stopped: 0.0000378 seconds, Stopping threads took: 0.0000076 seconds
[2019-12-09T02:04:17.552+0000][1][safepoint    ] Application time: 0.0000572 seconds
[2019-12-09T02:04:17.552+0000][1][safepoint    ] Entering safepoint region: RevokeBias
[2019-12-09T02:04:17.552+0000][1][safepoint    ] Leaving safepoint region
[2019-12-09T02:04:17.552+0000][1][safepoint    ] Total time for which application threads were stopped: 0.0000451 seconds, Stopping threads took: 0.0000078 seconds
[2019-12-09T02:04:17.552+0000][1][safepoint    ] Application time: 0.0000513 seconds
[2019-12-09T02:04:17.552+0000][1][safepoint    ] Entering safepoint region: RevokeBias
[2019-12-09T02:04:17.552+0000][1][safepoint    ] Leaving safepoint region
[2019-12-09T02:04:17.552+0000][1][safepoint    ] Total time for which application threads were stopped: 0.0000407 seconds, Stopping threads took: 0.0000081 seconds
[2019-12-09T02:04:17.552+0000][1][safepoint    ] Application time: 0.0000508 seconds
[2019-12-09T02:04:17.552+0000][1][safepoint    ] Entering safepoint region: BulkRevokeBias
[2019-12-09T02:04:17.553+0000][1][safepoint    ] Leaving safepoint region
[2019-12-09T02:04:17.553+0000][1][safepoint    ] Total time for which application threads were stopped: 0.0001016 seconds, Stopping threads took: 0.0000079 seconds
[2019-12-09T02:04:17.553+0000][1][safepoint    ] Application time: 0.0001852 seconds
[2019-12-09T02:04:17.553+0000][1][safepoint    ] Entering safepoint region: RevokeBias
[2019-12-09T02:04:17.553+0000][1][safepoint    ] Leaving safepoint region
[2019-12-09T02:04:17.553+0000][1][safepoint    ] Total time for which application threads were stopped: 0.0000594 seconds, Stopping threads took: 0.0000086 seconds
[2019-12-09T02:04:17.553+0000][1][safepoint    ] Application time: 0.0001290 seconds
[2019-12-09T02:04:17.553+0000][1][safepoint    ] Entering safepoint region: RevokeBias
[2019-12-09T02:04:17.553+0000][1][safepoint    ] Leaving safepoint region
[2019-12-09T02:04:17.553+0000][1][safepoint    ] Total time for which application threads were stopped: 0.0000483 seconds, Stopping threads took: 0.0000077 seconds
[2019-12-09T02:04:17.553+0000][1][safepoint    ] Application time: 0.0000700 seconds
[2019-12-09T02:04:17.553+0000][1][safepoint    ] Entering safepoint region: RevokeBias
[2019-12-09T02:04:17.553+0000][1][safepoint    ] Leaving safepoint region
[2019-12-09T02:04:17.553+0000][1][safepoint    ] Total time for which application threads were stopped: 0.0000453 seconds, Stopping threads took: 0.0000073 seconds
[2019-12-09T02:04:17.553+0000][1][safepoint    ] Application time: 0.0000732 seconds
[2019-12-09T02:04:17.553+0000][1][safepoint    ] Entering safepoint region: RevokeBias
[2019-12-09T02:04:17.553+0000][1][safepoint    ] Leaving safepoint region
[2019-12-09T02:04:17.553+0000][1][safepoint    ] Total time for which application threads were stopped: 0.0000486 seconds, Stopping threads took: 0.0000074 seconds
[2019-12-09T02:04:17.553+0000][1][safepoint    ] Application time: 0.0000561 seconds
[2019-12-09T02:04:17.553+0000][1][safepoint    ] Entering safepoint region: RevokeBias
[2019-12-09T02:04:17.553+0000][1][safepoint    ] Leaving safepoint region
[2019-12-09T02:04:17.553+0000][1][safepoint    ] Total time for which application threads were stopped: 0.0000446 seconds, Stopping threads took: 0.0000075 seconds
[2019-12-09T02:04:17.554+0000][1][safepoint    ] Application time: 0.0001642 seconds
[2019-12-09T02:04:17.554+0000][1][safepoint    ] Entering safepoint region: RevokeBias
[2019-12-09T02:04:17.554+0000][1][safepoint    ] Leaving safepoint region
[2019-12-09T02:04:17.554+0000][1][safepoint    ] Total time for which application threads were stopped: 0.0000433 seconds, Stopping threads took: 0.0000076 seconds
[2019-12-09T02:04:17.554+0000][1][safepoint    ] Application time: 0.0002974 seconds
[2019-12-09T02:04:17.554+0000][1][safepoint    ] Entering safepoint region: RevokeBias
[2019-12-09T02:04:17.554+0000][1][safepoint    ] Leaving safepoint region
[2019-12-09T02:04:17.554+0000][1][safepoint    ] Total time for which application threads were stopped: 0.0000563 seconds, Stopping threads took: 0.0000095 seconds
[2019-12-09T02:04:17.554+0000][1][safepoint    ] Application time: 0.0000800 seconds
[2019-12-09T02:04:17.554+0000][1][safepoint    ] Entering safepoint region: RevokeBias
[2019-12-09T02:04:17.554+0000][1][safepoint    ] Leaving safepoint region
[2019-12-09T02:04:17.554+0000][1][safepoint    ] Total time for which application threads were stopped: 0.0000521 seconds, Stopping threads took: 0.0000090 seconds
[2019-12-09T02:04:17.554+0000][1][safepoint    ] Application time: 0.0001833 seconds
[2019-12-09T02:04:17.554+0000][1][safepoint    ] Entering safepoint region: RevokeBias
[2019-12-09T02:04:17.554+0000][1][safepoint    ] Leaving safepoint region
[2019-12-09T02:04:17.554+0000][1][safepoint    ] Total time for which application threads were stopped: 0.0000573 seconds, Stopping threads took: 0.0000085 seconds
[2019-12-09T02:04:17.555+0000][1][safepoint    ] Application time: 0.0000563 seconds
[2019-12-09T02:04:17.555+0000][1][safepoint    ] Entering safepoint region: RevokeBias
[2019-12-09T02:04:17.555+0000][1][safepoint    ] Leaving safepoint region
[2019-12-09T02:04:17.555+0000][1][safepoint    ] Total time for which application threads were stopped: 0.0000382 seconds, Stopping threads took: 0.0000071 seconds
[2019-12-09T02:04:17.555+0000][1][safepoint    ] Application time: 0.0000448 seconds
[2019-12-09T02:04:17.555+0000][1][safepoint    ] Entering safepoint region: RevokeBias
[2019-12-09T02:04:17.555+0000][1][safepoint    ] Leaving safepoint region
[2019-12-09T02:04:17.555+0000][1][safepoint    ] Total time for which application threads were stopped: 0.0000364 seconds, Stopping threads took: 0.0000070 seconds
[2019-12-09T02:04:17.555+0000][1][safepoint    ] Application time: 0.0000554 seconds
[2019-12-09T02:04:17.555+0000][1][safepoint    ] Entering safepoint region: RevokeBias
[2019-12-09T02:04:17.555+0000][1][safepoint    ] Leaving safepoint region
[2019-12-09T02:04:17.555+0000][1][safepoint    ] Total time for which application threads were stopped: 0.0000596 seconds, Stopping threads took: 0.0000186 seconds
[2019-12-09T02:04:17.580+0000][1][safepoint    ] Application time: 0.0249317 seconds
[2019-12-09T02:04:17.580+0000][1][safepoint    ] Entering safepoint region: RevokeBias
[2019-12-09T02:04:17.580+0000][1][safepoint    ] Leaving safepoint region
[2019-12-09T02:04:17.580+0000][1][safepoint    ] Total time for which application threads were stopped: 0.0000616 seconds, Stopping threads took: 0.0000120 seconds
[2019-12-09T02:04:17.581+0000][1][safepoint    ] Application time: 0.0009282 seconds
[2019-12-09T02:04:17.581+0000][1][safepoint    ] Entering safepoint region: RevokeBias
[2019-12-09T02:04:17.581+0000][1][safepoint    ] Leaving safepoint region
[2019-12-09T02:04:17.581+0000][1][safepoint    ] Total time for which application threads were stopped: 0.0000540 seconds, Stopping threads took: 0.0000112 seconds
[2019-12-09T02:04:17.581+0000][1][safepoint    ] Application time: 0.0000469 seconds
[2019-12-09T02:04:17.581+0000][1][safepoint    ] Entering safepoint region: RevokeBias
[2019-12-09T02:04:17.581+0000][1][safepoint    ] Leaving safepoint region
[2019-12-09T02:04:17.581+0000][1][safepoint    ] Total time for which application threads were stopped: 0.0000351 seconds, Stopping threads took: 0.0000075 seconds
[2019-12-09T02:04:17.581+0000][1][safepoint    ] Application time: 0.0000345 seconds
[2019-12-09T02:04:17.581+0000][1][safepoint    ] Entering safepoint region: RevokeBias
[2019-12-09T02:04:17.581+0000][1][safepoint    ] Leaving safepoint region
[2019-12-09T02:04:17.581+0000][1][safepoint    ] Total time for which application threads were stopped: 0.0000329 seconds, Stopping threads took: 0.0000074 seconds
[2019-12-09T02:04:17.581+0000][1][safepoint    ] Application time: 0.0000339 seconds
[2019-12-09T02:04:17.581+0000][1][safepoint    ] Entering safepoint region: RevokeBias
[2019-12-09T02:04:17.581+0000][1][safepoint    ] Leaving safepoint region
[2019-12-09T02:04:17.581+0000][1][safepoint    ] Total time for which application threads were stopped: 0.0000321 seconds, Stopping threads took: 0.0000074 seconds
[2019-12-09T02:04:17.581+0000][1][safepoint    ] Application time: 0.0000373 seconds
[2019-12-09T02:04:17.581+0000][1][safepoint    ] Entering safepoint region: RevokeBias
[2019-12-09T02:04:17.581+0000][1][safepoint    ] Leaving safepoint region
[2019-12-09T02:04:17.581+0000][1][safepoint    ] Total time for which application threads were stopped: 0.0000319 seconds, Stopping threads took: 0.0000073 seconds
[2019-12-09T02:04:17.581+0000][1][safepoint    ] Application time: 0.0000339 seconds
[2019-12-09T02:04:17.581+0000][1][safepoint    ] Entering safepoint region: RevokeBias
[2019-12-09T02:04:17.581+0000][1][safepoint    ] Leaving safepoint region
[2019-12-09T02:04:17.581+0000][1][safepoint    ] Total time for which application threads were stopped: 0.0000315 seconds, Stopping threads took: 0.0000073 seconds
[2019-12-09T02:04:17.581+0000][1][safepoint    ] Application time: 0.0000335 seconds
[2019-12-09T02:04:17.581+0000][1][safepoint    ] Entering safepoint region: RevokeBias
[2019-12-09T02:04:17.581+0000][1][safepoint    ] Leaving safepoint region
[2019-12-09T02:04:17.581+0000][1][safepoint    ] Total time for which application threads were stopped: 0.0000318 seconds, Stopping threads took: 0.0000077 seconds
[2019-12-09T02:04:17.581+0000][1][safepoint    ] Application time: 0.0000337 seconds
[2019-12-09T02:04:17.581+0000][1][safepoint    ] Entering safepoint region: RevokeBias
[2019-12-09T02:04:17.581+0000][1][safepoint    ] Leaving safepoint region
[2019-12-09T02:04:17.581+0000][1][safepoint    ] Total time for which application threads were stopped: 0.0000310 seconds, Stopping threads took: 0.0000072 seconds
[2019-12-09T02:04:17.581+0000][1][safepoint    ] Application time: 0.0000349 seconds
[2019-12-09T02:04:17.581+0000][1][safepoint    ] Entering safepoint region: RevokeBias
[2019-12-09T02:04:17.581+0000][1][safepoint    ] Leaving safepoint region
[2019-12-09T02:04:17.581+0000][1][safepoint    ] Total time for which application threads were stopped: 0.0000314 seconds, Stopping threads took: 0.0000072 seconds
[2019-12-09T02:04:17.582+0000][1][safepoint    ] Application time: 0.0000349 seconds
[2019-12-09T02:04:17.582+0000][1][safepoint    ] Entering safepoint region: RevokeBias
[2019-12-09T02:04:17.582+0000][1][safepoint    ] Leaving safepoint region
[2019-12-09T02:04:17.582+0000][1][safepoint    ] Total time for which application threads were stopped: 0.0000368 seconds, Stopping threads took: 0.0000073 seconds
[2019-12-09T02:04:17.582+0000][1][safepoint    ] Application time: 0.0000342 seconds
[2019-12-09T02:04:17.582+0000][1][safepoint    ] Entering safepoint region: RevokeBias
[2019-12-09T02:04:17.582+0000][1][safepoint    ] Leaving safepoint region
[2019-12-09T02:04:17.582+0000][1][safepoint    ] Total time for which application threads were stopped: 0.0000318 seconds, Stopping threads took: 0.0000075 seconds
[2019-12-09T02:04:17.582+0000][1][safepoint    ] Application time: 0.0000466 seconds
[2019-12-09T02:04:17.582+0000][1][safepoint    ] Entering safepoint region: RevokeBias
[2019-12-09T02:04:17.582+0000][1][safepoint    ] Leaving safepoint region
[2019-12-09T02:04:17.582+0000][1][safepoint    ] Total time for which application threads were stopped: 0.0000337 seconds, Stopping threads took: 0.0000079 seconds
[2019-12-09T02:04:17.582+0000][1][safepoint    ] Application time: 0.0000378 seconds
[2019-12-09T02:04:17.582+0000][1][safepoint    ] Entering safepoint region: RevokeBias
[2019-12-09T02:04:17.582+0000][1][safepoint    ] Leaving safepoint region
[2019-12-09T02:04:17.582+0000][1][safepoint    ] Total time for which application threads were stopped: 0.0000335 seconds, Stopping threads took: 0.0000076 seconds
[2019-12-09T02:04:17.582+0000][1][safepoint    ] Application time: 0.0000344 seconds
[2019-12-09T02:04:17.582+0000][1][safepoint    ] Entering safepoint region: RevokeBias
[2019-12-09T02:04:17.582+0000][1][safepoint    ] Leaving safepoint region
[2019-12-09T02:04:17.582+0000][1][safepoint    ] Total time for which application threads were stopped: 0.0000345 seconds, Stopping threads took: 0.0000078 seconds
[2019-12-09T02:04:17.582+0000][1][safepoint    ] Application time: 0.0000345 seconds
[2019-12-09T02:04:17.582+0000][1][safepoint    ] Entering safepoint region: RevokeBias
[2019-12-09T02:04:17.582+0000][1][safepoint    ] Leaving safepoint region
[2019-12-09T02:04:17.582+0000][1][safepoint    ] Total time for which application threads were stopped: 0.0000353 seconds, Stopping threads took: 0.0000078 seconds
[2019-12-09T02:04:17.582+0000][1][safepoint    ] Application time: 0.0000360 seconds
[2019-12-09T02:04:17.582+0000][1][safepoint    ] Entering safepoint region: RevokeBias
[2019-12-09T02:04:17.582+0000][1][safepoint    ] Leaving safepoint region
[2019-12-09T02:04:17.582+0000][1][safepoint    ] Total time for which application threads were stopped: 0.0000358 seconds, Stopping threads took: 0.0000084 seconds
[2019-12-09T02:04:17.582+0000][1][safepoint    ] Application time: 0.0000355 seconds
[2019-12-09T02:04:17.582+0000][1][safepoint    ] Entering safepoint region: RevokeBias
[2019-12-09T02:04:17.582+0000][1][safepoint    ] Leaving safepoint region
[2019-12-09T02:04:17.582+0000][1][safepoint    ] Total time for which application threads were stopped: 0.0000358 seconds, Stopping threads took: 0.0000083 seconds
[2019-12-09T02:04:17.582+0000][1][safepoint    ] Application time: 0.0000351 seconds
[2019-12-09T02:04:17.582+0000][1][safepoint    ] Entering safepoint region: RevokeBias
[2019-12-09T02:04:17.582+0000][1][safepoint    ] Leaving safepoint region
[2019-12-09T02:04:17.582+0000][1][safepoint    ] Total time for which application threads were stopped: 0.0000330 seconds, Stopping threads took: 0.0000075 seconds
[2019-12-09T02:04:17.582+0000][1][safepoint    ] Application time: 0.0000351 seconds
[2019-12-09T02:04:17.582+0000][1][safepoint    ] Entering safepoint region: BulkRevokeBias
[2019-12-09T02:04:17.582+0000][1][safepoint    ] Leaving safepoint region
[2019-12-09T02:04:17.582+0000][1][safepoint    ] Total time for which application threads were stopped: 0.0001049 seconds, Stopping threads took: 0.0000077 seconds
[2019-12-09T02:04:17.594+0000][1][safepoint    ] Application time: 0.0113619 seconds
[2019-12-09T02:04:17.649+0000][1][safepoint    ] Entering safepoint region: RevokeBias
[2019-12-09T02:04:17.649+0000][1][safepoint    ] Leaving safepoint region
[2019-12-09T02:04:17.649+0000][1][safepoint    ] Total time for which application threads were stopped: 0.0554744 seconds, Stopping threads took: 0.0553755 seconds
[2019-12-09T02:04:17.649+0000][1][safepoint    ] Application time: 0.0001476 seconds
[2019-12-09T02:04:17.649+0000][1][safepoint    ] Entering safepoint region: RevokeBias
[2019-12-09T02:04:17.650+0000][1][safepoint    ] Leaving safepoint region
[2019-12-09T02:04:17.650+0000][1][safepoint    ] Total time for which application threads were stopped: 0.0000761 seconds, Stopping threads took: 0.0000090 seconds
[2019-12-09T02:04:17.650+0000][1][safepoint    ] Application time: 0.0004285 seconds
[2019-12-09T02:04:17.650+0000][1][safepoint    ] Entering safepoint region: RevokeBias
[2019-12-09T02:04:17.650+0000][1][safepoint    ] Leaving safepoint region
[2019-12-09T02:04:17.650+0000][1][safepoint    ] Total time for which application threads were stopped: 0.0000789 seconds, Stopping threads took: 0.0000113 seconds
[2019-12-09T02:04:17.651+0000][1][safepoint    ] Application time: 0.0004337 seconds
[2019-12-09T02:04:17.651+0000][1][safepoint    ] Entering safepoint region: RevokeBias
[2019-12-09T02:04:17.651+0000][1][safepoint    ] Leaving safepoint region
[2019-12-09T02:04:17.651+0000][1][safepoint    ] Total time for which application threads were stopped: 0.0000654 seconds, Stopping threads took: 0.0000097 seconds
[2019-12-09T02:04:17.651+0000][1][safepoint    ] Application time: 0.0001266 seconds
[2019-12-09T02:04:17.651+0000][1][safepoint    ] Entering safepoint region: RevokeBias
[2019-12-09T02:04:17.651+0000][1][safepoint    ] Leaving safepoint region
[2019-12-09T02:04:17.651+0000][1][safepoint    ] Total time for which application threads were stopped: 0.0000577 seconds, Stopping threads took: 0.0000094 seconds
[2019-12-09T02:04:17.651+0000][1][safepoint    ] Application time: 0.0000447 seconds
[2019-12-09T02:04:17.651+0000][1][safepoint    ] Entering safepoint region: RevokeBias
[2019-12-09T02:04:17.651+0000][1][safepoint    ] Leaving safepoint region
[2019-12-09T02:04:17.651+0000][1][safepoint    ] Total time for which application threads were stopped: 0.0000478 seconds, Stopping threads took: 0.0000084 seconds
[2019-12-09T02:04:17.651+0000][1][safepoint    ] Application time: 0.0002142 seconds
[2019-12-09T02:04:17.651+0000][1][safepoint    ] Entering safepoint region: RevokeBias
[2019-12-09T02:04:17.651+0000][1][safepoint    ] Leaving safepoint region
[2019-12-09T02:04:17.651+0000][1][safepoint    ] Total time for which application threads were stopped: 0.0000614 seconds, Stopping threads took: 0.0000085 seconds
[2019-12-09T02:04:17.670+0000][1][safepoint    ] Application time: 0.0187245 seconds
[2019-12-09T02:04:17.670+0000][1][safepoint    ] Entering safepoint region: RevokeBias
[2019-12-09T02:04:17.670+0000][1][safepoint    ] Leaving safepoint region
[2019-12-09T02:04:17.670+0000][1][safepoint    ] Total time for which application threads were stopped: 0.0000803 seconds, Stopping threads took: 0.0000116 seconds
[2019-12-09T02:04:17.670+0000][1][safepoint    ] Application time: 0.0000510 seconds
[2019-12-09T02:04:17.670+0000][1][safepoint    ] Entering safepoint region: RevokeBias
[2019-12-09T02:04:17.670+0000][1][safepoint    ] Leaving safepoint region
[2019-12-09T02:04:17.670+0000][1][safepoint    ] Total time for which application threads were stopped: 0.0000590 seconds, Stopping threads took: 0.0000088 seconds
[2019-12-09T02:04:17.671+0000][1][safepoint    ] Application time: 0.0008980 seconds
[2019-12-09T02:04:17.671+0000][1][safepoint    ] Entering safepoint region: RevokeBias
[2019-12-09T02:04:17.671+0000][1][safepoint    ] Leaving safepoint region
[2019-12-09T02:04:17.671+0000][1][safepoint    ] Total time for which application threads were stopped: 0.0000668 seconds, Stopping threads took: 0.0000109 seconds
[2019-12-09T02:04:17.672+0000][1][safepoint    ] Application time: 0.0010382 seconds
[2019-12-09T02:04:17.672+0000][1][safepoint    ] Entering safepoint region: RevokeBias
[2019-12-09T02:04:17.672+0000][1][safepoint    ] Leaving safepoint region
[2019-12-09T02:04:17.672+0000][1][safepoint    ] Total time for which application threads were stopped: 0.0000833 seconds, Stopping threads took: 0.0000101 seconds
[2019-12-09T02:04:17.672+0000][1][safepoint    ] Application time: 0.0000439 seconds
[2019-12-09T02:04:17.672+0000][1][safepoint    ] Entering safepoint region: RevokeBias
[2019-12-09T02:04:17.672+0000][1][safepoint    ] Leaving safepoint region
[2019-12-09T02:04:17.672+0000][1][safepoint    ] Total time for which application threads were stopped: 0.0000571 seconds, Stopping threads took: 0.0000086 seconds
[2019-12-09T02:04:17.673+0000][1][safepoint    ] Application time: 0.0002185 seconds
[2019-12-09T02:04:17.673+0000][1][safepoint    ] Entering safepoint region: RevokeBias
[2019-12-09T02:04:17.673+0000][1][safepoint    ] Leaving safepoint region
[2019-12-09T02:04:17.673+0000][1][safepoint    ] Total time for which application threads were stopped: 0.0000608 seconds, Stopping threads took: 0.0000100 seconds
[2019-12-09T02:04:17.944+0000][1][safepoint    ] Application time: 0.2712382 seconds
[2019-12-09T02:04:17.944+0000][1][safepoint    ] Entering safepoint region: RevokeBias
[2019-12-09T02:04:17.944+0000][1][safepoint    ] Leaving safepoint region
[2019-12-09T02:04:17.944+0000][1][safepoint    ] Total time for which application threads were stopped: 0.0004085 seconds, Stopping threads took: 0.0003366 seconds
[2019-12-09T02:04:17.945+0000][1][safepoint    ] Application time: 0.0000523 seconds
[2019-12-09T02:04:17.945+0000][1][safepoint    ] Entering safepoint region: RevokeBias
[2019-12-09T02:04:17.945+0000][1][safepoint    ] Leaving safepoint region
[2019-12-09T02:04:17.945+0000][1][safepoint    ] Total time for which application threads were stopped: 0.0000331 seconds, Stopping threads took: 0.0000087 seconds
[2019-12-09T02:04:17.945+0000][1][safepoint    ] Application time: 0.0006774 seconds
[2019-12-09T02:04:17.945+0000][1][safepoint    ] Entering safepoint region: RevokeBias
[2019-12-09T02:04:17.945+0000][1][safepoint    ] Leaving safepoint region
[2019-12-09T02:04:17.945+0000][1][safepoint    ] Total time for which application threads were stopped: 0.0000729 seconds, Stopping threads took: 0.0000127 seconds
[2019-12-09T02:04:18.903+0000][1][safepoint    ] Application time: 0.9575986 seconds
[2019-12-09T02:04:18.903+0000][1][safepoint    ] Entering safepoint region: GenCollectForAllocation
[2019-12-09T02:04:18.903+0000][1][gc,start     ] GC(20) Pause Young (Allocation Failure)
[2019-12-09T02:04:18.903+0000][1][gc,task      ] GC(20) Using 2 workers of 2 for evacuation
[2019-12-09T02:04:19.114+0000][1][gc,age       ] GC(20) Desired survivor size 4456448 bytes, new threshold 2 (max threshold 6)
[2019-12-09T02:04:19.114+0000][1][gc,age       ] GC(20) Age table with threshold 2 (max threshold 6)
[2019-12-09T02:04:19.114+0000][1][gc,age       ] GC(20) - age   1:    2873080 bytes,    2873080 total
[2019-12-09T02:04:19.114+0000][1][gc,age       ] GC(20) - age   2:    2471496 bytes,    5344576 total
[2019-12-09T02:04:19.114+0000][1][gc,age       ] GC(20) - age   3:    1834504 bytes,    7179080 total
[2019-12-09T02:04:19.114+0000][1][gc,heap      ] GC(20) ParNew: 77196K->8704K(78656K)
[2019-12-09T02:04:19.114+0000][1][gc,heap      ] GC(20) CMS: 54404K->55645K(174784K)
[2019-12-09T02:04:19.114+0000][1][gc,metaspace ] GC(20) Metaspace: 48296K->48296K(1093632K)
[2019-12-09T02:04:19.114+0000][1][gc           ] GC(20) Pause Young (Allocation Failure) 128M->62M(247M) 211.256ms
[2019-12-09T02:04:19.114+0000][1][gc,cpu       ] GC(20) User=0.05s Sys=0.00s Real=0.21s
[2019-12-09T02:04:19.114+0000][1][safepoint    ] Leaving safepoint region
[2019-12-09T02:04:19.114+0000][1][safepoint    ] Total time for which application threads were stopped: 0.2114149 seconds, Stopping threads took: 0.0000157 seconds
[2019-12-09T02:04:19.126+0000][1][safepoint    ] Application time: 0.0118061 seconds
[2019-12-09T02:04:19.133+0000][1][safepoint    ] Entering safepoint region: RevokeBias
[2019-12-09T02:04:19.133+0000][1][safepoint    ] Leaving safepoint region
[2019-12-09T02:04:19.133+0000][1][safepoint    ] Total time for which application threads were stopped: 0.0066209 seconds, Stopping threads took: 0.0065510 seconds
[2019-12-09T02:04:19.133+0000][1][safepoint    ] Application time: 0.0000957 seconds
[2019-12-09T02:04:19.133+0000][1][safepoint    ] Entering safepoint region: RevokeBias
[2019-12-09T02:04:19.133+0000][1][safepoint    ] Leaving safepoint region
[2019-12-09T02:04:19.133+0000][1][safepoint    ] Total time for which application threads were stopped: 0.0000356 seconds, Stopping threads took: 0.0000092 seconds
[2019-12-09T02:04:19.133+0000][1][safepoint    ] Application time: 0.0001822 seconds
[2019-12-09T02:04:19.133+0000][1][safepoint    ] Entering safepoint region: RevokeBias
[2019-12-09T02:04:19.133+0000][1][safepoint    ] Leaving safepoint region
[2019-12-09T02:04:19.133+0000][1][safepoint    ] Total time for which application threads were stopped: 0.0000806 seconds, Stopping threads took: 0.0000108 seconds
[2019-12-09T02:04:20.052+0000][1][safepoint    ] Application time: 0.9187324 seconds
[2019-12-09T02:04:20.052+0000][1][safepoint    ] Entering safepoint region: RevokeBias
[2019-12-09T02:04:20.053+0000][1][safepoint    ] Leaving safepoint region
[2019-12-09T02:04:20.053+0000][1][safepoint    ] Total time for which application threads were stopped: 0.0004769 seconds, Stopping threads took: 0.0000136 seconds
[2019-12-09T02:04:20.187+0000][1][safepoint    ] Application time: 0.1342914 seconds
[2019-12-09T02:04:20.246+0000][1][safepoint    ] Entering safepoint region: RevokeBias
[2019-12-09T02:04:20.246+0000][1][safepoint    ] Leaving safepoint region
[2019-12-09T02:04:20.246+0000][1][safepoint    ] Total time for which application threads were stopped: 0.0589697 seconds, Stopping threads took: 0.0588985 seconds
[2019-12-09T02:04:21.258+0000][1][safepoint    ] Application time: 1.0119767 seconds
[2019-12-09T02:04:21.262+0000][1][safepoint    ] Entering safepoint region: RevokeBias
[2019-12-09T02:04:21.262+0000][1][safepoint    ] Leaving safepoint region
[2019-12-09T02:04:21.262+0000][1][safepoint    ] Total time for which application threads were stopped: 0.0039180 seconds, Stopping threads took: 0.0038560 seconds
[2019-12-09T02:04:22.267+0000][1][safepoint    ] Application time: 1.0049130 seconds
[2019-12-09T02:04:22.267+0000][1][safepoint    ] Entering safepoint region: Cleanup
[2019-12-09T02:04:22.268+0000][1][safepoint    ] Leaving safepoint region
[2019-12-09T02:04:22.268+0000][1][safepoint    ] Total time for which application threads were stopped: 0.0008393 seconds, Stopping threads took: 0.0003802 seconds
[2019-12-09T02:04:23.272+0000][1][safepoint    ] Application time: 1.0041231 seconds
[2019-12-09T02:04:23.314+0000][1][safepoint    ] Entering safepoint region: Cleanup
[2019-12-09T02:04:23.314+0000][1][safepoint    ] Leaving safepoint region
[2019-12-09T02:04:23.314+0000][1][safepoint    ] Total time for which application threads were stopped: 0.0421211 seconds, Stopping threads took: 0.0420567 seconds
[2019-12-09T02:04:24.319+0000][1][safepoint    ] Application time: 1.0048680 seconds
[2019-12-09T02:04:24.319+0000][1][safepoint    ] Entering safepoint region: GenCollectForAllocation
[2019-12-09T02:04:24.319+0000][1][gc,start     ] GC(21) Pause Young (Allocation Failure)
[2019-12-09T02:04:24.319+0000][1][gc,task      ] GC(21) Using 2 workers of 2 for evacuation
[2019-12-09T02:04:24.664+0000][1][gc,age       ] GC(21) Desired survivor size 4456448 bytes, new threshold 2 (max threshold 6)
[2019-12-09T02:04:24.664+0000][1][gc,age       ] GC(21) Age table with threshold 2 (max threshold 6)
[2019-12-09T02:04:24.664+0000][1][gc,age       ] GC(21) - age   1:    1791808 bytes,    1791808 total
[2019-12-09T02:04:24.664+0000][1][gc,age       ] GC(21) - age   2:    2827240 bytes,    4619048 total
[2019-12-09T02:04:24.664+0000][1][gc,heap      ] GC(21) ParNew: 78656K->6478K(78656K)
[2019-12-09T02:04:24.664+0000][1][gc,heap      ] GC(21) CMS: 55645K->59976K(174784K)
[2019-12-09T02:04:24.664+0000][1][gc,metaspace ] GC(21) Metaspace: 56065K->56065K(1099776K)
[2019-12-09T02:04:24.664+0000][1][gc           ] GC(21) Pause Young (Allocation Failure) 131M->64M(247M) 345.488ms
[2019-12-09T02:04:24.664+0000][1][gc,cpu       ] GC(21) User=0.09s Sys=0.00s Real=0.34s
[2019-12-09T02:04:24.664+0000][1][safepoint    ] Leaving safepoint region
[2019-12-09T02:04:24.664+0000][1][safepoint    ] Total time for which application threads were stopped: 0.3456979 seconds, Stopping threads took: 0.0000539 seconds
[2019-12-09T02:04:25.669+0000][1][safepoint    ] Application time: 1.0042355 seconds
[2019-12-09T02:04:25.669+0000][1][safepoint    ] Entering safepoint region: Cleanup
[2019-12-09T02:04:25.670+0000][1][safepoint    ] Leaving safepoint region
[2019-12-09T02:04:25.670+0000][1][safepoint    ] Total time for which application threads were stopped: 0.0014163 seconds, Stopping threads took: 0.0002781 seconds
[2019-12-09T02:04:26.072+0000][1][safepoint    ] Application time: 0.4016573 seconds
[2019-12-09T02:04:26.072+0000][1][safepoint    ] Entering safepoint region: RevokeBias
[2019-12-09T02:04:26.072+0000][1][safepoint    ] Leaving safepoint region
[2019-12-09T02:04:26.072+0000][1][safepoint    ] Total time for which application threads were stopped: 0.0001562 seconds, Stopping threads took: 0.0000335 seconds
[2019-12-09T02:04:26.072+0000][1][safepoint    ] Application time: 0.0001873 seconds
[2019-12-09T02:04:26.072+0000][1][safepoint    ] Entering safepoint region: RevokeBias
[2019-12-09T02:04:26.072+0000][1][safepoint    ] Leaving safepoint region
[2019-12-09T02:04:26.072+0000][1][safepoint    ] Total time for which application threads were stopped: 0.0001060 seconds, Stopping threads took: 0.0000131 seconds
[2019-12-09T02:04:26.072+0000][1][safepoint    ] Application time: 0.0000661 seconds
[2019-12-09T02:04:26.072+0000][1][safepoint    ] Entering safepoint region: RevokeBias
[2019-12-09T02:04:26.073+0000][1][safepoint    ] Leaving safepoint region
[2019-12-09T02:04:26.073+0000][1][safepoint    ] Total time for which application threads were stopped: 0.0000780 seconds, Stopping threads took: 0.0000089 seconds
[2019-12-09T02:04:26.073+0000][1][safepoint    ] Application time: 0.0001059 seconds
[2019-12-09T02:04:26.073+0000][1][safepoint    ] Entering safepoint region: RevokeBias
[2019-12-09T02:04:26.073+0000][1][safepoint    ] Leaving safepoint region
[2019-12-09T02:04:26.073+0000][1][safepoint    ] Total time for which application threads were stopped: 0.0001018 seconds, Stopping threads took: 0.0000100 seconds
[2019-12-09T02:04:26.073+0000][1][safepoint    ] Application time: 0.0001451 seconds
[2019-12-09T02:04:26.073+0000][1][safepoint    ] Entering safepoint region: RevokeBias
[2019-12-09T02:04:26.073+0000][1][safepoint    ] Leaving safepoint region
[2019-12-09T02:04:26.073+0000][1][safepoint    ] Total time for which application threads were stopped: 0.0000847 seconds, Stopping threads took: 0.0000102 seconds
[2019-12-09T02:04:27.076+0000][1][safepoint    ] Application time: 1.0027217 seconds
[2019-12-09T02:04:27.076+0000][1][safepoint    ] Entering safepoint region: Cleanup
[2019-12-09T02:04:27.076+0000][1][safepoint    ] Leaving safepoint region
[2019-12-09T02:04:27.076+0000][1][safepoint    ] Total time for which application threads were stopped: 0.0001416 seconds, Stopping threads took: 0.0000724 seconds
[2019-12-09T02:04:27.321+0000][1][safepoint    ] Application time: 0.2446905 seconds
[2019-12-09T02:04:27.321+0000][1][safepoint    ] Entering safepoint region: Deoptimize
[2019-12-09T02:04:27.321+0000][1][safepoint    ] Leaving safepoint region
[2019-12-09T02:04:27.321+0000][1][safepoint    ] Total time for which application threads were stopped: 0.0006050 seconds, Stopping threads took: 0.0000161 seconds
[2019-12-09T02:04:28.348+0000][1][safepoint    ] Application time: 1.0266043 seconds
[2019-12-09T02:04:28.348+0000][1][safepoint    ] Entering safepoint region: Cleanup
[2019-12-09T02:04:28.348+0000][1][safepoint    ] Leaving safepoint region
[2019-12-09T02:04:28.348+0000][1][safepoint    ] Total time for which application threads were stopped: 0.0001718 seconds, Stopping threads took: 0.0001062 seconds
[2019-12-09T02:04:29.372+0000][1][safepoint    ] Application time: 1.0236157 seconds
[2019-12-09T02:04:29.372+0000][1][safepoint    ] Entering safepoint region: Cleanup
[2019-12-09T02:04:29.372+0000][1][safepoint    ] Leaving safepoint region
[2019-12-09T02:04:29.372+0000][1][safepoint    ] Total time for which application threads were stopped: 0.0001450 seconds, Stopping threads took: 0.0000662 seconds
[2019-12-09T02:04:30.379+0000][1][safepoint    ] Application time: 1.0072387 seconds
[2019-12-09T02:04:30.379+0000][1][safepoint    ] Entering safepoint region: Cleanup
[2019-12-09T02:04:30.379+0000][1][safepoint    ] Leaving safepoint region
[2019-12-09T02:04:30.379+0000][1][safepoint    ] Total time for which application threads were stopped: 0.0000802 seconds, Stopping threads took: 0.0000160 seconds
[2019-12-09T02:04:31.343+0000][1][safepoint    ] Application time: 0.9634915 seconds
[2019-12-09T02:04:31.343+0000][1][safepoint    ] Entering safepoint region: RevokeBias
[2019-12-09T02:04:31.343+0000][1][safepoint    ] Leaving safepoint region
[2019-12-09T02:04:31.343+0000][1][safepoint    ] Total time for which application threads were stopped: 0.0000787 seconds, Stopping threads took: 0.0000145 seconds
[2019-12-09T02:04:32.276+0000][1][safepoint    ] Application time: 0.9328545 seconds
[2019-12-09T02:04:32.332+0000][1][safepoint    ] Entering safepoint region: RevokeBias
[2019-12-09T02:04:32.332+0000][1][safepoint    ] Leaving safepoint region
[2019-12-09T02:04:32.332+0000][1][safepoint    ] Total time for which application threads were stopped: 0.0561249 seconds, Stopping threads took: 0.0559879 seconds
[2019-12-09T02:04:32.341+0000][1][safepoint    ] Application time: 0.0088911 seconds
[2019-12-09T02:04:32.341+0000][1][safepoint    ] Entering safepoint region: RevokeBias
[2019-12-09T02:04:32.341+0000][1][safepoint    ] Leaving safepoint region
[2019-12-09T02:04:32.341+0000][1][safepoint    ] Total time for which application threads were stopped: 0.0001253 seconds, Stopping threads took: 0.0000159 seconds
[2019-12-09T02:04:32.341+0000][1][safepoint    ] Application time: 0.0000808 seconds
[2019-12-09T02:04:32.341+0000][1][safepoint    ] Entering safepoint region: RevokeBias
[2019-12-09T02:04:32.341+0000][1][safepoint    ] Leaving safepoint region
[2019-12-09T02:04:32.341+0000][1][safepoint    ] Total time for which application threads were stopped: 0.0000732 seconds, Stopping threads took: 0.0000098 seconds
[2019-12-09T02:04:32.341+0000][1][safepoint    ] Application time: 0.0000617 seconds
[2019-12-09T02:04:32.341+0000][1][safepoint    ] Entering safepoint region: RevokeBias
[2019-12-09T02:04:32.341+0000][1][safepoint    ] Leaving safepoint region
[2019-12-09T02:04:32.341+0000][1][safepoint    ] Total time for which application threads were stopped: 0.0000625 seconds, Stopping threads took: 0.0000086 seconds
[2019-12-09T02:04:32.341+0000][1][safepoint    ] Application time: 0.0000639 seconds
[2019-12-09T02:04:32.341+0000][1][safepoint    ] Entering safepoint region: RevokeBias
[2019-12-09T02:04:32.341+0000][1][safepoint    ] Leaving safepoint region
[2019-12-09T02:04:32.341+0000][1][safepoint    ] Total time for which application threads were stopped: 0.0000633 seconds, Stopping threads took: 0.0000091 seconds
[2019-12-09T02:04:32.341+0000][1][safepoint    ] Application time: 0.0000808 seconds
[2019-12-09T02:04:32.341+0000][1][safepoint    ] Entering safepoint region: RevokeBias
[2019-12-09T02:04:32.342+0000][1][safepoint    ] Leaving safepoint region
[2019-12-09T02:04:32.342+0000][1][safepoint    ] Total time for which application threads were stopped: 0.0000636 seconds, Stopping threads took: 0.0000092 seconds
[2019-12-09T02:04:32.342+0000][1][safepoint    ] Application time: 0.0000640 seconds
[2019-12-09T02:04:32.342+0000][1][safepoint    ] Entering safepoint region: RevokeBias
[2019-12-09T02:04:32.342+0000][1][safepoint    ] Leaving safepoint region
[2019-12-09T02:04:32.342+0000][1][safepoint    ] Total time for which application threads were stopped: 0.0000887 seconds, Stopping threads took: 0.0000095 seconds
[2019-12-09T02:04:32.342+0000][1][safepoint    ] Application time: 0.0000687 seconds
[2019-12-09T02:04:32.342+0000][1][safepoint    ] Entering safepoint region: RevokeBias
[2019-12-09T02:04:32.342+0000][1][safepoint    ] Leaving safepoint region
[2019-12-09T02:04:32.342+0000][1][safepoint    ] Total time for which application threads were stopped: 0.0000721 seconds, Stopping threads took: 0.0000092 seconds
[2019-12-09T02:04:32.365+0000][1][safepoint    ] Application time: 0.0228066 seconds
[2019-12-09T02:04:32.365+0000][1][safepoint    ] Entering safepoint region: Deoptimize
[2019-12-09T02:04:32.365+0000][1][safepoint    ] Leaving safepoint region
[2019-12-09T02:04:32.365+0000][1][safepoint    ] Total time for which application threads were stopped: 0.0006082 seconds, Stopping threads took: 0.0000142 seconds
[2019-12-09T02:04:32.428+0000][1][safepoint    ] Application time: 0.0631297 seconds
[2019-12-09T02:04:32.429+0000][1][safepoint    ] Entering safepoint region: RevokeBias
[2019-12-09T02:04:32.429+0000][1][safepoint    ] Leaving safepoint region
[2019-12-09T02:04:32.429+0000][1][safepoint    ] Total time for which application threads were stopped: 0.0000965 seconds, Stopping threads took: 0.0000149 seconds
[2019-12-09T02:04:32.429+0000][1][safepoint    ] Application time: 0.0004357 seconds
[2019-12-09T02:04:32.429+0000][1][safepoint    ] Entering safepoint region: BulkRevokeBias
[2019-12-09T02:04:32.429+0000][1][safepoint    ] Leaving safepoint region
[2019-12-09T02:04:32.429+0000][1][safepoint    ] Total time for which application threads were stopped: 0.0002925 seconds, Stopping threads took: 0.0000122 seconds
[2019-12-09T02:04:32.430+0000][1][safepoint    ] Application time: 0.0008388 seconds
[2019-12-09T02:04:32.430+0000][1][safepoint    ] Entering safepoint region: RevokeBias
[2019-12-09T02:04:32.430+0000][1][safepoint    ] Leaving safepoint region
[2019-12-09T02:04:32.430+0000][1][safepoint    ] Total time for which application threads were stopped: 0.0000616 seconds, Stopping threads took: 0.0000130 seconds
[2019-12-09T02:04:32.431+0000][1][safepoint    ] Application time: 0.0003965 seconds
[2019-12-09T02:04:32.431+0000][1][safepoint    ] Entering safepoint region: RevokeBias
[2019-12-09T02:04:32.431+0000][1][safepoint    ] Leaving safepoint region
[2019-12-09T02:04:32.431+0000][1][safepoint    ] Total time for which application threads were stopped: 0.0000618 seconds, Stopping threads took: 0.0000106 seconds
[2019-12-09T02:04:32.431+0000][1][safepoint    ] Application time: 0.0000636 seconds
[2019-12-09T02:04:32.431+0000][1][safepoint    ] Entering safepoint region: RevokeBias
[2019-12-09T02:04:32.431+0000][1][safepoint    ] Leaving safepoint region
[2019-12-09T02:04:32.431+0000][1][safepoint    ] Total time for which application threads were stopped: 0.0000538 seconds, Stopping threads took: 0.0000094 seconds
[2019-12-09T02:04:32.431+0000][1][safepoint    ] Application time: 0.0001028 seconds
[2019-12-09T02:04:32.431+0000][1][safepoint    ] Entering safepoint region: RevokeBias
[2019-12-09T02:04:32.431+0000][1][safepoint    ] Leaving safepoint region
[2019-12-09T02:04:32.431+0000][1][safepoint    ] Total time for which application threads were stopped: 0.0000552 seconds, Stopping threads took: 0.0000094 seconds
[2019-12-09T02:04:32.431+0000][1][safepoint    ] Application time: 0.0002770 seconds
[2019-12-09T02:04:32.431+0000][1][safepoint    ] Entering safepoint region: RevokeBias
[2019-12-09T02:04:32.431+0000][1][safepoint    ] Leaving safepoint region
[2019-12-09T02:04:32.431+0000][1][safepoint    ] Total time for which application threads were stopped: 0.0000543 seconds, Stopping threads took: 0.0000109 seconds
[2019-12-09T02:04:32.432+0000][1][safepoint    ] Application time: 0.0001984 seconds
[2019-12-09T02:04:32.432+0000][1][safepoint    ] Entering safepoint region: RevokeBias
[2019-12-09T02:04:32.432+0000][1][safepoint    ] Leaving safepoint region
[2019-12-09T02:04:32.432+0000][1][safepoint    ] Total time for which application threads were stopped: 0.0000755 seconds, Stopping threads took: 0.0000298 seconds
[2019-12-09T02:04:32.432+0000][1][safepoint    ] Application time: 0.0000619 seconds
[2019-12-09T02:04:32.432+0000][1][safepoint    ] Entering safepoint region: RevokeBias
[2019-12-09T02:04:32.432+0000][1][safepoint    ] Leaving safepoint region
[2019-12-09T02:04:32.432+0000][1][safepoint    ] Total time for which application threads were stopped: 0.0000461 seconds, Stopping threads took: 0.0000083 seconds
[2019-12-09T02:04:32.432+0000][1][safepoint    ] Application time: 0.0001023 seconds
[2019-12-09T02:04:32.432+0000][1][safepoint    ] Entering safepoint region: RevokeBias
[2019-12-09T02:04:32.432+0000][1][safepoint    ] Leaving safepoint region
[2019-12-09T02:04:32.432+0000][1][safepoint    ] Total time for which application threads were stopped: 0.0000445 seconds, Stopping threads took: 0.0000080 seconds
[2019-12-09T02:04:32.433+0000][1][safepoint    ] Application time: 0.0005722 seconds
[2019-12-09T02:04:32.433+0000][1][safepoint    ] Entering safepoint region: RevokeBias
[2019-12-09T02:04:32.433+0000][1][safepoint    ] Leaving safepoint region
[2019-12-09T02:04:32.433+0000][1][safepoint    ] Total time for which application threads were stopped: 0.0000788 seconds, Stopping threads took: 0.0000115 seconds
[2019-12-09T02:04:32.433+0000][1][safepoint    ] Application time: 0.0000612 seconds
[2019-12-09T02:04:32.433+0000][1][safepoint    ] Entering safepoint region: RevokeBias
[2019-12-09T02:04:32.433+0000][1][safepoint    ] Leaving safepoint region
[2019-12-09T02:04:32.433+0000][1][safepoint    ] Total time for which application threads were stopped: 0.0000479 seconds, Stopping threads took: 0.0000088 seconds
[2019-12-09T02:04:32.434+0000][1][safepoint    ] Application time: 0.0011685 seconds
[2019-12-09T02:04:32.434+0000][1][safepoint    ] Entering safepoint region: RevokeBias
[2019-12-09T02:04:32.434+0000][1][safepoint    ] Leaving safepoint region
[2019-12-09T02:04:32.434+0000][1][safepoint    ] Total time for which application threads were stopped: 0.0000652 seconds, Stopping threads took: 0.0000122 seconds
[2019-12-09T02:04:32.434+0000][1][safepoint    ] Application time: 0.0001013 seconds
[2019-12-09T02:04:32.434+0000][1][safepoint    ] Entering safepoint region: RevokeBias
[2019-12-09T02:04:32.434+0000][1][safepoint    ] Leaving safepoint region
[2019-12-09T02:04:32.434+0000][1][safepoint    ] Total time for which application threads were stopped: 0.0000506 seconds, Stopping threads took: 0.0000096 seconds
[2019-12-09T02:04:32.436+0000][1][safepoint    ] Application time: 0.0013378 seconds
[2019-12-09T02:04:32.436+0000][1][safepoint    ] Entering safepoint region: RevokeBias
[2019-12-09T02:04:32.436+0000][1][safepoint    ] Leaving safepoint region
[2019-12-09T02:04:32.436+0000][1][safepoint    ] Total time for which application threads were stopped: 0.0000873 seconds, Stopping threads took: 0.0000111 seconds
[2019-12-09T02:04:32.505+0000][1][safepoint    ] Application time: 0.0696534 seconds
[2019-12-09T02:04:32.505+0000][1][safepoint    ] Entering safepoint region: Deoptimize
[2019-12-09T02:04:32.506+0000][1][safepoint    ] Leaving safepoint region
[2019-12-09T02:04:32.506+0000][1][safepoint    ] Total time for which application threads were stopped: 0.0006464 seconds, Stopping threads took: 0.0000179 seconds
[2019-12-09T02:04:32.507+0000][1][safepoint    ] Application time: 0.0009459 seconds
[2019-12-09T02:04:32.507+0000][1][safepoint    ] Entering safepoint region: RevokeBias
[2019-12-09T02:04:32.507+0000][1][safepoint    ] Leaving safepoint region
[2019-12-09T02:04:32.507+0000][1][safepoint    ] Total time for which application threads were stopped: 0.0000793 seconds, Stopping threads took: 0.0000122 seconds
[2019-12-09T02:04:32.547+0000][1][safepoint    ] Application time: 0.0394530 seconds
[2019-12-09T02:04:32.547+0000][1][safepoint    ] Entering safepoint region: RevokeBias
[2019-12-09T02:04:32.547+0000][1][safepoint    ] Leaving safepoint region
[2019-12-09T02:04:32.547+0000][1][safepoint    ] Total time for which application threads were stopped: 0.0002007 seconds, Stopping threads took: 0.0001056 seconds
[2019-12-09T02:04:32.760+0000][1][safepoint    ] Application time: 0.2136445 seconds
[2019-12-09T02:04:32.761+0000][1][safepoint    ] Entering safepoint region: RevokeBias
[2019-12-09T02:04:32.761+0000][1][safepoint    ] Leaving safepoint region
[2019-12-09T02:04:32.761+0000][1][safepoint    ] Total time for which application threads were stopped: 0.0001239 seconds, Stopping threads took: 0.0000168 seconds
[2019-12-09T02:04:32.918+0000][1][safepoint    ] Application time: 0.1570630 seconds
[2019-12-09T02:04:32.918+0000][1][safepoint    ] Entering safepoint region: RevokeBias
[2019-12-09T02:04:32.918+0000][1][gc,start     ] GC(22) Pause Young (Allocation Failure)
[2019-12-09T02:04:32.918+0000][1][gc,task      ] GC(22) Using 2 workers of 2 for evacuation
[2019-12-09T02:04:33.210+0000][1][gc,age       ] GC(22) Desired survivor size 4456448 bytes, new threshold 2 (max threshold 6)
[2019-12-09T02:04:33.210+0000][1][gc,age       ] GC(22) Age table with threshold 2 (max threshold 6)
[2019-12-09T02:04:33.210+0000][1][gc,age       ] GC(22) - age   1:    3410120 bytes,    3410120 total
[2019-12-09T02:04:33.210+0000][1][gc,age       ] GC(22) - age   2:    1623352 bytes,    5033472 total
[2019-12-09T02:04:33.210+0000][1][gc,heap      ] GC(22) ParNew: 76430K->7503K(78656K)
[2019-12-09T02:04:33.210+0000][1][gc,heap      ] GC(22) CMS: 59976K->62794K(174784K)
[2019-12-09T02:04:33.210+0000][1][gc,metaspace ] GC(22) Metaspace: 63714K->63714K(1107968K)
[2019-12-09T02:04:33.210+0000][1][gc           ] GC(22) Pause Young (Allocation Failure) 133M->68M(247M) 292.467ms
[2019-12-09T02:04:33.210+0000][1][gc,cpu       ] GC(22) User=0.08s Sys=0.00s Real=0.29s
[2019-12-09T02:04:33.211+0000][1][safepoint    ] Leaving safepoint region
[2019-12-09T02:04:33.211+0000][1][safepoint    ] Total time for which application threads were stopped: 0.2927884 seconds, Stopping threads took: 0.0000193 seconds
[2019-12-09T02:04:33.212+0000][1][safepoint    ] Application time: 0.0010773 seconds
[2019-12-09T02:04:33.212+0000][1][safepoint    ] Entering safepoint region: RevokeBias
[2019-12-09T02:04:33.212+0000][1][safepoint    ] Leaving safepoint region
[2019-12-09T02:04:33.212+0000][1][safepoint    ] Total time for which application threads were stopped: 0.0003500 seconds, Stopping threads took: 0.0000142 seconds
[2019-12-09T02:04:33.249+0000][1][safepoint    ] Application time: 0.0374561 seconds
[2019-12-09T02:04:33.250+0000][1][safepoint    ] Entering safepoint region: RevokeBias
[2019-12-09T02:04:33.250+0000][1][safepoint    ] Leaving safepoint region
[2019-12-09T02:04:33.250+0000][1][safepoint    ] Total time for which application threads were stopped: 0.0002396 seconds, Stopping threads took: 0.0001351 seconds
[2019-12-09T02:04:33.251+0000][1][safepoint    ] Application time: 0.0011877 seconds
[2019-12-09T02:04:33.251+0000][1][safepoint    ] Entering safepoint region: RevokeBias
[2019-12-09T02:04:33.251+0000][1][safepoint    ] Leaving safepoint region
[2019-12-09T02:04:33.251+0000][1][safepoint    ] Total time for which application threads were stopped: 0.0000817 seconds, Stopping threads took: 0.0000126 seconds
[2019-12-09T02:04:33.252+0000][1][safepoint    ] Application time: 0.0006045 seconds
[2019-12-09T02:04:33.252+0000][1][safepoint    ] Entering safepoint region: RevokeBias
[2019-12-09T02:04:33.252+0000][1][safepoint    ] Leaving safepoint region
[2019-12-09T02:04:33.252+0000][1][safepoint    ] Total time for which application threads were stopped: 0.0000992 seconds, Stopping threads took: 0.0000123 seconds
[2019-12-09T02:04:33.252+0000][1][safepoint    ] Application time: 0.0001946 seconds
[2019-12-09T02:04:33.252+0000][1][safepoint    ] Entering safepoint region: RevokeBias
[2019-12-09T02:04:33.252+0000][1][safepoint    ] Leaving safepoint region
[2019-12-09T02:04:33.252+0000][1][safepoint    ] Total time for which application threads were stopped: 0.0000602 seconds, Stopping threads took: 0.0000108 seconds
[2019-12-09T02:04:33.310+0000][1][safepoint    ] Application time: 0.0581331 seconds
[2019-12-09T02:04:33.321+0000][1][safepoint    ] Entering safepoint region: RevokeBias
[2019-12-09T02:04:33.321+0000][1][safepoint    ] Leaving safepoint region
[2019-12-09T02:04:33.321+0000][1][safepoint    ] Total time for which application threads were stopped: 0.0106739 seconds, Stopping threads took: 0.0105963 seconds
[2019-12-09T02:04:33.367+0000][1][safepoint    ] Application time: 0.0458514 seconds
[2019-12-09T02:04:33.376+0000][1][safepoint    ] Entering safepoint region: RevokeBias
[2019-12-09T02:04:33.376+0000][1][safepoint    ] Leaving safepoint region
[2019-12-09T02:04:33.376+0000][1][safepoint    ] Total time for which application threads were stopped: 0.0091172 seconds, Stopping threads took: 0.0090310 seconds
[2019-12-09T02:04:33.384+0000][1][safepoint    ] Application time: 0.0082953 seconds
[2019-12-09T02:04:33.384+0000][1][safepoint    ] Entering safepoint region: RevokeBias
[2019-12-09T02:04:33.384+0000][1][safepoint    ] Leaving safepoint region
[2019-12-09T02:04:33.384+0000][1][safepoint    ] Total time for which application threads were stopped: 0.0001791 seconds, Stopping threads took: 0.0000731 seconds
[2019-12-09T02:04:33.392+0000][1][safepoint    ] Application time: 0.0074416 seconds
[2019-12-09T02:04:33.411+0000][1][safepoint    ] Entering safepoint region: RevokeBias
[2019-12-09T02:04:33.411+0000][1][safepoint    ] Leaving safepoint region
[2019-12-09T02:04:33.411+0000][1][safepoint    ] Total time for which application threads were stopped: 0.0190146 seconds, Stopping threads took: 0.0188936 seconds
[2019-12-09T02:04:33.412+0000][1][safepoint    ] Application time: 0.0014090 seconds
[2019-12-09T02:04:33.412+0000][1][safepoint    ] Entering safepoint region: RevokeBias
[2019-12-09T02:04:33.412+0000][1][safepoint    ] Leaving safepoint region
[2019-12-09T02:04:33.412+0000][1][safepoint    ] Total time for which application threads were stopped: 0.0000937 seconds, Stopping threads took: 0.0000137 seconds
[2019-12-09T02:04:33.413+0000][1][safepoint    ] Application time: 0.0004812 seconds
[2019-12-09T02:04:33.413+0000][1][safepoint    ] Entering safepoint region: RevokeBias
[2019-12-09T02:04:33.413+0000][1][safepoint    ] Leaving safepoint region
[2019-12-09T02:04:33.413+0000][1][safepoint    ] Total time for which application threads were stopped: 0.0000712 seconds, Stopping threads took: 0.0000133 seconds
[2019-12-09T02:04:33.413+0000][1][safepoint    ] Application time: 0.0000911 seconds
[2019-12-09T02:04:33.413+0000][1][safepoint    ] Entering safepoint region: RevokeBias
[2019-12-09T02:04:33.413+0000][1][safepoint    ] Leaving safepoint region
[2019-12-09T02:04:33.413+0000][1][safepoint    ] Total time for which application threads were stopped: 0.0000553 seconds, Stopping threads took: 0.0000096 seconds
[2019-12-09T02:04:33.413+0000][1][safepoint    ] Application time: 0.0000784 seconds
[2019-12-09T02:04:33.413+0000][1][safepoint    ] Entering safepoint region: RevokeBias
[2019-12-09T02:04:33.413+0000][1][safepoint    ] Leaving safepoint region
[2019-12-09T02:04:33.413+0000][1][safepoint    ] Total time for which application threads were stopped: 0.0000531 seconds, Stopping threads took: 0.0000094 seconds
[2019-12-09T02:04:33.413+0000][1][safepoint    ] Application time: 0.0000920 seconds
[2019-12-09T02:04:33.413+0000][1][safepoint    ] Entering safepoint region: RevokeBias
[2019-12-09T02:04:33.413+0000][1][safepoint    ] Leaving safepoint region
[2019-12-09T02:04:33.413+0000][1][safepoint    ] Total time for which application threads were stopped: 0.0000494 seconds, Stopping threads took: 0.0000094 seconds
[2019-12-09T02:04:33.415+0000][1][safepoint    ] Application time: 0.0011991 seconds
[2019-12-09T02:04:33.415+0000][1][safepoint    ] Entering safepoint region: RevokeBias
[2019-12-09T02:04:33.415+0000][1][safepoint    ] Leaving safepoint region
[2019-12-09T02:04:33.415+0000][1][safepoint    ] Total time for which application threads were stopped: 0.0001026 seconds, Stopping threads took: 0.0000144 seconds
[2019-12-09T02:04:33.415+0000][1][safepoint    ] Application time: 0.0000882 seconds
[2019-12-09T02:04:33.415+0000][1][safepoint    ] Entering safepoint region: RevokeBias
[2019-12-09T02:04:33.415+0000][1][safepoint    ] Leaving safepoint region
[2019-12-09T02:04:33.415+0000][1][safepoint    ] Total time for which application threads were stopped: 0.0000541 seconds, Stopping threads took: 0.0000097 seconds
[2019-12-09T02:04:33.430+0000][1][safepoint    ] Application time: 0.0153554 seconds
[2019-12-09T02:04:33.476+0000][1][safepoint    ] Entering safepoint region: RevokeBias
[2019-12-09T02:04:33.476+0000][1][safepoint    ] Leaving safepoint region
[2019-12-09T02:04:33.476+0000][1][safepoint    ] Total time for which application threads were stopped: 0.0457413 seconds, Stopping threads took: 0.0455444 seconds
[2019-12-09T02:04:33.476+0000][1][safepoint    ] Application time: 0.0003923 seconds
[2019-12-09T02:04:33.477+0000][1][safepoint    ] Entering safepoint region: RevokeBias
[2019-12-09T02:04:33.477+0000][1][safepoint    ] Leaving safepoint region
[2019-12-09T02:04:33.477+0000][1][safepoint    ] Total time for which application threads were stopped: 0.0000918 seconds, Stopping threads took: 0.0000148 seconds
[2019-12-09T02:04:33.477+0000][1][safepoint    ] Application time: 0.0001728 seconds
[2019-12-09T02:04:33.477+0000][1][safepoint    ] Entering safepoint region: RevokeBias
[2019-12-09T02:04:33.477+0000][1][safepoint    ] Leaving safepoint region
[2019-12-09T02:04:33.477+0000][1][safepoint    ] Total time for which application threads were stopped: 0.0000967 seconds, Stopping threads took: 0.0000120 seconds
[2019-12-09T02:04:33.477+0000][1][safepoint    ] Application time: 0.0002041 seconds
[2019-12-09T02:04:33.477+0000][1][safepoint    ] Entering safepoint region: RevokeBias
[2019-12-09T02:04:33.477+0000][1][safepoint    ] Leaving safepoint region
[2019-12-09T02:04:33.477+0000][1][safepoint    ] Total time for which application threads were stopped: 0.0000649 seconds, Stopping threads took: 0.0000087 seconds
[2019-12-09T02:04:33.483+0000][1][safepoint    ] Application time: 0.0057295 seconds
[2019-12-09T02:04:33.504+0000][1][safepoint    ] Entering safepoint region: RevokeBias
[2019-12-09T02:04:33.504+0000][1][safepoint    ] Leaving safepoint region
[2019-12-09T02:04:33.504+0000][1][safepoint    ] Total time for which application threads were stopped: 0.0209083 seconds, Stopping threads took: 0.0207951 seconds
[2019-12-09T02:04:33.504+0000][1][safepoint    ] Application time: 0.0000752 seconds
[2019-12-09T02:04:33.504+0000][1][safepoint    ] Entering safepoint region: RevokeBias
[2019-12-09T02:04:33.504+0000][1][safepoint    ] Leaving safepoint region
[2019-12-09T02:04:33.504+0000][1][safepoint    ] Total time for which application threads were stopped: 0.0000587 seconds, Stopping threads took: 0.0000094 seconds
[2019-12-09T02:04:33.504+0000][1][safepoint    ] Application time: 0.0000548 seconds
[2019-12-09T02:04:33.504+0000][1][safepoint    ] Entering safepoint region: RevokeBias
[2019-12-09T02:04:33.504+0000][1][safepoint    ] Leaving safepoint region
[2019-12-09T02:04:33.504+0000][1][safepoint    ] Total time for which application threads were stopped: 0.0000495 seconds, Stopping threads took: 0.0000076 seconds
[2019-12-09T02:04:33.507+0000][1][safepoint    ] Application time: 0.0033622 seconds
[2019-12-09T02:04:33.508+0000][1][safepoint    ] Entering safepoint region: RevokeBias
[2019-12-09T02:04:33.508+0000][1][safepoint    ] Leaving safepoint region
[2019-12-09T02:04:33.508+0000][1][safepoint    ] Total time for which application threads were stopped: 0.0001466 seconds, Stopping threads took: 0.0000622 seconds
[2019-12-09T02:04:33.508+0000][1][safepoint    ] Application time: 0.0000695 seconds
[2019-12-09T02:04:33.508+0000][1][safepoint    ] Entering safepoint region: RevokeBias
[2019-12-09T02:04:33.508+0000][1][safepoint    ] Leaving safepoint region
[2019-12-09T02:04:33.508+0000][1][safepoint    ] Total time for which application threads were stopped: 0.0000875 seconds, Stopping threads took: 0.0000235 seconds
[2019-12-09T02:04:33.513+0000][1][safepoint    ] Application time: 0.0051730 seconds
[2019-12-09T02:04:33.513+0000][1][safepoint    ] Entering safepoint region: RevokeBias
[2019-12-09T02:04:33.513+0000][1][safepoint    ] Leaving safepoint region
[2019-12-09T02:04:33.513+0000][1][safepoint    ] Total time for which application threads were stopped: 0.0000982 seconds, Stopping threads took: 0.0000135 seconds
[2019-12-09T02:04:33.513+0000][1][safepoint    ] Application time: 0.0002513 seconds
[2019-12-09T02:04:33.513+0000][1][safepoint    ] Entering safepoint region: RevokeBias
[2019-12-09T02:04:33.514+0000][1][safepoint    ] Leaving safepoint region
[2019-12-09T02:04:33.514+0000][1][safepoint    ] Total time for which application threads were stopped: 0.0000751 seconds, Stopping threads took: 0.0000113 seconds
[2019-12-09T02:04:33.514+0000][1][safepoint    ] Application time: 0.0000590 seconds
[2019-12-09T02:04:33.514+0000][1][safepoint    ] Entering safepoint region: RevokeBias
[2019-12-09T02:04:33.514+0000][1][safepoint    ] Leaving safepoint region
[2019-12-09T02:04:33.514+0000][1][safepoint    ] Total time for which application threads were stopped: 0.0000610 seconds, Stopping threads took: 0.0000094 seconds
[2019-12-09T02:04:33.514+0000][1][safepoint    ] Application time: 0.0000760 seconds
[2019-12-09T02:04:33.514+0000][1][safepoint    ] Entering safepoint region: RevokeBias
[2019-12-09T02:04:33.514+0000][1][safepoint    ] Leaving safepoint region
[2019-12-09T02:04:33.514+0000][1][safepoint    ] Total time for which application threads were stopped: 0.0000667 seconds, Stopping threads took: 0.0000159 seconds
[2019-12-09T02:04:33.517+0000][1][safepoint    ] Application time: 0.0029386 seconds
[2019-12-09T02:04:33.517+0000][1][safepoint    ] Entering safepoint region: RevokeBias
[2019-12-09T02:04:33.517+0000][1][safepoint    ] Leaving safepoint region
[2019-12-09T02:04:33.517+0000][1][safepoint    ] Total time for which application threads were stopped: 0.0001170 seconds, Stopping threads took: 0.0000539 seconds
[2019-12-09T02:04:33.518+0000][1][safepoint    ] Application time: 0.0012745 seconds
[2019-12-09T02:04:33.518+0000][1][safepoint    ] Entering safepoint region: RevokeBias
[2019-12-09T02:04:33.518+0000][1][safepoint    ] Leaving safepoint region
[2019-12-09T02:04:33.518+0000][1][safepoint    ] Total time for which application threads were stopped: 0.0000874 seconds, Stopping threads took: 0.0000130 seconds
[2019-12-09T02:04:33.520+0000][1][safepoint    ] Application time: 0.0015477 seconds
[2019-12-09T02:04:33.558+0000][1][safepoint    ] Entering safepoint region: RevokeBias
[2019-12-09T02:04:33.558+0000][1][safepoint    ] Leaving safepoint region
[2019-12-09T02:04:33.558+0000][1][safepoint    ] Total time for which application threads were stopped: 0.0380200 seconds, Stopping threads took: 0.0379313 seconds
[2019-12-09T02:04:33.635+0000][1][safepoint    ] Application time: 0.0771447 seconds
[2019-12-09T02:04:33.664+0000][1][safepoint    ] Entering safepoint region: RevokeBias
[2019-12-09T02:04:33.664+0000][1][safepoint    ] Leaving safepoint region
[2019-12-09T02:04:33.664+0000][1][safepoint    ] Total time for which application threads were stopped: 0.0290288 seconds, Stopping threads took: 0.0289235 seconds
[2019-12-09T02:04:33.666+0000][1][safepoint    ] Application time: 0.0016704 seconds
[2019-12-09T02:04:33.666+0000][1][safepoint    ] Entering safepoint region: RevokeBias
[2019-12-09T02:04:33.666+0000][1][safepoint    ] Leaving safepoint region
[2019-12-09T02:04:33.666+0000][1][safepoint    ] Total time for which application threads were stopped: 0.0001629 seconds, Stopping threads took: 0.0000628 seconds
[2019-12-09T02:04:33.669+0000][1][safepoint    ] Application time: 0.0028114 seconds
[2019-12-09T02:04:33.669+0000][1][safepoint    ] Entering safepoint region: RevokeBias
[2019-12-09T02:04:33.669+0000][1][safepoint    ] Leaving safepoint region
[2019-12-09T02:04:33.669+0000][1][safepoint    ] Total time for which application threads were stopped: 0.0001656 seconds, Stopping threads took: 0.0001045 seconds
[2019-12-09T02:04:33.670+0000][1][safepoint    ] Application time: 0.0011194 seconds
[2019-12-09T02:04:33.670+0000][1][safepoint    ] Entering safepoint region: RevokeBias
[2019-12-09T02:04:33.670+0000][1][safepoint    ] Leaving safepoint region
[2019-12-09T02:04:33.670+0000][1][safepoint    ] Total time for which application threads were stopped: 0.0000846 seconds, Stopping threads took: 0.0000137 seconds
[2019-12-09T02:04:33.670+0000][1][safepoint    ] Application time: 0.0001441 seconds
[2019-12-09T02:04:33.670+0000][1][safepoint    ] Entering safepoint region: RevokeBias
[2019-12-09T02:04:33.670+0000][1][safepoint    ] Leaving safepoint region
[2019-12-09T02:04:33.670+0000][1][safepoint    ] Total time for which application threads were stopped: 0.0000761 seconds, Stopping threads took: 0.0000100 seconds
[2019-12-09T02:04:33.672+0000][1][safepoint    ] Application time: 0.0013875 seconds
[2019-12-09T02:04:33.672+0000][1][safepoint    ] Entering safepoint region: RevokeBias
[2019-12-09T02:04:33.672+0000][1][safepoint    ] Leaving safepoint region
[2019-12-09T02:04:33.672+0000][1][safepoint    ] Total time for which application threads were stopped: 0.0001660 seconds, Stopping threads took: 0.0001103 seconds
[2019-12-09T02:04:33.672+0000][1][safepoint    ] Application time: 0.0001936 seconds
[2019-12-09T02:04:33.672+0000][1][safepoint    ] Entering safepoint region: RevokeBias
[2019-12-09T02:04:33.673+0000][1][safepoint    ] Leaving safepoint region
[2019-12-09T02:04:33.673+0000][1][safepoint    ] Total time for which application threads were stopped: 0.0002924 seconds, Stopping threads took: 0.0000100 seconds
[2019-12-09T02:04:33.673+0000][1][safepoint    ] Application time: 0.0000876 seconds
[2019-12-09T02:04:33.673+0000][1][safepoint    ] Entering safepoint region: RevokeBias
[2019-12-09T02:04:33.673+0000][1][safepoint    ] Leaving safepoint region
[2019-12-09T02:04:33.673+0000][1][safepoint    ] Total time for which application threads were stopped: 0.0000825 seconds, Stopping threads took: 0.0000092 seconds
[2019-12-09T02:04:33.673+0000][1][safepoint    ] Application time: 0.0003818 seconds
[2019-12-09T02:04:33.673+0000][1][safepoint    ] Entering safepoint region: RevokeBias
[2019-12-09T02:04:33.673+0000][1][safepoint    ] Leaving safepoint region
[2019-12-09T02:04:33.673+0000][1][safepoint    ] Total time for which application threads were stopped: 0.0000741 seconds, Stopping threads took: 0.0000110 seconds
[2019-12-09T02:04:33.673+0000][1][safepoint    ] Application time: 0.0000753 seconds
[2019-12-09T02:04:33.673+0000][1][safepoint    ] Entering safepoint region: RevokeBias
[2019-12-09T02:04:33.673+0000][1][safepoint    ] Leaving safepoint region
[2019-12-09T02:04:33.673+0000][1][safepoint    ] Total time for which application threads were stopped: 0.0000841 seconds, Stopping threads took: 0.0000097 seconds
[2019-12-09T02:04:33.673+0000][1][safepoint    ] Application time: 0.0000860 seconds
[2019-12-09T02:04:33.674+0000][1][safepoint    ] Entering safepoint region: RevokeBias
[2019-12-09T02:04:33.674+0000][1][safepoint    ] Leaving safepoint region
[2019-12-09T02:04:33.674+0000][1][safepoint    ] Total time for which application threads were stopped: 0.0000551 seconds, Stopping threads took: 0.0000099 seconds
[2019-12-09T02:04:33.674+0000][1][safepoint    ] Application time: 0.0003622 seconds
[2019-12-09T02:04:33.674+0000][1][safepoint    ] Entering safepoint region: RevokeBias
[2019-12-09T02:04:33.674+0000][1][safepoint    ] Leaving safepoint region
[2019-12-09T02:04:33.674+0000][1][safepoint    ] Total time for which application threads were stopped: 0.0000770 seconds, Stopping threads took: 0.0000110 seconds
[2019-12-09T02:04:33.674+0000][1][safepoint    ] Application time: 0.0004457 seconds
[2019-12-09T02:04:33.675+0000][1][safepoint    ] Entering safepoint region: RevokeBias
[2019-12-09T02:04:33.675+0000][1][safepoint    ] Leaving safepoint region
[2019-12-09T02:04:33.675+0000][1][safepoint    ] Total time for which application threads were stopped: 0.0000684 seconds, Stopping threads took: 0.0000118 seconds
[2019-12-09T02:04:33.675+0000][1][safepoint    ] Application time: 0.0007699 seconds
[2019-12-09T02:04:33.675+0000][1][safepoint    ] Entering safepoint region: RevokeBias
[2019-12-09T02:04:33.675+0000][1][safepoint    ] Leaving safepoint region
[2019-12-09T02:04:33.675+0000][1][safepoint    ] Total time for which application threads were stopped: 0.0000720 seconds, Stopping threads took: 0.0000132 seconds
[2019-12-09T02:04:33.676+0000][1][safepoint    ] Application time: 0.0000472 seconds
[2019-12-09T02:04:33.676+0000][1][safepoint    ] Entering safepoint region: RevokeBias
[2019-12-09T02:04:33.676+0000][1][safepoint    ] Leaving safepoint region
[2019-12-09T02:04:33.676+0000][1][safepoint    ] Total time for which application threads were stopped: 0.0000598 seconds, Stopping threads took: 0.0000094 seconds
[2019-12-09T02:04:33.681+0000][1][safepoint    ] Application time: 0.0055174 seconds
[2019-12-09T02:04:33.681+0000][1][safepoint    ] Entering safepoint region: RevokeBias
[2019-12-09T02:04:33.681+0000][1][safepoint    ] Leaving safepoint region
[2019-12-09T02:04:33.681+0000][1][safepoint    ] Total time for which application threads were stopped: 0.0000710 seconds, Stopping threads took: 0.0000133 seconds
[2019-12-09T02:04:33.686+0000][1][safepoint    ] Application time: 0.0045844 seconds
[2019-12-09T02:04:33.686+0000][1][safepoint    ] Entering safepoint region: RevokeBias
[2019-12-09T02:04:33.686+0000][1][safepoint    ] Leaving safepoint region
[2019-12-09T02:04:33.686+0000][1][safepoint    ] Total time for which application threads were stopped: 0.0002148 seconds, Stopping threads took: 0.0001269 seconds
[2019-12-09T02:04:33.689+0000][1][safepoint    ] Application time: 0.0031663 seconds
[2019-12-09T02:04:33.689+0000][1][safepoint    ] Entering safepoint region: RevokeBias
[2019-12-09T02:04:33.689+0000][1][safepoint    ] Leaving safepoint region
[2019-12-09T02:04:33.689+0000][1][safepoint    ] Total time for which application threads were stopped: 0.0000924 seconds, Stopping threads took: 0.0000109 seconds
[2019-12-09T02:04:33.707+0000][1][safepoint    ] Application time: 0.0178605 seconds
[2019-12-09T02:04:33.774+0000][1][safepoint    ] Entering safepoint region: RevokeBias
[2019-12-09T02:04:33.774+0000][1][safepoint    ] Leaving safepoint region
[2019-12-09T02:04:33.774+0000][1][safepoint    ] Total time for which application threads were stopped: 0.0666700 seconds, Stopping threads took: 0.0665497 seconds
[2019-12-09T02:04:33.783+0000][1][safepoint    ] Application time: 0.0088608 seconds
[2019-12-09T02:04:33.813+0000][1][safepoint    ] Entering safepoint region: RevokeBias
[2019-12-09T02:04:33.813+0000][1][safepoint    ] Leaving safepoint region
[2019-12-09T02:04:33.813+0000][1][safepoint    ] Total time for which application threads were stopped: 0.0301372 seconds, Stopping threads took: 0.0300222 seconds
[2019-12-09T02:04:33.813+0000][1][safepoint    ] Application time: 0.0001218 seconds
[2019-12-09T02:04:33.813+0000][1][safepoint    ] Entering safepoint region: RevokeBias
[2019-12-09T02:04:33.813+0000][1][safepoint    ] Leaving safepoint region
[2019-12-09T02:04:33.813+0000][1][safepoint    ] Total time for which application threads were stopped: 0.0000798 seconds, Stopping threads took: 0.0000114 seconds
[2019-12-09T02:04:33.814+0000][1][safepoint    ] Application time: 0.0003740 seconds
[2019-12-09T02:04:33.814+0000][1][safepoint    ] Entering safepoint region: RevokeBias
[2019-12-09T02:04:33.814+0000][1][safepoint    ] Leaving safepoint region
[2019-12-09T02:04:33.814+0000][1][safepoint    ] Total time for which application threads were stopped: 0.0000945 seconds, Stopping threads took: 0.0000142 seconds
[2019-12-09T02:04:33.814+0000][1][safepoint    ] Application time: 0.0003566 seconds
[2019-12-09T02:04:33.814+0000][1][safepoint    ] Entering safepoint region: RevokeBias
[2019-12-09T02:04:33.814+0000][1][safepoint    ] Leaving safepoint region
[2019-12-09T02:04:33.814+0000][1][safepoint    ] Total time for which application threads were stopped: 0.0001161 seconds, Stopping threads took: 0.0000111 seconds
[2019-12-09T02:04:33.868+0000][1][safepoint    ] Application time: 0.0539279 seconds
[2019-12-09T02:04:33.909+0000][1][safepoint    ] Entering safepoint region: RevokeBias
[2019-12-09T02:04:33.909+0000][1][safepoint    ] Leaving safepoint region
[2019-12-09T02:04:33.909+0000][1][safepoint    ] Total time for which application threads were stopped: 0.0407618 seconds, Stopping threads took: 0.0406485 seconds
[2019-12-09T02:04:33.924+0000][1][safepoint    ] Application time: 0.0156407 seconds
[2019-12-09T02:04:33.941+0000][1][safepoint    ] Entering safepoint region: RevokeBias
[2019-12-09T02:04:33.941+0000][1][safepoint    ] Leaving safepoint region
[2019-12-09T02:04:33.941+0000][1][safepoint    ] Total time for which application threads were stopped: 0.0163962 seconds, Stopping threads took: 0.0162276 seconds
[2019-12-09T02:04:34.231+0000][1][safepoint    ] Application time: 0.2900761 seconds
[2019-12-09T02:04:34.282+0000][1][safepoint    ] Entering safepoint region: RevokeBias
[2019-12-09T02:04:34.282+0000][1][safepoint    ] Leaving safepoint region
[2019-12-09T02:04:34.282+0000][1][safepoint    ] Total time for which application threads were stopped: 0.0508984 seconds, Stopping threads took: 0.0507419 seconds
[2019-12-09T02:04:34.283+0000][1][safepoint    ] Application time: 0.0010844 seconds
[2019-12-09T02:04:34.283+0000][1][safepoint    ] Entering safepoint region: RevokeBias
[2019-12-09T02:04:34.283+0000][1][safepoint    ] Leaving safepoint region
[2019-12-09T02:04:34.283+0000][1][safepoint    ] Total time for which application threads were stopped: 0.0000777 seconds, Stopping threads took: 0.0000166 seconds
[2019-12-09T02:04:34.320+0000][1][safepoint    ] Application time: 0.0364118 seconds
[2019-12-09T02:04:34.382+0000][1][safepoint    ] Entering safepoint region: RevokeBias
[2019-12-09T02:04:34.382+0000][1][safepoint    ] Leaving safepoint region
[2019-12-09T02:04:34.382+0000][1][safepoint    ] Total time for which application threads were stopped: 0.0623079 seconds, Stopping threads took: 0.0622170 seconds
[2019-12-09T02:04:34.389+0000][1][safepoint    ] Application time: 0.0067741 seconds
[2019-12-09T02:04:34.389+0000][1][safepoint    ] Entering safepoint region: RevokeBias
[2019-12-09T02:04:34.389+0000][1][safepoint    ] Leaving safepoint region
[2019-12-09T02:04:34.389+0000][1][safepoint    ] Total time for which application threads were stopped: 0.0001064 seconds, Stopping threads took: 0.0000328 seconds
[2019-12-09T02:04:34.389+0000][1][safepoint    ] Application time: 0.0002031 seconds
[2019-12-09T02:04:34.389+0000][1][safepoint    ] Entering safepoint region: RevokeBias
[2019-12-09T02:04:34.389+0000][1][safepoint    ] Leaving safepoint region
[2019-12-09T02:04:34.389+0000][1][safepoint    ] Total time for which application threads were stopped: 0.0000575 seconds, Stopping threads took: 0.0000111 seconds
[2019-12-09T02:04:34.413+0000][1][safepoint    ] Application time: 0.0236608 seconds
[2019-12-09T02:04:34.413+0000][1][safepoint    ] Entering safepoint region: RevokeBias
[2019-12-09T02:04:34.413+0000][1][safepoint    ] Leaving safepoint region
[2019-12-09T02:04:34.413+0000][1][safepoint    ] Total time for which application threads were stopped: 0.0000750 seconds, Stopping threads took: 0.0000151 seconds
[2019-12-09T02:04:34.415+0000][1][safepoint    ] Application time: 0.0021769 seconds
[2019-12-09T02:04:34.415+0000][1][safepoint    ] Entering safepoint region: RevokeBias
[2019-12-09T02:04:34.415+0000][1][safepoint    ] Leaving safepoint region
[2019-12-09T02:04:34.415+0000][1][safepoint    ] Total time for which application threads were stopped: 0.0000641 seconds, Stopping threads took: 0.0000136 seconds
[2019-12-09T02:04:34.458+0000][1][safepoint    ] Application time: 0.0432691 seconds
[2019-12-09T02:04:34.458+0000][1][safepoint    ] Entering safepoint region: RevokeBias
[2019-12-09T02:04:34.458+0000][1][safepoint    ] Leaving safepoint region
[2019-12-09T02:04:34.458+0000][1][safepoint    ] Total time for which application threads were stopped: 0.0000748 seconds, Stopping threads took: 0.0000156 seconds
[2019-12-09T02:04:34.584+0000][1][safepoint    ] Application time: 0.1255447 seconds
[2019-12-09T02:04:34.634+0000][1][safepoint    ] Entering safepoint region: RevokeBias
[2019-12-09T02:04:34.634+0000][1][safepoint    ] Leaving safepoint region
[2019-12-09T02:04:34.634+0000][1][safepoint    ] Total time for which application threads were stopped: 0.0498426 seconds, Stopping threads took: 0.0497136 seconds
[2019-12-09T02:04:34.634+0000][1][safepoint    ] Application time: 0.0005404 seconds
[2019-12-09T02:04:34.634+0000][1][safepoint    ] Entering safepoint region: RevokeBias
[2019-12-09T02:04:34.635+0000][1][safepoint    ] Leaving safepoint region
[2019-12-09T02:04:34.635+0000][1][safepoint    ] Total time for which application threads were stopped: 0.0001095 seconds, Stopping threads took: 0.0000134 seconds
[2019-12-09T02:04:34.635+0000][1][safepoint    ] Application time: 0.0003079 seconds
[2019-12-09T02:04:34.635+0000][1][safepoint    ] Entering safepoint region: RevokeBias
[2019-12-09T02:04:34.635+0000][1][safepoint    ] Leaving safepoint region
[2019-12-09T02:04:34.635+0000][1][safepoint    ] Total time for which application threads were stopped: 0.0001056 seconds, Stopping threads took: 0.0000125 seconds
[2019-12-09T02:04:34.635+0000][1][safepoint    ] Application time: 0.0003539 seconds
[2019-12-09T02:04:34.635+0000][1][safepoint    ] Entering safepoint region: RevokeBias
[2019-12-09T02:04:34.635+0000][1][safepoint    ] Leaving safepoint region
[2019-12-09T02:04:34.635+0000][1][safepoint    ] Total time for which application threads were stopped: 0.0001020 seconds, Stopping threads took: 0.0000103 seconds
[2019-12-09T02:04:34.636+0000][1][safepoint    ] Application time: 0.0006104 seconds
[2019-12-09T02:04:34.636+0000][1][safepoint    ] Entering safepoint region: RevokeBias
[2019-12-09T02:04:34.636+0000][1][safepoint    ] Leaving safepoint region
[2019-12-09T02:04:34.636+0000][1][safepoint    ] Total time for which application threads were stopped: 0.0000948 seconds, Stopping threads took: 0.0000128 seconds
[2019-12-09T02:04:34.637+0000][1][safepoint    ] Application time: 0.0004075 seconds
[2019-12-09T02:04:34.637+0000][1][safepoint    ] Entering safepoint region: RevokeBias
[2019-12-09T02:04:34.637+0000][1][safepoint    ] Leaving safepoint region
[2019-12-09T02:04:34.637+0000][1][safepoint    ] Total time for which application threads were stopped: 0.0001098 seconds, Stopping threads took: 0.0000114 seconds
[2019-12-09T02:04:34.638+0000][1][safepoint    ] Application time: 0.0009192 seconds
[2019-12-09T02:04:34.638+0000][1][safepoint    ] Entering safepoint region: RevokeBias
[2019-12-09T02:04:34.638+0000][1][safepoint    ] Leaving safepoint region
[2019-12-09T02:04:34.638+0000][1][safepoint    ] Total time for which application threads were stopped: 0.0000598 seconds, Stopping threads took: 0.0000104 seconds
[2019-12-09T02:04:34.638+0000][1][safepoint    ] Application time: 0.0001735 seconds
[2019-12-09T02:04:34.638+0000][1][safepoint    ] Entering safepoint region: BulkRevokeBias
[2019-12-09T02:04:34.638+0000][1][safepoint    ] Leaving safepoint region
[2019-12-09T02:04:34.638+0000][1][safepoint    ] Total time for which application threads were stopped: 0.0002653 seconds, Stopping threads took: 0.0000094 seconds
[2019-12-09T02:04:34.638+0000][1][safepoint    ] Application time: 0.0002474 seconds
[2019-12-09T02:04:34.639+0000][1][safepoint    ] Entering safepoint region: RevokeBias
[2019-12-09T02:04:34.639+0000][1][safepoint    ] Leaving safepoint region
[2019-12-09T02:04:34.639+0000][1][safepoint    ] Total time for which application threads were stopped: 0.0000675 seconds, Stopping threads took: 0.0000105 seconds
[2019-12-09T02:04:34.641+0000][1][safepoint    ] Application time: 0.0022826 seconds
[2019-12-09T02:04:34.641+0000][1][safepoint    ] Entering safepoint region: RevokeBias
[2019-12-09T02:04:34.641+0000][1][safepoint    ] Leaving safepoint region
[2019-12-09T02:04:34.641+0000][1][safepoint    ] Total time for which application threads were stopped: 0.0000586 seconds, Stopping threads took: 0.0000109 seconds
[2019-12-09T02:04:34.641+0000][1][safepoint    ] Application time: 0.0004519 seconds
[2019-12-09T02:04:34.641+0000][1][safepoint    ] Entering safepoint region: RevokeBias
[2019-12-09T02:04:34.641+0000][1][safepoint    ] Leaving safepoint region
[2019-12-09T02:04:34.641+0000][1][safepoint    ] Total time for which application threads were stopped: 0.0000561 seconds, Stopping threads took: 0.0000119 seconds
[2019-12-09T02:04:34.642+0000][1][safepoint    ] Application time: 0.0009936 seconds
[2019-12-09T02:04:34.642+0000][1][safepoint    ] Entering safepoint region: RevokeBias
[2019-12-09T02:04:34.643+0000][1][safepoint    ] Leaving safepoint region
[2019-12-09T02:04:34.643+0000][1][safepoint    ] Total time for which application threads were stopped: 0.0000652 seconds, Stopping threads took: 0.0000121 seconds
[2019-12-09T02:04:34.643+0000][1][safepoint    ] Application time: 0.0007910 seconds
[2019-12-09T02:04:34.643+0000][1][safepoint    ] Entering safepoint region: RevokeBias
[2019-12-09T02:04:34.643+0000][1][safepoint    ] Leaving safepoint region
[2019-12-09T02:04:34.643+0000][1][safepoint    ] Total time for which application threads were stopped: 0.0000653 seconds, Stopping threads took: 0.0000210 seconds
[2019-12-09T02:04:34.644+0000][1][safepoint    ] Application time: 0.0002491 seconds
[2019-12-09T02:04:34.644+0000][1][safepoint    ] Entering safepoint region: RevokeBias
[2019-12-09T02:04:34.644+0000][1][safepoint    ] Leaving safepoint region
[2019-12-09T02:04:34.644+0000][1][safepoint    ] Total time for which application threads were stopped: 0.0000603 seconds, Stopping threads took: 0.0000105 seconds
[2019-12-09T02:04:34.644+0000][1][safepoint    ] Application time: 0.0003412 seconds
[2019-12-09T02:04:34.644+0000][1][safepoint    ] Entering safepoint region: RevokeBias
[2019-12-09T02:04:34.644+0000][1][safepoint    ] Leaving safepoint region
[2019-12-09T02:04:34.644+0000][1][safepoint    ] Total time for which application threads were stopped: 0.0000535 seconds, Stopping threads took: 0.0000104 seconds
[2019-12-09T02:04:34.644+0000][1][safepoint    ] Application time: 0.0002800 seconds
[2019-12-09T02:04:34.644+0000][1][safepoint    ] Entering safepoint region: RevokeBias
[2019-12-09T02:04:34.645+0000][1][safepoint    ] Leaving safepoint region
[2019-12-09T02:04:34.645+0000][1][safepoint    ] Total time for which application threads were stopped: 0.0000541 seconds, Stopping threads took: 0.0000102 seconds
[2019-12-09T02:04:34.646+0000][1][safepoint    ] Application time: 0.0010305 seconds
[2019-12-09T02:04:34.646+0000][1][safepoint    ] Entering safepoint region: RevokeBias
[2019-12-09T02:04:34.646+0000][1][safepoint    ] Leaving safepoint region
[2019-12-09T02:04:34.646+0000][1][safepoint    ] Total time for which application threads were stopped: 0.0000565 seconds, Stopping threads took: 0.0000118 seconds
[2019-12-09T02:04:34.646+0000][1][safepoint    ] Application time: 0.0002202 seconds
[2019-12-09T02:04:34.646+0000][1][safepoint    ] Entering safepoint region: RevokeBias
[2019-12-09T02:04:34.646+0000][1][safepoint    ] Leaving safepoint region
[2019-12-09T02:04:34.646+0000][1][safepoint    ] Total time for which application threads were stopped: 0.0000521 seconds, Stopping threads took: 0.0000108 seconds
[2019-12-09T02:04:34.647+0000][1][safepoint    ] Application time: 0.0009235 seconds
[2019-12-09T02:04:34.647+0000][1][safepoint    ] Entering safepoint region: RevokeBias
[2019-12-09T02:04:34.647+0000][1][safepoint    ] Leaving safepoint region
[2019-12-09T02:04:34.647+0000][1][safepoint    ] Total time for which application threads were stopped: 0.0000511 seconds, Stopping threads took: 0.0000107 seconds
[2019-12-09T02:04:34.748+0000][1][safepoint    ] Application time: 0.1010094 seconds
[2019-12-09T02:04:34.748+0000][1][safepoint    ] Entering safepoint region: BulkRevokeBias
[2019-12-09T02:04:34.748+0000][1][safepoint    ] Leaving safepoint region
[2019-12-09T02:04:34.748+0000][1][safepoint    ] Total time for which application threads were stopped: 0.0002622 seconds, Stopping threads took: 0.0000176 seconds
[2019-12-09T02:04:34.749+0000][1][safepoint    ] Application time: 0.0003654 seconds
[2019-12-09T02:04:34.749+0000][1][safepoint    ] Entering safepoint region: RevokeBias
[2019-12-09T02:04:34.749+0000][1][safepoint    ] Leaving safepoint region
[2019-12-09T02:04:34.749+0000][1][safepoint    ] Total time for which application threads were stopped: 0.0000904 seconds, Stopping threads took: 0.0000357 seconds
[2019-12-09T02:04:34.876+0000][1][safepoint    ] Application time: 0.1273013 seconds
[2019-12-09T02:04:34.876+0000][1][safepoint    ] Entering safepoint region: RevokeBias
[2019-12-09T02:04:34.876+0000][1][safepoint    ] Leaving safepoint region
[2019-12-09T02:04:34.876+0000][1][safepoint    ] Total time for which application threads were stopped: 0.0000891 seconds, Stopping threads took: 0.0000201 seconds
[2019-12-09T02:04:34.877+0000][1][safepoint    ] Application time: 0.0003422 seconds
[2019-12-09T02:04:34.877+0000][1][safepoint    ] Entering safepoint region: RevokeBias
[2019-12-09T02:04:34.877+0000][1][safepoint    ] Leaving safepoint region
[2019-12-09T02:04:34.877+0000][1][safepoint    ] Total time for which application threads were stopped: 0.0000591 seconds, Stopping threads took: 0.0000125 seconds
[2019-12-09T02:04:34.959+0000][1][safepoint    ] Application time: 0.0822452 seconds
[2019-12-09T02:04:34.959+0000][1][safepoint    ] Entering safepoint region: RevokeBias
[2019-12-09T02:04:34.959+0000][1][safepoint    ] Leaving safepoint region
[2019-12-09T02:04:34.959+0000][1][safepoint    ] Total time for which application threads were stopped: 0.0001845 seconds, Stopping threads took: 0.0001139 seconds
[2019-12-09T02:04:34.968+0000][1][safepoint    ] Application time: 0.0088205 seconds
[2019-12-09T02:04:34.968+0000][1][safepoint    ] Entering safepoint region: RevokeBias
[2019-12-09T02:04:34.968+0000][1][safepoint    ] Leaving safepoint region
[2019-12-09T02:04:34.968+0000][1][safepoint    ] Total time for which application threads were stopped: 0.0000846 seconds, Stopping threads took: 0.0000137 seconds
[2019-12-09T02:04:34.968+0000][1][safepoint    ] Application time: 0.0002789 seconds
[2019-12-09T02:04:34.968+0000][1][safepoint    ] Entering safepoint region: RevokeBias
[2019-12-09T02:04:34.968+0000][1][safepoint    ] Leaving safepoint region
[2019-12-09T02:04:34.968+0000][1][safepoint    ] Total time for which application threads were stopped: 0.0000603 seconds, Stopping threads took: 0.0000108 seconds
[2019-12-09T02:04:34.969+0000][1][safepoint    ] Application time: 0.0001863 seconds
[2019-12-09T02:04:34.969+0000][1][safepoint    ] Entering safepoint region: RevokeBias
[2019-12-09T02:04:34.969+0000][1][safepoint    ] Leaving safepoint region
[2019-12-09T02:04:34.969+0000][1][safepoint    ] Total time for which application threads were stopped: 0.0000485 seconds, Stopping threads took: 0.0000092 seconds
[2019-12-09T02:04:34.969+0000][1][safepoint    ] Application time: 0.0006545 seconds
[2019-12-09T02:04:34.969+0000][1][safepoint    ] Entering safepoint region: RevokeBias
[2019-12-09T02:04:34.969+0000][1][safepoint    ] Leaving safepoint region
[2019-12-09T02:04:34.969+0000][1][safepoint    ] Total time for which application threads were stopped: 0.0000514 seconds, Stopping threads took: 0.0000107 seconds
[2019-12-09T02:04:34.970+0000][1][safepoint    ] Application time: 0.0005749 seconds
[2019-12-09T02:04:34.970+0000][1][safepoint    ] Entering safepoint region: RevokeBias
[2019-12-09T02:04:34.970+0000][1][safepoint    ] Leaving safepoint region
[2019-12-09T02:04:34.970+0000][1][safepoint    ] Total time for which application threads were stopped: 0.0000681 seconds, Stopping threads took: 0.0000126 seconds
[2019-12-09T02:04:34.971+0000][1][safepoint    ] Application time: 0.0006936 seconds
[2019-12-09T02:04:34.971+0000][1][safepoint    ] Entering safepoint region: RevokeBias
[2019-12-09T02:04:34.971+0000][1][safepoint    ] Leaving safepoint region
[2019-12-09T02:04:34.971+0000][1][safepoint    ] Total time for which application threads were stopped: 0.0000626 seconds, Stopping threads took: 0.0000118 seconds
[2019-12-09T02:04:35.021+0000][1][safepoint    ] Application time: 0.0504629 seconds
[2019-12-09T02:04:35.021+0000][1][safepoint    ] Entering safepoint region: RevokeBias
[2019-12-09T02:04:35.021+0000][1][safepoint    ] Leaving safepoint region
[2019-12-09T02:04:35.021+0000][1][safepoint    ] Total time for which application threads were stopped: 0.0001473 seconds, Stopping threads took: 0.0000641 seconds
[2019-12-09T02:04:35.037+0000][1][safepoint    ] Application time: 0.0154529 seconds
[2019-12-09T02:04:35.037+0000][1][safepoint    ] Entering safepoint region: RevokeBias
[2019-12-09T02:04:35.037+0000][1][safepoint    ] Leaving safepoint region
[2019-12-09T02:04:35.037+0000][1][safepoint    ] Total time for which application threads were stopped: 0.0001384 seconds, Stopping threads took: 0.0000730 seconds
[2019-12-09T02:04:35.062+0000][1][safepoint    ] Application time: 0.0251695 seconds
[2019-12-09T02:04:35.062+0000][1][safepoint    ] Entering safepoint region: RevokeBias
[2019-12-09T02:04:35.062+0000][1][safepoint    ] Leaving safepoint region
[2019-12-09T02:04:35.062+0000][1][safepoint    ] Total time for which application threads were stopped: 0.0000775 seconds, Stopping threads took: 0.0000163 seconds
[2019-12-09T02:04:35.072+0000][1][safepoint    ] Application time: 0.0100767 seconds
[2019-12-09T02:04:35.072+0000][1][safepoint    ] Entering safepoint region: RevokeBias
[2019-12-09T02:04:35.073+0000][1][safepoint    ] Leaving safepoint region
[2019-12-09T02:04:35.073+0000][1][safepoint    ] Total time for which application threads were stopped: 0.0000757 seconds, Stopping threads took: 0.0000147 seconds
[2019-12-09T02:04:35.081+0000][1][safepoint    ] Application time: 0.0089357 seconds
[2019-12-09T02:04:35.082+0000][1][safepoint    ] Entering safepoint region: RevokeBias
[2019-12-09T02:04:35.082+0000][1][safepoint    ] Leaving safepoint region
[2019-12-09T02:04:35.082+0000][1][safepoint    ] Total time for which application threads were stopped: 0.0003603 seconds, Stopping threads took: 0.0003046 seconds
[2019-12-09T02:04:35.087+0000][1][safepoint    ] Application time: 0.0049569 seconds
[2019-12-09T02:04:35.087+0000][1][safepoint    ] Entering safepoint region: RevokeBias
[2019-12-09T02:04:35.087+0000][1][safepoint    ] Leaving safepoint region
[2019-12-09T02:04:35.087+0000][1][safepoint    ] Total time for which application threads were stopped: 0.0000698 seconds, Stopping threads took: 0.0000131 seconds
[2019-12-09T02:04:35.087+0000][1][safepoint    ] Application time: 0.0004922 seconds
[2019-12-09T02:04:35.087+0000][1][safepoint    ] Entering safepoint region: RevokeBias
[2019-12-09T02:04:35.087+0000][1][safepoint    ] Leaving safepoint region
[2019-12-09T02:04:35.088+0000][1][safepoint    ] Total time for which application threads were stopped: 0.0000568 seconds, Stopping threads took: 0.0000104 seconds
[2019-12-09T02:04:35.111+0000][1][safepoint    ] Application time: 0.0231985 seconds
[2019-12-09T02:04:35.111+0000][1][safepoint    ] Entering safepoint region: RevokeBias
[2019-12-09T02:04:35.111+0000][1][safepoint    ] Leaving safepoint region
[2019-12-09T02:04:35.111+0000][1][safepoint    ] Total time for which application threads were stopped: 0.0000720 seconds, Stopping threads took: 0.0000136 seconds
[2019-12-09T02:04:35.111+0000][1][safepoint    ] Application time: 0.0005529 seconds
[2019-12-09T02:04:35.111+0000][1][safepoint    ] Entering safepoint region: RevokeBias
[2019-12-09T02:04:35.111+0000][1][safepoint    ] Leaving safepoint region
[2019-12-09T02:04:35.111+0000][1][safepoint    ] Total time for which application threads were stopped: 0.0000701 seconds, Stopping threads took: 0.0000133 seconds
[2019-12-09T02:04:35.112+0000][1][safepoint    ] Application time: 0.0002661 seconds
[2019-12-09T02:04:35.112+0000][1][safepoint    ] Entering safepoint region: RevokeBias
[2019-12-09T02:04:35.112+0000][1][safepoint    ] Leaving safepoint region
[2019-12-09T02:04:35.112+0000][1][safepoint    ] Total time for which application threads were stopped: 0.0000594 seconds, Stopping threads took: 0.0000108 seconds
[2019-12-09T02:04:35.112+0000][1][safepoint    ] Application time: 0.0004834 seconds
[2019-12-09T02:04:35.112+0000][1][safepoint    ] Entering safepoint region: RevokeBias
[2019-12-09T02:04:35.113+0000][1][safepoint    ] Leaving safepoint region
[2019-12-09T02:04:35.113+0000][1][safepoint    ] Total time for which application threads were stopped: 0.0002576 seconds, Stopping threads took: 0.0000102 seconds
[2019-12-09T02:04:35.206+0000][1][safepoint    ] Application time: 0.0931135 seconds
[2019-12-09T02:04:35.206+0000][1][safepoint    ] Entering safepoint region: RevokeBias
[2019-12-09T02:04:35.206+0000][1][safepoint    ] Leaving safepoint region
[2019-12-09T02:04:35.206+0000][1][safepoint    ] Total time for which application threads were stopped: 0.0000847 seconds, Stopping threads took: 0.0000195 seconds
[2019-12-09T02:04:35.229+0000][1][safepoint    ] Application time: 0.0230867 seconds
[2019-12-09T02:04:35.229+0000][1][safepoint    ] Entering safepoint region: RevokeBias
[2019-12-09T02:04:35.229+0000][1][safepoint    ] Leaving safepoint region
[2019-12-09T02:04:35.229+0000][1][safepoint    ] Total time for which application threads were stopped: 0.0000875 seconds, Stopping threads took: 0.0000195 seconds
[2019-12-09T02:04:35.689+0000][1][safepoint    ] Application time: 0.4595240 seconds
[2019-12-09T02:04:35.689+0000][1][safepoint    ] Entering safepoint region: RevokeBias
[2019-12-09T02:04:35.689+0000][1][safepoint    ] Leaving safepoint region
[2019-12-09T02:04:35.689+0000][1][safepoint    ] Total time for which application threads were stopped: 0.0001179 seconds, Stopping threads took: 0.0000173 seconds
[2019-12-09T02:04:35.689+0000][1][safepoint    ] Application time: 0.0000662 seconds
[2019-12-09T02:04:35.689+0000][1][safepoint    ] Entering safepoint region: RevokeBias
[2019-12-09T02:04:35.689+0000][1][safepoint    ] Leaving safepoint region
[2019-12-09T02:04:35.689+0000][1][safepoint    ] Total time for which application threads were stopped: 0.0000567 seconds, Stopping threads took: 0.0000097 seconds
[2019-12-09T02:04:35.747+0000][1][safepoint    ] Application time: 0.0580421 seconds
[2019-12-09T02:04:35.747+0000][1][safepoint    ] Entering safepoint region: RevokeBias
[2019-12-09T02:04:35.747+0000][1][safepoint    ] Leaving safepoint region
[2019-12-09T02:04:35.747+0000][1][safepoint    ] Total time for which application threads were stopped: 0.0001000 seconds, Stopping threads took: 0.0000172 seconds
[2019-12-09T02:04:35.750+0000][1][safepoint    ] Application time: 0.0026926 seconds
[2019-12-09T02:04:35.750+0000][1][safepoint    ] Entering safepoint region: RevokeBias
[2019-12-09T02:04:35.750+0000][1][safepoint    ] Leaving safepoint region
[2019-12-09T02:04:35.750+0000][1][safepoint    ] Total time for which application threads were stopped: 0.0000634 seconds, Stopping threads took: 0.0000103 seconds
[2019-12-09T02:04:35.779+0000][1][safepoint    ] Application time: 0.0293129 seconds
[2019-12-09T02:04:35.779+0000][1][safepoint    ] Entering safepoint region: RevokeBias
[2019-12-09T02:04:35.779+0000][1][safepoint    ] Leaving safepoint region
[2019-12-09T02:04:35.779+0000][1][safepoint    ] Total time for which application threads were stopped: 0.0000640 seconds, Stopping threads took: 0.0000146 seconds
[2019-12-09T02:04:35.873+0000][1][safepoint    ] Application time: 0.0942387 seconds
[2019-12-09T02:04:35.873+0000][1][safepoint    ] Entering safepoint region: RevokeBias
[2019-12-09T02:04:35.874+0000][1][safepoint    ] Leaving safepoint region
[2019-12-09T02:04:35.874+0000][1][safepoint    ] Total time for which application threads were stopped: 0.0000880 seconds, Stopping threads took: 0.0000179 seconds
[2019-12-09T02:04:35.941+0000][1][safepoint    ] Application time: 0.0673218 seconds
[2019-12-09T02:04:35.941+0000][1][safepoint    ] Entering safepoint region: RevokeBias
[2019-12-09T02:04:35.941+0000][1][safepoint    ] Leaving safepoint region
[2019-12-09T02:04:35.941+0000][1][safepoint    ] Total time for which application threads were stopped: 0.0001814 seconds, Stopping threads took: 0.0001032 seconds
[2019-12-09T02:04:35.955+0000][1][safepoint    ] Application time: 0.0135628 seconds
[2019-12-09T02:04:35.955+0000][1][safepoint    ] Entering safepoint region: RevokeBias
[2019-12-09T02:04:35.955+0000][1][safepoint    ] Leaving safepoint region
[2019-12-09T02:04:35.955+0000][1][safepoint    ] Total time for which application threads were stopped: 0.0000793 seconds, Stopping threads took: 0.0000156 seconds
[2019-12-09T02:04:35.955+0000][1][safepoint    ] Application time: 0.0004697 seconds
[2019-12-09T02:04:35.955+0000][1][safepoint    ] Entering safepoint region: RevokeBias
[2019-12-09T02:04:35.955+0000][1][safepoint    ] Leaving safepoint region
[2019-12-09T02:04:35.955+0000][1][safepoint    ] Total time for which application threads were stopped: 0.0000720 seconds, Stopping threads took: 0.0000129 seconds
[2019-12-09T02:04:35.956+0000][1][safepoint    ] Application time: 0.0010876 seconds
[2019-12-09T02:04:35.956+0000][1][safepoint    ] Entering safepoint region: RevokeBias
[2019-12-09T02:04:35.957+0000][1][safepoint    ] Leaving safepoint region
[2019-12-09T02:04:35.957+0000][1][safepoint    ] Total time for which application threads were stopped: 0.0000569 seconds, Stopping threads took: 0.0000114 seconds
[2019-12-09T02:04:35.957+0000][1][safepoint    ] Application time: 0.0003819 seconds
[2019-12-09T02:04:35.957+0000][1][safepoint    ] Entering safepoint region: BulkRevokeBias
[2019-12-09T02:04:35.957+0000][1][safepoint    ] Leaving safepoint region
[2019-12-09T02:04:35.957+0000][1][safepoint    ] Total time for which application threads were stopped: 0.0002658 seconds, Stopping threads took: 0.0000127 seconds
[2019-12-09T02:04:35.963+0000][1][safepoint    ] Application time: 0.0058893 seconds
[2019-12-09T02:04:36.015+0000][1][safepoint    ] Entering safepoint region: RevokeBias
[2019-12-09T02:04:36.015+0000][1][safepoint    ] Leaving safepoint region
[2019-12-09T02:04:36.015+0000][1][safepoint    ] Total time for which application threads were stopped: 0.0518015 seconds, Stopping threads took: 0.0517097 seconds
[2019-12-09T02:04:36.016+0000][1][safepoint    ] Application time: 0.0005821 seconds
[2019-12-09T02:04:36.016+0000][1][safepoint    ] Entering safepoint region: RevokeBias
[2019-12-09T02:04:36.016+0000][1][safepoint    ] Leaving safepoint region
[2019-12-09T02:04:36.016+0000][1][safepoint    ] Total time for which application threads were stopped: 0.0001638 seconds, Stopping threads took: 0.0000144 seconds
[2019-12-09T02:04:36.034+0000][1][safepoint    ] Application time: 0.0178641 seconds
[2019-12-09T02:04:36.034+0000][1][safepoint    ] Entering safepoint region: RevokeBias
[2019-12-09T02:04:36.034+0000][1][safepoint    ] Leaving safepoint region
[2019-12-09T02:04:36.034+0000][1][safepoint    ] Total time for which application threads were stopped: 0.0001895 seconds, Stopping threads took: 0.0001100 seconds
[2019-12-09T02:04:36.063+0000][1][safepoint    ] Application time: 0.0291322 seconds
[2019-12-09T02:04:36.063+0000][1][safepoint    ] Entering safepoint region: RevokeBias
[2019-12-09T02:04:36.063+0000][1][safepoint    ] Leaving safepoint region
[2019-12-09T02:04:36.063+0000][1][safepoint    ] Total time for which application threads were stopped: 0.0000767 seconds, Stopping threads took: 0.0000157 seconds
[2019-12-09T02:04:36.070+0000][1][safepoint    ] Application time: 0.0073208 seconds
[2019-12-09T02:04:36.070+0000][1][safepoint    ] Entering safepoint region: RevokeBias
[2019-12-09T02:04:36.070+0000][1][safepoint    ] Leaving safepoint region
[2019-12-09T02:04:36.070+0000][1][safepoint    ] Total time for which application threads were stopped: 0.0000621 seconds, Stopping threads took: 0.0000149 seconds
[2019-12-09T02:04:36.170+0000][1][safepoint    ] Application time: 0.0994201 seconds
[2019-12-09T02:04:36.170+0000][1][safepoint    ] Entering safepoint region: RevokeBias
[2019-12-09T02:04:36.170+0000][1][safepoint    ] Leaving safepoint region
[2019-12-09T02:04:36.170+0000][1][safepoint    ] Total time for which application threads were stopped: 0.0000922 seconds, Stopping threads took: 0.0000180 seconds
[2019-12-09T02:04:36.477+0000][1][safepoint    ] Application time: 0.3068930 seconds
[2019-12-09T02:04:36.489+0000][1][safepoint    ] Entering safepoint region: RevokeBias
[2019-12-09T02:04:36.489+0000][1][safepoint    ] Leaving safepoint region
[2019-12-09T02:04:36.489+0000][1][safepoint    ] Total time for which application threads were stopped: 0.0122390 seconds, Stopping threads took: 0.0121299 seconds
[2019-12-09T02:04:36.504+0000][1][safepoint    ] Application time: 0.0145383 seconds
[2019-12-09T02:04:36.504+0000][1][safepoint    ] Entering safepoint region: BulkRevokeBias
[2019-12-09T02:04:36.504+0000][1][safepoint    ] Leaving safepoint region
[2019-12-09T02:04:36.504+0000][1][safepoint    ] Total time for which application threads were stopped: 0.0003649 seconds, Stopping threads took: 0.0000276 seconds
[2019-12-09T02:04:36.526+0000][1][safepoint    ] Application time: 0.0215790 seconds
[2019-12-09T02:04:36.526+0000][1][safepoint    ] Entering safepoint region: RevokeBias
[2019-12-09T02:04:36.526+0000][1][safepoint    ] Leaving safepoint region
[2019-12-09T02:04:36.526+0000][1][safepoint    ] Total time for which application threads were stopped: 0.0001364 seconds, Stopping threads took: 0.0000175 seconds
[2019-12-09T02:04:36.528+0000][1][safepoint    ] Application time: 0.0020482 seconds
[2019-12-09T02:04:36.578+0000][1][safepoint    ] Entering safepoint region: RevokeBias
[2019-12-09T02:04:36.578+0000][1][safepoint    ] Leaving safepoint region
[2019-12-09T02:04:36.578+0000][1][safepoint    ] Total time for which application threads were stopped: 0.0498989 seconds, Stopping threads took: 0.0497917 seconds
[2019-12-09T02:04:36.602+0000][1][safepoint    ] Application time: 0.0244205 seconds
[2019-12-09T02:04:36.602+0000][1][safepoint    ] Entering safepoint region: RevokeBias
[2019-12-09T02:04:36.602+0000][1][safepoint    ] Leaving safepoint region
[2019-12-09T02:04:36.602+0000][1][safepoint    ] Total time for which application threads were stopped: 0.0001256 seconds, Stopping threads took: 0.0000155 seconds
[2019-12-09T02:04:36.604+0000][1][safepoint    ] Application time: 0.0014858 seconds
[2019-12-09T02:04:36.604+0000][1][safepoint    ] Entering safepoint region: RevokeBias
[2019-12-09T02:04:36.604+0000][1][safepoint    ] Leaving safepoint region
[2019-12-09T02:04:36.604+0000][1][safepoint    ] Total time for which application threads were stopped: 0.0001122 seconds, Stopping threads took: 0.0000127 seconds
[2019-12-09T02:04:36.605+0000][1][safepoint    ] Application time: 0.0008216 seconds
[2019-12-09T02:04:36.605+0000][1][safepoint    ] Entering safepoint region: RevokeBias
[2019-12-09T02:04:36.605+0000][1][safepoint    ] Leaving safepoint region
[2019-12-09T02:04:36.605+0000][1][safepoint    ] Total time for which application threads were stopped: 0.0000875 seconds, Stopping threads took: 0.0000114 seconds
[2019-12-09T02:04:36.605+0000][1][safepoint    ] Application time: 0.0002817 seconds
[2019-12-09T02:04:36.605+0000][1][safepoint    ] Entering safepoint region: RevokeBias
[2019-12-09T02:04:36.605+0000][1][safepoint    ] Leaving safepoint region
[2019-12-09T02:04:36.605+0000][1][safepoint    ] Total time for which application threads were stopped: 0.0000856 seconds, Stopping threads took: 0.0000107 seconds
[2019-12-09T02:04:36.606+0000][1][safepoint    ] Application time: 0.0001671 seconds
[2019-12-09T02:04:36.606+0000][1][safepoint    ] Entering safepoint region: RevokeBias
[2019-12-09T02:04:36.606+0000][1][safepoint    ] Leaving safepoint region
[2019-12-09T02:04:36.606+0000][1][safepoint    ] Total time for which application threads were stopped: 0.0000707 seconds, Stopping threads took: 0.0000101 seconds
[2019-12-09T02:04:36.606+0000][1][safepoint    ] Application time: 0.0001837 seconds
[2019-12-09T02:04:36.606+0000][1][safepoint    ] Entering safepoint region: RevokeBias
[2019-12-09T02:04:36.606+0000][1][safepoint    ] Leaving safepoint region
[2019-12-09T02:04:36.606+0000][1][safepoint    ] Total time for which application threads were stopped: 0.0000717 seconds, Stopping threads took: 0.0000102 seconds
[2019-12-09T02:04:36.607+0000][1][safepoint    ] Application time: 0.0010858 seconds
[2019-12-09T02:04:36.652+0000][1][safepoint    ] Entering safepoint region: BulkRevokeBias
[2019-12-09T02:04:36.652+0000][1][safepoint    ] Leaving safepoint region
[2019-12-09T02:04:36.652+0000][1][safepoint    ] Total time for which application threads were stopped: 0.0454587 seconds, Stopping threads took: 0.0448831 seconds
[2019-12-09T02:04:36.683+0000][1][safepoint    ] Application time: 0.0301642 seconds
[2019-12-09T02:04:36.738+0000][1][safepoint    ] Entering safepoint region: RevokeBias
[2019-12-09T02:04:36.738+0000][1][safepoint    ] Leaving safepoint region
[2019-12-09T02:04:36.738+0000][1][safepoint    ] Total time for which application threads were stopped: 0.0553012 seconds, Stopping threads took: 0.0551898 seconds
[2019-12-09T02:04:36.745+0000][1][safepoint    ] Application time: 0.0071718 seconds
[2019-12-09T02:04:36.770+0000][1][safepoint    ] Entering safepoint region: RevokeBias
[2019-12-09T02:04:36.770+0000][1][safepoint    ] Leaving safepoint region
[2019-12-09T02:04:36.770+0000][1][safepoint    ] Total time for which application threads were stopped: 0.0246438 seconds, Stopping threads took: 0.0245421 seconds
[2019-12-09T02:04:36.773+0000][1][safepoint    ] Application time: 0.0029658 seconds
[2019-12-09T02:04:36.798+0000][1][safepoint    ] Entering safepoint region: BulkRevokeBias
[2019-12-09T02:04:36.798+0000][1][safepoint    ] Leaving safepoint region
[2019-12-09T02:04:36.798+0000][1][safepoint    ] Total time for which application threads were stopped: 0.0254900 seconds, Stopping threads took: 0.0248115 seconds
[2019-12-09T02:04:36.893+0000][1][safepoint    ] Application time: 0.0941960 seconds
[2019-12-09T02:04:36.945+0000][1][safepoint    ] Entering safepoint region: RevokeBias
[2019-12-09T02:04:36.945+0000][1][safepoint    ] Leaving safepoint region
[2019-12-09T02:04:36.945+0000][1][safepoint    ] Total time for which application threads were stopped: 0.0522832 seconds, Stopping threads took: 0.0521671 seconds
[2019-12-09T02:04:36.972+0000][1][safepoint    ] Application time: 0.0270460 seconds
[2019-12-09T02:04:36.972+0000][1][safepoint    ] Entering safepoint region: RevokeBias
[2019-12-09T02:04:36.972+0000][1][safepoint    ] Leaving safepoint region
[2019-12-09T02:04:36.972+0000][1][safepoint    ] Total time for which application threads were stopped: 0.0001135 seconds, Stopping threads took: 0.0000184 seconds
[2019-12-09T02:04:36.973+0000][1][safepoint    ] Application time: 0.0007491 seconds
[2019-12-09T02:04:36.973+0000][1][safepoint    ] Entering safepoint region: RevokeBias
[2019-12-09T02:04:36.973+0000][1][safepoint    ] Leaving safepoint region
[2019-12-09T02:04:36.973+0000][1][safepoint    ] Total time for which application threads were stopped: 0.0000901 seconds, Stopping threads took: 0.0000149 seconds
[2019-12-09T02:04:37.019+0000][1][safepoint    ] Application time: 0.0457831 seconds
[2019-12-09T02:04:37.019+0000][1][safepoint    ] Entering safepoint region: RevokeBias
[2019-12-09T02:04:37.019+0000][1][safepoint    ] Leaving safepoint region
[2019-12-09T02:04:37.019+0000][1][safepoint    ] Total time for which application threads were stopped: 0.0001067 seconds, Stopping threads took: 0.0000202 seconds
[2019-12-09T02:04:37.102+0000][1][safepoint    ] Application time: 0.0834311 seconds
[2019-12-09T02:04:37.102+0000][1][safepoint    ] Entering safepoint region: RevokeBias
[2019-12-09T02:04:37.102+0000][1][safepoint    ] Leaving safepoint region
[2019-12-09T02:04:37.102+0000][1][safepoint    ] Total time for which application threads were stopped: 0.0001142 seconds, Stopping threads took: 0.0000192 seconds
[2019-12-09T02:04:37.102+0000][1][safepoint    ] Application time: 0.0000520 seconds
[2019-12-09T02:04:37.103+0000][1][safepoint    ] Entering safepoint region: RevokeBias
[2019-12-09T02:04:37.103+0000][1][safepoint    ] Leaving safepoint region
[2019-12-09T02:04:37.103+0000][1][safepoint    ] Total time for which application threads were stopped: 0.0000625 seconds, Stopping threads took: 0.0000104 seconds
[2019-12-09T02:04:37.103+0000][1][safepoint    ] Application time: 0.0000431 seconds
[2019-12-09T02:04:37.103+0000][1][safepoint    ] Entering safepoint region: RevokeBias
[2019-12-09T02:04:37.103+0000][1][safepoint    ] Leaving safepoint region
[2019-12-09T02:04:37.103+0000][1][safepoint    ] Total time for which application threads were stopped: 0.0000742 seconds, Stopping threads took: 0.0000099 seconds
[2019-12-09T02:04:37.104+0000][1][safepoint    ] Application time: 0.0010118 seconds
[2019-12-09T02:04:37.104+0000][1][safepoint    ] Entering safepoint region: RevokeBias
[2019-12-09T02:04:37.104+0000][1][safepoint    ] Leaving safepoint region
[2019-12-09T02:04:37.104+0000][1][safepoint    ] Total time for which application threads were stopped: 0.0000891 seconds, Stopping threads took: 0.0000177 seconds
[2019-12-09T02:04:37.104+0000][1][safepoint    ] Application time: 0.0001495 seconds
[2019-12-09T02:04:37.104+0000][1][safepoint    ] Entering safepoint region: RevokeBias
[2019-12-09T02:04:37.104+0000][1][safepoint    ] Leaving safepoint region
[2019-12-09T02:04:37.104+0000][1][safepoint    ] Total time for which application threads were stopped: 0.0000637 seconds, Stopping threads took: 0.0000110 seconds
[2019-12-09T02:04:37.104+0000][1][safepoint    ] Application time: 0.0000438 seconds
[2019-12-09T02:04:37.104+0000][1][safepoint    ] Entering safepoint region: RevokeBias
[2019-12-09T02:04:37.104+0000][1][safepoint    ] Leaving safepoint region
[2019-12-09T02:04:37.104+0000][1][safepoint    ] Total time for which application threads were stopped: 0.0000521 seconds, Stopping threads took: 0.0000096 seconds
[2019-12-09T02:04:37.749+0000][1][safepoint    ] Application time: 0.6450047 seconds
[2019-12-09T02:04:37.749+0000][1][safepoint    ] Entering safepoint region: RevokeBias
[2019-12-09T02:04:37.749+0000][1][safepoint    ] Leaving safepoint region
[2019-12-09T02:04:37.749+0000][1][safepoint    ] Total time for which application threads were stopped: 0.0001509 seconds, Stopping threads took: 0.0000757 seconds
[2019-12-09T02:04:37.757+0000][1][safepoint    ] Application time: 0.0078124 seconds
[2019-12-09T02:04:37.757+0000][1][safepoint    ] Entering safepoint region: RevokeBias
[2019-12-09T02:04:37.757+0000][1][safepoint    ] Leaving safepoint region
[2019-12-09T02:04:37.757+0000][1][safepoint    ] Total time for which application threads were stopped: 0.0001417 seconds, Stopping threads took: 0.0000625 seconds
[2019-12-09T02:04:37.773+0000][1][safepoint    ] Application time: 0.0155746 seconds
[2019-12-09T02:04:37.773+0000][1][safepoint    ] Entering safepoint region: RevokeBias
[2019-12-09T02:04:37.773+0000][1][safepoint    ] Leaving safepoint region
[2019-12-09T02:04:37.773+0000][1][safepoint    ] Total time for which application threads were stopped: 0.0001162 seconds, Stopping threads took: 0.0000581 seconds
[2019-12-09T02:04:37.773+0000][1][safepoint    ] Application time: 0.0000525 seconds
[2019-12-09T02:04:37.773+0000][1][safepoint    ] Entering safepoint region: RevokeBias
[2019-12-09T02:04:37.773+0000][1][safepoint    ] Leaving safepoint region
[2019-12-09T02:04:37.773+0000][1][safepoint    ] Total time for which application threads were stopped: 0.0000451 seconds, Stopping threads took: 0.0000095 seconds
[2019-12-09T02:04:37.773+0000][1][safepoint    ] Application time: 0.0001764 seconds
[2019-12-09T02:04:37.773+0000][1][safepoint    ] Entering safepoint region: RevokeBias
[2019-12-09T02:04:37.773+0000][1][safepoint    ] Leaving safepoint region
[2019-12-09T02:04:37.773+0000][1][safepoint    ] Total time for which application threads were stopped: 0.0000543 seconds, Stopping threads took: 0.0000113 seconds
[2019-12-09T02:04:37.775+0000][1][safepoint    ] Application time: 0.0014989 seconds
[2019-12-09T02:04:37.775+0000][1][safepoint    ] Entering safepoint region: RevokeBias
[2019-12-09T02:04:37.775+0000][1][safepoint    ] Leaving safepoint region
[2019-12-09T02:04:37.775+0000][1][safepoint    ] Total time for which application threads were stopped: 0.0001025 seconds, Stopping threads took: 0.0000140 seconds
[2019-12-09T02:04:37.775+0000][1][safepoint    ] Application time: 0.0001403 seconds
[2019-12-09T02:04:37.775+0000][1][safepoint    ] Entering safepoint region: RevokeBias
[2019-12-09T02:04:37.775+0000][1][safepoint    ] Leaving safepoint region
[2019-12-09T02:04:37.775+0000][1][safepoint    ] Total time for which application threads were stopped: 0.0000529 seconds, Stopping threads took: 0.0000115 seconds
[2019-12-09T02:04:37.776+0000][1][safepoint    ] Application time: 0.0002871 seconds
[2019-12-09T02:04:37.776+0000][1][safepoint    ] Entering safepoint region: RevokeBias
[2019-12-09T02:04:37.776+0000][1][safepoint    ] Leaving safepoint region
[2019-12-09T02:04:37.776+0000][1][safepoint    ] Total time for which application threads were stopped: 0.0000496 seconds, Stopping threads took: 0.0000112 seconds
[2019-12-09T02:04:37.782+0000][1][safepoint    ] Application time: 0.0058033 seconds
[2019-12-09T02:04:37.782+0000][1][safepoint    ] Entering safepoint region: BulkRevokeBias
[2019-12-09T02:04:37.782+0000][1][safepoint    ] Leaving safepoint region
[2019-12-09T02:04:37.782+0000][1][safepoint    ] Total time for which application threads were stopped: 0.0004037 seconds, Stopping threads took: 0.0000127 seconds
[2019-12-09T02:04:37.782+0000][1][safepoint    ] Application time: 0.0000630 seconds
[2019-12-09T02:04:37.782+0000][1][safepoint    ] Entering safepoint region: RevokeBias
[2019-12-09T02:04:37.782+0000][1][safepoint    ] Leaving safepoint region
[2019-12-09T02:04:37.782+0000][1][safepoint    ] Total time for which application threads were stopped: 0.0000635 seconds, Stopping threads took: 0.0000108 seconds
[2019-12-09T02:04:38.192+0000][1][safepoint    ] Application time: 0.4103116 seconds
[2019-12-09T02:04:38.192+0000][1][safepoint    ] Entering safepoint region: Deoptimize
[2019-12-09T02:04:38.193+0000][1][safepoint    ] Leaving safepoint region
[2019-12-09T02:04:38.193+0000][1][safepoint    ] Total time for which application threads were stopped: 0.0007070 seconds, Stopping threads took: 0.0000176 seconds
[2019-12-09T02:04:38.628+0000][1][safepoint    ] Application time: 0.4348298 seconds
[2019-12-09T02:04:38.628+0000][1][safepoint    ] Entering safepoint region: BulkRevokeBias
[2019-12-09T02:04:38.629+0000][1][safepoint    ] Leaving safepoint region
[2019-12-09T02:04:38.629+0000][1][safepoint    ] Total time for which application threads were stopped: 0.0005044 seconds, Stopping threads took: 0.0000187 seconds
[2019-12-09T02:04:38.734+0000][1][safepoint    ] Application time: 0.1055282 seconds
[2019-12-09T02:04:38.734+0000][1][safepoint    ] Entering safepoint region: RevokeBias
[2019-12-09T02:04:38.734+0000][1][safepoint    ] Leaving safepoint region
[2019-12-09T02:04:38.734+0000][1][safepoint    ] Total time for which application threads were stopped: 0.0000946 seconds, Stopping threads took: 0.0000197 seconds
[2019-12-09T02:04:38.734+0000][1][safepoint    ] Application time: 0.0002846 seconds
[2019-12-09T02:04:38.735+0000][1][safepoint    ] Entering safepoint region: RevokeBias
[2019-12-09T02:04:38.735+0000][1][safepoint    ] Leaving safepoint region
[2019-12-09T02:04:38.735+0000][1][safepoint    ] Total time for which application threads were stopped: 0.0000759 seconds, Stopping threads took: 0.0000161 seconds
[2019-12-09T02:04:38.830+0000][1][safepoint    ] Application time: 0.0952227 seconds
[2019-12-09T02:04:38.830+0000][1][safepoint    ] Entering safepoint region: RevokeBias
[2019-12-09T02:04:38.830+0000][1][safepoint    ] Leaving safepoint region
[2019-12-09T02:04:38.830+0000][1][safepoint    ] Total time for which application threads were stopped: 0.0000832 seconds, Stopping threads took: 0.0000188 seconds
[2019-12-09T02:04:38.830+0000][1][safepoint    ] Application time: 0.0000735 seconds
[2019-12-09T02:04:38.830+0000][1][safepoint    ] Entering safepoint region: RevokeBias
[2019-12-09T02:04:38.830+0000][1][safepoint    ] Leaving safepoint region
[2019-12-09T02:04:38.830+0000][1][safepoint    ] Total time for which application threads were stopped: 0.0000400 seconds, Stopping threads took: 0.0000093 seconds
[2019-12-09T02:04:38.865+0000][1][safepoint    ] Application time: 0.0350365 seconds
[2019-12-09T02:04:38.865+0000][1][safepoint    ] Entering safepoint region: RevokeBias
[2019-12-09T02:04:38.865+0000][1][safepoint    ] Leaving safepoint region
[2019-12-09T02:04:38.865+0000][1][safepoint    ] Total time for which application threads were stopped: 0.0000925 seconds, Stopping threads took: 0.0000200 seconds
[2019-12-09T02:04:38.865+0000][1][safepoint    ] Application time: 0.0000636 seconds
[2019-12-09T02:04:38.865+0000][1][safepoint    ] Entering safepoint region: RevokeBias
[2019-12-09T02:04:38.865+0000][1][safepoint    ] Leaving safepoint region
[2019-12-09T02:04:38.865+0000][1][safepoint    ] Total time for which application threads were stopped: 0.0000388 seconds, Stopping threads took: 0.0000090 seconds
[2019-12-09T02:04:38.866+0000][1][safepoint    ] Application time: 0.0003007 seconds
[2019-12-09T02:04:38.866+0000][1][safepoint    ] Entering safepoint region: RevokeBias
[2019-12-09T02:04:38.866+0000][1][safepoint    ] Leaving safepoint region
[2019-12-09T02:04:38.866+0000][1][safepoint    ] Total time for which application threads were stopped: 0.0000744 seconds, Stopping threads took: 0.0000126 seconds
[2019-12-09T02:04:38.866+0000][1][safepoint    ] Application time: 0.0000571 seconds
[2019-12-09T02:04:38.866+0000][1][safepoint    ] Entering safepoint region: RevokeBias
[2019-12-09T02:04:38.866+0000][1][safepoint    ] Leaving safepoint region
[2019-12-09T02:04:38.866+0000][1][safepoint    ] Total time for which application threads were stopped: 0.0000400 seconds, Stopping threads took: 0.0000087 seconds
[2019-12-09T02:04:38.866+0000][1][safepoint    ] Application time: 0.0000506 seconds
[2019-12-09T02:04:38.866+0000][1][safepoint    ] Entering safepoint region: RevokeBias
[2019-12-09T02:04:38.866+0000][1][safepoint    ] Leaving safepoint region
[2019-12-09T02:04:38.866+0000][1][safepoint    ] Total time for which application threads were stopped: 0.0000388 seconds, Stopping threads took: 0.0000084 seconds
[2019-12-09T02:04:38.866+0000][1][safepoint    ] Application time: 0.0000504 seconds
[2019-12-09T02:04:38.866+0000][1][safepoint    ] Entering safepoint region: RevokeBias
[2019-12-09T02:04:38.866+0000][1][safepoint    ] Leaving safepoint region
[2019-12-09T02:04:38.866+0000][1][safepoint    ] Total time for which application threads were stopped: 0.0000390 seconds, Stopping threads took: 0.0000084 seconds
[2019-12-09T02:04:38.866+0000][1][safepoint    ] Application time: 0.0000493 seconds
[2019-12-09T02:04:38.866+0000][1][safepoint    ] Entering safepoint region: RevokeBias
[2019-12-09T02:04:38.866+0000][1][safepoint    ] Leaving safepoint region
[2019-12-09T02:04:38.866+0000][1][safepoint    ] Total time for which application threads were stopped: 0.0000404 seconds, Stopping threads took: 0.0000083 seconds
[2019-12-09T02:04:38.866+0000][1][safepoint    ] Application time: 0.0000573 seconds
[2019-12-09T02:04:38.866+0000][1][safepoint    ] Entering safepoint region: RevokeBias
[2019-12-09T02:04:38.866+0000][1][safepoint    ] Leaving safepoint region
[2019-12-09T02:04:38.866+0000][1][safepoint    ] Total time for which application threads were stopped: 0.0000339 seconds, Stopping threads took: 0.0000072 seconds
[2019-12-09T02:04:39.186+0000][1][safepoint    ] Application time: 0.3202300 seconds
[2019-12-09T02:04:39.187+0000][1][safepoint    ] Entering safepoint region: RevokeBias
[2019-12-09T02:04:39.187+0000][1][safepoint    ] Leaving safepoint region
[2019-12-09T02:04:39.187+0000][1][safepoint    ] Total time for which application threads were stopped: 0.0000911 seconds, Stopping threads took: 0.0000209 seconds
[2019-12-09T02:04:39.255+0000][1][safepoint    ] Application time: 0.0682500 seconds
[2019-12-09T02:04:39.255+0000][1][safepoint    ] Entering safepoint region: RevokeBias
[2019-12-09T02:04:39.255+0000][1][safepoint    ] Leaving safepoint region
[2019-12-09T02:04:39.255+0000][1][safepoint    ] Total time for which application threads were stopped: 0.0000995 seconds, Stopping threads took: 0.0000217 seconds
[2019-12-09T02:04:39.256+0000][1][safepoint    ] Application time: 0.0010312 seconds
[2019-12-09T02:04:39.256+0000][1][safepoint    ] Entering safepoint region: RevokeBias
[2019-12-09T02:04:39.256+0000][1][safepoint    ] Leaving safepoint region
[2019-12-09T02:04:39.256+0000][1][safepoint    ] Total time for which application threads were stopped: 0.0000855 seconds, Stopping threads took: 0.0000216 seconds
[2019-12-09T02:04:40.257+0000][1][safepoint    ] Application time: 1.0005400 seconds
[2019-12-09T02:04:40.257+0000][1][safepoint    ] Entering safepoint region: Cleanup
[2019-12-09T02:04:40.257+0000][1][safepoint    ] Leaving safepoint region
[2019-12-09T02:04:40.257+0000][1][safepoint    ] Total time for which application threads were stopped: 0.0000981 seconds, Stopping threads took: 0.0000249 seconds
[2019-12-09T02:04:41.567+0000][1][safepoint    ] Application time: 1.3099934 seconds
[2019-12-09T02:04:41.567+0000][1][safepoint    ] Entering safepoint region: RevokeBias
[2019-12-09T02:04:41.567+0000][1][safepoint    ] Leaving safepoint region
[2019-12-09T02:04:41.567+0000][1][safepoint    ] Total time for which application threads were stopped: 0.0001800 seconds, Stopping threads took: 0.0001064 seconds
[2019-12-09T02:04:41.578+0000][1][safepoint    ] Application time: 0.0107297 seconds
[2019-12-09T02:04:41.578+0000][1][safepoint    ] Entering safepoint region: RevokeBias
[2019-12-09T02:04:41.578+0000][1][safepoint    ] Leaving safepoint region
[2019-12-09T02:04:41.578+0000][1][safepoint    ] Total time for which application threads were stopped: 0.0001138 seconds, Stopping threads took: 0.0000469 seconds
[2019-12-09T02:04:41.580+0000][1][safepoint    ] Application time: 0.0023298 seconds
[2019-12-09T02:04:41.580+0000][1][safepoint    ] Entering safepoint region: RevokeBias
[2019-12-09T02:04:41.580+0000][1][safepoint    ] Leaving safepoint region
[2019-12-09T02:04:41.580+0000][1][safepoint    ] Total time for which application threads were stopped: 0.0000943 seconds, Stopping threads took: 0.0000432 seconds
[2019-12-09T02:04:42.581+0000][1][safepoint    ] Application time: 1.0002925 seconds
[2019-12-09T02:04:42.602+0000][1][safepoint    ] Entering safepoint region: Cleanup
[2019-12-09T02:04:42.602+0000][1][safepoint    ] Leaving safepoint region
[2019-12-09T02:04:42.602+0000][1][safepoint    ] Total time for which application threads were stopped: 0.0211757 seconds, Stopping threads took: 0.0210864 seconds
[2019-12-09T02:04:43.604+0000][1][safepoint    ] Application time: 1.0017922 seconds
[2019-12-09T02:04:43.604+0000][1][safepoint    ] Entering safepoint region: Cleanup
[2019-12-09T02:04:43.604+0000][1][safepoint    ] Leaving safepoint region
[2019-12-09T02:04:43.604+0000][1][safepoint    ] Total time for which application threads were stopped: 0.0001090 seconds, Stopping threads took: 0.0000239 seconds
[2019-12-09T02:04:44.607+0000][1][safepoint    ] Application time: 1.0028297 seconds
[2019-12-09T02:04:44.607+0000][1][safepoint    ] Entering safepoint region: Cleanup
[2019-12-09T02:04:44.607+0000][1][safepoint    ] Leaving safepoint region
[2019-12-09T02:04:44.607+0000][1][safepoint    ] Total time for which application threads were stopped: 0.0001083 seconds, Stopping threads took: 0.0000246 seconds
[2019-12-09T02:04:45.608+0000][1][safepoint    ] Application time: 1.0008559 seconds
[2019-12-09T02:04:45.608+0000][1][safepoint    ] Entering safepoint region: Cleanup
[2019-12-09T02:04:45.608+0000][1][safepoint    ] Leaving safepoint region
[2019-12-09T02:04:45.608+0000][1][safepoint    ] Total time for which application threads were stopped: 0.0000969 seconds, Stopping threads took: 0.0000247 seconds
[2019-12-09T02:04:46.619+0000][1][safepoint    ] Application time: 1.0108377 seconds
[2019-12-09T02:04:46.619+0000][1][safepoint    ] Entering safepoint region: Cleanup
[2019-12-09T02:04:46.619+0000][1][safepoint    ] Leaving safepoint region
[2019-12-09T02:04:46.619+0000][1][safepoint    ] Total time for which application threads were stopped: 0.0000990 seconds, Stopping threads took: 0.0000233 seconds
[2019-12-09T02:04:47.620+0000][1][safepoint    ] Application time: 1.0009493 seconds
[2019-12-09T02:04:47.620+0000][1][safepoint    ] Entering safepoint region: Cleanup
[2019-12-09T02:04:47.620+0000][1][safepoint    ] Leaving safepoint region
[2019-12-09T02:04:47.620+0000][1][safepoint    ] Total time for which application threads were stopped: 0.0001207 seconds, Stopping threads took: 0.0000245 seconds
[2019-12-09T02:04:48.623+0000][1][safepoint    ] Application time: 1.0027046 seconds
[2019-12-09T02:04:48.623+0000][1][safepoint    ] Entering safepoint region: Cleanup
[2019-12-09T02:04:48.623+0000][1][safepoint    ] Leaving safepoint region
[2019-12-09T02:04:48.623+0000][1][safepoint    ] Total time for which application threads were stopped: 0.0001037 seconds, Stopping threads took: 0.0000236 seconds
[2019-12-09T02:04:49.624+0000][1][safepoint    ] Application time: 1.0011332 seconds
[2019-12-09T02:04:49.624+0000][1][safepoint    ] Entering safepoint region: Cleanup
[2019-12-09T02:04:49.624+0000][1][safepoint    ] Leaving safepoint region
[2019-12-09T02:04:49.624+0000][1][safepoint    ] Total time for which application threads were stopped: 0.0001178 seconds, Stopping threads took: 0.0000278 seconds
[2019-12-09T02:04:50.627+0000][1][safepoint    ] Application time: 1.0025465 seconds
[2019-12-09T02:04:50.627+0000][1][safepoint    ] Entering safepoint region: Cleanup
[2019-12-09T02:04:50.627+0000][1][safepoint    ] Leaving safepoint region
[2019-12-09T02:04:50.627+0000][1][safepoint    ] Total time for which application threads were stopped: 0.0001102 seconds, Stopping threads took: 0.0000268 seconds
[2019-12-09T02:04:51.628+0000][1][safepoint    ] Application time: 1.0008274 seconds
[2019-12-09T02:04:51.628+0000][1][safepoint    ] Entering safepoint region: Cleanup
[2019-12-09T02:04:51.628+0000][1][safepoint    ] Leaving safepoint region
[2019-12-09T02:04:51.628+0000][1][safepoint    ] Total time for which application threads were stopped: 0.0001126 seconds, Stopping threads took: 0.0000344 seconds
[2019-12-09T02:04:52.629+0000][1][safepoint    ] Application time: 1.0008403 seconds
[2019-12-09T02:04:52.629+0000][1][safepoint    ] Entering safepoint region: Cleanup
[2019-12-09T02:04:52.629+0000][1][safepoint    ] Leaving safepoint region
[2019-12-09T02:04:52.629+0000][1][safepoint    ] Total time for which application threads were stopped: 0.0001263 seconds, Stopping threads took: 0.0000246 seconds
[2019-12-09T02:04:53.637+0000][1][safepoint    ] Application time: 1.0078412 seconds
[2019-12-09T02:04:53.637+0000][1][safepoint    ] Entering safepoint region: Cleanup
[2019-12-09T02:04:53.637+0000][1][safepoint    ] Leaving safepoint region
[2019-12-09T02:04:53.637+0000][1][safepoint    ] Total time for which application threads were stopped: 0.0000973 seconds, Stopping threads took: 0.0000232 seconds
[2019-12-09T02:04:54.639+0000][1][safepoint    ] Application time: 1.0020134 seconds
[2019-12-09T02:04:54.639+0000][1][safepoint    ] Entering safepoint region: Cleanup
[2019-12-09T02:04:54.639+0000][1][safepoint    ] Leaving safepoint region
[2019-12-09T02:04:54.639+0000][1][safepoint    ] Total time for which application threads were stopped: 0.0001114 seconds, Stopping threads took: 0.0000256 seconds
[2019-12-09T02:04:55.640+0000][1][safepoint    ] Application time: 1.0006765 seconds
[2019-12-09T02:04:55.640+0000][1][safepoint    ] Entering safepoint region: Cleanup
[2019-12-09T02:04:55.640+0000][1][safepoint    ] Leaving safepoint region
[2019-12-09T02:04:55.640+0000][1][safepoint    ] Total time for which application threads were stopped: 0.0001156 seconds, Stopping threads took: 0.0000278 seconds
[2019-12-09T02:04:56.642+0000][1][safepoint    ] Application time: 1.0017896 seconds
[2019-12-09T02:04:56.642+0000][1][safepoint    ] Entering safepoint region: Cleanup
[2019-12-09T02:04:56.642+0000][1][safepoint    ] Leaving safepoint region
[2019-12-09T02:04:56.642+0000][1][safepoint    ] Total time for which application threads were stopped: 0.0001114 seconds, Stopping threads took: 0.0000249 seconds
[2019-12-09T02:04:57.643+0000][1][safepoint    ] Application time: 1.0008391 seconds
[2019-12-09T02:04:57.643+0000][1][safepoint    ] Entering safepoint region: Cleanup
[2019-12-09T02:04:57.643+0000][1][safepoint    ] Leaving safepoint region
[2019-12-09T02:04:57.643+0000][1][safepoint    ] Total time for which application threads were stopped: 0.0001126 seconds, Stopping threads took: 0.0000238 seconds
[2019-12-09T02:04:58.644+0000][1][safepoint    ] Application time: 1.0008449 seconds
[2019-12-09T02:04:58.644+0000][1][safepoint    ] Entering safepoint region: Cleanup
[2019-12-09T02:04:58.644+0000][1][safepoint    ] Leaving safepoint region
[2019-12-09T02:04:58.644+0000][1][safepoint    ] Total time for which application threads were stopped: 0.0001112 seconds, Stopping threads took: 0.0000244 seconds
[2019-12-09T02:04:59.648+0000][1][safepoint    ] Application time: 1.0038365 seconds
[2019-12-09T02:04:59.648+0000][1][safepoint    ] Entering safepoint region: Cleanup
[2019-12-09T02:04:59.648+0000][1][safepoint    ] Leaving safepoint region
[2019-12-09T02:04:59.648+0000][1][safepoint    ] Total time for which application threads were stopped: 0.0001224 seconds, Stopping threads took: 0.0000362 seconds
[2019-12-09T02:05:00.649+0000][1][safepoint    ] Application time: 1.0008255 seconds
[2019-12-09T02:05:00.649+0000][1][safepoint    ] Entering safepoint region: Cleanup
[2019-12-09T02:05:00.649+0000][1][safepoint    ] Leaving safepoint region
[2019-12-09T02:05:00.649+0000][1][safepoint    ] Total time for which application threads were stopped: 0.0001299 seconds, Stopping threads took: 0.0000384 seconds
[2019-12-09T02:05:01.650+0000][1][safepoint    ] Application time: 1.0009110 seconds
[2019-12-09T02:05:01.650+0000][1][safepoint    ] Entering safepoint region: Cleanup
[2019-12-09T02:05:01.650+0000][1][safepoint    ] Leaving safepoint region
[2019-12-09T02:05:01.650+0000][1][safepoint    ] Total time for which application threads were stopped: 0.0001247 seconds, Stopping threads took: 0.0000267 seconds
[2019-12-09T02:05:02.651+0000][1][safepoint    ] Application time: 1.0007434 seconds
[2019-12-09T02:05:02.651+0000][1][safepoint    ] Entering safepoint region: Cleanup
[2019-12-09T02:05:02.651+0000][1][safepoint    ] Leaving safepoint region
[2019-12-09T02:05:02.651+0000][1][safepoint    ] Total time for which application threads were stopped: 0.0001139 seconds, Stopping threads took: 0.0000266 seconds
[2019-12-09T02:05:03.653+0000][1][safepoint    ] Application time: 1.0018047 seconds
[2019-12-09T02:05:03.653+0000][1][safepoint    ] Entering safepoint region: Cleanup
[2019-12-09T02:05:03.653+0000][1][safepoint    ] Leaving safepoint region
[2019-12-09T02:05:03.653+0000][1][safepoint    ] Total time for which application threads were stopped: 0.0001008 seconds, Stopping threads took: 0.0000243 seconds
[2019-12-09T02:05:04.654+0000][1][safepoint    ] Application time: 1.0008623 seconds
[2019-12-09T02:05:04.654+0000][1][safepoint    ] Entering safepoint region: Cleanup
[2019-12-09T02:05:04.654+0000][1][safepoint    ] Leaving safepoint region
[2019-12-09T02:05:04.654+0000][1][safepoint    ] Total time for which application threads were stopped: 0.0001263 seconds, Stopping threads took: 0.0000453 seconds
[2019-12-09T02:05:05.655+0000][1][safepoint    ] Application time: 1.0008126 seconds
[2019-12-09T02:05:05.655+0000][1][safepoint    ] Entering safepoint region: Cleanup
[2019-12-09T02:05:05.655+0000][1][safepoint    ] Leaving safepoint region
[2019-12-09T02:05:05.655+0000][1][safepoint    ] Total time for which application threads were stopped: 0.0001156 seconds, Stopping threads took: 0.0000263 seconds
[2019-12-09T02:05:06.656+0000][1][safepoint    ] Application time: 1.0008369 seconds
[2019-12-09T02:05:06.656+0000][1][safepoint    ] Entering safepoint region: Cleanup
[2019-12-09T02:05:06.656+0000][1][safepoint    ] Leaving safepoint region
[2019-12-09T02:05:06.656+0000][1][safepoint    ] Total time for which application threads were stopped: 0.0001359 seconds, Stopping threads took: 0.0000274 seconds
[2019-12-09T02:05:07.656+0000][1][safepoint    ] Application time: 1.0000839 seconds
[2019-12-09T02:05:07.656+0000][1][safepoint    ] Entering safepoint region: Cleanup
[2019-12-09T02:05:07.656+0000][1][safepoint    ] Leaving safepoint region
[2019-12-09T02:05:07.656+0000][1][safepoint    ] Total time for which application threads were stopped: 0.0000844 seconds, Stopping threads took: 0.0000184 seconds
[2019-12-09T02:05:08.656+0000][1][safepoint    ] Application time: 1.0000767 seconds
[2019-12-09T02:05:08.656+0000][1][safepoint    ] Entering safepoint region: Cleanup
[2019-12-09T02:05:08.656+0000][1][safepoint    ] Leaving safepoint region
[2019-12-09T02:05:08.656+0000][1][safepoint    ] Total time for which application threads were stopped: 0.0000800 seconds, Stopping threads took: 0.0000166 seconds
[2019-12-09T02:05:09.656+0000][1][safepoint    ] Application time: 1.0000834 seconds
[2019-12-09T02:05:09.656+0000][1][safepoint    ] Entering safepoint region: Cleanup
[2019-12-09T02:05:09.657+0000][1][safepoint    ] Leaving safepoint region
[2019-12-09T02:05:09.657+0000][1][safepoint    ] Total time for which application threads were stopped: 0.0000712 seconds, Stopping threads took: 0.0000166 seconds
[2019-12-09T02:05:10.657+0000][1][safepoint    ] Application time: 1.0000773 seconds
[2019-12-09T02:05:10.657+0000][1][safepoint    ] Entering safepoint region: Cleanup
[2019-12-09T02:05:10.657+0000][1][safepoint    ] Leaving safepoint region
[2019-12-09T02:05:10.657+0000][1][safepoint    ] Total time for which application threads were stopped: 0.0001080 seconds, Stopping threads took: 0.0000209 seconds
[2019-12-09T02:05:11.657+0000][1][safepoint    ] Application time: 1.0000755 seconds
[2019-12-09T02:05:11.657+0000][1][safepoint    ] Entering safepoint region: Cleanup
[2019-12-09T02:05:11.657+0000][1][safepoint    ] Leaving safepoint region
[2019-12-09T02:05:11.657+0000][1][safepoint    ] Total time for which application threads were stopped: 0.0000779 seconds, Stopping threads took: 0.0000192 seconds
[2019-12-09T02:05:12.657+0000][1][safepoint    ] Application time: 1.0000777 seconds
[2019-12-09T02:05:12.657+0000][1][safepoint    ] Entering safepoint region: Cleanup
[2019-12-09T02:05:12.657+0000][1][safepoint    ] Leaving safepoint region
[2019-12-09T02:05:12.657+0000][1][safepoint    ] Total time for which application threads were stopped: 0.0000780 seconds, Stopping threads took: 0.0000175 seconds
[2019-12-09T02:05:13.657+0000][1][safepoint    ] Application time: 1.0000773 seconds
[2019-12-09T02:05:13.657+0000][1][safepoint    ] Entering safepoint region: Cleanup
[2019-12-09T02:05:13.657+0000][1][safepoint    ] Leaving safepoint region
[2019-12-09T02:05:13.657+0000][1][safepoint    ] Total time for which application threads were stopped: 0.0000760 seconds, Stopping threads took: 0.0000182 seconds
[2019-12-09T02:05:14.657+0000][1][safepoint    ] Application time: 1.0000765 seconds
[2019-12-09T02:05:14.657+0000][1][safepoint    ] Entering safepoint region: Cleanup
[2019-12-09T02:05:14.658+0000][1][safepoint    ] Leaving safepoint region
[2019-12-09T02:05:14.658+0000][1][safepoint    ] Total time for which application threads were stopped: 0.0000725 seconds, Stopping threads took: 0.0000160 seconds
[2019-12-09T02:05:15.661+0000][1][safepoint    ] Application time: 1.0031838 seconds
[2019-12-09T02:05:15.661+0000][1][safepoint    ] Entering safepoint region: Cleanup
[2019-12-09T02:05:15.661+0000][1][safepoint    ] Leaving safepoint region
[2019-12-09T02:05:15.661+0000][1][safepoint    ] Total time for which application threads were stopped: 0.0001173 seconds, Stopping threads took: 0.0000264 seconds
[2019-12-09T02:05:16.308+0000][1][safepoint    ] Application time: 0.6467102 seconds
[2019-12-09T02:05:16.308+0000][1][safepoint    ] Entering safepoint region: GenCollectForAllocation
[2019-12-09T02:05:16.308+0000][1][gc,start     ] GC(23) Pause Young (Allocation Failure)
[2019-12-09T02:05:16.308+0000][1][gc,task      ] GC(23) Using 2 workers of 2 for evacuation
[2019-12-09T02:05:16.340+0000][1][gc,age       ] GC(23) Desired survivor size 4456448 bytes, new threshold 2 (max threshold 6)
[2019-12-09T02:05:16.340+0000][1][gc,age       ] GC(23) Age table with threshold 2 (max threshold 6)
[2019-12-09T02:05:16.340+0000][1][gc,age       ] GC(23) - age   1:    1615968 bytes,    1615968 total
[2019-12-09T02:05:16.340+0000][1][gc,age       ] GC(23) - age   2:    3330912 bytes,    4946880 total
[2019-12-09T02:05:16.340+0000][1][gc,heap      ] GC(23) ParNew: 77455K->7405K(78656K)
[2019-12-09T02:05:16.340+0000][1][gc,heap      ] GC(23) CMS: 62794K->64423K(174784K)
[2019-12-09T02:05:16.340+0000][1][gc,metaspace ] GC(23) Metaspace: 67497K->67497K(1110016K)
[2019-12-09T02:05:16.340+0000][1][gc           ] GC(23) Pause Young (Allocation Failure) 136M->70M(247M) 32.265ms
[2019-12-09T02:05:16.340+0000][1][gc,cpu       ] GC(23) User=0.04s Sys=0.00s Real=0.03s
[2019-12-09T02:05:16.340+0000][1][safepoint    ] Leaving safepoint region
[2019-12-09T02:05:16.340+0000][1][safepoint    ] Total time for which application threads were stopped: 0.0324809 seconds, Stopping threads took: 0.0000221 seconds
[2019-12-09T02:05:17.340+0000][1][safepoint    ] Application time: 1.0000858 seconds
[2019-12-09T02:05:17.340+0000][1][safepoint    ] Entering safepoint region: Cleanup
[2019-12-09T02:05:17.340+0000][1][safepoint    ] Leaving safepoint region
[2019-12-09T02:05:17.340+0000][1][safepoint    ] Total time for which application threads were stopped: 0.0000902 seconds, Stopping threads took: 0.0000179 seconds
[2019-12-09T02:05:18.340+0000][1][safepoint    ] Application time: 1.0000762 seconds
[2019-12-09T02:05:18.340+0000][1][safepoint    ] Entering safepoint region: Cleanup
[2019-12-09T02:05:18.341+0000][1][safepoint    ] Leaving safepoint region
[2019-12-09T02:05:18.341+0000][1][safepoint    ] Total time for which application threads were stopped: 0.0000867 seconds, Stopping threads took: 0.0000165 seconds
[2019-12-09T02:05:19.341+0000][1][safepoint    ] Application time: 1.0000767 seconds
[2019-12-09T02:05:19.341+0000][1][safepoint    ] Entering safepoint region: Cleanup
[2019-12-09T02:05:19.341+0000][1][safepoint    ] Leaving safepoint region
[2019-12-09T02:05:19.341+0000][1][safepoint    ] Total time for which application threads were stopped: 0.0000968 seconds, Stopping threads took: 0.0000181 seconds
[2019-12-09T02:05:20.341+0000][1][safepoint    ] Application time: 1.0000786 seconds
[2019-12-09T02:05:20.341+0000][1][safepoint    ] Entering safepoint region: Cleanup
[2019-12-09T02:05:20.341+0000][1][safepoint    ] Leaving safepoint region
[2019-12-09T02:05:20.341+0000][1][safepoint    ] Total time for which application threads were stopped: 0.0000898 seconds, Stopping threads took: 0.0000179 seconds
[2019-12-09T02:05:21.341+0000][1][safepoint    ] Application time: 1.0000743 seconds
[2019-12-09T02:05:21.341+0000][1][safepoint    ] Entering safepoint region: Cleanup
[2019-12-09T02:05:21.341+0000][1][safepoint    ] Leaving safepoint region
[2019-12-09T02:05:21.341+0000][1][safepoint    ] Total time for which application threads were stopped: 0.0000831 seconds, Stopping threads took: 0.0000180 seconds
[2019-12-09T02:05:22.341+0000][1][safepoint    ] Application time: 1.0000760 seconds
[2019-12-09T02:05:22.341+0000][1][safepoint    ] Entering safepoint region: Cleanup
[2019-12-09T02:05:22.341+0000][1][safepoint    ] Leaving safepoint region
[2019-12-09T02:05:22.341+0000][1][safepoint    ] Total time for which application threads were stopped: 0.0000854 seconds, Stopping threads took: 0.0000184 seconds
[2019-12-09T02:05:23.341+0000][1][safepoint    ] Application time: 1.0000776 seconds
[2019-12-09T02:05:23.341+0000][1][safepoint    ] Entering safepoint region: Cleanup
[2019-12-09T02:05:23.342+0000][1][safepoint    ] Leaving safepoint region
[2019-12-09T02:05:23.342+0000][1][safepoint    ] Total time for which application threads were stopped: 0.0000797 seconds, Stopping threads took: 0.0000176 seconds
[2019-12-09T02:05:24.342+0000][1][safepoint    ] Application time: 1.0000763 seconds
[2019-12-09T02:05:24.342+0000][1][safepoint    ] Entering safepoint region: Cleanup
[2019-12-09T02:05:24.342+0000][1][safepoint    ] Leaving safepoint region
[2019-12-09T02:05:24.342+0000][1][safepoint    ] Total time for which application threads were stopped: 0.0000965 seconds, Stopping threads took: 0.0000297 seconds
[2019-12-09T02:05:25.342+0000][1][safepoint    ] Application time: 1.0000757 seconds
[2019-12-09T02:05:25.342+0000][1][safepoint    ] Entering safepoint region: Cleanup
[2019-12-09T02:05:25.342+0000][1][safepoint    ] Leaving safepoint region
[2019-12-09T02:05:25.342+0000][1][safepoint    ] Total time for which application threads were stopped: 0.0000820 seconds, Stopping threads took: 0.0000174 seconds
[2019-12-09T02:05:26.342+0000][1][safepoint    ] Application time: 1.0000733 seconds
[2019-12-09T02:05:26.342+0000][1][safepoint    ] Entering safepoint region: Cleanup
[2019-12-09T02:05:26.342+0000][1][safepoint    ] Leaving safepoint region
[2019-12-09T02:05:26.342+0000][1][safepoint    ] Total time for which application threads were stopped: 0.0000771 seconds, Stopping threads took: 0.0000181 seconds
[2019-12-09T02:05:27.347+0000][1][safepoint    ] Application time: 1.0045476 seconds
[2019-12-09T02:05:27.347+0000][1][safepoint    ] Entering safepoint region: Cleanup
[2019-12-09T02:05:27.347+0000][1][safepoint    ] Leaving safepoint region
[2019-12-09T02:05:27.347+0000][1][safepoint    ] Total time for which application threads were stopped: 0.0001124 seconds, Stopping threads took: 0.0000246 seconds
[2019-12-09T02:05:28.347+0000][1][safepoint    ] Application time: 1.0000770 seconds
[2019-12-09T02:05:28.347+0000][1][safepoint    ] Entering safepoint region: Cleanup
[2019-12-09T02:05:28.347+0000][1][safepoint    ] Leaving safepoint region
[2019-12-09T02:05:28.347+0000][1][safepoint    ] Total time for which application threads were stopped: 0.0000838 seconds, Stopping threads took: 0.0000180 seconds
[2019-12-09T02:05:29.347+0000][1][safepoint    ] Application time: 1.0000770 seconds
[2019-12-09T02:05:29.347+0000][1][safepoint    ] Entering safepoint region: Cleanup
[2019-12-09T02:05:29.347+0000][1][safepoint    ] Leaving safepoint region
[2019-12-09T02:05:29.347+0000][1][safepoint    ] Total time for which application threads were stopped: 0.0000840 seconds, Stopping threads took: 0.0000176 seconds
[2019-12-09T02:05:30.347+0000][1][safepoint    ] Application time: 1.0000786 seconds
[2019-12-09T02:05:30.347+0000][1][safepoint    ] Entering safepoint region: Cleanup
[2019-12-09T02:05:30.347+0000][1][safepoint    ] Leaving safepoint region
[2019-12-09T02:05:30.347+0000][1][safepoint    ] Total time for which application threads were stopped: 0.0000772 seconds, Stopping threads took: 0.0000180 seconds
[2019-12-09T02:05:31.348+0000][1][safepoint    ] Application time: 1.0000895 seconds
[2019-12-09T02:05:31.348+0000][1][safepoint    ] Entering safepoint region: Cleanup
[2019-12-09T02:05:31.348+0000][1][safepoint    ] Leaving safepoint region
[2019-12-09T02:05:31.348+0000][1][safepoint    ] Total time for which application threads were stopped: 0.0001771 seconds, Stopping threads took: 0.0001053 seconds
[2019-12-09T02:05:32.348+0000][1][safepoint    ] Application time: 1.0000974 seconds
[2019-12-09T02:05:32.348+0000][1][safepoint    ] Entering safepoint region: Cleanup
[2019-12-09T02:05:32.348+0000][1][safepoint    ] Leaving safepoint region
[2019-12-09T02:05:32.348+0000][1][safepoint    ] Total time for which application threads were stopped: 0.0001143 seconds, Stopping threads took: 0.0000252 seconds
[2019-12-09T02:05:33.348+0000][1][safepoint    ] Application time: 1.0000793 seconds
[2019-12-09T02:05:33.348+0000][1][safepoint    ] Entering safepoint region: Cleanup
[2019-12-09T02:05:33.348+0000][1][safepoint    ] Leaving safepoint region
[2019-12-09T02:05:33.348+0000][1][safepoint    ] Total time for which application threads were stopped: 0.0000843 seconds, Stopping threads took: 0.0000181 seconds
[2019-12-09T02:05:34.348+0000][1][safepoint    ] Application time: 1.0000770 seconds
[2019-12-09T02:05:34.348+0000][1][safepoint    ] Entering safepoint region: Cleanup
[2019-12-09T02:05:34.348+0000][1][safepoint    ] Leaving safepoint region
[2019-12-09T02:05:34.348+0000][1][safepoint    ] Total time for which application threads were stopped: 0.0000798 seconds, Stopping threads took: 0.0000162 seconds
[2019-12-09T02:05:35.349+0000][1][safepoint    ] Application time: 1.0000760 seconds
[2019-12-09T02:05:35.349+0000][1][safepoint    ] Entering safepoint region: Cleanup
[2019-12-09T02:05:35.349+0000][1][safepoint    ] Leaving safepoint region
[2019-12-09T02:05:35.349+0000][1][safepoint    ] Total time for which application threads were stopped: 0.0000758 seconds, Stopping threads took: 0.0000176 seconds
[2019-12-09T02:05:36.349+0000][1][safepoint    ] Application time: 1.0000745 seconds
[2019-12-09T02:05:36.349+0000][1][safepoint    ] Entering safepoint region: Cleanup
[2019-12-09T02:05:36.349+0000][1][safepoint    ] Leaving safepoint region
[2019-12-09T02:05:36.349+0000][1][safepoint    ] Total time for which application threads were stopped: 0.0000793 seconds, Stopping threads took: 0.0000180 seconds
[2019-12-09T02:05:37.349+0000][1][safepoint    ] Application time: 1.0000784 seconds
[2019-12-09T02:05:37.349+0000][1][safepoint    ] Entering safepoint region: Cleanup
[2019-12-09T02:05:37.349+0000][1][safepoint    ] Leaving safepoint region
[2019-12-09T02:05:37.349+0000][1][safepoint    ] Total time for which application threads were stopped: 0.0000794 seconds, Stopping threads took: 0.0000170 seconds
[2019-12-09T02:05:38.349+0000][1][safepoint    ] Application time: 1.0000784 seconds
[2019-12-09T02:05:38.349+0000][1][safepoint    ] Entering safepoint region: Cleanup
[2019-12-09T02:05:38.349+0000][1][safepoint    ] Leaving safepoint region
[2019-12-09T02:05:38.349+0000][1][safepoint    ] Total time for which application threads were stopped: 0.0000757 seconds, Stopping threads took: 0.0000164 seconds
[2019-12-09T02:05:39.349+0000][1][safepoint    ] Application time: 1.0000767 seconds
[2019-12-09T02:05:39.349+0000][1][safepoint    ] Entering safepoint region: Cleanup
[2019-12-09T02:05:39.349+0000][1][safepoint    ] Leaving safepoint region
[2019-12-09T02:05:39.349+0000][1][safepoint    ] Total time for which application threads were stopped: 0.0000820 seconds, Stopping threads took: 0.0000153 seconds
[2019-12-09T02:05:40.350+0000][1][safepoint    ] Application time: 1.0000775 seconds
[2019-12-09T02:05:40.350+0000][1][safepoint    ] Entering safepoint region: Cleanup
[2019-12-09T02:05:40.350+0000][1][safepoint    ] Leaving safepoint region
[2019-12-09T02:05:40.350+0000][1][safepoint    ] Total time for which application threads were stopped: 0.0000771 seconds, Stopping threads took: 0.0000162 seconds
[2019-12-09T02:05:41.350+0000][1][safepoint    ] Application time: 1.0000827 seconds
[2019-12-09T02:05:41.350+0000][1][safepoint    ] Entering safepoint region: Cleanup
[2019-12-09T02:05:41.350+0000][1][safepoint    ] Leaving safepoint region
[2019-12-09T02:05:41.350+0000][1][safepoint    ] Total time for which application threads were stopped: 0.0000871 seconds, Stopping threads took: 0.0000283 seconds
[2019-12-09T02:05:42.350+0000][1][safepoint    ] Application time: 1.0000810 seconds
[2019-12-09T02:05:42.350+0000][1][safepoint    ] Entering safepoint region: Cleanup
[2019-12-09T02:05:42.350+0000][1][safepoint    ] Leaving safepoint region
[2019-12-09T02:05:42.350+0000][1][safepoint    ] Total time for which application threads were stopped: 0.0000826 seconds, Stopping threads took: 0.0000191 seconds
[2019-12-09T02:05:44.350+0000][1][safepoint    ] Application time: 2.0001433 seconds
[2019-12-09T02:05:44.350+0000][1][safepoint    ] Entering safepoint region: Cleanup
[2019-12-09T02:05:44.350+0000][1][safepoint    ] Leaving safepoint region
[2019-12-09T02:05:44.350+0000][1][safepoint    ] Total time for which application threads were stopped: 0.0000728 seconds, Stopping threads took: 0.0000167 seconds
[2019-12-09T02:05:45.350+0000][1][safepoint    ] Application time: 1.0000759 seconds
[2019-12-09T02:05:45.350+0000][1][safepoint    ] Entering safepoint region: Cleanup
[2019-12-09T02:05:45.350+0000][1][safepoint    ] Leaving safepoint region
[2019-12-09T02:05:45.350+0000][1][safepoint    ] Total time for which application threads were stopped: 0.0000765 seconds, Stopping threads took: 0.0000168 seconds
[2019-12-09T02:05:46.351+0000][1][safepoint    ] Application time: 1.0000758 seconds
[2019-12-09T02:05:46.351+0000][1][safepoint    ] Entering safepoint region: Cleanup
[2019-12-09T02:05:46.351+0000][1][safepoint    ] Leaving safepoint region
[2019-12-09T02:05:46.351+0000][1][safepoint    ] Total time for which application threads were stopped: 0.0000746 seconds, Stopping threads took: 0.0000166 seconds
[2019-12-09T02:05:47.351+0000][1][safepoint    ] Application time: 1.0000761 seconds
[2019-12-09T02:05:47.351+0000][1][safepoint    ] Entering safepoint region: Cleanup
[2019-12-09T02:05:47.351+0000][1][safepoint    ] Leaving safepoint region
[2019-12-09T02:05:47.351+0000][1][safepoint    ] Total time for which application threads were stopped: 0.0000761 seconds, Stopping threads took: 0.0000170 seconds
[2019-12-09T02:05:48.351+0000][1][safepoint    ] Application time: 1.0000751 seconds
[2019-12-09T02:05:48.351+0000][1][safepoint    ] Entering safepoint region: Cleanup
[2019-12-09T02:05:48.351+0000][1][safepoint    ] Leaving safepoint region
[2019-12-09T02:05:48.351+0000][1][safepoint    ] Total time for which application threads were stopped: 0.0000739 seconds, Stopping threads took: 0.0000169 seconds
[2019-12-09T02:05:49.351+0000][1][safepoint    ] Application time: 1.0000750 seconds
[2019-12-09T02:05:49.351+0000][1][safepoint    ] Entering safepoint region: Cleanup
[2019-12-09T02:05:49.351+0000][1][safepoint    ] Leaving safepoint region
[2019-12-09T02:05:49.351+0000][1][safepoint    ] Total time for which application threads were stopped: 0.0000757 seconds, Stopping threads took: 0.0000164 seconds
[2019-12-09T02:05:52.351+0000][1][safepoint    ] Application time: 3.0002212 seconds
[2019-12-09T02:05:52.352+0000][1][safepoint    ] Entering safepoint region: Cleanup
[2019-12-09T02:05:52.352+0000][1][safepoint    ] Leaving safepoint region
[2019-12-09T02:05:52.352+0000][1][safepoint    ] Total time for which application threads were stopped: 0.0001036 seconds, Stopping threads took: 0.0000236 seconds
[2019-12-09T02:05:53.352+0000][1][safepoint    ] Application time: 1.0000854 seconds
[2019-12-09T02:05:53.352+0000][1][safepoint    ] Entering safepoint region: Cleanup
[2019-12-09T02:05:53.352+0000][1][safepoint    ] Leaving safepoint region
[2019-12-09T02:05:53.352+0000][1][safepoint    ] Total time for which application threads were stopped: 0.0000802 seconds, Stopping threads took: 0.0000160 seconds
[2019-12-09T02:05:54.352+0000][1][safepoint    ] Application time: 1.0000756 seconds
[2019-12-09T02:05:54.352+0000][1][safepoint    ] Entering safepoint region: Cleanup
[2019-12-09T02:05:54.352+0000][1][safepoint    ] Leaving safepoint region
[2019-12-09T02:05:54.352+0000][1][safepoint    ] Total time for which application threads were stopped: 0.0000802 seconds, Stopping threads took: 0.0000160 seconds
[2019-12-09T02:05:56.352+0000][1][safepoint    ] Application time: 2.0001416 seconds
[2019-12-09T02:05:56.352+0000][1][safepoint    ] Entering safepoint region: Cleanup
[2019-12-09T02:05:56.352+0000][1][safepoint    ] Leaving safepoint region
[2019-12-09T02:05:56.352+0000][1][safepoint    ] Total time for which application threads were stopped: 0.0000761 seconds, Stopping threads took: 0.0000157 seconds
[2019-12-09T02:05:59.352+0000][1][safepoint    ] Application time: 3.0002079 seconds
[2019-12-09T02:05:59.353+0000][1][safepoint    ] Entering safepoint region: Cleanup
[2019-12-09T02:05:59.353+0000][1][safepoint    ] Leaving safepoint region
[2019-12-09T02:05:59.353+0000][1][safepoint    ] Total time for which application threads were stopped: 0.0000782 seconds, Stopping threads took: 0.0000162 seconds
[2019-12-09T02:06:00.353+0000][1][safepoint    ] Application time: 1.0000748 seconds
[2019-12-09T02:06:00.353+0000][1][safepoint    ] Entering safepoint region: Cleanup
[2019-12-09T02:06:00.353+0000][1][safepoint    ] Leaving safepoint region
[2019-12-09T02:06:00.353+0000][1][safepoint    ] Total time for which application threads were stopped: 0.0000757 seconds, Stopping threads took: 0.0000164 seconds
[2019-12-09T02:06:01.353+0000][1][safepoint    ] Application time: 1.0000762 seconds
[2019-12-09T02:06:01.353+0000][1][safepoint    ] Entering safepoint region: Cleanup
[2019-12-09T02:06:01.353+0000][1][safepoint    ] Leaving safepoint region
[2019-12-09T02:06:01.353+0000][1][safepoint    ] Total time for which application threads were stopped: 0.0000760 seconds, Stopping threads took: 0.0000169 seconds
[2019-12-09T02:06:02.354+0000][1][safepoint    ] Application time: 1.0007904 seconds
[2019-12-09T02:06:02.354+0000][1][safepoint    ] Entering safepoint region: Cleanup
[2019-12-09T02:06:02.354+0000][1][safepoint    ] Leaving safepoint region
[2019-12-09T02:06:02.354+0000][1][safepoint    ] Total time for which application threads were stopped: 0.0001114 seconds, Stopping threads took: 0.0000240 seconds
[2019-12-09T02:06:04.354+0000][1][safepoint    ] Application time: 2.0001404 seconds
[2019-12-09T02:06:04.354+0000][1][safepoint    ] Entering safepoint region: Cleanup
[2019-12-09T02:06:04.354+0000][1][safepoint    ] Leaving safepoint region
[2019-12-09T02:06:04.354+0000][1][safepoint    ] Total time for which application threads were stopped: 0.0000762 seconds, Stopping threads took: 0.0000167 seconds
[2019-12-09T02:06:05.354+0000][1][safepoint    ] Application time: 1.0000752 seconds
[2019-12-09T02:06:05.354+0000][1][safepoint    ] Entering safepoint region: Cleanup
[2019-12-09T02:06:05.354+0000][1][safepoint    ] Leaving safepoint region
[2019-12-09T02:06:05.354+0000][1][safepoint    ] Total time for which application threads were stopped: 0.0000780 seconds, Stopping threads took: 0.0000163 seconds
[2019-12-09T02:06:07.358+0000][1][safepoint    ] Application time: 2.0033529 seconds
[2019-12-09T02:06:07.358+0000][1][safepoint    ] Entering safepoint region: Cleanup
[2019-12-09T02:06:07.358+0000][1][safepoint    ] Leaving safepoint region
[2019-12-09T02:06:07.358+0000][1][safepoint    ] Total time for which application threads were stopped: 0.0001337 seconds, Stopping threads took: 0.0000360 seconds
[2019-12-09T02:06:09.358+0000][1][safepoint    ] Application time: 2.0001494 seconds
[2019-12-09T02:06:09.358+0000][1][safepoint    ] Entering safepoint region: Cleanup
[2019-12-09T02:06:09.358+0000][1][safepoint    ] Leaving safepoint region
[2019-12-09T02:06:09.358+0000][1][safepoint    ] Total time for which application threads were stopped: 0.0000778 seconds, Stopping threads took: 0.0000176 seconds
[2019-12-09T02:06:11.358+0000][1][safepoint    ] Application time: 2.0001569 seconds
[2019-12-09T02:06:11.358+0000][1][safepoint    ] Entering safepoint region: Cleanup
[2019-12-09T02:06:11.358+0000][1][safepoint    ] Leaving safepoint region
[2019-12-09T02:06:11.358+0000][1][safepoint    ] Total time for which application threads were stopped: 0.0001033 seconds, Stopping threads took: 0.0000225 seconds
[2019-12-09T02:06:13.359+0000][1][safepoint    ] Application time: 2.0001468 seconds
[2019-12-09T02:06:13.359+0000][1][safepoint    ] Entering safepoint region: Cleanup
[2019-12-09T02:06:13.359+0000][1][safepoint    ] Leaving safepoint region
[2019-12-09T02:06:13.359+0000][1][safepoint    ] Total time for which application threads were stopped: 0.0000903 seconds, Stopping threads took: 0.0000165 seconds
[2019-12-09T02:06:15.359+0000][1][safepoint    ] Application time: 2.0001424 seconds
[2019-12-09T02:06:15.359+0000][1][safepoint    ] Entering safepoint region: Cleanup
[2019-12-09T02:06:15.359+0000][1][safepoint    ] Leaving safepoint region
[2019-12-09T02:06:15.359+0000][1][safepoint    ] Total time for which application threads were stopped: 0.0000759 seconds, Stopping threads took: 0.0000171 seconds
[2019-12-09T02:06:20.359+0000][1][safepoint    ] Application time: 5.0003437 seconds
[2019-12-09T02:06:20.359+0000][1][safepoint    ] Entering safepoint region: Cleanup
[2019-12-09T02:06:20.359+0000][1][safepoint    ] Leaving safepoint region
[2019-12-09T02:06:20.359+0000][1][safepoint    ] Total time for which application threads were stopped: 0.0000972 seconds, Stopping threads took: 0.0000222 seconds
[2019-12-09T02:06:21.360+0000][1][safepoint    ] Application time: 1.0000749 seconds
[2019-12-09T02:06:21.360+0000][1][safepoint    ] Entering safepoint region: Cleanup
[2019-12-09T02:06:21.360+0000][1][safepoint    ] Leaving safepoint region
[2019-12-09T02:06:21.360+0000][1][safepoint    ] Total time for which application threads were stopped: 0.0001019 seconds, Stopping threads took: 0.0000234 seconds
[2019-12-09T02:06:22.360+0000][1][safepoint    ] Application time: 1.0000742 seconds
[2019-12-09T02:06:22.360+0000][1][safepoint    ] Entering safepoint region: Cleanup
[2019-12-09T02:06:22.360+0000][1][safepoint    ] Leaving safepoint region
[2019-12-09T02:06:22.360+0000][1][safepoint    ] Total time for which application threads were stopped: 0.0000885 seconds, Stopping threads took: 0.0000188 seconds
[2019-12-09T02:06:24.360+0000][1][safepoint    ] Application time: 2.0001388 seconds
[2019-12-09T02:06:24.360+0000][1][safepoint    ] Entering safepoint region: Cleanup
[2019-12-09T02:06:24.360+0000][1][safepoint    ] Leaving safepoint region
[2019-12-09T02:06:24.360+0000][1][safepoint    ] Total time for which application threads were stopped: 0.0000793 seconds, Stopping threads took: 0.0000181 seconds
[2019-12-09T02:06:25.360+0000][1][safepoint    ] Application time: 1.0000759 seconds
[2019-12-09T02:06:25.360+0000][1][safepoint    ] Entering safepoint region: Cleanup
[2019-12-09T02:06:25.360+0000][1][safepoint    ] Leaving safepoint region
[2019-12-09T02:06:25.360+0000][1][safepoint    ] Total time for which application threads were stopped: 0.0000776 seconds, Stopping threads took: 0.0000169 seconds
[2019-12-09T02:06:29.361+0000][1][safepoint    ] Application time: 4.0002749 seconds
[2019-12-09T02:06:29.361+0000][1][safepoint    ] Entering safepoint region: Cleanup
[2019-12-09T02:06:29.361+0000][1][safepoint    ] Leaving safepoint region
[2019-12-09T02:06:29.361+0000][1][safepoint    ] Total time for which application threads were stopped: 0.0000876 seconds, Stopping threads took: 0.0000273 seconds
[2019-12-09T02:06:39.361+0000][1][safepoint    ] Application time: 10.0006698 seconds
[2019-12-09T02:06:39.361+0000][1][safepoint    ] Entering safepoint region: Cleanup
[2019-12-09T02:06:39.362+0000][1][safepoint    ] Leaving safepoint region
[2019-12-09T02:06:39.362+0000][1][safepoint    ] Total time for which application threads were stopped: 0.0000766 seconds, Stopping threads took: 0.0000171 seconds
[2019-12-09T02:06:40.362+0000][1][safepoint    ] Application time: 1.0000771 seconds
[2019-12-09T02:06:40.362+0000][1][safepoint    ] Entering safepoint region: Cleanup
[2019-12-09T02:06:40.362+0000][1][safepoint    ] Leaving safepoint region
[2019-12-09T02:06:40.362+0000][1][safepoint    ] Total time for which application threads were stopped: 0.0000919 seconds, Stopping threads took: 0.0000166 seconds
[2019-12-09T02:06:41.362+0000][1][safepoint    ] Application time: 1.0000757 seconds
[2019-12-09T02:06:41.362+0000][1][safepoint    ] Entering safepoint region: Cleanup
[2019-12-09T02:06:41.362+0000][1][safepoint    ] Leaving safepoint region
[2019-12-09T02:06:41.362+0000][1][safepoint    ] Total time for which application threads were stopped: 0.0000763 seconds, Stopping threads took: 0.0000173 seconds
[2019-12-09T02:06:43.166+0000][1][safepoint    ] Application time: 1.8044840 seconds
[2019-12-09T02:06:43.166+0000][1][safepoint    ] Entering safepoint region: Cleanup
[2019-12-09T02:06:43.167+0000][1][safepoint    ] Leaving safepoint region
[2019-12-09T02:06:43.167+0000][1][safepoint    ] Total time for which application threads were stopped: 0.0001191 seconds, Stopping threads took: 0.0000113 seconds
[2019-12-09T02:06:44.167+0000][1][safepoint    ] Application time: 1.0000860 seconds
[2019-12-09T02:06:44.167+0000][1][safepoint    ] Entering safepoint region: Cleanup
[2019-12-09T02:06:44.167+0000][1][safepoint    ] Leaving safepoint region
[2019-12-09T02:06:44.167+0000][1][safepoint    ] Total time for which application threads were stopped: 0.0001086 seconds, Stopping threads took: 0.0000216 seconds
[2019-12-09T02:06:52.167+0000][1][safepoint    ] Application time: 8.0005929 seconds
[2019-12-09T02:06:52.167+0000][1][safepoint    ] Entering safepoint region: Cleanup
[2019-12-09T02:06:52.168+0000][1][safepoint    ] Leaving safepoint region
[2019-12-09T02:06:52.168+0000][1][safepoint    ] Total time for which application threads were stopped: 0.0000911 seconds, Stopping threads took: 0.0000324 seconds
[2019-12-09T02:06:53.168+0000][1][safepoint    ] Application time: 1.0000840 seconds
[2019-12-09T02:06:53.168+0000][1][safepoint    ] Entering safepoint region: Cleanup
[2019-12-09T02:06:53.168+0000][1][safepoint    ] Leaving safepoint region
[2019-12-09T02:06:53.168+0000][1][safepoint    ] Total time for which application threads were stopped: 0.0000789 seconds, Stopping threads took: 0.0000184 seconds
[2019-12-09T02:07:00.168+0000][1][safepoint    ] Application time: 7.0005117 seconds
[2019-12-09T02:07:00.168+0000][1][safepoint    ] Entering safepoint region: Cleanup
[2019-12-09T02:07:00.168+0000][1][safepoint    ] Leaving safepoint region
[2019-12-09T02:07:00.168+0000][1][safepoint    ] Total time for which application threads were stopped: 0.0000801 seconds, Stopping threads took: 0.0000186 seconds
[2019-12-09T02:07:03.169+0000][1][safepoint    ] Application time: 3.0001976 seconds
[2019-12-09T02:07:03.169+0000][1][safepoint    ] Entering safepoint region: Cleanup
[2019-12-09T02:07:03.169+0000][1][safepoint    ] Leaving safepoint region
[2019-12-09T02:07:03.169+0000][1][safepoint    ] Total time for which application threads were stopped: 0.0001008 seconds, Stopping threads took: 0.0000180 seconds
[2019-12-09T02:07:04.169+0000][1][safepoint    ] Application time: 1.0001371 seconds
[2019-12-09T02:07:04.169+0000][1][safepoint    ] Entering safepoint region: Cleanup
[2019-12-09T02:07:04.169+0000][1][safepoint    ] Leaving safepoint region
[2019-12-09T02:07:04.169+0000][1][safepoint    ] Total time for which application threads were stopped: 0.0001203 seconds, Stopping threads took: 0.0000343 seconds
[2019-12-09T02:07:06.169+0000][1][safepoint    ] Application time: 2.0001447 seconds
[2019-12-09T02:07:06.169+0000][1][safepoint    ] Entering safepoint region: Cleanup
[2019-12-09T02:07:06.169+0000][1][safepoint    ] Leaving safepoint region
[2019-12-09T02:07:06.169+0000][1][safepoint    ] Total time for which application threads were stopped: 0.0000766 seconds, Stopping threads took: 0.0000166 seconds
[2019-12-09T02:07:08.169+0000][1][safepoint    ] Application time: 2.0001470 seconds
[2019-12-09T02:07:08.170+0000][1][safepoint    ] Entering safepoint region: Cleanup
[2019-12-09T02:07:08.170+0000][1][safepoint    ] Leaving safepoint region
[2019-12-09T02:07:08.170+0000][1][safepoint    ] Total time for which application threads were stopped: 0.0000786 seconds, Stopping threads took: 0.0000160 seconds
[2019-12-09T02:07:09.170+0000][1][safepoint    ] Application time: 1.0000804 seconds
[2019-12-09T02:07:09.170+0000][1][safepoint    ] Entering safepoint region: Cleanup
[2019-12-09T02:07:09.170+0000][1][safepoint    ] Leaving safepoint region
[2019-12-09T02:07:09.170+0000][1][safepoint    ] Total time for which application threads were stopped: 0.0000822 seconds, Stopping threads took: 0.0000176 seconds
[2019-12-09T02:07:11.170+0000][1][safepoint    ] Application time: 2.0001464 seconds
[2019-12-09T02:07:11.170+0000][1][safepoint    ] Entering safepoint region: Cleanup
[2019-12-09T02:07:11.170+0000][1][safepoint    ] Leaving safepoint region
[2019-12-09T02:07:11.170+0000][1][safepoint    ] Total time for which application threads were stopped: 0.0000818 seconds, Stopping threads took: 0.0000171 seconds
[2019-12-09T02:07:13.170+0000][1][safepoint    ] Application time: 2.0001449 seconds
[2019-12-09T02:07:13.170+0000][1][safepoint    ] Entering safepoint region: Cleanup
[2019-12-09T02:07:13.170+0000][1][safepoint    ] Leaving safepoint region
[2019-12-09T02:07:13.170+0000][1][safepoint    ] Total time for which application threads were stopped: 0.0000786 seconds, Stopping threads took: 0.0000172 seconds
[2019-12-09T02:07:14.170+0000][1][safepoint    ] Application time: 1.0000766 seconds
[2019-12-09T02:07:14.170+0000][1][safepoint    ] Entering safepoint region: Cleanup
[2019-12-09T02:07:14.171+0000][1][safepoint    ] Leaving safepoint region
[2019-12-09T02:07:14.171+0000][1][safepoint    ] Total time for which application threads were stopped: 0.0000778 seconds, Stopping threads took: 0.0000159 seconds
[2019-12-09T02:07:15.171+0000][1][safepoint    ] Application time: 1.0000782 seconds
[2019-12-09T02:07:15.171+0000][1][safepoint    ] Entering safepoint region: Cleanup
[2019-12-09T02:07:15.171+0000][1][safepoint    ] Leaving safepoint region
[2019-12-09T02:07:15.171+0000][1][safepoint    ] Total time for which application threads were stopped: 0.0000916 seconds, Stopping threads took: 0.0000172 seconds
[2019-12-09T02:07:18.171+0000][1][safepoint    ] Application time: 3.0002130 seconds
[2019-12-09T02:07:18.171+0000][1][safepoint    ] Entering safepoint region: Cleanup
[2019-12-09T02:07:18.171+0000][1][safepoint    ] Leaving safepoint region
[2019-12-09T02:07:18.171+0000][1][safepoint    ] Total time for which application threads were stopped: 0.0000834 seconds, Stopping threads took: 0.0000179 seconds
[2019-12-09T02:07:20.171+0000][1][safepoint    ] Application time: 2.0001456 seconds
[2019-12-09T02:07:20.171+0000][1][safepoint    ] Entering safepoint region: Cleanup
[2019-12-09T02:07:20.171+0000][1][safepoint    ] Leaving safepoint region
[2019-12-09T02:07:20.171+0000][1][safepoint    ] Total time for which application threads were stopped: 0.0000799 seconds, Stopping threads took: 0.0000164 seconds
[2019-12-09T02:07:21.171+0000][1][safepoint    ] Application time: 1.0000799 seconds
[2019-12-09T02:07:21.171+0000][1][safepoint    ] Entering safepoint region: Cleanup
[2019-12-09T02:07:21.172+0000][1][safepoint    ] Leaving safepoint region
[2019-12-09T02:07:21.172+0000][1][safepoint    ] Total time for which application threads were stopped: 0.0000834 seconds, Stopping threads took: 0.0000244 seconds
[2019-12-09T02:07:21.396+0000][1][safepoint    ] Application time: 0.2242273 seconds
[2019-12-09T02:07:21.396+0000][1][safepoint    ] Entering safepoint region: GenCollectForAllocation
[2019-12-09T02:07:21.396+0000][1][gc,start     ] GC(24) Pause Young (Allocation Failure)
[2019-12-09T02:07:21.396+0000][1][gc,task      ] GC(24) Using 2 workers of 2 for evacuation
[2019-12-09T02:07:21.411+0000][1][gc,age       ] GC(24) Desired survivor size 4456448 bytes, new threshold 6 (max threshold 6)
[2019-12-09T02:07:21.411+0000][1][gc,age       ] GC(24) Age table with threshold 6 (max threshold 6)
[2019-12-09T02:07:21.411+0000][1][gc,age       ] GC(24) - age   1:      11264 bytes,      11264 total
[2019-12-09T02:07:21.411+0000][1][gc,age       ] GC(24) - age   2:    1595416 bytes,    1606680 total
[2019-12-09T02:07:21.411+0000][1][gc,heap      ] GC(24) ParNew: 77357K->4857K(78656K)
[2019-12-09T02:07:21.411+0000][1][gc,heap      ] GC(24) CMS: 64423K->67801K(174784K)
[2019-12-09T02:07:21.411+0000][1][gc,metaspace ] GC(24) Metaspace: 67753K->67753K(1110016K)
[2019-12-09T02:07:21.411+0000][1][gc           ] GC(24) Pause Young (Allocation Failure) 138M->70M(247M) 15.264ms
[2019-12-09T02:07:21.411+0000][1][gc,cpu       ] GC(24) User=0.03s Sys=0.00s Real=0.01s
[2019-12-09T02:07:21.411+0000][1][safepoint    ] Leaving safepoint region
[2019-12-09T02:07:21.411+0000][1][safepoint    ] Total time for which application threads were stopped: 0.0154099 seconds, Stopping threads took: 0.0000161 seconds
[2019-12-09T02:07:22.411+0000][1][safepoint    ] Application time: 1.0000897 seconds
[2019-12-09T02:07:22.411+0000][1][safepoint    ] Entering safepoint region: Cleanup
[2019-12-09T02:07:22.411+0000][1][safepoint    ] Leaving safepoint region
[2019-12-09T02:07:22.411+0000][1][safepoint    ] Total time for which application threads were stopped: 0.0000858 seconds, Stopping threads took: 0.0000174 seconds
[2019-12-09T02:07:24.412+0000][1][safepoint    ] Application time: 2.0001072 seconds
[2019-12-09T02:07:24.412+0000][1][safepoint    ] Entering safepoint region: Cleanup
[2019-12-09T02:07:24.412+0000][1][safepoint    ] Leaving safepoint region
[2019-12-09T02:07:24.412+0000][1][safepoint    ] Total time for which application threads were stopped: 0.0000828 seconds, Stopping threads took: 0.0000230 seconds
[2019-12-09T02:07:27.412+0000][1][safepoint    ] Application time: 3.0002108 seconds
[2019-12-09T02:07:27.412+0000][1][safepoint    ] Entering safepoint region: Cleanup
[2019-12-09T02:07:27.412+0000][1][safepoint    ] Leaving safepoint region
[2019-12-09T02:07:27.412+0000][1][safepoint    ] Total time for which application threads were stopped: 0.0000817 seconds, Stopping threads took: 0.0000172 seconds
[2019-12-09T02:07:28.412+0000][1][safepoint    ] Application time: 1.0000783 seconds
[2019-12-09T02:07:28.412+0000][1][safepoint    ] Entering safepoint region: Cleanup
[2019-12-09T02:07:28.412+0000][1][safepoint    ] Leaving safepoint region
[2019-12-09T02:07:28.412+0000][1][safepoint    ] Total time for which application threads were stopped: 0.0000819 seconds, Stopping threads took: 0.0000181 seconds
[2019-12-09T02:07:32.412+0000][1][safepoint    ] Application time: 4.0002759 seconds
[2019-12-09T02:07:32.412+0000][1][safepoint    ] Entering safepoint region: Cleanup
[2019-12-09T02:07:32.413+0000][1][safepoint    ] Leaving safepoint region
[2019-12-09T02:07:32.413+0000][1][safepoint    ] Total time for which application threads were stopped: 0.0000764 seconds, Stopping threads took: 0.0000172 seconds
[2019-12-09T02:07:36.413+0000][1][safepoint    ] Application time: 4.0002764 seconds
[2019-12-09T02:07:36.413+0000][1][safepoint    ] Entering safepoint region: Cleanup
[2019-12-09T02:07:36.413+0000][1][safepoint    ] Leaving safepoint region
[2019-12-09T02:07:36.413+0000][1][safepoint    ] Total time for which application threads were stopped: 0.0000782 seconds, Stopping threads took: 0.0000165 seconds
[2019-12-09T02:07:38.413+0000][1][safepoint    ] Application time: 2.0001412 seconds
[2019-12-09T02:07:38.413+0000][1][safepoint    ] Entering safepoint region: Cleanup
[2019-12-09T02:07:38.413+0000][1][safepoint    ] Leaving safepoint region
[2019-12-09T02:07:38.413+0000][1][safepoint    ] Total time for which application threads were stopped: 0.0000783 seconds, Stopping threads took: 0.0000162 seconds
[2019-12-09T02:07:41.413+0000][1][safepoint    ] Application time: 3.0002100 seconds
[2019-12-09T02:07:41.413+0000][1][safepoint    ] Entering safepoint region: Cleanup
[2019-12-09T02:07:41.414+0000][1][safepoint    ] Leaving safepoint region
[2019-12-09T02:07:41.414+0000][1][safepoint    ] Total time for which application threads were stopped: 0.0000803 seconds, Stopping threads took: 0.0000169 seconds
[2019-12-09T02:07:43.414+0000][1][safepoint    ] Application time: 2.0001520 seconds
[2019-12-09T02:07:43.414+0000][1][safepoint    ] Entering safepoint region: Cleanup
[2019-12-09T02:07:43.414+0000][1][safepoint    ] Leaving safepoint region
[2019-12-09T02:07:43.414+0000][1][safepoint    ] Total time for which application threads were stopped: 0.0000757 seconds, Stopping threads took: 0.0000165 seconds
[2019-12-09T02:07:48.414+0000][1][safepoint    ] Application time: 5.0003400 seconds
[2019-12-09T02:07:48.414+0000][1][safepoint    ] Entering safepoint region: Cleanup
[2019-12-09T02:07:48.414+0000][1][safepoint    ] Leaving safepoint region
[2019-12-09T02:07:48.414+0000][1][safepoint    ] Total time for which application threads were stopped: 0.0000814 seconds, Stopping threads took: 0.0000182 seconds
[2019-12-09T02:07:53.415+0000][1][safepoint    ] Application time: 5.0003450 seconds
[2019-12-09T02:07:53.415+0000][1][safepoint    ] Entering safepoint region: Cleanup
[2019-12-09T02:07:53.415+0000][1][safepoint    ] Leaving safepoint region
[2019-12-09T02:07:53.415+0000][1][safepoint    ] Total time for which application threads were stopped: 0.0000961 seconds, Stopping threads took: 0.0000245 seconds
[2019-12-09T02:07:56.415+0000][1][safepoint    ] Application time: 3.0002092 seconds
[2019-12-09T02:07:56.415+0000][1][safepoint    ] Entering safepoint region: Cleanup
[2019-12-09T02:07:56.415+0000][1][safepoint    ] Leaving safepoint region
[2019-12-09T02:07:56.415+0000][1][safepoint    ] Total time for which application threads were stopped: 0.0000876 seconds, Stopping threads took: 0.0000240 seconds
[2019-12-09T02:07:58.415+0000][1][safepoint    ] Application time: 2.0001439 seconds
[2019-12-09T02:07:58.415+0000][1][safepoint    ] Entering safepoint region: Cleanup
[2019-12-09T02:07:58.415+0000][1][safepoint    ] Leaving safepoint region
[2019-12-09T02:07:58.415+0000][1][safepoint    ] Total time for which application threads were stopped: 0.0000809 seconds, Stopping threads took: 0.0000176 seconds
[2019-12-09T02:08:03.416+0000][1][safepoint    ] Application time: 5.0003439 seconds
[2019-12-09T02:08:03.416+0000][1][safepoint    ] Entering safepoint region: Cleanup
[2019-12-09T02:08:03.416+0000][1][safepoint    ] Leaving safepoint region
[2019-12-09T02:08:03.416+0000][1][safepoint    ] Total time for which application threads were stopped: 0.0000824 seconds, Stopping threads took: 0.0000179 seconds
[2019-12-09T02:08:04.416+0000][1][safepoint    ] Application time: 1.0000786 seconds
[2019-12-09T02:08:04.416+0000][1][safepoint    ] Entering safepoint region: Cleanup
[2019-12-09T02:08:04.416+0000][1][safepoint    ] Leaving safepoint region
[2019-12-09T02:08:04.416+0000][1][safepoint    ] Total time for which application threads were stopped: 0.0000832 seconds, Stopping threads took: 0.0000182 seconds
[2019-12-09T02:08:13.417+0000][1][safepoint    ] Application time: 9.0006155 seconds
[2019-12-09T02:08:13.417+0000][1][safepoint    ] Entering safepoint region: Cleanup
[2019-12-09T02:08:13.417+0000][1][safepoint    ] Leaving safepoint region
[2019-12-09T02:08:13.417+0000][1][safepoint    ] Total time for which application threads were stopped: 0.0000735 seconds, Stopping threads took: 0.0000155 seconds
[2019-12-09T02:08:16.417+0000][1][safepoint    ] Application time: 3.0002116 seconds
[2019-12-09T02:08:16.417+0000][1][safepoint    ] Entering safepoint region: Cleanup
[2019-12-09T02:08:16.417+0000][1][safepoint    ] Leaving safepoint region
[2019-12-09T02:08:16.417+0000][1][safepoint    ] Total time for which application threads were stopped: 0.0000795 seconds, Stopping threads took: 0.0000164 seconds
[2019-12-09T02:08:18.417+0000][1][safepoint    ] Application time: 2.0001435 seconds
[2019-12-09T02:08:18.417+0000][1][safepoint    ] Entering safepoint region: Cleanup
[2019-12-09T02:08:18.417+0000][1][safepoint    ] Leaving safepoint region
[2019-12-09T02:08:18.417+0000][1][safepoint    ] Total time for which application threads were stopped: 0.0000792 seconds, Stopping threads took: 0.0000179 seconds
[2019-12-09T02:08:19.417+0000][1][safepoint    ] Application time: 1.0000760 seconds
[2019-12-09T02:08:19.417+0000][1][safepoint    ] Entering safepoint region: Cleanup
[2019-12-09T02:08:19.418+0000][1][safepoint    ] Leaving safepoint region
[2019-12-09T02:08:19.418+0000][1][safepoint    ] Total time for which application threads were stopped: 0.0000822 seconds, Stopping threads took: 0.0000164 seconds
[2019-12-09T02:08:20.418+0000][1][safepoint    ] Application time: 1.0000769 seconds
[2019-12-09T02:08:20.418+0000][1][safepoint    ] Entering safepoint region: Cleanup
[2019-12-09T02:08:20.418+0000][1][safepoint    ] Leaving safepoint region
[2019-12-09T02:08:20.418+0000][1][safepoint    ] Total time for which application threads were stopped: 0.0000866 seconds, Stopping threads took: 0.0000260 seconds
[2019-12-09T02:08:22.418+0000][1][safepoint    ] Application time: 2.0001423 seconds
[2019-12-09T02:08:22.418+0000][1][safepoint    ] Entering safepoint region: Cleanup
[2019-12-09T02:08:22.418+0000][1][safepoint    ] Leaving safepoint region
[2019-12-09T02:08:22.418+0000][1][safepoint    ] Total time for which application threads were stopped: 0.0000838 seconds, Stopping threads took: 0.0000246 seconds
[2019-12-09T02:08:24.418+0000][1][safepoint    ] Application time: 2.0001373 seconds
[2019-12-09T02:08:24.418+0000][1][safepoint    ] Entering safepoint region: Cleanup
[2019-12-09T02:08:24.418+0000][1][safepoint    ] Leaving safepoint region
[2019-12-09T02:08:24.418+0000][1][safepoint    ] Total time for which application threads were stopped: 0.0000861 seconds, Stopping threads took: 0.0000170 seconds
[2019-12-09T02:08:26.418+0000][1][safepoint    ] Application time: 2.0001433 seconds
[2019-12-09T02:08:26.418+0000][1][safepoint    ] Entering safepoint region: Cleanup
[2019-12-09T02:08:26.419+0000][1][safepoint    ] Leaving safepoint region
[2019-12-09T02:08:26.419+0000][1][safepoint    ] Total time for which application threads were stopped: 0.0000808 seconds, Stopping threads took: 0.0000179 seconds
[2019-12-09T02:08:30.419+0000][1][safepoint    ] Application time: 4.0002805 seconds
[2019-12-09T02:08:30.419+0000][1][safepoint    ] Entering safepoint region: Cleanup
[2019-12-09T02:08:30.419+0000][1][safepoint    ] Leaving safepoint region
[2019-12-09T02:08:30.419+0000][1][safepoint    ] Total time for which application threads were stopped: 0.0000770 seconds, Stopping threads took: 0.0000175 seconds
[2019-12-09T02:08:32.419+0000][1][safepoint    ] Application time: 2.0001431 seconds
[2019-12-09T02:08:32.419+0000][1][safepoint    ] Entering safepoint region: Cleanup
[2019-12-09T02:08:32.419+0000][1][safepoint    ] Leaving safepoint region
[2019-12-09T02:08:32.419+0000][1][safepoint    ] Total time for which application threads were stopped: 0.0000849 seconds, Stopping threads took: 0.0000244 seconds
[2019-12-09T02:08:35.419+0000][1][safepoint    ] Application time: 3.0002084 seconds
[2019-12-09T02:08:35.419+0000][1][safepoint    ] Entering safepoint region: Cleanup
[2019-12-09T02:08:35.420+0000][1][safepoint    ] Leaving safepoint region
[2019-12-09T02:08:35.420+0000][1][safepoint    ] Total time for which application threads were stopped: 0.0000744 seconds, Stopping threads took: 0.0000155 seconds
[2019-12-09T02:08:36.420+0000][1][safepoint    ] Application time: 1.0000765 seconds
[2019-12-09T02:08:36.420+0000][1][safepoint    ] Entering safepoint region: Cleanup
[2019-12-09T02:08:36.420+0000][1][safepoint    ] Leaving safepoint region
[2019-12-09T02:08:36.420+0000][1][safepoint    ] Total time for which application threads were stopped: 0.0000876 seconds, Stopping threads took: 0.0000291 seconds
[2019-12-09T02:08:42.420+0000][1][safepoint    ] Application time: 6.0003630 seconds
[2019-12-09T02:08:42.420+0000][1][safepoint    ] Entering safepoint region: Cleanup
[2019-12-09T02:08:42.420+0000][1][safepoint    ] Leaving safepoint region
[2019-12-09T02:08:42.420+0000][1][safepoint    ] Total time for which application threads were stopped: 0.0000746 seconds, Stopping threads took: 0.0000158 seconds
[2019-12-09T02:08:50.421+0000][1][safepoint    ] Application time: 8.0005411 seconds
[2019-12-09T02:08:50.421+0000][1][safepoint    ] Entering safepoint region: Cleanup
[2019-12-09T02:08:50.421+0000][1][safepoint    ] Leaving safepoint region
[2019-12-09T02:08:50.421+0000][1][safepoint    ] Total time for which application threads were stopped: 0.0000767 seconds, Stopping threads took: 0.0000164 seconds
[2019-12-09T02:08:53.421+0000][1][safepoint    ] Application time: 3.0002129 seconds
[2019-12-09T02:08:53.421+0000][1][safepoint    ] Entering safepoint region: Cleanup
[2019-12-09T02:08:53.421+0000][1][safepoint    ] Leaving safepoint region
[2019-12-09T02:08:53.421+0000][1][safepoint    ] Total time for which application threads were stopped: 0.0000793 seconds, Stopping threads took: 0.0000168 seconds
[2019-12-09T02:08:56.421+0000][1][safepoint    ] Application time: 3.0002085 seconds
[2019-12-09T02:08:56.421+0000][1][safepoint    ] Entering safepoint region: Cleanup
[2019-12-09T02:08:56.422+0000][1][safepoint    ] Leaving safepoint region
[2019-12-09T02:08:56.422+0000][1][safepoint    ] Total time for which application threads were stopped: 0.0000752 seconds, Stopping threads took: 0.0000157 seconds
[2019-12-09T02:09:01.422+0000][1][safepoint    ] Application time: 5.0003552 seconds
[2019-12-09T02:09:01.422+0000][1][safepoint    ] Entering safepoint region: Cleanup
[2019-12-09T02:09:01.422+0000][1][safepoint    ] Leaving safepoint region
[2019-12-09T02:09:01.422+0000][1][safepoint    ] Total time for which application threads were stopped: 0.0001265 seconds, Stopping threads took: 0.0000332 seconds
[2019-12-09T02:09:14.423+0000][1][safepoint    ] Application time: 13.0008859 seconds
[2019-12-09T02:09:14.423+0000][1][safepoint    ] Entering safepoint region: Cleanup
[2019-12-09T02:09:14.423+0000][1][safepoint    ] Leaving safepoint region
[2019-12-09T02:09:14.423+0000][1][safepoint    ] Total time for which application threads were stopped: 0.0000933 seconds, Stopping threads took: 0.0000245 seconds
[2019-12-09T02:09:15.423+0000][1][safepoint    ] Application time: 1.0000766 seconds
[2019-12-09T02:09:15.423+0000][1][safepoint    ] Entering safepoint region: Cleanup
[2019-12-09T02:09:15.423+0000][1][safepoint    ] Leaving safepoint region
[2019-12-09T02:09:15.423+0000][1][safepoint    ] Total time for which application threads were stopped: 0.0000792 seconds, Stopping threads took: 0.0000176 seconds
[2019-12-09T02:09:22.424+0000][1][safepoint    ] Application time: 7.0004804 seconds
[2019-12-09T02:09:22.424+0000][1][safepoint    ] Entering safepoint region: Cleanup
[2019-12-09T02:09:22.424+0000][1][safepoint    ] Leaving safepoint region
[2019-12-09T02:09:22.424+0000][1][safepoint    ] Total time for which application threads were stopped: 0.0000846 seconds, Stopping threads took: 0.0000190 seconds
[2019-12-09T02:09:23.424+0000][1][safepoint    ] Application time: 1.0000773 seconds
[2019-12-09T02:09:23.424+0000][1][safepoint    ] Entering safepoint region: Cleanup
[2019-12-09T02:09:23.424+0000][1][safepoint    ] Leaving safepoint region
[2019-12-09T02:09:23.424+0000][1][safepoint    ] Total time for which application threads were stopped: 0.0000778 seconds, Stopping threads took: 0.0000164 seconds
[2019-12-09T02:09:24.424+0000][1][safepoint    ] Application time: 1.0000755 seconds
[2019-12-09T02:09:24.424+0000][1][safepoint    ] Entering safepoint region: Cleanup
[2019-12-09T02:09:24.424+0000][1][safepoint    ] Leaving safepoint region
[2019-12-09T02:09:24.424+0000][1][safepoint    ] Total time for which application threads were stopped: 0.0000753 seconds, Stopping threads took: 0.0000158 seconds
[2019-12-09T02:09:29.425+0000][1][safepoint    ] Application time: 5.0003412 seconds
[2019-12-09T02:09:29.425+0000][1][safepoint    ] Entering safepoint region: Cleanup
[2019-12-09T02:09:29.425+0000][1][safepoint    ] Leaving safepoint region
[2019-12-09T02:09:29.425+0000][1][safepoint    ] Total time for which application threads were stopped: 0.0000786 seconds, Stopping threads took: 0.0000175 seconds
[2019-12-09T02:09:31.462+0000][1][safepoint    ] Application time: 2.0376860 seconds
[2019-12-09T02:09:31.463+0000][1][safepoint    ] Entering safepoint region: GenCollectForAllocation
[2019-12-09T02:09:31.463+0000][1][gc,start     ] GC(25) Pause Young (Allocation Failure)
[2019-12-09T02:09:31.463+0000][1][gc,task      ] GC(25) Using 2 workers of 2 for evacuation
[2019-12-09T02:09:31.467+0000][1][gc,age       ] GC(25) Desired survivor size 4456448 bytes, new threshold 6 (max threshold 6)
[2019-12-09T02:09:31.467+0000][1][gc,age       ] GC(25) Age table with threshold 6 (max threshold 6)
[2019-12-09T02:09:31.467+0000][1][gc,age       ] GC(25) - age   1:       6440 bytes,       6440 total
[2019-12-09T02:09:31.467+0000][1][gc,age       ] GC(25) - age   2:       7600 bytes,      14040 total
[2019-12-09T02:09:31.467+0000][1][gc,age       ] GC(25) - age   3:    1524712 bytes,    1538752 total
[2019-12-09T02:09:31.467+0000][1][gc,heap      ] GC(25) ParNew: 74809K->2409K(78656K)
[2019-12-09T02:09:31.467+0000][1][gc,heap      ] GC(25) CMS: 67801K->67801K(174784K)
[2019-12-09T02:09:31.467+0000][1][gc,metaspace ] GC(25) Metaspace: 67985K->67985K(1112064K)
[2019-12-09T02:09:31.467+0000][1][gc           ] GC(25) Pause Young (Allocation Failure) 139M->68M(247M) 4.867ms
[2019-12-09T02:09:31.467+0000][1][gc,cpu       ] GC(25) User=0.01s Sys=0.00s Real=0.01s
[2019-12-09T02:09:31.467+0000][1][safepoint    ] Leaving safepoint region
[2019-12-09T02:09:31.468+0000][1][safepoint    ] Total time for which application threads were stopped: 0.0050035 seconds, Stopping threads took: 0.0000160 seconds
[2019-12-09T02:09:32.468+0000][1][safepoint    ] Application time: 1.0000888 seconds
[2019-12-09T02:09:32.468+0000][1][safepoint    ] Entering safepoint region: Cleanup
[2019-12-09T02:09:32.468+0000][1][safepoint    ] Leaving safepoint region
[2019-12-09T02:09:32.468+0000][1][safepoint    ] Total time for which application threads were stopped: 0.0000906 seconds, Stopping threads took: 0.0000165 seconds
[2019-12-09T02:09:35.468+0000][1][safepoint    ] Application time: 3.0002105 seconds
[2019-12-09T02:09:35.468+0000][1][safepoint    ] Entering safepoint region: Cleanup
[2019-12-09T02:09:35.468+0000][1][safepoint    ] Leaving safepoint region
[2019-12-09T02:09:35.468+0000][1][safepoint    ] Total time for which application threads were stopped: 0.0000768 seconds, Stopping threads took: 0.0000172 seconds
[2019-12-09T02:09:36.468+0000][1][safepoint    ] Application time: 1.0000748 seconds
[2019-12-09T02:09:36.468+0000][1][safepoint    ] Entering safepoint region: Cleanup
[2019-12-09T02:09:36.468+0000][1][safepoint    ] Leaving safepoint region
[2019-12-09T02:09:36.468+0000][1][safepoint    ] Total time for which application threads were stopped: 0.0000781 seconds, Stopping threads took: 0.0000166 seconds
[2019-12-09T02:09:42.469+0000][1][safepoint    ] Application time: 6.0004149 seconds
[2019-12-09T02:09:42.469+0000][1][safepoint    ] Entering safepoint region: Cleanup
[2019-12-09T02:09:42.469+0000][1][safepoint    ] Leaving safepoint region
[2019-12-09T02:09:42.469+0000][1][safepoint    ] Total time for which application threads were stopped: 0.0000980 seconds, Stopping threads took: 0.0000245 seconds
[2019-12-09T02:09:51.469+0000][1][safepoint    ] Application time: 9.0006011 seconds
[2019-12-09T02:09:51.469+0000][1][safepoint    ] Entering safepoint region: Cleanup
[2019-12-09T02:09:51.470+0000][1][safepoint    ] Leaving safepoint region
[2019-12-09T02:09:51.470+0000][1][safepoint    ] Total time for which application threads were stopped: 0.0000827 seconds, Stopping threads took: 0.0000244 seconds
[2019-12-09T02:09:52.470+0000][1][safepoint    ] Application time: 1.0000768 seconds
[2019-12-09T02:09:52.470+0000][1][safepoint    ] Entering safepoint region: Cleanup
[2019-12-09T02:09:52.470+0000][1][safepoint    ] Leaving safepoint region
[2019-12-09T02:09:52.470+0000][1][safepoint    ] Total time for which application threads were stopped: 0.0000855 seconds, Stopping threads took: 0.0000283 seconds
[2019-12-09T02:09:53.470+0000][1][safepoint    ] Application time: 1.0000756 seconds
[2019-12-09T02:09:53.470+0000][1][safepoint    ] Entering safepoint region: Cleanup
[2019-12-09T02:09:53.470+0000][1][safepoint    ] Leaving safepoint region
[2019-12-09T02:09:53.470+0000][1][safepoint    ] Total time for which application threads were stopped: 0.0000846 seconds, Stopping threads took: 0.0000146 seconds
[2019-12-09T02:09:54.470+0000][1][safepoint    ] Application time: 1.0000741 seconds
[2019-12-09T02:09:54.470+0000][1][safepoint    ] Entering safepoint region: Cleanup
[2019-12-09T02:09:54.470+0000][1][safepoint    ] Leaving safepoint region
[2019-12-09T02:09:54.470+0000][1][safepoint    ] Total time for which application threads were stopped: 0.0000694 seconds, Stopping threads took: 0.0000163 seconds
[2019-12-09T02:10:04.471+0000][1][safepoint    ] Application time: 10.0006869 seconds
[2019-12-09T02:10:04.471+0000][1][safepoint    ] Entering safepoint region: Cleanup
[2019-12-09T02:10:04.471+0000][1][safepoint    ] Leaving safepoint region
[2019-12-09T02:10:04.471+0000][1][safepoint    ] Total time for which application threads were stopped: 0.0000825 seconds, Stopping threads took: 0.0000257 seconds
[2019-12-09T02:10:17.472+0000][1][safepoint    ] Application time: 13.0008653 seconds
[2019-12-09T02:10:17.472+0000][1][safepoint    ] Entering safepoint region: Cleanup
[2019-12-09T02:10:17.472+0000][1][safepoint    ] Leaving safepoint region
[2019-12-09T02:10:17.472+0000][1][safepoint    ] Total time for which application threads were stopped: 0.0000802 seconds, Stopping threads took: 0.0000243 seconds
[2019-12-09T02:10:23.472+0000][1][safepoint    ] Application time: 6.0004037 seconds
[2019-12-09T02:10:23.472+0000][1][safepoint    ] Entering safepoint region: Cleanup
[2019-12-09T02:10:23.472+0000][1][safepoint    ] Leaving safepoint region
[2019-12-09T02:10:23.472+0000][1][safepoint    ] Total time for which application threads were stopped: 0.0000739 seconds, Stopping threads took: 0.0000220 seconds
[2019-12-09T02:10:24.473+0000][1][safepoint    ] Application time: 1.0000756 seconds
[2019-12-09T02:10:24.473+0000][1][safepoint    ] Entering safepoint region: Cleanup
[2019-12-09T02:10:24.473+0000][1][safepoint    ] Leaving safepoint region
[2019-12-09T02:10:24.473+0000][1][safepoint    ] Total time for which application threads were stopped: 0.0000703 seconds, Stopping threads took: 0.0000149 seconds
[2019-12-09T02:10:27.473+0000][1][safepoint    ] Application time: 3.0002033 seconds
[2019-12-09T02:10:27.473+0000][1][safepoint    ] Entering safepoint region: Cleanup
[2019-12-09T02:10:27.473+0000][1][safepoint    ] Leaving safepoint region
[2019-12-09T02:10:27.473+0000][1][safepoint    ] Total time for which application threads were stopped: 0.0000866 seconds, Stopping threads took: 0.0000251 seconds
[2019-12-09T02:10:30.473+0000][1][safepoint    ] Application time: 3.0002076 seconds
[2019-12-09T02:10:30.473+0000][1][safepoint    ] Entering safepoint region: Cleanup
[2019-12-09T02:10:30.473+0000][1][safepoint    ] Leaving safepoint region
[2019-12-09T02:10:30.473+0000][1][safepoint    ] Total time for which application threads were stopped: 0.0000769 seconds, Stopping threads took: 0.0000175 seconds
[2019-12-09T02:10:32.473+0000][1][safepoint    ] Application time: 2.0001425 seconds
[2019-12-09T02:10:32.473+0000][1][safepoint    ] Entering safepoint region: Cleanup
[2019-12-09T02:10:32.474+0000][1][safepoint    ] Leaving safepoint region
[2019-12-09T02:10:32.474+0000][1][safepoint    ] Total time for which application threads were stopped: 0.0000720 seconds, Stopping threads took: 0.0000157 seconds
[2019-12-09T02:10:38.474+0000][1][safepoint    ] Application time: 6.0004077 seconds
[2019-12-09T02:10:38.474+0000][1][safepoint    ] Entering safepoint region: Cleanup
[2019-12-09T02:10:38.474+0000][1][safepoint    ] Leaving safepoint region
[2019-12-09T02:10:38.474+0000][1][safepoint    ] Total time for which application threads were stopped: 0.0000794 seconds, Stopping threads took: 0.0000236 seconds
[2019-12-09T02:10:41.474+0000][1][safepoint    ] Application time: 3.0002060 seconds
[2019-12-09T02:10:41.474+0000][1][safepoint    ] Entering safepoint region: Cleanup
[2019-12-09T02:10:41.474+0000][1][safepoint    ] Leaving safepoint region
[2019-12-09T02:10:41.474+0000][1][safepoint    ] Total time for which application threads were stopped: 0.0000784 seconds, Stopping threads took: 0.0000215 seconds
[2019-12-09T02:10:43.475+0000][1][safepoint    ] Application time: 2.0001456 seconds
[2019-12-09T02:10:43.475+0000][1][safepoint    ] Entering safepoint region: Cleanup
[2019-12-09T02:10:43.475+0000][1][safepoint    ] Leaving safepoint region
[2019-12-09T02:10:43.475+0000][1][safepoint    ] Total time for which application threads were stopped: 0.0000683 seconds, Stopping threads took: 0.0000152 seconds
[2019-12-09T02:10:44.475+0000][1][safepoint    ] Application time: 1.0000749 seconds
[2019-12-09T02:10:44.475+0000][1][safepoint    ] Entering safepoint region: Cleanup
[2019-12-09T02:10:44.475+0000][1][safepoint    ] Leaving safepoint region
[2019-12-09T02:10:44.475+0000][1][safepoint    ] Total time for which application threads were stopped: 0.0000755 seconds, Stopping threads took: 0.0000166 seconds
[2019-12-09T02:11:01.476+0000][1][safepoint    ] Application time: 17.0011462 seconds
[2019-12-09T02:11:01.476+0000][1][safepoint    ] Entering safepoint region: Cleanup
[2019-12-09T02:11:01.476+0000][1][safepoint    ] Leaving safepoint region
[2019-12-09T02:11:01.476+0000][1][safepoint    ] Total time for which application threads were stopped: 0.0000820 seconds, Stopping threads took: 0.0000234 seconds
[2019-12-09T02:11:02.476+0000][1][safepoint    ] Application time: 1.0000759 seconds
[2019-12-09T02:11:02.476+0000][1][safepoint    ] Entering safepoint region: Cleanup
[2019-12-09T02:11:02.476+0000][1][safepoint    ] Leaving safepoint region
[2019-12-09T02:11:02.476+0000][1][safepoint    ] Total time for which application threads were stopped: 0.0000769 seconds, Stopping threads took: 0.0000182 seconds
[2019-12-09T02:11:03.476+0000][1][safepoint    ] Application time: 1.0000755 seconds
[2019-12-09T02:11:03.476+0000][1][safepoint    ] Entering safepoint region: Cleanup
[2019-12-09T02:11:03.477+0000][1][safepoint    ] Leaving safepoint region
[2019-12-09T02:11:03.477+0000][1][safepoint    ] Total time for which application threads were stopped: 0.0000759 seconds, Stopping threads took: 0.0000164 seconds
[2019-12-09T02:11:17.477+0000][1][safepoint    ] Application time: 14.0009538 seconds
[2019-12-09T02:11:17.478+0000][1][safepoint    ] Entering safepoint region: Cleanup
[2019-12-09T02:11:17.478+0000][1][safepoint    ] Leaving safepoint region
[2019-12-09T02:11:17.478+0000][1][safepoint    ] Total time for which application threads were stopped: 0.0000709 seconds, Stopping threads took: 0.0000164 seconds
[2019-12-09T02:11:30.478+0000][1][safepoint    ] Application time: 13.0008634 seconds
[2019-12-09T02:11:30.479+0000][1][safepoint    ] Entering safepoint region: Cleanup
[2019-12-09T02:11:30.479+0000][1][safepoint    ] Leaving safepoint region
[2019-12-09T02:11:30.479+0000][1][safepoint    ] Total time for which application threads were stopped: 0.0000789 seconds, Stopping threads took: 0.0000243 seconds
[2019-12-09T02:11:31.479+0000][1][safepoint    ] Application time: 1.0000755 seconds
[2019-12-09T02:11:31.479+0000][1][safepoint    ] Entering safepoint region: Cleanup
[2019-12-09T02:11:31.479+0000][1][safepoint    ] Leaving safepoint region
[2019-12-09T02:11:31.479+0000][1][safepoint    ] Total time for which application threads were stopped: 0.0000750 seconds, Stopping threads took: 0.0000150 seconds
[2019-12-09T02:11:34.479+0000][1][safepoint    ] Application time: 3.0002054 seconds
[2019-12-09T02:11:34.479+0000][1][safepoint    ] Entering safepoint region: Cleanup
[2019-12-09T02:11:34.479+0000][1][safepoint    ] Leaving safepoint region
[2019-12-09T02:11:34.479+0000][1][safepoint    ] Total time for which application threads were stopped: 0.0000704 seconds, Stopping threads took: 0.0000159 seconds
[2019-12-09T02:11:36.479+0000][1][safepoint    ] Application time: 2.0001425 seconds
[2019-12-09T02:11:36.479+0000][1][safepoint    ] Entering safepoint region: Cleanup
[2019-12-09T02:11:36.479+0000][1][safepoint    ] Leaving safepoint region
[2019-12-09T02:11:36.479+0000][1][safepoint    ] Total time for which application threads were stopped: 0.0000673 seconds, Stopping threads took: 0.0000154 seconds
[2019-12-09T02:11:41.522+0000][1][safepoint    ] Application time: 5.0426393 seconds
[2019-12-09T02:11:41.522+0000][1][safepoint    ] Entering safepoint region: GenCollectForAllocation
[2019-12-09T02:11:41.522+0000][1][gc,start     ] GC(26) Pause Young (Allocation Failure)
[2019-12-09T02:11:41.522+0000][1][gc,task      ] GC(26) Using 2 workers of 2 for evacuation
[2019-12-09T02:11:41.527+0000][1][gc,age       ] GC(26) Desired survivor size 4456448 bytes, new threshold 6 (max threshold 6)
[2019-12-09T02:11:41.527+0000][1][gc,age       ] GC(26) Age table with threshold 6 (max threshold 6)
[2019-12-09T02:11:41.527+0000][1][gc,age       ] GC(26) - age   1:       7968 bytes,       7968 total
[2019-12-09T02:11:41.527+0000][1][gc,age       ] GC(26) - age   2:       2816 bytes,      10784 total
[2019-12-09T02:11:41.527+0000][1][gc,age       ] GC(26) - age   3:       7600 bytes,      18384 total
[2019-12-09T02:11:41.527+0000][1][gc,age       ] GC(26) - age   4:    1518016 bytes,    1536400 total
[2019-12-09T02:11:41.527+0000][1][gc,heap      ] GC(26) ParNew: 72361K->2292K(78656K)
[2019-12-09T02:11:41.527+0000][1][gc,heap      ] GC(26) CMS: 67801K->67801K(174784K)
[2019-12-09T02:11:41.527+0000][1][gc,metaspace ] GC(26) Metaspace: 68080K->68080K(1112064K)
[2019-12-09T02:11:41.527+0000][1][gc           ] GC(26) Pause Young (Allocation Failure) 136M->68M(247M) 4.955ms
[2019-12-09T02:11:41.527+0000][1][gc,cpu       ] GC(26) User=0.01s Sys=0.00s Real=0.01s
[2019-12-09T02:11:41.527+0000][1][safepoint    ] Leaving safepoint region
[2019-12-09T02:11:41.527+0000][1][safepoint    ] Total time for which application threads were stopped: 0.0050886 seconds, Stopping threads took: 0.0000144 seconds
[2019-12-09T02:11:58.528+0000][1][safepoint    ] Application time: 17.0011398 seconds
[2019-12-09T02:11:58.528+0000][1][safepoint    ] Entering safepoint region: Cleanup
[2019-12-09T02:11:58.528+0000][1][safepoint    ] Leaving safepoint region
[2019-12-09T02:11:58.528+0000][1][safepoint    ] Total time for which application threads were stopped: 0.0000789 seconds, Stopping threads took: 0.0000254 seconds
[2019-12-09T02:12:19.530+0000][1][safepoint    ] Application time: 21.0014432 seconds
[2019-12-09T02:12:19.530+0000][1][safepoint    ] Entering safepoint region: Cleanup
[2019-12-09T02:12:19.530+0000][1][safepoint    ] Leaving safepoint region
[2019-12-09T02:12:19.530+0000][1][safepoint    ] Total time for which application threads were stopped: 0.0000720 seconds, Stopping threads took: 0.0000162 seconds
[2019-12-09T02:12:35.531+0000][1][safepoint    ] Application time: 16.0010976 seconds
[2019-12-09T02:12:35.531+0000][1][safepoint    ] Entering safepoint region: Cleanup
[2019-12-09T02:12:35.531+0000][1][safepoint    ] Leaving safepoint region
[2019-12-09T02:12:35.531+0000][1][safepoint    ] Total time for which application threads were stopped: 0.0000817 seconds, Stopping threads took: 0.0000227 seconds
[2019-12-09T02:12:48.532+0000][1][safepoint    ] Application time: 13.0008924 seconds
[2019-12-09T02:12:48.532+0000][1][safepoint    ] Entering safepoint region: Cleanup
[2019-12-09T02:12:48.532+0000][1][safepoint    ] Leaving safepoint region
[2019-12-09T02:12:48.532+0000][1][safepoint    ] Total time for which application threads were stopped: 0.0000722 seconds, Stopping threads took: 0.0000162 seconds
[2019-12-09T02:12:52.532+0000][1][safepoint    ] Application time: 4.0002730 seconds
[2019-12-09T02:12:52.532+0000][1][safepoint    ] Entering safepoint region: Cleanup
[2019-12-09T02:12:52.533+0000][1][safepoint    ] Leaving safepoint region
[2019-12-09T02:12:52.533+0000][1][safepoint    ] Total time for which application threads were stopped: 0.0000767 seconds, Stopping threads took: 0.0000147 seconds
[2019-12-09T02:12:57.533+0000][1][safepoint    ] Application time: 5.0003226 seconds
[2019-12-09T02:12:57.533+0000][1][safepoint    ] Entering safepoint region: Cleanup
[2019-12-09T02:12:57.533+0000][1][safepoint    ] Leaving safepoint region
[2019-12-09T02:12:57.533+0000][1][safepoint    ] Total time for which application threads were stopped: 0.0000794 seconds, Stopping threads took: 0.0000223 seconds
[2019-12-09T02:13:01.533+0000][1][safepoint    ] Application time: 4.0002739 seconds
[2019-12-09T02:13:01.533+0000][1][safepoint    ] Entering safepoint region: Cleanup
[2019-12-09T02:13:01.533+0000][1][safepoint    ] Leaving safepoint region
[2019-12-09T02:13:01.533+0000][1][safepoint    ] Total time for which application threads were stopped: 0.0000711 seconds, Stopping threads took: 0.0000140 seconds
[2019-12-09T02:13:06.534+0000][1][safepoint    ] Application time: 5.0003519 seconds
[2019-12-09T02:13:06.534+0000][1][safepoint    ] Entering safepoint region: Cleanup
[2019-12-09T02:13:06.534+0000][1][safepoint    ] Leaving safepoint region
[2019-12-09T02:13:06.534+0000][1][safepoint    ] Total time for which application threads were stopped: 0.0000719 seconds, Stopping threads took: 0.0000162 seconds
[2019-12-09T02:13:09.534+0000][1][safepoint    ] Application time: 3.0002112 seconds
[2019-12-09T02:13:09.534+0000][1][safepoint    ] Entering safepoint region: Cleanup
[2019-12-09T02:13:09.534+0000][1][safepoint    ] Leaving safepoint region
[2019-12-09T02:13:09.534+0000][1][safepoint    ] Total time for which application threads were stopped: 0.0000707 seconds, Stopping threads took: 0.0000165 seconds
[2019-12-09T02:13:32.536+0000][1][safepoint    ] Application time: 23.0015509 seconds
[2019-12-09T02:13:32.536+0000][1][safepoint    ] Entering safepoint region: Cleanup
[2019-12-09T02:13:32.536+0000][1][safepoint    ] Leaving safepoint region
[2019-12-09T02:13:32.536+0000][1][safepoint    ] Total time for which application threads were stopped: 0.0000767 seconds, Stopping threads took: 0.0000234 seconds
[2019-12-09T02:13:37.536+0000][1][safepoint    ] Application time: 5.0003452 seconds
[2019-12-09T02:13:37.536+0000][1][safepoint    ] Entering safepoint region: Cleanup
[2019-12-09T02:13:37.536+0000][1][safepoint    ] Leaving safepoint region
[2019-12-09T02:13:37.536+0000][1][safepoint    ] Total time for which application threads were stopped: 0.0000690 seconds, Stopping threads took: 0.0000154 seconds
[2019-12-09T02:13:39.536+0000][1][safepoint    ] Application time: 2.0001424 seconds
[2019-12-09T02:13:39.536+0000][1][safepoint    ] Entering safepoint region: Cleanup
[2019-12-09T02:13:39.537+0000][1][safepoint    ] Leaving safepoint region
[2019-12-09T02:13:39.537+0000][1][safepoint    ] Total time for which application threads were stopped: 0.0000755 seconds, Stopping threads took: 0.0000152 seconds
[2019-12-09T02:13:47.537+0000][1][safepoint    ] Application time: 8.0005411 seconds
[2019-12-09T02:13:47.537+0000][1][safepoint    ] Entering safepoint region: Cleanup
[2019-12-09T02:13:47.537+0000][1][safepoint    ] Leaving safepoint region
[2019-12-09T02:13:47.537+0000][1][safepoint    ] Total time for which application threads were stopped: 0.0000733 seconds, Stopping threads took: 0.0000164 seconds
[2019-12-09T02:13:51.537+0000][1][safepoint    ] Application time: 4.0002727 seconds
[2019-12-09T02:13:51.538+0000][1][safepoint    ] Entering safepoint region: Cleanup
[2019-12-09T02:13:51.538+0000][1][safepoint    ] Leaving safepoint region
[2019-12-09T02:13:51.538+0000][1][safepoint    ] Total time for which application threads were stopped: 0.0000660 seconds, Stopping threads took: 0.0000154 seconds
[2019-12-09T02:13:51.577+0000][1][safepoint    ] Application time: 0.0397871 seconds
[2019-12-09T02:13:51.577+0000][1][safepoint    ] Entering safepoint region: GenCollectForAllocation
[2019-12-09T02:13:51.577+0000][1][gc,start     ] GC(27) Pause Young (Allocation Failure)
[2019-12-09T02:13:51.577+0000][1][gc,task      ] GC(27) Using 2 workers of 2 for evacuation
[2019-12-09T02:13:51.582+0000][1][gc,age       ] GC(27) Desired survivor size 4456448 bytes, new threshold 6 (max threshold 6)
[2019-12-09T02:13:51.582+0000][1][gc,age       ] GC(27) Age table with threshold 6 (max threshold 6)
[2019-12-09T02:13:51.582+0000][1][gc,age       ] GC(27) - age   1:       8440 bytes,       8440 total
[2019-12-09T02:13:51.582+0000][1][gc,age       ] GC(27) - age   2:       4384 bytes,      12824 total
[2019-12-09T02:13:51.582+0000][1][gc,age       ] GC(27) - age   3:       2816 bytes,      15640 total
[2019-12-09T02:13:51.582+0000][1][gc,age       ] GC(27) - age   4:       7600 bytes,      23240 total
[2019-12-09T02:13:51.582+0000][1][gc,age       ] GC(27) - age   5:    1518016 bytes,    1541256 total
[2019-12-09T02:13:51.582+0000][1][gc,heap      ] GC(27) ParNew: 72244K->2261K(78656K)
[2019-12-09T02:13:51.582+0000][1][gc,heap      ] GC(27) CMS: 67801K->67801K(174784K)
[2019-12-09T02:13:51.582+0000][1][gc,metaspace ] GC(27) Metaspace: 68116K->68116K(1112064K)
[2019-12-09T02:13:51.582+0000][1][gc           ] GC(27) Pause Young (Allocation Failure) 136M->68M(247M) 4.891ms
[2019-12-09T02:13:51.582+0000][1][gc,cpu       ] GC(27) User=0.01s Sys=0.00s Real=0.00s
[2019-12-09T02:13:51.582+0000][1][safepoint    ] Leaving safepoint region
[2019-12-09T02:13:51.582+0000][1][safepoint    ] Total time for which application threads were stopped: 0.0050181 seconds, Stopping threads took: 0.0000119 seconds
[2019-12-09T02:13:57.583+0000][1][safepoint    ] Application time: 6.0004264 seconds
[2019-12-09T02:13:57.583+0000][1][safepoint    ] Entering safepoint region: Cleanup
[2019-12-09T02:13:57.583+0000][1][safepoint    ] Leaving safepoint region
[2019-12-09T02:13:57.583+0000][1][safepoint    ] Total time for which application threads were stopped: 0.0000892 seconds, Stopping threads took: 0.0000319 seconds
[2019-12-09T02:14:05.583+0000][1][safepoint    ] Application time: 8.0005174 seconds
[2019-12-09T02:14:05.584+0000][1][safepoint    ] Entering safepoint region: Cleanup
[2019-12-09T02:14:05.584+0000][1][safepoint    ] Leaving safepoint region
[2019-12-09T02:14:05.584+0000][1][safepoint    ] Total time for which application threads were stopped: 0.0000724 seconds, Stopping threads took: 0.0000168 seconds
[2019-12-09T02:14:07.584+0000][1][safepoint    ] Application time: 2.0001427 seconds
[2019-12-09T02:14:07.584+0000][1][safepoint    ] Entering safepoint region: Cleanup
[2019-12-09T02:14:07.584+0000][1][safepoint    ] Leaving safepoint region
[2019-12-09T02:14:07.584+0000][1][safepoint    ] Total time for which application threads were stopped: 0.0000715 seconds, Stopping threads took: 0.0000165 seconds
[2019-12-09T02:14:37.586+0000][1][safepoint    ] Application time: 30.0019975 seconds
[2019-12-09T02:14:37.586+0000][1][safepoint    ] Entering safepoint region: Cleanup
[2019-12-09T02:14:37.586+0000][1][safepoint    ] Leaving safepoint region
[2019-12-09T02:14:37.586+0000][1][safepoint    ] Total time for which application threads were stopped: 0.0000815 seconds, Stopping threads took: 0.0000239 seconds
[2019-12-09T02:14:42.586+0000][1][safepoint    ] Application time: 5.0003488 seconds
[2019-12-09T02:14:42.586+0000][1][safepoint    ] Entering safepoint region: Cleanup
[2019-12-09T02:14:42.586+0000][1][safepoint    ] Leaving safepoint region
[2019-12-09T02:14:42.586+0000][1][safepoint    ] Total time for which application threads were stopped: 0.0000738 seconds, Stopping threads took: 0.0000201 seconds
[2019-12-09T02:14:43.586+0000][1][safepoint    ] Application time: 1.0000777 seconds
[2019-12-09T02:14:43.587+0000][1][safepoint    ] Entering safepoint region: Cleanup
[2019-12-09T02:14:43.587+0000][1][safepoint    ] Leaving safepoint region
[2019-12-09T02:14:43.587+0000][1][safepoint    ] Total time for which application threads were stopped: 0.0000688 seconds, Stopping threads took: 0.0000146 seconds
[2019-12-09T02:15:02.588+0000][1][safepoint    ] Application time: 19.0013260 seconds
[2019-12-09T02:15:02.588+0000][1][safepoint    ] Entering safepoint region: Cleanup
[2019-12-09T02:15:02.588+0000][1][safepoint    ] Leaving safepoint region
[2019-12-09T02:15:02.588+0000][1][safepoint    ] Total time for which application threads were stopped: 0.0000918 seconds, Stopping threads took: 0.0000212 seconds
[2019-12-09T02:15:12.589+0000][1][safepoint    ] Application time: 10.0006476 seconds
[2019-12-09T02:15:12.589+0000][1][safepoint    ] Entering safepoint region: Cleanup
[2019-12-09T02:15:12.589+0000][1][safepoint    ] Leaving safepoint region
[2019-12-09T02:15:12.589+0000][1][safepoint    ] Total time for which application threads were stopped: 0.0000849 seconds, Stopping threads took: 0.0000277 seconds
[2019-12-09T02:15:13.589+0000][1][safepoint    ] Application time: 1.0000923 seconds
[2019-12-09T02:15:13.589+0000][1][safepoint    ] Entering safepoint region: Cleanup
[2019-12-09T02:15:13.589+0000][1][safepoint    ] Leaving safepoint region
[2019-12-09T02:15:13.589+0000][1][safepoint    ] Total time for which application threads were stopped: 0.0001124 seconds, Stopping threads took: 0.0000494 seconds
[2019-12-09T02:15:31.593+0000][1][safepoint    ] Application time: 18.0037619 seconds
[2019-12-09T02:15:31.593+0000][1][safepoint    ] Entering safepoint region: Cleanup
[2019-12-09T02:15:31.593+0000][1][safepoint    ] Leaving safepoint region
[2019-12-09T02:15:31.593+0000][1][safepoint    ] Total time for which application threads were stopped: 0.0000677 seconds, Stopping threads took: 0.0000161 seconds
[2019-12-09T02:15:34.593+0000][1][safepoint    ] Application time: 3.0002164 seconds
[2019-12-09T02:15:34.593+0000][1][safepoint    ] Entering safepoint region: Cleanup
[2019-12-09T02:15:34.593+0000][1][safepoint    ] Leaving safepoint region
[2019-12-09T02:15:34.593+0000][1][safepoint    ] Total time for which application threads were stopped: 0.0000756 seconds, Stopping threads took: 0.0000224 seconds
[2019-12-09T02:15:44.594+0000][1][safepoint    ] Application time: 10.0007115 seconds
[2019-12-09T02:15:44.594+0000][1][safepoint    ] Entering safepoint region: Cleanup
[2019-12-09T02:15:44.594+0000][1][safepoint    ] Leaving safepoint region
[2019-12-09T02:15:44.594+0000][1][safepoint    ] Total time for which application threads were stopped: 0.0001099 seconds, Stopping threads took: 0.0000331 seconds
[2019-12-09T02:15:47.594+0000][1][safepoint    ] Application time: 3.0002038 seconds
[2019-12-09T02:15:47.594+0000][1][safepoint    ] Entering safepoint region: Cleanup
[2019-12-09T02:15:47.594+0000][1][safepoint    ] Leaving safepoint region
[2019-12-09T02:15:47.594+0000][1][safepoint    ] Total time for which application threads were stopped: 0.0000740 seconds, Stopping threads took: 0.0000163 seconds
[2019-12-09T02:15:58.595+0000][1][safepoint    ] Application time: 11.0007496 seconds
[2019-12-09T02:15:58.595+0000][1][safepoint    ] Entering safepoint region: Cleanup
[2019-12-09T02:15:58.595+0000][1][safepoint    ] Leaving safepoint region
[2019-12-09T02:15:58.595+0000][1][safepoint    ] Total time for which application threads were stopped: 0.0000691 seconds, Stopping threads took: 0.0000166 seconds
[2019-12-09T02:16:01.640+0000][1][safepoint    ] Application time: 3.0444343 seconds
[2019-12-09T02:16:01.640+0000][1][safepoint    ] Entering safepoint region: GenCollectForAllocation
[2019-12-09T02:16:01.640+0000][1][gc,start     ] GC(28) Pause Young (Allocation Failure)
[2019-12-09T02:16:01.640+0000][1][gc,task      ] GC(28) Using 2 workers of 2 for evacuation
[2019-12-09T02:16:01.645+0000][1][gc,age       ] GC(28) Desired survivor size 4456448 bytes, new threshold 6 (max threshold 6)
[2019-12-09T02:16:01.645+0000][1][gc,age       ] GC(28) Age table with threshold 6 (max threshold 6)
[2019-12-09T02:16:01.645+0000][1][gc,age       ] GC(28) - age   1:       4576 bytes,       4576 total
[2019-12-09T02:16:01.645+0000][1][gc,age       ] GC(28) - age   2:       4760 bytes,       9336 total
[2019-12-09T02:16:01.645+0000][1][gc,age       ] GC(28) - age   3:       4384 bytes,      13720 total
[2019-12-09T02:16:01.645+0000][1][gc,age       ] GC(28) - age   4:       2816 bytes,      16536 total
[2019-12-09T02:16:01.645+0000][1][gc,age       ] GC(28) - age   5:       7600 bytes,      24136 total
[2019-12-09T02:16:01.645+0000][1][gc,age       ] GC(28) - age   6:    1518016 bytes,    1542152 total
[2019-12-09T02:16:01.645+0000][1][gc,heap      ] GC(28) ParNew: 72213K->2258K(78656K)
[2019-12-09T02:16:01.645+0000][1][gc,heap      ] GC(28) CMS: 67801K->67801K(174784K)
[2019-12-09T02:16:01.645+0000][1][gc,metaspace ] GC(28) Metaspace: 68138K->68138K(1112064K)
[2019-12-09T02:16:01.645+0000][1][gc           ] GC(28) Pause Young (Allocation Failure) 136M->68M(247M) 5.534ms
[2019-12-09T02:16:01.645+0000][1][gc,cpu       ] GC(28) User=0.01s Sys=0.00s Real=0.01s
[2019-12-09T02:16:01.645+0000][1][safepoint    ] Leaving safepoint region
[2019-12-09T02:16:01.645+0000][1][safepoint    ] Total time for which application threads were stopped: 0.0057390 seconds, Stopping threads took: 0.0000218 seconds
[2019-12-09T02:16:05.646+0000][1][safepoint    ] Application time: 4.0002960 seconds
[2019-12-09T02:16:05.646+0000][1][safepoint    ] Entering safepoint region: Cleanup
[2019-12-09T02:16:05.646+0000][1][safepoint    ] Leaving safepoint region
[2019-12-09T02:16:05.646+0000][1][safepoint    ] Total time for which application threads were stopped: 0.0000666 seconds, Stopping threads took: 0.0000153 seconds
[2019-12-09T02:16:18.647+0000][1][safepoint    ] Application time: 13.0009105 seconds
[2019-12-09T02:16:18.647+0000][1][safepoint    ] Entering safepoint region: Cleanup
[2019-12-09T02:16:18.647+0000][1][safepoint    ] Leaving safepoint region
[2019-12-09T02:16:18.647+0000][1][safepoint    ] Total time for which application threads were stopped: 0.0000717 seconds, Stopping threads took: 0.0000225 seconds
[2019-12-09T02:16:51.649+0000][1][safepoint    ] Application time: 33.0023458 seconds
[2019-12-09T02:16:51.649+0000][1][safepoint    ] Entering safepoint region: Cleanup
[2019-12-09T02:16:51.649+0000][1][safepoint    ] Leaving safepoint region
[2019-12-09T02:16:51.649+0000][1][safepoint    ] Total time for which application threads were stopped: 0.0000740 seconds, Stopping threads took: 0.0000228 seconds
[2019-12-09T02:17:30.652+0000][1][safepoint    ] Application time: 39.0028457 seconds
[2019-12-09T02:17:30.652+0000][1][safepoint    ] Entering safepoint region: Cleanup
[2019-12-09T02:17:30.652+0000][1][safepoint    ] Leaving safepoint region
[2019-12-09T02:17:30.652+0000][1][safepoint    ] Total time for which application threads were stopped: 0.0000779 seconds, Stopping threads took: 0.0000241 seconds
[2019-12-09T02:17:35.653+0000][1][safepoint    ] Application time: 5.0002964 seconds
[2019-12-09T02:17:35.653+0000][1][safepoint    ] Entering safepoint region: Cleanup
[2019-12-09T02:17:35.653+0000][1][safepoint    ] Leaving safepoint region
[2019-12-09T02:17:35.653+0000][1][safepoint    ] Total time for which application threads were stopped: 0.0000814 seconds, Stopping threads took: 0.0000293 seconds
[2019-12-09T02:17:52.654+0000][1][safepoint    ] Application time: 17.0011397 seconds
[2019-12-09T02:17:52.654+0000][1][safepoint    ] Entering safepoint region: Cleanup
[2019-12-09T02:17:52.654+0000][1][safepoint    ] Leaving safepoint region
[2019-12-09T02:17:52.654+0000][1][safepoint    ] Total time for which application threads were stopped: 0.0000727 seconds, Stopping threads took: 0.0000259 seconds
[2019-12-09T02:17:55.654+0000][1][safepoint    ] Application time: 3.0002075 seconds
[2019-12-09T02:17:55.654+0000][1][safepoint    ] Entering safepoint region: Cleanup
[2019-12-09T02:17:55.654+0000][1][safepoint    ] Leaving safepoint region
[2019-12-09T02:17:55.654+0000][1][safepoint    ] Total time for which application threads were stopped: 0.0000683 seconds, Stopping threads took: 0.0000160 seconds
[2019-12-09T02:17:56.654+0000][1][safepoint    ] Application time: 1.0000772 seconds
[2019-12-09T02:17:56.654+0000][1][safepoint    ] Entering safepoint region: Cleanup
[2019-12-09T02:17:56.654+0000][1][safepoint    ] Leaving safepoint region
[2019-12-09T02:17:56.654+0000][1][safepoint    ] Total time for which application threads were stopped: 0.0000646 seconds, Stopping threads took: 0.0000160 seconds
[2019-12-09T02:18:11.695+0000][1][safepoint    ] Application time: 15.0402255 seconds
[2019-12-09T02:18:11.695+0000][1][safepoint    ] Entering safepoint region: GenCollectForAllocation
[2019-12-09T02:18:11.695+0000][1][gc,start     ] GC(29) Pause Young (Allocation Failure)
[2019-12-09T02:18:11.695+0000][1][gc,task      ] GC(29) Using 2 workers of 2 for evacuation
[2019-12-09T02:18:11.701+0000][1][gc,age       ] GC(29) Desired survivor size 4456448 bytes, new threshold 6 (max threshold 6)
[2019-12-09T02:18:11.701+0000][1][gc,age       ] GC(29) Age table with threshold 6 (max threshold 6)
[2019-12-09T02:18:11.701+0000][1][gc,age       ] GC(29) - age   1:       4912 bytes,       4912 total
[2019-12-09T02:18:11.701+0000][1][gc,age       ] GC(29) - age   2:       1880 bytes,       6792 total
[2019-12-09T02:18:11.701+0000][1][gc,age       ] GC(29) - age   3:       4760 bytes,      11552 total
[2019-12-09T02:18:11.701+0000][1][gc,age       ] GC(29) - age   4:       4384 bytes,      15936 total
[2019-12-09T02:18:11.701+0000][1][gc,age       ] GC(29) - age   5:       2816 bytes,      18752 total
[2019-12-09T02:18:11.701+0000][1][gc,age       ] GC(29) - age   6:       7600 bytes,      26352 total
[2019-12-09T02:18:11.701+0000][1][gc,heap      ] GC(29) ParNew: 72210K->1505K(78656K)
[2019-12-09T02:18:11.701+0000][1][gc,heap      ] GC(29) CMS: 67801K->69325K(174784K)
[2019-12-09T02:18:11.701+0000][1][gc,metaspace ] GC(29) Metaspace: 68140K->68140K(1112064K)
[2019-12-09T02:18:11.701+0000][1][gc           ] GC(29) Pause Young (Allocation Failure) 136M->69M(247M) 6.607ms
[2019-12-09T02:18:11.701+0000][1][gc,cpu       ] GC(29) User=0.01s Sys=0.00s Real=0.00s
[2019-12-09T02:18:11.701+0000][1][safepoint    ] Leaving safepoint region
[2019-12-09T02:18:11.701+0000][1][safepoint    ] Total time for which application threads were stopped: 0.0067589 seconds, Stopping threads took: 0.0000153 seconds
[2019-12-09T02:18:43.704+0000][1][safepoint    ] Application time: 32.0022177 seconds
[2019-12-09T02:18:43.704+0000][1][safepoint    ] Entering safepoint region: Cleanup
[2019-12-09T02:18:43.704+0000][1][safepoint    ] Leaving safepoint region
[2019-12-09T02:18:43.704+0000][1][safepoint    ] Total time for which application threads were stopped: 0.0001181 seconds, Stopping threads took: 0.0000361 seconds
[2019-12-09T02:18:50.704+0000][1][safepoint    ] Application time: 7.0005683 seconds
[2019-12-09T02:18:50.705+0000][1][safepoint    ] Entering safepoint region: Cleanup
[2019-12-09T02:18:50.705+0000][1][safepoint    ] Leaving safepoint region
[2019-12-09T02:18:50.705+0000][1][safepoint    ] Total time for which application threads were stopped: 0.0001082 seconds, Stopping threads took: 0.0000325 seconds
[2019-12-09T02:18:58.705+0000][1][safepoint    ] Application time: 8.0005293 seconds
[2019-12-09T02:18:58.705+0000][1][safepoint    ] Entering safepoint region: Cleanup
[2019-12-09T02:18:58.705+0000][1][safepoint    ] Leaving safepoint region
[2019-12-09T02:18:58.705+0000][1][safepoint    ] Total time for which application threads were stopped: 0.0000746 seconds, Stopping threads took: 0.0000164 seconds
[2019-12-09T02:19:00.705+0000][1][safepoint    ] Application time: 2.0001515 seconds
[2019-12-09T02:19:00.705+0000][1][safepoint    ] Entering safepoint region: Cleanup
[2019-12-09T02:19:00.706+0000][1][safepoint    ] Leaving safepoint region
[2019-12-09T02:19:00.706+0000][1][safepoint    ] Total time for which application threads were stopped: 0.0000722 seconds, Stopping threads took: 0.0000168 seconds
[2019-12-09T02:19:02.706+0000][1][safepoint    ] Application time: 2.0001453 seconds
[2019-12-09T02:19:02.706+0000][1][safepoint    ] Entering safepoint region: Cleanup
[2019-12-09T02:19:02.706+0000][1][safepoint    ] Leaving safepoint region
[2019-12-09T02:19:02.706+0000][1][safepoint    ] Total time for which application threads were stopped: 0.0000727 seconds, Stopping threads took: 0.0000181 seconds
[2019-12-09T02:19:03.706+0000][1][safepoint    ] Application time: 1.0000825 seconds
[2019-12-09T02:19:03.706+0000][1][safepoint    ] Entering safepoint region: Cleanup
[2019-12-09T02:19:03.706+0000][1][safepoint    ] Leaving safepoint region
[2019-12-09T02:19:03.706+0000][1][safepoint    ] Total time for which application threads were stopped: 0.0000749 seconds, Stopping threads took: 0.0000184 seconds
[2019-12-09T02:19:04.706+0000][1][safepoint    ] Application time: 1.0000758 seconds
[2019-12-09T02:19:04.706+0000][1][safepoint    ] Entering safepoint region: Cleanup
[2019-12-09T02:19:04.706+0000][1][safepoint    ] Leaving safepoint region
[2019-12-09T02:19:04.706+0000][1][safepoint    ] Total time for which application threads were stopped: 0.0000750 seconds, Stopping threads took: 0.0000163 seconds
[2019-12-09T02:19:09.707+0000][1][safepoint    ] Application time: 5.0003435 seconds
[2019-12-09T02:19:09.707+0000][1][safepoint    ] Entering safepoint region: Cleanup
[2019-12-09T02:19:09.707+0000][1][safepoint    ] Leaving safepoint region
[2019-12-09T02:19:09.707+0000][1][safepoint    ] Total time for which application threads were stopped: 0.0000724 seconds, Stopping threads took: 0.0000167 seconds
[2019-12-09T02:19:32.708+0000][1][safepoint    ] Application time: 23.0015742 seconds
[2019-12-09T02:19:32.708+0000][1][safepoint    ] Entering safepoint region: Cleanup
[2019-12-09T02:19:32.708+0000][1][safepoint    ] Leaving safepoint region
[2019-12-09T02:19:32.708+0000][1][safepoint    ] Total time for which application threads were stopped: 0.0000802 seconds, Stopping threads took: 0.0000257 seconds
[2019-12-09T02:19:56.739+0000][1][safepoint    ] Application time: 24.0310471 seconds
[2019-12-09T02:19:56.739+0000][1][safepoint    ] Entering safepoint region: RevokeBias
[2019-12-09T02:19:56.740+0000][1][safepoint    ] Leaving safepoint region
[2019-12-09T02:19:56.740+0000][1][safepoint    ] Total time for which application threads were stopped: 0.0001145 seconds, Stopping threads took: 0.0000218 seconds
[2019-12-09T02:19:57.740+0000][1][safepoint    ] Application time: 1.0000867 seconds
[2019-12-09T02:19:57.740+0000][1][safepoint    ] Entering safepoint region: Cleanup
[2019-12-09T02:19:57.740+0000][1][safepoint    ] Leaving safepoint region
[2019-12-09T02:19:57.740+0000][1][safepoint    ] Total time for which application threads were stopped: 0.0000869 seconds, Stopping threads took: 0.0000295 seconds
[2019-12-09T02:20:21.749+0000][1][safepoint    ] Application time: 24.0096631 seconds
[2019-12-09T02:20:21.749+0000][1][safepoint    ] Entering safepoint region: GenCollectForAllocation
[2019-12-09T02:20:21.750+0000][1][gc,start     ] GC(30) Pause Young (Allocation Failure)
[2019-12-09T02:20:21.750+0000][1][gc,task      ] GC(30) Using 2 workers of 2 for evacuation
[2019-12-09T02:20:21.751+0000][1][gc,age       ] GC(30) Desired survivor size 4456448 bytes, new threshold 6 (max threshold 6)
[2019-12-09T02:20:21.751+0000][1][gc,age       ] GC(30) Age table with threshold 6 (max threshold 6)
[2019-12-09T02:20:21.751+0000][1][gc,age       ] GC(30) - age   1:       6856 bytes,       6856 total
[2019-12-09T02:20:21.751+0000][1][gc,age       ] GC(30) - age   2:       2144 bytes,       9000 total
[2019-12-09T02:20:21.751+0000][1][gc,age       ] GC(30) - age   3:       1880 bytes,      10880 total
[2019-12-09T02:20:21.751+0000][1][gc,age       ] GC(30) - age   4:       4760 bytes,      15640 total
[2019-12-09T02:20:21.751+0000][1][gc,age       ] GC(30) - age   5:       4384 bytes,      20024 total
[2019-12-09T02:20:21.751+0000][1][gc,age       ] GC(30) - age   6:       2816 bytes,      22840 total
[2019-12-09T02:20:21.751+0000][1][gc,heap      ] GC(30) ParNew: 71457K->381K(78656K)
[2019-12-09T02:20:21.751+0000][1][gc,heap      ] GC(30) CMS: 69325K->69332K(174784K)
[2019-12-09T02:20:21.751+0000][1][gc,metaspace ] GC(30) Metaspace: 68141K->68141K(1112064K)
[2019-12-09T02:20:21.751+0000][1][gc           ] GC(30) Pause Young (Allocation Failure) 137M->68M(247M) 1.861ms
[2019-12-09T02:20:21.751+0000][1][gc,cpu       ] GC(30) User=0.00s Sys=0.00s Real=0.00s
[2019-12-09T02:20:21.751+0000][1][safepoint    ] Leaving safepoint region
[2019-12-09T02:20:21.751+0000][1][safepoint    ] Total time for which application threads were stopped: 0.0020060 seconds, Stopping threads took: 0.0000232 seconds
[2019-12-09T02:20:23.752+0000][1][safepoint    ] Application time: 2.0001535 seconds
[2019-12-09T02:20:23.752+0000][1][safepoint    ] Entering safepoint region: Cleanup
[2019-12-09T02:20:23.752+0000][1][safepoint    ] Leaving safepoint region
[2019-12-09T02:20:23.752+0000][1][safepoint    ] Total time for which application threads were stopped: 0.0000898 seconds, Stopping threads took: 0.0000336 seconds
[2019-12-09T02:20:55.754+0000][1][safepoint    ] Application time: 32.0020916 seconds
[2019-12-09T02:20:55.754+0000][1][safepoint    ] Entering safepoint region: Cleanup
[2019-12-09T02:20:55.754+0000][1][safepoint    ] Leaving safepoint region
[2019-12-09T02:20:55.754+0000][1][safepoint    ] Total time for which application threads were stopped: 0.0000816 seconds, Stopping threads took: 0.0000250 seconds
[2019-12-09T02:21:07.755+0000][1][safepoint    ] Application time: 12.0008129 seconds
[2019-12-09T02:21:07.755+0000][1][safepoint    ] Entering safepoint region: Cleanup
[2019-12-09T02:21:07.755+0000][1][safepoint    ] Leaving safepoint region
[2019-12-09T02:21:07.755+0000][1][safepoint    ] Total time for which application threads were stopped: 0.0000725 seconds, Stopping threads took: 0.0000166 seconds
[2019-12-09T02:21:27.756+0000][1][safepoint    ] Application time: 20.0013248 seconds
[2019-12-09T02:21:27.756+0000][1][safepoint    ] Entering safepoint region: Cleanup
[2019-12-09T02:21:27.756+0000][1][safepoint    ] Leaving safepoint region
[2019-12-09T02:21:27.756+0000][1][safepoint    ] Total time for which application threads were stopped: 0.0000834 seconds, Stopping threads took: 0.0000236 seconds
[2019-12-09T02:21:38.757+0000][1][safepoint    ] Application time: 11.0007423 seconds
[2019-12-09T02:21:38.757+0000][1][safepoint    ] Entering safepoint region: Cleanup
[2019-12-09T02:21:38.757+0000][1][safepoint    ] Leaving safepoint region
[2019-12-09T02:21:38.757+0000][1][safepoint    ] Total time for which application threads were stopped: 0.0000790 seconds, Stopping threads took: 0.0000256 seconds
[2019-12-09T02:21:50.758+0000][1][safepoint    ] Application time: 12.0008176 seconds
[2019-12-09T02:21:50.758+0000][1][safepoint    ] Entering safepoint region: Cleanup
[2019-12-09T02:21:50.758+0000][1][safepoint    ] Leaving safepoint region
[2019-12-09T02:21:50.758+0000][1][safepoint    ] Total time for which application threads were stopped: 0.0000728 seconds, Stopping threads took: 0.0000164 seconds
[2019-12-09T02:21:52.758+0000][1][safepoint    ] Application time: 2.0001415 seconds
[2019-12-09T02:21:52.758+0000][1][safepoint    ] Entering safepoint region: Cleanup
[2019-12-09T02:21:52.758+0000][1][safepoint    ] Leaving safepoint region
[2019-12-09T02:21:52.758+0000][1][safepoint    ] Total time for which application threads were stopped: 0.0000729 seconds, Stopping threads took: 0.0000168 seconds
[2019-12-09T02:21:57.759+0000][1][safepoint    ] Application time: 5.0003410 seconds
[2019-12-09T02:21:57.759+0000][1][safepoint    ] Entering safepoint region: Cleanup
[2019-12-09T02:21:57.759+0000][1][safepoint    ] Leaving safepoint region
[2019-12-09T02:21:57.759+0000][1][safepoint    ] Total time for which application threads were stopped: 0.0000730 seconds, Stopping threads took: 0.0000169 seconds
[2019-12-09T02:21:58.759+0000][1][safepoint    ] Application time: 1.0000748 seconds
[2019-12-09T02:21:58.759+0000][1][safepoint    ] Entering safepoint region: Cleanup
[2019-12-09T02:21:58.759+0000][1][safepoint    ] Leaving safepoint region
[2019-12-09T02:21:58.759+0000][1][safepoint    ] Total time for which application threads were stopped: 0.0000757 seconds, Stopping threads took: 0.0000164 seconds
[2019-12-09T02:22:17.760+0000][1][safepoint    ] Application time: 19.0012712 seconds
[2019-12-09T02:22:17.760+0000][1][safepoint    ] Entering safepoint region: Cleanup
[2019-12-09T02:22:17.760+0000][1][safepoint    ] Leaving safepoint region
[2019-12-09T02:22:17.760+0000][1][safepoint    ] Total time for which application threads were stopped: 0.0000820 seconds, Stopping threads took: 0.0000259 seconds
[2019-12-09T02:22:31.800+0000][1][safepoint    ] Application time: 14.0399933 seconds
[2019-12-09T02:22:31.800+0000][1][safepoint    ] Entering safepoint region: GenCollectForAllocation
[2019-12-09T02:22:31.801+0000][1][gc,start     ] GC(31) Pause Young (Allocation Failure)
[2019-12-09T02:22:31.801+0000][1][gc,task      ] GC(31) Using 2 workers of 2 for evacuation
[2019-12-09T02:22:31.803+0000][1][gc,age       ] GC(31) Desired survivor size 4456448 bytes, new threshold 6 (max threshold 6)
[2019-12-09T02:22:31.803+0000][1][gc,age       ] GC(31) Age table with threshold 6 (max threshold 6)
[2019-12-09T02:22:31.803+0000][1][gc,age       ] GC(31) - age   1:       4224 bytes,       4224 total
[2019-12-09T02:22:31.803+0000][1][gc,age       ] GC(31) - age   2:       4160 bytes,       8384 total
[2019-12-09T02:22:31.803+0000][1][gc,age       ] GC(31) - age   3:       2144 bytes,      10528 total
[2019-12-09T02:22:31.803+0000][1][gc,age       ] GC(31) - age   4:       1880 bytes,      12408 total
[2019-12-09T02:22:31.803+0000][1][gc,age       ] GC(31) - age   5:       4760 bytes,      17168 total
[2019-12-09T02:22:31.803+0000][1][gc,age       ] GC(31) - age   6:       4384 bytes,      21552 total
[2019-12-09T02:22:31.803+0000][1][gc,heap      ] GC(31) ParNew: 70333K->99K(78656K)
[2019-12-09T02:22:31.803+0000][1][gc,heap      ] GC(31) CMS: 69332K->69335K(174784K)
[2019-12-09T02:22:31.803+0000][1][gc,metaspace ] GC(31) Metaspace: 68143K->68143K(1112064K)
[2019-12-09T02:22:31.803+0000][1][gc           ] GC(31) Pause Young (Allocation Failure) 136M->67M(247M) 2.085ms
[2019-12-09T02:22:31.803+0000][1][gc,cpu       ] GC(31) User=0.00s Sys=0.00s Real=0.00s
[2019-12-09T02:22:31.803+0000][1][safepoint    ] Leaving safepoint region
[2019-12-09T02:22:31.803+0000][1][safepoint    ] Total time for which application threads were stopped: 0.0022555 seconds, Stopping threads took: 0.0000213 seconds
[2019-12-09T02:22:32.803+0000][1][safepoint    ] Application time: 1.0000895 seconds
[2019-12-09T02:22:32.803+0000][1][safepoint    ] Entering safepoint region: Cleanup
[2019-12-09T02:22:32.803+0000][1][safepoint    ] Leaving safepoint region
[2019-12-09T02:22:32.803+0000][1][safepoint    ] Total time for which application threads were stopped: 0.0000797 seconds, Stopping threads took: 0.0000235 seconds
[2019-12-09T02:23:12.806+0000][1][safepoint    ] Application time: 40.0026750 seconds
[2019-12-09T02:23:12.806+0000][1][safepoint    ] Entering safepoint region: Cleanup
[2019-12-09T02:23:12.806+0000][1][safepoint    ] Leaving safepoint region
[2019-12-09T02:23:12.806+0000][1][safepoint    ] Total time for which application threads were stopped: 0.0000882 seconds, Stopping threads took: 0.0000252 seconds
[2019-12-09T02:23:43.808+0000][1][safepoint    ] Application time: 31.0020241 seconds
[2019-12-09T02:23:43.808+0000][1][safepoint    ] Entering safepoint region: Cleanup
[2019-12-09T02:23:43.808+0000][1][safepoint    ] Leaving safepoint region
[2019-12-09T02:23:43.808+0000][1][safepoint    ] Total time for which application threads were stopped: 0.0000841 seconds, Stopping threads took: 0.0000257 seconds
[2019-12-09T02:23:53.809+0000][1][safepoint    ] Application time: 10.0006993 seconds
[2019-12-09T02:23:53.809+0000][1][safepoint    ] Entering safepoint region: Cleanup
[2019-12-09T02:23:53.809+0000][1][safepoint    ] Leaving safepoint region
[2019-12-09T02:23:53.809+0000][1][safepoint    ] Total time for which application threads were stopped: 0.0000932 seconds, Stopping threads took: 0.0000225 seconds
[2019-12-09T02:23:57.809+0000][1][safepoint    ] Application time: 4.0002768 seconds
[2019-12-09T02:23:57.809+0000][1][safepoint    ] Entering safepoint region: Cleanup
[2019-12-09T02:23:57.809+0000][1][safepoint    ] Leaving safepoint region
[2019-12-09T02:23:57.809+0000][1][safepoint    ] Total time for which application threads were stopped: 0.0000744 seconds, Stopping threads took: 0.0000175 seconds
[2019-12-09T02:24:21.811+0000][1][safepoint    ] Application time: 24.0015516 seconds
[2019-12-09T02:24:21.811+0000][1][safepoint    ] Entering safepoint region: Cleanup
[2019-12-09T02:24:21.811+0000][1][safepoint    ] Leaving safepoint region
[2019-12-09T02:24:21.811+0000][1][safepoint    ] Total time for which application threads were stopped: 0.0000826 seconds, Stopping threads took: 0.0000244 seconds
[2019-12-09T02:24:27.811+0000][1][safepoint    ] Application time: 6.0004095 seconds
[2019-12-09T02:24:27.811+0000][1][safepoint    ] Entering safepoint region: Cleanup
[2019-12-09T02:24:27.811+0000][1][safepoint    ] Leaving safepoint region
[2019-12-09T02:24:27.811+0000][1][safepoint    ] Total time for which application threads were stopped: 0.0000787 seconds, Stopping threads took: 0.0000174 seconds
[2019-12-09T02:24:31.812+0000][1][safepoint    ] Application time: 4.0002764 seconds
[2019-12-09T02:24:31.812+0000][1][safepoint    ] Entering safepoint region: Cleanup
[2019-12-09T02:24:31.812+0000][1][safepoint    ] Leaving safepoint region
[2019-12-09T02:24:31.812+0000][1][safepoint    ] Total time for which application threads were stopped: 0.0000819 seconds, Stopping threads took: 0.0000261 seconds
[2019-12-09T02:24:41.849+0000][1][safepoint    ] Application time: 10.0376668 seconds
[2019-12-09T02:24:41.849+0000][1][safepoint    ] Entering safepoint region: GenCollectForAllocation
[2019-12-09T02:24:41.850+0000][1][gc,start     ] GC(32) Pause Young (Allocation Failure)
[2019-12-09T02:24:41.850+0000][1][gc,task      ] GC(32) Using 2 workers of 2 for evacuation
[2019-12-09T02:24:41.851+0000][1][gc,age       ] GC(32) Desired survivor size 4456448 bytes, new threshold 6 (max threshold 6)
[2019-12-09T02:24:41.851+0000][1][gc,age       ] GC(32) Age table with threshold 6 (max threshold 6)
[2019-12-09T02:24:41.851+0000][1][gc,age       ] GC(32) - age   1:       3840 bytes,       3840 total
[2019-12-09T02:24:41.851+0000][1][gc,age       ] GC(32) - age   2:       1456 bytes,       5296 total
[2019-12-09T02:24:41.851+0000][1][gc,age       ] GC(32) - age   3:       4160 bytes,       9456 total
[2019-12-09T02:24:41.851+0000][1][gc,age       ] GC(32) - age   4:       2144 bytes,      11600 total
[2019-12-09T02:24:41.851+0000][1][gc,age       ] GC(32) - age   5:       1880 bytes,      13480 total
[2019-12-09T02:24:41.851+0000][1][gc,age       ] GC(32) - age   6:       4760 bytes,      18240 total
[2019-12-09T02:24:41.851+0000][1][gc,heap      ] GC(32) ParNew: 70051K->45K(78656K)
[2019-12-09T02:24:41.851+0000][1][gc,heap      ] GC(32) CMS: 69335K->69339K(174784K)
[2019-12-09T02:24:41.851+0000][1][gc,metaspace ] GC(32) Metaspace: 68146K->68146K(1112064K)
[2019-12-09T02:24:41.851+0000][1][gc           ] GC(32) Pause Young (Allocation Failure) 136M->67M(247M) 1.642ms
[2019-12-09T02:24:41.851+0000][1][gc,cpu       ] GC(32) User=0.01s Sys=0.00s Real=0.00s
[2019-12-09T02:24:41.851+0000][1][safepoint    ] Leaving safepoint region
[2019-12-09T02:24:41.851+0000][1][safepoint    ] Total time for which application threads were stopped: 0.0017811 seconds, Stopping threads took: 0.0000227 seconds
[2019-12-09T02:24:43.227+0000][1][safepoint    ] Application time: 1.3753124 seconds
[2019-12-09T02:24:43.227+0000][1][safepoint    ] Entering safepoint region: RevokeBias
[2019-12-09T02:24:43.227+0000][1][safepoint    ] Leaving safepoint region
[2019-12-09T02:24:43.227+0000][1][safepoint    ] Total time for which application threads were stopped: 0.0001141 seconds, Stopping threads took: 0.0000220 seconds
[2019-12-09T02:24:43.227+0000][1][safepoint    ] Application time: 0.0003891 seconds
[2019-12-09T02:24:43.227+0000][1][safepoint    ] Entering safepoint region: RevokeBias
[2019-12-09T02:24:43.227+0000][1][safepoint    ] Leaving safepoint region
[2019-12-09T02:24:43.227+0000][1][safepoint    ] Total time for which application threads were stopped: 0.0000762 seconds, Stopping threads took: 0.0000165 seconds
[2019-12-09T02:24:43.229+0000][1][safepoint    ] Application time: 0.0020016 seconds
[2019-12-09T02:24:43.229+0000][1][safepoint    ] Entering safepoint region: RevokeBias
[2019-12-09T02:24:43.229+0000][1][safepoint    ] Leaving safepoint region
[2019-12-09T02:24:43.229+0000][1][safepoint    ] Total time for which application threads were stopped: 0.0000614 seconds, Stopping threads took: 0.0000151 seconds
[2019-12-09T02:24:43.235+0000][1][safepoint    ] Application time: 0.0057253 seconds
[2019-12-09T02:24:43.235+0000][1][safepoint    ] Entering safepoint region: RevokeBias
[2019-12-09T02:24:43.235+0000][1][safepoint    ] Leaving safepoint region
[2019-12-09T02:24:43.235+0000][1][safepoint    ] Total time for which application threads were stopped: 0.0000606 seconds, Stopping threads took: 0.0000134 seconds
[2019-12-09T02:24:43.235+0000][1][safepoint    ] Application time: 0.0002736 seconds
[2019-12-09T02:24:43.235+0000][1][safepoint    ] Entering safepoint region: RevokeBias
[2019-12-09T02:24:43.235+0000][1][safepoint    ] Leaving safepoint region
[2019-12-09T02:24:43.235+0000][1][safepoint    ] Total time for which application threads were stopped: 0.0000493 seconds, Stopping threads took: 0.0000117 seconds
[2019-12-09T02:24:43.236+0000][1][safepoint    ] Application time: 0.0004291 seconds
[2019-12-09T02:24:43.236+0000][1][safepoint    ] Entering safepoint region: RevokeBias
[2019-12-09T02:24:43.236+0000][1][safepoint    ] Leaving safepoint region
[2019-12-09T02:24:43.236+0000][1][safepoint    ] Total time for which application threads were stopped: 0.0000579 seconds, Stopping threads took: 0.0000114 seconds
[2019-12-09T02:24:43.236+0000][1][safepoint    ] Application time: 0.0001595 seconds
[2019-12-09T02:24:43.236+0000][1][safepoint    ] Entering safepoint region: RevokeBias
[2019-12-09T02:24:43.236+0000][1][safepoint    ] Leaving safepoint region
[2019-12-09T02:24:43.236+0000][1][safepoint    ] Total time for which application threads were stopped: 0.0000578 seconds, Stopping threads took: 0.0000124 seconds
[2019-12-09T02:24:43.248+0000][1][safepoint    ] Application time: 0.0121324 seconds
[2019-12-09T02:24:43.248+0000][1][safepoint    ] Entering safepoint region: RevokeBias
[2019-12-09T02:24:43.248+0000][1][safepoint    ] Leaving safepoint region
[2019-12-09T02:24:43.248+0000][1][safepoint    ] Total time for which application threads were stopped: 0.0000678 seconds, Stopping threads took: 0.0000144 seconds
[2019-12-09T02:24:43.250+0000][1][safepoint    ] Application time: 0.0020250 seconds
[2019-12-09T02:24:43.254+0000][1][safepoint    ] Entering safepoint region: RevokeBias
[2019-12-09T02:24:43.255+0000][1][safepoint    ] Leaving safepoint region
[2019-12-09T02:24:43.255+0000][1][safepoint    ] Total time for which application threads were stopped: 0.0040497 seconds, Stopping threads took: 0.0039893 seconds
[2019-12-09T02:24:43.263+0000][1][safepoint    ] Application time: 0.0083959 seconds
[2019-12-09T02:24:43.263+0000][1][safepoint    ] Entering safepoint region: RevokeBias
[2019-12-09T02:24:43.263+0000][1][safepoint    ] Leaving safepoint region
[2019-12-09T02:24:43.263+0000][1][safepoint    ] Total time for which application threads were stopped: 0.0000836 seconds, Stopping threads took: 0.0000118 seconds
[2019-12-09T02:24:43.271+0000][1][safepoint    ] Application time: 0.0076738 seconds
[2019-12-09T02:24:43.271+0000][1][safepoint    ] Entering safepoint region: RevokeBias
[2019-12-09T02:24:43.271+0000][1][safepoint    ] Leaving safepoint region
[2019-12-09T02:24:43.271+0000][1][safepoint    ] Total time for which application threads were stopped: 0.0000506 seconds, Stopping threads took: 0.0000125 seconds
[2019-12-09T02:24:43.271+0000][1][safepoint    ] Application time: 0.0000745 seconds
[2019-12-09T02:24:43.271+0000][1][safepoint    ] Entering safepoint region: RevokeBias
[2019-12-09T02:24:43.271+0000][1][safepoint    ] Leaving safepoint region
[2019-12-09T02:24:43.271+0000][1][safepoint    ] Total time for which application threads were stopped: 0.0000350 seconds, Stopping threads took: 0.0000079 seconds
[2019-12-09T02:24:43.271+0000][1][safepoint    ] Application time: 0.0000509 seconds
[2019-12-09T02:24:43.271+0000][1][safepoint    ] Entering safepoint region: RevokeBias
[2019-12-09T02:24:43.271+0000][1][safepoint    ] Leaving safepoint region
[2019-12-09T02:24:43.271+0000][1][safepoint    ] Total time for which application threads were stopped: 0.0000338 seconds, Stopping threads took: 0.0000078 seconds
[2019-12-09T02:24:43.271+0000][1][safepoint    ] Application time: 0.0000956 seconds
[2019-12-09T02:24:43.271+0000][1][safepoint    ] Entering safepoint region: RevokeBias
[2019-12-09T02:24:43.271+0000][1][safepoint    ] Leaving safepoint region
[2019-12-09T02:24:43.271+0000][1][safepoint    ] Total time for which application threads were stopped: 0.0000329 seconds, Stopping threads took: 0.0000075 seconds
[2019-12-09T02:24:43.271+0000][1][safepoint    ] Application time: 0.0000477 seconds
[2019-12-09T02:24:43.271+0000][1][safepoint    ] Entering safepoint region: RevokeBias
[2019-12-09T02:24:43.271+0000][1][safepoint    ] Leaving safepoint region
[2019-12-09T02:24:43.271+0000][1][safepoint    ] Total time for which application threads were stopped: 0.0000331 seconds, Stopping threads took: 0.0000074 seconds
[2019-12-09T02:24:43.271+0000][1][safepoint    ] Application time: 0.0002073 seconds
[2019-12-09T02:24:43.271+0000][1][safepoint    ] Entering safepoint region: RevokeBias
[2019-12-09T02:24:43.272+0000][1][safepoint    ] Leaving safepoint region
[2019-12-09T02:24:43.272+0000][1][safepoint    ] Total time for which application threads were stopped: 0.0000406 seconds, Stopping threads took: 0.0000089 seconds
[2019-12-09T02:24:43.272+0000][1][safepoint    ] Application time: 0.0000526 seconds
[2019-12-09T02:24:43.272+0000][1][safepoint    ] Entering safepoint region: RevokeBias
[2019-12-09T02:24:43.272+0000][1][safepoint    ] Leaving safepoint region
[2019-12-09T02:24:43.272+0000][1][safepoint    ] Total time for which application threads were stopped: 0.0000359 seconds, Stopping threads took: 0.0000109 seconds
[2019-12-09T02:24:43.272+0000][1][safepoint    ] Application time: 0.0004087 seconds
[2019-12-09T02:24:43.272+0000][1][safepoint    ] Entering safepoint region: RevokeBias
[2019-12-09T02:24:43.272+0000][1][safepoint    ] Leaving safepoint region
[2019-12-09T02:24:43.272+0000][1][safepoint    ] Total time for which application threads were stopped: 0.0000549 seconds, Stopping threads took: 0.0000114 seconds
[2019-12-09T02:24:43.273+0000][1][safepoint    ] Application time: 0.0011214 seconds
[2019-12-09T02:24:43.273+0000][1][safepoint    ] Entering safepoint region: RevokeBias
[2019-12-09T02:24:43.273+0000][1][safepoint    ] Leaving safepoint region
[2019-12-09T02:24:43.273+0000][1][safepoint    ] Total time for which application threads were stopped: 0.0000591 seconds, Stopping threads took: 0.0000124 seconds
[2019-12-09T02:24:43.274+0000][1][safepoint    ] Application time: 0.0002462 seconds
[2019-12-09T02:24:43.274+0000][1][safepoint    ] Entering safepoint region: RevokeBias
[2019-12-09T02:24:43.274+0000][1][safepoint    ] Leaving safepoint region
[2019-12-09T02:24:43.274+0000][1][safepoint    ] Total time for which application threads were stopped: 0.0000473 seconds, Stopping threads took: 0.0000109 seconds
[2019-12-09T02:24:43.274+0000][1][safepoint    ] Application time: 0.0000930 seconds
[2019-12-09T02:24:43.274+0000][1][safepoint    ] Entering safepoint region: RevokeBias
[2019-12-09T02:24:43.274+0000][1][safepoint    ] Leaving safepoint region
[2019-12-09T02:24:43.274+0000][1][safepoint    ] Total time for which application threads were stopped: 0.0000347 seconds, Stopping threads took: 0.0000080 seconds
[2019-12-09T02:24:43.274+0000][1][safepoint    ] Application time: 0.0000464 seconds
[2019-12-09T02:24:43.274+0000][1][safepoint    ] Entering safepoint region: RevokeBias
[2019-12-09T02:24:43.274+0000][1][safepoint    ] Leaving safepoint region
[2019-12-09T02:24:43.274+0000][1][safepoint    ] Total time for which application threads were stopped: 0.0000338 seconds, Stopping threads took: 0.0000088 seconds
[2019-12-09T02:24:43.274+0000][1][safepoint    ] Application time: 0.0001017 seconds
[2019-12-09T02:24:43.274+0000][1][safepoint    ] Entering safepoint region: RevokeBias
[2019-12-09T02:24:43.274+0000][1][safepoint    ] Leaving safepoint region
[2019-12-09T02:24:43.274+0000][1][safepoint    ] Total time for which application threads were stopped: 0.0000372 seconds, Stopping threads took: 0.0000082 seconds
[2019-12-09T02:24:43.274+0000][1][safepoint    ] Application time: 0.0000441 seconds
[2019-12-09T02:24:43.274+0000][1][safepoint    ] Entering safepoint region: RevokeBias
[2019-12-09T02:24:43.274+0000][1][safepoint    ] Leaving safepoint region
[2019-12-09T02:24:43.274+0000][1][safepoint    ] Total time for which application threads were stopped: 0.0000318 seconds, Stopping threads took: 0.0000073 seconds
[2019-12-09T02:24:43.286+0000][1][safepoint    ] Application time: 0.0115256 seconds
[2019-12-09T02:24:43.286+0000][1][safepoint    ] Entering safepoint region: RevokeBias
[2019-12-09T02:24:43.286+0000][1][safepoint    ] Leaving safepoint region
[2019-12-09T02:24:43.286+0000][1][safepoint    ] Total time for which application threads were stopped: 0.0000632 seconds, Stopping threads took: 0.0000101 seconds
[2019-12-09T02:24:43.286+0000][1][safepoint    ] Application time: 0.0006594 seconds
[2019-12-09T02:24:43.286+0000][1][safepoint    ] Entering safepoint region: RevokeBias
[2019-12-09T02:24:43.286+0000][1][safepoint    ] Leaving safepoint region
[2019-12-09T02:24:43.286+0000][1][safepoint    ] Total time for which application threads were stopped: 0.0000548 seconds, Stopping threads took: 0.0000113 seconds
[2019-12-09T02:24:43.293+0000][1][safepoint    ] Application time: 0.0062678 seconds
[2019-12-09T02:24:43.293+0000][1][safepoint    ] Entering safepoint region: RevokeBias
[2019-12-09T02:24:43.293+0000][1][safepoint    ] Leaving safepoint region
[2019-12-09T02:24:43.293+0000][1][safepoint    ] Total time for which application threads were stopped: 0.0000765 seconds, Stopping threads took: 0.0000262 seconds
[2019-12-09T02:24:43.293+0000][1][safepoint    ] Application time: 0.0001462 seconds
[2019-12-09T02:24:43.293+0000][1][safepoint    ] Entering safepoint region: RevokeBias
[2019-12-09T02:24:43.293+0000][1][safepoint    ] Leaving safepoint region
[2019-12-09T02:24:43.293+0000][1][safepoint    ] Total time for which application threads were stopped: 0.0000413 seconds, Stopping threads took: 0.0000090 seconds
[2019-12-09T02:24:43.293+0000][1][safepoint    ] Application time: 0.0000755 seconds
[2019-12-09T02:24:43.294+0000][1][safepoint    ] Entering safepoint region: RevokeBias
[2019-12-09T02:24:43.294+0000][1][safepoint    ] Leaving safepoint region
[2019-12-09T02:24:43.294+0000][1][safepoint    ] Total time for which application threads were stopped: 0.0004819 seconds, Stopping threads took: 0.0004427 seconds
[2019-12-09T02:24:43.294+0000][1][safepoint    ] Application time: 0.0001441 seconds
[2019-12-09T02:24:43.294+0000][1][safepoint    ] Entering safepoint region: RevokeBias
[2019-12-09T02:24:43.294+0000][1][safepoint    ] Leaving safepoint region
[2019-12-09T02:24:43.294+0000][1][safepoint    ] Total time for which application threads were stopped: 0.0000754 seconds, Stopping threads took: 0.0000403 seconds
[2019-12-09T02:24:43.294+0000][1][safepoint    ] Application time: 0.0000805 seconds
[2019-12-09T02:24:43.294+0000][1][safepoint    ] Entering safepoint region: RevokeBias
[2019-12-09T02:24:43.294+0000][1][safepoint    ] Leaving safepoint region
[2019-12-09T02:24:43.294+0000][1][safepoint    ] Total time for which application threads were stopped: 0.0000371 seconds, Stopping threads took: 0.0000087 seconds
[2019-12-09T02:24:43.301+0000][1][safepoint    ] Application time: 0.0067893 seconds
[2019-12-09T02:24:43.301+0000][1][safepoint    ] Entering safepoint region: RevokeBias
[2019-12-09T02:24:43.301+0000][1][safepoint    ] Leaving safepoint region
[2019-12-09T02:24:43.301+0000][1][safepoint    ] Total time for which application threads were stopped: 0.0001578 seconds, Stopping threads took: 0.0000522 seconds
[2019-12-09T02:24:43.302+0000][1][safepoint    ] Application time: 0.0006179 seconds
[2019-12-09T02:24:43.302+0000][1][safepoint    ] Entering safepoint region: RevokeBias
[2019-12-09T02:24:43.302+0000][1][safepoint    ] Leaving safepoint region
[2019-12-09T02:24:43.302+0000][1][safepoint    ] Total time for which application threads were stopped: 0.0001293 seconds, Stopping threads took: 0.0000114 seconds
[2019-12-09T02:24:43.302+0000][1][safepoint    ] Application time: 0.0003426 seconds
[2019-12-09T02:24:43.302+0000][1][safepoint    ] Entering safepoint region: BulkRevokeBias
[2019-12-09T02:24:43.302+0000][1][safepoint    ] Leaving safepoint region
[2019-12-09T02:24:43.302+0000][1][safepoint    ] Total time for which application threads were stopped: 0.0003226 seconds, Stopping threads took: 0.0000093 seconds
[2019-12-09T02:24:43.335+0000][1][safepoint    ] Application time: 0.0323108 seconds
[2019-12-09T02:24:43.335+0000][1][safepoint    ] Entering safepoint region: RevokeBias
[2019-12-09T02:24:43.335+0000][1][safepoint    ] Leaving safepoint region
[2019-12-09T02:24:43.335+0000][1][safepoint    ] Total time for which application threads were stopped: 0.0002189 seconds, Stopping threads took: 0.0000828 seconds
[2019-12-09T02:24:43.346+0000][1][safepoint    ] Application time: 0.0110888 seconds
[2019-12-09T02:24:43.346+0000][1][safepoint    ] Entering safepoint region: RevokeBias
[2019-12-09T02:24:43.346+0000][1][safepoint    ] Leaving safepoint region
[2019-12-09T02:24:43.346+0000][1][safepoint    ] Total time for which application threads were stopped: 0.0001008 seconds, Stopping threads took: 0.0000137 seconds
[2019-12-09T02:24:43.346+0000][1][safepoint    ] Application time: 0.0001182 seconds
[2019-12-09T02:24:43.346+0000][1][safepoint    ] Entering safepoint region: RevokeBias
[2019-12-09T02:24:43.346+0000][1][safepoint    ] Leaving safepoint region
[2019-12-09T02:24:43.346+0000][1][safepoint    ] Total time for which application threads were stopped: 0.0000792 seconds, Stopping threads took: 0.0000183 seconds
[2019-12-09T02:24:43.347+0000][1][safepoint    ] Application time: 0.0000698 seconds
[2019-12-09T02:24:43.347+0000][1][safepoint    ] Entering safepoint region: RevokeBias
[2019-12-09T02:24:43.347+0000][1][safepoint    ] Leaving safepoint region
[2019-12-09T02:24:43.347+0000][1][safepoint    ] Total time for which application threads were stopped: 0.0000597 seconds, Stopping threads took: 0.0000093 seconds
[2019-12-09T02:24:43.370+0000][1][safepoint    ] Application time: 0.0231192 seconds
[2019-12-09T02:24:43.370+0000][1][safepoint    ] Entering safepoint region: BulkRevokeBias
[2019-12-09T02:24:43.370+0000][1][safepoint    ] Leaving safepoint region
[2019-12-09T02:24:43.370+0000][1][safepoint    ] Total time for which application threads were stopped: 0.0003990 seconds, Stopping threads took: 0.0000727 seconds
[2019-12-09T02:24:43.398+0000][1][safepoint    ] Application time: 0.0276711 seconds
[2019-12-09T02:24:43.398+0000][1][safepoint    ] Entering safepoint region: RevokeBias
[2019-12-09T02:24:43.398+0000][1][safepoint    ] Leaving safepoint region
[2019-12-09T02:24:43.398+0000][1][safepoint    ] Total time for which application threads were stopped: 0.0001211 seconds, Stopping threads took: 0.0000634 seconds
[2019-12-09T02:24:43.442+0000][1][safepoint    ] Application time: 0.0438574 seconds
[2019-12-09T02:24:43.442+0000][1][safepoint    ] Entering safepoint region: RevokeBias
[2019-12-09T02:24:43.442+0000][1][safepoint    ] Leaving safepoint region
[2019-12-09T02:24:43.442+0000][1][safepoint    ] Total time for which application threads were stopped: 0.0000730 seconds, Stopping threads took: 0.0000146 seconds
[2019-12-09T02:24:43.442+0000][1][safepoint    ] Application time: 0.0004957 seconds
[2019-12-09T02:24:43.442+0000][1][safepoint    ] Entering safepoint region: RevokeBias
[2019-12-09T02:24:43.442+0000][1][safepoint    ] Leaving safepoint region
[2019-12-09T02:24:43.443+0000][1][safepoint    ] Total time for which application threads were stopped: 0.0000600 seconds, Stopping threads took: 0.0000128 seconds
[2019-12-09T02:24:43.449+0000][1][safepoint    ] Application time: 0.0065936 seconds
[2019-12-09T02:24:43.449+0000][1][safepoint    ] Entering safepoint region: RevokeBias
[2019-12-09T02:24:43.449+0000][1][safepoint    ] Leaving safepoint region
[2019-12-09T02:24:43.449+0000][1][safepoint    ] Total time for which application threads were stopped: 0.0000559 seconds, Stopping threads took: 0.0000133 seconds
[2019-12-09T02:24:43.452+0000][1][safepoint    ] Application time: 0.0027930 seconds
[2019-12-09T02:24:43.452+0000][1][safepoint    ] Entering safepoint region: RevokeBias
[2019-12-09T02:24:43.452+0000][1][safepoint    ] Leaving safepoint region
[2019-12-09T02:24:43.452+0000][1][safepoint    ] Total time for which application threads were stopped: 0.0000708 seconds, Stopping threads took: 0.0000354 seconds
[2019-12-09T02:24:43.453+0000][1][safepoint    ] Application time: 0.0005808 seconds
[2019-12-09T02:24:43.453+0000][1][safepoint    ] Entering safepoint region: RevokeBias
[2019-12-09T02:24:43.453+0000][1][safepoint    ] Leaving safepoint region
[2019-12-09T02:24:43.453+0000][1][safepoint    ] Total time for which application threads were stopped: 0.0000358 seconds, Stopping threads took: 0.0000088 seconds
[2019-12-09T02:24:43.453+0000][1][safepoint    ] Application time: 0.0001028 seconds
[2019-12-09T02:24:43.453+0000][1][safepoint    ] Entering safepoint region: RevokeBias
[2019-12-09T02:24:43.453+0000][1][safepoint    ] Leaving safepoint region
[2019-12-09T02:24:43.453+0000][1][safepoint    ] Total time for which application threads were stopped: 0.0000300 seconds, Stopping threads took: 0.0000079 seconds
[2019-12-09T02:24:43.454+0000][1][safepoint    ] Application time: 0.0011351 seconds
[2019-12-09T02:24:43.454+0000][1][safepoint    ] Entering safepoint region: RevokeBias
[2019-12-09T02:24:43.454+0000][1][safepoint    ] Leaving safepoint region
[2019-12-09T02:24:43.454+0000][1][safepoint    ] Total time for which application threads were stopped: 0.0000546 seconds, Stopping threads took: 0.0000157 seconds
[2019-12-09T02:24:43.504+0000][1][gc,heap,exit ] Heap
[2019-12-09T02:24:43.504+0000][1][gc,heap,exit ]  par new generation   total 78656K, used 9900K [0x00000000f0000000, 0x00000000f5550000, 0x00000000f5550000)
[2019-12-09T02:24:43.504+0000][1][gc,heap,exit ]   eden space 69952K,  14% used [0x00000000f0000000, 0x00000000f099fc90, 0x00000000f4450000)
[2019-12-09T02:24:43.504+0000][1][gc,heap,exit ]   from space 8704K,   0% used [0x00000000f4cd0000, 0x00000000f4cdb4c0, 0x00000000f5550000)
[2019-12-09T02:24:43.504+0000][1][gc,heap,exit ]   to   space 8704K,   0% used [0x00000000f4450000, 0x00000000f4450000, 0x00000000f4cd0000)
[2019-12-09T02:24:43.504+0000][1][gc,heap,exit ]  concurrent mark-sweep generation total 174784K, used 69339K [0x00000000f5550000, 0x0000000100000000, 0x0000000100000000)
[2019-12-09T02:24:43.504+0000][1][gc,heap,exit ]  Metaspace       used 68314K, capacity 73186K, committed 73248K, reserved 1112064K
[2019-12-09T02:24:43.504+0000][1][gc,heap,exit ]   class space    used 9197K, capacity 11284K, committed 11304K, reserved 1048576K
[2019-12-09T02:24:43.504+0000][1][safepoint    ] Application time: 0.0497896 seconds
[2019-12-09T02:24:43.504+0000][1][safepoint    ] Entering safepoint region: Exit
