[2019-12-09T03:49:16.438+0000][72][gc] Using Concurrent Mark Sweep
[2019-12-09T03:49:16.438+0000][72][gc,heap,coops] Heap address: 0x00000000f0000000, size: 256 MB, Compressed Oops mode: 32-bit
[2019-12-09T03:49:17.292+0000][72][safepoint    ] Entering safepoint region: EnableBiasedLocking
[2019-12-09T03:49:17.292+0000][72][safepoint    ] Leaving safepoint region
[2019-12-09T03:49:17.292+0000][72][safepoint    ] Total time for which application threads were stopped: 0.0104839 seconds, Stopping threads took: 0.0103962 seconds
[2019-12-09T03:49:17.293+0000][72][gc,heap,exit ] Heap
[2019-12-09T03:49:17.293+0000][72][gc,heap,exit ]  par new generation   total 78656K, used 4197K [0x00000000f0000000, 0x00000000f5550000, 0x00000000f5550000)
[2019-12-09T03:49:17.293+0000][72][gc,heap,exit ]   eden space 69952K,   6% used [0x00000000f0000000, 0x00000000f0419618, 0x00000000f4450000)
[2019-12-09T03:49:17.293+0000][72][gc,heap,exit ]   from space 8704K,   0% used [0x00000000f4450000, 0x00000000f4450000, 0x00000000f4cd0000)
[2019-12-09T03:49:17.293+0000][72][gc,heap,exit ]   to   space 8704K,   0% used [0x00000000f4cd0000, 0x00000000f4cd0000, 0x00000000f5550000)
[2019-12-09T03:49:17.293+0000][72][gc,heap,exit ]  concurrent mark-sweep generation total 174784K, used 0K [0x00000000f5550000, 0x0000000100000000, 0x0000000100000000)
[2019-12-09T03:49:17.293+0000][72][gc,heap,exit ]  Metaspace       used 143K, capacity 4480K, committed 4480K, reserved 1056768K
[2019-12-09T03:49:17.293+0000][72][gc,heap,exit ]   class space    used 3K, capacity 384K, committed 384K, reserved 1048576K
[2019-12-09T03:49:17.293+0000][72][safepoint    ] Application time: 0.0013229 seconds
[2019-12-09T03:49:17.293+0000][72][safepoint    ] Entering safepoint region: Halt
