[2019-12-09T01:51:12.325+0000][1][gc] Using Concurrent Mark Sweep
[2019-12-09T01:51:12.325+0000][1][gc,heap,coops] Heap address: 0x00000000f0000000, size: 256 MB, Compressed Oops mode: 32-bit
[2019-12-09T01:51:12.765+0000][1][safepoint    ] Entering safepoint region: EnableBiasedLocking
[2019-12-09T01:51:12.765+0000][1][safepoint    ] Leaving safepoint region
[2019-12-09T01:51:12.765+0000][1][safepoint    ] Total time for which application threads were stopped: 0.0711458 seconds, Stopping threads took: 0.0710167 seconds
[2019-12-09T01:51:12.785+0000][1][safepoint    ] Application time: 0.0194593 seconds
[2019-12-09T01:51:12.785+0000][1][safepoint    ] Entering safepoint region: RevokeBias
[2019-12-09T01:51:12.785+0000][1][safepoint    ] Leaving safepoint region
[2019-12-09T01:51:12.785+0000][1][safepoint    ] Total time for which application threads were stopped: 0.0001042 seconds, Stopping threads took: 0.0000131 seconds
[2019-12-09T01:51:12.889+0000][1][safepoint    ] Application time: 0.1031680 seconds
[2019-12-09T01:51:12.889+0000][1][safepoint    ] Entering safepoint region: Deoptimize
[2019-12-09T01:51:12.889+0000][1][safepoint    ] Leaving safepoint region
[2019-12-09T01:51:12.889+0000][1][safepoint    ] Total time for which application threads were stopped: 0.0000687 seconds, Stopping threads took: 0.0000144 seconds
[2019-12-09T01:51:13.469+0000][1][safepoint    ] Application time: 0.5798940 seconds
[2019-12-09T01:51:13.469+0000][1][safepoint    ] Entering safepoint region: RevokeBias
[2019-12-09T01:51:13.469+0000][1][safepoint    ] Leaving safepoint region
[2019-12-09T01:51:13.469+0000][1][safepoint    ] Total time for which application threads were stopped: 0.0000745 seconds, Stopping threads took: 0.0000096 seconds
[2019-12-09T01:51:13.755+0000][1][safepoint    ] Application time: 0.2859401 seconds
[2019-12-09T01:51:13.755+0000][1][safepoint    ] Entering safepoint region: Deoptimize
[2019-12-09T01:51:13.755+0000][1][safepoint    ] Leaving safepoint region
[2019-12-09T01:51:13.755+0000][1][safepoint    ] Total time for which application threads were stopped: 0.0000873 seconds, Stopping threads took: 0.0000113 seconds
[2019-12-09T01:51:14.756+0000][1][safepoint    ] Application time: 1.0008470 seconds
[2019-12-09T01:51:14.797+0000][1][safepoint    ] Entering safepoint region: Cleanup
[2019-12-09T01:51:14.797+0000][1][safepoint    ] Leaving safepoint region
[2019-12-09T01:51:14.797+0000][1][safepoint    ] Total time for which application threads were stopped: 0.0412031 seconds, Stopping threads took: 0.0411331 seconds
[2019-12-09T01:51:15.799+0000][1][safepoint    ] Application time: 1.0017583 seconds
[2019-12-09T01:51:15.839+0000][1][safepoint    ] Entering safepoint region: Cleanup
[2019-12-09T01:51:15.839+0000][1][safepoint    ] Leaving safepoint region
[2019-12-09T01:51:15.839+0000][1][safepoint    ] Total time for which application threads were stopped: 0.0400455 seconds, Stopping threads took: 0.0399937 seconds
[2019-12-09T01:51:15.900+0000][1][safepoint    ] Application time: 0.0609180 seconds
[2019-12-09T01:51:15.900+0000][1][safepoint    ] Entering safepoint region: Deoptimize
[2019-12-09T01:51:15.900+0000][1][safepoint    ] Leaving safepoint region
[2019-12-09T01:51:15.900+0000][1][safepoint    ] Total time for which application threads were stopped: 0.0001469 seconds, Stopping threads took: 0.0000126 seconds
[2019-12-09T01:51:16.098+0000][1][safepoint    ] Application time: 0.1983066 seconds
[2019-12-09T01:51:16.098+0000][1][safepoint    ] Entering safepoint region: Deoptimize
[2019-12-09T01:51:16.098+0000][1][safepoint    ] Leaving safepoint region
[2019-12-09T01:51:16.098+0000][1][safepoint    ] Total time for which application threads were stopped: 0.0001385 seconds, Stopping threads took: 0.0000108 seconds
[2019-12-09T01:51:16.464+0000][1][safepoint    ] Application time: 0.3651298 seconds
[2019-12-09T01:51:16.464+0000][1][safepoint    ] Entering safepoint region: Deoptimize
[2019-12-09T01:51:16.464+0000][1][safepoint    ] Leaving safepoint region
[2019-12-09T01:51:16.464+0000][1][safepoint    ] Total time for which application threads were stopped: 0.0001684 seconds, Stopping threads took: 0.0000098 seconds
[2019-12-09T01:51:16.551+0000][1][safepoint    ] Application time: 0.0875790 seconds
[2019-12-09T01:51:16.551+0000][1][safepoint    ] Entering safepoint region: Deoptimize
[2019-12-09T01:51:16.552+0000][1][safepoint    ] Leaving safepoint region
[2019-12-09T01:51:16.552+0000][1][safepoint    ] Total time for which application threads were stopped: 0.0001538 seconds, Stopping threads took: 0.0000113 seconds
[2019-12-09T01:51:17.559+0000][1][safepoint    ] Application time: 1.0072013 seconds
[2019-12-09T01:51:17.606+0000][1][safepoint    ] Entering safepoint region: Cleanup
[2019-12-09T01:51:17.606+0000][1][safepoint    ] Leaving safepoint region
[2019-12-09T01:51:17.606+0000][1][safepoint    ] Total time for which application threads were stopped: 0.0470529 seconds, Stopping threads took: 0.0470002 seconds
[2019-12-09T01:51:18.607+0000][1][safepoint    ] Application time: 1.0008710 seconds
[2019-12-09T01:51:18.686+0000][1][safepoint    ] Entering safepoint region: Cleanup
[2019-12-09T01:51:18.686+0000][1][safepoint    ] Leaving safepoint region
[2019-12-09T01:51:18.686+0000][1][safepoint    ] Total time for which application threads were stopped: 0.0791002 seconds, Stopping threads took: 0.0790243 seconds
[2019-12-09T01:51:19.695+0000][1][safepoint    ] Application time: 1.0089010 seconds
[2019-12-09T01:51:19.695+0000][1][safepoint    ] Entering safepoint region: Cleanup
[2019-12-09T01:51:19.695+0000][1][safepoint    ] Leaving safepoint region
[2019-12-09T01:51:19.695+0000][1][safepoint    ] Total time for which application threads were stopped: 0.0000574 seconds, Stopping threads took: 0.0000126 seconds
[2019-12-09T01:51:20.019+0000][1][safepoint    ] Application time: 0.3238423 seconds
[2019-12-09T01:51:20.019+0000][1][safepoint    ] Entering safepoint region: Deoptimize
[2019-12-09T01:51:20.019+0000][1][safepoint    ] Leaving safepoint region
[2019-12-09T01:51:20.019+0000][1][safepoint    ] Total time for which application threads were stopped: 0.0001919 seconds, Stopping threads took: 0.0000096 seconds
[2019-12-09T01:51:21.020+0000][1][safepoint    ] Application time: 1.0007743 seconds
[2019-12-09T01:51:21.020+0000][1][safepoint    ] Entering safepoint region: Cleanup
[2019-12-09T01:51:21.020+0000][1][safepoint    ] Leaving safepoint region
[2019-12-09T01:51:21.020+0000][1][safepoint    ] Total time for which application threads were stopped: 0.0000545 seconds, Stopping threads took: 0.0000157 seconds
[2019-12-09T01:51:22.021+0000][1][safepoint    ] Application time: 1.0008975 seconds
[2019-12-09T01:51:22.023+0000][1][safepoint    ] Entering safepoint region: Cleanup
[2019-12-09T01:51:22.023+0000][1][safepoint    ] Leaving safepoint region
[2019-12-09T01:51:22.023+0000][1][safepoint    ] Total time for which application threads were stopped: 0.0020304 seconds, Stopping threads took: 0.0019713 seconds
[2019-12-09T01:51:22.838+0000][1][safepoint    ] Application time: 0.8150555 seconds
[2019-12-09T01:51:22.838+0000][1][safepoint    ] Entering safepoint region: Deoptimize
[2019-12-09T01:51:22.838+0000][1][safepoint    ] Leaving safepoint region
[2019-12-09T01:51:22.838+0000][1][safepoint    ] Total time for which application threads were stopped: 0.0002410 seconds, Stopping threads took: 0.0000112 seconds
[2019-12-09T01:51:23.843+0000][1][safepoint    ] Application time: 1.0053704 seconds
[2019-12-09T01:51:23.844+0000][1][safepoint    ] Entering safepoint region: Cleanup
[2019-12-09T01:51:23.844+0000][1][safepoint    ] Leaving safepoint region
[2019-12-09T01:51:23.844+0000][1][safepoint    ] Total time for which application threads were stopped: 0.0005508 seconds, Stopping threads took: 0.0004810 seconds
[2019-12-09T01:51:23.860+0000][1][safepoint    ] Application time: 0.0162891 seconds
[2019-12-09T01:51:23.860+0000][1][safepoint    ] Entering safepoint region: Deoptimize
[2019-12-09T01:51:23.861+0000][1][safepoint    ] Leaving safepoint region
[2019-12-09T01:51:23.861+0000][1][safepoint    ] Total time for which application threads were stopped: 0.0002250 seconds, Stopping threads took: 0.0000104 seconds
[2019-12-09T01:51:23.872+0000][1][safepoint    ] Application time: 0.0111910 seconds
[2019-12-09T01:51:23.872+0000][1][safepoint    ] Entering safepoint region: Deoptimize
[2019-12-09T01:51:23.872+0000][1][safepoint    ] Leaving safepoint region
[2019-12-09T01:51:23.872+0000][1][safepoint    ] Total time for which application threads were stopped: 0.0001919 seconds, Stopping threads took: 0.0000092 seconds
[2019-12-09T01:51:24.079+0000][1][safepoint    ] Application time: 0.2073703 seconds
[2019-12-09T01:51:24.079+0000][1][safepoint    ] Entering safepoint region: Deoptimize
[2019-12-09T01:51:24.080+0000][1][safepoint    ] Leaving safepoint region
[2019-12-09T01:51:24.080+0000][1][safepoint    ] Total time for which application threads were stopped: 0.0002820 seconds, Stopping threads took: 0.0000125 seconds
[2019-12-09T01:51:24.145+0000][1][safepoint    ] Application time: 0.0649776 seconds
[2019-12-09T01:51:24.145+0000][1][safepoint    ] Entering safepoint region: RevokeBias
[2019-12-09T01:51:24.145+0000][1][safepoint    ] Leaving safepoint region
[2019-12-09T01:51:24.145+0000][1][safepoint    ] Total time for which application threads were stopped: 0.0001196 seconds, Stopping threads took: 0.0000760 seconds
[2019-12-09T01:51:24.145+0000][1][safepoint    ] Application time: 0.0000719 seconds
[2019-12-09T01:51:24.145+0000][1][safepoint    ] Entering safepoint region: RevokeBias
[2019-12-09T01:51:24.145+0000][1][safepoint    ] Leaving safepoint region
[2019-12-09T01:51:24.145+0000][1][safepoint    ] Total time for which application threads were stopped: 0.0000354 seconds, Stopping threads took: 0.0000075 seconds
[2019-12-09T01:51:24.145+0000][1][safepoint    ] Application time: 0.0000839 seconds
[2019-12-09T01:51:24.145+0000][1][safepoint    ] Entering safepoint region: RevokeBias
[2019-12-09T01:51:24.145+0000][1][safepoint    ] Leaving safepoint region
[2019-12-09T01:51:24.145+0000][1][safepoint    ] Total time for which application threads were stopped: 0.0000344 seconds, Stopping threads took: 0.0000081 seconds
[2019-12-09T01:51:24.145+0000][1][safepoint    ] Application time: 0.0001617 seconds
[2019-12-09T01:51:24.145+0000][1][safepoint    ] Entering safepoint region: RevokeBias
[2019-12-09T01:51:24.145+0000][1][safepoint    ] Leaving safepoint region
[2019-12-09T01:51:24.145+0000][1][safepoint    ] Total time for which application threads were stopped: 0.0000397 seconds, Stopping threads took: 0.0000086 seconds
[2019-12-09T01:51:24.157+0000][1][safepoint    ] Application time: 0.0117493 seconds
[2019-12-09T01:51:24.157+0000][1][safepoint    ] Entering safepoint region: Deoptimize
[2019-12-09T01:51:24.157+0000][1][safepoint    ] Leaving safepoint region
[2019-12-09T01:51:24.157+0000][1][safepoint    ] Total time for which application threads were stopped: 0.0002483 seconds, Stopping threads took: 0.0000117 seconds
[2019-12-09T01:51:25.158+0000][1][safepoint    ] Application time: 1.0003176 seconds
[2019-12-09T01:51:25.234+0000][1][safepoint    ] Entering safepoint region: Cleanup
[2019-12-09T01:51:25.234+0000][1][safepoint    ] Leaving safepoint region
[2019-12-09T01:51:25.234+0000][1][safepoint    ] Total time for which application threads were stopped: 0.0761108 seconds, Stopping threads took: 0.0760126 seconds
[2019-12-09T01:51:25.494+0000][1][safepoint    ] Application time: 0.2598738 seconds
[2019-12-09T01:51:25.494+0000][1][safepoint    ] Entering safepoint region: GenCollectForAllocation
[2019-12-09T01:51:25.494+0000][1][gc,start     ] GC(0) Pause Young (Allocation Failure)
[2019-12-09T01:51:25.497+0000][1][gc,task      ] GC(0) Using 2 workers of 2 for evacuation
[2019-12-09T01:51:25.727+0000][1][gc,age       ] GC(0) Desired survivor size 4456448 bytes, new threshold 1 (max threshold 6)
[2019-12-09T01:51:25.727+0000][1][gc,age       ] GC(0) Age table with threshold 1 (max threshold 6)
[2019-12-09T01:51:25.727+0000][1][gc,age       ] GC(0) - age   1:    6675960 bytes,    6675960 total
[2019-12-09T01:51:25.727+0000][1][gc,heap      ] GC(0) ParNew: 69952K->6569K(78656K)
[2019-12-09T01:51:25.727+0000][1][gc,heap      ] GC(0) CMS: 0K->0K(174784K)
[2019-12-09T01:51:25.727+0000][1][gc,metaspace ] GC(0) Metaspace: 12858K->12858K(1060864K)
[2019-12-09T01:51:25.727+0000][1][gc           ] GC(0) Pause Young (Allocation Failure) 68M->6M(247M) 233.476ms
[2019-12-09T01:51:25.727+0000][1][gc,cpu       ] GC(0) User=0.06s Sys=0.00s Real=0.24s
[2019-12-09T01:51:25.727+0000][1][safepoint    ] Leaving safepoint region
[2019-12-09T01:51:25.727+0000][1][safepoint    ] Total time for which application threads were stopped: 0.2336067 seconds, Stopping threads took: 0.0000134 seconds
[2019-12-09T01:51:25.759+0000][1][safepoint    ] Application time: 0.0313332 seconds
[2019-12-09T01:51:25.819+0000][1][safepoint    ] Entering safepoint region: RevokeBias
[2019-12-09T01:51:25.819+0000][1][safepoint    ] Leaving safepoint region
[2019-12-09T01:51:25.819+0000][1][safepoint    ] Total time for which application threads were stopped: 0.0601410 seconds, Stopping threads took: 0.0600465 seconds
[2019-12-09T01:51:25.822+0000][1][safepoint    ] Application time: 0.0026121 seconds
[2019-12-09T01:51:25.822+0000][1][safepoint    ] Entering safepoint region: RevokeBias
[2019-12-09T01:51:25.822+0000][1][safepoint    ] Leaving safepoint region
[2019-12-09T01:51:25.822+0000][1][safepoint    ] Total time for which application threads were stopped: 0.0000666 seconds, Stopping threads took: 0.0000125 seconds
[2019-12-09T01:51:25.822+0000][1][safepoint    ] Application time: 0.0000941 seconds
[2019-12-09T01:51:25.822+0000][1][safepoint    ] Entering safepoint region: RevokeBias
[2019-12-09T01:51:25.822+0000][1][safepoint    ] Leaving safepoint region
[2019-12-09T01:51:25.822+0000][1][safepoint    ] Total time for which application threads were stopped: 0.0000483 seconds, Stopping threads took: 0.0000087 seconds
[2019-12-09T01:51:25.822+0000][1][safepoint    ] Application time: 0.0000518 seconds
[2019-12-09T01:51:25.822+0000][1][safepoint    ] Entering safepoint region: RevokeBias
[2019-12-09T01:51:25.822+0000][1][safepoint    ] Leaving safepoint region
[2019-12-09T01:51:25.822+0000][1][safepoint    ] Total time for which application threads were stopped: 0.0000440 seconds, Stopping threads took: 0.0000081 seconds
[2019-12-09T01:51:25.822+0000][1][safepoint    ] Application time: 0.0000554 seconds
[2019-12-09T01:51:25.822+0000][1][safepoint    ] Entering safepoint region: RevokeBias
[2019-12-09T01:51:25.822+0000][1][safepoint    ] Leaving safepoint region
[2019-12-09T01:51:25.822+0000][1][safepoint    ] Total time for which application threads were stopped: 0.0000438 seconds, Stopping threads took: 0.0000081 seconds
[2019-12-09T01:51:25.822+0000][1][safepoint    ] Application time: 0.0000500 seconds
[2019-12-09T01:51:25.822+0000][1][safepoint    ] Entering safepoint region: RevokeBias
[2019-12-09T01:51:25.822+0000][1][safepoint    ] Leaving safepoint region
[2019-12-09T01:51:25.822+0000][1][safepoint    ] Total time for which application threads were stopped: 0.0000423 seconds, Stopping threads took: 0.0000079 seconds
[2019-12-09T01:51:25.822+0000][1][safepoint    ] Application time: 0.0000536 seconds
[2019-12-09T01:51:25.822+0000][1][safepoint    ] Entering safepoint region: RevokeBias
[2019-12-09T01:51:25.822+0000][1][safepoint    ] Leaving safepoint region
[2019-12-09T01:51:25.822+0000][1][safepoint    ] Total time for which application threads were stopped: 0.0000430 seconds, Stopping threads took: 0.0000080 seconds
[2019-12-09T01:51:25.822+0000][1][safepoint    ] Application time: 0.0000495 seconds
[2019-12-09T01:51:25.822+0000][1][safepoint    ] Entering safepoint region: RevokeBias
[2019-12-09T01:51:25.822+0000][1][safepoint    ] Leaving safepoint region
[2019-12-09T01:51:25.822+0000][1][safepoint    ] Total time for which application threads were stopped: 0.0000421 seconds, Stopping threads took: 0.0000079 seconds
[2019-12-09T01:51:25.822+0000][1][safepoint    ] Application time: 0.0000522 seconds
[2019-12-09T01:51:25.822+0000][1][safepoint    ] Entering safepoint region: RevokeBias
[2019-12-09T01:51:25.822+0000][1][safepoint    ] Leaving safepoint region
[2019-12-09T01:51:25.822+0000][1][safepoint    ] Total time for which application threads were stopped: 0.0000524 seconds, Stopping threads took: 0.0000159 seconds
[2019-12-09T01:51:25.823+0000][1][safepoint    ] Application time: 0.0000529 seconds
[2019-12-09T01:51:25.823+0000][1][safepoint    ] Entering safepoint region: RevokeBias
[2019-12-09T01:51:25.823+0000][1][safepoint    ] Leaving safepoint region
[2019-12-09T01:51:25.823+0000][1][safepoint    ] Total time for which application threads were stopped: 0.0000458 seconds, Stopping threads took: 0.0000088 seconds
[2019-12-09T01:51:25.823+0000][1][safepoint    ] Application time: 0.0000619 seconds
[2019-12-09T01:51:25.823+0000][1][safepoint    ] Entering safepoint region: RevokeBias
[2019-12-09T01:51:25.823+0000][1][safepoint    ] Leaving safepoint region
[2019-12-09T01:51:25.823+0000][1][safepoint    ] Total time for which application threads were stopped: 0.0000651 seconds, Stopping threads took: 0.0000087 seconds
[2019-12-09T01:51:25.823+0000][1][safepoint    ] Application time: 0.0000544 seconds
[2019-12-09T01:51:25.823+0000][1][safepoint    ] Entering safepoint region: RevokeBias
[2019-12-09T01:51:25.823+0000][1][safepoint    ] Leaving safepoint region
[2019-12-09T01:51:25.823+0000][1][safepoint    ] Total time for which application threads were stopped: 0.0000467 seconds, Stopping threads took: 0.0000087 seconds
[2019-12-09T01:51:25.823+0000][1][safepoint    ] Application time: 0.0000592 seconds
[2019-12-09T01:51:25.823+0000][1][safepoint    ] Entering safepoint region: RevokeBias
[2019-12-09T01:51:25.823+0000][1][safepoint    ] Leaving safepoint region
[2019-12-09T01:51:25.823+0000][1][safepoint    ] Total time for which application threads were stopped: 0.0000434 seconds, Stopping threads took: 0.0000080 seconds
[2019-12-09T01:51:25.823+0000][1][safepoint    ] Application time: 0.0000495 seconds
[2019-12-09T01:51:25.823+0000][1][safepoint    ] Entering safepoint region: RevokeBias
[2019-12-09T01:51:25.823+0000][1][safepoint    ] Leaving safepoint region
[2019-12-09T01:51:25.823+0000][1][safepoint    ] Total time for which application threads were stopped: 0.0000427 seconds, Stopping threads took: 0.0000078 seconds
[2019-12-09T01:51:25.842+0000][1][safepoint    ] Application time: 0.0186737 seconds
[2019-12-09T01:51:25.884+0000][1][safepoint    ] Entering safepoint region: RevokeBias
[2019-12-09T01:51:25.884+0000][1][safepoint    ] Leaving safepoint region
[2019-12-09T01:51:25.884+0000][1][safepoint    ] Total time for which application threads were stopped: 0.0424351 seconds, Stopping threads took: 0.0423277 seconds
[2019-12-09T01:51:25.884+0000][1][safepoint    ] Application time: 0.0000717 seconds
[2019-12-09T01:51:25.884+0000][1][safepoint    ] Entering safepoint region: RevokeBias
[2019-12-09T01:51:25.884+0000][1][safepoint    ] Leaving safepoint region
[2019-12-09T01:51:25.884+0000][1][safepoint    ] Total time for which application threads were stopped: 0.0000592 seconds, Stopping threads took: 0.0000092 seconds
[2019-12-09T01:51:25.884+0000][1][safepoint    ] Application time: 0.0000792 seconds
[2019-12-09T01:51:25.884+0000][1][safepoint    ] Entering safepoint region: RevokeBias
[2019-12-09T01:51:25.884+0000][1][safepoint    ] Leaving safepoint region
[2019-12-09T01:51:25.884+0000][1][safepoint    ] Total time for which application threads were stopped: 0.0000587 seconds, Stopping threads took: 0.0000085 seconds
[2019-12-09T01:51:25.885+0000][1][safepoint    ] Application time: 0.0000498 seconds
[2019-12-09T01:51:25.885+0000][1][safepoint    ] Entering safepoint region: RevokeBias
[2019-12-09T01:51:25.885+0000][1][safepoint    ] Leaving safepoint region
[2019-12-09T01:51:25.885+0000][1][safepoint    ] Total time for which application threads were stopped: 0.0000535 seconds, Stopping threads took: 0.0000079 seconds
[2019-12-09T01:51:25.885+0000][1][safepoint    ] Application time: 0.0000979 seconds
[2019-12-09T01:51:25.885+0000][1][safepoint    ] Entering safepoint region: RevokeBias
[2019-12-09T01:51:25.885+0000][1][safepoint    ] Leaving safepoint region
[2019-12-09T01:51:25.885+0000][1][safepoint    ] Total time for which application threads were stopped: 0.0000703 seconds, Stopping threads took: 0.0000169 seconds
[2019-12-09T01:51:25.885+0000][1][safepoint    ] Application time: 0.0000512 seconds
[2019-12-09T01:51:25.885+0000][1][safepoint    ] Entering safepoint region: RevokeBias
[2019-12-09T01:51:25.885+0000][1][safepoint    ] Leaving safepoint region
[2019-12-09T01:51:25.885+0000][1][safepoint    ] Total time for which application threads were stopped: 0.0000535 seconds, Stopping threads took: 0.0000078 seconds
[2019-12-09T01:51:25.885+0000][1][safepoint    ] Application time: 0.0000575 seconds
[2019-12-09T01:51:25.885+0000][1][safepoint    ] Entering safepoint region: RevokeBias
[2019-12-09T01:51:25.885+0000][1][safepoint    ] Leaving safepoint region
[2019-12-09T01:51:25.885+0000][1][safepoint    ] Total time for which application threads were stopped: 0.0000533 seconds, Stopping threads took: 0.0000079 seconds
[2019-12-09T01:51:25.885+0000][1][safepoint    ] Application time: 0.0000504 seconds
[2019-12-09T01:51:25.885+0000][1][safepoint    ] Entering safepoint region: RevokeBias
[2019-12-09T01:51:25.885+0000][1][safepoint    ] Leaving safepoint region
[2019-12-09T01:51:25.885+0000][1][safepoint    ] Total time for which application threads were stopped: 0.0000536 seconds, Stopping threads took: 0.0000079 seconds
[2019-12-09T01:51:25.885+0000][1][safepoint    ] Application time: 0.0000530 seconds
[2019-12-09T01:51:25.885+0000][1][safepoint    ] Entering safepoint region: RevokeBias
[2019-12-09T01:51:25.885+0000][1][safepoint    ] Leaving safepoint region
[2019-12-09T01:51:25.885+0000][1][safepoint    ] Total time for which application threads were stopped: 0.0000540 seconds, Stopping threads took: 0.0000079 seconds
[2019-12-09T01:51:25.885+0000][1][safepoint    ] Application time: 0.0000488 seconds
[2019-12-09T01:51:25.885+0000][1][safepoint    ] Entering safepoint region: RevokeBias
[2019-12-09T01:51:25.885+0000][1][safepoint    ] Leaving safepoint region
[2019-12-09T01:51:25.885+0000][1][safepoint    ] Total time for which application threads were stopped: 0.0000534 seconds, Stopping threads took: 0.0000079 seconds
[2019-12-09T01:51:25.885+0000][1][safepoint    ] Application time: 0.0000748 seconds
[2019-12-09T01:51:25.885+0000][1][safepoint    ] Entering safepoint region: RevokeBias
[2019-12-09T01:51:25.886+0000][1][safepoint    ] Leaving safepoint region
[2019-12-09T01:51:25.886+0000][1][safepoint    ] Total time for which application threads were stopped: 0.0000548 seconds, Stopping threads took: 0.0000080 seconds
[2019-12-09T01:51:25.886+0000][1][safepoint    ] Application time: 0.0000499 seconds
[2019-12-09T01:51:25.886+0000][1][safepoint    ] Entering safepoint region: RevokeBias
[2019-12-09T01:51:25.886+0000][1][safepoint    ] Leaving safepoint region
[2019-12-09T01:51:25.886+0000][1][safepoint    ] Total time for which application threads were stopped: 0.0000530 seconds, Stopping threads took: 0.0000079 seconds
[2019-12-09T01:51:25.886+0000][1][safepoint    ] Application time: 0.0003737 seconds
[2019-12-09T01:51:25.886+0000][1][safepoint    ] Entering safepoint region: RevokeBias
[2019-12-09T01:51:25.886+0000][1][safepoint    ] Leaving safepoint region
[2019-12-09T01:51:25.886+0000][1][safepoint    ] Total time for which application threads were stopped: 0.0000978 seconds, Stopping threads took: 0.0000111 seconds
[2019-12-09T01:51:25.886+0000][1][safepoint    ] Application time: 0.0002395 seconds
[2019-12-09T01:51:25.886+0000][1][safepoint    ] Entering safepoint region: RevokeBias
[2019-12-09T01:51:25.887+0000][1][safepoint    ] Leaving safepoint region
[2019-12-09T01:51:25.887+0000][1][safepoint    ] Total time for which application threads were stopped: 0.0000936 seconds, Stopping threads took: 0.0000097 seconds
[2019-12-09T01:51:25.887+0000][1][safepoint    ] Application time: 0.0000708 seconds
[2019-12-09T01:51:25.887+0000][1][safepoint    ] Entering safepoint region: RevokeBias
[2019-12-09T01:51:25.887+0000][1][safepoint    ] Leaving safepoint region
[2019-12-09T01:51:25.887+0000][1][safepoint    ] Total time for which application threads were stopped: 0.0000994 seconds, Stopping threads took: 0.0000147 seconds
[2019-12-09T01:51:25.887+0000][1][safepoint    ] Application time: 0.0000464 seconds
[2019-12-09T01:51:25.887+0000][1][safepoint    ] Entering safepoint region: RevokeBias
[2019-12-09T01:51:25.887+0000][1][safepoint    ] Leaving safepoint region
[2019-12-09T01:51:25.887+0000][1][safepoint    ] Total time for which application threads were stopped: 0.0000557 seconds, Stopping threads took: 0.0000062 seconds
[2019-12-09T01:51:26.929+0000][1][safepoint    ] Application time: 1.0418652 seconds
[2019-12-09T01:51:27.013+0000][1][safepoint    ] Entering safepoint region: Cleanup
[2019-12-09T01:51:27.013+0000][1][safepoint    ] Leaving safepoint region
[2019-12-09T01:51:27.013+0000][1][safepoint    ] Total time for which application threads were stopped: 0.0841609 seconds, Stopping threads took: 0.0840669 seconds
[2019-12-09T01:51:27.225+0000][1][safepoint    ] Application time: 0.2123993 seconds
[2019-12-09T01:51:27.225+0000][1][safepoint    ] Entering safepoint region: Deoptimize
[2019-12-09T01:51:27.226+0000][1][safepoint    ] Leaving safepoint region
[2019-12-09T01:51:27.226+0000][1][safepoint    ] Total time for which application threads were stopped: 0.0004043 seconds, Stopping threads took: 0.0000130 seconds
[2019-12-09T01:51:28.229+0000][1][safepoint    ] Application time: 1.0029471 seconds
[2019-12-09T01:51:28.255+0000][1][safepoint    ] Entering safepoint region: Cleanup
[2019-12-09T01:51:28.255+0000][1][safepoint    ] Leaving safepoint region
[2019-12-09T01:51:28.255+0000][1][safepoint    ] Total time for which application threads were stopped: 0.0260758 seconds, Stopping threads took: 0.0259903 seconds
[2019-12-09T01:51:28.449+0000][1][safepoint    ] Application time: 0.1944915 seconds
[2019-12-09T01:51:28.449+0000][1][safepoint    ] Entering safepoint region: RevokeBias
[2019-12-09T01:51:28.449+0000][1][safepoint    ] Leaving safepoint region
[2019-12-09T01:51:28.449+0000][1][safepoint    ] Total time for which application threads were stopped: 0.0000841 seconds, Stopping threads took: 0.0000138 seconds
[2019-12-09T01:51:29.456+0000][1][safepoint    ] Application time: 1.0062958 seconds
[2019-12-09T01:51:29.466+0000][1][safepoint    ] Entering safepoint region: Cleanup
[2019-12-09T01:51:29.466+0000][1][safepoint    ] Leaving safepoint region
[2019-12-09T01:51:29.466+0000][1][safepoint    ] Total time for which application threads were stopped: 0.0100269 seconds, Stopping threads took: 0.0099538 seconds
[2019-12-09T01:51:29.692+0000][1][safepoint    ] Application time: 0.2265971 seconds
[2019-12-09T01:51:29.692+0000][1][safepoint    ] Entering safepoint region: GenCollectForAllocation
[2019-12-09T01:51:29.693+0000][1][gc,start     ] GC(1) Pause Young (Allocation Failure)
[2019-12-09T01:51:29.693+0000][1][gc,task      ] GC(1) Using 2 workers of 2 for evacuation
[2019-12-09T01:51:29.839+0000][1][gc,age       ] GC(1) Desired survivor size 4456448 bytes, new threshold 6 (max threshold 6)
[2019-12-09T01:51:29.839+0000][1][gc,age       ] GC(1) Age table with threshold 6 (max threshold 6)
[2019-12-09T01:51:29.839+0000][1][gc,age       ] GC(1) - age   1:    1197968 bytes,    1197968 total
[2019-12-09T01:51:29.839+0000][1][gc,heap      ] GC(1) ParNew: 76521K->4266K(78656K)
[2019-12-09T01:51:29.839+0000][1][gc,heap      ] GC(1) CMS: 0K->7025K(174784K)
[2019-12-09T01:51:29.839+0000][1][gc,metaspace ] GC(1) Metaspace: 14797K->14797K(1062912K)
[2019-12-09T01:51:29.839+0000][1][gc           ] GC(1) Pause Young (Allocation Failure) 74M->11M(247M) 146.499ms
[2019-12-09T01:51:29.839+0000][1][gc,cpu       ] GC(1) User=0.07s Sys=0.00s Real=0.15s
[2019-12-09T01:51:29.839+0000][1][safepoint    ] Leaving safepoint region
[2019-12-09T01:51:29.839+0000][1][safepoint    ] Total time for which application threads were stopped: 0.1466476 seconds, Stopping threads took: 0.0000143 seconds
[2019-12-09T01:51:29.846+0000][1][safepoint    ] Application time: 0.0072137 seconds
[2019-12-09T01:51:29.846+0000][1][safepoint    ] Entering safepoint region: BulkRevokeBias
[2019-12-09T01:51:29.846+0000][1][safepoint    ] Leaving safepoint region
[2019-12-09T01:51:29.846+0000][1][safepoint    ] Total time for which application threads were stopped: 0.0001069 seconds, Stopping threads took: 0.0000125 seconds
[2019-12-09T01:51:29.847+0000][1][safepoint    ] Application time: 0.0001080 seconds
[2019-12-09T01:51:29.847+0000][1][safepoint    ] Entering safepoint region: RevokeBias
[2019-12-09T01:51:29.847+0000][1][safepoint    ] Leaving safepoint region
[2019-12-09T01:51:29.847+0000][1][safepoint    ] Total time for which application threads were stopped: 0.0000369 seconds, Stopping threads took: 0.0000081 seconds
[2019-12-09T01:51:29.847+0000][1][safepoint    ] Application time: 0.0000770 seconds
[2019-12-09T01:51:29.847+0000][1][safepoint    ] Entering safepoint region: RevokeBias
[2019-12-09T01:51:29.847+0000][1][safepoint    ] Leaving safepoint region
[2019-12-09T01:51:29.847+0000][1][safepoint    ] Total time for which application threads were stopped: 0.0000461 seconds, Stopping threads took: 0.0000077 seconds
[2019-12-09T01:51:29.847+0000][1][safepoint    ] Application time: 0.0000467 seconds
[2019-12-09T01:51:29.847+0000][1][safepoint    ] Entering safepoint region: RevokeBias
[2019-12-09T01:51:29.847+0000][1][safepoint    ] Leaving safepoint region
[2019-12-09T01:51:29.847+0000][1][safepoint    ] Total time for which application threads were stopped: 0.0000333 seconds, Stopping threads took: 0.0000076 seconds
[2019-12-09T01:51:29.847+0000][1][safepoint    ] Application time: 0.0000505 seconds
[2019-12-09T01:51:29.847+0000][1][safepoint    ] Entering safepoint region: RevokeBias
[2019-12-09T01:51:29.847+0000][1][safepoint    ] Leaving safepoint region
[2019-12-09T01:51:29.847+0000][1][safepoint    ] Total time for which application threads were stopped: 0.0000339 seconds, Stopping threads took: 0.0000075 seconds
[2019-12-09T01:51:29.847+0000][1][safepoint    ] Application time: 0.0000451 seconds
[2019-12-09T01:51:29.847+0000][1][safepoint    ] Entering safepoint region: RevokeBias
[2019-12-09T01:51:29.847+0000][1][safepoint    ] Leaving safepoint region
[2019-12-09T01:51:29.847+0000][1][safepoint    ] Total time for which application threads were stopped: 0.0000313 seconds, Stopping threads took: 0.0000070 seconds
[2019-12-09T01:51:29.847+0000][1][safepoint    ] Application time: 0.0000521 seconds
[2019-12-09T01:51:29.847+0000][1][safepoint    ] Entering safepoint region: BulkRevokeBias
[2019-12-09T01:51:29.847+0000][1][safepoint    ] Leaving safepoint region
[2019-12-09T01:51:29.847+0000][1][safepoint    ] Total time for which application threads were stopped: 0.0000538 seconds, Stopping threads took: 0.0000076 seconds
[2019-12-09T01:51:29.850+0000][1][safepoint    ] Application time: 0.0030919 seconds
[2019-12-09T01:51:29.886+0000][1][safepoint    ] Entering safepoint region: RevokeBias
[2019-12-09T01:51:29.886+0000][1][safepoint    ] Leaving safepoint region
[2019-12-09T01:51:29.886+0000][1][safepoint    ] Total time for which application threads were stopped: 0.0361132 seconds, Stopping threads took: 0.0360403 seconds
[2019-12-09T01:51:29.886+0000][1][safepoint    ] Application time: 0.0000786 seconds
[2019-12-09T01:51:29.887+0000][1][safepoint    ] Entering safepoint region: BulkRevokeBias
[2019-12-09T01:51:29.887+0000][1][safepoint    ] Leaving safepoint region
[2019-12-09T01:51:29.887+0000][1][safepoint    ] Total time for which application threads were stopped: 0.0000841 seconds, Stopping threads took: 0.0000087 seconds
[2019-12-09T01:51:30.889+0000][1][safepoint    ] Application time: 1.0021139 seconds
[2019-12-09T01:51:30.936+0000][1][safepoint    ] Entering safepoint region: Cleanup
[2019-12-09T01:51:30.936+0000][1][safepoint    ] Leaving safepoint region
[2019-12-09T01:51:30.936+0000][1][safepoint    ] Total time for which application threads were stopped: 0.0471196 seconds, Stopping threads took: 0.0470371 seconds
[2019-12-09T01:51:31.313+0000][1][safepoint    ] Application time: 0.3773078 seconds
[2019-12-09T01:51:31.313+0000][1][safepoint    ] Entering safepoint region: GenCollectForAllocation
[2019-12-09T01:51:31.313+0000][1][gc,start     ] GC(2) Pause Young (Allocation Failure)
[2019-12-09T01:51:31.313+0000][1][gc,task      ] GC(2) Using 2 workers of 2 for evacuation
[2019-12-09T01:51:31.387+0000][1][gc,age       ] GC(2) Desired survivor size 4456448 bytes, new threshold 6 (max threshold 6)
[2019-12-09T01:51:31.387+0000][1][gc,age       ] GC(2) Age table with threshold 6 (max threshold 6)
[2019-12-09T01:51:31.387+0000][1][gc,age       ] GC(2) - age   1:    1091968 bytes,    1091968 total
[2019-12-09T01:51:31.387+0000][1][gc,age       ] GC(2) - age   2:     928952 bytes,    2020920 total
[2019-12-09T01:51:31.387+0000][1][gc,heap      ] GC(2) ParNew: 74218K->2339K(78656K)
[2019-12-09T01:51:31.387+0000][1][gc,heap      ] GC(2) CMS: 7025K->7025K(174784K)
[2019-12-09T01:51:31.387+0000][1][gc,metaspace ] GC(2) Metaspace: 14902K->14902K(1062912K)
[2019-12-09T01:51:31.387+0000][1][gc           ] GC(2) Pause Young (Allocation Failure) 79M->9M(247M) 73.866ms
[2019-12-09T01:51:31.387+0000][1][gc,cpu       ] GC(2) User=0.01s Sys=0.00s Real=0.08s
[2019-12-09T01:51:31.387+0000][1][safepoint    ] Leaving safepoint region
[2019-12-09T01:51:31.387+0000][1][safepoint    ] Total time for which application threads were stopped: 0.0739902 seconds, Stopping threads took: 0.0000125 seconds
[2019-12-09T01:51:31.390+0000][1][safepoint    ] Application time: 0.0026118 seconds
[2019-12-09T01:51:31.390+0000][1][safepoint    ] Entering safepoint region: RevokeBias
[2019-12-09T01:51:31.390+0000][1][safepoint    ] Leaving safepoint region
[2019-12-09T01:51:31.390+0000][1][safepoint    ] Total time for which application threads were stopped: 0.0001402 seconds, Stopping threads took: 0.0000724 seconds
[2019-12-09T01:51:31.390+0000][1][safepoint    ] Application time: 0.0000628 seconds
[2019-12-09T01:51:31.390+0000][1][safepoint    ] Entering safepoint region: RevokeBias
[2019-12-09T01:51:31.390+0000][1][safepoint    ] Leaving safepoint region
[2019-12-09T01:51:31.390+0000][1][safepoint    ] Total time for which application threads were stopped: 0.0000502 seconds, Stopping threads took: 0.0000084 seconds
[2019-12-09T01:51:31.390+0000][1][safepoint    ] Application time: 0.0000658 seconds
[2019-12-09T01:51:31.390+0000][1][safepoint    ] Entering safepoint region: RevokeBias
[2019-12-09T01:51:31.390+0000][1][safepoint    ] Leaving safepoint region
[2019-12-09T01:51:31.390+0000][1][safepoint    ] Total time for which application threads were stopped: 0.0000424 seconds, Stopping threads took: 0.0000077 seconds
[2019-12-09T01:51:31.390+0000][1][safepoint    ] Application time: 0.0000534 seconds
[2019-12-09T01:51:31.390+0000][1][safepoint    ] Entering safepoint region: RevokeBias
[2019-12-09T01:51:31.390+0000][1][safepoint    ] Leaving safepoint region
[2019-12-09T01:51:31.390+0000][1][safepoint    ] Total time for which application threads were stopped: 0.0000422 seconds, Stopping threads took: 0.0000085 seconds
[2019-12-09T01:51:31.390+0000][1][safepoint    ] Application time: 0.0000581 seconds
[2019-12-09T01:51:31.390+0000][1][safepoint    ] Entering safepoint region: RevokeBias
[2019-12-09T01:51:31.390+0000][1][safepoint    ] Leaving safepoint region
[2019-12-09T01:51:31.390+0000][1][safepoint    ] Total time for which application threads were stopped: 0.0000419 seconds, Stopping threads took: 0.0000090 seconds
[2019-12-09T01:51:31.391+0000][1][safepoint    ] Application time: 0.0000516 seconds
[2019-12-09T01:51:31.391+0000][1][safepoint    ] Entering safepoint region: RevokeBias
[2019-12-09T01:51:31.391+0000][1][safepoint    ] Leaving safepoint region
[2019-12-09T01:51:31.391+0000][1][safepoint    ] Total time for which application threads were stopped: 0.0000399 seconds, Stopping threads took: 0.0000082 seconds
[2019-12-09T01:51:31.391+0000][1][safepoint    ] Application time: 0.0000557 seconds
[2019-12-09T01:51:31.391+0000][1][safepoint    ] Entering safepoint region: RevokeBias
[2019-12-09T01:51:31.391+0000][1][safepoint    ] Leaving safepoint region
[2019-12-09T01:51:31.391+0000][1][safepoint    ] Total time for which application threads were stopped: 0.0000732 seconds, Stopping threads took: 0.0000376 seconds
[2019-12-09T01:51:31.391+0000][1][safepoint    ] Application time: 0.0000532 seconds
[2019-12-09T01:51:31.391+0000][1][safepoint    ] Entering safepoint region: RevokeBias
[2019-12-09T01:51:31.391+0000][1][safepoint    ] Leaving safepoint region
[2019-12-09T01:51:31.391+0000][1][safepoint    ] Total time for which application threads were stopped: 0.0000408 seconds, Stopping threads took: 0.0000084 seconds
[2019-12-09T01:51:31.391+0000][1][safepoint    ] Application time: 0.0000562 seconds
[2019-12-09T01:51:31.391+0000][1][safepoint    ] Entering safepoint region: RevokeBias
[2019-12-09T01:51:31.391+0000][1][safepoint    ] Leaving safepoint region
[2019-12-09T01:51:31.391+0000][1][safepoint    ] Total time for which application threads were stopped: 0.0000392 seconds, Stopping threads took: 0.0000071 seconds
[2019-12-09T01:51:31.391+0000][1][safepoint    ] Application time: 0.0000517 seconds
[2019-12-09T01:51:31.391+0000][1][safepoint    ] Entering safepoint region: RevokeBias
[2019-12-09T01:51:31.391+0000][1][safepoint    ] Leaving safepoint region
[2019-12-09T01:51:31.391+0000][1][safepoint    ] Total time for which application threads were stopped: 0.0000408 seconds, Stopping threads took: 0.0000084 seconds
[2019-12-09T01:51:31.391+0000][1][safepoint    ] Application time: 0.0000589 seconds
[2019-12-09T01:51:31.391+0000][1][safepoint    ] Entering safepoint region: RevokeBias
[2019-12-09T01:51:31.391+0000][1][safepoint    ] Leaving safepoint region
[2019-12-09T01:51:31.391+0000][1][safepoint    ] Total time for which application threads were stopped: 0.0000432 seconds, Stopping threads took: 0.0000089 seconds
[2019-12-09T01:51:31.391+0000][1][safepoint    ] Application time: 0.0000535 seconds
[2019-12-09T01:51:31.391+0000][1][safepoint    ] Entering safepoint region: RevokeBias
[2019-12-09T01:51:31.391+0000][1][safepoint    ] Leaving safepoint region
[2019-12-09T01:51:31.391+0000][1][safepoint    ] Total time for which application threads were stopped: 0.0000399 seconds, Stopping threads took: 0.0000080 seconds
[2019-12-09T01:51:31.391+0000][1][safepoint    ] Application time: 0.0000562 seconds
[2019-12-09T01:51:31.391+0000][1][safepoint    ] Entering safepoint region: RevokeBias
[2019-12-09T01:51:31.391+0000][1][safepoint    ] Leaving safepoint region
[2019-12-09T01:51:31.391+0000][1][safepoint    ] Total time for which application threads were stopped: 0.0000418 seconds, Stopping threads took: 0.0000081 seconds
[2019-12-09T01:51:31.391+0000][1][safepoint    ] Application time: 0.0000508 seconds
[2019-12-09T01:51:31.391+0000][1][safepoint    ] Entering safepoint region: RevokeBias
[2019-12-09T01:51:31.392+0000][1][safepoint    ] Leaving safepoint region
[2019-12-09T01:51:31.392+0000][1][safepoint    ] Total time for which application threads were stopped: 0.0000403 seconds, Stopping threads took: 0.0000078 seconds
[2019-12-09T01:51:31.392+0000][1][safepoint    ] Application time: 0.0000582 seconds
[2019-12-09T01:51:31.392+0000][1][safepoint    ] Entering safepoint region: RevokeBias
[2019-12-09T01:51:31.392+0000][1][safepoint    ] Leaving safepoint region
[2019-12-09T01:51:31.392+0000][1][safepoint    ] Total time for which application threads were stopped: 0.0000407 seconds, Stopping threads took: 0.0000072 seconds
[2019-12-09T01:51:31.392+0000][1][safepoint    ] Application time: 0.0000671 seconds
[2019-12-09T01:51:31.392+0000][1][safepoint    ] Entering safepoint region: RevokeBias
[2019-12-09T01:51:31.392+0000][1][safepoint    ] Leaving safepoint region
[2019-12-09T01:51:31.392+0000][1][safepoint    ] Total time for which application threads were stopped: 0.0000413 seconds, Stopping threads took: 0.0000076 seconds
[2019-12-09T01:51:31.392+0000][1][safepoint    ] Application time: 0.0000608 seconds
[2019-12-09T01:51:31.392+0000][1][safepoint    ] Entering safepoint region: RevokeBias
[2019-12-09T01:51:31.392+0000][1][safepoint    ] Leaving safepoint region
[2019-12-09T01:51:31.392+0000][1][safepoint    ] Total time for which application threads were stopped: 0.0000504 seconds, Stopping threads took: 0.0000151 seconds
[2019-12-09T01:51:31.392+0000][1][safepoint    ] Application time: 0.0000525 seconds
[2019-12-09T01:51:31.392+0000][1][safepoint    ] Entering safepoint region: RevokeBias
[2019-12-09T01:51:31.392+0000][1][safepoint    ] Leaving safepoint region
[2019-12-09T01:51:31.392+0000][1][safepoint    ] Total time for which application threads were stopped: 0.0000410 seconds, Stopping threads took: 0.0000084 seconds
[2019-12-09T01:51:32.433+0000][1][safepoint    ] Application time: 1.0406942 seconds
[2019-12-09T01:51:32.433+0000][1][safepoint    ] Entering safepoint region: Cleanup
[2019-12-09T01:51:32.433+0000][1][safepoint    ] Leaving safepoint region
[2019-12-09T01:51:32.433+0000][1][safepoint    ] Total time for which application threads were stopped: 0.0001176 seconds, Stopping threads took: 0.0000143 seconds
[2019-12-09T01:51:32.519+0000][1][safepoint    ] Application time: 0.0864468 seconds
[2019-12-09T01:51:32.519+0000][1][safepoint    ] Entering safepoint region: Deoptimize
[2019-12-09T01:51:32.520+0000][1][safepoint    ] Leaving safepoint region
[2019-12-09T01:51:32.520+0000][1][safepoint    ] Total time for which application threads were stopped: 0.0003621 seconds, Stopping threads took: 0.0000118 seconds
[2019-12-09T01:51:32.520+0000][1][safepoint    ] Application time: 0.0005023 seconds
[2019-12-09T01:51:32.520+0000][1][safepoint    ] Entering safepoint region: Deoptimize
[2019-12-09T01:51:32.521+0000][1][safepoint    ] Leaving safepoint region
[2019-12-09T01:51:32.521+0000][1][safepoint    ] Total time for which application threads were stopped: 0.0003451 seconds, Stopping threads took: 0.0000116 seconds
[2019-12-09T01:51:33.528+0000][1][safepoint    ] Application time: 1.0071420 seconds
[2019-12-09T01:51:33.543+0000][1][safepoint    ] Entering safepoint region: Cleanup
[2019-12-09T01:51:33.543+0000][1][safepoint    ] Leaving safepoint region
[2019-12-09T01:51:33.543+0000][1][safepoint    ] Total time for which application threads were stopped: 0.0152870 seconds, Stopping threads took: 0.0152280 seconds
[2019-12-09T01:51:34.548+0000][1][safepoint    ] Application time: 1.0046444 seconds
[2019-12-09T01:51:34.557+0000][1][safepoint    ] Entering safepoint region: Cleanup
[2019-12-09T01:51:34.557+0000][1][safepoint    ] Leaving safepoint region
[2019-12-09T01:51:34.557+0000][1][safepoint    ] Total time for which application threads were stopped: 0.0090884 seconds, Stopping threads took: 0.0090234 seconds
[2019-12-09T01:51:35.016+0000][1][safepoint    ] Application time: 0.4588922 seconds
[2019-12-09T01:51:35.016+0000][1][safepoint    ] Entering safepoint region: GenCollectForAllocation
[2019-12-09T01:51:35.016+0000][1][gc,start     ] GC(3) Pause Young (Allocation Failure)
[2019-12-09T01:51:35.016+0000][1][gc,task      ] GC(3) Using 2 workers of 2 for evacuation
[2019-12-09T01:51:35.226+0000][1][gc,age       ] GC(3) Desired survivor size 4456448 bytes, new threshold 3 (max threshold 6)
[2019-12-09T01:51:35.226+0000][1][gc,age       ] GC(3) Age table with threshold 3 (max threshold 6)
[2019-12-09T01:51:35.226+0000][1][gc,age       ] GC(3) - age   1:    3238664 bytes,    3238664 total
[2019-12-09T01:51:35.226+0000][1][gc,age       ] GC(3) - age   2:    1064728 bytes,    4303392 total
[2019-12-09T01:51:35.226+0000][1][gc,age       ] GC(3) - age   3:     926648 bytes,    5230040 total
[2019-12-09T01:51:35.226+0000][1][gc,heap      ] GC(3) ParNew: 72291K->5263K(78656K)
[2019-12-09T01:51:35.226+0000][1][gc,heap      ] GC(3) CMS: 7025K->7025K(174784K)
[2019-12-09T01:51:35.226+0000][1][gc,metaspace ] GC(3) Metaspace: 18427K->18427K(1067008K)
[2019-12-09T01:51:35.226+0000][1][gc           ] GC(3) Pause Young (Allocation Failure) 77M->12M(247M) 210.052ms
[2019-12-09T01:51:35.226+0000][1][gc,cpu       ] GC(3) User=0.02s Sys=0.00s Real=0.21s
[2019-12-09T01:51:35.226+0000][1][safepoint    ] Leaving safepoint region
[2019-12-09T01:51:35.226+0000][1][safepoint    ] Total time for which application threads were stopped: 0.2103088 seconds, Stopping threads took: 0.0001205 seconds
[2019-12-09T01:51:35.240+0000][1][safepoint    ] Application time: 0.0137129 seconds
[2019-12-09T01:51:35.292+0000][1][safepoint    ] Entering safepoint region: BulkRevokeBias
[2019-12-09T01:51:35.292+0000][1][safepoint    ] Leaving safepoint region
[2019-12-09T01:51:35.292+0000][1][safepoint    ] Total time for which application threads were stopped: 0.0523511 seconds, Stopping threads took: 0.0521282 seconds
[2019-12-09T01:51:35.293+0000][1][safepoint    ] Application time: 0.0007311 seconds
[2019-12-09T01:51:35.293+0000][1][safepoint    ] Entering safepoint region: RevokeBias
[2019-12-09T01:51:35.293+0000][1][safepoint    ] Leaving safepoint region
[2019-12-09T01:51:35.293+0000][1][safepoint    ] Total time for which application threads were stopped: 0.0000923 seconds, Stopping threads took: 0.0000105 seconds
[2019-12-09T01:51:35.300+0000][1][safepoint    ] Application time: 0.0068213 seconds
[2019-12-09T01:51:35.315+0000][1][safepoint    ] Entering safepoint region: RevokeBias
[2019-12-09T01:51:35.315+0000][1][safepoint    ] Leaving safepoint region
[2019-12-09T01:51:35.315+0000][1][safepoint    ] Total time for which application threads were stopped: 0.0151082 seconds, Stopping threads took: 0.0150461 seconds
[2019-12-09T01:51:35.315+0000][1][safepoint    ] Application time: 0.0000691 seconds
[2019-12-09T01:51:35.315+0000][1][safepoint    ] Entering safepoint region: RevokeBias
[2019-12-09T01:51:35.315+0000][1][safepoint    ] Leaving safepoint region
[2019-12-09T01:51:35.315+0000][1][safepoint    ] Total time for which application threads were stopped: 0.0000486 seconds, Stopping threads took: 0.0000090 seconds
[2019-12-09T01:51:35.315+0000][1][safepoint    ] Application time: 0.0000659 seconds
[2019-12-09T01:51:35.315+0000][1][safepoint    ] Entering safepoint region: RevokeBias
[2019-12-09T01:51:35.315+0000][1][safepoint    ] Leaving safepoint region
[2019-12-09T01:51:35.315+0000][1][safepoint    ] Total time for which application threads were stopped: 0.0000466 seconds, Stopping threads took: 0.0000084 seconds
[2019-12-09T01:51:35.315+0000][1][safepoint    ] Application time: 0.0000604 seconds
[2019-12-09T01:51:35.315+0000][1][safepoint    ] Entering safepoint region: RevokeBias
[2019-12-09T01:51:35.315+0000][1][safepoint    ] Leaving safepoint region
[2019-12-09T01:51:35.315+0000][1][safepoint    ] Total time for which application threads were stopped: 0.0000389 seconds, Stopping threads took: 0.0000067 seconds
[2019-12-09T01:51:36.270+0000][1][safepoint    ] Application time: 0.9543391 seconds
[2019-12-09T01:51:36.270+0000][1][safepoint    ] Entering safepoint region: GenCollectForAllocation
[2019-12-09T01:51:36.270+0000][1][gc,start     ] GC(4) Pause Young (Allocation Failure)
[2019-12-09T01:51:36.270+0000][1][gc,task      ] GC(4) Using 2 workers of 2 for evacuation
[2019-12-09T01:51:36.432+0000][1][gc,age       ] GC(4) Desired survivor size 4456448 bytes, new threshold 2 (max threshold 6)
[2019-12-09T01:51:36.432+0000][1][gc,age       ] GC(4) Age table with threshold 2 (max threshold 6)
[2019-12-09T01:51:36.432+0000][1][gc,age       ] GC(4) - age   1:    2037336 bytes,    2037336 total
[2019-12-09T01:51:36.432+0000][1][gc,age       ] GC(4) - age   2:    2673808 bytes,    4711144 total
[2019-12-09T01:51:36.432+0000][1][gc,age       ] GC(4) - age   3:    1064728 bytes,    5775872 total
[2019-12-09T01:51:36.432+0000][1][gc,heap      ] GC(4) ParNew: 75215K->7739K(78656K)
[2019-12-09T01:51:36.432+0000][1][gc,heap      ] GC(4) CMS: 7025K->7944K(174784K)
[2019-12-09T01:51:36.432+0000][1][gc,metaspace ] GC(4) Metaspace: 18632K->18632K(1067008K)
[2019-12-09T01:51:36.432+0000][1][gc           ] GC(4) Pause Young (Allocation Failure) 80M->15M(247M) 162.421ms
[2019-12-09T01:51:36.432+0000][1][gc,cpu       ] GC(4) User=0.02s Sys=0.00s Real=0.16s
[2019-12-09T01:51:36.432+0000][1][safepoint    ] Leaving safepoint region
[2019-12-09T01:51:36.432+0000][1][safepoint    ] Total time for which application threads were stopped: 0.1626047 seconds, Stopping threads took: 0.0000141 seconds
[2019-12-09T01:51:36.434+0000][1][safepoint    ] Application time: 0.0014582 seconds
[2019-12-09T01:51:36.434+0000][1][safepoint    ] Entering safepoint region: RevokeBias
[2019-12-09T01:51:36.434+0000][1][safepoint    ] Leaving safepoint region
[2019-12-09T01:51:36.434+0000][1][safepoint    ] Total time for which application threads were stopped: 0.0001239 seconds, Stopping threads took: 0.0000501 seconds
[2019-12-09T01:51:36.434+0000][1][safepoint    ] Application time: 0.0000639 seconds
[2019-12-09T01:51:36.434+0000][1][safepoint    ] Entering safepoint region: RevokeBias
[2019-12-09T01:51:36.434+0000][1][safepoint    ] Leaving safepoint region
[2019-12-09T01:51:36.434+0000][1][safepoint    ] Total time for which application threads were stopped: 0.0000528 seconds, Stopping threads took: 0.0000083 seconds
[2019-12-09T01:51:36.434+0000][1][safepoint    ] Application time: 0.0000690 seconds
[2019-12-09T01:51:36.434+0000][1][safepoint    ] Entering safepoint region: RevokeBias
[2019-12-09T01:51:36.434+0000][1][safepoint    ] Leaving safepoint region
[2019-12-09T01:51:36.434+0000][1][safepoint    ] Total time for which application threads were stopped: 0.0000514 seconds, Stopping threads took: 0.0000082 seconds
[2019-12-09T01:51:36.434+0000][1][safepoint    ] Application time: 0.0000499 seconds
[2019-12-09T01:51:36.434+0000][1][safepoint    ] Entering safepoint region: RevokeBias
[2019-12-09T01:51:36.434+0000][1][safepoint    ] Leaving safepoint region
[2019-12-09T01:51:36.434+0000][1][safepoint    ] Total time for which application threads were stopped: 0.0000498 seconds, Stopping threads took: 0.0000079 seconds
[2019-12-09T01:51:36.534+0000][1][safepoint    ] Application time: 0.0993300 seconds
[2019-12-09T01:51:36.534+0000][1][safepoint    ] Entering safepoint region: Deoptimize
[2019-12-09T01:51:36.534+0000][1][safepoint    ] Leaving safepoint region
[2019-12-09T01:51:36.534+0000][1][safepoint    ] Total time for which application threads were stopped: 0.0004082 seconds, Stopping threads took: 0.0000147 seconds
[2019-12-09T01:51:37.071+0000][1][safepoint    ] Application time: 0.5371078 seconds
[2019-12-09T01:51:37.071+0000][1][safepoint    ] Entering safepoint region: Deoptimize
[2019-12-09T01:51:37.072+0000][1][safepoint    ] Leaving safepoint region
[2019-12-09T01:51:37.072+0000][1][safepoint    ] Total time for which application threads were stopped: 0.0004387 seconds, Stopping threads took: 0.0000128 seconds
[2019-12-09T01:51:37.131+0000][1][safepoint    ] Application time: 0.0594945 seconds
[2019-12-09T01:51:37.131+0000][1][safepoint    ] Entering safepoint region: RevokeBias
[2019-12-09T01:51:37.131+0000][1][safepoint    ] Leaving safepoint region
[2019-12-09T01:51:37.131+0000][1][safepoint    ] Total time for which application threads were stopped: 0.0000851 seconds, Stopping threads took: 0.0000132 seconds
[2019-12-09T01:51:37.766+0000][1][safepoint    ] Application time: 0.6349127 seconds
[2019-12-09T01:51:37.766+0000][1][safepoint    ] Entering safepoint region: RevokeBias
[2019-12-09T01:51:37.766+0000][1][safepoint    ] Leaving safepoint region
[2019-12-09T01:51:37.766+0000][1][safepoint    ] Total time for which application threads were stopped: 0.0000715 seconds, Stopping threads took: 0.0000131 seconds
[2019-12-09T01:51:38.116+0000][1][safepoint    ] Application time: 0.3493361 seconds
[2019-12-09T01:51:38.116+0000][1][safepoint    ] Entering safepoint region: GenCollectForAllocation
[2019-12-09T01:51:38.116+0000][1][gc,start     ] GC(5) Pause Young (Allocation Failure)
[2019-12-09T01:51:38.116+0000][1][gc,task      ] GC(5) Using 2 workers of 2 for evacuation
[2019-12-09T01:51:38.310+0000][1][gc,age       ] GC(5) Desired survivor size 4456448 bytes, new threshold 6 (max threshold 6)
[2019-12-09T01:51:38.310+0000][1][gc,age       ] GC(5) Age table with threshold 6 (max threshold 6)
[2019-12-09T01:51:38.310+0000][1][gc,age       ] GC(5) - age   1:    2907896 bytes,    2907896 total
[2019-12-09T01:51:38.310+0000][1][gc,age       ] GC(5) - age   2:     442776 bytes,    3350672 total
[2019-12-09T01:51:38.310+0000][1][gc,heap      ] GC(5) ParNew: 77691K->5197K(78656K)
[2019-12-09T01:51:38.310+0000][1][gc,heap      ] GC(5) CMS: 7944K->11625K(174784K)
[2019-12-09T01:51:38.310+0000][1][gc,metaspace ] GC(5) Metaspace: 18969K->18969K(1067008K)
[2019-12-09T01:51:38.310+0000][1][gc           ] GC(5) Pause Young (Allocation Failure) 83M->16M(247M) 194.497ms
[2019-12-09T01:51:38.310+0000][1][gc,cpu       ] GC(5) User=0.05s Sys=0.00s Real=0.19s
[2019-12-09T01:51:38.310+0000][1][safepoint    ] Leaving safepoint region
[2019-12-09T01:51:38.310+0000][1][safepoint    ] Total time for which application threads were stopped: 0.1946301 seconds, Stopping threads took: 0.0000153 seconds
[2019-12-09T01:51:38.354+0000][1][safepoint    ] Application time: 0.0433384 seconds
[2019-12-09T01:51:38.398+0000][1][safepoint    ] Entering safepoint region: RevokeBias
[2019-12-09T01:51:38.398+0000][1][safepoint    ] Leaving safepoint region
[2019-12-09T01:51:38.398+0000][1][safepoint    ] Total time for which application threads were stopped: 0.0445732 seconds, Stopping threads took: 0.0444681 seconds
[2019-12-09T01:51:38.413+0000][1][safepoint    ] Application time: 0.0143707 seconds
[2019-12-09T01:51:38.480+0000][1][safepoint    ] Entering safepoint region: RevokeBias
[2019-12-09T01:51:38.480+0000][1][safepoint    ] Leaving safepoint region
[2019-12-09T01:51:38.480+0000][1][safepoint    ] Total time for which application threads were stopped: 0.0671324 seconds, Stopping threads took: 0.0670115 seconds
[2019-12-09T01:51:38.480+0000][1][safepoint    ] Application time: 0.0000775 seconds
[2019-12-09T01:51:38.480+0000][1][safepoint    ] Entering safepoint region: RevokeBias
[2019-12-09T01:51:38.480+0000][1][safepoint    ] Leaving safepoint region
[2019-12-09T01:51:38.480+0000][1][safepoint    ] Total time for which application threads were stopped: 0.0000444 seconds, Stopping threads took: 0.0000071 seconds
[2019-12-09T01:51:38.480+0000][1][safepoint    ] Application time: 0.0000462 seconds
[2019-12-09T01:51:38.480+0000][1][safepoint    ] Entering safepoint region: RevokeBias
[2019-12-09T01:51:38.480+0000][1][safepoint    ] Leaving safepoint region
[2019-12-09T01:51:38.480+0000][1][safepoint    ] Total time for which application threads were stopped: 0.0000412 seconds, Stopping threads took: 0.0000072 seconds
[2019-12-09T01:51:38.480+0000][1][safepoint    ] Application time: 0.0000473 seconds
[2019-12-09T01:51:38.480+0000][1][safepoint    ] Entering safepoint region: RevokeBias
[2019-12-09T01:51:38.480+0000][1][safepoint    ] Leaving safepoint region
[2019-12-09T01:51:38.480+0000][1][safepoint    ] Total time for which application threads were stopped: 0.0000403 seconds, Stopping threads took: 0.0000072 seconds
[2019-12-09T01:51:38.480+0000][1][safepoint    ] Application time: 0.0000445 seconds
[2019-12-09T01:51:38.480+0000][1][safepoint    ] Entering safepoint region: RevokeBias
[2019-12-09T01:51:38.480+0000][1][safepoint    ] Leaving safepoint region
[2019-12-09T01:51:38.480+0000][1][safepoint    ] Total time for which application threads were stopped: 0.0000395 seconds, Stopping threads took: 0.0000071 seconds
[2019-12-09T01:51:38.978+0000][1][safepoint    ] Application time: 0.4972871 seconds
[2019-12-09T01:51:38.978+0000][1][safepoint    ] Entering safepoint region: RevokeBias
[2019-12-09T01:51:38.978+0000][1][safepoint    ] Leaving safepoint region
[2019-12-09T01:51:38.978+0000][1][safepoint    ] Total time for which application threads were stopped: 0.0000828 seconds, Stopping threads took: 0.0000116 seconds
[2019-12-09T01:51:38.998+0000][1][safepoint    ] Application time: 0.0201842 seconds
[2019-12-09T01:51:38.998+0000][1][safepoint    ] Entering safepoint region: RevokeBias
[2019-12-09T01:51:38.998+0000][1][safepoint    ] Leaving safepoint region
[2019-12-09T01:51:38.998+0000][1][safepoint    ] Total time for which application threads were stopped: 0.0000601 seconds, Stopping threads took: 0.0000123 seconds
[2019-12-09T01:51:39.319+0000][1][safepoint    ] Application time: 0.3205176 seconds
[2019-12-09T01:51:39.319+0000][1][safepoint    ] Entering safepoint region: GenCollectForAllocation
[2019-12-09T01:51:39.319+0000][1][gc,start     ] GC(6) Pause Young (Allocation Failure)
[2019-12-09T01:51:39.319+0000][1][gc,task      ] GC(6) Using 2 workers of 2 for evacuation
[2019-12-09T01:51:39.383+0000][1][gc,age       ] GC(6) Desired survivor size 4456448 bytes, new threshold 6 (max threshold 6)
[2019-12-09T01:51:39.383+0000][1][gc,age       ] GC(6) Age table with threshold 6 (max threshold 6)
[2019-12-09T01:51:39.383+0000][1][gc,age       ] GC(6) - age   1:    1668632 bytes,    1668632 total
[2019-12-09T01:51:39.383+0000][1][gc,age       ] GC(6) - age   2:    2191192 bytes,    3859824 total
[2019-12-09T01:51:39.383+0000][1][gc,age       ] GC(6) - age   3:     442776 bytes,    4302600 total
[2019-12-09T01:51:39.383+0000][1][gc,heap      ] GC(6) ParNew: 75149K->7507K(78656K)
[2019-12-09T01:51:39.383+0000][1][gc,heap      ] GC(6) CMS: 11625K->11625K(174784K)
[2019-12-09T01:51:39.383+0000][1][gc,metaspace ] GC(6) Metaspace: 19273K->19273K(1067008K)
[2019-12-09T01:51:39.383+0000][1][gc           ] GC(6) Pause Young (Allocation Failure) 84M->18M(247M) 64.271ms
[2019-12-09T01:51:39.383+0000][1][gc,cpu       ] GC(6) User=0.03s Sys=0.00s Real=0.06s
[2019-12-09T01:51:39.383+0000][1][safepoint    ] Leaving safepoint region
[2019-12-09T01:51:39.383+0000][1][safepoint    ] Total time for which application threads were stopped: 0.0643974 seconds, Stopping threads took: 0.0000140 seconds
[2019-12-09T01:51:39.394+0000][1][safepoint    ] Application time: 0.0107869 seconds
[2019-12-09T01:51:39.435+0000][1][safepoint    ] Entering safepoint region: RevokeBias
[2019-12-09T01:51:39.435+0000][1][safepoint    ] Leaving safepoint region
[2019-12-09T01:51:39.435+0000][1][safepoint    ] Total time for which application threads were stopped: 0.0410610 seconds, Stopping threads took: 0.0409743 seconds
[2019-12-09T01:51:39.435+0000][1][safepoint    ] Application time: 0.0000739 seconds
[2019-12-09T01:51:39.435+0000][1][safepoint    ] Entering safepoint region: RevokeBias
[2019-12-09T01:51:39.435+0000][1][safepoint    ] Leaving safepoint region
[2019-12-09T01:51:39.435+0000][1][safepoint    ] Total time for which application threads were stopped: 0.0000599 seconds, Stopping threads took: 0.0000094 seconds
[2019-12-09T01:51:39.435+0000][1][safepoint    ] Application time: 0.0000672 seconds
[2019-12-09T01:51:39.435+0000][1][safepoint    ] Entering safepoint region: BulkRevokeBias
[2019-12-09T01:51:39.435+0000][1][safepoint    ] Leaving safepoint region
[2019-12-09T01:51:39.435+0000][1][safepoint    ] Total time for which application threads were stopped: 0.0000888 seconds, Stopping threads took: 0.0000093 seconds
[2019-12-09T01:51:39.435+0000][1][safepoint    ] Application time: 0.0000577 seconds
[2019-12-09T01:51:39.435+0000][1][safepoint    ] Entering safepoint region: BulkRevokeBias
[2019-12-09T01:51:39.435+0000][1][safepoint    ] Leaving safepoint region
[2019-12-09T01:51:39.435+0000][1][safepoint    ] Total time for which application threads were stopped: 0.0000763 seconds, Stopping threads took: 0.0000085 seconds
[2019-12-09T01:51:40.564+0000][1][safepoint    ] Application time: 1.1283341 seconds
[2019-12-09T01:51:40.564+0000][1][safepoint    ] Entering safepoint region: GenCollectForAllocation
[2019-12-09T01:51:40.564+0000][1][gc,start     ] GC(7) Pause Young (Allocation Failure)
[2019-12-09T01:51:40.564+0000][1][gc,task      ] GC(7) Using 2 workers of 2 for evacuation
[2019-12-09T01:51:40.700+0000][1][gc,age       ] GC(7) Desired survivor size 4456448 bytes, new threshold 6 (max threshold 6)
[2019-12-09T01:51:40.700+0000][1][gc,age       ] GC(7) Age table with threshold 6 (max threshold 6)
[2019-12-09T01:51:40.700+0000][1][gc,age       ] GC(7) - age   1:     409016 bytes,     409016 total
[2019-12-09T01:51:40.700+0000][1][gc,age       ] GC(7) - age   2:    1128824 bytes,    1537840 total
[2019-12-09T01:51:40.700+0000][1][gc,age       ] GC(7) - age   3:    2191112 bytes,    3728952 total
[2019-12-09T01:51:40.700+0000][1][gc,age       ] GC(7) - age   4:     442776 bytes,    4171728 total
[2019-12-09T01:51:40.700+0000][1][gc,heap      ] GC(7) ParNew: 77459K->5196K(78656K)
[2019-12-09T01:51:40.700+0000][1][gc,heap      ] GC(7) CMS: 11625K->11625K(174784K)
[2019-12-09T01:51:40.700+0000][1][gc,metaspace ] GC(7) Metaspace: 19561K->19561K(1067008K)
[2019-12-09T01:51:40.700+0000][1][gc           ] GC(7) Pause Young (Allocation Failure) 86M->16M(247M) 136.099ms
[2019-12-09T01:51:40.700+0000][1][gc,cpu       ] GC(7) User=0.01s Sys=0.00s Real=0.14s
[2019-12-09T01:51:40.700+0000][1][safepoint    ] Leaving safepoint region
[2019-12-09T01:51:40.700+0000][1][safepoint    ] Total time for which application threads were stopped: 0.1362641 seconds, Stopping threads took: 0.0000141 seconds
[2019-12-09T01:51:41.512+0000][1][safepoint    ] Application time: 0.8118146 seconds
[2019-12-09T01:51:41.512+0000][1][safepoint    ] Entering safepoint region: CollectForMetadataAllocation
[2019-12-09T01:51:41.513+0000][1][safepoint    ] Leaving safepoint region
[2019-12-09T01:51:41.513+0000][1][safepoint    ] Total time for which application threads were stopped: 0.0006557 seconds, Stopping threads took: 0.0004094 seconds
[2019-12-09T01:51:42.266+0000][1][safepoint    ] Application time: 0.7531707 seconds
[2019-12-09T01:51:42.266+0000][1][safepoint    ] Entering safepoint region: CollectForMetadataAllocation
[2019-12-09T01:51:42.266+0000][1][safepoint    ] Leaving safepoint region
[2019-12-09T01:51:42.266+0000][1][safepoint    ] Total time for which application threads were stopped: 0.0002241 seconds, Stopping threads took: 0.0000131 seconds
[2019-12-09T01:51:42.322+0000][1][safepoint    ] Application time: 0.0558747 seconds
[2019-12-09T01:51:42.322+0000][1][safepoint    ] Entering safepoint region: GenCollectForAllocation
[2019-12-09T01:51:42.322+0000][1][gc,start     ] GC(8) Pause Young (Allocation Failure)
[2019-12-09T01:51:42.322+0000][1][gc,task      ] GC(8) Using 2 workers of 2 for evacuation
[2019-12-09T01:51:42.391+0000][1][gc,age       ] GC(8) Desired survivor size 4456448 bytes, new threshold 4 (max threshold 6)
[2019-12-09T01:51:42.391+0000][1][gc,age       ] GC(8) Age table with threshold 4 (max threshold 6)
[2019-12-09T01:51:42.391+0000][1][gc,age       ] GC(8) - age   1:     990896 bytes,     990896 total
[2019-12-09T01:51:42.391+0000][1][gc,age       ] GC(8) - age   2:     387288 bytes,    1378184 total
[2019-12-09T01:51:42.391+0000][1][gc,age       ] GC(8) - age   3:    1128680 bytes,    2506864 total
[2019-12-09T01:51:42.391+0000][1][gc,age       ] GC(8) - age   4:    2188896 bytes,    4695760 total
[2019-12-09T01:51:42.391+0000][1][gc,age       ] GC(8) - age   5:     442776 bytes,    5138536 total
[2019-12-09T01:51:42.391+0000][1][gc,heap      ] GC(8) ParNew: 75148K->7115K(78656K)
[2019-12-09T01:51:42.391+0000][1][gc,heap      ] GC(8) CMS: 11625K->11625K(174784K)
[2019-12-09T01:51:42.391+0000][1][gc,metaspace ] GC(8) Metaspace: 20357K->20357K(1069056K)
[2019-12-09T01:51:42.391+0000][1][gc           ] GC(8) Pause Young (Allocation Failure) 84M->18M(247M) 69.023ms
[2019-12-09T01:51:42.391+0000][1][gc,cpu       ] GC(8) User=0.03s Sys=0.00s Real=0.07s
[2019-12-09T01:51:42.391+0000][1][safepoint    ] Leaving safepoint region
[2019-12-09T01:51:42.391+0000][1][safepoint    ] Total time for which application threads were stopped: 0.0691482 seconds, Stopping threads took: 0.0000130 seconds
[2019-12-09T01:51:42.399+0000][1][safepoint    ] Application time: 0.0077820 seconds
[2019-12-09T01:51:42.424+0000][1][safepoint    ] Entering safepoint region: CMS_Initial_Mark
[2019-12-09T01:51:42.424+0000][1][gc,start     ] GC(9) Pause Initial Mark
[2019-12-09T01:51:42.427+0000][1][gc           ] GC(9) Pause Initial Mark 22M->22M(247M) 3.300ms
[2019-12-09T01:51:42.427+0000][1][gc,cpu       ] GC(9) User=0.00s Sys=0.00s Real=0.01s
[2019-12-09T01:51:42.427+0000][1][safepoint    ] Leaving safepoint region
[2019-12-09T01:51:42.427+0000][1][safepoint    ] Total time for which application threads were stopped: 0.0283405 seconds, Stopping threads took: 0.0249460 seconds
[2019-12-09T01:51:42.427+0000][1][gc           ] GC(9) Concurrent Mark
[2019-12-09T01:51:42.505+0000][1][gc           ] GC(9) Concurrent Mark 78.236ms
[2019-12-09T01:51:42.506+0000][1][gc,cpu       ] GC(9) User=0.03s Sys=0.00s Real=0.08s
[2019-12-09T01:51:42.506+0000][1][gc           ] GC(9) Concurrent Preclean
[2019-12-09T01:51:42.506+0000][1][gc           ] GC(9) Concurrent Preclean 0.473ms
[2019-12-09T01:51:42.506+0000][1][gc,cpu       ] GC(9) User=0.00s Sys=0.00s Real=0.00s
[2019-12-09T01:51:42.506+0000][1][gc           ] GC(9) Concurrent Abortable Preclean
[2019-12-09T01:51:43.431+0000][1][safepoint    ] Application time: 1.0035071 seconds
[2019-12-09T01:51:43.431+0000][1][safepoint    ] Entering safepoint region: GenCollectForAllocation
[2019-12-09T01:51:43.431+0000][1][gc,start     ] GC(10) Pause Young (Allocation Failure)
[2019-12-09T01:51:43.431+0000][1][gc,task      ] GC(10) Using 2 workers of 2 for evacuation
[2019-12-09T01:51:43.586+0000][1][gc,age       ] GC(10) Desired survivor size 4456448 bytes, new threshold 6 (max threshold 6)
[2019-12-09T01:51:43.586+0000][1][gc,age       ] GC(10) Age table with threshold 6 (max threshold 6)
[2019-12-09T01:51:43.586+0000][1][gc,age       ] GC(10) - age   1:    1255848 bytes,    1255848 total
[2019-12-09T01:51:43.586+0000][1][gc,age       ] GC(10) - age   2:     623600 bytes,    1879448 total
[2019-12-09T01:51:43.586+0000][1][gc,age       ] GC(10) - age   3:     387168 bytes,    2266616 total
[2019-12-09T01:51:43.586+0000][1][gc,age       ] GC(10) - age   4:    1128680 bytes,    3395296 total
[2019-12-09T01:51:43.586+0000][1][gc,heap      ] GC(10) ParNew: 77067K->4653K(78656K)
[2019-12-09T01:51:43.586+0000][1][gc,heap      ] GC(10) CMS: 11625K->14213K(174784K)
[2019-12-09T01:51:43.586+0000][1][gc,metaspace ] GC(10) Metaspace: 20468K->20468K(1069056K)
[2019-12-09T01:51:43.586+0000][1][gc           ] GC(10) Pause Young (Allocation Failure) 86M->18M(247M) 154.912ms
[2019-12-09T01:51:43.586+0000][1][gc,cpu       ] GC(10) User=0.04s Sys=0.00s Real=0.16s
[2019-12-09T01:51:43.586+0000][1][safepoint    ] Leaving safepoint region
[2019-12-09T01:51:43.586+0000][1][safepoint    ] Total time for which application threads were stopped: 0.1550475 seconds, Stopping threads took: 0.0000165 seconds
[2019-12-09T01:51:44.448+0000][1][gc           ] GC(9) Concurrent Abortable Preclean 1941.641ms
[2019-12-09T01:51:44.448+0000][1][gc,cpu       ] GC(9) User=0.54s Sys=0.00s Real=1.94s
[2019-12-09T01:51:44.448+0000][1][safepoint    ] Application time: 0.8619782 seconds
[2019-12-09T01:51:44.494+0000][1][safepoint    ] Entering safepoint region: CMS_Final_Remark
[2019-12-09T01:51:44.494+0000][1][gc,start     ] GC(9) Pause Remark
[2019-12-09T01:51:44.751+0000][1][gc           ] GC(9) Pause Remark 67M->67M(247M) 257.419ms
[2019-12-09T01:51:44.751+0000][1][gc,cpu       ] GC(9) User=0.06s Sys=0.00s Real=0.26s
[2019-12-09T01:51:44.751+0000][1][safepoint    ] Leaving safepoint region
[2019-12-09T01:51:44.751+0000][1][safepoint    ] Total time for which application threads were stopped: 0.3035046 seconds, Stopping threads took: 0.0459356 seconds
[2019-12-09T01:51:44.768+0000][1][gc           ] GC(9) Concurrent Sweep
[2019-12-09T01:51:44.824+0000][1][gc           ] GC(9) Concurrent Sweep 55.804ms
[2019-12-09T01:51:44.824+0000][1][gc,cpu       ] GC(9) User=0.01s Sys=0.00s Real=0.05s
[2019-12-09T01:51:44.824+0000][1][gc           ] GC(9) Concurrent Reset
[2019-12-09T01:51:44.824+0000][1][gc           ] GC(9) Concurrent Reset 0.337ms
[2019-12-09T01:51:44.824+0000][1][gc,cpu       ] GC(9) User=0.01s Sys=0.00s Real=0.00s
[2019-12-09T01:51:44.824+0000][1][gc,heap      ] GC(9) Old: 11625K->14187K(174784K)
[2019-12-09T01:51:45.069+0000][1][safepoint    ] Application time: 0.3181461 seconds
[2019-12-09T01:51:45.070+0000][1][safepoint    ] Entering safepoint region: GenCollectForAllocation
[2019-12-09T01:51:45.070+0000][1][gc,start     ] GC(11) Pause Young (Allocation Failure)
[2019-12-09T01:51:45.070+0000][1][gc,task      ] GC(11) Using 2 workers of 2 for evacuation
[2019-12-09T01:51:45.136+0000][1][gc,age       ] GC(11) Desired survivor size 4456448 bytes, new threshold 6 (max threshold 6)
[2019-12-09T01:51:45.136+0000][1][gc,age       ] GC(11) Age table with threshold 6 (max threshold 6)
[2019-12-09T01:51:45.136+0000][1][gc,age       ] GC(11) - age   1:    1003216 bytes,    1003216 total
[2019-12-09T01:51:45.136+0000][1][gc,age       ] GC(11) - age   2:      97424 bytes,    1100640 total
[2019-12-09T01:51:45.136+0000][1][gc,age       ] GC(11) - age   3:     623552 bytes,    1724192 total
[2019-12-09T01:51:45.136+0000][1][gc,age       ] GC(11) - age   4:     387064 bytes,    2111256 total
[2019-12-09T01:51:45.136+0000][1][gc,age       ] GC(11) - age   5:    1128392 bytes,    3239648 total
[2019-12-09T01:51:45.136+0000][1][gc,heap      ] GC(11) ParNew: 74605K->5475K(78656K)
[2019-12-09T01:51:45.136+0000][1][gc,heap      ] GC(11) CMS: 14187K->14187K(174784K)
[2019-12-09T01:51:45.136+0000][1][gc,metaspace ] GC(11) Metaspace: 20556K->20556K(1069056K)
[2019-12-09T01:51:45.136+0000][1][gc           ] GC(11) Pause Young (Allocation Failure) 86M->19M(247M) 65.994ms
[2019-12-09T01:51:45.136+0000][1][gc,cpu       ] GC(11) User=0.02s Sys=0.00s Real=0.07s
[2019-12-09T01:51:45.136+0000][1][safepoint    ] Leaving safepoint region
[2019-12-09T01:51:45.136+0000][1][safepoint    ] Total time for which application threads were stopped: 0.0665427 seconds, Stopping threads took: 0.0000144 seconds
[2019-12-09T01:51:45.893+0000][1][safepoint    ] Application time: 0.7572431 seconds
[2019-12-09T01:51:45.893+0000][1][safepoint    ] Entering safepoint region: Deoptimize
[2019-12-09T01:51:45.894+0000][1][safepoint    ] Leaving safepoint region
[2019-12-09T01:51:45.894+0000][1][safepoint    ] Total time for which application threads were stopped: 0.0004234 seconds, Stopping threads took: 0.0000137 seconds
[2019-12-09T01:51:46.900+0000][1][safepoint    ] Application time: 1.0066352 seconds
[2019-12-09T01:51:46.943+0000][1][safepoint    ] Entering safepoint region: Cleanup
[2019-12-09T01:51:46.943+0000][1][safepoint    ] Leaving safepoint region
[2019-12-09T01:51:46.943+0000][1][safepoint    ] Total time for which application threads were stopped: 0.0427236 seconds, Stopping threads took: 0.0426507 seconds
[2019-12-09T01:51:47.821+0000][1][safepoint    ] Application time: 0.8781846 seconds
[2019-12-09T01:51:47.821+0000][1][safepoint    ] Entering safepoint region: GenCollectForAllocation
[2019-12-09T01:51:47.822+0000][1][gc,start     ] GC(12) Pause Young (Allocation Failure)
[2019-12-09T01:51:47.822+0000][1][gc,task      ] GC(12) Using 2 workers of 2 for evacuation
[2019-12-09T01:51:47.884+0000][1][gc,age       ] GC(12) Desired survivor size 4456448 bytes, new threshold 6 (max threshold 6)
[2019-12-09T01:51:47.884+0000][1][gc,age       ] GC(12) Age table with threshold 6 (max threshold 6)
[2019-12-09T01:51:47.884+0000][1][gc,age       ] GC(12) - age   1:    1130792 bytes,    1130792 total
[2019-12-09T01:51:47.884+0000][1][gc,age       ] GC(12) - age   2:     305568 bytes,    1436360 total
[2019-12-09T01:51:47.884+0000][1][gc,age       ] GC(12) - age   3:      97424 bytes,    1533784 total
[2019-12-09T01:51:47.884+0000][1][gc,age       ] GC(12) - age   4:     623552 bytes,    2157336 total
[2019-12-09T01:51:47.884+0000][1][gc,age       ] GC(12) - age   5:     387000 bytes,    2544336 total
[2019-12-09T01:51:47.884+0000][1][gc,age       ] GC(12) - age   6:    1128392 bytes,    3672728 total
[2019-12-09T01:51:47.884+0000][1][gc,heap      ] GC(12) ParNew: 75427K->4197K(78656K)
[2019-12-09T01:51:47.884+0000][1][gc,heap      ] GC(12) CMS: 14187K->14187K(174784K)
[2019-12-09T01:51:47.884+0000][1][gc,metaspace ] GC(12) Metaspace: 22771K->22771K(1071104K)
[2019-12-09T01:51:47.884+0000][1][gc           ] GC(12) Pause Young (Allocation Failure) 87M->17M(247M) 62.640ms
[2019-12-09T01:51:47.884+0000][1][gc,cpu       ] GC(12) User=0.01s Sys=0.00s Real=0.06s
[2019-12-09T01:51:47.884+0000][1][safepoint    ] Leaving safepoint region
[2019-12-09T01:51:47.884+0000][1][safepoint    ] Total time for which application threads were stopped: 0.0628005 seconds, Stopping threads took: 0.0000154 seconds
[2019-12-09T01:51:48.700+0000][1][safepoint    ] Application time: 0.8153577 seconds
[2019-12-09T01:51:48.700+0000][1][safepoint    ] Entering safepoint region: Deoptimize
[2019-12-09T01:51:48.700+0000][1][safepoint    ] Leaving safepoint region
[2019-12-09T01:51:48.700+0000][1][safepoint    ] Total time for which application threads were stopped: 0.0005885 seconds, Stopping threads took: 0.0000133 seconds
[2019-12-09T01:51:49.465+0000][1][safepoint    ] Application time: 0.7652571 seconds
[2019-12-09T01:51:49.466+0000][1][safepoint    ] Entering safepoint region: Deoptimize
[2019-12-09T01:51:49.466+0000][1][safepoint    ] Leaving safepoint region
[2019-12-09T01:51:49.466+0000][1][safepoint    ] Total time for which application threads were stopped: 0.0004619 seconds, Stopping threads took: 0.0000126 seconds
[2019-12-09T01:51:49.577+0000][1][safepoint    ] Application time: 0.1108806 seconds
[2019-12-09T01:51:49.577+0000][1][safepoint    ] Entering safepoint region: Deoptimize
[2019-12-09T01:51:49.577+0000][1][safepoint    ] Leaving safepoint region
[2019-12-09T01:51:49.577+0000][1][safepoint    ] Total time for which application threads were stopped: 0.0004229 seconds, Stopping threads took: 0.0000132 seconds
[2019-12-09T01:51:49.645+0000][1][safepoint    ] Application time: 0.0672062 seconds
[2019-12-09T01:51:49.645+0000][1][safepoint    ] Entering safepoint region: Deoptimize
[2019-12-09T01:51:49.645+0000][1][safepoint    ] Leaving safepoint region
[2019-12-09T01:51:49.645+0000][1][safepoint    ] Total time for which application threads were stopped: 0.0004598 seconds, Stopping threads took: 0.0000129 seconds
[2019-12-09T01:51:49.691+0000][1][safepoint    ] Application time: 0.0460195 seconds
[2019-12-09T01:51:49.691+0000][1][safepoint    ] Entering safepoint region: RevokeBias
[2019-12-09T01:51:49.691+0000][1][safepoint    ] Leaving safepoint region
[2019-12-09T01:51:49.691+0000][1][safepoint    ] Total time for which application threads were stopped: 0.0000635 seconds, Stopping threads took: 0.0000130 seconds
[2019-12-09T01:51:50.693+0000][1][safepoint    ] Application time: 1.0015274 seconds
[2019-12-09T01:51:50.694+0000][1][safepoint    ] Entering safepoint region: Cleanup
[2019-12-09T01:51:50.694+0000][1][safepoint    ] Leaving safepoint region
[2019-12-09T01:51:50.694+0000][1][safepoint    ] Total time for which application threads were stopped: 0.0011687 seconds, Stopping threads took: 0.0011234 seconds
[2019-12-09T01:51:51.694+0000][1][safepoint    ] Application time: 1.0003045 seconds
[2019-12-09T01:51:51.843+0000][1][safepoint    ] Entering safepoint region: Cleanup
[2019-12-09T01:51:51.843+0000][1][safepoint    ] Leaving safepoint region
[2019-12-09T01:51:51.843+0000][1][safepoint    ] Total time for which application threads were stopped: 0.1487327 seconds, Stopping threads took: 0.1484842 seconds
[2019-12-09T01:51:52.857+0000][1][safepoint    ] Application time: 1.0137193 seconds
[2019-12-09T01:51:52.868+0000][1][safepoint    ] Entering safepoint region: Cleanup
[2019-12-09T01:51:52.868+0000][1][safepoint    ] Leaving safepoint region
[2019-12-09T01:51:52.868+0000][1][safepoint    ] Total time for which application threads were stopped: 0.0110643 seconds, Stopping threads took: 0.0110159 seconds
[2019-12-09T01:51:53.105+0000][1][safepoint    ] Application time: 0.2370199 seconds
[2019-12-09T01:51:53.105+0000][1][safepoint    ] Entering safepoint region: RevokeBias
[2019-12-09T01:51:53.105+0000][1][safepoint    ] Leaving safepoint region
[2019-12-09T01:51:53.105+0000][1][safepoint    ] Total time for which application threads were stopped: 0.0000732 seconds, Stopping threads took: 0.0000122 seconds
[2019-12-09T01:51:54.327+0000][1][safepoint    ] Application time: 1.2217473 seconds
[2019-12-09T01:51:54.327+0000][1][safepoint    ] Entering safepoint region: GenCollectForAllocation
[2019-12-09T01:51:54.327+0000][1][gc,start     ] GC(13) Pause Young (Allocation Failure)
[2019-12-09T01:51:54.327+0000][1][gc,task      ] GC(13) Using 2 workers of 2 for evacuation
[2019-12-09T01:51:54.801+0000][1][gc,age       ] GC(13) Desired survivor size 4456448 bytes, new threshold 1 (max threshold 6)
[2019-12-09T01:51:54.801+0000][1][gc,age       ] GC(13) Age table with threshold 1 (max threshold 6)
[2019-12-09T01:51:54.801+0000][1][gc,age       ] GC(13) - age   1:    6842832 bytes,    6842832 total
[2019-12-09T01:51:54.801+0000][1][gc,age       ] GC(13) - age   2:     674184 bytes,    7517016 total
[2019-12-09T01:51:54.801+0000][1][gc,age       ] GC(13) - age   3:     303512 bytes,    7820528 total
[2019-12-09T01:51:54.801+0000][1][gc,age       ] GC(13) - age   4:      95896 bytes,    7916424 total
[2019-12-09T01:51:54.801+0000][1][gc,age       ] GC(13) - age   5:     612512 bytes,    8528936 total
[2019-12-09T01:51:54.801+0000][1][gc,age       ] GC(13) - age   6:     383784 bytes,    8912720 total
[2019-12-09T01:51:54.801+0000][1][gc,heap      ] GC(13) ParNew: 74149K->8704K(78656K)
[2019-12-09T01:51:54.801+0000][1][gc,heap      ] GC(13) CMS: 14187K->21745K(174784K)
[2019-12-09T01:51:54.801+0000][1][gc,metaspace ] GC(13) Metaspace: 27078K->27078K(1075200K)
[2019-12-09T01:51:54.801+0000][1][gc           ] GC(13) Pause Young (Allocation Failure) 86M->29M(247M) 474.516ms
[2019-12-09T01:51:54.801+0000][1][gc,cpu       ] GC(13) User=0.13s Sys=0.00s Real=0.47s
[2019-12-09T01:51:54.801+0000][1][safepoint    ] Leaving safepoint region
[2019-12-09T01:51:54.801+0000][1][safepoint    ] Total time for which application threads were stopped: 0.4746594 seconds, Stopping threads took: 0.0000148 seconds
[2019-12-09T01:51:55.804+0000][1][safepoint    ] Application time: 1.0022916 seconds
[2019-12-09T01:51:55.820+0000][1][safepoint    ] Entering safepoint region: Cleanup
[2019-12-09T01:51:55.820+0000][1][safepoint    ] Leaving safepoint region
[2019-12-09T01:51:55.820+0000][1][safepoint    ] Total time for which application threads were stopped: 0.0161062 seconds, Stopping threads took: 0.0160595 seconds
[2019-12-09T01:51:56.832+0000][1][safepoint    ] Application time: 1.0118800 seconds
[2019-12-09T01:51:56.904+0000][1][safepoint    ] Entering safepoint region: Cleanup
[2019-12-09T01:51:56.904+0000][1][safepoint    ] Leaving safepoint region
[2019-12-09T01:51:56.904+0000][1][safepoint    ] Total time for which application threads were stopped: 0.0721327 seconds, Stopping threads took: 0.0720827 seconds
[2019-12-09T01:51:57.933+0000][1][safepoint    ] Application time: 1.0287751 seconds
[2019-12-09T01:51:57.977+0000][1][safepoint    ] Entering safepoint region: Cleanup
[2019-12-09T01:51:57.977+0000][1][safepoint    ] Leaving safepoint region
[2019-12-09T01:51:57.977+0000][1][safepoint    ] Total time for which application threads were stopped: 0.0444077 seconds, Stopping threads took: 0.0443509 seconds
[2019-12-09T01:51:58.979+0000][1][safepoint    ] Application time: 1.0015549 seconds
[2019-12-09T01:51:58.979+0000][1][safepoint    ] Entering safepoint region: Cleanup
[2019-12-09T01:51:58.979+0000][1][safepoint    ] Leaving safepoint region
[2019-12-09T01:51:58.979+0000][1][safepoint    ] Total time for which application threads were stopped: 0.0001129 seconds, Stopping threads took: 0.0000517 seconds
[2019-12-09T01:52:00.002+0000][1][safepoint    ] Application time: 1.0228942 seconds
[2019-12-09T01:52:00.096+0000][1][safepoint    ] Entering safepoint region: Cleanup
[2019-12-09T01:52:00.096+0000][1][safepoint    ] Leaving safepoint region
[2019-12-09T01:52:00.096+0000][1][safepoint    ] Total time for which application threads were stopped: 0.0939963 seconds, Stopping threads took: 0.0939417 seconds
[2019-12-09T01:52:00.133+0000][1][safepoint    ] Application time: 0.0368960 seconds
[2019-12-09T01:52:00.133+0000][1][safepoint    ] Entering safepoint region: GenCollectForAllocation
[2019-12-09T01:52:00.133+0000][1][gc,start     ] GC(14) Pause Young (Allocation Failure)
[2019-12-09T01:52:00.133+0000][1][gc,task      ] GC(14) Using 2 workers of 2 for evacuation
[2019-12-09T01:52:00.728+0000][1][gc,age       ] GC(14) Desired survivor size 4456448 bytes, new threshold 1 (max threshold 6)
[2019-12-09T01:52:00.729+0000][1][gc,age       ] GC(14) Age table with threshold 1 (max threshold 6)
[2019-12-09T01:52:00.729+0000][1][gc,age       ] GC(14) - age   1:    8912816 bytes,    8912816 total
[2019-12-09T01:52:00.729+0000][1][gc,heap      ] GC(14) ParNew: 78656K->8704K(78656K)
[2019-12-09T01:52:00.729+0000][1][gc,heap      ] GC(14) CMS: 21745K->34712K(174784K)
[2019-12-09T01:52:00.729+0000][1][gc,metaspace ] GC(14) Metaspace: 27113K->27113K(1075200K)
[2019-12-09T01:52:00.729+0000][1][gc           ] GC(14) Pause Young (Allocation Failure) 98M->42M(247M) 595.742ms
[2019-12-09T01:52:00.729+0000][1][gc,cpu       ] GC(14) User=0.18s Sys=0.00s Real=0.60s
[2019-12-09T01:52:00.729+0000][1][safepoint    ] Leaving safepoint region
[2019-12-09T01:52:00.729+0000][1][safepoint    ] Total time for which application threads were stopped: 0.5958896 seconds, Stopping threads took: 0.0000251 seconds
[2019-12-09T01:52:02.739+0000][1][safepoint    ] Application time: 2.0100545 seconds
[2019-12-09T01:52:02.782+0000][1][safepoint    ] Entering safepoint region: Cleanup
[2019-12-09T01:52:02.782+0000][1][safepoint    ] Leaving safepoint region
[2019-12-09T01:52:02.782+0000][1][safepoint    ] Total time for which application threads were stopped: 0.0431860 seconds, Stopping threads took: 0.0431392 seconds
[2019-12-09T01:52:04.462+0000][1][safepoint    ] Application time: 1.6797092 seconds
[2019-12-09T01:52:04.462+0000][1][safepoint    ] Entering safepoint region: RevokeBias
[2019-12-09T01:52:04.462+0000][1][safepoint    ] Leaving safepoint region
[2019-12-09T01:52:04.462+0000][1][safepoint    ] Total time for which application threads were stopped: 0.0002071 seconds, Stopping threads took: 0.0000179 seconds
[2019-12-09T01:52:05.405+0000][1][safepoint    ] Application time: 0.9435519 seconds
[2019-12-09T01:52:05.406+0000][1][safepoint    ] Entering safepoint region: GenCollectForAllocation
[2019-12-09T01:52:05.406+0000][1][gc,start     ] GC(15) Pause Young (Allocation Failure)
[2019-12-09T01:52:05.406+0000][1][gc,task      ] GC(15) Using 2 workers of 2 for evacuation
[2019-12-09T01:52:05.914+0000][1][gc,age       ] GC(15) Desired survivor size 4456448 bytes, new threshold 1 (max threshold 6)
[2019-12-09T01:52:05.914+0000][1][gc,age       ] GC(15) Age table with threshold 1 (max threshold 6)
[2019-12-09T01:52:05.914+0000][1][gc,age       ] GC(15) - age   1:    8912800 bytes,    8912800 total
[2019-12-09T01:52:05.914+0000][1][gc,heap      ] GC(15) ParNew: 78656K->8704K(78656K)
[2019-12-09T01:52:05.914+0000][1][gc,heap      ] GC(15) CMS: 34712K->45885K(174784K)
[2019-12-09T01:52:05.914+0000][1][gc,metaspace ] GC(15) Metaspace: 29169K->29169K(1077248K)
[2019-12-09T01:52:05.914+0000][1][gc           ] GC(15) Pause Young (Allocation Failure) 110M->53M(247M) 508.437ms
[2019-12-09T01:52:05.914+0000][1][gc,cpu       ] GC(15) User=0.10s Sys=0.00s Real=0.50s
[2019-12-09T01:52:05.914+0000][1][safepoint    ] Leaving safepoint region
[2019-12-09T01:52:05.914+0000][1][safepoint    ] Total time for which application threads were stopped: 0.5086102 seconds, Stopping threads took: 0.0000152 seconds
[2019-12-09T01:52:06.931+0000][1][safepoint    ] Application time: 1.0165886 seconds
[2019-12-09T01:52:06.935+0000][1][safepoint    ] Entering safepoint region: Cleanup
[2019-12-09T01:52:06.935+0000][1][safepoint    ] Leaving safepoint region
[2019-12-09T01:52:06.935+0000][1][safepoint    ] Total time for which application threads were stopped: 0.0040442 seconds, Stopping threads took: 0.0039873 seconds
[2019-12-09T01:52:07.942+0000][1][safepoint    ] Application time: 1.0069162 seconds
[2019-12-09T01:52:07.997+0000][1][safepoint    ] Entering safepoint region: Cleanup
[2019-12-09T01:52:07.997+0000][1][safepoint    ] Leaving safepoint region
[2019-12-09T01:52:07.997+0000][1][safepoint    ] Total time for which application threads were stopped: 0.0551074 seconds, Stopping threads took: 0.0550545 seconds
[2019-12-09T01:52:08.998+0000][1][safepoint    ] Application time: 1.0008364 seconds
[2019-12-09T01:52:09.029+0000][1][safepoint    ] Entering safepoint region: Cleanup
[2019-12-09T01:52:09.029+0000][1][safepoint    ] Leaving safepoint region
[2019-12-09T01:52:09.029+0000][1][safepoint    ] Total time for which application threads were stopped: 0.0310931 seconds, Stopping threads took: 0.0310305 seconds
[2019-12-09T01:52:09.171+0000][1][safepoint    ] Application time: 0.1423485 seconds
[2019-12-09T01:52:09.171+0000][1][safepoint    ] Entering safepoint region: GenCollectForAllocation
[2019-12-09T01:52:09.171+0000][1][gc,start     ] GC(16) Pause Young (Allocation Failure)
[2019-12-09T01:52:09.171+0000][1][gc,task      ] GC(16) Using 2 workers of 2 for evacuation
[2019-12-09T01:52:09.363+0000][1][gc,age       ] GC(16) Desired survivor size 4456448 bytes, new threshold 6 (max threshold 6)
[2019-12-09T01:52:09.363+0000][1][gc,age       ] GC(16) Age table with threshold 6 (max threshold 6)
[2019-12-09T01:52:09.363+0000][1][gc,age       ] GC(16) - age   1:    1310976 bytes,    1310976 total
[2019-12-09T01:52:09.363+0000][1][gc,heap      ] GC(16) ParNew: 78656K->8618K(78656K)
[2019-12-09T01:52:09.363+0000][1][gc,heap      ] GC(16) CMS: 45885K->54649K(174784K)
[2019-12-09T01:52:09.363+0000][1][gc,metaspace ] GC(16) Metaspace: 32998K->32998K(1079296K)
[2019-12-09T01:52:09.363+0000][1][gc           ] GC(16) Pause Young (Allocation Failure) 121M->61M(247M) 191.633ms
[2019-12-09T01:52:09.363+0000][1][gc,cpu       ] GC(16) User=0.05s Sys=0.00s Real=0.19s
[2019-12-09T01:52:09.363+0000][1][safepoint    ] Leaving safepoint region
[2019-12-09T01:52:09.363+0000][1][safepoint    ] Total time for which application threads were stopped: 0.1917715 seconds, Stopping threads took: 0.0000145 seconds
[2019-12-09T01:52:10.366+0000][1][safepoint    ] Application time: 1.0026861 seconds
[2019-12-09T01:52:10.410+0000][1][safepoint    ] Entering safepoint region: Cleanup
[2019-12-09T01:52:10.410+0000][1][safepoint    ] Leaving safepoint region
[2019-12-09T01:52:10.410+0000][1][safepoint    ] Total time for which application threads were stopped: 0.0441738 seconds, Stopping threads took: 0.0441245 seconds
[2019-12-09T01:52:11.418+0000][1][safepoint    ] Application time: 1.0078034 seconds
[2019-12-09T01:52:11.466+0000][1][safepoint    ] Entering safepoint region: Cleanup
[2019-12-09T01:52:11.466+0000][1][safepoint    ] Leaving safepoint region
[2019-12-09T01:52:11.466+0000][1][safepoint    ] Total time for which application threads were stopped: 0.0486046 seconds, Stopping threads took: 0.0485337 seconds
[2019-12-09T01:52:11.969+0000][1][safepoint    ] Application time: 0.5023270 seconds
[2019-12-09T01:52:11.969+0000][1][safepoint    ] Entering safepoint region: CollectForMetadataAllocation
[2019-12-09T01:52:11.969+0000][1][safepoint    ] Leaving safepoint region
[2019-12-09T01:52:11.969+0000][1][safepoint    ] Total time for which application threads were stopped: 0.0001561 seconds, Stopping threads took: 0.0000131 seconds
[2019-12-09T01:52:12.214+0000][1][safepoint    ] Application time: 0.2455075 seconds
[2019-12-09T01:52:12.214+0000][1][safepoint    ] Entering safepoint region: CollectForMetadataAllocation
[2019-12-09T01:52:12.215+0000][1][safepoint    ] Leaving safepoint region
[2019-12-09T01:52:12.215+0000][1][safepoint    ] Total time for which application threads were stopped: 0.0001597 seconds, Stopping threads took: 0.0000144 seconds
[2019-12-09T01:52:12.630+0000][1][safepoint    ] Application time: 0.4150929 seconds
[2019-12-09T01:52:12.630+0000][1][safepoint    ] Entering safepoint region: CollectForMetadataAllocation
[2019-12-09T01:52:12.630+0000][1][safepoint    ] Leaving safepoint region
[2019-12-09T01:52:12.630+0000][1][safepoint    ] Total time for which application threads were stopped: 0.0002585 seconds, Stopping threads took: 0.0000142 seconds
[2019-12-09T01:52:12.782+0000][1][safepoint    ] Application time: 0.1523450 seconds
[2019-12-09T01:52:12.782+0000][1][safepoint    ] Entering safepoint region: CollectForMetadataAllocation
[2019-12-09T01:52:12.783+0000][1][safepoint    ] Leaving safepoint region
[2019-12-09T01:52:12.783+0000][1][safepoint    ] Total time for which application threads were stopped: 0.0002315 seconds, Stopping threads took: 0.0000139 seconds
[2019-12-09T01:52:12.902+0000][1][safepoint    ] Application time: 0.1197334 seconds
[2019-12-09T01:52:12.902+0000][1][safepoint    ] Entering safepoint region: GenCollectForAllocation
[2019-12-09T01:52:12.902+0000][1][gc,start     ] GC(17) Pause Young (Allocation Failure)
[2019-12-09T01:52:12.903+0000][1][gc,task      ] GC(17) Using 2 workers of 2 for evacuation
[2019-12-09T01:52:12.995+0000][1][gc,age       ] GC(17) Desired survivor size 4456448 bytes, new threshold 6 (max threshold 6)
[2019-12-09T01:52:12.995+0000][1][gc,age       ] GC(17) Age table with threshold 6 (max threshold 6)
[2019-12-09T01:52:12.995+0000][1][gc,age       ] GC(17) - age   1:    1892120 bytes,    1892120 total
[2019-12-09T01:52:12.995+0000][1][gc,age       ] GC(17) - age   2:    1243752 bytes,    3135872 total
[2019-12-09T01:52:12.995+0000][1][gc,heap      ] GC(17) ParNew: 78570K->4789K(78656K)
[2019-12-09T01:52:12.995+0000][1][gc,heap      ] GC(17) CMS: 54649K->54649K(174784K)
[2019-12-09T01:52:12.995+0000][1][gc,metaspace ] GC(17) Metaspace: 34946K->34946K(1081344K)
[2019-12-09T01:52:12.995+0000][1][gc           ] GC(17) Pause Young (Allocation Failure) 130M->58M(247M) 92.218ms
[2019-12-09T01:52:12.995+0000][1][gc,cpu       ] GC(17) User=0.02s Sys=0.00s Real=0.10s
[2019-12-09T01:52:12.995+0000][1][safepoint    ] Leaving safepoint region
[2019-12-09T01:52:12.995+0000][1][safepoint    ] Total time for which application threads were stopped: 0.0923504 seconds, Stopping threads took: 0.0000135 seconds
[2019-12-09T01:52:12.996+0000][1][safepoint    ] Application time: 0.0016828 seconds
[2019-12-09T01:52:12.996+0000][1][safepoint    ] Entering safepoint region: CollectForMetadataAllocation
[2019-12-09T01:52:12.997+0000][1][safepoint    ] Leaving safepoint region
[2019-12-09T01:52:12.997+0000][1][safepoint    ] Total time for which application threads were stopped: 0.0002491 seconds, Stopping threads took: 0.0000137 seconds
[2019-12-09T01:52:13.001+0000][1][safepoint    ] Application time: 0.0043437 seconds
[2019-12-09T01:52:13.011+0000][1][safepoint    ] Entering safepoint region: CMS_Initial_Mark
[2019-12-09T01:52:13.011+0000][1][gc,start     ] GC(18) Pause Initial Mark
[2019-12-09T01:52:13.015+0000][1][gc           ] GC(18) Pause Initial Mark 59M->59M(247M) 4.419ms
[2019-12-09T01:52:13.015+0000][1][gc,cpu       ] GC(18) User=0.00s Sys=0.00s Real=0.01s
[2019-12-09T01:52:13.015+0000][1][safepoint    ] Leaving safepoint region
[2019-12-09T01:52:13.015+0000][1][safepoint    ] Total time for which application threads were stopped: 0.0140419 seconds, Stopping threads took: 0.0095240 seconds
[2019-12-09T01:52:13.015+0000][1][gc           ] GC(18) Concurrent Mark
[2019-12-09T01:52:13.308+0000][1][safepoint    ] Application time: 0.2925826 seconds
[2019-12-09T01:52:13.308+0000][1][safepoint    ] Entering safepoint region: CollectForMetadataAllocation
[2019-12-09T01:52:13.308+0000][1][safepoint    ] Leaving safepoint region
[2019-12-09T01:52:13.308+0000][1][safepoint    ] Total time for which application threads were stopped: 0.0002345 seconds, Stopping threads took: 0.0000138 seconds
[2019-12-09T01:52:13.595+0000][1][safepoint    ] Application time: 0.2866865 seconds
[2019-12-09T01:52:13.595+0000][1][safepoint    ] Entering safepoint region: CollectForMetadataAllocation
[2019-12-09T01:52:13.595+0000][1][safepoint    ] Leaving safepoint region
[2019-12-09T01:52:13.595+0000][1][safepoint    ] Total time for which application threads were stopped: 0.0002306 seconds, Stopping threads took: 0.0000142 seconds
[2019-12-09T01:52:13.733+0000][1][safepoint    ] Application time: 0.1384723 seconds
[2019-12-09T01:52:13.733+0000][1][safepoint    ] Entering safepoint region: CollectForMetadataAllocation
[2019-12-09T01:52:13.734+0000][1][safepoint    ] Leaving safepoint region
[2019-12-09T01:52:13.734+0000][1][safepoint    ] Total time for which application threads were stopped: 0.0002457 seconds, Stopping threads took: 0.0000146 seconds
[2019-12-09T01:52:13.876+0000][1][gc           ] GC(18) Concurrent Mark 860.758ms
[2019-12-09T01:52:13.876+0000][1][gc,cpu       ] GC(18) User=0.24s Sys=0.00s Real=0.86s
[2019-12-09T01:52:13.876+0000][1][gc           ] GC(18) Concurrent Preclean
[2019-12-09T01:52:13.877+0000][1][gc           ] GC(18) Concurrent Preclean 1.064ms
[2019-12-09T01:52:13.877+0000][1][gc,cpu       ] GC(18) User=0.00s Sys=0.00s Real=0.00s
[2019-12-09T01:52:13.877+0000][1][gc           ] GC(18) Concurrent Abortable Preclean
[2019-12-09T01:52:14.021+0000][1][safepoint    ] Application time: 0.2873180 seconds
[2019-12-09T01:52:14.021+0000][1][safepoint    ] Entering safepoint region: CollectForMetadataAllocation
[2019-12-09T01:52:14.021+0000][1][safepoint    ] Leaving safepoint region
[2019-12-09T01:52:14.021+0000][1][safepoint    ] Total time for which application threads were stopped: 0.0001615 seconds, Stopping threads took: 0.0000131 seconds
[2019-12-09T01:52:14.408+0000][1][safepoint    ] Application time: 0.3864687 seconds
[2019-12-09T01:52:14.408+0000][1][safepoint    ] Entering safepoint region: CollectForMetadataAllocation
[2019-12-09T01:52:14.408+0000][1][safepoint    ] Leaving safepoint region
[2019-12-09T01:52:14.408+0000][1][safepoint    ] Total time for which application threads were stopped: 0.0002436 seconds, Stopping threads took: 0.0000168 seconds
[2019-12-09T01:52:14.500+0000][1][safepoint    ] Application time: 0.0919335 seconds
[2019-12-09T01:52:14.500+0000][1][safepoint    ] Entering safepoint region: RevokeBias
[2019-12-09T01:52:14.500+0000][1][safepoint    ] Leaving safepoint region
[2019-12-09T01:52:14.500+0000][1][safepoint    ] Total time for which application threads were stopped: 0.0001247 seconds, Stopping threads took: 0.0000135 seconds
[2019-12-09T01:52:14.683+0000][1][safepoint    ] Application time: 0.1826944 seconds
[2019-12-09T01:52:14.683+0000][1][safepoint    ] Entering safepoint region: CollectForMetadataAllocation
[2019-12-09T01:52:14.683+0000][1][safepoint    ] Leaving safepoint region
[2019-12-09T01:52:14.683+0000][1][safepoint    ] Total time for which application threads were stopped: 0.0002525 seconds, Stopping threads took: 0.0000145 seconds
[2019-12-09T01:52:14.996+0000][1][safepoint    ] Application time: 0.3126371 seconds
[2019-12-09T01:52:14.996+0000][1][safepoint    ] Entering safepoint region: CollectForMetadataAllocation
[2019-12-09T01:52:14.996+0000][1][safepoint    ] Leaving safepoint region
[2019-12-09T01:52:14.996+0000][1][safepoint    ] Total time for which application threads were stopped: 0.0002389 seconds, Stopping threads took: 0.0000146 seconds
[2019-12-09T01:52:15.261+0000][1][safepoint    ] Application time: 0.2647281 seconds
[2019-12-09T01:52:15.261+0000][1][safepoint    ] Entering safepoint region: CollectForMetadataAllocation
[2019-12-09T01:52:15.261+0000][1][safepoint    ] Leaving safepoint region
[2019-12-09T01:52:15.261+0000][1][safepoint    ] Total time for which application threads were stopped: 0.0001463 seconds, Stopping threads took: 0.0000130 seconds
[2019-12-09T01:52:15.510+0000][1][safepoint    ] Application time: 0.2492178 seconds
[2019-12-09T01:52:15.510+0000][1][safepoint    ] Entering safepoint region: CollectForMetadataAllocation
[2019-12-09T01:52:15.510+0000][1][safepoint    ] Leaving safepoint region
[2019-12-09T01:52:15.510+0000][1][safepoint    ] Total time for which application threads were stopped: 0.0002639 seconds, Stopping threads took: 0.0000150 seconds
[2019-12-09T01:52:15.683+0000][1][safepoint    ] Application time: 0.1723049 seconds
[2019-12-09T01:52:15.683+0000][1][safepoint    ] Entering safepoint region: CollectForMetadataAllocation
[2019-12-09T01:52:15.683+0000][1][safepoint    ] Leaving safepoint region
[2019-12-09T01:52:15.683+0000][1][safepoint    ] Total time for which application threads were stopped: 0.0002285 seconds, Stopping threads took: 0.0000148 seconds
[2019-12-09T01:52:15.988+0000][1][safepoint    ] Application time: 0.3046858 seconds
[2019-12-09T01:52:15.988+0000][1][safepoint    ] Entering safepoint region: CollectForMetadataAllocation
[2019-12-09T01:52:15.988+0000][1][safepoint    ] Leaving safepoint region
[2019-12-09T01:52:15.988+0000][1][safepoint    ] Total time for which application threads were stopped: 0.0002447 seconds, Stopping threads took: 0.0000146 seconds
[2019-12-09T01:52:16.239+0000][1][safepoint    ] Application time: 0.2514352 seconds
[2019-12-09T01:52:16.240+0000][1][safepoint    ] Entering safepoint region: CollectForMetadataAllocation
[2019-12-09T01:52:16.240+0000][1][safepoint    ] Leaving safepoint region
[2019-12-09T01:52:16.240+0000][1][safepoint    ] Total time for which application threads were stopped: 0.0002553 seconds, Stopping threads took: 0.0000170 seconds
[2019-12-09T01:52:16.469+0000][1][safepoint    ] Application time: 0.2295484 seconds
[2019-12-09T01:52:16.469+0000][1][safepoint    ] Entering safepoint region: CollectForMetadataAllocation
[2019-12-09T01:52:16.470+0000][1][safepoint    ] Leaving safepoint region
[2019-12-09T01:52:16.470+0000][1][safepoint    ] Total time for which application threads were stopped: 0.0002186 seconds, Stopping threads took: 0.0000129 seconds
[2019-12-09T01:52:16.752+0000][1][safepoint    ] Application time: 0.2821780 seconds
[2019-12-09T01:52:16.752+0000][1][safepoint    ] Entering safepoint region: CollectForMetadataAllocation
[2019-12-09T01:52:16.752+0000][1][safepoint    ] Leaving safepoint region
[2019-12-09T01:52:16.752+0000][1][safepoint    ] Total time for which application threads were stopped: 0.0002265 seconds, Stopping threads took: 0.0000141 seconds
[2019-12-09T01:52:17.020+0000][1][safepoint    ] Application time: 0.2677398 seconds
[2019-12-09T01:52:17.020+0000][1][safepoint    ] Entering safepoint region: CollectForMetadataAllocation
[2019-12-09T01:52:17.020+0000][1][safepoint    ] Leaving safepoint region
[2019-12-09T01:52:17.020+0000][1][safepoint    ] Total time for which application threads were stopped: 0.0002158 seconds, Stopping threads took: 0.0000133 seconds
[2019-12-09T01:52:17.315+0000][1][safepoint    ] Application time: 0.2947796 seconds
[2019-12-09T01:52:17.315+0000][1][safepoint    ] Entering safepoint region: CollectForMetadataAllocation
[2019-12-09T01:52:17.315+0000][1][safepoint    ] Leaving safepoint region
[2019-12-09T01:52:17.315+0000][1][safepoint    ] Total time for which application threads were stopped: 0.0002483 seconds, Stopping threads took: 0.0000141 seconds
[2019-12-09T01:52:17.588+0000][1][safepoint    ] Application time: 0.2726496 seconds
[2019-12-09T01:52:17.588+0000][1][safepoint    ] Entering safepoint region: CollectForMetadataAllocation
[2019-12-09T01:52:17.588+0000][1][safepoint    ] Leaving safepoint region
[2019-12-09T01:52:17.588+0000][1][safepoint    ] Total time for which application threads were stopped: 0.0002446 seconds, Stopping threads took: 0.0000149 seconds
[2019-12-09T01:52:18.052+0000][1][safepoint    ] Application time: 0.4637389 seconds
[2019-12-09T01:52:18.052+0000][1][safepoint    ] Entering safepoint region: CollectForMetadataAllocation
[2019-12-09T01:52:18.052+0000][1][safepoint    ] Leaving safepoint region
[2019-12-09T01:52:18.052+0000][1][safepoint    ] Total time for which application threads were stopped: 0.0002234 seconds, Stopping threads took: 0.0000139 seconds
[2019-12-09T01:52:18.327+0000][1][safepoint    ] Application time: 0.2747098 seconds
[2019-12-09T01:52:18.327+0000][1][safepoint    ] Entering safepoint region: CollectForMetadataAllocation
[2019-12-09T01:52:18.327+0000][1][safepoint    ] Leaving safepoint region
[2019-12-09T01:52:18.327+0000][1][safepoint    ] Total time for which application threads were stopped: 0.0001619 seconds, Stopping threads took: 0.0000148 seconds
[2019-12-09T01:52:18.597+0000][1][safepoint    ] Application time: 0.2698087 seconds
[2019-12-09T01:52:18.597+0000][1][safepoint    ] Entering safepoint region: CollectForMetadataAllocation
[2019-12-09T01:52:18.597+0000][1][safepoint    ] Leaving safepoint region
[2019-12-09T01:52:18.597+0000][1][safepoint    ] Total time for which application threads were stopped: 0.0002413 seconds, Stopping threads took: 0.0000160 seconds
[2019-12-09T01:52:18.903+0000][1][safepoint    ] Application time: 0.3061977 seconds
[2019-12-09T01:52:18.903+0000][1][safepoint    ] Entering safepoint region: CollectForMetadataAllocation
[2019-12-09T01:52:18.903+0000][1][safepoint    ] Leaving safepoint region
[2019-12-09T01:52:18.904+0000][1][safepoint    ] Total time for which application threads were stopped: 0.0002370 seconds, Stopping threads took: 0.0000149 seconds
[2019-12-09T01:52:19.025+0000][1][gc           ] GC(18) Concurrent Abortable Preclean 5147.422ms
[2019-12-09T01:52:19.025+0000][1][gc,cpu       ] GC(18) User=1.50s Sys=0.02s Real=5.14s
[2019-12-09T01:52:19.025+0000][1][safepoint    ] Application time: 0.1211151 seconds
[2019-12-09T01:52:19.025+0000][1][safepoint    ] Entering safepoint region: CMS_Final_Remark
[2019-12-09T01:52:19.025+0000][1][gc,start     ] GC(18) Pause Remark
[2019-12-09T01:52:19.163+0000][1][gc           ] GC(18) Pause Remark 88M->88M(247M) 138.680ms
[2019-12-09T01:52:19.163+0000][1][gc,cpu       ] GC(18) User=0.04s Sys=0.00s Real=0.13s
[2019-12-09T01:52:19.163+0000][1][safepoint    ] Leaving safepoint region
[2019-12-09T01:52:19.163+0000][1][safepoint    ] Total time for which application threads were stopped: 0.1388141 seconds, Stopping threads took: 0.0000125 seconds
[2019-12-09T01:52:19.164+0000][1][gc           ] GC(18) Concurrent Sweep
[2019-12-09T01:52:19.415+0000][1][safepoint    ] Application time: 0.2512829 seconds
[2019-12-09T01:52:19.415+0000][1][safepoint    ] Entering safepoint region: CollectForMetadataAllocation
[2019-12-09T01:52:19.416+0000][1][safepoint    ] Leaving safepoint region
[2019-12-09T01:52:19.416+0000][1][safepoint    ] Total time for which application threads were stopped: 0.0008608 seconds, Stopping threads took: 0.0000151 seconds
[2019-12-09T01:52:19.463+0000][1][safepoint    ] Application time: 0.0470781 seconds
[2019-12-09T01:52:19.463+0000][1][safepoint    ] Entering safepoint region: CollectForMetadataAllocation
[2019-12-09T01:52:19.463+0000][1][safepoint    ] Leaving safepoint region
[2019-12-09T01:52:19.463+0000][1][safepoint    ] Total time for which application threads were stopped: 0.0002463 seconds, Stopping threads took: 0.0000148 seconds
[2019-12-09T01:52:19.572+0000][1][gc           ] GC(18) Concurrent Sweep 408.437ms
[2019-12-09T01:52:19.572+0000][1][gc,cpu       ] GC(18) User=0.11s Sys=0.00s Real=0.41s
[2019-12-09T01:52:19.572+0000][1][gc           ] GC(18) Concurrent Reset
[2019-12-09T01:52:19.572+0000][1][gc           ] GC(18) Concurrent Reset 0.310ms
[2019-12-09T01:52:19.572+0000][1][gc,cpu       ] GC(18) User=0.00s Sys=0.00s Real=0.00s
[2019-12-09T01:52:19.572+0000][1][gc,heap      ] GC(18) Old: 54649K->54389K(174784K)
[2019-12-09T01:52:19.660+0000][1][safepoint    ] Application time: 0.1973197 seconds
[2019-12-09T01:52:19.660+0000][1][safepoint    ] Entering safepoint region: RevokeBias
[2019-12-09T01:52:19.660+0000][1][safepoint    ] Leaving safepoint region
[2019-12-09T01:52:19.660+0000][1][safepoint    ] Total time for which application threads were stopped: 0.0001241 seconds, Stopping threads took: 0.0000413 seconds
[2019-12-09T01:52:20.661+0000][1][safepoint    ] Application time: 1.0002029 seconds
[2019-12-09T01:52:20.709+0000][1][safepoint    ] Entering safepoint region: Cleanup
[2019-12-09T01:52:20.709+0000][1][safepoint    ] Leaving safepoint region
[2019-12-09T01:52:20.709+0000][1][safepoint    ] Total time for which application threads were stopped: 0.0482965 seconds, Stopping threads took: 0.0482387 seconds
[2019-12-09T01:52:22.721+0000][1][safepoint    ] Application time: 2.0116691 seconds
[2019-12-09T01:52:22.756+0000][1][safepoint    ] Entering safepoint region: Cleanup
[2019-12-09T01:52:22.756+0000][1][safepoint    ] Leaving safepoint region
[2019-12-09T01:52:22.756+0000][1][safepoint    ] Total time for which application threads were stopped: 0.0351219 seconds, Stopping threads took: 0.0350736 seconds
[2019-12-09T01:52:23.764+0000][1][safepoint    ] Application time: 1.0078290 seconds
[2019-12-09T01:52:23.807+0000][1][safepoint    ] Entering safepoint region: Cleanup
[2019-12-09T01:52:23.807+0000][1][safepoint    ] Leaving safepoint region
[2019-12-09T01:52:23.807+0000][1][safepoint    ] Total time for which application threads were stopped: 0.0431283 seconds, Stopping threads took: 0.0430739 seconds
[2019-12-09T01:52:24.150+0000][1][safepoint    ] Application time: 0.3428392 seconds
[2019-12-09T01:52:24.186+0000][1][safepoint    ] Entering safepoint region: RevokeBias
[2019-12-09T01:52:24.186+0000][1][safepoint    ] Leaving safepoint region
[2019-12-09T01:52:24.186+0000][1][safepoint    ] Total time for which application threads were stopped: 0.0360622 seconds, Stopping threads took: 0.0359721 seconds
[2019-12-09T01:52:24.587+0000][1][safepoint    ] Application time: 0.4010058 seconds
[2019-12-09T01:52:24.650+0000][1][safepoint    ] Entering safepoint region: RevokeBias
[2019-12-09T01:52:24.650+0000][1][safepoint    ] Leaving safepoint region
[2019-12-09T01:52:24.650+0000][1][safepoint    ] Total time for which application threads were stopped: 0.0632461 seconds, Stopping threads took: 0.0631293 seconds
[2019-12-09T01:52:24.650+0000][1][safepoint    ] Application time: 0.0001952 seconds
[2019-12-09T01:52:24.650+0000][1][safepoint    ] Entering safepoint region: RevokeBias
[2019-12-09T01:52:24.650+0000][1][safepoint    ] Leaving safepoint region
[2019-12-09T01:52:24.650+0000][1][safepoint    ] Total time for which application threads were stopped: 0.0000738 seconds, Stopping threads took: 0.0000107 seconds
[2019-12-09T01:52:24.651+0000][1][safepoint    ] Application time: 0.0001049 seconds
[2019-12-09T01:52:24.651+0000][1][safepoint    ] Entering safepoint region: RevokeBias
[2019-12-09T01:52:24.651+0000][1][safepoint    ] Leaving safepoint region
[2019-12-09T01:52:24.651+0000][1][safepoint    ] Total time for which application threads were stopped: 0.0000502 seconds, Stopping threads took: 0.0000079 seconds
[2019-12-09T01:52:24.651+0000][1][safepoint    ] Application time: 0.0001988 seconds
[2019-12-09T01:52:24.651+0000][1][safepoint    ] Entering safepoint region: RevokeBias
[2019-12-09T01:52:24.651+0000][1][safepoint    ] Leaving safepoint region
[2019-12-09T01:52:24.651+0000][1][safepoint    ] Total time for which application threads were stopped: 0.0000628 seconds, Stopping threads took: 0.0000096 seconds
[2019-12-09T01:52:24.651+0000][1][safepoint    ] Application time: 0.0001545 seconds
[2019-12-09T01:52:24.651+0000][1][safepoint    ] Entering safepoint region: RevokeBias
[2019-12-09T01:52:24.651+0000][1][safepoint    ] Leaving safepoint region
[2019-12-09T01:52:24.651+0000][1][safepoint    ] Total time for which application threads were stopped: 0.0000505 seconds, Stopping threads took: 0.0000087 seconds
[2019-12-09T01:52:24.651+0000][1][safepoint    ] Application time: 0.0000830 seconds
[2019-12-09T01:52:24.651+0000][1][safepoint    ] Entering safepoint region: RevokeBias
[2019-12-09T01:52:24.651+0000][1][safepoint    ] Leaving safepoint region
[2019-12-09T01:52:24.651+0000][1][safepoint    ] Total time for which application threads were stopped: 0.0000506 seconds, Stopping threads took: 0.0000083 seconds
[2019-12-09T01:52:24.651+0000][1][safepoint    ] Application time: 0.0000529 seconds
[2019-12-09T01:52:24.651+0000][1][safepoint    ] Entering safepoint region: RevokeBias
[2019-12-09T01:52:24.651+0000][1][safepoint    ] Leaving safepoint region
[2019-12-09T01:52:24.651+0000][1][safepoint    ] Total time for which application threads were stopped: 0.0000454 seconds, Stopping threads took: 0.0000081 seconds
[2019-12-09T01:52:24.651+0000][1][safepoint    ] Application time: 0.0000867 seconds
[2019-12-09T01:52:24.651+0000][1][safepoint    ] Entering safepoint region: RevokeBias
[2019-12-09T01:52:24.651+0000][1][safepoint    ] Leaving safepoint region
[2019-12-09T01:52:24.651+0000][1][safepoint    ] Total time for which application threads were stopped: 0.0000495 seconds, Stopping threads took: 0.0000083 seconds
[2019-12-09T01:52:24.652+0000][1][safepoint    ] Application time: 0.0000592 seconds
[2019-12-09T01:52:24.652+0000][1][safepoint    ] Entering safepoint region: RevokeBias
[2019-12-09T01:52:24.652+0000][1][safepoint    ] Leaving safepoint region
[2019-12-09T01:52:24.652+0000][1][safepoint    ] Total time for which application threads were stopped: 0.0000564 seconds, Stopping threads took: 0.0000082 seconds
[2019-12-09T01:52:24.653+0000][1][safepoint    ] Application time: 0.0009230 seconds
[2019-12-09T01:52:24.653+0000][1][safepoint    ] Entering safepoint region: RevokeBias
[2019-12-09T01:52:24.653+0000][1][safepoint    ] Leaving safepoint region
[2019-12-09T01:52:24.653+0000][1][safepoint    ] Total time for which application threads were stopped: 0.0000697 seconds, Stopping threads took: 0.0000107 seconds
[2019-12-09T01:52:25.655+0000][1][safepoint    ] Application time: 1.0020388 seconds
[2019-12-09T01:52:25.812+0000][1][safepoint    ] Entering safepoint region: Cleanup
[2019-12-09T01:52:25.812+0000][1][safepoint    ] Leaving safepoint region
[2019-12-09T01:52:25.812+0000][1][safepoint    ] Total time for which application threads were stopped: 0.1570928 seconds, Stopping threads took: 0.1570165 seconds
[2019-12-09T01:52:26.362+0000][1][safepoint    ] Application time: 0.5498676 seconds
[2019-12-09T01:52:26.362+0000][1][safepoint    ] Entering safepoint region: GenCollectForAllocation
[2019-12-09T01:52:26.362+0000][1][gc,start     ] GC(19) Pause Young (Allocation Failure)
[2019-12-09T01:52:26.362+0000][1][gc,task      ] GC(19) Using 2 workers of 2 for evacuation
[2019-12-09T01:52:26.483+0000][1][gc,age       ] GC(19) Desired survivor size 4456448 bytes, new threshold 3 (max threshold 6)
[2019-12-09T01:52:26.483+0000][1][gc,age       ] GC(19) Age table with threshold 3 (max threshold 6)
[2019-12-09T01:52:26.483+0000][1][gc,age       ] GC(19) - age   1:    2581216 bytes,    2581216 total
[2019-12-09T01:52:26.483+0000][1][gc,age       ] GC(19) - age   2:    1866976 bytes,    4448192 total
[2019-12-09T01:52:26.483+0000][1][gc,age       ] GC(19) - age   3:    1241512 bytes,    5689704 total
[2019-12-09T01:52:26.483+0000][1][gc,heap      ] GC(19) ParNew: 74741K->7238K(78656K)
[2019-12-09T01:52:26.483+0000][1][gc,heap      ] GC(19) CMS: 54389K->54389K(174784K)
[2019-12-09T01:52:26.483+0000][1][gc,metaspace ] GC(19) Metaspace: 42974K->42974K(1089536K)
[2019-12-09T01:52:26.483+0000][1][gc           ] GC(19) Pause Young (Allocation Failure) 126M->60M(247M) 121.447ms
[2019-12-09T01:52:26.483+0000][1][gc,cpu       ] GC(19) User=0.04s Sys=0.00s Real=0.12s
[2019-12-09T01:52:26.483+0000][1][safepoint    ] Leaving safepoint region
[2019-12-09T01:52:26.483+0000][1][safepoint    ] Total time for which application threads were stopped: 0.1215982 seconds, Stopping threads took: 0.0000129 seconds
[2019-12-09T01:52:26.708+0000][1][safepoint    ] Application time: 0.2243581 seconds
[2019-12-09T01:52:26.708+0000][1][safepoint    ] Entering safepoint region: RevokeBias
[2019-12-09T01:52:26.708+0000][1][safepoint    ] Leaving safepoint region
[2019-12-09T01:52:26.708+0000][1][safepoint    ] Total time for which application threads were stopped: 0.0000607 seconds, Stopping threads took: 0.0000131 seconds
[2019-12-09T01:52:27.710+0000][1][safepoint    ] Application time: 1.0019189 seconds
[2019-12-09T01:52:27.712+0000][1][safepoint    ] Entering safepoint region: Cleanup
[2019-12-09T01:52:27.712+0000][1][safepoint    ] Leaving safepoint region
[2019-12-09T01:52:27.712+0000][1][safepoint    ] Total time for which application threads were stopped: 0.0020413 seconds, Stopping threads took: 0.0019730 seconds
[2019-12-09T01:52:28.157+0000][1][safepoint    ] Application time: 0.4448979 seconds
[2019-12-09T01:52:28.157+0000][1][safepoint    ] Entering safepoint region: RevokeBias
[2019-12-09T01:52:28.157+0000][1][safepoint    ] Leaving safepoint region
[2019-12-09T01:52:28.157+0000][1][safepoint    ] Total time for which application threads were stopped: 0.0001235 seconds, Stopping threads took: 0.0000146 seconds
[2019-12-09T01:52:28.162+0000][1][safepoint    ] Application time: 0.0051852 seconds
[2019-12-09T01:52:28.162+0000][1][safepoint    ] Entering safepoint region: RevokeBias
[2019-12-09T01:52:28.162+0000][1][safepoint    ] Leaving safepoint region
[2019-12-09T01:52:28.162+0000][1][safepoint    ] Total time for which application threads were stopped: 0.0000864 seconds, Stopping threads took: 0.0000108 seconds
[2019-12-09T01:52:29.174+0000][1][safepoint    ] Application time: 1.0115162 seconds
[2019-12-09T01:52:29.174+0000][1][safepoint    ] Entering safepoint region: Cleanup
[2019-12-09T01:52:29.174+0000][1][safepoint    ] Leaving safepoint region
[2019-12-09T01:52:29.174+0000][1][safepoint    ] Total time for which application threads were stopped: 0.0002432 seconds, Stopping threads took: 0.0001837 seconds
[2019-12-09T01:52:30.122+0000][1][safepoint    ] Application time: 0.9477407 seconds
[2019-12-09T01:52:30.126+0000][1][safepoint    ] Entering safepoint region: RevokeBias
[2019-12-09T01:52:30.126+0000][1][safepoint    ] Leaving safepoint region
[2019-12-09T01:52:30.126+0000][1][safepoint    ] Total time for which application threads were stopped: 0.0046249 seconds, Stopping threads took: 0.0041310 seconds
[2019-12-09T01:52:30.127+0000][1][safepoint    ] Application time: 0.0001214 seconds
[2019-12-09T01:52:30.127+0000][1][safepoint    ] Entering safepoint region: RevokeBias
[2019-12-09T01:52:30.127+0000][1][safepoint    ] Leaving safepoint region
[2019-12-09T01:52:30.127+0000][1][safepoint    ] Total time for which application threads were stopped: 0.0000741 seconds, Stopping threads took: 0.0000092 seconds
[2019-12-09T01:52:30.127+0000][1][safepoint    ] Application time: 0.0001342 seconds
[2019-12-09T01:52:30.127+0000][1][safepoint    ] Entering safepoint region: RevokeBias
[2019-12-09T01:52:30.127+0000][1][safepoint    ] Leaving safepoint region
[2019-12-09T01:52:30.127+0000][1][safepoint    ] Total time for which application threads were stopped: 0.0000574 seconds, Stopping threads took: 0.0000076 seconds
[2019-12-09T01:52:30.127+0000][1][safepoint    ] Application time: 0.0001752 seconds
[2019-12-09T01:52:30.127+0000][1][safepoint    ] Entering safepoint region: RevokeBias
[2019-12-09T01:52:30.127+0000][1][safepoint    ] Leaving safepoint region
[2019-12-09T01:52:30.127+0000][1][safepoint    ] Total time for which application threads were stopped: 0.0000520 seconds, Stopping threads took: 0.0000073 seconds
[2019-12-09T01:52:30.127+0000][1][safepoint    ] Application time: 0.0001378 seconds
[2019-12-09T01:52:30.127+0000][1][safepoint    ] Entering safepoint region: RevokeBias
[2019-12-09T01:52:30.127+0000][1][safepoint    ] Leaving safepoint region
[2019-12-09T01:52:30.127+0000][1][safepoint    ] Total time for which application threads were stopped: 0.0000483 seconds, Stopping threads took: 0.0000072 seconds
[2019-12-09T01:52:30.127+0000][1][safepoint    ] Application time: 0.0000796 seconds
[2019-12-09T01:52:30.127+0000][1][safepoint    ] Entering safepoint region: RevokeBias
[2019-12-09T01:52:30.127+0000][1][safepoint    ] Leaving safepoint region
[2019-12-09T01:52:30.127+0000][1][safepoint    ] Total time for which application threads were stopped: 0.0000542 seconds, Stopping threads took: 0.0000077 seconds
[2019-12-09T01:52:30.127+0000][1][safepoint    ] Application time: 0.0000519 seconds
[2019-12-09T01:52:30.127+0000][1][safepoint    ] Entering safepoint region: RevokeBias
[2019-12-09T01:52:30.128+0000][1][safepoint    ] Leaving safepoint region
[2019-12-09T01:52:30.128+0000][1][safepoint    ] Total time for which application threads were stopped: 0.0000466 seconds, Stopping threads took: 0.0000077 seconds
[2019-12-09T01:52:30.128+0000][1][safepoint    ] Application time: 0.0000523 seconds
[2019-12-09T01:52:30.128+0000][1][safepoint    ] Entering safepoint region: RevokeBias
[2019-12-09T01:52:30.128+0000][1][safepoint    ] Leaving safepoint region
[2019-12-09T01:52:30.128+0000][1][safepoint    ] Total time for which application threads were stopped: 0.0000456 seconds, Stopping threads took: 0.0000076 seconds
[2019-12-09T01:52:30.128+0000][1][safepoint    ] Application time: 0.0000660 seconds
[2019-12-09T01:52:30.128+0000][1][safepoint    ] Entering safepoint region: RevokeBias
[2019-12-09T01:52:30.128+0000][1][safepoint    ] Leaving safepoint region
[2019-12-09T01:52:30.128+0000][1][safepoint    ] Total time for which application threads were stopped: 0.0000676 seconds, Stopping threads took: 0.0000129 seconds
[2019-12-09T01:52:30.128+0000][1][safepoint    ] Application time: 0.0000519 seconds
[2019-12-09T01:52:30.128+0000][1][safepoint    ] Entering safepoint region: RevokeBias
[2019-12-09T01:52:30.128+0000][1][safepoint    ] Leaving safepoint region
[2019-12-09T01:52:30.128+0000][1][safepoint    ] Total time for which application threads were stopped: 0.0000478 seconds, Stopping threads took: 0.0000083 seconds
[2019-12-09T01:52:30.128+0000][1][safepoint    ] Application time: 0.0000497 seconds
[2019-12-09T01:52:30.128+0000][1][safepoint    ] Entering safepoint region: RevokeBias
[2019-12-09T01:52:30.128+0000][1][safepoint    ] Leaving safepoint region
[2019-12-09T01:52:30.128+0000][1][safepoint    ] Total time for which application threads were stopped: 0.0000464 seconds, Stopping threads took: 0.0000082 seconds
[2019-12-09T01:52:30.128+0000][1][safepoint    ] Application time: 0.0000498 seconds
[2019-12-09T01:52:30.128+0000][1][safepoint    ] Entering safepoint region: RevokeBias
[2019-12-09T01:52:30.128+0000][1][safepoint    ] Leaving safepoint region
[2019-12-09T01:52:30.128+0000][1][safepoint    ] Total time for which application threads were stopped: 0.0000456 seconds, Stopping threads took: 0.0000081 seconds
[2019-12-09T01:52:30.128+0000][1][safepoint    ] Application time: 0.0000500 seconds
[2019-12-09T01:52:30.128+0000][1][safepoint    ] Entering safepoint region: RevokeBias
[2019-12-09T01:52:30.128+0000][1][safepoint    ] Leaving safepoint region
[2019-12-09T01:52:30.128+0000][1][safepoint    ] Total time for which application threads were stopped: 0.0000453 seconds, Stopping threads took: 0.0000080 seconds
[2019-12-09T01:52:30.128+0000][1][safepoint    ] Application time: 0.0000497 seconds
[2019-12-09T01:52:30.128+0000][1][safepoint    ] Entering safepoint region: RevokeBias
[2019-12-09T01:52:30.128+0000][1][safepoint    ] Leaving safepoint region
[2019-12-09T01:52:30.128+0000][1][safepoint    ] Total time for which application threads were stopped: 0.0000458 seconds, Stopping threads took: 0.0000085 seconds
[2019-12-09T01:52:30.128+0000][1][safepoint    ] Application time: 0.0000500 seconds
[2019-12-09T01:52:30.128+0000][1][safepoint    ] Entering safepoint region: RevokeBias
[2019-12-09T01:52:30.128+0000][1][safepoint    ] Leaving safepoint region
[2019-12-09T01:52:30.128+0000][1][safepoint    ] Total time for which application threads were stopped: 0.0000458 seconds, Stopping threads took: 0.0000082 seconds
[2019-12-09T01:52:30.129+0000][1][safepoint    ] Application time: 0.0000499 seconds
[2019-12-09T01:52:30.129+0000][1][safepoint    ] Entering safepoint region: RevokeBias
[2019-12-09T01:52:30.129+0000][1][safepoint    ] Leaving safepoint region
[2019-12-09T01:52:30.129+0000][1][safepoint    ] Total time for which application threads were stopped: 0.0000453 seconds, Stopping threads took: 0.0000080 seconds
[2019-12-09T01:52:30.129+0000][1][safepoint    ] Application time: 0.0000499 seconds
[2019-12-09T01:52:30.129+0000][1][safepoint    ] Entering safepoint region: RevokeBias
[2019-12-09T01:52:30.129+0000][1][safepoint    ] Leaving safepoint region
[2019-12-09T01:52:30.129+0000][1][safepoint    ] Total time for which application threads were stopped: 0.0000611 seconds, Stopping threads took: 0.0000081 seconds
[2019-12-09T01:52:30.129+0000][1][safepoint    ] Application time: 0.0000510 seconds
[2019-12-09T01:52:30.129+0000][1][safepoint    ] Entering safepoint region: RevokeBias
[2019-12-09T01:52:30.129+0000][1][safepoint    ] Leaving safepoint region
[2019-12-09T01:52:30.129+0000][1][safepoint    ] Total time for which application threads were stopped: 0.0000465 seconds, Stopping threads took: 0.0000082 seconds
[2019-12-09T01:52:30.129+0000][1][safepoint    ] Application time: 0.0000513 seconds
[2019-12-09T01:52:30.129+0000][1][safepoint    ] Entering safepoint region: RevokeBias
[2019-12-09T01:52:30.129+0000][1][safepoint    ] Leaving safepoint region
[2019-12-09T01:52:30.129+0000][1][safepoint    ] Total time for which application threads were stopped: 0.0000496 seconds, Stopping threads took: 0.0000082 seconds
[2019-12-09T01:52:30.129+0000][1][safepoint    ] Application time: 0.0000501 seconds
[2019-12-09T01:52:30.129+0000][1][safepoint    ] Entering safepoint region: RevokeBias
[2019-12-09T01:52:30.129+0000][1][safepoint    ] Leaving safepoint region
[2019-12-09T01:52:30.129+0000][1][safepoint    ] Total time for which application threads were stopped: 0.0000455 seconds, Stopping threads took: 0.0000082 seconds
[2019-12-09T01:52:30.129+0000][1][safepoint    ] Application time: 0.0000500 seconds
[2019-12-09T01:52:30.129+0000][1][safepoint    ] Entering safepoint region: RevokeBias
[2019-12-09T01:52:30.129+0000][1][safepoint    ] Leaving safepoint region
[2019-12-09T01:52:30.129+0000][1][safepoint    ] Total time for which application threads were stopped: 0.0000459 seconds, Stopping threads took: 0.0000081 seconds
[2019-12-09T01:52:30.129+0000][1][safepoint    ] Application time: 0.0000501 seconds
[2019-12-09T01:52:30.129+0000][1][safepoint    ] Entering safepoint region: RevokeBias
[2019-12-09T01:52:30.129+0000][1][safepoint    ] Leaving safepoint region
[2019-12-09T01:52:30.129+0000][1][safepoint    ] Total time for which application threads were stopped: 0.0000441 seconds, Stopping threads took: 0.0000074 seconds
[2019-12-09T01:52:30.129+0000][1][safepoint    ] Application time: 0.0000508 seconds
[2019-12-09T01:52:30.129+0000][1][safepoint    ] Entering safepoint region: BulkRevokeBias
[2019-12-09T01:52:30.129+0000][1][safepoint    ] Leaving safepoint region
[2019-12-09T01:52:30.129+0000][1][safepoint    ] Total time for which application threads were stopped: 0.0001144 seconds, Stopping threads took: 0.0000079 seconds
[2019-12-09T01:52:30.130+0000][1][safepoint    ] Application time: 0.0001722 seconds
[2019-12-09T01:52:30.130+0000][1][safepoint    ] Entering safepoint region: RevokeBias
[2019-12-09T01:52:30.130+0000][1][safepoint    ] Leaving safepoint region
[2019-12-09T01:52:30.130+0000][1][safepoint    ] Total time for which application threads were stopped: 0.0000820 seconds, Stopping threads took: 0.0000090 seconds
[2019-12-09T01:52:30.130+0000][1][safepoint    ] Application time: 0.0000864 seconds
[2019-12-09T01:52:30.130+0000][1][safepoint    ] Entering safepoint region: RevokeBias
[2019-12-09T01:52:30.130+0000][1][safepoint    ] Leaving safepoint region
[2019-12-09T01:52:30.130+0000][1][safepoint    ] Total time for which application threads were stopped: 0.0000542 seconds, Stopping threads took: 0.0000085 seconds
[2019-12-09T01:52:30.130+0000][1][safepoint    ] Application time: 0.0001207 seconds
[2019-12-09T01:52:30.130+0000][1][safepoint    ] Entering safepoint region: RevokeBias
[2019-12-09T01:52:30.130+0000][1][safepoint    ] Leaving safepoint region
[2019-12-09T01:52:30.130+0000][1][safepoint    ] Total time for which application threads were stopped: 0.0000507 seconds, Stopping threads took: 0.0000080 seconds
[2019-12-09T01:52:30.130+0000][1][safepoint    ] Application time: 0.0000689 seconds
[2019-12-09T01:52:30.130+0000][1][safepoint    ] Entering safepoint region: RevokeBias
[2019-12-09T01:52:30.130+0000][1][safepoint    ] Leaving safepoint region
[2019-12-09T01:52:30.130+0000][1][safepoint    ] Total time for which application threads were stopped: 0.0000499 seconds, Stopping threads took: 0.0000084 seconds
[2019-12-09T01:52:30.130+0000][1][safepoint    ] Application time: 0.0000834 seconds
[2019-12-09T01:52:30.130+0000][1][safepoint    ] Entering safepoint region: RevokeBias
[2019-12-09T01:52:30.130+0000][1][safepoint    ] Leaving safepoint region
[2019-12-09T01:52:30.130+0000][1][safepoint    ] Total time for which application threads were stopped: 0.0000494 seconds, Stopping threads took: 0.0000078 seconds
[2019-12-09T01:52:30.130+0000][1][safepoint    ] Application time: 0.0000603 seconds
[2019-12-09T01:52:30.130+0000][1][safepoint    ] Entering safepoint region: RevokeBias
[2019-12-09T01:52:30.130+0000][1][safepoint    ] Leaving safepoint region
[2019-12-09T01:52:30.130+0000][1][safepoint    ] Total time for which application threads were stopped: 0.0000542 seconds, Stopping threads took: 0.0000083 seconds
[2019-12-09T01:52:30.131+0000][1][safepoint    ] Application time: 0.0001870 seconds
[2019-12-09T01:52:30.131+0000][1][safepoint    ] Entering safepoint region: RevokeBias
[2019-12-09T01:52:30.131+0000][1][safepoint    ] Leaving safepoint region
[2019-12-09T01:52:30.131+0000][1][safepoint    ] Total time for which application threads were stopped: 0.0000652 seconds, Stopping threads took: 0.0000103 seconds
[2019-12-09T01:52:30.131+0000][1][safepoint    ] Application time: 0.0002920 seconds
[2019-12-09T01:52:30.131+0000][1][safepoint    ] Entering safepoint region: RevokeBias
[2019-12-09T01:52:30.131+0000][1][safepoint    ] Leaving safepoint region
[2019-12-09T01:52:30.131+0000][1][safepoint    ] Total time for which application threads were stopped: 0.0000629 seconds, Stopping threads took: 0.0000092 seconds
[2019-12-09T01:52:30.131+0000][1][safepoint    ] Application time: 0.0000803 seconds
[2019-12-09T01:52:30.131+0000][1][safepoint    ] Entering safepoint region: RevokeBias
[2019-12-09T01:52:30.131+0000][1][safepoint    ] Leaving safepoint region
[2019-12-09T01:52:30.131+0000][1][safepoint    ] Total time for which application threads were stopped: 0.0000526 seconds, Stopping threads took: 0.0000086 seconds
[2019-12-09T01:52:30.131+0000][1][safepoint    ] Application time: 0.0001747 seconds
[2019-12-09T01:52:30.131+0000][1][safepoint    ] Entering safepoint region: RevokeBias
[2019-12-09T01:52:30.132+0000][1][safepoint    ] Leaving safepoint region
[2019-12-09T01:52:30.132+0000][1][safepoint    ] Total time for which application threads were stopped: 0.0000572 seconds, Stopping threads took: 0.0000093 seconds
[2019-12-09T01:52:30.132+0000][1][safepoint    ] Application time: 0.0000645 seconds
[2019-12-09T01:52:30.132+0000][1][safepoint    ] Entering safepoint region: RevokeBias
[2019-12-09T01:52:30.132+0000][1][safepoint    ] Leaving safepoint region
[2019-12-09T01:52:30.132+0000][1][safepoint    ] Total time for which application threads were stopped: 0.0000639 seconds, Stopping threads took: 0.0000082 seconds
[2019-12-09T01:52:30.132+0000][1][safepoint    ] Application time: 0.0000530 seconds
[2019-12-09T01:52:30.132+0000][1][safepoint    ] Entering safepoint region: RevokeBias
[2019-12-09T01:52:30.132+0000][1][safepoint    ] Leaving safepoint region
[2019-12-09T01:52:30.132+0000][1][safepoint    ] Total time for which application threads were stopped: 0.0000510 seconds, Stopping threads took: 0.0000081 seconds
[2019-12-09T01:52:30.132+0000][1][safepoint    ] Application time: 0.0000526 seconds
[2019-12-09T01:52:30.132+0000][1][safepoint    ] Entering safepoint region: RevokeBias
[2019-12-09T01:52:30.132+0000][1][safepoint    ] Leaving safepoint region
[2019-12-09T01:52:30.132+0000][1][safepoint    ] Total time for which application threads were stopped: 0.0000498 seconds, Stopping threads took: 0.0000074 seconds
[2019-12-09T01:52:30.132+0000][1][safepoint    ] Application time: 0.0003509 seconds
[2019-12-09T01:52:30.132+0000][1][safepoint    ] Entering safepoint region: RevokeBias
[2019-12-09T01:52:30.132+0000][1][safepoint    ] Leaving safepoint region
[2019-12-09T01:52:30.132+0000][1][safepoint    ] Total time for which application threads were stopped: 0.0000623 seconds, Stopping threads took: 0.0000103 seconds
[2019-12-09T01:52:30.133+0000][1][safepoint    ] Application time: 0.0001317 seconds
[2019-12-09T01:52:30.133+0000][1][safepoint    ] Entering safepoint region: RevokeBias
[2019-12-09T01:52:30.133+0000][1][safepoint    ] Leaving safepoint region
[2019-12-09T01:52:30.133+0000][1][safepoint    ] Total time for which application threads were stopped: 0.0000599 seconds, Stopping threads took: 0.0000086 seconds
[2019-12-09T01:52:30.133+0000][1][safepoint    ] Application time: 0.0004355 seconds
[2019-12-09T01:52:30.133+0000][1][safepoint    ] Entering safepoint region: RevokeBias
[2019-12-09T01:52:30.133+0000][1][safepoint    ] Leaving safepoint region
[2019-12-09T01:52:30.133+0000][1][safepoint    ] Total time for which application threads were stopped: 0.0000693 seconds, Stopping threads took: 0.0000102 seconds
[2019-12-09T01:52:30.134+0000][1][safepoint    ] Application time: 0.0004492 seconds
[2019-12-09T01:52:30.134+0000][1][safepoint    ] Entering safepoint region: RevokeBias
[2019-12-09T01:52:30.134+0000][1][safepoint    ] Leaving safepoint region
[2019-12-09T01:52:30.134+0000][1][safepoint    ] Total time for which application threads were stopped: 0.0000646 seconds, Stopping threads took: 0.0000096 seconds
[2019-12-09T01:52:30.134+0000][1][safepoint    ] Application time: 0.0001425 seconds
[2019-12-09T01:52:30.134+0000][1][safepoint    ] Entering safepoint region: RevokeBias
[2019-12-09T01:52:30.134+0000][1][safepoint    ] Leaving safepoint region
[2019-12-09T01:52:30.134+0000][1][safepoint    ] Total time for which application threads were stopped: 0.0000624 seconds, Stopping threads took: 0.0000092 seconds
[2019-12-09T01:52:30.134+0000][1][safepoint    ] Application time: 0.0000625 seconds
[2019-12-09T01:52:30.134+0000][1][safepoint    ] Entering safepoint region: RevokeBias
[2019-12-09T01:52:30.134+0000][1][safepoint    ] Leaving safepoint region
[2019-12-09T01:52:30.134+0000][1][safepoint    ] Total time for which application threads were stopped: 0.0000521 seconds, Stopping threads took: 0.0000080 seconds
[2019-12-09T01:52:30.134+0000][1][safepoint    ] Application time: 0.0002191 seconds
[2019-12-09T01:52:30.134+0000][1][safepoint    ] Entering safepoint region: RevokeBias
[2019-12-09T01:52:30.134+0000][1][safepoint    ] Leaving safepoint region
[2019-12-09T01:52:30.134+0000][1][safepoint    ] Total time for which application threads were stopped: 0.0000606 seconds, Stopping threads took: 0.0000095 seconds
[2019-12-09T01:52:30.136+0000][1][safepoint    ] Application time: 0.0015856 seconds
[2019-12-09T01:52:30.136+0000][1][safepoint    ] Entering safepoint region: RevokeBias
[2019-12-09T01:52:30.136+0000][1][safepoint    ] Leaving safepoint region
[2019-12-09T01:52:30.136+0000][1][safepoint    ] Total time for which application threads were stopped: 0.0000711 seconds, Stopping threads took: 0.0000111 seconds
[2019-12-09T01:52:30.136+0000][1][safepoint    ] Application time: 0.0001092 seconds
[2019-12-09T01:52:30.136+0000][1][safepoint    ] Entering safepoint region: RevokeBias
[2019-12-09T01:52:30.136+0000][1][safepoint    ] Leaving safepoint region
[2019-12-09T01:52:30.136+0000][1][safepoint    ] Total time for which application threads were stopped: 0.0000548 seconds, Stopping threads took: 0.0000088 seconds
[2019-12-09T01:52:30.136+0000][1][safepoint    ] Application time: 0.0000586 seconds
[2019-12-09T01:52:30.136+0000][1][safepoint    ] Entering safepoint region: RevokeBias
[2019-12-09T01:52:30.136+0000][1][safepoint    ] Leaving safepoint region
[2019-12-09T01:52:30.136+0000][1][safepoint    ] Total time for which application threads were stopped: 0.0000513 seconds, Stopping threads took: 0.0000086 seconds
[2019-12-09T01:52:30.137+0000][1][safepoint    ] Application time: 0.0009530 seconds
[2019-12-09T01:52:30.137+0000][1][safepoint    ] Entering safepoint region: RevokeBias
[2019-12-09T01:52:30.137+0000][1][safepoint    ] Leaving safepoint region
[2019-12-09T01:52:30.137+0000][1][safepoint    ] Total time for which application threads were stopped: 0.0000612 seconds, Stopping threads took: 0.0000095 seconds
[2019-12-09T01:52:30.138+0000][1][safepoint    ] Application time: 0.0010235 seconds
[2019-12-09T01:52:30.138+0000][1][safepoint    ] Entering safepoint region: RevokeBias
[2019-12-09T01:52:30.138+0000][1][safepoint    ] Leaving safepoint region
[2019-12-09T01:52:30.138+0000][1][safepoint    ] Total time for which application threads were stopped: 0.0000743 seconds, Stopping threads took: 0.0000111 seconds
[2019-12-09T01:52:30.189+0000][1][safepoint    ] Application time: 0.0504046 seconds
[2019-12-09T01:52:30.232+0000][1][safepoint    ] Entering safepoint region: RevokeBias
[2019-12-09T01:52:30.232+0000][1][safepoint    ] Leaving safepoint region
[2019-12-09T01:52:30.233+0000][1][safepoint    ] Total time for which application threads were stopped: 0.0435697 seconds, Stopping threads took: 0.0434618 seconds
[2019-12-09T01:52:30.233+0000][1][safepoint    ] Application time: 0.0003085 seconds
[2019-12-09T01:52:30.233+0000][1][safepoint    ] Entering safepoint region: RevokeBias
[2019-12-09T01:52:30.233+0000][1][safepoint    ] Leaving safepoint region
[2019-12-09T01:52:30.233+0000][1][safepoint    ] Total time for which application threads were stopped: 0.0000874 seconds, Stopping threads took: 0.0000134 seconds
[2019-12-09T01:52:30.234+0000][1][safepoint    ] Application time: 0.0008325 seconds
[2019-12-09T01:52:30.234+0000][1][safepoint    ] Entering safepoint region: RevokeBias
[2019-12-09T01:52:30.234+0000][1][safepoint    ] Leaving safepoint region
[2019-12-09T01:52:30.234+0000][1][safepoint    ] Total time for which application threads were stopped: 0.0000534 seconds, Stopping threads took: 0.0000121 seconds
[2019-12-09T01:52:30.234+0000][1][safepoint    ] Application time: 0.0000625 seconds
[2019-12-09T01:52:30.234+0000][1][safepoint    ] Entering safepoint region: RevokeBias
[2019-12-09T01:52:30.234+0000][1][safepoint    ] Leaving safepoint region
[2019-12-09T01:52:30.234+0000][1][safepoint    ] Total time for which application threads were stopped: 0.0000325 seconds, Stopping threads took: 0.0000090 seconds
[2019-12-09T01:52:30.234+0000][1][safepoint    ] Application time: 0.0000552 seconds
[2019-12-09T01:52:30.234+0000][1][safepoint    ] Entering safepoint region: RevokeBias
[2019-12-09T01:52:30.234+0000][1][safepoint    ] Leaving safepoint region
[2019-12-09T01:52:30.234+0000][1][safepoint    ] Total time for which application threads were stopped: 0.0000306 seconds, Stopping threads took: 0.0000082 seconds
[2019-12-09T01:52:30.234+0000][1][safepoint    ] Application time: 0.0000520 seconds
[2019-12-09T01:52:30.234+0000][1][safepoint    ] Entering safepoint region: RevokeBias
[2019-12-09T01:52:30.234+0000][1][safepoint    ] Leaving safepoint region
[2019-12-09T01:52:30.234+0000][1][safepoint    ] Total time for which application threads were stopped: 0.0000298 seconds, Stopping threads took: 0.0000077 seconds
[2019-12-09T01:52:30.234+0000][1][safepoint    ] Application time: 0.0000523 seconds
[2019-12-09T01:52:30.234+0000][1][safepoint    ] Entering safepoint region: RevokeBias
[2019-12-09T01:52:30.234+0000][1][safepoint    ] Leaving safepoint region
[2019-12-09T01:52:30.234+0000][1][safepoint    ] Total time for which application threads were stopped: 0.0000315 seconds, Stopping threads took: 0.0000086 seconds
[2019-12-09T01:52:30.234+0000][1][safepoint    ] Application time: 0.0000564 seconds
[2019-12-09T01:52:30.234+0000][1][safepoint    ] Entering safepoint region: RevokeBias
[2019-12-09T01:52:30.234+0000][1][safepoint    ] Leaving safepoint region
[2019-12-09T01:52:30.234+0000][1][safepoint    ] Total time for which application threads were stopped: 0.0000313 seconds, Stopping threads took: 0.0000087 seconds
[2019-12-09T01:52:30.234+0000][1][safepoint    ] Application time: 0.0000518 seconds
[2019-12-09T01:52:30.234+0000][1][safepoint    ] Entering safepoint region: RevokeBias
[2019-12-09T01:52:30.234+0000][1][safepoint    ] Leaving safepoint region
[2019-12-09T01:52:30.234+0000][1][safepoint    ] Total time for which application threads were stopped: 0.0000299 seconds, Stopping threads took: 0.0000082 seconds
[2019-12-09T01:52:30.235+0000][1][safepoint    ] Application time: 0.0000528 seconds
[2019-12-09T01:52:30.235+0000][1][safepoint    ] Entering safepoint region: RevokeBias
[2019-12-09T01:52:30.235+0000][1][safepoint    ] Leaving safepoint region
[2019-12-09T01:52:30.235+0000][1][safepoint    ] Total time for which application threads were stopped: 0.0000316 seconds, Stopping threads took: 0.0000086 seconds
[2019-12-09T01:52:30.235+0000][1][safepoint    ] Application time: 0.0000515 seconds
[2019-12-09T01:52:30.235+0000][1][safepoint    ] Entering safepoint region: RevokeBias
[2019-12-09T01:52:30.235+0000][1][safepoint    ] Leaving safepoint region
[2019-12-09T01:52:30.235+0000][1][safepoint    ] Total time for which application threads were stopped: 0.0000364 seconds, Stopping threads took: 0.0000085 seconds
[2019-12-09T01:52:30.235+0000][1][safepoint    ] Application time: 0.0000556 seconds
[2019-12-09T01:52:30.235+0000][1][safepoint    ] Entering safepoint region: RevokeBias
[2019-12-09T01:52:30.235+0000][1][safepoint    ] Leaving safepoint region
[2019-12-09T01:52:30.235+0000][1][safepoint    ] Total time for which application threads were stopped: 0.0000327 seconds, Stopping threads took: 0.0000088 seconds
[2019-12-09T01:52:30.235+0000][1][safepoint    ] Application time: 0.0000538 seconds
[2019-12-09T01:52:30.235+0000][1][safepoint    ] Entering safepoint region: RevokeBias
[2019-12-09T01:52:30.235+0000][1][safepoint    ] Leaving safepoint region
[2019-12-09T01:52:30.235+0000][1][safepoint    ] Total time for which application threads were stopped: 0.0000303 seconds, Stopping threads took: 0.0000081 seconds
[2019-12-09T01:52:30.235+0000][1][safepoint    ] Application time: 0.0000520 seconds
[2019-12-09T01:52:30.235+0000][1][safepoint    ] Entering safepoint region: RevokeBias
[2019-12-09T01:52:30.235+0000][1][safepoint    ] Leaving safepoint region
[2019-12-09T01:52:30.235+0000][1][safepoint    ] Total time for which application threads were stopped: 0.0000292 seconds, Stopping threads took: 0.0000083 seconds
[2019-12-09T01:52:30.235+0000][1][safepoint    ] Application time: 0.0000519 seconds
[2019-12-09T01:52:30.235+0000][1][safepoint    ] Entering safepoint region: RevokeBias
[2019-12-09T01:52:30.235+0000][1][safepoint    ] Leaving safepoint region
[2019-12-09T01:52:30.235+0000][1][safepoint    ] Total time for which application threads were stopped: 0.0000313 seconds, Stopping threads took: 0.0000083 seconds
[2019-12-09T01:52:30.235+0000][1][safepoint    ] Application time: 0.0000540 seconds
[2019-12-09T01:52:30.235+0000][1][safepoint    ] Entering safepoint region: RevokeBias
[2019-12-09T01:52:30.235+0000][1][safepoint    ] Leaving safepoint region
[2019-12-09T01:52:30.235+0000][1][safepoint    ] Total time for which application threads were stopped: 0.0000302 seconds, Stopping threads took: 0.0000084 seconds
[2019-12-09T01:52:30.235+0000][1][safepoint    ] Application time: 0.0000511 seconds
[2019-12-09T01:52:30.235+0000][1][safepoint    ] Entering safepoint region: RevokeBias
[2019-12-09T01:52:30.235+0000][1][safepoint    ] Leaving safepoint region
[2019-12-09T01:52:30.235+0000][1][safepoint    ] Total time for which application threads were stopped: 0.0000290 seconds, Stopping threads took: 0.0000081 seconds
[2019-12-09T01:52:30.235+0000][1][safepoint    ] Application time: 0.0000507 seconds
[2019-12-09T01:52:30.235+0000][1][safepoint    ] Entering safepoint region: RevokeBias
[2019-12-09T01:52:30.235+0000][1][safepoint    ] Leaving safepoint region
[2019-12-09T01:52:30.235+0000][1][safepoint    ] Total time for which application threads were stopped: 0.0000286 seconds, Stopping threads took: 0.0000077 seconds
[2019-12-09T01:52:30.235+0000][1][safepoint    ] Application time: 0.0000510 seconds
[2019-12-09T01:52:30.235+0000][1][safepoint    ] Entering safepoint region: RevokeBias
[2019-12-09T01:52:30.235+0000][1][safepoint    ] Leaving safepoint region
[2019-12-09T01:52:30.235+0000][1][safepoint    ] Total time for which application threads were stopped: 0.0000294 seconds, Stopping threads took: 0.0000080 seconds
[2019-12-09T01:52:30.236+0000][1][safepoint    ] Application time: 0.0000507 seconds
[2019-12-09T01:52:30.236+0000][1][safepoint    ] Entering safepoint region: RevokeBias
[2019-12-09T01:52:30.236+0000][1][safepoint    ] Leaving safepoint region
[2019-12-09T01:52:30.236+0000][1][safepoint    ] Total time for which application threads were stopped: 0.0000373 seconds, Stopping threads took: 0.0000080 seconds
[2019-12-09T01:52:30.236+0000][1][safepoint    ] Application time: 0.0000511 seconds
[2019-12-09T01:52:30.236+0000][1][safepoint    ] Entering safepoint region: RevokeBias
[2019-12-09T01:52:30.236+0000][1][safepoint    ] Leaving safepoint region
[2019-12-09T01:52:30.236+0000][1][safepoint    ] Total time for which application threads were stopped: 0.0000517 seconds, Stopping threads took: 0.0000084 seconds
[2019-12-09T01:52:30.236+0000][1][safepoint    ] Application time: 0.0000550 seconds
[2019-12-09T01:52:30.236+0000][1][safepoint    ] Entering safepoint region: BulkRevokeBias
[2019-12-09T01:52:30.236+0000][1][safepoint    ] Leaving safepoint region
[2019-12-09T01:52:30.236+0000][1][safepoint    ] Total time for which application threads were stopped: 0.0001132 seconds, Stopping threads took: 0.0000085 seconds
[2019-12-09T01:52:30.424+0000][1][safepoint    ] Application time: 0.1878266 seconds
[2019-12-09T01:52:30.501+0000][1][safepoint    ] Entering safepoint region: RevokeBias
[2019-12-09T01:52:30.501+0000][1][safepoint    ] Leaving safepoint region
[2019-12-09T01:52:30.501+0000][1][safepoint    ] Total time for which application threads were stopped: 0.0771417 seconds, Stopping threads took: 0.0770192 seconds
[2019-12-09T01:52:30.549+0000][1][safepoint    ] Application time: 0.0478101 seconds
[2019-12-09T01:52:30.549+0000][1][safepoint    ] Entering safepoint region: RevokeBias
[2019-12-09T01:52:30.549+0000][1][safepoint    ] Leaving safepoint region
[2019-12-09T01:52:30.549+0000][1][safepoint    ] Total time for which application threads were stopped: 0.0001301 seconds, Stopping threads took: 0.0000648 seconds
[2019-12-09T01:52:30.550+0000][1][safepoint    ] Application time: 0.0014987 seconds
[2019-12-09T01:52:30.550+0000][1][safepoint    ] Entering safepoint region: RevokeBias
[2019-12-09T01:52:30.550+0000][1][safepoint    ] Leaving safepoint region
[2019-12-09T01:52:30.550+0000][1][safepoint    ] Total time for which application threads were stopped: 0.0000972 seconds, Stopping threads took: 0.0000124 seconds
[2019-12-09T01:52:31.535+0000][1][safepoint    ] Application time: 0.9840960 seconds
[2019-12-09T01:52:31.535+0000][1][safepoint    ] Entering safepoint region: GenCollectForAllocation
[2019-12-09T01:52:31.535+0000][1][gc,start     ] GC(20) Pause Young (Allocation Failure)
[2019-12-09T01:52:31.535+0000][1][gc,task      ] GC(20) Using 2 workers of 2 for evacuation
[2019-12-09T01:52:31.762+0000][1][gc,age       ] GC(20) Desired survivor size 4456448 bytes, new threshold 2 (max threshold 6)
[2019-12-09T01:52:31.762+0000][1][gc,age       ] GC(20) Age table with threshold 2 (max threshold 6)
[2019-12-09T01:52:31.762+0000][1][gc,age       ] GC(20) - age   1:    2816488 bytes,    2816488 total
[2019-12-09T01:52:31.762+0000][1][gc,age       ] GC(20) - age   2:    2493656 bytes,    5310144 total
[2019-12-09T01:52:31.762+0000][1][gc,age       ] GC(20) - age   3:    1866240 bytes,    7176384 total
[2019-12-09T01:52:31.762+0000][1][gc,heap      ] GC(20) ParNew: 77190K->8704K(78656K)
[2019-12-09T01:52:31.762+0000][1][gc,heap      ] GC(20) CMS: 54389K->55627K(174784K)
[2019-12-09T01:52:31.762+0000][1][gc,metaspace ] GC(20) Metaspace: 48266K->48266K(1093632K)
[2019-12-09T01:52:31.762+0000][1][gc           ] GC(20) Pause Young (Allocation Failure) 128M->62M(247M) 227.235ms
[2019-12-09T01:52:31.762+0000][1][gc,cpu       ] GC(20) User=0.06s Sys=0.00s Real=0.22s
[2019-12-09T01:52:31.762+0000][1][safepoint    ] Leaving safepoint region
[2019-12-09T01:52:31.762+0000][1][safepoint    ] Total time for which application threads were stopped: 0.2274118 seconds, Stopping threads took: 0.0000147 seconds
[2019-12-09T01:52:31.768+0000][1][safepoint    ] Application time: 0.0062180 seconds
[2019-12-09T01:52:31.820+0000][1][safepoint    ] Entering safepoint region: RevokeBias
[2019-12-09T01:52:31.820+0000][1][safepoint    ] Leaving safepoint region
[2019-12-09T01:52:31.820+0000][1][safepoint    ] Total time for which application threads were stopped: 0.0516770 seconds, Stopping threads took: 0.0516118 seconds
[2019-12-09T01:52:31.825+0000][1][safepoint    ] Application time: 0.0047792 seconds
[2019-12-09T01:52:31.825+0000][1][safepoint    ] Entering safepoint region: RevokeBias
[2019-12-09T01:52:31.825+0000][1][safepoint    ] Leaving safepoint region
[2019-12-09T01:52:31.825+0000][1][safepoint    ] Total time for which application threads were stopped: 0.0001018 seconds, Stopping threads took: 0.0000494 seconds
[2019-12-09T01:52:31.825+0000][1][safepoint    ] Application time: 0.0003027 seconds
[2019-12-09T01:52:31.825+0000][1][safepoint    ] Entering safepoint region: RevokeBias
[2019-12-09T01:52:31.825+0000][1][safepoint    ] Leaving safepoint region
[2019-12-09T01:52:31.825+0000][1][safepoint    ] Total time for which application threads were stopped: 0.0001010 seconds, Stopping threads took: 0.0000115 seconds
[2019-12-09T01:52:32.844+0000][1][safepoint    ] Application time: 1.0185249 seconds
[2019-12-09T01:52:32.885+0000][1][safepoint    ] Entering safepoint region: Cleanup
[2019-12-09T01:52:32.885+0000][1][safepoint    ] Leaving safepoint region
[2019-12-09T01:52:32.885+0000][1][safepoint    ] Total time for which application threads were stopped: 0.0413617 seconds, Stopping threads took: 0.0409071 seconds
[2019-12-09T01:52:32.900+0000][1][safepoint    ] Application time: 0.0145746 seconds
[2019-12-09T01:52:32.900+0000][1][safepoint    ] Entering safepoint region: RevokeBias
[2019-12-09T01:52:32.900+0000][1][safepoint    ] Leaving safepoint region
[2019-12-09T01:52:32.900+0000][1][safepoint    ] Total time for which application threads were stopped: 0.0002119 seconds, Stopping threads took: 0.0001630 seconds
[2019-12-09T01:52:33.902+0000][1][safepoint    ] Application time: 1.0016287 seconds
[2019-12-09T01:52:33.983+0000][1][safepoint    ] Entering safepoint region: Cleanup
[2019-12-09T01:52:33.983+0000][1][safepoint    ] Leaving safepoint region
[2019-12-09T01:52:33.983+0000][1][safepoint    ] Total time for which application threads were stopped: 0.0810808 seconds, Stopping threads took: 0.0810169 seconds
[2019-12-09T01:52:34.059+0000][1][safepoint    ] Application time: 0.0761259 seconds
[2019-12-09T01:52:34.066+0000][1][safepoint    ] Entering safepoint region: RevokeBias
[2019-12-09T01:52:34.066+0000][1][safepoint    ] Leaving safepoint region
[2019-12-09T01:52:34.066+0000][1][safepoint    ] Total time for which application threads were stopped: 0.0068174 seconds, Stopping threads took: 0.0067436 seconds
[2019-12-09T01:52:35.074+0000][1][safepoint    ] Application time: 1.0078924 seconds
[2019-12-09T01:52:35.120+0000][1][safepoint    ] Entering safepoint region: Cleanup
[2019-12-09T01:52:35.121+0000][1][safepoint    ] Leaving safepoint region
[2019-12-09T01:52:35.121+0000][1][safepoint    ] Total time for which application threads were stopped: 0.0468954 seconds, Stopping threads took: 0.0464096 seconds
[2019-12-09T01:52:35.124+0000][1][safepoint    ] Application time: 0.0034545 seconds
[2019-12-09T01:52:35.142+0000][1][safepoint    ] Entering safepoint region: RevokeBias
[2019-12-09T01:52:35.142+0000][1][safepoint    ] Leaving safepoint region
[2019-12-09T01:52:35.142+0000][1][safepoint    ] Total time for which application threads were stopped: 0.0178014 seconds, Stopping threads took: 0.0177098 seconds
[2019-12-09T01:52:35.766+0000][1][safepoint    ] Application time: 0.6237704 seconds
[2019-12-09T01:52:35.766+0000][1][safepoint    ] Entering safepoint region: GenCollectForAllocation
[2019-12-09T01:52:35.766+0000][1][gc,start     ] GC(21) Pause Young (Allocation Failure)
[2019-12-09T01:52:35.766+0000][1][gc,task      ] GC(21) Using 2 workers of 2 for evacuation
[2019-12-09T01:52:35.929+0000][1][gc,age       ] GC(21) Desired survivor size 4456448 bytes, new threshold 2 (max threshold 6)
[2019-12-09T01:52:35.929+0000][1][gc,age       ] GC(21) Age table with threshold 2 (max threshold 6)
[2019-12-09T01:52:35.929+0000][1][gc,age       ] GC(21) - age   1:    1750824 bytes,    1750824 total
[2019-12-09T01:52:35.929+0000][1][gc,age       ] GC(21) - age   2:    2772000 bytes,    4522824 total
[2019-12-09T01:52:35.929+0000][1][gc,heap      ] GC(21) ParNew: 78656K->6478K(78656K)
[2019-12-09T01:52:35.929+0000][1][gc,heap      ] GC(21) CMS: 55627K->60033K(174784K)
[2019-12-09T01:52:35.929+0000][1][gc,metaspace ] GC(21) Metaspace: 56113K->56113K(1099776K)
[2019-12-09T01:52:35.929+0000][1][gc           ] GC(21) Pause Young (Allocation Failure) 131M->64M(247M) 163.218ms
[2019-12-09T01:52:35.929+0000][1][gc,cpu       ] GC(21) User=0.04s Sys=0.00s Real=0.16s
[2019-12-09T01:52:35.929+0000][1][safepoint    ] Leaving safepoint region
[2019-12-09T01:52:35.929+0000][1][safepoint    ] Total time for which application threads were stopped: 0.1633805 seconds, Stopping threads took: 0.0000156 seconds
[2019-12-09T01:52:36.941+0000][1][safepoint    ] Application time: 1.0115753 seconds
[2019-12-09T01:52:36.941+0000][1][safepoint    ] Entering safepoint region: Cleanup
[2019-12-09T01:52:36.942+0000][1][safepoint    ] Leaving safepoint region
[2019-12-09T01:52:36.942+0000][1][safepoint    ] Total time for which application threads were stopped: 0.0011952 seconds, Stopping threads took: 0.0000158 seconds
[2019-12-09T01:52:37.944+0000][1][safepoint    ] Application time: 1.0017545 seconds
[2019-12-09T01:52:37.944+0000][1][safepoint    ] Entering safepoint region: Cleanup
[2019-12-09T01:52:37.944+0000][1][safepoint    ] Leaving safepoint region
[2019-12-09T01:52:37.944+0000][1][safepoint    ] Total time for which application threads were stopped: 0.0000729 seconds, Stopping threads took: 0.0000156 seconds
[2019-12-09T01:52:38.135+0000][1][safepoint    ] Application time: 0.1908930 seconds
[2019-12-09T01:52:38.135+0000][1][safepoint    ] Entering safepoint region: Deoptimize
[2019-12-09T01:52:38.135+0000][1][safepoint    ] Leaving safepoint region
[2019-12-09T01:52:38.135+0000][1][safepoint    ] Total time for which application threads were stopped: 0.0006402 seconds, Stopping threads took: 0.0000152 seconds
[2019-12-09T01:52:38.682+0000][1][safepoint    ] Application time: 0.5464503 seconds
[2019-12-09T01:52:38.682+0000][1][safepoint    ] Entering safepoint region: RevokeBias
[2019-12-09T01:52:38.682+0000][1][safepoint    ] Leaving safepoint region
[2019-12-09T01:52:38.682+0000][1][safepoint    ] Total time for which application threads were stopped: 0.0001905 seconds, Stopping threads took: 0.0000772 seconds
[2019-12-09T01:52:38.682+0000][1][safepoint    ] Application time: 0.0002001 seconds
[2019-12-09T01:52:38.682+0000][1][safepoint    ] Entering safepoint region: RevokeBias
[2019-12-09T01:52:38.682+0000][1][safepoint    ] Leaving safepoint region
[2019-12-09T01:52:38.682+0000][1][safepoint    ] Total time for which application threads were stopped: 0.0000972 seconds, Stopping threads took: 0.0000112 seconds
[2019-12-09T01:52:38.682+0000][1][safepoint    ] Application time: 0.0000471 seconds
[2019-12-09T01:52:38.682+0000][1][safepoint    ] Entering safepoint region: RevokeBias
[2019-12-09T01:52:38.683+0000][1][safepoint    ] Leaving safepoint region
[2019-12-09T01:52:38.683+0000][1][safepoint    ] Total time for which application threads were stopped: 0.0000704 seconds, Stopping threads took: 0.0000093 seconds
[2019-12-09T01:52:38.683+0000][1][safepoint    ] Application time: 0.0000908 seconds
[2019-12-09T01:52:38.683+0000][1][safepoint    ] Entering safepoint region: RevokeBias
[2019-12-09T01:52:38.683+0000][1][safepoint    ] Leaving safepoint region
[2019-12-09T01:52:38.683+0000][1][safepoint    ] Total time for which application threads were stopped: 0.0000942 seconds, Stopping threads took: 0.0000097 seconds
[2019-12-09T01:52:38.706+0000][1][safepoint    ] Application time: 0.0231027 seconds
[2019-12-09T01:52:38.706+0000][1][safepoint    ] Entering safepoint region: RevokeBias
[2019-12-09T01:52:38.706+0000][1][safepoint    ] Leaving safepoint region
[2019-12-09T01:52:38.706+0000][1][safepoint    ] Total time for which application threads were stopped: 0.0001146 seconds, Stopping threads took: 0.0000142 seconds
[2019-12-09T01:52:39.707+0000][1][safepoint    ] Application time: 1.0007164 seconds
[2019-12-09T01:52:39.711+0000][1][safepoint    ] Entering safepoint region: Cleanup
[2019-12-09T01:52:39.711+0000][1][safepoint    ] Leaving safepoint region
[2019-12-09T01:52:39.711+0000][1][safepoint    ] Total time for which application threads were stopped: 0.0040558 seconds, Stopping threads took: 0.0039787 seconds
[2019-12-09T01:52:40.707+0000][1][safepoint    ] Application time: 0.9958866 seconds
[2019-12-09T01:52:40.707+0000][1][safepoint    ] Entering safepoint region: RevokeBias
[2019-12-09T01:52:40.707+0000][1][safepoint    ] Leaving safepoint region
[2019-12-09T01:52:40.707+0000][1][safepoint    ] Total time for which application threads were stopped: 0.0001262 seconds, Stopping threads took: 0.0000138 seconds
[2019-12-09T01:52:41.708+0000][1][safepoint    ] Application time: 1.0008362 seconds
[2019-12-09T01:52:41.714+0000][1][safepoint    ] Entering safepoint region: Cleanup
[2019-12-09T01:52:41.714+0000][1][safepoint    ] Leaving safepoint region
[2019-12-09T01:52:41.714+0000][1][safepoint    ] Total time for which application threads were stopped: 0.0060465 seconds, Stopping threads took: 0.0059936 seconds
[2019-12-09T01:52:41.942+0000][1][safepoint    ] Application time: 0.2279245 seconds
[2019-12-09T01:52:41.942+0000][1][safepoint    ] Entering safepoint region: RevokeBias
[2019-12-09T01:52:41.942+0000][1][safepoint    ] Leaving safepoint region
[2019-12-09T01:52:41.942+0000][1][safepoint    ] Total time for which application threads were stopped: 0.0000678 seconds, Stopping threads took: 0.0000150 seconds
[2019-12-09T01:52:42.598+0000][1][safepoint    ] Application time: 0.6563573 seconds
[2019-12-09T01:52:42.598+0000][1][safepoint    ] Entering safepoint region: Deoptimize
[2019-12-09T01:52:42.599+0000][1][safepoint    ] Leaving safepoint region
[2019-12-09T01:52:42.599+0000][1][safepoint    ] Total time for which application threads were stopped: 0.0006828 seconds, Stopping threads took: 0.0000158 seconds
[2019-12-09T01:52:42.658+0000][1][safepoint    ] Application time: 0.0590889 seconds
[2019-12-09T01:52:42.658+0000][1][safepoint    ] Entering safepoint region: RevokeBias
[2019-12-09T01:52:42.658+0000][1][safepoint    ] Leaving safepoint region
[2019-12-09T01:52:42.658+0000][1][safepoint    ] Total time for which application threads were stopped: 0.0000966 seconds, Stopping threads took: 0.0000166 seconds
[2019-12-09T01:52:42.658+0000][1][safepoint    ] Application time: 0.0002997 seconds
[2019-12-09T01:52:42.658+0000][1][safepoint    ] Entering safepoint region: BulkRevokeBias
[2019-12-09T01:52:42.659+0000][1][safepoint    ] Leaving safepoint region
[2019-12-09T01:52:42.659+0000][1][safepoint    ] Total time for which application threads were stopped: 0.0001599 seconds, Stopping threads took: 0.0000108 seconds
[2019-12-09T01:52:42.659+0000][1][safepoint    ] Application time: 0.0002288 seconds
[2019-12-09T01:52:42.659+0000][1][safepoint    ] Entering safepoint region: RevokeBias
[2019-12-09T01:52:42.659+0000][1][safepoint    ] Leaving safepoint region
[2019-12-09T01:52:42.659+0000][1][safepoint    ] Total time for which application threads were stopped: 0.0000613 seconds, Stopping threads took: 0.0000111 seconds
[2019-12-09T01:52:42.660+0000][1][safepoint    ] Application time: 0.0007841 seconds
[2019-12-09T01:52:42.660+0000][1][safepoint    ] Entering safepoint region: RevokeBias
[2019-12-09T01:52:42.660+0000][1][safepoint    ] Leaving safepoint region
[2019-12-09T01:52:42.660+0000][1][safepoint    ] Total time for which application threads were stopped: 0.0000700 seconds, Stopping threads took: 0.0000199 seconds
[2019-12-09T01:52:42.660+0000][1][safepoint    ] Application time: 0.0004380 seconds
[2019-12-09T01:52:42.660+0000][1][safepoint    ] Entering safepoint region: RevokeBias
[2019-12-09T01:52:42.660+0000][1][safepoint    ] Leaving safepoint region
[2019-12-09T01:52:42.660+0000][1][safepoint    ] Total time for which application threads were stopped: 0.0000672 seconds, Stopping threads took: 0.0000108 seconds
[2019-12-09T01:52:42.660+0000][1][safepoint    ] Application time: 0.0000598 seconds
[2019-12-09T01:52:42.660+0000][1][safepoint    ] Entering safepoint region: RevokeBias
[2019-12-09T01:52:42.660+0000][1][safepoint    ] Leaving safepoint region
[2019-12-09T01:52:42.660+0000][1][safepoint    ] Total time for which application threads were stopped: 0.0000480 seconds, Stopping threads took: 0.0000081 seconds
[2019-12-09T01:52:42.661+0000][1][safepoint    ] Application time: 0.0003422 seconds
[2019-12-09T01:52:42.661+0000][1][safepoint    ] Entering safepoint region: RevokeBias
[2019-12-09T01:52:42.661+0000][1][safepoint    ] Leaving safepoint region
[2019-12-09T01:52:42.661+0000][1][safepoint    ] Total time for which application threads were stopped: 0.0000529 seconds, Stopping threads took: 0.0000104 seconds
[2019-12-09T01:52:42.661+0000][1][safepoint    ] Application time: 0.0001822 seconds
[2019-12-09T01:52:42.661+0000][1][safepoint    ] Entering safepoint region: RevokeBias
[2019-12-09T01:52:42.661+0000][1][safepoint    ] Leaving safepoint region
[2019-12-09T01:52:42.661+0000][1][safepoint    ] Total time for which application threads were stopped: 0.0000536 seconds, Stopping threads took: 0.0000092 seconds
[2019-12-09T01:52:42.661+0000][1][safepoint    ] Application time: 0.0000553 seconds
[2019-12-09T01:52:42.661+0000][1][safepoint    ] Entering safepoint region: RevokeBias
[2019-12-09T01:52:42.661+0000][1][safepoint    ] Leaving safepoint region
[2019-12-09T01:52:42.661+0000][1][safepoint    ] Total time for which application threads were stopped: 0.0000458 seconds, Stopping threads took: 0.0000080 seconds
[2019-12-09T01:52:42.662+0000][1][safepoint    ] Application time: 0.0005727 seconds
[2019-12-09T01:52:42.662+0000][1][safepoint    ] Entering safepoint region: BulkRevokeBias
[2019-12-09T01:52:42.662+0000][1][safepoint    ] Leaving safepoint region
[2019-12-09T01:52:42.662+0000][1][safepoint    ] Total time for which application threads were stopped: 0.0001284 seconds, Stopping threads took: 0.0000101 seconds
[2019-12-09T01:52:42.663+0000][1][safepoint    ] Application time: 0.0012539 seconds
[2019-12-09T01:52:42.663+0000][1][safepoint    ] Entering safepoint region: RevokeBias
[2019-12-09T01:52:42.663+0000][1][safepoint    ] Leaving safepoint region
[2019-12-09T01:52:42.663+0000][1][safepoint    ] Total time for which application threads were stopped: 0.0000659 seconds, Stopping threads took: 0.0000119 seconds
[2019-12-09T01:52:42.663+0000][1][safepoint    ] Application time: 0.0001079 seconds
[2019-12-09T01:52:42.663+0000][1][safepoint    ] Entering safepoint region: RevokeBias
[2019-12-09T01:52:42.664+0000][1][safepoint    ] Leaving safepoint region
[2019-12-09T01:52:42.664+0000][1][safepoint    ] Total time for which application threads were stopped: 0.0000576 seconds, Stopping threads took: 0.0000103 seconds
[2019-12-09T01:52:42.728+0000][1][safepoint    ] Application time: 0.0646083 seconds
[2019-12-09T01:52:42.783+0000][1][safepoint    ] Entering safepoint region: RevokeBias
[2019-12-09T01:52:42.783+0000][1][safepoint    ] Leaving safepoint region
[2019-12-09T01:52:42.783+0000][1][safepoint    ] Total time for which application threads were stopped: 0.0547380 seconds, Stopping threads took: 0.0546399 seconds
[2019-12-09T01:52:42.783+0000][1][safepoint    ] Application time: 0.0002607 seconds
[2019-12-09T01:52:42.783+0000][1][safepoint    ] Entering safepoint region: Deoptimize
[2019-12-09T01:52:42.784+0000][1][safepoint    ] Leaving safepoint region
[2019-12-09T01:52:42.784+0000][1][safepoint    ] Total time for which application threads were stopped: 0.0007977 seconds, Stopping threads took: 0.0000128 seconds
[2019-12-09T01:52:42.785+0000][1][safepoint    ] Application time: 0.0013092 seconds
[2019-12-09T01:52:42.795+0000][1][safepoint    ] Entering safepoint region: RevokeBias
[2019-12-09T01:52:42.795+0000][1][safepoint    ] Leaving safepoint region
[2019-12-09T01:52:42.795+0000][1][safepoint    ] Total time for which application threads were stopped: 0.0095766 seconds, Stopping threads took: 0.0095007 seconds
[2019-12-09T01:52:42.824+0000][1][safepoint    ] Application time: 0.0292678 seconds
[2019-12-09T01:52:42.847+0000][1][safepoint    ] Entering safepoint region: RevokeBias
[2019-12-09T01:52:42.847+0000][1][safepoint    ] Leaving safepoint region
[2019-12-09T01:52:42.847+0000][1][safepoint    ] Total time for which application threads were stopped: 0.0227048 seconds, Stopping threads took: 0.0226095 seconds
[2019-12-09T01:52:42.847+0000][1][safepoint    ] Application time: 0.0000815 seconds
[2019-12-09T01:52:42.847+0000][1][safepoint    ] Entering safepoint region: RevokeBias
[2019-12-09T01:52:42.847+0000][1][safepoint    ] Leaving safepoint region
[2019-12-09T01:52:42.847+0000][1][safepoint    ] Total time for which application threads were stopped: 0.0000590 seconds, Stopping threads took: 0.0000086 seconds
[2019-12-09T01:52:42.847+0000][1][safepoint    ] Application time: 0.0000500 seconds
[2019-12-09T01:52:42.847+0000][1][safepoint    ] Entering safepoint region: RevokeBias
[2019-12-09T01:52:42.847+0000][1][safepoint    ] Leaving safepoint region
[2019-12-09T01:52:42.847+0000][1][safepoint    ] Total time for which application threads were stopped: 0.0000527 seconds, Stopping threads took: 0.0000079 seconds
[2019-12-09T01:52:42.847+0000][1][safepoint    ] Application time: 0.0000480 seconds
[2019-12-09T01:52:42.847+0000][1][safepoint    ] Entering safepoint region: RevokeBias
[2019-12-09T01:52:42.847+0000][1][safepoint    ] Leaving safepoint region
[2019-12-09T01:52:42.847+0000][1][safepoint    ] Total time for which application threads were stopped: 0.0000515 seconds, Stopping threads took: 0.0000073 seconds
[2019-12-09T01:52:42.847+0000][1][safepoint    ] Application time: 0.0000482 seconds
[2019-12-09T01:52:42.847+0000][1][safepoint    ] Entering safepoint region: RevokeBias
[2019-12-09T01:52:42.847+0000][1][safepoint    ] Leaving safepoint region
[2019-12-09T01:52:42.847+0000][1][safepoint    ] Total time for which application threads were stopped: 0.0000497 seconds, Stopping threads took: 0.0000072 seconds
[2019-12-09T01:52:42.848+0000][1][safepoint    ] Application time: 0.0000514 seconds
[2019-12-09T01:52:42.848+0000][1][safepoint    ] Entering safepoint region: RevokeBias
[2019-12-09T01:52:42.848+0000][1][safepoint    ] Leaving safepoint region
[2019-12-09T01:52:42.848+0000][1][safepoint    ] Total time for which application threads were stopped: 0.0000517 seconds, Stopping threads took: 0.0000074 seconds
[2019-12-09T01:52:42.848+0000][1][safepoint    ] Application time: 0.0000486 seconds
[2019-12-09T01:52:42.848+0000][1][safepoint    ] Entering safepoint region: RevokeBias
[2019-12-09T01:52:42.848+0000][1][safepoint    ] Leaving safepoint region
[2019-12-09T01:52:42.848+0000][1][safepoint    ] Total time for which application threads were stopped: 0.0000684 seconds, Stopping threads took: 0.0000072 seconds
[2019-12-09T01:52:42.848+0000][1][safepoint    ] Application time: 0.0000546 seconds
[2019-12-09T01:52:42.848+0000][1][safepoint    ] Entering safepoint region: RevokeBias
[2019-12-09T01:52:42.848+0000][1][safepoint    ] Leaving safepoint region
[2019-12-09T01:52:42.848+0000][1][safepoint    ] Total time for which application threads were stopped: 0.0000532 seconds, Stopping threads took: 0.0000066 seconds
[2019-12-09T01:52:42.975+0000][1][safepoint    ] Application time: 0.1271245 seconds
[2019-12-09T01:52:43.039+0000][1][safepoint    ] Entering safepoint region: RevokeBias
[2019-12-09T01:52:43.039+0000][1][gc,start     ] GC(22) Pause Young (Allocation Failure)
[2019-12-09T01:52:43.039+0000][1][gc,task      ] GC(22) Using 2 workers of 2 for evacuation
[2019-12-09T01:52:43.153+0000][1][gc,age       ] GC(22) Desired survivor size 4456448 bytes, new threshold 2 (max threshold 6)
[2019-12-09T01:52:43.153+0000][1][gc,age       ] GC(22) Age table with threshold 2 (max threshold 6)
[2019-12-09T01:52:43.153+0000][1][gc,age       ] GC(22) - age   1:    3377880 bytes,    3377880 total
[2019-12-09T01:52:43.153+0000][1][gc,age       ] GC(22) - age   2:    1613800 bytes,    4991680 total
[2019-12-09T01:52:43.153+0000][1][gc,heap      ] GC(22) ParNew: 76430K->7398K(78656K)
[2019-12-09T01:52:43.153+0000][1][gc,heap      ] GC(22) CMS: 60033K->62801K(174784K)
[2019-12-09T01:52:43.153+0000][1][gc,metaspace ] GC(22) Metaspace: 63636K->63636K(1107968K)
[2019-12-09T01:52:43.153+0000][1][gc           ] GC(22) Pause Young (Allocation Failure) 133M->68M(247M) 113.944ms
[2019-12-09T01:52:43.153+0000][1][gc,cpu       ] GC(22) User=0.04s Sys=0.00s Real=0.11s
[2019-12-09T01:52:43.153+0000][1][safepoint    ] Leaving safepoint region
[2019-12-09T01:52:43.153+0000][1][safepoint    ] Total time for which application threads were stopped: 0.1781283 seconds, Stopping threads took: 0.0639029 seconds
[2019-12-09T01:52:43.158+0000][1][safepoint    ] Application time: 0.0046124 seconds
[2019-12-09T01:52:43.158+0000][1][safepoint    ] Entering safepoint region: RevokeBias
[2019-12-09T01:52:43.158+0000][1][safepoint    ] Leaving safepoint region
[2019-12-09T01:52:43.158+0000][1][safepoint    ] Total time for which application threads were stopped: 0.0001191 seconds, Stopping threads took: 0.0000237 seconds
[2019-12-09T01:52:43.187+0000][1][safepoint    ] Application time: 0.0292699 seconds
[2019-12-09T01:52:43.187+0000][1][safepoint    ] Entering safepoint region: RevokeBias
[2019-12-09T01:52:43.187+0000][1][safepoint    ] Leaving safepoint region
[2019-12-09T01:52:43.187+0000][1][safepoint    ] Total time for which application threads were stopped: 0.0001556 seconds, Stopping threads took: 0.0000141 seconds
[2019-12-09T01:52:43.187+0000][1][safepoint    ] Application time: 0.0001085 seconds
[2019-12-09T01:52:43.187+0000][1][safepoint    ] Entering safepoint region: RevokeBias
[2019-12-09T01:52:43.188+0000][1][safepoint    ] Leaving safepoint region
[2019-12-09T01:52:43.188+0000][1][safepoint    ] Total time for which application threads were stopped: 0.0000832 seconds, Stopping threads took: 0.0000095 seconds
[2019-12-09T01:52:43.193+0000][1][safepoint    ] Application time: 0.0049598 seconds
[2019-12-09T01:52:43.193+0000][1][safepoint    ] Entering safepoint region: RevokeBias
[2019-12-09T01:52:43.193+0000][1][safepoint    ] Leaving safepoint region
[2019-12-09T01:52:43.193+0000][1][safepoint    ] Total time for which application threads were stopped: 0.0001781 seconds, Stopping threads took: 0.0000138 seconds
[2019-12-09T01:52:43.194+0000][1][safepoint    ] Application time: 0.0010095 seconds
[2019-12-09T01:52:43.194+0000][1][safepoint    ] Entering safepoint region: RevokeBias
[2019-12-09T01:52:43.194+0000][1][safepoint    ] Leaving safepoint region
[2019-12-09T01:52:43.194+0000][1][safepoint    ] Total time for which application threads were stopped: 0.0001105 seconds, Stopping threads took: 0.0000396 seconds
[2019-12-09T01:52:43.194+0000][1][safepoint    ] Application time: 0.0003407 seconds
[2019-12-09T01:52:43.194+0000][1][safepoint    ] Entering safepoint region: RevokeBias
[2019-12-09T01:52:43.194+0000][1][safepoint    ] Leaving safepoint region
[2019-12-09T01:52:43.194+0000][1][safepoint    ] Total time for which application threads were stopped: 0.0001040 seconds, Stopping threads took: 0.0000103 seconds
[2019-12-09T01:52:43.196+0000][1][safepoint    ] Application time: 0.0012024 seconds
[2019-12-09T01:52:43.196+0000][1][safepoint    ] Entering safepoint region: RevokeBias
[2019-12-09T01:52:43.196+0000][1][safepoint    ] Leaving safepoint region
[2019-12-09T01:52:43.196+0000][1][safepoint    ] Total time for which application threads were stopped: 0.0000911 seconds, Stopping threads took: 0.0000116 seconds
[2019-12-09T01:52:43.198+0000][1][safepoint    ] Application time: 0.0018963 seconds
[2019-12-09T01:52:43.198+0000][1][safepoint    ] Entering safepoint region: RevokeBias
[2019-12-09T01:52:43.198+0000][1][safepoint    ] Leaving safepoint region
[2019-12-09T01:52:43.198+0000][1][safepoint    ] Total time for which application threads were stopped: 0.0001698 seconds, Stopping threads took: 0.0000121 seconds
[2019-12-09T01:52:43.198+0000][1][safepoint    ] Application time: 0.0003123 seconds
[2019-12-09T01:52:43.198+0000][1][safepoint    ] Entering safepoint region: RevokeBias
[2019-12-09T01:52:43.198+0000][1][safepoint    ] Leaving safepoint region
[2019-12-09T01:52:43.198+0000][1][safepoint    ] Total time for which application threads were stopped: 0.0001026 seconds, Stopping threads took: 0.0000102 seconds
[2019-12-09T01:52:43.198+0000][1][safepoint    ] Application time: 0.0002183 seconds
[2019-12-09T01:52:43.198+0000][1][safepoint    ] Entering safepoint region: RevokeBias
[2019-12-09T01:52:43.199+0000][1][safepoint    ] Leaving safepoint region
[2019-12-09T01:52:43.199+0000][1][safepoint    ] Total time for which application threads were stopped: 0.0000821 seconds, Stopping threads took: 0.0000112 seconds
[2019-12-09T01:52:43.219+0000][1][safepoint    ] Application time: 0.0203315 seconds
[2019-12-09T01:52:43.219+0000][1][safepoint    ] Entering safepoint region: BulkRevokeBias
[2019-12-09T01:52:43.219+0000][1][safepoint    ] Leaving safepoint region
[2019-12-09T01:52:43.219+0000][1][safepoint    ] Total time for which application threads were stopped: 0.0002939 seconds, Stopping threads took: 0.0000114 seconds
[2019-12-09T01:52:43.223+0000][1][safepoint    ] Application time: 0.0041703 seconds
[2019-12-09T01:52:43.223+0000][1][safepoint    ] Entering safepoint region: RevokeBias
[2019-12-09T01:52:43.223+0000][1][safepoint    ] Leaving safepoint region
[2019-12-09T01:52:43.223+0000][1][safepoint    ] Total time for which application threads were stopped: 0.0001127 seconds, Stopping threads took: 0.0000519 seconds
[2019-12-09T01:52:43.257+0000][1][safepoint    ] Application time: 0.0332129 seconds
[2019-12-09T01:52:43.330+0000][1][safepoint    ] Entering safepoint region: RevokeBias
[2019-12-09T01:52:43.330+0000][1][safepoint    ] Leaving safepoint region
[2019-12-09T01:52:43.330+0000][1][safepoint    ] Total time for which application threads were stopped: 0.0730158 seconds, Stopping threads took: 0.0729199 seconds
[2019-12-09T01:52:43.333+0000][1][safepoint    ] Application time: 0.0034573 seconds
[2019-12-09T01:52:43.333+0000][1][safepoint    ] Entering safepoint region: RevokeBias
[2019-12-09T01:52:43.333+0000][1][safepoint    ] Leaving safepoint region
[2019-12-09T01:52:43.333+0000][1][safepoint    ] Total time for which application threads were stopped: 0.0000787 seconds, Stopping threads took: 0.0000154 seconds
[2019-12-09T01:52:43.334+0000][1][safepoint    ] Application time: 0.0004415 seconds
[2019-12-09T01:52:43.334+0000][1][safepoint    ] Entering safepoint region: RevokeBias
[2019-12-09T01:52:43.334+0000][1][safepoint    ] Leaving safepoint region
[2019-12-09T01:52:43.334+0000][1][safepoint    ] Total time for which application threads were stopped: 0.0000684 seconds, Stopping threads took: 0.0000157 seconds
[2019-12-09T01:52:43.366+0000][1][safepoint    ] Application time: 0.0318386 seconds
[2019-12-09T01:52:43.366+0000][1][safepoint    ] Entering safepoint region: RevokeBias
[2019-12-09T01:52:43.366+0000][1][safepoint    ] Leaving safepoint region
[2019-12-09T01:52:43.366+0000][1][safepoint    ] Total time for which application threads were stopped: 0.0000902 seconds, Stopping threads took: 0.0000141 seconds
[2019-12-09T01:52:43.368+0000][1][safepoint    ] Application time: 0.0017182 seconds
[2019-12-09T01:52:43.368+0000][1][safepoint    ] Entering safepoint region: RevokeBias
[2019-12-09T01:52:43.368+0000][1][safepoint    ] Leaving safepoint region
[2019-12-09T01:52:43.368+0000][1][safepoint    ] Total time for which application threads were stopped: 0.0000656 seconds, Stopping threads took: 0.0000105 seconds
[2019-12-09T01:52:43.369+0000][1][safepoint    ] Application time: 0.0013366 seconds
[2019-12-09T01:52:43.369+0000][1][safepoint    ] Entering safepoint region: RevokeBias
[2019-12-09T01:52:43.369+0000][1][safepoint    ] Leaving safepoint region
[2019-12-09T01:52:43.369+0000][1][safepoint    ] Total time for which application threads were stopped: 0.0000663 seconds, Stopping threads took: 0.0000121 seconds
[2019-12-09T01:52:43.369+0000][1][safepoint    ] Application time: 0.0000408 seconds
[2019-12-09T01:52:43.369+0000][1][safepoint    ] Entering safepoint region: RevokeBias
[2019-12-09T01:52:43.369+0000][1][safepoint    ] Leaving safepoint region
[2019-12-09T01:52:43.369+0000][1][safepoint    ] Total time for which application threads were stopped: 0.0000473 seconds, Stopping threads took: 0.0000092 seconds
[2019-12-09T01:52:43.369+0000][1][safepoint    ] Application time: 0.0000413 seconds
[2019-12-09T01:52:43.369+0000][1][safepoint    ] Entering safepoint region: RevokeBias
[2019-12-09T01:52:43.369+0000][1][safepoint    ] Leaving safepoint region
[2019-12-09T01:52:43.369+0000][1][safepoint    ] Total time for which application threads were stopped: 0.0000444 seconds, Stopping threads took: 0.0000089 seconds
[2019-12-09T01:52:43.370+0000][1][safepoint    ] Application time: 0.0004843 seconds
[2019-12-09T01:52:43.370+0000][1][safepoint    ] Entering safepoint region: RevokeBias
[2019-12-09T01:52:43.370+0000][1][safepoint    ] Leaving safepoint region
[2019-12-09T01:52:43.370+0000][1][safepoint    ] Total time for which application threads were stopped: 0.0000699 seconds, Stopping threads took: 0.0000241 seconds
[2019-12-09T01:52:43.419+0000][1][safepoint    ] Application time: 0.0490594 seconds
[2019-12-09T01:52:43.433+0000][1][safepoint    ] Entering safepoint region: RevokeBias
[2019-12-09T01:52:43.433+0000][1][safepoint    ] Leaving safepoint region
[2019-12-09T01:52:43.433+0000][1][safepoint    ] Total time for which application threads were stopped: 0.0139245 seconds, Stopping threads took: 0.0138552 seconds
[2019-12-09T01:52:43.433+0000][1][safepoint    ] Application time: 0.0003898 seconds
[2019-12-09T01:52:43.433+0000][1][safepoint    ] Entering safepoint region: RevokeBias
[2019-12-09T01:52:43.433+0000][1][safepoint    ] Leaving safepoint region
[2019-12-09T01:52:43.433+0000][1][safepoint    ] Total time for which application threads were stopped: 0.0001033 seconds, Stopping threads took: 0.0000124 seconds
[2019-12-09T01:52:43.434+0000][1][safepoint    ] Application time: 0.0001897 seconds
[2019-12-09T01:52:43.434+0000][1][safepoint    ] Entering safepoint region: RevokeBias
[2019-12-09T01:52:43.434+0000][1][safepoint    ] Leaving safepoint region
[2019-12-09T01:52:43.434+0000][1][safepoint    ] Total time for which application threads were stopped: 0.0000993 seconds, Stopping threads took: 0.0000092 seconds
[2019-12-09T01:52:43.439+0000][1][safepoint    ] Application time: 0.0056340 seconds
[2019-12-09T01:52:43.513+0000][1][safepoint    ] Entering safepoint region: RevokeBias
[2019-12-09T01:52:43.513+0000][1][safepoint    ] Leaving safepoint region
[2019-12-09T01:52:43.513+0000][1][safepoint    ] Total time for which application threads were stopped: 0.0735329 seconds, Stopping threads took: 0.0734164 seconds
[2019-12-09T01:52:43.513+0000][1][safepoint    ] Application time: 0.0000905 seconds
[2019-12-09T01:52:43.513+0000][1][safepoint    ] Entering safepoint region: RevokeBias
[2019-12-09T01:52:43.513+0000][1][safepoint    ] Leaving safepoint region
[2019-12-09T01:52:43.513+0000][1][safepoint    ] Total time for which application threads were stopped: 0.0000908 seconds, Stopping threads took: 0.0000126 seconds
[2019-12-09T01:52:43.514+0000][1][safepoint    ] Application time: 0.0011282 seconds
[2019-12-09T01:52:43.515+0000][1][safepoint    ] Entering safepoint region: RevokeBias
[2019-12-09T01:52:43.515+0000][1][safepoint    ] Leaving safepoint region
[2019-12-09T01:52:43.515+0000][1][safepoint    ] Total time for which application threads were stopped: 0.0005058 seconds, Stopping threads took: 0.0003844 seconds
[2019-12-09T01:52:43.518+0000][1][safepoint    ] Application time: 0.0030958 seconds
[2019-12-09T01:52:43.518+0000][1][safepoint    ] Entering safepoint region: RevokeBias
[2019-12-09T01:52:43.518+0000][1][safepoint    ] Leaving safepoint region
[2019-12-09T01:52:43.518+0000][1][safepoint    ] Total time for which application threads were stopped: 0.0001000 seconds, Stopping threads took: 0.0000134 seconds
[2019-12-09T01:52:43.518+0000][1][safepoint    ] Application time: 0.0001573 seconds
[2019-12-09T01:52:43.518+0000][1][safepoint    ] Entering safepoint region: RevokeBias
[2019-12-09T01:52:43.518+0000][1][safepoint    ] Leaving safepoint region
[2019-12-09T01:52:43.518+0000][1][safepoint    ] Total time for which application threads were stopped: 0.0000978 seconds, Stopping threads took: 0.0000106 seconds
[2019-12-09T01:52:43.518+0000][1][safepoint    ] Application time: 0.0000930 seconds
[2019-12-09T01:52:43.518+0000][1][safepoint    ] Entering safepoint region: RevokeBias
[2019-12-09T01:52:43.518+0000][1][safepoint    ] Leaving safepoint region
[2019-12-09T01:52:43.518+0000][1][safepoint    ] Total time for which application threads were stopped: 0.0000738 seconds, Stopping threads took: 0.0000089 seconds
[2019-12-09T01:52:43.519+0000][1][safepoint    ] Application time: 0.0000712 seconds
[2019-12-09T01:52:43.519+0000][1][safepoint    ] Entering safepoint region: RevokeBias
[2019-12-09T01:52:43.519+0000][1][safepoint    ] Leaving safepoint region
[2019-12-09T01:52:43.519+0000][1][safepoint    ] Total time for which application threads were stopped: 0.0000815 seconds, Stopping threads took: 0.0000082 seconds
[2019-12-09T01:52:43.519+0000][1][safepoint    ] Application time: 0.0000734 seconds
[2019-12-09T01:52:43.519+0000][1][safepoint    ] Entering safepoint region: RevokeBias
[2019-12-09T01:52:43.519+0000][1][safepoint    ] Leaving safepoint region
[2019-12-09T01:52:43.519+0000][1][safepoint    ] Total time for which application threads were stopped: 0.0000643 seconds, Stopping threads took: 0.0000089 seconds
[2019-12-09T01:52:43.519+0000][1][safepoint    ] Application time: 0.0000477 seconds
[2019-12-09T01:52:43.519+0000][1][safepoint    ] Entering safepoint region: RevokeBias
[2019-12-09T01:52:43.519+0000][1][safepoint    ] Leaving safepoint region
[2019-12-09T01:52:43.519+0000][1][safepoint    ] Total time for which application threads were stopped: 0.0000739 seconds, Stopping threads took: 0.0000080 seconds
[2019-12-09T01:52:43.519+0000][1][safepoint    ] Application time: 0.0003232 seconds
[2019-12-09T01:52:43.519+0000][1][safepoint    ] Entering safepoint region: RevokeBias
[2019-12-09T01:52:43.519+0000][1][safepoint    ] Leaving safepoint region
[2019-12-09T01:52:43.519+0000][1][safepoint    ] Total time for which application threads were stopped: 0.0001112 seconds, Stopping threads took: 0.0000102 seconds
[2019-12-09T01:52:43.525+0000][1][safepoint    ] Application time: 0.0052900 seconds
[2019-12-09T01:52:43.541+0000][1][safepoint    ] Entering safepoint region: RevokeBias
[2019-12-09T01:52:43.541+0000][1][safepoint    ] Leaving safepoint region
[2019-12-09T01:52:43.541+0000][1][safepoint    ] Total time for which application threads were stopped: 0.0165434 seconds, Stopping threads took: 0.0164422 seconds
[2019-12-09T01:52:43.541+0000][1][safepoint    ] Application time: 0.0001280 seconds
[2019-12-09T01:52:43.541+0000][1][safepoint    ] Entering safepoint region: RevokeBias
[2019-12-09T01:52:43.541+0000][1][safepoint    ] Leaving safepoint region
[2019-12-09T01:52:43.542+0000][1][safepoint    ] Total time for which application threads were stopped: 0.0000824 seconds, Stopping threads took: 0.0000097 seconds
[2019-12-09T01:52:43.546+0000][1][safepoint    ] Application time: 0.0043553 seconds
[2019-12-09T01:52:43.546+0000][1][safepoint    ] Entering safepoint region: RevokeBias
[2019-12-09T01:52:43.546+0000][1][safepoint    ] Leaving safepoint region
[2019-12-09T01:52:43.546+0000][1][safepoint    ] Total time for which application threads were stopped: 0.0002089 seconds, Stopping threads took: 0.0000714 seconds
[2019-12-09T01:52:43.546+0000][1][safepoint    ] Application time: 0.0000695 seconds
[2019-12-09T01:52:43.546+0000][1][safepoint    ] Entering safepoint region: RevokeBias
[2019-12-09T01:52:43.546+0000][1][safepoint    ] Leaving safepoint region
[2019-12-09T01:52:43.546+0000][1][safepoint    ] Total time for which application threads were stopped: 0.0000845 seconds, Stopping threads took: 0.0000098 seconds
[2019-12-09T01:52:43.546+0000][1][safepoint    ] Application time: 0.0001347 seconds
[2019-12-09T01:52:43.546+0000][1][safepoint    ] Entering safepoint region: RevokeBias
[2019-12-09T01:52:43.547+0000][1][safepoint    ] Leaving safepoint region
[2019-12-09T01:52:43.547+0000][1][safepoint    ] Total time for which application threads were stopped: 0.0001208 seconds, Stopping threads took: 0.0000097 seconds
[2019-12-09T01:52:43.552+0000][1][safepoint    ] Application time: 0.0055067 seconds
[2019-12-09T01:52:43.552+0000][1][safepoint    ] Entering safepoint region: RevokeBias
[2019-12-09T01:52:43.552+0000][1][safepoint    ] Leaving safepoint region
[2019-12-09T01:52:43.552+0000][1][safepoint    ] Total time for which application threads were stopped: 0.0000842 seconds, Stopping threads took: 0.0000124 seconds
[2019-12-09T01:52:43.552+0000][1][safepoint    ] Application time: 0.0000978 seconds
[2019-12-09T01:52:43.552+0000][1][safepoint    ] Entering safepoint region: RevokeBias
[2019-12-09T01:52:43.552+0000][1][safepoint    ] Leaving safepoint region
[2019-12-09T01:52:43.552+0000][1][safepoint    ] Total time for which application threads were stopped: 0.0000846 seconds, Stopping threads took: 0.0000095 seconds
[2019-12-09T01:52:43.553+0000][1][safepoint    ] Application time: 0.0010198 seconds
[2019-12-09T01:52:43.553+0000][1][safepoint    ] Entering safepoint region: RevokeBias
[2019-12-09T01:52:43.554+0000][1][safepoint    ] Leaving safepoint region
[2019-12-09T01:52:43.554+0000][1][safepoint    ] Total time for which application threads were stopped: 0.0000904 seconds, Stopping threads took: 0.0000123 seconds
[2019-12-09T01:52:43.554+0000][1][safepoint    ] Application time: 0.0002535 seconds
[2019-12-09T01:52:43.554+0000][1][safepoint    ] Entering safepoint region: RevokeBias
[2019-12-09T01:52:43.554+0000][1][safepoint    ] Leaving safepoint region
[2019-12-09T01:52:43.554+0000][1][safepoint    ] Total time for which application threads were stopped: 0.0000894 seconds, Stopping threads took: 0.0000246 seconds
[2019-12-09T01:52:43.554+0000][1][safepoint    ] Application time: 0.0001278 seconds
[2019-12-09T01:52:43.554+0000][1][safepoint    ] Entering safepoint region: RevokeBias
[2019-12-09T01:52:43.554+0000][1][safepoint    ] Leaving safepoint region
[2019-12-09T01:52:43.554+0000][1][safepoint    ] Total time for which application threads were stopped: 0.0001098 seconds, Stopping threads took: 0.0000093 seconds
[2019-12-09T01:52:43.554+0000][1][safepoint    ] Application time: 0.0000921 seconds
[2019-12-09T01:52:43.554+0000][1][safepoint    ] Entering safepoint region: RevokeBias
[2019-12-09T01:52:43.554+0000][1][safepoint    ] Leaving safepoint region
[2019-12-09T01:52:43.554+0000][1][safepoint    ] Total time for which application threads were stopped: 0.0000641 seconds, Stopping threads took: 0.0000095 seconds
[2019-12-09T01:52:43.554+0000][1][safepoint    ] Application time: 0.0000366 seconds
[2019-12-09T01:52:43.554+0000][1][safepoint    ] Entering safepoint region: RevokeBias
[2019-12-09T01:52:43.554+0000][1][safepoint    ] Leaving safepoint region
[2019-12-09T01:52:43.554+0000][1][safepoint    ] Total time for which application threads were stopped: 0.0000576 seconds, Stopping threads took: 0.0000087 seconds
[2019-12-09T01:52:43.555+0000][1][safepoint    ] Application time: 0.0005841 seconds
[2019-12-09T01:52:43.555+0000][1][safepoint    ] Entering safepoint region: RevokeBias
[2019-12-09T01:52:43.555+0000][1][safepoint    ] Leaving safepoint region
[2019-12-09T01:52:43.555+0000][1][safepoint    ] Total time for which application threads were stopped: 0.0000776 seconds, Stopping threads took: 0.0000125 seconds
[2019-12-09T01:52:43.555+0000][1][safepoint    ] Application time: 0.0000453 seconds
[2019-12-09T01:52:43.555+0000][1][safepoint    ] Entering safepoint region: RevokeBias
[2019-12-09T01:52:43.555+0000][1][safepoint    ] Leaving safepoint region
[2019-12-09T01:52:43.555+0000][1][safepoint    ] Total time for which application threads were stopped: 0.0000744 seconds, Stopping threads took: 0.0000094 seconds
[2019-12-09T01:52:43.556+0000][1][safepoint    ] Application time: 0.0005123 seconds
[2019-12-09T01:52:43.556+0000][1][safepoint    ] Entering safepoint region: RevokeBias
[2019-12-09T01:52:43.556+0000][1][safepoint    ] Leaving safepoint region
[2019-12-09T01:52:43.556+0000][1][safepoint    ] Total time for which application threads were stopped: 0.0000882 seconds, Stopping threads took: 0.0000115 seconds
[2019-12-09T01:52:43.572+0000][1][safepoint    ] Application time: 0.0159331 seconds
[2019-12-09T01:52:43.577+0000][1][safepoint    ] Entering safepoint region: RevokeBias
[2019-12-09T01:52:43.577+0000][1][safepoint    ] Leaving safepoint region
[2019-12-09T01:52:43.577+0000][1][safepoint    ] Total time for which application threads were stopped: 0.0050006 seconds, Stopping threads took: 0.0049320 seconds
[2019-12-09T01:52:43.584+0000][1][safepoint    ] Application time: 0.0074796 seconds
[2019-12-09T01:52:43.584+0000][1][safepoint    ] Entering safepoint region: RevokeBias
[2019-12-09T01:52:43.584+0000][1][safepoint    ] Leaving safepoint region
[2019-12-09T01:52:43.584+0000][1][safepoint    ] Total time for which application threads were stopped: 0.0000675 seconds, Stopping threads took: 0.0000131 seconds
[2019-12-09T01:52:43.594+0000][1][safepoint    ] Application time: 0.0092686 seconds
[2019-12-09T01:52:43.594+0000][1][safepoint    ] Entering safepoint region: RevokeBias
[2019-12-09T01:52:43.594+0000][1][safepoint    ] Leaving safepoint region
[2019-12-09T01:52:43.594+0000][1][safepoint    ] Total time for which application threads were stopped: 0.0000671 seconds, Stopping threads took: 0.0000135 seconds
[2019-12-09T01:52:43.595+0000][1][safepoint    ] Application time: 0.0013395 seconds
[2019-12-09T01:52:43.595+0000][1][safepoint    ] Entering safepoint region: RevokeBias
[2019-12-09T01:52:43.595+0000][1][safepoint    ] Leaving safepoint region
[2019-12-09T01:52:43.595+0000][1][safepoint    ] Total time for which application threads were stopped: 0.0000725 seconds, Stopping threads took: 0.0000118 seconds
[2019-12-09T01:52:43.595+0000][1][safepoint    ] Application time: 0.0001584 seconds
[2019-12-09T01:52:43.595+0000][1][safepoint    ] Entering safepoint region: RevokeBias
[2019-12-09T01:52:43.595+0000][1][safepoint    ] Leaving safepoint region
[2019-12-09T01:52:43.595+0000][1][safepoint    ] Total time for which application threads were stopped: 0.0000541 seconds, Stopping threads took: 0.0000098 seconds
[2019-12-09T01:52:43.614+0000][1][safepoint    ] Application time: 0.0188096 seconds
[2019-12-09T01:52:43.614+0000][1][safepoint    ] Entering safepoint region: RevokeBias
[2019-12-09T01:52:43.614+0000][1][safepoint    ] Leaving safepoint region
[2019-12-09T01:52:43.614+0000][1][safepoint    ] Total time for which application threads were stopped: 0.0000728 seconds, Stopping threads took: 0.0000126 seconds
[2019-12-09T01:52:43.614+0000][1][safepoint    ] Application time: 0.0000833 seconds
[2019-12-09T01:52:43.614+0000][1][safepoint    ] Entering safepoint region: RevokeBias
[2019-12-09T01:52:43.615+0000][1][safepoint    ] Leaving safepoint region
[2019-12-09T01:52:43.615+0000][1][safepoint    ] Total time for which application threads were stopped: 0.0000450 seconds, Stopping threads took: 0.0000087 seconds
[2019-12-09T01:52:43.616+0000][1][safepoint    ] Application time: 0.0016657 seconds
[2019-12-09T01:52:43.616+0000][1][safepoint    ] Entering safepoint region: RevokeBias
[2019-12-09T01:52:43.616+0000][1][safepoint    ] Leaving safepoint region
[2019-12-09T01:52:43.616+0000][1][safepoint    ] Total time for which application threads were stopped: 0.0000732 seconds, Stopping threads took: 0.0000112 seconds
[2019-12-09T01:52:43.617+0000][1][safepoint    ] Application time: 0.0002778 seconds
[2019-12-09T01:52:43.617+0000][1][safepoint    ] Entering safepoint region: RevokeBias
[2019-12-09T01:52:43.617+0000][1][safepoint    ] Leaving safepoint region
[2019-12-09T01:52:43.617+0000][1][safepoint    ] Total time for which application threads were stopped: 0.0000540 seconds, Stopping threads took: 0.0000093 seconds
[2019-12-09T01:52:43.623+0000][1][safepoint    ] Application time: 0.0063359 seconds
[2019-12-09T01:52:43.623+0000][1][safepoint    ] Entering safepoint region: RevokeBias
[2019-12-09T01:52:43.623+0000][1][safepoint    ] Leaving safepoint region
[2019-12-09T01:52:43.623+0000][1][safepoint    ] Total time for which application threads were stopped: 0.0000654 seconds, Stopping threads took: 0.0000125 seconds
[2019-12-09T01:52:43.625+0000][1][safepoint    ] Application time: 0.0014894 seconds
[2019-12-09T01:52:43.625+0000][1][safepoint    ] Entering safepoint region: RevokeBias
[2019-12-09T01:52:43.625+0000][1][safepoint    ] Leaving safepoint region
[2019-12-09T01:52:43.625+0000][1][safepoint    ] Total time for which application threads were stopped: 0.0000847 seconds, Stopping threads took: 0.0000107 seconds
[2019-12-09T01:52:43.636+0000][1][safepoint    ] Application time: 0.0111328 seconds
[2019-12-09T01:52:43.636+0000][1][safepoint    ] Entering safepoint region: RevokeBias
[2019-12-09T01:52:43.636+0000][1][safepoint    ] Leaving safepoint region
[2019-12-09T01:52:43.636+0000][1][safepoint    ] Total time for which application threads were stopped: 0.0000656 seconds, Stopping threads took: 0.0000128 seconds
[2019-12-09T01:52:43.636+0000][1][safepoint    ] Application time: 0.0000865 seconds
[2019-12-09T01:52:43.636+0000][1][safepoint    ] Entering safepoint region: RevokeBias
[2019-12-09T01:52:43.636+0000][1][safepoint    ] Leaving safepoint region
[2019-12-09T01:52:43.636+0000][1][safepoint    ] Total time for which application threads were stopped: 0.0000553 seconds, Stopping threads took: 0.0000094 seconds
[2019-12-09T01:52:43.637+0000][1][safepoint    ] Application time: 0.0008975 seconds
[2019-12-09T01:52:43.637+0000][1][safepoint    ] Entering safepoint region: RevokeBias
[2019-12-09T01:52:43.637+0000][1][safepoint    ] Leaving safepoint region
[2019-12-09T01:52:43.637+0000][1][safepoint    ] Total time for which application threads were stopped: 0.0000725 seconds, Stopping threads took: 0.0000119 seconds
[2019-12-09T01:52:43.637+0000][1][safepoint    ] Application time: 0.0001877 seconds
[2019-12-09T01:52:43.637+0000][1][safepoint    ] Entering safepoint region: RevokeBias
[2019-12-09T01:52:43.637+0000][1][safepoint    ] Leaving safepoint region
[2019-12-09T01:52:43.637+0000][1][safepoint    ] Total time for which application threads were stopped: 0.0000589 seconds, Stopping threads took: 0.0000113 seconds
[2019-12-09T01:52:43.638+0000][1][safepoint    ] Application time: 0.0005015 seconds
[2019-12-09T01:52:43.638+0000][1][safepoint    ] Entering safepoint region: RevokeBias
[2019-12-09T01:52:43.638+0000][1][safepoint    ] Leaving safepoint region
[2019-12-09T01:52:43.638+0000][1][safepoint    ] Total time for which application threads were stopped: 0.0000748 seconds, Stopping threads took: 0.0000132 seconds
[2019-12-09T01:52:43.639+0000][1][safepoint    ] Application time: 0.0010576 seconds
[2019-12-09T01:52:43.639+0000][1][safepoint    ] Entering safepoint region: RevokeBias
[2019-12-09T01:52:43.639+0000][1][safepoint    ] Leaving safepoint region
[2019-12-09T01:52:43.639+0000][1][safepoint    ] Total time for which application threads were stopped: 0.0000718 seconds, Stopping threads took: 0.0000123 seconds
[2019-12-09T01:52:43.639+0000][1][safepoint    ] Application time: 0.0001815 seconds
[2019-12-09T01:52:43.639+0000][1][safepoint    ] Entering safepoint region: RevokeBias
[2019-12-09T01:52:43.639+0000][1][safepoint    ] Leaving safepoint region
[2019-12-09T01:52:43.639+0000][1][safepoint    ] Total time for which application threads were stopped: 0.0000526 seconds, Stopping threads took: 0.0000090 seconds
[2019-12-09T01:52:43.639+0000][1][safepoint    ] Application time: 0.0001142 seconds
[2019-12-09T01:52:43.640+0000][1][safepoint    ] Entering safepoint region: RevokeBias
[2019-12-09T01:52:43.640+0000][1][safepoint    ] Leaving safepoint region
[2019-12-09T01:52:43.640+0000][1][safepoint    ] Total time for which application threads were stopped: 0.0000495 seconds, Stopping threads took: 0.0000089 seconds
[2019-12-09T01:52:43.752+0000][1][safepoint    ] Application time: 0.1123541 seconds
[2019-12-09T01:52:43.752+0000][1][safepoint    ] Entering safepoint region: RevokeBias
[2019-12-09T01:52:43.752+0000][1][safepoint    ] Leaving safepoint region
[2019-12-09T01:52:43.752+0000][1][safepoint    ] Total time for which application threads were stopped: 0.0001041 seconds, Stopping threads took: 0.0000143 seconds
[2019-12-09T01:52:43.888+0000][1][safepoint    ] Application time: 0.1357757 seconds
[2019-12-09T01:52:43.888+0000][1][safepoint    ] Entering safepoint region: RevokeBias
[2019-12-09T01:52:43.888+0000][1][safepoint    ] Leaving safepoint region
[2019-12-09T01:52:43.888+0000][1][safepoint    ] Total time for which application threads were stopped: 0.0000928 seconds, Stopping threads took: 0.0000190 seconds
[2019-12-09T01:52:43.940+0000][1][safepoint    ] Application time: 0.0521074 seconds
[2019-12-09T01:52:43.940+0000][1][safepoint    ] Entering safepoint region: BulkRevokeBias
[2019-12-09T01:52:43.941+0000][1][safepoint    ] Leaving safepoint region
[2019-12-09T01:52:43.941+0000][1][safepoint    ] Total time for which application threads were stopped: 0.0004933 seconds, Stopping threads took: 0.0002409 seconds
[2019-12-09T01:52:43.941+0000][1][safepoint    ] Application time: 0.0001469 seconds
[2019-12-09T01:52:43.941+0000][1][safepoint    ] Entering safepoint region: RevokeBias
[2019-12-09T01:52:43.941+0000][1][safepoint    ] Leaving safepoint region
[2019-12-09T01:52:43.941+0000][1][safepoint    ] Total time for which application threads were stopped: 0.0000712 seconds, Stopping threads took: 0.0000108 seconds
[2019-12-09T01:52:43.987+0000][1][safepoint    ] Application time: 0.0458983 seconds
[2019-12-09T01:52:43.987+0000][1][safepoint    ] Entering safepoint region: RevokeBias
[2019-12-09T01:52:43.987+0000][1][safepoint    ] Leaving safepoint region
[2019-12-09T01:52:43.987+0000][1][safepoint    ] Total time for which application threads were stopped: 0.0001851 seconds, Stopping threads took: 0.0000907 seconds
[2019-12-09T01:52:43.988+0000][1][safepoint    ] Application time: 0.0006416 seconds
[2019-12-09T01:52:43.988+0000][1][safepoint    ] Entering safepoint region: RevokeBias
[2019-12-09T01:52:43.988+0000][1][safepoint    ] Leaving safepoint region
[2019-12-09T01:52:43.988+0000][1][safepoint    ] Total time for which application threads were stopped: 0.0001092 seconds, Stopping threads took: 0.0000298 seconds
[2019-12-09T01:52:43.988+0000][1][safepoint    ] Application time: 0.0006864 seconds
[2019-12-09T01:52:43.988+0000][1][safepoint    ] Entering safepoint region: RevokeBias
[2019-12-09T01:52:43.989+0000][1][safepoint    ] Leaving safepoint region
[2019-12-09T01:52:43.989+0000][1][safepoint    ] Total time for which application threads were stopped: 0.0000664 seconds, Stopping threads took: 0.0000110 seconds
[2019-12-09T01:52:43.989+0000][1][safepoint    ] Application time: 0.0005862 seconds
[2019-12-09T01:52:43.989+0000][1][safepoint    ] Entering safepoint region: RevokeBias
[2019-12-09T01:52:43.989+0000][1][safepoint    ] Leaving safepoint region
[2019-12-09T01:52:43.989+0000][1][safepoint    ] Total time for which application threads were stopped: 0.0000547 seconds, Stopping threads took: 0.0000109 seconds
[2019-12-09T01:52:43.989+0000][1][safepoint    ] Application time: 0.0000849 seconds
[2019-12-09T01:52:43.989+0000][1][safepoint    ] Entering safepoint region: RevokeBias
[2019-12-09T01:52:43.989+0000][1][safepoint    ] Leaving safepoint region
[2019-12-09T01:52:43.989+0000][1][safepoint    ] Total time for which application threads were stopped: 0.0000459 seconds, Stopping threads took: 0.0000095 seconds
[2019-12-09T01:52:43.989+0000][1][safepoint    ] Application time: 0.0000693 seconds
[2019-12-09T01:52:43.989+0000][1][safepoint    ] Entering safepoint region: RevokeBias
[2019-12-09T01:52:43.989+0000][1][safepoint    ] Leaving safepoint region
[2019-12-09T01:52:43.989+0000][1][safepoint    ] Total time for which application threads were stopped: 0.0000443 seconds, Stopping threads took: 0.0000087 seconds
[2019-12-09T01:52:44.003+0000][1][safepoint    ] Application time: 0.0138174 seconds
[2019-12-09T01:52:44.004+0000][1][safepoint    ] Entering safepoint region: RevokeBias
[2019-12-09T01:52:44.004+0000][1][safepoint    ] Leaving safepoint region
[2019-12-09T01:52:44.004+0000][1][safepoint    ] Total time for which application threads were stopped: 0.0003155 seconds, Stopping threads took: 0.0002496 seconds
[2019-12-09T01:52:44.004+0000][1][safepoint    ] Application time: 0.0003082 seconds
[2019-12-09T01:52:44.004+0000][1][safepoint    ] Entering safepoint region: RevokeBias
[2019-12-09T01:52:44.004+0000][1][safepoint    ] Leaving safepoint region
[2019-12-09T01:52:44.004+0000][1][safepoint    ] Total time for which application threads were stopped: 0.0000627 seconds, Stopping threads took: 0.0000125 seconds
[2019-12-09T01:52:44.012+0000][1][safepoint    ] Application time: 0.0076206 seconds
[2019-12-09T01:52:44.012+0000][1][safepoint    ] Entering safepoint region: RevokeBias
[2019-12-09T01:52:44.012+0000][1][safepoint    ] Leaving safepoint region
[2019-12-09T01:52:44.012+0000][1][safepoint    ] Total time for which application threads were stopped: 0.0001395 seconds, Stopping threads took: 0.0000832 seconds
[2019-12-09T01:52:44.018+0000][1][safepoint    ] Application time: 0.0061568 seconds
[2019-12-09T01:52:44.053+0000][1][safepoint    ] Entering safepoint region: RevokeBias
[2019-12-09T01:52:44.053+0000][1][safepoint    ] Leaving safepoint region
[2019-12-09T01:52:44.053+0000][1][safepoint    ] Total time for which application threads were stopped: 0.0349008 seconds, Stopping threads took: 0.0348138 seconds
[2019-12-09T01:52:44.053+0000][1][safepoint    ] Application time: 0.0004836 seconds
[2019-12-09T01:52:44.053+0000][1][safepoint    ] Entering safepoint region: RevokeBias
[2019-12-09T01:52:44.054+0000][1][safepoint    ] Leaving safepoint region
[2019-12-09T01:52:44.054+0000][1][safepoint    ] Total time for which application threads were stopped: 0.0000727 seconds, Stopping threads took: 0.0000152 seconds
[2019-12-09T01:52:44.054+0000][1][safepoint    ] Application time: 0.0000676 seconds
[2019-12-09T01:52:44.054+0000][1][safepoint    ] Entering safepoint region: RevokeBias
[2019-12-09T01:52:44.054+0000][1][safepoint    ] Leaving safepoint region
[2019-12-09T01:52:44.054+0000][1][safepoint    ] Total time for which application threads were stopped: 0.0000688 seconds, Stopping threads took: 0.0000094 seconds
[2019-12-09T01:52:44.054+0000][1][safepoint    ] Application time: 0.0000570 seconds
[2019-12-09T01:52:44.054+0000][1][safepoint    ] Entering safepoint region: RevokeBias
[2019-12-09T01:52:44.054+0000][1][safepoint    ] Leaving safepoint region
[2019-12-09T01:52:44.054+0000][1][safepoint    ] Total time for which application threads were stopped: 0.0000469 seconds, Stopping threads took: 0.0000096 seconds
[2019-12-09T01:52:44.338+0000][1][safepoint    ] Application time: 0.2845325 seconds
[2019-12-09T01:52:44.338+0000][1][safepoint    ] Entering safepoint region: RevokeBias
[2019-12-09T01:52:44.339+0000][1][safepoint    ] Leaving safepoint region
[2019-12-09T01:52:44.339+0000][1][safepoint    ] Total time for which application threads were stopped: 0.0001070 seconds, Stopping threads took: 0.0000182 seconds
[2019-12-09T01:52:44.430+0000][1][safepoint    ] Application time: 0.0916528 seconds
[2019-12-09T01:52:44.430+0000][1][safepoint    ] Entering safepoint region: RevokeBias
[2019-12-09T01:52:44.430+0000][1][safepoint    ] Leaving safepoint region
[2019-12-09T01:52:44.430+0000][1][safepoint    ] Total time for which application threads were stopped: 0.0000838 seconds, Stopping threads took: 0.0000180 seconds
[2019-12-09T01:52:44.845+0000][1][safepoint    ] Application time: 0.4143065 seconds
[2019-12-09T01:52:44.845+0000][1][safepoint    ] Entering safepoint region: RevokeBias
[2019-12-09T01:52:44.845+0000][1][safepoint    ] Leaving safepoint region
[2019-12-09T01:52:44.845+0000][1][safepoint    ] Total time for which application threads were stopped: 0.0000980 seconds, Stopping threads took: 0.0000164 seconds
[2019-12-09T01:52:44.845+0000][1][safepoint    ] Application time: 0.0004202 seconds
[2019-12-09T01:52:44.845+0000][1][safepoint    ] Entering safepoint region: RevokeBias
[2019-12-09T01:52:44.845+0000][1][safepoint    ] Leaving safepoint region
[2019-12-09T01:52:44.845+0000][1][safepoint    ] Total time for which application threads were stopped: 0.0000642 seconds, Stopping threads took: 0.0000135 seconds
[2019-12-09T01:52:45.014+0000][1][safepoint    ] Application time: 0.1686140 seconds
[2019-12-09T01:52:45.053+0000][1][safepoint    ] Entering safepoint region: RevokeBias
[2019-12-09T01:52:45.053+0000][1][safepoint    ] Leaving safepoint region
[2019-12-09T01:52:45.053+0000][1][safepoint    ] Total time for which application threads were stopped: 0.0393616 seconds, Stopping threads took: 0.0392307 seconds
[2019-12-09T01:52:45.055+0000][1][safepoint    ] Application time: 0.0017118 seconds
[2019-12-09T01:52:45.055+0000][1][safepoint    ] Entering safepoint region: RevokeBias
[2019-12-09T01:52:45.055+0000][1][safepoint    ] Leaving safepoint region
[2019-12-09T01:52:45.055+0000][1][safepoint    ] Total time for which application threads were stopped: 0.0000764 seconds, Stopping threads took: 0.0000144 seconds
[2019-12-09T01:52:45.056+0000][1][safepoint    ] Application time: 0.0003927 seconds
[2019-12-09T01:52:45.056+0000][1][safepoint    ] Entering safepoint region: RevokeBias
[2019-12-09T01:52:45.056+0000][1][safepoint    ] Leaving safepoint region
[2019-12-09T01:52:45.056+0000][1][safepoint    ] Total time for which application threads were stopped: 0.0000794 seconds, Stopping threads took: 0.0000096 seconds
[2019-12-09T01:52:45.056+0000][1][safepoint    ] Application time: 0.0008070 seconds
[2019-12-09T01:52:45.056+0000][1][safepoint    ] Entering safepoint region: RevokeBias
[2019-12-09T01:52:45.057+0000][1][safepoint    ] Leaving safepoint region
[2019-12-09T01:52:45.057+0000][1][safepoint    ] Total time for which application threads were stopped: 0.0000848 seconds, Stopping threads took: 0.0000113 seconds
[2019-12-09T01:52:45.058+0000][1][safepoint    ] Application time: 0.0012343 seconds
[2019-12-09T01:52:45.058+0000][1][safepoint    ] Entering safepoint region: RevokeBias
[2019-12-09T01:52:45.058+0000][1][safepoint    ] Leaving safepoint region
[2019-12-09T01:52:45.058+0000][1][safepoint    ] Total time for which application threads were stopped: 0.0000917 seconds, Stopping threads took: 0.0000132 seconds
[2019-12-09T01:52:45.059+0000][1][safepoint    ] Application time: 0.0008712 seconds
[2019-12-09T01:52:45.059+0000][1][safepoint    ] Entering safepoint region: RevokeBias
[2019-12-09T01:52:45.059+0000][1][safepoint    ] Leaving safepoint region
[2019-12-09T01:52:45.059+0000][1][safepoint    ] Total time for which application threads were stopped: 0.0000607 seconds, Stopping threads took: 0.0000133 seconds
[2019-12-09T01:52:45.060+0000][1][safepoint    ] Application time: 0.0011748 seconds
[2019-12-09T01:52:45.060+0000][1][safepoint    ] Entering safepoint region: RevokeBias
[2019-12-09T01:52:45.060+0000][1][safepoint    ] Leaving safepoint region
[2019-12-09T01:52:45.060+0000][1][safepoint    ] Total time for which application threads were stopped: 0.0000608 seconds, Stopping threads took: 0.0000112 seconds
[2019-12-09T01:52:45.060+0000][1][safepoint    ] Application time: 0.0000800 seconds
[2019-12-09T01:52:45.060+0000][1][safepoint    ] Entering safepoint region: RevokeBias
[2019-12-09T01:52:45.060+0000][1][safepoint    ] Leaving safepoint region
[2019-12-09T01:52:45.060+0000][1][safepoint    ] Total time for which application threads were stopped: 0.0000485 seconds, Stopping threads took: 0.0000090 seconds
[2019-12-09T01:52:45.060+0000][1][safepoint    ] Application time: 0.0001284 seconds
[2019-12-09T01:52:45.060+0000][1][safepoint    ] Entering safepoint region: RevokeBias
[2019-12-09T01:52:45.060+0000][1][safepoint    ] Leaving safepoint region
[2019-12-09T01:52:45.060+0000][1][safepoint    ] Total time for which application threads were stopped: 0.0000438 seconds, Stopping threads took: 0.0000084 seconds
[2019-12-09T01:52:45.096+0000][1][safepoint    ] Application time: 0.0352937 seconds
[2019-12-09T01:52:45.096+0000][1][safepoint    ] Entering safepoint region: RevokeBias
[2019-12-09T01:52:45.096+0000][1][safepoint    ] Leaving safepoint region
[2019-12-09T01:52:45.096+0000][1][safepoint    ] Total time for which application threads were stopped: 0.0000844 seconds, Stopping threads took: 0.0000146 seconds
[2019-12-09T01:52:45.134+0000][1][safepoint    ] Application time: 0.0379974 seconds
[2019-12-09T01:52:45.134+0000][1][safepoint    ] Entering safepoint region: RevokeBias
[2019-12-09T01:52:45.134+0000][1][safepoint    ] Leaving safepoint region
[2019-12-09T01:52:45.134+0000][1][safepoint    ] Total time for which application threads were stopped: 0.0000787 seconds, Stopping threads took: 0.0000161 seconds
[2019-12-09T01:52:45.856+0000][1][safepoint    ] Application time: 0.7222657 seconds
[2019-12-09T01:52:45.856+0000][1][safepoint    ] Entering safepoint region: RevokeBias
[2019-12-09T01:52:45.856+0000][1][safepoint    ] Leaving safepoint region
[2019-12-09T01:52:45.856+0000][1][safepoint    ] Total time for which application threads were stopped: 0.0000811 seconds, Stopping threads took: 0.0000181 seconds
[2019-12-09T01:52:45.857+0000][1][safepoint    ] Application time: 0.0004528 seconds
[2019-12-09T01:52:45.857+0000][1][safepoint    ] Entering safepoint region: RevokeBias
[2019-12-09T01:52:45.857+0000][1][safepoint    ] Leaving safepoint region
[2019-12-09T01:52:45.857+0000][1][safepoint    ] Total time for which application threads were stopped: 0.0000704 seconds, Stopping threads took: 0.0000150 seconds
[2019-12-09T01:52:45.857+0000][1][safepoint    ] Application time: 0.0004531 seconds
[2019-12-09T01:52:45.857+0000][1][safepoint    ] Entering safepoint region: RevokeBias
[2019-12-09T01:52:45.857+0000][1][safepoint    ] Leaving safepoint region
[2019-12-09T01:52:45.857+0000][1][safepoint    ] Total time for which application threads were stopped: 0.0000565 seconds, Stopping threads took: 0.0000128 seconds
[2019-12-09T01:52:46.000+0000][1][safepoint    ] Application time: 0.1424944 seconds
[2019-12-09T01:52:46.011+0000][1][safepoint    ] Entering safepoint region: RevokeBias
[2019-12-09T01:52:46.011+0000][1][safepoint    ] Leaving safepoint region
[2019-12-09T01:52:46.011+0000][1][safepoint    ] Total time for which application threads were stopped: 0.0108649 seconds, Stopping threads took: 0.0107723 seconds
[2019-12-09T01:52:46.011+0000][1][safepoint    ] Application time: 0.0003947 seconds
[2019-12-09T01:52:46.011+0000][1][safepoint    ] Entering safepoint region: RevokeBias
[2019-12-09T01:52:46.011+0000][1][safepoint    ] Leaving safepoint region
[2019-12-09T01:52:46.011+0000][1][safepoint    ] Total time for which application threads were stopped: 0.0000723 seconds, Stopping threads took: 0.0000118 seconds
[2019-12-09T01:52:46.012+0000][1][safepoint    ] Application time: 0.0005516 seconds
[2019-12-09T01:52:46.012+0000][1][safepoint    ] Entering safepoint region: RevokeBias
[2019-12-09T01:52:46.012+0000][1][safepoint    ] Leaving safepoint region
[2019-12-09T01:52:46.012+0000][1][safepoint    ] Total time for which application threads were stopped: 0.0000707 seconds, Stopping threads took: 0.0000129 seconds
[2019-12-09T01:52:46.041+0000][1][safepoint    ] Application time: 0.0287391 seconds
[2019-12-09T01:52:46.041+0000][1][safepoint    ] Entering safepoint region: RevokeBias
[2019-12-09T01:52:46.041+0000][1][safepoint    ] Leaving safepoint region
[2019-12-09T01:52:46.041+0000][1][safepoint    ] Total time for which application threads were stopped: 0.0001219 seconds, Stopping threads took: 0.0000671 seconds
[2019-12-09T01:52:46.043+0000][1][safepoint    ] Application time: 0.0020315 seconds
[2019-12-09T01:52:46.043+0000][1][safepoint    ] Entering safepoint region: RevokeBias
[2019-12-09T01:52:46.043+0000][1][safepoint    ] Leaving safepoint region
[2019-12-09T01:52:46.043+0000][1][safepoint    ] Total time for which application threads were stopped: 0.0001160 seconds, Stopping threads took: 0.0000556 seconds
[2019-12-09T01:52:46.045+0000][1][safepoint    ] Application time: 0.0023165 seconds
[2019-12-09T01:52:46.045+0000][1][safepoint    ] Entering safepoint region: BulkRevokeBias
[2019-12-09T01:52:46.046+0000][1][safepoint    ] Leaving safepoint region
[2019-12-09T01:52:46.046+0000][1][safepoint    ] Total time for which application threads were stopped: 0.0005091 seconds, Stopping threads took: 0.0000544 seconds
[2019-12-09T01:52:46.046+0000][1][safepoint    ] Application time: 0.0005561 seconds
[2019-12-09T01:52:46.047+0000][1][safepoint    ] Entering safepoint region: RevokeBias
[2019-12-09T01:52:46.047+0000][1][safepoint    ] Leaving safepoint region
[2019-12-09T01:52:46.047+0000][1][safepoint    ] Total time for which application threads were stopped: 0.0000734 seconds, Stopping threads took: 0.0000122 seconds
[2019-12-09T01:52:46.047+0000][1][safepoint    ] Application time: 0.0003672 seconds
[2019-12-09T01:52:46.047+0000][1][safepoint    ] Entering safepoint region: RevokeBias
[2019-12-09T01:52:46.047+0000][1][safepoint    ] Leaving safepoint region
[2019-12-09T01:52:46.047+0000][1][safepoint    ] Total time for which application threads were stopped: 0.0000638 seconds, Stopping threads took: 0.0000119 seconds
[2019-12-09T01:52:46.048+0000][1][safepoint    ] Application time: 0.0009741 seconds
[2019-12-09T01:52:46.048+0000][1][safepoint    ] Entering safepoint region: RevokeBias
[2019-12-09T01:52:46.048+0000][1][safepoint    ] Leaving safepoint region
[2019-12-09T01:52:46.048+0000][1][safepoint    ] Total time for which application threads were stopped: 0.0000513 seconds, Stopping threads took: 0.0000122 seconds
[2019-12-09T01:52:46.048+0000][1][safepoint    ] Application time: 0.0000499 seconds
[2019-12-09T01:52:46.048+0000][1][safepoint    ] Entering safepoint region: RevokeBias
[2019-12-09T01:52:46.048+0000][1][safepoint    ] Leaving safepoint region
[2019-12-09T01:52:46.048+0000][1][safepoint    ] Total time for which application threads were stopped: 0.0000418 seconds, Stopping threads took: 0.0000093 seconds
[2019-12-09T01:52:46.048+0000][1][safepoint    ] Application time: 0.0000390 seconds
[2019-12-09T01:52:46.048+0000][1][safepoint    ] Entering safepoint region: RevokeBias
[2019-12-09T01:52:46.048+0000][1][safepoint    ] Leaving safepoint region
[2019-12-09T01:52:46.048+0000][1][safepoint    ] Total time for which application threads were stopped: 0.0000406 seconds, Stopping threads took: 0.0000092 seconds
[2019-12-09T01:52:46.056+0000][1][safepoint    ] Application time: 0.0077044 seconds
[2019-12-09T01:52:46.056+0000][1][safepoint    ] Entering safepoint region: RevokeBias
[2019-12-09T01:52:46.056+0000][1][safepoint    ] Leaving safepoint region
[2019-12-09T01:52:46.056+0000][1][safepoint    ] Total time for which application threads were stopped: 0.0000496 seconds, Stopping threads took: 0.0000105 seconds
[2019-12-09T01:52:46.065+0000][1][safepoint    ] Application time: 0.0090209 seconds
[2019-12-09T01:52:46.065+0000][1][safepoint    ] Entering safepoint region: RevokeBias
[2019-12-09T01:52:46.065+0000][1][safepoint    ] Leaving safepoint region
[2019-12-09T01:52:46.065+0000][1][safepoint    ] Total time for which application threads were stopped: 0.0000499 seconds, Stopping threads took: 0.0000118 seconds
[2019-12-09T01:52:46.350+0000][1][safepoint    ] Application time: 0.2851397 seconds
[2019-12-09T01:52:46.350+0000][1][safepoint    ] Entering safepoint region: BulkRevokeBias
[2019-12-09T01:52:46.351+0000][1][safepoint    ] Leaving safepoint region
[2019-12-09T01:52:46.351+0000][1][safepoint    ] Total time for which application threads were stopped: 0.0002918 seconds, Stopping threads took: 0.0000186 seconds
[2019-12-09T01:52:46.351+0000][1][safepoint    ] Application time: 0.0005045 seconds
[2019-12-09T01:52:46.351+0000][1][safepoint    ] Entering safepoint region: RevokeBias
[2019-12-09T01:52:46.351+0000][1][safepoint    ] Leaving safepoint region
[2019-12-09T01:52:46.351+0000][1][safepoint    ] Total time for which application threads were stopped: 0.0000646 seconds, Stopping threads took: 0.0000152 seconds
[2019-12-09T01:52:46.605+0000][1][safepoint    ] Application time: 0.2538585 seconds
[2019-12-09T01:52:46.605+0000][1][safepoint    ] Entering safepoint region: RevokeBias
[2019-12-09T01:52:46.605+0000][1][safepoint    ] Leaving safepoint region
[2019-12-09T01:52:46.605+0000][1][safepoint    ] Total time for which application threads were stopped: 0.0000910 seconds, Stopping threads took: 0.0000205 seconds
[2019-12-09T01:52:46.859+0000][1][safepoint    ] Application time: 0.2534985 seconds
[2019-12-09T01:52:46.859+0000][1][safepoint    ] Entering safepoint region: RevokeBias
[2019-12-09T01:52:46.859+0000][1][safepoint    ] Leaving safepoint region
[2019-12-09T01:52:46.859+0000][1][safepoint    ] Total time for which application threads were stopped: 0.0000976 seconds, Stopping threads took: 0.0000163 seconds
[2019-12-09T01:52:46.878+0000][1][safepoint    ] Application time: 0.0188850 seconds
[2019-12-09T01:52:46.878+0000][1][safepoint    ] Entering safepoint region: RevokeBias
[2019-12-09T01:52:46.878+0000][1][safepoint    ] Leaving safepoint region
[2019-12-09T01:52:46.878+0000][1][safepoint    ] Total time for which application threads were stopped: 0.0000750 seconds, Stopping threads took: 0.0000168 seconds
[2019-12-09T01:52:46.995+0000][1][safepoint    ] Application time: 0.1169579 seconds
[2019-12-09T01:52:47.005+0000][1][safepoint    ] Entering safepoint region: RevokeBias
[2019-12-09T01:52:47.005+0000][1][safepoint    ] Leaving safepoint region
[2019-12-09T01:52:47.005+0000][1][safepoint    ] Total time for which application threads were stopped: 0.0099801 seconds, Stopping threads took: 0.0098900 seconds
[2019-12-09T01:52:47.005+0000][1][safepoint    ] Application time: 0.0003945 seconds
[2019-12-09T01:52:47.005+0000][1][safepoint    ] Entering safepoint region: RevokeBias
[2019-12-09T01:52:47.005+0000][1][safepoint    ] Leaving safepoint region
[2019-12-09T01:52:47.005+0000][1][safepoint    ] Total time for which application threads were stopped: 0.0000803 seconds, Stopping threads took: 0.0000147 seconds
[2019-12-09T01:52:47.024+0000][1][safepoint    ] Application time: 0.0183501 seconds
[2019-12-09T01:52:47.024+0000][1][safepoint    ] Entering safepoint region: RevokeBias
[2019-12-09T01:52:47.024+0000][1][safepoint    ] Leaving safepoint region
[2019-12-09T01:52:47.024+0000][1][safepoint    ] Total time for which application threads were stopped: 0.0001301 seconds, Stopping threads took: 0.0000607 seconds
[2019-12-09T01:52:47.028+0000][1][safepoint    ] Application time: 0.0043876 seconds
[2019-12-09T01:52:47.028+0000][1][safepoint    ] Entering safepoint region: RevokeBias
[2019-12-09T01:52:47.028+0000][1][safepoint    ] Leaving safepoint region
[2019-12-09T01:52:47.028+0000][1][safepoint    ] Total time for which application threads were stopped: 0.0001371 seconds, Stopping threads took: 0.0000633 seconds
[2019-12-09T01:52:47.043+0000][1][safepoint    ] Application time: 0.0141864 seconds
[2019-12-09T01:52:47.043+0000][1][safepoint    ] Entering safepoint region: RevokeBias
[2019-12-09T01:52:47.043+0000][1][safepoint    ] Leaving safepoint region
[2019-12-09T01:52:47.043+0000][1][safepoint    ] Total time for which application threads were stopped: 0.0001506 seconds, Stopping threads took: 0.0000829 seconds
[2019-12-09T01:52:47.043+0000][1][safepoint    ] Application time: 0.0004590 seconds
[2019-12-09T01:52:47.043+0000][1][safepoint    ] Entering safepoint region: RevokeBias
[2019-12-09T01:52:47.043+0000][1][safepoint    ] Leaving safepoint region
[2019-12-09T01:52:47.043+0000][1][safepoint    ] Total time for which application threads were stopped: 0.0000629 seconds, Stopping threads took: 0.0000122 seconds
[2019-12-09T01:52:47.044+0000][1][safepoint    ] Application time: 0.0004039 seconds
[2019-12-09T01:52:47.044+0000][1][safepoint    ] Entering safepoint region: RevokeBias
[2019-12-09T01:52:47.044+0000][1][safepoint    ] Leaving safepoint region
[2019-12-09T01:52:47.044+0000][1][safepoint    ] Total time for which application threads were stopped: 0.0000544 seconds, Stopping threads took: 0.0000106 seconds
[2019-12-09T01:52:47.051+0000][1][safepoint    ] Application time: 0.0074969 seconds
[2019-12-09T01:52:47.051+0000][1][safepoint    ] Entering safepoint region: RevokeBias
[2019-12-09T01:52:47.052+0000][1][safepoint    ] Leaving safepoint region
[2019-12-09T01:52:47.052+0000][1][safepoint    ] Total time for which application threads were stopped: 0.0006185 seconds, Stopping threads took: 0.0001110 seconds
[2019-12-09T01:52:47.091+0000][1][safepoint    ] Application time: 0.0386136 seconds
[2019-12-09T01:52:47.124+0000][1][safepoint    ] Entering safepoint region: RevokeBias
[2019-12-09T01:52:47.124+0000][1][safepoint    ] Leaving safepoint region
[2019-12-09T01:52:47.124+0000][1][safepoint    ] Total time for which application threads were stopped: 0.0332828 seconds, Stopping threads took: 0.0331682 seconds
[2019-12-09T01:52:47.125+0000][1][safepoint    ] Application time: 0.0012025 seconds
[2019-12-09T01:52:47.135+0000][1][safepoint    ] Entering safepoint region: RevokeBias
[2019-12-09T01:52:47.135+0000][1][safepoint    ] Leaving safepoint region
[2019-12-09T01:52:47.135+0000][1][safepoint    ] Total time for which application threads were stopped: 0.0097429 seconds, Stopping threads took: 0.0096337 seconds
[2019-12-09T01:52:47.136+0000][1][safepoint    ] Application time: 0.0007580 seconds
[2019-12-09T01:52:47.136+0000][1][safepoint    ] Entering safepoint region: RevokeBias
[2019-12-09T01:52:47.136+0000][1][safepoint    ] Leaving safepoint region
[2019-12-09T01:52:47.136+0000][1][safepoint    ] Total time for which application threads were stopped: 0.0000791 seconds, Stopping threads took: 0.0000121 seconds
[2019-12-09T01:52:47.137+0000][1][safepoint    ] Application time: 0.0010265 seconds
[2019-12-09T01:52:47.137+0000][1][safepoint    ] Entering safepoint region: RevokeBias
[2019-12-09T01:52:47.137+0000][1][safepoint    ] Leaving safepoint region
[2019-12-09T01:52:47.137+0000][1][safepoint    ] Total time for which application threads were stopped: 0.0000690 seconds, Stopping threads took: 0.0000115 seconds
[2019-12-09T01:52:47.141+0000][1][safepoint    ] Application time: 0.0041281 seconds
[2019-12-09T01:52:47.141+0000][1][safepoint    ] Entering safepoint region: RevokeBias
[2019-12-09T01:52:47.141+0000][1][safepoint    ] Leaving safepoint region
[2019-12-09T01:52:47.141+0000][1][safepoint    ] Total time for which application threads were stopped: 0.0000634 seconds, Stopping threads took: 0.0000126 seconds
[2019-12-09T01:52:47.141+0000][1][safepoint    ] Application time: 0.0001879 seconds
[2019-12-09T01:52:47.141+0000][1][safepoint    ] Entering safepoint region: RevokeBias
[2019-12-09T01:52:47.141+0000][1][safepoint    ] Leaving safepoint region
[2019-12-09T01:52:47.141+0000][1][safepoint    ] Total time for which application threads were stopped: 0.0000493 seconds, Stopping threads took: 0.0000088 seconds
[2019-12-09T01:52:47.142+0000][1][safepoint    ] Application time: 0.0009846 seconds
[2019-12-09T01:52:47.142+0000][1][safepoint    ] Entering safepoint region: RevokeBias
[2019-12-09T01:52:47.142+0000][1][safepoint    ] Leaving safepoint region
[2019-12-09T01:52:47.142+0000][1][safepoint    ] Total time for which application threads were stopped: 0.0000542 seconds, Stopping threads took: 0.0000103 seconds
[2019-12-09T01:52:47.179+0000][1][safepoint    ] Application time: 0.0370728 seconds
[2019-12-09T01:52:47.180+0000][1][safepoint    ] Entering safepoint region: RevokeBias
[2019-12-09T01:52:47.180+0000][1][safepoint    ] Leaving safepoint region
[2019-12-09T01:52:47.180+0000][1][safepoint    ] Total time for which application threads were stopped: 0.0000688 seconds, Stopping threads took: 0.0000156 seconds
[2019-12-09T01:52:47.180+0000][1][safepoint    ] Application time: 0.0003935 seconds
[2019-12-09T01:52:47.180+0000][1][safepoint    ] Entering safepoint region: RevokeBias
[2019-12-09T01:52:47.180+0000][1][safepoint    ] Leaving safepoint region
[2019-12-09T01:52:47.180+0000][1][safepoint    ] Total time for which application threads were stopped: 0.0000501 seconds, Stopping threads took: 0.0000107 seconds
[2019-12-09T01:52:47.737+0000][1][safepoint    ] Application time: 0.5565555 seconds
[2019-12-09T01:52:47.737+0000][1][safepoint    ] Entering safepoint region: RevokeBias
[2019-12-09T01:52:47.737+0000][1][safepoint    ] Leaving safepoint region
[2019-12-09T01:52:47.737+0000][1][safepoint    ] Total time for which application threads were stopped: 0.0001099 seconds, Stopping threads took: 0.0000169 seconds
[2019-12-09T01:52:47.737+0000][1][safepoint    ] Application time: 0.0003964 seconds
[2019-12-09T01:52:47.737+0000][1][safepoint    ] Entering safepoint region: RevokeBias
[2019-12-09T01:52:47.737+0000][1][safepoint    ] Leaving safepoint region
[2019-12-09T01:52:47.737+0000][1][safepoint    ] Total time for which application threads were stopped: 0.0000720 seconds, Stopping threads took: 0.0000144 seconds
[2019-12-09T01:52:47.921+0000][1][safepoint    ] Application time: 0.1835543 seconds
[2019-12-09T01:52:47.921+0000][1][safepoint    ] Entering safepoint region: RevokeBias
[2019-12-09T01:52:47.921+0000][1][safepoint    ] Leaving safepoint region
[2019-12-09T01:52:47.921+0000][1][safepoint    ] Total time for which application threads were stopped: 0.0000850 seconds, Stopping threads took: 0.0000177 seconds
[2019-12-09T01:52:47.923+0000][1][safepoint    ] Application time: 0.0016591 seconds
[2019-12-09T01:52:47.923+0000][1][safepoint    ] Entering safepoint region: RevokeBias
[2019-12-09T01:52:47.923+0000][1][safepoint    ] Leaving safepoint region
[2019-12-09T01:52:47.923+0000][1][safepoint    ] Total time for which application threads were stopped: 0.0000847 seconds, Stopping threads took: 0.0000158 seconds
[2019-12-09T01:52:48.017+0000][1][safepoint    ] Application time: 0.0938593 seconds
[2019-12-09T01:52:48.051+0000][1][safepoint    ] Entering safepoint region: RevokeBias
[2019-12-09T01:52:48.051+0000][1][safepoint    ] Leaving safepoint region
[2019-12-09T01:52:48.051+0000][1][safepoint    ] Total time for which application threads were stopped: 0.0344168 seconds, Stopping threads took: 0.0342991 seconds
[2019-12-09T01:52:48.052+0000][1][safepoint    ] Application time: 0.0007733 seconds
[2019-12-09T01:52:48.052+0000][1][safepoint    ] Entering safepoint region: RevokeBias
[2019-12-09T01:52:48.052+0000][1][safepoint    ] Leaving safepoint region
[2019-12-09T01:52:48.052+0000][1][safepoint    ] Total time for which application threads were stopped: 0.0000996 seconds, Stopping threads took: 0.0000391 seconds
[2019-12-09T01:52:48.092+0000][1][safepoint    ] Application time: 0.0399829 seconds
[2019-12-09T01:52:48.092+0000][1][safepoint    ] Entering safepoint region: RevokeBias
[2019-12-09T01:52:48.092+0000][1][safepoint    ] Leaving safepoint region
[2019-12-09T01:52:48.092+0000][1][safepoint    ] Total time for which application threads were stopped: 0.0001202 seconds, Stopping threads took: 0.0000164 seconds
[2019-12-09T01:52:48.093+0000][1][safepoint    ] Application time: 0.0006735 seconds
[2019-12-09T01:52:48.093+0000][1][safepoint    ] Entering safepoint region: RevokeBias
[2019-12-09T01:52:48.093+0000][1][safepoint    ] Leaving safepoint region
[2019-12-09T01:52:48.093+0000][1][safepoint    ] Total time for which application threads were stopped: 0.0000888 seconds, Stopping threads took: 0.0000124 seconds
[2019-12-09T01:52:48.093+0000][1][safepoint    ] Application time: 0.0002233 seconds
[2019-12-09T01:52:48.093+0000][1][safepoint    ] Entering safepoint region: RevokeBias
[2019-12-09T01:52:48.093+0000][1][safepoint    ] Leaving safepoint region
[2019-12-09T01:52:48.093+0000][1][safepoint    ] Total time for which application threads were stopped: 0.0000638 seconds, Stopping threads took: 0.0000102 seconds
[2019-12-09T01:52:48.095+0000][1][safepoint    ] Application time: 0.0014901 seconds
[2019-12-09T01:52:48.095+0000][1][safepoint    ] Entering safepoint region: BulkRevokeBias
[2019-12-09T01:52:48.095+0000][1][safepoint    ] Leaving safepoint region
[2019-12-09T01:52:48.095+0000][1][safepoint    ] Total time for which application threads were stopped: 0.0003701 seconds, Stopping threads took: 0.0000148 seconds
[2019-12-09T01:52:48.136+0000][1][safepoint    ] Application time: 0.0414146 seconds
[2019-12-09T01:52:48.137+0000][1][safepoint    ] Entering safepoint region: RevokeBias
[2019-12-09T01:52:48.137+0000][1][safepoint    ] Leaving safepoint region
[2019-12-09T01:52:48.137+0000][1][safepoint    ] Total time for which application threads were stopped: 0.0001012 seconds, Stopping threads took: 0.0000161 seconds
[2019-12-09T01:52:48.137+0000][1][safepoint    ] Application time: 0.0002587 seconds
[2019-12-09T01:52:48.137+0000][1][safepoint    ] Entering safepoint region: RevokeBias
[2019-12-09T01:52:48.137+0000][1][safepoint    ] Leaving safepoint region
[2019-12-09T01:52:48.137+0000][1][safepoint    ] Total time for which application threads were stopped: 0.0000663 seconds, Stopping threads took: 0.0000104 seconds
[2019-12-09T01:52:48.138+0000][1][safepoint    ] Application time: 0.0010807 seconds
[2019-12-09T01:52:48.138+0000][1][safepoint    ] Entering safepoint region: RevokeBias
[2019-12-09T01:52:48.138+0000][1][safepoint    ] Leaving safepoint region
[2019-12-09T01:52:48.138+0000][1][safepoint    ] Total time for which application threads were stopped: 0.0000720 seconds, Stopping threads took: 0.0000123 seconds
[2019-12-09T01:52:48.139+0000][1][safepoint    ] Application time: 0.0005873 seconds
[2019-12-09T01:52:48.139+0000][1][safepoint    ] Entering safepoint region: RevokeBias
[2019-12-09T01:52:48.139+0000][1][safepoint    ] Leaving safepoint region
[2019-12-09T01:52:48.139+0000][1][safepoint    ] Total time for which application threads were stopped: 0.0000598 seconds, Stopping threads took: 0.0000114 seconds
[2019-12-09T01:52:48.139+0000][1][safepoint    ] Application time: 0.0000610 seconds
[2019-12-09T01:52:48.139+0000][1][safepoint    ] Entering safepoint region: RevokeBias
[2019-12-09T01:52:48.139+0000][1][safepoint    ] Leaving safepoint region
[2019-12-09T01:52:48.139+0000][1][safepoint    ] Total time for which application threads were stopped: 0.0000474 seconds, Stopping threads took: 0.0000093 seconds
[2019-12-09T01:52:48.139+0000][1][safepoint    ] Application time: 0.0002143 seconds
[2019-12-09T01:52:48.139+0000][1][safepoint    ] Entering safepoint region: RevokeBias
[2019-12-09T01:52:48.139+0000][1][safepoint    ] Leaving safepoint region
[2019-12-09T01:52:48.139+0000][1][safepoint    ] Total time for which application threads were stopped: 0.0000596 seconds, Stopping threads took: 0.0000104 seconds
[2019-12-09T01:52:48.166+0000][1][safepoint    ] Application time: 0.0266551 seconds
[2019-12-09T01:52:48.166+0000][1][safepoint    ] Entering safepoint region: RevokeBias
[2019-12-09T01:52:48.166+0000][1][safepoint    ] Leaving safepoint region
[2019-12-09T01:52:48.166+0000][1][safepoint    ] Total time for which application threads were stopped: 0.0000865 seconds, Stopping threads took: 0.0000137 seconds
[2019-12-09T01:52:48.179+0000][1][safepoint    ] Application time: 0.0129034 seconds
[2019-12-09T01:52:48.179+0000][1][safepoint    ] Entering safepoint region: RevokeBias
[2019-12-09T01:52:48.179+0000][1][safepoint    ] Leaving safepoint region
[2019-12-09T01:52:48.179+0000][1][safepoint    ] Total time for which application threads were stopped: 0.0000795 seconds, Stopping threads took: 0.0000146 seconds
[2019-12-09T01:52:48.200+0000][1][safepoint    ] Application time: 0.0205309 seconds
[2019-12-09T01:52:48.200+0000][1][safepoint    ] Entering safepoint region: RevokeBias
[2019-12-09T01:52:48.200+0000][1][safepoint    ] Leaving safepoint region
[2019-12-09T01:52:48.200+0000][1][safepoint    ] Total time for which application threads were stopped: 0.0000919 seconds, Stopping threads took: 0.0000139 seconds
[2019-12-09T01:52:48.745+0000][1][safepoint    ] Application time: 0.5448594 seconds
[2019-12-09T01:52:48.745+0000][1][safepoint    ] Entering safepoint region: RevokeBias
[2019-12-09T01:52:48.745+0000][1][safepoint    ] Leaving safepoint region
[2019-12-09T01:52:48.745+0000][1][safepoint    ] Total time for which application threads were stopped: 0.0001017 seconds, Stopping threads took: 0.0000176 seconds
[2019-12-09T01:52:48.745+0000][1][safepoint    ] Application time: 0.0003884 seconds
[2019-12-09T01:52:48.745+0000][1][safepoint    ] Entering safepoint region: RevokeBias
[2019-12-09T01:52:48.745+0000][1][safepoint    ] Leaving safepoint region
[2019-12-09T01:52:48.745+0000][1][safepoint    ] Total time for which application threads were stopped: 0.0000673 seconds, Stopping threads took: 0.0000151 seconds
[2019-12-09T01:52:48.975+0000][1][safepoint    ] Application time: 0.2302081 seconds
[2019-12-09T01:52:49.021+0000][1][safepoint    ] Entering safepoint region: RevokeBias
[2019-12-09T01:52:49.021+0000][1][safepoint    ] Leaving safepoint region
[2019-12-09T01:52:49.021+0000][1][safepoint    ] Total time for which application threads were stopped: 0.0454002 seconds, Stopping threads took: 0.0453030 seconds
[2019-12-09T01:52:49.021+0000][1][safepoint    ] Application time: 0.0003137 seconds
[2019-12-09T01:52:49.021+0000][1][safepoint    ] Entering safepoint region: BulkRevokeBias
[2019-12-09T01:52:49.022+0000][1][safepoint    ] Leaving safepoint region
[2019-12-09T01:52:49.022+0000][1][safepoint    ] Total time for which application threads were stopped: 0.0003413 seconds, Stopping threads took: 0.0000150 seconds
[2019-12-09T01:52:49.022+0000][1][safepoint    ] Application time: 0.0003983 seconds
[2019-12-09T01:52:49.022+0000][1][safepoint    ] Entering safepoint region: RevokeBias
[2019-12-09T01:52:49.022+0000][1][safepoint    ] Leaving safepoint region
[2019-12-09T01:52:49.022+0000][1][safepoint    ] Total time for which application threads were stopped: 0.0000694 seconds, Stopping threads took: 0.0000136 seconds
[2019-12-09T01:52:49.094+0000][1][safepoint    ] Application time: 0.0723876 seconds
[2019-12-09T01:52:49.095+0000][1][safepoint    ] Entering safepoint region: RevokeBias
[2019-12-09T01:52:49.095+0000][1][safepoint    ] Leaving safepoint region
[2019-12-09T01:52:49.095+0000][1][safepoint    ] Total time for which application threads were stopped: 0.0001777 seconds, Stopping threads took: 0.0000992 seconds
[2019-12-09T01:52:49.095+0000][1][safepoint    ] Application time: 0.0005842 seconds
[2019-12-09T01:52:49.095+0000][1][safepoint    ] Entering safepoint region: RevokeBias
[2019-12-09T01:52:49.095+0000][1][safepoint    ] Leaving safepoint region
[2019-12-09T01:52:49.095+0000][1][safepoint    ] Total time for which application threads were stopped: 0.0000761 seconds, Stopping threads took: 0.0000149 seconds
[2019-12-09T01:52:49.107+0000][1][safepoint    ] Application time: 0.0113955 seconds
[2019-12-09T01:52:49.107+0000][1][safepoint    ] Entering safepoint region: RevokeBias
[2019-12-09T01:52:49.107+0000][1][safepoint    ] Leaving safepoint region
[2019-12-09T01:52:49.107+0000][1][safepoint    ] Total time for which application threads were stopped: 0.0001367 seconds, Stopping threads took: 0.0000741 seconds
[2019-12-09T01:52:49.107+0000][1][safepoint    ] Application time: 0.0004432 seconds
[2019-12-09T01:52:49.107+0000][1][safepoint    ] Entering safepoint region: RevokeBias
[2019-12-09T01:52:49.107+0000][1][safepoint    ] Leaving safepoint region
[2019-12-09T01:52:49.107+0000][1][safepoint    ] Total time for which application threads were stopped: 0.0000678 seconds, Stopping threads took: 0.0000124 seconds
[2019-12-09T01:52:49.108+0000][1][safepoint    ] Application time: 0.0003719 seconds
[2019-12-09T01:52:49.108+0000][1][safepoint    ] Entering safepoint region: RevokeBias
[2019-12-09T01:52:49.108+0000][1][safepoint    ] Leaving safepoint region
[2019-12-09T01:52:49.108+0000][1][safepoint    ] Total time for which application threads were stopped: 0.0000653 seconds, Stopping threads took: 0.0000114 seconds
[2019-12-09T01:52:49.108+0000][1][safepoint    ] Application time: 0.0002985 seconds
[2019-12-09T01:52:49.108+0000][1][safepoint    ] Entering safepoint region: RevokeBias
[2019-12-09T01:52:49.108+0000][1][safepoint    ] Leaving safepoint region
[2019-12-09T01:52:49.108+0000][1][safepoint    ] Total time for which application threads were stopped: 0.0000550 seconds, Stopping threads took: 0.0000114 seconds
[2019-12-09T01:52:49.108+0000][1][safepoint    ] Application time: 0.0000490 seconds
[2019-12-09T01:52:49.108+0000][1][safepoint    ] Entering safepoint region: RevokeBias
[2019-12-09T01:52:49.108+0000][1][safepoint    ] Leaving safepoint region
[2019-12-09T01:52:49.108+0000][1][safepoint    ] Total time for which application threads were stopped: 0.0000431 seconds, Stopping threads took: 0.0000091 seconds
[2019-12-09T01:52:49.111+0000][1][safepoint    ] Application time: 0.0030062 seconds
[2019-12-09T01:52:49.111+0000][1][safepoint    ] Entering safepoint region: RevokeBias
[2019-12-09T01:52:49.111+0000][1][safepoint    ] Leaving safepoint region
[2019-12-09T01:52:49.111+0000][1][safepoint    ] Total time for which application threads were stopped: 0.0000547 seconds, Stopping threads took: 0.0000115 seconds
[2019-12-09T01:52:49.115+0000][1][safepoint    ] Application time: 0.0033343 seconds
[2019-12-09T01:52:49.115+0000][1][safepoint    ] Entering safepoint region: RevokeBias
[2019-12-09T01:52:49.115+0000][1][safepoint    ] Leaving safepoint region
[2019-12-09T01:52:49.115+0000][1][safepoint    ] Total time for which application threads were stopped: 0.0000689 seconds, Stopping threads took: 0.0000164 seconds
[2019-12-09T01:52:49.115+0000][1][safepoint    ] Application time: 0.0003994 seconds
[2019-12-09T01:52:49.115+0000][1][safepoint    ] Entering safepoint region: RevokeBias
[2019-12-09T01:52:49.115+0000][1][safepoint    ] Leaving safepoint region
[2019-12-09T01:52:49.115+0000][1][safepoint    ] Total time for which application threads were stopped: 0.0000620 seconds, Stopping threads took: 0.0000118 seconds
[2019-12-09T01:52:49.124+0000][1][safepoint    ] Application time: 0.0082360 seconds
[2019-12-09T01:52:49.124+0000][1][safepoint    ] Entering safepoint region: RevokeBias
[2019-12-09T01:52:49.124+0000][1][safepoint    ] Leaving safepoint region
[2019-12-09T01:52:49.124+0000][1][safepoint    ] Total time for which application threads were stopped: 0.0000753 seconds, Stopping threads took: 0.0000125 seconds
[2019-12-09T01:52:49.136+0000][1][safepoint    ] Application time: 0.0127405 seconds
[2019-12-09T01:52:49.137+0000][1][safepoint    ] Entering safepoint region: RevokeBias
[2019-12-09T01:52:49.137+0000][1][safepoint    ] Leaving safepoint region
[2019-12-09T01:52:49.137+0000][1][safepoint    ] Total time for which application threads were stopped: 0.0000639 seconds, Stopping threads took: 0.0000133 seconds
[2019-12-09T01:52:49.486+0000][1][safepoint    ] Application time: 0.3490539 seconds
[2019-12-09T01:52:49.486+0000][1][safepoint    ] Entering safepoint region: RevokeBias
[2019-12-09T01:52:49.486+0000][1][safepoint    ] Leaving safepoint region
[2019-12-09T01:52:49.486+0000][1][safepoint    ] Total time for which application threads were stopped: 0.0001025 seconds, Stopping threads took: 0.0000168 seconds
[2019-12-09T01:52:49.492+0000][1][safepoint    ] Application time: 0.0066685 seconds
[2019-12-09T01:52:49.492+0000][1][safepoint    ] Entering safepoint region: RevokeBias
[2019-12-09T01:52:49.493+0000][1][safepoint    ] Leaving safepoint region
[2019-12-09T01:52:49.493+0000][1][safepoint    ] Total time for which application threads were stopped: 0.0000676 seconds, Stopping threads took: 0.0000152 seconds
[2019-12-09T01:52:49.688+0000][1][safepoint    ] Application time: 0.1949964 seconds
[2019-12-09T01:52:49.688+0000][1][safepoint    ] Entering safepoint region: RevokeBias
[2019-12-09T01:52:49.688+0000][1][safepoint    ] Leaving safepoint region
[2019-12-09T01:52:49.688+0000][1][safepoint    ] Total time for which application threads were stopped: 0.0000868 seconds, Stopping threads took: 0.0000177 seconds
[2019-12-09T01:52:49.935+0000][1][safepoint    ] Application time: 0.2469741 seconds
[2019-12-09T01:52:49.935+0000][1][safepoint    ] Entering safepoint region: RevokeBias
[2019-12-09T01:52:49.935+0000][1][safepoint    ] Leaving safepoint region
[2019-12-09T01:52:49.935+0000][1][safepoint    ] Total time for which application threads were stopped: 0.0001047 seconds, Stopping threads took: 0.0000181 seconds
[2019-12-09T01:52:49.990+0000][1][safepoint    ] Application time: 0.0554704 seconds
[2019-12-09T01:52:50.027+0000][1][safepoint    ] Entering safepoint region: RevokeBias
[2019-12-09T01:52:50.028+0000][1][safepoint    ] Leaving safepoint region
[2019-12-09T01:52:50.028+0000][1][safepoint    ] Total time for which application threads were stopped: 0.0373257 seconds, Stopping threads took: 0.0364927 seconds
[2019-12-09T01:52:50.029+0000][1][safepoint    ] Application time: 0.0010211 seconds
[2019-12-09T01:52:50.029+0000][1][safepoint    ] Entering safepoint region: RevokeBias
[2019-12-09T01:52:50.029+0000][1][safepoint    ] Leaving safepoint region
[2019-12-09T01:52:50.029+0000][1][safepoint    ] Total time for which application threads were stopped: 0.0000992 seconds, Stopping threads took: 0.0000152 seconds
[2019-12-09T01:52:50.069+0000][1][safepoint    ] Application time: 0.0402538 seconds
[2019-12-09T01:52:50.069+0000][1][safepoint    ] Entering safepoint region: RevokeBias
[2019-12-09T01:52:50.069+0000][1][safepoint    ] Leaving safepoint region
[2019-12-09T01:52:50.069+0000][1][safepoint    ] Total time for which application threads were stopped: 0.0001253 seconds, Stopping threads took: 0.0000547 seconds
[2019-12-09T01:52:50.133+0000][1][safepoint    ] Application time: 0.0635077 seconds
[2019-12-09T01:52:50.182+0000][1][safepoint    ] Entering safepoint region: RevokeBias
[2019-12-09T01:52:50.183+0000][1][safepoint    ] Leaving safepoint region
[2019-12-09T01:52:50.183+0000][1][safepoint    ] Total time for which application threads were stopped: 0.0498487 seconds, Stopping threads took: 0.0497310 seconds
[2019-12-09T01:52:50.242+0000][1][safepoint    ] Application time: 0.0594176 seconds
[2019-12-09T01:52:50.250+0000][1][safepoint    ] Entering safepoint region: RevokeBias
[2019-12-09T01:52:50.250+0000][1][safepoint    ] Leaving safepoint region
[2019-12-09T01:52:50.250+0000][1][safepoint    ] Total time for which application threads were stopped: 0.0078215 seconds, Stopping threads took: 0.0077225 seconds
[2019-12-09T01:52:50.527+0000][1][safepoint    ] Application time: 0.2774771 seconds
[2019-12-09T01:52:50.527+0000][1][safepoint    ] Entering safepoint region: RevokeBias
[2019-12-09T01:52:50.527+0000][1][safepoint    ] Leaving safepoint region
[2019-12-09T01:52:50.528+0000][1][safepoint    ] Total time for which application threads were stopped: 0.0001744 seconds, Stopping threads took: 0.0000180 seconds
[2019-12-09T01:52:50.531+0000][1][safepoint    ] Application time: 0.0034163 seconds
[2019-12-09T01:52:50.531+0000][1][safepoint    ] Entering safepoint region: RevokeBias
[2019-12-09T01:52:50.531+0000][1][safepoint    ] Leaving safepoint region
[2019-12-09T01:52:50.531+0000][1][safepoint    ] Total time for which application threads were stopped: 0.0000944 seconds, Stopping threads took: 0.0000158 seconds
[2019-12-09T01:52:50.531+0000][1][safepoint    ] Application time: 0.0003767 seconds
[2019-12-09T01:52:50.531+0000][1][safepoint    ] Entering safepoint region: RevokeBias
[2019-12-09T01:52:50.532+0000][1][safepoint    ] Leaving safepoint region
[2019-12-09T01:52:50.532+0000][1][safepoint    ] Total time for which application threads were stopped: 0.0000737 seconds, Stopping threads took: 0.0000121 seconds
[2019-12-09T01:52:50.532+0000][1][safepoint    ] Application time: 0.0005809 seconds
[2019-12-09T01:52:50.532+0000][1][safepoint    ] Entering safepoint region: RevokeBias
[2019-12-09T01:52:50.533+0000][1][safepoint    ] Leaving safepoint region
[2019-12-09T01:52:50.533+0000][1][safepoint    ] Total time for which application threads were stopped: 0.0012727 seconds, Stopping threads took: 0.0000121 seconds
[2019-12-09T01:52:50.534+0000][1][safepoint    ] Application time: 0.0006538 seconds
[2019-12-09T01:52:50.534+0000][1][safepoint    ] Entering safepoint region: RevokeBias
[2019-12-09T01:52:50.534+0000][1][safepoint    ] Leaving safepoint region
[2019-12-09T01:52:50.534+0000][1][safepoint    ] Total time for which application threads were stopped: 0.0000654 seconds, Stopping threads took: 0.0000129 seconds
[2019-12-09T01:52:51.041+0000][1][safepoint    ] Application time: 0.5072128 seconds
[2019-12-09T01:52:51.052+0000][1][safepoint    ] Entering safepoint region: RevokeBias
[2019-12-09T01:52:51.052+0000][1][safepoint    ] Leaving safepoint region
[2019-12-09T01:52:51.052+0000][1][safepoint    ] Total time for which application threads were stopped: 0.0104318 seconds, Stopping threads took: 0.0103380 seconds
[2019-12-09T01:52:51.063+0000][1][safepoint    ] Application time: 0.0115090 seconds
[2019-12-09T01:52:51.063+0000][1][safepoint    ] Entering safepoint region: RevokeBias
[2019-12-09T01:52:51.063+0000][1][safepoint    ] Leaving safepoint region
[2019-12-09T01:52:51.063+0000][1][safepoint    ] Total time for which application threads were stopped: 0.0000828 seconds, Stopping threads took: 0.0000159 seconds
[2019-12-09T01:52:51.071+0000][1][safepoint    ] Application time: 0.0079225 seconds
[2019-12-09T01:52:51.071+0000][1][safepoint    ] Entering safepoint region: RevokeBias
[2019-12-09T01:52:51.071+0000][1][safepoint    ] Leaving safepoint region
[2019-12-09T01:52:51.072+0000][1][safepoint    ] Total time for which application threads were stopped: 0.0000790 seconds, Stopping threads took: 0.0000147 seconds
[2019-12-09T01:52:51.989+0000][1][safepoint    ] Application time: 0.9175282 seconds
[2019-12-09T01:52:51.989+0000][1][safepoint    ] Entering safepoint region: RevokeBias
[2019-12-09T01:52:51.989+0000][1][safepoint    ] Leaving safepoint region
[2019-12-09T01:52:51.989+0000][1][safepoint    ] Total time for which application threads were stopped: 0.0002500 seconds, Stopping threads took: 0.0001579 seconds
[2019-12-09T01:52:51.998+0000][1][safepoint    ] Application time: 0.0091198 seconds
[2019-12-09T01:52:51.998+0000][1][safepoint    ] Entering safepoint region: RevokeBias
[2019-12-09T01:52:51.999+0000][1][safepoint    ] Leaving safepoint region
[2019-12-09T01:52:51.999+0000][1][safepoint    ] Total time for which application threads were stopped: 0.0001099 seconds, Stopping threads took: 0.0000414 seconds
[2019-12-09T01:52:52.006+0000][1][safepoint    ] Application time: 0.0077436 seconds
[2019-12-09T01:52:52.006+0000][1][safepoint    ] Entering safepoint region: RevokeBias
[2019-12-09T01:52:52.006+0000][1][safepoint    ] Leaving safepoint region
[2019-12-09T01:52:52.006+0000][1][safepoint    ] Total time for which application threads were stopped: 0.0000872 seconds, Stopping threads took: 0.0000148 seconds
[2019-12-09T01:52:52.470+0000][1][safepoint    ] Application time: 0.4636631 seconds
[2019-12-09T01:52:52.470+0000][1][safepoint    ] Entering safepoint region: RevokeBias
[2019-12-09T01:52:52.470+0000][1][safepoint    ] Leaving safepoint region
[2019-12-09T01:52:52.470+0000][1][safepoint    ] Total time for which application threads were stopped: 0.0001287 seconds, Stopping threads took: 0.0000173 seconds
[2019-12-09T01:52:52.470+0000][1][safepoint    ] Application time: 0.0000689 seconds
[2019-12-09T01:52:52.470+0000][1][safepoint    ] Entering safepoint region: RevokeBias
[2019-12-09T01:52:52.470+0000][1][safepoint    ] Leaving safepoint region
[2019-12-09T01:52:52.470+0000][1][safepoint    ] Total time for which application threads were stopped: 0.0000630 seconds, Stopping threads took: 0.0000098 seconds
[2019-12-09T01:52:52.529+0000][1][safepoint    ] Application time: 0.0588508 seconds
[2019-12-09T01:52:52.529+0000][1][safepoint    ] Entering safepoint region: RevokeBias
[2019-12-09T01:52:52.529+0000][1][safepoint    ] Leaving safepoint region
[2019-12-09T01:52:52.529+0000][1][safepoint    ] Total time for which application threads were stopped: 0.0001109 seconds, Stopping threads took: 0.0000175 seconds
[2019-12-09T01:52:52.530+0000][1][safepoint    ] Application time: 0.0000715 seconds
[2019-12-09T01:52:52.530+0000][1][safepoint    ] Entering safepoint region: RevokeBias
[2019-12-09T01:52:52.530+0000][1][safepoint    ] Leaving safepoint region
[2019-12-09T01:52:52.530+0000][1][safepoint    ] Total time for which application threads were stopped: 0.0000644 seconds, Stopping threads took: 0.0000094 seconds
[2019-12-09T01:52:53.000+0000][1][safepoint    ] Application time: 0.4701141 seconds
[2019-12-09T01:52:53.009+0000][1][safepoint    ] Entering safepoint region: RevokeBias
[2019-12-09T01:52:53.009+0000][1][safepoint    ] Leaving safepoint region
[2019-12-09T01:52:53.009+0000][1][safepoint    ] Total time for which application threads were stopped: 0.0091652 seconds, Stopping threads took: 0.0090667 seconds
[2019-12-09T01:52:53.010+0000][1][safepoint    ] Application time: 0.0015590 seconds
[2019-12-09T01:52:53.011+0000][1][safepoint    ] Entering safepoint region: RevokeBias
[2019-12-09T01:52:53.011+0000][1][safepoint    ] Leaving safepoint region
[2019-12-09T01:52:53.011+0000][1][safepoint    ] Total time for which application threads were stopped: 0.0000921 seconds, Stopping threads took: 0.0000161 seconds
[2019-12-09T01:52:53.011+0000][1][safepoint    ] Application time: 0.0003418 seconds
[2019-12-09T01:52:53.011+0000][1][safepoint    ] Entering safepoint region: RevokeBias
[2019-12-09T01:52:53.011+0000][1][safepoint    ] Leaving safepoint region
[2019-12-09T01:52:53.011+0000][1][safepoint    ] Total time for which application threads were stopped: 0.0000702 seconds, Stopping threads took: 0.0000121 seconds
[2019-12-09T01:52:53.053+0000][1][safepoint    ] Application time: 0.0424138 seconds
[2019-12-09T01:52:53.053+0000][1][safepoint    ] Entering safepoint region: RevokeBias
[2019-12-09T01:52:53.054+0000][1][safepoint    ] Leaving safepoint region
[2019-12-09T01:52:53.054+0000][1][safepoint    ] Total time for which application threads were stopped: 0.0000963 seconds, Stopping threads took: 0.0000169 seconds
[2019-12-09T01:52:53.350+0000][1][safepoint    ] Application time: 0.2963512 seconds
[2019-12-09T01:52:53.371+0000][1][safepoint    ] Entering safepoint region: BulkRevokeBias
[2019-12-09T01:52:53.371+0000][1][safepoint    ] Leaving safepoint region
[2019-12-09T01:52:53.371+0000][1][safepoint    ] Total time for which application threads were stopped: 0.0212310 seconds, Stopping threads took: 0.0208087 seconds
[2019-12-09T01:52:53.417+0000][1][safepoint    ] Application time: 0.0457683 seconds
[2019-12-09T01:52:53.417+0000][1][safepoint    ] Entering safepoint region: RevokeBias
[2019-12-09T01:52:53.417+0000][1][safepoint    ] Leaving safepoint region
[2019-12-09T01:52:53.417+0000][1][safepoint    ] Total time for which application threads were stopped: 0.0001416 seconds, Stopping threads took: 0.0000450 seconds
[2019-12-09T01:52:53.435+0000][1][safepoint    ] Application time: 0.0180123 seconds
[2019-12-09T01:52:53.490+0000][1][safepoint    ] Entering safepoint region: RevokeBias
[2019-12-09T01:52:53.490+0000][1][safepoint    ] Leaving safepoint region
[2019-12-09T01:52:53.490+0000][1][safepoint    ] Total time for which application threads were stopped: 0.0546908 seconds, Stopping threads took: 0.0545714 seconds
[2019-12-09T01:52:53.500+0000][1][safepoint    ] Application time: 0.0097617 seconds
[2019-12-09T01:52:53.500+0000][1][safepoint    ] Entering safepoint region: RevokeBias
[2019-12-09T01:52:53.500+0000][1][safepoint    ] Leaving safepoint region
[2019-12-09T01:52:53.500+0000][1][safepoint    ] Total time for which application threads were stopped: 0.0001037 seconds, Stopping threads took: 0.0000191 seconds
[2019-12-09T01:52:53.513+0000][1][safepoint    ] Application time: 0.0131106 seconds
[2019-12-09T01:52:53.522+0000][1][safepoint    ] Entering safepoint region: RevokeBias
[2019-12-09T01:52:53.522+0000][1][safepoint    ] Leaving safepoint region
[2019-12-09T01:52:53.522+0000][1][safepoint    ] Total time for which application threads were stopped: 0.0087317 seconds, Stopping threads took: 0.0086268 seconds
[2019-12-09T01:52:53.690+0000][1][safepoint    ] Application time: 0.1685573 seconds
[2019-12-09T01:52:53.690+0000][1][safepoint    ] Entering safepoint region: RevokeBias
[2019-12-09T01:52:53.690+0000][1][safepoint    ] Leaving safepoint region
[2019-12-09T01:52:53.690+0000][1][safepoint    ] Total time for which application threads were stopped: 0.0001423 seconds, Stopping threads took: 0.0000201 seconds
[2019-12-09T01:52:53.712+0000][1][safepoint    ] Application time: 0.0219334 seconds
[2019-12-09T01:52:53.712+0000][1][safepoint    ] Entering safepoint region: RevokeBias
[2019-12-09T01:52:53.713+0000][1][safepoint    ] Leaving safepoint region
[2019-12-09T01:52:53.713+0000][1][safepoint    ] Total time for which application threads were stopped: 0.0001328 seconds, Stopping threads took: 0.0000187 seconds
[2019-12-09T01:52:53.724+0000][1][safepoint    ] Application time: 0.0113651 seconds
[2019-12-09T01:52:53.724+0000][1][safepoint    ] Entering safepoint region: RevokeBias
[2019-12-09T01:52:53.724+0000][1][safepoint    ] Leaving safepoint region
[2019-12-09T01:52:53.724+0000][1][safepoint    ] Total time for which application threads were stopped: 0.0001031 seconds, Stopping threads took: 0.0000149 seconds
[2019-12-09T01:52:53.724+0000][1][safepoint    ] Application time: 0.0000542 seconds
[2019-12-09T01:52:53.724+0000][1][safepoint    ] Entering safepoint region: RevokeBias
[2019-12-09T01:52:53.724+0000][1][safepoint    ] Leaving safepoint region
[2019-12-09T01:52:53.724+0000][1][safepoint    ] Total time for which application threads were stopped: 0.0000558 seconds, Stopping threads took: 0.0000077 seconds
[2019-12-09T01:52:53.725+0000][1][safepoint    ] Application time: 0.0010731 seconds
[2019-12-09T01:52:53.725+0000][1][safepoint    ] Entering safepoint region: RevokeBias
[2019-12-09T01:52:53.725+0000][1][safepoint    ] Leaving safepoint region
[2019-12-09T01:52:53.725+0000][1][safepoint    ] Total time for which application threads were stopped: 0.0000967 seconds, Stopping threads took: 0.0000147 seconds
[2019-12-09T01:52:53.730+0000][1][safepoint    ] Application time: 0.0044926 seconds
[2019-12-09T01:52:53.730+0000][1][safepoint    ] Entering safepoint region: RevokeBias
[2019-12-09T01:52:53.730+0000][1][safepoint    ] Leaving safepoint region
[2019-12-09T01:52:53.730+0000][1][safepoint    ] Total time for which application threads were stopped: 0.0000932 seconds, Stopping threads took: 0.0000151 seconds
[2019-12-09T01:52:53.730+0000][1][safepoint    ] Application time: 0.0000644 seconds
[2019-12-09T01:52:53.730+0000][1][safepoint    ] Entering safepoint region: RevokeBias
[2019-12-09T01:52:53.730+0000][1][safepoint    ] Leaving safepoint region
[2019-12-09T01:52:53.730+0000][1][safepoint    ] Total time for which application threads were stopped: 0.0000622 seconds, Stopping threads took: 0.0000099 seconds
[2019-12-09T01:52:54.629+0000][1][safepoint    ] Application time: 0.8985420 seconds
[2019-12-09T01:52:54.629+0000][1][safepoint    ] Entering safepoint region: RevokeBias
[2019-12-09T01:52:54.629+0000][1][safepoint    ] Leaving safepoint region
[2019-12-09T01:52:54.629+0000][1][safepoint    ] Total time for which application threads were stopped: 0.0001329 seconds, Stopping threads took: 0.0000190 seconds
[2019-12-09T01:52:54.642+0000][1][safepoint    ] Application time: 0.0135565 seconds
[2019-12-09T01:52:54.642+0000][1][safepoint    ] Entering safepoint region: RevokeBias
[2019-12-09T01:52:54.643+0000][1][safepoint    ] Leaving safepoint region
[2019-12-09T01:52:54.643+0000][1][safepoint    ] Total time for which application threads were stopped: 0.0001160 seconds, Stopping threads took: 0.0000175 seconds
[2019-12-09T01:52:54.643+0000][1][safepoint    ] Application time: 0.0003046 seconds
[2019-12-09T01:52:54.643+0000][1][safepoint    ] Entering safepoint region: RevokeBias
[2019-12-09T01:52:54.643+0000][1][safepoint    ] Leaving safepoint region
[2019-12-09T01:52:54.643+0000][1][safepoint    ] Total time for which application threads were stopped: 0.0000848 seconds, Stopping threads took: 0.0000156 seconds
[2019-12-09T01:52:54.643+0000][1][safepoint    ] Application time: 0.0000798 seconds
[2019-12-09T01:52:54.643+0000][1][safepoint    ] Entering safepoint region: RevokeBias
[2019-12-09T01:52:54.643+0000][1][safepoint    ] Leaving safepoint region
[2019-12-09T01:52:54.643+0000][1][safepoint    ] Total time for which application threads were stopped: 0.0000650 seconds, Stopping threads took: 0.0000103 seconds
[2019-12-09T01:52:54.644+0000][1][safepoint    ] Application time: 0.0005013 seconds
[2019-12-09T01:52:54.644+0000][1][safepoint    ] Entering safepoint region: RevokeBias
[2019-12-09T01:52:54.644+0000][1][safepoint    ] Leaving safepoint region
[2019-12-09T01:52:54.644+0000][1][safepoint    ] Total time for which application threads were stopped: 0.0001041 seconds, Stopping threads took: 0.0000386 seconds
[2019-12-09T01:52:54.652+0000][1][safepoint    ] Application time: 0.0080065 seconds
[2019-12-09T01:52:54.652+0000][1][safepoint    ] Entering safepoint region: RevokeBias
[2019-12-09T01:52:54.652+0000][1][safepoint    ] Leaving safepoint region
[2019-12-09T01:52:54.652+0000][1][safepoint    ] Total time for which application threads were stopped: 0.0000734 seconds, Stopping threads took: 0.0000138 seconds
[2019-12-09T01:52:54.652+0000][1][safepoint    ] Application time: 0.0002634 seconds
[2019-12-09T01:52:54.652+0000][1][safepoint    ] Entering safepoint region: RevokeBias
[2019-12-09T01:52:54.652+0000][1][safepoint    ] Leaving safepoint region
[2019-12-09T01:52:54.652+0000][1][safepoint    ] Total time for which application threads were stopped: 0.0000690 seconds, Stopping threads took: 0.0000125 seconds
[2019-12-09T01:52:54.679+0000][1][safepoint    ] Application time: 0.0262441 seconds
[2019-12-09T01:52:54.679+0000][1][safepoint    ] Entering safepoint region: BulkRevokeBias
[2019-12-09T01:52:54.679+0000][1][safepoint    ] Leaving safepoint region
[2019-12-09T01:52:54.679+0000][1][safepoint    ] Total time for which application threads were stopped: 0.0004824 seconds, Stopping threads took: 0.0000147 seconds
[2019-12-09T01:52:54.680+0000][1][safepoint    ] Application time: 0.0007278 seconds
[2019-12-09T01:52:54.680+0000][1][safepoint    ] Entering safepoint region: RevokeBias
[2019-12-09T01:52:54.680+0000][1][safepoint    ] Leaving safepoint region
[2019-12-09T01:52:54.680+0000][1][safepoint    ] Total time for which application threads were stopped: 0.0000858 seconds, Stopping threads took: 0.0000144 seconds
[2019-12-09T01:52:55.019+0000][1][safepoint    ] Application time: 0.3396342 seconds
[2019-12-09T01:52:55.020+0000][1][safepoint    ] Entering safepoint region: Deoptimize
[2019-12-09T01:52:55.020+0000][1][safepoint    ] Leaving safepoint region
[2019-12-09T01:52:55.020+0000][1][safepoint    ] Total time for which application threads were stopped: 0.0007658 seconds, Stopping threads took: 0.0000208 seconds
[2019-12-09T01:52:55.532+0000][1][safepoint    ] Application time: 0.5118535 seconds
[2019-12-09T01:52:55.540+0000][1][safepoint    ] Entering safepoint region: BulkRevokeBias
[2019-12-09T01:52:55.540+0000][1][safepoint    ] Leaving safepoint region
[2019-12-09T01:52:55.540+0000][1][safepoint    ] Total time for which application threads were stopped: 0.0081308 seconds, Stopping threads took: 0.0075760 seconds
[2019-12-09T01:52:55.647+0000][1][safepoint    ] Application time: 0.1064015 seconds
[2019-12-09T01:52:55.647+0000][1][safepoint    ] Entering safepoint region: RevokeBias
[2019-12-09T01:52:55.647+0000][1][safepoint    ] Leaving safepoint region
[2019-12-09T01:52:55.647+0000][1][safepoint    ] Total time for which application threads were stopped: 0.0001148 seconds, Stopping threads took: 0.0000191 seconds
[2019-12-09T01:52:55.663+0000][1][safepoint    ] Application time: 0.0161227 seconds
[2019-12-09T01:52:55.663+0000][1][safepoint    ] Entering safepoint region: RevokeBias
[2019-12-09T01:52:55.663+0000][1][safepoint    ] Leaving safepoint region
[2019-12-09T01:52:55.663+0000][1][safepoint    ] Total time for which application threads were stopped: 0.0001024 seconds, Stopping threads took: 0.0000191 seconds
[2019-12-09T01:52:55.788+0000][1][safepoint    ] Application time: 0.1246889 seconds
[2019-12-09T01:52:55.788+0000][1][safepoint    ] Entering safepoint region: RevokeBias
[2019-12-09T01:52:55.788+0000][1][safepoint    ] Leaving safepoint region
[2019-12-09T01:52:55.788+0000][1][safepoint    ] Total time for which application threads were stopped: 0.0001073 seconds, Stopping threads took: 0.0000206 seconds
[2019-12-09T01:52:55.788+0000][1][safepoint    ] Application time: 0.0000731 seconds
[2019-12-09T01:52:55.788+0000][1][safepoint    ] Entering safepoint region: RevokeBias
[2019-12-09T01:52:55.788+0000][1][safepoint    ] Leaving safepoint region
[2019-12-09T01:52:55.788+0000][1][safepoint    ] Total time for which application threads were stopped: 0.0000825 seconds, Stopping threads took: 0.0000206 seconds
[2019-12-09T01:52:55.817+0000][1][safepoint    ] Application time: 0.0285970 seconds
[2019-12-09T01:52:55.817+0000][1][safepoint    ] Entering safepoint region: RevokeBias
[2019-12-09T01:52:55.817+0000][1][safepoint    ] Leaving safepoint region
[2019-12-09T01:52:55.817+0000][1][safepoint    ] Total time for which application threads were stopped: 0.0001010 seconds, Stopping threads took: 0.0000178 seconds
[2019-12-09T01:52:55.817+0000][1][safepoint    ] Application time: 0.0000599 seconds
[2019-12-09T01:52:55.817+0000][1][safepoint    ] Entering safepoint region: RevokeBias
[2019-12-09T01:52:55.817+0000][1][safepoint    ] Leaving safepoint region
[2019-12-09T01:52:55.817+0000][1][safepoint    ] Total time for which application threads were stopped: 0.0000536 seconds, Stopping threads took: 0.0000090 seconds
[2019-12-09T01:52:55.817+0000][1][safepoint    ] Application time: 0.0002991 seconds
[2019-12-09T01:52:55.817+0000][1][safepoint    ] Entering safepoint region: RevokeBias
[2019-12-09T01:52:55.817+0000][1][safepoint    ] Leaving safepoint region
[2019-12-09T01:52:55.817+0000][1][safepoint    ] Total time for which application threads were stopped: 0.0000798 seconds, Stopping threads took: 0.0000148 seconds
[2019-12-09T01:52:55.818+0000][1][safepoint    ] Application time: 0.0000616 seconds
[2019-12-09T01:52:55.818+0000][1][safepoint    ] Entering safepoint region: RevokeBias
[2019-12-09T01:52:55.818+0000][1][safepoint    ] Leaving safepoint region
[2019-12-09T01:52:55.818+0000][1][safepoint    ] Total time for which application threads were stopped: 0.0000574 seconds, Stopping threads took: 0.0000104 seconds
[2019-12-09T01:52:55.818+0000][1][safepoint    ] Application time: 0.0000553 seconds
[2019-12-09T01:52:55.818+0000][1][safepoint    ] Entering safepoint region: RevokeBias
[2019-12-09T01:52:55.818+0000][1][safepoint    ] Leaving safepoint region
[2019-12-09T01:52:55.818+0000][1][safepoint    ] Total time for which application threads were stopped: 0.0000765 seconds, Stopping threads took: 0.0000099 seconds
[2019-12-09T01:52:55.818+0000][1][safepoint    ] Application time: 0.0000552 seconds
[2019-12-09T01:52:55.818+0000][1][safepoint    ] Entering safepoint region: RevokeBias
[2019-12-09T01:52:55.818+0000][1][safepoint    ] Leaving safepoint region
[2019-12-09T01:52:55.818+0000][1][safepoint    ] Total time for which application threads were stopped: 0.0000598 seconds, Stopping threads took: 0.0000092 seconds
[2019-12-09T01:52:55.818+0000][1][safepoint    ] Application time: 0.0000439 seconds
[2019-12-09T01:52:55.818+0000][1][safepoint    ] Entering safepoint region: RevokeBias
[2019-12-09T01:52:55.818+0000][1][safepoint    ] Leaving safepoint region
[2019-12-09T01:52:55.818+0000][1][safepoint    ] Total time for which application threads were stopped: 0.0000443 seconds, Stopping threads took: 0.0000080 seconds
[2019-12-09T01:52:55.818+0000][1][safepoint    ] Application time: 0.0000439 seconds
[2019-12-09T01:52:55.818+0000][1][safepoint    ] Entering safepoint region: RevokeBias
[2019-12-09T01:52:55.818+0000][1][safepoint    ] Leaving safepoint region
[2019-12-09T01:52:55.818+0000][1][safepoint    ] Total time for which application threads were stopped: 0.0000453 seconds, Stopping threads took: 0.0000082 seconds
[2019-12-09T01:52:56.116+0000][1][safepoint    ] Application time: 0.2976392 seconds
[2019-12-09T01:52:56.116+0000][1][safepoint    ] Entering safepoint region: RevokeBias
[2019-12-09T01:52:56.116+0000][1][safepoint    ] Leaving safepoint region
[2019-12-09T01:52:56.116+0000][1][safepoint    ] Total time for which application threads were stopped: 0.0001225 seconds, Stopping threads took: 0.0000214 seconds
[2019-12-09T01:52:56.218+0000][1][safepoint    ] Application time: 0.1018256 seconds
[2019-12-09T01:52:56.218+0000][1][safepoint    ] Entering safepoint region: RevokeBias
[2019-12-09T01:52:56.218+0000][1][safepoint    ] Leaving safepoint region
[2019-12-09T01:52:56.218+0000][1][safepoint    ] Total time for which application threads were stopped: 0.0001248 seconds, Stopping threads took: 0.0000217 seconds
[2019-12-09T01:52:56.219+0000][1][safepoint    ] Application time: 0.0011020 seconds
[2019-12-09T01:52:56.219+0000][1][safepoint    ] Entering safepoint region: RevokeBias
[2019-12-09T01:52:56.219+0000][1][safepoint    ] Leaving safepoint region
[2019-12-09T01:52:56.219+0000][1][safepoint    ] Total time for which application threads were stopped: 0.0001030 seconds, Stopping threads took: 0.0000189 seconds
[2019-12-09T01:52:57.688+0000][1][safepoint    ] Application time: 1.4685983 seconds
[2019-12-09T01:52:57.688+0000][1][safepoint    ] Entering safepoint region: Cleanup
[2019-12-09T01:52:57.688+0000][1][safepoint    ] Leaving safepoint region
[2019-12-09T01:52:57.688+0000][1][safepoint    ] Total time for which application threads were stopped: 0.0001330 seconds, Stopping threads took: 0.0000241 seconds
[2019-12-09T01:52:58.061+0000][1][safepoint    ] Application time: 0.3729909 seconds
[2019-12-09T01:52:58.098+0000][1][safepoint    ] Entering safepoint region: RevokeBias
[2019-12-09T01:52:58.099+0000][1][safepoint    ] Leaving safepoint region
[2019-12-09T01:52:58.099+0000][1][safepoint    ] Total time for which application threads were stopped: 0.0376535 seconds, Stopping threads took: 0.0375434 seconds
[2019-12-09T01:52:58.105+0000][1][safepoint    ] Application time: 0.0062512 seconds
[2019-12-09T01:52:58.105+0000][1][safepoint    ] Entering safepoint region: RevokeBias
[2019-12-09T01:52:58.105+0000][1][safepoint    ] Leaving safepoint region
[2019-12-09T01:52:58.105+0000][1][safepoint    ] Total time for which application threads were stopped: 0.0001358 seconds, Stopping threads took: 0.0000587 seconds
[2019-12-09T01:52:58.110+0000][1][safepoint    ] Application time: 0.0050579 seconds
[2019-12-09T01:52:58.110+0000][1][safepoint    ] Entering safepoint region: RevokeBias
[2019-12-09T01:52:58.110+0000][1][safepoint    ] Leaving safepoint region
[2019-12-09T01:52:58.110+0000][1][safepoint    ] Total time for which application threads were stopped: 0.0000860 seconds, Stopping threads took: 0.0000152 seconds
[2019-12-09T01:52:59.150+0000][1][safepoint    ] Application time: 1.0396680 seconds
[2019-12-09T01:52:59.211+0000][1][safepoint    ] Entering safepoint region: Cleanup
[2019-12-09T01:52:59.211+0000][1][safepoint    ] Leaving safepoint region
[2019-12-09T01:52:59.211+0000][1][safepoint    ] Total time for which application threads were stopped: 0.0612487 seconds, Stopping threads took: 0.0611395 seconds
[2019-12-09T01:53:00.212+0000][1][safepoint    ] Application time: 1.0006170 seconds
[2019-12-09T01:53:00.212+0000][1][safepoint    ] Entering safepoint region: Cleanup
[2019-12-09T01:53:00.212+0000][1][safepoint    ] Leaving safepoint region
[2019-12-09T01:53:00.212+0000][1][safepoint    ] Total time for which application threads were stopped: 0.0001264 seconds, Stopping threads took: 0.0000235 seconds
[2019-12-09T01:53:01.216+0000][1][safepoint    ] Application time: 1.0038031 seconds
[2019-12-09T01:53:01.216+0000][1][safepoint    ] Entering safepoint region: Cleanup
[2019-12-09T01:53:01.216+0000][1][safepoint    ] Leaving safepoint region
[2019-12-09T01:53:01.216+0000][1][safepoint    ] Total time for which application threads were stopped: 0.0001169 seconds, Stopping threads took: 0.0000238 seconds
[2019-12-09T01:53:03.223+0000][1][safepoint    ] Application time: 2.0068274 seconds
[2019-12-09T01:53:03.223+0000][1][safepoint    ] Entering safepoint region: Cleanup
[2019-12-09T01:53:03.223+0000][1][safepoint    ] Leaving safepoint region
[2019-12-09T01:53:03.223+0000][1][safepoint    ] Total time for which application threads were stopped: 0.0001172 seconds, Stopping threads took: 0.0000260 seconds
[2019-12-09T01:53:04.224+0000][1][safepoint    ] Application time: 1.0008391 seconds
[2019-12-09T01:53:04.224+0000][1][safepoint    ] Entering safepoint region: Cleanup
[2019-12-09T01:53:04.224+0000][1][safepoint    ] Leaving safepoint region
[2019-12-09T01:53:04.224+0000][1][safepoint    ] Total time for which application threads were stopped: 0.0001265 seconds, Stopping threads took: 0.0000312 seconds
[2019-12-09T01:53:05.224+0000][1][safepoint    ] Application time: 1.0004648 seconds
[2019-12-09T01:53:05.224+0000][1][safepoint    ] Entering safepoint region: Cleanup
[2019-12-09T01:53:05.225+0000][1][safepoint    ] Leaving safepoint region
[2019-12-09T01:53:05.225+0000][1][safepoint    ] Total time for which application threads were stopped: 0.0001181 seconds, Stopping threads took: 0.0000246 seconds
[2019-12-09T01:53:06.227+0000][1][safepoint    ] Application time: 1.0021742 seconds
[2019-12-09T01:53:06.227+0000][1][safepoint    ] Entering safepoint region: Cleanup
[2019-12-09T01:53:06.227+0000][1][safepoint    ] Leaving safepoint region
[2019-12-09T01:53:06.227+0000][1][safepoint    ] Total time for which application threads were stopped: 0.0001264 seconds, Stopping threads took: 0.0000244 seconds
[2019-12-09T01:53:07.228+0000][1][safepoint    ] Application time: 1.0008196 seconds
[2019-12-09T01:53:07.228+0000][1][safepoint    ] Entering safepoint region: Cleanup
[2019-12-09T01:53:07.228+0000][1][safepoint    ] Leaving safepoint region
[2019-12-09T01:53:07.228+0000][1][safepoint    ] Total time for which application threads were stopped: 0.0001255 seconds, Stopping threads took: 0.0000245 seconds
[2019-12-09T01:53:08.230+0000][1][safepoint    ] Application time: 1.0018179 seconds
[2019-12-09T01:53:08.230+0000][1][safepoint    ] Entering safepoint region: Cleanup
[2019-12-09T01:53:08.230+0000][1][safepoint    ] Leaving safepoint region
[2019-12-09T01:53:08.230+0000][1][safepoint    ] Total time for which application threads were stopped: 0.0001144 seconds, Stopping threads took: 0.0000234 seconds
[2019-12-09T01:53:12.243+0000][1][safepoint    ] Application time: 4.0128408 seconds
[2019-12-09T01:53:12.243+0000][1][safepoint    ] Entering safepoint region: Cleanup
[2019-12-09T01:53:12.243+0000][1][safepoint    ] Leaving safepoint region
[2019-12-09T01:53:12.243+0000][1][safepoint    ] Total time for which application threads were stopped: 0.0001361 seconds, Stopping threads took: 0.0000262 seconds
[2019-12-09T01:53:13.244+0000][1][safepoint    ] Application time: 1.0007976 seconds
[2019-12-09T01:53:13.244+0000][1][safepoint    ] Entering safepoint region: Cleanup
[2019-12-09T01:53:13.244+0000][1][safepoint    ] Leaving safepoint region
[2019-12-09T01:53:13.244+0000][1][safepoint    ] Total time for which application threads were stopped: 0.0001265 seconds, Stopping threads took: 0.0000251 seconds
[2019-12-09T01:53:14.247+0000][1][safepoint    ] Application time: 1.0028425 seconds
[2019-12-09T01:53:14.247+0000][1][safepoint    ] Entering safepoint region: Cleanup
[2019-12-09T01:53:14.247+0000][1][safepoint    ] Leaving safepoint region
[2019-12-09T01:53:14.247+0000][1][safepoint    ] Total time for which application threads were stopped: 0.0001335 seconds, Stopping threads took: 0.0000271 seconds
[2019-12-09T01:53:15.250+0000][1][safepoint    ] Application time: 1.0028022 seconds
[2019-12-09T01:53:15.250+0000][1][safepoint    ] Entering safepoint region: Cleanup
[2019-12-09T01:53:15.250+0000][1][safepoint    ] Leaving safepoint region
[2019-12-09T01:53:15.250+0000][1][safepoint    ] Total time for which application threads were stopped: 0.0001157 seconds, Stopping threads took: 0.0000235 seconds
[2019-12-09T01:53:16.253+0000][1][safepoint    ] Application time: 1.0028360 seconds
[2019-12-09T01:53:16.253+0000][1][safepoint    ] Entering safepoint region: Cleanup
[2019-12-09T01:53:16.253+0000][1][safepoint    ] Leaving safepoint region
[2019-12-09T01:53:16.253+0000][1][safepoint    ] Total time for which application threads were stopped: 0.0001145 seconds, Stopping threads took: 0.0000240 seconds
[2019-12-09T01:53:18.255+0000][1][safepoint    ] Application time: 2.0018403 seconds
[2019-12-09T01:53:18.255+0000][1][safepoint    ] Entering safepoint region: Cleanup
[2019-12-09T01:53:18.255+0000][1][safepoint    ] Leaving safepoint region
[2019-12-09T01:53:18.255+0000][1][safepoint    ] Total time for which application threads were stopped: 0.0001216 seconds, Stopping threads took: 0.0000239 seconds
[2019-12-09T01:53:18.670+0000][1][safepoint    ] Application time: 0.4148502 seconds
[2019-12-09T01:53:18.670+0000][1][safepoint    ] Entering safepoint region: GenCollectForAllocation
[2019-12-09T01:53:18.670+0000][1][gc,start     ] GC(23) Pause Young (Allocation Failure)
[2019-12-09T01:53:18.670+0000][1][gc,task      ] GC(23) Using 2 workers of 2 for evacuation
[2019-12-09T01:53:18.694+0000][1][gc,age       ] GC(23) Desired survivor size 4456448 bytes, new threshold 2 (max threshold 6)
[2019-12-09T01:53:18.694+0000][1][gc,age       ] GC(23) Age table with threshold 2 (max threshold 6)
[2019-12-09T01:53:18.694+0000][1][gc,age       ] GC(23) - age   1:    1612160 bytes,    1612160 total
[2019-12-09T01:53:18.694+0000][1][gc,age       ] GC(23) - age   2:    3302960 bytes,    4915120 total
[2019-12-09T01:53:18.694+0000][1][gc,heap      ] GC(23) ParNew: 77350K->7333K(78656K)
[2019-12-09T01:53:18.694+0000][1][gc,heap      ] GC(23) CMS: 62801K->64422K(174784K)
[2019-12-09T01:53:18.694+0000][1][gc,metaspace ] GC(23) Metaspace: 67480K->67480K(1110016K)
[2019-12-09T01:53:18.694+0000][1][gc           ] GC(23) Pause Young (Allocation Failure) 136M->70M(247M) 23.827ms
[2019-12-09T01:53:18.694+0000][1][gc,cpu       ] GC(23) User=0.03s Sys=0.00s Real=0.02s
[2019-12-09T01:53:18.694+0000][1][safepoint    ] Leaving safepoint region
[2019-12-09T01:53:18.694+0000][1][safepoint    ] Total time for which application threads were stopped: 0.0240390 seconds, Stopping threads took: 0.0000223 seconds
[2019-12-09T01:53:19.696+0000][1][safepoint    ] Application time: 1.0019125 seconds
[2019-12-09T01:53:19.696+0000][1][safepoint    ] Entering safepoint region: Cleanup
[2019-12-09T01:53:19.696+0000][1][safepoint    ] Leaving safepoint region
[2019-12-09T01:53:19.696+0000][1][safepoint    ] Total time for which application threads were stopped: 0.0001212 seconds, Stopping threads took: 0.0000246 seconds
[2019-12-09T01:53:20.697+0000][1][safepoint    ] Application time: 1.0007718 seconds
[2019-12-09T01:53:20.697+0000][1][safepoint    ] Entering safepoint region: Cleanup
[2019-12-09T01:53:20.697+0000][1][safepoint    ] Leaving safepoint region
[2019-12-09T01:53:20.697+0000][1][safepoint    ] Total time for which application threads were stopped: 0.0001208 seconds, Stopping threads took: 0.0000243 seconds
[2019-12-09T01:53:21.697+0000][1][safepoint    ] Application time: 1.0000767 seconds
[2019-12-09T01:53:21.697+0000][1][safepoint    ] Entering safepoint region: Cleanup
[2019-12-09T01:53:21.697+0000][1][safepoint    ] Leaving safepoint region
[2019-12-09T01:53:21.697+0000][1][safepoint    ] Total time for which application threads were stopped: 0.0000897 seconds, Stopping threads took: 0.0000170 seconds
[2019-12-09T01:53:22.697+0000][1][safepoint    ] Application time: 1.0000796 seconds
[2019-12-09T01:53:22.697+0000][1][safepoint    ] Entering safepoint region: Cleanup
[2019-12-09T01:53:22.697+0000][1][safepoint    ] Leaving safepoint region
[2019-12-09T01:53:22.697+0000][1][safepoint    ] Total time for which application threads were stopped: 0.0000916 seconds, Stopping threads took: 0.0000173 seconds
[2019-12-09T01:53:24.697+0000][1][safepoint    ] Application time: 2.0001442 seconds
[2019-12-09T01:53:24.697+0000][1][safepoint    ] Entering safepoint region: Cleanup
[2019-12-09T01:53:24.698+0000][1][safepoint    ] Leaving safepoint region
[2019-12-09T01:53:24.698+0000][1][safepoint    ] Total time for which application threads were stopped: 0.0001136 seconds, Stopping threads took: 0.0000215 seconds
[2019-12-09T01:53:25.698+0000][1][safepoint    ] Application time: 1.0000722 seconds
[2019-12-09T01:53:25.698+0000][1][safepoint    ] Entering safepoint region: Cleanup
[2019-12-09T01:53:25.698+0000][1][safepoint    ] Leaving safepoint region
[2019-12-09T01:53:25.698+0000][1][safepoint    ] Total time for which application threads were stopped: 0.0000892 seconds, Stopping threads took: 0.0000176 seconds
[2019-12-09T01:53:27.698+0000][1][safepoint    ] Application time: 2.0001390 seconds
[2019-12-09T01:53:27.698+0000][1][safepoint    ] Entering safepoint region: Cleanup
[2019-12-09T01:53:27.698+0000][1][safepoint    ] Leaving safepoint region
[2019-12-09T01:53:27.698+0000][1][safepoint    ] Total time for which application threads were stopped: 0.0000989 seconds, Stopping threads took: 0.0000230 seconds
[2019-12-09T01:53:28.698+0000][1][safepoint    ] Application time: 1.0000753 seconds
[2019-12-09T01:53:28.698+0000][1][safepoint    ] Entering safepoint region: Cleanup
[2019-12-09T01:53:28.698+0000][1][safepoint    ] Leaving safepoint region
[2019-12-09T01:53:28.698+0000][1][safepoint    ] Total time for which application threads were stopped: 0.0000888 seconds, Stopping threads took: 0.0000167 seconds
[2019-12-09T01:53:29.698+0000][1][safepoint    ] Application time: 1.0000780 seconds
[2019-12-09T01:53:29.698+0000][1][safepoint    ] Entering safepoint region: Cleanup
[2019-12-09T01:53:29.698+0000][1][safepoint    ] Leaving safepoint region
[2019-12-09T01:53:29.698+0000][1][safepoint    ] Total time for which application threads were stopped: 0.0000919 seconds, Stopping threads took: 0.0000180 seconds
[2019-12-09T01:53:32.699+0000][1][safepoint    ] Application time: 3.0002142 seconds
[2019-12-09T01:53:32.699+0000][1][safepoint    ] Entering safepoint region: Cleanup
[2019-12-09T01:53:32.699+0000][1][safepoint    ] Leaving safepoint region
[2019-12-09T01:53:32.699+0000][1][safepoint    ] Total time for which application threads were stopped: 0.0000908 seconds, Stopping threads took: 0.0000166 seconds
[2019-12-09T01:53:33.699+0000][1][safepoint    ] Application time: 1.0000764 seconds
[2019-12-09T01:53:33.699+0000][1][safepoint    ] Entering safepoint region: Cleanup
[2019-12-09T01:53:33.699+0000][1][safepoint    ] Leaving safepoint region
[2019-12-09T01:53:33.699+0000][1][safepoint    ] Total time for which application threads were stopped: 0.0000925 seconds, Stopping threads took: 0.0000197 seconds
[2019-12-09T01:53:35.699+0000][1][safepoint    ] Application time: 2.0001489 seconds
[2019-12-09T01:53:35.699+0000][1][safepoint    ] Entering safepoint region: Cleanup
[2019-12-09T01:53:35.699+0000][1][safepoint    ] Leaving safepoint region
[2019-12-09T01:53:35.699+0000][1][safepoint    ] Total time for which application threads were stopped: 0.0001000 seconds, Stopping threads took: 0.0000245 seconds
[2019-12-09T01:53:36.700+0000][1][safepoint    ] Application time: 1.0006468 seconds
[2019-12-09T01:53:36.700+0000][1][safepoint    ] Entering safepoint region: Cleanup
[2019-12-09T01:53:36.700+0000][1][safepoint    ] Leaving safepoint region
[2019-12-09T01:53:36.700+0000][1][safepoint    ] Total time for which application threads were stopped: 0.0001244 seconds, Stopping threads took: 0.0000239 seconds
[2019-12-09T01:53:37.700+0000][1][safepoint    ] Application time: 1.0000879 seconds
[2019-12-09T01:53:37.700+0000][1][safepoint    ] Entering safepoint region: Cleanup
[2019-12-09T01:53:37.700+0000][1][safepoint    ] Leaving safepoint region
[2019-12-09T01:53:37.700+0000][1][safepoint    ] Total time for which application threads were stopped: 0.0001389 seconds, Stopping threads took: 0.0000230 seconds
[2019-12-09T01:53:38.701+0000][1][safepoint    ] Application time: 1.0000820 seconds
[2019-12-09T01:53:38.701+0000][1][safepoint    ] Entering safepoint region: Cleanup
[2019-12-09T01:53:38.701+0000][1][safepoint    ] Leaving safepoint region
[2019-12-09T01:53:38.701+0000][1][safepoint    ] Total time for which application threads were stopped: 0.0000914 seconds, Stopping threads took: 0.0000172 seconds
[2019-12-09T01:53:39.701+0000][1][safepoint    ] Application time: 1.0000889 seconds
[2019-12-09T01:53:39.701+0000][1][safepoint    ] Entering safepoint region: Cleanup
[2019-12-09T01:53:39.701+0000][1][safepoint    ] Leaving safepoint region
[2019-12-09T01:53:39.701+0000][1][safepoint    ] Total time for which application threads were stopped: 0.0001122 seconds, Stopping threads took: 0.0000202 seconds
[2019-12-09T01:53:40.701+0000][1][safepoint    ] Application time: 1.0000745 seconds
[2019-12-09T01:53:40.701+0000][1][safepoint    ] Entering safepoint region: Cleanup
[2019-12-09T01:53:40.701+0000][1][safepoint    ] Leaving safepoint region
[2019-12-09T01:53:40.701+0000][1][safepoint    ] Total time for which application threads were stopped: 0.0000957 seconds, Stopping threads took: 0.0000172 seconds
[2019-12-09T01:53:41.701+0000][1][safepoint    ] Application time: 1.0000759 seconds
[2019-12-09T01:53:41.701+0000][1][safepoint    ] Entering safepoint region: Cleanup
[2019-12-09T01:53:41.701+0000][1][safepoint    ] Leaving safepoint region
[2019-12-09T01:53:41.701+0000][1][safepoint    ] Total time for which application threads were stopped: 0.0000879 seconds, Stopping threads took: 0.0000169 seconds
[2019-12-09T01:53:44.702+0000][1][safepoint    ] Application time: 3.0002072 seconds
[2019-12-09T01:53:44.702+0000][1][safepoint    ] Entering safepoint region: Cleanup
[2019-12-09T01:53:44.702+0000][1][safepoint    ] Leaving safepoint region
[2019-12-09T01:53:44.702+0000][1][safepoint    ] Total time for which application threads were stopped: 0.0001207 seconds, Stopping threads took: 0.0000169 seconds
[2019-12-09T01:53:45.702+0000][1][safepoint    ] Application time: 1.0000739 seconds
[2019-12-09T01:53:45.702+0000][1][safepoint    ] Entering safepoint region: Cleanup
[2019-12-09T01:53:45.702+0000][1][safepoint    ] Leaving safepoint region
[2019-12-09T01:53:45.702+0000][1][safepoint    ] Total time for which application threads were stopped: 0.0000899 seconds, Stopping threads took: 0.0000189 seconds
[2019-12-09T01:53:46.702+0000][1][safepoint    ] Application time: 1.0000755 seconds
[2019-12-09T01:53:46.702+0000][1][safepoint    ] Entering safepoint region: Cleanup
[2019-12-09T01:53:46.702+0000][1][safepoint    ] Leaving safepoint region
[2019-12-09T01:53:46.702+0000][1][safepoint    ] Total time for which application threads were stopped: 0.0000898 seconds, Stopping threads took: 0.0000186 seconds
[2019-12-09T01:53:48.702+0000][1][safepoint    ] Application time: 2.0001423 seconds
[2019-12-09T01:53:48.702+0000][1][safepoint    ] Entering safepoint region: Cleanup
[2019-12-09T01:53:48.702+0000][1][safepoint    ] Leaving safepoint region
[2019-12-09T01:53:48.702+0000][1][safepoint    ] Total time for which application threads were stopped: 0.0000874 seconds, Stopping threads took: 0.0000163 seconds
[2019-12-09T01:53:49.702+0000][1][safepoint    ] Application time: 1.0000767 seconds
[2019-12-09T01:53:49.703+0000][1][safepoint    ] Entering safepoint region: Cleanup
[2019-12-09T01:53:49.703+0000][1][safepoint    ] Leaving safepoint region
[2019-12-09T01:53:49.703+0000][1][safepoint    ] Total time for which application threads were stopped: 0.0000889 seconds, Stopping threads took: 0.0000162 seconds
[2019-12-09T01:53:50.703+0000][1][safepoint    ] Application time: 1.0000769 seconds
[2019-12-09T01:53:50.703+0000][1][safepoint    ] Entering safepoint region: Cleanup
[2019-12-09T01:53:50.703+0000][1][safepoint    ] Leaving safepoint region
[2019-12-09T01:53:50.703+0000][1][safepoint    ] Total time for which application threads were stopped: 0.0001145 seconds, Stopping threads took: 0.0000202 seconds
[2019-12-09T01:53:52.703+0000][1][safepoint    ] Application time: 2.0001408 seconds
[2019-12-09T01:53:52.703+0000][1][safepoint    ] Entering safepoint region: Cleanup
[2019-12-09T01:53:52.703+0000][1][safepoint    ] Leaving safepoint region
[2019-12-09T01:53:52.703+0000][1][safepoint    ] Total time for which application threads were stopped: 0.0000913 seconds, Stopping threads took: 0.0000160 seconds
[2019-12-09T01:53:53.703+0000][1][safepoint    ] Application time: 1.0000744 seconds
[2019-12-09T01:53:53.703+0000][1][safepoint    ] Entering safepoint region: Cleanup
[2019-12-09T01:53:53.703+0000][1][safepoint    ] Leaving safepoint region
[2019-12-09T01:53:53.703+0000][1][safepoint    ] Total time for which application threads were stopped: 0.0000828 seconds, Stopping threads took: 0.0000152 seconds
[2019-12-09T01:53:54.703+0000][1][safepoint    ] Application time: 1.0000758 seconds
[2019-12-09T01:53:54.703+0000][1][safepoint    ] Entering safepoint region: Cleanup
[2019-12-09T01:53:54.703+0000][1][safepoint    ] Leaving safepoint region
[2019-12-09T01:53:54.703+0000][1][safepoint    ] Total time for which application threads were stopped: 0.0000888 seconds, Stopping threads took: 0.0000152 seconds
[2019-12-09T01:53:55.704+0000][1][safepoint    ] Application time: 1.0000761 seconds
[2019-12-09T01:53:55.704+0000][1][safepoint    ] Entering safepoint region: Cleanup
[2019-12-09T01:53:55.704+0000][1][safepoint    ] Leaving safepoint region
[2019-12-09T01:53:55.704+0000][1][safepoint    ] Total time for which application threads were stopped: 0.0001011 seconds, Stopping threads took: 0.0000182 seconds
[2019-12-09T01:53:57.704+0000][1][safepoint    ] Application time: 2.0001422 seconds
[2019-12-09T01:53:57.704+0000][1][safepoint    ] Entering safepoint region: Cleanup
[2019-12-09T01:53:57.704+0000][1][safepoint    ] Leaving safepoint region
[2019-12-09T01:53:57.704+0000][1][safepoint    ] Total time for which application threads were stopped: 0.0000882 seconds, Stopping threads took: 0.0000167 seconds
[2019-12-09T01:53:59.704+0000][1][safepoint    ] Application time: 2.0001392 seconds
[2019-12-09T01:53:59.704+0000][1][safepoint    ] Entering safepoint region: Cleanup
[2019-12-09T01:53:59.704+0000][1][safepoint    ] Leaving safepoint region
[2019-12-09T01:53:59.704+0000][1][safepoint    ] Total time for which application threads were stopped: 0.0000797 seconds, Stopping threads took: 0.0000150 seconds
[2019-12-09T01:54:00.704+0000][1][safepoint    ] Application time: 1.0000756 seconds
[2019-12-09T01:54:00.704+0000][1][safepoint    ] Entering safepoint region: Cleanup
[2019-12-09T01:54:00.704+0000][1][safepoint    ] Leaving safepoint region
[2019-12-09T01:54:00.704+0000][1][safepoint    ] Total time for which application threads were stopped: 0.0000812 seconds, Stopping threads took: 0.0000167 seconds
[2019-12-09T01:54:01.705+0000][1][safepoint    ] Application time: 1.0000739 seconds
[2019-12-09T01:54:01.705+0000][1][safepoint    ] Entering safepoint region: Cleanup
[2019-12-09T01:54:01.705+0000][1][safepoint    ] Leaving safepoint region
[2019-12-09T01:54:01.705+0000][1][safepoint    ] Total time for which application threads were stopped: 0.0000855 seconds, Stopping threads took: 0.0000175 seconds
[2019-12-09T01:54:02.705+0000][1][safepoint    ] Application time: 1.0000765 seconds
[2019-12-09T01:54:02.705+0000][1][safepoint    ] Entering safepoint region: Cleanup
[2019-12-09T01:54:02.705+0000][1][safepoint    ] Leaving safepoint region
[2019-12-09T01:54:02.705+0000][1][safepoint    ] Total time for which application threads were stopped: 0.0000848 seconds, Stopping threads took: 0.0000158 seconds
[2019-12-09T01:54:03.705+0000][1][safepoint    ] Application time: 1.0000762 seconds
[2019-12-09T01:54:03.705+0000][1][safepoint    ] Entering safepoint region: Cleanup
[2019-12-09T01:54:03.705+0000][1][safepoint    ] Leaving safepoint region
[2019-12-09T01:54:03.705+0000][1][safepoint    ] Total time for which application threads were stopped: 0.0000891 seconds, Stopping threads took: 0.0000168 seconds
[2019-12-09T01:54:04.705+0000][1][safepoint    ] Application time: 1.0000749 seconds
[2019-12-09T01:54:04.705+0000][1][safepoint    ] Entering safepoint region: Cleanup
[2019-12-09T01:54:04.705+0000][1][safepoint    ] Leaving safepoint region
[2019-12-09T01:54:04.705+0000][1][safepoint    ] Total time for which application threads were stopped: 0.0000828 seconds, Stopping threads took: 0.0000214 seconds
[2019-12-09T01:54:06.705+0000][1][safepoint    ] Application time: 2.0001153 seconds
[2019-12-09T01:54:06.705+0000][1][safepoint    ] Entering safepoint region: Cleanup
[2019-12-09T01:54:06.706+0000][1][safepoint    ] Leaving safepoint region
[2019-12-09T01:54:06.706+0000][1][safepoint    ] Total time for which application threads were stopped: 0.0000846 seconds, Stopping threads took: 0.0000170 seconds
[2019-12-09T01:54:07.901+0000][1][safepoint    ] Application time: 1.1957398 seconds
[2019-12-09T01:54:07.901+0000][1][safepoint    ] Entering safepoint region: Cleanup
[2019-12-09T01:54:07.901+0000][1][safepoint    ] Leaving safepoint region
[2019-12-09T01:54:07.901+0000][1][safepoint    ] Total time for which application threads were stopped: 0.0001416 seconds, Stopping threads took: 0.0000168 seconds
[2019-12-09T01:54:09.902+0000][1][safepoint    ] Application time: 2.0001431 seconds
[2019-12-09T01:54:09.902+0000][1][safepoint    ] Entering safepoint region: Cleanup
[2019-12-09T01:54:09.902+0000][1][safepoint    ] Leaving safepoint region
[2019-12-09T01:54:09.902+0000][1][safepoint    ] Total time for which application threads were stopped: 0.0000881 seconds, Stopping threads took: 0.0000141 seconds
[2019-12-09T01:54:11.902+0000][1][safepoint    ] Application time: 2.0001485 seconds
[2019-12-09T01:54:11.902+0000][1][safepoint    ] Entering safepoint region: Cleanup
[2019-12-09T01:54:11.902+0000][1][safepoint    ] Leaving safepoint region
[2019-12-09T01:54:11.902+0000][1][safepoint    ] Total time for which application threads were stopped: 0.0000861 seconds, Stopping threads took: 0.0000167 seconds
[2019-12-09T01:54:12.902+0000][1][safepoint    ] Application time: 1.0000777 seconds
[2019-12-09T01:54:12.902+0000][1][safepoint    ] Entering safepoint region: Cleanup
[2019-12-09T01:54:12.902+0000][1][safepoint    ] Leaving safepoint region
[2019-12-09T01:54:12.902+0000][1][safepoint    ] Total time for which application threads were stopped: 0.0000801 seconds, Stopping threads took: 0.0000153 seconds
[2019-12-09T01:54:17.903+0000][1][safepoint    ] Application time: 5.0003499 seconds
[2019-12-09T01:54:17.903+0000][1][safepoint    ] Entering safepoint region: Cleanup
[2019-12-09T01:54:17.903+0000][1][safepoint    ] Leaving safepoint region
[2019-12-09T01:54:17.903+0000][1][safepoint    ] Total time for which application threads were stopped: 0.0000836 seconds, Stopping threads took: 0.0000154 seconds
[2019-12-09T01:54:19.903+0000][1][safepoint    ] Application time: 2.0001566 seconds
[2019-12-09T01:54:19.903+0000][1][safepoint    ] Entering safepoint region: Cleanup
[2019-12-09T01:54:19.903+0000][1][safepoint    ] Leaving safepoint region
[2019-12-09T01:54:19.903+0000][1][safepoint    ] Total time for which application threads were stopped: 0.0000823 seconds, Stopping threads took: 0.0000160 seconds
[2019-12-09T01:54:20.903+0000][1][safepoint    ] Application time: 1.0000745 seconds
[2019-12-09T01:54:20.903+0000][1][safepoint    ] Entering safepoint region: Cleanup
[2019-12-09T01:54:20.903+0000][1][safepoint    ] Leaving safepoint region
[2019-12-09T01:54:20.903+0000][1][safepoint    ] Total time for which application threads were stopped: 0.0000795 seconds, Stopping threads took: 0.0000145 seconds
[2019-12-09T01:54:22.903+0000][1][safepoint    ] Application time: 2.0001418 seconds
[2019-12-09T01:54:22.903+0000][1][safepoint    ] Entering safepoint region: Cleanup
[2019-12-09T01:54:22.903+0000][1][safepoint    ] Leaving safepoint region
[2019-12-09T01:54:22.903+0000][1][safepoint    ] Total time for which application threads were stopped: 0.0000820 seconds, Stopping threads took: 0.0000149 seconds
[2019-12-09T01:54:25.905+0000][1][safepoint    ] Application time: 3.0015457 seconds
[2019-12-09T01:54:25.905+0000][1][safepoint    ] Entering safepoint region: Cleanup
[2019-12-09T01:54:25.905+0000][1][safepoint    ] Leaving safepoint region
[2019-12-09T01:54:25.905+0000][1][safepoint    ] Total time for which application threads were stopped: 0.0000933 seconds, Stopping threads took: 0.0000239 seconds
[2019-12-09T01:54:29.905+0000][1][safepoint    ] Application time: 4.0002793 seconds
[2019-12-09T01:54:29.905+0000][1][safepoint    ] Entering safepoint region: Cleanup
[2019-12-09T01:54:29.905+0000][1][safepoint    ] Leaving safepoint region
[2019-12-09T01:54:29.905+0000][1][safepoint    ] Total time for which application threads were stopped: 0.0000927 seconds, Stopping threads took: 0.0000237 seconds
[2019-12-09T01:54:31.906+0000][1][safepoint    ] Application time: 2.0001488 seconds
[2019-12-09T01:54:31.906+0000][1][safepoint    ] Entering safepoint region: Cleanup
[2019-12-09T01:54:31.906+0000][1][safepoint    ] Leaving safepoint region
[2019-12-09T01:54:31.906+0000][1][safepoint    ] Total time for which application threads were stopped: 0.0000915 seconds, Stopping threads took: 0.0000266 seconds
[2019-12-09T01:54:33.906+0000][1][safepoint    ] Application time: 2.0001414 seconds
[2019-12-09T01:54:33.906+0000][1][safepoint    ] Entering safepoint region: Cleanup
[2019-12-09T01:54:33.906+0000][1][safepoint    ] Leaving safepoint region
[2019-12-09T01:54:33.906+0000][1][safepoint    ] Total time for which application threads were stopped: 0.0000813 seconds, Stopping threads took: 0.0000165 seconds
[2019-12-09T01:54:34.906+0000][1][safepoint    ] Application time: 1.0000776 seconds
[2019-12-09T01:54:34.906+0000][1][safepoint    ] Entering safepoint region: Cleanup
[2019-12-09T01:54:34.906+0000][1][safepoint    ] Leaving safepoint region
[2019-12-09T01:54:34.906+0000][1][safepoint    ] Total time for which application threads were stopped: 0.0000799 seconds, Stopping threads took: 0.0000162 seconds
[2019-12-09T01:54:38.907+0000][1][safepoint    ] Application time: 4.0002804 seconds
[2019-12-09T01:54:38.907+0000][1][safepoint    ] Entering safepoint region: Cleanup
[2019-12-09T01:54:38.907+0000][1][safepoint    ] Leaving safepoint region
[2019-12-09T01:54:38.907+0000][1][safepoint    ] Total time for which application threads were stopped: 0.0000840 seconds, Stopping threads took: 0.0000165 seconds
[2019-12-09T01:54:41.907+0000][1][safepoint    ] Application time: 3.0002087 seconds
[2019-12-09T01:54:41.907+0000][1][safepoint    ] Entering safepoint region: Cleanup
[2019-12-09T01:54:41.907+0000][1][safepoint    ] Leaving safepoint region
[2019-12-09T01:54:41.907+0000][1][safepoint    ] Total time for which application threads were stopped: 0.0000856 seconds, Stopping threads took: 0.0000228 seconds
[2019-12-09T01:54:49.908+0000][1][safepoint    ] Application time: 8.0005382 seconds
[2019-12-09T01:54:49.908+0000][1][safepoint    ] Entering safepoint region: Cleanup
[2019-12-09T01:54:49.908+0000][1][safepoint    ] Leaving safepoint region
[2019-12-09T01:54:49.908+0000][1][safepoint    ] Total time for which application threads were stopped: 0.0000922 seconds, Stopping threads took: 0.0000257 seconds
[2019-12-09T01:54:52.909+0000][1][safepoint    ] Application time: 3.0011296 seconds
[2019-12-09T01:54:52.909+0000][1][safepoint    ] Entering safepoint region: Cleanup
[2019-12-09T01:54:52.909+0000][1][safepoint    ] Leaving safepoint region
[2019-12-09T01:54:52.909+0000][1][safepoint    ] Total time for which application threads were stopped: 0.0000766 seconds, Stopping threads took: 0.0000163 seconds
[2019-12-09T01:54:53.909+0000][1][safepoint    ] Application time: 1.0000751 seconds
[2019-12-09T01:54:53.909+0000][1][safepoint    ] Entering safepoint region: Cleanup
[2019-12-09T01:54:53.909+0000][1][safepoint    ] Leaving safepoint region
[2019-12-09T01:54:53.909+0000][1][safepoint    ] Total time for which application threads were stopped: 0.0000807 seconds, Stopping threads took: 0.0000157 seconds
[2019-12-09T01:54:55.909+0000][1][safepoint    ] Application time: 2.0001408 seconds
[2019-12-09T01:54:55.909+0000][1][safepoint    ] Entering safepoint region: Cleanup
[2019-12-09T01:54:55.909+0000][1][safepoint    ] Leaving safepoint region
[2019-12-09T01:54:55.909+0000][1][safepoint    ] Total time for which application threads were stopped: 0.0000809 seconds, Stopping threads took: 0.0000159 seconds
[2019-12-09T01:54:59.910+0000][1][safepoint    ] Application time: 4.0002782 seconds
[2019-12-09T01:54:59.910+0000][1][safepoint    ] Entering safepoint region: Cleanup
[2019-12-09T01:54:59.910+0000][1][safepoint    ] Leaving safepoint region
[2019-12-09T01:54:59.910+0000][1][safepoint    ] Total time for which application threads were stopped: 0.0000975 seconds, Stopping threads took: 0.0000213 seconds
[2019-12-09T01:55:04.910+0000][1][safepoint    ] Application time: 5.0003511 seconds
[2019-12-09T01:55:04.910+0000][1][safepoint    ] Entering safepoint region: Cleanup
[2019-12-09T01:55:04.910+0000][1][safepoint    ] Leaving safepoint region
[2019-12-09T01:55:04.910+0000][1][safepoint    ] Total time for which application threads were stopped: 0.0000802 seconds, Stopping threads took: 0.0000150 seconds
[2019-12-09T01:55:05.910+0000][1][safepoint    ] Application time: 1.0000777 seconds
[2019-12-09T01:55:05.910+0000][1][safepoint    ] Entering safepoint region: Cleanup
[2019-12-09T01:55:05.910+0000][1][safepoint    ] Leaving safepoint region
[2019-12-09T01:55:05.910+0000][1][safepoint    ] Total time for which application threads were stopped: 0.0000810 seconds, Stopping threads took: 0.0000152 seconds
[2019-12-09T01:55:07.911+0000][1][safepoint    ] Application time: 2.0001444 seconds
[2019-12-09T01:55:07.911+0000][1][safepoint    ] Entering safepoint region: Cleanup
[2019-12-09T01:55:07.911+0000][1][safepoint    ] Leaving safepoint region
[2019-12-09T01:55:07.911+0000][1][safepoint    ] Total time for which application threads were stopped: 0.0000919 seconds, Stopping threads took: 0.0000147 seconds
[2019-12-09T01:55:08.911+0000][1][safepoint    ] Application time: 1.0000739 seconds
[2019-12-09T01:55:08.911+0000][1][safepoint    ] Entering safepoint region: Cleanup
[2019-12-09T01:55:08.911+0000][1][safepoint    ] Leaving safepoint region
[2019-12-09T01:55:08.911+0000][1][safepoint    ] Total time for which application threads were stopped: 0.0000788 seconds, Stopping threads took: 0.0000151 seconds
[2019-12-09T01:55:09.911+0000][1][safepoint    ] Application time: 1.0000773 seconds
[2019-12-09T01:55:09.911+0000][1][safepoint    ] Entering safepoint region: Cleanup
[2019-12-09T01:55:09.911+0000][1][safepoint    ] Leaving safepoint region
[2019-12-09T01:55:09.911+0000][1][safepoint    ] Total time for which application threads were stopped: 0.0000781 seconds, Stopping threads took: 0.0000169 seconds
[2019-12-09T01:55:18.912+0000][1][safepoint    ] Application time: 9.0006096 seconds
[2019-12-09T01:55:18.912+0000][1][safepoint    ] Entering safepoint region: Cleanup
[2019-12-09T01:55:18.912+0000][1][safepoint    ] Leaving safepoint region
[2019-12-09T01:55:18.912+0000][1][safepoint    ] Total time for which application threads were stopped: 0.0000830 seconds, Stopping threads took: 0.0000161 seconds
[2019-12-09T01:55:21.912+0000][1][safepoint    ] Application time: 3.0002078 seconds
[2019-12-09T01:55:21.912+0000][1][safepoint    ] Entering safepoint region: Cleanup
[2019-12-09T01:55:21.912+0000][1][safepoint    ] Leaving safepoint region
[2019-12-09T01:55:21.912+0000][1][safepoint    ] Total time for which application threads were stopped: 0.0000762 seconds, Stopping threads took: 0.0000146 seconds
[2019-12-09T01:55:23.871+0000][1][safepoint    ] Application time: 1.9586229 seconds
[2019-12-09T01:55:23.871+0000][1][safepoint    ] Entering safepoint region: GenCollectForAllocation
[2019-12-09T01:55:23.871+0000][1][gc,start     ] GC(24) Pause Young (Allocation Failure)
[2019-12-09T01:55:23.871+0000][1][gc,task      ] GC(24) Using 2 workers of 2 for evacuation
[2019-12-09T01:55:23.887+0000][1][gc,age       ] GC(24) Desired survivor size 4456448 bytes, new threshold 6 (max threshold 6)
[2019-12-09T01:55:23.887+0000][1][gc,age       ] GC(24) Age table with threshold 6 (max threshold 6)
[2019-12-09T01:55:23.887+0000][1][gc,age       ] GC(24) - age   1:      11296 bytes,      11296 total
[2019-12-09T01:55:23.887+0000][1][gc,age       ] GC(24) - age   2:    1586888 bytes,    1598184 total
[2019-12-09T01:55:23.887+0000][1][gc,heap      ] GC(24) ParNew: 77275K->4822K(78656K)
[2019-12-09T01:55:23.887+0000][1][gc,heap      ] GC(24) CMS: 64422K->67771K(174784K)
[2019-12-09T01:55:23.887+0000][1][gc,metaspace ] GC(24) Metaspace: 67748K->67748K(1112064K)
[2019-12-09T01:55:23.887+0000][1][gc           ] GC(24) Pause Young (Allocation Failure) 138M->70M(247M) 15.737ms
[2019-12-09T01:55:23.887+0000][1][gc,cpu       ] GC(24) User=0.03s Sys=0.00s Real=0.02s
[2019-12-09T01:55:23.887+0000][1][safepoint    ] Leaving safepoint region
[2019-12-09T01:55:23.887+0000][1][safepoint    ] Total time for which application threads were stopped: 0.0159096 seconds, Stopping threads took: 0.0000241 seconds
[2019-12-09T01:55:26.887+0000][1][safepoint    ] Application time: 3.0002375 seconds
[2019-12-09T01:55:26.887+0000][1][safepoint    ] Entering safepoint region: Cleanup
[2019-12-09T01:55:26.887+0000][1][safepoint    ] Leaving safepoint region
[2019-12-09T01:55:26.887+0000][1][safepoint    ] Total time for which application threads were stopped: 0.0000875 seconds, Stopping threads took: 0.0000202 seconds
[2019-12-09T01:55:31.887+0000][1][safepoint    ] Application time: 5.0003425 seconds
[2019-12-09T01:55:31.887+0000][1][safepoint    ] Entering safepoint region: Cleanup
[2019-12-09T01:55:31.888+0000][1][safepoint    ] Leaving safepoint region
[2019-12-09T01:55:31.888+0000][1][safepoint    ] Total time for which application threads were stopped: 0.0000898 seconds, Stopping threads took: 0.0000235 seconds
[2019-12-09T01:55:32.888+0000][1][safepoint    ] Application time: 1.0000771 seconds
[2019-12-09T01:55:32.888+0000][1][safepoint    ] Entering safepoint region: Cleanup
[2019-12-09T01:55:32.888+0000][1][safepoint    ] Leaving safepoint region
[2019-12-09T01:55:32.888+0000][1][safepoint    ] Total time for which application threads were stopped: 0.0001002 seconds, Stopping threads took: 0.0000169 seconds
[2019-12-09T01:55:34.888+0000][1][safepoint    ] Application time: 2.0001451 seconds
[2019-12-09T01:55:34.888+0000][1][safepoint    ] Entering safepoint region: Cleanup
[2019-12-09T01:55:34.888+0000][1][safepoint    ] Leaving safepoint region
[2019-12-09T01:55:34.888+0000][1][safepoint    ] Total time for which application threads were stopped: 0.0000866 seconds, Stopping threads took: 0.0000185 seconds
[2019-12-09T01:55:36.888+0000][1][safepoint    ] Application time: 2.0001432 seconds
[2019-12-09T01:55:36.888+0000][1][safepoint    ] Entering safepoint region: Cleanup
[2019-12-09T01:55:36.888+0000][1][safepoint    ] Leaving safepoint region
[2019-12-09T01:55:36.888+0000][1][safepoint    ] Total time for which application threads were stopped: 0.0000856 seconds, Stopping threads took: 0.0000175 seconds
[2019-12-09T01:55:37.888+0000][1][safepoint    ] Application time: 1.0000761 seconds
[2019-12-09T01:55:37.888+0000][1][safepoint    ] Entering safepoint region: Cleanup
[2019-12-09T01:55:37.888+0000][1][safepoint    ] Leaving safepoint region
[2019-12-09T01:55:37.888+0000][1][safepoint    ] Total time for which application threads were stopped: 0.0000852 seconds, Stopping threads took: 0.0000167 seconds
[2019-12-09T01:55:41.889+0000][1][safepoint    ] Application time: 4.0002796 seconds
[2019-12-09T01:55:41.889+0000][1][safepoint    ] Entering safepoint region: Cleanup
[2019-12-09T01:55:41.889+0000][1][safepoint    ] Leaving safepoint region
[2019-12-09T01:55:41.889+0000][1][safepoint    ] Total time for which application threads were stopped: 0.0000854 seconds, Stopping threads took: 0.0000167 seconds
[2019-12-09T01:55:48.889+0000][1][safepoint    ] Application time: 7.0004904 seconds
[2019-12-09T01:55:48.889+0000][1][safepoint    ] Entering safepoint region: Cleanup
[2019-12-09T01:55:48.889+0000][1][safepoint    ] Leaving safepoint region
[2019-12-09T01:55:48.890+0000][1][safepoint    ] Total time for which application threads were stopped: 0.0000871 seconds, Stopping threads took: 0.0000176 seconds
[2019-12-09T01:55:52.890+0000][1][safepoint    ] Application time: 4.0002477 seconds
[2019-12-09T01:55:52.890+0000][1][safepoint    ] Entering safepoint region: Cleanup
[2019-12-09T01:55:52.890+0000][1][safepoint    ] Leaving safepoint region
[2019-12-09T01:55:52.890+0000][1][safepoint    ] Total time for which application threads were stopped: 0.0000925 seconds, Stopping threads took: 0.0000232 seconds
[2019-12-09T01:55:53.890+0000][1][safepoint    ] Application time: 1.0000772 seconds
[2019-12-09T01:55:53.890+0000][1][safepoint    ] Entering safepoint region: Cleanup
[2019-12-09T01:55:53.890+0000][1][safepoint    ] Leaving safepoint region
[2019-12-09T01:55:53.890+0000][1][safepoint    ] Total time for which application threads were stopped: 0.0000829 seconds, Stopping threads took: 0.0000158 seconds
[2019-12-09T01:55:56.891+0000][1][safepoint    ] Application time: 3.0004298 seconds
[2019-12-09T01:55:56.891+0000][1][safepoint    ] Entering safepoint region: Cleanup
[2019-12-09T01:55:56.891+0000][1][safepoint    ] Leaving safepoint region
[2019-12-09T01:55:56.891+0000][1][safepoint    ] Total time for which application threads were stopped: 0.0000825 seconds, Stopping threads took: 0.0000219 seconds
[2019-12-09T01:55:58.891+0000][1][safepoint    ] Application time: 2.0001464 seconds
[2019-12-09T01:55:58.891+0000][1][safepoint    ] Entering safepoint region: Cleanup
[2019-12-09T01:55:58.891+0000][1][safepoint    ] Leaving safepoint region
[2019-12-09T01:55:58.891+0000][1][safepoint    ] Total time for which application threads were stopped: 0.0001031 seconds, Stopping threads took: 0.0000209 seconds
[2019-12-09T01:55:59.891+0000][1][safepoint    ] Application time: 1.0000737 seconds
[2019-12-09T01:55:59.891+0000][1][safepoint    ] Entering safepoint region: Cleanup
[2019-12-09T01:55:59.891+0000][1][safepoint    ] Leaving safepoint region
[2019-12-09T01:55:59.891+0000][1][safepoint    ] Total time for which application threads were stopped: 0.0000841 seconds, Stopping threads took: 0.0000168 seconds
[2019-12-09T01:56:01.891+0000][1][safepoint    ] Application time: 2.0001397 seconds
[2019-12-09T01:56:01.891+0000][1][safepoint    ] Entering safepoint region: Cleanup
[2019-12-09T01:56:01.891+0000][1][safepoint    ] Leaving safepoint region
[2019-12-09T01:56:01.891+0000][1][safepoint    ] Total time for which application threads were stopped: 0.0000861 seconds, Stopping threads took: 0.0000203 seconds
[2019-12-09T01:56:03.892+0000][1][safepoint    ] Application time: 2.0001424 seconds
[2019-12-09T01:56:03.892+0000][1][safepoint    ] Entering safepoint region: Cleanup
[2019-12-09T01:56:03.892+0000][1][safepoint    ] Leaving safepoint region
[2019-12-09T01:56:03.892+0000][1][safepoint    ] Total time for which application threads were stopped: 0.0000848 seconds, Stopping threads took: 0.0000165 seconds
[2019-12-09T01:56:07.892+0000][1][safepoint    ] Application time: 4.0002737 seconds
[2019-12-09T01:56:07.892+0000][1][safepoint    ] Entering safepoint region: Cleanup
[2019-12-09T01:56:07.892+0000][1][safepoint    ] Leaving safepoint region
[2019-12-09T01:56:07.892+0000][1][safepoint    ] Total time for which application threads were stopped: 0.0000842 seconds, Stopping threads took: 0.0000167 seconds
[2019-12-09T01:56:08.892+0000][1][safepoint    ] Application time: 1.0000749 seconds
[2019-12-09T01:56:08.892+0000][1][safepoint    ] Entering safepoint region: Cleanup
[2019-12-09T01:56:08.892+0000][1][safepoint    ] Leaving safepoint region
[2019-12-09T01:56:08.892+0000][1][safepoint    ] Total time for which application threads were stopped: 0.0000878 seconds, Stopping threads took: 0.0000187 seconds
[2019-12-09T01:56:09.892+0000][1][safepoint    ] Application time: 1.0000742 seconds
[2019-12-09T01:56:09.892+0000][1][safepoint    ] Entering safepoint region: Cleanup
[2019-12-09T01:56:09.892+0000][1][safepoint    ] Leaving safepoint region
[2019-12-09T01:56:09.892+0000][1][safepoint    ] Total time for which application threads were stopped: 0.0000824 seconds, Stopping threads took: 0.0000158 seconds
[2019-12-09T01:56:10.893+0000][1][safepoint    ] Application time: 1.0000761 seconds
[2019-12-09T01:56:10.893+0000][1][safepoint    ] Entering safepoint region: Cleanup
[2019-12-09T01:56:10.893+0000][1][safepoint    ] Leaving safepoint region
[2019-12-09T01:56:10.893+0000][1][safepoint    ] Total time for which application threads were stopped: 0.0000816 seconds, Stopping threads took: 0.0000151 seconds
[2019-12-09T01:56:11.893+0000][1][safepoint    ] Application time: 1.0000836 seconds
[2019-12-09T01:56:11.893+0000][1][safepoint    ] Entering safepoint region: Cleanup
[2019-12-09T01:56:11.893+0000][1][safepoint    ] Leaving safepoint region
[2019-12-09T01:56:11.893+0000][1][safepoint    ] Total time for which application threads were stopped: 0.0000838 seconds, Stopping threads took: 0.0000168 seconds
[2019-12-09T01:56:12.893+0000][1][safepoint    ] Application time: 1.0000752 seconds
[2019-12-09T01:56:12.893+0000][1][safepoint    ] Entering safepoint region: Cleanup
[2019-12-09T01:56:12.893+0000][1][safepoint    ] Leaving safepoint region
[2019-12-09T01:56:12.893+0000][1][safepoint    ] Total time for which application threads were stopped: 0.0000878 seconds, Stopping threads took: 0.0000167 seconds
[2019-12-09T01:56:18.893+0000][1][safepoint    ] Application time: 6.0004120 seconds
[2019-12-09T01:56:18.893+0000][1][safepoint    ] Entering safepoint region: Cleanup
[2019-12-09T01:56:18.894+0000][1][safepoint    ] Leaving safepoint region
[2019-12-09T01:56:18.894+0000][1][safepoint    ] Total time for which application threads were stopped: 0.0000796 seconds, Stopping threads took: 0.0000161 seconds
[2019-12-09T01:56:22.894+0000][1][safepoint    ] Application time: 4.0002804 seconds
[2019-12-09T01:56:22.894+0000][1][safepoint    ] Entering safepoint region: Cleanup
[2019-12-09T01:56:22.894+0000][1][safepoint    ] Leaving safepoint region
[2019-12-09T01:56:22.894+0000][1][safepoint    ] Total time for which application threads were stopped: 0.0000865 seconds, Stopping threads took: 0.0000172 seconds
[2019-12-09T01:56:28.894+0000][1][safepoint    ] Application time: 6.0004072 seconds
[2019-12-09T01:56:28.894+0000][1][safepoint    ] Entering safepoint region: Cleanup
[2019-12-09T01:56:28.894+0000][1][safepoint    ] Leaving safepoint region
[2019-12-09T01:56:28.894+0000][1][safepoint    ] Total time for which application threads were stopped: 0.0000907 seconds, Stopping threads took: 0.0000245 seconds
[2019-12-09T01:56:29.895+0000][1][safepoint    ] Application time: 1.0000753 seconds
[2019-12-09T01:56:29.895+0000][1][safepoint    ] Entering safepoint region: Cleanup
[2019-12-09T01:56:29.895+0000][1][safepoint    ] Leaving safepoint region
[2019-12-09T01:56:29.895+0000][1][safepoint    ] Total time for which application threads were stopped: 0.0000869 seconds, Stopping threads took: 0.0000168 seconds
[2019-12-09T01:56:32.895+0000][1][safepoint    ] Application time: 3.0002192 seconds
[2019-12-09T01:56:32.895+0000][1][safepoint    ] Entering safepoint region: Cleanup
[2019-12-09T01:56:32.895+0000][1][safepoint    ] Leaving safepoint region
[2019-12-09T01:56:32.895+0000][1][safepoint    ] Total time for which application threads were stopped: 0.0000916 seconds, Stopping threads took: 0.0000167 seconds
[2019-12-09T01:56:37.895+0000][1][safepoint    ] Application time: 5.0003468 seconds
[2019-12-09T01:56:37.895+0000][1][safepoint    ] Entering safepoint region: Cleanup
[2019-12-09T01:56:37.895+0000][1][safepoint    ] Leaving safepoint region
[2019-12-09T01:56:37.895+0000][1][safepoint    ] Total time for which application threads were stopped: 0.0000853 seconds, Stopping threads took: 0.0000179 seconds
[2019-12-09T01:56:38.896+0000][1][safepoint    ] Application time: 1.0000762 seconds
[2019-12-09T01:56:38.896+0000][1][safepoint    ] Entering safepoint region: Cleanup
[2019-12-09T01:56:38.896+0000][1][safepoint    ] Leaving safepoint region
[2019-12-09T01:56:38.896+0000][1][safepoint    ] Total time for which application threads were stopped: 0.0001023 seconds, Stopping threads took: 0.0000186 seconds
[2019-12-09T01:56:41.896+0000][1][safepoint    ] Application time: 3.0002042 seconds
[2019-12-09T01:56:41.896+0000][1][safepoint    ] Entering safepoint region: Cleanup
[2019-12-09T01:56:41.896+0000][1][safepoint    ] Leaving safepoint region
[2019-12-09T01:56:41.896+0000][1][safepoint    ] Total time for which application threads were stopped: 0.0000895 seconds, Stopping threads took: 0.0000187 seconds
[2019-12-09T01:56:43.896+0000][1][safepoint    ] Application time: 2.0001415 seconds
[2019-12-09T01:56:43.896+0000][1][safepoint    ] Entering safepoint region: Cleanup
[2019-12-09T01:56:43.896+0000][1][safepoint    ] Leaving safepoint region
[2019-12-09T01:56:43.896+0000][1][safepoint    ] Total time for which application threads were stopped: 0.0000864 seconds, Stopping threads took: 0.0000184 seconds
[2019-12-09T01:56:47.897+0000][1][safepoint    ] Application time: 4.0002751 seconds
[2019-12-09T01:56:47.897+0000][1][safepoint    ] Entering safepoint region: Cleanup
[2019-12-09T01:56:47.897+0000][1][safepoint    ] Leaving safepoint region
[2019-12-09T01:56:47.897+0000][1][safepoint    ] Total time for which application threads were stopped: 0.0000993 seconds, Stopping threads took: 0.0000244 seconds
[2019-12-09T01:56:55.897+0000][1][safepoint    ] Application time: 8.0005476 seconds
[2019-12-09T01:56:55.897+0000][1][safepoint    ] Entering safepoint region: Cleanup
[2019-12-09T01:56:55.897+0000][1][safepoint    ] Leaving safepoint region
[2019-12-09T01:56:55.897+0000][1][safepoint    ] Total time for which application threads were stopped: 0.0000926 seconds, Stopping threads took: 0.0000261 seconds
[2019-12-09T01:56:57.898+0000][1][safepoint    ] Application time: 2.0001434 seconds
[2019-12-09T01:56:57.898+0000][1][safepoint    ] Entering safepoint region: Cleanup
[2019-12-09T01:56:57.898+0000][1][safepoint    ] Leaving safepoint region
[2019-12-09T01:56:57.898+0000][1][safepoint    ] Total time for which application threads were stopped: 0.0001007 seconds, Stopping threads took: 0.0000173 seconds
[2019-12-09T01:57:00.898+0000][1][safepoint    ] Application time: 3.0002127 seconds
[2019-12-09T01:57:00.898+0000][1][safepoint    ] Entering safepoint region: Cleanup
[2019-12-09T01:57:00.898+0000][1][safepoint    ] Leaving safepoint region
[2019-12-09T01:57:00.898+0000][1][safepoint    ] Total time for which application threads were stopped: 0.0000917 seconds, Stopping threads took: 0.0000164 seconds
[2019-12-09T01:57:01.898+0000][1][safepoint    ] Application time: 1.0000761 seconds
[2019-12-09T01:57:01.898+0000][1][safepoint    ] Entering safepoint region: Cleanup
[2019-12-09T01:57:01.898+0000][1][safepoint    ] Leaving safepoint region
[2019-12-09T01:57:01.898+0000][1][safepoint    ] Total time for which application threads were stopped: 0.0000838 seconds, Stopping threads took: 0.0000166 seconds
[2019-12-09T01:57:02.898+0000][1][safepoint    ] Application time: 1.0000765 seconds
[2019-12-09T01:57:02.898+0000][1][safepoint    ] Entering safepoint region: Cleanup
[2019-12-09T01:57:02.898+0000][1][safepoint    ] Leaving safepoint region
[2019-12-09T01:57:02.898+0000][1][safepoint    ] Total time for which application threads were stopped: 0.0000856 seconds, Stopping threads took: 0.0000182 seconds
[2019-12-09T01:57:03.899+0000][1][safepoint    ] Application time: 1.0000772 seconds
[2019-12-09T01:57:03.899+0000][1][safepoint    ] Entering safepoint region: Cleanup
[2019-12-09T01:57:03.899+0000][1][safepoint    ] Leaving safepoint region
[2019-12-09T01:57:03.899+0000][1][safepoint    ] Total time for which application threads were stopped: 0.0001005 seconds, Stopping threads took: 0.0000174 seconds
[2019-12-09T01:57:04.899+0000][1][safepoint    ] Application time: 1.0000739 seconds
[2019-12-09T01:57:04.899+0000][1][safepoint    ] Entering safepoint region: Cleanup
[2019-12-09T01:57:04.899+0000][1][safepoint    ] Leaving safepoint region
[2019-12-09T01:57:04.899+0000][1][safepoint    ] Total time for which application threads were stopped: 0.0000895 seconds, Stopping threads took: 0.0000178 seconds
[2019-12-09T01:57:06.899+0000][1][safepoint    ] Application time: 2.0001357 seconds
[2019-12-09T01:57:06.899+0000][1][safepoint    ] Entering safepoint region: Cleanup
[2019-12-09T01:57:06.899+0000][1][safepoint    ] Leaving safepoint region
[2019-12-09T01:57:06.899+0000][1][safepoint    ] Total time for which application threads were stopped: 0.0000864 seconds, Stopping threads took: 0.0000203 seconds
[2019-12-09T01:57:09.899+0000][1][safepoint    ] Application time: 3.0002101 seconds
[2019-12-09T01:57:09.899+0000][1][safepoint    ] Entering safepoint region: Cleanup
[2019-12-09T01:57:09.900+0000][1][safepoint    ] Leaving safepoint region
[2019-12-09T01:57:09.900+0000][1][safepoint    ] Total time for which application threads were stopped: 0.0000867 seconds, Stopping threads took: 0.0000167 seconds
[2019-12-09T01:57:10.900+0000][1][safepoint    ] Application time: 1.0000777 seconds
[2019-12-09T01:57:10.900+0000][1][safepoint    ] Entering safepoint region: Cleanup
[2019-12-09T01:57:10.900+0000][1][safepoint    ] Leaving safepoint region
[2019-12-09T01:57:10.900+0000][1][safepoint    ] Total time for which application threads were stopped: 0.0001256 seconds, Stopping threads took: 0.0000279 seconds
[2019-12-09T01:57:13.900+0000][1][safepoint    ] Application time: 3.0002101 seconds
[2019-12-09T01:57:13.900+0000][1][safepoint    ] Entering safepoint region: Cleanup
[2019-12-09T01:57:13.900+0000][1][safepoint    ] Leaving safepoint region
[2019-12-09T01:57:13.900+0000][1][safepoint    ] Total time for which application threads were stopped: 0.0000899 seconds, Stopping threads took: 0.0000208 seconds
[2019-12-09T01:57:14.900+0000][1][safepoint    ] Application time: 1.0000813 seconds
[2019-12-09T01:57:14.900+0000][1][safepoint    ] Entering safepoint region: Cleanup
[2019-12-09T01:57:14.900+0000][1][safepoint    ] Leaving safepoint region
[2019-12-09T01:57:14.900+0000][1][safepoint    ] Total time for which application threads were stopped: 0.0001101 seconds, Stopping threads took: 0.0000218 seconds
[2019-12-09T01:57:15.900+0000][1][safepoint    ] Application time: 1.0000770 seconds
[2019-12-09T01:57:15.900+0000][1][safepoint    ] Entering safepoint region: Cleanup
[2019-12-09T01:57:15.901+0000][1][safepoint    ] Leaving safepoint region
[2019-12-09T01:57:15.901+0000][1][safepoint    ] Total time for which application threads were stopped: 0.0000900 seconds, Stopping threads took: 0.0000160 seconds
[2019-12-09T01:57:16.901+0000][1][safepoint    ] Application time: 1.0000302 seconds
[2019-12-09T01:57:16.901+0000][1][safepoint    ] Entering safepoint region: Cleanup
[2019-12-09T01:57:16.901+0000][1][safepoint    ] Leaving safepoint region
[2019-12-09T01:57:16.901+0000][1][safepoint    ] Total time for which application threads were stopped: 0.0001011 seconds, Stopping threads took: 0.0000168 seconds
[2019-12-09T01:57:21.901+0000][1][safepoint    ] Application time: 5.0003380 seconds
[2019-12-09T01:57:21.901+0000][1][safepoint    ] Entering safepoint region: Cleanup
[2019-12-09T01:57:21.901+0000][1][safepoint    ] Leaving safepoint region
[2019-12-09T01:57:21.901+0000][1][safepoint    ] Total time for which application threads were stopped: 0.0000896 seconds, Stopping threads took: 0.0000161 seconds
[2019-12-09T01:57:26.902+0000][1][safepoint    ] Application time: 5.0003427 seconds
[2019-12-09T01:57:26.902+0000][1][safepoint    ] Entering safepoint region: Cleanup
[2019-12-09T01:57:26.902+0000][1][safepoint    ] Leaving safepoint region
[2019-12-09T01:57:26.902+0000][1][safepoint    ] Total time for which application threads were stopped: 0.0000982 seconds, Stopping threads took: 0.0000265 seconds
[2019-12-09T01:57:31.986+0000][1][safepoint    ] Application time: 5.0842563 seconds
[2019-12-09T01:57:31.986+0000][1][safepoint    ] Entering safepoint region: GenCollectForAllocation
[2019-12-09T01:57:31.986+0000][1][gc,start     ] GC(25) Pause Young (Allocation Failure)
[2019-12-09T01:57:31.986+0000][1][gc,task      ] GC(25) Using 2 workers of 2 for evacuation
[2019-12-09T01:57:31.991+0000][1][gc,age       ] GC(25) Desired survivor size 4456448 bytes, new threshold 6 (max threshold 6)
[2019-12-09T01:57:31.991+0000][1][gc,age       ] GC(25) Age table with threshold 6 (max threshold 6)
[2019-12-09T01:57:31.991+0000][1][gc,age       ] GC(25) - age   1:      10728 bytes,      10728 total
[2019-12-09T01:57:31.991+0000][1][gc,age       ] GC(25) - age   2:       8216 bytes,      18944 total
[2019-12-09T01:57:31.991+0000][1][gc,age       ] GC(25) - age   3:    1586888 bytes,    1605832 total
[2019-12-09T01:57:31.991+0000][1][gc,heap      ] GC(25) ParNew: 74774K->2393K(78656K)
[2019-12-09T01:57:31.991+0000][1][gc,heap      ] GC(25) CMS: 67771K->67771K(174784K)
[2019-12-09T01:57:31.991+0000][1][gc,metaspace ] GC(25) Metaspace: 67950K->67950K(1112064K)
[2019-12-09T01:57:31.991+0000][1][gc           ] GC(25) Pause Young (Allocation Failure) 139M->68M(247M) 5.172ms
[2019-12-09T01:57:31.991+0000][1][gc,cpu       ] GC(25) User=0.01s Sys=0.00s Real=0.00s
[2019-12-09T01:57:31.991+0000][1][safepoint    ] Leaving safepoint region
[2019-12-09T01:57:31.991+0000][1][safepoint    ] Total time for which application threads were stopped: 0.0053378 seconds, Stopping threads took: 0.0000148 seconds
[2019-12-09T01:57:32.991+0000][1][safepoint    ] Application time: 1.0000863 seconds
[2019-12-09T01:57:32.991+0000][1][safepoint    ] Entering safepoint region: Cleanup
[2019-12-09T01:57:32.992+0000][1][safepoint    ] Leaving safepoint region
[2019-12-09T01:57:32.992+0000][1][safepoint    ] Total time for which application threads were stopped: 0.0000894 seconds, Stopping threads took: 0.0000180 seconds
[2019-12-09T01:57:35.992+0000][1][safepoint    ] Application time: 3.0002060 seconds
[2019-12-09T01:57:35.992+0000][1][safepoint    ] Entering safepoint region: Cleanup
[2019-12-09T01:57:35.992+0000][1][safepoint    ] Leaving safepoint region
[2019-12-09T01:57:35.992+0000][1][safepoint    ] Total time for which application threads were stopped: 0.0000909 seconds, Stopping threads took: 0.0000178 seconds
[2019-12-09T01:57:37.992+0000][1][safepoint    ] Application time: 2.0001453 seconds
[2019-12-09T01:57:37.992+0000][1][safepoint    ] Entering safepoint region: Cleanup
[2019-12-09T01:57:37.992+0000][1][safepoint    ] Leaving safepoint region
[2019-12-09T01:57:37.992+0000][1][safepoint    ] Total time for which application threads were stopped: 0.0000868 seconds, Stopping threads took: 0.0000179 seconds
[2019-12-09T01:57:45.993+0000][1][safepoint    ] Application time: 8.0005479 seconds
[2019-12-09T01:57:45.993+0000][1][safepoint    ] Entering safepoint region: Cleanup
[2019-12-09T01:57:45.993+0000][1][safepoint    ] Leaving safepoint region
[2019-12-09T01:57:45.993+0000][1][safepoint    ] Total time for which application threads were stopped: 0.0000880 seconds, Stopping threads took: 0.0000174 seconds
[2019-12-09T01:57:46.993+0000][1][safepoint    ] Application time: 1.0000759 seconds
[2019-12-09T01:57:46.993+0000][1][safepoint    ] Entering safepoint region: Cleanup
[2019-12-09T01:57:46.993+0000][1][safepoint    ] Leaving safepoint region
[2019-12-09T01:57:46.993+0000][1][safepoint    ] Total time for which application threads were stopped: 0.0000847 seconds, Stopping threads took: 0.0000173 seconds
[2019-12-09T01:57:50.993+0000][1][safepoint    ] Application time: 4.0002772 seconds
[2019-12-09T01:57:50.993+0000][1][safepoint    ] Entering safepoint region: Cleanup
[2019-12-09T01:57:50.993+0000][1][safepoint    ] Leaving safepoint region
[2019-12-09T01:57:50.993+0000][1][safepoint    ] Total time for which application threads were stopped: 0.0000831 seconds, Stopping threads took: 0.0000171 seconds
[2019-12-09T01:57:56.994+0000][1][safepoint    ] Application time: 6.0004216 seconds
[2019-12-09T01:57:56.994+0000][1][safepoint    ] Entering safepoint region: Cleanup
[2019-12-09T01:57:56.994+0000][1][safepoint    ] Leaving safepoint region
[2019-12-09T01:57:56.994+0000][1][safepoint    ] Total time for which application threads were stopped: 0.0000946 seconds, Stopping threads took: 0.0000266 seconds
[2019-12-09T01:58:11.995+0000][1][safepoint    ] Application time: 15.0011309 seconds
[2019-12-09T01:58:11.995+0000][1][safepoint    ] Entering safepoint region: Cleanup
[2019-12-09T01:58:11.995+0000][1][safepoint    ] Leaving safepoint region
[2019-12-09T01:58:11.995+0000][1][safepoint    ] Total time for which application threads were stopped: 0.0000803 seconds, Stopping threads took: 0.0000176 seconds
[2019-12-09T01:58:13.995+0000][1][safepoint    ] Application time: 2.0001415 seconds
[2019-12-09T01:58:13.995+0000][1][safepoint    ] Entering safepoint region: Cleanup
[2019-12-09T01:58:13.995+0000][1][safepoint    ] Leaving safepoint region
[2019-12-09T01:58:13.995+0000][1][safepoint    ] Total time for which application threads were stopped: 0.0000801 seconds, Stopping threads took: 0.0000169 seconds
[2019-12-09T01:58:17.996+0000][1][safepoint    ] Application time: 4.0002835 seconds
[2019-12-09T01:58:17.996+0000][1][safepoint    ] Entering safepoint region: Cleanup
[2019-12-09T01:58:17.996+0000][1][safepoint    ] Leaving safepoint region
[2019-12-09T01:58:17.996+0000][1][safepoint    ] Total time for which application threads were stopped: 0.0000952 seconds, Stopping threads took: 0.0000177 seconds
[2019-12-09T01:58:18.996+0000][1][safepoint    ] Application time: 1.0000493 seconds
[2019-12-09T01:58:18.996+0000][1][safepoint    ] Entering safepoint region: Cleanup
[2019-12-09T01:58:18.996+0000][1][safepoint    ] Leaving safepoint region
[2019-12-09T01:58:18.996+0000][1][safepoint    ] Total time for which application threads were stopped: 0.0000852 seconds, Stopping threads took: 0.0000174 seconds
[2019-12-09T01:58:19.996+0000][1][safepoint    ] Application time: 1.0000754 seconds
[2019-12-09T01:58:19.996+0000][1][safepoint    ] Entering safepoint region: Cleanup
[2019-12-09T01:58:19.996+0000][1][safepoint    ] Leaving safepoint region
[2019-12-09T01:58:19.996+0000][1][safepoint    ] Total time for which application threads were stopped: 0.0001021 seconds, Stopping threads took: 0.0000181 seconds
[2019-12-09T01:58:20.996+0000][1][safepoint    ] Application time: 1.0000783 seconds
[2019-12-09T01:58:20.996+0000][1][safepoint    ] Entering safepoint region: Cleanup
[2019-12-09T01:58:20.997+0000][1][safepoint    ] Leaving safepoint region
[2019-12-09T01:58:20.997+0000][1][safepoint    ] Total time for which application threads were stopped: 0.0000785 seconds, Stopping threads took: 0.0000167 seconds
[2019-12-09T01:58:21.997+0000][1][safepoint    ] Application time: 1.0000757 seconds
[2019-12-09T01:58:21.997+0000][1][safepoint    ] Entering safepoint region: Cleanup
[2019-12-09T01:58:21.997+0000][1][safepoint    ] Leaving safepoint region
[2019-12-09T01:58:21.997+0000][1][safepoint    ] Total time for which application threads were stopped: 0.0000879 seconds, Stopping threads took: 0.0000160 seconds
[2019-12-09T01:58:23.997+0000][1][safepoint    ] Application time: 2.0001408 seconds
[2019-12-09T01:58:23.997+0000][1][safepoint    ] Entering safepoint region: Cleanup
[2019-12-09T01:58:23.997+0000][1][safepoint    ] Leaving safepoint region
[2019-12-09T01:58:23.997+0000][1][safepoint    ] Total time for which application threads were stopped: 0.0000786 seconds, Stopping threads took: 0.0000174 seconds
[2019-12-09T01:58:25.997+0000][1][safepoint    ] Application time: 2.0001466 seconds
[2019-12-09T01:58:25.997+0000][1][safepoint    ] Entering safepoint region: Cleanup
[2019-12-09T01:58:25.997+0000][1][safepoint    ] Leaving safepoint region
[2019-12-09T01:58:25.997+0000][1][safepoint    ] Total time for which application threads were stopped: 0.0000903 seconds, Stopping threads took: 0.0000262 seconds
[2019-12-09T01:58:27.997+0000][1][safepoint    ] Application time: 2.0001433 seconds
[2019-12-09T01:58:27.997+0000][1][safepoint    ] Entering safepoint region: Cleanup
[2019-12-09T01:58:27.998+0000][1][safepoint    ] Leaving safepoint region
[2019-12-09T01:58:27.998+0000][1][safepoint    ] Total time for which application threads were stopped: 0.0000805 seconds, Stopping threads took: 0.0000179 seconds
[2019-12-09T01:58:29.998+0000][1][safepoint    ] Application time: 2.0001530 seconds
[2019-12-09T01:58:29.998+0000][1][safepoint    ] Entering safepoint region: Cleanup
[2019-12-09T01:58:29.998+0000][1][safepoint    ] Leaving safepoint region
[2019-12-09T01:58:29.998+0000][1][safepoint    ] Total time for which application threads were stopped: 0.0000822 seconds, Stopping threads took: 0.0000171 seconds
[2019-12-09T01:58:44.999+0000][1][safepoint    ] Application time: 15.0009878 seconds
[2019-12-09T01:58:44.999+0000][1][safepoint    ] Entering safepoint region: Cleanup
[2019-12-09T01:58:44.999+0000][1][safepoint    ] Leaving safepoint region
[2019-12-09T01:58:44.999+0000][1][safepoint    ] Total time for which application threads were stopped: 0.0000834 seconds, Stopping threads took: 0.0000178 seconds
[2019-12-09T01:58:45.999+0000][1][safepoint    ] Application time: 1.0000751 seconds
[2019-12-09T01:58:45.999+0000][1][safepoint    ] Entering safepoint region: Cleanup
[2019-12-09T01:58:45.999+0000][1][safepoint    ] Leaving safepoint region
[2019-12-09T01:58:45.999+0000][1][safepoint    ] Total time for which application threads were stopped: 0.0000881 seconds, Stopping threads took: 0.0000175 seconds
[2019-12-09T01:58:46.999+0000][1][safepoint    ] Application time: 1.0000764 seconds
[2019-12-09T01:58:46.999+0000][1][safepoint    ] Entering safepoint region: Cleanup
[2019-12-09T01:58:46.999+0000][1][safepoint    ] Leaving safepoint region
[2019-12-09T01:58:46.999+0000][1][safepoint    ] Total time for which application threads were stopped: 0.0000827 seconds, Stopping threads took: 0.0000168 seconds
[2019-12-09T01:58:47.999+0000][1][safepoint    ] Application time: 1.0000765 seconds
[2019-12-09T01:58:47.999+0000][1][safepoint    ] Entering safepoint region: Cleanup
[2019-12-09T01:58:48.000+0000][1][safepoint    ] Leaving safepoint region
[2019-12-09T01:58:48.000+0000][1][safepoint    ] Total time for which application threads were stopped: 0.0000806 seconds, Stopping threads took: 0.0000181 seconds
[2019-12-09T01:59:10.001+0000][1][safepoint    ] Application time: 22.0019047 seconds
[2019-12-09T01:59:10.001+0000][1][safepoint    ] Entering safepoint region: Cleanup
[2019-12-09T01:59:10.002+0000][1][safepoint    ] Leaving safepoint region
[2019-12-09T01:59:10.002+0000][1][safepoint    ] Total time for which application threads were stopped: 0.0000850 seconds, Stopping threads took: 0.0000230 seconds
[2019-12-09T01:59:12.002+0000][1][safepoint    ] Application time: 2.0001288 seconds
[2019-12-09T01:59:12.002+0000][1][safepoint    ] Entering safepoint region: Cleanup
[2019-12-09T01:59:12.002+0000][1][safepoint    ] Leaving safepoint region
[2019-12-09T01:59:12.002+0000][1][safepoint    ] Total time for which application threads were stopped: 0.0000779 seconds, Stopping threads took: 0.0000170 seconds
[2019-12-09T01:59:17.002+0000][1][safepoint    ] Application time: 5.0003685 seconds
[2019-12-09T01:59:17.002+0000][1][safepoint    ] Entering safepoint region: Cleanup
[2019-12-09T01:59:17.002+0000][1][safepoint    ] Leaving safepoint region
[2019-12-09T01:59:17.002+0000][1][safepoint    ] Total time for which application threads were stopped: 0.0000781 seconds, Stopping threads took: 0.0000166 seconds
[2019-12-09T01:59:19.002+0000][1][safepoint    ] Application time: 2.0001512 seconds
[2019-12-09T01:59:19.002+0000][1][safepoint    ] Entering safepoint region: Cleanup
[2019-12-09T01:59:19.003+0000][1][safepoint    ] Leaving safepoint region
[2019-12-09T01:59:19.003+0000][1][safepoint    ] Total time for which application threads were stopped: 0.0000847 seconds, Stopping threads took: 0.0000169 seconds
[2019-12-09T01:59:26.003+0000][1][safepoint    ] Application time: 7.0004442 seconds
[2019-12-09T01:59:26.003+0000][1][safepoint    ] Entering safepoint region: Cleanup
[2019-12-09T01:59:26.003+0000][1][safepoint    ] Leaving safepoint region
[2019-12-09T01:59:26.003+0000][1][safepoint    ] Total time for which application threads were stopped: 0.0000906 seconds, Stopping threads took: 0.0000254 seconds
[2019-12-09T01:59:28.003+0000][1][safepoint    ] Application time: 2.0001538 seconds
[2019-12-09T01:59:28.003+0000][1][safepoint    ] Entering safepoint region: Cleanup
[2019-12-09T01:59:28.003+0000][1][safepoint    ] Leaving safepoint region
[2019-12-09T01:59:28.003+0000][1][safepoint    ] Total time for which application threads were stopped: 0.0000830 seconds, Stopping threads took: 0.0000174 seconds
[2019-12-09T01:59:39.004+0000][1][safepoint    ] Application time: 11.0007700 seconds
[2019-12-09T01:59:39.004+0000][1][safepoint    ] Entering safepoint region: Cleanup
[2019-12-09T01:59:39.004+0000][1][safepoint    ] Leaving safepoint region
[2019-12-09T01:59:39.004+0000][1][safepoint    ] Total time for which application threads were stopped: 0.0000783 seconds, Stopping threads took: 0.0000168 seconds
[2019-12-09T01:59:42.041+0000][1][safepoint    ] Application time: 3.0371236 seconds
[2019-12-09T01:59:42.041+0000][1][safepoint    ] Entering safepoint region: GenCollectForAllocation
[2019-12-09T01:59:42.042+0000][1][gc,start     ] GC(26) Pause Young (Allocation Failure)
[2019-12-09T01:59:42.042+0000][1][gc,task      ] GC(26) Using 2 workers of 2 for evacuation
[2019-12-09T01:59:42.047+0000][1][gc,age       ] GC(26) Desired survivor size 4456448 bytes, new threshold 6 (max threshold 6)
[2019-12-09T01:59:42.047+0000][1][gc,age       ] GC(26) Age table with threshold 6 (max threshold 6)
[2019-12-09T01:59:42.047+0000][1][gc,age       ] GC(26) - age   1:       6896 bytes,       6896 total
[2019-12-09T01:59:42.047+0000][1][gc,age       ] GC(26) - age   2:       6856 bytes,      13752 total
[2019-12-09T01:59:42.047+0000][1][gc,age       ] GC(26) - age   3:       8216 bytes,      21968 total
[2019-12-09T01:59:42.047+0000][1][gc,age       ] GC(26) - age   4:    1508736 bytes,    1530704 total
[2019-12-09T01:59:42.047+0000][1][gc,heap      ] GC(26) ParNew: 72345K->2362K(78656K)
[2019-12-09T01:59:42.047+0000][1][gc,heap      ] GC(26) CMS: 67771K->67771K(174784K)
[2019-12-09T01:59:42.047+0000][1][gc,metaspace ] GC(26) Metaspace: 68037K->68037K(1112064K)
[2019-12-09T01:59:42.047+0000][1][gc           ] GC(26) Pause Young (Allocation Failure) 136M->68M(247M) 5.115ms
[2019-12-09T01:59:42.047+0000][1][gc,cpu       ] GC(26) User=0.01s Sys=0.00s Real=0.01s
[2019-12-09T01:59:42.047+0000][1][safepoint    ] Leaving safepoint region
[2019-12-09T01:59:42.047+0000][1][safepoint    ] Total time for which application threads were stopped: 0.0052579 seconds, Stopping threads took: 0.0000149 seconds
[2019-12-09T01:59:53.047+0000][1][safepoint    ] Application time: 11.0007471 seconds
[2019-12-09T01:59:53.048+0000][1][safepoint    ] Entering safepoint region: Cleanup
[2019-12-09T01:59:53.048+0000][1][safepoint    ] Leaving safepoint region
[2019-12-09T01:59:53.048+0000][1][safepoint    ] Total time for which application threads were stopped: 0.0000796 seconds, Stopping threads took: 0.0000169 seconds
[2019-12-09T02:00:09.049+0000][1][safepoint    ] Application time: 16.0011037 seconds
[2019-12-09T02:00:09.049+0000][1][safepoint    ] Entering safepoint region: Cleanup
[2019-12-09T02:00:09.049+0000][1][safepoint    ] Leaving safepoint region
[2019-12-09T02:00:09.049+0000][1][safepoint    ] Total time for which application threads were stopped: 0.0000863 seconds, Stopping threads took: 0.0000236 seconds
[2019-12-09T02:00:18.049+0000][1][safepoint    ] Application time: 9.0006048 seconds
[2019-12-09T02:00:18.049+0000][1][safepoint    ] Entering safepoint region: Cleanup
[2019-12-09T02:00:18.050+0000][1][safepoint    ] Leaving safepoint region
[2019-12-09T02:00:18.050+0000][1][safepoint    ] Total time for which application threads were stopped: 0.0000785 seconds, Stopping threads took: 0.0000156 seconds
[2019-12-09T02:00:33.051+0000][1][safepoint    ] Application time: 15.0011403 seconds
[2019-12-09T02:00:33.051+0000][1][safepoint    ] Entering safepoint region: Cleanup
[2019-12-09T02:00:33.051+0000][1][safepoint    ] Leaving safepoint region
[2019-12-09T02:00:33.051+0000][1][safepoint    ] Total time for which application threads were stopped: 0.0001250 seconds, Stopping threads took: 0.0000289 seconds
[2019-12-09T02:00:40.051+0000][1][safepoint    ] Application time: 7.0004841 seconds
[2019-12-09T02:00:40.051+0000][1][safepoint    ] Entering safepoint region: Cleanup
[2019-12-09T02:00:40.051+0000][1][safepoint    ] Leaving safepoint region
[2019-12-09T02:00:40.051+0000][1][safepoint    ] Total time for which application threads were stopped: 0.0000822 seconds, Stopping threads took: 0.0000178 seconds
[2019-12-09T02:00:53.075+0000][1][safepoint    ] Application time: 13.0232178 seconds
[2019-12-09T02:00:53.075+0000][1][safepoint    ] Entering safepoint region: Cleanup
[2019-12-09T02:00:53.075+0000][1][safepoint    ] Leaving safepoint region
[2019-12-09T02:00:53.075+0000][1][safepoint    ] Total time for which application threads were stopped: 0.0001364 seconds, Stopping threads took: 0.0000353 seconds
[2019-12-09T02:00:55.079+0000][1][safepoint    ] Application time: 2.0037877 seconds
[2019-12-09T02:00:55.079+0000][1][safepoint    ] Entering safepoint region: Cleanup
[2019-12-09T02:00:55.079+0000][1][safepoint    ] Leaving safepoint region
[2019-12-09T02:00:55.079+0000][1][safepoint    ] Total time for which application threads were stopped: 0.0001129 seconds, Stopping threads took: 0.0000241 seconds
[2019-12-09T02:01:01.097+0000][1][safepoint    ] Application time: 6.0178327 seconds
[2019-12-09T02:01:01.097+0000][1][safepoint    ] Entering safepoint region: Cleanup
[2019-12-09T02:01:01.097+0000][1][safepoint    ] Leaving safepoint region
[2019-12-09T02:01:01.097+0000][1][safepoint    ] Total time for which application threads were stopped: 0.0001175 seconds, Stopping threads took: 0.0000254 seconds
[2019-12-09T02:01:10.119+0000][1][safepoint    ] Application time: 9.0218208 seconds
[2019-12-09T02:01:10.119+0000][1][safepoint    ] Entering safepoint region: Cleanup
[2019-12-09T02:01:10.119+0000][1][safepoint    ] Leaving safepoint region
[2019-12-09T02:01:10.119+0000][1][safepoint    ] Total time for which application threads were stopped: 0.0001119 seconds, Stopping threads took: 0.0000235 seconds
[2019-12-09T02:01:32.186+0000][1][safepoint    ] Application time: 22.0668409 seconds
[2019-12-09T02:01:32.186+0000][1][safepoint    ] Entering safepoint region: Cleanup
[2019-12-09T02:01:32.186+0000][1][safepoint    ] Leaving safepoint region
[2019-12-09T02:01:32.186+0000][1][safepoint    ] Total time for which application threads were stopped: 0.0001161 seconds, Stopping threads took: 0.0000333 seconds
[2019-12-09T02:01:42.188+0000][1][safepoint    ] Application time: 10.0023924 seconds
[2019-12-09T02:01:42.188+0000][1][safepoint    ] Entering safepoint region: Cleanup
[2019-12-09T02:01:42.188+0000][1][safepoint    ] Leaving safepoint region
[2019-12-09T02:01:42.188+0000][1][safepoint    ] Total time for which application threads were stopped: 0.0000705 seconds, Stopping threads took: 0.0000143 seconds
[2019-12-09T02:01:47.189+0000][1][safepoint    ] Application time: 5.0003333 seconds
[2019-12-09T02:01:47.189+0000][1][safepoint    ] Entering safepoint region: Cleanup
[2019-12-09T02:01:47.189+0000][1][safepoint    ] Leaving safepoint region
[2019-12-09T02:01:47.189+0000][1][safepoint    ] Total time for which application threads were stopped: 0.0000799 seconds, Stopping threads took: 0.0000176 seconds
[2019-12-09T02:01:50.189+0000][1][safepoint    ] Application time: 3.0002152 seconds
[2019-12-09T02:01:50.189+0000][1][safepoint    ] Entering safepoint region: Cleanup
[2019-12-09T02:01:50.189+0000][1][safepoint    ] Leaving safepoint region
[2019-12-09T02:01:50.189+0000][1][safepoint    ] Total time for which application threads were stopped: 0.0000803 seconds, Stopping threads took: 0.0000175 seconds
[2019-12-09T02:01:52.127+0000][1][safepoint    ] Application time: 1.9383116 seconds
[2019-12-09T02:01:52.128+0000][1][safepoint    ] Entering safepoint region: GenCollectForAllocation
[2019-12-09T02:01:52.128+0000][1][gc,start     ] GC(27) Pause Young (Allocation Failure)
[2019-12-09T02:01:52.128+0000][1][gc,task      ] GC(27) Using 2 workers of 2 for evacuation
[2019-12-09T02:01:52.133+0000][1][gc,age       ] GC(27) Desired survivor size 4456448 bytes, new threshold 6 (max threshold 6)
[2019-12-09T02:01:52.133+0000][1][gc,age       ] GC(27) Age table with threshold 6 (max threshold 6)
[2019-12-09T02:01:52.133+0000][1][gc,age       ] GC(27) - age   1:       7256 bytes,       7256 total
[2019-12-09T02:01:52.133+0000][1][gc,age       ] GC(27) - age   2:       3104 bytes,      10360 total
[2019-12-09T02:01:52.133+0000][1][gc,age       ] GC(27) - age   3:       6856 bytes,      17216 total
[2019-12-09T02:01:52.133+0000][1][gc,age       ] GC(27) - age   4:       8216 bytes,      25432 total
[2019-12-09T02:01:52.133+0000][1][gc,age       ] GC(27) - age   5:    1508736 bytes,    1534168 total
[2019-12-09T02:01:52.133+0000][1][gc,heap      ] GC(27) ParNew: 72314K->2272K(78656K)
[2019-12-09T02:01:52.133+0000][1][gc,heap      ] GC(27) CMS: 67771K->67771K(174784K)
[2019-12-09T02:01:52.133+0000][1][gc,metaspace ] GC(27) Metaspace: 68082K->68082K(1112064K)
[2019-12-09T02:01:52.133+0000][1][gc           ] GC(27) Pause Young (Allocation Failure) 136M->68M(247M) 5.146ms
[2019-12-09T02:01:52.133+0000][1][gc,cpu       ] GC(27) User=0.01s Sys=0.00s Real=0.00s
[2019-12-09T02:01:52.133+0000][1][safepoint    ] Leaving safepoint region
[2019-12-09T02:01:52.133+0000][1][safepoint    ] Total time for which application threads were stopped: 0.0052950 seconds, Stopping threads took: 0.0000155 seconds
[2019-12-09T02:01:53.133+0000][1][safepoint    ] Application time: 1.0000859 seconds
[2019-12-09T02:01:53.133+0000][1][safepoint    ] Entering safepoint region: Cleanup
[2019-12-09T02:01:53.133+0000][1][safepoint    ] Leaving safepoint region
[2019-12-09T02:01:53.133+0000][1][safepoint    ] Total time for which application threads were stopped: 0.0000790 seconds, Stopping threads took: 0.0000173 seconds
[2019-12-09T02:01:54.133+0000][1][safepoint    ] Application time: 1.0000767 seconds
[2019-12-09T02:01:54.133+0000][1][safepoint    ] Entering safepoint region: Cleanup
[2019-12-09T02:01:54.133+0000][1][safepoint    ] Leaving safepoint region
[2019-12-09T02:01:54.133+0000][1][safepoint    ] Total time for which application threads were stopped: 0.0000779 seconds, Stopping threads took: 0.0000169 seconds
[2019-12-09T02:01:58.133+0000][1][safepoint    ] Application time: 4.0002740 seconds
[2019-12-09T02:01:58.134+0000][1][safepoint    ] Entering safepoint region: Cleanup
[2019-12-09T02:01:58.134+0000][1][safepoint    ] Leaving safepoint region
[2019-12-09T02:01:58.134+0000][1][safepoint    ] Total time for which application threads were stopped: 0.0000812 seconds, Stopping threads took: 0.0000174 seconds
[2019-12-09T02:02:00.134+0000][1][safepoint    ] Application time: 2.0001511 seconds
[2019-12-09T02:02:00.134+0000][1][safepoint    ] Entering safepoint region: Cleanup
[2019-12-09T02:02:00.134+0000][1][safepoint    ] Leaving safepoint region
[2019-12-09T02:02:00.134+0000][1][safepoint    ] Total time for which application threads were stopped: 0.0000877 seconds, Stopping threads took: 0.0000248 seconds
[2019-12-09T02:02:01.134+0000][1][safepoint    ] Application time: 1.0000741 seconds
[2019-12-09T02:02:01.134+0000][1][safepoint    ] Entering safepoint region: Cleanup
[2019-12-09T02:02:01.134+0000][1][safepoint    ] Leaving safepoint region
[2019-12-09T02:02:01.134+0000][1][safepoint    ] Total time for which application threads were stopped: 0.0000805 seconds, Stopping threads took: 0.0000181 seconds
[2019-12-09T02:02:02.134+0000][1][safepoint    ] Application time: 1.0000751 seconds
[2019-12-09T02:02:02.134+0000][1][safepoint    ] Entering safepoint region: Cleanup
[2019-12-09T02:02:02.134+0000][1][safepoint    ] Leaving safepoint region
[2019-12-09T02:02:02.134+0000][1][safepoint    ] Total time for which application threads were stopped: 0.0000809 seconds, Stopping threads took: 0.0000185 seconds
[2019-12-09T02:02:03.134+0000][1][safepoint    ] Application time: 1.0000756 seconds
[2019-12-09T02:02:03.134+0000][1][safepoint    ] Entering safepoint region: Cleanup
[2019-12-09T02:02:03.134+0000][1][safepoint    ] Leaving safepoint region
[2019-12-09T02:02:03.134+0000][1][safepoint    ] Total time for which application threads were stopped: 0.0000796 seconds, Stopping threads took: 0.0000167 seconds
[2019-12-09T02:02:08.135+0000][1][safepoint    ] Application time: 5.0003400 seconds
[2019-12-09T02:02:08.135+0000][1][safepoint    ] Entering safepoint region: Cleanup
[2019-12-09T02:02:08.135+0000][1][safepoint    ] Leaving safepoint region
[2019-12-09T02:02:08.135+0000][1][safepoint    ] Total time for which application threads were stopped: 0.0000807 seconds, Stopping threads took: 0.0000175 seconds
[2019-12-09T02:02:19.136+0000][1][safepoint    ] Application time: 11.0007384 seconds
[2019-12-09T02:02:19.136+0000][1][safepoint    ] Entering safepoint region: Cleanup
[2019-12-09T02:02:19.136+0000][1][safepoint    ] Leaving safepoint region
[2019-12-09T02:02:19.136+0000][1][safepoint    ] Total time for which application threads were stopped: 0.0000826 seconds, Stopping threads took: 0.0000179 seconds
[2019-12-09T02:02:22.136+0000][1][safepoint    ] Application time: 3.0002079 seconds
[2019-12-09T02:02:22.136+0000][1][safepoint    ] Entering safepoint region: Cleanup
[2019-12-09T02:02:22.136+0000][1][safepoint    ] Leaving safepoint region
[2019-12-09T02:02:22.136+0000][1][safepoint    ] Total time for which application threads were stopped: 0.0000814 seconds, Stopping threads took: 0.0000179 seconds
[2019-12-09T02:02:26.136+0000][1][safepoint    ] Application time: 4.0002795 seconds
[2019-12-09T02:02:26.136+0000][1][safepoint    ] Entering safepoint region: Cleanup
[2019-12-09T02:02:26.137+0000][1][safepoint    ] Leaving safepoint region
[2019-12-09T02:02:26.137+0000][1][safepoint    ] Total time for which application threads were stopped: 0.0000819 seconds, Stopping threads took: 0.0000175 seconds
[2019-12-09T02:02:40.870+0000][1][safepoint    ] Application time: 14.7331115 seconds
[2019-12-09T02:02:40.870+0000][1][safepoint    ] Entering safepoint region: RevokeBias
[2019-12-09T02:02:40.870+0000][1][safepoint    ] Leaving safepoint region
[2019-12-09T02:02:40.870+0000][1][safepoint    ] Total time for which application threads were stopped: 0.0000947 seconds, Stopping threads took: 0.0000165 seconds
[2019-12-09T02:02:40.870+0000][1][safepoint    ] Application time: 0.0000796 seconds
[2019-12-09T02:02:40.870+0000][1][safepoint    ] Entering safepoint region: RevokeBias
[2019-12-09T02:02:40.870+0000][1][safepoint    ] Leaving safepoint region
[2019-12-09T02:02:40.870+0000][1][safepoint    ] Total time for which application threads were stopped: 0.0000468 seconds, Stopping threads took: 0.0000082 seconds
[2019-12-09T02:02:40.877+0000][1][safepoint    ] Application time: 0.0068538 seconds
[2019-12-09T02:02:40.881+0000][1][safepoint    ] Entering safepoint region: RevokeBias
[2019-12-09T02:02:40.881+0000][1][safepoint    ] Leaving safepoint region
[2019-12-09T02:02:40.881+0000][1][safepoint    ] Total time for which application threads were stopped: 0.0046144 seconds, Stopping threads took: 0.0045473 seconds
[2019-12-09T02:02:40.883+0000][1][safepoint    ] Application time: 0.0016642 seconds
[2019-12-09T02:02:40.883+0000][1][safepoint    ] Entering safepoint region: RevokeBias
[2019-12-09T02:02:40.883+0000][1][safepoint    ] Leaving safepoint region
[2019-12-09T02:02:40.883+0000][1][safepoint    ] Total time for which application threads were stopped: 0.0000715 seconds, Stopping threads took: 0.0000131 seconds
[2019-12-09T02:02:40.883+0000][1][safepoint    ] Application time: 0.0001087 seconds
[2019-12-09T02:02:40.883+0000][1][safepoint    ] Entering safepoint region: RevokeBias
[2019-12-09T02:02:40.883+0000][1][safepoint    ] Leaving safepoint region
[2019-12-09T02:02:40.883+0000][1][safepoint    ] Total time for which application threads were stopped: 0.0000451 seconds, Stopping threads took: 0.0000094 seconds
[2019-12-09T02:02:40.884+0000][1][safepoint    ] Application time: 0.0004383 seconds
[2019-12-09T02:02:40.884+0000][1][safepoint    ] Entering safepoint region: RevokeBias
[2019-12-09T02:02:40.884+0000][1][safepoint    ] Leaving safepoint region
[2019-12-09T02:02:40.884+0000][1][safepoint    ] Total time for which application threads were stopped: 0.0000711 seconds, Stopping threads took: 0.0000127 seconds
[2019-12-09T02:02:40.884+0000][1][safepoint    ] Application time: 0.0003082 seconds
[2019-12-09T02:02:40.884+0000][1][safepoint    ] Entering safepoint region: RevokeBias
[2019-12-09T02:02:40.884+0000][1][safepoint    ] Leaving safepoint region
[2019-12-09T02:02:40.884+0000][1][safepoint    ] Total time for which application threads were stopped: 0.0000651 seconds, Stopping threads took: 0.0000124 seconds
[2019-12-09T02:02:40.887+0000][1][safepoint    ] Application time: 0.0023875 seconds
[2019-12-09T02:02:40.887+0000][1][safepoint    ] Entering safepoint region: RevokeBias
[2019-12-09T02:02:40.887+0000][1][safepoint    ] Leaving safepoint region
[2019-12-09T02:02:40.887+0000][1][safepoint    ] Total time for which application threads were stopped: 0.0000693 seconds, Stopping threads took: 0.0000142 seconds
[2019-12-09T02:02:40.887+0000][1][safepoint    ] Application time: 0.0003543 seconds
[2019-12-09T02:02:40.887+0000][1][safepoint    ] Entering safepoint region: RevokeBias
[2019-12-09T02:02:40.887+0000][1][safepoint    ] Leaving safepoint region
[2019-12-09T02:02:40.887+0000][1][safepoint    ] Total time for which application threads were stopped: 0.0000661 seconds, Stopping threads took: 0.0000111 seconds
[2019-12-09T02:02:40.889+0000][1][safepoint    ] Application time: 0.0013650 seconds
[2019-12-09T02:02:40.889+0000][1][safepoint    ] Entering safepoint region: RevokeBias
[2019-12-09T02:02:40.889+0000][1][safepoint    ] Leaving safepoint region
[2019-12-09T02:02:40.889+0000][1][safepoint    ] Total time for which application threads were stopped: 0.0001619 seconds, Stopping threads took: 0.0001048 seconds
[2019-12-09T02:02:40.889+0000][1][safepoint    ] Application time: 0.0004431 seconds
[2019-12-09T02:02:40.892+0000][1][safepoint    ] Entering safepoint region: RevokeBias
[2019-12-09T02:02:40.892+0000][1][safepoint    ] Leaving safepoint region
[2019-12-09T02:02:40.892+0000][1][safepoint    ] Total time for which application threads were stopped: 0.0025565 seconds, Stopping threads took: 0.0025048 seconds
[2019-12-09T02:02:40.910+0000][1][safepoint    ] Application time: 0.0178959 seconds
[2019-12-09T02:02:40.910+0000][1][safepoint    ] Entering safepoint region: RevokeBias
[2019-12-09T02:02:40.912+0000][1][safepoint    ] Leaving safepoint region
[2019-12-09T02:02:40.912+0000][1][safepoint    ] Total time for which application threads were stopped: 0.0023388 seconds, Stopping threads took: 0.0000129 seconds
[2019-12-09T02:02:40.924+0000][1][safepoint    ] Application time: 0.0117279 seconds
[2019-12-09T02:02:40.924+0000][1][safepoint    ] Entering safepoint region: RevokeBias
[2019-12-09T02:02:40.924+0000][1][safepoint    ] Leaving safepoint region
[2019-12-09T02:02:40.924+0000][1][safepoint    ] Total time for which application threads were stopped: 0.0000856 seconds, Stopping threads took: 0.0000132 seconds
[2019-12-09T02:02:40.924+0000][1][safepoint    ] Application time: 0.0002188 seconds
[2019-12-09T02:02:40.924+0000][1][safepoint    ] Entering safepoint region: RevokeBias
[2019-12-09T02:02:40.924+0000][1][safepoint    ] Leaving safepoint region
[2019-12-09T02:02:40.924+0000][1][safepoint    ] Total time for which application threads were stopped: 0.0000516 seconds, Stopping threads took: 0.0000105 seconds
[2019-12-09T02:02:40.924+0000][1][safepoint    ] Application time: 0.0000563 seconds
[2019-12-09T02:02:40.924+0000][1][safepoint    ] Entering safepoint region: RevokeBias
[2019-12-09T02:02:40.924+0000][1][safepoint    ] Leaving safepoint region
[2019-12-09T02:02:40.924+0000][1][safepoint    ] Total time for which application threads were stopped: 0.0000402 seconds, Stopping threads took: 0.0000081 seconds
[2019-12-09T02:02:40.924+0000][1][safepoint    ] Application time: 0.0000903 seconds
[2019-12-09T02:02:40.924+0000][1][safepoint    ] Entering safepoint region: RevokeBias
[2019-12-09T02:02:40.924+0000][1][safepoint    ] Leaving safepoint region
[2019-12-09T02:02:40.924+0000][1][safepoint    ] Total time for which application threads were stopped: 0.0000431 seconds, Stopping threads took: 0.0000088 seconds
[2019-12-09T02:02:40.925+0000][1][safepoint    ] Application time: 0.0000513 seconds
[2019-12-09T02:02:40.925+0000][1][safepoint    ] Entering safepoint region: RevokeBias
[2019-12-09T02:02:40.925+0000][1][safepoint    ] Leaving safepoint region
[2019-12-09T02:02:40.925+0000][1][safepoint    ] Total time for which application threads were stopped: 0.0000411 seconds, Stopping threads took: 0.0000083 seconds
[2019-12-09T02:02:40.925+0000][1][safepoint    ] Application time: 0.0002614 seconds
[2019-12-09T02:02:40.925+0000][1][safepoint    ] Entering safepoint region: RevokeBias
[2019-12-09T02:02:40.925+0000][1][safepoint    ] Leaving safepoint region
[2019-12-09T02:02:40.925+0000][1][safepoint    ] Total time for which application threads were stopped: 0.0000524 seconds, Stopping threads took: 0.0000113 seconds
[2019-12-09T02:02:40.925+0000][1][safepoint    ] Application time: 0.0000593 seconds
[2019-12-09T02:02:40.925+0000][1][safepoint    ] Entering safepoint region: RevokeBias
[2019-12-09T02:02:40.925+0000][1][safepoint    ] Leaving safepoint region
[2019-12-09T02:02:40.925+0000][1][safepoint    ] Total time for which application threads were stopped: 0.0000406 seconds, Stopping threads took: 0.0000088 seconds
[2019-12-09T02:02:40.925+0000][1][safepoint    ] Application time: 0.0003849 seconds
[2019-12-09T02:02:40.925+0000][1][safepoint    ] Entering safepoint region: RevokeBias
[2019-12-09T02:02:40.926+0000][1][safepoint    ] Leaving safepoint region
[2019-12-09T02:02:40.926+0000][1][safepoint    ] Total time for which application threads were stopped: 0.0000626 seconds, Stopping threads took: 0.0000121 seconds
[2019-12-09T02:02:40.931+0000][1][safepoint    ] Application time: 0.0052113 seconds
[2019-12-09T02:02:40.931+0000][1][safepoint    ] Entering safepoint region: RevokeBias
[2019-12-09T02:02:40.931+0000][1][safepoint    ] Leaving safepoint region
[2019-12-09T02:02:40.931+0000][1][safepoint    ] Total time for which application threads were stopped: 0.0001129 seconds, Stopping threads took: 0.0000487 seconds
[2019-12-09T02:02:40.935+0000][1][safepoint    ] Application time: 0.0039485 seconds
[2019-12-09T02:02:40.938+0000][1][safepoint    ] Entering safepoint region: RevokeBias
[2019-12-09T02:02:40.938+0000][1][safepoint    ] Leaving safepoint region
[2019-12-09T02:02:40.938+0000][1][safepoint    ] Total time for which application threads were stopped: 0.0032060 seconds, Stopping threads took: 0.0030927 seconds
[2019-12-09T02:02:40.938+0000][1][safepoint    ] Application time: 0.0003221 seconds
[2019-12-09T02:02:40.938+0000][1][safepoint    ] Entering safepoint region: RevokeBias
[2019-12-09T02:02:40.938+0000][1][safepoint    ] Leaving safepoint region
[2019-12-09T02:02:40.938+0000][1][safepoint    ] Total time for which application threads were stopped: 0.0000624 seconds, Stopping threads took: 0.0000118 seconds
[2019-12-09T02:02:40.939+0000][1][safepoint    ] Application time: 0.0000773 seconds
[2019-12-09T02:02:40.939+0000][1][safepoint    ] Entering safepoint region: RevokeBias
[2019-12-09T02:02:40.939+0000][1][safepoint    ] Leaving safepoint region
[2019-12-09T02:02:40.939+0000][1][safepoint    ] Total time for which application threads were stopped: 0.0000543 seconds, Stopping threads took: 0.0000096 seconds
[2019-12-09T02:02:40.939+0000][1][safepoint    ] Application time: 0.0001869 seconds
[2019-12-09T02:02:40.939+0000][1][safepoint    ] Entering safepoint region: RevokeBias
[2019-12-09T02:02:40.939+0000][1][safepoint    ] Leaving safepoint region
[2019-12-09T02:02:40.939+0000][1][safepoint    ] Total time for which application threads were stopped: 0.0000607 seconds, Stopping threads took: 0.0000115 seconds
[2019-12-09T02:02:40.939+0000][1][safepoint    ] Application time: 0.0000426 seconds
[2019-12-09T02:02:40.939+0000][1][safepoint    ] Entering safepoint region: RevokeBias
[2019-12-09T02:02:40.939+0000][1][safepoint    ] Leaving safepoint region
[2019-12-09T02:02:40.939+0000][1][safepoint    ] Total time for which application threads were stopped: 0.0000505 seconds, Stopping threads took: 0.0000093 seconds
[2019-12-09T02:02:40.941+0000][1][safepoint    ] Application time: 0.0021675 seconds
[2019-12-09T02:02:40.941+0000][1][safepoint    ] Entering safepoint region: RevokeBias
[2019-12-09T02:02:40.941+0000][1][safepoint    ] Leaving safepoint region
[2019-12-09T02:02:40.941+0000][1][safepoint    ] Total time for which application threads were stopped: 0.0000644 seconds, Stopping threads took: 0.0000126 seconds
[2019-12-09T02:02:40.941+0000][1][safepoint    ] Application time: 0.0000764 seconds
[2019-12-09T02:02:40.941+0000][1][safepoint    ] Entering safepoint region: RevokeBias
[2019-12-09T02:02:40.941+0000][1][safepoint    ] Leaving safepoint region
[2019-12-09T02:02:40.941+0000][1][safepoint    ] Total time for which application threads were stopped: 0.0000516 seconds, Stopping threads took: 0.0000102 seconds
[2019-12-09T02:02:40.941+0000][1][safepoint    ] Application time: 0.0000568 seconds
[2019-12-09T02:02:40.941+0000][1][safepoint    ] Entering safepoint region: RevokeBias
[2019-12-09T02:02:40.942+0000][1][safepoint    ] Leaving safepoint region
[2019-12-09T02:02:40.942+0000][1][safepoint    ] Total time for which application threads were stopped: 0.0000496 seconds, Stopping threads took: 0.0000099 seconds
[2019-12-09T02:02:40.942+0000][1][safepoint    ] Application time: 0.0000750 seconds
[2019-12-09T02:02:40.942+0000][1][safepoint    ] Entering safepoint region: RevokeBias
[2019-12-09T02:02:40.942+0000][1][safepoint    ] Leaving safepoint region
[2019-12-09T02:02:40.942+0000][1][safepoint    ] Total time for which application threads were stopped: 0.0000544 seconds, Stopping threads took: 0.0000092 seconds
[2019-12-09T02:02:40.942+0000][1][safepoint    ] Application time: 0.0000679 seconds
[2019-12-09T02:02:40.942+0000][1][safepoint    ] Entering safepoint region: RevokeBias
[2019-12-09T02:02:40.942+0000][1][safepoint    ] Leaving safepoint region
[2019-12-09T02:02:40.942+0000][1][safepoint    ] Total time for which application threads were stopped: 0.0000423 seconds, Stopping threads took: 0.0000082 seconds
[2019-12-09T02:02:40.942+0000][1][safepoint    ] Application time: 0.0000724 seconds
[2019-12-09T02:02:40.942+0000][1][safepoint    ] Entering safepoint region: RevokeBias
[2019-12-09T02:02:40.942+0000][1][safepoint    ] Leaving safepoint region
[2019-12-09T02:02:40.942+0000][1][safepoint    ] Total time for which application threads were stopped: 0.0000426 seconds, Stopping threads took: 0.0000080 seconds
[2019-12-09T02:02:40.951+0000][1][safepoint    ] Application time: 0.0089568 seconds
[2019-12-09T02:02:40.951+0000][1][safepoint    ] Entering safepoint region: RevokeBias
[2019-12-09T02:02:40.951+0000][1][safepoint    ] Leaving safepoint region
[2019-12-09T02:02:40.951+0000][1][safepoint    ] Total time for which application threads were stopped: 0.0001079 seconds, Stopping threads took: 0.0000099 seconds
[2019-12-09T02:02:40.952+0000][1][safepoint    ] Application time: 0.0008110 seconds
[2019-12-09T02:02:40.952+0000][1][safepoint    ] Entering safepoint region: RevokeBias
[2019-12-09T02:02:40.952+0000][1][safepoint    ] Leaving safepoint region
[2019-12-09T02:02:40.952+0000][1][safepoint    ] Total time for which application threads were stopped: 0.0002998 seconds, Stopping threads took: 0.0000469 seconds
[2019-12-09T02:02:40.953+0000][1][safepoint    ] Application time: 0.0008345 seconds
[2019-12-09T02:02:40.953+0000][1][safepoint    ] Entering safepoint region: RevokeBias
[2019-12-09T02:02:40.953+0000][1][safepoint    ] Leaving safepoint region
[2019-12-09T02:02:40.953+0000][1][safepoint    ] Total time for which application threads were stopped: 0.0000622 seconds, Stopping threads took: 0.0000081 seconds
[2019-12-09T02:02:40.953+0000][1][safepoint    ] Application time: 0.0003842 seconds
[2019-12-09T02:02:40.954+0000][1][safepoint    ] Entering safepoint region: RevokeBias
[2019-12-09T02:02:40.954+0000][1][safepoint    ] Leaving safepoint region
[2019-12-09T02:02:40.954+0000][1][safepoint    ] Total time for which application threads were stopped: 0.0001138 seconds, Stopping threads took: 0.0000114 seconds
[2019-12-09T02:02:40.958+0000][1][safepoint    ] Application time: 0.0039408 seconds
[2019-12-09T02:02:40.958+0000][1][safepoint    ] Entering safepoint region: RevokeBias
[2019-12-09T02:02:40.958+0000][1][safepoint    ] Leaving safepoint region
[2019-12-09T02:02:40.958+0000][1][safepoint    ] Total time for which application threads were stopped: 0.0003221 seconds, Stopping threads took: 0.0000108 seconds
[2019-12-09T02:02:41.023+0000][1][safepoint    ] Application time: 0.0647325 seconds
[2019-12-09T02:02:41.023+0000][1][safepoint    ] Entering safepoint region: RevokeBias
[2019-12-09T02:02:41.023+0000][1][safepoint    ] Leaving safepoint region
[2019-12-09T02:02:41.023+0000][1][safepoint    ] Total time for which application threads were stopped: 0.0002544 seconds, Stopping threads took: 0.0001409 seconds
[2019-12-09T02:02:41.023+0000][1][safepoint    ] Application time: 0.0001304 seconds
[2019-12-09T02:02:41.023+0000][1][safepoint    ] Entering safepoint region: RevokeBias
[2019-12-09T02:02:41.023+0000][1][safepoint    ] Leaving safepoint region
[2019-12-09T02:02:41.023+0000][1][safepoint    ] Total time for which application threads were stopped: 0.0000740 seconds, Stopping threads took: 0.0000206 seconds
[2019-12-09T02:02:41.083+0000][1][safepoint    ] Application time: 0.0593695 seconds
[2019-12-09T02:02:41.083+0000][1][safepoint    ] Entering safepoint region: RevokeBias
[2019-12-09T02:02:41.083+0000][1][safepoint    ] Leaving safepoint region
[2019-12-09T02:02:41.083+0000][1][safepoint    ] Total time for which application threads were stopped: 0.0000816 seconds, Stopping threads took: 0.0000151 seconds
[2019-12-09T02:02:41.116+0000][1][safepoint    ] Application time: 0.0331646 seconds
[2019-12-09T02:02:41.116+0000][1][safepoint    ] Entering safepoint region: RevokeBias
[2019-12-09T02:02:41.116+0000][1][safepoint    ] Leaving safepoint region
[2019-12-09T02:02:41.116+0000][1][safepoint    ] Total time for which application threads were stopped: 0.0000833 seconds, Stopping threads took: 0.0000157 seconds
[2019-12-09T02:02:41.116+0000][1][safepoint    ] Application time: 0.0005029 seconds
[2019-12-09T02:02:41.116+0000][1][safepoint    ] Entering safepoint region: RevokeBias
[2019-12-09T02:02:41.116+0000][1][safepoint    ] Leaving safepoint region
[2019-12-09T02:02:41.117+0000][1][safepoint    ] Total time for which application threads were stopped: 0.0000622 seconds, Stopping threads took: 0.0000121 seconds
[2019-12-09T02:02:41.127+0000][1][safepoint    ] Application time: 0.0102009 seconds
[2019-12-09T02:02:41.127+0000][1][safepoint    ] Entering safepoint region: RevokeBias
[2019-12-09T02:02:41.127+0000][1][safepoint    ] Leaving safepoint region
[2019-12-09T02:02:41.127+0000][1][safepoint    ] Total time for which application threads were stopped: 0.0000695 seconds, Stopping threads took: 0.0000134 seconds
[2019-12-09T02:02:41.129+0000][1][safepoint    ] Application time: 0.0018552 seconds
[2019-12-09T02:02:41.129+0000][1][safepoint    ] Entering safepoint region: RevokeBias
[2019-12-09T02:02:41.129+0000][1][safepoint    ] Leaving safepoint region
[2019-12-09T02:02:41.129+0000][1][safepoint    ] Total time for which application threads were stopped: 0.0000401 seconds, Stopping threads took: 0.0000104 seconds
[2019-12-09T02:02:41.129+0000][1][safepoint    ] Application time: 0.0004874 seconds
[2019-12-09T02:02:41.129+0000][1][safepoint    ] Entering safepoint region: RevokeBias
[2019-12-09T02:02:41.129+0000][1][safepoint    ] Leaving safepoint region
[2019-12-09T02:02:41.129+0000][1][safepoint    ] Total time for which application threads were stopped: 0.0000360 seconds, Stopping threads took: 0.0000091 seconds
[2019-12-09T02:02:41.130+0000][1][safepoint    ] Application time: 0.0010367 seconds
[2019-12-09T02:02:41.130+0000][1][safepoint    ] Entering safepoint region: RevokeBias
[2019-12-09T02:02:41.130+0000][1][safepoint    ] Leaving safepoint region
[2019-12-09T02:02:41.130+0000][1][safepoint    ] Total time for which application threads were stopped: 0.0000503 seconds, Stopping threads took: 0.0000110 seconds
[2019-12-09T02:02:41.150+0000][1][gc,heap,exit ] Heap
[2019-12-09T02:02:41.150+0000][1][gc,heap,exit ]  par new generation   total 78656K, used 36562K [0x00000000f0000000, 0x00000000f5550000, 0x00000000f5550000)
[2019-12-09T02:02:41.150+0000][1][gc,heap,exit ]   eden space 69952K,  49% used [0x00000000f0000000, 0x00000000f217ca88, 0x00000000f4450000)
[2019-12-09T02:02:41.150+0000][1][gc,heap,exit ]   from space 8704K,  26% used [0x00000000f4450000, 0x00000000f4688158, 0x00000000f4cd0000)
[2019-12-09T02:02:41.150+0000][1][gc,heap,exit ]   to   space 8704K,   0% used [0x00000000f4cd0000, 0x00000000f4cd0000, 0x00000000f5550000)
[2019-12-09T02:02:41.150+0000][1][gc,heap,exit ]  concurrent mark-sweep generation total 174784K, used 67771K [0x00000000f5550000, 0x0000000100000000, 0x0000000100000000)
[2019-12-09T02:02:41.150+0000][1][gc,heap,exit ]  Metaspace       used 68261K, capacity 73257K, committed 73408K, reserved 1112064K
[2019-12-09T02:02:41.150+0000][1][gc,heap,exit ]   class space    used 9187K, capacity 11287K, committed 11312K, reserved 1048576K
[2019-12-09T02:02:41.150+0000][1][safepoint    ] Application time: 0.0195181 seconds
[2019-12-09T02:02:41.150+0000][1][safepoint    ] Entering safepoint region: Exit
