[2019-12-08T10:35:44.075+0000][1][gc] Using Concurrent Mark Sweep
[2019-12-08T10:35:44.075+0000][1][gc,heap,coops] Heap address: 0x00000000f0000000, size: 256 MB, Compressed Oops mode: 32-bit
[2019-12-08T10:35:44.108+0000][1][safepoint    ] Entering safepoint region: EnableBiasedLocking
[2019-12-08T10:35:44.108+0000][1][safepoint    ] Leaving safepoint region
[2019-12-08T10:35:44.108+0000][1][safepoint    ] Total time for which application threads were stopped: 0.0000662 seconds, Stopping threads took: 0.0000259 seconds
[2019-12-08T10:35:44.111+0000][1][safepoint    ] Application time: 0.0022273 seconds
[2019-12-08T10:35:44.111+0000][1][safepoint    ] Entering safepoint region: RevokeBias
[2019-12-08T10:35:44.111+0000][1][safepoint    ] Leaving safepoint region
[2019-12-08T10:35:44.111+0000][1][safepoint    ] Total time for which application threads were stopped: 0.0000660 seconds, Stopping threads took: 0.0000283 seconds
[2019-12-08T10:35:44.120+0000][1][safepoint    ] Application time: 0.0089270 seconds
[2019-12-08T10:35:44.120+0000][1][safepoint    ] Entering safepoint region: Deoptimize
[2019-12-08T10:35:44.120+0000][1][safepoint    ] Leaving safepoint region
[2019-12-08T10:35:44.120+0000][1][safepoint    ] Total time for which application threads were stopped: 0.0000337 seconds, Stopping threads took: 0.0000059 seconds
[2019-12-08T10:35:44.178+0000][1][safepoint    ] Application time: 0.0582936 seconds
[2019-12-08T10:35:44.178+0000][1][safepoint    ] Entering safepoint region: RevokeBias
[2019-12-08T10:35:44.178+0000][1][safepoint    ] Leaving safepoint region
[2019-12-08T10:35:44.178+0000][1][safepoint    ] Total time for which application threads were stopped: 0.0000541 seconds, Stopping threads took: 0.0000061 seconds
[2019-12-08T10:35:44.198+0000][1][safepoint    ] Application time: 0.0203080 seconds
[2019-12-08T10:35:44.198+0000][1][safepoint    ] Entering safepoint region: Deoptimize
[2019-12-08T10:35:44.199+0000][1][safepoint    ] Leaving safepoint region
[2019-12-08T10:35:44.199+0000][1][safepoint    ] Total time for which application threads were stopped: 0.0000563 seconds, Stopping threads took: 0.0000128 seconds
[2019-12-08T10:35:44.440+0000][1][safepoint    ] Application time: 0.2419404 seconds
[2019-12-08T10:35:44.441+0000][1][safepoint    ] Entering safepoint region: Deoptimize
[2019-12-08T10:35:44.441+0000][1][safepoint    ] Leaving safepoint region
[2019-12-08T10:35:44.441+0000][1][safepoint    ] Total time for which application threads were stopped: 0.0001297 seconds, Stopping threads took: 0.0000079 seconds
[2019-12-08T10:35:44.463+0000][1][safepoint    ] Application time: 0.0224732 seconds
[2019-12-08T10:35:44.463+0000][1][safepoint    ] Entering safepoint region: Deoptimize
[2019-12-08T10:35:44.463+0000][1][safepoint    ] Leaving safepoint region
[2019-12-08T10:35:44.463+0000][1][safepoint    ] Total time for which application threads were stopped: 0.0001157 seconds, Stopping threads took: 0.0000095 seconds
[2019-12-08T10:35:44.493+0000][1][safepoint    ] Application time: 0.0298384 seconds
[2019-12-08T10:35:44.493+0000][1][safepoint    ] Entering safepoint region: Deoptimize
[2019-12-08T10:35:44.493+0000][1][safepoint    ] Leaving safepoint region
[2019-12-08T10:35:44.493+0000][1][safepoint    ] Total time for which application threads were stopped: 0.0000903 seconds, Stopping threads took: 0.0000078 seconds
[2019-12-08T10:35:44.500+0000][1][safepoint    ] Application time: 0.0068827 seconds
[2019-12-08T10:35:44.500+0000][1][safepoint    ] Entering safepoint region: Deoptimize
[2019-12-08T10:35:44.500+0000][1][safepoint    ] Leaving safepoint region
[2019-12-08T10:35:44.500+0000][1][safepoint    ] Total time for which application threads were stopped: 0.0000822 seconds, Stopping threads took: 0.0000072 seconds
[2019-12-08T10:35:44.809+0000][1][safepoint    ] Application time: 0.3087446 seconds
[2019-12-08T10:35:44.809+0000][1][safepoint    ] Entering safepoint region: Deoptimize
[2019-12-08T10:35:44.809+0000][1][safepoint    ] Leaving safepoint region
[2019-12-08T10:35:44.809+0000][1][safepoint    ] Total time for which application threads were stopped: 0.0001976 seconds, Stopping threads took: 0.0000074 seconds
[2019-12-08T10:35:45.069+0000][1][safepoint    ] Application time: 0.2599569 seconds
[2019-12-08T10:35:45.069+0000][1][safepoint    ] Entering safepoint region: RevokeBias
[2019-12-08T10:35:45.069+0000][1][safepoint    ] Leaving safepoint region
[2019-12-08T10:35:45.069+0000][1][safepoint    ] Total time for which application threads were stopped: 0.0000899 seconds, Stopping threads took: 0.0000076 seconds
[2019-12-08T10:35:45.300+0000][1][safepoint    ] Application time: 0.2305303 seconds
[2019-12-08T10:35:45.300+0000][1][safepoint    ] Entering safepoint region: Deoptimize
[2019-12-08T10:35:45.300+0000][1][safepoint    ] Leaving safepoint region
[2019-12-08T10:35:45.300+0000][1][safepoint    ] Total time for which application threads were stopped: 0.0001690 seconds, Stopping threads took: 0.0000072 seconds
[2019-12-08T10:35:45.407+0000][1][safepoint    ] Application time: 0.1066167 seconds
[2019-12-08T10:35:45.407+0000][1][safepoint    ] Entering safepoint region: Deoptimize
[2019-12-08T10:35:45.407+0000][1][safepoint    ] Leaving safepoint region
[2019-12-08T10:35:45.407+0000][1][safepoint    ] Total time for which application threads were stopped: 0.0002070 seconds, Stopping threads took: 0.0000069 seconds
[2019-12-08T10:35:45.407+0000][1][safepoint    ] Application time: 0.0001170 seconds
[2019-12-08T10:35:45.407+0000][1][safepoint    ] Entering safepoint region: Deoptimize
[2019-12-08T10:35:45.407+0000][1][safepoint    ] Leaving safepoint region
[2019-12-08T10:35:45.407+0000][1][safepoint    ] Total time for which application threads were stopped: 0.0001090 seconds, Stopping threads took: 0.0000074 seconds
[2019-12-08T10:35:45.428+0000][1][safepoint    ] Application time: 0.0211069 seconds
[2019-12-08T10:35:45.428+0000][1][safepoint    ] Entering safepoint region: Deoptimize
[2019-12-08T10:35:45.428+0000][1][safepoint    ] Leaving safepoint region
[2019-12-08T10:35:45.428+0000][1][safepoint    ] Total time for which application threads were stopped: 0.0001229 seconds, Stopping threads took: 0.0000066 seconds
[2019-12-08T10:35:45.433+0000][1][safepoint    ] Application time: 0.0047015 seconds
[2019-12-08T10:35:45.433+0000][1][safepoint    ] Entering safepoint region: RevokeBias
[2019-12-08T10:35:45.433+0000][1][safepoint    ] Leaving safepoint region
[2019-12-08T10:35:45.433+0000][1][safepoint    ] Total time for which application threads were stopped: 0.0000545 seconds, Stopping threads took: 0.0000328 seconds
[2019-12-08T10:35:45.433+0000][1][safepoint    ] Application time: 0.0000788 seconds
[2019-12-08T10:35:45.433+0000][1][safepoint    ] Entering safepoint region: RevokeBias
[2019-12-08T10:35:45.433+0000][1][safepoint    ] Leaving safepoint region
[2019-12-08T10:35:45.433+0000][1][safepoint    ] Total time for which application threads were stopped: 0.0000391 seconds, Stopping threads took: 0.0000231 seconds
[2019-12-08T10:35:45.433+0000][1][safepoint    ] Application time: 0.0000656 seconds
[2019-12-08T10:35:45.433+0000][1][safepoint    ] Entering safepoint region: RevokeBias
[2019-12-08T10:35:45.433+0000][1][safepoint    ] Leaving safepoint region
[2019-12-08T10:35:45.433+0000][1][safepoint    ] Total time for which application threads were stopped: 0.0000554 seconds, Stopping threads took: 0.0000400 seconds
[2019-12-08T10:35:45.434+0000][1][safepoint    ] Application time: 0.0001222 seconds
[2019-12-08T10:35:45.434+0000][1][safepoint    ] Entering safepoint region: RevokeBias
[2019-12-08T10:35:45.434+0000][1][safepoint    ] Leaving safepoint region
[2019-12-08T10:35:45.434+0000][1][safepoint    ] Total time for which application threads were stopped: 0.0000343 seconds, Stopping threads took: 0.0000171 seconds
[2019-12-08T10:35:45.434+0000][1][safepoint    ] Application time: 0.0003733 seconds
[2019-12-08T10:35:45.434+0000][1][safepoint    ] Entering safepoint region: RevokeBias
[2019-12-08T10:35:45.434+0000][1][safepoint    ] Leaving safepoint region
[2019-12-08T10:35:45.434+0000][1][safepoint    ] Total time for which application threads were stopped: 0.0000259 seconds, Stopping threads took: 0.0000072 seconds
[2019-12-08T10:35:45.439+0000][1][safepoint    ] Application time: 0.0053368 seconds
[2019-12-08T10:35:45.439+0000][1][safepoint    ] Entering safepoint region: Deoptimize
[2019-12-08T10:35:45.439+0000][1][safepoint    ] Leaving safepoint region
[2019-12-08T10:35:45.439+0000][1][safepoint    ] Total time for which application threads were stopped: 0.0001085 seconds, Stopping threads took: 0.0000069 seconds
[2019-12-08T10:35:45.622+0000][1][safepoint    ] Application time: 0.1824018 seconds
[2019-12-08T10:35:45.622+0000][1][safepoint    ] Entering safepoint region: GenCollectForAllocation
[2019-12-08T10:35:45.622+0000][1][gc,start     ] GC(0) Pause Young (Allocation Failure)
[2019-12-08T10:35:45.622+0000][1][gc,task      ] GC(0) Using 4 workers of 4 for evacuation
[2019-12-08T10:35:45.628+0000][1][gc,age       ] GC(0) Desired survivor size 4456448 bytes, new threshold 1 (max threshold 6)
[2019-12-08T10:35:45.628+0000][1][gc,age       ] GC(0) Age table with threshold 1 (max threshold 6)
[2019-12-08T10:35:45.628+0000][1][gc,age       ] GC(0) - age   1:    6720320 bytes,    6720320 total
[2019-12-08T10:35:45.628+0000][1][gc,heap      ] GC(0) ParNew: 69952K->6643K(78656K)
[2019-12-08T10:35:45.628+0000][1][gc,heap      ] GC(0) CMS: 0K->0K(174784K)
[2019-12-08T10:35:45.628+0000][1][gc,metaspace ] GC(0) Metaspace: 13047K->13047K(1060864K)
[2019-12-08T10:35:45.628+0000][1][gc           ] GC(0) Pause Young (Allocation Failure) 68M->6M(247M) 6.327ms
[2019-12-08T10:35:45.628+0000][1][gc,cpu       ] GC(0) User=0.02s Sys=0.00s Real=0.00s
[2019-12-08T10:35:45.628+0000][1][safepoint    ] Leaving safepoint region
[2019-12-08T10:35:45.628+0000][1][safepoint    ] Total time for which application threads were stopped: 0.0064595 seconds, Stopping threads took: 0.0000155 seconds
[2019-12-08T10:35:45.639+0000][1][safepoint    ] Application time: 0.0104897 seconds
[2019-12-08T10:35:45.639+0000][1][safepoint    ] Entering safepoint region: RevokeBias
[2019-12-08T10:35:45.639+0000][1][safepoint    ] Leaving safepoint region
[2019-12-08T10:35:45.639+0000][1][safepoint    ] Total time for which application threads were stopped: 0.0000622 seconds, Stopping threads took: 0.0000231 seconds
[2019-12-08T10:35:45.641+0000][1][safepoint    ] Application time: 0.0021909 seconds
[2019-12-08T10:35:45.641+0000][1][safepoint    ] Entering safepoint region: RevokeBias
[2019-12-08T10:35:45.641+0000][1][safepoint    ] Leaving safepoint region
[2019-12-08T10:35:45.641+0000][1][safepoint    ] Total time for which application threads were stopped: 0.0001012 seconds, Stopping threads took: 0.0000533 seconds
[2019-12-08T10:35:45.644+0000][1][safepoint    ] Application time: 0.0024399 seconds
[2019-12-08T10:35:45.644+0000][1][safepoint    ] Entering safepoint region: RevokeBias
[2019-12-08T10:35:45.644+0000][1][safepoint    ] Leaving safepoint region
[2019-12-08T10:35:45.644+0000][1][safepoint    ] Total time for which application threads were stopped: 0.0000897 seconds, Stopping threads took: 0.0000424 seconds
[2019-12-08T10:35:45.648+0000][1][safepoint    ] Application time: 0.0038837 seconds
[2019-12-08T10:35:45.649+0000][1][safepoint    ] Entering safepoint region: RevokeBias
[2019-12-08T10:35:45.649+0000][1][safepoint    ] Leaving safepoint region
[2019-12-08T10:35:45.649+0000][1][safepoint    ] Total time for which application threads were stopped: 0.0010570 seconds, Stopping threads took: 0.0010032 seconds
[2019-12-08T10:35:45.659+0000][1][safepoint    ] Application time: 0.0099138 seconds
[2019-12-08T10:35:45.659+0000][1][safepoint    ] Entering safepoint region: RevokeBias
[2019-12-08T10:35:45.659+0000][1][safepoint    ] Leaving safepoint region
[2019-12-08T10:35:45.659+0000][1][safepoint    ] Total time for which application threads were stopped: 0.0003500 seconds, Stopping threads took: 0.0002463 seconds
[2019-12-08T10:35:45.670+0000][1][safepoint    ] Application time: 0.0106173 seconds
[2019-12-08T10:35:45.670+0000][1][safepoint    ] Entering safepoint region: RevokeBias
[2019-12-08T10:35:45.670+0000][1][safepoint    ] Leaving safepoint region
[2019-12-08T10:35:45.670+0000][1][safepoint    ] Total time for which application threads were stopped: 0.0004001 seconds, Stopping threads took: 0.0003455 seconds
[2019-12-08T10:35:45.680+0000][1][safepoint    ] Application time: 0.0095707 seconds
[2019-12-08T10:35:45.680+0000][1][safepoint    ] Entering safepoint region: RevokeBias
[2019-12-08T10:35:45.680+0000][1][safepoint    ] Leaving safepoint region
[2019-12-08T10:35:45.680+0000][1][safepoint    ] Total time for which application threads were stopped: 0.0002903 seconds, Stopping threads took: 0.0002400 seconds
[2019-12-08T10:35:45.690+0000][1][safepoint    ] Application time: 0.0097048 seconds
[2019-12-08T10:35:45.690+0000][1][safepoint    ] Entering safepoint region: RevokeBias
[2019-12-08T10:35:45.690+0000][1][safepoint    ] Leaving safepoint region
[2019-12-08T10:35:45.690+0000][1][safepoint    ] Total time for which application threads were stopped: 0.0003022 seconds, Stopping threads took: 0.0002267 seconds
[2019-12-08T10:35:45.690+0000][1][safepoint    ] Application time: 0.0000700 seconds
[2019-12-08T10:35:45.690+0000][1][safepoint    ] Entering safepoint region: RevokeBias
[2019-12-08T10:35:45.690+0000][1][safepoint    ] Leaving safepoint region
[2019-12-08T10:35:45.690+0000][1][safepoint    ] Total time for which application threads were stopped: 0.0000664 seconds, Stopping threads took: 0.0000083 seconds
[2019-12-08T10:35:45.690+0000][1][safepoint    ] Application time: 0.0000527 seconds
[2019-12-08T10:35:45.690+0000][1][safepoint    ] Entering safepoint region: RevokeBias
[2019-12-08T10:35:45.690+0000][1][safepoint    ] Leaving safepoint region
[2019-12-08T10:35:45.690+0000][1][safepoint    ] Total time for which application threads were stopped: 0.0000532 seconds, Stopping threads took: 0.0000077 seconds
[2019-12-08T10:35:45.690+0000][1][safepoint    ] Application time: 0.0000612 seconds
[2019-12-08T10:35:45.690+0000][1][safepoint    ] Entering safepoint region: RevokeBias
[2019-12-08T10:35:45.690+0000][1][safepoint    ] Leaving safepoint region
[2019-12-08T10:35:45.690+0000][1][safepoint    ] Total time for which application threads were stopped: 0.0000491 seconds, Stopping threads took: 0.0000066 seconds
[2019-12-08T10:35:45.691+0000][1][safepoint    ] Application time: 0.0000439 seconds
[2019-12-08T10:35:45.691+0000][1][safepoint    ] Entering safepoint region: RevokeBias
[2019-12-08T10:35:45.691+0000][1][safepoint    ] Leaving safepoint region
[2019-12-08T10:35:45.691+0000][1][safepoint    ] Total time for which application threads were stopped: 0.0001419 seconds, Stopping threads took: 0.0000992 seconds
[2019-12-08T10:35:45.691+0000][1][safepoint    ] Application time: 0.0000717 seconds
[2019-12-08T10:35:45.691+0000][1][safepoint    ] Entering safepoint region: RevokeBias
[2019-12-08T10:35:45.691+0000][1][safepoint    ] Leaving safepoint region
[2019-12-08T10:35:45.691+0000][1][safepoint    ] Total time for which application threads were stopped: 0.0000493 seconds, Stopping threads took: 0.0000067 seconds
[2019-12-08T10:35:45.691+0000][1][safepoint    ] Application time: 0.0000442 seconds
[2019-12-08T10:35:45.691+0000][1][safepoint    ] Entering safepoint region: RevokeBias
[2019-12-08T10:35:45.691+0000][1][safepoint    ] Leaving safepoint region
[2019-12-08T10:35:45.691+0000][1][safepoint    ] Total time for which application threads were stopped: 0.0000486 seconds, Stopping threads took: 0.0000068 seconds
[2019-12-08T10:35:45.691+0000][1][safepoint    ] Application time: 0.0000475 seconds
[2019-12-08T10:35:45.691+0000][1][safepoint    ] Entering safepoint region: RevokeBias
[2019-12-08T10:35:45.691+0000][1][safepoint    ] Leaving safepoint region
[2019-12-08T10:35:45.691+0000][1][safepoint    ] Total time for which application threads were stopped: 0.0000466 seconds, Stopping threads took: 0.0000068 seconds
[2019-12-08T10:35:45.691+0000][1][safepoint    ] Application time: 0.0000437 seconds
[2019-12-08T10:35:45.691+0000][1][safepoint    ] Entering safepoint region: RevokeBias
[2019-12-08T10:35:45.691+0000][1][safepoint    ] Leaving safepoint region
[2019-12-08T10:35:45.691+0000][1][safepoint    ] Total time for which application threads were stopped: 0.0000539 seconds, Stopping threads took: 0.0000142 seconds
[2019-12-08T10:35:45.691+0000][1][safepoint    ] Application time: 0.0000513 seconds
[2019-12-08T10:35:45.691+0000][1][safepoint    ] Entering safepoint region: RevokeBias
[2019-12-08T10:35:45.691+0000][1][safepoint    ] Leaving safepoint region
[2019-12-08T10:35:45.691+0000][1][safepoint    ] Total time for which application threads were stopped: 0.0000469 seconds, Stopping threads took: 0.0000066 seconds
[2019-12-08T10:35:45.691+0000][1][safepoint    ] Application time: 0.0000437 seconds
[2019-12-08T10:35:45.691+0000][1][safepoint    ] Entering safepoint region: RevokeBias
[2019-12-08T10:35:45.691+0000][1][safepoint    ] Leaving safepoint region
[2019-12-08T10:35:45.691+0000][1][safepoint    ] Total time for which application threads were stopped: 0.0000492 seconds, Stopping threads took: 0.0000064 seconds
[2019-12-08T10:35:45.691+0000][1][safepoint    ] Application time: 0.0000793 seconds
[2019-12-08T10:35:45.691+0000][1][safepoint    ] Entering safepoint region: RevokeBias
[2019-12-08T10:35:45.691+0000][1][safepoint    ] Leaving safepoint region
[2019-12-08T10:35:45.691+0000][1][safepoint    ] Total time for which application threads were stopped: 0.0000493 seconds, Stopping threads took: 0.0000065 seconds
[2019-12-08T10:35:45.692+0000][1][safepoint    ] Application time: 0.0000429 seconds
[2019-12-08T10:35:45.692+0000][1][safepoint    ] Entering safepoint region: RevokeBias
[2019-12-08T10:35:45.692+0000][1][safepoint    ] Leaving safepoint region
[2019-12-08T10:35:45.692+0000][1][safepoint    ] Total time for which application threads were stopped: 0.0000472 seconds, Stopping threads took: 0.0000065 seconds
[2019-12-08T10:35:45.692+0000][1][safepoint    ] Application time: 0.0000452 seconds
[2019-12-08T10:35:45.692+0000][1][safepoint    ] Entering safepoint region: RevokeBias
[2019-12-08T10:35:45.692+0000][1][safepoint    ] Leaving safepoint region
[2019-12-08T10:35:45.692+0000][1][safepoint    ] Total time for which application threads were stopped: 0.0000668 seconds, Stopping threads took: 0.0000066 seconds
[2019-12-08T10:35:45.692+0000][1][safepoint    ] Application time: 0.0000448 seconds
[2019-12-08T10:35:45.692+0000][1][safepoint    ] Entering safepoint region: RevokeBias
[2019-12-08T10:35:45.692+0000][1][safepoint    ] Leaving safepoint region
[2019-12-08T10:35:45.692+0000][1][safepoint    ] Total time for which application threads were stopped: 0.0000485 seconds, Stopping threads took: 0.0000068 seconds
[2019-12-08T10:35:45.692+0000][1][safepoint    ] Application time: 0.0000463 seconds
[2019-12-08T10:35:45.692+0000][1][safepoint    ] Entering safepoint region: RevokeBias
[2019-12-08T10:35:45.692+0000][1][safepoint    ] Leaving safepoint region
[2019-12-08T10:35:45.692+0000][1][safepoint    ] Total time for which application threads were stopped: 0.0000474 seconds, Stopping threads took: 0.0000066 seconds
[2019-12-08T10:35:45.692+0000][1][safepoint    ] Application time: 0.0000419 seconds
[2019-12-08T10:35:45.692+0000][1][safepoint    ] Entering safepoint region: RevokeBias
[2019-12-08T10:35:45.692+0000][1][safepoint    ] Leaving safepoint region
[2019-12-08T10:35:45.692+0000][1][safepoint    ] Total time for which application threads were stopped: 0.0000495 seconds, Stopping threads took: 0.0000066 seconds
[2019-12-08T10:35:45.692+0000][1][safepoint    ] Application time: 0.0000637 seconds
[2019-12-08T10:35:45.692+0000][1][safepoint    ] Entering safepoint region: RevokeBias
[2019-12-08T10:35:45.692+0000][1][safepoint    ] Leaving safepoint region
[2019-12-08T10:35:45.692+0000][1][safepoint    ] Total time for which application threads were stopped: 0.0000526 seconds, Stopping threads took: 0.0000062 seconds
[2019-12-08T10:35:45.692+0000][1][safepoint    ] Application time: 0.0000429 seconds
[2019-12-08T10:35:45.692+0000][1][safepoint    ] Entering safepoint region: RevokeBias
[2019-12-08T10:35:45.692+0000][1][safepoint    ] Leaving safepoint region
[2019-12-08T10:35:45.692+0000][1][safepoint    ] Total time for which application threads were stopped: 0.0000694 seconds, Stopping threads took: 0.0000130 seconds
[2019-12-08T10:35:45.693+0000][1][safepoint    ] Application time: 0.0003106 seconds
[2019-12-08T10:35:45.693+0000][1][safepoint    ] Entering safepoint region: RevokeBias
[2019-12-08T10:35:45.693+0000][1][safepoint    ] Leaving safepoint region
[2019-12-08T10:35:45.693+0000][1][safepoint    ] Total time for which application threads were stopped: 0.0000841 seconds, Stopping threads took: 0.0000084 seconds
[2019-12-08T10:35:45.693+0000][1][safepoint    ] Application time: 0.0000515 seconds
[2019-12-08T10:35:45.693+0000][1][safepoint    ] Entering safepoint region: RevokeBias
[2019-12-08T10:35:45.693+0000][1][safepoint    ] Leaving safepoint region
[2019-12-08T10:35:45.693+0000][1][safepoint    ] Total time for which application threads were stopped: 0.0000536 seconds, Stopping threads took: 0.0000076 seconds
[2019-12-08T10:35:45.693+0000][1][safepoint    ] Application time: 0.0000596 seconds
[2019-12-08T10:35:45.693+0000][1][safepoint    ] Entering safepoint region: RevokeBias
[2019-12-08T10:35:45.693+0000][1][safepoint    ] Leaving safepoint region
[2019-12-08T10:35:45.693+0000][1][safepoint    ] Total time for which application threads were stopped: 0.0000537 seconds, Stopping threads took: 0.0000075 seconds
[2019-12-08T10:35:45.693+0000][1][safepoint    ] Application time: 0.0000486 seconds
[2019-12-08T10:35:45.693+0000][1][safepoint    ] Entering safepoint region: RevokeBias
[2019-12-08T10:35:45.693+0000][1][safepoint    ] Leaving safepoint region
[2019-12-08T10:35:45.693+0000][1][safepoint    ] Total time for which application threads were stopped: 0.0000514 seconds, Stopping threads took: 0.0000075 seconds
[2019-12-08T10:35:45.839+0000][1][safepoint    ] Application time: 0.1459454 seconds
[2019-12-08T10:35:45.839+0000][1][safepoint    ] Entering safepoint region: RevokeBias
[2019-12-08T10:35:45.839+0000][1][safepoint    ] Leaving safepoint region
[2019-12-08T10:35:45.839+0000][1][safepoint    ] Total time for which application threads were stopped: 0.0001757 seconds, Stopping threads took: 0.0000128 seconds
[2019-12-08T10:35:45.935+0000][1][safepoint    ] Application time: 0.0957697 seconds
[2019-12-08T10:35:45.935+0000][1][safepoint    ] Entering safepoint region: RevokeBias
[2019-12-08T10:35:45.935+0000][1][safepoint    ] Leaving safepoint region
[2019-12-08T10:35:45.935+0000][1][safepoint    ] Total time for which application threads were stopped: 0.0001262 seconds, Stopping threads took: 0.0000346 seconds
[2019-12-08T10:35:45.939+0000][1][safepoint    ] Application time: 0.0041591 seconds
[2019-12-08T10:35:45.939+0000][1][safepoint    ] Entering safepoint region: RevokeBias
[2019-12-08T10:35:45.939+0000][1][safepoint    ] Leaving safepoint region
[2019-12-08T10:35:45.939+0000][1][safepoint    ] Total time for which application threads were stopped: 0.0000780 seconds, Stopping threads took: 0.0000107 seconds
[2019-12-08T10:35:45.942+0000][1][safepoint    ] Application time: 0.0029683 seconds
[2019-12-08T10:35:45.942+0000][1][safepoint    ] Entering safepoint region: RevokeBias
[2019-12-08T10:35:45.943+0000][1][safepoint    ] Leaving safepoint region
[2019-12-08T10:35:45.943+0000][1][safepoint    ] Total time for which application threads were stopped: 0.0000736 seconds, Stopping threads took: 0.0000100 seconds
[2019-12-08T10:35:45.986+0000][1][safepoint    ] Application time: 0.0432033 seconds
[2019-12-08T10:35:45.986+0000][1][safepoint    ] Entering safepoint region: GenCollectForAllocation
[2019-12-08T10:35:45.986+0000][1][gc,start     ] GC(1) Pause Young (Allocation Failure)
[2019-12-08T10:35:45.986+0000][1][gc,task      ] GC(1) Using 4 workers of 4 for evacuation
[2019-12-08T10:35:46.006+0000][1][gc,age       ] GC(1) Desired survivor size 4456448 bytes, new threshold 6 (max threshold 6)
[2019-12-08T10:35:46.006+0000][1][gc,age       ] GC(1) Age table with threshold 6 (max threshold 6)
[2019-12-08T10:35:46.006+0000][1][gc,age       ] GC(1) - age   1:    1237584 bytes,    1237584 total
[2019-12-08T10:35:46.006+0000][1][gc,heap      ] GC(1) ParNew: 76595K->4106K(78656K)
[2019-12-08T10:35:46.006+0000][1][gc,heap      ] GC(1) CMS: 0K->7035K(174784K)
[2019-12-08T10:35:46.006+0000][1][gc,metaspace ] GC(1) Metaspace: 14978K->14978K(1062912K)
[2019-12-08T10:35:46.006+0000][1][gc           ] GC(1) Pause Young (Allocation Failure) 74M->10M(247M) 20.536ms
[2019-12-08T10:35:46.006+0000][1][gc,cpu       ] GC(1) User=0.07s Sys=0.01s Real=0.02s
[2019-12-08T10:35:46.006+0000][1][safepoint    ] Leaving safepoint region
[2019-12-08T10:35:46.006+0000][1][safepoint    ] Total time for which application threads were stopped: 0.0206423 seconds, Stopping threads took: 0.0000119 seconds
[2019-12-08T10:35:46.009+0000][1][safepoint    ] Application time: 0.0023790 seconds
[2019-12-08T10:35:46.009+0000][1][safepoint    ] Entering safepoint region: BulkRevokeBias
[2019-12-08T10:35:46.009+0000][1][safepoint    ] Leaving safepoint region
[2019-12-08T10:35:46.009+0000][1][safepoint    ] Total time for which application threads were stopped: 0.0001503 seconds, Stopping threads took: 0.0000584 seconds
[2019-12-08T10:35:46.009+0000][1][safepoint    ] Application time: 0.0000876 seconds
[2019-12-08T10:35:46.009+0000][1][safepoint    ] Entering safepoint region: RevokeBias
[2019-12-08T10:35:46.009+0000][1][safepoint    ] Leaving safepoint region
[2019-12-08T10:35:46.009+0000][1][safepoint    ] Total time for which application threads were stopped: 0.0000848 seconds, Stopping threads took: 0.0000356 seconds
[2019-12-08T10:35:46.009+0000][1][safepoint    ] Application time: 0.0000517 seconds
[2019-12-08T10:35:46.009+0000][1][safepoint    ] Entering safepoint region: RevokeBias
[2019-12-08T10:35:46.009+0000][1][safepoint    ] Leaving safepoint region
[2019-12-08T10:35:46.009+0000][1][safepoint    ] Total time for which application threads were stopped: 0.0000421 seconds, Stopping threads took: 0.0000078 seconds
[2019-12-08T10:35:46.009+0000][1][safepoint    ] Application time: 0.0000571 seconds
[2019-12-08T10:35:46.009+0000][1][safepoint    ] Entering safepoint region: RevokeBias
[2019-12-08T10:35:46.009+0000][1][safepoint    ] Leaving safepoint region
[2019-12-08T10:35:46.009+0000][1][safepoint    ] Total time for which application threads were stopped: 0.0000425 seconds, Stopping threads took: 0.0000105 seconds
[2019-12-08T10:35:46.009+0000][1][safepoint    ] Application time: 0.0000446 seconds
[2019-12-08T10:35:46.009+0000][1][safepoint    ] Entering safepoint region: RevokeBias
[2019-12-08T10:35:46.009+0000][1][safepoint    ] Leaving safepoint region
[2019-12-08T10:35:46.009+0000][1][safepoint    ] Total time for which application threads were stopped: 0.0000508 seconds, Stopping threads took: 0.0000274 seconds
[2019-12-08T10:35:46.010+0000][1][safepoint    ] Application time: 0.0000540 seconds
[2019-12-08T10:35:46.010+0000][1][safepoint    ] Entering safepoint region: RevokeBias
[2019-12-08T10:35:46.010+0000][1][safepoint    ] Leaving safepoint region
[2019-12-08T10:35:46.010+0000][1][safepoint    ] Total time for which application threads were stopped: 0.0001012 seconds, Stopping threads took: 0.0000555 seconds
[2019-12-08T10:35:46.010+0000][1][safepoint    ] Application time: 0.0000537 seconds
[2019-12-08T10:35:46.010+0000][1][safepoint    ] Entering safepoint region: RevokeBias
[2019-12-08T10:35:46.010+0000][1][safepoint    ] Leaving safepoint region
[2019-12-08T10:35:46.010+0000][1][safepoint    ] Total time for which application threads were stopped: 0.0000391 seconds, Stopping threads took: 0.0000077 seconds
[2019-12-08T10:35:46.014+0000][1][safepoint    ] Application time: 0.0042560 seconds
[2019-12-08T10:35:46.014+0000][1][safepoint    ] Entering safepoint region: BulkRevokeBias
[2019-12-08T10:35:46.014+0000][1][safepoint    ] Leaving safepoint region
[2019-12-08T10:35:46.014+0000][1][safepoint    ] Total time for which application threads were stopped: 0.0001070 seconds, Stopping threads took: 0.0000591 seconds
[2019-12-08T10:35:46.015+0000][1][safepoint    ] Application time: 0.0006944 seconds
[2019-12-08T10:35:46.015+0000][1][safepoint    ] Entering safepoint region: RevokeBias
[2019-12-08T10:35:46.015+0000][1][safepoint    ] Leaving safepoint region
[2019-12-08T10:35:46.015+0000][1][safepoint    ] Total time for which application threads were stopped: 0.0000838 seconds, Stopping threads took: 0.0000518 seconds
[2019-12-08T10:35:46.015+0000][1][safepoint    ] Application time: 0.0000544 seconds
[2019-12-08T10:35:46.015+0000][1][safepoint    ] Entering safepoint region: BulkRevokeBias
[2019-12-08T10:35:46.015+0000][1][safepoint    ] Leaving safepoint region
[2019-12-08T10:35:46.015+0000][1][safepoint    ] Total time for which application threads were stopped: 0.0000757 seconds, Stopping threads took: 0.0000349 seconds
[2019-12-08T10:35:46.129+0000][1][safepoint    ] Application time: 0.1139902 seconds
[2019-12-08T10:35:46.129+0000][1][safepoint    ] Entering safepoint region: GenCollectForAllocation
[2019-12-08T10:35:46.129+0000][1][gc,start     ] GC(2) Pause Young (Allocation Failure)
[2019-12-08T10:35:46.129+0000][1][gc,task      ] GC(2) Using 4 workers of 4 for evacuation
[2019-12-08T10:35:46.131+0000][1][gc,age       ] GC(2) Desired survivor size 4456448 bytes, new threshold 6 (max threshold 6)
[2019-12-08T10:35:46.131+0000][1][gc,age       ] GC(2) Age table with threshold 6 (max threshold 6)
[2019-12-08T10:35:46.131+0000][1][gc,age       ] GC(2) - age   1:     716672 bytes,     716672 total
[2019-12-08T10:35:46.131+0000][1][gc,age       ] GC(2) - age   2:     966176 bytes,    1682848 total
[2019-12-08T10:35:46.131+0000][1][gc,heap      ] GC(2) ParNew: 74058K->1993K(78656K)
[2019-12-08T10:35:46.131+0000][1][gc,heap      ] GC(2) CMS: 7035K->7035K(174784K)
[2019-12-08T10:35:46.131+0000][1][gc,metaspace ] GC(2) Metaspace: 15086K->15086K(1062912K)
[2019-12-08T10:35:46.131+0000][1][gc           ] GC(2) Pause Young (Allocation Failure) 79M->8M(247M) 2.104ms
[2019-12-08T10:35:46.131+0000][1][gc,cpu       ] GC(2) User=0.01s Sys=0.00s Real=0.01s
[2019-12-08T10:35:46.131+0000][1][safepoint    ] Leaving safepoint region
[2019-12-08T10:35:46.131+0000][1][safepoint    ] Total time for which application threads were stopped: 0.0022190 seconds, Stopping threads took: 0.0000087 seconds
[2019-12-08T10:35:46.132+0000][1][safepoint    ] Application time: 0.0001613 seconds
[2019-12-08T10:35:46.132+0000][1][safepoint    ] Entering safepoint region: RevokeBias
[2019-12-08T10:35:46.132+0000][1][safepoint    ] Leaving safepoint region
[2019-12-08T10:35:46.132+0000][1][safepoint    ] Total time for which application threads were stopped: 0.0001104 seconds, Stopping threads took: 0.0000343 seconds
[2019-12-08T10:35:46.132+0000][1][safepoint    ] Application time: 0.0000694 seconds
[2019-12-08T10:35:46.132+0000][1][safepoint    ] Entering safepoint region: RevokeBias
[2019-12-08T10:35:46.132+0000][1][safepoint    ] Leaving safepoint region
[2019-12-08T10:35:46.132+0000][1][safepoint    ] Total time for which application threads were stopped: 0.0000848 seconds, Stopping threads took: 0.0000270 seconds
[2019-12-08T10:35:46.132+0000][1][safepoint    ] Application time: 0.0000595 seconds
[2019-12-08T10:35:46.132+0000][1][safepoint    ] Entering safepoint region: RevokeBias
[2019-12-08T10:35:46.132+0000][1][safepoint    ] Leaving safepoint region
[2019-12-08T10:35:46.132+0000][1][safepoint    ] Total time for which application threads were stopped: 0.0000782 seconds, Stopping threads took: 0.0000251 seconds
[2019-12-08T10:35:46.132+0000][1][safepoint    ] Application time: 0.0000500 seconds
[2019-12-08T10:35:46.132+0000][1][safepoint    ] Entering safepoint region: RevokeBias
[2019-12-08T10:35:46.132+0000][1][safepoint    ] Leaving safepoint region
[2019-12-08T10:35:46.132+0000][1][safepoint    ] Total time for which application threads were stopped: 0.0000746 seconds, Stopping threads took: 0.0000238 seconds
[2019-12-08T10:35:46.132+0000][1][safepoint    ] Application time: 0.0000461 seconds
[2019-12-08T10:35:46.132+0000][1][safepoint    ] Entering safepoint region: RevokeBias
[2019-12-08T10:35:46.132+0000][1][safepoint    ] Leaving safepoint region
[2019-12-08T10:35:46.132+0000][1][safepoint    ] Total time for which application threads were stopped: 0.0000842 seconds, Stopping threads took: 0.0000323 seconds
[2019-12-08T10:35:46.132+0000][1][safepoint    ] Application time: 0.0000417 seconds
[2019-12-08T10:35:46.132+0000][1][safepoint    ] Entering safepoint region: RevokeBias
[2019-12-08T10:35:46.132+0000][1][safepoint    ] Leaving safepoint region
[2019-12-08T10:35:46.132+0000][1][safepoint    ] Total time for which application threads were stopped: 0.0000783 seconds, Stopping threads took: 0.0000242 seconds
[2019-12-08T10:35:46.132+0000][1][safepoint    ] Application time: 0.0000461 seconds
[2019-12-08T10:35:46.132+0000][1][safepoint    ] Entering safepoint region: RevokeBias
[2019-12-08T10:35:46.132+0000][1][safepoint    ] Leaving safepoint region
[2019-12-08T10:35:46.132+0000][1][safepoint    ] Total time for which application threads were stopped: 0.0000788 seconds, Stopping threads took: 0.0000246 seconds
[2019-12-08T10:35:46.133+0000][1][safepoint    ] Application time: 0.0000422 seconds
[2019-12-08T10:35:46.133+0000][1][safepoint    ] Entering safepoint region: RevokeBias
[2019-12-08T10:35:46.133+0000][1][safepoint    ] Leaving safepoint region
[2019-12-08T10:35:46.133+0000][1][safepoint    ] Total time for which application threads were stopped: 0.0000977 seconds, Stopping threads took: 0.0000472 seconds
[2019-12-08T10:35:46.133+0000][1][safepoint    ] Application time: 0.0000561 seconds
[2019-12-08T10:35:46.133+0000][1][safepoint    ] Entering safepoint region: RevokeBias
[2019-12-08T10:35:46.133+0000][1][safepoint    ] Leaving safepoint region
[2019-12-08T10:35:46.133+0000][1][safepoint    ] Total time for which application threads were stopped: 0.0000601 seconds, Stopping threads took: 0.0000075 seconds
[2019-12-08T10:35:46.133+0000][1][safepoint    ] Application time: 0.0000541 seconds
[2019-12-08T10:35:46.133+0000][1][safepoint    ] Entering safepoint region: RevokeBias
[2019-12-08T10:35:46.133+0000][1][safepoint    ] Leaving safepoint region
[2019-12-08T10:35:46.133+0000][1][safepoint    ] Total time for which application threads were stopped: 0.0000568 seconds, Stopping threads took: 0.0000081 seconds
[2019-12-08T10:35:46.133+0000][1][safepoint    ] Application time: 0.0000527 seconds
[2019-12-08T10:35:46.133+0000][1][safepoint    ] Entering safepoint region: RevokeBias
[2019-12-08T10:35:46.133+0000][1][safepoint    ] Leaving safepoint region
[2019-12-08T10:35:46.133+0000][1][safepoint    ] Total time for which application threads were stopped: 0.0000622 seconds, Stopping threads took: 0.0000243 seconds
[2019-12-08T10:35:46.133+0000][1][safepoint    ] Application time: 0.0000480 seconds
[2019-12-08T10:35:46.133+0000][1][safepoint    ] Entering safepoint region: RevokeBias
[2019-12-08T10:35:46.133+0000][1][safepoint    ] Leaving safepoint region
[2019-12-08T10:35:46.133+0000][1][safepoint    ] Total time for which application threads were stopped: 0.0000578 seconds, Stopping threads took: 0.0000113 seconds
[2019-12-08T10:35:46.133+0000][1][safepoint    ] Application time: 0.0000524 seconds
[2019-12-08T10:35:46.133+0000][1][safepoint    ] Entering safepoint region: RevokeBias
[2019-12-08T10:35:46.133+0000][1][safepoint    ] Leaving safepoint region
[2019-12-08T10:35:46.133+0000][1][safepoint    ] Total time for which application threads were stopped: 0.0000527 seconds, Stopping threads took: 0.0000199 seconds
[2019-12-08T10:35:46.133+0000][1][safepoint    ] Application time: 0.0000472 seconds
[2019-12-08T10:35:46.133+0000][1][safepoint    ] Entering safepoint region: RevokeBias
[2019-12-08T10:35:46.133+0000][1][safepoint    ] Leaving safepoint region
[2019-12-08T10:35:46.133+0000][1][safepoint    ] Total time for which application threads were stopped: 0.0000927 seconds, Stopping threads took: 0.0000340 seconds
[2019-12-08T10:35:46.133+0000][1][safepoint    ] Application time: 0.0000511 seconds
[2019-12-08T10:35:46.133+0000][1][safepoint    ] Entering safepoint region: RevokeBias
[2019-12-08T10:35:46.134+0000][1][safepoint    ] Leaving safepoint region
[2019-12-08T10:35:46.134+0000][1][safepoint    ] Total time for which application threads were stopped: 0.0000564 seconds, Stopping threads took: 0.0000259 seconds
[2019-12-08T10:35:46.134+0000][1][safepoint    ] Application time: 0.0000484 seconds
[2019-12-08T10:35:46.134+0000][1][safepoint    ] Entering safepoint region: RevokeBias
[2019-12-08T10:35:46.134+0000][1][safepoint    ] Leaving safepoint region
[2019-12-08T10:35:46.134+0000][1][safepoint    ] Total time for which application threads were stopped: 0.0000446 seconds, Stopping threads took: 0.0000194 seconds
[2019-12-08T10:35:46.242+0000][1][safepoint    ] Application time: 0.1082204 seconds
[2019-12-08T10:35:46.242+0000][1][safepoint    ] Entering safepoint region: Deoptimize
[2019-12-08T10:35:46.242+0000][1][safepoint    ] Leaving safepoint region
[2019-12-08T10:35:46.242+0000][1][safepoint    ] Total time for which application threads were stopped: 0.0004116 seconds, Stopping threads took: 0.0000118 seconds
[2019-12-08T10:35:46.243+0000][1][safepoint    ] Application time: 0.0004919 seconds
[2019-12-08T10:35:46.243+0000][1][safepoint    ] Entering safepoint region: Deoptimize
[2019-12-08T10:35:46.243+0000][1][safepoint    ] Leaving safepoint region
[2019-12-08T10:35:46.243+0000][1][safepoint    ] Total time for which application threads were stopped: 0.0002843 seconds, Stopping threads took: 0.0000108 seconds
[2019-12-08T10:35:46.473+0000][1][safepoint    ] Application time: 0.2294349 seconds
[2019-12-08T10:35:46.473+0000][1][safepoint    ] Entering safepoint region: GenCollectForAllocation
[2019-12-08T10:35:46.473+0000][1][gc,start     ] GC(3) Pause Young (Allocation Failure)
[2019-12-08T10:35:46.473+0000][1][gc,task      ] GC(3) Using 4 workers of 4 for evacuation
[2019-12-08T10:35:46.477+0000][1][gc,age       ] GC(3) Desired survivor size 4456448 bytes, new threshold 3 (max threshold 6)
[2019-12-08T10:35:46.477+0000][1][gc,age       ] GC(3) Age table with threshold 3 (max threshold 6)
[2019-12-08T10:35:46.477+0000][1][gc,age       ] GC(3) - age   1:    3573464 bytes,    3573464 total
[2019-12-08T10:35:46.477+0000][1][gc,age       ] GC(3) - age   2:     702720 bytes,    4276184 total
[2019-12-08T10:35:46.477+0000][1][gc,age       ] GC(3) - age   3:     964056 bytes,    5240240 total
[2019-12-08T10:35:46.477+0000][1][gc,heap      ] GC(3) ParNew: 71945K->5463K(78656K)
[2019-12-08T10:35:46.477+0000][1][gc,heap      ] GC(3) CMS: 7035K->7035K(174784K)
[2019-12-08T10:35:46.477+0000][1][gc,metaspace ] GC(3) Metaspace: 18602K->18602K(1067008K)
[2019-12-08T10:35:46.477+0000][1][gc           ] GC(3) Pause Young (Allocation Failure) 77M->12M(247M) 4.422ms
[2019-12-08T10:35:46.477+0000][1][gc,cpu       ] GC(3) User=0.02s Sys=0.00s Real=0.00s
[2019-12-08T10:35:46.477+0000][1][safepoint    ] Leaving safepoint region
[2019-12-08T10:35:46.477+0000][1][safepoint    ] Total time for which application threads were stopped: 0.0046010 seconds, Stopping threads took: 0.0000121 seconds
[2019-12-08T10:35:46.478+0000][1][safepoint    ] Application time: 0.0013089 seconds
[2019-12-08T10:35:46.479+0000][1][safepoint    ] Entering safepoint region: BulkRevokeBias
[2019-12-08T10:35:46.479+0000][1][safepoint    ] Leaving safepoint region
[2019-12-08T10:35:46.479+0000][1][safepoint    ] Total time for which application threads were stopped: 0.0001351 seconds, Stopping threads took: 0.0000467 seconds
[2019-12-08T10:35:46.479+0000][1][safepoint    ] Application time: 0.0000979 seconds
[2019-12-08T10:35:46.479+0000][1][safepoint    ] Entering safepoint region: RevokeBias
[2019-12-08T10:35:46.479+0000][1][safepoint    ] Leaving safepoint region
[2019-12-08T10:35:46.479+0000][1][safepoint    ] Total time for which application threads were stopped: 0.0000982 seconds, Stopping threads took: 0.0000438 seconds
[2019-12-08T10:35:46.481+0000][1][safepoint    ] Application time: 0.0023540 seconds
[2019-12-08T10:35:46.481+0000][1][safepoint    ] Entering safepoint region: RevokeBias
[2019-12-08T10:35:46.481+0000][1][safepoint    ] Leaving safepoint region
[2019-12-08T10:35:46.481+0000][1][safepoint    ] Total time for which application threads were stopped: 0.0001011 seconds, Stopping threads took: 0.0000512 seconds
[2019-12-08T10:35:46.481+0000][1][safepoint    ] Application time: 0.0000643 seconds
[2019-12-08T10:35:46.481+0000][1][safepoint    ] Entering safepoint region: RevokeBias
[2019-12-08T10:35:46.481+0000][1][safepoint    ] Leaving safepoint region
[2019-12-08T10:35:46.481+0000][1][safepoint    ] Total time for which application threads were stopped: 0.0000714 seconds, Stopping threads took: 0.0000360 seconds
[2019-12-08T10:35:46.482+0000][1][safepoint    ] Application time: 0.0000569 seconds
[2019-12-08T10:35:46.482+0000][1][safepoint    ] Entering safepoint region: RevokeBias
[2019-12-08T10:35:46.482+0000][1][safepoint    ] Leaving safepoint region
[2019-12-08T10:35:46.482+0000][1][safepoint    ] Total time for which application threads were stopped: 0.0000749 seconds, Stopping threads took: 0.0000344 seconds
[2019-12-08T10:35:46.482+0000][1][safepoint    ] Application time: 0.0001689 seconds
[2019-12-08T10:35:46.482+0000][1][safepoint    ] Entering safepoint region: RevokeBias
[2019-12-08T10:35:46.482+0000][1][safepoint    ] Leaving safepoint region
[2019-12-08T10:35:46.482+0000][1][safepoint    ] Total time for which application threads were stopped: 0.0000471 seconds, Stopping threads took: 0.0000076 seconds
[2019-12-08T10:35:46.482+0000][1][safepoint    ] Application time: 0.0000384 seconds
[2019-12-08T10:35:46.482+0000][1][safepoint    ] Entering safepoint region: RevokeBias
[2019-12-08T10:35:46.482+0000][1][safepoint    ] Leaving safepoint region
[2019-12-08T10:35:46.482+0000][1][safepoint    ] Total time for which application threads were stopped: 0.0000459 seconds, Stopping threads took: 0.0000107 seconds
[2019-12-08T10:35:46.482+0000][1][safepoint    ] Application time: 0.0000404 seconds
[2019-12-08T10:35:46.482+0000][1][safepoint    ] Entering safepoint region: RevokeBias
[2019-12-08T10:35:46.482+0000][1][safepoint    ] Leaving safepoint region
[2019-12-08T10:35:46.482+0000][1][safepoint    ] Total time for which application threads were stopped: 0.0000880 seconds, Stopping threads took: 0.0000381 seconds
[2019-12-08T10:35:46.482+0000][1][safepoint    ] Application time: 0.0000378 seconds
[2019-12-08T10:35:46.482+0000][1][safepoint    ] Entering safepoint region: RevokeBias
[2019-12-08T10:35:46.482+0000][1][safepoint    ] Leaving safepoint region
[2019-12-08T10:35:46.482+0000][1][safepoint    ] Total time for which application threads were stopped: 0.0000682 seconds, Stopping threads took: 0.0000338 seconds
[2019-12-08T10:35:46.600+0000][1][safepoint    ] Application time: 0.1172830 seconds
[2019-12-08T10:35:46.600+0000][1][safepoint    ] Entering safepoint region: GenCollectForAllocation
[2019-12-08T10:35:46.600+0000][1][gc,start     ] GC(4) Pause Young (Allocation Failure)
[2019-12-08T10:35:46.600+0000][1][gc,task      ] GC(4) Using 4 workers of 4 for evacuation
[2019-12-08T10:35:46.605+0000][1][gc,age       ] GC(4) Desired survivor size 4456448 bytes, new threshold 2 (max threshold 6)
[2019-12-08T10:35:46.605+0000][1][gc,age       ] GC(4) Age table with threshold 2 (max threshold 6)
[2019-12-08T10:35:46.605+0000][1][gc,age       ] GC(4) - age   1:    1999224 bytes,    1999224 total
[2019-12-08T10:35:46.605+0000][1][gc,age       ] GC(4) - age   2:    3009120 bytes,    5008344 total
[2019-12-08T10:35:46.605+0000][1][gc,age       ] GC(4) - age   3:     702720 bytes,    5711064 total
[2019-12-08T10:35:46.605+0000][1][gc,heap      ] GC(4) ParNew: 75415K->7818K(78656K)
[2019-12-08T10:35:46.605+0000][1][gc,heap      ] GC(4) CMS: 7035K->7990K(174784K)
[2019-12-08T10:35:46.605+0000][1][gc,metaspace ] GC(4) Metaspace: 18819K->18819K(1067008K)
[2019-12-08T10:35:46.605+0000][1][gc           ] GC(4) Pause Young (Allocation Failure) 80M->15M(247M) 5.779ms
[2019-12-08T10:35:46.605+0000][1][gc,cpu       ] GC(4) User=0.02s Sys=0.00s Real=0.01s
[2019-12-08T10:35:46.605+0000][1][safepoint    ] Leaving safepoint region
[2019-12-08T10:35:46.605+0000][1][safepoint    ] Total time for which application threads were stopped: 0.0058911 seconds, Stopping threads took: 0.0000089 seconds
[2019-12-08T10:35:46.608+0000][1][safepoint    ] Application time: 0.0023446 seconds
[2019-12-08T10:35:46.608+0000][1][safepoint    ] Entering safepoint region: RevokeBias
[2019-12-08T10:35:46.608+0000][1][safepoint    ] Leaving safepoint region
[2019-12-08T10:35:46.608+0000][1][safepoint    ] Total time for which application threads were stopped: 0.0000995 seconds, Stopping threads took: 0.0000441 seconds
[2019-12-08T10:35:46.608+0000][1][safepoint    ] Application time: 0.0000542 seconds
[2019-12-08T10:35:46.608+0000][1][safepoint    ] Entering safepoint region: RevokeBias
[2019-12-08T10:35:46.608+0000][1][safepoint    ] Leaving safepoint region
[2019-12-08T10:35:46.608+0000][1][safepoint    ] Total time for which application threads were stopped: 0.0002749 seconds, Stopping threads took: 0.0002259 seconds
[2019-12-08T10:35:46.608+0000][1][safepoint    ] Application time: 0.0000764 seconds
[2019-12-08T10:35:46.608+0000][1][safepoint    ] Entering safepoint region: RevokeBias
[2019-12-08T10:35:46.608+0000][1][safepoint    ] Leaving safepoint region
[2019-12-08T10:35:46.608+0000][1][safepoint    ] Total time for which application threads were stopped: 0.0000976 seconds, Stopping threads took: 0.0000355 seconds
[2019-12-08T10:35:46.608+0000][1][safepoint    ] Application time: 0.0000463 seconds
[2019-12-08T10:35:46.609+0000][1][safepoint    ] Entering safepoint region: RevokeBias
[2019-12-08T10:35:46.609+0000][1][safepoint    ] Leaving safepoint region
[2019-12-08T10:35:46.609+0000][1][safepoint    ] Total time for which application threads were stopped: 0.0000914 seconds, Stopping threads took: 0.0000334 seconds
[2019-12-08T10:35:46.623+0000][1][safepoint    ] Application time: 0.0145908 seconds
[2019-12-08T10:35:46.623+0000][1][safepoint    ] Entering safepoint region: Deoptimize
[2019-12-08T10:35:46.624+0000][1][safepoint    ] Leaving safepoint region
[2019-12-08T10:35:46.624+0000][1][safepoint    ] Total time for which application threads were stopped: 0.0003826 seconds, Stopping threads took: 0.0000099 seconds
[2019-12-08T10:35:46.664+0000][1][safepoint    ] Application time: 0.0400667 seconds
[2019-12-08T10:35:46.664+0000][1][safepoint    ] Entering safepoint region: Deoptimize
[2019-12-08T10:35:46.664+0000][1][safepoint    ] Leaving safepoint region
[2019-12-08T10:35:46.664+0000][1][safepoint    ] Total time for which application threads were stopped: 0.0004079 seconds, Stopping threads took: 0.0000124 seconds
[2019-12-08T10:35:46.668+0000][1][safepoint    ] Application time: 0.0039143 seconds
[2019-12-08T10:35:46.668+0000][1][safepoint    ] Entering safepoint region: RevokeBias
[2019-12-08T10:35:46.668+0000][1][safepoint    ] Leaving safepoint region
[2019-12-08T10:35:46.668+0000][1][safepoint    ] Total time for which application threads were stopped: 0.0000714 seconds, Stopping threads took: 0.0000105 seconds
[2019-12-08T10:35:46.729+0000][1][safepoint    ] Application time: 0.0604346 seconds
[2019-12-08T10:35:46.729+0000][1][safepoint    ] Entering safepoint region: RevokeBias
[2019-12-08T10:35:46.729+0000][1][safepoint    ] Leaving safepoint region
[2019-12-08T10:35:46.729+0000][1][safepoint    ] Total time for which application threads were stopped: 0.0000710 seconds, Stopping threads took: 0.0000121 seconds
[2019-12-08T10:35:46.729+0000][1][safepoint    ] Application time: 0.0006193 seconds
[2019-12-08T10:35:46.729+0000][1][safepoint    ] Entering safepoint region: RevokeBias
[2019-12-08T10:35:46.729+0000][1][safepoint    ] Leaving safepoint region
[2019-12-08T10:35:46.729+0000][1][safepoint    ] Total time for which application threads were stopped: 0.0000502 seconds, Stopping threads took: 0.0000102 seconds
[2019-12-08T10:35:46.730+0000][1][safepoint    ] Application time: 0.0004536 seconds
[2019-12-08T10:35:46.730+0000][1][safepoint    ] Entering safepoint region: RevokeBias
[2019-12-08T10:35:46.730+0000][1][safepoint    ] Leaving safepoint region
[2019-12-08T10:35:46.730+0000][1][safepoint    ] Total time for which application threads were stopped: 0.0000548 seconds, Stopping threads took: 0.0000097 seconds
[2019-12-08T10:35:46.777+0000][1][safepoint    ] Application time: 0.0469629 seconds
[2019-12-08T10:35:46.777+0000][1][safepoint    ] Entering safepoint region: GenCollectForAllocation
[2019-12-08T10:35:46.777+0000][1][gc,start     ] GC(5) Pause Young (Allocation Failure)
[2019-12-08T10:35:46.777+0000][1][gc,task      ] GC(5) Using 4 workers of 4 for evacuation
[2019-12-08T10:35:46.784+0000][1][gc,age       ] GC(5) Desired survivor size 4456448 bytes, new threshold 6 (max threshold 6)
[2019-12-08T10:35:46.784+0000][1][gc,age       ] GC(5) Age table with threshold 6 (max threshold 6)
[2019-12-08T10:35:46.784+0000][1][gc,age       ] GC(5) - age   1:    2895048 bytes,    2895048 total
[2019-12-08T10:35:46.784+0000][1][gc,age       ] GC(5) - age   2:     443128 bytes,    3338176 total
[2019-12-08T10:35:46.784+0000][1][gc,heap      ] GC(5) ParNew: 77770K->5888K(78656K)
[2019-12-08T10:35:46.784+0000][1][gc,heap      ] GC(5) CMS: 7990K->11645K(174784K)
[2019-12-08T10:35:46.784+0000][1][gc,metaspace ] GC(5) Metaspace: 19152K->19152K(1067008K)
[2019-12-08T10:35:46.784+0000][1][gc           ] GC(5) Pause Young (Allocation Failure) 83M->17M(247M) 7.189ms
[2019-12-08T10:35:46.784+0000][1][gc,cpu       ] GC(5) User=0.03s Sys=0.00s Real=0.01s
[2019-12-08T10:35:46.784+0000][1][safepoint    ] Leaving safepoint region
[2019-12-08T10:35:46.784+0000][1][safepoint    ] Total time for which application threads were stopped: 0.0073051 seconds, Stopping threads took: 0.0000111 seconds
[2019-12-08T10:35:46.786+0000][1][safepoint    ] Application time: 0.0015980 seconds
[2019-12-08T10:35:46.786+0000][1][safepoint    ] Entering safepoint region: RevokeBias
[2019-12-08T10:35:46.786+0000][1][safepoint    ] Leaving safepoint region
[2019-12-08T10:35:46.786+0000][1][safepoint    ] Total time for which application threads were stopped: 0.0001004 seconds, Stopping threads took: 0.0000506 seconds
[2019-12-08T10:35:46.786+0000][1][safepoint    ] Application time: 0.0000581 seconds
[2019-12-08T10:35:46.786+0000][1][safepoint    ] Entering safepoint region: RevokeBias
[2019-12-08T10:35:46.786+0000][1][safepoint    ] Leaving safepoint region
[2019-12-08T10:35:46.786+0000][1][safepoint    ] Total time for which application threads were stopped: 0.0000842 seconds, Stopping threads took: 0.0000426 seconds
[2019-12-08T10:35:46.786+0000][1][safepoint    ] Application time: 0.0000575 seconds
[2019-12-08T10:35:46.786+0000][1][safepoint    ] Entering safepoint region: RevokeBias
[2019-12-08T10:35:46.786+0000][1][safepoint    ] Leaving safepoint region
[2019-12-08T10:35:46.786+0000][1][safepoint    ] Total time for which application threads were stopped: 0.0000715 seconds, Stopping threads took: 0.0000376 seconds
[2019-12-08T10:35:46.786+0000][1][safepoint    ] Application time: 0.0000513 seconds
[2019-12-08T10:35:46.786+0000][1][safepoint    ] Entering safepoint region: RevokeBias
[2019-12-08T10:35:46.786+0000][1][safepoint    ] Leaving safepoint region
[2019-12-08T10:35:46.786+0000][1][safepoint    ] Total time for which application threads were stopped: 0.0000671 seconds, Stopping threads took: 0.0000363 seconds
[2019-12-08T10:35:46.786+0000][1][safepoint    ] Application time: 0.0000572 seconds
[2019-12-08T10:35:46.787+0000][1][safepoint    ] Entering safepoint region: RevokeBias
[2019-12-08T10:35:46.787+0000][1][safepoint    ] Leaving safepoint region
[2019-12-08T10:35:46.787+0000][1][safepoint    ] Total time for which application threads were stopped: 0.0000837 seconds, Stopping threads took: 0.0000504 seconds
[2019-12-08T10:35:46.787+0000][1][safepoint    ] Application time: 0.0000531 seconds
[2019-12-08T10:35:46.787+0000][1][safepoint    ] Entering safepoint region: RevokeBias
[2019-12-08T10:35:46.787+0000][1][safepoint    ] Leaving safepoint region
[2019-12-08T10:35:46.787+0000][1][safepoint    ] Total time for which application threads were stopped: 0.0000789 seconds, Stopping threads took: 0.0000380 seconds
[2019-12-08T10:35:46.884+0000][1][safepoint    ] Application time: 0.0976927 seconds
[2019-12-08T10:35:46.884+0000][1][safepoint    ] Entering safepoint region: RevokeBias
[2019-12-08T10:35:46.885+0000][1][safepoint    ] Leaving safepoint region
[2019-12-08T10:35:46.885+0000][1][safepoint    ] Total time for which application threads were stopped: 0.0000807 seconds, Stopping threads took: 0.0000122 seconds
[2019-12-08T10:35:46.885+0000][1][safepoint    ] Application time: 0.0002159 seconds
[2019-12-08T10:35:46.885+0000][1][safepoint    ] Entering safepoint region: RevokeBias
[2019-12-08T10:35:46.885+0000][1][safepoint    ] Leaving safepoint region
[2019-12-08T10:35:46.885+0000][1][safepoint    ] Total time for which application threads were stopped: 0.0000546 seconds, Stopping threads took: 0.0000114 seconds
[2019-12-08T10:35:46.923+0000][1][safepoint    ] Application time: 0.0380654 seconds
[2019-12-08T10:35:46.923+0000][1][safepoint    ] Entering safepoint region: GenCollectForAllocation
[2019-12-08T10:35:46.923+0000][1][gc,start     ] GC(6) Pause Young (Allocation Failure)
[2019-12-08T10:35:46.923+0000][1][gc,task      ] GC(6) Using 4 workers of 4 for evacuation
[2019-12-08T10:35:46.927+0000][1][gc,age       ] GC(6) Desired survivor size 4456448 bytes, new threshold 6 (max threshold 6)
[2019-12-08T10:35:46.927+0000][1][gc,age       ] GC(6) Age table with threshold 6 (max threshold 6)
[2019-12-08T10:35:46.927+0000][1][gc,age       ] GC(6) - age   1:    1674672 bytes,    1674672 total
[2019-12-08T10:35:46.927+0000][1][gc,age       ] GC(6) - age   2:    2191688 bytes,    3866360 total
[2019-12-08T10:35:46.927+0000][1][gc,age       ] GC(6) - age   3:     443128 bytes,    4309488 total
[2019-12-08T10:35:46.927+0000][1][gc,heap      ] GC(6) ParNew: 75840K->5304K(78656K)
[2019-12-08T10:35:46.927+0000][1][gc,heap      ] GC(6) CMS: 11645K->11645K(174784K)
[2019-12-08T10:35:46.927+0000][1][gc,metaspace ] GC(6) Metaspace: 19455K->19455K(1067008K)
[2019-12-08T10:35:46.927+0000][1][gc           ] GC(6) Pause Young (Allocation Failure) 85M->16M(247M) 4.359ms
[2019-12-08T10:35:46.927+0000][1][gc,cpu       ] GC(6) User=0.01s Sys=0.00s Real=0.00s
[2019-12-08T10:35:46.927+0000][1][safepoint    ] Leaving safepoint region
[2019-12-08T10:35:46.927+0000][1][safepoint    ] Total time for which application threads were stopped: 0.0044735 seconds, Stopping threads took: 0.0000118 seconds
[2019-12-08T10:35:46.928+0000][1][safepoint    ] Application time: 0.0001292 seconds
[2019-12-08T10:35:46.928+0000][1][safepoint    ] Entering safepoint region: RevokeBias
[2019-12-08T10:35:46.928+0000][1][safepoint    ] Leaving safepoint region
[2019-12-08T10:35:46.928+0000][1][safepoint    ] Total time for which application threads were stopped: 0.0001037 seconds, Stopping threads took: 0.0000434 seconds
[2019-12-08T10:35:46.928+0000][1][safepoint    ] Application time: 0.0000672 seconds
[2019-12-08T10:35:46.928+0000][1][safepoint    ] Entering safepoint region: BulkRevokeBias
[2019-12-08T10:35:46.928+0000][1][safepoint    ] Leaving safepoint region
[2019-12-08T10:35:46.928+0000][1][safepoint    ] Total time for which application threads were stopped: 0.0001105 seconds, Stopping threads took: 0.0000366 seconds
[2019-12-08T10:35:46.928+0000][1][safepoint    ] Application time: 0.0000521 seconds
[2019-12-08T10:35:46.928+0000][1][safepoint    ] Entering safepoint region: BulkRevokeBias
[2019-12-08T10:35:46.928+0000][1][safepoint    ] Leaving safepoint region
[2019-12-08T10:35:46.928+0000][1][safepoint    ] Total time for which application threads were stopped: 0.0001148 seconds, Stopping threads took: 0.0000495 seconds
[2019-12-08T10:35:46.954+0000][1][safepoint    ] Application time: 0.0259354 seconds
[2019-12-08T10:35:46.954+0000][1][safepoint    ] Entering safepoint region: RevokeBias
[2019-12-08T10:35:46.954+0000][1][safepoint    ] Leaving safepoint region
[2019-12-08T10:35:46.954+0000][1][safepoint    ] Total time for which application threads were stopped: 0.0000662 seconds, Stopping threads took: 0.0000128 seconds
[2019-12-08T10:35:46.957+0000][1][safepoint    ] Application time: 0.0025825 seconds
[2019-12-08T10:35:46.957+0000][1][safepoint    ] Entering safepoint region: RevokeBias
[2019-12-08T10:35:46.957+0000][1][safepoint    ] Leaving safepoint region
[2019-12-08T10:35:46.957+0000][1][safepoint    ] Total time for which application threads were stopped: 0.0000713 seconds, Stopping threads took: 0.0000114 seconds
[2019-12-08T10:35:47.046+0000][1][safepoint    ] Application time: 0.0896735 seconds
[2019-12-08T10:35:47.046+0000][1][safepoint    ] Entering safepoint region: GenCollectForAllocation
[2019-12-08T10:35:47.047+0000][1][gc,start     ] GC(7) Pause Young (Allocation Failure)
[2019-12-08T10:35:47.047+0000][1][gc,task      ] GC(7) Using 4 workers of 4 for evacuation
[2019-12-08T10:35:47.051+0000][1][gc,age       ] GC(7) Desired survivor size 4456448 bytes, new threshold 6 (max threshold 6)
[2019-12-08T10:35:47.051+0000][1][gc,age       ] GC(7) Age table with threshold 6 (max threshold 6)
[2019-12-08T10:35:47.051+0000][1][gc,age       ] GC(7) - age   1:     603616 bytes,     603616 total
[2019-12-08T10:35:47.051+0000][1][gc,age       ] GC(7) - age   2:    1132080 bytes,    1735696 total
[2019-12-08T10:35:47.051+0000][1][gc,age       ] GC(7) - age   3:    2191608 bytes,    3927304 total
[2019-12-08T10:35:47.051+0000][1][gc,age       ] GC(7) - age   4:     443128 bytes,    4370432 total
[2019-12-08T10:35:47.051+0000][1][gc,heap      ] GC(7) ParNew: 75256K->4987K(78656K)
[2019-12-08T10:35:47.051+0000][1][gc,heap      ] GC(7) CMS: 11645K->11645K(174784K)
[2019-12-08T10:35:47.051+0000][1][gc,metaspace ] GC(7) Metaspace: 19744K->19744K(1067008K)
[2019-12-08T10:35:47.051+0000][1][gc           ] GC(7) Pause Young (Allocation Failure) 84M->16M(247M) 4.190ms
[2019-12-08T10:35:47.051+0000][1][gc,cpu       ] GC(7) User=0.01s Sys=0.00s Real=0.01s
[2019-12-08T10:35:47.051+0000][1][safepoint    ] Leaving safepoint region
[2019-12-08T10:35:47.051+0000][1][safepoint    ] Total time for which application threads were stopped: 0.0043220 seconds, Stopping threads took: 0.0000120 seconds
[2019-12-08T10:35:47.109+0000][1][safepoint    ] Application time: 0.0583623 seconds
[2019-12-08T10:35:47.109+0000][1][safepoint    ] Entering safepoint region: CollectForMetadataAllocation
[2019-12-08T10:35:47.109+0000][1][safepoint    ] Leaving safepoint region
[2019-12-08T10:35:47.109+0000][1][safepoint    ] Total time for which application threads were stopped: 0.0002238 seconds, Stopping threads took: 0.0000137 seconds
[2019-12-08T10:35:47.133+0000][1][safepoint    ] Application time: 0.0235353 seconds
[2019-12-08T10:35:47.133+0000][1][safepoint    ] Entering safepoint region: CollectForMetadataAllocation
[2019-12-08T10:35:47.133+0000][1][safepoint    ] Leaving safepoint region
[2019-12-08T10:35:47.133+0000][1][safepoint    ] Total time for which application threads were stopped: 0.0002243 seconds, Stopping threads took: 0.0000121 seconds
[2019-12-08T10:35:47.214+0000][1][safepoint    ] Application time: 0.0808397 seconds
[2019-12-08T10:35:47.214+0000][1][safepoint    ] Entering safepoint region: GenCollectForAllocation
[2019-12-08T10:35:47.214+0000][1][gc,start     ] GC(8) Pause Young (Allocation Failure)
[2019-12-08T10:35:47.214+0000][1][gc,task      ] GC(8) Using 4 workers of 4 for evacuation
[2019-12-08T10:35:47.219+0000][1][gc,age       ] GC(8) Desired survivor size 4456448 bytes, new threshold 4 (max threshold 6)
[2019-12-08T10:35:47.220+0000][1][gc,age       ] GC(8) Age table with threshold 4 (max threshold 6)
[2019-12-08T10:35:47.220+0000][1][gc,age       ] GC(8) - age   1:    1164200 bytes,    1164200 total
[2019-12-08T10:35:47.220+0000][1][gc,age       ] GC(8) - age   2:     387880 bytes,    1552080 total
[2019-12-08T10:35:47.220+0000][1][gc,age       ] GC(8) - age   3:    1131936 bytes,    2684016 total
[2019-12-08T10:35:47.220+0000][1][gc,age       ] GC(8) - age   4:    2189392 bytes,    4873408 total
[2019-12-08T10:35:47.220+0000][1][gc,age       ] GC(8) - age   5:     443128 bytes,    5316536 total
[2019-12-08T10:35:47.220+0000][1][gc,heap      ] GC(8) ParNew: 74939K->6528K(78656K)
[2019-12-08T10:35:47.220+0000][1][gc,heap      ] GC(8) CMS: 11645K->11645K(174784K)
[2019-12-08T10:35:47.220+0000][1][gc,metaspace ] GC(8) Metaspace: 20540K->20540K(1069056K)
[2019-12-08T10:35:47.220+0000][1][gc           ] GC(8) Pause Young (Allocation Failure) 84M->17M(247M) 5.405ms
[2019-12-08T10:35:47.220+0000][1][gc,cpu       ] GC(8) User=0.02s Sys=0.00s Real=0.00s
[2019-12-08T10:35:47.220+0000][1][safepoint    ] Leaving safepoint region
[2019-12-08T10:35:47.220+0000][1][safepoint    ] Total time for which application threads were stopped: 0.0055313 seconds, Stopping threads took: 0.0000118 seconds
[2019-12-08T10:35:47.221+0000][1][safepoint    ] Application time: 0.0011344 seconds
[2019-12-08T10:35:47.221+0000][1][safepoint    ] Entering safepoint region: CMS_Initial_Mark
[2019-12-08T10:35:47.221+0000][1][gc,start     ] GC(9) Pause Initial Mark
[2019-12-08T10:35:47.223+0000][1][gc           ] GC(9) Pause Initial Mark 20M->20M(247M) 1.649ms
[2019-12-08T10:35:47.223+0000][1][gc,cpu       ] GC(9) User=0.01s Sys=0.00s Real=0.00s
[2019-12-08T10:35:47.223+0000][1][safepoint    ] Leaving safepoint region
[2019-12-08T10:35:47.223+0000][1][safepoint    ] Total time for which application threads were stopped: 0.0017717 seconds, Stopping threads took: 0.0000484 seconds
[2019-12-08T10:35:47.223+0000][1][gc           ] GC(9) Concurrent Mark
[2019-12-08T10:35:47.238+0000][1][gc           ] GC(9) Concurrent Mark 15.077ms
[2019-12-08T10:35:47.238+0000][1][gc,cpu       ] GC(9) User=0.06s Sys=0.00s Real=0.01s
[2019-12-08T10:35:47.238+0000][1][gc           ] GC(9) Concurrent Preclean
[2019-12-08T10:35:47.238+0000][1][gc           ] GC(9) Concurrent Preclean 0.431ms
[2019-12-08T10:35:47.238+0000][1][gc,cpu       ] GC(9) User=0.00s Sys=0.00s Real=0.00s
[2019-12-08T10:35:47.238+0000][1][gc           ] GC(9) Concurrent Abortable Preclean
[2019-12-08T10:35:47.321+0000][1][safepoint    ] Application time: 0.0984002 seconds
[2019-12-08T10:35:47.321+0000][1][safepoint    ] Entering safepoint region: GenCollectForAllocation
[2019-12-08T10:35:47.321+0000][1][gc,start     ] GC(10) Pause Young (Allocation Failure)
[2019-12-08T10:35:47.321+0000][1][gc,task      ] GC(10) Using 4 workers of 4 for evacuation
[2019-12-08T10:35:47.330+0000][1][gc,age       ] GC(10) Desired survivor size 4456448 bytes, new threshold 6 (max threshold 6)
[2019-12-08T10:35:47.330+0000][1][gc,age       ] GC(10) Age table with threshold 6 (max threshold 6)
[2019-12-08T10:35:47.330+0000][1][gc,age       ] GC(10) - age   1:    1577064 bytes,    1577064 total
[2019-12-08T10:35:47.330+0000][1][gc,age       ] GC(10) - age   2:     628928 bytes,    2205992 total
[2019-12-08T10:35:47.330+0000][1][gc,age       ] GC(10) - age   3:     387760 bytes,    2593752 total
[2019-12-08T10:35:47.330+0000][1][gc,age       ] GC(10) - age   4:    1131936 bytes,    3725688 total
[2019-12-08T10:35:47.330+0000][1][gc,heap      ] GC(10) ParNew: 76480K->5556K(78656K)
[2019-12-08T10:35:47.330+0000][1][gc,heap      ] GC(10) CMS: 11645K->14234K(174784K)
[2019-12-08T10:35:47.330+0000][1][gc,metaspace ] GC(10) Metaspace: 20652K->20652K(1069056K)
[2019-12-08T10:35:47.331+0000][1][gc           ] GC(10) Pause Young (Allocation Failure) 86M->19M(247M) 9.404ms
[2019-12-08T10:35:47.331+0000][1][gc,cpu       ] GC(10) User=0.03s Sys=0.00s Real=0.00s
[2019-12-08T10:35:47.331+0000][1][safepoint    ] Leaving safepoint region
[2019-12-08T10:35:47.331+0000][1][safepoint    ] Total time for which application threads were stopped: 0.0095204 seconds, Stopping threads took: 0.0000117 seconds
[2019-12-08T10:35:47.408+0000][1][safepoint    ] Application time: 0.0773553 seconds
[2019-12-08T10:35:47.408+0000][1][safepoint    ] Entering safepoint region: CollectForMetadataAllocation
[2019-12-08T10:35:47.408+0000][1][safepoint    ] Leaving safepoint region
[2019-12-08T10:35:47.408+0000][1][safepoint    ] Total time for which application threads were stopped: 0.0001440 seconds, Stopping threads took: 0.0000128 seconds
[2019-12-08T10:35:47.427+0000][1][gc           ] GC(9) Concurrent Abortable Preclean 188.450ms
[2019-12-08T10:35:47.427+0000][1][gc,cpu       ] GC(9) User=0.65s Sys=0.02s Real=0.19s
[2019-12-08T10:35:47.427+0000][1][safepoint    ] Application time: 0.0186702 seconds
[2019-12-08T10:35:47.427+0000][1][safepoint    ] Entering safepoint region: CMS_Final_Remark
[2019-12-08T10:35:47.427+0000][1][gc,start     ] GC(9) Pause Remark
[2019-12-08T10:35:47.442+0000][1][gc           ] GC(9) Pause Remark 77M->77M(247M) 14.738ms
[2019-12-08T10:35:47.442+0000][1][gc,cpu       ] GC(9) User=0.04s Sys=0.00s Real=0.02s
[2019-12-08T10:35:47.442+0000][1][safepoint    ] Leaving safepoint region
[2019-12-08T10:35:47.442+0000][1][safepoint    ] Total time for which application threads were stopped: 0.0148773 seconds, Stopping threads took: 0.0000512 seconds
[2019-12-08T10:35:47.444+0000][1][gc           ] GC(9) Concurrent Sweep
[2019-12-08T10:35:47.450+0000][1][gc           ] GC(9) Concurrent Sweep 6.308ms
[2019-12-08T10:35:47.450+0000][1][gc,cpu       ] GC(9) User=0.03s Sys=0.00s Real=0.00s
[2019-12-08T10:35:47.450+0000][1][gc           ] GC(9) Concurrent Reset
[2019-12-08T10:35:47.451+0000][1][gc           ] GC(9) Concurrent Reset 0.347ms
[2019-12-08T10:35:47.451+0000][1][gc,cpu       ] GC(9) User=0.00s Sys=0.00s Real=0.00s
[2019-12-08T10:35:47.451+0000][1][gc,heap      ] GC(9) Old: 11645K->14224K(174784K)
[2019-12-08T10:35:47.460+0000][1][safepoint    ] Application time: 0.0180317 seconds
[2019-12-08T10:35:47.460+0000][1][safepoint    ] Entering safepoint region: GenCollectForAllocation
[2019-12-08T10:35:47.460+0000][1][gc,start     ] GC(11) Pause Young (Allocation Failure)
[2019-12-08T10:35:47.460+0000][1][gc,task      ] GC(11) Using 4 workers of 4 for evacuation
[2019-12-08T10:35:47.465+0000][1][gc,age       ] GC(11) Desired survivor size 4456448 bytes, new threshold 6 (max threshold 6)
[2019-12-08T10:35:47.465+0000][1][gc,age       ] GC(11) Age table with threshold 6 (max threshold 6)
[2019-12-08T10:35:47.465+0000][1][gc,age       ] GC(11) - age   1:    1197576 bytes,    1197576 total
[2019-12-08T10:35:47.465+0000][1][gc,age       ] GC(11) - age   2:      97584 bytes,    1295160 total
[2019-12-08T10:35:47.465+0000][1][gc,age       ] GC(11) - age   3:     629648 bytes,    1924808 total
[2019-12-08T10:35:47.465+0000][1][gc,age       ] GC(11) - age   4:     387656 bytes,    2312464 total
[2019-12-08T10:35:47.465+0000][1][gc,age       ] GC(11) - age   5:    1131648 bytes,    3444112 total
[2019-12-08T10:35:47.465+0000][1][gc,heap      ] GC(11) ParNew: 75508K->4800K(78656K)
[2019-12-08T10:35:47.465+0000][1][gc,heap      ] GC(11) CMS: 14224K->14224K(174784K)
[2019-12-08T10:35:47.465+0000][1][gc,metaspace ] GC(11) Metaspace: 20736K->20736K(1069056K)
[2019-12-08T10:35:47.465+0000][1][gc           ] GC(11) Pause Young (Allocation Failure) 87M->18M(247M) 4.835ms
[2019-12-08T10:35:47.465+0000][1][gc,cpu       ] GC(11) User=0.01s Sys=0.00s Real=0.01s
[2019-12-08T10:35:47.465+0000][1][safepoint    ] Leaving safepoint region
[2019-12-08T10:35:47.465+0000][1][safepoint    ] Total time for which application threads were stopped: 0.0052395 seconds, Stopping threads took: 0.0000096 seconds
[2019-12-08T10:35:47.561+0000][1][safepoint    ] Application time: 0.0958976 seconds
[2019-12-08T10:35:47.561+0000][1][safepoint    ] Entering safepoint region: Deoptimize
[2019-12-08T10:35:47.561+0000][1][safepoint    ] Leaving safepoint region
[2019-12-08T10:35:47.561+0000][1][safepoint    ] Total time for which application threads were stopped: 0.0005527 seconds, Stopping threads took: 0.0000117 seconds
[2019-12-08T10:35:47.754+0000][1][safepoint    ] Application time: 0.1926545 seconds
[2019-12-08T10:35:47.754+0000][1][safepoint    ] Entering safepoint region: GenCollectForAllocation
[2019-12-08T10:35:47.754+0000][1][gc,start     ] GC(12) Pause Young (Allocation Failure)
[2019-12-08T10:35:47.754+0000][1][gc,task      ] GC(12) Using 4 workers of 4 for evacuation
[2019-12-08T10:35:47.758+0000][1][gc,age       ] GC(12) Desired survivor size 4456448 bytes, new threshold 6 (max threshold 6)
[2019-12-08T10:35:47.758+0000][1][gc,age       ] GC(12) Age table with threshold 6 (max threshold 6)
[2019-12-08T10:35:47.758+0000][1][gc,age       ] GC(12) - age   1:    1173024 bytes,    1173024 total
[2019-12-08T10:35:47.758+0000][1][gc,age       ] GC(12) - age   2:     305784 bytes,    1478808 total
[2019-12-08T10:35:47.758+0000][1][gc,age       ] GC(12) - age   3:      97584 bytes,    1576392 total
[2019-12-08T10:35:47.758+0000][1][gc,age       ] GC(12) - age   4:     628880 bytes,    2205272 total
[2019-12-08T10:35:47.758+0000][1][gc,age       ] GC(12) - age   5:     387592 bytes,    2592864 total
[2019-12-08T10:35:47.758+0000][1][gc,age       ] GC(12) - age   6:    1131648 bytes,    3724512 total
[2019-12-08T10:35:47.758+0000][1][gc,heap      ] GC(12) ParNew: 74752K->5223K(78656K)
[2019-12-08T10:35:47.758+0000][1][gc,heap      ] GC(12) CMS: 14224K->14224K(174784K)
[2019-12-08T10:35:47.758+0000][1][gc,metaspace ] GC(12) Metaspace: 23247K->23247K(1071104K)
[2019-12-08T10:35:47.758+0000][1][gc           ] GC(12) Pause Young (Allocation Failure) 86M->18M(247M) 3.621ms
[2019-12-08T10:35:47.758+0000][1][gc,cpu       ] GC(12) User=0.01s Sys=0.00s Real=0.00s
[2019-12-08T10:35:47.758+0000][1][safepoint    ] Leaving safepoint region
[2019-12-08T10:35:47.758+0000][1][safepoint    ] Total time for which application threads were stopped: 0.0038545 seconds, Stopping threads took: 0.0000087 seconds
[2019-12-08T10:35:47.911+0000][1][safepoint    ] Application time: 0.1531991 seconds
[2019-12-08T10:35:47.911+0000][1][safepoint    ] Entering safepoint region: Deoptimize
[2019-12-08T10:35:47.912+0000][1][safepoint    ] Leaving safepoint region
[2019-12-08T10:35:47.912+0000][1][safepoint    ] Total time for which application threads were stopped: 0.0003880 seconds, Stopping threads took: 0.0000089 seconds
[2019-12-08T10:35:47.921+0000][1][safepoint    ] Application time: 0.0093485 seconds
[2019-12-08T10:35:47.921+0000][1][safepoint    ] Entering safepoint region: Deoptimize
[2019-12-08T10:35:47.921+0000][1][safepoint    ] Leaving safepoint region
[2019-12-08T10:35:47.921+0000][1][safepoint    ] Total time for which application threads were stopped: 0.0004025 seconds, Stopping threads took: 0.0000117 seconds
[2019-12-08T10:35:47.924+0000][1][safepoint    ] Application time: 0.0028105 seconds
[2019-12-08T10:35:47.924+0000][1][safepoint    ] Entering safepoint region: Deoptimize
[2019-12-08T10:35:47.925+0000][1][safepoint    ] Leaving safepoint region
[2019-12-08T10:35:47.925+0000][1][safepoint    ] Total time for which application threads were stopped: 0.0002911 seconds, Stopping threads took: 0.0000460 seconds
[2019-12-08T10:35:47.934+0000][1][safepoint    ] Application time: 0.0089989 seconds
[2019-12-08T10:35:47.934+0000][1][safepoint    ] Entering safepoint region: RevokeBias
[2019-12-08T10:35:47.934+0000][1][safepoint    ] Leaving safepoint region
[2019-12-08T10:35:47.934+0000][1][safepoint    ] Total time for which application threads were stopped: 0.0000599 seconds, Stopping threads took: 0.0000099 seconds
[2019-12-08T10:35:47.934+0000][1][safepoint    ] Application time: 0.0001172 seconds
[2019-12-08T10:35:47.934+0000][1][safepoint    ] Entering safepoint region: RevokeBias
[2019-12-08T10:35:47.934+0000][1][safepoint    ] Leaving safepoint region
[2019-12-08T10:35:47.934+0000][1][safepoint    ] Total time for which application threads were stopped: 0.0000378 seconds, Stopping threads took: 0.0000089 seconds
[2019-12-08T10:35:48.492+0000][1][safepoint    ] Application time: 0.5582375 seconds
[2019-12-08T10:35:48.492+0000][1][safepoint    ] Entering safepoint region: Deoptimize
[2019-12-08T10:35:48.493+0000][1][safepoint    ] Leaving safepoint region
[2019-12-08T10:35:48.493+0000][1][safepoint    ] Total time for which application threads were stopped: 0.0006082 seconds, Stopping threads took: 0.0000127 seconds
[2019-12-08T10:35:48.549+0000][1][safepoint    ] Application time: 0.0566862 seconds
[2019-12-08T10:35:48.549+0000][1][safepoint    ] Entering safepoint region: GenCollectForAllocation
[2019-12-08T10:35:48.549+0000][1][gc,start     ] GC(13) Pause Young (Allocation Failure)
[2019-12-08T10:35:48.550+0000][1][gc,task      ] GC(13) Using 4 workers of 4 for evacuation
[2019-12-08T10:35:48.570+0000][1][gc,age       ] GC(13) Desired survivor size 4456448 bytes, new threshold 1 (max threshold 6)
[2019-12-08T10:35:48.570+0000][1][gc,age       ] GC(13) Age table with threshold 1 (max threshold 6)
[2019-12-08T10:35:48.570+0000][1][gc,age       ] GC(13) - age   1:    6448120 bytes,    6448120 total
[2019-12-08T10:35:48.570+0000][1][gc,age       ] GC(13) - age   2:    1049800 bytes,    7497920 total
[2019-12-08T10:35:48.570+0000][1][gc,age       ] GC(13) - age   3:     305552 bytes,    7803472 total
[2019-12-08T10:35:48.570+0000][1][gc,age       ] GC(13) - age   4:      97432 bytes,    7900904 total
[2019-12-08T10:35:48.570+0000][1][gc,age       ] GC(13) - age   5:     625872 bytes,    8526776 total
[2019-12-08T10:35:48.570+0000][1][gc,age       ] GC(13) - age   6:     385368 bytes,    8912144 total
[2019-12-08T10:35:48.570+0000][1][gc,heap      ] GC(13) ParNew: 75175K->8704K(78656K)
[2019-12-08T10:35:48.570+0000][1][gc,heap      ] GC(13) CMS: 14224K->21618K(174784K)
[2019-12-08T10:35:48.570+0000][1][gc,metaspace ] GC(13) Metaspace: 27274K->27274K(1075200K)
[2019-12-08T10:35:48.570+0000][1][gc           ] GC(13) Pause Young (Allocation Failure) 87M->29M(247M) 20.143ms
[2019-12-08T10:35:48.570+0000][1][gc,cpu       ] GC(13) User=0.08s Sys=0.01s Real=0.02s
[2019-12-08T10:35:48.570+0000][1][safepoint    ] Leaving safepoint region
[2019-12-08T10:35:48.570+0000][1][safepoint    ] Total time for which application threads were stopped: 0.0202732 seconds, Stopping threads took: 0.0000123 seconds
[2019-12-08T10:35:49.029+0000][1][safepoint    ] Application time: 0.4591293 seconds
[2019-12-08T10:35:49.029+0000][1][safepoint    ] Entering safepoint region: GenCollectForAllocation
[2019-12-08T10:35:49.029+0000][1][gc,start     ] GC(14) Pause Young (Allocation Failure)
[2019-12-08T10:35:49.029+0000][1][gc,task      ] GC(14) Using 4 workers of 4 for evacuation
[2019-12-08T10:35:49.070+0000][1][gc,age       ] GC(14) Desired survivor size 4456448 bytes, new threshold 1 (max threshold 6)
[2019-12-08T10:35:49.070+0000][1][gc,age       ] GC(14) Age table with threshold 1 (max threshold 6)
[2019-12-08T10:35:49.070+0000][1][gc,age       ] GC(14) - age   1:    8912400 bytes,    8912400 total
[2019-12-08T10:35:49.070+0000][1][gc,heap      ] GC(14) ParNew: 78656K->8704K(78656K)
[2019-12-08T10:35:49.070+0000][1][gc,heap      ] GC(14) CMS: 21618K->34848K(174784K)
[2019-12-08T10:35:49.070+0000][1][gc,metaspace ] GC(14) Metaspace: 27325K->27325K(1075200K)
[2019-12-08T10:35:49.070+0000][1][gc           ] GC(14) Pause Young (Allocation Failure) 97M->42M(247M) 41.159ms
[2019-12-08T10:35:49.070+0000][1][gc,cpu       ] GC(14) User=0.16s Sys=0.00s Real=0.04s
[2019-12-08T10:35:49.070+0000][1][safepoint    ] Leaving safepoint region
[2019-12-08T10:35:49.070+0000][1][safepoint    ] Total time for which application threads were stopped: 0.0412584 seconds, Stopping threads took: 0.0000087 seconds
[2019-12-08T10:35:49.301+0000][1][safepoint    ] Application time: 0.2311422 seconds
[2019-12-08T10:35:49.301+0000][1][safepoint    ] Entering safepoint region: RevokeBias
[2019-12-08T10:35:49.301+0000][1][safepoint    ] Leaving safepoint region
[2019-12-08T10:35:49.301+0000][1][safepoint    ] Total time for which application threads were stopped: 0.0000793 seconds, Stopping threads took: 0.0000130 seconds
[2019-12-08T10:35:49.591+0000][1][safepoint    ] Application time: 0.2899840 seconds
[2019-12-08T10:35:49.591+0000][1][safepoint    ] Entering safepoint region: GenCollectForAllocation
[2019-12-08T10:35:49.591+0000][1][gc,start     ] GC(15) Pause Young (Allocation Failure)
[2019-12-08T10:35:49.591+0000][1][gc,task      ] GC(15) Using 4 workers of 4 for evacuation
[2019-12-08T10:35:49.624+0000][1][gc,age       ] GC(15) Desired survivor size 4456448 bytes, new threshold 1 (max threshold 6)
[2019-12-08T10:35:49.624+0000][1][gc,age       ] GC(15) Age table with threshold 1 (max threshold 6)
[2019-12-08T10:35:49.624+0000][1][gc,age       ] GC(15) - age   1:    7975768 bytes,    7975768 total
[2019-12-08T10:35:49.624+0000][1][gc,heap      ] GC(15) ParNew: 78656K->8704K(78656K)
[2019-12-08T10:35:49.624+0000][1][gc,heap      ] GC(15) CMS: 34848K->47500K(174784K)
[2019-12-08T10:35:49.624+0000][1][gc,metaspace ] GC(15) Metaspace: 29888K->29888K(1077248K)
[2019-12-08T10:35:49.624+0000][1][gc           ] GC(15) Pause Young (Allocation Failure) 110M->54M(247M) 32.247ms
[2019-12-08T10:35:49.624+0000][1][gc,cpu       ] GC(15) User=0.12s Sys=0.00s Real=0.03s
[2019-12-08T10:35:49.624+0000][1][safepoint    ] Leaving safepoint region
[2019-12-08T10:35:49.624+0000][1][safepoint    ] Total time for which application threads were stopped: 0.0323837 seconds, Stopping threads took: 0.0000089 seconds
[2019-12-08T10:35:49.658+0000][1][safepoint    ] Application time: 0.0339575 seconds
[2019-12-08T10:35:49.658+0000][1][safepoint    ] Entering safepoint region: RevokeBias
[2019-12-08T10:35:49.658+0000][1][safepoint    ] Leaving safepoint region
[2019-12-08T10:35:49.658+0000][1][safepoint    ] Total time for which application threads were stopped: 0.0000779 seconds, Stopping threads took: 0.0000116 seconds
[2019-12-08T10:35:49.667+0000][1][safepoint    ] Application time: 0.0094902 seconds
[2019-12-08T10:35:49.667+0000][1][safepoint    ] Entering safepoint region: RevokeBias
[2019-12-08T10:35:49.667+0000][1][safepoint    ] Leaving safepoint region
[2019-12-08T10:35:49.667+0000][1][safepoint    ] Total time for which application threads were stopped: 0.0001246 seconds, Stopping threads took: 0.0000841 seconds
[2019-12-08T10:35:49.860+0000][1][safepoint    ] Application time: 0.1928049 seconds
[2019-12-08T10:35:49.860+0000][1][safepoint    ] Entering safepoint region: GenCollectForAllocation
[2019-12-08T10:35:49.860+0000][1][gc,start     ] GC(16) Pause Young (Allocation Failure)
[2019-12-08T10:35:49.860+0000][1][gc,task      ] GC(16) Using 4 workers of 4 for evacuation
[2019-12-08T10:35:49.873+0000][1][gc,age       ] GC(16) Desired survivor size 4456448 bytes, new threshold 6 (max threshold 6)
[2019-12-08T10:35:49.873+0000][1][gc,age       ] GC(16) Age table with threshold 6 (max threshold 6)
[2019-12-08T10:35:49.873+0000][1][gc,age       ] GC(16) - age   1:    1178704 bytes,    1178704 total
[2019-12-08T10:35:49.873+0000][1][gc,heap      ] GC(16) ParNew: 78656K->7937K(78656K)
[2019-12-08T10:35:49.873+0000][1][gc,heap      ] GC(16) CMS: 47500K->55386K(174784K)
[2019-12-08T10:35:49.873+0000][1][gc,metaspace ] GC(16) Metaspace: 33029K->33029K(1079296K)
[2019-12-08T10:35:49.873+0000][1][gc           ] GC(16) Pause Young (Allocation Failure) 123M->61M(247M) 12.883ms
[2019-12-08T10:35:49.873+0000][1][gc,cpu       ] GC(16) User=0.05s Sys=0.00s Real=0.02s
[2019-12-08T10:35:49.873+0000][1][safepoint    ] Leaving safepoint region
[2019-12-08T10:35:49.873+0000][1][safepoint    ] Total time for which application threads were stopped: 0.0130266 seconds, Stopping threads took: 0.0000138 seconds
[2019-12-08T10:35:50.115+0000][1][safepoint    ] Application time: 0.2413791 seconds
[2019-12-08T10:35:50.115+0000][1][safepoint    ] Entering safepoint region: CollectForMetadataAllocation
[2019-12-08T10:35:50.115+0000][1][safepoint    ] Leaving safepoint region
[2019-12-08T10:35:50.115+0000][1][safepoint    ] Total time for which application threads were stopped: 0.0001835 seconds, Stopping threads took: 0.0000397 seconds
[2019-12-08T10:35:50.143+0000][1][safepoint    ] Application time: 0.0278929 seconds
[2019-12-08T10:35:50.143+0000][1][safepoint    ] Entering safepoint region: CollectForMetadataAllocation
[2019-12-08T10:35:50.143+0000][1][safepoint    ] Leaving safepoint region
[2019-12-08T10:35:50.143+0000][1][safepoint    ] Total time for which application threads were stopped: 0.0001891 seconds, Stopping threads took: 0.0000089 seconds
[2019-12-08T10:35:50.157+0000][1][safepoint    ] Application time: 0.0136372 seconds
[2019-12-08T10:35:50.157+0000][1][safepoint    ] Entering safepoint region: CollectForMetadataAllocation
[2019-12-08T10:35:50.157+0000][1][safepoint    ] Leaving safepoint region
[2019-12-08T10:35:50.157+0000][1][safepoint    ] Total time for which application threads were stopped: 0.0001994 seconds, Stopping threads took: 0.0000263 seconds
[2019-12-08T10:35:50.169+0000][1][safepoint    ] Application time: 0.0115995 seconds
[2019-12-08T10:35:50.169+0000][1][safepoint    ] Entering safepoint region: CollectForMetadataAllocation
[2019-12-08T10:35:50.169+0000][1][safepoint    ] Leaving safepoint region
[2019-12-08T10:35:50.169+0000][1][safepoint    ] Total time for which application threads were stopped: 0.0001882 seconds, Stopping threads took: 0.0000078 seconds
[2019-12-08T10:35:50.184+0000][1][safepoint    ] Application time: 0.0155620 seconds
[2019-12-08T10:35:50.184+0000][1][safepoint    ] Entering safepoint region: CollectForMetadataAllocation
[2019-12-08T10:35:50.185+0000][1][safepoint    ] Leaving safepoint region
[2019-12-08T10:35:50.185+0000][1][safepoint    ] Total time for which application threads were stopped: 0.0001857 seconds, Stopping threads took: 0.0000081 seconds
[2019-12-08T10:35:50.198+0000][1][safepoint    ] Application time: 0.0135064 seconds
[2019-12-08T10:35:50.198+0000][1][safepoint    ] Entering safepoint region: CollectForMetadataAllocation
[2019-12-08T10:35:50.198+0000][1][safepoint    ] Leaving safepoint region
[2019-12-08T10:35:50.198+0000][1][safepoint    ] Total time for which application threads were stopped: 0.0001839 seconds, Stopping threads took: 0.0000078 seconds
[2019-12-08T10:35:50.210+0000][1][safepoint    ] Application time: 0.0116577 seconds
[2019-12-08T10:35:50.210+0000][1][safepoint    ] Entering safepoint region: CollectForMetadataAllocation
[2019-12-08T10:35:50.210+0000][1][safepoint    ] Leaving safepoint region
[2019-12-08T10:35:50.210+0000][1][safepoint    ] Total time for which application threads were stopped: 0.0001546 seconds, Stopping threads took: 0.0000068 seconds
[2019-12-08T10:35:50.229+0000][1][safepoint    ] Application time: 0.0190045 seconds
[2019-12-08T10:35:50.229+0000][1][safepoint    ] Entering safepoint region: CollectForMetadataAllocation
[2019-12-08T10:35:50.229+0000][1][safepoint    ] Leaving safepoint region
[2019-12-08T10:35:50.229+0000][1][safepoint    ] Total time for which application threads were stopped: 0.0001087 seconds, Stopping threads took: 0.0000083 seconds
[2019-12-08T10:35:50.234+0000][1][safepoint    ] Application time: 0.0048398 seconds
[2019-12-08T10:35:50.234+0000][1][safepoint    ] Entering safepoint region: GenCollectForAllocation
[2019-12-08T10:35:50.234+0000][1][gc,start     ] GC(17) Pause Young (Allocation Failure)
[2019-12-08T10:35:50.234+0000][1][gc,task      ] GC(17) Using 4 workers of 4 for evacuation
[2019-12-08T10:35:50.240+0000][1][gc,age       ] GC(17) Desired survivor size 4456448 bytes, new threshold 6 (max threshold 6)
[2019-12-08T10:35:50.240+0000][1][gc,age       ] GC(17) Age table with threshold 6 (max threshold 6)
[2019-12-08T10:35:50.240+0000][1][gc,age       ] GC(17) - age   1:    2111264 bytes,    2111264 total
[2019-12-08T10:35:50.240+0000][1][gc,age       ] GC(17) - age   2:    1115632 bytes,    3226896 total
[2019-12-08T10:35:50.240+0000][1][gc,heap      ] GC(17) ParNew: 77889K->3850K(78656K)
[2019-12-08T10:35:50.240+0000][1][gc,heap      ] GC(17) CMS: 55386K->55386K(174784K)
[2019-12-08T10:35:50.240+0000][1][gc,metaspace ] GC(17) Metaspace: 36265K->36265K(1083392K)
[2019-12-08T10:35:50.240+0000][1][gc           ] GC(17) Pause Young (Allocation Failure) 130M->57M(247M) 5.797ms
[2019-12-08T10:35:50.240+0000][1][gc,cpu       ] GC(17) User=0.02s Sys=0.00s Real=0.00s
[2019-12-08T10:35:50.240+0000][1][safepoint    ] Leaving safepoint region
[2019-12-08T10:35:50.240+0000][1][safepoint    ] Total time for which application threads were stopped: 0.0058725 seconds, Stopping threads took: 0.0000077 seconds
[2019-12-08T10:35:50.241+0000][1][safepoint    ] Application time: 0.0012009 seconds
[2019-12-08T10:35:50.241+0000][1][safepoint    ] Entering safepoint region: CMS_Initial_Mark
[2019-12-08T10:35:50.241+0000][1][gc,start     ] GC(18) Pause Initial Mark
[2019-12-08T10:35:50.243+0000][1][gc           ] GC(18) Pause Initial Mark 59M->59M(247M) 2.258ms
[2019-12-08T10:35:50.243+0000][1][gc,cpu       ] GC(18) User=0.01s Sys=0.00s Real=0.00s
[2019-12-08T10:35:50.243+0000][1][safepoint    ] Leaving safepoint region
[2019-12-08T10:35:50.244+0000][1][safepoint    ] Total time for which application threads were stopped: 0.0023517 seconds, Stopping threads took: 0.0000102 seconds
[2019-12-08T10:35:50.244+0000][1][gc           ] GC(18) Concurrent Mark
[2019-12-08T10:35:50.271+0000][1][safepoint    ] Application time: 0.0272207 seconds
[2019-12-08T10:35:50.271+0000][1][safepoint    ] Entering safepoint region: CollectForMetadataAllocation
[2019-12-08T10:35:50.271+0000][1][safepoint    ] Leaving safepoint region
[2019-12-08T10:35:50.271+0000][1][safepoint    ] Total time for which application threads were stopped: 0.0001849 seconds, Stopping threads took: 0.0000105 seconds
[2019-12-08T10:35:50.272+0000][1][safepoint    ] Application time: 0.0007892 seconds
[2019-12-08T10:35:50.272+0000][1][safepoint    ] Entering safepoint region: CollectForMetadataAllocation
[2019-12-08T10:35:50.272+0000][1][safepoint    ] Leaving safepoint region
[2019-12-08T10:35:50.272+0000][1][safepoint    ] Total time for which application threads were stopped: 0.0000596 seconds, Stopping threads took: 0.0000393 seconds
[2019-12-08T10:35:50.284+0000][1][safepoint    ] Application time: 0.0119078 seconds
[2019-12-08T10:35:50.284+0000][1][safepoint    ] Entering safepoint region: RevokeBias
[2019-12-08T10:35:50.284+0000][1][safepoint    ] Leaving safepoint region
[2019-12-08T10:35:50.284+0000][1][safepoint    ] Total time for which application threads were stopped: 0.0001109 seconds, Stopping threads took: 0.0000481 seconds
[2019-12-08T10:35:50.292+0000][1][safepoint    ] Application time: 0.0082159 seconds
[2019-12-08T10:35:50.292+0000][1][safepoint    ] Entering safepoint region: CollectForMetadataAllocation
[2019-12-08T10:35:50.292+0000][1][safepoint    ] Leaving safepoint region
[2019-12-08T10:35:50.292+0000][1][safepoint    ] Total time for which application threads were stopped: 0.0001643 seconds, Stopping threads took: 0.0000078 seconds
[2019-12-08T10:35:50.314+0000][1][gc           ] GC(18) Concurrent Mark 70.111ms
[2019-12-08T10:35:50.314+0000][1][gc,cpu       ] GC(18) User=0.27s Sys=0.01s Real=0.07s
[2019-12-08T10:35:50.314+0000][1][gc           ] GC(18) Concurrent Preclean
[2019-12-08T10:35:50.315+0000][1][gc           ] GC(18) Concurrent Preclean 0.862ms
[2019-12-08T10:35:50.315+0000][1][gc,cpu       ] GC(18) User=0.00s Sys=0.00s Real=0.00s
[2019-12-08T10:35:50.315+0000][1][gc           ] GC(18) Concurrent Abortable Preclean
[2019-12-08T10:35:50.325+0000][1][safepoint    ] Application time: 0.0330908 seconds
[2019-12-08T10:35:50.325+0000][1][safepoint    ] Entering safepoint region: CollectForMetadataAllocation
[2019-12-08T10:35:50.326+0000][1][safepoint    ] Leaving safepoint region
[2019-12-08T10:35:50.326+0000][1][safepoint    ] Total time for which application threads were stopped: 0.0001960 seconds, Stopping threads took: 0.0000078 seconds
[2019-12-08T10:35:50.338+0000][1][safepoint    ] Application time: 0.0126794 seconds
[2019-12-08T10:35:50.338+0000][1][safepoint    ] Entering safepoint region: CollectForMetadataAllocation
[2019-12-08T10:35:50.338+0000][1][safepoint    ] Leaving safepoint region
[2019-12-08T10:35:50.338+0000][1][safepoint    ] Total time for which application threads were stopped: 0.0002151 seconds, Stopping threads took: 0.0000110 seconds
[2019-12-08T10:35:50.363+0000][1][safepoint    ] Application time: 0.0249491 seconds
[2019-12-08T10:35:50.363+0000][1][safepoint    ] Entering safepoint region: CollectForMetadataAllocation
[2019-12-08T10:35:50.364+0000][1][safepoint    ] Leaving safepoint region
[2019-12-08T10:35:50.364+0000][1][safepoint    ] Total time for which application threads were stopped: 0.0001555 seconds, Stopping threads took: 0.0000117 seconds
[2019-12-08T10:35:50.383+0000][1][safepoint    ] Application time: 0.0195271 seconds
[2019-12-08T10:35:50.383+0000][1][safepoint    ] Entering safepoint region: CollectForMetadataAllocation
[2019-12-08T10:35:50.383+0000][1][safepoint    ] Leaving safepoint region
[2019-12-08T10:35:50.383+0000][1][safepoint    ] Total time for which application threads were stopped: 0.0001781 seconds, Stopping threads took: 0.0000116 seconds
[2019-12-08T10:35:50.402+0000][1][safepoint    ] Application time: 0.0185654 seconds
[2019-12-08T10:35:50.402+0000][1][safepoint    ] Entering safepoint region: CollectForMetadataAllocation
[2019-12-08T10:35:50.402+0000][1][safepoint    ] Leaving safepoint region
[2019-12-08T10:35:50.402+0000][1][safepoint    ] Total time for which application threads were stopped: 0.0001699 seconds, Stopping threads took: 0.0000075 seconds
[2019-12-08T10:35:50.419+0000][1][safepoint    ] Application time: 0.0172488 seconds
[2019-12-08T10:35:50.419+0000][1][safepoint    ] Entering safepoint region: CollectForMetadataAllocation
[2019-12-08T10:35:50.420+0000][1][safepoint    ] Leaving safepoint region
[2019-12-08T10:35:50.420+0000][1][safepoint    ] Total time for which application threads were stopped: 0.0001765 seconds, Stopping threads took: 0.0000079 seconds
[2019-12-08T10:35:50.433+0000][1][safepoint    ] Application time: 0.0136921 seconds
[2019-12-08T10:35:50.433+0000][1][safepoint    ] Entering safepoint region: CollectForMetadataAllocation
[2019-12-08T10:35:50.433+0000][1][safepoint    ] Leaving safepoint region
[2019-12-08T10:35:50.433+0000][1][safepoint    ] Total time for which application threads were stopped: 0.0001697 seconds, Stopping threads took: 0.0000075 seconds
[2019-12-08T10:35:50.449+0000][1][safepoint    ] Application time: 0.0157852 seconds
[2019-12-08T10:35:50.449+0000][1][safepoint    ] Entering safepoint region: CollectForMetadataAllocation
[2019-12-08T10:35:50.449+0000][1][safepoint    ] Leaving safepoint region
[2019-12-08T10:35:50.449+0000][1][safepoint    ] Total time for which application threads were stopped: 0.0001679 seconds, Stopping threads took: 0.0000076 seconds
[2019-12-08T10:35:50.462+0000][1][safepoint    ] Application time: 0.0128324 seconds
[2019-12-08T10:35:50.462+0000][1][safepoint    ] Entering safepoint region: CollectForMetadataAllocation
[2019-12-08T10:35:50.462+0000][1][safepoint    ] Leaving safepoint region
[2019-12-08T10:35:50.462+0000][1][safepoint    ] Total time for which application threads were stopped: 0.0002081 seconds, Stopping threads took: 0.0000102 seconds
[2019-12-08T10:35:50.481+0000][1][safepoint    ] Application time: 0.0186187 seconds
[2019-12-08T10:35:50.481+0000][1][safepoint    ] Entering safepoint region: CollectForMetadataAllocation
[2019-12-08T10:35:50.481+0000][1][safepoint    ] Leaving safepoint region
[2019-12-08T10:35:50.481+0000][1][safepoint    ] Total time for which application threads were stopped: 0.0001368 seconds, Stopping threads took: 0.0000119 seconds
[2019-12-08T10:35:50.498+0000][1][safepoint    ] Application time: 0.0170296 seconds
[2019-12-08T10:35:50.498+0000][1][safepoint    ] Entering safepoint region: CollectForMetadataAllocation
[2019-12-08T10:35:50.498+0000][1][safepoint    ] Leaving safepoint region
[2019-12-08T10:35:50.498+0000][1][safepoint    ] Total time for which application threads were stopped: 0.0001072 seconds, Stopping threads took: 0.0000075 seconds
[2019-12-08T10:35:50.525+0000][1][safepoint    ] Application time: 0.0262961 seconds
[2019-12-08T10:35:50.525+0000][1][safepoint    ] Entering safepoint region: CollectForMetadataAllocation
[2019-12-08T10:35:50.525+0000][1][safepoint    ] Leaving safepoint region
[2019-12-08T10:35:50.525+0000][1][safepoint    ] Total time for which application threads were stopped: 0.0002126 seconds, Stopping threads took: 0.0000111 seconds
[2019-12-08T10:35:50.558+0000][1][safepoint    ] Application time: 0.0334658 seconds
[2019-12-08T10:35:50.558+0000][1][safepoint    ] Entering safepoint region: CollectForMetadataAllocation
[2019-12-08T10:35:50.559+0000][1][safepoint    ] Leaving safepoint region
[2019-12-08T10:35:50.559+0000][1][safepoint    ] Total time for which application threads were stopped: 0.0002174 seconds, Stopping threads took: 0.0000133 seconds
[2019-12-08T10:35:50.584+0000][1][safepoint    ] Application time: 0.0255745 seconds
[2019-12-08T10:35:50.584+0000][1][safepoint    ] Entering safepoint region: CollectForMetadataAllocation
[2019-12-08T10:35:50.585+0000][1][safepoint    ] Leaving safepoint region
[2019-12-08T10:35:50.585+0000][1][safepoint    ] Total time for which application threads were stopped: 0.0002304 seconds, Stopping threads took: 0.0000134 seconds
[2019-12-08T10:35:50.615+0000][1][safepoint    ] Application time: 0.0300719 seconds
[2019-12-08T10:35:50.615+0000][1][safepoint    ] Entering safepoint region: CollectForMetadataAllocation
[2019-12-08T10:35:50.615+0000][1][safepoint    ] Leaving safepoint region
[2019-12-08T10:35:50.615+0000][1][safepoint    ] Total time for which application threads were stopped: 0.0002260 seconds, Stopping threads took: 0.0000129 seconds
[2019-12-08T10:35:50.636+0000][1][safepoint    ] Application time: 0.0206021 seconds
[2019-12-08T10:35:50.636+0000][1][safepoint    ] Entering safepoint region: CollectForMetadataAllocation
[2019-12-08T10:35:50.636+0000][1][safepoint    ] Leaving safepoint region
[2019-12-08T10:35:50.636+0000][1][safepoint    ] Total time for which application threads were stopped: 0.0002221 seconds, Stopping threads took: 0.0000117 seconds
[2019-12-08T10:35:50.639+0000][1][safepoint    ] Application time: 0.0029383 seconds
[2019-12-08T10:35:50.639+0000][1][safepoint    ] Entering safepoint region: CollectForMetadataAllocation
[2019-12-08T10:35:50.639+0000][1][safepoint    ] Leaving safepoint region
[2019-12-08T10:35:50.639+0000][1][safepoint    ] Total time for which application threads were stopped: 0.0000734 seconds, Stopping threads took: 0.0000442 seconds
[2019-12-08T10:35:50.649+0000][1][safepoint    ] Application time: 0.0098990 seconds
[2019-12-08T10:35:50.649+0000][1][safepoint    ] Entering safepoint region: CollectForMetadataAllocation
[2019-12-08T10:35:50.649+0000][1][safepoint    ] Leaving safepoint region
[2019-12-08T10:35:50.649+0000][1][safepoint    ] Total time for which application threads were stopped: 0.0002099 seconds, Stopping threads took: 0.0000111 seconds
[2019-12-08T10:35:50.663+0000][1][safepoint    ] Application time: 0.0140667 seconds
[2019-12-08T10:35:50.663+0000][1][safepoint    ] Entering safepoint region: RevokeBias
[2019-12-08T10:35:50.663+0000][1][safepoint    ] Leaving safepoint region
[2019-12-08T10:35:50.663+0000][1][safepoint    ] Total time for which application threads were stopped: 0.0001576 seconds, Stopping threads took: 0.0000704 seconds
[2019-12-08T10:35:50.663+0000][1][safepoint    ] Application time: 0.0000746 seconds
[2019-12-08T10:35:50.663+0000][1][safepoint    ] Entering safepoint region: RevokeBias
[2019-12-08T10:35:50.663+0000][1][safepoint    ] Leaving safepoint region
[2019-12-08T10:35:50.663+0000][1][safepoint    ] Total time for which application threads were stopped: 0.0000537 seconds, Stopping threads took: 0.0000082 seconds
[2019-12-08T10:35:50.984+0000][1][safepoint    ] Application time: 0.3209333 seconds
[2019-12-08T10:35:50.984+0000][1][safepoint    ] Entering safepoint region: CollectForMetadataAllocation
[2019-12-08T10:35:50.985+0000][1][safepoint    ] Leaving safepoint region
[2019-12-08T10:35:50.985+0000][1][safepoint    ] Total time for which application threads were stopped: 0.0002171 seconds, Stopping threads took: 0.0000096 seconds
[2019-12-08T10:35:50.985+0000][1][gc           ] GC(18) Concurrent Abortable Preclean 669.929ms
[2019-12-08T10:35:50.985+0000][1][gc,cpu       ] GC(18) User=2.04s Sys=0.02s Real=0.67s
[2019-12-08T10:35:50.985+0000][1][safepoint    ] Application time: 0.0000932 seconds
[2019-12-08T10:35:50.985+0000][1][safepoint    ] Entering safepoint region: CMS_Final_Remark
[2019-12-08T10:35:50.985+0000][1][gc,start     ] GC(18) Pause Remark
[2019-12-08T10:35:51.000+0000][1][gc           ] GC(18) Pause Remark 95M->95M(247M) 14.774ms
[2019-12-08T10:35:51.000+0000][1][gc,cpu       ] GC(18) User=0.03s Sys=0.00s Real=0.01s
[2019-12-08T10:35:51.000+0000][1][safepoint    ] Leaving safepoint region
[2019-12-08T10:35:51.000+0000][1][safepoint    ] Total time for which application threads were stopped: 0.0154973 seconds, Stopping threads took: 0.0006390 seconds
[2019-12-08T10:35:51.000+0000][1][gc           ] GC(18) Concurrent Sweep
[2019-12-08T10:35:51.020+0000][1][gc           ] GC(18) Concurrent Sweep 19.608ms
[2019-12-08T10:35:51.020+0000][1][gc,cpu       ] GC(18) User=0.05s Sys=0.00s Real=0.02s
[2019-12-08T10:35:51.020+0000][1][gc           ] GC(18) Concurrent Reset
[2019-12-08T10:35:51.020+0000][1][gc           ] GC(18) Concurrent Reset 0.275ms
[2019-12-08T10:35:51.020+0000][1][gc,cpu       ] GC(18) User=0.01s Sys=0.00s Real=0.00s
[2019-12-08T10:35:51.020+0000][1][gc,heap      ] GC(18) Old: 55386K->55198K(174784K)
[2019-12-08T10:35:51.528+0000][1][safepoint    ] Application time: 0.5275799 seconds
[2019-12-08T10:35:51.528+0000][1][safepoint    ] Entering safepoint region: ICBufferFull
[2019-12-08T10:35:51.529+0000][1][safepoint    ] Leaving safepoint region
[2019-12-08T10:35:51.529+0000][1][safepoint    ] Total time for which application threads were stopped: 0.0007733 seconds, Stopping threads took: 0.0000282 seconds
[2019-12-08T10:35:51.547+0000][1][safepoint    ] Application time: 0.0181808 seconds
[2019-12-08T10:35:51.547+0000][1][safepoint    ] Entering safepoint region: GenCollectForAllocation
[2019-12-08T10:35:51.547+0000][1][gc,start     ] GC(19) Pause Young (Allocation Failure)
[2019-12-08T10:35:51.547+0000][1][gc,task      ] GC(19) Using 4 workers of 4 for evacuation
[2019-12-08T10:35:51.554+0000][1][gc,age       ] GC(19) Desired survivor size 4456448 bytes, new threshold 2 (max threshold 6)
[2019-12-08T10:35:51.554+0000][1][gc,age       ] GC(19) Age table with threshold 2 (max threshold 6)
[2019-12-08T10:35:51.554+0000][1][gc,age       ] GC(19) - age   1:    2955280 bytes,    2955280 total
[2019-12-08T10:35:51.554+0000][1][gc,age       ] GC(19) - age   2:    2054888 bytes,    5010168 total
[2019-12-08T10:35:51.554+0000][1][gc,age       ] GC(19) - age   3:    1113776 bytes,    6123944 total
[2019-12-08T10:35:51.554+0000][1][gc,heap      ] GC(19) ParNew: 73802K->7283K(78656K)
[2019-12-08T10:35:51.554+0000][1][gc,heap      ] GC(19) CMS: 55198K->55198K(174784K)
[2019-12-08T10:35:51.554+0000][1][gc,metaspace ] GC(19) Metaspace: 43363K->43363K(1089536K)
[2019-12-08T10:35:51.554+0000][1][gc           ] GC(19) Pause Young (Allocation Failure) 125M->61M(247M) 7.019ms
[2019-12-08T10:35:51.554+0000][1][gc,cpu       ] GC(19) User=0.03s Sys=0.00s Real=0.01s
[2019-12-08T10:35:51.554+0000][1][safepoint    ] Leaving safepoint region
[2019-12-08T10:35:51.554+0000][1][safepoint    ] Total time for which application threads were stopped: 0.0071203 seconds, Stopping threads took: 0.0000126 seconds
[2019-12-08T10:35:51.695+0000][1][safepoint    ] Application time: 0.1408380 seconds
[2019-12-08T10:35:51.695+0000][1][safepoint    ] Entering safepoint region: RevokeBias
[2019-12-08T10:35:51.695+0000][1][safepoint    ] Leaving safepoint region
[2019-12-08T10:35:51.695+0000][1][safepoint    ] Total time for which application threads were stopped: 0.0001698 seconds, Stopping threads took: 0.0000115 seconds
[2019-12-08T10:35:51.699+0000][1][safepoint    ] Application time: 0.0039139 seconds
[2019-12-08T10:35:51.699+0000][1][safepoint    ] Entering safepoint region: RevokeBias
[2019-12-08T10:35:51.699+0000][1][safepoint    ] Leaving safepoint region
[2019-12-08T10:35:51.699+0000][1][safepoint    ] Total time for which application threads were stopped: 0.0000668 seconds, Stopping threads took: 0.0000103 seconds
[2019-12-08T10:35:51.827+0000][1][safepoint    ] Application time: 0.1280377 seconds
[2019-12-08T10:35:51.827+0000][1][safepoint    ] Entering safepoint region: RevokeBias
[2019-12-08T10:35:51.827+0000][1][safepoint    ] Leaving safepoint region
[2019-12-08T10:35:51.827+0000][1][safepoint    ] Total time for which application threads were stopped: 0.0003766 seconds, Stopping threads took: 0.0000128 seconds
[2019-12-08T10:35:51.827+0000][1][safepoint    ] Application time: 0.0000723 seconds
[2019-12-08T10:35:51.827+0000][1][safepoint    ] Entering safepoint region: RevokeBias
[2019-12-08T10:35:51.827+0000][1][safepoint    ] Leaving safepoint region
[2019-12-08T10:35:51.828+0000][1][safepoint    ] Total time for which application threads were stopped: 0.0000583 seconds, Stopping threads took: 0.0000151 seconds
[2019-12-08T10:35:51.828+0000][1][safepoint    ] Application time: 0.0001841 seconds
[2019-12-08T10:35:51.828+0000][1][safepoint    ] Entering safepoint region: RevokeBias
[2019-12-08T10:35:51.828+0000][1][safepoint    ] Leaving safepoint region
[2019-12-08T10:35:51.828+0000][1][safepoint    ] Total time for which application threads were stopped: 0.0002003 seconds, Stopping threads took: 0.0001585 seconds
[2019-12-08T10:35:51.828+0000][1][safepoint    ] Application time: 0.0000692 seconds
[2019-12-08T10:35:51.828+0000][1][safepoint    ] Entering safepoint region: RevokeBias
[2019-12-08T10:35:51.828+0000][1][safepoint    ] Leaving safepoint region
[2019-12-08T10:35:51.828+0000][1][safepoint    ] Total time for which application threads were stopped: 0.0002044 seconds, Stopping threads took: 0.0001786 seconds
[2019-12-08T10:35:51.906+0000][1][safepoint    ] Application time: 0.0776203 seconds
[2019-12-08T10:35:51.906+0000][1][safepoint    ] Entering safepoint region: RevokeBias
[2019-12-08T10:35:51.906+0000][1][safepoint    ] Leaving safepoint region
[2019-12-08T10:35:51.906+0000][1][safepoint    ] Total time for which application threads were stopped: 0.0000888 seconds, Stopping threads took: 0.0000125 seconds
[2019-12-08T10:35:51.906+0000][1][safepoint    ] Application time: 0.0000864 seconds
[2019-12-08T10:35:51.906+0000][1][safepoint    ] Entering safepoint region: RevokeBias
[2019-12-08T10:35:51.906+0000][1][safepoint    ] Leaving safepoint region
[2019-12-08T10:35:51.906+0000][1][safepoint    ] Total time for which application threads were stopped: 0.0002361 seconds, Stopping threads took: 0.0001950 seconds
[2019-12-08T10:35:51.906+0000][1][safepoint    ] Application time: 0.0000688 seconds
[2019-12-08T10:35:51.906+0000][1][safepoint    ] Entering safepoint region: RevokeBias
[2019-12-08T10:35:51.906+0000][1][safepoint    ] Leaving safepoint region
[2019-12-08T10:35:51.906+0000][1][safepoint    ] Total time for which application threads were stopped: 0.0000355 seconds, Stopping threads took: 0.0000078 seconds
[2019-12-08T10:35:51.907+0000][1][safepoint    ] Application time: 0.0001052 seconds
[2019-12-08T10:35:51.907+0000][1][safepoint    ] Entering safepoint region: RevokeBias
[2019-12-08T10:35:51.907+0000][1][safepoint    ] Leaving safepoint region
[2019-12-08T10:35:51.907+0000][1][safepoint    ] Total time for which application threads were stopped: 0.0000347 seconds, Stopping threads took: 0.0000071 seconds
[2019-12-08T10:35:51.907+0000][1][safepoint    ] Application time: 0.0002623 seconds
[2019-12-08T10:35:51.907+0000][1][safepoint    ] Entering safepoint region: RevokeBias
[2019-12-08T10:35:51.907+0000][1][safepoint    ] Leaving safepoint region
[2019-12-08T10:35:51.907+0000][1][safepoint    ] Total time for which application threads were stopped: 0.0001046 seconds, Stopping threads took: 0.0000606 seconds
[2019-12-08T10:35:51.907+0000][1][safepoint    ] Application time: 0.0000713 seconds
[2019-12-08T10:35:51.907+0000][1][safepoint    ] Entering safepoint region: RevokeBias
[2019-12-08T10:35:51.907+0000][1][safepoint    ] Leaving safepoint region
[2019-12-08T10:35:51.907+0000][1][safepoint    ] Total time for which application threads were stopped: 0.0000364 seconds, Stopping threads took: 0.0000061 seconds
[2019-12-08T10:35:51.907+0000][1][safepoint    ] Application time: 0.0000459 seconds
[2019-12-08T10:35:51.907+0000][1][safepoint    ] Entering safepoint region: RevokeBias
[2019-12-08T10:35:51.907+0000][1][safepoint    ] Leaving safepoint region
[2019-12-08T10:35:51.907+0000][1][safepoint    ] Total time for which application threads were stopped: 0.0000290 seconds, Stopping threads took: 0.0000050 seconds
[2019-12-08T10:35:51.907+0000][1][safepoint    ] Application time: 0.0001329 seconds
[2019-12-08T10:35:51.907+0000][1][safepoint    ] Entering safepoint region: RevokeBias
[2019-12-08T10:35:51.907+0000][1][safepoint    ] Leaving safepoint region
[2019-12-08T10:35:51.907+0000][1][safepoint    ] Total time for which application threads were stopped: 0.0000433 seconds, Stopping threads took: 0.0000110 seconds
[2019-12-08T10:35:51.907+0000][1][safepoint    ] Application time: 0.0000462 seconds
[2019-12-08T10:35:51.907+0000][1][safepoint    ] Entering safepoint region: RevokeBias
[2019-12-08T10:35:51.907+0000][1][safepoint    ] Leaving safepoint region
[2019-12-08T10:35:51.907+0000][1][safepoint    ] Total time for which application threads were stopped: 0.0000328 seconds, Stopping threads took: 0.0000052 seconds
[2019-12-08T10:35:51.907+0000][1][safepoint    ] Application time: 0.0000463 seconds
[2019-12-08T10:35:51.907+0000][1][safepoint    ] Entering safepoint region: RevokeBias
[2019-12-08T10:35:51.908+0000][1][safepoint    ] Leaving safepoint region
[2019-12-08T10:35:51.908+0000][1][safepoint    ] Total time for which application threads were stopped: 0.0000282 seconds, Stopping threads took: 0.0000049 seconds
[2019-12-08T10:35:51.908+0000][1][safepoint    ] Application time: 0.0000454 seconds
[2019-12-08T10:35:51.908+0000][1][safepoint    ] Entering safepoint region: RevokeBias
[2019-12-08T10:35:51.908+0000][1][safepoint    ] Leaving safepoint region
[2019-12-08T10:35:51.908+0000][1][safepoint    ] Total time for which application threads were stopped: 0.0000280 seconds, Stopping threads took: 0.0000049 seconds
[2019-12-08T10:35:51.908+0000][1][safepoint    ] Application time: 0.0000440 seconds
[2019-12-08T10:35:51.908+0000][1][safepoint    ] Entering safepoint region: RevokeBias
[2019-12-08T10:35:51.908+0000][1][safepoint    ] Leaving safepoint region
[2019-12-08T10:35:51.908+0000][1][safepoint    ] Total time for which application threads were stopped: 0.0000520 seconds, Stopping threads took: 0.0000050 seconds
[2019-12-08T10:35:51.908+0000][1][safepoint    ] Application time: 0.0000494 seconds
[2019-12-08T10:35:51.908+0000][1][safepoint    ] Entering safepoint region: RevokeBias
[2019-12-08T10:35:51.908+0000][1][safepoint    ] Leaving safepoint region
[2019-12-08T10:35:51.908+0000][1][safepoint    ] Total time for which application threads were stopped: 0.0000711 seconds, Stopping threads took: 0.0000373 seconds
[2019-12-08T10:35:51.908+0000][1][safepoint    ] Application time: 0.0000481 seconds
[2019-12-08T10:35:51.908+0000][1][safepoint    ] Entering safepoint region: RevokeBias
[2019-12-08T10:35:51.908+0000][1][safepoint    ] Leaving safepoint region
[2019-12-08T10:35:51.908+0000][1][safepoint    ] Total time for which application threads were stopped: 0.0001274 seconds, Stopping threads took: 0.0001020 seconds
[2019-12-08T10:35:51.908+0000][1][safepoint    ] Application time: 0.0000484 seconds
[2019-12-08T10:35:51.908+0000][1][safepoint    ] Entering safepoint region: RevokeBias
[2019-12-08T10:35:51.908+0000][1][safepoint    ] Leaving safepoint region
[2019-12-08T10:35:51.908+0000][1][safepoint    ] Total time for which application threads were stopped: 0.0000365 seconds, Stopping threads took: 0.0000074 seconds
[2019-12-08T10:35:51.908+0000][1][safepoint    ] Application time: 0.0000467 seconds
[2019-12-08T10:35:51.908+0000][1][safepoint    ] Entering safepoint region: RevokeBias
[2019-12-08T10:35:51.908+0000][1][safepoint    ] Leaving safepoint region
[2019-12-08T10:35:51.908+0000][1][safepoint    ] Total time for which application threads were stopped: 0.0000484 seconds, Stopping threads took: 0.0000245 seconds
[2019-12-08T10:35:51.908+0000][1][safepoint    ] Application time: 0.0000475 seconds
[2019-12-08T10:35:51.908+0000][1][safepoint    ] Entering safepoint region: RevokeBias
[2019-12-08T10:35:51.908+0000][1][safepoint    ] Leaving safepoint region
[2019-12-08T10:35:51.908+0000][1][safepoint    ] Total time for which application threads were stopped: 0.0000386 seconds, Stopping threads took: 0.0000077 seconds
[2019-12-08T10:35:51.908+0000][1][safepoint    ] Application time: 0.0000515 seconds
[2019-12-08T10:35:51.908+0000][1][safepoint    ] Entering safepoint region: RevokeBias
[2019-12-08T10:35:51.909+0000][1][safepoint    ] Leaving safepoint region
[2019-12-08T10:35:51.909+0000][1][safepoint    ] Total time for which application threads were stopped: 0.0000999 seconds, Stopping threads took: 0.0000685 seconds
[2019-12-08T10:35:51.909+0000][1][safepoint    ] Application time: 0.0000605 seconds
[2019-12-08T10:35:51.909+0000][1][safepoint    ] Entering safepoint region: RevokeBias
[2019-12-08T10:35:51.909+0000][1][safepoint    ] Leaving safepoint region
[2019-12-08T10:35:51.909+0000][1][safepoint    ] Total time for which application threads were stopped: 0.0000457 seconds, Stopping threads took: 0.0000205 seconds
[2019-12-08T10:35:51.909+0000][1][safepoint    ] Application time: 0.0000722 seconds
[2019-12-08T10:35:51.909+0000][1][safepoint    ] Entering safepoint region: RevokeBias
[2019-12-08T10:35:51.909+0000][1][safepoint    ] Leaving safepoint region
[2019-12-08T10:35:51.909+0000][1][safepoint    ] Total time for which application threads were stopped: 0.0000408 seconds, Stopping threads took: 0.0000113 seconds
[2019-12-08T10:35:51.909+0000][1][safepoint    ] Application time: 0.0000580 seconds
[2019-12-08T10:35:51.909+0000][1][safepoint    ] Entering safepoint region: RevokeBias
[2019-12-08T10:35:51.909+0000][1][safepoint    ] Leaving safepoint region
[2019-12-08T10:35:51.909+0000][1][safepoint    ] Total time for which application threads were stopped: 0.0000330 seconds, Stopping threads took: 0.0000081 seconds
[2019-12-08T10:35:51.909+0000][1][safepoint    ] Application time: 0.0000570 seconds
[2019-12-08T10:35:51.909+0000][1][safepoint    ] Entering safepoint region: RevokeBias
[2019-12-08T10:35:51.909+0000][1][safepoint    ] Leaving safepoint region
[2019-12-08T10:35:51.909+0000][1][safepoint    ] Total time for which application threads were stopped: 0.0000615 seconds, Stopping threads took: 0.0000365 seconds
[2019-12-08T10:35:51.909+0000][1][safepoint    ] Application time: 0.0000573 seconds
[2019-12-08T10:35:51.909+0000][1][safepoint    ] Entering safepoint region: RevokeBias
[2019-12-08T10:35:51.909+0000][1][safepoint    ] Leaving safepoint region
[2019-12-08T10:35:51.909+0000][1][safepoint    ] Total time for which application threads were stopped: 0.0000547 seconds, Stopping threads took: 0.0000298 seconds
[2019-12-08T10:35:51.909+0000][1][safepoint    ] Application time: 0.0000574 seconds
[2019-12-08T10:35:51.909+0000][1][safepoint    ] Entering safepoint region: RevokeBias
[2019-12-08T10:35:51.909+0000][1][safepoint    ] Leaving safepoint region
[2019-12-08T10:35:51.909+0000][1][safepoint    ] Total time for which application threads were stopped: 0.0000345 seconds, Stopping threads took: 0.0000107 seconds
[2019-12-08T10:35:51.909+0000][1][safepoint    ] Application time: 0.0000577 seconds
[2019-12-08T10:35:51.909+0000][1][safepoint    ] Entering safepoint region: RevokeBias
[2019-12-08T10:35:51.909+0000][1][safepoint    ] Leaving safepoint region
[2019-12-08T10:35:51.909+0000][1][safepoint    ] Total time for which application threads were stopped: 0.0000546 seconds, Stopping threads took: 0.0000298 seconds
[2019-12-08T10:35:51.909+0000][1][safepoint    ] Application time: 0.0000576 seconds
[2019-12-08T10:35:51.909+0000][1][safepoint    ] Entering safepoint region: RevokeBias
[2019-12-08T10:35:51.909+0000][1][safepoint    ] Leaving safepoint region
[2019-12-08T10:35:51.909+0000][1][safepoint    ] Total time for which application threads were stopped: 0.0000330 seconds, Stopping threads took: 0.0000076 seconds
[2019-12-08T10:35:51.910+0000][1][safepoint    ] Application time: 0.0000576 seconds
[2019-12-08T10:35:51.910+0000][1][safepoint    ] Entering safepoint region: BulkRevokeBias
[2019-12-08T10:35:51.910+0000][1][safepoint    ] Leaving safepoint region
[2019-12-08T10:35:51.910+0000][1][safepoint    ] Total time for which application threads were stopped: 0.0000909 seconds, Stopping threads took: 0.0000279 seconds
[2019-12-08T10:35:51.910+0000][1][safepoint    ] Application time: 0.0001641 seconds
[2019-12-08T10:35:51.910+0000][1][safepoint    ] Entering safepoint region: RevokeBias
[2019-12-08T10:35:51.910+0000][1][safepoint    ] Leaving safepoint region
[2019-12-08T10:35:51.910+0000][1][safepoint    ] Total time for which application threads were stopped: 0.0000648 seconds, Stopping threads took: 0.0000329 seconds
[2019-12-08T10:35:51.910+0000][1][safepoint    ] Application time: 0.0000770 seconds
[2019-12-08T10:35:51.910+0000][1][safepoint    ] Entering safepoint region: RevokeBias
[2019-12-08T10:35:51.910+0000][1][safepoint    ] Leaving safepoint region
[2019-12-08T10:35:51.910+0000][1][safepoint    ] Total time for which application threads were stopped: 0.0000602 seconds, Stopping threads took: 0.0000336 seconds
[2019-12-08T10:35:51.910+0000][1][safepoint    ] Application time: 0.0001187 seconds
[2019-12-08T10:35:51.910+0000][1][safepoint    ] Entering safepoint region: RevokeBias
[2019-12-08T10:35:51.910+0000][1][safepoint    ] Leaving safepoint region
[2019-12-08T10:35:51.910+0000][1][safepoint    ] Total time for which application threads were stopped: 0.0000886 seconds, Stopping threads took: 0.0000382 seconds
[2019-12-08T10:35:51.910+0000][1][safepoint    ] Application time: 0.0000829 seconds
[2019-12-08T10:35:51.910+0000][1][safepoint    ] Entering safepoint region: RevokeBias
[2019-12-08T10:35:51.910+0000][1][safepoint    ] Leaving safepoint region
[2019-12-08T10:35:51.910+0000][1][safepoint    ] Total time for which application threads were stopped: 0.0000470 seconds, Stopping threads took: 0.0000081 seconds
[2019-12-08T10:35:51.910+0000][1][safepoint    ] Application time: 0.0000695 seconds
[2019-12-08T10:35:51.910+0000][1][safepoint    ] Entering safepoint region: RevokeBias
[2019-12-08T10:35:51.911+0000][1][safepoint    ] Leaving safepoint region
[2019-12-08T10:35:51.911+0000][1][safepoint    ] Total time for which application threads were stopped: 0.0000767 seconds, Stopping threads took: 0.0000085 seconds
[2019-12-08T10:35:51.912+0000][1][safepoint    ] Application time: 0.0016770 seconds
[2019-12-08T10:35:51.912+0000][1][safepoint    ] Entering safepoint region: RevokeBias
[2019-12-08T10:35:51.912+0000][1][safepoint    ] Leaving safepoint region
[2019-12-08T10:35:51.912+0000][1][safepoint    ] Total time for which application threads were stopped: 0.0000648 seconds, Stopping threads took: 0.0000074 seconds
[2019-12-08T10:35:51.912+0000][1][safepoint    ] Application time: 0.0001472 seconds
[2019-12-08T10:35:51.912+0000][1][safepoint    ] Entering safepoint region: RevokeBias
[2019-12-08T10:35:51.913+0000][1][safepoint    ] Leaving safepoint region
[2019-12-08T10:35:51.913+0000][1][safepoint    ] Total time for which application threads were stopped: 0.0000553 seconds, Stopping threads took: 0.0000056 seconds
[2019-12-08T10:35:51.913+0000][1][safepoint    ] Application time: 0.0000604 seconds
[2019-12-08T10:35:51.913+0000][1][safepoint    ] Entering safepoint region: RevokeBias
[2019-12-08T10:35:51.913+0000][1][safepoint    ] Leaving safepoint region
[2019-12-08T10:35:51.913+0000][1][safepoint    ] Total time for which application threads were stopped: 0.0000461 seconds, Stopping threads took: 0.0000054 seconds
[2019-12-08T10:35:51.913+0000][1][safepoint    ] Application time: 0.0000958 seconds
[2019-12-08T10:35:51.913+0000][1][safepoint    ] Entering safepoint region: RevokeBias
[2019-12-08T10:35:51.913+0000][1][safepoint    ] Leaving safepoint region
[2019-12-08T10:35:51.913+0000][1][safepoint    ] Total time for which application threads were stopped: 0.0001738 seconds, Stopping threads took: 0.0001473 seconds
[2019-12-08T10:35:51.914+0000][1][safepoint    ] Application time: 0.0007667 seconds
[2019-12-08T10:35:51.914+0000][1][safepoint    ] Entering safepoint region: RevokeBias
[2019-12-08T10:35:51.914+0000][1][safepoint    ] Leaving safepoint region
[2019-12-08T10:35:51.914+0000][1][safepoint    ] Total time for which application threads were stopped: 0.0000736 seconds, Stopping threads took: 0.0000398 seconds
[2019-12-08T10:35:51.914+0000][1][safepoint    ] Application time: 0.0000650 seconds
[2019-12-08T10:35:51.914+0000][1][safepoint    ] Entering safepoint region: RevokeBias
[2019-12-08T10:35:51.914+0000][1][safepoint    ] Leaving safepoint region
[2019-12-08T10:35:51.914+0000][1][safepoint    ] Total time for which application threads were stopped: 0.0000821 seconds, Stopping threads took: 0.0000533 seconds
[2019-12-08T10:35:51.914+0000][1][safepoint    ] Application time: 0.0000576 seconds
[2019-12-08T10:35:51.914+0000][1][safepoint    ] Entering safepoint region: RevokeBias
[2019-12-08T10:35:51.914+0000][1][safepoint    ] Leaving safepoint region
[2019-12-08T10:35:51.914+0000][1][safepoint    ] Total time for which application threads were stopped: 0.0001005 seconds, Stopping threads took: 0.0000708 seconds
[2019-12-08T10:35:51.914+0000][1][safepoint    ] Application time: 0.0000508 seconds
[2019-12-08T10:35:51.914+0000][1][safepoint    ] Entering safepoint region: RevokeBias
[2019-12-08T10:35:51.914+0000][1][safepoint    ] Leaving safepoint region
[2019-12-08T10:35:51.914+0000][1][safepoint    ] Total time for which application threads were stopped: 0.0000598 seconds, Stopping threads took: 0.0000349 seconds
[2019-12-08T10:35:51.914+0000][1][safepoint    ] Application time: 0.0000490 seconds
[2019-12-08T10:35:51.914+0000][1][safepoint    ] Entering safepoint region: RevokeBias
[2019-12-08T10:35:51.914+0000][1][safepoint    ] Leaving safepoint region
[2019-12-08T10:35:51.914+0000][1][safepoint    ] Total time for which application threads were stopped: 0.0000590 seconds, Stopping threads took: 0.0000356 seconds
[2019-12-08T10:35:51.914+0000][1][safepoint    ] Application time: 0.0000490 seconds
[2019-12-08T10:35:51.914+0000][1][safepoint    ] Entering safepoint region: RevokeBias
[2019-12-08T10:35:51.914+0000][1][safepoint    ] Leaving safepoint region
[2019-12-08T10:35:51.914+0000][1][safepoint    ] Total time for which application threads were stopped: 0.0000401 seconds, Stopping threads took: 0.0000188 seconds
[2019-12-08T10:35:51.915+0000][1][safepoint    ] Application time: 0.0000479 seconds
[2019-12-08T10:35:51.915+0000][1][safepoint    ] Entering safepoint region: RevokeBias
[2019-12-08T10:35:51.915+0000][1][safepoint    ] Leaving safepoint region
[2019-12-08T10:35:51.915+0000][1][safepoint    ] Total time for which application threads were stopped: 0.0000608 seconds, Stopping threads took: 0.0000389 seconds
[2019-12-08T10:35:51.915+0000][1][safepoint    ] Application time: 0.0000475 seconds
[2019-12-08T10:35:51.915+0000][1][safepoint    ] Entering safepoint region: RevokeBias
[2019-12-08T10:35:51.915+0000][1][safepoint    ] Leaving safepoint region
[2019-12-08T10:35:51.915+0000][1][safepoint    ] Total time for which application threads were stopped: 0.0000640 seconds, Stopping threads took: 0.0000412 seconds
[2019-12-08T10:35:51.915+0000][1][safepoint    ] Application time: 0.0000600 seconds
[2019-12-08T10:35:51.915+0000][1][safepoint    ] Entering safepoint region: RevokeBias
[2019-12-08T10:35:51.915+0000][1][safepoint    ] Leaving safepoint region
[2019-12-08T10:35:51.915+0000][1][safepoint    ] Total time for which application threads were stopped: 0.0000467 seconds, Stopping threads took: 0.0000244 seconds
[2019-12-08T10:35:51.915+0000][1][safepoint    ] Application time: 0.0000584 seconds
[2019-12-08T10:35:51.915+0000][1][safepoint    ] Entering safepoint region: RevokeBias
[2019-12-08T10:35:51.915+0000][1][safepoint    ] Leaving safepoint region
[2019-12-08T10:35:51.915+0000][1][safepoint    ] Total time for which application threads were stopped: 0.0000550 seconds, Stopping threads took: 0.0000301 seconds
[2019-12-08T10:35:51.915+0000][1][safepoint    ] Application time: 0.0000479 seconds
[2019-12-08T10:35:51.915+0000][1][safepoint    ] Entering safepoint region: RevokeBias
[2019-12-08T10:35:51.915+0000][1][safepoint    ] Leaving safepoint region
[2019-12-08T10:35:51.915+0000][1][safepoint    ] Total time for which application threads were stopped: 0.0000498 seconds, Stopping threads took: 0.0000277 seconds
[2019-12-08T10:35:51.915+0000][1][safepoint    ] Application time: 0.0000496 seconds
[2019-12-08T10:35:51.915+0000][1][safepoint    ] Entering safepoint region: RevokeBias
[2019-12-08T10:35:51.915+0000][1][safepoint    ] Leaving safepoint region
[2019-12-08T10:35:51.915+0000][1][safepoint    ] Total time for which application threads were stopped: 0.0000584 seconds, Stopping threads took: 0.0000349 seconds
[2019-12-08T10:35:51.915+0000][1][safepoint    ] Application time: 0.0000476 seconds
[2019-12-08T10:35:51.915+0000][1][safepoint    ] Entering safepoint region: RevokeBias
[2019-12-08T10:35:51.915+0000][1][safepoint    ] Leaving safepoint region
[2019-12-08T10:35:51.915+0000][1][safepoint    ] Total time for which application threads were stopped: 0.0000401 seconds, Stopping threads took: 0.0000188 seconds
[2019-12-08T10:35:51.915+0000][1][safepoint    ] Application time: 0.0000559 seconds
[2019-12-08T10:35:51.915+0000][1][safepoint    ] Entering safepoint region: RevokeBias
[2019-12-08T10:35:51.915+0000][1][safepoint    ] Leaving safepoint region
[2019-12-08T10:35:51.915+0000][1][safepoint    ] Total time for which application threads were stopped: 0.0000572 seconds, Stopping threads took: 0.0000351 seconds
[2019-12-08T10:35:51.916+0000][1][safepoint    ] Application time: 0.0000586 seconds
[2019-12-08T10:35:51.916+0000][1][safepoint    ] Entering safepoint region: BulkRevokeBias
[2019-12-08T10:35:51.916+0000][1][safepoint    ] Leaving safepoint region
[2019-12-08T10:35:51.916+0000][1][safepoint    ] Total time for which application threads were stopped: 0.0000942 seconds, Stopping threads took: 0.0000262 seconds
[2019-12-08T10:35:51.918+0000][1][safepoint    ] Application time: 0.0025286 seconds
[2019-12-08T10:35:51.918+0000][1][safepoint    ] Entering safepoint region: RevokeBias
[2019-12-08T10:35:51.918+0000][1][safepoint    ] Leaving safepoint region
[2019-12-08T10:35:51.918+0000][1][safepoint    ] Total time for which application threads were stopped: 0.0000574 seconds, Stopping threads took: 0.0000197 seconds
[2019-12-08T10:35:51.918+0000][1][safepoint    ] Application time: 0.0000422 seconds
[2019-12-08T10:35:51.918+0000][1][safepoint    ] Entering safepoint region: RevokeBias
[2019-12-08T10:35:51.918+0000][1][safepoint    ] Leaving safepoint region
[2019-12-08T10:35:51.918+0000][1][safepoint    ] Total time for which application threads were stopped: 0.0000359 seconds, Stopping threads took: 0.0000048 seconds
[2019-12-08T10:35:51.921+0000][1][safepoint    ] Application time: 0.0030976 seconds
[2019-12-08T10:35:51.921+0000][1][safepoint    ] Entering safepoint region: RevokeBias
[2019-12-08T10:35:51.921+0000][1][safepoint    ] Leaving safepoint region
[2019-12-08T10:35:51.921+0000][1][safepoint    ] Total time for which application threads were stopped: 0.0000431 seconds, Stopping threads took: 0.0000063 seconds
[2019-12-08T10:35:51.925+0000][1][safepoint    ] Application time: 0.0032384 seconds
[2019-12-08T10:35:51.925+0000][1][safepoint    ] Entering safepoint region: RevokeBias
[2019-12-08T10:35:51.925+0000][1][safepoint    ] Leaving safepoint region
[2019-12-08T10:35:51.925+0000][1][safepoint    ] Total time for which application threads were stopped: 0.0002185 seconds, Stopping threads took: 0.0001656 seconds
[2019-12-08T10:35:51.925+0000][1][safepoint    ] Application time: 0.0000750 seconds
[2019-12-08T10:35:51.925+0000][1][safepoint    ] Entering safepoint region: RevokeBias
[2019-12-08T10:35:51.925+0000][1][safepoint    ] Leaving safepoint region
[2019-12-08T10:35:51.925+0000][1][safepoint    ] Total time for which application threads were stopped: 0.0000616 seconds, Stopping threads took: 0.0000359 seconds
[2019-12-08T10:35:51.925+0000][1][safepoint    ] Application time: 0.0000582 seconds
[2019-12-08T10:35:51.925+0000][1][safepoint    ] Entering safepoint region: RevokeBias
[2019-12-08T10:35:51.925+0000][1][safepoint    ] Leaving safepoint region
[2019-12-08T10:35:51.925+0000][1][safepoint    ] Total time for which application threads were stopped: 0.0001181 seconds, Stopping threads took: 0.0000901 seconds
[2019-12-08T10:35:51.925+0000][1][safepoint    ] Application time: 0.0000518 seconds
[2019-12-08T10:35:51.925+0000][1][safepoint    ] Entering safepoint region: RevokeBias
[2019-12-08T10:35:51.925+0000][1][safepoint    ] Leaving safepoint region
[2019-12-08T10:35:51.925+0000][1][safepoint    ] Total time for which application threads were stopped: 0.0000441 seconds, Stopping threads took: 0.0000240 seconds
[2019-12-08T10:35:51.926+0000][1][safepoint    ] Application time: 0.0003313 seconds
[2019-12-08T10:35:51.926+0000][1][safepoint    ] Entering safepoint region: RevokeBias
[2019-12-08T10:35:51.926+0000][1][safepoint    ] Leaving safepoint region
[2019-12-08T10:35:51.926+0000][1][safepoint    ] Total time for which application threads were stopped: 0.0000503 seconds, Stopping threads took: 0.0000211 seconds
[2019-12-08T10:35:51.926+0000][1][safepoint    ] Application time: 0.0002300 seconds
[2019-12-08T10:35:51.926+0000][1][safepoint    ] Entering safepoint region: RevokeBias
[2019-12-08T10:35:51.926+0000][1][safepoint    ] Leaving safepoint region
[2019-12-08T10:35:51.926+0000][1][safepoint    ] Total time for which application threads were stopped: 0.0000558 seconds, Stopping threads took: 0.0000094 seconds
[2019-12-08T10:35:51.926+0000][1][safepoint    ] Application time: 0.0001209 seconds
[2019-12-08T10:35:51.926+0000][1][safepoint    ] Entering safepoint region: RevokeBias
[2019-12-08T10:35:51.926+0000][1][safepoint    ] Leaving safepoint region
[2019-12-08T10:35:51.926+0000][1][safepoint    ] Total time for which application threads were stopped: 0.0000717 seconds, Stopping threads took: 0.0000430 seconds
[2019-12-08T10:35:51.927+0000][1][safepoint    ] Application time: 0.0002716 seconds
[2019-12-08T10:35:51.927+0000][1][safepoint    ] Entering safepoint region: RevokeBias
[2019-12-08T10:35:51.927+0000][1][safepoint    ] Leaving safepoint region
[2019-12-08T10:35:51.927+0000][1][safepoint    ] Total time for which application threads were stopped: 0.0001010 seconds, Stopping threads took: 0.0000374 seconds
[2019-12-08T10:35:51.927+0000][1][safepoint    ] Application time: 0.0003940 seconds
[2019-12-08T10:35:51.927+0000][1][safepoint    ] Entering safepoint region: RevokeBias
[2019-12-08T10:35:51.927+0000][1][safepoint    ] Leaving safepoint region
[2019-12-08T10:35:51.927+0000][1][safepoint    ] Total time for which application threads were stopped: 0.0000811 seconds, Stopping threads took: 0.0000433 seconds
[2019-12-08T10:35:51.927+0000][1][safepoint    ] Application time: 0.0001277 seconds
[2019-12-08T10:35:51.927+0000][1][safepoint    ] Entering safepoint region: RevokeBias
[2019-12-08T10:35:51.927+0000][1][safepoint    ] Leaving safepoint region
[2019-12-08T10:35:51.927+0000][1][safepoint    ] Total time for which application threads were stopped: 0.0000875 seconds, Stopping threads took: 0.0000536 seconds
[2019-12-08T10:35:51.928+0000][1][safepoint    ] Application time: 0.0000662 seconds
[2019-12-08T10:35:51.928+0000][1][safepoint    ] Entering safepoint region: RevokeBias
[2019-12-08T10:35:51.928+0000][1][safepoint    ] Leaving safepoint region
[2019-12-08T10:35:51.928+0000][1][safepoint    ] Total time for which application threads were stopped: 0.0000600 seconds, Stopping threads took: 0.0000354 seconds
[2019-12-08T10:35:51.928+0000][1][safepoint    ] Application time: 0.0002423 seconds
[2019-12-08T10:35:51.928+0000][1][safepoint    ] Entering safepoint region: RevokeBias
[2019-12-08T10:35:51.928+0000][1][safepoint    ] Leaving safepoint region
[2019-12-08T10:35:51.928+0000][1][safepoint    ] Total time for which application threads were stopped: 0.0000660 seconds, Stopping threads took: 0.0000321 seconds
[2019-12-08T10:35:51.928+0000][1][safepoint    ] Application time: 0.0003043 seconds
[2019-12-08T10:35:51.928+0000][1][safepoint    ] Entering safepoint region: RevokeBias
[2019-12-08T10:35:51.928+0000][1][safepoint    ] Leaving safepoint region
[2019-12-08T10:35:51.928+0000][1][safepoint    ] Total time for which application threads were stopped: 0.0000739 seconds, Stopping threads took: 0.0000358 seconds
[2019-12-08T10:35:51.930+0000][1][safepoint    ] Application time: 0.0013403 seconds
[2019-12-08T10:35:51.930+0000][1][safepoint    ] Entering safepoint region: RevokeBias
[2019-12-08T10:35:51.930+0000][1][safepoint    ] Leaving safepoint region
[2019-12-08T10:35:51.930+0000][1][safepoint    ] Total time for which application threads were stopped: 0.0000663 seconds, Stopping threads took: 0.0000149 seconds
[2019-12-08T10:35:51.930+0000][1][safepoint    ] Application time: 0.0000682 seconds
[2019-12-08T10:35:51.930+0000][1][safepoint    ] Entering safepoint region: RevokeBias
[2019-12-08T10:35:51.930+0000][1][safepoint    ] Leaving safepoint region
[2019-12-08T10:35:51.930+0000][1][safepoint    ] Total time for which application threads were stopped: 0.0000640 seconds, Stopping threads took: 0.0000283 seconds
[2019-12-08T10:35:51.930+0000][1][safepoint    ] Application time: 0.0004652 seconds
[2019-12-08T10:35:51.930+0000][1][safepoint    ] Entering safepoint region: RevokeBias
[2019-12-08T10:35:51.930+0000][1][safepoint    ] Leaving safepoint region
[2019-12-08T10:35:51.930+0000][1][safepoint    ] Total time for which application threads were stopped: 0.0000693 seconds, Stopping threads took: 0.0000354 seconds
[2019-12-08T10:35:51.931+0000][1][safepoint    ] Application time: 0.0001045 seconds
[2019-12-08T10:35:51.931+0000][1][safepoint    ] Entering safepoint region: RevokeBias
[2019-12-08T10:35:51.931+0000][1][safepoint    ] Leaving safepoint region
[2019-12-08T10:35:51.931+0000][1][safepoint    ] Total time for which application threads were stopped: 0.0000410 seconds, Stopping threads took: 0.0000086 seconds
[2019-12-08T10:35:51.931+0000][1][safepoint    ] Application time: 0.0000849 seconds
[2019-12-08T10:35:51.931+0000][1][safepoint    ] Entering safepoint region: RevokeBias
[2019-12-08T10:35:51.931+0000][1][safepoint    ] Leaving safepoint region
[2019-12-08T10:35:51.931+0000][1][safepoint    ] Total time for which application threads were stopped: 0.0000702 seconds, Stopping threads took: 0.0000337 seconds
[2019-12-08T10:35:51.934+0000][1][safepoint    ] Application time: 0.0029831 seconds
[2019-12-08T10:35:51.934+0000][1][safepoint    ] Entering safepoint region: RevokeBias
[2019-12-08T10:35:51.934+0000][1][safepoint    ] Leaving safepoint region
[2019-12-08T10:35:51.934+0000][1][safepoint    ] Total time for which application threads were stopped: 0.0002022 seconds, Stopping threads took: 0.0001559 seconds
[2019-12-08T10:35:51.934+0000][1][safepoint    ] Application time: 0.0000632 seconds
[2019-12-08T10:35:51.934+0000][1][safepoint    ] Entering safepoint region: RevokeBias
[2019-12-08T10:35:51.934+0000][1][safepoint    ] Leaving safepoint region
[2019-12-08T10:35:51.934+0000][1][safepoint    ] Total time for which application threads were stopped: 0.0000533 seconds, Stopping threads took: 0.0000202 seconds
[2019-12-08T10:35:51.934+0000][1][safepoint    ] Application time: 0.0002295 seconds
[2019-12-08T10:35:51.934+0000][1][safepoint    ] Entering safepoint region: RevokeBias
[2019-12-08T10:35:51.934+0000][1][safepoint    ] Leaving safepoint region
[2019-12-08T10:35:51.934+0000][1][safepoint    ] Total time for which application threads were stopped: 0.0000633 seconds, Stopping threads took: 0.0000298 seconds
[2019-12-08T10:35:52.088+0000][1][safepoint    ] Application time: 0.1536349 seconds
[2019-12-08T10:35:52.088+0000][1][safepoint    ] Entering safepoint region: GenCollectForAllocation
[2019-12-08T10:35:52.088+0000][1][gc,start     ] GC(20) Pause Young (Allocation Failure)
[2019-12-08T10:35:52.088+0000][1][gc,task      ] GC(20) Using 4 workers of 4 for evacuation
[2019-12-08T10:35:52.102+0000][1][gc,age       ] GC(20) Desired survivor size 4456448 bytes, new threshold 2 (max threshold 6)
[2019-12-08T10:35:52.102+0000][1][gc,age       ] GC(20) Age table with threshold 2 (max threshold 6)
[2019-12-08T10:35:52.102+0000][1][gc,age       ] GC(20) - age   1:    2344792 bytes,    2344792 total
[2019-12-08T10:35:52.102+0000][1][gc,age       ] GC(20) - age   2:    2868224 bytes,    5213016 total
[2019-12-08T10:35:52.102+0000][1][gc,heap      ] GC(20) ParNew: 77235K->6517K(78656K)
[2019-12-08T10:35:52.102+0000][1][gc,heap      ] GC(20) CMS: 55198K->58383K(174784K)
[2019-12-08T10:35:52.102+0000][1][gc,metaspace ] GC(20) Metaspace: 48653K->48653K(1093632K)
[2019-12-08T10:35:52.102+0000][1][gc           ] GC(20) Pause Young (Allocation Failure) 129M->63M(247M) 13.950ms
[2019-12-08T10:35:52.102+0000][1][gc,cpu       ] GC(20) User=0.05s Sys=0.00s Real=0.02s
[2019-12-08T10:35:52.102+0000][1][safepoint    ] Leaving safepoint region
[2019-12-08T10:35:52.102+0000][1][safepoint    ] Total time for which application threads were stopped: 0.0141069 seconds, Stopping threads took: 0.0000143 seconds
[2019-12-08T10:35:52.718+0000][1][safepoint    ] Application time: 0.6161704 seconds
[2019-12-08T10:35:52.718+0000][1][safepoint    ] Entering safepoint region: ICBufferFull
[2019-12-08T10:35:52.719+0000][1][safepoint    ] Leaving safepoint region
[2019-12-08T10:35:52.719+0000][1][safepoint    ] Total time for which application threads were stopped: 0.0006750 seconds, Stopping threads took: 0.0000134 seconds
[2019-12-08T10:35:52.727+0000][1][safepoint    ] Application time: 0.0079610 seconds
[2019-12-08T10:35:52.727+0000][1][safepoint    ] Entering safepoint region: Deoptimize
[2019-12-08T10:35:52.728+0000][1][safepoint    ] Leaving safepoint region
[2019-12-08T10:35:52.728+0000][1][safepoint    ] Total time for which application threads were stopped: 0.0004449 seconds, Stopping threads took: 0.0000087 seconds
[2019-12-08T10:35:52.731+0000][1][safepoint    ] Application time: 0.0038531 seconds
[2019-12-08T10:35:52.731+0000][1][safepoint    ] Entering safepoint region: GenCollectForAllocation
[2019-12-08T10:35:52.732+0000][1][gc,start     ] GC(21) Pause Young (Allocation Failure)
[2019-12-08T10:35:52.732+0000][1][gc,task      ] GC(21) Using 4 workers of 4 for evacuation
[2019-12-08T10:35:52.740+0000][1][gc,age       ] GC(21) Desired survivor size 4456448 bytes, new threshold 6 (max threshold 6)
[2019-12-08T10:35:52.740+0000][1][gc,age       ] GC(21) Age table with threshold 6 (max threshold 6)
[2019-12-08T10:35:52.740+0000][1][gc,age       ] GC(21) - age   1:    2065976 bytes,    2065976 total
[2019-12-08T10:35:52.740+0000][1][gc,age       ] GC(21) - age   2:    2280656 bytes,    4346632 total
[2019-12-08T10:35:52.740+0000][1][gc,heap      ] GC(21) ParNew: 76469K->5121K(78656K)
[2019-12-08T10:35:52.740+0000][1][gc,heap      ] GC(21) CMS: 58383K->61288K(174784K)
[2019-12-08T10:35:52.740+0000][1][gc,metaspace ] GC(21) Metaspace: 57287K->57287K(1101824K)
[2019-12-08T10:35:52.740+0000][1][gc           ] GC(21) Pause Young (Allocation Failure) 131M->64M(247M) 8.825ms
[2019-12-08T10:35:52.740+0000][1][gc,cpu       ] GC(21) User=0.04s Sys=0.00s Real=0.00s
[2019-12-08T10:35:52.740+0000][1][safepoint    ] Leaving safepoint region
[2019-12-08T10:35:52.740+0000][1][safepoint    ] Total time for which application threads were stopped: 0.0089320 seconds, Stopping threads took: 0.0000227 seconds
[2019-12-08T10:35:52.768+0000][1][safepoint    ] Application time: 0.0273882 seconds
[2019-12-08T10:35:52.768+0000][1][safepoint    ] Entering safepoint region: RevokeBias
[2019-12-08T10:35:52.768+0000][1][safepoint    ] Leaving safepoint region
[2019-12-08T10:35:52.768+0000][1][safepoint    ] Total time for which application threads were stopped: 0.0000662 seconds, Stopping threads took: 0.0000085 seconds
[2019-12-08T10:35:52.768+0000][1][safepoint    ] Application time: 0.0000783 seconds
[2019-12-08T10:35:52.768+0000][1][safepoint    ] Entering safepoint region: RevokeBias
[2019-12-08T10:35:52.768+0000][1][safepoint    ] Leaving safepoint region
[2019-12-08T10:35:52.768+0000][1][safepoint    ] Total time for which application threads were stopped: 0.0000381 seconds, Stopping threads took: 0.0000080 seconds
[2019-12-08T10:35:52.768+0000][1][safepoint    ] Application time: 0.0000957 seconds
[2019-12-08T10:35:52.768+0000][1][safepoint    ] Entering safepoint region: RevokeBias
[2019-12-08T10:35:52.768+0000][1][safepoint    ] Leaving safepoint region
[2019-12-08T10:35:52.768+0000][1][safepoint    ] Total time for which application threads were stopped: 0.0000407 seconds, Stopping threads took: 0.0000058 seconds
[2019-12-08T10:35:52.770+0000][1][safepoint    ] Application time: 0.0021117 seconds
[2019-12-08T10:35:52.770+0000][1][safepoint    ] Entering safepoint region: RevokeBias
[2019-12-08T10:35:52.770+0000][1][safepoint    ] Leaving safepoint region
[2019-12-08T10:35:52.770+0000][1][safepoint    ] Total time for which application threads were stopped: 0.0000487 seconds, Stopping threads took: 0.0000096 seconds
[2019-12-08T10:35:52.822+0000][1][safepoint    ] Application time: 0.0516043 seconds
[2019-12-08T10:35:52.822+0000][1][safepoint    ] Entering safepoint region: RevokeBias
[2019-12-08T10:35:52.823+0000][1][safepoint    ] Leaving safepoint region
[2019-12-08T10:35:52.823+0000][1][safepoint    ] Total time for which application threads were stopped: 0.0010557 seconds, Stopping threads took: 0.0001072 seconds
[2019-12-08T10:35:52.823+0000][1][safepoint    ] Application time: 0.0000853 seconds
[2019-12-08T10:35:52.823+0000][1][safepoint    ] Entering safepoint region: RevokeBias
[2019-12-08T10:35:52.823+0000][1][safepoint    ] Leaving safepoint region
[2019-12-08T10:35:52.823+0000][1][safepoint    ] Total time for which application threads were stopped: 0.0001471 seconds, Stopping threads took: 0.0000475 seconds
[2019-12-08T10:35:52.823+0000][1][safepoint    ] Application time: 0.0000644 seconds
[2019-12-08T10:35:52.823+0000][1][safepoint    ] Entering safepoint region: RevokeBias
[2019-12-08T10:35:52.823+0000][1][safepoint    ] Leaving safepoint region
[2019-12-08T10:35:52.823+0000][1][safepoint    ] Total time for which application threads were stopped: 0.0000482 seconds, Stopping threads took: 0.0000247 seconds
[2019-12-08T10:35:52.824+0000][1][safepoint    ] Application time: 0.0004015 seconds
[2019-12-08T10:35:52.824+0000][1][safepoint    ] Entering safepoint region: RevokeBias
[2019-12-08T10:35:52.824+0000][1][safepoint    ] Leaving safepoint region
[2019-12-08T10:35:52.824+0000][1][safepoint    ] Total time for which application threads were stopped: 0.0001771 seconds, Stopping threads took: 0.0000670 seconds
[2019-12-08T10:35:52.824+0000][1][safepoint    ] Application time: 0.0001322 seconds
[2019-12-08T10:35:52.824+0000][1][safepoint    ] Entering safepoint region: RevokeBias
[2019-12-08T10:35:52.824+0000][1][safepoint    ] Leaving safepoint region
[2019-12-08T10:35:52.824+0000][1][safepoint    ] Total time for which application threads were stopped: 0.0001993 seconds, Stopping threads took: 0.0001800 seconds
[2019-12-08T10:35:52.951+0000][1][safepoint    ] Application time: 0.1268663 seconds
[2019-12-08T10:35:52.951+0000][1][safepoint    ] Entering safepoint region: Deoptimize
[2019-12-08T10:35:52.952+0000][1][safepoint    ] Leaving safepoint region
[2019-12-08T10:35:52.952+0000][1][safepoint    ] Total time for which application threads were stopped: 0.0006342 seconds, Stopping threads took: 0.0000140 seconds
[2019-12-08T10:35:53.188+0000][1][safepoint    ] Application time: 0.2363548 seconds
[2019-12-08T10:35:53.188+0000][1][safepoint    ] Entering safepoint region: RevokeBias
[2019-12-08T10:35:53.188+0000][1][safepoint    ] Leaving safepoint region
[2019-12-08T10:35:53.188+0000][1][safepoint    ] Total time for which application threads were stopped: 0.0000655 seconds, Stopping threads took: 0.0000094 seconds
[2019-12-08T10:35:53.188+0000][1][safepoint    ] Application time: 0.0001282 seconds
[2019-12-08T10:35:53.188+0000][1][safepoint    ] Entering safepoint region: RevokeBias
[2019-12-08T10:35:53.188+0000][1][safepoint    ] Leaving safepoint region
[2019-12-08T10:35:53.188+0000][1][safepoint    ] Total time for which application threads were stopped: 0.0000176 seconds, Stopping threads took: 0.0000046 seconds
[2019-12-08T10:35:53.400+0000][1][safepoint    ] Application time: 0.2115899 seconds
[2019-12-08T10:35:53.400+0000][1][safepoint    ] Entering safepoint region: Deoptimize
[2019-12-08T10:35:53.401+0000][1][safepoint    ] Leaving safepoint region
[2019-12-08T10:35:53.401+0000][1][safepoint    ] Total time for which application threads were stopped: 0.0007596 seconds, Stopping threads took: 0.0000145 seconds
[2019-12-08T10:35:53.414+0000][1][safepoint    ] Application time: 0.0131285 seconds
[2019-12-08T10:35:53.414+0000][1][safepoint    ] Entering safepoint region: BulkRevokeBias
[2019-12-08T10:35:53.414+0000][1][safepoint    ] Leaving safepoint region
[2019-12-08T10:35:53.414+0000][1][safepoint    ] Total time for which application threads were stopped: 0.0001354 seconds, Stopping threads took: 0.0000127 seconds
[2019-12-08T10:35:53.414+0000][1][safepoint    ] Application time: 0.0003165 seconds
[2019-12-08T10:35:53.415+0000][1][safepoint    ] Entering safepoint region: RevokeBias
[2019-12-08T10:35:53.415+0000][1][safepoint    ] Leaving safepoint region
[2019-12-08T10:35:53.415+0000][1][safepoint    ] Total time for which application threads were stopped: 0.0000541 seconds, Stopping threads took: 0.0000097 seconds
[2019-12-08T10:35:53.415+0000][1][safepoint    ] Application time: 0.0008112 seconds
[2019-12-08T10:35:53.415+0000][1][safepoint    ] Entering safepoint region: RevokeBias
[2019-12-08T10:35:53.415+0000][1][safepoint    ] Leaving safepoint region
[2019-12-08T10:35:53.415+0000][1][safepoint    ] Total time for which application threads were stopped: 0.0000511 seconds, Stopping threads took: 0.0000102 seconds
[2019-12-08T10:35:53.416+0000][1][safepoint    ] Application time: 0.0010246 seconds
[2019-12-08T10:35:53.417+0000][1][safepoint    ] Entering safepoint region: RevokeBias
[2019-12-08T10:35:53.417+0000][1][safepoint    ] Leaving safepoint region
[2019-12-08T10:35:53.417+0000][1][safepoint    ] Total time for which application threads were stopped: 0.0000597 seconds, Stopping threads took: 0.0000112 seconds
[2019-12-08T10:35:53.417+0000][1][safepoint    ] Application time: 0.0000491 seconds
[2019-12-08T10:35:53.417+0000][1][safepoint    ] Entering safepoint region: RevokeBias
[2019-12-08T10:35:53.417+0000][1][safepoint    ] Leaving safepoint region
[2019-12-08T10:35:53.417+0000][1][safepoint    ] Total time for which application threads were stopped: 0.0000410 seconds, Stopping threads took: 0.0000074 seconds
[2019-12-08T10:35:53.417+0000][1][safepoint    ] Application time: 0.0000992 seconds
[2019-12-08T10:35:53.417+0000][1][safepoint    ] Entering safepoint region: RevokeBias
[2019-12-08T10:35:53.417+0000][1][safepoint    ] Leaving safepoint region
[2019-12-08T10:35:53.417+0000][1][safepoint    ] Total time for which application threads were stopped: 0.0000396 seconds, Stopping threads took: 0.0000076 seconds
[2019-12-08T10:35:53.417+0000][1][safepoint    ] Application time: 0.0001227 seconds
[2019-12-08T10:35:53.417+0000][1][safepoint    ] Entering safepoint region: RevokeBias
[2019-12-08T10:35:53.417+0000][1][safepoint    ] Leaving safepoint region
[2019-12-08T10:35:53.417+0000][1][safepoint    ] Total time for which application threads were stopped: 0.0000407 seconds, Stopping threads took: 0.0000074 seconds
[2019-12-08T10:35:53.417+0000][1][safepoint    ] Application time: 0.0001864 seconds
[2019-12-08T10:35:53.417+0000][1][safepoint    ] Entering safepoint region: RevokeBias
[2019-12-08T10:35:53.417+0000][1][safepoint    ] Leaving safepoint region
[2019-12-08T10:35:53.417+0000][1][safepoint    ] Total time for which application threads were stopped: 0.0000380 seconds, Stopping threads took: 0.0000074 seconds
[2019-12-08T10:35:53.417+0000][1][safepoint    ] Application time: 0.0001492 seconds
[2019-12-08T10:35:53.417+0000][1][safepoint    ] Entering safepoint region: RevokeBias
[2019-12-08T10:35:53.417+0000][1][safepoint    ] Leaving safepoint region
[2019-12-08T10:35:53.417+0000][1][safepoint    ] Total time for which application threads were stopped: 0.0000435 seconds, Stopping threads took: 0.0000072 seconds
[2019-12-08T10:35:53.418+0000][1][safepoint    ] Application time: 0.0000433 seconds
[2019-12-08T10:35:53.418+0000][1][safepoint    ] Entering safepoint region: RevokeBias
[2019-12-08T10:35:53.418+0000][1][safepoint    ] Leaving safepoint region
[2019-12-08T10:35:53.418+0000][1][safepoint    ] Total time for which application threads were stopped: 0.0000385 seconds, Stopping threads took: 0.0000070 seconds
[2019-12-08T10:35:53.418+0000][1][safepoint    ] Application time: 0.0000978 seconds
[2019-12-08T10:35:53.418+0000][1][safepoint    ] Entering safepoint region: RevokeBias
[2019-12-08T10:35:53.418+0000][1][safepoint    ] Leaving safepoint region
[2019-12-08T10:35:53.418+0000][1][safepoint    ] Total time for which application threads were stopped: 0.0000734 seconds, Stopping threads took: 0.0000085 seconds
[2019-12-08T10:35:53.419+0000][1][safepoint    ] Application time: 0.0014481 seconds
[2019-12-08T10:35:53.419+0000][1][safepoint    ] Entering safepoint region: RevokeBias
[2019-12-08T10:35:53.419+0000][1][safepoint    ] Leaving safepoint region
[2019-12-08T10:35:53.419+0000][1][safepoint    ] Total time for which application threads were stopped: 0.0000570 seconds, Stopping threads took: 0.0000101 seconds
[2019-12-08T10:35:53.419+0000][1][safepoint    ] Application time: 0.0000831 seconds
[2019-12-08T10:35:53.419+0000][1][safepoint    ] Entering safepoint region: RevokeBias
[2019-12-08T10:35:53.419+0000][1][safepoint    ] Leaving safepoint region
[2019-12-08T10:35:53.419+0000][1][safepoint    ] Total time for which application threads were stopped: 0.0000394 seconds, Stopping threads took: 0.0000072 seconds
[2019-12-08T10:35:53.422+0000][1][safepoint    ] Application time: 0.0029269 seconds
[2019-12-08T10:35:53.422+0000][1][safepoint    ] Entering safepoint region: RevokeBias
[2019-12-08T10:35:53.423+0000][1][safepoint    ] Leaving safepoint region
[2019-12-08T10:35:53.423+0000][1][safepoint    ] Total time for which application threads were stopped: 0.0006780 seconds, Stopping threads took: 0.0000119 seconds
[2019-12-08T10:35:53.424+0000][1][safepoint    ] Application time: 0.0005225 seconds
[2019-12-08T10:35:53.424+0000][1][safepoint    ] Entering safepoint region: RevokeBias
[2019-12-08T10:35:53.424+0000][1][safepoint    ] Leaving safepoint region
[2019-12-08T10:35:53.424+0000][1][safepoint    ] Total time for which application threads were stopped: 0.0000682 seconds, Stopping threads took: 0.0000103 seconds
[2019-12-08T10:35:53.424+0000][1][safepoint    ] Application time: 0.0001628 seconds
[2019-12-08T10:35:53.424+0000][1][safepoint    ] Entering safepoint region: RevokeBias
[2019-12-08T10:35:53.424+0000][1][safepoint    ] Leaving safepoint region
[2019-12-08T10:35:53.424+0000][1][safepoint    ] Total time for which application threads were stopped: 0.0000831 seconds, Stopping threads took: 0.0000119 seconds
[2019-12-08T10:35:53.449+0000][1][safepoint    ] Application time: 0.0255395 seconds
[2019-12-08T10:35:53.450+0000][1][safepoint    ] Entering safepoint region: RevokeBias
[2019-12-08T10:35:53.450+0000][1][safepoint    ] Leaving safepoint region
[2019-12-08T10:35:53.450+0000][1][safepoint    ] Total time for which application threads were stopped: 0.0001118 seconds, Stopping threads took: 0.0000635 seconds
[2019-12-08T10:35:53.450+0000][1][safepoint    ] Application time: 0.0001519 seconds
[2019-12-08T10:35:53.450+0000][1][safepoint    ] Entering safepoint region: RevokeBias
[2019-12-08T10:35:53.450+0000][1][safepoint    ] Leaving safepoint region
[2019-12-08T10:35:53.450+0000][1][safepoint    ] Total time for which application threads were stopped: 0.0000732 seconds, Stopping threads took: 0.0000490 seconds
[2019-12-08T10:35:53.450+0000][1][safepoint    ] Application time: 0.0004771 seconds
[2019-12-08T10:35:53.450+0000][1][safepoint    ] Entering safepoint region: RevokeBias
[2019-12-08T10:35:53.450+0000][1][safepoint    ] Leaving safepoint region
[2019-12-08T10:35:53.450+0000][1][safepoint    ] Total time for which application threads were stopped: 0.0000528 seconds, Stopping threads took: 0.0000117 seconds
[2019-12-08T10:35:53.451+0000][1][safepoint    ] Application time: 0.0006547 seconds
[2019-12-08T10:35:53.451+0000][1][safepoint    ] Entering safepoint region: RevokeBias
[2019-12-08T10:35:53.451+0000][1][safepoint    ] Leaving safepoint region
[2019-12-08T10:35:53.451+0000][1][safepoint    ] Total time for which application threads were stopped: 0.0002756 seconds, Stopping threads took: 0.0002383 seconds
[2019-12-08T10:35:53.451+0000][1][safepoint    ] Application time: 0.0001268 seconds
[2019-12-08T10:35:53.452+0000][1][safepoint    ] Entering safepoint region: RevokeBias
[2019-12-08T10:35:53.452+0000][1][safepoint    ] Leaving safepoint region
[2019-12-08T10:35:53.452+0000][1][safepoint    ] Total time for which application threads were stopped: 0.0000817 seconds, Stopping threads took: 0.0000552 seconds
[2019-12-08T10:35:53.452+0000][1][safepoint    ] Application time: 0.0000714 seconds
[2019-12-08T10:35:53.452+0000][1][safepoint    ] Entering safepoint region: RevokeBias
[2019-12-08T10:35:53.452+0000][1][safepoint    ] Leaving safepoint region
[2019-12-08T10:35:53.452+0000][1][safepoint    ] Total time for which application threads were stopped: 0.0000813 seconds, Stopping threads took: 0.0000597 seconds
[2019-12-08T10:35:53.452+0000][1][safepoint    ] Application time: 0.0002154 seconds
[2019-12-08T10:35:53.452+0000][1][safepoint    ] Entering safepoint region: RevokeBias
[2019-12-08T10:35:53.452+0000][1][safepoint    ] Leaving safepoint region
[2019-12-08T10:35:53.452+0000][1][safepoint    ] Total time for which application threads were stopped: 0.0002403 seconds, Stopping threads took: 0.0002145 seconds
[2019-12-08T10:35:53.452+0000][1][safepoint    ] Application time: 0.0000557 seconds
[2019-12-08T10:35:53.452+0000][1][safepoint    ] Entering safepoint region: RevokeBias
[2019-12-08T10:35:53.452+0000][1][safepoint    ] Leaving safepoint region
[2019-12-08T10:35:53.452+0000][1][safepoint    ] Total time for which application threads were stopped: 0.0000388 seconds, Stopping threads took: 0.0000168 seconds
[2019-12-08T10:35:53.452+0000][1][safepoint    ] Application time: 0.0000583 seconds
[2019-12-08T10:35:53.452+0000][1][safepoint    ] Entering safepoint region: RevokeBias
[2019-12-08T10:35:53.452+0000][1][safepoint    ] Leaving safepoint region
[2019-12-08T10:35:53.452+0000][1][safepoint    ] Total time for which application threads were stopped: 0.0000301 seconds, Stopping threads took: 0.0000064 seconds
[2019-12-08T10:35:53.455+0000][1][safepoint    ] Application time: 0.0022781 seconds
[2019-12-08T10:35:53.455+0000][1][safepoint    ] Entering safepoint region: RevokeBias
[2019-12-08T10:35:53.455+0000][1][safepoint    ] Leaving safepoint region
[2019-12-08T10:35:53.455+0000][1][safepoint    ] Total time for which application threads were stopped: 0.0001068 seconds, Stopping threads took: 0.0000386 seconds
[2019-12-08T10:35:53.455+0000][1][safepoint    ] Application time: 0.0000978 seconds
[2019-12-08T10:35:53.455+0000][1][safepoint    ] Entering safepoint region: RevokeBias
[2019-12-08T10:35:53.455+0000][1][safepoint    ] Leaving safepoint region
[2019-12-08T10:35:53.455+0000][1][safepoint    ] Total time for which application threads were stopped: 0.0000582 seconds, Stopping threads took: 0.0000211 seconds
[2019-12-08T10:35:53.455+0000][1][safepoint    ] Application time: 0.0001653 seconds
[2019-12-08T10:35:53.455+0000][1][safepoint    ] Entering safepoint region: RevokeBias
[2019-12-08T10:35:53.455+0000][1][safepoint    ] Leaving safepoint region
[2019-12-08T10:35:53.455+0000][1][safepoint    ] Total time for which application threads were stopped: 0.0001139 seconds, Stopping threads took: 0.0000591 seconds
[2019-12-08T10:35:53.458+0000][1][safepoint    ] Application time: 0.0030821 seconds
[2019-12-08T10:35:53.458+0000][1][safepoint    ] Entering safepoint region: RevokeBias
[2019-12-08T10:35:53.459+0000][1][safepoint    ] Leaving safepoint region
[2019-12-08T10:35:53.459+0000][1][safepoint    ] Total time for which application threads were stopped: 0.0001216 seconds, Stopping threads took: 0.0000679 seconds
[2019-12-08T10:35:53.459+0000][1][safepoint    ] Application time: 0.0003723 seconds
[2019-12-08T10:35:53.459+0000][1][safepoint    ] Entering safepoint region: RevokeBias
[2019-12-08T10:35:53.459+0000][1][safepoint    ] Leaving safepoint region
[2019-12-08T10:35:53.459+0000][1][safepoint    ] Total time for which application threads were stopped: 0.0000956 seconds, Stopping threads took: 0.0000438 seconds
[2019-12-08T10:35:53.462+0000][1][safepoint    ] Application time: 0.0027968 seconds
[2019-12-08T10:35:53.462+0000][1][safepoint    ] Entering safepoint region: RevokeBias
[2019-12-08T10:35:53.462+0000][1][safepoint    ] Leaving safepoint region
[2019-12-08T10:35:53.462+0000][1][safepoint    ] Total time for which application threads were stopped: 0.0000645 seconds, Stopping threads took: 0.0000085 seconds
[2019-12-08T10:35:53.462+0000][1][safepoint    ] Application time: 0.0003145 seconds
[2019-12-08T10:35:53.462+0000][1][safepoint    ] Entering safepoint region: RevokeBias
[2019-12-08T10:35:53.462+0000][1][safepoint    ] Leaving safepoint region
[2019-12-08T10:35:53.462+0000][1][safepoint    ] Total time for which application threads were stopped: 0.0000608 seconds, Stopping threads took: 0.0000073 seconds
[2019-12-08T10:35:53.463+0000][1][safepoint    ] Application time: 0.0008757 seconds
[2019-12-08T10:35:53.463+0000][1][safepoint    ] Entering safepoint region: GenCollectForAllocation
[2019-12-08T10:35:53.463+0000][1][gc,start     ] GC(22) Pause Young (Allocation Failure)
[2019-12-08T10:35:53.463+0000][1][gc,task      ] GC(22) Using 4 workers of 4 for evacuation
[2019-12-08T10:35:53.474+0000][1][gc,age       ] GC(22) Desired survivor size 4456448 bytes, new threshold 2 (max threshold 6)
[2019-12-08T10:35:53.474+0000][1][gc,age       ] GC(22) Age table with threshold 2 (max threshold 6)
[2019-12-08T10:35:53.474+0000][1][gc,age       ] GC(22) - age   1:    3389408 bytes,    3389408 total
[2019-12-08T10:35:53.474+0000][1][gc,age       ] GC(22) - age   2:    1852080 bytes,    5241488 total
[2019-12-08T10:35:53.474+0000][1][gc,age       ] GC(22) - age   3:    2223144 bytes,    7464632 total
[2019-12-08T10:35:53.474+0000][1][gc,heap      ] GC(22) ParNew: 75073K->8704K(78656K)
[2019-12-08T10:35:53.474+0000][1][gc,heap      ] GC(22) CMS: 61288K->61442K(174784K)
[2019-12-08T10:35:53.474+0000][1][gc,metaspace ] GC(22) Metaspace: 64662K->64662K(1107968K)
[2019-12-08T10:35:53.474+0000][1][gc           ] GC(22) Pause Young (Allocation Failure) 133M->68M(247M) 11.106ms
[2019-12-08T10:35:53.474+0000][1][gc,cpu       ] GC(22) User=0.04s Sys=0.00s Real=0.01s
[2019-12-08T10:35:53.474+0000][1][safepoint    ] Leaving safepoint region
[2019-12-08T10:35:53.474+0000][1][safepoint    ] Total time for which application threads were stopped: 0.0111966 seconds, Stopping threads took: 0.0000085 seconds
[2019-12-08T10:35:53.474+0000][1][safepoint    ] Application time: 0.0000765 seconds
[2019-12-08T10:35:53.475+0000][1][safepoint    ] Entering safepoint region: RevokeBias
[2019-12-08T10:35:53.475+0000][1][safepoint    ] Leaving safepoint region
[2019-12-08T10:35:53.475+0000][1][safepoint    ] Total time for which application threads were stopped: 0.0000771 seconds, Stopping threads took: 0.0000454 seconds
[2019-12-08T10:35:53.475+0000][1][safepoint    ] Application time: 0.0003055 seconds
[2019-12-08T10:35:53.475+0000][1][safepoint    ] Entering safepoint region: RevokeBias
[2019-12-08T10:35:53.475+0000][1][safepoint    ] Leaving safepoint region
[2019-12-08T10:35:53.475+0000][1][safepoint    ] Total time for which application threads were stopped: 0.0003014 seconds, Stopping threads took: 0.0002459 seconds
[2019-12-08T10:35:53.475+0000][1][safepoint    ] Application time: 0.0001953 seconds
[2019-12-08T10:35:53.475+0000][1][safepoint    ] Entering safepoint region: RevokeBias
[2019-12-08T10:35:53.476+0000][1][safepoint    ] Leaving safepoint region
[2019-12-08T10:35:53.476+0000][1][safepoint    ] Total time for which application threads were stopped: 0.0001069 seconds, Stopping threads took: 0.0000546 seconds
[2019-12-08T10:35:53.476+0000][1][safepoint    ] Application time: 0.0002889 seconds
[2019-12-08T10:35:53.476+0000][1][safepoint    ] Entering safepoint region: RevokeBias
[2019-12-08T10:35:53.476+0000][1][safepoint    ] Leaving safepoint region
[2019-12-08T10:35:53.476+0000][1][safepoint    ] Total time for which application threads were stopped: 0.0001632 seconds, Stopping threads took: 0.0000325 seconds
[2019-12-08T10:35:53.478+0000][1][safepoint    ] Application time: 0.0015713 seconds
[2019-12-08T10:35:53.478+0000][1][safepoint    ] Entering safepoint region: RevokeBias
[2019-12-08T10:35:53.478+0000][1][safepoint    ] Leaving safepoint region
[2019-12-08T10:35:53.478+0000][1][safepoint    ] Total time for which application threads were stopped: 0.0001537 seconds, Stopping threads took: 0.0001181 seconds
[2019-12-08T10:35:53.478+0000][1][safepoint    ] Application time: 0.0002718 seconds
[2019-12-08T10:35:53.478+0000][1][safepoint    ] Entering safepoint region: RevokeBias
[2019-12-08T10:35:53.478+0000][1][safepoint    ] Leaving safepoint region
[2019-12-08T10:35:53.478+0000][1][safepoint    ] Total time for which application threads were stopped: 0.0001339 seconds, Stopping threads took: 0.0000832 seconds
[2019-12-08T10:35:53.478+0000][1][safepoint    ] Application time: 0.0001027 seconds
[2019-12-08T10:35:53.478+0000][1][safepoint    ] Entering safepoint region: RevokeBias
[2019-12-08T10:35:53.478+0000][1][safepoint    ] Leaving safepoint region
[2019-12-08T10:35:53.478+0000][1][safepoint    ] Total time for which application threads were stopped: 0.0000902 seconds, Stopping threads took: 0.0000505 seconds
[2019-12-08T10:35:53.479+0000][1][safepoint    ] Application time: 0.0005482 seconds
[2019-12-08T10:35:53.479+0000][1][safepoint    ] Entering safepoint region: RevokeBias
[2019-12-08T10:35:53.479+0000][1][safepoint    ] Leaving safepoint region
[2019-12-08T10:35:53.479+0000][1][safepoint    ] Total time for which application threads were stopped: 0.0000839 seconds, Stopping threads took: 0.0000394 seconds
[2019-12-08T10:35:53.479+0000][1][safepoint    ] Application time: 0.0003534 seconds
[2019-12-08T10:35:53.479+0000][1][safepoint    ] Entering safepoint region: RevokeBias
[2019-12-08T10:35:53.479+0000][1][safepoint    ] Leaving safepoint region
[2019-12-08T10:35:53.479+0000][1][safepoint    ] Total time for which application threads were stopped: 0.0000455 seconds, Stopping threads took: 0.0000074 seconds
[2019-12-08T10:35:53.480+0000][1][safepoint    ] Application time: 0.0000710 seconds
[2019-12-08T10:35:53.480+0000][1][safepoint    ] Entering safepoint region: RevokeBias
[2019-12-08T10:35:53.480+0000][1][safepoint    ] Leaving safepoint region
[2019-12-08T10:35:53.480+0000][1][safepoint    ] Total time for which application threads were stopped: 0.0000480 seconds, Stopping threads took: 0.0000176 seconds
[2019-12-08T10:35:53.481+0000][1][safepoint    ] Application time: 0.0018761 seconds
[2019-12-08T10:35:53.482+0000][1][safepoint    ] Entering safepoint region: RevokeBias
[2019-12-08T10:35:53.482+0000][1][safepoint    ] Leaving safepoint region
[2019-12-08T10:35:53.482+0000][1][safepoint    ] Total time for which application threads were stopped: 0.0001381 seconds, Stopping threads took: 0.0000748 seconds
[2019-12-08T10:35:53.488+0000][1][safepoint    ] Application time: 0.0060761 seconds
[2019-12-08T10:35:53.488+0000][1][safepoint    ] Entering safepoint region: RevokeBias
[2019-12-08T10:35:53.488+0000][1][safepoint    ] Leaving safepoint region
[2019-12-08T10:35:53.488+0000][1][safepoint    ] Total time for which application threads were stopped: 0.0001009 seconds, Stopping threads took: 0.0000251 seconds
[2019-12-08T10:35:53.489+0000][1][safepoint    ] Application time: 0.0012145 seconds
[2019-12-08T10:35:53.489+0000][1][safepoint    ] Entering safepoint region: RevokeBias
[2019-12-08T10:35:53.489+0000][1][safepoint    ] Leaving safepoint region
[2019-12-08T10:35:53.489+0000][1][safepoint    ] Total time for which application threads were stopped: 0.0002793 seconds, Stopping threads took: 0.0002249 seconds
[2019-12-08T10:35:53.489+0000][1][safepoint    ] Application time: 0.0001331 seconds
[2019-12-08T10:35:53.490+0000][1][safepoint    ] Entering safepoint region: RevokeBias
[2019-12-08T10:35:53.490+0000][1][safepoint    ] Leaving safepoint region
[2019-12-08T10:35:53.490+0000][1][safepoint    ] Total time for which application threads were stopped: 0.0000810 seconds, Stopping threads took: 0.0000538 seconds
[2019-12-08T10:35:53.490+0000][1][safepoint    ] Application time: 0.0004416 seconds
[2019-12-08T10:35:53.490+0000][1][safepoint    ] Entering safepoint region: RevokeBias
[2019-12-08T10:35:53.490+0000][1][safepoint    ] Leaving safepoint region
[2019-12-08T10:35:53.490+0000][1][safepoint    ] Total time for which application threads were stopped: 0.0001402 seconds, Stopping threads took: 0.0000725 seconds
[2019-12-08T10:35:53.492+0000][1][safepoint    ] Application time: 0.0015738 seconds
[2019-12-08T10:35:53.492+0000][1][safepoint    ] Entering safepoint region: RevokeBias
[2019-12-08T10:35:53.492+0000][1][safepoint    ] Leaving safepoint region
[2019-12-08T10:35:53.492+0000][1][safepoint    ] Total time for which application threads were stopped: 0.0002643 seconds, Stopping threads took: 0.0000169 seconds
[2019-12-08T10:35:53.492+0000][1][safepoint    ] Application time: 0.0001619 seconds
[2019-12-08T10:35:53.492+0000][1][safepoint    ] Entering safepoint region: RevokeBias
[2019-12-08T10:35:53.492+0000][1][safepoint    ] Leaving safepoint region
[2019-12-08T10:35:53.492+0000][1][safepoint    ] Total time for which application threads were stopped: 0.0000777 seconds, Stopping threads took: 0.0000304 seconds
[2019-12-08T10:35:53.492+0000][1][safepoint    ] Application time: 0.0001413 seconds
[2019-12-08T10:35:53.492+0000][1][safepoint    ] Entering safepoint region: RevokeBias
[2019-12-08T10:35:53.493+0000][1][safepoint    ] Leaving safepoint region
[2019-12-08T10:35:53.493+0000][1][safepoint    ] Total time for which application threads were stopped: 0.0000483 seconds, Stopping threads took: 0.0000095 seconds
[2019-12-08T10:35:53.494+0000][1][safepoint    ] Application time: 0.0017679 seconds
[2019-12-08T10:35:53.494+0000][1][safepoint    ] Entering safepoint region: RevokeBias
[2019-12-08T10:35:53.494+0000][1][safepoint    ] Leaving safepoint region
[2019-12-08T10:35:53.494+0000][1][safepoint    ] Total time for which application threads were stopped: 0.0001842 seconds, Stopping threads took: 0.0000772 seconds
[2019-12-08T10:35:53.495+0000][1][safepoint    ] Application time: 0.0004621 seconds
[2019-12-08T10:35:53.495+0000][1][safepoint    ] Entering safepoint region: RevokeBias
[2019-12-08T10:35:53.495+0000][1][safepoint    ] Leaving safepoint region
[2019-12-08T10:35:53.495+0000][1][safepoint    ] Total time for which application threads were stopped: 0.0000645 seconds, Stopping threads took: 0.0000113 seconds
[2019-12-08T10:35:53.496+0000][1][safepoint    ] Application time: 0.0006862 seconds
[2019-12-08T10:35:53.496+0000][1][safepoint    ] Entering safepoint region: RevokeBias
[2019-12-08T10:35:53.496+0000][1][safepoint    ] Leaving safepoint region
[2019-12-08T10:35:53.496+0000][1][safepoint    ] Total time for which application threads were stopped: 0.0001105 seconds, Stopping threads took: 0.0000293 seconds
[2019-12-08T10:35:53.496+0000][1][safepoint    ] Application time: 0.0001690 seconds
[2019-12-08T10:35:53.496+0000][1][safepoint    ] Entering safepoint region: RevokeBias
[2019-12-08T10:35:53.496+0000][1][safepoint    ] Leaving safepoint region
[2019-12-08T10:35:53.496+0000][1][safepoint    ] Total time for which application threads were stopped: 0.0000722 seconds, Stopping threads took: 0.0000108 seconds
[2019-12-08T10:35:53.499+0000][1][safepoint    ] Application time: 0.0033474 seconds
[2019-12-08T10:35:53.500+0000][1][safepoint    ] Entering safepoint region: RevokeBias
[2019-12-08T10:35:53.500+0000][1][safepoint    ] Leaving safepoint region
[2019-12-08T10:35:53.500+0000][1][safepoint    ] Total time for which application threads were stopped: 0.0000761 seconds, Stopping threads took: 0.0000118 seconds
[2019-12-08T10:35:53.500+0000][1][safepoint    ] Application time: 0.0001819 seconds
[2019-12-08T10:35:53.500+0000][1][safepoint    ] Entering safepoint region: RevokeBias
[2019-12-08T10:35:53.500+0000][1][safepoint    ] Leaving safepoint region
[2019-12-08T10:35:53.500+0000][1][safepoint    ] Total time for which application threads were stopped: 0.0000714 seconds, Stopping threads took: 0.0000257 seconds
[2019-12-08T10:35:53.502+0000][1][safepoint    ] Application time: 0.0020144 seconds
[2019-12-08T10:35:53.502+0000][1][safepoint    ] Entering safepoint region: RevokeBias
[2019-12-08T10:35:53.502+0000][1][safepoint    ] Leaving safepoint region
[2019-12-08T10:35:53.502+0000][1][safepoint    ] Total time for which application threads were stopped: 0.0000693 seconds, Stopping threads took: 0.0000306 seconds
[2019-12-08T10:35:53.502+0000][1][safepoint    ] Application time: 0.0000722 seconds
[2019-12-08T10:35:53.502+0000][1][safepoint    ] Entering safepoint region: RevokeBias
[2019-12-08T10:35:53.502+0000][1][safepoint    ] Leaving safepoint region
[2019-12-08T10:35:53.502+0000][1][safepoint    ] Total time for which application threads were stopped: 0.0000766 seconds, Stopping threads took: 0.0000284 seconds
[2019-12-08T10:35:53.502+0000][1][safepoint    ] Application time: 0.0001273 seconds
[2019-12-08T10:35:53.502+0000][1][safepoint    ] Entering safepoint region: RevokeBias
[2019-12-08T10:35:53.502+0000][1][safepoint    ] Leaving safepoint region
[2019-12-08T10:35:53.502+0000][1][safepoint    ] Total time for which application threads were stopped: 0.0000523 seconds, Stopping threads took: 0.0000100 seconds
[2019-12-08T10:35:53.502+0000][1][safepoint    ] Application time: 0.0000812 seconds
[2019-12-08T10:35:53.502+0000][1][safepoint    ] Entering safepoint region: RevokeBias
[2019-12-08T10:35:53.502+0000][1][safepoint    ] Leaving safepoint region
[2019-12-08T10:35:53.502+0000][1][safepoint    ] Total time for which application threads were stopped: 0.0000335 seconds, Stopping threads took: 0.0000058 seconds
[2019-12-08T10:35:53.505+0000][1][safepoint    ] Application time: 0.0021409 seconds
[2019-12-08T10:35:53.505+0000][1][safepoint    ] Entering safepoint region: RevokeBias
[2019-12-08T10:35:53.505+0000][1][safepoint    ] Leaving safepoint region
[2019-12-08T10:35:53.505+0000][1][safepoint    ] Total time for which application threads were stopped: 0.0000432 seconds, Stopping threads took: 0.0000091 seconds
[2019-12-08T10:35:53.506+0000][1][safepoint    ] Application time: 0.0016421 seconds
[2019-12-08T10:35:53.506+0000][1][safepoint    ] Entering safepoint region: RevokeBias
[2019-12-08T10:35:53.506+0000][1][safepoint    ] Leaving safepoint region
[2019-12-08T10:35:53.506+0000][1][safepoint    ] Total time for which application threads were stopped: 0.0000523 seconds, Stopping threads took: 0.0000084 seconds
[2019-12-08T10:35:53.508+0000][1][safepoint    ] Application time: 0.0019895 seconds
[2019-12-08T10:35:53.508+0000][1][safepoint    ] Entering safepoint region: RevokeBias
[2019-12-08T10:35:53.508+0000][1][safepoint    ] Leaving safepoint region
[2019-12-08T10:35:53.508+0000][1][safepoint    ] Total time for which application threads were stopped: 0.0000842 seconds, Stopping threads took: 0.0000123 seconds
[2019-12-08T10:35:53.511+0000][1][safepoint    ] Application time: 0.0022520 seconds
[2019-12-08T10:35:53.511+0000][1][safepoint    ] Entering safepoint region: RevokeBias
[2019-12-08T10:35:53.511+0000][1][safepoint    ] Leaving safepoint region
[2019-12-08T10:35:53.511+0000][1][safepoint    ] Total time for which application threads were stopped: 0.0001839 seconds, Stopping threads took: 0.0001348 seconds
[2019-12-08T10:35:53.511+0000][1][safepoint    ] Application time: 0.0002493 seconds
[2019-12-08T10:35:53.511+0000][1][safepoint    ] Entering safepoint region: RevokeBias
[2019-12-08T10:35:53.511+0000][1][safepoint    ] Leaving safepoint region
[2019-12-08T10:35:53.511+0000][1][safepoint    ] Total time for which application threads were stopped: 0.0001699 seconds, Stopping threads took: 0.0001275 seconds
[2019-12-08T10:35:53.512+0000][1][safepoint    ] Application time: 0.0001357 seconds
[2019-12-08T10:35:53.512+0000][1][safepoint    ] Entering safepoint region: RevokeBias
[2019-12-08T10:35:53.512+0000][1][safepoint    ] Leaving safepoint region
[2019-12-08T10:35:53.512+0000][1][safepoint    ] Total time for which application threads were stopped: 0.0000941 seconds, Stopping threads took: 0.0000443 seconds
[2019-12-08T10:35:53.512+0000][1][safepoint    ] Application time: 0.0002797 seconds
[2019-12-08T10:35:53.512+0000][1][safepoint    ] Entering safepoint region: RevokeBias
[2019-12-08T10:35:53.512+0000][1][safepoint    ] Leaving safepoint region
[2019-12-08T10:35:53.512+0000][1][safepoint    ] Total time for which application threads were stopped: 0.0001168 seconds, Stopping threads took: 0.0000588 seconds
[2019-12-08T10:35:53.514+0000][1][safepoint    ] Application time: 0.0021688 seconds
[2019-12-08T10:35:53.514+0000][1][safepoint    ] Entering safepoint region: RevokeBias
[2019-12-08T10:35:53.514+0000][1][safepoint    ] Leaving safepoint region
[2019-12-08T10:35:53.514+0000][1][safepoint    ] Total time for which application threads were stopped: 0.0000512 seconds, Stopping threads took: 0.0000088 seconds
[2019-12-08T10:35:53.514+0000][1][safepoint    ] Application time: 0.0000630 seconds
[2019-12-08T10:35:53.514+0000][1][safepoint    ] Entering safepoint region: RevokeBias
[2019-12-08T10:35:53.514+0000][1][safepoint    ] Leaving safepoint region
[2019-12-08T10:35:53.514+0000][1][safepoint    ] Total time for which application threads were stopped: 0.0000588 seconds, Stopping threads took: 0.0000095 seconds
[2019-12-08T10:35:53.515+0000][1][safepoint    ] Application time: 0.0001916 seconds
[2019-12-08T10:35:53.515+0000][1][safepoint    ] Entering safepoint region: RevokeBias
[2019-12-08T10:35:53.515+0000][1][safepoint    ] Leaving safepoint region
[2019-12-08T10:35:53.515+0000][1][safepoint    ] Total time for which application threads were stopped: 0.0000973 seconds, Stopping threads took: 0.0000108 seconds
[2019-12-08T10:35:53.526+0000][1][safepoint    ] Application time: 0.0113221 seconds
[2019-12-08T10:35:53.526+0000][1][safepoint    ] Entering safepoint region: RevokeBias
[2019-12-08T10:35:53.526+0000][1][safepoint    ] Leaving safepoint region
[2019-12-08T10:35:53.526+0000][1][safepoint    ] Total time for which application threads were stopped: 0.0000492 seconds, Stopping threads took: 0.0000090 seconds
[2019-12-08T10:35:53.535+0000][1][safepoint    ] Application time: 0.0089479 seconds
[2019-12-08T10:35:53.535+0000][1][safepoint    ] Entering safepoint region: RevokeBias
[2019-12-08T10:35:53.535+0000][1][safepoint    ] Leaving safepoint region
[2019-12-08T10:35:53.535+0000][1][safepoint    ] Total time for which application threads were stopped: 0.0001628 seconds, Stopping threads took: 0.0000806 seconds
[2019-12-08T10:35:53.537+0000][1][safepoint    ] Application time: 0.0016849 seconds
[2019-12-08T10:35:53.537+0000][1][safepoint    ] Entering safepoint region: RevokeBias
[2019-12-08T10:35:53.537+0000][1][safepoint    ] Leaving safepoint region
[2019-12-08T10:35:53.537+0000][1][safepoint    ] Total time for which application threads were stopped: 0.0000444 seconds, Stopping threads took: 0.0000089 seconds
[2019-12-08T10:35:53.537+0000][1][safepoint    ] Application time: 0.0001963 seconds
[2019-12-08T10:35:53.537+0000][1][safepoint    ] Entering safepoint region: RevokeBias
[2019-12-08T10:35:53.537+0000][1][safepoint    ] Leaving safepoint region
[2019-12-08T10:35:53.537+0000][1][safepoint    ] Total time for which application threads were stopped: 0.0000427 seconds, Stopping threads took: 0.0000079 seconds
[2019-12-08T10:35:53.537+0000][1][safepoint    ] Application time: 0.0000755 seconds
[2019-12-08T10:35:53.537+0000][1][safepoint    ] Entering safepoint region: RevokeBias
[2019-12-08T10:35:53.537+0000][1][safepoint    ] Leaving safepoint region
[2019-12-08T10:35:53.537+0000][1][safepoint    ] Total time for which application threads were stopped: 0.0000310 seconds, Stopping threads took: 0.0000059 seconds
[2019-12-08T10:35:53.537+0000][1][safepoint    ] Application time: 0.0000464 seconds
[2019-12-08T10:35:53.537+0000][1][safepoint    ] Entering safepoint region: RevokeBias
[2019-12-08T10:35:53.537+0000][1][safepoint    ] Leaving safepoint region
[2019-12-08T10:35:53.537+0000][1][safepoint    ] Total time for which application threads were stopped: 0.0000301 seconds, Stopping threads took: 0.0000056 seconds
[2019-12-08T10:35:53.538+0000][1][safepoint    ] Application time: 0.0002464 seconds
[2019-12-08T10:35:53.538+0000][1][safepoint    ] Entering safepoint region: RevokeBias
[2019-12-08T10:35:53.538+0000][1][safepoint    ] Leaving safepoint region
[2019-12-08T10:35:53.538+0000][1][safepoint    ] Total time for which application threads were stopped: 0.0000377 seconds, Stopping threads took: 0.0000072 seconds
[2019-12-08T10:35:53.563+0000][1][safepoint    ] Application time: 0.0249088 seconds
[2019-12-08T10:35:53.563+0000][1][safepoint    ] Entering safepoint region: RevokeBias
[2019-12-08T10:35:53.563+0000][1][safepoint    ] Leaving safepoint region
[2019-12-08T10:35:53.563+0000][1][safepoint    ] Total time for which application threads were stopped: 0.0001222 seconds, Stopping threads took: 0.0000474 seconds
[2019-12-08T10:35:53.565+0000][1][safepoint    ] Application time: 0.0021441 seconds
[2019-12-08T10:35:53.565+0000][1][safepoint    ] Entering safepoint region: RevokeBias
[2019-12-08T10:35:53.565+0000][1][safepoint    ] Leaving safepoint region
[2019-12-08T10:35:53.565+0000][1][safepoint    ] Total time for which application threads were stopped: 0.0000956 seconds, Stopping threads took: 0.0000423 seconds
[2019-12-08T10:35:53.568+0000][1][safepoint    ] Application time: 0.0030671 seconds
[2019-12-08T10:35:53.568+0000][1][safepoint    ] Entering safepoint region: RevokeBias
[2019-12-08T10:35:53.568+0000][1][safepoint    ] Leaving safepoint region
[2019-12-08T10:35:53.568+0000][1][safepoint    ] Total time for which application threads were stopped: 0.0000652 seconds, Stopping threads took: 0.0000120 seconds
[2019-12-08T10:35:53.569+0000][1][safepoint    ] Application time: 0.0003289 seconds
[2019-12-08T10:35:53.569+0000][1][safepoint    ] Entering safepoint region: RevokeBias
[2019-12-08T10:35:53.569+0000][1][safepoint    ] Leaving safepoint region
[2019-12-08T10:35:53.569+0000][1][safepoint    ] Total time for which application threads were stopped: 0.0000786 seconds, Stopping threads took: 0.0000112 seconds
[2019-12-08T10:35:53.569+0000][1][safepoint    ] Application time: 0.0003524 seconds
[2019-12-08T10:35:53.569+0000][1][safepoint    ] Entering safepoint region: RevokeBias
[2019-12-08T10:35:53.569+0000][1][safepoint    ] Leaving safepoint region
[2019-12-08T10:35:53.569+0000][1][safepoint    ] Total time for which application threads were stopped: 0.0000594 seconds, Stopping threads took: 0.0000105 seconds
[2019-12-08T10:35:53.573+0000][1][safepoint    ] Application time: 0.0040910 seconds
[2019-12-08T10:35:53.573+0000][1][safepoint    ] Entering safepoint region: RevokeBias
[2019-12-08T10:35:53.573+0000][1][safepoint    ] Leaving safepoint region
[2019-12-08T10:35:53.573+0000][1][safepoint    ] Total time for which application threads were stopped: 0.0000983 seconds, Stopping threads took: 0.0000528 seconds
[2019-12-08T10:35:53.574+0000][1][safepoint    ] Application time: 0.0008270 seconds
[2019-12-08T10:35:53.574+0000][1][safepoint    ] Entering safepoint region: RevokeBias
[2019-12-08T10:35:53.574+0000][1][safepoint    ] Leaving safepoint region
[2019-12-08T10:35:53.574+0000][1][safepoint    ] Total time for which application threads were stopped: 0.0001121 seconds, Stopping threads took: 0.0000619 seconds
[2019-12-08T10:35:53.584+0000][1][safepoint    ] Application time: 0.0097864 seconds
[2019-12-08T10:35:53.584+0000][1][safepoint    ] Entering safepoint region: RevokeBias
[2019-12-08T10:35:53.584+0000][1][safepoint    ] Leaving safepoint region
[2019-12-08T10:35:53.584+0000][1][safepoint    ] Total time for which application threads were stopped: 0.0001232 seconds, Stopping threads took: 0.0000149 seconds
[2019-12-08T10:35:53.584+0000][1][safepoint    ] Application time: 0.0001738 seconds
[2019-12-08T10:35:53.584+0000][1][safepoint    ] Entering safepoint region: RevokeBias
[2019-12-08T10:35:53.585+0000][1][safepoint    ] Leaving safepoint region
[2019-12-08T10:35:53.585+0000][1][safepoint    ] Total time for which application threads were stopped: 0.0000878 seconds, Stopping threads took: 0.0000197 seconds
[2019-12-08T10:35:53.585+0000][1][safepoint    ] Application time: 0.0008888 seconds
[2019-12-08T10:35:53.585+0000][1][safepoint    ] Entering safepoint region: RevokeBias
[2019-12-08T10:35:53.586+0000][1][safepoint    ] Leaving safepoint region
[2019-12-08T10:35:53.586+0000][1][safepoint    ] Total time for which application threads were stopped: 0.0001300 seconds, Stopping threads took: 0.0000389 seconds
[2019-12-08T10:35:53.590+0000][1][safepoint    ] Application time: 0.0048057 seconds
[2019-12-08T10:35:53.590+0000][1][safepoint    ] Entering safepoint region: RevokeBias
[2019-12-08T10:35:53.591+0000][1][safepoint    ] Leaving safepoint region
[2019-12-08T10:35:53.591+0000][1][safepoint    ] Total time for which application threads were stopped: 0.0001146 seconds, Stopping threads took: 0.0000110 seconds
[2019-12-08T10:35:53.592+0000][1][safepoint    ] Application time: 0.0011941 seconds
[2019-12-08T10:35:53.592+0000][1][safepoint    ] Entering safepoint region: RevokeBias
[2019-12-08T10:35:53.592+0000][1][safepoint    ] Leaving safepoint region
[2019-12-08T10:35:53.592+0000][1][safepoint    ] Total time for which application threads were stopped: 0.0001948 seconds, Stopping threads took: 0.0000981 seconds
[2019-12-08T10:35:53.593+0000][1][safepoint    ] Application time: 0.0009045 seconds
[2019-12-08T10:35:53.593+0000][1][safepoint    ] Entering safepoint region: RevokeBias
[2019-12-08T10:35:53.593+0000][1][safepoint    ] Leaving safepoint region
[2019-12-08T10:35:53.593+0000][1][safepoint    ] Total time for which application threads were stopped: 0.0000654 seconds, Stopping threads took: 0.0000115 seconds
[2019-12-08T10:35:53.593+0000][1][safepoint    ] Application time: 0.0004370 seconds
[2019-12-08T10:35:53.593+0000][1][safepoint    ] Entering safepoint region: RevokeBias
[2019-12-08T10:35:53.593+0000][1][safepoint    ] Leaving safepoint region
[2019-12-08T10:35:53.593+0000][1][safepoint    ] Total time for which application threads were stopped: 0.0000808 seconds, Stopping threads took: 0.0000130 seconds
[2019-12-08T10:35:53.594+0000][1][safepoint    ] Application time: 0.0004169 seconds
[2019-12-08T10:35:53.594+0000][1][safepoint    ] Entering safepoint region: RevokeBias
[2019-12-08T10:35:53.594+0000][1][safepoint    ] Leaving safepoint region
[2019-12-08T10:35:53.594+0000][1][safepoint    ] Total time for which application threads were stopped: 0.0000758 seconds, Stopping threads took: 0.0000122 seconds
[2019-12-08T10:35:53.595+0000][1][safepoint    ] Application time: 0.0005249 seconds
[2019-12-08T10:35:53.595+0000][1][safepoint    ] Entering safepoint region: RevokeBias
[2019-12-08T10:35:53.595+0000][1][safepoint    ] Leaving safepoint region
[2019-12-08T10:35:53.595+0000][1][safepoint    ] Total time for which application threads were stopped: 0.0000651 seconds, Stopping threads took: 0.0000128 seconds
[2019-12-08T10:35:53.595+0000][1][safepoint    ] Application time: 0.0003373 seconds
[2019-12-08T10:35:53.595+0000][1][safepoint    ] Entering safepoint region: RevokeBias
[2019-12-08T10:35:53.595+0000][1][safepoint    ] Leaving safepoint region
[2019-12-08T10:35:53.595+0000][1][safepoint    ] Total time for which application threads were stopped: 0.0000591 seconds, Stopping threads took: 0.0000109 seconds
[2019-12-08T10:35:53.595+0000][1][safepoint    ] Application time: 0.0000976 seconds
[2019-12-08T10:35:53.595+0000][1][safepoint    ] Entering safepoint region: RevokeBias
[2019-12-08T10:35:53.595+0000][1][safepoint    ] Leaving safepoint region
[2019-12-08T10:35:53.595+0000][1][safepoint    ] Total time for which application threads were stopped: 0.0000447 seconds, Stopping threads took: 0.0000082 seconds
[2019-12-08T10:35:53.595+0000][1][safepoint    ] Application time: 0.0001429 seconds
[2019-12-08T10:35:53.595+0000][1][safepoint    ] Entering safepoint region: BulkRevokeBias
[2019-12-08T10:35:53.596+0000][1][safepoint    ] Leaving safepoint region
[2019-12-08T10:35:53.596+0000][1][safepoint    ] Total time for which application threads were stopped: 0.0002636 seconds, Stopping threads took: 0.0000093 seconds
[2019-12-08T10:35:53.596+0000][1][safepoint    ] Application time: 0.0002382 seconds
[2019-12-08T10:35:53.596+0000][1][safepoint    ] Entering safepoint region: RevokeBias
[2019-12-08T10:35:53.596+0000][1][safepoint    ] Leaving safepoint region
[2019-12-08T10:35:53.596+0000][1][safepoint    ] Total time for which application threads were stopped: 0.0000695 seconds, Stopping threads took: 0.0000117 seconds
[2019-12-08T10:35:53.596+0000][1][safepoint    ] Application time: 0.0000539 seconds
[2019-12-08T10:35:53.596+0000][1][safepoint    ] Entering safepoint region: RevokeBias
[2019-12-08T10:35:53.596+0000][1][safepoint    ] Leaving safepoint region
[2019-12-08T10:35:53.596+0000][1][safepoint    ] Total time for which application threads were stopped: 0.0000486 seconds, Stopping threads took: 0.0000090 seconds
[2019-12-08T10:35:53.596+0000][1][safepoint    ] Application time: 0.0001803 seconds
[2019-12-08T10:35:53.596+0000][1][safepoint    ] Entering safepoint region: RevokeBias
[2019-12-08T10:35:53.596+0000][1][safepoint    ] Leaving safepoint region
[2019-12-08T10:35:53.596+0000][1][safepoint    ] Total time for which application threads were stopped: 0.0000548 seconds, Stopping threads took: 0.0000097 seconds
[2019-12-08T10:35:53.596+0000][1][safepoint    ] Application time: 0.0000914 seconds
[2019-12-08T10:35:53.596+0000][1][safepoint    ] Entering safepoint region: RevokeBias
[2019-12-08T10:35:53.597+0000][1][safepoint    ] Leaving safepoint region
[2019-12-08T10:35:53.597+0000][1][safepoint    ] Total time for which application threads were stopped: 0.0000584 seconds, Stopping threads took: 0.0000094 seconds
[2019-12-08T10:35:53.597+0000][1][safepoint    ] Application time: 0.0006604 seconds
[2019-12-08T10:35:53.597+0000][1][safepoint    ] Entering safepoint region: RevokeBias
[2019-12-08T10:35:53.597+0000][1][safepoint    ] Leaving safepoint region
[2019-12-08T10:35:53.597+0000][1][safepoint    ] Total time for which application threads were stopped: 0.0000619 seconds, Stopping threads took: 0.0000118 seconds
[2019-12-08T10:35:53.597+0000][1][safepoint    ] Application time: 0.0002009 seconds
[2019-12-08T10:35:53.597+0000][1][safepoint    ] Entering safepoint region: RevokeBias
[2019-12-08T10:35:53.598+0000][1][safepoint    ] Leaving safepoint region
[2019-12-08T10:35:53.598+0000][1][safepoint    ] Total time for which application threads were stopped: 0.0000587 seconds, Stopping threads took: 0.0000114 seconds
[2019-12-08T10:35:53.598+0000][1][safepoint    ] Application time: 0.0003118 seconds
[2019-12-08T10:35:53.598+0000][1][safepoint    ] Entering safepoint region: RevokeBias
[2019-12-08T10:35:53.598+0000][1][safepoint    ] Leaving safepoint region
[2019-12-08T10:35:53.598+0000][1][safepoint    ] Total time for which application threads were stopped: 0.0000632 seconds, Stopping threads took: 0.0000110 seconds
[2019-12-08T10:35:53.598+0000][1][safepoint    ] Application time: 0.0005138 seconds
[2019-12-08T10:35:53.598+0000][1][safepoint    ] Entering safepoint region: RevokeBias
[2019-12-08T10:35:53.599+0000][1][safepoint    ] Leaving safepoint region
[2019-12-08T10:35:53.599+0000][1][safepoint    ] Total time for which application threads were stopped: 0.0000514 seconds, Stopping threads took: 0.0000109 seconds
[2019-12-08T10:35:53.603+0000][1][safepoint    ] Application time: 0.0041149 seconds
[2019-12-08T10:35:53.603+0000][1][safepoint    ] Entering safepoint region: RevokeBias
[2019-12-08T10:35:53.603+0000][1][safepoint    ] Leaving safepoint region
[2019-12-08T10:35:53.603+0000][1][safepoint    ] Total time for which application threads were stopped: 0.0000736 seconds, Stopping threads took: 0.0000231 seconds
[2019-12-08T10:35:53.605+0000][1][safepoint    ] Application time: 0.0023121 seconds
[2019-12-08T10:35:53.605+0000][1][safepoint    ] Entering safepoint region: RevokeBias
[2019-12-08T10:35:53.605+0000][1][safepoint    ] Leaving safepoint region
[2019-12-08T10:35:53.605+0000][1][safepoint    ] Total time for which application threads were stopped: 0.0000584 seconds, Stopping threads took: 0.0000116 seconds
[2019-12-08T10:35:53.608+0000][1][safepoint    ] Application time: 0.0031000 seconds
[2019-12-08T10:35:53.608+0000][1][safepoint    ] Entering safepoint region: RevokeBias
[2019-12-08T10:35:53.608+0000][1][safepoint    ] Leaving safepoint region
[2019-12-08T10:35:53.608+0000][1][safepoint    ] Total time for which application threads were stopped: 0.0000629 seconds, Stopping threads took: 0.0000117 seconds
[2019-12-08T10:35:53.624+0000][1][safepoint    ] Application time: 0.0155948 seconds
[2019-12-08T10:35:53.624+0000][1][safepoint    ] Entering safepoint region: RevokeBias
[2019-12-08T10:35:53.624+0000][1][safepoint    ] Leaving safepoint region
[2019-12-08T10:35:53.624+0000][1][safepoint    ] Total time for which application threads were stopped: 0.0000985 seconds, Stopping threads took: 0.0000126 seconds
[2019-12-08T10:35:53.626+0000][1][safepoint    ] Application time: 0.0024245 seconds
[2019-12-08T10:35:53.627+0000][1][safepoint    ] Entering safepoint region: RevokeBias
[2019-12-08T10:35:53.627+0000][1][safepoint    ] Leaving safepoint region
[2019-12-08T10:35:53.627+0000][1][safepoint    ] Total time for which application threads were stopped: 0.0000826 seconds, Stopping threads took: 0.0000145 seconds
[2019-12-08T10:35:53.628+0000][1][safepoint    ] Application time: 0.0018156 seconds
[2019-12-08T10:35:53.628+0000][1][safepoint    ] Entering safepoint region: RevokeBias
[2019-12-08T10:35:53.629+0000][1][safepoint    ] Leaving safepoint region
[2019-12-08T10:35:53.629+0000][1][safepoint    ] Total time for which application threads were stopped: 0.0000917 seconds, Stopping threads took: 0.0000338 seconds
[2019-12-08T10:35:53.630+0000][1][safepoint    ] Application time: 0.0015018 seconds
[2019-12-08T10:35:53.630+0000][1][safepoint    ] Entering safepoint region: RevokeBias
[2019-12-08T10:35:53.630+0000][1][safepoint    ] Leaving safepoint region
[2019-12-08T10:35:53.630+0000][1][safepoint    ] Total time for which application threads were stopped: 0.0000742 seconds, Stopping threads took: 0.0000127 seconds
[2019-12-08T10:35:53.632+0000][1][safepoint    ] Application time: 0.0021276 seconds
[2019-12-08T10:35:53.632+0000][1][safepoint    ] Entering safepoint region: BulkRevokeBias
[2019-12-08T10:35:53.632+0000][1][safepoint    ] Leaving safepoint region
[2019-12-08T10:35:53.632+0000][1][safepoint    ] Total time for which application threads were stopped: 0.0001912 seconds, Stopping threads took: 0.0000154 seconds
[2019-12-08T10:35:53.633+0000][1][safepoint    ] Application time: 0.0003187 seconds
[2019-12-08T10:35:53.633+0000][1][safepoint    ] Entering safepoint region: RevokeBias
[2019-12-08T10:35:53.633+0000][1][safepoint    ] Leaving safepoint region
[2019-12-08T10:35:53.633+0000][1][safepoint    ] Total time for which application threads were stopped: 0.0000772 seconds, Stopping threads took: 0.0000121 seconds
[2019-12-08T10:35:53.635+0000][1][safepoint    ] Application time: 0.0017143 seconds
[2019-12-08T10:35:53.635+0000][1][safepoint    ] Entering safepoint region: RevokeBias
[2019-12-08T10:35:53.635+0000][1][safepoint    ] Leaving safepoint region
[2019-12-08T10:35:53.635+0000][1][safepoint    ] Total time for which application threads were stopped: 0.0001127 seconds, Stopping threads took: 0.0000433 seconds
[2019-12-08T10:35:53.635+0000][1][safepoint    ] Application time: 0.0002838 seconds
[2019-12-08T10:35:53.635+0000][1][safepoint    ] Entering safepoint region: RevokeBias
[2019-12-08T10:35:53.635+0000][1][safepoint    ] Leaving safepoint region
[2019-12-08T10:35:53.635+0000][1][safepoint    ] Total time for which application threads were stopped: 0.0001184 seconds, Stopping threads took: 0.0000577 seconds
[2019-12-08T10:35:53.635+0000][1][safepoint    ] Application time: 0.0000932 seconds
[2019-12-08T10:35:53.635+0000][1][safepoint    ] Entering safepoint region: RevokeBias
[2019-12-08T10:35:53.635+0000][1][safepoint    ] Leaving safepoint region
[2019-12-08T10:35:53.635+0000][1][safepoint    ] Total time for which application threads were stopped: 0.0001374 seconds, Stopping threads took: 0.0000723 seconds
[2019-12-08T10:35:53.637+0000][1][safepoint    ] Application time: 0.0014638 seconds
[2019-12-08T10:35:53.637+0000][1][safepoint    ] Entering safepoint region: RevokeBias
[2019-12-08T10:35:53.637+0000][1][safepoint    ] Leaving safepoint region
[2019-12-08T10:35:53.637+0000][1][safepoint    ] Total time for which application threads were stopped: 0.0001813 seconds, Stopping threads took: 0.0001512 seconds
[2019-12-08T10:35:53.640+0000][1][safepoint    ] Application time: 0.0032034 seconds
[2019-12-08T10:35:53.640+0000][1][safepoint    ] Entering safepoint region: RevokeBias
[2019-12-08T10:35:53.640+0000][1][safepoint    ] Leaving safepoint region
[2019-12-08T10:35:53.640+0000][1][safepoint    ] Total time for which application threads were stopped: 0.0000724 seconds, Stopping threads took: 0.0000237 seconds
[2019-12-08T10:35:53.641+0000][1][safepoint    ] Application time: 0.0002496 seconds
[2019-12-08T10:35:53.641+0000][1][safepoint    ] Entering safepoint region: RevokeBias
[2019-12-08T10:35:53.641+0000][1][safepoint    ] Leaving safepoint region
[2019-12-08T10:35:53.641+0000][1][safepoint    ] Total time for which application threads were stopped: 0.0000845 seconds, Stopping threads took: 0.0000316 seconds
[2019-12-08T10:35:53.641+0000][1][safepoint    ] Application time: 0.0004960 seconds
[2019-12-08T10:35:53.641+0000][1][safepoint    ] Entering safepoint region: RevokeBias
[2019-12-08T10:35:53.641+0000][1][safepoint    ] Leaving safepoint region
[2019-12-08T10:35:53.641+0000][1][safepoint    ] Total time for which application threads were stopped: 0.0000915 seconds, Stopping threads took: 0.0000360 seconds
[2019-12-08T10:35:53.642+0000][1][safepoint    ] Application time: 0.0007972 seconds
[2019-12-08T10:35:53.642+0000][1][safepoint    ] Entering safepoint region: RevokeBias
[2019-12-08T10:35:53.642+0000][1][safepoint    ] Leaving safepoint region
[2019-12-08T10:35:53.642+0000][1][safepoint    ] Total time for which application threads were stopped: 0.0000727 seconds, Stopping threads took: 0.0000211 seconds
[2019-12-08T10:35:53.642+0000][1][safepoint    ] Application time: 0.0002193 seconds
[2019-12-08T10:35:53.643+0000][1][safepoint    ] Entering safepoint region: RevokeBias
[2019-12-08T10:35:53.643+0000][1][safepoint    ] Leaving safepoint region
[2019-12-08T10:35:53.643+0000][1][safepoint    ] Total time for which application threads were stopped: 0.0000448 seconds, Stopping threads took: 0.0000103 seconds
[2019-12-08T10:35:53.644+0000][1][safepoint    ] Application time: 0.0011647 seconds
[2019-12-08T10:35:53.644+0000][1][safepoint    ] Entering safepoint region: RevokeBias
[2019-12-08T10:35:53.644+0000][1][safepoint    ] Leaving safepoint region
[2019-12-08T10:35:53.644+0000][1][safepoint    ] Total time for which application threads were stopped: 0.0000445 seconds, Stopping threads took: 0.0000116 seconds
[2019-12-08T10:35:53.644+0000][1][safepoint    ] Application time: 0.0003245 seconds
[2019-12-08T10:35:53.644+0000][1][safepoint    ] Entering safepoint region: RevokeBias
[2019-12-08T10:35:53.644+0000][1][safepoint    ] Leaving safepoint region
[2019-12-08T10:35:53.644+0000][1][safepoint    ] Total time for which application threads were stopped: 0.0000498 seconds, Stopping threads took: 0.0000239 seconds
[2019-12-08T10:35:53.664+0000][1][safepoint    ] Application time: 0.0195584 seconds
[2019-12-08T10:35:53.664+0000][1][safepoint    ] Entering safepoint region: RevokeBias
[2019-12-08T10:35:53.664+0000][1][safepoint    ] Leaving safepoint region
[2019-12-08T10:35:53.664+0000][1][safepoint    ] Total time for which application threads were stopped: 0.0000761 seconds, Stopping threads took: 0.0000132 seconds
[2019-12-08T10:35:53.664+0000][1][safepoint    ] Application time: 0.0000536 seconds
[2019-12-08T10:35:53.664+0000][1][safepoint    ] Entering safepoint region: RevokeBias
[2019-12-08T10:35:53.664+0000][1][safepoint    ] Leaving safepoint region
[2019-12-08T10:35:53.664+0000][1][safepoint    ] Total time for which application threads were stopped: 0.0000499 seconds, Stopping threads took: 0.0000089 seconds
[2019-12-08T10:35:53.667+0000][1][safepoint    ] Application time: 0.0026363 seconds
[2019-12-08T10:35:53.667+0000][1][safepoint    ] Entering safepoint region: RevokeBias
[2019-12-08T10:35:53.667+0000][1][safepoint    ] Leaving safepoint region
[2019-12-08T10:35:53.667+0000][1][safepoint    ] Total time for which application threads were stopped: 0.0000783 seconds, Stopping threads took: 0.0000116 seconds
[2019-12-08T10:35:53.677+0000][1][safepoint    ] Application time: 0.0105607 seconds
[2019-12-08T10:35:53.678+0000][1][safepoint    ] Entering safepoint region: RevokeBias
[2019-12-08T10:35:53.678+0000][1][safepoint    ] Leaving safepoint region
[2019-12-08T10:35:53.678+0000][1][safepoint    ] Total time for which application threads were stopped: 0.0006692 seconds, Stopping threads took: 0.0006064 seconds
[2019-12-08T10:35:53.681+0000][1][safepoint    ] Application time: 0.0026301 seconds
[2019-12-08T10:35:53.681+0000][1][safepoint    ] Entering safepoint region: RevokeBias
[2019-12-08T10:35:53.681+0000][1][safepoint    ] Leaving safepoint region
[2019-12-08T10:35:53.681+0000][1][safepoint    ] Total time for which application threads were stopped: 0.0001194 seconds, Stopping threads took: 0.0000402 seconds
[2019-12-08T10:35:53.682+0000][1][safepoint    ] Application time: 0.0011455 seconds
[2019-12-08T10:35:53.682+0000][1][safepoint    ] Entering safepoint region: RevokeBias
[2019-12-08T10:35:53.682+0000][1][safepoint    ] Leaving safepoint region
[2019-12-08T10:35:53.682+0000][1][safepoint    ] Total time for which application threads were stopped: 0.0001305 seconds, Stopping threads took: 0.0000751 seconds
[2019-12-08T10:35:53.684+0000][1][safepoint    ] Application time: 0.0019927 seconds
[2019-12-08T10:35:53.684+0000][1][safepoint    ] Entering safepoint region: RevokeBias
[2019-12-08T10:35:53.684+0000][1][safepoint    ] Leaving safepoint region
[2019-12-08T10:35:53.684+0000][1][safepoint    ] Total time for which application threads were stopped: 0.0000609 seconds, Stopping threads took: 0.0000131 seconds
[2019-12-08T10:35:53.691+0000][1][safepoint    ] Application time: 0.0069386 seconds
[2019-12-08T10:35:53.693+0000][1][safepoint    ] Entering safepoint region: RevokeBias
[2019-12-08T10:35:53.693+0000][1][safepoint    ] Leaving safepoint region
[2019-12-08T10:35:53.693+0000][1][safepoint    ] Total time for which application threads were stopped: 0.0016137 seconds, Stopping threads took: 0.0015390 seconds
[2019-12-08T10:35:53.693+0000][1][safepoint    ] Application time: 0.0003320 seconds
[2019-12-08T10:35:53.693+0000][1][safepoint    ] Entering safepoint region: RevokeBias
[2019-12-08T10:35:53.693+0000][1][safepoint    ] Leaving safepoint region
[2019-12-08T10:35:53.693+0000][1][safepoint    ] Total time for which application threads were stopped: 0.0000574 seconds, Stopping threads took: 0.0000113 seconds
[2019-12-08T10:35:53.708+0000][1][safepoint    ] Application time: 0.0149973 seconds
[2019-12-08T10:35:53.708+0000][1][safepoint    ] Entering safepoint region: RevokeBias
[2019-12-08T10:35:53.708+0000][1][safepoint    ] Leaving safepoint region
[2019-12-08T10:35:53.708+0000][1][safepoint    ] Total time for which application threads were stopped: 0.0000622 seconds, Stopping threads took: 0.0000137 seconds
[2019-12-08T10:35:53.710+0000][1][safepoint    ] Application time: 0.0015532 seconds
[2019-12-08T10:35:53.710+0000][1][safepoint    ] Entering safepoint region: RevokeBias
[2019-12-08T10:35:53.710+0000][1][safepoint    ] Leaving safepoint region
[2019-12-08T10:35:53.710+0000][1][safepoint    ] Total time for which application threads were stopped: 0.0000853 seconds, Stopping threads took: 0.0000334 seconds
[2019-12-08T10:35:53.720+0000][1][safepoint    ] Application time: 0.0097802 seconds
[2019-12-08T10:35:53.720+0000][1][safepoint    ] Entering safepoint region: RevokeBias
[2019-12-08T10:35:53.721+0000][1][safepoint    ] Leaving safepoint region
[2019-12-08T10:35:53.721+0000][1][safepoint    ] Total time for which application threads were stopped: 0.0009511 seconds, Stopping threads took: 0.0005470 seconds
[2019-12-08T10:35:53.722+0000][1][safepoint    ] Application time: 0.0012549 seconds
[2019-12-08T10:35:53.722+0000][1][safepoint    ] Entering safepoint region: RevokeBias
[2019-12-08T10:35:53.722+0000][1][safepoint    ] Leaving safepoint region
[2019-12-08T10:35:53.722+0000][1][safepoint    ] Total time for which application threads were stopped: 0.0001052 seconds, Stopping threads took: 0.0000407 seconds
[2019-12-08T10:35:53.724+0000][1][safepoint    ] Application time: 0.0014970 seconds
[2019-12-08T10:35:53.724+0000][1][safepoint    ] Entering safepoint region: RevokeBias
[2019-12-08T10:35:53.724+0000][1][safepoint    ] Leaving safepoint region
[2019-12-08T10:35:53.724+0000][1][safepoint    ] Total time for which application threads were stopped: 0.0001435 seconds, Stopping threads took: 0.0000287 seconds
[2019-12-08T10:35:53.724+0000][1][safepoint    ] Application time: 0.0003325 seconds
[2019-12-08T10:35:53.724+0000][1][safepoint    ] Entering safepoint region: RevokeBias
[2019-12-08T10:35:53.724+0000][1][safepoint    ] Leaving safepoint region
[2019-12-08T10:35:53.724+0000][1][safepoint    ] Total time for which application threads were stopped: 0.0000517 seconds, Stopping threads took: 0.0000088 seconds
[2019-12-08T10:35:53.724+0000][1][safepoint    ] Application time: 0.0000280 seconds
[2019-12-08T10:35:53.724+0000][1][safepoint    ] Entering safepoint region: RevokeBias
[2019-12-08T10:35:53.724+0000][1][safepoint    ] Leaving safepoint region
[2019-12-08T10:35:53.724+0000][1][safepoint    ] Total time for which application threads were stopped: 0.0000378 seconds, Stopping threads took: 0.0000064 seconds
[2019-12-08T10:35:53.728+0000][1][safepoint    ] Application time: 0.0037932 seconds
[2019-12-08T10:35:53.728+0000][1][safepoint    ] Entering safepoint region: BulkRevokeBias
[2019-12-08T10:35:53.728+0000][1][safepoint    ] Leaving safepoint region
[2019-12-08T10:35:53.728+0000][1][safepoint    ] Total time for which application threads were stopped: 0.0003145 seconds, Stopping threads took: 0.0000417 seconds
[2019-12-08T10:35:53.732+0000][1][safepoint    ] Application time: 0.0036373 seconds
[2019-12-08T10:35:53.738+0000][1][safepoint    ] Entering safepoint region: BulkRevokeBias
[2019-12-08T10:35:53.738+0000][1][safepoint    ] Leaving safepoint region
[2019-12-08T10:35:53.738+0000][1][safepoint    ] Total time for which application threads were stopped: 0.0058594 seconds, Stopping threads took: 0.0055680 seconds
[2019-12-08T10:35:53.742+0000][1][safepoint    ] Application time: 0.0036989 seconds
[2019-12-08T10:35:53.742+0000][1][safepoint    ] Entering safepoint region: RevokeBias
[2019-12-08T10:35:53.742+0000][1][safepoint    ] Leaving safepoint region
[2019-12-08T10:35:53.742+0000][1][safepoint    ] Total time for which application threads were stopped: 0.0001191 seconds, Stopping threads took: 0.0000124 seconds
[2019-12-08T10:35:53.743+0000][1][safepoint    ] Application time: 0.0016763 seconds
[2019-12-08T10:35:53.744+0000][1][safepoint    ] Entering safepoint region: BulkRevokeBias
[2019-12-08T10:35:53.744+0000][1][safepoint    ] Leaving safepoint region
[2019-12-08T10:35:53.744+0000][1][safepoint    ] Total time for which application threads were stopped: 0.0007527 seconds, Stopping threads took: 0.0003611 seconds
[2019-12-08T10:35:53.756+0000][1][safepoint    ] Application time: 0.0116985 seconds
[2019-12-08T10:35:53.756+0000][1][safepoint    ] Entering safepoint region: RevokeBias
[2019-12-08T10:35:53.756+0000][1][safepoint    ] Leaving safepoint region
[2019-12-08T10:35:53.756+0000][1][safepoint    ] Total time for which application threads were stopped: 0.0001130 seconds, Stopping threads took: 0.0000513 seconds
[2019-12-08T10:35:53.758+0000][1][safepoint    ] Application time: 0.0020407 seconds
[2019-12-08T10:35:53.758+0000][1][safepoint    ] Entering safepoint region: RevokeBias
[2019-12-08T10:35:53.758+0000][1][safepoint    ] Leaving safepoint region
[2019-12-08T10:35:53.758+0000][1][safepoint    ] Total time for which application threads were stopped: 0.0000991 seconds, Stopping threads took: 0.0000131 seconds
[2019-12-08T10:35:53.760+0000][1][safepoint    ] Application time: 0.0018548 seconds
[2019-12-08T10:35:53.760+0000][1][safepoint    ] Entering safepoint region: RevokeBias
[2019-12-08T10:35:53.760+0000][1][safepoint    ] Leaving safepoint region
[2019-12-08T10:35:53.760+0000][1][safepoint    ] Total time for which application threads were stopped: 0.0001054 seconds, Stopping threads took: 0.0000128 seconds
[2019-12-08T10:35:53.761+0000][1][safepoint    ] Application time: 0.0004712 seconds
[2019-12-08T10:35:53.761+0000][1][safepoint    ] Entering safepoint region: RevokeBias
[2019-12-08T10:35:53.761+0000][1][safepoint    ] Leaving safepoint region
[2019-12-08T10:35:53.761+0000][1][safepoint    ] Total time for which application threads were stopped: 0.0000854 seconds, Stopping threads took: 0.0000170 seconds
[2019-12-08T10:35:53.769+0000][1][safepoint    ] Application time: 0.0085581 seconds
[2019-12-08T10:35:53.769+0000][1][safepoint    ] Entering safepoint region: RevokeBias
[2019-12-08T10:35:53.769+0000][1][safepoint    ] Leaving safepoint region
[2019-12-08T10:35:53.769+0000][1][safepoint    ] Total time for which application threads were stopped: 0.0001214 seconds, Stopping threads took: 0.0000133 seconds
[2019-12-08T10:35:53.770+0000][1][safepoint    ] Application time: 0.0003777 seconds
[2019-12-08T10:35:53.770+0000][1][safepoint    ] Entering safepoint region: RevokeBias
[2019-12-08T10:35:53.770+0000][1][safepoint    ] Leaving safepoint region
[2019-12-08T10:35:53.770+0000][1][safepoint    ] Total time for which application threads were stopped: 0.0000736 seconds, Stopping threads took: 0.0000117 seconds
[2019-12-08T10:35:53.772+0000][1][safepoint    ] Application time: 0.0020437 seconds
[2019-12-08T10:35:53.772+0000][1][safepoint    ] Entering safepoint region: RevokeBias
[2019-12-08T10:35:53.772+0000][1][safepoint    ] Leaving safepoint region
[2019-12-08T10:35:53.772+0000][1][safepoint    ] Total time for which application threads were stopped: 0.0001051 seconds, Stopping threads took: 0.0000424 seconds
[2019-12-08T10:35:53.774+0000][1][safepoint    ] Application time: 0.0016970 seconds
[2019-12-08T10:35:53.776+0000][1][safepoint    ] Entering safepoint region: RevokeBias
[2019-12-08T10:35:53.776+0000][1][safepoint    ] Leaving safepoint region
[2019-12-08T10:35:53.776+0000][1][safepoint    ] Total time for which application threads were stopped: 0.0021928 seconds, Stopping threads took: 0.0017999 seconds
[2019-12-08T10:35:53.793+0000][1][safepoint    ] Application time: 0.0168282 seconds
[2019-12-08T10:35:53.793+0000][1][safepoint    ] Entering safepoint region: RevokeBias
[2019-12-08T10:35:53.793+0000][1][safepoint    ] Leaving safepoint region
[2019-12-08T10:35:53.793+0000][1][safepoint    ] Total time for which application threads were stopped: 0.0000660 seconds, Stopping threads took: 0.0000136 seconds
[2019-12-08T10:35:53.794+0000][1][safepoint    ] Application time: 0.0014352 seconds
[2019-12-08T10:35:53.799+0000][1][safepoint    ] Entering safepoint region: RevokeBias
[2019-12-08T10:35:53.799+0000][1][safepoint    ] Leaving safepoint region
[2019-12-08T10:35:53.799+0000][1][safepoint    ] Total time for which application threads were stopped: 0.0043416 seconds, Stopping threads took: 0.0042812 seconds
[2019-12-08T10:35:53.804+0000][1][safepoint    ] Application time: 0.0053307 seconds
[2019-12-08T10:35:53.804+0000][1][safepoint    ] Entering safepoint region: RevokeBias
[2019-12-08T10:35:53.804+0000][1][safepoint    ] Leaving safepoint region
[2019-12-08T10:35:53.804+0000][1][safepoint    ] Total time for which application threads were stopped: 0.0000627 seconds, Stopping threads took: 0.0000124 seconds
[2019-12-08T10:35:53.804+0000][1][safepoint    ] Application time: 0.0001991 seconds
[2019-12-08T10:35:53.804+0000][1][safepoint    ] Entering safepoint region: RevokeBias
[2019-12-08T10:35:53.804+0000][1][safepoint    ] Leaving safepoint region
[2019-12-08T10:35:53.804+0000][1][safepoint    ] Total time for which application threads were stopped: 0.0000506 seconds, Stopping threads took: 0.0000095 seconds
[2019-12-08T10:35:53.813+0000][1][safepoint    ] Application time: 0.0086586 seconds
[2019-12-08T10:35:53.813+0000][1][safepoint    ] Entering safepoint region: RevokeBias
[2019-12-08T10:35:53.813+0000][1][safepoint    ] Leaving safepoint region
[2019-12-08T10:35:53.813+0000][1][safepoint    ] Total time for which application threads were stopped: 0.0001054 seconds, Stopping threads took: 0.0000434 seconds
[2019-12-08T10:35:53.814+0000][1][safepoint    ] Application time: 0.0002663 seconds
[2019-12-08T10:35:53.814+0000][1][safepoint    ] Entering safepoint region: RevokeBias
[2019-12-08T10:35:53.814+0000][1][safepoint    ] Leaving safepoint region
[2019-12-08T10:35:53.814+0000][1][safepoint    ] Total time for which application threads were stopped: 0.0000635 seconds, Stopping threads took: 0.0000116 seconds
[2019-12-08T10:35:53.814+0000][1][safepoint    ] Application time: 0.0000852 seconds
[2019-12-08T10:35:53.814+0000][1][safepoint    ] Entering safepoint region: RevokeBias
[2019-12-08T10:35:53.814+0000][1][safepoint    ] Leaving safepoint region
[2019-12-08T10:35:53.814+0000][1][safepoint    ] Total time for which application threads were stopped: 0.0000795 seconds, Stopping threads took: 0.0000322 seconds
[2019-12-08T10:35:53.814+0000][1][safepoint    ] Application time: 0.0001867 seconds
[2019-12-08T10:35:53.814+0000][1][safepoint    ] Entering safepoint region: RevokeBias
[2019-12-08T10:35:53.814+0000][1][safepoint    ] Leaving safepoint region
[2019-12-08T10:35:53.814+0000][1][safepoint    ] Total time for which application threads were stopped: 0.0000617 seconds, Stopping threads took: 0.0000115 seconds
[2019-12-08T10:35:53.816+0000][1][safepoint    ] Application time: 0.0014417 seconds
[2019-12-08T10:35:53.816+0000][1][safepoint    ] Entering safepoint region: RevokeBias
[2019-12-08T10:35:53.816+0000][1][safepoint    ] Leaving safepoint region
[2019-12-08T10:35:53.816+0000][1][safepoint    ] Total time for which application threads were stopped: 0.0000658 seconds, Stopping threads took: 0.0000125 seconds
[2019-12-08T10:35:53.816+0000][1][safepoint    ] Application time: 0.0003191 seconds
[2019-12-08T10:35:53.816+0000][1][safepoint    ] Entering safepoint region: RevokeBias
[2019-12-08T10:35:53.816+0000][1][safepoint    ] Leaving safepoint region
[2019-12-08T10:35:53.816+0000][1][safepoint    ] Total time for which application threads were stopped: 0.0000659 seconds, Stopping threads took: 0.0000118 seconds
[2019-12-08T10:35:53.822+0000][1][safepoint    ] Application time: 0.0055937 seconds
[2019-12-08T10:35:53.822+0000][1][safepoint    ] Entering safepoint region: RevokeBias
[2019-12-08T10:35:53.822+0000][1][safepoint    ] Leaving safepoint region
[2019-12-08T10:35:53.822+0000][1][safepoint    ] Total time for which application threads were stopped: 0.0000942 seconds, Stopping threads took: 0.0000129 seconds
[2019-12-08T10:35:53.822+0000][1][safepoint    ] Application time: 0.0000606 seconds
[2019-12-08T10:35:53.822+0000][1][safepoint    ] Entering safepoint region: RevokeBias
[2019-12-08T10:35:53.822+0000][1][safepoint    ] Leaving safepoint region
[2019-12-08T10:35:53.822+0000][1][safepoint    ] Total time for which application threads were stopped: 0.0000603 seconds, Stopping threads took: 0.0000088 seconds
[2019-12-08T10:35:53.826+0000][1][safepoint    ] Application time: 0.0038279 seconds
[2019-12-08T10:35:53.826+0000][1][safepoint    ] Entering safepoint region: RevokeBias
[2019-12-08T10:35:53.826+0000][1][safepoint    ] Leaving safepoint region
[2019-12-08T10:35:53.826+0000][1][safepoint    ] Total time for which application threads were stopped: 0.0002197 seconds, Stopping threads took: 0.0001682 seconds
[2019-12-08T10:35:53.880+0000][1][safepoint    ] Application time: 0.0542450 seconds
[2019-12-08T10:35:53.880+0000][1][safepoint    ] Entering safepoint region: Deoptimize
[2019-12-08T10:35:53.881+0000][1][safepoint    ] Leaving safepoint region
[2019-12-08T10:35:53.881+0000][1][safepoint    ] Total time for which application threads were stopped: 0.0005803 seconds, Stopping threads took: 0.0000132 seconds
[2019-12-08T10:35:53.954+0000][1][safepoint    ] Application time: 0.0736451 seconds
[2019-12-08T10:35:53.955+0000][1][safepoint    ] Entering safepoint region: RevokeBias
[2019-12-08T10:35:53.955+0000][1][safepoint    ] Leaving safepoint region
[2019-12-08T10:35:53.955+0000][1][safepoint    ] Total time for which application threads were stopped: 0.0001248 seconds, Stopping threads took: 0.0000188 seconds
[2019-12-08T10:35:53.955+0000][1][safepoint    ] Application time: 0.0000683 seconds
[2019-12-08T10:35:53.955+0000][1][safepoint    ] Entering safepoint region: RevokeBias
[2019-12-08T10:35:53.955+0000][1][safepoint    ] Leaving safepoint region
[2019-12-08T10:35:53.955+0000][1][safepoint    ] Total time for which application threads were stopped: 0.0000682 seconds, Stopping threads took: 0.0000107 seconds
[2019-12-08T10:35:53.964+0000][1][safepoint    ] Application time: 0.0095110 seconds
[2019-12-08T10:35:53.964+0000][1][safepoint    ] Entering safepoint region: RevokeBias
[2019-12-08T10:35:53.964+0000][1][safepoint    ] Leaving safepoint region
[2019-12-08T10:35:53.964+0000][1][safepoint    ] Total time for which application threads were stopped: 0.0000827 seconds, Stopping threads took: 0.0000156 seconds
[2019-12-08T10:35:53.965+0000][1][safepoint    ] Application time: 0.0003065 seconds
[2019-12-08T10:35:53.965+0000][1][safepoint    ] Entering safepoint region: BulkRevokeBias
[2019-12-08T10:35:53.965+0000][1][safepoint    ] Leaving safepoint region
[2019-12-08T10:35:53.965+0000][1][safepoint    ] Total time for which application threads were stopped: 0.0004117 seconds, Stopping threads took: 0.0000556 seconds
[2019-12-08T10:35:53.965+0000][1][safepoint    ] Application time: 0.0000734 seconds
[2019-12-08T10:35:53.965+0000][1][safepoint    ] Entering safepoint region: BulkRevokeBias
[2019-12-08T10:35:53.966+0000][1][safepoint    ] Leaving safepoint region
[2019-12-08T10:35:53.966+0000][1][safepoint    ] Total time for which application threads were stopped: 0.0003535 seconds, Stopping threads took: 0.0000395 seconds
[2019-12-08T10:35:53.966+0000][1][safepoint    ] Application time: 0.0002572 seconds
[2019-12-08T10:35:53.966+0000][1][safepoint    ] Entering safepoint region: RevokeBias
[2019-12-08T10:35:53.966+0000][1][safepoint    ] Leaving safepoint region
[2019-12-08T10:35:53.966+0000][1][safepoint    ] Total time for which application threads were stopped: 0.0000672 seconds, Stopping threads took: 0.0000123 seconds
[2019-12-08T10:35:53.968+0000][1][safepoint    ] Application time: 0.0023715 seconds
[2019-12-08T10:35:53.968+0000][1][safepoint    ] Entering safepoint region: RevokeBias
[2019-12-08T10:35:53.968+0000][1][safepoint    ] Leaving safepoint region
[2019-12-08T10:35:53.968+0000][1][safepoint    ] Total time for which application threads were stopped: 0.0000697 seconds, Stopping threads took: 0.0000136 seconds
[2019-12-08T10:35:53.968+0000][1][safepoint    ] Application time: 0.0000644 seconds
[2019-12-08T10:35:53.969+0000][1][safepoint    ] Entering safepoint region: RevokeBias
[2019-12-08T10:35:53.969+0000][1][safepoint    ] Leaving safepoint region
[2019-12-08T10:35:53.969+0000][1][safepoint    ] Total time for which application threads were stopped: 0.0000495 seconds, Stopping threads took: 0.0000086 seconds
[2019-12-08T10:35:53.999+0000][1][safepoint    ] Application time: 0.0302857 seconds
[2019-12-08T10:35:53.999+0000][1][safepoint    ] Entering safepoint region: RevokeBias
[2019-12-08T10:35:53.999+0000][1][safepoint    ] Leaving safepoint region
[2019-12-08T10:35:53.999+0000][1][safepoint    ] Total time for which application threads were stopped: 0.0000927 seconds, Stopping threads took: 0.0000134 seconds
[2019-12-08T10:35:53.999+0000][1][safepoint    ] Application time: 0.0000876 seconds
[2019-12-08T10:35:53.999+0000][1][safepoint    ] Entering safepoint region: RevokeBias
[2019-12-08T10:35:53.999+0000][1][safepoint    ] Leaving safepoint region
[2019-12-08T10:35:53.999+0000][1][safepoint    ] Total time for which application threads were stopped: 0.0000475 seconds, Stopping threads took: 0.0000080 seconds
[2019-12-08T10:35:54.000+0000][1][safepoint    ] Application time: 0.0005394 seconds
[2019-12-08T10:35:54.000+0000][1][safepoint    ] Entering safepoint region: RevokeBias
[2019-12-08T10:35:54.000+0000][1][safepoint    ] Leaving safepoint region
[2019-12-08T10:35:54.000+0000][1][safepoint    ] Total time for which application threads were stopped: 0.0000939 seconds, Stopping threads took: 0.0000330 seconds
[2019-12-08T10:35:54.000+0000][1][safepoint    ] Application time: 0.0002440 seconds
[2019-12-08T10:35:54.001+0000][1][safepoint    ] Entering safepoint region: RevokeBias
[2019-12-08T10:35:54.001+0000][1][safepoint    ] Leaving safepoint region
[2019-12-08T10:35:54.001+0000][1][safepoint    ] Total time for which application threads were stopped: 0.0007300 seconds, Stopping threads took: 0.0006846 seconds
[2019-12-08T10:35:54.001+0000][1][safepoint    ] Application time: 0.0000676 seconds
[2019-12-08T10:35:54.001+0000][1][safepoint    ] Entering safepoint region: RevokeBias
[2019-12-08T10:35:54.001+0000][1][safepoint    ] Leaving safepoint region
[2019-12-08T10:35:54.001+0000][1][safepoint    ] Total time for which application threads were stopped: 0.0000484 seconds, Stopping threads took: 0.0000090 seconds
[2019-12-08T10:35:54.001+0000][1][safepoint    ] Application time: 0.0000420 seconds
[2019-12-08T10:35:54.001+0000][1][safepoint    ] Entering safepoint region: RevokeBias
[2019-12-08T10:35:54.001+0000][1][safepoint    ] Leaving safepoint region
[2019-12-08T10:35:54.001+0000][1][safepoint    ] Total time for which application threads were stopped: 0.0000626 seconds, Stopping threads took: 0.0000343 seconds
[2019-12-08T10:35:54.001+0000][1][safepoint    ] Application time: 0.0000540 seconds
[2019-12-08T10:35:54.001+0000][1][safepoint    ] Entering safepoint region: RevokeBias
[2019-12-08T10:35:54.001+0000][1][safepoint    ] Leaving safepoint region
[2019-12-08T10:35:54.001+0000][1][safepoint    ] Total time for which application threads were stopped: 0.0000455 seconds, Stopping threads took: 0.0000082 seconds
[2019-12-08T10:35:54.001+0000][1][safepoint    ] Application time: 0.0000539 seconds
[2019-12-08T10:35:54.001+0000][1][safepoint    ] Entering safepoint region: RevokeBias
[2019-12-08T10:35:54.001+0000][1][safepoint    ] Leaving safepoint region
[2019-12-08T10:35:54.001+0000][1][safepoint    ] Total time for which application threads were stopped: 0.0000436 seconds, Stopping threads took: 0.0000085 seconds
[2019-12-08T10:35:54.001+0000][1][safepoint    ] Application time: 0.0000571 seconds
[2019-12-08T10:35:54.001+0000][1][safepoint    ] Entering safepoint region: RevokeBias
[2019-12-08T10:35:54.001+0000][1][safepoint    ] Leaving safepoint region
[2019-12-08T10:35:54.001+0000][1][safepoint    ] Total time for which application threads were stopped: 0.0000465 seconds, Stopping threads took: 0.0000081 seconds
[2019-12-08T10:35:54.001+0000][1][safepoint    ] Application time: 0.0000642 seconds
[2019-12-08T10:35:54.001+0000][1][safepoint    ] Entering safepoint region: RevokeBias
[2019-12-08T10:35:54.001+0000][1][safepoint    ] Leaving safepoint region
[2019-12-08T10:35:54.001+0000][1][safepoint    ] Total time for which application threads were stopped: 0.0000454 seconds, Stopping threads took: 0.0000077 seconds
[2019-12-08T10:35:54.002+0000][1][safepoint    ] Application time: 0.0000455 seconds
[2019-12-08T10:35:54.002+0000][1][safepoint    ] Entering safepoint region: RevokeBias
[2019-12-08T10:35:54.002+0000][1][safepoint    ] Leaving safepoint region
[2019-12-08T10:35:54.002+0000][1][safepoint    ] Total time for which application threads were stopped: 0.0000842 seconds, Stopping threads took: 0.0000534 seconds
[2019-12-08T10:35:54.286+0000][1][safepoint    ] Application time: 0.2847266 seconds
[2019-12-08T10:35:54.286+0000][1][safepoint    ] Entering safepoint region: RevokeBias
[2019-12-08T10:35:54.286+0000][1][safepoint    ] Leaving safepoint region
[2019-12-08T10:35:54.286+0000][1][safepoint    ] Total time for which application threads were stopped: 0.0000908 seconds, Stopping threads took: 0.0000186 seconds
[2019-12-08T10:35:54.287+0000][1][safepoint    ] Application time: 0.0002674 seconds
[2019-12-08T10:35:54.287+0000][1][safepoint    ] Entering safepoint region: RevokeBias
[2019-12-08T10:35:54.287+0000][1][safepoint    ] Leaving safepoint region
[2019-12-08T10:35:54.287+0000][1][safepoint    ] Total time for which application threads were stopped: 0.0000346 seconds, Stopping threads took: 0.0000059 seconds
[2019-12-08T10:35:54.293+0000][1][safepoint    ] Application time: 0.0065988 seconds
[2019-12-08T10:35:54.293+0000][1][safepoint    ] Entering safepoint region: RevokeBias
[2019-12-08T10:35:54.294+0000][1][safepoint    ] Leaving safepoint region
[2019-12-08T10:35:54.294+0000][1][safepoint    ] Total time for which application threads were stopped: 0.0001095 seconds, Stopping threads took: 0.0000483 seconds
[2019-12-08T10:35:54.294+0000][1][safepoint    ] Application time: 0.0000635 seconds
[2019-12-08T10:35:54.294+0000][1][safepoint    ] Entering safepoint region: RevokeBias
[2019-12-08T10:35:54.294+0000][1][safepoint    ] Leaving safepoint region
[2019-12-08T10:35:54.294+0000][1][safepoint    ] Total time for which application threads were stopped: 0.0000927 seconds, Stopping threads took: 0.0000507 seconds
[2019-12-08T10:35:54.294+0000][1][safepoint    ] Application time: 0.0000550 seconds
[2019-12-08T10:35:54.294+0000][1][safepoint    ] Entering safepoint region: RevokeBias
[2019-12-08T10:35:54.294+0000][1][safepoint    ] Leaving safepoint region
[2019-12-08T10:35:54.294+0000][1][safepoint    ] Total time for which application threads were stopped: 0.0000476 seconds, Stopping threads took: 0.0000082 seconds
[2019-12-08T10:35:54.294+0000][1][safepoint    ] Application time: 0.0000504 seconds
[2019-12-08T10:35:54.294+0000][1][safepoint    ] Entering safepoint region: RevokeBias
[2019-12-08T10:35:54.294+0000][1][safepoint    ] Leaving safepoint region
[2019-12-08T10:35:54.294+0000][1][safepoint    ] Total time for which application threads were stopped: 0.0000829 seconds, Stopping threads took: 0.0000294 seconds
[2019-12-08T10:35:54.294+0000][1][safepoint    ] Application time: 0.0000615 seconds
[2019-12-08T10:35:54.294+0000][1][safepoint    ] Entering safepoint region: RevokeBias
[2019-12-08T10:35:54.294+0000][1][safepoint    ] Leaving safepoint region
[2019-12-08T10:35:54.294+0000][1][safepoint    ] Total time for which application threads were stopped: 0.0000788 seconds, Stopping threads took: 0.0000494 seconds
[2019-12-08T10:35:54.294+0000][1][safepoint    ] Application time: 0.0000608 seconds
[2019-12-08T10:35:54.294+0000][1][safepoint    ] Entering safepoint region: RevokeBias
[2019-12-08T10:35:54.294+0000][1][safepoint    ] Leaving safepoint region
[2019-12-08T10:35:54.294+0000][1][safepoint    ] Total time for which application threads were stopped: 0.0000714 seconds, Stopping threads took: 0.0000435 seconds
[2019-12-08T10:35:54.294+0000][1][safepoint    ] Application time: 0.0000630 seconds
[2019-12-08T10:35:54.294+0000][1][safepoint    ] Entering safepoint region: RevokeBias
[2019-12-08T10:35:54.294+0000][1][safepoint    ] Leaving safepoint region
[2019-12-08T10:35:54.294+0000][1][safepoint    ] Total time for which application threads were stopped: 0.0000782 seconds, Stopping threads took: 0.0000505 seconds
[2019-12-08T10:35:54.297+0000][1][safepoint    ] Application time: 0.0023186 seconds
[2019-12-08T10:35:54.297+0000][1][safepoint    ] Entering safepoint region: RevokeBias
[2019-12-08T10:35:54.297+0000][1][safepoint    ] Leaving safepoint region
[2019-12-08T10:35:54.297+0000][1][safepoint    ] Total time for which application threads were stopped: 0.0000858 seconds, Stopping threads took: 0.0000485 seconds
[2019-12-08T10:35:54.309+0000][1][safepoint    ] Application time: 0.0118384 seconds
[2019-12-08T10:35:54.309+0000][1][safepoint    ] Entering safepoint region: RevokeBias
[2019-12-08T10:35:54.309+0000][1][safepoint    ] Leaving safepoint region
[2019-12-08T10:35:54.309+0000][1][safepoint    ] Total time for which application threads were stopped: 0.0000524 seconds, Stopping threads took: 0.0000103 seconds
[2019-12-08T10:35:54.313+0000][1][safepoint    ] Application time: 0.0039371 seconds
[2019-12-08T10:35:54.313+0000][1][safepoint    ] Entering safepoint region: RevokeBias
[2019-12-08T10:35:54.313+0000][1][safepoint    ] Leaving safepoint region
[2019-12-08T10:35:54.313+0000][1][safepoint    ] Total time for which application threads were stopped: 0.0000564 seconds, Stopping threads took: 0.0000091 seconds
[2019-12-08T10:35:54.313+0000][1][safepoint    ] Application time: 0.0000502 seconds
[2019-12-08T10:35:54.313+0000][1][safepoint    ] Entering safepoint region: RevokeBias
[2019-12-08T10:35:54.313+0000][1][safepoint    ] Leaving safepoint region
[2019-12-08T10:35:54.313+0000][1][safepoint    ] Total time for which application threads were stopped: 0.0000345 seconds, Stopping threads took: 0.0000054 seconds
[2019-12-08T10:35:54.313+0000][1][safepoint    ] Application time: 0.0000617 seconds
[2019-12-08T10:35:54.313+0000][1][safepoint    ] Entering safepoint region: RevokeBias
[2019-12-08T10:35:54.313+0000][1][safepoint    ] Leaving safepoint region
[2019-12-08T10:35:54.313+0000][1][safepoint    ] Total time for which application threads were stopped: 0.0000377 seconds, Stopping threads took: 0.0000056 seconds
[2019-12-08T10:35:54.314+0000][1][safepoint    ] Application time: 0.0008738 seconds
[2019-12-08T10:35:54.314+0000][1][safepoint    ] Entering safepoint region: RevokeBias
[2019-12-08T10:35:54.314+0000][1][safepoint    ] Leaving safepoint region
[2019-12-08T10:35:54.314+0000][1][safepoint    ] Total time for which application threads were stopped: 0.0001380 seconds, Stopping threads took: 0.0000800 seconds
[2019-12-08T10:35:54.314+0000][1][safepoint    ] Application time: 0.0001360 seconds
[2019-12-08T10:35:54.314+0000][1][safepoint    ] Entering safepoint region: RevokeBias
[2019-12-08T10:35:54.314+0000][1][safepoint    ] Leaving safepoint region
[2019-12-08T10:35:54.314+0000][1][safepoint    ] Total time for which application threads were stopped: 0.0000317 seconds, Stopping threads took: 0.0000057 seconds
[2019-12-08T10:35:54.322+0000][1][safepoint    ] Application time: 0.0074527 seconds
[2019-12-08T10:35:54.322+0000][1][safepoint    ] Entering safepoint region: RevokeBias
[2019-12-08T10:35:54.322+0000][1][safepoint    ] Leaving safepoint region
[2019-12-08T10:35:54.322+0000][1][safepoint    ] Total time for which application threads were stopped: 0.0000842 seconds, Stopping threads took: 0.0000141 seconds
[2019-12-08T10:35:54.323+0000][1][safepoint    ] Application time: 0.0009016 seconds
[2019-12-08T10:35:54.323+0000][1][safepoint    ] Entering safepoint region: RevokeBias
[2019-12-08T10:35:54.323+0000][1][safepoint    ] Leaving safepoint region
[2019-12-08T10:35:54.323+0000][1][safepoint    ] Total time for which application threads were stopped: 0.0000679 seconds, Stopping threads took: 0.0000132 seconds
[2019-12-08T10:35:54.342+0000][1][safepoint    ] Application time: 0.0189990 seconds
[2019-12-08T10:35:54.342+0000][1][safepoint    ] Entering safepoint region: RevokeBias
[2019-12-08T10:35:54.342+0000][1][safepoint    ] Leaving safepoint region
[2019-12-08T10:35:54.342+0000][1][safepoint    ] Total time for which application threads were stopped: 0.0001075 seconds, Stopping threads took: 0.0000670 seconds
[2019-12-08T10:35:55.342+0000][1][safepoint    ] Application time: 1.0000881 seconds
[2019-12-08T10:35:55.342+0000][1][safepoint    ] Entering safepoint region: Cleanup
[2019-12-08T10:35:55.342+0000][1][safepoint    ] Leaving safepoint region
[2019-12-08T10:35:55.342+0000][1][safepoint    ] Total time for which application threads were stopped: 0.0000690 seconds, Stopping threads took: 0.0000160 seconds
[2019-12-08T10:35:56.342+0000][1][safepoint    ] Application time: 1.0000762 seconds
[2019-12-08T10:35:56.342+0000][1][safepoint    ] Entering safepoint region: Cleanup
[2019-12-08T10:35:56.342+0000][1][safepoint    ] Leaving safepoint region
[2019-12-08T10:35:56.342+0000][1][safepoint    ] Total time for which application threads were stopped: 0.0000792 seconds, Stopping threads took: 0.0000188 seconds
[2019-12-08T10:35:57.342+0000][1][safepoint    ] Application time: 1.0000760 seconds
[2019-12-08T10:35:57.342+0000][1][safepoint    ] Entering safepoint region: Cleanup
[2019-12-08T10:35:57.342+0000][1][safepoint    ] Leaving safepoint region
[2019-12-08T10:35:57.342+0000][1][safepoint    ] Total time for which application threads were stopped: 0.0000672 seconds, Stopping threads took: 0.0000164 seconds
[2019-12-08T10:35:58.343+0000][1][safepoint    ] Application time: 1.0000734 seconds
[2019-12-08T10:35:58.343+0000][1][safepoint    ] Entering safepoint region: Cleanup
[2019-12-08T10:35:58.343+0000][1][safepoint    ] Leaving safepoint region
[2019-12-08T10:35:58.343+0000][1][safepoint    ] Total time for which application threads were stopped: 0.0000810 seconds, Stopping threads took: 0.0000162 seconds
[2019-12-08T10:36:00.343+0000][1][safepoint    ] Application time: 2.0001426 seconds
[2019-12-08T10:36:00.343+0000][1][safepoint    ] Entering safepoint region: Cleanup
[2019-12-08T10:36:00.343+0000][1][safepoint    ] Leaving safepoint region
[2019-12-08T10:36:00.343+0000][1][safepoint    ] Total time for which application threads were stopped: 0.0000837 seconds, Stopping threads took: 0.0000247 seconds
[2019-12-08T10:36:01.343+0000][1][safepoint    ] Application time: 1.0000775 seconds
[2019-12-08T10:36:01.343+0000][1][safepoint    ] Entering safepoint region: Cleanup
[2019-12-08T10:36:01.343+0000][1][safepoint    ] Leaving safepoint region
[2019-12-08T10:36:01.343+0000][1][safepoint    ] Total time for which application threads were stopped: 0.0000798 seconds, Stopping threads took: 0.0000175 seconds
[2019-12-08T10:36:02.343+0000][1][safepoint    ] Application time: 1.0000754 seconds
[2019-12-08T10:36:02.343+0000][1][safepoint    ] Entering safepoint region: Cleanup
[2019-12-08T10:36:02.343+0000][1][safepoint    ] Leaving safepoint region
[2019-12-08T10:36:02.343+0000][1][safepoint    ] Total time for which application threads were stopped: 0.0000794 seconds, Stopping threads took: 0.0000183 seconds
[2019-12-08T10:36:03.343+0000][1][safepoint    ] Application time: 1.0000803 seconds
[2019-12-08T10:36:03.343+0000][1][safepoint    ] Entering safepoint region: Cleanup
[2019-12-08T10:36:03.344+0000][1][safepoint    ] Leaving safepoint region
[2019-12-08T10:36:03.344+0000][1][safepoint    ] Total time for which application threads were stopped: 0.0001003 seconds, Stopping threads took: 0.0000456 seconds
[2019-12-08T10:36:04.344+0000][1][safepoint    ] Application time: 1.0000861 seconds
[2019-12-08T10:36:04.344+0000][1][safepoint    ] Entering safepoint region: Cleanup
[2019-12-08T10:36:04.344+0000][1][safepoint    ] Leaving safepoint region
[2019-12-08T10:36:04.344+0000][1][safepoint    ] Total time for which application threads were stopped: 0.0000938 seconds, Stopping threads took: 0.0000193 seconds
[2019-12-08T10:36:06.344+0000][1][safepoint    ] Application time: 2.0004855 seconds
[2019-12-08T10:36:06.344+0000][1][safepoint    ] Entering safepoint region: Cleanup
[2019-12-08T10:36:06.344+0000][1][safepoint    ] Leaving safepoint region
[2019-12-08T10:36:06.344+0000][1][safepoint    ] Total time for which application threads were stopped: 0.0001041 seconds, Stopping threads took: 0.0000230 seconds
[2019-12-08T10:36:09.345+0000][1][safepoint    ] Application time: 3.0002193 seconds
[2019-12-08T10:36:09.345+0000][1][safepoint    ] Entering safepoint region: Cleanup
[2019-12-08T10:36:09.345+0000][1][safepoint    ] Leaving safepoint region
[2019-12-08T10:36:09.345+0000][1][safepoint    ] Total time for which application threads were stopped: 0.0000740 seconds, Stopping threads took: 0.0000159 seconds
[2019-12-08T10:36:10.345+0000][1][safepoint    ] Application time: 1.0000792 seconds
[2019-12-08T10:36:10.345+0000][1][safepoint    ] Entering safepoint region: Cleanup
[2019-12-08T10:36:10.345+0000][1][safepoint    ] Leaving safepoint region
[2019-12-08T10:36:10.345+0000][1][safepoint    ] Total time for which application threads were stopped: 0.0000801 seconds, Stopping threads took: 0.0000171 seconds
[2019-12-08T10:36:11.345+0000][1][safepoint    ] Application time: 1.0000725 seconds
[2019-12-08T10:36:11.345+0000][1][safepoint    ] Entering safepoint region: Cleanup
[2019-12-08T10:36:11.345+0000][1][safepoint    ] Leaving safepoint region
[2019-12-08T10:36:11.345+0000][1][safepoint    ] Total time for which application threads were stopped: 0.0000729 seconds, Stopping threads took: 0.0000158 seconds
[2019-12-08T10:36:12.345+0000][1][safepoint    ] Application time: 1.0000771 seconds
[2019-12-08T10:36:12.345+0000][1][safepoint    ] Entering safepoint region: Cleanup
[2019-12-08T10:36:12.345+0000][1][safepoint    ] Leaving safepoint region
[2019-12-08T10:36:12.345+0000][1][safepoint    ] Total time for which application threads were stopped: 0.0000801 seconds, Stopping threads took: 0.0000172 seconds
[2019-12-08T10:36:15.345+0000][1][safepoint    ] Application time: 3.0002076 seconds
[2019-12-08T10:36:15.345+0000][1][safepoint    ] Entering safepoint region: Cleanup
[2019-12-08T10:36:15.346+0000][1][safepoint    ] Leaving safepoint region
[2019-12-08T10:36:15.346+0000][1][safepoint    ] Total time for which application threads were stopped: 0.0000778 seconds, Stopping threads took: 0.0000161 seconds
[2019-12-08T10:36:16.346+0000][1][safepoint    ] Application time: 1.0000754 seconds
[2019-12-08T10:36:16.346+0000][1][safepoint    ] Entering safepoint region: Cleanup
[2019-12-08T10:36:16.346+0000][1][safepoint    ] Leaving safepoint region
[2019-12-08T10:36:16.346+0000][1][safepoint    ] Total time for which application threads were stopped: 0.0000888 seconds, Stopping threads took: 0.0000177 seconds
[2019-12-08T10:36:18.346+0000][1][safepoint    ] Application time: 2.0001377 seconds
[2019-12-08T10:36:18.346+0000][1][safepoint    ] Entering safepoint region: Cleanup
[2019-12-08T10:36:18.346+0000][1][safepoint    ] Leaving safepoint region
[2019-12-08T10:36:18.346+0000][1][safepoint    ] Total time for which application threads were stopped: 0.0000744 seconds, Stopping threads took: 0.0000154 seconds
[2019-12-08T10:36:20.346+0000][1][safepoint    ] Application time: 2.0001297 seconds
[2019-12-08T10:36:20.346+0000][1][safepoint    ] Entering safepoint region: Cleanup
[2019-12-08T10:36:20.346+0000][1][safepoint    ] Leaving safepoint region
[2019-12-08T10:36:20.346+0000][1][safepoint    ] Total time for which application threads were stopped: 0.0001210 seconds, Stopping threads took: 0.0000312 seconds
[2019-12-08T10:36:22.346+0000][1][safepoint    ] Application time: 2.0001444 seconds
[2019-12-08T10:36:22.346+0000][1][safepoint    ] Entering safepoint region: Cleanup
[2019-12-08T10:36:22.347+0000][1][safepoint    ] Leaving safepoint region
[2019-12-08T10:36:22.347+0000][1][safepoint    ] Total time for which application threads were stopped: 0.0000826 seconds, Stopping threads took: 0.0000181 seconds
[2019-12-08T10:36:23.348+0000][1][safepoint    ] Application time: 1.0011798 seconds
[2019-12-08T10:36:23.348+0000][1][safepoint    ] Entering safepoint region: Cleanup
[2019-12-08T10:36:23.348+0000][1][safepoint    ] Leaving safepoint region
[2019-12-08T10:36:23.348+0000][1][safepoint    ] Total time for which application threads were stopped: 0.0000965 seconds, Stopping threads took: 0.0000210 seconds
[2019-12-08T10:36:24.348+0000][1][safepoint    ] Application time: 1.0000751 seconds
[2019-12-08T10:36:24.348+0000][1][safepoint    ] Entering safepoint region: Cleanup
[2019-12-08T10:36:24.348+0000][1][safepoint    ] Leaving safepoint region
[2019-12-08T10:36:24.348+0000][1][safepoint    ] Total time for which application threads were stopped: 0.0000775 seconds, Stopping threads took: 0.0000169 seconds
[2019-12-08T10:36:25.348+0000][1][safepoint    ] Application time: 1.0000747 seconds
[2019-12-08T10:36:25.348+0000][1][safepoint    ] Entering safepoint region: Cleanup
[2019-12-08T10:36:25.348+0000][1][safepoint    ] Leaving safepoint region
[2019-12-08T10:36:25.348+0000][1][safepoint    ] Total time for which application threads were stopped: 0.0000774 seconds, Stopping threads took: 0.0000162 seconds
[2019-12-08T10:36:26.348+0000][1][safepoint    ] Application time: 1.0000780 seconds
[2019-12-08T10:36:26.348+0000][1][safepoint    ] Entering safepoint region: Cleanup
[2019-12-08T10:36:26.348+0000][1][safepoint    ] Leaving safepoint region
[2019-12-08T10:36:26.348+0000][1][safepoint    ] Total time for which application threads were stopped: 0.0000831 seconds, Stopping threads took: 0.0000176 seconds
[2019-12-08T10:36:28.349+0000][1][safepoint    ] Application time: 2.0001442 seconds
[2019-12-08T10:36:28.349+0000][1][safepoint    ] Entering safepoint region: Cleanup
[2019-12-08T10:36:28.349+0000][1][safepoint    ] Leaving safepoint region
[2019-12-08T10:36:28.349+0000][1][safepoint    ] Total time for which application threads were stopped: 0.0000814 seconds, Stopping threads took: 0.0000173 seconds
[2019-12-08T10:36:29.349+0000][1][safepoint    ] Application time: 1.0000837 seconds
[2019-12-08T10:36:29.349+0000][1][safepoint    ] Entering safepoint region: Cleanup
[2019-12-08T10:36:29.349+0000][1][safepoint    ] Leaving safepoint region
[2019-12-08T10:36:29.349+0000][1][safepoint    ] Total time for which application threads were stopped: 0.0000819 seconds, Stopping threads took: 0.0000171 seconds
[2019-12-08T10:36:30.349+0000][1][safepoint    ] Application time: 1.0000724 seconds
[2019-12-08T10:36:30.349+0000][1][safepoint    ] Entering safepoint region: Cleanup
[2019-12-08T10:36:30.349+0000][1][safepoint    ] Leaving safepoint region
[2019-12-08T10:36:30.349+0000][1][safepoint    ] Total time for which application threads were stopped: 0.0000814 seconds, Stopping threads took: 0.0000173 seconds
[2019-12-08T10:36:32.349+0000][1][safepoint    ] Application time: 2.0001413 seconds
[2019-12-08T10:36:32.349+0000][1][safepoint    ] Entering safepoint region: Cleanup
[2019-12-08T10:36:32.349+0000][1][safepoint    ] Leaving safepoint region
[2019-12-08T10:36:32.349+0000][1][safepoint    ] Total time for which application threads were stopped: 0.0000817 seconds, Stopping threads took: 0.0000181 seconds
[2019-12-08T10:36:33.349+0000][1][safepoint    ] Application time: 1.0000746 seconds
[2019-12-08T10:36:33.349+0000][1][safepoint    ] Entering safepoint region: Cleanup
[2019-12-08T10:36:33.350+0000][1][safepoint    ] Leaving safepoint region
[2019-12-08T10:36:33.350+0000][1][safepoint    ] Total time for which application threads were stopped: 0.0000761 seconds, Stopping threads took: 0.0000170 seconds
[2019-12-08T10:36:34.350+0000][1][safepoint    ] Application time: 1.0000771 seconds
[2019-12-08T10:36:34.350+0000][1][safepoint    ] Entering safepoint region: Cleanup
[2019-12-08T10:36:34.350+0000][1][safepoint    ] Leaving safepoint region
[2019-12-08T10:36:34.350+0000][1][safepoint    ] Total time for which application threads were stopped: 0.0000923 seconds, Stopping threads took: 0.0000174 seconds
[2019-12-08T10:36:38.350+0000][1][safepoint    ] Application time: 4.0002815 seconds
[2019-12-08T10:36:38.350+0000][1][safepoint    ] Entering safepoint region: Cleanup
[2019-12-08T10:36:38.350+0000][1][safepoint    ] Leaving safepoint region
[2019-12-08T10:36:38.350+0000][1][safepoint    ] Total time for which application threads were stopped: 0.0001103 seconds, Stopping threads took: 0.0000307 seconds
[2019-12-08T10:36:41.350+0000][1][safepoint    ] Application time: 3.0002157 seconds
[2019-12-08T10:36:41.350+0000][1][safepoint    ] Entering safepoint region: Cleanup
[2019-12-08T10:36:41.351+0000][1][safepoint    ] Leaving safepoint region
[2019-12-08T10:36:41.351+0000][1][safepoint    ] Total time for which application threads were stopped: 0.0000846 seconds, Stopping threads took: 0.0000175 seconds
[2019-12-08T10:36:42.351+0000][1][safepoint    ] Application time: 1.0000753 seconds
[2019-12-08T10:36:42.351+0000][1][safepoint    ] Entering safepoint region: Cleanup
[2019-12-08T10:36:42.351+0000][1][safepoint    ] Leaving safepoint region
[2019-12-08T10:36:42.351+0000][1][safepoint    ] Total time for which application threads were stopped: 0.0000921 seconds, Stopping threads took: 0.0000174 seconds
[2019-12-08T10:36:43.315+0000][1][safepoint    ] Application time: 0.9638208 seconds
[2019-12-08T10:36:43.315+0000][1][safepoint    ] Entering safepoint region: GenCollectForAllocation
[2019-12-08T10:36:43.315+0000][1][gc,start     ] GC(23) Pause Young (Allocation Failure)
[2019-12-08T10:36:43.315+0000][1][gc,task      ] GC(23) Using 4 workers of 4 for evacuation
[2019-12-08T10:36:43.326+0000][1][gc,age       ] GC(23) Desired survivor size 4456448 bytes, new threshold 2 (max threshold 6)
[2019-12-08T10:36:43.326+0000][1][gc,age       ] GC(23) Age table with threshold 2 (max threshold 6)
[2019-12-08T10:36:43.326+0000][1][gc,age       ] GC(23) - age   1:    1715880 bytes,    1715880 total
[2019-12-08T10:36:43.326+0000][1][gc,age       ] GC(23) - age   2:    3315408 bytes,    5031288 total
[2019-12-08T10:36:43.326+0000][1][gc,heap      ] GC(23) ParNew: 78656K->6583K(78656K)
[2019-12-08T10:36:43.326+0000][1][gc,heap      ] GC(23) CMS: 61442K->65485K(174784K)
[2019-12-08T10:36:43.326+0000][1][gc,metaspace ] GC(23) Metaspace: 68264K->68264K(1112064K)
[2019-12-08T10:36:43.326+0000][1][gc           ] GC(23) Pause Young (Allocation Failure) 136M->70M(247M) 11.520ms
[2019-12-08T10:36:43.326+0000][1][gc,cpu       ] GC(23) User=0.05s Sys=0.00s Real=0.01s
[2019-12-08T10:36:43.326+0000][1][safepoint    ] Leaving safepoint region
[2019-12-08T10:36:43.326+0000][1][safepoint    ] Total time for which application threads were stopped: 0.0116895 seconds, Stopping threads took: 0.0000158 seconds
[2019-12-08T10:36:44.326+0000][1][safepoint    ] Application time: 1.0000922 seconds
[2019-12-08T10:36:44.326+0000][1][safepoint    ] Entering safepoint region: Cleanup
[2019-12-08T10:36:44.326+0000][1][safepoint    ] Leaving safepoint region
[2019-12-08T10:36:44.326+0000][1][safepoint    ] Total time for which application threads were stopped: 0.0000945 seconds, Stopping threads took: 0.0000210 seconds
[2019-12-08T10:36:45.327+0000][1][safepoint    ] Application time: 1.0000805 seconds
[2019-12-08T10:36:45.327+0000][1][safepoint    ] Entering safepoint region: Cleanup
[2019-12-08T10:36:45.327+0000][1][safepoint    ] Leaving safepoint region
[2019-12-08T10:36:45.327+0000][1][safepoint    ] Total time for which application threads were stopped: 0.0001048 seconds, Stopping threads took: 0.0000207 seconds
[2019-12-08T10:36:46.327+0000][1][safepoint    ] Application time: 1.0000866 seconds
[2019-12-08T10:36:46.327+0000][1][safepoint    ] Entering safepoint region: Cleanup
[2019-12-08T10:36:46.327+0000][1][safepoint    ] Leaving safepoint region
[2019-12-08T10:36:46.327+0000][1][safepoint    ] Total time for which application threads were stopped: 0.0000928 seconds, Stopping threads took: 0.0000205 seconds
[2019-12-08T10:36:47.327+0000][1][safepoint    ] Application time: 1.0000811 seconds
[2019-12-08T10:36:47.327+0000][1][safepoint    ] Entering safepoint region: Cleanup
[2019-12-08T10:36:47.327+0000][1][safepoint    ] Leaving safepoint region
[2019-12-08T10:36:47.327+0000][1][safepoint    ] Total time for which application threads were stopped: 0.0000961 seconds, Stopping threads took: 0.0000209 seconds
[2019-12-08T10:36:50.327+0000][1][safepoint    ] Application time: 3.0002264 seconds
[2019-12-08T10:36:50.327+0000][1][safepoint    ] Entering safepoint region: Cleanup
[2019-12-08T10:36:50.328+0000][1][safepoint    ] Leaving safepoint region
[2019-12-08T10:36:50.328+0000][1][safepoint    ] Total time for which application threads were stopped: 0.0001010 seconds, Stopping threads took: 0.0000222 seconds
[2019-12-08T10:36:53.328+0000][1][safepoint    ] Application time: 3.0002244 seconds
[2019-12-08T10:36:53.328+0000][1][safepoint    ] Entering safepoint region: Cleanup
[2019-12-08T10:36:53.328+0000][1][safepoint    ] Leaving safepoint region
[2019-12-08T10:36:53.328+0000][1][safepoint    ] Total time for which application threads were stopped: 0.0001145 seconds, Stopping threads took: 0.0000347 seconds
[2019-12-08T10:36:54.328+0000][1][safepoint    ] Application time: 1.0000795 seconds
[2019-12-08T10:36:54.328+0000][1][safepoint    ] Entering safepoint region: Cleanup
[2019-12-08T10:36:54.328+0000][1][safepoint    ] Leaving safepoint region
[2019-12-08T10:36:54.328+0000][1][safepoint    ] Total time for which application threads were stopped: 0.0000886 seconds, Stopping threads took: 0.0000191 seconds
[2019-12-08T10:36:57.328+0000][1][safepoint    ] Application time: 3.0002297 seconds
[2019-12-08T10:36:57.328+0000][1][safepoint    ] Entering safepoint region: Cleanup
[2019-12-08T10:36:57.329+0000][1][safepoint    ] Leaving safepoint region
[2019-12-08T10:36:57.329+0000][1][safepoint    ] Total time for which application threads were stopped: 0.0000834 seconds, Stopping threads took: 0.0000183 seconds
[2019-12-08T10:36:58.329+0000][1][safepoint    ] Application time: 1.0000823 seconds
[2019-12-08T10:36:58.329+0000][1][safepoint    ] Entering safepoint region: Cleanup
[2019-12-08T10:36:58.329+0000][1][safepoint    ] Leaving safepoint region
[2019-12-08T10:36:58.329+0000][1][safepoint    ] Total time for which application threads were stopped: 0.0000929 seconds, Stopping threads took: 0.0000190 seconds
[2019-12-08T10:37:01.329+0000][1][safepoint    ] Application time: 3.0002154 seconds
[2019-12-08T10:37:01.329+0000][1][safepoint    ] Entering safepoint region: Cleanup
[2019-12-08T10:37:01.329+0000][1][safepoint    ] Leaving safepoint region
[2019-12-08T10:37:01.329+0000][1][safepoint    ] Total time for which application threads were stopped: 0.0000892 seconds, Stopping threads took: 0.0000188 seconds
[2019-12-08T10:37:04.330+0000][1][safepoint    ] Application time: 3.0004785 seconds
[2019-12-08T10:37:04.330+0000][1][safepoint    ] Entering safepoint region: Cleanup
[2019-12-08T10:37:04.330+0000][1][safepoint    ] Leaving safepoint region
[2019-12-08T10:37:04.330+0000][1][safepoint    ] Total time for which application threads were stopped: 0.0000976 seconds, Stopping threads took: 0.0000183 seconds
[2019-12-08T10:37:07.330+0000][1][safepoint    ] Application time: 3.0002143 seconds
[2019-12-08T10:37:07.330+0000][1][safepoint    ] Entering safepoint region: Cleanup
[2019-12-08T10:37:07.330+0000][1][safepoint    ] Leaving safepoint region
[2019-12-08T10:37:07.330+0000][1][safepoint    ] Total time for which application threads were stopped: 0.0000837 seconds, Stopping threads took: 0.0000178 seconds
[2019-12-08T10:37:08.330+0000][1][safepoint    ] Application time: 1.0000787 seconds
[2019-12-08T10:37:08.330+0000][1][safepoint    ] Entering safepoint region: Cleanup
[2019-12-08T10:37:08.330+0000][1][safepoint    ] Leaving safepoint region
[2019-12-08T10:37:08.330+0000][1][safepoint    ] Total time for which application threads were stopped: 0.0001205 seconds, Stopping threads took: 0.0000193 seconds
[2019-12-08T10:37:09.330+0000][1][safepoint    ] Application time: 1.0000797 seconds
[2019-12-08T10:37:09.330+0000][1][safepoint    ] Entering safepoint region: Cleanup
[2019-12-08T10:37:09.330+0000][1][safepoint    ] Leaving safepoint region
[2019-12-08T10:37:09.330+0000][1][safepoint    ] Total time for which application threads were stopped: 0.0000888 seconds, Stopping threads took: 0.0000197 seconds
[2019-12-08T10:37:10.331+0000][1][safepoint    ] Application time: 1.0000780 seconds
[2019-12-08T10:37:10.331+0000][1][safepoint    ] Entering safepoint region: Cleanup
[2019-12-08T10:37:10.331+0000][1][safepoint    ] Leaving safepoint region
[2019-12-08T10:37:10.331+0000][1][safepoint    ] Total time for which application threads were stopped: 0.0001045 seconds, Stopping threads took: 0.0000181 seconds
[2019-12-08T10:37:11.331+0000][1][safepoint    ] Application time: 1.0000775 seconds
[2019-12-08T10:37:11.331+0000][1][safepoint    ] Entering safepoint region: Cleanup
[2019-12-08T10:37:11.331+0000][1][safepoint    ] Leaving safepoint region
[2019-12-08T10:37:11.331+0000][1][safepoint    ] Total time for which application threads were stopped: 0.0000898 seconds, Stopping threads took: 0.0000190 seconds
