[2019-12-09T02:51:21.162+0000][1][gc] Using Concurrent Mark Sweep
[2019-12-09T02:51:21.162+0000][1][gc,heap,coops] Heap address: 0x00000000f0000000, size: 256 MB, Compressed Oops mode: 32-bit
[2019-12-09T02:51:21.624+0000][1][safepoint    ] Entering safepoint region: EnableBiasedLocking
[2019-12-09T02:51:21.624+0000][1][safepoint    ] Leaving safepoint region
[2019-12-09T02:51:21.624+0000][1][safepoint    ] Total time for which application threads were stopped: 0.0649773 seconds, Stopping threads took: 0.0648833 seconds
[2019-12-09T02:51:21.635+0000][1][safepoint    ] Application time: 0.0077451 seconds
[2019-12-09T02:51:21.635+0000][1][safepoint    ] Entering safepoint region: RevokeBias
[2019-12-09T02:51:21.635+0000][1][safepoint    ] Leaving safepoint region
[2019-12-09T02:51:21.635+0000][1][safepoint    ] Total time for which application threads were stopped: 0.0001106 seconds, Stopping threads took: 0.0000349 seconds
[2019-12-09T02:51:21.740+0000][1][safepoint    ] Application time: 0.1047999 seconds
[2019-12-09T02:51:21.740+0000][1][safepoint    ] Entering safepoint region: Deoptimize
[2019-12-09T02:51:21.740+0000][1][safepoint    ] Leaving safepoint region
[2019-12-09T02:51:21.740+0000][1][safepoint    ] Total time for which application threads were stopped: 0.0000567 seconds, Stopping threads took: 0.0000109 seconds
[2019-12-09T02:51:22.696+0000][1][safepoint    ] Application time: 0.9564706 seconds
[2019-12-09T02:51:22.696+0000][1][safepoint    ] Entering safepoint region: Deoptimize
[2019-12-09T02:51:22.696+0000][1][safepoint    ] Leaving safepoint region
[2019-12-09T02:51:22.696+0000][1][safepoint    ] Total time for which application threads were stopped: 0.0001023 seconds, Stopping threads took: 0.0000109 seconds
[2019-12-09T02:51:23.707+0000][1][safepoint    ] Application time: 1.0107111 seconds
[2019-12-09T02:51:23.707+0000][1][safepoint    ] Entering safepoint region: Cleanup
[2019-12-09T02:51:23.707+0000][1][safepoint    ] Leaving safepoint region
[2019-12-09T02:51:23.707+0000][1][safepoint    ] Total time for which application threads were stopped: 0.0000670 seconds, Stopping threads took: 0.0000117 seconds
[2019-12-09T02:51:24.709+0000][1][safepoint    ] Application time: 1.0014234 seconds
[2019-12-09T02:51:24.712+0000][1][safepoint    ] Entering safepoint region: Cleanup
[2019-12-09T02:51:24.712+0000][1][safepoint    ] Leaving safepoint region
[2019-12-09T02:51:24.712+0000][1][safepoint    ] Total time for which application threads were stopped: 0.0031127 seconds, Stopping threads took: 0.0030679 seconds
[2019-12-09T02:51:25.067+0000][1][safepoint    ] Application time: 0.3548830 seconds
[2019-12-09T02:51:25.067+0000][1][safepoint    ] Entering safepoint region: Deoptimize
[2019-12-09T02:51:25.067+0000][1][safepoint    ] Leaving safepoint region
[2019-12-09T02:51:25.067+0000][1][safepoint    ] Total time for which application threads were stopped: 0.0001570 seconds, Stopping threads took: 0.0000193 seconds
[2019-12-09T02:51:25.227+0000][1][safepoint    ] Application time: 0.1603756 seconds
[2019-12-09T02:51:25.227+0000][1][safepoint    ] Entering safepoint region: Deoptimize
[2019-12-09T02:51:25.227+0000][1][safepoint    ] Leaving safepoint region
[2019-12-09T02:51:25.227+0000][1][safepoint    ] Total time for which application threads were stopped: 0.0001474 seconds, Stopping threads took: 0.0000116 seconds
[2019-12-09T02:51:25.624+0000][1][safepoint    ] Application time: 0.3965391 seconds
[2019-12-09T02:51:25.624+0000][1][safepoint    ] Entering safepoint region: Deoptimize
[2019-12-09T02:51:25.624+0000][1][safepoint    ] Leaving safepoint region
[2019-12-09T02:51:25.624+0000][1][safepoint    ] Total time for which application threads were stopped: 0.0001673 seconds, Stopping threads took: 0.0000117 seconds
[2019-12-09T02:51:25.733+0000][1][safepoint    ] Application time: 0.1088019 seconds
[2019-12-09T02:51:25.733+0000][1][safepoint    ] Entering safepoint region: Deoptimize
[2019-12-09T02:51:25.733+0000][1][safepoint    ] Leaving safepoint region
[2019-12-09T02:51:25.733+0000][1][safepoint    ] Total time for which application threads were stopped: 0.0001551 seconds, Stopping threads took: 0.0000114 seconds
[2019-12-09T02:51:26.747+0000][1][safepoint    ] Application time: 1.0134510 seconds
[2019-12-09T02:51:26.800+0000][1][safepoint    ] Entering safepoint region: Cleanup
[2019-12-09T02:51:26.801+0000][1][safepoint    ] Leaving safepoint region
[2019-12-09T02:51:26.801+0000][1][safepoint    ] Total time for which application threads were stopped: 0.0537878 seconds, Stopping threads took: 0.0537394 seconds
[2019-12-09T02:51:27.827+0000][1][safepoint    ] Application time: 1.0261823 seconds
[2019-12-09T02:51:27.840+0000][1][safepoint    ] Entering safepoint region: Cleanup
[2019-12-09T02:51:27.840+0000][1][safepoint    ] Leaving safepoint region
[2019-12-09T02:51:27.840+0000][1][safepoint    ] Total time for which application threads were stopped: 0.0135497 seconds, Stopping threads took: 0.0134671 seconds
[2019-12-09T02:51:28.874+0000][1][safepoint    ] Application time: 1.0333841 seconds
[2019-12-09T02:51:28.874+0000][1][safepoint    ] Entering safepoint region: Cleanup
[2019-12-09T02:51:28.874+0000][1][safepoint    ] Leaving safepoint region
[2019-12-09T02:51:28.874+0000][1][safepoint    ] Total time for which application threads were stopped: 0.0000537 seconds, Stopping threads took: 0.0000127 seconds
[2019-12-09T02:51:29.376+0000][1][safepoint    ] Application time: 0.5019442 seconds
[2019-12-09T02:51:29.376+0000][1][safepoint    ] Entering safepoint region: Deoptimize
[2019-12-09T02:51:29.376+0000][1][safepoint    ] Leaving safepoint region
[2019-12-09T02:51:29.376+0000][1][safepoint    ] Total time for which application threads were stopped: 0.0002022 seconds, Stopping threads took: 0.0000133 seconds
[2019-12-09T02:51:30.380+0000][1][safepoint    ] Application time: 1.0037184 seconds
[2019-12-09T02:51:30.380+0000][1][safepoint    ] Entering safepoint region: Cleanup
[2019-12-09T02:51:30.380+0000][1][safepoint    ] Leaving safepoint region
[2019-12-09T02:51:30.380+0000][1][safepoint    ] Total time for which application threads were stopped: 0.0000573 seconds, Stopping threads took: 0.0000145 seconds
[2019-12-09T02:51:31.383+0000][1][safepoint    ] Application time: 1.0028750 seconds
[2019-12-09T02:51:31.386+0000][1][safepoint    ] Entering safepoint region: Cleanup
[2019-12-09T02:51:31.386+0000][1][safepoint    ] Leaving safepoint region
[2019-12-09T02:51:31.386+0000][1][safepoint    ] Total time for which application threads were stopped: 0.0030567 seconds, Stopping threads took: 0.0030006 seconds
[2019-12-09T02:51:32.389+0000][1][safepoint    ] Application time: 1.0029169 seconds
[2019-12-09T02:51:32.402+0000][1][safepoint    ] Entering safepoint region: Cleanup
[2019-12-09T02:51:32.402+0000][1][safepoint    ] Leaving safepoint region
[2019-12-09T02:51:32.402+0000][1][safepoint    ] Total time for which application threads were stopped: 0.0131865 seconds, Stopping threads took: 0.0130951 seconds
[2019-12-09T02:51:32.565+0000][1][safepoint    ] Application time: 0.1634007 seconds
[2019-12-09T02:51:32.565+0000][1][safepoint    ] Entering safepoint region: Deoptimize
[2019-12-09T02:51:32.566+0000][1][safepoint    ] Leaving safepoint region
[2019-12-09T02:51:32.566+0000][1][safepoint    ] Total time for which application threads were stopped: 0.0002569 seconds, Stopping threads took: 0.0000531 seconds
[2019-12-09T02:51:33.519+0000][1][safepoint    ] Application time: 0.9538178 seconds
[2019-12-09T02:51:33.519+0000][1][safepoint    ] Entering safepoint region: Deoptimize
[2019-12-09T02:51:33.520+0000][1][safepoint    ] Leaving safepoint region
[2019-12-09T02:51:33.520+0000][1][safepoint    ] Total time for which application threads were stopped: 0.0002987 seconds, Stopping threads took: 0.0000117 seconds
[2019-12-09T02:51:33.520+0000][1][safepoint    ] Application time: 0.0001396 seconds
[2019-12-09T02:51:33.520+0000][1][safepoint    ] Entering safepoint region: Deoptimize
[2019-12-09T02:51:33.520+0000][1][safepoint    ] Leaving safepoint region
[2019-12-09T02:51:33.520+0000][1][safepoint    ] Total time for which application threads were stopped: 0.0001759 seconds, Stopping threads took: 0.0000068 seconds
[2019-12-09T02:51:33.667+0000][1][safepoint    ] Application time: 0.1465703 seconds
[2019-12-09T02:51:33.667+0000][1][safepoint    ] Entering safepoint region: Deoptimize
[2019-12-09T02:51:33.667+0000][1][safepoint    ] Leaving safepoint region
[2019-12-09T02:51:33.667+0000][1][safepoint    ] Total time for which application threads were stopped: 0.0002658 seconds, Stopping threads took: 0.0000132 seconds
[2019-12-09T02:51:33.743+0000][1][safepoint    ] Application time: 0.0763296 seconds
[2019-12-09T02:51:33.743+0000][1][safepoint    ] Entering safepoint region: RevokeBias
[2019-12-09T02:51:33.743+0000][1][safepoint    ] Leaving safepoint region
[2019-12-09T02:51:33.743+0000][1][safepoint    ] Total time for which application threads were stopped: 0.0000886 seconds, Stopping threads took: 0.0000402 seconds
[2019-12-09T02:51:33.744+0000][1][safepoint    ] Application time: 0.0001856 seconds
[2019-12-09T02:51:33.744+0000][1][safepoint    ] Entering safepoint region: RevokeBias
[2019-12-09T02:51:33.744+0000][1][safepoint    ] Leaving safepoint region
[2019-12-09T02:51:33.744+0000][1][safepoint    ] Total time for which application threads were stopped: 0.0000445 seconds, Stopping threads took: 0.0000100 seconds
[2019-12-09T02:51:33.744+0000][1][safepoint    ] Application time: 0.0001222 seconds
[2019-12-09T02:51:33.744+0000][1][safepoint    ] Entering safepoint region: RevokeBias
[2019-12-09T02:51:33.744+0000][1][safepoint    ] Leaving safepoint region
[2019-12-09T02:51:33.744+0000][1][safepoint    ] Total time for which application threads were stopped: 0.0000316 seconds, Stopping threads took: 0.0000083 seconds
[2019-12-09T02:51:33.744+0000][1][safepoint    ] Application time: 0.0000498 seconds
[2019-12-09T02:51:33.744+0000][1][safepoint    ] Entering safepoint region: RevokeBias
[2019-12-09T02:51:33.744+0000][1][safepoint    ] Leaving safepoint region
[2019-12-09T02:51:33.744+0000][1][safepoint    ] Total time for which application threads were stopped: 0.0000283 seconds, Stopping threads took: 0.0000078 seconds
[2019-12-09T02:51:33.744+0000][1][safepoint    ] Application time: 0.0000714 seconds
[2019-12-09T02:51:33.744+0000][1][safepoint    ] Entering safepoint region: RevokeBias
[2019-12-09T02:51:33.744+0000][1][safepoint    ] Leaving safepoint region
[2019-12-09T02:51:33.744+0000][1][safepoint    ] Total time for which application threads were stopped: 0.0000284 seconds, Stopping threads took: 0.0000071 seconds
[2019-12-09T02:51:33.744+0000][1][safepoint    ] Application time: 0.0001606 seconds
[2019-12-09T02:51:33.744+0000][1][safepoint    ] Entering safepoint region: RevokeBias
[2019-12-09T02:51:33.744+0000][1][safepoint    ] Leaving safepoint region
[2019-12-09T02:51:33.744+0000][1][safepoint    ] Total time for which application threads were stopped: 0.0000298 seconds, Stopping threads took: 0.0000075 seconds
[2019-12-09T02:51:34.752+0000][1][safepoint    ] Application time: 1.0073661 seconds
[2019-12-09T02:51:34.752+0000][1][safepoint    ] Entering safepoint region: Cleanup
[2019-12-09T02:51:34.752+0000][1][safepoint    ] Leaving safepoint region
[2019-12-09T02:51:34.752+0000][1][safepoint    ] Total time for which application threads were stopped: 0.0000743 seconds, Stopping threads took: 0.0000166 seconds
[2019-12-09T02:51:35.490+0000][1][safepoint    ] Application time: 0.7379002 seconds
[2019-12-09T02:51:35.490+0000][1][safepoint    ] Entering safepoint region: GenCollectForAllocation
[2019-12-09T02:51:35.490+0000][1][gc,start     ] GC(0) Pause Young (Allocation Failure)
[2019-12-09T02:51:35.491+0000][1][gc,task      ] GC(0) Using 2 workers of 2 for evacuation
[2019-12-09T02:51:35.647+0000][1][gc,age       ] GC(0) Desired survivor size 4456448 bytes, new threshold 1 (max threshold 6)
[2019-12-09T02:51:35.647+0000][1][gc,age       ] GC(0) Age table with threshold 1 (max threshold 6)
[2019-12-09T02:51:35.647+0000][1][gc,age       ] GC(0) - age   1:    6701328 bytes,    6701328 total
[2019-12-09T02:51:35.647+0000][1][gc,heap      ] GC(0) ParNew: 69952K->6594K(78656K)
[2019-12-09T02:51:35.647+0000][1][gc,heap      ] GC(0) CMS: 0K->0K(174784K)
[2019-12-09T02:51:35.647+0000][1][gc,metaspace ] GC(0) Metaspace: 12958K->12958K(1060864K)
[2019-12-09T02:51:35.647+0000][1][gc           ] GC(0) Pause Young (Allocation Failure) 68M->6M(247M) 157.326ms
[2019-12-09T02:51:35.647+0000][1][gc,cpu       ] GC(0) User=0.05s Sys=0.00s Real=0.16s
[2019-12-09T02:51:35.647+0000][1][safepoint    ] Leaving safepoint region
[2019-12-09T02:51:35.647+0000][1][safepoint    ] Total time for which application threads were stopped: 0.1574788 seconds, Stopping threads took: 0.0000132 seconds
[2019-12-09T02:51:35.689+0000][1][safepoint    ] Application time: 0.0414615 seconds
[2019-12-09T02:51:35.689+0000][1][safepoint    ] Entering safepoint region: RevokeBias
[2019-12-09T02:51:35.689+0000][1][safepoint    ] Leaving safepoint region
[2019-12-09T02:51:35.689+0000][1][safepoint    ] Total time for which application threads were stopped: 0.0001800 seconds, Stopping threads took: 0.0000933 seconds
[2019-12-09T02:51:35.689+0000][1][safepoint    ] Application time: 0.0001401 seconds
[2019-12-09T02:51:35.689+0000][1][safepoint    ] Entering safepoint region: RevokeBias
[2019-12-09T02:51:35.689+0000][1][safepoint    ] Leaving safepoint region
[2019-12-09T02:51:35.689+0000][1][safepoint    ] Total time for which application threads were stopped: 0.0000524 seconds, Stopping threads took: 0.0000101 seconds
[2019-12-09T02:51:35.689+0000][1][safepoint    ] Application time: 0.0000663 seconds
[2019-12-09T02:51:35.689+0000][1][safepoint    ] Entering safepoint region: RevokeBias
[2019-12-09T02:51:35.689+0000][1][safepoint    ] Leaving safepoint region
[2019-12-09T02:51:35.689+0000][1][safepoint    ] Total time for which application threads were stopped: 0.0000496 seconds, Stopping threads took: 0.0000089 seconds
[2019-12-09T02:51:35.689+0000][1][safepoint    ] Application time: 0.0000528 seconds
[2019-12-09T02:51:35.689+0000][1][safepoint    ] Entering safepoint region: RevokeBias
[2019-12-09T02:51:35.689+0000][1][safepoint    ] Leaving safepoint region
[2019-12-09T02:51:35.689+0000][1][safepoint    ] Total time for which application threads were stopped: 0.0000455 seconds, Stopping threads took: 0.0000078 seconds
[2019-12-09T02:51:35.689+0000][1][safepoint    ] Application time: 0.0000591 seconds
[2019-12-09T02:51:35.689+0000][1][safepoint    ] Entering safepoint region: RevokeBias
[2019-12-09T02:51:35.690+0000][1][safepoint    ] Leaving safepoint region
[2019-12-09T02:51:35.690+0000][1][safepoint    ] Total time for which application threads were stopped: 0.0000480 seconds, Stopping threads took: 0.0000088 seconds
[2019-12-09T02:51:35.690+0000][1][safepoint    ] Application time: 0.0000571 seconds
[2019-12-09T02:51:35.690+0000][1][safepoint    ] Entering safepoint region: RevokeBias
[2019-12-09T02:51:35.690+0000][1][safepoint    ] Leaving safepoint region
[2019-12-09T02:51:35.690+0000][1][safepoint    ] Total time for which application threads were stopped: 0.0000398 seconds, Stopping threads took: 0.0000072 seconds
[2019-12-09T02:51:35.690+0000][1][safepoint    ] Application time: 0.0000627 seconds
[2019-12-09T02:51:35.690+0000][1][safepoint    ] Entering safepoint region: RevokeBias
[2019-12-09T02:51:35.690+0000][1][safepoint    ] Leaving safepoint region
[2019-12-09T02:51:35.690+0000][1][safepoint    ] Total time for which application threads were stopped: 0.0000545 seconds, Stopping threads took: 0.0000088 seconds
[2019-12-09T02:51:35.690+0000][1][safepoint    ] Application time: 0.0000535 seconds
[2019-12-09T02:51:35.690+0000][1][safepoint    ] Entering safepoint region: RevokeBias
[2019-12-09T02:51:35.690+0000][1][safepoint    ] Leaving safepoint region
[2019-12-09T02:51:35.690+0000][1][safepoint    ] Total time for which application threads were stopped: 0.0000483 seconds, Stopping threads took: 0.0000083 seconds
[2019-12-09T02:51:35.690+0000][1][safepoint    ] Application time: 0.0000598 seconds
[2019-12-09T02:51:35.690+0000][1][safepoint    ] Entering safepoint region: RevokeBias
[2019-12-09T02:51:35.690+0000][1][safepoint    ] Leaving safepoint region
[2019-12-09T02:51:35.690+0000][1][safepoint    ] Total time for which application threads were stopped: 0.0000559 seconds, Stopping threads took: 0.0000166 seconds
[2019-12-09T02:51:35.690+0000][1][safepoint    ] Application time: 0.0000502 seconds
[2019-12-09T02:51:35.690+0000][1][safepoint    ] Entering safepoint region: RevokeBias
[2019-12-09T02:51:35.690+0000][1][safepoint    ] Leaving safepoint region
[2019-12-09T02:51:35.690+0000][1][safepoint    ] Total time for which application threads were stopped: 0.0000433 seconds, Stopping threads took: 0.0000081 seconds
[2019-12-09T02:51:35.690+0000][1][safepoint    ] Application time: 0.0000565 seconds
[2019-12-09T02:51:35.690+0000][1][safepoint    ] Entering safepoint region: RevokeBias
[2019-12-09T02:51:35.690+0000][1][safepoint    ] Leaving safepoint region
[2019-12-09T02:51:35.690+0000][1][safepoint    ] Total time for which application threads were stopped: 0.0000465 seconds, Stopping threads took: 0.0000084 seconds
[2019-12-09T02:51:35.690+0000][1][safepoint    ] Application time: 0.0000518 seconds
[2019-12-09T02:51:35.690+0000][1][safepoint    ] Entering safepoint region: RevokeBias
[2019-12-09T02:51:35.690+0000][1][safepoint    ] Leaving safepoint region
[2019-12-09T02:51:35.690+0000][1][safepoint    ] Total time for which application threads were stopped: 0.0000448 seconds, Stopping threads took: 0.0000077 seconds
[2019-12-09T02:51:35.690+0000][1][safepoint    ] Application time: 0.0000595 seconds
[2019-12-09T02:51:35.690+0000][1][safepoint    ] Entering safepoint region: RevokeBias
[2019-12-09T02:51:35.690+0000][1][safepoint    ] Leaving safepoint region
[2019-12-09T02:51:35.690+0000][1][safepoint    ] Total time for which application threads were stopped: 0.0000448 seconds, Stopping threads took: 0.0000078 seconds
[2019-12-09T02:51:35.691+0000][1][safepoint    ] Application time: 0.0000510 seconds
[2019-12-09T02:51:35.691+0000][1][safepoint    ] Entering safepoint region: RevokeBias
[2019-12-09T02:51:35.691+0000][1][safepoint    ] Leaving safepoint region
[2019-12-09T02:51:35.691+0000][1][safepoint    ] Total time for which application threads were stopped: 0.0000437 seconds, Stopping threads took: 0.0000078 seconds
[2019-12-09T02:51:35.691+0000][1][safepoint    ] Application time: 0.0000574 seconds
[2019-12-09T02:51:35.691+0000][1][safepoint    ] Entering safepoint region: RevokeBias
[2019-12-09T02:51:35.691+0000][1][safepoint    ] Leaving safepoint region
[2019-12-09T02:51:35.691+0000][1][safepoint    ] Total time for which application threads were stopped: 0.0000631 seconds, Stopping threads took: 0.0000260 seconds
[2019-12-09T02:51:35.691+0000][1][safepoint    ] Application time: 0.0000503 seconds
[2019-12-09T02:51:35.691+0000][1][safepoint    ] Entering safepoint region: RevokeBias
[2019-12-09T02:51:35.691+0000][1][safepoint    ] Leaving safepoint region
[2019-12-09T02:51:35.691+0000][1][safepoint    ] Total time for which application threads were stopped: 0.0000431 seconds, Stopping threads took: 0.0000076 seconds
[2019-12-09T02:51:35.691+0000][1][safepoint    ] Application time: 0.0000600 seconds
[2019-12-09T02:51:35.691+0000][1][safepoint    ] Entering safepoint region: RevokeBias
[2019-12-09T02:51:35.691+0000][1][safepoint    ] Leaving safepoint region
[2019-12-09T02:51:35.691+0000][1][safepoint    ] Total time for which application threads were stopped: 0.0000437 seconds, Stopping threads took: 0.0000079 seconds
[2019-12-09T02:51:35.691+0000][1][safepoint    ] Application time: 0.0000497 seconds
[2019-12-09T02:51:35.691+0000][1][safepoint    ] Entering safepoint region: RevokeBias
[2019-12-09T02:51:35.691+0000][1][safepoint    ] Leaving safepoint region
[2019-12-09T02:51:35.691+0000][1][safepoint    ] Total time for which application threads were stopped: 0.0000436 seconds, Stopping threads took: 0.0000079 seconds
[2019-12-09T02:51:35.691+0000][1][safepoint    ] Application time: 0.0000897 seconds
[2019-12-09T02:51:35.691+0000][1][safepoint    ] Entering safepoint region: RevokeBias
[2019-12-09T02:51:35.691+0000][1][safepoint    ] Leaving safepoint region
[2019-12-09T02:51:35.691+0000][1][safepoint    ] Total time for which application threads were stopped: 0.0000426 seconds, Stopping threads took: 0.0000128 seconds
[2019-12-09T02:51:35.691+0000][1][safepoint    ] Application time: 0.0000420 seconds
[2019-12-09T02:51:35.691+0000][1][safepoint    ] Entering safepoint region: RevokeBias
[2019-12-09T02:51:35.691+0000][1][safepoint    ] Leaving safepoint region
[2019-12-09T02:51:35.691+0000][1][safepoint    ] Total time for which application threads were stopped: 0.0000348 seconds, Stopping threads took: 0.0000063 seconds
[2019-12-09T02:51:35.691+0000][1][safepoint    ] Application time: 0.0000467 seconds
[2019-12-09T02:51:35.691+0000][1][safepoint    ] Entering safepoint region: RevokeBias
[2019-12-09T02:51:35.691+0000][1][safepoint    ] Leaving safepoint region
[2019-12-09T02:51:35.691+0000][1][safepoint    ] Total time for which application threads were stopped: 0.0000335 seconds, Stopping threads took: 0.0000058 seconds
[2019-12-09T02:51:35.691+0000][1][safepoint    ] Application time: 0.0000453 seconds
[2019-12-09T02:51:35.691+0000][1][safepoint    ] Entering safepoint region: RevokeBias
[2019-12-09T02:51:35.691+0000][1][safepoint    ] Leaving safepoint region
[2019-12-09T02:51:35.692+0000][1][safepoint    ] Total time for which application threads were stopped: 0.0000387 seconds, Stopping threads took: 0.0000071 seconds
[2019-12-09T02:51:35.692+0000][1][safepoint    ] Application time: 0.0000465 seconds
[2019-12-09T02:51:35.692+0000][1][safepoint    ] Entering safepoint region: RevokeBias
[2019-12-09T02:51:35.692+0000][1][safepoint    ] Leaving safepoint region
[2019-12-09T02:51:35.692+0000][1][safepoint    ] Total time for which application threads were stopped: 0.0000393 seconds, Stopping threads took: 0.0000069 seconds
[2019-12-09T02:51:35.692+0000][1][safepoint    ] Application time: 0.0000432 seconds
[2019-12-09T02:51:35.692+0000][1][safepoint    ] Entering safepoint region: RevokeBias
[2019-12-09T02:51:35.692+0000][1][safepoint    ] Leaving safepoint region
[2019-12-09T02:51:35.692+0000][1][safepoint    ] Total time for which application threads were stopped: 0.0000586 seconds, Stopping threads took: 0.0000069 seconds
[2019-12-09T02:51:35.692+0000][1][safepoint    ] Application time: 0.0000720 seconds
[2019-12-09T02:51:35.692+0000][1][safepoint    ] Entering safepoint region: RevokeBias
[2019-12-09T02:51:35.692+0000][1][safepoint    ] Leaving safepoint region
[2019-12-09T02:51:35.692+0000][1][safepoint    ] Total time for which application threads were stopped: 0.0000407 seconds, Stopping threads took: 0.0000070 seconds
[2019-12-09T02:51:35.692+0000][1][safepoint    ] Application time: 0.0000431 seconds
[2019-12-09T02:51:35.692+0000][1][safepoint    ] Entering safepoint region: RevokeBias
[2019-12-09T02:51:35.692+0000][1][safepoint    ] Leaving safepoint region
[2019-12-09T02:51:35.692+0000][1][safepoint    ] Total time for which application threads were stopped: 0.0000396 seconds, Stopping threads took: 0.0000070 seconds
[2019-12-09T02:51:35.692+0000][1][safepoint    ] Application time: 0.0003230 seconds
[2019-12-09T02:51:35.692+0000][1][safepoint    ] Entering safepoint region: RevokeBias
[2019-12-09T02:51:35.692+0000][1][safepoint    ] Leaving safepoint region
[2019-12-09T02:51:35.692+0000][1][safepoint    ] Total time for which application threads were stopped: 0.0000536 seconds, Stopping threads took: 0.0000093 seconds
[2019-12-09T02:51:35.692+0000][1][safepoint    ] Application time: 0.0000539 seconds
[2019-12-09T02:51:35.692+0000][1][safepoint    ] Entering safepoint region: RevokeBias
[2019-12-09T02:51:35.692+0000][1][safepoint    ] Leaving safepoint region
[2019-12-09T02:51:35.692+0000][1][safepoint    ] Total time for which application threads were stopped: 0.0000472 seconds, Stopping threads took: 0.0000083 seconds
[2019-12-09T02:51:35.693+0000][1][safepoint    ] Application time: 0.0000601 seconds
[2019-12-09T02:51:35.693+0000][1][safepoint    ] Entering safepoint region: RevokeBias
[2019-12-09T02:51:35.693+0000][1][safepoint    ] Leaving safepoint region
[2019-12-09T02:51:35.693+0000][1][safepoint    ] Total time for which application threads were stopped: 0.0000539 seconds, Stopping threads took: 0.0000145 seconds
[2019-12-09T02:51:35.693+0000][1][safepoint    ] Application time: 0.0000513 seconds
[2019-12-09T02:51:35.693+0000][1][safepoint    ] Entering safepoint region: RevokeBias
[2019-12-09T02:51:35.693+0000][1][safepoint    ] Leaving safepoint region
[2019-12-09T02:51:35.693+0000][1][safepoint    ] Total time for which application threads were stopped: 0.0000612 seconds, Stopping threads took: 0.0000081 seconds
[2019-12-09T02:51:36.464+0000][1][safepoint    ] Application time: 0.7717533 seconds
[2019-12-09T02:51:36.465+0000][1][safepoint    ] Entering safepoint region: RevokeBias
[2019-12-09T02:51:36.465+0000][1][safepoint    ] Leaving safepoint region
[2019-12-09T02:51:36.465+0000][1][safepoint    ] Total time for which application threads were stopped: 0.0001052 seconds, Stopping threads took: 0.0000133 seconds
[2019-12-09T02:51:36.937+0000][1][safepoint    ] Application time: 0.4722998 seconds
[2019-12-09T02:51:36.937+0000][1][safepoint    ] Entering safepoint region: Deoptimize
[2019-12-09T02:51:36.937+0000][1][safepoint    ] Leaving safepoint region
[2019-12-09T02:51:36.937+0000][1][safepoint    ] Total time for which application threads were stopped: 0.0003788 seconds, Stopping threads took: 0.0000123 seconds
[2019-12-09T02:51:37.941+0000][1][safepoint    ] Application time: 1.0033286 seconds
[2019-12-09T02:51:37.948+0000][1][safepoint    ] Entering safepoint region: Cleanup
[2019-12-09T02:51:37.948+0000][1][safepoint    ] Leaving safepoint region
[2019-12-09T02:51:37.948+0000][1][safepoint    ] Total time for which application threads were stopped: 0.0077721 seconds, Stopping threads took: 0.0076957 seconds
[2019-12-09T02:51:38.091+0000][1][safepoint    ] Application time: 0.1420154 seconds
[2019-12-09T02:51:38.155+0000][1][safepoint    ] Entering safepoint region: RevokeBias
[2019-12-09T02:51:38.155+0000][1][safepoint    ] Leaving safepoint region
[2019-12-09T02:51:38.155+0000][1][safepoint    ] Total time for which application threads were stopped: 0.0643551 seconds, Stopping threads took: 0.0642717 seconds
[2019-12-09T02:51:39.168+0000][1][safepoint    ] Application time: 1.0127819 seconds
[2019-12-09T02:51:39.214+0000][1][safepoint    ] Entering safepoint region: Cleanup
[2019-12-09T02:51:39.214+0000][1][safepoint    ] Leaving safepoint region
[2019-12-09T02:51:39.214+0000][1][safepoint    ] Total time for which application threads were stopped: 0.0460488 seconds, Stopping threads took: 0.0459920 seconds
[2019-12-09T02:51:39.744+0000][1][safepoint    ] Application time: 0.5304764 seconds
[2019-12-09T02:51:39.744+0000][1][safepoint    ] Entering safepoint region: GenCollectForAllocation
[2019-12-09T02:51:39.744+0000][1][gc,start     ] GC(1) Pause Young (Allocation Failure)
[2019-12-09T02:51:39.744+0000][1][gc,task      ] GC(1) Using 2 workers of 2 for evacuation
[2019-12-09T02:51:40.075+0000][1][gc,age       ] GC(1) Desired survivor size 4456448 bytes, new threshold 6 (max threshold 6)
[2019-12-09T02:51:40.075+0000][1][gc,age       ] GC(1) Age table with threshold 6 (max threshold 6)
[2019-12-09T02:51:40.075+0000][1][gc,age       ] GC(1) - age   1:    1243368 bytes,    1243368 total
[2019-12-09T02:51:40.075+0000][1][gc,heap      ] GC(1) ParNew: 76546K->4293K(78656K)
[2019-12-09T02:51:40.075+0000][1][gc,heap      ] GC(1) CMS: 0K->7035K(174784K)
[2019-12-09T02:51:40.075+0000][1][gc,metaspace ] GC(1) Metaspace: 14896K->14896K(1062912K)
[2019-12-09T02:51:40.075+0000][1][gc           ] GC(1) Pause Young (Allocation Failure) 74M->11M(247M) 330.630ms
[2019-12-09T02:51:40.075+0000][1][gc,cpu       ] GC(1) User=0.07s Sys=0.00s Real=0.34s
[2019-12-09T02:51:40.075+0000][1][safepoint    ] Leaving safepoint region
[2019-12-09T02:51:40.075+0000][1][safepoint    ] Total time for which application threads were stopped: 0.3307846 seconds, Stopping threads took: 0.0000156 seconds
[2019-12-09T02:51:40.078+0000][1][safepoint    ] Application time: 0.0028302 seconds
[2019-12-09T02:51:40.078+0000][1][safepoint    ] Entering safepoint region: BulkRevokeBias
[2019-12-09T02:51:40.078+0000][1][safepoint    ] Leaving safepoint region
[2019-12-09T02:51:40.078+0000][1][safepoint    ] Total time for which application threads were stopped: 0.0002037 seconds, Stopping threads took: 0.0000507 seconds
[2019-12-09T02:51:40.078+0000][1][safepoint    ] Application time: 0.0001203 seconds
[2019-12-09T02:51:40.078+0000][1][safepoint    ] Entering safepoint region: RevokeBias
[2019-12-09T02:51:40.078+0000][1][safepoint    ] Leaving safepoint region
[2019-12-09T02:51:40.078+0000][1][safepoint    ] Total time for which application threads were stopped: 0.0000548 seconds, Stopping threads took: 0.0000083 seconds
[2019-12-09T02:51:40.078+0000][1][safepoint    ] Application time: 0.0000585 seconds
[2019-12-09T02:51:40.078+0000][1][safepoint    ] Entering safepoint region: RevokeBias
[2019-12-09T02:51:40.078+0000][1][safepoint    ] Leaving safepoint region
[2019-12-09T02:51:40.078+0000][1][safepoint    ] Total time for which application threads were stopped: 0.0000490 seconds, Stopping threads took: 0.0000070 seconds
[2019-12-09T02:51:40.079+0000][1][safepoint    ] Application time: 0.0000443 seconds
[2019-12-09T02:51:40.079+0000][1][safepoint    ] Entering safepoint region: RevokeBias
[2019-12-09T02:51:40.079+0000][1][safepoint    ] Leaving safepoint region
[2019-12-09T02:51:40.079+0000][1][safepoint    ] Total time for which application threads were stopped: 0.0000491 seconds, Stopping threads took: 0.0000072 seconds
[2019-12-09T02:51:40.079+0000][1][safepoint    ] Application time: 0.0000484 seconds
[2019-12-09T02:51:40.079+0000][1][safepoint    ] Entering safepoint region: RevokeBias
[2019-12-09T02:51:40.079+0000][1][safepoint    ] Leaving safepoint region
[2019-12-09T02:51:40.079+0000][1][safepoint    ] Total time for which application threads were stopped: 0.0000766 seconds, Stopping threads took: 0.0000066 seconds
[2019-12-09T02:51:40.079+0000][1][safepoint    ] Application time: 0.0000468 seconds
[2019-12-09T02:51:40.079+0000][1][safepoint    ] Entering safepoint region: RevokeBias
[2019-12-09T02:51:40.079+0000][1][safepoint    ] Leaving safepoint region
[2019-12-09T02:51:40.079+0000][1][safepoint    ] Total time for which application threads were stopped: 0.0000597 seconds, Stopping threads took: 0.0000073 seconds
[2019-12-09T02:51:40.079+0000][1][safepoint    ] Application time: 0.0000537 seconds
[2019-12-09T02:51:40.079+0000][1][safepoint    ] Entering safepoint region: BulkRevokeBias
[2019-12-09T02:51:40.079+0000][1][safepoint    ] Leaving safepoint region
[2019-12-09T02:51:40.079+0000][1][safepoint    ] Total time for which application threads were stopped: 0.0000787 seconds, Stopping threads took: 0.0000069 seconds
[2019-12-09T02:51:40.079+0000][1][safepoint    ] Application time: 0.0002577 seconds
[2019-12-09T02:51:40.079+0000][1][safepoint    ] Entering safepoint region: RevokeBias
[2019-12-09T02:51:40.079+0000][1][safepoint    ] Leaving safepoint region
[2019-12-09T02:51:40.079+0000][1][safepoint    ] Total time for which application threads were stopped: 0.0000650 seconds, Stopping threads took: 0.0000093 seconds
[2019-12-09T02:51:40.079+0000][1][safepoint    ] Application time: 0.0000614 seconds
[2019-12-09T02:51:40.079+0000][1][safepoint    ] Entering safepoint region: BulkRevokeBias
[2019-12-09T02:51:40.079+0000][1][safepoint    ] Leaving safepoint region
[2019-12-09T02:51:40.079+0000][1][safepoint    ] Total time for which application threads were stopped: 0.0000773 seconds, Stopping threads took: 0.0000073 seconds
[2019-12-09T02:51:40.376+0000][1][safepoint    ] Application time: 0.2966541 seconds
[2019-12-09T02:51:40.376+0000][1][safepoint    ] Entering safepoint region: RevokeBias
[2019-12-09T02:51:40.376+0000][1][safepoint    ] Leaving safepoint region
[2019-12-09T02:51:40.376+0000][1][safepoint    ] Total time for which application threads were stopped: 0.0001067 seconds, Stopping threads took: 0.0000134 seconds
[2019-12-09T02:51:40.606+0000][1][safepoint    ] Application time: 0.2300679 seconds
[2019-12-09T02:51:40.606+0000][1][safepoint    ] Entering safepoint region: RevokeBias
[2019-12-09T02:51:40.607+0000][1][safepoint    ] Leaving safepoint region
[2019-12-09T02:51:40.607+0000][1][safepoint    ] Total time for which application threads were stopped: 0.0000933 seconds, Stopping threads took: 0.0000123 seconds
[2019-12-09T02:51:40.629+0000][1][safepoint    ] Application time: 0.0227939 seconds
[2019-12-09T02:51:40.629+0000][1][safepoint    ] Entering safepoint region: RevokeBias
[2019-12-09T02:51:40.629+0000][1][safepoint    ] Leaving safepoint region
[2019-12-09T02:51:40.629+0000][1][safepoint    ] Total time for which application threads were stopped: 0.0000821 seconds, Stopping threads took: 0.0000133 seconds
[2019-12-09T02:51:40.633+0000][1][safepoint    ] Application time: 0.0031627 seconds
[2019-12-09T02:51:40.633+0000][1][safepoint    ] Entering safepoint region: RevokeBias
[2019-12-09T02:51:40.633+0000][1][safepoint    ] Leaving safepoint region
[2019-12-09T02:51:40.633+0000][1][safepoint    ] Total time for which application threads were stopped: 0.0000851 seconds, Stopping threads took: 0.0000115 seconds
[2019-12-09T02:51:41.269+0000][1][safepoint    ] Application time: 0.6361469 seconds
[2019-12-09T02:51:41.269+0000][1][safepoint    ] Entering safepoint region: RevokeBias
[2019-12-09T02:51:41.269+0000][1][safepoint    ] Leaving safepoint region
[2019-12-09T02:51:41.269+0000][1][safepoint    ] Total time for which application threads were stopped: 0.0001250 seconds, Stopping threads took: 0.0000122 seconds
[2019-12-09T02:51:41.292+0000][1][safepoint    ] Application time: 0.0228493 seconds
[2019-12-09T02:51:41.292+0000][1][safepoint    ] Entering safepoint region: GenCollectForAllocation
[2019-12-09T02:51:41.292+0000][1][gc,start     ] GC(2) Pause Young (Allocation Failure)
[2019-12-09T02:51:41.292+0000][1][gc,task      ] GC(2) Using 2 workers of 2 for evacuation
[2019-12-09T02:51:41.321+0000][1][gc,age       ] GC(2) Desired survivor size 4456448 bytes, new threshold 6 (max threshold 6)
[2019-12-09T02:51:41.321+0000][1][gc,age       ] GC(2) Age table with threshold 6 (max threshold 6)
[2019-12-09T02:51:41.321+0000][1][gc,age       ] GC(2) - age   1:    1082512 bytes,    1082512 total
[2019-12-09T02:51:41.321+0000][1][gc,age       ] GC(2) - age   2:     974512 bytes,    2057024 total
[2019-12-09T02:51:41.321+0000][1][gc,heap      ] GC(2) ParNew: 74245K->2366K(78656K)
[2019-12-09T02:51:41.321+0000][1][gc,heap      ] GC(2) CMS: 7035K->7035K(174784K)
[2019-12-09T02:51:41.321+0000][1][gc,metaspace ] GC(2) Metaspace: 15004K->15004K(1062912K)
[2019-12-09T02:51:41.321+0000][1][gc           ] GC(2) Pause Young (Allocation Failure) 79M->9M(247M) 28.908ms
[2019-12-09T02:51:41.321+0000][1][gc,cpu       ] GC(2) User=0.02s Sys=0.00s Real=0.03s
[2019-12-09T02:51:41.321+0000][1][safepoint    ] Leaving safepoint region
[2019-12-09T02:51:41.321+0000][1][safepoint    ] Total time for which application threads were stopped: 0.0290415 seconds, Stopping threads took: 0.0000128 seconds
[2019-12-09T02:51:41.333+0000][1][safepoint    ] Application time: 0.0118550 seconds
[2019-12-09T02:51:41.391+0000][1][safepoint    ] Entering safepoint region: RevokeBias
[2019-12-09T02:51:41.391+0000][1][safepoint    ] Leaving safepoint region
[2019-12-09T02:51:41.391+0000][1][safepoint    ] Total time for which application threads were stopped: 0.0580677 seconds, Stopping threads took: 0.0579485 seconds
[2019-12-09T02:51:41.391+0000][1][safepoint    ] Application time: 0.0000699 seconds
[2019-12-09T02:51:41.391+0000][1][safepoint    ] Entering safepoint region: RevokeBias
[2019-12-09T02:51:41.391+0000][1][safepoint    ] Leaving safepoint region
[2019-12-09T02:51:41.391+0000][1][safepoint    ] Total time for which application threads were stopped: 0.0000786 seconds, Stopping threads took: 0.0000090 seconds
[2019-12-09T02:51:41.391+0000][1][safepoint    ] Application time: 0.0000710 seconds
[2019-12-09T02:51:41.391+0000][1][safepoint    ] Entering safepoint region: RevokeBias
[2019-12-09T02:51:41.391+0000][1][safepoint    ] Leaving safepoint region
[2019-12-09T02:51:41.391+0000][1][safepoint    ] Total time for which application threads were stopped: 0.0000796 seconds, Stopping threads took: 0.0000171 seconds
[2019-12-09T02:51:41.391+0000][1][safepoint    ] Application time: 0.0000485 seconds
[2019-12-09T02:51:41.391+0000][1][safepoint    ] Entering safepoint region: RevokeBias
[2019-12-09T02:51:41.391+0000][1][safepoint    ] Leaving safepoint region
[2019-12-09T02:51:41.391+0000][1][safepoint    ] Total time for which application threads were stopped: 0.0000651 seconds, Stopping threads took: 0.0000074 seconds
[2019-12-09T02:51:41.391+0000][1][safepoint    ] Application time: 0.0000576 seconds
[2019-12-09T02:51:41.391+0000][1][safepoint    ] Entering safepoint region: RevokeBias
[2019-12-09T02:51:41.392+0000][1][safepoint    ] Leaving safepoint region
[2019-12-09T02:51:41.392+0000][1][safepoint    ] Total time for which application threads were stopped: 0.0000664 seconds, Stopping threads took: 0.0000075 seconds
[2019-12-09T02:51:41.392+0000][1][safepoint    ] Application time: 0.0000480 seconds
[2019-12-09T02:51:41.392+0000][1][safepoint    ] Entering safepoint region: RevokeBias
[2019-12-09T02:51:41.392+0000][1][safepoint    ] Leaving safepoint region
[2019-12-09T02:51:41.392+0000][1][safepoint    ] Total time for which application threads were stopped: 0.0000691 seconds, Stopping threads took: 0.0000073 seconds
[2019-12-09T02:51:41.392+0000][1][safepoint    ] Application time: 0.0000705 seconds
[2019-12-09T02:51:41.392+0000][1][safepoint    ] Entering safepoint region: RevokeBias
[2019-12-09T02:51:41.392+0000][1][safepoint    ] Leaving safepoint region
[2019-12-09T02:51:41.392+0000][1][safepoint    ] Total time for which application threads were stopped: 0.0000656 seconds, Stopping threads took: 0.0000076 seconds
[2019-12-09T02:51:41.392+0000][1][safepoint    ] Application time: 0.0000457 seconds
[2019-12-09T02:51:41.392+0000][1][safepoint    ] Entering safepoint region: RevokeBias
[2019-12-09T02:51:41.392+0000][1][safepoint    ] Leaving safepoint region
[2019-12-09T02:51:41.392+0000][1][safepoint    ] Total time for which application threads were stopped: 0.0000610 seconds, Stopping threads took: 0.0000066 seconds
[2019-12-09T02:51:41.392+0000][1][safepoint    ] Application time: 0.0000516 seconds
[2019-12-09T02:51:41.392+0000][1][safepoint    ] Entering safepoint region: RevokeBias
[2019-12-09T02:51:41.392+0000][1][safepoint    ] Leaving safepoint region
[2019-12-09T02:51:41.392+0000][1][safepoint    ] Total time for which application threads were stopped: 0.0000619 seconds, Stopping threads took: 0.0000068 seconds
[2019-12-09T02:51:41.392+0000][1][safepoint    ] Application time: 0.0000444 seconds
[2019-12-09T02:51:41.392+0000][1][safepoint    ] Entering safepoint region: RevokeBias
[2019-12-09T02:51:41.392+0000][1][safepoint    ] Leaving safepoint region
[2019-12-09T02:51:41.392+0000][1][safepoint    ] Total time for which application threads were stopped: 0.0000548 seconds, Stopping threads took: 0.0000059 seconds
[2019-12-09T02:51:41.392+0000][1][safepoint    ] Application time: 0.0000480 seconds
[2019-12-09T02:51:41.392+0000][1][safepoint    ] Entering safepoint region: RevokeBias
[2019-12-09T02:51:41.392+0000][1][safepoint    ] Leaving safepoint region
[2019-12-09T02:51:41.392+0000][1][safepoint    ] Total time for which application threads were stopped: 0.0000566 seconds, Stopping threads took: 0.0000060 seconds
[2019-12-09T02:51:41.393+0000][1][safepoint    ] Application time: 0.0003621 seconds
[2019-12-09T02:51:41.393+0000][1][safepoint    ] Entering safepoint region: RevokeBias
[2019-12-09T02:51:41.393+0000][1][safepoint    ] Leaving safepoint region
[2019-12-09T02:51:41.393+0000][1][safepoint    ] Total time for which application threads were stopped: 0.0001117 seconds, Stopping threads took: 0.0000233 seconds
[2019-12-09T02:51:41.393+0000][1][safepoint    ] Application time: 0.0000738 seconds
[2019-12-09T02:51:41.393+0000][1][safepoint    ] Entering safepoint region: RevokeBias
[2019-12-09T02:51:41.393+0000][1][safepoint    ] Leaving safepoint region
[2019-12-09T02:51:41.393+0000][1][safepoint    ] Total time for which application threads were stopped: 0.0000648 seconds, Stopping threads took: 0.0000151 seconds
[2019-12-09T02:51:41.395+0000][1][safepoint    ] Application time: 0.0017822 seconds
[2019-12-09T02:51:41.395+0000][1][safepoint    ] Entering safepoint region: RevokeBias
[2019-12-09T02:51:41.395+0000][1][safepoint    ] Leaving safepoint region
[2019-12-09T02:51:41.395+0000][1][safepoint    ] Total time for which application threads were stopped: 0.0000850 seconds, Stopping threads took: 0.0000425 seconds
[2019-12-09T02:51:41.395+0000][1][safepoint    ] Application time: 0.0000693 seconds
[2019-12-09T02:51:41.395+0000][1][safepoint    ] Entering safepoint region: RevokeBias
[2019-12-09T02:51:41.395+0000][1][safepoint    ] Leaving safepoint region
[2019-12-09T02:51:41.395+0000][1][safepoint    ] Total time for which application threads were stopped: 0.0000408 seconds, Stopping threads took: 0.0000087 seconds
[2019-12-09T02:51:41.395+0000][1][safepoint    ] Application time: 0.0000525 seconds
[2019-12-09T02:51:41.395+0000][1][safepoint    ] Entering safepoint region: RevokeBias
[2019-12-09T02:51:41.395+0000][1][safepoint    ] Leaving safepoint region
[2019-12-09T02:51:41.395+0000][1][safepoint    ] Total time for which application threads were stopped: 0.0000365 seconds, Stopping threads took: 0.0000082 seconds
[2019-12-09T02:51:41.395+0000][1][safepoint    ] Application time: 0.0000592 seconds
[2019-12-09T02:51:41.395+0000][1][safepoint    ] Entering safepoint region: RevokeBias
[2019-12-09T02:51:41.395+0000][1][safepoint    ] Leaving safepoint region
[2019-12-09T02:51:41.395+0000][1][safepoint    ] Total time for which application threads were stopped: 0.0000363 seconds, Stopping threads took: 0.0000085 seconds
[2019-12-09T02:51:41.395+0000][1][safepoint    ] Application time: 0.0000512 seconds
[2019-12-09T02:51:41.395+0000][1][safepoint    ] Entering safepoint region: RevokeBias
[2019-12-09T02:51:41.395+0000][1][safepoint    ] Leaving safepoint region
[2019-12-09T02:51:41.395+0000][1][safepoint    ] Total time for which application threads were stopped: 0.0000331 seconds, Stopping threads took: 0.0000076 seconds
[2019-12-09T02:51:42.506+0000][1][safepoint    ] Application time: 1.1104306 seconds
[2019-12-09T02:51:42.507+0000][1][safepoint    ] Entering safepoint region: Cleanup
[2019-12-09T02:51:42.508+0000][1][safepoint    ] Leaving safepoint region
[2019-12-09T02:51:42.508+0000][1][safepoint    ] Total time for which application threads were stopped: 0.0017672 seconds, Stopping threads took: 0.0016748 seconds
[2019-12-09T02:51:42.534+0000][1][safepoint    ] Application time: 0.0264983 seconds
[2019-12-09T02:51:42.534+0000][1][safepoint    ] Entering safepoint region: Deoptimize
[2019-12-09T02:51:42.534+0000][1][safepoint    ] Leaving safepoint region
[2019-12-09T02:51:42.534+0000][1][safepoint    ] Total time for which application threads were stopped: 0.0003895 seconds, Stopping threads took: 0.0000114 seconds
[2019-12-09T02:51:42.535+0000][1][safepoint    ] Application time: 0.0005320 seconds
[2019-12-09T02:51:42.535+0000][1][safepoint    ] Entering safepoint region: Deoptimize
[2019-12-09T02:51:42.535+0000][1][safepoint    ] Leaving safepoint region
[2019-12-09T02:51:42.535+0000][1][safepoint    ] Total time for which application threads were stopped: 0.0003108 seconds, Stopping threads took: 0.0000110 seconds
[2019-12-09T02:51:43.536+0000][1][safepoint    ] Application time: 1.0003799 seconds
[2019-12-09T02:51:43.626+0000][1][safepoint    ] Entering safepoint region: Cleanup
[2019-12-09T02:51:43.626+0000][1][safepoint    ] Leaving safepoint region
[2019-12-09T02:51:43.626+0000][1][safepoint    ] Total time for which application threads were stopped: 0.0901569 seconds, Stopping threads took: 0.0900627 seconds
[2019-12-09T02:51:44.365+0000][1][safepoint    ] Application time: 0.7390773 seconds
[2019-12-09T02:51:44.365+0000][1][safepoint    ] Entering safepoint region: RevokeBias
[2019-12-09T02:51:44.365+0000][1][safepoint    ] Leaving safepoint region
[2019-12-09T02:51:44.365+0000][1][safepoint    ] Total time for which application threads were stopped: 0.0001033 seconds, Stopping threads took: 0.0000204 seconds
[2019-12-09T02:51:44.480+0000][1][safepoint    ] Application time: 0.1148904 seconds
[2019-12-09T02:51:44.480+0000][1][safepoint    ] Entering safepoint region: RevokeBias
[2019-12-09T02:51:44.480+0000][1][safepoint    ] Leaving safepoint region
[2019-12-09T02:51:44.480+0000][1][safepoint    ] Total time for which application threads were stopped: 0.0000871 seconds, Stopping threads took: 0.0000133 seconds
[2019-12-09T02:51:44.495+0000][1][safepoint    ] Application time: 0.0153207 seconds
[2019-12-09T02:51:44.495+0000][1][safepoint    ] Entering safepoint region: RevokeBias
[2019-12-09T02:51:44.496+0000][1][safepoint    ] Leaving safepoint region
[2019-12-09T02:51:44.496+0000][1][safepoint    ] Total time for which application threads were stopped: 0.0000772 seconds, Stopping threads took: 0.0000136 seconds
[2019-12-09T02:51:45.032+0000][1][safepoint    ] Application time: 0.5361460 seconds
[2019-12-09T02:51:45.032+0000][1][safepoint    ] Entering safepoint region: GenCollectForAllocation
[2019-12-09T02:51:45.032+0000][1][gc,start     ] GC(3) Pause Young (Allocation Failure)
[2019-12-09T02:51:45.032+0000][1][gc,task      ] GC(3) Using 2 workers of 2 for evacuation
[2019-12-09T02:51:45.206+0000][1][gc,age       ] GC(3) Desired survivor size 4456448 bytes, new threshold 3 (max threshold 6)
[2019-12-09T02:51:45.206+0000][1][gc,age       ] GC(3) Age table with threshold 3 (max threshold 6)
[2019-12-09T02:51:45.206+0000][1][gc,age       ] GC(3) - age   1:    3294936 bytes,    3294936 total
[2019-12-09T02:51:45.206+0000][1][gc,age       ] GC(3) - age   2:    1065248 bytes,    4360184 total
[2019-12-09T02:51:45.206+0000][1][gc,age       ] GC(3) - age   3:     972336 bytes,    5332520 total
[2019-12-09T02:51:45.206+0000][1][gc,heap      ] GC(3) ParNew: 72318K->5996K(78656K)
[2019-12-09T02:51:45.206+0000][1][gc,heap      ] GC(3) CMS: 7035K->7035K(174784K)
[2019-12-09T02:51:45.206+0000][1][gc,metaspace ] GC(3) Metaspace: 18530K->18530K(1067008K)
[2019-12-09T02:51:45.206+0000][1][gc           ] GC(3) Pause Young (Allocation Failure) 77M->12M(247M) 174.136ms
[2019-12-09T02:51:45.206+0000][1][gc,cpu       ] GC(3) User=0.03s Sys=0.00s Real=0.18s
[2019-12-09T02:51:45.206+0000][1][safepoint    ] Leaving safepoint region
[2019-12-09T02:51:45.206+0000][1][safepoint    ] Total time for which application threads were stopped: 0.1742670 seconds, Stopping threads took: 0.0000135 seconds
[2019-12-09T02:51:45.209+0000][1][safepoint    ] Application time: 0.0029490 seconds
[2019-12-09T02:51:45.225+0000][1][safepoint    ] Entering safepoint region: BulkRevokeBias
[2019-12-09T02:51:45.225+0000][1][safepoint    ] Leaving safepoint region
[2019-12-09T02:51:45.225+0000][1][safepoint    ] Total time for which application threads were stopped: 0.0161582 seconds, Stopping threads took: 0.0159927 seconds
[2019-12-09T02:51:45.226+0000][1][safepoint    ] Application time: 0.0007512 seconds
[2019-12-09T02:51:45.226+0000][1][safepoint    ] Entering safepoint region: RevokeBias
[2019-12-09T02:51:45.226+0000][1][safepoint    ] Leaving safepoint region
[2019-12-09T02:51:45.226+0000][1][safepoint    ] Total time for which application threads were stopped: 0.0000702 seconds, Stopping threads took: 0.0000107 seconds
[2019-12-09T02:51:45.226+0000][1][safepoint    ] Application time: 0.0001812 seconds
[2019-12-09T02:51:45.226+0000][1][safepoint    ] Entering safepoint region: RevokeBias
[2019-12-09T02:51:45.226+0000][1][safepoint    ] Leaving safepoint region
[2019-12-09T02:51:45.226+0000][1][safepoint    ] Total time for which application threads were stopped: 0.0000509 seconds, Stopping threads took: 0.0000078 seconds
[2019-12-09T02:51:45.226+0000][1][safepoint    ] Application time: 0.0000453 seconds
[2019-12-09T02:51:45.226+0000][1][safepoint    ] Entering safepoint region: RevokeBias
[2019-12-09T02:51:45.226+0000][1][safepoint    ] Leaving safepoint region
[2019-12-09T02:51:45.226+0000][1][safepoint    ] Total time for which application threads were stopped: 0.0000531 seconds, Stopping threads took: 0.0000170 seconds
[2019-12-09T02:51:45.226+0000][1][safepoint    ] Application time: 0.0000470 seconds
[2019-12-09T02:51:45.226+0000][1][safepoint    ] Entering safepoint region: RevokeBias
[2019-12-09T02:51:45.226+0000][1][safepoint    ] Leaving safepoint region
[2019-12-09T02:51:45.226+0000][1][safepoint    ] Total time for which application threads were stopped: 0.0000415 seconds, Stopping threads took: 0.0000068 seconds
[2019-12-09T02:51:45.227+0000][1][safepoint    ] Application time: 0.0000434 seconds
[2019-12-09T02:51:45.227+0000][1][safepoint    ] Entering safepoint region: RevokeBias
[2019-12-09T02:51:45.227+0000][1][safepoint    ] Leaving safepoint region
[2019-12-09T02:51:45.227+0000][1][safepoint    ] Total time for which application threads were stopped: 0.0000415 seconds, Stopping threads took: 0.0000067 seconds
[2019-12-09T02:51:45.527+0000][1][safepoint    ] Application time: 0.3006341 seconds
[2019-12-09T02:51:45.527+0000][1][safepoint    ] Entering safepoint region: RevokeBias
[2019-12-09T02:51:45.527+0000][1][safepoint    ] Leaving safepoint region
[2019-12-09T02:51:45.527+0000][1][safepoint    ] Total time for which application threads were stopped: 0.0000967 seconds, Stopping threads took: 0.0000126 seconds
[2019-12-09T02:51:45.544+0000][1][safepoint    ] Application time: 0.0161763 seconds
[2019-12-09T02:51:45.544+0000][1][safepoint    ] Entering safepoint region: RevokeBias
[2019-12-09T02:51:45.544+0000][1][safepoint    ] Leaving safepoint region
[2019-12-09T02:51:45.544+0000][1][safepoint    ] Total time for which application threads were stopped: 0.0000809 seconds, Stopping threads took: 0.0000124 seconds
[2019-12-09T02:51:46.098+0000][1][safepoint    ] Application time: 0.5540437 seconds
[2019-12-09T02:51:46.098+0000][1][safepoint    ] Entering safepoint region: RevokeBias
[2019-12-09T02:51:46.098+0000][1][safepoint    ] Leaving safepoint region
[2019-12-09T02:51:46.098+0000][1][safepoint    ] Total time for which application threads were stopped: 0.0000866 seconds, Stopping threads took: 0.0000118 seconds
[2019-12-09T02:51:46.099+0000][1][safepoint    ] Application time: 0.0014848 seconds
[2019-12-09T02:51:46.099+0000][1][safepoint    ] Entering safepoint region: RevokeBias
[2019-12-09T02:51:46.099+0000][1][safepoint    ] Leaving safepoint region
[2019-12-09T02:51:46.099+0000][1][safepoint    ] Total time for which application threads were stopped: 0.0000759 seconds, Stopping threads took: 0.0000122 seconds
[2019-12-09T02:51:46.298+0000][1][safepoint    ] Application time: 0.1986405 seconds
[2019-12-09T02:51:46.298+0000][1][safepoint    ] Entering safepoint region: GenCollectForAllocation
[2019-12-09T02:51:46.298+0000][1][gc,start     ] GC(4) Pause Young (Allocation Failure)
[2019-12-09T02:51:46.298+0000][1][gc,task      ] GC(4) Using 2 workers of 2 for evacuation
[2019-12-09T02:51:46.541+0000][1][gc,age       ] GC(4) Desired survivor size 4456448 bytes, new threshold 2 (max threshold 6)
[2019-12-09T02:51:46.541+0000][1][gc,age       ] GC(4) Age table with threshold 2 (max threshold 6)
[2019-12-09T02:51:46.541+0000][1][gc,age       ] GC(4) - age   1:    2109120 bytes,    2109120 total
[2019-12-09T02:51:46.541+0000][1][gc,age       ] GC(4) - age   2:    2647400 bytes,    4756520 total
[2019-12-09T02:51:46.541+0000][1][gc,age       ] GC(4) - age   3:    1065248 bytes,    5821768 total
[2019-12-09T02:51:46.541+0000][1][gc,heap      ] GC(4) ParNew: 75948K->8163K(78656K)
[2019-12-09T02:51:46.541+0000][1][gc,heap      ] GC(4) CMS: 7035K->7998K(174784K)
[2019-12-09T02:51:46.541+0000][1][gc,metaspace ] GC(4) Metaspace: 18745K->18745K(1067008K)
[2019-12-09T02:51:46.541+0000][1][gc           ] GC(4) Pause Young (Allocation Failure) 81M->15M(247M) 242.774ms
[2019-12-09T02:51:46.541+0000][1][gc,cpu       ] GC(4) User=0.05s Sys=0.00s Real=0.24s
[2019-12-09T02:51:46.541+0000][1][safepoint    ] Leaving safepoint region
[2019-12-09T02:51:46.541+0000][1][safepoint    ] Total time for which application threads were stopped: 0.2429178 seconds, Stopping threads took: 0.0000131 seconds
[2019-12-09T02:51:46.543+0000][1][safepoint    ] Application time: 0.0019105 seconds
[2019-12-09T02:51:46.550+0000][1][safepoint    ] Entering safepoint region: RevokeBias
[2019-12-09T02:51:46.550+0000][1][safepoint    ] Leaving safepoint region
[2019-12-09T02:51:46.550+0000][1][safepoint    ] Total time for which application threads were stopped: 0.0071194 seconds, Stopping threads took: 0.0070260 seconds
[2019-12-09T02:51:46.550+0000][1][safepoint    ] Application time: 0.0000674 seconds
[2019-12-09T02:51:46.550+0000][1][safepoint    ] Entering safepoint region: RevokeBias
[2019-12-09T02:51:46.550+0000][1][safepoint    ] Leaving safepoint region
[2019-12-09T02:51:46.550+0000][1][safepoint    ] Total time for which application threads were stopped: 0.0000814 seconds, Stopping threads took: 0.0000082 seconds
[2019-12-09T02:51:46.550+0000][1][safepoint    ] Application time: 0.0000766 seconds
[2019-12-09T02:51:46.550+0000][1][safepoint    ] Entering safepoint region: RevokeBias
[2019-12-09T02:51:46.550+0000][1][safepoint    ] Leaving safepoint region
[2019-12-09T02:51:46.550+0000][1][safepoint    ] Total time for which application threads were stopped: 0.0000571 seconds, Stopping threads took: 0.0000080 seconds
[2019-12-09T02:51:46.550+0000][1][safepoint    ] Application time: 0.0000509 seconds
[2019-12-09T02:51:46.550+0000][1][safepoint    ] Entering safepoint region: RevokeBias
[2019-12-09T02:51:46.551+0000][1][safepoint    ] Leaving safepoint region
[2019-12-09T02:51:46.551+0000][1][safepoint    ] Total time for which application threads were stopped: 0.0000506 seconds, Stopping threads took: 0.0000074 seconds
[2019-12-09T02:51:46.631+0000][1][safepoint    ] Application time: 0.0800127 seconds
[2019-12-09T02:51:46.631+0000][1][safepoint    ] Entering safepoint region: RevokeBias
[2019-12-09T02:51:46.631+0000][1][safepoint    ] Leaving safepoint region
[2019-12-09T02:51:46.631+0000][1][safepoint    ] Total time for which application threads were stopped: 0.0000826 seconds, Stopping threads took: 0.0000124 seconds
[2019-12-09T02:51:46.633+0000][1][safepoint    ] Application time: 0.0021205 seconds
[2019-12-09T02:51:46.633+0000][1][safepoint    ] Entering safepoint region: RevokeBias
[2019-12-09T02:51:46.633+0000][1][safepoint    ] Leaving safepoint region
[2019-12-09T02:51:46.633+0000][1][safepoint    ] Total time for which application threads were stopped: 0.0000646 seconds, Stopping threads took: 0.0000102 seconds
[2019-12-09T02:51:46.752+0000][1][safepoint    ] Application time: 0.1188409 seconds
[2019-12-09T02:51:46.752+0000][1][safepoint    ] Entering safepoint region: Deoptimize
[2019-12-09T02:51:46.752+0000][1][safepoint    ] Leaving safepoint region
[2019-12-09T02:51:46.752+0000][1][safepoint    ] Total time for which application threads were stopped: 0.0004010 seconds, Stopping threads took: 0.0000143 seconds
[2019-12-09T02:51:47.275+0000][1][safepoint    ] Application time: 0.5232502 seconds
[2019-12-09T02:51:47.275+0000][1][safepoint    ] Entering safepoint region: Deoptimize
[2019-12-09T02:51:47.276+0000][1][safepoint    ] Leaving safepoint region
[2019-12-09T02:51:47.276+0000][1][safepoint    ] Total time for which application threads were stopped: 0.0004206 seconds, Stopping threads took: 0.0000126 seconds
[2019-12-09T02:51:48.205+0000][1][safepoint    ] Application time: 0.9288382 seconds
[2019-12-09T02:51:48.205+0000][1][safepoint    ] Entering safepoint region: GenCollectForAllocation
[2019-12-09T02:51:48.205+0000][1][gc,start     ] GC(5) Pause Young (Allocation Failure)
[2019-12-09T02:51:48.205+0000][1][gc,task      ] GC(5) Using 2 workers of 2 for evacuation
[2019-12-09T02:51:48.299+0000][1][gc,age       ] GC(5) Desired survivor size 4456448 bytes, new threshold 6 (max threshold 6)
[2019-12-09T02:51:48.299+0000][1][gc,age       ] GC(5) Age table with threshold 6 (max threshold 6)
[2019-12-09T02:51:48.299+0000][1][gc,age       ] GC(5) - age   1:    3173496 bytes,    3173496 total
[2019-12-09T02:51:48.299+0000][1][gc,age       ] GC(5) - age   2:     442712 bytes,    3616208 total
[2019-12-09T02:51:48.299+0000][1][gc,heap      ] GC(5) ParNew: 78115K->5284K(78656K)
[2019-12-09T02:51:48.299+0000][1][gc,heap      ] GC(5) CMS: 7998K->11654K(174784K)
[2019-12-09T02:51:48.299+0000][1][gc,metaspace ] GC(5) Metaspace: 19080K->19080K(1067008K)
[2019-12-09T02:51:48.299+0000][1][gc           ] GC(5) Pause Young (Allocation Failure) 84M->16M(247M) 94.134ms
[2019-12-09T02:51:48.299+0000][1][gc,cpu       ] GC(5) User=0.04s Sys=0.00s Real=0.09s
[2019-12-09T02:51:48.299+0000][1][safepoint    ] Leaving safepoint region
[2019-12-09T02:51:48.299+0000][1][safepoint    ] Total time for which application threads were stopped: 0.0942756 seconds, Stopping threads took: 0.0000146 seconds
[2019-12-09T02:51:48.300+0000][1][safepoint    ] Application time: 0.0008163 seconds
[2019-12-09T02:51:48.327+0000][1][safepoint    ] Entering safepoint region: RevokeBias
[2019-12-09T02:51:48.327+0000][1][safepoint    ] Leaving safepoint region
[2019-12-09T02:51:48.327+0000][1][safepoint    ] Total time for which application threads were stopped: 0.0270654 seconds, Stopping threads took: 0.0269537 seconds
[2019-12-09T02:51:48.342+0000][1][safepoint    ] Application time: 0.0147970 seconds
[2019-12-09T02:51:48.342+0000][1][safepoint    ] Entering safepoint region: RevokeBias
[2019-12-09T02:51:48.342+0000][1][safepoint    ] Leaving safepoint region
[2019-12-09T02:51:48.342+0000][1][safepoint    ] Total time for which application threads were stopped: 0.0001189 seconds, Stopping threads took: 0.0000165 seconds
[2019-12-09T02:51:48.350+0000][1][safepoint    ] Application time: 0.0080703 seconds
[2019-12-09T02:51:48.350+0000][1][safepoint    ] Entering safepoint region: RevokeBias
[2019-12-09T02:51:48.350+0000][1][safepoint    ] Leaving safepoint region
[2019-12-09T02:51:48.350+0000][1][safepoint    ] Total time for which application threads were stopped: 0.0000644 seconds, Stopping threads took: 0.0000111 seconds
[2019-12-09T02:51:48.363+0000][1][safepoint    ] Application time: 0.0126300 seconds
[2019-12-09T02:51:48.363+0000][1][safepoint    ] Entering safepoint region: RevokeBias
[2019-12-09T02:51:48.363+0000][1][safepoint    ] Leaving safepoint region
[2019-12-09T02:51:48.363+0000][1][safepoint    ] Total time for which application threads were stopped: 0.0000715 seconds, Stopping threads took: 0.0000135 seconds
[2019-12-09T02:51:48.375+0000][1][safepoint    ] Application time: 0.0122435 seconds
[2019-12-09T02:51:48.407+0000][1][safepoint    ] Entering safepoint region: RevokeBias
[2019-12-09T02:51:48.407+0000][1][safepoint    ] Leaving safepoint region
[2019-12-09T02:51:48.407+0000][1][safepoint    ] Total time for which application threads were stopped: 0.0318907 seconds, Stopping threads took: 0.0317648 seconds
[2019-12-09T02:51:48.416+0000][1][safepoint    ] Application time: 0.0094028 seconds
[2019-12-09T02:51:48.459+0000][1][safepoint    ] Entering safepoint region: RevokeBias
[2019-12-09T02:51:48.459+0000][1][safepoint    ] Leaving safepoint region
[2019-12-09T02:51:48.459+0000][1][safepoint    ] Total time for which application threads were stopped: 0.0426752 seconds, Stopping threads took: 0.0425539 seconds
[2019-12-09T02:51:49.222+0000][1][safepoint    ] Application time: 0.7625301 seconds
[2019-12-09T02:51:49.222+0000][1][safepoint    ] Entering safepoint region: RevokeBias
[2019-12-09T02:51:49.222+0000][1][safepoint    ] Leaving safepoint region
[2019-12-09T02:51:49.222+0000][1][safepoint    ] Total time for which application threads were stopped: 0.0000942 seconds, Stopping threads took: 0.0000273 seconds
[2019-12-09T02:51:49.222+0000][1][safepoint    ] Application time: 0.0002220 seconds
[2019-12-09T02:51:49.222+0000][1][safepoint    ] Entering safepoint region: RevokeBias
[2019-12-09T02:51:49.222+0000][1][safepoint    ] Leaving safepoint region
[2019-12-09T02:51:49.222+0000][1][safepoint    ] Total time for which application threads were stopped: 0.0000457 seconds, Stopping threads took: 0.0000100 seconds
[2019-12-09T02:51:49.595+0000][1][safepoint    ] Application time: 0.3726452 seconds
[2019-12-09T02:51:49.595+0000][1][safepoint    ] Entering safepoint region: GenCollectForAllocation
[2019-12-09T02:51:49.595+0000][1][gc,start     ] GC(6) Pause Young (Allocation Failure)
[2019-12-09T02:51:49.595+0000][1][gc,task      ] GC(6) Using 2 workers of 2 for evacuation
[2019-12-09T02:51:49.655+0000][1][gc,age       ] GC(6) Desired survivor size 4456448 bytes, new threshold 6 (max threshold 6)
[2019-12-09T02:51:49.655+0000][1][gc,age       ] GC(6) Age table with threshold 6 (max threshold 6)
[2019-12-09T02:51:49.655+0000][1][gc,age       ] GC(6) - age   1:    1619712 bytes,    1619712 total
[2019-12-09T02:51:49.655+0000][1][gc,age       ] GC(6) - age   2:    2192512 bytes,    3812224 total
[2019-12-09T02:51:49.655+0000][1][gc,age       ] GC(6) - age   3:     442712 bytes,    4254936 total
[2019-12-09T02:51:49.655+0000][1][gc,heap      ] GC(6) ParNew: 75236K->5954K(78656K)
[2019-12-09T02:51:49.655+0000][1][gc,heap      ] GC(6) CMS: 11654K->11654K(174784K)
[2019-12-09T02:51:49.655+0000][1][gc,metaspace ] GC(6) Metaspace: 19383K->19383K(1067008K)
[2019-12-09T02:51:49.655+0000][1][gc           ] GC(6) Pause Young (Allocation Failure) 84M->17M(247M) 60.088ms
[2019-12-09T02:51:49.655+0000][1][gc,cpu       ] GC(6) User=0.02s Sys=0.00s Real=0.06s
[2019-12-09T02:51:49.655+0000][1][safepoint    ] Leaving safepoint region
[2019-12-09T02:51:49.655+0000][1][safepoint    ] Total time for which application threads were stopped: 0.0602105 seconds, Stopping threads took: 0.0000137 seconds
[2019-12-09T02:51:49.663+0000][1][safepoint    ] Application time: 0.0077551 seconds
[2019-12-09T02:51:49.719+0000][1][safepoint    ] Entering safepoint region: RevokeBias
[2019-12-09T02:51:49.719+0000][1][safepoint    ] Leaving safepoint region
[2019-12-09T02:51:49.719+0000][1][safepoint    ] Total time for which application threads were stopped: 0.0561476 seconds, Stopping threads took: 0.0560528 seconds
[2019-12-09T02:51:49.719+0000][1][safepoint    ] Application time: 0.0000691 seconds
[2019-12-09T02:51:49.719+0000][1][safepoint    ] Entering safepoint region: RevokeBias
[2019-12-09T02:51:49.719+0000][1][safepoint    ] Leaving safepoint region
[2019-12-09T02:51:49.719+0000][1][safepoint    ] Total time for which application threads were stopped: 0.0000619 seconds, Stopping threads took: 0.0000084 seconds
[2019-12-09T02:51:49.719+0000][1][safepoint    ] Application time: 0.0000649 seconds
[2019-12-09T02:51:49.719+0000][1][safepoint    ] Entering safepoint region: BulkRevokeBias
[2019-12-09T02:51:49.719+0000][1][safepoint    ] Leaving safepoint region
[2019-12-09T02:51:49.719+0000][1][safepoint    ] Total time for which application threads were stopped: 0.0000855 seconds, Stopping threads took: 0.0000071 seconds
[2019-12-09T02:51:49.719+0000][1][safepoint    ] Application time: 0.0000479 seconds
[2019-12-09T02:51:49.719+0000][1][safepoint    ] Entering safepoint region: BulkRevokeBias
[2019-12-09T02:51:49.719+0000][1][safepoint    ] Leaving safepoint region
[2019-12-09T02:51:49.719+0000][1][safepoint    ] Total time for which application threads were stopped: 0.0000769 seconds, Stopping threads took: 0.0000077 seconds
[2019-12-09T02:51:50.731+0000][1][safepoint    ] Application time: 1.0113474 seconds
[2019-12-09T02:51:50.731+0000][1][safepoint    ] Entering safepoint region: Cleanup
[2019-12-09T02:51:50.731+0000][1][safepoint    ] Leaving safepoint region
[2019-12-09T02:51:50.731+0000][1][safepoint    ] Total time for which application threads were stopped: 0.0000998 seconds, Stopping threads took: 0.0000529 seconds
[2019-12-09T02:51:50.775+0000][1][safepoint    ] Application time: 0.0443648 seconds
[2019-12-09T02:51:50.775+0000][1][safepoint    ] Entering safepoint region: GenCollectForAllocation
[2019-12-09T02:51:50.775+0000][1][gc,start     ] GC(7) Pause Young (Allocation Failure)
[2019-12-09T02:51:50.775+0000][1][gc,task      ] GC(7) Using 2 workers of 2 for evacuation
[2019-12-09T02:51:50.815+0000][1][gc,age       ] GC(7) Desired survivor size 4456448 bytes, new threshold 6 (max threshold 6)
[2019-12-09T02:51:50.815+0000][1][gc,age       ] GC(7) Age table with threshold 6 (max threshold 6)
[2019-12-09T02:51:50.815+0000][1][gc,age       ] GC(7) - age   1:     402656 bytes,     402656 total
[2019-12-09T02:51:50.815+0000][1][gc,age       ] GC(7) - age   2:    1128816 bytes,    1531472 total
[2019-12-09T02:51:50.815+0000][1][gc,age       ] GC(7) - age   3:    2192432 bytes,    3723904 total
[2019-12-09T02:51:50.815+0000][1][gc,age       ] GC(7) - age   4:     442712 bytes,    4166616 total
[2019-12-09T02:51:50.815+0000][1][gc,heap      ] GC(7) ParNew: 75906K->6163K(78656K)
[2019-12-09T02:51:50.815+0000][1][gc,heap      ] GC(7) CMS: 11654K->11654K(174784K)
[2019-12-09T02:51:50.815+0000][1][gc,metaspace ] GC(7) Metaspace: 19663K->19663K(1067008K)
[2019-12-09T02:51:50.815+0000][1][gc           ] GC(7) Pause Young (Allocation Failure) 85M->17M(247M) 39.597ms
[2019-12-09T02:51:50.815+0000][1][gc,cpu       ] GC(7) User=0.01s Sys=0.00s Real=0.04s
[2019-12-09T02:51:50.815+0000][1][safepoint    ] Leaving safepoint region
[2019-12-09T02:51:50.815+0000][1][safepoint    ] Total time for which application threads were stopped: 0.0397274 seconds, Stopping threads took: 0.0000121 seconds
[2019-12-09T02:51:51.483+0000][1][safepoint    ] Application time: 0.6677146 seconds
[2019-12-09T02:51:51.483+0000][1][safepoint    ] Entering safepoint region: CollectForMetadataAllocation
[2019-12-09T02:51:51.483+0000][1][safepoint    ] Leaving safepoint region
[2019-12-09T02:51:51.483+0000][1][safepoint    ] Total time for which application threads were stopped: 0.0002683 seconds, Stopping threads took: 0.0000124 seconds
[2019-12-09T02:51:51.692+0000][1][safepoint    ] Application time: 0.2086823 seconds
[2019-12-09T02:51:51.692+0000][1][safepoint    ] Entering safepoint region: CollectForMetadataAllocation
[2019-12-09T02:51:51.692+0000][1][safepoint    ] Leaving safepoint region
[2019-12-09T02:51:51.692+0000][1][safepoint    ] Total time for which application threads were stopped: 0.0002268 seconds, Stopping threads took: 0.0000137 seconds
[2019-12-09T02:51:52.211+0000][1][safepoint    ] Application time: 0.5187321 seconds
[2019-12-09T02:51:52.211+0000][1][safepoint    ] Entering safepoint region: RevokeBias
[2019-12-09T02:51:52.211+0000][1][safepoint    ] Leaving safepoint region
[2019-12-09T02:51:52.211+0000][1][safepoint    ] Total time for which application threads were stopped: 0.0000830 seconds, Stopping threads took: 0.0000127 seconds
[2019-12-09T02:51:52.228+0000][1][safepoint    ] Application time: 0.0168793 seconds
[2019-12-09T02:51:52.228+0000][1][safepoint    ] Entering safepoint region: RevokeBias
[2019-12-09T02:51:52.228+0000][1][safepoint    ] Leaving safepoint region
[2019-12-09T02:51:52.228+0000][1][safepoint    ] Total time for which application threads were stopped: 0.0000640 seconds, Stopping threads took: 0.0000113 seconds
[2019-12-09T02:51:52.228+0000][1][safepoint    ] Application time: 0.0004655 seconds
[2019-12-09T02:51:52.228+0000][1][safepoint    ] Entering safepoint region: RevokeBias
[2019-12-09T02:51:52.228+0000][1][safepoint    ] Leaving safepoint region
[2019-12-09T02:51:52.228+0000][1][safepoint    ] Total time for which application threads were stopped: 0.0000586 seconds, Stopping threads took: 0.0000120 seconds
[2019-12-09T02:51:52.229+0000][1][safepoint    ] Application time: 0.0008490 seconds
[2019-12-09T02:51:52.229+0000][1][safepoint    ] Entering safepoint region: RevokeBias
[2019-12-09T02:51:52.229+0000][1][safepoint    ] Leaving safepoint region
[2019-12-09T02:51:52.229+0000][1][safepoint    ] Total time for which application threads were stopped: 0.0000511 seconds, Stopping threads took: 0.0000110 seconds
[2019-12-09T02:51:52.230+0000][1][safepoint    ] Application time: 0.0003643 seconds
[2019-12-09T02:51:52.230+0000][1][safepoint    ] Entering safepoint region: RevokeBias
[2019-12-09T02:51:52.230+0000][1][safepoint    ] Leaving safepoint region
[2019-12-09T02:51:52.230+0000][1][safepoint    ] Total time for which application threads were stopped: 0.0001083 seconds, Stopping threads took: 0.0000340 seconds
[2019-12-09T02:51:52.230+0000][1][safepoint    ] Application time: 0.0004639 seconds
[2019-12-09T02:51:52.230+0000][1][safepoint    ] Entering safepoint region: RevokeBias
[2019-12-09T02:51:52.230+0000][1][safepoint    ] Leaving safepoint region
[2019-12-09T02:51:52.230+0000][1][safepoint    ] Total time for which application threads were stopped: 0.0000520 seconds, Stopping threads took: 0.0000097 seconds
[2019-12-09T02:51:52.231+0000][1][safepoint    ] Application time: 0.0003894 seconds
[2019-12-09T02:51:52.231+0000][1][safepoint    ] Entering safepoint region: RevokeBias
[2019-12-09T02:51:52.231+0000][1][safepoint    ] Leaving safepoint region
[2019-12-09T02:51:52.231+0000][1][safepoint    ] Total time for which application threads were stopped: 0.0000454 seconds, Stopping threads took: 0.0000093 seconds
[2019-12-09T02:51:52.231+0000][1][safepoint    ] Application time: 0.0004563 seconds
[2019-12-09T02:51:52.231+0000][1][safepoint    ] Entering safepoint region: RevokeBias
[2019-12-09T02:51:52.231+0000][1][safepoint    ] Leaving safepoint region
[2019-12-09T02:51:52.231+0000][1][safepoint    ] Total time for which application threads were stopped: 0.0000460 seconds, Stopping threads took: 0.0000096 seconds
[2019-12-09T02:51:52.232+0000][1][safepoint    ] Application time: 0.0006560 seconds
[2019-12-09T02:51:52.232+0000][1][safepoint    ] Entering safepoint region: RevokeBias
[2019-12-09T02:51:52.232+0000][1][safepoint    ] Leaving safepoint region
[2019-12-09T02:51:52.232+0000][1][safepoint    ] Total time for which application threads were stopped: 0.0000475 seconds, Stopping threads took: 0.0000109 seconds
[2019-12-09T02:51:52.267+0000][1][safepoint    ] Application time: 0.0345850 seconds
[2019-12-09T02:51:52.267+0000][1][safepoint    ] Entering safepoint region: RevokeBias
[2019-12-09T02:51:52.267+0000][1][safepoint    ] Leaving safepoint region
[2019-12-09T02:51:52.267+0000][1][safepoint    ] Total time for which application threads were stopped: 0.0000824 seconds, Stopping threads took: 0.0000298 seconds
[2019-12-09T02:51:52.267+0000][1][safepoint    ] Application time: 0.0005189 seconds
[2019-12-09T02:51:52.267+0000][1][safepoint    ] Entering safepoint region: RevokeBias
[2019-12-09T02:51:52.267+0000][1][safepoint    ] Leaving safepoint region
[2019-12-09T02:51:52.267+0000][1][safepoint    ] Total time for which application threads were stopped: 0.0000539 seconds, Stopping threads took: 0.0000106 seconds
[2019-12-09T02:51:52.358+0000][1][safepoint    ] Application time: 0.0905960 seconds
[2019-12-09T02:51:52.358+0000][1][safepoint    ] Entering safepoint region: GenCollectForAllocation
[2019-12-09T02:51:52.358+0000][1][gc,start     ] GC(8) Pause Young (Allocation Failure)
[2019-12-09T02:51:52.358+0000][1][gc,task      ] GC(8) Using 2 workers of 2 for evacuation
[2019-12-09T02:51:52.414+0000][1][gc,age       ] GC(8) Desired survivor size 4456448 bytes, new threshold 4 (max threshold 6)
[2019-12-09T02:51:52.414+0000][1][gc,age       ] GC(8) Age table with threshold 4 (max threshold 6)
[2019-12-09T02:51:52.414+0000][1][gc,age       ] GC(8) - age   1:    1003264 bytes,    1003264 total
[2019-12-09T02:51:52.414+0000][1][gc,age       ] GC(8) - age   2:     385648 bytes,    1388912 total
[2019-12-09T02:51:52.414+0000][1][gc,age       ] GC(8) - age   3:    1128672 bytes,    2517584 total
[2019-12-09T02:51:52.414+0000][1][gc,age       ] GC(8) - age   4:    2190216 bytes,    4707800 total
[2019-12-09T02:51:52.414+0000][1][gc,age       ] GC(8) - age   5:     442712 bytes,    5150512 total
[2019-12-09T02:51:52.414+0000][1][gc,heap      ] GC(8) ParNew: 76115K->6118K(78656K)
[2019-12-09T02:51:52.414+0000][1][gc,heap      ] GC(8) CMS: 11654K->11654K(174784K)
[2019-12-09T02:51:52.414+0000][1][gc,metaspace ] GC(8) Metaspace: 20463K->20463K(1069056K)
[2019-12-09T02:51:52.414+0000][1][gc           ] GC(8) Pause Young (Allocation Failure) 85M->17M(247M) 55.722ms
[2019-12-09T02:51:52.414+0000][1][gc,cpu       ] GC(8) User=0.01s Sys=0.00s Real=0.05s
[2019-12-09T02:51:52.414+0000][1][safepoint    ] Leaving safepoint region
[2019-12-09T02:51:52.414+0000][1][safepoint    ] Total time for which application threads were stopped: 0.0558514 seconds, Stopping threads took: 0.0000143 seconds
[2019-12-09T02:51:52.438+0000][1][safepoint    ] Application time: 0.0239947 seconds
[2019-12-09T02:51:52.459+0000][1][safepoint    ] Entering safepoint region: CMS_Initial_Mark
[2019-12-09T02:51:52.459+0000][1][gc,start     ] GC(9) Pause Initial Mark
[2019-12-09T02:51:52.462+0000][1][gc           ] GC(9) Pause Initial Mark 21M->21M(247M) 3.052ms
[2019-12-09T02:51:52.462+0000][1][gc,cpu       ] GC(9) User=0.00s Sys=0.00s Real=0.00s
[2019-12-09T02:51:52.462+0000][1][safepoint    ] Leaving safepoint region
[2019-12-09T02:51:52.462+0000][1][safepoint    ] Total time for which application threads were stopped: 0.0242047 seconds, Stopping threads took: 0.0210534 seconds
[2019-12-09T02:51:52.462+0000][1][gc           ] GC(9) Concurrent Mark
[2019-12-09T02:51:52.605+0000][1][gc           ] GC(9) Concurrent Mark 142.703ms
[2019-12-09T02:51:52.605+0000][1][gc,cpu       ] GC(9) User=0.04s Sys=0.00s Real=0.15s
[2019-12-09T02:51:52.605+0000][1][gc           ] GC(9) Concurrent Preclean
[2019-12-09T02:51:52.605+0000][1][gc           ] GC(9) Concurrent Preclean 0.476ms
[2019-12-09T02:51:52.605+0000][1][gc,cpu       ] GC(9) User=0.00s Sys=0.00s Real=0.00s
[2019-12-09T02:51:52.605+0000][1][gc           ] GC(9) Concurrent Abortable Preclean
[2019-12-09T02:51:52.802+0000][1][safepoint    ] Application time: 0.3396296 seconds
[2019-12-09T02:51:52.802+0000][1][safepoint    ] Entering safepoint region: RevokeBias
[2019-12-09T02:51:52.802+0000][1][safepoint    ] Leaving safepoint region
[2019-12-09T02:51:52.802+0000][1][safepoint    ] Total time for which application threads were stopped: 0.0000808 seconds, Stopping threads took: 0.0000158 seconds
[2019-12-09T02:51:52.802+0000][1][safepoint    ] Application time: 0.0005073 seconds
[2019-12-09T02:51:52.802+0000][1][safepoint    ] Entering safepoint region: RevokeBias
[2019-12-09T02:51:52.802+0000][1][safepoint    ] Leaving safepoint region
[2019-12-09T02:51:52.802+0000][1][safepoint    ] Total time for which application threads were stopped: 0.0000614 seconds, Stopping threads took: 0.0000114 seconds
[2019-12-09T02:51:52.803+0000][1][safepoint    ] Application time: 0.0003965 seconds
[2019-12-09T02:51:52.803+0000][1][safepoint    ] Entering safepoint region: RevokeBias
[2019-12-09T02:51:52.803+0000][1][safepoint    ] Leaving safepoint region
[2019-12-09T02:51:52.803+0000][1][safepoint    ] Total time for which application threads were stopped: 0.0000429 seconds, Stopping threads took: 0.0000087 seconds
[2019-12-09T02:51:52.803+0000][1][safepoint    ] Application time: 0.0004048 seconds
[2019-12-09T02:51:52.803+0000][1][safepoint    ] Entering safepoint region: RevokeBias
[2019-12-09T02:51:52.803+0000][1][safepoint    ] Leaving safepoint region
[2019-12-09T02:51:52.803+0000][1][safepoint    ] Total time for which application threads were stopped: 0.0000465 seconds, Stopping threads took: 0.0000095 seconds
[2019-12-09T02:51:52.804+0000][1][safepoint    ] Application time: 0.0007952 seconds
[2019-12-09T02:51:52.804+0000][1][safepoint    ] Entering safepoint region: RevokeBias
[2019-12-09T02:51:52.804+0000][1][safepoint    ] Leaving safepoint region
[2019-12-09T02:51:52.804+0000][1][safepoint    ] Total time for which application threads were stopped: 0.0000426 seconds, Stopping threads took: 0.0000096 seconds
[2019-12-09T02:51:52.805+0000][1][safepoint    ] Application time: 0.0003524 seconds
[2019-12-09T02:51:52.805+0000][1][safepoint    ] Entering safepoint region: RevokeBias
[2019-12-09T02:51:52.805+0000][1][safepoint    ] Leaving safepoint region
[2019-12-09T02:51:52.805+0000][1][safepoint    ] Total time for which application threads were stopped: 0.0000466 seconds, Stopping threads took: 0.0000089 seconds
[2019-12-09T02:51:52.805+0000][1][safepoint    ] Application time: 0.0004727 seconds
[2019-12-09T02:51:52.805+0000][1][safepoint    ] Entering safepoint region: RevokeBias
[2019-12-09T02:51:52.805+0000][1][safepoint    ] Leaving safepoint region
[2019-12-09T02:51:52.805+0000][1][safepoint    ] Total time for which application threads were stopped: 0.0000535 seconds, Stopping threads took: 0.0000174 seconds
[2019-12-09T02:51:52.806+0000][1][safepoint    ] Application time: 0.0007488 seconds
[2019-12-09T02:51:52.806+0000][1][safepoint    ] Entering safepoint region: RevokeBias
[2019-12-09T02:51:52.806+0000][1][safepoint    ] Leaving safepoint region
[2019-12-09T02:51:52.806+0000][1][safepoint    ] Total time for which application threads were stopped: 0.0000470 seconds, Stopping threads took: 0.0000106 seconds
[2019-12-09T02:51:52.807+0000][1][safepoint    ] Application time: 0.0006852 seconds
[2019-12-09T02:51:52.807+0000][1][safepoint    ] Entering safepoint region: RevokeBias
[2019-12-09T02:51:52.807+0000][1][safepoint    ] Leaving safepoint region
[2019-12-09T02:51:52.807+0000][1][safepoint    ] Total time for which application threads were stopped: 0.0000503 seconds, Stopping threads took: 0.0000112 seconds
[2019-12-09T02:51:52.809+0000][1][safepoint    ] Application time: 0.0023119 seconds
[2019-12-09T02:51:52.809+0000][1][safepoint    ] Entering safepoint region: RevokeBias
[2019-12-09T02:51:52.809+0000][1][safepoint    ] Leaving safepoint region
[2019-12-09T02:51:52.809+0000][1][safepoint    ] Total time for which application threads were stopped: 0.0000458 seconds, Stopping threads took: 0.0000103 seconds
[2019-12-09T02:51:52.837+0000][1][safepoint    ] Application time: 0.0280483 seconds
[2019-12-09T02:51:52.837+0000][1][safepoint    ] Entering safepoint region: RevokeBias
[2019-12-09T02:51:52.837+0000][1][safepoint    ] Leaving safepoint region
[2019-12-09T02:51:52.837+0000][1][safepoint    ] Total time for which application threads were stopped: 0.0000647 seconds, Stopping threads took: 0.0000127 seconds
[2019-12-09T02:51:53.583+0000][1][safepoint    ] Application time: 0.7453948 seconds
[2019-12-09T02:51:53.583+0000][1][safepoint    ] Entering safepoint region: GenCollectForAllocation
[2019-12-09T02:51:53.583+0000][1][gc,start     ] GC(10) Pause Young (Allocation Failure)
[2019-12-09T02:51:53.583+0000][1][gc,task      ] GC(10) Using 2 workers of 2 for evacuation
[2019-12-09T02:51:53.632+0000][1][gc,age       ] GC(10) Desired survivor size 4456448 bytes, new threshold 6 (max threshold 6)
[2019-12-09T02:51:53.632+0000][1][gc,age       ] GC(10) Age table with threshold 6 (max threshold 6)
[2019-12-09T02:51:53.632+0000][1][gc,age       ] GC(10) - age   1:    1321224 bytes,    1321224 total
[2019-12-09T02:51:53.632+0000][1][gc,age       ] GC(10) - age   2:     625144 bytes,    1946368 total
[2019-12-09T02:51:53.632+0000][1][gc,age       ] GC(10) - age   3:     385648 bytes,    2332016 total
[2019-12-09T02:51:53.632+0000][1][gc,age       ] GC(10) - age   4:    1128672 bytes,    3460688 total
[2019-12-09T02:51:53.632+0000][1][gc,heap      ] GC(10) ParNew: 76070K->4792K(78656K)
[2019-12-09T02:51:53.632+0000][1][gc,heap      ] GC(10) CMS: 11654K->14243K(174784K)
[2019-12-09T02:51:53.632+0000][1][gc,metaspace ] GC(10) Metaspace: 20569K->20569K(1069056K)
[2019-12-09T02:51:53.632+0000][1][gc           ] GC(10) Pause Young (Allocation Failure) 85M->18M(247M) 49.581ms
[2019-12-09T02:51:53.632+0000][1][gc,cpu       ] GC(10) User=0.02s Sys=0.00s Real=0.05s
[2019-12-09T02:51:53.633+0000][1][safepoint    ] Leaving safepoint region
[2019-12-09T02:51:53.633+0000][1][safepoint    ] Total time for which application threads were stopped: 0.0497219 seconds, Stopping threads took: 0.0000144 seconds
[2019-12-09T02:51:54.345+0000][1][gc           ] GC(9) Concurrent Abortable Preclean 1739.327ms
[2019-12-09T02:51:54.345+0000][1][gc,cpu       ] GC(9) User=0.58s Sys=0.02s Real=1.74s
[2019-12-09T02:51:54.345+0000][1][safepoint    ] Application time: 0.7122833 seconds
[2019-12-09T02:51:54.345+0000][1][safepoint    ] Entering safepoint region: CMS_Final_Remark
[2019-12-09T02:51:54.345+0000][1][gc,start     ] GC(9) Pause Remark
[2019-12-09T02:51:54.474+0000][1][gc           ] GC(9) Pause Remark 63M->63M(247M) 128.771ms
[2019-12-09T02:51:54.474+0000][1][gc,cpu       ] GC(9) User=0.04s Sys=0.00s Real=0.12s
[2019-12-09T02:51:54.474+0000][1][safepoint    ] Leaving safepoint region
[2019-12-09T02:51:54.474+0000][1][safepoint    ] Total time for which application threads were stopped: 0.1289221 seconds, Stopping threads took: 0.0000141 seconds
[2019-12-09T02:51:54.475+0000][1][gc           ] GC(9) Concurrent Sweep
[2019-12-09T02:51:54.507+0000][1][gc           ] GC(9) Concurrent Sweep 32.413ms
[2019-12-09T02:51:54.507+0000][1][gc,cpu       ] GC(9) User=0.01s Sys=0.00s Real=0.03s
[2019-12-09T02:51:54.507+0000][1][gc           ] GC(9) Concurrent Reset
[2019-12-09T02:51:54.508+0000][1][gc           ] GC(9) Concurrent Reset 0.291ms
[2019-12-09T02:51:54.508+0000][1][gc,cpu       ] GC(9) User=0.00s Sys=0.00s Real=0.00s
[2019-12-09T02:51:54.508+0000][1][gc,heap      ] GC(9) Old: 11654K->14234K(174784K)
[2019-12-09T02:51:54.838+0000][1][safepoint    ] Application time: 0.3644335 seconds
[2019-12-09T02:51:54.838+0000][1][safepoint    ] Entering safepoint region: GenCollectForAllocation
[2019-12-09T02:51:54.839+0000][1][gc,start     ] GC(11) Pause Young (Allocation Failure)
[2019-12-09T02:51:54.839+0000][1][gc,task      ] GC(11) Using 2 workers of 2 for evacuation
[2019-12-09T02:51:54.882+0000][1][gc,age       ] GC(11) Desired survivor size 4456448 bytes, new threshold 6 (max threshold 6)
[2019-12-09T02:51:54.882+0000][1][gc,age       ] GC(11) Age table with threshold 6 (max threshold 6)
[2019-12-09T02:51:54.882+0000][1][gc,age       ] GC(11) - age   1:    1006632 bytes,    1006632 total
[2019-12-09T02:51:54.882+0000][1][gc,age       ] GC(11) - age   2:      97424 bytes,    1104056 total
[2019-12-09T02:51:54.882+0000][1][gc,age       ] GC(11) - age   3:     625096 bytes,    1729152 total
[2019-12-09T02:51:54.882+0000][1][gc,age       ] GC(11) - age   4:     385544 bytes,    2114696 total
[2019-12-09T02:51:54.882+0000][1][gc,age       ] GC(11) - age   5:    1128384 bytes,    3243080 total
[2019-12-09T02:51:54.883+0000][1][gc,heap      ] GC(11) ParNew: 74744K->3732K(78656K)
[2019-12-09T02:51:54.883+0000][1][gc,heap      ] GC(11) CMS: 14234K->14234K(174784K)
[2019-12-09T02:51:54.883+0000][1][gc,metaspace ] GC(11) Metaspace: 20655K->20655K(1069056K)
[2019-12-09T02:51:54.883+0000][1][gc           ] GC(11) Pause Young (Allocation Failure) 86M->17M(247M) 43.813ms
[2019-12-09T02:51:54.883+0000][1][gc,cpu       ] GC(11) User=0.01s Sys=0.00s Real=0.04s
[2019-12-09T02:51:54.883+0000][1][safepoint    ] Leaving safepoint region
[2019-12-09T02:51:54.883+0000][1][safepoint    ] Total time for which application threads were stopped: 0.0443837 seconds, Stopping threads took: 0.0000130 seconds
[2019-12-09T02:51:55.808+0000][1][safepoint    ] Application time: 0.9251490 seconds
[2019-12-09T02:51:55.808+0000][1][safepoint    ] Entering safepoint region: Deoptimize
[2019-12-09T02:51:55.808+0000][1][safepoint    ] Leaving safepoint region
[2019-12-09T02:51:55.808+0000][1][safepoint    ] Total time for which application threads were stopped: 0.0004135 seconds, Stopping threads took: 0.0000119 seconds
[2019-12-09T02:51:56.810+0000][1][safepoint    ] Application time: 1.0014848 seconds
[2019-12-09T02:51:56.817+0000][1][safepoint    ] Entering safepoint region: Cleanup
[2019-12-09T02:51:56.817+0000][1][safepoint    ] Leaving safepoint region
[2019-12-09T02:51:56.817+0000][1][safepoint    ] Total time for which application threads were stopped: 0.0070483 seconds, Stopping threads took: 0.0069939 seconds
[2019-12-09T02:51:57.786+0000][1][safepoint    ] Application time: 0.9690599 seconds
[2019-12-09T02:51:57.786+0000][1][safepoint    ] Entering safepoint region: GenCollectForAllocation
[2019-12-09T02:51:57.786+0000][1][gc,start     ] GC(12) Pause Young (Allocation Failure)
[2019-12-09T02:51:57.786+0000][1][gc,task      ] GC(12) Using 2 workers of 2 for evacuation
[2019-12-09T02:51:58.014+0000][1][gc,age       ] GC(12) Desired survivor size 4456448 bytes, new threshold 6 (max threshold 6)
[2019-12-09T02:51:58.014+0000][1][gc,age       ] GC(12) Age table with threshold 6 (max threshold 6)
[2019-12-09T02:51:58.014+0000][1][gc,age       ] GC(12) - age   1:    1045048 bytes,    1045048 total
[2019-12-09T02:51:58.014+0000][1][gc,age       ] GC(12) - age   2:     305752 bytes,    1350800 total
[2019-12-09T02:51:58.014+0000][1][gc,age       ] GC(12) - age   3:      97424 bytes,    1448224 total
[2019-12-09T02:51:58.014+0000][1][gc,age       ] GC(12) - age   4:     625032 bytes,    2073256 total
[2019-12-09T02:51:58.014+0000][1][gc,age       ] GC(12) - age   5:     385544 bytes,    2458800 total
[2019-12-09T02:51:58.014+0000][1][gc,age       ] GC(12) - age   6:    1128384 bytes,    3587184 total
[2019-12-09T02:51:58.014+0000][1][gc,heap      ] GC(12) ParNew: 73684K->4962K(78656K)
[2019-12-09T02:51:58.014+0000][1][gc,heap      ] GC(12) CMS: 14234K->14234K(174784K)
[2019-12-09T02:51:58.014+0000][1][gc,metaspace ] GC(12) Metaspace: 22962K->22962K(1071104K)
[2019-12-09T02:51:58.014+0000][1][gc           ] GC(12) Pause Young (Allocation Failure) 85M->18M(247M) 227.947ms
[2019-12-09T02:51:58.014+0000][1][gc,cpu       ] GC(12) User=0.05s Sys=0.00s Real=0.22s
[2019-12-09T02:51:58.014+0000][1][safepoint    ] Leaving safepoint region
[2019-12-09T02:51:58.014+0000][1][safepoint    ] Total time for which application threads were stopped: 0.2282400 seconds, Stopping threads took: 0.0000129 seconds
[2019-12-09T02:51:58.967+0000][1][safepoint    ] Application time: 0.9524762 seconds
[2019-12-09T02:51:58.967+0000][1][safepoint    ] Entering safepoint region: Deoptimize
[2019-12-09T02:51:58.967+0000][1][safepoint    ] Leaving safepoint region
[2019-12-09T02:51:58.967+0000][1][safepoint    ] Total time for which application threads were stopped: 0.0004481 seconds, Stopping threads took: 0.0000307 seconds
[2019-12-09T02:51:59.569+0000][1][safepoint    ] Application time: 0.6020842 seconds
[2019-12-09T02:51:59.569+0000][1][safepoint    ] Entering safepoint region: Deoptimize
[2019-12-09T02:51:59.570+0000][1][safepoint    ] Leaving safepoint region
[2019-12-09T02:51:59.570+0000][1][safepoint    ] Total time for which application threads were stopped: 0.0004143 seconds, Stopping threads took: 0.0000135 seconds
[2019-12-09T02:51:59.657+0000][1][safepoint    ] Application time: 0.0870325 seconds
[2019-12-09T02:51:59.657+0000][1][safepoint    ] Entering safepoint region: Deoptimize
[2019-12-09T02:51:59.657+0000][1][safepoint    ] Leaving safepoint region
[2019-12-09T02:51:59.657+0000][1][safepoint    ] Total time for which application threads were stopped: 0.0004520 seconds, Stopping threads took: 0.0000137 seconds
[2019-12-09T02:51:59.687+0000][1][safepoint    ] Application time: 0.0302307 seconds
[2019-12-09T02:51:59.687+0000][1][safepoint    ] Entering safepoint region: Deoptimize
[2019-12-09T02:51:59.688+0000][1][safepoint    ] Leaving safepoint region
[2019-12-09T02:51:59.688+0000][1][safepoint    ] Total time for which application threads were stopped: 0.0004319 seconds, Stopping threads took: 0.0000127 seconds
[2019-12-09T02:51:59.773+0000][1][safepoint    ] Application time: 0.0855006 seconds
[2019-12-09T02:51:59.773+0000][1][safepoint    ] Entering safepoint region: RevokeBias
[2019-12-09T02:51:59.773+0000][1][safepoint    ] Leaving safepoint region
[2019-12-09T02:51:59.774+0000][1][safepoint    ] Total time for which application threads were stopped: 0.0000671 seconds, Stopping threads took: 0.0000129 seconds
[2019-12-09T02:51:59.774+0000][1][safepoint    ] Application time: 0.0001030 seconds
[2019-12-09T02:51:59.774+0000][1][safepoint    ] Entering safepoint region: RevokeBias
[2019-12-09T02:51:59.774+0000][1][safepoint    ] Leaving safepoint region
[2019-12-09T02:51:59.774+0000][1][safepoint    ] Total time for which application threads were stopped: 0.0000377 seconds, Stopping threads took: 0.0000091 seconds
[2019-12-09T02:52:00.779+0000][1][safepoint    ] Application time: 1.0050611 seconds
[2019-12-09T02:52:00.815+0000][1][safepoint    ] Entering safepoint region: Cleanup
[2019-12-09T02:52:00.815+0000][1][safepoint    ] Leaving safepoint region
[2019-12-09T02:52:00.815+0000][1][safepoint    ] Total time for which application threads were stopped: 0.0360772 seconds, Stopping threads took: 0.0360212 seconds
[2019-12-09T02:52:01.815+0000][1][safepoint    ] Application time: 1.0002094 seconds
[2019-12-09T02:52:01.822+0000][1][safepoint    ] Entering safepoint region: Cleanup
[2019-12-09T02:52:01.822+0000][1][safepoint    ] Leaving safepoint region
[2019-12-09T02:52:01.822+0000][1][safepoint    ] Total time for which application threads were stopped: 0.0067122 seconds, Stopping threads took: 0.0064311 seconds
[2019-12-09T02:52:02.837+0000][1][safepoint    ] Application time: 1.0148703 seconds
[2019-12-09T02:52:02.875+0000][1][safepoint    ] Entering safepoint region: Cleanup
[2019-12-09T02:52:02.875+0000][1][safepoint    ] Leaving safepoint region
[2019-12-09T02:52:02.875+0000][1][safepoint    ] Total time for which application threads were stopped: 0.0381199 seconds, Stopping threads took: 0.0380665 seconds
[2019-12-09T02:52:03.884+0000][1][safepoint    ] Application time: 1.0088375 seconds
[2019-12-09T02:52:03.949+0000][1][safepoint    ] Entering safepoint region: Cleanup
[2019-12-09T02:52:03.949+0000][1][safepoint    ] Leaving safepoint region
[2019-12-09T02:52:03.949+0000][1][safepoint    ] Total time for which application threads were stopped: 0.0650100 seconds, Stopping threads took: 0.0649716 seconds
[2019-12-09T02:52:04.318+0000][1][safepoint    ] Application time: 0.3689552 seconds
[2019-12-09T02:52:04.318+0000][1][safepoint    ] Entering safepoint region: RevokeBias
[2019-12-09T02:52:04.318+0000][1][safepoint    ] Leaving safepoint region
[2019-12-09T02:52:04.318+0000][1][safepoint    ] Total time for which application threads were stopped: 0.0001040 seconds, Stopping threads took: 0.0000160 seconds
[2019-12-09T02:52:05.319+0000][1][safepoint    ] Application time: 1.0008160 seconds
[2019-12-09T02:52:05.450+0000][1][safepoint    ] Entering safepoint region: Cleanup
[2019-12-09T02:52:05.450+0000][1][safepoint    ] Leaving safepoint region
[2019-12-09T02:52:05.450+0000][1][safepoint    ] Total time for which application threads were stopped: 0.1310980 seconds, Stopping threads took: 0.1310418 seconds
[2019-12-09T02:52:05.683+0000][1][safepoint    ] Application time: 0.2328786 seconds
[2019-12-09T02:52:05.683+0000][1][safepoint    ] Entering safepoint region: GenCollectForAllocation
[2019-12-09T02:52:05.683+0000][1][gc,start     ] GC(13) Pause Young (Allocation Failure)
[2019-12-09T02:52:05.683+0000][1][gc,task      ] GC(13) Using 2 workers of 2 for evacuation
[2019-12-09T02:52:06.016+0000][1][gc,age       ] GC(13) Desired survivor size 4456448 bytes, new threshold 1 (max threshold 6)
[2019-12-09T02:52:06.016+0000][1][gc,age       ] GC(13) Age table with threshold 1 (max threshold 6)
[2019-12-09T02:52:06.016+0000][1][gc,age       ] GC(13) - age   1:    6764232 bytes,    6764232 total
[2019-12-09T02:52:06.016+0000][1][gc,age       ] GC(13) - age   2:     740344 bytes,    7504576 total
[2019-12-09T02:52:06.016+0000][1][gc,age       ] GC(13) - age   3:     305456 bytes,    7810032 total
[2019-12-09T02:52:06.016+0000][1][gc,age       ] GC(13) - age   4:      97240 bytes,    7907272 total
[2019-12-09T02:52:06.016+0000][1][gc,age       ] GC(13) - age   5:     621992 bytes,    8529264 total
[2019-12-09T02:52:06.016+0000][1][gc,age       ] GC(13) - age   6:     383352 bytes,    8912616 total
[2019-12-09T02:52:06.016+0000][1][gc,heap      ] GC(13) ParNew: 74914K->8704K(78656K)
[2019-12-09T02:52:06.016+0000][1][gc,heap      ] GC(13) CMS: 14234K->22580K(174784K)
[2019-12-09T02:52:06.016+0000][1][gc,metaspace ] GC(13) Metaspace: 27159K->27159K(1075200K)
[2019-12-09T02:52:06.016+0000][1][gc           ] GC(13) Pause Young (Allocation Failure) 87M->30M(247M) 333.170ms
[2019-12-09T02:52:06.016+0000][1][gc,cpu       ] GC(13) User=0.08s Sys=0.00s Real=0.34s
[2019-12-09T02:52:06.016+0000][1][safepoint    ] Leaving safepoint region
[2019-12-09T02:52:06.016+0000][1][safepoint    ] Total time for which application threads were stopped: 0.3333041 seconds, Stopping threads took: 0.0000135 seconds
[2019-12-09T02:52:09.037+0000][1][safepoint    ] Application time: 3.0206187 seconds
[2019-12-09T02:52:09.060+0000][1][safepoint    ] Entering safepoint region: Cleanup
[2019-12-09T02:52:09.060+0000][1][safepoint    ] Leaving safepoint region
[2019-12-09T02:52:09.060+0000][1][safepoint    ] Total time for which application threads were stopped: 0.0232227 seconds, Stopping threads took: 0.0231712 seconds
[2019-12-09T02:52:10.060+0000][1][safepoint    ] Application time: 0.9997245 seconds
[2019-12-09T02:52:10.060+0000][1][safepoint    ] Entering safepoint region: GenCollectForAllocation
[2019-12-09T02:52:10.060+0000][1][gc,start     ] GC(14) Pause Young (Allocation Failure)
[2019-12-09T02:52:10.060+0000][1][gc,task      ] GC(14) Using 2 workers of 2 for evacuation
[2019-12-09T02:52:10.845+0000][1][gc,age       ] GC(14) Desired survivor size 4456448 bytes, new threshold 1 (max threshold 6)
[2019-12-09T02:52:10.845+0000][1][gc,age       ] GC(14) Age table with threshold 1 (max threshold 6)
[2019-12-09T02:52:10.845+0000][1][gc,age       ] GC(14) - age   1:    8912824 bytes,    8912824 total
[2019-12-09T02:52:10.845+0000][1][gc,heap      ] GC(14) ParNew: 78656K->8704K(78656K)
[2019-12-09T02:52:10.845+0000][1][gc,heap      ] GC(14) CMS: 22580K->35174K(174784K)
[2019-12-09T02:52:10.845+0000][1][gc,metaspace ] GC(14) Metaspace: 27287K->27287K(1075200K)
[2019-12-09T02:52:10.845+0000][1][gc           ] GC(14) Pause Young (Allocation Failure) 98M->42M(247M) 785.424ms
[2019-12-09T02:52:10.845+0000][1][gc,cpu       ] GC(14) User=0.21s Sys=0.00s Real=0.79s
[2019-12-09T02:52:10.845+0000][1][safepoint    ] Leaving safepoint region
[2019-12-09T02:52:10.845+0000][1][safepoint    ] Total time for which application threads were stopped: 0.7855858 seconds, Stopping threads took: 0.0000294 seconds
[2019-12-09T02:52:12.586+0000][1][safepoint    ] Application time: 1.7403432 seconds
[2019-12-09T02:52:12.699+0000][1][safepoint    ] Entering safepoint region: Cleanup
[2019-12-09T02:52:12.699+0000][1][safepoint    ] Leaving safepoint region
[2019-12-09T02:52:12.699+0000][1][safepoint    ] Total time for which application threads were stopped: 0.1131349 seconds, Stopping threads took: 0.1130164 seconds
[2019-12-09T02:52:13.705+0000][1][safepoint    ] Application time: 1.0058176 seconds
[2019-12-09T02:52:13.705+0000][1][safepoint    ] Entering safepoint region: Cleanup
[2019-12-09T02:52:13.705+0000][1][safepoint    ] Leaving safepoint region
[2019-12-09T02:52:13.705+0000][1][safepoint    ] Total time for which application threads were stopped: 0.0000589 seconds, Stopping threads took: 0.0000167 seconds
[2019-12-09T02:52:14.741+0000][1][safepoint    ] Application time: 1.0357225 seconds
[2019-12-09T02:52:14.794+0000][1][safepoint    ] Entering safepoint region: Cleanup
[2019-12-09T02:52:14.795+0000][1][safepoint    ] Leaving safepoint region
[2019-12-09T02:52:14.795+0000][1][safepoint    ] Total time for which application threads were stopped: 0.0539536 seconds, Stopping threads took: 0.0538921 seconds
[2019-12-09T02:52:15.536+0000][1][safepoint    ] Application time: 0.7410330 seconds
[2019-12-09T02:52:15.536+0000][1][safepoint    ] Entering safepoint region: GenCollectForAllocation
[2019-12-09T02:52:15.536+0000][1][gc,start     ] GC(15) Pause Young (Allocation Failure)
[2019-12-09T02:52:15.536+0000][1][gc,task      ] GC(15) Using 2 workers of 2 for evacuation
[2019-12-09T02:52:16.216+0000][1][gc,age       ] GC(15) Desired survivor size 4456448 bytes, new threshold 1 (max threshold 6)
[2019-12-09T02:52:16.216+0000][1][gc,age       ] GC(15) Age table with threshold 1 (max threshold 6)
[2019-12-09T02:52:16.216+0000][1][gc,age       ] GC(15) - age   1:    8912808 bytes,    8912808 total
[2019-12-09T02:52:16.216+0000][1][gc,heap      ] GC(15) ParNew: 78656K->8704K(78656K)
[2019-12-09T02:52:16.216+0000][1][gc,heap      ] GC(15) CMS: 35174K->45794K(174784K)
[2019-12-09T02:52:16.216+0000][1][gc,metaspace ] GC(15) Metaspace: 29580K->29580K(1077248K)
[2019-12-09T02:52:16.216+0000][1][gc           ] GC(15) Pause Young (Allocation Failure) 111M->53M(247M) 680.191ms
[2019-12-09T02:52:16.216+0000][1][gc,cpu       ] GC(15) User=0.19s Sys=0.00s Real=0.68s
[2019-12-09T02:52:16.216+0000][1][safepoint    ] Leaving safepoint region
[2019-12-09T02:52:16.216+0000][1][safepoint    ] Total time for which application threads were stopped: 0.6803659 seconds, Stopping threads took: 0.0000131 seconds
[2019-12-09T02:52:17.249+0000][1][safepoint    ] Application time: 1.0327308 seconds
[2019-12-09T02:52:17.261+0000][1][safepoint    ] Entering safepoint region: Cleanup
[2019-12-09T02:52:17.261+0000][1][safepoint    ] Leaving safepoint region
[2019-12-09T02:52:17.261+0000][1][safepoint    ] Total time for which application threads were stopped: 0.0121258 seconds, Stopping threads took: 0.0120779 seconds
[2019-12-09T02:52:19.250+0000][1][safepoint    ] Application time: 1.9888599 seconds
[2019-12-09T02:52:19.250+0000][1][safepoint    ] Entering safepoint region: GenCollectForAllocation
[2019-12-09T02:52:19.250+0000][1][gc,start     ] GC(16) Pause Young (Allocation Failure)
[2019-12-09T02:52:19.250+0000][1][gc,task      ] GC(16) Using 2 workers of 2 for evacuation
[2019-12-09T02:52:19.483+0000][1][gc,age       ] GC(16) Desired survivor size 4456448 bytes, new threshold 6 (max threshold 6)
[2019-12-09T02:52:19.483+0000][1][gc,age       ] GC(16) Age table with threshold 6 (max threshold 6)
[2019-12-09T02:52:19.483+0000][1][gc,age       ] GC(16) - age   1:    1266080 bytes,    1266080 total
[2019-12-09T02:52:19.483+0000][1][gc,heap      ] GC(16) ParNew: 78656K->8621K(78656K)
[2019-12-09T02:52:19.483+0000][1][gc,heap      ] GC(16) CMS: 45794K->54559K(174784K)
[2019-12-09T02:52:19.483+0000][1][gc,metaspace ] GC(16) Metaspace: 33075K->33075K(1079296K)
[2019-12-09T02:52:19.483+0000][1][gc           ] GC(16) Pause Young (Allocation Failure) 121M->61M(247M) 233.208ms
[2019-12-09T02:52:19.483+0000][1][gc,cpu       ] GC(16) User=0.05s Sys=0.00s Real=0.23s
[2019-12-09T02:52:19.483+0000][1][safepoint    ] Leaving safepoint region
[2019-12-09T02:52:19.483+0000][1][safepoint    ] Total time for which application threads were stopped: 0.2333763 seconds, Stopping threads took: 0.0000234 seconds
[2019-12-09T02:52:20.522+0000][1][safepoint    ] Application time: 1.0385612 seconds
[2019-12-09T02:52:20.607+0000][1][safepoint    ] Entering safepoint region: Cleanup
[2019-12-09T02:52:20.607+0000][1][safepoint    ] Leaving safepoint region
[2019-12-09T02:52:20.607+0000][1][safepoint    ] Total time for which application threads were stopped: 0.0850868 seconds, Stopping threads took: 0.0850097 seconds
[2019-12-09T02:52:21.446+0000][1][safepoint    ] Application time: 0.8388685 seconds
[2019-12-09T02:52:21.446+0000][1][safepoint    ] Entering safepoint region: CollectForMetadataAllocation
[2019-12-09T02:52:21.446+0000][1][safepoint    ] Leaving safepoint region
[2019-12-09T02:52:21.446+0000][1][safepoint    ] Total time for which application threads were stopped: 0.0002419 seconds, Stopping threads took: 0.0000137 seconds
[2019-12-09T02:52:21.499+0000][1][safepoint    ] Application time: 0.0527597 seconds
[2019-12-09T02:52:21.499+0000][1][safepoint    ] Entering safepoint region: CMS_Initial_Mark
[2019-12-09T02:52:21.499+0000][1][gc,start     ] GC(17) Pause Initial Mark
[2019-12-09T02:52:21.676+0000][1][gc           ] GC(17) Pause Initial Mark 121M->121M(247M) 176.939ms
[2019-12-09T02:52:21.676+0000][1][gc,cpu       ] GC(17) User=0.04s Sys=0.00s Real=0.18s
[2019-12-09T02:52:21.676+0000][1][safepoint    ] Leaving safepoint region
[2019-12-09T02:52:21.676+0000][1][safepoint    ] Total time for which application threads were stopped: 0.1770862 seconds, Stopping threads took: 0.0000131 seconds
[2019-12-09T02:52:21.676+0000][1][gc           ] GC(17) Concurrent Mark
[2019-12-09T02:52:22.170+0000][1][safepoint    ] Application time: 0.4937093 seconds
[2019-12-09T02:52:22.170+0000][1][safepoint    ] Entering safepoint region: CollectForMetadataAllocation
[2019-12-09T02:52:22.170+0000][1][safepoint    ] Leaving safepoint region
[2019-12-09T02:52:22.170+0000][1][safepoint    ] Total time for which application threads were stopped: 0.0002497 seconds, Stopping threads took: 0.0000135 seconds
[2019-12-09T02:52:22.434+0000][1][safepoint    ] Application time: 0.2640639 seconds
[2019-12-09T02:52:22.434+0000][1][safepoint    ] Entering safepoint region: CollectForMetadataAllocation
[2019-12-09T02:52:22.434+0000][1][safepoint    ] Leaving safepoint region
[2019-12-09T02:52:22.434+0000][1][safepoint    ] Total time for which application threads were stopped: 0.0002279 seconds, Stopping threads took: 0.0000135 seconds
[2019-12-09T02:52:22.460+0000][1][gc           ] GC(17) Concurrent Mark 783.891ms
[2019-12-09T02:52:22.460+0000][1][gc,cpu       ] GC(17) User=0.24s Sys=0.01s Real=0.78s
[2019-12-09T02:52:22.460+0000][1][gc           ] GC(17) Concurrent Preclean
[2019-12-09T02:52:22.461+0000][1][gc           ] GC(17) Concurrent Preclean 1.554ms
[2019-12-09T02:52:22.461+0000][1][gc,cpu       ] GC(17) User=0.01s Sys=0.00s Real=0.00s
[2019-12-09T02:52:22.461+0000][1][gc           ] GC(17) Concurrent Abortable Preclean
[2019-12-09T02:52:22.586+0000][1][safepoint    ] Application time: 0.1516383 seconds
[2019-12-09T02:52:22.586+0000][1][safepoint    ] Entering safepoint region: CollectForMetadataAllocation
[2019-12-09T02:52:22.586+0000][1][safepoint    ] Leaving safepoint region
[2019-12-09T02:52:22.586+0000][1][safepoint    ] Total time for which application threads were stopped: 0.0002465 seconds, Stopping threads took: 0.0000142 seconds
[2019-12-09T02:52:22.724+0000][1][safepoint    ] Application time: 0.1375683 seconds
[2019-12-09T02:52:22.724+0000][1][safepoint    ] Entering safepoint region: CollectForMetadataAllocation
[2019-12-09T02:52:22.724+0000][1][safepoint    ] Leaving safepoint region
[2019-12-09T02:52:22.724+0000][1][safepoint    ] Total time for which application threads were stopped: 0.0002540 seconds, Stopping threads took: 0.0000276 seconds
[2019-12-09T02:52:22.909+0000][1][safepoint    ] Application time: 0.1844922 seconds
[2019-12-09T02:52:22.909+0000][1][safepoint    ] Entering safepoint region: CollectForMetadataAllocation
[2019-12-09T02:52:22.909+0000][1][safepoint    ] Leaving safepoint region
[2019-12-09T02:52:22.909+0000][1][safepoint    ] Total time for which application threads were stopped: 0.0002732 seconds, Stopping threads took: 0.0000128 seconds
[2019-12-09T02:52:23.191+0000][1][safepoint    ] Application time: 0.2825627 seconds
[2019-12-09T02:52:23.191+0000][1][safepoint    ] Entering safepoint region: CollectForMetadataAllocation
[2019-12-09T02:52:23.192+0000][1][safepoint    ] Leaving safepoint region
[2019-12-09T02:52:23.192+0000][1][safepoint    ] Total time for which application threads were stopped: 0.0002400 seconds, Stopping threads took: 0.0000144 seconds
[2019-12-09T02:52:23.284+0000][1][safepoint    ] Application time: 0.0922615 seconds
[2019-12-09T02:52:23.284+0000][1][safepoint    ] Entering safepoint region: GenCollectForAllocation
[2019-12-09T02:52:23.284+0000][1][gc,start     ] GC(18) Pause Young (Allocation Failure)
[2019-12-09T02:52:23.284+0000][1][gc,task      ] GC(18) Using 2 workers of 2 for evacuation
[2019-12-09T02:52:23.426+0000][1][gc,age       ] GC(18) Desired survivor size 4456448 bytes, new threshold 6 (max threshold 6)
[2019-12-09T02:52:23.426+0000][1][gc,age       ] GC(18) Age table with threshold 6 (max threshold 6)
[2019-12-09T02:52:23.426+0000][1][gc,age       ] GC(18) - age   1:    1960640 bytes,    1960640 total
[2019-12-09T02:52:23.426+0000][1][gc,age       ] GC(18) - age   2:    1199904 bytes,    3160544 total
[2019-12-09T02:52:23.426+0000][1][gc,heap      ] GC(18) ParNew: 78573K->3580K(78656K)
[2019-12-09T02:52:23.426+0000][1][gc,heap      ] GC(18) CMS: 54559K->54559K(174784K)
[2019-12-09T02:52:23.426+0000][1][gc,metaspace ] GC(18) Metaspace: 35467K->35467K(1081344K)
[2019-12-09T02:52:23.426+0000][1][gc           ] GC(18) Pause Young (Allocation Failure) 130M->56M(247M) 142.186ms
[2019-12-09T02:52:23.426+0000][1][gc,cpu       ] GC(18) User=0.01s Sys=0.00s Real=0.15s
[2019-12-09T02:52:23.426+0000][1][safepoint    ] Leaving safepoint region
[2019-12-09T02:52:23.426+0000][1][safepoint    ] Total time for which application threads were stopped: 0.1423151 seconds, Stopping threads took: 0.0000134 seconds
[2019-12-09T02:52:23.532+0000][1][safepoint    ] Application time: 0.1059530 seconds
[2019-12-09T02:52:23.532+0000][1][safepoint    ] Entering safepoint region: CollectForMetadataAllocation
[2019-12-09T02:52:23.533+0000][1][safepoint    ] Leaving safepoint region
[2019-12-09T02:52:23.533+0000][1][safepoint    ] Total time for which application threads were stopped: 0.0002551 seconds, Stopping threads took: 0.0000149 seconds
[2019-12-09T02:52:23.762+0000][1][safepoint    ] Application time: 0.2291812 seconds
[2019-12-09T02:52:23.762+0000][1][safepoint    ] Entering safepoint region: CollectForMetadataAllocation
[2019-12-09T02:52:23.762+0000][1][safepoint    ] Leaving safepoint region
[2019-12-09T02:52:23.762+0000][1][safepoint    ] Total time for which application threads were stopped: 0.0002079 seconds, Stopping threads took: 0.0000127 seconds
[2019-12-09T02:52:24.068+0000][1][safepoint    ] Application time: 0.3057482 seconds
[2019-12-09T02:52:24.068+0000][1][safepoint    ] Entering safepoint region: CollectForMetadataAllocation
[2019-12-09T02:52:24.068+0000][1][safepoint    ] Leaving safepoint region
[2019-12-09T02:52:24.068+0000][1][safepoint    ] Total time for which application threads were stopped: 0.0002198 seconds, Stopping threads took: 0.0000132 seconds
[2019-12-09T02:52:24.317+0000][1][safepoint    ] Application time: 0.2487340 seconds
[2019-12-09T02:52:24.317+0000][1][safepoint    ] Entering safepoint region: CollectForMetadataAllocation
[2019-12-09T02:52:24.317+0000][1][safepoint    ] Leaving safepoint region
[2019-12-09T02:52:24.317+0000][1][safepoint    ] Total time for which application threads were stopped: 0.0002348 seconds, Stopping threads took: 0.0000140 seconds
[2019-12-09T02:52:24.356+0000][1][safepoint    ] Application time: 0.0387439 seconds
[2019-12-09T02:52:24.356+0000][1][safepoint    ] Entering safepoint region: RevokeBias
[2019-12-09T02:52:24.356+0000][1][safepoint    ] Leaving safepoint region
[2019-12-09T02:52:24.356+0000][1][safepoint    ] Total time for which application threads were stopped: 0.0001396 seconds, Stopping threads took: 0.0000144 seconds
[2019-12-09T02:52:24.526+0000][1][safepoint    ] Application time: 0.1701848 seconds
[2019-12-09T02:52:24.526+0000][1][safepoint    ] Entering safepoint region: CollectForMetadataAllocation
[2019-12-09T02:52:24.526+0000][1][safepoint    ] Leaving safepoint region
[2019-12-09T02:52:24.526+0000][1][safepoint    ] Total time for which application threads were stopped: 0.0002105 seconds, Stopping threads took: 0.0000119 seconds
[2019-12-09T02:52:24.540+0000][1][safepoint    ] Application time: 0.0133709 seconds
[2019-12-09T02:52:24.585+0000][1][safepoint    ] Entering safepoint region: CollectForMetadataAllocation
[2019-12-09T02:52:24.585+0000][1][safepoint    ] Leaving safepoint region
[2019-12-09T02:52:24.585+0000][1][safepoint    ] Total time for which application threads were stopped: 0.0450640 seconds, Stopping threads took: 0.0450126 seconds
[2019-12-09T02:52:24.816+0000][1][safepoint    ] Application time: 0.2308826 seconds
[2019-12-09T02:52:24.816+0000][1][safepoint    ] Entering safepoint region: CollectForMetadataAllocation
[2019-12-09T02:52:24.816+0000][1][safepoint    ] Leaving safepoint region
[2019-12-09T02:52:24.816+0000][1][safepoint    ] Total time for which application threads were stopped: 0.0002385 seconds, Stopping threads took: 0.0000143 seconds
[2019-12-09T02:52:25.037+0000][1][safepoint    ] Application time: 0.2207193 seconds
[2019-12-09T02:52:25.037+0000][1][safepoint    ] Entering safepoint region: CollectForMetadataAllocation
[2019-12-09T02:52:25.037+0000][1][safepoint    ] Leaving safepoint region
[2019-12-09T02:52:25.037+0000][1][safepoint    ] Total time for which application threads were stopped: 0.0002141 seconds, Stopping threads took: 0.0000136 seconds
[2019-12-09T02:52:25.460+0000][1][safepoint    ] Application time: 0.4230125 seconds
[2019-12-09T02:52:25.460+0000][1][safepoint    ] Entering safepoint region: CollectForMetadataAllocation
[2019-12-09T02:52:25.460+0000][1][safepoint    ] Leaving safepoint region
[2019-12-09T02:52:25.460+0000][1][safepoint    ] Total time for which application threads were stopped: 0.0001684 seconds, Stopping threads took: 0.0000207 seconds
[2019-12-09T02:52:25.961+0000][1][safepoint    ] Application time: 0.5005476 seconds
[2019-12-09T02:52:25.961+0000][1][safepoint    ] Entering safepoint region: CollectForMetadataAllocation
[2019-12-09T02:52:25.961+0000][1][safepoint    ] Leaving safepoint region
[2019-12-09T02:52:25.961+0000][1][safepoint    ] Total time for which application threads were stopped: 0.0002280 seconds, Stopping threads took: 0.0000164 seconds
[2019-12-09T02:52:26.197+0000][1][safepoint    ] Application time: 0.2357268 seconds
[2019-12-09T02:52:26.197+0000][1][safepoint    ] Entering safepoint region: CollectForMetadataAllocation
[2019-12-09T02:52:26.197+0000][1][safepoint    ] Leaving safepoint region
[2019-12-09T02:52:26.197+0000][1][safepoint    ] Total time for which application threads were stopped: 0.0002357 seconds, Stopping threads took: 0.0000155 seconds
[2019-12-09T02:52:26.508+0000][1][safepoint    ] Application time: 0.3113616 seconds
[2019-12-09T02:52:26.508+0000][1][safepoint    ] Entering safepoint region: CollectForMetadataAllocation
[2019-12-09T02:52:26.509+0000][1][safepoint    ] Leaving safepoint region
[2019-12-09T02:52:26.509+0000][1][safepoint    ] Total time for which application threads were stopped: 0.0002470 seconds, Stopping threads took: 0.0000136 seconds
[2019-12-09T02:52:26.702+0000][1][safepoint    ] Application time: 0.1930251 seconds
[2019-12-09T02:52:26.702+0000][1][safepoint    ] Entering safepoint region: CollectForMetadataAllocation
[2019-12-09T02:52:26.702+0000][1][safepoint    ] Leaving safepoint region
[2019-12-09T02:52:26.702+0000][1][safepoint    ] Total time for which application threads were stopped: 0.0002141 seconds, Stopping threads took: 0.0000141 seconds
[2019-12-09T02:52:27.078+0000][1][safepoint    ] Application time: 0.3757672 seconds
[2019-12-09T02:52:27.089+0000][1][safepoint    ] Entering safepoint region: CollectForMetadataAllocation
[2019-12-09T02:52:27.091+0000][1][safepoint    ] Leaving safepoint region
[2019-12-09T02:52:27.110+0000][1][safepoint    ] Total time for which application threads were stopped: 0.0317482 seconds, Stopping threads took: 0.0113395 seconds
[2019-12-09T02:52:27.470+0000][1][safepoint    ] Application time: 0.3601213 seconds
[2019-12-09T02:52:27.470+0000][1][safepoint    ] Entering safepoint region: CollectForMetadataAllocation
[2019-12-09T02:52:27.470+0000][1][safepoint    ] Leaving safepoint region
[2019-12-09T02:52:27.470+0000][1][safepoint    ] Total time for which application threads were stopped: 0.0002130 seconds, Stopping threads took: 0.0000128 seconds
[2019-12-09T02:52:27.851+0000][1][gc           ] GC(17) Concurrent Abortable Preclean 5389.470ms
[2019-12-09T02:52:27.851+0000][1][gc,cpu       ] GC(17) User=1.51s Sys=0.02s Real=5.39s
[2019-12-09T02:52:27.851+0000][1][safepoint    ] Application time: 0.3810504 seconds
[2019-12-09T02:52:27.851+0000][1][safepoint    ] Entering safepoint region: CMS_Final_Remark
[2019-12-09T02:52:27.851+0000][1][gc,start     ] GC(17) Pause Remark
[2019-12-09T02:52:27.986+0000][1][gc           ] GC(17) Pause Remark 77M->77M(247M) 134.811ms
[2019-12-09T02:52:27.986+0000][1][gc,cpu       ] GC(17) User=0.05s Sys=0.00s Real=0.14s
[2019-12-09T02:52:27.986+0000][1][safepoint    ] Leaving safepoint region
[2019-12-09T02:52:27.986+0000][1][safepoint    ] Total time for which application threads were stopped: 0.1349815 seconds, Stopping threads took: 0.0000486 seconds
[2019-12-09T02:52:28.037+0000][1][gc           ] GC(17) Concurrent Sweep
[2019-12-09T02:52:28.127+0000][1][safepoint    ] Application time: 0.1407107 seconds
[2019-12-09T02:52:28.127+0000][1][safepoint    ] Entering safepoint region: CollectForMetadataAllocation
[2019-12-09T02:52:28.128+0000][1][safepoint    ] Leaving safepoint region
[2019-12-09T02:52:28.128+0000][1][safepoint    ] Total time for which application threads were stopped: 0.0007742 seconds, Stopping threads took: 0.0000162 seconds
[2019-12-09T02:52:28.182+0000][1][safepoint    ] Application time: 0.0542126 seconds
[2019-12-09T02:52:28.182+0000][1][safepoint    ] Entering safepoint region: CollectForMetadataAllocation
[2019-12-09T02:52:28.182+0000][1][safepoint    ] Leaving safepoint region
[2019-12-09T02:52:28.182+0000][1][safepoint    ] Total time for which application threads were stopped: 0.0001605 seconds, Stopping threads took: 0.0000174 seconds
[2019-12-09T02:52:28.409+0000][1][gc           ] GC(17) Concurrent Sweep 372.349ms
[2019-12-09T02:52:28.409+0000][1][gc,cpu       ] GC(17) User=0.10s Sys=0.01s Real=0.37s
[2019-12-09T02:52:28.409+0000][1][gc           ] GC(17) Concurrent Reset
[2019-12-09T02:52:28.410+0000][1][gc           ] GC(17) Concurrent Reset 0.328ms
[2019-12-09T02:52:28.410+0000][1][gc,cpu       ] GC(17) User=0.00s Sys=0.00s Real=0.00s
[2019-12-09T02:52:28.410+0000][1][gc,heap      ] GC(17) Old: 54559K->54339K(174784K)
[2019-12-09T02:52:29.184+0000][1][safepoint    ] Application time: 1.0017432 seconds
[2019-12-09T02:52:29.266+0000][1][safepoint    ] Entering safepoint region: Cleanup
[2019-12-09T02:52:29.266+0000][1][safepoint    ] Leaving safepoint region
[2019-12-09T02:52:29.266+0000][1][safepoint    ] Total time for which application threads were stopped: 0.0821220 seconds, Stopping threads took: 0.0820548 seconds
[2019-12-09T02:52:29.727+0000][1][safepoint    ] Application time: 0.4608808 seconds
[2019-12-09T02:52:29.756+0000][1][safepoint    ] Entering safepoint region: RevokeBias
[2019-12-09T02:52:29.756+0000][1][safepoint    ] Leaving safepoint region
[2019-12-09T02:52:29.756+0000][1][safepoint    ] Total time for which application threads were stopped: 0.0290574 seconds, Stopping threads took: 0.0289590 seconds
[2019-12-09T02:52:29.759+0000][1][safepoint    ] Application time: 0.0028338 seconds
[2019-12-09T02:52:29.762+0000][1][safepoint    ] Entering safepoint region: RevokeBias
[2019-12-09T02:52:29.762+0000][1][safepoint    ] Leaving safepoint region
[2019-12-09T02:52:29.762+0000][1][safepoint    ] Total time for which application threads were stopped: 0.0030608 seconds, Stopping threads took: 0.0029912 seconds
[2019-12-09T02:52:30.776+0000][1][safepoint    ] Application time: 1.0138969 seconds
[2019-12-09T02:52:30.898+0000][1][safepoint    ] Entering safepoint region: Cleanup
[2019-12-09T02:52:30.898+0000][1][safepoint    ] Leaving safepoint region
[2019-12-09T02:52:30.898+0000][1][safepoint    ] Total time for which application threads were stopped: 0.1221261 seconds, Stopping threads took: 0.1220734 seconds
[2019-12-09T02:52:32.901+0000][1][safepoint    ] Application time: 2.0028348 seconds
[2019-12-09T02:52:33.009+0000][1][safepoint    ] Entering safepoint region: Cleanup
[2019-12-09T02:52:33.009+0000][1][safepoint    ] Leaving safepoint region
[2019-12-09T02:52:33.009+0000][1][safepoint    ] Total time for which application threads were stopped: 0.1078297 seconds, Stopping threads took: 0.1077803 seconds
[2019-12-09T02:52:33.746+0000][1][safepoint    ] Application time: 0.7374414 seconds
[2019-12-09T02:52:33.749+0000][1][safepoint    ] Entering safepoint region: RevokeBias
[2019-12-09T02:52:33.749+0000][1][safepoint    ] Leaving safepoint region
[2019-12-09T02:52:33.749+0000][1][safepoint    ] Total time for which application threads were stopped: 0.0027202 seconds, Stopping threads took: 0.0026385 seconds
[2019-12-09T02:52:33.749+0000][1][safepoint    ] Application time: 0.0002189 seconds
[2019-12-09T02:52:33.749+0000][1][safepoint    ] Entering safepoint region: RevokeBias
[2019-12-09T02:52:33.749+0000][1][safepoint    ] Leaving safepoint region
[2019-12-09T02:52:33.749+0000][1][safepoint    ] Total time for which application threads were stopped: 0.0000496 seconds, Stopping threads took: 0.0000102 seconds
[2019-12-09T02:52:34.745+0000][1][safepoint    ] Application time: 0.9957227 seconds
[2019-12-09T02:52:34.802+0000][1][safepoint    ] Entering safepoint region: RevokeBias
[2019-12-09T02:52:34.802+0000][1][safepoint    ] Leaving safepoint region
[2019-12-09T02:52:34.802+0000][1][safepoint    ] Total time for which application threads were stopped: 0.0574306 seconds, Stopping threads took: 0.0572909 seconds
[2019-12-09T02:52:34.803+0000][1][safepoint    ] Application time: 0.0004285 seconds
[2019-12-09T02:52:34.803+0000][1][safepoint    ] Entering safepoint region: RevokeBias
[2019-12-09T02:52:34.803+0000][1][safepoint    ] Leaving safepoint region
[2019-12-09T02:52:34.803+0000][1][safepoint    ] Total time for which application threads were stopped: 0.0000929 seconds, Stopping threads took: 0.0000098 seconds
[2019-12-09T02:52:34.803+0000][1][safepoint    ] Application time: 0.0000829 seconds
[2019-12-09T02:52:34.803+0000][1][safepoint    ] Entering safepoint region: RevokeBias
[2019-12-09T02:52:34.803+0000][1][safepoint    ] Leaving safepoint region
[2019-12-09T02:52:34.803+0000][1][safepoint    ] Total time for which application threads were stopped: 0.0000698 seconds, Stopping threads took: 0.0000082 seconds
[2019-12-09T02:52:34.803+0000][1][safepoint    ] Application time: 0.0000534 seconds
[2019-12-09T02:52:34.803+0000][1][safepoint    ] Entering safepoint region: RevokeBias
[2019-12-09T02:52:34.803+0000][1][safepoint    ] Leaving safepoint region
[2019-12-09T02:52:34.803+0000][1][safepoint    ] Total time for which application threads were stopped: 0.0000583 seconds, Stopping threads took: 0.0000073 seconds
[2019-12-09T02:52:34.803+0000][1][safepoint    ] Application time: 0.0000940 seconds
[2019-12-09T02:52:34.803+0000][1][safepoint    ] Entering safepoint region: RevokeBias
[2019-12-09T02:52:34.803+0000][1][safepoint    ] Leaving safepoint region
[2019-12-09T02:52:34.803+0000][1][safepoint    ] Total time for which application threads were stopped: 0.0000680 seconds, Stopping threads took: 0.0000078 seconds
[2019-12-09T02:52:34.803+0000][1][safepoint    ] Application time: 0.0000596 seconds
[2019-12-09T02:52:34.803+0000][1][safepoint    ] Entering safepoint region: RevokeBias
[2019-12-09T02:52:34.803+0000][1][safepoint    ] Leaving safepoint region
[2019-12-09T02:52:34.803+0000][1][safepoint    ] Total time for which application threads were stopped: 0.0000606 seconds, Stopping threads took: 0.0000074 seconds
[2019-12-09T02:52:34.805+0000][1][safepoint    ] Application time: 0.0010575 seconds
[2019-12-09T02:52:34.805+0000][1][safepoint    ] Entering safepoint region: RevokeBias
[2019-12-09T02:52:34.805+0000][1][safepoint    ] Leaving safepoint region
[2019-12-09T02:52:34.805+0000][1][safepoint    ] Total time for which application threads were stopped: 0.0000876 seconds, Stopping threads took: 0.0000110 seconds
[2019-12-09T02:52:34.805+0000][1][safepoint    ] Application time: 0.0004475 seconds
[2019-12-09T02:52:34.805+0000][1][safepoint    ] Entering safepoint region: RevokeBias
[2019-12-09T02:52:34.805+0000][1][safepoint    ] Leaving safepoint region
[2019-12-09T02:52:34.805+0000][1][safepoint    ] Total time for which application threads were stopped: 0.0000872 seconds, Stopping threads took: 0.0000098 seconds
[2019-12-09T02:52:35.818+0000][1][safepoint    ] Application time: 1.0125708 seconds
[2019-12-09T02:52:35.902+0000][1][safepoint    ] Entering safepoint region: Cleanup
[2019-12-09T02:52:35.902+0000][1][safepoint    ] Leaving safepoint region
[2019-12-09T02:52:35.902+0000][1][safepoint    ] Total time for which application threads were stopped: 0.0840520 seconds, Stopping threads took: 0.0839893 seconds
[2019-12-09T02:52:35.919+0000][1][safepoint    ] Application time: 0.0167502 seconds
[2019-12-09T02:52:35.919+0000][1][safepoint    ] Entering safepoint region: GenCollectForAllocation
[2019-12-09T02:52:35.919+0000][1][gc,start     ] GC(19) Pause Young (Allocation Failure)
[2019-12-09T02:52:35.919+0000][1][gc,task      ] GC(19) Using 2 workers of 2 for evacuation
[2019-12-09T02:52:36.052+0000][1][gc,age       ] GC(19) Desired survivor size 4456448 bytes, new threshold 2 (max threshold 6)
[2019-12-09T02:52:36.052+0000][1][gc,age       ] GC(19) Age table with threshold 2 (max threshold 6)
[2019-12-09T02:52:36.052+0000][1][gc,age       ] GC(19) - age   1:    2598664 bytes,    2598664 total
[2019-12-09T02:52:36.052+0000][1][gc,age       ] GC(19) - age   2:    1929816 bytes,    4528480 total
[2019-12-09T02:52:36.052+0000][1][gc,age       ] GC(19) - age   3:    1197984 bytes,    5726464 total
[2019-12-09T02:52:36.052+0000][1][gc,heap      ] GC(19) ParNew: 73532K->7279K(78656K)
[2019-12-09T02:52:36.052+0000][1][gc,heap      ] GC(19) CMS: 54339K->54339K(174784K)
[2019-12-09T02:52:36.052+0000][1][gc,metaspace ] GC(19) Metaspace: 43047K->43047K(1089536K)
[2019-12-09T02:52:36.052+0000][1][gc           ] GC(19) Pause Young (Allocation Failure) 124M->60M(247M) 133.567ms
[2019-12-09T02:52:36.052+0000][1][gc,cpu       ] GC(19) User=0.03s Sys=0.01s Real=0.13s
[2019-12-09T02:52:36.052+0000][1][safepoint    ] Leaving safepoint region
[2019-12-09T02:52:36.052+0000][1][safepoint    ] Total time for which application threads were stopped: 0.1337079 seconds, Stopping threads took: 0.0000120 seconds
[2019-12-09T02:52:36.078+0000][1][safepoint    ] Application time: 0.0259063 seconds
[2019-12-09T02:52:36.078+0000][1][safepoint    ] Entering safepoint region: RevokeBias
[2019-12-09T02:52:36.078+0000][1][safepoint    ] Leaving safepoint region
[2019-12-09T02:52:36.078+0000][1][safepoint    ] Total time for which application threads were stopped: 0.0000705 seconds, Stopping threads took: 0.0000140 seconds
[2019-12-09T02:52:36.078+0000][1][safepoint    ] Application time: 0.0000640 seconds
[2019-12-09T02:52:36.078+0000][1][safepoint    ] Entering safepoint region: RevokeBias
[2019-12-09T02:52:36.078+0000][1][safepoint    ] Leaving safepoint region
[2019-12-09T02:52:36.079+0000][1][safepoint    ] Total time for which application threads were stopped: 0.0000360 seconds, Stopping threads took: 0.0000086 seconds
[2019-12-09T02:52:37.079+0000][1][safepoint    ] Application time: 1.0002123 seconds
[2019-12-09T02:52:37.119+0000][1][safepoint    ] Entering safepoint region: Cleanup
[2019-12-09T02:52:37.119+0000][1][safepoint    ] Leaving safepoint region
[2019-12-09T02:52:37.119+0000][1][safepoint    ] Total time for which application threads were stopped: 0.0400892 seconds, Stopping threads took: 0.0400079 seconds
[2019-12-09T02:52:37.601+0000][1][safepoint    ] Application time: 0.4820160 seconds
[2019-12-09T02:52:37.601+0000][1][safepoint    ] Entering safepoint region: RevokeBias
[2019-12-09T02:52:37.601+0000][1][safepoint    ] Leaving safepoint region
[2019-12-09T02:52:37.601+0000][1][safepoint    ] Total time for which application threads were stopped: 0.0001352 seconds, Stopping threads took: 0.0000137 seconds
[2019-12-09T02:52:37.634+0000][1][safepoint    ] Application time: 0.0324586 seconds
[2019-12-09T02:52:37.634+0000][1][safepoint    ] Entering safepoint region: RevokeBias
[2019-12-09T02:52:37.634+0000][1][safepoint    ] Leaving safepoint region
[2019-12-09T02:52:37.634+0000][1][safepoint    ] Total time for which application threads were stopped: 0.0000827 seconds, Stopping threads took: 0.0000124 seconds
[2019-12-09T02:52:38.640+0000][1][safepoint    ] Application time: 1.0060865 seconds
[2019-12-09T02:52:38.640+0000][1][safepoint    ] Entering safepoint region: Cleanup
[2019-12-09T02:52:38.640+0000][1][safepoint    ] Leaving safepoint region
[2019-12-09T02:52:38.640+0000][1][safepoint    ] Total time for which application threads were stopped: 0.0000780 seconds, Stopping threads took: 0.0000157 seconds
[2019-12-09T02:52:39.316+0000][1][safepoint    ] Application time: 0.6761103 seconds
[2019-12-09T02:52:39.316+0000][1][safepoint    ] Entering safepoint region: RevokeBias
[2019-12-09T02:52:39.317+0000][1][safepoint    ] Leaving safepoint region
[2019-12-09T02:52:39.317+0000][1][safepoint    ] Total time for which application threads were stopped: 0.0006574 seconds, Stopping threads took: 0.0000587 seconds
[2019-12-09T02:52:39.317+0000][1][safepoint    ] Application time: 0.0002231 seconds
[2019-12-09T02:52:39.317+0000][1][safepoint    ] Entering safepoint region: RevokeBias
[2019-12-09T02:52:39.317+0000][1][safepoint    ] Leaving safepoint region
[2019-12-09T02:52:39.317+0000][1][safepoint    ] Total time for which application threads were stopped: 0.0000825 seconds, Stopping threads took: 0.0000087 seconds
[2019-12-09T02:52:39.317+0000][1][safepoint    ] Application time: 0.0000589 seconds
[2019-12-09T02:52:39.317+0000][1][safepoint    ] Entering safepoint region: RevokeBias
[2019-12-09T02:52:39.317+0000][1][safepoint    ] Leaving safepoint region
[2019-12-09T02:52:39.317+0000][1][safepoint    ] Total time for which application threads were stopped: 0.0000489 seconds, Stopping threads took: 0.0000077 seconds
[2019-12-09T02:52:39.948+0000][1][safepoint    ] Application time: 0.6310661 seconds
[2019-12-09T02:52:39.959+0000][1][safepoint    ] Entering safepoint region: RevokeBias
[2019-12-09T02:52:39.959+0000][1][safepoint    ] Leaving safepoint region
[2019-12-09T02:52:39.959+0000][1][safepoint    ] Total time for which application threads were stopped: 0.0106311 seconds, Stopping threads took: 0.0105403 seconds
[2019-12-09T02:52:39.959+0000][1][safepoint    ] Application time: 0.0001926 seconds
[2019-12-09T02:52:39.959+0000][1][safepoint    ] Entering safepoint region: RevokeBias
[2019-12-09T02:52:39.959+0000][1][safepoint    ] Leaving safepoint region
[2019-12-09T02:52:39.959+0000][1][safepoint    ] Total time for which application threads were stopped: 0.0000734 seconds, Stopping threads took: 0.0000090 seconds
[2019-12-09T02:52:39.975+0000][1][safepoint    ] Application time: 0.0156041 seconds
[2019-12-09T02:52:39.975+0000][1][safepoint    ] Entering safepoint region: RevokeBias
[2019-12-09T02:52:39.975+0000][1][safepoint    ] Leaving safepoint region
[2019-12-09T02:52:39.975+0000][1][safepoint    ] Total time for which application threads were stopped: 0.0002910 seconds, Stopping threads took: 0.0002349 seconds
[2019-12-09T02:52:39.975+0000][1][safepoint    ] Application time: 0.0000753 seconds
[2019-12-09T02:52:39.975+0000][1][safepoint    ] Entering safepoint region: RevokeBias
[2019-12-09T02:52:39.975+0000][1][safepoint    ] Leaving safepoint region
[2019-12-09T02:52:39.975+0000][1][safepoint    ] Total time for which application threads were stopped: 0.0000363 seconds, Stopping threads took: 0.0000080 seconds
[2019-12-09T02:52:39.975+0000][1][safepoint    ] Application time: 0.0000440 seconds
[2019-12-09T02:52:39.975+0000][1][safepoint    ] Entering safepoint region: RevokeBias
[2019-12-09T02:52:39.975+0000][1][safepoint    ] Leaving safepoint region
[2019-12-09T02:52:39.975+0000][1][safepoint    ] Total time for which application threads were stopped: 0.0000308 seconds, Stopping threads took: 0.0000068 seconds
[2019-12-09T02:52:39.975+0000][1][safepoint    ] Application time: 0.0000438 seconds
[2019-12-09T02:52:39.975+0000][1][safepoint    ] Entering safepoint region: BulkRevokeBias
[2019-12-09T02:52:39.975+0000][1][safepoint    ] Leaving safepoint region
[2019-12-09T02:52:39.975+0000][1][safepoint    ] Total time for which application threads were stopped: 0.0000815 seconds, Stopping threads took: 0.0000067 seconds
[2019-12-09T02:52:39.976+0000][1][safepoint    ] Application time: 0.0001331 seconds
[2019-12-09T02:52:39.976+0000][1][safepoint    ] Entering safepoint region: RevokeBias
[2019-12-09T02:52:39.976+0000][1][safepoint    ] Leaving safepoint region
[2019-12-09T02:52:39.976+0000][1][safepoint    ] Total time for which application threads were stopped: 0.0000408 seconds, Stopping threads took: 0.0000070 seconds
[2019-12-09T02:52:39.976+0000][1][safepoint    ] Application time: 0.0001326 seconds
[2019-12-09T02:52:39.976+0000][1][safepoint    ] Entering safepoint region: RevokeBias
[2019-12-09T02:52:39.976+0000][1][safepoint    ] Leaving safepoint region
[2019-12-09T02:52:39.976+0000][1][safepoint    ] Total time for which application threads were stopped: 0.0000488 seconds, Stopping threads took: 0.0000082 seconds
[2019-12-09T02:52:39.976+0000][1][safepoint    ] Application time: 0.0001759 seconds
[2019-12-09T02:52:39.976+0000][1][safepoint    ] Entering safepoint region: RevokeBias
[2019-12-09T02:52:39.976+0000][1][safepoint    ] Leaving safepoint region
[2019-12-09T02:52:39.976+0000][1][safepoint    ] Total time for which application threads were stopped: 0.0000432 seconds, Stopping threads took: 0.0000080 seconds
[2019-12-09T02:52:39.977+0000][1][safepoint    ] Application time: 0.0004550 seconds
[2019-12-09T02:52:39.977+0000][1][safepoint    ] Entering safepoint region: RevokeBias
[2019-12-09T02:52:39.977+0000][1][safepoint    ] Leaving safepoint region
[2019-12-09T02:52:39.977+0000][1][safepoint    ] Total time for which application threads were stopped: 0.0000476 seconds, Stopping threads took: 0.0000098 seconds
[2019-12-09T02:52:39.977+0000][1][safepoint    ] Application time: 0.0001853 seconds
[2019-12-09T02:52:39.977+0000][1][safepoint    ] Entering safepoint region: RevokeBias
[2019-12-09T02:52:39.977+0000][1][safepoint    ] Leaving safepoint region
[2019-12-09T02:52:39.977+0000][1][safepoint    ] Total time for which application threads were stopped: 0.0000529 seconds, Stopping threads took: 0.0000094 seconds
[2019-12-09T02:52:39.977+0000][1][safepoint    ] Application time: 0.0000557 seconds
[2019-12-09T02:52:39.977+0000][1][safepoint    ] Entering safepoint region: RevokeBias
[2019-12-09T02:52:39.977+0000][1][safepoint    ] Leaving safepoint region
[2019-12-09T02:52:39.977+0000][1][safepoint    ] Total time for which application threads were stopped: 0.0000489 seconds, Stopping threads took: 0.0000110 seconds
[2019-12-09T02:52:39.977+0000][1][safepoint    ] Application time: 0.0000540 seconds
[2019-12-09T02:52:39.977+0000][1][safepoint    ] Entering safepoint region: RevokeBias
[2019-12-09T02:52:39.977+0000][1][safepoint    ] Leaving safepoint region
[2019-12-09T02:52:39.977+0000][1][safepoint    ] Total time for which application threads were stopped: 0.0000399 seconds, Stopping threads took: 0.0000082 seconds
[2019-12-09T02:52:39.977+0000][1][safepoint    ] Application time: 0.0000508 seconds
[2019-12-09T02:52:39.977+0000][1][safepoint    ] Entering safepoint region: RevokeBias
[2019-12-09T02:52:39.977+0000][1][safepoint    ] Leaving safepoint region
[2019-12-09T02:52:39.977+0000][1][safepoint    ] Total time for which application threads were stopped: 0.0000366 seconds, Stopping threads took: 0.0000079 seconds
[2019-12-09T02:52:39.977+0000][1][safepoint    ] Application time: 0.0000505 seconds
[2019-12-09T02:52:39.977+0000][1][safepoint    ] Entering safepoint region: RevokeBias
[2019-12-09T02:52:39.977+0000][1][safepoint    ] Leaving safepoint region
[2019-12-09T02:52:39.977+0000][1][safepoint    ] Total time for which application threads were stopped: 0.0000371 seconds, Stopping threads took: 0.0000080 seconds
[2019-12-09T02:52:39.977+0000][1][safepoint    ] Application time: 0.0000499 seconds
[2019-12-09T02:52:39.977+0000][1][safepoint    ] Entering safepoint region: RevokeBias
[2019-12-09T02:52:39.977+0000][1][safepoint    ] Leaving safepoint region
[2019-12-09T02:52:39.977+0000][1][safepoint    ] Total time for which application threads were stopped: 0.0000380 seconds, Stopping threads took: 0.0000080 seconds
[2019-12-09T02:52:39.977+0000][1][safepoint    ] Application time: 0.0000512 seconds
[2019-12-09T02:52:39.977+0000][1][safepoint    ] Entering safepoint region: RevokeBias
[2019-12-09T02:52:39.977+0000][1][safepoint    ] Leaving safepoint region
[2019-12-09T02:52:39.977+0000][1][safepoint    ] Total time for which application threads were stopped: 0.0000363 seconds, Stopping threads took: 0.0000078 seconds
[2019-12-09T02:52:39.978+0000][1][safepoint    ] Application time: 0.0000511 seconds
[2019-12-09T02:52:39.978+0000][1][safepoint    ] Entering safepoint region: RevokeBias
[2019-12-09T02:52:39.978+0000][1][safepoint    ] Leaving safepoint region
[2019-12-09T02:52:39.978+0000][1][safepoint    ] Total time for which application threads were stopped: 0.0000371 seconds, Stopping threads took: 0.0000078 seconds
[2019-12-09T02:52:39.978+0000][1][safepoint    ] Application time: 0.0000519 seconds
[2019-12-09T02:52:39.978+0000][1][safepoint    ] Entering safepoint region: RevokeBias
[2019-12-09T02:52:39.978+0000][1][safepoint    ] Leaving safepoint region
[2019-12-09T02:52:39.978+0000][1][safepoint    ] Total time for which application threads were stopped: 0.0000568 seconds, Stopping threads took: 0.0000078 seconds
[2019-12-09T02:52:39.978+0000][1][safepoint    ] Application time: 0.0000511 seconds
[2019-12-09T02:52:39.978+0000][1][safepoint    ] Entering safepoint region: RevokeBias
[2019-12-09T02:52:39.978+0000][1][safepoint    ] Leaving safepoint region
[2019-12-09T02:52:39.978+0000][1][safepoint    ] Total time for which application threads were stopped: 0.0000334 seconds, Stopping threads took: 0.0000075 seconds
[2019-12-09T02:52:39.978+0000][1][safepoint    ] Application time: 0.0000488 seconds
[2019-12-09T02:52:39.978+0000][1][safepoint    ] Entering safepoint region: RevokeBias
[2019-12-09T02:52:39.978+0000][1][safepoint    ] Leaving safepoint region
[2019-12-09T02:52:39.978+0000][1][safepoint    ] Total time for which application threads were stopped: 0.0000325 seconds, Stopping threads took: 0.0000071 seconds
[2019-12-09T02:52:39.978+0000][1][safepoint    ] Application time: 0.0000482 seconds
[2019-12-09T02:52:39.978+0000][1][safepoint    ] Entering safepoint region: RevokeBias
[2019-12-09T02:52:39.978+0000][1][safepoint    ] Leaving safepoint region
[2019-12-09T02:52:39.978+0000][1][safepoint    ] Total time for which application threads were stopped: 0.0000350 seconds, Stopping threads took: 0.0000076 seconds
[2019-12-09T02:52:39.978+0000][1][safepoint    ] Application time: 0.0000502 seconds
[2019-12-09T02:52:39.978+0000][1][safepoint    ] Entering safepoint region: RevokeBias
[2019-12-09T02:52:39.978+0000][1][safepoint    ] Leaving safepoint region
[2019-12-09T02:52:39.978+0000][1][safepoint    ] Total time for which application threads were stopped: 0.0000363 seconds, Stopping threads took: 0.0000074 seconds
[2019-12-09T02:52:39.978+0000][1][safepoint    ] Application time: 0.0000506 seconds
[2019-12-09T02:52:39.978+0000][1][safepoint    ] Entering safepoint region: RevokeBias
[2019-12-09T02:52:39.978+0000][1][safepoint    ] Leaving safepoint region
[2019-12-09T02:52:39.978+0000][1][safepoint    ] Total time for which application threads were stopped: 0.0000347 seconds, Stopping threads took: 0.0000073 seconds
[2019-12-09T02:52:39.978+0000][1][safepoint    ] Application time: 0.0000511 seconds
[2019-12-09T02:52:39.978+0000][1][safepoint    ] Entering safepoint region: RevokeBias
[2019-12-09T02:52:39.978+0000][1][safepoint    ] Leaving safepoint region
[2019-12-09T02:52:39.978+0000][1][safepoint    ] Total time for which application threads were stopped: 0.0000365 seconds, Stopping threads took: 0.0000080 seconds
[2019-12-09T02:52:39.978+0000][1][safepoint    ] Application time: 0.0000497 seconds
[2019-12-09T02:52:39.978+0000][1][safepoint    ] Entering safepoint region: RevokeBias
[2019-12-09T02:52:39.978+0000][1][safepoint    ] Leaving safepoint region
[2019-12-09T02:52:39.978+0000][1][safepoint    ] Total time for which application threads were stopped: 0.0000320 seconds, Stopping threads took: 0.0000068 seconds
[2019-12-09T02:52:39.978+0000][1][safepoint    ] Application time: 0.0000494 seconds
[2019-12-09T02:52:39.978+0000][1][safepoint    ] Entering safepoint region: RevokeBias
[2019-12-09T02:52:39.979+0000][1][safepoint    ] Leaving safepoint region
[2019-12-09T02:52:39.979+0000][1][safepoint    ] Total time for which application threads were stopped: 0.0000323 seconds, Stopping threads took: 0.0000068 seconds
[2019-12-09T02:52:39.979+0000][1][safepoint    ] Application time: 0.0000502 seconds
[2019-12-09T02:52:39.979+0000][1][safepoint    ] Entering safepoint region: BulkRevokeBias
[2019-12-09T02:52:39.979+0000][1][safepoint    ] Leaving safepoint region
[2019-12-09T02:52:39.979+0000][1][safepoint    ] Total time for which application threads were stopped: 0.0001184 seconds, Stopping threads took: 0.0000072 seconds
[2019-12-09T02:52:39.979+0000][1][safepoint    ] Application time: 0.0001753 seconds
[2019-12-09T02:52:39.979+0000][1][safepoint    ] Entering safepoint region: RevokeBias
[2019-12-09T02:52:39.979+0000][1][safepoint    ] Leaving safepoint region
[2019-12-09T02:52:39.979+0000][1][safepoint    ] Total time for which application threads were stopped: 0.0000585 seconds, Stopping threads took: 0.0000082 seconds
[2019-12-09T02:52:39.979+0000][1][safepoint    ] Application time: 0.0001343 seconds
[2019-12-09T02:52:39.979+0000][1][safepoint    ] Entering safepoint region: RevokeBias
[2019-12-09T02:52:39.979+0000][1][safepoint    ] Leaving safepoint region
[2019-12-09T02:52:39.979+0000][1][safepoint    ] Total time for which application threads were stopped: 0.0000527 seconds, Stopping threads took: 0.0000074 seconds
[2019-12-09T02:52:39.979+0000][1][safepoint    ] Application time: 0.0000696 seconds
[2019-12-09T02:52:39.979+0000][1][safepoint    ] Entering safepoint region: RevokeBias
[2019-12-09T02:52:39.979+0000][1][safepoint    ] Leaving safepoint region
[2019-12-09T02:52:39.979+0000][1][safepoint    ] Total time for which application threads were stopped: 0.0000419 seconds, Stopping threads took: 0.0000086 seconds
[2019-12-09T02:52:39.979+0000][1][safepoint    ] Application time: 0.0000709 seconds
[2019-12-09T02:52:39.979+0000][1][safepoint    ] Entering safepoint region: RevokeBias
[2019-12-09T02:52:39.979+0000][1][safepoint    ] Leaving safepoint region
[2019-12-09T02:52:39.979+0000][1][safepoint    ] Total time for which application threads were stopped: 0.0000416 seconds, Stopping threads took: 0.0000082 seconds
[2019-12-09T02:52:39.979+0000][1][safepoint    ] Application time: 0.0000562 seconds
[2019-12-09T02:52:39.979+0000][1][safepoint    ] Entering safepoint region: RevokeBias
[2019-12-09T02:52:39.980+0000][1][safepoint    ] Leaving safepoint region
[2019-12-09T02:52:39.980+0000][1][safepoint    ] Total time for which application threads were stopped: 0.0000392 seconds, Stopping threads took: 0.0000083 seconds
[2019-12-09T02:52:39.980+0000][1][safepoint    ] Application time: 0.0002186 seconds
[2019-12-09T02:52:39.980+0000][1][safepoint    ] Entering safepoint region: RevokeBias
[2019-12-09T02:52:39.980+0000][1][safepoint    ] Leaving safepoint region
[2019-12-09T02:52:39.980+0000][1][safepoint    ] Total time for which application threads were stopped: 0.0000488 seconds, Stopping threads took: 0.0000101 seconds
[2019-12-09T02:52:39.980+0000][1][safepoint    ] Application time: 0.0003312 seconds
[2019-12-09T02:52:39.980+0000][1][safepoint    ] Entering safepoint region: RevokeBias
[2019-12-09T02:52:39.980+0000][1][safepoint    ] Leaving safepoint region
[2019-12-09T02:52:39.980+0000][1][safepoint    ] Total time for which application threads were stopped: 0.0000551 seconds, Stopping threads took: 0.0000099 seconds
[2019-12-09T02:52:39.981+0000][1][safepoint    ] Application time: 0.0002904 seconds
[2019-12-09T02:52:39.981+0000][1][safepoint    ] Entering safepoint region: RevokeBias
[2019-12-09T02:52:39.981+0000][1][safepoint    ] Leaving safepoint region
[2019-12-09T02:52:39.981+0000][1][safepoint    ] Total time for which application threads were stopped: 0.0000606 seconds, Stopping threads took: 0.0000093 seconds
[2019-12-09T02:52:39.981+0000][1][safepoint    ] Application time: 0.0001977 seconds
[2019-12-09T02:52:39.981+0000][1][safepoint    ] Entering safepoint region: RevokeBias
[2019-12-09T02:52:39.981+0000][1][safepoint    ] Leaving safepoint region
[2019-12-09T02:52:39.981+0000][1][safepoint    ] Total time for which application threads were stopped: 0.0000585 seconds, Stopping threads took: 0.0000100 seconds
[2019-12-09T02:52:39.981+0000][1][safepoint    ] Application time: 0.0003609 seconds
[2019-12-09T02:52:39.981+0000][1][safepoint    ] Entering safepoint region: RevokeBias
[2019-12-09T02:52:39.981+0000][1][safepoint    ] Leaving safepoint region
[2019-12-09T02:52:39.981+0000][1][safepoint    ] Total time for which application threads were stopped: 0.0000637 seconds, Stopping threads took: 0.0000105 seconds
[2019-12-09T02:52:39.981+0000][1][safepoint    ] Application time: 0.0000673 seconds
[2019-12-09T02:52:39.981+0000][1][safepoint    ] Entering safepoint region: RevokeBias
[2019-12-09T02:52:39.981+0000][1][safepoint    ] Leaving safepoint region
[2019-12-09T02:52:39.981+0000][1][safepoint    ] Total time for which application threads were stopped: 0.0000670 seconds, Stopping threads took: 0.0000088 seconds
[2019-12-09T02:52:39.982+0000][1][safepoint    ] Application time: 0.0000550 seconds
[2019-12-09T02:52:39.982+0000][1][safepoint    ] Entering safepoint region: RevokeBias
[2019-12-09T02:52:39.982+0000][1][safepoint    ] Leaving safepoint region
[2019-12-09T02:52:39.982+0000][1][safepoint    ] Total time for which application threads were stopped: 0.0000373 seconds, Stopping threads took: 0.0000081 seconds
[2019-12-09T02:52:39.982+0000][1][safepoint    ] Application time: 0.0000509 seconds
[2019-12-09T02:52:39.982+0000][1][safepoint    ] Entering safepoint region: RevokeBias
[2019-12-09T02:52:39.982+0000][1][safepoint    ] Leaving safepoint region
[2019-12-09T02:52:39.982+0000][1][safepoint    ] Total time for which application threads were stopped: 0.0000684 seconds, Stopping threads took: 0.0000077 seconds
[2019-12-09T02:52:39.982+0000][1][safepoint    ] Application time: 0.0000555 seconds
[2019-12-09T02:52:39.982+0000][1][safepoint    ] Entering safepoint region: RevokeBias
[2019-12-09T02:52:39.982+0000][1][safepoint    ] Leaving safepoint region
[2019-12-09T02:52:39.982+0000][1][safepoint    ] Total time for which application threads were stopped: 0.0000352 seconds, Stopping threads took: 0.0000075 seconds
[2019-12-09T02:52:39.982+0000][1][safepoint    ] Application time: 0.0000501 seconds
[2019-12-09T02:52:39.982+0000][1][safepoint    ] Entering safepoint region: RevokeBias
[2019-12-09T02:52:39.982+0000][1][safepoint    ] Leaving safepoint region
[2019-12-09T02:52:39.982+0000][1][safepoint    ] Total time for which application threads were stopped: 0.0000570 seconds, Stopping threads took: 0.0000075 seconds
[2019-12-09T02:52:39.982+0000][1][safepoint    ] Application time: 0.0000546 seconds
[2019-12-09T02:52:39.982+0000][1][safepoint    ] Entering safepoint region: RevokeBias
[2019-12-09T02:52:39.982+0000][1][safepoint    ] Leaving safepoint region
[2019-12-09T02:52:39.982+0000][1][safepoint    ] Total time for which application threads were stopped: 0.0000377 seconds, Stopping threads took: 0.0000079 seconds
[2019-12-09T02:52:39.982+0000][1][safepoint    ] Application time: 0.0003417 seconds
[2019-12-09T02:52:39.982+0000][1][safepoint    ] Entering safepoint region: RevokeBias
[2019-12-09T02:52:39.982+0000][1][safepoint    ] Leaving safepoint region
[2019-12-09T02:52:39.982+0000][1][safepoint    ] Total time for which application threads were stopped: 0.0000520 seconds, Stopping threads took: 0.0000101 seconds
[2019-12-09T02:52:39.983+0000][1][safepoint    ] Application time: 0.0000611 seconds
[2019-12-09T02:52:39.983+0000][1][safepoint    ] Entering safepoint region: RevokeBias
[2019-12-09T02:52:39.983+0000][1][safepoint    ] Leaving safepoint region
[2019-12-09T02:52:39.983+0000][1][safepoint    ] Total time for which application threads were stopped: 0.0000423 seconds, Stopping threads took: 0.0000084 seconds
[2019-12-09T02:52:39.983+0000][1][safepoint    ] Application time: 0.0000534 seconds
[2019-12-09T02:52:39.983+0000][1][safepoint    ] Entering safepoint region: RevokeBias
[2019-12-09T02:52:39.983+0000][1][safepoint    ] Leaving safepoint region
[2019-12-09T02:52:39.983+0000][1][safepoint    ] Total time for which application threads were stopped: 0.0000637 seconds, Stopping threads took: 0.0000277 seconds
[2019-12-09T02:52:39.983+0000][1][safepoint    ] Application time: 0.0000544 seconds
[2019-12-09T02:52:39.983+0000][1][safepoint    ] Entering safepoint region: RevokeBias
[2019-12-09T02:52:39.983+0000][1][safepoint    ] Leaving safepoint region
[2019-12-09T02:52:39.983+0000][1][safepoint    ] Total time for which application threads were stopped: 0.0000380 seconds, Stopping threads took: 0.0000079 seconds
[2019-12-09T02:52:39.983+0000][1][safepoint    ] Application time: 0.0000540 seconds
[2019-12-09T02:52:39.983+0000][1][safepoint    ] Entering safepoint region: RevokeBias
[2019-12-09T02:52:39.983+0000][1][safepoint    ] Leaving safepoint region
[2019-12-09T02:52:39.983+0000][1][safepoint    ] Total time for which application threads were stopped: 0.0000438 seconds, Stopping threads took: 0.0000080 seconds
[2019-12-09T02:52:39.983+0000][1][safepoint    ] Application time: 0.0000552 seconds
[2019-12-09T02:52:39.983+0000][1][safepoint    ] Entering safepoint region: RevokeBias
[2019-12-09T02:52:39.983+0000][1][safepoint    ] Leaving safepoint region
[2019-12-09T02:52:39.983+0000][1][safepoint    ] Total time for which application threads were stopped: 0.0000375 seconds, Stopping threads took: 0.0000077 seconds
[2019-12-09T02:52:39.983+0000][1][safepoint    ] Application time: 0.0000542 seconds
[2019-12-09T02:52:39.983+0000][1][safepoint    ] Entering safepoint region: RevokeBias
[2019-12-09T02:52:39.983+0000][1][safepoint    ] Leaving safepoint region
[2019-12-09T02:52:39.983+0000][1][safepoint    ] Total time for which application threads were stopped: 0.0000384 seconds, Stopping threads took: 0.0000083 seconds
[2019-12-09T02:52:39.983+0000][1][safepoint    ] Application time: 0.0000529 seconds
[2019-12-09T02:52:39.983+0000][1][safepoint    ] Entering safepoint region: RevokeBias
[2019-12-09T02:52:39.983+0000][1][safepoint    ] Leaving safepoint region
[2019-12-09T02:52:39.983+0000][1][safepoint    ] Total time for which application threads were stopped: 0.0000395 seconds, Stopping threads took: 0.0000084 seconds
[2019-12-09T02:52:39.983+0000][1][safepoint    ] Application time: 0.0000511 seconds
[2019-12-09T02:52:39.983+0000][1][safepoint    ] Entering safepoint region: RevokeBias
[2019-12-09T02:52:39.983+0000][1][safepoint    ] Leaving safepoint region
[2019-12-09T02:52:39.983+0000][1][safepoint    ] Total time for which application threads were stopped: 0.0000374 seconds, Stopping threads took: 0.0000081 seconds
[2019-12-09T02:52:39.983+0000][1][safepoint    ] Application time: 0.0000774 seconds
[2019-12-09T02:52:39.983+0000][1][safepoint    ] Entering safepoint region: RevokeBias
[2019-12-09T02:52:39.984+0000][1][safepoint    ] Leaving safepoint region
[2019-12-09T02:52:39.984+0000][1][safepoint    ] Total time for which application threads were stopped: 0.0000379 seconds, Stopping threads took: 0.0000086 seconds
[2019-12-09T02:52:39.984+0000][1][safepoint    ] Application time: 0.0000505 seconds
[2019-12-09T02:52:39.984+0000][1][safepoint    ] Entering safepoint region: RevokeBias
[2019-12-09T02:52:39.984+0000][1][safepoint    ] Leaving safepoint region
[2019-12-09T02:52:39.984+0000][1][safepoint    ] Total time for which application threads were stopped: 0.0000456 seconds, Stopping threads took: 0.0000082 seconds
[2019-12-09T02:52:39.984+0000][1][safepoint    ] Application time: 0.0000617 seconds
[2019-12-09T02:52:39.984+0000][1][safepoint    ] Entering safepoint region: RevokeBias
[2019-12-09T02:52:39.984+0000][1][safepoint    ] Leaving safepoint region
[2019-12-09T02:52:39.984+0000][1][safepoint    ] Total time for which application threads were stopped: 0.0000414 seconds, Stopping threads took: 0.0000082 seconds
[2019-12-09T02:52:39.984+0000][1][safepoint    ] Application time: 0.0000530 seconds
[2019-12-09T02:52:39.984+0000][1][safepoint    ] Entering safepoint region: RevokeBias
[2019-12-09T02:52:39.984+0000][1][safepoint    ] Leaving safepoint region
[2019-12-09T02:52:39.984+0000][1][safepoint    ] Total time for which application threads were stopped: 0.0000405 seconds, Stopping threads took: 0.0000080 seconds
[2019-12-09T02:52:39.984+0000][1][safepoint    ] Application time: 0.0000523 seconds
[2019-12-09T02:52:39.984+0000][1][safepoint    ] Entering safepoint region: RevokeBias
[2019-12-09T02:52:39.984+0000][1][safepoint    ] Leaving safepoint region
[2019-12-09T02:52:39.984+0000][1][safepoint    ] Total time for which application threads were stopped: 0.0000378 seconds, Stopping threads took: 0.0000084 seconds
[2019-12-09T02:52:39.984+0000][1][safepoint    ] Application time: 0.0000529 seconds
[2019-12-09T02:52:39.984+0000][1][safepoint    ] Entering safepoint region: RevokeBias
[2019-12-09T02:52:39.984+0000][1][safepoint    ] Leaving safepoint region
[2019-12-09T02:52:39.984+0000][1][safepoint    ] Total time for which application threads were stopped: 0.0000423 seconds, Stopping threads took: 0.0000084 seconds
[2019-12-09T02:52:39.984+0000][1][safepoint    ] Application time: 0.0000535 seconds
[2019-12-09T02:52:39.984+0000][1][safepoint    ] Entering safepoint region: BulkRevokeBias
[2019-12-09T02:52:39.984+0000][1][safepoint    ] Leaving safepoint region
[2019-12-09T02:52:39.984+0000][1][safepoint    ] Total time for which application threads were stopped: 0.0000958 seconds, Stopping threads took: 0.0000088 seconds
[2019-12-09T02:52:40.022+0000][1][safepoint    ] Application time: 0.0375824 seconds
[2019-12-09T02:52:40.022+0000][1][safepoint    ] Entering safepoint region: RevokeBias
[2019-12-09T02:52:40.023+0000][1][safepoint    ] Leaving safepoint region
[2019-12-09T02:52:40.023+0000][1][safepoint    ] Total time for which application threads were stopped: 0.0007002 seconds, Stopping threads took: 0.0005788 seconds
[2019-12-09T02:52:40.023+0000][1][safepoint    ] Application time: 0.0001855 seconds
[2019-12-09T02:52:40.023+0000][1][safepoint    ] Entering safepoint region: RevokeBias
[2019-12-09T02:52:40.023+0000][1][safepoint    ] Leaving safepoint region
[2019-12-09T02:52:40.023+0000][1][safepoint    ] Total time for which application threads were stopped: 0.0000743 seconds, Stopping threads took: 0.0000096 seconds
[2019-12-09T02:52:40.023+0000][1][safepoint    ] Application time: 0.0004620 seconds
[2019-12-09T02:52:40.023+0000][1][safepoint    ] Entering safepoint region: RevokeBias
[2019-12-09T02:52:40.023+0000][1][safepoint    ] Leaving safepoint region
[2019-12-09T02:52:40.023+0000][1][safepoint    ] Total time for which application threads were stopped: 0.0000694 seconds, Stopping threads took: 0.0000106 seconds
[2019-12-09T02:52:40.024+0000][1][safepoint    ] Application time: 0.0005193 seconds
[2019-12-09T02:52:40.024+0000][1][safepoint    ] Entering safepoint region: RevokeBias
[2019-12-09T02:52:40.024+0000][1][safepoint    ] Leaving safepoint region
[2019-12-09T02:52:40.024+0000][1][safepoint    ] Total time for which application threads were stopped: 0.0000656 seconds, Stopping threads took: 0.0000109 seconds
[2019-12-09T02:52:40.024+0000][1][safepoint    ] Application time: 0.0001388 seconds
[2019-12-09T02:52:40.024+0000][1][safepoint    ] Entering safepoint region: RevokeBias
[2019-12-09T02:52:40.024+0000][1][safepoint    ] Leaving safepoint region
[2019-12-09T02:52:40.024+0000][1][safepoint    ] Total time for which application threads were stopped: 0.0000568 seconds, Stopping threads took: 0.0000094 seconds
[2019-12-09T02:52:40.025+0000][1][safepoint    ] Application time: 0.0005079 seconds
[2019-12-09T02:52:40.025+0000][1][safepoint    ] Entering safepoint region: RevokeBias
[2019-12-09T02:52:40.025+0000][1][safepoint    ] Leaving safepoint region
[2019-12-09T02:52:40.025+0000][1][safepoint    ] Total time for which application threads were stopped: 0.0000582 seconds, Stopping threads took: 0.0000093 seconds
[2019-12-09T02:52:40.047+0000][1][safepoint    ] Application time: 0.0217433 seconds
[2019-12-09T02:52:40.047+0000][1][safepoint    ] Entering safepoint region: RevokeBias
[2019-12-09T02:52:40.047+0000][1][safepoint    ] Leaving safepoint region
[2019-12-09T02:52:40.047+0000][1][safepoint    ] Total time for which application threads were stopped: 0.0002349 seconds, Stopping threads took: 0.0001530 seconds
[2019-12-09T02:52:40.047+0000][1][safepoint    ] Application time: 0.0003140 seconds
[2019-12-09T02:52:40.047+0000][1][safepoint    ] Entering safepoint region: RevokeBias
[2019-12-09T02:52:40.047+0000][1][safepoint    ] Leaving safepoint region
[2019-12-09T02:52:40.047+0000][1][safepoint    ] Total time for which application threads were stopped: 0.0000752 seconds, Stopping threads took: 0.0000099 seconds
[2019-12-09T02:52:40.047+0000][1][safepoint    ] Application time: 0.0000657 seconds
[2019-12-09T02:52:40.047+0000][1][safepoint    ] Entering safepoint region: RevokeBias
[2019-12-09T02:52:40.047+0000][1][safepoint    ] Leaving safepoint region
[2019-12-09T02:52:40.047+0000][1][safepoint    ] Total time for which application threads were stopped: 0.0000652 seconds, Stopping threads took: 0.0000088 seconds
[2019-12-09T02:52:40.070+0000][1][safepoint    ] Application time: 0.0226683 seconds
[2019-12-09T02:52:40.070+0000][1][safepoint    ] Entering safepoint region: RevokeBias
[2019-12-09T02:52:40.070+0000][1][safepoint    ] Leaving safepoint region
[2019-12-09T02:52:40.070+0000][1][safepoint    ] Total time for which application threads were stopped: 0.0001086 seconds, Stopping threads took: 0.0000455 seconds
[2019-12-09T02:52:40.071+0000][1][safepoint    ] Application time: 0.0005399 seconds
[2019-12-09T02:52:40.071+0000][1][safepoint    ] Entering safepoint region: RevokeBias
[2019-12-09T02:52:40.071+0000][1][safepoint    ] Leaving safepoint region
[2019-12-09T02:52:40.071+0000][1][safepoint    ] Total time for which application threads were stopped: 0.0001061 seconds, Stopping threads took: 0.0000098 seconds
[2019-12-09T02:52:40.071+0000][1][safepoint    ] Application time: 0.0000597 seconds
[2019-12-09T02:52:40.071+0000][1][safepoint    ] Entering safepoint region: RevokeBias
[2019-12-09T02:52:40.071+0000][1][safepoint    ] Leaving safepoint region
[2019-12-09T02:52:40.071+0000][1][safepoint    ] Total time for which application threads were stopped: 0.0000594 seconds, Stopping threads took: 0.0000077 seconds
[2019-12-09T02:52:40.079+0000][1][safepoint    ] Application time: 0.0078994 seconds
[2019-12-09T02:52:40.138+0000][1][safepoint    ] Entering safepoint region: RevokeBias
[2019-12-09T02:52:40.138+0000][1][safepoint    ] Leaving safepoint region
[2019-12-09T02:52:40.138+0000][1][safepoint    ] Total time for which application threads were stopped: 0.0589741 seconds, Stopping threads took: 0.0588794 seconds
[2019-12-09T02:52:40.143+0000][1][safepoint    ] Application time: 0.0048236 seconds
[2019-12-09T02:52:40.143+0000][1][safepoint    ] Entering safepoint region: RevokeBias
[2019-12-09T02:52:40.143+0000][1][safepoint    ] Leaving safepoint region
[2019-12-09T02:52:40.143+0000][1][safepoint    ] Total time for which application threads were stopped: 0.0000580 seconds, Stopping threads took: 0.0000135 seconds
[2019-12-09T02:52:40.195+0000][1][safepoint    ] Application time: 0.0516259 seconds
[2019-12-09T02:52:40.195+0000][1][safepoint    ] Entering safepoint region: RevokeBias
[2019-12-09T02:52:40.195+0000][1][safepoint    ] Leaving safepoint region
[2019-12-09T02:52:40.195+0000][1][safepoint    ] Total time for which application threads were stopped: 0.0001315 seconds, Stopping threads took: 0.0000552 seconds
[2019-12-09T02:52:40.240+0000][1][safepoint    ] Application time: 0.0450758 seconds
[2019-12-09T02:52:40.240+0000][1][safepoint    ] Entering safepoint region: RevokeBias
[2019-12-09T02:52:40.240+0000][1][safepoint    ] Leaving safepoint region
[2019-12-09T02:52:40.240+0000][1][safepoint    ] Total time for which application threads were stopped: 0.0001343 seconds, Stopping threads took: 0.0000803 seconds
[2019-12-09T02:52:41.293+0000][1][safepoint    ] Application time: 1.0530278 seconds
[2019-12-09T02:52:41.302+0000][1][safepoint    ] Entering safepoint region: RevokeBias
[2019-12-09T02:52:41.302+0000][1][safepoint    ] Leaving safepoint region
[2019-12-09T02:52:41.302+0000][1][safepoint    ] Total time for which application threads were stopped: 0.0089815 seconds, Stopping threads took: 0.0088963 seconds
[2019-12-09T02:52:41.318+0000][1][safepoint    ] Application time: 0.0158118 seconds
[2019-12-09T02:52:41.356+0000][1][safepoint    ] Entering safepoint region: RevokeBias
[2019-12-09T02:52:41.356+0000][1][safepoint    ] Leaving safepoint region
[2019-12-09T02:52:41.356+0000][1][safepoint    ] Total time for which application threads were stopped: 0.0381038 seconds, Stopping threads took: 0.0380379 seconds
[2019-12-09T02:52:41.392+0000][1][safepoint    ] Application time: 0.0360557 seconds
[2019-12-09T02:52:41.392+0000][1][safepoint    ] Entering safepoint region: GenCollectForAllocation
[2019-12-09T02:52:41.392+0000][1][gc,start     ] GC(20) Pause Young (Allocation Failure)
[2019-12-09T02:52:41.392+0000][1][gc,task      ] GC(20) Using 2 workers of 2 for evacuation
[2019-12-09T02:52:41.711+0000][1][gc,age       ] GC(20) Desired survivor size 4456448 bytes, new threshold 2 (max threshold 6)
[2019-12-09T02:52:41.711+0000][1][gc,age       ] GC(20) Age table with threshold 2 (max threshold 6)
[2019-12-09T02:52:41.711+0000][1][gc,age       ] GC(20) - age   1:    2820952 bytes,    2820952 total
[2019-12-09T02:52:41.711+0000][1][gc,age       ] GC(20) - age   2:    2441096 bytes,    5262048 total
[2019-12-09T02:52:41.711+0000][1][gc,heap      ] GC(20) ParNew: 77231K->7383K(78656K)
[2019-12-09T02:52:41.711+0000][1][gc,heap      ] GC(20) CMS: 54339K->57482K(174784K)
[2019-12-09T02:52:41.711+0000][1][gc,metaspace ] GC(20) Metaspace: 48398K->48398K(1093632K)
[2019-12-09T02:52:41.711+0000][1][gc           ] GC(20) Pause Young (Allocation Failure) 128M->63M(247M) 319.206ms
[2019-12-09T02:52:41.711+0000][1][gc,cpu       ] GC(20) User=0.09s Sys=0.00s Real=0.32s
[2019-12-09T02:52:41.711+0000][1][safepoint    ] Leaving safepoint region
[2019-12-09T02:52:41.711+0000][1][safepoint    ] Total time for which application threads were stopped: 0.3193515 seconds, Stopping threads took: 0.0000150 seconds
[2019-12-09T02:52:42.406+0000][1][safepoint    ] Application time: 0.6946111 seconds
[2019-12-09T02:52:42.420+0000][1][safepoint    ] Entering safepoint region: RevokeBias
[2019-12-09T02:52:42.421+0000][1][safepoint    ] Leaving safepoint region
[2019-12-09T02:52:42.421+0000][1][safepoint    ] Total time for which application threads were stopped: 0.0149859 seconds, Stopping threads took: 0.0144985 seconds
[2019-12-09T02:52:42.743+0000][1][safepoint    ] Application time: 0.3216886 seconds
[2019-12-09T02:52:42.743+0000][1][safepoint    ] Entering safepoint region: RevokeBias
[2019-12-09T02:52:42.743+0000][1][safepoint    ] Leaving safepoint region
[2019-12-09T02:52:42.743+0000][1][safepoint    ] Total time for which application threads were stopped: 0.0000736 seconds, Stopping threads took: 0.0000163 seconds
[2019-12-09T02:52:43.033+0000][1][safepoint    ] Application time: 0.2898148 seconds
[2019-12-09T02:52:43.033+0000][1][safepoint    ] Entering safepoint region: RevokeBias
[2019-12-09T02:52:43.033+0000][1][safepoint    ] Leaving safepoint region
[2019-12-09T02:52:43.033+0000][1][safepoint    ] Total time for which application threads were stopped: 0.0000899 seconds, Stopping threads took: 0.0000316 seconds
[2019-12-09T02:52:43.034+0000][1][safepoint    ] Application time: 0.0010459 seconds
[2019-12-09T02:52:43.034+0000][1][safepoint    ] Entering safepoint region: RevokeBias
[2019-12-09T02:52:43.034+0000][1][safepoint    ] Leaving safepoint region
[2019-12-09T02:52:43.034+0000][1][safepoint    ] Total time for which application threads were stopped: 0.0000640 seconds, Stopping threads took: 0.0000147 seconds
[2019-12-09T02:52:43.075+0000][1][safepoint    ] Application time: 0.0414675 seconds
[2019-12-09T02:52:43.075+0000][1][safepoint    ] Entering safepoint region: RevokeBias
[2019-12-09T02:52:43.075+0000][1][safepoint    ] Leaving safepoint region
[2019-12-09T02:52:43.075+0000][1][safepoint    ] Total time for which application threads were stopped: 0.0000625 seconds, Stopping threads took: 0.0000135 seconds
[2019-12-09T02:52:43.079+0000][1][safepoint    ] Application time: 0.0030672 seconds
[2019-12-09T02:52:43.079+0000][1][safepoint    ] Entering safepoint region: RevokeBias
[2019-12-09T02:52:43.079+0000][1][safepoint    ] Leaving safepoint region
[2019-12-09T02:52:43.079+0000][1][safepoint    ] Total time for which application threads were stopped: 0.0000518 seconds, Stopping threads took: 0.0000131 seconds
[2019-12-09T02:52:43.084+0000][1][safepoint    ] Application time: 0.0053362 seconds
[2019-12-09T02:52:43.084+0000][1][safepoint    ] Entering safepoint region: RevokeBias
[2019-12-09T02:52:43.084+0000][1][safepoint    ] Leaving safepoint region
[2019-12-09T02:52:43.084+0000][1][safepoint    ] Total time for which application threads were stopped: 0.0000450 seconds, Stopping threads took: 0.0000110 seconds
[2019-12-09T02:52:43.205+0000][1][safepoint    ] Application time: 0.1206635 seconds
[2019-12-09T02:52:43.205+0000][1][safepoint    ] Entering safepoint region: RevokeBias
[2019-12-09T02:52:43.205+0000][1][safepoint    ] Leaving safepoint region
[2019-12-09T02:52:43.205+0000][1][safepoint    ] Total time for which application threads were stopped: 0.0000810 seconds, Stopping threads took: 0.0000182 seconds
[2019-12-09T02:52:43.254+0000][1][safepoint    ] Application time: 0.0488010 seconds
[2019-12-09T02:52:43.254+0000][1][safepoint    ] Entering safepoint region: RevokeBias
[2019-12-09T02:52:43.254+0000][1][safepoint    ] Leaving safepoint region
[2019-12-09T02:52:43.254+0000][1][safepoint    ] Total time for which application threads were stopped: 0.0000712 seconds, Stopping threads took: 0.0000189 seconds
[2019-12-09T02:52:43.408+0000][1][safepoint    ] Application time: 0.1539288 seconds
[2019-12-09T02:52:43.408+0000][1][safepoint    ] Entering safepoint region: RevokeBias
[2019-12-09T02:52:43.408+0000][1][safepoint    ] Leaving safepoint region
[2019-12-09T02:52:43.408+0000][1][safepoint    ] Total time for which application threads were stopped: 0.0000711 seconds, Stopping threads took: 0.0000161 seconds
[2019-12-09T02:52:43.586+0000][1][safepoint    ] Application time: 0.1781695 seconds
[2019-12-09T02:52:43.700+0000][1][safepoint    ] Entering safepoint region: RevokeBias
[2019-12-09T02:52:43.700+0000][1][safepoint    ] Leaving safepoint region
[2019-12-09T02:52:43.700+0000][1][safepoint    ] Total time for which application threads were stopped: 0.1139274 seconds, Stopping threads took: 0.1138460 seconds
[2019-12-09T02:52:44.702+0000][1][safepoint    ] Application time: 1.0017648 seconds
[2019-12-09T02:52:44.804+0000][1][safepoint    ] Entering safepoint region: Cleanup
[2019-12-09T02:52:44.804+0000][1][safepoint    ] Leaving safepoint region
[2019-12-09T02:52:44.804+0000][1][safepoint    ] Total time for which application threads were stopped: 0.1024969 seconds, Stopping threads took: 0.1020068 seconds
[2019-12-09T02:52:45.353+0000][1][safepoint    ] Application time: 0.5484412 seconds
[2019-12-09T02:52:45.353+0000][1][safepoint    ] Entering safepoint region: RevokeBias
[2019-12-09T02:52:45.353+0000][1][safepoint    ] Leaving safepoint region
[2019-12-09T02:52:45.353+0000][1][safepoint    ] Total time for which application threads were stopped: 0.0001055 seconds, Stopping threads took: 0.0000186 seconds
[2019-12-09T02:52:46.360+0000][1][safepoint    ] Application time: 1.0068408 seconds
[2019-12-09T02:52:46.410+0000][1][safepoint    ] Entering safepoint region: Cleanup
[2019-12-09T02:52:46.410+0000][1][safepoint    ] Leaving safepoint region
[2019-12-09T02:52:46.410+0000][1][safepoint    ] Total time for which application threads were stopped: 0.0500983 seconds, Stopping threads took: 0.0500031 seconds
[2019-12-09T02:52:47.139+0000][1][safepoint    ] Application time: 0.7294321 seconds
[2019-12-09T02:52:47.139+0000][1][safepoint    ] Entering safepoint region: RevokeBias
[2019-12-09T02:52:47.139+0000][1][safepoint    ] Leaving safepoint region
[2019-12-09T02:52:47.139+0000][1][safepoint    ] Total time for which application threads were stopped: 0.0000829 seconds, Stopping threads took: 0.0000169 seconds
[2019-12-09T02:52:47.156+0000][1][safepoint    ] Application time: 0.0169960 seconds
[2019-12-09T02:52:47.156+0000][1][safepoint    ] Entering safepoint region: RevokeBias
[2019-12-09T02:52:47.156+0000][1][safepoint    ] Leaving safepoint region
[2019-12-09T02:52:47.157+0000][1][safepoint    ] Total time for which application threads were stopped: 0.0000689 seconds, Stopping threads took: 0.0000153 seconds
[2019-12-09T02:52:47.620+0000][1][safepoint    ] Application time: 0.4631260 seconds
[2019-12-09T02:52:47.620+0000][1][safepoint    ] Entering safepoint region: GenCollectForAllocation
[2019-12-09T02:52:47.620+0000][1][gc,start     ] GC(21) Pause Young (Allocation Failure)
[2019-12-09T02:52:47.620+0000][1][gc,task      ] GC(21) Using 2 workers of 2 for evacuation
[2019-12-09T02:52:47.922+0000][1][gc,age       ] GC(21) Desired survivor size 4456448 bytes, new threshold 6 (max threshold 6)
[2019-12-09T02:52:47.922+0000][1][gc,age       ] GC(21) Age table with threshold 6 (max threshold 6)
[2019-12-09T02:52:47.922+0000][1][gc,age       ] GC(21) - age   1:    1620424 bytes,    1620424 total
[2019-12-09T02:52:47.922+0000][1][gc,age       ] GC(21) - age   2:    2753320 bytes,    4373744 total
[2019-12-09T02:52:47.922+0000][1][gc,heap      ] GC(21) ParNew: 77335K->5084K(78656K)
[2019-12-09T02:52:47.922+0000][1][gc,heap      ] GC(21) CMS: 57482K->59930K(174784K)
[2019-12-09T02:52:47.922+0000][1][gc,metaspace ] GC(21) Metaspace: 56110K->56110K(1099776K)
[2019-12-09T02:52:47.922+0000][1][gc           ] GC(21) Pause Young (Allocation Failure) 131M->63M(247M) 302.143ms
[2019-12-09T02:52:47.922+0000][1][gc,cpu       ] GC(21) User=0.09s Sys=0.00s Real=0.30s
[2019-12-09T02:52:47.922+0000][1][safepoint    ] Leaving safepoint region
[2019-12-09T02:52:47.922+0000][1][safepoint    ] Total time for which application threads were stopped: 0.3022940 seconds, Stopping threads took: 0.0000180 seconds
[2019-12-09T02:52:48.305+0000][1][safepoint    ] Application time: 0.3829060 seconds
[2019-12-09T02:52:48.408+0000][1][safepoint    ] Entering safepoint region: RevokeBias
[2019-12-09T02:52:48.408+0000][1][safepoint    ] Leaving safepoint region
[2019-12-09T02:52:48.408+0000][1][safepoint    ] Total time for which application threads were stopped: 0.1029841 seconds, Stopping threads took: 0.1028792 seconds
[2019-12-09T02:52:48.408+0000][1][safepoint    ] Application time: 0.0002622 seconds
[2019-12-09T02:52:48.408+0000][1][safepoint    ] Entering safepoint region: RevokeBias
[2019-12-09T02:52:48.408+0000][1][safepoint    ] Leaving safepoint region
[2019-12-09T02:52:48.408+0000][1][safepoint    ] Total time for which application threads were stopped: 0.0000971 seconds, Stopping threads took: 0.0000132 seconds
[2019-12-09T02:52:48.408+0000][1][safepoint    ] Application time: 0.0000694 seconds
[2019-12-09T02:52:48.408+0000][1][safepoint    ] Entering safepoint region: RevokeBias
[2019-12-09T02:52:48.408+0000][1][safepoint    ] Leaving safepoint region
[2019-12-09T02:52:48.408+0000][1][safepoint    ] Total time for which application threads were stopped: 0.0000692 seconds, Stopping threads took: 0.0000092 seconds
[2019-12-09T02:52:48.409+0000][1][safepoint    ] Application time: 0.0002452 seconds
[2019-12-09T02:52:48.409+0000][1][safepoint    ] Entering safepoint region: RevokeBias
[2019-12-09T02:52:48.409+0000][1][safepoint    ] Leaving safepoint region
[2019-12-09T02:52:48.409+0000][1][safepoint    ] Total time for which application threads were stopped: 0.0000847 seconds, Stopping threads took: 0.0000124 seconds
[2019-12-09T02:52:48.566+0000][1][safepoint    ] Application time: 0.1569040 seconds
[2019-12-09T02:52:48.566+0000][1][safepoint    ] Entering safepoint region: RevokeBias
[2019-12-09T02:52:48.566+0000][1][safepoint    ] Leaving safepoint region
[2019-12-09T02:52:48.566+0000][1][safepoint    ] Total time for which application threads were stopped: 0.0000790 seconds, Stopping threads took: 0.0000166 seconds
[2019-12-09T02:52:48.657+0000][1][safepoint    ] Application time: 0.0908608 seconds
[2019-12-09T02:52:48.657+0000][1][safepoint    ] Entering safepoint region: Deoptimize
[2019-12-09T02:52:48.657+0000][1][safepoint    ] Leaving safepoint region
[2019-12-09T02:52:48.657+0000][1][safepoint    ] Total time for which application threads were stopped: 0.0005931 seconds, Stopping threads took: 0.0000154 seconds
[2019-12-09T02:52:48.722+0000][1][safepoint    ] Application time: 0.0642519 seconds
[2019-12-09T02:52:48.722+0000][1][safepoint    ] Entering safepoint region: RevokeBias
[2019-12-09T02:52:48.722+0000][1][safepoint    ] Leaving safepoint region
[2019-12-09T02:52:48.722+0000][1][safepoint    ] Total time for which application threads were stopped: 0.0001083 seconds, Stopping threads took: 0.0000167 seconds
[2019-12-09T02:52:48.752+0000][1][safepoint    ] Application time: 0.0303528 seconds
[2019-12-09T02:52:48.752+0000][1][safepoint    ] Entering safepoint region: RevokeBias
[2019-12-09T02:52:48.752+0000][1][safepoint    ] Leaving safepoint region
[2019-12-09T02:52:48.752+0000][1][safepoint    ] Total time for which application threads were stopped: 0.0000746 seconds, Stopping threads took: 0.0000154 seconds
[2019-12-09T02:52:48.753+0000][1][safepoint    ] Application time: 0.0005367 seconds
[2019-12-09T02:52:48.753+0000][1][safepoint    ] Entering safepoint region: BulkRevokeBias
[2019-12-09T02:52:48.753+0000][1][safepoint    ] Leaving safepoint region
[2019-12-09T02:52:48.753+0000][1][safepoint    ] Total time for which application threads were stopped: 0.0001832 seconds, Stopping threads took: 0.0000130 seconds
[2019-12-09T02:52:49.757+0000][1][safepoint    ] Application time: 1.0037222 seconds
[2019-12-09T02:52:49.776+0000][1][safepoint    ] Entering safepoint region: Cleanup
[2019-12-09T02:52:49.777+0000][1][safepoint    ] Leaving safepoint region
[2019-12-09T02:52:49.777+0000][1][safepoint    ] Total time for which application threads were stopped: 0.0203728 seconds, Stopping threads took: 0.0191088 seconds
[2019-12-09T02:52:50.780+0000][1][safepoint    ] Application time: 1.0025770 seconds
[2019-12-09T02:52:50.826+0000][1][safepoint    ] Entering safepoint region: Cleanup
[2019-12-09T02:52:50.826+0000][1][safepoint    ] Leaving safepoint region
[2019-12-09T02:52:50.826+0000][1][safepoint    ] Total time for which application threads were stopped: 0.0460693 seconds, Stopping threads took: 0.0459906 seconds
[2019-12-09T02:52:51.292+0000][1][safepoint    ] Application time: 0.4666510 seconds
[2019-12-09T02:52:51.293+0000][1][safepoint    ] Entering safepoint region: Deoptimize
[2019-12-09T02:52:51.293+0000][1][safepoint    ] Leaving safepoint region
[2019-12-09T02:52:51.293+0000][1][safepoint    ] Total time for which application threads were stopped: 0.0006278 seconds, Stopping threads took: 0.0000167 seconds
[2019-12-09T02:52:52.294+0000][1][safepoint    ] Application time: 1.0009403 seconds
[2019-12-09T02:52:52.324+0000][1][safepoint    ] Entering safepoint region: Cleanup
[2019-12-09T02:52:52.324+0000][1][safepoint    ] Leaving safepoint region
[2019-12-09T02:52:52.324+0000][1][safepoint    ] Total time for which application threads were stopped: 0.0297250 seconds, Stopping threads took: 0.0296418 seconds
[2019-12-09T02:52:53.329+0000][1][safepoint    ] Application time: 1.0048446 seconds
[2019-12-09T02:52:53.329+0000][1][safepoint    ] Entering safepoint region: Cleanup
[2019-12-09T02:52:53.329+0000][1][safepoint    ] Leaving safepoint region
[2019-12-09T02:52:53.329+0000][1][safepoint    ] Total time for which application threads were stopped: 0.0000869 seconds, Stopping threads took: 0.0000161 seconds
[2019-12-09T02:52:54.335+0000][1][safepoint    ] Application time: 1.0058647 seconds
[2019-12-09T02:52:54.335+0000][1][safepoint    ] Entering safepoint region: Cleanup
[2019-12-09T02:52:54.335+0000][1][safepoint    ] Leaving safepoint region
[2019-12-09T02:52:54.335+0000][1][safepoint    ] Total time for which application threads were stopped: 0.0000962 seconds, Stopping threads took: 0.0000222 seconds
[2019-12-09T02:52:54.839+0000][1][safepoint    ] Application time: 0.5045150 seconds
[2019-12-09T02:52:54.839+0000][1][safepoint    ] Entering safepoint region: RevokeBias
[2019-12-09T02:52:54.839+0000][1][safepoint    ] Leaving safepoint region
[2019-12-09T02:52:54.839+0000][1][safepoint    ] Total time for which application threads were stopped: 0.0000845 seconds, Stopping threads took: 0.0000156 seconds
[2019-12-09T02:52:55.170+0000][1][safepoint    ] Application time: 0.3302642 seconds
[2019-12-09T02:52:55.170+0000][1][safepoint    ] Entering safepoint region: GenCollectForAllocation
[2019-12-09T02:52:55.170+0000][1][gc,start     ] GC(22) Pause Young (Allocation Failure)
[2019-12-09T02:52:55.170+0000][1][gc,task      ] GC(22) Using 2 workers of 2 for evacuation
[2019-12-09T02:52:55.292+0000][1][gc,age       ] GC(22) Desired survivor size 4456448 bytes, new threshold 2 (max threshold 6)
[2019-12-09T02:52:55.292+0000][1][gc,age       ] GC(22) Age table with threshold 2 (max threshold 6)
[2019-12-09T02:52:55.292+0000][1][gc,age       ] GC(22) - age   1:    3654960 bytes,    3654960 total
[2019-12-09T02:52:55.292+0000][1][gc,age       ] GC(22) - age   2:    1526720 bytes,    5181680 total
[2019-12-09T02:52:55.292+0000][1][gc,age       ] GC(22) - age   3:    2730320 bytes,    7912000 total
[2019-12-09T02:52:55.292+0000][1][gc,heap      ] GC(22) ParNew: 75036K->8704K(78656K)
[2019-12-09T02:52:55.292+0000][1][gc,heap      ] GC(22) CMS: 59930K->59930K(174784K)
[2019-12-09T02:52:55.292+0000][1][gc,metaspace ] GC(22) Metaspace: 63187K->63187K(1107968K)
[2019-12-09T02:52:55.292+0000][1][gc           ] GC(22) Pause Young (Allocation Failure) 131M->67M(247M) 122.529ms
[2019-12-09T02:52:55.292+0000][1][gc,cpu       ] GC(22) User=0.05s Sys=0.00s Real=0.12s
[2019-12-09T02:52:55.292+0000][1][safepoint    ] Leaving safepoint region
[2019-12-09T02:52:55.292+0000][1][safepoint    ] Total time for which application threads were stopped: 0.1226941 seconds, Stopping threads took: 0.0000167 seconds
[2019-12-09T02:52:55.764+0000][1][safepoint    ] Application time: 0.4712388 seconds
[2019-12-09T02:52:55.764+0000][1][safepoint    ] Entering safepoint region: RevokeBias
[2019-12-09T02:52:55.764+0000][1][safepoint    ] Leaving safepoint region
[2019-12-09T02:52:55.764+0000][1][safepoint    ] Total time for which application threads were stopped: 0.0001757 seconds, Stopping threads took: 0.0000710 seconds
[2019-12-09T02:52:55.764+0000][1][safepoint    ] Application time: 0.0000846 seconds
[2019-12-09T02:52:55.764+0000][1][safepoint    ] Entering safepoint region: RevokeBias
[2019-12-09T02:52:55.764+0000][1][safepoint    ] Leaving safepoint region
[2019-12-09T02:52:55.764+0000][1][safepoint    ] Total time for which application threads were stopped: 0.0000645 seconds, Stopping threads took: 0.0000088 seconds
[2019-12-09T02:52:55.764+0000][1][safepoint    ] Application time: 0.0000566 seconds
[2019-12-09T02:52:55.764+0000][1][safepoint    ] Entering safepoint region: RevokeBias
[2019-12-09T02:52:55.764+0000][1][safepoint    ] Leaving safepoint region
[2019-12-09T02:52:55.764+0000][1][safepoint    ] Total time for which application threads were stopped: 0.0000541 seconds, Stopping threads took: 0.0000078 seconds
[2019-12-09T02:52:55.764+0000][1][safepoint    ] Application time: 0.0000553 seconds
[2019-12-09T02:52:55.764+0000][1][safepoint    ] Entering safepoint region: RevokeBias
[2019-12-09T02:52:55.764+0000][1][safepoint    ] Leaving safepoint region
[2019-12-09T02:52:55.764+0000][1][safepoint    ] Total time for which application threads were stopped: 0.0000526 seconds, Stopping threads took: 0.0000080 seconds
[2019-12-09T02:52:55.764+0000][1][safepoint    ] Application time: 0.0000554 seconds
[2019-12-09T02:52:55.764+0000][1][safepoint    ] Entering safepoint region: RevokeBias
[2019-12-09T02:52:55.764+0000][1][safepoint    ] Leaving safepoint region
[2019-12-09T02:52:55.764+0000][1][safepoint    ] Total time for which application threads were stopped: 0.0000537 seconds, Stopping threads took: 0.0000077 seconds
[2019-12-09T02:52:55.765+0000][1][safepoint    ] Application time: 0.0000597 seconds
[2019-12-09T02:52:55.765+0000][1][safepoint    ] Entering safepoint region: RevokeBias
[2019-12-09T02:52:55.765+0000][1][safepoint    ] Leaving safepoint region
[2019-12-09T02:52:55.765+0000][1][safepoint    ] Total time for which application threads were stopped: 0.0000525 seconds, Stopping threads took: 0.0000078 seconds
[2019-12-09T02:52:55.765+0000][1][safepoint    ] Application time: 0.0000570 seconds
[2019-12-09T02:52:55.765+0000][1][safepoint    ] Entering safepoint region: RevokeBias
[2019-12-09T02:52:55.765+0000][1][safepoint    ] Leaving safepoint region
[2019-12-09T02:52:55.765+0000][1][safepoint    ] Total time for which application threads were stopped: 0.0000682 seconds, Stopping threads took: 0.0000092 seconds
[2019-12-09T02:52:55.765+0000][1][safepoint    ] Application time: 0.0000688 seconds
[2019-12-09T02:52:55.765+0000][1][safepoint    ] Entering safepoint region: RevokeBias
[2019-12-09T02:52:55.765+0000][1][safepoint    ] Leaving safepoint region
[2019-12-09T02:52:55.765+0000][1][safepoint    ] Total time for which application threads were stopped: 0.0000674 seconds, Stopping threads took: 0.0000145 seconds
[2019-12-09T02:52:56.056+0000][1][safepoint    ] Application time: 0.2905788 seconds
[2019-12-09T02:52:56.056+0000][1][safepoint    ] Entering safepoint region: Deoptimize
[2019-12-09T02:52:56.056+0000][1][safepoint    ] Leaving safepoint region
[2019-12-09T02:52:56.056+0000][1][safepoint    ] Total time for which application threads were stopped: 0.0007055 seconds, Stopping threads took: 0.0000168 seconds
[2019-12-09T02:52:56.175+0000][1][safepoint    ] Application time: 0.1189377 seconds
[2019-12-09T02:52:56.175+0000][1][safepoint    ] Entering safepoint region: BulkRevokeBias
[2019-12-09T02:52:56.175+0000][1][safepoint    ] Leaving safepoint region
[2019-12-09T02:52:56.175+0000][1][safepoint    ] Total time for which application threads were stopped: 0.0002098 seconds, Stopping threads took: 0.0000125 seconds
[2019-12-09T02:52:56.191+0000][1][safepoint    ] Application time: 0.0157901 seconds
[2019-12-09T02:52:56.191+0000][1][safepoint    ] Entering safepoint region: RevokeBias
[2019-12-09T02:52:56.191+0000][1][safepoint    ] Leaving safepoint region
[2019-12-09T02:52:56.191+0000][1][safepoint    ] Total time for which application threads were stopped: 0.0000872 seconds, Stopping threads took: 0.0000138 seconds
[2019-12-09T02:52:56.192+0000][1][safepoint    ] Application time: 0.0005280 seconds
[2019-12-09T02:52:56.192+0000][1][safepoint    ] Entering safepoint region: RevokeBias
[2019-12-09T02:52:56.192+0000][1][safepoint    ] Leaving safepoint region
[2019-12-09T02:52:56.192+0000][1][safepoint    ] Total time for which application threads were stopped: 0.0000811 seconds, Stopping threads took: 0.0000118 seconds
[2019-12-09T02:52:56.207+0000][1][safepoint    ] Application time: 0.0147492 seconds
[2019-12-09T02:52:56.207+0000][1][safepoint    ] Entering safepoint region: RevokeBias
[2019-12-09T02:52:56.207+0000][1][safepoint    ] Leaving safepoint region
[2019-12-09T02:52:56.207+0000][1][safepoint    ] Total time for which application threads were stopped: 0.0000796 seconds, Stopping threads took: 0.0000129 seconds
[2019-12-09T02:52:56.207+0000][1][safepoint    ] Application time: 0.0003918 seconds
[2019-12-09T02:52:56.207+0000][1][safepoint    ] Entering safepoint region: RevokeBias
[2019-12-09T02:52:56.207+0000][1][safepoint    ] Leaving safepoint region
[2019-12-09T02:52:56.207+0000][1][safepoint    ] Total time for which application threads were stopped: 0.0000672 seconds, Stopping threads took: 0.0000118 seconds
[2019-12-09T02:52:56.208+0000][1][safepoint    ] Application time: 0.0002376 seconds
[2019-12-09T02:52:56.208+0000][1][safepoint    ] Entering safepoint region: RevokeBias
[2019-12-09T02:52:56.208+0000][1][safepoint    ] Leaving safepoint region
[2019-12-09T02:52:56.208+0000][1][safepoint    ] Total time for which application threads were stopped: 0.0000903 seconds, Stopping threads took: 0.0000109 seconds
[2019-12-09T02:52:56.208+0000][1][safepoint    ] Application time: 0.0000645 seconds
[2019-12-09T02:52:56.208+0000][1][safepoint    ] Entering safepoint region: RevokeBias
[2019-12-09T02:52:56.208+0000][1][safepoint    ] Leaving safepoint region
[2019-12-09T02:52:56.208+0000][1][safepoint    ] Total time for which application threads were stopped: 0.0000558 seconds, Stopping threads took: 0.0000098 seconds
[2019-12-09T02:52:56.221+0000][1][safepoint    ] Application time: 0.0128694 seconds
[2019-12-09T02:52:56.221+0000][1][safepoint    ] Entering safepoint region: RevokeBias
[2019-12-09T02:52:56.221+0000][1][safepoint    ] Leaving safepoint region
[2019-12-09T02:52:56.221+0000][1][safepoint    ] Total time for which application threads were stopped: 0.0000689 seconds, Stopping threads took: 0.0000112 seconds
[2019-12-09T02:52:56.237+0000][1][safepoint    ] Application time: 0.0159621 seconds
[2019-12-09T02:52:56.237+0000][1][safepoint    ] Entering safepoint region: RevokeBias
[2019-12-09T02:52:56.237+0000][1][safepoint    ] Leaving safepoint region
[2019-12-09T02:52:56.237+0000][1][safepoint    ] Total time for which application threads were stopped: 0.0000795 seconds, Stopping threads took: 0.0000209 seconds
[2019-12-09T02:52:56.254+0000][1][safepoint    ] Application time: 0.0174089 seconds
[2019-12-09T02:52:56.254+0000][1][safepoint    ] Entering safepoint region: Deoptimize
[2019-12-09T02:52:56.255+0000][1][safepoint    ] Leaving safepoint region
[2019-12-09T02:52:56.255+0000][1][safepoint    ] Total time for which application threads were stopped: 0.0006372 seconds, Stopping threads took: 0.0000136 seconds
[2019-12-09T02:52:56.256+0000][1][safepoint    ] Application time: 0.0006117 seconds
[2019-12-09T02:52:56.256+0000][1][safepoint    ] Entering safepoint region: RevokeBias
[2019-12-09T02:52:56.256+0000][1][safepoint    ] Leaving safepoint region
[2019-12-09T02:52:56.256+0000][1][safepoint    ] Total time for which application threads were stopped: 0.0000521 seconds, Stopping threads took: 0.0000122 seconds
[2019-12-09T02:52:56.461+0000][1][safepoint    ] Application time: 0.2057864 seconds
[2019-12-09T02:52:56.462+0000][1][safepoint    ] Entering safepoint region: RevokeBias
[2019-12-09T02:52:56.462+0000][1][safepoint    ] Leaving safepoint region
[2019-12-09T02:52:56.462+0000][1][safepoint    ] Total time for which application threads were stopped: 0.0001108 seconds, Stopping threads took: 0.0000428 seconds
[2019-12-09T02:52:56.473+0000][1][safepoint    ] Application time: 0.0112223 seconds
[2019-12-09T02:52:56.537+0000][1][safepoint    ] Entering safepoint region: RevokeBias
[2019-12-09T02:52:56.537+0000][1][safepoint    ] Leaving safepoint region
[2019-12-09T02:52:56.537+0000][1][safepoint    ] Total time for which application threads were stopped: 0.0639494 seconds, Stopping threads took: 0.0638909 seconds
[2019-12-09T02:52:56.537+0000][1][safepoint    ] Application time: 0.0001137 seconds
[2019-12-09T02:52:56.537+0000][1][safepoint    ] Entering safepoint region: RevokeBias
[2019-12-09T02:52:56.537+0000][1][safepoint    ] Leaving safepoint region
[2019-12-09T02:52:56.537+0000][1][safepoint    ] Total time for which application threads were stopped: 0.0000348 seconds, Stopping threads took: 0.0000085 seconds
[2019-12-09T02:52:56.538+0000][1][safepoint    ] Application time: 0.0012483 seconds
[2019-12-09T02:52:56.538+0000][1][safepoint    ] Entering safepoint region: RevokeBias
[2019-12-09T02:52:56.538+0000][1][safepoint    ] Leaving safepoint region
[2019-12-09T02:52:56.538+0000][1][safepoint    ] Total time for which application threads were stopped: 0.0001068 seconds, Stopping threads took: 0.0000143 seconds
[2019-12-09T02:52:56.538+0000][1][safepoint    ] Application time: 0.0000640 seconds
[2019-12-09T02:52:56.538+0000][1][safepoint    ] Entering safepoint region: RevokeBias
[2019-12-09T02:52:56.539+0000][1][safepoint    ] Leaving safepoint region
[2019-12-09T02:52:56.539+0000][1][safepoint    ] Total time for which application threads were stopped: 0.0000725 seconds, Stopping threads took: 0.0000082 seconds
[2019-12-09T02:52:56.539+0000][1][safepoint    ] Application time: 0.0002976 seconds
[2019-12-09T02:52:56.539+0000][1][safepoint    ] Entering safepoint region: RevokeBias
[2019-12-09T02:52:56.539+0000][1][safepoint    ] Leaving safepoint region
[2019-12-09T02:52:56.539+0000][1][safepoint    ] Total time for which application threads were stopped: 0.0000806 seconds, Stopping threads took: 0.0000099 seconds
[2019-12-09T02:52:56.539+0000][1][safepoint    ] Application time: 0.0000541 seconds
[2019-12-09T02:52:56.539+0000][1][safepoint    ] Entering safepoint region: RevokeBias
[2019-12-09T02:52:56.539+0000][1][safepoint    ] Leaving safepoint region
[2019-12-09T02:52:56.539+0000][1][safepoint    ] Total time for which application threads were stopped: 0.0000690 seconds, Stopping threads took: 0.0000076 seconds
[2019-12-09T02:52:56.539+0000][1][safepoint    ] Application time: 0.0000540 seconds
[2019-12-09T02:52:56.539+0000][1][safepoint    ] Entering safepoint region: RevokeBias
[2019-12-09T02:52:56.539+0000][1][safepoint    ] Leaving safepoint region
[2019-12-09T02:52:56.539+0000][1][safepoint    ] Total time for which application threads were stopped: 0.0000743 seconds, Stopping threads took: 0.0000144 seconds
[2019-12-09T02:52:56.555+0000][1][safepoint    ] Application time: 0.0160757 seconds
[2019-12-09T02:52:56.616+0000][1][safepoint    ] Entering safepoint region: RevokeBias
[2019-12-09T02:52:56.616+0000][1][safepoint    ] Leaving safepoint region
[2019-12-09T02:52:56.616+0000][1][safepoint    ] Total time for which application threads were stopped: 0.0605585 seconds, Stopping threads took: 0.0604426 seconds
[2019-12-09T02:52:56.618+0000][1][safepoint    ] Application time: 0.0018837 seconds
[2019-12-09T02:52:56.670+0000][1][safepoint    ] Entering safepoint region: RevokeBias
[2019-12-09T02:52:56.670+0000][1][safepoint    ] Leaving safepoint region
[2019-12-09T02:52:56.670+0000][1][safepoint    ] Total time for which application threads were stopped: 0.0521722 seconds, Stopping threads took: 0.0520285 seconds
[2019-12-09T02:52:56.684+0000][1][safepoint    ] Application time: 0.0145206 seconds
[2019-12-09T02:52:56.704+0000][1][safepoint    ] Entering safepoint region: RevokeBias
[2019-12-09T02:52:56.704+0000][1][safepoint    ] Leaving safepoint region
[2019-12-09T02:52:56.704+0000][1][safepoint    ] Total time for which application threads were stopped: 0.0192681 seconds, Stopping threads took: 0.0191319 seconds
[2019-12-09T02:52:56.704+0000][1][safepoint    ] Application time: 0.0000636 seconds
[2019-12-09T02:52:56.704+0000][1][safepoint    ] Entering safepoint region: RevokeBias
[2019-12-09T02:52:56.704+0000][1][safepoint    ] Leaving safepoint region
[2019-12-09T02:52:56.704+0000][1][safepoint    ] Total time for which application threads were stopped: 0.0000934 seconds, Stopping threads took: 0.0000106 seconds
[2019-12-09T02:52:56.705+0000][1][safepoint    ] Application time: 0.0006648 seconds
[2019-12-09T02:52:56.705+0000][1][safepoint    ] Entering safepoint region: RevokeBias
[2019-12-09T02:52:56.705+0000][1][safepoint    ] Leaving safepoint region
[2019-12-09T02:52:56.705+0000][1][safepoint    ] Total time for which application threads were stopped: 0.0001177 seconds, Stopping threads took: 0.0000272 seconds
[2019-12-09T02:52:56.706+0000][1][safepoint    ] Application time: 0.0010169 seconds
[2019-12-09T02:52:56.772+0000][1][safepoint    ] Entering safepoint region: RevokeBias
[2019-12-09T02:52:56.772+0000][1][safepoint    ] Leaving safepoint region
[2019-12-09T02:52:56.772+0000][1][safepoint    ] Total time for which application threads were stopped: 0.0666030 seconds, Stopping threads took: 0.0664991 seconds
[2019-12-09T02:52:56.773+0000][1][safepoint    ] Application time: 0.0003164 seconds
[2019-12-09T02:52:56.773+0000][1][safepoint    ] Entering safepoint region: RevokeBias
[2019-12-09T02:52:56.773+0000][1][safepoint    ] Leaving safepoint region
[2019-12-09T02:52:56.773+0000][1][safepoint    ] Total time for which application threads were stopped: 0.0001308 seconds, Stopping threads took: 0.0000377 seconds
[2019-12-09T02:52:56.774+0000][1][safepoint    ] Application time: 0.0007350 seconds
[2019-12-09T02:52:56.774+0000][1][safepoint    ] Entering safepoint region: RevokeBias
[2019-12-09T02:52:56.774+0000][1][safepoint    ] Leaving safepoint region
[2019-12-09T02:52:56.774+0000][1][safepoint    ] Total time for which application threads were stopped: 0.0001182 seconds, Stopping threads took: 0.0000313 seconds
[2019-12-09T02:52:56.784+0000][1][safepoint    ] Application time: 0.0101933 seconds
[2019-12-09T02:52:56.814+0000][1][safepoint    ] Entering safepoint region: RevokeBias
[2019-12-09T02:52:56.814+0000][1][safepoint    ] Leaving safepoint region
[2019-12-09T02:52:56.814+0000][1][safepoint    ] Total time for which application threads were stopped: 0.0299329 seconds, Stopping threads took: 0.0298777 seconds
[2019-12-09T02:52:56.823+0000][1][safepoint    ] Application time: 0.0089254 seconds
[2019-12-09T02:52:56.823+0000][1][safepoint    ] Entering safepoint region: RevokeBias
[2019-12-09T02:52:56.823+0000][1][safepoint    ] Leaving safepoint region
[2019-12-09T02:52:56.823+0000][1][safepoint    ] Total time for which application threads were stopped: 0.0001749 seconds, Stopping threads took: 0.0001040 seconds
[2019-12-09T02:52:56.829+0000][1][safepoint    ] Application time: 0.0058146 seconds
[2019-12-09T02:52:56.854+0000][1][safepoint    ] Entering safepoint region: RevokeBias
[2019-12-09T02:52:56.855+0000][1][safepoint    ] Leaving safepoint region
[2019-12-09T02:52:56.855+0000][1][safepoint    ] Total time for which application threads were stopped: 0.0256523 seconds, Stopping threads took: 0.0255699 seconds
[2019-12-09T02:52:56.863+0000][1][safepoint    ] Application time: 0.0083534 seconds
[2019-12-09T02:52:56.863+0000][1][safepoint    ] Entering safepoint region: RevokeBias
[2019-12-09T02:52:56.864+0000][1][safepoint    ] Leaving safepoint region
[2019-12-09T02:52:56.864+0000][1][safepoint    ] Total time for which application threads were stopped: 0.0005580 seconds, Stopping threads took: 0.0004337 seconds
[2019-12-09T02:52:56.873+0000][1][safepoint    ] Application time: 0.0098368 seconds
[2019-12-09T02:52:56.910+0000][1][safepoint    ] Entering safepoint region: RevokeBias
[2019-12-09T02:52:56.911+0000][1][safepoint    ] Leaving safepoint region
[2019-12-09T02:52:56.911+0000][1][safepoint    ] Total time for which application threads were stopped: 0.0371674 seconds, Stopping threads took: 0.0370590 seconds
[2019-12-09T02:52:56.938+0000][1][safepoint    ] Application time: 0.0272141 seconds
[2019-12-09T02:52:56.946+0000][1][safepoint    ] Entering safepoint region: RevokeBias
[2019-12-09T02:52:56.946+0000][1][safepoint    ] Leaving safepoint region
[2019-12-09T02:52:56.946+0000][1][safepoint    ] Total time for which application threads were stopped: 0.0080666 seconds, Stopping threads took: 0.0079976 seconds
[2019-12-09T02:52:56.968+0000][1][safepoint    ] Application time: 0.0222171 seconds
[2019-12-09T02:52:56.984+0000][1][safepoint    ] Entering safepoint region: RevokeBias
[2019-12-09T02:52:56.984+0000][1][safepoint    ] Leaving safepoint region
[2019-12-09T02:52:56.984+0000][1][safepoint    ] Total time for which application threads were stopped: 0.0155330 seconds, Stopping threads took: 0.0154554 seconds
[2019-12-09T02:52:56.993+0000][1][safepoint    ] Application time: 0.0091097 seconds
[2019-12-09T02:52:57.046+0000][1][safepoint    ] Entering safepoint region: RevokeBias
[2019-12-09T02:52:57.046+0000][1][safepoint    ] Leaving safepoint region
[2019-12-09T02:52:57.046+0000][1][safepoint    ] Total time for which application threads were stopped: 0.0530747 seconds, Stopping threads took: 0.0529376 seconds
[2019-12-09T02:52:57.054+0000][1][safepoint    ] Application time: 0.0076920 seconds
[2019-12-09T02:52:57.054+0000][1][safepoint    ] Entering safepoint region: RevokeBias
[2019-12-09T02:52:57.054+0000][1][safepoint    ] Leaving safepoint region
[2019-12-09T02:52:57.054+0000][1][safepoint    ] Total time for which application threads were stopped: 0.0001131 seconds, Stopping threads took: 0.0000151 seconds
[2019-12-09T02:52:57.054+0000][1][safepoint    ] Application time: 0.0000723 seconds
[2019-12-09T02:52:57.054+0000][1][safepoint    ] Entering safepoint region: RevokeBias
[2019-12-09T02:52:57.054+0000][1][safepoint    ] Leaving safepoint region
[2019-12-09T02:52:57.054+0000][1][safepoint    ] Total time for which application threads were stopped: 0.0000661 seconds, Stopping threads took: 0.0000107 seconds
[2019-12-09T02:52:57.056+0000][1][safepoint    ] Application time: 0.0024553 seconds
[2019-12-09T02:52:57.133+0000][1][safepoint    ] Entering safepoint region: RevokeBias
[2019-12-09T02:52:57.133+0000][1][safepoint    ] Leaving safepoint region
[2019-12-09T02:52:57.133+0000][1][safepoint    ] Total time for which application threads were stopped: 0.0769206 seconds, Stopping threads took: 0.0768294 seconds
[2019-12-09T02:52:57.136+0000][1][safepoint    ] Application time: 0.0031621 seconds
[2019-12-09T02:52:57.137+0000][1][safepoint    ] Entering safepoint region: RevokeBias
[2019-12-09T02:52:57.137+0000][1][safepoint    ] Leaving safepoint region
[2019-12-09T02:52:57.137+0000][1][safepoint    ] Total time for which application threads were stopped: 0.0001135 seconds, Stopping threads took: 0.0000539 seconds
[2019-12-09T02:52:57.137+0000][1][safepoint    ] Application time: 0.0005421 seconds
[2019-12-09T02:52:57.137+0000][1][safepoint    ] Entering safepoint region: RevokeBias
[2019-12-09T02:52:57.137+0000][1][safepoint    ] Leaving safepoint region
[2019-12-09T02:52:57.137+0000][1][safepoint    ] Total time for which application threads were stopped: 0.0000579 seconds, Stopping threads took: 0.0000118 seconds
[2019-12-09T02:52:57.142+0000][1][safepoint    ] Application time: 0.0046176 seconds
[2019-12-09T02:52:57.212+0000][1][safepoint    ] Entering safepoint region: RevokeBias
[2019-12-09T02:52:57.212+0000][1][safepoint    ] Leaving safepoint region
[2019-12-09T02:52:57.212+0000][1][safepoint    ] Total time for which application threads were stopped: 0.0699856 seconds, Stopping threads took: 0.0698987 seconds
[2019-12-09T02:52:57.214+0000][1][safepoint    ] Application time: 0.0021979 seconds
[2019-12-09T02:52:57.214+0000][1][safepoint    ] Entering safepoint region: RevokeBias
[2019-12-09T02:52:57.214+0000][1][safepoint    ] Leaving safepoint region
[2019-12-09T02:52:57.214+0000][1][safepoint    ] Total time for which application threads were stopped: 0.0001282 seconds, Stopping threads took: 0.0000628 seconds
[2019-12-09T02:52:57.214+0000][1][safepoint    ] Application time: 0.0002374 seconds
[2019-12-09T02:52:57.214+0000][1][safepoint    ] Entering safepoint region: RevokeBias
[2019-12-09T02:52:57.215+0000][1][safepoint    ] Leaving safepoint region
[2019-12-09T02:52:57.215+0000][1][safepoint    ] Total time for which application threads were stopped: 0.0001066 seconds, Stopping threads took: 0.0000105 seconds
[2019-12-09T02:52:57.226+0000][1][safepoint    ] Application time: 0.0111668 seconds
[2019-12-09T02:52:57.226+0000][1][safepoint    ] Entering safepoint region: RevokeBias
[2019-12-09T02:52:57.226+0000][1][safepoint    ] Leaving safepoint region
[2019-12-09T02:52:57.226+0000][1][safepoint    ] Total time for which application threads were stopped: 0.0000697 seconds, Stopping threads took: 0.0000156 seconds
[2019-12-09T02:52:57.235+0000][1][safepoint    ] Application time: 0.0092408 seconds
[2019-12-09T02:52:57.320+0000][1][safepoint    ] Entering safepoint region: RevokeBias
[2019-12-09T02:52:57.320+0000][1][safepoint    ] Leaving safepoint region
[2019-12-09T02:52:57.320+0000][1][safepoint    ] Total time for which application threads were stopped: 0.0847014 seconds, Stopping threads took: 0.0846157 seconds
[2019-12-09T02:52:57.414+0000][1][safepoint    ] Application time: 0.0939237 seconds
[2019-12-09T02:52:57.419+0000][1][safepoint    ] Entering safepoint region: RevokeBias
[2019-12-09T02:52:57.419+0000][1][safepoint    ] Leaving safepoint region
[2019-12-09T02:52:57.419+0000][1][safepoint    ] Total time for which application threads were stopped: 0.0056640 seconds, Stopping threads took: 0.0055002 seconds
[2019-12-09T02:52:57.421+0000][1][safepoint    ] Application time: 0.0017345 seconds
[2019-12-09T02:52:57.421+0000][1][safepoint    ] Entering safepoint region: RevokeBias
[2019-12-09T02:52:57.421+0000][1][safepoint    ] Leaving safepoint region
[2019-12-09T02:52:57.421+0000][1][safepoint    ] Total time for which application threads were stopped: 0.0001206 seconds, Stopping threads took: 0.0000139 seconds
[2019-12-09T02:52:57.456+0000][1][safepoint    ] Application time: 0.0345001 seconds
[2019-12-09T02:52:57.457+0000][1][safepoint    ] Entering safepoint region: RevokeBias
[2019-12-09T02:52:57.457+0000][1][safepoint    ] Leaving safepoint region
[2019-12-09T02:52:57.457+0000][1][safepoint    ] Total time for which application threads were stopped: 0.0015697 seconds, Stopping threads took: 0.0014640 seconds
[2019-12-09T02:52:57.482+0000][1][safepoint    ] Application time: 0.0248264 seconds
[2019-12-09T02:52:57.487+0000][1][safepoint    ] Entering safepoint region: RevokeBias
[2019-12-09T02:52:57.487+0000][1][safepoint    ] Leaving safepoint region
[2019-12-09T02:52:57.487+0000][1][safepoint    ] Total time for which application threads were stopped: 0.0045846 seconds, Stopping threads took: 0.0045063 seconds
[2019-12-09T02:52:57.527+0000][1][safepoint    ] Application time: 0.0405566 seconds
[2019-12-09T02:52:57.529+0000][1][safepoint    ] Entering safepoint region: RevokeBias
[2019-12-09T02:52:57.529+0000][1][safepoint    ] Leaving safepoint region
[2019-12-09T02:52:57.529+0000][1][safepoint    ] Total time for which application threads were stopped: 0.0014146 seconds, Stopping threads took: 0.0013273 seconds
[2019-12-09T02:52:57.548+0000][1][safepoint    ] Application time: 0.0186336 seconds
[2019-12-09T02:52:57.548+0000][1][safepoint    ] Entering safepoint region: BulkRevokeBias
[2019-12-09T02:52:57.548+0000][1][safepoint    ] Leaving safepoint region
[2019-12-09T02:52:57.548+0000][1][safepoint    ] Total time for which application threads were stopped: 0.0004118 seconds, Stopping threads took: 0.0000805 seconds
[2019-12-09T02:52:57.556+0000][1][safepoint    ] Application time: 0.0080164 seconds
[2019-12-09T02:52:57.556+0000][1][safepoint    ] Entering safepoint region: RevokeBias
[2019-12-09T02:52:57.556+0000][1][safepoint    ] Leaving safepoint region
[2019-12-09T02:52:57.556+0000][1][safepoint    ] Total time for which application threads were stopped: 0.0000816 seconds, Stopping threads took: 0.0000112 seconds
[2019-12-09T02:52:57.556+0000][1][safepoint    ] Application time: 0.0003447 seconds
[2019-12-09T02:52:57.556+0000][1][safepoint    ] Entering safepoint region: RevokeBias
[2019-12-09T02:52:57.556+0000][1][safepoint    ] Leaving safepoint region
[2019-12-09T02:52:57.556+0000][1][safepoint    ] Total time for which application threads were stopped: 0.0000528 seconds, Stopping threads took: 0.0000103 seconds
[2019-12-09T02:52:57.557+0000][1][safepoint    ] Application time: 0.0005358 seconds
[2019-12-09T02:52:57.557+0000][1][safepoint    ] Entering safepoint region: RevokeBias
[2019-12-09T02:52:57.557+0000][1][safepoint    ] Leaving safepoint region
[2019-12-09T02:52:57.557+0000][1][safepoint    ] Total time for which application threads were stopped: 0.0000960 seconds, Stopping threads took: 0.0000126 seconds
[2019-12-09T02:52:57.557+0000][1][safepoint    ] Application time: 0.0000602 seconds
[2019-12-09T02:52:57.557+0000][1][safepoint    ] Entering safepoint region: RevokeBias
[2019-12-09T02:52:57.557+0000][1][safepoint    ] Leaving safepoint region
[2019-12-09T02:52:57.557+0000][1][safepoint    ] Total time for which application threads were stopped: 0.0000797 seconds, Stopping threads took: 0.0000095 seconds
[2019-12-09T02:52:57.557+0000][1][safepoint    ] Application time: 0.0001015 seconds
[2019-12-09T02:52:57.557+0000][1][safepoint    ] Entering safepoint region: RevokeBias
[2019-12-09T02:52:57.557+0000][1][safepoint    ] Leaving safepoint region
[2019-12-09T02:52:57.557+0000][1][safepoint    ] Total time for which application threads were stopped: 0.0000538 seconds, Stopping threads took: 0.0000086 seconds
[2019-12-09T02:52:57.558+0000][1][safepoint    ] Application time: 0.0000478 seconds
[2019-12-09T02:52:57.558+0000][1][safepoint    ] Entering safepoint region: RevokeBias
[2019-12-09T02:52:57.558+0000][1][safepoint    ] Leaving safepoint region
[2019-12-09T02:52:57.558+0000][1][safepoint    ] Total time for which application threads were stopped: 0.0000448 seconds, Stopping threads took: 0.0000078 seconds
[2019-12-09T02:52:57.561+0000][1][safepoint    ] Application time: 0.0035353 seconds
[2019-12-09T02:52:57.561+0000][1][safepoint    ] Entering safepoint region: RevokeBias
[2019-12-09T02:52:57.561+0000][1][safepoint    ] Leaving safepoint region
[2019-12-09T02:52:57.561+0000][1][safepoint    ] Total time for which application threads were stopped: 0.0000606 seconds, Stopping threads took: 0.0000126 seconds
[2019-12-09T02:52:57.576+0000][1][safepoint    ] Application time: 0.0146844 seconds
[2019-12-09T02:52:57.576+0000][1][safepoint    ] Entering safepoint region: RevokeBias
[2019-12-09T02:52:57.576+0000][1][safepoint    ] Leaving safepoint region
[2019-12-09T02:52:57.576+0000][1][safepoint    ] Total time for which application threads were stopped: 0.0001344 seconds, Stopping threads took: 0.0000842 seconds
[2019-12-09T02:52:57.576+0000][1][safepoint    ] Application time: 0.0003166 seconds
[2019-12-09T02:52:57.576+0000][1][safepoint    ] Entering safepoint region: RevokeBias
[2019-12-09T02:52:57.576+0000][1][safepoint    ] Leaving safepoint region
[2019-12-09T02:52:57.576+0000][1][safepoint    ] Total time for which application threads were stopped: 0.0000647 seconds, Stopping threads took: 0.0000110 seconds
[2019-12-09T02:52:57.577+0000][1][safepoint    ] Application time: 0.0002700 seconds
[2019-12-09T02:52:57.577+0000][1][safepoint    ] Entering safepoint region: RevokeBias
[2019-12-09T02:52:57.577+0000][1][safepoint    ] Leaving safepoint region
[2019-12-09T02:52:57.577+0000][1][safepoint    ] Total time for which application threads were stopped: 0.0000600 seconds, Stopping threads took: 0.0000106 seconds
[2019-12-09T02:52:57.578+0000][1][safepoint    ] Application time: 0.0007056 seconds
[2019-12-09T02:52:57.578+0000][1][safepoint    ] Entering safepoint region: RevokeBias
[2019-12-09T02:52:57.578+0000][1][safepoint    ] Leaving safepoint region
[2019-12-09T02:52:57.578+0000][1][safepoint    ] Total time for which application threads were stopped: 0.0000800 seconds, Stopping threads took: 0.0000114 seconds
[2019-12-09T02:52:57.603+0000][1][safepoint    ] Application time: 0.0250557 seconds
[2019-12-09T02:52:57.632+0000][1][safepoint    ] Entering safepoint region: RevokeBias
[2019-12-09T02:52:57.633+0000][1][safepoint    ] Leaving safepoint region
[2019-12-09T02:52:57.633+0000][1][safepoint    ] Total time for which application threads were stopped: 0.0298196 seconds, Stopping threads took: 0.0297326 seconds
[2019-12-09T02:52:57.634+0000][1][safepoint    ] Application time: 0.0016524 seconds
[2019-12-09T02:52:57.634+0000][1][safepoint    ] Entering safepoint region: RevokeBias
[2019-12-09T02:52:57.634+0000][1][safepoint    ] Leaving safepoint region
[2019-12-09T02:52:57.634+0000][1][safepoint    ] Total time for which application threads were stopped: 0.0000761 seconds, Stopping threads took: 0.0000130 seconds
[2019-12-09T02:52:57.634+0000][1][safepoint    ] Application time: 0.0001004 seconds
[2019-12-09T02:52:57.634+0000][1][safepoint    ] Entering safepoint region: RevokeBias
[2019-12-09T02:52:57.634+0000][1][safepoint    ] Leaving safepoint region
[2019-12-09T02:52:57.634+0000][1][safepoint    ] Total time for which application threads were stopped: 0.0000527 seconds, Stopping threads took: 0.0000100 seconds
[2019-12-09T02:52:57.635+0000][1][safepoint    ] Application time: 0.0000629 seconds
[2019-12-09T02:52:57.635+0000][1][safepoint    ] Entering safepoint region: RevokeBias
[2019-12-09T02:52:57.635+0000][1][safepoint    ] Leaving safepoint region
[2019-12-09T02:52:57.635+0000][1][safepoint    ] Total time for which application threads were stopped: 0.0000491 seconds, Stopping threads took: 0.0000096 seconds
[2019-12-09T02:52:57.785+0000][1][safepoint    ] Application time: 0.1504720 seconds
[2019-12-09T02:52:57.806+0000][1][safepoint    ] Entering safepoint region: RevokeBias
[2019-12-09T02:52:57.807+0000][1][safepoint    ] Leaving safepoint region
[2019-12-09T02:52:57.807+0000][1][safepoint    ] Total time for which application threads were stopped: 0.0215039 seconds, Stopping threads took: 0.0213716 seconds
[2019-12-09T02:52:57.809+0000][1][safepoint    ] Application time: 0.0026022 seconds
[2019-12-09T02:52:57.809+0000][1][safepoint    ] Entering safepoint region: RevokeBias
[2019-12-09T02:52:57.809+0000][1][safepoint    ] Leaving safepoint region
[2019-12-09T02:52:57.809+0000][1][safepoint    ] Total time for which application threads were stopped: 0.0000824 seconds, Stopping threads took: 0.0000161 seconds
[2019-12-09T02:52:57.810+0000][1][safepoint    ] Application time: 0.0005766 seconds
[2019-12-09T02:52:57.810+0000][1][safepoint    ] Entering safepoint region: RevokeBias
[2019-12-09T02:52:57.810+0000][1][safepoint    ] Leaving safepoint region
[2019-12-09T02:52:57.810+0000][1][safepoint    ] Total time for which application threads were stopped: 0.0000616 seconds, Stopping threads took: 0.0000110 seconds
[2019-12-09T02:52:57.836+0000][1][safepoint    ] Application time: 0.0259487 seconds
[2019-12-09T02:52:57.869+0000][1][safepoint    ] Entering safepoint region: RevokeBias
[2019-12-09T02:52:57.870+0000][1][safepoint    ] Leaving safepoint region
[2019-12-09T02:52:57.870+0000][1][safepoint    ] Total time for which application threads were stopped: 0.0336213 seconds, Stopping threads took: 0.0335195 seconds
[2019-12-09T02:52:57.872+0000][1][safepoint    ] Application time: 0.0022816 seconds
[2019-12-09T02:52:57.895+0000][1][safepoint    ] Entering safepoint region: RevokeBias
[2019-12-09T02:52:57.895+0000][1][safepoint    ] Leaving safepoint region
[2019-12-09T02:52:57.895+0000][1][safepoint    ] Total time for which application threads were stopped: 0.0230642 seconds, Stopping threads took: 0.0229066 seconds
[2019-12-09T02:52:57.896+0000][1][safepoint    ] Application time: 0.0007123 seconds
[2019-12-09T02:52:57.896+0000][1][safepoint    ] Entering safepoint region: RevokeBias
[2019-12-09T02:52:57.896+0000][1][safepoint    ] Leaving safepoint region
[2019-12-09T02:52:57.896+0000][1][safepoint    ] Total time for which application threads were stopped: 0.0001507 seconds, Stopping threads took: 0.0000141 seconds
[2019-12-09T02:52:57.896+0000][1][safepoint    ] Application time: 0.0003614 seconds
[2019-12-09T02:52:57.896+0000][1][safepoint    ] Entering safepoint region: RevokeBias
[2019-12-09T02:52:57.896+0000][1][safepoint    ] Leaving safepoint region
[2019-12-09T02:52:57.896+0000][1][safepoint    ] Total time for which application threads were stopped: 0.0001302 seconds, Stopping threads took: 0.0000120 seconds
[2019-12-09T02:52:57.897+0000][1][safepoint    ] Application time: 0.0005091 seconds
[2019-12-09T02:52:57.897+0000][1][safepoint    ] Entering safepoint region: RevokeBias
[2019-12-09T02:52:57.897+0000][1][safepoint    ] Leaving safepoint region
[2019-12-09T02:52:57.897+0000][1][safepoint    ] Total time for which application threads were stopped: 0.0001077 seconds, Stopping threads took: 0.0000116 seconds
[2019-12-09T02:52:57.898+0000][1][safepoint    ] Application time: 0.0004464 seconds
[2019-12-09T02:52:57.898+0000][1][safepoint    ] Entering safepoint region: RevokeBias
[2019-12-09T02:52:57.898+0000][1][safepoint    ] Leaving safepoint region
[2019-12-09T02:52:57.898+0000][1][safepoint    ] Total time for which application threads were stopped: 0.0001125 seconds, Stopping threads took: 0.0000121 seconds
[2019-12-09T02:52:57.898+0000][1][safepoint    ] Application time: 0.0005099 seconds
[2019-12-09T02:52:57.898+0000][1][safepoint    ] Entering safepoint region: RevokeBias
[2019-12-09T02:52:57.898+0000][1][safepoint    ] Leaving safepoint region
[2019-12-09T02:52:57.898+0000][1][safepoint    ] Total time for which application threads were stopped: 0.0000822 seconds, Stopping threads took: 0.0000096 seconds
[2019-12-09T02:52:57.913+0000][1][safepoint    ] Application time: 0.0150250 seconds
[2019-12-09T02:52:57.913+0000][1][safepoint    ] Entering safepoint region: RevokeBias
[2019-12-09T02:52:57.913+0000][1][safepoint    ] Leaving safepoint region
[2019-12-09T02:52:57.913+0000][1][safepoint    ] Total time for which application threads were stopped: 0.0000753 seconds, Stopping threads took: 0.0000112 seconds
[2019-12-09T02:52:57.922+0000][1][safepoint    ] Application time: 0.0086502 seconds
[2019-12-09T02:52:57.922+0000][1][safepoint    ] Entering safepoint region: BulkRevokeBias
[2019-12-09T02:52:57.923+0000][1][safepoint    ] Leaving safepoint region
[2019-12-09T02:52:57.923+0000][1][safepoint    ] Total time for which application threads were stopped: 0.0006029 seconds, Stopping threads took: 0.0000945 seconds
[2019-12-09T02:52:57.958+0000][1][safepoint    ] Application time: 0.0357382 seconds
[2019-12-09T02:52:57.959+0000][1][safepoint    ] Entering safepoint region: RevokeBias
[2019-12-09T02:52:57.959+0000][1][safepoint    ] Leaving safepoint region
[2019-12-09T02:52:57.959+0000][1][safepoint    ] Total time for which application threads were stopped: 0.0002322 seconds, Stopping threads took: 0.0001601 seconds
[2019-12-09T02:52:57.972+0000][1][safepoint    ] Application time: 0.0129646 seconds
[2019-12-09T02:52:57.972+0000][1][safepoint    ] Entering safepoint region: RevokeBias
[2019-12-09T02:52:57.973+0000][1][safepoint    ] Leaving safepoint region
[2019-12-09T02:52:57.973+0000][1][safepoint    ] Total time for which application threads were stopped: 0.0008846 seconds, Stopping threads took: 0.0001023 seconds
[2019-12-09T02:52:57.986+0000][1][safepoint    ] Application time: 0.0132170 seconds
[2019-12-09T02:52:57.986+0000][1][safepoint    ] Entering safepoint region: RevokeBias
[2019-12-09T02:52:57.986+0000][1][safepoint    ] Leaving safepoint region
[2019-12-09T02:52:57.986+0000][1][safepoint    ] Total time for which application threads were stopped: 0.0001691 seconds, Stopping threads took: 0.0000853 seconds
[2019-12-09T02:52:57.992+0000][1][safepoint    ] Application time: 0.0058863 seconds
[2019-12-09T02:52:57.992+0000][1][safepoint    ] Entering safepoint region: RevokeBias
[2019-12-09T02:52:57.992+0000][1][safepoint    ] Leaving safepoint region
[2019-12-09T02:52:57.992+0000][1][safepoint    ] Total time for which application threads were stopped: 0.0001726 seconds, Stopping threads took: 0.0000951 seconds
[2019-12-09T02:52:57.998+0000][1][safepoint    ] Application time: 0.0057359 seconds
[2019-12-09T02:52:57.998+0000][1][safepoint    ] Entering safepoint region: RevokeBias
[2019-12-09T02:52:57.998+0000][1][safepoint    ] Leaving safepoint region
[2019-12-09T02:52:57.998+0000][1][safepoint    ] Total time for which application threads were stopped: 0.0000742 seconds, Stopping threads took: 0.0000133 seconds
[2019-12-09T02:52:57.998+0000][1][safepoint    ] Application time: 0.0002355 seconds
[2019-12-09T02:52:57.998+0000][1][safepoint    ] Entering safepoint region: RevokeBias
[2019-12-09T02:52:57.998+0000][1][safepoint    ] Leaving safepoint region
[2019-12-09T02:52:57.998+0000][1][safepoint    ] Total time for which application threads were stopped: 0.0000620 seconds, Stopping threads took: 0.0000119 seconds
[2019-12-09T02:52:57.999+0000][1][safepoint    ] Application time: 0.0005389 seconds
[2019-12-09T02:52:57.999+0000][1][safepoint    ] Entering safepoint region: RevokeBias
[2019-12-09T02:52:57.999+0000][1][safepoint    ] Leaving safepoint region
[2019-12-09T02:52:57.999+0000][1][safepoint    ] Total time for which application threads were stopped: 0.0000549 seconds, Stopping threads took: 0.0000104 seconds
[2019-12-09T02:52:58.000+0000][1][safepoint    ] Application time: 0.0010533 seconds
[2019-12-09T02:52:58.000+0000][1][safepoint    ] Entering safepoint region: BulkRevokeBias
[2019-12-09T02:52:58.004+0000][1][safepoint    ] Leaving safepoint region
[2019-12-09T02:52:58.004+0000][1][safepoint    ] Total time for which application threads were stopped: 0.0036568 seconds, Stopping threads took: 0.0000126 seconds
[2019-12-09T02:52:58.005+0000][1][safepoint    ] Application time: 0.0014408 seconds
[2019-12-09T02:52:58.005+0000][1][safepoint    ] Entering safepoint region: RevokeBias
[2019-12-09T02:52:58.005+0000][1][safepoint    ] Leaving safepoint region
[2019-12-09T02:52:58.005+0000][1][safepoint    ] Total time for which application threads were stopped: 0.0000615 seconds, Stopping threads took: 0.0000125 seconds
[2019-12-09T02:52:58.009+0000][1][safepoint    ] Application time: 0.0040670 seconds
[2019-12-09T02:52:58.009+0000][1][safepoint    ] Entering safepoint region: RevokeBias
[2019-12-09T02:52:58.009+0000][1][safepoint    ] Leaving safepoint region
[2019-12-09T02:52:58.009+0000][1][safepoint    ] Total time for which application threads were stopped: 0.0000588 seconds, Stopping threads took: 0.0000143 seconds
[2019-12-09T02:52:58.009+0000][1][safepoint    ] Application time: 0.0000565 seconds
[2019-12-09T02:52:58.009+0000][1][safepoint    ] Entering safepoint region: RevokeBias
[2019-12-09T02:52:58.009+0000][1][safepoint    ] Leaving safepoint region
[2019-12-09T02:52:58.009+0000][1][safepoint    ] Total time for which application threads were stopped: 0.0000460 seconds, Stopping threads took: 0.0000100 seconds
[2019-12-09T02:52:58.010+0000][1][safepoint    ] Application time: 0.0003375 seconds
[2019-12-09T02:52:58.010+0000][1][safepoint    ] Entering safepoint region: RevokeBias
[2019-12-09T02:52:58.010+0000][1][safepoint    ] Leaving safepoint region
[2019-12-09T02:52:58.010+0000][1][safepoint    ] Total time for which application threads were stopped: 0.0000590 seconds, Stopping threads took: 0.0000120 seconds
[2019-12-09T02:52:58.011+0000][1][safepoint    ] Application time: 0.0010092 seconds
[2019-12-09T02:52:58.011+0000][1][safepoint    ] Entering safepoint region: RevokeBias
[2019-12-09T02:52:58.011+0000][1][safepoint    ] Leaving safepoint region
[2019-12-09T02:52:58.011+0000][1][safepoint    ] Total time for which application threads were stopped: 0.0000480 seconds, Stopping threads took: 0.0000110 seconds
[2019-12-09T02:52:58.011+0000][1][safepoint    ] Application time: 0.0002607 seconds
[2019-12-09T02:52:58.011+0000][1][safepoint    ] Entering safepoint region: RevokeBias
[2019-12-09T02:52:58.011+0000][1][safepoint    ] Leaving safepoint region
[2019-12-09T02:52:58.011+0000][1][safepoint    ] Total time for which application threads were stopped: 0.0000476 seconds, Stopping threads took: 0.0000093 seconds
[2019-12-09T02:52:58.019+0000][1][safepoint    ] Application time: 0.0077230 seconds
[2019-12-09T02:52:58.019+0000][1][safepoint    ] Entering safepoint region: RevokeBias
[2019-12-09T02:52:58.019+0000][1][safepoint    ] Leaving safepoint region
[2019-12-09T02:52:58.019+0000][1][safepoint    ] Total time for which application threads were stopped: 0.0000537 seconds, Stopping threads took: 0.0000124 seconds
[2019-12-09T02:52:58.019+0000][1][safepoint    ] Application time: 0.0003419 seconds
[2019-12-09T02:52:58.019+0000][1][safepoint    ] Entering safepoint region: RevokeBias
[2019-12-09T02:52:58.020+0000][1][safepoint    ] Leaving safepoint region
[2019-12-09T02:52:58.020+0000][1][safepoint    ] Total time for which application threads were stopped: 0.0000578 seconds, Stopping threads took: 0.0000106 seconds
[2019-12-09T02:52:58.102+0000][1][safepoint    ] Application time: 0.0827639 seconds
[2019-12-09T02:52:58.102+0000][1][safepoint    ] Entering safepoint region: RevokeBias
[2019-12-09T02:52:58.102+0000][1][safepoint    ] Leaving safepoint region
[2019-12-09T02:52:58.102+0000][1][safepoint    ] Total time for which application threads were stopped: 0.0000884 seconds, Stopping threads took: 0.0000166 seconds
[2019-12-09T02:52:58.118+0000][1][safepoint    ] Application time: 0.0160228 seconds
[2019-12-09T02:52:58.118+0000][1][safepoint    ] Entering safepoint region: RevokeBias
[2019-12-09T02:52:58.119+0000][1][safepoint    ] Leaving safepoint region
[2019-12-09T02:52:58.119+0000][1][safepoint    ] Total time for which application threads were stopped: 0.0000780 seconds, Stopping threads took: 0.0000167 seconds
[2019-12-09T02:52:58.126+0000][1][safepoint    ] Application time: 0.0078996 seconds
[2019-12-09T02:52:58.126+0000][1][safepoint    ] Entering safepoint region: RevokeBias
[2019-12-09T02:52:58.127+0000][1][safepoint    ] Leaving safepoint region
[2019-12-09T02:52:58.127+0000][1][safepoint    ] Total time for which application threads were stopped: 0.0000682 seconds, Stopping threads took: 0.0000137 seconds
[2019-12-09T02:52:58.216+0000][1][safepoint    ] Application time: 0.0894487 seconds
[2019-12-09T02:52:58.247+0000][1][safepoint    ] Entering safepoint region: RevokeBias
[2019-12-09T02:52:58.247+0000][1][safepoint    ] Leaving safepoint region
[2019-12-09T02:52:58.247+0000][1][safepoint    ] Total time for which application threads were stopped: 0.0309119 seconds, Stopping threads took: 0.0307404 seconds
[2019-12-09T02:52:58.247+0000][1][safepoint    ] Application time: 0.0003600 seconds
[2019-12-09T02:52:58.247+0000][1][safepoint    ] Entering safepoint region: RevokeBias
[2019-12-09T02:52:58.247+0000][1][safepoint    ] Leaving safepoint region
[2019-12-09T02:52:58.247+0000][1][safepoint    ] Total time for which application threads were stopped: 0.0000790 seconds, Stopping threads took: 0.0000128 seconds
[2019-12-09T02:52:58.254+0000][1][safepoint    ] Application time: 0.0067683 seconds
[2019-12-09T02:52:58.306+0000][1][safepoint    ] Entering safepoint region: RevokeBias
[2019-12-09T02:52:58.306+0000][1][safepoint    ] Leaving safepoint region
[2019-12-09T02:52:58.306+0000][1][safepoint    ] Total time for which application threads were stopped: 0.0520773 seconds, Stopping threads took: 0.0519691 seconds
[2019-12-09T02:52:58.307+0000][1][safepoint    ] Application time: 0.0008658 seconds
[2019-12-09T02:52:58.307+0000][1][safepoint    ] Entering safepoint region: RevokeBias
[2019-12-09T02:52:58.307+0000][1][safepoint    ] Leaving safepoint region
[2019-12-09T02:52:58.307+0000][1][safepoint    ] Total time for which application threads were stopped: 0.0000989 seconds, Stopping threads took: 0.0000161 seconds
[2019-12-09T02:52:58.312+0000][1][safepoint    ] Application time: 0.0049776 seconds
[2019-12-09T02:52:58.312+0000][1][safepoint    ] Entering safepoint region: RevokeBias
[2019-12-09T02:52:58.312+0000][1][safepoint    ] Leaving safepoint region
[2019-12-09T02:52:58.312+0000][1][safepoint    ] Total time for which application threads were stopped: 0.0000688 seconds, Stopping threads took: 0.0000135 seconds
[2019-12-09T02:52:58.313+0000][1][safepoint    ] Application time: 0.0003970 seconds
[2019-12-09T02:52:58.313+0000][1][safepoint    ] Entering safepoint region: RevokeBias
[2019-12-09T02:52:58.313+0000][1][safepoint    ] Leaving safepoint region
[2019-12-09T02:52:58.313+0000][1][safepoint    ] Total time for which application threads were stopped: 0.0000569 seconds, Stopping threads took: 0.0000120 seconds
[2019-12-09T02:52:58.313+0000][1][safepoint    ] Application time: 0.0001939 seconds
[2019-12-09T02:52:58.313+0000][1][safepoint    ] Entering safepoint region: RevokeBias
[2019-12-09T02:52:58.313+0000][1][safepoint    ] Leaving safepoint region
[2019-12-09T02:52:58.313+0000][1][safepoint    ] Total time for which application threads were stopped: 0.0000532 seconds, Stopping threads took: 0.0000117 seconds
[2019-12-09T02:52:58.313+0000][1][safepoint    ] Application time: 0.0003495 seconds
[2019-12-09T02:52:58.314+0000][1][safepoint    ] Entering safepoint region: RevokeBias
[2019-12-09T02:52:58.314+0000][1][safepoint    ] Leaving safepoint region
[2019-12-09T02:52:58.314+0000][1][safepoint    ] Total time for which application threads were stopped: 0.0000487 seconds, Stopping threads took: 0.0000098 seconds
[2019-12-09T02:52:58.314+0000][1][safepoint    ] Application time: 0.0008859 seconds
[2019-12-09T02:52:58.314+0000][1][safepoint    ] Entering safepoint region: RevokeBias
[2019-12-09T02:52:58.314+0000][1][safepoint    ] Leaving safepoint region
[2019-12-09T02:52:58.315+0000][1][safepoint    ] Total time for which application threads were stopped: 0.0000454 seconds, Stopping threads took: 0.0000099 seconds
[2019-12-09T02:52:58.315+0000][1][safepoint    ] Application time: 0.0002362 seconds
[2019-12-09T02:52:58.315+0000][1][safepoint    ] Entering safepoint region: RevokeBias
[2019-12-09T02:52:58.315+0000][1][safepoint    ] Leaving safepoint region
[2019-12-09T02:52:58.315+0000][1][safepoint    ] Total time for which application threads were stopped: 0.0000485 seconds, Stopping threads took: 0.0000107 seconds
[2019-12-09T02:52:58.530+0000][1][safepoint    ] Application time: 0.2147299 seconds
[2019-12-09T02:52:58.530+0000][1][safepoint    ] Entering safepoint region: RevokeBias
[2019-12-09T02:52:58.530+0000][1][safepoint    ] Leaving safepoint region
[2019-12-09T02:52:58.530+0000][1][safepoint    ] Total time for which application threads were stopped: 0.0001253 seconds, Stopping threads took: 0.0000188 seconds
[2019-12-09T02:52:58.535+0000][1][safepoint    ] Application time: 0.0051699 seconds
[2019-12-09T02:52:58.535+0000][1][safepoint    ] Entering safepoint region: RevokeBias
[2019-12-09T02:52:58.535+0000][1][safepoint    ] Leaving safepoint region
[2019-12-09T02:52:58.535+0000][1][safepoint    ] Total time for which application threads were stopped: 0.0000795 seconds, Stopping threads took: 0.0000143 seconds
[2019-12-09T02:52:58.537+0000][1][safepoint    ] Application time: 0.0023668 seconds
[2019-12-09T02:52:58.537+0000][1][safepoint    ] Entering safepoint region: BulkRevokeBias
[2019-12-09T02:52:58.538+0000][1][safepoint    ] Leaving safepoint region
[2019-12-09T02:52:58.538+0000][1][safepoint    ] Total time for which application threads were stopped: 0.0003121 seconds, Stopping threads took: 0.0000121 seconds
[2019-12-09T02:52:58.969+0000][1][safepoint    ] Application time: 0.4311490 seconds
[2019-12-09T02:52:58.969+0000][1][safepoint    ] Entering safepoint region: RevokeBias
[2019-12-09T02:52:58.969+0000][1][safepoint    ] Leaving safepoint region
[2019-12-09T02:52:58.969+0000][1][safepoint    ] Total time for which application threads were stopped: 0.0001052 seconds, Stopping threads took: 0.0000149 seconds
[2019-12-09T02:52:58.970+0000][1][safepoint    ] Application time: 0.0008688 seconds
[2019-12-09T02:52:58.970+0000][1][safepoint    ] Entering safepoint region: RevokeBias
[2019-12-09T02:52:58.970+0000][1][safepoint    ] Leaving safepoint region
[2019-12-09T02:52:58.970+0000][1][safepoint    ] Total time for which application threads were stopped: 0.0000826 seconds, Stopping threads took: 0.0000135 seconds
[2019-12-09T02:52:58.970+0000][1][safepoint    ] Application time: 0.0000833 seconds
[2019-12-09T02:52:58.970+0000][1][safepoint    ] Entering safepoint region: RevokeBias
[2019-12-09T02:52:58.970+0000][1][safepoint    ] Leaving safepoint region
[2019-12-09T02:52:58.970+0000][1][safepoint    ] Total time for which application threads were stopped: 0.0000465 seconds, Stopping threads took: 0.0000092 seconds
[2019-12-09T02:52:58.972+0000][1][safepoint    ] Application time: 0.0014407 seconds
[2019-12-09T02:52:58.972+0000][1][safepoint    ] Entering safepoint region: RevokeBias
[2019-12-09T02:52:58.972+0000][1][safepoint    ] Leaving safepoint region
[2019-12-09T02:52:58.972+0000][1][safepoint    ] Total time for which application threads were stopped: 0.0000651 seconds, Stopping threads took: 0.0000137 seconds
[2019-12-09T02:52:59.031+0000][1][safepoint    ] Application time: 0.0588343 seconds
[2019-12-09T02:52:59.031+0000][1][safepoint    ] Entering safepoint region: RevokeBias
[2019-12-09T02:52:59.031+0000][1][safepoint    ] Leaving safepoint region
[2019-12-09T02:52:59.031+0000][1][safepoint    ] Total time for which application threads were stopped: 0.0001835 seconds, Stopping threads took: 0.0000953 seconds
[2019-12-09T02:52:59.032+0000][1][safepoint    ] Application time: 0.0010652 seconds
[2019-12-09T02:52:59.032+0000][1][safepoint    ] Entering safepoint region: RevokeBias
[2019-12-09T02:52:59.032+0000][1][safepoint    ] Leaving safepoint region
[2019-12-09T02:52:59.032+0000][1][safepoint    ] Total time for which application threads were stopped: 0.0000555 seconds, Stopping threads took: 0.0000125 seconds
[2019-12-09T02:52:59.375+0000][1][safepoint    ] Application time: 0.3431212 seconds
[2019-12-09T02:52:59.375+0000][1][safepoint    ] Entering safepoint region: RevokeBias
[2019-12-09T02:52:59.375+0000][1][safepoint    ] Leaving safepoint region
[2019-12-09T02:52:59.375+0000][1][safepoint    ] Total time for which application threads were stopped: 0.0000938 seconds, Stopping threads took: 0.0000171 seconds
[2019-12-09T02:52:59.419+0000][1][safepoint    ] Application time: 0.0438421 seconds
[2019-12-09T02:52:59.446+0000][1][safepoint    ] Entering safepoint region: RevokeBias
[2019-12-09T02:52:59.446+0000][1][safepoint    ] Leaving safepoint region
[2019-12-09T02:52:59.446+0000][1][safepoint    ] Total time for which application threads were stopped: 0.0270847 seconds, Stopping threads took: 0.0270123 seconds
[2019-12-09T02:52:59.451+0000][1][safepoint    ] Application time: 0.0046207 seconds
[2019-12-09T02:52:59.451+0000][1][safepoint    ] Entering safepoint region: RevokeBias
[2019-12-09T02:52:59.451+0000][1][safepoint    ] Leaving safepoint region
[2019-12-09T02:52:59.451+0000][1][safepoint    ] Total time for which application threads were stopped: 0.0001071 seconds, Stopping threads took: 0.0000478 seconds
[2019-12-09T02:52:59.451+0000][1][safepoint    ] Application time: 0.0001225 seconds
[2019-12-09T02:52:59.451+0000][1][safepoint    ] Entering safepoint region: RevokeBias
[2019-12-09T02:52:59.451+0000][1][safepoint    ] Leaving safepoint region
[2019-12-09T02:52:59.451+0000][1][safepoint    ] Total time for which application threads were stopped: 0.0000531 seconds, Stopping threads took: 0.0000109 seconds
[2019-12-09T02:52:59.457+0000][1][safepoint    ] Application time: 0.0057898 seconds
[2019-12-09T02:52:59.458+0000][1][safepoint    ] Entering safepoint region: RevokeBias
[2019-12-09T02:52:59.458+0000][1][safepoint    ] Leaving safepoint region
[2019-12-09T02:52:59.458+0000][1][safepoint    ] Total time for which application threads were stopped: 0.0012711 seconds, Stopping threads took: 0.0012054 seconds
[2019-12-09T02:52:59.473+0000][1][safepoint    ] Application time: 0.0149671 seconds
[2019-12-09T02:52:59.473+0000][1][safepoint    ] Entering safepoint region: RevokeBias
[2019-12-09T02:52:59.473+0000][1][safepoint    ] Leaving safepoint region
[2019-12-09T02:52:59.473+0000][1][safepoint    ] Total time for which application threads were stopped: 0.0000747 seconds, Stopping threads took: 0.0000139 seconds
[2019-12-09T02:52:59.474+0000][1][safepoint    ] Application time: 0.0011696 seconds
[2019-12-09T02:52:59.474+0000][1][safepoint    ] Entering safepoint region: RevokeBias
[2019-12-09T02:52:59.474+0000][1][safepoint    ] Leaving safepoint region
[2019-12-09T02:52:59.474+0000][1][safepoint    ] Total time for which application threads were stopped: 0.0000850 seconds, Stopping threads took: 0.0000132 seconds
[2019-12-09T02:52:59.475+0000][1][safepoint    ] Application time: 0.0007413 seconds
[2019-12-09T02:52:59.475+0000][1][safepoint    ] Entering safepoint region: RevokeBias
[2019-12-09T02:52:59.475+0000][1][safepoint    ] Leaving safepoint region
[2019-12-09T02:52:59.475+0000][1][safepoint    ] Total time for which application threads were stopped: 0.0000616 seconds, Stopping threads took: 0.0000149 seconds
[2019-12-09T02:52:59.507+0000][1][safepoint    ] Application time: 0.0314308 seconds
[2019-12-09T02:52:59.507+0000][1][safepoint    ] Entering safepoint region: RevokeBias
[2019-12-09T02:52:59.507+0000][1][safepoint    ] Leaving safepoint region
[2019-12-09T02:52:59.507+0000][1][safepoint    ] Total time for which application threads were stopped: 0.0000772 seconds, Stopping threads took: 0.0000157 seconds
[2019-12-09T02:52:59.507+0000][1][safepoint    ] Application time: 0.0001123 seconds
[2019-12-09T02:52:59.507+0000][1][safepoint    ] Entering safepoint region: RevokeBias
[2019-12-09T02:52:59.507+0000][1][safepoint    ] Leaving safepoint region
[2019-12-09T02:52:59.507+0000][1][safepoint    ] Total time for which application threads were stopped: 0.0000518 seconds, Stopping threads took: 0.0000106 seconds
[2019-12-09T02:52:59.531+0000][1][safepoint    ] Application time: 0.0236845 seconds
[2019-12-09T02:52:59.531+0000][1][safepoint    ] Entering safepoint region: RevokeBias
[2019-12-09T02:52:59.531+0000][1][safepoint    ] Leaving safepoint region
[2019-12-09T02:52:59.531+0000][1][safepoint    ] Total time for which application threads were stopped: 0.0000731 seconds, Stopping threads took: 0.0000160 seconds
[2019-12-09T02:52:59.534+0000][1][safepoint    ] Application time: 0.0029720 seconds
[2019-12-09T02:52:59.583+0000][1][safepoint    ] Entering safepoint region: BulkRevokeBias
[2019-12-09T02:52:59.583+0000][1][safepoint    ] Leaving safepoint region
[2019-12-09T02:52:59.583+0000][1][safepoint    ] Total time for which application threads were stopped: 0.0492814 seconds, Stopping threads took: 0.0489502 seconds
[2019-12-09T02:52:59.602+0000][1][safepoint    ] Application time: 0.0190673 seconds
[2019-12-09T02:52:59.602+0000][1][safepoint    ] Entering safepoint region: RevokeBias
[2019-12-09T02:52:59.602+0000][1][safepoint    ] Leaving safepoint region
[2019-12-09T02:52:59.602+0000][1][safepoint    ] Total time for which application threads were stopped: 0.0001427 seconds, Stopping threads took: 0.0000156 seconds
[2019-12-09T02:52:59.603+0000][1][safepoint    ] Application time: 0.0003788 seconds
[2019-12-09T02:52:59.603+0000][1][safepoint    ] Entering safepoint region: RevokeBias
[2019-12-09T02:52:59.603+0000][1][safepoint    ] Leaving safepoint region
[2019-12-09T02:52:59.603+0000][1][safepoint    ] Total time for which application threads were stopped: 0.0000907 seconds, Stopping threads took: 0.0000130 seconds
[2019-12-09T02:52:59.637+0000][1][safepoint    ] Application time: 0.0340242 seconds
[2019-12-09T02:52:59.637+0000][1][safepoint    ] Entering safepoint region: RevokeBias
[2019-12-09T02:52:59.637+0000][1][safepoint    ] Leaving safepoint region
[2019-12-09T02:52:59.637+0000][1][safepoint    ] Total time for which application threads were stopped: 0.0000999 seconds, Stopping threads took: 0.0000146 seconds
[2019-12-09T02:52:59.638+0000][1][safepoint    ] Application time: 0.0014222 seconds
[2019-12-09T02:52:59.638+0000][1][safepoint    ] Entering safepoint region: RevokeBias
[2019-12-09T02:52:59.639+0000][1][safepoint    ] Leaving safepoint region
[2019-12-09T02:52:59.639+0000][1][safepoint    ] Total time for which application threads were stopped: 0.0000979 seconds, Stopping threads took: 0.0000143 seconds
[2019-12-09T02:52:59.641+0000][1][safepoint    ] Application time: 0.0024098 seconds
[2019-12-09T02:52:59.641+0000][1][safepoint    ] Entering safepoint region: RevokeBias
[2019-12-09T02:52:59.641+0000][1][safepoint    ] Leaving safepoint region
[2019-12-09T02:52:59.641+0000][1][safepoint    ] Total time for which application threads were stopped: 0.0000627 seconds, Stopping threads took: 0.0000127 seconds
[2019-12-09T02:52:59.707+0000][1][safepoint    ] Application time: 0.0662035 seconds
[2019-12-09T02:52:59.707+0000][1][safepoint    ] Entering safepoint region: RevokeBias
[2019-12-09T02:52:59.707+0000][1][safepoint    ] Leaving safepoint region
[2019-12-09T02:52:59.707+0000][1][safepoint    ] Total time for which application threads were stopped: 0.0000838 seconds, Stopping threads took: 0.0000157 seconds
[2019-12-09T02:52:59.714+0000][1][safepoint    ] Application time: 0.0067517 seconds
[2019-12-09T02:52:59.714+0000][1][safepoint    ] Entering safepoint region: RevokeBias
[2019-12-09T02:52:59.714+0000][1][safepoint    ] Leaving safepoint region
[2019-12-09T02:52:59.714+0000][1][safepoint    ] Total time for which application threads were stopped: 0.0000860 seconds, Stopping threads took: 0.0000146 seconds
[2019-12-09T02:52:59.782+0000][1][safepoint    ] Application time: 0.0674412 seconds
[2019-12-09T02:52:59.785+0000][1][safepoint    ] Entering safepoint region: RevokeBias
[2019-12-09T02:52:59.785+0000][1][safepoint    ] Leaving safepoint region
[2019-12-09T02:52:59.785+0000][1][safepoint    ] Total time for which application threads were stopped: 0.0031168 seconds, Stopping threads took: 0.0029955 seconds
[2019-12-09T02:52:59.785+0000][1][safepoint    ] Application time: 0.0000777 seconds
[2019-12-09T02:52:59.785+0000][1][safepoint    ] Entering safepoint region: RevokeBias
[2019-12-09T02:52:59.785+0000][1][safepoint    ] Leaving safepoint region
[2019-12-09T02:52:59.785+0000][1][safepoint    ] Total time for which application threads were stopped: 0.0000702 seconds, Stopping threads took: 0.0000117 seconds
[2019-12-09T02:52:59.786+0000][1][safepoint    ] Application time: 0.0010756 seconds
[2019-12-09T02:52:59.786+0000][1][safepoint    ] Entering safepoint region: RevokeBias
[2019-12-09T02:52:59.786+0000][1][safepoint    ] Leaving safepoint region
[2019-12-09T02:52:59.786+0000][1][safepoint    ] Total time for which application threads were stopped: 0.0000825 seconds, Stopping threads took: 0.0000156 seconds
[2019-12-09T02:52:59.788+0000][1][safepoint    ] Application time: 0.0013510 seconds
[2019-12-09T02:52:59.788+0000][1][safepoint    ] Entering safepoint region: RevokeBias
[2019-12-09T02:52:59.788+0000][1][safepoint    ] Leaving safepoint region
[2019-12-09T02:52:59.788+0000][1][safepoint    ] Total time for which application threads were stopped: 0.0001123 seconds, Stopping threads took: 0.0000150 seconds
[2019-12-09T02:52:59.788+0000][1][safepoint    ] Application time: 0.0000720 seconds
[2019-12-09T02:52:59.788+0000][1][safepoint    ] Entering safepoint region: RevokeBias
[2019-12-09T02:52:59.788+0000][1][safepoint    ] Leaving safepoint region
[2019-12-09T02:52:59.788+0000][1][safepoint    ] Total time for which application threads were stopped: 0.0000528 seconds, Stopping threads took: 0.0000097 seconds
[2019-12-09T02:53:00.186+0000][1][safepoint    ] Application time: 0.3980320 seconds
[2019-12-09T02:53:00.215+0000][1][safepoint    ] Entering safepoint region: RevokeBias
[2019-12-09T02:53:00.216+0000][1][safepoint    ] Leaving safepoint region
[2019-12-09T02:53:00.216+0000][1][safepoint    ] Total time for which application threads were stopped: 0.0299822 seconds, Stopping threads took: 0.0295273 seconds
[2019-12-09T02:53:00.246+0000][1][safepoint    ] Application time: 0.0297554 seconds
[2019-12-09T02:53:00.246+0000][1][safepoint    ] Entering safepoint region: RevokeBias
[2019-12-09T02:53:00.246+0000][1][safepoint    ] Leaving safepoint region
[2019-12-09T02:53:00.246+0000][1][safepoint    ] Total time for which application threads were stopped: 0.0001664 seconds, Stopping threads took: 0.0000730 seconds
[2019-12-09T02:53:00.266+0000][1][safepoint    ] Application time: 0.0197610 seconds
[2019-12-09T02:53:00.266+0000][1][safepoint    ] Entering safepoint region: BulkRevokeBias
[2019-12-09T02:53:00.266+0000][1][safepoint    ] Leaving safepoint region
[2019-12-09T02:53:00.266+0000][1][safepoint    ] Total time for which application threads were stopped: 0.0003329 seconds, Stopping threads took: 0.0000163 seconds
[2019-12-09T02:53:00.309+0000][1][safepoint    ] Application time: 0.0429155 seconds
[2019-12-09T02:53:00.309+0000][1][safepoint    ] Entering safepoint region: RevokeBias
[2019-12-09T02:53:00.309+0000][1][safepoint    ] Leaving safepoint region
[2019-12-09T02:53:00.309+0000][1][safepoint    ] Total time for which application threads were stopped: 0.0000976 seconds, Stopping threads took: 0.0000266 seconds
[2019-12-09T02:53:00.680+0000][1][safepoint    ] Application time: 0.3713521 seconds
[2019-12-09T02:53:00.680+0000][1][safepoint    ] Entering safepoint region: RevokeBias
[2019-12-09T02:53:00.681+0000][1][safepoint    ] Leaving safepoint region
[2019-12-09T02:53:00.681+0000][1][safepoint    ] Total time for which application threads were stopped: 0.0000897 seconds, Stopping threads took: 0.0000179 seconds
[2019-12-09T02:53:00.681+0000][1][safepoint    ] Application time: 0.0000530 seconds
[2019-12-09T02:53:00.681+0000][1][safepoint    ] Entering safepoint region: RevokeBias
[2019-12-09T02:53:00.681+0000][1][safepoint    ] Leaving safepoint region
[2019-12-09T02:53:00.681+0000][1][safepoint    ] Total time for which application threads were stopped: 0.0000530 seconds, Stopping threads took: 0.0000079 seconds
[2019-12-09T02:53:00.888+0000][1][safepoint    ] Application time: 0.2072185 seconds
[2019-12-09T02:53:00.912+0000][1][safepoint    ] Entering safepoint region: RevokeBias
[2019-12-09T02:53:00.912+0000][1][safepoint    ] Leaving safepoint region
[2019-12-09T02:53:00.912+0000][1][safepoint    ] Total time for which application threads were stopped: 0.0239332 seconds, Stopping threads took: 0.0238445 seconds
[2019-12-09T02:53:01.417+0000][1][safepoint    ] Application time: 0.5053079 seconds
[2019-12-09T02:53:01.417+0000][1][safepoint    ] Entering safepoint region: RevokeBias
[2019-12-09T02:53:01.417+0000][1][safepoint    ] Leaving safepoint region
[2019-12-09T02:53:01.417+0000][1][safepoint    ] Total time for which application threads were stopped: 0.0001217 seconds, Stopping threads took: 0.0000197 seconds
[2019-12-09T02:53:01.890+0000][1][safepoint    ] Application time: 0.4728886 seconds
[2019-12-09T02:53:01.896+0000][1][safepoint    ] Entering safepoint region: RevokeBias
[2019-12-09T02:53:01.896+0000][1][safepoint    ] Leaving safepoint region
[2019-12-09T02:53:01.896+0000][1][safepoint    ] Total time for which application threads were stopped: 0.0058075 seconds, Stopping threads took: 0.0057269 seconds
[2019-12-09T02:53:02.005+0000][1][safepoint    ] Application time: 0.1087851 seconds
[2019-12-09T02:53:02.005+0000][1][safepoint    ] Entering safepoint region: RevokeBias
[2019-12-09T02:53:02.005+0000][1][safepoint    ] Leaving safepoint region
[2019-12-09T02:53:02.005+0000][1][safepoint    ] Total time for which application threads were stopped: 0.0001167 seconds, Stopping threads took: 0.0000218 seconds
[2019-12-09T02:53:02.009+0000][1][safepoint    ] Application time: 0.0040240 seconds
[2019-12-09T02:53:02.009+0000][1][safepoint    ] Entering safepoint region: RevokeBias
[2019-12-09T02:53:02.009+0000][1][safepoint    ] Leaving safepoint region
[2019-12-09T02:53:02.009+0000][1][safepoint    ] Total time for which application threads were stopped: 0.0000972 seconds, Stopping threads took: 0.0000185 seconds
[2019-12-09T02:53:02.009+0000][1][safepoint    ] Application time: 0.0000624 seconds
[2019-12-09T02:53:02.009+0000][1][safepoint    ] Entering safepoint region: RevokeBias
[2019-12-09T02:53:02.009+0000][1][safepoint    ] Leaving safepoint region
[2019-12-09T02:53:02.009+0000][1][safepoint    ] Total time for which application threads were stopped: 0.0000439 seconds, Stopping threads took: 0.0000087 seconds
[2019-12-09T02:53:02.010+0000][1][safepoint    ] Application time: 0.0002068 seconds
[2019-12-09T02:53:02.010+0000][1][safepoint    ] Entering safepoint region: RevokeBias
[2019-12-09T02:53:02.010+0000][1][safepoint    ] Leaving safepoint region
[2019-12-09T02:53:02.010+0000][1][safepoint    ] Total time for which application threads were stopped: 0.0000625 seconds, Stopping threads took: 0.0000139 seconds
[2019-12-09T02:53:02.011+0000][1][safepoint    ] Application time: 0.0016868 seconds
[2019-12-09T02:53:02.011+0000][1][safepoint    ] Entering safepoint region: RevokeBias
[2019-12-09T02:53:02.011+0000][1][safepoint    ] Leaving safepoint region
[2019-12-09T02:53:02.011+0000][1][safepoint    ] Total time for which application threads were stopped: 0.0000677 seconds, Stopping threads took: 0.0000148 seconds
[2019-12-09T02:53:02.012+0000][1][safepoint    ] Application time: 0.0002786 seconds
[2019-12-09T02:53:02.012+0000][1][safepoint    ] Entering safepoint region: RevokeBias
[2019-12-09T02:53:02.012+0000][1][safepoint    ] Leaving safepoint region
[2019-12-09T02:53:02.012+0000][1][safepoint    ] Total time for which application threads were stopped: 0.0000553 seconds, Stopping threads took: 0.0000136 seconds
[2019-12-09T02:53:02.037+0000][1][safepoint    ] Application time: 0.0250186 seconds
[2019-12-09T02:53:02.037+0000][1][safepoint    ] Entering safepoint region: RevokeBias
[2019-12-09T02:53:02.037+0000][1][safepoint    ] Leaving safepoint region
[2019-12-09T02:53:02.037+0000][1][safepoint    ] Total time for which application threads were stopped: 0.0000931 seconds, Stopping threads took: 0.0000175 seconds
[2019-12-09T02:53:02.037+0000][1][safepoint    ] Application time: 0.0000543 seconds
[2019-12-09T02:53:02.037+0000][1][safepoint    ] Entering safepoint region: RevokeBias
[2019-12-09T02:53:02.037+0000][1][safepoint    ] Leaving safepoint region
[2019-12-09T02:53:02.037+0000][1][safepoint    ] Total time for which application threads were stopped: 0.0000498 seconds, Stopping threads took: 0.0000092 seconds
[2019-12-09T02:53:02.601+0000][1][safepoint    ] Application time: 0.5636632 seconds
[2019-12-09T02:53:02.601+0000][1][safepoint    ] Entering safepoint region: CollectForMetadataAllocation
[2019-12-09T02:53:02.601+0000][1][safepoint    ] Leaving safepoint region
[2019-12-09T02:53:02.601+0000][1][safepoint    ] Total time for which application threads were stopped: 0.0002127 seconds, Stopping threads took: 0.0000208 seconds
[2019-12-09T02:53:02.606+0000][1][safepoint    ] Application time: 0.0052899 seconds
[2019-12-09T02:53:02.606+0000][1][safepoint    ] Entering safepoint region: Deoptimize
[2019-12-09T02:53:02.607+0000][1][safepoint    ] Leaving safepoint region
[2019-12-09T02:53:02.607+0000][1][safepoint    ] Total time for which application threads were stopped: 0.0007168 seconds, Stopping threads took: 0.0000172 seconds
[2019-12-09T02:53:02.846+0000][1][safepoint    ] Application time: 0.2393915 seconds
[2019-12-09T02:53:02.846+0000][1][safepoint    ] Entering safepoint region: CollectForMetadataAllocation
[2019-12-09T02:53:02.847+0000][1][safepoint    ] Leaving safepoint region
[2019-12-09T02:53:02.847+0000][1][safepoint    ] Total time for which application threads were stopped: 0.0002978 seconds, Stopping threads took: 0.0000186 seconds
[2019-12-09T02:53:03.253+0000][1][safepoint    ] Application time: 0.4062397 seconds
[2019-12-09T02:53:03.253+0000][1][safepoint    ] Entering safepoint region: CollectForMetadataAllocation
[2019-12-09T02:53:03.253+0000][1][safepoint    ] Leaving safepoint region
[2019-12-09T02:53:03.253+0000][1][safepoint    ] Total time for which application threads were stopped: 0.0003219 seconds, Stopping threads took: 0.0000191 seconds
[2019-12-09T02:53:03.305+0000][1][safepoint    ] Application time: 0.0516148 seconds
[2019-12-09T02:53:03.305+0000][1][safepoint    ] Entering safepoint region: BulkRevokeBias
[2019-12-09T02:53:03.306+0000][1][safepoint    ] Leaving safepoint region
[2019-12-09T02:53:03.306+0000][1][safepoint    ] Total time for which application threads were stopped: 0.0005166 seconds, Stopping threads took: 0.0000181 seconds
[2019-12-09T02:53:03.306+0000][1][safepoint    ] Application time: 0.0000752 seconds
[2019-12-09T02:53:03.306+0000][1][safepoint    ] Entering safepoint region: RevokeBias
[2019-12-09T02:53:03.306+0000][1][safepoint    ] Leaving safepoint region
[2019-12-09T02:53:03.306+0000][1][safepoint    ] Total time for which application threads were stopped: 0.0000807 seconds, Stopping threads took: 0.0000116 seconds
[2019-12-09T02:53:03.347+0000][1][safepoint    ] Application time: 0.0411057 seconds
[2019-12-09T02:53:03.347+0000][1][safepoint    ] Entering safepoint region: CMS_Initial_Mark
[2019-12-09T02:53:03.347+0000][1][gc,start     ] GC(23) Pause Initial Mark
[2019-12-09T02:53:03.581+0000][1][gc           ] GC(23) Pause Initial Mark 113M->113M(247M) 233.809ms
[2019-12-09T02:53:03.581+0000][1][gc,cpu       ] GC(23) User=0.05s Sys=0.00s Real=0.23s
[2019-12-09T02:53:03.581+0000][1][safepoint    ] Leaving safepoint region
[2019-12-09T02:53:03.581+0000][1][safepoint    ] Total time for which application threads were stopped: 0.2340200 seconds, Stopping threads took: 0.0000566 seconds
[2019-12-09T02:53:03.581+0000][1][gc           ] GC(23) Concurrent Mark
[2019-12-09T02:53:03.679+0000][1][safepoint    ] Application time: 0.0978331 seconds
[2019-12-09T02:53:03.679+0000][1][safepoint    ] Entering safepoint region: RevokeBias
[2019-12-09T02:53:03.679+0000][1][safepoint    ] Leaving safepoint region
[2019-12-09T02:53:03.679+0000][1][safepoint    ] Total time for which application threads were stopped: 0.0000938 seconds, Stopping threads took: 0.0000217 seconds
[2019-12-09T02:53:03.687+0000][1][safepoint    ] Application time: 0.0079802 seconds
[2019-12-09T02:53:03.687+0000][1][safepoint    ] Entering safepoint region: BulkRevokeBias
[2019-12-09T02:53:03.688+0000][1][safepoint    ] Leaving safepoint region
[2019-12-09T02:53:03.688+0000][1][safepoint    ] Total time for which application threads were stopped: 0.0008173 seconds, Stopping threads took: 0.0000199 seconds
[2019-12-09T02:53:03.688+0000][1][safepoint    ] Application time: 0.0002790 seconds
[2019-12-09T02:53:03.688+0000][1][safepoint    ] Entering safepoint region: RevokeBias
[2019-12-09T02:53:03.688+0000][1][safepoint    ] Leaving safepoint region
[2019-12-09T02:53:03.688+0000][1][safepoint    ] Total time for which application threads were stopped: 0.0000707 seconds, Stopping threads took: 0.0000147 seconds
[2019-12-09T02:53:04.156+0000][1][safepoint    ] Application time: 0.4676777 seconds
[2019-12-09T02:53:04.156+0000][1][safepoint    ] Entering safepoint region: RevokeBias
[2019-12-09T02:53:04.156+0000][1][safepoint    ] Leaving safepoint region
[2019-12-09T02:53:04.156+0000][1][safepoint    ] Total time for which application threads were stopped: 0.0001157 seconds, Stopping threads took: 0.0000218 seconds
[2019-12-09T02:53:04.156+0000][1][safepoint    ] Application time: 0.0002997 seconds
[2019-12-09T02:53:04.156+0000][1][safepoint    ] Entering safepoint region: RevokeBias
[2019-12-09T02:53:04.156+0000][1][safepoint    ] Leaving safepoint region
[2019-12-09T02:53:04.156+0000][1][safepoint    ] Total time for which application threads were stopped: 0.0000833 seconds, Stopping threads took: 0.0000157 seconds
[2019-12-09T02:53:04.158+0000][1][safepoint    ] Application time: 0.0018481 seconds
[2019-12-09T02:53:04.158+0000][1][safepoint    ] Entering safepoint region: RevokeBias
[2019-12-09T02:53:04.158+0000][1][safepoint    ] Leaving safepoint region
[2019-12-09T02:53:04.158+0000][1][safepoint    ] Total time for which application threads were stopped: 0.0000715 seconds, Stopping threads took: 0.0000186 seconds
[2019-12-09T02:53:04.165+0000][1][safepoint    ] Application time: 0.0065573 seconds
[2019-12-09T02:53:04.165+0000][1][safepoint    ] Entering safepoint region: RevokeBias
[2019-12-09T02:53:04.165+0000][1][safepoint    ] Leaving safepoint region
[2019-12-09T02:53:04.165+0000][1][safepoint    ] Total time for which application threads were stopped: 0.0000645 seconds, Stopping threads took: 0.0000179 seconds
[2019-12-09T02:53:04.165+0000][1][safepoint    ] Application time: 0.0000407 seconds
[2019-12-09T02:53:04.165+0000][1][safepoint    ] Entering safepoint region: RevokeBias
[2019-12-09T02:53:04.165+0000][1][safepoint    ] Leaving safepoint region
[2019-12-09T02:53:04.165+0000][1][safepoint    ] Total time for which application threads were stopped: 0.0000413 seconds, Stopping threads took: 0.0000079 seconds
[2019-12-09T02:53:04.165+0000][1][safepoint    ] Application time: 0.0000338 seconds
[2019-12-09T02:53:04.165+0000][1][safepoint    ] Entering safepoint region: RevokeBias
[2019-12-09T02:53:04.165+0000][1][safepoint    ] Leaving safepoint region
[2019-12-09T02:53:04.165+0000][1][safepoint    ] Total time for which application threads were stopped: 0.0000381 seconds, Stopping threads took: 0.0000084 seconds
[2019-12-09T02:53:04.165+0000][1][safepoint    ] Application time: 0.0000316 seconds
[2019-12-09T02:53:04.165+0000][1][safepoint    ] Entering safepoint region: RevokeBias
[2019-12-09T02:53:04.165+0000][1][safepoint    ] Leaving safepoint region
[2019-12-09T02:53:04.165+0000][1][safepoint    ] Total time for which application threads were stopped: 0.0000378 seconds, Stopping threads took: 0.0000080 seconds
[2019-12-09T02:53:04.165+0000][1][safepoint    ] Application time: 0.0000324 seconds
[2019-12-09T02:53:04.165+0000][1][safepoint    ] Entering safepoint region: RevokeBias
[2019-12-09T02:53:04.165+0000][1][safepoint    ] Leaving safepoint region
[2019-12-09T02:53:04.165+0000][1][safepoint    ] Total time for which application threads were stopped: 0.0000372 seconds, Stopping threads took: 0.0000081 seconds
[2019-12-09T02:53:04.165+0000][1][safepoint    ] Application time: 0.0000319 seconds
[2019-12-09T02:53:04.165+0000][1][safepoint    ] Entering safepoint region: RevokeBias
[2019-12-09T02:53:04.165+0000][1][safepoint    ] Leaving safepoint region
[2019-12-09T02:53:04.165+0000][1][safepoint    ] Total time for which application threads were stopped: 0.0000379 seconds, Stopping threads took: 0.0000085 seconds
[2019-12-09T02:53:04.165+0000][1][safepoint    ] Application time: 0.0000319 seconds
[2019-12-09T02:53:04.165+0000][1][safepoint    ] Entering safepoint region: RevokeBias
[2019-12-09T02:53:04.165+0000][1][safepoint    ] Leaving safepoint region
[2019-12-09T02:53:04.165+0000][1][safepoint    ] Total time for which application threads were stopped: 0.0000382 seconds, Stopping threads took: 0.0000084 seconds
[2019-12-09T02:53:04.370+0000][1][safepoint    ] Application time: 0.2044662 seconds
[2019-12-09T02:53:04.370+0000][1][safepoint    ] Entering safepoint region: RevokeBias
[2019-12-09T02:53:04.370+0000][1][safepoint    ] Leaving safepoint region
[2019-12-09T02:53:04.370+0000][1][safepoint    ] Total time for which application threads were stopped: 0.0000931 seconds, Stopping threads took: 0.0000202 seconds
[2019-12-09T02:53:04.471+0000][1][safepoint    ] Application time: 0.1013202 seconds
[2019-12-09T02:53:04.471+0000][1][safepoint    ] Entering safepoint region: RevokeBias
[2019-12-09T02:53:04.472+0000][1][safepoint    ] Leaving safepoint region
[2019-12-09T02:53:04.472+0000][1][safepoint    ] Total time for which application threads were stopped: 0.0001008 seconds, Stopping threads took: 0.0000209 seconds
[2019-12-09T02:53:04.486+0000][1][safepoint    ] Application time: 0.0142603 seconds
[2019-12-09T02:53:04.486+0000][1][safepoint    ] Entering safepoint region: RevokeBias
[2019-12-09T02:53:04.486+0000][1][safepoint    ] Leaving safepoint region
[2019-12-09T02:53:04.486+0000][1][safepoint    ] Total time for which application threads were stopped: 0.0000935 seconds, Stopping threads took: 0.0000199 seconds
[2019-12-09T02:53:04.537+0000][1][gc           ] GC(23) Concurrent Mark 955.580ms
[2019-12-09T02:53:04.537+0000][1][gc,cpu       ] GC(23) User=0.30s Sys=0.01s Real=0.96s
[2019-12-09T02:53:04.537+0000][1][gc           ] GC(23) Concurrent Preclean
[2019-12-09T02:53:04.539+0000][1][gc           ] GC(23) Concurrent Preclean 2.154ms
[2019-12-09T02:53:04.539+0000][1][gc,cpu       ] GC(23) User=0.00s Sys=0.00s Real=0.00s
[2019-12-09T02:53:04.539+0000][1][gc           ] GC(23) Concurrent Abortable Preclean
[2019-12-09T02:53:05.902+0000][1][safepoint    ] Application time: 1.4158108 seconds
[2019-12-09T02:53:05.902+0000][1][safepoint    ] Entering safepoint region: Cleanup
[2019-12-09T02:53:05.902+0000][1][safepoint    ] Leaving safepoint region
[2019-12-09T02:53:05.902+0000][1][safepoint    ] Total time for which application threads were stopped: 0.0000964 seconds, Stopping threads took: 0.0000227 seconds
[2019-12-09T02:53:06.106+0000][1][safepoint    ] Application time: 0.2038976 seconds
[2019-12-09T02:53:06.106+0000][1][safepoint    ] Entering safepoint region: RevokeBias
[2019-12-09T02:53:06.106+0000][1][safepoint    ] Leaving safepoint region
[2019-12-09T02:53:06.106+0000][1][safepoint    ] Total time for which application threads were stopped: 0.0001026 seconds, Stopping threads took: 0.0000222 seconds
[2019-12-09T02:53:06.106+0000][1][safepoint    ] Application time: 0.0001178 seconds
[2019-12-09T02:53:06.106+0000][1][safepoint    ] Entering safepoint region: RevokeBias
[2019-12-09T02:53:06.106+0000][1][safepoint    ] Leaving safepoint region
[2019-12-09T02:53:06.106+0000][1][safepoint    ] Total time for which application threads were stopped: 0.0000447 seconds, Stopping threads took: 0.0000097 seconds
[2019-12-09T02:53:06.109+0000][1][safepoint    ] Application time: 0.0031367 seconds
[2019-12-09T02:53:06.109+0000][1][safepoint    ] Entering safepoint region: RevokeBias
[2019-12-09T02:53:06.109+0000][1][safepoint    ] Leaving safepoint region
[2019-12-09T02:53:06.109+0000][1][safepoint    ] Total time for which application threads were stopped: 0.0000774 seconds, Stopping threads took: 0.0000182 seconds
[2019-12-09T02:53:07.143+0000][1][safepoint    ] Application time: 1.0333637 seconds
[2019-12-09T02:53:07.189+0000][1][safepoint    ] Entering safepoint region: Cleanup
[2019-12-09T02:53:07.189+0000][1][safepoint    ] Leaving safepoint region
[2019-12-09T02:53:07.189+0000][1][safepoint    ] Total time for which application threads were stopped: 0.0462608 seconds, Stopping threads took: 0.0461747 seconds
[2019-12-09T02:53:08.192+0000][1][safepoint    ] Application time: 1.0026905 seconds
[2019-12-09T02:53:08.192+0000][1][safepoint    ] Entering safepoint region: Cleanup
[2019-12-09T02:53:08.192+0000][1][safepoint    ] Leaving safepoint region
[2019-12-09T02:53:08.192+0000][1][safepoint    ] Total time for which application threads were stopped: 0.0001206 seconds, Stopping threads took: 0.0000242 seconds
[2019-12-09T02:53:09.195+0000][1][safepoint    ] Application time: 1.0028301 seconds
[2019-12-09T02:53:09.195+0000][1][safepoint    ] Entering safepoint region: Cleanup
[2019-12-09T02:53:09.195+0000][1][safepoint    ] Leaving safepoint region
[2019-12-09T02:53:09.195+0000][1][safepoint    ] Total time for which application threads were stopped: 0.0001439 seconds, Stopping threads took: 0.0000247 seconds
[2019-12-09T02:53:09.646+0000][1][gc           ] GC(23) Concurrent Abortable Preclean 5107.437ms
[2019-12-09T02:53:09.646+0000][1][gc,cpu       ] GC(23) User=1.57s Sys=0.00s Real=5.11s
[2019-12-09T02:53:09.646+0000][1][safepoint    ] Application time: 0.4514014 seconds
[2019-12-09T02:53:09.646+0000][1][safepoint    ] Entering safepoint region: CMS_Final_Remark
[2019-12-09T02:53:09.646+0000][1][gc,start     ] GC(23) Pause Remark
[2019-12-09T02:53:09.732+0000][1][gc           ] GC(23) Pause Remark 131M->131M(247M) 85.082ms
[2019-12-09T02:53:09.732+0000][1][gc,cpu       ] GC(23) User=0.06s Sys=0.00s Real=0.08s
[2019-12-09T02:53:09.732+0000][1][safepoint    ] Leaving safepoint region
[2019-12-09T02:53:09.732+0000][1][safepoint    ] Total time for which application threads were stopped: 0.0852610 seconds, Stopping threads took: 0.0000208 seconds
[2019-12-09T02:53:09.740+0000][1][gc           ] GC(23) Concurrent Sweep
[2019-12-09T02:53:09.841+0000][1][gc           ] GC(23) Concurrent Sweep 101.453ms
[2019-12-09T02:53:09.841+0000][1][gc,cpu       ] GC(23) User=0.06s Sys=0.01s Real=0.10s
[2019-12-09T02:53:09.841+0000][1][gc           ] GC(23) Concurrent Reset
[2019-12-09T02:53:09.842+0000][1][gc           ] GC(23) Concurrent Reset 0.304ms
[2019-12-09T02:53:09.842+0000][1][gc,cpu       ] GC(23) User=0.00s Sys=0.00s Real=0.00s
[2019-12-09T02:53:09.842+0000][1][gc,heap      ] GC(23) Old: 59930K->59567K(174784K)
[2019-12-09T02:53:10.733+0000][1][safepoint    ] Application time: 1.0011089 seconds
[2019-12-09T02:53:10.733+0000][1][safepoint    ] Entering safepoint region: Cleanup
[2019-12-09T02:53:10.733+0000][1][safepoint    ] Leaving safepoint region
[2019-12-09T02:53:10.734+0000][1][safepoint    ] Total time for which application threads were stopped: 0.0007634 seconds, Stopping threads took: 0.0000241 seconds
[2019-12-09T02:53:11.744+0000][1][safepoint    ] Application time: 1.0101846 seconds
[2019-12-09T02:53:11.744+0000][1][safepoint    ] Entering safepoint region: Cleanup
[2019-12-09T02:53:11.744+0000][1][safepoint    ] Leaving safepoint region
[2019-12-09T02:53:11.744+0000][1][safepoint    ] Total time for which application threads were stopped: 0.0000989 seconds, Stopping threads took: 0.0000245 seconds
[2019-12-09T02:53:12.752+0000][1][safepoint    ] Application time: 1.0078535 seconds
[2019-12-09T02:53:12.752+0000][1][safepoint    ] Entering safepoint region: Cleanup
[2019-12-09T02:53:12.752+0000][1][safepoint    ] Leaving safepoint region
[2019-12-09T02:53:12.752+0000][1][safepoint    ] Total time for which application threads were stopped: 0.0001177 seconds, Stopping threads took: 0.0000272 seconds
[2019-12-09T02:53:13.754+0000][1][safepoint    ] Application time: 1.0018284 seconds
[2019-12-09T02:53:13.754+0000][1][safepoint    ] Entering safepoint region: Cleanup
[2019-12-09T02:53:13.754+0000][1][safepoint    ] Leaving safepoint region
[2019-12-09T02:53:13.754+0000][1][safepoint    ] Total time for which application threads were stopped: 0.0001099 seconds, Stopping threads took: 0.0000251 seconds
[2019-12-09T02:53:14.755+0000][1][safepoint    ] Application time: 1.0008462 seconds
[2019-12-09T02:53:14.755+0000][1][safepoint    ] Entering safepoint region: Cleanup
[2019-12-09T02:53:14.755+0000][1][safepoint    ] Leaving safepoint region
[2019-12-09T02:53:14.755+0000][1][safepoint    ] Total time for which application threads were stopped: 0.0000951 seconds, Stopping threads took: 0.0000221 seconds
[2019-12-09T02:53:14.794+0000][1][safepoint    ] Application time: 0.0393886 seconds
[2019-12-09T02:53:14.794+0000][1][safepoint    ] Entering safepoint region: GenCollectForAllocation
[2019-12-09T02:53:14.794+0000][1][gc,start     ] GC(24) Pause Young (Allocation Failure)
[2019-12-09T02:53:14.794+0000][1][gc,task      ] GC(24) Using 2 workers of 2 for evacuation
[2019-12-09T02:53:14.917+0000][1][gc,age       ] GC(24) Desired survivor size 4456448 bytes, new threshold 2 (max threshold 6)
[2019-12-09T02:53:14.917+0000][1][gc,age       ] GC(24) Age table with threshold 2 (max threshold 6)
[2019-12-09T02:53:14.917+0000][1][gc,age       ] GC(24) - age   1:    1877088 bytes,    1877088 total
[2019-12-09T02:53:14.917+0000][1][gc,age       ] GC(24) - age   2:    3599136 bytes,    5476224 total
[2019-12-09T02:53:14.917+0000][1][gc,heap      ] GC(24) ParNew: 78656K->6913K(78656K)
[2019-12-09T02:53:14.917+0000][1][gc,heap      ] GC(24) CMS: 59567K->63683K(174784K)
[2019-12-09T02:53:14.917+0000][1][gc,metaspace ] GC(24) Metaspace: 68363K->68363K(1112064K)
[2019-12-09T02:53:14.917+0000][1][gc           ] GC(24) Pause Young (Allocation Failure) 134M->68M(247M) 123.000ms
[2019-12-09T02:53:14.917+0000][1][gc,cpu       ] GC(24) User=0.05s Sys=0.00s Real=0.13s
[2019-12-09T02:53:14.917+0000][1][safepoint    ] Leaving safepoint region
[2019-12-09T02:53:14.917+0000][1][safepoint    ] Total time for which application threads were stopped: 0.1232027 seconds, Stopping threads took: 0.0000303 seconds
[2019-12-09T02:53:15.919+0000][1][safepoint    ] Application time: 1.0012334 seconds
[2019-12-09T02:53:15.919+0000][1][safepoint    ] Entering safepoint region: Cleanup
[2019-12-09T02:53:15.919+0000][1][safepoint    ] Leaving safepoint region
[2019-12-09T02:53:15.919+0000][1][safepoint    ] Total time for which application threads were stopped: 0.0001118 seconds, Stopping threads took: 0.0000240 seconds
[2019-12-09T02:53:16.922+0000][1][safepoint    ] Application time: 1.0028182 seconds
[2019-12-09T02:53:16.922+0000][1][safepoint    ] Entering safepoint region: Cleanup
[2019-12-09T02:53:16.922+0000][1][safepoint    ] Leaving safepoint region
[2019-12-09T02:53:16.922+0000][1][safepoint    ] Total time for which application threads were stopped: 0.0001022 seconds, Stopping threads took: 0.0000267 seconds
[2019-12-09T02:53:17.925+0000][1][safepoint    ] Application time: 1.0028424 seconds
[2019-12-09T02:53:17.925+0000][1][safepoint    ] Entering safepoint region: Cleanup
[2019-12-09T02:53:17.925+0000][1][safepoint    ] Leaving safepoint region
[2019-12-09T02:53:17.925+0000][1][safepoint    ] Total time for which application threads were stopped: 0.0001227 seconds, Stopping threads took: 0.0000358 seconds
[2019-12-09T02:53:18.929+0000][1][safepoint    ] Application time: 1.0044271 seconds
[2019-12-09T02:53:18.929+0000][1][safepoint    ] Entering safepoint region: Cleanup
[2019-12-09T02:53:18.929+0000][1][safepoint    ] Leaving safepoint region
[2019-12-09T02:53:18.929+0000][1][safepoint    ] Total time for which application threads were stopped: 0.0001166 seconds, Stopping threads took: 0.0000259 seconds
[2019-12-09T02:53:19.931+0000][1][safepoint    ] Application time: 1.0012983 seconds
[2019-12-09T02:53:19.931+0000][1][safepoint    ] Entering safepoint region: Cleanup
[2019-12-09T02:53:19.931+0000][1][safepoint    ] Leaving safepoint region
[2019-12-09T02:53:19.931+0000][1][safepoint    ] Total time for which application threads were stopped: 0.0001080 seconds, Stopping threads took: 0.0000245 seconds
[2019-12-09T02:53:20.932+0000][1][safepoint    ] Application time: 1.0008087 seconds
[2019-12-09T02:53:20.932+0000][1][safepoint    ] Entering safepoint region: Cleanup
[2019-12-09T02:53:20.932+0000][1][safepoint    ] Leaving safepoint region
[2019-12-09T02:53:20.932+0000][1][safepoint    ] Total time for which application threads were stopped: 0.0001035 seconds, Stopping threads took: 0.0000237 seconds
[2019-12-09T02:53:21.933+0000][1][safepoint    ] Application time: 1.0008353 seconds
[2019-12-09T02:53:21.933+0000][1][safepoint    ] Entering safepoint region: Cleanup
[2019-12-09T02:53:21.933+0000][1][safepoint    ] Leaving safepoint region
[2019-12-09T02:53:21.933+0000][1][safepoint    ] Total time for which application threads were stopped: 0.0001231 seconds, Stopping threads took: 0.0000336 seconds
[2019-12-09T02:53:22.935+0000][1][safepoint    ] Application time: 1.0018524 seconds
[2019-12-09T02:53:22.935+0000][1][safepoint    ] Entering safepoint region: Cleanup
[2019-12-09T02:53:22.935+0000][1][safepoint    ] Leaving safepoint region
[2019-12-09T02:53:22.935+0000][1][safepoint    ] Total time for which application threads were stopped: 0.0001051 seconds, Stopping threads took: 0.0000261 seconds
[2019-12-09T02:53:23.937+0000][1][safepoint    ] Application time: 1.0018123 seconds
[2019-12-09T02:53:23.937+0000][1][safepoint    ] Entering safepoint region: Cleanup
[2019-12-09T02:53:23.937+0000][1][safepoint    ] Leaving safepoint region
[2019-12-09T02:53:23.937+0000][1][safepoint    ] Total time for which application threads were stopped: 0.0001202 seconds, Stopping threads took: 0.0000280 seconds
[2019-12-09T02:53:24.944+0000][1][safepoint    ] Application time: 1.0068160 seconds
[2019-12-09T02:53:24.944+0000][1][safepoint    ] Entering safepoint region: Cleanup
[2019-12-09T02:53:24.944+0000][1][safepoint    ] Leaving safepoint region
[2019-12-09T02:53:24.944+0000][1][safepoint    ] Total time for which application threads were stopped: 0.0001004 seconds, Stopping threads took: 0.0000240 seconds
[2019-12-09T02:53:25.945+0000][1][safepoint    ] Application time: 1.0008426 seconds
[2019-12-09T02:53:25.945+0000][1][safepoint    ] Entering safepoint region: Cleanup
[2019-12-09T02:53:25.945+0000][1][safepoint    ] Leaving safepoint region
[2019-12-09T02:53:25.945+0000][1][safepoint    ] Total time for which application threads were stopped: 0.0001118 seconds, Stopping threads took: 0.0000263 seconds
[2019-12-09T02:53:26.946+0000][1][safepoint    ] Application time: 1.0008371 seconds
[2019-12-09T02:53:26.946+0000][1][safepoint    ] Entering safepoint region: Cleanup
[2019-12-09T02:53:26.946+0000][1][safepoint    ] Leaving safepoint region
[2019-12-09T02:53:26.946+0000][1][safepoint    ] Total time for which application threads were stopped: 0.0000927 seconds, Stopping threads took: 0.0000223 seconds
[2019-12-09T02:53:27.947+0000][1][safepoint    ] Application time: 1.0008670 seconds
[2019-12-09T02:53:27.947+0000][1][safepoint    ] Entering safepoint region: Cleanup
[2019-12-09T02:53:27.947+0000][1][safepoint    ] Leaving safepoint region
[2019-12-09T02:53:27.947+0000][1][safepoint    ] Total time for which application threads were stopped: 0.0001088 seconds, Stopping threads took: 0.0000256 seconds
[2019-12-09T02:53:28.948+0000][1][safepoint    ] Application time: 1.0008236 seconds
[2019-12-09T02:53:28.948+0000][1][safepoint    ] Entering safepoint region: Cleanup
[2019-12-09T02:53:28.948+0000][1][safepoint    ] Leaving safepoint region
[2019-12-09T02:53:28.948+0000][1][safepoint    ] Total time for which application threads were stopped: 0.0001111 seconds, Stopping threads took: 0.0000215 seconds
[2019-12-09T02:53:29.949+0000][1][safepoint    ] Application time: 1.0008479 seconds
[2019-12-09T02:53:29.949+0000][1][safepoint    ] Entering safepoint region: Cleanup
[2019-12-09T02:53:29.949+0000][1][safepoint    ] Leaving safepoint region
[2019-12-09T02:53:29.949+0000][1][safepoint    ] Total time for which application threads were stopped: 0.0000977 seconds, Stopping threads took: 0.0000217 seconds
[2019-12-09T02:53:30.950+0000][1][safepoint    ] Application time: 1.0008748 seconds
[2019-12-09T02:53:30.950+0000][1][safepoint    ] Entering safepoint region: Cleanup
[2019-12-09T02:53:30.950+0000][1][safepoint    ] Leaving safepoint region
[2019-12-09T02:53:30.950+0000][1][safepoint    ] Total time for which application threads were stopped: 0.0001123 seconds, Stopping threads took: 0.0000343 seconds
[2019-12-09T02:53:31.950+0000][1][safepoint    ] Application time: 1.0000877 seconds
[2019-12-09T02:53:31.950+0000][1][safepoint    ] Entering safepoint region: Cleanup
[2019-12-09T02:53:31.950+0000][1][safepoint    ] Leaving safepoint region
[2019-12-09T02:53:31.950+0000][1][safepoint    ] Total time for which application threads were stopped: 0.0001080 seconds, Stopping threads took: 0.0000251 seconds
[2019-12-09T02:53:32.950+0000][1][safepoint    ] Application time: 1.0000773 seconds
[2019-12-09T02:53:32.950+0000][1][safepoint    ] Entering safepoint region: Cleanup
[2019-12-09T02:53:32.950+0000][1][safepoint    ] Leaving safepoint region
[2019-12-09T02:53:32.950+0000][1][safepoint    ] Total time for which application threads were stopped: 0.0000835 seconds, Stopping threads took: 0.0000193 seconds
[2019-12-09T02:53:33.950+0000][1][safepoint    ] Application time: 1.0000784 seconds
[2019-12-09T02:53:33.950+0000][1][safepoint    ] Entering safepoint region: Cleanup
[2019-12-09T02:53:33.951+0000][1][safepoint    ] Leaving safepoint region
[2019-12-09T02:53:33.951+0000][1][safepoint    ] Total time for which application threads were stopped: 0.0000750 seconds, Stopping threads took: 0.0000180 seconds
[2019-12-09T02:53:35.011+0000][1][safepoint    ] Application time: 1.0607946 seconds
[2019-12-09T02:53:35.011+0000][1][safepoint    ] Entering safepoint region: Cleanup
[2019-12-09T02:53:35.011+0000][1][safepoint    ] Leaving safepoint region
[2019-12-09T02:53:35.011+0000][1][safepoint    ] Total time for which application threads were stopped: 0.0000580 seconds, Stopping threads took: 0.0000105 seconds
[2019-12-09T02:53:36.012+0000][1][safepoint    ] Application time: 1.0000754 seconds
[2019-12-09T02:53:36.012+0000][1][safepoint    ] Entering safepoint region: Cleanup
[2019-12-09T02:53:36.012+0000][1][safepoint    ] Leaving safepoint region
[2019-12-09T02:53:36.012+0000][1][safepoint    ] Total time for which application threads were stopped: 0.0000745 seconds, Stopping threads took: 0.0000157 seconds
[2019-12-09T02:53:37.012+0000][1][safepoint    ] Application time: 1.0000810 seconds
[2019-12-09T02:53:37.012+0000][1][safepoint    ] Entering safepoint region: Cleanup
[2019-12-09T02:53:37.012+0000][1][safepoint    ] Leaving safepoint region
[2019-12-09T02:53:37.012+0000][1][safepoint    ] Total time for which application threads were stopped: 0.0001045 seconds, Stopping threads took: 0.0000236 seconds
[2019-12-09T02:53:38.012+0000][1][safepoint    ] Application time: 1.0001212 seconds
[2019-12-09T02:53:38.012+0000][1][safepoint    ] Entering safepoint region: Cleanup
[2019-12-09T02:53:38.012+0000][1][safepoint    ] Leaving safepoint region
[2019-12-09T02:53:38.012+0000][1][safepoint    ] Total time for which application threads were stopped: 0.0000881 seconds, Stopping threads took: 0.0000233 seconds
[2019-12-09T02:53:39.012+0000][1][safepoint    ] Application time: 1.0001039 seconds
[2019-12-09T02:53:39.012+0000][1][safepoint    ] Entering safepoint region: Cleanup
[2019-12-09T02:53:39.012+0000][1][safepoint    ] Leaving safepoint region
[2019-12-09T02:53:39.012+0000][1][safepoint    ] Total time for which application threads were stopped: 0.0001234 seconds, Stopping threads took: 0.0000591 seconds
[2019-12-09T02:53:40.013+0000][1][safepoint    ] Application time: 1.0000868 seconds
[2019-12-09T02:53:40.013+0000][1][safepoint    ] Entering safepoint region: Cleanup
[2019-12-09T02:53:40.013+0000][1][safepoint    ] Leaving safepoint region
[2019-12-09T02:53:40.013+0000][1][safepoint    ] Total time for which application threads were stopped: 0.0000916 seconds, Stopping threads took: 0.0000192 seconds
[2019-12-09T02:53:41.014+0000][1][safepoint    ] Application time: 1.0010704 seconds
[2019-12-09T02:53:41.014+0000][1][safepoint    ] Entering safepoint region: Cleanup
[2019-12-09T02:53:41.014+0000][1][safepoint    ] Leaving safepoint region
[2019-12-09T02:53:41.014+0000][1][safepoint    ] Total time for which application threads were stopped: 0.0001050 seconds, Stopping threads took: 0.0000231 seconds
[2019-12-09T02:53:42.014+0000][1][safepoint    ] Application time: 1.0000768 seconds
[2019-12-09T02:53:42.014+0000][1][safepoint    ] Entering safepoint region: Cleanup
[2019-12-09T02:53:42.014+0000][1][safepoint    ] Leaving safepoint region
[2019-12-09T02:53:42.014+0000][1][safepoint    ] Total time for which application threads were stopped: 0.0000819 seconds, Stopping threads took: 0.0000177 seconds
[2019-12-09T02:53:43.014+0000][1][safepoint    ] Application time: 1.0000741 seconds
[2019-12-09T02:53:43.014+0000][1][safepoint    ] Entering safepoint region: Cleanup
[2019-12-09T02:53:43.014+0000][1][safepoint    ] Leaving safepoint region
[2019-12-09T02:53:43.014+0000][1][safepoint    ] Total time for which application threads were stopped: 0.0000888 seconds, Stopping threads took: 0.0000189 seconds
[2019-12-09T02:53:44.014+0000][1][safepoint    ] Application time: 1.0000792 seconds
[2019-12-09T02:53:44.014+0000][1][safepoint    ] Entering safepoint region: Cleanup
[2019-12-09T02:53:44.015+0000][1][safepoint    ] Leaving safepoint region
[2019-12-09T02:53:44.015+0000][1][safepoint    ] Total time for which application threads were stopped: 0.0000926 seconds, Stopping threads took: 0.0000180 seconds
[2019-12-09T02:53:45.015+0000][1][safepoint    ] Application time: 1.0000811 seconds
[2019-12-09T02:53:45.015+0000][1][safepoint    ] Entering safepoint region: Cleanup
[2019-12-09T02:53:45.015+0000][1][safepoint    ] Leaving safepoint region
[2019-12-09T02:53:45.015+0000][1][safepoint    ] Total time for which application threads were stopped: 0.0000983 seconds, Stopping threads took: 0.0000204 seconds
[2019-12-09T02:53:46.015+0000][1][safepoint    ] Application time: 1.0000798 seconds
[2019-12-09T02:53:46.015+0000][1][safepoint    ] Entering safepoint region: Cleanup
[2019-12-09T02:53:46.015+0000][1][safepoint    ] Leaving safepoint region
[2019-12-09T02:53:46.015+0000][1][safepoint    ] Total time for which application threads were stopped: 0.0000788 seconds, Stopping threads took: 0.0000188 seconds
[2019-12-09T02:53:47.015+0000][1][safepoint    ] Application time: 1.0000795 seconds
[2019-12-09T02:53:47.015+0000][1][safepoint    ] Entering safepoint region: Cleanup
[2019-12-09T02:53:47.015+0000][1][safepoint    ] Leaving safepoint region
[2019-12-09T02:53:47.015+0000][1][safepoint    ] Total time for which application threads were stopped: 0.0000825 seconds, Stopping threads took: 0.0000187 seconds
[2019-12-09T02:53:48.015+0000][1][safepoint    ] Application time: 1.0000788 seconds
[2019-12-09T02:53:48.015+0000][1][safepoint    ] Entering safepoint region: Cleanup
[2019-12-09T02:53:48.015+0000][1][safepoint    ] Leaving safepoint region
[2019-12-09T02:53:48.015+0000][1][safepoint    ] Total time for which application threads were stopped: 0.0000861 seconds, Stopping threads took: 0.0000189 seconds
[2019-12-09T02:53:49.015+0000][1][safepoint    ] Application time: 1.0000772 seconds
[2019-12-09T02:53:49.015+0000][1][safepoint    ] Entering safepoint region: Cleanup
[2019-12-09T02:53:49.016+0000][1][safepoint    ] Leaving safepoint region
[2019-12-09T02:53:49.016+0000][1][safepoint    ] Total time for which application threads were stopped: 0.0000871 seconds, Stopping threads took: 0.0000184 seconds
[2019-12-09T02:53:50.016+0000][1][safepoint    ] Application time: 1.0000789 seconds
[2019-12-09T02:53:50.016+0000][1][safepoint    ] Entering safepoint region: Cleanup
[2019-12-09T02:53:50.016+0000][1][safepoint    ] Leaving safepoint region
[2019-12-09T02:53:50.016+0000][1][safepoint    ] Total time for which application threads were stopped: 0.0000973 seconds, Stopping threads took: 0.0000284 seconds
[2019-12-09T02:53:51.016+0000][1][safepoint    ] Application time: 1.0000885 seconds
[2019-12-09T02:53:51.016+0000][1][safepoint    ] Entering safepoint region: Cleanup
[2019-12-09T02:53:51.016+0000][1][safepoint    ] Leaving safepoint region
[2019-12-09T02:53:51.016+0000][1][safepoint    ] Total time for which application threads were stopped: 0.0001138 seconds, Stopping threads took: 0.0000255 seconds
[2019-12-09T02:53:52.016+0000][1][safepoint    ] Application time: 1.0000810 seconds
[2019-12-09T02:53:52.016+0000][1][safepoint    ] Entering safepoint region: Cleanup
[2019-12-09T02:53:52.016+0000][1][safepoint    ] Leaving safepoint region
[2019-12-09T02:53:52.016+0000][1][safepoint    ] Total time for which application threads were stopped: 0.0001155 seconds, Stopping threads took: 0.0000415 seconds
[2019-12-09T02:53:53.016+0000][1][safepoint    ] Application time: 1.0000933 seconds
[2019-12-09T02:53:53.016+0000][1][safepoint    ] Entering safepoint region: Cleanup
[2019-12-09T02:53:53.017+0000][1][safepoint    ] Leaving safepoint region
[2019-12-09T02:53:53.017+0000][1][safepoint    ] Total time for which application threads were stopped: 0.0001114 seconds, Stopping threads took: 0.0000250 seconds
[2019-12-09T02:53:54.017+0000][1][safepoint    ] Application time: 1.0000801 seconds
[2019-12-09T02:53:54.017+0000][1][safepoint    ] Entering safepoint region: Cleanup
[2019-12-09T02:53:54.017+0000][1][safepoint    ] Leaving safepoint region
[2019-12-09T02:53:54.017+0000][1][safepoint    ] Total time for which application threads were stopped: 0.0000875 seconds, Stopping threads took: 0.0000287 seconds
[2019-12-09T02:53:55.017+0000][1][safepoint    ] Application time: 1.0000784 seconds
[2019-12-09T02:53:55.017+0000][1][safepoint    ] Entering safepoint region: Cleanup
[2019-12-09T02:53:55.017+0000][1][safepoint    ] Leaving safepoint region
[2019-12-09T02:53:55.017+0000][1][safepoint    ] Total time for which application threads were stopped: 0.0000788 seconds, Stopping threads took: 0.0000191 seconds
[2019-12-09T02:53:56.017+0000][1][safepoint    ] Application time: 1.0000801 seconds
[2019-12-09T02:53:56.017+0000][1][safepoint    ] Entering safepoint region: Cleanup
[2019-12-09T02:53:56.017+0000][1][safepoint    ] Leaving safepoint region
[2019-12-09T02:53:56.017+0000][1][safepoint    ] Total time for which application threads were stopped: 0.0000836 seconds, Stopping threads took: 0.0000178 seconds
[2019-12-09T02:53:57.017+0000][1][safepoint    ] Application time: 1.0000787 seconds
[2019-12-09T02:53:57.017+0000][1][safepoint    ] Entering safepoint region: Cleanup
[2019-12-09T02:53:57.017+0000][1][safepoint    ] Leaving safepoint region
[2019-12-09T02:53:57.017+0000][1][safepoint    ] Total time for which application threads were stopped: 0.0000867 seconds, Stopping threads took: 0.0000198 seconds
[2019-12-09T02:53:58.017+0000][1][safepoint    ] Application time: 1.0000798 seconds
[2019-12-09T02:53:58.017+0000][1][safepoint    ] Entering safepoint region: Cleanup
[2019-12-09T02:53:58.018+0000][1][safepoint    ] Leaving safepoint region
[2019-12-09T02:53:58.018+0000][1][safepoint    ] Total time for which application threads were stopped: 0.0000810 seconds, Stopping threads took: 0.0000188 seconds
[2019-12-09T02:53:59.018+0000][1][safepoint    ] Application time: 1.0000784 seconds
[2019-12-09T02:53:59.018+0000][1][safepoint    ] Entering safepoint region: Cleanup
[2019-12-09T02:53:59.018+0000][1][safepoint    ] Leaving safepoint region
[2019-12-09T02:53:59.018+0000][1][safepoint    ] Total time for which application threads were stopped: 0.0000861 seconds, Stopping threads took: 0.0000173 seconds
[2019-12-09T02:54:00.018+0000][1][safepoint    ] Application time: 1.0000780 seconds
[2019-12-09T02:54:00.018+0000][1][safepoint    ] Entering safepoint region: Cleanup
[2019-12-09T02:54:00.018+0000][1][safepoint    ] Leaving safepoint region
[2019-12-09T02:54:00.018+0000][1][safepoint    ] Total time for which application threads were stopped: 0.0000793 seconds, Stopping threads took: 0.0000160 seconds
[2019-12-09T02:54:01.018+0000][1][safepoint    ] Application time: 1.0000790 seconds
[2019-12-09T02:54:01.018+0000][1][safepoint    ] Entering safepoint region: Cleanup
[2019-12-09T02:54:01.018+0000][1][safepoint    ] Leaving safepoint region
[2019-12-09T02:54:01.018+0000][1][safepoint    ] Total time for which application threads were stopped: 0.0000813 seconds, Stopping threads took: 0.0000197 seconds
[2019-12-09T02:54:02.018+0000][1][safepoint    ] Application time: 1.0000890 seconds
[2019-12-09T02:54:02.018+0000][1][safepoint    ] Entering safepoint region: Cleanup
[2019-12-09T02:54:02.018+0000][1][safepoint    ] Leaving safepoint region
[2019-12-09T02:54:02.018+0000][1][safepoint    ] Total time for which application threads were stopped: 0.0001066 seconds, Stopping threads took: 0.0000228 seconds
[2019-12-09T02:54:03.019+0000][1][safepoint    ] Application time: 1.0000769 seconds
[2019-12-09T02:54:03.019+0000][1][safepoint    ] Entering safepoint region: Cleanup
[2019-12-09T02:54:03.019+0000][1][safepoint    ] Leaving safepoint region
[2019-12-09T02:54:03.019+0000][1][safepoint    ] Total time for which application threads were stopped: 0.0000766 seconds, Stopping threads took: 0.0000167 seconds
[2019-12-09T02:54:05.019+0000][1][safepoint    ] Application time: 2.0001516 seconds
[2019-12-09T02:54:05.019+0000][1][safepoint    ] Entering safepoint region: Cleanup
[2019-12-09T02:54:05.019+0000][1][safepoint    ] Leaving safepoint region
[2019-12-09T02:54:05.019+0000][1][safepoint    ] Total time for which application threads were stopped: 0.0000853 seconds, Stopping threads took: 0.0000178 seconds
[2019-12-09T02:54:06.019+0000][1][safepoint    ] Application time: 1.0000774 seconds
[2019-12-09T02:54:06.019+0000][1][safepoint    ] Entering safepoint region: Cleanup
[2019-12-09T02:54:06.019+0000][1][safepoint    ] Leaving safepoint region
[2019-12-09T02:54:06.019+0000][1][safepoint    ] Total time for which application threads were stopped: 0.0000796 seconds, Stopping threads took: 0.0000179 seconds
[2019-12-09T02:54:09.019+0000][1][safepoint    ] Application time: 3.0002065 seconds
[2019-12-09T02:54:09.019+0000][1][safepoint    ] Entering safepoint region: Cleanup
[2019-12-09T02:54:09.019+0000][1][safepoint    ] Leaving safepoint region
[2019-12-09T02:54:09.019+0000][1][safepoint    ] Total time for which application threads were stopped: 0.0000775 seconds, Stopping threads took: 0.0000173 seconds
[2019-12-09T02:54:10.020+0000][1][safepoint    ] Application time: 1.0000789 seconds
[2019-12-09T02:54:10.020+0000][1][safepoint    ] Entering safepoint region: Cleanup
[2019-12-09T02:54:10.020+0000][1][safepoint    ] Leaving safepoint region
[2019-12-09T02:54:10.020+0000][1][safepoint    ] Total time for which application threads were stopped: 0.0000802 seconds, Stopping threads took: 0.0000188 seconds
[2019-12-09T02:54:11.021+0000][1][safepoint    ] Application time: 1.0010587 seconds
[2019-12-09T02:54:11.021+0000][1][safepoint    ] Entering safepoint region: Cleanup
[2019-12-09T02:54:11.021+0000][1][safepoint    ] Leaving safepoint region
[2019-12-09T02:54:11.021+0000][1][safepoint    ] Total time for which application threads were stopped: 0.0000830 seconds, Stopping threads took: 0.0000195 seconds
[2019-12-09T02:54:12.021+0000][1][safepoint    ] Application time: 1.0000802 seconds
[2019-12-09T02:54:12.021+0000][1][safepoint    ] Entering safepoint region: Cleanup
[2019-12-09T02:54:12.021+0000][1][safepoint    ] Leaving safepoint region
[2019-12-09T02:54:12.021+0000][1][safepoint    ] Total time for which application threads were stopped: 0.0000787 seconds, Stopping threads took: 0.0000174 seconds
[2019-12-09T02:54:13.021+0000][1][safepoint    ] Application time: 1.0000810 seconds
[2019-12-09T02:54:13.021+0000][1][safepoint    ] Entering safepoint region: Cleanup
[2019-12-09T02:54:13.021+0000][1][safepoint    ] Leaving safepoint region
[2019-12-09T02:54:13.021+0000][1][safepoint    ] Total time for which application threads were stopped: 0.0000842 seconds, Stopping threads took: 0.0000179 seconds
[2019-12-09T02:54:14.021+0000][1][safepoint    ] Application time: 1.0000797 seconds
[2019-12-09T02:54:14.021+0000][1][safepoint    ] Entering safepoint region: Cleanup
[2019-12-09T02:54:14.021+0000][1][safepoint    ] Leaving safepoint region
[2019-12-09T02:54:14.021+0000][1][safepoint    ] Total time for which application threads were stopped: 0.0000815 seconds, Stopping threads took: 0.0000175 seconds
[2019-12-09T02:54:15.022+0000][1][safepoint    ] Application time: 1.0000808 seconds
[2019-12-09T02:54:15.022+0000][1][safepoint    ] Entering safepoint region: Cleanup
[2019-12-09T02:54:15.022+0000][1][safepoint    ] Leaving safepoint region
[2019-12-09T02:54:15.022+0000][1][safepoint    ] Total time for which application threads were stopped: 0.0000866 seconds, Stopping threads took: 0.0000174 seconds
[2019-12-09T02:54:16.022+0000][1][safepoint    ] Application time: 1.0000789 seconds
[2019-12-09T02:54:16.022+0000][1][safepoint    ] Entering safepoint region: Cleanup
[2019-12-09T02:54:16.022+0000][1][safepoint    ] Leaving safepoint region
[2019-12-09T02:54:16.022+0000][1][safepoint    ] Total time for which application threads were stopped: 0.0000796 seconds, Stopping threads took: 0.0000182 seconds
[2019-12-09T02:54:17.022+0000][1][safepoint    ] Application time: 1.0000789 seconds
[2019-12-09T02:54:17.022+0000][1][safepoint    ] Entering safepoint region: Cleanup
[2019-12-09T02:54:17.022+0000][1][safepoint    ] Leaving safepoint region
[2019-12-09T02:54:17.022+0000][1][safepoint    ] Total time for which application threads were stopped: 0.0000783 seconds, Stopping threads took: 0.0000174 seconds
[2019-12-09T02:54:19.022+0000][1][safepoint    ] Application time: 2.0001458 seconds
[2019-12-09T02:54:19.022+0000][1][safepoint    ] Entering safepoint region: Cleanup
[2019-12-09T02:54:19.022+0000][1][safepoint    ] Leaving safepoint region
[2019-12-09T02:54:19.022+0000][1][safepoint    ] Total time for which application threads were stopped: 0.0000794 seconds, Stopping threads took: 0.0000186 seconds
[2019-12-09T02:54:22.024+0000][1][safepoint    ] Application time: 3.0015973 seconds
[2019-12-09T02:54:22.024+0000][1][safepoint    ] Entering safepoint region: Cleanup
[2019-12-09T02:54:22.024+0000][1][safepoint    ] Leaving safepoint region
[2019-12-09T02:54:22.024+0000][1][safepoint    ] Total time for which application threads were stopped: 0.0000823 seconds, Stopping threads took: 0.0000176 seconds
[2019-12-09T02:54:23.024+0000][1][safepoint    ] Application time: 1.0000795 seconds
[2019-12-09T02:54:23.024+0000][1][safepoint    ] Entering safepoint region: Cleanup
[2019-12-09T02:54:23.024+0000][1][safepoint    ] Leaving safepoint region
[2019-12-09T02:54:23.024+0000][1][safepoint    ] Total time for which application threads were stopped: 0.0000875 seconds, Stopping threads took: 0.0000245 seconds
[2019-12-09T02:54:24.024+0000][1][safepoint    ] Application time: 1.0000798 seconds
[2019-12-09T02:54:24.024+0000][1][safepoint    ] Entering safepoint region: Cleanup
[2019-12-09T02:54:24.024+0000][1][safepoint    ] Leaving safepoint region
[2019-12-09T02:54:24.025+0000][1][safepoint    ] Total time for which application threads were stopped: 0.0000854 seconds, Stopping threads took: 0.0000184 seconds
[2019-12-09T02:54:25.025+0000][1][safepoint    ] Application time: 1.0000791 seconds
[2019-12-09T02:54:25.025+0000][1][safepoint    ] Entering safepoint region: Cleanup
[2019-12-09T02:54:25.025+0000][1][safepoint    ] Leaving safepoint region
[2019-12-09T02:54:25.025+0000][1][safepoint    ] Total time for which application threads were stopped: 0.0000958 seconds, Stopping threads took: 0.0000170 seconds
[2019-12-09T02:54:26.025+0000][1][safepoint    ] Application time: 1.0000776 seconds
[2019-12-09T02:54:26.025+0000][1][safepoint    ] Entering safepoint region: Cleanup
[2019-12-09T02:54:26.025+0000][1][safepoint    ] Leaving safepoint region
[2019-12-09T02:54:26.025+0000][1][safepoint    ] Total time for which application threads were stopped: 0.0000850 seconds, Stopping threads took: 0.0000182 seconds
[2019-12-09T02:54:27.025+0000][1][safepoint    ] Application time: 1.0000772 seconds
[2019-12-09T02:54:27.025+0000][1][safepoint    ] Entering safepoint region: Cleanup
[2019-12-09T02:54:27.025+0000][1][safepoint    ] Leaving safepoint region
[2019-12-09T02:54:27.025+0000][1][safepoint    ] Total time for which application threads were stopped: 0.0000781 seconds, Stopping threads took: 0.0000174 seconds
[2019-12-09T02:54:28.025+0000][1][safepoint    ] Application time: 1.0000768 seconds
[2019-12-09T02:54:28.025+0000][1][safepoint    ] Entering safepoint region: Cleanup
[2019-12-09T02:54:28.025+0000][1][safepoint    ] Leaving safepoint region
[2019-12-09T02:54:28.025+0000][1][safepoint    ] Total time for which application threads were stopped: 0.0000802 seconds, Stopping threads took: 0.0000178 seconds
[2019-12-09T02:54:29.025+0000][1][safepoint    ] Application time: 1.0000777 seconds
[2019-12-09T02:54:29.025+0000][1][safepoint    ] Entering safepoint region: Cleanup
[2019-12-09T02:54:29.026+0000][1][safepoint    ] Leaving safepoint region
[2019-12-09T02:54:29.026+0000][1][safepoint    ] Total time for which application threads were stopped: 0.0000879 seconds, Stopping threads took: 0.0000176 seconds
[2019-12-09T02:54:30.026+0000][1][safepoint    ] Application time: 1.0000789 seconds
[2019-12-09T02:54:30.026+0000][1][safepoint    ] Entering safepoint region: Cleanup
[2019-12-09T02:54:30.026+0000][1][safepoint    ] Leaving safepoint region
[2019-12-09T02:54:30.026+0000][1][safepoint    ] Total time for which application threads were stopped: 0.0000964 seconds, Stopping threads took: 0.0000310 seconds
[2019-12-09T02:54:31.036+0000][1][safepoint    ] Application time: 1.0099812 seconds
[2019-12-09T02:54:31.036+0000][1][safepoint    ] Entering safepoint region: Cleanup
[2019-12-09T02:54:31.036+0000][1][safepoint    ] Leaving safepoint region
[2019-12-09T02:54:31.036+0000][1][safepoint    ] Total time for which application threads were stopped: 0.0001450 seconds, Stopping threads took: 0.0000548 seconds
[2019-12-09T02:54:34.036+0000][1][safepoint    ] Application time: 3.0002424 seconds
[2019-12-09T02:54:34.036+0000][1][safepoint    ] Entering safepoint region: Cleanup
[2019-12-09T02:54:34.036+0000][1][safepoint    ] Leaving safepoint region
[2019-12-09T02:54:34.036+0000][1][safepoint    ] Total time for which application threads were stopped: 0.0000820 seconds, Stopping threads took: 0.0000164 seconds
[2019-12-09T02:54:35.036+0000][1][safepoint    ] Application time: 1.0000793 seconds
[2019-12-09T02:54:35.036+0000][1][safepoint    ] Entering safepoint region: Cleanup
[2019-12-09T02:54:35.037+0000][1][safepoint    ] Leaving safepoint region
[2019-12-09T02:54:35.037+0000][1][safepoint    ] Total time for which application threads were stopped: 0.0000786 seconds, Stopping threads took: 0.0000161 seconds
[2019-12-09T02:54:38.037+0000][1][safepoint    ] Application time: 3.0002115 seconds
[2019-12-09T02:54:38.037+0000][1][safepoint    ] Entering safepoint region: Cleanup
[2019-12-09T02:54:38.037+0000][1][safepoint    ] Leaving safepoint region
[2019-12-09T02:54:38.037+0000][1][safepoint    ] Total time for which application threads were stopped: 0.0000780 seconds, Stopping threads took: 0.0000175 seconds
[2019-12-09T02:54:43.037+0000][1][safepoint    ] Application time: 5.0003470 seconds
[2019-12-09T02:54:43.037+0000][1][safepoint    ] Entering safepoint region: Cleanup
[2019-12-09T02:54:43.037+0000][1][safepoint    ] Leaving safepoint region
[2019-12-09T02:54:43.037+0000][1][safepoint    ] Total time for which application threads were stopped: 0.0000787 seconds, Stopping threads took: 0.0000179 seconds
[2019-12-09T02:54:46.038+0000][1][safepoint    ] Application time: 3.0002112 seconds
[2019-12-09T02:54:46.038+0000][1][safepoint    ] Entering safepoint region: Cleanup
[2019-12-09T02:54:46.038+0000][1][safepoint    ] Leaving safepoint region
[2019-12-09T02:54:46.038+0000][1][safepoint    ] Total time for which application threads were stopped: 0.0000835 seconds, Stopping threads took: 0.0000173 seconds
[2019-12-09T02:54:48.038+0000][1][safepoint    ] Application time: 2.0001538 seconds
[2019-12-09T02:54:48.038+0000][1][safepoint    ] Entering safepoint region: Cleanup
[2019-12-09T02:54:48.038+0000][1][safepoint    ] Leaving safepoint region
[2019-12-09T02:54:48.038+0000][1][safepoint    ] Total time for which application threads were stopped: 0.0000789 seconds, Stopping threads took: 0.0000182 seconds
[2019-12-09T02:54:49.038+0000][1][safepoint    ] Application time: 1.0000770 seconds
[2019-12-09T02:54:49.038+0000][1][safepoint    ] Entering safepoint region: Cleanup
[2019-12-09T02:54:49.038+0000][1][safepoint    ] Leaving safepoint region
[2019-12-09T02:54:49.038+0000][1][safepoint    ] Total time for which application threads were stopped: 0.0000831 seconds, Stopping threads took: 0.0000164 seconds
[2019-12-09T02:54:50.038+0000][1][safepoint    ] Application time: 1.0000783 seconds
[2019-12-09T02:54:50.038+0000][1][safepoint    ] Entering safepoint region: Cleanup
[2019-12-09T02:54:50.038+0000][1][safepoint    ] Leaving safepoint region
[2019-12-09T02:54:50.038+0000][1][safepoint    ] Total time for which application threads were stopped: 0.0000870 seconds, Stopping threads took: 0.0000254 seconds
[2019-12-09T02:54:52.039+0000][1][safepoint    ] Application time: 2.0001449 seconds
[2019-12-09T02:54:52.039+0000][1][safepoint    ] Entering safepoint region: Cleanup
[2019-12-09T02:54:52.039+0000][1][safepoint    ] Leaving safepoint region
[2019-12-09T02:54:52.039+0000][1][safepoint    ] Total time for which application threads were stopped: 0.0000820 seconds, Stopping threads took: 0.0000179 seconds
[2019-12-09T02:54:59.039+0000][1][safepoint    ] Application time: 7.0004971 seconds
[2019-12-09T02:54:59.039+0000][1][safepoint    ] Entering safepoint region: Cleanup
[2019-12-09T02:54:59.039+0000][1][safepoint    ] Leaving safepoint region
[2019-12-09T02:54:59.039+0000][1][safepoint    ] Total time for which application threads were stopped: 0.0000886 seconds, Stopping threads took: 0.0000252 seconds
[2019-12-09T02:55:00.039+0000][1][safepoint    ] Application time: 1.0000821 seconds
[2019-12-09T02:55:00.039+0000][1][safepoint    ] Entering safepoint region: Cleanup
[2019-12-09T02:55:00.039+0000][1][safepoint    ] Leaving safepoint region
[2019-12-09T02:55:00.039+0000][1][safepoint    ] Total time for which application threads were stopped: 0.0000817 seconds, Stopping threads took: 0.0000184 seconds
[2019-12-09T02:55:03.040+0000][1][safepoint    ] Application time: 3.0002202 seconds
[2019-12-09T02:55:03.040+0000][1][safepoint    ] Entering safepoint region: Cleanup
[2019-12-09T02:55:03.040+0000][1][safepoint    ] Leaving safepoint region
[2019-12-09T02:55:03.040+0000][1][safepoint    ] Total time for which application threads were stopped: 0.0000789 seconds, Stopping threads took: 0.0000170 seconds
[2019-12-09T02:55:05.040+0000][1][safepoint    ] Application time: 2.0001469 seconds
[2019-12-09T02:55:05.040+0000][1][safepoint    ] Entering safepoint region: Cleanup
[2019-12-09T02:55:05.040+0000][1][safepoint    ] Leaving safepoint region
[2019-12-09T02:55:05.040+0000][1][safepoint    ] Total time for which application threads were stopped: 0.0000807 seconds, Stopping threads took: 0.0000164 seconds
[2019-12-09T02:55:09.040+0000][1][safepoint    ] Application time: 4.0002769 seconds
[2019-12-09T02:55:09.040+0000][1][safepoint    ] Entering safepoint region: Cleanup
[2019-12-09T02:55:09.040+0000][1][safepoint    ] Leaving safepoint region
[2019-12-09T02:55:09.040+0000][1][safepoint    ] Total time for which application threads were stopped: 0.0000788 seconds, Stopping threads took: 0.0000165 seconds
[2019-12-09T02:55:10.041+0000][1][safepoint    ] Application time: 1.0000756 seconds
[2019-12-09T02:55:10.041+0000][1][safepoint    ] Entering safepoint region: Cleanup
[2019-12-09T02:55:10.041+0000][1][safepoint    ] Leaving safepoint region
[2019-12-09T02:55:10.041+0000][1][safepoint    ] Total time for which application threads were stopped: 0.0001002 seconds, Stopping threads took: 0.0000174 seconds
[2019-12-09T02:55:14.041+0000][1][safepoint    ] Application time: 4.0002746 seconds
[2019-12-09T02:55:14.041+0000][1][safepoint    ] Entering safepoint region: Cleanup
[2019-12-09T02:55:14.041+0000][1][safepoint    ] Leaving safepoint region
[2019-12-09T02:55:14.041+0000][1][safepoint    ] Total time for which application threads were stopped: 0.0000796 seconds, Stopping threads took: 0.0000167 seconds
[2019-12-09T02:55:19.041+0000][1][safepoint    ] Application time: 5.0003471 seconds
[2019-12-09T02:55:19.041+0000][1][safepoint    ] Entering safepoint region: Cleanup
[2019-12-09T02:55:19.042+0000][1][safepoint    ] Leaving safepoint region
[2019-12-09T02:55:19.042+0000][1][safepoint    ] Total time for which application threads were stopped: 0.0000741 seconds, Stopping threads took: 0.0000144 seconds
[2019-12-09T02:55:20.042+0000][1][safepoint    ] Application time: 1.0000783 seconds
[2019-12-09T02:55:20.042+0000][1][safepoint    ] Entering safepoint region: Cleanup
[2019-12-09T02:55:20.042+0000][1][safepoint    ] Leaving safepoint region
[2019-12-09T02:55:20.042+0000][1][safepoint    ] Total time for which application threads were stopped: 0.0000902 seconds, Stopping threads took: 0.0000257 seconds
[2019-12-09T02:55:24.839+0000][1][safepoint    ] Application time: 4.7969712 seconds
[2019-12-09T02:55:24.839+0000][1][safepoint    ] Entering safepoint region: GenCollectForAllocation
[2019-12-09T02:55:24.839+0000][1][gc,start     ] GC(25) Pause Young (Allocation Failure)
[2019-12-09T02:55:24.839+0000][1][gc,task      ] GC(25) Using 2 workers of 2 for evacuation
[2019-12-09T02:55:24.855+0000][1][gc,age       ] GC(25) Desired survivor size 4456448 bytes, new threshold 6 (max threshold 6)
[2019-12-09T02:55:24.855+0000][1][gc,age       ] GC(25) Age table with threshold 6 (max threshold 6)
[2019-12-09T02:55:24.855+0000][1][gc,age       ] GC(25) - age   1:      18600 bytes,      18600 total
[2019-12-09T02:55:24.855+0000][1][gc,age       ] GC(25) - age   2:    1850240 bytes,    1868840 total
[2019-12-09T02:55:24.855+0000][1][gc,heap      ] GC(25) ParNew: 76862K->5739K(78656K)
[2019-12-09T02:55:24.855+0000][1][gc,heap      ] GC(25) CMS: 63683K->67332K(174784K)
[2019-12-09T02:55:24.855+0000][1][gc,metaspace ] GC(25) Metaspace: 68644K->68644K(1112064K)
[2019-12-09T02:55:24.855+0000][1][gc           ] GC(25) Pause Young (Allocation Failure) 137M->71M(247M) 15.964ms
[2019-12-09T02:55:24.855+0000][1][gc,cpu       ] GC(25) User=0.04s Sys=0.00s Real=0.02s
[2019-12-09T02:55:24.855+0000][1][safepoint    ] Leaving safepoint region
[2019-12-09T02:55:24.855+0000][1][safepoint    ] Total time for which application threads were stopped: 0.0161139 seconds, Stopping threads took: 0.0000234 seconds
[2019-12-09T02:55:28.855+0000][1][safepoint    ] Application time: 4.0002828 seconds
[2019-12-09T02:55:28.855+0000][1][safepoint    ] Entering safepoint region: Cleanup
[2019-12-09T02:55:28.855+0000][1][safepoint    ] Leaving safepoint region
[2019-12-09T02:55:28.855+0000][1][safepoint    ] Total time for which application threads were stopped: 0.0000783 seconds, Stopping threads took: 0.0000170 seconds
[2019-12-09T02:55:29.855+0000][1][safepoint    ] Application time: 1.0000763 seconds
[2019-12-09T02:55:29.855+0000][1][safepoint    ] Entering safepoint region: Cleanup
[2019-12-09T02:55:29.855+0000][1][safepoint    ] Leaving safepoint region
[2019-12-09T02:55:29.856+0000][1][safepoint    ] Total time for which application threads were stopped: 0.0000820 seconds, Stopping threads took: 0.0000174 seconds
[2019-12-09T02:55:31.856+0000][1][safepoint    ] Application time: 2.0001424 seconds
[2019-12-09T02:55:31.856+0000][1][safepoint    ] Entering safepoint region: Cleanup
[2019-12-09T02:55:31.856+0000][1][safepoint    ] Leaving safepoint region
[2019-12-09T02:55:31.856+0000][1][safepoint    ] Total time for which application threads were stopped: 0.0000868 seconds, Stopping threads took: 0.0000177 seconds
[2019-12-09T02:55:32.856+0000][1][safepoint    ] Application time: 1.0000753 seconds
[2019-12-09T02:55:32.856+0000][1][safepoint    ] Entering safepoint region: Cleanup
[2019-12-09T02:55:32.856+0000][1][safepoint    ] Leaving safepoint region
[2019-12-09T02:55:32.856+0000][1][safepoint    ] Total time for which application threads were stopped: 0.0000844 seconds, Stopping threads took: 0.0000168 seconds
[2019-12-09T02:55:34.856+0000][1][safepoint    ] Application time: 2.0001538 seconds
[2019-12-09T02:55:34.856+0000][1][safepoint    ] Entering safepoint region: Cleanup
[2019-12-09T02:55:34.856+0000][1][safepoint    ] Leaving safepoint region
[2019-12-09T02:55:34.856+0000][1][safepoint    ] Total time for which application threads were stopped: 0.0000939 seconds, Stopping threads took: 0.0000221 seconds
[2019-12-09T02:55:35.856+0000][1][safepoint    ] Application time: 1.0000773 seconds
[2019-12-09T02:55:35.856+0000][1][safepoint    ] Entering safepoint region: Cleanup
[2019-12-09T02:55:35.856+0000][1][safepoint    ] Leaving safepoint region
[2019-12-09T02:55:35.856+0000][1][safepoint    ] Total time for which application threads were stopped: 0.0000807 seconds, Stopping threads took: 0.0000185 seconds
[2019-12-09T02:55:36.857+0000][1][safepoint    ] Application time: 1.0000766 seconds
[2019-12-09T02:55:36.857+0000][1][safepoint    ] Entering safepoint region: Cleanup
[2019-12-09T02:55:36.857+0000][1][safepoint    ] Leaving safepoint region
[2019-12-09T02:55:36.857+0000][1][safepoint    ] Total time for which application threads were stopped: 0.0000922 seconds, Stopping threads took: 0.0000167 seconds
[2019-12-09T02:55:40.857+0000][1][safepoint    ] Application time: 4.0002779 seconds
[2019-12-09T02:55:40.857+0000][1][safepoint    ] Entering safepoint region: Cleanup
[2019-12-09T02:55:40.857+0000][1][safepoint    ] Leaving safepoint region
[2019-12-09T02:55:40.857+0000][1][safepoint    ] Total time for which application threads were stopped: 0.0000815 seconds, Stopping threads took: 0.0000171 seconds
[2019-12-09T02:55:41.857+0000][1][safepoint    ] Application time: 1.0000843 seconds
[2019-12-09T02:55:41.857+0000][1][safepoint    ] Entering safepoint region: Cleanup
[2019-12-09T02:55:41.857+0000][1][safepoint    ] Leaving safepoint region
[2019-12-09T02:55:41.857+0000][1][safepoint    ] Total time for which application threads were stopped: 0.0001173 seconds, Stopping threads took: 0.0000222 seconds
[2019-12-09T02:55:42.857+0000][1][safepoint    ] Application time: 1.0000801 seconds
[2019-12-09T02:55:42.857+0000][1][safepoint    ] Entering safepoint region: Cleanup
[2019-12-09T02:55:42.858+0000][1][safepoint    ] Leaving safepoint region
[2019-12-09T02:55:42.858+0000][1][safepoint    ] Total time for which application threads were stopped: 0.0000860 seconds, Stopping threads took: 0.0000177 seconds
[2019-12-09T02:55:44.858+0000][1][safepoint    ] Application time: 2.0001455 seconds
[2019-12-09T02:55:44.858+0000][1][safepoint    ] Entering safepoint region: Cleanup
[2019-12-09T02:55:44.858+0000][1][safepoint    ] Leaving safepoint region
[2019-12-09T02:55:44.858+0000][1][safepoint    ] Total time for which application threads were stopped: 0.0000781 seconds, Stopping threads took: 0.0000155 seconds
[2019-12-09T02:55:45.858+0000][1][safepoint    ] Application time: 1.0000769 seconds
[2019-12-09T02:55:45.858+0000][1][safepoint    ] Entering safepoint region: Cleanup
[2019-12-09T02:55:45.858+0000][1][safepoint    ] Leaving safepoint region
[2019-12-09T02:55:45.858+0000][1][safepoint    ] Total time for which application threads were stopped: 0.0000857 seconds, Stopping threads took: 0.0000178 seconds
[2019-12-09T02:55:47.858+0000][1][safepoint    ] Application time: 2.0001485 seconds
[2019-12-09T02:55:47.858+0000][1][safepoint    ] Entering safepoint region: Cleanup
[2019-12-09T02:55:47.858+0000][1][safepoint    ] Leaving safepoint region
[2019-12-09T02:55:47.858+0000][1][safepoint    ] Total time for which application threads were stopped: 0.0000818 seconds, Stopping threads took: 0.0000178 seconds
[2019-12-09T02:55:50.859+0000][1][safepoint    ] Application time: 3.0002193 seconds
[2019-12-09T02:55:50.859+0000][1][safepoint    ] Entering safepoint region: Cleanup
[2019-12-09T02:55:50.859+0000][1][safepoint    ] Leaving safepoint region
[2019-12-09T02:55:50.859+0000][1][safepoint    ] Total time for which application threads were stopped: 0.0000768 seconds, Stopping threads took: 0.0000164 seconds
[2019-12-09T02:55:52.859+0000][1][safepoint    ] Application time: 2.0005759 seconds
[2019-12-09T02:55:52.859+0000][1][safepoint    ] Entering safepoint region: Cleanup
[2019-12-09T02:55:52.859+0000][1][safepoint    ] Leaving safepoint region
[2019-12-09T02:55:52.859+0000][1][safepoint    ] Total time for which application threads were stopped: 0.0001211 seconds, Stopping threads took: 0.0000321 seconds
[2019-12-09T02:55:59.860+0000][1][safepoint    ] Application time: 7.0004746 seconds
[2019-12-09T02:55:59.860+0000][1][safepoint    ] Entering safepoint region: Cleanup
[2019-12-09T02:55:59.860+0000][1][safepoint    ] Leaving safepoint region
[2019-12-09T02:55:59.860+0000][1][safepoint    ] Total time for which application threads were stopped: 0.0000808 seconds, Stopping threads took: 0.0000178 seconds
[2019-12-09T02:56:04.860+0000][1][safepoint    ] Application time: 5.0003543 seconds
[2019-12-09T02:56:04.860+0000][1][safepoint    ] Entering safepoint region: Cleanup
[2019-12-09T02:56:04.860+0000][1][safepoint    ] Leaving safepoint region
[2019-12-09T02:56:04.860+0000][1][safepoint    ] Total time for which application threads were stopped: 0.0001006 seconds, Stopping threads took: 0.0000241 seconds
[2019-12-09T02:56:06.861+0000][1][safepoint    ] Application time: 2.0001454 seconds
[2019-12-09T02:56:06.861+0000][1][safepoint    ] Entering safepoint region: Cleanup
[2019-12-09T02:56:06.861+0000][1][safepoint    ] Leaving safepoint region
[2019-12-09T02:56:06.861+0000][1][safepoint    ] Total time for which application threads were stopped: 0.0000894 seconds, Stopping threads took: 0.0000280 seconds
[2019-12-09T02:56:08.861+0000][1][safepoint    ] Application time: 2.0001479 seconds
[2019-12-09T02:56:08.861+0000][1][safepoint    ] Entering safepoint region: Cleanup
[2019-12-09T02:56:08.861+0000][1][safepoint    ] Leaving safepoint region
[2019-12-09T02:56:08.861+0000][1][safepoint    ] Total time for which application threads were stopped: 0.0000825 seconds, Stopping threads took: 0.0000182 seconds
[2019-12-09T02:56:10.861+0000][1][safepoint    ] Application time: 2.0001455 seconds
[2019-12-09T02:56:10.861+0000][1][safepoint    ] Entering safepoint region: Cleanup
[2019-12-09T02:56:10.861+0000][1][safepoint    ] Leaving safepoint region
[2019-12-09T02:56:10.861+0000][1][safepoint    ] Total time for which application threads were stopped: 0.0000816 seconds, Stopping threads took: 0.0000172 seconds
[2019-12-09T02:56:15.862+0000][1][safepoint    ] Application time: 5.0003514 seconds
[2019-12-09T02:56:15.862+0000][1][safepoint    ] Entering safepoint region: Cleanup
[2019-12-09T02:56:15.862+0000][1][safepoint    ] Leaving safepoint region
[2019-12-09T02:56:15.862+0000][1][safepoint    ] Total time for which application threads were stopped: 0.0000795 seconds, Stopping threads took: 0.0000167 seconds
[2019-12-09T02:56:26.863+0000][1][safepoint    ] Application time: 11.0007266 seconds
[2019-12-09T02:56:26.863+0000][1][safepoint    ] Entering safepoint region: Cleanup
[2019-12-09T02:56:26.863+0000][1][safepoint    ] Leaving safepoint region
[2019-12-09T02:56:26.863+0000][1][safepoint    ] Total time for which application threads were stopped: 0.0000802 seconds, Stopping threads took: 0.0000162 seconds
[2019-12-09T02:56:30.863+0000][1][safepoint    ] Application time: 4.0002841 seconds
[2019-12-09T02:56:30.863+0000][1][safepoint    ] Entering safepoint region: Cleanup
[2019-12-09T02:56:30.863+0000][1][safepoint    ] Leaving safepoint region
[2019-12-09T02:56:30.863+0000][1][safepoint    ] Total time for which application threads were stopped: 0.0000789 seconds, Stopping threads took: 0.0000173 seconds
[2019-12-09T02:56:35.864+0000][1][safepoint    ] Application time: 5.0007506 seconds
[2019-12-09T02:56:35.864+0000][1][safepoint    ] Entering safepoint region: Cleanup
[2019-12-09T02:56:35.864+0000][1][safepoint    ] Leaving safepoint region
[2019-12-09T02:56:35.864+0000][1][safepoint    ] Total time for which application threads were stopped: 0.0000872 seconds, Stopping threads took: 0.0000256 seconds
[2019-12-09T02:56:36.864+0000][1][safepoint    ] Application time: 1.0000782 seconds
[2019-12-09T02:56:36.864+0000][1][safepoint    ] Entering safepoint region: Cleanup
[2019-12-09T02:56:36.864+0000][1][safepoint    ] Leaving safepoint region
[2019-12-09T02:56:36.864+0000][1][safepoint    ] Total time for which application threads were stopped: 0.0000767 seconds, Stopping threads took: 0.0000164 seconds
[2019-12-09T02:56:38.864+0000][1][safepoint    ] Application time: 2.0001493 seconds
[2019-12-09T02:56:38.864+0000][1][safepoint    ] Entering safepoint region: Cleanup
[2019-12-09T02:56:38.864+0000][1][safepoint    ] Leaving safepoint region
[2019-12-09T02:56:38.864+0000][1][safepoint    ] Total time for which application threads were stopped: 0.0000774 seconds, Stopping threads took: 0.0000166 seconds
[2019-12-09T02:56:39.864+0000][1][safepoint    ] Application time: 1.0000826 seconds
[2019-12-09T02:56:39.865+0000][1][safepoint    ] Entering safepoint region: Cleanup
[2019-12-09T02:56:39.865+0000][1][safepoint    ] Leaving safepoint region
[2019-12-09T02:56:39.865+0000][1][safepoint    ] Total time for which application threads were stopped: 0.0000859 seconds, Stopping threads took: 0.0000176 seconds
[2019-12-09T02:56:40.865+0000][1][safepoint    ] Application time: 1.0000856 seconds
[2019-12-09T02:56:40.865+0000][1][safepoint    ] Entering safepoint region: Cleanup
[2019-12-09T02:56:40.865+0000][1][safepoint    ] Leaving safepoint region
[2019-12-09T02:56:40.865+0000][1][safepoint    ] Total time for which application threads were stopped: 0.0000764 seconds, Stopping threads took: 0.0000164 seconds
[2019-12-09T02:56:41.865+0000][1][safepoint    ] Application time: 1.0000807 seconds
[2019-12-09T02:56:41.865+0000][1][safepoint    ] Entering safepoint region: Cleanup
[2019-12-09T02:56:41.865+0000][1][safepoint    ] Leaving safepoint region
[2019-12-09T02:56:41.865+0000][1][safepoint    ] Total time for which application threads were stopped: 0.0000799 seconds, Stopping threads took: 0.0000170 seconds
[2019-12-09T02:56:43.865+0000][1][safepoint    ] Application time: 2.0001503 seconds
[2019-12-09T02:56:43.865+0000][1][safepoint    ] Entering safepoint region: Cleanup
[2019-12-09T02:56:43.865+0000][1][safepoint    ] Leaving safepoint region
[2019-12-09T02:56:43.865+0000][1][safepoint    ] Total time for which application threads were stopped: 0.0000833 seconds, Stopping threads took: 0.0000234 seconds
[2019-12-09T02:56:45.865+0000][1][safepoint    ] Application time: 2.0001521 seconds
[2019-12-09T02:56:45.865+0000][1][safepoint    ] Entering safepoint region: Cleanup
[2019-12-09T02:56:45.866+0000][1][safepoint    ] Leaving safepoint region
[2019-12-09T02:56:45.866+0000][1][safepoint    ] Total time for which application threads were stopped: 0.0000784 seconds, Stopping threads took: 0.0000183 seconds
[2019-12-09T02:56:49.866+0000][1][safepoint    ] Application time: 4.0002905 seconds
[2019-12-09T02:56:49.866+0000][1][safepoint    ] Entering safepoint region: Cleanup
[2019-12-09T02:56:49.866+0000][1][safepoint    ] Leaving safepoint region
[2019-12-09T02:56:49.866+0000][1][safepoint    ] Total time for which application threads were stopped: 0.0000868 seconds, Stopping threads took: 0.0000265 seconds
[2019-12-09T02:56:53.866+0000][1][safepoint    ] Application time: 4.0002893 seconds
[2019-12-09T02:56:53.866+0000][1][safepoint    ] Entering safepoint region: Cleanup
[2019-12-09T02:56:53.866+0000][1][safepoint    ] Leaving safepoint region
[2019-12-09T02:56:53.866+0000][1][safepoint    ] Total time for which application threads were stopped: 0.0000778 seconds, Stopping threads took: 0.0000170 seconds
[2019-12-09T02:56:57.867+0000][1][safepoint    ] Application time: 4.0002575 seconds
[2019-12-09T02:56:57.867+0000][1][safepoint    ] Entering safepoint region: Cleanup
[2019-12-09T02:56:57.867+0000][1][safepoint    ] Leaving safepoint region
[2019-12-09T02:56:57.867+0000][1][safepoint    ] Total time for which application threads were stopped: 0.0000936 seconds, Stopping threads took: 0.0000327 seconds
[2019-12-09T02:56:59.867+0000][1][safepoint    ] Application time: 2.0001432 seconds
[2019-12-09T02:56:59.867+0000][1][safepoint    ] Entering safepoint region: Cleanup
[2019-12-09T02:56:59.867+0000][1][safepoint    ] Leaving safepoint region
[2019-12-09T02:56:59.867+0000][1][safepoint    ] Total time for which application threads were stopped: 0.0000785 seconds, Stopping threads took: 0.0000164 seconds
[2019-12-09T02:57:00.867+0000][1][safepoint    ] Application time: 1.0000766 seconds
[2019-12-09T02:57:00.867+0000][1][safepoint    ] Entering safepoint region: Cleanup
[2019-12-09T02:57:00.867+0000][1][safepoint    ] Leaving safepoint region
[2019-12-09T02:57:00.867+0000][1][safepoint    ] Total time for which application threads were stopped: 0.0000796 seconds, Stopping threads took: 0.0000162 seconds
[2019-12-09T02:57:01.867+0000][1][safepoint    ] Application time: 1.0000768 seconds
[2019-12-09T02:57:01.867+0000][1][safepoint    ] Entering safepoint region: Cleanup
[2019-12-09T02:57:01.867+0000][1][safepoint    ] Leaving safepoint region
[2019-12-09T02:57:01.867+0000][1][safepoint    ] Total time for which application threads were stopped: 0.0000792 seconds, Stopping threads took: 0.0000174 seconds
[2019-12-09T02:57:04.868+0000][1][safepoint    ] Application time: 3.0002191 seconds
[2019-12-09T02:57:04.868+0000][1][safepoint    ] Entering safepoint region: Cleanup
[2019-12-09T02:57:04.868+0000][1][safepoint    ] Leaving safepoint region
[2019-12-09T02:57:04.868+0000][1][safepoint    ] Total time for which application threads were stopped: 0.0000818 seconds, Stopping threads took: 0.0000180 seconds
[2019-12-09T02:57:10.868+0000][1][safepoint    ] Application time: 6.0004252 seconds
[2019-12-09T02:57:10.868+0000][1][safepoint    ] Entering safepoint region: Cleanup
[2019-12-09T02:57:10.868+0000][1][safepoint    ] Leaving safepoint region
[2019-12-09T02:57:10.868+0000][1][safepoint    ] Total time for which application threads were stopped: 0.0000745 seconds, Stopping threads took: 0.0000159 seconds
[2019-12-09T02:57:13.869+0000][1][safepoint    ] Application time: 3.0002160 seconds
[2019-12-09T02:57:13.869+0000][1][safepoint    ] Entering safepoint region: Cleanup
[2019-12-09T02:57:13.869+0000][1][safepoint    ] Leaving safepoint region
[2019-12-09T02:57:13.869+0000][1][safepoint    ] Total time for which application threads were stopped: 0.0001196 seconds, Stopping threads took: 0.0000232 seconds
[2019-12-09T02:57:16.869+0000][1][safepoint    ] Application time: 3.0005711 seconds
[2019-12-09T02:57:16.869+0000][1][safepoint    ] Entering safepoint region: Cleanup
[2019-12-09T02:57:16.869+0000][1][safepoint    ] Leaving safepoint region
[2019-12-09T02:57:16.869+0000][1][safepoint    ] Total time for which application threads were stopped: 0.0000779 seconds, Stopping threads took: 0.0000172 seconds
[2019-12-09T02:57:18.870+0000][1][safepoint    ] Application time: 2.0001452 seconds
[2019-12-09T02:57:18.870+0000][1][safepoint    ] Entering safepoint region: Cleanup
[2019-12-09T02:57:18.870+0000][1][safepoint    ] Leaving safepoint region
[2019-12-09T02:57:18.870+0000][1][safepoint    ] Total time for which application threads were stopped: 0.0000795 seconds, Stopping threads took: 0.0000180 seconds
[2019-12-09T02:57:25.870+0000][1][safepoint    ] Application time: 7.0004872 seconds
[2019-12-09T02:57:25.870+0000][1][safepoint    ] Entering safepoint region: Cleanup
[2019-12-09T02:57:25.870+0000][1][safepoint    ] Leaving safepoint region
[2019-12-09T02:57:25.870+0000][1][safepoint    ] Total time for which application threads were stopped: 0.0000767 seconds, Stopping threads took: 0.0000161 seconds
[2019-12-09T02:57:30.043+0000][1][safepoint    ] Application time: 4.1730178 seconds
[2019-12-09T02:57:30.043+0000][1][safepoint    ] Entering safepoint region: GenCollectForAllocation
[2019-12-09T02:57:30.043+0000][1][gc,start     ] GC(26) Pause Young (Allocation Failure)
[2019-12-09T02:57:30.043+0000][1][gc,task      ] GC(26) Using 2 workers of 2 for evacuation
[2019-12-09T02:57:30.049+0000][1][gc,age       ] GC(26) Desired survivor size 4456448 bytes, new threshold 6 (max threshold 6)
[2019-12-09T02:57:30.049+0000][1][gc,age       ] GC(26) Age table with threshold 6 (max threshold 6)
[2019-12-09T02:57:30.049+0000][1][gc,age       ] GC(26) - age   1:      15032 bytes,      15032 total
[2019-12-09T02:57:30.049+0000][1][gc,age       ] GC(26) - age   2:      14808 bytes,      29840 total
[2019-12-09T02:57:30.049+0000][1][gc,age       ] GC(26) - age   3:    1753272 bytes,    1783112 total
[2019-12-09T02:57:30.049+0000][1][gc,heap      ] GC(26) ParNew: 75691K->2836K(78656K)
[2019-12-09T02:57:30.049+0000][1][gc,heap      ] GC(26) CMS: 67332K->67332K(174784K)
[2019-12-09T02:57:30.049+0000][1][gc,metaspace ] GC(26) Metaspace: 68911K->68911K(1112064K)
[2019-12-09T02:57:30.049+0000][1][gc           ] GC(26) Pause Young (Allocation Failure) 139M->68M(247M) 5.740ms
[2019-12-09T02:57:30.049+0000][1][gc,cpu       ] GC(26) User=0.01s Sys=0.00s Real=0.01s
[2019-12-09T02:57:30.049+0000][1][safepoint    ] Leaving safepoint region
[2019-12-09T02:57:30.049+0000][1][safepoint    ] Total time for which application threads were stopped: 0.0059073 seconds, Stopping threads took: 0.0000265 seconds
[2019-12-09T02:57:39.050+0000][1][safepoint    ] Application time: 9.0005888 seconds
[2019-12-09T02:57:39.050+0000][1][safepoint    ] Entering safepoint region: Cleanup
[2019-12-09T02:57:39.050+0000][1][safepoint    ] Leaving safepoint region
[2019-12-09T02:57:39.050+0000][1][safepoint    ] Total time for which application threads were stopped: 0.0000807 seconds, Stopping threads took: 0.0000177 seconds
[2019-12-09T02:57:40.050+0000][1][safepoint    ] Application time: 1.0000761 seconds
[2019-12-09T02:57:40.050+0000][1][safepoint    ] Entering safepoint region: Cleanup
[2019-12-09T02:57:40.050+0000][1][safepoint    ] Leaving safepoint region
[2019-12-09T02:57:40.050+0000][1][safepoint    ] Total time for which application threads were stopped: 0.0000861 seconds, Stopping threads took: 0.0000164 seconds
[2019-12-09T02:57:42.050+0000][1][safepoint    ] Application time: 2.0001415 seconds
[2019-12-09T02:57:42.050+0000][1][safepoint    ] Entering safepoint region: Cleanup
[2019-12-09T02:57:42.050+0000][1][safepoint    ] Leaving safepoint region
[2019-12-09T02:57:42.050+0000][1][safepoint    ] Total time for which application threads were stopped: 0.0000819 seconds, Stopping threads took: 0.0000186 seconds
[2019-12-09T02:57:43.051+0000][1][safepoint    ] Application time: 1.0000745 seconds
[2019-12-09T02:57:43.051+0000][1][safepoint    ] Entering safepoint region: Cleanup
[2019-12-09T02:57:43.051+0000][1][safepoint    ] Leaving safepoint region
[2019-12-09T02:57:43.051+0000][1][safepoint    ] Total time for which application threads were stopped: 0.0000800 seconds, Stopping threads took: 0.0000169 seconds
[2019-12-09T02:57:47.051+0000][1][safepoint    ] Application time: 4.0002781 seconds
[2019-12-09T02:57:47.051+0000][1][safepoint    ] Entering safepoint region: Cleanup
[2019-12-09T02:57:47.051+0000][1][safepoint    ] Leaving safepoint region
[2019-12-09T02:57:47.051+0000][1][safepoint    ] Total time for which application threads were stopped: 0.0000768 seconds, Stopping threads took: 0.0000157 seconds
[2019-12-09T02:57:49.051+0000][1][safepoint    ] Application time: 2.0001444 seconds
[2019-12-09T02:57:49.051+0000][1][safepoint    ] Entering safepoint region: Cleanup
[2019-12-09T02:57:49.051+0000][1][safepoint    ] Leaving safepoint region
[2019-12-09T02:57:49.051+0000][1][safepoint    ] Total time for which application threads were stopped: 0.0000851 seconds, Stopping threads took: 0.0000173 seconds
[2019-12-09T02:57:56.052+0000][1][safepoint    ] Application time: 7.0004750 seconds
[2019-12-09T02:57:56.052+0000][1][safepoint    ] Entering safepoint region: Cleanup
[2019-12-09T02:57:56.052+0000][1][safepoint    ] Leaving safepoint region
[2019-12-09T02:57:56.052+0000][1][safepoint    ] Total time for which application threads were stopped: 0.0000770 seconds, Stopping threads took: 0.0000153 seconds
[2019-12-09T02:58:00.052+0000][1][safepoint    ] Application time: 4.0002722 seconds
[2019-12-09T02:58:00.052+0000][1][safepoint    ] Entering safepoint region: Cleanup
[2019-12-09T02:58:00.052+0000][1][safepoint    ] Leaving safepoint region
[2019-12-09T02:58:00.052+0000][1][safepoint    ] Total time for which application threads were stopped: 0.0000924 seconds, Stopping threads took: 0.0000261 seconds
[2019-12-09T02:58:04.053+0000][1][safepoint    ] Application time: 4.0002772 seconds
[2019-12-09T02:58:04.053+0000][1][safepoint    ] Entering safepoint region: Cleanup
[2019-12-09T02:58:04.053+0000][1][safepoint    ] Leaving safepoint region
[2019-12-09T02:58:04.053+0000][1][safepoint    ] Total time for which application threads were stopped: 0.0000823 seconds, Stopping threads took: 0.0000150 seconds
[2019-12-09T02:58:05.053+0000][1][safepoint    ] Application time: 1.0000762 seconds
[2019-12-09T02:58:05.053+0000][1][safepoint    ] Entering safepoint region: Cleanup
[2019-12-09T02:58:05.053+0000][1][safepoint    ] Leaving safepoint region
[2019-12-09T02:58:05.053+0000][1][safepoint    ] Total time for which application threads were stopped: 0.0000753 seconds, Stopping threads took: 0.0000167 seconds
[2019-12-09T02:58:11.053+0000][1][safepoint    ] Application time: 6.0004104 seconds
[2019-12-09T02:58:11.053+0000][1][safepoint    ] Entering safepoint region: Cleanup
[2019-12-09T02:58:11.053+0000][1][safepoint    ] Leaving safepoint region
[2019-12-09T02:58:11.053+0000][1][safepoint    ] Total time for which application threads were stopped: 0.0000754 seconds, Stopping threads took: 0.0000157 seconds
[2019-12-09T02:58:29.055+0000][1][safepoint    ] Application time: 18.0012046 seconds
[2019-12-09T02:58:29.055+0000][1][safepoint    ] Entering safepoint region: Cleanup
[2019-12-09T02:58:29.055+0000][1][safepoint    ] Leaving safepoint region
[2019-12-09T02:58:29.055+0000][1][safepoint    ] Total time for which application threads were stopped: 0.0000955 seconds, Stopping threads took: 0.0000277 seconds
[2019-12-09T02:58:33.055+0000][1][safepoint    ] Application time: 4.0002764 seconds
[2019-12-09T02:58:33.055+0000][1][safepoint    ] Entering safepoint region: Cleanup
[2019-12-09T02:58:33.055+0000][1][safepoint    ] Leaving safepoint region
[2019-12-09T02:58:33.055+0000][1][safepoint    ] Total time for which application threads were stopped: 0.0000787 seconds, Stopping threads took: 0.0000203 seconds
[2019-12-09T02:58:34.055+0000][1][safepoint    ] Application time: 1.0000785 seconds
[2019-12-09T02:58:34.055+0000][1][safepoint    ] Entering safepoint region: Cleanup
[2019-12-09T02:58:34.055+0000][1][safepoint    ] Leaving safepoint region
[2019-12-09T02:58:34.055+0000][1][safepoint    ] Total time for which application threads were stopped: 0.0000860 seconds, Stopping threads took: 0.0000171 seconds
[2019-12-09T02:58:38.056+0000][1][safepoint    ] Application time: 4.0002876 seconds
[2019-12-09T02:58:38.056+0000][1][safepoint    ] Entering safepoint region: Cleanup
[2019-12-09T02:58:38.056+0000][1][safepoint    ] Leaving safepoint region
[2019-12-09T02:58:38.056+0000][1][safepoint    ] Total time for which application threads were stopped: 0.0000796 seconds, Stopping threads took: 0.0000179 seconds
[2019-12-09T02:58:41.056+0000][1][safepoint    ] Application time: 3.0002127 seconds
[2019-12-09T02:58:41.056+0000][1][safepoint    ] Entering safepoint region: Cleanup
[2019-12-09T02:58:41.056+0000][1][safepoint    ] Leaving safepoint region
[2019-12-09T02:58:41.056+0000][1][safepoint    ] Total time for which application threads were stopped: 0.0000738 seconds, Stopping threads took: 0.0000149 seconds
[2019-12-09T02:58:46.056+0000][1][safepoint    ] Application time: 5.0003596 seconds
[2019-12-09T02:58:46.057+0000][1][safepoint    ] Entering safepoint region: Cleanup
[2019-12-09T02:58:46.057+0000][1][safepoint    ] Leaving safepoint region
[2019-12-09T02:58:46.057+0000][1][safepoint    ] Total time for which application threads were stopped: 0.0000757 seconds, Stopping threads took: 0.0000150 seconds
[2019-12-09T02:58:49.057+0000][1][safepoint    ] Application time: 3.0002157 seconds
[2019-12-09T02:58:49.057+0000][1][safepoint    ] Entering safepoint region: Cleanup
[2019-12-09T02:58:49.057+0000][1][safepoint    ] Leaving safepoint region
[2019-12-09T02:58:49.057+0000][1][safepoint    ] Total time for which application threads were stopped: 0.0000744 seconds, Stopping threads took: 0.0000153 seconds
[2019-12-09T02:58:50.057+0000][1][safepoint    ] Application time: 1.0000767 seconds
[2019-12-09T02:58:50.057+0000][1][safepoint    ] Entering safepoint region: Cleanup
[2019-12-09T02:58:50.057+0000][1][safepoint    ] Leaving safepoint region
[2019-12-09T02:58:50.057+0000][1][safepoint    ] Total time for which application threads were stopped: 0.0000751 seconds, Stopping threads took: 0.0000158 seconds
[2019-12-09T02:58:53.057+0000][1][safepoint    ] Application time: 3.0002108 seconds
[2019-12-09T02:58:53.057+0000][1][safepoint    ] Entering safepoint region: Cleanup
[2019-12-09T02:58:53.057+0000][1][safepoint    ] Leaving safepoint region
[2019-12-09T02:58:53.057+0000][1][safepoint    ] Total time for which application threads were stopped: 0.0000761 seconds, Stopping threads took: 0.0000156 seconds
[2019-12-09T02:58:58.058+0000][1][safepoint    ] Application time: 5.0003590 seconds
[2019-12-09T02:58:58.058+0000][1][safepoint    ] Entering safepoint region: Cleanup
[2019-12-09T02:58:58.058+0000][1][safepoint    ] Leaving safepoint region
[2019-12-09T02:58:58.058+0000][1][safepoint    ] Total time for which application threads were stopped: 0.0000796 seconds, Stopping threads took: 0.0000162 seconds
[2019-12-09T02:58:59.058+0000][1][safepoint    ] Application time: 1.0000771 seconds
[2019-12-09T02:58:59.058+0000][1][safepoint    ] Entering safepoint region: Cleanup
[2019-12-09T02:58:59.058+0000][1][safepoint    ] Leaving safepoint region
[2019-12-09T02:58:59.058+0000][1][safepoint    ] Total time for which application threads were stopped: 0.0000830 seconds, Stopping threads took: 0.0000161 seconds
[2019-12-09T02:59:09.059+0000][1][safepoint    ] Application time: 10.0007062 seconds
[2019-12-09T02:59:09.059+0000][1][safepoint    ] Entering safepoint region: Cleanup
[2019-12-09T02:59:09.059+0000][1][safepoint    ] Leaving safepoint region
[2019-12-09T02:59:09.059+0000][1][safepoint    ] Total time for which application threads were stopped: 0.0000872 seconds, Stopping threads took: 0.0000256 seconds
[2019-12-09T02:59:10.059+0000][1][safepoint    ] Application time: 1.0000767 seconds
[2019-12-09T02:59:10.059+0000][1][safepoint    ] Entering safepoint region: Cleanup
[2019-12-09T02:59:10.059+0000][1][safepoint    ] Leaving safepoint region
[2019-12-09T02:59:10.059+0000][1][safepoint    ] Total time for which application threads were stopped: 0.0000772 seconds, Stopping threads took: 0.0000172 seconds
[2019-12-09T02:59:18.060+0000][1][safepoint    ] Application time: 8.0005482 seconds
[2019-12-09T02:59:18.060+0000][1][safepoint    ] Entering safepoint region: Cleanup
[2019-12-09T02:59:18.060+0000][1][safepoint    ] Leaving safepoint region
[2019-12-09T02:59:18.060+0000][1][safepoint    ] Total time for which application threads were stopped: 0.0000788 seconds, Stopping threads took: 0.0000158 seconds
[2019-12-09T02:59:25.061+0000][1][safepoint    ] Application time: 7.0010580 seconds
[2019-12-09T02:59:25.061+0000][1][safepoint    ] Entering safepoint region: Cleanup
[2019-12-09T02:59:25.061+0000][1][safepoint    ] Leaving safepoint region
[2019-12-09T02:59:25.061+0000][1][safepoint    ] Total time for which application threads were stopped: 0.0000786 seconds, Stopping threads took: 0.0000164 seconds
[2019-12-09T02:59:29.061+0000][1][safepoint    ] Application time: 4.0004493 seconds
[2019-12-09T02:59:29.061+0000][1][safepoint    ] Entering safepoint region: Cleanup
[2019-12-09T02:59:29.062+0000][1][safepoint    ] Leaving safepoint region
[2019-12-09T02:59:29.062+0000][1][safepoint    ] Total time for which application threads were stopped: 0.0000785 seconds, Stopping threads took: 0.0000170 seconds
[2019-12-09T02:59:31.062+0000][1][safepoint    ] Application time: 2.0001465 seconds
[2019-12-09T02:59:31.062+0000][1][safepoint    ] Entering safepoint region: Cleanup
[2019-12-09T02:59:31.062+0000][1][safepoint    ] Leaving safepoint region
[2019-12-09T02:59:31.062+0000][1][safepoint    ] Total time for which application threads were stopped: 0.0000759 seconds, Stopping threads took: 0.0000160 seconds
[2019-12-09T02:59:32.062+0000][1][safepoint    ] Application time: 1.0000770 seconds
[2019-12-09T02:59:32.062+0000][1][safepoint    ] Entering safepoint region: Cleanup
[2019-12-09T02:59:32.062+0000][1][safepoint    ] Leaving safepoint region
[2019-12-09T02:59:32.062+0000][1][safepoint    ] Total time for which application threads were stopped: 0.0000773 seconds, Stopping threads took: 0.0000170 seconds
[2019-12-09T02:59:36.062+0000][1][safepoint    ] Application time: 4.0002840 seconds
[2019-12-09T02:59:36.062+0000][1][safepoint    ] Entering safepoint region: Cleanup
[2019-12-09T02:59:36.062+0000][1][safepoint    ] Leaving safepoint region
[2019-12-09T02:59:36.062+0000][1][safepoint    ] Total time for which application threads were stopped: 0.0000784 seconds, Stopping threads took: 0.0000174 seconds
[2019-12-09T02:59:36.434+0000][1][safepoint    ] Application time: 0.3717851 seconds
[2019-12-09T02:59:36.434+0000][1][safepoint    ] Entering safepoint region: GenCollectForAllocation
[2019-12-09T02:59:36.434+0000][1][gc,start     ] GC(27) Pause Young (Allocation Failure)
[2019-12-09T02:59:36.434+0000][1][gc,task      ] GC(27) Using 2 workers of 2 for evacuation
[2019-12-09T02:59:36.441+0000][1][gc,age       ] GC(27) Desired survivor size 4456448 bytes, new threshold 6 (max threshold 6)
[2019-12-09T02:59:36.441+0000][1][gc,age       ] GC(27) Age table with threshold 6 (max threshold 6)
[2019-12-09T02:59:36.441+0000][1][gc,age       ] GC(27) - age   1:       8920 bytes,       8920 total
[2019-12-09T02:59:36.441+0000][1][gc,age       ] GC(27) - age   2:      11128 bytes,      20048 total
[2019-12-09T02:59:36.441+0000][1][gc,age       ] GC(27) - age   3:      14776 bytes,      34824 total
[2019-12-09T02:59:36.441+0000][1][gc,age       ] GC(27) - age   4:    1753176 bytes,    1788000 total
[2019-12-09T02:59:36.441+0000][1][gc,heap      ] GC(27) ParNew: 72788K->1778K(78656K)
[2019-12-09T02:59:36.441+0000][1][gc,heap      ] GC(27) CMS: 67332K->67332K(174784K)
[2019-12-09T02:59:36.441+0000][1][gc,metaspace ] GC(27) Metaspace: 69002K->69002K(1112064K)
[2019-12-09T02:59:36.441+0000][1][gc           ] GC(27) Pause Young (Allocation Failure) 136M->67M(247M) 6.380ms
[2019-12-09T02:59:36.441+0000][1][gc,cpu       ] GC(27) User=0.01s Sys=0.00s Real=0.01s
[2019-12-09T02:59:36.441+0000][1][safepoint    ] Leaving safepoint region
[2019-12-09T02:59:36.441+0000][1][safepoint    ] Total time for which application threads were stopped: 0.0065643 seconds, Stopping threads took: 0.0000228 seconds
[2019-12-09T02:59:38.441+0000][1][safepoint    ] Application time: 2.0001485 seconds
[2019-12-09T02:59:38.441+0000][1][safepoint    ] Entering safepoint region: Cleanup
[2019-12-09T02:59:38.441+0000][1][safepoint    ] Leaving safepoint region
[2019-12-09T02:59:38.441+0000][1][safepoint    ] Total time for which application threads were stopped: 0.0000858 seconds, Stopping threads took: 0.0000228 seconds
[2019-12-09T02:59:49.442+0000][1][safepoint    ] Application time: 11.0007437 seconds
[2019-12-09T02:59:49.442+0000][1][safepoint    ] Entering safepoint region: Cleanup
[2019-12-09T02:59:49.442+0000][1][safepoint    ] Leaving safepoint region
[2019-12-09T02:59:49.442+0000][1][safepoint    ] Total time for which application threads were stopped: 0.0000839 seconds, Stopping threads took: 0.0000164 seconds
[2019-12-09T02:59:50.442+0000][1][safepoint    ] Application time: 1.0000752 seconds
[2019-12-09T02:59:50.442+0000][1][safepoint    ] Entering safepoint region: Cleanup
[2019-12-09T02:59:50.442+0000][1][safepoint    ] Leaving safepoint region
[2019-12-09T02:59:50.442+0000][1][safepoint    ] Total time for which application threads were stopped: 0.0000732 seconds, Stopping threads took: 0.0000156 seconds
[2019-12-09T02:59:54.442+0000][1][safepoint    ] Application time: 4.0002721 seconds
[2019-12-09T02:59:54.442+0000][1][safepoint    ] Entering safepoint region: Cleanup
[2019-12-09T02:59:54.443+0000][1][safepoint    ] Leaving safepoint region
[2019-12-09T02:59:54.443+0000][1][safepoint    ] Total time for which application threads were stopped: 0.0000778 seconds, Stopping threads took: 0.0000165 seconds
[2019-12-09T03:00:05.443+0000][1][safepoint    ] Application time: 11.0006968 seconds
[2019-12-09T03:00:05.443+0000][1][safepoint    ] Entering safepoint region: Cleanup
[2019-12-09T03:00:05.443+0000][1][safepoint    ] Leaving safepoint region
[2019-12-09T03:00:05.443+0000][1][safepoint    ] Total time for which application threads were stopped: 0.0000779 seconds, Stopping threads took: 0.0000176 seconds
[2019-12-09T03:00:21.444+0000][1][safepoint    ] Application time: 16.0010915 seconds
[2019-12-09T03:00:21.445+0000][1][safepoint    ] Entering safepoint region: Cleanup
[2019-12-09T03:00:21.445+0000][1][safepoint    ] Leaving safepoint region
[2019-12-09T03:00:21.445+0000][1][safepoint    ] Total time for which application threads were stopped: 0.0000844 seconds, Stopping threads took: 0.0000244 seconds
[2019-12-09T03:00:32.445+0000][1][safepoint    ] Application time: 11.0007454 seconds
[2019-12-09T03:00:32.445+0000][1][safepoint    ] Entering safepoint region: Cleanup
[2019-12-09T03:00:32.445+0000][1][safepoint    ] Leaving safepoint region
[2019-12-09T03:00:32.445+0000][1][safepoint    ] Total time for which application threads were stopped: 0.0000729 seconds, Stopping threads took: 0.0000158 seconds
[2019-12-09T03:00:39.446+0000][1][safepoint    ] Application time: 7.0004678 seconds
[2019-12-09T03:00:39.446+0000][1][safepoint    ] Entering safepoint region: Cleanup
[2019-12-09T03:00:39.446+0000][1][safepoint    ] Leaving safepoint region
[2019-12-09T03:00:39.446+0000][1][safepoint    ] Total time for which application threads were stopped: 0.0000798 seconds, Stopping threads took: 0.0000165 seconds
[2019-12-09T03:00:42.446+0000][1][safepoint    ] Application time: 3.0002082 seconds
[2019-12-09T03:00:42.446+0000][1][safepoint    ] Entering safepoint region: Cleanup
[2019-12-09T03:00:42.446+0000][1][safepoint    ] Leaving safepoint region
[2019-12-09T03:00:42.446+0000][1][safepoint    ] Total time for which application threads were stopped: 0.0000788 seconds, Stopping threads took: 0.0000167 seconds
[2019-12-09T03:00:44.447+0000][1][safepoint    ] Application time: 2.0001469 seconds
[2019-12-09T03:00:44.447+0000][1][safepoint    ] Entering safepoint region: Cleanup
[2019-12-09T03:00:44.447+0000][1][safepoint    ] Leaving safepoint region
[2019-12-09T03:00:44.447+0000][1][safepoint    ] Total time for which application threads were stopped: 0.0000935 seconds, Stopping threads took: 0.0000266 seconds
[2019-12-09T03:00:50.447+0000][1][safepoint    ] Application time: 6.0003696 seconds
[2019-12-09T03:00:50.447+0000][1][safepoint    ] Entering safepoint region: Cleanup
[2019-12-09T03:00:50.447+0000][1][safepoint    ] Leaving safepoint region
[2019-12-09T03:00:50.447+0000][1][safepoint    ] Total time for which application threads were stopped: 0.0000870 seconds, Stopping threads took: 0.0000243 seconds
[2019-12-09T03:00:51.447+0000][1][safepoint    ] Application time: 1.0000764 seconds
[2019-12-09T03:00:51.447+0000][1][safepoint    ] Entering safepoint region: Cleanup
[2019-12-09T03:00:51.447+0000][1][safepoint    ] Leaving safepoint region
[2019-12-09T03:00:51.447+0000][1][safepoint    ] Total time for which application threads were stopped: 0.0000776 seconds, Stopping threads took: 0.0000167 seconds
[2019-12-09T03:00:52.447+0000][1][safepoint    ] Application time: 1.0000775 seconds
[2019-12-09T03:00:52.447+0000][1][safepoint    ] Entering safepoint region: Cleanup
[2019-12-09T03:00:52.448+0000][1][safepoint    ] Leaving safepoint region
[2019-12-09T03:00:52.448+0000][1][safepoint    ] Total time for which application threads were stopped: 0.0000809 seconds, Stopping threads took: 0.0000166 seconds
[2019-12-09T03:00:59.448+0000][1][safepoint    ] Application time: 7.0004304 seconds
[2019-12-09T03:00:59.448+0000][1][safepoint    ] Entering safepoint region: Cleanup
[2019-12-09T03:00:59.448+0000][1][safepoint    ] Leaving safepoint region
[2019-12-09T03:00:59.448+0000][1][safepoint    ] Total time for which application threads were stopped: 0.0000790 seconds, Stopping threads took: 0.0000158 seconds
[2019-12-09T03:01:15.449+0000][1][safepoint    ] Application time: 16.0011062 seconds
[2019-12-09T03:01:15.449+0000][1][safepoint    ] Entering safepoint region: Cleanup
[2019-12-09T03:01:15.449+0000][1][safepoint    ] Leaving safepoint region
[2019-12-09T03:01:15.449+0000][1][safepoint    ] Total time for which application threads were stopped: 0.0000786 seconds, Stopping threads took: 0.0000161 seconds
[2019-12-09T03:01:24.450+0000][1][safepoint    ] Application time: 9.0006337 seconds
[2019-12-09T03:01:24.450+0000][1][safepoint    ] Entering safepoint region: Cleanup
[2019-12-09T03:01:24.450+0000][1][safepoint    ] Leaving safepoint region
[2019-12-09T03:01:24.450+0000][1][safepoint    ] Total time for which application threads were stopped: 0.0000863 seconds, Stopping threads took: 0.0000243 seconds
[2019-12-09T03:01:29.450+0000][1][safepoint    ] Application time: 5.0003405 seconds
[2019-12-09T03:01:29.451+0000][1][safepoint    ] Entering safepoint region: Cleanup
[2019-12-09T03:01:29.451+0000][1][safepoint    ] Leaving safepoint region
[2019-12-09T03:01:29.451+0000][1][safepoint    ] Total time for which application threads were stopped: 0.0000808 seconds, Stopping threads took: 0.0000183 seconds
[2019-12-09T03:01:40.451+0000][1][safepoint    ] Application time: 11.0007177 seconds
[2019-12-09T03:01:40.451+0000][1][safepoint    ] Entering safepoint region: Cleanup
[2019-12-09T03:01:40.451+0000][1][safepoint    ] Leaving safepoint region
[2019-12-09T03:01:40.451+0000][1][safepoint    ] Total time for which application threads were stopped: 0.0000781 seconds, Stopping threads took: 0.0000169 seconds
[2019-12-09T03:01:45.153+0000][1][safepoint    ] Application time: 4.7012864 seconds
[2019-12-09T03:01:45.153+0000][1][safepoint    ] Entering safepoint region: GenCollectForAllocation
[2019-12-09T03:01:45.153+0000][1][gc,start     ] GC(28) Pause Young (Allocation Failure)
[2019-12-09T03:01:45.153+0000][1][gc,task      ] GC(28) Using 2 workers of 2 for evacuation
[2019-12-09T03:01:45.158+0000][1][gc,age       ] GC(28) Desired survivor size 4456448 bytes, new threshold 6 (max threshold 6)
[2019-12-09T03:01:45.158+0000][1][gc,age       ] GC(28) Age table with threshold 6 (max threshold 6)
[2019-12-09T03:01:45.158+0000][1][gc,age       ] GC(28) - age   1:      11128 bytes,      11128 total
[2019-12-09T03:01:45.158+0000][1][gc,age       ] GC(28) - age   2:       5072 bytes,      16200 total
[2019-12-09T03:01:45.158+0000][1][gc,age       ] GC(28) - age   3:      10912 bytes,      27112 total
[2019-12-09T03:01:45.158+0000][1][gc,age       ] GC(28) - age   4:      14680 bytes,      41792 total
[2019-12-09T03:01:45.158+0000][1][gc,age       ] GC(28) - age   5:    1753136 bytes,    1794928 total
[2019-12-09T03:01:45.158+0000][1][gc,heap      ] GC(28) ParNew: 71730K->2631K(78656K)
[2019-12-09T03:01:45.158+0000][1][gc,heap      ] GC(28) CMS: 67332K->67332K(174784K)
[2019-12-09T03:01:45.158+0000][1][gc,metaspace ] GC(28) Metaspace: 69050K->69050K(1112064K)
[2019-12-09T03:01:45.158+0000][1][gc           ] GC(28) Pause Young (Allocation Failure) 135M->68M(247M) 5.650ms
[2019-12-09T03:01:45.159+0000][1][gc,cpu       ] GC(28) User=0.01s Sys=0.00s Real=0.01s
[2019-12-09T03:01:45.159+0000][1][safepoint    ] Leaving safepoint region
[2019-12-09T03:01:45.159+0000][1][safepoint    ] Total time for which application threads were stopped: 0.0057888 seconds, Stopping threads took: 0.0000146 seconds
[2019-12-09T03:01:51.159+0000][1][safepoint    ] Application time: 6.0004226 seconds
[2019-12-09T03:01:51.159+0000][1][safepoint    ] Entering safepoint region: Cleanup
[2019-12-09T03:01:51.159+0000][1][safepoint    ] Leaving safepoint region
[2019-12-09T03:01:51.159+0000][1][safepoint    ] Total time for which application threads were stopped: 0.0000836 seconds, Stopping threads took: 0.0000231 seconds
[2019-12-09T03:01:55.159+0000][1][safepoint    ] Application time: 4.0002678 seconds
[2019-12-09T03:01:55.159+0000][1][safepoint    ] Entering safepoint region: Cleanup
[2019-12-09T03:01:55.159+0000][1][safepoint    ] Leaving safepoint region
[2019-12-09T03:01:55.159+0000][1][safepoint    ] Total time for which application threads were stopped: 0.0000856 seconds, Stopping threads took: 0.0000173 seconds
[2019-12-09T03:01:59.160+0000][1][safepoint    ] Application time: 4.0002896 seconds
[2019-12-09T03:01:59.160+0000][1][safepoint    ] Entering safepoint region: Cleanup
[2019-12-09T03:01:59.160+0000][1][safepoint    ] Leaving safepoint region
[2019-12-09T03:01:59.160+0000][1][safepoint    ] Total time for which application threads were stopped: 0.0000818 seconds, Stopping threads took: 0.0000172 seconds
[2019-12-09T03:02:11.161+0000][1][safepoint    ] Application time: 12.0008269 seconds
[2019-12-09T03:02:11.161+0000][1][safepoint    ] Entering safepoint region: Cleanup
[2019-12-09T03:02:11.161+0000][1][safepoint    ] Leaving safepoint region
[2019-12-09T03:02:11.161+0000][1][safepoint    ] Total time for which application threads were stopped: 0.0000793 seconds, Stopping threads took: 0.0000167 seconds
[2019-12-09T03:02:20.161+0000][1][safepoint    ] Application time: 9.0006211 seconds
[2019-12-09T03:02:20.162+0000][1][safepoint    ] Entering safepoint region: Cleanup
[2019-12-09T03:02:20.162+0000][1][safepoint    ] Leaving safepoint region
[2019-12-09T03:02:20.162+0000][1][safepoint    ] Total time for which application threads were stopped: 0.0000853 seconds, Stopping threads took: 0.0000242 seconds
[2019-12-09T03:02:28.162+0000][1][safepoint    ] Application time: 8.0008846 seconds
[2019-12-09T03:02:28.163+0000][1][safepoint    ] Entering safepoint region: Cleanup
[2019-12-09T03:02:28.163+0000][1][safepoint    ] Leaving safepoint region
[2019-12-09T03:02:28.163+0000][1][safepoint    ] Total time for which application threads were stopped: 0.0000781 seconds, Stopping threads took: 0.0000168 seconds
[2019-12-09T03:02:30.163+0000][1][safepoint    ] Application time: 2.0001447 seconds
[2019-12-09T03:02:30.163+0000][1][safepoint    ] Entering safepoint region: Cleanup
[2019-12-09T03:02:30.163+0000][1][safepoint    ] Leaving safepoint region
[2019-12-09T03:02:30.163+0000][1][safepoint    ] Total time for which application threads were stopped: 0.0000789 seconds, Stopping threads took: 0.0000177 seconds
[2019-12-09T03:02:45.164+0000][1][safepoint    ] Application time: 15.0010238 seconds
[2019-12-09T03:02:45.164+0000][1][safepoint    ] Entering safepoint region: Cleanup
[2019-12-09T03:02:45.164+0000][1][safepoint    ] Leaving safepoint region
[2019-12-09T03:02:45.164+0000][1][safepoint    ] Total time for which application threads were stopped: 0.0000797 seconds, Stopping threads took: 0.0000168 seconds
[2019-12-09T03:02:56.165+0000][1][safepoint    ] Application time: 11.0007290 seconds
[2019-12-09T03:02:56.165+0000][1][safepoint    ] Entering safepoint region: Cleanup
[2019-12-09T03:02:56.165+0000][1][safepoint    ] Leaving safepoint region
[2019-12-09T03:02:56.165+0000][1][safepoint    ] Total time for which application threads were stopped: 0.0000879 seconds, Stopping threads took: 0.0000261 seconds
[2019-12-09T03:02:58.165+0000][1][safepoint    ] Application time: 2.0001463 seconds
[2019-12-09T03:02:58.165+0000][1][safepoint    ] Entering safepoint region: Cleanup
[2019-12-09T03:02:58.165+0000][1][safepoint    ] Leaving safepoint region
[2019-12-09T03:02:58.165+0000][1][safepoint    ] Total time for which application threads were stopped: 0.0000866 seconds, Stopping threads took: 0.0000182 seconds
[2019-12-09T03:03:06.166+0000][1][safepoint    ] Application time: 8.0006131 seconds
[2019-12-09T03:03:06.166+0000][1][safepoint    ] Entering safepoint region: Cleanup
[2019-12-09T03:03:06.166+0000][1][safepoint    ] Leaving safepoint region
[2019-12-09T03:03:06.166+0000][1][safepoint    ] Total time for which application threads were stopped: 0.0000779 seconds, Stopping threads took: 0.0000171 seconds
[2019-12-09T03:03:11.166+0000][1][safepoint    ] Application time: 5.0003546 seconds
[2019-12-09T03:03:11.166+0000][1][safepoint    ] Entering safepoint region: Cleanup
[2019-12-09T03:03:11.166+0000][1][safepoint    ] Leaving safepoint region
[2019-12-09T03:03:11.166+0000][1][safepoint    ] Total time for which application threads were stopped: 0.0000779 seconds, Stopping threads took: 0.0000165 seconds
[2019-12-09T03:03:18.167+0000][1][safepoint    ] Application time: 7.0004938 seconds
[2019-12-09T03:03:18.167+0000][1][safepoint    ] Entering safepoint region: Cleanup
[2019-12-09T03:03:18.167+0000][1][safepoint    ] Leaving safepoint region
[2019-12-09T03:03:18.167+0000][1][safepoint    ] Total time for which application threads were stopped: 0.0002086 seconds, Stopping threads took: 0.0000222 seconds
[2019-12-09T03:03:21.171+0000][1][safepoint    ] Application time: 3.0035833 seconds
[2019-12-09T03:03:21.171+0000][1][safepoint    ] Entering safepoint region: Cleanup
[2019-12-09T03:03:21.171+0000][1][safepoint    ] Leaving safepoint region
[2019-12-09T03:03:21.171+0000][1][safepoint    ] Total time for which application threads were stopped: 0.0001051 seconds, Stopping threads took: 0.0000265 seconds
[2019-12-09T03:03:27.185+0000][1][safepoint    ] Application time: 6.0141067 seconds
[2019-12-09T03:03:27.185+0000][1][safepoint    ] Entering safepoint region: Cleanup
[2019-12-09T03:03:27.185+0000][1][safepoint    ] Leaving safepoint region
[2019-12-09T03:03:27.185+0000][1][safepoint    ] Total time for which application threads were stopped: 0.0000925 seconds, Stopping threads took: 0.0000256 seconds
[2019-12-09T03:03:29.185+0000][1][safepoint    ] Application time: 2.0001494 seconds
[2019-12-09T03:03:29.185+0000][1][safepoint    ] Entering safepoint region: Cleanup
[2019-12-09T03:03:29.185+0000][1][safepoint    ] Leaving safepoint region
[2019-12-09T03:03:29.185+0000][1][safepoint    ] Total time for which application threads were stopped: 0.0000821 seconds, Stopping threads took: 0.0000174 seconds
[2019-12-09T03:03:33.186+0000][1][safepoint    ] Application time: 4.0002734 seconds
[2019-12-09T03:03:33.186+0000][1][safepoint    ] Entering safepoint region: Cleanup
[2019-12-09T03:03:33.186+0000][1][safepoint    ] Leaving safepoint region
[2019-12-09T03:03:33.186+0000][1][safepoint    ] Total time for which application threads were stopped: 0.0000857 seconds, Stopping threads took: 0.0000278 seconds
[2019-12-09T03:03:34.186+0000][1][safepoint    ] Application time: 1.0000766 seconds
[2019-12-09T03:03:34.186+0000][1][safepoint    ] Entering safepoint region: Cleanup
[2019-12-09T03:03:34.186+0000][1][safepoint    ] Leaving safepoint region
[2019-12-09T03:03:34.186+0000][1][safepoint    ] Total time for which application threads were stopped: 0.0000736 seconds, Stopping threads took: 0.0000169 seconds
[2019-12-09T03:03:35.186+0000][1][safepoint    ] Application time: 1.0000769 seconds
[2019-12-09T03:03:35.186+0000][1][safepoint    ] Entering safepoint region: Cleanup
[2019-12-09T03:03:35.186+0000][1][safepoint    ] Leaving safepoint region
[2019-12-09T03:03:35.186+0000][1][safepoint    ] Total time for which application threads were stopped: 0.0000733 seconds, Stopping threads took: 0.0000164 seconds
[2019-12-09T03:03:36.186+0000][1][safepoint    ] Application time: 1.0000759 seconds
[2019-12-09T03:03:36.186+0000][1][safepoint    ] Entering safepoint region: Cleanup
[2019-12-09T03:03:36.186+0000][1][safepoint    ] Leaving safepoint region
[2019-12-09T03:03:36.186+0000][1][safepoint    ] Total time for which application threads were stopped: 0.0000785 seconds, Stopping threads took: 0.0000170 seconds
[2019-12-09T03:03:37.186+0000][1][safepoint    ] Application time: 1.0000762 seconds
[2019-12-09T03:03:37.186+0000][1][safepoint    ] Entering safepoint region: Cleanup
[2019-12-09T03:03:37.187+0000][1][safepoint    ] Leaving safepoint region
[2019-12-09T03:03:37.187+0000][1][safepoint    ] Total time for which application threads were stopped: 0.0000709 seconds, Stopping threads took: 0.0000165 seconds
[2019-12-09T03:03:38.187+0000][1][safepoint    ] Application time: 1.0000760 seconds
[2019-12-09T03:03:38.187+0000][1][safepoint    ] Entering safepoint region: Cleanup
[2019-12-09T03:03:38.187+0000][1][safepoint    ] Leaving safepoint region
[2019-12-09T03:03:38.187+0000][1][safepoint    ] Total time for which application threads were stopped: 0.0000866 seconds, Stopping threads took: 0.0000301 seconds
[2019-12-09T03:03:39.187+0000][1][safepoint    ] Application time: 1.0000743 seconds
[2019-12-09T03:03:39.187+0000][1][safepoint    ] Entering safepoint region: Cleanup
[2019-12-09T03:03:39.187+0000][1][safepoint    ] Leaving safepoint region
[2019-12-09T03:03:39.187+0000][1][safepoint    ] Total time for which application threads were stopped: 0.0000743 seconds, Stopping threads took: 0.0000167 seconds
[2019-12-09T03:03:40.187+0000][1][safepoint    ] Application time: 1.0000748 seconds
[2019-12-09T03:03:40.187+0000][1][safepoint    ] Entering safepoint region: Cleanup
[2019-12-09T03:03:40.187+0000][1][safepoint    ] Leaving safepoint region
[2019-12-09T03:03:40.187+0000][1][safepoint    ] Total time for which application threads were stopped: 0.0000738 seconds, Stopping threads took: 0.0000173 seconds
[2019-12-09T03:03:41.187+0000][1][safepoint    ] Application time: 1.0000752 seconds
[2019-12-09T03:03:41.187+0000][1][safepoint    ] Entering safepoint region: Cleanup
[2019-12-09T03:03:41.187+0000][1][safepoint    ] Leaving safepoint region
[2019-12-09T03:03:41.187+0000][1][safepoint    ] Total time for which application threads were stopped: 0.0000727 seconds, Stopping threads took: 0.0000160 seconds
[2019-12-09T03:03:42.187+0000][1][safepoint    ] Application time: 1.0000775 seconds
[2019-12-09T03:03:42.187+0000][1][safepoint    ] Entering safepoint region: Cleanup
[2019-12-09T03:03:42.188+0000][1][safepoint    ] Leaving safepoint region
[2019-12-09T03:03:42.188+0000][1][safepoint    ] Total time for which application threads were stopped: 0.0000738 seconds, Stopping threads took: 0.0000161 seconds
[2019-12-09T03:03:43.188+0000][1][safepoint    ] Application time: 1.0000774 seconds
[2019-12-09T03:03:43.188+0000][1][safepoint    ] Entering safepoint region: Cleanup
[2019-12-09T03:03:43.188+0000][1][safepoint    ] Leaving safepoint region
[2019-12-09T03:03:43.188+0000][1][safepoint    ] Total time for which application threads were stopped: 0.0000855 seconds, Stopping threads took: 0.0000179 seconds
[2019-12-09T03:03:44.188+0000][1][safepoint    ] Application time: 1.0000760 seconds
[2019-12-09T03:03:44.188+0000][1][safepoint    ] Entering safepoint region: Cleanup
[2019-12-09T03:03:44.188+0000][1][safepoint    ] Leaving safepoint region
[2019-12-09T03:03:44.188+0000][1][safepoint    ] Total time for which application threads were stopped: 0.0000758 seconds, Stopping threads took: 0.0000171 seconds
[2019-12-09T03:03:45.188+0000][1][safepoint    ] Application time: 1.0000749 seconds
[2019-12-09T03:03:45.188+0000][1][safepoint    ] Entering safepoint region: Cleanup
[2019-12-09T03:03:45.188+0000][1][safepoint    ] Leaving safepoint region
[2019-12-09T03:03:45.188+0000][1][safepoint    ] Total time for which application threads were stopped: 0.0000725 seconds, Stopping threads took: 0.0000173 seconds
[2019-12-09T03:03:46.188+0000][1][safepoint    ] Application time: 1.0000747 seconds
[2019-12-09T03:03:46.188+0000][1][safepoint    ] Entering safepoint region: Cleanup
[2019-12-09T03:03:46.188+0000][1][safepoint    ] Leaving safepoint region
[2019-12-09T03:03:46.188+0000][1][safepoint    ] Total time for which application threads were stopped: 0.0000743 seconds, Stopping threads took: 0.0000175 seconds
[2019-12-09T03:03:47.188+0000][1][safepoint    ] Application time: 1.0000783 seconds
[2019-12-09T03:03:47.188+0000][1][safepoint    ] Entering safepoint region: Cleanup
[2019-12-09T03:03:47.189+0000][1][safepoint    ] Leaving safepoint region
[2019-12-09T03:03:47.189+0000][1][safepoint    ] Total time for which application threads were stopped: 0.0000751 seconds, Stopping threads took: 0.0000188 seconds
[2019-12-09T03:03:48.189+0000][1][safepoint    ] Application time: 1.0000779 seconds
[2019-12-09T03:03:48.189+0000][1][safepoint    ] Entering safepoint region: Cleanup
[2019-12-09T03:03:48.189+0000][1][safepoint    ] Leaving safepoint region
[2019-12-09T03:03:48.189+0000][1][safepoint    ] Total time for which application threads were stopped: 0.0000841 seconds, Stopping threads took: 0.0000167 seconds
[2019-12-09T03:03:49.189+0000][1][safepoint    ] Application time: 1.0000771 seconds
[2019-12-09T03:03:49.189+0000][1][safepoint    ] Entering safepoint region: Cleanup
[2019-12-09T03:03:49.189+0000][1][safepoint    ] Leaving safepoint region
[2019-12-09T03:03:49.189+0000][1][safepoint    ] Total time for which application threads were stopped: 0.0000754 seconds, Stopping threads took: 0.0000191 seconds
[2019-12-09T03:03:50.189+0000][1][safepoint    ] Application time: 1.0000772 seconds
[2019-12-09T03:03:50.189+0000][1][safepoint    ] Entering safepoint region: Cleanup
[2019-12-09T03:03:50.189+0000][1][safepoint    ] Leaving safepoint region
[2019-12-09T03:03:50.189+0000][1][safepoint    ] Total time for which application threads were stopped: 0.0000748 seconds, Stopping threads took: 0.0000168 seconds
[2019-12-09T03:03:51.189+0000][1][safepoint    ] Application time: 1.0000776 seconds
[2019-12-09T03:03:51.189+0000][1][safepoint    ] Entering safepoint region: Cleanup
[2019-12-09T03:03:51.189+0000][1][safepoint    ] Leaving safepoint region
[2019-12-09T03:03:51.189+0000][1][safepoint    ] Total time for which application threads were stopped: 0.0000754 seconds, Stopping threads took: 0.0000177 seconds
[2019-12-09T03:03:52.189+0000][1][safepoint    ] Application time: 1.0000767 seconds
[2019-12-09T03:03:52.189+0000][1][safepoint    ] Entering safepoint region: Cleanup
[2019-12-09T03:03:52.190+0000][1][safepoint    ] Leaving safepoint region
[2019-12-09T03:03:52.190+0000][1][safepoint    ] Total time for which application threads were stopped: 0.0000737 seconds, Stopping threads took: 0.0000188 seconds
[2019-12-09T03:03:53.190+0000][1][safepoint    ] Application time: 1.0000779 seconds
[2019-12-09T03:03:53.190+0000][1][safepoint    ] Entering safepoint region: Cleanup
[2019-12-09T03:03:53.190+0000][1][safepoint    ] Leaving safepoint region
[2019-12-09T03:03:53.190+0000][1][safepoint    ] Total time for which application threads were stopped: 0.0000857 seconds, Stopping threads took: 0.0000171 seconds
[2019-12-09T03:03:54.190+0000][1][safepoint    ] Application time: 1.0000783 seconds
[2019-12-09T03:03:54.190+0000][1][safepoint    ] Entering safepoint region: Cleanup
[2019-12-09T03:03:54.190+0000][1][safepoint    ] Leaving safepoint region
[2019-12-09T03:03:54.190+0000][1][safepoint    ] Total time for which application threads were stopped: 0.0000744 seconds, Stopping threads took: 0.0000167 seconds
[2019-12-09T03:03:55.190+0000][1][safepoint    ] Application time: 1.0000759 seconds
[2019-12-09T03:03:55.190+0000][1][safepoint    ] Entering safepoint region: Cleanup
[2019-12-09T03:03:55.190+0000][1][safepoint    ] Leaving safepoint region
[2019-12-09T03:03:55.190+0000][1][safepoint    ] Total time for which application threads were stopped: 0.0000753 seconds, Stopping threads took: 0.0000182 seconds
[2019-12-09T03:03:55.208+0000][1][safepoint    ] Application time: 0.0174102 seconds
[2019-12-09T03:03:55.208+0000][1][safepoint    ] Entering safepoint region: GenCollectForAllocation
[2019-12-09T03:03:55.208+0000][1][gc,start     ] GC(29) Pause Young (Allocation Failure)
[2019-12-09T03:03:55.208+0000][1][gc,task      ] GC(29) Using 2 workers of 2 for evacuation
[2019-12-09T03:03:55.214+0000][1][gc,age       ] GC(29) Desired survivor size 4456448 bytes, new threshold 6 (max threshold 6)
[2019-12-09T03:03:55.214+0000][1][gc,age       ] GC(29) Age table with threshold 6 (max threshold 6)
[2019-12-09T03:03:55.214+0000][1][gc,age       ] GC(29) - age   1:       5736 bytes,       5736 total
[2019-12-09T03:03:55.215+0000][1][gc,age       ] GC(29) - age   2:       6496 bytes,      12232 total
[2019-12-09T03:03:55.215+0000][1][gc,age       ] GC(29) - age   3:       4856 bytes,      17088 total
[2019-12-09T03:03:55.215+0000][1][gc,age       ] GC(29) - age   4:      10912 bytes,      28000 total
[2019-12-09T03:03:55.215+0000][1][gc,age       ] GC(29) - age   5:      14640 bytes,      42640 total
[2019-12-09T03:03:55.215+0000][1][gc,age       ] GC(29) - age   6:    1753040 bytes,    1795680 total
[2019-12-09T03:03:55.215+0000][1][gc,heap      ] GC(29) ParNew: 72583K->2629K(78656K)
[2019-12-09T03:03:55.215+0000][1][gc,heap      ] GC(29) CMS: 67332K->67332K(174784K)
[2019-12-09T03:03:55.215+0000][1][gc,metaspace ] GC(29) Metaspace: 69073K->69073K(1112064K)
[2019-12-09T03:03:55.215+0000][1][gc           ] GC(29) Pause Young (Allocation Failure) 136M->68M(247M) 6.927ms
[2019-12-09T03:03:55.215+0000][1][gc,cpu       ] GC(29) User=0.01s Sys=0.00s Real=0.00s
[2019-12-09T03:03:55.215+0000][1][safepoint    ] Leaving safepoint region
[2019-12-09T03:03:55.215+0000][1][safepoint    ] Total time for which application threads were stopped: 0.0070986 seconds, Stopping threads took: 0.0000329 seconds
[2019-12-09T03:03:56.218+0000][1][safepoint    ] Application time: 1.0037234 seconds
[2019-12-09T03:03:56.218+0000][1][safepoint    ] Entering safepoint region: Cleanup
[2019-12-09T03:03:56.219+0000][1][safepoint    ] Leaving safepoint region
[2019-12-09T03:03:56.219+0000][1][safepoint    ] Total time for which application threads were stopped: 0.0002903 seconds, Stopping threads took: 0.0000204 seconds
[2019-12-09T03:03:57.219+0000][1][safepoint    ] Application time: 1.0000781 seconds
[2019-12-09T03:03:57.219+0000][1][safepoint    ] Entering safepoint region: Cleanup
[2019-12-09T03:03:57.219+0000][1][safepoint    ] Leaving safepoint region
[2019-12-09T03:03:57.219+0000][1][safepoint    ] Total time for which application threads were stopped: 0.0000983 seconds, Stopping threads took: 0.0000226 seconds
[2019-12-09T03:03:58.219+0000][1][safepoint    ] Application time: 1.0000797 seconds
[2019-12-09T03:03:58.219+0000][1][safepoint    ] Entering safepoint region: Cleanup
[2019-12-09T03:03:58.219+0000][1][safepoint    ] Leaving safepoint region
[2019-12-09T03:03:58.219+0000][1][safepoint    ] Total time for which application threads were stopped: 0.0000735 seconds, Stopping threads took: 0.0000166 seconds
[2019-12-09T03:03:59.219+0000][1][safepoint    ] Application time: 1.0000771 seconds
[2019-12-09T03:03:59.219+0000][1][safepoint    ] Entering safepoint region: Cleanup
[2019-12-09T03:03:59.219+0000][1][safepoint    ] Leaving safepoint region
[2019-12-09T03:03:59.219+0000][1][safepoint    ] Total time for which application threads were stopped: 0.0000790 seconds, Stopping threads took: 0.0000181 seconds
[2019-12-09T03:04:00.219+0000][1][safepoint    ] Application time: 1.0000870 seconds
[2019-12-09T03:04:00.220+0000][1][safepoint    ] Entering safepoint region: Cleanup
[2019-12-09T03:04:00.220+0000][1][safepoint    ] Leaving safepoint region
[2019-12-09T03:04:00.220+0000][1][safepoint    ] Total time for which application threads were stopped: 0.0001039 seconds, Stopping threads took: 0.0000442 seconds
[2019-12-09T03:04:01.220+0000][1][safepoint    ] Application time: 1.0000973 seconds
[2019-12-09T03:04:01.220+0000][1][safepoint    ] Entering safepoint region: Cleanup
[2019-12-09T03:04:01.220+0000][1][safepoint    ] Leaving safepoint region
[2019-12-09T03:04:01.220+0000][1][safepoint    ] Total time for which application threads were stopped: 0.0000811 seconds, Stopping threads took: 0.0000175 seconds
[2019-12-09T03:04:02.220+0000][1][safepoint    ] Application time: 1.0000825 seconds
[2019-12-09T03:04:02.220+0000][1][safepoint    ] Entering safepoint region: Cleanup
[2019-12-09T03:04:02.220+0000][1][safepoint    ] Leaving safepoint region
[2019-12-09T03:04:02.220+0000][1][safepoint    ] Total time for which application threads were stopped: 0.0000882 seconds, Stopping threads took: 0.0000189 seconds
[2019-12-09T03:04:03.220+0000][1][safepoint    ] Application time: 1.0000856 seconds
[2019-12-09T03:04:03.220+0000][1][safepoint    ] Entering safepoint region: Cleanup
[2019-12-09T03:04:03.220+0000][1][safepoint    ] Leaving safepoint region
[2019-12-09T03:04:03.220+0000][1][safepoint    ] Total time for which application threads were stopped: 0.0000779 seconds, Stopping threads took: 0.0000182 seconds
[2019-12-09T03:04:04.220+0000][1][safepoint    ] Application time: 1.0000826 seconds
[2019-12-09T03:04:04.220+0000][1][safepoint    ] Entering safepoint region: Cleanup
[2019-12-09T03:04:04.220+0000][1][safepoint    ] Leaving safepoint region
[2019-12-09T03:04:04.220+0000][1][safepoint    ] Total time for which application threads were stopped: 0.0001007 seconds, Stopping threads took: 0.0000227 seconds
[2019-12-09T03:04:05.221+0000][1][safepoint    ] Application time: 1.0000858 seconds
[2019-12-09T03:04:05.221+0000][1][safepoint    ] Entering safepoint region: Cleanup
[2019-12-09T03:04:05.221+0000][1][safepoint    ] Leaving safepoint region
[2019-12-09T03:04:05.221+0000][1][safepoint    ] Total time for which application threads were stopped: 0.0001643 seconds, Stopping threads took: 0.0000854 seconds
[2019-12-09T03:04:05.301+0000][1][safepoint    ] Application time: 0.0802469 seconds
[2019-12-09T03:04:05.301+0000][1][safepoint    ] Entering safepoint region: RevokeBias
[2019-12-09T03:04:05.301+0000][1][safepoint    ] Leaving safepoint region
[2019-12-09T03:04:05.301+0000][1][safepoint    ] Total time for which application threads were stopped: 0.0001032 seconds, Stopping threads took: 0.0000194 seconds
[2019-12-09T03:04:05.301+0000][1][safepoint    ] Application time: 0.0000823 seconds
[2019-12-09T03:04:05.301+0000][1][safepoint    ] Entering safepoint region: RevokeBias
[2019-12-09T03:04:05.301+0000][1][safepoint    ] Leaving safepoint region
[2019-12-09T03:04:05.301+0000][1][safepoint    ] Total time for which application threads were stopped: 0.0000545 seconds, Stopping threads took: 0.0000103 seconds
[2019-12-09T03:04:05.304+0000][1][safepoint    ] Application time: 0.0031230 seconds
[2019-12-09T03:04:05.313+0000][1][safepoint    ] Entering safepoint region: RevokeBias
[2019-12-09T03:04:05.313+0000][1][safepoint    ] Leaving safepoint region
[2019-12-09T03:04:05.313+0000][1][safepoint    ] Total time for which application threads were stopped: 0.0084478 seconds, Stopping threads took: 0.0083669 seconds
[2019-12-09T03:04:05.313+0000][1][safepoint    ] Application time: 0.0002146 seconds
[2019-12-09T03:04:05.313+0000][1][safepoint    ] Entering safepoint region: RevokeBias
[2019-12-09T03:04:05.313+0000][1][safepoint    ] Leaving safepoint region
[2019-12-09T03:04:05.313+0000][1][safepoint    ] Total time for which application threads were stopped: 0.0000607 seconds, Stopping threads took: 0.0000130 seconds
[2019-12-09T03:04:05.317+0000][1][safepoint    ] Application time: 0.0033676 seconds
[2019-12-09T03:04:05.317+0000][1][safepoint    ] Entering safepoint region: RevokeBias
[2019-12-09T03:04:05.317+0000][1][safepoint    ] Leaving safepoint region
[2019-12-09T03:04:05.317+0000][1][safepoint    ] Total time for which application threads were stopped: 0.0000656 seconds, Stopping threads took: 0.0000150 seconds
[2019-12-09T03:04:05.317+0000][1][safepoint    ] Application time: 0.0007504 seconds
[2019-12-09T03:04:05.317+0000][1][safepoint    ] Entering safepoint region: RevokeBias
[2019-12-09T03:04:05.318+0000][1][safepoint    ] Leaving safepoint region
[2019-12-09T03:04:05.318+0000][1][safepoint    ] Total time for which application threads were stopped: 0.0000717 seconds, Stopping threads took: 0.0000148 seconds
[2019-12-09T03:04:05.318+0000][1][safepoint    ] Application time: 0.0000912 seconds
[2019-12-09T03:04:05.318+0000][1][safepoint    ] Entering safepoint region: RevokeBias
[2019-12-09T03:04:05.318+0000][1][safepoint    ] Leaving safepoint region
[2019-12-09T03:04:05.318+0000][1][safepoint    ] Total time for which application threads were stopped: 0.0000734 seconds, Stopping threads took: 0.0000100 seconds
[2019-12-09T03:04:05.318+0000][1][safepoint    ] Application time: 0.0004022 seconds
[2019-12-09T03:04:05.318+0000][1][safepoint    ] Entering safepoint region: RevokeBias
[2019-12-09T03:04:05.318+0000][1][safepoint    ] Leaving safepoint region
[2019-12-09T03:04:05.318+0000][1][safepoint    ] Total time for which application threads were stopped: 0.0000635 seconds, Stopping threads took: 0.0000119 seconds
[2019-12-09T03:04:05.318+0000][1][safepoint    ] Application time: 0.0001617 seconds
[2019-12-09T03:04:05.318+0000][1][safepoint    ] Entering safepoint region: RevokeBias
[2019-12-09T03:04:05.318+0000][1][safepoint    ] Leaving safepoint region
[2019-12-09T03:04:05.318+0000][1][safepoint    ] Total time for which application threads were stopped: 0.0000644 seconds, Stopping threads took: 0.0000093 seconds
[2019-12-09T03:04:05.348+0000][1][safepoint    ] Application time: 0.0294946 seconds
[2019-12-09T03:04:05.353+0000][1][safepoint    ] Entering safepoint region: RevokeBias
[2019-12-09T03:04:05.353+0000][1][safepoint    ] Leaving safepoint region
[2019-12-09T03:04:05.353+0000][1][safepoint    ] Total time for which application threads were stopped: 0.0049119 seconds, Stopping threads took: 0.0048337 seconds
[2019-12-09T03:04:05.356+0000][1][safepoint    ] Application time: 0.0034227 seconds
[2019-12-09T03:04:05.357+0000][1][safepoint    ] Entering safepoint region: RevokeBias
[2019-12-09T03:04:05.357+0000][1][safepoint    ] Leaving safepoint region
[2019-12-09T03:04:05.357+0000][1][safepoint    ] Total time for which application threads were stopped: 0.0007358 seconds, Stopping threads took: 0.0006456 seconds
[2019-12-09T03:04:05.358+0000][1][safepoint    ] Application time: 0.0004945 seconds
[2019-12-09T03:04:05.358+0000][1][safepoint    ] Entering safepoint region: RevokeBias
[2019-12-09T03:04:05.358+0000][1][safepoint    ] Leaving safepoint region
[2019-12-09T03:04:05.358+0000][1][safepoint    ] Total time for which application threads were stopped: 0.0000626 seconds, Stopping threads took: 0.0000114 seconds
[2019-12-09T03:04:05.358+0000][1][safepoint    ] Application time: 0.0004187 seconds
[2019-12-09T03:04:05.358+0000][1][safepoint    ] Entering safepoint region: RevokeBias
[2019-12-09T03:04:05.358+0000][1][safepoint    ] Leaving safepoint region
[2019-12-09T03:04:05.358+0000][1][safepoint    ] Total time for which application threads were stopped: 0.0000521 seconds, Stopping threads took: 0.0000102 seconds
[2019-12-09T03:04:05.358+0000][1][safepoint    ] Application time: 0.0000725 seconds
[2019-12-09T03:04:05.358+0000][1][safepoint    ] Entering safepoint region: RevokeBias
[2019-12-09T03:04:05.358+0000][1][safepoint    ] Leaving safepoint region
[2019-12-09T03:04:05.358+0000][1][safepoint    ] Total time for which application threads were stopped: 0.0000390 seconds, Stopping threads took: 0.0000076 seconds
[2019-12-09T03:04:05.358+0000][1][safepoint    ] Application time: 0.0001088 seconds
[2019-12-09T03:04:05.358+0000][1][safepoint    ] Entering safepoint region: RevokeBias
[2019-12-09T03:04:05.358+0000][1][safepoint    ] Leaving safepoint region
[2019-12-09T03:04:05.358+0000][1][safepoint    ] Total time for which application threads were stopped: 0.0000400 seconds, Stopping threads took: 0.0000086 seconds
[2019-12-09T03:04:05.359+0000][1][safepoint    ] Application time: 0.0000515 seconds
[2019-12-09T03:04:05.359+0000][1][safepoint    ] Entering safepoint region: RevokeBias
[2019-12-09T03:04:05.359+0000][1][safepoint    ] Leaving safepoint region
[2019-12-09T03:04:05.359+0000][1][safepoint    ] Total time for which application threads were stopped: 0.0000365 seconds, Stopping threads took: 0.0000078 seconds
[2019-12-09T03:04:05.359+0000][1][safepoint    ] Application time: 0.0001325 seconds
[2019-12-09T03:04:05.359+0000][1][safepoint    ] Entering safepoint region: RevokeBias
[2019-12-09T03:04:05.359+0000][1][safepoint    ] Leaving safepoint region
[2019-12-09T03:04:05.359+0000][1][safepoint    ] Total time for which application threads were stopped: 0.0000475 seconds, Stopping threads took: 0.0000105 seconds
[2019-12-09T03:04:05.359+0000][1][safepoint    ] Application time: 0.0000587 seconds
[2019-12-09T03:04:05.359+0000][1][safepoint    ] Entering safepoint region: RevokeBias
[2019-12-09T03:04:05.359+0000][1][safepoint    ] Leaving safepoint region
[2019-12-09T03:04:05.359+0000][1][safepoint    ] Total time for which application threads were stopped: 0.0000423 seconds, Stopping threads took: 0.0000088 seconds
[2019-12-09T03:04:05.359+0000][1][safepoint    ] Application time: 0.0002459 seconds
[2019-12-09T03:04:05.359+0000][1][safepoint    ] Entering safepoint region: RevokeBias
[2019-12-09T03:04:05.359+0000][1][safepoint    ] Leaving safepoint region
[2019-12-09T03:04:05.359+0000][1][safepoint    ] Total time for which application threads were stopped: 0.0000513 seconds, Stopping threads took: 0.0000107 seconds
[2019-12-09T03:04:05.359+0000][1][safepoint    ] Application time: 0.0000595 seconds
[2019-12-09T03:04:05.359+0000][1][safepoint    ] Entering safepoint region: RevokeBias
[2019-12-09T03:04:05.359+0000][1][safepoint    ] Leaving safepoint region
[2019-12-09T03:04:05.359+0000][1][safepoint    ] Total time for which application threads were stopped: 0.0000452 seconds, Stopping threads took: 0.0000124 seconds
[2019-12-09T03:04:05.360+0000][1][safepoint    ] Application time: 0.0003390 seconds
[2019-12-09T03:04:05.360+0000][1][safepoint    ] Entering safepoint region: RevokeBias
[2019-12-09T03:04:05.360+0000][1][safepoint    ] Leaving safepoint region
[2019-12-09T03:04:05.360+0000][1][safepoint    ] Total time for which application threads were stopped: 0.0000822 seconds, Stopping threads took: 0.0000310 seconds
[2019-12-09T03:04:05.407+0000][1][safepoint    ] Application time: 0.0472782 seconds
[2019-12-09T03:04:05.407+0000][1][safepoint    ] Entering safepoint region: RevokeBias
[2019-12-09T03:04:05.407+0000][1][safepoint    ] Leaving safepoint region
[2019-12-09T03:04:05.407+0000][1][safepoint    ] Total time for which application threads were stopped: 0.0001057 seconds, Stopping threads took: 0.0000171 seconds
[2019-12-09T03:04:05.407+0000][1][safepoint    ] Application time: 0.0002398 seconds
[2019-12-09T03:04:05.407+0000][1][safepoint    ] Entering safepoint region: RevokeBias
[2019-12-09T03:04:05.408+0000][1][safepoint    ] Leaving safepoint region
[2019-12-09T03:04:05.408+0000][1][safepoint    ] Total time for which application threads were stopped: 0.0000837 seconds, Stopping threads took: 0.0000146 seconds
[2019-12-09T03:04:05.408+0000][1][safepoint    ] Application time: 0.0002570 seconds
[2019-12-09T03:04:05.408+0000][1][safepoint    ] Entering safepoint region: RevokeBias
[2019-12-09T03:04:05.408+0000][1][safepoint    ] Leaving safepoint region
[2019-12-09T03:04:05.408+0000][1][safepoint    ] Total time for which application threads were stopped: 0.0000729 seconds, Stopping threads took: 0.0000116 seconds
[2019-12-09T03:04:05.408+0000][1][safepoint    ] Application time: 0.0001306 seconds
[2019-12-09T03:04:05.408+0000][1][safepoint    ] Entering safepoint region: RevokeBias
[2019-12-09T03:04:05.408+0000][1][safepoint    ] Leaving safepoint region
[2019-12-09T03:04:05.408+0000][1][safepoint    ] Total time for which application threads were stopped: 0.0000693 seconds, Stopping threads took: 0.0000110 seconds
[2019-12-09T03:04:05.408+0000][1][safepoint    ] Application time: 0.0001459 seconds
[2019-12-09T03:04:05.408+0000][1][safepoint    ] Entering safepoint region: RevokeBias
[2019-12-09T03:04:05.408+0000][1][safepoint    ] Leaving safepoint region
[2019-12-09T03:04:05.408+0000][1][safepoint    ] Total time for which application threads were stopped: 0.0000652 seconds, Stopping threads took: 0.0000104 seconds
[2019-12-09T03:04:05.409+0000][1][safepoint    ] Application time: 0.0002121 seconds
[2019-12-09T03:04:05.409+0000][1][safepoint    ] Entering safepoint region: RevokeBias
[2019-12-09T03:04:05.409+0000][1][safepoint    ] Leaving safepoint region
[2019-12-09T03:04:05.409+0000][1][safepoint    ] Total time for which application threads were stopped: 0.0000706 seconds, Stopping threads took: 0.0000107 seconds
[2019-12-09T03:04:05.409+0000][1][safepoint    ] Application time: 0.0001584 seconds
[2019-12-09T03:04:05.409+0000][1][safepoint    ] Entering safepoint region: RevokeBias
[2019-12-09T03:04:05.409+0000][1][safepoint    ] Leaving safepoint region
[2019-12-09T03:04:05.409+0000][1][safepoint    ] Total time for which application threads were stopped: 0.0000674 seconds, Stopping threads took: 0.0000112 seconds
[2019-12-09T03:04:05.409+0000][1][safepoint    ] Application time: 0.0001980 seconds
[2019-12-09T03:04:05.409+0000][1][safepoint    ] Entering safepoint region: RevokeBias
[2019-12-09T03:04:05.409+0000][1][safepoint    ] Leaving safepoint region
[2019-12-09T03:04:05.409+0000][1][safepoint    ] Total time for which application threads were stopped: 0.0000683 seconds, Stopping threads took: 0.0000111 seconds
[2019-12-09T03:04:05.409+0000][1][safepoint    ] Application time: 0.0002245 seconds
[2019-12-09T03:04:05.409+0000][1][safepoint    ] Entering safepoint region: BulkRevokeBias
[2019-12-09T03:04:05.410+0000][1][safepoint    ] Leaving safepoint region
[2019-12-09T03:04:05.410+0000][1][safepoint    ] Total time for which application threads were stopped: 0.0003587 seconds, Stopping threads took: 0.0000160 seconds
[2019-12-09T03:04:05.441+0000][1][safepoint    ] Application time: 0.0308833 seconds
[2019-12-09T03:04:05.441+0000][1][safepoint    ] Entering safepoint region: RevokeBias
[2019-12-09T03:04:05.441+0000][1][safepoint    ] Leaving safepoint region
[2019-12-09T03:04:05.441+0000][1][safepoint    ] Total time for which application threads were stopped: 0.0003052 seconds, Stopping threads took: 0.0001547 seconds
[2019-12-09T03:04:05.443+0000][1][safepoint    ] Application time: 0.0019935 seconds
[2019-12-09T03:04:05.453+0000][1][safepoint    ] Entering safepoint region: RevokeBias
[2019-12-09T03:04:05.453+0000][1][safepoint    ] Leaving safepoint region
[2019-12-09T03:04:05.453+0000][1][safepoint    ] Total time for which application threads were stopped: 0.0099502 seconds, Stopping threads took: 0.0098470 seconds
[2019-12-09T03:04:05.453+0000][1][safepoint    ] Application time: 0.0000624 seconds
[2019-12-09T03:04:05.453+0000][1][safepoint    ] Entering safepoint region: RevokeBias
[2019-12-09T03:04:05.453+0000][1][safepoint    ] Leaving safepoint region
[2019-12-09T03:04:05.453+0000][1][safepoint    ] Total time for which application threads were stopped: 0.0000716 seconds, Stopping threads took: 0.0000110 seconds
[2019-12-09T03:04:05.453+0000][1][safepoint    ] Application time: 0.0000419 seconds
[2019-12-09T03:04:05.453+0000][1][safepoint    ] Entering safepoint region: RevokeBias
[2019-12-09T03:04:05.453+0000][1][safepoint    ] Leaving safepoint region
[2019-12-09T03:04:05.453+0000][1][safepoint    ] Total time for which application threads were stopped: 0.0000693 seconds, Stopping threads took: 0.0000101 seconds
[2019-12-09T03:04:05.456+0000][1][safepoint    ] Application time: 0.0029000 seconds
[2019-12-09T03:04:05.456+0000][1][safepoint    ] Entering safepoint region: RevokeBias
[2019-12-09T03:04:05.456+0000][1][safepoint    ] Leaving safepoint region
[2019-12-09T03:04:05.456+0000][1][safepoint    ] Total time for which application threads were stopped: 0.0001455 seconds, Stopping threads took: 0.0000149 seconds
[2019-12-09T03:04:05.469+0000][1][safepoint    ] Application time: 0.0130954 seconds
[2019-12-09T03:04:05.470+0000][1][safepoint    ] Entering safepoint region: RevokeBias
[2019-12-09T03:04:05.470+0000][1][safepoint    ] Leaving safepoint region
[2019-12-09T03:04:05.470+0000][1][safepoint    ] Total time for which application threads were stopped: 0.0001921 seconds, Stopping threads took: 0.0000881 seconds
[2019-12-09T03:04:05.490+0000][1][safepoint    ] Application time: 0.0206304 seconds
[2019-12-09T03:04:05.490+0000][1][safepoint    ] Entering safepoint region: RevokeBias
[2019-12-09T03:04:05.491+0000][1][safepoint    ] Leaving safepoint region
[2019-12-09T03:04:05.491+0000][1][safepoint    ] Total time for which application threads were stopped: 0.0001918 seconds, Stopping threads took: 0.0000918 seconds
[2019-12-09T03:04:05.511+0000][1][safepoint    ] Application time: 0.0202443 seconds
[2019-12-09T03:04:05.511+0000][1][safepoint    ] Entering safepoint region: RevokeBias
[2019-12-09T03:04:05.511+0000][1][safepoint    ] Leaving safepoint region
[2019-12-09T03:04:05.511+0000][1][safepoint    ] Total time for which application threads were stopped: 0.0005622 seconds, Stopping threads took: 0.0004225 seconds
[2019-12-09T03:04:05.519+0000][1][safepoint    ] Application time: 0.0075278 seconds
[2019-12-09T03:04:05.519+0000][1][safepoint    ] Entering safepoint region: RevokeBias
[2019-12-09T03:04:05.520+0000][1][safepoint    ] Leaving safepoint region
[2019-12-09T03:04:05.520+0000][1][safepoint    ] Total time for which application threads were stopped: 0.0007311 seconds, Stopping threads took: 0.0005643 seconds
[2019-12-09T03:04:05.522+0000][1][safepoint    ] Application time: 0.0024215 seconds
[2019-12-09T03:04:05.522+0000][1][safepoint    ] Entering safepoint region: RevokeBias
[2019-12-09T03:04:05.522+0000][1][safepoint    ] Leaving safepoint region
[2019-12-09T03:04:05.522+0000][1][safepoint    ] Total time for which application threads were stopped: 0.0000995 seconds, Stopping threads took: 0.0000189 seconds
[2019-12-09T03:04:05.522+0000][1][safepoint    ] Application time: 0.0000650 seconds
[2019-12-09T03:04:05.522+0000][1][safepoint    ] Entering safepoint region: RevokeBias
[2019-12-09T03:04:05.522+0000][1][safepoint    ] Leaving safepoint region
[2019-12-09T03:04:05.522+0000][1][safepoint    ] Total time for which application threads were stopped: 0.0000658 seconds, Stopping threads took: 0.0000091 seconds
[2019-12-09T03:04:05.523+0000][1][safepoint    ] Application time: 0.0003633 seconds
[2019-12-09T03:04:05.523+0000][1][safepoint    ] Entering safepoint region: RevokeBias
[2019-12-09T03:04:05.523+0000][1][safepoint    ] Leaving safepoint region
[2019-12-09T03:04:05.523+0000][1][safepoint    ] Total time for which application threads were stopped: 0.0000916 seconds, Stopping threads took: 0.0000104 seconds
[2019-12-09T03:04:05.523+0000][1][safepoint    ] Application time: 0.0005235 seconds
[2019-12-09T03:04:05.523+0000][1][safepoint    ] Entering safepoint region: RevokeBias
[2019-12-09T03:04:05.523+0000][1][safepoint    ] Leaving safepoint region
[2019-12-09T03:04:05.524+0000][1][safepoint    ] Total time for which application threads were stopped: 0.0000902 seconds, Stopping threads took: 0.0000107 seconds
[2019-12-09T03:04:05.524+0000][1][safepoint    ] Application time: 0.0004557 seconds
[2019-12-09T03:04:05.524+0000][1][safepoint    ] Entering safepoint region: RevokeBias
[2019-12-09T03:04:05.524+0000][1][safepoint    ] Leaving safepoint region
[2019-12-09T03:04:05.524+0000][1][safepoint    ] Total time for which application threads were stopped: 0.0000883 seconds, Stopping threads took: 0.0000112 seconds
[2019-12-09T03:04:05.534+0000][1][safepoint    ] Application time: 0.0097497 seconds
[2019-12-09T03:04:05.534+0000][1][safepoint    ] Entering safepoint region: RevokeBias
[2019-12-09T03:04:05.534+0000][1][safepoint    ] Leaving safepoint region
[2019-12-09T03:04:05.534+0000][1][safepoint    ] Total time for which application threads were stopped: 0.0000748 seconds, Stopping threads took: 0.0000113 seconds
[2019-12-09T03:04:05.534+0000][1][safepoint    ] Application time: 0.0003349 seconds
[2019-12-09T03:04:05.534+0000][1][safepoint    ] Entering safepoint region: BulkRevokeBias
[2019-12-09T03:04:05.535+0000][1][safepoint    ] Leaving safepoint region
[2019-12-09T03:04:05.535+0000][1][safepoint    ] Total time for which application threads were stopped: 0.0004617 seconds, Stopping threads took: 0.0000112 seconds
[2019-12-09T03:04:05.535+0000][1][safepoint    ] Application time: 0.0006717 seconds
[2019-12-09T03:04:05.535+0000][1][safepoint    ] Entering safepoint region: RevokeBias
[2019-12-09T03:04:05.536+0000][1][safepoint    ] Leaving safepoint region
[2019-12-09T03:04:05.536+0000][1][safepoint    ] Total time for which application threads were stopped: 0.0000725 seconds, Stopping threads took: 0.0000124 seconds
[2019-12-09T03:04:05.536+0000][1][safepoint    ] Application time: 0.0000602 seconds
[2019-12-09T03:04:05.536+0000][1][safepoint    ] Entering safepoint region: RevokeBias
[2019-12-09T03:04:05.536+0000][1][safepoint    ] Leaving safepoint region
[2019-12-09T03:04:05.536+0000][1][safepoint    ] Total time for which application threads were stopped: 0.0000520 seconds, Stopping threads took: 0.0000086 seconds
[2019-12-09T03:04:05.538+0000][1][safepoint    ] Application time: 0.0025936 seconds
[2019-12-09T03:04:05.538+0000][1][safepoint    ] Entering safepoint region: RevokeBias
[2019-12-09T03:04:05.538+0000][1][safepoint    ] Leaving safepoint region
[2019-12-09T03:04:05.538+0000][1][safepoint    ] Total time for which application threads were stopped: 0.0000726 seconds, Stopping threads took: 0.0000120 seconds
[2019-12-09T03:04:05.538+0000][1][safepoint    ] Application time: 0.0000507 seconds
[2019-12-09T03:04:05.538+0000][1][safepoint    ] Entering safepoint region: RevokeBias
[2019-12-09T03:04:05.538+0000][1][safepoint    ] Leaving safepoint region
[2019-12-09T03:04:05.538+0000][1][safepoint    ] Total time for which application threads were stopped: 0.0000570 seconds, Stopping threads took: 0.0000141 seconds
[2019-12-09T03:04:05.539+0000][1][safepoint    ] Application time: 0.0000399 seconds
[2019-12-09T03:04:05.539+0000][1][safepoint    ] Entering safepoint region: RevokeBias
[2019-12-09T03:04:05.539+0000][1][safepoint    ] Leaving safepoint region
[2019-12-09T03:04:05.539+0000][1][safepoint    ] Total time for which application threads were stopped: 0.0000502 seconds, Stopping threads took: 0.0000083 seconds
[2019-12-09T03:04:05.539+0000][1][safepoint    ] Application time: 0.0000526 seconds
[2019-12-09T03:04:05.539+0000][1][safepoint    ] Entering safepoint region: RevokeBias
[2019-12-09T03:04:05.539+0000][1][safepoint    ] Leaving safepoint region
[2019-12-09T03:04:05.539+0000][1][safepoint    ] Total time for which application threads were stopped: 0.0000644 seconds, Stopping threads took: 0.0000082 seconds
[2019-12-09T03:04:05.539+0000][1][safepoint    ] Application time: 0.0000814 seconds
[2019-12-09T03:04:05.539+0000][1][safepoint    ] Entering safepoint region: RevokeBias
[2019-12-09T03:04:05.539+0000][1][safepoint    ] Leaving safepoint region
[2019-12-09T03:04:05.539+0000][1][safepoint    ] Total time for which application threads were stopped: 0.0000501 seconds, Stopping threads took: 0.0000088 seconds
[2019-12-09T03:04:05.539+0000][1][safepoint    ] Application time: 0.0000661 seconds
[2019-12-09T03:04:05.539+0000][1][safepoint    ] Entering safepoint region: RevokeBias
[2019-12-09T03:04:05.539+0000][1][safepoint    ] Leaving safepoint region
[2019-12-09T03:04:05.539+0000][1][safepoint    ] Total time for which application threads were stopped: 0.0000512 seconds, Stopping threads took: 0.0000086 seconds
[2019-12-09T03:04:05.631+0000][1][safepoint    ] Application time: 0.0917091 seconds
[2019-12-09T03:04:05.631+0000][1][safepoint    ] Entering safepoint region: RevokeBias
[2019-12-09T03:04:05.631+0000][1][safepoint    ] Leaving safepoint region
[2019-12-09T03:04:05.631+0000][1][safepoint    ] Total time for which application threads were stopped: 0.0001400 seconds, Stopping threads took: 0.0000484 seconds
[2019-12-09T03:04:05.631+0000][1][safepoint    ] Application time: 0.0000688 seconds
[2019-12-09T03:04:05.631+0000][1][safepoint    ] Entering safepoint region: RevokeBias
[2019-12-09T03:04:05.631+0000][1][safepoint    ] Leaving safepoint region
[2019-12-09T03:04:05.631+0000][1][safepoint    ] Total time for which application threads were stopped: 0.0000591 seconds, Stopping threads took: 0.0000079 seconds
[2019-12-09T03:04:05.631+0000][1][safepoint    ] Application time: 0.0000518 seconds
[2019-12-09T03:04:05.631+0000][1][safepoint    ] Entering safepoint region: RevokeBias
[2019-12-09T03:04:05.631+0000][1][safepoint    ] Leaving safepoint region
[2019-12-09T03:04:05.631+0000][1][safepoint    ] Total time for which application threads were stopped: 0.0000504 seconds, Stopping threads took: 0.0000089 seconds
[2019-12-09T03:04:05.678+0000][1][safepoint    ] Application time: 0.0466934 seconds
[2019-12-09T03:04:05.679+0000][1][safepoint    ] Entering safepoint region: RevokeBias
[2019-12-09T03:04:05.679+0000][1][safepoint    ] Leaving safepoint region
[2019-12-09T03:04:05.679+0000][1][safepoint    ] Total time for which application threads were stopped: 0.0010942 seconds, Stopping threads took: 0.0010194 seconds
[2019-12-09T03:04:05.693+0000][1][safepoint    ] Application time: 0.0143649 seconds
[2019-12-09T03:04:05.693+0000][1][safepoint    ] Entering safepoint region: BulkRevokeBias
[2019-12-09T03:04:05.694+0000][1][safepoint    ] Leaving safepoint region
[2019-12-09T03:04:05.694+0000][1][safepoint    ] Total time for which application threads were stopped: 0.0003104 seconds, Stopping threads took: 0.0000294 seconds
[2019-12-09T03:04:05.751+0000][1][safepoint    ] Application time: 0.0571494 seconds
[2019-12-09T03:04:05.751+0000][1][safepoint    ] Entering safepoint region: RevokeBias
[2019-12-09T03:04:05.751+0000][1][safepoint    ] Leaving safepoint region
[2019-12-09T03:04:05.751+0000][1][safepoint    ] Total time for which application threads were stopped: 0.0001103 seconds, Stopping threads took: 0.0000245 seconds
[2019-12-09T03:04:05.813+0000][1][safepoint    ] Application time: 0.0621357 seconds
[2019-12-09T03:04:05.813+0000][1][safepoint    ] Entering safepoint region: RevokeBias
[2019-12-09T03:04:05.813+0000][1][safepoint    ] Leaving safepoint region
[2019-12-09T03:04:05.813+0000][1][safepoint    ] Total time for which application threads were stopped: 0.0001004 seconds, Stopping threads took: 0.0000160 seconds
[2019-12-09T03:04:05.814+0000][1][safepoint    ] Application time: 0.0005627 seconds
[2019-12-09T03:04:05.814+0000][1][safepoint    ] Entering safepoint region: RevokeBias
[2019-12-09T03:04:05.814+0000][1][safepoint    ] Leaving safepoint region
[2019-12-09T03:04:05.814+0000][1][safepoint    ] Total time for which application threads were stopped: 0.0000666 seconds, Stopping threads took: 0.0000141 seconds
[2019-12-09T03:04:05.819+0000][1][safepoint    ] Application time: 0.0049926 seconds
[2019-12-09T03:04:05.819+0000][1][safepoint    ] Entering safepoint region: RevokeBias
[2019-12-09T03:04:05.819+0000][1][safepoint    ] Leaving safepoint region
[2019-12-09T03:04:05.819+0000][1][safepoint    ] Total time for which application threads were stopped: 0.0000695 seconds, Stopping threads took: 0.0000138 seconds
[2019-12-09T03:04:05.828+0000][1][safepoint    ] Application time: 0.0092147 seconds
[2019-12-09T03:04:05.828+0000][1][safepoint    ] Entering safepoint region: RevokeBias
[2019-12-09T03:04:05.828+0000][1][safepoint    ] Leaving safepoint region
[2019-12-09T03:04:05.828+0000][1][safepoint    ] Total time for which application threads were stopped: 0.0000725 seconds, Stopping threads took: 0.0000442 seconds
[2019-12-09T03:04:05.843+0000][1][safepoint    ] Application time: 0.0147231 seconds
[2019-12-09T03:04:05.843+0000][1][safepoint    ] Entering safepoint region: RevokeBias
[2019-12-09T03:04:05.843+0000][1][safepoint    ] Leaving safepoint region
[2019-12-09T03:04:05.843+0000][1][safepoint    ] Total time for which application threads were stopped: 0.0000470 seconds, Stopping threads took: 0.0000100 seconds
[2019-12-09T03:04:05.844+0000][1][safepoint    ] Application time: 0.0013213 seconds
[2019-12-09T03:04:05.844+0000][1][safepoint    ] Entering safepoint region: RevokeBias
[2019-12-09T03:04:05.845+0000][1][safepoint    ] Leaving safepoint region
[2019-12-09T03:04:05.845+0000][1][safepoint    ] Total time for which application threads were stopped: 0.0000510 seconds, Stopping threads took: 0.0000119 seconds
[2019-12-09T03:04:05.863+0000][1][gc,heap,exit ] Heap
[2019-12-09T03:04:05.863+0000][1][gc,heap,exit ]  par new generation   total 78656K, used 20739K [0x00000000f0000000, 0x00000000f5550000, 0x00000000f5550000)
[2019-12-09T03:04:05.863+0000][1][gc,heap,exit ]   eden space 69952K,  25% used [0x00000000f0000000, 0x00000000f11af788, 0x00000000f4450000)
[2019-12-09T03:04:05.863+0000][1][gc,heap,exit ]   from space 8704K,  30% used [0x00000000f4cd0000, 0x00000000f4f61738, 0x00000000f5550000)
[2019-12-09T03:04:05.863+0000][1][gc,heap,exit ]   to   space 8704K,   0% used [0x00000000f4450000, 0x00000000f4450000, 0x00000000f4cd0000)
[2019-12-09T03:04:05.863+0000][1][gc,heap,exit ]  concurrent mark-sweep generation total 174784K, used 67332K [0x00000000f5550000, 0x0000000100000000, 0x0000000100000000)
[2019-12-09T03:04:05.863+0000][1][gc,heap,exit ]  Metaspace       used 69349K, capacity 74503K, committed 74616K, reserved 1112064K
[2019-12-09T03:04:05.863+0000][1][gc,heap,exit ]   class space    used 9354K, capacity 11560K, committed 11608K, reserved 1048576K
[2019-12-09T03:04:05.866+0000][1][safepoint    ] Application time: 0.0212269 seconds
[2019-12-09T03:04:05.866+0000][1][safepoint    ] Entering safepoint region: Exit
