[2019-12-08T09:54:34.899+0000][1][gc] Using Concurrent Mark Sweep
[2019-12-08T09:54:34.899+0000][1][gc,heap,coops] Heap address: 0x00000000f0000000, size: 256 MB, Compressed Oops mode: 32-bit
[2019-12-08T09:54:35.005+0000][1][safepoint    ] Entering safepoint region: EnableBiasedLocking
[2019-12-08T09:54:35.005+0000][1][safepoint    ] Leaving safepoint region
[2019-12-08T09:54:35.005+0000][1][safepoint    ] Total time for which application threads were stopped: 0.0002382 seconds, Stopping threads took: 0.0001618 seconds
[2019-12-08T09:54:35.024+0000][1][safepoint    ] Application time: 0.0183910 seconds
[2019-12-08T09:54:35.024+0000][1][safepoint    ] Entering safepoint region: RevokeBias
[2019-12-08T09:54:35.024+0000][1][safepoint    ] Leaving safepoint region
[2019-12-08T09:54:35.024+0000][1][safepoint    ] Total time for which application threads were stopped: 0.0001071 seconds, Stopping threads took: 0.0000487 seconds
[2019-12-08T09:54:35.029+0000][1][safepoint    ] Application time: 0.0047590 seconds
[2019-12-08T09:54:35.029+0000][1][safepoint    ] Entering safepoint region: Deoptimize
[2019-12-08T09:54:35.029+0000][1][safepoint    ] Leaving safepoint region
[2019-12-08T09:54:35.029+0000][1][safepoint    ] Total time for which application threads were stopped: 0.0000655 seconds, Stopping threads took: 0.0000108 seconds
[2019-12-08T09:54:35.225+0000][1][safepoint    ] Application time: 0.1964708 seconds
[2019-12-08T09:54:35.225+0000][1][safepoint    ] Entering safepoint region: Deoptimize
[2019-12-08T09:54:35.225+0000][1][safepoint    ] Leaving safepoint region
[2019-12-08T09:54:35.225+0000][1][safepoint    ] Total time for which application threads were stopped: 0.0000957 seconds, Stopping threads took: 0.0000095 seconds
[2019-12-08T09:54:35.949+0000][1][safepoint    ] Application time: 0.7233628 seconds
[2019-12-08T09:54:35.949+0000][1][safepoint    ] Entering safepoint region: Deoptimize
[2019-12-08T09:54:35.949+0000][1][safepoint    ] Leaving safepoint region
[2019-12-08T09:54:35.949+0000][1][safepoint    ] Total time for which application threads were stopped: 0.0001727 seconds, Stopping threads took: 0.0000113 seconds
[2019-12-08T09:54:36.047+0000][1][safepoint    ] Application time: 0.0977311 seconds
[2019-12-08T09:54:36.047+0000][1][safepoint    ] Entering safepoint region: Deoptimize
[2019-12-08T09:54:36.047+0000][1][safepoint    ] Leaving safepoint region
[2019-12-08T09:54:36.047+0000][1][safepoint    ] Total time for which application threads were stopped: 0.0001351 seconds, Stopping threads took: 0.0000097 seconds
[2019-12-08T09:54:36.074+0000][1][safepoint    ] Application time: 0.0273110 seconds
[2019-12-08T09:54:36.074+0000][1][safepoint    ] Entering safepoint region: Deoptimize
[2019-12-08T09:54:36.074+0000][1][safepoint    ] Leaving safepoint region
[2019-12-08T09:54:36.074+0000][1][safepoint    ] Total time for which application threads were stopped: 0.0001933 seconds, Stopping threads took: 0.0000708 seconds
[2019-12-08T09:54:37.078+0000][1][safepoint    ] Application time: 1.0033253 seconds
[2019-12-08T09:54:37.078+0000][1][safepoint    ] Entering safepoint region: Cleanup
[2019-12-08T09:54:37.078+0000][1][safepoint    ] Leaving safepoint region
[2019-12-08T09:54:37.078+0000][1][safepoint    ] Total time for which application threads were stopped: 0.0001293 seconds, Stopping threads took: 0.0000400 seconds
[2019-12-08T09:54:37.533+0000][1][safepoint    ] Application time: 0.4549700 seconds
[2019-12-08T09:54:37.533+0000][1][safepoint    ] Entering safepoint region: Deoptimize
[2019-12-08T09:54:37.533+0000][1][safepoint    ] Leaving safepoint region
[2019-12-08T09:54:37.533+0000][1][safepoint    ] Total time for which application threads were stopped: 0.0002114 seconds, Stopping threads took: 0.0000112 seconds
[2019-12-08T09:54:38.194+0000][1][safepoint    ] Application time: 0.6610587 seconds
[2019-12-08T09:54:38.194+0000][1][safepoint    ] Entering safepoint region: RevokeBias
[2019-12-08T09:54:38.194+0000][1][safepoint    ] Leaving safepoint region
[2019-12-08T09:54:38.194+0000][1][safepoint    ] Total time for which application threads were stopped: 0.0001580 seconds, Stopping threads took: 0.0000424 seconds
[2019-12-08T09:54:38.536+0000][1][safepoint    ] Application time: 0.3412915 seconds
[2019-12-08T09:54:38.536+0000][1][safepoint    ] Entering safepoint region: Deoptimize
[2019-12-08T09:54:38.536+0000][1][safepoint    ] Leaving safepoint region
[2019-12-08T09:54:38.536+0000][1][safepoint    ] Total time for which application threads were stopped: 0.0002223 seconds, Stopping threads took: 0.0000099 seconds
[2019-12-08T09:54:38.985+0000][1][safepoint    ] Application time: 0.4488181 seconds
[2019-12-08T09:54:38.985+0000][1][safepoint    ] Entering safepoint region: Deoptimize
[2019-12-08T09:54:38.985+0000][1][safepoint    ] Leaving safepoint region
[2019-12-08T09:54:38.985+0000][1][safepoint    ] Total time for which application threads were stopped: 0.0002758 seconds, Stopping threads took: 0.0000101 seconds
[2019-12-08T09:54:38.985+0000][1][safepoint    ] Application time: 0.0001913 seconds
[2019-12-08T09:54:38.985+0000][1][safepoint    ] Entering safepoint region: Deoptimize
[2019-12-08T09:54:38.985+0000][1][safepoint    ] Leaving safepoint region
[2019-12-08T09:54:38.986+0000][1][safepoint    ] Total time for which application threads were stopped: 0.0001999 seconds, Stopping threads took: 0.0000090 seconds
[2019-12-08T09:54:39.121+0000][1][safepoint    ] Application time: 0.1359029 seconds
[2019-12-08T09:54:39.121+0000][1][safepoint    ] Entering safepoint region: Deoptimize
[2019-12-08T09:54:39.122+0000][1][safepoint    ] Leaving safepoint region
[2019-12-08T09:54:39.122+0000][1][safepoint    ] Total time for which application threads were stopped: 0.0002779 seconds, Stopping threads took: 0.0000125 seconds
[2019-12-08T09:54:39.188+0000][1][safepoint    ] Application time: 0.0659726 seconds
[2019-12-08T09:54:39.188+0000][1][safepoint    ] Entering safepoint region: RevokeBias
[2019-12-08T09:54:39.188+0000][1][safepoint    ] Leaving safepoint region
[2019-12-08T09:54:39.188+0000][1][safepoint    ] Total time for which application threads were stopped: 0.0000704 seconds, Stopping threads took: 0.0000293 seconds
[2019-12-08T09:54:39.194+0000][1][safepoint    ] Application time: 0.0059016 seconds
[2019-12-08T09:54:39.240+0000][1][safepoint    ] Entering safepoint region: RevokeBias
[2019-12-08T09:54:39.240+0000][1][safepoint    ] Leaving safepoint region
[2019-12-08T09:54:39.240+0000][1][safepoint    ] Total time for which application threads were stopped: 0.0461640 seconds, Stopping threads took: 0.0460616 seconds
[2019-12-08T09:54:39.240+0000][1][safepoint    ] Application time: 0.0001104 seconds
[2019-12-08T09:54:39.240+0000][1][safepoint    ] Entering safepoint region: RevokeBias
[2019-12-08T09:54:39.240+0000][1][safepoint    ] Leaving safepoint region
[2019-12-08T09:54:39.240+0000][1][safepoint    ] Total time for which application threads were stopped: 0.0000464 seconds, Stopping threads took: 0.0000091 seconds
[2019-12-08T09:54:39.240+0000][1][safepoint    ] Application time: 0.0001683 seconds
[2019-12-08T09:54:39.240+0000][1][safepoint    ] Entering safepoint region: RevokeBias
[2019-12-08T09:54:39.240+0000][1][safepoint    ] Leaving safepoint region
[2019-12-08T09:54:39.240+0000][1][safepoint    ] Total time for which application threads were stopped: 0.0000530 seconds, Stopping threads took: 0.0000095 seconds
[2019-12-08T09:54:39.733+0000][1][safepoint    ] Application time: 0.4930808 seconds
[2019-12-08T09:54:39.733+0000][1][safepoint    ] Entering safepoint region: GenCollectForAllocation
[2019-12-08T09:54:39.734+0000][1][gc,start     ] GC(0) Pause Young (Allocation Failure)
[2019-12-08T09:54:39.734+0000][1][gc,task      ] GC(0) Using 4 workers of 4 for evacuation
[2019-12-08T09:54:39.745+0000][1][gc,age       ] GC(0) Desired survivor size 4456448 bytes, new threshold 1 (max threshold 6)
[2019-12-08T09:54:39.745+0000][1][gc,age       ] GC(0) Age table with threshold 1 (max threshold 6)
[2019-12-08T09:54:39.745+0000][1][gc,age       ] GC(0) - age   1:    6709968 bytes,    6709968 total
[2019-12-08T09:54:39.745+0000][1][gc,heap      ] GC(0) ParNew: 69952K->6633K(78656K)
[2019-12-08T09:54:39.745+0000][1][gc,heap      ] GC(0) CMS: 0K->0K(174784K)
[2019-12-08T09:54:39.746+0000][1][gc,metaspace ] GC(0) Metaspace: 12873K->12873K(1060864K)
[2019-12-08T09:54:39.746+0000][1][gc           ] GC(0) Pause Young (Allocation Failure) 68M->6M(247M) 11.904ms
[2019-12-08T09:54:39.746+0000][1][gc,cpu       ] GC(0) User=0.02s Sys=0.01s Real=0.01s
[2019-12-08T09:54:39.746+0000][1][safepoint    ] Leaving safepoint region
[2019-12-08T09:54:39.746+0000][1][safepoint    ] Total time for which application threads were stopped: 0.0121225 seconds, Stopping threads took: 0.0000645 seconds
[2019-12-08T09:54:39.751+0000][1][safepoint    ] Application time: 0.0058606 seconds
[2019-12-08T09:54:39.752+0000][1][safepoint    ] Entering safepoint region: RevokeBias
[2019-12-08T09:54:39.752+0000][1][safepoint    ] Leaving safepoint region
[2019-12-08T09:54:39.752+0000][1][safepoint    ] Total time for which application threads were stopped: 0.0003114 seconds, Stopping threads took: 0.0002112 seconds
[2019-12-08T09:54:39.752+0000][1][safepoint    ] Application time: 0.0001189 seconds
[2019-12-08T09:54:39.752+0000][1][safepoint    ] Entering safepoint region: RevokeBias
[2019-12-08T09:54:39.752+0000][1][safepoint    ] Leaving safepoint region
[2019-12-08T09:54:39.752+0000][1][safepoint    ] Total time for which application threads were stopped: 0.0000505 seconds, Stopping threads took: 0.0000074 seconds
[2019-12-08T09:54:39.752+0000][1][safepoint    ] Application time: 0.0000561 seconds
[2019-12-08T09:54:39.752+0000][1][safepoint    ] Entering safepoint region: RevokeBias
[2019-12-08T09:54:39.752+0000][1][safepoint    ] Leaving safepoint region
[2019-12-08T09:54:39.752+0000][1][safepoint    ] Total time for which application threads were stopped: 0.0000440 seconds, Stopping threads took: 0.0000069 seconds
[2019-12-08T09:54:39.752+0000][1][safepoint    ] Application time: 0.0000444 seconds
[2019-12-08T09:54:39.752+0000][1][safepoint    ] Entering safepoint region: RevokeBias
[2019-12-08T09:54:39.752+0000][1][safepoint    ] Leaving safepoint region
[2019-12-08T09:54:39.752+0000][1][safepoint    ] Total time for which application threads were stopped: 0.0000402 seconds, Stopping threads took: 0.0000063 seconds
[2019-12-08T09:54:39.752+0000][1][safepoint    ] Application time: 0.0000557 seconds
[2019-12-08T09:54:39.752+0000][1][safepoint    ] Entering safepoint region: RevokeBias
[2019-12-08T09:54:39.752+0000][1][safepoint    ] Leaving safepoint region
[2019-12-08T09:54:39.752+0000][1][safepoint    ] Total time for which application threads were stopped: 0.0000480 seconds, Stopping threads took: 0.0000071 seconds
[2019-12-08T09:54:39.752+0000][1][safepoint    ] Application time: 0.0000444 seconds
[2019-12-08T09:54:39.752+0000][1][safepoint    ] Entering safepoint region: RevokeBias
[2019-12-08T09:54:39.752+0000][1][safepoint    ] Leaving safepoint region
[2019-12-08T09:54:39.752+0000][1][safepoint    ] Total time for which application threads were stopped: 0.0000432 seconds, Stopping threads took: 0.0000066 seconds
[2019-12-08T09:54:39.752+0000][1][safepoint    ] Application time: 0.0000512 seconds
[2019-12-08T09:54:39.752+0000][1][safepoint    ] Entering safepoint region: RevokeBias
[2019-12-08T09:54:39.753+0000][1][safepoint    ] Leaving safepoint region
[2019-12-08T09:54:39.753+0000][1][safepoint    ] Total time for which application threads were stopped: 0.0000748 seconds, Stopping threads took: 0.0000070 seconds
[2019-12-08T09:54:39.753+0000][1][safepoint    ] Application time: 0.0000509 seconds
[2019-12-08T09:54:39.753+0000][1][safepoint    ] Entering safepoint region: RevokeBias
[2019-12-08T09:54:39.753+0000][1][safepoint    ] Leaving safepoint region
[2019-12-08T09:54:39.753+0000][1][safepoint    ] Total time for which application threads were stopped: 0.0000447 seconds, Stopping threads took: 0.0000067 seconds
[2019-12-08T09:54:39.753+0000][1][safepoint    ] Application time: 0.0000609 seconds
[2019-12-08T09:54:39.753+0000][1][safepoint    ] Entering safepoint region: RevokeBias
[2019-12-08T09:54:39.753+0000][1][safepoint    ] Leaving safepoint region
[2019-12-08T09:54:39.753+0000][1][safepoint    ] Total time for which application threads were stopped: 0.0000531 seconds, Stopping threads took: 0.0000132 seconds
[2019-12-08T09:54:39.753+0000][1][safepoint    ] Application time: 0.0000434 seconds
[2019-12-08T09:54:39.753+0000][1][safepoint    ] Entering safepoint region: RevokeBias
[2019-12-08T09:54:39.753+0000][1][safepoint    ] Leaving safepoint region
[2019-12-08T09:54:39.753+0000][1][safepoint    ] Total time for which application threads were stopped: 0.0000422 seconds, Stopping threads took: 0.0000068 seconds
[2019-12-08T09:54:39.753+0000][1][safepoint    ] Application time: 0.0000492 seconds
[2019-12-08T09:54:39.753+0000][1][safepoint    ] Entering safepoint region: RevokeBias
[2019-12-08T09:54:39.753+0000][1][safepoint    ] Leaving safepoint region
[2019-12-08T09:54:39.753+0000][1][safepoint    ] Total time for which application threads were stopped: 0.0000446 seconds, Stopping threads took: 0.0000068 seconds
[2019-12-08T09:54:39.753+0000][1][safepoint    ] Application time: 0.0000425 seconds
[2019-12-08T09:54:39.753+0000][1][safepoint    ] Entering safepoint region: RevokeBias
[2019-12-08T09:54:39.753+0000][1][safepoint    ] Leaving safepoint region
[2019-12-08T09:54:39.753+0000][1][safepoint    ] Total time for which application threads were stopped: 0.0000414 seconds, Stopping threads took: 0.0000066 seconds
[2019-12-08T09:54:39.753+0000][1][safepoint    ] Application time: 0.0000482 seconds
[2019-12-08T09:54:39.753+0000][1][safepoint    ] Entering safepoint region: RevokeBias
[2019-12-08T09:54:39.753+0000][1][safepoint    ] Leaving safepoint region
[2019-12-08T09:54:39.753+0000][1][safepoint    ] Total time for which application threads were stopped: 0.0000430 seconds, Stopping threads took: 0.0000067 seconds
[2019-12-08T09:54:39.753+0000][1][safepoint    ] Application time: 0.0000437 seconds
[2019-12-08T09:54:39.753+0000][1][safepoint    ] Entering safepoint region: RevokeBias
[2019-12-08T09:54:39.753+0000][1][safepoint    ] Leaving safepoint region
[2019-12-08T09:54:39.753+0000][1][safepoint    ] Total time for which application threads were stopped: 0.0000429 seconds, Stopping threads took: 0.0000066 seconds
[2019-12-08T09:54:39.753+0000][1][safepoint    ] Application time: 0.0000482 seconds
[2019-12-08T09:54:39.753+0000][1][safepoint    ] Entering safepoint region: RevokeBias
[2019-12-08T09:54:39.753+0000][1][safepoint    ] Leaving safepoint region
[2019-12-08T09:54:39.753+0000][1][safepoint    ] Total time for which application threads were stopped: 0.0000433 seconds, Stopping threads took: 0.0000068 seconds
[2019-12-08T09:54:39.753+0000][1][safepoint    ] Application time: 0.0000434 seconds
[2019-12-08T09:54:39.753+0000][1][safepoint    ] Entering safepoint region: RevokeBias
[2019-12-08T09:54:39.753+0000][1][safepoint    ] Leaving safepoint region
[2019-12-08T09:54:39.753+0000][1][safepoint    ] Total time for which application threads were stopped: 0.0000417 seconds, Stopping threads took: 0.0000064 seconds
[2019-12-08T09:54:39.754+0000][1][safepoint    ] Application time: 0.0000510 seconds
[2019-12-08T09:54:39.754+0000][1][safepoint    ] Entering safepoint region: RevokeBias
[2019-12-08T09:54:39.754+0000][1][safepoint    ] Leaving safepoint region
[2019-12-08T09:54:39.754+0000][1][safepoint    ] Total time for which application threads were stopped: 0.0000433 seconds, Stopping threads took: 0.0000069 seconds
[2019-12-08T09:54:39.754+0000][1][safepoint    ] Application time: 0.0000428 seconds
[2019-12-08T09:54:39.754+0000][1][safepoint    ] Entering safepoint region: RevokeBias
[2019-12-08T09:54:39.754+0000][1][safepoint    ] Leaving safepoint region
[2019-12-08T09:54:39.754+0000][1][safepoint    ] Total time for which application threads were stopped: 0.0000572 seconds, Stopping threads took: 0.0000064 seconds
[2019-12-08T09:54:39.754+0000][1][safepoint    ] Application time: 0.0000727 seconds
[2019-12-08T09:54:39.754+0000][1][safepoint    ] Entering safepoint region: RevokeBias
[2019-12-08T09:54:39.754+0000][1][safepoint    ] Leaving safepoint region
[2019-12-08T09:54:39.754+0000][1][safepoint    ] Total time for which application threads were stopped: 0.0000560 seconds, Stopping threads took: 0.0000129 seconds
[2019-12-08T09:54:39.754+0000][1][safepoint    ] Application time: 0.0000462 seconds
[2019-12-08T09:54:39.754+0000][1][safepoint    ] Entering safepoint region: RevokeBias
[2019-12-08T09:54:39.754+0000][1][safepoint    ] Leaving safepoint region
[2019-12-08T09:54:39.754+0000][1][safepoint    ] Total time for which application threads were stopped: 0.0000482 seconds, Stopping threads took: 0.0000067 seconds
[2019-12-08T09:54:39.754+0000][1][safepoint    ] Application time: 0.0000551 seconds
[2019-12-08T09:54:39.754+0000][1][safepoint    ] Entering safepoint region: RevokeBias
[2019-12-08T09:54:39.754+0000][1][safepoint    ] Leaving safepoint region
[2019-12-08T09:54:39.754+0000][1][safepoint    ] Total time for which application threads were stopped: 0.0000538 seconds, Stopping threads took: 0.0000072 seconds
[2019-12-08T09:54:39.754+0000][1][safepoint    ] Application time: 0.0000438 seconds
[2019-12-08T09:54:39.754+0000][1][safepoint    ] Entering safepoint region: RevokeBias
[2019-12-08T09:54:39.754+0000][1][safepoint    ] Leaving safepoint region
[2019-12-08T09:54:39.754+0000][1][safepoint    ] Total time for which application threads were stopped: 0.0000423 seconds, Stopping threads took: 0.0000065 seconds
[2019-12-08T09:54:39.754+0000][1][safepoint    ] Application time: 0.0000517 seconds
[2019-12-08T09:54:39.754+0000][1][safepoint    ] Entering safepoint region: RevokeBias
[2019-12-08T09:54:39.754+0000][1][safepoint    ] Leaving safepoint region
[2019-12-08T09:54:39.754+0000][1][safepoint    ] Total time for which application threads were stopped: 0.0000419 seconds, Stopping threads took: 0.0000067 seconds
[2019-12-08T09:54:39.754+0000][1][safepoint    ] Application time: 0.0000431 seconds
[2019-12-08T09:54:39.754+0000][1][safepoint    ] Entering safepoint region: RevokeBias
[2019-12-08T09:54:39.754+0000][1][safepoint    ] Leaving safepoint region
[2019-12-08T09:54:39.754+0000][1][safepoint    ] Total time for which application threads were stopped: 0.0000394 seconds, Stopping threads took: 0.0000064 seconds
[2019-12-08T09:54:39.754+0000][1][safepoint    ] Application time: 0.0000683 seconds
[2019-12-08T09:54:39.754+0000][1][safepoint    ] Entering safepoint region: RevokeBias
[2019-12-08T09:54:39.754+0000][1][safepoint    ] Leaving safepoint region
[2019-12-08T09:54:39.754+0000][1][safepoint    ] Total time for which application threads were stopped: 0.0000423 seconds, Stopping threads took: 0.0000066 seconds
[2019-12-08T09:54:39.755+0000][1][safepoint    ] Application time: 0.0000432 seconds
[2019-12-08T09:54:39.755+0000][1][safepoint    ] Entering safepoint region: RevokeBias
[2019-12-08T09:54:39.755+0000][1][safepoint    ] Leaving safepoint region
[2019-12-08T09:54:39.755+0000][1][safepoint    ] Total time for which application threads were stopped: 0.0000416 seconds, Stopping threads took: 0.0000066 seconds
[2019-12-08T09:54:39.755+0000][1][safepoint    ] Application time: 0.0003051 seconds
[2019-12-08T09:54:39.755+0000][1][safepoint    ] Entering safepoint region: RevokeBias
[2019-12-08T09:54:39.755+0000][1][safepoint    ] Leaving safepoint region
[2019-12-08T09:54:39.755+0000][1][safepoint    ] Total time for which application threads were stopped: 0.0000630 seconds, Stopping threads took: 0.0000088 seconds
[2019-12-08T09:54:39.755+0000][1][safepoint    ] Application time: 0.0000530 seconds
[2019-12-08T09:54:39.755+0000][1][safepoint    ] Entering safepoint region: RevokeBias
[2019-12-08T09:54:39.755+0000][1][safepoint    ] Leaving safepoint region
[2019-12-08T09:54:39.755+0000][1][safepoint    ] Total time for which application threads were stopped: 0.0000460 seconds, Stopping threads took: 0.0000078 seconds
[2019-12-08T09:54:39.755+0000][1][safepoint    ] Application time: 0.0000615 seconds
[2019-12-08T09:54:39.755+0000][1][safepoint    ] Entering safepoint region: RevokeBias
[2019-12-08T09:54:39.755+0000][1][safepoint    ] Leaving safepoint region
[2019-12-08T09:54:39.755+0000][1][safepoint    ] Total time for which application threads were stopped: 0.0000530 seconds, Stopping threads took: 0.0000136 seconds
[2019-12-08T09:54:39.755+0000][1][safepoint    ] Application time: 0.0000497 seconds
[2019-12-08T09:54:39.755+0000][1][safepoint    ] Entering safepoint region: RevokeBias
[2019-12-08T09:54:39.755+0000][1][safepoint    ] Leaving safepoint region
[2019-12-08T09:54:39.755+0000][1][safepoint    ] Total time for which application threads were stopped: 0.0000493 seconds, Stopping threads took: 0.0000075 seconds
[2019-12-08T09:54:39.901+0000][1][safepoint    ] Application time: 0.1453576 seconds
[2019-12-08T09:54:39.901+0000][1][safepoint    ] Entering safepoint region: RevokeBias
[2019-12-08T09:54:39.901+0000][1][safepoint    ] Leaving safepoint region
[2019-12-08T09:54:39.901+0000][1][safepoint    ] Total time for which application threads were stopped: 0.0000957 seconds, Stopping threads took: 0.0000132 seconds
[2019-12-08T09:54:40.516+0000][1][safepoint    ] Application time: 0.6152520 seconds
[2019-12-08T09:54:40.516+0000][1][safepoint    ] Entering safepoint region: RevokeBias
[2019-12-08T09:54:40.516+0000][1][safepoint    ] Leaving safepoint region
[2019-12-08T09:54:40.516+0000][1][safepoint    ] Total time for which application threads were stopped: 0.0001140 seconds, Stopping threads took: 0.0000114 seconds
[2019-12-08T09:54:40.900+0000][1][safepoint    ] Application time: 0.3835487 seconds
[2019-12-08T09:54:40.900+0000][1][safepoint    ] Entering safepoint region: RevokeBias
[2019-12-08T09:54:40.900+0000][1][safepoint    ] Leaving safepoint region
[2019-12-08T09:54:40.900+0000][1][safepoint    ] Total time for which application threads were stopped: 0.0001305 seconds, Stopping threads took: 0.0000104 seconds
[2019-12-08T09:54:40.914+0000][1][safepoint    ] Application time: 0.0138088 seconds
[2019-12-08T09:54:40.914+0000][1][safepoint    ] Entering safepoint region: RevokeBias
[2019-12-08T09:54:40.914+0000][1][safepoint    ] Leaving safepoint region
[2019-12-08T09:54:40.914+0000][1][safepoint    ] Total time for which application threads were stopped: 0.0000726 seconds, Stopping threads took: 0.0000130 seconds
[2019-12-08T09:54:40.924+0000][1][safepoint    ] Application time: 0.0096887 seconds
[2019-12-08T09:54:40.924+0000][1][safepoint    ] Entering safepoint region: GenCollectForAllocation
[2019-12-08T09:54:40.924+0000][1][gc,start     ] GC(1) Pause Young (Allocation Failure)
[2019-12-08T09:54:40.924+0000][1][gc,task      ] GC(1) Using 4 workers of 4 for evacuation
[2019-12-08T09:54:41.000+0000][1][gc,age       ] GC(1) Desired survivor size 4456448 bytes, new threshold 6 (max threshold 6)
[2019-12-08T09:54:41.000+0000][1][gc,age       ] GC(1) Age table with threshold 6 (max threshold 6)
[2019-12-08T09:54:41.000+0000][1][gc,age       ] GC(1) - age   1:    1210136 bytes,    1210136 total
[2019-12-08T09:54:41.000+0000][1][gc,heap      ] GC(1) ParNew: 76585K->4095K(78656K)
[2019-12-08T09:54:41.000+0000][1][gc,heap      ] GC(1) CMS: 0K->7032K(174784K)
[2019-12-08T09:54:41.000+0000][1][gc,metaspace ] GC(1) Metaspace: 14808K->14808K(1062912K)
[2019-12-08T09:54:41.000+0000][1][gc           ] GC(1) Pause Young (Allocation Failure) 74M->10M(247M) 76.409ms
[2019-12-08T09:54:41.000+0000][1][gc,cpu       ] GC(1) User=0.07s Sys=0.00s Real=0.07s
[2019-12-08T09:54:41.000+0000][1][safepoint    ] Leaving safepoint region
[2019-12-08T09:54:41.000+0000][1][safepoint    ] Total time for which application threads were stopped: 0.0766005 seconds, Stopping threads took: 0.0000557 seconds
[2019-12-08T09:54:41.029+0000][1][safepoint    ] Application time: 0.0287002 seconds
[2019-12-08T09:54:41.030+0000][1][safepoint    ] Entering safepoint region: BulkRevokeBias
[2019-12-08T09:54:41.030+0000][1][safepoint    ] Leaving safepoint region
[2019-12-08T09:54:41.030+0000][1][safepoint    ] Total time for which application threads were stopped: 0.0008677 seconds, Stopping threads took: 0.0007559 seconds
[2019-12-08T09:54:41.030+0000][1][safepoint    ] Application time: 0.0001265 seconds
[2019-12-08T09:54:41.030+0000][1][safepoint    ] Entering safepoint region: RevokeBias
[2019-12-08T09:54:41.030+0000][1][safepoint    ] Leaving safepoint region
[2019-12-08T09:54:41.030+0000][1][safepoint    ] Total time for which application threads were stopped: 0.0000362 seconds, Stopping threads took: 0.0000075 seconds
[2019-12-08T09:54:41.030+0000][1][safepoint    ] Application time: 0.0000540 seconds
[2019-12-08T09:54:41.030+0000][1][safepoint    ] Entering safepoint region: RevokeBias
[2019-12-08T09:54:41.030+0000][1][safepoint    ] Leaving safepoint region
[2019-12-08T09:54:41.030+0000][1][safepoint    ] Total time for which application threads were stopped: 0.0000311 seconds, Stopping threads took: 0.0000062 seconds
[2019-12-08T09:54:41.030+0000][1][safepoint    ] Application time: 0.0000435 seconds
[2019-12-08T09:54:41.030+0000][1][safepoint    ] Entering safepoint region: RevokeBias
[2019-12-08T09:54:41.030+0000][1][safepoint    ] Leaving safepoint region
[2019-12-08T09:54:41.030+0000][1][safepoint    ] Total time for which application threads were stopped: 0.0000291 seconds, Stopping threads took: 0.0000061 seconds
[2019-12-08T09:54:41.030+0000][1][safepoint    ] Application time: 0.0000500 seconds
[2019-12-08T09:54:41.030+0000][1][safepoint    ] Entering safepoint region: RevokeBias
[2019-12-08T09:54:41.030+0000][1][safepoint    ] Leaving safepoint region
[2019-12-08T09:54:41.030+0000][1][safepoint    ] Total time for which application threads were stopped: 0.0000298 seconds, Stopping threads took: 0.0000062 seconds
[2019-12-08T09:54:41.030+0000][1][safepoint    ] Application time: 0.0000432 seconds
[2019-12-08T09:54:41.030+0000][1][safepoint    ] Entering safepoint region: RevokeBias
[2019-12-08T09:54:41.030+0000][1][safepoint    ] Leaving safepoint region
[2019-12-08T09:54:41.030+0000][1][safepoint    ] Total time for which application threads were stopped: 0.0000286 seconds, Stopping threads took: 0.0000060 seconds
[2019-12-08T09:54:41.030+0000][1][safepoint    ] Application time: 0.0000477 seconds
[2019-12-08T09:54:41.030+0000][1][safepoint    ] Entering safepoint region: BulkRevokeBias
[2019-12-08T09:54:41.030+0000][1][safepoint    ] Leaving safepoint region
[2019-12-08T09:54:41.030+0000][1][safepoint    ] Total time for which application threads were stopped: 0.0000508 seconds, Stopping threads took: 0.0000061 seconds
[2019-12-08T09:54:41.031+0000][1][safepoint    ] Application time: 0.0000443 seconds
[2019-12-08T09:54:41.031+0000][1][safepoint    ] Entering safepoint region: RevokeBias
[2019-12-08T09:54:41.031+0000][1][safepoint    ] Leaving safepoint region
[2019-12-08T09:54:41.031+0000][1][safepoint    ] Total time for which application threads were stopped: 0.0000297 seconds, Stopping threads took: 0.0000062 seconds
[2019-12-08T09:54:41.031+0000][1][safepoint    ] Application time: 0.0000462 seconds
[2019-12-08T09:54:41.031+0000][1][safepoint    ] Entering safepoint region: BulkRevokeBias
[2019-12-08T09:54:41.031+0000][1][safepoint    ] Leaving safepoint region
[2019-12-08T09:54:41.031+0000][1][safepoint    ] Total time for which application threads were stopped: 0.0000465 seconds, Stopping threads took: 0.0000061 seconds
[2019-12-08T09:54:41.604+0000][1][safepoint    ] Application time: 0.5730672 seconds
[2019-12-08T09:54:41.604+0000][1][safepoint    ] Entering safepoint region: GenCollectForAllocation
[2019-12-08T09:54:41.604+0000][1][gc,start     ] GC(2) Pause Young (Allocation Failure)
[2019-12-08T09:54:41.604+0000][1][gc,task      ] GC(2) Using 4 workers of 4 for evacuation
[2019-12-08T09:54:41.632+0000][1][gc,age       ] GC(2) Desired survivor size 4456448 bytes, new threshold 6 (max threshold 6)
[2019-12-08T09:54:41.632+0000][1][gc,age       ] GC(2) Age table with threshold 6 (max threshold 6)
[2019-12-08T09:54:41.632+0000][1][gc,age       ] GC(2) - age   1:    1139784 bytes,    1139784 total
[2019-12-08T09:54:41.632+0000][1][gc,age       ] GC(2) - age   2:     938368 bytes,    2078152 total
[2019-12-08T09:54:41.632+0000][1][gc,heap      ] GC(2) ParNew: 74047K->2528K(78656K)
[2019-12-08T09:54:41.632+0000][1][gc,heap      ] GC(2) CMS: 7032K->7032K(174784K)
[2019-12-08T09:54:41.632+0000][1][gc,metaspace ] GC(2) Metaspace: 14907K->14907K(1062912K)
[2019-12-08T09:54:41.632+0000][1][gc           ] GC(2) Pause Young (Allocation Failure) 79M->9M(247M) 28.039ms
[2019-12-08T09:54:41.632+0000][1][gc,cpu       ] GC(2) User=0.01s Sys=0.00s Real=0.03s
[2019-12-08T09:54:41.632+0000][1][safepoint    ] Leaving safepoint region
[2019-12-08T09:54:41.632+0000][1][safepoint    ] Total time for which application threads were stopped: 0.0281967 seconds, Stopping threads took: 0.0000117 seconds
[2019-12-08T09:54:41.650+0000][1][safepoint    ] Application time: 0.0184906 seconds
[2019-12-08T09:54:41.661+0000][1][safepoint    ] Entering safepoint region: RevokeBias
[2019-12-08T09:54:41.661+0000][1][safepoint    ] Leaving safepoint region
[2019-12-08T09:54:41.661+0000][1][safepoint    ] Total time for which application threads were stopped: 0.0102995 seconds, Stopping threads took: 0.0101280 seconds
[2019-12-08T09:54:41.661+0000][1][safepoint    ] Application time: 0.0000716 seconds
[2019-12-08T09:54:41.661+0000][1][safepoint    ] Entering safepoint region: RevokeBias
[2019-12-08T09:54:41.661+0000][1][safepoint    ] Leaving safepoint region
[2019-12-08T09:54:41.661+0000][1][safepoint    ] Total time for which application threads were stopped: 0.0000705 seconds, Stopping threads took: 0.0000093 seconds
[2019-12-08T09:54:41.661+0000][1][safepoint    ] Application time: 0.0000709 seconds
[2019-12-08T09:54:41.661+0000][1][safepoint    ] Entering safepoint region: RevokeBias
[2019-12-08T09:54:41.661+0000][1][safepoint    ] Leaving safepoint region
[2019-12-08T09:54:41.661+0000][1][safepoint    ] Total time for which application threads were stopped: 0.0000565 seconds, Stopping threads took: 0.0000078 seconds
[2019-12-08T09:54:41.661+0000][1][safepoint    ] Application time: 0.0000522 seconds
[2019-12-08T09:54:41.661+0000][1][safepoint    ] Entering safepoint region: RevokeBias
[2019-12-08T09:54:41.661+0000][1][safepoint    ] Leaving safepoint region
[2019-12-08T09:54:41.661+0000][1][safepoint    ] Total time for which application threads were stopped: 0.0000533 seconds, Stopping threads took: 0.0000081 seconds
[2019-12-08T09:54:41.661+0000][1][safepoint    ] Application time: 0.0000647 seconds
[2019-12-08T09:54:41.661+0000][1][safepoint    ] Entering safepoint region: RevokeBias
[2019-12-08T09:54:41.661+0000][1][safepoint    ] Leaving safepoint region
[2019-12-08T09:54:41.661+0000][1][safepoint    ] Total time for which application threads were stopped: 0.0000486 seconds, Stopping threads took: 0.0000066 seconds
[2019-12-08T09:54:41.661+0000][1][safepoint    ] Application time: 0.0000454 seconds
[2019-12-08T09:54:41.661+0000][1][safepoint    ] Entering safepoint region: RevokeBias
[2019-12-08T09:54:41.661+0000][1][safepoint    ] Leaving safepoint region
[2019-12-08T09:54:41.661+0000][1][safepoint    ] Total time for which application threads were stopped: 0.0000476 seconds, Stopping threads took: 0.0000066 seconds
[2019-12-08T09:54:41.662+0000][1][safepoint    ] Application time: 0.0000521 seconds
[2019-12-08T09:54:41.662+0000][1][safepoint    ] Entering safepoint region: RevokeBias
[2019-12-08T09:54:41.662+0000][1][safepoint    ] Leaving safepoint region
[2019-12-08T09:54:41.662+0000][1][safepoint    ] Total time for which application threads were stopped: 0.0000457 seconds, Stopping threads took: 0.0000064 seconds
[2019-12-08T09:54:41.662+0000][1][safepoint    ] Application time: 0.0000450 seconds
[2019-12-08T09:54:41.662+0000][1][safepoint    ] Entering safepoint region: RevokeBias
[2019-12-08T09:54:41.662+0000][1][safepoint    ] Leaving safepoint region
[2019-12-08T09:54:41.662+0000][1][safepoint    ] Total time for which application threads were stopped: 0.0000629 seconds, Stopping threads took: 0.0000068 seconds
[2019-12-08T09:54:41.662+0000][1][safepoint    ] Application time: 0.0000521 seconds
[2019-12-08T09:54:41.662+0000][1][safepoint    ] Entering safepoint region: RevokeBias
[2019-12-08T09:54:41.662+0000][1][safepoint    ] Leaving safepoint region
[2019-12-08T09:54:41.662+0000][1][safepoint    ] Total time for which application threads were stopped: 0.0000554 seconds, Stopping threads took: 0.0000156 seconds
[2019-12-08T09:54:41.662+0000][1][safepoint    ] Application time: 0.0000445 seconds
[2019-12-08T09:54:41.662+0000][1][safepoint    ] Entering safepoint region: RevokeBias
[2019-12-08T09:54:41.662+0000][1][safepoint    ] Leaving safepoint region
[2019-12-08T09:54:41.662+0000][1][safepoint    ] Total time for which application threads were stopped: 0.0000437 seconds, Stopping threads took: 0.0000067 seconds
[2019-12-08T09:54:41.662+0000][1][safepoint    ] Application time: 0.0000511 seconds
[2019-12-08T09:54:41.662+0000][1][safepoint    ] Entering safepoint region: RevokeBias
[2019-12-08T09:54:41.662+0000][1][safepoint    ] Leaving safepoint region
[2019-12-08T09:54:41.662+0000][1][safepoint    ] Total time for which application threads were stopped: 0.0000453 seconds, Stopping threads took: 0.0000068 seconds
[2019-12-08T09:54:41.662+0000][1][safepoint    ] Application time: 0.0000606 seconds
[2019-12-08T09:54:41.662+0000][1][safepoint    ] Entering safepoint region: RevokeBias
[2019-12-08T09:54:41.662+0000][1][safepoint    ] Leaving safepoint region
[2019-12-08T09:54:41.662+0000][1][safepoint    ] Total time for which application threads were stopped: 0.0000460 seconds, Stopping threads took: 0.0000066 seconds
[2019-12-08T09:54:41.662+0000][1][safepoint    ] Application time: 0.0000522 seconds
[2019-12-08T09:54:41.662+0000][1][safepoint    ] Entering safepoint region: RevokeBias
[2019-12-08T09:54:41.662+0000][1][safepoint    ] Leaving safepoint region
[2019-12-08T09:54:41.662+0000][1][safepoint    ] Total time for which application threads were stopped: 0.0000466 seconds, Stopping threads took: 0.0000070 seconds
[2019-12-08T09:54:41.662+0000][1][safepoint    ] Application time: 0.0000437 seconds
[2019-12-08T09:54:41.662+0000][1][safepoint    ] Entering safepoint region: RevokeBias
[2019-12-08T09:54:41.662+0000][1][safepoint    ] Leaving safepoint region
[2019-12-08T09:54:41.662+0000][1][safepoint    ] Total time for which application threads were stopped: 0.0000438 seconds, Stopping threads took: 0.0000066 seconds
[2019-12-08T09:54:41.662+0000][1][safepoint    ] Application time: 0.0000583 seconds
[2019-12-08T09:54:41.662+0000][1][safepoint    ] Entering safepoint region: RevokeBias
[2019-12-08T09:54:41.662+0000][1][safepoint    ] Leaving safepoint region
[2019-12-08T09:54:41.662+0000][1][safepoint    ] Total time for which application threads were stopped: 0.0000509 seconds, Stopping threads took: 0.0000077 seconds
[2019-12-08T09:54:41.663+0000][1][safepoint    ] Application time: 0.0000496 seconds
[2019-12-08T09:54:41.663+0000][1][safepoint    ] Entering safepoint region: RevokeBias
[2019-12-08T09:54:41.663+0000][1][safepoint    ] Leaving safepoint region
[2019-12-08T09:54:41.663+0000][1][safepoint    ] Total time for which application threads were stopped: 0.0000501 seconds, Stopping threads took: 0.0000073 seconds
[2019-12-08T09:54:41.663+0000][1][safepoint    ] Application time: 0.0000581 seconds
[2019-12-08T09:54:41.663+0000][1][safepoint    ] Entering safepoint region: RevokeBias
[2019-12-08T09:54:41.663+0000][1][safepoint    ] Leaving safepoint region
[2019-12-08T09:54:41.663+0000][1][safepoint    ] Total time for which application threads were stopped: 0.0000573 seconds, Stopping threads took: 0.0000126 seconds
[2019-12-08T09:54:41.663+0000][1][safepoint    ] Application time: 0.0000510 seconds
[2019-12-08T09:54:41.663+0000][1][safepoint    ] Entering safepoint region: RevokeBias
[2019-12-08T09:54:41.663+0000][1][safepoint    ] Leaving safepoint region
[2019-12-08T09:54:41.663+0000][1][safepoint    ] Total time for which application threads were stopped: 0.0000488 seconds, Stopping threads took: 0.0000071 seconds
[2019-12-08T09:54:42.056+0000][1][safepoint    ] Application time: 0.3934002 seconds
[2019-12-08T09:54:42.056+0000][1][safepoint    ] Entering safepoint region: Deoptimize
[2019-12-08T09:54:42.057+0000][1][safepoint    ] Leaving safepoint region
[2019-12-08T09:54:42.057+0000][1][safepoint    ] Total time for which application threads were stopped: 0.0004250 seconds, Stopping threads took: 0.0000170 seconds
[2019-12-08T09:54:42.061+0000][1][safepoint    ] Application time: 0.0044736 seconds
[2019-12-08T09:54:42.061+0000][1][safepoint    ] Entering safepoint region: Deoptimize
[2019-12-08T09:54:42.062+0000][1][safepoint    ] Leaving safepoint region
[2019-12-08T09:54:42.062+0000][1][safepoint    ] Total time for which application threads were stopped: 0.0003164 seconds, Stopping threads took: 0.0000115 seconds
[2019-12-08T09:54:42.784+0000][1][safepoint    ] Application time: 0.7222889 seconds
[2019-12-08T09:54:42.784+0000][1][safepoint    ] Entering safepoint region: GenCollectForAllocation
[2019-12-08T09:54:42.784+0000][1][gc,start     ] GC(3) Pause Young (Allocation Failure)
[2019-12-08T09:54:42.784+0000][1][gc,task      ] GC(3) Using 4 workers of 4 for evacuation
[2019-12-08T09:54:42.810+0000][1][gc,age       ] GC(3) Desired survivor size 4456448 bytes, new threshold 2 (max threshold 6)
[2019-12-08T09:54:42.810+0000][1][gc,age       ] GC(3) Age table with threshold 2 (max threshold 6)
[2019-12-08T09:54:42.810+0000][1][gc,age       ] GC(3) - age   1:    3429416 bytes,    3429416 total
[2019-12-08T09:54:42.810+0000][1][gc,age       ] GC(3) - age   2:    1105112 bytes,    4534528 total
[2019-12-08T09:54:42.810+0000][1][gc,age       ] GC(3) - age   3:     936192 bytes,    5470720 total
[2019-12-08T09:54:42.810+0000][1][gc,heap      ] GC(3) ParNew: 72480K->6256K(78656K)
[2019-12-08T09:54:42.810+0000][1][gc,heap      ] GC(3) CMS: 7032K->7032K(174784K)
[2019-12-08T09:54:42.810+0000][1][gc,metaspace ] GC(3) Metaspace: 18480K->18480K(1067008K)
[2019-12-08T09:54:42.810+0000][1][gc           ] GC(3) Pause Young (Allocation Failure) 77M->12M(247M) 25.668ms
[2019-12-08T09:54:42.810+0000][1][gc,cpu       ] GC(3) User=0.03s Sys=0.00s Real=0.02s
[2019-12-08T09:54:42.810+0000][1][safepoint    ] Leaving safepoint region
[2019-12-08T09:54:42.810+0000][1][safepoint    ] Total time for which application threads were stopped: 0.0258534 seconds, Stopping threads took: 0.0000103 seconds
[2019-12-08T09:54:42.813+0000][1][safepoint    ] Application time: 0.0032756 seconds
[2019-12-08T09:54:42.821+0000][1][safepoint    ] Entering safepoint region: BulkRevokeBias
[2019-12-08T09:54:42.821+0000][1][safepoint    ] Leaving safepoint region
[2019-12-08T09:54:42.821+0000][1][safepoint    ] Total time for which application threads were stopped: 0.0083863 seconds, Stopping threads took: 0.0081831 seconds
[2019-12-08T09:54:42.822+0000][1][safepoint    ] Application time: 0.0006375 seconds
[2019-12-08T09:54:42.822+0000][1][safepoint    ] Entering safepoint region: RevokeBias
[2019-12-08T09:54:42.822+0000][1][safepoint    ] Leaving safepoint region
[2019-12-08T09:54:42.822+0000][1][safepoint    ] Total time for which application threads were stopped: 0.0000930 seconds, Stopping threads took: 0.0000087 seconds
[2019-12-08T09:54:42.838+0000][1][safepoint    ] Application time: 0.0162779 seconds
[2019-12-08T09:54:42.843+0000][1][safepoint    ] Entering safepoint region: RevokeBias
[2019-12-08T09:54:42.843+0000][1][safepoint    ] Leaving safepoint region
[2019-12-08T09:54:42.843+0000][1][safepoint    ] Total time for which application threads were stopped: 0.0044600 seconds, Stopping threads took: 0.0043889 seconds
[2019-12-08T09:54:42.843+0000][1][safepoint    ] Application time: 0.0000622 seconds
[2019-12-08T09:54:42.843+0000][1][safepoint    ] Entering safepoint region: RevokeBias
[2019-12-08T09:54:42.843+0000][1][safepoint    ] Leaving safepoint region
[2019-12-08T09:54:42.843+0000][1][safepoint    ] Total time for which application threads were stopped: 0.0000537 seconds, Stopping threads took: 0.0000083 seconds
[2019-12-08T09:54:42.843+0000][1][safepoint    ] Application time: 0.0000594 seconds
[2019-12-08T09:54:42.843+0000][1][safepoint    ] Entering safepoint region: RevokeBias
[2019-12-08T09:54:42.843+0000][1][safepoint    ] Leaving safepoint region
[2019-12-08T09:54:42.843+0000][1][safepoint    ] Total time for which application threads were stopped: 0.0000564 seconds, Stopping threads took: 0.0000143 seconds
[2019-12-08T09:54:42.843+0000][1][safepoint    ] Application time: 0.0000481 seconds
[2019-12-08T09:54:42.843+0000][1][safepoint    ] Entering safepoint region: RevokeBias
[2019-12-08T09:54:42.843+0000][1][safepoint    ] Leaving safepoint region
[2019-12-08T09:54:42.843+0000][1][safepoint    ] Total time for which application threads were stopped: 0.0000477 seconds, Stopping threads took: 0.0000075 seconds
[2019-12-08T09:54:43.141+0000][1][safepoint    ] Application time: 0.2979136 seconds
[2019-12-08T09:54:43.141+0000][1][safepoint    ] Entering safepoint region: GenCollectForAllocation
[2019-12-08T09:54:43.141+0000][1][gc,start     ] GC(4) Pause Young (Allocation Failure)
[2019-12-08T09:54:43.141+0000][1][gc,task      ] GC(4) Using 4 workers of 4 for evacuation
[2019-12-08T09:54:43.191+0000][1][gc,age       ] GC(4) Desired survivor size 4456448 bytes, new threshold 2 (max threshold 6)
[2019-12-08T09:54:43.191+0000][1][gc,age       ] GC(4) Age table with threshold 2 (max threshold 6)
[2019-12-08T09:54:43.191+0000][1][gc,age       ] GC(4) - age   1:    2121488 bytes,    2121488 total
[2019-12-08T09:54:43.191+0000][1][gc,age       ] GC(4) - age   2:    2631840 bytes,    4753328 total
[2019-12-08T09:54:43.191+0000][1][gc,heap      ] GC(4) ParNew: 76208K->6414K(78656K)
[2019-12-08T09:54:43.191+0000][1][gc,heap      ] GC(4) CMS: 7032K->9084K(174784K)
[2019-12-08T09:54:43.191+0000][1][gc,metaspace ] GC(4) Metaspace: 18702K->18702K(1067008K)
[2019-12-08T09:54:43.191+0000][1][gc           ] GC(4) Pause Young (Allocation Failure) 81M->15M(247M) 50.072ms
[2019-12-08T09:54:43.191+0000][1][gc,cpu       ] GC(4) User=0.03s Sys=0.00s Real=0.05s
[2019-12-08T09:54:43.191+0000][1][safepoint    ] Leaving safepoint region
[2019-12-08T09:54:43.191+0000][1][safepoint    ] Total time for which application threads were stopped: 0.0502126 seconds, Stopping threads took: 0.0000137 seconds
[2019-12-08T09:54:43.200+0000][1][safepoint    ] Application time: 0.0085886 seconds
[2019-12-08T09:54:43.200+0000][1][safepoint    ] Entering safepoint region: RevokeBias
[2019-12-08T09:54:43.200+0000][1][safepoint    ] Leaving safepoint region
[2019-12-08T09:54:43.200+0000][1][safepoint    ] Total time for which application threads were stopped: 0.0001242 seconds, Stopping threads took: 0.0000394 seconds
[2019-12-08T09:54:43.200+0000][1][safepoint    ] Application time: 0.0000660 seconds
[2019-12-08T09:54:43.200+0000][1][safepoint    ] Entering safepoint region: RevokeBias
[2019-12-08T09:54:43.200+0000][1][safepoint    ] Leaving safepoint region
[2019-12-08T09:54:43.200+0000][1][safepoint    ] Total time for which application threads were stopped: 0.0000684 seconds, Stopping threads took: 0.0000090 seconds
[2019-12-08T09:54:43.200+0000][1][safepoint    ] Application time: 0.0000608 seconds
[2019-12-08T09:54:43.200+0000][1][safepoint    ] Entering safepoint region: RevokeBias
[2019-12-08T09:54:43.201+0000][1][safepoint    ] Leaving safepoint region
[2019-12-08T09:54:43.201+0000][1][safepoint    ] Total time for which application threads were stopped: 0.0000603 seconds, Stopping threads took: 0.0000081 seconds
[2019-12-08T09:54:43.201+0000][1][safepoint    ] Application time: 0.0000532 seconds
[2019-12-08T09:54:43.201+0000][1][safepoint    ] Entering safepoint region: RevokeBias
[2019-12-08T09:54:43.201+0000][1][safepoint    ] Leaving safepoint region
[2019-12-08T09:54:43.201+0000][1][safepoint    ] Total time for which application threads were stopped: 0.0000599 seconds, Stopping threads took: 0.0000082 seconds
[2019-12-08T09:54:43.250+0000][1][safepoint    ] Application time: 0.0493180 seconds
[2019-12-08T09:54:43.250+0000][1][safepoint    ] Entering safepoint region: Deoptimize
[2019-12-08T09:54:43.250+0000][1][safepoint    ] Leaving safepoint region
[2019-12-08T09:54:43.250+0000][1][safepoint    ] Total time for which application threads were stopped: 0.0004248 seconds, Stopping threads took: 0.0000107 seconds
[2019-12-08T09:54:43.360+0000][1][safepoint    ] Application time: 0.1092873 seconds
[2019-12-08T09:54:43.360+0000][1][safepoint    ] Entering safepoint region: Deoptimize
[2019-12-08T09:54:43.360+0000][1][safepoint    ] Leaving safepoint region
[2019-12-08T09:54:43.360+0000][1][safepoint    ] Total time for which application threads were stopped: 0.0004433 seconds, Stopping threads took: 0.0000143 seconds
[2019-12-08T09:54:43.381+0000][1][safepoint    ] Application time: 0.0206302 seconds
[2019-12-08T09:54:43.381+0000][1][safepoint    ] Entering safepoint region: RevokeBias
[2019-12-08T09:54:43.381+0000][1][safepoint    ] Leaving safepoint region
[2019-12-08T09:54:43.381+0000][1][safepoint    ] Total time for which application threads were stopped: 0.0000775 seconds, Stopping threads took: 0.0000128 seconds
[2019-12-08T09:54:43.578+0000][1][safepoint    ] Application time: 0.1966423 seconds
[2019-12-08T09:54:43.578+0000][1][safepoint    ] Entering safepoint region: RevokeBias
[2019-12-08T09:54:43.578+0000][1][safepoint    ] Leaving safepoint region
[2019-12-08T09:54:43.578+0000][1][safepoint    ] Total time for which application threads were stopped: 0.0000914 seconds, Stopping threads took: 0.0000133 seconds
[2019-12-08T09:54:43.708+0000][1][safepoint    ] Application time: 0.1302821 seconds
[2019-12-08T09:54:43.708+0000][1][safepoint    ] Entering safepoint region: GenCollectForAllocation
[2019-12-08T09:54:43.708+0000][1][gc,start     ] GC(5) Pause Young (Allocation Failure)
[2019-12-08T09:54:43.708+0000][1][gc,task      ] GC(5) Using 4 workers of 4 for evacuation
[2019-12-08T09:54:43.781+0000][1][gc,age       ] GC(5) Desired survivor size 4456448 bytes, new threshold 6 (max threshold 6)
[2019-12-08T09:54:43.781+0000][1][gc,age       ] GC(5) Age table with threshold 6 (max threshold 6)
[2019-12-08T09:54:43.781+0000][1][gc,age       ] GC(5) - age   1:    3528824 bytes,    3528824 total
[2019-12-08T09:54:43.781+0000][1][gc,age       ] GC(5) - age   2:     443328 bytes,    3972152 total
[2019-12-08T09:54:43.781+0000][1][gc,heap      ] GC(5) ParNew: 76366K->5495K(78656K)
[2019-12-08T09:54:43.781+0000][1][gc,heap      ] GC(5) CMS: 9084K->11681K(174784K)
[2019-12-08T09:54:43.781+0000][1][gc,metaspace ] GC(5) Metaspace: 19043K->19043K(1067008K)
[2019-12-08T09:54:43.781+0000][1][gc           ] GC(5) Pause Young (Allocation Failure) 83M->16M(247M) 72.785ms
[2019-12-08T09:54:43.781+0000][1][gc,cpu       ] GC(5) User=0.04s Sys=0.00s Real=0.08s
[2019-12-08T09:54:43.781+0000][1][safepoint    ] Leaving safepoint region
[2019-12-08T09:54:43.781+0000][1][safepoint    ] Total time for which application threads were stopped: 0.0729288 seconds, Stopping threads took: 0.0000115 seconds
[2019-12-08T09:54:43.786+0000][1][safepoint    ] Application time: 0.0047305 seconds
[2019-12-08T09:54:43.786+0000][1][safepoint    ] Entering safepoint region: RevokeBias
[2019-12-08T09:54:43.786+0000][1][safepoint    ] Leaving safepoint region
[2019-12-08T09:54:43.786+0000][1][safepoint    ] Total time for which application threads were stopped: 0.0006634 seconds, Stopping threads took: 0.0005971 seconds
[2019-12-08T09:54:43.787+0000][1][safepoint    ] Application time: 0.0000644 seconds
[2019-12-08T09:54:43.787+0000][1][safepoint    ] Entering safepoint region: RevokeBias
[2019-12-08T09:54:43.787+0000][1][safepoint    ] Leaving safepoint region
[2019-12-08T09:54:43.787+0000][1][safepoint    ] Total time for which application threads were stopped: 0.0000474 seconds, Stopping threads took: 0.0000078 seconds
[2019-12-08T09:54:43.787+0000][1][safepoint    ] Application time: 0.0000412 seconds
[2019-12-08T09:54:43.787+0000][1][safepoint    ] Entering safepoint region: RevokeBias
[2019-12-08T09:54:43.787+0000][1][safepoint    ] Leaving safepoint region
[2019-12-08T09:54:43.787+0000][1][safepoint    ] Total time for which application threads were stopped: 0.0000432 seconds, Stopping threads took: 0.0000074 seconds
[2019-12-08T09:54:43.787+0000][1][safepoint    ] Application time: 0.0000472 seconds
[2019-12-08T09:54:43.787+0000][1][safepoint    ] Entering safepoint region: RevokeBias
[2019-12-08T09:54:43.787+0000][1][safepoint    ] Leaving safepoint region
[2019-12-08T09:54:43.787+0000][1][safepoint    ] Total time for which application threads were stopped: 0.0000465 seconds, Stopping threads took: 0.0000079 seconds
[2019-12-08T09:54:43.787+0000][1][safepoint    ] Application time: 0.0000413 seconds
[2019-12-08T09:54:43.787+0000][1][safepoint    ] Entering safepoint region: RevokeBias
[2019-12-08T09:54:43.787+0000][1][safepoint    ] Leaving safepoint region
[2019-12-08T09:54:43.787+0000][1][safepoint    ] Total time for which application threads were stopped: 0.0000431 seconds, Stopping threads took: 0.0000071 seconds
[2019-12-08T09:54:43.787+0000][1][safepoint    ] Application time: 0.0000328 seconds
[2019-12-08T09:54:43.787+0000][1][safepoint    ] Entering safepoint region: RevokeBias
[2019-12-08T09:54:43.787+0000][1][safepoint    ] Leaving safepoint region
[2019-12-08T09:54:43.787+0000][1][safepoint    ] Total time for which application threads were stopped: 0.0000424 seconds, Stopping threads took: 0.0000072 seconds
[2019-12-08T09:54:44.123+0000][1][safepoint    ] Application time: 0.3361410 seconds
[2019-12-08T09:54:44.123+0000][1][safepoint    ] Entering safepoint region: RevokeBias
[2019-12-08T09:54:44.123+0000][1][safepoint    ] Leaving safepoint region
[2019-12-08T09:54:44.123+0000][1][safepoint    ] Total time for which application threads were stopped: 0.0000619 seconds, Stopping threads took: 0.0000115 seconds
[2019-12-08T09:54:44.136+0000][1][safepoint    ] Application time: 0.0126959 seconds
[2019-12-08T09:54:44.136+0000][1][safepoint    ] Entering safepoint region: RevokeBias
[2019-12-08T09:54:44.136+0000][1][safepoint    ] Leaving safepoint region
[2019-12-08T09:54:44.136+0000][1][safepoint    ] Total time for which application threads were stopped: 0.0000561 seconds, Stopping threads took: 0.0000118 seconds
[2019-12-08T09:54:44.282+0000][1][safepoint    ] Application time: 0.1457139 seconds
[2019-12-08T09:54:44.282+0000][1][safepoint    ] Entering safepoint region: GenCollectForAllocation
[2019-12-08T09:54:44.282+0000][1][gc,start     ] GC(6) Pause Young (Allocation Failure)
[2019-12-08T09:54:44.282+0000][1][gc,task      ] GC(6) Using 4 workers of 4 for evacuation
[2019-12-08T09:54:44.329+0000][1][gc,age       ] GC(6) Desired survivor size 4456448 bytes, new threshold 6 (max threshold 6)
[2019-12-08T09:54:44.329+0000][1][gc,age       ] GC(6) Age table with threshold 6 (max threshold 6)
[2019-12-08T09:54:44.329+0000][1][gc,age       ] GC(6) - age   1:    1690472 bytes,    1690472 total
[2019-12-08T09:54:44.329+0000][1][gc,age       ] GC(6) - age   2:    2191232 bytes,    3881704 total
[2019-12-08T09:54:44.329+0000][1][gc,age       ] GC(6) - age   3:     443328 bytes,    4325032 total
[2019-12-08T09:54:44.329+0000][1][gc,heap      ] GC(6) ParNew: 75447K->5010K(78656K)
[2019-12-08T09:54:44.329+0000][1][gc,heap      ] GC(6) CMS: 11681K->11681K(174784K)
[2019-12-08T09:54:44.329+0000][1][gc,metaspace ] GC(6) Metaspace: 19350K->19350K(1067008K)
[2019-12-08T09:54:44.329+0000][1][gc           ] GC(6) Pause Young (Allocation Failure) 85M->16M(247M) 47.131ms
[2019-12-08T09:54:44.329+0000][1][gc,cpu       ] GC(6) User=0.02s Sys=0.00s Real=0.04s
[2019-12-08T09:54:44.329+0000][1][safepoint    ] Leaving safepoint region
[2019-12-08T09:54:44.329+0000][1][safepoint    ] Total time for which application threads were stopped: 0.0472472 seconds, Stopping threads took: 0.0000105 seconds
[2019-12-08T09:54:44.345+0000][1][safepoint    ] Application time: 0.0157217 seconds
[2019-12-08T09:54:44.345+0000][1][safepoint    ] Entering safepoint region: RevokeBias
[2019-12-08T09:54:44.345+0000][1][safepoint    ] Leaving safepoint region
[2019-12-08T09:54:44.345+0000][1][safepoint    ] Total time for which application threads were stopped: 0.0001188 seconds, Stopping threads took: 0.0000539 seconds
[2019-12-08T09:54:44.356+0000][1][safepoint    ] Application time: 0.0108153 seconds
[2019-12-08T09:54:44.372+0000][1][safepoint    ] Entering safepoint region: RevokeBias
[2019-12-08T09:54:44.372+0000][1][safepoint    ] Leaving safepoint region
[2019-12-08T09:54:44.372+0000][1][safepoint    ] Total time for which application threads were stopped: 0.0161328 seconds, Stopping threads took: 0.0160610 seconds
[2019-12-08T09:54:44.378+0000][1][safepoint    ] Application time: 0.0058298 seconds
[2019-12-08T09:54:44.378+0000][1][safepoint    ] Entering safepoint region: BulkRevokeBias
[2019-12-08T09:54:44.378+0000][1][safepoint    ] Leaving safepoint region
[2019-12-08T09:54:44.378+0000][1][safepoint    ] Total time for which application threads were stopped: 0.0001726 seconds, Stopping threads took: 0.0000586 seconds
[2019-12-08T09:54:44.380+0000][1][safepoint    ] Application time: 0.0018233 seconds
[2019-12-08T09:54:44.380+0000][1][safepoint    ] Entering safepoint region: BulkRevokeBias
[2019-12-08T09:54:44.380+0000][1][safepoint    ] Leaving safepoint region
[2019-12-08T09:54:44.380+0000][1][safepoint    ] Total time for which application threads were stopped: 0.0001365 seconds, Stopping threads took: 0.0000107 seconds
[2019-12-08T09:54:44.821+0000][1][safepoint    ] Application time: 0.4411127 seconds
[2019-12-08T09:54:44.821+0000][1][safepoint    ] Entering safepoint region: GenCollectForAllocation
[2019-12-08T09:54:44.821+0000][1][gc,start     ] GC(7) Pause Young (Allocation Failure)
[2019-12-08T09:54:44.821+0000][1][gc,task      ] GC(7) Using 4 workers of 4 for evacuation
[2019-12-08T09:54:44.832+0000][1][gc,age       ] GC(7) Desired survivor size 4456448 bytes, new threshold 6 (max threshold 6)
[2019-12-08T09:54:44.832+0000][1][gc,age       ] GC(7) Age table with threshold 6 (max threshold 6)
[2019-12-08T09:54:44.832+0000][1][gc,age       ] GC(7) - age   1:     625152 bytes,     625152 total
[2019-12-08T09:54:44.832+0000][1][gc,age       ] GC(7) - age   2:    1133016 bytes,    1758168 total
[2019-12-08T09:54:44.832+0000][1][gc,age       ] GC(7) - age   3:    2191152 bytes,    3949320 total
[2019-12-08T09:54:44.832+0000][1][gc,age       ] GC(7) - age   4:     443328 bytes,    4392648 total
[2019-12-08T09:54:44.832+0000][1][gc,heap      ] GC(7) ParNew: 74962K->6254K(78656K)
[2019-12-08T09:54:44.832+0000][1][gc,heap      ] GC(7) CMS: 11681K->11681K(174784K)
[2019-12-08T09:54:44.832+0000][1][gc,metaspace ] GC(7) Metaspace: 19637K->19637K(1067008K)
[2019-12-08T09:54:44.832+0000][1][gc           ] GC(7) Pause Young (Allocation Failure) 84M->17M(247M) 10.781ms
[2019-12-08T09:54:44.832+0000][1][gc,cpu       ] GC(7) User=0.02s Sys=0.00s Real=0.01s
[2019-12-08T09:54:44.832+0000][1][safepoint    ] Leaving safepoint region
[2019-12-08T09:54:44.832+0000][1][safepoint    ] Total time for which application threads were stopped: 0.0109078 seconds, Stopping threads took: 0.0000117 seconds
[2019-12-08T09:54:45.038+0000][1][safepoint    ] Application time: 0.2058358 seconds
[2019-12-08T09:54:45.038+0000][1][safepoint    ] Entering safepoint region: CollectForMetadataAllocation
[2019-12-08T09:54:45.038+0000][1][safepoint    ] Leaving safepoint region
[2019-12-08T09:54:45.038+0000][1][safepoint    ] Total time for which application threads were stopped: 0.0002463 seconds, Stopping threads took: 0.0000133 seconds
[2019-12-08T09:54:45.108+0000][1][safepoint    ] Application time: 0.0697042 seconds
[2019-12-08T09:54:45.108+0000][1][safepoint    ] Entering safepoint region: CollectForMetadataAllocation
[2019-12-08T09:54:45.108+0000][1][safepoint    ] Leaving safepoint region
[2019-12-08T09:54:45.108+0000][1][safepoint    ] Total time for which application threads were stopped: 0.0002426 seconds, Stopping threads took: 0.0000141 seconds
[2019-12-08T09:54:45.114+0000][1][safepoint    ] Application time: 0.0056880 seconds
[2019-12-08T09:54:45.115+0000][1][safepoint    ] Entering safepoint region: CollectForMetadataAllocation
[2019-12-08T09:54:45.115+0000][1][safepoint    ] Leaving safepoint region
[2019-12-08T09:54:45.115+0000][1][safepoint    ] Total time for which application threads were stopped: 0.0010139 seconds, Stopping threads took: 0.0009777 seconds
[2019-12-08T09:54:45.303+0000][1][safepoint    ] Application time: 0.1882134 seconds
[2019-12-08T09:54:45.303+0000][1][safepoint    ] Entering safepoint region: GenCollectForAllocation
[2019-12-08T09:54:45.303+0000][1][gc,start     ] GC(8) Pause Young (Allocation Failure)
[2019-12-08T09:54:45.303+0000][1][gc,task      ] GC(8) Using 4 workers of 4 for evacuation
[2019-12-08T09:54:45.316+0000][1][gc,age       ] GC(8) Desired survivor size 4456448 bytes, new threshold 4 (max threshold 6)
[2019-12-08T09:54:45.316+0000][1][gc,age       ] GC(8) Age table with threshold 4 (max threshold 6)
[2019-12-08T09:54:45.316+0000][1][gc,age       ] GC(8) - age   1:    1163664 bytes,    1163664 total
[2019-12-08T09:54:45.316+0000][1][gc,age       ] GC(8) - age   2:     388008 bytes,    1551672 total
[2019-12-08T09:54:45.316+0000][1][gc,age       ] GC(8) - age   3:    1132872 bytes,    2684544 total
[2019-12-08T09:54:45.316+0000][1][gc,age       ] GC(8) - age   4:    2188936 bytes,    4873480 total
[2019-12-08T09:54:45.316+0000][1][gc,age       ] GC(8) - age   5:     443328 bytes,    5316808 total
[2019-12-08T09:54:45.316+0000][1][gc,heap      ] GC(8) ParNew: 76206K->6984K(78656K)
[2019-12-08T09:54:45.316+0000][1][gc,heap      ] GC(8) CMS: 11681K->11681K(174784K)
[2019-12-08T09:54:45.316+0000][1][gc,metaspace ] GC(8) Metaspace: 20426K->20426K(1069056K)
[2019-12-08T09:54:45.316+0000][1][gc           ] GC(8) Pause Young (Allocation Failure) 85M->18M(247M) 13.067ms
[2019-12-08T09:54:45.316+0000][1][gc,cpu       ] GC(8) User=0.02s Sys=0.00s Real=0.01s
[2019-12-08T09:54:45.316+0000][1][safepoint    ] Leaving safepoint region
[2019-12-08T09:54:45.316+0000][1][safepoint    ] Total time for which application threads were stopped: 0.0131982 seconds, Stopping threads took: 0.0000122 seconds
[2019-12-08T09:54:45.322+0000][1][safepoint    ] Application time: 0.0055435 seconds
[2019-12-08T09:54:45.322+0000][1][safepoint    ] Entering safepoint region: CMS_Initial_Mark
[2019-12-08T09:54:45.322+0000][1][gc,start     ] GC(9) Pause Initial Mark
[2019-12-08T09:54:45.327+0000][1][gc           ] GC(9) Pause Initial Mark 22M->22M(247M) 4.854ms
[2019-12-08T09:54:45.327+0000][1][gc,cpu       ] GC(9) User=0.01s Sys=0.00s Real=0.00s
[2019-12-08T09:54:45.327+0000][1][safepoint    ] Leaving safepoint region
[2019-12-08T09:54:45.327+0000][1][safepoint    ] Total time for which application threads were stopped: 0.0051303 seconds, Stopping threads took: 0.0001846 seconds
[2019-12-08T09:54:45.327+0000][1][gc           ] GC(9) Concurrent Mark
[2019-12-08T09:54:45.362+0000][1][gc           ] GC(9) Concurrent Mark 35.350ms
[2019-12-08T09:54:45.362+0000][1][gc,cpu       ] GC(9) User=0.07s Sys=0.00s Real=0.04s
[2019-12-08T09:54:45.362+0000][1][gc           ] GC(9) Concurrent Preclean
[2019-12-08T09:54:45.363+0000][1][gc           ] GC(9) Concurrent Preclean 0.421ms
[2019-12-08T09:54:45.363+0000][1][gc,cpu       ] GC(9) User=0.00s Sys=0.00s Real=0.00s
[2019-12-08T09:54:45.363+0000][1][gc           ] GC(9) Concurrent Abortable Preclean
[2019-12-08T09:54:45.648+0000][1][safepoint    ] Application time: 0.3212209 seconds
[2019-12-08T09:54:45.648+0000][1][safepoint    ] Entering safepoint region: GenCollectForAllocation
[2019-12-08T09:54:45.648+0000][1][gc,start     ] GC(10) Pause Young (Allocation Failure)
[2019-12-08T09:54:45.648+0000][1][gc,task      ] GC(10) Using 4 workers of 4 for evacuation
[2019-12-08T09:54:45.681+0000][1][gc,age       ] GC(10) Desired survivor size 4456448 bytes, new threshold 6 (max threshold 6)
[2019-12-08T09:54:45.681+0000][1][gc,age       ] GC(10) Age table with threshold 6 (max threshold 6)
[2019-12-08T09:54:45.681+0000][1][gc,age       ] GC(10) - age   1:    1712800 bytes,    1712800 total
[2019-12-08T09:54:45.681+0000][1][gc,age       ] GC(10) - age   2:     624024 bytes,    2336824 total
[2019-12-08T09:54:45.681+0000][1][gc,age       ] GC(10) - age   3:     387888 bytes,    2724712 total
[2019-12-08T09:54:45.681+0000][1][gc,age       ] GC(10) - age   4:    1132872 bytes,    3857584 total
[2019-12-08T09:54:45.681+0000][1][gc,heap      ] GC(10) ParNew: 76936K->4640K(78656K)
[2019-12-08T09:54:45.681+0000][1][gc,heap      ] GC(10) CMS: 11681K->14301K(174784K)
[2019-12-08T09:54:45.681+0000][1][gc,metaspace ] GC(10) Metaspace: 20540K->20540K(1069056K)
[2019-12-08T09:54:45.681+0000][1][gc           ] GC(10) Pause Young (Allocation Failure) 86M->18M(247M) 32.874ms
[2019-12-08T09:54:45.681+0000][1][gc,cpu       ] GC(10) User=0.04s Sys=0.00s Real=0.04s
[2019-12-08T09:54:45.681+0000][1][safepoint    ] Leaving safepoint region
[2019-12-08T09:54:45.681+0000][1][safepoint    ] Total time for which application threads were stopped: 0.0330036 seconds, Stopping threads took: 0.0000152 seconds
[2019-12-08T09:54:46.110+0000][1][gc           ] GC(9) Concurrent Abortable Preclean 746.814ms
[2019-12-08T09:54:46.110+0000][1][gc,cpu       ] GC(9) User=0.80s Sys=0.02s Real=0.74s
[2019-12-08T09:54:46.110+0000][1][safepoint    ] Application time: 0.4285260 seconds
[2019-12-08T09:54:46.136+0000][1][safepoint    ] Entering safepoint region: CMS_Final_Remark
[2019-12-08T09:54:46.136+0000][1][gc,start     ] GC(9) Pause Remark
[2019-12-08T09:54:46.210+0000][1][gc           ] GC(9) Pause Remark 84M->84M(247M) 74.488ms
[2019-12-08T09:54:46.210+0000][1][gc,cpu       ] GC(9) User=0.04s Sys=0.00s Real=0.07s
[2019-12-08T09:54:46.210+0000][1][safepoint    ] Leaving safepoint region
[2019-12-08T09:54:46.210+0000][1][safepoint    ] Total time for which application threads were stopped: 0.1005618 seconds, Stopping threads took: 0.0259467 seconds
[2019-12-08T09:54:46.210+0000][1][gc           ] GC(9) Concurrent Sweep
[2019-12-08T09:54:46.236+0000][1][safepoint    ] Application time: 0.0255425 seconds
[2019-12-08T09:54:46.236+0000][1][safepoint    ] Entering safepoint region: GenCollectForAllocation
[2019-12-08T09:54:46.236+0000][1][gc,start     ] GC(11) Pause Young (Allocation Failure)
[2019-12-08T09:54:46.236+0000][1][gc,task      ] GC(11) Using 4 workers of 4 for evacuation
[2019-12-08T09:54:46.278+0000][1][gc,age       ] GC(11) Desired survivor size 4456448 bytes, new threshold 6 (max threshold 6)
[2019-12-08T09:54:46.278+0000][1][gc,age       ] GC(11) Age table with threshold 6 (max threshold 6)
[2019-12-08T09:54:46.278+0000][1][gc,age       ] GC(11) - age   1:    1835928 bytes,    1835928 total
[2019-12-08T09:54:46.278+0000][1][gc,age       ] GC(11) - age   2:      97760 bytes,    1933688 total
[2019-12-08T09:54:46.278+0000][1][gc,age       ] GC(11) - age   3:     623976 bytes,    2557664 total
[2019-12-08T09:54:46.278+0000][1][gc,age       ] GC(11) - age   4:     387784 bytes,    2945448 total
[2019-12-08T09:54:46.278+0000][1][gc,age       ] GC(11) - age   5:    1132584 bytes,    4078032 total
[2019-12-08T09:54:46.278+0000][1][gc,heap      ] GC(11) ParNew: 74592K->4821K(78656K)
[2019-12-08T09:54:46.278+0000][1][gc,heap      ] GC(11) CMS: 14275K->14275K(174784K)
[2019-12-08T09:54:46.278+0000][1][gc,metaspace ] GC(11) Metaspace: 20630K->20630K(1069056K)
[2019-12-08T09:54:46.278+0000][1][gc           ] GC(11) Pause Young (Allocation Failure) 86M->18M(247M) 41.418ms
[2019-12-08T09:54:46.278+0000][1][gc,cpu       ] GC(11) User=0.03s Sys=0.00s Real=0.04s
[2019-12-08T09:54:46.278+0000][1][safepoint    ] Leaving safepoint region
[2019-12-08T09:54:46.278+0000][1][safepoint    ] Total time for which application threads were stopped: 0.0419239 seconds, Stopping threads took: 0.0000146 seconds
[2019-12-08T09:54:46.285+0000][1][gc           ] GC(9) Concurrent Sweep 74.811ms
[2019-12-08T09:54:46.285+0000][1][gc,cpu       ] GC(9) User=0.07s Sys=0.00s Real=0.08s
[2019-12-08T09:54:46.285+0000][1][gc           ] GC(9) Concurrent Reset
[2019-12-08T09:54:46.286+0000][1][gc           ] GC(9) Concurrent Reset 0.345ms
[2019-12-08T09:54:46.286+0000][1][gc,cpu       ] GC(9) User=0.00s Sys=0.00s Real=0.00s
[2019-12-08T09:54:46.286+0000][1][gc,heap      ] GC(9) Old: 11681K->14274K(174784K)
[2019-12-08T09:54:46.566+0000][1][safepoint    ] Application time: 0.2877240 seconds
[2019-12-08T09:54:46.566+0000][1][safepoint    ] Entering safepoint region: Deoptimize
[2019-12-08T09:54:46.566+0000][1][safepoint    ] Leaving safepoint region
[2019-12-08T09:54:46.566+0000][1][safepoint    ] Total time for which application threads were stopped: 0.0005224 seconds, Stopping threads took: 0.0000129 seconds
[2019-12-08T09:54:47.199+0000][1][safepoint    ] Application time: 0.6329888 seconds
[2019-12-08T09:54:47.199+0000][1][safepoint    ] Entering safepoint region: GenCollectForAllocation
[2019-12-08T09:54:47.199+0000][1][gc,start     ] GC(12) Pause Young (Allocation Failure)
[2019-12-08T09:54:47.199+0000][1][gc,task      ] GC(12) Using 4 workers of 4 for evacuation
[2019-12-08T09:54:47.210+0000][1][gc,age       ] GC(12) Desired survivor size 4456448 bytes, new threshold 6 (max threshold 6)
[2019-12-08T09:54:47.210+0000][1][gc,age       ] GC(12) Age table with threshold 6 (max threshold 6)
[2019-12-08T09:54:47.210+0000][1][gc,age       ] GC(12) - age   1:    1169232 bytes,    1169232 total
[2019-12-08T09:54:47.210+0000][1][gc,age       ] GC(12) - age   2:     305568 bytes,    1474800 total
[2019-12-08T09:54:47.210+0000][1][gc,age       ] GC(12) - age   3:      97760 bytes,    1572560 total
[2019-12-08T09:54:47.210+0000][1][gc,age       ] GC(12) - age   4:     623976 bytes,    2196536 total
[2019-12-08T09:54:47.210+0000][1][gc,age       ] GC(12) - age   5:     387720 bytes,    2584256 total
[2019-12-08T09:54:47.210+0000][1][gc,age       ] GC(12) - age   6:    1132584 bytes,    3716840 total
[2019-12-08T09:54:47.210+0000][1][gc,heap      ] GC(12) ParNew: 74773K->4939K(78656K)
[2019-12-08T09:54:47.210+0000][1][gc,heap      ] GC(12) CMS: 14274K->14274K(174784K)
[2019-12-08T09:54:47.210+0000][1][gc,metaspace ] GC(12) Metaspace: 23389K->23389K(1071104K)
[2019-12-08T09:54:47.210+0000][1][gc           ] GC(12) Pause Young (Allocation Failure) 86M->18M(247M) 11.039ms
[2019-12-08T09:54:47.211+0000][1][gc,cpu       ] GC(12) User=0.01s Sys=0.00s Real=0.01s
[2019-12-08T09:54:47.211+0000][1][safepoint    ] Leaving safepoint region
[2019-12-08T09:54:47.211+0000][1][safepoint    ] Total time for which application threads were stopped: 0.0113501 seconds, Stopping threads took: 0.0000122 seconds
[2019-12-08T09:54:47.561+0000][1][safepoint    ] Application time: 0.3507248 seconds
[2019-12-08T09:54:47.561+0000][1][safepoint    ] Entering safepoint region: Deoptimize
[2019-12-08T09:54:47.562+0000][1][safepoint    ] Leaving safepoint region
[2019-12-08T09:54:47.562+0000][1][safepoint    ] Total time for which application threads were stopped: 0.0005128 seconds, Stopping threads took: 0.0000128 seconds
[2019-12-08T09:54:47.585+0000][1][safepoint    ] Application time: 0.0231433 seconds
[2019-12-08T09:54:47.585+0000][1][safepoint    ] Entering safepoint region: Deoptimize
[2019-12-08T09:54:47.585+0000][1][safepoint    ] Leaving safepoint region
[2019-12-08T09:54:47.586+0000][1][safepoint    ] Total time for which application threads were stopped: 0.0004949 seconds, Stopping threads took: 0.0000139 seconds
[2019-12-08T09:54:47.590+0000][1][safepoint    ] Application time: 0.0041534 seconds
[2019-12-08T09:54:47.594+0000][1][safepoint    ] Entering safepoint region: Deoptimize
[2019-12-08T09:54:47.594+0000][1][safepoint    ] Leaving safepoint region
[2019-12-08T09:54:47.594+0000][1][safepoint    ] Total time for which application threads were stopped: 0.0044897 seconds, Stopping threads took: 0.0040453 seconds
[2019-12-08T09:54:48.609+0000][1][safepoint    ] Application time: 1.0145637 seconds
[2019-12-08T09:54:48.609+0000][1][safepoint    ] Entering safepoint region: Cleanup
[2019-12-08T09:54:48.609+0000][1][safepoint    ] Leaving safepoint region
[2019-12-08T09:54:48.609+0000][1][safepoint    ] Total time for which application threads were stopped: 0.0002713 seconds, Stopping threads took: 0.0000139 seconds
[2019-12-08T09:54:49.623+0000][1][safepoint    ] Application time: 1.0136246 seconds
[2019-12-08T09:54:49.633+0000][1][safepoint    ] Entering safepoint region: Cleanup
[2019-12-08T09:54:49.633+0000][1][safepoint    ] Leaving safepoint region
[2019-12-08T09:54:49.633+0000][1][safepoint    ] Total time for which application threads were stopped: 0.0100743 seconds, Stopping threads took: 0.0099882 seconds
[2019-12-08T09:54:50.226+0000][1][safepoint    ] Application time: 0.5930260 seconds
[2019-12-08T09:54:50.235+0000][1][safepoint    ] Entering safepoint region: GenCollectForAllocation
[2019-12-08T09:54:50.235+0000][1][gc,start     ] GC(13) Pause Young (Allocation Failure)
[2019-12-08T09:54:50.235+0000][1][gc,task      ] GC(13) Using 4 workers of 4 for evacuation
[2019-12-08T09:54:50.347+0000][1][gc,age       ] GC(13) Desired survivor size 4456448 bytes, new threshold 1 (max threshold 6)
[2019-12-08T09:54:50.348+0000][1][gc,age       ] GC(13) Age table with threshold 1 (max threshold 6)
[2019-12-08T09:54:50.348+0000][1][gc,age       ] GC(13) - age   1:    6363216 bytes,    6363216 total
[2019-12-08T09:54:50.348+0000][1][gc,age       ] GC(13) - age   2:    1140336 bytes,    7503552 total
[2019-12-08T09:54:50.348+0000][1][gc,age       ] GC(13) - age   3:     305272 bytes,    7808824 total
[2019-12-08T09:54:50.348+0000][1][gc,age       ] GC(13) - age   4:      97544 bytes,    7906368 total
[2019-12-08T09:54:50.348+0000][1][gc,age       ] GC(13) - age   5:     620968 bytes,    8527336 total
[2019-12-08T09:54:50.348+0000][1][gc,age       ] GC(13) - age   6:     385496 bytes,    8912832 total
[2019-12-08T09:54:50.348+0000][1][gc,heap      ] GC(13) ParNew: 74891K->8704K(78656K)
[2019-12-08T09:54:50.348+0000][1][gc,heap      ] GC(13) CMS: 14274K->22147K(174784K)
[2019-12-08T09:54:50.348+0000][1][gc,metaspace ] GC(13) Metaspace: 27068K->27068K(1075200K)
[2019-12-08T09:54:50.348+0000][1][gc           ] GC(13) Pause Young (Allocation Failure) 87M->30M(247M) 112.790ms
[2019-12-08T09:54:50.348+0000][1][gc,cpu       ] GC(13) User=0.07s Sys=0.00s Real=0.11s
[2019-12-08T09:54:50.348+0000][1][safepoint    ] Leaving safepoint region
[2019-12-08T09:54:50.348+0000][1][safepoint    ] Total time for which application threads were stopped: 0.1217466 seconds, Stopping threads took: 0.0088317 seconds
[2019-12-08T09:54:51.796+0000][1][safepoint    ] Application time: 1.4482845 seconds
[2019-12-08T09:54:51.796+0000][1][safepoint    ] Entering safepoint region: GenCollectForAllocation
[2019-12-08T09:54:51.796+0000][1][gc,start     ] GC(14) Pause Young (Allocation Failure)
[2019-12-08T09:54:51.796+0000][1][gc,task      ] GC(14) Using 4 workers of 4 for evacuation
[2019-12-08T09:54:51.957+0000][1][gc,age       ] GC(14) Desired survivor size 4456448 bytes, new threshold 1 (max threshold 6)
[2019-12-08T09:54:51.957+0000][1][gc,age       ] GC(14) Age table with threshold 1 (max threshold 6)
[2019-12-08T09:54:51.957+0000][1][gc,age       ] GC(14) - age   1:    7761288 bytes,    7761288 total
[2019-12-08T09:54:51.957+0000][1][gc,heap      ] GC(14) ParNew: 78656K->8704K(78656K)
[2019-12-08T09:54:51.957+0000][1][gc,heap      ] GC(14) CMS: 22147K->36950K(174784K)
[2019-12-08T09:54:51.957+0000][1][gc,metaspace ] GC(14) Metaspace: 27094K->27094K(1075200K)
[2019-12-08T09:54:51.957+0000][1][gc           ] GC(14) Pause Young (Allocation Failure) 98M->44M(247M) 160.542ms
[2019-12-08T09:54:51.957+0000][1][gc,cpu       ] GC(14) User=0.16s Sys=0.00s Real=0.16s
[2019-12-08T09:54:51.957+0000][1][safepoint    ] Leaving safepoint region
[2019-12-08T09:54:51.957+0000][1][safepoint    ] Total time for which application threads were stopped: 0.1606697 seconds, Stopping threads took: 0.0000136 seconds
[2019-12-08T09:54:52.060+0000][1][safepoint    ] Application time: 0.1029676 seconds
[2019-12-08T09:54:52.060+0000][1][safepoint    ] Entering safepoint region: RevokeBias
[2019-12-08T09:54:52.060+0000][1][safepoint    ] Leaving safepoint region
[2019-12-08T09:54:52.060+0000][1][safepoint    ] Total time for which application threads were stopped: 0.0001016 seconds, Stopping threads took: 0.0000325 seconds
[2019-12-08T09:54:53.068+0000][1][safepoint    ] Application time: 1.0079428 seconds
[2019-12-08T09:54:53.086+0000][1][safepoint    ] Entering safepoint region: Cleanup
[2019-12-08T09:54:53.086+0000][1][safepoint    ] Leaving safepoint region
[2019-12-08T09:54:53.086+0000][1][safepoint    ] Total time for which application threads were stopped: 0.0180692 seconds, Stopping threads took: 0.0180099 seconds
[2019-12-08T09:54:54.087+0000][1][safepoint    ] Application time: 1.0008628 seconds
[2019-12-08T09:54:54.087+0000][1][safepoint    ] Entering safepoint region: Cleanup
[2019-12-08T09:54:54.087+0000][1][safepoint    ] Leaving safepoint region
[2019-12-08T09:54:54.087+0000][1][safepoint    ] Total time for which application threads were stopped: 0.0000894 seconds, Stopping threads took: 0.0000135 seconds
[2019-12-08T09:54:54.285+0000][1][safepoint    ] Application time: 0.1978678 seconds
[2019-12-08T09:54:54.285+0000][1][safepoint    ] Entering safepoint region: GenCollectForAllocation
[2019-12-08T09:54:54.285+0000][1][gc,start     ] GC(15) Pause Young (Allocation Failure)
[2019-12-08T09:54:54.285+0000][1][gc,task      ] GC(15) Using 4 workers of 4 for evacuation
[2019-12-08T09:54:54.406+0000][1][gc,age       ] GC(15) Desired survivor size 4456448 bytes, new threshold 1 (max threshold 6)
[2019-12-08T09:54:54.406+0000][1][gc,age       ] GC(15) Age table with threshold 1 (max threshold 6)
[2019-12-08T09:54:54.406+0000][1][gc,age       ] GC(15) - age   1:    6782568 bytes,    6782568 total
[2019-12-08T09:54:54.406+0000][1][gc,heap      ] GC(15) ParNew: 78656K->8704K(78656K)
[2019-12-08T09:54:54.406+0000][1][gc,heap      ] GC(15) CMS: 36950K->49262K(174784K)
[2019-12-08T09:54:54.406+0000][1][gc,metaspace ] GC(15) Metaspace: 29873K->29873K(1077248K)
[2019-12-08T09:54:54.407+0000][1][gc           ] GC(15) Pause Young (Allocation Failure) 112M->56M(247M) 121.675ms
[2019-12-08T09:54:54.407+0000][1][gc,cpu       ] GC(15) User=0.14s Sys=0.00s Real=0.12s
[2019-12-08T09:54:54.407+0000][1][safepoint    ] Leaving safepoint region
[2019-12-08T09:54:54.407+0000][1][safepoint    ] Total time for which application threads were stopped: 0.1218011 seconds, Stopping threads took: 0.0000135 seconds
[2019-12-08T09:54:55.408+0000][1][safepoint    ] Application time: 1.0011538 seconds
[2019-12-08T09:54:55.447+0000][1][safepoint    ] Entering safepoint region: Cleanup
[2019-12-08T09:54:55.447+0000][1][safepoint    ] Leaving safepoint region
[2019-12-08T09:54:55.447+0000][1][safepoint    ] Total time for which application threads were stopped: 0.0390924 seconds, Stopping threads took: 0.0389965 seconds
[2019-12-08T09:54:55.487+0000][1][safepoint    ] Application time: 0.0405347 seconds
[2019-12-08T09:54:55.487+0000][1][safepoint    ] Entering safepoint region: GenCollectForAllocation
[2019-12-08T09:54:55.488+0000][1][gc,start     ] GC(16) Pause Young (Allocation Failure)
[2019-12-08T09:54:55.488+0000][1][gc,task      ] GC(16) Using 4 workers of 4 for evacuation
[2019-12-08T09:54:55.533+0000][1][gc,age       ] GC(16) Desired survivor size 4456448 bytes, new threshold 6 (max threshold 6)
[2019-12-08T09:54:55.533+0000][1][gc,age       ] GC(16) Age table with threshold 6 (max threshold 6)
[2019-12-08T09:54:55.533+0000][1][gc,age       ] GC(16) - age   1:    1157728 bytes,    1157728 total
[2019-12-08T09:54:55.533+0000][1][gc,heap      ] GC(16) ParNew: 78656K->6854K(78656K)
[2019-12-08T09:54:55.533+0000][1][gc,heap      ] GC(16) CMS: 49262K->56004K(174784K)
[2019-12-08T09:54:55.533+0000][1][gc,metaspace ] GC(16) Metaspace: 32912K->32912K(1079296K)
[2019-12-08T09:54:55.533+0000][1][gc           ] GC(16) Pause Young (Allocation Failure) 124M->61M(247M) 45.596ms
[2019-12-08T09:54:55.533+0000][1][gc,cpu       ] GC(16) User=0.05s Sys=0.00s Real=0.05s
[2019-12-08T09:54:55.533+0000][1][safepoint    ] Leaving safepoint region
[2019-12-08T09:54:55.533+0000][1][safepoint    ] Total time for which application threads were stopped: 0.0457203 seconds, Stopping threads took: 0.0000131 seconds
[2019-12-08T09:54:56.389+0000][1][safepoint    ] Application time: 0.8555549 seconds
[2019-12-08T09:54:56.389+0000][1][safepoint    ] Entering safepoint region: CollectForMetadataAllocation
[2019-12-08T09:54:56.389+0000][1][safepoint    ] Leaving safepoint region
[2019-12-08T09:54:56.389+0000][1][safepoint    ] Total time for which application threads were stopped: 0.0001915 seconds, Stopping threads took: 0.0000127 seconds
[2019-12-08T09:54:56.455+0000][1][safepoint    ] Application time: 0.0663760 seconds
[2019-12-08T09:54:56.455+0000][1][safepoint    ] Entering safepoint region: CollectForMetadataAllocation
[2019-12-08T09:54:56.456+0000][1][safepoint    ] Leaving safepoint region
[2019-12-08T09:54:56.456+0000][1][safepoint    ] Total time for which application threads were stopped: 0.0002324 seconds, Stopping threads took: 0.0000138 seconds
[2019-12-08T09:54:56.542+0000][1][safepoint    ] Application time: 0.0867091 seconds
[2019-12-08T09:54:56.542+0000][1][safepoint    ] Entering safepoint region: CollectForMetadataAllocation
[2019-12-08T09:54:56.543+0000][1][safepoint    ] Leaving safepoint region
[2019-12-08T09:54:56.543+0000][1][safepoint    ] Total time for which application threads were stopped: 0.0002376 seconds, Stopping threads took: 0.0000126 seconds
[2019-12-08T09:54:56.579+0000][1][safepoint    ] Application time: 0.0362580 seconds
[2019-12-08T09:54:56.579+0000][1][safepoint    ] Entering safepoint region: CollectForMetadataAllocation
[2019-12-08T09:54:56.579+0000][1][safepoint    ] Leaving safepoint region
[2019-12-08T09:54:56.579+0000][1][safepoint    ] Total time for which application threads were stopped: 0.0002255 seconds, Stopping threads took: 0.0000132 seconds
[2019-12-08T09:54:56.641+0000][1][safepoint    ] Application time: 0.0617808 seconds
[2019-12-08T09:54:56.641+0000][1][safepoint    ] Entering safepoint region: CollectForMetadataAllocation
[2019-12-08T09:54:56.641+0000][1][safepoint    ] Leaving safepoint region
[2019-12-08T09:54:56.641+0000][1][safepoint    ] Total time for which application threads were stopped: 0.0002184 seconds, Stopping threads took: 0.0000129 seconds
[2019-12-08T09:54:56.687+0000][1][safepoint    ] Application time: 0.0459027 seconds
[2019-12-08T09:54:56.687+0000][1][safepoint    ] Entering safepoint region: CollectForMetadataAllocation
[2019-12-08T09:54:56.687+0000][1][safepoint    ] Leaving safepoint region
[2019-12-08T09:54:56.687+0000][1][safepoint    ] Total time for which application threads were stopped: 0.0002269 seconds, Stopping threads took: 0.0000150 seconds
[2019-12-08T09:54:56.733+0000][1][safepoint    ] Application time: 0.0457850 seconds
[2019-12-08T09:54:56.733+0000][1][safepoint    ] Entering safepoint region: CollectForMetadataAllocation
[2019-12-08T09:54:56.733+0000][1][safepoint    ] Leaving safepoint region
[2019-12-08T09:54:56.733+0000][1][safepoint    ] Total time for which application threads were stopped: 0.0002297 seconds, Stopping threads took: 0.0000135 seconds
[2019-12-08T09:54:56.762+0000][1][safepoint    ] Application time: 0.0283636 seconds
[2019-12-08T09:54:56.762+0000][1][safepoint    ] Entering safepoint region: CollectForMetadataAllocation
[2019-12-08T09:54:56.762+0000][1][safepoint    ] Leaving safepoint region
[2019-12-08T09:54:56.762+0000][1][safepoint    ] Total time for which application threads were stopped: 0.0002273 seconds, Stopping threads took: 0.0000141 seconds
[2019-12-08T09:54:56.808+0000][1][safepoint    ] Application time: 0.0456529 seconds
[2019-12-08T09:54:56.808+0000][1][safepoint    ] Entering safepoint region: CollectForMetadataAllocation
[2019-12-08T09:54:56.808+0000][1][safepoint    ] Leaving safepoint region
[2019-12-08T09:54:56.808+0000][1][safepoint    ] Total time for which application threads were stopped: 0.0002073 seconds, Stopping threads took: 0.0000140 seconds
[2019-12-08T09:54:56.822+0000][1][safepoint    ] Application time: 0.0137476 seconds
[2019-12-08T09:54:56.822+0000][1][safepoint    ] Entering safepoint region: GenCollectForAllocation
[2019-12-08T09:54:56.822+0000][1][gc,start     ] GC(17) Pause Young (Allocation Failure)
[2019-12-08T09:54:56.822+0000][1][gc,task      ] GC(17) Using 4 workers of 4 for evacuation
[2019-12-08T09:54:56.850+0000][1][gc,age       ] GC(17) Desired survivor size 4456448 bytes, new threshold 6 (max threshold 6)
[2019-12-08T09:54:56.850+0000][1][gc,age       ] GC(17) Age table with threshold 6 (max threshold 6)
[2019-12-08T09:54:56.850+0000][1][gc,age       ] GC(17) - age   1:    2121896 bytes,    2121896 total
[2019-12-08T09:54:56.850+0000][1][gc,age       ] GC(17) - age   2:    1097272 bytes,    3219168 total
[2019-12-08T09:54:56.850+0000][1][gc,heap      ] GC(17) ParNew: 76806K->4332K(78656K)
[2019-12-08T09:54:56.850+0000][1][gc,heap      ] GC(17) CMS: 56004K->56004K(174784K)
[2019-12-08T09:54:56.850+0000][1][gc,metaspace ] GC(17) Metaspace: 36409K->36409K(1083392K)
[2019-12-08T09:54:56.850+0000][1][gc           ] GC(17) Pause Young (Allocation Failure) 129M->58M(247M) 28.415ms
[2019-12-08T09:54:56.850+0000][1][gc,cpu       ] GC(17) User=0.04s Sys=0.00s Real=0.02s
[2019-12-08T09:54:56.850+0000][1][safepoint    ] Leaving safepoint region
[2019-12-08T09:54:56.850+0000][1][safepoint    ] Total time for which application threads were stopped: 0.0285522 seconds, Stopping threads took: 0.0000142 seconds
[2019-12-08T09:54:56.852+0000][1][safepoint    ] Application time: 0.0018414 seconds
[2019-12-08T09:54:56.852+0000][1][safepoint    ] Entering safepoint region: CMS_Initial_Mark
[2019-12-08T09:54:56.852+0000][1][gc,start     ] GC(18) Pause Initial Mark
[2019-12-08T09:54:56.856+0000][1][gc           ] GC(18) Pause Initial Mark 60M->60M(247M) 4.014ms
[2019-12-08T09:54:56.856+0000][1][gc,cpu       ] GC(18) User=0.01s Sys=0.00s Real=0.00s
[2019-12-08T09:54:56.857+0000][1][safepoint    ] Leaving safepoint region
[2019-12-08T09:54:56.857+0000][1][safepoint    ] Total time for which application threads were stopped: 0.0043404 seconds, Stopping threads took: 0.0002308 seconds
[2019-12-08T09:54:56.857+0000][1][gc           ] GC(18) Concurrent Mark
[2019-12-08T09:54:56.889+0000][1][safepoint    ] Application time: 0.0328469 seconds
[2019-12-08T09:54:56.889+0000][1][safepoint    ] Entering safepoint region: CollectForMetadataAllocation
[2019-12-08T09:54:56.890+0000][1][safepoint    ] Leaving safepoint region
[2019-12-08T09:54:56.890+0000][1][safepoint    ] Total time for which application threads were stopped: 0.0002140 seconds, Stopping threads took: 0.0000134 seconds
[2019-12-08T09:54:56.904+0000][1][safepoint    ] Application time: 0.0141252 seconds
[2019-12-08T09:54:56.904+0000][1][safepoint    ] Entering safepoint region: CollectForMetadataAllocation
[2019-12-08T09:54:56.904+0000][1][safepoint    ] Leaving safepoint region
[2019-12-08T09:54:56.904+0000][1][safepoint    ] Total time for which application threads were stopped: 0.0001614 seconds, Stopping threads took: 0.0001151 seconds
[2019-12-08T09:54:56.925+0000][1][safepoint    ] Application time: 0.0206332 seconds
[2019-12-08T09:54:56.925+0000][1][safepoint    ] Entering safepoint region: RevokeBias
[2019-12-08T09:54:56.925+0000][1][safepoint    ] Leaving safepoint region
[2019-12-08T09:54:56.925+0000][1][safepoint    ] Total time for which application threads were stopped: 0.0001460 seconds, Stopping threads took: 0.0000131 seconds
[2019-12-08T09:54:56.959+0000][1][safepoint    ] Application time: 0.0346239 seconds
[2019-12-08T09:54:56.959+0000][1][safepoint    ] Entering safepoint region: RevokeBias
[2019-12-08T09:54:56.960+0000][1][safepoint    ] Leaving safepoint region
[2019-12-08T09:54:56.960+0000][1][safepoint    ] Total time for which application threads were stopped: 0.0001171 seconds, Stopping threads took: 0.0000148 seconds
[2019-12-08T09:54:56.977+0000][1][safepoint    ] Application time: 0.0174388 seconds
[2019-12-08T09:54:56.977+0000][1][safepoint    ] Entering safepoint region: CollectForMetadataAllocation
[2019-12-08T09:54:56.977+0000][1][safepoint    ] Leaving safepoint region
[2019-12-08T09:54:56.977+0000][1][safepoint    ] Total time for which application threads were stopped: 0.0002314 seconds, Stopping threads took: 0.0000131 seconds
[2019-12-08T09:54:56.984+0000][1][safepoint    ] Application time: 0.0065900 seconds
[2019-12-08T09:54:56.984+0000][1][safepoint    ] Entering safepoint region: CollectForMetadataAllocation
[2019-12-08T09:54:56.984+0000][1][safepoint    ] Leaving safepoint region
[2019-12-08T09:54:56.984+0000][1][safepoint    ] Total time for which application threads were stopped: 0.0000438 seconds, Stopping threads took: 0.0000118 seconds
[2019-12-08T09:54:56.986+0000][1][safepoint    ] Application time: 0.0017287 seconds
[2019-12-08T09:54:56.986+0000][1][safepoint    ] Entering safepoint region: RevokeBias
[2019-12-08T09:54:56.986+0000][1][safepoint    ] Leaving safepoint region
[2019-12-08T09:54:56.986+0000][1][safepoint    ] Total time for which application threads were stopped: 0.0000924 seconds, Stopping threads took: 0.0000124 seconds
[2019-12-08T09:54:57.071+0000][1][safepoint    ] Application time: 0.0849000 seconds
[2019-12-08T09:54:57.071+0000][1][safepoint    ] Entering safepoint region: CollectForMetadataAllocation
[2019-12-08T09:54:57.071+0000][1][safepoint    ] Leaving safepoint region
[2019-12-08T09:54:57.071+0000][1][safepoint    ] Total time for which application threads were stopped: 0.0002655 seconds, Stopping threads took: 0.0000152 seconds
[2019-12-08T09:54:57.143+0000][1][gc           ] GC(18) Concurrent Mark 286.089ms
[2019-12-08T09:54:57.143+0000][1][gc,cpu       ] GC(18) User=0.26s Sys=0.00s Real=0.29s
[2019-12-08T09:54:57.143+0000][1][gc           ] GC(18) Concurrent Preclean
[2019-12-08T09:54:57.154+0000][1][gc           ] GC(18) Concurrent Preclean 11.550ms
[2019-12-08T09:54:57.154+0000][1][gc,cpu       ] GC(18) User=0.02s Sys=0.00s Real=0.01s
[2019-12-08T09:54:57.154+0000][1][gc           ] GC(18) Concurrent Abortable Preclean
[2019-12-08T09:54:57.176+0000][1][safepoint    ] Application time: 0.1052142 seconds
[2019-12-08T09:54:57.176+0000][1][safepoint    ] Entering safepoint region: CollectForMetadataAllocation
[2019-12-08T09:54:57.176+0000][1][safepoint    ] Leaving safepoint region
[2019-12-08T09:54:57.177+0000][1][safepoint    ] Total time for which application threads were stopped: 0.0002403 seconds, Stopping threads took: 0.0000126 seconds
[2019-12-08T09:54:57.223+0000][1][safepoint    ] Application time: 0.0468958 seconds
[2019-12-08T09:54:57.223+0000][1][safepoint    ] Entering safepoint region: CollectForMetadataAllocation
[2019-12-08T09:54:57.224+0000][1][safepoint    ] Leaving safepoint region
[2019-12-08T09:54:57.224+0000][1][safepoint    ] Total time for which application threads were stopped: 0.0001445 seconds, Stopping threads took: 0.0000136 seconds
[2019-12-08T09:54:57.252+0000][1][safepoint    ] Application time: 0.0285778 seconds
[2019-12-08T09:54:57.252+0000][1][safepoint    ] Entering safepoint region: CollectForMetadataAllocation
[2019-12-08T09:54:57.252+0000][1][safepoint    ] Leaving safepoint region
[2019-12-08T09:54:57.252+0000][1][safepoint    ] Total time for which application threads were stopped: 0.0002209 seconds, Stopping threads took: 0.0000122 seconds
[2019-12-08T09:54:57.311+0000][1][safepoint    ] Application time: 0.0584437 seconds
[2019-12-08T09:54:57.311+0000][1][safepoint    ] Entering safepoint region: CollectForMetadataAllocation
[2019-12-08T09:54:57.311+0000][1][safepoint    ] Leaving safepoint region
[2019-12-08T09:54:57.311+0000][1][safepoint    ] Total time for which application threads were stopped: 0.0002387 seconds, Stopping threads took: 0.0000152 seconds
[2019-12-08T09:54:57.398+0000][1][safepoint    ] Application time: 0.0869857 seconds
[2019-12-08T09:54:57.398+0000][1][safepoint    ] Entering safepoint region: CollectForMetadataAllocation
[2019-12-08T09:54:57.398+0000][1][safepoint    ] Leaving safepoint region
[2019-12-08T09:54:57.398+0000][1][safepoint    ] Total time for which application threads were stopped: 0.0002260 seconds, Stopping threads took: 0.0000143 seconds
[2019-12-08T09:54:57.463+0000][1][safepoint    ] Application time: 0.0643042 seconds
[2019-12-08T09:54:57.463+0000][1][safepoint    ] Entering safepoint region: CollectForMetadataAllocation
[2019-12-08T09:54:57.463+0000][1][safepoint    ] Leaving safepoint region
[2019-12-08T09:54:57.463+0000][1][safepoint    ] Total time for which application threads were stopped: 0.0002311 seconds, Stopping threads took: 0.0000139 seconds
[2019-12-08T09:54:57.481+0000][1][safepoint    ] Application time: 0.0182162 seconds
[2019-12-08T09:54:57.490+0000][1][safepoint    ] Entering safepoint region: CollectForMetadataAllocation
[2019-12-08T09:54:57.490+0000][1][safepoint    ] Leaving safepoint region
[2019-12-08T09:54:57.490+0000][1][safepoint    ] Total time for which application threads were stopped: 0.0087294 seconds, Stopping threads took: 0.0085062 seconds
[2019-12-08T09:54:57.542+0000][1][safepoint    ] Application time: 0.0518133 seconds
[2019-12-08T09:54:57.542+0000][1][safepoint    ] Entering safepoint region: CollectForMetadataAllocation
[2019-12-08T09:54:57.542+0000][1][safepoint    ] Leaving safepoint region
[2019-12-08T09:54:57.542+0000][1][safepoint    ] Total time for which application threads were stopped: 0.0002419 seconds, Stopping threads took: 0.0000161 seconds
[2019-12-08T09:54:57.604+0000][1][safepoint    ] Application time: 0.0619575 seconds
[2019-12-08T09:54:57.604+0000][1][safepoint    ] Entering safepoint region: CollectForMetadataAllocation
[2019-12-08T09:54:57.604+0000][1][safepoint    ] Leaving safepoint region
[2019-12-08T09:54:57.604+0000][1][safepoint    ] Total time for which application threads were stopped: 0.0002331 seconds, Stopping threads took: 0.0000131 seconds
[2019-12-08T09:54:57.664+0000][1][safepoint    ] Application time: 0.0593102 seconds
[2019-12-08T09:54:57.664+0000][1][safepoint    ] Entering safepoint region: CollectForMetadataAllocation
[2019-12-08T09:54:57.664+0000][1][safepoint    ] Leaving safepoint region
[2019-12-08T09:54:57.664+0000][1][safepoint    ] Total time for which application threads were stopped: 0.0001695 seconds, Stopping threads took: 0.0000142 seconds
[2019-12-08T09:54:57.809+0000][1][safepoint    ] Application time: 0.1450736 seconds
[2019-12-08T09:54:57.809+0000][1][safepoint    ] Entering safepoint region: CollectForMetadataAllocation
[2019-12-08T09:54:57.809+0000][1][safepoint    ] Leaving safepoint region
[2019-12-08T09:54:57.809+0000][1][safepoint    ] Total time for which application threads were stopped: 0.0002238 seconds, Stopping threads took: 0.0000129 seconds
[2019-12-08T09:54:57.921+0000][1][safepoint    ] Application time: 0.1122381 seconds
[2019-12-08T09:54:57.921+0000][1][safepoint    ] Entering safepoint region: CollectForMetadataAllocation
[2019-12-08T09:54:57.922+0000][1][safepoint    ] Leaving safepoint region
[2019-12-08T09:54:57.922+0000][1][safepoint    ] Total time for which application threads were stopped: 0.0002262 seconds, Stopping threads took: 0.0000137 seconds
[2019-12-08T09:54:58.101+0000][1][safepoint    ] Application time: 0.1795833 seconds
[2019-12-08T09:54:58.101+0000][1][safepoint    ] Entering safepoint region: CollectForMetadataAllocation
[2019-12-08T09:54:58.101+0000][1][safepoint    ] Leaving safepoint region
[2019-12-08T09:54:58.102+0000][1][safepoint    ] Total time for which application threads were stopped: 0.0002346 seconds, Stopping threads took: 0.0000133 seconds
[2019-12-08T09:54:58.184+0000][1][safepoint    ] Application time: 0.0825763 seconds
[2019-12-08T09:54:58.184+0000][1][safepoint    ] Entering safepoint region: CollectForMetadataAllocation
[2019-12-08T09:54:58.184+0000][1][safepoint    ] Leaving safepoint region
[2019-12-08T09:54:58.184+0000][1][safepoint    ] Total time for which application threads were stopped: 0.0002306 seconds, Stopping threads took: 0.0000129 seconds
[2019-12-08T09:54:58.274+0000][1][safepoint    ] Application time: 0.0893916 seconds
[2019-12-08T09:54:58.274+0000][1][safepoint    ] Entering safepoint region: CollectForMetadataAllocation
[2019-12-08T09:54:58.274+0000][1][safepoint    ] Leaving safepoint region
[2019-12-08T09:54:58.274+0000][1][safepoint    ] Total time for which application threads were stopped: 0.0002173 seconds, Stopping threads took: 0.0000119 seconds
[2019-12-08T09:54:58.366+0000][1][safepoint    ] Application time: 0.0917300 seconds
[2019-12-08T09:54:58.366+0000][1][safepoint    ] Entering safepoint region: RevokeBias
[2019-12-08T09:54:58.366+0000][1][safepoint    ] Leaving safepoint region
[2019-12-08T09:54:58.366+0000][1][safepoint    ] Total time for which application threads were stopped: 0.0001014 seconds, Stopping threads took: 0.0000140 seconds
[2019-12-08T09:54:58.366+0000][1][safepoint    ] Application time: 0.0001274 seconds
[2019-12-08T09:54:58.366+0000][1][safepoint    ] Entering safepoint region: RevokeBias
[2019-12-08T09:54:58.366+0000][1][safepoint    ] Leaving safepoint region
[2019-12-08T09:54:58.366+0000][1][safepoint    ] Total time for which application threads were stopped: 0.0000581 seconds, Stopping threads took: 0.0000089 seconds
[2019-12-08T09:54:58.400+0000][1][safepoint    ] Application time: 0.0336484 seconds
[2019-12-08T09:54:58.400+0000][1][safepoint    ] Entering safepoint region: CollectForMetadataAllocation
[2019-12-08T09:54:58.400+0000][1][safepoint    ] Leaving safepoint region
[2019-12-08T09:54:58.400+0000][1][safepoint    ] Total time for which application threads were stopped: 0.0002479 seconds, Stopping threads took: 0.0000129 seconds
[2019-12-08T09:54:59.354+0000][1][gc           ] GC(18) Concurrent Abortable Preclean 2199.368ms
[2019-12-08T09:54:59.354+0000][1][gc,cpu       ] GC(18) User=2.27s Sys=0.03s Real=2.20s
[2019-12-08T09:54:59.365+0000][1][safepoint    ] Application time: 0.9647323 seconds
[2019-12-08T09:54:59.375+0000][1][safepoint    ] Entering safepoint region: CMS_Final_Remark
[2019-12-08T09:54:59.375+0000][1][gc,start     ] GC(18) Pause Remark
[2019-12-08T09:54:59.453+0000][1][gc           ] GC(18) Pause Remark 95M->95M(247M) 77.828ms
[2019-12-08T09:54:59.453+0000][1][gc,cpu       ] GC(18) User=0.07s Sys=0.00s Real=0.08s
[2019-12-08T09:54:59.453+0000][1][safepoint    ] Leaving safepoint region
[2019-12-08T09:54:59.453+0000][1][safepoint    ] Total time for which application threads were stopped: 0.0879755 seconds, Stopping threads took: 0.0099876 seconds
[2019-12-08T09:54:59.457+0000][1][gc           ] GC(18) Concurrent Sweep
[2019-12-08T09:54:59.549+0000][1][gc           ] GC(18) Concurrent Sweep 92.016ms
[2019-12-08T09:54:59.549+0000][1][gc,cpu       ] GC(18) User=0.13s Sys=0.00s Real=0.09s
[2019-12-08T09:54:59.549+0000][1][gc           ] GC(18) Concurrent Reset
[2019-12-08T09:54:59.549+0000][1][gc           ] GC(18) Concurrent Reset 0.313ms
[2019-12-08T09:54:59.549+0000][1][gc,cpu       ] GC(18) User=0.00s Sys=0.00s Real=0.00s
[2019-12-08T09:54:59.549+0000][1][gc,heap      ] GC(18) Old: 56004K->55816K(174784K)
[2019-12-08T09:55:00.455+0000][1][safepoint    ] Application time: 1.0019451 seconds
[2019-12-08T09:55:00.458+0000][1][safepoint    ] Entering safepoint region: Cleanup
[2019-12-08T09:55:00.459+0000][1][safepoint    ] Leaving safepoint region
[2019-12-08T09:55:00.459+0000][1][safepoint    ] Total time for which application threads were stopped: 0.0038340 seconds, Stopping threads took: 0.0029858 seconds
[2019-12-08T09:55:01.232+0000][1][safepoint    ] Application time: 0.7737296 seconds
[2019-12-08T09:55:01.232+0000][1][safepoint    ] Entering safepoint region: GenCollectForAllocation
[2019-12-08T09:55:01.232+0000][1][gc,start     ] GC(19) Pause Young (Allocation Failure)
[2019-12-08T09:55:01.233+0000][1][gc,task      ] GC(19) Using 4 workers of 4 for evacuation
[2019-12-08T09:55:01.274+0000][1][gc,age       ] GC(19) Desired survivor size 4456448 bytes, new threshold 2 (max threshold 6)
[2019-12-08T09:55:01.274+0000][1][gc,age       ] GC(19) Age table with threshold 2 (max threshold 6)
[2019-12-08T09:55:01.274+0000][1][gc,age       ] GC(19) - age   1:    2940464 bytes,    2940464 total
[2019-12-08T09:55:01.274+0000][1][gc,age       ] GC(19) - age   2:    2086528 bytes,    5026992 total
[2019-12-08T09:55:01.274+0000][1][gc,age       ] GC(19) - age   3:    1097648 bytes,    6124640 total
[2019-12-08T09:55:01.274+0000][1][gc,heap      ] GC(19) ParNew: 74284K->7097K(78656K)
[2019-12-08T09:55:01.274+0000][1][gc,heap      ] GC(19) CMS: 55816K->55816K(174784K)
[2019-12-08T09:55:01.274+0000][1][gc,metaspace ] GC(19) Metaspace: 43162K->43162K(1089536K)
[2019-12-08T09:55:01.274+0000][1][gc           ] GC(19) Pause Young (Allocation Failure) 127M->61M(247M) 41.775ms
[2019-12-08T09:55:01.274+0000][1][gc,cpu       ] GC(19) User=0.05s Sys=0.00s Real=0.04s
[2019-12-08T09:55:01.274+0000][1][safepoint    ] Leaving safepoint region
[2019-12-08T09:55:01.274+0000][1][safepoint    ] Total time for which application threads were stopped: 0.0419661 seconds, Stopping threads took: 0.0000146 seconds
[2019-12-08T09:55:01.650+0000][1][safepoint    ] Application time: 0.3753268 seconds
[2019-12-08T09:55:01.650+0000][1][safepoint    ] Entering safepoint region: RevokeBias
[2019-12-08T09:55:01.650+0000][1][safepoint    ] Leaving safepoint region
[2019-12-08T09:55:01.650+0000][1][safepoint    ] Total time for which application threads were stopped: 0.0001373 seconds, Stopping threads took: 0.0000156 seconds
[2019-12-08T09:55:01.656+0000][1][safepoint    ] Application time: 0.0062015 seconds
[2019-12-08T09:55:01.656+0000][1][safepoint    ] Entering safepoint region: RevokeBias
[2019-12-08T09:55:01.656+0000][1][safepoint    ] Leaving safepoint region
[2019-12-08T09:55:01.656+0000][1][safepoint    ] Total time for which application threads were stopped: 0.0000697 seconds, Stopping threads took: 0.0000110 seconds
[2019-12-08T09:55:02.496+0000][1][safepoint    ] Application time: 0.8395279 seconds
[2019-12-08T09:55:02.496+0000][1][safepoint    ] Entering safepoint region: RevokeBias
[2019-12-08T09:55:02.496+0000][1][safepoint    ] Leaving safepoint region
[2019-12-08T09:55:02.496+0000][1][safepoint    ] Total time for which application threads were stopped: 0.0005762 seconds, Stopping threads took: 0.0000488 seconds
[2019-12-08T09:55:02.526+0000][1][safepoint    ] Application time: 0.0293839 seconds
[2019-12-08T09:55:02.529+0000][1][safepoint    ] Entering safepoint region: RevokeBias
[2019-12-08T09:55:02.530+0000][1][safepoint    ] Leaving safepoint region
[2019-12-08T09:55:02.530+0000][1][safepoint    ] Total time for which application threads were stopped: 0.0037779 seconds, Stopping threads took: 0.0036892 seconds
[2019-12-08T09:55:02.540+0000][1][safepoint    ] Application time: 0.0101716 seconds
[2019-12-08T09:55:02.571+0000][1][safepoint    ] Entering safepoint region: RevokeBias
[2019-12-08T09:55:02.571+0000][1][safepoint    ] Leaving safepoint region
[2019-12-08T09:55:02.571+0000][1][safepoint    ] Total time for which application threads were stopped: 0.0311471 seconds, Stopping threads took: 0.0310044 seconds
[2019-12-08T09:55:02.574+0000][1][safepoint    ] Application time: 0.0028539 seconds
[2019-12-08T09:55:02.574+0000][1][safepoint    ] Entering safepoint region: RevokeBias
[2019-12-08T09:55:02.574+0000][1][safepoint    ] Leaving safepoint region
[2019-12-08T09:55:02.574+0000][1][safepoint    ] Total time for which application threads were stopped: 0.0001102 seconds, Stopping threads took: 0.0000124 seconds
[2019-12-08T09:55:02.811+0000][1][safepoint    ] Application time: 0.2369710 seconds
[2019-12-08T09:55:02.811+0000][1][safepoint    ] Entering safepoint region: RevokeBias
[2019-12-08T09:55:02.811+0000][1][safepoint    ] Leaving safepoint region
[2019-12-08T09:55:02.811+0000][1][safepoint    ] Total time for which application threads were stopped: 0.0001247 seconds, Stopping threads took: 0.0000154 seconds
[2019-12-08T09:55:02.811+0000][1][safepoint    ] Application time: 0.0001061 seconds
[2019-12-08T09:55:02.811+0000][1][safepoint    ] Entering safepoint region: RevokeBias
[2019-12-08T09:55:02.811+0000][1][safepoint    ] Leaving safepoint region
[2019-12-08T09:55:02.811+0000][1][safepoint    ] Total time for which application threads were stopped: 0.0000741 seconds, Stopping threads took: 0.0000099 seconds
[2019-12-08T09:55:02.811+0000][1][safepoint    ] Application time: 0.0000637 seconds
[2019-12-08T09:55:02.811+0000][1][safepoint    ] Entering safepoint region: RevokeBias
[2019-12-08T09:55:02.811+0000][1][safepoint    ] Leaving safepoint region
[2019-12-08T09:55:02.811+0000][1][safepoint    ] Total time for which application threads were stopped: 0.0000537 seconds, Stopping threads took: 0.0000087 seconds
[2019-12-08T09:55:02.812+0000][1][safepoint    ] Application time: 0.0001261 seconds
[2019-12-08T09:55:02.812+0000][1][safepoint    ] Entering safepoint region: RevokeBias
[2019-12-08T09:55:02.812+0000][1][safepoint    ] Leaving safepoint region
[2019-12-08T09:55:02.812+0000][1][safepoint    ] Total time for which application threads were stopped: 0.0000665 seconds, Stopping threads took: 0.0000092 seconds
[2019-12-08T09:55:02.812+0000][1][safepoint    ] Application time: 0.0001805 seconds
[2019-12-08T09:55:02.812+0000][1][safepoint    ] Entering safepoint region: RevokeBias
[2019-12-08T09:55:02.812+0000][1][safepoint    ] Leaving safepoint region
[2019-12-08T09:55:02.812+0000][1][safepoint    ] Total time for which application threads were stopped: 0.0000633 seconds, Stopping threads took: 0.0000095 seconds
[2019-12-08T09:55:02.812+0000][1][safepoint    ] Application time: 0.0000712 seconds
[2019-12-08T09:55:02.812+0000][1][safepoint    ] Entering safepoint region: RevokeBias
[2019-12-08T09:55:02.812+0000][1][safepoint    ] Leaving safepoint region
[2019-12-08T09:55:02.812+0000][1][safepoint    ] Total time for which application threads were stopped: 0.0000530 seconds, Stopping threads took: 0.0000078 seconds
[2019-12-08T09:55:02.812+0000][1][safepoint    ] Application time: 0.0000486 seconds
[2019-12-08T09:55:02.812+0000][1][safepoint    ] Entering safepoint region: RevokeBias
[2019-12-08T09:55:02.812+0000][1][safepoint    ] Leaving safepoint region
[2019-12-08T09:55:02.812+0000][1][safepoint    ] Total time for which application threads were stopped: 0.0000448 seconds, Stopping threads took: 0.0000075 seconds
[2019-12-08T09:55:02.812+0000][1][safepoint    ] Application time: 0.0001587 seconds
[2019-12-08T09:55:02.812+0000][1][safepoint    ] Entering safepoint region: RevokeBias
[2019-12-08T09:55:02.812+0000][1][safepoint    ] Leaving safepoint region
[2019-12-08T09:55:02.812+0000][1][safepoint    ] Total time for which application threads were stopped: 0.0000701 seconds, Stopping threads took: 0.0000105 seconds
[2019-12-08T09:55:02.812+0000][1][safepoint    ] Application time: 0.0000582 seconds
[2019-12-08T09:55:02.812+0000][1][safepoint    ] Entering safepoint region: RevokeBias
[2019-12-08T09:55:02.812+0000][1][safepoint    ] Leaving safepoint region
[2019-12-08T09:55:02.813+0000][1][safepoint    ] Total time for which application threads were stopped: 0.0000551 seconds, Stopping threads took: 0.0000086 seconds
[2019-12-08T09:55:02.813+0000][1][safepoint    ] Application time: 0.0000737 seconds
[2019-12-08T09:55:02.813+0000][1][safepoint    ] Entering safepoint region: RevokeBias
[2019-12-08T09:55:02.813+0000][1][safepoint    ] Leaving safepoint region
[2019-12-08T09:55:02.813+0000][1][safepoint    ] Total time for which application threads were stopped: 0.0000555 seconds, Stopping threads took: 0.0000084 seconds
[2019-12-08T09:55:02.813+0000][1][safepoint    ] Application time: 0.0000675 seconds
[2019-12-08T09:55:02.813+0000][1][safepoint    ] Entering safepoint region: RevokeBias
[2019-12-08T09:55:02.813+0000][1][safepoint    ] Leaving safepoint region
[2019-12-08T09:55:02.813+0000][1][safepoint    ] Total time for which application threads were stopped: 0.0000579 seconds, Stopping threads took: 0.0000088 seconds
[2019-12-08T09:55:02.813+0000][1][safepoint    ] Application time: 0.0000557 seconds
[2019-12-08T09:55:02.813+0000][1][safepoint    ] Entering safepoint region: RevokeBias
[2019-12-08T09:55:02.813+0000][1][safepoint    ] Leaving safepoint region
[2019-12-08T09:55:02.813+0000][1][safepoint    ] Total time for which application threads were stopped: 0.0000537 seconds, Stopping threads took: 0.0000083 seconds
[2019-12-08T09:55:02.813+0000][1][safepoint    ] Application time: 0.0000536 seconds
[2019-12-08T09:55:02.813+0000][1][safepoint    ] Entering safepoint region: RevokeBias
[2019-12-08T09:55:02.813+0000][1][safepoint    ] Leaving safepoint region
[2019-12-08T09:55:02.813+0000][1][safepoint    ] Total time for which application threads were stopped: 0.0000523 seconds, Stopping threads took: 0.0000084 seconds
[2019-12-08T09:55:02.813+0000][1][safepoint    ] Application time: 0.0000552 seconds
[2019-12-08T09:55:02.813+0000][1][safepoint    ] Entering safepoint region: RevokeBias
[2019-12-08T09:55:02.813+0000][1][safepoint    ] Leaving safepoint region
[2019-12-08T09:55:02.813+0000][1][safepoint    ] Total time for which application threads were stopped: 0.0000572 seconds, Stopping threads took: 0.0000084 seconds
[2019-12-08T09:55:02.813+0000][1][safepoint    ] Application time: 0.0000532 seconds
[2019-12-08T09:55:02.813+0000][1][safepoint    ] Entering safepoint region: RevokeBias
[2019-12-08T09:55:02.813+0000][1][safepoint    ] Leaving safepoint region
[2019-12-08T09:55:02.813+0000][1][safepoint    ] Total time for which application threads were stopped: 0.0000521 seconds, Stopping threads took: 0.0000082 seconds
[2019-12-08T09:55:02.813+0000][1][safepoint    ] Application time: 0.0000523 seconds
[2019-12-08T09:55:02.813+0000][1][safepoint    ] Entering safepoint region: RevokeBias
[2019-12-08T09:55:02.813+0000][1][safepoint    ] Leaving safepoint region
[2019-12-08T09:55:02.813+0000][1][safepoint    ] Total time for which application threads were stopped: 0.0000514 seconds, Stopping threads took: 0.0000082 seconds
[2019-12-08T09:55:02.813+0000][1][safepoint    ] Application time: 0.0000530 seconds
[2019-12-08T09:55:02.813+0000][1][safepoint    ] Entering safepoint region: RevokeBias
[2019-12-08T09:55:02.814+0000][1][safepoint    ] Leaving safepoint region
[2019-12-08T09:55:02.814+0000][1][safepoint    ] Total time for which application threads were stopped: 0.0000537 seconds, Stopping threads took: 0.0000086 seconds
[2019-12-08T09:55:02.814+0000][1][safepoint    ] Application time: 0.0000528 seconds
[2019-12-08T09:55:02.814+0000][1][safepoint    ] Entering safepoint region: RevokeBias
[2019-12-08T09:55:02.814+0000][1][safepoint    ] Leaving safepoint region
[2019-12-08T09:55:02.814+0000][1][safepoint    ] Total time for which application threads were stopped: 0.0000511 seconds, Stopping threads took: 0.0000081 seconds
[2019-12-08T09:55:02.814+0000][1][safepoint    ] Application time: 0.0000657 seconds
[2019-12-08T09:55:02.814+0000][1][safepoint    ] Entering safepoint region: RevokeBias
[2019-12-08T09:55:02.814+0000][1][safepoint    ] Leaving safepoint region
[2019-12-08T09:55:02.814+0000][1][safepoint    ] Total time for which application threads were stopped: 0.0000517 seconds, Stopping threads took: 0.0000081 seconds
[2019-12-08T09:55:02.814+0000][1][safepoint    ] Application time: 0.0000485 seconds
[2019-12-08T09:55:02.814+0000][1][safepoint    ] Entering safepoint region: RevokeBias
[2019-12-08T09:55:02.814+0000][1][safepoint    ] Leaving safepoint region
[2019-12-08T09:55:02.814+0000][1][safepoint    ] Total time for which application threads were stopped: 0.0000451 seconds, Stopping threads took: 0.0000073 seconds
[2019-12-08T09:55:02.814+0000][1][safepoint    ] Application time: 0.0000477 seconds
[2019-12-08T09:55:02.814+0000][1][safepoint    ] Entering safepoint region: RevokeBias
[2019-12-08T09:55:02.814+0000][1][safepoint    ] Leaving safepoint region
[2019-12-08T09:55:02.814+0000][1][safepoint    ] Total time for which application threads were stopped: 0.0000443 seconds, Stopping threads took: 0.0000072 seconds
[2019-12-08T09:55:02.814+0000][1][safepoint    ] Application time: 0.0000481 seconds
[2019-12-08T09:55:02.814+0000][1][safepoint    ] Entering safepoint region: RevokeBias
[2019-12-08T09:55:02.814+0000][1][safepoint    ] Leaving safepoint region
[2019-12-08T09:55:02.814+0000][1][safepoint    ] Total time for which application threads were stopped: 0.0000449 seconds, Stopping threads took: 0.0000072 seconds
[2019-12-08T09:55:02.814+0000][1][safepoint    ] Application time: 0.0000477 seconds
[2019-12-08T09:55:02.814+0000][1][safepoint    ] Entering safepoint region: RevokeBias
[2019-12-08T09:55:02.814+0000][1][safepoint    ] Leaving safepoint region
[2019-12-08T09:55:02.814+0000][1][safepoint    ] Total time for which application threads were stopped: 0.0000448 seconds, Stopping threads took: 0.0000073 seconds
[2019-12-08T09:55:02.814+0000][1][safepoint    ] Application time: 0.0000479 seconds
[2019-12-08T09:55:02.814+0000][1][safepoint    ] Entering safepoint region: RevokeBias
[2019-12-08T09:55:02.814+0000][1][safepoint    ] Leaving safepoint region
[2019-12-08T09:55:02.814+0000][1][safepoint    ] Total time for which application threads were stopped: 0.0000499 seconds, Stopping threads took: 0.0000075 seconds
[2019-12-08T09:55:02.814+0000][1][safepoint    ] Application time: 0.0000685 seconds
[2019-12-08T09:55:02.814+0000][1][safepoint    ] Entering safepoint region: RevokeBias
[2019-12-08T09:55:02.814+0000][1][safepoint    ] Leaving safepoint region
[2019-12-08T09:55:02.814+0000][1][safepoint    ] Total time for which application threads were stopped: 0.0000491 seconds, Stopping threads took: 0.0000078 seconds
[2019-12-08T09:55:02.815+0000][1][safepoint    ] Application time: 0.0000481 seconds
[2019-12-08T09:55:02.815+0000][1][safepoint    ] Entering safepoint region: RevokeBias
[2019-12-08T09:55:02.815+0000][1][safepoint    ] Leaving safepoint region
[2019-12-08T09:55:02.815+0000][1][safepoint    ] Total time for which application threads were stopped: 0.0000445 seconds, Stopping threads took: 0.0000072 seconds
[2019-12-08T09:55:02.815+0000][1][safepoint    ] Application time: 0.0000478 seconds
[2019-12-08T09:55:02.815+0000][1][safepoint    ] Entering safepoint region: BulkRevokeBias
[2019-12-08T09:55:02.815+0000][1][safepoint    ] Leaving safepoint region
[2019-12-08T09:55:02.815+0000][1][safepoint    ] Total time for which application threads were stopped: 0.0001504 seconds, Stopping threads took: 0.0000071 seconds
[2019-12-08T09:55:02.815+0000][1][safepoint    ] Application time: 0.0001496 seconds
[2019-12-08T09:55:02.815+0000][1][safepoint    ] Entering safepoint region: RevokeBias
[2019-12-08T09:55:02.815+0000][1][safepoint    ] Leaving safepoint region
[2019-12-08T09:55:02.815+0000][1][safepoint    ] Total time for which application threads were stopped: 0.0000635 seconds, Stopping threads took: 0.0000077 seconds
[2019-12-08T09:55:02.815+0000][1][safepoint    ] Application time: 0.0000709 seconds
[2019-12-08T09:55:02.815+0000][1][safepoint    ] Entering safepoint region: RevokeBias
[2019-12-08T09:55:02.815+0000][1][safepoint    ] Leaving safepoint region
[2019-12-08T09:55:02.815+0000][1][safepoint    ] Total time for which application threads were stopped: 0.0000509 seconds, Stopping threads took: 0.0000072 seconds
[2019-12-08T09:55:02.815+0000][1][safepoint    ] Application time: 0.0001095 seconds
[2019-12-08T09:55:02.815+0000][1][safepoint    ] Entering safepoint region: RevokeBias
[2019-12-08T09:55:02.815+0000][1][safepoint    ] Leaving safepoint region
[2019-12-08T09:55:02.815+0000][1][safepoint    ] Total time for which application threads were stopped: 0.0000599 seconds, Stopping threads took: 0.0000079 seconds
[2019-12-08T09:55:02.815+0000][1][safepoint    ] Application time: 0.0000629 seconds
[2019-12-08T09:55:02.815+0000][1][safepoint    ] Entering safepoint region: RevokeBias
[2019-12-08T09:55:02.815+0000][1][safepoint    ] Leaving safepoint region
[2019-12-08T09:55:02.815+0000][1][safepoint    ] Total time for which application threads were stopped: 0.0000468 seconds, Stopping threads took: 0.0000075 seconds
[2019-12-08T09:55:02.816+0000][1][safepoint    ] Application time: 0.0000677 seconds
[2019-12-08T09:55:02.816+0000][1][safepoint    ] Entering safepoint region: RevokeBias
[2019-12-08T09:55:02.816+0000][1][safepoint    ] Leaving safepoint region
[2019-12-08T09:55:02.816+0000][1][safepoint    ] Total time for which application threads were stopped: 0.0000492 seconds, Stopping threads took: 0.0000073 seconds
[2019-12-08T09:55:02.816+0000][1][safepoint    ] Application time: 0.0000533 seconds
[2019-12-08T09:55:02.816+0000][1][safepoint    ] Entering safepoint region: RevokeBias
[2019-12-08T09:55:02.816+0000][1][safepoint    ] Leaving safepoint region
[2019-12-08T09:55:02.816+0000][1][safepoint    ] Total time for which application threads were stopped: 0.0000687 seconds, Stopping threads took: 0.0000074 seconds
[2019-12-08T09:55:02.819+0000][1][safepoint    ] Application time: 0.0028583 seconds
[2019-12-08T09:55:02.819+0000][1][safepoint    ] Entering safepoint region: RevokeBias
[2019-12-08T09:55:02.819+0000][1][safepoint    ] Leaving safepoint region
[2019-12-08T09:55:02.819+0000][1][safepoint    ] Total time for which application threads were stopped: 0.0000834 seconds, Stopping threads took: 0.0000114 seconds
[2019-12-08T09:55:02.819+0000][1][safepoint    ] Application time: 0.0001779 seconds
[2019-12-08T09:55:02.819+0000][1][safepoint    ] Entering safepoint region: RevokeBias
[2019-12-08T09:55:02.819+0000][1][safepoint    ] Leaving safepoint region
[2019-12-08T09:55:02.819+0000][1][safepoint    ] Total time for which application threads were stopped: 0.0000657 seconds, Stopping threads took: 0.0000099 seconds
[2019-12-08T09:55:02.819+0000][1][safepoint    ] Application time: 0.0001408 seconds
[2019-12-08T09:55:02.819+0000][1][safepoint    ] Entering safepoint region: RevokeBias
[2019-12-08T09:55:02.819+0000][1][safepoint    ] Leaving safepoint region
[2019-12-08T09:55:02.819+0000][1][safepoint    ] Total time for which application threads were stopped: 0.0000526 seconds, Stopping threads took: 0.0000089 seconds
[2019-12-08T09:55:02.819+0000][1][safepoint    ] Application time: 0.0000580 seconds
[2019-12-08T09:55:02.819+0000][1][safepoint    ] Entering safepoint region: RevokeBias
[2019-12-08T09:55:02.819+0000][1][safepoint    ] Leaving safepoint region
[2019-12-08T09:55:02.819+0000][1][safepoint    ] Total time for which application threads were stopped: 0.0000633 seconds, Stopping threads took: 0.0000083 seconds
[2019-12-08T09:55:02.819+0000][1][safepoint    ] Application time: 0.0000571 seconds
[2019-12-08T09:55:02.819+0000][1][safepoint    ] Entering safepoint region: RevokeBias
[2019-12-08T09:55:02.819+0000][1][safepoint    ] Leaving safepoint region
[2019-12-08T09:55:02.819+0000][1][safepoint    ] Total time for which application threads were stopped: 0.0000492 seconds, Stopping threads took: 0.0000082 seconds
[2019-12-08T09:55:02.820+0000][1][safepoint    ] Application time: 0.0003115 seconds
[2019-12-08T09:55:02.820+0000][1][safepoint    ] Entering safepoint region: RevokeBias
[2019-12-08T09:55:02.820+0000][1][safepoint    ] Leaving safepoint region
[2019-12-08T09:55:02.820+0000][1][safepoint    ] Total time for which application threads were stopped: 0.0000977 seconds, Stopping threads took: 0.0000112 seconds
[2019-12-08T09:55:02.820+0000][1][safepoint    ] Application time: 0.0000595 seconds
[2019-12-08T09:55:02.820+0000][1][safepoint    ] Entering safepoint region: RevokeBias
[2019-12-08T09:55:02.820+0000][1][safepoint    ] Leaving safepoint region
[2019-12-08T09:55:02.820+0000][1][safepoint    ] Total time for which application threads were stopped: 0.0000545 seconds, Stopping threads took: 0.0000087 seconds
[2019-12-08T09:55:02.820+0000][1][safepoint    ] Application time: 0.0000560 seconds
[2019-12-08T09:55:02.820+0000][1][safepoint    ] Entering safepoint region: RevokeBias
[2019-12-08T09:55:02.820+0000][1][safepoint    ] Leaving safepoint region
[2019-12-08T09:55:02.820+0000][1][safepoint    ] Total time for which application threads were stopped: 0.0000522 seconds, Stopping threads took: 0.0000089 seconds
[2019-12-08T09:55:02.820+0000][1][safepoint    ] Application time: 0.0000593 seconds
[2019-12-08T09:55:02.820+0000][1][safepoint    ] Entering safepoint region: RevokeBias
[2019-12-08T09:55:02.820+0000][1][safepoint    ] Leaving safepoint region
[2019-12-08T09:55:02.820+0000][1][safepoint    ] Total time for which application threads were stopped: 0.0000494 seconds, Stopping threads took: 0.0000088 seconds
[2019-12-08T09:55:02.820+0000][1][safepoint    ] Application time: 0.0000530 seconds
[2019-12-08T09:55:02.820+0000][1][safepoint    ] Entering safepoint region: RevokeBias
[2019-12-08T09:55:02.820+0000][1][safepoint    ] Leaving safepoint region
[2019-12-08T09:55:02.820+0000][1][safepoint    ] Total time for which application threads were stopped: 0.0000483 seconds, Stopping threads took: 0.0000085 seconds
[2019-12-08T09:55:02.820+0000][1][safepoint    ] Application time: 0.0000535 seconds
[2019-12-08T09:55:02.820+0000][1][safepoint    ] Entering safepoint region: RevokeBias
[2019-12-08T09:55:02.820+0000][1][safepoint    ] Leaving safepoint region
[2019-12-08T09:55:02.821+0000][1][safepoint    ] Total time for which application threads were stopped: 0.0000533 seconds, Stopping threads took: 0.0000078 seconds
[2019-12-08T09:55:02.821+0000][1][safepoint    ] Application time: 0.0000545 seconds
[2019-12-08T09:55:02.821+0000][1][safepoint    ] Entering safepoint region: RevokeBias
[2019-12-08T09:55:02.821+0000][1][safepoint    ] Leaving safepoint region
[2019-12-08T09:55:02.821+0000][1][safepoint    ] Total time for which application threads were stopped: 0.0000510 seconds, Stopping threads took: 0.0000083 seconds
[2019-12-08T09:55:02.821+0000][1][safepoint    ] Application time: 0.0000709 seconds
[2019-12-08T09:55:02.821+0000][1][safepoint    ] Entering safepoint region: RevokeBias
[2019-12-08T09:55:02.821+0000][1][safepoint    ] Leaving safepoint region
[2019-12-08T09:55:02.821+0000][1][safepoint    ] Total time for which application threads were stopped: 0.0000573 seconds, Stopping threads took: 0.0000081 seconds
[2019-12-08T09:55:02.824+0000][1][safepoint    ] Application time: 0.0029648 seconds
[2019-12-08T09:55:02.824+0000][1][safepoint    ] Entering safepoint region: RevokeBias
[2019-12-08T09:55:02.824+0000][1][safepoint    ] Leaving safepoint region
[2019-12-08T09:55:02.824+0000][1][safepoint    ] Total time for which application threads were stopped: 0.0000780 seconds, Stopping threads took: 0.0000110 seconds
[2019-12-08T09:55:02.824+0000][1][safepoint    ] Application time: 0.0000537 seconds
[2019-12-08T09:55:02.824+0000][1][safepoint    ] Entering safepoint region: RevokeBias
[2019-12-08T09:55:02.824+0000][1][safepoint    ] Leaving safepoint region
[2019-12-08T09:55:02.824+0000][1][safepoint    ] Total time for which application threads were stopped: 0.0000480 seconds, Stopping threads took: 0.0000081 seconds
[2019-12-08T09:55:02.824+0000][1][safepoint    ] Application time: 0.0000497 seconds
[2019-12-08T09:55:02.824+0000][1][safepoint    ] Entering safepoint region: RevokeBias
[2019-12-08T09:55:02.824+0000][1][safepoint    ] Leaving safepoint region
[2019-12-08T09:55:02.824+0000][1][safepoint    ] Total time for which application threads were stopped: 0.0000443 seconds, Stopping threads took: 0.0000075 seconds
[2019-12-08T09:55:02.824+0000][1][safepoint    ] Application time: 0.0000517 seconds
[2019-12-08T09:55:02.824+0000][1][safepoint    ] Entering safepoint region: RevokeBias
[2019-12-08T09:55:02.824+0000][1][safepoint    ] Leaving safepoint region
[2019-12-08T09:55:02.824+0000][1][safepoint    ] Total time for which application threads were stopped: 0.0000436 seconds, Stopping threads took: 0.0000078 seconds
[2019-12-08T09:55:02.824+0000][1][safepoint    ] Application time: 0.0000486 seconds
[2019-12-08T09:55:02.824+0000][1][safepoint    ] Entering safepoint region: RevokeBias
[2019-12-08T09:55:02.824+0000][1][safepoint    ] Leaving safepoint region
[2019-12-08T09:55:02.824+0000][1][safepoint    ] Total time for which application threads were stopped: 0.0000435 seconds, Stopping threads took: 0.0000076 seconds
[2019-12-08T09:55:02.824+0000][1][safepoint    ] Application time: 0.0000491 seconds
[2019-12-08T09:55:02.824+0000][1][safepoint    ] Entering safepoint region: RevokeBias
[2019-12-08T09:55:02.824+0000][1][safepoint    ] Leaving safepoint region
[2019-12-08T09:55:02.824+0000][1][safepoint    ] Total time for which application threads were stopped: 0.0000409 seconds, Stopping threads took: 0.0000067 seconds
[2019-12-08T09:55:02.824+0000][1][safepoint    ] Application time: 0.0000611 seconds
[2019-12-08T09:55:02.824+0000][1][safepoint    ] Entering safepoint region: RevokeBias
[2019-12-08T09:55:02.825+0000][1][safepoint    ] Leaving safepoint region
[2019-12-08T09:55:02.825+0000][1][safepoint    ] Total time for which application threads were stopped: 0.0000404 seconds, Stopping threads took: 0.0000074 seconds
[2019-12-08T09:55:02.825+0000][1][safepoint    ] Application time: 0.0000488 seconds
[2019-12-08T09:55:02.825+0000][1][safepoint    ] Entering safepoint region: RevokeBias
[2019-12-08T09:55:02.825+0000][1][safepoint    ] Leaving safepoint region
[2019-12-08T09:55:02.825+0000][1][safepoint    ] Total time for which application threads were stopped: 0.0000449 seconds, Stopping threads took: 0.0000073 seconds
[2019-12-08T09:55:02.825+0000][1][safepoint    ] Application time: 0.0000605 seconds
[2019-12-08T09:55:02.825+0000][1][safepoint    ] Entering safepoint region: RevokeBias
[2019-12-08T09:55:02.825+0000][1][safepoint    ] Leaving safepoint region
[2019-12-08T09:55:02.825+0000][1][safepoint    ] Total time for which application threads were stopped: 0.0000445 seconds, Stopping threads took: 0.0000081 seconds
[2019-12-08T09:55:02.825+0000][1][safepoint    ] Application time: 0.0000522 seconds
[2019-12-08T09:55:02.825+0000][1][safepoint    ] Entering safepoint region: BulkRevokeBias
[2019-12-08T09:55:02.825+0000][1][safepoint    ] Leaving safepoint region
[2019-12-08T09:55:02.825+0000][1][safepoint    ] Total time for which application threads were stopped: 0.0001282 seconds, Stopping threads took: 0.0000077 seconds
[2019-12-08T09:55:02.847+0000][1][safepoint    ] Application time: 0.0217557 seconds
[2019-12-08T09:55:02.872+0000][1][safepoint    ] Entering safepoint region: RevokeBias
[2019-12-08T09:55:02.872+0000][1][safepoint    ] Leaving safepoint region
[2019-12-08T09:55:02.872+0000][1][safepoint    ] Total time for which application threads were stopped: 0.0251925 seconds, Stopping threads took: 0.0250699 seconds
[2019-12-08T09:55:02.872+0000][1][safepoint    ] Application time: 0.0001207 seconds
[2019-12-08T09:55:02.872+0000][1][safepoint    ] Entering safepoint region: RevokeBias
[2019-12-08T09:55:02.872+0000][1][safepoint    ] Leaving safepoint region
[2019-12-08T09:55:02.872+0000][1][safepoint    ] Total time for which application threads were stopped: 0.0001036 seconds, Stopping threads took: 0.0000096 seconds
[2019-12-08T09:55:02.872+0000][1][safepoint    ] Application time: 0.0002006 seconds
[2019-12-08T09:55:02.872+0000][1][safepoint    ] Entering safepoint region: RevokeBias
[2019-12-08T09:55:02.872+0000][1][safepoint    ] Leaving safepoint region
[2019-12-08T09:55:02.872+0000][1][safepoint    ] Total time for which application threads were stopped: 0.0000847 seconds, Stopping threads took: 0.0000094 seconds
[2019-12-08T09:55:02.873+0000][1][safepoint    ] Application time: 0.0000688 seconds
[2019-12-08T09:55:02.873+0000][1][safepoint    ] Entering safepoint region: RevokeBias
[2019-12-08T09:55:02.873+0000][1][safepoint    ] Leaving safepoint region
[2019-12-08T09:55:02.873+0000][1][safepoint    ] Total time for which application threads were stopped: 0.0000629 seconds, Stopping threads took: 0.0000081 seconds
[2019-12-08T09:55:02.873+0000][1][safepoint    ] Application time: 0.0000665 seconds
[2019-12-08T09:55:02.873+0000][1][safepoint    ] Entering safepoint region: RevokeBias
[2019-12-08T09:55:02.873+0000][1][safepoint    ] Leaving safepoint region
[2019-12-08T09:55:02.873+0000][1][safepoint    ] Total time for which application threads were stopped: 0.0000732 seconds, Stopping threads took: 0.0000179 seconds
[2019-12-08T09:55:02.873+0000][1][safepoint    ] Application time: 0.0000488 seconds
[2019-12-08T09:55:02.873+0000][1][safepoint    ] Entering safepoint region: RevokeBias
[2019-12-08T09:55:02.873+0000][1][safepoint    ] Leaving safepoint region
[2019-12-08T09:55:02.873+0000][1][safepoint    ] Total time for which application threads were stopped: 0.0000549 seconds, Stopping threads took: 0.0000077 seconds
[2019-12-08T09:55:02.873+0000][1][safepoint    ] Application time: 0.0003333 seconds
[2019-12-08T09:55:02.873+0000][1][safepoint    ] Entering safepoint region: RevokeBias
[2019-12-08T09:55:02.873+0000][1][safepoint    ] Leaving safepoint region
[2019-12-08T09:55:02.873+0000][1][safepoint    ] Total time for which application threads were stopped: 0.0000803 seconds, Stopping threads took: 0.0000157 seconds
[2019-12-08T09:55:02.873+0000][1][safepoint    ] Application time: 0.0001300 seconds
[2019-12-08T09:55:02.874+0000][1][safepoint    ] Entering safepoint region: RevokeBias
[2019-12-08T09:55:02.874+0000][1][safepoint    ] Leaving safepoint region
[2019-12-08T09:55:02.874+0000][1][safepoint    ] Total time for which application threads were stopped: 0.0000715 seconds, Stopping threads took: 0.0000154 seconds
[2019-12-08T09:55:02.874+0000][1][safepoint    ] Application time: 0.0002051 seconds
[2019-12-08T09:55:02.874+0000][1][safepoint    ] Entering safepoint region: RevokeBias
[2019-12-08T09:55:02.874+0000][1][safepoint    ] Leaving safepoint region
[2019-12-08T09:55:02.874+0000][1][safepoint    ] Total time for which application threads were stopped: 0.0000664 seconds, Stopping threads took: 0.0000090 seconds
[2019-12-08T09:55:02.874+0000][1][safepoint    ] Application time: 0.0003202 seconds
[2019-12-08T09:55:02.874+0000][1][safepoint    ] Entering safepoint region: RevokeBias
[2019-12-08T09:55:02.874+0000][1][safepoint    ] Leaving safepoint region
[2019-12-08T09:55:02.874+0000][1][safepoint    ] Total time for which application threads were stopped: 0.0000775 seconds, Stopping threads took: 0.0000103 seconds
[2019-12-08T09:55:02.874+0000][1][safepoint    ] Application time: 0.0001056 seconds
[2019-12-08T09:55:02.874+0000][1][safepoint    ] Entering safepoint region: RevokeBias
[2019-12-08T09:55:02.874+0000][1][safepoint    ] Leaving safepoint region
[2019-12-08T09:55:02.874+0000][1][safepoint    ] Total time for which application threads were stopped: 0.0000707 seconds, Stopping threads took: 0.0000099 seconds
[2019-12-08T09:55:02.875+0000][1][safepoint    ] Application time: 0.0004926 seconds
[2019-12-08T09:55:02.875+0000][1][safepoint    ] Entering safepoint region: RevokeBias
[2019-12-08T09:55:02.875+0000][1][safepoint    ] Leaving safepoint region
[2019-12-08T09:55:02.875+0000][1][safepoint    ] Total time for which application threads were stopped: 0.0000734 seconds, Stopping threads took: 0.0000099 seconds
[2019-12-08T09:55:02.875+0000][1][safepoint    ] Application time: 0.0001350 seconds
[2019-12-08T09:55:02.875+0000][1][safepoint    ] Entering safepoint region: RevokeBias
[2019-12-08T09:55:02.875+0000][1][safepoint    ] Leaving safepoint region
[2019-12-08T09:55:02.875+0000][1][safepoint    ] Total time for which application threads were stopped: 0.0000694 seconds, Stopping threads took: 0.0000089 seconds
[2019-12-08T09:55:02.875+0000][1][safepoint    ] Application time: 0.0000693 seconds
[2019-12-08T09:55:02.875+0000][1][safepoint    ] Entering safepoint region: RevokeBias
[2019-12-08T09:55:02.875+0000][1][safepoint    ] Leaving safepoint region
[2019-12-08T09:55:02.875+0000][1][safepoint    ] Total time for which application threads were stopped: 0.0000629 seconds, Stopping threads took: 0.0000080 seconds
[2019-12-08T09:55:02.877+0000][1][safepoint    ] Application time: 0.0015697 seconds
[2019-12-08T09:55:02.877+0000][1][safepoint    ] Entering safepoint region: RevokeBias
[2019-12-08T09:55:02.877+0000][1][safepoint    ] Leaving safepoint region
[2019-12-08T09:55:02.877+0000][1][safepoint    ] Total time for which application threads were stopped: 0.0000675 seconds, Stopping threads took: 0.0000098 seconds
[2019-12-08T09:55:02.880+0000][1][safepoint    ] Application time: 0.0025040 seconds
[2019-12-08T09:55:02.880+0000][1][safepoint    ] Entering safepoint region: RevokeBias
[2019-12-08T09:55:02.880+0000][1][safepoint    ] Leaving safepoint region
[2019-12-08T09:55:02.880+0000][1][safepoint    ] Total time for which application threads were stopped: 0.0000710 seconds, Stopping threads took: 0.0000089 seconds
[2019-12-08T09:55:02.884+0000][1][safepoint    ] Application time: 0.0045281 seconds
[2019-12-08T09:55:02.890+0000][1][safepoint    ] Entering safepoint region: RevokeBias
[2019-12-08T09:55:02.890+0000][1][safepoint    ] Leaving safepoint region
[2019-12-08T09:55:02.890+0000][1][safepoint    ] Total time for which application threads were stopped: 0.0056287 seconds, Stopping threads took: 0.0055100 seconds
[2019-12-08T09:55:02.890+0000][1][safepoint    ] Application time: 0.0000706 seconds
[2019-12-08T09:55:02.890+0000][1][safepoint    ] Entering safepoint region: RevokeBias
[2019-12-08T09:55:02.890+0000][1][safepoint    ] Leaving safepoint region
[2019-12-08T09:55:02.890+0000][1][safepoint    ] Total time for which application threads were stopped: 0.0000806 seconds, Stopping threads took: 0.0000193 seconds
[2019-12-08T09:55:02.891+0000][1][safepoint    ] Application time: 0.0005004 seconds
[2019-12-08T09:55:02.891+0000][1][safepoint    ] Entering safepoint region: RevokeBias
[2019-12-08T09:55:02.891+0000][1][safepoint    ] Leaving safepoint region
[2019-12-08T09:55:02.891+0000][1][safepoint    ] Total time for which application threads were stopped: 0.0001043 seconds, Stopping threads took: 0.0000107 seconds
[2019-12-08T09:55:02.891+0000][1][safepoint    ] Application time: 0.0001075 seconds
[2019-12-08T09:55:02.891+0000][1][safepoint    ] Entering safepoint region: RevokeBias
[2019-12-08T09:55:02.891+0000][1][safepoint    ] Leaving safepoint region
[2019-12-08T09:55:02.891+0000][1][safepoint    ] Total time for which application threads were stopped: 0.0000792 seconds, Stopping threads took: 0.0000091 seconds
[2019-12-08T09:55:02.891+0000][1][safepoint    ] Application time: 0.0000590 seconds
[2019-12-08T09:55:02.891+0000][1][safepoint    ] Entering safepoint region: RevokeBias
[2019-12-08T09:55:02.891+0000][1][safepoint    ] Leaving safepoint region
[2019-12-08T09:55:02.891+0000][1][safepoint    ] Total time for which application threads were stopped: 0.0000629 seconds, Stopping threads took: 0.0000078 seconds
[2019-12-08T09:55:02.894+0000][1][safepoint    ] Application time: 0.0025572 seconds
[2019-12-08T09:55:02.894+0000][1][safepoint    ] Entering safepoint region: RevokeBias
[2019-12-08T09:55:02.894+0000][1][safepoint    ] Leaving safepoint region
[2019-12-08T09:55:02.894+0000][1][safepoint    ] Total time for which application threads were stopped: 0.0001019 seconds, Stopping threads took: 0.0000098 seconds
[2019-12-08T09:55:02.898+0000][1][safepoint    ] Application time: 0.0040773 seconds
[2019-12-08T09:55:02.904+0000][1][safepoint    ] Entering safepoint region: RevokeBias
[2019-12-08T09:55:02.904+0000][1][safepoint    ] Leaving safepoint region
[2019-12-08T09:55:02.904+0000][1][safepoint    ] Total time for which application threads were stopped: 0.0060681 seconds, Stopping threads took: 0.0059572 seconds
[2019-12-08T09:55:02.904+0000][1][safepoint    ] Application time: 0.0002498 seconds
[2019-12-08T09:55:02.904+0000][1][safepoint    ] Entering safepoint region: RevokeBias
[2019-12-08T09:55:02.904+0000][1][safepoint    ] Leaving safepoint region
[2019-12-08T09:55:02.904+0000][1][safepoint    ] Total time for which application threads were stopped: 0.0000926 seconds, Stopping threads took: 0.0000085 seconds
[2019-12-08T09:55:03.143+0000][1][safepoint    ] Application time: 0.2385135 seconds
[2019-12-08T09:55:03.143+0000][1][safepoint    ] Entering safepoint region: RevokeBias
[2019-12-08T09:55:03.143+0000][1][safepoint    ] Leaving safepoint region
[2019-12-08T09:55:03.143+0000][1][safepoint    ] Total time for which application threads were stopped: 0.0001230 seconds, Stopping threads took: 0.0000158 seconds
[2019-12-08T09:55:03.351+0000][1][safepoint    ] Application time: 0.2078401 seconds
[2019-12-08T09:55:03.351+0000][1][safepoint    ] Entering safepoint region: RevokeBias
[2019-12-08T09:55:03.351+0000][1][safepoint    ] Leaving safepoint region
[2019-12-08T09:55:03.351+0000][1][safepoint    ] Total time for which application threads were stopped: 0.0002463 seconds, Stopping threads took: 0.0000809 seconds
[2019-12-08T09:55:03.351+0000][1][safepoint    ] Application time: 0.0001685 seconds
[2019-12-08T09:55:03.351+0000][1][safepoint    ] Entering safepoint region: RevokeBias
[2019-12-08T09:55:03.351+0000][1][safepoint    ] Leaving safepoint region
[2019-12-08T09:55:03.351+0000][1][safepoint    ] Total time for which application threads were stopped: 0.0001207 seconds, Stopping threads took: 0.0000103 seconds
[2019-12-08T09:55:03.352+0000][1][safepoint    ] Application time: 0.0000755 seconds
[2019-12-08T09:55:03.352+0000][1][safepoint    ] Entering safepoint region: RevokeBias
[2019-12-08T09:55:03.352+0000][1][safepoint    ] Leaving safepoint region
[2019-12-08T09:55:03.352+0000][1][safepoint    ] Total time for which application threads were stopped: 0.0000983 seconds, Stopping threads took: 0.0000148 seconds
[2019-12-08T09:55:03.352+0000][1][safepoint    ] Application time: 0.0000623 seconds
[2019-12-08T09:55:03.352+0000][1][safepoint    ] Entering safepoint region: BulkRevokeBias
[2019-12-08T09:55:03.352+0000][1][safepoint    ] Leaving safepoint region
[2019-12-08T09:55:03.352+0000][1][safepoint    ] Total time for which application threads were stopped: 0.0001584 seconds, Stopping threads took: 0.0000089 seconds
[2019-12-08T09:55:03.352+0000][1][safepoint    ] Application time: 0.0003720 seconds
[2019-12-08T09:55:03.352+0000][1][safepoint    ] Entering safepoint region: RevokeBias
[2019-12-08T09:55:03.352+0000][1][safepoint    ] Leaving safepoint region
[2019-12-08T09:55:03.352+0000][1][safepoint    ] Total time for which application threads were stopped: 0.0001177 seconds, Stopping threads took: 0.0000106 seconds
[2019-12-08T09:55:03.352+0000][1][safepoint    ] Application time: 0.0000637 seconds
[2019-12-08T09:55:03.352+0000][1][safepoint    ] Entering safepoint region: RevokeBias
[2019-12-08T09:55:03.353+0000][1][safepoint    ] Leaving safepoint region
[2019-12-08T09:55:03.353+0000][1][safepoint    ] Total time for which application threads were stopped: 0.0000966 seconds, Stopping threads took: 0.0000092 seconds
[2019-12-08T09:55:03.436+0000][1][safepoint    ] Application time: 0.0834879 seconds
[2019-12-08T09:55:03.436+0000][1][safepoint    ] Entering safepoint region: RevokeBias
[2019-12-08T09:55:03.436+0000][1][safepoint    ] Leaving safepoint region
[2019-12-08T09:55:03.436+0000][1][safepoint    ] Total time for which application threads were stopped: 0.0000667 seconds, Stopping threads took: 0.0000150 seconds
[2019-12-08T09:55:03.497+0000][1][safepoint    ] Application time: 0.0610085 seconds
[2019-12-08T09:55:03.508+0000][1][safepoint    ] Entering safepoint region: RevokeBias
[2019-12-08T09:55:03.508+0000][1][safepoint    ] Leaving safepoint region
[2019-12-08T09:55:03.508+0000][1][safepoint    ] Total time for which application threads were stopped: 0.0107620 seconds, Stopping threads took: 0.0106371 seconds
[2019-12-08T09:55:03.508+0000][1][safepoint    ] Application time: 0.0000833 seconds
[2019-12-08T09:55:03.508+0000][1][safepoint    ] Entering safepoint region: RevokeBias
[2019-12-08T09:55:03.508+0000][1][safepoint    ] Leaving safepoint region
[2019-12-08T09:55:03.508+0000][1][safepoint    ] Total time for which application threads were stopped: 0.0000416 seconds, Stopping threads took: 0.0000087 seconds
[2019-12-08T09:55:03.568+0000][1][safepoint    ] Application time: 0.0596610 seconds
[2019-12-08T09:55:03.568+0000][1][safepoint    ] Entering safepoint region: GenCollectForAllocation
[2019-12-08T09:55:03.568+0000][1][gc,start     ] GC(20) Pause Young (Allocation Failure)
[2019-12-08T09:55:03.568+0000][1][gc,task      ] GC(20) Using 4 workers of 4 for evacuation
[2019-12-08T09:55:03.670+0000][1][gc,age       ] GC(20) Desired survivor size 4456448 bytes, new threshold 2 (max threshold 6)
[2019-12-08T09:55:03.670+0000][1][gc,age       ] GC(20) Age table with threshold 2 (max threshold 6)
[2019-12-08T09:55:03.670+0000][1][gc,age       ] GC(20) - age   1:    2344832 bytes,    2344832 total
[2019-12-08T09:55:03.670+0000][1][gc,age       ] GC(20) - age   2:    2823896 bytes,    5168728 total
[2019-12-08T09:55:03.670+0000][1][gc,heap      ] GC(20) ParNew: 77049K->8704K(78656K)
[2019-12-08T09:55:03.670+0000][1][gc,heap      ] GC(20) CMS: 55816K->59014K(174784K)
[2019-12-08T09:55:03.670+0000][1][gc,metaspace ] GC(20) Metaspace: 48512K->48512K(1093632K)
[2019-12-08T09:55:03.670+0000][1][gc           ] GC(20) Pause Young (Allocation Failure) 129M->66M(247M) 102.361ms
[2019-12-08T09:55:03.670+0000][1][gc,cpu       ] GC(20) User=0.09s Sys=0.00s Real=0.10s
[2019-12-08T09:55:03.670+0000][1][safepoint    ] Leaving safepoint region
[2019-12-08T09:55:03.670+0000][1][safepoint    ] Total time for which application threads were stopped: 0.1025312 seconds, Stopping threads took: 0.0000403 seconds
[2019-12-08T09:55:04.034+0000][1][safepoint    ] Application time: 0.3632066 seconds
[2019-12-08T09:55:04.034+0000][1][safepoint    ] Entering safepoint region: RevokeBias
[2019-12-08T09:55:04.034+0000][1][safepoint    ] Leaving safepoint region
[2019-12-08T09:55:04.034+0000][1][safepoint    ] Total time for which application threads were stopped: 0.0005073 seconds, Stopping threads took: 0.0000156 seconds
[2019-12-08T09:55:04.040+0000][1][safepoint    ] Application time: 0.0056023 seconds
[2019-12-08T09:55:04.040+0000][1][safepoint    ] Entering safepoint region: RevokeBias
[2019-12-08T09:55:04.040+0000][1][safepoint    ] Leaving safepoint region
[2019-12-08T09:55:04.040+0000][1][safepoint    ] Total time for which application threads were stopped: 0.0000884 seconds, Stopping threads took: 0.0000139 seconds
[2019-12-08T09:55:04.145+0000][1][safepoint    ] Application time: 0.1051528 seconds
[2019-12-08T09:55:04.145+0000][1][safepoint    ] Entering safepoint region: RevokeBias
[2019-12-08T09:55:04.145+0000][1][safepoint    ] Leaving safepoint region
[2019-12-08T09:55:04.145+0000][1][safepoint    ] Total time for which application threads were stopped: 0.0001587 seconds, Stopping threads took: 0.0000706 seconds
[2019-12-08T09:55:04.520+0000][1][safepoint    ] Application time: 0.3747749 seconds
[2019-12-08T09:55:04.520+0000][1][safepoint    ] Entering safepoint region: RevokeBias
[2019-12-08T09:55:04.520+0000][1][safepoint    ] Leaving safepoint region
[2019-12-08T09:55:04.520+0000][1][safepoint    ] Total time for which application threads were stopped: 0.0000995 seconds, Stopping threads took: 0.0000413 seconds
[2019-12-08T09:55:04.520+0000][1][safepoint    ] Application time: 0.0000783 seconds
[2019-12-08T09:55:04.520+0000][1][safepoint    ] Entering safepoint region: RevokeBias
[2019-12-08T09:55:04.520+0000][1][safepoint    ] Leaving safepoint region
[2019-12-08T09:55:04.520+0000][1][safepoint    ] Total time for which application threads were stopped: 0.0000301 seconds, Stopping threads took: 0.0000078 seconds
[2019-12-08T09:55:04.616+0000][1][safepoint    ] Application time: 0.0957203 seconds
[2019-12-08T09:55:04.616+0000][1][safepoint    ] Entering safepoint region: RevokeBias
[2019-12-08T09:55:04.616+0000][1][safepoint    ] Leaving safepoint region
[2019-12-08T09:55:04.616+0000][1][safepoint    ] Total time for which application threads were stopped: 0.0000714 seconds, Stopping threads took: 0.0000139 seconds
[2019-12-08T09:55:05.533+0000][1][safepoint    ] Application time: 0.9169201 seconds
[2019-12-08T09:55:05.550+0000][1][safepoint    ] Entering safepoint region: RevokeBias
[2019-12-08T09:55:05.550+0000][1][safepoint    ] Leaving safepoint region
[2019-12-08T09:55:05.550+0000][1][safepoint    ] Total time for which application threads were stopped: 0.0173201 seconds, Stopping threads took: 0.0167035 seconds
[2019-12-08T09:55:06.193+0000][1][safepoint    ] Application time: 0.6423067 seconds
[2019-12-08T09:55:06.193+0000][1][safepoint    ] Entering safepoint region: GenCollectForAllocation
[2019-12-08T09:55:06.193+0000][1][gc,start     ] GC(21) Pause Young (Allocation Failure)
[2019-12-08T09:55:06.193+0000][1][gc,task      ] GC(21) Using 4 workers of 4 for evacuation
[2019-12-08T09:55:06.224+0000][1][gc,age       ] GC(21) Desired survivor size 4456448 bytes, new threshold 6 (max threshold 6)
[2019-12-08T09:55:06.224+0000][1][gc,age       ] GC(21) Age table with threshold 6 (max threshold 6)
[2019-12-08T09:55:06.224+0000][1][gc,age       ] GC(21) - age   1:    2042472 bytes,    2042472 total
[2019-12-08T09:55:06.224+0000][1][gc,age       ] GC(21) - age   2:    2274776 bytes,    4317248 total
[2019-12-08T09:55:06.224+0000][1][gc,heap      ] GC(21) ParNew: 78656K->5584K(78656K)
[2019-12-08T09:55:06.224+0000][1][gc,heap      ] GC(21) CMS: 59014K->61858K(174784K)
[2019-12-08T09:55:06.224+0000][1][gc,metaspace ] GC(21) Metaspace: 57125K->57125K(1101824K)
[2019-12-08T09:55:06.224+0000][1][gc           ] GC(21) Pause Young (Allocation Failure) 134M->65M(247M) 31.371ms
[2019-12-08T09:55:06.224+0000][1][gc,cpu       ] GC(21) User=0.04s Sys=0.00s Real=0.03s
[2019-12-08T09:55:06.224+0000][1][safepoint    ] Leaving safepoint region
[2019-12-08T09:55:06.224+0000][1][safepoint    ] Total time for which application threads were stopped: 0.0316171 seconds, Stopping threads took: 0.0000150 seconds
[2019-12-08T09:55:06.228+0000][1][safepoint    ] Application time: 0.0040838 seconds
[2019-12-08T09:55:06.228+0000][1][safepoint    ] Entering safepoint region: Deoptimize
[2019-12-08T09:55:06.229+0000][1][safepoint    ] Leaving safepoint region
[2019-12-08T09:55:06.229+0000][1][safepoint    ] Total time for which application threads were stopped: 0.0006318 seconds, Stopping threads took: 0.0000136 seconds
[2019-12-08T09:55:06.399+0000][1][safepoint    ] Application time: 0.1696068 seconds
[2019-12-08T09:55:06.399+0000][1][safepoint    ] Entering safepoint region: RevokeBias
[2019-12-08T09:55:06.399+0000][1][safepoint    ] Leaving safepoint region
[2019-12-08T09:55:06.399+0000][1][safepoint    ] Total time for which application threads were stopped: 0.0001168 seconds, Stopping threads took: 0.0000182 seconds
[2019-12-08T09:55:06.420+0000][1][safepoint    ] Application time: 0.0209197 seconds
[2019-12-08T09:55:06.420+0000][1][safepoint    ] Entering safepoint region: RevokeBias
[2019-12-08T09:55:06.420+0000][1][safepoint    ] Leaving safepoint region
[2019-12-08T09:55:06.420+0000][1][safepoint    ] Total time for which application threads were stopped: 0.0001192 seconds, Stopping threads took: 0.0000252 seconds
[2019-12-08T09:55:06.420+0000][1][safepoint    ] Application time: 0.0001845 seconds
[2019-12-08T09:55:06.420+0000][1][safepoint    ] Entering safepoint region: RevokeBias
[2019-12-08T09:55:06.420+0000][1][safepoint    ] Leaving safepoint region
[2019-12-08T09:55:06.420+0000][1][safepoint    ] Total time for which application threads were stopped: 0.0000756 seconds, Stopping threads took: 0.0000106 seconds
[2019-12-08T09:55:06.423+0000][1][safepoint    ] Application time: 0.0030108 seconds
[2019-12-08T09:55:06.423+0000][1][safepoint    ] Entering safepoint region: RevokeBias
[2019-12-08T09:55:06.423+0000][1][safepoint    ] Leaving safepoint region
[2019-12-08T09:55:06.423+0000][1][safepoint    ] Total time for which application threads were stopped: 0.0000681 seconds, Stopping threads took: 0.0000122 seconds
[2019-12-08T09:55:06.566+0000][1][safepoint    ] Application time: 0.1425148 seconds
[2019-12-08T09:55:06.568+0000][1][safepoint    ] Entering safepoint region: RevokeBias
[2019-12-08T09:55:06.569+0000][1][safepoint    ] Leaving safepoint region
[2019-12-08T09:55:06.569+0000][1][safepoint    ] Total time for which application threads were stopped: 0.0030034 seconds, Stopping threads took: 0.0018444 seconds
[2019-12-08T09:55:07.129+0000][1][safepoint    ] Application time: 0.5598136 seconds
[2019-12-08T09:55:07.129+0000][1][safepoint    ] Entering safepoint region: Deoptimize
[2019-12-08T09:55:07.129+0000][1][safepoint    ] Leaving safepoint region
[2019-12-08T09:55:07.129+0000][1][safepoint    ] Total time for which application threads were stopped: 0.0006313 seconds, Stopping threads took: 0.0000159 seconds
[2019-12-08T09:55:07.169+0000][1][safepoint    ] Application time: 0.0393251 seconds
[2019-12-08T09:55:07.169+0000][1][safepoint    ] Entering safepoint region: RevokeBias
[2019-12-08T09:55:07.169+0000][1][safepoint    ] Leaving safepoint region
[2019-12-08T09:55:07.169+0000][1][safepoint    ] Total time for which application threads were stopped: 0.0000812 seconds, Stopping threads took: 0.0000165 seconds
[2019-12-08T09:55:07.676+0000][1][safepoint    ] Application time: 0.5068742 seconds
[2019-12-08T09:55:07.676+0000][1][safepoint    ] Entering safepoint region: RevokeBias
[2019-12-08T09:55:07.676+0000][1][safepoint    ] Leaving safepoint region
[2019-12-08T09:55:07.676+0000][1][safepoint    ] Total time for which application threads were stopped: 0.0001043 seconds, Stopping threads took: 0.0000165 seconds
[2019-12-08T09:55:07.943+0000][1][safepoint    ] Application time: 0.2668806 seconds
[2019-12-08T09:55:07.943+0000][1][safepoint    ] Entering safepoint region: RevokeBias
[2019-12-08T09:55:07.943+0000][1][safepoint    ] Leaving safepoint region
[2019-12-08T09:55:07.943+0000][1][safepoint    ] Total time for which application threads were stopped: 0.0000902 seconds, Stopping threads took: 0.0000165 seconds
[2019-12-08T09:55:07.950+0000][1][safepoint    ] Application time: 0.0068439 seconds
[2019-12-08T09:55:07.950+0000][1][safepoint    ] Entering safepoint region: RevokeBias
[2019-12-08T09:55:07.950+0000][1][safepoint    ] Leaving safepoint region
[2019-12-08T09:55:07.950+0000][1][safepoint    ] Total time for which application threads were stopped: 0.0000652 seconds, Stopping threads took: 0.0000142 seconds
[2019-12-08T09:55:07.950+0000][1][safepoint    ] Application time: 0.0002234 seconds
[2019-12-08T09:55:07.950+0000][1][safepoint    ] Entering safepoint region: RevokeBias
[2019-12-08T09:55:07.950+0000][1][safepoint    ] Leaving safepoint region
[2019-12-08T09:55:07.950+0000][1][safepoint    ] Total time for which application threads were stopped: 0.0000489 seconds, Stopping threads took: 0.0000113 seconds
[2019-12-08T09:55:07.950+0000][1][safepoint    ] Application time: 0.0001100 seconds
[2019-12-08T09:55:07.950+0000][1][safepoint    ] Entering safepoint region: RevokeBias
[2019-12-08T09:55:07.950+0000][1][safepoint    ] Leaving safepoint region
[2019-12-08T09:55:07.950+0000][1][safepoint    ] Total time for which application threads were stopped: 0.0000407 seconds, Stopping threads took: 0.0000099 seconds
[2019-12-08T09:55:07.950+0000][1][safepoint    ] Application time: 0.0000940 seconds
[2019-12-08T09:55:07.950+0000][1][safepoint    ] Entering safepoint region: RevokeBias
[2019-12-08T09:55:07.950+0000][1][safepoint    ] Leaving safepoint region
[2019-12-08T09:55:07.950+0000][1][safepoint    ] Total time for which application threads were stopped: 0.0000366 seconds, Stopping threads took: 0.0000082 seconds
[2019-12-08T09:55:07.951+0000][1][safepoint    ] Application time: 0.0001112 seconds
[2019-12-08T09:55:07.951+0000][1][safepoint    ] Entering safepoint region: RevokeBias
[2019-12-08T09:55:07.951+0000][1][safepoint    ] Leaving safepoint region
[2019-12-08T09:55:07.951+0000][1][safepoint    ] Total time for which application threads were stopped: 0.0000370 seconds, Stopping threads took: 0.0000087 seconds
[2019-12-08T09:55:07.951+0000][1][safepoint    ] Application time: 0.0001054 seconds
[2019-12-08T09:55:07.951+0000][1][safepoint    ] Entering safepoint region: RevokeBias
[2019-12-08T09:55:07.951+0000][1][safepoint    ] Leaving safepoint region
[2019-12-08T09:55:07.951+0000][1][safepoint    ] Total time for which application threads were stopped: 0.0000386 seconds, Stopping threads took: 0.0000095 seconds
[2019-12-08T09:55:07.951+0000][1][safepoint    ] Application time: 0.0001175 seconds
[2019-12-08T09:55:07.951+0000][1][safepoint    ] Entering safepoint region: RevokeBias
[2019-12-08T09:55:07.951+0000][1][safepoint    ] Leaving safepoint region
[2019-12-08T09:55:07.951+0000][1][safepoint    ] Total time for which application threads were stopped: 0.0000313 seconds, Stopping threads took: 0.0000077 seconds
[2019-12-08T09:55:07.951+0000][1][safepoint    ] Application time: 0.0000666 seconds
[2019-12-08T09:55:07.951+0000][1][safepoint    ] Entering safepoint region: RevokeBias
[2019-12-08T09:55:07.951+0000][1][safepoint    ] Leaving safepoint region
[2019-12-08T09:55:07.951+0000][1][safepoint    ] Total time for which application threads were stopped: 0.0000291 seconds, Stopping threads took: 0.0000072 seconds
[2019-12-08T09:55:07.951+0000][1][safepoint    ] Application time: 0.0001028 seconds
[2019-12-08T09:55:07.951+0000][1][safepoint    ] Entering safepoint region: RevokeBias
[2019-12-08T09:55:07.951+0000][1][safepoint    ] Leaving safepoint region
[2019-12-08T09:55:07.951+0000][1][safepoint    ] Total time for which application threads were stopped: 0.0000319 seconds, Stopping threads took: 0.0000079 seconds
[2019-12-08T09:55:07.951+0000][1][safepoint    ] Application time: 0.0001336 seconds
[2019-12-08T09:55:07.951+0000][1][safepoint    ] Entering safepoint region: RevokeBias
[2019-12-08T09:55:07.951+0000][1][safepoint    ] Leaving safepoint region
[2019-12-08T09:55:07.951+0000][1][safepoint    ] Total time for which application threads were stopped: 0.0000352 seconds, Stopping threads took: 0.0000079 seconds
[2019-12-08T09:55:07.951+0000][1][safepoint    ] Application time: 0.0000474 seconds
[2019-12-08T09:55:07.951+0000][1][safepoint    ] Entering safepoint region: RevokeBias
[2019-12-08T09:55:07.951+0000][1][safepoint    ] Leaving safepoint region
[2019-12-08T09:55:07.951+0000][1][safepoint    ] Total time for which application threads were stopped: 0.0000309 seconds, Stopping threads took: 0.0000073 seconds
[2019-12-08T09:55:07.952+0000][1][safepoint    ] Application time: 0.0001146 seconds
[2019-12-08T09:55:07.952+0000][1][safepoint    ] Entering safepoint region: RevokeBias
[2019-12-08T09:55:07.952+0000][1][safepoint    ] Leaving safepoint region
[2019-12-08T09:55:07.952+0000][1][safepoint    ] Total time for which application threads were stopped: 0.0000323 seconds, Stopping threads took: 0.0000084 seconds
[2019-12-08T09:55:08.609+0000][1][safepoint    ] Application time: 0.6578682 seconds
[2019-12-08T09:55:08.610+0000][1][safepoint    ] Entering safepoint region: BulkRevokeBias
[2019-12-08T09:55:08.610+0000][1][safepoint    ] Leaving safepoint region
[2019-12-08T09:55:08.610+0000][1][safepoint    ] Total time for which application threads were stopped: 0.0002427 seconds, Stopping threads took: 0.0000163 seconds
[2019-12-08T09:55:08.807+0000][1][safepoint    ] Application time: 0.1968226 seconds
[2019-12-08T09:55:08.807+0000][1][safepoint    ] Entering safepoint region: Deoptimize
[2019-12-08T09:55:08.807+0000][1][safepoint    ] Leaving safepoint region
[2019-12-08T09:55:08.807+0000][1][safepoint    ] Total time for which application threads were stopped: 0.0006487 seconds, Stopping threads took: 0.0000164 seconds
[2019-12-08T09:55:08.829+0000][1][safepoint    ] Application time: 0.0212308 seconds
[2019-12-08T09:55:08.829+0000][1][safepoint    ] Entering safepoint region: RevokeBias
[2019-12-08T09:55:08.829+0000][1][safepoint    ] Leaving safepoint region
[2019-12-08T09:55:08.829+0000][1][safepoint    ] Total time for which application threads were stopped: 0.0000894 seconds, Stopping threads took: 0.0000154 seconds
[2019-12-08T09:55:08.829+0000][1][safepoint    ] Application time: 0.0004786 seconds
[2019-12-08T09:55:08.829+0000][1][safepoint    ] Entering safepoint region: RevokeBias
[2019-12-08T09:55:08.829+0000][1][safepoint    ] Leaving safepoint region
[2019-12-08T09:55:08.829+0000][1][safepoint    ] Total time for which application threads were stopped: 0.0000619 seconds, Stopping threads took: 0.0000130 seconds
[2019-12-08T09:55:08.830+0000][1][safepoint    ] Application time: 0.0008730 seconds
[2019-12-08T09:55:08.830+0000][1][safepoint    ] Entering safepoint region: RevokeBias
[2019-12-08T09:55:08.830+0000][1][safepoint    ] Leaving safepoint region
[2019-12-08T09:55:08.830+0000][1][safepoint    ] Total time for which application threads were stopped: 0.0000601 seconds, Stopping threads took: 0.0000135 seconds
[2019-12-08T09:55:08.831+0000][1][safepoint    ] Application time: 0.0003904 seconds
[2019-12-08T09:55:08.831+0000][1][safepoint    ] Entering safepoint region: RevokeBias
[2019-12-08T09:55:08.831+0000][1][safepoint    ] Leaving safepoint region
[2019-12-08T09:55:08.831+0000][1][safepoint    ] Total time for which application threads were stopped: 0.0000605 seconds, Stopping threads took: 0.0000117 seconds
[2019-12-08T09:55:08.831+0000][1][safepoint    ] Application time: 0.0000792 seconds
[2019-12-08T09:55:08.831+0000][1][safepoint    ] Entering safepoint region: RevokeBias
[2019-12-08T09:55:08.831+0000][1][safepoint    ] Leaving safepoint region
[2019-12-08T09:55:08.831+0000][1][safepoint    ] Total time for which application threads were stopped: 0.0000537 seconds, Stopping threads took: 0.0000095 seconds
[2019-12-08T09:55:08.831+0000][1][safepoint    ] Application time: 0.0001745 seconds
[2019-12-08T09:55:08.831+0000][1][safepoint    ] Entering safepoint region: BulkRevokeBias
[2019-12-08T09:55:08.831+0000][1][safepoint    ] Leaving safepoint region
[2019-12-08T09:55:08.831+0000][1][safepoint    ] Total time for which application threads were stopped: 0.0001795 seconds, Stopping threads took: 0.0000111 seconds
[2019-12-08T09:55:08.831+0000][1][safepoint    ] Application time: 0.0001394 seconds
[2019-12-08T09:55:08.831+0000][1][safepoint    ] Entering safepoint region: RevokeBias
[2019-12-08T09:55:08.831+0000][1][safepoint    ] Leaving safepoint region
[2019-12-08T09:55:08.831+0000][1][safepoint    ] Total time for which application threads were stopped: 0.0000670 seconds, Stopping threads took: 0.0000111 seconds
[2019-12-08T09:55:08.832+0000][1][safepoint    ] Application time: 0.0002147 seconds
[2019-12-08T09:55:08.832+0000][1][safepoint    ] Entering safepoint region: RevokeBias
[2019-12-08T09:55:08.832+0000][1][safepoint    ] Leaving safepoint region
[2019-12-08T09:55:08.832+0000][1][safepoint    ] Total time for which application threads were stopped: 0.0000754 seconds, Stopping threads took: 0.0000097 seconds
[2019-12-08T09:55:08.832+0000][1][safepoint    ] Application time: 0.0001892 seconds
[2019-12-08T09:55:08.832+0000][1][safepoint    ] Entering safepoint region: RevokeBias
[2019-12-08T09:55:08.832+0000][1][safepoint    ] Leaving safepoint region
[2019-12-08T09:55:08.832+0000][1][safepoint    ] Total time for which application threads were stopped: 0.0000569 seconds, Stopping threads took: 0.0000101 seconds
[2019-12-08T09:55:08.832+0000][1][safepoint    ] Application time: 0.0000578 seconds
[2019-12-08T09:55:08.832+0000][1][safepoint    ] Entering safepoint region: RevokeBias
[2019-12-08T09:55:08.832+0000][1][safepoint    ] Leaving safepoint region
[2019-12-08T09:55:08.832+0000][1][safepoint    ] Total time for which application threads were stopped: 0.0000497 seconds, Stopping threads took: 0.0000090 seconds
[2019-12-08T09:55:08.833+0000][1][safepoint    ] Application time: 0.0005861 seconds
[2019-12-08T09:55:08.833+0000][1][safepoint    ] Entering safepoint region: RevokeBias
[2019-12-08T09:55:08.833+0000][1][safepoint    ] Leaving safepoint region
[2019-12-08T09:55:08.833+0000][1][safepoint    ] Total time for which application threads were stopped: 0.0000574 seconds, Stopping threads took: 0.0000114 seconds
[2019-12-08T09:55:08.834+0000][1][safepoint    ] Application time: 0.0011667 seconds
[2019-12-08T09:55:08.834+0000][1][safepoint    ] Entering safepoint region: RevokeBias
[2019-12-08T09:55:08.834+0000][1][safepoint    ] Leaving safepoint region
[2019-12-08T09:55:08.834+0000][1][safepoint    ] Total time for which application threads were stopped: 0.0000660 seconds, Stopping threads took: 0.0000120 seconds
[2019-12-08T09:55:08.834+0000][1][safepoint    ] Application time: 0.0001089 seconds
[2019-12-08T09:55:08.834+0000][1][safepoint    ] Entering safepoint region: RevokeBias
[2019-12-08T09:55:08.834+0000][1][safepoint    ] Leaving safepoint region
[2019-12-08T09:55:08.834+0000][1][safepoint    ] Total time for which application threads were stopped: 0.0000526 seconds, Stopping threads took: 0.0000093 seconds
[2019-12-08T09:55:08.838+0000][1][safepoint    ] Application time: 0.0041186 seconds
[2019-12-08T09:55:08.838+0000][1][safepoint    ] Entering safepoint region: Deoptimize
[2019-12-08T09:55:08.839+0000][1][safepoint    ] Leaving safepoint region
[2019-12-08T09:55:08.839+0000][1][safepoint    ] Total time for which application threads were stopped: 0.0006136 seconds, Stopping threads took: 0.0000115 seconds
[2019-12-08T09:55:08.917+0000][1][safepoint    ] Application time: 0.0781413 seconds
[2019-12-08T09:55:08.925+0000][1][safepoint    ] Entering safepoint region: RevokeBias
[2019-12-08T09:55:08.925+0000][1][gc,start     ] GC(22) Pause Young (Allocation Failure)
[2019-12-08T09:55:08.925+0000][1][gc,task      ] GC(22) Using 4 workers of 4 for evacuation
[2019-12-08T09:55:08.950+0000][1][gc,age       ] GC(22) Desired survivor size 4456448 bytes, new threshold 2 (max threshold 6)
[2019-12-08T09:55:08.950+0000][1][gc,age       ] GC(22) Age table with threshold 2 (max threshold 6)
[2019-12-08T09:55:08.950+0000][1][gc,age       ] GC(22) - age   1:    3367784 bytes,    3367784 total
[2019-12-08T09:55:08.950+0000][1][gc,age       ] GC(22) - age   2:    1846304 bytes,    5214088 total
[2019-12-08T09:55:08.950+0000][1][gc,age       ] GC(22) - age   3:    2225440 bytes,    7439528 total
[2019-12-08T09:55:08.950+0000][1][gc,heap      ] GC(22) ParNew: 75536K->8704K(78656K)
[2019-12-08T09:55:08.950+0000][1][gc,heap      ] GC(22) CMS: 61858K->62050K(174784K)
[2019-12-08T09:55:08.950+0000][1][gc,metaspace ] GC(22) Metaspace: 64493K->64493K(1107968K)
[2019-12-08T09:55:08.950+0000][1][gc           ] GC(22) Pause Young (Allocation Failure) 134M->69M(247M) 24.749ms
[2019-12-08T09:55:08.950+0000][1][gc,cpu       ] GC(22) User=0.04s Sys=0.00s Real=0.02s
[2019-12-08T09:55:08.950+0000][1][safepoint    ] Leaving safepoint region
[2019-12-08T09:55:08.950+0000][1][safepoint    ] Total time for which application threads were stopped: 0.0327429 seconds, Stopping threads took: 0.0077634 seconds
[2019-12-08T09:55:08.952+0000][1][safepoint    ] Application time: 0.0018886 seconds
[2019-12-08T09:55:08.952+0000][1][safepoint    ] Entering safepoint region: RevokeBias
[2019-12-08T09:55:08.952+0000][1][safepoint    ] Leaving safepoint region
[2019-12-08T09:55:08.952+0000][1][safepoint    ] Total time for which application threads were stopped: 0.0001319 seconds, Stopping threads took: 0.0000132 seconds
[2019-12-08T09:55:08.953+0000][1][safepoint    ] Application time: 0.0007054 seconds
[2019-12-08T09:55:08.953+0000][1][safepoint    ] Entering safepoint region: RevokeBias
[2019-12-08T09:55:08.953+0000][1][safepoint    ] Leaving safepoint region
[2019-12-08T09:55:08.953+0000][1][safepoint    ] Total time for which application threads were stopped: 0.0001073 seconds, Stopping threads took: 0.0000119 seconds
[2019-12-08T09:55:08.953+0000][1][safepoint    ] Application time: 0.0005019 seconds
[2019-12-08T09:55:08.953+0000][1][safepoint    ] Entering safepoint region: RevokeBias
[2019-12-08T09:55:08.953+0000][1][safepoint    ] Leaving safepoint region
[2019-12-08T09:55:08.953+0000][1][safepoint    ] Total time for which application threads were stopped: 0.0000839 seconds, Stopping threads took: 0.0000113 seconds
[2019-12-08T09:55:08.953+0000][1][safepoint    ] Application time: 0.0000585 seconds
[2019-12-08T09:55:08.954+0000][1][safepoint    ] Entering safepoint region: RevokeBias
[2019-12-08T09:55:08.954+0000][1][safepoint    ] Leaving safepoint region
[2019-12-08T09:55:08.954+0000][1][safepoint    ] Total time for which application threads were stopped: 0.0000659 seconds, Stopping threads took: 0.0000081 seconds
[2019-12-08T09:55:08.958+0000][1][safepoint    ] Application time: 0.0046331 seconds
[2019-12-08T09:55:08.958+0000][1][safepoint    ] Entering safepoint region: RevokeBias
[2019-12-08T09:55:08.958+0000][1][safepoint    ] Leaving safepoint region
[2019-12-08T09:55:08.958+0000][1][safepoint    ] Total time for which application threads were stopped: 0.0001595 seconds, Stopping threads took: 0.0001096 seconds
[2019-12-08T09:55:08.960+0000][1][safepoint    ] Application time: 0.0014091 seconds
[2019-12-08T09:55:08.960+0000][1][safepoint    ] Entering safepoint region: RevokeBias
[2019-12-08T09:55:08.960+0000][1][safepoint    ] Leaving safepoint region
[2019-12-08T09:55:08.960+0000][1][safepoint    ] Total time for which application threads were stopped: 0.0001049 seconds, Stopping threads took: 0.0000302 seconds
[2019-12-08T09:55:08.967+0000][1][safepoint    ] Application time: 0.0074912 seconds
[2019-12-08T09:55:08.967+0000][1][safepoint    ] Entering safepoint region: RevokeBias
[2019-12-08T09:55:08.968+0000][1][safepoint    ] Leaving safepoint region
[2019-12-08T09:55:08.968+0000][1][safepoint    ] Total time for which application threads were stopped: 0.0000967 seconds, Stopping threads took: 0.0000129 seconds
[2019-12-08T09:55:08.969+0000][1][safepoint    ] Application time: 0.0010121 seconds
[2019-12-08T09:55:08.969+0000][1][safepoint    ] Entering safepoint region: RevokeBias
[2019-12-08T09:55:08.969+0000][1][safepoint    ] Leaving safepoint region
[2019-12-08T09:55:08.969+0000][1][safepoint    ] Total time for which application threads were stopped: 0.0001306 seconds, Stopping threads took: 0.0000125 seconds
[2019-12-08T09:55:08.969+0000][1][safepoint    ] Application time: 0.0002736 seconds
[2019-12-08T09:55:08.969+0000][1][safepoint    ] Entering safepoint region: RevokeBias
[2019-12-08T09:55:08.969+0000][1][safepoint    ] Leaving safepoint region
[2019-12-08T09:55:08.969+0000][1][safepoint    ] Total time for which application threads were stopped: 0.0000985 seconds, Stopping threads took: 0.0000113 seconds
[2019-12-08T09:55:08.970+0000][1][safepoint    ] Application time: 0.0006984 seconds
[2019-12-08T09:55:08.970+0000][1][safepoint    ] Entering safepoint region: RevokeBias
[2019-12-08T09:55:08.970+0000][1][safepoint    ] Leaving safepoint region
[2019-12-08T09:55:08.970+0000][1][safepoint    ] Total time for which application threads were stopped: 0.0000826 seconds, Stopping threads took: 0.0000129 seconds
[2019-12-08T09:55:08.970+0000][1][safepoint    ] Application time: 0.0000620 seconds
[2019-12-08T09:55:08.970+0000][1][safepoint    ] Entering safepoint region: RevokeBias
[2019-12-08T09:55:08.970+0000][1][safepoint    ] Leaving safepoint region
[2019-12-08T09:55:08.970+0000][1][safepoint    ] Total time for which application threads were stopped: 0.0000730 seconds, Stopping threads took: 0.0000093 seconds
[2019-12-08T09:55:08.971+0000][1][safepoint    ] Application time: 0.0012983 seconds
[2019-12-08T09:55:08.971+0000][1][safepoint    ] Entering safepoint region: RevokeBias
[2019-12-08T09:55:08.972+0000][1][safepoint    ] Leaving safepoint region
[2019-12-08T09:55:08.972+0000][1][safepoint    ] Total time for which application threads were stopped: 0.0000775 seconds, Stopping threads took: 0.0000118 seconds
[2019-12-08T09:55:08.984+0000][1][safepoint    ] Application time: 0.0121280 seconds
[2019-12-08T09:55:08.987+0000][1][safepoint    ] Entering safepoint region: RevokeBias
[2019-12-08T09:55:08.987+0000][1][safepoint    ] Leaving safepoint region
[2019-12-08T09:55:08.987+0000][1][safepoint    ] Total time for which application threads were stopped: 0.0031194 seconds, Stopping threads took: 0.0030356 seconds
[2019-12-08T09:55:09.003+0000][1][safepoint    ] Application time: 0.0158711 seconds
[2019-12-08T09:55:09.005+0000][1][safepoint    ] Entering safepoint region: RevokeBias
[2019-12-08T09:55:09.005+0000][1][safepoint    ] Leaving safepoint region
[2019-12-08T09:55:09.005+0000][1][safepoint    ] Total time for which application threads were stopped: 0.0025398 seconds, Stopping threads took: 0.0024209 seconds
[2019-12-08T09:55:09.006+0000][1][safepoint    ] Application time: 0.0006641 seconds
[2019-12-08T09:55:09.006+0000][1][safepoint    ] Entering safepoint region: RevokeBias
[2019-12-08T09:55:09.006+0000][1][safepoint    ] Leaving safepoint region
[2019-12-08T09:55:09.006+0000][1][safepoint    ] Total time for which application threads were stopped: 0.0000698 seconds, Stopping threads took: 0.0000134 seconds
[2019-12-08T09:55:09.008+0000][1][safepoint    ] Application time: 0.0023620 seconds
[2019-12-08T09:55:09.008+0000][1][safepoint    ] Entering safepoint region: RevokeBias
[2019-12-08T09:55:09.008+0000][1][safepoint    ] Leaving safepoint region
[2019-12-08T09:55:09.009+0000][1][safepoint    ] Total time for which application threads were stopped: 0.0000724 seconds, Stopping threads took: 0.0000123 seconds
[2019-12-08T09:55:09.017+0000][1][safepoint    ] Application time: 0.0084498 seconds
[2019-12-08T09:55:09.017+0000][1][safepoint    ] Entering safepoint region: RevokeBias
[2019-12-08T09:55:09.017+0000][1][safepoint    ] Leaving safepoint region
[2019-12-08T09:55:09.017+0000][1][safepoint    ] Total time for which application threads were stopped: 0.0000634 seconds, Stopping threads took: 0.0000133 seconds
[2019-12-08T09:55:09.017+0000][1][safepoint    ] Application time: 0.0001777 seconds
[2019-12-08T09:55:09.017+0000][1][safepoint    ] Entering safepoint region: RevokeBias
[2019-12-08T09:55:09.017+0000][1][safepoint    ] Leaving safepoint region
[2019-12-08T09:55:09.017+0000][1][safepoint    ] Total time for which application threads were stopped: 0.0000584 seconds, Stopping threads took: 0.0000109 seconds
[2019-12-08T09:55:09.018+0000][1][safepoint    ] Application time: 0.0009229 seconds
[2019-12-08T09:55:09.018+0000][1][safepoint    ] Entering safepoint region: RevokeBias
[2019-12-08T09:55:09.018+0000][1][safepoint    ] Leaving safepoint region
[2019-12-08T09:55:09.018+0000][1][safepoint    ] Total time for which application threads were stopped: 0.0000744 seconds, Stopping threads took: 0.0000121 seconds
[2019-12-08T09:55:09.019+0000][1][safepoint    ] Application time: 0.0006870 seconds
[2019-12-08T09:55:09.019+0000][1][safepoint    ] Entering safepoint region: RevokeBias
[2019-12-08T09:55:09.019+0000][1][safepoint    ] Leaving safepoint region
[2019-12-08T09:55:09.019+0000][1][safepoint    ] Total time for which application threads were stopped: 0.0000946 seconds, Stopping threads took: 0.0000121 seconds
[2019-12-08T09:55:09.019+0000][1][safepoint    ] Application time: 0.0000577 seconds
[2019-12-08T09:55:09.019+0000][1][safepoint    ] Entering safepoint region: RevokeBias
[2019-12-08T09:55:09.019+0000][1][safepoint    ] Leaving safepoint region
[2019-12-08T09:55:09.019+0000][1][safepoint    ] Total time for which application threads were stopped: 0.0000538 seconds, Stopping threads took: 0.0000090 seconds
[2019-12-08T09:55:09.019+0000][1][safepoint    ] Application time: 0.0000988 seconds
[2019-12-08T09:55:09.019+0000][1][safepoint    ] Entering safepoint region: BulkRevokeBias
[2019-12-08T09:55:09.020+0000][1][safepoint    ] Leaving safepoint region
[2019-12-08T09:55:09.020+0000][1][safepoint    ] Total time for which application threads were stopped: 0.0002561 seconds, Stopping threads took: 0.0000096 seconds
[2019-12-08T09:55:09.020+0000][1][safepoint    ] Application time: 0.0001027 seconds
[2019-12-08T09:55:09.020+0000][1][safepoint    ] Entering safepoint region: RevokeBias
[2019-12-08T09:55:09.020+0000][1][safepoint    ] Leaving safepoint region
[2019-12-08T09:55:09.020+0000][1][safepoint    ] Total time for which application threads were stopped: 0.0000789 seconds, Stopping threads took: 0.0000112 seconds
[2019-12-08T09:55:09.020+0000][1][safepoint    ] Application time: 0.0000949 seconds
[2019-12-08T09:55:09.020+0000][1][safepoint    ] Entering safepoint region: RevokeBias
[2019-12-08T09:55:09.020+0000][1][safepoint    ] Leaving safepoint region
[2019-12-08T09:55:09.020+0000][1][safepoint    ] Total time for which application threads were stopped: 0.0000662 seconds, Stopping threads took: 0.0000102 seconds
[2019-12-08T09:55:09.023+0000][1][safepoint    ] Application time: 0.0030750 seconds
[2019-12-08T09:55:09.023+0000][1][safepoint    ] Entering safepoint region: RevokeBias
[2019-12-08T09:55:09.023+0000][1][safepoint    ] Leaving safepoint region
[2019-12-08T09:55:09.023+0000][1][safepoint    ] Total time for which application threads were stopped: 0.0000700 seconds, Stopping threads took: 0.0000130 seconds
[2019-12-08T09:55:09.024+0000][1][safepoint    ] Application time: 0.0009353 seconds
[2019-12-08T09:55:09.024+0000][1][safepoint    ] Entering safepoint region: RevokeBias
[2019-12-08T09:55:09.024+0000][1][safepoint    ] Leaving safepoint region
[2019-12-08T09:55:09.024+0000][1][safepoint    ] Total time for which application threads were stopped: 0.0000703 seconds, Stopping threads took: 0.0000127 seconds
[2019-12-08T09:55:09.028+0000][1][safepoint    ] Application time: 0.0038547 seconds
[2019-12-08T09:55:09.028+0000][1][safepoint    ] Entering safepoint region: RevokeBias
[2019-12-08T09:55:09.028+0000][1][safepoint    ] Leaving safepoint region
[2019-12-08T09:55:09.028+0000][1][safepoint    ] Total time for which application threads were stopped: 0.0000672 seconds, Stopping threads took: 0.0000130 seconds
[2019-12-08T09:55:09.028+0000][1][safepoint    ] Application time: 0.0002065 seconds
[2019-12-08T09:55:09.028+0000][1][safepoint    ] Entering safepoint region: RevokeBias
[2019-12-08T09:55:09.029+0000][1][safepoint    ] Leaving safepoint region
[2019-12-08T09:55:09.029+0000][1][safepoint    ] Total time for which application threads were stopped: 0.0000614 seconds, Stopping threads took: 0.0000124 seconds
[2019-12-08T09:55:09.029+0000][1][safepoint    ] Application time: 0.0002397 seconds
[2019-12-08T09:55:09.029+0000][1][safepoint    ] Entering safepoint region: RevokeBias
[2019-12-08T09:55:09.029+0000][1][safepoint    ] Leaving safepoint region
[2019-12-08T09:55:09.029+0000][1][safepoint    ] Total time for which application threads were stopped: 0.0000621 seconds, Stopping threads took: 0.0000115 seconds
[2019-12-08T09:55:09.029+0000][1][safepoint    ] Application time: 0.0000688 seconds
[2019-12-08T09:55:09.029+0000][1][safepoint    ] Entering safepoint region: RevokeBias
[2019-12-08T09:55:09.029+0000][1][safepoint    ] Leaving safepoint region
[2019-12-08T09:55:09.029+0000][1][safepoint    ] Total time for which application threads were stopped: 0.0000743 seconds, Stopping threads took: 0.0000092 seconds
[2019-12-08T09:55:09.029+0000][1][safepoint    ] Application time: 0.0000528 seconds
[2019-12-08T09:55:09.029+0000][1][safepoint    ] Entering safepoint region: RevokeBias
[2019-12-08T09:55:09.029+0000][1][safepoint    ] Leaving safepoint region
[2019-12-08T09:55:09.029+0000][1][safepoint    ] Total time for which application threads were stopped: 0.0000543 seconds, Stopping threads took: 0.0000091 seconds
[2019-12-08T09:55:09.029+0000][1][safepoint    ] Application time: 0.0000673 seconds
[2019-12-08T09:55:09.029+0000][1][safepoint    ] Entering safepoint region: RevokeBias
[2019-12-08T09:55:09.029+0000][1][safepoint    ] Leaving safepoint region
[2019-12-08T09:55:09.029+0000][1][safepoint    ] Total time for which application threads were stopped: 0.0000539 seconds, Stopping threads took: 0.0000092 seconds
[2019-12-08T09:55:09.033+0000][1][safepoint    ] Application time: 0.0033004 seconds
[2019-12-08T09:55:09.033+0000][1][safepoint    ] Entering safepoint region: RevokeBias
[2019-12-08T09:55:09.033+0000][1][safepoint    ] Leaving safepoint region
[2019-12-08T09:55:09.033+0000][1][safepoint    ] Total time for which application threads were stopped: 0.0000650 seconds, Stopping threads took: 0.0000131 seconds
[2019-12-08T09:55:09.033+0000][1][safepoint    ] Application time: 0.0002588 seconds
[2019-12-08T09:55:09.033+0000][1][safepoint    ] Entering safepoint region: RevokeBias
[2019-12-08T09:55:09.033+0000][1][safepoint    ] Leaving safepoint region
[2019-12-08T09:55:09.033+0000][1][safepoint    ] Total time for which application threads were stopped: 0.0000622 seconds, Stopping threads took: 0.0000124 seconds
[2019-12-08T09:55:09.033+0000][1][safepoint    ] Application time: 0.0001938 seconds
[2019-12-08T09:55:09.033+0000][1][safepoint    ] Entering safepoint region: RevokeBias
[2019-12-08T09:55:09.033+0000][1][safepoint    ] Leaving safepoint region
[2019-12-08T09:55:09.033+0000][1][safepoint    ] Total time for which application threads were stopped: 0.0000576 seconds, Stopping threads took: 0.0000111 seconds
[2019-12-08T09:55:09.036+0000][1][safepoint    ] Application time: 0.0024281 seconds
[2019-12-08T09:55:09.036+0000][1][safepoint    ] Entering safepoint region: RevokeBias
[2019-12-08T09:55:09.036+0000][1][safepoint    ] Leaving safepoint region
[2019-12-08T09:55:09.036+0000][1][safepoint    ] Total time for which application threads were stopped: 0.0000642 seconds, Stopping threads took: 0.0000134 seconds
[2019-12-08T09:55:09.036+0000][1][safepoint    ] Application time: 0.0000727 seconds
[2019-12-08T09:55:09.036+0000][1][safepoint    ] Entering safepoint region: RevokeBias
[2019-12-08T09:55:09.036+0000][1][safepoint    ] Leaving safepoint region
[2019-12-08T09:55:09.036+0000][1][safepoint    ] Total time for which application threads were stopped: 0.0000496 seconds, Stopping threads took: 0.0000090 seconds
[2019-12-08T09:55:09.036+0000][1][safepoint    ] Application time: 0.0003358 seconds
[2019-12-08T09:55:09.036+0000][1][safepoint    ] Entering safepoint region: RevokeBias
[2019-12-08T09:55:09.036+0000][1][safepoint    ] Leaving safepoint region
[2019-12-08T09:55:09.036+0000][1][safepoint    ] Total time for which application threads were stopped: 0.0000593 seconds, Stopping threads took: 0.0000120 seconds
[2019-12-08T09:55:09.036+0000][1][safepoint    ] Application time: 0.0000709 seconds
[2019-12-08T09:55:09.036+0000][1][safepoint    ] Entering safepoint region: RevokeBias
[2019-12-08T09:55:09.037+0000][1][safepoint    ] Leaving safepoint region
[2019-12-08T09:55:09.037+0000][1][safepoint    ] Total time for which application threads were stopped: 0.0000509 seconds, Stopping threads took: 0.0000094 seconds
[2019-12-08T09:55:09.038+0000][1][safepoint    ] Application time: 0.0013402 seconds
[2019-12-08T09:55:09.038+0000][1][safepoint    ] Entering safepoint region: RevokeBias
[2019-12-08T09:55:09.038+0000][1][safepoint    ] Leaving safepoint region
[2019-12-08T09:55:09.038+0000][1][safepoint    ] Total time for which application threads were stopped: 0.0000626 seconds, Stopping threads took: 0.0000128 seconds
[2019-12-08T09:55:09.038+0000][1][safepoint    ] Application time: 0.0003241 seconds
[2019-12-08T09:55:09.038+0000][1][safepoint    ] Entering safepoint region: RevokeBias
[2019-12-08T09:55:09.038+0000][1][safepoint    ] Leaving safepoint region
[2019-12-08T09:55:09.038+0000][1][safepoint    ] Total time for which application threads were stopped: 0.0000617 seconds, Stopping threads took: 0.0000114 seconds
[2019-12-08T09:55:09.038+0000][1][safepoint    ] Application time: 0.0000632 seconds
[2019-12-08T09:55:09.038+0000][1][safepoint    ] Entering safepoint region: RevokeBias
[2019-12-08T09:55:09.038+0000][1][safepoint    ] Leaving safepoint region
[2019-12-08T09:55:09.038+0000][1][safepoint    ] Total time for which application threads were stopped: 0.0000495 seconds, Stopping threads took: 0.0000086 seconds
[2019-12-08T09:55:09.039+0000][1][safepoint    ] Application time: 0.0003769 seconds
[2019-12-08T09:55:09.039+0000][1][safepoint    ] Entering safepoint region: RevokeBias
[2019-12-08T09:55:09.039+0000][1][safepoint    ] Leaving safepoint region
[2019-12-08T09:55:09.039+0000][1][safepoint    ] Total time for which application threads were stopped: 0.0000581 seconds, Stopping threads took: 0.0000109 seconds
[2019-12-08T09:55:09.039+0000][1][safepoint    ] Application time: 0.0002344 seconds
[2019-12-08T09:55:09.039+0000][1][safepoint    ] Entering safepoint region: RevokeBias
[2019-12-08T09:55:09.039+0000][1][safepoint    ] Leaving safepoint region
[2019-12-08T09:55:09.039+0000][1][safepoint    ] Total time for which application threads were stopped: 0.0000580 seconds, Stopping threads took: 0.0000108 seconds
[2019-12-08T09:55:09.041+0000][1][safepoint    ] Application time: 0.0021460 seconds
[2019-12-08T09:55:09.041+0000][1][safepoint    ] Entering safepoint region: RevokeBias
[2019-12-08T09:55:09.041+0000][1][safepoint    ] Leaving safepoint region
[2019-12-08T09:55:09.041+0000][1][safepoint    ] Total time for which application threads were stopped: 0.0000650 seconds, Stopping threads took: 0.0000126 seconds
[2019-12-08T09:55:09.043+0000][1][safepoint    ] Application time: 0.0011898 seconds
[2019-12-08T09:55:09.043+0000][1][safepoint    ] Entering safepoint region: RevokeBias
[2019-12-08T09:55:09.043+0000][1][safepoint    ] Leaving safepoint region
[2019-12-08T09:55:09.043+0000][1][safepoint    ] Total time for which application threads were stopped: 0.0000636 seconds, Stopping threads took: 0.0000120 seconds
[2019-12-08T09:55:09.051+0000][1][safepoint    ] Application time: 0.0081392 seconds
[2019-12-08T09:55:09.051+0000][1][safepoint    ] Entering safepoint region: RevokeBias
[2019-12-08T09:55:09.051+0000][1][safepoint    ] Leaving safepoint region
[2019-12-08T09:55:09.051+0000][1][safepoint    ] Total time for which application threads were stopped: 0.0000768 seconds, Stopping threads took: 0.0000135 seconds
[2019-12-08T09:55:09.051+0000][1][safepoint    ] Application time: 0.0003514 seconds
[2019-12-08T09:55:09.051+0000][1][safepoint    ] Entering safepoint region: RevokeBias
[2019-12-08T09:55:09.051+0000][1][safepoint    ] Leaving safepoint region
[2019-12-08T09:55:09.051+0000][1][safepoint    ] Total time for which application threads were stopped: 0.0000626 seconds, Stopping threads took: 0.0000122 seconds
[2019-12-08T09:55:09.052+0000][1][safepoint    ] Application time: 0.0003252 seconds
[2019-12-08T09:55:09.052+0000][1][safepoint    ] Entering safepoint region: RevokeBias
[2019-12-08T09:55:09.052+0000][1][safepoint    ] Leaving safepoint region
[2019-12-08T09:55:09.052+0000][1][safepoint    ] Total time for which application threads were stopped: 0.0000578 seconds, Stopping threads took: 0.0000114 seconds
[2019-12-08T09:55:09.053+0000][1][safepoint    ] Application time: 0.0007607 seconds
[2019-12-08T09:55:09.053+0000][1][safepoint    ] Entering safepoint region: RevokeBias
[2019-12-08T09:55:09.053+0000][1][safepoint    ] Leaving safepoint region
[2019-12-08T09:55:09.053+0000][1][safepoint    ] Total time for which application threads were stopped: 0.0000855 seconds, Stopping threads took: 0.0000329 seconds
[2019-12-08T09:55:09.064+0000][1][safepoint    ] Application time: 0.0111006 seconds
[2019-12-08T09:55:09.064+0000][1][safepoint    ] Entering safepoint region: RevokeBias
[2019-12-08T09:55:09.064+0000][1][safepoint    ] Leaving safepoint region
[2019-12-08T09:55:09.064+0000][1][safepoint    ] Total time for which application threads were stopped: 0.0001820 seconds, Stopping threads took: 0.0001208 seconds
[2019-12-08T09:55:09.072+0000][1][safepoint    ] Application time: 0.0078656 seconds
[2019-12-08T09:55:09.072+0000][1][safepoint    ] Entering safepoint region: RevokeBias
[2019-12-08T09:55:09.072+0000][1][safepoint    ] Leaving safepoint region
[2019-12-08T09:55:09.072+0000][1][safepoint    ] Total time for which application threads were stopped: 0.0000726 seconds, Stopping threads took: 0.0000135 seconds
[2019-12-08T09:55:09.074+0000][1][safepoint    ] Application time: 0.0017658 seconds
[2019-12-08T09:55:09.074+0000][1][safepoint    ] Entering safepoint region: RevokeBias
[2019-12-08T09:55:09.074+0000][1][safepoint    ] Leaving safepoint region
[2019-12-08T09:55:09.074+0000][1][safepoint    ] Total time for which application threads were stopped: 0.0000643 seconds, Stopping threads took: 0.0000131 seconds
[2019-12-08T09:55:09.078+0000][1][safepoint    ] Application time: 0.0038663 seconds
[2019-12-08T09:55:09.090+0000][1][safepoint    ] Entering safepoint region: RevokeBias
[2019-12-08T09:55:09.090+0000][1][safepoint    ] Leaving safepoint region
[2019-12-08T09:55:09.090+0000][1][safepoint    ] Total time for which application threads were stopped: 0.0121666 seconds, Stopping threads took: 0.0120686 seconds
[2019-12-08T09:55:09.107+0000][1][safepoint    ] Application time: 0.0170598 seconds
[2019-12-08T09:55:09.107+0000][1][safepoint    ] Entering safepoint region: RevokeBias
[2019-12-08T09:55:09.107+0000][1][safepoint    ] Leaving safepoint region
[2019-12-08T09:55:09.107+0000][1][safepoint    ] Total time for which application threads were stopped: 0.0000849 seconds, Stopping threads took: 0.0000157 seconds
[2019-12-08T09:55:09.178+0000][1][safepoint    ] Application time: 0.0705665 seconds
[2019-12-08T09:55:09.178+0000][1][safepoint    ] Entering safepoint region: RevokeBias
[2019-12-08T09:55:09.178+0000][1][safepoint    ] Leaving safepoint region
[2019-12-08T09:55:09.178+0000][1][safepoint    ] Total time for which application threads were stopped: 0.0000922 seconds, Stopping threads took: 0.0000192 seconds
[2019-12-08T09:55:09.186+0000][1][safepoint    ] Application time: 0.0078796 seconds
[2019-12-08T09:55:09.186+0000][1][safepoint    ] Entering safepoint region: RevokeBias
[2019-12-08T09:55:09.186+0000][1][safepoint    ] Leaving safepoint region
[2019-12-08T09:55:09.186+0000][1][safepoint    ] Total time for which application threads were stopped: 0.0001642 seconds, Stopping threads took: 0.0000869 seconds
[2019-12-08T09:55:09.193+0000][1][safepoint    ] Application time: 0.0072042 seconds
[2019-12-08T09:55:09.193+0000][1][safepoint    ] Entering safepoint region: RevokeBias
[2019-12-08T09:55:09.193+0000][1][safepoint    ] Leaving safepoint region
[2019-12-08T09:55:09.193+0000][1][safepoint    ] Total time for which application threads were stopped: 0.0000817 seconds, Stopping threads took: 0.0000169 seconds
[2019-12-08T09:55:09.193+0000][1][safepoint    ] Application time: 0.0000656 seconds
[2019-12-08T09:55:09.193+0000][1][safepoint    ] Entering safepoint region: RevokeBias
[2019-12-08T09:55:09.193+0000][1][safepoint    ] Leaving safepoint region
[2019-12-08T09:55:09.193+0000][1][safepoint    ] Total time for which application threads were stopped: 0.0000545 seconds, Stopping threads took: 0.0000100 seconds
[2019-12-08T09:55:09.194+0000][1][safepoint    ] Application time: 0.0006121 seconds
[2019-12-08T09:55:09.194+0000][1][safepoint    ] Entering safepoint region: RevokeBias
[2019-12-08T09:55:09.194+0000][1][safepoint    ] Leaving safepoint region
[2019-12-08T09:55:09.194+0000][1][safepoint    ] Total time for which application threads were stopped: 0.0000680 seconds, Stopping threads took: 0.0000143 seconds
[2019-12-08T09:55:09.195+0000][1][safepoint    ] Application time: 0.0005685 seconds
[2019-12-08T09:55:09.195+0000][1][safepoint    ] Entering safepoint region: RevokeBias
[2019-12-08T09:55:09.195+0000][1][safepoint    ] Leaving safepoint region
[2019-12-08T09:55:09.195+0000][1][safepoint    ] Total time for which application threads were stopped: 0.0000597 seconds, Stopping threads took: 0.0000169 seconds
[2019-12-08T09:55:09.195+0000][1][safepoint    ] Application time: 0.0001903 seconds
[2019-12-08T09:55:09.195+0000][1][safepoint    ] Entering safepoint region: RevokeBias
[2019-12-08T09:55:09.195+0000][1][safepoint    ] Leaving safepoint region
[2019-12-08T09:55:09.195+0000][1][safepoint    ] Total time for which application threads were stopped: 0.0000560 seconds, Stopping threads took: 0.0000121 seconds
[2019-12-08T09:55:09.296+0000][1][safepoint    ] Application time: 0.1008364 seconds
[2019-12-08T09:55:09.296+0000][1][safepoint    ] Entering safepoint region: RevokeBias
[2019-12-08T09:55:09.296+0000][1][safepoint    ] Leaving safepoint region
[2019-12-08T09:55:09.296+0000][1][safepoint    ] Total time for which application threads were stopped: 0.0000851 seconds, Stopping threads took: 0.0000175 seconds
[2019-12-08T09:55:09.386+0000][1][safepoint    ] Application time: 0.0902183 seconds
[2019-12-08T09:55:09.403+0000][1][safepoint    ] Entering safepoint region: RevokeBias
[2019-12-08T09:55:09.403+0000][1][safepoint    ] Leaving safepoint region
[2019-12-08T09:55:09.403+0000][1][safepoint    ] Total time for which application threads were stopped: 0.0167547 seconds, Stopping threads took: 0.0165442 seconds
[2019-12-08T09:55:09.441+0000][1][safepoint    ] Application time: 0.0384835 seconds
[2019-12-08T09:55:09.442+0000][1][safepoint    ] Entering safepoint region: RevokeBias
[2019-12-08T09:55:09.442+0000][1][safepoint    ] Leaving safepoint region
[2019-12-08T09:55:09.442+0000][1][safepoint    ] Total time for which application threads were stopped: 0.0000793 seconds, Stopping threads took: 0.0000169 seconds
[2019-12-08T09:55:09.537+0000][1][safepoint    ] Application time: 0.0955666 seconds
[2019-12-08T09:55:09.537+0000][1][safepoint    ] Entering safepoint region: RevokeBias
[2019-12-08T09:55:09.537+0000][1][safepoint    ] Leaving safepoint region
[2019-12-08T09:55:09.537+0000][1][safepoint    ] Total time for which application threads were stopped: 0.0001006 seconds, Stopping threads took: 0.0000207 seconds
[2019-12-08T09:55:09.547+0000][1][safepoint    ] Application time: 0.0093946 seconds
[2019-12-08T09:55:09.547+0000][1][safepoint    ] Entering safepoint region: RevokeBias
[2019-12-08T09:55:09.547+0000][1][safepoint    ] Leaving safepoint region
[2019-12-08T09:55:09.547+0000][1][safepoint    ] Total time for which application threads were stopped: 0.0000963 seconds, Stopping threads took: 0.0000205 seconds
[2019-12-08T09:55:09.557+0000][1][safepoint    ] Application time: 0.0098574 seconds
[2019-12-08T09:55:09.557+0000][1][safepoint    ] Entering safepoint region: RevokeBias
[2019-12-08T09:55:09.557+0000][1][safepoint    ] Leaving safepoint region
[2019-12-08T09:55:09.557+0000][1][safepoint    ] Total time for which application threads were stopped: 0.0001021 seconds, Stopping threads took: 0.0000262 seconds
[2019-12-08T09:55:09.567+0000][1][safepoint    ] Application time: 0.0098524 seconds
[2019-12-08T09:55:09.567+0000][1][safepoint    ] Entering safepoint region: RevokeBias
[2019-12-08T09:55:09.567+0000][1][safepoint    ] Leaving safepoint region
[2019-12-08T09:55:09.567+0000][1][safepoint    ] Total time for which application threads were stopped: 0.0000988 seconds, Stopping threads took: 0.0000216 seconds
[2019-12-08T09:55:09.571+0000][1][safepoint    ] Application time: 0.0040240 seconds
[2019-12-08T09:55:09.571+0000][1][safepoint    ] Entering safepoint region: RevokeBias
[2019-12-08T09:55:09.571+0000][1][safepoint    ] Leaving safepoint region
[2019-12-08T09:55:09.571+0000][1][safepoint    ] Total time for which application threads were stopped: 0.0000855 seconds, Stopping threads took: 0.0000177 seconds
[2019-12-08T09:55:09.578+0000][1][safepoint    ] Application time: 0.0067131 seconds
[2019-12-08T09:55:09.578+0000][1][safepoint    ] Entering safepoint region: RevokeBias
[2019-12-08T09:55:09.578+0000][1][safepoint    ] Leaving safepoint region
[2019-12-08T09:55:09.578+0000][1][safepoint    ] Total time for which application threads were stopped: 0.0000833 seconds, Stopping threads took: 0.0000170 seconds
[2019-12-08T09:55:09.583+0000][1][safepoint    ] Application time: 0.0048826 seconds
[2019-12-08T09:55:09.583+0000][1][safepoint    ] Entering safepoint region: RevokeBias
[2019-12-08T09:55:09.583+0000][1][safepoint    ] Leaving safepoint region
[2019-12-08T09:55:09.583+0000][1][safepoint    ] Total time for which application threads were stopped: 0.0000779 seconds, Stopping threads took: 0.0000158 seconds
[2019-12-08T09:55:09.590+0000][1][safepoint    ] Application time: 0.0069338 seconds
[2019-12-08T09:55:09.590+0000][1][safepoint    ] Entering safepoint region: RevokeBias
[2019-12-08T09:55:09.590+0000][1][safepoint    ] Leaving safepoint region
[2019-12-08T09:55:09.590+0000][1][safepoint    ] Total time for which application threads were stopped: 0.0000880 seconds, Stopping threads took: 0.0000155 seconds
[2019-12-08T09:55:09.918+0000][1][safepoint    ] Application time: 0.3279022 seconds
[2019-12-08T09:55:09.918+0000][1][safepoint    ] Entering safepoint region: RevokeBias
[2019-12-08T09:55:09.918+0000][1][safepoint    ] Leaving safepoint region
[2019-12-08T09:55:09.918+0000][1][safepoint    ] Total time for which application threads were stopped: 0.0004042 seconds, Stopping threads took: 0.0003181 seconds
[2019-12-08T09:55:09.918+0000][1][safepoint    ] Application time: 0.0002131 seconds
[2019-12-08T09:55:09.918+0000][1][safepoint    ] Entering safepoint region: RevokeBias
[2019-12-08T09:55:09.919+0000][1][safepoint    ] Leaving safepoint region
[2019-12-08T09:55:09.919+0000][1][safepoint    ] Total time for which application threads were stopped: 0.0000650 seconds, Stopping threads took: 0.0000114 seconds
[2019-12-08T09:55:09.923+0000][1][safepoint    ] Application time: 0.0042955 seconds
[2019-12-08T09:55:09.923+0000][1][safepoint    ] Entering safepoint region: RevokeBias
[2019-12-08T09:55:09.923+0000][1][safepoint    ] Leaving safepoint region
[2019-12-08T09:55:09.923+0000][1][safepoint    ] Total time for which application threads were stopped: 0.0000847 seconds, Stopping threads took: 0.0000228 seconds
[2019-12-08T09:55:09.923+0000][1][safepoint    ] Application time: 0.0003290 seconds
[2019-12-08T09:55:09.923+0000][1][safepoint    ] Entering safepoint region: RevokeBias
[2019-12-08T09:55:09.923+0000][1][safepoint    ] Leaving safepoint region
[2019-12-08T09:55:09.923+0000][1][safepoint    ] Total time for which application threads were stopped: 0.0000650 seconds, Stopping threads took: 0.0000116 seconds
[2019-12-08T09:55:09.923+0000][1][safepoint    ] Application time: 0.0001100 seconds
[2019-12-08T09:55:09.923+0000][1][safepoint    ] Entering safepoint region: RevokeBias
[2019-12-08T09:55:09.924+0000][1][safepoint    ] Leaving safepoint region
[2019-12-08T09:55:09.924+0000][1][safepoint    ] Total time for which application threads were stopped: 0.0000520 seconds, Stopping threads took: 0.0000088 seconds
[2019-12-08T09:55:09.924+0000][1][safepoint    ] Application time: 0.0003503 seconds
[2019-12-08T09:55:09.924+0000][1][safepoint    ] Entering safepoint region: RevokeBias
[2019-12-08T09:55:09.924+0000][1][safepoint    ] Leaving safepoint region
[2019-12-08T09:55:09.924+0000][1][safepoint    ] Total time for which application threads were stopped: 0.0000686 seconds, Stopping threads took: 0.0000113 seconds
[2019-12-08T09:55:09.924+0000][1][safepoint    ] Application time: 0.0000698 seconds
[2019-12-08T09:55:09.924+0000][1][safepoint    ] Entering safepoint region: RevokeBias
[2019-12-08T09:55:09.924+0000][1][safepoint    ] Leaving safepoint region
[2019-12-08T09:55:09.924+0000][1][safepoint    ] Total time for which application threads were stopped: 0.0000493 seconds, Stopping threads took: 0.0000083 seconds
[2019-12-08T09:55:09.924+0000][1][safepoint    ] Application time: 0.0002488 seconds
[2019-12-08T09:55:09.924+0000][1][safepoint    ] Entering safepoint region: RevokeBias
[2019-12-08T09:55:09.924+0000][1][safepoint    ] Leaving safepoint region
[2019-12-08T09:55:09.924+0000][1][safepoint    ] Total time for which application threads were stopped: 0.0000713 seconds, Stopping threads took: 0.0000102 seconds
[2019-12-08T09:55:09.925+0000][1][safepoint    ] Application time: 0.0004377 seconds
[2019-12-08T09:55:09.925+0000][1][safepoint    ] Entering safepoint region: RevokeBias
[2019-12-08T09:55:09.925+0000][1][safepoint    ] Leaving safepoint region
[2019-12-08T09:55:09.925+0000][1][safepoint    ] Total time for which application threads were stopped: 0.0000765 seconds, Stopping threads took: 0.0000114 seconds
[2019-12-08T09:55:09.926+0000][1][safepoint    ] Application time: 0.0011087 seconds
[2019-12-08T09:55:09.926+0000][1][safepoint    ] Entering safepoint region: RevokeBias
[2019-12-08T09:55:09.926+0000][1][safepoint    ] Leaving safepoint region
[2019-12-08T09:55:09.926+0000][1][safepoint    ] Total time for which application threads were stopped: 0.0000829 seconds, Stopping threads took: 0.0000116 seconds
[2019-12-08T09:55:09.927+0000][1][safepoint    ] Application time: 0.0004628 seconds
[2019-12-08T09:55:09.927+0000][1][safepoint    ] Entering safepoint region: RevokeBias
[2019-12-08T09:55:09.927+0000][1][safepoint    ] Leaving safepoint region
[2019-12-08T09:55:09.927+0000][1][safepoint    ] Total time for which application threads were stopped: 0.0000595 seconds, Stopping threads took: 0.0000121 seconds
[2019-12-08T09:55:09.927+0000][1][safepoint    ] Application time: 0.0000601 seconds
[2019-12-08T09:55:09.927+0000][1][safepoint    ] Entering safepoint region: RevokeBias
[2019-12-08T09:55:09.927+0000][1][safepoint    ] Leaving safepoint region
[2019-12-08T09:55:09.927+0000][1][safepoint    ] Total time for which application threads were stopped: 0.0000454 seconds, Stopping threads took: 0.0000083 seconds
[2019-12-08T09:55:09.927+0000][1][safepoint    ] Application time: 0.0000511 seconds
[2019-12-08T09:55:09.927+0000][1][safepoint    ] Entering safepoint region: RevokeBias
[2019-12-08T09:55:09.927+0000][1][safepoint    ] Leaving safepoint region
[2019-12-08T09:55:09.927+0000][1][safepoint    ] Total time for which application threads were stopped: 0.0000458 seconds, Stopping threads took: 0.0000085 seconds
[2019-12-08T09:55:09.935+0000][1][safepoint    ] Application time: 0.0078078 seconds
[2019-12-08T09:55:09.935+0000][1][safepoint    ] Entering safepoint region: RevokeBias
[2019-12-08T09:55:09.935+0000][1][safepoint    ] Leaving safepoint region
[2019-12-08T09:55:09.935+0000][1][safepoint    ] Total time for which application threads were stopped: 0.0000715 seconds, Stopping threads took: 0.0000130 seconds
[2019-12-08T09:55:09.935+0000][1][safepoint    ] Application time: 0.0000805 seconds
[2019-12-08T09:55:09.935+0000][1][safepoint    ] Entering safepoint region: RevokeBias
[2019-12-08T09:55:09.935+0000][1][safepoint    ] Leaving safepoint region
[2019-12-08T09:55:09.935+0000][1][safepoint    ] Total time for which application threads were stopped: 0.0000541 seconds, Stopping threads took: 0.0000092 seconds
[2019-12-08T09:55:09.935+0000][1][safepoint    ] Application time: 0.0002331 seconds
[2019-12-08T09:55:09.935+0000][1][safepoint    ] Entering safepoint region: RevokeBias
[2019-12-08T09:55:09.935+0000][1][safepoint    ] Leaving safepoint region
[2019-12-08T09:55:09.935+0000][1][safepoint    ] Total time for which application threads were stopped: 0.0000611 seconds, Stopping threads took: 0.0000106 seconds
[2019-12-08T09:55:09.936+0000][1][safepoint    ] Application time: 0.0003423 seconds
[2019-12-08T09:55:09.936+0000][1][safepoint    ] Entering safepoint region: RevokeBias
[2019-12-08T09:55:09.936+0000][1][safepoint    ] Leaving safepoint region
[2019-12-08T09:55:09.936+0000][1][safepoint    ] Total time for which application threads were stopped: 0.0000620 seconds, Stopping threads took: 0.0000109 seconds
[2019-12-08T09:55:09.940+0000][1][safepoint    ] Application time: 0.0037130 seconds
[2019-12-08T09:55:09.940+0000][1][safepoint    ] Entering safepoint region: RevokeBias
[2019-12-08T09:55:09.940+0000][1][safepoint    ] Leaving safepoint region
[2019-12-08T09:55:09.940+0000][1][safepoint    ] Total time for which application threads were stopped: 0.0000592 seconds, Stopping threads took: 0.0000111 seconds
[2019-12-08T09:55:09.944+0000][1][safepoint    ] Application time: 0.0047072 seconds
[2019-12-08T09:55:09.944+0000][1][safepoint    ] Entering safepoint region: RevokeBias
[2019-12-08T09:55:09.944+0000][1][safepoint    ] Leaving safepoint region
[2019-12-08T09:55:09.944+0000][1][safepoint    ] Total time for which application threads were stopped: 0.0000526 seconds, Stopping threads took: 0.0000119 seconds
[2019-12-08T09:55:09.949+0000][1][safepoint    ] Application time: 0.0050039 seconds
[2019-12-08T09:55:09.949+0000][1][safepoint    ] Entering safepoint region: RevokeBias
[2019-12-08T09:55:09.949+0000][1][safepoint    ] Leaving safepoint region
[2019-12-08T09:55:09.949+0000][1][safepoint    ] Total time for which application threads were stopped: 0.0000505 seconds, Stopping threads took: 0.0000109 seconds
[2019-12-08T09:55:09.955+0000][1][safepoint    ] Application time: 0.0052497 seconds
[2019-12-08T09:55:09.955+0000][1][safepoint    ] Entering safepoint region: RevokeBias
[2019-12-08T09:55:09.955+0000][1][safepoint    ] Leaving safepoint region
[2019-12-08T09:55:09.955+0000][1][safepoint    ] Total time for which application threads were stopped: 0.0000551 seconds, Stopping threads took: 0.0000117 seconds
[2019-12-08T09:55:09.957+0000][1][safepoint    ] Application time: 0.0020411 seconds
[2019-12-08T09:55:09.957+0000][1][safepoint    ] Entering safepoint region: RevokeBias
[2019-12-08T09:55:09.957+0000][1][safepoint    ] Leaving safepoint region
[2019-12-08T09:55:09.957+0000][1][safepoint    ] Total time for which application threads were stopped: 0.0000570 seconds, Stopping threads took: 0.0000130 seconds
[2019-12-08T09:55:10.138+0000][1][safepoint    ] Application time: 0.1809323 seconds
[2019-12-08T09:55:10.138+0000][1][safepoint    ] Entering safepoint region: RevokeBias
[2019-12-08T09:55:10.138+0000][1][safepoint    ] Leaving safepoint region
[2019-12-08T09:55:10.138+0000][1][safepoint    ] Total time for which application threads were stopped: 0.0000878 seconds, Stopping threads took: 0.0000191 seconds
[2019-12-08T09:55:10.139+0000][1][safepoint    ] Application time: 0.0005236 seconds
[2019-12-08T09:55:10.139+0000][1][safepoint    ] Entering safepoint region: RevokeBias
[2019-12-08T09:55:10.139+0000][1][safepoint    ] Leaving safepoint region
[2019-12-08T09:55:10.139+0000][1][safepoint    ] Total time for which application threads were stopped: 0.0000772 seconds, Stopping threads took: 0.0000153 seconds
[2019-12-08T09:55:10.139+0000][1][safepoint    ] Application time: 0.0005806 seconds
[2019-12-08T09:55:10.139+0000][1][safepoint    ] Entering safepoint region: RevokeBias
[2019-12-08T09:55:10.139+0000][1][safepoint    ] Leaving safepoint region
[2019-12-08T09:55:10.139+0000][1][safepoint    ] Total time for which application threads were stopped: 0.0000575 seconds, Stopping threads took: 0.0000124 seconds
[2019-12-08T09:55:10.337+0000][1][safepoint    ] Application time: 0.1975343 seconds
[2019-12-08T09:55:10.337+0000][1][safepoint    ] Entering safepoint region: RevokeBias
[2019-12-08T09:55:10.337+0000][1][safepoint    ] Leaving safepoint region
[2019-12-08T09:55:10.337+0000][1][safepoint    ] Total time for which application threads were stopped: 0.0000940 seconds, Stopping threads took: 0.0000191 seconds
[2019-12-08T09:55:10.337+0000][1][safepoint    ] Application time: 0.0004805 seconds
[2019-12-08T09:55:10.337+0000][1][safepoint    ] Entering safepoint region: RevokeBias
[2019-12-08T09:55:10.338+0000][1][safepoint    ] Leaving safepoint region
[2019-12-08T09:55:10.338+0000][1][safepoint    ] Total time for which application threads were stopped: 0.0000749 seconds, Stopping threads took: 0.0000161 seconds
[2019-12-08T09:55:10.373+0000][1][safepoint    ] Application time: 0.0356665 seconds
[2019-12-08T09:55:10.373+0000][1][safepoint    ] Entering safepoint region: RevokeBias
[2019-12-08T09:55:10.373+0000][1][safepoint    ] Leaving safepoint region
[2019-12-08T09:55:10.373+0000][1][safepoint    ] Total time for which application threads were stopped: 0.0000945 seconds, Stopping threads took: 0.0000195 seconds
[2019-12-08T09:55:10.389+0000][1][safepoint    ] Application time: 0.0157579 seconds
[2019-12-08T09:55:10.389+0000][1][safepoint    ] Entering safepoint region: RevokeBias
[2019-12-08T09:55:10.389+0000][1][safepoint    ] Leaving safepoint region
[2019-12-08T09:55:10.389+0000][1][safepoint    ] Total time for which application threads were stopped: 0.0001838 seconds, Stopping threads took: 0.0000191 seconds
[2019-12-08T09:55:10.391+0000][1][safepoint    ] Application time: 0.0017047 seconds
[2019-12-08T09:55:10.391+0000][1][safepoint    ] Entering safepoint region: RevokeBias
[2019-12-08T09:55:10.392+0000][1][safepoint    ] Leaving safepoint region
[2019-12-08T09:55:10.392+0000][1][safepoint    ] Total time for which application threads were stopped: 0.0009440 seconds, Stopping threads took: 0.0000299 seconds
[2019-12-08T09:55:10.392+0000][1][safepoint    ] Application time: 0.0004596 seconds
[2019-12-08T09:55:10.392+0000][1][safepoint    ] Entering safepoint region: RevokeBias
[2019-12-08T09:55:10.393+0000][1][safepoint    ] Leaving safepoint region
[2019-12-08T09:55:10.393+0000][1][safepoint    ] Total time for which application threads were stopped: 0.0000992 seconds, Stopping threads took: 0.0000145 seconds
[2019-12-08T09:55:10.395+0000][1][safepoint    ] Application time: 0.0022190 seconds
[2019-12-08T09:55:10.395+0000][1][safepoint    ] Entering safepoint region: BulkRevokeBias
[2019-12-08T09:55:10.395+0000][1][safepoint    ] Leaving safepoint region
[2019-12-08T09:55:10.395+0000][1][safepoint    ] Total time for which application threads were stopped: 0.0003907 seconds, Stopping threads took: 0.0000126 seconds
[2019-12-08T09:55:10.398+0000][1][safepoint    ] Application time: 0.0030842 seconds
[2019-12-08T09:55:10.398+0000][1][safepoint    ] Entering safepoint region: RevokeBias
[2019-12-08T09:55:10.398+0000][1][safepoint    ] Leaving safepoint region
[2019-12-08T09:55:10.398+0000][1][safepoint    ] Total time for which application threads were stopped: 0.0000696 seconds, Stopping threads took: 0.0000112 seconds
[2019-12-08T09:55:10.399+0000][1][safepoint    ] Application time: 0.0006959 seconds
[2019-12-08T09:55:10.399+0000][1][safepoint    ] Entering safepoint region: RevokeBias
[2019-12-08T09:55:10.399+0000][1][safepoint    ] Leaving safepoint region
[2019-12-08T09:55:10.399+0000][1][safepoint    ] Total time for which application threads were stopped: 0.0000677 seconds, Stopping threads took: 0.0000121 seconds
[2019-12-08T09:55:10.401+0000][1][safepoint    ] Application time: 0.0019306 seconds
[2019-12-08T09:55:10.401+0000][1][safepoint    ] Entering safepoint region: BulkRevokeBias
[2019-12-08T09:55:10.401+0000][1][safepoint    ] Leaving safepoint region
[2019-12-08T09:55:10.401+0000][1][safepoint    ] Total time for which application threads were stopped: 0.0002113 seconds, Stopping threads took: 0.0000132 seconds
[2019-12-08T09:55:10.403+0000][1][safepoint    ] Application time: 0.0021337 seconds
[2019-12-08T09:55:10.404+0000][1][safepoint    ] Entering safepoint region: RevokeBias
[2019-12-08T09:55:10.404+0000][1][safepoint    ] Leaving safepoint region
[2019-12-08T09:55:10.404+0000][1][safepoint    ] Total time for which application threads were stopped: 0.0000578 seconds, Stopping threads took: 0.0000116 seconds
[2019-12-08T09:55:10.526+0000][1][safepoint    ] Application time: 0.1220829 seconds
[2019-12-08T09:55:10.526+0000][1][safepoint    ] Entering safepoint region: RevokeBias
[2019-12-08T09:55:10.526+0000][1][safepoint    ] Leaving safepoint region
[2019-12-08T09:55:10.526+0000][1][safepoint    ] Total time for which application threads were stopped: 0.0000962 seconds, Stopping threads took: 0.0000220 seconds
[2019-12-08T09:55:10.527+0000][1][safepoint    ] Application time: 0.0016816 seconds
[2019-12-08T09:55:10.528+0000][1][safepoint    ] Entering safepoint region: RevokeBias
[2019-12-08T09:55:10.528+0000][1][safepoint    ] Leaving safepoint region
[2019-12-08T09:55:10.528+0000][1][safepoint    ] Total time for which application threads were stopped: 0.0000946 seconds, Stopping threads took: 0.0000170 seconds
[2019-12-08T09:55:10.555+0000][1][safepoint    ] Application time: 0.0271731 seconds
[2019-12-08T09:55:10.555+0000][1][safepoint    ] Entering safepoint region: RevokeBias
[2019-12-08T09:55:10.555+0000][1][safepoint    ] Leaving safepoint region
[2019-12-08T09:55:10.555+0000][1][safepoint    ] Total time for which application threads were stopped: 0.0000911 seconds, Stopping threads took: 0.0000183 seconds
[2019-12-08T09:55:10.588+0000][1][safepoint    ] Application time: 0.0328026 seconds
[2019-12-08T09:55:10.588+0000][1][safepoint    ] Entering safepoint region: RevokeBias
[2019-12-08T09:55:10.588+0000][1][safepoint    ] Leaving safepoint region
[2019-12-08T09:55:10.588+0000][1][safepoint    ] Total time for which application threads were stopped: 0.0000998 seconds, Stopping threads took: 0.0000210 seconds
[2019-12-08T09:55:10.621+0000][1][safepoint    ] Application time: 0.0331195 seconds
[2019-12-08T09:55:10.621+0000][1][safepoint    ] Entering safepoint region: RevokeBias
[2019-12-08T09:55:10.621+0000][1][safepoint    ] Leaving safepoint region
[2019-12-08T09:55:10.621+0000][1][safepoint    ] Total time for which application threads were stopped: 0.0003002 seconds, Stopping threads took: 0.0000912 seconds
[2019-12-08T09:55:10.622+0000][1][safepoint    ] Application time: 0.0008693 seconds
[2019-12-08T09:55:10.622+0000][1][safepoint    ] Entering safepoint region: RevokeBias
[2019-12-08T09:55:10.622+0000][1][safepoint    ] Leaving safepoint region
[2019-12-08T09:55:10.622+0000][1][safepoint    ] Total time for which application threads were stopped: 0.0001509 seconds, Stopping threads took: 0.0000149 seconds
[2019-12-08T09:55:10.629+0000][1][safepoint    ] Application time: 0.0069070 seconds
[2019-12-08T09:55:10.629+0000][1][safepoint    ] Entering safepoint region: RevokeBias
[2019-12-08T09:55:10.629+0000][1][safepoint    ] Leaving safepoint region
[2019-12-08T09:55:10.629+0000][1][safepoint    ] Total time for which application threads were stopped: 0.0001746 seconds, Stopping threads took: 0.0000143 seconds
[2019-12-08T09:55:10.630+0000][1][safepoint    ] Application time: 0.0007424 seconds
[2019-12-08T09:55:10.630+0000][1][safepoint    ] Entering safepoint region: RevokeBias
[2019-12-08T09:55:10.630+0000][1][safepoint    ] Leaving safepoint region
[2019-12-08T09:55:10.630+0000][1][safepoint    ] Total time for which application threads were stopped: 0.0000692 seconds, Stopping threads took: 0.0000128 seconds
[2019-12-08T09:55:10.637+0000][1][safepoint    ] Application time: 0.0068938 seconds
[2019-12-08T09:55:10.637+0000][1][safepoint    ] Entering safepoint region: RevokeBias
[2019-12-08T09:55:10.637+0000][1][safepoint    ] Leaving safepoint region
[2019-12-08T09:55:10.637+0000][1][safepoint    ] Total time for which application threads were stopped: 0.0001065 seconds, Stopping threads took: 0.0000148 seconds
[2019-12-08T09:55:10.638+0000][1][safepoint    ] Application time: 0.0005904 seconds
[2019-12-08T09:55:10.638+0000][1][safepoint    ] Entering safepoint region: RevokeBias
[2019-12-08T09:55:10.638+0000][1][safepoint    ] Leaving safepoint region
[2019-12-08T09:55:10.638+0000][1][safepoint    ] Total time for which application threads were stopped: 0.0000674 seconds, Stopping threads took: 0.0000133 seconds
[2019-12-08T09:55:10.686+0000][1][safepoint    ] Application time: 0.0478229 seconds
[2019-12-08T09:55:10.686+0000][1][safepoint    ] Entering safepoint region: RevokeBias
[2019-12-08T09:55:10.686+0000][1][safepoint    ] Leaving safepoint region
[2019-12-08T09:55:10.686+0000][1][safepoint    ] Total time for which application threads were stopped: 0.0000886 seconds, Stopping threads took: 0.0000166 seconds
[2019-12-08T09:55:10.694+0000][1][safepoint    ] Application time: 0.0078584 seconds
[2019-12-08T09:55:10.694+0000][1][safepoint    ] Entering safepoint region: RevokeBias
[2019-12-08T09:55:10.694+0000][1][safepoint    ] Leaving safepoint region
[2019-12-08T09:55:10.694+0000][1][safepoint    ] Total time for which application threads were stopped: 0.0000747 seconds, Stopping threads took: 0.0000154 seconds
[2019-12-08T09:55:10.715+0000][1][safepoint    ] Application time: 0.0212957 seconds
[2019-12-08T09:55:10.715+0000][1][safepoint    ] Entering safepoint region: RevokeBias
[2019-12-08T09:55:10.715+0000][1][safepoint    ] Leaving safepoint region
[2019-12-08T09:55:10.715+0000][1][safepoint    ] Total time for which application threads were stopped: 0.0000713 seconds, Stopping threads took: 0.0000151 seconds
[2019-12-08T09:55:10.716+0000][1][safepoint    ] Application time: 0.0003421 seconds
[2019-12-08T09:55:10.716+0000][1][safepoint    ] Entering safepoint region: RevokeBias
[2019-12-08T09:55:10.716+0000][1][safepoint    ] Leaving safepoint region
[2019-12-08T09:55:10.716+0000][1][safepoint    ] Total time for which application threads were stopped: 0.0000847 seconds, Stopping threads took: 0.0000340 seconds
[2019-12-08T09:55:10.795+0000][1][safepoint    ] Application time: 0.0792404 seconds
[2019-12-08T09:55:10.795+0000][1][safepoint    ] Entering safepoint region: RevokeBias
[2019-12-08T09:55:10.795+0000][1][safepoint    ] Leaving safepoint region
[2019-12-08T09:55:10.795+0000][1][safepoint    ] Total time for which application threads were stopped: 0.0001071 seconds, Stopping threads took: 0.0000197 seconds
[2019-12-08T09:55:10.795+0000][1][safepoint    ] Application time: 0.0002550 seconds
[2019-12-08T09:55:10.795+0000][1][safepoint    ] Entering safepoint region: RevokeBias
[2019-12-08T09:55:10.795+0000][1][safepoint    ] Leaving safepoint region
[2019-12-08T09:55:10.795+0000][1][safepoint    ] Total time for which application threads were stopped: 0.0000681 seconds, Stopping threads took: 0.0000119 seconds
[2019-12-08T09:55:10.842+0000][1][safepoint    ] Application time: 0.0465258 seconds
[2019-12-08T09:55:10.842+0000][1][safepoint    ] Entering safepoint region: RevokeBias
[2019-12-08T09:55:10.842+0000][1][safepoint    ] Leaving safepoint region
[2019-12-08T09:55:10.842+0000][1][safepoint    ] Total time for which application threads were stopped: 0.0001016 seconds, Stopping threads took: 0.0000181 seconds
[2019-12-08T09:55:10.846+0000][1][safepoint    ] Application time: 0.0034688 seconds
[2019-12-08T09:55:10.846+0000][1][safepoint    ] Entering safepoint region: RevokeBias
[2019-12-08T09:55:10.846+0000][1][safepoint    ] Leaving safepoint region
[2019-12-08T09:55:10.846+0000][1][safepoint    ] Total time for which application threads were stopped: 0.0001115 seconds, Stopping threads took: 0.0000319 seconds
[2019-12-08T09:55:10.894+0000][1][safepoint    ] Application time: 0.0479329 seconds
[2019-12-08T09:55:10.894+0000][1][safepoint    ] Entering safepoint region: RevokeBias
[2019-12-08T09:55:10.894+0000][1][safepoint    ] Leaving safepoint region
[2019-12-08T09:55:10.894+0000][1][safepoint    ] Total time for which application threads were stopped: 0.0001008 seconds, Stopping threads took: 0.0000182 seconds
[2019-12-08T09:55:10.894+0000][1][safepoint    ] Application time: 0.0003826 seconds
[2019-12-08T09:55:10.894+0000][1][safepoint    ] Entering safepoint region: RevokeBias
[2019-12-08T09:55:10.894+0000][1][safepoint    ] Leaving safepoint region
[2019-12-08T09:55:10.894+0000][1][safepoint    ] Total time for which application threads were stopped: 0.0000875 seconds, Stopping threads took: 0.0000161 seconds
[2019-12-08T09:55:10.896+0000][1][safepoint    ] Application time: 0.0015262 seconds
[2019-12-08T09:55:10.896+0000][1][safepoint    ] Entering safepoint region: RevokeBias
[2019-12-08T09:55:10.896+0000][1][safepoint    ] Leaving safepoint region
[2019-12-08T09:55:10.896+0000][1][safepoint    ] Total time for which application threads were stopped: 0.0001220 seconds, Stopping threads took: 0.0000597 seconds
[2019-12-08T09:55:10.896+0000][1][safepoint    ] Application time: 0.0003977 seconds
[2019-12-08T09:55:10.896+0000][1][safepoint    ] Entering safepoint region: RevokeBias
[2019-12-08T09:55:10.896+0000][1][safepoint    ] Leaving safepoint region
[2019-12-08T09:55:10.897+0000][1][safepoint    ] Total time for which application threads were stopped: 0.0000724 seconds, Stopping threads took: 0.0000150 seconds
[2019-12-08T09:55:10.901+0000][1][safepoint    ] Application time: 0.0042168 seconds
[2019-12-08T09:55:10.901+0000][1][safepoint    ] Entering safepoint region: BulkRevokeBias
[2019-12-08T09:55:10.901+0000][1][safepoint    ] Leaving safepoint region
[2019-12-08T09:55:10.901+0000][1][safepoint    ] Total time for which application threads were stopped: 0.0003090 seconds, Stopping threads took: 0.0000376 seconds
[2019-12-08T09:55:10.904+0000][1][safepoint    ] Application time: 0.0031884 seconds
[2019-12-08T09:55:10.904+0000][1][safepoint    ] Entering safepoint region: RevokeBias
[2019-12-08T09:55:10.905+0000][1][safepoint    ] Leaving safepoint region
[2019-12-08T09:55:10.905+0000][1][safepoint    ] Total time for which application threads were stopped: 0.0003832 seconds, Stopping threads took: 0.0000458 seconds
[2019-12-08T09:55:10.914+0000][1][safepoint    ] Application time: 0.0090475 seconds
[2019-12-08T09:55:10.914+0000][1][safepoint    ] Entering safepoint region: BulkRevokeBias
[2019-12-08T09:55:10.915+0000][1][safepoint    ] Leaving safepoint region
[2019-12-08T09:55:10.915+0000][1][safepoint    ] Total time for which application threads were stopped: 0.0009293 seconds, Stopping threads took: 0.0006709 seconds
[2019-12-08T09:55:10.917+0000][1][safepoint    ] Application time: 0.0019000 seconds
[2019-12-08T09:55:10.917+0000][1][safepoint    ] Entering safepoint region: RevokeBias
[2019-12-08T09:55:10.917+0000][1][safepoint    ] Leaving safepoint region
[2019-12-08T09:55:10.917+0000][1][safepoint    ] Total time for which application threads were stopped: 0.0001313 seconds, Stopping threads took: 0.0000119 seconds
[2019-12-08T09:55:10.922+0000][1][safepoint    ] Application time: 0.0051581 seconds
[2019-12-08T09:55:10.922+0000][1][safepoint    ] Entering safepoint region: RevokeBias
[2019-12-08T09:55:10.922+0000][1][safepoint    ] Leaving safepoint region
[2019-12-08T09:55:10.922+0000][1][safepoint    ] Total time for which application threads were stopped: 0.0001022 seconds, Stopping threads took: 0.0000125 seconds
[2019-12-08T09:55:10.925+0000][1][safepoint    ] Application time: 0.0032155 seconds
[2019-12-08T09:55:10.926+0000][1][safepoint    ] Entering safepoint region: RevokeBias
[2019-12-08T09:55:10.926+0000][1][safepoint    ] Leaving safepoint region
[2019-12-08T09:55:10.926+0000][1][safepoint    ] Total time for which application threads were stopped: 0.0004346 seconds, Stopping threads took: 0.0003631 seconds
[2019-12-08T09:55:10.930+0000][1][safepoint    ] Application time: 0.0039819 seconds
[2019-12-08T09:55:10.930+0000][1][safepoint    ] Entering safepoint region: RevokeBias
[2019-12-08T09:55:10.930+0000][1][safepoint    ] Leaving safepoint region
[2019-12-08T09:55:10.930+0000][1][safepoint    ] Total time for which application threads were stopped: 0.0000593 seconds, Stopping threads took: 0.0000124 seconds
[2019-12-08T09:55:10.954+0000][1][safepoint    ] Application time: 0.0245513 seconds
[2019-12-08T09:55:10.954+0000][1][safepoint    ] Entering safepoint region: RevokeBias
[2019-12-08T09:55:10.954+0000][1][safepoint    ] Leaving safepoint region
[2019-12-08T09:55:10.954+0000][1][safepoint    ] Total time for which application threads were stopped: 0.0000681 seconds, Stopping threads took: 0.0000131 seconds
[2019-12-08T09:55:10.962+0000][1][safepoint    ] Application time: 0.0075127 seconds
[2019-12-08T09:55:10.962+0000][1][safepoint    ] Entering safepoint region: RevokeBias
[2019-12-08T09:55:10.962+0000][1][safepoint    ] Leaving safepoint region
[2019-12-08T09:55:10.962+0000][1][safepoint    ] Total time for which application threads were stopped: 0.0000848 seconds, Stopping threads took: 0.0000138 seconds
[2019-12-08T09:55:10.962+0000][1][safepoint    ] Application time: 0.0000625 seconds
[2019-12-08T09:55:10.962+0000][1][safepoint    ] Entering safepoint region: RevokeBias
[2019-12-08T09:55:10.962+0000][1][safepoint    ] Leaving safepoint region
[2019-12-08T09:55:10.962+0000][1][safepoint    ] Total time for which application threads were stopped: 0.0000637 seconds, Stopping threads took: 0.0000104 seconds
[2019-12-08T09:55:10.962+0000][1][safepoint    ] Application time: 0.0000566 seconds
[2019-12-08T09:55:10.962+0000][1][safepoint    ] Entering safepoint region: RevokeBias
[2019-12-08T09:55:10.962+0000][1][safepoint    ] Leaving safepoint region
[2019-12-08T09:55:10.962+0000][1][safepoint    ] Total time for which application threads were stopped: 0.0000582 seconds, Stopping threads took: 0.0000103 seconds
[2019-12-08T09:55:10.963+0000][1][safepoint    ] Application time: 0.0009521 seconds
[2019-12-08T09:55:10.963+0000][1][safepoint    ] Entering safepoint region: RevokeBias
[2019-12-08T09:55:10.963+0000][1][safepoint    ] Leaving safepoint region
[2019-12-08T09:55:10.963+0000][1][safepoint    ] Total time for which application threads were stopped: 0.0000731 seconds, Stopping threads took: 0.0000136 seconds
[2019-12-08T09:55:10.964+0000][1][safepoint    ] Application time: 0.0001703 seconds
[2019-12-08T09:55:10.964+0000][1][safepoint    ] Entering safepoint region: RevokeBias
[2019-12-08T09:55:10.964+0000][1][safepoint    ] Leaving safepoint region
[2019-12-08T09:55:10.964+0000][1][safepoint    ] Total time for which application threads were stopped: 0.0000633 seconds, Stopping threads took: 0.0000117 seconds
[2019-12-08T09:55:10.964+0000][1][safepoint    ] Application time: 0.0000725 seconds
[2019-12-08T09:55:10.964+0000][1][safepoint    ] Entering safepoint region: RevokeBias
[2019-12-08T09:55:10.964+0000][1][safepoint    ] Leaving safepoint region
[2019-12-08T09:55:10.964+0000][1][safepoint    ] Total time for which application threads were stopped: 0.0000497 seconds, Stopping threads took: 0.0000096 seconds
[2019-12-08T09:55:11.052+0000][1][safepoint    ] Application time: 0.0878034 seconds
[2019-12-08T09:55:11.052+0000][1][safepoint    ] Entering safepoint region: RevokeBias
[2019-12-08T09:55:11.052+0000][1][safepoint    ] Leaving safepoint region
[2019-12-08T09:55:11.052+0000][1][safepoint    ] Total time for which application threads were stopped: 0.0001237 seconds, Stopping threads took: 0.0000190 seconds
[2019-12-08T09:55:11.058+0000][1][safepoint    ] Application time: 0.0060947 seconds
[2019-12-08T09:55:11.058+0000][1][safepoint    ] Entering safepoint region: RevokeBias
[2019-12-08T09:55:11.058+0000][1][safepoint    ] Leaving safepoint region
[2019-12-08T09:55:11.058+0000][1][safepoint    ] Total time for which application threads were stopped: 0.0000935 seconds, Stopping threads took: 0.0000310 seconds
[2019-12-08T09:55:11.058+0000][1][safepoint    ] Application time: 0.0000755 seconds
[2019-12-08T09:55:11.058+0000][1][safepoint    ] Entering safepoint region: RevokeBias
[2019-12-08T09:55:11.058+0000][1][safepoint    ] Leaving safepoint region
[2019-12-08T09:55:11.058+0000][1][safepoint    ] Total time for which application threads were stopped: 0.0000438 seconds, Stopping threads took: 0.0000083 seconds
[2019-12-08T09:55:11.063+0000][1][safepoint    ] Application time: 0.0044131 seconds
[2019-12-08T09:55:11.063+0000][1][safepoint    ] Entering safepoint region: RevokeBias
[2019-12-08T09:55:11.063+0000][1][safepoint    ] Leaving safepoint region
[2019-12-08T09:55:11.063+0000][1][safepoint    ] Total time for which application threads were stopped: 0.0001033 seconds, Stopping threads took: 0.0000462 seconds
[2019-12-08T09:55:11.071+0000][1][safepoint    ] Application time: 0.0080655 seconds
[2019-12-08T09:55:11.071+0000][1][safepoint    ] Entering safepoint region: RevokeBias
[2019-12-08T09:55:11.071+0000][1][safepoint    ] Leaving safepoint region
[2019-12-08T09:55:11.071+0000][1][safepoint    ] Total time for which application threads were stopped: 0.0000629 seconds, Stopping threads took: 0.0000150 seconds
[2019-12-08T09:55:11.110+0000][1][safepoint    ] Application time: 0.0395832 seconds
[2019-12-08T09:55:11.123+0000][1][safepoint    ] Entering safepoint region: RevokeBias
[2019-12-08T09:55:11.124+0000][1][safepoint    ] Leaving safepoint region
[2019-12-08T09:55:11.124+0000][1][safepoint    ] Total time for which application threads were stopped: 0.0134539 seconds, Stopping threads took: 0.0129707 seconds
[2019-12-08T09:55:11.130+0000][1][safepoint    ] Application time: 0.0057860 seconds
[2019-12-08T09:55:11.130+0000][1][safepoint    ] Entering safepoint region: RevokeBias
[2019-12-08T09:55:11.130+0000][1][safepoint    ] Leaving safepoint region
[2019-12-08T09:55:11.130+0000][1][safepoint    ] Total time for which application threads were stopped: 0.0001142 seconds, Stopping threads took: 0.0000405 seconds
[2019-12-08T09:55:11.181+0000][1][safepoint    ] Application time: 0.0516734 seconds
[2019-12-08T09:55:11.182+0000][1][safepoint    ] Entering safepoint region: RevokeBias
[2019-12-08T09:55:11.182+0000][1][safepoint    ] Leaving safepoint region
[2019-12-08T09:55:11.182+0000][1][safepoint    ] Total time for which application threads were stopped: 0.0001582 seconds, Stopping threads took: 0.0000736 seconds
[2019-12-08T09:55:11.390+0000][1][safepoint    ] Application time: 0.2080303 seconds
[2019-12-08T09:55:11.390+0000][1][safepoint    ] Entering safepoint region: RevokeBias
[2019-12-08T09:55:11.390+0000][1][safepoint    ] Leaving safepoint region
[2019-12-08T09:55:11.390+0000][1][safepoint    ] Total time for which application threads were stopped: 0.0001660 seconds, Stopping threads took: 0.0000520 seconds
[2019-12-08T09:55:11.485+0000][1][safepoint    ] Application time: 0.0947823 seconds
[2019-12-08T09:55:11.485+0000][1][safepoint    ] Entering safepoint region: RevokeBias
[2019-12-08T09:55:11.485+0000][1][safepoint    ] Leaving safepoint region
[2019-12-08T09:55:11.485+0000][1][safepoint    ] Total time for which application threads were stopped: 0.0001476 seconds, Stopping threads took: 0.0000345 seconds
[2019-12-08T09:55:11.485+0000][1][safepoint    ] Application time: 0.0001115 seconds
[2019-12-08T09:55:11.485+0000][1][safepoint    ] Entering safepoint region: RevokeBias
[2019-12-08T09:55:11.485+0000][1][safepoint    ] Leaving safepoint region
[2019-12-08T09:55:11.485+0000][1][safepoint    ] Total time for which application threads were stopped: 0.0000679 seconds, Stopping threads took: 0.0000127 seconds
[2019-12-08T09:55:11.485+0000][1][safepoint    ] Application time: 0.0000580 seconds
[2019-12-08T09:55:11.485+0000][1][safepoint    ] Entering safepoint region: RevokeBias
[2019-12-08T09:55:11.485+0000][1][safepoint    ] Leaving safepoint region
[2019-12-08T09:55:11.485+0000][1][safepoint    ] Total time for which application threads were stopped: 0.0000468 seconds, Stopping threads took: 0.0000098 seconds
[2019-12-08T09:55:11.485+0000][1][safepoint    ] Application time: 0.0002153 seconds
[2019-12-08T09:55:11.485+0000][1][safepoint    ] Entering safepoint region: RevokeBias
[2019-12-08T09:55:11.486+0000][1][safepoint    ] Leaving safepoint region
[2019-12-08T09:55:11.486+0000][1][safepoint    ] Total time for which application threads were stopped: 0.0000655 seconds, Stopping threads took: 0.0000136 seconds
[2019-12-08T09:55:11.868+0000][1][safepoint    ] Application time: 0.3824742 seconds
[2019-12-08T09:55:11.868+0000][1][safepoint    ] Entering safepoint region: RevokeBias
[2019-12-08T09:55:11.868+0000][1][safepoint    ] Leaving safepoint region
[2019-12-08T09:55:11.868+0000][1][safepoint    ] Total time for which application threads were stopped: 0.0001112 seconds, Stopping threads took: 0.0000218 seconds
[2019-12-08T09:55:11.868+0000][1][safepoint    ] Application time: 0.0000581 seconds
[2019-12-08T09:55:11.868+0000][1][safepoint    ] Entering safepoint region: RevokeBias
[2019-12-08T09:55:11.868+0000][1][safepoint    ] Leaving safepoint region
[2019-12-08T09:55:11.868+0000][1][safepoint    ] Total time for which application threads were stopped: 0.0000448 seconds, Stopping threads took: 0.0000096 seconds
[2019-12-08T09:55:12.108+0000][1][safepoint    ] Application time: 0.2393998 seconds
[2019-12-08T09:55:12.108+0000][1][safepoint    ] Entering safepoint region: RevokeBias
[2019-12-08T09:55:12.108+0000][1][safepoint    ] Leaving safepoint region
[2019-12-08T09:55:12.108+0000][1][safepoint    ] Total time for which application threads were stopped: 0.0000979 seconds, Stopping threads took: 0.0000214 seconds
[2019-12-08T09:55:12.111+0000][1][safepoint    ] Application time: 0.0028611 seconds
[2019-12-08T09:55:12.111+0000][1][safepoint    ] Entering safepoint region: RevokeBias
[2019-12-08T09:55:12.111+0000][1][safepoint    ] Leaving safepoint region
[2019-12-08T09:55:12.111+0000][1][safepoint    ] Total time for which application threads were stopped: 0.0000792 seconds, Stopping threads took: 0.0000176 seconds
[2019-12-08T09:55:12.111+0000][1][safepoint    ] Application time: 0.0005976 seconds
[2019-12-08T09:55:12.111+0000][1][safepoint    ] Entering safepoint region: RevokeBias
[2019-12-08T09:55:12.111+0000][1][safepoint    ] Leaving safepoint region
[2019-12-08T09:55:12.112+0000][1][safepoint    ] Total time for which application threads were stopped: 0.0000665 seconds, Stopping threads took: 0.0000143 seconds
[2019-12-08T09:55:12.112+0000][1][safepoint    ] Application time: 0.0008336 seconds
[2019-12-08T09:55:12.112+0000][1][safepoint    ] Entering safepoint region: RevokeBias
[2019-12-08T09:55:12.112+0000][1][safepoint    ] Leaving safepoint region
[2019-12-08T09:55:12.112+0000][1][safepoint    ] Total time for which application threads were stopped: 0.0000650 seconds, Stopping threads took: 0.0000145 seconds
[2019-12-08T09:55:12.112+0000][1][safepoint    ] Application time: 0.0000579 seconds
[2019-12-08T09:55:12.113+0000][1][safepoint    ] Entering safepoint region: RevokeBias
[2019-12-08T09:55:12.113+0000][1][safepoint    ] Leaving safepoint region
[2019-12-08T09:55:12.113+0000][1][safepoint    ] Total time for which application threads were stopped: 0.0000429 seconds, Stopping threads took: 0.0000091 seconds
[2019-12-08T09:55:12.113+0000][1][safepoint    ] Application time: 0.0000526 seconds
[2019-12-08T09:55:12.113+0000][1][safepoint    ] Entering safepoint region: RevokeBias
[2019-12-08T09:55:12.113+0000][1][safepoint    ] Leaving safepoint region
[2019-12-08T09:55:12.113+0000][1][safepoint    ] Total time for which application threads were stopped: 0.0000425 seconds, Stopping threads took: 0.0000093 seconds
[2019-12-08T09:55:12.113+0000][1][safepoint    ] Application time: 0.0000646 seconds
[2019-12-08T09:55:12.113+0000][1][safepoint    ] Entering safepoint region: RevokeBias
[2019-12-08T09:55:12.113+0000][1][safepoint    ] Leaving safepoint region
[2019-12-08T09:55:12.113+0000][1][safepoint    ] Total time for which application threads were stopped: 0.0000390 seconds, Stopping threads took: 0.0000087 seconds
[2019-12-08T09:55:12.113+0000][1][safepoint    ] Application time: 0.0000513 seconds
[2019-12-08T09:55:12.113+0000][1][safepoint    ] Entering safepoint region: RevokeBias
[2019-12-08T09:55:12.113+0000][1][safepoint    ] Leaving safepoint region
[2019-12-08T09:55:12.113+0000][1][safepoint    ] Total time for which application threads were stopped: 0.0000419 seconds, Stopping threads took: 0.0000087 seconds
[2019-12-08T09:55:12.113+0000][1][safepoint    ] Application time: 0.0000495 seconds
[2019-12-08T09:55:12.113+0000][1][safepoint    ] Entering safepoint region: RevokeBias
[2019-12-08T09:55:12.113+0000][1][safepoint    ] Leaving safepoint region
[2019-12-08T09:55:12.113+0000][1][safepoint    ] Total time for which application threads were stopped: 0.0000419 seconds, Stopping threads took: 0.0000089 seconds
[2019-12-08T09:55:12.113+0000][1][safepoint    ] Application time: 0.0000485 seconds
[2019-12-08T09:55:12.113+0000][1][safepoint    ] Entering safepoint region: RevokeBias
[2019-12-08T09:55:12.113+0000][1][safepoint    ] Leaving safepoint region
[2019-12-08T09:55:12.113+0000][1][safepoint    ] Total time for which application threads were stopped: 0.0000416 seconds, Stopping threads took: 0.0000090 seconds
[2019-12-08T09:55:12.113+0000][1][safepoint    ] Application time: 0.0000482 seconds
[2019-12-08T09:55:12.113+0000][1][safepoint    ] Entering safepoint region: RevokeBias
[2019-12-08T09:55:12.113+0000][1][safepoint    ] Leaving safepoint region
[2019-12-08T09:55:12.113+0000][1][safepoint    ] Total time for which application threads were stopped: 0.0000415 seconds, Stopping threads took: 0.0000089 seconds
[2019-12-08T09:55:13.123+0000][1][safepoint    ] Application time: 1.0095106 seconds
[2019-12-08T09:55:13.123+0000][1][safepoint    ] Entering safepoint region: Cleanup
[2019-12-08T09:55:13.123+0000][1][safepoint    ] Leaving safepoint region
[2019-12-08T09:55:13.123+0000][1][safepoint    ] Total time for which application threads were stopped: 0.0001269 seconds, Stopping threads took: 0.0000233 seconds
[2019-12-08T09:55:13.968+0000][1][safepoint    ] Application time: 0.8455077 seconds
[2019-12-08T09:55:13.968+0000][1][safepoint    ] Entering safepoint region: GenCollectForAllocation
[2019-12-08T09:55:13.969+0000][1][gc,start     ] GC(23) Pause Young (Allocation Failure)
[2019-12-08T09:55:13.969+0000][1][gc,task      ] GC(23) Using 4 workers of 4 for evacuation
[2019-12-08T09:55:14.017+0000][1][gc,age       ] GC(23) Desired survivor size 4456448 bytes, new threshold 2 (max threshold 6)
[2019-12-08T09:55:14.017+0000][1][gc,age       ] GC(23) Age table with threshold 2 (max threshold 6)
[2019-12-08T09:55:14.017+0000][1][gc,age       ] GC(23) - age   1:    1254088 bytes,    1254088 total
[2019-12-08T09:55:14.017+0000][1][gc,age       ] GC(23) - age   2:    3298168 bytes,    4552256 total
[2019-12-08T09:55:14.017+0000][1][gc,heap      ] GC(23) ParNew: 78656K->8048K(78656K)
[2019-12-08T09:55:14.017+0000][1][gc,heap      ] GC(23) CMS: 62050K->66097K(174784K)
[2019-12-08T09:55:14.017+0000][1][gc,metaspace ] GC(23) Metaspace: 66387K->66387K(1110016K)
[2019-12-08T09:55:14.017+0000][1][gc           ] GC(23) Pause Young (Allocation Failure) 137M->72M(247M) 48.183ms
[2019-12-08T09:55:14.017+0000][1][gc,cpu       ] GC(23) User=0.06s Sys=0.00s Real=0.05s
[2019-12-08T09:55:14.017+0000][1][safepoint    ] Leaving safepoint region
[2019-12-08T09:55:14.017+0000][1][safepoint    ] Total time for which application threads were stopped: 0.0484371 seconds, Stopping threads took: 0.0000229 seconds
[2019-12-08T09:55:14.314+0000][1][safepoint    ] Application time: 0.2969506 seconds
[2019-12-08T09:55:14.314+0000][1][safepoint    ] Entering safepoint region: RevokeBias
[2019-12-08T09:55:14.314+0000][1][safepoint    ] Leaving safepoint region
[2019-12-08T09:55:14.314+0000][1][safepoint    ] Total time for which application threads were stopped: 0.0001046 seconds, Stopping threads took: 0.0000218 seconds
[2019-12-08T09:55:14.643+0000][1][safepoint    ] Application time: 0.3290730 seconds
[2019-12-08T09:55:14.643+0000][1][safepoint    ] Entering safepoint region: RevokeBias
[2019-12-08T09:55:14.643+0000][1][safepoint    ] Leaving safepoint region
[2019-12-08T09:55:14.643+0000][1][safepoint    ] Total time for which application threads were stopped: 0.0001141 seconds, Stopping threads took: 0.0000247 seconds
[2019-12-08T09:55:14.643+0000][1][safepoint    ] Application time: 0.0002682 seconds
[2019-12-08T09:55:14.643+0000][1][safepoint    ] Entering safepoint region: BulkRevokeBias
[2019-12-08T09:55:14.644+0000][1][safepoint    ] Leaving safepoint region
[2019-12-08T09:55:14.644+0000][1][safepoint    ] Total time for which application threads were stopped: 0.0004033 seconds, Stopping threads took: 0.0000145 seconds
[2019-12-08T09:55:14.644+0000][1][safepoint    ] Application time: 0.0000699 seconds
[2019-12-08T09:55:14.644+0000][1][safepoint    ] Entering safepoint region: RevokeBias
[2019-12-08T09:55:14.644+0000][1][safepoint    ] Leaving safepoint region
[2019-12-08T09:55:14.644+0000][1][safepoint    ] Total time for which application threads were stopped: 0.0000646 seconds, Stopping threads took: 0.0000120 seconds
[2019-12-08T09:55:14.644+0000][1][safepoint    ] Application time: 0.0002150 seconds
[2019-12-08T09:55:14.644+0000][1][safepoint    ] Entering safepoint region: RevokeBias
[2019-12-08T09:55:14.644+0000][1][safepoint    ] Leaving safepoint region
[2019-12-08T09:55:14.644+0000][1][safepoint    ] Total time for which application threads were stopped: 0.0000665 seconds, Stopping threads took: 0.0000128 seconds
[2019-12-08T09:55:14.646+0000][1][safepoint    ] Application time: 0.0015366 seconds
[2019-12-08T09:55:14.646+0000][1][safepoint    ] Entering safepoint region: RevokeBias
[2019-12-08T09:55:14.646+0000][1][safepoint    ] Leaving safepoint region
[2019-12-08T09:55:14.646+0000][1][safepoint    ] Total time for which application threads were stopped: 0.0000693 seconds, Stopping threads took: 0.0000151 seconds
[2019-12-08T09:55:14.646+0000][1][safepoint    ] Application time: 0.0002696 seconds
[2019-12-08T09:55:14.646+0000][1][safepoint    ] Entering safepoint region: RevokeBias
[2019-12-08T09:55:14.646+0000][1][safepoint    ] Leaving safepoint region
[2019-12-08T09:55:14.646+0000][1][safepoint    ] Total time for which application threads were stopped: 0.0000608 seconds, Stopping threads took: 0.0000132 seconds
[2019-12-08T09:55:14.652+0000][1][safepoint    ] Application time: 0.0057565 seconds
[2019-12-08T09:55:14.652+0000][1][safepoint    ] Entering safepoint region: BulkRevokeBias
[2019-12-08T09:55:14.653+0000][1][safepoint    ] Leaving safepoint region
[2019-12-08T09:55:14.653+0000][1][safepoint    ] Total time for which application threads were stopped: 0.0004290 seconds, Stopping threads took: 0.0000142 seconds
[2019-12-08T09:55:14.714+0000][1][safepoint    ] Application time: 0.0617739 seconds
[2019-12-08T09:55:14.714+0000][1][safepoint    ] Entering safepoint region: Deoptimize
[2019-12-08T09:55:14.715+0000][1][safepoint    ] Leaving safepoint region
[2019-12-08T09:55:14.715+0000][1][safepoint    ] Total time for which application threads were stopped: 0.0007799 seconds, Stopping threads took: 0.0000201 seconds
[2019-12-08T09:55:14.817+0000][1][safepoint    ] Application time: 0.1016469 seconds
[2019-12-08T09:55:14.817+0000][1][safepoint    ] Entering safepoint region: RevokeBias
[2019-12-08T09:55:14.817+0000][1][safepoint    ] Leaving safepoint region
[2019-12-08T09:55:14.817+0000][1][safepoint    ] Total time for which application threads were stopped: 0.0001279 seconds, Stopping threads took: 0.0000211 seconds
[2019-12-08T09:55:14.817+0000][1][safepoint    ] Application time: 0.0002788 seconds
[2019-12-08T09:55:14.817+0000][1][safepoint    ] Entering safepoint region: RevokeBias
[2019-12-08T09:55:14.817+0000][1][safepoint    ] Leaving safepoint region
[2019-12-08T09:55:14.817+0000][1][safepoint    ] Total time for which application threads were stopped: 0.0000730 seconds, Stopping threads took: 0.0000133 seconds
[2019-12-08T09:55:14.935+0000][1][safepoint    ] Application time: 0.1172554 seconds
[2019-12-08T09:55:14.935+0000][1][safepoint    ] Entering safepoint region: RevokeBias
[2019-12-08T09:55:14.935+0000][1][safepoint    ] Leaving safepoint region
[2019-12-08T09:55:14.935+0000][1][safepoint    ] Total time for which application threads were stopped: 0.0001274 seconds, Stopping threads took: 0.0000200 seconds
[2019-12-08T09:55:14.936+0000][1][safepoint    ] Application time: 0.0009511 seconds
[2019-12-08T09:55:14.936+0000][1][safepoint    ] Entering safepoint region: RevokeBias
[2019-12-08T09:55:14.936+0000][1][safepoint    ] Leaving safepoint region
[2019-12-08T09:55:14.936+0000][1][safepoint    ] Total time for which application threads were stopped: 0.0000831 seconds, Stopping threads took: 0.0000176 seconds
[2019-12-08T09:55:15.936+0000][1][safepoint    ] Application time: 1.0000808 seconds
[2019-12-08T09:55:15.936+0000][1][safepoint    ] Entering safepoint region: Cleanup
[2019-12-08T09:55:15.936+0000][1][safepoint    ] Leaving safepoint region
[2019-12-08T09:55:15.936+0000][1][safepoint    ] Total time for which application threads were stopped: 0.0000768 seconds, Stopping threads took: 0.0000213 seconds
[2019-12-08T09:55:16.936+0000][1][safepoint    ] Application time: 1.0000770 seconds
[2019-12-08T09:55:16.936+0000][1][safepoint    ] Entering safepoint region: Cleanup
[2019-12-08T09:55:16.936+0000][1][safepoint    ] Leaving safepoint region
[2019-12-08T09:55:16.936+0000][1][safepoint    ] Total time for which application threads were stopped: 0.0000819 seconds, Stopping threads took: 0.0000184 seconds
[2019-12-08T09:55:17.936+0000][1][safepoint    ] Application time: 1.0000756 seconds
[2019-12-08T09:55:17.936+0000][1][safepoint    ] Entering safepoint region: Cleanup
[2019-12-08T09:55:17.936+0000][1][safepoint    ] Leaving safepoint region
[2019-12-08T09:55:17.936+0000][1][safepoint    ] Total time for which application threads were stopped: 0.0000792 seconds, Stopping threads took: 0.0000178 seconds
[2019-12-08T09:55:18.937+0000][1][safepoint    ] Application time: 1.0000771 seconds
[2019-12-08T09:55:18.937+0000][1][safepoint    ] Entering safepoint region: Cleanup
[2019-12-08T09:55:18.937+0000][1][safepoint    ] Leaving safepoint region
[2019-12-08T09:55:18.937+0000][1][safepoint    ] Total time for which application threads were stopped: 0.0000849 seconds, Stopping threads took: 0.0000173 seconds
[2019-12-08T09:55:19.937+0000][1][safepoint    ] Application time: 1.0000791 seconds
[2019-12-08T09:55:19.937+0000][1][safepoint    ] Entering safepoint region: Cleanup
[2019-12-08T09:55:19.937+0000][1][safepoint    ] Leaving safepoint region
[2019-12-08T09:55:19.937+0000][1][safepoint    ] Total time for which application threads were stopped: 0.0000735 seconds, Stopping threads took: 0.0000178 seconds
[2019-12-08T09:55:20.937+0000][1][safepoint    ] Application time: 1.0000754 seconds
[2019-12-08T09:55:20.937+0000][1][safepoint    ] Entering safepoint region: Cleanup
[2019-12-08T09:55:20.937+0000][1][safepoint    ] Leaving safepoint region
[2019-12-08T09:55:20.937+0000][1][safepoint    ] Total time for which application threads were stopped: 0.0000803 seconds, Stopping threads took: 0.0000151 seconds
[2019-12-08T09:55:21.937+0000][1][safepoint    ] Application time: 1.0000842 seconds
[2019-12-08T09:55:21.937+0000][1][safepoint    ] Entering safepoint region: Cleanup
[2019-12-08T09:55:21.937+0000][1][safepoint    ] Leaving safepoint region
[2019-12-08T09:55:21.937+0000][1][safepoint    ] Total time for which application threads were stopped: 0.0000893 seconds, Stopping threads took: 0.0000186 seconds
[2019-12-08T09:55:22.937+0000][1][safepoint    ] Application time: 1.0000778 seconds
[2019-12-08T09:55:22.937+0000][1][safepoint    ] Entering safepoint region: Cleanup
[2019-12-08T09:55:22.937+0000][1][safepoint    ] Leaving safepoint region
[2019-12-08T09:55:22.937+0000][1][safepoint    ] Total time for which application threads were stopped: 0.0000734 seconds, Stopping threads took: 0.0000169 seconds
[2019-12-08T09:55:23.937+0000][1][safepoint    ] Application time: 1.0000776 seconds
[2019-12-08T09:55:23.938+0000][1][safepoint    ] Entering safepoint region: Cleanup
[2019-12-08T09:55:23.938+0000][1][safepoint    ] Leaving safepoint region
[2019-12-08T09:55:23.938+0000][1][safepoint    ] Total time for which application threads were stopped: 0.0000911 seconds, Stopping threads took: 0.0000267 seconds
[2019-12-08T09:55:24.938+0000][1][safepoint    ] Application time: 1.0000767 seconds
[2019-12-08T09:55:24.938+0000][1][safepoint    ] Entering safepoint region: Cleanup
[2019-12-08T09:55:24.938+0000][1][safepoint    ] Leaving safepoint region
[2019-12-08T09:55:24.938+0000][1][safepoint    ] Total time for which application threads were stopped: 0.0000843 seconds, Stopping threads took: 0.0000228 seconds
[2019-12-08T09:55:25.938+0000][1][safepoint    ] Application time: 1.0000740 seconds
[2019-12-08T09:55:25.938+0000][1][safepoint    ] Entering safepoint region: Cleanup
[2019-12-08T09:55:25.938+0000][1][safepoint    ] Leaving safepoint region
[2019-12-08T09:55:25.938+0000][1][safepoint    ] Total time for which application threads were stopped: 0.0000738 seconds, Stopping threads took: 0.0000174 seconds
[2019-12-08T09:55:26.938+0000][1][safepoint    ] Application time: 1.0000743 seconds
[2019-12-08T09:55:26.938+0000][1][safepoint    ] Entering safepoint region: Cleanup
[2019-12-08T09:55:26.938+0000][1][safepoint    ] Leaving safepoint region
[2019-12-08T09:55:26.938+0000][1][safepoint    ] Total time for which application threads were stopped: 0.0000789 seconds, Stopping threads took: 0.0000173 seconds
[2019-12-08T09:55:27.938+0000][1][safepoint    ] Application time: 1.0000766 seconds
[2019-12-08T09:55:27.938+0000][1][safepoint    ] Entering safepoint region: Cleanup
[2019-12-08T09:55:27.938+0000][1][safepoint    ] Leaving safepoint region
[2019-12-08T09:55:27.938+0000][1][safepoint    ] Total time for which application threads were stopped: 0.0000874 seconds, Stopping threads took: 0.0000167 seconds
[2019-12-08T09:55:28.938+0000][1][safepoint    ] Application time: 1.0000777 seconds
[2019-12-08T09:55:28.939+0000][1][safepoint    ] Entering safepoint region: Cleanup
[2019-12-08T09:55:28.939+0000][1][safepoint    ] Leaving safepoint region
[2019-12-08T09:55:28.939+0000][1][safepoint    ] Total time for which application threads were stopped: 0.0000837 seconds, Stopping threads took: 0.0000186 seconds
[2019-12-08T09:55:29.939+0000][1][safepoint    ] Application time: 1.0000774 seconds
[2019-12-08T09:55:29.939+0000][1][safepoint    ] Entering safepoint region: Cleanup
[2019-12-08T09:55:29.939+0000][1][safepoint    ] Leaving safepoint region
[2019-12-08T09:55:29.939+0000][1][safepoint    ] Total time for which application threads were stopped: 0.0000810 seconds, Stopping threads took: 0.0000194 seconds
[2019-12-08T09:55:30.939+0000][1][safepoint    ] Application time: 1.0000764 seconds
[2019-12-08T09:55:30.939+0000][1][safepoint    ] Entering safepoint region: Cleanup
[2019-12-08T09:55:30.939+0000][1][safepoint    ] Leaving safepoint region
[2019-12-08T09:55:30.939+0000][1][safepoint    ] Total time for which application threads were stopped: 0.0000785 seconds, Stopping threads took: 0.0000176 seconds
[2019-12-08T09:55:31.939+0000][1][safepoint    ] Application time: 1.0000770 seconds
[2019-12-08T09:55:31.939+0000][1][safepoint    ] Entering safepoint region: Cleanup
[2019-12-08T09:55:31.939+0000][1][safepoint    ] Leaving safepoint region
[2019-12-08T09:55:31.939+0000][1][safepoint    ] Total time for which application threads were stopped: 0.0000764 seconds, Stopping threads took: 0.0000157 seconds
[2019-12-08T09:55:32.939+0000][1][safepoint    ] Application time: 1.0000770 seconds
[2019-12-08T09:55:32.939+0000][1][safepoint    ] Entering safepoint region: Cleanup
[2019-12-08T09:55:32.939+0000][1][safepoint    ] Leaving safepoint region
[2019-12-08T09:55:32.939+0000][1][safepoint    ] Total time for which application threads were stopped: 0.0000774 seconds, Stopping threads took: 0.0000186 seconds
[2019-12-08T09:55:33.939+0000][1][safepoint    ] Application time: 1.0000753 seconds
[2019-12-08T09:55:33.940+0000][1][safepoint    ] Entering safepoint region: Cleanup
[2019-12-08T09:55:33.940+0000][1][safepoint    ] Leaving safepoint region
[2019-12-08T09:55:33.940+0000][1][safepoint    ] Total time for which application threads were stopped: 0.0000866 seconds, Stopping threads took: 0.0000224 seconds
[2019-12-08T09:55:34.940+0000][1][safepoint    ] Application time: 1.0000756 seconds
[2019-12-08T09:55:34.940+0000][1][safepoint    ] Entering safepoint region: Cleanup
[2019-12-08T09:55:34.940+0000][1][safepoint    ] Leaving safepoint region
[2019-12-08T09:55:34.940+0000][1][safepoint    ] Total time for which application threads were stopped: 0.0000741 seconds, Stopping threads took: 0.0000164 seconds
[2019-12-08T09:55:35.940+0000][1][safepoint    ] Application time: 1.0000794 seconds
[2019-12-08T09:55:35.940+0000][1][safepoint    ] Entering safepoint region: Cleanup
[2019-12-08T09:55:35.940+0000][1][safepoint    ] Leaving safepoint region
[2019-12-08T09:55:35.940+0000][1][safepoint    ] Total time for which application threads were stopped: 0.0000840 seconds, Stopping threads took: 0.0000174 seconds
[2019-12-08T09:55:36.940+0000][1][safepoint    ] Application time: 1.0000779 seconds
[2019-12-08T09:55:36.940+0000][1][safepoint    ] Entering safepoint region: Cleanup
[2019-12-08T09:55:36.940+0000][1][safepoint    ] Leaving safepoint region
[2019-12-08T09:55:36.940+0000][1][safepoint    ] Total time for which application threads were stopped: 0.0000764 seconds, Stopping threads took: 0.0000160 seconds
[2019-12-08T09:55:37.940+0000][1][safepoint    ] Application time: 1.0000792 seconds
[2019-12-08T09:55:37.940+0000][1][safepoint    ] Entering safepoint region: Cleanup
[2019-12-08T09:55:37.940+0000][1][safepoint    ] Leaving safepoint region
[2019-12-08T09:55:37.940+0000][1][safepoint    ] Total time for which application threads were stopped: 0.0000777 seconds, Stopping threads took: 0.0000176 seconds
[2019-12-08T09:55:38.940+0000][1][safepoint    ] Application time: 1.0000745 seconds
[2019-12-08T09:55:38.941+0000][1][safepoint    ] Entering safepoint region: Cleanup
[2019-12-08T09:55:38.941+0000][1][safepoint    ] Leaving safepoint region
[2019-12-08T09:55:38.941+0000][1][safepoint    ] Total time for which application threads were stopped: 0.0000769 seconds, Stopping threads took: 0.0000164 seconds
[2019-12-08T09:55:39.941+0000][1][safepoint    ] Application time: 1.0000754 seconds
[2019-12-08T09:55:39.941+0000][1][safepoint    ] Entering safepoint region: Cleanup
[2019-12-08T09:55:39.941+0000][1][safepoint    ] Leaving safepoint region
[2019-12-08T09:55:39.941+0000][1][safepoint    ] Total time for which application threads were stopped: 0.0000841 seconds, Stopping threads took: 0.0000202 seconds
[2019-12-08T09:55:40.941+0000][1][safepoint    ] Application time: 1.0000761 seconds
[2019-12-08T09:55:40.941+0000][1][safepoint    ] Entering safepoint region: Cleanup
[2019-12-08T09:55:40.941+0000][1][safepoint    ] Leaving safepoint region
[2019-12-08T09:55:40.941+0000][1][safepoint    ] Total time for which application threads were stopped: 0.0000784 seconds, Stopping threads took: 0.0000159 seconds
[2019-12-08T09:55:41.941+0000][1][safepoint    ] Application time: 1.0000881 seconds
[2019-12-08T09:55:41.941+0000][1][safepoint    ] Entering safepoint region: Cleanup
[2019-12-08T09:55:41.941+0000][1][safepoint    ] Leaving safepoint region
[2019-12-08T09:55:41.941+0000][1][safepoint    ] Total time for which application threads were stopped: 0.0000715 seconds, Stopping threads took: 0.0000147 seconds
[2019-12-08T09:55:42.941+0000][1][safepoint    ] Application time: 1.0000767 seconds
[2019-12-08T09:55:42.941+0000][1][safepoint    ] Entering safepoint region: Cleanup
[2019-12-08T09:55:42.941+0000][1][safepoint    ] Leaving safepoint region
[2019-12-08T09:55:42.941+0000][1][safepoint    ] Total time for which application threads were stopped: 0.0000787 seconds, Stopping threads took: 0.0000166 seconds
[2019-12-08T09:55:43.941+0000][1][safepoint    ] Application time: 1.0000752 seconds
[2019-12-08T09:55:43.941+0000][1][safepoint    ] Entering safepoint region: Cleanup
[2019-12-08T09:55:43.942+0000][1][safepoint    ] Leaving safepoint region
[2019-12-08T09:55:43.942+0000][1][safepoint    ] Total time for which application threads were stopped: 0.0000868 seconds, Stopping threads took: 0.0000218 seconds
[2019-12-08T09:55:44.942+0000][1][safepoint    ] Application time: 1.0000768 seconds
[2019-12-08T09:55:44.942+0000][1][safepoint    ] Entering safepoint region: Cleanup
[2019-12-08T09:55:44.942+0000][1][safepoint    ] Leaving safepoint region
[2019-12-08T09:55:44.942+0000][1][safepoint    ] Total time for which application threads were stopped: 0.0000822 seconds, Stopping threads took: 0.0000249 seconds
[2019-12-08T09:55:45.942+0000][1][safepoint    ] Application time: 1.0000743 seconds
[2019-12-08T09:55:45.942+0000][1][safepoint    ] Entering safepoint region: Cleanup
[2019-12-08T09:55:45.942+0000][1][safepoint    ] Leaving safepoint region
[2019-12-08T09:55:45.942+0000][1][safepoint    ] Total time for which application threads were stopped: 0.0000759 seconds, Stopping threads took: 0.0000179 seconds
[2019-12-08T09:55:46.942+0000][1][safepoint    ] Application time: 1.0000769 seconds
[2019-12-08T09:55:46.942+0000][1][safepoint    ] Entering safepoint region: Cleanup
[2019-12-08T09:55:46.942+0000][1][safepoint    ] Leaving safepoint region
[2019-12-08T09:55:46.942+0000][1][safepoint    ] Total time for which application threads were stopped: 0.0000755 seconds, Stopping threads took: 0.0000165 seconds
[2019-12-08T09:55:47.942+0000][1][safepoint    ] Application time: 1.0000791 seconds
[2019-12-08T09:55:47.942+0000][1][safepoint    ] Entering safepoint region: Cleanup
[2019-12-08T09:55:47.942+0000][1][safepoint    ] Leaving safepoint region
[2019-12-08T09:55:47.942+0000][1][safepoint    ] Total time for which application threads were stopped: 0.0000719 seconds, Stopping threads took: 0.0000153 seconds
[2019-12-08T09:55:48.942+0000][1][safepoint    ] Application time: 1.0000763 seconds
[2019-12-08T09:55:48.942+0000][1][safepoint    ] Entering safepoint region: Cleanup
[2019-12-08T09:55:48.943+0000][1][safepoint    ] Leaving safepoint region
[2019-12-08T09:55:48.943+0000][1][safepoint    ] Total time for which application threads were stopped: 0.0000797 seconds, Stopping threads took: 0.0000166 seconds
[2019-12-08T09:55:49.943+0000][1][safepoint    ] Application time: 1.0000759 seconds
[2019-12-08T09:55:49.943+0000][1][safepoint    ] Entering safepoint region: Cleanup
[2019-12-08T09:55:49.943+0000][1][safepoint    ] Leaving safepoint region
[2019-12-08T09:55:49.943+0000][1][safepoint    ] Total time for which application threads were stopped: 0.0000834 seconds, Stopping threads took: 0.0000154 seconds
[2019-12-08T09:55:50.943+0000][1][safepoint    ] Application time: 1.0000750 seconds
[2019-12-08T09:55:50.943+0000][1][safepoint    ] Entering safepoint region: Cleanup
[2019-12-08T09:55:50.943+0000][1][safepoint    ] Leaving safepoint region
[2019-12-08T09:55:50.943+0000][1][safepoint    ] Total time for which application threads were stopped: 0.0000776 seconds, Stopping threads took: 0.0000171 seconds
[2019-12-08T09:55:51.943+0000][1][safepoint    ] Application time: 1.0000781 seconds
[2019-12-08T09:55:51.943+0000][1][safepoint    ] Entering safepoint region: Cleanup
[2019-12-08T09:55:51.943+0000][1][safepoint    ] Leaving safepoint region
[2019-12-08T09:55:51.943+0000][1][safepoint    ] Total time for which application threads were stopped: 0.0000791 seconds, Stopping threads took: 0.0000157 seconds
[2019-12-08T09:55:52.943+0000][1][safepoint    ] Application time: 1.0000752 seconds
[2019-12-08T09:55:52.943+0000][1][safepoint    ] Entering safepoint region: Cleanup
[2019-12-08T09:55:52.943+0000][1][safepoint    ] Leaving safepoint region
[2019-12-08T09:55:52.943+0000][1][safepoint    ] Total time for which application threads were stopped: 0.0000767 seconds, Stopping threads took: 0.0000156 seconds
[2019-12-08T09:55:53.943+0000][1][safepoint    ] Application time: 1.0000751 seconds
[2019-12-08T09:55:53.943+0000][1][safepoint    ] Entering safepoint region: Cleanup
[2019-12-08T09:55:53.943+0000][1][safepoint    ] Leaving safepoint region
[2019-12-08T09:55:53.943+0000][1][safepoint    ] Total time for which application threads were stopped: 0.0000862 seconds, Stopping threads took: 0.0000166 seconds
[2019-12-08T09:55:54.944+0000][1][safepoint    ] Application time: 1.0000754 seconds
[2019-12-08T09:55:54.944+0000][1][safepoint    ] Entering safepoint region: Cleanup
[2019-12-08T09:55:54.944+0000][1][safepoint    ] Leaving safepoint region
[2019-12-08T09:55:54.944+0000][1][safepoint    ] Total time for which application threads were stopped: 0.0000785 seconds, Stopping threads took: 0.0000169 seconds
[2019-12-08T09:55:55.944+0000][1][safepoint    ] Application time: 1.0000327 seconds
[2019-12-08T09:55:55.944+0000][1][safepoint    ] Entering safepoint region: Cleanup
[2019-12-08T09:55:55.944+0000][1][safepoint    ] Leaving safepoint region
[2019-12-08T09:55:55.944+0000][1][safepoint    ] Total time for which application threads were stopped: 0.0000720 seconds, Stopping threads took: 0.0000154 seconds
[2019-12-08T09:55:56.944+0000][1][safepoint    ] Application time: 1.0000774 seconds
[2019-12-08T09:55:56.944+0000][1][safepoint    ] Entering safepoint region: Cleanup
[2019-12-08T09:55:56.944+0000][1][safepoint    ] Leaving safepoint region
[2019-12-08T09:55:56.944+0000][1][safepoint    ] Total time for which application threads were stopped: 0.0000783 seconds, Stopping threads took: 0.0000171 seconds
[2019-12-08T09:55:57.944+0000][1][safepoint    ] Application time: 1.0000745 seconds
[2019-12-08T09:55:57.944+0000][1][safepoint    ] Entering safepoint region: Cleanup
[2019-12-08T09:55:57.944+0000][1][safepoint    ] Leaving safepoint region
[2019-12-08T09:55:57.944+0000][1][safepoint    ] Total time for which application threads were stopped: 0.0000737 seconds, Stopping threads took: 0.0000155 seconds
[2019-12-08T09:55:58.944+0000][1][safepoint    ] Application time: 1.0000758 seconds
[2019-12-08T09:55:58.944+0000][1][safepoint    ] Entering safepoint region: Cleanup
[2019-12-08T09:55:58.944+0000][1][safepoint    ] Leaving safepoint region
[2019-12-08T09:55:58.944+0000][1][safepoint    ] Total time for which application threads were stopped: 0.0000900 seconds, Stopping threads took: 0.0000158 seconds
[2019-12-08T09:55:59.944+0000][1][safepoint    ] Application time: 1.0000785 seconds
[2019-12-08T09:55:59.945+0000][1][safepoint    ] Entering safepoint region: Cleanup
[2019-12-08T09:55:59.945+0000][1][safepoint    ] Leaving safepoint region
[2019-12-08T09:55:59.945+0000][1][safepoint    ] Total time for which application threads were stopped: 0.0000816 seconds, Stopping threads took: 0.0000161 seconds
[2019-12-08T09:56:00.945+0000][1][safepoint    ] Application time: 1.0000770 seconds
[2019-12-08T09:56:00.945+0000][1][safepoint    ] Entering safepoint region: Cleanup
[2019-12-08T09:56:00.945+0000][1][safepoint    ] Leaving safepoint region
[2019-12-08T09:56:00.945+0000][1][safepoint    ] Total time for which application threads were stopped: 0.0000790 seconds, Stopping threads took: 0.0000173 seconds
[2019-12-08T09:56:01.945+0000][1][safepoint    ] Application time: 1.0000768 seconds
[2019-12-08T09:56:01.945+0000][1][safepoint    ] Entering safepoint region: Cleanup
[2019-12-08T09:56:01.945+0000][1][safepoint    ] Leaving safepoint region
[2019-12-08T09:56:01.945+0000][1][safepoint    ] Total time for which application threads were stopped: 0.0000797 seconds, Stopping threads took: 0.0000156 seconds
[2019-12-08T09:56:02.945+0000][1][safepoint    ] Application time: 1.0000817 seconds
[2019-12-08T09:56:02.945+0000][1][safepoint    ] Entering safepoint region: Cleanup
[2019-12-08T09:56:02.945+0000][1][safepoint    ] Leaving safepoint region
[2019-12-08T09:56:02.945+0000][1][safepoint    ] Total time for which application threads were stopped: 0.0000869 seconds, Stopping threads took: 0.0000194 seconds
[2019-12-08T09:56:03.945+0000][1][safepoint    ] Application time: 1.0000785 seconds
[2019-12-08T09:56:03.945+0000][1][safepoint    ] Entering safepoint region: Cleanup
[2019-12-08T09:56:03.945+0000][1][safepoint    ] Leaving safepoint region
[2019-12-08T09:56:03.945+0000][1][safepoint    ] Total time for which application threads were stopped: 0.0000920 seconds, Stopping threads took: 0.0000166 seconds
[2019-12-08T09:56:04.945+0000][1][safepoint    ] Application time: 1.0000748 seconds
[2019-12-08T09:56:04.946+0000][1][safepoint    ] Entering safepoint region: Cleanup
[2019-12-08T09:56:04.946+0000][1][safepoint    ] Leaving safepoint region
[2019-12-08T09:56:04.946+0000][1][safepoint    ] Total time for which application threads were stopped: 0.0000759 seconds, Stopping threads took: 0.0000158 seconds
[2019-12-08T09:56:05.946+0000][1][safepoint    ] Application time: 1.0000758 seconds
[2019-12-08T09:56:05.946+0000][1][safepoint    ] Entering safepoint region: Cleanup
[2019-12-08T09:56:05.946+0000][1][safepoint    ] Leaving safepoint region
[2019-12-08T09:56:05.946+0000][1][safepoint    ] Total time for which application threads were stopped: 0.0000736 seconds, Stopping threads took: 0.0000152 seconds
[2019-12-08T09:56:06.946+0000][1][safepoint    ] Application time: 1.0000757 seconds
[2019-12-08T09:56:06.946+0000][1][safepoint    ] Entering safepoint region: Cleanup
[2019-12-08T09:56:06.946+0000][1][safepoint    ] Leaving safepoint region
[2019-12-08T09:56:06.946+0000][1][safepoint    ] Total time for which application threads were stopped: 0.0000751 seconds, Stopping threads took: 0.0000175 seconds
[2019-12-08T09:56:07.946+0000][1][safepoint    ] Application time: 1.0000758 seconds
[2019-12-08T09:56:07.946+0000][1][safepoint    ] Entering safepoint region: Cleanup
[2019-12-08T09:56:07.946+0000][1][safepoint    ] Leaving safepoint region
[2019-12-08T09:56:07.946+0000][1][safepoint    ] Total time for which application threads were stopped: 0.0000742 seconds, Stopping threads took: 0.0000157 seconds
[2019-12-08T09:56:08.946+0000][1][safepoint    ] Application time: 1.0000756 seconds
[2019-12-08T09:56:08.946+0000][1][safepoint    ] Entering safepoint region: Cleanup
[2019-12-08T09:56:08.946+0000][1][safepoint    ] Leaving safepoint region
[2019-12-08T09:56:08.946+0000][1][safepoint    ] Total time for which application threads were stopped: 0.0000753 seconds, Stopping threads took: 0.0000155 seconds
[2019-12-08T09:56:11.947+0000][1][safepoint    ] Application time: 3.0002059 seconds
[2019-12-08T09:56:11.947+0000][1][safepoint    ] Entering safepoint region: Cleanup
[2019-12-08T09:56:11.947+0000][1][safepoint    ] Leaving safepoint region
[2019-12-08T09:56:11.947+0000][1][safepoint    ] Total time for which application threads were stopped: 0.0000748 seconds, Stopping threads took: 0.0000154 seconds
[2019-12-08T09:56:12.947+0000][1][safepoint    ] Application time: 1.0000862 seconds
[2019-12-08T09:56:12.947+0000][1][safepoint    ] Entering safepoint region: Cleanup
[2019-12-08T09:56:12.947+0000][1][safepoint    ] Leaving safepoint region
[2019-12-08T09:56:12.947+0000][1][safepoint    ] Total time for which application threads were stopped: 0.0000797 seconds, Stopping threads took: 0.0000164 seconds
[2019-12-08T09:56:17.947+0000][1][safepoint    ] Application time: 5.0003396 seconds
[2019-12-08T09:56:17.947+0000][1][safepoint    ] Entering safepoint region: Cleanup
[2019-12-08T09:56:17.947+0000][1][safepoint    ] Leaving safepoint region
[2019-12-08T09:56:17.947+0000][1][safepoint    ] Total time for which application threads were stopped: 0.0000775 seconds, Stopping threads took: 0.0000159 seconds
[2019-12-08T09:56:18.947+0000][1][safepoint    ] Application time: 1.0000755 seconds
[2019-12-08T09:56:18.947+0000][1][safepoint    ] Entering safepoint region: Cleanup
[2019-12-08T09:56:18.948+0000][1][safepoint    ] Leaving safepoint region
[2019-12-08T09:56:18.948+0000][1][safepoint    ] Total time for which application threads were stopped: 0.0000822 seconds, Stopping threads took: 0.0000169 seconds
[2019-12-08T09:56:19.948+0000][1][safepoint    ] Application time: 1.0000743 seconds
[2019-12-08T09:56:19.948+0000][1][safepoint    ] Entering safepoint region: Cleanup
[2019-12-08T09:56:19.948+0000][1][safepoint    ] Leaving safepoint region
[2019-12-08T09:56:19.948+0000][1][safepoint    ] Total time for which application threads were stopped: 0.0000901 seconds, Stopping threads took: 0.0000147 seconds
[2019-12-08T09:56:20.948+0000][1][safepoint    ] Application time: 1.0000743 seconds
[2019-12-08T09:56:20.948+0000][1][safepoint    ] Entering safepoint region: Cleanup
[2019-12-08T09:56:20.948+0000][1][safepoint    ] Leaving safepoint region
[2019-12-08T09:56:20.948+0000][1][safepoint    ] Total time for which application threads were stopped: 0.0000728 seconds, Stopping threads took: 0.0000155 seconds
[2019-12-08T09:56:21.948+0000][1][safepoint    ] Application time: 1.0000759 seconds
[2019-12-08T09:56:21.948+0000][1][safepoint    ] Entering safepoint region: Cleanup
[2019-12-08T09:56:21.948+0000][1][safepoint    ] Leaving safepoint region
[2019-12-08T09:56:21.948+0000][1][safepoint    ] Total time for which application threads were stopped: 0.0000744 seconds, Stopping threads took: 0.0000170 seconds
[2019-12-08T09:56:23.948+0000][1][safepoint    ] Application time: 2.0001490 seconds
[2019-12-08T09:56:23.948+0000][1][safepoint    ] Entering safepoint region: Cleanup
[2019-12-08T09:56:23.948+0000][1][safepoint    ] Leaving safepoint region
[2019-12-08T09:56:23.948+0000][1][safepoint    ] Total time for which application threads were stopped: 0.0000783 seconds, Stopping threads took: 0.0000160 seconds
[2019-12-08T09:56:24.948+0000][1][safepoint    ] Application time: 1.0000827 seconds
[2019-12-08T09:56:24.948+0000][1][safepoint    ] Entering safepoint region: Cleanup
[2019-12-08T09:56:24.949+0000][1][safepoint    ] Leaving safepoint region
[2019-12-08T09:56:24.949+0000][1][safepoint    ] Total time for which application threads were stopped: 0.0000774 seconds, Stopping threads took: 0.0000154 seconds
[2019-12-08T09:56:25.949+0000][1][safepoint    ] Application time: 1.0000767 seconds
[2019-12-08T09:56:25.949+0000][1][safepoint    ] Entering safepoint region: Cleanup
[2019-12-08T09:56:25.949+0000][1][safepoint    ] Leaving safepoint region
[2019-12-08T09:56:25.949+0000][1][safepoint    ] Total time for which application threads were stopped: 0.0000925 seconds, Stopping threads took: 0.0000358 seconds
[2019-12-08T09:56:26.949+0000][1][safepoint    ] Application time: 1.0000781 seconds
[2019-12-08T09:56:26.949+0000][1][safepoint    ] Entering safepoint region: Cleanup
[2019-12-08T09:56:26.949+0000][1][safepoint    ] Leaving safepoint region
[2019-12-08T09:56:26.949+0000][1][safepoint    ] Total time for which application threads were stopped: 0.0000759 seconds, Stopping threads took: 0.0000171 seconds
[2019-12-08T09:56:27.949+0000][1][safepoint    ] Application time: 1.0000752 seconds
[2019-12-08T09:56:27.949+0000][1][safepoint    ] Entering safepoint region: Cleanup
[2019-12-08T09:56:27.949+0000][1][safepoint    ] Leaving safepoint region
[2019-12-08T09:56:27.949+0000][1][safepoint    ] Total time for which application threads were stopped: 0.0000768 seconds, Stopping threads took: 0.0000178 seconds
[2019-12-08T09:56:28.949+0000][1][safepoint    ] Application time: 1.0000790 seconds
[2019-12-08T09:56:28.949+0000][1][safepoint    ] Entering safepoint region: Cleanup
[2019-12-08T09:56:28.949+0000][1][safepoint    ] Leaving safepoint region
[2019-12-08T09:56:28.949+0000][1][safepoint    ] Total time for which application threads were stopped: 0.0000760 seconds, Stopping threads took: 0.0000167 seconds
[2019-12-08T09:56:29.949+0000][1][safepoint    ] Application time: 1.0000777 seconds
[2019-12-08T09:56:29.949+0000][1][safepoint    ] Entering safepoint region: Cleanup
[2019-12-08T09:56:29.950+0000][1][safepoint    ] Leaving safepoint region
[2019-12-08T09:56:29.950+0000][1][safepoint    ] Total time for which application threads were stopped: 0.0000739 seconds, Stopping threads took: 0.0000155 seconds
[2019-12-08T09:56:30.950+0000][1][safepoint    ] Application time: 1.0000754 seconds
[2019-12-08T09:56:30.950+0000][1][safepoint    ] Entering safepoint region: Cleanup
[2019-12-08T09:56:30.950+0000][1][safepoint    ] Leaving safepoint region
[2019-12-08T09:56:30.950+0000][1][safepoint    ] Total time for which application threads were stopped: 0.0000848 seconds, Stopping threads took: 0.0000158 seconds
[2019-12-08T09:56:31.950+0000][1][safepoint    ] Application time: 1.0000752 seconds
[2019-12-08T09:56:31.950+0000][1][safepoint    ] Entering safepoint region: Cleanup
[2019-12-08T09:56:31.950+0000][1][safepoint    ] Leaving safepoint region
[2019-12-08T09:56:31.950+0000][1][safepoint    ] Total time for which application threads were stopped: 0.0000971 seconds, Stopping threads took: 0.0000236 seconds
[2019-12-08T09:56:33.578+0000][1][safepoint    ] Application time: 1.6278742 seconds
[2019-12-08T09:56:33.578+0000][1][safepoint    ] Entering safepoint region: GenCollectForAllocation
[2019-12-08T09:56:33.578+0000][1][gc,start     ] GC(24) Pause Young (Allocation Failure)
[2019-12-08T09:56:33.578+0000][1][gc,task      ] GC(24) Using 4 workers of 4 for evacuation
[2019-12-08T09:56:33.586+0000][1][gc,age       ] GC(24) Desired survivor size 4456448 bytes, new threshold 6 (max threshold 6)
[2019-12-08T09:56:33.586+0000][1][gc,age       ] GC(24) Age table with threshold 6 (max threshold 6)
[2019-12-08T09:56:33.586+0000][1][gc,age       ] GC(24) - age   1:     611064 bytes,     611064 total
[2019-12-08T09:56:33.586+0000][1][gc,age       ] GC(24) - age   2:    1051192 bytes,    1662256 total
[2019-12-08T09:56:33.586+0000][1][gc,heap      ] GC(24) ParNew: 78000K->3276K(78656K)
[2019-12-08T09:56:33.586+0000][1][gc,heap      ] GC(24) CMS: 66097K->69431K(174784K)
[2019-12-08T09:56:33.586+0000][1][gc,metaspace ] GC(24) Metaspace: 68585K->68585K(1112064K)
[2019-12-08T09:56:33.586+0000][1][gc           ] GC(24) Pause Young (Allocation Failure) 140M->71M(247M) 8.394ms
[2019-12-08T09:56:33.586+0000][1][gc,cpu       ] GC(24) User=0.03s Sys=0.00s Real=0.01s
[2019-12-08T09:56:33.586+0000][1][safepoint    ] Leaving safepoint region
[2019-12-08T09:56:33.586+0000][1][safepoint    ] Total time for which application threads were stopped: 0.0085464 seconds, Stopping threads took: 0.0000225 seconds
[2019-12-08T09:56:41.587+0000][1][safepoint    ] Application time: 8.0005848 seconds
[2019-12-08T09:56:41.587+0000][1][safepoint    ] Entering safepoint region: Cleanup
[2019-12-08T09:56:41.587+0000][1][safepoint    ] Leaving safepoint region
[2019-12-08T09:56:41.587+0000][1][safepoint    ] Total time for which application threads were stopped: 0.0000799 seconds, Stopping threads took: 0.0000176 seconds
[2019-12-08T09:56:42.587+0000][1][safepoint    ] Application time: 1.0000874 seconds
[2019-12-08T09:56:42.587+0000][1][safepoint    ] Entering safepoint region: Cleanup
[2019-12-08T09:56:42.587+0000][1][safepoint    ] Leaving safepoint region
[2019-12-08T09:56:42.587+0000][1][safepoint    ] Total time for which application threads were stopped: 0.0000825 seconds, Stopping threads took: 0.0000180 seconds
[2019-12-08T09:56:43.587+0000][1][safepoint    ] Application time: 1.0000805 seconds
[2019-12-08T09:56:43.587+0000][1][safepoint    ] Entering safepoint region: Cleanup
[2019-12-08T09:56:43.588+0000][1][safepoint    ] Leaving safepoint region
[2019-12-08T09:56:43.588+0000][1][safepoint    ] Total time for which application threads were stopped: 0.0000876 seconds, Stopping threads took: 0.0000198 seconds
[2019-12-08T09:56:46.588+0000][1][safepoint    ] Application time: 3.0002115 seconds
[2019-12-08T09:56:46.588+0000][1][safepoint    ] Entering safepoint region: Cleanup
[2019-12-08T09:56:46.588+0000][1][safepoint    ] Leaving safepoint region
[2019-12-08T09:56:46.588+0000][1][safepoint    ] Total time for which application threads were stopped: 0.0000830 seconds, Stopping threads took: 0.0000181 seconds
[2019-12-08T09:56:51.588+0000][1][safepoint    ] Application time: 5.0003067 seconds
[2019-12-08T09:56:51.588+0000][1][safepoint    ] Entering safepoint region: Cleanup
[2019-12-08T09:56:51.588+0000][1][safepoint    ] Leaving safepoint region
[2019-12-08T09:56:51.588+0000][1][safepoint    ] Total time for which application threads were stopped: 0.0000819 seconds, Stopping threads took: 0.0000188 seconds
[2019-12-08T09:56:53.588+0000][1][safepoint    ] Application time: 2.0001586 seconds
[2019-12-08T09:56:53.588+0000][1][safepoint    ] Entering safepoint region: Cleanup
[2019-12-08T09:56:53.589+0000][1][safepoint    ] Leaving safepoint region
[2019-12-08T09:56:53.589+0000][1][safepoint    ] Total time for which application threads were stopped: 0.0000864 seconds, Stopping threads took: 0.0000202 seconds
[2019-12-08T09:56:54.589+0000][1][safepoint    ] Application time: 1.0000823 seconds
[2019-12-08T09:56:54.589+0000][1][safepoint    ] Entering safepoint region: Cleanup
[2019-12-08T09:56:54.589+0000][1][safepoint    ] Leaving safepoint region
[2019-12-08T09:56:54.589+0000][1][safepoint    ] Total time for which application threads were stopped: 0.0000780 seconds, Stopping threads took: 0.0000181 seconds
[2019-12-08T09:56:55.589+0000][1][safepoint    ] Application time: 1.0000809 seconds
[2019-12-08T09:56:55.589+0000][1][safepoint    ] Entering safepoint region: Cleanup
[2019-12-08T09:56:55.589+0000][1][safepoint    ] Leaving safepoint region
[2019-12-08T09:56:55.589+0000][1][safepoint    ] Total time for which application threads were stopped: 0.0000779 seconds, Stopping threads took: 0.0000197 seconds
[2019-12-08T09:56:56.589+0000][1][safepoint    ] Application time: 1.0000831 seconds
[2019-12-08T09:56:56.589+0000][1][safepoint    ] Entering safepoint region: Cleanup
[2019-12-08T09:56:56.589+0000][1][safepoint    ] Leaving safepoint region
[2019-12-08T09:56:56.589+0000][1][safepoint    ] Total time for which application threads were stopped: 0.0000778 seconds, Stopping threads took: 0.0000187 seconds
[2019-12-08T09:56:57.589+0000][1][safepoint    ] Application time: 1.0000799 seconds
[2019-12-08T09:56:57.589+0000][1][safepoint    ] Entering safepoint region: Cleanup
[2019-12-08T09:56:57.589+0000][1][safepoint    ] Leaving safepoint region
[2019-12-08T09:56:57.589+0000][1][safepoint    ] Total time for which application threads were stopped: 0.0000764 seconds, Stopping threads took: 0.0000192 seconds
[2019-12-08T09:56:58.589+0000][1][safepoint    ] Application time: 1.0000780 seconds
[2019-12-08T09:56:58.589+0000][1][safepoint    ] Entering safepoint region: Cleanup
[2019-12-08T09:56:58.590+0000][1][safepoint    ] Leaving safepoint region
[2019-12-08T09:56:58.590+0000][1][safepoint    ] Total time for which application threads were stopped: 0.0000789 seconds, Stopping threads took: 0.0000193 seconds
[2019-12-08T09:56:59.590+0000][1][safepoint    ] Application time: 1.0000835 seconds
[2019-12-08T09:56:59.590+0000][1][safepoint    ] Entering safepoint region: Cleanup
[2019-12-08T09:56:59.590+0000][1][safepoint    ] Leaving safepoint region
[2019-12-08T09:56:59.590+0000][1][safepoint    ] Total time for which application threads were stopped: 0.0000839 seconds, Stopping threads took: 0.0000190 seconds
[2019-12-08T09:57:00.590+0000][1][safepoint    ] Application time: 1.0000802 seconds
[2019-12-08T09:57:00.590+0000][1][safepoint    ] Entering safepoint region: Cleanup
[2019-12-08T09:57:00.590+0000][1][safepoint    ] Leaving safepoint region
[2019-12-08T09:57:00.590+0000][1][safepoint    ] Total time for which application threads were stopped: 0.0000761 seconds, Stopping threads took: 0.0000180 seconds
[2019-12-08T09:57:01.590+0000][1][safepoint    ] Application time: 1.0000922 seconds
[2019-12-08T09:57:01.590+0000][1][safepoint    ] Entering safepoint region: Cleanup
[2019-12-08T09:57:01.590+0000][1][safepoint    ] Leaving safepoint region
[2019-12-08T09:57:01.590+0000][1][safepoint    ] Total time for which application threads were stopped: 0.0000773 seconds, Stopping threads took: 0.0000189 seconds
[2019-12-08T09:57:02.590+0000][1][safepoint    ] Application time: 1.0000813 seconds
[2019-12-08T09:57:02.590+0000][1][safepoint    ] Entering safepoint region: Cleanup
[2019-12-08T09:57:02.590+0000][1][safepoint    ] Leaving safepoint region
[2019-12-08T09:57:02.590+0000][1][safepoint    ] Total time for which application threads were stopped: 0.0000798 seconds, Stopping threads took: 0.0000191 seconds
[2019-12-08T09:57:03.590+0000][1][safepoint    ] Application time: 1.0000819 seconds
[2019-12-08T09:57:03.591+0000][1][safepoint    ] Entering safepoint region: Cleanup
[2019-12-08T09:57:03.591+0000][1][safepoint    ] Leaving safepoint region
[2019-12-08T09:57:03.591+0000][1][safepoint    ] Total time for which application threads were stopped: 0.0000874 seconds, Stopping threads took: 0.0000202 seconds
[2019-12-08T09:57:04.591+0000][1][safepoint    ] Application time: 1.0000757 seconds
[2019-12-08T09:57:04.591+0000][1][safepoint    ] Entering safepoint region: Cleanup
[2019-12-08T09:57:04.591+0000][1][safepoint    ] Leaving safepoint region
[2019-12-08T09:57:04.591+0000][1][safepoint    ] Total time for which application threads were stopped: 0.0000775 seconds, Stopping threads took: 0.0000175 seconds
[2019-12-08T09:57:05.591+0000][1][safepoint    ] Application time: 1.0000834 seconds
[2019-12-08T09:57:05.591+0000][1][safepoint    ] Entering safepoint region: Cleanup
[2019-12-08T09:57:05.591+0000][1][safepoint    ] Leaving safepoint region
[2019-12-08T09:57:05.591+0000][1][safepoint    ] Total time for which application threads were stopped: 0.0000805 seconds, Stopping threads took: 0.0000197 seconds
[2019-12-08T09:57:06.591+0000][1][safepoint    ] Application time: 1.0000821 seconds
[2019-12-08T09:57:06.591+0000][1][safepoint    ] Entering safepoint region: Cleanup
[2019-12-08T09:57:06.591+0000][1][safepoint    ] Leaving safepoint region
[2019-12-08T09:57:06.591+0000][1][safepoint    ] Total time for which application threads were stopped: 0.0000764 seconds, Stopping threads took: 0.0000171 seconds
[2019-12-08T09:57:07.591+0000][1][safepoint    ] Application time: 1.0000827 seconds
[2019-12-08T09:57:07.591+0000][1][safepoint    ] Entering safepoint region: Cleanup
[2019-12-08T09:57:07.591+0000][1][safepoint    ] Leaving safepoint region
[2019-12-08T09:57:07.591+0000][1][safepoint    ] Total time for which application threads were stopped: 0.0000840 seconds, Stopping threads took: 0.0000183 seconds
[2019-12-08T09:57:08.592+0000][1][safepoint    ] Application time: 1.0000857 seconds
[2019-12-08T09:57:08.592+0000][1][safepoint    ] Entering safepoint region: Cleanup
[2019-12-08T09:57:08.592+0000][1][safepoint    ] Leaving safepoint region
[2019-12-08T09:57:08.592+0000][1][safepoint    ] Total time for which application threads were stopped: 0.0000872 seconds, Stopping threads took: 0.0000190 seconds
[2019-12-08T09:57:09.592+0000][1][safepoint    ] Application time: 1.0000819 seconds
[2019-12-08T09:57:09.592+0000][1][safepoint    ] Entering safepoint region: Cleanup
[2019-12-08T09:57:09.592+0000][1][safepoint    ] Leaving safepoint region
[2019-12-08T09:57:09.592+0000][1][safepoint    ] Total time for which application threads were stopped: 0.0000878 seconds, Stopping threads took: 0.0000183 seconds
[2019-12-08T09:57:10.592+0000][1][safepoint    ] Application time: 1.0000770 seconds
[2019-12-08T09:57:10.592+0000][1][safepoint    ] Entering safepoint region: Cleanup
[2019-12-08T09:57:10.592+0000][1][safepoint    ] Leaving safepoint region
[2019-12-08T09:57:10.592+0000][1][safepoint    ] Total time for which application threads were stopped: 0.0000785 seconds, Stopping threads took: 0.0000181 seconds
[2019-12-08T09:57:11.592+0000][1][safepoint    ] Application time: 1.0000806 seconds
[2019-12-08T09:57:11.592+0000][1][safepoint    ] Entering safepoint region: Cleanup
[2019-12-08T09:57:11.592+0000][1][safepoint    ] Leaving safepoint region
[2019-12-08T09:57:11.592+0000][1][safepoint    ] Total time for which application threads were stopped: 0.0000814 seconds, Stopping threads took: 0.0000189 seconds
[2019-12-08T09:57:12.592+0000][1][safepoint    ] Application time: 1.0000807 seconds
[2019-12-08T09:57:12.592+0000][1][safepoint    ] Entering safepoint region: Cleanup
[2019-12-08T09:57:12.592+0000][1][safepoint    ] Leaving safepoint region
[2019-12-08T09:57:12.592+0000][1][safepoint    ] Total time for which application threads were stopped: 0.0000909 seconds, Stopping threads took: 0.0000233 seconds
[2019-12-08T09:57:13.593+0000][1][safepoint    ] Application time: 1.0000781 seconds
[2019-12-08T09:57:13.593+0000][1][safepoint    ] Entering safepoint region: Cleanup
[2019-12-08T09:57:13.593+0000][1][safepoint    ] Leaving safepoint region
[2019-12-08T09:57:13.593+0000][1][safepoint    ] Total time for which application threads were stopped: 0.0000947 seconds, Stopping threads took: 0.0000193 seconds
[2019-12-08T09:57:14.593+0000][1][safepoint    ] Application time: 1.0000770 seconds
[2019-12-08T09:57:14.593+0000][1][safepoint    ] Entering safepoint region: Cleanup
[2019-12-08T09:57:14.593+0000][1][safepoint    ] Leaving safepoint region
[2019-12-08T09:57:14.593+0000][1][safepoint    ] Total time for which application threads were stopped: 0.0000825 seconds, Stopping threads took: 0.0000181 seconds
[2019-12-08T09:57:15.593+0000][1][safepoint    ] Application time: 1.0000815 seconds
[2019-12-08T09:57:15.593+0000][1][safepoint    ] Entering safepoint region: Cleanup
[2019-12-08T09:57:15.593+0000][1][safepoint    ] Leaving safepoint region
[2019-12-08T09:57:15.593+0000][1][safepoint    ] Total time for which application threads were stopped: 0.0000974 seconds, Stopping threads took: 0.0000209 seconds
[2019-12-08T09:57:16.593+0000][1][safepoint    ] Application time: 1.0000766 seconds
[2019-12-08T09:57:16.593+0000][1][safepoint    ] Entering safepoint region: Cleanup
[2019-12-08T09:57:16.593+0000][1][safepoint    ] Leaving safepoint region
[2019-12-08T09:57:16.593+0000][1][safepoint    ] Total time for which application threads were stopped: 0.0000794 seconds, Stopping threads took: 0.0000197 seconds
[2019-12-08T09:57:17.593+0000][1][safepoint    ] Application time: 1.0000748 seconds
[2019-12-08T09:57:17.593+0000][1][safepoint    ] Entering safepoint region: Cleanup
[2019-12-08T09:57:17.594+0000][1][safepoint    ] Leaving safepoint region
[2019-12-08T09:57:17.594+0000][1][safepoint    ] Total time for which application threads were stopped: 0.0000805 seconds, Stopping threads took: 0.0000183 seconds
[2019-12-08T09:57:18.594+0000][1][safepoint    ] Application time: 1.0000862 seconds
[2019-12-08T09:57:18.594+0000][1][safepoint    ] Entering safepoint region: Cleanup
[2019-12-08T09:57:18.594+0000][1][safepoint    ] Leaving safepoint region
[2019-12-08T09:57:18.594+0000][1][safepoint    ] Total time for which application threads were stopped: 0.0001067 seconds, Stopping threads took: 0.0000408 seconds
[2019-12-08T09:57:19.594+0000][1][safepoint    ] Application time: 1.0000792 seconds
[2019-12-08T09:57:19.594+0000][1][safepoint    ] Entering safepoint region: Cleanup
[2019-12-08T09:57:19.594+0000][1][safepoint    ] Leaving safepoint region
[2019-12-08T09:57:19.594+0000][1][safepoint    ] Total time for which application threads were stopped: 0.0000839 seconds, Stopping threads took: 0.0000187 seconds
[2019-12-08T09:57:20.594+0000][1][safepoint    ] Application time: 1.0000839 seconds
[2019-12-08T09:57:20.594+0000][1][safepoint    ] Entering safepoint region: Cleanup
[2019-12-08T09:57:20.594+0000][1][safepoint    ] Leaving safepoint region
[2019-12-08T09:57:20.594+0000][1][safepoint    ] Total time for which application threads were stopped: 0.0000779 seconds, Stopping threads took: 0.0000191 seconds
[2019-12-08T09:57:21.594+0000][1][safepoint    ] Application time: 1.0000860 seconds
[2019-12-08T09:57:21.594+0000][1][safepoint    ] Entering safepoint region: Cleanup
[2019-12-08T09:57:21.594+0000][1][safepoint    ] Leaving safepoint region
[2019-12-08T09:57:21.594+0000][1][safepoint    ] Total time for which application threads were stopped: 0.0000788 seconds, Stopping threads took: 0.0000189 seconds
[2019-12-08T09:57:22.594+0000][1][safepoint    ] Application time: 1.0000787 seconds
[2019-12-08T09:57:22.595+0000][1][safepoint    ] Entering safepoint region: Cleanup
[2019-12-08T09:57:22.595+0000][1][safepoint    ] Leaving safepoint region
[2019-12-08T09:57:22.595+0000][1][safepoint    ] Total time for which application threads were stopped: 0.0000792 seconds, Stopping threads took: 0.0000191 seconds
[2019-12-08T09:57:23.595+0000][1][safepoint    ] Application time: 1.0000912 seconds
[2019-12-08T09:57:23.595+0000][1][safepoint    ] Entering safepoint region: Cleanup
[2019-12-08T09:57:23.595+0000][1][safepoint    ] Leaving safepoint region
[2019-12-08T09:57:23.595+0000][1][safepoint    ] Total time for which application threads were stopped: 0.0000814 seconds, Stopping threads took: 0.0000189 seconds
[2019-12-08T09:57:24.595+0000][1][safepoint    ] Application time: 1.0000799 seconds
[2019-12-08T09:57:24.595+0000][1][safepoint    ] Entering safepoint region: Cleanup
[2019-12-08T09:57:24.595+0000][1][safepoint    ] Leaving safepoint region
[2019-12-08T09:57:24.595+0000][1][safepoint    ] Total time for which application threads were stopped: 0.0000782 seconds, Stopping threads took: 0.0000188 seconds
[2019-12-08T09:57:25.595+0000][1][safepoint    ] Application time: 1.0000759 seconds
[2019-12-08T09:57:25.595+0000][1][safepoint    ] Entering safepoint region: Cleanup
[2019-12-08T09:57:25.595+0000][1][safepoint    ] Leaving safepoint region
[2019-12-08T09:57:25.595+0000][1][safepoint    ] Total time for which application threads were stopped: 0.0000906 seconds, Stopping threads took: 0.0000288 seconds
[2019-12-08T09:57:26.595+0000][1][safepoint    ] Application time: 1.0000795 seconds
[2019-12-08T09:57:26.595+0000][1][safepoint    ] Entering safepoint region: Cleanup
[2019-12-08T09:57:26.595+0000][1][safepoint    ] Leaving safepoint region
[2019-12-08T09:57:26.595+0000][1][safepoint    ] Total time for which application threads were stopped: 0.0000800 seconds, Stopping threads took: 0.0000201 seconds
[2019-12-08T09:57:27.596+0000][1][safepoint    ] Application time: 1.0000894 seconds
[2019-12-08T09:57:27.596+0000][1][safepoint    ] Entering safepoint region: Cleanup
[2019-12-08T09:57:27.596+0000][1][safepoint    ] Leaving safepoint region
[2019-12-08T09:57:27.596+0000][1][safepoint    ] Total time for which application threads were stopped: 0.0000790 seconds, Stopping threads took: 0.0000188 seconds
[2019-12-08T09:57:28.596+0000][1][safepoint    ] Application time: 1.0000597 seconds
[2019-12-08T09:57:28.596+0000][1][safepoint    ] Entering safepoint region: Cleanup
[2019-12-08T09:57:28.596+0000][1][safepoint    ] Leaving safepoint region
[2019-12-08T09:57:28.596+0000][1][safepoint    ] Total time for which application threads were stopped: 0.0001176 seconds, Stopping threads took: 0.0000283 seconds
[2019-12-08T09:57:29.596+0000][1][safepoint    ] Application time: 1.0000863 seconds
[2019-12-08T09:57:29.596+0000][1][safepoint    ] Entering safepoint region: Cleanup
[2019-12-08T09:57:29.596+0000][1][safepoint    ] Leaving safepoint region
[2019-12-08T09:57:29.596+0000][1][safepoint    ] Total time for which application threads were stopped: 0.0000798 seconds, Stopping threads took: 0.0000192 seconds
[2019-12-08T09:57:30.596+0000][1][safepoint    ] Application time: 1.0000766 seconds
[2019-12-08T09:57:30.596+0000][1][safepoint    ] Entering safepoint region: Cleanup
[2019-12-08T09:57:30.596+0000][1][safepoint    ] Leaving safepoint region
[2019-12-08T09:57:30.596+0000][1][safepoint    ] Total time for which application threads were stopped: 0.0000851 seconds, Stopping threads took: 0.0000179 seconds
[2019-12-08T09:57:31.596+0000][1][safepoint    ] Application time: 1.0000781 seconds
[2019-12-08T09:57:31.596+0000][1][safepoint    ] Entering safepoint region: Cleanup
[2019-12-08T09:57:31.596+0000][1][safepoint    ] Leaving safepoint region
[2019-12-08T09:57:31.596+0000][1][safepoint    ] Total time for which application threads were stopped: 0.0000777 seconds, Stopping threads took: 0.0000182 seconds
[2019-12-08T09:57:32.597+0000][1][safepoint    ] Application time: 1.0000824 seconds
[2019-12-08T09:57:32.597+0000][1][safepoint    ] Entering safepoint region: Cleanup
[2019-12-08T09:57:32.597+0000][1][safepoint    ] Leaving safepoint region
[2019-12-08T09:57:32.597+0000][1][safepoint    ] Total time for which application threads were stopped: 0.0000923 seconds, Stopping threads took: 0.0000192 seconds
[2019-12-08T09:57:33.597+0000][1][safepoint    ] Application time: 1.0000786 seconds
[2019-12-08T09:57:33.597+0000][1][safepoint    ] Entering safepoint region: Cleanup
[2019-12-08T09:57:33.597+0000][1][safepoint    ] Leaving safepoint region
[2019-12-08T09:57:33.597+0000][1][safepoint    ] Total time for which application threads were stopped: 0.0000987 seconds, Stopping threads took: 0.0000304 seconds
[2019-12-08T09:57:34.597+0000][1][safepoint    ] Application time: 1.0000784 seconds
[2019-12-08T09:57:34.597+0000][1][safepoint    ] Entering safepoint region: Cleanup
[2019-12-08T09:57:34.597+0000][1][safepoint    ] Leaving safepoint region
[2019-12-08T09:57:34.597+0000][1][safepoint    ] Total time for which application threads were stopped: 0.0000906 seconds, Stopping threads took: 0.0000262 seconds
[2019-12-08T09:57:35.597+0000][1][safepoint    ] Application time: 1.0000809 seconds
[2019-12-08T09:57:35.597+0000][1][safepoint    ] Entering safepoint region: Cleanup
[2019-12-08T09:57:35.597+0000][1][safepoint    ] Leaving safepoint region
[2019-12-08T09:57:35.597+0000][1][safepoint    ] Total time for which application threads were stopped: 0.0000793 seconds, Stopping threads took: 0.0000189 seconds
[2019-12-08T09:57:36.597+0000][1][safepoint    ] Application time: 1.0000883 seconds
[2019-12-08T09:57:36.597+0000][1][safepoint    ] Entering safepoint region: Cleanup
[2019-12-08T09:57:36.598+0000][1][safepoint    ] Leaving safepoint region
[2019-12-08T09:57:36.598+0000][1][safepoint    ] Total time for which application threads were stopped: 0.0000800 seconds, Stopping threads took: 0.0000191 seconds
[2019-12-08T09:57:37.598+0000][1][safepoint    ] Application time: 1.0000812 seconds
[2019-12-08T09:57:37.598+0000][1][safepoint    ] Entering safepoint region: Cleanup
[2019-12-08T09:57:37.598+0000][1][safepoint    ] Leaving safepoint region
[2019-12-08T09:57:37.598+0000][1][safepoint    ] Total time for which application threads were stopped: 0.0000942 seconds, Stopping threads took: 0.0000283 seconds
[2019-12-08T09:57:38.598+0000][1][safepoint    ] Application time: 1.0000777 seconds
[2019-12-08T09:57:38.598+0000][1][safepoint    ] Entering safepoint region: Cleanup
[2019-12-08T09:57:38.598+0000][1][safepoint    ] Leaving safepoint region
[2019-12-08T09:57:38.598+0000][1][safepoint    ] Total time for which application threads were stopped: 0.0000977 seconds, Stopping threads took: 0.0000326 seconds
[2019-12-08T09:57:39.598+0000][1][safepoint    ] Application time: 1.0000754 seconds
[2019-12-08T09:57:39.598+0000][1][safepoint    ] Entering safepoint region: Cleanup
[2019-12-08T09:57:39.598+0000][1][safepoint    ] Leaving safepoint region
[2019-12-08T09:57:39.598+0000][1][safepoint    ] Total time for which application threads were stopped: 0.0000858 seconds, Stopping threads took: 0.0000191 seconds
[2019-12-08T09:57:40.598+0000][1][safepoint    ] Application time: 1.0000784 seconds
[2019-12-08T09:57:40.598+0000][1][safepoint    ] Entering safepoint region: Cleanup
[2019-12-08T09:57:40.598+0000][1][safepoint    ] Leaving safepoint region
[2019-12-08T09:57:40.598+0000][1][safepoint    ] Total time for which application threads were stopped: 0.0000831 seconds, Stopping threads took: 0.0000190 seconds
[2019-12-08T09:57:41.598+0000][1][safepoint    ] Application time: 1.0000830 seconds
[2019-12-08T09:57:41.599+0000][1][safepoint    ] Entering safepoint region: Cleanup
[2019-12-08T09:57:41.599+0000][1][safepoint    ] Leaving safepoint region
[2019-12-08T09:57:41.599+0000][1][safepoint    ] Total time for which application threads were stopped: 0.0000831 seconds, Stopping threads took: 0.0000208 seconds
[2019-12-08T09:57:42.599+0000][1][safepoint    ] Application time: 1.0000895 seconds
[2019-12-08T09:57:42.599+0000][1][safepoint    ] Entering safepoint region: Cleanup
[2019-12-08T09:57:42.599+0000][1][safepoint    ] Leaving safepoint region
[2019-12-08T09:57:42.599+0000][1][safepoint    ] Total time for which application threads were stopped: 0.0000792 seconds, Stopping threads took: 0.0000192 seconds
[2019-12-08T09:57:43.599+0000][1][safepoint    ] Application time: 1.0000838 seconds
[2019-12-08T09:57:43.599+0000][1][safepoint    ] Entering safepoint region: Cleanup
[2019-12-08T09:57:43.599+0000][1][safepoint    ] Leaving safepoint region
[2019-12-08T09:57:43.599+0000][1][safepoint    ] Total time for which application threads were stopped: 0.0000902 seconds, Stopping threads took: 0.0000276 seconds
[2019-12-08T09:57:44.599+0000][1][safepoint    ] Application time: 1.0000768 seconds
[2019-12-08T09:57:44.599+0000][1][safepoint    ] Entering safepoint region: Cleanup
[2019-12-08T09:57:44.599+0000][1][safepoint    ] Leaving safepoint region
[2019-12-08T09:57:44.599+0000][1][safepoint    ] Total time for which application threads were stopped: 0.0000822 seconds, Stopping threads took: 0.0000177 seconds
[2019-12-08T09:57:45.599+0000][1][safepoint    ] Application time: 1.0000769 seconds
[2019-12-08T09:57:45.599+0000][1][safepoint    ] Entering safepoint region: Cleanup
[2019-12-08T09:57:45.599+0000][1][safepoint    ] Leaving safepoint region
[2019-12-08T09:57:45.599+0000][1][safepoint    ] Total time for which application threads were stopped: 0.0000853 seconds, Stopping threads took: 0.0000199 seconds
[2019-12-08T09:57:46.600+0000][1][safepoint    ] Application time: 1.0000783 seconds
[2019-12-08T09:57:46.600+0000][1][safepoint    ] Entering safepoint region: Cleanup
[2019-12-08T09:57:46.600+0000][1][safepoint    ] Leaving safepoint region
[2019-12-08T09:57:46.600+0000][1][safepoint    ] Total time for which application threads were stopped: 0.0000853 seconds, Stopping threads took: 0.0000177 seconds
[2019-12-08T09:57:47.600+0000][1][safepoint    ] Application time: 1.0000806 seconds
[2019-12-08T09:57:47.600+0000][1][safepoint    ] Entering safepoint region: Cleanup
[2019-12-08T09:57:47.600+0000][1][safepoint    ] Leaving safepoint region
[2019-12-08T09:57:47.600+0000][1][safepoint    ] Total time for which application threads were stopped: 0.0000955 seconds, Stopping threads took: 0.0000203 seconds
[2019-12-08T09:57:48.600+0000][1][safepoint    ] Application time: 1.0000790 seconds
[2019-12-08T09:57:48.600+0000][1][safepoint    ] Entering safepoint region: Cleanup
[2019-12-08T09:57:48.600+0000][1][safepoint    ] Leaving safepoint region
[2019-12-08T09:57:48.600+0000][1][safepoint    ] Total time for which application threads were stopped: 0.0000833 seconds, Stopping threads took: 0.0000174 seconds
[2019-12-08T09:57:49.600+0000][1][safepoint    ] Application time: 1.0000787 seconds
[2019-12-08T09:57:49.600+0000][1][safepoint    ] Entering safepoint region: Cleanup
[2019-12-08T09:57:49.600+0000][1][safepoint    ] Leaving safepoint region
[2019-12-08T09:57:49.600+0000][1][safepoint    ] Total time for which application threads were stopped: 0.0000828 seconds, Stopping threads took: 0.0000193 seconds
[2019-12-08T09:57:50.600+0000][1][safepoint    ] Application time: 1.0000787 seconds
[2019-12-08T09:57:50.600+0000][1][safepoint    ] Entering safepoint region: Cleanup
[2019-12-08T09:57:50.600+0000][1][safepoint    ] Leaving safepoint region
[2019-12-08T09:57:50.600+0000][1][safepoint    ] Total time for which application threads were stopped: 0.0000869 seconds, Stopping threads took: 0.0000204 seconds
[2019-12-08T09:57:51.601+0000][1][safepoint    ] Application time: 1.0000751 seconds
[2019-12-08T09:57:51.601+0000][1][safepoint    ] Entering safepoint region: Cleanup
[2019-12-08T09:57:51.601+0000][1][safepoint    ] Leaving safepoint region
[2019-12-08T09:57:51.601+0000][1][safepoint    ] Total time for which application threads were stopped: 0.0001000 seconds, Stopping threads took: 0.0000195 seconds
[2019-12-08T09:57:52.601+0000][1][safepoint    ] Application time: 1.0000779 seconds
[2019-12-08T09:57:52.601+0000][1][safepoint    ] Entering safepoint region: Cleanup
[2019-12-08T09:57:52.601+0000][1][safepoint    ] Leaving safepoint region
[2019-12-08T09:57:52.601+0000][1][safepoint    ] Total time for which application threads were stopped: 0.0000797 seconds, Stopping threads took: 0.0000184 seconds
[2019-12-08T09:57:53.601+0000][1][safepoint    ] Application time: 1.0000795 seconds
[2019-12-08T09:57:53.601+0000][1][safepoint    ] Entering safepoint region: Cleanup
[2019-12-08T09:57:53.601+0000][1][safepoint    ] Leaving safepoint region
[2019-12-08T09:57:53.601+0000][1][safepoint    ] Total time for which application threads were stopped: 0.0001035 seconds, Stopping threads took: 0.0000262 seconds
[2019-12-08T09:57:54.601+0000][1][safepoint    ] Application time: 1.0000788 seconds
[2019-12-08T09:57:54.601+0000][1][safepoint    ] Entering safepoint region: Cleanup
[2019-12-08T09:57:54.601+0000][1][safepoint    ] Leaving safepoint region
[2019-12-08T09:57:54.601+0000][1][safepoint    ] Total time for which application threads were stopped: 0.0000811 seconds, Stopping threads took: 0.0000186 seconds
[2019-12-08T09:57:55.601+0000][1][safepoint    ] Application time: 1.0000768 seconds
[2019-12-08T09:57:55.601+0000][1][safepoint    ] Entering safepoint region: Cleanup
[2019-12-08T09:57:55.602+0000][1][safepoint    ] Leaving safepoint region
[2019-12-08T09:57:55.602+0000][1][safepoint    ] Total time for which application threads were stopped: 0.0000833 seconds, Stopping threads took: 0.0000194 seconds
[2019-12-08T09:57:56.602+0000][1][safepoint    ] Application time: 1.0000762 seconds
[2019-12-08T09:57:56.602+0000][1][safepoint    ] Entering safepoint region: Cleanup
[2019-12-08T09:57:56.602+0000][1][safepoint    ] Leaving safepoint region
[2019-12-08T09:57:56.602+0000][1][safepoint    ] Total time for which application threads were stopped: 0.0000860 seconds, Stopping threads took: 0.0000178 seconds
[2019-12-08T09:57:57.602+0000][1][safepoint    ] Application time: 1.0000790 seconds
[2019-12-08T09:57:57.602+0000][1][safepoint    ] Entering safepoint region: Cleanup
[2019-12-08T09:57:57.602+0000][1][safepoint    ] Leaving safepoint region
[2019-12-08T09:57:57.602+0000][1][safepoint    ] Total time for which application threads were stopped: 0.0000792 seconds, Stopping threads took: 0.0000185 seconds
[2019-12-08T09:57:58.602+0000][1][safepoint    ] Application time: 1.0000777 seconds
[2019-12-08T09:57:58.602+0000][1][safepoint    ] Entering safepoint region: Cleanup
[2019-12-08T09:57:58.602+0000][1][safepoint    ] Leaving safepoint region
[2019-12-08T09:57:58.602+0000][1][safepoint    ] Total time for which application threads were stopped: 0.0000885 seconds, Stopping threads took: 0.0000174 seconds
[2019-12-08T09:57:59.602+0000][1][safepoint    ] Application time: 1.0000766 seconds
[2019-12-08T09:57:59.602+0000][1][safepoint    ] Entering safepoint region: Cleanup
[2019-12-08T09:57:59.602+0000][1][safepoint    ] Leaving safepoint region
[2019-12-08T09:57:59.602+0000][1][safepoint    ] Total time for which application threads were stopped: 0.0000795 seconds, Stopping threads took: 0.0000184 seconds
[2019-12-08T09:58:00.602+0000][1][safepoint    ] Application time: 1.0000781 seconds
[2019-12-08T09:58:00.602+0000][1][safepoint    ] Entering safepoint region: Cleanup
[2019-12-08T09:58:00.603+0000][1][safepoint    ] Leaving safepoint region
[2019-12-08T09:58:00.603+0000][1][safepoint    ] Total time for which application threads were stopped: 0.0000796 seconds, Stopping threads took: 0.0000191 seconds
[2019-12-08T09:58:01.603+0000][1][safepoint    ] Application time: 1.0000769 seconds
[2019-12-08T09:58:01.603+0000][1][safepoint    ] Entering safepoint region: Cleanup
[2019-12-08T09:58:01.603+0000][1][safepoint    ] Leaving safepoint region
[2019-12-08T09:58:01.603+0000][1][safepoint    ] Total time for which application threads were stopped: 0.0001026 seconds, Stopping threads took: 0.0000201 seconds
[2019-12-08T09:58:02.603+0000][1][safepoint    ] Application time: 1.0000884 seconds
[2019-12-08T09:58:02.603+0000][1][safepoint    ] Entering safepoint region: Cleanup
[2019-12-08T09:58:02.603+0000][1][safepoint    ] Leaving safepoint region
[2019-12-08T09:58:02.603+0000][1][safepoint    ] Total time for which application threads were stopped: 0.0000820 seconds, Stopping threads took: 0.0000197 seconds
[2019-12-08T09:58:03.603+0000][1][safepoint    ] Application time: 1.0000811 seconds
[2019-12-08T09:58:03.603+0000][1][safepoint    ] Entering safepoint region: Cleanup
[2019-12-08T09:58:03.603+0000][1][safepoint    ] Leaving safepoint region
[2019-12-08T09:58:03.603+0000][1][safepoint    ] Total time for which application threads were stopped: 0.0000850 seconds, Stopping threads took: 0.0000188 seconds
[2019-12-08T09:58:04.603+0000][1][safepoint    ] Application time: 1.0000787 seconds
[2019-12-08T09:58:04.603+0000][1][safepoint    ] Entering safepoint region: Cleanup
[2019-12-08T09:58:04.603+0000][1][safepoint    ] Leaving safepoint region
[2019-12-08T09:58:04.603+0000][1][safepoint    ] Total time for which application threads were stopped: 0.0000828 seconds, Stopping threads took: 0.0000195 seconds
[2019-12-08T09:58:05.603+0000][1][safepoint    ] Application time: 1.0000858 seconds
[2019-12-08T09:58:05.604+0000][1][safepoint    ] Entering safepoint region: Cleanup
[2019-12-08T09:58:05.604+0000][1][safepoint    ] Leaving safepoint region
[2019-12-08T09:58:05.604+0000][1][safepoint    ] Total time for which application threads were stopped: 0.0000771 seconds, Stopping threads took: 0.0000178 seconds
[2019-12-08T09:58:06.604+0000][1][safepoint    ] Application time: 1.0000804 seconds
[2019-12-08T09:58:06.604+0000][1][safepoint    ] Entering safepoint region: Cleanup
[2019-12-08T09:58:06.604+0000][1][safepoint    ] Leaving safepoint region
[2019-12-08T09:58:06.604+0000][1][safepoint    ] Total time for which application threads were stopped: 0.0000795 seconds, Stopping threads took: 0.0000196 seconds
[2019-12-08T09:58:07.604+0000][1][safepoint    ] Application time: 1.0000788 seconds
[2019-12-08T09:58:07.604+0000][1][safepoint    ] Entering safepoint region: Cleanup
[2019-12-08T09:58:07.604+0000][1][safepoint    ] Leaving safepoint region
[2019-12-08T09:58:07.604+0000][1][safepoint    ] Total time for which application threads were stopped: 0.0000801 seconds, Stopping threads took: 0.0000199 seconds
[2019-12-08T09:58:08.604+0000][1][safepoint    ] Application time: 1.0000803 seconds
[2019-12-08T09:58:08.604+0000][1][safepoint    ] Entering safepoint region: Cleanup
[2019-12-08T09:58:08.604+0000][1][safepoint    ] Leaving safepoint region
[2019-12-08T09:58:08.604+0000][1][safepoint    ] Total time for which application threads were stopped: 0.0000872 seconds, Stopping threads took: 0.0000192 seconds
[2019-12-08T09:58:09.604+0000][1][safepoint    ] Application time: 1.0000807 seconds
[2019-12-08T09:58:09.604+0000][1][safepoint    ] Entering safepoint region: Cleanup
[2019-12-08T09:58:09.604+0000][1][safepoint    ] Leaving safepoint region
[2019-12-08T09:58:09.604+0000][1][safepoint    ] Total time for which application threads were stopped: 0.0000810 seconds, Stopping threads took: 0.0000186 seconds
[2019-12-08T09:58:10.605+0000][1][safepoint    ] Application time: 1.0000796 seconds
[2019-12-08T09:58:10.605+0000][1][safepoint    ] Entering safepoint region: Cleanup
[2019-12-08T09:58:10.605+0000][1][safepoint    ] Leaving safepoint region
[2019-12-08T09:58:10.605+0000][1][safepoint    ] Total time for which application threads were stopped: 0.0000793 seconds, Stopping threads took: 0.0000204 seconds
[2019-12-08T09:58:11.605+0000][1][safepoint    ] Application time: 1.0000803 seconds
[2019-12-08T09:58:11.605+0000][1][safepoint    ] Entering safepoint region: Cleanup
[2019-12-08T09:58:11.605+0000][1][safepoint    ] Leaving safepoint region
[2019-12-08T09:58:11.605+0000][1][safepoint    ] Total time for which application threads were stopped: 0.0000805 seconds, Stopping threads took: 0.0000191 seconds
[2019-12-08T09:58:12.605+0000][1][safepoint    ] Application time: 1.0000807 seconds
[2019-12-08T09:58:12.605+0000][1][safepoint    ] Entering safepoint region: Cleanup
[2019-12-08T09:58:12.605+0000][1][safepoint    ] Leaving safepoint region
[2019-12-08T09:58:12.605+0000][1][safepoint    ] Total time for which application threads were stopped: 0.0000811 seconds, Stopping threads took: 0.0000197 seconds
[2019-12-08T09:58:13.605+0000][1][safepoint    ] Application time: 1.0000791 seconds
[2019-12-08T09:58:13.605+0000][1][safepoint    ] Entering safepoint region: Cleanup
[2019-12-08T09:58:13.605+0000][1][safepoint    ] Leaving safepoint region
[2019-12-08T09:58:13.605+0000][1][safepoint    ] Total time for which application threads were stopped: 0.0000866 seconds, Stopping threads took: 0.0000175 seconds
[2019-12-08T09:58:14.605+0000][1][safepoint    ] Application time: 1.0000828 seconds
[2019-12-08T09:58:14.605+0000][1][safepoint    ] Entering safepoint region: Cleanup
[2019-12-08T09:58:14.605+0000][1][safepoint    ] Leaving safepoint region
[2019-12-08T09:58:14.605+0000][1][safepoint    ] Total time for which application threads were stopped: 0.0000846 seconds, Stopping threads took: 0.0000202 seconds
[2019-12-08T09:58:15.606+0000][1][safepoint    ] Application time: 1.0000889 seconds
[2019-12-08T09:58:15.606+0000][1][safepoint    ] Entering safepoint region: Cleanup
[2019-12-08T09:58:15.606+0000][1][safepoint    ] Leaving safepoint region
[2019-12-08T09:58:15.606+0000][1][safepoint    ] Total time for which application threads were stopped: 0.0000791 seconds, Stopping threads took: 0.0000197 seconds
[2019-12-08T09:58:16.606+0000][1][safepoint    ] Application time: 1.0000954 seconds
[2019-12-08T09:58:16.606+0000][1][safepoint    ] Entering safepoint region: Cleanup
[2019-12-08T09:58:16.606+0000][1][safepoint    ] Leaving safepoint region
[2019-12-08T09:58:16.606+0000][1][safepoint    ] Total time for which application threads were stopped: 0.0000872 seconds, Stopping threads took: 0.0000181 seconds
[2019-12-08T09:58:17.606+0000][1][safepoint    ] Application time: 1.0000802 seconds
[2019-12-08T09:58:17.606+0000][1][safepoint    ] Entering safepoint region: Cleanup
[2019-12-08T09:58:17.606+0000][1][safepoint    ] Leaving safepoint region
[2019-12-08T09:58:17.606+0000][1][safepoint    ] Total time for which application threads were stopped: 0.0000804 seconds, Stopping threads took: 0.0000174 seconds
[2019-12-08T09:58:18.606+0000][1][safepoint    ] Application time: 1.0000773 seconds
[2019-12-08T09:58:18.606+0000][1][safepoint    ] Entering safepoint region: Cleanup
[2019-12-08T09:58:18.606+0000][1][safepoint    ] Leaving safepoint region
[2019-12-08T09:58:18.606+0000][1][safepoint    ] Total time for which application threads were stopped: 0.0000839 seconds, Stopping threads took: 0.0000180 seconds
[2019-12-08T09:58:19.606+0000][1][safepoint    ] Application time: 1.0000750 seconds
[2019-12-08T09:58:19.606+0000][1][safepoint    ] Entering safepoint region: Cleanup
[2019-12-08T09:58:19.607+0000][1][safepoint    ] Leaving safepoint region
[2019-12-08T09:58:19.607+0000][1][safepoint    ] Total time for which application threads were stopped: 0.0000848 seconds, Stopping threads took: 0.0000191 seconds
[2019-12-08T09:58:20.607+0000][1][safepoint    ] Application time: 1.0000771 seconds
[2019-12-08T09:58:20.607+0000][1][safepoint    ] Entering safepoint region: Cleanup
[2019-12-08T09:58:20.607+0000][1][safepoint    ] Leaving safepoint region
[2019-12-08T09:58:20.607+0000][1][safepoint    ] Total time for which application threads were stopped: 0.0000874 seconds, Stopping threads took: 0.0000195 seconds
[2019-12-08T09:58:21.607+0000][1][safepoint    ] Application time: 1.0000749 seconds
[2019-12-08T09:58:21.607+0000][1][safepoint    ] Entering safepoint region: Cleanup
[2019-12-08T09:58:21.607+0000][1][safepoint    ] Leaving safepoint region
[2019-12-08T09:58:21.607+0000][1][safepoint    ] Total time for which application threads were stopped: 0.0000845 seconds, Stopping threads took: 0.0000264 seconds
[2019-12-08T09:58:22.607+0000][1][safepoint    ] Application time: 1.0000745 seconds
[2019-12-08T09:58:22.607+0000][1][safepoint    ] Entering safepoint region: Cleanup
[2019-12-08T09:58:22.607+0000][1][safepoint    ] Leaving safepoint region
[2019-12-08T09:58:22.607+0000][1][safepoint    ] Total time for which application threads were stopped: 0.0000772 seconds, Stopping threads took: 0.0000183 seconds
[2019-12-08T09:58:23.607+0000][1][safepoint    ] Application time: 1.0000772 seconds
[2019-12-08T09:58:23.607+0000][1][safepoint    ] Entering safepoint region: Cleanup
[2019-12-08T09:58:23.607+0000][1][safepoint    ] Leaving safepoint region
[2019-12-08T09:58:23.607+0000][1][safepoint    ] Total time for which application threads were stopped: 0.0000927 seconds, Stopping threads took: 0.0000199 seconds
[2019-12-08T09:58:24.607+0000][1][safepoint    ] Application time: 1.0000780 seconds
[2019-12-08T09:58:24.607+0000][1][safepoint    ] Entering safepoint region: Cleanup
[2019-12-08T09:58:24.608+0000][1][safepoint    ] Leaving safepoint region
[2019-12-08T09:58:24.608+0000][1][safepoint    ] Total time for which application threads were stopped: 0.0000874 seconds, Stopping threads took: 0.0000201 seconds
[2019-12-08T09:58:25.608+0000][1][safepoint    ] Application time: 1.0000773 seconds
[2019-12-08T09:58:25.608+0000][1][safepoint    ] Entering safepoint region: Cleanup
[2019-12-08T09:58:25.608+0000][1][safepoint    ] Leaving safepoint region
[2019-12-08T09:58:25.608+0000][1][safepoint    ] Total time for which application threads were stopped: 0.0001024 seconds, Stopping threads took: 0.0000205 seconds
[2019-12-08T09:58:26.608+0000][1][safepoint    ] Application time: 1.0000784 seconds
[2019-12-08T09:58:26.608+0000][1][safepoint    ] Entering safepoint region: Cleanup
[2019-12-08T09:58:26.608+0000][1][safepoint    ] Leaving safepoint region
[2019-12-08T09:58:26.608+0000][1][safepoint    ] Total time for which application threads were stopped: 0.0000922 seconds, Stopping threads took: 0.0000303 seconds
[2019-12-08T09:58:27.608+0000][1][safepoint    ] Application time: 1.0000810 seconds
[2019-12-08T09:58:27.608+0000][1][safepoint    ] Entering safepoint region: Cleanup
[2019-12-08T09:58:27.608+0000][1][safepoint    ] Leaving safepoint region
[2019-12-08T09:58:27.608+0000][1][safepoint    ] Total time for which application threads were stopped: 0.0000795 seconds, Stopping threads took: 0.0000197 seconds
[2019-12-08T09:58:28.608+0000][1][safepoint    ] Application time: 1.0000777 seconds
[2019-12-08T09:58:28.608+0000][1][safepoint    ] Entering safepoint region: Cleanup
[2019-12-08T09:58:28.608+0000][1][safepoint    ] Leaving safepoint region
[2019-12-08T09:58:28.608+0000][1][safepoint    ] Total time for which application threads were stopped: 0.0000858 seconds, Stopping threads took: 0.0000197 seconds
[2019-12-08T09:58:29.608+0000][1][safepoint    ] Application time: 1.0000752 seconds
[2019-12-08T09:58:29.609+0000][1][safepoint    ] Entering safepoint region: Cleanup
[2019-12-08T09:58:29.609+0000][1][safepoint    ] Leaving safepoint region
[2019-12-08T09:58:29.609+0000][1][safepoint    ] Total time for which application threads were stopped: 0.0000857 seconds, Stopping threads took: 0.0000195 seconds
[2019-12-08T09:58:30.609+0000][1][safepoint    ] Application time: 1.0000771 seconds
[2019-12-08T09:58:30.609+0000][1][safepoint    ] Entering safepoint region: Cleanup
[2019-12-08T09:58:30.609+0000][1][safepoint    ] Leaving safepoint region
[2019-12-08T09:58:30.609+0000][1][safepoint    ] Total time for which application threads were stopped: 0.0000810 seconds, Stopping threads took: 0.0000202 seconds
[2019-12-08T09:58:31.609+0000][1][safepoint    ] Application time: 1.0000798 seconds
[2019-12-08T09:58:31.609+0000][1][safepoint    ] Entering safepoint region: Cleanup
[2019-12-08T09:58:31.609+0000][1][safepoint    ] Leaving safepoint region
[2019-12-08T09:58:31.609+0000][1][safepoint    ] Total time for which application threads were stopped: 0.0000971 seconds, Stopping threads took: 0.0000201 seconds
[2019-12-08T09:58:32.609+0000][1][safepoint    ] Application time: 1.0000804 seconds
[2019-12-08T09:58:32.609+0000][1][safepoint    ] Entering safepoint region: Cleanup
[2019-12-08T09:58:32.609+0000][1][safepoint    ] Leaving safepoint region
[2019-12-08T09:58:32.609+0000][1][safepoint    ] Total time for which application threads were stopped: 0.0000855 seconds, Stopping threads took: 0.0000199 seconds
[2019-12-08T09:58:33.609+0000][1][safepoint    ] Application time: 1.0000771 seconds
[2019-12-08T09:58:33.609+0000][1][safepoint    ] Entering safepoint region: Cleanup
[2019-12-08T09:58:33.609+0000][1][safepoint    ] Leaving safepoint region
[2019-12-08T09:58:33.609+0000][1][safepoint    ] Total time for which application threads were stopped: 0.0000797 seconds, Stopping threads took: 0.0000196 seconds
[2019-12-08T09:58:34.610+0000][1][safepoint    ] Application time: 1.0000797 seconds
[2019-12-08T09:58:34.610+0000][1][safepoint    ] Entering safepoint region: Cleanup
[2019-12-08T09:58:34.610+0000][1][safepoint    ] Leaving safepoint region
[2019-12-08T09:58:34.610+0000][1][safepoint    ] Total time for which application threads were stopped: 0.0000881 seconds, Stopping threads took: 0.0000245 seconds
[2019-12-08T09:58:35.610+0000][1][safepoint    ] Application time: 1.0000731 seconds
[2019-12-08T09:58:35.610+0000][1][safepoint    ] Entering safepoint region: Cleanup
[2019-12-08T09:58:35.610+0000][1][safepoint    ] Leaving safepoint region
[2019-12-08T09:58:35.610+0000][1][safepoint    ] Total time for which application threads were stopped: 0.0000818 seconds, Stopping threads took: 0.0000197 seconds
[2019-12-08T09:58:36.610+0000][1][safepoint    ] Application time: 1.0000910 seconds
[2019-12-08T09:58:36.610+0000][1][safepoint    ] Entering safepoint region: Cleanup
[2019-12-08T09:58:36.610+0000][1][safepoint    ] Leaving safepoint region
[2019-12-08T09:58:36.610+0000][1][safepoint    ] Total time for which application threads were stopped: 0.0000872 seconds, Stopping threads took: 0.0000195 seconds
[2019-12-08T09:58:37.610+0000][1][safepoint    ] Application time: 1.0000795 seconds
[2019-12-08T09:58:37.610+0000][1][safepoint    ] Entering safepoint region: Cleanup
[2019-12-08T09:58:37.610+0000][1][safepoint    ] Leaving safepoint region
[2019-12-08T09:58:37.610+0000][1][safepoint    ] Total time for which application threads were stopped: 0.0000781 seconds, Stopping threads took: 0.0000188 seconds
[2019-12-08T09:58:38.610+0000][1][safepoint    ] Application time: 1.0000782 seconds
[2019-12-08T09:58:38.610+0000][1][safepoint    ] Entering safepoint region: Cleanup
[2019-12-08T09:58:38.610+0000][1][safepoint    ] Leaving safepoint region
[2019-12-08T09:58:38.610+0000][1][safepoint    ] Total time for which application threads were stopped: 0.0000800 seconds, Stopping threads took: 0.0000184 seconds
[2019-12-08T09:58:39.611+0000][1][safepoint    ] Application time: 1.0000820 seconds
[2019-12-08T09:58:39.611+0000][1][safepoint    ] Entering safepoint region: Cleanup
[2019-12-08T09:58:39.611+0000][1][safepoint    ] Leaving safepoint region
[2019-12-08T09:58:39.611+0000][1][safepoint    ] Total time for which application threads were stopped: 0.0000951 seconds, Stopping threads took: 0.0000184 seconds
[2019-12-08T09:58:40.611+0000][1][safepoint    ] Application time: 1.0000790 seconds
[2019-12-08T09:58:40.611+0000][1][safepoint    ] Entering safepoint region: Cleanup
[2019-12-08T09:58:40.611+0000][1][safepoint    ] Leaving safepoint region
[2019-12-08T09:58:40.611+0000][1][safepoint    ] Total time for which application threads were stopped: 0.0000797 seconds, Stopping threads took: 0.0000197 seconds
[2019-12-08T09:58:41.611+0000][1][safepoint    ] Application time: 1.0000824 seconds
[2019-12-08T09:58:41.611+0000][1][safepoint    ] Entering safepoint region: Cleanup
[2019-12-08T09:58:41.611+0000][1][safepoint    ] Leaving safepoint region
[2019-12-08T09:58:41.611+0000][1][safepoint    ] Total time for which application threads were stopped: 0.0000994 seconds, Stopping threads took: 0.0000184 seconds
[2019-12-08T09:58:42.611+0000][1][safepoint    ] Application time: 1.0000782 seconds
[2019-12-08T09:58:42.611+0000][1][safepoint    ] Entering safepoint region: Cleanup
[2019-12-08T09:58:42.611+0000][1][safepoint    ] Leaving safepoint region
[2019-12-08T09:58:42.611+0000][1][safepoint    ] Total time for which application threads were stopped: 0.0000800 seconds, Stopping threads took: 0.0000194 seconds
[2019-12-08T09:58:43.611+0000][1][safepoint    ] Application time: 1.0000777 seconds
[2019-12-08T09:58:43.611+0000][1][safepoint    ] Entering safepoint region: Cleanup
[2019-12-08T09:58:43.612+0000][1][safepoint    ] Leaving safepoint region
[2019-12-08T09:58:43.612+0000][1][safepoint    ] Total time for which application threads were stopped: 0.0000812 seconds, Stopping threads took: 0.0000197 seconds
[2019-12-08T09:58:43.634+0000][1][safepoint    ] Application time: 0.0227679 seconds
[2019-12-08T09:58:43.634+0000][1][safepoint    ] Entering safepoint region: GenCollectForAllocation
[2019-12-08T09:58:43.634+0000][1][gc,start     ] GC(25) Pause Young (Allocation Failure)
[2019-12-08T09:58:43.634+0000][1][gc,task      ] GC(25) Using 4 workers of 4 for evacuation
[2019-12-08T09:58:43.638+0000][1][gc,age       ] GC(25) Desired survivor size 4456448 bytes, new threshold 6 (max threshold 6)
[2019-12-08T09:58:43.638+0000][1][gc,age       ] GC(25) Age table with threshold 6 (max threshold 6)
[2019-12-08T09:58:43.638+0000][1][gc,age       ] GC(25) - age   1:       9368 bytes,       9368 total
[2019-12-08T09:58:43.638+0000][1][gc,age       ] GC(25) - age   2:     602376 bytes,     611744 total
[2019-12-08T09:58:43.638+0000][1][gc,age       ] GC(25) - age   3:    1051072 bytes,    1662816 total
[2019-12-08T09:58:43.638+0000][1][gc,heap      ] GC(25) ParNew: 73228K->2498K(78656K)
[2019-12-08T09:58:43.638+0000][1][gc,heap      ] GC(25) CMS: 69431K->69431K(174784K)
[2019-12-08T09:58:43.638+0000][1][gc,metaspace ] GC(25) Metaspace: 68810K->68810K(1112064K)
[2019-12-08T09:58:43.638+0000][1][gc           ] GC(25) Pause Young (Allocation Failure) 139M->70M(247M) 3.326ms
[2019-12-08T09:58:43.638+0000][1][gc,cpu       ] GC(25) User=0.01s Sys=0.00s Real=0.00s
[2019-12-08T09:58:43.638+0000][1][safepoint    ] Leaving safepoint region
[2019-12-08T09:58:43.638+0000][1][safepoint    ] Total time for which application threads were stopped: 0.0034783 seconds, Stopping threads took: 0.0000159 seconds
[2019-12-08T09:58:44.638+0000][1][safepoint    ] Application time: 1.0000888 seconds
[2019-12-08T09:58:44.638+0000][1][safepoint    ] Entering safepoint region: Cleanup
[2019-12-08T09:58:44.638+0000][1][safepoint    ] Leaving safepoint region
[2019-12-08T09:58:44.638+0000][1][safepoint    ] Total time for which application threads were stopped: 0.0000787 seconds, Stopping threads took: 0.0000185 seconds
[2019-12-08T09:58:45.638+0000][1][safepoint    ] Application time: 1.0000757 seconds
[2019-12-08T09:58:45.638+0000][1][safepoint    ] Entering safepoint region: Cleanup
[2019-12-08T09:58:45.638+0000][1][safepoint    ] Leaving safepoint region
[2019-12-08T09:58:45.638+0000][1][safepoint    ] Total time for which application threads were stopped: 0.0000800 seconds, Stopping threads took: 0.0000194 seconds
[2019-12-08T09:58:46.638+0000][1][safepoint    ] Application time: 1.0000786 seconds
[2019-12-08T09:58:46.638+0000][1][safepoint    ] Entering safepoint region: Cleanup
[2019-12-08T09:58:46.638+0000][1][safepoint    ] Leaving safepoint region
[2019-12-08T09:58:46.638+0000][1][safepoint    ] Total time for which application threads were stopped: 0.0000784 seconds, Stopping threads took: 0.0000186 seconds
[2019-12-08T09:58:47.639+0000][1][safepoint    ] Application time: 1.0000765 seconds
[2019-12-08T09:58:47.639+0000][1][safepoint    ] Entering safepoint region: Cleanup
[2019-12-08T09:58:47.639+0000][1][safepoint    ] Leaving safepoint region
[2019-12-08T09:58:47.639+0000][1][safepoint    ] Total time for which application threads were stopped: 0.0000810 seconds, Stopping threads took: 0.0000188 seconds
[2019-12-08T09:58:48.639+0000][1][safepoint    ] Application time: 1.0000775 seconds
[2019-12-08T09:58:48.639+0000][1][safepoint    ] Entering safepoint region: Cleanup
[2019-12-08T09:58:48.639+0000][1][safepoint    ] Leaving safepoint region
[2019-12-08T09:58:48.639+0000][1][safepoint    ] Total time for which application threads were stopped: 0.0000805 seconds, Stopping threads took: 0.0000181 seconds
[2019-12-08T09:58:49.639+0000][1][safepoint    ] Application time: 1.0000768 seconds
[2019-12-08T09:58:49.639+0000][1][safepoint    ] Entering safepoint region: Cleanup
[2019-12-08T09:58:49.639+0000][1][safepoint    ] Leaving safepoint region
[2019-12-08T09:58:49.639+0000][1][safepoint    ] Total time for which application threads were stopped: 0.0000946 seconds, Stopping threads took: 0.0000185 seconds
[2019-12-08T09:58:50.639+0000][1][safepoint    ] Application time: 1.0000776 seconds
[2019-12-08T09:58:50.639+0000][1][safepoint    ] Entering safepoint region: Cleanup
[2019-12-08T09:58:50.639+0000][1][safepoint    ] Leaving safepoint region
[2019-12-08T09:58:50.639+0000][1][safepoint    ] Total time for which application threads were stopped: 0.0000807 seconds, Stopping threads took: 0.0000189 seconds
[2019-12-08T09:58:51.639+0000][1][safepoint    ] Application time: 1.0000756 seconds
[2019-12-08T09:58:51.639+0000][1][safepoint    ] Entering safepoint region: Cleanup
[2019-12-08T09:58:51.639+0000][1][safepoint    ] Leaving safepoint region
[2019-12-08T09:58:51.639+0000][1][safepoint    ] Total time for which application threads were stopped: 0.0000848 seconds, Stopping threads took: 0.0000180 seconds
[2019-12-08T09:58:52.640+0000][1][safepoint    ] Application time: 1.0000754 seconds
[2019-12-08T09:58:52.640+0000][1][safepoint    ] Entering safepoint region: Cleanup
[2019-12-08T09:58:52.640+0000][1][safepoint    ] Leaving safepoint region
[2019-12-08T09:58:52.640+0000][1][safepoint    ] Total time for which application threads were stopped: 0.0000881 seconds, Stopping threads took: 0.0000171 seconds
[2019-12-08T09:58:53.640+0000][1][safepoint    ] Application time: 1.0000778 seconds
[2019-12-08T09:58:53.640+0000][1][safepoint    ] Entering safepoint region: Cleanup
[2019-12-08T09:58:53.640+0000][1][safepoint    ] Leaving safepoint region
[2019-12-08T09:58:53.640+0000][1][safepoint    ] Total time for which application threads were stopped: 0.0000830 seconds, Stopping threads took: 0.0000183 seconds
[2019-12-08T09:58:54.640+0000][1][safepoint    ] Application time: 1.0000908 seconds
[2019-12-08T09:58:54.640+0000][1][safepoint    ] Entering safepoint region: Cleanup
[2019-12-08T09:58:54.640+0000][1][safepoint    ] Leaving safepoint region
[2019-12-08T09:58:54.640+0000][1][safepoint    ] Total time for which application threads were stopped: 0.0000837 seconds, Stopping threads took: 0.0000183 seconds
[2019-12-08T09:58:55.640+0000][1][safepoint    ] Application time: 1.0000767 seconds
[2019-12-08T09:58:55.640+0000][1][safepoint    ] Entering safepoint region: Cleanup
[2019-12-08T09:58:55.640+0000][1][safepoint    ] Leaving safepoint region
[2019-12-08T09:58:55.640+0000][1][safepoint    ] Total time for which application threads were stopped: 0.0000827 seconds, Stopping threads took: 0.0000206 seconds
[2019-12-08T09:58:56.640+0000][1][safepoint    ] Application time: 1.0000790 seconds
[2019-12-08T09:58:56.640+0000][1][safepoint    ] Entering safepoint region: Cleanup
[2019-12-08T09:58:56.640+0000][1][safepoint    ] Leaving safepoint region
[2019-12-08T09:58:56.640+0000][1][safepoint    ] Total time for which application threads were stopped: 0.0000839 seconds, Stopping threads took: 0.0000231 seconds
[2019-12-08T09:58:57.641+0000][1][safepoint    ] Application time: 1.0000778 seconds
[2019-12-08T09:58:57.641+0000][1][safepoint    ] Entering safepoint region: Cleanup
[2019-12-08T09:58:57.641+0000][1][safepoint    ] Leaving safepoint region
[2019-12-08T09:58:57.641+0000][1][safepoint    ] Total time for which application threads were stopped: 0.0000806 seconds, Stopping threads took: 0.0000192 seconds
[2019-12-08T09:58:58.641+0000][1][safepoint    ] Application time: 1.0000905 seconds
[2019-12-08T09:58:58.641+0000][1][safepoint    ] Entering safepoint region: Cleanup
[2019-12-08T09:58:58.641+0000][1][safepoint    ] Leaving safepoint region
[2019-12-08T09:58:58.641+0000][1][safepoint    ] Total time for which application threads were stopped: 0.0000833 seconds, Stopping threads took: 0.0000216 seconds
[2019-12-08T09:58:59.641+0000][1][safepoint    ] Application time: 1.0000792 seconds
[2019-12-08T09:58:59.641+0000][1][safepoint    ] Entering safepoint region: Cleanup
[2019-12-08T09:58:59.641+0000][1][safepoint    ] Leaving safepoint region
[2019-12-08T09:58:59.641+0000][1][safepoint    ] Total time for which application threads were stopped: 0.0000932 seconds, Stopping threads took: 0.0000187 seconds
[2019-12-08T09:59:00.641+0000][1][safepoint    ] Application time: 1.0000792 seconds
[2019-12-08T09:59:00.641+0000][1][safepoint    ] Entering safepoint region: Cleanup
[2019-12-08T09:59:00.641+0000][1][safepoint    ] Leaving safepoint region
[2019-12-08T09:59:00.641+0000][1][safepoint    ] Total time for which application threads were stopped: 0.0000834 seconds, Stopping threads took: 0.0000180 seconds
[2019-12-08T09:59:01.641+0000][1][safepoint    ] Application time: 1.0000809 seconds
[2019-12-08T09:59:01.641+0000][1][safepoint    ] Entering safepoint region: Cleanup
[2019-12-08T09:59:01.642+0000][1][safepoint    ] Leaving safepoint region
[2019-12-08T09:59:01.642+0000][1][safepoint    ] Total time for which application threads were stopped: 0.0000870 seconds, Stopping threads took: 0.0000185 seconds
[2019-12-08T09:59:02.642+0000][1][safepoint    ] Application time: 1.0000865 seconds
[2019-12-08T09:59:02.642+0000][1][safepoint    ] Entering safepoint region: Cleanup
[2019-12-08T09:59:02.642+0000][1][safepoint    ] Leaving safepoint region
[2019-12-08T09:59:02.642+0000][1][safepoint    ] Total time for which application threads were stopped: 0.0001017 seconds, Stopping threads took: 0.0000381 seconds
[2019-12-08T09:59:03.642+0000][1][safepoint    ] Application time: 1.0000808 seconds
[2019-12-08T09:59:03.642+0000][1][safepoint    ] Entering safepoint region: Cleanup
[2019-12-08T09:59:03.642+0000][1][safepoint    ] Leaving safepoint region
[2019-12-08T09:59:03.642+0000][1][safepoint    ] Total time for which application threads were stopped: 0.0000874 seconds, Stopping threads took: 0.0000202 seconds
[2019-12-08T09:59:04.642+0000][1][safepoint    ] Application time: 1.0000828 seconds
[2019-12-08T09:59:04.642+0000][1][safepoint    ] Entering safepoint region: Cleanup
[2019-12-08T09:59:04.642+0000][1][safepoint    ] Leaving safepoint region
[2019-12-08T09:59:04.642+0000][1][safepoint    ] Total time for which application threads were stopped: 0.0000785 seconds, Stopping threads took: 0.0000176 seconds
[2019-12-08T09:59:05.642+0000][1][safepoint    ] Application time: 1.0000822 seconds
[2019-12-08T09:59:05.642+0000][1][safepoint    ] Entering safepoint region: Cleanup
[2019-12-08T09:59:05.642+0000][1][safepoint    ] Leaving safepoint region
[2019-12-08T09:59:05.642+0000][1][safepoint    ] Total time for which application threads were stopped: 0.0000783 seconds, Stopping threads took: 0.0000187 seconds
[2019-12-08T09:59:06.642+0000][1][safepoint    ] Application time: 1.0000808 seconds
[2019-12-08T09:59:06.643+0000][1][safepoint    ] Entering safepoint region: Cleanup
[2019-12-08T09:59:06.643+0000][1][safepoint    ] Leaving safepoint region
[2019-12-08T09:59:06.643+0000][1][safepoint    ] Total time for which application threads were stopped: 0.0000789 seconds, Stopping threads took: 0.0000189 seconds
[2019-12-08T09:59:07.643+0000][1][safepoint    ] Application time: 1.0000776 seconds
[2019-12-08T09:59:07.643+0000][1][safepoint    ] Entering safepoint region: Cleanup
[2019-12-08T09:59:07.643+0000][1][safepoint    ] Leaving safepoint region
[2019-12-08T09:59:07.643+0000][1][safepoint    ] Total time for which application threads were stopped: 0.0000837 seconds, Stopping threads took: 0.0000191 seconds
[2019-12-08T09:59:08.643+0000][1][safepoint    ] Application time: 1.0000799 seconds
[2019-12-08T09:59:08.643+0000][1][safepoint    ] Entering safepoint region: Cleanup
[2019-12-08T09:59:08.643+0000][1][safepoint    ] Leaving safepoint region
[2019-12-08T09:59:08.643+0000][1][safepoint    ] Total time for which application threads were stopped: 0.0000786 seconds, Stopping threads took: 0.0000187 seconds
[2019-12-08T09:59:09.643+0000][1][safepoint    ] Application time: 1.0000766 seconds
[2019-12-08T09:59:09.643+0000][1][safepoint    ] Entering safepoint region: Cleanup
[2019-12-08T09:59:09.643+0000][1][safepoint    ] Leaving safepoint region
[2019-12-08T09:59:09.643+0000][1][safepoint    ] Total time for which application threads were stopped: 0.0000805 seconds, Stopping threads took: 0.0000195 seconds
[2019-12-08T09:59:10.643+0000][1][safepoint    ] Application time: 1.0000792 seconds
[2019-12-08T09:59:10.643+0000][1][safepoint    ] Entering safepoint region: Cleanup
[2019-12-08T09:59:10.643+0000][1][safepoint    ] Leaving safepoint region
[2019-12-08T09:59:10.643+0000][1][safepoint    ] Total time for which application threads were stopped: 0.0000834 seconds, Stopping threads took: 0.0000186 seconds
[2019-12-08T09:59:11.644+0000][1][safepoint    ] Application time: 1.0000793 seconds
[2019-12-08T09:59:11.644+0000][1][safepoint    ] Entering safepoint region: Cleanup
[2019-12-08T09:59:11.644+0000][1][safepoint    ] Leaving safepoint region
[2019-12-08T09:59:11.644+0000][1][safepoint    ] Total time for which application threads were stopped: 0.0000815 seconds, Stopping threads took: 0.0000185 seconds
[2019-12-08T09:59:12.644+0000][1][safepoint    ] Application time: 1.0000818 seconds
[2019-12-08T09:59:12.644+0000][1][safepoint    ] Entering safepoint region: Cleanup
[2019-12-08T09:59:12.644+0000][1][safepoint    ] Leaving safepoint region
[2019-12-08T09:59:12.644+0000][1][safepoint    ] Total time for which application threads were stopped: 0.0000790 seconds, Stopping threads took: 0.0000193 seconds
[2019-12-08T09:59:13.644+0000][1][safepoint    ] Application time: 1.0000833 seconds
[2019-12-08T09:59:13.644+0000][1][safepoint    ] Entering safepoint region: Cleanup
[2019-12-08T09:59:13.644+0000][1][safepoint    ] Leaving safepoint region
[2019-12-08T09:59:13.644+0000][1][safepoint    ] Total time for which application threads were stopped: 0.0000804 seconds, Stopping threads took: 0.0000186 seconds
[2019-12-08T09:59:14.644+0000][1][safepoint    ] Application time: 1.0000793 seconds
[2019-12-08T09:59:14.644+0000][1][safepoint    ] Entering safepoint region: Cleanup
[2019-12-08T09:59:14.644+0000][1][safepoint    ] Leaving safepoint region
[2019-12-08T09:59:14.644+0000][1][safepoint    ] Total time for which application threads were stopped: 0.0000781 seconds, Stopping threads took: 0.0000185 seconds
[2019-12-08T09:59:15.644+0000][1][safepoint    ] Application time: 1.0000760 seconds
[2019-12-08T09:59:15.644+0000][1][safepoint    ] Entering safepoint region: Cleanup
[2019-12-08T09:59:15.644+0000][1][safepoint    ] Leaving safepoint region
[2019-12-08T09:59:15.644+0000][1][safepoint    ] Total time for which application threads were stopped: 0.0000789 seconds, Stopping threads took: 0.0000180 seconds
[2019-12-08T09:59:16.645+0000][1][safepoint    ] Application time: 1.0000766 seconds
[2019-12-08T09:59:16.645+0000][1][safepoint    ] Entering safepoint region: Cleanup
[2019-12-08T09:59:16.645+0000][1][safepoint    ] Leaving safepoint region
[2019-12-08T09:59:16.645+0000][1][safepoint    ] Total time for which application threads were stopped: 0.0000773 seconds, Stopping threads took: 0.0000181 seconds
[2019-12-08T09:59:17.645+0000][1][safepoint    ] Application time: 1.0000793 seconds
[2019-12-08T09:59:17.645+0000][1][safepoint    ] Entering safepoint region: Cleanup
[2019-12-08T09:59:17.645+0000][1][safepoint    ] Leaving safepoint region
[2019-12-08T09:59:17.645+0000][1][safepoint    ] Total time for which application threads were stopped: 0.0000816 seconds, Stopping threads took: 0.0000205 seconds
[2019-12-08T09:59:18.645+0000][1][safepoint    ] Application time: 1.0000767 seconds
[2019-12-08T09:59:18.645+0000][1][safepoint    ] Entering safepoint region: Cleanup
[2019-12-08T09:59:18.645+0000][1][safepoint    ] Leaving safepoint region
[2019-12-08T09:59:18.645+0000][1][safepoint    ] Total time for which application threads were stopped: 0.0000838 seconds, Stopping threads took: 0.0000202 seconds
[2019-12-08T09:59:19.645+0000][1][safepoint    ] Application time: 1.0000765 seconds
[2019-12-08T09:59:19.645+0000][1][safepoint    ] Entering safepoint region: Cleanup
[2019-12-08T09:59:19.645+0000][1][safepoint    ] Leaving safepoint region
[2019-12-08T09:59:19.645+0000][1][safepoint    ] Total time for which application threads were stopped: 0.0000821 seconds, Stopping threads took: 0.0000183 seconds
[2019-12-08T09:59:20.645+0000][1][safepoint    ] Application time: 1.0000771 seconds
[2019-12-08T09:59:20.645+0000][1][safepoint    ] Entering safepoint region: Cleanup
[2019-12-08T09:59:20.645+0000][1][safepoint    ] Leaving safepoint region
[2019-12-08T09:59:20.645+0000][1][safepoint    ] Total time for which application threads were stopped: 0.0000827 seconds, Stopping threads took: 0.0000190 seconds
[2019-12-08T09:59:21.646+0000][1][safepoint    ] Application time: 1.0000784 seconds
[2019-12-08T09:59:21.646+0000][1][safepoint    ] Entering safepoint region: Cleanup
[2019-12-08T09:59:21.646+0000][1][safepoint    ] Leaving safepoint region
[2019-12-08T09:59:21.646+0000][1][safepoint    ] Total time for which application threads were stopped: 0.0000804 seconds, Stopping threads took: 0.0000186 seconds
[2019-12-08T09:59:22.646+0000][1][safepoint    ] Application time: 1.0000766 seconds
[2019-12-08T09:59:22.646+0000][1][safepoint    ] Entering safepoint region: Cleanup
[2019-12-08T09:59:22.646+0000][1][safepoint    ] Leaving safepoint region
[2019-12-08T09:59:22.646+0000][1][safepoint    ] Total time for which application threads were stopped: 0.0000800 seconds, Stopping threads took: 0.0000194 seconds
[2019-12-08T09:59:23.646+0000][1][safepoint    ] Application time: 1.0000795 seconds
[2019-12-08T09:59:23.646+0000][1][safepoint    ] Entering safepoint region: Cleanup
[2019-12-08T09:59:23.646+0000][1][safepoint    ] Leaving safepoint region
[2019-12-08T09:59:23.646+0000][1][safepoint    ] Total time for which application threads were stopped: 0.0000821 seconds, Stopping threads took: 0.0000210 seconds
[2019-12-08T09:59:24.646+0000][1][safepoint    ] Application time: 1.0000774 seconds
[2019-12-08T09:59:24.646+0000][1][safepoint    ] Entering safepoint region: Cleanup
[2019-12-08T09:59:24.646+0000][1][safepoint    ] Leaving safepoint region
[2019-12-08T09:59:24.646+0000][1][safepoint    ] Total time for which application threads were stopped: 0.0000773 seconds, Stopping threads took: 0.0000182 seconds
[2019-12-08T09:59:25.646+0000][1][safepoint    ] Application time: 1.0000779 seconds
[2019-12-08T09:59:25.646+0000][1][safepoint    ] Entering safepoint region: Cleanup
[2019-12-08T09:59:25.646+0000][1][safepoint    ] Leaving safepoint region
[2019-12-08T09:59:25.646+0000][1][safepoint    ] Total time for which application threads were stopped: 0.0000788 seconds, Stopping threads took: 0.0000190 seconds
[2019-12-08T09:59:26.647+0000][1][safepoint    ] Application time: 1.0000883 seconds
[2019-12-08T09:59:26.647+0000][1][safepoint    ] Entering safepoint region: Cleanup
[2019-12-08T09:59:26.647+0000][1][safepoint    ] Leaving safepoint region
[2019-12-08T09:59:26.647+0000][1][safepoint    ] Total time for which application threads were stopped: 0.0000871 seconds, Stopping threads took: 0.0000261 seconds
[2019-12-08T09:59:27.647+0000][1][safepoint    ] Application time: 1.0000813 seconds
[2019-12-08T09:59:27.647+0000][1][safepoint    ] Entering safepoint region: Cleanup
[2019-12-08T09:59:27.647+0000][1][safepoint    ] Leaving safepoint region
[2019-12-08T09:59:27.647+0000][1][safepoint    ] Total time for which application threads were stopped: 0.0000824 seconds, Stopping threads took: 0.0000190 seconds
[2019-12-08T09:59:28.647+0000][1][safepoint    ] Application time: 1.0000771 seconds
[2019-12-08T09:59:28.647+0000][1][safepoint    ] Entering safepoint region: Cleanup
[2019-12-08T09:59:28.647+0000][1][safepoint    ] Leaving safepoint region
[2019-12-08T09:59:28.647+0000][1][safepoint    ] Total time for which application threads were stopped: 0.0000779 seconds, Stopping threads took: 0.0000180 seconds
[2019-12-08T09:59:29.647+0000][1][safepoint    ] Application time: 1.0000768 seconds
[2019-12-08T09:59:29.647+0000][1][safepoint    ] Entering safepoint region: Cleanup
[2019-12-08T09:59:29.647+0000][1][safepoint    ] Leaving safepoint region
[2019-12-08T09:59:29.647+0000][1][safepoint    ] Total time for which application threads were stopped: 0.0000794 seconds, Stopping threads took: 0.0000195 seconds
[2019-12-08T09:59:30.647+0000][1][safepoint    ] Application time: 1.0000829 seconds
[2019-12-08T09:59:30.647+0000][1][safepoint    ] Entering safepoint region: Cleanup
[2019-12-08T09:59:30.647+0000][1][safepoint    ] Leaving safepoint region
[2019-12-08T09:59:30.647+0000][1][safepoint    ] Total time for which application threads were stopped: 0.0000781 seconds, Stopping threads took: 0.0000193 seconds
[2019-12-08T09:59:31.648+0000][1][safepoint    ] Application time: 1.0000790 seconds
[2019-12-08T09:59:31.648+0000][1][safepoint    ] Entering safepoint region: Cleanup
[2019-12-08T09:59:31.648+0000][1][safepoint    ] Leaving safepoint region
[2019-12-08T09:59:31.648+0000][1][safepoint    ] Total time for which application threads were stopped: 0.0000828 seconds, Stopping threads took: 0.0000195 seconds
[2019-12-08T09:59:32.648+0000][1][safepoint    ] Application time: 1.0000954 seconds
[2019-12-08T09:59:32.648+0000][1][safepoint    ] Entering safepoint region: Cleanup
[2019-12-08T09:59:32.648+0000][1][safepoint    ] Leaving safepoint region
[2019-12-08T09:59:32.648+0000][1][safepoint    ] Total time for which application threads were stopped: 0.0000806 seconds, Stopping threads took: 0.0000192 seconds
[2019-12-08T09:59:33.648+0000][1][safepoint    ] Application time: 1.0000761 seconds
[2019-12-08T09:59:33.648+0000][1][safepoint    ] Entering safepoint region: Cleanup
[2019-12-08T09:59:33.648+0000][1][safepoint    ] Leaving safepoint region
[2019-12-08T09:59:33.648+0000][1][safepoint    ] Total time for which application threads were stopped: 0.0000783 seconds, Stopping threads took: 0.0000193 seconds
[2019-12-08T09:59:34.648+0000][1][safepoint    ] Application time: 1.0001047 seconds
[2019-12-08T09:59:34.648+0000][1][safepoint    ] Entering safepoint region: Cleanup
[2019-12-08T09:59:34.648+0000][1][safepoint    ] Leaving safepoint region
[2019-12-08T09:59:34.648+0000][1][safepoint    ] Total time for which application threads were stopped: 0.0000842 seconds, Stopping threads took: 0.0000233 seconds
[2019-12-08T09:59:35.648+0000][1][safepoint    ] Application time: 1.0000869 seconds
[2019-12-08T09:59:35.648+0000][1][safepoint    ] Entering safepoint region: Cleanup
[2019-12-08T09:59:35.649+0000][1][safepoint    ] Leaving safepoint region
[2019-12-08T09:59:35.649+0000][1][safepoint    ] Total time for which application threads were stopped: 0.0000889 seconds, Stopping threads took: 0.0000284 seconds
[2019-12-08T09:59:36.649+0000][1][safepoint    ] Application time: 1.0000803 seconds
[2019-12-08T09:59:36.649+0000][1][safepoint    ] Entering safepoint region: Cleanup
[2019-12-08T09:59:36.649+0000][1][safepoint    ] Leaving safepoint region
[2019-12-08T09:59:36.649+0000][1][safepoint    ] Total time for which application threads were stopped: 0.0000895 seconds, Stopping threads took: 0.0000294 seconds
[2019-12-08T09:59:37.649+0000][1][safepoint    ] Application time: 1.0000822 seconds
[2019-12-08T09:59:37.649+0000][1][safepoint    ] Entering safepoint region: Cleanup
[2019-12-08T09:59:37.649+0000][1][safepoint    ] Leaving safepoint region
[2019-12-08T09:59:37.649+0000][1][safepoint    ] Total time for which application threads were stopped: 0.0001054 seconds, Stopping threads took: 0.0000260 seconds
[2019-12-08T09:59:38.649+0000][1][safepoint    ] Application time: 1.0000857 seconds
[2019-12-08T09:59:38.649+0000][1][safepoint    ] Entering safepoint region: Cleanup
[2019-12-08T09:59:38.649+0000][1][safepoint    ] Leaving safepoint region
[2019-12-08T09:59:38.649+0000][1][safepoint    ] Total time for which application threads were stopped: 0.0000854 seconds, Stopping threads took: 0.0000202 seconds
[2019-12-08T09:59:39.649+0000][1][safepoint    ] Application time: 1.0000828 seconds
[2019-12-08T09:59:39.649+0000][1][safepoint    ] Entering safepoint region: Cleanup
[2019-12-08T09:59:39.649+0000][1][safepoint    ] Leaving safepoint region
[2019-12-08T09:59:39.649+0000][1][safepoint    ] Total time for which application threads were stopped: 0.0000827 seconds, Stopping threads took: 0.0000186 seconds
[2019-12-08T09:59:40.650+0000][1][safepoint    ] Application time: 1.0000794 seconds
[2019-12-08T09:59:40.650+0000][1][safepoint    ] Entering safepoint region: Cleanup
[2019-12-08T09:59:40.650+0000][1][safepoint    ] Leaving safepoint region
[2019-12-08T09:59:40.650+0000][1][safepoint    ] Total time for which application threads were stopped: 0.0000785 seconds, Stopping threads took: 0.0000197 seconds
[2019-12-08T09:59:41.650+0000][1][safepoint    ] Application time: 1.0000813 seconds
[2019-12-08T09:59:41.650+0000][1][safepoint    ] Entering safepoint region: Cleanup
[2019-12-08T09:59:41.650+0000][1][safepoint    ] Leaving safepoint region
[2019-12-08T09:59:41.650+0000][1][safepoint    ] Total time for which application threads were stopped: 0.0000832 seconds, Stopping threads took: 0.0000201 seconds
[2019-12-08T09:59:42.650+0000][1][safepoint    ] Application time: 1.0001008 seconds
[2019-12-08T09:59:42.650+0000][1][safepoint    ] Entering safepoint region: Cleanup
[2019-12-08T09:59:42.650+0000][1][safepoint    ] Leaving safepoint region
[2019-12-08T09:59:42.650+0000][1][safepoint    ] Total time for which application threads were stopped: 0.0000847 seconds, Stopping threads took: 0.0000200 seconds
[2019-12-08T09:59:43.650+0000][1][safepoint    ] Application time: 1.0000914 seconds
[2019-12-08T09:59:43.650+0000][1][safepoint    ] Entering safepoint region: Cleanup
[2019-12-08T09:59:43.650+0000][1][safepoint    ] Leaving safepoint region
[2019-12-08T09:59:43.650+0000][1][safepoint    ] Total time for which application threads were stopped: 0.0000845 seconds, Stopping threads took: 0.0000210 seconds
[2019-12-08T09:59:44.650+0000][1][safepoint    ] Application time: 1.0000897 seconds
[2019-12-08T09:59:44.650+0000][1][safepoint    ] Entering safepoint region: Cleanup
[2019-12-08T09:59:44.651+0000][1][safepoint    ] Leaving safepoint region
[2019-12-08T09:59:44.651+0000][1][safepoint    ] Total time for which application threads were stopped: 0.0000849 seconds, Stopping threads took: 0.0000214 seconds
[2019-12-08T09:59:45.651+0000][1][safepoint    ] Application time: 1.0000922 seconds
[2019-12-08T09:59:45.651+0000][1][safepoint    ] Entering safepoint region: Cleanup
[2019-12-08T09:59:45.651+0000][1][safepoint    ] Leaving safepoint region
[2019-12-08T09:59:45.651+0000][1][safepoint    ] Total time for which application threads were stopped: 0.0001046 seconds, Stopping threads took: 0.0000411 seconds
[2019-12-08T09:59:46.651+0000][1][safepoint    ] Application time: 1.0000935 seconds
[2019-12-08T09:59:46.651+0000][1][safepoint    ] Entering safepoint region: Cleanup
[2019-12-08T09:59:46.651+0000][1][safepoint    ] Leaving safepoint region
[2019-12-08T09:59:46.651+0000][1][safepoint    ] Total time for which application threads were stopped: 0.0000962 seconds, Stopping threads took: 0.0000249 seconds
[2019-12-08T09:59:47.651+0000][1][safepoint    ] Application time: 1.0000981 seconds
[2019-12-08T09:59:47.651+0000][1][safepoint    ] Entering safepoint region: Cleanup
[2019-12-08T09:59:47.651+0000][1][safepoint    ] Leaving safepoint region
[2019-12-08T09:59:47.651+0000][1][safepoint    ] Total time for which application threads were stopped: 0.0001105 seconds, Stopping threads took: 0.0000250 seconds
[2019-12-08T09:59:48.651+0000][1][safepoint    ] Application time: 1.0000363 seconds
[2019-12-08T09:59:48.651+0000][1][safepoint    ] Entering safepoint region: Cleanup
[2019-12-08T09:59:48.651+0000][1][safepoint    ] Leaving safepoint region
[2019-12-08T09:59:48.651+0000][1][safepoint    ] Total time for which application threads were stopped: 0.0000790 seconds, Stopping threads took: 0.0000190 seconds
[2019-12-08T09:59:49.652+0000][1][safepoint    ] Application time: 1.0000818 seconds
[2019-12-08T09:59:49.652+0000][1][safepoint    ] Entering safepoint region: Cleanup
[2019-12-08T09:59:49.652+0000][1][safepoint    ] Leaving safepoint region
[2019-12-08T09:59:49.652+0000][1][safepoint    ] Total time for which application threads were stopped: 0.0000774 seconds, Stopping threads took: 0.0000189 seconds
[2019-12-08T09:59:50.652+0000][1][safepoint    ] Application time: 1.0000806 seconds
[2019-12-08T09:59:50.652+0000][1][safepoint    ] Entering safepoint region: Cleanup
[2019-12-08T09:59:50.652+0000][1][safepoint    ] Leaving safepoint region
[2019-12-08T09:59:50.652+0000][1][safepoint    ] Total time for which application threads were stopped: 0.0000887 seconds, Stopping threads took: 0.0000279 seconds
[2019-12-08T09:59:51.652+0000][1][safepoint    ] Application time: 1.0000765 seconds
[2019-12-08T09:59:51.652+0000][1][safepoint    ] Entering safepoint region: Cleanup
[2019-12-08T09:59:51.652+0000][1][safepoint    ] Leaving safepoint region
[2019-12-08T09:59:51.652+0000][1][safepoint    ] Total time for which application threads were stopped: 0.0000755 seconds, Stopping threads took: 0.0000189 seconds
[2019-12-08T09:59:52.652+0000][1][safepoint    ] Application time: 1.0000777 seconds
[2019-12-08T09:59:52.652+0000][1][safepoint    ] Entering safepoint region: Cleanup
[2019-12-08T09:59:52.652+0000][1][safepoint    ] Leaving safepoint region
[2019-12-08T09:59:52.652+0000][1][safepoint    ] Total time for which application threads were stopped: 0.0000743 seconds, Stopping threads took: 0.0000180 seconds
[2019-12-08T09:59:53.652+0000][1][safepoint    ] Application time: 1.0000820 seconds
[2019-12-08T09:59:53.652+0000][1][safepoint    ] Entering safepoint region: Cleanup
[2019-12-08T09:59:53.652+0000][1][safepoint    ] Leaving safepoint region
[2019-12-08T09:59:53.652+0000][1][safepoint    ] Total time for which application threads were stopped: 0.0000811 seconds, Stopping threads took: 0.0000204 seconds
[2019-12-08T09:59:54.652+0000][1][safepoint    ] Application time: 1.0000771 seconds
[2019-12-08T09:59:54.653+0000][1][safepoint    ] Entering safepoint region: Cleanup
[2019-12-08T09:59:54.653+0000][1][safepoint    ] Leaving safepoint region
[2019-12-08T09:59:54.653+0000][1][safepoint    ] Total time for which application threads were stopped: 0.0000930 seconds, Stopping threads took: 0.0000194 seconds
[2019-12-08T09:59:55.653+0000][1][safepoint    ] Application time: 1.0000772 seconds
[2019-12-08T09:59:55.653+0000][1][safepoint    ] Entering safepoint region: Cleanup
[2019-12-08T09:59:55.653+0000][1][safepoint    ] Leaving safepoint region
[2019-12-08T09:59:55.653+0000][1][safepoint    ] Total time for which application threads were stopped: 0.0000876 seconds, Stopping threads took: 0.0000181 seconds
[2019-12-08T09:59:56.653+0000][1][safepoint    ] Application time: 1.0000771 seconds
[2019-12-08T09:59:56.653+0000][1][safepoint    ] Entering safepoint region: Cleanup
[2019-12-08T09:59:56.653+0000][1][safepoint    ] Leaving safepoint region
[2019-12-08T09:59:56.653+0000][1][safepoint    ] Total time for which application threads were stopped: 0.0000824 seconds, Stopping threads took: 0.0000185 seconds
[2019-12-08T09:59:57.653+0000][1][safepoint    ] Application time: 1.0000776 seconds
[2019-12-08T09:59:57.653+0000][1][safepoint    ] Entering safepoint region: Cleanup
[2019-12-08T09:59:57.653+0000][1][safepoint    ] Leaving safepoint region
[2019-12-08T09:59:57.653+0000][1][safepoint    ] Total time for which application threads were stopped: 0.0000752 seconds, Stopping threads took: 0.0000175 seconds
[2019-12-08T09:59:58.653+0000][1][safepoint    ] Application time: 1.0000784 seconds
[2019-12-08T09:59:58.653+0000][1][safepoint    ] Entering safepoint region: Cleanup
[2019-12-08T09:59:58.653+0000][1][safepoint    ] Leaving safepoint region
[2019-12-08T09:59:58.653+0000][1][safepoint    ] Total time for which application threads were stopped: 0.0000759 seconds, Stopping threads took: 0.0000180 seconds
[2019-12-08T09:59:59.653+0000][1][safepoint    ] Application time: 1.0000843 seconds
[2019-12-08T09:59:59.654+0000][1][safepoint    ] Entering safepoint region: Cleanup
[2019-12-08T09:59:59.654+0000][1][safepoint    ] Leaving safepoint region
[2019-12-08T09:59:59.654+0000][1][safepoint    ] Total time for which application threads were stopped: 0.0000800 seconds, Stopping threads took: 0.0000185 seconds
[2019-12-08T10:00:00.654+0000][1][safepoint    ] Application time: 1.0000879 seconds
[2019-12-08T10:00:00.654+0000][1][safepoint    ] Entering safepoint region: Cleanup
[2019-12-08T10:00:00.654+0000][1][safepoint    ] Leaving safepoint region
[2019-12-08T10:00:00.654+0000][1][safepoint    ] Total time for which application threads were stopped: 0.0000850 seconds, Stopping threads took: 0.0000271 seconds
[2019-12-08T10:00:01.654+0000][1][safepoint    ] Application time: 1.0000467 seconds
[2019-12-08T10:00:01.654+0000][1][safepoint    ] Entering safepoint region: Cleanup
[2019-12-08T10:00:01.654+0000][1][safepoint    ] Leaving safepoint region
[2019-12-08T10:00:01.654+0000][1][safepoint    ] Total time for which application threads were stopped: 0.0001232 seconds, Stopping threads took: 0.0000314 seconds
[2019-12-08T10:00:02.654+0000][1][safepoint    ] Application time: 1.0000824 seconds
[2019-12-08T10:00:02.654+0000][1][safepoint    ] Entering safepoint region: Cleanup
[2019-12-08T10:00:02.654+0000][1][safepoint    ] Leaving safepoint region
[2019-12-08T10:00:02.654+0000][1][safepoint    ] Total time for which application threads were stopped: 0.0000801 seconds, Stopping threads took: 0.0000186 seconds
[2019-12-08T10:00:03.654+0000][1][safepoint    ] Application time: 1.0000839 seconds
[2019-12-08T10:00:03.654+0000][1][safepoint    ] Entering safepoint region: Cleanup
[2019-12-08T10:00:03.654+0000][1][safepoint    ] Leaving safepoint region
[2019-12-08T10:00:03.654+0000][1][safepoint    ] Total time for which application threads were stopped: 0.0000802 seconds, Stopping threads took: 0.0000193 seconds
[2019-12-08T10:00:04.655+0000][1][safepoint    ] Application time: 1.0000818 seconds
[2019-12-08T10:00:04.655+0000][1][safepoint    ] Entering safepoint region: Cleanup
[2019-12-08T10:00:04.655+0000][1][safepoint    ] Leaving safepoint region
[2019-12-08T10:00:04.655+0000][1][safepoint    ] Total time for which application threads were stopped: 0.0000844 seconds, Stopping threads took: 0.0000187 seconds
[2019-12-08T10:00:05.655+0000][1][safepoint    ] Application time: 1.0000812 seconds
[2019-12-08T10:00:05.655+0000][1][safepoint    ] Entering safepoint region: Cleanup
[2019-12-08T10:00:05.655+0000][1][safepoint    ] Leaving safepoint region
[2019-12-08T10:00:05.655+0000][1][safepoint    ] Total time for which application threads were stopped: 0.0000778 seconds, Stopping threads took: 0.0000194 seconds
[2019-12-08T10:00:06.655+0000][1][safepoint    ] Application time: 1.0000771 seconds
[2019-12-08T10:00:06.655+0000][1][safepoint    ] Entering safepoint region: Cleanup
[2019-12-08T10:00:06.655+0000][1][safepoint    ] Leaving safepoint region
[2019-12-08T10:00:06.655+0000][1][safepoint    ] Total time for which application threads were stopped: 0.0000752 seconds, Stopping threads took: 0.0000178 seconds
[2019-12-08T10:00:07.655+0000][1][safepoint    ] Application time: 1.0000770 seconds
[2019-12-08T10:00:07.655+0000][1][safepoint    ] Entering safepoint region: Cleanup
[2019-12-08T10:00:07.655+0000][1][safepoint    ] Leaving safepoint region
[2019-12-08T10:00:07.655+0000][1][safepoint    ] Total time for which application threads were stopped: 0.0000829 seconds, Stopping threads took: 0.0000201 seconds
[2019-12-08T10:00:08.655+0000][1][safepoint    ] Application time: 1.0000949 seconds
[2019-12-08T10:00:08.655+0000][1][safepoint    ] Entering safepoint region: Cleanup
[2019-12-08T10:00:08.655+0000][1][safepoint    ] Leaving safepoint region
[2019-12-08T10:00:08.655+0000][1][safepoint    ] Total time for which application threads were stopped: 0.0000807 seconds, Stopping threads took: 0.0000193 seconds
[2019-12-08T10:00:09.656+0000][1][safepoint    ] Application time: 1.0000784 seconds
[2019-12-08T10:00:09.656+0000][1][safepoint    ] Entering safepoint region: Cleanup
[2019-12-08T10:00:09.656+0000][1][safepoint    ] Leaving safepoint region
[2019-12-08T10:00:09.656+0000][1][safepoint    ] Total time for which application threads were stopped: 0.0000766 seconds, Stopping threads took: 0.0000180 seconds
[2019-12-08T10:00:10.656+0000][1][safepoint    ] Application time: 1.0000819 seconds
[2019-12-08T10:00:10.656+0000][1][safepoint    ] Entering safepoint region: Cleanup
[2019-12-08T10:00:10.656+0000][1][safepoint    ] Leaving safepoint region
[2019-12-08T10:00:10.656+0000][1][safepoint    ] Total time for which application threads were stopped: 0.0000868 seconds, Stopping threads took: 0.0000265 seconds
[2019-12-08T10:00:11.656+0000][1][safepoint    ] Application time: 1.0000895 seconds
[2019-12-08T10:00:11.656+0000][1][safepoint    ] Entering safepoint region: Cleanup
[2019-12-08T10:00:11.656+0000][1][safepoint    ] Leaving safepoint region
[2019-12-08T10:00:11.656+0000][1][safepoint    ] Total time for which application threads were stopped: 0.0000825 seconds, Stopping threads took: 0.0000206 seconds
[2019-12-08T10:00:12.656+0000][1][safepoint    ] Application time: 1.0000800 seconds
[2019-12-08T10:00:12.656+0000][1][safepoint    ] Entering safepoint region: Cleanup
[2019-12-08T10:00:12.656+0000][1][safepoint    ] Leaving safepoint region
[2019-12-08T10:00:12.656+0000][1][safepoint    ] Total time for which application threads were stopped: 0.0000749 seconds, Stopping threads took: 0.0000190 seconds
[2019-12-08T10:00:13.656+0000][1][safepoint    ] Application time: 1.0000874 seconds
[2019-12-08T10:00:13.656+0000][1][safepoint    ] Entering safepoint region: Cleanup
[2019-12-08T10:00:13.656+0000][1][safepoint    ] Leaving safepoint region
[2019-12-08T10:00:13.656+0000][1][safepoint    ] Total time for which application threads were stopped: 0.0000780 seconds, Stopping threads took: 0.0000188 seconds
[2019-12-08T10:00:14.657+0000][1][safepoint    ] Application time: 1.0000778 seconds
[2019-12-08T10:00:14.657+0000][1][safepoint    ] Entering safepoint region: Cleanup
[2019-12-08T10:00:14.657+0000][1][safepoint    ] Leaving safepoint region
[2019-12-08T10:00:14.657+0000][1][safepoint    ] Total time for which application threads were stopped: 0.0000780 seconds, Stopping threads took: 0.0000197 seconds
[2019-12-08T10:00:15.657+0000][1][safepoint    ] Application time: 1.0000787 seconds
[2019-12-08T10:00:15.657+0000][1][safepoint    ] Entering safepoint region: Cleanup
[2019-12-08T10:00:15.657+0000][1][safepoint    ] Leaving safepoint region
[2019-12-08T10:00:15.657+0000][1][safepoint    ] Total time for which application threads were stopped: 0.0000826 seconds, Stopping threads took: 0.0000189 seconds
[2019-12-08T10:00:16.657+0000][1][safepoint    ] Application time: 1.0000790 seconds
[2019-12-08T10:00:16.657+0000][1][safepoint    ] Entering safepoint region: Cleanup
[2019-12-08T10:00:16.657+0000][1][safepoint    ] Leaving safepoint region
[2019-12-08T10:00:16.657+0000][1][safepoint    ] Total time for which application threads were stopped: 0.0000823 seconds, Stopping threads took: 0.0000183 seconds
[2019-12-08T10:00:17.657+0000][1][safepoint    ] Application time: 1.0000858 seconds
[2019-12-08T10:00:17.657+0000][1][safepoint    ] Entering safepoint region: Cleanup
[2019-12-08T10:00:17.657+0000][1][safepoint    ] Leaving safepoint region
[2019-12-08T10:00:17.657+0000][1][safepoint    ] Total time for which application threads were stopped: 0.0000806 seconds, Stopping threads took: 0.0000193 seconds
[2019-12-08T10:00:18.657+0000][1][safepoint    ] Application time: 1.0000797 seconds
[2019-12-08T10:00:18.657+0000][1][safepoint    ] Entering safepoint region: Cleanup
[2019-12-08T10:00:18.657+0000][1][safepoint    ] Leaving safepoint region
[2019-12-08T10:00:18.657+0000][1][safepoint    ] Total time for which application threads were stopped: 0.0000765 seconds, Stopping threads took: 0.0000191 seconds
[2019-12-08T10:00:19.658+0000][1][safepoint    ] Application time: 1.0000776 seconds
[2019-12-08T10:00:19.658+0000][1][safepoint    ] Entering safepoint region: Cleanup
[2019-12-08T10:00:19.658+0000][1][safepoint    ] Leaving safepoint region
[2019-12-08T10:00:19.658+0000][1][safepoint    ] Total time for which application threads were stopped: 0.0000795 seconds, Stopping threads took: 0.0000189 seconds
[2019-12-08T10:00:20.658+0000][1][safepoint    ] Application time: 1.0000837 seconds
[2019-12-08T10:00:20.658+0000][1][safepoint    ] Entering safepoint region: Cleanup
[2019-12-08T10:00:20.658+0000][1][safepoint    ] Leaving safepoint region
[2019-12-08T10:00:20.658+0000][1][safepoint    ] Total time for which application threads were stopped: 0.0000887 seconds, Stopping threads took: 0.0000278 seconds
[2019-12-08T10:00:21.658+0000][1][safepoint    ] Application time: 1.0000797 seconds
[2019-12-08T10:00:21.658+0000][1][safepoint    ] Entering safepoint region: Cleanup
[2019-12-08T10:00:21.658+0000][1][safepoint    ] Leaving safepoint region
[2019-12-08T10:00:21.658+0000][1][safepoint    ] Total time for which application threads were stopped: 0.0000804 seconds, Stopping threads took: 0.0000190 seconds
[2019-12-08T10:00:22.658+0000][1][safepoint    ] Application time: 1.0000767 seconds
[2019-12-08T10:00:22.658+0000][1][safepoint    ] Entering safepoint region: Cleanup
[2019-12-08T10:00:22.658+0000][1][safepoint    ] Leaving safepoint region
[2019-12-08T10:00:22.658+0000][1][safepoint    ] Total time for which application threads were stopped: 0.0000783 seconds, Stopping threads took: 0.0000185 seconds
[2019-12-08T10:00:23.658+0000][1][safepoint    ] Application time: 1.0000785 seconds
[2019-12-08T10:00:23.658+0000][1][safepoint    ] Entering safepoint region: Cleanup
[2019-12-08T10:00:23.658+0000][1][safepoint    ] Leaving safepoint region
[2019-12-08T10:00:23.658+0000][1][safepoint    ] Total time for which application threads were stopped: 0.0000781 seconds, Stopping threads took: 0.0000194 seconds
[2019-12-08T10:00:24.659+0000][1][safepoint    ] Application time: 1.0000794 seconds
[2019-12-08T10:00:24.659+0000][1][safepoint    ] Entering safepoint region: Cleanup
[2019-12-08T10:00:24.659+0000][1][safepoint    ] Leaving safepoint region
[2019-12-08T10:00:24.659+0000][1][safepoint    ] Total time for which application threads were stopped: 0.0000756 seconds, Stopping threads took: 0.0000171 seconds
[2019-12-08T10:00:25.659+0000][1][safepoint    ] Application time: 1.0000889 seconds
[2019-12-08T10:00:25.659+0000][1][safepoint    ] Entering safepoint region: Cleanup
[2019-12-08T10:00:25.659+0000][1][safepoint    ] Leaving safepoint region
[2019-12-08T10:00:25.659+0000][1][safepoint    ] Total time for which application threads were stopped: 0.0000795 seconds, Stopping threads took: 0.0000187 seconds
[2019-12-08T10:00:26.659+0000][1][safepoint    ] Application time: 1.0000796 seconds
[2019-12-08T10:00:26.659+0000][1][safepoint    ] Entering safepoint region: Cleanup
[2019-12-08T10:00:26.659+0000][1][safepoint    ] Leaving safepoint region
[2019-12-08T10:00:26.659+0000][1][safepoint    ] Total time for which application threads were stopped: 0.0000871 seconds, Stopping threads took: 0.0000275 seconds
[2019-12-08T10:00:27.659+0000][1][safepoint    ] Application time: 1.0000821 seconds
[2019-12-08T10:00:27.659+0000][1][safepoint    ] Entering safepoint region: Cleanup
[2019-12-08T10:00:27.659+0000][1][safepoint    ] Leaving safepoint region
[2019-12-08T10:00:27.659+0000][1][safepoint    ] Total time for which application threads were stopped: 0.0000811 seconds, Stopping threads took: 0.0000198 seconds
[2019-12-08T10:00:28.659+0000][1][safepoint    ] Application time: 1.0000786 seconds
[2019-12-08T10:00:28.659+0000][1][safepoint    ] Entering safepoint region: Cleanup
[2019-12-08T10:00:28.659+0000][1][safepoint    ] Leaving safepoint region
[2019-12-08T10:00:28.659+0000][1][safepoint    ] Total time for which application threads were stopped: 0.0000780 seconds, Stopping threads took: 0.0000177 seconds
[2019-12-08T10:00:29.660+0000][1][safepoint    ] Application time: 1.0000759 seconds
[2019-12-08T10:00:29.660+0000][1][safepoint    ] Entering safepoint region: Cleanup
[2019-12-08T10:00:29.660+0000][1][safepoint    ] Leaving safepoint region
[2019-12-08T10:00:29.660+0000][1][safepoint    ] Total time for which application threads were stopped: 0.0000919 seconds, Stopping threads took: 0.0000181 seconds
[2019-12-08T10:00:30.660+0000][1][safepoint    ] Application time: 1.0000756 seconds
[2019-12-08T10:00:30.660+0000][1][safepoint    ] Entering safepoint region: Cleanup
[2019-12-08T10:00:30.660+0000][1][safepoint    ] Leaving safepoint region
[2019-12-08T10:00:30.660+0000][1][safepoint    ] Total time for which application threads were stopped: 0.0000908 seconds, Stopping threads took: 0.0000182 seconds
[2019-12-08T10:00:31.660+0000][1][safepoint    ] Application time: 1.0000983 seconds
[2019-12-08T10:00:31.660+0000][1][safepoint    ] Entering safepoint region: Cleanup
[2019-12-08T10:00:31.660+0000][1][safepoint    ] Leaving safepoint region
[2019-12-08T10:00:31.660+0000][1][safepoint    ] Total time for which application threads were stopped: 0.0000785 seconds, Stopping threads took: 0.0000185 seconds
[2019-12-08T10:00:32.660+0000][1][safepoint    ] Application time: 1.0000878 seconds
[2019-12-08T10:00:32.660+0000][1][safepoint    ] Entering safepoint region: Cleanup
[2019-12-08T10:00:32.660+0000][1][safepoint    ] Leaving safepoint region
[2019-12-08T10:00:32.660+0000][1][safepoint    ] Total time for which application threads were stopped: 0.0000793 seconds, Stopping threads took: 0.0000184 seconds
[2019-12-08T10:00:33.660+0000][1][safepoint    ] Application time: 1.0000818 seconds
[2019-12-08T10:00:33.660+0000][1][safepoint    ] Entering safepoint region: Cleanup
[2019-12-08T10:00:33.661+0000][1][safepoint    ] Leaving safepoint region
[2019-12-08T10:00:33.661+0000][1][safepoint    ] Total time for which application threads were stopped: 0.0000801 seconds, Stopping threads took: 0.0000184 seconds
[2019-12-08T10:00:34.661+0000][1][safepoint    ] Application time: 1.0000788 seconds
[2019-12-08T10:00:34.661+0000][1][safepoint    ] Entering safepoint region: Cleanup
[2019-12-08T10:00:34.661+0000][1][safepoint    ] Leaving safepoint region
[2019-12-08T10:00:34.661+0000][1][safepoint    ] Total time for which application threads were stopped: 0.0000870 seconds, Stopping threads took: 0.0000285 seconds
[2019-12-08T10:00:35.661+0000][1][safepoint    ] Application time: 1.0000812 seconds
[2019-12-08T10:00:35.661+0000][1][safepoint    ] Entering safepoint region: Cleanup
[2019-12-08T10:00:35.661+0000][1][safepoint    ] Leaving safepoint region
[2019-12-08T10:00:35.661+0000][1][safepoint    ] Total time for which application threads were stopped: 0.0000967 seconds, Stopping threads took: 0.0000295 seconds
[2019-12-08T10:00:36.661+0000][1][safepoint    ] Application time: 1.0000767 seconds
[2019-12-08T10:00:36.661+0000][1][safepoint    ] Entering safepoint region: Cleanup
[2019-12-08T10:00:36.661+0000][1][safepoint    ] Leaving safepoint region
[2019-12-08T10:00:36.661+0000][1][safepoint    ] Total time for which application threads were stopped: 0.0000924 seconds, Stopping threads took: 0.0000318 seconds
[2019-12-08T10:00:37.661+0000][1][safepoint    ] Application time: 1.0000746 seconds
[2019-12-08T10:00:37.661+0000][1][safepoint    ] Entering safepoint region: Cleanup
[2019-12-08T10:00:37.661+0000][1][safepoint    ] Leaving safepoint region
[2019-12-08T10:00:37.661+0000][1][safepoint    ] Total time for which application threads were stopped: 0.0000758 seconds, Stopping threads took: 0.0000171 seconds
[2019-12-08T10:00:38.661+0000][1][safepoint    ] Application time: 1.0000773 seconds
[2019-12-08T10:00:38.662+0000][1][safepoint    ] Entering safepoint region: Cleanup
[2019-12-08T10:00:38.662+0000][1][safepoint    ] Leaving safepoint region
[2019-12-08T10:00:38.662+0000][1][safepoint    ] Total time for which application threads were stopped: 0.0000798 seconds, Stopping threads took: 0.0000190 seconds
[2019-12-08T10:00:39.662+0000][1][safepoint    ] Application time: 1.0000746 seconds
[2019-12-08T10:00:39.662+0000][1][safepoint    ] Entering safepoint region: Cleanup
[2019-12-08T10:00:39.662+0000][1][safepoint    ] Leaving safepoint region
[2019-12-08T10:00:39.662+0000][1][safepoint    ] Total time for which application threads were stopped: 0.0000763 seconds, Stopping threads took: 0.0000177 seconds
[2019-12-08T10:00:40.662+0000][1][safepoint    ] Application time: 1.0000757 seconds
[2019-12-08T10:00:40.662+0000][1][safepoint    ] Entering safepoint region: Cleanup
[2019-12-08T10:00:40.662+0000][1][safepoint    ] Leaving safepoint region
[2019-12-08T10:00:40.662+0000][1][safepoint    ] Total time for which application threads were stopped: 0.0000863 seconds, Stopping threads took: 0.0000201 seconds
[2019-12-08T10:00:41.662+0000][1][safepoint    ] Application time: 1.0000779 seconds
[2019-12-08T10:00:41.662+0000][1][safepoint    ] Entering safepoint region: Cleanup
[2019-12-08T10:00:41.662+0000][1][safepoint    ] Leaving safepoint region
[2019-12-08T10:00:41.662+0000][1][safepoint    ] Total time for which application threads were stopped: 0.0000883 seconds, Stopping threads took: 0.0000190 seconds
[2019-12-08T10:00:42.662+0000][1][safepoint    ] Application time: 1.0000801 seconds
[2019-12-08T10:00:42.662+0000][1][safepoint    ] Entering safepoint region: Cleanup
[2019-12-08T10:00:42.662+0000][1][safepoint    ] Leaving safepoint region
[2019-12-08T10:00:42.662+0000][1][safepoint    ] Total time for which application threads were stopped: 0.0000791 seconds, Stopping threads took: 0.0000185 seconds
[2019-12-08T10:00:43.662+0000][1][safepoint    ] Application time: 1.0000806 seconds
[2019-12-08T10:00:43.663+0000][1][safepoint    ] Entering safepoint region: Cleanup
[2019-12-08T10:00:43.663+0000][1][safepoint    ] Leaving safepoint region
[2019-12-08T10:00:43.663+0000][1][safepoint    ] Total time for which application threads were stopped: 0.0000786 seconds, Stopping threads took: 0.0000181 seconds
[2019-12-08T10:00:44.663+0000][1][safepoint    ] Application time: 1.0000843 seconds
[2019-12-08T10:00:44.663+0000][1][safepoint    ] Entering safepoint region: Cleanup
[2019-12-08T10:00:44.663+0000][1][safepoint    ] Leaving safepoint region
[2019-12-08T10:00:44.663+0000][1][safepoint    ] Total time for which application threads were stopped: 0.0000781 seconds, Stopping threads took: 0.0000187 seconds
[2019-12-08T10:00:45.663+0000][1][safepoint    ] Application time: 1.0000838 seconds
[2019-12-08T10:00:45.663+0000][1][safepoint    ] Entering safepoint region: Cleanup
[2019-12-08T10:00:45.663+0000][1][safepoint    ] Leaving safepoint region
[2019-12-08T10:00:45.663+0000][1][safepoint    ] Total time for which application threads were stopped: 0.0000771 seconds, Stopping threads took: 0.0000183 seconds
[2019-12-08T10:00:46.663+0000][1][safepoint    ] Application time: 1.0000836 seconds
[2019-12-08T10:00:46.663+0000][1][safepoint    ] Entering safepoint region: Cleanup
[2019-12-08T10:00:46.663+0000][1][safepoint    ] Leaving safepoint region
[2019-12-08T10:00:46.663+0000][1][safepoint    ] Total time for which application threads were stopped: 0.0000790 seconds, Stopping threads took: 0.0000191 seconds
[2019-12-08T10:00:47.663+0000][1][safepoint    ] Application time: 1.0000844 seconds
[2019-12-08T10:00:47.663+0000][1][safepoint    ] Entering safepoint region: Cleanup
[2019-12-08T10:00:47.663+0000][1][safepoint    ] Leaving safepoint region
[2019-12-08T10:00:47.663+0000][1][safepoint    ] Total time for which application threads were stopped: 0.0000826 seconds, Stopping threads took: 0.0000212 seconds
[2019-12-08T10:00:48.664+0000][1][safepoint    ] Application time: 1.0000850 seconds
[2019-12-08T10:00:48.664+0000][1][safepoint    ] Entering safepoint region: Cleanup
[2019-12-08T10:00:48.664+0000][1][safepoint    ] Leaving safepoint region
[2019-12-08T10:00:48.664+0000][1][safepoint    ] Total time for which application threads were stopped: 0.0000814 seconds, Stopping threads took: 0.0000205 seconds
[2019-12-08T10:00:49.664+0000][1][safepoint    ] Application time: 1.0000824 seconds
[2019-12-08T10:00:49.664+0000][1][safepoint    ] Entering safepoint region: Cleanup
[2019-12-08T10:00:49.664+0000][1][safepoint    ] Leaving safepoint region
[2019-12-08T10:00:49.664+0000][1][safepoint    ] Total time for which application threads were stopped: 0.0000788 seconds, Stopping threads took: 0.0000190 seconds
[2019-12-08T10:00:50.664+0000][1][safepoint    ] Application time: 1.0000837 seconds
[2019-12-08T10:00:50.664+0000][1][safepoint    ] Entering safepoint region: Cleanup
[2019-12-08T10:00:50.664+0000][1][safepoint    ] Leaving safepoint region
[2019-12-08T10:00:50.664+0000][1][safepoint    ] Total time for which application threads were stopped: 0.0000804 seconds, Stopping threads took: 0.0000197 seconds
[2019-12-08T10:00:51.664+0000][1][safepoint    ] Application time: 1.0000853 seconds
[2019-12-08T10:00:51.664+0000][1][safepoint    ] Entering safepoint region: Cleanup
[2019-12-08T10:00:51.664+0000][1][safepoint    ] Leaving safepoint region
[2019-12-08T10:00:51.664+0000][1][safepoint    ] Total time for which application threads were stopped: 0.0000810 seconds, Stopping threads took: 0.0000202 seconds
[2019-12-08T10:00:52.664+0000][1][safepoint    ] Application time: 1.0000784 seconds
[2019-12-08T10:00:52.664+0000][1][safepoint    ] Entering safepoint region: Cleanup
[2019-12-08T10:00:52.664+0000][1][safepoint    ] Leaving safepoint region
[2019-12-08T10:00:52.664+0000][1][safepoint    ] Total time for which application threads were stopped: 0.0000756 seconds, Stopping threads took: 0.0000181 seconds
[2019-12-08T10:00:53.684+0000][1][safepoint    ] Application time: 1.0199222 seconds
[2019-12-08T10:00:53.684+0000][1][safepoint    ] Entering safepoint region: GenCollectForAllocation
[2019-12-08T10:00:53.685+0000][1][gc,start     ] GC(26) Pause Young (Allocation Failure)
[2019-12-08T10:00:53.685+0000][1][gc,task      ] GC(26) Using 4 workers of 4 for evacuation
[2019-12-08T10:00:53.688+0000][1][gc,age       ] GC(26) Desired survivor size 4456448 bytes, new threshold 6 (max threshold 6)
[2019-12-08T10:00:53.688+0000][1][gc,age       ] GC(26) Age table with threshold 6 (max threshold 6)
[2019-12-08T10:00:53.688+0000][1][gc,age       ] GC(26) - age   1:       7232 bytes,       7232 total
[2019-12-08T10:00:53.688+0000][1][gc,age       ] GC(26) - age   2:       5472 bytes,      12704 total
[2019-12-08T10:00:53.688+0000][1][gc,age       ] GC(26) - age   3:     582240 bytes,     594944 total
[2019-12-08T10:00:53.688+0000][1][gc,age       ] GC(26) - age   4:     998832 bytes,    1593776 total
[2019-12-08T10:00:53.688+0000][1][gc,heap      ] GC(26) ParNew: 72450K->1968K(78656K)
[2019-12-08T10:00:53.688+0000][1][gc,heap      ] GC(26) CMS: 69431K->69431K(174784K)
[2019-12-08T10:00:53.688+0000][1][gc,metaspace ] GC(26) Metaspace: 69011K->69011K(1112064K)
[2019-12-08T10:00:53.688+0000][1][gc           ] GC(26) Pause Young (Allocation Failure) 138M->69M(247M) 3.194ms
[2019-12-08T10:00:53.688+0000][1][gc,cpu       ] GC(26) User=0.01s Sys=0.00s Real=0.00s
[2019-12-08T10:00:53.688+0000][1][safepoint    ] Leaving safepoint region
[2019-12-08T10:00:53.688+0000][1][safepoint    ] Total time for which application threads were stopped: 0.0034105 seconds, Stopping threads took: 0.0000171 seconds
[2019-12-08T10:00:54.688+0000][1][safepoint    ] Application time: 1.0000886 seconds
[2019-12-08T10:00:54.688+0000][1][safepoint    ] Entering safepoint region: Cleanup
[2019-12-08T10:00:54.688+0000][1][safepoint    ] Leaving safepoint region
[2019-12-08T10:00:54.688+0000][1][safepoint    ] Total time for which application threads were stopped: 0.0000790 seconds, Stopping threads took: 0.0000183 seconds
[2019-12-08T10:00:55.688+0000][1][safepoint    ] Application time: 1.0000778 seconds
[2019-12-08T10:00:55.688+0000][1][safepoint    ] Entering safepoint region: Cleanup
[2019-12-08T10:00:55.688+0000][1][safepoint    ] Leaving safepoint region
[2019-12-08T10:00:55.688+0000][1][safepoint    ] Total time for which application threads were stopped: 0.0000772 seconds, Stopping threads took: 0.0000183 seconds
[2019-12-08T10:00:56.688+0000][1][safepoint    ] Application time: 1.0000767 seconds
[2019-12-08T10:00:56.688+0000][1][safepoint    ] Entering safepoint region: Cleanup
[2019-12-08T10:00:56.688+0000][1][safepoint    ] Leaving safepoint region
[2019-12-08T10:00:56.688+0000][1][safepoint    ] Total time for which application threads were stopped: 0.0000790 seconds, Stopping threads took: 0.0000186 seconds
[2019-12-08T10:00:57.689+0000][1][safepoint    ] Application time: 1.0000755 seconds
[2019-12-08T10:00:57.689+0000][1][safepoint    ] Entering safepoint region: Cleanup
[2019-12-08T10:00:57.689+0000][1][safepoint    ] Leaving safepoint region
[2019-12-08T10:00:57.689+0000][1][safepoint    ] Total time for which application threads were stopped: 0.0000929 seconds, Stopping threads took: 0.0000184 seconds
[2019-12-08T10:00:58.689+0000][1][safepoint    ] Application time: 1.0000801 seconds
[2019-12-08T10:00:58.689+0000][1][safepoint    ] Entering safepoint region: Cleanup
[2019-12-08T10:00:58.689+0000][1][safepoint    ] Leaving safepoint region
[2019-12-08T10:00:58.689+0000][1][safepoint    ] Total time for which application threads were stopped: 0.0000841 seconds, Stopping threads took: 0.0000182 seconds
[2019-12-08T10:00:59.689+0000][1][safepoint    ] Application time: 1.0000777 seconds
[2019-12-08T10:00:59.689+0000][1][safepoint    ] Entering safepoint region: Cleanup
[2019-12-08T10:00:59.689+0000][1][safepoint    ] Leaving safepoint region
[2019-12-08T10:00:59.689+0000][1][safepoint    ] Total time for which application threads were stopped: 0.0000855 seconds, Stopping threads took: 0.0000184 seconds
[2019-12-08T10:01:00.689+0000][1][safepoint    ] Application time: 1.0000778 seconds
[2019-12-08T10:01:00.689+0000][1][safepoint    ] Entering safepoint region: Cleanup
[2019-12-08T10:01:00.689+0000][1][safepoint    ] Leaving safepoint region
[2019-12-08T10:01:00.689+0000][1][safepoint    ] Total time for which application threads were stopped: 0.0000759 seconds, Stopping threads took: 0.0000185 seconds
[2019-12-08T10:01:01.689+0000][1][safepoint    ] Application time: 1.0000853 seconds
[2019-12-08T10:01:01.689+0000][1][safepoint    ] Entering safepoint region: Cleanup
[2019-12-08T10:01:01.689+0000][1][safepoint    ] Leaving safepoint region
[2019-12-08T10:01:01.689+0000][1][safepoint    ] Total time for which application threads were stopped: 0.0000821 seconds, Stopping threads took: 0.0000200 seconds
[2019-12-08T10:01:02.690+0000][1][safepoint    ] Application time: 1.0000791 seconds
[2019-12-08T10:01:02.690+0000][1][safepoint    ] Entering safepoint region: Cleanup
[2019-12-08T10:01:02.690+0000][1][safepoint    ] Leaving safepoint region
[2019-12-08T10:01:02.690+0000][1][safepoint    ] Total time for which application threads were stopped: 0.0000798 seconds, Stopping threads took: 0.0000189 seconds
[2019-12-08T10:01:03.690+0000][1][safepoint    ] Application time: 1.0000883 seconds
[2019-12-08T10:01:03.690+0000][1][safepoint    ] Entering safepoint region: Cleanup
[2019-12-08T10:01:03.690+0000][1][safepoint    ] Leaving safepoint region
[2019-12-08T10:01:03.690+0000][1][safepoint    ] Total time for which application threads were stopped: 0.0000791 seconds, Stopping threads took: 0.0000191 seconds
[2019-12-08T10:01:04.690+0000][1][safepoint    ] Application time: 1.0001011 seconds
[2019-12-08T10:01:04.690+0000][1][safepoint    ] Entering safepoint region: Cleanup
[2019-12-08T10:01:04.690+0000][1][safepoint    ] Leaving safepoint region
[2019-12-08T10:01:04.690+0000][1][safepoint    ] Total time for which application threads were stopped: 0.0000821 seconds, Stopping threads took: 0.0000198 seconds
[2019-12-08T10:01:05.690+0000][1][safepoint    ] Application time: 1.0000820 seconds
[2019-12-08T10:01:05.690+0000][1][safepoint    ] Entering safepoint region: Cleanup
[2019-12-08T10:01:05.690+0000][1][safepoint    ] Leaving safepoint region
[2019-12-08T10:01:05.690+0000][1][safepoint    ] Total time for which application threads were stopped: 0.0000783 seconds, Stopping threads took: 0.0000192 seconds
[2019-12-08T10:01:06.690+0000][1][safepoint    ] Application time: 1.0000857 seconds
[2019-12-08T10:01:06.690+0000][1][safepoint    ] Entering safepoint region: Cleanup
[2019-12-08T10:01:06.691+0000][1][safepoint    ] Leaving safepoint region
[2019-12-08T10:01:06.691+0000][1][safepoint    ] Total time for which application threads were stopped: 0.0000792 seconds, Stopping threads took: 0.0000191 seconds
[2019-12-08T10:01:07.691+0000][1][safepoint    ] Application time: 1.0000800 seconds
[2019-12-08T10:01:07.691+0000][1][safepoint    ] Entering safepoint region: Cleanup
[2019-12-08T10:01:07.691+0000][1][safepoint    ] Leaving safepoint region
[2019-12-08T10:01:07.691+0000][1][safepoint    ] Total time for which application threads were stopped: 0.0001029 seconds, Stopping threads took: 0.0000186 seconds
[2019-12-08T10:01:08.691+0000][1][safepoint    ] Application time: 1.0000875 seconds
[2019-12-08T10:01:08.691+0000][1][safepoint    ] Entering safepoint region: Cleanup
[2019-12-08T10:01:08.691+0000][1][safepoint    ] Leaving safepoint region
[2019-12-08T10:01:08.691+0000][1][safepoint    ] Total time for which application threads were stopped: 0.0000850 seconds, Stopping threads took: 0.0000219 seconds
[2019-12-08T10:01:09.691+0000][1][safepoint    ] Application time: 1.0000791 seconds
[2019-12-08T10:01:09.691+0000][1][safepoint    ] Entering safepoint region: Cleanup
[2019-12-08T10:01:09.691+0000][1][safepoint    ] Leaving safepoint region
[2019-12-08T10:01:09.691+0000][1][safepoint    ] Total time for which application threads were stopped: 0.0000948 seconds, Stopping threads took: 0.0000208 seconds
[2019-12-08T10:01:10.691+0000][1][safepoint    ] Application time: 1.0000788 seconds
[2019-12-08T10:01:10.691+0000][1][safepoint    ] Entering safepoint region: Cleanup
[2019-12-08T10:01:10.691+0000][1][safepoint    ] Leaving safepoint region
[2019-12-08T10:01:10.691+0000][1][safepoint    ] Total time for which application threads were stopped: 0.0000800 seconds, Stopping threads took: 0.0000188 seconds
[2019-12-08T10:01:11.691+0000][1][safepoint    ] Application time: 1.0000800 seconds
[2019-12-08T10:01:11.692+0000][1][safepoint    ] Entering safepoint region: Cleanup
[2019-12-08T10:01:11.692+0000][1][safepoint    ] Leaving safepoint region
[2019-12-08T10:01:11.692+0000][1][safepoint    ] Total time for which application threads were stopped: 0.0000807 seconds, Stopping threads took: 0.0000188 seconds
[2019-12-08T10:01:12.692+0000][1][safepoint    ] Application time: 1.0000786 seconds
[2019-12-08T10:01:12.692+0000][1][safepoint    ] Entering safepoint region: Cleanup
[2019-12-08T10:01:12.692+0000][1][safepoint    ] Leaving safepoint region
[2019-12-08T10:01:12.692+0000][1][safepoint    ] Total time for which application threads were stopped: 0.0000804 seconds, Stopping threads took: 0.0000194 seconds
[2019-12-08T10:01:13.692+0000][1][safepoint    ] Application time: 1.0000852 seconds
[2019-12-08T10:01:13.692+0000][1][safepoint    ] Entering safepoint region: Cleanup
[2019-12-08T10:01:13.692+0000][1][safepoint    ] Leaving safepoint region
[2019-12-08T10:01:13.692+0000][1][safepoint    ] Total time for which application threads were stopped: 0.0000800 seconds, Stopping threads took: 0.0000184 seconds
[2019-12-08T10:01:14.692+0000][1][safepoint    ] Application time: 1.0000839 seconds
[2019-12-08T10:01:14.692+0000][1][safepoint    ] Entering safepoint region: Cleanup
[2019-12-08T10:01:14.692+0000][1][safepoint    ] Leaving safepoint region
[2019-12-08T10:01:14.692+0000][1][safepoint    ] Total time for which application threads were stopped: 0.0000780 seconds, Stopping threads took: 0.0000182 seconds
[2019-12-08T10:01:15.692+0000][1][safepoint    ] Application time: 1.0000804 seconds
[2019-12-08T10:01:15.692+0000][1][safepoint    ] Entering safepoint region: Cleanup
[2019-12-08T10:01:15.692+0000][1][safepoint    ] Leaving safepoint region
[2019-12-08T10:01:15.692+0000][1][safepoint    ] Total time for which application threads were stopped: 0.0000763 seconds, Stopping threads took: 0.0000190 seconds
[2019-12-08T10:01:16.692+0000][1][safepoint    ] Application time: 1.0000763 seconds
[2019-12-08T10:01:16.693+0000][1][safepoint    ] Entering safepoint region: Cleanup
[2019-12-08T10:01:16.693+0000][1][safepoint    ] Leaving safepoint region
[2019-12-08T10:01:16.693+0000][1][safepoint    ] Total time for which application threads were stopped: 0.0000766 seconds, Stopping threads took: 0.0000185 seconds
[2019-12-08T10:01:17.693+0000][1][safepoint    ] Application time: 1.0000780 seconds
[2019-12-08T10:01:17.693+0000][1][safepoint    ] Entering safepoint region: Cleanup
[2019-12-08T10:01:17.693+0000][1][safepoint    ] Leaving safepoint region
[2019-12-08T10:01:17.693+0000][1][safepoint    ] Total time for which application threads were stopped: 0.0000759 seconds, Stopping threads took: 0.0000182 seconds
[2019-12-08T10:01:18.693+0000][1][safepoint    ] Application time: 1.0000818 seconds
[2019-12-08T10:01:18.693+0000][1][safepoint    ] Entering safepoint region: Cleanup
[2019-12-08T10:01:18.693+0000][1][safepoint    ] Leaving safepoint region
[2019-12-08T10:01:18.693+0000][1][safepoint    ] Total time for which application threads were stopped: 0.0000801 seconds, Stopping threads took: 0.0000183 seconds
[2019-12-08T10:01:19.693+0000][1][safepoint    ] Application time: 1.0000794 seconds
[2019-12-08T10:01:19.693+0000][1][safepoint    ] Entering safepoint region: Cleanup
[2019-12-08T10:01:19.693+0000][1][safepoint    ] Leaving safepoint region
[2019-12-08T10:01:19.693+0000][1][safepoint    ] Total time for which application threads were stopped: 0.0000801 seconds, Stopping threads took: 0.0000202 seconds
[2019-12-08T10:01:20.693+0000][1][safepoint    ] Application time: 1.0000832 seconds
[2019-12-08T10:01:20.693+0000][1][safepoint    ] Entering safepoint region: Cleanup
[2019-12-08T10:01:20.693+0000][1][safepoint    ] Leaving safepoint region
[2019-12-08T10:01:20.693+0000][1][safepoint    ] Total time for which application threads were stopped: 0.0000803 seconds, Stopping threads took: 0.0000190 seconds
[2019-12-08T10:01:21.693+0000][1][safepoint    ] Application time: 1.0000751 seconds
[2019-12-08T10:01:21.694+0000][1][safepoint    ] Entering safepoint region: Cleanup
[2019-12-08T10:01:21.694+0000][1][safepoint    ] Leaving safepoint region
[2019-12-08T10:01:21.694+0000][1][safepoint    ] Total time for which application threads were stopped: 0.0000917 seconds, Stopping threads took: 0.0000304 seconds
[2019-12-08T10:01:22.694+0000][1][safepoint    ] Application time: 1.0000770 seconds
[2019-12-08T10:01:22.694+0000][1][safepoint    ] Entering safepoint region: Cleanup
[2019-12-08T10:01:22.694+0000][1][safepoint    ] Leaving safepoint region
[2019-12-08T10:01:22.694+0000][1][safepoint    ] Total time for which application threads were stopped: 0.0000760 seconds, Stopping threads took: 0.0000183 seconds
[2019-12-08T10:01:23.694+0000][1][safepoint    ] Application time: 1.0000804 seconds
[2019-12-08T10:01:23.694+0000][1][safepoint    ] Entering safepoint region: Cleanup
[2019-12-08T10:01:23.694+0000][1][safepoint    ] Leaving safepoint region
[2019-12-08T10:01:23.694+0000][1][safepoint    ] Total time for which application threads were stopped: 0.0000781 seconds, Stopping threads took: 0.0000178 seconds
[2019-12-08T10:01:24.694+0000][1][safepoint    ] Application time: 1.0000860 seconds
[2019-12-08T10:01:24.694+0000][1][safepoint    ] Entering safepoint region: Cleanup
[2019-12-08T10:01:24.694+0000][1][safepoint    ] Leaving safepoint region
[2019-12-08T10:01:24.694+0000][1][safepoint    ] Total time for which application threads were stopped: 0.0000885 seconds, Stopping threads took: 0.0000224 seconds
[2019-12-08T10:01:25.694+0000][1][safepoint    ] Application time: 1.0000795 seconds
[2019-12-08T10:01:25.694+0000][1][safepoint    ] Entering safepoint region: Cleanup
[2019-12-08T10:01:25.694+0000][1][safepoint    ] Leaving safepoint region
[2019-12-08T10:01:25.694+0000][1][safepoint    ] Total time for which application threads were stopped: 0.0000791 seconds, Stopping threads took: 0.0000186 seconds
[2019-12-08T10:01:26.694+0000][1][safepoint    ] Application time: 1.0000803 seconds
[2019-12-08T10:01:26.695+0000][1][safepoint    ] Entering safepoint region: Cleanup
[2019-12-08T10:01:26.695+0000][1][safepoint    ] Leaving safepoint region
[2019-12-08T10:01:26.695+0000][1][safepoint    ] Total time for which application threads were stopped: 0.0000889 seconds, Stopping threads took: 0.0000257 seconds
[2019-12-08T10:01:27.695+0000][1][safepoint    ] Application time: 1.0000779 seconds
[2019-12-08T10:01:27.695+0000][1][safepoint    ] Entering safepoint region: Cleanup
[2019-12-08T10:01:27.695+0000][1][safepoint    ] Leaving safepoint region
[2019-12-08T10:01:27.695+0000][1][safepoint    ] Total time for which application threads were stopped: 0.0000828 seconds, Stopping threads took: 0.0000187 seconds
[2019-12-08T10:01:28.695+0000][1][safepoint    ] Application time: 1.0000788 seconds
[2019-12-08T10:01:28.695+0000][1][safepoint    ] Entering safepoint region: Cleanup
[2019-12-08T10:01:28.695+0000][1][safepoint    ] Leaving safepoint region
[2019-12-08T10:01:28.695+0000][1][safepoint    ] Total time for which application threads were stopped: 0.0000795 seconds, Stopping threads took: 0.0000216 seconds
[2019-12-08T10:01:29.695+0000][1][safepoint    ] Application time: 1.0000795 seconds
[2019-12-08T10:01:29.695+0000][1][safepoint    ] Entering safepoint region: Cleanup
[2019-12-08T10:01:29.695+0000][1][safepoint    ] Leaving safepoint region
[2019-12-08T10:01:29.695+0000][1][safepoint    ] Total time for which application threads were stopped: 0.0000889 seconds, Stopping threads took: 0.0000193 seconds
[2019-12-08T10:01:30.695+0000][1][safepoint    ] Application time: 1.0000779 seconds
[2019-12-08T10:01:30.695+0000][1][safepoint    ] Entering safepoint region: Cleanup
[2019-12-08T10:01:30.695+0000][1][safepoint    ] Leaving safepoint region
[2019-12-08T10:01:30.695+0000][1][safepoint    ] Total time for which application threads were stopped: 0.0000793 seconds, Stopping threads took: 0.0000186 seconds
[2019-12-08T10:01:31.695+0000][1][safepoint    ] Application time: 1.0000781 seconds
[2019-12-08T10:01:31.696+0000][1][safepoint    ] Entering safepoint region: Cleanup
[2019-12-08T10:01:31.696+0000][1][safepoint    ] Leaving safepoint region
[2019-12-08T10:01:31.696+0000][1][safepoint    ] Total time for which application threads were stopped: 0.0000754 seconds, Stopping threads took: 0.0000178 seconds
[2019-12-08T10:01:32.696+0000][1][safepoint    ] Application time: 1.0000887 seconds
[2019-12-08T10:01:32.696+0000][1][safepoint    ] Entering safepoint region: Cleanup
[2019-12-08T10:01:32.696+0000][1][safepoint    ] Leaving safepoint region
[2019-12-08T10:01:32.696+0000][1][safepoint    ] Total time for which application threads were stopped: 0.0000810 seconds, Stopping threads took: 0.0000207 seconds
[2019-12-08T10:01:33.696+0000][1][safepoint    ] Application time: 1.0000766 seconds
[2019-12-08T10:01:33.696+0000][1][safepoint    ] Entering safepoint region: Cleanup
[2019-12-08T10:01:33.696+0000][1][safepoint    ] Leaving safepoint region
[2019-12-08T10:01:33.696+0000][1][safepoint    ] Total time for which application threads were stopped: 0.0000799 seconds, Stopping threads took: 0.0000176 seconds
[2019-12-08T10:01:34.696+0000][1][safepoint    ] Application time: 1.0000760 seconds
[2019-12-08T10:01:34.696+0000][1][safepoint    ] Entering safepoint region: Cleanup
[2019-12-08T10:01:34.696+0000][1][safepoint    ] Leaving safepoint region
[2019-12-08T10:01:34.696+0000][1][safepoint    ] Total time for which application threads were stopped: 0.0000784 seconds, Stopping threads took: 0.0000214 seconds
[2019-12-08T10:01:35.696+0000][1][safepoint    ] Application time: 1.0000756 seconds
[2019-12-08T10:01:35.696+0000][1][safepoint    ] Entering safepoint region: Cleanup
[2019-12-08T10:01:35.696+0000][1][safepoint    ] Leaving safepoint region
[2019-12-08T10:01:35.696+0000][1][safepoint    ] Total time for which application threads were stopped: 0.0000831 seconds, Stopping threads took: 0.0000190 seconds
[2019-12-08T10:01:36.696+0000][1][safepoint    ] Application time: 1.0000812 seconds
[2019-12-08T10:01:36.697+0000][1][safepoint    ] Entering safepoint region: Cleanup
[2019-12-08T10:01:36.697+0000][1][safepoint    ] Leaving safepoint region
[2019-12-08T10:01:36.697+0000][1][safepoint    ] Total time for which application threads were stopped: 0.0000853 seconds, Stopping threads took: 0.0000262 seconds
[2019-12-08T10:01:37.697+0000][1][safepoint    ] Application time: 1.0000764 seconds
[2019-12-08T10:01:37.697+0000][1][safepoint    ] Entering safepoint region: Cleanup
[2019-12-08T10:01:37.697+0000][1][safepoint    ] Leaving safepoint region
[2019-12-08T10:01:37.697+0000][1][safepoint    ] Total time for which application threads were stopped: 0.0000811 seconds, Stopping threads took: 0.0000192 seconds
[2019-12-08T10:01:38.697+0000][1][safepoint    ] Application time: 1.0000793 seconds
[2019-12-08T10:01:38.697+0000][1][safepoint    ] Entering safepoint region: Cleanup
[2019-12-08T10:01:38.697+0000][1][safepoint    ] Leaving safepoint region
[2019-12-08T10:01:38.697+0000][1][safepoint    ] Total time for which application threads were stopped: 0.0000875 seconds, Stopping threads took: 0.0000190 seconds
[2019-12-08T10:01:39.697+0000][1][safepoint    ] Application time: 1.0000802 seconds
[2019-12-08T10:01:39.697+0000][1][safepoint    ] Entering safepoint region: Cleanup
[2019-12-08T10:01:39.697+0000][1][safepoint    ] Leaving safepoint region
[2019-12-08T10:01:39.697+0000][1][safepoint    ] Total time for which application threads were stopped: 0.0000794 seconds, Stopping threads took: 0.0000179 seconds
[2019-12-08T10:01:40.697+0000][1][safepoint    ] Application time: 1.0000764 seconds
[2019-12-08T10:01:40.697+0000][1][safepoint    ] Entering safepoint region: Cleanup
[2019-12-08T10:01:40.697+0000][1][safepoint    ] Leaving safepoint region
[2019-12-08T10:01:40.697+0000][1][safepoint    ] Total time for which application threads were stopped: 0.0000752 seconds, Stopping threads took: 0.0000178 seconds
[2019-12-08T10:01:41.697+0000][1][safepoint    ] Application time: 1.0000798 seconds
[2019-12-08T10:01:41.698+0000][1][safepoint    ] Entering safepoint region: Cleanup
[2019-12-08T10:01:41.698+0000][1][safepoint    ] Leaving safepoint region
[2019-12-08T10:01:41.698+0000][1][safepoint    ] Total time for which application threads were stopped: 0.0000872 seconds, Stopping threads took: 0.0000198 seconds
[2019-12-08T10:01:42.698+0000][1][safepoint    ] Application time: 1.0000879 seconds
[2019-12-08T10:01:42.698+0000][1][safepoint    ] Entering safepoint region: Cleanup
[2019-12-08T10:01:42.698+0000][1][safepoint    ] Leaving safepoint region
[2019-12-08T10:01:42.698+0000][1][safepoint    ] Total time for which application threads were stopped: 0.0000766 seconds, Stopping threads took: 0.0000185 seconds
[2019-12-08T10:01:43.698+0000][1][safepoint    ] Application time: 1.0000808 seconds
[2019-12-08T10:01:43.698+0000][1][safepoint    ] Entering safepoint region: Cleanup
[2019-12-08T10:01:43.698+0000][1][safepoint    ] Leaving safepoint region
[2019-12-08T10:01:43.698+0000][1][safepoint    ] Total time for which application threads were stopped: 0.0000803 seconds, Stopping threads took: 0.0000194 seconds
[2019-12-08T10:01:44.698+0000][1][safepoint    ] Application time: 1.0000830 seconds
[2019-12-08T10:01:44.698+0000][1][safepoint    ] Entering safepoint region: Cleanup
[2019-12-08T10:01:44.698+0000][1][safepoint    ] Leaving safepoint region
[2019-12-08T10:01:44.698+0000][1][safepoint    ] Total time for which application threads were stopped: 0.0000814 seconds, Stopping threads took: 0.0000195 seconds
[2019-12-08T10:01:45.698+0000][1][safepoint    ] Application time: 1.0000793 seconds
[2019-12-08T10:01:45.698+0000][1][safepoint    ] Entering safepoint region: Cleanup
[2019-12-08T10:01:45.698+0000][1][safepoint    ] Leaving safepoint region
[2019-12-08T10:01:45.698+0000][1][safepoint    ] Total time for which application threads were stopped: 0.0000814 seconds, Stopping threads took: 0.0000179 seconds
[2019-12-08T10:01:46.699+0000][1][safepoint    ] Application time: 1.0000839 seconds
[2019-12-08T10:01:46.699+0000][1][safepoint    ] Entering safepoint region: Cleanup
[2019-12-08T10:01:46.699+0000][1][safepoint    ] Leaving safepoint region
[2019-12-08T10:01:46.699+0000][1][safepoint    ] Total time for which application threads were stopped: 0.0000804 seconds, Stopping threads took: 0.0000198 seconds
[2019-12-08T10:01:47.699+0000][1][safepoint    ] Application time: 1.0000802 seconds
[2019-12-08T10:01:47.699+0000][1][safepoint    ] Entering safepoint region: Cleanup
[2019-12-08T10:01:47.699+0000][1][safepoint    ] Leaving safepoint region
[2019-12-08T10:01:47.699+0000][1][safepoint    ] Total time for which application threads were stopped: 0.0000770 seconds, Stopping threads took: 0.0000180 seconds
[2019-12-08T10:01:48.699+0000][1][safepoint    ] Application time: 1.0000804 seconds
[2019-12-08T10:01:48.699+0000][1][safepoint    ] Entering safepoint region: Cleanup
[2019-12-08T10:01:48.699+0000][1][safepoint    ] Leaving safepoint region
[2019-12-08T10:01:48.699+0000][1][safepoint    ] Total time for which application threads were stopped: 0.0000759 seconds, Stopping threads took: 0.0000180 seconds
[2019-12-08T10:01:49.699+0000][1][safepoint    ] Application time: 1.0000789 seconds
[2019-12-08T10:01:49.699+0000][1][safepoint    ] Entering safepoint region: Cleanup
[2019-12-08T10:01:49.699+0000][1][safepoint    ] Leaving safepoint region
[2019-12-08T10:01:49.699+0000][1][safepoint    ] Total time for which application threads were stopped: 0.0000805 seconds, Stopping threads took: 0.0000194 seconds
[2019-12-08T10:01:50.699+0000][1][safepoint    ] Application time: 1.0000746 seconds
[2019-12-08T10:01:50.699+0000][1][safepoint    ] Entering safepoint region: Cleanup
[2019-12-08T10:01:50.699+0000][1][safepoint    ] Leaving safepoint region
[2019-12-08T10:01:50.699+0000][1][safepoint    ] Total time for which application threads were stopped: 0.0000774 seconds, Stopping threads took: 0.0000181 seconds
[2019-12-08T10:01:51.699+0000][1][safepoint    ] Application time: 1.0000766 seconds
[2019-12-08T10:01:51.700+0000][1][safepoint    ] Entering safepoint region: Cleanup
[2019-12-08T10:01:51.700+0000][1][safepoint    ] Leaving safepoint region
[2019-12-08T10:01:51.700+0000][1][safepoint    ] Total time for which application threads were stopped: 0.0000759 seconds, Stopping threads took: 0.0000179 seconds
[2019-12-08T10:01:52.700+0000][1][safepoint    ] Application time: 1.0000782 seconds
[2019-12-08T10:01:52.700+0000][1][safepoint    ] Entering safepoint region: Cleanup
[2019-12-08T10:01:52.700+0000][1][safepoint    ] Leaving safepoint region
[2019-12-08T10:01:52.700+0000][1][safepoint    ] Total time for which application threads were stopped: 0.0000867 seconds, Stopping threads took: 0.0000284 seconds
[2019-12-08T10:01:53.700+0000][1][safepoint    ] Application time: 1.0000803 seconds
[2019-12-08T10:01:53.700+0000][1][safepoint    ] Entering safepoint region: Cleanup
[2019-12-08T10:01:53.700+0000][1][safepoint    ] Leaving safepoint region
[2019-12-08T10:01:53.700+0000][1][safepoint    ] Total time for which application threads were stopped: 0.0001050 seconds, Stopping threads took: 0.0000178 seconds
[2019-12-08T10:01:54.700+0000][1][safepoint    ] Application time: 1.0000770 seconds
[2019-12-08T10:01:54.700+0000][1][safepoint    ] Entering safepoint region: Cleanup
[2019-12-08T10:01:54.700+0000][1][safepoint    ] Leaving safepoint region
[2019-12-08T10:01:54.700+0000][1][safepoint    ] Total time for which application threads were stopped: 0.0000797 seconds, Stopping threads took: 0.0000186 seconds
[2019-12-08T10:01:55.700+0000][1][safepoint    ] Application time: 1.0000832 seconds
[2019-12-08T10:01:55.700+0000][1][safepoint    ] Entering safepoint region: Cleanup
[2019-12-08T10:01:55.700+0000][1][safepoint    ] Leaving safepoint region
[2019-12-08T10:01:55.700+0000][1][safepoint    ] Total time for which application threads were stopped: 0.0000768 seconds, Stopping threads took: 0.0000189 seconds
[2019-12-08T10:01:56.700+0000][1][safepoint    ] Application time: 1.0000771 seconds
[2019-12-08T10:01:56.700+0000][1][safepoint    ] Entering safepoint region: Cleanup
[2019-12-08T10:01:56.701+0000][1][safepoint    ] Leaving safepoint region
[2019-12-08T10:01:56.701+0000][1][safepoint    ] Total time for which application threads were stopped: 0.0000762 seconds, Stopping threads took: 0.0000180 seconds
[2019-12-08T10:01:57.701+0000][1][safepoint    ] Application time: 1.0000791 seconds
[2019-12-08T10:01:57.701+0000][1][safepoint    ] Entering safepoint region: Cleanup
[2019-12-08T10:01:57.701+0000][1][safepoint    ] Leaving safepoint region
[2019-12-08T10:01:57.701+0000][1][safepoint    ] Total time for which application threads were stopped: 0.0000893 seconds, Stopping threads took: 0.0000298 seconds
[2019-12-08T10:01:58.701+0000][1][safepoint    ] Application time: 1.0000771 seconds
[2019-12-08T10:01:58.701+0000][1][safepoint    ] Entering safepoint region: Cleanup
[2019-12-08T10:01:58.701+0000][1][safepoint    ] Leaving safepoint region
[2019-12-08T10:01:58.701+0000][1][safepoint    ] Total time for which application threads were stopped: 0.0000744 seconds, Stopping threads took: 0.0000164 seconds
[2019-12-08T10:01:59.701+0000][1][safepoint    ] Application time: 1.0000797 seconds
[2019-12-08T10:01:59.701+0000][1][safepoint    ] Entering safepoint region: Cleanup
[2019-12-08T10:01:59.701+0000][1][safepoint    ] Leaving safepoint region
[2019-12-08T10:01:59.701+0000][1][safepoint    ] Total time for which application threads were stopped: 0.0000790 seconds, Stopping threads took: 0.0000188 seconds
[2019-12-08T10:02:00.701+0000][1][safepoint    ] Application time: 1.0000800 seconds
[2019-12-08T10:02:00.701+0000][1][safepoint    ] Entering safepoint region: Cleanup
[2019-12-08T10:02:00.701+0000][1][safepoint    ] Leaving safepoint region
[2019-12-08T10:02:00.701+0000][1][safepoint    ] Total time for which application threads were stopped: 0.0000753 seconds, Stopping threads took: 0.0000178 seconds
[2019-12-08T10:02:01.701+0000][1][safepoint    ] Application time: 1.0000832 seconds
[2019-12-08T10:02:01.701+0000][1][safepoint    ] Entering safepoint region: Cleanup
[2019-12-08T10:02:01.702+0000][1][safepoint    ] Leaving safepoint region
[2019-12-08T10:02:01.702+0000][1][safepoint    ] Total time for which application threads were stopped: 0.0000852 seconds, Stopping threads took: 0.0000216 seconds
[2019-12-08T10:02:02.702+0000][1][safepoint    ] Application time: 1.0000862 seconds
[2019-12-08T10:02:02.702+0000][1][safepoint    ] Entering safepoint region: Cleanup
[2019-12-08T10:02:02.702+0000][1][safepoint    ] Leaving safepoint region
[2019-12-08T10:02:02.702+0000][1][safepoint    ] Total time for which application threads were stopped: 0.0000815 seconds, Stopping threads took: 0.0000198 seconds
[2019-12-08T10:02:03.702+0000][1][safepoint    ] Application time: 1.0000858 seconds
[2019-12-08T10:02:03.702+0000][1][safepoint    ] Entering safepoint region: Cleanup
[2019-12-08T10:02:03.702+0000][1][safepoint    ] Leaving safepoint region
[2019-12-08T10:02:03.702+0000][1][safepoint    ] Total time for which application threads were stopped: 0.0000791 seconds, Stopping threads took: 0.0000185 seconds
[2019-12-08T10:02:04.702+0000][1][safepoint    ] Application time: 1.0000804 seconds
[2019-12-08T10:02:04.702+0000][1][safepoint    ] Entering safepoint region: Cleanup
[2019-12-08T10:02:04.702+0000][1][safepoint    ] Leaving safepoint region
[2019-12-08T10:02:04.702+0000][1][safepoint    ] Total time for which application threads were stopped: 0.0000785 seconds, Stopping threads took: 0.0000184 seconds
[2019-12-08T10:02:05.702+0000][1][safepoint    ] Application time: 1.0000768 seconds
[2019-12-08T10:02:05.702+0000][1][safepoint    ] Entering safepoint region: Cleanup
[2019-12-08T10:02:05.702+0000][1][safepoint    ] Leaving safepoint region
[2019-12-08T10:02:05.702+0000][1][safepoint    ] Total time for which application threads were stopped: 0.0000796 seconds, Stopping threads took: 0.0000191 seconds
[2019-12-08T10:02:06.702+0000][1][safepoint    ] Application time: 1.0000784 seconds
[2019-12-08T10:02:06.703+0000][1][safepoint    ] Entering safepoint region: Cleanup
[2019-12-08T10:02:06.703+0000][1][safepoint    ] Leaving safepoint region
[2019-12-08T10:02:06.703+0000][1][safepoint    ] Total time for which application threads were stopped: 0.0000787 seconds, Stopping threads took: 0.0000187 seconds
[2019-12-08T10:02:07.703+0000][1][safepoint    ] Application time: 1.0000843 seconds
[2019-12-08T10:02:07.703+0000][1][safepoint    ] Entering safepoint region: Cleanup
[2019-12-08T10:02:07.703+0000][1][safepoint    ] Leaving safepoint region
[2019-12-08T10:02:07.703+0000][1][safepoint    ] Total time for which application threads were stopped: 0.0000798 seconds, Stopping threads took: 0.0000195 seconds
[2019-12-08T10:02:08.703+0000][1][safepoint    ] Application time: 1.0000939 seconds
[2019-12-08T10:02:08.703+0000][1][safepoint    ] Entering safepoint region: Cleanup
[2019-12-08T10:02:08.703+0000][1][safepoint    ] Leaving safepoint region
[2019-12-08T10:02:08.703+0000][1][safepoint    ] Total time for which application threads were stopped: 0.0000824 seconds, Stopping threads took: 0.0000193 seconds
[2019-12-08T10:02:09.703+0000][1][safepoint    ] Application time: 1.0000935 seconds
[2019-12-08T10:02:09.703+0000][1][safepoint    ] Entering safepoint region: Cleanup
[2019-12-08T10:02:09.703+0000][1][safepoint    ] Leaving safepoint region
[2019-12-08T10:02:09.703+0000][1][safepoint    ] Total time for which application threads were stopped: 0.0000809 seconds, Stopping threads took: 0.0000199 seconds
[2019-12-08T10:02:10.703+0000][1][safepoint    ] Application time: 1.0000824 seconds
[2019-12-08T10:02:10.703+0000][1][safepoint    ] Entering safepoint region: Cleanup
[2019-12-08T10:02:10.703+0000][1][safepoint    ] Leaving safepoint region
[2019-12-08T10:02:10.703+0000][1][safepoint    ] Total time for which application threads were stopped: 0.0000801 seconds, Stopping threads took: 0.0000195 seconds
[2019-12-08T10:02:11.704+0000][1][safepoint    ] Application time: 1.0000815 seconds
[2019-12-08T10:02:11.704+0000][1][safepoint    ] Entering safepoint region: Cleanup
[2019-12-08T10:02:11.704+0000][1][safepoint    ] Leaving safepoint region
[2019-12-08T10:02:11.704+0000][1][safepoint    ] Total time for which application threads were stopped: 0.0000819 seconds, Stopping threads took: 0.0000204 seconds
[2019-12-08T10:02:12.704+0000][1][safepoint    ] Application time: 1.0000813 seconds
[2019-12-08T10:02:12.704+0000][1][safepoint    ] Entering safepoint region: Cleanup
[2019-12-08T10:02:12.704+0000][1][safepoint    ] Leaving safepoint region
[2019-12-08T10:02:12.704+0000][1][safepoint    ] Total time for which application threads were stopped: 0.0000796 seconds, Stopping threads took: 0.0000187 seconds
[2019-12-08T10:02:13.704+0000][1][safepoint    ] Application time: 1.0000796 seconds
[2019-12-08T10:02:13.704+0000][1][safepoint    ] Entering safepoint region: Cleanup
[2019-12-08T10:02:13.704+0000][1][safepoint    ] Leaving safepoint region
[2019-12-08T10:02:13.704+0000][1][safepoint    ] Total time for which application threads were stopped: 0.0000798 seconds, Stopping threads took: 0.0000191 seconds
[2019-12-08T10:02:14.704+0000][1][safepoint    ] Application time: 1.0000777 seconds
[2019-12-08T10:02:14.704+0000][1][safepoint    ] Entering safepoint region: Cleanup
[2019-12-08T10:02:14.704+0000][1][safepoint    ] Leaving safepoint region
[2019-12-08T10:02:14.704+0000][1][safepoint    ] Total time for which application threads were stopped: 0.0000806 seconds, Stopping threads took: 0.0000196 seconds
[2019-12-08T10:02:15.704+0000][1][safepoint    ] Application time: 1.0000755 seconds
[2019-12-08T10:02:15.704+0000][1][safepoint    ] Entering safepoint region: Cleanup
[2019-12-08T10:02:15.704+0000][1][safepoint    ] Leaving safepoint region
[2019-12-08T10:02:15.704+0000][1][safepoint    ] Total time for which application threads were stopped: 0.0000727 seconds, Stopping threads took: 0.0000184 seconds
[2019-12-08T10:02:16.705+0000][1][safepoint    ] Application time: 1.0000778 seconds
[2019-12-08T10:02:16.705+0000][1][safepoint    ] Entering safepoint region: Cleanup
[2019-12-08T10:02:16.705+0000][1][safepoint    ] Leaving safepoint region
[2019-12-08T10:02:16.705+0000][1][safepoint    ] Total time for which application threads were stopped: 0.0000735 seconds, Stopping threads took: 0.0000163 seconds
[2019-12-08T10:02:17.705+0000][1][safepoint    ] Application time: 1.0000769 seconds
[2019-12-08T10:02:17.705+0000][1][safepoint    ] Entering safepoint region: Cleanup
[2019-12-08T10:02:17.705+0000][1][safepoint    ] Leaving safepoint region
[2019-12-08T10:02:17.705+0000][1][safepoint    ] Total time for which application threads were stopped: 0.0000763 seconds, Stopping threads took: 0.0000180 seconds
[2019-12-08T10:02:18.705+0000][1][safepoint    ] Application time: 1.0000771 seconds
[2019-12-08T10:02:18.705+0000][1][safepoint    ] Entering safepoint region: Cleanup
[2019-12-08T10:02:18.705+0000][1][safepoint    ] Leaving safepoint region
[2019-12-08T10:02:18.705+0000][1][safepoint    ] Total time for which application threads were stopped: 0.0000749 seconds, Stopping threads took: 0.0000184 seconds
[2019-12-08T10:02:19.705+0000][1][safepoint    ] Application time: 1.0000865 seconds
[2019-12-08T10:02:19.705+0000][1][safepoint    ] Entering safepoint region: Cleanup
[2019-12-08T10:02:19.705+0000][1][safepoint    ] Leaving safepoint region
[2019-12-08T10:02:19.705+0000][1][safepoint    ] Total time for which application threads were stopped: 0.0000876 seconds, Stopping threads took: 0.0000203 seconds
[2019-12-08T10:02:20.705+0000][1][safepoint    ] Application time: 1.0000780 seconds
[2019-12-08T10:02:20.705+0000][1][safepoint    ] Entering safepoint region: Cleanup
[2019-12-08T10:02:20.705+0000][1][safepoint    ] Leaving safepoint region
[2019-12-08T10:02:20.705+0000][1][safepoint    ] Total time for which application threads were stopped: 0.0000763 seconds, Stopping threads took: 0.0000194 seconds
[2019-12-08T10:02:21.705+0000][1][safepoint    ] Application time: 1.0000746 seconds
[2019-12-08T10:02:21.705+0000][1][safepoint    ] Entering safepoint region: Cleanup
[2019-12-08T10:02:21.706+0000][1][safepoint    ] Leaving safepoint region
[2019-12-08T10:02:21.706+0000][1][safepoint    ] Total time for which application threads were stopped: 0.0000752 seconds, Stopping threads took: 0.0000188 seconds
[2019-12-08T10:02:22.706+0000][1][safepoint    ] Application time: 1.0000780 seconds
[2019-12-08T10:02:22.706+0000][1][safepoint    ] Entering safepoint region: Cleanup
[2019-12-08T10:02:22.706+0000][1][safepoint    ] Leaving safepoint region
[2019-12-08T10:02:22.706+0000][1][safepoint    ] Total time for which application threads were stopped: 0.0000886 seconds, Stopping threads took: 0.0000303 seconds
[2019-12-08T10:02:23.706+0000][1][safepoint    ] Application time: 1.0000793 seconds
[2019-12-08T10:02:23.706+0000][1][safepoint    ] Entering safepoint region: Cleanup
[2019-12-08T10:02:23.706+0000][1][safepoint    ] Leaving safepoint region
[2019-12-08T10:02:23.706+0000][1][safepoint    ] Total time for which application threads were stopped: 0.0000774 seconds, Stopping threads took: 0.0000185 seconds
[2019-12-08T10:02:24.706+0000][1][safepoint    ] Application time: 1.0000760 seconds
[2019-12-08T10:02:24.706+0000][1][safepoint    ] Entering safepoint region: Cleanup
[2019-12-08T10:02:24.706+0000][1][safepoint    ] Leaving safepoint region
[2019-12-08T10:02:24.706+0000][1][safepoint    ] Total time for which application threads were stopped: 0.0000751 seconds, Stopping threads took: 0.0000170 seconds
[2019-12-08T10:02:25.706+0000][1][safepoint    ] Application time: 1.0000773 seconds
[2019-12-08T10:02:25.706+0000][1][safepoint    ] Entering safepoint region: Cleanup
[2019-12-08T10:02:25.706+0000][1][safepoint    ] Leaving safepoint region
[2019-12-08T10:02:25.706+0000][1][safepoint    ] Total time for which application threads were stopped: 0.0000768 seconds, Stopping threads took: 0.0000183 seconds
[2019-12-08T10:02:26.706+0000][1][safepoint    ] Application time: 1.0000786 seconds
[2019-12-08T10:02:26.706+0000][1][safepoint    ] Entering safepoint region: Cleanup
[2019-12-08T10:02:26.707+0000][1][safepoint    ] Leaving safepoint region
[2019-12-08T10:02:26.707+0000][1][safepoint    ] Total time for which application threads were stopped: 0.0000873 seconds, Stopping threads took: 0.0000258 seconds
[2019-12-08T10:02:27.707+0000][1][safepoint    ] Application time: 1.0000851 seconds
[2019-12-08T10:02:27.707+0000][1][safepoint    ] Entering safepoint region: Cleanup
[2019-12-08T10:02:27.707+0000][1][safepoint    ] Leaving safepoint region
[2019-12-08T10:02:27.707+0000][1][safepoint    ] Total time for which application threads were stopped: 0.0000913 seconds, Stopping threads took: 0.0000181 seconds
[2019-12-08T10:02:28.707+0000][1][safepoint    ] Application time: 1.0000794 seconds
[2019-12-08T10:02:28.707+0000][1][safepoint    ] Entering safepoint region: Cleanup
[2019-12-08T10:02:28.707+0000][1][safepoint    ] Leaving safepoint region
[2019-12-08T10:02:28.707+0000][1][safepoint    ] Total time for which application threads were stopped: 0.0000764 seconds, Stopping threads took: 0.0000188 seconds
[2019-12-08T10:02:29.707+0000][1][safepoint    ] Application time: 1.0000883 seconds
[2019-12-08T10:02:29.707+0000][1][safepoint    ] Entering safepoint region: Cleanup
[2019-12-08T10:02:29.707+0000][1][safepoint    ] Leaving safepoint region
[2019-12-08T10:02:29.707+0000][1][safepoint    ] Total time for which application threads were stopped: 0.0000867 seconds, Stopping threads took: 0.0000204 seconds
[2019-12-08T10:02:30.707+0000][1][safepoint    ] Application time: 1.0000949 seconds
[2019-12-08T10:02:30.707+0000][1][safepoint    ] Entering safepoint region: Cleanup
[2019-12-08T10:02:30.707+0000][1][safepoint    ] Leaving safepoint region
[2019-12-08T10:02:30.707+0000][1][safepoint    ] Total time for which application threads were stopped: 0.0000805 seconds, Stopping threads took: 0.0000195 seconds
[2019-12-08T10:02:31.707+0000][1][safepoint    ] Application time: 1.0000772 seconds
[2019-12-08T10:02:31.708+0000][1][safepoint    ] Entering safepoint region: Cleanup
[2019-12-08T10:02:31.708+0000][1][safepoint    ] Leaving safepoint region
[2019-12-08T10:02:31.708+0000][1][safepoint    ] Total time for which application threads were stopped: 0.0000753 seconds, Stopping threads took: 0.0000182 seconds
[2019-12-08T10:02:32.708+0000][1][safepoint    ] Application time: 1.0000843 seconds
[2019-12-08T10:02:32.708+0000][1][safepoint    ] Entering safepoint region: Cleanup
[2019-12-08T10:02:32.708+0000][1][safepoint    ] Leaving safepoint region
[2019-12-08T10:02:32.708+0000][1][safepoint    ] Total time for which application threads were stopped: 0.0000771 seconds, Stopping threads took: 0.0000192 seconds
[2019-12-08T10:02:33.708+0000][1][safepoint    ] Application time: 1.0000787 seconds
[2019-12-08T10:02:33.708+0000][1][safepoint    ] Entering safepoint region: Cleanup
[2019-12-08T10:02:33.708+0000][1][safepoint    ] Leaving safepoint region
[2019-12-08T10:02:33.708+0000][1][safepoint    ] Total time for which application threads were stopped: 0.0000757 seconds, Stopping threads took: 0.0000199 seconds
[2019-12-08T10:02:34.708+0000][1][safepoint    ] Application time: 1.0000792 seconds
[2019-12-08T10:02:34.708+0000][1][safepoint    ] Entering safepoint region: Cleanup
[2019-12-08T10:02:34.708+0000][1][safepoint    ] Leaving safepoint region
[2019-12-08T10:02:34.708+0000][1][safepoint    ] Total time for which application threads were stopped: 0.0000842 seconds, Stopping threads took: 0.0000180 seconds
[2019-12-08T10:02:35.708+0000][1][safepoint    ] Application time: 1.0000760 seconds
[2019-12-08T10:02:35.708+0000][1][safepoint    ] Entering safepoint region: Cleanup
[2019-12-08T10:02:35.708+0000][1][safepoint    ] Leaving safepoint region
[2019-12-08T10:02:35.708+0000][1][safepoint    ] Total time for which application threads were stopped: 0.0000719 seconds, Stopping threads took: 0.0000169 seconds
[2019-12-08T10:02:36.708+0000][1][safepoint    ] Application time: 1.0000754 seconds
[2019-12-08T10:02:36.708+0000][1][safepoint    ] Entering safepoint region: Cleanup
[2019-12-08T10:02:36.709+0000][1][safepoint    ] Leaving safepoint region
[2019-12-08T10:02:36.709+0000][1][safepoint    ] Total time for which application threads were stopped: 0.0000845 seconds, Stopping threads took: 0.0000222 seconds
[2019-12-08T10:02:37.709+0000][1][safepoint    ] Application time: 1.0000850 seconds
[2019-12-08T10:02:37.709+0000][1][safepoint    ] Entering safepoint region: Cleanup
[2019-12-08T10:02:37.709+0000][1][safepoint    ] Leaving safepoint region
[2019-12-08T10:02:37.709+0000][1][safepoint    ] Total time for which application threads were stopped: 0.0000926 seconds, Stopping threads took: 0.0000184 seconds
[2019-12-08T10:02:38.709+0000][1][safepoint    ] Application time: 1.0000880 seconds
[2019-12-08T10:02:38.709+0000][1][safepoint    ] Entering safepoint region: Cleanup
[2019-12-08T10:02:38.709+0000][1][safepoint    ] Leaving safepoint region
[2019-12-08T10:02:38.709+0000][1][safepoint    ] Total time for which application threads were stopped: 0.0000777 seconds, Stopping threads took: 0.0000181 seconds
[2019-12-08T10:02:39.709+0000][1][safepoint    ] Application time: 1.0000903 seconds
[2019-12-08T10:02:39.709+0000][1][safepoint    ] Entering safepoint region: Cleanup
[2019-12-08T10:02:39.709+0000][1][safepoint    ] Leaving safepoint region
[2019-12-08T10:02:39.709+0000][1][safepoint    ] Total time for which application threads were stopped: 0.0000801 seconds, Stopping threads took: 0.0000186 seconds
[2019-12-08T10:02:40.709+0000][1][safepoint    ] Application time: 1.0000785 seconds
[2019-12-08T10:02:40.709+0000][1][safepoint    ] Entering safepoint region: Cleanup
[2019-12-08T10:02:40.709+0000][1][safepoint    ] Leaving safepoint region
[2019-12-08T10:02:40.709+0000][1][safepoint    ] Total time for which application threads were stopped: 0.0000784 seconds, Stopping threads took: 0.0000182 seconds
[2019-12-08T10:02:41.709+0000][1][safepoint    ] Application time: 1.0000777 seconds
[2019-12-08T10:02:41.709+0000][1][safepoint    ] Entering safepoint region: Cleanup
[2019-12-08T10:02:41.710+0000][1][safepoint    ] Leaving safepoint region
[2019-12-08T10:02:41.710+0000][1][safepoint    ] Total time for which application threads were stopped: 0.0000768 seconds, Stopping threads took: 0.0000188 seconds
[2019-12-08T10:02:42.710+0000][1][safepoint    ] Application time: 1.0000802 seconds
[2019-12-08T10:02:42.710+0000][1][safepoint    ] Entering safepoint region: Cleanup
[2019-12-08T10:02:42.710+0000][1][safepoint    ] Leaving safepoint region
[2019-12-08T10:02:42.710+0000][1][safepoint    ] Total time for which application threads were stopped: 0.0000909 seconds, Stopping threads took: 0.0000185 seconds
[2019-12-08T10:02:43.710+0000][1][safepoint    ] Application time: 1.0000820 seconds
[2019-12-08T10:02:43.710+0000][1][safepoint    ] Entering safepoint region: Cleanup
[2019-12-08T10:02:43.710+0000][1][safepoint    ] Leaving safepoint region
[2019-12-08T10:02:43.710+0000][1][safepoint    ] Total time for which application threads were stopped: 0.0000898 seconds, Stopping threads took: 0.0000183 seconds
[2019-12-08T10:02:44.710+0000][1][safepoint    ] Application time: 1.0001000 seconds
[2019-12-08T10:02:44.710+0000][1][safepoint    ] Entering safepoint region: Cleanup
[2019-12-08T10:02:44.710+0000][1][safepoint    ] Leaving safepoint region
[2019-12-08T10:02:44.710+0000][1][safepoint    ] Total time for which application threads were stopped: 0.0000782 seconds, Stopping threads took: 0.0000182 seconds
[2019-12-08T10:02:45.710+0000][1][safepoint    ] Application time: 1.0000834 seconds
[2019-12-08T10:02:45.710+0000][1][safepoint    ] Entering safepoint region: Cleanup
[2019-12-08T10:02:45.710+0000][1][safepoint    ] Leaving safepoint region
[2019-12-08T10:02:45.710+0000][1][safepoint    ] Total time for which application threads were stopped: 0.0000821 seconds, Stopping threads took: 0.0000196 seconds
[2019-12-08T10:02:46.710+0000][1][safepoint    ] Application time: 1.0000808 seconds
[2019-12-08T10:02:46.710+0000][1][safepoint    ] Entering safepoint region: Cleanup
[2019-12-08T10:02:46.711+0000][1][safepoint    ] Leaving safepoint region
[2019-12-08T10:02:46.711+0000][1][safepoint    ] Total time for which application threads were stopped: 0.0000766 seconds, Stopping threads took: 0.0000181 seconds
[2019-12-08T10:02:47.711+0000][1][safepoint    ] Application time: 1.0000781 seconds
[2019-12-08T10:02:47.711+0000][1][safepoint    ] Entering safepoint region: Cleanup
[2019-12-08T10:02:47.711+0000][1][safepoint    ] Leaving safepoint region
[2019-12-08T10:02:47.711+0000][1][safepoint    ] Total time for which application threads were stopped: 0.0000890 seconds, Stopping threads took: 0.0000176 seconds
[2019-12-08T10:02:48.711+0000][1][safepoint    ] Application time: 1.0000782 seconds
[2019-12-08T10:02:48.711+0000][1][safepoint    ] Entering safepoint region: Cleanup
[2019-12-08T10:02:48.711+0000][1][safepoint    ] Leaving safepoint region
[2019-12-08T10:02:48.711+0000][1][safepoint    ] Total time for which application threads were stopped: 0.0000745 seconds, Stopping threads took: 0.0000190 seconds
[2019-12-08T10:02:49.711+0000][1][safepoint    ] Application time: 1.0000773 seconds
[2019-12-08T10:02:49.711+0000][1][safepoint    ] Entering safepoint region: Cleanup
[2019-12-08T10:02:49.711+0000][1][safepoint    ] Leaving safepoint region
[2019-12-08T10:02:49.711+0000][1][safepoint    ] Total time for which application threads were stopped: 0.0000719 seconds, Stopping threads took: 0.0000175 seconds
[2019-12-08T10:02:50.711+0000][1][safepoint    ] Application time: 1.0000827 seconds
[2019-12-08T10:02:50.711+0000][1][safepoint    ] Entering safepoint region: Cleanup
[2019-12-08T10:02:50.711+0000][1][safepoint    ] Leaving safepoint region
[2019-12-08T10:02:50.711+0000][1][safepoint    ] Total time for which application threads were stopped: 0.0000752 seconds, Stopping threads took: 0.0000182 seconds
[2019-12-08T10:02:51.711+0000][1][safepoint    ] Application time: 1.0000768 seconds
[2019-12-08T10:02:51.711+0000][1][safepoint    ] Entering safepoint region: Cleanup
[2019-12-08T10:02:51.711+0000][1][safepoint    ] Leaving safepoint region
[2019-12-08T10:02:51.711+0000][1][safepoint    ] Total time for which application threads were stopped: 0.0000748 seconds, Stopping threads took: 0.0000233 seconds
[2019-12-08T10:02:52.712+0000][1][safepoint    ] Application time: 1.0000749 seconds
[2019-12-08T10:02:52.712+0000][1][safepoint    ] Entering safepoint region: Cleanup
[2019-12-08T10:02:52.712+0000][1][safepoint    ] Leaving safepoint region
[2019-12-08T10:02:52.712+0000][1][safepoint    ] Total time for which application threads were stopped: 0.0000764 seconds, Stopping threads took: 0.0000219 seconds
[2019-12-08T10:02:53.712+0000][1][safepoint    ] Application time: 1.0000862 seconds
[2019-12-08T10:02:53.712+0000][1][safepoint    ] Entering safepoint region: Cleanup
[2019-12-08T10:02:53.712+0000][1][safepoint    ] Leaving safepoint region
[2019-12-08T10:02:53.712+0000][1][safepoint    ] Total time for which application threads were stopped: 0.0000733 seconds, Stopping threads took: 0.0000182 seconds
[2019-12-08T10:02:54.712+0000][1][safepoint    ] Application time: 1.0000790 seconds
[2019-12-08T10:02:54.712+0000][1][safepoint    ] Entering safepoint region: Cleanup
[2019-12-08T10:02:54.712+0000][1][safepoint    ] Leaving safepoint region
[2019-12-08T10:02:54.712+0000][1][safepoint    ] Total time for which application threads were stopped: 0.0000730 seconds, Stopping threads took: 0.0000174 seconds
[2019-12-08T10:02:55.712+0000][1][safepoint    ] Application time: 1.0000777 seconds
[2019-12-08T10:02:55.712+0000][1][safepoint    ] Entering safepoint region: Cleanup
[2019-12-08T10:02:55.712+0000][1][safepoint    ] Leaving safepoint region
[2019-12-08T10:02:55.712+0000][1][safepoint    ] Total time for which application threads were stopped: 0.0000776 seconds, Stopping threads took: 0.0000183 seconds
[2019-12-08T10:02:56.712+0000][1][safepoint    ] Application time: 1.0000819 seconds
[2019-12-08T10:02:56.712+0000][1][safepoint    ] Entering safepoint region: Cleanup
[2019-12-08T10:02:56.712+0000][1][safepoint    ] Leaving safepoint region
[2019-12-08T10:02:56.712+0000][1][safepoint    ] Total time for which application threads were stopped: 0.0000876 seconds, Stopping threads took: 0.0000177 seconds
[2019-12-08T10:02:57.713+0000][1][safepoint    ] Application time: 1.0000798 seconds
[2019-12-08T10:02:57.713+0000][1][safepoint    ] Entering safepoint region: Cleanup
[2019-12-08T10:02:57.713+0000][1][safepoint    ] Leaving safepoint region
[2019-12-08T10:02:57.713+0000][1][safepoint    ] Total time for which application threads were stopped: 0.0000723 seconds, Stopping threads took: 0.0000174 seconds
[2019-12-08T10:02:58.713+0000][1][safepoint    ] Application time: 1.0000867 seconds
[2019-12-08T10:02:58.713+0000][1][safepoint    ] Entering safepoint region: Cleanup
[2019-12-08T10:02:58.713+0000][1][safepoint    ] Leaving safepoint region
[2019-12-08T10:02:58.713+0000][1][safepoint    ] Total time for which application threads were stopped: 0.0000791 seconds, Stopping threads took: 0.0000255 seconds
[2019-12-08T10:02:59.307+0000][1][safepoint    ] Application time: 0.5938447 seconds
[2019-12-08T10:02:59.307+0000][1][safepoint    ] Entering safepoint region: GenCollectForAllocation
[2019-12-08T10:02:59.307+0000][1][gc,start     ] GC(27) Pause Young (Allocation Failure)
[2019-12-08T10:02:59.307+0000][1][gc,task      ] GC(27) Using 4 workers of 4 for evacuation
[2019-12-08T10:02:59.310+0000][1][gc,age       ] GC(27) Desired survivor size 4456448 bytes, new threshold 6 (max threshold 6)
[2019-12-08T10:02:59.310+0000][1][gc,age       ] GC(27) Age table with threshold 6 (max threshold 6)
[2019-12-08T10:02:59.310+0000][1][gc,age       ] GC(27) - age   1:       8120 bytes,       8120 total
[2019-12-08T10:02:59.310+0000][1][gc,age       ] GC(27) - age   2:       3392 bytes,      11512 total
[2019-12-08T10:02:59.310+0000][1][gc,age       ] GC(27) - age   3:       5408 bytes,      16920 total
[2019-12-08T10:02:59.310+0000][1][gc,age       ] GC(27) - age   4:     582240 bytes,     599160 total
[2019-12-08T10:02:59.310+0000][1][gc,age       ] GC(27) - age   5:     998832 bytes,    1597992 total
[2019-12-08T10:02:59.310+0000][1][gc,heap      ] GC(27) ParNew: 71920K->2731K(78656K)
[2019-12-08T10:02:59.310+0000][1][gc,heap      ] GC(27) CMS: 69431K->69431K(174784K)
[2019-12-08T10:02:59.310+0000][1][gc,metaspace ] GC(27) Metaspace: 69089K->69089K(1112064K)
[2019-12-08T10:02:59.310+0000][1][gc           ] GC(27) Pause Young (Allocation Failure) 138M->70M(247M) 2.979ms
[2019-12-08T10:02:59.310+0000][1][gc,cpu       ] GC(27) User=0.01s Sys=0.00s Real=0.00s
[2019-12-08T10:02:59.310+0000][1][safepoint    ] Leaving safepoint region
[2019-12-08T10:02:59.310+0000][1][safepoint    ] Total time for which application threads were stopped: 0.0031466 seconds, Stopping threads took: 0.0000395 seconds
[2019-12-08T10:03:00.310+0000][1][safepoint    ] Application time: 1.0000695 seconds
[2019-12-08T10:03:00.310+0000][1][safepoint    ] Entering safepoint region: Cleanup
[2019-12-08T10:03:00.310+0000][1][safepoint    ] Leaving safepoint region
[2019-12-08T10:03:00.310+0000][1][safepoint    ] Total time for which application threads were stopped: 0.0001227 seconds, Stopping threads took: 0.0000451 seconds
[2019-12-08T10:03:01.310+0000][1][safepoint    ] Application time: 1.0000806 seconds
[2019-12-08T10:03:01.310+0000][1][safepoint    ] Entering safepoint region: Cleanup
[2019-12-08T10:03:01.310+0000][1][safepoint    ] Leaving safepoint region
[2019-12-08T10:03:01.310+0000][1][safepoint    ] Total time for which application threads were stopped: 0.0001009 seconds, Stopping threads took: 0.0000247 seconds
[2019-12-08T10:03:02.310+0000][1][safepoint    ] Application time: 1.0000806 seconds
[2019-12-08T10:03:02.310+0000][1][safepoint    ] Entering safepoint region: Cleanup
[2019-12-08T10:03:02.310+0000][1][safepoint    ] Leaving safepoint region
[2019-12-08T10:03:02.311+0000][1][safepoint    ] Total time for which application threads were stopped: 0.0000770 seconds, Stopping threads took: 0.0000190 seconds
[2019-12-08T10:03:03.311+0000][1][safepoint    ] Application time: 1.0000783 seconds
[2019-12-08T10:03:03.311+0000][1][safepoint    ] Entering safepoint region: Cleanup
[2019-12-08T10:03:03.311+0000][1][safepoint    ] Leaving safepoint region
[2019-12-08T10:03:03.311+0000][1][safepoint    ] Total time for which application threads were stopped: 0.0000878 seconds, Stopping threads took: 0.0000191 seconds
[2019-12-08T10:03:04.738+0000][1][safepoint    ] Application time: 1.4269095 seconds
[2019-12-08T10:03:04.738+0000][1][safepoint    ] Entering safepoint region: Cleanup
[2019-12-08T10:03:04.738+0000][1][safepoint    ] Leaving safepoint region
[2019-12-08T10:03:04.738+0000][1][safepoint    ] Total time for which application threads were stopped: 0.0001137 seconds, Stopping threads took: 0.0000207 seconds
[2019-12-08T10:03:06.315+0000][1][safepoint    ] Application time: 1.5774142 seconds
[2019-12-08T10:03:06.315+0000][1][safepoint    ] Entering safepoint region: Cleanup
[2019-12-08T10:03:06.315+0000][1][safepoint    ] Leaving safepoint region
[2019-12-08T10:03:06.315+0000][1][safepoint    ] Total time for which application threads were stopped: 0.0000724 seconds, Stopping threads took: 0.0000171 seconds
[2019-12-08T10:03:07.315+0000][1][safepoint    ] Application time: 1.0000790 seconds
[2019-12-08T10:03:07.315+0000][1][safepoint    ] Entering safepoint region: Cleanup
[2019-12-08T10:03:07.315+0000][1][safepoint    ] Leaving safepoint region
[2019-12-08T10:03:07.315+0000][1][safepoint    ] Total time for which application threads were stopped: 0.0000778 seconds, Stopping threads took: 0.0000230 seconds
[2019-12-08T10:03:08.316+0000][1][safepoint    ] Application time: 1.0001075 seconds
[2019-12-08T10:03:08.316+0000][1][safepoint    ] Entering safepoint region: Cleanup
[2019-12-08T10:03:08.316+0000][1][safepoint    ] Leaving safepoint region
[2019-12-08T10:03:08.316+0000][1][safepoint    ] Total time for which application threads were stopped: 0.0001193 seconds, Stopping threads took: 0.0000224 seconds
[2019-12-08T10:03:09.316+0000][1][safepoint    ] Application time: 1.0000889 seconds
[2019-12-08T10:03:09.316+0000][1][safepoint    ] Entering safepoint region: Cleanup
[2019-12-08T10:03:09.316+0000][1][safepoint    ] Leaving safepoint region
[2019-12-08T10:03:09.316+0000][1][safepoint    ] Total time for which application threads were stopped: 0.0001057 seconds, Stopping threads took: 0.0000252 seconds
[2019-12-08T10:03:10.316+0000][1][safepoint    ] Application time: 1.0000914 seconds
[2019-12-08T10:03:10.316+0000][1][safepoint    ] Entering safepoint region: Cleanup
[2019-12-08T10:03:10.316+0000][1][safepoint    ] Leaving safepoint region
[2019-12-08T10:03:10.316+0000][1][safepoint    ] Total time for which application threads were stopped: 0.0000722 seconds, Stopping threads took: 0.0000172 seconds
[2019-12-08T10:03:11.316+0000][1][safepoint    ] Application time: 1.0000801 seconds
[2019-12-08T10:03:11.316+0000][1][safepoint    ] Entering safepoint region: Cleanup
[2019-12-08T10:03:11.316+0000][1][safepoint    ] Leaving safepoint region
[2019-12-08T10:03:11.316+0000][1][safepoint    ] Total time for which application threads were stopped: 0.0000798 seconds, Stopping threads took: 0.0000176 seconds
[2019-12-08T10:03:12.317+0000][1][safepoint    ] Application time: 1.0000825 seconds
[2019-12-08T10:03:12.317+0000][1][safepoint    ] Entering safepoint region: Cleanup
[2019-12-08T10:03:12.317+0000][1][safepoint    ] Leaving safepoint region
[2019-12-08T10:03:12.317+0000][1][safepoint    ] Total time for which application threads were stopped: 0.0000762 seconds, Stopping threads took: 0.0000179 seconds
[2019-12-08T10:03:13.317+0000][1][safepoint    ] Application time: 1.0000808 seconds
[2019-12-08T10:03:13.317+0000][1][safepoint    ] Entering safepoint region: Cleanup
[2019-12-08T10:03:13.317+0000][1][safepoint    ] Leaving safepoint region
[2019-12-08T10:03:13.317+0000][1][safepoint    ] Total time for which application threads were stopped: 0.0000744 seconds, Stopping threads took: 0.0000184 seconds
[2019-12-08T10:03:14.317+0000][1][safepoint    ] Application time: 1.0000828 seconds
[2019-12-08T10:03:14.317+0000][1][safepoint    ] Entering safepoint region: Cleanup
[2019-12-08T10:03:14.317+0000][1][safepoint    ] Leaving safepoint region
[2019-12-08T10:03:14.317+0000][1][safepoint    ] Total time for which application threads were stopped: 0.0000770 seconds, Stopping threads took: 0.0000186 seconds
[2019-12-08T10:03:15.317+0000][1][safepoint    ] Application time: 1.0000826 seconds
[2019-12-08T10:03:15.317+0000][1][safepoint    ] Entering safepoint region: Cleanup
[2019-12-08T10:03:15.317+0000][1][safepoint    ] Leaving safepoint region
[2019-12-08T10:03:15.317+0000][1][safepoint    ] Total time for which application threads were stopped: 0.0000746 seconds, Stopping threads took: 0.0000177 seconds
[2019-12-08T10:03:16.317+0000][1][safepoint    ] Application time: 1.0000840 seconds
[2019-12-08T10:03:16.317+0000][1][safepoint    ] Entering safepoint region: Cleanup
[2019-12-08T10:03:16.317+0000][1][safepoint    ] Leaving safepoint region
[2019-12-08T10:03:16.317+0000][1][safepoint    ] Total time for which application threads were stopped: 0.0000765 seconds, Stopping threads took: 0.0000189 seconds
[2019-12-08T10:03:17.318+0000][1][safepoint    ] Application time: 1.0000817 seconds
[2019-12-08T10:03:17.318+0000][1][safepoint    ] Entering safepoint region: Cleanup
[2019-12-08T10:03:17.318+0000][1][safepoint    ] Leaving safepoint region
[2019-12-08T10:03:17.318+0000][1][safepoint    ] Total time for which application threads were stopped: 0.0000750 seconds, Stopping threads took: 0.0000180 seconds
[2019-12-08T10:03:18.318+0000][1][safepoint    ] Application time: 1.0000789 seconds
[2019-12-08T10:03:18.318+0000][1][safepoint    ] Entering safepoint region: Cleanup
[2019-12-08T10:03:18.318+0000][1][safepoint    ] Leaving safepoint region
[2019-12-08T10:03:18.318+0000][1][safepoint    ] Total time for which application threads were stopped: 0.0000726 seconds, Stopping threads took: 0.0000171 seconds
[2019-12-08T10:03:19.318+0000][1][safepoint    ] Application time: 1.0000821 seconds
[2019-12-08T10:03:19.318+0000][1][safepoint    ] Entering safepoint region: Cleanup
[2019-12-08T10:03:19.318+0000][1][safepoint    ] Leaving safepoint region
[2019-12-08T10:03:19.318+0000][1][safepoint    ] Total time for which application threads were stopped: 0.0000786 seconds, Stopping threads took: 0.0000191 seconds
[2019-12-08T10:03:20.318+0000][1][safepoint    ] Application time: 1.0000858 seconds
[2019-12-08T10:03:20.318+0000][1][safepoint    ] Entering safepoint region: Cleanup
[2019-12-08T10:03:20.318+0000][1][safepoint    ] Leaving safepoint region
[2019-12-08T10:03:20.318+0000][1][safepoint    ] Total time for which application threads were stopped: 0.0000790 seconds, Stopping threads took: 0.0000196 seconds
[2019-12-08T10:03:21.318+0000][1][safepoint    ] Application time: 1.0000771 seconds
[2019-12-08T10:03:21.318+0000][1][safepoint    ] Entering safepoint region: Cleanup
[2019-12-08T10:03:21.318+0000][1][safepoint    ] Leaving safepoint region
[2019-12-08T10:03:21.318+0000][1][safepoint    ] Total time for which application threads were stopped: 0.0000769 seconds, Stopping threads took: 0.0000194 seconds
[2019-12-08T10:03:22.319+0000][1][safepoint    ] Application time: 1.0000788 seconds
[2019-12-08T10:03:22.319+0000][1][safepoint    ] Entering safepoint region: Cleanup
[2019-12-08T10:03:22.319+0000][1][safepoint    ] Leaving safepoint region
[2019-12-08T10:03:22.319+0000][1][safepoint    ] Total time for which application threads were stopped: 0.0000831 seconds, Stopping threads took: 0.0000277 seconds
[2019-12-08T10:03:23.319+0000][1][safepoint    ] Application time: 1.0000495 seconds
[2019-12-08T10:03:23.319+0000][1][safepoint    ] Entering safepoint region: Cleanup
[2019-12-08T10:03:23.319+0000][1][safepoint    ] Leaving safepoint region
[2019-12-08T10:03:23.319+0000][1][safepoint    ] Total time for which application threads were stopped: 0.0000872 seconds, Stopping threads took: 0.0000189 seconds
[2019-12-08T10:03:24.319+0000][1][safepoint    ] Application time: 1.0000784 seconds
[2019-12-08T10:03:24.319+0000][1][safepoint    ] Entering safepoint region: Cleanup
[2019-12-08T10:03:24.319+0000][1][safepoint    ] Leaving safepoint region
[2019-12-08T10:03:24.319+0000][1][safepoint    ] Total time for which application threads were stopped: 0.0000855 seconds, Stopping threads took: 0.0000192 seconds
[2019-12-08T10:03:25.319+0000][1][safepoint    ] Application time: 1.0000817 seconds
[2019-12-08T10:03:25.319+0000][1][safepoint    ] Entering safepoint region: Cleanup
[2019-12-08T10:03:25.319+0000][1][safepoint    ] Leaving safepoint region
[2019-12-08T10:03:25.319+0000][1][safepoint    ] Total time for which application threads were stopped: 0.0000753 seconds, Stopping threads took: 0.0000183 seconds
[2019-12-08T10:03:26.319+0000][1][safepoint    ] Application time: 1.0000777 seconds
[2019-12-08T10:03:26.319+0000][1][safepoint    ] Entering safepoint region: Cleanup
[2019-12-08T10:03:26.319+0000][1][safepoint    ] Leaving safepoint region
[2019-12-08T10:03:26.319+0000][1][safepoint    ] Total time for which application threads were stopped: 0.0000759 seconds, Stopping threads took: 0.0000185 seconds
[2019-12-08T10:03:27.320+0000][1][safepoint    ] Application time: 1.0000896 seconds
[2019-12-08T10:03:27.320+0000][1][safepoint    ] Entering safepoint region: Cleanup
[2019-12-08T10:03:27.320+0000][1][safepoint    ] Leaving safepoint region
[2019-12-08T10:03:27.320+0000][1][safepoint    ] Total time for which application threads were stopped: 0.0000856 seconds, Stopping threads took: 0.0000272 seconds
[2019-12-08T10:03:28.320+0000][1][safepoint    ] Application time: 1.0000834 seconds
[2019-12-08T10:03:28.320+0000][1][safepoint    ] Entering safepoint region: Cleanup
[2019-12-08T10:03:28.320+0000][1][safepoint    ] Leaving safepoint region
[2019-12-08T10:03:28.320+0000][1][safepoint    ] Total time for which application threads were stopped: 0.0000764 seconds, Stopping threads took: 0.0000185 seconds
[2019-12-08T10:03:29.320+0000][1][safepoint    ] Application time: 1.0000989 seconds
[2019-12-08T10:03:29.320+0000][1][safepoint    ] Entering safepoint region: Cleanup
[2019-12-08T10:03:29.320+0000][1][safepoint    ] Leaving safepoint region
[2019-12-08T10:03:29.320+0000][1][safepoint    ] Total time for which application threads were stopped: 0.0000789 seconds, Stopping threads took: 0.0000201 seconds
[2019-12-08T10:03:30.320+0000][1][safepoint    ] Application time: 1.0000801 seconds
[2019-12-08T10:03:30.320+0000][1][safepoint    ] Entering safepoint region: Cleanup
[2019-12-08T10:03:30.320+0000][1][safepoint    ] Leaving safepoint region
[2019-12-08T10:03:30.320+0000][1][safepoint    ] Total time for which application threads were stopped: 0.0000802 seconds, Stopping threads took: 0.0000189 seconds
[2019-12-08T10:03:31.320+0000][1][safepoint    ] Application time: 1.0000789 seconds
[2019-12-08T10:03:31.320+0000][1][safepoint    ] Entering safepoint region: Cleanup
[2019-12-08T10:03:31.321+0000][1][safepoint    ] Leaving safepoint region
[2019-12-08T10:03:31.321+0000][1][safepoint    ] Total time for which application threads were stopped: 0.0000778 seconds, Stopping threads took: 0.0000192 seconds
[2019-12-08T10:03:32.321+0000][1][safepoint    ] Application time: 1.0000761 seconds
[2019-12-08T10:03:32.321+0000][1][safepoint    ] Entering safepoint region: Cleanup
[2019-12-08T10:03:32.321+0000][1][safepoint    ] Leaving safepoint region
[2019-12-08T10:03:32.321+0000][1][safepoint    ] Total time for which application threads were stopped: 0.0000853 seconds, Stopping threads took: 0.0000186 seconds
[2019-12-08T10:03:33.321+0000][1][safepoint    ] Application time: 1.0000774 seconds
[2019-12-08T10:03:33.321+0000][1][safepoint    ] Entering safepoint region: Cleanup
[2019-12-08T10:03:33.321+0000][1][safepoint    ] Leaving safepoint region
[2019-12-08T10:03:33.321+0000][1][safepoint    ] Total time for which application threads were stopped: 0.0000796 seconds, Stopping threads took: 0.0000195 seconds
[2019-12-08T10:03:34.321+0000][1][safepoint    ] Application time: 1.0000780 seconds
[2019-12-08T10:03:34.321+0000][1][safepoint    ] Entering safepoint region: Cleanup
[2019-12-08T10:03:34.321+0000][1][safepoint    ] Leaving safepoint region
[2019-12-08T10:03:34.321+0000][1][safepoint    ] Total time for which application threads were stopped: 0.0000778 seconds, Stopping threads took: 0.0000187 seconds
[2019-12-08T10:03:35.321+0000][1][safepoint    ] Application time: 1.0000779 seconds
[2019-12-08T10:03:35.321+0000][1][safepoint    ] Entering safepoint region: Cleanup
[2019-12-08T10:03:35.321+0000][1][safepoint    ] Leaving safepoint region
[2019-12-08T10:03:35.321+0000][1][safepoint    ] Total time for which application threads were stopped: 0.0000779 seconds, Stopping threads took: 0.0000186 seconds
[2019-12-08T10:03:36.321+0000][1][safepoint    ] Application time: 1.0000770 seconds
[2019-12-08T10:03:36.321+0000][1][safepoint    ] Entering safepoint region: Cleanup
[2019-12-08T10:03:36.322+0000][1][safepoint    ] Leaving safepoint region
[2019-12-08T10:03:36.322+0000][1][safepoint    ] Total time for which application threads were stopped: 0.0000962 seconds, Stopping threads took: 0.0000199 seconds
[2019-12-08T10:03:37.322+0000][1][safepoint    ] Application time: 1.0000790 seconds
[2019-12-08T10:03:37.322+0000][1][safepoint    ] Entering safepoint region: Cleanup
[2019-12-08T10:03:37.322+0000][1][safepoint    ] Leaving safepoint region
[2019-12-08T10:03:37.322+0000][1][safepoint    ] Total time for which application threads were stopped: 0.0000944 seconds, Stopping threads took: 0.0000364 seconds
[2019-12-08T10:03:38.322+0000][1][safepoint    ] Application time: 1.0000864 seconds
[2019-12-08T10:03:38.322+0000][1][safepoint    ] Entering safepoint region: Cleanup
[2019-12-08T10:03:38.322+0000][1][safepoint    ] Leaving safepoint region
[2019-12-08T10:03:38.322+0000][1][safepoint    ] Total time for which application threads were stopped: 0.0001056 seconds, Stopping threads took: 0.0000257 seconds
[2019-12-08T10:03:39.322+0000][1][safepoint    ] Application time: 1.0000758 seconds
[2019-12-08T10:03:39.322+0000][1][safepoint    ] Entering safepoint region: Cleanup
[2019-12-08T10:03:39.322+0000][1][safepoint    ] Leaving safepoint region
[2019-12-08T10:03:39.322+0000][1][safepoint    ] Total time for which application threads were stopped: 0.0000804 seconds, Stopping threads took: 0.0000197 seconds
[2019-12-08T10:03:40.322+0000][1][safepoint    ] Application time: 1.0000803 seconds
[2019-12-08T10:03:40.322+0000][1][safepoint    ] Entering safepoint region: Cleanup
[2019-12-08T10:03:40.322+0000][1][safepoint    ] Leaving safepoint region
[2019-12-08T10:03:40.322+0000][1][safepoint    ] Total time for which application threads were stopped: 0.0000776 seconds, Stopping threads took: 0.0000190 seconds
[2019-12-08T10:03:41.322+0000][1][safepoint    ] Application time: 1.0000850 seconds
[2019-12-08T10:03:41.323+0000][1][safepoint    ] Entering safepoint region: Cleanup
[2019-12-08T10:03:41.323+0000][1][safepoint    ] Leaving safepoint region
[2019-12-08T10:03:41.323+0000][1][safepoint    ] Total time for which application threads were stopped: 0.0000779 seconds, Stopping threads took: 0.0000193 seconds
[2019-12-08T10:03:42.323+0000][1][safepoint    ] Application time: 1.0000910 seconds
[2019-12-08T10:03:42.323+0000][1][safepoint    ] Entering safepoint region: Cleanup
[2019-12-08T10:03:42.323+0000][1][safepoint    ] Leaving safepoint region
[2019-12-08T10:03:42.323+0000][1][safepoint    ] Total time for which application threads were stopped: 0.0000772 seconds, Stopping threads took: 0.0000180 seconds
[2019-12-08T10:03:43.323+0000][1][safepoint    ] Application time: 1.0000806 seconds
[2019-12-08T10:03:43.323+0000][1][safepoint    ] Entering safepoint region: Cleanup
[2019-12-08T10:03:43.323+0000][1][safepoint    ] Leaving safepoint region
[2019-12-08T10:03:43.323+0000][1][safepoint    ] Total time for which application threads were stopped: 0.0000756 seconds, Stopping threads took: 0.0000186 seconds
[2019-12-08T10:03:44.323+0000][1][safepoint    ] Application time: 1.0000816 seconds
[2019-12-08T10:03:44.323+0000][1][safepoint    ] Entering safepoint region: Cleanup
[2019-12-08T10:03:44.323+0000][1][safepoint    ] Leaving safepoint region
[2019-12-08T10:03:44.323+0000][1][safepoint    ] Total time for which application threads were stopped: 0.0000770 seconds, Stopping threads took: 0.0000191 seconds
[2019-12-08T10:03:45.323+0000][1][safepoint    ] Application time: 1.0000838 seconds
[2019-12-08T10:03:45.323+0000][1][safepoint    ] Entering safepoint region: Cleanup
[2019-12-08T10:03:45.323+0000][1][safepoint    ] Leaving safepoint region
[2019-12-08T10:03:45.323+0000][1][safepoint    ] Total time for which application threads were stopped: 0.0000787 seconds, Stopping threads took: 0.0000189 seconds
[2019-12-08T10:03:46.324+0000][1][safepoint    ] Application time: 1.0000810 seconds
[2019-12-08T10:03:46.324+0000][1][safepoint    ] Entering safepoint region: Cleanup
[2019-12-08T10:03:46.324+0000][1][safepoint    ] Leaving safepoint region
[2019-12-08T10:03:46.324+0000][1][safepoint    ] Total time for which application threads were stopped: 0.0000988 seconds, Stopping threads took: 0.0000203 seconds
[2019-12-08T10:03:47.324+0000][1][safepoint    ] Application time: 1.0000787 seconds
[2019-12-08T10:03:47.324+0000][1][safepoint    ] Entering safepoint region: Cleanup
[2019-12-08T10:03:47.324+0000][1][safepoint    ] Leaving safepoint region
[2019-12-08T10:03:47.324+0000][1][safepoint    ] Total time for which application threads were stopped: 0.0000789 seconds, Stopping threads took: 0.0000202 seconds
[2019-12-08T10:03:48.324+0000][1][safepoint    ] Application time: 1.0000856 seconds
[2019-12-08T10:03:48.324+0000][1][safepoint    ] Entering safepoint region: Cleanup
[2019-12-08T10:03:48.324+0000][1][safepoint    ] Leaving safepoint region
[2019-12-08T10:03:48.324+0000][1][safepoint    ] Total time for which application threads were stopped: 0.0000767 seconds, Stopping threads took: 0.0000189 seconds
[2019-12-08T10:03:49.324+0000][1][safepoint    ] Application time: 1.0000877 seconds
[2019-12-08T10:03:49.324+0000][1][safepoint    ] Entering safepoint region: Cleanup
[2019-12-08T10:03:49.324+0000][1][safepoint    ] Leaving safepoint region
[2019-12-08T10:03:49.324+0000][1][safepoint    ] Total time for which application threads were stopped: 0.0000755 seconds, Stopping threads took: 0.0000179 seconds
[2019-12-08T10:03:50.324+0000][1][safepoint    ] Application time: 1.0000873 seconds
[2019-12-08T10:03:50.324+0000][1][safepoint    ] Entering safepoint region: Cleanup
[2019-12-08T10:03:50.324+0000][1][safepoint    ] Leaving safepoint region
[2019-12-08T10:03:50.324+0000][1][safepoint    ] Total time for which application threads were stopped: 0.0000744 seconds, Stopping threads took: 0.0000179 seconds
[2019-12-08T10:03:51.325+0000][1][safepoint    ] Application time: 1.0000865 seconds
[2019-12-08T10:03:51.325+0000][1][safepoint    ] Entering safepoint region: Cleanup
[2019-12-08T10:03:51.325+0000][1][safepoint    ] Leaving safepoint region
[2019-12-08T10:03:51.325+0000][1][safepoint    ] Total time for which application threads were stopped: 0.0000747 seconds, Stopping threads took: 0.0000183 seconds
[2019-12-08T10:03:52.325+0000][1][safepoint    ] Application time: 1.0001051 seconds
[2019-12-08T10:03:52.325+0000][1][safepoint    ] Entering safepoint region: Cleanup
[2019-12-08T10:03:52.325+0000][1][safepoint    ] Leaving safepoint region
[2019-12-08T10:03:52.325+0000][1][safepoint    ] Total time for which application threads were stopped: 0.0000778 seconds, Stopping threads took: 0.0000208 seconds
[2019-12-08T10:03:53.325+0000][1][safepoint    ] Application time: 1.0000852 seconds
[2019-12-08T10:03:53.325+0000][1][safepoint    ] Entering safepoint region: Cleanup
[2019-12-08T10:03:53.325+0000][1][safepoint    ] Leaving safepoint region
[2019-12-08T10:03:53.325+0000][1][safepoint    ] Total time for which application threads were stopped: 0.0001035 seconds, Stopping threads took: 0.0000254 seconds
[2019-12-08T10:03:54.325+0000][1][safepoint    ] Application time: 1.0000906 seconds
[2019-12-08T10:03:54.325+0000][1][safepoint    ] Entering safepoint region: Cleanup
[2019-12-08T10:03:54.325+0000][1][safepoint    ] Leaving safepoint region
[2019-12-08T10:03:54.325+0000][1][safepoint    ] Total time for which application threads were stopped: 0.0000809 seconds, Stopping threads took: 0.0000198 seconds
[2019-12-08T10:03:55.325+0000][1][safepoint    ] Application time: 1.0000930 seconds
[2019-12-08T10:03:55.326+0000][1][safepoint    ] Entering safepoint region: Cleanup
[2019-12-08T10:03:55.326+0000][1][safepoint    ] Leaving safepoint region
[2019-12-08T10:03:55.326+0000][1][safepoint    ] Total time for which application threads were stopped: 0.0000805 seconds, Stopping threads took: 0.0000199 seconds
[2019-12-08T10:03:56.326+0000][1][safepoint    ] Application time: 1.0000876 seconds
[2019-12-08T10:03:56.326+0000][1][safepoint    ] Entering safepoint region: Cleanup
[2019-12-08T10:03:56.326+0000][1][safepoint    ] Leaving safepoint region
[2019-12-08T10:03:56.326+0000][1][safepoint    ] Total time for which application threads were stopped: 0.0000787 seconds, Stopping threads took: 0.0000199 seconds
[2019-12-08T10:03:57.326+0000][1][safepoint    ] Application time: 1.0000887 seconds
[2019-12-08T10:03:57.326+0000][1][safepoint    ] Entering safepoint region: Cleanup
[2019-12-08T10:03:57.326+0000][1][safepoint    ] Leaving safepoint region
[2019-12-08T10:03:57.326+0000][1][safepoint    ] Total time for which application threads were stopped: 0.0000798 seconds, Stopping threads took: 0.0000192 seconds
[2019-12-08T10:03:58.326+0000][1][safepoint    ] Application time: 1.0000837 seconds
[2019-12-08T10:03:58.326+0000][1][safepoint    ] Entering safepoint region: Cleanup
[2019-12-08T10:03:58.326+0000][1][safepoint    ] Leaving safepoint region
[2019-12-08T10:03:58.326+0000][1][safepoint    ] Total time for which application threads were stopped: 0.0000799 seconds, Stopping threads took: 0.0000199 seconds
[2019-12-08T10:03:59.326+0000][1][safepoint    ] Application time: 1.0000832 seconds
[2019-12-08T10:03:59.326+0000][1][safepoint    ] Entering safepoint region: Cleanup
[2019-12-08T10:03:59.326+0000][1][safepoint    ] Leaving safepoint region
[2019-12-08T10:03:59.326+0000][1][safepoint    ] Total time for which application threads were stopped: 0.0000823 seconds, Stopping threads took: 0.0000191 seconds
[2019-12-08T10:04:00.327+0000][1][safepoint    ] Application time: 1.0000833 seconds
[2019-12-08T10:04:00.327+0000][1][safepoint    ] Entering safepoint region: Cleanup
[2019-12-08T10:04:00.327+0000][1][safepoint    ] Leaving safepoint region
[2019-12-08T10:04:00.327+0000][1][safepoint    ] Total time for which application threads were stopped: 0.0000775 seconds, Stopping threads took: 0.0000201 seconds
[2019-12-08T10:04:01.327+0000][1][safepoint    ] Application time: 1.0000877 seconds
[2019-12-08T10:04:01.327+0000][1][safepoint    ] Entering safepoint region: Cleanup
[2019-12-08T10:04:01.327+0000][1][safepoint    ] Leaving safepoint region
[2019-12-08T10:04:01.327+0000][1][safepoint    ] Total time for which application threads were stopped: 0.0000775 seconds, Stopping threads took: 0.0000187 seconds
[2019-12-08T10:04:02.327+0000][1][safepoint    ] Application time: 1.0000816 seconds
[2019-12-08T10:04:02.327+0000][1][safepoint    ] Entering safepoint region: Cleanup
[2019-12-08T10:04:02.327+0000][1][safepoint    ] Leaving safepoint region
[2019-12-08T10:04:02.327+0000][1][safepoint    ] Total time for which application threads were stopped: 0.0000794 seconds, Stopping threads took: 0.0000200 seconds
[2019-12-08T10:04:03.327+0000][1][safepoint    ] Application time: 1.0000790 seconds
[2019-12-08T10:04:03.327+0000][1][safepoint    ] Entering safepoint region: Cleanup
[2019-12-08T10:04:03.327+0000][1][safepoint    ] Leaving safepoint region
[2019-12-08T10:04:03.327+0000][1][safepoint    ] Total time for which application threads were stopped: 0.0000779 seconds, Stopping threads took: 0.0000188 seconds
[2019-12-08T10:04:04.327+0000][1][safepoint    ] Application time: 1.0000869 seconds
[2019-12-08T10:04:04.327+0000][1][safepoint    ] Entering safepoint region: Cleanup
[2019-12-08T10:04:04.327+0000][1][safepoint    ] Leaving safepoint region
[2019-12-08T10:04:04.327+0000][1][safepoint    ] Total time for which application threads were stopped: 0.0000807 seconds, Stopping threads took: 0.0000207 seconds
[2019-12-08T10:04:05.328+0000][1][safepoint    ] Application time: 1.0000820 seconds
[2019-12-08T10:04:05.328+0000][1][safepoint    ] Entering safepoint region: Cleanup
[2019-12-08T10:04:05.328+0000][1][safepoint    ] Leaving safepoint region
[2019-12-08T10:04:05.328+0000][1][safepoint    ] Total time for which application threads were stopped: 0.0000891 seconds, Stopping threads took: 0.0000192 seconds
[2019-12-08T10:04:06.328+0000][1][safepoint    ] Application time: 1.0000898 seconds
[2019-12-08T10:04:06.328+0000][1][safepoint    ] Entering safepoint region: Cleanup
[2019-12-08T10:04:06.328+0000][1][safepoint    ] Leaving safepoint region
[2019-12-08T10:04:06.328+0000][1][safepoint    ] Total time for which application threads were stopped: 0.0000906 seconds, Stopping threads took: 0.0000282 seconds
[2019-12-08T10:04:07.328+0000][1][safepoint    ] Application time: 1.0000829 seconds
[2019-12-08T10:04:07.328+0000][1][safepoint    ] Entering safepoint region: Cleanup
[2019-12-08T10:04:07.328+0000][1][safepoint    ] Leaving safepoint region
[2019-12-08T10:04:07.328+0000][1][safepoint    ] Total time for which application threads were stopped: 0.0000790 seconds, Stopping threads took: 0.0000193 seconds
[2019-12-08T10:04:08.328+0000][1][safepoint    ] Application time: 1.0000853 seconds
[2019-12-08T10:04:08.328+0000][1][safepoint    ] Entering safepoint region: Cleanup
[2019-12-08T10:04:08.328+0000][1][safepoint    ] Leaving safepoint region
[2019-12-08T10:04:08.328+0000][1][safepoint    ] Total time for which application threads were stopped: 0.0001009 seconds, Stopping threads took: 0.0000252 seconds
[2019-12-08T10:04:09.328+0000][1][safepoint    ] Application time: 1.0000828 seconds
[2019-12-08T10:04:09.329+0000][1][safepoint    ] Entering safepoint region: Cleanup
[2019-12-08T10:04:09.329+0000][1][safepoint    ] Leaving safepoint region
[2019-12-08T10:04:09.329+0000][1][safepoint    ] Total time for which application threads were stopped: 0.0000808 seconds, Stopping threads took: 0.0000201 seconds
[2019-12-08T10:04:10.329+0000][1][safepoint    ] Application time: 1.0000809 seconds
[2019-12-08T10:04:10.329+0000][1][safepoint    ] Entering safepoint region: Cleanup
[2019-12-08T10:04:10.329+0000][1][safepoint    ] Leaving safepoint region
[2019-12-08T10:04:10.329+0000][1][safepoint    ] Total time for which application threads were stopped: 0.0000772 seconds, Stopping threads took: 0.0000186 seconds
[2019-12-08T10:04:11.329+0000][1][safepoint    ] Application time: 1.0000782 seconds
[2019-12-08T10:04:11.329+0000][1][safepoint    ] Entering safepoint region: Cleanup
[2019-12-08T10:04:11.329+0000][1][safepoint    ] Leaving safepoint region
[2019-12-08T10:04:11.329+0000][1][safepoint    ] Total time for which application threads were stopped: 0.0000919 seconds, Stopping threads took: 0.0000189 seconds
[2019-12-08T10:04:12.329+0000][1][safepoint    ] Application time: 1.0000782 seconds
[2019-12-08T10:04:12.329+0000][1][safepoint    ] Entering safepoint region: Cleanup
[2019-12-08T10:04:12.329+0000][1][safepoint    ] Leaving safepoint region
[2019-12-08T10:04:12.329+0000][1][safepoint    ] Total time for which application threads were stopped: 0.0000780 seconds, Stopping threads took: 0.0000188 seconds
[2019-12-08T10:04:13.329+0000][1][safepoint    ] Application time: 1.0000806 seconds
[2019-12-08T10:04:13.329+0000][1][safepoint    ] Entering safepoint region: Cleanup
[2019-12-08T10:04:13.329+0000][1][safepoint    ] Leaving safepoint region
[2019-12-08T10:04:13.329+0000][1][safepoint    ] Total time for which application threads were stopped: 0.0000784 seconds, Stopping threads took: 0.0000205 seconds
[2019-12-08T10:04:14.330+0000][1][safepoint    ] Application time: 1.0000820 seconds
[2019-12-08T10:04:14.330+0000][1][safepoint    ] Entering safepoint region: Cleanup
[2019-12-08T10:04:14.330+0000][1][safepoint    ] Leaving safepoint region
[2019-12-08T10:04:14.330+0000][1][safepoint    ] Total time for which application threads were stopped: 0.0000790 seconds, Stopping threads took: 0.0000191 seconds
[2019-12-08T10:04:15.330+0000][1][safepoint    ] Application time: 1.0000795 seconds
[2019-12-08T10:04:15.330+0000][1][safepoint    ] Entering safepoint region: Cleanup
[2019-12-08T10:04:15.330+0000][1][safepoint    ] Leaving safepoint region
[2019-12-08T10:04:15.330+0000][1][safepoint    ] Total time for which application threads were stopped: 0.0000800 seconds, Stopping threads took: 0.0000186 seconds
[2019-12-08T10:04:16.330+0000][1][safepoint    ] Application time: 1.0000805 seconds
[2019-12-08T10:04:16.330+0000][1][safepoint    ] Entering safepoint region: Cleanup
[2019-12-08T10:04:16.330+0000][1][safepoint    ] Leaving safepoint region
[2019-12-08T10:04:16.330+0000][1][safepoint    ] Total time for which application threads were stopped: 0.0000834 seconds, Stopping threads took: 0.0000265 seconds
[2019-12-08T10:04:17.330+0000][1][safepoint    ] Application time: 1.0000811 seconds
[2019-12-08T10:04:17.330+0000][1][safepoint    ] Entering safepoint region: Cleanup
[2019-12-08T10:04:17.330+0000][1][safepoint    ] Leaving safepoint region
[2019-12-08T10:04:17.330+0000][1][safepoint    ] Total time for which application threads were stopped: 0.0000787 seconds, Stopping threads took: 0.0000198 seconds
[2019-12-08T10:04:18.330+0000][1][safepoint    ] Application time: 1.0000787 seconds
[2019-12-08T10:04:18.330+0000][1][safepoint    ] Entering safepoint region: Cleanup
[2019-12-08T10:04:18.330+0000][1][safepoint    ] Leaving safepoint region
[2019-12-08T10:04:18.330+0000][1][safepoint    ] Total time for which application threads were stopped: 0.0000768 seconds, Stopping threads took: 0.0000184 seconds
[2019-12-08T10:04:19.331+0000][1][safepoint    ] Application time: 1.0000787 seconds
[2019-12-08T10:04:19.331+0000][1][safepoint    ] Entering safepoint region: Cleanup
[2019-12-08T10:04:19.331+0000][1][safepoint    ] Leaving safepoint region
[2019-12-08T10:04:19.331+0000][1][safepoint    ] Total time for which application threads were stopped: 0.0000758 seconds, Stopping threads took: 0.0000188 seconds
[2019-12-08T10:04:20.331+0000][1][safepoint    ] Application time: 1.0000819 seconds
[2019-12-08T10:04:20.331+0000][1][safepoint    ] Entering safepoint region: Cleanup
[2019-12-08T10:04:20.331+0000][1][safepoint    ] Leaving safepoint region
[2019-12-08T10:04:20.331+0000][1][safepoint    ] Total time for which application threads were stopped: 0.0000792 seconds, Stopping threads took: 0.0000195 seconds
[2019-12-08T10:04:21.331+0000][1][safepoint    ] Application time: 1.0000772 seconds
[2019-12-08T10:04:21.331+0000][1][safepoint    ] Entering safepoint region: Cleanup
[2019-12-08T10:04:21.331+0000][1][safepoint    ] Leaving safepoint region
[2019-12-08T10:04:21.331+0000][1][safepoint    ] Total time for which application threads were stopped: 0.0000785 seconds, Stopping threads took: 0.0000193 seconds
[2019-12-08T10:04:22.331+0000][1][safepoint    ] Application time: 1.0000934 seconds
[2019-12-08T10:04:22.331+0000][1][safepoint    ] Entering safepoint region: Cleanup
[2019-12-08T10:04:22.331+0000][1][safepoint    ] Leaving safepoint region
[2019-12-08T10:04:22.331+0000][1][safepoint    ] Total time for which application threads were stopped: 0.0000779 seconds, Stopping threads took: 0.0000190 seconds
[2019-12-08T10:04:23.337+0000][1][safepoint    ] Application time: 1.0054558 seconds
[2019-12-08T10:04:23.337+0000][1][safepoint    ] Entering safepoint region: Cleanup
[2019-12-08T10:04:23.337+0000][1][safepoint    ] Leaving safepoint region
[2019-12-08T10:04:23.337+0000][1][safepoint    ] Total time for which application threads were stopped: 0.0001003 seconds, Stopping threads took: 0.0000244 seconds
[2019-12-08T10:04:24.337+0000][1][safepoint    ] Application time: 1.0000761 seconds
[2019-12-08T10:04:24.337+0000][1][safepoint    ] Entering safepoint region: Cleanup
[2019-12-08T10:04:24.337+0000][1][safepoint    ] Leaving safepoint region
[2019-12-08T10:04:24.337+0000][1][safepoint    ] Total time for which application threads were stopped: 0.0000801 seconds, Stopping threads took: 0.0000199 seconds
[2019-12-08T10:04:25.337+0000][1][safepoint    ] Application time: 1.0000774 seconds
[2019-12-08T10:04:25.337+0000][1][safepoint    ] Entering safepoint region: Cleanup
[2019-12-08T10:04:25.337+0000][1][safepoint    ] Leaving safepoint region
[2019-12-08T10:04:25.337+0000][1][safepoint    ] Total time for which application threads were stopped: 0.0000777 seconds, Stopping threads took: 0.0000190 seconds
[2019-12-08T10:04:26.337+0000][1][safepoint    ] Application time: 1.0000728 seconds
[2019-12-08T10:04:26.337+0000][1][safepoint    ] Entering safepoint region: Cleanup
[2019-12-08T10:04:26.337+0000][1][safepoint    ] Leaving safepoint region
[2019-12-08T10:04:26.337+0000][1][safepoint    ] Total time for which application threads were stopped: 0.0000981 seconds, Stopping threads took: 0.0000347 seconds
[2019-12-08T10:04:27.338+0000][1][safepoint    ] Application time: 1.0000865 seconds
[2019-12-08T10:04:27.338+0000][1][safepoint    ] Entering safepoint region: Cleanup
[2019-12-08T10:04:27.338+0000][1][safepoint    ] Leaving safepoint region
[2019-12-08T10:04:27.338+0000][1][safepoint    ] Total time for which application threads were stopped: 0.0001002 seconds, Stopping threads took: 0.0000276 seconds
[2019-12-08T10:04:28.338+0000][1][safepoint    ] Application time: 1.0000805 seconds
[2019-12-08T10:04:28.338+0000][1][safepoint    ] Entering safepoint region: Cleanup
[2019-12-08T10:04:28.338+0000][1][safepoint    ] Leaving safepoint region
[2019-12-08T10:04:28.338+0000][1][safepoint    ] Total time for which application threads were stopped: 0.0000762 seconds, Stopping threads took: 0.0000199 seconds
[2019-12-08T10:04:29.338+0000][1][safepoint    ] Application time: 1.0000912 seconds
[2019-12-08T10:04:29.338+0000][1][safepoint    ] Entering safepoint region: Cleanup
[2019-12-08T10:04:29.338+0000][1][safepoint    ] Leaving safepoint region
[2019-12-08T10:04:29.338+0000][1][safepoint    ] Total time for which application threads were stopped: 0.0000799 seconds, Stopping threads took: 0.0000197 seconds
[2019-12-08T10:04:30.338+0000][1][safepoint    ] Application time: 1.0000806 seconds
[2019-12-08T10:04:30.338+0000][1][safepoint    ] Entering safepoint region: Cleanup
[2019-12-08T10:04:30.338+0000][1][safepoint    ] Leaving safepoint region
[2019-12-08T10:04:30.338+0000][1][safepoint    ] Total time for which application threads were stopped: 0.0000796 seconds, Stopping threads took: 0.0000207 seconds
[2019-12-08T10:04:31.338+0000][1][safepoint    ] Application time: 1.0000802 seconds
[2019-12-08T10:04:31.338+0000][1][safepoint    ] Entering safepoint region: Cleanup
[2019-12-08T10:04:31.339+0000][1][safepoint    ] Leaving safepoint region
[2019-12-08T10:04:31.339+0000][1][safepoint    ] Total time for which application threads were stopped: 0.0000749 seconds, Stopping threads took: 0.0000185 seconds
[2019-12-08T10:04:32.339+0000][1][safepoint    ] Application time: 1.0000844 seconds
[2019-12-08T10:04:32.339+0000][1][safepoint    ] Entering safepoint region: Cleanup
[2019-12-08T10:04:32.339+0000][1][safepoint    ] Leaving safepoint region
[2019-12-08T10:04:32.339+0000][1][safepoint    ] Total time for which application threads were stopped: 0.0000863 seconds, Stopping threads took: 0.0000194 seconds
[2019-12-08T10:04:33.339+0000][1][safepoint    ] Application time: 1.0000948 seconds
[2019-12-08T10:04:33.339+0000][1][safepoint    ] Entering safepoint region: Cleanup
[2019-12-08T10:04:33.339+0000][1][safepoint    ] Leaving safepoint region
[2019-12-08T10:04:33.339+0000][1][safepoint    ] Total time for which application threads were stopped: 0.0000783 seconds, Stopping threads took: 0.0000194 seconds
[2019-12-08T10:04:34.339+0000][1][safepoint    ] Application time: 1.0000803 seconds
[2019-12-08T10:04:34.339+0000][1][safepoint    ] Entering safepoint region: Cleanup
[2019-12-08T10:04:34.339+0000][1][safepoint    ] Leaving safepoint region
[2019-12-08T10:04:34.339+0000][1][safepoint    ] Total time for which application threads were stopped: 0.0000764 seconds, Stopping threads took: 0.0000174 seconds
[2019-12-08T10:04:35.339+0000][1][safepoint    ] Application time: 1.0000835 seconds
[2019-12-08T10:04:35.339+0000][1][safepoint    ] Entering safepoint region: Cleanup
[2019-12-08T10:04:35.339+0000][1][safepoint    ] Leaving safepoint region
[2019-12-08T10:04:35.339+0000][1][safepoint    ] Total time for which application threads were stopped: 0.0000761 seconds, Stopping threads took: 0.0000200 seconds
[2019-12-08T10:04:36.339+0000][1][safepoint    ] Application time: 1.0000794 seconds
[2019-12-08T10:04:36.339+0000][1][safepoint    ] Entering safepoint region: Cleanup
[2019-12-08T10:04:36.340+0000][1][safepoint    ] Leaving safepoint region
[2019-12-08T10:04:36.340+0000][1][safepoint    ] Total time for which application threads were stopped: 0.0000840 seconds, Stopping threads took: 0.0000195 seconds
[2019-12-08T10:04:37.340+0000][1][safepoint    ] Application time: 1.0000828 seconds
[2019-12-08T10:04:37.340+0000][1][safepoint    ] Entering safepoint region: Cleanup
[2019-12-08T10:04:37.340+0000][1][safepoint    ] Leaving safepoint region
[2019-12-08T10:04:37.340+0000][1][safepoint    ] Total time for which application threads were stopped: 0.0000825 seconds, Stopping threads took: 0.0000221 seconds
[2019-12-08T10:04:38.340+0000][1][safepoint    ] Application time: 1.0000810 seconds
[2019-12-08T10:04:38.340+0000][1][safepoint    ] Entering safepoint region: Cleanup
[2019-12-08T10:04:38.340+0000][1][safepoint    ] Leaving safepoint region
[2019-12-08T10:04:38.340+0000][1][safepoint    ] Total time for which application threads were stopped: 0.0001135 seconds, Stopping threads took: 0.0000336 seconds
[2019-12-08T10:04:39.340+0000][1][safepoint    ] Application time: 1.0000861 seconds
[2019-12-08T10:04:39.340+0000][1][safepoint    ] Entering safepoint region: Cleanup
[2019-12-08T10:04:39.340+0000][1][safepoint    ] Leaving safepoint region
[2019-12-08T10:04:39.340+0000][1][safepoint    ] Total time for which application threads were stopped: 0.0000803 seconds, Stopping threads took: 0.0000200 seconds
[2019-12-08T10:04:40.340+0000][1][safepoint    ] Application time: 1.0000835 seconds
[2019-12-08T10:04:40.340+0000][1][safepoint    ] Entering safepoint region: Cleanup
[2019-12-08T10:04:40.340+0000][1][safepoint    ] Leaving safepoint region
[2019-12-08T10:04:40.340+0000][1][safepoint    ] Total time for which application threads were stopped: 0.0000763 seconds, Stopping threads took: 0.0000187 seconds
[2019-12-08T10:04:41.341+0000][1][safepoint    ] Application time: 1.0000802 seconds
[2019-12-08T10:04:41.341+0000][1][safepoint    ] Entering safepoint region: Cleanup
[2019-12-08T10:04:41.341+0000][1][safepoint    ] Leaving safepoint region
[2019-12-08T10:04:41.341+0000][1][safepoint    ] Total time for which application threads were stopped: 0.0000796 seconds, Stopping threads took: 0.0000207 seconds
[2019-12-08T10:04:42.875+0000][1][safepoint    ] Application time: 1.5345704 seconds
[2019-12-08T10:04:42.875+0000][1][safepoint    ] Entering safepoint region: Cleanup
[2019-12-08T10:04:42.875+0000][1][safepoint    ] Leaving safepoint region
[2019-12-08T10:04:42.875+0000][1][safepoint    ] Total time for which application threads were stopped: 0.0000857 seconds, Stopping threads took: 0.0000204 seconds
[2019-12-08T10:04:43.875+0000][1][safepoint    ] Application time: 1.0000778 seconds
[2019-12-08T10:04:43.875+0000][1][safepoint    ] Entering safepoint region: Cleanup
[2019-12-08T10:04:43.876+0000][1][safepoint    ] Leaving safepoint region
[2019-12-08T10:04:43.876+0000][1][safepoint    ] Total time for which application threads were stopped: 0.0000751 seconds, Stopping threads took: 0.0000190 seconds
[2019-12-08T10:04:44.876+0000][1][safepoint    ] Application time: 1.0000793 seconds
[2019-12-08T10:04:44.876+0000][1][safepoint    ] Entering safepoint region: Cleanup
[2019-12-08T10:04:44.876+0000][1][safepoint    ] Leaving safepoint region
[2019-12-08T10:04:44.876+0000][1][safepoint    ] Total time for which application threads were stopped: 0.0000927 seconds, Stopping threads took: 0.0000345 seconds
[2019-12-08T10:04:45.876+0000][1][safepoint    ] Application time: 1.0000813 seconds
[2019-12-08T10:04:45.876+0000][1][safepoint    ] Entering safepoint region: Cleanup
[2019-12-08T10:04:45.876+0000][1][safepoint    ] Leaving safepoint region
[2019-12-08T10:04:45.876+0000][1][safepoint    ] Total time for which application threads were stopped: 0.0000788 seconds, Stopping threads took: 0.0000195 seconds
[2019-12-08T10:04:46.876+0000][1][safepoint    ] Application time: 1.0000774 seconds
[2019-12-08T10:04:46.876+0000][1][safepoint    ] Entering safepoint region: Cleanup
[2019-12-08T10:04:46.876+0000][1][safepoint    ] Leaving safepoint region
[2019-12-08T10:04:46.876+0000][1][safepoint    ] Total time for which application threads were stopped: 0.0000825 seconds, Stopping threads took: 0.0000191 seconds
[2019-12-08T10:04:47.876+0000][1][safepoint    ] Application time: 1.0000767 seconds
[2019-12-08T10:04:47.876+0000][1][safepoint    ] Entering safepoint region: Cleanup
[2019-12-08T10:04:47.876+0000][1][safepoint    ] Leaving safepoint region
[2019-12-08T10:04:47.876+0000][1][safepoint    ] Total time for which application threads were stopped: 0.0000735 seconds, Stopping threads took: 0.0000174 seconds
[2019-12-08T10:04:48.876+0000][1][safepoint    ] Application time: 1.0000748 seconds
[2019-12-08T10:04:48.876+0000][1][safepoint    ] Entering safepoint region: Cleanup
[2019-12-08T10:04:48.877+0000][1][safepoint    ] Leaving safepoint region
[2019-12-08T10:04:48.877+0000][1][safepoint    ] Total time for which application threads were stopped: 0.0000795 seconds, Stopping threads took: 0.0000203 seconds
[2019-12-08T10:04:49.877+0000][1][safepoint    ] Application time: 1.0000785 seconds
[2019-12-08T10:04:49.877+0000][1][safepoint    ] Entering safepoint region: Cleanup
[2019-12-08T10:04:49.877+0000][1][safepoint    ] Leaving safepoint region
[2019-12-08T10:04:49.877+0000][1][safepoint    ] Total time for which application threads were stopped: 0.0000870 seconds, Stopping threads took: 0.0000310 seconds
[2019-12-08T10:04:50.877+0000][1][safepoint    ] Application time: 1.0000794 seconds
[2019-12-08T10:04:50.877+0000][1][safepoint    ] Entering safepoint region: Cleanup
[2019-12-08T10:04:50.877+0000][1][safepoint    ] Leaving safepoint region
[2019-12-08T10:04:50.877+0000][1][safepoint    ] Total time for which application threads were stopped: 0.0000741 seconds, Stopping threads took: 0.0000190 seconds
[2019-12-08T10:04:51.877+0000][1][safepoint    ] Application time: 1.0000764 seconds
[2019-12-08T10:04:51.877+0000][1][safepoint    ] Entering safepoint region: Cleanup
[2019-12-08T10:04:51.877+0000][1][safepoint    ] Leaving safepoint region
[2019-12-08T10:04:51.877+0000][1][safepoint    ] Total time for which application threads were stopped: 0.0000739 seconds, Stopping threads took: 0.0000181 seconds
[2019-12-08T10:04:52.877+0000][1][safepoint    ] Application time: 1.0000767 seconds
[2019-12-08T10:04:52.877+0000][1][safepoint    ] Entering safepoint region: Cleanup
[2019-12-08T10:04:52.877+0000][1][safepoint    ] Leaving safepoint region
[2019-12-08T10:04:52.877+0000][1][safepoint    ] Total time for which application threads were stopped: 0.0000720 seconds, Stopping threads took: 0.0000175 seconds
[2019-12-08T10:04:53.877+0000][1][safepoint    ] Application time: 1.0000756 seconds
[2019-12-08T10:04:53.877+0000][1][safepoint    ] Entering safepoint region: Cleanup
[2019-12-08T10:04:53.878+0000][1][safepoint    ] Leaving safepoint region
[2019-12-08T10:04:53.878+0000][1][safepoint    ] Total time for which application threads were stopped: 0.0000730 seconds, Stopping threads took: 0.0000172 seconds
[2019-12-08T10:04:54.878+0000][1][safepoint    ] Application time: 1.0000782 seconds
[2019-12-08T10:04:54.878+0000][1][safepoint    ] Entering safepoint region: Cleanup
[2019-12-08T10:04:54.878+0000][1][safepoint    ] Leaving safepoint region
[2019-12-08T10:04:54.878+0000][1][safepoint    ] Total time for which application threads were stopped: 0.0000822 seconds, Stopping threads took: 0.0000162 seconds
[2019-12-08T10:04:55.878+0000][1][safepoint    ] Application time: 1.0000816 seconds
[2019-12-08T10:04:55.878+0000][1][safepoint    ] Entering safepoint region: Cleanup
[2019-12-08T10:04:55.878+0000][1][safepoint    ] Leaving safepoint region
[2019-12-08T10:04:55.878+0000][1][safepoint    ] Total time for which application threads were stopped: 0.0000725 seconds, Stopping threads took: 0.0000173 seconds
[2019-12-08T10:04:56.878+0000][1][safepoint    ] Application time: 1.0000809 seconds
[2019-12-08T10:04:56.878+0000][1][safepoint    ] Entering safepoint region: Cleanup
[2019-12-08T10:04:56.878+0000][1][safepoint    ] Leaving safepoint region
[2019-12-08T10:04:56.878+0000][1][safepoint    ] Total time for which application threads were stopped: 0.0000838 seconds, Stopping threads took: 0.0000193 seconds
[2019-12-08T10:04:57.878+0000][1][safepoint    ] Application time: 1.0000764 seconds
[2019-12-08T10:04:57.878+0000][1][safepoint    ] Entering safepoint region: Cleanup
[2019-12-08T10:04:57.878+0000][1][safepoint    ] Leaving safepoint region
[2019-12-08T10:04:57.878+0000][1][safepoint    ] Total time for which application threads were stopped: 0.0000715 seconds, Stopping threads took: 0.0000178 seconds
[2019-12-08T10:04:58.878+0000][1][safepoint    ] Application time: 1.0000769 seconds
[2019-12-08T10:04:58.878+0000][1][safepoint    ] Entering safepoint region: Cleanup
[2019-12-08T10:04:58.878+0000][1][safepoint    ] Leaving safepoint region
[2019-12-08T10:04:58.879+0000][1][safepoint    ] Total time for which application threads were stopped: 0.0000721 seconds, Stopping threads took: 0.0000172 seconds
[2019-12-08T10:04:59.879+0000][1][safepoint    ] Application time: 1.0000801 seconds
[2019-12-08T10:04:59.879+0000][1][safepoint    ] Entering safepoint region: Cleanup
[2019-12-08T10:04:59.879+0000][1][safepoint    ] Leaving safepoint region
[2019-12-08T10:04:59.879+0000][1][safepoint    ] Total time for which application threads were stopped: 0.0000906 seconds, Stopping threads took: 0.0000192 seconds
[2019-12-08T10:05:00.879+0000][1][safepoint    ] Application time: 1.0000761 seconds
[2019-12-08T10:05:00.879+0000][1][safepoint    ] Entering safepoint region: Cleanup
[2019-12-08T10:05:00.879+0000][1][safepoint    ] Leaving safepoint region
[2019-12-08T10:05:00.879+0000][1][safepoint    ] Total time for which application threads were stopped: 0.0000738 seconds, Stopping threads took: 0.0000182 seconds
[2019-12-08T10:05:01.879+0000][1][safepoint    ] Application time: 1.0000832 seconds
[2019-12-08T10:05:01.879+0000][1][safepoint    ] Entering safepoint region: Cleanup
[2019-12-08T10:05:01.879+0000][1][safepoint    ] Leaving safepoint region
[2019-12-08T10:05:01.879+0000][1][safepoint    ] Total time for which application threads were stopped: 0.0001115 seconds, Stopping threads took: 0.0000279 seconds
[2019-12-08T10:05:03.394+0000][1][safepoint    ] Application time: 1.5152022 seconds
[2019-12-08T10:05:03.394+0000][1][safepoint    ] Entering safepoint region: Cleanup
[2019-12-08T10:05:03.394+0000][1][safepoint    ] Leaving safepoint region
[2019-12-08T10:05:03.394+0000][1][safepoint    ] Total time for which application threads were stopped: 0.0000762 seconds, Stopping threads took: 0.0000177 seconds
[2019-12-08T10:05:04.395+0000][1][safepoint    ] Application time: 1.0001108 seconds
[2019-12-08T10:05:04.395+0000][1][safepoint    ] Entering safepoint region: Cleanup
[2019-12-08T10:05:04.395+0000][1][safepoint    ] Leaving safepoint region
[2019-12-08T10:05:04.395+0000][1][safepoint    ] Total time for which application threads were stopped: 0.0001507 seconds, Stopping threads took: 0.0000825 seconds
[2019-12-08T10:05:05.395+0000][1][safepoint    ] Application time: 1.0003868 seconds
[2019-12-08T10:05:05.395+0000][1][safepoint    ] Entering safepoint region: Cleanup
[2019-12-08T10:05:05.395+0000][1][safepoint    ] Leaving safepoint region
[2019-12-08T10:05:05.395+0000][1][safepoint    ] Total time for which application threads were stopped: 0.0001121 seconds, Stopping threads took: 0.0000264 seconds
[2019-12-08T10:05:06.395+0000][1][safepoint    ] Application time: 1.0000836 seconds
[2019-12-08T10:05:06.396+0000][1][safepoint    ] Entering safepoint region: Cleanup
[2019-12-08T10:05:06.396+0000][1][safepoint    ] Leaving safepoint region
[2019-12-08T10:05:06.396+0000][1][safepoint    ] Total time for which application threads were stopped: 0.0001393 seconds, Stopping threads took: 0.0000590 seconds
[2019-12-08T10:05:07.396+0000][1][safepoint    ] Application time: 1.0000846 seconds
[2019-12-08T10:05:07.396+0000][1][safepoint    ] Entering safepoint region: Cleanup
[2019-12-08T10:05:07.396+0000][1][safepoint    ] Leaving safepoint region
[2019-12-08T10:05:07.396+0000][1][safepoint    ] Total time for which application threads were stopped: 0.0000776 seconds, Stopping threads took: 0.0000190 seconds
[2019-12-08T10:05:08.396+0000][1][safepoint    ] Application time: 1.0000904 seconds
[2019-12-08T10:05:08.396+0000][1][safepoint    ] Entering safepoint region: Cleanup
[2019-12-08T10:05:08.396+0000][1][safepoint    ] Leaving safepoint region
[2019-12-08T10:05:08.396+0000][1][safepoint    ] Total time for which application threads were stopped: 0.0000984 seconds, Stopping threads took: 0.0000241 seconds
[2019-12-08T10:05:08.779+0000][1][safepoint    ] Application time: 0.3824411 seconds
[2019-12-08T10:05:08.779+0000][1][safepoint    ] Entering safepoint region: GenCollectForAllocation
[2019-12-08T10:05:08.779+0000][1][gc,start     ] GC(28) Pause Young (Allocation Failure)
[2019-12-08T10:05:08.779+0000][1][gc,task      ] GC(28) Using 4 workers of 4 for evacuation
[2019-12-08T10:05:08.782+0000][1][gc,age       ] GC(28) Desired survivor size 4456448 bytes, new threshold 6 (max threshold 6)
[2019-12-08T10:05:08.782+0000][1][gc,age       ] GC(28) Age table with threshold 6 (max threshold 6)
[2019-12-08T10:05:08.782+0000][1][gc,age       ] GC(28) - age   1:      10632 bytes,      10632 total
[2019-12-08T10:05:08.782+0000][1][gc,age       ] GC(28) - age   2:       4120 bytes,      14752 total
[2019-12-08T10:05:08.782+0000][1][gc,age       ] GC(28) - age   3:       3328 bytes,      18080 total
[2019-12-08T10:05:08.782+0000][1][gc,age       ] GC(28) - age   4:       5408 bytes,      23488 total
[2019-12-08T10:05:08.782+0000][1][gc,age       ] GC(28) - age   5:     582240 bytes,     605728 total
[2019-12-08T10:05:08.782+0000][1][gc,age       ] GC(28) - age   6:     998872 bytes,    1604600 total
[2019-12-08T10:05:08.782+0000][1][gc,heap      ] GC(28) ParNew: 72683K->1950K(78656K)
[2019-12-08T10:05:08.782+0000][1][gc,heap      ] GC(28) CMS: 69431K->69431K(174784K)
[2019-12-08T10:05:08.782+0000][1][gc,metaspace ] GC(28) Metaspace: 69101K->69101K(1112064K)
[2019-12-08T10:05:08.782+0000][1][gc           ] GC(28) Pause Young (Allocation Failure) 138M->69M(247M) 2.920ms
[2019-12-08T10:05:08.782+0000][1][gc,cpu       ] GC(28) User=0.01s Sys=0.00s Real=0.01s
[2019-12-08T10:05:08.782+0000][1][safepoint    ] Leaving safepoint region
[2019-12-08T10:05:08.782+0000][1][safepoint    ] Total time for which application threads were stopped: 0.0030627 seconds, Stopping threads took: 0.0000166 seconds
[2019-12-08T10:05:09.782+0000][1][safepoint    ] Application time: 1.0000656 seconds
[2019-12-08T10:05:09.782+0000][1][safepoint    ] Entering safepoint region: Cleanup
[2019-12-08T10:05:09.782+0000][1][safepoint    ] Leaving safepoint region
[2019-12-08T10:05:09.782+0000][1][safepoint    ] Total time for which application threads were stopped: 0.0000774 seconds, Stopping threads took: 0.0000217 seconds
[2019-12-08T10:05:10.782+0000][1][safepoint    ] Application time: 1.0000774 seconds
[2019-12-08T10:05:10.782+0000][1][safepoint    ] Entering safepoint region: Cleanup
[2019-12-08T10:05:10.782+0000][1][safepoint    ] Leaving safepoint region
[2019-12-08T10:05:10.782+0000][1][safepoint    ] Total time for which application threads were stopped: 0.0000675 seconds, Stopping threads took: 0.0000155 seconds
[2019-12-08T10:05:11.782+0000][1][safepoint    ] Application time: 1.0000786 seconds
[2019-12-08T10:05:11.782+0000][1][safepoint    ] Entering safepoint region: Cleanup
[2019-12-08T10:05:11.782+0000][1][safepoint    ] Leaving safepoint region
[2019-12-08T10:05:11.782+0000][1][safepoint    ] Total time for which application threads were stopped: 0.0000723 seconds, Stopping threads took: 0.0000179 seconds
[2019-12-08T10:05:12.782+0000][1][safepoint    ] Application time: 1.0000761 seconds
[2019-12-08T10:05:12.782+0000][1][safepoint    ] Entering safepoint region: Cleanup
[2019-12-08T10:05:12.782+0000][1][safepoint    ] Leaving safepoint region
[2019-12-08T10:05:12.782+0000][1][safepoint    ] Total time for which application threads were stopped: 0.0000825 seconds, Stopping threads took: 0.0000243 seconds
[2019-12-08T10:05:13.782+0000][1][safepoint    ] Application time: 1.0000758 seconds
[2019-12-08T10:05:13.782+0000][1][safepoint    ] Entering safepoint region: Cleanup
[2019-12-08T10:05:13.783+0000][1][safepoint    ] Leaving safepoint region
[2019-12-08T10:05:13.783+0000][1][safepoint    ] Total time for which application threads were stopped: 0.0000776 seconds, Stopping threads took: 0.0000175 seconds
[2019-12-08T10:05:14.783+0000][1][safepoint    ] Application time: 1.0000755 seconds
[2019-12-08T10:05:14.783+0000][1][safepoint    ] Entering safepoint region: Cleanup
[2019-12-08T10:05:14.783+0000][1][safepoint    ] Leaving safepoint region
[2019-12-08T10:05:14.783+0000][1][safepoint    ] Total time for which application threads were stopped: 0.0000859 seconds, Stopping threads took: 0.0000318 seconds
[2019-12-08T10:05:15.783+0000][1][safepoint    ] Application time: 1.0000759 seconds
[2019-12-08T10:05:15.783+0000][1][safepoint    ] Entering safepoint region: Cleanup
[2019-12-08T10:05:15.783+0000][1][safepoint    ] Leaving safepoint region
[2019-12-08T10:05:15.783+0000][1][safepoint    ] Total time for which application threads were stopped: 0.0000729 seconds, Stopping threads took: 0.0000172 seconds
[2019-12-08T10:05:16.783+0000][1][safepoint    ] Application time: 1.0000796 seconds
[2019-12-08T10:05:16.783+0000][1][safepoint    ] Entering safepoint region: Cleanup
[2019-12-08T10:05:16.783+0000][1][safepoint    ] Leaving safepoint region
[2019-12-08T10:05:16.783+0000][1][safepoint    ] Total time for which application threads were stopped: 0.0000736 seconds, Stopping threads took: 0.0000181 seconds
[2019-12-08T10:05:17.783+0000][1][safepoint    ] Application time: 1.0000763 seconds
[2019-12-08T10:05:17.783+0000][1][safepoint    ] Entering safepoint region: Cleanup
[2019-12-08T10:05:17.783+0000][1][safepoint    ] Leaving safepoint region
[2019-12-08T10:05:17.783+0000][1][safepoint    ] Total time for which application threads were stopped: 0.0000736 seconds, Stopping threads took: 0.0000178 seconds
[2019-12-08T10:05:18.783+0000][1][safepoint    ] Application time: 1.0000759 seconds
[2019-12-08T10:05:18.783+0000][1][safepoint    ] Entering safepoint region: Cleanup
[2019-12-08T10:05:18.783+0000][1][safepoint    ] Leaving safepoint region
[2019-12-08T10:05:18.783+0000][1][safepoint    ] Total time for which application threads were stopped: 0.0000765 seconds, Stopping threads took: 0.0000189 seconds
[2019-12-08T10:05:19.784+0000][1][safepoint    ] Application time: 1.0000747 seconds
[2019-12-08T10:05:19.784+0000][1][safepoint    ] Entering safepoint region: Cleanup
[2019-12-08T10:05:19.784+0000][1][safepoint    ] Leaving safepoint region
[2019-12-08T10:05:19.784+0000][1][safepoint    ] Total time for which application threads were stopped: 0.0000712 seconds, Stopping threads took: 0.0000184 seconds
[2019-12-08T10:05:20.784+0000][1][safepoint    ] Application time: 1.0000834 seconds
[2019-12-08T10:05:20.784+0000][1][safepoint    ] Entering safepoint region: Cleanup
[2019-12-08T10:05:20.784+0000][1][safepoint    ] Leaving safepoint region
[2019-12-08T10:05:20.784+0000][1][safepoint    ] Total time for which application threads were stopped: 0.0000791 seconds, Stopping threads took: 0.0000184 seconds
[2019-12-08T10:05:21.784+0000][1][safepoint    ] Application time: 1.0000805 seconds
[2019-12-08T10:05:21.784+0000][1][safepoint    ] Entering safepoint region: Cleanup
[2019-12-08T10:05:21.784+0000][1][safepoint    ] Leaving safepoint region
[2019-12-08T10:05:21.784+0000][1][safepoint    ] Total time for which application threads were stopped: 0.0000763 seconds, Stopping threads took: 0.0000193 seconds
[2019-12-08T10:05:22.784+0000][1][safepoint    ] Application time: 1.0000758 seconds
[2019-12-08T10:05:22.784+0000][1][safepoint    ] Entering safepoint region: Cleanup
[2019-12-08T10:05:22.784+0000][1][safepoint    ] Leaving safepoint region
[2019-12-08T10:05:22.784+0000][1][safepoint    ] Total time for which application threads were stopped: 0.0000749 seconds, Stopping threads took: 0.0000185 seconds
[2019-12-08T10:05:23.784+0000][1][safepoint    ] Application time: 1.0000780 seconds
[2019-12-08T10:05:23.784+0000][1][safepoint    ] Entering safepoint region: Cleanup
[2019-12-08T10:05:23.784+0000][1][safepoint    ] Leaving safepoint region
[2019-12-08T10:05:23.784+0000][1][safepoint    ] Total time for which application threads were stopped: 0.0000724 seconds, Stopping threads took: 0.0000178 seconds
[2019-12-08T10:05:24.785+0000][1][safepoint    ] Application time: 1.0000772 seconds
[2019-12-08T10:05:24.785+0000][1][safepoint    ] Entering safepoint region: Cleanup
[2019-12-08T10:05:24.785+0000][1][safepoint    ] Leaving safepoint region
[2019-12-08T10:05:24.785+0000][1][safepoint    ] Total time for which application threads were stopped: 0.0000761 seconds, Stopping threads took: 0.0000177 seconds
[2019-12-08T10:05:25.785+0000][1][safepoint    ] Application time: 1.0000780 seconds
[2019-12-08T10:05:25.785+0000][1][safepoint    ] Entering safepoint region: Cleanup
[2019-12-08T10:05:25.785+0000][1][safepoint    ] Leaving safepoint region
[2019-12-08T10:05:25.785+0000][1][safepoint    ] Total time for which application threads were stopped: 0.0000740 seconds, Stopping threads took: 0.0000170 seconds
[2019-12-08T10:05:26.785+0000][1][safepoint    ] Application time: 1.0000767 seconds
[2019-12-08T10:05:26.785+0000][1][safepoint    ] Entering safepoint region: Cleanup
[2019-12-08T10:05:26.785+0000][1][safepoint    ] Leaving safepoint region
[2019-12-08T10:05:26.785+0000][1][safepoint    ] Total time for which application threads were stopped: 0.0000776 seconds, Stopping threads took: 0.0000203 seconds
[2019-12-08T10:05:27.785+0000][1][safepoint    ] Application time: 1.0000762 seconds
[2019-12-08T10:05:27.785+0000][1][safepoint    ] Entering safepoint region: Cleanup
[2019-12-08T10:05:27.785+0000][1][safepoint    ] Leaving safepoint region
[2019-12-08T10:05:27.785+0000][1][safepoint    ] Total time for which application threads were stopped: 0.0000798 seconds, Stopping threads took: 0.0000249 seconds
[2019-12-08T10:05:28.785+0000][1][safepoint    ] Application time: 1.0000795 seconds
[2019-12-08T10:05:28.785+0000][1][safepoint    ] Entering safepoint region: Cleanup
[2019-12-08T10:05:28.785+0000][1][safepoint    ] Leaving safepoint region
[2019-12-08T10:05:28.785+0000][1][safepoint    ] Total time for which application threads were stopped: 0.0000738 seconds, Stopping threads took: 0.0000186 seconds
[2019-12-08T10:05:29.785+0000][1][safepoint    ] Application time: 1.0000752 seconds
[2019-12-08T10:05:29.785+0000][1][safepoint    ] Entering safepoint region: Cleanup
[2019-12-08T10:05:29.786+0000][1][safepoint    ] Leaving safepoint region
[2019-12-08T10:05:29.786+0000][1][safepoint    ] Total time for which application threads were stopped: 0.0000813 seconds, Stopping threads took: 0.0000175 seconds
[2019-12-08T10:05:30.786+0000][1][safepoint    ] Application time: 1.0000771 seconds
[2019-12-08T10:05:30.786+0000][1][safepoint    ] Entering safepoint region: Cleanup
[2019-12-08T10:05:30.786+0000][1][safepoint    ] Leaving safepoint region
[2019-12-08T10:05:30.786+0000][1][safepoint    ] Total time for which application threads were stopped: 0.0000893 seconds, Stopping threads took: 0.0000170 seconds
[2019-12-08T10:05:31.786+0000][1][safepoint    ] Application time: 1.0000782 seconds
[2019-12-08T10:05:31.786+0000][1][safepoint    ] Entering safepoint region: Cleanup
[2019-12-08T10:05:31.786+0000][1][safepoint    ] Leaving safepoint region
[2019-12-08T10:05:31.786+0000][1][safepoint    ] Total time for which application threads were stopped: 0.0000731 seconds, Stopping threads took: 0.0000175 seconds
[2019-12-08T10:05:32.786+0000][1][safepoint    ] Application time: 1.0000865 seconds
[2019-12-08T10:05:32.786+0000][1][safepoint    ] Entering safepoint region: Cleanup
[2019-12-08T10:05:32.786+0000][1][safepoint    ] Leaving safepoint region
[2019-12-08T10:05:32.786+0000][1][safepoint    ] Total time for which application threads were stopped: 0.0000757 seconds, Stopping threads took: 0.0000183 seconds
[2019-12-08T10:05:33.786+0000][1][safepoint    ] Application time: 1.0000754 seconds
[2019-12-08T10:05:33.786+0000][1][safepoint    ] Entering safepoint region: Cleanup
[2019-12-08T10:05:33.786+0000][1][safepoint    ] Leaving safepoint region
[2019-12-08T10:05:33.786+0000][1][safepoint    ] Total time for which application threads were stopped: 0.0000772 seconds, Stopping threads took: 0.0000175 seconds
[2019-12-08T10:05:34.786+0000][1][safepoint    ] Application time: 1.0000756 seconds
[2019-12-08T10:05:34.786+0000][1][safepoint    ] Entering safepoint region: Cleanup
[2019-12-08T10:05:34.786+0000][1][safepoint    ] Leaving safepoint region
[2019-12-08T10:05:34.786+0000][1][safepoint    ] Total time for which application threads were stopped: 0.0000780 seconds, Stopping threads took: 0.0000180 seconds
[2019-12-08T10:05:35.787+0000][1][safepoint    ] Application time: 1.0000773 seconds
[2019-12-08T10:05:35.787+0000][1][safepoint    ] Entering safepoint region: Cleanup
[2019-12-08T10:05:35.787+0000][1][safepoint    ] Leaving safepoint region
[2019-12-08T10:05:35.787+0000][1][safepoint    ] Total time for which application threads were stopped: 0.0000738 seconds, Stopping threads took: 0.0000183 seconds
[2019-12-08T10:05:36.787+0000][1][safepoint    ] Application time: 1.0000851 seconds
[2019-12-08T10:05:36.787+0000][1][safepoint    ] Entering safepoint region: Cleanup
[2019-12-08T10:05:36.787+0000][1][safepoint    ] Leaving safepoint region
[2019-12-08T10:05:36.787+0000][1][safepoint    ] Total time for which application threads were stopped: 0.0000704 seconds, Stopping threads took: 0.0000176 seconds
[2019-12-08T10:05:37.787+0000][1][safepoint    ] Application time: 1.0000663 seconds
[2019-12-08T10:05:37.787+0000][1][safepoint    ] Entering safepoint region: Cleanup
[2019-12-08T10:05:37.787+0000][1][safepoint    ] Leaving safepoint region
[2019-12-08T10:05:37.787+0000][1][safepoint    ] Total time for which application threads were stopped: 0.0000941 seconds, Stopping threads took: 0.0000269 seconds
[2019-12-08T10:05:38.787+0000][1][safepoint    ] Application time: 1.0000761 seconds
[2019-12-08T10:05:38.787+0000][1][safepoint    ] Entering safepoint region: Cleanup
[2019-12-08T10:05:38.787+0000][1][safepoint    ] Leaving safepoint region
[2019-12-08T10:05:38.787+0000][1][safepoint    ] Total time for which application threads were stopped: 0.0000818 seconds, Stopping threads took: 0.0000258 seconds
[2019-12-08T10:05:39.787+0000][1][safepoint    ] Application time: 1.0000755 seconds
[2019-12-08T10:05:39.787+0000][1][safepoint    ] Entering safepoint region: Cleanup
[2019-12-08T10:05:39.787+0000][1][safepoint    ] Leaving safepoint region
[2019-12-08T10:05:39.787+0000][1][safepoint    ] Total time for which application threads were stopped: 0.0000763 seconds, Stopping threads took: 0.0000202 seconds
[2019-12-08T10:05:40.788+0000][1][safepoint    ] Application time: 1.0000768 seconds
[2019-12-08T10:05:40.788+0000][1][safepoint    ] Entering safepoint region: Cleanup
[2019-12-08T10:05:40.788+0000][1][safepoint    ] Leaving safepoint region
[2019-12-08T10:05:40.788+0000][1][safepoint    ] Total time for which application threads were stopped: 0.0000735 seconds, Stopping threads took: 0.0000164 seconds
[2019-12-08T10:05:41.788+0000][1][safepoint    ] Application time: 1.0000846 seconds
[2019-12-08T10:05:41.788+0000][1][safepoint    ] Entering safepoint region: Cleanup
[2019-12-08T10:05:41.788+0000][1][safepoint    ] Leaving safepoint region
[2019-12-08T10:05:41.788+0000][1][safepoint    ] Total time for which application threads were stopped: 0.0000787 seconds, Stopping threads took: 0.0000186 seconds
[2019-12-08T10:05:42.788+0000][1][safepoint    ] Application time: 1.0000760 seconds
[2019-12-08T10:05:42.788+0000][1][safepoint    ] Entering safepoint region: Cleanup
[2019-12-08T10:05:42.788+0000][1][safepoint    ] Leaving safepoint region
[2019-12-08T10:05:42.788+0000][1][safepoint    ] Total time for which application threads were stopped: 0.0000749 seconds, Stopping threads took: 0.0000179 seconds
[2019-12-08T10:05:43.788+0000][1][safepoint    ] Application time: 1.0000764 seconds
[2019-12-08T10:05:43.788+0000][1][safepoint    ] Entering safepoint region: Cleanup
[2019-12-08T10:05:43.788+0000][1][safepoint    ] Leaving safepoint region
[2019-12-08T10:05:43.788+0000][1][safepoint    ] Total time for which application threads were stopped: 0.0000782 seconds, Stopping threads took: 0.0000193 seconds
[2019-12-08T10:05:44.788+0000][1][safepoint    ] Application time: 1.0000837 seconds
[2019-12-08T10:05:44.788+0000][1][safepoint    ] Entering safepoint region: Cleanup
[2019-12-08T10:05:44.788+0000][1][safepoint    ] Leaving safepoint region
[2019-12-08T10:05:44.788+0000][1][safepoint    ] Total time for which application threads were stopped: 0.0000821 seconds, Stopping threads took: 0.0000199 seconds
[2019-12-08T10:05:45.788+0000][1][safepoint    ] Application time: 1.0000773 seconds
[2019-12-08T10:05:45.789+0000][1][safepoint    ] Entering safepoint region: Cleanup
[2019-12-08T10:05:45.789+0000][1][safepoint    ] Leaving safepoint region
[2019-12-08T10:05:45.789+0000][1][safepoint    ] Total time for which application threads were stopped: 0.0000787 seconds, Stopping threads took: 0.0000194 seconds
[2019-12-08T10:05:46.789+0000][1][safepoint    ] Application time: 1.0000753 seconds
[2019-12-08T10:05:46.789+0000][1][safepoint    ] Entering safepoint region: Cleanup
[2019-12-08T10:05:46.789+0000][1][safepoint    ] Leaving safepoint region
[2019-12-08T10:05:46.789+0000][1][safepoint    ] Total time for which application threads were stopped: 0.0000725 seconds, Stopping threads took: 0.0000187 seconds
[2019-12-08T10:05:47.789+0000][1][safepoint    ] Application time: 1.0000743 seconds
[2019-12-08T10:05:47.789+0000][1][safepoint    ] Entering safepoint region: Cleanup
[2019-12-08T10:05:47.789+0000][1][safepoint    ] Leaving safepoint region
[2019-12-08T10:05:47.789+0000][1][safepoint    ] Total time for which application threads were stopped: 0.0000728 seconds, Stopping threads took: 0.0000175 seconds
[2019-12-08T10:05:48.789+0000][1][safepoint    ] Application time: 1.0000783 seconds
[2019-12-08T10:05:48.789+0000][1][safepoint    ] Entering safepoint region: Cleanup
[2019-12-08T10:05:48.789+0000][1][safepoint    ] Leaving safepoint region
[2019-12-08T10:05:48.789+0000][1][safepoint    ] Total time for which application threads were stopped: 0.0000720 seconds, Stopping threads took: 0.0000170 seconds
[2019-12-08T10:05:49.789+0000][1][safepoint    ] Application time: 1.0000760 seconds
[2019-12-08T10:05:49.789+0000][1][safepoint    ] Entering safepoint region: Cleanup
[2019-12-08T10:05:49.789+0000][1][safepoint    ] Leaving safepoint region
[2019-12-08T10:05:49.789+0000][1][safepoint    ] Total time for which application threads were stopped: 0.0000789 seconds, Stopping threads took: 0.0000189 seconds
[2019-12-08T10:05:50.789+0000][1][safepoint    ] Application time: 1.0000747 seconds
[2019-12-08T10:05:50.789+0000][1][safepoint    ] Entering safepoint region: Cleanup
[2019-12-08T10:05:50.789+0000][1][safepoint    ] Leaving safepoint region
[2019-12-08T10:05:50.789+0000][1][safepoint    ] Total time for which application threads were stopped: 0.0000751 seconds, Stopping threads took: 0.0000181 seconds
[2019-12-08T10:05:51.790+0000][1][safepoint    ] Application time: 1.0000765 seconds
[2019-12-08T10:05:51.790+0000][1][safepoint    ] Entering safepoint region: Cleanup
[2019-12-08T10:05:51.790+0000][1][safepoint    ] Leaving safepoint region
[2019-12-08T10:05:51.790+0000][1][safepoint    ] Total time for which application threads were stopped: 0.0000872 seconds, Stopping threads took: 0.0000184 seconds
[2019-12-08T10:05:52.790+0000][1][safepoint    ] Application time: 1.0000773 seconds
[2019-12-08T10:05:52.790+0000][1][safepoint    ] Entering safepoint region: Cleanup
[2019-12-08T10:05:52.790+0000][1][safepoint    ] Leaving safepoint region
[2019-12-08T10:05:52.790+0000][1][safepoint    ] Total time for which application threads were stopped: 0.0000738 seconds, Stopping threads took: 0.0000182 seconds
[2019-12-08T10:05:53.790+0000][1][safepoint    ] Application time: 1.0000792 seconds
[2019-12-08T10:05:53.790+0000][1][safepoint    ] Entering safepoint region: Cleanup
[2019-12-08T10:05:53.790+0000][1][safepoint    ] Leaving safepoint region
[2019-12-08T10:05:53.790+0000][1][safepoint    ] Total time for which application threads were stopped: 0.0000928 seconds, Stopping threads took: 0.0000355 seconds
[2019-12-08T10:05:54.790+0000][1][safepoint    ] Application time: 1.0000777 seconds
[2019-12-08T10:05:54.790+0000][1][safepoint    ] Entering safepoint region: Cleanup
[2019-12-08T10:05:54.790+0000][1][safepoint    ] Leaving safepoint region
[2019-12-08T10:05:54.790+0000][1][safepoint    ] Total time for which application threads were stopped: 0.0000754 seconds, Stopping threads took: 0.0000187 seconds
[2019-12-08T10:05:55.790+0000][1][safepoint    ] Application time: 1.0000811 seconds
[2019-12-08T10:05:55.790+0000][1][safepoint    ] Entering safepoint region: Cleanup
[2019-12-08T10:05:55.790+0000][1][safepoint    ] Leaving safepoint region
[2019-12-08T10:05:55.790+0000][1][safepoint    ] Total time for which application threads were stopped: 0.0000729 seconds, Stopping threads took: 0.0000179 seconds
[2019-12-08T10:05:56.791+0000][1][safepoint    ] Application time: 1.0000921 seconds
[2019-12-08T10:05:56.791+0000][1][safepoint    ] Entering safepoint region: Cleanup
[2019-12-08T10:05:56.791+0000][1][safepoint    ] Leaving safepoint region
[2019-12-08T10:05:56.791+0000][1][safepoint    ] Total time for which application threads were stopped: 0.0000756 seconds, Stopping threads took: 0.0000184 seconds
[2019-12-08T10:05:57.791+0000][1][safepoint    ] Application time: 1.0000858 seconds
[2019-12-08T10:05:57.791+0000][1][safepoint    ] Entering safepoint region: Cleanup
[2019-12-08T10:05:57.791+0000][1][safepoint    ] Leaving safepoint region
[2019-12-08T10:05:57.791+0000][1][safepoint    ] Total time for which application threads were stopped: 0.0000735 seconds, Stopping threads took: 0.0000175 seconds
[2019-12-08T10:05:58.791+0000][1][safepoint    ] Application time: 1.0000810 seconds
[2019-12-08T10:05:58.791+0000][1][safepoint    ] Entering safepoint region: Cleanup
[2019-12-08T10:05:58.791+0000][1][safepoint    ] Leaving safepoint region
[2019-12-08T10:05:58.791+0000][1][safepoint    ] Total time for which application threads were stopped: 0.0000805 seconds, Stopping threads took: 0.0000194 seconds
[2019-12-08T10:05:59.791+0000][1][safepoint    ] Application time: 1.0000832 seconds
[2019-12-08T10:05:59.791+0000][1][safepoint    ] Entering safepoint region: Cleanup
[2019-12-08T10:05:59.791+0000][1][safepoint    ] Leaving safepoint region
[2019-12-08T10:05:59.791+0000][1][safepoint    ] Total time for which application threads were stopped: 0.0000760 seconds, Stopping threads took: 0.0000189 seconds
[2019-12-08T10:06:00.791+0000][1][safepoint    ] Application time: 1.0000775 seconds
[2019-12-08T10:06:00.791+0000][1][safepoint    ] Entering safepoint region: Cleanup
[2019-12-08T10:06:00.791+0000][1][safepoint    ] Leaving safepoint region
[2019-12-08T10:06:00.791+0000][1][safepoint    ] Total time for which application threads were stopped: 0.0000733 seconds, Stopping threads took: 0.0000184 seconds
[2019-12-08T10:06:01.792+0000][1][safepoint    ] Application time: 1.0000896 seconds
[2019-12-08T10:06:01.792+0000][1][safepoint    ] Entering safepoint region: Cleanup
[2019-12-08T10:06:01.792+0000][1][safepoint    ] Leaving safepoint region
[2019-12-08T10:06:01.792+0000][1][safepoint    ] Total time for which application threads were stopped: 0.0000954 seconds, Stopping threads took: 0.0000242 seconds
[2019-12-08T10:06:02.792+0000][1][safepoint    ] Application time: 1.0000939 seconds
[2019-12-08T10:06:02.792+0000][1][safepoint    ] Entering safepoint region: Cleanup
[2019-12-08T10:06:02.792+0000][1][safepoint    ] Leaving safepoint region
[2019-12-08T10:06:02.792+0000][1][safepoint    ] Total time for which application threads were stopped: 0.0000801 seconds, Stopping threads took: 0.0000206 seconds
[2019-12-08T10:06:03.792+0000][1][safepoint    ] Application time: 1.0000925 seconds
[2019-12-08T10:06:03.792+0000][1][safepoint    ] Entering safepoint region: Cleanup
[2019-12-08T10:06:03.792+0000][1][safepoint    ] Leaving safepoint region
[2019-12-08T10:06:03.792+0000][1][safepoint    ] Total time for which application threads were stopped: 0.0000831 seconds, Stopping threads took: 0.0000261 seconds
[2019-12-08T10:06:04.792+0000][1][safepoint    ] Application time: 1.0000805 seconds
[2019-12-08T10:06:04.792+0000][1][safepoint    ] Entering safepoint region: Cleanup
[2019-12-08T10:06:04.792+0000][1][safepoint    ] Leaving safepoint region
[2019-12-08T10:06:04.792+0000][1][safepoint    ] Total time for which application threads were stopped: 0.0000743 seconds, Stopping threads took: 0.0000182 seconds
[2019-12-08T10:06:05.792+0000][1][safepoint    ] Application time: 1.0000810 seconds
[2019-12-08T10:06:05.792+0000][1][safepoint    ] Entering safepoint region: Cleanup
[2019-12-08T10:06:05.792+0000][1][safepoint    ] Leaving safepoint region
[2019-12-08T10:06:05.792+0000][1][safepoint    ] Total time for which application threads were stopped: 0.0000723 seconds, Stopping threads took: 0.0000169 seconds
[2019-12-08T10:06:06.793+0000][1][safepoint    ] Application time: 1.0000818 seconds
[2019-12-08T10:06:06.793+0000][1][safepoint    ] Entering safepoint region: Cleanup
[2019-12-08T10:06:06.793+0000][1][safepoint    ] Leaving safepoint region
[2019-12-08T10:06:06.793+0000][1][safepoint    ] Total time for which application threads were stopped: 0.0000744 seconds, Stopping threads took: 0.0000181 seconds
[2019-12-08T10:06:07.793+0000][1][safepoint    ] Application time: 1.0000793 seconds
[2019-12-08T10:06:07.793+0000][1][safepoint    ] Entering safepoint region: Cleanup
[2019-12-08T10:06:07.793+0000][1][safepoint    ] Leaving safepoint region
[2019-12-08T10:06:07.793+0000][1][safepoint    ] Total time for which application threads were stopped: 0.0000758 seconds, Stopping threads took: 0.0000185 seconds
[2019-12-08T10:06:08.793+0000][1][safepoint    ] Application time: 1.0000797 seconds
[2019-12-08T10:06:08.793+0000][1][safepoint    ] Entering safepoint region: Cleanup
[2019-12-08T10:06:08.793+0000][1][safepoint    ] Leaving safepoint region
[2019-12-08T10:06:08.793+0000][1][safepoint    ] Total time for which application threads were stopped: 0.0000781 seconds, Stopping threads took: 0.0000187 seconds
[2019-12-08T10:06:09.793+0000][1][safepoint    ] Application time: 1.0000789 seconds
[2019-12-08T10:06:09.793+0000][1][safepoint    ] Entering safepoint region: Cleanup
[2019-12-08T10:06:09.793+0000][1][safepoint    ] Leaving safepoint region
[2019-12-08T10:06:09.793+0000][1][safepoint    ] Total time for which application threads were stopped: 0.0000763 seconds, Stopping threads took: 0.0000186 seconds
[2019-12-08T10:06:10.793+0000][1][safepoint    ] Application time: 1.0000769 seconds
[2019-12-08T10:06:10.793+0000][1][safepoint    ] Entering safepoint region: Cleanup
[2019-12-08T10:06:10.793+0000][1][safepoint    ] Leaving safepoint region
[2019-12-08T10:06:10.793+0000][1][safepoint    ] Total time for which application threads were stopped: 0.0000700 seconds, Stopping threads took: 0.0000166 seconds
[2019-12-08T10:06:11.793+0000][1][safepoint    ] Application time: 1.0000815 seconds
[2019-12-08T10:06:11.794+0000][1][safepoint    ] Entering safepoint region: Cleanup
[2019-12-08T10:06:11.794+0000][1][safepoint    ] Leaving safepoint region
[2019-12-08T10:06:11.794+0000][1][safepoint    ] Total time for which application threads were stopped: 0.0000745 seconds, Stopping threads took: 0.0000192 seconds
[2019-12-08T10:06:12.794+0000][1][safepoint    ] Application time: 1.0000786 seconds
[2019-12-08T10:06:12.794+0000][1][safepoint    ] Entering safepoint region: Cleanup
[2019-12-08T10:06:12.794+0000][1][safepoint    ] Leaving safepoint region
[2019-12-08T10:06:12.794+0000][1][safepoint    ] Total time for which application threads were stopped: 0.0000731 seconds, Stopping threads took: 0.0000177 seconds
[2019-12-08T10:06:13.794+0000][1][safepoint    ] Application time: 1.0000796 seconds
[2019-12-08T10:06:13.794+0000][1][safepoint    ] Entering safepoint region: Cleanup
[2019-12-08T10:06:13.794+0000][1][safepoint    ] Leaving safepoint region
[2019-12-08T10:06:13.794+0000][1][safepoint    ] Total time for which application threads were stopped: 0.0000795 seconds, Stopping threads took: 0.0000241 seconds
[2019-12-08T10:06:14.794+0000][1][safepoint    ] Application time: 1.0000829 seconds
[2019-12-08T10:06:14.794+0000][1][safepoint    ] Entering safepoint region: Cleanup
[2019-12-08T10:06:14.794+0000][1][safepoint    ] Leaving safepoint region
[2019-12-08T10:06:14.794+0000][1][safepoint    ] Total time for which application threads were stopped: 0.0000775 seconds, Stopping threads took: 0.0000202 seconds
[2019-12-08T10:06:15.794+0000][1][safepoint    ] Application time: 1.0000829 seconds
[2019-12-08T10:06:15.794+0000][1][safepoint    ] Entering safepoint region: Cleanup
[2019-12-08T10:06:15.794+0000][1][safepoint    ] Leaving safepoint region
[2019-12-08T10:06:15.794+0000][1][safepoint    ] Total time for which application threads were stopped: 0.0000731 seconds, Stopping threads took: 0.0000185 seconds
[2019-12-08T10:06:16.794+0000][1][safepoint    ] Application time: 1.0000782 seconds
[2019-12-08T10:06:16.794+0000][1][safepoint    ] Entering safepoint region: Cleanup
[2019-12-08T10:06:16.795+0000][1][safepoint    ] Leaving safepoint region
[2019-12-08T10:06:16.795+0000][1][safepoint    ] Total time for which application threads were stopped: 0.0000734 seconds, Stopping threads took: 0.0000197 seconds
[2019-12-08T10:06:17.795+0000][1][safepoint    ] Application time: 1.0000830 seconds
[2019-12-08T10:06:17.795+0000][1][safepoint    ] Entering safepoint region: Cleanup
[2019-12-08T10:06:17.795+0000][1][safepoint    ] Leaving safepoint region
[2019-12-08T10:06:17.795+0000][1][safepoint    ] Total time for which application threads were stopped: 0.0000882 seconds, Stopping threads took: 0.0000186 seconds
[2019-12-08T10:06:18.795+0000][1][safepoint    ] Application time: 1.0000792 seconds
[2019-12-08T10:06:18.795+0000][1][safepoint    ] Entering safepoint region: Cleanup
[2019-12-08T10:06:18.795+0000][1][safepoint    ] Leaving safepoint region
[2019-12-08T10:06:18.795+0000][1][safepoint    ] Total time for which application threads were stopped: 0.0000761 seconds, Stopping threads took: 0.0000185 seconds
[2019-12-08T10:06:19.795+0000][1][safepoint    ] Application time: 1.0000784 seconds
[2019-12-08T10:06:19.795+0000][1][safepoint    ] Entering safepoint region: Cleanup
[2019-12-08T10:06:19.795+0000][1][safepoint    ] Leaving safepoint region
[2019-12-08T10:06:19.795+0000][1][safepoint    ] Total time for which application threads were stopped: 0.0000757 seconds, Stopping threads took: 0.0000188 seconds
[2019-12-08T10:06:20.795+0000][1][safepoint    ] Application time: 1.0000822 seconds
[2019-12-08T10:06:20.795+0000][1][safepoint    ] Entering safepoint region: Cleanup
[2019-12-08T10:06:20.795+0000][1][safepoint    ] Leaving safepoint region
[2019-12-08T10:06:20.795+0000][1][safepoint    ] Total time for which application threads were stopped: 0.0000778 seconds, Stopping threads took: 0.0000195 seconds
[2019-12-08T10:06:21.795+0000][1][safepoint    ] Application time: 1.0000789 seconds
[2019-12-08T10:06:21.795+0000][1][safepoint    ] Entering safepoint region: Cleanup
[2019-12-08T10:06:21.795+0000][1][safepoint    ] Leaving safepoint region
[2019-12-08T10:06:21.795+0000][1][safepoint    ] Total time for which application threads were stopped: 0.0000764 seconds, Stopping threads took: 0.0000184 seconds
[2019-12-08T10:06:22.796+0000][1][safepoint    ] Application time: 1.0000779 seconds
[2019-12-08T10:06:22.796+0000][1][safepoint    ] Entering safepoint region: Cleanup
[2019-12-08T10:06:22.796+0000][1][safepoint    ] Leaving safepoint region
[2019-12-08T10:06:22.796+0000][1][safepoint    ] Total time for which application threads were stopped: 0.0000721 seconds, Stopping threads took: 0.0000181 seconds
[2019-12-08T10:06:23.796+0000][1][safepoint    ] Application time: 1.0000855 seconds
[2019-12-08T10:06:23.796+0000][1][safepoint    ] Entering safepoint region: Cleanup
[2019-12-08T10:06:23.796+0000][1][safepoint    ] Leaving safepoint region
[2019-12-08T10:06:23.796+0000][1][safepoint    ] Total time for which application threads were stopped: 0.0000881 seconds, Stopping threads took: 0.0000262 seconds
[2019-12-08T10:06:24.796+0000][1][safepoint    ] Application time: 1.0000787 seconds
[2019-12-08T10:06:24.796+0000][1][safepoint    ] Entering safepoint region: Cleanup
[2019-12-08T10:06:24.796+0000][1][safepoint    ] Leaving safepoint region
[2019-12-08T10:06:24.796+0000][1][safepoint    ] Total time for which application threads were stopped: 0.0000779 seconds, Stopping threads took: 0.0000186 seconds
[2019-12-08T10:06:25.796+0000][1][safepoint    ] Application time: 1.0000785 seconds
[2019-12-08T10:06:25.796+0000][1][safepoint    ] Entering safepoint region: Cleanup
[2019-12-08T10:06:25.796+0000][1][safepoint    ] Leaving safepoint region
[2019-12-08T10:06:25.796+0000][1][safepoint    ] Total time for which application threads were stopped: 0.0000778 seconds, Stopping threads took: 0.0000192 seconds
[2019-12-08T10:06:26.796+0000][1][safepoint    ] Application time: 1.0000787 seconds
[2019-12-08T10:06:26.796+0000][1][safepoint    ] Entering safepoint region: Cleanup
[2019-12-08T10:06:26.796+0000][1][safepoint    ] Leaving safepoint region
[2019-12-08T10:06:26.796+0000][1][safepoint    ] Total time for which application threads were stopped: 0.0000744 seconds, Stopping threads took: 0.0000188 seconds
[2019-12-08T10:06:27.797+0000][1][safepoint    ] Application time: 1.0000765 seconds
[2019-12-08T10:06:27.797+0000][1][safepoint    ] Entering safepoint region: Cleanup
[2019-12-08T10:06:27.797+0000][1][safepoint    ] Leaving safepoint region
[2019-12-08T10:06:27.797+0000][1][safepoint    ] Total time for which application threads were stopped: 0.0000800 seconds, Stopping threads took: 0.0000227 seconds
[2019-12-08T10:06:28.797+0000][1][safepoint    ] Application time: 1.0000757 seconds
[2019-12-08T10:06:28.797+0000][1][safepoint    ] Entering safepoint region: Cleanup
[2019-12-08T10:06:28.797+0000][1][safepoint    ] Leaving safepoint region
[2019-12-08T10:06:28.797+0000][1][safepoint    ] Total time for which application threads were stopped: 0.0000723 seconds, Stopping threads took: 0.0000171 seconds
[2019-12-08T10:06:29.797+0000][1][safepoint    ] Application time: 1.0000773 seconds
[2019-12-08T10:06:29.797+0000][1][safepoint    ] Entering safepoint region: Cleanup
[2019-12-08T10:06:29.797+0000][1][safepoint    ] Leaving safepoint region
[2019-12-08T10:06:29.797+0000][1][safepoint    ] Total time for which application threads were stopped: 0.0000700 seconds, Stopping threads took: 0.0000170 seconds
[2019-12-08T10:06:30.797+0000][1][safepoint    ] Application time: 1.0000739 seconds
[2019-12-08T10:06:30.797+0000][1][safepoint    ] Entering safepoint region: Cleanup
[2019-12-08T10:06:30.797+0000][1][safepoint    ] Leaving safepoint region
[2019-12-08T10:06:30.797+0000][1][safepoint    ] Total time for which application threads were stopped: 0.0000738 seconds, Stopping threads took: 0.0000170 seconds
[2019-12-08T10:06:31.797+0000][1][safepoint    ] Application time: 1.0000771 seconds
[2019-12-08T10:06:31.797+0000][1][safepoint    ] Entering safepoint region: Cleanup
[2019-12-08T10:06:31.797+0000][1][safepoint    ] Leaving safepoint region
[2019-12-08T10:06:31.797+0000][1][safepoint    ] Total time for which application threads were stopped: 0.0000725 seconds, Stopping threads took: 0.0000178 seconds
[2019-12-08T10:06:32.797+0000][1][safepoint    ] Application time: 1.0000791 seconds
[2019-12-08T10:06:32.797+0000][1][safepoint    ] Entering safepoint region: Cleanup
[2019-12-08T10:06:32.798+0000][1][safepoint    ] Leaving safepoint region
[2019-12-08T10:06:32.798+0000][1][safepoint    ] Total time for which application threads were stopped: 0.0000776 seconds, Stopping threads took: 0.0000198 seconds
[2019-12-08T10:06:33.818+0000][1][safepoint    ] Application time: 1.0207639 seconds
[2019-12-08T10:06:33.818+0000][1][safepoint    ] Entering safepoint region: Cleanup
[2019-12-08T10:06:33.818+0000][1][safepoint    ] Leaving safepoint region
[2019-12-08T10:06:33.818+0000][1][safepoint    ] Total time for which application threads were stopped: 0.0000829 seconds, Stopping threads took: 0.0000165 seconds
[2019-12-08T10:06:34.818+0000][1][safepoint    ] Application time: 1.0000792 seconds
[2019-12-08T10:06:34.819+0000][1][safepoint    ] Entering safepoint region: Cleanup
[2019-12-08T10:06:34.819+0000][1][safepoint    ] Leaving safepoint region
[2019-12-08T10:06:34.819+0000][1][safepoint    ] Total time for which application threads were stopped: 0.0000724 seconds, Stopping threads took: 0.0000179 seconds
[2019-12-08T10:06:35.819+0000][1][safepoint    ] Application time: 1.0000808 seconds
[2019-12-08T10:06:35.819+0000][1][safepoint    ] Entering safepoint region: Cleanup
[2019-12-08T10:06:35.819+0000][1][safepoint    ] Leaving safepoint region
[2019-12-08T10:06:35.819+0000][1][safepoint    ] Total time for which application threads were stopped: 0.0000715 seconds, Stopping threads took: 0.0000176 seconds
[2019-12-08T10:06:36.819+0000][1][safepoint    ] Application time: 1.0000888 seconds
[2019-12-08T10:06:36.819+0000][1][safepoint    ] Entering safepoint region: Cleanup
[2019-12-08T10:06:36.819+0000][1][safepoint    ] Leaving safepoint region
[2019-12-08T10:06:36.819+0000][1][safepoint    ] Total time for which application threads were stopped: 0.0000791 seconds, Stopping threads took: 0.0000175 seconds
[2019-12-08T10:06:37.819+0000][1][safepoint    ] Application time: 1.0000775 seconds
[2019-12-08T10:06:37.819+0000][1][safepoint    ] Entering safepoint region: Cleanup
[2019-12-08T10:06:37.819+0000][1][safepoint    ] Leaving safepoint region
[2019-12-08T10:06:37.819+0000][1][safepoint    ] Total time for which application threads were stopped: 0.0000826 seconds, Stopping threads took: 0.0000184 seconds
[2019-12-08T10:06:38.819+0000][1][safepoint    ] Application time: 1.0000799 seconds
[2019-12-08T10:06:38.819+0000][1][safepoint    ] Entering safepoint region: Cleanup
[2019-12-08T10:06:38.819+0000][1][safepoint    ] Leaving safepoint region
[2019-12-08T10:06:38.819+0000][1][safepoint    ] Total time for which application threads were stopped: 0.0000761 seconds, Stopping threads took: 0.0000231 seconds
[2019-12-08T10:06:39.819+0000][1][safepoint    ] Application time: 1.0000897 seconds
[2019-12-08T10:06:39.820+0000][1][safepoint    ] Entering safepoint region: Cleanup
[2019-12-08T10:06:39.820+0000][1][safepoint    ] Leaving safepoint region
[2019-12-08T10:06:39.820+0000][1][safepoint    ] Total time for which application threads were stopped: 0.0000699 seconds, Stopping threads took: 0.0000155 seconds
[2019-12-08T10:06:40.820+0000][1][safepoint    ] Application time: 1.0000765 seconds
[2019-12-08T10:06:40.820+0000][1][safepoint    ] Entering safepoint region: Cleanup
[2019-12-08T10:06:40.820+0000][1][safepoint    ] Leaving safepoint region
[2019-12-08T10:06:40.820+0000][1][safepoint    ] Total time for which application threads were stopped: 0.0000694 seconds, Stopping threads took: 0.0000163 seconds
[2019-12-08T10:06:41.820+0000][1][safepoint    ] Application time: 1.0000841 seconds
[2019-12-08T10:06:41.820+0000][1][safepoint    ] Entering safepoint region: Cleanup
[2019-12-08T10:06:41.820+0000][1][safepoint    ] Leaving safepoint region
[2019-12-08T10:06:41.820+0000][1][safepoint    ] Total time for which application threads were stopped: 0.0000768 seconds, Stopping threads took: 0.0000171 seconds
[2019-12-08T10:06:42.820+0000][1][safepoint    ] Application time: 1.0000957 seconds
[2019-12-08T10:06:42.820+0000][1][safepoint    ] Entering safepoint region: Cleanup
[2019-12-08T10:06:42.820+0000][1][safepoint    ] Leaving safepoint region
[2019-12-08T10:06:42.820+0000][1][safepoint    ] Total time for which application threads were stopped: 0.0000721 seconds, Stopping threads took: 0.0000170 seconds
[2019-12-08T10:06:43.820+0000][1][safepoint    ] Application time: 1.0000812 seconds
[2019-12-08T10:06:43.820+0000][1][safepoint    ] Entering safepoint region: Cleanup
[2019-12-08T10:06:43.820+0000][1][safepoint    ] Leaving safepoint region
[2019-12-08T10:06:43.820+0000][1][safepoint    ] Total time for which application threads were stopped: 0.0000816 seconds, Stopping threads took: 0.0000173 seconds
[2019-12-08T10:06:44.820+0000][1][safepoint    ] Application time: 1.0000807 seconds
[2019-12-08T10:06:44.820+0000][1][safepoint    ] Entering safepoint region: Cleanup
[2019-12-08T10:06:44.821+0000][1][safepoint    ] Leaving safepoint region
[2019-12-08T10:06:44.821+0000][1][safepoint    ] Total time for which application threads were stopped: 0.0000736 seconds, Stopping threads took: 0.0000179 seconds
[2019-12-08T10:06:45.821+0000][1][safepoint    ] Application time: 1.0000778 seconds
[2019-12-08T10:06:45.821+0000][1][safepoint    ] Entering safepoint region: Cleanup
[2019-12-08T10:06:45.821+0000][1][safepoint    ] Leaving safepoint region
[2019-12-08T10:06:45.821+0000][1][safepoint    ] Total time for which application threads were stopped: 0.0000872 seconds, Stopping threads took: 0.0000311 seconds
[2019-12-08T10:06:46.821+0000][1][safepoint    ] Application time: 1.0000919 seconds
[2019-12-08T10:06:46.821+0000][1][safepoint    ] Entering safepoint region: Cleanup
[2019-12-08T10:06:46.821+0000][1][safepoint    ] Leaving safepoint region
[2019-12-08T10:06:46.821+0000][1][safepoint    ] Total time for which application threads were stopped: 0.0000760 seconds, Stopping threads took: 0.0000182 seconds
[2019-12-08T10:06:47.821+0000][1][safepoint    ] Application time: 1.0000816 seconds
[2019-12-08T10:06:47.821+0000][1][safepoint    ] Entering safepoint region: Cleanup
[2019-12-08T10:06:47.821+0000][1][safepoint    ] Leaving safepoint region
[2019-12-08T10:06:47.821+0000][1][safepoint    ] Total time for which application threads were stopped: 0.0000853 seconds, Stopping threads took: 0.0000180 seconds
[2019-12-08T10:06:48.821+0000][1][safepoint    ] Application time: 1.0000790 seconds
[2019-12-08T10:06:48.821+0000][1][safepoint    ] Entering safepoint region: Cleanup
[2019-12-08T10:06:48.821+0000][1][safepoint    ] Leaving safepoint region
[2019-12-08T10:06:48.821+0000][1][safepoint    ] Total time for which application threads were stopped: 0.0000675 seconds, Stopping threads took: 0.0000152 seconds
[2019-12-08T10:06:49.821+0000][1][safepoint    ] Application time: 1.0000763 seconds
[2019-12-08T10:06:49.821+0000][1][safepoint    ] Entering safepoint region: Cleanup
[2019-12-08T10:06:49.822+0000][1][safepoint    ] Leaving safepoint region
[2019-12-08T10:06:49.822+0000][1][safepoint    ] Total time for which application threads were stopped: 0.0000693 seconds, Stopping threads took: 0.0000168 seconds
[2019-12-08T10:06:50.822+0000][1][safepoint    ] Application time: 1.0000793 seconds
[2019-12-08T10:06:50.822+0000][1][safepoint    ] Entering safepoint region: Cleanup
[2019-12-08T10:06:50.822+0000][1][safepoint    ] Leaving safepoint region
[2019-12-08T10:06:50.822+0000][1][safepoint    ] Total time for which application threads were stopped: 0.0000787 seconds, Stopping threads took: 0.0000154 seconds
[2019-12-08T10:06:51.822+0000][1][safepoint    ] Application time: 1.0000787 seconds
[2019-12-08T10:06:51.822+0000][1][safepoint    ] Entering safepoint region: Cleanup
[2019-12-08T10:06:51.822+0000][1][safepoint    ] Leaving safepoint region
[2019-12-08T10:06:51.822+0000][1][safepoint    ] Total time for which application threads were stopped: 0.0000727 seconds, Stopping threads took: 0.0000175 seconds
[2019-12-08T10:06:52.822+0000][1][safepoint    ] Application time: 1.0000804 seconds
[2019-12-08T10:06:52.822+0000][1][safepoint    ] Entering safepoint region: Cleanup
[2019-12-08T10:06:52.822+0000][1][safepoint    ] Leaving safepoint region
[2019-12-08T10:06:52.822+0000][1][safepoint    ] Total time for which application threads were stopped: 0.0000701 seconds, Stopping threads took: 0.0000166 seconds
[2019-12-08T10:06:53.822+0000][1][safepoint    ] Application time: 1.0000360 seconds
[2019-12-08T10:06:53.822+0000][1][safepoint    ] Entering safepoint region: Cleanup
[2019-12-08T10:06:53.822+0000][1][safepoint    ] Leaving safepoint region
[2019-12-08T10:06:53.822+0000][1][safepoint    ] Total time for which application threads were stopped: 0.0000788 seconds, Stopping threads took: 0.0000180 seconds
[2019-12-08T10:06:54.822+0000][1][safepoint    ] Application time: 1.0000799 seconds
[2019-12-08T10:06:54.822+0000][1][safepoint    ] Entering safepoint region: Cleanup
[2019-12-08T10:06:54.822+0000][1][safepoint    ] Leaving safepoint region
[2019-12-08T10:06:54.822+0000][1][safepoint    ] Total time for which application threads were stopped: 0.0000691 seconds, Stopping threads took: 0.0000157 seconds
[2019-12-08T10:06:55.823+0000][1][safepoint    ] Application time: 1.0000778 seconds
[2019-12-08T10:06:55.823+0000][1][safepoint    ] Entering safepoint region: Cleanup
[2019-12-08T10:06:55.823+0000][1][safepoint    ] Leaving safepoint region
[2019-12-08T10:06:55.823+0000][1][safepoint    ] Total time for which application threads were stopped: 0.0000713 seconds, Stopping threads took: 0.0000160 seconds
[2019-12-08T10:06:56.823+0000][1][safepoint    ] Application time: 1.0000767 seconds
[2019-12-08T10:06:56.823+0000][1][safepoint    ] Entering safepoint region: Cleanup
[2019-12-08T10:06:56.823+0000][1][safepoint    ] Leaving safepoint region
[2019-12-08T10:06:56.823+0000][1][safepoint    ] Total time for which application threads were stopped: 0.0000726 seconds, Stopping threads took: 0.0000160 seconds
[2019-12-08T10:06:57.823+0000][1][safepoint    ] Application time: 1.0000764 seconds
[2019-12-08T10:06:57.823+0000][1][safepoint    ] Entering safepoint region: Cleanup
[2019-12-08T10:06:57.823+0000][1][safepoint    ] Leaving safepoint region
[2019-12-08T10:06:57.823+0000][1][safepoint    ] Total time for which application threads were stopped: 0.0000715 seconds, Stopping threads took: 0.0000170 seconds
[2019-12-08T10:06:58.823+0000][1][safepoint    ] Application time: 1.0000755 seconds
[2019-12-08T10:06:58.823+0000][1][safepoint    ] Entering safepoint region: Cleanup
[2019-12-08T10:06:58.823+0000][1][safepoint    ] Leaving safepoint region
[2019-12-08T10:06:58.823+0000][1][safepoint    ] Total time for which application threads were stopped: 0.0000710 seconds, Stopping threads took: 0.0000170 seconds
[2019-12-08T10:06:59.823+0000][1][safepoint    ] Application time: 1.0000820 seconds
[2019-12-08T10:06:59.823+0000][1][safepoint    ] Entering safepoint region: Cleanup
[2019-12-08T10:06:59.823+0000][1][safepoint    ] Leaving safepoint region
[2019-12-08T10:06:59.823+0000][1][safepoint    ] Total time for which application threads were stopped: 0.0000713 seconds, Stopping threads took: 0.0000178 seconds
[2019-12-08T10:07:00.823+0000][1][safepoint    ] Application time: 1.0000767 seconds
[2019-12-08T10:07:00.824+0000][1][safepoint    ] Entering safepoint region: Cleanup
[2019-12-08T10:07:00.824+0000][1][safepoint    ] Leaving safepoint region
[2019-12-08T10:07:00.824+0000][1][safepoint    ] Total time for which application threads were stopped: 0.0000772 seconds, Stopping threads took: 0.0000194 seconds
[2019-12-08T10:07:01.824+0000][1][safepoint    ] Application time: 1.0000909 seconds
[2019-12-08T10:07:01.824+0000][1][safepoint    ] Entering safepoint region: Cleanup
[2019-12-08T10:07:01.824+0000][1][safepoint    ] Leaving safepoint region
[2019-12-08T10:07:01.824+0000][1][safepoint    ] Total time for which application threads were stopped: 0.0000764 seconds, Stopping threads took: 0.0000183 seconds
[2019-12-08T10:07:02.824+0000][1][safepoint    ] Application time: 1.0000783 seconds
[2019-12-08T10:07:02.824+0000][1][safepoint    ] Entering safepoint region: Cleanup
[2019-12-08T10:07:02.824+0000][1][safepoint    ] Leaving safepoint region
[2019-12-08T10:07:02.824+0000][1][safepoint    ] Total time for which application threads were stopped: 0.0000729 seconds, Stopping threads took: 0.0000163 seconds
[2019-12-08T10:07:03.824+0000][1][safepoint    ] Application time: 1.0000761 seconds
[2019-12-08T10:07:03.824+0000][1][safepoint    ] Entering safepoint region: Cleanup
[2019-12-08T10:07:03.824+0000][1][safepoint    ] Leaving safepoint region
[2019-12-08T10:07:03.824+0000][1][safepoint    ] Total time for which application threads were stopped: 0.0000712 seconds, Stopping threads took: 0.0000160 seconds
[2019-12-08T10:07:05.482+0000][1][safepoint    ] Application time: 1.6582652 seconds
[2019-12-08T10:07:05.483+0000][1][safepoint    ] Entering safepoint region: Cleanup
[2019-12-08T10:07:05.483+0000][1][safepoint    ] Leaving safepoint region
[2019-12-08T10:07:05.483+0000][1][safepoint    ] Total time for which application threads were stopped: 0.0000942 seconds, Stopping threads took: 0.0000214 seconds
[2019-12-08T10:07:06.483+0000][1][safepoint    ] Application time: 1.0002622 seconds
[2019-12-08T10:07:06.483+0000][1][safepoint    ] Entering safepoint region: Cleanup
[2019-12-08T10:07:06.483+0000][1][safepoint    ] Leaving safepoint region
[2019-12-08T10:07:06.483+0000][1][safepoint    ] Total time for which application threads were stopped: 0.0001161 seconds, Stopping threads took: 0.0000512 seconds
[2019-12-08T10:07:07.483+0000][1][safepoint    ] Application time: 1.0000847 seconds
[2019-12-08T10:07:07.483+0000][1][safepoint    ] Entering safepoint region: Cleanup
[2019-12-08T10:07:07.483+0000][1][safepoint    ] Leaving safepoint region
[2019-12-08T10:07:07.483+0000][1][safepoint    ] Total time for which application threads were stopped: 0.0000714 seconds, Stopping threads took: 0.0000176 seconds
[2019-12-08T10:07:08.483+0000][1][safepoint    ] Application time: 1.0000830 seconds
[2019-12-08T10:07:08.483+0000][1][safepoint    ] Entering safepoint region: Cleanup
[2019-12-08T10:07:08.483+0000][1][safepoint    ] Leaving safepoint region
[2019-12-08T10:07:08.483+0000][1][safepoint    ] Total time for which application threads were stopped: 0.0000722 seconds, Stopping threads took: 0.0000173 seconds
[2019-12-08T10:07:09.483+0000][1][safepoint    ] Application time: 1.0000783 seconds
[2019-12-08T10:07:09.484+0000][1][safepoint    ] Entering safepoint region: Cleanup
[2019-12-08T10:07:09.484+0000][1][safepoint    ] Leaving safepoint region
[2019-12-08T10:07:09.484+0000][1][safepoint    ] Total time for which application threads were stopped: 0.0000724 seconds, Stopping threads took: 0.0000173 seconds
[2019-12-08T10:07:10.484+0000][1][safepoint    ] Application time: 1.0000822 seconds
[2019-12-08T10:07:10.484+0000][1][safepoint    ] Entering safepoint region: Cleanup
[2019-12-08T10:07:10.484+0000][1][safepoint    ] Leaving safepoint region
[2019-12-08T10:07:10.484+0000][1][safepoint    ] Total time for which application threads were stopped: 0.0000888 seconds, Stopping threads took: 0.0000345 seconds
[2019-12-08T10:07:11.484+0000][1][safepoint    ] Application time: 1.0000776 seconds
[2019-12-08T10:07:11.484+0000][1][safepoint    ] Entering safepoint region: Cleanup
[2019-12-08T10:07:11.484+0000][1][safepoint    ] Leaving safepoint region
[2019-12-08T10:07:11.484+0000][1][safepoint    ] Total time for which application threads were stopped: 0.0000708 seconds, Stopping threads took: 0.0000194 seconds
[2019-12-08T10:07:12.484+0000][1][safepoint    ] Application time: 1.0000776 seconds
[2019-12-08T10:07:12.484+0000][1][safepoint    ] Entering safepoint region: Cleanup
[2019-12-08T10:07:12.484+0000][1][safepoint    ] Leaving safepoint region
[2019-12-08T10:07:12.484+0000][1][safepoint    ] Total time for which application threads were stopped: 0.0000751 seconds, Stopping threads took: 0.0000228 seconds
[2019-12-08T10:07:13.484+0000][1][safepoint    ] Application time: 1.0000767 seconds
[2019-12-08T10:07:13.484+0000][1][safepoint    ] Entering safepoint region: Cleanup
[2019-12-08T10:07:13.484+0000][1][safepoint    ] Leaving safepoint region
[2019-12-08T10:07:13.484+0000][1][safepoint    ] Total time for which application threads were stopped: 0.0000770 seconds, Stopping threads took: 0.0000172 seconds
[2019-12-08T10:07:14.484+0000][1][safepoint    ] Application time: 1.0000796 seconds
[2019-12-08T10:07:14.484+0000][1][safepoint    ] Entering safepoint region: Cleanup
[2019-12-08T10:07:14.484+0000][1][safepoint    ] Leaving safepoint region
[2019-12-08T10:07:14.484+0000][1][safepoint    ] Total time for which application threads were stopped: 0.0000774 seconds, Stopping threads took: 0.0000174 seconds
[2019-12-08T10:07:15.485+0000][1][safepoint    ] Application time: 1.0000790 seconds
[2019-12-08T10:07:15.485+0000][1][safepoint    ] Entering safepoint region: Cleanup
[2019-12-08T10:07:15.485+0000][1][safepoint    ] Leaving safepoint region
[2019-12-08T10:07:15.485+0000][1][safepoint    ] Total time for which application threads were stopped: 0.0000830 seconds, Stopping threads took: 0.0000167 seconds
[2019-12-08T10:07:16.485+0000][1][safepoint    ] Application time: 1.0000794 seconds
[2019-12-08T10:07:16.485+0000][1][safepoint    ] Entering safepoint region: Cleanup
[2019-12-08T10:07:16.485+0000][1][safepoint    ] Leaving safepoint region
[2019-12-08T10:07:16.485+0000][1][safepoint    ] Total time for which application threads were stopped: 0.0000793 seconds, Stopping threads took: 0.0000218 seconds
[2019-12-08T10:07:17.485+0000][1][safepoint    ] Application time: 1.0000789 seconds
[2019-12-08T10:07:17.485+0000][1][safepoint    ] Entering safepoint region: Cleanup
[2019-12-08T10:07:17.485+0000][1][safepoint    ] Leaving safepoint region
[2019-12-08T10:07:17.485+0000][1][safepoint    ] Total time for which application threads were stopped: 0.0000760 seconds, Stopping threads took: 0.0000207 seconds
[2019-12-08T10:07:17.491+0000][1][safepoint    ] Application time: 0.0054307 seconds
[2019-12-08T10:07:17.491+0000][1][safepoint    ] Entering safepoint region: GenCollectForAllocation
[2019-12-08T10:07:17.491+0000][1][gc,start     ] GC(29) Pause Young (Allocation Failure)
[2019-12-08T10:07:17.491+0000][1][gc,task      ] GC(29) Using 4 workers of 4 for evacuation
[2019-12-08T10:07:17.494+0000][1][gc,age       ] GC(29) Desired survivor size 4456448 bytes, new threshold 6 (max threshold 6)
[2019-12-08T10:07:17.494+0000][1][gc,age       ] GC(29) Age table with threshold 6 (max threshold 6)
[2019-12-08T10:07:17.494+0000][1][gc,age       ] GC(29) - age   1:      71152 bytes,      71152 total
[2019-12-08T10:07:17.494+0000][1][gc,age       ] GC(29) - age   2:       5784 bytes,      76936 total
[2019-12-08T10:07:17.494+0000][1][gc,age       ] GC(29) - age   3:       4056 bytes,      80992 total
[2019-12-08T10:07:17.494+0000][1][gc,age       ] GC(29) - age   4:       3328 bytes,      84320 total
[2019-12-08T10:07:17.494+0000][1][gc,age       ] GC(29) - age   5:       5408 bytes,      89728 total
[2019-12-08T10:07:17.494+0000][1][gc,age       ] GC(29) - age   6:     582240 bytes,     671968 total
[2019-12-08T10:07:17.494+0000][1][gc,heap      ] GC(29) ParNew: 71841K->1419K(78656K)
[2019-12-08T10:07:17.494+0000][1][gc,heap      ] GC(29) CMS: 69431K->70436K(174784K)
[2019-12-08T10:07:17.494+0000][1][gc,metaspace ] GC(29) Metaspace: 69114K->69114K(1112064K)
[2019-12-08T10:07:17.494+0000][1][gc           ] GC(29) Pause Young (Allocation Failure) 137M->70M(247M) 3.389ms
[2019-12-08T10:07:17.494+0000][1][gc,cpu       ] GC(29) User=0.01s Sys=0.00s Real=0.00s
[2019-12-08T10:07:17.494+0000][1][safepoint    ] Leaving safepoint region
[2019-12-08T10:07:17.494+0000][1][safepoint    ] Total time for which application threads were stopped: 0.0036166 seconds, Stopping threads took: 0.0000603 seconds
[2019-12-08T10:07:18.494+0000][1][safepoint    ] Application time: 1.0000935 seconds
[2019-12-08T10:07:18.494+0000][1][safepoint    ] Entering safepoint region: Cleanup
[2019-12-08T10:07:18.494+0000][1][safepoint    ] Leaving safepoint region
[2019-12-08T10:07:18.494+0000][1][safepoint    ] Total time for which application threads were stopped: 0.0000785 seconds, Stopping threads took: 0.0000216 seconds
[2019-12-08T10:07:19.494+0000][1][safepoint    ] Application time: 1.0000752 seconds
[2019-12-08T10:07:19.494+0000][1][safepoint    ] Entering safepoint region: Cleanup
[2019-12-08T10:07:19.495+0000][1][safepoint    ] Leaving safepoint region
[2019-12-08T10:07:19.495+0000][1][safepoint    ] Total time for which application threads were stopped: 0.0000745 seconds, Stopping threads took: 0.0000185 seconds
[2019-12-08T10:07:20.497+0000][1][safepoint    ] Application time: 1.0020787 seconds
[2019-12-08T10:07:20.497+0000][1][safepoint    ] Entering safepoint region: Cleanup
[2019-12-08T10:07:20.497+0000][1][safepoint    ] Leaving safepoint region
[2019-12-08T10:07:20.497+0000][1][safepoint    ] Total time for which application threads were stopped: 0.0000817 seconds, Stopping threads took: 0.0000164 seconds
[2019-12-08T10:07:21.497+0000][1][safepoint    ] Application time: 1.0000909 seconds
[2019-12-08T10:07:21.497+0000][1][safepoint    ] Entering safepoint region: Cleanup
[2019-12-08T10:07:21.497+0000][1][safepoint    ] Leaving safepoint region
[2019-12-08T10:07:21.497+0000][1][safepoint    ] Total time for which application threads were stopped: 0.0000706 seconds, Stopping threads took: 0.0000184 seconds
[2019-12-08T10:07:22.497+0000][1][safepoint    ] Application time: 1.0000803 seconds
[2019-12-08T10:07:22.497+0000][1][safepoint    ] Entering safepoint region: Cleanup
[2019-12-08T10:07:22.497+0000][1][safepoint    ] Leaving safepoint region
[2019-12-08T10:07:22.497+0000][1][safepoint    ] Total time for which application threads were stopped: 0.0000764 seconds, Stopping threads took: 0.0000173 seconds
[2019-12-08T10:07:23.497+0000][1][safepoint    ] Application time: 1.0000844 seconds
[2019-12-08T10:07:23.497+0000][1][safepoint    ] Entering safepoint region: Cleanup
[2019-12-08T10:07:23.497+0000][1][safepoint    ] Leaving safepoint region
[2019-12-08T10:07:23.497+0000][1][safepoint    ] Total time for which application threads were stopped: 0.0000830 seconds, Stopping threads took: 0.0000255 seconds
[2019-12-08T10:07:24.497+0000][1][safepoint    ] Application time: 1.0000851 seconds
[2019-12-08T10:07:24.497+0000][1][safepoint    ] Entering safepoint region: Cleanup
[2019-12-08T10:07:24.498+0000][1][safepoint    ] Leaving safepoint region
[2019-12-08T10:07:24.498+0000][1][safepoint    ] Total time for which application threads were stopped: 0.0000762 seconds, Stopping threads took: 0.0000183 seconds
[2019-12-08T10:07:25.498+0000][1][safepoint    ] Application time: 1.0000860 seconds
[2019-12-08T10:07:25.498+0000][1][safepoint    ] Entering safepoint region: Cleanup
[2019-12-08T10:07:25.498+0000][1][safepoint    ] Leaving safepoint region
[2019-12-08T10:07:25.498+0000][1][safepoint    ] Total time for which application threads were stopped: 0.0000829 seconds, Stopping threads took: 0.0000182 seconds
[2019-12-08T10:07:26.498+0000][1][safepoint    ] Application time: 1.0000801 seconds
[2019-12-08T10:07:26.498+0000][1][safepoint    ] Entering safepoint region: Cleanup
[2019-12-08T10:07:26.498+0000][1][safepoint    ] Leaving safepoint region
[2019-12-08T10:07:26.498+0000][1][safepoint    ] Total time for which application threads were stopped: 0.0000755 seconds, Stopping threads took: 0.0000179 seconds
[2019-12-08T10:07:27.498+0000][1][safepoint    ] Application time: 1.0000834 seconds
[2019-12-08T10:07:27.498+0000][1][safepoint    ] Entering safepoint region: Cleanup
[2019-12-08T10:07:27.498+0000][1][safepoint    ] Leaving safepoint region
[2019-12-08T10:07:27.498+0000][1][safepoint    ] Total time for which application threads were stopped: 0.0000751 seconds, Stopping threads took: 0.0000186 seconds
[2019-12-08T10:07:28.498+0000][1][safepoint    ] Application time: 1.0000833 seconds
[2019-12-08T10:07:28.498+0000][1][safepoint    ] Entering safepoint region: Cleanup
[2019-12-08T10:07:28.498+0000][1][safepoint    ] Leaving safepoint region
[2019-12-08T10:07:28.498+0000][1][safepoint    ] Total time for which application threads were stopped: 0.0000803 seconds, Stopping threads took: 0.0000256 seconds
[2019-12-08T10:07:29.498+0000][1][safepoint    ] Application time: 1.0000842 seconds
[2019-12-08T10:07:29.498+0000][1][safepoint    ] Entering safepoint region: Cleanup
[2019-12-08T10:07:29.498+0000][1][safepoint    ] Leaving safepoint region
[2019-12-08T10:07:29.498+0000][1][safepoint    ] Total time for which application threads were stopped: 0.0000761 seconds, Stopping threads took: 0.0000186 seconds
[2019-12-08T10:07:30.503+0000][1][safepoint    ] Application time: 1.0047786 seconds
[2019-12-08T10:07:30.503+0000][1][safepoint    ] Entering safepoint region: Cleanup
[2019-12-08T10:07:30.503+0000][1][safepoint    ] Leaving safepoint region
[2019-12-08T10:07:30.503+0000][1][safepoint    ] Total time for which application threads were stopped: 0.0001083 seconds, Stopping threads took: 0.0000343 seconds
[2019-12-08T10:07:31.504+0000][1][safepoint    ] Application time: 1.0000934 seconds
[2019-12-08T10:07:31.504+0000][1][safepoint    ] Entering safepoint region: Cleanup
[2019-12-08T10:07:31.504+0000][1][safepoint    ] Leaving safepoint region
[2019-12-08T10:07:31.504+0000][1][safepoint    ] Total time for which application threads were stopped: 0.0000732 seconds, Stopping threads took: 0.0000178 seconds
[2019-12-08T10:07:32.504+0000][1][safepoint    ] Application time: 1.0000847 seconds
[2019-12-08T10:07:32.504+0000][1][safepoint    ] Entering safepoint region: Cleanup
[2019-12-08T10:07:32.504+0000][1][safepoint    ] Leaving safepoint region
[2019-12-08T10:07:32.504+0000][1][safepoint    ] Total time for which application threads were stopped: 0.0000758 seconds, Stopping threads took: 0.0000192 seconds
[2019-12-08T10:07:33.504+0000][1][safepoint    ] Application time: 1.0000901 seconds
[2019-12-08T10:07:33.504+0000][1][safepoint    ] Entering safepoint region: Cleanup
[2019-12-08T10:07:33.504+0000][1][safepoint    ] Leaving safepoint region
[2019-12-08T10:07:33.504+0000][1][safepoint    ] Total time for which application threads were stopped: 0.0000705 seconds, Stopping threads took: 0.0000168 seconds
[2019-12-08T10:07:34.504+0000][1][safepoint    ] Application time: 1.0000761 seconds
[2019-12-08T10:07:34.504+0000][1][safepoint    ] Entering safepoint region: Cleanup
[2019-12-08T10:07:34.504+0000][1][safepoint    ] Leaving safepoint region
[2019-12-08T10:07:34.504+0000][1][safepoint    ] Total time for which application threads were stopped: 0.0000700 seconds, Stopping threads took: 0.0000180 seconds
[2019-12-08T10:07:35.504+0000][1][safepoint    ] Application time: 1.0000797 seconds
[2019-12-08T10:07:35.504+0000][1][safepoint    ] Entering safepoint region: Cleanup
[2019-12-08T10:07:35.504+0000][1][safepoint    ] Leaving safepoint region
[2019-12-08T10:07:35.504+0000][1][safepoint    ] Total time for which application threads were stopped: 0.0000705 seconds, Stopping threads took: 0.0000174 seconds
[2019-12-08T10:07:36.504+0000][1][safepoint    ] Application time: 1.0000749 seconds
[2019-12-08T10:07:36.504+0000][1][safepoint    ] Entering safepoint region: Cleanup
[2019-12-08T10:07:36.505+0000][1][safepoint    ] Leaving safepoint region
[2019-12-08T10:07:36.505+0000][1][safepoint    ] Total time for which application threads were stopped: 0.0000703 seconds, Stopping threads took: 0.0000178 seconds
[2019-12-08T10:07:37.505+0000][1][safepoint    ] Application time: 1.0000792 seconds
[2019-12-08T10:07:37.505+0000][1][safepoint    ] Entering safepoint region: Cleanup
[2019-12-08T10:07:37.505+0000][1][safepoint    ] Leaving safepoint region
[2019-12-08T10:07:37.505+0000][1][safepoint    ] Total time for which application threads were stopped: 0.0000875 seconds, Stopping threads took: 0.0000168 seconds
[2019-12-08T10:07:38.505+0000][1][safepoint    ] Application time: 1.0000999 seconds
[2019-12-08T10:07:38.505+0000][1][safepoint    ] Entering safepoint region: Cleanup
[2019-12-08T10:07:38.505+0000][1][safepoint    ] Leaving safepoint region
[2019-12-08T10:07:38.505+0000][1][safepoint    ] Total time for which application threads were stopped: 0.0001064 seconds, Stopping threads took: 0.0000262 seconds
[2019-12-08T10:07:39.505+0000][1][safepoint    ] Application time: 1.0000799 seconds
[2019-12-08T10:07:39.505+0000][1][safepoint    ] Entering safepoint region: Cleanup
[2019-12-08T10:07:39.505+0000][1][safepoint    ] Leaving safepoint region
[2019-12-08T10:07:39.505+0000][1][safepoint    ] Total time for which application threads were stopped: 0.0000775 seconds, Stopping threads took: 0.0000227 seconds
[2019-12-08T10:07:40.505+0000][1][safepoint    ] Application time: 1.0000780 seconds
[2019-12-08T10:07:40.505+0000][1][safepoint    ] Entering safepoint region: Cleanup
[2019-12-08T10:07:40.505+0000][1][safepoint    ] Leaving safepoint region
[2019-12-08T10:07:40.505+0000][1][safepoint    ] Total time for which application threads were stopped: 0.0000782 seconds, Stopping threads took: 0.0000246 seconds
[2019-12-08T10:07:41.784+0000][1][safepoint    ] Application time: 1.2782848 seconds
[2019-12-08T10:07:41.784+0000][1][safepoint    ] Entering safepoint region: Cleanup
[2019-12-08T10:07:41.784+0000][1][safepoint    ] Leaving safepoint region
[2019-12-08T10:07:41.784+0000][1][safepoint    ] Total time for which application threads were stopped: 0.0000882 seconds, Stopping threads took: 0.0000187 seconds
[2019-12-08T10:07:42.784+0000][1][safepoint    ] Application time: 1.0000800 seconds
[2019-12-08T10:07:42.784+0000][1][safepoint    ] Entering safepoint region: Cleanup
[2019-12-08T10:07:42.784+0000][1][safepoint    ] Leaving safepoint region
[2019-12-08T10:07:42.784+0000][1][safepoint    ] Total time for which application threads were stopped: 0.0000733 seconds, Stopping threads took: 0.0000180 seconds
[2019-12-08T10:07:43.784+0000][1][safepoint    ] Application time: 1.0000802 seconds
[2019-12-08T10:07:43.784+0000][1][safepoint    ] Entering safepoint region: Cleanup
[2019-12-08T10:07:43.784+0000][1][safepoint    ] Leaving safepoint region
[2019-12-08T10:07:43.784+0000][1][safepoint    ] Total time for which application threads were stopped: 0.0000722 seconds, Stopping threads took: 0.0000177 seconds
[2019-12-08T10:07:44.784+0000][1][safepoint    ] Application time: 1.0000801 seconds
[2019-12-08T10:07:44.784+0000][1][safepoint    ] Entering safepoint region: Cleanup
[2019-12-08T10:07:44.784+0000][1][safepoint    ] Leaving safepoint region
[2019-12-08T10:07:44.784+0000][1][safepoint    ] Total time for which application threads were stopped: 0.0000745 seconds, Stopping threads took: 0.0000183 seconds
[2019-12-08T10:07:45.784+0000][1][safepoint    ] Application time: 1.0000764 seconds
[2019-12-08T10:07:45.784+0000][1][safepoint    ] Entering safepoint region: Cleanup
[2019-12-08T10:07:45.784+0000][1][safepoint    ] Leaving safepoint region
[2019-12-08T10:07:45.784+0000][1][safepoint    ] Total time for which application threads were stopped: 0.0000707 seconds, Stopping threads took: 0.0000172 seconds
[2019-12-08T10:07:46.785+0000][1][safepoint    ] Application time: 1.0000767 seconds
[2019-12-08T10:07:46.785+0000][1][safepoint    ] Entering safepoint region: Cleanup
[2019-12-08T10:07:46.785+0000][1][safepoint    ] Leaving safepoint region
[2019-12-08T10:07:46.785+0000][1][safepoint    ] Total time for which application threads were stopped: 0.0000742 seconds, Stopping threads took: 0.0000181 seconds
[2019-12-08T10:07:47.785+0000][1][safepoint    ] Application time: 1.0000802 seconds
[2019-12-08T10:07:47.785+0000][1][safepoint    ] Entering safepoint region: Cleanup
[2019-12-08T10:07:47.785+0000][1][safepoint    ] Leaving safepoint region
[2019-12-08T10:07:47.785+0000][1][safepoint    ] Total time for which application threads were stopped: 0.0000759 seconds, Stopping threads took: 0.0000190 seconds
[2019-12-08T10:07:48.785+0000][1][safepoint    ] Application time: 1.0000849 seconds
[2019-12-08T10:07:48.785+0000][1][safepoint    ] Entering safepoint region: Cleanup
[2019-12-08T10:07:48.785+0000][1][safepoint    ] Leaving safepoint region
[2019-12-08T10:07:48.785+0000][1][safepoint    ] Total time for which application threads were stopped: 0.0000745 seconds, Stopping threads took: 0.0000189 seconds
[2019-12-08T10:07:49.785+0000][1][safepoint    ] Application time: 1.0000828 seconds
[2019-12-08T10:07:49.785+0000][1][safepoint    ] Entering safepoint region: Cleanup
[2019-12-08T10:07:49.785+0000][1][safepoint    ] Leaving safepoint region
[2019-12-08T10:07:49.785+0000][1][safepoint    ] Total time for which application threads were stopped: 0.0000751 seconds, Stopping threads took: 0.0000188 seconds
[2019-12-08T10:07:50.785+0000][1][safepoint    ] Application time: 1.0000754 seconds
[2019-12-08T10:07:50.785+0000][1][safepoint    ] Entering safepoint region: Cleanup
[2019-12-08T10:07:50.785+0000][1][safepoint    ] Leaving safepoint region
[2019-12-08T10:07:50.785+0000][1][safepoint    ] Total time for which application threads were stopped: 0.0000845 seconds, Stopping threads took: 0.0000280 seconds
[2019-12-08T10:07:51.786+0000][1][safepoint    ] Application time: 1.0000779 seconds
[2019-12-08T10:07:51.786+0000][1][safepoint    ] Entering safepoint region: Cleanup
[2019-12-08T10:07:51.786+0000][1][safepoint    ] Leaving safepoint region
[2019-12-08T10:07:51.786+0000][1][safepoint    ] Total time for which application threads were stopped: 0.0000730 seconds, Stopping threads took: 0.0000175 seconds
[2019-12-08T10:07:52.786+0000][1][safepoint    ] Application time: 1.0000775 seconds
[2019-12-08T10:07:52.786+0000][1][safepoint    ] Entering safepoint region: Cleanup
[2019-12-08T10:07:52.786+0000][1][safepoint    ] Leaving safepoint region
[2019-12-08T10:07:52.786+0000][1][safepoint    ] Total time for which application threads were stopped: 0.0000727 seconds, Stopping threads took: 0.0000169 seconds
[2019-12-08T10:07:53.786+0000][1][safepoint    ] Application time: 1.0000781 seconds
[2019-12-08T10:07:53.786+0000][1][safepoint    ] Entering safepoint region: Cleanup
[2019-12-08T10:07:53.786+0000][1][safepoint    ] Leaving safepoint region
[2019-12-08T10:07:53.786+0000][1][safepoint    ] Total time for which application threads were stopped: 0.0000740 seconds, Stopping threads took: 0.0000177 seconds
[2019-12-08T10:07:54.786+0000][1][safepoint    ] Application time: 1.0000775 seconds
[2019-12-08T10:07:54.786+0000][1][safepoint    ] Entering safepoint region: Cleanup
[2019-12-08T10:07:54.786+0000][1][safepoint    ] Leaving safepoint region
[2019-12-08T10:07:54.786+0000][1][safepoint    ] Total time for which application threads were stopped: 0.0000750 seconds, Stopping threads took: 0.0000181 seconds
[2019-12-08T10:07:55.786+0000][1][safepoint    ] Application time: 1.0000763 seconds
[2019-12-08T10:07:55.786+0000][1][safepoint    ] Entering safepoint region: Cleanup
[2019-12-08T10:07:55.786+0000][1][safepoint    ] Leaving safepoint region
[2019-12-08T10:07:55.786+0000][1][safepoint    ] Total time for which application threads were stopped: 0.0000749 seconds, Stopping threads took: 0.0000195 seconds
[2019-12-08T10:07:56.786+0000][1][safepoint    ] Application time: 1.0000796 seconds
[2019-12-08T10:07:56.787+0000][1][safepoint    ] Entering safepoint region: Cleanup
[2019-12-08T10:07:56.787+0000][1][safepoint    ] Leaving safepoint region
[2019-12-08T10:07:56.787+0000][1][safepoint    ] Total time for which application threads were stopped: 0.0000745 seconds, Stopping threads took: 0.0000184 seconds
[2019-12-08T10:07:57.787+0000][1][safepoint    ] Application time: 1.0000989 seconds
[2019-12-08T10:07:57.787+0000][1][safepoint    ] Entering safepoint region: Cleanup
[2019-12-08T10:07:57.787+0000][1][safepoint    ] Leaving safepoint region
[2019-12-08T10:07:57.787+0000][1][safepoint    ] Total time for which application threads were stopped: 0.0000924 seconds, Stopping threads took: 0.0000222 seconds
[2019-12-08T10:07:59.553+0000][1][safepoint    ] Application time: 1.7659332 seconds
[2019-12-08T10:07:59.553+0000][1][safepoint    ] Entering safepoint region: Cleanup
[2019-12-08T10:07:59.553+0000][1][safepoint    ] Leaving safepoint region
[2019-12-08T10:07:59.553+0000][1][safepoint    ] Total time for which application threads were stopped: 0.0000755 seconds, Stopping threads took: 0.0000178 seconds
[2019-12-08T10:08:00.553+0000][1][safepoint    ] Application time: 1.0000759 seconds
[2019-12-08T10:08:00.553+0000][1][safepoint    ] Entering safepoint region: Cleanup
[2019-12-08T10:08:00.553+0000][1][safepoint    ] Leaving safepoint region
[2019-12-08T10:08:00.553+0000][1][safepoint    ] Total time for which application threads were stopped: 0.0000703 seconds, Stopping threads took: 0.0000170 seconds
[2019-12-08T10:08:01.553+0000][1][safepoint    ] Application time: 1.0001311 seconds
[2019-12-08T10:08:01.553+0000][1][safepoint    ] Entering safepoint region: Cleanup
[2019-12-08T10:08:01.553+0000][1][safepoint    ] Leaving safepoint region
[2019-12-08T10:08:01.553+0000][1][safepoint    ] Total time for which application threads were stopped: 0.0001115 seconds, Stopping threads took: 0.0000312 seconds
[2019-12-08T10:08:02.553+0000][1][safepoint    ] Application time: 1.0000783 seconds
[2019-12-08T10:08:02.553+0000][1][safepoint    ] Entering safepoint region: Cleanup
[2019-12-08T10:08:02.554+0000][1][safepoint    ] Leaving safepoint region
[2019-12-08T10:08:02.554+0000][1][safepoint    ] Total time for which application threads were stopped: 0.0000718 seconds, Stopping threads took: 0.0000182 seconds
[2019-12-08T10:08:03.554+0000][1][safepoint    ] Application time: 1.0000758 seconds
[2019-12-08T10:08:03.554+0000][1][safepoint    ] Entering safepoint region: Cleanup
[2019-12-08T10:08:03.554+0000][1][safepoint    ] Leaving safepoint region
[2019-12-08T10:08:03.554+0000][1][safepoint    ] Total time for which application threads were stopped: 0.0000846 seconds, Stopping threads took: 0.0000175 seconds
[2019-12-08T10:08:04.554+0000][1][safepoint    ] Application time: 1.0000770 seconds
[2019-12-08T10:08:04.554+0000][1][safepoint    ] Entering safepoint region: Cleanup
[2019-12-08T10:08:04.554+0000][1][safepoint    ] Leaving safepoint region
[2019-12-08T10:08:04.554+0000][1][safepoint    ] Total time for which application threads were stopped: 0.0000713 seconds, Stopping threads took: 0.0000174 seconds
[2019-12-08T10:08:05.554+0000][1][safepoint    ] Application time: 1.0000808 seconds
[2019-12-08T10:08:05.554+0000][1][safepoint    ] Entering safepoint region: Cleanup
[2019-12-08T10:08:05.554+0000][1][safepoint    ] Leaving safepoint region
[2019-12-08T10:08:05.554+0000][1][safepoint    ] Total time for which application threads were stopped: 0.0000753 seconds, Stopping threads took: 0.0000180 seconds
[2019-12-08T10:08:06.554+0000][1][safepoint    ] Application time: 1.0000779 seconds
[2019-12-08T10:08:06.554+0000][1][safepoint    ] Entering safepoint region: Cleanup
[2019-12-08T10:08:06.554+0000][1][safepoint    ] Leaving safepoint region
[2019-12-08T10:08:06.554+0000][1][safepoint    ] Total time for which application threads were stopped: 0.0000718 seconds, Stopping threads took: 0.0000183 seconds
[2019-12-08T10:08:07.554+0000][1][safepoint    ] Application time: 1.0000775 seconds
[2019-12-08T10:08:07.554+0000][1][safepoint    ] Entering safepoint region: Cleanup
[2019-12-08T10:08:07.554+0000][1][safepoint    ] Leaving safepoint region
[2019-12-08T10:08:07.554+0000][1][safepoint    ] Total time for which application threads were stopped: 0.0000696 seconds, Stopping threads took: 0.0000164 seconds
[2019-12-08T10:08:08.555+0000][1][safepoint    ] Application time: 1.0000758 seconds
[2019-12-08T10:08:08.555+0000][1][safepoint    ] Entering safepoint region: Cleanup
[2019-12-08T10:08:08.555+0000][1][safepoint    ] Leaving safepoint region
[2019-12-08T10:08:08.555+0000][1][safepoint    ] Total time for which application threads were stopped: 0.0000666 seconds, Stopping threads took: 0.0000161 seconds
[2019-12-08T10:08:09.555+0000][1][safepoint    ] Application time: 1.0000790 seconds
[2019-12-08T10:08:09.555+0000][1][safepoint    ] Entering safepoint region: Cleanup
[2019-12-08T10:08:09.555+0000][1][safepoint    ] Leaving safepoint region
[2019-12-08T10:08:09.555+0000][1][safepoint    ] Total time for which application threads were stopped: 0.0000740 seconds, Stopping threads took: 0.0000180 seconds
[2019-12-08T10:08:10.555+0000][1][safepoint    ] Application time: 1.0000785 seconds
[2019-12-08T10:08:10.555+0000][1][safepoint    ] Entering safepoint region: Cleanup
[2019-12-08T10:08:10.555+0000][1][safepoint    ] Leaving safepoint region
[2019-12-08T10:08:10.555+0000][1][safepoint    ] Total time for which application threads were stopped: 0.0000703 seconds, Stopping threads took: 0.0000171 seconds
[2019-12-08T10:08:11.555+0000][1][safepoint    ] Application time: 1.0000769 seconds
[2019-12-08T10:08:11.555+0000][1][safepoint    ] Entering safepoint region: Cleanup
[2019-12-08T10:08:11.555+0000][1][safepoint    ] Leaving safepoint region
[2019-12-08T10:08:11.555+0000][1][safepoint    ] Total time for which application threads were stopped: 0.0000773 seconds, Stopping threads took: 0.0000170 seconds
[2019-12-08T10:08:12.555+0000][1][safepoint    ] Application time: 1.0000769 seconds
[2019-12-08T10:08:12.555+0000][1][safepoint    ] Entering safepoint region: Cleanup
[2019-12-08T10:08:12.555+0000][1][safepoint    ] Leaving safepoint region
[2019-12-08T10:08:12.555+0000][1][safepoint    ] Total time for which application threads were stopped: 0.0000723 seconds, Stopping threads took: 0.0000154 seconds
[2019-12-08T10:08:13.555+0000][1][safepoint    ] Application time: 1.0000760 seconds
[2019-12-08T10:08:13.555+0000][1][safepoint    ] Entering safepoint region: Cleanup
[2019-12-08T10:08:13.556+0000][1][safepoint    ] Leaving safepoint region
[2019-12-08T10:08:13.556+0000][1][safepoint    ] Total time for which application threads were stopped: 0.0000707 seconds, Stopping threads took: 0.0000173 seconds
[2019-12-08T10:08:14.556+0000][1][safepoint    ] Application time: 1.0000771 seconds
[2019-12-08T10:08:14.556+0000][1][safepoint    ] Entering safepoint region: Cleanup
[2019-12-08T10:08:14.556+0000][1][safepoint    ] Leaving safepoint region
[2019-12-08T10:08:14.556+0000][1][safepoint    ] Total time for which application threads were stopped: 0.0000812 seconds, Stopping threads took: 0.0000173 seconds
[2019-12-08T10:08:15.556+0000][1][safepoint    ] Application time: 1.0000795 seconds
[2019-12-08T10:08:15.556+0000][1][safepoint    ] Entering safepoint region: Cleanup
[2019-12-08T10:08:15.556+0000][1][safepoint    ] Leaving safepoint region
[2019-12-08T10:08:15.556+0000][1][safepoint    ] Total time for which application threads were stopped: 0.0000703 seconds, Stopping threads took: 0.0000181 seconds
[2019-12-08T10:08:16.556+0000][1][safepoint    ] Application time: 1.0000779 seconds
[2019-12-08T10:08:16.556+0000][1][safepoint    ] Entering safepoint region: Cleanup
[2019-12-08T10:08:16.556+0000][1][safepoint    ] Leaving safepoint region
[2019-12-08T10:08:16.556+0000][1][safepoint    ] Total time for which application threads were stopped: 0.0000679 seconds, Stopping threads took: 0.0000173 seconds
[2019-12-08T10:08:17.556+0000][1][safepoint    ] Application time: 1.0000782 seconds
[2019-12-08T10:08:17.556+0000][1][safepoint    ] Entering safepoint region: Cleanup
[2019-12-08T10:08:17.556+0000][1][safepoint    ] Leaving safepoint region
[2019-12-08T10:08:17.556+0000][1][safepoint    ] Total time for which application threads were stopped: 0.0000716 seconds, Stopping threads took: 0.0000186 seconds
[2019-12-08T10:08:18.556+0000][1][safepoint    ] Application time: 1.0000763 seconds
[2019-12-08T10:08:18.556+0000][1][safepoint    ] Entering safepoint region: Cleanup
[2019-12-08T10:08:18.556+0000][1][safepoint    ] Leaving safepoint region
[2019-12-08T10:08:18.556+0000][1][safepoint    ] Total time for which application threads were stopped: 0.0000707 seconds, Stopping threads took: 0.0000176 seconds
[2019-12-08T10:08:19.556+0000][1][safepoint    ] Application time: 1.0000766 seconds
[2019-12-08T10:08:19.557+0000][1][safepoint    ] Entering safepoint region: Cleanup
[2019-12-08T10:08:19.557+0000][1][safepoint    ] Leaving safepoint region
[2019-12-08T10:08:19.557+0000][1][safepoint    ] Total time for which application threads were stopped: 0.0000707 seconds, Stopping threads took: 0.0000179 seconds
[2019-12-08T10:08:20.557+0000][1][safepoint    ] Application time: 1.0000757 seconds
[2019-12-08T10:08:20.557+0000][1][safepoint    ] Entering safepoint region: Cleanup
[2019-12-08T10:08:20.557+0000][1][safepoint    ] Leaving safepoint region
[2019-12-08T10:08:20.557+0000][1][safepoint    ] Total time for which application threads were stopped: 0.0000745 seconds, Stopping threads took: 0.0000211 seconds
[2019-12-08T10:08:21.557+0000][1][safepoint    ] Application time: 1.0000757 seconds
[2019-12-08T10:08:21.557+0000][1][safepoint    ] Entering safepoint region: Cleanup
[2019-12-08T10:08:21.557+0000][1][safepoint    ] Leaving safepoint region
[2019-12-08T10:08:21.557+0000][1][safepoint    ] Total time for which application threads were stopped: 0.0000754 seconds, Stopping threads took: 0.0000168 seconds
[2019-12-08T10:08:22.557+0000][1][safepoint    ] Application time: 1.0000764 seconds
[2019-12-08T10:08:22.557+0000][1][safepoint    ] Entering safepoint region: Cleanup
[2019-12-08T10:08:22.557+0000][1][safepoint    ] Leaving safepoint region
[2019-12-08T10:08:22.557+0000][1][safepoint    ] Total time for which application threads were stopped: 0.0000735 seconds, Stopping threads took: 0.0000167 seconds
[2019-12-08T10:08:23.557+0000][1][safepoint    ] Application time: 1.0000740 seconds
[2019-12-08T10:08:23.557+0000][1][safepoint    ] Entering safepoint region: Cleanup
[2019-12-08T10:08:23.557+0000][1][safepoint    ] Leaving safepoint region
[2019-12-08T10:08:23.557+0000][1][safepoint    ] Total time for which application threads were stopped: 0.0000750 seconds, Stopping threads took: 0.0000172 seconds
[2019-12-08T10:08:24.557+0000][1][safepoint    ] Application time: 1.0000819 seconds
[2019-12-08T10:08:24.557+0000][1][safepoint    ] Entering safepoint region: Cleanup
[2019-12-08T10:08:24.557+0000][1][safepoint    ] Leaving safepoint region
[2019-12-08T10:08:24.558+0000][1][safepoint    ] Total time for which application threads were stopped: 0.0000753 seconds, Stopping threads took: 0.0000178 seconds
[2019-12-08T10:08:25.558+0000][1][safepoint    ] Application time: 1.0000771 seconds
[2019-12-08T10:08:25.558+0000][1][safepoint    ] Entering safepoint region: Cleanup
[2019-12-08T10:08:25.558+0000][1][safepoint    ] Leaving safepoint region
[2019-12-08T10:08:25.558+0000][1][safepoint    ] Total time for which application threads were stopped: 0.0000805 seconds, Stopping threads took: 0.0000164 seconds
[2019-12-08T10:08:26.558+0000][1][safepoint    ] Application time: 1.0000768 seconds
[2019-12-08T10:08:26.558+0000][1][safepoint    ] Entering safepoint region: Cleanup
[2019-12-08T10:08:26.558+0000][1][safepoint    ] Leaving safepoint region
[2019-12-08T10:08:26.558+0000][1][safepoint    ] Total time for which application threads were stopped: 0.0000710 seconds, Stopping threads took: 0.0000174 seconds
[2019-12-08T10:08:27.558+0000][1][safepoint    ] Application time: 1.0000756 seconds
[2019-12-08T10:08:27.558+0000][1][safepoint    ] Entering safepoint region: Cleanup
[2019-12-08T10:08:27.558+0000][1][safepoint    ] Leaving safepoint region
[2019-12-08T10:08:27.558+0000][1][safepoint    ] Total time for which application threads were stopped: 0.0000683 seconds, Stopping threads took: 0.0000156 seconds
[2019-12-08T10:08:28.558+0000][1][safepoint    ] Application time: 1.0000755 seconds
[2019-12-08T10:08:28.558+0000][1][safepoint    ] Entering safepoint region: Cleanup
[2019-12-08T10:08:28.558+0000][1][safepoint    ] Leaving safepoint region
[2019-12-08T10:08:28.558+0000][1][safepoint    ] Total time for which application threads were stopped: 0.0000769 seconds, Stopping threads took: 0.0000224 seconds
[2019-12-08T10:08:29.558+0000][1][safepoint    ] Application time: 1.0000782 seconds
[2019-12-08T10:08:29.558+0000][1][safepoint    ] Entering safepoint region: Cleanup
[2019-12-08T10:08:29.558+0000][1][safepoint    ] Leaving safepoint region
[2019-12-08T10:08:29.558+0000][1][safepoint    ] Total time for which application threads were stopped: 0.0000724 seconds, Stopping threads took: 0.0000176 seconds
[2019-12-08T10:08:30.559+0000][1][safepoint    ] Application time: 1.0000756 seconds
[2019-12-08T10:08:30.559+0000][1][safepoint    ] Entering safepoint region: Cleanup
[2019-12-08T10:08:30.559+0000][1][safepoint    ] Leaving safepoint region
[2019-12-08T10:08:30.559+0000][1][safepoint    ] Total time for which application threads were stopped: 0.0000718 seconds, Stopping threads took: 0.0000182 seconds
[2019-12-08T10:08:31.559+0000][1][safepoint    ] Application time: 1.0000859 seconds
[2019-12-08T10:08:31.559+0000][1][safepoint    ] Entering safepoint region: Cleanup
[2019-12-08T10:08:31.559+0000][1][safepoint    ] Leaving safepoint region
[2019-12-08T10:08:31.559+0000][1][safepoint    ] Total time for which application threads were stopped: 0.0000708 seconds, Stopping threads took: 0.0000166 seconds
[2019-12-08T10:08:32.559+0000][1][safepoint    ] Application time: 1.0000768 seconds
[2019-12-08T10:08:32.559+0000][1][safepoint    ] Entering safepoint region: Cleanup
[2019-12-08T10:08:32.559+0000][1][safepoint    ] Leaving safepoint region
[2019-12-08T10:08:32.559+0000][1][safepoint    ] Total time for which application threads were stopped: 0.0000733 seconds, Stopping threads took: 0.0000184 seconds
[2019-12-08T10:08:33.559+0000][1][safepoint    ] Application time: 1.0000750 seconds
[2019-12-08T10:08:33.559+0000][1][safepoint    ] Entering safepoint region: Cleanup
[2019-12-08T10:08:33.559+0000][1][safepoint    ] Leaving safepoint region
[2019-12-08T10:08:33.559+0000][1][safepoint    ] Total time for which application threads were stopped: 0.0000737 seconds, Stopping threads took: 0.0000179 seconds
[2019-12-08T10:08:34.559+0000][1][safepoint    ] Application time: 1.0000795 seconds
[2019-12-08T10:08:34.559+0000][1][safepoint    ] Entering safepoint region: Cleanup
[2019-12-08T10:08:34.559+0000][1][safepoint    ] Leaving safepoint region
[2019-12-08T10:08:34.559+0000][1][safepoint    ] Total time for which application threads were stopped: 0.0000761 seconds, Stopping threads took: 0.0000185 seconds
[2019-12-08T10:08:35.559+0000][1][safepoint    ] Application time: 1.0000763 seconds
[2019-12-08T10:08:35.559+0000][1][safepoint    ] Entering safepoint region: Cleanup
[2019-12-08T10:08:35.560+0000][1][safepoint    ] Leaving safepoint region
[2019-12-08T10:08:35.560+0000][1][safepoint    ] Total time for which application threads were stopped: 0.0000719 seconds, Stopping threads took: 0.0000161 seconds
[2019-12-08T10:08:36.560+0000][1][safepoint    ] Application time: 1.0000802 seconds
[2019-12-08T10:08:36.560+0000][1][safepoint    ] Entering safepoint region: Cleanup
[2019-12-08T10:08:36.560+0000][1][safepoint    ] Leaving safepoint region
[2019-12-08T10:08:36.560+0000][1][safepoint    ] Total time for which application threads were stopped: 0.0000829 seconds, Stopping threads took: 0.0000172 seconds
[2019-12-08T10:08:37.560+0000][1][safepoint    ] Application time: 1.0000784 seconds
[2019-12-08T10:08:37.560+0000][1][safepoint    ] Entering safepoint region: Cleanup
[2019-12-08T10:08:37.560+0000][1][safepoint    ] Leaving safepoint region
[2019-12-08T10:08:37.560+0000][1][safepoint    ] Total time for which application threads were stopped: 0.0000719 seconds, Stopping threads took: 0.0000172 seconds
[2019-12-08T10:08:38.560+0000][1][safepoint    ] Application time: 1.0000932 seconds
[2019-12-08T10:08:38.560+0000][1][safepoint    ] Entering safepoint region: Cleanup
[2019-12-08T10:08:38.560+0000][1][safepoint    ] Leaving safepoint region
[2019-12-08T10:08:38.560+0000][1][safepoint    ] Total time for which application threads were stopped: 0.0000713 seconds, Stopping threads took: 0.0000163 seconds
[2019-12-08T10:08:39.560+0000][1][safepoint    ] Application time: 1.0000804 seconds
[2019-12-08T10:08:39.560+0000][1][safepoint    ] Entering safepoint region: Cleanup
[2019-12-08T10:08:39.560+0000][1][safepoint    ] Leaving safepoint region
[2019-12-08T10:08:39.560+0000][1][safepoint    ] Total time for which application threads were stopped: 0.0000832 seconds, Stopping threads took: 0.0000245 seconds
[2019-12-08T10:08:40.560+0000][1][safepoint    ] Application time: 1.0000781 seconds
[2019-12-08T10:08:40.560+0000][1][safepoint    ] Entering safepoint region: Cleanup
[2019-12-08T10:08:40.560+0000][1][safepoint    ] Leaving safepoint region
[2019-12-08T10:08:40.560+0000][1][safepoint    ] Total time for which application threads were stopped: 0.0000751 seconds, Stopping threads took: 0.0000181 seconds
[2019-12-08T10:08:41.561+0000][1][safepoint    ] Application time: 1.0000797 seconds
[2019-12-08T10:08:41.561+0000][1][safepoint    ] Entering safepoint region: Cleanup
[2019-12-08T10:08:41.561+0000][1][safepoint    ] Leaving safepoint region
[2019-12-08T10:08:41.561+0000][1][safepoint    ] Total time for which application threads were stopped: 0.0000859 seconds, Stopping threads took: 0.0000190 seconds
[2019-12-08T10:08:42.973+0000][1][safepoint    ] Application time: 1.4119093 seconds
[2019-12-08T10:08:42.973+0000][1][safepoint    ] Entering safepoint region: Cleanup
[2019-12-08T10:08:42.973+0000][1][safepoint    ] Leaving safepoint region
[2019-12-08T10:08:42.973+0000][1][safepoint    ] Total time for which application threads were stopped: 0.0001050 seconds, Stopping threads took: 0.0000204 seconds
[2019-12-08T10:08:43.973+0000][1][safepoint    ] Application time: 1.0000773 seconds
[2019-12-08T10:08:43.973+0000][1][safepoint    ] Entering safepoint region: Cleanup
[2019-12-08T10:08:43.973+0000][1][safepoint    ] Leaving safepoint region
[2019-12-08T10:08:43.973+0000][1][safepoint    ] Total time for which application threads were stopped: 0.0000758 seconds, Stopping threads took: 0.0000166 seconds
[2019-12-08T10:08:44.973+0000][1][safepoint    ] Application time: 1.0000834 seconds
[2019-12-08T10:08:44.973+0000][1][safepoint    ] Entering safepoint region: Cleanup
[2019-12-08T10:08:44.973+0000][1][safepoint    ] Leaving safepoint region
[2019-12-08T10:08:44.973+0000][1][safepoint    ] Total time for which application threads were stopped: 0.0000790 seconds, Stopping threads took: 0.0000192 seconds
[2019-12-08T10:08:45.973+0000][1][safepoint    ] Application time: 1.0000784 seconds
[2019-12-08T10:08:45.973+0000][1][safepoint    ] Entering safepoint region: Cleanup
[2019-12-08T10:08:45.973+0000][1][safepoint    ] Leaving safepoint region
[2019-12-08T10:08:45.973+0000][1][safepoint    ] Total time for which application threads were stopped: 0.0000780 seconds, Stopping threads took: 0.0000182 seconds
[2019-12-08T10:08:46.973+0000][1][safepoint    ] Application time: 1.0000806 seconds
[2019-12-08T10:08:46.973+0000][1][safepoint    ] Entering safepoint region: Cleanup
[2019-12-08T10:08:46.974+0000][1][safepoint    ] Leaving safepoint region
[2019-12-08T10:08:46.974+0000][1][safepoint    ] Total time for which application threads were stopped: 0.0000767 seconds, Stopping threads took: 0.0000180 seconds
[2019-12-08T10:08:47.974+0000][1][safepoint    ] Application time: 1.0000779 seconds
[2019-12-08T10:08:47.974+0000][1][safepoint    ] Entering safepoint region: Cleanup
[2019-12-08T10:08:47.974+0000][1][safepoint    ] Leaving safepoint region
[2019-12-08T10:08:47.974+0000][1][safepoint    ] Total time for which application threads were stopped: 0.0000943 seconds, Stopping threads took: 0.0000297 seconds
[2019-12-08T10:08:48.974+0000][1][safepoint    ] Application time: 1.0000772 seconds
[2019-12-08T10:08:48.974+0000][1][safepoint    ] Entering safepoint region: Cleanup
[2019-12-08T10:08:48.974+0000][1][safepoint    ] Leaving safepoint region
[2019-12-08T10:08:48.974+0000][1][safepoint    ] Total time for which application threads were stopped: 0.0000747 seconds, Stopping threads took: 0.0000167 seconds
[2019-12-08T10:08:49.974+0000][1][safepoint    ] Application time: 1.0000764 seconds
[2019-12-08T10:08:49.974+0000][1][safepoint    ] Entering safepoint region: Cleanup
[2019-12-08T10:08:49.974+0000][1][safepoint    ] Leaving safepoint region
[2019-12-08T10:08:49.974+0000][1][safepoint    ] Total time for which application threads were stopped: 0.0000857 seconds, Stopping threads took: 0.0000256 seconds
[2019-12-08T10:08:50.974+0000][1][safepoint    ] Application time: 1.0000743 seconds
[2019-12-08T10:08:50.974+0000][1][safepoint    ] Entering safepoint region: Cleanup
[2019-12-08T10:08:50.974+0000][1][safepoint    ] Leaving safepoint region
[2019-12-08T10:08:50.974+0000][1][safepoint    ] Total time for which application threads were stopped: 0.0000791 seconds, Stopping threads took: 0.0000184 seconds
[2019-12-08T10:08:51.974+0000][1][safepoint    ] Application time: 1.0000797 seconds
[2019-12-08T10:08:51.975+0000][1][safepoint    ] Entering safepoint region: Cleanup
[2019-12-08T10:08:51.975+0000][1][safepoint    ] Leaving safepoint region
[2019-12-08T10:08:51.975+0000][1][safepoint    ] Total time for which application threads were stopped: 0.0000792 seconds, Stopping threads took: 0.0000186 seconds
[2019-12-08T10:08:52.975+0000][1][safepoint    ] Application time: 1.0000784 seconds
[2019-12-08T10:08:52.975+0000][1][safepoint    ] Entering safepoint region: Cleanup
[2019-12-08T10:08:52.975+0000][1][safepoint    ] Leaving safepoint region
[2019-12-08T10:08:52.975+0000][1][safepoint    ] Total time for which application threads were stopped: 0.0000743 seconds, Stopping threads took: 0.0000169 seconds
[2019-12-08T10:08:53.975+0000][1][safepoint    ] Application time: 1.0000823 seconds
[2019-12-08T10:08:53.975+0000][1][safepoint    ] Entering safepoint region: Cleanup
[2019-12-08T10:08:53.975+0000][1][safepoint    ] Leaving safepoint region
[2019-12-08T10:08:53.975+0000][1][safepoint    ] Total time for which application threads were stopped: 0.0000790 seconds, Stopping threads took: 0.0000175 seconds
[2019-12-08T10:08:54.975+0000][1][safepoint    ] Application time: 1.0000793 seconds
[2019-12-08T10:08:54.975+0000][1][safepoint    ] Entering safepoint region: Cleanup
[2019-12-08T10:08:54.975+0000][1][safepoint    ] Leaving safepoint region
[2019-12-08T10:08:54.975+0000][1][safepoint    ] Total time for which application threads were stopped: 0.0000796 seconds, Stopping threads took: 0.0000184 seconds
[2019-12-08T10:08:55.975+0000][1][safepoint    ] Application time: 1.0000793 seconds
[2019-12-08T10:08:55.975+0000][1][safepoint    ] Entering safepoint region: Cleanup
[2019-12-08T10:08:55.975+0000][1][safepoint    ] Leaving safepoint region
[2019-12-08T10:08:55.975+0000][1][safepoint    ] Total time for which application threads were stopped: 0.0000762 seconds, Stopping threads took: 0.0000179 seconds
[2019-12-08T10:08:56.975+0000][1][safepoint    ] Application time: 1.0000800 seconds
[2019-12-08T10:08:56.976+0000][1][safepoint    ] Entering safepoint region: Cleanup
[2019-12-08T10:08:56.976+0000][1][safepoint    ] Leaving safepoint region
[2019-12-08T10:08:56.976+0000][1][safepoint    ] Total time for which application threads were stopped: 0.0000823 seconds, Stopping threads took: 0.0000195 seconds
[2019-12-08T10:08:57.976+0000][1][safepoint    ] Application time: 1.0000771 seconds
[2019-12-08T10:08:57.976+0000][1][safepoint    ] Entering safepoint region: Cleanup
[2019-12-08T10:08:57.976+0000][1][safepoint    ] Leaving safepoint region
[2019-12-08T10:08:57.976+0000][1][safepoint    ] Total time for which application threads were stopped: 0.0000781 seconds, Stopping threads took: 0.0000182 seconds
[2019-12-08T10:08:58.976+0000][1][safepoint    ] Application time: 1.0000770 seconds
[2019-12-08T10:08:58.976+0000][1][safepoint    ] Entering safepoint region: Cleanup
[2019-12-08T10:08:58.976+0000][1][safepoint    ] Leaving safepoint region
[2019-12-08T10:08:58.976+0000][1][safepoint    ] Total time for which application threads were stopped: 0.0000762 seconds, Stopping threads took: 0.0000166 seconds
[2019-12-08T10:08:59.976+0000][1][safepoint    ] Application time: 1.0000767 seconds
[2019-12-08T10:08:59.976+0000][1][safepoint    ] Entering safepoint region: Cleanup
[2019-12-08T10:08:59.976+0000][1][safepoint    ] Leaving safepoint region
[2019-12-08T10:08:59.976+0000][1][safepoint    ] Total time for which application threads were stopped: 0.0000797 seconds, Stopping threads took: 0.0000183 seconds
[2019-12-08T10:09:00.976+0000][1][safepoint    ] Application time: 1.0000790 seconds
[2019-12-08T10:09:00.976+0000][1][safepoint    ] Entering safepoint region: Cleanup
[2019-12-08T10:09:00.976+0000][1][safepoint    ] Leaving safepoint region
[2019-12-08T10:09:00.976+0000][1][safepoint    ] Total time for which application threads were stopped: 0.0000812 seconds, Stopping threads took: 0.0000185 seconds
[2019-12-08T10:09:01.976+0000][1][safepoint    ] Application time: 1.0000755 seconds
[2019-12-08T10:09:01.977+0000][1][safepoint    ] Entering safepoint region: Cleanup
[2019-12-08T10:09:01.977+0000][1][safepoint    ] Leaving safepoint region
[2019-12-08T10:09:01.977+0000][1][safepoint    ] Total time for which application threads were stopped: 0.0000800 seconds, Stopping threads took: 0.0000186 seconds
[2019-12-08T10:09:02.977+0000][1][safepoint    ] Application time: 1.0000766 seconds
[2019-12-08T10:09:02.977+0000][1][safepoint    ] Entering safepoint region: Cleanup
[2019-12-08T10:09:02.977+0000][1][safepoint    ] Leaving safepoint region
[2019-12-08T10:09:02.977+0000][1][safepoint    ] Total time for which application threads were stopped: 0.0000787 seconds, Stopping threads took: 0.0000185 seconds
[2019-12-08T10:09:03.977+0000][1][safepoint    ] Application time: 1.0000758 seconds
[2019-12-08T10:09:03.977+0000][1][safepoint    ] Entering safepoint region: Cleanup
[2019-12-08T10:09:03.977+0000][1][safepoint    ] Leaving safepoint region
[2019-12-08T10:09:03.977+0000][1][safepoint    ] Total time for which application threads were stopped: 0.0000772 seconds, Stopping threads took: 0.0000170 seconds
[2019-12-08T10:09:04.977+0000][1][safepoint    ] Application time: 1.0000780 seconds
[2019-12-08T10:09:04.977+0000][1][safepoint    ] Entering safepoint region: Cleanup
[2019-12-08T10:09:04.977+0000][1][safepoint    ] Leaving safepoint region
[2019-12-08T10:09:04.977+0000][1][safepoint    ] Total time for which application threads were stopped: 0.0000781 seconds, Stopping threads took: 0.0000182 seconds
[2019-12-08T10:09:05.977+0000][1][safepoint    ] Application time: 1.0000848 seconds
[2019-12-08T10:09:05.977+0000][1][safepoint    ] Entering safepoint region: Cleanup
[2019-12-08T10:09:05.977+0000][1][safepoint    ] Leaving safepoint region
[2019-12-08T10:09:05.977+0000][1][safepoint    ] Total time for which application threads were stopped: 0.0000784 seconds, Stopping threads took: 0.0000178 seconds
[2019-12-08T10:09:06.977+0000][1][safepoint    ] Application time: 1.0000765 seconds
[2019-12-08T10:09:06.978+0000][1][safepoint    ] Entering safepoint region: Cleanup
[2019-12-08T10:09:06.978+0000][1][safepoint    ] Leaving safepoint region
[2019-12-08T10:09:06.978+0000][1][safepoint    ] Total time for which application threads were stopped: 0.0000792 seconds, Stopping threads took: 0.0000179 seconds
[2019-12-08T10:09:07.978+0000][1][safepoint    ] Application time: 1.0000798 seconds
[2019-12-08T10:09:07.978+0000][1][safepoint    ] Entering safepoint region: Cleanup
[2019-12-08T10:09:07.978+0000][1][safepoint    ] Leaving safepoint region
[2019-12-08T10:09:07.978+0000][1][safepoint    ] Total time for which application threads were stopped: 0.0000776 seconds, Stopping threads took: 0.0000189 seconds
[2019-12-08T10:09:08.978+0000][1][safepoint    ] Application time: 1.0000794 seconds
[2019-12-08T10:09:08.978+0000][1][safepoint    ] Entering safepoint region: Cleanup
[2019-12-08T10:09:08.978+0000][1][safepoint    ] Leaving safepoint region
[2019-12-08T10:09:08.978+0000][1][safepoint    ] Total time for which application threads were stopped: 0.0000756 seconds, Stopping threads took: 0.0000182 seconds
[2019-12-08T10:09:09.978+0000][1][safepoint    ] Application time: 1.0000779 seconds
[2019-12-08T10:09:09.978+0000][1][safepoint    ] Entering safepoint region: Cleanup
[2019-12-08T10:09:09.978+0000][1][safepoint    ] Leaving safepoint region
[2019-12-08T10:09:09.978+0000][1][safepoint    ] Total time for which application threads were stopped: 0.0000811 seconds, Stopping threads took: 0.0000201 seconds
[2019-12-08T10:09:10.978+0000][1][safepoint    ] Application time: 1.0000768 seconds
[2019-12-08T10:09:10.978+0000][1][safepoint    ] Entering safepoint region: Cleanup
[2019-12-08T10:09:10.978+0000][1][safepoint    ] Leaving safepoint region
[2019-12-08T10:09:10.978+0000][1][safepoint    ] Total time for which application threads were stopped: 0.0000738 seconds, Stopping threads took: 0.0000172 seconds
[2019-12-08T10:09:11.978+0000][1][safepoint    ] Application time: 1.0000780 seconds
[2019-12-08T10:09:11.979+0000][1][safepoint    ] Entering safepoint region: Cleanup
[2019-12-08T10:09:11.979+0000][1][safepoint    ] Leaving safepoint region
[2019-12-08T10:09:11.979+0000][1][safepoint    ] Total time for which application threads were stopped: 0.0000777 seconds, Stopping threads took: 0.0000184 seconds
[2019-12-08T10:09:12.979+0000][1][safepoint    ] Application time: 1.0000782 seconds
[2019-12-08T10:09:12.979+0000][1][safepoint    ] Entering safepoint region: Cleanup
[2019-12-08T10:09:12.979+0000][1][safepoint    ] Leaving safepoint region
[2019-12-08T10:09:12.979+0000][1][safepoint    ] Total time for which application threads were stopped: 0.0000769 seconds, Stopping threads took: 0.0000178 seconds
[2019-12-08T10:09:13.979+0000][1][safepoint    ] Application time: 1.0000776 seconds
[2019-12-08T10:09:13.979+0000][1][safepoint    ] Entering safepoint region: Cleanup
[2019-12-08T10:09:13.979+0000][1][safepoint    ] Leaving safepoint region
[2019-12-08T10:09:13.979+0000][1][safepoint    ] Total time for which application threads were stopped: 0.0000788 seconds, Stopping threads took: 0.0000182 seconds
[2019-12-08T10:09:14.979+0000][1][safepoint    ] Application time: 1.0000840 seconds
[2019-12-08T10:09:14.979+0000][1][safepoint    ] Entering safepoint region: Cleanup
[2019-12-08T10:09:14.979+0000][1][safepoint    ] Leaving safepoint region
[2019-12-08T10:09:14.979+0000][1][safepoint    ] Total time for which application threads were stopped: 0.0000766 seconds, Stopping threads took: 0.0000179 seconds
[2019-12-08T10:09:15.979+0000][1][safepoint    ] Application time: 1.0000902 seconds
[2019-12-08T10:09:15.979+0000][1][safepoint    ] Entering safepoint region: Cleanup
[2019-12-08T10:09:15.979+0000][1][safepoint    ] Leaving safepoint region
[2019-12-08T10:09:15.979+0000][1][safepoint    ] Total time for which application threads were stopped: 0.0000793 seconds, Stopping threads took: 0.0000191 seconds
[2019-12-08T10:09:16.979+0000][1][safepoint    ] Application time: 1.0000851 seconds
[2019-12-08T10:09:16.980+0000][1][safepoint    ] Entering safepoint region: Cleanup
[2019-12-08T10:09:16.980+0000][1][safepoint    ] Leaving safepoint region
[2019-12-08T10:09:16.980+0000][1][safepoint    ] Total time for which application threads were stopped: 0.0000717 seconds, Stopping threads took: 0.0000169 seconds
[2019-12-08T10:09:17.980+0000][1][safepoint    ] Application time: 1.0000964 seconds
[2019-12-08T10:09:17.980+0000][1][safepoint    ] Entering safepoint region: Cleanup
[2019-12-08T10:09:17.980+0000][1][safepoint    ] Leaving safepoint region
[2019-12-08T10:09:17.980+0000][1][safepoint    ] Total time for which application threads were stopped: 0.0000803 seconds, Stopping threads took: 0.0000186 seconds
[2019-12-08T10:09:18.980+0000][1][safepoint    ] Application time: 1.0000856 seconds
[2019-12-08T10:09:18.980+0000][1][safepoint    ] Entering safepoint region: Cleanup
[2019-12-08T10:09:18.980+0000][1][safepoint    ] Leaving safepoint region
[2019-12-08T10:09:18.980+0000][1][safepoint    ] Total time for which application threads were stopped: 0.0001010 seconds, Stopping threads took: 0.0000175 seconds
[2019-12-08T10:09:19.980+0000][1][safepoint    ] Application time: 1.0000850 seconds
[2019-12-08T10:09:19.980+0000][1][safepoint    ] Entering safepoint region: Cleanup
[2019-12-08T10:09:19.980+0000][1][safepoint    ] Leaving safepoint region
[2019-12-08T10:09:19.980+0000][1][safepoint    ] Total time for which application threads were stopped: 0.0000851 seconds, Stopping threads took: 0.0000261 seconds
[2019-12-08T10:09:20.980+0000][1][safepoint    ] Application time: 1.0000837 seconds
[2019-12-08T10:09:20.980+0000][1][safepoint    ] Entering safepoint region: Cleanup
[2019-12-08T10:09:20.980+0000][1][safepoint    ] Leaving safepoint region
[2019-12-08T10:09:20.980+0000][1][safepoint    ] Total time for which application threads were stopped: 0.0000776 seconds, Stopping threads took: 0.0000187 seconds
[2019-12-08T10:09:21.981+0000][1][safepoint    ] Application time: 1.0000865 seconds
[2019-12-08T10:09:21.981+0000][1][safepoint    ] Entering safepoint region: Cleanup
[2019-12-08T10:09:21.981+0000][1][safepoint    ] Leaving safepoint region
[2019-12-08T10:09:21.981+0000][1][safepoint    ] Total time for which application threads were stopped: 0.0000852 seconds, Stopping threads took: 0.0000195 seconds
[2019-12-08T10:09:22.981+0000][1][safepoint    ] Application time: 1.0000876 seconds
[2019-12-08T10:09:22.981+0000][1][safepoint    ] Entering safepoint region: Cleanup
[2019-12-08T10:09:22.981+0000][1][safepoint    ] Leaving safepoint region
[2019-12-08T10:09:22.981+0000][1][safepoint    ] Total time for which application threads were stopped: 0.0000781 seconds, Stopping threads took: 0.0000174 seconds
[2019-12-08T10:09:23.981+0000][1][safepoint    ] Application time: 1.0000855 seconds
[2019-12-08T10:09:23.981+0000][1][safepoint    ] Entering safepoint region: Cleanup
[2019-12-08T10:09:23.981+0000][1][safepoint    ] Leaving safepoint region
[2019-12-08T10:09:23.981+0000][1][safepoint    ] Total time for which application threads were stopped: 0.0000792 seconds, Stopping threads took: 0.0000162 seconds
[2019-12-08T10:09:24.981+0000][1][safepoint    ] Application time: 1.0000887 seconds
[2019-12-08T10:09:24.981+0000][1][safepoint    ] Entering safepoint region: Cleanup
[2019-12-08T10:09:24.981+0000][1][safepoint    ] Leaving safepoint region
[2019-12-08T10:09:24.981+0000][1][safepoint    ] Total time for which application threads were stopped: 0.0000791 seconds, Stopping threads took: 0.0000198 seconds
[2019-12-08T10:09:25.584+0000][1][safepoint    ] Application time: 0.6022933 seconds
[2019-12-08T10:09:25.584+0000][1][safepoint    ] Entering safepoint region: GenCollectForAllocation
[2019-12-08T10:09:25.584+0000][1][gc,start     ] GC(30) Pause Young (Allocation Failure)
[2019-12-08T10:09:25.584+0000][1][gc,task      ] GC(30) Using 4 workers of 4 for evacuation
[2019-12-08T10:09:25.587+0000][1][gc,age       ] GC(30) Desired survivor size 4456448 bytes, new threshold 6 (max threshold 6)
[2019-12-08T10:09:25.587+0000][1][gc,age       ] GC(30) Age table with threshold 6 (max threshold 6)
[2019-12-08T10:09:25.587+0000][1][gc,age       ] GC(30) - age   1:       6816 bytes,       6816 total
[2019-12-08T10:09:25.587+0000][1][gc,age       ] GC(30) - age   2:       1184 bytes,       8000 total
[2019-12-08T10:09:25.587+0000][1][gc,age       ] GC(30) - age   3:       5784 bytes,      13784 total
[2019-12-08T10:09:25.587+0000][1][gc,age       ] GC(30) - age   4:       4056 bytes,      17840 total
[2019-12-08T10:09:25.587+0000][1][gc,age       ] GC(30) - age   5:       3328 bytes,      21168 total
[2019-12-08T10:09:25.587+0000][1][gc,age       ] GC(30) - age   6:       5408 bytes,      26576 total
[2019-12-08T10:09:25.587+0000][1][gc,heap      ] GC(30) ParNew: 71371K->450K(78656K)
[2019-12-08T10:09:25.587+0000][1][gc,heap      ] GC(30) CMS: 70436K->71015K(174784K)
[2019-12-08T10:09:25.587+0000][1][gc,metaspace ] GC(30) Metaspace: 69114K->69114K(1112064K)
[2019-12-08T10:09:25.587+0000][1][gc           ] GC(30) Pause Young (Allocation Failure) 138M->69M(247M) 2.858ms
[2019-12-08T10:09:25.587+0000][1][gc,cpu       ] GC(30) User=0.00s Sys=0.00s Real=0.00s
[2019-12-08T10:09:25.587+0000][1][safepoint    ] Leaving safepoint region
[2019-12-08T10:09:25.587+0000][1][safepoint    ] Total time for which application threads were stopped: 0.0030630 seconds, Stopping threads took: 0.0000396 seconds
[2019-12-08T10:09:26.587+0000][1][safepoint    ] Application time: 1.0000873 seconds
[2019-12-08T10:09:26.587+0000][1][safepoint    ] Entering safepoint region: Cleanup
[2019-12-08T10:09:26.587+0000][1][safepoint    ] Leaving safepoint region
[2019-12-08T10:09:26.587+0000][1][safepoint    ] Total time for which application threads were stopped: 0.0000724 seconds, Stopping threads took: 0.0000171 seconds
[2019-12-08T10:09:27.587+0000][1][safepoint    ] Application time: 1.0000786 seconds
[2019-12-08T10:09:27.587+0000][1][safepoint    ] Entering safepoint region: Cleanup
[2019-12-08T10:09:27.587+0000][1][safepoint    ] Leaving safepoint region
[2019-12-08T10:09:27.587+0000][1][safepoint    ] Total time for which application threads were stopped: 0.0000819 seconds, Stopping threads took: 0.0000207 seconds
[2019-12-08T10:09:28.587+0000][1][safepoint    ] Application time: 1.0000770 seconds
[2019-12-08T10:09:28.587+0000][1][safepoint    ] Entering safepoint region: Cleanup
[2019-12-08T10:09:28.587+0000][1][safepoint    ] Leaving safepoint region
[2019-12-08T10:09:28.587+0000][1][safepoint    ] Total time for which application threads were stopped: 0.0000945 seconds, Stopping threads took: 0.0000335 seconds
[2019-12-08T10:09:29.587+0000][1][safepoint    ] Application time: 1.0000827 seconds
[2019-12-08T10:09:29.587+0000][1][safepoint    ] Entering safepoint region: Cleanup
[2019-12-08T10:09:29.588+0000][1][safepoint    ] Leaving safepoint region
[2019-12-08T10:09:29.588+0000][1][safepoint    ] Total time for which application threads were stopped: 0.0000744 seconds, Stopping threads took: 0.0000169 seconds
[2019-12-08T10:09:30.588+0000][1][safepoint    ] Application time: 1.0000800 seconds
[2019-12-08T10:09:30.588+0000][1][safepoint    ] Entering safepoint region: Cleanup
[2019-12-08T10:09:30.588+0000][1][safepoint    ] Leaving safepoint region
[2019-12-08T10:09:30.588+0000][1][safepoint    ] Total time for which application threads were stopped: 0.0000864 seconds, Stopping threads took: 0.0000180 seconds
[2019-12-08T10:09:31.588+0000][1][safepoint    ] Application time: 1.0000783 seconds
[2019-12-08T10:09:31.588+0000][1][safepoint    ] Entering safepoint region: Cleanup
[2019-12-08T10:09:31.588+0000][1][safepoint    ] Leaving safepoint region
[2019-12-08T10:09:31.588+0000][1][safepoint    ] Total time for which application threads were stopped: 0.0000722 seconds, Stopping threads took: 0.0000165 seconds
[2019-12-08T10:09:32.588+0000][1][safepoint    ] Application time: 1.0000800 seconds
[2019-12-08T10:09:32.588+0000][1][safepoint    ] Entering safepoint region: Cleanup
[2019-12-08T10:09:32.588+0000][1][safepoint    ] Leaving safepoint region
[2019-12-08T10:09:32.588+0000][1][safepoint    ] Total time for which application threads were stopped: 0.0000763 seconds, Stopping threads took: 0.0000171 seconds
[2019-12-08T10:09:33.588+0000][1][safepoint    ] Application time: 1.0000865 seconds
[2019-12-08T10:09:33.588+0000][1][safepoint    ] Entering safepoint region: Cleanup
[2019-12-08T10:09:33.588+0000][1][safepoint    ] Leaving safepoint region
[2019-12-08T10:09:33.588+0000][1][safepoint    ] Total time for which application threads were stopped: 0.0001168 seconds, Stopping threads took: 0.0000349 seconds
[2019-12-08T10:09:34.588+0000][1][safepoint    ] Application time: 1.0000918 seconds
[2019-12-08T10:09:34.588+0000][1][safepoint    ] Entering safepoint region: Cleanup
[2019-12-08T10:09:34.589+0000][1][safepoint    ] Leaving safepoint region
[2019-12-08T10:09:34.589+0000][1][safepoint    ] Total time for which application threads were stopped: 0.0000770 seconds, Stopping threads took: 0.0000193 seconds
[2019-12-08T10:09:35.589+0000][1][safepoint    ] Application time: 1.0000949 seconds
[2019-12-08T10:09:35.589+0000][1][safepoint    ] Entering safepoint region: Cleanup
[2019-12-08T10:09:35.589+0000][1][safepoint    ] Leaving safepoint region
[2019-12-08T10:09:35.589+0000][1][safepoint    ] Total time for which application threads were stopped: 0.0000923 seconds, Stopping threads took: 0.0000362 seconds
[2019-12-08T10:09:36.589+0000][1][safepoint    ] Application time: 1.0000823 seconds
[2019-12-08T10:09:36.589+0000][1][safepoint    ] Entering safepoint region: Cleanup
[2019-12-08T10:09:36.589+0000][1][safepoint    ] Leaving safepoint region
[2019-12-08T10:09:36.589+0000][1][safepoint    ] Total time for which application threads were stopped: 0.0000745 seconds, Stopping threads took: 0.0000175 seconds
[2019-12-08T10:09:37.589+0000][1][safepoint    ] Application time: 1.0000827 seconds
[2019-12-08T10:09:37.589+0000][1][safepoint    ] Entering safepoint region: Cleanup
[2019-12-08T10:09:37.589+0000][1][safepoint    ] Leaving safepoint region
[2019-12-08T10:09:37.589+0000][1][safepoint    ] Total time for which application threads were stopped: 0.0000761 seconds, Stopping threads took: 0.0000172 seconds
[2019-12-08T10:09:38.589+0000][1][safepoint    ] Application time: 1.0000746 seconds
[2019-12-08T10:09:38.589+0000][1][safepoint    ] Entering safepoint region: Cleanup
[2019-12-08T10:09:38.589+0000][1][safepoint    ] Leaving safepoint region
[2019-12-08T10:09:38.589+0000][1][safepoint    ] Total time for which application threads were stopped: 0.0000809 seconds, Stopping threads took: 0.0000243 seconds
[2019-12-08T10:09:39.589+0000][1][safepoint    ] Application time: 1.0000818 seconds
[2019-12-08T10:09:39.589+0000][1][safepoint    ] Entering safepoint region: Cleanup
[2019-12-08T10:09:39.590+0000][1][safepoint    ] Leaving safepoint region
[2019-12-08T10:09:39.590+0000][1][safepoint    ] Total time for which application threads were stopped: 0.0000976 seconds, Stopping threads took: 0.0000233 seconds
[2019-12-08T10:09:40.590+0000][1][safepoint    ] Application time: 1.0000813 seconds
[2019-12-08T10:09:40.590+0000][1][safepoint    ] Entering safepoint region: Cleanup
[2019-12-08T10:09:40.590+0000][1][safepoint    ] Leaving safepoint region
[2019-12-08T10:09:40.590+0000][1][safepoint    ] Total time for which application threads were stopped: 0.0000954 seconds, Stopping threads took: 0.0000236 seconds
[2019-12-08T10:09:41.590+0000][1][safepoint    ] Application time: 1.0000771 seconds
[2019-12-08T10:09:41.590+0000][1][safepoint    ] Entering safepoint region: Cleanup
[2019-12-08T10:09:41.590+0000][1][safepoint    ] Leaving safepoint region
[2019-12-08T10:09:41.590+0000][1][safepoint    ] Total time for which application threads were stopped: 0.0000767 seconds, Stopping threads took: 0.0000182 seconds
[2019-12-08T10:09:42.590+0000][1][safepoint    ] Application time: 1.0000961 seconds
[2019-12-08T10:09:42.590+0000][1][safepoint    ] Entering safepoint region: Cleanup
[2019-12-08T10:09:42.590+0000][1][safepoint    ] Leaving safepoint region
[2019-12-08T10:09:42.590+0000][1][safepoint    ] Total time for which application threads were stopped: 0.0000919 seconds, Stopping threads took: 0.0000181 seconds
[2019-12-08T10:09:43.590+0000][1][safepoint    ] Application time: 1.0000790 seconds
[2019-12-08T10:09:43.590+0000][1][safepoint    ] Entering safepoint region: Cleanup
[2019-12-08T10:09:43.590+0000][1][safepoint    ] Leaving safepoint region
[2019-12-08T10:09:43.590+0000][1][safepoint    ] Total time for which application threads were stopped: 0.0000760 seconds, Stopping threads took: 0.0000179 seconds
[2019-12-08T10:09:44.590+0000][1][safepoint    ] Application time: 1.0000778 seconds
[2019-12-08T10:09:44.590+0000][1][safepoint    ] Entering safepoint region: Cleanup
[2019-12-08T10:09:44.590+0000][1][safepoint    ] Leaving safepoint region
[2019-12-08T10:09:44.590+0000][1][safepoint    ] Total time for which application threads were stopped: 0.0000749 seconds, Stopping threads took: 0.0000185 seconds
[2019-12-08T10:09:45.591+0000][1][safepoint    ] Application time: 1.0000796 seconds
[2019-12-08T10:09:45.591+0000][1][safepoint    ] Entering safepoint region: Cleanup
[2019-12-08T10:09:45.591+0000][1][safepoint    ] Leaving safepoint region
[2019-12-08T10:09:45.591+0000][1][safepoint    ] Total time for which application threads were stopped: 0.0000958 seconds, Stopping threads took: 0.0000209 seconds
[2019-12-08T10:09:46.591+0000][1][safepoint    ] Application time: 1.0000790 seconds
[2019-12-08T10:09:46.591+0000][1][safepoint    ] Entering safepoint region: Cleanup
[2019-12-08T10:09:46.591+0000][1][safepoint    ] Leaving safepoint region
[2019-12-08T10:09:46.591+0000][1][safepoint    ] Total time for which application threads were stopped: 0.0000802 seconds, Stopping threads took: 0.0000188 seconds
[2019-12-08T10:09:47.591+0000][1][safepoint    ] Application time: 1.0000805 seconds
[2019-12-08T10:09:47.591+0000][1][safepoint    ] Entering safepoint region: Cleanup
[2019-12-08T10:09:47.591+0000][1][safepoint    ] Leaving safepoint region
[2019-12-08T10:09:47.591+0000][1][safepoint    ] Total time for which application threads were stopped: 0.0000823 seconds, Stopping threads took: 0.0000192 seconds
[2019-12-08T10:09:48.591+0000][1][safepoint    ] Application time: 1.0000771 seconds
[2019-12-08T10:09:48.591+0000][1][safepoint    ] Entering safepoint region: Cleanup
[2019-12-08T10:09:48.591+0000][1][safepoint    ] Leaving safepoint region
[2019-12-08T10:09:48.591+0000][1][safepoint    ] Total time for which application threads were stopped: 0.0000875 seconds, Stopping threads took: 0.0000193 seconds
[2019-12-08T10:09:49.591+0000][1][safepoint    ] Application time: 1.0000786 seconds
[2019-12-08T10:09:49.591+0000][1][safepoint    ] Entering safepoint region: Cleanup
[2019-12-08T10:09:49.592+0000][1][safepoint    ] Leaving safepoint region
[2019-12-08T10:09:49.592+0000][1][safepoint    ] Total time for which application threads were stopped: 0.0000836 seconds, Stopping threads took: 0.0000203 seconds
[2019-12-08T10:09:50.592+0000][1][safepoint    ] Application time: 1.0000755 seconds
[2019-12-08T10:09:50.592+0000][1][safepoint    ] Entering safepoint region: Cleanup
[2019-12-08T10:09:50.592+0000][1][safepoint    ] Leaving safepoint region
[2019-12-08T10:09:50.592+0000][1][safepoint    ] Total time for which application threads were stopped: 0.0000891 seconds, Stopping threads took: 0.0000202 seconds
[2019-12-08T10:09:51.592+0000][1][safepoint    ] Application time: 1.0000754 seconds
[2019-12-08T10:09:51.592+0000][1][safepoint    ] Entering safepoint region: Cleanup
[2019-12-08T10:09:51.592+0000][1][safepoint    ] Leaving safepoint region
[2019-12-08T10:09:51.592+0000][1][safepoint    ] Total time for which application threads were stopped: 0.0000808 seconds, Stopping threads took: 0.0000195 seconds
[2019-12-08T10:09:52.592+0000][1][safepoint    ] Application time: 1.0000753 seconds
[2019-12-08T10:09:52.592+0000][1][safepoint    ] Entering safepoint region: Cleanup
[2019-12-08T10:09:52.592+0000][1][safepoint    ] Leaving safepoint region
[2019-12-08T10:09:52.592+0000][1][safepoint    ] Total time for which application threads were stopped: 0.0000784 seconds, Stopping threads took: 0.0000192 seconds
[2019-12-08T10:09:53.592+0000][1][safepoint    ] Application time: 1.0000771 seconds
[2019-12-08T10:09:53.592+0000][1][safepoint    ] Entering safepoint region: Cleanup
[2019-12-08T10:09:53.592+0000][1][safepoint    ] Leaving safepoint region
[2019-12-08T10:09:53.592+0000][1][safepoint    ] Total time for which application threads were stopped: 0.0000768 seconds, Stopping threads took: 0.0000183 seconds
[2019-12-08T10:09:54.592+0000][1][safepoint    ] Application time: 1.0000761 seconds
[2019-12-08T10:09:54.592+0000][1][safepoint    ] Entering safepoint region: Cleanup
[2019-12-08T10:09:54.593+0000][1][safepoint    ] Leaving safepoint region
[2019-12-08T10:09:54.593+0000][1][safepoint    ] Total time for which application threads were stopped: 0.0000795 seconds, Stopping threads took: 0.0000198 seconds
[2019-12-08T10:09:55.593+0000][1][safepoint    ] Application time: 1.0000753 seconds
[2019-12-08T10:09:55.593+0000][1][safepoint    ] Entering safepoint region: Cleanup
[2019-12-08T10:09:55.593+0000][1][safepoint    ] Leaving safepoint region
[2019-12-08T10:09:55.593+0000][1][safepoint    ] Total time for which application threads were stopped: 0.0000830 seconds, Stopping threads took: 0.0000172 seconds
[2019-12-08T10:09:56.593+0000][1][safepoint    ] Application time: 1.0000785 seconds
[2019-12-08T10:09:56.593+0000][1][safepoint    ] Entering safepoint region: Cleanup
[2019-12-08T10:09:56.593+0000][1][safepoint    ] Leaving safepoint region
[2019-12-08T10:09:56.593+0000][1][safepoint    ] Total time for which application threads were stopped: 0.0000776 seconds, Stopping threads took: 0.0000194 seconds
[2019-12-08T10:09:57.593+0000][1][safepoint    ] Application time: 1.0000758 seconds
[2019-12-08T10:09:57.593+0000][1][safepoint    ] Entering safepoint region: Cleanup
[2019-12-08T10:09:57.593+0000][1][safepoint    ] Leaving safepoint region
[2019-12-08T10:09:57.593+0000][1][safepoint    ] Total time for which application threads were stopped: 0.0000789 seconds, Stopping threads took: 0.0000208 seconds
[2019-12-08T10:09:58.593+0000][1][safepoint    ] Application time: 1.0000763 seconds
[2019-12-08T10:09:58.593+0000][1][safepoint    ] Entering safepoint region: Cleanup
[2019-12-08T10:09:58.593+0000][1][safepoint    ] Leaving safepoint region
[2019-12-08T10:09:58.593+0000][1][safepoint    ] Total time for which application threads were stopped: 0.0000833 seconds, Stopping threads took: 0.0000185 seconds
[2019-12-08T10:09:59.593+0000][1][safepoint    ] Application time: 1.0000791 seconds
[2019-12-08T10:09:59.593+0000][1][safepoint    ] Entering safepoint region: Cleanup
[2019-12-08T10:09:59.594+0000][1][safepoint    ] Leaving safepoint region
[2019-12-08T10:09:59.594+0000][1][safepoint    ] Total time for which application threads were stopped: 0.0000758 seconds, Stopping threads took: 0.0000190 seconds
[2019-12-08T10:10:00.594+0000][1][safepoint    ] Application time: 1.0000790 seconds
[2019-12-08T10:10:00.594+0000][1][safepoint    ] Entering safepoint region: Cleanup
[2019-12-08T10:10:00.594+0000][1][safepoint    ] Leaving safepoint region
[2019-12-08T10:10:00.594+0000][1][safepoint    ] Total time for which application threads were stopped: 0.0000954 seconds, Stopping threads took: 0.0000270 seconds
[2019-12-08T10:10:01.594+0000][1][safepoint    ] Application time: 1.0000844 seconds
[2019-12-08T10:10:01.594+0000][1][safepoint    ] Entering safepoint region: Cleanup
[2019-12-08T10:10:01.594+0000][1][safepoint    ] Leaving safepoint region
[2019-12-08T10:10:01.594+0000][1][safepoint    ] Total time for which application threads were stopped: 0.0001104 seconds, Stopping threads took: 0.0000275 seconds
[2019-12-08T10:10:02.594+0000][1][safepoint    ] Application time: 1.0000770 seconds
[2019-12-08T10:10:02.594+0000][1][safepoint    ] Entering safepoint region: Cleanup
[2019-12-08T10:10:02.594+0000][1][safepoint    ] Leaving safepoint region
[2019-12-08T10:10:02.594+0000][1][safepoint    ] Total time for which application threads were stopped: 0.0000767 seconds, Stopping threads took: 0.0000186 seconds
[2019-12-08T10:10:03.594+0000][1][safepoint    ] Application time: 1.0000809 seconds
[2019-12-08T10:10:03.594+0000][1][safepoint    ] Entering safepoint region: Cleanup
[2019-12-08T10:10:03.594+0000][1][safepoint    ] Leaving safepoint region
[2019-12-08T10:10:03.594+0000][1][safepoint    ] Total time for which application threads were stopped: 0.0000787 seconds, Stopping threads took: 0.0000191 seconds
[2019-12-08T10:10:04.594+0000][1][safepoint    ] Application time: 1.0000794 seconds
[2019-12-08T10:10:04.595+0000][1][safepoint    ] Entering safepoint region: Cleanup
[2019-12-08T10:10:04.595+0000][1][safepoint    ] Leaving safepoint region
[2019-12-08T10:10:04.595+0000][1][safepoint    ] Total time for which application threads were stopped: 0.0000841 seconds, Stopping threads took: 0.0000212 seconds
[2019-12-08T10:10:05.595+0000][1][safepoint    ] Application time: 1.0000908 seconds
[2019-12-08T10:10:05.595+0000][1][safepoint    ] Entering safepoint region: Cleanup
[2019-12-08T10:10:05.595+0000][1][safepoint    ] Leaving safepoint region
[2019-12-08T10:10:05.595+0000][1][safepoint    ] Total time for which application threads were stopped: 0.0000776 seconds, Stopping threads took: 0.0000180 seconds
[2019-12-08T10:10:06.595+0000][1][safepoint    ] Application time: 1.0000793 seconds
[2019-12-08T10:10:06.595+0000][1][safepoint    ] Entering safepoint region: Cleanup
[2019-12-08T10:10:06.595+0000][1][safepoint    ] Leaving safepoint region
[2019-12-08T10:10:06.595+0000][1][safepoint    ] Total time for which application threads were stopped: 0.0000783 seconds, Stopping threads took: 0.0000185 seconds
[2019-12-08T10:10:07.610+0000][1][safepoint    ] Application time: 1.0146800 seconds
[2019-12-08T10:10:07.610+0000][1][safepoint    ] Entering safepoint region: Cleanup
[2019-12-08T10:10:07.610+0000][1][safepoint    ] Leaving safepoint region
[2019-12-08T10:10:07.610+0000][1][safepoint    ] Total time for which application threads were stopped: 0.0001207 seconds, Stopping threads took: 0.0000508 seconds
[2019-12-08T10:10:08.610+0000][1][safepoint    ] Application time: 1.0000861 seconds
[2019-12-08T10:10:08.610+0000][1][safepoint    ] Entering safepoint region: Cleanup
[2019-12-08T10:10:08.610+0000][1][safepoint    ] Leaving safepoint region
[2019-12-08T10:10:08.610+0000][1][safepoint    ] Total time for which application threads were stopped: 0.0000858 seconds, Stopping threads took: 0.0000182 seconds
[2019-12-08T10:10:09.610+0000][1][safepoint    ] Application time: 1.0000481 seconds
[2019-12-08T10:10:09.610+0000][1][safepoint    ] Entering safepoint region: Cleanup
[2019-12-08T10:10:09.610+0000][1][safepoint    ] Leaving safepoint region
[2019-12-08T10:10:09.610+0000][1][safepoint    ] Total time for which application threads were stopped: 0.0000783 seconds, Stopping threads took: 0.0000195 seconds
[2019-12-08T10:10:10.610+0000][1][safepoint    ] Application time: 1.0000769 seconds
[2019-12-08T10:10:10.610+0000][1][safepoint    ] Entering safepoint region: Cleanup
[2019-12-08T10:10:10.610+0000][1][safepoint    ] Leaving safepoint region
[2019-12-08T10:10:10.610+0000][1][safepoint    ] Total time for which application threads were stopped: 0.0000783 seconds, Stopping threads took: 0.0000192 seconds
[2019-12-08T10:10:11.611+0000][1][safepoint    ] Application time: 1.0000759 seconds
[2019-12-08T10:10:11.611+0000][1][safepoint    ] Entering safepoint region: Cleanup
[2019-12-08T10:10:11.611+0000][1][safepoint    ] Leaving safepoint region
[2019-12-08T10:10:11.611+0000][1][safepoint    ] Total time for which application threads were stopped: 0.0000774 seconds, Stopping threads took: 0.0000179 seconds
[2019-12-08T10:10:12.611+0000][1][safepoint    ] Application time: 1.0000469 seconds
[2019-12-08T10:10:12.611+0000][1][safepoint    ] Entering safepoint region: Cleanup
[2019-12-08T10:10:12.611+0000][1][safepoint    ] Leaving safepoint region
[2019-12-08T10:10:12.611+0000][1][safepoint    ] Total time for which application threads were stopped: 0.0000791 seconds, Stopping threads took: 0.0000202 seconds
[2019-12-08T10:10:13.611+0000][1][safepoint    ] Application time: 1.0000759 seconds
[2019-12-08T10:10:13.611+0000][1][safepoint    ] Entering safepoint region: Cleanup
[2019-12-08T10:10:13.611+0000][1][safepoint    ] Leaving safepoint region
[2019-12-08T10:10:13.611+0000][1][safepoint    ] Total time for which application threads were stopped: 0.0000757 seconds, Stopping threads took: 0.0000180 seconds
[2019-12-08T10:10:14.611+0000][1][safepoint    ] Application time: 1.0000757 seconds
[2019-12-08T10:10:14.611+0000][1][safepoint    ] Entering safepoint region: Cleanup
[2019-12-08T10:10:14.611+0000][1][safepoint    ] Leaving safepoint region
[2019-12-08T10:10:14.611+0000][1][safepoint    ] Total time for which application threads were stopped: 0.0000885 seconds, Stopping threads took: 0.0000194 seconds
[2019-12-08T10:10:15.611+0000][1][safepoint    ] Application time: 1.0000764 seconds
[2019-12-08T10:10:15.611+0000][1][safepoint    ] Entering safepoint region: Cleanup
[2019-12-08T10:10:15.611+0000][1][safepoint    ] Leaving safepoint region
[2019-12-08T10:10:15.611+0000][1][safepoint    ] Total time for which application threads were stopped: 0.0000766 seconds, Stopping threads took: 0.0000183 seconds
[2019-12-08T10:10:16.612+0000][1][safepoint    ] Application time: 1.0000766 seconds
[2019-12-08T10:10:16.612+0000][1][safepoint    ] Entering safepoint region: Cleanup
[2019-12-08T10:10:16.612+0000][1][safepoint    ] Leaving safepoint region
[2019-12-08T10:10:16.612+0000][1][safepoint    ] Total time for which application threads were stopped: 0.0000776 seconds, Stopping threads took: 0.0000185 seconds
[2019-12-08T10:10:17.612+0000][1][safepoint    ] Application time: 1.0000769 seconds
[2019-12-08T10:10:17.612+0000][1][safepoint    ] Entering safepoint region: Cleanup
[2019-12-08T10:10:17.612+0000][1][safepoint    ] Leaving safepoint region
[2019-12-08T10:10:17.612+0000][1][safepoint    ] Total time for which application threads were stopped: 0.0000756 seconds, Stopping threads took: 0.0000176 seconds
[2019-12-08T10:10:18.612+0000][1][safepoint    ] Application time: 1.0000807 seconds
[2019-12-08T10:10:18.612+0000][1][safepoint    ] Entering safepoint region: Cleanup
[2019-12-08T10:10:18.612+0000][1][safepoint    ] Leaving safepoint region
[2019-12-08T10:10:18.612+0000][1][safepoint    ] Total time for which application threads were stopped: 0.0000766 seconds, Stopping threads took: 0.0000186 seconds
[2019-12-08T10:10:19.612+0000][1][safepoint    ] Application time: 1.0000780 seconds
[2019-12-08T10:10:19.612+0000][1][safepoint    ] Entering safepoint region: Cleanup
[2019-12-08T10:10:19.612+0000][1][safepoint    ] Leaving safepoint region
[2019-12-08T10:10:19.612+0000][1][safepoint    ] Total time for which application threads were stopped: 0.0000840 seconds, Stopping threads took: 0.0000188 seconds
[2019-12-08T10:10:20.612+0000][1][safepoint    ] Application time: 1.0000774 seconds
[2019-12-08T10:10:20.612+0000][1][safepoint    ] Entering safepoint region: Cleanup
[2019-12-08T10:10:20.612+0000][1][safepoint    ] Leaving safepoint region
[2019-12-08T10:10:20.612+0000][1][safepoint    ] Total time for which application threads were stopped: 0.0000740 seconds, Stopping threads took: 0.0000176 seconds
[2019-12-08T10:10:21.613+0000][1][safepoint    ] Application time: 1.0000787 seconds
[2019-12-08T10:10:21.613+0000][1][safepoint    ] Entering safepoint region: Cleanup
[2019-12-08T10:10:21.613+0000][1][safepoint    ] Leaving safepoint region
[2019-12-08T10:10:21.613+0000][1][safepoint    ] Total time for which application threads were stopped: 0.0000787 seconds, Stopping threads took: 0.0000193 seconds
[2019-12-08T10:10:22.613+0000][1][safepoint    ] Application time: 1.0000811 seconds
[2019-12-08T10:10:22.613+0000][1][safepoint    ] Entering safepoint region: Cleanup
[2019-12-08T10:10:22.613+0000][1][safepoint    ] Leaving safepoint region
[2019-12-08T10:10:22.613+0000][1][safepoint    ] Total time for which application threads were stopped: 0.0000746 seconds, Stopping threads took: 0.0000182 seconds
[2019-12-08T10:10:23.613+0000][1][safepoint    ] Application time: 1.0000780 seconds
[2019-12-08T10:10:23.613+0000][1][safepoint    ] Entering safepoint region: Cleanup
[2019-12-08T10:10:23.613+0000][1][safepoint    ] Leaving safepoint region
[2019-12-08T10:10:23.613+0000][1][safepoint    ] Total time for which application threads were stopped: 0.0000772 seconds, Stopping threads took: 0.0000182 seconds
[2019-12-08T10:10:23.889+0000][1][safepoint    ] Application time: 0.2759286 seconds
[2019-12-08T10:10:23.889+0000][1][safepoint    ] Entering safepoint region: RevokeBias
[2019-12-08T10:10:23.889+0000][1][safepoint    ] Leaving safepoint region
[2019-12-08T10:10:23.889+0000][1][safepoint    ] Total time for which application threads were stopped: 0.0001133 seconds, Stopping threads took: 0.0000170 seconds
[2019-12-08T10:10:24.889+0000][1][safepoint    ] Application time: 1.0000873 seconds
[2019-12-08T10:10:24.889+0000][1][safepoint    ] Entering safepoint region: Cleanup
[2019-12-08T10:10:24.889+0000][1][safepoint    ] Leaving safepoint region
[2019-12-08T10:10:24.889+0000][1][safepoint    ] Total time for which application threads were stopped: 0.0000788 seconds, Stopping threads took: 0.0000176 seconds
[2019-12-08T10:10:25.889+0000][1][safepoint    ] Application time: 1.0000749 seconds
[2019-12-08T10:10:25.889+0000][1][safepoint    ] Entering safepoint region: Cleanup
[2019-12-08T10:10:25.889+0000][1][safepoint    ] Leaving safepoint region
[2019-12-08T10:10:25.889+0000][1][safepoint    ] Total time for which application threads were stopped: 0.0000725 seconds, Stopping threads took: 0.0000168 seconds
[2019-12-08T10:10:26.890+0000][1][safepoint    ] Application time: 1.0000793 seconds
[2019-12-08T10:10:26.890+0000][1][safepoint    ] Entering safepoint region: Cleanup
[2019-12-08T10:10:26.890+0000][1][safepoint    ] Leaving safepoint region
[2019-12-08T10:10:26.890+0000][1][safepoint    ] Total time for which application threads were stopped: 0.0000731 seconds, Stopping threads took: 0.0000176 seconds
[2019-12-08T10:10:27.890+0000][1][safepoint    ] Application time: 1.0000846 seconds
[2019-12-08T10:10:27.890+0000][1][safepoint    ] Entering safepoint region: Cleanup
[2019-12-08T10:10:27.890+0000][1][safepoint    ] Leaving safepoint region
[2019-12-08T10:10:27.890+0000][1][safepoint    ] Total time for which application threads were stopped: 0.0000789 seconds, Stopping threads took: 0.0000187 seconds
[2019-12-08T10:10:28.890+0000][1][safepoint    ] Application time: 1.0000774 seconds
[2019-12-08T10:10:28.890+0000][1][safepoint    ] Entering safepoint region: Cleanup
[2019-12-08T10:10:28.890+0000][1][safepoint    ] Leaving safepoint region
[2019-12-08T10:10:28.890+0000][1][safepoint    ] Total time for which application threads were stopped: 0.0000964 seconds, Stopping threads took: 0.0000408 seconds
[2019-12-08T10:10:29.890+0000][1][safepoint    ] Application time: 1.0000790 seconds
[2019-12-08T10:10:29.890+0000][1][safepoint    ] Entering safepoint region: Cleanup
[2019-12-08T10:10:29.890+0000][1][safepoint    ] Leaving safepoint region
[2019-12-08T10:10:29.890+0000][1][safepoint    ] Total time for which application threads were stopped: 0.0000759 seconds, Stopping threads took: 0.0000186 seconds
[2019-12-08T10:10:30.890+0000][1][safepoint    ] Application time: 1.0000800 seconds
[2019-12-08T10:10:30.890+0000][1][safepoint    ] Entering safepoint region: Cleanup
[2019-12-08T10:10:30.890+0000][1][safepoint    ] Leaving safepoint region
[2019-12-08T10:10:30.890+0000][1][safepoint    ] Total time for which application threads were stopped: 0.0000755 seconds, Stopping threads took: 0.0000191 seconds
[2019-12-08T10:10:31.891+0000][1][safepoint    ] Application time: 1.0000782 seconds
[2019-12-08T10:10:31.891+0000][1][safepoint    ] Entering safepoint region: Cleanup
[2019-12-08T10:10:31.891+0000][1][safepoint    ] Leaving safepoint region
[2019-12-08T10:10:31.891+0000][1][safepoint    ] Total time for which application threads were stopped: 0.0000735 seconds, Stopping threads took: 0.0000181 seconds
[2019-12-08T10:10:32.891+0000][1][safepoint    ] Application time: 1.0000797 seconds
[2019-12-08T10:10:32.891+0000][1][safepoint    ] Entering safepoint region: Cleanup
[2019-12-08T10:10:32.891+0000][1][safepoint    ] Leaving safepoint region
[2019-12-08T10:10:32.891+0000][1][safepoint    ] Total time for which application threads were stopped: 0.0000738 seconds, Stopping threads took: 0.0000176 seconds
[2019-12-08T10:10:34.674+0000][1][safepoint    ] Application time: 1.7830674 seconds
[2019-12-08T10:10:34.674+0000][1][safepoint    ] Entering safepoint region: Cleanup
[2019-12-08T10:10:34.674+0000][1][safepoint    ] Leaving safepoint region
[2019-12-08T10:10:34.674+0000][1][safepoint    ] Total time for which application threads were stopped: 0.0000721 seconds, Stopping threads took: 0.0000182 seconds
[2019-12-08T10:10:35.674+0000][1][safepoint    ] Application time: 1.0000776 seconds
[2019-12-08T10:10:35.674+0000][1][safepoint    ] Entering safepoint region: Cleanup
[2019-12-08T10:10:35.674+0000][1][safepoint    ] Leaving safepoint region
[2019-12-08T10:10:35.674+0000][1][safepoint    ] Total time for which application threads were stopped: 0.0000706 seconds, Stopping threads took: 0.0000169 seconds
[2019-12-08T10:10:36.674+0000][1][safepoint    ] Application time: 1.0000782 seconds
[2019-12-08T10:10:36.674+0000][1][safepoint    ] Entering safepoint region: Cleanup
[2019-12-08T10:10:36.674+0000][1][safepoint    ] Leaving safepoint region
[2019-12-08T10:10:36.674+0000][1][safepoint    ] Total time for which application threads were stopped: 0.0000726 seconds, Stopping threads took: 0.0000190 seconds
[2019-12-08T10:10:37.674+0000][1][safepoint    ] Application time: 1.0000772 seconds
[2019-12-08T10:10:37.675+0000][1][safepoint    ] Entering safepoint region: Cleanup
[2019-12-08T10:10:37.675+0000][1][safepoint    ] Leaving safepoint region
[2019-12-08T10:10:37.675+0000][1][safepoint    ] Total time for which application threads were stopped: 0.0000729 seconds, Stopping threads took: 0.0000177 seconds
[2019-12-08T10:10:38.675+0000][1][safepoint    ] Application time: 1.0000768 seconds
[2019-12-08T10:10:38.675+0000][1][safepoint    ] Entering safepoint region: Cleanup
[2019-12-08T10:10:38.675+0000][1][safepoint    ] Leaving safepoint region
[2019-12-08T10:10:38.675+0000][1][safepoint    ] Total time for which application threads were stopped: 0.0000744 seconds, Stopping threads took: 0.0000197 seconds
[2019-12-08T10:10:39.675+0000][1][safepoint    ] Application time: 1.0000759 seconds
[2019-12-08T10:10:39.675+0000][1][safepoint    ] Entering safepoint region: Cleanup
[2019-12-08T10:10:39.675+0000][1][safepoint    ] Leaving safepoint region
[2019-12-08T10:10:39.675+0000][1][safepoint    ] Total time for which application threads were stopped: 0.0000737 seconds, Stopping threads took: 0.0000176 seconds
[2019-12-08T10:10:40.675+0000][1][safepoint    ] Application time: 1.0000756 seconds
[2019-12-08T10:10:40.675+0000][1][safepoint    ] Entering safepoint region: Cleanup
[2019-12-08T10:10:40.675+0000][1][safepoint    ] Leaving safepoint region
[2019-12-08T10:10:40.675+0000][1][safepoint    ] Total time for which application threads were stopped: 0.0000760 seconds, Stopping threads took: 0.0000225 seconds
[2019-12-08T10:10:41.675+0000][1][safepoint    ] Application time: 1.0000761 seconds
[2019-12-08T10:10:41.675+0000][1][safepoint    ] Entering safepoint region: Cleanup
[2019-12-08T10:10:41.675+0000][1][safepoint    ] Leaving safepoint region
[2019-12-08T10:10:41.675+0000][1][safepoint    ] Total time for which application threads were stopped: 0.0000683 seconds, Stopping threads took: 0.0000172 seconds
[2019-12-08T10:10:42.675+0000][1][safepoint    ] Application time: 1.0000782 seconds
[2019-12-08T10:10:42.675+0000][1][safepoint    ] Entering safepoint region: Cleanup
[2019-12-08T10:10:42.676+0000][1][safepoint    ] Leaving safepoint region
[2019-12-08T10:10:42.676+0000][1][safepoint    ] Total time for which application threads were stopped: 0.0000720 seconds, Stopping threads took: 0.0000186 seconds
[2019-12-08T10:10:43.676+0000][1][safepoint    ] Application time: 1.0000791 seconds
[2019-12-08T10:10:43.676+0000][1][safepoint    ] Entering safepoint region: Cleanup
[2019-12-08T10:10:43.676+0000][1][safepoint    ] Leaving safepoint region
[2019-12-08T10:10:43.676+0000][1][safepoint    ] Total time for which application threads were stopped: 0.0000788 seconds, Stopping threads took: 0.0000167 seconds
[2019-12-08T10:10:44.676+0000][1][safepoint    ] Application time: 1.0000765 seconds
[2019-12-08T10:10:44.676+0000][1][safepoint    ] Entering safepoint region: Cleanup
[2019-12-08T10:10:44.676+0000][1][safepoint    ] Leaving safepoint region
[2019-12-08T10:10:44.676+0000][1][safepoint    ] Total time for which application threads were stopped: 0.0000759 seconds, Stopping threads took: 0.0000177 seconds
[2019-12-08T10:10:45.676+0000][1][safepoint    ] Application time: 1.0000817 seconds
[2019-12-08T10:10:45.676+0000][1][safepoint    ] Entering safepoint region: Cleanup
[2019-12-08T10:10:45.676+0000][1][safepoint    ] Leaving safepoint region
[2019-12-08T10:10:45.676+0000][1][safepoint    ] Total time for which application threads were stopped: 0.0000737 seconds, Stopping threads took: 0.0000195 seconds
[2019-12-08T10:10:46.676+0000][1][safepoint    ] Application time: 1.0000758 seconds
[2019-12-08T10:10:46.676+0000][1][safepoint    ] Entering safepoint region: Cleanup
[2019-12-08T10:10:46.676+0000][1][safepoint    ] Leaving safepoint region
[2019-12-08T10:10:46.676+0000][1][safepoint    ] Total time for which application threads were stopped: 0.0000713 seconds, Stopping threads took: 0.0000178 seconds
[2019-12-08T10:10:47.676+0000][1][safepoint    ] Application time: 1.0000768 seconds
[2019-12-08T10:10:47.676+0000][1][safepoint    ] Entering safepoint region: Cleanup
[2019-12-08T10:10:47.676+0000][1][safepoint    ] Leaving safepoint region
[2019-12-08T10:10:47.676+0000][1][safepoint    ] Total time for which application threads were stopped: 0.0000685 seconds, Stopping threads took: 0.0000167 seconds
[2019-12-08T10:10:48.677+0000][1][safepoint    ] Application time: 1.0000784 seconds
[2019-12-08T10:10:48.677+0000][1][safepoint    ] Entering safepoint region: Cleanup
[2019-12-08T10:10:48.677+0000][1][safepoint    ] Leaving safepoint region
[2019-12-08T10:10:48.677+0000][1][safepoint    ] Total time for which application threads were stopped: 0.0000742 seconds, Stopping threads took: 0.0000186 seconds
[2019-12-08T10:10:49.677+0000][1][safepoint    ] Application time: 1.0000877 seconds
[2019-12-08T10:10:49.677+0000][1][safepoint    ] Entering safepoint region: Cleanup
[2019-12-08T10:10:49.677+0000][1][safepoint    ] Leaving safepoint region
[2019-12-08T10:10:49.677+0000][1][safepoint    ] Total time for which application threads were stopped: 0.0000719 seconds, Stopping threads took: 0.0000182 seconds
[2019-12-08T10:10:50.677+0000][1][safepoint    ] Application time: 1.0000764 seconds
[2019-12-08T10:10:50.677+0000][1][safepoint    ] Entering safepoint region: Cleanup
[2019-12-08T10:10:50.677+0000][1][safepoint    ] Leaving safepoint region
[2019-12-08T10:10:50.677+0000][1][safepoint    ] Total time for which application threads were stopped: 0.0000767 seconds, Stopping threads took: 0.0000180 seconds
[2019-12-08T10:10:51.677+0000][1][safepoint    ] Application time: 1.0000785 seconds
[2019-12-08T10:10:51.677+0000][1][safepoint    ] Entering safepoint region: Cleanup
[2019-12-08T10:10:51.677+0000][1][safepoint    ] Leaving safepoint region
[2019-12-08T10:10:51.677+0000][1][safepoint    ] Total time for which application threads were stopped: 0.0000728 seconds, Stopping threads took: 0.0000176 seconds
[2019-12-08T10:10:52.677+0000][1][safepoint    ] Application time: 1.0000793 seconds
[2019-12-08T10:10:52.677+0000][1][safepoint    ] Entering safepoint region: Cleanup
[2019-12-08T10:10:52.677+0000][1][safepoint    ] Leaving safepoint region
[2019-12-08T10:10:52.677+0000][1][safepoint    ] Total time for which application threads were stopped: 0.0000705 seconds, Stopping threads took: 0.0000177 seconds
[2019-12-08T10:10:53.678+0000][1][safepoint    ] Application time: 1.0000950 seconds
[2019-12-08T10:10:53.678+0000][1][safepoint    ] Entering safepoint region: Cleanup
[2019-12-08T10:10:53.678+0000][1][safepoint    ] Leaving safepoint region
[2019-12-08T10:10:53.678+0000][1][safepoint    ] Total time for which application threads were stopped: 0.0001306 seconds, Stopping threads took: 0.0000260 seconds
[2019-12-08T10:10:54.678+0000][1][safepoint    ] Application time: 1.0000820 seconds
[2019-12-08T10:10:54.678+0000][1][safepoint    ] Entering safepoint region: Cleanup
[2019-12-08T10:10:54.678+0000][1][safepoint    ] Leaving safepoint region
[2019-12-08T10:10:54.678+0000][1][safepoint    ] Total time for which application threads were stopped: 0.0000739 seconds, Stopping threads took: 0.0000173 seconds
[2019-12-08T10:10:55.678+0000][1][safepoint    ] Application time: 1.0000792 seconds
[2019-12-08T10:10:55.678+0000][1][safepoint    ] Entering safepoint region: Cleanup
[2019-12-08T10:10:55.678+0000][1][safepoint    ] Leaving safepoint region
[2019-12-08T10:10:55.678+0000][1][safepoint    ] Total time for which application threads were stopped: 0.0000743 seconds, Stopping threads took: 0.0000194 seconds
[2019-12-08T10:10:56.678+0000][1][safepoint    ] Application time: 1.0000771 seconds
[2019-12-08T10:10:56.678+0000][1][safepoint    ] Entering safepoint region: Cleanup
[2019-12-08T10:10:56.678+0000][1][safepoint    ] Leaving safepoint region
[2019-12-08T10:10:56.678+0000][1][safepoint    ] Total time for which application threads were stopped: 0.0000710 seconds, Stopping threads took: 0.0000174 seconds
[2019-12-08T10:10:57.678+0000][1][safepoint    ] Application time: 1.0000799 seconds
[2019-12-08T10:10:57.678+0000][1][safepoint    ] Entering safepoint region: Cleanup
[2019-12-08T10:10:57.678+0000][1][safepoint    ] Leaving safepoint region
[2019-12-08T10:10:57.679+0000][1][safepoint    ] Total time for which application threads were stopped: 0.0000763 seconds, Stopping threads took: 0.0000183 seconds
[2019-12-08T10:10:58.679+0000][1][safepoint    ] Application time: 1.0000771 seconds
[2019-12-08T10:10:58.679+0000][1][safepoint    ] Entering safepoint region: Cleanup
[2019-12-08T10:10:58.679+0000][1][safepoint    ] Leaving safepoint region
[2019-12-08T10:10:58.679+0000][1][safepoint    ] Total time for which application threads were stopped: 0.0000828 seconds, Stopping threads took: 0.0000173 seconds
[2019-12-08T10:10:59.679+0000][1][safepoint    ] Application time: 1.0000775 seconds
[2019-12-08T10:10:59.679+0000][1][safepoint    ] Entering safepoint region: Cleanup
[2019-12-08T10:10:59.679+0000][1][safepoint    ] Leaving safepoint region
[2019-12-08T10:10:59.679+0000][1][safepoint    ] Total time for which application threads were stopped: 0.0000718 seconds, Stopping threads took: 0.0000179 seconds
[2019-12-08T10:11:00.679+0000][1][safepoint    ] Application time: 1.0000779 seconds
[2019-12-08T10:11:00.679+0000][1][safepoint    ] Entering safepoint region: Cleanup
[2019-12-08T10:11:00.679+0000][1][safepoint    ] Leaving safepoint region
[2019-12-08T10:11:00.679+0000][1][safepoint    ] Total time for which application threads were stopped: 0.0000745 seconds, Stopping threads took: 0.0000189 seconds
[2019-12-08T10:11:01.679+0000][1][safepoint    ] Application time: 1.0000898 seconds
[2019-12-08T10:11:01.679+0000][1][safepoint    ] Entering safepoint region: Cleanup
[2019-12-08T10:11:01.679+0000][1][safepoint    ] Leaving safepoint region
[2019-12-08T10:11:01.679+0000][1][safepoint    ] Total time for which application threads were stopped: 0.0000773 seconds, Stopping threads took: 0.0000215 seconds
[2019-12-08T10:11:02.679+0000][1][safepoint    ] Application time: 1.0000801 seconds
[2019-12-08T10:11:02.679+0000][1][safepoint    ] Entering safepoint region: Cleanup
[2019-12-08T10:11:02.679+0000][1][safepoint    ] Leaving safepoint region
[2019-12-08T10:11:02.679+0000][1][safepoint    ] Total time for which application threads were stopped: 0.0000725 seconds, Stopping threads took: 0.0000183 seconds
[2019-12-08T10:11:03.907+0000][1][safepoint    ] Application time: 1.2273667 seconds
[2019-12-08T10:11:03.907+0000][1][safepoint    ] Entering safepoint region: Cleanup
[2019-12-08T10:11:03.907+0000][1][safepoint    ] Leaving safepoint region
[2019-12-08T10:11:03.907+0000][1][safepoint    ] Total time for which application threads were stopped: 0.0000680 seconds, Stopping threads took: 0.0000150 seconds
[2019-12-08T10:11:04.907+0000][1][safepoint    ] Application time: 1.0000874 seconds
[2019-12-08T10:11:04.907+0000][1][safepoint    ] Entering safepoint region: Cleanup
[2019-12-08T10:11:04.907+0000][1][safepoint    ] Leaving safepoint region
[2019-12-08T10:11:04.907+0000][1][safepoint    ] Total time for which application threads were stopped: 0.0001002 seconds, Stopping threads took: 0.0000484 seconds
[2019-12-08T10:11:05.907+0000][1][safepoint    ] Application time: 1.0000822 seconds
[2019-12-08T10:11:05.907+0000][1][safepoint    ] Entering safepoint region: Cleanup
[2019-12-08T10:11:05.907+0000][1][safepoint    ] Leaving safepoint region
[2019-12-08T10:11:05.907+0000][1][safepoint    ] Total time for which application threads were stopped: 0.0000690 seconds, Stopping threads took: 0.0000152 seconds
[2019-12-08T10:11:06.907+0000][1][safepoint    ] Application time: 1.0000764 seconds
[2019-12-08T10:11:06.908+0000][1][safepoint    ] Entering safepoint region: Cleanup
[2019-12-08T10:11:06.908+0000][1][safepoint    ] Leaving safepoint region
[2019-12-08T10:11:06.908+0000][1][safepoint    ] Total time for which application threads were stopped: 0.0000734 seconds, Stopping threads took: 0.0000177 seconds
[2019-12-08T10:11:07.908+0000][1][safepoint    ] Application time: 1.0000773 seconds
[2019-12-08T10:11:07.908+0000][1][safepoint    ] Entering safepoint region: Cleanup
[2019-12-08T10:11:07.908+0000][1][safepoint    ] Leaving safepoint region
[2019-12-08T10:11:07.908+0000][1][safepoint    ] Total time for which application threads were stopped: 0.0000719 seconds, Stopping threads took: 0.0000171 seconds
[2019-12-08T10:11:08.908+0000][1][safepoint    ] Application time: 1.0000772 seconds
[2019-12-08T10:11:08.908+0000][1][safepoint    ] Entering safepoint region: Cleanup
[2019-12-08T10:11:08.908+0000][1][safepoint    ] Leaving safepoint region
[2019-12-08T10:11:08.908+0000][1][safepoint    ] Total time for which application threads were stopped: 0.0000691 seconds, Stopping threads took: 0.0000161 seconds
[2019-12-08T10:11:09.908+0000][1][safepoint    ] Application time: 1.0000769 seconds
[2019-12-08T10:11:09.908+0000][1][safepoint    ] Entering safepoint region: Cleanup
[2019-12-08T10:11:09.908+0000][1][safepoint    ] Leaving safepoint region
[2019-12-08T10:11:09.908+0000][1][safepoint    ] Total time for which application threads were stopped: 0.0000707 seconds, Stopping threads took: 0.0000171 seconds
[2019-12-08T10:11:10.908+0000][1][safepoint    ] Application time: 1.0000736 seconds
[2019-12-08T10:11:10.908+0000][1][safepoint    ] Entering safepoint region: Cleanup
[2019-12-08T10:11:10.908+0000][1][safepoint    ] Leaving safepoint region
[2019-12-08T10:11:10.908+0000][1][safepoint    ] Total time for which application threads were stopped: 0.0000656 seconds, Stopping threads took: 0.0000156 seconds
[2019-12-08T10:11:11.908+0000][1][safepoint    ] Application time: 1.0000757 seconds
[2019-12-08T10:11:11.908+0000][1][safepoint    ] Entering safepoint region: Cleanup
[2019-12-08T10:11:11.908+0000][1][safepoint    ] Leaving safepoint region
[2019-12-08T10:11:11.908+0000][1][safepoint    ] Total time for which application threads were stopped: 0.0000667 seconds, Stopping threads took: 0.0000159 seconds
[2019-12-08T10:11:12.909+0000][1][safepoint    ] Application time: 1.0000742 seconds
[2019-12-08T10:11:12.909+0000][1][safepoint    ] Entering safepoint region: Cleanup
[2019-12-08T10:11:12.909+0000][1][safepoint    ] Leaving safepoint region
[2019-12-08T10:11:12.909+0000][1][safepoint    ] Total time for which application threads were stopped: 0.0000661 seconds, Stopping threads took: 0.0000157 seconds
[2019-12-08T10:11:13.909+0000][1][safepoint    ] Application time: 1.0000809 seconds
[2019-12-08T10:11:13.909+0000][1][safepoint    ] Entering safepoint region: Cleanup
[2019-12-08T10:11:13.909+0000][1][safepoint    ] Leaving safepoint region
[2019-12-08T10:11:13.909+0000][1][safepoint    ] Total time for which application threads were stopped: 0.0000635 seconds, Stopping threads took: 0.0000136 seconds
[2019-12-08T10:11:14.909+0000][1][safepoint    ] Application time: 1.0000837 seconds
[2019-12-08T10:11:14.909+0000][1][safepoint    ] Entering safepoint region: Cleanup
[2019-12-08T10:11:14.909+0000][1][safepoint    ] Leaving safepoint region
[2019-12-08T10:11:14.909+0000][1][safepoint    ] Total time for which application threads were stopped: 0.0000697 seconds, Stopping threads took: 0.0000176 seconds
[2019-12-08T10:11:15.909+0000][1][safepoint    ] Application time: 1.0000772 seconds
[2019-12-08T10:11:15.909+0000][1][safepoint    ] Entering safepoint region: Cleanup
[2019-12-08T10:11:15.909+0000][1][safepoint    ] Leaving safepoint region
[2019-12-08T10:11:15.909+0000][1][safepoint    ] Total time for which application threads were stopped: 0.0000677 seconds, Stopping threads took: 0.0000165 seconds
[2019-12-08T10:11:16.909+0000][1][safepoint    ] Application time: 1.0000792 seconds
[2019-12-08T10:11:16.909+0000][1][safepoint    ] Entering safepoint region: Cleanup
[2019-12-08T10:11:16.909+0000][1][safepoint    ] Leaving safepoint region
[2019-12-08T10:11:16.909+0000][1][safepoint    ] Total time for which application threads were stopped: 0.0000687 seconds, Stopping threads took: 0.0000175 seconds
[2019-12-08T10:11:17.909+0000][1][safepoint    ] Application time: 1.0000804 seconds
[2019-12-08T10:11:17.910+0000][1][safepoint    ] Entering safepoint region: Cleanup
[2019-12-08T10:11:17.910+0000][1][safepoint    ] Leaving safepoint region
[2019-12-08T10:11:17.910+0000][1][safepoint    ] Total time for which application threads were stopped: 0.0000709 seconds, Stopping threads took: 0.0000159 seconds
[2019-12-08T10:11:18.910+0000][1][safepoint    ] Application time: 1.0000814 seconds
[2019-12-08T10:11:18.910+0000][1][safepoint    ] Entering safepoint region: Cleanup
[2019-12-08T10:11:18.910+0000][1][safepoint    ] Leaving safepoint region
[2019-12-08T10:11:18.910+0000][1][safepoint    ] Total time for which application threads were stopped: 0.0000665 seconds, Stopping threads took: 0.0000163 seconds
[2019-12-08T10:11:19.910+0000][1][safepoint    ] Application time: 1.0000763 seconds
[2019-12-08T10:11:19.910+0000][1][safepoint    ] Entering safepoint region: Cleanup
[2019-12-08T10:11:19.910+0000][1][safepoint    ] Leaving safepoint region
[2019-12-08T10:11:19.910+0000][1][safepoint    ] Total time for which application threads were stopped: 0.0000734 seconds, Stopping threads took: 0.0000154 seconds
[2019-12-08T10:11:20.910+0000][1][safepoint    ] Application time: 1.0000952 seconds
[2019-12-08T10:11:20.910+0000][1][safepoint    ] Entering safepoint region: Cleanup
[2019-12-08T10:11:20.910+0000][1][safepoint    ] Leaving safepoint region
[2019-12-08T10:11:20.910+0000][1][safepoint    ] Total time for which application threads were stopped: 0.0000684 seconds, Stopping threads took: 0.0000173 seconds
[2019-12-08T10:11:21.910+0000][1][safepoint    ] Application time: 1.0000780 seconds
[2019-12-08T10:11:21.910+0000][1][safepoint    ] Entering safepoint region: Cleanup
[2019-12-08T10:11:21.910+0000][1][safepoint    ] Leaving safepoint region
[2019-12-08T10:11:21.910+0000][1][safepoint    ] Total time for which application threads were stopped: 0.0000693 seconds, Stopping threads took: 0.0000169 seconds
[2019-12-08T10:11:22.910+0000][1][safepoint    ] Application time: 1.0000788 seconds
[2019-12-08T10:11:22.910+0000][1][safepoint    ] Entering safepoint region: Cleanup
[2019-12-08T10:11:22.911+0000][1][safepoint    ] Leaving safepoint region
[2019-12-08T10:11:22.911+0000][1][safepoint    ] Total time for which application threads were stopped: 0.0000772 seconds, Stopping threads took: 0.0000225 seconds
[2019-12-08T10:11:23.911+0000][1][safepoint    ] Application time: 1.0000816 seconds
[2019-12-08T10:11:23.911+0000][1][safepoint    ] Entering safepoint region: Cleanup
[2019-12-08T10:11:23.911+0000][1][safepoint    ] Leaving safepoint region
[2019-12-08T10:11:23.911+0000][1][safepoint    ] Total time for which application threads were stopped: 0.0000837 seconds, Stopping threads took: 0.0000280 seconds
[2019-12-08T10:11:24.911+0000][1][safepoint    ] Application time: 1.0000804 seconds
[2019-12-08T10:11:24.911+0000][1][safepoint    ] Entering safepoint region: Cleanup
[2019-12-08T10:11:24.911+0000][1][safepoint    ] Leaving safepoint region
[2019-12-08T10:11:24.911+0000][1][safepoint    ] Total time for which application threads were stopped: 0.0000700 seconds, Stopping threads took: 0.0000170 seconds
[2019-12-08T10:11:25.911+0000][1][safepoint    ] Application time: 1.0000761 seconds
[2019-12-08T10:11:25.911+0000][1][safepoint    ] Entering safepoint region: Cleanup
[2019-12-08T10:11:25.911+0000][1][safepoint    ] Leaving safepoint region
[2019-12-08T10:11:25.911+0000][1][safepoint    ] Total time for which application threads were stopped: 0.0000692 seconds, Stopping threads took: 0.0000171 seconds
[2019-12-08T10:11:26.911+0000][1][safepoint    ] Application time: 1.0000756 seconds
[2019-12-08T10:11:26.911+0000][1][safepoint    ] Entering safepoint region: Cleanup
[2019-12-08T10:11:26.911+0000][1][safepoint    ] Leaving safepoint region
[2019-12-08T10:11:26.911+0000][1][safepoint    ] Total time for which application threads were stopped: 0.0000712 seconds, Stopping threads took: 0.0000173 seconds
[2019-12-08T10:11:27.911+0000][1][safepoint    ] Application time: 1.0000750 seconds
[2019-12-08T10:11:27.911+0000][1][safepoint    ] Entering safepoint region: Cleanup
[2019-12-08T10:11:27.912+0000][1][safepoint    ] Leaving safepoint region
[2019-12-08T10:11:27.912+0000][1][safepoint    ] Total time for which application threads were stopped: 0.0000719 seconds, Stopping threads took: 0.0000180 seconds
[2019-12-08T10:11:28.912+0000][1][safepoint    ] Application time: 1.0000430 seconds
[2019-12-08T10:11:28.912+0000][1][safepoint    ] Entering safepoint region: Cleanup
[2019-12-08T10:11:28.912+0000][1][safepoint    ] Leaving safepoint region
[2019-12-08T10:11:28.912+0000][1][safepoint    ] Total time for which application threads were stopped: 0.0001343 seconds, Stopping threads took: 0.0000559 seconds
[2019-12-08T10:11:29.912+0000][1][safepoint    ] Application time: 1.0000897 seconds
[2019-12-08T10:11:29.912+0000][1][safepoint    ] Entering safepoint region: Cleanup
[2019-12-08T10:11:29.912+0000][1][safepoint    ] Leaving safepoint region
[2019-12-08T10:11:29.912+0000][1][safepoint    ] Total time for which application threads were stopped: 0.0000790 seconds, Stopping threads took: 0.0000255 seconds
[2019-12-08T10:11:30.912+0000][1][safepoint    ] Application time: 1.0000761 seconds
[2019-12-08T10:11:30.912+0000][1][safepoint    ] Entering safepoint region: Cleanup
[2019-12-08T10:11:30.912+0000][1][safepoint    ] Leaving safepoint region
[2019-12-08T10:11:30.912+0000][1][safepoint    ] Total time for which application threads were stopped: 0.0000684 seconds, Stopping threads took: 0.0000165 seconds
[2019-12-08T10:11:31.912+0000][1][safepoint    ] Application time: 1.0000775 seconds
[2019-12-08T10:11:31.912+0000][1][safepoint    ] Entering safepoint region: Cleanup
[2019-12-08T10:11:31.912+0000][1][safepoint    ] Leaving safepoint region
[2019-12-08T10:11:31.912+0000][1][safepoint    ] Total time for which application threads were stopped: 0.0000713 seconds, Stopping threads took: 0.0000169 seconds
[2019-12-08T10:11:32.912+0000][1][safepoint    ] Application time: 1.0000771 seconds
[2019-12-08T10:11:32.912+0000][1][safepoint    ] Entering safepoint region: Cleanup
[2019-12-08T10:11:32.912+0000][1][safepoint    ] Leaving safepoint region
[2019-12-08T10:11:32.912+0000][1][safepoint    ] Total time for which application threads were stopped: 0.0000683 seconds, Stopping threads took: 0.0000163 seconds
[2019-12-08T10:11:33.914+0000][1][safepoint    ] Application time: 1.0011792 seconds
[2019-12-08T10:11:33.914+0000][1][safepoint    ] Entering safepoint region: GenCollectForAllocation
[2019-12-08T10:11:33.914+0000][1][gc,start     ] GC(31) Pause Young (Allocation Failure)
[2019-12-08T10:11:33.914+0000][1][gc,task      ] GC(31) Using 4 workers of 4 for evacuation
[2019-12-08T10:11:33.915+0000][1][gc,age       ] GC(31) Desired survivor size 4456448 bytes, new threshold 6 (max threshold 6)
[2019-12-08T10:11:33.915+0000][1][gc,age       ] GC(31) Age table with threshold 6 (max threshold 6)
[2019-12-08T10:11:33.915+0000][1][gc,age       ] GC(31) - age   1:       6864 bytes,       6864 total
[2019-12-08T10:11:33.915+0000][1][gc,age       ] GC(31) - age   2:       3056 bytes,       9920 total
[2019-12-08T10:11:33.915+0000][1][gc,age       ] GC(31) - age   3:       1120 bytes,      11040 total
[2019-12-08T10:11:33.915+0000][1][gc,age       ] GC(31) - age   4:       5784 bytes,      16824 total
[2019-12-08T10:11:33.915+0000][1][gc,age       ] GC(31) - age   5:       4056 bytes,      20880 total
[2019-12-08T10:11:33.915+0000][1][gc,age       ] GC(31) - age   6:       3328 bytes,      24208 total
[2019-12-08T10:11:33.915+0000][1][gc,heap      ] GC(31) ParNew: 70402K->155K(78656K)
[2019-12-08T10:11:33.915+0000][1][gc,heap      ] GC(31) CMS: 71015K->71020K(174784K)
[2019-12-08T10:11:33.915+0000][1][gc,metaspace ] GC(31) Metaspace: 69116K->69116K(1112064K)
[2019-12-08T10:11:33.915+0000][1][gc           ] GC(31) Pause Young (Allocation Failure) 138M->69M(247M) 1.146ms
[2019-12-08T10:11:33.915+0000][1][gc,cpu       ] GC(31) User=0.00s Sys=0.00s Real=0.00s
[2019-12-08T10:11:33.915+0000][1][safepoint    ] Leaving safepoint region
[2019-12-08T10:11:33.915+0000][1][safepoint    ] Total time for which application threads were stopped: 0.0013106 seconds, Stopping threads took: 0.0000504 seconds
[2019-12-08T10:11:34.915+0000][1][safepoint    ] Application time: 1.0000899 seconds
[2019-12-08T10:11:34.915+0000][1][safepoint    ] Entering safepoint region: Cleanup
[2019-12-08T10:11:34.915+0000][1][safepoint    ] Leaving safepoint region
[2019-12-08T10:11:34.915+0000][1][safepoint    ] Total time for which application threads were stopped: 0.0000742 seconds, Stopping threads took: 0.0000169 seconds
[2019-12-08T10:11:35.915+0000][1][safepoint    ] Application time: 1.0000746 seconds
[2019-12-08T10:11:35.915+0000][1][safepoint    ] Entering safepoint region: Cleanup
[2019-12-08T10:11:35.915+0000][1][safepoint    ] Leaving safepoint region
[2019-12-08T10:11:35.915+0000][1][safepoint    ] Total time for which application threads were stopped: 0.0000795 seconds, Stopping threads took: 0.0000167 seconds
[2019-12-08T10:11:36.915+0000][1][safepoint    ] Application time: 1.0000755 seconds
[2019-12-08T10:11:36.916+0000][1][safepoint    ] Entering safepoint region: Cleanup
[2019-12-08T10:11:36.916+0000][1][safepoint    ] Leaving safepoint region
[2019-12-08T10:11:36.916+0000][1][safepoint    ] Total time for which application threads were stopped: 0.0000690 seconds, Stopping threads took: 0.0000172 seconds
[2019-12-08T10:11:37.916+0000][1][safepoint    ] Application time: 1.0000772 seconds
[2019-12-08T10:11:37.916+0000][1][safepoint    ] Entering safepoint region: Cleanup
[2019-12-08T10:11:37.916+0000][1][safepoint    ] Leaving safepoint region
[2019-12-08T10:11:37.916+0000][1][safepoint    ] Total time for which application threads were stopped: 0.0000716 seconds, Stopping threads took: 0.0000180 seconds
[2019-12-08T10:11:38.916+0000][1][safepoint    ] Application time: 1.0000771 seconds
[2019-12-08T10:11:38.916+0000][1][safepoint    ] Entering safepoint region: Cleanup
[2019-12-08T10:11:38.916+0000][1][safepoint    ] Leaving safepoint region
[2019-12-08T10:11:38.916+0000][1][safepoint    ] Total time for which application threads were stopped: 0.0001053 seconds, Stopping threads took: 0.0000453 seconds
[2019-12-08T10:11:39.916+0000][1][safepoint    ] Application time: 1.0000811 seconds
[2019-12-08T10:11:39.916+0000][1][safepoint    ] Entering safepoint region: Cleanup
[2019-12-08T10:11:39.916+0000][1][safepoint    ] Leaving safepoint region
[2019-12-08T10:11:39.916+0000][1][safepoint    ] Total time for which application threads were stopped: 0.0000756 seconds, Stopping threads took: 0.0000217 seconds
[2019-12-08T10:11:40.916+0000][1][safepoint    ] Application time: 1.0000738 seconds
[2019-12-08T10:11:40.916+0000][1][safepoint    ] Entering safepoint region: Cleanup
[2019-12-08T10:11:40.916+0000][1][safepoint    ] Leaving safepoint region
[2019-12-08T10:11:40.916+0000][1][safepoint    ] Total time for which application threads were stopped: 0.0000770 seconds, Stopping threads took: 0.0000228 seconds
[2019-12-08T10:11:41.916+0000][1][safepoint    ] Application time: 1.0000753 seconds
[2019-12-08T10:11:41.917+0000][1][safepoint    ] Entering safepoint region: Cleanup
[2019-12-08T10:11:41.917+0000][1][safepoint    ] Leaving safepoint region
[2019-12-08T10:11:41.917+0000][1][safepoint    ] Total time for which application threads were stopped: 0.0000705 seconds, Stopping threads took: 0.0000176 seconds
[2019-12-08T10:11:42.917+0000][1][safepoint    ] Application time: 1.0000738 seconds
[2019-12-08T10:11:42.917+0000][1][safepoint    ] Entering safepoint region: Cleanup
[2019-12-08T10:11:42.917+0000][1][safepoint    ] Leaving safepoint region
[2019-12-08T10:11:42.917+0000][1][safepoint    ] Total time for which application threads were stopped: 0.0000753 seconds, Stopping threads took: 0.0000254 seconds
[2019-12-08T10:11:43.917+0000][1][safepoint    ] Application time: 1.0000744 seconds
[2019-12-08T10:11:43.917+0000][1][safepoint    ] Entering safepoint region: Cleanup
[2019-12-08T10:11:43.917+0000][1][safepoint    ] Leaving safepoint region
[2019-12-08T10:11:43.917+0000][1][safepoint    ] Total time for which application threads were stopped: 0.0000696 seconds, Stopping threads took: 0.0000165 seconds
[2019-12-08T10:11:44.917+0000][1][safepoint    ] Application time: 1.0000755 seconds
[2019-12-08T10:11:44.917+0000][1][safepoint    ] Entering safepoint region: Cleanup
[2019-12-08T10:11:44.917+0000][1][safepoint    ] Leaving safepoint region
[2019-12-08T10:11:44.917+0000][1][safepoint    ] Total time for which application threads were stopped: 0.0000776 seconds, Stopping threads took: 0.0000221 seconds
[2019-12-08T10:11:45.917+0000][1][safepoint    ] Application time: 1.0000823 seconds
[2019-12-08T10:11:45.917+0000][1][safepoint    ] Entering safepoint region: Cleanup
[2019-12-08T10:11:45.917+0000][1][safepoint    ] Leaving safepoint region
[2019-12-08T10:11:45.917+0000][1][safepoint    ] Total time for which application threads were stopped: 0.0000815 seconds, Stopping threads took: 0.0000179 seconds
[2019-12-08T10:11:46.917+0000][1][safepoint    ] Application time: 1.0000769 seconds
[2019-12-08T10:11:46.917+0000][1][safepoint    ] Entering safepoint region: Cleanup
[2019-12-08T10:11:46.917+0000][1][safepoint    ] Leaving safepoint region
[2019-12-08T10:11:46.918+0000][1][safepoint    ] Total time for which application threads were stopped: 0.0000669 seconds, Stopping threads took: 0.0000163 seconds
[2019-12-08T10:11:47.918+0000][1][safepoint    ] Application time: 1.0000765 seconds
[2019-12-08T10:11:47.918+0000][1][safepoint    ] Entering safepoint region: Cleanup
[2019-12-08T10:11:47.918+0000][1][safepoint    ] Leaving safepoint region
[2019-12-08T10:11:47.918+0000][1][safepoint    ] Total time for which application threads were stopped: 0.0000784 seconds, Stopping threads took: 0.0000180 seconds
[2019-12-08T10:11:48.918+0000][1][safepoint    ] Application time: 1.0000755 seconds
[2019-12-08T10:11:48.918+0000][1][safepoint    ] Entering safepoint region: Cleanup
[2019-12-08T10:11:48.918+0000][1][safepoint    ] Leaving safepoint region
[2019-12-08T10:11:48.918+0000][1][safepoint    ] Total time for which application threads were stopped: 0.0000720 seconds, Stopping threads took: 0.0000189 seconds
[2019-12-08T10:11:49.918+0000][1][safepoint    ] Application time: 1.0000760 seconds
[2019-12-08T10:11:49.918+0000][1][safepoint    ] Entering safepoint region: Cleanup
[2019-12-08T10:11:49.918+0000][1][safepoint    ] Leaving safepoint region
[2019-12-08T10:11:49.918+0000][1][safepoint    ] Total time for which application threads were stopped: 0.0000724 seconds, Stopping threads took: 0.0000181 seconds
[2019-12-08T10:11:50.918+0000][1][safepoint    ] Application time: 1.0000752 seconds
[2019-12-08T10:11:50.918+0000][1][safepoint    ] Entering safepoint region: Cleanup
[2019-12-08T10:11:50.918+0000][1][safepoint    ] Leaving safepoint region
[2019-12-08T10:11:50.918+0000][1][safepoint    ] Total time for which application threads were stopped: 0.0000671 seconds, Stopping threads took: 0.0000165 seconds
[2019-12-08T10:11:51.918+0000][1][safepoint    ] Application time: 1.0000758 seconds
[2019-12-08T10:11:51.918+0000][1][safepoint    ] Entering safepoint region: Cleanup
[2019-12-08T10:11:51.918+0000][1][safepoint    ] Leaving safepoint region
[2019-12-08T10:11:51.918+0000][1][safepoint    ] Total time for which application threads were stopped: 0.0000669 seconds, Stopping threads took: 0.0000165 seconds
[2019-12-08T10:11:52.918+0000][1][safepoint    ] Application time: 1.0000760 seconds
[2019-12-08T10:11:52.919+0000][1][safepoint    ] Entering safepoint region: Cleanup
[2019-12-08T10:11:52.919+0000][1][safepoint    ] Leaving safepoint region
[2019-12-08T10:11:52.919+0000][1][safepoint    ] Total time for which application threads were stopped: 0.0000671 seconds, Stopping threads took: 0.0000167 seconds
[2019-12-08T10:11:53.919+0000][1][safepoint    ] Application time: 1.0000755 seconds
[2019-12-08T10:11:53.919+0000][1][safepoint    ] Entering safepoint region: Cleanup
[2019-12-08T10:11:53.919+0000][1][safepoint    ] Leaving safepoint region
[2019-12-08T10:11:53.919+0000][1][safepoint    ] Total time for which application threads were stopped: 0.0000707 seconds, Stopping threads took: 0.0000204 seconds
[2019-12-08T10:11:54.919+0000][1][safepoint    ] Application time: 1.0000773 seconds
[2019-12-08T10:11:54.919+0000][1][safepoint    ] Entering safepoint region: Cleanup
[2019-12-08T10:11:54.919+0000][1][safepoint    ] Leaving safepoint region
[2019-12-08T10:11:54.919+0000][1][safepoint    ] Total time for which application threads were stopped: 0.0000679 seconds, Stopping threads took: 0.0000170 seconds
[2019-12-08T10:11:55.919+0000][1][safepoint    ] Application time: 1.0000754 seconds
[2019-12-08T10:11:55.919+0000][1][safepoint    ] Entering safepoint region: Cleanup
[2019-12-08T10:11:55.919+0000][1][safepoint    ] Leaving safepoint region
[2019-12-08T10:11:55.919+0000][1][safepoint    ] Total time for which application threads were stopped: 0.0000767 seconds, Stopping threads took: 0.0000177 seconds
[2019-12-08T10:11:56.919+0000][1][safepoint    ] Application time: 1.0000762 seconds
[2019-12-08T10:11:56.919+0000][1][safepoint    ] Entering safepoint region: Cleanup
[2019-12-08T10:11:56.919+0000][1][safepoint    ] Leaving safepoint region
[2019-12-08T10:11:56.919+0000][1][safepoint    ] Total time for which application threads were stopped: 0.0000706 seconds, Stopping threads took: 0.0000176 seconds
[2019-12-08T10:11:57.919+0000][1][safepoint    ] Application time: 1.0000744 seconds
[2019-12-08T10:11:57.919+0000][1][safepoint    ] Entering safepoint region: Cleanup
[2019-12-08T10:11:57.919+0000][1][safepoint    ] Leaving safepoint region
[2019-12-08T10:11:57.919+0000][1][safepoint    ] Total time for which application threads were stopped: 0.0000702 seconds, Stopping threads took: 0.0000184 seconds
[2019-12-08T10:11:58.920+0000][1][safepoint    ] Application time: 1.0000763 seconds
[2019-12-08T10:11:58.920+0000][1][safepoint    ] Entering safepoint region: Cleanup
[2019-12-08T10:11:58.920+0000][1][safepoint    ] Leaving safepoint region
[2019-12-08T10:11:58.920+0000][1][safepoint    ] Total time for which application threads were stopped: 0.0000702 seconds, Stopping threads took: 0.0000185 seconds
[2019-12-08T10:11:59.920+0000][1][safepoint    ] Application time: 1.0000760 seconds
[2019-12-08T10:11:59.920+0000][1][safepoint    ] Entering safepoint region: Cleanup
[2019-12-08T10:11:59.920+0000][1][safepoint    ] Leaving safepoint region
[2019-12-08T10:11:59.920+0000][1][safepoint    ] Total time for which application threads were stopped: 0.0000697 seconds, Stopping threads took: 0.0000169 seconds
[2019-12-08T10:12:00.920+0000][1][safepoint    ] Application time: 1.0000766 seconds
[2019-12-08T10:12:00.920+0000][1][safepoint    ] Entering safepoint region: Cleanup
[2019-12-08T10:12:00.920+0000][1][safepoint    ] Leaving safepoint region
[2019-12-08T10:12:00.920+0000][1][safepoint    ] Total time for which application threads were stopped: 0.0000963 seconds, Stopping threads took: 0.0000237 seconds
[2019-12-08T10:12:01.920+0000][1][safepoint    ] Application time: 1.0000755 seconds
[2019-12-08T10:12:01.920+0000][1][safepoint    ] Entering safepoint region: Cleanup
[2019-12-08T10:12:01.920+0000][1][safepoint    ] Leaving safepoint region
[2019-12-08T10:12:01.920+0000][1][safepoint    ] Total time for which application threads were stopped: 0.0000756 seconds, Stopping threads took: 0.0000193 seconds
[2019-12-08T10:12:02.920+0000][1][safepoint    ] Application time: 1.0000863 seconds
[2019-12-08T10:12:02.920+0000][1][safepoint    ] Entering safepoint region: Cleanup
[2019-12-08T10:12:02.920+0000][1][safepoint    ] Leaving safepoint region
[2019-12-08T10:12:02.920+0000][1][safepoint    ] Total time for which application threads were stopped: 0.0000745 seconds, Stopping threads took: 0.0000196 seconds
[2019-12-08T10:12:03.921+0000][1][safepoint    ] Application time: 1.0000781 seconds
[2019-12-08T10:12:03.921+0000][1][safepoint    ] Entering safepoint region: Cleanup
[2019-12-08T10:12:03.921+0000][1][safepoint    ] Leaving safepoint region
[2019-12-08T10:12:03.921+0000][1][safepoint    ] Total time for which application threads were stopped: 0.0000754 seconds, Stopping threads took: 0.0000198 seconds
[2019-12-08T10:12:04.921+0000][1][safepoint    ] Application time: 1.0000814 seconds
[2019-12-08T10:12:04.921+0000][1][safepoint    ] Entering safepoint region: Cleanup
[2019-12-08T10:12:04.921+0000][1][safepoint    ] Leaving safepoint region
[2019-12-08T10:12:04.921+0000][1][safepoint    ] Total time for which application threads were stopped: 0.0000744 seconds, Stopping threads took: 0.0000186 seconds
[2019-12-08T10:12:05.921+0000][1][safepoint    ] Application time: 1.0000813 seconds
[2019-12-08T10:12:05.921+0000][1][safepoint    ] Entering safepoint region: Cleanup
[2019-12-08T10:12:05.921+0000][1][safepoint    ] Leaving safepoint region
[2019-12-08T10:12:05.921+0000][1][safepoint    ] Total time for which application threads were stopped: 0.0000762 seconds, Stopping threads took: 0.0000192 seconds
[2019-12-08T10:12:06.921+0000][1][safepoint    ] Application time: 1.0000832 seconds
[2019-12-08T10:12:06.921+0000][1][safepoint    ] Entering safepoint region: Cleanup
[2019-12-08T10:12:06.921+0000][1][safepoint    ] Leaving safepoint region
[2019-12-08T10:12:06.921+0000][1][safepoint    ] Total time for which application threads were stopped: 0.0000868 seconds, Stopping threads took: 0.0000196 seconds
[2019-12-08T10:12:07.921+0000][1][safepoint    ] Application time: 1.0000842 seconds
[2019-12-08T10:12:07.921+0000][1][safepoint    ] Entering safepoint region: Cleanup
[2019-12-08T10:12:07.921+0000][1][safepoint    ] Leaving safepoint region
[2019-12-08T10:12:07.921+0000][1][safepoint    ] Total time for which application threads were stopped: 0.0000760 seconds, Stopping threads took: 0.0000203 seconds
[2019-12-08T10:12:08.922+0000][1][safepoint    ] Application time: 1.0000844 seconds
[2019-12-08T10:12:08.922+0000][1][safepoint    ] Entering safepoint region: Cleanup
[2019-12-08T10:12:08.922+0000][1][safepoint    ] Leaving safepoint region
[2019-12-08T10:12:08.922+0000][1][safepoint    ] Total time for which application threads were stopped: 0.0000726 seconds, Stopping threads took: 0.0000177 seconds
[2019-12-08T10:12:09.922+0000][1][safepoint    ] Application time: 1.0000864 seconds
[2019-12-08T10:12:09.922+0000][1][safepoint    ] Entering safepoint region: Cleanup
[2019-12-08T10:12:09.922+0000][1][safepoint    ] Leaving safepoint region
[2019-12-08T10:12:09.922+0000][1][safepoint    ] Total time for which application threads were stopped: 0.0000769 seconds, Stopping threads took: 0.0000212 seconds
[2019-12-08T10:12:10.922+0000][1][safepoint    ] Application time: 1.0000838 seconds
[2019-12-08T10:12:10.922+0000][1][safepoint    ] Entering safepoint region: Cleanup
[2019-12-08T10:12:10.922+0000][1][safepoint    ] Leaving safepoint region
[2019-12-08T10:12:10.922+0000][1][safepoint    ] Total time for which application threads were stopped: 0.0000721 seconds, Stopping threads took: 0.0000202 seconds
[2019-12-08T10:12:11.922+0000][1][safepoint    ] Application time: 1.0000854 seconds
[2019-12-08T10:12:11.922+0000][1][safepoint    ] Entering safepoint region: Cleanup
[2019-12-08T10:12:11.922+0000][1][safepoint    ] Leaving safepoint region
[2019-12-08T10:12:11.922+0000][1][safepoint    ] Total time for which application threads were stopped: 0.0000706 seconds, Stopping threads took: 0.0000185 seconds
[2019-12-08T10:12:12.922+0000][1][safepoint    ] Application time: 1.0000839 seconds
[2019-12-08T10:12:12.922+0000][1][safepoint    ] Entering safepoint region: Cleanup
[2019-12-08T10:12:12.922+0000][1][safepoint    ] Leaving safepoint region
[2019-12-08T10:12:12.922+0000][1][safepoint    ] Total time for which application threads were stopped: 0.0000666 seconds, Stopping threads took: 0.0000183 seconds
[2019-12-08T10:12:13.923+0000][1][safepoint    ] Application time: 1.0000777 seconds
[2019-12-08T10:12:13.923+0000][1][safepoint    ] Entering safepoint region: Cleanup
[2019-12-08T10:12:13.923+0000][1][safepoint    ] Leaving safepoint region
[2019-12-08T10:12:13.923+0000][1][safepoint    ] Total time for which application threads were stopped: 0.0000661 seconds, Stopping threads took: 0.0000176 seconds
[2019-12-08T10:12:14.928+0000][1][safepoint    ] Application time: 1.0053878 seconds
[2019-12-08T10:12:14.928+0000][1][safepoint    ] Entering safepoint region: Cleanup
[2019-12-08T10:12:14.928+0000][1][safepoint    ] Leaving safepoint region
[2019-12-08T10:12:14.928+0000][1][safepoint    ] Total time for which application threads were stopped: 0.0000669 seconds, Stopping threads took: 0.0000171 seconds
[2019-12-08T10:12:15.928+0000][1][safepoint    ] Application time: 1.0000835 seconds
[2019-12-08T10:12:15.928+0000][1][safepoint    ] Entering safepoint region: Cleanup
[2019-12-08T10:12:15.928+0000][1][safepoint    ] Leaving safepoint region
[2019-12-08T10:12:15.928+0000][1][safepoint    ] Total time for which application threads were stopped: 0.0000717 seconds, Stopping threads took: 0.0000192 seconds
[2019-12-08T10:12:16.928+0000][1][safepoint    ] Application time: 1.0000783 seconds
[2019-12-08T10:12:16.928+0000][1][safepoint    ] Entering safepoint region: Cleanup
[2019-12-08T10:12:16.928+0000][1][safepoint    ] Leaving safepoint region
[2019-12-08T10:12:16.928+0000][1][safepoint    ] Total time for which application threads were stopped: 0.0000657 seconds, Stopping threads took: 0.0000172 seconds
[2019-12-08T10:12:17.929+0000][1][safepoint    ] Application time: 1.0000760 seconds
[2019-12-08T10:12:17.929+0000][1][safepoint    ] Entering safepoint region: Cleanup
[2019-12-08T10:12:17.929+0000][1][safepoint    ] Leaving safepoint region
[2019-12-08T10:12:17.929+0000][1][safepoint    ] Total time for which application threads were stopped: 0.0000664 seconds, Stopping threads took: 0.0000174 seconds
[2019-12-08T10:12:18.929+0000][1][safepoint    ] Application time: 1.0000756 seconds
[2019-12-08T10:12:18.929+0000][1][safepoint    ] Entering safepoint region: Cleanup
[2019-12-08T10:12:18.929+0000][1][safepoint    ] Leaving safepoint region
[2019-12-08T10:12:18.929+0000][1][safepoint    ] Total time for which application threads were stopped: 0.0001035 seconds, Stopping threads took: 0.0000447 seconds
[2019-12-08T10:12:19.929+0000][1][safepoint    ] Application time: 1.0000866 seconds
[2019-12-08T10:12:19.929+0000][1][safepoint    ] Entering safepoint region: Cleanup
[2019-12-08T10:12:19.929+0000][1][safepoint    ] Leaving safepoint region
[2019-12-08T10:12:19.929+0000][1][safepoint    ] Total time for which application threads were stopped: 0.0000672 seconds, Stopping threads took: 0.0000185 seconds
[2019-12-08T10:12:20.929+0000][1][safepoint    ] Application time: 1.0000793 seconds
[2019-12-08T10:12:20.929+0000][1][safepoint    ] Entering safepoint region: Cleanup
[2019-12-08T10:12:20.929+0000][1][safepoint    ] Leaving safepoint region
[2019-12-08T10:12:20.929+0000][1][safepoint    ] Total time for which application threads were stopped: 0.0000705 seconds, Stopping threads took: 0.0000194 seconds
[2019-12-08T10:12:21.929+0000][1][safepoint    ] Application time: 1.0000769 seconds
[2019-12-08T10:12:21.929+0000][1][safepoint    ] Entering safepoint region: Cleanup
[2019-12-08T10:12:21.929+0000][1][safepoint    ] Leaving safepoint region
[2019-12-08T10:12:21.929+0000][1][safepoint    ] Total time for which application threads were stopped: 0.0000677 seconds, Stopping threads took: 0.0000184 seconds
[2019-12-08T10:12:22.929+0000][1][safepoint    ] Application time: 1.0000796 seconds
[2019-12-08T10:12:22.930+0000][1][safepoint    ] Entering safepoint region: Cleanup
[2019-12-08T10:12:22.930+0000][1][safepoint    ] Leaving safepoint region
[2019-12-08T10:12:22.930+0000][1][safepoint    ] Total time for which application threads were stopped: 0.0000750 seconds, Stopping threads took: 0.0000187 seconds
[2019-12-08T10:12:23.930+0000][1][safepoint    ] Application time: 1.0000781 seconds
[2019-12-08T10:12:23.930+0000][1][safepoint    ] Entering safepoint region: Cleanup
[2019-12-08T10:12:23.930+0000][1][safepoint    ] Leaving safepoint region
[2019-12-08T10:12:23.930+0000][1][safepoint    ] Total time for which application threads were stopped: 0.0000670 seconds, Stopping threads took: 0.0000174 seconds
[2019-12-08T10:12:24.930+0000][1][safepoint    ] Application time: 1.0000819 seconds
[2019-12-08T10:12:24.930+0000][1][safepoint    ] Entering safepoint region: Cleanup
[2019-12-08T10:12:24.930+0000][1][safepoint    ] Leaving safepoint region
[2019-12-08T10:12:24.930+0000][1][safepoint    ] Total time for which application threads were stopped: 0.0000676 seconds, Stopping threads took: 0.0000176 seconds
[2019-12-08T10:12:25.930+0000][1][safepoint    ] Application time: 1.0000799 seconds
[2019-12-08T10:12:25.930+0000][1][safepoint    ] Entering safepoint region: Cleanup
[2019-12-08T10:12:25.930+0000][1][safepoint    ] Leaving safepoint region
[2019-12-08T10:12:25.930+0000][1][safepoint    ] Total time for which application threads were stopped: 0.0000699 seconds, Stopping threads took: 0.0000183 seconds
[2019-12-08T10:12:26.930+0000][1][safepoint    ] Application time: 1.0000797 seconds
[2019-12-08T10:12:26.930+0000][1][safepoint    ] Entering safepoint region: Cleanup
[2019-12-08T10:12:26.930+0000][1][safepoint    ] Leaving safepoint region
[2019-12-08T10:12:26.930+0000][1][safepoint    ] Total time for which application threads were stopped: 0.0000716 seconds, Stopping threads took: 0.0000187 seconds
[2019-12-08T10:12:27.930+0000][1][safepoint    ] Application time: 1.0000822 seconds
[2019-12-08T10:12:27.930+0000][1][safepoint    ] Entering safepoint region: Cleanup
[2019-12-08T10:12:27.931+0000][1][safepoint    ] Leaving safepoint region
[2019-12-08T10:12:27.931+0000][1][safepoint    ] Total time for which application threads were stopped: 0.0000727 seconds, Stopping threads took: 0.0000197 seconds
[2019-12-08T10:12:28.931+0000][1][safepoint    ] Application time: 1.0000911 seconds
[2019-12-08T10:12:28.931+0000][1][safepoint    ] Entering safepoint region: Cleanup
[2019-12-08T10:12:28.931+0000][1][safepoint    ] Leaving safepoint region
[2019-12-08T10:12:28.931+0000][1][safepoint    ] Total time for which application threads were stopped: 0.0000979 seconds, Stopping threads took: 0.0000286 seconds
[2019-12-08T10:12:29.931+0000][1][safepoint    ] Application time: 1.0000853 seconds
[2019-12-08T10:12:29.931+0000][1][safepoint    ] Entering safepoint region: Cleanup
[2019-12-08T10:12:29.931+0000][1][safepoint    ] Leaving safepoint region
[2019-12-08T10:12:29.931+0000][1][safepoint    ] Total time for which application threads were stopped: 0.0000788 seconds, Stopping threads took: 0.0000276 seconds
[2019-12-08T10:12:30.931+0000][1][safepoint    ] Application time: 1.0000790 seconds
[2019-12-08T10:12:30.931+0000][1][safepoint    ] Entering safepoint region: Cleanup
[2019-12-08T10:12:30.931+0000][1][safepoint    ] Leaving safepoint region
[2019-12-08T10:12:30.931+0000][1][safepoint    ] Total time for which application threads were stopped: 0.0000851 seconds, Stopping threads took: 0.0000192 seconds
[2019-12-08T10:12:31.931+0000][1][safepoint    ] Application time: 1.0000777 seconds
[2019-12-08T10:12:31.931+0000][1][safepoint    ] Entering safepoint region: Cleanup
[2019-12-08T10:12:31.931+0000][1][safepoint    ] Leaving safepoint region
[2019-12-08T10:12:31.931+0000][1][safepoint    ] Total time for which application threads were stopped: 0.0000672 seconds, Stopping threads took: 0.0000173 seconds
[2019-12-08T10:12:32.931+0000][1][safepoint    ] Application time: 1.0000765 seconds
[2019-12-08T10:12:32.932+0000][1][safepoint    ] Entering safepoint region: Cleanup
[2019-12-08T10:12:32.932+0000][1][safepoint    ] Leaving safepoint region
[2019-12-08T10:12:32.932+0000][1][safepoint    ] Total time for which application threads were stopped: 0.0000707 seconds, Stopping threads took: 0.0000191 seconds
[2019-12-08T10:12:33.932+0000][1][safepoint    ] Application time: 1.0000773 seconds
[2019-12-08T10:12:33.932+0000][1][safepoint    ] Entering safepoint region: Cleanup
[2019-12-08T10:12:33.932+0000][1][safepoint    ] Leaving safepoint region
[2019-12-08T10:12:33.932+0000][1][safepoint    ] Total time for which application threads were stopped: 0.0000703 seconds, Stopping threads took: 0.0000199 seconds
[2019-12-08T10:12:34.932+0000][1][safepoint    ] Application time: 1.0000763 seconds
[2019-12-08T10:12:34.932+0000][1][safepoint    ] Entering safepoint region: Cleanup
[2019-12-08T10:12:34.932+0000][1][safepoint    ] Leaving safepoint region
[2019-12-08T10:12:34.932+0000][1][safepoint    ] Total time for which application threads were stopped: 0.0000684 seconds, Stopping threads took: 0.0000178 seconds
[2019-12-08T10:12:35.932+0000][1][safepoint    ] Application time: 1.0000767 seconds
[2019-12-08T10:12:35.932+0000][1][safepoint    ] Entering safepoint region: Cleanup
[2019-12-08T10:12:35.932+0000][1][safepoint    ] Leaving safepoint region
[2019-12-08T10:12:35.932+0000][1][safepoint    ] Total time for which application threads were stopped: 0.0000646 seconds, Stopping threads took: 0.0000168 seconds
[2019-12-08T10:12:36.932+0000][1][safepoint    ] Application time: 1.0000788 seconds
[2019-12-08T10:12:36.932+0000][1][safepoint    ] Entering safepoint region: Cleanup
[2019-12-08T10:12:36.932+0000][1][safepoint    ] Leaving safepoint region
[2019-12-08T10:12:36.932+0000][1][safepoint    ] Total time for which application threads were stopped: 0.0000710 seconds, Stopping threads took: 0.0000189 seconds
[2019-12-08T10:12:37.932+0000][1][safepoint    ] Application time: 1.0000776 seconds
[2019-12-08T10:12:37.932+0000][1][safepoint    ] Entering safepoint region: Cleanup
[2019-12-08T10:12:37.932+0000][1][safepoint    ] Leaving safepoint region
[2019-12-08T10:12:37.932+0000][1][safepoint    ] Total time for which application threads were stopped: 0.0000667 seconds, Stopping threads took: 0.0000177 seconds
[2019-12-08T10:12:38.933+0000][1][safepoint    ] Application time: 1.0000786 seconds
[2019-12-08T10:12:38.933+0000][1][safepoint    ] Entering safepoint region: Cleanup
[2019-12-08T10:12:38.933+0000][1][safepoint    ] Leaving safepoint region
[2019-12-08T10:12:38.933+0000][1][safepoint    ] Total time for which application threads were stopped: 0.0000768 seconds, Stopping threads took: 0.0000184 seconds
[2019-12-08T10:12:39.933+0000][1][safepoint    ] Application time: 1.0000753 seconds
[2019-12-08T10:12:39.933+0000][1][safepoint    ] Entering safepoint region: Cleanup
[2019-12-08T10:12:39.933+0000][1][safepoint    ] Leaving safepoint region
[2019-12-08T10:12:39.933+0000][1][safepoint    ] Total time for which application threads were stopped: 0.0000727 seconds, Stopping threads took: 0.0000191 seconds
[2019-12-08T10:12:40.933+0000][1][safepoint    ] Application time: 1.0000810 seconds
[2019-12-08T10:12:40.933+0000][1][safepoint    ] Entering safepoint region: Cleanup
[2019-12-08T10:12:40.933+0000][1][safepoint    ] Leaving safepoint region
[2019-12-08T10:12:40.933+0000][1][safepoint    ] Total time for which application threads were stopped: 0.0000721 seconds, Stopping threads took: 0.0000195 seconds
[2019-12-08T10:12:41.933+0000][1][safepoint    ] Application time: 1.0000815 seconds
[2019-12-08T10:12:41.933+0000][1][safepoint    ] Entering safepoint region: Cleanup
[2019-12-08T10:12:41.933+0000][1][safepoint    ] Leaving safepoint region
[2019-12-08T10:12:41.933+0000][1][safepoint    ] Total time for which application threads were stopped: 0.0000750 seconds, Stopping threads took: 0.0000259 seconds
[2019-12-08T10:12:42.933+0000][1][safepoint    ] Application time: 1.0000836 seconds
[2019-12-08T10:12:42.933+0000][1][safepoint    ] Entering safepoint region: Cleanup
[2019-12-08T10:12:42.933+0000][1][safepoint    ] Leaving safepoint region
[2019-12-08T10:12:42.933+0000][1][safepoint    ] Total time for which application threads were stopped: 0.0000677 seconds, Stopping threads took: 0.0000188 seconds
[2019-12-08T10:12:43.934+0000][1][safepoint    ] Application time: 1.0000844 seconds
[2019-12-08T10:12:43.934+0000][1][safepoint    ] Entering safepoint region: Cleanup
[2019-12-08T10:12:43.934+0000][1][safepoint    ] Leaving safepoint region
[2019-12-08T10:12:43.934+0000][1][safepoint    ] Total time for which application threads were stopped: 0.0000725 seconds, Stopping threads took: 0.0000184 seconds
[2019-12-08T10:12:44.934+0000][1][safepoint    ] Application time: 1.0000778 seconds
[2019-12-08T10:12:44.934+0000][1][safepoint    ] Entering safepoint region: Cleanup
[2019-12-08T10:12:44.934+0000][1][safepoint    ] Leaving safepoint region
[2019-12-08T10:12:44.934+0000][1][safepoint    ] Total time for which application threads were stopped: 0.0000645 seconds, Stopping threads took: 0.0000170 seconds
[2019-12-08T10:12:45.934+0000][1][safepoint    ] Application time: 1.0000812 seconds
[2019-12-08T10:12:45.934+0000][1][safepoint    ] Entering safepoint region: Cleanup
[2019-12-08T10:12:45.934+0000][1][safepoint    ] Leaving safepoint region
[2019-12-08T10:12:45.934+0000][1][safepoint    ] Total time for which application threads were stopped: 0.0000709 seconds, Stopping threads took: 0.0000192 seconds
[2019-12-08T10:12:46.934+0000][1][safepoint    ] Application time: 1.0000777 seconds
[2019-12-08T10:12:46.934+0000][1][safepoint    ] Entering safepoint region: Cleanup
[2019-12-08T10:12:46.934+0000][1][safepoint    ] Leaving safepoint region
[2019-12-08T10:12:46.934+0000][1][safepoint    ] Total time for which application threads were stopped: 0.0000644 seconds, Stopping threads took: 0.0000174 seconds
[2019-12-08T10:12:47.934+0000][1][safepoint    ] Application time: 1.0000757 seconds
[2019-12-08T10:12:47.934+0000][1][safepoint    ] Entering safepoint region: Cleanup
[2019-12-08T10:12:47.934+0000][1][safepoint    ] Leaving safepoint region
[2019-12-08T10:12:47.934+0000][1][safepoint    ] Total time for which application threads were stopped: 0.0000653 seconds, Stopping threads took: 0.0000171 seconds
[2019-12-08T10:12:48.934+0000][1][safepoint    ] Application time: 1.0000791 seconds
[2019-12-08T10:12:48.934+0000][1][safepoint    ] Entering safepoint region: Cleanup
[2019-12-08T10:12:48.935+0000][1][safepoint    ] Leaving safepoint region
[2019-12-08T10:12:48.935+0000][1][safepoint    ] Total time for which application threads were stopped: 0.0000671 seconds, Stopping threads took: 0.0000177 seconds
[2019-12-08T10:12:49.935+0000][1][safepoint    ] Application time: 1.0000782 seconds
[2019-12-08T10:12:49.935+0000][1][safepoint    ] Entering safepoint region: Cleanup
[2019-12-08T10:12:49.935+0000][1][safepoint    ] Leaving safepoint region
[2019-12-08T10:12:49.935+0000][1][safepoint    ] Total time for which application threads were stopped: 0.0000779 seconds, Stopping threads took: 0.0000188 seconds
[2019-12-08T10:12:50.935+0000][1][safepoint    ] Application time: 1.0000781 seconds
[2019-12-08T10:12:50.935+0000][1][safepoint    ] Entering safepoint region: Cleanup
[2019-12-08T10:12:50.935+0000][1][safepoint    ] Leaving safepoint region
[2019-12-08T10:12:50.935+0000][1][safepoint    ] Total time for which application threads were stopped: 0.0000632 seconds, Stopping threads took: 0.0000160 seconds
[2019-12-08T10:12:51.935+0000][1][safepoint    ] Application time: 1.0000774 seconds
[2019-12-08T10:12:51.935+0000][1][safepoint    ] Entering safepoint region: Cleanup
[2019-12-08T10:12:51.935+0000][1][safepoint    ] Leaving safepoint region
[2019-12-08T10:12:51.935+0000][1][safepoint    ] Total time for which application threads were stopped: 0.0000649 seconds, Stopping threads took: 0.0000173 seconds
[2019-12-08T10:12:52.942+0000][1][safepoint    ] Application time: 1.0067008 seconds
[2019-12-08T10:12:52.942+0000][1][safepoint    ] Entering safepoint region: Cleanup
[2019-12-08T10:12:52.942+0000][1][safepoint    ] Leaving safepoint region
[2019-12-08T10:12:52.942+0000][1][safepoint    ] Total time for which application threads were stopped: 0.0000717 seconds, Stopping threads took: 0.0000164 seconds
[2019-12-08T10:12:53.942+0000][1][safepoint    ] Application time: 1.0000804 seconds
[2019-12-08T10:12:53.942+0000][1][safepoint    ] Entering safepoint region: Cleanup
[2019-12-08T10:12:53.942+0000][1][safepoint    ] Leaving safepoint region
[2019-12-08T10:12:53.942+0000][1][safepoint    ] Total time for which application threads were stopped: 0.0001120 seconds, Stopping threads took: 0.0000562 seconds
[2019-12-08T10:12:54.942+0000][1][safepoint    ] Application time: 1.0000934 seconds
[2019-12-08T10:12:54.942+0000][1][safepoint    ] Entering safepoint region: Cleanup
[2019-12-08T10:12:54.942+0000][1][safepoint    ] Leaving safepoint region
[2019-12-08T10:12:54.942+0000][1][safepoint    ] Total time for which application threads were stopped: 0.0000712 seconds, Stopping threads took: 0.0000196 seconds
[2019-12-08T10:12:55.942+0000][1][safepoint    ] Application time: 1.0000811 seconds
[2019-12-08T10:12:55.942+0000][1][safepoint    ] Entering safepoint region: Cleanup
[2019-12-08T10:12:55.942+0000][1][safepoint    ] Leaving safepoint region
[2019-12-08T10:12:55.942+0000][1][safepoint    ] Total time for which application threads were stopped: 0.0000676 seconds, Stopping threads took: 0.0000178 seconds
[2019-12-08T10:12:56.943+0000][1][safepoint    ] Application time: 1.0000775 seconds
[2019-12-08T10:12:56.943+0000][1][safepoint    ] Entering safepoint region: Cleanup
[2019-12-08T10:12:56.943+0000][1][safepoint    ] Leaving safepoint region
[2019-12-08T10:12:56.943+0000][1][safepoint    ] Total time for which application threads were stopped: 0.0000660 seconds, Stopping threads took: 0.0000172 seconds
[2019-12-08T10:12:57.943+0000][1][safepoint    ] Application time: 1.0000806 seconds
[2019-12-08T10:12:57.943+0000][1][safepoint    ] Entering safepoint region: Cleanup
[2019-12-08T10:12:57.943+0000][1][safepoint    ] Leaving safepoint region
[2019-12-08T10:12:57.943+0000][1][safepoint    ] Total time for which application threads were stopped: 0.0000666 seconds, Stopping threads took: 0.0000184 seconds
[2019-12-08T10:12:58.943+0000][1][safepoint    ] Application time: 1.0000864 seconds
[2019-12-08T10:12:58.943+0000][1][safepoint    ] Entering safepoint region: Cleanup
[2019-12-08T10:12:58.943+0000][1][safepoint    ] Leaving safepoint region
[2019-12-08T10:12:58.943+0000][1][safepoint    ] Total time for which application threads were stopped: 0.0001084 seconds, Stopping threads took: 0.0000558 seconds
[2019-12-08T10:12:59.943+0000][1][safepoint    ] Application time: 1.0000877 seconds
[2019-12-08T10:12:59.943+0000][1][safepoint    ] Entering safepoint region: Cleanup
[2019-12-08T10:12:59.943+0000][1][safepoint    ] Leaving safepoint region
[2019-12-08T10:12:59.943+0000][1][safepoint    ] Total time for which application threads were stopped: 0.0000672 seconds, Stopping threads took: 0.0000171 seconds
[2019-12-08T10:13:00.943+0000][1][safepoint    ] Application time: 1.0000760 seconds
[2019-12-08T10:13:00.943+0000][1][safepoint    ] Entering safepoint region: Cleanup
[2019-12-08T10:13:00.943+0000][1][safepoint    ] Leaving safepoint region
[2019-12-08T10:13:00.943+0000][1][safepoint    ] Total time for which application threads were stopped: 0.0000670 seconds, Stopping threads took: 0.0000183 seconds
[2019-12-08T10:13:01.944+0000][1][safepoint    ] Application time: 1.0000851 seconds
[2019-12-08T10:13:01.944+0000][1][safepoint    ] Entering safepoint region: Cleanup
[2019-12-08T10:13:01.944+0000][1][safepoint    ] Leaving safepoint region
[2019-12-08T10:13:01.944+0000][1][safepoint    ] Total time for which application threads were stopped: 0.0001098 seconds, Stopping threads took: 0.0000248 seconds
[2019-12-08T10:13:02.944+0000][1][safepoint    ] Application time: 1.0000769 seconds
[2019-12-08T10:13:02.944+0000][1][safepoint    ] Entering safepoint region: Cleanup
[2019-12-08T10:13:02.944+0000][1][safepoint    ] Leaving safepoint region
[2019-12-08T10:13:02.944+0000][1][safepoint    ] Total time for which application threads were stopped: 0.0000682 seconds, Stopping threads took: 0.0000189 seconds
[2019-12-08T10:13:03.944+0000][1][safepoint    ] Application time: 1.0000871 seconds
[2019-12-08T10:13:03.944+0000][1][safepoint    ] Entering safepoint region: Cleanup
[2019-12-08T10:13:03.944+0000][1][safepoint    ] Leaving safepoint region
[2019-12-08T10:13:03.944+0000][1][safepoint    ] Total time for which application threads were stopped: 0.0000844 seconds, Stopping threads took: 0.0000196 seconds
[2019-12-08T10:13:04.944+0000][1][safepoint    ] Application time: 1.0000839 seconds
[2019-12-08T10:13:04.944+0000][1][safepoint    ] Entering safepoint region: Cleanup
[2019-12-08T10:13:04.944+0000][1][safepoint    ] Leaving safepoint region
[2019-12-08T10:13:04.944+0000][1][safepoint    ] Total time for which application threads were stopped: 0.0000645 seconds, Stopping threads took: 0.0000165 seconds
[2019-12-08T10:13:05.944+0000][1][safepoint    ] Application time: 1.0000773 seconds
[2019-12-08T10:13:05.944+0000][1][safepoint    ] Entering safepoint region: Cleanup
[2019-12-08T10:13:05.944+0000][1][safepoint    ] Leaving safepoint region
[2019-12-08T10:13:05.944+0000][1][safepoint    ] Total time for which application threads were stopped: 0.0000648 seconds, Stopping threads took: 0.0000174 seconds
[2019-12-08T10:13:06.945+0000][1][safepoint    ] Application time: 1.0000797 seconds
[2019-12-08T10:13:06.945+0000][1][safepoint    ] Entering safepoint region: Cleanup
[2019-12-08T10:13:06.945+0000][1][safepoint    ] Leaving safepoint region
[2019-12-08T10:13:06.945+0000][1][safepoint    ] Total time for which application threads were stopped: 0.0000668 seconds, Stopping threads took: 0.0000189 seconds
[2019-12-08T10:13:07.945+0000][1][safepoint    ] Application time: 1.0000814 seconds
[2019-12-08T10:13:07.945+0000][1][safepoint    ] Entering safepoint region: Cleanup
[2019-12-08T10:13:07.945+0000][1][safepoint    ] Leaving safepoint region
[2019-12-08T10:13:07.945+0000][1][safepoint    ] Total time for which application threads were stopped: 0.0000702 seconds, Stopping threads took: 0.0000205 seconds
[2019-12-08T10:13:08.945+0000][1][safepoint    ] Application time: 1.0000829 seconds
[2019-12-08T10:13:08.945+0000][1][safepoint    ] Entering safepoint region: Cleanup
[2019-12-08T10:13:08.945+0000][1][safepoint    ] Leaving safepoint region
[2019-12-08T10:13:08.945+0000][1][safepoint    ] Total time for which application threads were stopped: 0.0000742 seconds, Stopping threads took: 0.0000199 seconds
[2019-12-08T10:13:09.945+0000][1][safepoint    ] Application time: 1.0000795 seconds
[2019-12-08T10:13:09.945+0000][1][safepoint    ] Entering safepoint region: Cleanup
[2019-12-08T10:13:09.945+0000][1][safepoint    ] Leaving safepoint region
[2019-12-08T10:13:09.945+0000][1][safepoint    ] Total time for which application threads were stopped: 0.0000684 seconds, Stopping threads took: 0.0000183 seconds
[2019-12-08T10:13:10.945+0000][1][safepoint    ] Application time: 1.0000804 seconds
[2019-12-08T10:13:10.945+0000][1][safepoint    ] Entering safepoint region: Cleanup
[2019-12-08T10:13:10.945+0000][1][safepoint    ] Leaving safepoint region
[2019-12-08T10:13:10.945+0000][1][safepoint    ] Total time for which application threads were stopped: 0.0000701 seconds, Stopping threads took: 0.0000199 seconds
[2019-12-08T10:13:11.945+0000][1][safepoint    ] Application time: 1.0000819 seconds
[2019-12-08T10:13:11.946+0000][1][safepoint    ] Entering safepoint region: Cleanup
[2019-12-08T10:13:11.946+0000][1][safepoint    ] Leaving safepoint region
[2019-12-08T10:13:11.946+0000][1][safepoint    ] Total time for which application threads were stopped: 0.0000766 seconds, Stopping threads took: 0.0000266 seconds
[2019-12-08T10:13:12.946+0000][1][safepoint    ] Application time: 1.0000860 seconds
[2019-12-08T10:13:12.946+0000][1][safepoint    ] Entering safepoint region: Cleanup
[2019-12-08T10:13:12.946+0000][1][safepoint    ] Leaving safepoint region
[2019-12-08T10:13:12.946+0000][1][safepoint    ] Total time for which application threads were stopped: 0.0000668 seconds, Stopping threads took: 0.0000174 seconds
[2019-12-08T10:13:13.946+0000][1][safepoint    ] Application time: 1.0000784 seconds
[2019-12-08T10:13:13.946+0000][1][safepoint    ] Entering safepoint region: Cleanup
[2019-12-08T10:13:13.946+0000][1][safepoint    ] Leaving safepoint region
[2019-12-08T10:13:13.946+0000][1][safepoint    ] Total time for which application threads were stopped: 0.0000684 seconds, Stopping threads took: 0.0000184 seconds
[2019-12-08T10:13:14.946+0000][1][safepoint    ] Application time: 1.0000769 seconds
[2019-12-08T10:13:14.946+0000][1][safepoint    ] Entering safepoint region: Cleanup
[2019-12-08T10:13:14.946+0000][1][safepoint    ] Leaving safepoint region
[2019-12-08T10:13:14.946+0000][1][safepoint    ] Total time for which application threads were stopped: 0.0000683 seconds, Stopping threads took: 0.0000186 seconds
[2019-12-08T10:13:15.946+0000][1][safepoint    ] Application time: 1.0000775 seconds
[2019-12-08T10:13:15.946+0000][1][safepoint    ] Entering safepoint region: Cleanup
[2019-12-08T10:13:15.946+0000][1][safepoint    ] Leaving safepoint region
[2019-12-08T10:13:15.946+0000][1][safepoint    ] Total time for which application threads were stopped: 0.0000745 seconds, Stopping threads took: 0.0000223 seconds
[2019-12-08T10:13:16.946+0000][1][safepoint    ] Application time: 1.0000787 seconds
[2019-12-08T10:13:16.946+0000][1][safepoint    ] Entering safepoint region: Cleanup
[2019-12-08T10:13:16.947+0000][1][safepoint    ] Leaving safepoint region
[2019-12-08T10:13:16.947+0000][1][safepoint    ] Total time for which application threads were stopped: 0.0000691 seconds, Stopping threads took: 0.0000189 seconds
[2019-12-08T10:13:18.727+0000][1][safepoint    ] Application time: 1.7805266 seconds
[2019-12-08T10:13:18.727+0000][1][safepoint    ] Entering safepoint region: Cleanup
[2019-12-08T10:13:18.727+0000][1][safepoint    ] Leaving safepoint region
[2019-12-08T10:13:18.727+0000][1][safepoint    ] Total time for which application threads were stopped: 0.0000645 seconds, Stopping threads took: 0.0000162 seconds
[2019-12-08T10:13:19.727+0000][1][safepoint    ] Application time: 1.0000773 seconds
[2019-12-08T10:13:19.727+0000][1][safepoint    ] Entering safepoint region: Cleanup
[2019-12-08T10:13:19.727+0000][1][safepoint    ] Leaving safepoint region
[2019-12-08T10:13:19.727+0000][1][safepoint    ] Total time for which application threads were stopped: 0.0000663 seconds, Stopping threads took: 0.0000180 seconds
[2019-12-08T10:13:20.727+0000][1][safepoint    ] Application time: 1.0000833 seconds
[2019-12-08T10:13:20.727+0000][1][safepoint    ] Entering safepoint region: Cleanup
[2019-12-08T10:13:20.728+0000][1][safepoint    ] Leaving safepoint region
[2019-12-08T10:13:20.728+0000][1][safepoint    ] Total time for which application threads were stopped: 0.0000680 seconds, Stopping threads took: 0.0000179 seconds
[2019-12-08T10:13:21.728+0000][1][safepoint    ] Application time: 1.0001168 seconds
[2019-12-08T10:13:21.728+0000][1][safepoint    ] Entering safepoint region: Cleanup
[2019-12-08T10:13:21.728+0000][1][safepoint    ] Leaving safepoint region
[2019-12-08T10:13:21.728+0000][1][safepoint    ] Total time for which application threads were stopped: 0.0001207 seconds, Stopping threads took: 0.0000631 seconds
[2019-12-08T10:13:22.728+0000][1][safepoint    ] Application time: 1.0000899 seconds
[2019-12-08T10:13:22.728+0000][1][safepoint    ] Entering safepoint region: Cleanup
[2019-12-08T10:13:22.728+0000][1][safepoint    ] Leaving safepoint region
[2019-12-08T10:13:22.728+0000][1][safepoint    ] Total time for which application threads were stopped: 0.0000998 seconds, Stopping threads took: 0.0000232 seconds
[2019-12-08T10:13:23.728+0000][1][safepoint    ] Application time: 1.0000834 seconds
[2019-12-08T10:13:23.728+0000][1][safepoint    ] Entering safepoint region: Cleanup
[2019-12-08T10:13:23.728+0000][1][safepoint    ] Leaving safepoint region
[2019-12-08T10:13:23.728+0000][1][safepoint    ] Total time for which application threads were stopped: 0.0000692 seconds, Stopping threads took: 0.0000189 seconds
[2019-12-08T10:13:24.728+0000][1][safepoint    ] Application time: 1.0000784 seconds
[2019-12-08T10:13:24.728+0000][1][safepoint    ] Entering safepoint region: Cleanup
[2019-12-08T10:13:24.728+0000][1][safepoint    ] Leaving safepoint region
[2019-12-08T10:13:24.728+0000][1][safepoint    ] Total time for which application threads were stopped: 0.0000790 seconds, Stopping threads took: 0.0000195 seconds
[2019-12-08T10:13:25.729+0000][1][safepoint    ] Application time: 1.0000794 seconds
[2019-12-08T10:13:25.729+0000][1][safepoint    ] Entering safepoint region: Cleanup
[2019-12-08T10:13:25.729+0000][1][safepoint    ] Leaving safepoint region
[2019-12-08T10:13:25.729+0000][1][safepoint    ] Total time for which application threads were stopped: 0.0000724 seconds, Stopping threads took: 0.0000185 seconds
[2019-12-08T10:13:26.729+0000][1][safepoint    ] Application time: 1.0000780 seconds
[2019-12-08T10:13:26.729+0000][1][safepoint    ] Entering safepoint region: Cleanup
[2019-12-08T10:13:26.729+0000][1][safepoint    ] Leaving safepoint region
[2019-12-08T10:13:26.729+0000][1][safepoint    ] Total time for which application threads were stopped: 0.0000761 seconds, Stopping threads took: 0.0000248 seconds
[2019-12-08T10:13:27.729+0000][1][safepoint    ] Application time: 1.0000753 seconds
[2019-12-08T10:13:27.729+0000][1][safepoint    ] Entering safepoint region: Cleanup
[2019-12-08T10:13:27.729+0000][1][safepoint    ] Leaving safepoint region
[2019-12-08T10:13:27.729+0000][1][safepoint    ] Total time for which application threads were stopped: 0.0000719 seconds, Stopping threads took: 0.0000190 seconds
[2019-12-08T10:13:28.729+0000][1][safepoint    ] Application time: 1.0000809 seconds
[2019-12-08T10:13:28.729+0000][1][safepoint    ] Entering safepoint region: Cleanup
[2019-12-08T10:13:28.729+0000][1][safepoint    ] Leaving safepoint region
[2019-12-08T10:13:28.729+0000][1][safepoint    ] Total time for which application threads were stopped: 0.0000690 seconds, Stopping threads took: 0.0000167 seconds
[2019-12-08T10:13:29.729+0000][1][safepoint    ] Application time: 1.0000875 seconds
[2019-12-08T10:13:29.729+0000][1][safepoint    ] Entering safepoint region: Cleanup
[2019-12-08T10:13:29.729+0000][1][safepoint    ] Leaving safepoint region
[2019-12-08T10:13:29.729+0000][1][safepoint    ] Total time for which application threads were stopped: 0.0000768 seconds, Stopping threads took: 0.0000239 seconds
[2019-12-08T10:13:30.730+0000][1][safepoint    ] Application time: 1.0000810 seconds
[2019-12-08T10:13:30.730+0000][1][safepoint    ] Entering safepoint region: Cleanup
[2019-12-08T10:13:30.730+0000][1][safepoint    ] Leaving safepoint region
[2019-12-08T10:13:30.730+0000][1][safepoint    ] Total time for which application threads were stopped: 0.0000707 seconds, Stopping threads took: 0.0000200 seconds
[2019-12-08T10:13:31.730+0000][1][safepoint    ] Application time: 1.0000760 seconds
[2019-12-08T10:13:31.730+0000][1][safepoint    ] Entering safepoint region: Cleanup
[2019-12-08T10:13:31.730+0000][1][safepoint    ] Leaving safepoint region
[2019-12-08T10:13:31.730+0000][1][safepoint    ] Total time for which application threads were stopped: 0.0001065 seconds, Stopping threads took: 0.0000256 seconds
[2019-12-08T10:13:32.730+0000][1][safepoint    ] Application time: 1.0001008 seconds
[2019-12-08T10:13:32.730+0000][1][safepoint    ] Entering safepoint region: Cleanup
[2019-12-08T10:13:32.730+0000][1][safepoint    ] Leaving safepoint region
[2019-12-08T10:13:32.730+0000][1][safepoint    ] Total time for which application threads were stopped: 0.0000723 seconds, Stopping threads took: 0.0000200 seconds
[2019-12-08T10:13:33.730+0000][1][safepoint    ] Application time: 1.0001025 seconds
[2019-12-08T10:13:33.730+0000][1][safepoint    ] Entering safepoint region: Cleanup
[2019-12-08T10:13:33.730+0000][1][safepoint    ] Leaving safepoint region
[2019-12-08T10:13:33.730+0000][1][safepoint    ] Total time for which application threads were stopped: 0.0000710 seconds, Stopping threads took: 0.0000192 seconds
[2019-12-08T10:13:34.730+0000][1][safepoint    ] Application time: 1.0000844 seconds
[2019-12-08T10:13:34.730+0000][1][safepoint    ] Entering safepoint region: Cleanup
[2019-12-08T10:13:34.731+0000][1][safepoint    ] Leaving safepoint region
[2019-12-08T10:13:34.731+0000][1][safepoint    ] Total time for which application threads were stopped: 0.0000712 seconds, Stopping threads took: 0.0000187 seconds
[2019-12-08T10:13:35.731+0000][1][safepoint    ] Application time: 1.0000792 seconds
[2019-12-08T10:13:35.731+0000][1][safepoint    ] Entering safepoint region: Cleanup
[2019-12-08T10:13:35.731+0000][1][safepoint    ] Leaving safepoint region
[2019-12-08T10:13:35.731+0000][1][safepoint    ] Total time for which application threads were stopped: 0.0000868 seconds, Stopping threads took: 0.0000196 seconds
[2019-12-08T10:13:36.731+0000][1][safepoint    ] Application time: 1.0000819 seconds
[2019-12-08T10:13:36.731+0000][1][safepoint    ] Entering safepoint region: Cleanup
[2019-12-08T10:13:36.731+0000][1][safepoint    ] Leaving safepoint region
[2019-12-08T10:13:36.731+0000][1][safepoint    ] Total time for which application threads were stopped: 0.0000692 seconds, Stopping threads took: 0.0000192 seconds
[2019-12-08T10:13:37.731+0000][1][safepoint    ] Application time: 1.0000789 seconds
[2019-12-08T10:13:37.731+0000][1][safepoint    ] Entering safepoint region: Cleanup
[2019-12-08T10:13:37.731+0000][1][safepoint    ] Leaving safepoint region
[2019-12-08T10:13:37.731+0000][1][safepoint    ] Total time for which application threads were stopped: 0.0000705 seconds, Stopping threads took: 0.0000176 seconds
[2019-12-08T10:13:38.731+0000][1][safepoint    ] Application time: 1.0000796 seconds
[2019-12-08T10:13:38.731+0000][1][safepoint    ] Entering safepoint region: Cleanup
[2019-12-08T10:13:38.731+0000][1][safepoint    ] Leaving safepoint region
[2019-12-08T10:13:38.731+0000][1][safepoint    ] Total time for which application threads were stopped: 0.0000689 seconds, Stopping threads took: 0.0000186 seconds
[2019-12-08T10:13:39.731+0000][1][safepoint    ] Application time: 1.0000792 seconds
[2019-12-08T10:13:39.731+0000][1][safepoint    ] Entering safepoint region: Cleanup
[2019-12-08T10:13:39.732+0000][1][safepoint    ] Leaving safepoint region
[2019-12-08T10:13:39.732+0000][1][safepoint    ] Total time for which application threads were stopped: 0.0000941 seconds, Stopping threads took: 0.0000237 seconds
[2019-12-08T10:13:40.732+0000][1][safepoint    ] Application time: 1.0000851 seconds
[2019-12-08T10:13:40.732+0000][1][safepoint    ] Entering safepoint region: Cleanup
[2019-12-08T10:13:40.732+0000][1][safepoint    ] Leaving safepoint region
[2019-12-08T10:13:40.732+0000][1][safepoint    ] Total time for which application threads were stopped: 0.0000852 seconds, Stopping threads took: 0.0000310 seconds
[2019-12-08T10:13:41.732+0000][1][safepoint    ] Application time: 1.0000771 seconds
[2019-12-08T10:13:41.732+0000][1][safepoint    ] Entering safepoint region: Cleanup
[2019-12-08T10:13:41.732+0000][1][safepoint    ] Leaving safepoint region
[2019-12-08T10:13:41.732+0000][1][safepoint    ] Total time for which application threads were stopped: 0.0000692 seconds, Stopping threads took: 0.0000180 seconds
[2019-12-08T10:13:42.732+0000][1][safepoint    ] Application time: 1.0000800 seconds
[2019-12-08T10:13:42.732+0000][1][safepoint    ] Entering safepoint region: Cleanup
[2019-12-08T10:13:42.732+0000][1][safepoint    ] Leaving safepoint region
[2019-12-08T10:13:42.732+0000][1][safepoint    ] Total time for which application threads were stopped: 0.0000805 seconds, Stopping threads took: 0.0000286 seconds
[2019-12-08T10:13:43.732+0000][1][safepoint    ] Application time: 1.0000805 seconds
[2019-12-08T10:13:43.732+0000][1][safepoint    ] Entering safepoint region: Cleanup
[2019-12-08T10:13:43.732+0000][1][safepoint    ] Leaving safepoint region
[2019-12-08T10:13:43.732+0000][1][safepoint    ] Total time for which application threads were stopped: 0.0000709 seconds, Stopping threads took: 0.0000210 seconds
[2019-12-08T10:13:43.958+0000][1][safepoint    ] Application time: 0.2255026 seconds
[2019-12-08T10:13:43.958+0000][1][safepoint    ] Entering safepoint region: GenCollectForAllocation
[2019-12-08T10:13:43.958+0000][1][gc,start     ] GC(32) Pause Young (Allocation Failure)
[2019-12-08T10:13:43.958+0000][1][gc,task      ] GC(32) Using 4 workers of 4 for evacuation
[2019-12-08T10:13:43.959+0000][1][gc,age       ] GC(32) Desired survivor size 4456448 bytes, new threshold 6 (max threshold 6)
[2019-12-08T10:13:43.959+0000][1][gc,age       ] GC(32) Age table with threshold 6 (max threshold 6)
[2019-12-08T10:13:43.959+0000][1][gc,age       ] GC(32) - age   1:       6544 bytes,       6544 total
[2019-12-08T10:13:43.959+0000][1][gc,age       ] GC(32) - age   2:       2120 bytes,       8664 total
[2019-12-08T10:13:43.959+0000][1][gc,age       ] GC(32) - age   3:       2992 bytes,      11656 total
[2019-12-08T10:13:43.959+0000][1][gc,age       ] GC(32) - age   4:       1120 bytes,      12776 total
[2019-12-08T10:13:43.959+0000][1][gc,age       ] GC(32) - age   5:       5784 bytes,      18560 total
[2019-12-08T10:13:43.959+0000][1][gc,age       ] GC(32) - age   6:       4056 bytes,      22616 total
[2019-12-08T10:13:43.959+0000][1][gc,heap      ] GC(32) ParNew: 70107K->43K(78656K)
[2019-12-08T10:13:43.959+0000][1][gc,heap      ] GC(32) CMS: 71020K->71023K(174784K)
[2019-12-08T10:13:43.959+0000][1][gc,metaspace ] GC(32) Metaspace: 69121K->69121K(1112064K)
[2019-12-08T10:13:43.959+0000][1][gc           ] GC(32) Pause Young (Allocation Failure) 137M->69M(247M) 1.131ms
[2019-12-08T10:13:43.959+0000][1][gc,cpu       ] GC(32) User=0.01s Sys=0.00s Real=0.00s
[2019-12-08T10:13:43.959+0000][1][safepoint    ] Leaving safepoint region
[2019-12-08T10:13:43.959+0000][1][safepoint    ] Total time for which application threads were stopped: 0.0012705 seconds, Stopping threads took: 0.0000173 seconds
[2019-12-08T10:13:44.959+0000][1][safepoint    ] Application time: 1.0000916 seconds
[2019-12-08T10:13:44.959+0000][1][safepoint    ] Entering safepoint region: Cleanup
[2019-12-08T10:13:44.959+0000][1][safepoint    ] Leaving safepoint region
[2019-12-08T10:13:44.959+0000][1][safepoint    ] Total time for which application threads were stopped: 0.0000703 seconds, Stopping threads took: 0.0000183 seconds
[2019-12-08T10:13:45.959+0000][1][safepoint    ] Application time: 1.0000768 seconds
[2019-12-08T10:13:45.959+0000][1][safepoint    ] Entering safepoint region: Cleanup
[2019-12-08T10:13:45.960+0000][1][safepoint    ] Leaving safepoint region
[2019-12-08T10:13:45.960+0000][1][safepoint    ] Total time for which application threads were stopped: 0.0000691 seconds, Stopping threads took: 0.0000185 seconds
[2019-12-08T10:13:46.960+0000][1][safepoint    ] Application time: 1.0000772 seconds
[2019-12-08T10:13:46.960+0000][1][safepoint    ] Entering safepoint region: Cleanup
[2019-12-08T10:13:46.960+0000][1][safepoint    ] Leaving safepoint region
[2019-12-08T10:13:46.960+0000][1][safepoint    ] Total time for which application threads were stopped: 0.0000811 seconds, Stopping threads took: 0.0000176 seconds
[2019-12-08T10:13:47.960+0000][1][safepoint    ] Application time: 1.0000744 seconds
[2019-12-08T10:13:47.960+0000][1][safepoint    ] Entering safepoint region: Cleanup
[2019-12-08T10:13:47.960+0000][1][safepoint    ] Leaving safepoint region
[2019-12-08T10:13:47.960+0000][1][safepoint    ] Total time for which application threads were stopped: 0.0000665 seconds, Stopping threads took: 0.0000163 seconds
[2019-12-08T10:13:48.960+0000][1][safepoint    ] Application time: 1.0000771 seconds
[2019-12-08T10:13:48.960+0000][1][safepoint    ] Entering safepoint region: Cleanup
[2019-12-08T10:13:48.960+0000][1][safepoint    ] Leaving safepoint region
[2019-12-08T10:13:48.960+0000][1][safepoint    ] Total time for which application threads were stopped: 0.0000730 seconds, Stopping threads took: 0.0000168 seconds
[2019-12-08T10:13:49.960+0000][1][safepoint    ] Application time: 1.0000862 seconds
[2019-12-08T10:13:49.960+0000][1][safepoint    ] Entering safepoint region: Cleanup
[2019-12-08T10:13:49.960+0000][1][safepoint    ] Leaving safepoint region
[2019-12-08T10:13:49.960+0000][1][safepoint    ] Total time for which application threads were stopped: 0.0000706 seconds, Stopping threads took: 0.0000184 seconds
[2019-12-08T10:13:50.960+0000][1][safepoint    ] Application time: 1.0000793 seconds
[2019-12-08T10:13:50.960+0000][1][safepoint    ] Entering safepoint region: Cleanup
[2019-12-08T10:13:50.960+0000][1][safepoint    ] Leaving safepoint region
[2019-12-08T10:13:50.961+0000][1][safepoint    ] Total time for which application threads were stopped: 0.0000695 seconds, Stopping threads took: 0.0000173 seconds
[2019-12-08T10:13:51.961+0000][1][safepoint    ] Application time: 1.0000775 seconds
[2019-12-08T10:13:51.961+0000][1][safepoint    ] Entering safepoint region: Cleanup
[2019-12-08T10:13:51.961+0000][1][safepoint    ] Leaving safepoint region
[2019-12-08T10:13:51.961+0000][1][safepoint    ] Total time for which application threads were stopped: 0.0000852 seconds, Stopping threads took: 0.0000181 seconds
[2019-12-08T10:13:52.961+0000][1][safepoint    ] Application time: 1.0000799 seconds
[2019-12-08T10:13:52.961+0000][1][safepoint    ] Entering safepoint region: Cleanup
[2019-12-08T10:13:52.961+0000][1][safepoint    ] Leaving safepoint region
[2019-12-08T10:13:52.961+0000][1][safepoint    ] Total time for which application threads were stopped: 0.0000684 seconds, Stopping threads took: 0.0000175 seconds
[2019-12-08T10:13:53.961+0000][1][safepoint    ] Application time: 1.0000786 seconds
[2019-12-08T10:13:53.961+0000][1][safepoint    ] Entering safepoint region: Cleanup
[2019-12-08T10:13:53.961+0000][1][safepoint    ] Leaving safepoint region
[2019-12-08T10:13:53.961+0000][1][safepoint    ] Total time for which application threads were stopped: 0.0000721 seconds, Stopping threads took: 0.0000183 seconds
[2019-12-08T10:13:54.961+0000][1][safepoint    ] Application time: 1.0000958 seconds
[2019-12-08T10:13:54.961+0000][1][safepoint    ] Entering safepoint region: Cleanup
[2019-12-08T10:13:54.961+0000][1][safepoint    ] Leaving safepoint region
[2019-12-08T10:13:54.961+0000][1][safepoint    ] Total time for which application threads were stopped: 0.0000715 seconds, Stopping threads took: 0.0000190 seconds
[2019-12-08T10:13:55.961+0000][1][safepoint    ] Application time: 1.0000784 seconds
[2019-12-08T10:13:55.961+0000][1][safepoint    ] Entering safepoint region: Cleanup
[2019-12-08T10:13:55.961+0000][1][safepoint    ] Leaving safepoint region
[2019-12-08T10:13:55.962+0000][1][safepoint    ] Total time for which application threads were stopped: 0.0000693 seconds, Stopping threads took: 0.0000193 seconds
[2019-12-08T10:13:56.962+0000][1][safepoint    ] Application time: 1.0000772 seconds
[2019-12-08T10:13:56.962+0000][1][safepoint    ] Entering safepoint region: Cleanup
[2019-12-08T10:13:56.962+0000][1][safepoint    ] Leaving safepoint region
[2019-12-08T10:13:56.962+0000][1][safepoint    ] Total time for which application threads were stopped: 0.0000782 seconds, Stopping threads took: 0.0000176 seconds
[2019-12-08T10:13:57.962+0000][1][safepoint    ] Application time: 1.0000768 seconds
[2019-12-08T10:13:57.962+0000][1][safepoint    ] Entering safepoint region: Cleanup
[2019-12-08T10:13:57.962+0000][1][safepoint    ] Leaving safepoint region
[2019-12-08T10:13:57.962+0000][1][safepoint    ] Total time for which application threads were stopped: 0.0000695 seconds, Stopping threads took: 0.0000174 seconds
[2019-12-08T10:13:58.962+0000][1][safepoint    ] Application time: 1.0000777 seconds
[2019-12-08T10:13:58.962+0000][1][safepoint    ] Entering safepoint region: Cleanup
[2019-12-08T10:13:58.962+0000][1][safepoint    ] Leaving safepoint region
[2019-12-08T10:13:58.962+0000][1][safepoint    ] Total time for which application threads were stopped: 0.0000677 seconds, Stopping threads took: 0.0000181 seconds
[2019-12-08T10:13:59.962+0000][1][safepoint    ] Application time: 1.0000784 seconds
[2019-12-08T10:13:59.962+0000][1][safepoint    ] Entering safepoint region: Cleanup
[2019-12-08T10:13:59.962+0000][1][safepoint    ] Leaving safepoint region
[2019-12-08T10:13:59.962+0000][1][safepoint    ] Total time for which application threads were stopped: 0.0000686 seconds, Stopping threads took: 0.0000189 seconds
[2019-12-08T10:14:00.962+0000][1][safepoint    ] Application time: 1.0000475 seconds
[2019-12-08T10:14:00.962+0000][1][safepoint    ] Entering safepoint region: Cleanup
[2019-12-08T10:14:00.962+0000][1][safepoint    ] Leaving safepoint region
[2019-12-08T10:14:00.962+0000][1][safepoint    ] Total time for which application threads were stopped: 0.0000672 seconds, Stopping threads took: 0.0000172 seconds
[2019-12-08T10:14:01.963+0000][1][safepoint    ] Application time: 1.0003101 seconds
[2019-12-08T10:14:01.963+0000][1][safepoint    ] Entering safepoint region: Cleanup
[2019-12-08T10:14:01.963+0000][1][safepoint    ] Leaving safepoint region
[2019-12-08T10:14:01.963+0000][1][safepoint    ] Total time for which application threads were stopped: 0.0001018 seconds, Stopping threads took: 0.0000253 seconds
[2019-12-08T10:14:02.963+0000][1][safepoint    ] Application time: 1.0000809 seconds
[2019-12-08T10:14:02.963+0000][1][safepoint    ] Entering safepoint region: Cleanup
[2019-12-08T10:14:02.963+0000][1][safepoint    ] Leaving safepoint region
[2019-12-08T10:14:02.963+0000][1][safepoint    ] Total time for which application threads were stopped: 0.0000695 seconds, Stopping threads took: 0.0000174 seconds
[2019-12-08T10:14:03.963+0000][1][safepoint    ] Application time: 1.0000773 seconds
[2019-12-08T10:14:03.963+0000][1][safepoint    ] Entering safepoint region: Cleanup
[2019-12-08T10:14:03.963+0000][1][safepoint    ] Leaving safepoint region
[2019-12-08T10:14:03.963+0000][1][safepoint    ] Total time for which application threads were stopped: 0.0000723 seconds, Stopping threads took: 0.0000194 seconds
[2019-12-08T10:14:04.963+0000][1][safepoint    ] Application time: 1.0000785 seconds
[2019-12-08T10:14:04.963+0000][1][safepoint    ] Entering safepoint region: Cleanup
[2019-12-08T10:14:04.963+0000][1][safepoint    ] Leaving safepoint region
[2019-12-08T10:14:04.963+0000][1][safepoint    ] Total time for which application threads were stopped: 0.0000669 seconds, Stopping threads took: 0.0000175 seconds
[2019-12-08T10:14:05.964+0000][1][safepoint    ] Application time: 1.0000778 seconds
[2019-12-08T10:14:05.964+0000][1][safepoint    ] Entering safepoint region: Cleanup
[2019-12-08T10:14:05.964+0000][1][safepoint    ] Leaving safepoint region
[2019-12-08T10:14:05.964+0000][1][safepoint    ] Total time for which application threads were stopped: 0.0000700 seconds, Stopping threads took: 0.0000185 seconds
[2019-12-08T10:14:07.755+0000][1][safepoint    ] Application time: 1.7917169 seconds
[2019-12-08T10:14:07.755+0000][1][safepoint    ] Entering safepoint region: Cleanup
[2019-12-08T10:14:07.755+0000][1][safepoint    ] Leaving safepoint region
[2019-12-08T10:14:07.755+0000][1][safepoint    ] Total time for which application threads were stopped: 0.0000670 seconds, Stopping threads took: 0.0000159 seconds
[2019-12-08T10:14:08.756+0000][1][safepoint    ] Application time: 1.0000810 seconds
[2019-12-08T10:14:08.756+0000][1][safepoint    ] Entering safepoint region: Cleanup
[2019-12-08T10:14:08.756+0000][1][safepoint    ] Leaving safepoint region
[2019-12-08T10:14:08.756+0000][1][safepoint    ] Total time for which application threads were stopped: 0.0000683 seconds, Stopping threads took: 0.0000173 seconds
[2019-12-08T10:14:09.756+0000][1][safepoint    ] Application time: 1.0000800 seconds
[2019-12-08T10:14:09.756+0000][1][safepoint    ] Entering safepoint region: Cleanup
[2019-12-08T10:14:09.756+0000][1][safepoint    ] Leaving safepoint region
[2019-12-08T10:14:09.756+0000][1][safepoint    ] Total time for which application threads were stopped: 0.0000677 seconds, Stopping threads took: 0.0000183 seconds
[2019-12-08T10:14:10.756+0000][1][safepoint    ] Application time: 1.0000863 seconds
[2019-12-08T10:14:10.756+0000][1][safepoint    ] Entering safepoint region: Cleanup
[2019-12-08T10:14:10.756+0000][1][safepoint    ] Leaving safepoint region
[2019-12-08T10:14:10.756+0000][1][safepoint    ] Total time for which application threads were stopped: 0.0000702 seconds, Stopping threads took: 0.0000185 seconds
[2019-12-08T10:14:11.756+0000][1][safepoint    ] Application time: 1.0000878 seconds
[2019-12-08T10:14:11.756+0000][1][safepoint    ] Entering safepoint region: Cleanup
[2019-12-08T10:14:11.756+0000][1][safepoint    ] Leaving safepoint region
[2019-12-08T10:14:11.756+0000][1][safepoint    ] Total time for which application threads were stopped: 0.0001152 seconds, Stopping threads took: 0.0000513 seconds
[2019-12-08T10:14:12.756+0000][1][safepoint    ] Application time: 1.0000917 seconds
[2019-12-08T10:14:12.756+0000][1][safepoint    ] Entering safepoint region: Cleanup
[2019-12-08T10:14:12.756+0000][1][safepoint    ] Leaving safepoint region
[2019-12-08T10:14:12.756+0000][1][safepoint    ] Total time for which application threads were stopped: 0.0000722 seconds, Stopping threads took: 0.0000193 seconds
[2019-12-08T10:14:13.757+0000][1][safepoint    ] Application time: 1.0001025 seconds
[2019-12-08T10:14:13.757+0000][1][safepoint    ] Entering safepoint region: Cleanup
[2019-12-08T10:14:13.757+0000][1][safepoint    ] Leaving safepoint region
[2019-12-08T10:14:13.757+0000][1][safepoint    ] Total time for which application threads were stopped: 0.0000851 seconds, Stopping threads took: 0.0000180 seconds
[2019-12-08T10:14:14.757+0000][1][safepoint    ] Application time: 1.0000921 seconds
[2019-12-08T10:14:14.757+0000][1][safepoint    ] Entering safepoint region: Cleanup
[2019-12-08T10:14:14.757+0000][1][safepoint    ] Leaving safepoint region
[2019-12-08T10:14:14.757+0000][1][safepoint    ] Total time for which application threads were stopped: 0.0000750 seconds, Stopping threads took: 0.0000195 seconds
[2019-12-08T10:14:15.757+0000][1][safepoint    ] Application time: 1.0000965 seconds
[2019-12-08T10:14:15.757+0000][1][safepoint    ] Entering safepoint region: Cleanup
[2019-12-08T10:14:15.757+0000][1][safepoint    ] Leaving safepoint region
[2019-12-08T10:14:15.757+0000][1][safepoint    ] Total time for which application threads were stopped: 0.0000700 seconds, Stopping threads took: 0.0000180 seconds
[2019-12-08T10:14:16.757+0000][1][safepoint    ] Application time: 1.0000882 seconds
[2019-12-08T10:14:16.757+0000][1][safepoint    ] Entering safepoint region: Cleanup
[2019-12-08T10:14:16.757+0000][1][safepoint    ] Leaving safepoint region
[2019-12-08T10:14:16.757+0000][1][safepoint    ] Total time for which application threads were stopped: 0.0000698 seconds, Stopping threads took: 0.0000180 seconds
[2019-12-08T10:14:17.757+0000][1][safepoint    ] Application time: 1.0000821 seconds
[2019-12-08T10:14:17.757+0000][1][safepoint    ] Entering safepoint region: Cleanup
[2019-12-08T10:14:17.758+0000][1][safepoint    ] Leaving safepoint region
[2019-12-08T10:14:17.758+0000][1][safepoint    ] Total time for which application threads were stopped: 0.0000690 seconds, Stopping threads took: 0.0000187 seconds
[2019-12-08T10:14:18.758+0000][1][safepoint    ] Application time: 1.0000867 seconds
[2019-12-08T10:14:18.758+0000][1][safepoint    ] Entering safepoint region: Cleanup
[2019-12-08T10:14:18.758+0000][1][safepoint    ] Leaving safepoint region
[2019-12-08T10:14:18.758+0000][1][safepoint    ] Total time for which application threads were stopped: 0.0000865 seconds, Stopping threads took: 0.0000347 seconds
[2019-12-08T10:14:19.758+0000][1][safepoint    ] Application time: 1.0001008 seconds
[2019-12-08T10:14:19.758+0000][1][safepoint    ] Entering safepoint region: Cleanup
[2019-12-08T10:14:19.758+0000][1][safepoint    ] Leaving safepoint region
[2019-12-08T10:14:19.758+0000][1][safepoint    ] Total time for which application threads were stopped: 0.0000687 seconds, Stopping threads took: 0.0000179 seconds
[2019-12-08T10:14:20.758+0000][1][safepoint    ] Application time: 1.0000962 seconds
[2019-12-08T10:14:20.758+0000][1][safepoint    ] Entering safepoint region: Cleanup
[2019-12-08T10:14:20.758+0000][1][safepoint    ] Leaving safepoint region
[2019-12-08T10:14:20.758+0000][1][safepoint    ] Total time for which application threads were stopped: 0.0000691 seconds, Stopping threads took: 0.0000183 seconds
[2019-12-08T10:14:21.758+0000][1][safepoint    ] Application time: 1.0000842 seconds
[2019-12-08T10:14:21.758+0000][1][safepoint    ] Entering safepoint region: Cleanup
[2019-12-08T10:14:21.758+0000][1][safepoint    ] Leaving safepoint region
[2019-12-08T10:14:21.758+0000][1][safepoint    ] Total time for which application threads were stopped: 0.0000694 seconds, Stopping threads took: 0.0000182 seconds
[2019-12-08T10:14:22.758+0000][1][safepoint    ] Application time: 1.0000969 seconds
[2019-12-08T10:14:22.759+0000][1][safepoint    ] Entering safepoint region: Cleanup
[2019-12-08T10:14:22.759+0000][1][safepoint    ] Leaving safepoint region
[2019-12-08T10:14:22.759+0000][1][safepoint    ] Total time for which application threads were stopped: 0.0000719 seconds, Stopping threads took: 0.0000190 seconds
[2019-12-08T10:14:23.759+0000][1][safepoint    ] Application time: 1.0001035 seconds
[2019-12-08T10:14:23.759+0000][1][safepoint    ] Entering safepoint region: Cleanup
[2019-12-08T10:14:23.759+0000][1][safepoint    ] Leaving safepoint region
[2019-12-08T10:14:23.759+0000][1][safepoint    ] Total time for which application threads were stopped: 0.0000696 seconds, Stopping threads took: 0.0000180 seconds
[2019-12-08T10:14:24.759+0000][1][safepoint    ] Application time: 1.0000881 seconds
[2019-12-08T10:14:24.759+0000][1][safepoint    ] Entering safepoint region: Cleanup
[2019-12-08T10:14:24.759+0000][1][safepoint    ] Leaving safepoint region
[2019-12-08T10:14:24.759+0000][1][safepoint    ] Total time for which application threads were stopped: 0.0000698 seconds, Stopping threads took: 0.0000175 seconds
[2019-12-08T10:14:25.759+0000][1][safepoint    ] Application time: 1.0000815 seconds
[2019-12-08T10:14:25.759+0000][1][safepoint    ] Entering safepoint region: Cleanup
[2019-12-08T10:14:25.759+0000][1][safepoint    ] Leaving safepoint region
[2019-12-08T10:14:25.759+0000][1][safepoint    ] Total time for which application threads were stopped: 0.0000678 seconds, Stopping threads took: 0.0000186 seconds
[2019-12-08T10:14:26.759+0000][1][safepoint    ] Application time: 1.0000814 seconds
[2019-12-08T10:14:26.759+0000][1][safepoint    ] Entering safepoint region: Cleanup
[2019-12-08T10:14:26.759+0000][1][safepoint    ] Leaving safepoint region
[2019-12-08T10:14:26.759+0000][1][safepoint    ] Total time for which application threads were stopped: 0.0000671 seconds, Stopping threads took: 0.0000165 seconds
[2019-12-08T10:14:27.760+0000][1][safepoint    ] Application time: 1.0000864 seconds
[2019-12-08T10:14:27.760+0000][1][safepoint    ] Entering safepoint region: Cleanup
[2019-12-08T10:14:27.760+0000][1][safepoint    ] Leaving safepoint region
[2019-12-08T10:14:27.760+0000][1][safepoint    ] Total time for which application threads were stopped: 0.0000710 seconds, Stopping threads took: 0.0000182 seconds
[2019-12-08T10:14:28.760+0000][1][safepoint    ] Application time: 1.0000888 seconds
[2019-12-08T10:14:28.760+0000][1][safepoint    ] Entering safepoint region: Cleanup
[2019-12-08T10:14:28.760+0000][1][safepoint    ] Leaving safepoint region
[2019-12-08T10:14:28.760+0000][1][safepoint    ] Total time for which application threads were stopped: 0.0000678 seconds, Stopping threads took: 0.0000174 seconds
[2019-12-08T10:14:29.760+0000][1][safepoint    ] Application time: 1.0000768 seconds
[2019-12-08T10:14:29.760+0000][1][safepoint    ] Entering safepoint region: Cleanup
[2019-12-08T10:14:29.760+0000][1][safepoint    ] Leaving safepoint region
[2019-12-08T10:14:29.760+0000][1][safepoint    ] Total time for which application threads were stopped: 0.0000833 seconds, Stopping threads took: 0.0000245 seconds
[2019-12-08T10:14:30.760+0000][1][safepoint    ] Application time: 1.0000996 seconds
[2019-12-08T10:14:30.760+0000][1][safepoint    ] Entering safepoint region: Cleanup
[2019-12-08T10:14:30.760+0000][1][safepoint    ] Leaving safepoint region
[2019-12-08T10:14:30.760+0000][1][safepoint    ] Total time for which application threads were stopped: 0.0000701 seconds, Stopping threads took: 0.0000184 seconds
[2019-12-08T10:14:31.760+0000][1][safepoint    ] Application time: 1.0000815 seconds
[2019-12-08T10:14:31.760+0000][1][safepoint    ] Entering safepoint region: Cleanup
[2019-12-08T10:14:31.760+0000][1][safepoint    ] Leaving safepoint region
[2019-12-08T10:14:31.760+0000][1][safepoint    ] Total time for which application threads were stopped: 0.0000705 seconds, Stopping threads took: 0.0000184 seconds
[2019-12-08T10:14:32.761+0000][1][safepoint    ] Application time: 1.0000816 seconds
[2019-12-08T10:14:32.761+0000][1][safepoint    ] Entering safepoint region: Cleanup
[2019-12-08T10:14:32.761+0000][1][safepoint    ] Leaving safepoint region
[2019-12-08T10:14:32.761+0000][1][safepoint    ] Total time for which application threads were stopped: 0.0000699 seconds, Stopping threads took: 0.0000181 seconds
[2019-12-08T10:14:33.761+0000][1][safepoint    ] Application time: 1.0000972 seconds
[2019-12-08T10:14:33.761+0000][1][safepoint    ] Entering safepoint region: Cleanup
[2019-12-08T10:14:33.761+0000][1][safepoint    ] Leaving safepoint region
[2019-12-08T10:14:33.761+0000][1][safepoint    ] Total time for which application threads were stopped: 0.0000695 seconds, Stopping threads took: 0.0000180 seconds
[2019-12-08T10:14:34.761+0000][1][safepoint    ] Application time: 1.0000769 seconds
[2019-12-08T10:14:34.761+0000][1][safepoint    ] Entering safepoint region: Cleanup
[2019-12-08T10:14:34.761+0000][1][safepoint    ] Leaving safepoint region
[2019-12-08T10:14:34.761+0000][1][safepoint    ] Total time for which application threads were stopped: 0.0000703 seconds, Stopping threads took: 0.0000195 seconds
[2019-12-08T10:14:35.761+0000][1][safepoint    ] Application time: 1.0000762 seconds
[2019-12-08T10:14:35.761+0000][1][safepoint    ] Entering safepoint region: Cleanup
[2019-12-08T10:14:35.761+0000][1][safepoint    ] Leaving safepoint region
[2019-12-08T10:14:35.761+0000][1][safepoint    ] Total time for which application threads were stopped: 0.0000702 seconds, Stopping threads took: 0.0000191 seconds
[2019-12-08T10:14:36.774+0000][1][safepoint    ] Application time: 1.0124671 seconds
[2019-12-08T10:14:36.774+0000][1][safepoint    ] Entering safepoint region: Cleanup
[2019-12-08T10:14:36.774+0000][1][safepoint    ] Leaving safepoint region
[2019-12-08T10:14:36.774+0000][1][safepoint    ] Total time for which application threads were stopped: 0.0000698 seconds, Stopping threads took: 0.0000147 seconds
[2019-12-08T10:14:37.774+0000][1][safepoint    ] Application time: 1.0000782 seconds
[2019-12-08T10:14:37.774+0000][1][safepoint    ] Entering safepoint region: Cleanup
[2019-12-08T10:14:37.774+0000][1][safepoint    ] Leaving safepoint region
[2019-12-08T10:14:37.774+0000][1][safepoint    ] Total time for which application threads were stopped: 0.0000623 seconds, Stopping threads took: 0.0000150 seconds
[2019-12-08T10:14:38.774+0000][1][safepoint    ] Application time: 1.0000775 seconds
[2019-12-08T10:14:38.774+0000][1][safepoint    ] Entering safepoint region: Cleanup
[2019-12-08T10:14:38.774+0000][1][safepoint    ] Leaving safepoint region
[2019-12-08T10:14:38.774+0000][1][safepoint    ] Total time for which application threads were stopped: 0.0000702 seconds, Stopping threads took: 0.0000163 seconds
[2019-12-08T10:14:39.774+0000][1][safepoint    ] Application time: 1.0000743 seconds
[2019-12-08T10:14:39.774+0000][1][safepoint    ] Entering safepoint region: Cleanup
[2019-12-08T10:14:39.774+0000][1][safepoint    ] Leaving safepoint region
[2019-12-08T10:14:39.774+0000][1][safepoint    ] Total time for which application threads were stopped: 0.0000624 seconds, Stopping threads took: 0.0000157 seconds
[2019-12-08T10:14:40.774+0000][1][safepoint    ] Application time: 1.0000809 seconds
[2019-12-08T10:14:40.774+0000][1][safepoint    ] Entering safepoint region: Cleanup
[2019-12-08T10:14:40.775+0000][1][safepoint    ] Leaving safepoint region
[2019-12-08T10:14:40.775+0000][1][safepoint    ] Total time for which application threads were stopped: 0.0000748 seconds, Stopping threads took: 0.0000176 seconds
[2019-12-08T10:14:41.775+0000][1][safepoint    ] Application time: 1.0000829 seconds
[2019-12-08T10:14:41.775+0000][1][safepoint    ] Entering safepoint region: Cleanup
[2019-12-08T10:14:41.775+0000][1][safepoint    ] Leaving safepoint region
[2019-12-08T10:14:41.775+0000][1][safepoint    ] Total time for which application threads were stopped: 0.0000857 seconds, Stopping threads took: 0.0000278 seconds
[2019-12-08T10:14:42.775+0000][1][safepoint    ] Application time: 1.0000873 seconds
[2019-12-08T10:14:42.775+0000][1][safepoint    ] Entering safepoint region: Cleanup
[2019-12-08T10:14:42.775+0000][1][safepoint    ] Leaving safepoint region
[2019-12-08T10:14:42.775+0000][1][safepoint    ] Total time for which application threads were stopped: 0.0001379 seconds, Stopping threads took: 0.0000762 seconds
[2019-12-08T10:14:43.775+0000][1][safepoint    ] Application time: 1.0000929 seconds
[2019-12-08T10:14:43.775+0000][1][safepoint    ] Entering safepoint region: Cleanup
[2019-12-08T10:14:43.775+0000][1][safepoint    ] Leaving safepoint region
[2019-12-08T10:14:43.775+0000][1][safepoint    ] Total time for which application threads were stopped: 0.0001682 seconds, Stopping threads took: 0.0000854 seconds
[2019-12-08T10:14:44.775+0000][1][safepoint    ] Application time: 1.0000821 seconds
[2019-12-08T10:14:44.775+0000][1][safepoint    ] Entering safepoint region: Cleanup
[2019-12-08T10:14:44.776+0000][1][safepoint    ] Leaving safepoint region
[2019-12-08T10:14:44.776+0000][1][safepoint    ] Total time for which application threads were stopped: 0.0001034 seconds, Stopping threads took: 0.0000311 seconds
[2019-12-08T10:14:45.776+0000][1][safepoint    ] Application time: 1.0000836 seconds
[2019-12-08T10:14:45.776+0000][1][safepoint    ] Entering safepoint region: Cleanup
[2019-12-08T10:14:45.776+0000][1][safepoint    ] Leaving safepoint region
[2019-12-08T10:14:45.776+0000][1][safepoint    ] Total time for which application threads were stopped: 0.0000714 seconds, Stopping threads took: 0.0000190 seconds
[2019-12-08T10:14:46.776+0000][1][safepoint    ] Application time: 1.0000797 seconds
[2019-12-08T10:14:46.776+0000][1][safepoint    ] Entering safepoint region: Cleanup
[2019-12-08T10:14:46.776+0000][1][safepoint    ] Leaving safepoint region
[2019-12-08T10:14:46.776+0000][1][safepoint    ] Total time for which application threads were stopped: 0.0000641 seconds, Stopping threads took: 0.0000161 seconds
[2019-12-08T10:14:47.776+0000][1][safepoint    ] Application time: 1.0000761 seconds
[2019-12-08T10:14:47.776+0000][1][safepoint    ] Entering safepoint region: Cleanup
[2019-12-08T10:14:47.776+0000][1][safepoint    ] Leaving safepoint region
[2019-12-08T10:14:47.776+0000][1][safepoint    ] Total time for which application threads were stopped: 0.0000650 seconds, Stopping threads took: 0.0000166 seconds
[2019-12-08T10:14:48.776+0000][1][safepoint    ] Application time: 1.0000794 seconds
[2019-12-08T10:14:48.776+0000][1][safepoint    ] Entering safepoint region: Cleanup
[2019-12-08T10:14:48.776+0000][1][safepoint    ] Leaving safepoint region
[2019-12-08T10:14:48.776+0000][1][safepoint    ] Total time for which application threads were stopped: 0.0000711 seconds, Stopping threads took: 0.0000177 seconds
[2019-12-08T10:14:49.776+0000][1][safepoint    ] Application time: 1.0000749 seconds
[2019-12-08T10:14:49.776+0000][1][safepoint    ] Entering safepoint region: Cleanup
[2019-12-08T10:14:49.777+0000][1][safepoint    ] Leaving safepoint region
[2019-12-08T10:14:49.777+0000][1][safepoint    ] Total time for which application threads were stopped: 0.0000631 seconds, Stopping threads took: 0.0000163 seconds
[2019-12-08T10:14:50.777+0000][1][safepoint    ] Application time: 1.0000750 seconds
[2019-12-08T10:14:50.777+0000][1][safepoint    ] Entering safepoint region: Cleanup
[2019-12-08T10:14:50.777+0000][1][safepoint    ] Leaving safepoint region
[2019-12-08T10:14:50.777+0000][1][safepoint    ] Total time for which application threads were stopped: 0.0000818 seconds, Stopping threads took: 0.0000189 seconds
[2019-12-08T10:14:51.777+0000][1][safepoint    ] Application time: 1.0000771 seconds
[2019-12-08T10:14:51.777+0000][1][safepoint    ] Entering safepoint region: Cleanup
[2019-12-08T10:14:51.777+0000][1][safepoint    ] Leaving safepoint region
[2019-12-08T10:14:51.777+0000][1][safepoint    ] Total time for which application threads were stopped: 0.0000695 seconds, Stopping threads took: 0.0000185 seconds
[2019-12-08T10:14:52.777+0000][1][safepoint    ] Application time: 1.0000751 seconds
[2019-12-08T10:14:52.777+0000][1][safepoint    ] Entering safepoint region: Cleanup
[2019-12-08T10:14:52.777+0000][1][safepoint    ] Leaving safepoint region
[2019-12-08T10:14:52.777+0000][1][safepoint    ] Total time for which application threads were stopped: 0.0000727 seconds, Stopping threads took: 0.0000238 seconds
[2019-12-08T10:14:53.777+0000][1][safepoint    ] Application time: 1.0000795 seconds
[2019-12-08T10:14:53.777+0000][1][safepoint    ] Entering safepoint region: Cleanup
[2019-12-08T10:14:53.777+0000][1][safepoint    ] Leaving safepoint region
[2019-12-08T10:14:53.777+0000][1][safepoint    ] Total time for which application threads were stopped: 0.0000667 seconds, Stopping threads took: 0.0000170 seconds
[2019-12-08T10:14:54.777+0000][1][safepoint    ] Application time: 1.0000800 seconds
[2019-12-08T10:14:54.777+0000][1][safepoint    ] Entering safepoint region: Cleanup
[2019-12-08T10:14:54.777+0000][1][safepoint    ] Leaving safepoint region
[2019-12-08T10:14:54.777+0000][1][safepoint    ] Total time for which application threads were stopped: 0.0000689 seconds, Stopping threads took: 0.0000185 seconds
[2019-12-08T10:14:55.778+0000][1][safepoint    ] Application time: 1.0000788 seconds
[2019-12-08T10:14:55.778+0000][1][safepoint    ] Entering safepoint region: Cleanup
[2019-12-08T10:14:55.778+0000][1][safepoint    ] Leaving safepoint region
[2019-12-08T10:14:55.778+0000][1][safepoint    ] Total time for which application threads were stopped: 0.0000693 seconds, Stopping threads took: 0.0000185 seconds
[2019-12-08T10:14:56.778+0000][1][safepoint    ] Application time: 1.0000809 seconds
[2019-12-08T10:14:56.778+0000][1][safepoint    ] Entering safepoint region: Cleanup
[2019-12-08T10:14:56.778+0000][1][safepoint    ] Leaving safepoint region
[2019-12-08T10:14:56.778+0000][1][safepoint    ] Total time for which application threads were stopped: 0.0000656 seconds, Stopping threads took: 0.0000169 seconds
[2019-12-08T10:14:57.778+0000][1][safepoint    ] Application time: 1.0000806 seconds
[2019-12-08T10:14:57.778+0000][1][safepoint    ] Entering safepoint region: Cleanup
[2019-12-08T10:14:57.778+0000][1][safepoint    ] Leaving safepoint region
[2019-12-08T10:14:57.778+0000][1][safepoint    ] Total time for which application threads were stopped: 0.0000729 seconds, Stopping threads took: 0.0000178 seconds
[2019-12-08T10:14:58.778+0000][1][safepoint    ] Application time: 1.0000831 seconds
[2019-12-08T10:14:58.778+0000][1][safepoint    ] Entering safepoint region: Cleanup
[2019-12-08T10:14:58.778+0000][1][safepoint    ] Leaving safepoint region
[2019-12-08T10:14:58.778+0000][1][safepoint    ] Total time for which application threads were stopped: 0.0000647 seconds, Stopping threads took: 0.0000174 seconds
[2019-12-08T10:14:59.778+0000][1][safepoint    ] Application time: 1.0000788 seconds
[2019-12-08T10:14:59.778+0000][1][safepoint    ] Entering safepoint region: Cleanup
[2019-12-08T10:14:59.778+0000][1][safepoint    ] Leaving safepoint region
[2019-12-08T10:14:59.778+0000][1][safepoint    ] Total time for which application threads were stopped: 0.0000625 seconds, Stopping threads took: 0.0000164 seconds
[2019-12-08T10:15:00.778+0000][1][safepoint    ] Application time: 1.0000789 seconds
[2019-12-08T10:15:00.778+0000][1][safepoint    ] Entering safepoint region: Cleanup
[2019-12-08T10:15:00.779+0000][1][safepoint    ] Leaving safepoint region
[2019-12-08T10:15:00.779+0000][1][safepoint    ] Total time for which application threads were stopped: 0.0000703 seconds, Stopping threads took: 0.0000190 seconds
[2019-12-08T10:15:01.779+0000][1][safepoint    ] Application time: 1.0000791 seconds
[2019-12-08T10:15:01.779+0000][1][safepoint    ] Entering safepoint region: Cleanup
[2019-12-08T10:15:01.779+0000][1][safepoint    ] Leaving safepoint region
[2019-12-08T10:15:01.779+0000][1][safepoint    ] Total time for which application threads were stopped: 0.0000900 seconds, Stopping threads took: 0.0000186 seconds
[2019-12-08T10:15:02.779+0000][1][safepoint    ] Application time: 1.0000787 seconds
[2019-12-08T10:15:02.779+0000][1][safepoint    ] Entering safepoint region: Cleanup
[2019-12-08T10:15:02.779+0000][1][safepoint    ] Leaving safepoint region
[2019-12-08T10:15:02.779+0000][1][safepoint    ] Total time for which application threads were stopped: 0.0000780 seconds, Stopping threads took: 0.0000270 seconds
[2019-12-08T10:15:03.779+0000][1][safepoint    ] Application time: 1.0000848 seconds
[2019-12-08T10:15:03.779+0000][1][safepoint    ] Entering safepoint region: Cleanup
[2019-12-08T10:15:03.779+0000][1][safepoint    ] Leaving safepoint region
[2019-12-08T10:15:03.779+0000][1][safepoint    ] Total time for which application threads were stopped: 0.0000771 seconds, Stopping threads took: 0.0000177 seconds
[2019-12-08T10:15:04.779+0000][1][safepoint    ] Application time: 1.0000799 seconds
[2019-12-08T10:15:04.779+0000][1][safepoint    ] Entering safepoint region: Cleanup
[2019-12-08T10:15:04.779+0000][1][safepoint    ] Leaving safepoint region
[2019-12-08T10:15:04.779+0000][1][safepoint    ] Total time for which application threads were stopped: 0.0000735 seconds, Stopping threads took: 0.0000190 seconds
[2019-12-08T10:15:05.779+0000][1][safepoint    ] Application time: 1.0000847 seconds
[2019-12-08T10:15:05.779+0000][1][safepoint    ] Entering safepoint region: Cleanup
[2019-12-08T10:15:05.780+0000][1][safepoint    ] Leaving safepoint region
[2019-12-08T10:15:05.780+0000][1][safepoint    ] Total time for which application threads were stopped: 0.0000702 seconds, Stopping threads took: 0.0000194 seconds
[2019-12-08T10:15:06.780+0000][1][safepoint    ] Application time: 1.0000796 seconds
[2019-12-08T10:15:06.780+0000][1][safepoint    ] Entering safepoint region: Cleanup
[2019-12-08T10:15:06.780+0000][1][safepoint    ] Leaving safepoint region
[2019-12-08T10:15:06.780+0000][1][safepoint    ] Total time for which application threads were stopped: 0.0000880 seconds, Stopping threads took: 0.0000178 seconds
[2019-12-08T10:15:07.780+0000][1][safepoint    ] Application time: 1.0000748 seconds
[2019-12-08T10:15:07.780+0000][1][safepoint    ] Entering safepoint region: Cleanup
[2019-12-08T10:15:07.780+0000][1][safepoint    ] Leaving safepoint region
[2019-12-08T10:15:07.780+0000][1][safepoint    ] Total time for which application threads were stopped: 0.0000668 seconds, Stopping threads took: 0.0000183 seconds
[2019-12-08T10:15:08.780+0000][1][safepoint    ] Application time: 1.0000788 seconds
[2019-12-08T10:15:08.780+0000][1][safepoint    ] Entering safepoint region: Cleanup
[2019-12-08T10:15:08.780+0000][1][safepoint    ] Leaving safepoint region
[2019-12-08T10:15:08.780+0000][1][safepoint    ] Total time for which application threads were stopped: 0.0000702 seconds, Stopping threads took: 0.0000188 seconds
[2019-12-08T10:15:09.780+0000][1][safepoint    ] Application time: 1.0000802 seconds
[2019-12-08T10:15:09.780+0000][1][safepoint    ] Entering safepoint region: Cleanup
[2019-12-08T10:15:09.780+0000][1][safepoint    ] Leaving safepoint region
[2019-12-08T10:15:09.780+0000][1][safepoint    ] Total time for which application threads were stopped: 0.0000723 seconds, Stopping threads took: 0.0000192 seconds
[2019-12-08T10:15:10.780+0000][1][safepoint    ] Application time: 1.0000798 seconds
[2019-12-08T10:15:10.780+0000][1][safepoint    ] Entering safepoint region: Cleanup
[2019-12-08T10:15:10.780+0000][1][safepoint    ] Leaving safepoint region
[2019-12-08T10:15:10.780+0000][1][safepoint    ] Total time for which application threads were stopped: 0.0000673 seconds, Stopping threads took: 0.0000172 seconds
[2019-12-08T10:15:11.781+0000][1][safepoint    ] Application time: 1.0000794 seconds
[2019-12-08T10:15:11.781+0000][1][safepoint    ] Entering safepoint region: Cleanup
[2019-12-08T10:15:11.781+0000][1][safepoint    ] Leaving safepoint region
[2019-12-08T10:15:11.781+0000][1][safepoint    ] Total time for which application threads were stopped: 0.0000797 seconds, Stopping threads took: 0.0000180 seconds
[2019-12-08T10:15:12.781+0000][1][safepoint    ] Application time: 1.0000823 seconds
[2019-12-08T10:15:12.781+0000][1][safepoint    ] Entering safepoint region: Cleanup
[2019-12-08T10:15:12.781+0000][1][safepoint    ] Leaving safepoint region
[2019-12-08T10:15:12.781+0000][1][safepoint    ] Total time for which application threads were stopped: 0.0000719 seconds, Stopping threads took: 0.0000198 seconds
[2019-12-08T10:15:13.781+0000][1][safepoint    ] Application time: 1.0000849 seconds
[2019-12-08T10:15:13.781+0000][1][safepoint    ] Entering safepoint region: Cleanup
[2019-12-08T10:15:13.781+0000][1][safepoint    ] Leaving safepoint region
[2019-12-08T10:15:13.781+0000][1][safepoint    ] Total time for which application threads were stopped: 0.0000689 seconds, Stopping threads took: 0.0000190 seconds
[2019-12-08T10:15:14.781+0000][1][safepoint    ] Application time: 1.0000836 seconds
[2019-12-08T10:15:14.781+0000][1][safepoint    ] Entering safepoint region: Cleanup
[2019-12-08T10:15:14.781+0000][1][safepoint    ] Leaving safepoint region
[2019-12-08T10:15:14.781+0000][1][safepoint    ] Total time for which application threads were stopped: 0.0000702 seconds, Stopping threads took: 0.0000190 seconds
[2019-12-08T10:15:15.781+0000][1][safepoint    ] Application time: 1.0000846 seconds
[2019-12-08T10:15:15.781+0000][1][safepoint    ] Entering safepoint region: Cleanup
[2019-12-08T10:15:15.782+0000][1][safepoint    ] Leaving safepoint region
[2019-12-08T10:15:15.782+0000][1][safepoint    ] Total time for which application threads were stopped: 0.0000709 seconds, Stopping threads took: 0.0000188 seconds
[2019-12-08T10:15:16.782+0000][1][safepoint    ] Application time: 1.0000840 seconds
[2019-12-08T10:15:16.782+0000][1][safepoint    ] Entering safepoint region: Cleanup
[2019-12-08T10:15:16.782+0000][1][safepoint    ] Leaving safepoint region
[2019-12-08T10:15:16.782+0000][1][safepoint    ] Total time for which application threads were stopped: 0.0000814 seconds, Stopping threads took: 0.0000199 seconds
[2019-12-08T10:15:17.782+0000][1][safepoint    ] Application time: 1.0000792 seconds
[2019-12-08T10:15:17.782+0000][1][safepoint    ] Entering safepoint region: Cleanup
[2019-12-08T10:15:17.782+0000][1][safepoint    ] Leaving safepoint region
[2019-12-08T10:15:17.782+0000][1][safepoint    ] Total time for which application threads were stopped: 0.0000794 seconds, Stopping threads took: 0.0000281 seconds
[2019-12-08T10:15:18.782+0000][1][safepoint    ] Application time: 1.0000828 seconds
[2019-12-08T10:15:18.782+0000][1][safepoint    ] Entering safepoint region: Cleanup
[2019-12-08T10:15:18.782+0000][1][safepoint    ] Leaving safepoint region
[2019-12-08T10:15:18.782+0000][1][safepoint    ] Total time for which application threads were stopped: 0.0000695 seconds, Stopping threads took: 0.0000175 seconds
[2019-12-08T10:15:19.782+0000][1][safepoint    ] Application time: 1.0000784 seconds
[2019-12-08T10:15:19.782+0000][1][safepoint    ] Entering safepoint region: Cleanup
[2019-12-08T10:15:19.782+0000][1][safepoint    ] Leaving safepoint region
[2019-12-08T10:15:19.782+0000][1][safepoint    ] Total time for which application threads were stopped: 0.0000684 seconds, Stopping threads took: 0.0000181 seconds
[2019-12-08T10:15:20.782+0000][1][safepoint    ] Application time: 1.0000893 seconds
[2019-12-08T10:15:20.782+0000][1][safepoint    ] Entering safepoint region: Cleanup
[2019-12-08T10:15:20.783+0000][1][safepoint    ] Leaving safepoint region
[2019-12-08T10:15:20.783+0000][1][safepoint    ] Total time for which application threads were stopped: 0.0000700 seconds, Stopping threads took: 0.0000173 seconds
[2019-12-08T10:15:21.783+0000][1][safepoint    ] Application time: 1.0000788 seconds
[2019-12-08T10:15:21.783+0000][1][safepoint    ] Entering safepoint region: Cleanup
[2019-12-08T10:15:21.783+0000][1][safepoint    ] Leaving safepoint region
[2019-12-08T10:15:21.783+0000][1][safepoint    ] Total time for which application threads were stopped: 0.0000813 seconds, Stopping threads took: 0.0000183 seconds
[2019-12-08T10:15:22.783+0000][1][safepoint    ] Application time: 1.0000790 seconds
[2019-12-08T10:15:22.783+0000][1][safepoint    ] Entering safepoint region: Cleanup
[2019-12-08T10:15:22.783+0000][1][safepoint    ] Leaving safepoint region
[2019-12-08T10:15:22.783+0000][1][safepoint    ] Total time for which application threads were stopped: 0.0000678 seconds, Stopping threads took: 0.0000180 seconds
[2019-12-08T10:15:23.783+0000][1][safepoint    ] Application time: 1.0000844 seconds
[2019-12-08T10:15:23.783+0000][1][safepoint    ] Entering safepoint region: Cleanup
[2019-12-08T10:15:23.783+0000][1][safepoint    ] Leaving safepoint region
[2019-12-08T10:15:23.783+0000][1][safepoint    ] Total time for which application threads were stopped: 0.0000688 seconds, Stopping threads took: 0.0000181 seconds
[2019-12-08T10:15:24.783+0000][1][safepoint    ] Application time: 1.0000931 seconds
[2019-12-08T10:15:24.783+0000][1][safepoint    ] Entering safepoint region: Cleanup
[2019-12-08T10:15:24.783+0000][1][safepoint    ] Leaving safepoint region
[2019-12-08T10:15:24.783+0000][1][safepoint    ] Total time for which application threads were stopped: 0.0000778 seconds, Stopping threads took: 0.0000274 seconds
[2019-12-08T10:15:25.783+0000][1][safepoint    ] Application time: 1.0000859 seconds
[2019-12-08T10:15:25.783+0000][1][safepoint    ] Entering safepoint region: Cleanup
[2019-12-08T10:15:25.784+0000][1][safepoint    ] Leaving safepoint region
[2019-12-08T10:15:25.784+0000][1][safepoint    ] Total time for which application threads were stopped: 0.0000716 seconds, Stopping threads took: 0.0000195 seconds
[2019-12-08T10:15:26.784+0000][1][safepoint    ] Application time: 1.0000804 seconds
[2019-12-08T10:15:26.784+0000][1][safepoint    ] Entering safepoint region: Cleanup
[2019-12-08T10:15:26.784+0000][1][safepoint    ] Leaving safepoint region
[2019-12-08T10:15:26.784+0000][1][safepoint    ] Total time for which application threads were stopped: 0.0000795 seconds, Stopping threads took: 0.0000174 seconds
[2019-12-08T10:15:27.784+0000][1][safepoint    ] Application time: 1.0000787 seconds
[2019-12-08T10:15:27.784+0000][1][safepoint    ] Entering safepoint region: Cleanup
[2019-12-08T10:15:27.784+0000][1][safepoint    ] Leaving safepoint region
[2019-12-08T10:15:27.784+0000][1][safepoint    ] Total time for which application threads were stopped: 0.0000667 seconds, Stopping threads took: 0.0000169 seconds
[2019-12-08T10:15:28.784+0000][1][safepoint    ] Application time: 1.0000836 seconds
[2019-12-08T10:15:28.784+0000][1][safepoint    ] Entering safepoint region: Cleanup
[2019-12-08T10:15:28.784+0000][1][safepoint    ] Leaving safepoint region
[2019-12-08T10:15:28.784+0000][1][safepoint    ] Total time for which application threads were stopped: 0.0000696 seconds, Stopping threads took: 0.0000177 seconds
[2019-12-08T10:15:29.784+0000][1][safepoint    ] Application time: 1.0000793 seconds
[2019-12-08T10:15:29.784+0000][1][safepoint    ] Entering safepoint region: Cleanup
[2019-12-08T10:15:29.784+0000][1][safepoint    ] Leaving safepoint region
[2019-12-08T10:15:29.784+0000][1][safepoint    ] Total time for which application threads were stopped: 0.0000850 seconds, Stopping threads took: 0.0000227 seconds
[2019-12-08T10:15:30.784+0000][1][safepoint    ] Application time: 1.0000774 seconds
[2019-12-08T10:15:30.784+0000][1][safepoint    ] Entering safepoint region: Cleanup
[2019-12-08T10:15:30.785+0000][1][safepoint    ] Leaving safepoint region
[2019-12-08T10:15:30.785+0000][1][safepoint    ] Total time for which application threads were stopped: 0.0000783 seconds, Stopping threads took: 0.0000261 seconds
[2019-12-08T10:15:31.785+0000][1][safepoint    ] Application time: 1.0000786 seconds
[2019-12-08T10:15:31.785+0000][1][safepoint    ] Entering safepoint region: Cleanup
[2019-12-08T10:15:31.785+0000][1][safepoint    ] Leaving safepoint region
[2019-12-08T10:15:31.785+0000][1][safepoint    ] Total time for which application threads were stopped: 0.0000841 seconds, Stopping threads took: 0.0000185 seconds
[2019-12-08T10:15:32.785+0000][1][safepoint    ] Application time: 1.0000804 seconds
[2019-12-08T10:15:32.785+0000][1][safepoint    ] Entering safepoint region: Cleanup
[2019-12-08T10:15:32.785+0000][1][safepoint    ] Leaving safepoint region
[2019-12-08T10:15:32.785+0000][1][safepoint    ] Total time for which application threads were stopped: 0.0000704 seconds, Stopping threads took: 0.0000195 seconds
[2019-12-08T10:15:33.785+0000][1][safepoint    ] Application time: 1.0000770 seconds
[2019-12-08T10:15:33.785+0000][1][safepoint    ] Entering safepoint region: Cleanup
[2019-12-08T10:15:33.785+0000][1][safepoint    ] Leaving safepoint region
[2019-12-08T10:15:33.785+0000][1][safepoint    ] Total time for which application threads were stopped: 0.0000695 seconds, Stopping threads took: 0.0000186 seconds
[2019-12-08T10:15:34.806+0000][1][safepoint    ] Application time: 1.0205116 seconds
[2019-12-08T10:15:34.806+0000][1][safepoint    ] Entering safepoint region: Cleanup
[2019-12-08T10:15:34.806+0000][1][safepoint    ] Leaving safepoint region
[2019-12-08T10:15:34.806+0000][1][safepoint    ] Total time for which application threads were stopped: 0.0002121 seconds, Stopping threads took: 0.0001335 seconds
[2019-12-08T10:15:35.806+0000][1][safepoint    ] Application time: 1.0000876 seconds
[2019-12-08T10:15:35.806+0000][1][safepoint    ] Entering safepoint region: Cleanup
[2019-12-08T10:15:35.806+0000][1][safepoint    ] Leaving safepoint region
[2019-12-08T10:15:35.806+0000][1][safepoint    ] Total time for which application threads were stopped: 0.0001153 seconds, Stopping threads took: 0.0000542 seconds
[2019-12-08T10:15:36.806+0000][1][safepoint    ] Application time: 1.0000967 seconds
[2019-12-08T10:15:36.806+0000][1][safepoint    ] Entering safepoint region: Cleanup
[2019-12-08T10:15:36.806+0000][1][safepoint    ] Leaving safepoint region
[2019-12-08T10:15:36.806+0000][1][safepoint    ] Total time for which application threads were stopped: 0.0000700 seconds, Stopping threads took: 0.0000181 seconds
[2019-12-08T10:15:37.806+0000][1][safepoint    ] Application time: 1.0000754 seconds
[2019-12-08T10:15:37.806+0000][1][safepoint    ] Entering safepoint region: Cleanup
[2019-12-08T10:15:37.807+0000][1][safepoint    ] Leaving safepoint region
[2019-12-08T10:15:37.807+0000][1][safepoint    ] Total time for which application threads were stopped: 0.0000684 seconds, Stopping threads took: 0.0000186 seconds
[2019-12-08T10:15:38.807+0000][1][safepoint    ] Application time: 1.0000781 seconds
[2019-12-08T10:15:38.807+0000][1][safepoint    ] Entering safepoint region: Cleanup
[2019-12-08T10:15:38.807+0000][1][safepoint    ] Leaving safepoint region
[2019-12-08T10:15:38.807+0000][1][safepoint    ] Total time for which application threads were stopped: 0.0000843 seconds, Stopping threads took: 0.0000192 seconds
[2019-12-08T10:15:39.807+0000][1][safepoint    ] Application time: 1.0000762 seconds
[2019-12-08T10:15:39.807+0000][1][safepoint    ] Entering safepoint region: Cleanup
[2019-12-08T10:15:39.807+0000][1][safepoint    ] Leaving safepoint region
[2019-12-08T10:15:39.807+0000][1][safepoint    ] Total time for which application threads were stopped: 0.0000711 seconds, Stopping threads took: 0.0000192 seconds
[2019-12-08T10:15:40.807+0000][1][safepoint    ] Application time: 1.0000758 seconds
[2019-12-08T10:15:40.807+0000][1][safepoint    ] Entering safepoint region: Cleanup
[2019-12-08T10:15:40.807+0000][1][safepoint    ] Leaving safepoint region
[2019-12-08T10:15:40.807+0000][1][safepoint    ] Total time for which application threads were stopped: 0.0000674 seconds, Stopping threads took: 0.0000180 seconds
[2019-12-08T10:15:41.807+0000][1][safepoint    ] Application time: 1.0000755 seconds
[2019-12-08T10:15:41.807+0000][1][safepoint    ] Entering safepoint region: Cleanup
[2019-12-08T10:15:41.807+0000][1][safepoint    ] Leaving safepoint region
[2019-12-08T10:15:41.807+0000][1][safepoint    ] Total time for which application threads were stopped: 0.0000678 seconds, Stopping threads took: 0.0000175 seconds
[2019-12-08T10:15:42.807+0000][1][safepoint    ] Application time: 1.0000767 seconds
[2019-12-08T10:15:42.807+0000][1][safepoint    ] Entering safepoint region: Cleanup
[2019-12-08T10:15:42.807+0000][1][safepoint    ] Leaving safepoint region
[2019-12-08T10:15:42.807+0000][1][safepoint    ] Total time for which application threads were stopped: 0.0000732 seconds, Stopping threads took: 0.0000225 seconds
[2019-12-08T10:15:43.808+0000][1][safepoint    ] Application time: 1.0000774 seconds
[2019-12-08T10:15:43.808+0000][1][safepoint    ] Entering safepoint region: Cleanup
[2019-12-08T10:15:43.808+0000][1][safepoint    ] Leaving safepoint region
[2019-12-08T10:15:43.808+0000][1][safepoint    ] Total time for which application threads were stopped: 0.0000806 seconds, Stopping threads took: 0.0000196 seconds
[2019-12-08T10:15:44.808+0000][1][safepoint    ] Application time: 1.0000774 seconds
[2019-12-08T10:15:44.808+0000][1][safepoint    ] Entering safepoint region: Cleanup
[2019-12-08T10:15:44.808+0000][1][safepoint    ] Leaving safepoint region
[2019-12-08T10:15:44.808+0000][1][safepoint    ] Total time for which application threads were stopped: 0.0000758 seconds, Stopping threads took: 0.0000249 seconds
[2019-12-08T10:15:45.808+0000][1][safepoint    ] Application time: 1.0000780 seconds
[2019-12-08T10:15:45.808+0000][1][safepoint    ] Entering safepoint region: Cleanup
[2019-12-08T10:15:45.808+0000][1][safepoint    ] Leaving safepoint region
[2019-12-08T10:15:45.808+0000][1][safepoint    ] Total time for which application threads were stopped: 0.0000727 seconds, Stopping threads took: 0.0000206 seconds
[2019-12-08T10:15:46.808+0000][1][safepoint    ] Application time: 1.0000785 seconds
[2019-12-08T10:15:46.808+0000][1][safepoint    ] Entering safepoint region: Cleanup
[2019-12-08T10:15:46.808+0000][1][safepoint    ] Leaving safepoint region
[2019-12-08T10:15:46.808+0000][1][safepoint    ] Total time for which application threads were stopped: 0.0000688 seconds, Stopping threads took: 0.0000178 seconds
[2019-12-08T10:15:47.808+0000][1][safepoint    ] Application time: 1.0000851 seconds
[2019-12-08T10:15:47.808+0000][1][safepoint    ] Entering safepoint region: Cleanup
[2019-12-08T10:15:47.808+0000][1][safepoint    ] Leaving safepoint region
[2019-12-08T10:15:47.808+0000][1][safepoint    ] Total time for which application threads were stopped: 0.0000792 seconds, Stopping threads took: 0.0000197 seconds
[2019-12-08T10:15:48.809+0000][1][safepoint    ] Application time: 1.0000788 seconds
[2019-12-08T10:15:48.809+0000][1][safepoint    ] Entering safepoint region: Cleanup
[2019-12-08T10:15:48.809+0000][1][safepoint    ] Leaving safepoint region
[2019-12-08T10:15:48.809+0000][1][safepoint    ] Total time for which application threads were stopped: 0.0000685 seconds, Stopping threads took: 0.0000186 seconds
[2019-12-08T10:15:49.809+0000][1][safepoint    ] Application time: 1.0000846 seconds
[2019-12-08T10:15:49.809+0000][1][safepoint    ] Entering safepoint region: Cleanup
[2019-12-08T10:15:49.809+0000][1][safepoint    ] Leaving safepoint region
[2019-12-08T10:15:49.809+0000][1][safepoint    ] Total time for which application threads were stopped: 0.0000689 seconds, Stopping threads took: 0.0000177 seconds
[2019-12-08T10:15:50.809+0000][1][safepoint    ] Application time: 1.0000760 seconds
[2019-12-08T10:15:50.809+0000][1][safepoint    ] Entering safepoint region: Cleanup
[2019-12-08T10:15:50.809+0000][1][safepoint    ] Leaving safepoint region
[2019-12-08T10:15:50.809+0000][1][safepoint    ] Total time for which application threads were stopped: 0.0000686 seconds, Stopping threads took: 0.0000183 seconds
[2019-12-08T10:15:51.809+0000][1][safepoint    ] Application time: 1.0000801 seconds
[2019-12-08T10:15:51.809+0000][1][safepoint    ] Entering safepoint region: Cleanup
[2019-12-08T10:15:51.809+0000][1][safepoint    ] Leaving safepoint region
[2019-12-08T10:15:51.809+0000][1][safepoint    ] Total time for which application threads were stopped: 0.0000711 seconds, Stopping threads took: 0.0000185 seconds
[2019-12-08T10:15:52.809+0000][1][safepoint    ] Application time: 1.0000831 seconds
[2019-12-08T10:15:52.809+0000][1][safepoint    ] Entering safepoint region: Cleanup
[2019-12-08T10:15:52.809+0000][1][safepoint    ] Leaving safepoint region
[2019-12-08T10:15:52.809+0000][1][safepoint    ] Total time for which application threads were stopped: 0.0000721 seconds, Stopping threads took: 0.0000187 seconds
[2019-12-08T10:15:53.810+0000][1][safepoint    ] Application time: 1.0000824 seconds
[2019-12-08T10:15:53.810+0000][1][safepoint    ] Entering safepoint region: Cleanup
[2019-12-08T10:15:53.810+0000][1][safepoint    ] Leaving safepoint region
[2019-12-08T10:15:53.810+0000][1][safepoint    ] Total time for which application threads were stopped: 0.0000720 seconds, Stopping threads took: 0.0000194 seconds
[2019-12-08T10:15:54.001+0000][1][safepoint    ] Application time: 0.1912449 seconds
[2019-12-08T10:15:54.001+0000][1][safepoint    ] Entering safepoint region: GenCollectForAllocation
[2019-12-08T10:15:54.001+0000][1][gc,start     ] GC(33) Pause Young (Allocation Failure)
[2019-12-08T10:15:54.001+0000][1][gc,task      ] GC(33) Using 4 workers of 4 for evacuation
[2019-12-08T10:15:54.002+0000][1][gc,age       ] GC(33) Desired survivor size 4456448 bytes, new threshold 6 (max threshold 6)
[2019-12-08T10:15:54.002+0000][1][gc,age       ] GC(33) Age table with threshold 6 (max threshold 6)
[2019-12-08T10:15:54.002+0000][1][gc,age       ] GC(33) - age   1:       5872 bytes,       5872 total
[2019-12-08T10:15:54.002+0000][1][gc,age       ] GC(33) - age   2:       1760 bytes,       7632 total
[2019-12-08T10:15:54.002+0000][1][gc,age       ] GC(33) - age   3:       2088 bytes,       9720 total
[2019-12-08T10:15:54.002+0000][1][gc,age       ] GC(33) - age   4:       2992 bytes,      12712 total
[2019-12-08T10:15:54.002+0000][1][gc,age       ] GC(33) - age   5:       1120 bytes,      13832 total
[2019-12-08T10:15:54.002+0000][1][gc,age       ] GC(33) - age   6:       5784 bytes,      19616 total
[2019-12-08T10:15:54.002+0000][1][gc,heap      ] GC(33) ParNew: 69995K->28K(78656K)
[2019-12-08T10:15:54.002+0000][1][gc,heap      ] GC(33) CMS: 71023K->71027K(174784K)
[2019-12-08T10:15:54.002+0000][1][gc,metaspace ] GC(33) Metaspace: 69122K->69122K(1112064K)
[2019-12-08T10:15:54.002+0000][1][gc           ] GC(33) Pause Young (Allocation Failure) 137M->69M(247M) 1.056ms
[2019-12-08T10:15:54.002+0000][1][gc,cpu       ] GC(33) User=0.00s Sys=0.00s Real=0.00s
[2019-12-08T10:15:54.002+0000][1][safepoint    ] Leaving safepoint region
[2019-12-08T10:15:54.002+0000][1][safepoint    ] Total time for which application threads were stopped: 0.0011957 seconds, Stopping threads took: 0.0000212 seconds
[2019-12-08T10:15:55.002+0000][1][safepoint    ] Application time: 1.0000844 seconds
[2019-12-08T10:15:55.002+0000][1][safepoint    ] Entering safepoint region: Cleanup
[2019-12-08T10:15:55.002+0000][1][safepoint    ] Leaving safepoint region
[2019-12-08T10:15:55.002+0000][1][safepoint    ] Total time for which application threads were stopped: 0.0000678 seconds, Stopping threads took: 0.0000171 seconds
[2019-12-08T10:15:56.002+0000][1][safepoint    ] Application time: 1.0000795 seconds
[2019-12-08T10:15:56.002+0000][1][safepoint    ] Entering safepoint region: Cleanup
[2019-12-08T10:15:56.002+0000][1][safepoint    ] Leaving safepoint region
[2019-12-08T10:15:56.003+0000][1][safepoint    ] Total time for which application threads were stopped: 0.0000661 seconds, Stopping threads took: 0.0000169 seconds
[2019-12-08T10:15:57.003+0000][1][safepoint    ] Application time: 1.0000787 seconds
[2019-12-08T10:15:57.003+0000][1][safepoint    ] Entering safepoint region: Cleanup
[2019-12-08T10:15:57.003+0000][1][safepoint    ] Leaving safepoint region
[2019-12-08T10:15:57.003+0000][1][safepoint    ] Total time for which application threads were stopped: 0.0000711 seconds, Stopping threads took: 0.0000159 seconds
[2019-12-08T10:15:58.003+0000][1][safepoint    ] Application time: 1.0000785 seconds
[2019-12-08T10:15:58.003+0000][1][safepoint    ] Entering safepoint region: Cleanup
[2019-12-08T10:15:58.003+0000][1][safepoint    ] Leaving safepoint region
[2019-12-08T10:15:58.003+0000][1][safepoint    ] Total time for which application threads were stopped: 0.0000666 seconds, Stopping threads took: 0.0000174 seconds
[2019-12-08T10:15:59.003+0000][1][safepoint    ] Application time: 1.0000775 seconds
[2019-12-08T10:15:59.003+0000][1][safepoint    ] Entering safepoint region: Cleanup
[2019-12-08T10:15:59.003+0000][1][safepoint    ] Leaving safepoint region
[2019-12-08T10:15:59.003+0000][1][safepoint    ] Total time for which application threads were stopped: 0.0001064 seconds, Stopping threads took: 0.0000565 seconds
[2019-12-08T10:16:00.003+0000][1][safepoint    ] Application time: 1.0000860 seconds
[2019-12-08T10:16:00.003+0000][1][safepoint    ] Entering safepoint region: Cleanup
[2019-12-08T10:16:00.003+0000][1][safepoint    ] Leaving safepoint region
[2019-12-08T10:16:00.003+0000][1][safepoint    ] Total time for which application threads were stopped: 0.0000736 seconds, Stopping threads took: 0.0000193 seconds
[2019-12-08T10:16:01.003+0000][1][safepoint    ] Application time: 1.0000776 seconds
[2019-12-08T10:16:01.003+0000][1][safepoint    ] Entering safepoint region: Cleanup
[2019-12-08T10:16:01.003+0000][1][safepoint    ] Leaving safepoint region
[2019-12-08T10:16:01.003+0000][1][safepoint    ] Total time for which application threads were stopped: 0.0000651 seconds, Stopping threads took: 0.0000177 seconds
[2019-12-08T10:16:02.004+0000][1][safepoint    ] Application time: 1.0000782 seconds
[2019-12-08T10:16:02.004+0000][1][safepoint    ] Entering safepoint region: Cleanup
[2019-12-08T10:16:02.004+0000][1][safepoint    ] Leaving safepoint region
[2019-12-08T10:16:02.004+0000][1][safepoint    ] Total time for which application threads were stopped: 0.0000703 seconds, Stopping threads took: 0.0000194 seconds
[2019-12-08T10:16:03.004+0000][1][safepoint    ] Application time: 1.0000418 seconds
[2019-12-08T10:16:03.004+0000][1][safepoint    ] Entering safepoint region: Cleanup
[2019-12-08T10:16:03.004+0000][1][safepoint    ] Leaving safepoint region
[2019-12-08T10:16:03.004+0000][1][safepoint    ] Total time for which application threads were stopped: 0.0000715 seconds, Stopping threads took: 0.0000199 seconds
[2019-12-08T10:16:04.004+0000][1][safepoint    ] Application time: 1.0000790 seconds
[2019-12-08T10:16:04.004+0000][1][safepoint    ] Entering safepoint region: Cleanup
[2019-12-08T10:16:04.004+0000][1][safepoint    ] Leaving safepoint region
[2019-12-08T10:16:04.004+0000][1][safepoint    ] Total time for which application threads were stopped: 0.0000660 seconds, Stopping threads took: 0.0000178 seconds
[2019-12-08T10:16:05.004+0000][1][safepoint    ] Application time: 1.0000821 seconds
[2019-12-08T10:16:05.004+0000][1][safepoint    ] Entering safepoint region: Cleanup
[2019-12-08T10:16:05.004+0000][1][safepoint    ] Leaving safepoint region
[2019-12-08T10:16:05.004+0000][1][safepoint    ] Total time for which application threads were stopped: 0.0000692 seconds, Stopping threads took: 0.0000193 seconds
[2019-12-08T10:16:06.004+0000][1][safepoint    ] Application time: 1.0000779 seconds
[2019-12-08T10:16:06.004+0000][1][safepoint    ] Entering safepoint region: Cleanup
[2019-12-08T10:16:06.004+0000][1][safepoint    ] Leaving safepoint region
[2019-12-08T10:16:06.004+0000][1][safepoint    ] Total time for which application threads were stopped: 0.0000661 seconds, Stopping threads took: 0.0000177 seconds
[2019-12-08T10:16:07.004+0000][1][safepoint    ] Application time: 1.0000800 seconds
[2019-12-08T10:16:07.004+0000][1][safepoint    ] Entering safepoint region: Cleanup
[2019-12-08T10:16:07.005+0000][1][safepoint    ] Leaving safepoint region
[2019-12-08T10:16:07.005+0000][1][safepoint    ] Total time for which application threads were stopped: 0.0000631 seconds, Stopping threads took: 0.0000174 seconds
[2019-12-08T10:16:08.005+0000][1][safepoint    ] Application time: 1.0000770 seconds
[2019-12-08T10:16:08.005+0000][1][safepoint    ] Entering safepoint region: Cleanup
[2019-12-08T10:16:08.005+0000][1][safepoint    ] Leaving safepoint region
[2019-12-08T10:16:08.005+0000][1][safepoint    ] Total time for which application threads were stopped: 0.0000759 seconds, Stopping threads took: 0.0000167 seconds
[2019-12-08T10:16:09.005+0000][1][safepoint    ] Application time: 1.0000769 seconds
[2019-12-08T10:16:09.005+0000][1][safepoint    ] Entering safepoint region: Cleanup
[2019-12-08T10:16:09.005+0000][1][safepoint    ] Leaving safepoint region
[2019-12-08T10:16:09.005+0000][1][safepoint    ] Total time for which application threads were stopped: 0.0000680 seconds, Stopping threads took: 0.0000184 seconds
[2019-12-08T10:16:10.005+0000][1][safepoint    ] Application time: 1.0000767 seconds
[2019-12-08T10:16:10.005+0000][1][safepoint    ] Entering safepoint region: Cleanup
[2019-12-08T10:16:10.005+0000][1][safepoint    ] Leaving safepoint region
[2019-12-08T10:16:10.005+0000][1][safepoint    ] Total time for which application threads were stopped: 0.0000689 seconds, Stopping threads took: 0.0000203 seconds
[2019-12-08T10:16:11.005+0000][1][safepoint    ] Application time: 1.0000818 seconds
[2019-12-08T10:16:11.005+0000][1][safepoint    ] Entering safepoint region: Cleanup
[2019-12-08T10:16:11.005+0000][1][safepoint    ] Leaving safepoint region
[2019-12-08T10:16:11.005+0000][1][safepoint    ] Total time for which application threads were stopped: 0.0000696 seconds, Stopping threads took: 0.0000197 seconds
[2019-12-08T10:16:12.005+0000][1][safepoint    ] Application time: 1.0000806 seconds
[2019-12-08T10:16:12.005+0000][1][safepoint    ] Entering safepoint region: Cleanup
[2019-12-08T10:16:12.005+0000][1][safepoint    ] Leaving safepoint region
[2019-12-08T10:16:12.005+0000][1][safepoint    ] Total time for which application threads were stopped: 0.0000624 seconds, Stopping threads took: 0.0000159 seconds
[2019-12-08T10:16:13.006+0000][1][safepoint    ] Application time: 1.0000775 seconds
[2019-12-08T10:16:13.006+0000][1][safepoint    ] Entering safepoint region: Cleanup
[2019-12-08T10:16:13.006+0000][1][safepoint    ] Leaving safepoint region
[2019-12-08T10:16:13.006+0000][1][safepoint    ] Total time for which application threads were stopped: 0.0000698 seconds, Stopping threads took: 0.0000200 seconds
[2019-12-08T10:16:14.006+0000][1][safepoint    ] Application time: 1.0000808 seconds
[2019-12-08T10:16:14.006+0000][1][safepoint    ] Entering safepoint region: Cleanup
[2019-12-08T10:16:14.006+0000][1][safepoint    ] Leaving safepoint region
[2019-12-08T10:16:14.006+0000][1][safepoint    ] Total time for which application threads were stopped: 0.0000660 seconds, Stopping threads took: 0.0000175 seconds
[2019-12-08T10:16:15.006+0000][1][safepoint    ] Application time: 1.0000806 seconds
[2019-12-08T10:16:15.006+0000][1][safepoint    ] Entering safepoint region: Cleanup
[2019-12-08T10:16:15.006+0000][1][safepoint    ] Leaving safepoint region
[2019-12-08T10:16:15.006+0000][1][safepoint    ] Total time for which application threads were stopped: 0.0000687 seconds, Stopping threads took: 0.0000199 seconds
[2019-12-08T10:16:16.006+0000][1][safepoint    ] Application time: 1.0000774 seconds
[2019-12-08T10:16:16.006+0000][1][safepoint    ] Entering safepoint region: Cleanup
[2019-12-08T10:16:16.006+0000][1][safepoint    ] Leaving safepoint region
[2019-12-08T10:16:16.006+0000][1][safepoint    ] Total time for which application threads were stopped: 0.0000667 seconds, Stopping threads took: 0.0000169 seconds
[2019-12-08T10:16:17.006+0000][1][safepoint    ] Application time: 1.0000795 seconds
[2019-12-08T10:16:17.006+0000][1][safepoint    ] Entering safepoint region: Cleanup
[2019-12-08T10:16:17.006+0000][1][safepoint    ] Leaving safepoint region
[2019-12-08T10:16:17.006+0000][1][safepoint    ] Total time for which application threads were stopped: 0.0000645 seconds, Stopping threads took: 0.0000181 seconds
[2019-12-08T10:16:18.006+0000][1][safepoint    ] Application time: 1.0000820 seconds
[2019-12-08T10:16:18.006+0000][1][safepoint    ] Entering safepoint region: Cleanup
[2019-12-08T10:16:18.007+0000][1][safepoint    ] Leaving safepoint region
[2019-12-08T10:16:18.007+0000][1][safepoint    ] Total time for which application threads were stopped: 0.0000619 seconds, Stopping threads took: 0.0000169 seconds
[2019-12-08T10:16:19.007+0000][1][safepoint    ] Application time: 1.0000827 seconds
[2019-12-08T10:16:19.007+0000][1][safepoint    ] Entering safepoint region: Cleanup
[2019-12-08T10:16:19.007+0000][1][safepoint    ] Leaving safepoint region
[2019-12-08T10:16:19.007+0000][1][safepoint    ] Total time for which application threads were stopped: 0.0000804 seconds, Stopping threads took: 0.0000181 seconds
[2019-12-08T10:16:20.007+0000][1][safepoint    ] Application time: 1.0000814 seconds
[2019-12-08T10:16:20.007+0000][1][safepoint    ] Entering safepoint region: Cleanup
[2019-12-08T10:16:20.007+0000][1][safepoint    ] Leaving safepoint region
[2019-12-08T10:16:20.007+0000][1][safepoint    ] Total time for which application threads were stopped: 0.0000648 seconds, Stopping threads took: 0.0000173 seconds
[2019-12-08T10:16:21.007+0000][1][safepoint    ] Application time: 1.0000817 seconds
[2019-12-08T10:16:21.007+0000][1][safepoint    ] Entering safepoint region: Cleanup
[2019-12-08T10:16:21.007+0000][1][safepoint    ] Leaving safepoint region
[2019-12-08T10:16:21.007+0000][1][safepoint    ] Total time for which application threads were stopped: 0.0000641 seconds, Stopping threads took: 0.0000170 seconds
[2019-12-08T10:16:22.007+0000][1][safepoint    ] Application time: 1.0000777 seconds
[2019-12-08T10:16:22.007+0000][1][safepoint    ] Entering safepoint region: Cleanup
[2019-12-08T10:16:22.007+0000][1][safepoint    ] Leaving safepoint region
[2019-12-08T10:16:22.007+0000][1][safepoint    ] Total time for which application threads were stopped: 0.0000666 seconds, Stopping threads took: 0.0000176 seconds
[2019-12-08T10:16:23.007+0000][1][safepoint    ] Application time: 1.0000763 seconds
[2019-12-08T10:16:23.007+0000][1][safepoint    ] Entering safepoint region: Cleanup
[2019-12-08T10:16:23.007+0000][1][safepoint    ] Leaving safepoint region
[2019-12-08T10:16:23.007+0000][1][safepoint    ] Total time for which application threads were stopped: 0.0000662 seconds, Stopping threads took: 0.0000186 seconds
[2019-12-08T10:16:24.008+0000][1][safepoint    ] Application time: 1.0000775 seconds
[2019-12-08T10:16:24.008+0000][1][safepoint    ] Entering safepoint region: Cleanup
[2019-12-08T10:16:24.008+0000][1][safepoint    ] Leaving safepoint region
[2019-12-08T10:16:24.008+0000][1][safepoint    ] Total time for which application threads were stopped: 0.0000736 seconds, Stopping threads took: 0.0000180 seconds
[2019-12-08T10:16:25.008+0000][1][safepoint    ] Application time: 1.0000791 seconds
[2019-12-08T10:16:25.008+0000][1][safepoint    ] Entering safepoint region: Cleanup
[2019-12-08T10:16:25.008+0000][1][safepoint    ] Leaving safepoint region
[2019-12-08T10:16:25.008+0000][1][safepoint    ] Total time for which application threads were stopped: 0.0000685 seconds, Stopping threads took: 0.0000182 seconds
[2019-12-08T10:16:26.008+0000][1][safepoint    ] Application time: 1.0000818 seconds
[2019-12-08T10:16:26.008+0000][1][safepoint    ] Entering safepoint region: Cleanup
[2019-12-08T10:16:26.008+0000][1][safepoint    ] Leaving safepoint region
[2019-12-08T10:16:26.008+0000][1][safepoint    ] Total time for which application threads were stopped: 0.0000672 seconds, Stopping threads took: 0.0000178 seconds
[2019-12-08T10:16:27.008+0000][1][safepoint    ] Application time: 1.0000798 seconds
[2019-12-08T10:16:27.008+0000][1][safepoint    ] Entering safepoint region: Cleanup
[2019-12-08T10:16:27.008+0000][1][safepoint    ] Leaving safepoint region
[2019-12-08T10:16:27.008+0000][1][safepoint    ] Total time for which application threads were stopped: 0.0000670 seconds, Stopping threads took: 0.0000170 seconds
[2019-12-08T10:16:28.008+0000][1][safepoint    ] Application time: 1.0000818 seconds
[2019-12-08T10:16:28.008+0000][1][safepoint    ] Entering safepoint region: Cleanup
[2019-12-08T10:16:28.008+0000][1][safepoint    ] Leaving safepoint region
[2019-12-08T10:16:28.008+0000][1][safepoint    ] Total time for which application threads were stopped: 0.0000654 seconds, Stopping threads took: 0.0000187 seconds
[2019-12-08T10:16:29.008+0000][1][safepoint    ] Application time: 1.0000783 seconds
[2019-12-08T10:16:29.008+0000][1][safepoint    ] Entering safepoint region: Cleanup
[2019-12-08T10:16:29.009+0000][1][safepoint    ] Leaving safepoint region
[2019-12-08T10:16:29.009+0000][1][safepoint    ] Total time for which application threads were stopped: 0.0000642 seconds, Stopping threads took: 0.0000170 seconds
[2019-12-08T10:16:30.009+0000][1][safepoint    ] Application time: 1.0000806 seconds
[2019-12-08T10:16:30.009+0000][1][safepoint    ] Entering safepoint region: Cleanup
[2019-12-08T10:16:30.009+0000][1][safepoint    ] Leaving safepoint region
[2019-12-08T10:16:30.009+0000][1][safepoint    ] Total time for which application threads were stopped: 0.0000822 seconds, Stopping threads took: 0.0000187 seconds
[2019-12-08T10:16:31.009+0000][1][safepoint    ] Application time: 1.0000838 seconds
[2019-12-08T10:16:31.009+0000][1][safepoint    ] Entering safepoint region: Cleanup
[2019-12-08T10:16:31.009+0000][1][safepoint    ] Leaving safepoint region
[2019-12-08T10:16:31.009+0000][1][safepoint    ] Total time for which application threads were stopped: 0.0000781 seconds, Stopping threads took: 0.0000244 seconds
[2019-12-08T10:16:32.009+0000][1][safepoint    ] Application time: 1.0000823 seconds
[2019-12-08T10:16:32.009+0000][1][safepoint    ] Entering safepoint region: Cleanup
[2019-12-08T10:16:32.009+0000][1][safepoint    ] Leaving safepoint region
[2019-12-08T10:16:32.009+0000][1][safepoint    ] Total time for which application threads were stopped: 0.0000693 seconds, Stopping threads took: 0.0000190 seconds
[2019-12-08T10:16:33.009+0000][1][safepoint    ] Application time: 1.0000824 seconds
[2019-12-08T10:16:33.009+0000][1][safepoint    ] Entering safepoint region: Cleanup
[2019-12-08T10:16:33.009+0000][1][safepoint    ] Leaving safepoint region
[2019-12-08T10:16:33.009+0000][1][safepoint    ] Total time for which application threads were stopped: 0.0000748 seconds, Stopping threads took: 0.0000189 seconds
[2019-12-08T10:16:34.009+0000][1][safepoint    ] Application time: 1.0000826 seconds
[2019-12-08T10:16:34.009+0000][1][safepoint    ] Entering safepoint region: Cleanup
[2019-12-08T10:16:34.010+0000][1][safepoint    ] Leaving safepoint region
[2019-12-08T10:16:34.010+0000][1][safepoint    ] Total time for which application threads were stopped: 0.0000693 seconds, Stopping threads took: 0.0000173 seconds
[2019-12-08T10:16:35.010+0000][1][safepoint    ] Application time: 1.0000795 seconds
[2019-12-08T10:16:35.010+0000][1][safepoint    ] Entering safepoint region: Cleanup
[2019-12-08T10:16:35.010+0000][1][safepoint    ] Leaving safepoint region
[2019-12-08T10:16:35.010+0000][1][safepoint    ] Total time for which application threads were stopped: 0.0000722 seconds, Stopping threads took: 0.0000168 seconds
[2019-12-08T10:16:36.010+0000][1][safepoint    ] Application time: 1.0000797 seconds
[2019-12-08T10:16:36.010+0000][1][safepoint    ] Entering safepoint region: Cleanup
[2019-12-08T10:16:36.010+0000][1][safepoint    ] Leaving safepoint region
[2019-12-08T10:16:36.010+0000][1][safepoint    ] Total time for which application threads were stopped: 0.0000633 seconds, Stopping threads took: 0.0000161 seconds
[2019-12-08T10:16:37.010+0000][1][safepoint    ] Application time: 1.0000802 seconds
[2019-12-08T10:16:37.010+0000][1][safepoint    ] Entering safepoint region: Cleanup
[2019-12-08T10:16:37.010+0000][1][safepoint    ] Leaving safepoint region
[2019-12-08T10:16:37.010+0000][1][safepoint    ] Total time for which application threads were stopped: 0.0000848 seconds, Stopping threads took: 0.0000176 seconds
[2019-12-08T10:16:38.010+0000][1][safepoint    ] Application time: 1.0000810 seconds
[2019-12-08T10:16:38.010+0000][1][safepoint    ] Entering safepoint region: Cleanup
[2019-12-08T10:16:38.010+0000][1][safepoint    ] Leaving safepoint region
[2019-12-08T10:16:38.010+0000][1][safepoint    ] Total time for which application threads were stopped: 0.0000679 seconds, Stopping threads took: 0.0000183 seconds
[2019-12-08T10:16:39.010+0000][1][safepoint    ] Application time: 1.0000796 seconds
[2019-12-08T10:16:39.010+0000][1][safepoint    ] Entering safepoint region: Cleanup
[2019-12-08T10:16:39.010+0000][1][safepoint    ] Leaving safepoint region
[2019-12-08T10:16:39.010+0000][1][safepoint    ] Total time for which application threads were stopped: 0.0000726 seconds, Stopping threads took: 0.0000204 seconds
[2019-12-08T10:16:40.011+0000][1][safepoint    ] Application time: 1.0000804 seconds
[2019-12-08T10:16:40.011+0000][1][safepoint    ] Entering safepoint region: Cleanup
[2019-12-08T10:16:40.011+0000][1][safepoint    ] Leaving safepoint region
[2019-12-08T10:16:40.011+0000][1][safepoint    ] Total time for which application threads were stopped: 0.0000664 seconds, Stopping threads took: 0.0000160 seconds
[2019-12-08T10:16:41.011+0000][1][safepoint    ] Application time: 1.0000780 seconds
[2019-12-08T10:16:41.011+0000][1][safepoint    ] Entering safepoint region: Cleanup
[2019-12-08T10:16:41.011+0000][1][safepoint    ] Leaving safepoint region
[2019-12-08T10:16:41.011+0000][1][safepoint    ] Total time for which application threads were stopped: 0.0000739 seconds, Stopping threads took: 0.0000182 seconds
[2019-12-08T10:16:42.011+0000][1][safepoint    ] Application time: 1.0000769 seconds
[2019-12-08T10:16:42.011+0000][1][safepoint    ] Entering safepoint region: Cleanup
[2019-12-08T10:16:42.011+0000][1][safepoint    ] Leaving safepoint region
[2019-12-08T10:16:42.011+0000][1][safepoint    ] Total time for which application threads were stopped: 0.0000652 seconds, Stopping threads took: 0.0000169 seconds
[2019-12-08T10:16:43.011+0000][1][safepoint    ] Application time: 1.0000803 seconds
[2019-12-08T10:16:43.011+0000][1][safepoint    ] Entering safepoint region: Cleanup
[2019-12-08T10:16:43.011+0000][1][safepoint    ] Leaving safepoint region
[2019-12-08T10:16:43.011+0000][1][safepoint    ] Total time for which application threads were stopped: 0.0000910 seconds, Stopping threads took: 0.0000246 seconds
[2019-12-08T10:16:44.011+0000][1][safepoint    ] Application time: 1.0000821 seconds
[2019-12-08T10:16:44.011+0000][1][safepoint    ] Entering safepoint region: Cleanup
[2019-12-08T10:16:44.011+0000][1][safepoint    ] Leaving safepoint region
[2019-12-08T10:16:44.011+0000][1][safepoint    ] Total time for which application threads were stopped: 0.0000753 seconds, Stopping threads took: 0.0000260 seconds
[2019-12-08T10:16:45.012+0000][1][safepoint    ] Application time: 1.0000837 seconds
[2019-12-08T10:16:45.012+0000][1][safepoint    ] Entering safepoint region: Cleanup
[2019-12-08T10:16:45.012+0000][1][safepoint    ] Leaving safepoint region
[2019-12-08T10:16:45.012+0000][1][safepoint    ] Total time for which application threads were stopped: 0.0000633 seconds, Stopping threads took: 0.0000163 seconds
[2019-12-08T10:16:46.012+0000][1][safepoint    ] Application time: 1.0000815 seconds
[2019-12-08T10:16:46.012+0000][1][safepoint    ] Entering safepoint region: Cleanup
[2019-12-08T10:16:46.012+0000][1][safepoint    ] Leaving safepoint region
[2019-12-08T10:16:46.012+0000][1][safepoint    ] Total time for which application threads were stopped: 0.0000669 seconds, Stopping threads took: 0.0000184 seconds
[2019-12-08T10:16:47.012+0000][1][safepoint    ] Application time: 1.0000772 seconds
[2019-12-08T10:16:47.012+0000][1][safepoint    ] Entering safepoint region: Cleanup
[2019-12-08T10:16:47.012+0000][1][safepoint    ] Leaving safepoint region
[2019-12-08T10:16:47.012+0000][1][safepoint    ] Total time for which application threads were stopped: 0.0000716 seconds, Stopping threads took: 0.0000185 seconds
[2019-12-08T10:16:48.012+0000][1][safepoint    ] Application time: 1.0000802 seconds
[2019-12-08T10:16:48.012+0000][1][safepoint    ] Entering safepoint region: Cleanup
[2019-12-08T10:16:48.012+0000][1][safepoint    ] Leaving safepoint region
[2019-12-08T10:16:48.012+0000][1][safepoint    ] Total time for which application threads were stopped: 0.0000698 seconds, Stopping threads took: 0.0000172 seconds
[2019-12-08T10:16:49.012+0000][1][safepoint    ] Application time: 1.0000793 seconds
[2019-12-08T10:16:49.012+0000][1][safepoint    ] Entering safepoint region: Cleanup
[2019-12-08T10:16:49.012+0000][1][safepoint    ] Leaving safepoint region
[2019-12-08T10:16:49.012+0000][1][safepoint    ] Total time for which application threads were stopped: 0.0000729 seconds, Stopping threads took: 0.0000186 seconds
[2019-12-08T10:16:50.012+0000][1][safepoint    ] Application time: 1.0000808 seconds
[2019-12-08T10:16:50.013+0000][1][safepoint    ] Entering safepoint region: Cleanup
[2019-12-08T10:16:50.013+0000][1][safepoint    ] Leaving safepoint region
[2019-12-08T10:16:50.013+0000][1][safepoint    ] Total time for which application threads were stopped: 0.0000684 seconds, Stopping threads took: 0.0000188 seconds
[2019-12-08T10:16:51.013+0000][1][safepoint    ] Application time: 1.0000792 seconds
[2019-12-08T10:16:51.013+0000][1][safepoint    ] Entering safepoint region: Cleanup
[2019-12-08T10:16:51.013+0000][1][safepoint    ] Leaving safepoint region
[2019-12-08T10:16:51.013+0000][1][safepoint    ] Total time for which application threads were stopped: 0.0000654 seconds, Stopping threads took: 0.0000183 seconds
[2019-12-08T10:16:52.013+0000][1][safepoint    ] Application time: 1.0000783 seconds
[2019-12-08T10:16:52.013+0000][1][safepoint    ] Entering safepoint region: Cleanup
[2019-12-08T10:16:52.013+0000][1][safepoint    ] Leaving safepoint region
[2019-12-08T10:16:52.013+0000][1][safepoint    ] Total time for which application threads were stopped: 0.0000682 seconds, Stopping threads took: 0.0000175 seconds
[2019-12-08T10:16:53.013+0000][1][safepoint    ] Application time: 1.0000784 seconds
[2019-12-08T10:16:53.013+0000][1][safepoint    ] Entering safepoint region: Cleanup
[2019-12-08T10:16:53.013+0000][1][safepoint    ] Leaving safepoint region
[2019-12-08T10:16:53.013+0000][1][safepoint    ] Total time for which application threads were stopped: 0.0000680 seconds, Stopping threads took: 0.0000181 seconds
[2019-12-08T10:16:54.013+0000][1][safepoint    ] Application time: 1.0000796 seconds
[2019-12-08T10:16:54.013+0000][1][safepoint    ] Entering safepoint region: Cleanup
[2019-12-08T10:16:54.013+0000][1][safepoint    ] Leaving safepoint region
[2019-12-08T10:16:54.013+0000][1][safepoint    ] Total time for which application threads were stopped: 0.0000677 seconds, Stopping threads took: 0.0000188 seconds
[2019-12-08T10:16:55.013+0000][1][safepoint    ] Application time: 1.0000770 seconds
[2019-12-08T10:16:55.013+0000][1][safepoint    ] Entering safepoint region: Cleanup
[2019-12-08T10:16:55.014+0000][1][safepoint    ] Leaving safepoint region
[2019-12-08T10:16:55.014+0000][1][safepoint    ] Total time for which application threads were stopped: 0.0000666 seconds, Stopping threads took: 0.0000174 seconds
[2019-12-08T10:16:56.014+0000][1][safepoint    ] Application time: 1.0000764 seconds
[2019-12-08T10:16:56.014+0000][1][safepoint    ] Entering safepoint region: Cleanup
[2019-12-08T10:16:56.014+0000][1][safepoint    ] Leaving safepoint region
[2019-12-08T10:16:56.014+0000][1][safepoint    ] Total time for which application threads were stopped: 0.0000782 seconds, Stopping threads took: 0.0000184 seconds
[2019-12-08T10:16:57.014+0000][1][safepoint    ] Application time: 1.0000772 seconds
[2019-12-08T10:16:57.014+0000][1][safepoint    ] Entering safepoint region: Cleanup
[2019-12-08T10:16:57.014+0000][1][safepoint    ] Leaving safepoint region
[2019-12-08T10:16:57.014+0000][1][safepoint    ] Total time for which application threads were stopped: 0.0000649 seconds, Stopping threads took: 0.0000161 seconds
[2019-12-08T10:16:58.014+0000][1][safepoint    ] Application time: 1.0000760 seconds
[2019-12-08T10:16:58.014+0000][1][safepoint    ] Entering safepoint region: Cleanup
[2019-12-08T10:16:58.014+0000][1][safepoint    ] Leaving safepoint region
[2019-12-08T10:16:58.014+0000][1][safepoint    ] Total time for which application threads were stopped: 0.0000664 seconds, Stopping threads took: 0.0000180 seconds
[2019-12-08T10:16:59.014+0000][1][safepoint    ] Application time: 1.0000812 seconds
[2019-12-08T10:16:59.014+0000][1][safepoint    ] Entering safepoint region: Cleanup
[2019-12-08T10:16:59.014+0000][1][safepoint    ] Leaving safepoint region
[2019-12-08T10:16:59.014+0000][1][safepoint    ] Total time for which application threads were stopped: 0.0000638 seconds, Stopping threads took: 0.0000162 seconds
[2019-12-08T10:17:00.014+0000][1][safepoint    ] Application time: 1.0000798 seconds
[2019-12-08T10:17:00.014+0000][1][safepoint    ] Entering safepoint region: Cleanup
[2019-12-08T10:17:00.014+0000][1][safepoint    ] Leaving safepoint region
[2019-12-08T10:17:00.014+0000][1][safepoint    ] Total time for which application threads were stopped: 0.0000662 seconds, Stopping threads took: 0.0000173 seconds
[2019-12-08T10:17:01.015+0000][1][safepoint    ] Application time: 1.0000796 seconds
[2019-12-08T10:17:01.015+0000][1][safepoint    ] Entering safepoint region: Cleanup
[2019-12-08T10:17:01.015+0000][1][safepoint    ] Leaving safepoint region
[2019-12-08T10:17:01.015+0000][1][safepoint    ] Total time for which application threads were stopped: 0.0000691 seconds, Stopping threads took: 0.0000188 seconds
[2019-12-08T10:17:02.015+0000][1][safepoint    ] Application time: 1.0000795 seconds
[2019-12-08T10:17:02.015+0000][1][safepoint    ] Entering safepoint region: Cleanup
[2019-12-08T10:17:02.015+0000][1][safepoint    ] Leaving safepoint region
[2019-12-08T10:17:02.015+0000][1][safepoint    ] Total time for which application threads were stopped: 0.0000689 seconds, Stopping threads took: 0.0000189 seconds
[2019-12-08T10:17:03.015+0000][1][safepoint    ] Application time: 1.0000809 seconds
[2019-12-08T10:17:03.015+0000][1][safepoint    ] Entering safepoint region: Cleanup
[2019-12-08T10:17:03.015+0000][1][safepoint    ] Leaving safepoint region
[2019-12-08T10:17:03.015+0000][1][safepoint    ] Total time for which application threads were stopped: 0.0000669 seconds, Stopping threads took: 0.0000171 seconds
[2019-12-08T10:17:04.067+0000][1][safepoint    ] Application time: 1.0523894 seconds
[2019-12-08T10:17:04.067+0000][1][safepoint    ] Entering safepoint region: Cleanup
[2019-12-08T10:17:04.068+0000][1][safepoint    ] Leaving safepoint region
[2019-12-08T10:17:04.068+0000][1][safepoint    ] Total time for which application threads were stopped: 0.0000658 seconds, Stopping threads took: 0.0000158 seconds
[2019-12-08T10:17:05.068+0000][1][safepoint    ] Application time: 1.0000742 seconds
[2019-12-08T10:17:05.068+0000][1][safepoint    ] Entering safepoint region: Cleanup
[2019-12-08T10:17:05.068+0000][1][safepoint    ] Leaving safepoint region
[2019-12-08T10:17:05.068+0000][1][safepoint    ] Total time for which application threads were stopped: 0.0000775 seconds, Stopping threads took: 0.0000186 seconds
[2019-12-08T10:17:06.068+0000][1][safepoint    ] Application time: 1.0000811 seconds
[2019-12-08T10:17:06.068+0000][1][safepoint    ] Entering safepoint region: Cleanup
[2019-12-08T10:17:06.068+0000][1][safepoint    ] Leaving safepoint region
[2019-12-08T10:17:06.068+0000][1][safepoint    ] Total time for which application threads were stopped: 0.0000889 seconds, Stopping threads took: 0.0000191 seconds
[2019-12-08T10:17:07.068+0000][1][safepoint    ] Application time: 1.0000818 seconds
[2019-12-08T10:17:07.068+0000][1][safepoint    ] Entering safepoint region: Cleanup
[2019-12-08T10:17:07.068+0000][1][safepoint    ] Leaving safepoint region
[2019-12-08T10:17:07.068+0000][1][safepoint    ] Total time for which application threads were stopped: 0.0000657 seconds, Stopping threads took: 0.0000163 seconds
[2019-12-08T10:17:08.068+0000][1][safepoint    ] Application time: 1.0000781 seconds
[2019-12-08T10:17:08.068+0000][1][safepoint    ] Entering safepoint region: Cleanup
[2019-12-08T10:17:08.068+0000][1][safepoint    ] Leaving safepoint region
[2019-12-08T10:17:08.068+0000][1][safepoint    ] Total time for which application threads were stopped: 0.0000664 seconds, Stopping threads took: 0.0000174 seconds
[2019-12-08T10:17:09.068+0000][1][safepoint    ] Application time: 1.0000804 seconds
[2019-12-08T10:17:09.068+0000][1][safepoint    ] Entering safepoint region: Cleanup
[2019-12-08T10:17:09.068+0000][1][safepoint    ] Leaving safepoint region
[2019-12-08T10:17:09.068+0000][1][safepoint    ] Total time for which application threads were stopped: 0.0000682 seconds, Stopping threads took: 0.0000178 seconds
[2019-12-08T10:17:10.069+0000][1][safepoint    ] Application time: 1.0000777 seconds
[2019-12-08T10:17:10.069+0000][1][safepoint    ] Entering safepoint region: Cleanup
[2019-12-08T10:17:10.069+0000][1][safepoint    ] Leaving safepoint region
[2019-12-08T10:17:10.069+0000][1][safepoint    ] Total time for which application threads were stopped: 0.0000632 seconds, Stopping threads took: 0.0000167 seconds
[2019-12-08T10:17:11.069+0000][1][safepoint    ] Application time: 1.0000782 seconds
[2019-12-08T10:17:11.069+0000][1][safepoint    ] Entering safepoint region: Cleanup
[2019-12-08T10:17:11.069+0000][1][safepoint    ] Leaving safepoint region
[2019-12-08T10:17:11.069+0000][1][safepoint    ] Total time for which application threads were stopped: 0.0000761 seconds, Stopping threads took: 0.0000274 seconds
[2019-12-08T10:17:12.069+0000][1][safepoint    ] Application time: 1.0000784 seconds
[2019-12-08T10:17:12.069+0000][1][safepoint    ] Entering safepoint region: Cleanup
[2019-12-08T10:17:12.069+0000][1][safepoint    ] Leaving safepoint region
[2019-12-08T10:17:12.069+0000][1][safepoint    ] Total time for which application threads were stopped: 0.0000670 seconds, Stopping threads took: 0.0000183 seconds
[2019-12-08T10:17:13.069+0000][1][safepoint    ] Application time: 1.0000764 seconds
[2019-12-08T10:17:13.069+0000][1][safepoint    ] Entering safepoint region: Cleanup
[2019-12-08T10:17:13.069+0000][1][safepoint    ] Leaving safepoint region
[2019-12-08T10:17:13.069+0000][1][safepoint    ] Total time for which application threads were stopped: 0.0000633 seconds, Stopping threads took: 0.0000168 seconds
[2019-12-08T10:17:14.069+0000][1][safepoint    ] Application time: 1.0000745 seconds
[2019-12-08T10:17:14.069+0000][1][safepoint    ] Entering safepoint region: Cleanup
[2019-12-08T10:17:14.069+0000][1][safepoint    ] Leaving safepoint region
[2019-12-08T10:17:14.069+0000][1][safepoint    ] Total time for which application threads were stopped: 0.0000672 seconds, Stopping threads took: 0.0000172 seconds
[2019-12-08T10:17:15.069+0000][1][safepoint    ] Application time: 1.0000757 seconds
[2019-12-08T10:17:15.070+0000][1][safepoint    ] Entering safepoint region: Cleanup
[2019-12-08T10:17:15.070+0000][1][safepoint    ] Leaving safepoint region
[2019-12-08T10:17:15.070+0000][1][safepoint    ] Total time for which application threads were stopped: 0.0000660 seconds, Stopping threads took: 0.0000180 seconds
[2019-12-08T10:17:16.070+0000][1][safepoint    ] Application time: 1.0000766 seconds
[2019-12-08T10:17:16.070+0000][1][safepoint    ] Entering safepoint region: Cleanup
[2019-12-08T10:17:16.070+0000][1][safepoint    ] Leaving safepoint region
[2019-12-08T10:17:16.070+0000][1][safepoint    ] Total time for which application threads were stopped: 0.0000741 seconds, Stopping threads took: 0.0000275 seconds
[2019-12-08T10:17:17.070+0000][1][safepoint    ] Application time: 1.0000769 seconds
[2019-12-08T10:17:17.070+0000][1][safepoint    ] Entering safepoint region: Cleanup
[2019-12-08T10:17:17.070+0000][1][safepoint    ] Leaving safepoint region
[2019-12-08T10:17:17.070+0000][1][safepoint    ] Total time for which application threads were stopped: 0.0000725 seconds, Stopping threads took: 0.0000182 seconds
[2019-12-08T10:17:18.070+0000][1][safepoint    ] Application time: 1.0000781 seconds
[2019-12-08T10:17:18.070+0000][1][safepoint    ] Entering safepoint region: Cleanup
[2019-12-08T10:17:18.070+0000][1][safepoint    ] Leaving safepoint region
[2019-12-08T10:17:18.070+0000][1][safepoint    ] Total time for which application threads were stopped: 0.0000622 seconds, Stopping threads took: 0.0000162 seconds
[2019-12-08T10:17:19.070+0000][1][safepoint    ] Application time: 1.0000787 seconds
[2019-12-08T10:17:19.070+0000][1][safepoint    ] Entering safepoint region: Cleanup
[2019-12-08T10:17:19.070+0000][1][safepoint    ] Leaving safepoint region
[2019-12-08T10:17:19.070+0000][1][safepoint    ] Total time for which application threads were stopped: 0.0000742 seconds, Stopping threads took: 0.0000178 seconds
[2019-12-08T10:17:20.070+0000][1][safepoint    ] Application time: 1.0000783 seconds
[2019-12-08T10:17:20.070+0000][1][safepoint    ] Entering safepoint region: Cleanup
[2019-12-08T10:17:20.070+0000][1][safepoint    ] Leaving safepoint region
[2019-12-08T10:17:20.070+0000][1][safepoint    ] Total time for which application threads were stopped: 0.0000666 seconds, Stopping threads took: 0.0000178 seconds
[2019-12-08T10:17:21.071+0000][1][safepoint    ] Application time: 1.0000783 seconds
[2019-12-08T10:17:21.071+0000][1][safepoint    ] Entering safepoint region: Cleanup
[2019-12-08T10:17:21.071+0000][1][safepoint    ] Leaving safepoint region
[2019-12-08T10:17:21.071+0000][1][safepoint    ] Total time for which application threads were stopped: 0.0000712 seconds, Stopping threads took: 0.0000240 seconds
[2019-12-08T10:17:22.071+0000][1][safepoint    ] Application time: 1.0000886 seconds
[2019-12-08T10:17:22.071+0000][1][safepoint    ] Entering safepoint region: Cleanup
[2019-12-08T10:17:22.071+0000][1][safepoint    ] Leaving safepoint region
[2019-12-08T10:17:22.071+0000][1][safepoint    ] Total time for which application threads were stopped: 0.0000661 seconds, Stopping threads took: 0.0000196 seconds
[2019-12-08T10:17:23.071+0000][1][safepoint    ] Application time: 1.0000790 seconds
[2019-12-08T10:17:23.071+0000][1][safepoint    ] Entering safepoint region: Cleanup
[2019-12-08T10:17:23.071+0000][1][safepoint    ] Leaving safepoint region
[2019-12-08T10:17:23.071+0000][1][safepoint    ] Total time for which application threads were stopped: 0.0000662 seconds, Stopping threads took: 0.0000172 seconds
[2019-12-08T10:17:24.071+0000][1][safepoint    ] Application time: 1.0000776 seconds
[2019-12-08T10:17:24.071+0000][1][safepoint    ] Entering safepoint region: Cleanup
[2019-12-08T10:17:24.071+0000][1][safepoint    ] Leaving safepoint region
[2019-12-08T10:17:24.071+0000][1][safepoint    ] Total time for which application threads were stopped: 0.0000754 seconds, Stopping threads took: 0.0000170 seconds
[2019-12-08T10:17:25.071+0000][1][safepoint    ] Application time: 1.0000796 seconds
[2019-12-08T10:17:25.071+0000][1][safepoint    ] Entering safepoint region: Cleanup
[2019-12-08T10:17:25.071+0000][1][safepoint    ] Leaving safepoint region
[2019-12-08T10:17:25.071+0000][1][safepoint    ] Total time for which application threads were stopped: 0.0000656 seconds, Stopping threads took: 0.0000165 seconds
[2019-12-08T10:17:26.072+0000][1][safepoint    ] Application time: 1.0000765 seconds
[2019-12-08T10:17:26.072+0000][1][safepoint    ] Entering safepoint region: Cleanup
[2019-12-08T10:17:26.072+0000][1][safepoint    ] Leaving safepoint region
[2019-12-08T10:17:26.072+0000][1][safepoint    ] Total time for which application threads were stopped: 0.0000633 seconds, Stopping threads took: 0.0000159 seconds
[2019-12-08T10:17:27.072+0000][1][safepoint    ] Application time: 1.0000759 seconds
[2019-12-08T10:17:27.072+0000][1][safepoint    ] Entering safepoint region: Cleanup
[2019-12-08T10:17:27.072+0000][1][safepoint    ] Leaving safepoint region
[2019-12-08T10:17:27.072+0000][1][safepoint    ] Total time for which application threads were stopped: 0.0000652 seconds, Stopping threads took: 0.0000179 seconds
[2019-12-08T10:17:28.072+0000][1][safepoint    ] Application time: 1.0000760 seconds
[2019-12-08T10:17:28.072+0000][1][safepoint    ] Entering safepoint region: Cleanup
[2019-12-08T10:17:28.072+0000][1][safepoint    ] Leaving safepoint region
[2019-12-08T10:17:28.072+0000][1][safepoint    ] Total time for which application threads were stopped: 0.0000649 seconds, Stopping threads took: 0.0000180 seconds
[2019-12-08T10:17:29.072+0000][1][safepoint    ] Application time: 1.0000759 seconds
[2019-12-08T10:17:29.072+0000][1][safepoint    ] Entering safepoint region: Cleanup
[2019-12-08T10:17:29.072+0000][1][safepoint    ] Leaving safepoint region
[2019-12-08T10:17:29.072+0000][1][safepoint    ] Total time for which application threads were stopped: 0.0000642 seconds, Stopping threads took: 0.0000162 seconds
[2019-12-08T10:17:30.072+0000][1][safepoint    ] Application time: 1.0000753 seconds
[2019-12-08T10:17:30.072+0000][1][safepoint    ] Entering safepoint region: Cleanup
[2019-12-08T10:17:30.072+0000][1][safepoint    ] Leaving safepoint region
[2019-12-08T10:17:30.072+0000][1][safepoint    ] Total time for which application threads were stopped: 0.0000644 seconds, Stopping threads took: 0.0000178 seconds
[2019-12-08T10:17:31.072+0000][1][safepoint    ] Application time: 1.0000757 seconds
[2019-12-08T10:17:31.072+0000][1][safepoint    ] Entering safepoint region: Cleanup
[2019-12-08T10:17:31.072+0000][1][safepoint    ] Leaving safepoint region
[2019-12-08T10:17:31.072+0000][1][safepoint    ] Total time for which application threads were stopped: 0.0000807 seconds, Stopping threads took: 0.0000324 seconds
[2019-12-08T10:17:32.073+0000][1][safepoint    ] Application time: 1.0000769 seconds
[2019-12-08T10:17:32.073+0000][1][safepoint    ] Entering safepoint region: Cleanup
[2019-12-08T10:17:32.073+0000][1][safepoint    ] Leaving safepoint region
[2019-12-08T10:17:32.073+0000][1][safepoint    ] Total time for which application threads were stopped: 0.0000646 seconds, Stopping threads took: 0.0000173 seconds
[2019-12-08T10:17:33.868+0000][1][safepoint    ] Application time: 1.7958154 seconds
[2019-12-08T10:17:33.869+0000][1][safepoint    ] Entering safepoint region: Cleanup
[2019-12-08T10:17:33.869+0000][1][safepoint    ] Leaving safepoint region
[2019-12-08T10:17:33.869+0000][1][safepoint    ] Total time for which application threads were stopped: 0.0000972 seconds, Stopping threads took: 0.0000223 seconds
[2019-12-08T10:17:34.869+0000][1][safepoint    ] Application time: 1.0000837 seconds
[2019-12-08T10:17:34.869+0000][1][safepoint    ] Entering safepoint region: Cleanup
[2019-12-08T10:17:34.869+0000][1][safepoint    ] Leaving safepoint region
[2019-12-08T10:17:34.869+0000][1][safepoint    ] Total time for which application threads were stopped: 0.0000686 seconds, Stopping threads took: 0.0000167 seconds
[2019-12-08T10:17:35.869+0000][1][safepoint    ] Application time: 1.0001958 seconds
[2019-12-08T10:17:35.869+0000][1][safepoint    ] Entering safepoint region: Cleanup
[2019-12-08T10:17:35.869+0000][1][safepoint    ] Leaving safepoint region
[2019-12-08T10:17:35.869+0000][1][safepoint    ] Total time for which application threads were stopped: 0.0000764 seconds, Stopping threads took: 0.0000206 seconds
[2019-12-08T10:17:36.869+0000][1][safepoint    ] Application time: 1.0000761 seconds
[2019-12-08T10:17:36.869+0000][1][safepoint    ] Entering safepoint region: Cleanup
[2019-12-08T10:17:36.869+0000][1][safepoint    ] Leaving safepoint region
[2019-12-08T10:17:36.869+0000][1][safepoint    ] Total time for which application threads were stopped: 0.0000922 seconds, Stopping threads took: 0.0000233 seconds
[2019-12-08T10:17:37.869+0000][1][safepoint    ] Application time: 1.0000759 seconds
[2019-12-08T10:17:37.870+0000][1][safepoint    ] Entering safepoint region: Cleanup
[2019-12-08T10:17:37.870+0000][1][safepoint    ] Leaving safepoint region
[2019-12-08T10:17:37.870+0000][1][safepoint    ] Total time for which application threads were stopped: 0.0000664 seconds, Stopping threads took: 0.0000183 seconds
[2019-12-08T10:17:38.870+0000][1][safepoint    ] Application time: 1.0000744 seconds
[2019-12-08T10:17:38.870+0000][1][safepoint    ] Entering safepoint region: Cleanup
[2019-12-08T10:17:38.870+0000][1][safepoint    ] Leaving safepoint region
[2019-12-08T10:17:38.870+0000][1][safepoint    ] Total time for which application threads were stopped: 0.0000693 seconds, Stopping threads took: 0.0000192 seconds
[2019-12-08T10:17:39.870+0000][1][safepoint    ] Application time: 1.0000664 seconds
[2019-12-08T10:17:39.870+0000][1][safepoint    ] Entering safepoint region: Cleanup
[2019-12-08T10:17:39.870+0000][1][safepoint    ] Leaving safepoint region
[2019-12-08T10:17:39.870+0000][1][safepoint    ] Total time for which application threads were stopped: 0.0000689 seconds, Stopping threads took: 0.0000174 seconds
[2019-12-08T10:17:40.870+0000][1][safepoint    ] Application time: 1.0001030 seconds
[2019-12-08T10:17:40.870+0000][1][safepoint    ] Entering safepoint region: Cleanup
[2019-12-08T10:17:40.870+0000][1][safepoint    ] Leaving safepoint region
[2019-12-08T10:17:40.870+0000][1][safepoint    ] Total time for which application threads were stopped: 0.0000692 seconds, Stopping threads took: 0.0000192 seconds
[2019-12-08T10:17:41.870+0000][1][safepoint    ] Application time: 1.0000789 seconds
[2019-12-08T10:17:41.870+0000][1][safepoint    ] Entering safepoint region: Cleanup
[2019-12-08T10:17:41.870+0000][1][safepoint    ] Leaving safepoint region
[2019-12-08T10:17:41.870+0000][1][safepoint    ] Total time for which application threads were stopped: 0.0000766 seconds, Stopping threads took: 0.0000180 seconds
[2019-12-08T10:17:42.870+0000][1][safepoint    ] Application time: 1.0000760 seconds
[2019-12-08T10:17:42.870+0000][1][safepoint    ] Entering safepoint region: Cleanup
[2019-12-08T10:17:42.871+0000][1][safepoint    ] Leaving safepoint region
[2019-12-08T10:17:42.871+0000][1][safepoint    ] Total time for which application threads were stopped: 0.0000691 seconds, Stopping threads took: 0.0000188 seconds
[2019-12-08T10:17:43.871+0000][1][safepoint    ] Application time: 1.0000776 seconds
[2019-12-08T10:17:43.871+0000][1][safepoint    ] Entering safepoint region: Cleanup
[2019-12-08T10:17:43.871+0000][1][safepoint    ] Leaving safepoint region
[2019-12-08T10:17:43.871+0000][1][safepoint    ] Total time for which application threads were stopped: 0.0000955 seconds, Stopping threads took: 0.0000404 seconds
[2019-12-08T10:17:44.871+0000][1][safepoint    ] Application time: 1.0000766 seconds
[2019-12-08T10:17:44.871+0000][1][safepoint    ] Entering safepoint region: Cleanup
[2019-12-08T10:17:44.871+0000][1][safepoint    ] Leaving safepoint region
[2019-12-08T10:17:44.871+0000][1][safepoint    ] Total time for which application threads were stopped: 0.0000736 seconds, Stopping threads took: 0.0000188 seconds
[2019-12-08T10:17:45.871+0000][1][safepoint    ] Application time: 1.0000779 seconds
[2019-12-08T10:17:45.871+0000][1][safepoint    ] Entering safepoint region: Cleanup
[2019-12-08T10:17:45.871+0000][1][safepoint    ] Leaving safepoint region
[2019-12-08T10:17:45.871+0000][1][safepoint    ] Total time for which application threads were stopped: 0.0000752 seconds, Stopping threads took: 0.0000195 seconds
[2019-12-08T10:17:46.871+0000][1][safepoint    ] Application time: 1.0000897 seconds
[2019-12-08T10:17:46.871+0000][1][safepoint    ] Entering safepoint region: Cleanup
[2019-12-08T10:17:46.871+0000][1][safepoint    ] Leaving safepoint region
[2019-12-08T10:17:46.871+0000][1][safepoint    ] Total time for which application threads were stopped: 0.0000700 seconds, Stopping threads took: 0.0000185 seconds
[2019-12-08T10:17:47.871+0000][1][safepoint    ] Application time: 1.0000782 seconds
[2019-12-08T10:17:47.871+0000][1][safepoint    ] Entering safepoint region: Cleanup
[2019-12-08T10:17:47.872+0000][1][safepoint    ] Leaving safepoint region
[2019-12-08T10:17:47.872+0000][1][safepoint    ] Total time for which application threads were stopped: 0.0000684 seconds, Stopping threads took: 0.0000184 seconds
[2019-12-08T10:17:48.872+0000][1][safepoint    ] Application time: 1.0000785 seconds
[2019-12-08T10:17:48.872+0000][1][safepoint    ] Entering safepoint region: Cleanup
[2019-12-08T10:17:48.872+0000][1][safepoint    ] Leaving safepoint region
[2019-12-08T10:17:48.872+0000][1][safepoint    ] Total time for which application threads were stopped: 0.0000811 seconds, Stopping threads took: 0.0000172 seconds
[2019-12-08T10:17:49.872+0000][1][safepoint    ] Application time: 1.0000787 seconds
[2019-12-08T10:17:49.872+0000][1][safepoint    ] Entering safepoint region: Cleanup
[2019-12-08T10:17:49.872+0000][1][safepoint    ] Leaving safepoint region
[2019-12-08T10:17:49.872+0000][1][safepoint    ] Total time for which application threads were stopped: 0.0000691 seconds, Stopping threads took: 0.0000183 seconds
[2019-12-08T10:17:50.872+0000][1][safepoint    ] Application time: 1.0000774 seconds
[2019-12-08T10:17:50.872+0000][1][safepoint    ] Entering safepoint region: Cleanup
[2019-12-08T10:17:50.872+0000][1][safepoint    ] Leaving safepoint region
[2019-12-08T10:17:50.872+0000][1][safepoint    ] Total time for which application threads were stopped: 0.0000693 seconds, Stopping threads took: 0.0000179 seconds
[2019-12-08T10:17:51.872+0000][1][safepoint    ] Application time: 1.0000747 seconds
[2019-12-08T10:17:51.872+0000][1][safepoint    ] Entering safepoint region: Cleanup
[2019-12-08T10:17:51.872+0000][1][safepoint    ] Leaving safepoint region
[2019-12-08T10:17:51.872+0000][1][safepoint    ] Total time for which application threads were stopped: 0.0000789 seconds, Stopping threads took: 0.0000181 seconds
[2019-12-08T10:17:52.872+0000][1][safepoint    ] Application time: 1.0000753 seconds
[2019-12-08T10:17:52.872+0000][1][safepoint    ] Entering safepoint region: Cleanup
[2019-12-08T10:17:52.872+0000][1][safepoint    ] Leaving safepoint region
[2019-12-08T10:17:52.872+0000][1][safepoint    ] Total time for which application threads were stopped: 0.0000678 seconds, Stopping threads took: 0.0000181 seconds
[2019-12-08T10:17:53.873+0000][1][safepoint    ] Application time: 1.0000761 seconds
[2019-12-08T10:17:53.873+0000][1][safepoint    ] Entering safepoint region: Cleanup
[2019-12-08T10:17:53.873+0000][1][safepoint    ] Leaving safepoint region
[2019-12-08T10:17:53.873+0000][1][safepoint    ] Total time for which application threads were stopped: 0.0000878 seconds, Stopping threads took: 0.0000184 seconds
[2019-12-08T10:17:54.873+0000][1][safepoint    ] Application time: 1.0000750 seconds
[2019-12-08T10:17:54.873+0000][1][safepoint    ] Entering safepoint region: Cleanup
[2019-12-08T10:17:54.873+0000][1][safepoint    ] Leaving safepoint region
[2019-12-08T10:17:54.873+0000][1][safepoint    ] Total time for which application threads were stopped: 0.0000740 seconds, Stopping threads took: 0.0000186 seconds
[2019-12-08T10:17:55.873+0000][1][safepoint    ] Application time: 1.0000760 seconds
[2019-12-08T10:17:55.873+0000][1][safepoint    ] Entering safepoint region: Cleanup
[2019-12-08T10:17:55.873+0000][1][safepoint    ] Leaving safepoint region
[2019-12-08T10:17:55.873+0000][1][safepoint    ] Total time for which application threads were stopped: 0.0000681 seconds, Stopping threads took: 0.0000182 seconds
[2019-12-08T10:17:56.873+0000][1][safepoint    ] Application time: 1.0000795 seconds
[2019-12-08T10:17:56.873+0000][1][safepoint    ] Entering safepoint region: Cleanup
[2019-12-08T10:17:56.873+0000][1][safepoint    ] Leaving safepoint region
[2019-12-08T10:17:56.873+0000][1][safepoint    ] Total time for which application threads were stopped: 0.0000674 seconds, Stopping threads took: 0.0000174 seconds
[2019-12-08T10:17:57.873+0000][1][safepoint    ] Application time: 1.0000896 seconds
[2019-12-08T10:17:57.873+0000][1][safepoint    ] Entering safepoint region: Cleanup
[2019-12-08T10:17:57.873+0000][1][safepoint    ] Leaving safepoint region
[2019-12-08T10:17:57.873+0000][1][safepoint    ] Total time for which application threads were stopped: 0.0000699 seconds, Stopping threads took: 0.0000183 seconds
[2019-12-08T10:17:58.874+0000][1][safepoint    ] Application time: 1.0000830 seconds
[2019-12-08T10:17:58.874+0000][1][safepoint    ] Entering safepoint region: Cleanup
[2019-12-08T10:17:58.874+0000][1][safepoint    ] Leaving safepoint region
[2019-12-08T10:17:58.874+0000][1][safepoint    ] Total time for which application threads were stopped: 0.0000836 seconds, Stopping threads took: 0.0000200 seconds
[2019-12-08T10:17:59.874+0000][1][safepoint    ] Application time: 1.0000778 seconds
[2019-12-08T10:17:59.874+0000][1][safepoint    ] Entering safepoint region: Cleanup
[2019-12-08T10:17:59.874+0000][1][safepoint    ] Leaving safepoint region
[2019-12-08T10:17:59.874+0000][1][safepoint    ] Total time for which application threads were stopped: 0.0000671 seconds, Stopping threads took: 0.0000194 seconds
[2019-12-08T10:18:00.874+0000][1][safepoint    ] Application time: 1.0000761 seconds
[2019-12-08T10:18:00.874+0000][1][safepoint    ] Entering safepoint region: Cleanup
[2019-12-08T10:18:00.874+0000][1][safepoint    ] Leaving safepoint region
[2019-12-08T10:18:00.874+0000][1][safepoint    ] Total time for which application threads were stopped: 0.0000639 seconds, Stopping threads took: 0.0000174 seconds
[2019-12-08T10:18:01.874+0000][1][safepoint    ] Application time: 1.0000846 seconds
[2019-12-08T10:18:01.874+0000][1][safepoint    ] Entering safepoint region: Cleanup
[2019-12-08T10:18:01.874+0000][1][safepoint    ] Leaving safepoint region
[2019-12-08T10:18:01.874+0000][1][safepoint    ] Total time for which application threads were stopped: 0.0001034 seconds, Stopping threads took: 0.0000244 seconds
[2019-12-08T10:18:02.874+0000][1][safepoint    ] Application time: 1.0000781 seconds
[2019-12-08T10:18:02.874+0000][1][safepoint    ] Entering safepoint region: Cleanup
[2019-12-08T10:18:02.874+0000][1][safepoint    ] Leaving safepoint region
[2019-12-08T10:18:02.874+0000][1][safepoint    ] Total time for which application threads were stopped: 0.0000665 seconds, Stopping threads took: 0.0000181 seconds
[2019-12-08T10:18:02.884+0000][1][safepoint    ] Application time: 0.0096032 seconds
[2019-12-08T10:18:02.884+0000][1][safepoint    ] Entering safepoint region: GenCollectForAllocation
[2019-12-08T10:18:02.884+0000][1][gc,start     ] GC(34) Pause Young (Allocation Failure)
[2019-12-08T10:18:02.884+0000][1][gc,task      ] GC(34) Using 4 workers of 4 for evacuation
[2019-12-08T10:18:02.885+0000][1][gc,age       ] GC(34) Desired survivor size 4456448 bytes, new threshold 6 (max threshold 6)
[2019-12-08T10:18:02.885+0000][1][gc,age       ] GC(34) Age table with threshold 6 (max threshold 6)
[2019-12-08T10:18:02.885+0000][1][gc,age       ] GC(34) - age   1:       5432 bytes,       5432 total
[2019-12-08T10:18:02.885+0000][1][gc,age       ] GC(34) - age   2:       1064 bytes,       6496 total
[2019-12-08T10:18:02.885+0000][1][gc,age       ] GC(34) - age   3:       1728 bytes,       8224 total
[2019-12-08T10:18:02.885+0000][1][gc,age       ] GC(34) - age   4:       2088 bytes,      10312 total
[2019-12-08T10:18:02.885+0000][1][gc,age       ] GC(34) - age   5:       2992 bytes,      13304 total
[2019-12-08T10:18:02.885+0000][1][gc,age       ] GC(34) - age   6:       1120 bytes,      14424 total
[2019-12-08T10:18:02.885+0000][1][gc,heap      ] GC(34) ParNew: 69934K->23K(78656K)
[2019-12-08T10:18:02.885+0000][1][gc,heap      ] GC(34) CMS: 71027K->71033K(174784K)
[2019-12-08T10:18:02.885+0000][1][gc,metaspace ] GC(34) Metaspace: 69135K->69135K(1112064K)
[2019-12-08T10:18:02.885+0000][1][gc           ] GC(34) Pause Young (Allocation Failure) 137M->69M(247M) 0.982ms
[2019-12-08T10:18:02.885+0000][1][gc,cpu       ] GC(34) User=0.00s Sys=0.00s Real=0.00s
[2019-12-08T10:18:02.885+0000][1][safepoint    ] Leaving safepoint region
[2019-12-08T10:18:02.885+0000][1][safepoint    ] Total time for which application threads were stopped: 0.0011205 seconds, Stopping threads took: 0.0000211 seconds
[2019-12-08T10:18:03.885+0000][1][safepoint    ] Application time: 1.0000839 seconds
[2019-12-08T10:18:03.885+0000][1][safepoint    ] Entering safepoint region: Cleanup
[2019-12-08T10:18:03.885+0000][1][safepoint    ] Leaving safepoint region
[2019-12-08T10:18:03.885+0000][1][safepoint    ] Total time for which application threads were stopped: 0.0000633 seconds, Stopping threads took: 0.0000160 seconds
[2019-12-08T10:18:04.886+0000][1][safepoint    ] Application time: 1.0000822 seconds
[2019-12-08T10:18:04.886+0000][1][safepoint    ] Entering safepoint region: Cleanup
[2019-12-08T10:18:04.886+0000][1][safepoint    ] Leaving safepoint region
[2019-12-08T10:18:04.886+0000][1][safepoint    ] Total time for which application threads were stopped: 0.0000677 seconds, Stopping threads took: 0.0000179 seconds
[2019-12-08T10:18:05.886+0000][1][safepoint    ] Application time: 1.0000866 seconds
[2019-12-08T10:18:05.886+0000][1][safepoint    ] Entering safepoint region: Cleanup
[2019-12-08T10:18:05.886+0000][1][safepoint    ] Leaving safepoint region
[2019-12-08T10:18:05.886+0000][1][safepoint    ] Total time for which application threads were stopped: 0.0001164 seconds, Stopping threads took: 0.0000568 seconds
[2019-12-08T10:18:06.886+0000][1][safepoint    ] Application time: 1.0000963 seconds
[2019-12-08T10:18:06.886+0000][1][safepoint    ] Entering safepoint region: Cleanup
[2019-12-08T10:18:06.886+0000][1][safepoint    ] Leaving safepoint region
[2019-12-08T10:18:06.886+0000][1][safepoint    ] Total time for which application threads were stopped: 0.0001403 seconds, Stopping threads took: 0.0000557 seconds
[2019-12-08T10:18:07.886+0000][1][safepoint    ] Application time: 1.0000899 seconds
[2019-12-08T10:18:07.886+0000][1][safepoint    ] Entering safepoint region: Cleanup
[2019-12-08T10:18:07.886+0000][1][safepoint    ] Leaving safepoint region
[2019-12-08T10:18:07.886+0000][1][safepoint    ] Total time for which application threads were stopped: 0.0000832 seconds, Stopping threads took: 0.0000209 seconds
[2019-12-08T10:18:09.413+0000][1][safepoint    ] Application time: 1.5265323 seconds
[2019-12-08T10:18:09.413+0000][1][safepoint    ] Entering safepoint region: Cleanup
[2019-12-08T10:18:09.413+0000][1][safepoint    ] Leaving safepoint region
[2019-12-08T10:18:09.413+0000][1][safepoint    ] Total time for which application threads were stopped: 0.0000672 seconds, Stopping threads took: 0.0000183 seconds
[2019-12-08T10:18:10.413+0000][1][safepoint    ] Application time: 1.0000791 seconds
[2019-12-08T10:18:10.413+0000][1][safepoint    ] Entering safepoint region: Cleanup
[2019-12-08T10:18:10.413+0000][1][safepoint    ] Leaving safepoint region
[2019-12-08T10:18:10.413+0000][1][safepoint    ] Total time for which application threads were stopped: 0.0000673 seconds, Stopping threads took: 0.0000176 seconds
[2019-12-08T10:18:11.413+0000][1][safepoint    ] Application time: 1.0000815 seconds
[2019-12-08T10:18:11.413+0000][1][safepoint    ] Entering safepoint region: Cleanup
[2019-12-08T10:18:11.413+0000][1][safepoint    ] Leaving safepoint region
[2019-12-08T10:18:11.413+0000][1][safepoint    ] Total time for which application threads were stopped: 0.0000675 seconds, Stopping threads took: 0.0000180 seconds
[2019-12-08T10:18:12.414+0000][1][safepoint    ] Application time: 1.0000792 seconds
[2019-12-08T10:18:12.414+0000][1][safepoint    ] Entering safepoint region: Cleanup
[2019-12-08T10:18:12.414+0000][1][safepoint    ] Leaving safepoint region
[2019-12-08T10:18:12.414+0000][1][safepoint    ] Total time for which application threads were stopped: 0.0000653 seconds, Stopping threads took: 0.0000167 seconds
[2019-12-08T10:18:13.414+0000][1][safepoint    ] Application time: 1.0000839 seconds
[2019-12-08T10:18:13.414+0000][1][safepoint    ] Entering safepoint region: Cleanup
[2019-12-08T10:18:13.414+0000][1][safepoint    ] Leaving safepoint region
[2019-12-08T10:18:13.414+0000][1][safepoint    ] Total time for which application threads were stopped: 0.0000621 seconds, Stopping threads took: 0.0000149 seconds
[2019-12-08T10:18:14.414+0000][1][safepoint    ] Application time: 1.0000810 seconds
[2019-12-08T10:18:14.414+0000][1][safepoint    ] Entering safepoint region: Cleanup
[2019-12-08T10:18:14.414+0000][1][safepoint    ] Leaving safepoint region
[2019-12-08T10:18:14.414+0000][1][safepoint    ] Total time for which application threads were stopped: 0.0000658 seconds, Stopping threads took: 0.0000174 seconds
[2019-12-08T10:18:15.414+0000][1][safepoint    ] Application time: 1.0000772 seconds
[2019-12-08T10:18:15.414+0000][1][safepoint    ] Entering safepoint region: Cleanup
[2019-12-08T10:18:15.414+0000][1][safepoint    ] Leaving safepoint region
[2019-12-08T10:18:15.414+0000][1][safepoint    ] Total time for which application threads were stopped: 0.0000655 seconds, Stopping threads took: 0.0000173 seconds
[2019-12-08T10:18:16.414+0000][1][safepoint    ] Application time: 1.0000809 seconds
[2019-12-08T10:18:16.414+0000][1][safepoint    ] Entering safepoint region: Cleanup
[2019-12-08T10:18:16.414+0000][1][safepoint    ] Leaving safepoint region
[2019-12-08T10:18:16.414+0000][1][safepoint    ] Total time for which application threads were stopped: 0.0000679 seconds, Stopping threads took: 0.0000182 seconds
[2019-12-08T10:18:17.414+0000][1][safepoint    ] Application time: 1.0000862 seconds
[2019-12-08T10:18:17.415+0000][1][safepoint    ] Entering safepoint region: Cleanup
[2019-12-08T10:18:17.415+0000][1][safepoint    ] Leaving safepoint region
[2019-12-08T10:18:17.415+0000][1][safepoint    ] Total time for which application threads were stopped: 0.0000686 seconds, Stopping threads took: 0.0000177 seconds
[2019-12-08T10:18:18.415+0000][1][safepoint    ] Application time: 1.0000780 seconds
[2019-12-08T10:18:18.415+0000][1][safepoint    ] Entering safepoint region: Cleanup
[2019-12-08T10:18:18.415+0000][1][safepoint    ] Leaving safepoint region
[2019-12-08T10:18:18.415+0000][1][safepoint    ] Total time for which application threads were stopped: 0.0000660 seconds, Stopping threads took: 0.0000178 seconds
[2019-12-08T10:18:19.415+0000][1][safepoint    ] Application time: 1.0000771 seconds
[2019-12-08T10:18:19.415+0000][1][safepoint    ] Entering safepoint region: Cleanup
[2019-12-08T10:18:19.415+0000][1][safepoint    ] Leaving safepoint region
[2019-12-08T10:18:19.415+0000][1][safepoint    ] Total time for which application threads were stopped: 0.0000668 seconds, Stopping threads took: 0.0000180 seconds
[2019-12-08T10:18:20.415+0000][1][safepoint    ] Application time: 1.0000770 seconds
[2019-12-08T10:18:20.415+0000][1][safepoint    ] Entering safepoint region: Cleanup
[2019-12-08T10:18:20.415+0000][1][safepoint    ] Leaving safepoint region
[2019-12-08T10:18:20.415+0000][1][safepoint    ] Total time for which application threads were stopped: 0.0000668 seconds, Stopping threads took: 0.0000177 seconds
[2019-12-08T10:18:21.415+0000][1][safepoint    ] Application time: 1.0000762 seconds
[2019-12-08T10:18:21.415+0000][1][safepoint    ] Entering safepoint region: Cleanup
[2019-12-08T10:18:21.415+0000][1][safepoint    ] Leaving safepoint region
[2019-12-08T10:18:21.415+0000][1][safepoint    ] Total time for which application threads were stopped: 0.0000642 seconds, Stopping threads took: 0.0000165 seconds
[2019-12-08T10:18:22.415+0000][1][safepoint    ] Application time: 1.0000766 seconds
[2019-12-08T10:18:22.415+0000][1][safepoint    ] Entering safepoint region: Cleanup
[2019-12-08T10:18:22.415+0000][1][safepoint    ] Leaving safepoint region
[2019-12-08T10:18:22.416+0000][1][safepoint    ] Total time for which application threads were stopped: 0.0000649 seconds, Stopping threads took: 0.0000172 seconds
[2019-12-08T10:18:23.416+0000][1][safepoint    ] Application time: 1.0000761 seconds
[2019-12-08T10:18:23.416+0000][1][safepoint    ] Entering safepoint region: Cleanup
[2019-12-08T10:18:23.416+0000][1][safepoint    ] Leaving safepoint region
[2019-12-08T10:18:23.416+0000][1][safepoint    ] Total time for which application threads were stopped: 0.0000803 seconds, Stopping threads took: 0.0000187 seconds
[2019-12-08T10:18:24.416+0000][1][safepoint    ] Application time: 1.0000795 seconds
[2019-12-08T10:18:24.416+0000][1][safepoint    ] Entering safepoint region: Cleanup
[2019-12-08T10:18:24.416+0000][1][safepoint    ] Leaving safepoint region
[2019-12-08T10:18:24.416+0000][1][safepoint    ] Total time for which application threads were stopped: 0.0000682 seconds, Stopping threads took: 0.0000186 seconds
[2019-12-08T10:18:25.416+0000][1][safepoint    ] Application time: 1.0000847 seconds
[2019-12-08T10:18:25.416+0000][1][safepoint    ] Entering safepoint region: Cleanup
[2019-12-08T10:18:25.416+0000][1][safepoint    ] Leaving safepoint region
[2019-12-08T10:18:25.416+0000][1][safepoint    ] Total time for which application threads were stopped: 0.0000674 seconds, Stopping threads took: 0.0000174 seconds
[2019-12-08T10:18:26.416+0000][1][safepoint    ] Application time: 1.0000878 seconds
[2019-12-08T10:18:26.416+0000][1][safepoint    ] Entering safepoint region: Cleanup
[2019-12-08T10:18:26.416+0000][1][safepoint    ] Leaving safepoint region
[2019-12-08T10:18:26.416+0000][1][safepoint    ] Total time for which application threads were stopped: 0.0000691 seconds, Stopping threads took: 0.0000195 seconds
[2019-12-08T10:18:27.416+0000][1][safepoint    ] Application time: 1.0000828 seconds
[2019-12-08T10:18:27.416+0000][1][safepoint    ] Entering safepoint region: Cleanup
[2019-12-08T10:18:27.416+0000][1][safepoint    ] Leaving safepoint region
[2019-12-08T10:18:27.416+0000][1][safepoint    ] Total time for which application threads were stopped: 0.0000654 seconds, Stopping threads took: 0.0000171 seconds
[2019-12-08T10:18:28.417+0000][1][safepoint    ] Application time: 1.0000784 seconds
[2019-12-08T10:18:28.417+0000][1][safepoint    ] Entering safepoint region: Cleanup
[2019-12-08T10:18:28.417+0000][1][safepoint    ] Leaving safepoint region
[2019-12-08T10:18:28.417+0000][1][safepoint    ] Total time for which application threads were stopped: 0.0000643 seconds, Stopping threads took: 0.0000163 seconds
[2019-12-08T10:18:29.417+0000][1][safepoint    ] Application time: 1.0000803 seconds
[2019-12-08T10:18:29.417+0000][1][safepoint    ] Entering safepoint region: Cleanup
[2019-12-08T10:18:29.417+0000][1][safepoint    ] Leaving safepoint region
[2019-12-08T10:18:29.417+0000][1][safepoint    ] Total time for which application threads were stopped: 0.0000659 seconds, Stopping threads took: 0.0000181 seconds
[2019-12-08T10:18:30.417+0000][1][safepoint    ] Application time: 1.0000843 seconds
[2019-12-08T10:18:30.417+0000][1][safepoint    ] Entering safepoint region: Cleanup
[2019-12-08T10:18:30.417+0000][1][safepoint    ] Leaving safepoint region
[2019-12-08T10:18:30.417+0000][1][safepoint    ] Total time for which application threads were stopped: 0.0000695 seconds, Stopping threads took: 0.0000180 seconds
[2019-12-08T10:18:31.417+0000][1][safepoint    ] Application time: 1.0000817 seconds
[2019-12-08T10:18:31.417+0000][1][safepoint    ] Entering safepoint region: Cleanup
[2019-12-08T10:18:31.417+0000][1][safepoint    ] Leaving safepoint region
[2019-12-08T10:18:31.417+0000][1][safepoint    ] Total time for which application threads were stopped: 0.0000761 seconds, Stopping threads took: 0.0000252 seconds
[2019-12-08T10:18:32.417+0000][1][safepoint    ] Application time: 1.0000803 seconds
[2019-12-08T10:18:32.417+0000][1][safepoint    ] Entering safepoint region: Cleanup
[2019-12-08T10:18:32.417+0000][1][safepoint    ] Leaving safepoint region
[2019-12-08T10:18:32.417+0000][1][safepoint    ] Total time for which application threads were stopped: 0.0000649 seconds, Stopping threads took: 0.0000174 seconds
[2019-12-08T10:18:33.418+0000][1][safepoint    ] Application time: 1.0000758 seconds
[2019-12-08T10:18:33.418+0000][1][safepoint    ] Entering safepoint region: Cleanup
[2019-12-08T10:18:33.418+0000][1][safepoint    ] Leaving safepoint region
[2019-12-08T10:18:33.418+0000][1][safepoint    ] Total time for which application threads were stopped: 0.0000639 seconds, Stopping threads took: 0.0000165 seconds
[2019-12-08T10:18:34.418+0000][1][safepoint    ] Application time: 1.0000771 seconds
[2019-12-08T10:18:34.418+0000][1][safepoint    ] Entering safepoint region: Cleanup
[2019-12-08T10:18:34.418+0000][1][safepoint    ] Leaving safepoint region
[2019-12-08T10:18:34.418+0000][1][safepoint    ] Total time for which application threads were stopped: 0.0000667 seconds, Stopping threads took: 0.0000178 seconds
[2019-12-08T10:18:35.418+0000][1][safepoint    ] Application time: 1.0000788 seconds
[2019-12-08T10:18:35.418+0000][1][safepoint    ] Entering safepoint region: Cleanup
[2019-12-08T10:18:35.418+0000][1][safepoint    ] Leaving safepoint region
[2019-12-08T10:18:35.418+0000][1][safepoint    ] Total time for which application threads were stopped: 0.0000641 seconds, Stopping threads took: 0.0000169 seconds
[2019-12-08T10:18:36.418+0000][1][safepoint    ] Application time: 1.0000832 seconds
[2019-12-08T10:18:36.418+0000][1][safepoint    ] Entering safepoint region: Cleanup
[2019-12-08T10:18:36.418+0000][1][safepoint    ] Leaving safepoint region
[2019-12-08T10:18:36.418+0000][1][safepoint    ] Total time for which application threads were stopped: 0.0000675 seconds, Stopping threads took: 0.0000175 seconds
[2019-12-08T10:18:37.418+0000][1][safepoint    ] Application time: 1.0000786 seconds
[2019-12-08T10:18:37.418+0000][1][safepoint    ] Entering safepoint region: Cleanup
[2019-12-08T10:18:37.418+0000][1][safepoint    ] Leaving safepoint region
[2019-12-08T10:18:37.418+0000][1][safepoint    ] Total time for which application threads were stopped: 0.0000660 seconds, Stopping threads took: 0.0000180 seconds
[2019-12-08T10:18:38.418+0000][1][safepoint    ] Application time: 1.0000784 seconds
[2019-12-08T10:18:38.419+0000][1][safepoint    ] Entering safepoint region: Cleanup
[2019-12-08T10:18:38.419+0000][1][safepoint    ] Leaving safepoint region
[2019-12-08T10:18:38.419+0000][1][safepoint    ] Total time for which application threads were stopped: 0.0000665 seconds, Stopping threads took: 0.0000176 seconds
[2019-12-08T10:18:39.419+0000][1][safepoint    ] Application time: 1.0000893 seconds
[2019-12-08T10:18:39.419+0000][1][safepoint    ] Entering safepoint region: Cleanup
[2019-12-08T10:18:39.419+0000][1][safepoint    ] Leaving safepoint region
[2019-12-08T10:18:39.419+0000][1][safepoint    ] Total time for which application threads were stopped: 0.0000665 seconds, Stopping threads took: 0.0000184 seconds
[2019-12-08T10:18:40.419+0000][1][safepoint    ] Application time: 1.0000902 seconds
[2019-12-08T10:18:40.419+0000][1][safepoint    ] Entering safepoint region: Cleanup
[2019-12-08T10:18:40.419+0000][1][safepoint    ] Leaving safepoint region
[2019-12-08T10:18:40.419+0000][1][safepoint    ] Total time for which application threads were stopped: 0.0000688 seconds, Stopping threads took: 0.0000191 seconds
[2019-12-08T10:18:41.419+0000][1][safepoint    ] Application time: 1.0000797 seconds
[2019-12-08T10:18:41.419+0000][1][safepoint    ] Entering safepoint region: Cleanup
[2019-12-08T10:18:41.419+0000][1][safepoint    ] Leaving safepoint region
[2019-12-08T10:18:41.419+0000][1][safepoint    ] Total time for which application threads were stopped: 0.0000661 seconds, Stopping threads took: 0.0000175 seconds
[2019-12-08T10:18:42.886+0000][1][safepoint    ] Application time: 1.4669815 seconds
[2019-12-08T10:18:42.886+0000][1][safepoint    ] Entering safepoint region: Cleanup
[2019-12-08T10:18:42.886+0000][1][safepoint    ] Leaving safepoint region
[2019-12-08T10:18:42.886+0000][1][safepoint    ] Total time for which application threads were stopped: 0.0000645 seconds, Stopping threads took: 0.0000172 seconds
[2019-12-08T10:18:43.886+0000][1][safepoint    ] Application time: 1.0000868 seconds
[2019-12-08T10:18:43.886+0000][1][safepoint    ] Entering safepoint region: Cleanup
[2019-12-08T10:18:43.886+0000][1][safepoint    ] Leaving safepoint region
[2019-12-08T10:18:43.886+0000][1][safepoint    ] Total time for which application threads were stopped: 0.0000699 seconds, Stopping threads took: 0.0000200 seconds
[2019-12-08T10:18:44.887+0000][1][safepoint    ] Application time: 1.0000763 seconds
[2019-12-08T10:18:44.887+0000][1][safepoint    ] Entering safepoint region: Cleanup
[2019-12-08T10:18:44.887+0000][1][safepoint    ] Leaving safepoint region
[2019-12-08T10:18:44.887+0000][1][safepoint    ] Total time for which application threads were stopped: 0.0000731 seconds, Stopping threads took: 0.0000255 seconds
[2019-12-08T10:18:45.887+0000][1][safepoint    ] Application time: 1.0000794 seconds
[2019-12-08T10:18:45.887+0000][1][safepoint    ] Entering safepoint region: Cleanup
[2019-12-08T10:18:45.887+0000][1][safepoint    ] Leaving safepoint region
[2019-12-08T10:18:45.887+0000][1][safepoint    ] Total time for which application threads were stopped: 0.0000700 seconds, Stopping threads took: 0.0000187 seconds
[2019-12-08T10:18:46.887+0000][1][safepoint    ] Application time: 1.0000757 seconds
[2019-12-08T10:18:46.887+0000][1][safepoint    ] Entering safepoint region: Cleanup
[2019-12-08T10:18:46.887+0000][1][safepoint    ] Leaving safepoint region
[2019-12-08T10:18:46.887+0000][1][safepoint    ] Total time for which application threads were stopped: 0.0000660 seconds, Stopping threads took: 0.0000177 seconds
[2019-12-08T10:18:47.887+0000][1][safepoint    ] Application time: 1.0000789 seconds
[2019-12-08T10:18:47.887+0000][1][safepoint    ] Entering safepoint region: Cleanup
[2019-12-08T10:18:47.887+0000][1][safepoint    ] Leaving safepoint region
[2019-12-08T10:18:47.887+0000][1][safepoint    ] Total time for which application threads were stopped: 0.0000641 seconds, Stopping threads took: 0.0000167 seconds
[2019-12-08T10:18:48.887+0000][1][safepoint    ] Application time: 1.0000832 seconds
[2019-12-08T10:18:48.887+0000][1][safepoint    ] Entering safepoint region: Cleanup
[2019-12-08T10:18:48.887+0000][1][safepoint    ] Leaving safepoint region
[2019-12-08T10:18:48.887+0000][1][safepoint    ] Total time for which application threads were stopped: 0.0000674 seconds, Stopping threads took: 0.0000185 seconds
[2019-12-08T10:18:49.887+0000][1][safepoint    ] Application time: 1.0000755 seconds
[2019-12-08T10:18:49.887+0000][1][safepoint    ] Entering safepoint region: Cleanup
[2019-12-08T10:18:49.888+0000][1][safepoint    ] Leaving safepoint region
[2019-12-08T10:18:49.888+0000][1][safepoint    ] Total time for which application threads were stopped: 0.0000652 seconds, Stopping threads took: 0.0000177 seconds
[2019-12-08T10:18:50.888+0000][1][safepoint    ] Application time: 1.0000760 seconds
[2019-12-08T10:18:50.888+0000][1][safepoint    ] Entering safepoint region: Cleanup
[2019-12-08T10:18:50.888+0000][1][safepoint    ] Leaving safepoint region
[2019-12-08T10:18:50.888+0000][1][safepoint    ] Total time for which application threads were stopped: 0.0000779 seconds, Stopping threads took: 0.0000265 seconds
[2019-12-08T10:18:51.888+0000][1][safepoint    ] Application time: 1.0000747 seconds
[2019-12-08T10:18:51.888+0000][1][safepoint    ] Entering safepoint region: Cleanup
[2019-12-08T10:18:51.888+0000][1][safepoint    ] Leaving safepoint region
[2019-12-08T10:18:51.888+0000][1][safepoint    ] Total time for which application threads were stopped: 0.0000640 seconds, Stopping threads took: 0.0000166 seconds
[2019-12-08T10:18:52.888+0000][1][safepoint    ] Application time: 1.0000746 seconds
[2019-12-08T10:18:52.888+0000][1][safepoint    ] Entering safepoint region: Cleanup
[2019-12-08T10:18:52.888+0000][1][safepoint    ] Leaving safepoint region
[2019-12-08T10:18:52.888+0000][1][safepoint    ] Total time for which application threads were stopped: 0.0000644 seconds, Stopping threads took: 0.0000171 seconds
[2019-12-08T10:18:53.888+0000][1][safepoint    ] Application time: 1.0000819 seconds
[2019-12-08T10:18:53.888+0000][1][safepoint    ] Entering safepoint region: Cleanup
[2019-12-08T10:18:53.888+0000][1][safepoint    ] Leaving safepoint region
[2019-12-08T10:18:53.888+0000][1][safepoint    ] Total time for which application threads were stopped: 0.0000690 seconds, Stopping threads took: 0.0000180 seconds
[2019-12-08T10:18:54.888+0000][1][safepoint    ] Application time: 1.0000793 seconds
[2019-12-08T10:18:54.888+0000][1][safepoint    ] Entering safepoint region: Cleanup
[2019-12-08T10:18:54.888+0000][1][safepoint    ] Leaving safepoint region
[2019-12-08T10:18:54.888+0000][1][safepoint    ] Total time for which application threads were stopped: 0.0000676 seconds, Stopping threads took: 0.0000184 seconds
[2019-12-08T10:18:55.889+0000][1][safepoint    ] Application time: 1.0000793 seconds
[2019-12-08T10:18:55.889+0000][1][safepoint    ] Entering safepoint region: Cleanup
[2019-12-08T10:18:55.889+0000][1][safepoint    ] Leaving safepoint region
[2019-12-08T10:18:55.889+0000][1][safepoint    ] Total time for which application threads were stopped: 0.0000656 seconds, Stopping threads took: 0.0000174 seconds
[2019-12-08T10:18:56.889+0000][1][safepoint    ] Application time: 1.0000753 seconds
[2019-12-08T10:18:56.889+0000][1][safepoint    ] Entering safepoint region: Cleanup
[2019-12-08T10:18:56.889+0000][1][safepoint    ] Leaving safepoint region
[2019-12-08T10:18:56.889+0000][1][safepoint    ] Total time for which application threads were stopped: 0.0000657 seconds, Stopping threads took: 0.0000175 seconds
[2019-12-08T10:18:57.889+0000][1][safepoint    ] Application time: 1.0000788 seconds
[2019-12-08T10:18:57.889+0000][1][safepoint    ] Entering safepoint region: Cleanup
[2019-12-08T10:18:57.889+0000][1][safepoint    ] Leaving safepoint region
[2019-12-08T10:18:57.889+0000][1][safepoint    ] Total time for which application threads were stopped: 0.0000673 seconds, Stopping threads took: 0.0000181 seconds
[2019-12-08T10:18:58.889+0000][1][safepoint    ] Application time: 1.0000796 seconds
[2019-12-08T10:18:58.889+0000][1][safepoint    ] Entering safepoint region: Cleanup
[2019-12-08T10:18:58.889+0000][1][safepoint    ] Leaving safepoint region
[2019-12-08T10:18:58.889+0000][1][safepoint    ] Total time for which application threads were stopped: 0.0000798 seconds, Stopping threads took: 0.0000280 seconds
[2019-12-08T10:18:59.889+0000][1][safepoint    ] Application time: 1.0000788 seconds
[2019-12-08T10:18:59.889+0000][1][safepoint    ] Entering safepoint region: Cleanup
[2019-12-08T10:18:59.889+0000][1][safepoint    ] Leaving safepoint region
[2019-12-08T10:18:59.889+0000][1][safepoint    ] Total time for which application threads were stopped: 0.0000648 seconds, Stopping threads took: 0.0000176 seconds
[2019-12-08T10:19:00.889+0000][1][safepoint    ] Application time: 1.0000771 seconds
[2019-12-08T10:19:00.890+0000][1][safepoint    ] Entering safepoint region: Cleanup
[2019-12-08T10:19:00.890+0000][1][safepoint    ] Leaving safepoint region
[2019-12-08T10:19:00.890+0000][1][safepoint    ] Total time for which application threads were stopped: 0.0000665 seconds, Stopping threads took: 0.0000179 seconds
[2019-12-08T10:19:01.890+0000][1][safepoint    ] Application time: 1.0000907 seconds
[2019-12-08T10:19:01.890+0000][1][safepoint    ] Entering safepoint region: Cleanup
[2019-12-08T10:19:01.890+0000][1][safepoint    ] Leaving safepoint region
[2019-12-08T10:19:01.890+0000][1][safepoint    ] Total time for which application threads were stopped: 0.0000725 seconds, Stopping threads took: 0.0000185 seconds
[2019-12-08T10:19:02.890+0000][1][safepoint    ] Application time: 1.0000794 seconds
[2019-12-08T10:19:02.890+0000][1][safepoint    ] Entering safepoint region: Cleanup
[2019-12-08T10:19:02.890+0000][1][safepoint    ] Leaving safepoint region
[2019-12-08T10:19:02.890+0000][1][safepoint    ] Total time for which application threads were stopped: 0.0000739 seconds, Stopping threads took: 0.0000227 seconds
[2019-12-08T10:19:03.890+0000][1][safepoint    ] Application time: 1.0000934 seconds
[2019-12-08T10:19:03.890+0000][1][safepoint    ] Entering safepoint region: Cleanup
[2019-12-08T10:19:03.890+0000][1][safepoint    ] Leaving safepoint region
[2019-12-08T10:19:03.890+0000][1][safepoint    ] Total time for which application threads were stopped: 0.0000675 seconds, Stopping threads took: 0.0000192 seconds
[2019-12-08T10:19:04.890+0000][1][safepoint    ] Application time: 1.0000929 seconds
[2019-12-08T10:19:04.890+0000][1][safepoint    ] Entering safepoint region: Cleanup
[2019-12-08T10:19:04.890+0000][1][safepoint    ] Leaving safepoint region
[2019-12-08T10:19:04.890+0000][1][safepoint    ] Total time for which application threads were stopped: 0.0000648 seconds, Stopping threads took: 0.0000168 seconds
[2019-12-08T10:19:05.890+0000][1][safepoint    ] Application time: 1.0000817 seconds
[2019-12-08T10:19:05.890+0000][1][safepoint    ] Entering safepoint region: Cleanup
[2019-12-08T10:19:05.891+0000][1][safepoint    ] Leaving safepoint region
[2019-12-08T10:19:05.891+0000][1][safepoint    ] Total time for which application threads were stopped: 0.0000643 seconds, Stopping threads took: 0.0000171 seconds
[2019-12-08T10:19:06.891+0000][1][safepoint    ] Application time: 1.0000754 seconds
[2019-12-08T10:19:06.891+0000][1][safepoint    ] Entering safepoint region: Cleanup
[2019-12-08T10:19:06.891+0000][1][safepoint    ] Leaving safepoint region
[2019-12-08T10:19:06.891+0000][1][safepoint    ] Total time for which application threads were stopped: 0.0000717 seconds, Stopping threads took: 0.0000172 seconds
[2019-12-08T10:19:07.891+0000][1][safepoint    ] Application time: 1.0000781 seconds
[2019-12-08T10:19:07.891+0000][1][safepoint    ] Entering safepoint region: Cleanup
[2019-12-08T10:19:07.891+0000][1][safepoint    ] Leaving safepoint region
[2019-12-08T10:19:07.891+0000][1][safepoint    ] Total time for which application threads were stopped: 0.0000731 seconds, Stopping threads took: 0.0000171 seconds
[2019-12-08T10:19:08.891+0000][1][safepoint    ] Application time: 1.0000794 seconds
[2019-12-08T10:19:08.891+0000][1][safepoint    ] Entering safepoint region: Cleanup
[2019-12-08T10:19:08.891+0000][1][safepoint    ] Leaving safepoint region
[2019-12-08T10:19:08.891+0000][1][safepoint    ] Total time for which application threads were stopped: 0.0000732 seconds, Stopping threads took: 0.0000252 seconds
[2019-12-08T10:19:10.590+0000][1][safepoint    ] Application time: 1.6985228 seconds
[2019-12-08T10:19:10.590+0000][1][safepoint    ] Entering safepoint region: Cleanup
[2019-12-08T10:19:10.590+0000][1][safepoint    ] Leaving safepoint region
[2019-12-08T10:19:10.590+0000][1][safepoint    ] Total time for which application threads were stopped: 0.0000822 seconds, Stopping threads took: 0.0000181 seconds
[2019-12-08T10:19:11.590+0000][1][safepoint    ] Application time: 1.0000780 seconds
[2019-12-08T10:19:11.590+0000][1][safepoint    ] Entering safepoint region: Cleanup
[2019-12-08T10:19:11.590+0000][1][safepoint    ] Leaving safepoint region
[2019-12-08T10:19:11.590+0000][1][safepoint    ] Total time for which application threads were stopped: 0.0000667 seconds, Stopping threads took: 0.0000172 seconds
[2019-12-08T10:19:12.590+0000][1][safepoint    ] Application time: 1.0000795 seconds
[2019-12-08T10:19:12.590+0000][1][safepoint    ] Entering safepoint region: Cleanup
[2019-12-08T10:19:12.590+0000][1][safepoint    ] Leaving safepoint region
[2019-12-08T10:19:12.590+0000][1][safepoint    ] Total time for which application threads were stopped: 0.0000678 seconds, Stopping threads took: 0.0000179 seconds
[2019-12-08T10:19:13.590+0000][1][safepoint    ] Application time: 1.0000783 seconds
[2019-12-08T10:19:13.590+0000][1][safepoint    ] Entering safepoint region: Cleanup
[2019-12-08T10:19:13.590+0000][1][safepoint    ] Leaving safepoint region
[2019-12-08T10:19:13.590+0000][1][safepoint    ] Total time for which application threads were stopped: 0.0000687 seconds, Stopping threads took: 0.0000184 seconds
[2019-12-08T10:19:14.590+0000][1][safepoint    ] Application time: 1.0000765 seconds
[2019-12-08T10:19:14.590+0000][1][safepoint    ] Entering safepoint region: Cleanup
[2019-12-08T10:19:14.591+0000][1][safepoint    ] Leaving safepoint region
[2019-12-08T10:19:14.591+0000][1][safepoint    ] Total time for which application threads were stopped: 0.0000674 seconds, Stopping threads took: 0.0000188 seconds
[2019-12-08T10:19:15.591+0000][1][safepoint    ] Application time: 1.0000832 seconds
[2019-12-08T10:19:15.591+0000][1][safepoint    ] Entering safepoint region: Cleanup
[2019-12-08T10:19:15.591+0000][1][safepoint    ] Leaving safepoint region
[2019-12-08T10:19:15.591+0000][1][safepoint    ] Total time for which application threads were stopped: 0.0000832 seconds, Stopping threads took: 0.0000181 seconds
[2019-12-08T10:19:16.591+0000][1][safepoint    ] Application time: 1.0000786 seconds
[2019-12-08T10:19:16.591+0000][1][safepoint    ] Entering safepoint region: Cleanup
[2019-12-08T10:19:16.591+0000][1][safepoint    ] Leaving safepoint region
[2019-12-08T10:19:16.591+0000][1][safepoint    ] Total time for which application threads were stopped: 0.0000682 seconds, Stopping threads took: 0.0000180 seconds
[2019-12-08T10:19:17.591+0000][1][safepoint    ] Application time: 1.0000761 seconds
[2019-12-08T10:19:17.591+0000][1][safepoint    ] Entering safepoint region: Cleanup
[2019-12-08T10:19:17.591+0000][1][safepoint    ] Leaving safepoint region
[2019-12-08T10:19:17.591+0000][1][safepoint    ] Total time for which application threads were stopped: 0.0000670 seconds, Stopping threads took: 0.0000186 seconds
[2019-12-08T10:19:18.591+0000][1][safepoint    ] Application time: 1.0000795 seconds
[2019-12-08T10:19:18.591+0000][1][safepoint    ] Entering safepoint region: Cleanup
[2019-12-08T10:19:18.591+0000][1][safepoint    ] Leaving safepoint region
[2019-12-08T10:19:18.591+0000][1][safepoint    ] Total time for which application threads were stopped: 0.0000791 seconds, Stopping threads took: 0.0000302 seconds
[2019-12-08T10:19:19.591+0000][1][safepoint    ] Application time: 1.0000769 seconds
[2019-12-08T10:19:19.591+0000][1][safepoint    ] Entering safepoint region: Cleanup
[2019-12-08T10:19:19.591+0000][1][safepoint    ] Leaving safepoint region
[2019-12-08T10:19:19.591+0000][1][safepoint    ] Total time for which application threads were stopped: 0.0000747 seconds, Stopping threads took: 0.0000261 seconds
[2019-12-08T10:19:20.592+0000][1][safepoint    ] Application time: 1.0000775 seconds
[2019-12-08T10:19:20.592+0000][1][safepoint    ] Entering safepoint region: Cleanup
[2019-12-08T10:19:20.592+0000][1][safepoint    ] Leaving safepoint region
[2019-12-08T10:19:20.592+0000][1][safepoint    ] Total time for which application threads were stopped: 0.0000791 seconds, Stopping threads took: 0.0000177 seconds
[2019-12-08T10:19:21.592+0000][1][safepoint    ] Application time: 1.0000787 seconds
[2019-12-08T10:19:21.592+0000][1][safepoint    ] Entering safepoint region: Cleanup
[2019-12-08T10:19:21.592+0000][1][safepoint    ] Leaving safepoint region
[2019-12-08T10:19:21.592+0000][1][safepoint    ] Total time for which application threads were stopped: 0.0000662 seconds, Stopping threads took: 0.0000180 seconds
[2019-12-08T10:19:22.592+0000][1][safepoint    ] Application time: 1.0000753 seconds
[2019-12-08T10:19:22.592+0000][1][safepoint    ] Entering safepoint region: Cleanup
[2019-12-08T10:19:22.592+0000][1][safepoint    ] Leaving safepoint region
[2019-12-08T10:19:22.592+0000][1][safepoint    ] Total time for which application threads were stopped: 0.0000668 seconds, Stopping threads took: 0.0000181 seconds
[2019-12-08T10:19:23.592+0000][1][safepoint    ] Application time: 1.0000755 seconds
[2019-12-08T10:19:23.592+0000][1][safepoint    ] Entering safepoint region: Cleanup
[2019-12-08T10:19:23.592+0000][1][safepoint    ] Leaving safepoint region
[2019-12-08T10:19:23.592+0000][1][safepoint    ] Total time for which application threads were stopped: 0.0000691 seconds, Stopping threads took: 0.0000180 seconds
[2019-12-08T10:19:24.592+0000][1][safepoint    ] Application time: 1.0000879 seconds
[2019-12-08T10:19:24.592+0000][1][safepoint    ] Entering safepoint region: Cleanup
[2019-12-08T10:19:24.592+0000][1][safepoint    ] Leaving safepoint region
[2019-12-08T10:19:24.592+0000][1][safepoint    ] Total time for which application threads were stopped: 0.0000663 seconds, Stopping threads took: 0.0000185 seconds
[2019-12-08T10:19:25.593+0000][1][safepoint    ] Application time: 1.0000797 seconds
[2019-12-08T10:19:25.593+0000][1][safepoint    ] Entering safepoint region: Cleanup
[2019-12-08T10:19:25.593+0000][1][safepoint    ] Leaving safepoint region
[2019-12-08T10:19:25.593+0000][1][safepoint    ] Total time for which application threads were stopped: 0.0000663 seconds, Stopping threads took: 0.0000182 seconds
[2019-12-08T10:19:26.593+0000][1][safepoint    ] Application time: 1.0000771 seconds
[2019-12-08T10:19:26.593+0000][1][safepoint    ] Entering safepoint region: Cleanup
[2019-12-08T10:19:26.593+0000][1][safepoint    ] Leaving safepoint region
[2019-12-08T10:19:26.593+0000][1][safepoint    ] Total time for which application threads were stopped: 0.0000666 seconds, Stopping threads took: 0.0000178 seconds
[2019-12-08T10:19:27.593+0000][1][safepoint    ] Application time: 1.0000768 seconds
[2019-12-08T10:19:27.593+0000][1][safepoint    ] Entering safepoint region: Cleanup
[2019-12-08T10:19:27.593+0000][1][safepoint    ] Leaving safepoint region
[2019-12-08T10:19:27.593+0000][1][safepoint    ] Total time for which application threads were stopped: 0.0000654 seconds, Stopping threads took: 0.0000179 seconds
[2019-12-08T10:19:28.593+0000][1][safepoint    ] Application time: 1.0000767 seconds
[2019-12-08T10:19:28.593+0000][1][safepoint    ] Entering safepoint region: Cleanup
[2019-12-08T10:19:28.593+0000][1][safepoint    ] Leaving safepoint region
[2019-12-08T10:19:28.593+0000][1][safepoint    ] Total time for which application threads were stopped: 0.0000658 seconds, Stopping threads took: 0.0000181 seconds
[2019-12-08T10:19:30.133+0000][1][safepoint    ] Application time: 1.5394506 seconds
[2019-12-08T10:19:30.133+0000][1][safepoint    ] Entering safepoint region: Cleanup
[2019-12-08T10:19:30.133+0000][1][safepoint    ] Leaving safepoint region
[2019-12-08T10:19:30.133+0000][1][safepoint    ] Total time for which application threads were stopped: 0.0000704 seconds, Stopping threads took: 0.0000173 seconds
[2019-12-08T10:19:31.133+0000][1][safepoint    ] Application time: 1.0000788 seconds
[2019-12-08T10:19:31.133+0000][1][safepoint    ] Entering safepoint region: Cleanup
[2019-12-08T10:19:31.133+0000][1][safepoint    ] Leaving safepoint region
[2019-12-08T10:19:31.133+0000][1][safepoint    ] Total time for which application threads were stopped: 0.0000697 seconds, Stopping threads took: 0.0000231 seconds
[2019-12-08T10:19:32.133+0000][1][safepoint    ] Application time: 1.0000770 seconds
[2019-12-08T10:19:32.133+0000][1][safepoint    ] Entering safepoint region: Cleanup
[2019-12-08T10:19:32.133+0000][1][safepoint    ] Leaving safepoint region
[2019-12-08T10:19:32.133+0000][1][safepoint    ] Total time for which application threads were stopped: 0.0000613 seconds, Stopping threads took: 0.0000152 seconds
[2019-12-08T10:19:33.133+0000][1][safepoint    ] Application time: 1.0000755 seconds
[2019-12-08T10:19:33.133+0000][1][safepoint    ] Entering safepoint region: Cleanup
[2019-12-08T10:19:33.133+0000][1][safepoint    ] Leaving safepoint region
[2019-12-08T10:19:33.133+0000][1][safepoint    ] Total time for which application threads were stopped: 0.0000621 seconds, Stopping threads took: 0.0000171 seconds
[2019-12-08T10:19:34.133+0000][1][safepoint    ] Application time: 1.0000760 seconds
[2019-12-08T10:19:34.133+0000][1][safepoint    ] Entering safepoint region: Cleanup
[2019-12-08T10:19:34.133+0000][1][safepoint    ] Leaving safepoint region
[2019-12-08T10:19:34.133+0000][1][safepoint    ] Total time for which application threads were stopped: 0.0000589 seconds, Stopping threads took: 0.0000148 seconds
[2019-12-08T10:19:35.134+0000][1][safepoint    ] Application time: 1.0000800 seconds
[2019-12-08T10:19:35.134+0000][1][safepoint    ] Entering safepoint region: Cleanup
[2019-12-08T10:19:35.134+0000][1][safepoint    ] Leaving safepoint region
[2019-12-08T10:19:35.134+0000][1][safepoint    ] Total time for which application threads were stopped: 0.0000688 seconds, Stopping threads took: 0.0000169 seconds
[2019-12-08T10:19:36.134+0000][1][safepoint    ] Application time: 1.0000762 seconds
[2019-12-08T10:19:36.134+0000][1][safepoint    ] Entering safepoint region: Cleanup
[2019-12-08T10:19:36.134+0000][1][safepoint    ] Leaving safepoint region
[2019-12-08T10:19:36.134+0000][1][safepoint    ] Total time for which application threads were stopped: 0.0000648 seconds, Stopping threads took: 0.0000182 seconds
[2019-12-08T10:19:37.134+0000][1][safepoint    ] Application time: 1.0000904 seconds
[2019-12-08T10:19:37.134+0000][1][safepoint    ] Entering safepoint region: Cleanup
[2019-12-08T10:19:37.134+0000][1][safepoint    ] Leaving safepoint region
[2019-12-08T10:19:37.134+0000][1][safepoint    ] Total time for which application threads were stopped: 0.0000659 seconds, Stopping threads took: 0.0000176 seconds
[2019-12-08T10:19:38.134+0000][1][safepoint    ] Application time: 1.0000830 seconds
[2019-12-08T10:19:38.134+0000][1][safepoint    ] Entering safepoint region: Cleanup
[2019-12-08T10:19:38.134+0000][1][safepoint    ] Leaving safepoint region
[2019-12-08T10:19:38.134+0000][1][safepoint    ] Total time for which application threads were stopped: 0.0000644 seconds, Stopping threads took: 0.0000180 seconds
[2019-12-08T10:19:39.134+0000][1][safepoint    ] Application time: 1.0000782 seconds
[2019-12-08T10:19:39.134+0000][1][safepoint    ] Entering safepoint region: Cleanup
[2019-12-08T10:19:39.134+0000][1][safepoint    ] Leaving safepoint region
[2019-12-08T10:19:39.134+0000][1][safepoint    ] Total time for which application threads were stopped: 0.0000633 seconds, Stopping threads took: 0.0000157 seconds
[2019-12-08T10:19:40.134+0000][1][safepoint    ] Application time: 1.0000794 seconds
[2019-12-08T10:19:40.134+0000][1][safepoint    ] Entering safepoint region: Cleanup
[2019-12-08T10:19:40.135+0000][1][safepoint    ] Leaving safepoint region
[2019-12-08T10:19:40.135+0000][1][safepoint    ] Total time for which application threads were stopped: 0.0000717 seconds, Stopping threads took: 0.0000184 seconds
[2019-12-08T10:19:41.135+0000][1][safepoint    ] Application time: 1.0000783 seconds
[2019-12-08T10:19:41.135+0000][1][safepoint    ] Entering safepoint region: Cleanup
[2019-12-08T10:19:41.135+0000][1][safepoint    ] Leaving safepoint region
[2019-12-08T10:19:41.135+0000][1][safepoint    ] Total time for which application threads were stopped: 0.0000787 seconds, Stopping threads took: 0.0000171 seconds
[2019-12-08T10:19:42.135+0000][1][safepoint    ] Application time: 1.0000830 seconds
[2019-12-08T10:19:42.135+0000][1][safepoint    ] Entering safepoint region: Cleanup
[2019-12-08T10:19:42.135+0000][1][safepoint    ] Leaving safepoint region
[2019-12-08T10:19:42.135+0000][1][safepoint    ] Total time for which application threads were stopped: 0.0000634 seconds, Stopping threads took: 0.0000173 seconds
[2019-12-08T10:19:43.135+0000][1][safepoint    ] Application time: 1.0000806 seconds
[2019-12-08T10:19:43.135+0000][1][safepoint    ] Entering safepoint region: Cleanup
[2019-12-08T10:19:43.135+0000][1][safepoint    ] Leaving safepoint region
[2019-12-08T10:19:43.135+0000][1][safepoint    ] Total time for which application threads were stopped: 0.0000636 seconds, Stopping threads took: 0.0000167 seconds
[2019-12-08T10:19:44.135+0000][1][safepoint    ] Application time: 1.0000756 seconds
[2019-12-08T10:19:44.135+0000][1][safepoint    ] Entering safepoint region: Cleanup
[2019-12-08T10:19:44.135+0000][1][safepoint    ] Leaving safepoint region
[2019-12-08T10:19:44.135+0000][1][safepoint    ] Total time for which application threads were stopped: 0.0000592 seconds, Stopping threads took: 0.0000146 seconds
[2019-12-08T10:19:45.135+0000][1][safepoint    ] Application time: 1.0000799 seconds
[2019-12-08T10:19:45.135+0000][1][safepoint    ] Entering safepoint region: Cleanup
[2019-12-08T10:19:45.135+0000][1][safepoint    ] Leaving safepoint region
[2019-12-08T10:19:45.135+0000][1][safepoint    ] Total time for which application threads were stopped: 0.0000680 seconds, Stopping threads took: 0.0000230 seconds
[2019-12-08T10:19:46.136+0000][1][safepoint    ] Application time: 1.0000773 seconds
[2019-12-08T10:19:46.136+0000][1][safepoint    ] Entering safepoint region: Cleanup
[2019-12-08T10:19:46.136+0000][1][safepoint    ] Leaving safepoint region
[2019-12-08T10:19:46.136+0000][1][safepoint    ] Total time for which application threads were stopped: 0.0000634 seconds, Stopping threads took: 0.0000170 seconds
[2019-12-08T10:19:47.136+0000][1][safepoint    ] Application time: 1.0000783 seconds
[2019-12-08T10:19:47.136+0000][1][safepoint    ] Entering safepoint region: Cleanup
[2019-12-08T10:19:47.136+0000][1][safepoint    ] Leaving safepoint region
[2019-12-08T10:19:47.136+0000][1][safepoint    ] Total time for which application threads were stopped: 0.0000635 seconds, Stopping threads took: 0.0000157 seconds
[2019-12-08T10:19:48.136+0000][1][safepoint    ] Application time: 1.0000779 seconds
[2019-12-08T10:19:48.136+0000][1][safepoint    ] Entering safepoint region: Cleanup
[2019-12-08T10:19:48.136+0000][1][safepoint    ] Leaving safepoint region
[2019-12-08T10:19:48.136+0000][1][safepoint    ] Total time for which application threads were stopped: 0.0000629 seconds, Stopping threads took: 0.0000165 seconds
[2019-12-08T10:19:49.136+0000][1][safepoint    ] Application time: 1.0000757 seconds
[2019-12-08T10:19:49.136+0000][1][safepoint    ] Entering safepoint region: Cleanup
[2019-12-08T10:19:49.136+0000][1][safepoint    ] Leaving safepoint region
[2019-12-08T10:19:49.136+0000][1][safepoint    ] Total time for which application threads were stopped: 0.0000611 seconds, Stopping threads took: 0.0000162 seconds
[2019-12-08T10:19:50.136+0000][1][safepoint    ] Application time: 1.0000756 seconds
[2019-12-08T10:19:50.136+0000][1][safepoint    ] Entering safepoint region: Cleanup
[2019-12-08T10:19:50.136+0000][1][safepoint    ] Leaving safepoint region
[2019-12-08T10:19:50.136+0000][1][safepoint    ] Total time for which application threads were stopped: 0.0000673 seconds, Stopping threads took: 0.0000165 seconds
[2019-12-08T10:19:51.136+0000][1][safepoint    ] Application time: 1.0000817 seconds
[2019-12-08T10:19:51.136+0000][1][safepoint    ] Entering safepoint region: Cleanup
[2019-12-08T10:19:51.136+0000][1][safepoint    ] Leaving safepoint region
[2019-12-08T10:19:51.136+0000][1][safepoint    ] Total time for which application threads were stopped: 0.0000614 seconds, Stopping threads took: 0.0000158 seconds
[2019-12-08T10:19:52.137+0000][1][safepoint    ] Application time: 1.0000776 seconds
[2019-12-08T10:19:52.137+0000][1][safepoint    ] Entering safepoint region: Cleanup
[2019-12-08T10:19:52.137+0000][1][safepoint    ] Leaving safepoint region
[2019-12-08T10:19:52.137+0000][1][safepoint    ] Total time for which application threads were stopped: 0.0000644 seconds, Stopping threads took: 0.0000160 seconds
[2019-12-08T10:19:54.101+0000][1][safepoint    ] Application time: 1.9645882 seconds
[2019-12-08T10:19:54.101+0000][1][safepoint    ] Entering safepoint region: Cleanup
[2019-12-08T10:19:54.101+0000][1][safepoint    ] Leaving safepoint region
[2019-12-08T10:19:54.101+0000][1][safepoint    ] Total time for which application threads were stopped: 0.0000681 seconds, Stopping threads took: 0.0000163 seconds
[2019-12-08T10:19:55.101+0000][1][safepoint    ] Application time: 1.0000776 seconds
[2019-12-08T10:19:55.101+0000][1][safepoint    ] Entering safepoint region: Cleanup
[2019-12-08T10:19:55.102+0000][1][safepoint    ] Leaving safepoint region
[2019-12-08T10:19:55.102+0000][1][safepoint    ] Total time for which application threads were stopped: 0.0000648 seconds, Stopping threads took: 0.0000157 seconds
[2019-12-08T10:19:56.102+0000][1][safepoint    ] Application time: 1.0000763 seconds
[2019-12-08T10:19:56.102+0000][1][safepoint    ] Entering safepoint region: Cleanup
[2019-12-08T10:19:56.102+0000][1][safepoint    ] Leaving safepoint region
[2019-12-08T10:19:56.102+0000][1][safepoint    ] Total time for which application threads were stopped: 0.0000737 seconds, Stopping threads took: 0.0000266 seconds
[2019-12-08T10:19:57.102+0000][1][safepoint    ] Application time: 1.0000793 seconds
[2019-12-08T10:19:57.102+0000][1][safepoint    ] Entering safepoint region: Cleanup
[2019-12-08T10:19:57.102+0000][1][safepoint    ] Leaving safepoint region
[2019-12-08T10:19:57.102+0000][1][safepoint    ] Total time for which application threads were stopped: 0.0000662 seconds, Stopping threads took: 0.0000167 seconds
[2019-12-08T10:19:58.102+0000][1][safepoint    ] Application time: 1.0000855 seconds
[2019-12-08T10:19:58.102+0000][1][safepoint    ] Entering safepoint region: Cleanup
[2019-12-08T10:19:58.102+0000][1][safepoint    ] Leaving safepoint region
[2019-12-08T10:19:58.102+0000][1][safepoint    ] Total time for which application threads were stopped: 0.0000668 seconds, Stopping threads took: 0.0000171 seconds
[2019-12-08T10:19:59.102+0000][1][safepoint    ] Application time: 1.0000774 seconds
[2019-12-08T10:19:59.102+0000][1][safepoint    ] Entering safepoint region: Cleanup
[2019-12-08T10:19:59.102+0000][1][safepoint    ] Leaving safepoint region
[2019-12-08T10:19:59.102+0000][1][safepoint    ] Total time for which application threads were stopped: 0.0000619 seconds, Stopping threads took: 0.0000161 seconds
[2019-12-08T10:20:00.102+0000][1][safepoint    ] Application time: 1.0000781 seconds
[2019-12-08T10:20:00.102+0000][1][safepoint    ] Entering safepoint region: Cleanup
[2019-12-08T10:20:00.102+0000][1][safepoint    ] Leaving safepoint region
[2019-12-08T10:20:00.102+0000][1][safepoint    ] Total time for which application threads were stopped: 0.0000686 seconds, Stopping threads took: 0.0000180 seconds
[2019-12-08T10:20:01.103+0000][1][safepoint    ] Application time: 1.0000757 seconds
[2019-12-08T10:20:01.103+0000][1][safepoint    ] Entering safepoint region: Cleanup
[2019-12-08T10:20:01.103+0000][1][safepoint    ] Leaving safepoint region
[2019-12-08T10:20:01.103+0000][1][safepoint    ] Total time for which application threads were stopped: 0.0000641 seconds, Stopping threads took: 0.0000166 seconds
[2019-12-08T10:20:02.103+0000][1][safepoint    ] Application time: 1.0000974 seconds
[2019-12-08T10:20:02.103+0000][1][safepoint    ] Entering safepoint region: Cleanup
[2019-12-08T10:20:02.103+0000][1][safepoint    ] Leaving safepoint region
[2019-12-08T10:20:02.103+0000][1][safepoint    ] Total time for which application threads were stopped: 0.0000963 seconds, Stopping threads took: 0.0000252 seconds
[2019-12-08T10:20:03.103+0000][1][safepoint    ] Application time: 1.0000805 seconds
[2019-12-08T10:20:03.103+0000][1][safepoint    ] Entering safepoint region: Cleanup
[2019-12-08T10:20:03.103+0000][1][safepoint    ] Leaving safepoint region
[2019-12-08T10:20:03.103+0000][1][safepoint    ] Total time for which application threads were stopped: 0.0000702 seconds, Stopping threads took: 0.0000205 seconds
[2019-12-08T10:20:04.103+0000][1][safepoint    ] Application time: 1.0000750 seconds
[2019-12-08T10:20:04.103+0000][1][safepoint    ] Entering safepoint region: Cleanup
[2019-12-08T10:20:04.103+0000][1][safepoint    ] Leaving safepoint region
[2019-12-08T10:20:04.103+0000][1][safepoint    ] Total time for which application threads were stopped: 0.0000630 seconds, Stopping threads took: 0.0000157 seconds
[2019-12-08T10:20:05.103+0000][1][safepoint    ] Application time: 1.0000757 seconds
[2019-12-08T10:20:05.103+0000][1][safepoint    ] Entering safepoint region: Cleanup
[2019-12-08T10:20:05.103+0000][1][safepoint    ] Leaving safepoint region
[2019-12-08T10:20:05.103+0000][1][safepoint    ] Total time for which application threads were stopped: 0.0000624 seconds, Stopping threads took: 0.0000161 seconds
[2019-12-08T10:20:06.104+0000][1][safepoint    ] Application time: 1.0000741 seconds
[2019-12-08T10:20:06.104+0000][1][safepoint    ] Entering safepoint region: Cleanup
[2019-12-08T10:20:06.104+0000][1][safepoint    ] Leaving safepoint region
[2019-12-08T10:20:06.104+0000][1][safepoint    ] Total time for which application threads were stopped: 0.0000620 seconds, Stopping threads took: 0.0000160 seconds
[2019-12-08T10:20:07.104+0000][1][safepoint    ] Application time: 1.0000777 seconds
[2019-12-08T10:20:07.104+0000][1][safepoint    ] Entering safepoint region: Cleanup
[2019-12-08T10:20:07.104+0000][1][safepoint    ] Leaving safepoint region
[2019-12-08T10:20:07.104+0000][1][safepoint    ] Total time for which application threads were stopped: 0.0000634 seconds, Stopping threads took: 0.0000164 seconds
[2019-12-08T10:20:08.104+0000][1][safepoint    ] Application time: 1.0000754 seconds
[2019-12-08T10:20:08.104+0000][1][safepoint    ] Entering safepoint region: Cleanup
[2019-12-08T10:20:08.104+0000][1][safepoint    ] Leaving safepoint region
[2019-12-08T10:20:08.104+0000][1][safepoint    ] Total time for which application threads were stopped: 0.0000629 seconds, Stopping threads took: 0.0000162 seconds
[2019-12-08T10:20:09.084+0000][1][safepoint    ] Application time: 0.9796185 seconds
[2019-12-08T10:20:09.084+0000][1][safepoint    ] Entering safepoint region: GenCollectForAllocation
[2019-12-08T10:20:09.084+0000][1][gc,start     ] GC(35) Pause Young (Allocation Failure)
[2019-12-08T10:20:09.084+0000][1][gc,task      ] GC(35) Using 4 workers of 4 for evacuation
[2019-12-08T10:20:09.085+0000][1][gc,age       ] GC(35) Desired survivor size 4456448 bytes, new threshold 6 (max threshold 6)
[2019-12-08T10:20:09.085+0000][1][gc,age       ] GC(35) Age table with threshold 6 (max threshold 6)
[2019-12-08T10:20:09.085+0000][1][gc,age       ] GC(35) - age   1:       3640 bytes,       3640 total
[2019-12-08T10:20:09.085+0000][1][gc,age       ] GC(35) - age   2:       1672 bytes,       5312 total
[2019-12-08T10:20:09.085+0000][1][gc,age       ] GC(35) - age   3:       1000 bytes,       6312 total
[2019-12-08T10:20:09.085+0000][1][gc,age       ] GC(35) - age   4:       1728 bytes,       8040 total
[2019-12-08T10:20:09.085+0000][1][gc,age       ] GC(35) - age   5:       2088 bytes,      10128 total
[2019-12-08T10:20:09.085+0000][1][gc,age       ] GC(35) - age   6:       2992 bytes,      13120 total
[2019-12-08T10:20:09.085+0000][1][gc,heap      ] GC(35) ParNew: 69975K->20K(78656K)
[2019-12-08T10:20:09.085+0000][1][gc,heap      ] GC(35) CMS: 71033K->71034K(174784K)
[2019-12-08T10:20:09.085+0000][1][gc,metaspace ] GC(35) Metaspace: 69136K->69136K(1112064K)
[2019-12-08T10:20:09.085+0000][1][gc           ] GC(35) Pause Young (Allocation Failure) 137M->69M(247M) 0.974ms
[2019-12-08T10:20:09.085+0000][1][gc,cpu       ] GC(35) User=0.00s Sys=0.00s Real=0.00s
[2019-12-08T10:20:09.085+0000][1][safepoint    ] Leaving safepoint region
[2019-12-08T10:20:09.085+0000][1][safepoint    ] Total time for which application threads were stopped: 0.0011164 seconds, Stopping threads took: 0.0000320 seconds
[2019-12-08T10:20:10.085+0000][1][safepoint    ] Application time: 1.0000925 seconds
[2019-12-08T10:20:10.085+0000][1][safepoint    ] Entering safepoint region: Cleanup
[2019-12-08T10:20:10.085+0000][1][safepoint    ] Leaving safepoint region
[2019-12-08T10:20:10.085+0000][1][safepoint    ] Total time for which application threads were stopped: 0.0000996 seconds, Stopping threads took: 0.0000480 seconds
[2019-12-08T10:20:11.085+0000][1][safepoint    ] Application time: 1.0000899 seconds
[2019-12-08T10:20:11.085+0000][1][safepoint    ] Entering safepoint region: Cleanup
[2019-12-08T10:20:11.085+0000][1][safepoint    ] Leaving safepoint region
[2019-12-08T10:20:11.085+0000][1][safepoint    ] Total time for which application threads were stopped: 0.0001090 seconds, Stopping threads took: 0.0000577 seconds
[2019-12-08T10:20:12.085+0000][1][safepoint    ] Application time: 1.0000847 seconds
[2019-12-08T10:20:12.085+0000][1][safepoint    ] Entering safepoint region: Cleanup
[2019-12-08T10:20:12.085+0000][1][safepoint    ] Leaving safepoint region
[2019-12-08T10:20:12.085+0000][1][safepoint    ] Total time for which application threads were stopped: 0.0000651 seconds, Stopping threads took: 0.0000166 seconds
[2019-12-08T10:20:13.086+0000][1][safepoint    ] Application time: 1.0000769 seconds
[2019-12-08T10:20:13.086+0000][1][safepoint    ] Entering safepoint region: Cleanup
[2019-12-08T10:20:13.086+0000][1][safepoint    ] Leaving safepoint region
[2019-12-08T10:20:13.086+0000][1][safepoint    ] Total time for which application threads were stopped: 0.0000655 seconds, Stopping threads took: 0.0000174 seconds
[2019-12-08T10:20:14.086+0000][1][safepoint    ] Application time: 1.0000752 seconds
[2019-12-08T10:20:14.086+0000][1][safepoint    ] Entering safepoint region: Cleanup
[2019-12-08T10:20:14.086+0000][1][safepoint    ] Leaving safepoint region
[2019-12-08T10:20:14.086+0000][1][safepoint    ] Total time for which application threads were stopped: 0.0000693 seconds, Stopping threads took: 0.0000167 seconds
[2019-12-08T10:20:15.086+0000][1][safepoint    ] Application time: 1.0000730 seconds
[2019-12-08T10:20:15.086+0000][1][safepoint    ] Entering safepoint region: Cleanup
[2019-12-08T10:20:15.086+0000][1][safepoint    ] Leaving safepoint region
[2019-12-08T10:20:15.086+0000][1][safepoint    ] Total time for which application threads were stopped: 0.0000684 seconds, Stopping threads took: 0.0000154 seconds
[2019-12-08T10:20:16.086+0000][1][safepoint    ] Application time: 1.0000759 seconds
[2019-12-08T10:20:16.086+0000][1][safepoint    ] Entering safepoint region: Cleanup
[2019-12-08T10:20:16.086+0000][1][safepoint    ] Leaving safepoint region
[2019-12-08T10:20:16.086+0000][1][safepoint    ] Total time for which application threads were stopped: 0.0000655 seconds, Stopping threads took: 0.0000173 seconds
[2019-12-08T10:20:17.086+0000][1][safepoint    ] Application time: 1.0000786 seconds
[2019-12-08T10:20:17.086+0000][1][safepoint    ] Entering safepoint region: Cleanup
[2019-12-08T10:20:17.086+0000][1][safepoint    ] Leaving safepoint region
[2019-12-08T10:20:17.086+0000][1][safepoint    ] Total time for which application threads were stopped: 0.0000634 seconds, Stopping threads took: 0.0000169 seconds
[2019-12-08T10:20:18.086+0000][1][safepoint    ] Application time: 1.0000747 seconds
[2019-12-08T10:20:18.087+0000][1][safepoint    ] Entering safepoint region: Cleanup
[2019-12-08T10:20:18.087+0000][1][safepoint    ] Leaving safepoint region
[2019-12-08T10:20:18.087+0000][1][safepoint    ] Total time for which application threads were stopped: 0.0000664 seconds, Stopping threads took: 0.0000188 seconds
[2019-12-08T10:20:19.087+0000][1][safepoint    ] Application time: 1.0000760 seconds
[2019-12-08T10:20:19.087+0000][1][safepoint    ] Entering safepoint region: Cleanup
[2019-12-08T10:20:19.087+0000][1][safepoint    ] Leaving safepoint region
[2019-12-08T10:20:19.087+0000][1][safepoint    ] Total time for which application threads were stopped: 0.0001207 seconds, Stopping threads took: 0.0000715 seconds
[2019-12-08T10:20:20.087+0000][1][safepoint    ] Application time: 1.0000862 seconds
[2019-12-08T10:20:20.087+0000][1][safepoint    ] Entering safepoint region: Cleanup
[2019-12-08T10:20:20.087+0000][1][safepoint    ] Leaving safepoint region
[2019-12-08T10:20:20.087+0000][1][safepoint    ] Total time for which application threads were stopped: 0.0000657 seconds, Stopping threads took: 0.0000173 seconds
[2019-12-08T10:20:21.087+0000][1][safepoint    ] Application time: 1.0000761 seconds
[2019-12-08T10:20:21.087+0000][1][safepoint    ] Entering safepoint region: Cleanup
[2019-12-08T10:20:21.087+0000][1][safepoint    ] Leaving safepoint region
[2019-12-08T10:20:21.087+0000][1][safepoint    ] Total time for which application threads were stopped: 0.0000655 seconds, Stopping threads took: 0.0000156 seconds
[2019-12-08T10:20:22.087+0000][1][safepoint    ] Application time: 1.0000808 seconds
[2019-12-08T10:20:22.087+0000][1][safepoint    ] Entering safepoint region: Cleanup
[2019-12-08T10:20:22.087+0000][1][safepoint    ] Leaving safepoint region
[2019-12-08T10:20:22.087+0000][1][safepoint    ] Total time for which application threads were stopped: 0.0000656 seconds, Stopping threads took: 0.0000176 seconds
[2019-12-08T10:20:23.087+0000][1][safepoint    ] Application time: 1.0000773 seconds
[2019-12-08T10:20:23.087+0000][1][safepoint    ] Entering safepoint region: Cleanup
[2019-12-08T10:20:23.088+0000][1][safepoint    ] Leaving safepoint region
[2019-12-08T10:20:23.088+0000][1][safepoint    ] Total time for which application threads were stopped: 0.0000654 seconds, Stopping threads took: 0.0000169 seconds
[2019-12-08T10:20:24.088+0000][1][safepoint    ] Application time: 1.0000758 seconds
[2019-12-08T10:20:24.088+0000][1][safepoint    ] Entering safepoint region: Cleanup
[2019-12-08T10:20:24.088+0000][1][safepoint    ] Leaving safepoint region
[2019-12-08T10:20:24.088+0000][1][safepoint    ] Total time for which application threads were stopped: 0.0001237 seconds, Stopping threads took: 0.0000668 seconds
[2019-12-08T10:20:25.088+0000][1][safepoint    ] Application time: 1.0000832 seconds
[2019-12-08T10:20:25.088+0000][1][safepoint    ] Entering safepoint region: Cleanup
[2019-12-08T10:20:25.088+0000][1][safepoint    ] Leaving safepoint region
[2019-12-08T10:20:25.088+0000][1][safepoint    ] Total time for which application threads were stopped: 0.0000668 seconds, Stopping threads took: 0.0000182 seconds
[2019-12-08T10:20:26.088+0000][1][safepoint    ] Application time: 1.0000784 seconds
[2019-12-08T10:20:26.088+0000][1][safepoint    ] Entering safepoint region: Cleanup
[2019-12-08T10:20:26.088+0000][1][safepoint    ] Leaving safepoint region
[2019-12-08T10:20:26.088+0000][1][safepoint    ] Total time for which application threads were stopped: 0.0000714 seconds, Stopping threads took: 0.0000211 seconds
[2019-12-08T10:20:27.088+0000][1][safepoint    ] Application time: 1.0000767 seconds
[2019-12-08T10:20:27.088+0000][1][safepoint    ] Entering safepoint region: Cleanup
[2019-12-08T10:20:27.088+0000][1][safepoint    ] Leaving safepoint region
[2019-12-08T10:20:27.088+0000][1][safepoint    ] Total time for which application threads were stopped: 0.0000698 seconds, Stopping threads took: 0.0000182 seconds
[2019-12-08T10:20:28.088+0000][1][safepoint    ] Application time: 1.0000775 seconds
[2019-12-08T10:20:28.089+0000][1][safepoint    ] Entering safepoint region: Cleanup
[2019-12-08T10:20:28.089+0000][1][safepoint    ] Leaving safepoint region
[2019-12-08T10:20:28.089+0000][1][safepoint    ] Total time for which application threads were stopped: 0.0000676 seconds, Stopping threads took: 0.0000179 seconds
[2019-12-08T10:20:29.089+0000][1][safepoint    ] Application time: 1.0000768 seconds
[2019-12-08T10:20:29.089+0000][1][safepoint    ] Entering safepoint region: Cleanup
[2019-12-08T10:20:29.089+0000][1][safepoint    ] Leaving safepoint region
[2019-12-08T10:20:29.089+0000][1][safepoint    ] Total time for which application threads were stopped: 0.0001303 seconds, Stopping threads took: 0.0000729 seconds
[2019-12-08T10:20:30.089+0000][1][safepoint    ] Application time: 1.0000805 seconds
[2019-12-08T10:20:30.089+0000][1][safepoint    ] Entering safepoint region: Cleanup
[2019-12-08T10:20:30.089+0000][1][safepoint    ] Leaving safepoint region
[2019-12-08T10:20:30.089+0000][1][safepoint    ] Total time for which application threads were stopped: 0.0000686 seconds, Stopping threads took: 0.0000187 seconds
[2019-12-08T10:20:31.089+0000][1][safepoint    ] Application time: 1.0000787 seconds
[2019-12-08T10:20:31.089+0000][1][safepoint    ] Entering safepoint region: Cleanup
[2019-12-08T10:20:31.089+0000][1][safepoint    ] Leaving safepoint region
[2019-12-08T10:20:31.089+0000][1][safepoint    ] Total time for which application threads were stopped: 0.0000705 seconds, Stopping threads took: 0.0000183 seconds
[2019-12-08T10:20:32.089+0000][1][safepoint    ] Application time: 1.0000762 seconds
[2019-12-08T10:20:32.089+0000][1][safepoint    ] Entering safepoint region: Cleanup
[2019-12-08T10:20:32.089+0000][1][safepoint    ] Leaving safepoint region
[2019-12-08T10:20:32.089+0000][1][safepoint    ] Total time for which application threads were stopped: 0.0000720 seconds, Stopping threads took: 0.0000235 seconds
[2019-12-08T10:20:33.089+0000][1][safepoint    ] Application time: 1.0000757 seconds
[2019-12-08T10:20:33.090+0000][1][safepoint    ] Entering safepoint region: Cleanup
[2019-12-08T10:20:33.090+0000][1][safepoint    ] Leaving safepoint region
[2019-12-08T10:20:33.090+0000][1][safepoint    ] Total time for which application threads were stopped: 0.0000638 seconds, Stopping threads took: 0.0000162 seconds
[2019-12-08T10:20:34.090+0000][1][safepoint    ] Application time: 1.0000727 seconds
[2019-12-08T10:20:34.090+0000][1][safepoint    ] Entering safepoint region: Cleanup
[2019-12-08T10:20:34.090+0000][1][safepoint    ] Leaving safepoint region
[2019-12-08T10:20:34.090+0000][1][safepoint    ] Total time for which application threads were stopped: 0.0000775 seconds, Stopping threads took: 0.0000280 seconds
[2019-12-08T10:20:35.090+0000][1][safepoint    ] Application time: 1.0000760 seconds
[2019-12-08T10:20:35.090+0000][1][safepoint    ] Entering safepoint region: Cleanup
[2019-12-08T10:20:35.090+0000][1][safepoint    ] Leaving safepoint region
[2019-12-08T10:20:35.090+0000][1][safepoint    ] Total time for which application threads were stopped: 0.0000731 seconds, Stopping threads took: 0.0000242 seconds
[2019-12-08T10:20:36.090+0000][1][safepoint    ] Application time: 1.0000818 seconds
[2019-12-08T10:20:36.090+0000][1][safepoint    ] Entering safepoint region: Cleanup
[2019-12-08T10:20:36.090+0000][1][safepoint    ] Leaving safepoint region
[2019-12-08T10:20:36.090+0000][1][safepoint    ] Total time for which application threads were stopped: 0.0000670 seconds, Stopping threads took: 0.0000185 seconds
[2019-12-08T10:20:37.090+0000][1][safepoint    ] Application time: 1.0000771 seconds
[2019-12-08T10:20:37.090+0000][1][safepoint    ] Entering safepoint region: Cleanup
[2019-12-08T10:20:37.090+0000][1][safepoint    ] Leaving safepoint region
[2019-12-08T10:20:37.090+0000][1][safepoint    ] Total time for which application threads were stopped: 0.0000695 seconds, Stopping threads took: 0.0000193 seconds
[2019-12-08T10:20:38.090+0000][1][safepoint    ] Application time: 1.0000796 seconds
[2019-12-08T10:20:38.090+0000][1][safepoint    ] Entering safepoint region: Cleanup
[2019-12-08T10:20:38.091+0000][1][safepoint    ] Leaving safepoint region
[2019-12-08T10:20:38.091+0000][1][safepoint    ] Total time for which application threads were stopped: 0.0000747 seconds, Stopping threads took: 0.0000246 seconds
[2019-12-08T10:20:39.091+0000][1][safepoint    ] Application time: 1.0000787 seconds
[2019-12-08T10:20:39.091+0000][1][safepoint    ] Entering safepoint region: Cleanup
[2019-12-08T10:20:39.091+0000][1][safepoint    ] Leaving safepoint region
[2019-12-08T10:20:39.091+0000][1][safepoint    ] Total time for which application threads were stopped: 0.0000902 seconds, Stopping threads took: 0.0000181 seconds
[2019-12-08T10:20:40.091+0000][1][safepoint    ] Application time: 1.0000792 seconds
[2019-12-08T10:20:40.091+0000][1][safepoint    ] Entering safepoint region: Cleanup
[2019-12-08T10:20:40.091+0000][1][safepoint    ] Leaving safepoint region
[2019-12-08T10:20:40.091+0000][1][safepoint    ] Total time for which application threads were stopped: 0.0000664 seconds, Stopping threads took: 0.0000178 seconds
[2019-12-08T10:20:41.832+0000][1][safepoint    ] Application time: 1.7410706 seconds
[2019-12-08T10:20:41.832+0000][1][safepoint    ] Entering safepoint region: Cleanup
[2019-12-08T10:20:41.832+0000][1][safepoint    ] Leaving safepoint region
[2019-12-08T10:20:41.832+0000][1][safepoint    ] Total time for which application threads were stopped: 0.0000768 seconds, Stopping threads took: 0.0000181 seconds
[2019-12-08T10:20:42.832+0000][1][safepoint    ] Application time: 1.0000889 seconds
[2019-12-08T10:20:42.832+0000][1][safepoint    ] Entering safepoint region: Cleanup
[2019-12-08T10:20:42.832+0000][1][safepoint    ] Leaving safepoint region
[2019-12-08T10:20:42.832+0000][1][safepoint    ] Total time for which application threads were stopped: 0.0000683 seconds, Stopping threads took: 0.0000174 seconds
[2019-12-08T10:20:43.832+0000][1][safepoint    ] Application time: 1.0000788 seconds
[2019-12-08T10:20:43.832+0000][1][safepoint    ] Entering safepoint region: Cleanup
[2019-12-08T10:20:43.833+0000][1][safepoint    ] Leaving safepoint region
[2019-12-08T10:20:43.833+0000][1][safepoint    ] Total time for which application threads were stopped: 0.0000678 seconds, Stopping threads took: 0.0000178 seconds
[2019-12-08T10:20:44.833+0000][1][safepoint    ] Application time: 1.0000841 seconds
[2019-12-08T10:20:44.833+0000][1][safepoint    ] Entering safepoint region: Cleanup
[2019-12-08T10:20:44.833+0000][1][safepoint    ] Leaving safepoint region
[2019-12-08T10:20:44.833+0000][1][safepoint    ] Total time for which application threads were stopped: 0.0001123 seconds, Stopping threads took: 0.0000242 seconds
[2019-12-08T10:20:45.833+0000][1][safepoint    ] Application time: 1.0000795 seconds
[2019-12-08T10:20:45.833+0000][1][safepoint    ] Entering safepoint region: Cleanup
[2019-12-08T10:20:45.833+0000][1][safepoint    ] Leaving safepoint region
[2019-12-08T10:20:45.833+0000][1][safepoint    ] Total time for which application threads were stopped: 0.0000758 seconds, Stopping threads took: 0.0000253 seconds
[2019-12-08T10:20:46.833+0000][1][safepoint    ] Application time: 1.0000783 seconds
[2019-12-08T10:20:46.833+0000][1][safepoint    ] Entering safepoint region: Cleanup
[2019-12-08T10:20:46.833+0000][1][safepoint    ] Leaving safepoint region
[2019-12-08T10:20:46.833+0000][1][safepoint    ] Total time for which application threads were stopped: 0.0000679 seconds, Stopping threads took: 0.0000181 seconds
[2019-12-08T10:20:47.833+0000][1][safepoint    ] Application time: 1.0000775 seconds
[2019-12-08T10:20:47.833+0000][1][safepoint    ] Entering safepoint region: Cleanup
[2019-12-08T10:20:47.833+0000][1][safepoint    ] Leaving safepoint region
[2019-12-08T10:20:47.833+0000][1][safepoint    ] Total time for which application threads were stopped: 0.0000679 seconds, Stopping threads took: 0.0000180 seconds
[2019-12-08T10:20:48.833+0000][1][safepoint    ] Application time: 1.0000780 seconds
[2019-12-08T10:20:48.833+0000][1][safepoint    ] Entering safepoint region: Cleanup
[2019-12-08T10:20:48.834+0000][1][safepoint    ] Leaving safepoint region
[2019-12-08T10:20:48.834+0000][1][safepoint    ] Total time for which application threads were stopped: 0.0000792 seconds, Stopping threads took: 0.0000281 seconds
[2019-12-08T10:20:49.834+0000][1][safepoint    ] Application time: 1.0000818 seconds
[2019-12-08T10:20:49.834+0000][1][safepoint    ] Entering safepoint region: Cleanup
[2019-12-08T10:20:49.834+0000][1][safepoint    ] Leaving safepoint region
[2019-12-08T10:20:49.834+0000][1][safepoint    ] Total time for which application threads were stopped: 0.0000822 seconds, Stopping threads took: 0.0000328 seconds
[2019-12-08T10:20:50.834+0000][1][safepoint    ] Application time: 1.0000762 seconds
[2019-12-08T10:20:50.834+0000][1][safepoint    ] Entering safepoint region: Cleanup
[2019-12-08T10:20:50.834+0000][1][safepoint    ] Leaving safepoint region
[2019-12-08T10:20:50.834+0000][1][safepoint    ] Total time for which application threads were stopped: 0.0000664 seconds, Stopping threads took: 0.0000171 seconds
[2019-12-08T10:20:51.834+0000][1][safepoint    ] Application time: 1.0000745 seconds
[2019-12-08T10:20:51.834+0000][1][safepoint    ] Entering safepoint region: Cleanup
[2019-12-08T10:20:51.834+0000][1][safepoint    ] Leaving safepoint region
[2019-12-08T10:20:51.834+0000][1][safepoint    ] Total time for which application threads were stopped: 0.0000646 seconds, Stopping threads took: 0.0000164 seconds
[2019-12-08T10:20:52.834+0000][1][safepoint    ] Application time: 1.0000762 seconds
[2019-12-08T10:20:52.834+0000][1][safepoint    ] Entering safepoint region: Cleanup
[2019-12-08T10:20:52.834+0000][1][safepoint    ] Leaving safepoint region
[2019-12-08T10:20:52.834+0000][1][safepoint    ] Total time for which application threads were stopped: 0.0000665 seconds, Stopping threads took: 0.0000184 seconds
[2019-12-08T10:20:53.834+0000][1][safepoint    ] Application time: 1.0000817 seconds
[2019-12-08T10:20:53.834+0000][1][safepoint    ] Entering safepoint region: Cleanup
[2019-12-08T10:20:53.834+0000][1][safepoint    ] Leaving safepoint region
[2019-12-08T10:20:53.834+0000][1][safepoint    ] Total time for which application threads were stopped: 0.0000684 seconds, Stopping threads took: 0.0000180 seconds
[2019-12-08T10:20:54.835+0000][1][safepoint    ] Application time: 1.0000776 seconds
[2019-12-08T10:20:54.835+0000][1][safepoint    ] Entering safepoint region: Cleanup
[2019-12-08T10:20:54.835+0000][1][safepoint    ] Leaving safepoint region
[2019-12-08T10:20:54.835+0000][1][safepoint    ] Total time for which application threads were stopped: 0.0000864 seconds, Stopping threads took: 0.0000181 seconds
[2019-12-08T10:20:55.835+0000][1][safepoint    ] Application time: 1.0000766 seconds
[2019-12-08T10:20:55.835+0000][1][safepoint    ] Entering safepoint region: Cleanup
[2019-12-08T10:20:55.835+0000][1][safepoint    ] Leaving safepoint region
[2019-12-08T10:20:55.835+0000][1][safepoint    ] Total time for which application threads were stopped: 0.0000712 seconds, Stopping threads took: 0.0000184 seconds
[2019-12-08T10:20:56.835+0000][1][safepoint    ] Application time: 1.0000785 seconds
[2019-12-08T10:20:56.835+0000][1][safepoint    ] Entering safepoint region: Cleanup
[2019-12-08T10:20:56.835+0000][1][safepoint    ] Leaving safepoint region
[2019-12-08T10:20:56.835+0000][1][safepoint    ] Total time for which application threads were stopped: 0.0000666 seconds, Stopping threads took: 0.0000179 seconds
[2019-12-08T10:20:57.835+0000][1][safepoint    ] Application time: 1.0000766 seconds
[2019-12-08T10:20:57.835+0000][1][safepoint    ] Entering safepoint region: Cleanup
[2019-12-08T10:20:57.835+0000][1][safepoint    ] Leaving safepoint region
[2019-12-08T10:20:57.835+0000][1][safepoint    ] Total time for which application threads were stopped: 0.0000671 seconds, Stopping threads took: 0.0000191 seconds
[2019-12-08T10:20:58.835+0000][1][safepoint    ] Application time: 1.0000834 seconds
[2019-12-08T10:20:58.835+0000][1][safepoint    ] Entering safepoint region: Cleanup
[2019-12-08T10:20:58.835+0000][1][safepoint    ] Leaving safepoint region
[2019-12-08T10:20:58.835+0000][1][safepoint    ] Total time for which application threads were stopped: 0.0000882 seconds, Stopping threads took: 0.0000300 seconds
[2019-12-08T10:21:00.100+0000][1][safepoint    ] Application time: 1.2649094 seconds
[2019-12-08T10:21:00.100+0000][1][safepoint    ] Entering safepoint region: Cleanup
[2019-12-08T10:21:00.101+0000][1][safepoint    ] Leaving safepoint region
[2019-12-08T10:21:00.101+0000][1][safepoint    ] Total time for which application threads were stopped: 0.0000969 seconds, Stopping threads took: 0.0000243 seconds
[2019-12-08T10:21:01.101+0000][1][safepoint    ] Application time: 1.0000960 seconds
[2019-12-08T10:21:01.101+0000][1][safepoint    ] Entering safepoint region: Cleanup
[2019-12-08T10:21:01.101+0000][1][safepoint    ] Leaving safepoint region
[2019-12-08T10:21:01.101+0000][1][safepoint    ] Total time for which application threads were stopped: 0.0000727 seconds, Stopping threads took: 0.0000216 seconds
[2019-12-08T10:21:02.101+0000][1][safepoint    ] Application time: 1.0000835 seconds
[2019-12-08T10:21:02.101+0000][1][safepoint    ] Entering safepoint region: Cleanup
[2019-12-08T10:21:02.101+0000][1][safepoint    ] Leaving safepoint region
[2019-12-08T10:21:02.101+0000][1][safepoint    ] Total time for which application threads were stopped: 0.0000933 seconds, Stopping threads took: 0.0000248 seconds
[2019-12-08T10:21:03.101+0000][1][safepoint    ] Application time: 1.0000837 seconds
[2019-12-08T10:21:03.101+0000][1][safepoint    ] Entering safepoint region: Cleanup
[2019-12-08T10:21:03.101+0000][1][safepoint    ] Leaving safepoint region
[2019-12-08T10:21:03.101+0000][1][safepoint    ] Total time for which application threads were stopped: 0.0000696 seconds, Stopping threads took: 0.0000187 seconds
[2019-12-08T10:21:04.101+0000][1][safepoint    ] Application time: 1.0000893 seconds
[2019-12-08T10:21:04.101+0000][1][safepoint    ] Entering safepoint region: Cleanup
[2019-12-08T10:21:04.101+0000][1][safepoint    ] Leaving safepoint region
[2019-12-08T10:21:04.101+0000][1][safepoint    ] Total time for which application threads were stopped: 0.0000774 seconds, Stopping threads took: 0.0000192 seconds
[2019-12-08T10:21:05.102+0000][1][safepoint    ] Application time: 1.0000872 seconds
[2019-12-08T10:21:05.102+0000][1][safepoint    ] Entering safepoint region: Cleanup
[2019-12-08T10:21:05.102+0000][1][safepoint    ] Leaving safepoint region
[2019-12-08T10:21:05.102+0000][1][safepoint    ] Total time for which application threads were stopped: 0.0000683 seconds, Stopping threads took: 0.0000184 seconds
[2019-12-08T10:21:06.102+0000][1][safepoint    ] Application time: 1.0000851 seconds
[2019-12-08T10:21:06.102+0000][1][safepoint    ] Entering safepoint region: Cleanup
[2019-12-08T10:21:06.102+0000][1][safepoint    ] Leaving safepoint region
[2019-12-08T10:21:06.102+0000][1][safepoint    ] Total time for which application threads were stopped: 0.0000679 seconds, Stopping threads took: 0.0000179 seconds
[2019-12-08T10:21:07.102+0000][1][safepoint    ] Application time: 1.0000781 seconds
[2019-12-08T10:21:07.102+0000][1][safepoint    ] Entering safepoint region: Cleanup
[2019-12-08T10:21:07.102+0000][1][safepoint    ] Leaving safepoint region
[2019-12-08T10:21:07.102+0000][1][safepoint    ] Total time for which application threads were stopped: 0.0000669 seconds, Stopping threads took: 0.0000173 seconds
[2019-12-08T10:21:08.102+0000][1][safepoint    ] Application time: 1.0000774 seconds
[2019-12-08T10:21:08.102+0000][1][safepoint    ] Entering safepoint region: Cleanup
[2019-12-08T10:21:08.102+0000][1][safepoint    ] Leaving safepoint region
[2019-12-08T10:21:08.102+0000][1][safepoint    ] Total time for which application threads were stopped: 0.0000666 seconds, Stopping threads took: 0.0000179 seconds
[2019-12-08T10:21:09.102+0000][1][safepoint    ] Application time: 1.0000766 seconds
[2019-12-08T10:21:09.102+0000][1][safepoint    ] Entering safepoint region: Cleanup
[2019-12-08T10:21:09.102+0000][1][safepoint    ] Leaving safepoint region
[2019-12-08T10:21:09.102+0000][1][safepoint    ] Total time for which application threads were stopped: 0.0000723 seconds, Stopping threads took: 0.0000238 seconds
[2019-12-08T10:21:10.102+0000][1][safepoint    ] Application time: 1.0000791 seconds
[2019-12-08T10:21:10.103+0000][1][safepoint    ] Entering safepoint region: Cleanup
[2019-12-08T10:21:10.103+0000][1][safepoint    ] Leaving safepoint region
[2019-12-08T10:21:10.103+0000][1][safepoint    ] Total time for which application threads were stopped: 0.0000668 seconds, Stopping threads took: 0.0000171 seconds
[2019-12-08T10:21:11.103+0000][1][safepoint    ] Application time: 1.0000797 seconds
[2019-12-08T10:21:11.103+0000][1][safepoint    ] Entering safepoint region: Cleanup
[2019-12-08T10:21:11.103+0000][1][safepoint    ] Leaving safepoint region
[2019-12-08T10:21:11.103+0000][1][safepoint    ] Total time for which application threads were stopped: 0.0000811 seconds, Stopping threads took: 0.0000311 seconds
[2019-12-08T10:21:12.103+0000][1][safepoint    ] Application time: 1.0000779 seconds
[2019-12-08T10:21:12.103+0000][1][safepoint    ] Entering safepoint region: Cleanup
[2019-12-08T10:21:12.103+0000][1][safepoint    ] Leaving safepoint region
[2019-12-08T10:21:12.103+0000][1][safepoint    ] Total time for which application threads were stopped: 0.0000655 seconds, Stopping threads took: 0.0000173 seconds
[2019-12-08T10:21:13.103+0000][1][safepoint    ] Application time: 1.0000775 seconds
[2019-12-08T10:21:13.103+0000][1][safepoint    ] Entering safepoint region: Cleanup
[2019-12-08T10:21:13.103+0000][1][safepoint    ] Leaving safepoint region
[2019-12-08T10:21:13.103+0000][1][safepoint    ] Total time for which application threads were stopped: 0.0000638 seconds, Stopping threads took: 0.0000162 seconds
[2019-12-08T10:21:14.103+0000][1][safepoint    ] Application time: 1.0000771 seconds
[2019-12-08T10:21:14.103+0000][1][safepoint    ] Entering safepoint region: Cleanup
[2019-12-08T10:21:14.103+0000][1][safepoint    ] Leaving safepoint region
[2019-12-08T10:21:14.103+0000][1][safepoint    ] Total time for which application threads were stopped: 0.0000669 seconds, Stopping threads took: 0.0000158 seconds
[2019-12-08T10:21:15.103+0000][1][safepoint    ] Application time: 1.0000761 seconds
[2019-12-08T10:21:15.103+0000][1][safepoint    ] Entering safepoint region: Cleanup
[2019-12-08T10:21:15.104+0000][1][safepoint    ] Leaving safepoint region
[2019-12-08T10:21:15.104+0000][1][safepoint    ] Total time for which application threads were stopped: 0.0000665 seconds, Stopping threads took: 0.0000175 seconds
[2019-12-08T10:21:16.104+0000][1][safepoint    ] Application time: 1.0000988 seconds
[2019-12-08T10:21:16.104+0000][1][safepoint    ] Entering safepoint region: Cleanup
[2019-12-08T10:21:16.104+0000][1][safepoint    ] Leaving safepoint region
[2019-12-08T10:21:16.104+0000][1][safepoint    ] Total time for which application threads were stopped: 0.0000849 seconds, Stopping threads took: 0.0000186 seconds
[2019-12-08T10:21:17.104+0000][1][safepoint    ] Application time: 1.0000819 seconds
[2019-12-08T10:21:17.104+0000][1][safepoint    ] Entering safepoint region: Cleanup
[2019-12-08T10:21:17.104+0000][1][safepoint    ] Leaving safepoint region
[2019-12-08T10:21:17.104+0000][1][safepoint    ] Total time for which application threads were stopped: 0.0000685 seconds, Stopping threads took: 0.0000181 seconds
[2019-12-08T10:21:18.104+0000][1][safepoint    ] Application time: 1.0000782 seconds
[2019-12-08T10:21:18.104+0000][1][safepoint    ] Entering safepoint region: Cleanup
[2019-12-08T10:21:18.104+0000][1][safepoint    ] Leaving safepoint region
[2019-12-08T10:21:18.104+0000][1][safepoint    ] Total time for which application threads were stopped: 0.0000656 seconds, Stopping threads took: 0.0000172 seconds
[2019-12-08T10:21:19.104+0000][1][safepoint    ] Application time: 1.0000763 seconds
[2019-12-08T10:21:19.104+0000][1][safepoint    ] Entering safepoint region: Cleanup
[2019-12-08T10:21:19.104+0000][1][safepoint    ] Leaving safepoint region
[2019-12-08T10:21:19.104+0000][1][safepoint    ] Total time for which application threads were stopped: 0.0000738 seconds, Stopping threads took: 0.0000183 seconds
[2019-12-08T10:21:20.104+0000][1][safepoint    ] Application time: 1.0000778 seconds
[2019-12-08T10:21:20.104+0000][1][safepoint    ] Entering safepoint region: Cleanup
[2019-12-08T10:21:20.104+0000][1][safepoint    ] Leaving safepoint region
[2019-12-08T10:21:20.104+0000][1][safepoint    ] Total time for which application threads were stopped: 0.0000675 seconds, Stopping threads took: 0.0000181 seconds
[2019-12-08T10:21:21.105+0000][1][safepoint    ] Application time: 1.0000753 seconds
[2019-12-08T10:21:21.105+0000][1][safepoint    ] Entering safepoint region: Cleanup
[2019-12-08T10:21:21.105+0000][1][safepoint    ] Leaving safepoint region
[2019-12-08T10:21:21.105+0000][1][safepoint    ] Total time for which application threads were stopped: 0.0000691 seconds, Stopping threads took: 0.0000233 seconds
[2019-12-08T10:21:22.105+0000][1][safepoint    ] Application time: 1.0000789 seconds
[2019-12-08T10:21:22.105+0000][1][safepoint    ] Entering safepoint region: Cleanup
[2019-12-08T10:21:22.105+0000][1][safepoint    ] Leaving safepoint region
[2019-12-08T10:21:22.105+0000][1][safepoint    ] Total time for which application threads were stopped: 0.0000725 seconds, Stopping threads took: 0.0000186 seconds
[2019-12-08T10:21:23.105+0000][1][safepoint    ] Application time: 1.0000782 seconds
[2019-12-08T10:21:23.105+0000][1][safepoint    ] Entering safepoint region: Cleanup
[2019-12-08T10:21:23.105+0000][1][safepoint    ] Leaving safepoint region
[2019-12-08T10:21:23.105+0000][1][safepoint    ] Total time for which application threads were stopped: 0.0000678 seconds, Stopping threads took: 0.0000188 seconds
[2019-12-08T10:21:24.105+0000][1][safepoint    ] Application time: 1.0000807 seconds
[2019-12-08T10:21:24.105+0000][1][safepoint    ] Entering safepoint region: Cleanup
[2019-12-08T10:21:24.105+0000][1][safepoint    ] Leaving safepoint region
[2019-12-08T10:21:24.105+0000][1][safepoint    ] Total time for which application threads were stopped: 0.0000667 seconds, Stopping threads took: 0.0000179 seconds
[2019-12-08T10:21:25.105+0000][1][safepoint    ] Application time: 1.0000799 seconds
[2019-12-08T10:21:25.105+0000][1][safepoint    ] Entering safepoint region: Cleanup
[2019-12-08T10:21:25.105+0000][1][safepoint    ] Leaving safepoint region
[2019-12-08T10:21:25.105+0000][1][safepoint    ] Total time for which application threads were stopped: 0.0000657 seconds, Stopping threads took: 0.0000175 seconds
[2019-12-08T10:21:26.106+0000][1][safepoint    ] Application time: 1.0000805 seconds
[2019-12-08T10:21:26.106+0000][1][safepoint    ] Entering safepoint region: Cleanup
[2019-12-08T10:21:26.106+0000][1][safepoint    ] Leaving safepoint region
[2019-12-08T10:21:26.106+0000][1][safepoint    ] Total time for which application threads were stopped: 0.0000708 seconds, Stopping threads took: 0.0000182 seconds
[2019-12-08T10:21:27.106+0000][1][safepoint    ] Application time: 1.0000794 seconds
[2019-12-08T10:21:27.106+0000][1][safepoint    ] Entering safepoint region: Cleanup
[2019-12-08T10:21:27.106+0000][1][safepoint    ] Leaving safepoint region
[2019-12-08T10:21:27.106+0000][1][safepoint    ] Total time for which application threads were stopped: 0.0000638 seconds, Stopping threads took: 0.0000160 seconds
[2019-12-08T10:21:28.106+0000][1][safepoint    ] Application time: 1.0000799 seconds
[2019-12-08T10:21:28.106+0000][1][safepoint    ] Entering safepoint region: Cleanup
[2019-12-08T10:21:28.106+0000][1][safepoint    ] Leaving safepoint region
[2019-12-08T10:21:28.106+0000][1][safepoint    ] Total time for which application threads were stopped: 0.0000751 seconds, Stopping threads took: 0.0000180 seconds
[2019-12-08T10:21:29.106+0000][1][safepoint    ] Application time: 1.0000781 seconds
[2019-12-08T10:21:29.106+0000][1][safepoint    ] Entering safepoint region: Cleanup
[2019-12-08T10:21:29.106+0000][1][safepoint    ] Leaving safepoint region
[2019-12-08T10:21:29.106+0000][1][safepoint    ] Total time for which application threads were stopped: 0.0000732 seconds, Stopping threads took: 0.0000175 seconds
[2019-12-08T10:21:30.106+0000][1][safepoint    ] Application time: 1.0000792 seconds
[2019-12-08T10:21:30.106+0000][1][safepoint    ] Entering safepoint region: Cleanup
[2019-12-08T10:21:30.106+0000][1][safepoint    ] Leaving safepoint region
[2019-12-08T10:21:30.106+0000][1][safepoint    ] Total time for which application threads were stopped: 0.0000664 seconds, Stopping threads took: 0.0000180 seconds
[2019-12-08T10:21:31.106+0000][1][safepoint    ] Application time: 1.0000772 seconds
[2019-12-08T10:21:31.107+0000][1][safepoint    ] Entering safepoint region: Cleanup
[2019-12-08T10:21:31.107+0000][1][safepoint    ] Leaving safepoint region
[2019-12-08T10:21:31.107+0000][1][safepoint    ] Total time for which application threads were stopped: 0.0000657 seconds, Stopping threads took: 0.0000174 seconds
[2019-12-08T10:21:32.107+0000][1][safepoint    ] Application time: 1.0000797 seconds
[2019-12-08T10:21:32.107+0000][1][safepoint    ] Entering safepoint region: Cleanup
[2019-12-08T10:21:32.107+0000][1][safepoint    ] Leaving safepoint region
[2019-12-08T10:21:32.107+0000][1][safepoint    ] Total time for which application threads were stopped: 0.0000991 seconds, Stopping threads took: 0.0000328 seconds
[2019-12-08T10:21:33.107+0000][1][safepoint    ] Application time: 1.0000825 seconds
[2019-12-08T10:21:33.107+0000][1][safepoint    ] Entering safepoint region: Cleanup
[2019-12-08T10:21:33.107+0000][1][safepoint    ] Leaving safepoint region
[2019-12-08T10:21:33.107+0000][1][safepoint    ] Total time for which application threads were stopped: 0.0000657 seconds, Stopping threads took: 0.0000169 seconds
[2019-12-08T10:21:34.107+0000][1][safepoint    ] Application time: 1.0000818 seconds
[2019-12-08T10:21:34.107+0000][1][safepoint    ] Entering safepoint region: Cleanup
[2019-12-08T10:21:34.107+0000][1][safepoint    ] Leaving safepoint region
[2019-12-08T10:21:34.107+0000][1][safepoint    ] Total time for which application threads were stopped: 0.0000683 seconds, Stopping threads took: 0.0000186 seconds
[2019-12-08T10:21:35.107+0000][1][safepoint    ] Application time: 1.0000759 seconds
[2019-12-08T10:21:35.107+0000][1][safepoint    ] Entering safepoint region: Cleanup
[2019-12-08T10:21:35.107+0000][1][safepoint    ] Leaving safepoint region
[2019-12-08T10:21:35.107+0000][1][safepoint    ] Total time for which application threads were stopped: 0.0000642 seconds, Stopping threads took: 0.0000164 seconds
[2019-12-08T10:21:36.107+0000][1][safepoint    ] Application time: 1.0000761 seconds
[2019-12-08T10:21:36.108+0000][1][safepoint    ] Entering safepoint region: Cleanup
[2019-12-08T10:21:36.108+0000][1][safepoint    ] Leaving safepoint region
[2019-12-08T10:21:36.108+0000][1][safepoint    ] Total time for which application threads were stopped: 0.0000685 seconds, Stopping threads took: 0.0000185 seconds
[2019-12-08T10:21:37.108+0000][1][safepoint    ] Application time: 1.0000756 seconds
[2019-12-08T10:21:37.108+0000][1][safepoint    ] Entering safepoint region: Cleanup
[2019-12-08T10:21:37.108+0000][1][safepoint    ] Leaving safepoint region
[2019-12-08T10:21:37.108+0000][1][safepoint    ] Total time for which application threads were stopped: 0.0000785 seconds, Stopping threads took: 0.0000296 seconds
[2019-12-08T10:21:38.108+0000][1][safepoint    ] Application time: 1.0000768 seconds
[2019-12-08T10:21:38.108+0000][1][safepoint    ] Entering safepoint region: Cleanup
[2019-12-08T10:21:38.108+0000][1][safepoint    ] Leaving safepoint region
[2019-12-08T10:21:38.108+0000][1][safepoint    ] Total time for which application threads were stopped: 0.0000671 seconds, Stopping threads took: 0.0000177 seconds
[2019-12-08T10:21:39.108+0000][1][safepoint    ] Application time: 1.0000769 seconds
[2019-12-08T10:21:39.108+0000][1][safepoint    ] Entering safepoint region: Cleanup
[2019-12-08T10:21:39.108+0000][1][safepoint    ] Leaving safepoint region
[2019-12-08T10:21:39.108+0000][1][safepoint    ] Total time for which application threads were stopped: 0.0000672 seconds, Stopping threads took: 0.0000185 seconds
[2019-12-08T10:21:40.108+0000][1][safepoint    ] Application time: 1.0000795 seconds
[2019-12-08T10:21:40.108+0000][1][safepoint    ] Entering safepoint region: Cleanup
[2019-12-08T10:21:40.108+0000][1][safepoint    ] Leaving safepoint region
[2019-12-08T10:21:40.108+0000][1][safepoint    ] Total time for which application threads were stopped: 0.0000682 seconds, Stopping threads took: 0.0000179 seconds
[2019-12-08T10:21:41.108+0000][1][safepoint    ] Application time: 1.0000792 seconds
[2019-12-08T10:21:41.108+0000][1][safepoint    ] Entering safepoint region: Cleanup
[2019-12-08T10:21:41.109+0000][1][safepoint    ] Leaving safepoint region
[2019-12-08T10:21:41.109+0000][1][safepoint    ] Total time for which application threads were stopped: 0.0000661 seconds, Stopping threads took: 0.0000170 seconds
[2019-12-08T10:21:42.109+0000][1][safepoint    ] Application time: 1.0000790 seconds
[2019-12-08T10:21:42.109+0000][1][safepoint    ] Entering safepoint region: Cleanup
[2019-12-08T10:21:42.109+0000][1][safepoint    ] Leaving safepoint region
[2019-12-08T10:21:42.109+0000][1][safepoint    ] Total time for which application threads were stopped: 0.0000796 seconds, Stopping threads took: 0.0000178 seconds
[2019-12-08T10:21:43.109+0000][1][safepoint    ] Application time: 1.0000754 seconds
[2019-12-08T10:21:43.109+0000][1][safepoint    ] Entering safepoint region: Cleanup
[2019-12-08T10:21:43.109+0000][1][safepoint    ] Leaving safepoint region
[2019-12-08T10:21:43.109+0000][1][safepoint    ] Total time for which application threads were stopped: 0.0000669 seconds, Stopping threads took: 0.0000186 seconds
[2019-12-08T10:21:44.109+0000][1][safepoint    ] Application time: 1.0000739 seconds
[2019-12-08T10:21:44.109+0000][1][safepoint    ] Entering safepoint region: Cleanup
[2019-12-08T10:21:44.109+0000][1][safepoint    ] Leaving safepoint region
[2019-12-08T10:21:44.109+0000][1][safepoint    ] Total time for which application threads were stopped: 0.0000671 seconds, Stopping threads took: 0.0000183 seconds
[2019-12-08T10:21:45.109+0000][1][safepoint    ] Application time: 1.0000746 seconds
[2019-12-08T10:21:45.109+0000][1][safepoint    ] Entering safepoint region: Cleanup
[2019-12-08T10:21:45.109+0000][1][safepoint    ] Leaving safepoint region
[2019-12-08T10:21:45.109+0000][1][safepoint    ] Total time for which application threads were stopped: 0.0000666 seconds, Stopping threads took: 0.0000173 seconds
[2019-12-08T10:21:46.109+0000][1][safepoint    ] Application time: 1.0000744 seconds
[2019-12-08T10:21:46.109+0000][1][safepoint    ] Entering safepoint region: Cleanup
[2019-12-08T10:21:46.109+0000][1][safepoint    ] Leaving safepoint region
[2019-12-08T10:21:46.109+0000][1][safepoint    ] Total time for which application threads were stopped: 0.0000691 seconds, Stopping threads took: 0.0000168 seconds
[2019-12-08T10:21:47.110+0000][1][safepoint    ] Application time: 1.0000765 seconds
[2019-12-08T10:21:47.110+0000][1][safepoint    ] Entering safepoint region: Cleanup
[2019-12-08T10:21:47.110+0000][1][safepoint    ] Leaving safepoint region
[2019-12-08T10:21:47.110+0000][1][safepoint    ] Total time for which application threads were stopped: 0.0000674 seconds, Stopping threads took: 0.0000183 seconds
[2019-12-08T10:21:48.110+0000][1][safepoint    ] Application time: 1.0000773 seconds
[2019-12-08T10:21:48.110+0000][1][safepoint    ] Entering safepoint region: Cleanup
[2019-12-08T10:21:48.110+0000][1][safepoint    ] Leaving safepoint region
[2019-12-08T10:21:48.110+0000][1][safepoint    ] Total time for which application threads were stopped: 0.0000648 seconds, Stopping threads took: 0.0000171 seconds
[2019-12-08T10:21:49.110+0000][1][safepoint    ] Application time: 1.0000761 seconds
[2019-12-08T10:21:49.110+0000][1][safepoint    ] Entering safepoint region: Cleanup
[2019-12-08T10:21:49.110+0000][1][safepoint    ] Leaving safepoint region
[2019-12-08T10:21:49.110+0000][1][safepoint    ] Total time for which application threads were stopped: 0.0000643 seconds, Stopping threads took: 0.0000159 seconds
[2019-12-08T10:21:50.119+0000][1][safepoint    ] Application time: 1.0089367 seconds
[2019-12-08T10:21:50.119+0000][1][safepoint    ] Entering safepoint region: Cleanup
[2019-12-08T10:21:50.119+0000][1][safepoint    ] Leaving safepoint region
[2019-12-08T10:21:50.119+0000][1][safepoint    ] Total time for which application threads were stopped: 0.0000639 seconds, Stopping threads took: 0.0000147 seconds
[2019-12-08T10:21:51.119+0000][1][safepoint    ] Application time: 1.0000758 seconds
[2019-12-08T10:21:51.119+0000][1][safepoint    ] Entering safepoint region: Cleanup
[2019-12-08T10:21:51.119+0000][1][safepoint    ] Leaving safepoint region
[2019-12-08T10:21:51.119+0000][1][safepoint    ] Total time for which application threads were stopped: 0.0000626 seconds, Stopping threads took: 0.0000155 seconds
[2019-12-08T10:21:52.119+0000][1][safepoint    ] Application time: 1.0000767 seconds
[2019-12-08T10:21:52.119+0000][1][safepoint    ] Entering safepoint region: Cleanup
[2019-12-08T10:21:52.119+0000][1][safepoint    ] Leaving safepoint region
[2019-12-08T10:21:52.119+0000][1][safepoint    ] Total time for which application threads were stopped: 0.0000598 seconds, Stopping threads took: 0.0000155 seconds
[2019-12-08T10:21:53.119+0000][1][safepoint    ] Application time: 1.0000549 seconds
[2019-12-08T10:21:53.119+0000][1][safepoint    ] Entering safepoint region: Cleanup
[2019-12-08T10:21:53.120+0000][1][safepoint    ] Leaving safepoint region
[2019-12-08T10:21:53.120+0000][1][safepoint    ] Total time for which application threads were stopped: 0.0000710 seconds, Stopping threads took: 0.0000166 seconds
[2019-12-08T10:21:54.120+0000][1][safepoint    ] Application time: 1.0000759 seconds
[2019-12-08T10:21:54.120+0000][1][safepoint    ] Entering safepoint region: Cleanup
[2019-12-08T10:21:54.120+0000][1][safepoint    ] Leaving safepoint region
[2019-12-08T10:21:54.120+0000][1][safepoint    ] Total time for which application threads were stopped: 0.0000729 seconds, Stopping threads took: 0.0000158 seconds
[2019-12-08T10:21:55.120+0000][1][safepoint    ] Application time: 1.0000774 seconds
[2019-12-08T10:21:55.120+0000][1][safepoint    ] Entering safepoint region: Cleanup
[2019-12-08T10:21:55.120+0000][1][safepoint    ] Leaving safepoint region
[2019-12-08T10:21:55.120+0000][1][safepoint    ] Total time for which application threads were stopped: 0.0000642 seconds, Stopping threads took: 0.0000166 seconds
[2019-12-08T10:21:56.120+0000][1][safepoint    ] Application time: 1.0000769 seconds
[2019-12-08T10:21:56.120+0000][1][safepoint    ] Entering safepoint region: Cleanup
[2019-12-08T10:21:56.120+0000][1][safepoint    ] Leaving safepoint region
[2019-12-08T10:21:56.120+0000][1][safepoint    ] Total time for which application threads were stopped: 0.0000954 seconds, Stopping threads took: 0.0000240 seconds
[2019-12-08T10:21:57.120+0000][1][safepoint    ] Application time: 1.0000786 seconds
[2019-12-08T10:21:57.120+0000][1][safepoint    ] Entering safepoint region: Cleanup
[2019-12-08T10:21:57.120+0000][1][safepoint    ] Leaving safepoint region
[2019-12-08T10:21:57.120+0000][1][safepoint    ] Total time for which application threads were stopped: 0.0000617 seconds, Stopping threads took: 0.0000155 seconds
[2019-12-08T10:21:58.120+0000][1][safepoint    ] Application time: 1.0000780 seconds
[2019-12-08T10:21:58.120+0000][1][safepoint    ] Entering safepoint region: Cleanup
[2019-12-08T10:21:58.120+0000][1][safepoint    ] Leaving safepoint region
[2019-12-08T10:21:58.120+0000][1][safepoint    ] Total time for which application threads were stopped: 0.0000626 seconds, Stopping threads took: 0.0000158 seconds
[2019-12-08T10:21:59.121+0000][1][safepoint    ] Application time: 1.0000750 seconds
[2019-12-08T10:21:59.121+0000][1][safepoint    ] Entering safepoint region: Cleanup
[2019-12-08T10:21:59.121+0000][1][safepoint    ] Leaving safepoint region
[2019-12-08T10:21:59.121+0000][1][safepoint    ] Total time for which application threads were stopped: 0.0000615 seconds, Stopping threads took: 0.0000150 seconds
[2019-12-08T10:22:00.121+0000][1][safepoint    ] Application time: 1.0000750 seconds
[2019-12-08T10:22:00.121+0000][1][safepoint    ] Entering safepoint region: Cleanup
[2019-12-08T10:22:00.121+0000][1][safepoint    ] Leaving safepoint region
[2019-12-08T10:22:00.121+0000][1][safepoint    ] Total time for which application threads were stopped: 0.0000645 seconds, Stopping threads took: 0.0000160 seconds
[2019-12-08T10:22:01.121+0000][1][safepoint    ] Application time: 1.0000812 seconds
[2019-12-08T10:22:01.121+0000][1][safepoint    ] Entering safepoint region: Cleanup
[2019-12-08T10:22:01.121+0000][1][safepoint    ] Leaving safepoint region
[2019-12-08T10:22:01.121+0000][1][safepoint    ] Total time for which application threads were stopped: 0.0000951 seconds, Stopping threads took: 0.0000241 seconds
[2019-12-08T10:22:02.121+0000][1][safepoint    ] Application time: 1.0000798 seconds
[2019-12-08T10:22:02.121+0000][1][safepoint    ] Entering safepoint region: Cleanup
[2019-12-08T10:22:02.121+0000][1][safepoint    ] Leaving safepoint region
[2019-12-08T10:22:02.121+0000][1][safepoint    ] Total time for which application threads were stopped: 0.0000672 seconds, Stopping threads took: 0.0000159 seconds
[2019-12-08T10:22:03.121+0000][1][safepoint    ] Application time: 1.0000903 seconds
[2019-12-08T10:22:03.121+0000][1][safepoint    ] Entering safepoint region: Cleanup
[2019-12-08T10:22:03.121+0000][1][safepoint    ] Leaving safepoint region
[2019-12-08T10:22:03.121+0000][1][safepoint    ] Total time for which application threads were stopped: 0.0000638 seconds, Stopping threads took: 0.0000165 seconds
[2019-12-08T10:22:04.122+0000][1][safepoint    ] Application time: 1.0000785 seconds
[2019-12-08T10:22:04.122+0000][1][safepoint    ] Entering safepoint region: Cleanup
[2019-12-08T10:22:04.122+0000][1][safepoint    ] Leaving safepoint region
[2019-12-08T10:22:04.122+0000][1][safepoint    ] Total time for which application threads were stopped: 0.0001025 seconds, Stopping threads took: 0.0000469 seconds
[2019-12-08T10:22:05.122+0000][1][safepoint    ] Application time: 1.0000993 seconds
[2019-12-08T10:22:05.122+0000][1][safepoint    ] Entering safepoint region: Cleanup
[2019-12-08T10:22:05.122+0000][1][safepoint    ] Leaving safepoint region
[2019-12-08T10:22:05.122+0000][1][safepoint    ] Total time for which application threads were stopped: 0.0000685 seconds, Stopping threads took: 0.0000179 seconds
[2019-12-08T10:22:06.122+0000][1][safepoint    ] Application time: 1.0000870 seconds
[2019-12-08T10:22:06.122+0000][1][safepoint    ] Entering safepoint region: Cleanup
[2019-12-08T10:22:06.122+0000][1][safepoint    ] Leaving safepoint region
[2019-12-08T10:22:06.122+0000][1][safepoint    ] Total time for which application threads were stopped: 0.0000689 seconds, Stopping threads took: 0.0000187 seconds
[2019-12-08T10:22:07.122+0000][1][safepoint    ] Application time: 1.0000827 seconds
[2019-12-08T10:22:07.122+0000][1][safepoint    ] Entering safepoint region: Cleanup
[2019-12-08T10:22:07.122+0000][1][safepoint    ] Leaving safepoint region
[2019-12-08T10:22:07.122+0000][1][safepoint    ] Total time for which application threads were stopped: 0.0000670 seconds, Stopping threads took: 0.0000178 seconds
[2019-12-08T10:22:08.126+0000][1][safepoint    ] Application time: 1.0034333 seconds
[2019-12-08T10:22:08.126+0000][1][safepoint    ] Entering safepoint region: Cleanup
[2019-12-08T10:22:08.126+0000][1][safepoint    ] Leaving safepoint region
[2019-12-08T10:22:08.126+0000][1][safepoint    ] Total time for which application threads were stopped: 0.0000914 seconds, Stopping threads took: 0.0000247 seconds
[2019-12-08T10:22:09.126+0000][1][safepoint    ] Application time: 1.0000805 seconds
[2019-12-08T10:22:09.126+0000][1][safepoint    ] Entering safepoint region: Cleanup
[2019-12-08T10:22:09.126+0000][1][safepoint    ] Leaving safepoint region
[2019-12-08T10:22:09.126+0000][1][safepoint    ] Total time for which application threads were stopped: 0.0000634 seconds, Stopping threads took: 0.0000165 seconds
[2019-12-08T10:22:10.126+0000][1][safepoint    ] Application time: 1.0000781 seconds
[2019-12-08T10:22:10.126+0000][1][safepoint    ] Entering safepoint region: Cleanup
[2019-12-08T10:22:10.126+0000][1][safepoint    ] Leaving safepoint region
[2019-12-08T10:22:10.126+0000][1][safepoint    ] Total time for which application threads were stopped: 0.0000645 seconds, Stopping threads took: 0.0000166 seconds
[2019-12-08T10:22:11.126+0000][1][safepoint    ] Application time: 1.0000782 seconds
[2019-12-08T10:22:11.126+0000][1][safepoint    ] Entering safepoint region: Cleanup
[2019-12-08T10:22:11.126+0000][1][safepoint    ] Leaving safepoint region
[2019-12-08T10:22:11.126+0000][1][safepoint    ] Total time for which application threads were stopped: 0.0000650 seconds, Stopping threads took: 0.0000171 seconds
[2019-12-08T10:22:12.127+0000][1][safepoint    ] Application time: 1.0000874 seconds
[2019-12-08T10:22:12.127+0000][1][safepoint    ] Entering safepoint region: Cleanup
[2019-12-08T10:22:12.127+0000][1][safepoint    ] Leaving safepoint region
[2019-12-08T10:22:12.127+0000][1][safepoint    ] Total time for which application threads were stopped: 0.0000803 seconds, Stopping threads took: 0.0000280 seconds
[2019-12-08T10:22:13.127+0000][1][safepoint    ] Application time: 1.0000832 seconds
[2019-12-08T10:22:13.127+0000][1][safepoint    ] Entering safepoint region: Cleanup
[2019-12-08T10:22:13.127+0000][1][safepoint    ] Leaving safepoint region
[2019-12-08T10:22:13.127+0000][1][safepoint    ] Total time for which application threads were stopped: 0.0000766 seconds, Stopping threads took: 0.0000232 seconds
[2019-12-08T10:22:14.127+0000][1][safepoint    ] Application time: 1.0000779 seconds
[2019-12-08T10:22:14.127+0000][1][safepoint    ] Entering safepoint region: Cleanup
[2019-12-08T10:22:14.127+0000][1][safepoint    ] Leaving safepoint region
[2019-12-08T10:22:14.127+0000][1][safepoint    ] Total time for which application threads were stopped: 0.0000632 seconds, Stopping threads took: 0.0000162 seconds
[2019-12-08T10:22:15.127+0000][1][safepoint    ] Application time: 1.0000751 seconds
[2019-12-08T10:22:15.127+0000][1][safepoint    ] Entering safepoint region: Cleanup
[2019-12-08T10:22:15.127+0000][1][safepoint    ] Leaving safepoint region
[2019-12-08T10:22:15.127+0000][1][safepoint    ] Total time for which application threads were stopped: 0.0000651 seconds, Stopping threads took: 0.0000163 seconds
[2019-12-08T10:22:16.127+0000][1][safepoint    ] Application time: 1.0000772 seconds
[2019-12-08T10:22:16.127+0000][1][safepoint    ] Entering safepoint region: Cleanup
[2019-12-08T10:22:16.127+0000][1][safepoint    ] Leaving safepoint region
[2019-12-08T10:22:16.127+0000][1][safepoint    ] Total time for which application threads were stopped: 0.0000639 seconds, Stopping threads took: 0.0000175 seconds
[2019-12-08T10:22:17.127+0000][1][safepoint    ] Application time: 1.0000759 seconds
[2019-12-08T10:22:17.128+0000][1][safepoint    ] Entering safepoint region: Cleanup
[2019-12-08T10:22:17.128+0000][1][safepoint    ] Leaving safepoint region
[2019-12-08T10:22:17.128+0000][1][safepoint    ] Total time for which application threads were stopped: 0.0000620 seconds, Stopping threads took: 0.0000151 seconds
[2019-12-08T10:22:18.128+0000][1][safepoint    ] Application time: 1.0000769 seconds
[2019-12-08T10:22:18.128+0000][1][safepoint    ] Entering safepoint region: Cleanup
[2019-12-08T10:22:18.128+0000][1][safepoint    ] Leaving safepoint region
[2019-12-08T10:22:18.128+0000][1][safepoint    ] Total time for which application threads were stopped: 0.0000738 seconds, Stopping threads took: 0.0000269 seconds
[2019-12-08T10:22:19.126+0000][1][safepoint    ] Application time: 0.9984938 seconds
[2019-12-08T10:22:19.126+0000][1][safepoint    ] Entering safepoint region: GenCollectForAllocation
[2019-12-08T10:22:19.126+0000][1][gc,start     ] GC(36) Pause Young (Allocation Failure)
[2019-12-08T10:22:19.126+0000][1][gc,task      ] GC(36) Using 4 workers of 4 for evacuation
[2019-12-08T10:22:19.127+0000][1][gc,age       ] GC(36) Desired survivor size 4456448 bytes, new threshold 6 (max threshold 6)
[2019-12-08T10:22:19.127+0000][1][gc,age       ] GC(36) Age table with threshold 6 (max threshold 6)
[2019-12-08T10:22:19.127+0000][1][gc,age       ] GC(36) - age   1:       5472 bytes,       5472 total
[2019-12-08T10:22:19.127+0000][1][gc,age       ] GC(36) - age   3:       1640 bytes,       7112 total
[2019-12-08T10:22:19.127+0000][1][gc,age       ] GC(36) - age   4:        968 bytes,       8080 total
[2019-12-08T10:22:19.127+0000][1][gc,age       ] GC(36) - age   5:       1728 bytes,       9808 total
[2019-12-08T10:22:19.127+0000][1][gc,age       ] GC(36) - age   6:       2088 bytes,      11896 total
[2019-12-08T10:22:19.127+0000][1][gc,heap      ] GC(36) ParNew: 69972K->18K(78656K)
[2019-12-08T10:22:19.127+0000][1][gc,heap      ] GC(36) CMS: 71034K->71037K(174784K)
[2019-12-08T10:22:19.127+0000][1][gc,metaspace ] GC(36) Metaspace: 69140K->69140K(1112064K)
[2019-12-08T10:22:19.127+0000][1][gc           ] GC(36) Pause Young (Allocation Failure) 137M->69M(247M) 0.969ms
[2019-12-08T10:22:19.127+0000][1][gc,cpu       ] GC(36) User=0.00s Sys=0.00s Real=0.00s
[2019-12-08T10:22:19.127+0000][1][safepoint    ] Leaving safepoint region
[2019-12-08T10:22:19.127+0000][1][safepoint    ] Total time for which application threads were stopped: 0.0011008 seconds, Stopping threads took: 0.0000158 seconds
[2019-12-08T10:22:20.127+0000][1][safepoint    ] Application time: 1.0000837 seconds
[2019-12-08T10:22:20.128+0000][1][safepoint    ] Entering safepoint region: Cleanup
[2019-12-08T10:22:20.128+0000][1][safepoint    ] Leaving safepoint region
[2019-12-08T10:22:20.128+0000][1][safepoint    ] Total time for which application threads were stopped: 0.0000773 seconds, Stopping threads took: 0.0000182 seconds
[2019-12-08T10:22:21.128+0000][1][safepoint    ] Application time: 1.0000781 seconds
[2019-12-08T10:22:21.128+0000][1][safepoint    ] Entering safepoint region: Cleanup
[2019-12-08T10:22:21.128+0000][1][safepoint    ] Leaving safepoint region
[2019-12-08T10:22:21.128+0000][1][safepoint    ] Total time for which application threads were stopped: 0.0000662 seconds, Stopping threads took: 0.0000179 seconds
[2019-12-08T10:22:22.128+0000][1][safepoint    ] Application time: 1.0000755 seconds
[2019-12-08T10:22:22.128+0000][1][safepoint    ] Entering safepoint region: Cleanup
[2019-12-08T10:22:22.128+0000][1][safepoint    ] Leaving safepoint region
[2019-12-08T10:22:22.128+0000][1][safepoint    ] Total time for which application threads were stopped: 0.0000708 seconds, Stopping threads took: 0.0000203 seconds
[2019-12-08T10:22:23.128+0000][1][safepoint    ] Application time: 1.0001207 seconds
[2019-12-08T10:22:23.128+0000][1][safepoint    ] Entering safepoint region: Cleanup
[2019-12-08T10:22:23.128+0000][1][safepoint    ] Leaving safepoint region
[2019-12-08T10:22:23.128+0000][1][safepoint    ] Total time for which application threads were stopped: 0.0000684 seconds, Stopping threads took: 0.0000194 seconds
[2019-12-08T10:22:24.128+0000][1][safepoint    ] Application time: 1.0000758 seconds
[2019-12-08T10:22:24.128+0000][1][safepoint    ] Entering safepoint region: Cleanup
[2019-12-08T10:22:24.128+0000][1][safepoint    ] Leaving safepoint region
[2019-12-08T10:22:24.128+0000][1][safepoint    ] Total time for which application threads were stopped: 0.0001019 seconds, Stopping threads took: 0.0000462 seconds
[2019-12-08T10:22:25.129+0000][1][safepoint    ] Application time: 1.0000811 seconds
[2019-12-08T10:22:25.129+0000][1][safepoint    ] Entering safepoint region: Cleanup
[2019-12-08T10:22:25.129+0000][1][safepoint    ] Leaving safepoint region
[2019-12-08T10:22:25.129+0000][1][safepoint    ] Total time for which application threads were stopped: 0.0000663 seconds, Stopping threads took: 0.0000177 seconds
[2019-12-08T10:22:26.129+0000][1][safepoint    ] Application time: 1.0000857 seconds
[2019-12-08T10:22:26.129+0000][1][safepoint    ] Entering safepoint region: Cleanup
[2019-12-08T10:22:26.129+0000][1][safepoint    ] Leaving safepoint region
[2019-12-08T10:22:26.129+0000][1][safepoint    ] Total time for which application threads were stopped: 0.0000924 seconds, Stopping threads took: 0.0000284 seconds
[2019-12-08T10:22:27.129+0000][1][safepoint    ] Application time: 1.0000767 seconds
[2019-12-08T10:22:27.129+0000][1][safepoint    ] Entering safepoint region: Cleanup
[2019-12-08T10:22:27.129+0000][1][safepoint    ] Leaving safepoint region
[2019-12-08T10:22:27.129+0000][1][safepoint    ] Total time for which application threads were stopped: 0.0000666 seconds, Stopping threads took: 0.0000173 seconds
[2019-12-08T10:22:28.129+0000][1][safepoint    ] Application time: 1.0000770 seconds
[2019-12-08T10:22:28.129+0000][1][safepoint    ] Entering safepoint region: Cleanup
[2019-12-08T10:22:28.129+0000][1][safepoint    ] Leaving safepoint region
[2019-12-08T10:22:28.129+0000][1][safepoint    ] Total time for which application threads were stopped: 0.0000673 seconds, Stopping threads took: 0.0000175 seconds
[2019-12-08T10:22:29.129+0000][1][safepoint    ] Application time: 1.0000804 seconds
[2019-12-08T10:22:29.129+0000][1][safepoint    ] Entering safepoint region: Cleanup
[2019-12-08T10:22:29.129+0000][1][safepoint    ] Leaving safepoint region
[2019-12-08T10:22:29.129+0000][1][safepoint    ] Total time for which application threads were stopped: 0.0000704 seconds, Stopping threads took: 0.0000182 seconds
[2019-12-08T10:22:30.129+0000][1][safepoint    ] Application time: 1.0000792 seconds
[2019-12-08T10:22:30.130+0000][1][safepoint    ] Entering safepoint region: Cleanup
[2019-12-08T10:22:30.130+0000][1][safepoint    ] Leaving safepoint region
[2019-12-08T10:22:30.130+0000][1][safepoint    ] Total time for which application threads were stopped: 0.0000727 seconds, Stopping threads took: 0.0000195 seconds
[2019-12-08T10:22:31.130+0000][1][safepoint    ] Application time: 1.0000769 seconds
[2019-12-08T10:22:31.130+0000][1][safepoint    ] Entering safepoint region: Cleanup
[2019-12-08T10:22:31.130+0000][1][safepoint    ] Leaving safepoint region
[2019-12-08T10:22:31.130+0000][1][safepoint    ] Total time for which application threads were stopped: 0.0000650 seconds, Stopping threads took: 0.0000172 seconds
[2019-12-08T10:22:32.130+0000][1][safepoint    ] Application time: 1.0000764 seconds
[2019-12-08T10:22:32.130+0000][1][safepoint    ] Entering safepoint region: Cleanup
[2019-12-08T10:22:32.130+0000][1][safepoint    ] Leaving safepoint region
[2019-12-08T10:22:32.130+0000][1][safepoint    ] Total time for which application threads were stopped: 0.0000715 seconds, Stopping threads took: 0.0000232 seconds
[2019-12-08T10:22:33.130+0000][1][safepoint    ] Application time: 1.0000763 seconds
[2019-12-08T10:22:33.130+0000][1][safepoint    ] Entering safepoint region: Cleanup
[2019-12-08T10:22:33.130+0000][1][safepoint    ] Leaving safepoint region
[2019-12-08T10:22:33.130+0000][1][safepoint    ] Total time for which application threads were stopped: 0.0000687 seconds, Stopping threads took: 0.0000183 seconds
[2019-12-08T10:22:34.130+0000][1][safepoint    ] Application time: 1.0000772 seconds
[2019-12-08T10:22:34.130+0000][1][safepoint    ] Entering safepoint region: Cleanup
[2019-12-08T10:22:34.130+0000][1][safepoint    ] Leaving safepoint region
[2019-12-08T10:22:34.130+0000][1][safepoint    ] Total time for which application threads were stopped: 0.0000665 seconds, Stopping threads took: 0.0000175 seconds
[2019-12-08T10:22:35.130+0000][1][safepoint    ] Application time: 1.0000791 seconds
[2019-12-08T10:22:35.131+0000][1][safepoint    ] Entering safepoint region: Cleanup
[2019-12-08T10:22:35.131+0000][1][safepoint    ] Leaving safepoint region
[2019-12-08T10:22:35.131+0000][1][safepoint    ] Total time for which application threads were stopped: 0.0000688 seconds, Stopping threads took: 0.0000182 seconds
[2019-12-08T10:22:36.131+0000][1][safepoint    ] Application time: 1.0000786 seconds
[2019-12-08T10:22:36.131+0000][1][safepoint    ] Entering safepoint region: Cleanup
[2019-12-08T10:22:36.131+0000][1][safepoint    ] Leaving safepoint region
[2019-12-08T10:22:36.131+0000][1][safepoint    ] Total time for which application threads were stopped: 0.0000758 seconds, Stopping threads took: 0.0000175 seconds
[2019-12-08T10:22:37.131+0000][1][safepoint    ] Application time: 1.0000773 seconds
[2019-12-08T10:22:37.131+0000][1][safepoint    ] Entering safepoint region: Cleanup
[2019-12-08T10:22:37.131+0000][1][safepoint    ] Leaving safepoint region
[2019-12-08T10:22:37.131+0000][1][safepoint    ] Total time for which application threads were stopped: 0.0000685 seconds, Stopping threads took: 0.0000180 seconds
[2019-12-08T10:22:38.131+0000][1][safepoint    ] Application time: 1.0000819 seconds
[2019-12-08T10:22:38.131+0000][1][safepoint    ] Entering safepoint region: Cleanup
[2019-12-08T10:22:38.131+0000][1][safepoint    ] Leaving safepoint region
[2019-12-08T10:22:38.131+0000][1][safepoint    ] Total time for which application threads were stopped: 0.0000924 seconds, Stopping threads took: 0.0000273 seconds
[2019-12-08T10:22:39.131+0000][1][safepoint    ] Application time: 1.0000911 seconds
[2019-12-08T10:22:39.131+0000][1][safepoint    ] Entering safepoint region: Cleanup
[2019-12-08T10:22:39.131+0000][1][safepoint    ] Leaving safepoint region
[2019-12-08T10:22:39.131+0000][1][safepoint    ] Total time for which application threads were stopped: 0.0000663 seconds, Stopping threads took: 0.0000174 seconds
[2019-12-08T10:22:40.131+0000][1][safepoint    ] Application time: 1.0000813 seconds
[2019-12-08T10:22:40.132+0000][1][safepoint    ] Entering safepoint region: Cleanup
[2019-12-08T10:22:40.132+0000][1][safepoint    ] Leaving safepoint region
[2019-12-08T10:22:40.132+0000][1][safepoint    ] Total time for which application threads were stopped: 0.0000649 seconds, Stopping threads took: 0.0000167 seconds
[2019-12-08T10:22:41.132+0000][1][safepoint    ] Application time: 1.0000808 seconds
[2019-12-08T10:22:41.132+0000][1][safepoint    ] Entering safepoint region: Cleanup
[2019-12-08T10:22:41.132+0000][1][safepoint    ] Leaving safepoint region
[2019-12-08T10:22:41.132+0000][1][safepoint    ] Total time for which application threads were stopped: 0.0000679 seconds, Stopping threads took: 0.0000177 seconds
[2019-12-08T10:22:42.132+0000][1][safepoint    ] Application time: 1.0000795 seconds
[2019-12-08T10:22:42.132+0000][1][safepoint    ] Entering safepoint region: Cleanup
[2019-12-08T10:22:42.132+0000][1][safepoint    ] Leaving safepoint region
[2019-12-08T10:22:42.132+0000][1][safepoint    ] Total time for which application threads were stopped: 0.0000683 seconds, Stopping threads took: 0.0000193 seconds
[2019-12-08T10:22:43.132+0000][1][safepoint    ] Application time: 1.0000812 seconds
[2019-12-08T10:22:43.132+0000][1][safepoint    ] Entering safepoint region: Cleanup
[2019-12-08T10:22:43.132+0000][1][safepoint    ] Leaving safepoint region
[2019-12-08T10:22:43.132+0000][1][safepoint    ] Total time for which application threads were stopped: 0.0000683 seconds, Stopping threads took: 0.0000182 seconds
[2019-12-08T10:22:44.132+0000][1][safepoint    ] Application time: 1.0000775 seconds
[2019-12-08T10:22:44.132+0000][1][safepoint    ] Entering safepoint region: Cleanup
[2019-12-08T10:22:44.132+0000][1][safepoint    ] Leaving safepoint region
[2019-12-08T10:22:44.132+0000][1][safepoint    ] Total time for which application threads were stopped: 0.0000660 seconds, Stopping threads took: 0.0000175 seconds
[2019-12-08T10:22:45.132+0000][1][safepoint    ] Application time: 1.0000768 seconds
[2019-12-08T10:22:45.132+0000][1][safepoint    ] Entering safepoint region: Cleanup
[2019-12-08T10:22:45.133+0000][1][safepoint    ] Leaving safepoint region
[2019-12-08T10:22:45.133+0000][1][safepoint    ] Total time for which application threads were stopped: 0.0000629 seconds, Stopping threads took: 0.0000167 seconds
[2019-12-08T10:22:46.133+0000][1][safepoint    ] Application time: 1.0000770 seconds
[2019-12-08T10:22:46.133+0000][1][safepoint    ] Entering safepoint region: Cleanup
[2019-12-08T10:22:46.133+0000][1][safepoint    ] Leaving safepoint region
[2019-12-08T10:22:46.133+0000][1][safepoint    ] Total time for which application threads were stopped: 0.0000790 seconds, Stopping threads took: 0.0000174 seconds
[2019-12-08T10:22:47.133+0000][1][safepoint    ] Application time: 1.0000763 seconds
[2019-12-08T10:22:47.133+0000][1][safepoint    ] Entering safepoint region: Cleanup
[2019-12-08T10:22:47.133+0000][1][safepoint    ] Leaving safepoint region
[2019-12-08T10:22:47.133+0000][1][safepoint    ] Total time for which application threads were stopped: 0.0000721 seconds, Stopping threads took: 0.0000251 seconds
[2019-12-08T10:22:48.133+0000][1][safepoint    ] Application time: 1.0000772 seconds
[2019-12-08T10:22:48.133+0000][1][safepoint    ] Entering safepoint region: Cleanup
[2019-12-08T10:22:48.133+0000][1][safepoint    ] Leaving safepoint region
[2019-12-08T10:22:48.133+0000][1][safepoint    ] Total time for which application threads were stopped: 0.0000714 seconds, Stopping threads took: 0.0000188 seconds
[2019-12-08T10:22:49.133+0000][1][safepoint    ] Application time: 1.0000763 seconds
[2019-12-08T10:22:49.133+0000][1][safepoint    ] Entering safepoint region: Cleanup
[2019-12-08T10:22:49.133+0000][1][safepoint    ] Leaving safepoint region
[2019-12-08T10:22:49.133+0000][1][safepoint    ] Total time for which application threads were stopped: 0.0000669 seconds, Stopping threads took: 0.0000179 seconds
[2019-12-08T10:22:50.133+0000][1][safepoint    ] Application time: 1.0000794 seconds
[2019-12-08T10:22:50.133+0000][1][safepoint    ] Entering safepoint region: Cleanup
[2019-12-08T10:22:50.133+0000][1][safepoint    ] Leaving safepoint region
[2019-12-08T10:22:50.133+0000][1][safepoint    ] Total time for which application threads were stopped: 0.0000659 seconds, Stopping threads took: 0.0000174 seconds
[2019-12-08T10:22:51.134+0000][1][safepoint    ] Application time: 1.0000764 seconds
[2019-12-08T10:22:51.134+0000][1][safepoint    ] Entering safepoint region: Cleanup
[2019-12-08T10:22:51.134+0000][1][safepoint    ] Leaving safepoint region
[2019-12-08T10:22:51.134+0000][1][safepoint    ] Total time for which application threads were stopped: 0.0000641 seconds, Stopping threads took: 0.0000161 seconds
[2019-12-08T10:22:52.134+0000][1][safepoint    ] Application time: 1.0000821 seconds
[2019-12-08T10:22:52.134+0000][1][safepoint    ] Entering safepoint region: Cleanup
[2019-12-08T10:22:52.134+0000][1][safepoint    ] Leaving safepoint region
[2019-12-08T10:22:52.134+0000][1][safepoint    ] Total time for which application threads were stopped: 0.0000670 seconds, Stopping threads took: 0.0000181 seconds
[2019-12-08T10:22:53.134+0000][1][safepoint    ] Application time: 1.0000813 seconds
[2019-12-08T10:22:53.134+0000][1][safepoint    ] Entering safepoint region: Cleanup
[2019-12-08T10:22:53.134+0000][1][safepoint    ] Leaving safepoint region
[2019-12-08T10:22:53.134+0000][1][safepoint    ] Total time for which application threads were stopped: 0.0000703 seconds, Stopping threads took: 0.0000182 seconds
[2019-12-08T10:22:54.134+0000][1][safepoint    ] Application time: 1.0000787 seconds
[2019-12-08T10:22:54.134+0000][1][safepoint    ] Entering safepoint region: Cleanup
[2019-12-08T10:22:54.134+0000][1][safepoint    ] Leaving safepoint region
[2019-12-08T10:22:54.134+0000][1][safepoint    ] Total time for which application threads were stopped: 0.0000674 seconds, Stopping threads took: 0.0000184 seconds
[2019-12-08T10:22:55.134+0000][1][safepoint    ] Application time: 1.0000753 seconds
[2019-12-08T10:22:55.134+0000][1][safepoint    ] Entering safepoint region: Cleanup
[2019-12-08T10:22:55.134+0000][1][safepoint    ] Leaving safepoint region
[2019-12-08T10:22:55.134+0000][1][safepoint    ] Total time for which application threads were stopped: 0.0000650 seconds, Stopping threads took: 0.0000169 seconds
[2019-12-08T10:22:56.134+0000][1][safepoint    ] Application time: 1.0000763 seconds
[2019-12-08T10:22:56.135+0000][1][safepoint    ] Entering safepoint region: Cleanup
[2019-12-08T10:22:56.135+0000][1][safepoint    ] Leaving safepoint region
[2019-12-08T10:22:56.135+0000][1][safepoint    ] Total time for which application threads were stopped: 0.0000663 seconds, Stopping threads took: 0.0000172 seconds
[2019-12-08T10:22:57.135+0000][1][safepoint    ] Application time: 1.0000850 seconds
[2019-12-08T10:22:57.135+0000][1][safepoint    ] Entering safepoint region: Cleanup
[2019-12-08T10:22:57.135+0000][1][safepoint    ] Leaving safepoint region
[2019-12-08T10:22:57.135+0000][1][safepoint    ] Total time for which application threads were stopped: 0.0000653 seconds, Stopping threads took: 0.0000172 seconds
[2019-12-08T10:22:58.135+0000][1][safepoint    ] Application time: 1.0000751 seconds
[2019-12-08T10:22:58.135+0000][1][safepoint    ] Entering safepoint region: Cleanup
[2019-12-08T10:22:58.135+0000][1][safepoint    ] Leaving safepoint region
[2019-12-08T10:22:58.135+0000][1][safepoint    ] Total time for which application threads were stopped: 0.0000665 seconds, Stopping threads took: 0.0000169 seconds
[2019-12-08T10:22:59.135+0000][1][safepoint    ] Application time: 1.0000761 seconds
[2019-12-08T10:22:59.135+0000][1][safepoint    ] Entering safepoint region: Cleanup
[2019-12-08T10:22:59.135+0000][1][safepoint    ] Leaving safepoint region
[2019-12-08T10:22:59.135+0000][1][safepoint    ] Total time for which application threads were stopped: 0.0000650 seconds, Stopping threads took: 0.0000164 seconds
[2019-12-08T10:23:00.135+0000][1][safepoint    ] Application time: 1.0000761 seconds
[2019-12-08T10:23:00.135+0000][1][safepoint    ] Entering safepoint region: Cleanup
[2019-12-08T10:23:00.135+0000][1][safepoint    ] Leaving safepoint region
[2019-12-08T10:23:00.135+0000][1][safepoint    ] Total time for which application threads were stopped: 0.0000683 seconds, Stopping threads took: 0.0000175 seconds
[2019-12-08T10:23:01.135+0000][1][safepoint    ] Application time: 1.0000783 seconds
[2019-12-08T10:23:01.135+0000][1][safepoint    ] Entering safepoint region: Cleanup
[2019-12-08T10:23:01.136+0000][1][safepoint    ] Leaving safepoint region
[2019-12-08T10:23:01.136+0000][1][safepoint    ] Total time for which application threads were stopped: 0.0000662 seconds, Stopping threads took: 0.0000161 seconds
[2019-12-08T10:23:03.050+0000][1][safepoint    ] Application time: 1.9143019 seconds
[2019-12-08T10:23:03.050+0000][1][safepoint    ] Entering safepoint region: Cleanup
[2019-12-08T10:23:03.050+0000][1][safepoint    ] Leaving safepoint region
[2019-12-08T10:23:03.050+0000][1][safepoint    ] Total time for which application threads were stopped: 0.0000662 seconds, Stopping threads took: 0.0000168 seconds
[2019-12-08T10:23:04.050+0000][1][safepoint    ] Application time: 1.0000790 seconds
[2019-12-08T10:23:04.050+0000][1][safepoint    ] Entering safepoint region: Cleanup
[2019-12-08T10:23:04.050+0000][1][safepoint    ] Leaving safepoint region
[2019-12-08T10:23:04.050+0000][1][safepoint    ] Total time for which application threads were stopped: 0.0000855 seconds, Stopping threads took: 0.0000167 seconds
[2019-12-08T10:23:05.050+0000][1][safepoint    ] Application time: 1.0000779 seconds
[2019-12-08T10:23:05.050+0000][1][safepoint    ] Entering safepoint region: Cleanup
[2019-12-08T10:23:05.050+0000][1][safepoint    ] Leaving safepoint region
[2019-12-08T10:23:05.050+0000][1][safepoint    ] Total time for which application threads were stopped: 0.0000623 seconds, Stopping threads took: 0.0000153 seconds
[2019-12-08T10:23:06.050+0000][1][safepoint    ] Application time: 1.0000820 seconds
[2019-12-08T10:23:06.050+0000][1][safepoint    ] Entering safepoint region: Cleanup
[2019-12-08T10:23:06.051+0000][1][safepoint    ] Leaving safepoint region
[2019-12-08T10:23:06.051+0000][1][safepoint    ] Total time for which application threads were stopped: 0.0000689 seconds, Stopping threads took: 0.0000187 seconds
[2019-12-08T10:23:07.051+0000][1][safepoint    ] Application time: 1.0000866 seconds
[2019-12-08T10:23:07.051+0000][1][safepoint    ] Entering safepoint region: Cleanup
[2019-12-08T10:23:07.051+0000][1][safepoint    ] Leaving safepoint region
[2019-12-08T10:23:07.051+0000][1][safepoint    ] Total time for which application threads were stopped: 0.0000780 seconds, Stopping threads took: 0.0000286 seconds
[2019-12-08T10:23:08.051+0000][1][safepoint    ] Application time: 1.0000849 seconds
[2019-12-08T10:23:08.051+0000][1][safepoint    ] Entering safepoint region: Cleanup
[2019-12-08T10:23:08.051+0000][1][safepoint    ] Leaving safepoint region
[2019-12-08T10:23:08.051+0000][1][safepoint    ] Total time for which application threads were stopped: 0.0000878 seconds, Stopping threads took: 0.0000238 seconds
[2019-12-08T10:23:09.051+0000][1][safepoint    ] Application time: 1.0000973 seconds
[2019-12-08T10:23:09.051+0000][1][safepoint    ] Entering safepoint region: Cleanup
[2019-12-08T10:23:09.051+0000][1][safepoint    ] Leaving safepoint region
[2019-12-08T10:23:09.051+0000][1][safepoint    ] Total time for which application threads were stopped: 0.0000692 seconds, Stopping threads took: 0.0000175 seconds
[2019-12-08T10:23:10.051+0000][1][safepoint    ] Application time: 1.0000828 seconds
[2019-12-08T10:23:10.051+0000][1][safepoint    ] Entering safepoint region: Cleanup
[2019-12-08T10:23:10.051+0000][1][safepoint    ] Leaving safepoint region
[2019-12-08T10:23:10.051+0000][1][safepoint    ] Total time for which application threads were stopped: 0.0000675 seconds, Stopping threads took: 0.0000175 seconds
[2019-12-08T10:23:11.052+0000][1][safepoint    ] Application time: 1.0000823 seconds
[2019-12-08T10:23:11.052+0000][1][safepoint    ] Entering safepoint region: Cleanup
[2019-12-08T10:23:11.052+0000][1][safepoint    ] Leaving safepoint region
[2019-12-08T10:23:11.052+0000][1][safepoint    ] Total time for which application threads were stopped: 0.0000681 seconds, Stopping threads took: 0.0000173 seconds
[2019-12-08T10:23:12.052+0000][1][safepoint    ] Application time: 1.0001083 seconds
[2019-12-08T10:23:12.052+0000][1][safepoint    ] Entering safepoint region: Cleanup
[2019-12-08T10:23:12.052+0000][1][safepoint    ] Leaving safepoint region
[2019-12-08T10:23:12.052+0000][1][safepoint    ] Total time for which application threads were stopped: 0.0000907 seconds, Stopping threads took: 0.0000225 seconds
[2019-12-08T10:23:13.052+0000][1][safepoint    ] Application time: 1.0000848 seconds
[2019-12-08T10:23:13.052+0000][1][safepoint    ] Entering safepoint region: Cleanup
[2019-12-08T10:23:13.052+0000][1][safepoint    ] Leaving safepoint region
[2019-12-08T10:23:13.052+0000][1][safepoint    ] Total time for which application threads were stopped: 0.0000979 seconds, Stopping threads took: 0.0000247 seconds
[2019-12-08T10:23:14.052+0000][1][safepoint    ] Application time: 1.0000833 seconds
[2019-12-08T10:23:14.052+0000][1][safepoint    ] Entering safepoint region: Cleanup
[2019-12-08T10:23:14.052+0000][1][safepoint    ] Leaving safepoint region
[2019-12-08T10:23:14.052+0000][1][safepoint    ] Total time for which application threads were stopped: 0.0001028 seconds, Stopping threads took: 0.0000495 seconds
[2019-12-08T10:23:15.052+0000][1][safepoint    ] Application time: 1.0000837 seconds
[2019-12-08T10:23:15.052+0000][1][safepoint    ] Entering safepoint region: Cleanup
[2019-12-08T10:23:15.052+0000][1][safepoint    ] Leaving safepoint region
[2019-12-08T10:23:15.053+0000][1][safepoint    ] Total time for which application threads were stopped: 0.0000653 seconds, Stopping threads took: 0.0000172 seconds
[2019-12-08T10:23:16.053+0000][1][safepoint    ] Application time: 1.0000760 seconds
[2019-12-08T10:23:16.053+0000][1][safepoint    ] Entering safepoint region: Cleanup
[2019-12-08T10:23:16.053+0000][1][safepoint    ] Leaving safepoint region
[2019-12-08T10:23:16.053+0000][1][safepoint    ] Total time for which application threads were stopped: 0.0000762 seconds, Stopping threads took: 0.0000179 seconds
[2019-12-08T10:23:17.053+0000][1][safepoint    ] Application time: 1.0000754 seconds
[2019-12-08T10:23:17.053+0000][1][safepoint    ] Entering safepoint region: Cleanup
[2019-12-08T10:23:17.053+0000][1][safepoint    ] Leaving safepoint region
[2019-12-08T10:23:17.053+0000][1][safepoint    ] Total time for which application threads were stopped: 0.0000675 seconds, Stopping threads took: 0.0000175 seconds
[2019-12-08T10:23:18.053+0000][1][safepoint    ] Application time: 1.0000752 seconds
[2019-12-08T10:23:18.053+0000][1][safepoint    ] Entering safepoint region: Cleanup
[2019-12-08T10:23:18.053+0000][1][safepoint    ] Leaving safepoint region
[2019-12-08T10:23:18.053+0000][1][safepoint    ] Total time for which application threads were stopped: 0.0000723 seconds, Stopping threads took: 0.0000228 seconds
[2019-12-08T10:23:19.053+0000][1][safepoint    ] Application time: 1.0000765 seconds
[2019-12-08T10:23:19.053+0000][1][safepoint    ] Entering safepoint region: Cleanup
[2019-12-08T10:23:19.053+0000][1][safepoint    ] Leaving safepoint region
[2019-12-08T10:23:19.053+0000][1][safepoint    ] Total time for which application threads were stopped: 0.0000673 seconds, Stopping threads took: 0.0000175 seconds
[2019-12-08T10:23:20.053+0000][1][safepoint    ] Application time: 1.0000781 seconds
[2019-12-08T10:23:20.053+0000][1][safepoint    ] Entering safepoint region: Cleanup
[2019-12-08T10:23:20.053+0000][1][safepoint    ] Leaving safepoint region
[2019-12-08T10:23:20.053+0000][1][safepoint    ] Total time for which application threads were stopped: 0.0000712 seconds, Stopping threads took: 0.0000196 seconds
[2019-12-08T10:23:21.054+0000][1][safepoint    ] Application time: 1.0000774 seconds
[2019-12-08T10:23:21.054+0000][1][safepoint    ] Entering safepoint region: Cleanup
[2019-12-08T10:23:21.054+0000][1][safepoint    ] Leaving safepoint region
[2019-12-08T10:23:21.054+0000][1][safepoint    ] Total time for which application threads were stopped: 0.0000657 seconds, Stopping threads took: 0.0000165 seconds
[2019-12-08T10:23:22.054+0000][1][safepoint    ] Application time: 1.0000775 seconds
[2019-12-08T10:23:22.054+0000][1][safepoint    ] Entering safepoint region: Cleanup
[2019-12-08T10:23:22.054+0000][1][safepoint    ] Leaving safepoint region
[2019-12-08T10:23:22.054+0000][1][safepoint    ] Total time for which application threads were stopped: 0.0000674 seconds, Stopping threads took: 0.0000181 seconds
[2019-12-08T10:23:23.054+0000][1][safepoint    ] Application time: 1.0000768 seconds
[2019-12-08T10:23:23.054+0000][1][safepoint    ] Entering safepoint region: Cleanup
[2019-12-08T10:23:23.054+0000][1][safepoint    ] Leaving safepoint region
[2019-12-08T10:23:23.054+0000][1][safepoint    ] Total time for which application threads were stopped: 0.0000676 seconds, Stopping threads took: 0.0000190 seconds
[2019-12-08T10:23:24.054+0000][1][safepoint    ] Application time: 1.0000810 seconds
[2019-12-08T10:23:24.054+0000][1][safepoint    ] Entering safepoint region: Cleanup
[2019-12-08T10:23:24.054+0000][1][safepoint    ] Leaving safepoint region
[2019-12-08T10:23:24.054+0000][1][safepoint    ] Total time for which application threads were stopped: 0.0000686 seconds, Stopping threads took: 0.0000179 seconds
[2019-12-08T10:23:25.054+0000][1][safepoint    ] Application time: 1.0000796 seconds
[2019-12-08T10:23:25.054+0000][1][safepoint    ] Entering safepoint region: Cleanup
[2019-12-08T10:23:25.054+0000][1][safepoint    ] Leaving safepoint region
[2019-12-08T10:23:25.054+0000][1][safepoint    ] Total time for which application threads were stopped: 0.0000688 seconds, Stopping threads took: 0.0000190 seconds
[2019-12-08T10:23:26.054+0000][1][safepoint    ] Application time: 1.0000806 seconds
[2019-12-08T10:23:26.055+0000][1][safepoint    ] Entering safepoint region: Cleanup
[2019-12-08T10:23:26.055+0000][1][safepoint    ] Leaving safepoint region
[2019-12-08T10:23:26.055+0000][1][safepoint    ] Total time for which application threads were stopped: 0.0000696 seconds, Stopping threads took: 0.0000182 seconds
[2019-12-08T10:23:27.055+0000][1][safepoint    ] Application time: 1.0000936 seconds
[2019-12-08T10:23:27.055+0000][1][safepoint    ] Entering safepoint region: Cleanup
[2019-12-08T10:23:27.055+0000][1][safepoint    ] Leaving safepoint region
[2019-12-08T10:23:27.055+0000][1][safepoint    ] Total time for which application threads were stopped: 0.0000672 seconds, Stopping threads took: 0.0000175 seconds
[2019-12-08T10:23:28.055+0000][1][safepoint    ] Application time: 1.0000777 seconds
[2019-12-08T10:23:28.055+0000][1][safepoint    ] Entering safepoint region: Cleanup
[2019-12-08T10:23:28.055+0000][1][safepoint    ] Leaving safepoint region
[2019-12-08T10:23:28.055+0000][1][safepoint    ] Total time for which application threads were stopped: 0.0000676 seconds, Stopping threads took: 0.0000184 seconds
[2019-12-08T10:23:29.055+0000][1][safepoint    ] Application time: 1.0000771 seconds
[2019-12-08T10:23:29.055+0000][1][safepoint    ] Entering safepoint region: Cleanup
[2019-12-08T10:23:29.055+0000][1][safepoint    ] Leaving safepoint region
[2019-12-08T10:23:29.055+0000][1][safepoint    ] Total time for which application threads were stopped: 0.0000667 seconds, Stopping threads took: 0.0000171 seconds
[2019-12-08T10:23:30.055+0000][1][safepoint    ] Application time: 1.0000759 seconds
[2019-12-08T10:23:30.055+0000][1][safepoint    ] Entering safepoint region: Cleanup
[2019-12-08T10:23:30.055+0000][1][safepoint    ] Leaving safepoint region
[2019-12-08T10:23:30.055+0000][1][safepoint    ] Total time for which application threads were stopped: 0.0000706 seconds, Stopping threads took: 0.0000215 seconds
[2019-12-08T10:23:31.055+0000][1][safepoint    ] Application time: 1.0000881 seconds
[2019-12-08T10:23:31.056+0000][1][safepoint    ] Entering safepoint region: Cleanup
[2019-12-08T10:23:31.056+0000][1][safepoint    ] Leaving safepoint region
[2019-12-08T10:23:31.056+0000][1][safepoint    ] Total time for which application threads were stopped: 0.0000696 seconds, Stopping threads took: 0.0000182 seconds
[2019-12-08T10:23:32.056+0000][1][safepoint    ] Application time: 1.0000819 seconds
[2019-12-08T10:23:32.056+0000][1][safepoint    ] Entering safepoint region: Cleanup
[2019-12-08T10:23:32.056+0000][1][safepoint    ] Leaving safepoint region
[2019-12-08T10:23:32.056+0000][1][safepoint    ] Total time for which application threads were stopped: 0.0000770 seconds, Stopping threads took: 0.0000265 seconds
[2019-12-08T10:23:33.056+0000][1][safepoint    ] Application time: 1.0000797 seconds
[2019-12-08T10:23:33.056+0000][1][safepoint    ] Entering safepoint region: Cleanup
[2019-12-08T10:23:33.056+0000][1][safepoint    ] Leaving safepoint region
[2019-12-08T10:23:33.056+0000][1][safepoint    ] Total time for which application threads were stopped: 0.0000686 seconds, Stopping threads took: 0.0000174 seconds
[2019-12-08T10:23:34.056+0000][1][safepoint    ] Application time: 1.0000892 seconds
[2019-12-08T10:23:34.056+0000][1][safepoint    ] Entering safepoint region: Cleanup
[2019-12-08T10:23:34.056+0000][1][safepoint    ] Leaving safepoint region
[2019-12-08T10:23:34.056+0000][1][safepoint    ] Total time for which application threads were stopped: 0.0000709 seconds, Stopping threads took: 0.0000190 seconds
[2019-12-08T10:23:35.056+0000][1][safepoint    ] Application time: 1.0000794 seconds
[2019-12-08T10:23:35.056+0000][1][safepoint    ] Entering safepoint region: Cleanup
[2019-12-08T10:23:35.056+0000][1][safepoint    ] Leaving safepoint region
[2019-12-08T10:23:35.056+0000][1][safepoint    ] Total time for which application threads were stopped: 0.0000658 seconds, Stopping threads took: 0.0000171 seconds
[2019-12-08T10:23:36.056+0000][1][safepoint    ] Application time: 1.0000818 seconds
[2019-12-08T10:23:36.056+0000][1][safepoint    ] Entering safepoint region: Cleanup
[2019-12-08T10:23:36.057+0000][1][safepoint    ] Leaving safepoint region
[2019-12-08T10:23:36.057+0000][1][safepoint    ] Total time for which application threads were stopped: 0.0000678 seconds, Stopping threads took: 0.0000189 seconds
[2019-12-08T10:23:37.057+0000][1][safepoint    ] Application time: 1.0000807 seconds
[2019-12-08T10:23:37.057+0000][1][safepoint    ] Entering safepoint region: Cleanup
[2019-12-08T10:23:37.057+0000][1][safepoint    ] Leaving safepoint region
[2019-12-08T10:23:37.057+0000][1][safepoint    ] Total time for which application threads were stopped: 0.0000771 seconds, Stopping threads took: 0.0000258 seconds
[2019-12-08T10:23:38.057+0000][1][safepoint    ] Application time: 1.0000806 seconds
[2019-12-08T10:23:38.057+0000][1][safepoint    ] Entering safepoint region: Cleanup
[2019-12-08T10:23:38.057+0000][1][safepoint    ] Leaving safepoint region
[2019-12-08T10:23:38.057+0000][1][safepoint    ] Total time for which application threads were stopped: 0.0000684 seconds, Stopping threads took: 0.0000188 seconds
[2019-12-08T10:23:39.154+0000][1][safepoint    ] Application time: 1.0966703 seconds
[2019-12-08T10:23:39.154+0000][1][safepoint    ] Entering safepoint region: Cleanup
[2019-12-08T10:23:39.154+0000][1][safepoint    ] Leaving safepoint region
[2019-12-08T10:23:39.154+0000][1][safepoint    ] Total time for which application threads were stopped: 0.0000839 seconds, Stopping threads took: 0.0000159 seconds
[2019-12-08T10:23:40.154+0000][1][safepoint    ] Application time: 1.0000766 seconds
[2019-12-08T10:23:40.154+0000][1][safepoint    ] Entering safepoint region: Cleanup
[2019-12-08T10:23:40.154+0000][1][safepoint    ] Leaving safepoint region
[2019-12-08T10:23:40.154+0000][1][safepoint    ] Total time for which application threads were stopped: 0.0000757 seconds, Stopping threads took: 0.0000176 seconds
[2019-12-08T10:23:41.154+0000][1][safepoint    ] Application time: 1.0000783 seconds
[2019-12-08T10:23:41.154+0000][1][safepoint    ] Entering safepoint region: Cleanup
[2019-12-08T10:23:41.154+0000][1][safepoint    ] Leaving safepoint region
[2019-12-08T10:23:41.154+0000][1][safepoint    ] Total time for which application threads were stopped: 0.0000775 seconds, Stopping threads took: 0.0000166 seconds
[2019-12-08T10:23:42.154+0000][1][safepoint    ] Application time: 1.0000782 seconds
[2019-12-08T10:23:42.154+0000][1][safepoint    ] Entering safepoint region: Cleanup
[2019-12-08T10:23:42.154+0000][1][safepoint    ] Leaving safepoint region
[2019-12-08T10:23:42.154+0000][1][safepoint    ] Total time for which application threads were stopped: 0.0000750 seconds, Stopping threads took: 0.0000170 seconds
[2019-12-08T10:23:43.154+0000][1][safepoint    ] Application time: 1.0000777 seconds
[2019-12-08T10:23:43.154+0000][1][safepoint    ] Entering safepoint region: Cleanup
[2019-12-08T10:23:43.154+0000][1][safepoint    ] Leaving safepoint region
[2019-12-08T10:23:43.154+0000][1][safepoint    ] Total time for which application threads were stopped: 0.0000631 seconds, Stopping threads took: 0.0000158 seconds
[2019-12-08T10:23:44.155+0000][1][safepoint    ] Application time: 1.0000814 seconds
[2019-12-08T10:23:44.155+0000][1][safepoint    ] Entering safepoint region: Cleanup
[2019-12-08T10:23:44.155+0000][1][safepoint    ] Leaving safepoint region
[2019-12-08T10:23:44.155+0000][1][safepoint    ] Total time for which application threads were stopped: 0.0000848 seconds, Stopping threads took: 0.0000160 seconds
[2019-12-08T10:23:45.155+0000][1][safepoint    ] Application time: 1.0000788 seconds
[2019-12-08T10:23:45.155+0000][1][safepoint    ] Entering safepoint region: Cleanup
[2019-12-08T10:23:45.155+0000][1][safepoint    ] Leaving safepoint region
[2019-12-08T10:23:45.155+0000][1][safepoint    ] Total time for which application threads were stopped: 0.0000634 seconds, Stopping threads took: 0.0000148 seconds
[2019-12-08T10:23:46.155+0000][1][safepoint    ] Application time: 1.0000800 seconds
[2019-12-08T10:23:46.155+0000][1][safepoint    ] Entering safepoint region: Cleanup
[2019-12-08T10:23:46.155+0000][1][safepoint    ] Leaving safepoint region
[2019-12-08T10:23:46.155+0000][1][safepoint    ] Total time for which application threads were stopped: 0.0000668 seconds, Stopping threads took: 0.0000171 seconds
[2019-12-08T10:23:47.155+0000][1][safepoint    ] Application time: 1.0000784 seconds
[2019-12-08T10:23:47.155+0000][1][safepoint    ] Entering safepoint region: Cleanup
[2019-12-08T10:23:47.155+0000][1][safepoint    ] Leaving safepoint region
[2019-12-08T10:23:47.155+0000][1][safepoint    ] Total time for which application threads were stopped: 0.0000735 seconds, Stopping threads took: 0.0000235 seconds
[2019-12-08T10:23:48.155+0000][1][safepoint    ] Application time: 1.0000795 seconds
[2019-12-08T10:23:48.155+0000][1][safepoint    ] Entering safepoint region: Cleanup
[2019-12-08T10:23:48.155+0000][1][safepoint    ] Leaving safepoint region
[2019-12-08T10:23:48.155+0000][1][safepoint    ] Total time for which application threads were stopped: 0.0001003 seconds, Stopping threads took: 0.0000513 seconds
[2019-12-08T10:23:49.156+0000][1][safepoint    ] Application time: 1.0000955 seconds
[2019-12-08T10:23:49.156+0000][1][safepoint    ] Entering safepoint region: Cleanup
[2019-12-08T10:23:49.156+0000][1][safepoint    ] Leaving safepoint region
[2019-12-08T10:23:49.156+0000][1][safepoint    ] Total time for which application threads were stopped: 0.0001539 seconds, Stopping threads took: 0.0000949 seconds
[2019-12-08T10:23:50.156+0000][1][safepoint    ] Application time: 1.0000864 seconds
[2019-12-08T10:23:50.156+0000][1][safepoint    ] Entering safepoint region: Cleanup
[2019-12-08T10:23:50.156+0000][1][safepoint    ] Leaving safepoint region
[2019-12-08T10:23:50.156+0000][1][safepoint    ] Total time for which application threads were stopped: 0.0000635 seconds, Stopping threads took: 0.0000159 seconds
[2019-12-08T10:23:51.156+0000][1][safepoint    ] Application time: 1.0000776 seconds
[2019-12-08T10:23:51.156+0000][1][safepoint    ] Entering safepoint region: Cleanup
[2019-12-08T10:23:51.156+0000][1][safepoint    ] Leaving safepoint region
[2019-12-08T10:23:51.156+0000][1][safepoint    ] Total time for which application threads were stopped: 0.0000663 seconds, Stopping threads took: 0.0000171 seconds
[2019-12-08T10:23:52.156+0000][1][safepoint    ] Application time: 1.0000762 seconds
[2019-12-08T10:23:52.156+0000][1][safepoint    ] Entering safepoint region: Cleanup
[2019-12-08T10:23:52.156+0000][1][safepoint    ] Leaving safepoint region
[2019-12-08T10:23:52.156+0000][1][safepoint    ] Total time for which application threads were stopped: 0.0000705 seconds, Stopping threads took: 0.0000193 seconds
[2019-12-08T10:23:53.156+0000][1][safepoint    ] Application time: 1.0000799 seconds
[2019-12-08T10:23:53.156+0000][1][safepoint    ] Entering safepoint region: Cleanup
[2019-12-08T10:23:53.157+0000][1][safepoint    ] Leaving safepoint region
[2019-12-08T10:23:53.157+0000][1][safepoint    ] Total time for which application threads were stopped: 0.0000816 seconds, Stopping threads took: 0.0000178 seconds
[2019-12-08T10:23:54.157+0000][1][safepoint    ] Application time: 1.0000878 seconds
[2019-12-08T10:23:54.157+0000][1][safepoint    ] Entering safepoint region: Cleanup
[2019-12-08T10:23:54.157+0000][1][safepoint    ] Leaving safepoint region
[2019-12-08T10:23:54.157+0000][1][safepoint    ] Total time for which application threads were stopped: 0.0001247 seconds, Stopping threads took: 0.0000551 seconds
[2019-12-08T10:23:55.157+0000][1][safepoint    ] Application time: 1.0000880 seconds
[2019-12-08T10:23:55.157+0000][1][safepoint    ] Entering safepoint region: Cleanup
[2019-12-08T10:23:55.157+0000][1][safepoint    ] Leaving safepoint region
[2019-12-08T10:23:55.157+0000][1][safepoint    ] Total time for which application threads were stopped: 0.0000785 seconds, Stopping threads took: 0.0000170 seconds
[2019-12-08T10:23:56.157+0000][1][safepoint    ] Application time: 1.0000798 seconds
[2019-12-08T10:23:56.157+0000][1][safepoint    ] Entering safepoint region: Cleanup
[2019-12-08T10:23:56.157+0000][1][safepoint    ] Leaving safepoint region
[2019-12-08T10:23:56.157+0000][1][safepoint    ] Total time for which application threads were stopped: 0.0000706 seconds, Stopping threads took: 0.0000169 seconds
[2019-12-08T10:23:57.157+0000][1][safepoint    ] Application time: 1.0000837 seconds
[2019-12-08T10:23:57.157+0000][1][safepoint    ] Entering safepoint region: Cleanup
[2019-12-08T10:23:57.157+0000][1][safepoint    ] Leaving safepoint region
[2019-12-08T10:23:57.157+0000][1][safepoint    ] Total time for which application threads were stopped: 0.0000712 seconds, Stopping threads took: 0.0000176 seconds
[2019-12-08T10:23:58.158+0000][1][safepoint    ] Application time: 1.0000811 seconds
[2019-12-08T10:23:58.158+0000][1][safepoint    ] Entering safepoint region: Cleanup
[2019-12-08T10:23:58.158+0000][1][safepoint    ] Leaving safepoint region
[2019-12-08T10:23:58.158+0000][1][safepoint    ] Total time for which application threads were stopped: 0.0000676 seconds, Stopping threads took: 0.0000163 seconds
[2019-12-08T10:23:59.158+0000][1][safepoint    ] Application time: 1.0000936 seconds
[2019-12-08T10:23:59.158+0000][1][safepoint    ] Entering safepoint region: Cleanup
[2019-12-08T10:23:59.158+0000][1][safepoint    ] Leaving safepoint region
[2019-12-08T10:23:59.158+0000][1][safepoint    ] Total time for which application threads were stopped: 0.0000723 seconds, Stopping threads took: 0.0000176 seconds
[2019-12-08T10:24:00.158+0000][1][safepoint    ] Application time: 1.0000839 seconds
[2019-12-08T10:24:00.158+0000][1][safepoint    ] Entering safepoint region: Cleanup
[2019-12-08T10:24:00.158+0000][1][safepoint    ] Leaving safepoint region
[2019-12-08T10:24:00.158+0000][1][safepoint    ] Total time for which application threads were stopped: 0.0000757 seconds, Stopping threads took: 0.0000162 seconds
[2019-12-08T10:24:01.158+0000][1][safepoint    ] Application time: 1.0001038 seconds
[2019-12-08T10:24:01.158+0000][1][safepoint    ] Entering safepoint region: Cleanup
[2019-12-08T10:24:01.158+0000][1][safepoint    ] Leaving safepoint region
[2019-12-08T10:24:01.158+0000][1][safepoint    ] Total time for which application threads were stopped: 0.0000814 seconds, Stopping threads took: 0.0000204 seconds
[2019-12-08T10:24:02.158+0000][1][safepoint    ] Application time: 1.0000814 seconds
[2019-12-08T10:24:02.158+0000][1][safepoint    ] Entering safepoint region: Cleanup
[2019-12-08T10:24:02.158+0000][1][safepoint    ] Leaving safepoint region
[2019-12-08T10:24:02.158+0000][1][safepoint    ] Total time for which application threads were stopped: 0.0000760 seconds, Stopping threads took: 0.0000240 seconds
[2019-12-08T10:24:03.159+0000][1][safepoint    ] Application time: 1.0000965 seconds
[2019-12-08T10:24:03.159+0000][1][safepoint    ] Entering safepoint region: Cleanup
[2019-12-08T10:24:03.159+0000][1][safepoint    ] Leaving safepoint region
[2019-12-08T10:24:03.159+0000][1][safepoint    ] Total time for which application threads were stopped: 0.0000726 seconds, Stopping threads took: 0.0000182 seconds
[2019-12-08T10:24:04.159+0000][1][safepoint    ] Application time: 1.0000985 seconds
[2019-12-08T10:24:04.159+0000][1][safepoint    ] Entering safepoint region: Cleanup
[2019-12-08T10:24:04.159+0000][1][safepoint    ] Leaving safepoint region
[2019-12-08T10:24:04.159+0000][1][safepoint    ] Total time for which application threads were stopped: 0.0000737 seconds, Stopping threads took: 0.0000170 seconds
[2019-12-08T10:24:05.159+0000][1][safepoint    ] Application time: 1.0000854 seconds
[2019-12-08T10:24:05.159+0000][1][safepoint    ] Entering safepoint region: Cleanup
[2019-12-08T10:24:05.159+0000][1][safepoint    ] Leaving safepoint region
[2019-12-08T10:24:05.159+0000][1][safepoint    ] Total time for which application threads were stopped: 0.0000708 seconds, Stopping threads took: 0.0000179 seconds
[2019-12-08T10:24:06.159+0000][1][safepoint    ] Application time: 1.0000919 seconds
[2019-12-08T10:24:06.159+0000][1][safepoint    ] Entering safepoint region: Cleanup
[2019-12-08T10:24:06.159+0000][1][safepoint    ] Leaving safepoint region
[2019-12-08T10:24:06.159+0000][1][safepoint    ] Total time for which application threads were stopped: 0.0000717 seconds, Stopping threads took: 0.0000190 seconds
[2019-12-08T10:24:07.159+0000][1][safepoint    ] Application time: 1.0000814 seconds
[2019-12-08T10:24:07.159+0000][1][safepoint    ] Entering safepoint region: Cleanup
[2019-12-08T10:24:07.159+0000][1][safepoint    ] Leaving safepoint region
[2019-12-08T10:24:07.159+0000][1][safepoint    ] Total time for which application threads were stopped: 0.0000692 seconds, Stopping threads took: 0.0000182 seconds
[2019-12-08T10:24:08.160+0000][1][safepoint    ] Application time: 1.0000802 seconds
[2019-12-08T10:24:08.160+0000][1][safepoint    ] Entering safepoint region: Cleanup
[2019-12-08T10:24:08.160+0000][1][safepoint    ] Leaving safepoint region
[2019-12-08T10:24:08.160+0000][1][safepoint    ] Total time for which application threads were stopped: 0.0000695 seconds, Stopping threads took: 0.0000185 seconds
[2019-12-08T10:24:09.160+0000][1][safepoint    ] Application time: 1.0000914 seconds
[2019-12-08T10:24:09.160+0000][1][safepoint    ] Entering safepoint region: Cleanup
[2019-12-08T10:24:09.160+0000][1][safepoint    ] Leaving safepoint region
[2019-12-08T10:24:09.160+0000][1][safepoint    ] Total time for which application threads were stopped: 0.0000705 seconds, Stopping threads took: 0.0000166 seconds
[2019-12-08T10:24:10.160+0000][1][safepoint    ] Application time: 1.0002778 seconds
[2019-12-08T10:24:10.161+0000][1][safepoint    ] Entering safepoint region: Cleanup
[2019-12-08T10:24:10.161+0000][1][safepoint    ] Leaving safepoint region
[2019-12-08T10:24:10.161+0000][1][safepoint    ] Total time for which application threads were stopped: 0.0006205 seconds, Stopping threads took: 0.0001172 seconds
[2019-12-08T10:24:11.161+0000][1][safepoint    ] Application time: 1.0001348 seconds
[2019-12-08T10:24:11.161+0000][1][safepoint    ] Entering safepoint region: Cleanup
[2019-12-08T10:24:11.161+0000][1][safepoint    ] Leaving safepoint region
[2019-12-08T10:24:11.161+0000][1][safepoint    ] Total time for which application threads were stopped: 0.0000737 seconds, Stopping threads took: 0.0000182 seconds
[2019-12-08T10:24:12.162+0000][1][safepoint    ] Application time: 1.0002135 seconds
[2019-12-08T10:24:12.162+0000][1][safepoint    ] Entering safepoint region: Cleanup
[2019-12-08T10:24:12.162+0000][1][safepoint    ] Leaving safepoint region
[2019-12-08T10:24:12.162+0000][1][safepoint    ] Total time for which application threads were stopped: 0.0005386 seconds, Stopping threads took: 0.0001212 seconds
[2019-12-08T10:24:13.163+0000][1][safepoint    ] Application time: 1.0001278 seconds
[2019-12-08T10:24:13.163+0000][1][safepoint    ] Entering safepoint region: Cleanup
[2019-12-08T10:24:13.163+0000][1][safepoint    ] Leaving safepoint region
[2019-12-08T10:24:13.163+0000][1][safepoint    ] Total time for which application threads were stopped: 0.0000738 seconds, Stopping threads took: 0.0000178 seconds
[2019-12-08T10:24:14.163+0000][1][safepoint    ] Application time: 1.0000959 seconds
[2019-12-08T10:24:14.163+0000][1][safepoint    ] Entering safepoint region: Cleanup
[2019-12-08T10:24:14.163+0000][1][safepoint    ] Leaving safepoint region
[2019-12-08T10:24:14.163+0000][1][safepoint    ] Total time for which application threads were stopped: 0.0000838 seconds, Stopping threads took: 0.0000182 seconds
[2019-12-08T10:24:15.163+0000][1][safepoint    ] Application time: 1.0000923 seconds
[2019-12-08T10:24:15.163+0000][1][safepoint    ] Entering safepoint region: Cleanup
[2019-12-08T10:24:15.163+0000][1][safepoint    ] Leaving safepoint region
[2019-12-08T10:24:15.163+0000][1][safepoint    ] Total time for which application threads were stopped: 0.0000710 seconds, Stopping threads took: 0.0000175 seconds
[2019-12-08T10:24:17.098+0000][1][safepoint    ] Application time: 1.9349377 seconds
[2019-12-08T10:24:17.098+0000][1][safepoint    ] Entering safepoint region: Cleanup
[2019-12-08T10:24:17.098+0000][1][safepoint    ] Leaving safepoint region
[2019-12-08T10:24:17.098+0000][1][safepoint    ] Total time for which application threads were stopped: 0.0000692 seconds, Stopping threads took: 0.0000165 seconds
[2019-12-08T10:24:18.098+0000][1][safepoint    ] Application time: 1.0000767 seconds
[2019-12-08T10:24:18.098+0000][1][safepoint    ] Entering safepoint region: Cleanup
[2019-12-08T10:24:18.098+0000][1][safepoint    ] Leaving safepoint region
[2019-12-08T10:24:18.098+0000][1][safepoint    ] Total time for which application threads were stopped: 0.0000753 seconds, Stopping threads took: 0.0000158 seconds
[2019-12-08T10:24:19.098+0000][1][safepoint    ] Application time: 1.0000884 seconds
[2019-12-08T10:24:19.098+0000][1][safepoint    ] Entering safepoint region: Cleanup
[2019-12-08T10:24:19.098+0000][1][safepoint    ] Leaving safepoint region
[2019-12-08T10:24:19.098+0000][1][safepoint    ] Total time for which application threads were stopped: 0.0000678 seconds, Stopping threads took: 0.0000155 seconds
[2019-12-08T10:24:20.099+0000][1][safepoint    ] Application time: 1.0000791 seconds
[2019-12-08T10:24:20.099+0000][1][safepoint    ] Entering safepoint region: Cleanup
[2019-12-08T10:24:20.099+0000][1][safepoint    ] Leaving safepoint region
[2019-12-08T10:24:20.099+0000][1][safepoint    ] Total time for which application threads were stopped: 0.0000721 seconds, Stopping threads took: 0.0000176 seconds
[2019-12-08T10:24:21.099+0000][1][safepoint    ] Application time: 1.0000810 seconds
[2019-12-08T10:24:21.099+0000][1][safepoint    ] Entering safepoint region: Cleanup
[2019-12-08T10:24:21.099+0000][1][safepoint    ] Leaving safepoint region
[2019-12-08T10:24:21.099+0000][1][safepoint    ] Total time for which application threads were stopped: 0.0000702 seconds, Stopping threads took: 0.0000174 seconds
[2019-12-08T10:24:22.099+0000][1][safepoint    ] Application time: 1.0000809 seconds
[2019-12-08T10:24:22.099+0000][1][safepoint    ] Entering safepoint region: Cleanup
[2019-12-08T10:24:22.099+0000][1][safepoint    ] Leaving safepoint region
[2019-12-08T10:24:22.099+0000][1][safepoint    ] Total time for which application threads were stopped: 0.0000707 seconds, Stopping threads took: 0.0000171 seconds
[2019-12-08T10:24:23.099+0000][1][safepoint    ] Application time: 1.0000842 seconds
[2019-12-08T10:24:23.099+0000][1][safepoint    ] Entering safepoint region: Cleanup
[2019-12-08T10:24:23.099+0000][1][safepoint    ] Leaving safepoint region
[2019-12-08T10:24:23.099+0000][1][safepoint    ] Total time for which application threads were stopped: 0.0000811 seconds, Stopping threads took: 0.0000179 seconds
[2019-12-08T10:24:24.099+0000][1][safepoint    ] Application time: 1.0000953 seconds
[2019-12-08T10:24:24.099+0000][1][safepoint    ] Entering safepoint region: Cleanup
[2019-12-08T10:24:24.099+0000][1][safepoint    ] Leaving safepoint region
[2019-12-08T10:24:24.099+0000][1][safepoint    ] Total time for which application threads were stopped: 0.0001236 seconds, Stopping threads took: 0.0000578 seconds
[2019-12-08T10:24:25.100+0000][1][safepoint    ] Application time: 1.0000862 seconds
[2019-12-08T10:24:25.100+0000][1][safepoint    ] Entering safepoint region: Cleanup
[2019-12-08T10:24:25.100+0000][1][safepoint    ] Leaving safepoint region
[2019-12-08T10:24:25.100+0000][1][safepoint    ] Total time for which application threads were stopped: 0.0001232 seconds, Stopping threads took: 0.0000218 seconds
[2019-12-08T10:24:26.100+0000][1][safepoint    ] Application time: 1.0000815 seconds
[2019-12-08T10:24:26.100+0000][1][safepoint    ] Entering safepoint region: Cleanup
[2019-12-08T10:24:26.100+0000][1][safepoint    ] Leaving safepoint region
[2019-12-08T10:24:26.100+0000][1][safepoint    ] Total time for which application threads were stopped: 0.0000682 seconds, Stopping threads took: 0.0000168 seconds
[2019-12-08T10:24:27.100+0000][1][safepoint    ] Application time: 1.0000824 seconds
[2019-12-08T10:24:27.100+0000][1][safepoint    ] Entering safepoint region: Cleanup
[2019-12-08T10:24:27.100+0000][1][safepoint    ] Leaving safepoint region
[2019-12-08T10:24:27.100+0000][1][safepoint    ] Total time for which application threads were stopped: 0.0000771 seconds, Stopping threads took: 0.0000170 seconds
[2019-12-08T10:24:28.100+0000][1][safepoint    ] Application time: 1.0000842 seconds
[2019-12-08T10:24:28.100+0000][1][safepoint    ] Entering safepoint region: Cleanup
[2019-12-08T10:24:28.100+0000][1][safepoint    ] Leaving safepoint region
[2019-12-08T10:24:28.100+0000][1][safepoint    ] Total time for which application threads were stopped: 0.0000681 seconds, Stopping threads took: 0.0000165 seconds
[2019-12-08T10:24:29.100+0000][1][safepoint    ] Application time: 1.0000813 seconds
[2019-12-08T10:24:29.100+0000][1][safepoint    ] Entering safepoint region: Cleanup
[2019-12-08T10:24:29.100+0000][1][safepoint    ] Leaving safepoint region
[2019-12-08T10:24:29.100+0000][1][safepoint    ] Total time for which application threads were stopped: 0.0000758 seconds, Stopping threads took: 0.0000234 seconds
[2019-12-08T10:24:29.169+0000][1][safepoint    ] Application time: 0.0680767 seconds
[2019-12-08T10:24:29.169+0000][1][safepoint    ] Entering safepoint region: GenCollectForAllocation
[2019-12-08T10:24:29.169+0000][1][gc,start     ] GC(37) Pause Young (Allocation Failure)
[2019-12-08T10:24:29.169+0000][1][gc,task      ] GC(37) Using 4 workers of 4 for evacuation
[2019-12-08T10:24:29.170+0000][1][gc,age       ] GC(37) Desired survivor size 4456448 bytes, new threshold 6 (max threshold 6)
[2019-12-08T10:24:29.170+0000][1][gc,age       ] GC(37) Age table with threshold 6 (max threshold 6)
[2019-12-08T10:24:29.170+0000][1][gc,age       ] GC(37) - age   1:       7304 bytes,       7304 total
[2019-12-08T10:24:29.170+0000][1][gc,age       ] GC(37) - age   2:       1592 bytes,       8896 total
[2019-12-08T10:24:29.170+0000][1][gc,age       ] GC(37) - age   4:       1640 bytes,      10536 total
[2019-12-08T10:24:29.170+0000][1][gc,age       ] GC(37) - age   5:        968 bytes,      11504 total
[2019-12-08T10:24:29.170+0000][1][gc,age       ] GC(37) - age   6:       1728 bytes,      13232 total
[2019-12-08T10:24:29.170+0000][1][gc,heap      ] GC(37) ParNew: 69970K->17K(78656K)
[2019-12-08T10:24:29.170+0000][1][gc,heap      ] GC(37) CMS: 71037K->71039K(174784K)
[2019-12-08T10:24:29.170+0000][1][gc,metaspace ] GC(37) Metaspace: 69143K->69143K(1112064K)
[2019-12-08T10:24:29.170+0000][1][gc           ] GC(37) Pause Young (Allocation Failure) 137M->69M(247M) 0.951ms
[2019-12-08T10:24:29.170+0000][1][gc,cpu       ] GC(37) User=0.01s Sys=0.00s Real=0.00s
[2019-12-08T10:24:29.170+0000][1][safepoint    ] Leaving safepoint region
[2019-12-08T10:24:29.170+0000][1][safepoint    ] Total time for which application threads were stopped: 0.0010877 seconds, Stopping threads took: 0.0000163 seconds
[2019-12-08T10:24:30.170+0000][1][safepoint    ] Application time: 1.0000845 seconds
[2019-12-08T10:24:30.170+0000][1][safepoint    ] Entering safepoint region: Cleanup
[2019-12-08T10:24:30.170+0000][1][safepoint    ] Leaving safepoint region
[2019-12-08T10:24:30.170+0000][1][safepoint    ] Total time for which application threads were stopped: 0.0000727 seconds, Stopping threads took: 0.0000178 seconds
[2019-12-08T10:24:31.170+0000][1][safepoint    ] Application time: 1.0000748 seconds
[2019-12-08T10:24:31.170+0000][1][safepoint    ] Entering safepoint region: Cleanup
[2019-12-08T10:24:31.170+0000][1][safepoint    ] Leaving safepoint region
[2019-12-08T10:24:31.170+0000][1][safepoint    ] Total time for which application threads were stopped: 0.0000709 seconds, Stopping threads took: 0.0000150 seconds
[2019-12-08T10:24:32.170+0000][1][safepoint    ] Application time: 1.0000959 seconds
[2019-12-08T10:24:32.170+0000][1][safepoint    ] Entering safepoint region: Cleanup
[2019-12-08T10:24:32.170+0000][1][safepoint    ] Leaving safepoint region
[2019-12-08T10:24:32.170+0000][1][safepoint    ] Total time for which application threads were stopped: 0.0000787 seconds, Stopping threads took: 0.0000233 seconds
[2019-12-08T10:24:33.170+0000][1][safepoint    ] Application time: 1.0000763 seconds
[2019-12-08T10:24:33.170+0000][1][safepoint    ] Entering safepoint region: Cleanup
[2019-12-08T10:24:33.170+0000][1][safepoint    ] Leaving safepoint region
[2019-12-08T10:24:33.170+0000][1][safepoint    ] Total time for which application threads were stopped: 0.0000783 seconds, Stopping threads took: 0.0000234 seconds
[2019-12-08T10:24:34.171+0000][1][safepoint    ] Application time: 1.0000769 seconds
[2019-12-08T10:24:34.171+0000][1][safepoint    ] Entering safepoint region: Cleanup
[2019-12-08T10:24:34.171+0000][1][safepoint    ] Leaving safepoint region
[2019-12-08T10:24:34.171+0000][1][safepoint    ] Total time for which application threads were stopped: 0.0001101 seconds, Stopping threads took: 0.0000431 seconds
[2019-12-08T10:24:35.171+0000][1][safepoint    ] Application time: 1.0000913 seconds
[2019-12-08T10:24:35.171+0000][1][safepoint    ] Entering safepoint region: Cleanup
[2019-12-08T10:24:35.171+0000][1][safepoint    ] Leaving safepoint region
[2019-12-08T10:24:35.171+0000][1][safepoint    ] Total time for which application threads were stopped: 0.0000845 seconds, Stopping threads took: 0.0000165 seconds
[2019-12-08T10:24:36.171+0000][1][safepoint    ] Application time: 1.0000766 seconds
[2019-12-08T10:24:36.171+0000][1][safepoint    ] Entering safepoint region: Cleanup
[2019-12-08T10:24:36.171+0000][1][safepoint    ] Leaving safepoint region
[2019-12-08T10:24:36.171+0000][1][safepoint    ] Total time for which application threads were stopped: 0.0000722 seconds, Stopping threads took: 0.0000178 seconds
[2019-12-08T10:24:37.171+0000][1][safepoint    ] Application time: 1.0000813 seconds
[2019-12-08T10:24:37.171+0000][1][safepoint    ] Entering safepoint region: Cleanup
[2019-12-08T10:24:37.171+0000][1][safepoint    ] Leaving safepoint region
[2019-12-08T10:24:37.171+0000][1][safepoint    ] Total time for which application threads were stopped: 0.0000720 seconds, Stopping threads took: 0.0000188 seconds
[2019-12-08T10:24:38.171+0000][1][safepoint    ] Application time: 1.0000765 seconds
[2019-12-08T10:24:38.171+0000][1][safepoint    ] Entering safepoint region: Cleanup
[2019-12-08T10:24:38.171+0000][1][safepoint    ] Leaving safepoint region
[2019-12-08T10:24:38.171+0000][1][safepoint    ] Total time for which application threads were stopped: 0.0000735 seconds, Stopping threads took: 0.0000184 seconds
[2019-12-08T10:24:39.172+0000][1][safepoint    ] Application time: 1.0000786 seconds
[2019-12-08T10:24:39.172+0000][1][safepoint    ] Entering safepoint region: Cleanup
[2019-12-08T10:24:39.172+0000][1][safepoint    ] Leaving safepoint region
[2019-12-08T10:24:39.172+0000][1][safepoint    ] Total time for which application threads were stopped: 0.0000720 seconds, Stopping threads took: 0.0000187 seconds
[2019-12-08T10:24:40.172+0000][1][safepoint    ] Application time: 1.0000755 seconds
[2019-12-08T10:24:40.172+0000][1][safepoint    ] Entering safepoint region: Cleanup
[2019-12-08T10:24:40.172+0000][1][safepoint    ] Leaving safepoint region
[2019-12-08T10:24:40.172+0000][1][safepoint    ] Total time for which application threads were stopped: 0.0000706 seconds, Stopping threads took: 0.0000173 seconds
[2019-12-08T10:24:41.172+0000][1][safepoint    ] Application time: 1.0000764 seconds
[2019-12-08T10:24:41.172+0000][1][safepoint    ] Entering safepoint region: Cleanup
[2019-12-08T10:24:41.172+0000][1][safepoint    ] Leaving safepoint region
[2019-12-08T10:24:41.172+0000][1][safepoint    ] Total time for which application threads were stopped: 0.0000723 seconds, Stopping threads took: 0.0000178 seconds
[2019-12-08T10:24:42.172+0000][1][safepoint    ] Application time: 1.0000767 seconds
[2019-12-08T10:24:42.172+0000][1][safepoint    ] Entering safepoint region: Cleanup
[2019-12-08T10:24:42.172+0000][1][safepoint    ] Leaving safepoint region
[2019-12-08T10:24:42.172+0000][1][safepoint    ] Total time for which application threads were stopped: 0.0000691 seconds, Stopping threads took: 0.0000172 seconds
[2019-12-08T10:24:43.172+0000][1][safepoint    ] Application time: 1.0000800 seconds
[2019-12-08T10:24:43.172+0000][1][safepoint    ] Entering safepoint region: Cleanup
[2019-12-08T10:24:43.172+0000][1][safepoint    ] Leaving safepoint region
[2019-12-08T10:24:43.172+0000][1][safepoint    ] Total time for which application threads were stopped: 0.0000763 seconds, Stopping threads took: 0.0000201 seconds
[2019-12-08T10:24:44.172+0000][1][safepoint    ] Application time: 1.0000803 seconds
[2019-12-08T10:24:44.173+0000][1][safepoint    ] Entering safepoint region: Cleanup
[2019-12-08T10:24:44.173+0000][1][safepoint    ] Leaving safepoint region
[2019-12-08T10:24:44.173+0000][1][safepoint    ] Total time for which application threads were stopped: 0.0000686 seconds, Stopping threads took: 0.0000168 seconds
[2019-12-08T10:24:45.173+0000][1][safepoint    ] Application time: 1.0000756 seconds
[2019-12-08T10:24:45.173+0000][1][safepoint    ] Entering safepoint region: Cleanup
[2019-12-08T10:24:45.173+0000][1][safepoint    ] Leaving safepoint region
[2019-12-08T10:24:45.173+0000][1][safepoint    ] Total time for which application threads were stopped: 0.0000746 seconds, Stopping threads took: 0.0000176 seconds
[2019-12-08T10:24:46.173+0000][1][safepoint    ] Application time: 1.0000750 seconds
[2019-12-08T10:24:46.173+0000][1][safepoint    ] Entering safepoint region: Cleanup
[2019-12-08T10:24:46.173+0000][1][safepoint    ] Leaving safepoint region
[2019-12-08T10:24:46.173+0000][1][safepoint    ] Total time for which application threads were stopped: 0.0000694 seconds, Stopping threads took: 0.0000159 seconds
[2019-12-08T10:24:47.173+0000][1][safepoint    ] Application time: 1.0000801 seconds
[2019-12-08T10:24:47.173+0000][1][safepoint    ] Entering safepoint region: Cleanup
[2019-12-08T10:24:47.173+0000][1][safepoint    ] Leaving safepoint region
[2019-12-08T10:24:47.173+0000][1][safepoint    ] Total time for which application threads were stopped: 0.0000784 seconds, Stopping threads took: 0.0000219 seconds
[2019-12-08T10:24:48.173+0000][1][safepoint    ] Application time: 1.0000753 seconds
[2019-12-08T10:24:48.173+0000][1][safepoint    ] Entering safepoint region: Cleanup
[2019-12-08T10:24:48.173+0000][1][safepoint    ] Leaving safepoint region
[2019-12-08T10:24:48.173+0000][1][safepoint    ] Total time for which application threads were stopped: 0.0000772 seconds, Stopping threads took: 0.0000229 seconds
[2019-12-08T10:24:49.173+0000][1][safepoint    ] Application time: 1.0000792 seconds
[2019-12-08T10:24:49.173+0000][1][safepoint    ] Entering safepoint region: Cleanup
[2019-12-08T10:24:49.174+0000][1][safepoint    ] Leaving safepoint region
[2019-12-08T10:24:49.174+0000][1][safepoint    ] Total time for which application threads were stopped: 0.0000727 seconds, Stopping threads took: 0.0000173 seconds
[2019-12-08T10:24:50.174+0000][1][safepoint    ] Application time: 1.0000739 seconds
[2019-12-08T10:24:50.174+0000][1][safepoint    ] Entering safepoint region: Cleanup
[2019-12-08T10:24:50.174+0000][1][safepoint    ] Leaving safepoint region
[2019-12-08T10:24:50.174+0000][1][safepoint    ] Total time for which application threads were stopped: 0.0000831 seconds, Stopping threads took: 0.0000174 seconds
[2019-12-08T10:24:51.174+0000][1][safepoint    ] Application time: 1.0000775 seconds
[2019-12-08T10:24:51.174+0000][1][safepoint    ] Entering safepoint region: Cleanup
[2019-12-08T10:24:51.174+0000][1][safepoint    ] Leaving safepoint region
[2019-12-08T10:24:51.174+0000][1][safepoint    ] Total time for which application threads were stopped: 0.0000685 seconds, Stopping threads took: 0.0000157 seconds
[2019-12-08T10:24:52.174+0000][1][safepoint    ] Application time: 1.0000769 seconds
[2019-12-08T10:24:52.174+0000][1][safepoint    ] Entering safepoint region: Cleanup
[2019-12-08T10:24:52.174+0000][1][safepoint    ] Leaving safepoint region
[2019-12-08T10:24:52.174+0000][1][safepoint    ] Total time for which application threads were stopped: 0.0000717 seconds, Stopping threads took: 0.0000176 seconds
[2019-12-08T10:24:53.174+0000][1][safepoint    ] Application time: 1.0000750 seconds
[2019-12-08T10:24:53.174+0000][1][safepoint    ] Entering safepoint region: Cleanup
[2019-12-08T10:24:53.174+0000][1][safepoint    ] Leaving safepoint region
[2019-12-08T10:24:53.174+0000][1][safepoint    ] Total time for which application threads were stopped: 0.0000718 seconds, Stopping threads took: 0.0000175 seconds
[2019-12-08T10:24:54.174+0000][1][safepoint    ] Application time: 1.0000739 seconds
[2019-12-08T10:24:54.174+0000][1][safepoint    ] Entering safepoint region: Cleanup
[2019-12-08T10:24:54.174+0000][1][safepoint    ] Leaving safepoint region
[2019-12-08T10:24:54.174+0000][1][safepoint    ] Total time for which application threads were stopped: 0.0000722 seconds, Stopping threads took: 0.0000177 seconds
[2019-12-08T10:24:55.175+0000][1][safepoint    ] Application time: 1.0000752 seconds
[2019-12-08T10:24:55.175+0000][1][safepoint    ] Entering safepoint region: Cleanup
[2019-12-08T10:24:55.175+0000][1][safepoint    ] Leaving safepoint region
[2019-12-08T10:24:55.175+0000][1][safepoint    ] Total time for which application threads were stopped: 0.0000726 seconds, Stopping threads took: 0.0000188 seconds
[2019-12-08T10:24:56.175+0000][1][safepoint    ] Application time: 1.0000766 seconds
[2019-12-08T10:24:56.175+0000][1][safepoint    ] Entering safepoint region: Cleanup
[2019-12-08T10:24:56.175+0000][1][safepoint    ] Leaving safepoint region
[2019-12-08T10:24:56.175+0000][1][safepoint    ] Total time for which application threads were stopped: 0.0000715 seconds, Stopping threads took: 0.0000177 seconds
[2019-12-08T10:24:57.175+0000][1][safepoint    ] Application time: 1.0000798 seconds
[2019-12-08T10:24:57.175+0000][1][safepoint    ] Entering safepoint region: Cleanup
[2019-12-08T10:24:57.175+0000][1][safepoint    ] Leaving safepoint region
[2019-12-08T10:24:57.175+0000][1][safepoint    ] Total time for which application threads were stopped: 0.0000724 seconds, Stopping threads took: 0.0000187 seconds
[2019-12-08T10:24:58.175+0000][1][safepoint    ] Application time: 1.0000781 seconds
[2019-12-08T10:24:58.175+0000][1][safepoint    ] Entering safepoint region: Cleanup
[2019-12-08T10:24:58.175+0000][1][safepoint    ] Leaving safepoint region
[2019-12-08T10:24:58.175+0000][1][safepoint    ] Total time for which application threads were stopped: 0.0000711 seconds, Stopping threads took: 0.0000167 seconds
[2019-12-08T10:24:59.175+0000][1][safepoint    ] Application time: 1.0000773 seconds
[2019-12-08T10:24:59.175+0000][1][safepoint    ] Entering safepoint region: Cleanup
[2019-12-08T10:24:59.175+0000][1][safepoint    ] Leaving safepoint region
[2019-12-08T10:24:59.175+0000][1][safepoint    ] Total time for which application threads were stopped: 0.0000712 seconds, Stopping threads took: 0.0000171 seconds
[2019-12-08T10:25:00.176+0000][1][safepoint    ] Application time: 1.0000760 seconds
[2019-12-08T10:25:00.176+0000][1][safepoint    ] Entering safepoint region: Cleanup
[2019-12-08T10:25:00.176+0000][1][safepoint    ] Leaving safepoint region
[2019-12-08T10:25:00.176+0000][1][safepoint    ] Total time for which application threads were stopped: 0.0000704 seconds, Stopping threads took: 0.0000159 seconds
[2019-12-08T10:25:01.176+0000][1][safepoint    ] Application time: 1.0000989 seconds
[2019-12-08T10:25:01.176+0000][1][safepoint    ] Entering safepoint region: Cleanup
[2019-12-08T10:25:01.176+0000][1][safepoint    ] Leaving safepoint region
[2019-12-08T10:25:01.176+0000][1][safepoint    ] Total time for which application threads were stopped: 0.0000769 seconds, Stopping threads took: 0.0000204 seconds
[2019-12-08T10:25:02.176+0000][1][safepoint    ] Application time: 1.0000528 seconds
[2019-12-08T10:25:02.176+0000][1][safepoint    ] Entering safepoint region: Cleanup
[2019-12-08T10:25:02.176+0000][1][safepoint    ] Leaving safepoint region
[2019-12-08T10:25:02.176+0000][1][safepoint    ] Total time for which application threads were stopped: 0.0000785 seconds, Stopping threads took: 0.0000183 seconds
[2019-12-08T10:25:03.176+0000][1][safepoint    ] Application time: 1.0000853 seconds
[2019-12-08T10:25:03.176+0000][1][safepoint    ] Entering safepoint region: Cleanup
[2019-12-08T10:25:03.176+0000][1][safepoint    ] Leaving safepoint region
[2019-12-08T10:25:03.176+0000][1][safepoint    ] Total time for which application threads were stopped: 0.0000770 seconds, Stopping threads took: 0.0000198 seconds
[2019-12-08T10:25:04.176+0000][1][safepoint    ] Application time: 1.0000840 seconds
[2019-12-08T10:25:04.176+0000][1][safepoint    ] Entering safepoint region: Cleanup
[2019-12-08T10:25:04.176+0000][1][safepoint    ] Leaving safepoint region
[2019-12-08T10:25:04.176+0000][1][safepoint    ] Total time for which application threads were stopped: 0.0000787 seconds, Stopping threads took: 0.0000197 seconds
[2019-12-08T10:25:05.176+0000][1][safepoint    ] Application time: 1.0000779 seconds
[2019-12-08T10:25:05.177+0000][1][safepoint    ] Entering safepoint region: Cleanup
[2019-12-08T10:25:05.177+0000][1][safepoint    ] Leaving safepoint region
[2019-12-08T10:25:05.177+0000][1][safepoint    ] Total time for which application threads were stopped: 0.0000729 seconds, Stopping threads took: 0.0000173 seconds
[2019-12-08T10:25:06.177+0000][1][safepoint    ] Application time: 1.0000853 seconds
[2019-12-08T10:25:06.177+0000][1][safepoint    ] Entering safepoint region: Cleanup
[2019-12-08T10:25:06.177+0000][1][safepoint    ] Leaving safepoint region
[2019-12-08T10:25:06.177+0000][1][safepoint    ] Total time for which application threads were stopped: 0.0000746 seconds, Stopping threads took: 0.0000184 seconds
[2019-12-08T10:25:07.177+0000][1][safepoint    ] Application time: 1.0000762 seconds
[2019-12-08T10:25:07.177+0000][1][safepoint    ] Entering safepoint region: Cleanup
[2019-12-08T10:25:07.177+0000][1][safepoint    ] Leaving safepoint region
[2019-12-08T10:25:07.177+0000][1][safepoint    ] Total time for which application threads were stopped: 0.0000723 seconds, Stopping threads took: 0.0000176 seconds
[2019-12-08T10:25:08.177+0000][1][safepoint    ] Application time: 1.0000756 seconds
[2019-12-08T10:25:08.177+0000][1][safepoint    ] Entering safepoint region: Cleanup
[2019-12-08T10:25:08.177+0000][1][safepoint    ] Leaving safepoint region
[2019-12-08T10:25:08.177+0000][1][safepoint    ] Total time for which application threads were stopped: 0.0000725 seconds, Stopping threads took: 0.0000168 seconds
[2019-12-08T10:25:09.177+0000][1][safepoint    ] Application time: 1.0001438 seconds
[2019-12-08T10:25:09.178+0000][1][safepoint    ] Entering safepoint region: Cleanup
[2019-12-08T10:25:09.178+0000][1][safepoint    ] Leaving safepoint region
[2019-12-08T10:25:09.178+0000][1][safepoint    ] Total time for which application threads were stopped: 0.0005288 seconds, Stopping threads took: 0.0001192 seconds
[2019-12-08T10:25:10.178+0000][1][safepoint    ] Application time: 1.0001077 seconds
[2019-12-08T10:25:10.178+0000][1][safepoint    ] Entering safepoint region: Cleanup
[2019-12-08T10:25:10.178+0000][1][safepoint    ] Leaving safepoint region
[2019-12-08T10:25:10.178+0000][1][safepoint    ] Total time for which application threads were stopped: 0.0000724 seconds, Stopping threads took: 0.0000169 seconds
[2019-12-08T10:25:11.178+0000][1][safepoint    ] Application time: 1.0000744 seconds
[2019-12-08T10:25:11.178+0000][1][safepoint    ] Entering safepoint region: Cleanup
[2019-12-08T10:25:11.178+0000][1][safepoint    ] Leaving safepoint region
[2019-12-08T10:25:11.179+0000][1][safepoint    ] Total time for which application threads were stopped: 0.0000747 seconds, Stopping threads took: 0.0000178 seconds
[2019-12-08T10:25:12.179+0000][1][safepoint    ] Application time: 1.0000755 seconds
[2019-12-08T10:25:12.179+0000][1][safepoint    ] Entering safepoint region: Cleanup
[2019-12-08T10:25:12.179+0000][1][safepoint    ] Leaving safepoint region
[2019-12-08T10:25:12.179+0000][1][safepoint    ] Total time for which application threads were stopped: 0.0000803 seconds, Stopping threads took: 0.0000171 seconds
[2019-12-08T10:25:14.133+0000][1][safepoint    ] Application time: 1.9540885 seconds
[2019-12-08T10:25:14.133+0000][1][safepoint    ] Entering safepoint region: Cleanup
[2019-12-08T10:25:14.133+0000][1][safepoint    ] Leaving safepoint region
[2019-12-08T10:25:14.133+0000][1][safepoint    ] Total time for which application threads were stopped: 0.0000790 seconds, Stopping threads took: 0.0000181 seconds
[2019-12-08T10:25:15.133+0000][1][safepoint    ] Application time: 1.0000806 seconds
[2019-12-08T10:25:15.133+0000][1][safepoint    ] Entering safepoint region: Cleanup
[2019-12-08T10:25:15.133+0000][1][safepoint    ] Leaving safepoint region
[2019-12-08T10:25:15.133+0000][1][safepoint    ] Total time for which application threads were stopped: 0.0000720 seconds, Stopping threads took: 0.0000168 seconds
[2019-12-08T10:25:16.133+0000][1][safepoint    ] Application time: 1.0000804 seconds
[2019-12-08T10:25:16.133+0000][1][safepoint    ] Entering safepoint region: Cleanup
[2019-12-08T10:25:16.133+0000][1][safepoint    ] Leaving safepoint region
[2019-12-08T10:25:16.133+0000][1][safepoint    ] Total time for which application threads were stopped: 0.0000719 seconds, Stopping threads took: 0.0000158 seconds
[2019-12-08T10:25:17.133+0000][1][safepoint    ] Application time: 1.0000775 seconds
[2019-12-08T10:25:17.133+0000][1][safepoint    ] Entering safepoint region: Cleanup
[2019-12-08T10:25:17.133+0000][1][safepoint    ] Leaving safepoint region
[2019-12-08T10:25:17.133+0000][1][safepoint    ] Total time for which application threads were stopped: 0.0000708 seconds, Stopping threads took: 0.0000174 seconds
[2019-12-08T10:25:18.134+0000][1][safepoint    ] Application time: 1.0000803 seconds
[2019-12-08T10:25:18.134+0000][1][safepoint    ] Entering safepoint region: Cleanup
[2019-12-08T10:25:18.134+0000][1][safepoint    ] Leaving safepoint region
[2019-12-08T10:25:18.134+0000][1][safepoint    ] Total time for which application threads were stopped: 0.0000930 seconds, Stopping threads took: 0.0000250 seconds
[2019-12-08T10:25:19.134+0000][1][safepoint    ] Application time: 1.0000799 seconds
[2019-12-08T10:25:19.134+0000][1][safepoint    ] Entering safepoint region: Cleanup
[2019-12-08T10:25:19.134+0000][1][safepoint    ] Leaving safepoint region
[2019-12-08T10:25:19.134+0000][1][safepoint    ] Total time for which application threads were stopped: 0.0000752 seconds, Stopping threads took: 0.0000177 seconds
[2019-12-08T10:25:20.134+0000][1][safepoint    ] Application time: 1.0001050 seconds
[2019-12-08T10:25:20.134+0000][1][safepoint    ] Entering safepoint region: Cleanup
[2019-12-08T10:25:20.134+0000][1][safepoint    ] Leaving safepoint region
[2019-12-08T10:25:20.134+0000][1][safepoint    ] Total time for which application threads were stopped: 0.0001086 seconds, Stopping threads took: 0.0000503 seconds
[2019-12-08T10:25:21.134+0000][1][safepoint    ] Application time: 1.0000858 seconds
[2019-12-08T10:25:21.134+0000][1][safepoint    ] Entering safepoint region: Cleanup
[2019-12-08T10:25:21.134+0000][1][safepoint    ] Leaving safepoint region
[2019-12-08T10:25:21.134+0000][1][safepoint    ] Total time for which application threads were stopped: 0.0000754 seconds, Stopping threads took: 0.0000180 seconds
[2019-12-08T10:25:22.134+0000][1][safepoint    ] Application time: 1.0000762 seconds
[2019-12-08T10:25:22.134+0000][1][safepoint    ] Entering safepoint region: Cleanup
[2019-12-08T10:25:22.135+0000][1][safepoint    ] Leaving safepoint region
[2019-12-08T10:25:22.135+0000][1][safepoint    ] Total time for which application threads were stopped: 0.0000738 seconds, Stopping threads took: 0.0000176 seconds
[2019-12-08T10:25:23.135+0000][1][safepoint    ] Application time: 1.0000813 seconds
[2019-12-08T10:25:23.135+0000][1][safepoint    ] Entering safepoint region: Cleanup
[2019-12-08T10:25:23.135+0000][1][safepoint    ] Leaving safepoint region
[2019-12-08T10:25:23.135+0000][1][safepoint    ] Total time for which application threads were stopped: 0.0000974 seconds, Stopping threads took: 0.0000251 seconds
[2019-12-08T10:25:24.135+0000][1][safepoint    ] Application time: 1.0000808 seconds
[2019-12-08T10:25:24.135+0000][1][safepoint    ] Entering safepoint region: Cleanup
[2019-12-08T10:25:24.135+0000][1][safepoint    ] Leaving safepoint region
[2019-12-08T10:25:24.135+0000][1][safepoint    ] Total time for which application threads were stopped: 0.0000731 seconds, Stopping threads took: 0.0000172 seconds
[2019-12-08T10:25:25.135+0000][1][safepoint    ] Application time: 1.0000771 seconds
[2019-12-08T10:25:25.135+0000][1][safepoint    ] Entering safepoint region: Cleanup
[2019-12-08T10:25:25.135+0000][1][safepoint    ] Leaving safepoint region
[2019-12-08T10:25:25.135+0000][1][safepoint    ] Total time for which application threads were stopped: 0.0000743 seconds, Stopping threads took: 0.0000194 seconds
[2019-12-08T10:25:26.135+0000][1][safepoint    ] Application time: 1.0000770 seconds
[2019-12-08T10:25:26.135+0000][1][safepoint    ] Entering safepoint region: Cleanup
[2019-12-08T10:25:26.135+0000][1][safepoint    ] Leaving safepoint region
[2019-12-08T10:25:26.135+0000][1][safepoint    ] Total time for which application threads were stopped: 0.0000754 seconds, Stopping threads took: 0.0000200 seconds
[2019-12-08T10:25:27.135+0000][1][safepoint    ] Application time: 1.0000801 seconds
[2019-12-08T10:25:27.136+0000][1][safepoint    ] Entering safepoint region: Cleanup
[2019-12-08T10:25:27.136+0000][1][safepoint    ] Leaving safepoint region
[2019-12-08T10:25:27.136+0000][1][safepoint    ] Total time for which application threads were stopped: 0.0000726 seconds, Stopping threads took: 0.0000167 seconds
[2019-12-08T10:25:28.136+0000][1][safepoint    ] Application time: 1.0000768 seconds
[2019-12-08T10:25:28.136+0000][1][safepoint    ] Entering safepoint region: Cleanup
[2019-12-08T10:25:28.136+0000][1][safepoint    ] Leaving safepoint region
[2019-12-08T10:25:28.136+0000][1][safepoint    ] Total time for which application threads were stopped: 0.0000741 seconds, Stopping threads took: 0.0000181 seconds
[2019-12-08T10:25:29.136+0000][1][safepoint    ] Application time: 1.0000788 seconds
[2019-12-08T10:25:29.136+0000][1][safepoint    ] Entering safepoint region: Cleanup
[2019-12-08T10:25:29.136+0000][1][safepoint    ] Leaving safepoint region
[2019-12-08T10:25:29.136+0000][1][safepoint    ] Total time for which application threads were stopped: 0.0000719 seconds, Stopping threads took: 0.0000179 seconds
[2019-12-08T10:25:30.136+0000][1][safepoint    ] Application time: 1.0000769 seconds
[2019-12-08T10:25:30.136+0000][1][safepoint    ] Entering safepoint region: Cleanup
[2019-12-08T10:25:30.136+0000][1][safepoint    ] Leaving safepoint region
[2019-12-08T10:25:30.136+0000][1][safepoint    ] Total time for which application threads were stopped: 0.0000712 seconds, Stopping threads took: 0.0000164 seconds
[2019-12-08T10:25:31.136+0000][1][safepoint    ] Application time: 1.0000758 seconds
[2019-12-08T10:25:31.136+0000][1][safepoint    ] Entering safepoint region: Cleanup
[2019-12-08T10:25:31.136+0000][1][safepoint    ] Leaving safepoint region
[2019-12-08T10:25:31.136+0000][1][safepoint    ] Total time for which application threads were stopped: 0.0000749 seconds, Stopping threads took: 0.0000177 seconds
[2019-12-08T10:25:32.136+0000][1][safepoint    ] Application time: 1.0000777 seconds
[2019-12-08T10:25:32.136+0000][1][safepoint    ] Entering safepoint region: Cleanup
[2019-12-08T10:25:32.137+0000][1][safepoint    ] Leaving safepoint region
[2019-12-08T10:25:32.137+0000][1][safepoint    ] Total time for which application threads were stopped: 0.0000712 seconds, Stopping threads took: 0.0000169 seconds
[2019-12-08T10:25:33.149+0000][1][safepoint    ] Application time: 1.0127004 seconds
[2019-12-08T10:25:33.149+0000][1][safepoint    ] Entering safepoint region: Cleanup
[2019-12-08T10:25:33.149+0000][1][safepoint    ] Leaving safepoint region
[2019-12-08T10:25:33.149+0000][1][safepoint    ] Total time for which application threads were stopped: 0.0000754 seconds, Stopping threads took: 0.0000216 seconds
[2019-12-08T10:25:34.149+0000][1][safepoint    ] Application time: 1.0000753 seconds
[2019-12-08T10:25:34.150+0000][1][safepoint    ] Entering safepoint region: Cleanup
[2019-12-08T10:25:34.150+0000][1][safepoint    ] Leaving safepoint region
[2019-12-08T10:25:34.150+0000][1][safepoint    ] Total time for which application threads were stopped: 0.0000712 seconds, Stopping threads took: 0.0000176 seconds
[2019-12-08T10:25:35.150+0000][1][safepoint    ] Application time: 1.0000779 seconds
[2019-12-08T10:25:35.150+0000][1][safepoint    ] Entering safepoint region: Cleanup
[2019-12-08T10:25:35.150+0000][1][safepoint    ] Leaving safepoint region
[2019-12-08T10:25:35.150+0000][1][safepoint    ] Total time for which application threads were stopped: 0.0000702 seconds, Stopping threads took: 0.0000171 seconds
[2019-12-08T10:25:36.150+0000][1][safepoint    ] Application time: 1.0000761 seconds
[2019-12-08T10:25:36.150+0000][1][safepoint    ] Entering safepoint region: Cleanup
[2019-12-08T10:25:36.150+0000][1][safepoint    ] Leaving safepoint region
[2019-12-08T10:25:36.150+0000][1][safepoint    ] Total time for which application threads were stopped: 0.0000798 seconds, Stopping threads took: 0.0000242 seconds
[2019-12-08T10:25:37.150+0000][1][safepoint    ] Application time: 1.0000791 seconds
[2019-12-08T10:25:37.150+0000][1][safepoint    ] Entering safepoint region: Cleanup
[2019-12-08T10:25:37.150+0000][1][safepoint    ] Leaving safepoint region
[2019-12-08T10:25:37.150+0000][1][safepoint    ] Total time for which application threads were stopped: 0.0000895 seconds, Stopping threads took: 0.0000177 seconds
[2019-12-08T10:25:38.150+0000][1][safepoint    ] Application time: 1.0000785 seconds
[2019-12-08T10:25:38.150+0000][1][safepoint    ] Entering safepoint region: Cleanup
[2019-12-08T10:25:38.150+0000][1][safepoint    ] Leaving safepoint region
[2019-12-08T10:25:38.150+0000][1][safepoint    ] Total time for which application threads were stopped: 0.0000725 seconds, Stopping threads took: 0.0000168 seconds
[2019-12-08T10:25:39.150+0000][1][safepoint    ] Application time: 1.0000777 seconds
[2019-12-08T10:25:39.150+0000][1][safepoint    ] Entering safepoint region: Cleanup
[2019-12-08T10:25:39.151+0000][1][safepoint    ] Leaving safepoint region
[2019-12-08T10:25:39.151+0000][1][safepoint    ] Total time for which application threads were stopped: 0.0000714 seconds, Stopping threads took: 0.0000162 seconds
[2019-12-08T10:25:40.151+0000][1][safepoint    ] Application time: 1.0000775 seconds
[2019-12-08T10:25:40.151+0000][1][safepoint    ] Entering safepoint region: Cleanup
[2019-12-08T10:25:40.151+0000][1][safepoint    ] Leaving safepoint region
[2019-12-08T10:25:40.151+0000][1][safepoint    ] Total time for which application threads were stopped: 0.0000835 seconds, Stopping threads took: 0.0000275 seconds
[2019-12-08T10:25:41.151+0000][1][safepoint    ] Application time: 1.0000746 seconds
[2019-12-08T10:25:41.151+0000][1][safepoint    ] Entering safepoint region: Cleanup
[2019-12-08T10:25:41.151+0000][1][safepoint    ] Leaving safepoint region
[2019-12-08T10:25:41.151+0000][1][safepoint    ] Total time for which application threads were stopped: 0.0000689 seconds, Stopping threads took: 0.0000157 seconds
[2019-12-08T10:25:42.151+0000][1][safepoint    ] Application time: 1.0000780 seconds
[2019-12-08T10:25:42.151+0000][1][safepoint    ] Entering safepoint region: Cleanup
[2019-12-08T10:25:42.151+0000][1][safepoint    ] Leaving safepoint region
[2019-12-08T10:25:42.151+0000][1][safepoint    ] Total time for which application threads were stopped: 0.0000716 seconds, Stopping threads took: 0.0000170 seconds
[2019-12-08T10:25:43.151+0000][1][safepoint    ] Application time: 1.0000782 seconds
[2019-12-08T10:25:43.151+0000][1][safepoint    ] Entering safepoint region: Cleanup
[2019-12-08T10:25:43.151+0000][1][safepoint    ] Leaving safepoint region
[2019-12-08T10:25:43.151+0000][1][safepoint    ] Total time for which application threads were stopped: 0.0000838 seconds, Stopping threads took: 0.0000174 seconds
[2019-12-08T10:25:44.151+0000][1][safepoint    ] Application time: 1.0000780 seconds
[2019-12-08T10:25:44.151+0000][1][safepoint    ] Entering safepoint region: Cleanup
[2019-12-08T10:25:44.152+0000][1][safepoint    ] Leaving safepoint region
[2019-12-08T10:25:44.152+0000][1][safepoint    ] Total time for which application threads were stopped: 0.0000703 seconds, Stopping threads took: 0.0000172 seconds
[2019-12-08T10:25:45.152+0000][1][safepoint    ] Application time: 1.0000848 seconds
[2019-12-08T10:25:45.152+0000][1][safepoint    ] Entering safepoint region: Cleanup
[2019-12-08T10:25:45.152+0000][1][safepoint    ] Leaving safepoint region
[2019-12-08T10:25:45.152+0000][1][safepoint    ] Total time for which application threads were stopped: 0.0000886 seconds, Stopping threads took: 0.0000174 seconds
[2019-12-08T10:25:46.152+0000][1][safepoint    ] Application time: 1.0000768 seconds
[2019-12-08T10:25:46.152+0000][1][safepoint    ] Entering safepoint region: Cleanup
[2019-12-08T10:25:46.152+0000][1][safepoint    ] Leaving safepoint region
[2019-12-08T10:25:46.152+0000][1][safepoint    ] Total time for which application threads were stopped: 0.0000815 seconds, Stopping threads took: 0.0000276 seconds
[2019-12-08T10:25:47.152+0000][1][safepoint    ] Application time: 1.0000814 seconds
[2019-12-08T10:25:47.152+0000][1][safepoint    ] Entering safepoint region: Cleanup
[2019-12-08T10:25:47.152+0000][1][safepoint    ] Leaving safepoint region
[2019-12-08T10:25:47.152+0000][1][safepoint    ] Total time for which application threads were stopped: 0.0000703 seconds, Stopping threads took: 0.0000165 seconds
[2019-12-08T10:25:48.152+0000][1][safepoint    ] Application time: 1.0000796 seconds
[2019-12-08T10:25:48.152+0000][1][safepoint    ] Entering safepoint region: Cleanup
[2019-12-08T10:25:48.152+0000][1][safepoint    ] Leaving safepoint region
[2019-12-08T10:25:48.152+0000][1][safepoint    ] Total time for which application threads were stopped: 0.0000779 seconds, Stopping threads took: 0.0000237 seconds
[2019-12-08T10:25:49.152+0000][1][safepoint    ] Application time: 1.0000793 seconds
[2019-12-08T10:25:49.152+0000][1][safepoint    ] Entering safepoint region: Cleanup
[2019-12-08T10:25:49.153+0000][1][safepoint    ] Leaving safepoint region
[2019-12-08T10:25:49.153+0000][1][safepoint    ] Total time for which application threads were stopped: 0.0000699 seconds, Stopping threads took: 0.0000166 seconds
[2019-12-08T10:25:50.153+0000][1][safepoint    ] Application time: 1.0000791 seconds
[2019-12-08T10:25:50.153+0000][1][safepoint    ] Entering safepoint region: Cleanup
[2019-12-08T10:25:50.153+0000][1][safepoint    ] Leaving safepoint region
[2019-12-08T10:25:50.153+0000][1][safepoint    ] Total time for which application threads were stopped: 0.0000774 seconds, Stopping threads took: 0.0000155 seconds
[2019-12-08T10:25:51.153+0000][1][safepoint    ] Application time: 1.0000757 seconds
[2019-12-08T10:25:51.153+0000][1][safepoint    ] Entering safepoint region: Cleanup
[2019-12-08T10:25:51.153+0000][1][safepoint    ] Leaving safepoint region
[2019-12-08T10:25:51.153+0000][1][safepoint    ] Total time for which application threads were stopped: 0.0000703 seconds, Stopping threads took: 0.0000158 seconds
[2019-12-08T10:25:52.153+0000][1][safepoint    ] Application time: 1.0000774 seconds
[2019-12-08T10:25:52.153+0000][1][safepoint    ] Entering safepoint region: Cleanup
[2019-12-08T10:25:52.153+0000][1][safepoint    ] Leaving safepoint region
[2019-12-08T10:25:52.153+0000][1][safepoint    ] Total time for which application threads were stopped: 0.0000703 seconds, Stopping threads took: 0.0000161 seconds
[2019-12-08T10:25:53.153+0000][1][safepoint    ] Application time: 1.0000774 seconds
[2019-12-08T10:25:53.153+0000][1][safepoint    ] Entering safepoint region: Cleanup
[2019-12-08T10:25:53.153+0000][1][safepoint    ] Leaving safepoint region
[2019-12-08T10:25:53.153+0000][1][safepoint    ] Total time for which application threads were stopped: 0.0000693 seconds, Stopping threads took: 0.0000159 seconds
[2019-12-08T10:25:54.153+0000][1][safepoint    ] Application time: 1.0000809 seconds
[2019-12-08T10:25:54.153+0000][1][safepoint    ] Entering safepoint region: Cleanup
[2019-12-08T10:25:54.153+0000][1][safepoint    ] Leaving safepoint region
[2019-12-08T10:25:54.153+0000][1][safepoint    ] Total time for which application threads were stopped: 0.0000717 seconds, Stopping threads took: 0.0000171 seconds
[2019-12-08T10:25:55.154+0000][1][safepoint    ] Application time: 1.0000775 seconds
[2019-12-08T10:25:55.154+0000][1][safepoint    ] Entering safepoint region: Cleanup
[2019-12-08T10:25:55.154+0000][1][safepoint    ] Leaving safepoint region
[2019-12-08T10:25:55.154+0000][1][safepoint    ] Total time for which application threads were stopped: 0.0000690 seconds, Stopping threads took: 0.0000161 seconds
[2019-12-08T10:25:56.154+0000][1][safepoint    ] Application time: 1.0000777 seconds
[2019-12-08T10:25:56.154+0000][1][safepoint    ] Entering safepoint region: Cleanup
[2019-12-08T10:25:56.154+0000][1][safepoint    ] Leaving safepoint region
[2019-12-08T10:25:56.154+0000][1][safepoint    ] Total time for which application threads were stopped: 0.0000806 seconds, Stopping threads took: 0.0000264 seconds
[2019-12-08T10:25:57.154+0000][1][safepoint    ] Application time: 1.0000824 seconds
[2019-12-08T10:25:57.154+0000][1][safepoint    ] Entering safepoint region: Cleanup
[2019-12-08T10:25:57.154+0000][1][safepoint    ] Leaving safepoint region
[2019-12-08T10:25:57.154+0000][1][safepoint    ] Total time for which application threads were stopped: 0.0000699 seconds, Stopping threads took: 0.0000161 seconds
[2019-12-08T10:25:58.154+0000][1][safepoint    ] Application time: 1.0001473 seconds
[2019-12-08T10:25:58.154+0000][1][safepoint    ] Entering safepoint region: Cleanup
[2019-12-08T10:25:58.154+0000][1][safepoint    ] Leaving safepoint region
[2019-12-08T10:25:58.154+0000][1][safepoint    ] Total time for which application threads were stopped: 0.0001163 seconds, Stopping threads took: 0.0000458 seconds
[2019-12-08T10:25:59.154+0000][1][safepoint    ] Application time: 1.0000919 seconds
[2019-12-08T10:25:59.154+0000][1][safepoint    ] Entering safepoint region: Cleanup
[2019-12-08T10:25:59.155+0000][1][safepoint    ] Leaving safepoint region
[2019-12-08T10:25:59.155+0000][1][safepoint    ] Total time for which application threads were stopped: 0.0000998 seconds, Stopping threads took: 0.0000243 seconds
[2019-12-08T10:26:00.155+0000][1][safepoint    ] Application time: 1.0000846 seconds
[2019-12-08T10:26:00.155+0000][1][safepoint    ] Entering safepoint region: Cleanup
[2019-12-08T10:26:00.155+0000][1][safepoint    ] Leaving safepoint region
[2019-12-08T10:26:00.155+0000][1][safepoint    ] Total time for which application threads were stopped: 0.0000840 seconds, Stopping threads took: 0.0000232 seconds
[2019-12-08T10:26:01.155+0000][1][safepoint    ] Application time: 1.0000753 seconds
[2019-12-08T10:26:01.155+0000][1][safepoint    ] Entering safepoint region: Cleanup
[2019-12-08T10:26:01.155+0000][1][safepoint    ] Leaving safepoint region
[2019-12-08T10:26:01.155+0000][1][safepoint    ] Total time for which application threads were stopped: 0.0000697 seconds, Stopping threads took: 0.0000180 seconds
[2019-12-08T10:26:02.155+0000][1][safepoint    ] Application time: 1.0000796 seconds
[2019-12-08T10:26:02.155+0000][1][safepoint    ] Entering safepoint region: Cleanup
[2019-12-08T10:26:02.155+0000][1][safepoint    ] Leaving safepoint region
[2019-12-08T10:26:02.155+0000][1][safepoint    ] Total time for which application threads were stopped: 0.0000753 seconds, Stopping threads took: 0.0000180 seconds
[2019-12-08T10:26:03.155+0000][1][safepoint    ] Application time: 1.0000779 seconds
[2019-12-08T10:26:03.155+0000][1][safepoint    ] Entering safepoint region: Cleanup
[2019-12-08T10:26:03.155+0000][1][safepoint    ] Leaving safepoint region
[2019-12-08T10:26:03.155+0000][1][safepoint    ] Total time for which application threads were stopped: 0.0000685 seconds, Stopping threads took: 0.0000163 seconds
[2019-12-08T10:26:04.155+0000][1][safepoint    ] Application time: 1.0000773 seconds
[2019-12-08T10:26:04.155+0000][1][safepoint    ] Entering safepoint region: Cleanup
[2019-12-08T10:26:04.156+0000][1][safepoint    ] Leaving safepoint region
[2019-12-08T10:26:04.156+0000][1][safepoint    ] Total time for which application threads were stopped: 0.0000704 seconds, Stopping threads took: 0.0000171 seconds
[2019-12-08T10:26:05.156+0000][1][safepoint    ] Application time: 1.0000784 seconds
[2019-12-08T10:26:05.156+0000][1][safepoint    ] Entering safepoint region: Cleanup
[2019-12-08T10:26:05.156+0000][1][safepoint    ] Leaving safepoint region
[2019-12-08T10:26:05.156+0000][1][safepoint    ] Total time for which application threads were stopped: 0.0000837 seconds, Stopping threads took: 0.0000174 seconds
[2019-12-08T10:26:06.156+0000][1][safepoint    ] Application time: 1.0000761 seconds
[2019-12-08T10:26:06.156+0000][1][safepoint    ] Entering safepoint region: Cleanup
[2019-12-08T10:26:06.156+0000][1][safepoint    ] Leaving safepoint region
[2019-12-08T10:26:06.156+0000][1][safepoint    ] Total time for which application threads were stopped: 0.0000790 seconds, Stopping threads took: 0.0000177 seconds
[2019-12-08T10:26:07.156+0000][1][safepoint    ] Application time: 1.0000840 seconds
[2019-12-08T10:26:07.156+0000][1][safepoint    ] Entering safepoint region: Cleanup
[2019-12-08T10:26:07.156+0000][1][safepoint    ] Leaving safepoint region
[2019-12-08T10:26:07.156+0000][1][safepoint    ] Total time for which application threads were stopped: 0.0000742 seconds, Stopping threads took: 0.0000192 seconds
[2019-12-08T10:26:08.156+0000][1][safepoint    ] Application time: 1.0000789 seconds
[2019-12-08T10:26:08.156+0000][1][safepoint    ] Entering safepoint region: Cleanup
[2019-12-08T10:26:08.156+0000][1][safepoint    ] Leaving safepoint region
[2019-12-08T10:26:08.156+0000][1][safepoint    ] Total time for which application threads were stopped: 0.0000743 seconds, Stopping threads took: 0.0000186 seconds
[2019-12-08T10:26:09.156+0000][1][safepoint    ] Application time: 1.0000759 seconds
[2019-12-08T10:26:09.156+0000][1][safepoint    ] Entering safepoint region: Cleanup
[2019-12-08T10:26:09.156+0000][1][safepoint    ] Leaving safepoint region
[2019-12-08T10:26:09.156+0000][1][safepoint    ] Total time for which application threads were stopped: 0.0000756 seconds, Stopping threads took: 0.0000175 seconds
[2019-12-08T10:26:10.157+0000][1][safepoint    ] Application time: 1.0000760 seconds
[2019-12-08T10:26:10.157+0000][1][safepoint    ] Entering safepoint region: Cleanup
[2019-12-08T10:26:10.157+0000][1][safepoint    ] Leaving safepoint region
[2019-12-08T10:26:10.157+0000][1][safepoint    ] Total time for which application threads were stopped: 0.0000688 seconds, Stopping threads took: 0.0000165 seconds
[2019-12-08T10:26:11.157+0000][1][safepoint    ] Application time: 1.0000423 seconds
[2019-12-08T10:26:11.157+0000][1][safepoint    ] Entering safepoint region: Cleanup
[2019-12-08T10:26:11.157+0000][1][safepoint    ] Leaving safepoint region
[2019-12-08T10:26:11.157+0000][1][safepoint    ] Total time for which application threads were stopped: 0.0000862 seconds, Stopping threads took: 0.0000199 seconds
[2019-12-08T10:26:12.157+0000][1][safepoint    ] Application time: 1.0000768 seconds
[2019-12-08T10:26:12.157+0000][1][safepoint    ] Entering safepoint region: Cleanup
[2019-12-08T10:26:12.157+0000][1][safepoint    ] Leaving safepoint region
[2019-12-08T10:26:12.157+0000][1][safepoint    ] Total time for which application threads were stopped: 0.0000686 seconds, Stopping threads took: 0.0000169 seconds
[2019-12-08T10:26:13.157+0000][1][safepoint    ] Application time: 1.0000491 seconds
[2019-12-08T10:26:13.157+0000][1][safepoint    ] Entering safepoint region: Cleanup
[2019-12-08T10:26:13.157+0000][1][safepoint    ] Leaving safepoint region
[2019-12-08T10:26:13.157+0000][1][safepoint    ] Total time for which application threads were stopped: 0.0000703 seconds, Stopping threads took: 0.0000178 seconds
[2019-12-08T10:26:14.157+0000][1][safepoint    ] Application time: 1.0000775 seconds
[2019-12-08T10:26:14.157+0000][1][safepoint    ] Entering safepoint region: Cleanup
[2019-12-08T10:26:14.157+0000][1][safepoint    ] Leaving safepoint region
[2019-12-08T10:26:14.157+0000][1][safepoint    ] Total time for which application threads were stopped: 0.0000691 seconds, Stopping threads took: 0.0000166 seconds
[2019-12-08T10:26:15.157+0000][1][safepoint    ] Application time: 1.0000756 seconds
[2019-12-08T10:26:15.157+0000][1][safepoint    ] Entering safepoint region: Cleanup
[2019-12-08T10:26:15.158+0000][1][safepoint    ] Leaving safepoint region
[2019-12-08T10:26:15.158+0000][1][safepoint    ] Total time for which application threads were stopped: 0.0000698 seconds, Stopping threads took: 0.0000171 seconds
[2019-12-08T10:26:16.158+0000][1][safepoint    ] Application time: 1.0000781 seconds
[2019-12-08T10:26:16.158+0000][1][safepoint    ] Entering safepoint region: Cleanup
[2019-12-08T10:26:16.158+0000][1][safepoint    ] Leaving safepoint region
[2019-12-08T10:26:16.158+0000][1][safepoint    ] Total time for which application threads were stopped: 0.0000915 seconds, Stopping threads took: 0.0000178 seconds
[2019-12-08T10:26:17.158+0000][1][safepoint    ] Application time: 1.0000859 seconds
[2019-12-08T10:26:17.158+0000][1][safepoint    ] Entering safepoint region: Cleanup
[2019-12-08T10:26:17.158+0000][1][safepoint    ] Leaving safepoint region
[2019-12-08T10:26:17.158+0000][1][safepoint    ] Total time for which application threads were stopped: 0.0000705 seconds, Stopping threads took: 0.0000175 seconds
[2019-12-08T10:26:18.158+0000][1][safepoint    ] Application time: 1.0000879 seconds
[2019-12-08T10:26:18.158+0000][1][safepoint    ] Entering safepoint region: Cleanup
[2019-12-08T10:26:18.158+0000][1][safepoint    ] Leaving safepoint region
[2019-12-08T10:26:18.158+0000][1][safepoint    ] Total time for which application threads were stopped: 0.0000723 seconds, Stopping threads took: 0.0000178 seconds
[2019-12-08T10:26:19.158+0000][1][safepoint    ] Application time: 1.0000832 seconds
[2019-12-08T10:26:19.158+0000][1][safepoint    ] Entering safepoint region: Cleanup
[2019-12-08T10:26:19.158+0000][1][safepoint    ] Leaving safepoint region
[2019-12-08T10:26:19.158+0000][1][safepoint    ] Total time for which application threads were stopped: 0.0000701 seconds, Stopping threads took: 0.0000178 seconds
[2019-12-08T10:26:20.158+0000][1][safepoint    ] Application time: 1.0000800 seconds
[2019-12-08T10:26:20.158+0000][1][safepoint    ] Entering safepoint region: Cleanup
[2019-12-08T10:26:20.158+0000][1][safepoint    ] Leaving safepoint region
[2019-12-08T10:26:20.158+0000][1][safepoint    ] Total time for which application threads were stopped: 0.0000702 seconds, Stopping threads took: 0.0000167 seconds
[2019-12-08T10:26:21.159+0000][1][safepoint    ] Application time: 1.0000758 seconds
[2019-12-08T10:26:21.159+0000][1][safepoint    ] Entering safepoint region: Cleanup
[2019-12-08T10:26:21.159+0000][1][safepoint    ] Leaving safepoint region
[2019-12-08T10:26:21.159+0000][1][safepoint    ] Total time for which application threads were stopped: 0.0000700 seconds, Stopping threads took: 0.0000172 seconds
[2019-12-08T10:26:22.159+0000][1][safepoint    ] Application time: 1.0000787 seconds
[2019-12-08T10:26:22.159+0000][1][safepoint    ] Entering safepoint region: Cleanup
[2019-12-08T10:26:22.159+0000][1][safepoint    ] Leaving safepoint region
[2019-12-08T10:26:22.159+0000][1][safepoint    ] Total time for which application threads were stopped: 0.0000739 seconds, Stopping threads took: 0.0000195 seconds
[2019-12-08T10:26:23.159+0000][1][safepoint    ] Application time: 1.0000768 seconds
[2019-12-08T10:26:23.159+0000][1][safepoint    ] Entering safepoint region: Cleanup
[2019-12-08T10:26:23.159+0000][1][safepoint    ] Leaving safepoint region
[2019-12-08T10:26:23.159+0000][1][safepoint    ] Total time for which application threads were stopped: 0.0000740 seconds, Stopping threads took: 0.0000179 seconds
[2019-12-08T10:26:24.159+0000][1][safepoint    ] Application time: 1.0000785 seconds
[2019-12-08T10:26:24.159+0000][1][safepoint    ] Entering safepoint region: Cleanup
[2019-12-08T10:26:24.159+0000][1][safepoint    ] Leaving safepoint region
[2019-12-08T10:26:24.159+0000][1][safepoint    ] Total time for which application threads were stopped: 0.0000728 seconds, Stopping threads took: 0.0000168 seconds
[2019-12-08T10:26:25.159+0000][1][safepoint    ] Application time: 1.0000793 seconds
[2019-12-08T10:26:25.159+0000][1][safepoint    ] Entering safepoint region: Cleanup
[2019-12-08T10:26:25.159+0000][1][safepoint    ] Leaving safepoint region
[2019-12-08T10:26:25.159+0000][1][safepoint    ] Total time for which application threads were stopped: 0.0000765 seconds, Stopping threads took: 0.0000200 seconds
[2019-12-08T10:26:26.160+0000][1][safepoint    ] Application time: 1.0000801 seconds
[2019-12-08T10:26:26.160+0000][1][safepoint    ] Entering safepoint region: Cleanup
[2019-12-08T10:26:26.160+0000][1][safepoint    ] Leaving safepoint region
[2019-12-08T10:26:26.160+0000][1][safepoint    ] Total time for which application threads were stopped: 0.0000835 seconds, Stopping threads took: 0.0000181 seconds
[2019-12-08T10:26:27.160+0000][1][safepoint    ] Application time: 1.0000882 seconds
[2019-12-08T10:26:27.160+0000][1][safepoint    ] Entering safepoint region: Cleanup
[2019-12-08T10:26:27.160+0000][1][safepoint    ] Leaving safepoint region
[2019-12-08T10:26:27.160+0000][1][safepoint    ] Total time for which application threads were stopped: 0.0000749 seconds, Stopping threads took: 0.0000191 seconds
[2019-12-08T10:26:28.160+0000][1][safepoint    ] Application time: 1.0000784 seconds
[2019-12-08T10:26:28.160+0000][1][safepoint    ] Entering safepoint region: Cleanup
[2019-12-08T10:26:28.160+0000][1][safepoint    ] Leaving safepoint region
[2019-12-08T10:26:28.160+0000][1][safepoint    ] Total time for which application threads were stopped: 0.0000767 seconds, Stopping threads took: 0.0000193 seconds
[2019-12-08T10:26:29.160+0000][1][safepoint    ] Application time: 1.0000965 seconds
[2019-12-08T10:26:29.160+0000][1][safepoint    ] Entering safepoint region: Cleanup
[2019-12-08T10:26:29.160+0000][1][safepoint    ] Leaving safepoint region
[2019-12-08T10:26:29.160+0000][1][safepoint    ] Total time for which application threads were stopped: 0.0000763 seconds, Stopping threads took: 0.0000186 seconds
[2019-12-08T10:26:30.160+0000][1][safepoint    ] Application time: 1.0000807 seconds
[2019-12-08T10:26:30.160+0000][1][safepoint    ] Entering safepoint region: Cleanup
[2019-12-08T10:26:30.160+0000][1][safepoint    ] Leaving safepoint region
[2019-12-08T10:26:30.160+0000][1][safepoint    ] Total time for which application threads were stopped: 0.0000760 seconds, Stopping threads took: 0.0000192 seconds
[2019-12-08T10:26:31.161+0000][1][safepoint    ] Application time: 1.0000790 seconds
[2019-12-08T10:26:31.161+0000][1][safepoint    ] Entering safepoint region: Cleanup
[2019-12-08T10:26:31.161+0000][1][safepoint    ] Leaving safepoint region
[2019-12-08T10:26:31.161+0000][1][safepoint    ] Total time for which application threads were stopped: 0.0000746 seconds, Stopping threads took: 0.0000181 seconds
[2019-12-08T10:26:32.161+0000][1][safepoint    ] Application time: 1.0000841 seconds
[2019-12-08T10:26:32.161+0000][1][safepoint    ] Entering safepoint region: Cleanup
[2019-12-08T10:26:32.161+0000][1][safepoint    ] Leaving safepoint region
[2019-12-08T10:26:32.161+0000][1][safepoint    ] Total time for which application threads were stopped: 0.0000741 seconds, Stopping threads took: 0.0000186 seconds
[2019-12-08T10:26:33.161+0000][1][safepoint    ] Application time: 1.0000781 seconds
[2019-12-08T10:26:33.161+0000][1][safepoint    ] Entering safepoint region: Cleanup
[2019-12-08T10:26:33.161+0000][1][safepoint    ] Leaving safepoint region
[2019-12-08T10:26:33.161+0000][1][safepoint    ] Total time for which application threads were stopped: 0.0000822 seconds, Stopping threads took: 0.0000263 seconds
[2019-12-08T10:26:34.161+0000][1][safepoint    ] Application time: 1.0000776 seconds
[2019-12-08T10:26:34.161+0000][1][safepoint    ] Entering safepoint region: Cleanup
[2019-12-08T10:26:34.161+0000][1][safepoint    ] Leaving safepoint region
[2019-12-08T10:26:34.161+0000][1][safepoint    ] Total time for which application threads were stopped: 0.0000770 seconds, Stopping threads took: 0.0000203 seconds
[2019-12-08T10:26:35.161+0000][1][safepoint    ] Application time: 1.0000754 seconds
[2019-12-08T10:26:35.161+0000][1][safepoint    ] Entering safepoint region: Cleanup
[2019-12-08T10:26:35.161+0000][1][safepoint    ] Leaving safepoint region
[2019-12-08T10:26:35.161+0000][1][safepoint    ] Total time for which application threads were stopped: 0.0000729 seconds, Stopping threads took: 0.0000184 seconds
[2019-12-08T10:26:36.162+0000][1][safepoint    ] Application time: 1.0000764 seconds
[2019-12-08T10:26:36.162+0000][1][safepoint    ] Entering safepoint region: Cleanup
[2019-12-08T10:26:36.162+0000][1][safepoint    ] Leaving safepoint region
[2019-12-08T10:26:36.162+0000][1][safepoint    ] Total time for which application threads were stopped: 0.0000741 seconds, Stopping threads took: 0.0000186 seconds
[2019-12-08T10:26:37.162+0000][1][safepoint    ] Application time: 1.0000868 seconds
[2019-12-08T10:26:37.162+0000][1][safepoint    ] Entering safepoint region: Cleanup
[2019-12-08T10:26:37.162+0000][1][safepoint    ] Leaving safepoint region
[2019-12-08T10:26:37.162+0000][1][safepoint    ] Total time for which application threads were stopped: 0.0000739 seconds, Stopping threads took: 0.0000183 seconds
[2019-12-08T10:26:38.162+0000][1][safepoint    ] Application time: 1.0000784 seconds
[2019-12-08T10:26:38.162+0000][1][safepoint    ] Entering safepoint region: Cleanup
[2019-12-08T10:26:38.162+0000][1][safepoint    ] Leaving safepoint region
[2019-12-08T10:26:38.162+0000][1][safepoint    ] Total time for which application threads were stopped: 0.0000768 seconds, Stopping threads took: 0.0000182 seconds
[2019-12-08T10:26:39.162+0000][1][safepoint    ] Application time: 1.0000760 seconds
[2019-12-08T10:26:39.162+0000][1][safepoint    ] Entering safepoint region: Cleanup
[2019-12-08T10:26:39.162+0000][1][safepoint    ] Leaving safepoint region
[2019-12-08T10:26:39.162+0000][1][safepoint    ] Total time for which application threads were stopped: 0.0000728 seconds, Stopping threads took: 0.0000167 seconds
[2019-12-08T10:26:39.216+0000][1][safepoint    ] Application time: 0.0532638 seconds
[2019-12-08T10:26:39.216+0000][1][safepoint    ] Entering safepoint region: GenCollectForAllocation
[2019-12-08T10:26:39.216+0000][1][gc,start     ] GC(38) Pause Young (Allocation Failure)
[2019-12-08T10:26:39.216+0000][1][gc,task      ] GC(38) Using 4 workers of 4 for evacuation
[2019-12-08T10:26:39.217+0000][1][gc,age       ] GC(38) Desired survivor size 4456448 bytes, new threshold 6 (max threshold 6)
[2019-12-08T10:26:39.217+0000][1][gc,age       ] GC(38) Age table with threshold 6 (max threshold 6)
[2019-12-08T10:26:39.217+0000][1][gc,age       ] GC(38) - age   1:       5064 bytes,       5064 total
[2019-12-08T10:26:39.217+0000][1][gc,age       ] GC(38) - age   2:       2560 bytes,       7624 total
[2019-12-08T10:26:39.217+0000][1][gc,age       ] GC(38) - age   3:       1560 bytes,       9184 total
[2019-12-08T10:26:39.217+0000][1][gc,age       ] GC(38) - age   5:       1640 bytes,      10824 total
[2019-12-08T10:26:39.217+0000][1][gc,age       ] GC(38) - age   6:        968 bytes,      11792 total
[2019-12-08T10:26:39.217+0000][1][gc,heap      ] GC(38) ParNew: 69969K->15K(78656K)
[2019-12-08T10:26:39.217+0000][1][gc,heap      ] GC(38) CMS: 71039K->71041K(174784K)
[2019-12-08T10:26:39.217+0000][1][gc,metaspace ] GC(38) Metaspace: 69156K->69156K(1112064K)
[2019-12-08T10:26:39.217+0000][1][gc           ] GC(38) Pause Young (Allocation Failure) 137M->69M(247M) 0.982ms
[2019-12-08T10:26:39.217+0000][1][gc,cpu       ] GC(38) User=0.00s Sys=0.00s Real=0.00s
[2019-12-08T10:26:39.217+0000][1][safepoint    ] Leaving safepoint region
[2019-12-08T10:26:39.217+0000][1][safepoint    ] Total time for which application threads were stopped: 0.0011150 seconds, Stopping threads took: 0.0000164 seconds
[2019-12-08T10:26:40.217+0000][1][safepoint    ] Application time: 1.0000955 seconds
[2019-12-08T10:26:40.217+0000][1][safepoint    ] Entering safepoint region: Cleanup
[2019-12-08T10:26:40.217+0000][1][safepoint    ] Leaving safepoint region
[2019-12-08T10:26:40.217+0000][1][safepoint    ] Total time for which application threads were stopped: 0.0000684 seconds, Stopping threads took: 0.0000170 seconds
[2019-12-08T10:26:41.217+0000][1][safepoint    ] Application time: 1.0000751 seconds
[2019-12-08T10:26:41.217+0000][1][safepoint    ] Entering safepoint region: Cleanup
[2019-12-08T10:26:41.217+0000][1][safepoint    ] Leaving safepoint region
[2019-12-08T10:26:41.217+0000][1][safepoint    ] Total time for which application threads were stopped: 0.0000741 seconds, Stopping threads took: 0.0000171 seconds
[2019-12-08T10:26:42.220+0000][1][safepoint    ] Application time: 1.0028346 seconds
[2019-12-08T10:26:42.220+0000][1][safepoint    ] Entering safepoint region: Cleanup
[2019-12-08T10:26:42.220+0000][1][safepoint    ] Leaving safepoint region
[2019-12-08T10:26:42.220+0000][1][safepoint    ] Total time for which application threads were stopped: 0.0000767 seconds, Stopping threads took: 0.0000218 seconds
[2019-12-08T10:26:43.220+0000][1][safepoint    ] Application time: 1.0000749 seconds
[2019-12-08T10:26:43.220+0000][1][safepoint    ] Entering safepoint region: Cleanup
[2019-12-08T10:26:43.220+0000][1][safepoint    ] Leaving safepoint region
[2019-12-08T10:26:43.220+0000][1][safepoint    ] Total time for which application threads were stopped: 0.0000893 seconds, Stopping threads took: 0.0000339 seconds
[2019-12-08T10:26:44.220+0000][1][safepoint    ] Application time: 1.0000752 seconds
[2019-12-08T10:26:44.220+0000][1][safepoint    ] Entering safepoint region: Cleanup
[2019-12-08T10:26:44.220+0000][1][safepoint    ] Leaving safepoint region
[2019-12-08T10:26:44.220+0000][1][safepoint    ] Total time for which application threads were stopped: 0.0000648 seconds, Stopping threads took: 0.0000148 seconds
[2019-12-08T10:26:45.220+0000][1][safepoint    ] Application time: 1.0000752 seconds
[2019-12-08T10:26:45.221+0000][1][safepoint    ] Entering safepoint region: Cleanup
[2019-12-08T10:26:45.221+0000][1][safepoint    ] Leaving safepoint region
[2019-12-08T10:26:45.221+0000][1][safepoint    ] Total time for which application threads were stopped: 0.0000660 seconds, Stopping threads took: 0.0000150 seconds
[2019-12-08T10:26:46.221+0000][1][safepoint    ] Application time: 1.0000760 seconds
[2019-12-08T10:26:46.221+0000][1][safepoint    ] Entering safepoint region: Cleanup
[2019-12-08T10:26:46.221+0000][1][safepoint    ] Leaving safepoint region
[2019-12-08T10:26:46.221+0000][1][safepoint    ] Total time for which application threads were stopped: 0.0000837 seconds, Stopping threads took: 0.0000260 seconds
[2019-12-08T10:26:47.221+0000][1][safepoint    ] Application time: 1.0000750 seconds
[2019-12-08T10:26:47.221+0000][1][safepoint    ] Entering safepoint region: Cleanup
[2019-12-08T10:26:47.221+0000][1][safepoint    ] Leaving safepoint region
[2019-12-08T10:26:47.221+0000][1][safepoint    ] Total time for which application threads were stopped: 0.0000673 seconds, Stopping threads took: 0.0000164 seconds
[2019-12-08T10:26:48.221+0000][1][safepoint    ] Application time: 1.0000776 seconds
[2019-12-08T10:26:48.221+0000][1][safepoint    ] Entering safepoint region: Cleanup
[2019-12-08T10:26:48.221+0000][1][safepoint    ] Leaving safepoint region
[2019-12-08T10:26:48.221+0000][1][safepoint    ] Total time for which application threads were stopped: 0.0000778 seconds, Stopping threads took: 0.0000232 seconds
[2019-12-08T10:26:49.221+0000][1][safepoint    ] Application time: 1.0000815 seconds
[2019-12-08T10:26:49.221+0000][1][safepoint    ] Entering safepoint region: Cleanup
[2019-12-08T10:26:49.221+0000][1][safepoint    ] Leaving safepoint region
[2019-12-08T10:26:49.221+0000][1][safepoint    ] Total time for which application threads were stopped: 0.0000819 seconds, Stopping threads took: 0.0000157 seconds
[2019-12-08T10:26:50.221+0000][1][safepoint    ] Application time: 1.0000780 seconds
[2019-12-08T10:26:50.221+0000][1][safepoint    ] Entering safepoint region: Cleanup
[2019-12-08T10:26:50.222+0000][1][safepoint    ] Leaving safepoint region
[2019-12-08T10:26:50.222+0000][1][safepoint    ] Total time for which application threads were stopped: 0.0000701 seconds, Stopping threads took: 0.0000171 seconds
[2019-12-08T10:26:51.222+0000][1][safepoint    ] Application time: 1.0000736 seconds
[2019-12-08T10:26:51.222+0000][1][safepoint    ] Entering safepoint region: Cleanup
[2019-12-08T10:26:51.222+0000][1][safepoint    ] Leaving safepoint region
[2019-12-08T10:26:51.222+0000][1][safepoint    ] Total time for which application threads were stopped: 0.0000801 seconds, Stopping threads took: 0.0000147 seconds
[2019-12-08T10:26:52.222+0000][1][safepoint    ] Application time: 1.0000751 seconds
[2019-12-08T10:26:52.222+0000][1][safepoint    ] Entering safepoint region: Cleanup
[2019-12-08T10:26:52.222+0000][1][safepoint    ] Leaving safepoint region
[2019-12-08T10:26:52.222+0000][1][safepoint    ] Total time for which application threads were stopped: 0.0000753 seconds, Stopping threads took: 0.0000237 seconds
[2019-12-08T10:26:53.222+0000][1][safepoint    ] Application time: 1.0000729 seconds
[2019-12-08T10:26:53.222+0000][1][safepoint    ] Entering safepoint region: Cleanup
[2019-12-08T10:26:53.222+0000][1][safepoint    ] Leaving safepoint region
[2019-12-08T10:26:53.222+0000][1][safepoint    ] Total time for which application threads were stopped: 0.0000655 seconds, Stopping threads took: 0.0000154 seconds
[2019-12-08T10:26:54.222+0000][1][safepoint    ] Application time: 1.0000770 seconds
[2019-12-08T10:26:54.222+0000][1][safepoint    ] Entering safepoint region: Cleanup
[2019-12-08T10:26:54.222+0000][1][safepoint    ] Leaving safepoint region
[2019-12-08T10:26:54.222+0000][1][safepoint    ] Total time for which application threads were stopped: 0.0001049 seconds, Stopping threads took: 0.0000472 seconds
[2019-12-08T10:26:55.222+0000][1][safepoint    ] Application time: 1.0000827 seconds
[2019-12-08T10:26:55.222+0000][1][safepoint    ] Entering safepoint region: Cleanup
[2019-12-08T10:26:55.222+0000][1][safepoint    ] Leaving safepoint region
[2019-12-08T10:26:55.222+0000][1][safepoint    ] Total time for which application threads were stopped: 0.0000684 seconds, Stopping threads took: 0.0000169 seconds
[2019-12-08T10:26:56.223+0000][1][safepoint    ] Application time: 1.0000734 seconds
[2019-12-08T10:26:56.223+0000][1][safepoint    ] Entering safepoint region: Cleanup
[2019-12-08T10:26:56.223+0000][1][safepoint    ] Leaving safepoint region
[2019-12-08T10:26:56.223+0000][1][safepoint    ] Total time for which application threads were stopped: 0.0000690 seconds, Stopping threads took: 0.0000162 seconds
[2019-12-08T10:26:57.223+0000][1][safepoint    ] Application time: 1.0000740 seconds
[2019-12-08T10:26:57.223+0000][1][safepoint    ] Entering safepoint region: Cleanup
[2019-12-08T10:26:57.223+0000][1][safepoint    ] Leaving safepoint region
[2019-12-08T10:26:57.223+0000][1][safepoint    ] Total time for which application threads were stopped: 0.0000704 seconds, Stopping threads took: 0.0000176 seconds
[2019-12-08T10:26:58.223+0000][1][safepoint    ] Application time: 1.0000757 seconds
[2019-12-08T10:26:58.223+0000][1][safepoint    ] Entering safepoint region: Cleanup
[2019-12-08T10:26:58.223+0000][1][safepoint    ] Leaving safepoint region
[2019-12-08T10:26:58.223+0000][1][safepoint    ] Total time for which application threads were stopped: 0.0000698 seconds, Stopping threads took: 0.0000168 seconds
[2019-12-08T10:26:59.223+0000][1][safepoint    ] Application time: 1.0000781 seconds
[2019-12-08T10:26:59.223+0000][1][safepoint    ] Entering safepoint region: Cleanup
[2019-12-08T10:26:59.223+0000][1][safepoint    ] Leaving safepoint region
[2019-12-08T10:26:59.223+0000][1][safepoint    ] Total time for which application threads were stopped: 0.0001010 seconds, Stopping threads took: 0.0000429 seconds
[2019-12-08T10:27:00.223+0000][1][safepoint    ] Application time: 1.0000819 seconds
[2019-12-08T10:27:00.223+0000][1][safepoint    ] Entering safepoint region: Cleanup
[2019-12-08T10:27:00.223+0000][1][safepoint    ] Leaving safepoint region
[2019-12-08T10:27:00.223+0000][1][safepoint    ] Total time for which application threads were stopped: 0.0000687 seconds, Stopping threads took: 0.0000167 seconds
[2019-12-08T10:27:01.224+0000][1][safepoint    ] Application time: 1.0000943 seconds
[2019-12-08T10:27:01.224+0000][1][safepoint    ] Entering safepoint region: Cleanup
[2019-12-08T10:27:01.224+0000][1][safepoint    ] Leaving safepoint region
[2019-12-08T10:27:01.224+0000][1][safepoint    ] Total time for which application threads were stopped: 0.0001149 seconds, Stopping threads took: 0.0000264 seconds
[2019-12-08T10:27:02.224+0000][1][safepoint    ] Application time: 1.0000785 seconds
[2019-12-08T10:27:02.224+0000][1][safepoint    ] Entering safepoint region: Cleanup
[2019-12-08T10:27:02.224+0000][1][safepoint    ] Leaving safepoint region
[2019-12-08T10:27:02.224+0000][1][safepoint    ] Total time for which application threads were stopped: 0.0000788 seconds, Stopping threads took: 0.0000251 seconds
[2019-12-08T10:27:03.224+0000][1][safepoint    ] Application time: 1.0000769 seconds
[2019-12-08T10:27:03.224+0000][1][safepoint    ] Entering safepoint region: Cleanup
[2019-12-08T10:27:03.224+0000][1][safepoint    ] Leaving safepoint region
[2019-12-08T10:27:03.224+0000][1][safepoint    ] Total time for which application threads were stopped: 0.0000667 seconds, Stopping threads took: 0.0000166 seconds
[2019-12-08T10:27:04.224+0000][1][safepoint    ] Application time: 1.0000778 seconds
[2019-12-08T10:27:04.224+0000][1][safepoint    ] Entering safepoint region: Cleanup
[2019-12-08T10:27:04.224+0000][1][safepoint    ] Leaving safepoint region
[2019-12-08T10:27:04.224+0000][1][safepoint    ] Total time for which application threads were stopped: 0.0001209 seconds, Stopping threads took: 0.0000561 seconds
[2019-12-08T10:27:05.224+0000][1][safepoint    ] Application time: 1.0000841 seconds
[2019-12-08T10:27:05.224+0000][1][safepoint    ] Entering safepoint region: Cleanup
[2019-12-08T10:27:05.224+0000][1][safepoint    ] Leaving safepoint region
[2019-12-08T10:27:05.224+0000][1][safepoint    ] Total time for which application threads were stopped: 0.0000684 seconds, Stopping threads took: 0.0000157 seconds
[2019-12-08T10:27:06.225+0000][1][safepoint    ] Application time: 1.0000807 seconds
[2019-12-08T10:27:06.225+0000][1][safepoint    ] Entering safepoint region: Cleanup
[2019-12-08T10:27:06.225+0000][1][safepoint    ] Leaving safepoint region
[2019-12-08T10:27:06.225+0000][1][safepoint    ] Total time for which application threads were stopped: 0.0000714 seconds, Stopping threads took: 0.0000168 seconds
[2019-12-08T10:27:07.225+0000][1][safepoint    ] Application time: 1.0000779 seconds
[2019-12-08T10:27:07.225+0000][1][safepoint    ] Entering safepoint region: Cleanup
[2019-12-08T10:27:07.225+0000][1][safepoint    ] Leaving safepoint region
[2019-12-08T10:27:07.225+0000][1][safepoint    ] Total time for which application threads were stopped: 0.0000726 seconds, Stopping threads took: 0.0000168 seconds
[2019-12-08T10:27:08.225+0000][1][safepoint    ] Application time: 1.0000771 seconds
[2019-12-08T10:27:08.225+0000][1][safepoint    ] Entering safepoint region: Cleanup
[2019-12-08T10:27:08.225+0000][1][safepoint    ] Leaving safepoint region
[2019-12-08T10:27:08.225+0000][1][safepoint    ] Total time for which application threads were stopped: 0.0000698 seconds, Stopping threads took: 0.0000166 seconds
[2019-12-08T10:27:09.225+0000][1][safepoint    ] Application time: 1.0000759 seconds
[2019-12-08T10:27:09.225+0000][1][safepoint    ] Entering safepoint region: Cleanup
[2019-12-08T10:27:09.225+0000][1][safepoint    ] Leaving safepoint region
[2019-12-08T10:27:09.225+0000][1][safepoint    ] Total time for which application threads were stopped: 0.0000694 seconds, Stopping threads took: 0.0000178 seconds
[2019-12-08T10:27:10.225+0000][1][safepoint    ] Application time: 1.0000765 seconds
[2019-12-08T10:27:10.225+0000][1][safepoint    ] Entering safepoint region: Cleanup
[2019-12-08T10:27:10.225+0000][1][safepoint    ] Leaving safepoint region
[2019-12-08T10:27:10.225+0000][1][safepoint    ] Total time for which application threads were stopped: 0.0000700 seconds, Stopping threads took: 0.0000168 seconds
[2019-12-08T10:27:11.226+0000][1][safepoint    ] Application time: 1.0000779 seconds
[2019-12-08T10:27:11.226+0000][1][safepoint    ] Entering safepoint region: Cleanup
[2019-12-08T10:27:11.226+0000][1][safepoint    ] Leaving safepoint region
[2019-12-08T10:27:11.226+0000][1][safepoint    ] Total time for which application threads were stopped: 0.0000678 seconds, Stopping threads took: 0.0000164 seconds
[2019-12-08T10:27:12.226+0000][1][safepoint    ] Application time: 1.0000770 seconds
[2019-12-08T10:27:12.226+0000][1][safepoint    ] Entering safepoint region: Cleanup
[2019-12-08T10:27:12.226+0000][1][safepoint    ] Leaving safepoint region
[2019-12-08T10:27:12.226+0000][1][safepoint    ] Total time for which application threads were stopped: 0.0000753 seconds, Stopping threads took: 0.0000178 seconds
[2019-12-08T10:27:13.226+0000][1][safepoint    ] Application time: 1.0000778 seconds
[2019-12-08T10:27:13.226+0000][1][safepoint    ] Entering safepoint region: Cleanup
[2019-12-08T10:27:13.226+0000][1][safepoint    ] Leaving safepoint region
[2019-12-08T10:27:13.226+0000][1][safepoint    ] Total time for which application threads were stopped: 0.0000705 seconds, Stopping threads took: 0.0000171 seconds
[2019-12-08T10:27:14.226+0000][1][safepoint    ] Application time: 1.0000779 seconds
[2019-12-08T10:27:14.226+0000][1][safepoint    ] Entering safepoint region: Cleanup
[2019-12-08T10:27:14.226+0000][1][safepoint    ] Leaving safepoint region
[2019-12-08T10:27:14.226+0000][1][safepoint    ] Total time for which application threads were stopped: 0.0000647 seconds, Stopping threads took: 0.0000152 seconds
[2019-12-08T10:27:15.226+0000][1][safepoint    ] Application time: 1.0000778 seconds
[2019-12-08T10:27:15.226+0000][1][safepoint    ] Entering safepoint region: Cleanup
[2019-12-08T10:27:15.226+0000][1][safepoint    ] Leaving safepoint region
[2019-12-08T10:27:15.226+0000][1][safepoint    ] Total time for which application threads were stopped: 0.0000670 seconds, Stopping threads took: 0.0000158 seconds
[2019-12-08T10:27:16.226+0000][1][safepoint    ] Application time: 1.0000776 seconds
[2019-12-08T10:27:16.226+0000][1][safepoint    ] Entering safepoint region: Cleanup
[2019-12-08T10:27:16.227+0000][1][safepoint    ] Leaving safepoint region
[2019-12-08T10:27:16.227+0000][1][safepoint    ] Total time for which application threads were stopped: 0.0000709 seconds, Stopping threads took: 0.0000178 seconds
[2019-12-08T10:27:17.227+0000][1][safepoint    ] Application time: 1.0000774 seconds
[2019-12-08T10:27:17.227+0000][1][safepoint    ] Entering safepoint region: Cleanup
[2019-12-08T10:27:17.227+0000][1][safepoint    ] Leaving safepoint region
[2019-12-08T10:27:17.227+0000][1][safepoint    ] Total time for which application threads were stopped: 0.0000823 seconds, Stopping threads took: 0.0000163 seconds
[2019-12-08T10:27:18.227+0000][1][safepoint    ] Application time: 1.0000760 seconds
[2019-12-08T10:27:18.227+0000][1][safepoint    ] Entering safepoint region: Cleanup
[2019-12-08T10:27:18.227+0000][1][safepoint    ] Leaving safepoint region
[2019-12-08T10:27:18.227+0000][1][safepoint    ] Total time for which application threads were stopped: 0.0000695 seconds, Stopping threads took: 0.0000176 seconds
[2019-12-08T10:27:19.227+0000][1][safepoint    ] Application time: 1.0000774 seconds
[2019-12-08T10:27:19.227+0000][1][safepoint    ] Entering safepoint region: Cleanup
[2019-12-08T10:27:19.227+0000][1][safepoint    ] Leaving safepoint region
[2019-12-08T10:27:19.227+0000][1][safepoint    ] Total time for which application threads were stopped: 0.0000723 seconds, Stopping threads took: 0.0000171 seconds
[2019-12-08T10:27:20.227+0000][1][safepoint    ] Application time: 1.0000728 seconds
[2019-12-08T10:27:20.227+0000][1][safepoint    ] Entering safepoint region: Cleanup
[2019-12-08T10:27:20.227+0000][1][safepoint    ] Leaving safepoint region
[2019-12-08T10:27:20.227+0000][1][safepoint    ] Total time for which application threads were stopped: 0.0000693 seconds, Stopping threads took: 0.0000192 seconds
[2019-12-08T10:27:21.227+0000][1][safepoint    ] Application time: 1.0000757 seconds
[2019-12-08T10:27:21.227+0000][1][safepoint    ] Entering safepoint region: Cleanup
[2019-12-08T10:27:21.227+0000][1][safepoint    ] Leaving safepoint region
[2019-12-08T10:27:21.227+0000][1][safepoint    ] Total time for which application threads were stopped: 0.0000686 seconds, Stopping threads took: 0.0000165 seconds
[2019-12-08T10:27:22.228+0000][1][safepoint    ] Application time: 1.0000773 seconds
[2019-12-08T10:27:22.228+0000][1][safepoint    ] Entering safepoint region: Cleanup
[2019-12-08T10:27:22.228+0000][1][safepoint    ] Leaving safepoint region
[2019-12-08T10:27:22.228+0000][1][safepoint    ] Total time for which application threads were stopped: 0.0000827 seconds, Stopping threads took: 0.0000181 seconds
[2019-12-08T10:27:23.228+0000][1][safepoint    ] Application time: 1.0000786 seconds
[2019-12-08T10:27:23.228+0000][1][safepoint    ] Entering safepoint region: Cleanup
[2019-12-08T10:27:23.228+0000][1][safepoint    ] Leaving safepoint region
[2019-12-08T10:27:23.228+0000][1][safepoint    ] Total time for which application threads were stopped: 0.0000672 seconds, Stopping threads took: 0.0000154 seconds
[2019-12-08T10:27:24.228+0000][1][safepoint    ] Application time: 1.0000786 seconds
[2019-12-08T10:27:24.228+0000][1][safepoint    ] Entering safepoint region: Cleanup
[2019-12-08T10:27:24.228+0000][1][safepoint    ] Leaving safepoint region
[2019-12-08T10:27:24.228+0000][1][safepoint    ] Total time for which application threads were stopped: 0.0000676 seconds, Stopping threads took: 0.0000165 seconds
[2019-12-08T10:27:25.228+0000][1][safepoint    ] Application time: 1.0000805 seconds
[2019-12-08T10:27:25.228+0000][1][safepoint    ] Entering safepoint region: Cleanup
[2019-12-08T10:27:25.228+0000][1][safepoint    ] Leaving safepoint region
[2019-12-08T10:27:25.228+0000][1][safepoint    ] Total time for which application threads were stopped: 0.0000771 seconds, Stopping threads took: 0.0000191 seconds
[2019-12-08T10:27:26.228+0000][1][safepoint    ] Application time: 1.0000948 seconds
[2019-12-08T10:27:26.228+0000][1][safepoint    ] Entering safepoint region: Cleanup
[2019-12-08T10:27:26.228+0000][1][safepoint    ] Leaving safepoint region
[2019-12-08T10:27:26.228+0000][1][safepoint    ] Total time for which application threads were stopped: 0.0000756 seconds, Stopping threads took: 0.0000189 seconds
[2019-12-08T10:27:27.228+0000][1][safepoint    ] Application time: 1.0000809 seconds
[2019-12-08T10:27:27.229+0000][1][safepoint    ] Entering safepoint region: Cleanup
[2019-12-08T10:27:27.229+0000][1][safepoint    ] Leaving safepoint region
[2019-12-08T10:27:27.229+0000][1][safepoint    ] Total time for which application threads were stopped: 0.0000682 seconds, Stopping threads took: 0.0000159 seconds
[2019-12-08T10:27:28.229+0000][1][safepoint    ] Application time: 1.0000829 seconds
[2019-12-08T10:27:28.229+0000][1][safepoint    ] Entering safepoint region: Cleanup
[2019-12-08T10:27:28.229+0000][1][safepoint    ] Leaving safepoint region
[2019-12-08T10:27:28.229+0000][1][safepoint    ] Total time for which application threads were stopped: 0.0000711 seconds, Stopping threads took: 0.0000173 seconds
[2019-12-08T10:27:29.229+0000][1][safepoint    ] Application time: 1.0000765 seconds
[2019-12-08T10:27:29.229+0000][1][safepoint    ] Entering safepoint region: Cleanup
[2019-12-08T10:27:29.229+0000][1][safepoint    ] Leaving safepoint region
[2019-12-08T10:27:29.229+0000][1][safepoint    ] Total time for which application threads were stopped: 0.0000696 seconds, Stopping threads took: 0.0000188 seconds
[2019-12-08T10:27:30.229+0000][1][safepoint    ] Application time: 1.0000768 seconds
[2019-12-08T10:27:30.229+0000][1][safepoint    ] Entering safepoint region: Cleanup
[2019-12-08T10:27:30.229+0000][1][safepoint    ] Leaving safepoint region
[2019-12-08T10:27:30.229+0000][1][safepoint    ] Total time for which application threads were stopped: 0.0000683 seconds, Stopping threads took: 0.0000161 seconds
[2019-12-08T10:27:31.229+0000][1][safepoint    ] Application time: 1.0000834 seconds
[2019-12-08T10:27:31.229+0000][1][safepoint    ] Entering safepoint region: Cleanup
[2019-12-08T10:27:31.229+0000][1][safepoint    ] Leaving safepoint region
[2019-12-08T10:27:31.229+0000][1][safepoint    ] Total time for which application threads were stopped: 0.0000698 seconds, Stopping threads took: 0.0000165 seconds
[2019-12-08T10:27:32.229+0000][1][safepoint    ] Application time: 1.0000803 seconds
[2019-12-08T10:27:32.229+0000][1][safepoint    ] Entering safepoint region: Cleanup
[2019-12-08T10:27:32.230+0000][1][safepoint    ] Leaving safepoint region
[2019-12-08T10:27:32.230+0000][1][safepoint    ] Total time for which application threads were stopped: 0.0000696 seconds, Stopping threads took: 0.0000172 seconds
[2019-12-08T10:27:33.230+0000][1][safepoint    ] Application time: 1.0000780 seconds
[2019-12-08T10:27:33.230+0000][1][safepoint    ] Entering safepoint region: Cleanup
[2019-12-08T10:27:33.230+0000][1][safepoint    ] Leaving safepoint region
[2019-12-08T10:27:33.230+0000][1][safepoint    ] Total time for which application threads were stopped: 0.0000884 seconds, Stopping threads took: 0.0000229 seconds
[2019-12-08T10:27:34.230+0000][1][safepoint    ] Application time: 1.0000796 seconds
[2019-12-08T10:27:34.230+0000][1][safepoint    ] Entering safepoint region: Cleanup
[2019-12-08T10:27:34.230+0000][1][safepoint    ] Leaving safepoint region
[2019-12-08T10:27:34.230+0000][1][safepoint    ] Total time for which application threads were stopped: 0.0000699 seconds, Stopping threads took: 0.0000170 seconds
[2019-12-08T10:27:35.230+0000][1][safepoint    ] Application time: 1.0000762 seconds
[2019-12-08T10:27:35.230+0000][1][safepoint    ] Entering safepoint region: Cleanup
[2019-12-08T10:27:35.230+0000][1][safepoint    ] Leaving safepoint region
[2019-12-08T10:27:35.230+0000][1][safepoint    ] Total time for which application threads were stopped: 0.0000749 seconds, Stopping threads took: 0.0000162 seconds
[2019-12-08T10:27:36.230+0000][1][safepoint    ] Application time: 1.0000778 seconds
[2019-12-08T10:27:36.230+0000][1][safepoint    ] Entering safepoint region: Cleanup
[2019-12-08T10:27:36.230+0000][1][safepoint    ] Leaving safepoint region
[2019-12-08T10:27:36.230+0000][1][safepoint    ] Total time for which application threads were stopped: 0.0000688 seconds, Stopping threads took: 0.0000158 seconds
[2019-12-08T10:27:37.230+0000][1][safepoint    ] Application time: 1.0000841 seconds
[2019-12-08T10:27:37.230+0000][1][safepoint    ] Entering safepoint region: Cleanup
[2019-12-08T10:27:37.230+0000][1][safepoint    ] Leaving safepoint region
[2019-12-08T10:27:37.230+0000][1][safepoint    ] Total time for which application threads were stopped: 0.0000743 seconds, Stopping threads took: 0.0000168 seconds
[2019-12-08T10:27:38.231+0000][1][safepoint    ] Application time: 1.0000797 seconds
[2019-12-08T10:27:38.231+0000][1][safepoint    ] Entering safepoint region: Cleanup
[2019-12-08T10:27:38.231+0000][1][safepoint    ] Leaving safepoint region
[2019-12-08T10:27:38.231+0000][1][safepoint    ] Total time for which application threads were stopped: 0.0000720 seconds, Stopping threads took: 0.0000170 seconds
[2019-12-08T10:27:39.231+0000][1][safepoint    ] Application time: 1.0000774 seconds
[2019-12-08T10:27:39.231+0000][1][safepoint    ] Entering safepoint region: Cleanup
[2019-12-08T10:27:39.231+0000][1][safepoint    ] Leaving safepoint region
[2019-12-08T10:27:39.231+0000][1][safepoint    ] Total time for which application threads were stopped: 0.0000715 seconds, Stopping threads took: 0.0000171 seconds
[2019-12-08T10:27:40.231+0000][1][safepoint    ] Application time: 1.0000794 seconds
[2019-12-08T10:27:40.231+0000][1][safepoint    ] Entering safepoint region: Cleanup
[2019-12-08T10:27:40.231+0000][1][safepoint    ] Leaving safepoint region
[2019-12-08T10:27:40.231+0000][1][safepoint    ] Total time for which application threads were stopped: 0.0000723 seconds, Stopping threads took: 0.0000170 seconds
[2019-12-08T10:27:41.243+0000][1][safepoint    ] Application time: 1.0115292 seconds
[2019-12-08T10:27:41.243+0000][1][safepoint    ] Entering safepoint region: Cleanup
[2019-12-08T10:27:41.243+0000][1][safepoint    ] Leaving safepoint region
[2019-12-08T10:27:41.243+0000][1][safepoint    ] Total time for which application threads were stopped: 0.0000747 seconds, Stopping threads took: 0.0000159 seconds
[2019-12-08T10:27:42.243+0000][1][safepoint    ] Application time: 1.0000769 seconds
[2019-12-08T10:27:42.243+0000][1][safepoint    ] Entering safepoint region: Cleanup
[2019-12-08T10:27:42.243+0000][1][safepoint    ] Leaving safepoint region
[2019-12-08T10:27:42.243+0000][1][safepoint    ] Total time for which application threads were stopped: 0.0000683 seconds, Stopping threads took: 0.0000159 seconds
[2019-12-08T10:27:43.243+0000][1][safepoint    ] Application time: 1.0000774 seconds
[2019-12-08T10:27:43.243+0000][1][safepoint    ] Entering safepoint region: Cleanup
[2019-12-08T10:27:43.243+0000][1][safepoint    ] Leaving safepoint region
[2019-12-08T10:27:43.243+0000][1][safepoint    ] Total time for which application threads were stopped: 0.0000674 seconds, Stopping threads took: 0.0000165 seconds
[2019-12-08T10:27:44.243+0000][1][safepoint    ] Application time: 1.0000774 seconds
[2019-12-08T10:27:44.243+0000][1][safepoint    ] Entering safepoint region: Cleanup
[2019-12-08T10:27:44.243+0000][1][safepoint    ] Leaving safepoint region
[2019-12-08T10:27:44.243+0000][1][safepoint    ] Total time for which application threads were stopped: 0.0000705 seconds, Stopping threads took: 0.0000175 seconds
[2019-12-08T10:27:45.243+0000][1][safepoint    ] Application time: 1.0000764 seconds
[2019-12-08T10:27:45.243+0000][1][safepoint    ] Entering safepoint region: Cleanup
[2019-12-08T10:27:45.243+0000][1][safepoint    ] Leaving safepoint region
[2019-12-08T10:27:45.243+0000][1][safepoint    ] Total time for which application threads were stopped: 0.0000651 seconds, Stopping threads took: 0.0000151 seconds
[2019-12-08T10:27:46.244+0000][1][safepoint    ] Application time: 1.0000785 seconds
[2019-12-08T10:27:46.244+0000][1][safepoint    ] Entering safepoint region: Cleanup
[2019-12-08T10:27:46.244+0000][1][safepoint    ] Leaving safepoint region
[2019-12-08T10:27:46.244+0000][1][safepoint    ] Total time for which application threads were stopped: 0.0000698 seconds, Stopping threads took: 0.0000174 seconds
[2019-12-08T10:27:47.244+0000][1][safepoint    ] Application time: 1.0000748 seconds
[2019-12-08T10:27:47.244+0000][1][safepoint    ] Entering safepoint region: Cleanup
[2019-12-08T10:27:47.244+0000][1][safepoint    ] Leaving safepoint region
[2019-12-08T10:27:47.244+0000][1][safepoint    ] Total time for which application threads were stopped: 0.0000659 seconds, Stopping threads took: 0.0000151 seconds
[2019-12-08T10:27:48.244+0000][1][safepoint    ] Application time: 1.0000745 seconds
[2019-12-08T10:27:48.244+0000][1][safepoint    ] Entering safepoint region: Cleanup
[2019-12-08T10:27:48.244+0000][1][safepoint    ] Leaving safepoint region
[2019-12-08T10:27:48.244+0000][1][safepoint    ] Total time for which application threads were stopped: 0.0000699 seconds, Stopping threads took: 0.0000167 seconds
[2019-12-08T10:27:49.244+0000][1][safepoint    ] Application time: 1.0000733 seconds
[2019-12-08T10:27:49.244+0000][1][safepoint    ] Entering safepoint region: Cleanup
[2019-12-08T10:27:49.244+0000][1][safepoint    ] Leaving safepoint region
[2019-12-08T10:27:49.244+0000][1][safepoint    ] Total time for which application threads were stopped: 0.0000750 seconds, Stopping threads took: 0.0000225 seconds
[2019-12-08T10:27:50.244+0000][1][safepoint    ] Application time: 1.0000744 seconds
[2019-12-08T10:27:50.244+0000][1][safepoint    ] Entering safepoint region: Cleanup
[2019-12-08T10:27:50.244+0000][1][safepoint    ] Leaving safepoint region
[2019-12-08T10:27:50.244+0000][1][safepoint    ] Total time for which application threads were stopped: 0.0000626 seconds, Stopping threads took: 0.0000142 seconds
[2019-12-08T10:27:51.244+0000][1][safepoint    ] Application time: 1.0000745 seconds
[2019-12-08T10:27:51.244+0000][1][safepoint    ] Entering safepoint region: Cleanup
[2019-12-08T10:27:51.245+0000][1][safepoint    ] Leaving safepoint region
[2019-12-08T10:27:51.245+0000][1][safepoint    ] Total time for which application threads were stopped: 0.0000662 seconds, Stopping threads took: 0.0000160 seconds
[2019-12-08T10:27:52.245+0000][1][safepoint    ] Application time: 1.0000739 seconds
[2019-12-08T10:27:52.245+0000][1][safepoint    ] Entering safepoint region: Cleanup
[2019-12-08T10:27:52.245+0000][1][safepoint    ] Leaving safepoint region
[2019-12-08T10:27:52.245+0000][1][safepoint    ] Total time for which application threads were stopped: 0.0000863 seconds, Stopping threads took: 0.0000163 seconds
[2019-12-08T10:27:53.245+0000][1][safepoint    ] Application time: 1.0000755 seconds
[2019-12-08T10:27:53.245+0000][1][safepoint    ] Entering safepoint region: Cleanup
[2019-12-08T10:27:53.245+0000][1][safepoint    ] Leaving safepoint region
[2019-12-08T10:27:53.245+0000][1][safepoint    ] Total time for which application threads were stopped: 0.0000664 seconds, Stopping threads took: 0.0000155 seconds
[2019-12-08T10:27:54.245+0000][1][safepoint    ] Application time: 1.0000728 seconds
[2019-12-08T10:27:54.245+0000][1][safepoint    ] Entering safepoint region: Cleanup
[2019-12-08T10:27:54.245+0000][1][safepoint    ] Leaving safepoint region
[2019-12-08T10:27:54.245+0000][1][safepoint    ] Total time for which application threads were stopped: 0.0000664 seconds, Stopping threads took: 0.0000151 seconds
[2019-12-08T10:27:55.245+0000][1][safepoint    ] Application time: 1.0000855 seconds
[2019-12-08T10:27:55.245+0000][1][safepoint    ] Entering safepoint region: Cleanup
[2019-12-08T10:27:55.245+0000][1][safepoint    ] Leaving safepoint region
[2019-12-08T10:27:55.245+0000][1][safepoint    ] Total time for which application threads were stopped: 0.0000888 seconds, Stopping threads took: 0.0000210 seconds
[2019-12-08T10:27:56.249+0000][1][safepoint    ] Application time: 1.0032656 seconds
[2019-12-08T10:27:56.249+0000][1][safepoint    ] Entering safepoint region: Cleanup
[2019-12-08T10:27:56.249+0000][1][safepoint    ] Leaving safepoint region
[2019-12-08T10:27:56.249+0000][1][safepoint    ] Total time for which application threads were stopped: 0.0000780 seconds, Stopping threads took: 0.0000150 seconds
[2019-12-08T10:27:57.249+0000][1][safepoint    ] Application time: 1.0000749 seconds
[2019-12-08T10:27:57.249+0000][1][safepoint    ] Entering safepoint region: Cleanup
[2019-12-08T10:27:57.249+0000][1][safepoint    ] Leaving safepoint region
[2019-12-08T10:27:57.249+0000][1][safepoint    ] Total time for which application threads were stopped: 0.0000644 seconds, Stopping threads took: 0.0000138 seconds
[2019-12-08T10:27:58.249+0000][1][safepoint    ] Application time: 1.0000748 seconds
[2019-12-08T10:27:58.249+0000][1][safepoint    ] Entering safepoint region: Cleanup
[2019-12-08T10:27:58.249+0000][1][safepoint    ] Leaving safepoint region
[2019-12-08T10:27:58.249+0000][1][safepoint    ] Total time for which application threads were stopped: 0.0000684 seconds, Stopping threads took: 0.0000160 seconds
[2019-12-08T10:27:59.249+0000][1][safepoint    ] Application time: 1.0000742 seconds
[2019-12-08T10:27:59.249+0000][1][safepoint    ] Entering safepoint region: Cleanup
[2019-12-08T10:27:59.249+0000][1][safepoint    ] Leaving safepoint region
[2019-12-08T10:27:59.249+0000][1][safepoint    ] Total time for which application threads were stopped: 0.0000647 seconds, Stopping threads took: 0.0000143 seconds
[2019-12-08T10:28:00.249+0000][1][safepoint    ] Application time: 1.0000756 seconds
[2019-12-08T10:28:00.249+0000][1][safepoint    ] Entering safepoint region: Cleanup
[2019-12-08T10:28:00.249+0000][1][safepoint    ] Leaving safepoint region
[2019-12-08T10:28:00.249+0000][1][safepoint    ] Total time for which application threads were stopped: 0.0000643 seconds, Stopping threads took: 0.0000139 seconds
[2019-12-08T10:28:01.250+0000][1][safepoint    ] Application time: 1.0000809 seconds
[2019-12-08T10:28:01.250+0000][1][safepoint    ] Entering safepoint region: Cleanup
[2019-12-08T10:28:01.250+0000][1][safepoint    ] Leaving safepoint region
[2019-12-08T10:28:01.250+0000][1][safepoint    ] Total time for which application threads were stopped: 0.0000657 seconds, Stopping threads took: 0.0000152 seconds
[2019-12-08T10:28:02.250+0000][1][safepoint    ] Application time: 1.0000843 seconds
[2019-12-08T10:28:02.250+0000][1][safepoint    ] Entering safepoint region: Cleanup
[2019-12-08T10:28:02.250+0000][1][safepoint    ] Leaving safepoint region
[2019-12-08T10:28:02.250+0000][1][safepoint    ] Total time for which application threads were stopped: 0.0000672 seconds, Stopping threads took: 0.0000149 seconds
[2019-12-08T10:28:03.250+0000][1][safepoint    ] Application time: 1.0000762 seconds
[2019-12-08T10:28:03.250+0000][1][safepoint    ] Entering safepoint region: Cleanup
[2019-12-08T10:28:03.250+0000][1][safepoint    ] Leaving safepoint region
[2019-12-08T10:28:03.250+0000][1][safepoint    ] Total time for which application threads were stopped: 0.0000664 seconds, Stopping threads took: 0.0000157 seconds
[2019-12-08T10:28:04.250+0000][1][safepoint    ] Application time: 1.0000752 seconds
[2019-12-08T10:28:04.250+0000][1][safepoint    ] Entering safepoint region: Cleanup
[2019-12-08T10:28:04.250+0000][1][safepoint    ] Leaving safepoint region
[2019-12-08T10:28:04.250+0000][1][safepoint    ] Total time for which application threads were stopped: 0.0000969 seconds, Stopping threads took: 0.0000244 seconds
[2019-12-08T10:28:05.250+0000][1][safepoint    ] Application time: 1.0000771 seconds
[2019-12-08T10:28:05.250+0000][1][safepoint    ] Entering safepoint region: Cleanup
[2019-12-08T10:28:05.250+0000][1][safepoint    ] Leaving safepoint region
[2019-12-08T10:28:05.250+0000][1][safepoint    ] Total time for which application threads were stopped: 0.0000665 seconds, Stopping threads took: 0.0000149 seconds
[2019-12-08T10:28:06.250+0000][1][safepoint    ] Application time: 1.0000761 seconds
[2019-12-08T10:28:06.250+0000][1][safepoint    ] Entering safepoint region: Cleanup
[2019-12-08T10:28:06.251+0000][1][safepoint    ] Leaving safepoint region
[2019-12-08T10:28:06.251+0000][1][safepoint    ] Total time for which application threads were stopped: 0.0000669 seconds, Stopping threads took: 0.0000157 seconds
[2019-12-08T10:28:07.251+0000][1][safepoint    ] Application time: 1.0000793 seconds
[2019-12-08T10:28:07.251+0000][1][safepoint    ] Entering safepoint region: Cleanup
[2019-12-08T10:28:07.251+0000][1][safepoint    ] Leaving safepoint region
[2019-12-08T10:28:07.251+0000][1][safepoint    ] Total time for which application threads were stopped: 0.0000854 seconds, Stopping threads took: 0.0000306 seconds
[2019-12-08T10:28:08.251+0000][1][safepoint    ] Application time: 1.0000786 seconds
[2019-12-08T10:28:08.251+0000][1][safepoint    ] Entering safepoint region: Cleanup
[2019-12-08T10:28:08.251+0000][1][safepoint    ] Leaving safepoint region
[2019-12-08T10:28:08.251+0000][1][safepoint    ] Total time for which application threads were stopped: 0.0000707 seconds, Stopping threads took: 0.0000181 seconds
[2019-12-08T10:28:09.251+0000][1][safepoint    ] Application time: 1.0000737 seconds
[2019-12-08T10:28:09.251+0000][1][safepoint    ] Entering safepoint region: Cleanup
[2019-12-08T10:28:09.251+0000][1][safepoint    ] Leaving safepoint region
[2019-12-08T10:28:09.251+0000][1][safepoint    ] Total time for which application threads were stopped: 0.0000645 seconds, Stopping threads took: 0.0000141 seconds
[2019-12-08T10:28:10.251+0000][1][safepoint    ] Application time: 1.0000782 seconds
[2019-12-08T10:28:10.251+0000][1][safepoint    ] Entering safepoint region: Cleanup
[2019-12-08T10:28:10.251+0000][1][safepoint    ] Leaving safepoint region
[2019-12-08T10:28:10.251+0000][1][safepoint    ] Total time for which application threads were stopped: 0.0000685 seconds, Stopping threads took: 0.0000164 seconds
[2019-12-08T10:28:11.251+0000][1][safepoint    ] Application time: 1.0000766 seconds
[2019-12-08T10:28:11.251+0000][1][safepoint    ] Entering safepoint region: Cleanup
[2019-12-08T10:28:11.251+0000][1][safepoint    ] Leaving safepoint region
[2019-12-08T10:28:11.251+0000][1][safepoint    ] Total time for which application threads were stopped: 0.0000692 seconds, Stopping threads took: 0.0000177 seconds
[2019-12-08T10:28:12.252+0000][1][safepoint    ] Application time: 1.0000760 seconds
[2019-12-08T10:28:12.252+0000][1][safepoint    ] Entering safepoint region: Cleanup
[2019-12-08T10:28:12.252+0000][1][safepoint    ] Leaving safepoint region
[2019-12-08T10:28:12.252+0000][1][safepoint    ] Total time for which application threads were stopped: 0.0000639 seconds, Stopping threads took: 0.0000153 seconds
[2019-12-08T10:28:13.252+0000][1][safepoint    ] Application time: 1.0000945 seconds
[2019-12-08T10:28:13.252+0000][1][safepoint    ] Entering safepoint region: Cleanup
[2019-12-08T10:28:13.252+0000][1][safepoint    ] Leaving safepoint region
[2019-12-08T10:28:13.252+0000][1][safepoint    ] Total time for which application threads were stopped: 0.0000711 seconds, Stopping threads took: 0.0000159 seconds
[2019-12-08T10:28:14.252+0000][1][safepoint    ] Application time: 1.0000730 seconds
[2019-12-08T10:28:14.252+0000][1][safepoint    ] Entering safepoint region: Cleanup
[2019-12-08T10:28:14.252+0000][1][safepoint    ] Leaving safepoint region
[2019-12-08T10:28:14.252+0000][1][safepoint    ] Total time for which application threads were stopped: 0.0000619 seconds, Stopping threads took: 0.0000142 seconds
[2019-12-08T10:28:15.252+0000][1][safepoint    ] Application time: 1.0000744 seconds
[2019-12-08T10:28:15.252+0000][1][safepoint    ] Entering safepoint region: Cleanup
[2019-12-08T10:28:15.252+0000][1][safepoint    ] Leaving safepoint region
[2019-12-08T10:28:15.252+0000][1][safepoint    ] Total time for which application threads were stopped: 0.0000640 seconds, Stopping threads took: 0.0000142 seconds
[2019-12-08T10:28:16.252+0000][1][safepoint    ] Application time: 1.0000788 seconds
[2019-12-08T10:28:16.252+0000][1][safepoint    ] Entering safepoint region: Cleanup
[2019-12-08T10:28:16.252+0000][1][safepoint    ] Leaving safepoint region
[2019-12-08T10:28:16.252+0000][1][safepoint    ] Total time for which application threads were stopped: 0.0000705 seconds, Stopping threads took: 0.0000173 seconds
[2019-12-08T10:28:17.252+0000][1][safepoint    ] Application time: 1.0000767 seconds
[2019-12-08T10:28:17.253+0000][1][safepoint    ] Entering safepoint region: Cleanup
[2019-12-08T10:28:17.253+0000][1][safepoint    ] Leaving safepoint region
[2019-12-08T10:28:17.253+0000][1][safepoint    ] Total time for which application threads were stopped: 0.0000657 seconds, Stopping threads took: 0.0000171 seconds
[2019-12-08T10:28:18.253+0000][1][safepoint    ] Application time: 1.0000773 seconds
[2019-12-08T10:28:18.253+0000][1][safepoint    ] Entering safepoint region: Cleanup
[2019-12-08T10:28:18.253+0000][1][safepoint    ] Leaving safepoint region
[2019-12-08T10:28:18.253+0000][1][safepoint    ] Total time for which application threads were stopped: 0.0000671 seconds, Stopping threads took: 0.0000159 seconds
[2019-12-08T10:28:19.253+0000][1][safepoint    ] Application time: 1.0000748 seconds
[2019-12-08T10:28:19.253+0000][1][safepoint    ] Entering safepoint region: Cleanup
[2019-12-08T10:28:19.253+0000][1][safepoint    ] Leaving safepoint region
[2019-12-08T10:28:19.253+0000][1][safepoint    ] Total time for which application threads were stopped: 0.0000649 seconds, Stopping threads took: 0.0000142 seconds
[2019-12-08T10:28:20.253+0000][1][safepoint    ] Application time: 1.0000783 seconds
[2019-12-08T10:28:20.253+0000][1][safepoint    ] Entering safepoint region: Cleanup
[2019-12-08T10:28:20.253+0000][1][safepoint    ] Leaving safepoint region
[2019-12-08T10:28:20.253+0000][1][safepoint    ] Total time for which application threads were stopped: 0.0000684 seconds, Stopping threads took: 0.0000163 seconds
[2019-12-08T10:28:21.253+0000][1][safepoint    ] Application time: 1.0000780 seconds
[2019-12-08T10:28:21.253+0000][1][safepoint    ] Entering safepoint region: Cleanup
[2019-12-08T10:28:21.253+0000][1][safepoint    ] Leaving safepoint region
[2019-12-08T10:28:21.253+0000][1][safepoint    ] Total time for which application threads were stopped: 0.0000662 seconds, Stopping threads took: 0.0000160 seconds
[2019-12-08T10:28:22.253+0000][1][safepoint    ] Application time: 1.0000772 seconds
[2019-12-08T10:28:22.253+0000][1][safepoint    ] Entering safepoint region: Cleanup
[2019-12-08T10:28:22.253+0000][1][safepoint    ] Leaving safepoint region
[2019-12-08T10:28:22.254+0000][1][safepoint    ] Total time for which application threads were stopped: 0.0000674 seconds, Stopping threads took: 0.0000152 seconds
[2019-12-08T10:28:23.254+0000][1][safepoint    ] Application time: 1.0000805 seconds
[2019-12-08T10:28:23.254+0000][1][safepoint    ] Entering safepoint region: Cleanup
[2019-12-08T10:28:23.254+0000][1][safepoint    ] Leaving safepoint region
[2019-12-08T10:28:23.254+0000][1][safepoint    ] Total time for which application threads were stopped: 0.0000820 seconds, Stopping threads took: 0.0000157 seconds
[2019-12-08T10:28:24.254+0000][1][safepoint    ] Application time: 1.0000737 seconds
[2019-12-08T10:28:24.254+0000][1][safepoint    ] Entering safepoint region: Cleanup
[2019-12-08T10:28:24.254+0000][1][safepoint    ] Leaving safepoint region
[2019-12-08T10:28:24.254+0000][1][safepoint    ] Total time for which application threads were stopped: 0.0000685 seconds, Stopping threads took: 0.0000165 seconds
[2019-12-08T10:28:25.254+0000][1][safepoint    ] Application time: 1.0000754 seconds
[2019-12-08T10:28:25.254+0000][1][safepoint    ] Entering safepoint region: Cleanup
[2019-12-08T10:28:25.254+0000][1][safepoint    ] Leaving safepoint region
[2019-12-08T10:28:25.254+0000][1][safepoint    ] Total time for which application threads were stopped: 0.0000677 seconds, Stopping threads took: 0.0000167 seconds
[2019-12-08T10:28:26.254+0000][1][safepoint    ] Application time: 1.0000790 seconds
[2019-12-08T10:28:26.254+0000][1][safepoint    ] Entering safepoint region: Cleanup
[2019-12-08T10:28:26.254+0000][1][safepoint    ] Leaving safepoint region
[2019-12-08T10:28:26.254+0000][1][safepoint    ] Total time for which application threads were stopped: 0.0000669 seconds, Stopping threads took: 0.0000167 seconds
[2019-12-08T10:28:27.254+0000][1][safepoint    ] Application time: 1.0000755 seconds
[2019-12-08T10:28:27.254+0000][1][safepoint    ] Entering safepoint region: Cleanup
[2019-12-08T10:28:27.254+0000][1][safepoint    ] Leaving safepoint region
[2019-12-08T10:28:27.254+0000][1][safepoint    ] Total time for which application threads were stopped: 0.0000680 seconds, Stopping threads took: 0.0000157 seconds
[2019-12-08T10:28:28.255+0000][1][safepoint    ] Application time: 1.0000774 seconds
[2019-12-08T10:28:28.255+0000][1][safepoint    ] Entering safepoint region: Cleanup
[2019-12-08T10:28:28.255+0000][1][safepoint    ] Leaving safepoint region
[2019-12-08T10:28:28.255+0000][1][safepoint    ] Total time for which application threads were stopped: 0.0000673 seconds, Stopping threads took: 0.0000157 seconds
[2019-12-08T10:28:29.255+0000][1][safepoint    ] Application time: 1.0000758 seconds
[2019-12-08T10:28:29.255+0000][1][safepoint    ] Entering safepoint region: Cleanup
[2019-12-08T10:28:29.255+0000][1][safepoint    ] Leaving safepoint region
[2019-12-08T10:28:29.255+0000][1][safepoint    ] Total time for which application threads were stopped: 0.0000662 seconds, Stopping threads took: 0.0000152 seconds
[2019-12-08T10:28:30.255+0000][1][safepoint    ] Application time: 1.0000769 seconds
[2019-12-08T10:28:30.255+0000][1][safepoint    ] Entering safepoint region: Cleanup
[2019-12-08T10:28:30.255+0000][1][safepoint    ] Leaving safepoint region
[2019-12-08T10:28:30.255+0000][1][safepoint    ] Total time for which application threads were stopped: 0.0000690 seconds, Stopping threads took: 0.0000151 seconds
[2019-12-08T10:28:31.255+0000][1][safepoint    ] Application time: 1.0000745 seconds
[2019-12-08T10:28:31.255+0000][1][safepoint    ] Entering safepoint region: Cleanup
[2019-12-08T10:28:31.255+0000][1][safepoint    ] Leaving safepoint region
[2019-12-08T10:28:31.255+0000][1][safepoint    ] Total time for which application threads were stopped: 0.0000678 seconds, Stopping threads took: 0.0000154 seconds
[2019-12-08T10:28:32.255+0000][1][safepoint    ] Application time: 1.0000752 seconds
[2019-12-08T10:28:32.255+0000][1][safepoint    ] Entering safepoint region: Cleanup
[2019-12-08T10:28:32.255+0000][1][safepoint    ] Leaving safepoint region
[2019-12-08T10:28:32.255+0000][1][safepoint    ] Total time for which application threads were stopped: 0.0000676 seconds, Stopping threads took: 0.0000151 seconds
[2019-12-08T10:28:33.255+0000][1][safepoint    ] Application time: 1.0000751 seconds
[2019-12-08T10:28:33.256+0000][1][safepoint    ] Entering safepoint region: Cleanup
[2019-12-08T10:28:33.256+0000][1][safepoint    ] Leaving safepoint region
[2019-12-08T10:28:33.256+0000][1][safepoint    ] Total time for which application threads were stopped: 0.0000701 seconds, Stopping threads took: 0.0000163 seconds
[2019-12-08T10:28:34.256+0000][1][safepoint    ] Application time: 1.0000760 seconds
[2019-12-08T10:28:34.256+0000][1][safepoint    ] Entering safepoint region: Cleanup
[2019-12-08T10:28:34.256+0000][1][safepoint    ] Leaving safepoint region
[2019-12-08T10:28:34.256+0000][1][safepoint    ] Total time for which application threads were stopped: 0.0000769 seconds, Stopping threads took: 0.0000242 seconds
[2019-12-08T10:28:35.256+0000][1][safepoint    ] Application time: 1.0000768 seconds
[2019-12-08T10:28:35.256+0000][1][safepoint    ] Entering safepoint region: Cleanup
[2019-12-08T10:28:35.256+0000][1][safepoint    ] Leaving safepoint region
[2019-12-08T10:28:35.256+0000][1][safepoint    ] Total time for which application threads were stopped: 0.0000687 seconds, Stopping threads took: 0.0000147 seconds
[2019-12-08T10:28:36.256+0000][1][safepoint    ] Application time: 1.0000760 seconds
[2019-12-08T10:28:36.256+0000][1][safepoint    ] Entering safepoint region: Cleanup
[2019-12-08T10:28:36.256+0000][1][safepoint    ] Leaving safepoint region
[2019-12-08T10:28:36.256+0000][1][safepoint    ] Total time for which application threads were stopped: 0.0000690 seconds, Stopping threads took: 0.0000159 seconds
[2019-12-08T10:28:37.256+0000][1][safepoint    ] Application time: 1.0000741 seconds
[2019-12-08T10:28:37.256+0000][1][safepoint    ] Entering safepoint region: Cleanup
[2019-12-08T10:28:37.256+0000][1][safepoint    ] Leaving safepoint region
[2019-12-08T10:28:37.256+0000][1][safepoint    ] Total time for which application threads were stopped: 0.0000680 seconds, Stopping threads took: 0.0000171 seconds
[2019-12-08T10:28:38.256+0000][1][safepoint    ] Application time: 1.0000765 seconds
[2019-12-08T10:28:38.256+0000][1][safepoint    ] Entering safepoint region: Cleanup
[2019-12-08T10:28:38.257+0000][1][safepoint    ] Leaving safepoint region
[2019-12-08T10:28:38.257+0000][1][safepoint    ] Total time for which application threads were stopped: 0.0000760 seconds, Stopping threads took: 0.0000186 seconds
[2019-12-08T10:28:39.429+0000][1][safepoint    ] Application time: 1.1723538 seconds
[2019-12-08T10:28:39.429+0000][1][safepoint    ] Entering safepoint region: Cleanup
[2019-12-08T10:28:39.429+0000][1][safepoint    ] Leaving safepoint region
[2019-12-08T10:28:39.429+0000][1][safepoint    ] Total time for which application threads were stopped: 0.0000790 seconds, Stopping threads took: 0.0000173 seconds
[2019-12-08T10:28:40.429+0000][1][safepoint    ] Application time: 1.0000812 seconds
[2019-12-08T10:28:40.429+0000][1][safepoint    ] Entering safepoint region: Cleanup
[2019-12-08T10:28:40.429+0000][1][safepoint    ] Leaving safepoint region
[2019-12-08T10:28:40.429+0000][1][safepoint    ] Total time for which application threads were stopped: 0.0000678 seconds, Stopping threads took: 0.0000163 seconds
[2019-12-08T10:28:41.429+0000][1][safepoint    ] Application time: 1.0000795 seconds
[2019-12-08T10:28:41.429+0000][1][safepoint    ] Entering safepoint region: Cleanup
[2019-12-08T10:28:41.429+0000][1][safepoint    ] Leaving safepoint region
[2019-12-08T10:28:41.429+0000][1][safepoint    ] Total time for which application threads were stopped: 0.0000678 seconds, Stopping threads took: 0.0000173 seconds
[2019-12-08T10:28:42.429+0000][1][safepoint    ] Application time: 1.0000803 seconds
[2019-12-08T10:28:42.429+0000][1][safepoint    ] Entering safepoint region: Cleanup
[2019-12-08T10:28:42.430+0000][1][safepoint    ] Leaving safepoint region
[2019-12-08T10:28:42.430+0000][1][safepoint    ] Total time for which application threads were stopped: 0.0000699 seconds, Stopping threads took: 0.0000163 seconds
[2019-12-08T10:28:43.430+0000][1][safepoint    ] Application time: 1.0000786 seconds
[2019-12-08T10:28:43.430+0000][1][safepoint    ] Entering safepoint region: Cleanup
[2019-12-08T10:28:43.430+0000][1][safepoint    ] Leaving safepoint region
[2019-12-08T10:28:43.430+0000][1][safepoint    ] Total time for which application threads were stopped: 0.0000756 seconds, Stopping threads took: 0.0000154 seconds
[2019-12-08T10:28:44.430+0000][1][safepoint    ] Application time: 1.0000759 seconds
[2019-12-08T10:28:44.430+0000][1][safepoint    ] Entering safepoint region: Cleanup
[2019-12-08T10:28:44.430+0000][1][safepoint    ] Leaving safepoint region
[2019-12-08T10:28:44.430+0000][1][safepoint    ] Total time for which application threads were stopped: 0.0000671 seconds, Stopping threads took: 0.0000161 seconds
[2019-12-08T10:28:45.430+0000][1][safepoint    ] Application time: 1.0000752 seconds
[2019-12-08T10:28:45.430+0000][1][safepoint    ] Entering safepoint region: Cleanup
[2019-12-08T10:28:45.430+0000][1][safepoint    ] Leaving safepoint region
[2019-12-08T10:28:45.430+0000][1][safepoint    ] Total time for which application threads were stopped: 0.0000668 seconds, Stopping threads took: 0.0000170 seconds
[2019-12-08T10:28:46.430+0000][1][safepoint    ] Application time: 1.0000816 seconds
[2019-12-08T10:28:46.430+0000][1][safepoint    ] Entering safepoint region: Cleanup
[2019-12-08T10:28:46.430+0000][1][safepoint    ] Leaving safepoint region
[2019-12-08T10:28:46.430+0000][1][safepoint    ] Total time for which application threads were stopped: 0.0000731 seconds, Stopping threads took: 0.0000176 seconds
[2019-12-08T10:28:47.430+0000][1][safepoint    ] Application time: 1.0000789 seconds
[2019-12-08T10:28:47.430+0000][1][safepoint    ] Entering safepoint region: Cleanup
[2019-12-08T10:28:47.430+0000][1][safepoint    ] Leaving safepoint region
[2019-12-08T10:28:47.430+0000][1][safepoint    ] Total time for which application threads were stopped: 0.0000702 seconds, Stopping threads took: 0.0000186 seconds
[2019-12-08T10:28:48.431+0000][1][safepoint    ] Application time: 1.0000784 seconds
[2019-12-08T10:28:48.431+0000][1][safepoint    ] Entering safepoint region: Cleanup
[2019-12-08T10:28:48.431+0000][1][safepoint    ] Leaving safepoint region
[2019-12-08T10:28:48.431+0000][1][safepoint    ] Total time for which application threads were stopped: 0.0000709 seconds, Stopping threads took: 0.0000175 seconds
[2019-12-08T10:28:49.242+0000][1][safepoint    ] Application time: 0.8115505 seconds
[2019-12-08T10:28:49.242+0000][1][safepoint    ] Entering safepoint region: GenCollectForAllocation
[2019-12-08T10:28:49.242+0000][1][gc,start     ] GC(39) Pause Young (Allocation Failure)
[2019-12-08T10:28:49.242+0000][1][gc,task      ] GC(39) Using 4 workers of 4 for evacuation
[2019-12-08T10:28:49.243+0000][1][gc,age       ] GC(39) Desired survivor size 4456448 bytes, new threshold 6 (max threshold 6)
[2019-12-08T10:28:49.243+0000][1][gc,age       ] GC(39) Age table with threshold 6 (max threshold 6)
[2019-12-08T10:28:49.243+0000][1][gc,age       ] GC(39) - age   1:       4064 bytes,       4064 total
[2019-12-08T10:28:49.243+0000][1][gc,age       ] GC(39) - age   2:        304 bytes,       4368 total
[2019-12-08T10:28:49.243+0000][1][gc,age       ] GC(39) - age   3:       2528 bytes,       6896 total
[2019-12-08T10:28:49.243+0000][1][gc,age       ] GC(39) - age   4:       1528 bytes,       8424 total
[2019-12-08T10:28:49.243+0000][1][gc,age       ] GC(39) - age   6:       1640 bytes,      10064 total
[2019-12-08T10:28:49.243+0000][1][gc,heap      ] GC(39) ParNew: 69935K->17K(78656K)
[2019-12-08T10:28:49.243+0000][1][gc,heap      ] GC(39) CMS: 71041K->71042K(174784K)
[2019-12-08T10:28:49.243+0000][1][gc,metaspace ] GC(39) Metaspace: 69162K->69162K(1112064K)
[2019-12-08T10:28:49.243+0000][1][gc           ] GC(39) Pause Young (Allocation Failure) 137M->69M(247M) 0.991ms
[2019-12-08T10:28:49.243+0000][1][gc,cpu       ] GC(39) User=0.01s Sys=0.00s Real=0.00s
[2019-12-08T10:28:49.243+0000][1][safepoint    ] Leaving safepoint region
[2019-12-08T10:28:49.243+0000][1][safepoint    ] Total time for which application threads were stopped: 0.0011433 seconds, Stopping threads took: 0.0000253 seconds
[2019-12-08T10:28:50.243+0000][1][safepoint    ] Application time: 1.0000886 seconds
[2019-12-08T10:28:50.244+0000][1][safepoint    ] Entering safepoint region: Cleanup
[2019-12-08T10:28:50.244+0000][1][safepoint    ] Leaving safepoint region
[2019-12-08T10:28:50.244+0000][1][safepoint    ] Total time for which application threads were stopped: 0.0000710 seconds, Stopping threads took: 0.0000156 seconds
[2019-12-08T10:28:51.244+0000][1][safepoint    ] Application time: 1.0000854 seconds
[2019-12-08T10:28:51.244+0000][1][safepoint    ] Entering safepoint region: Cleanup
[2019-12-08T10:28:51.244+0000][1][safepoint    ] Leaving safepoint region
[2019-12-08T10:28:51.244+0000][1][safepoint    ] Total time for which application threads were stopped: 0.0000717 seconds, Stopping threads took: 0.0000178 seconds
[2019-12-08T10:28:52.244+0000][1][safepoint    ] Application time: 1.0000826 seconds
[2019-12-08T10:28:52.244+0000][1][safepoint    ] Entering safepoint region: Cleanup
[2019-12-08T10:28:52.244+0000][1][safepoint    ] Leaving safepoint region
[2019-12-08T10:28:52.244+0000][1][safepoint    ] Total time for which application threads were stopped: 0.0000754 seconds, Stopping threads took: 0.0000170 seconds
[2019-12-08T10:28:53.244+0000][1][safepoint    ] Application time: 1.0000859 seconds
[2019-12-08T10:28:53.244+0000][1][safepoint    ] Entering safepoint region: Cleanup
[2019-12-08T10:28:53.244+0000][1][safepoint    ] Leaving safepoint region
[2019-12-08T10:28:53.244+0000][1][safepoint    ] Total time for which application threads were stopped: 0.0001232 seconds, Stopping threads took: 0.0000500 seconds
[2019-12-08T10:28:54.244+0000][1][safepoint    ] Application time: 1.0000997 seconds
[2019-12-08T10:28:54.244+0000][1][safepoint    ] Entering safepoint region: Cleanup
[2019-12-08T10:28:54.245+0000][1][safepoint    ] Leaving safepoint region
[2019-12-08T10:28:54.245+0000][1][safepoint    ] Total time for which application threads were stopped: 0.0001264 seconds, Stopping threads took: 0.0000574 seconds
[2019-12-08T10:28:55.245+0000][1][safepoint    ] Application time: 1.0000860 seconds
[2019-12-08T10:28:55.245+0000][1][safepoint    ] Entering safepoint region: Cleanup
[2019-12-08T10:28:55.245+0000][1][safepoint    ] Leaving safepoint region
[2019-12-08T10:28:55.245+0000][1][safepoint    ] Total time for which application threads were stopped: 0.0000797 seconds, Stopping threads took: 0.0000175 seconds
[2019-12-08T10:28:56.245+0000][1][safepoint    ] Application time: 1.0000761 seconds
[2019-12-08T10:28:56.245+0000][1][safepoint    ] Entering safepoint region: Cleanup
[2019-12-08T10:28:56.245+0000][1][safepoint    ] Leaving safepoint region
[2019-12-08T10:28:56.245+0000][1][safepoint    ] Total time for which application threads were stopped: 0.0000735 seconds, Stopping threads took: 0.0000187 seconds
[2019-12-08T10:28:57.245+0000][1][safepoint    ] Application time: 1.0000780 seconds
[2019-12-08T10:28:57.245+0000][1][safepoint    ] Entering safepoint region: Cleanup
[2019-12-08T10:28:57.245+0000][1][safepoint    ] Leaving safepoint region
[2019-12-08T10:28:57.245+0000][1][safepoint    ] Total time for which application threads were stopped: 0.0000713 seconds, Stopping threads took: 0.0000174 seconds
[2019-12-08T10:28:58.245+0000][1][safepoint    ] Application time: 1.0000789 seconds
[2019-12-08T10:28:58.245+0000][1][safepoint    ] Entering safepoint region: Cleanup
[2019-12-08T10:28:58.245+0000][1][safepoint    ] Leaving safepoint region
[2019-12-08T10:28:58.245+0000][1][safepoint    ] Total time for which application threads were stopped: 0.0000755 seconds, Stopping threads took: 0.0000195 seconds
[2019-12-08T10:28:59.245+0000][1][safepoint    ] Application time: 1.0000787 seconds
[2019-12-08T10:28:59.245+0000][1][safepoint    ] Entering safepoint region: Cleanup
[2019-12-08T10:28:59.246+0000][1][safepoint    ] Leaving safepoint region
[2019-12-08T10:28:59.246+0000][1][safepoint    ] Total time for which application threads were stopped: 0.0000708 seconds, Stopping threads took: 0.0000177 seconds
[2019-12-08T10:29:00.246+0000][1][safepoint    ] Application time: 1.0000788 seconds
[2019-12-08T10:29:00.246+0000][1][safepoint    ] Entering safepoint region: Cleanup
[2019-12-08T10:29:00.246+0000][1][safepoint    ] Leaving safepoint region
[2019-12-08T10:29:00.246+0000][1][safepoint    ] Total time for which application threads were stopped: 0.0000811 seconds, Stopping threads took: 0.0000173 seconds
[2019-12-08T10:29:01.246+0000][1][safepoint    ] Application time: 1.0000799 seconds
[2019-12-08T10:29:01.246+0000][1][safepoint    ] Entering safepoint region: Cleanup
[2019-12-08T10:29:01.246+0000][1][safepoint    ] Leaving safepoint region
[2019-12-08T10:29:01.246+0000][1][safepoint    ] Total time for which application threads were stopped: 0.0000793 seconds, Stopping threads took: 0.0000193 seconds
[2019-12-08T10:29:02.246+0000][1][safepoint    ] Application time: 1.0000900 seconds
[2019-12-08T10:29:02.246+0000][1][safepoint    ] Entering safepoint region: Cleanup
[2019-12-08T10:29:02.246+0000][1][safepoint    ] Leaving safepoint region
[2019-12-08T10:29:02.246+0000][1][safepoint    ] Total time for which application threads were stopped: 0.0000760 seconds, Stopping threads took: 0.0000193 seconds
[2019-12-08T10:29:03.246+0000][1][safepoint    ] Application time: 1.0000824 seconds
[2019-12-08T10:29:03.246+0000][1][safepoint    ] Entering safepoint region: Cleanup
[2019-12-08T10:29:03.246+0000][1][safepoint    ] Leaving safepoint region
[2019-12-08T10:29:03.246+0000][1][safepoint    ] Total time for which application threads were stopped: 0.0000733 seconds, Stopping threads took: 0.0000179 seconds
[2019-12-08T10:29:04.246+0000][1][safepoint    ] Application time: 1.0000833 seconds
[2019-12-08T10:29:04.246+0000][1][safepoint    ] Entering safepoint region: Cleanup
[2019-12-08T10:29:04.247+0000][1][safepoint    ] Leaving safepoint region
[2019-12-08T10:29:04.247+0000][1][safepoint    ] Total time for which application threads were stopped: 0.0000719 seconds, Stopping threads took: 0.0000170 seconds
[2019-12-08T10:29:05.247+0000][1][safepoint    ] Application time: 1.0000804 seconds
[2019-12-08T10:29:05.247+0000][1][safepoint    ] Entering safepoint region: Cleanup
[2019-12-08T10:29:05.247+0000][1][safepoint    ] Leaving safepoint region
[2019-12-08T10:29:05.247+0000][1][safepoint    ] Total time for which application threads were stopped: 0.0000810 seconds, Stopping threads took: 0.0000272 seconds
[2019-12-08T10:29:06.247+0000][1][safepoint    ] Application time: 1.0000866 seconds
[2019-12-08T10:29:06.247+0000][1][safepoint    ] Entering safepoint region: Cleanup
[2019-12-08T10:29:06.247+0000][1][safepoint    ] Leaving safepoint region
[2019-12-08T10:29:06.247+0000][1][safepoint    ] Total time for which application threads were stopped: 0.0000743 seconds, Stopping threads took: 0.0000181 seconds
[2019-12-08T10:29:07.247+0000][1][safepoint    ] Application time: 1.0000839 seconds
[2019-12-08T10:29:07.247+0000][1][safepoint    ] Entering safepoint region: Cleanup
[2019-12-08T10:29:07.247+0000][1][safepoint    ] Leaving safepoint region
[2019-12-08T10:29:07.247+0000][1][safepoint    ] Total time for which application threads were stopped: 0.0000726 seconds, Stopping threads took: 0.0000175 seconds
[2019-12-08T10:29:08.247+0000][1][safepoint    ] Application time: 1.0000754 seconds
[2019-12-08T10:29:08.247+0000][1][safepoint    ] Entering safepoint region: Cleanup
[2019-12-08T10:29:08.247+0000][1][safepoint    ] Leaving safepoint region
[2019-12-08T10:29:08.247+0000][1][safepoint    ] Total time for which application threads were stopped: 0.0000725 seconds, Stopping threads took: 0.0000180 seconds
[2019-12-08T10:29:09.247+0000][1][safepoint    ] Application time: 1.0000777 seconds
[2019-12-08T10:29:09.247+0000][1][safepoint    ] Entering safepoint region: Cleanup
[2019-12-08T10:29:09.248+0000][1][safepoint    ] Leaving safepoint region
[2019-12-08T10:29:09.248+0000][1][safepoint    ] Total time for which application threads were stopped: 0.0000708 seconds, Stopping threads took: 0.0000172 seconds
[2019-12-08T10:29:10.248+0000][1][safepoint    ] Application time: 1.0000820 seconds
[2019-12-08T10:29:10.248+0000][1][safepoint    ] Entering safepoint region: Cleanup
[2019-12-08T10:29:10.248+0000][1][safepoint    ] Leaving safepoint region
[2019-12-08T10:29:10.248+0000][1][safepoint    ] Total time for which application threads were stopped: 0.0000878 seconds, Stopping threads took: 0.0000339 seconds
[2019-12-08T10:29:11.248+0000][1][safepoint    ] Application time: 1.0000803 seconds
[2019-12-08T10:29:11.248+0000][1][safepoint    ] Entering safepoint region: Cleanup
[2019-12-08T10:29:11.248+0000][1][safepoint    ] Leaving safepoint region
[2019-12-08T10:29:11.248+0000][1][safepoint    ] Total time for which application threads were stopped: 0.0000737 seconds, Stopping threads took: 0.0000187 seconds
[2019-12-08T10:29:12.248+0000][1][safepoint    ] Application time: 1.0000775 seconds
[2019-12-08T10:29:12.248+0000][1][safepoint    ] Entering safepoint region: Cleanup
[2019-12-08T10:29:12.248+0000][1][safepoint    ] Leaving safepoint region
[2019-12-08T10:29:12.248+0000][1][safepoint    ] Total time for which application threads were stopped: 0.0000734 seconds, Stopping threads took: 0.0000182 seconds
[2019-12-08T10:29:13.248+0000][1][safepoint    ] Application time: 1.0000824 seconds
[2019-12-08T10:29:13.248+0000][1][safepoint    ] Entering safepoint region: Cleanup
[2019-12-08T10:29:13.248+0000][1][safepoint    ] Leaving safepoint region
[2019-12-08T10:29:13.248+0000][1][safepoint    ] Total time for which application threads were stopped: 0.0000710 seconds, Stopping threads took: 0.0000179 seconds
[2019-12-08T10:29:14.248+0000][1][safepoint    ] Application time: 1.0000765 seconds
[2019-12-08T10:29:14.248+0000][1][safepoint    ] Entering safepoint region: Cleanup
[2019-12-08T10:29:14.249+0000][1][safepoint    ] Leaving safepoint region
[2019-12-08T10:29:14.249+0000][1][safepoint    ] Total time for which application threads were stopped: 0.0000701 seconds, Stopping threads took: 0.0000171 seconds
[2019-12-08T10:29:15.249+0000][1][safepoint    ] Application time: 1.0000765 seconds
[2019-12-08T10:29:15.249+0000][1][safepoint    ] Entering safepoint region: Cleanup
[2019-12-08T10:29:15.249+0000][1][safepoint    ] Leaving safepoint region
[2019-12-08T10:29:15.249+0000][1][safepoint    ] Total time for which application threads were stopped: 0.0000832 seconds, Stopping threads took: 0.0000186 seconds
[2019-12-08T10:29:16.249+0000][1][safepoint    ] Application time: 1.0000765 seconds
[2019-12-08T10:29:16.249+0000][1][safepoint    ] Entering safepoint region: Cleanup
[2019-12-08T10:29:16.249+0000][1][safepoint    ] Leaving safepoint region
[2019-12-08T10:29:16.249+0000][1][safepoint    ] Total time for which application threads were stopped: 0.0000703 seconds, Stopping threads took: 0.0000174 seconds
[2019-12-08T10:29:17.249+0000][1][safepoint    ] Application time: 1.0000783 seconds
[2019-12-08T10:29:17.249+0000][1][safepoint    ] Entering safepoint region: Cleanup
[2019-12-08T10:29:17.249+0000][1][safepoint    ] Leaving safepoint region
[2019-12-08T10:29:17.249+0000][1][safepoint    ] Total time for which application threads were stopped: 0.0000731 seconds, Stopping threads took: 0.0000177 seconds
[2019-12-08T10:29:18.249+0000][1][safepoint    ] Application time: 1.0000768 seconds
[2019-12-08T10:29:18.249+0000][1][safepoint    ] Entering safepoint region: Cleanup
[2019-12-08T10:29:18.249+0000][1][safepoint    ] Leaving safepoint region
[2019-12-08T10:29:18.249+0000][1][safepoint    ] Total time for which application threads were stopped: 0.0000738 seconds, Stopping threads took: 0.0000173 seconds
[2019-12-08T10:29:19.249+0000][1][safepoint    ] Application time: 1.0000819 seconds
[2019-12-08T10:29:19.249+0000][1][safepoint    ] Entering safepoint region: Cleanup
[2019-12-08T10:29:19.250+0000][1][safepoint    ] Leaving safepoint region
[2019-12-08T10:29:19.250+0000][1][safepoint    ] Total time for which application threads were stopped: 0.0000740 seconds, Stopping threads took: 0.0000173 seconds
[2019-12-08T10:29:20.250+0000][1][safepoint    ] Application time: 1.0000800 seconds
[2019-12-08T10:29:20.250+0000][1][safepoint    ] Entering safepoint region: Cleanup
[2019-12-08T10:29:20.250+0000][1][safepoint    ] Leaving safepoint region
[2019-12-08T10:29:20.250+0000][1][safepoint    ] Total time for which application threads were stopped: 0.0000833 seconds, Stopping threads took: 0.0000192 seconds
[2019-12-08T10:29:21.250+0000][1][safepoint    ] Application time: 1.0000839 seconds
[2019-12-08T10:29:21.250+0000][1][safepoint    ] Entering safepoint region: Cleanup
[2019-12-08T10:29:21.250+0000][1][safepoint    ] Leaving safepoint region
[2019-12-08T10:29:21.250+0000][1][safepoint    ] Total time for which application threads were stopped: 0.0000720 seconds, Stopping threads took: 0.0000183 seconds
[2019-12-08T10:29:22.250+0000][1][safepoint    ] Application time: 1.0000772 seconds
[2019-12-08T10:29:22.250+0000][1][safepoint    ] Entering safepoint region: Cleanup
[2019-12-08T10:29:22.250+0000][1][safepoint    ] Leaving safepoint region
[2019-12-08T10:29:22.250+0000][1][safepoint    ] Total time for which application threads were stopped: 0.0000789 seconds, Stopping threads took: 0.0000174 seconds
[2019-12-08T10:29:23.250+0000][1][safepoint    ] Application time: 1.0000795 seconds
[2019-12-08T10:29:23.250+0000][1][safepoint    ] Entering safepoint region: Cleanup
[2019-12-08T10:29:23.250+0000][1][safepoint    ] Leaving safepoint region
[2019-12-08T10:29:23.250+0000][1][safepoint    ] Total time for which application threads were stopped: 0.0000742 seconds, Stopping threads took: 0.0000194 seconds
[2019-12-08T10:29:24.250+0000][1][safepoint    ] Application time: 1.0000799 seconds
[2019-12-08T10:29:24.250+0000][1][safepoint    ] Entering safepoint region: Cleanup
[2019-12-08T10:29:24.251+0000][1][safepoint    ] Leaving safepoint region
[2019-12-08T10:29:24.251+0000][1][safepoint    ] Total time for which application threads were stopped: 0.0000768 seconds, Stopping threads took: 0.0000190 seconds
[2019-12-08T10:29:25.251+0000][1][safepoint    ] Application time: 1.0000771 seconds
[2019-12-08T10:29:25.251+0000][1][safepoint    ] Entering safepoint region: Cleanup
[2019-12-08T10:29:25.251+0000][1][safepoint    ] Leaving safepoint region
[2019-12-08T10:29:25.251+0000][1][safepoint    ] Total time for which application threads were stopped: 0.0000892 seconds, Stopping threads took: 0.0000186 seconds
[2019-12-08T10:29:26.251+0000][1][safepoint    ] Application time: 1.0000766 seconds
[2019-12-08T10:29:26.251+0000][1][safepoint    ] Entering safepoint region: Cleanup
[2019-12-08T10:29:26.251+0000][1][safepoint    ] Leaving safepoint region
[2019-12-08T10:29:26.251+0000][1][safepoint    ] Total time for which application threads were stopped: 0.0000715 seconds, Stopping threads took: 0.0000173 seconds
[2019-12-08T10:29:27.251+0000][1][safepoint    ] Application time: 1.0000758 seconds
[2019-12-08T10:29:27.251+0000][1][safepoint    ] Entering safepoint region: Cleanup
[2019-12-08T10:29:27.251+0000][1][safepoint    ] Leaving safepoint region
[2019-12-08T10:29:27.251+0000][1][safepoint    ] Total time for which application threads were stopped: 0.0000739 seconds, Stopping threads took: 0.0000176 seconds
[2019-12-08T10:29:28.251+0000][1][safepoint    ] Application time: 1.0000383 seconds
[2019-12-08T10:29:28.251+0000][1][safepoint    ] Entering safepoint region: Cleanup
[2019-12-08T10:29:28.251+0000][1][safepoint    ] Leaving safepoint region
[2019-12-08T10:29:28.251+0000][1][safepoint    ] Total time for which application threads were stopped: 0.0000735 seconds, Stopping threads took: 0.0000180 seconds
[2019-12-08T10:29:29.581+0000][1][safepoint    ] Application time: 1.3300903 seconds
[2019-12-08T10:29:29.581+0000][1][safepoint    ] Entering safepoint region: Cleanup
[2019-12-08T10:29:29.581+0000][1][safepoint    ] Leaving safepoint region
[2019-12-08T10:29:29.581+0000][1][safepoint    ] Total time for which application threads were stopped: 0.0000740 seconds, Stopping threads took: 0.0000162 seconds
[2019-12-08T10:29:30.582+0000][1][safepoint    ] Application time: 1.0000781 seconds
[2019-12-08T10:29:30.582+0000][1][safepoint    ] Entering safepoint region: Cleanup
[2019-12-08T10:29:30.582+0000][1][safepoint    ] Leaving safepoint region
[2019-12-08T10:29:30.582+0000][1][safepoint    ] Total time for which application threads were stopped: 0.0000732 seconds, Stopping threads took: 0.0000181 seconds
[2019-12-08T10:29:31.582+0000][1][safepoint    ] Application time: 1.0000766 seconds
[2019-12-08T10:29:31.582+0000][1][safepoint    ] Entering safepoint region: Cleanup
[2019-12-08T10:29:31.582+0000][1][safepoint    ] Leaving safepoint region
[2019-12-08T10:29:31.582+0000][1][safepoint    ] Total time for which application threads were stopped: 0.0000686 seconds, Stopping threads took: 0.0000172 seconds
[2019-12-08T10:29:32.582+0000][1][safepoint    ] Application time: 1.0000768 seconds
[2019-12-08T10:29:32.582+0000][1][safepoint    ] Entering safepoint region: Cleanup
[2019-12-08T10:29:32.582+0000][1][safepoint    ] Leaving safepoint region
[2019-12-08T10:29:32.582+0000][1][safepoint    ] Total time for which application threads were stopped: 0.0000700 seconds, Stopping threads took: 0.0000166 seconds
[2019-12-08T10:29:33.582+0000][1][safepoint    ] Application time: 1.0000805 seconds
[2019-12-08T10:29:33.582+0000][1][safepoint    ] Entering safepoint region: Cleanup
[2019-12-08T10:29:33.582+0000][1][safepoint    ] Leaving safepoint region
[2019-12-08T10:29:33.582+0000][1][safepoint    ] Total time for which application threads were stopped: 0.0000786 seconds, Stopping threads took: 0.0000228 seconds
[2019-12-08T10:29:34.582+0000][1][safepoint    ] Application time: 1.0000790 seconds
[2019-12-08T10:29:34.582+0000][1][safepoint    ] Entering safepoint region: Cleanup
[2019-12-08T10:29:34.582+0000][1][safepoint    ] Leaving safepoint region
[2019-12-08T10:29:34.582+0000][1][safepoint    ] Total time for which application threads were stopped: 0.0000776 seconds, Stopping threads took: 0.0000178 seconds
[2019-12-08T10:29:35.582+0000][1][safepoint    ] Application time: 1.0000785 seconds
[2019-12-08T10:29:35.583+0000][1][safepoint    ] Entering safepoint region: Cleanup
[2019-12-08T10:29:35.583+0000][1][safepoint    ] Leaving safepoint region
[2019-12-08T10:29:35.583+0000][1][safepoint    ] Total time for which application threads were stopped: 0.0000731 seconds, Stopping threads took: 0.0000191 seconds
[2019-12-08T10:29:36.583+0000][1][safepoint    ] Application time: 1.0000800 seconds
[2019-12-08T10:29:36.583+0000][1][safepoint    ] Entering safepoint region: Cleanup
[2019-12-08T10:29:36.583+0000][1][safepoint    ] Leaving safepoint region
[2019-12-08T10:29:36.583+0000][1][safepoint    ] Total time for which application threads were stopped: 0.0000705 seconds, Stopping threads took: 0.0000167 seconds
[2019-12-08T10:29:37.583+0000][1][safepoint    ] Application time: 1.0000802 seconds
[2019-12-08T10:29:37.583+0000][1][safepoint    ] Entering safepoint region: Cleanup
[2019-12-08T10:29:37.583+0000][1][safepoint    ] Leaving safepoint region
[2019-12-08T10:29:37.583+0000][1][safepoint    ] Total time for which application threads were stopped: 0.0000748 seconds, Stopping threads took: 0.0000183 seconds
[2019-12-08T10:29:38.583+0000][1][safepoint    ] Application time: 1.0000774 seconds
[2019-12-08T10:29:38.583+0000][1][safepoint    ] Entering safepoint region: Cleanup
[2019-12-08T10:29:38.583+0000][1][safepoint    ] Leaving safepoint region
[2019-12-08T10:29:38.583+0000][1][safepoint    ] Total time for which application threads were stopped: 0.0000699 seconds, Stopping threads took: 0.0000162 seconds
[2019-12-08T10:29:39.583+0000][1][safepoint    ] Application time: 1.0000772 seconds
[2019-12-08T10:29:39.583+0000][1][safepoint    ] Entering safepoint region: Cleanup
[2019-12-08T10:29:39.583+0000][1][safepoint    ] Leaving safepoint region
[2019-12-08T10:29:39.583+0000][1][safepoint    ] Total time for which application threads were stopped: 0.0000739 seconds, Stopping threads took: 0.0000179 seconds
[2019-12-08T10:29:40.583+0000][1][safepoint    ] Application time: 1.0000829 seconds
[2019-12-08T10:29:40.584+0000][1][safepoint    ] Entering safepoint region: Cleanup
[2019-12-08T10:29:40.584+0000][1][safepoint    ] Leaving safepoint region
[2019-12-08T10:29:40.584+0000][1][safepoint    ] Total time for which application threads were stopped: 0.0000750 seconds, Stopping threads took: 0.0000194 seconds
[2019-12-08T10:29:41.584+0000][1][safepoint    ] Application time: 1.0000829 seconds
[2019-12-08T10:29:41.584+0000][1][safepoint    ] Entering safepoint region: Cleanup
[2019-12-08T10:29:41.584+0000][1][safepoint    ] Leaving safepoint region
[2019-12-08T10:29:41.584+0000][1][safepoint    ] Total time for which application threads were stopped: 0.0000742 seconds, Stopping threads took: 0.0000180 seconds
[2019-12-08T10:29:42.584+0000][1][safepoint    ] Application time: 1.0000798 seconds
[2019-12-08T10:29:42.584+0000][1][safepoint    ] Entering safepoint region: Cleanup
[2019-12-08T10:29:42.584+0000][1][safepoint    ] Leaving safepoint region
[2019-12-08T10:29:42.584+0000][1][safepoint    ] Total time for which application threads were stopped: 0.0000714 seconds, Stopping threads took: 0.0000171 seconds
[2019-12-08T10:29:43.584+0000][1][safepoint    ] Application time: 1.0000929 seconds
[2019-12-08T10:29:43.584+0000][1][safepoint    ] Entering safepoint region: Cleanup
[2019-12-08T10:29:43.584+0000][1][safepoint    ] Leaving safepoint region
[2019-12-08T10:29:43.584+0000][1][safepoint    ] Total time for which application threads were stopped: 0.0000745 seconds, Stopping threads took: 0.0000179 seconds
[2019-12-08T10:29:44.584+0000][1][safepoint    ] Application time: 1.0000854 seconds
[2019-12-08T10:29:44.584+0000][1][safepoint    ] Entering safepoint region: Cleanup
[2019-12-08T10:29:44.584+0000][1][safepoint    ] Leaving safepoint region
[2019-12-08T10:29:44.584+0000][1][safepoint    ] Total time for which application threads were stopped: 0.0000713 seconds, Stopping threads took: 0.0000180 seconds
[2019-12-08T10:29:45.584+0000][1][safepoint    ] Application time: 1.0000783 seconds
[2019-12-08T10:29:45.584+0000][1][safepoint    ] Entering safepoint region: Cleanup
[2019-12-08T10:29:45.585+0000][1][safepoint    ] Leaving safepoint region
[2019-12-08T10:29:45.585+0000][1][safepoint    ] Total time for which application threads were stopped: 0.0000691 seconds, Stopping threads took: 0.0000165 seconds
[2019-12-08T10:29:46.585+0000][1][safepoint    ] Application time: 1.0000776 seconds
[2019-12-08T10:29:46.585+0000][1][safepoint    ] Entering safepoint region: Cleanup
[2019-12-08T10:29:46.585+0000][1][safepoint    ] Leaving safepoint region
[2019-12-08T10:29:46.585+0000][1][safepoint    ] Total time for which application threads were stopped: 0.0000826 seconds, Stopping threads took: 0.0000287 seconds
[2019-12-08T10:29:47.585+0000][1][safepoint    ] Application time: 1.0000760 seconds
[2019-12-08T10:29:47.585+0000][1][safepoint    ] Entering safepoint region: Cleanup
[2019-12-08T10:29:47.585+0000][1][safepoint    ] Leaving safepoint region
[2019-12-08T10:29:47.585+0000][1][safepoint    ] Total time for which application threads were stopped: 0.0000709 seconds, Stopping threads took: 0.0000174 seconds
[2019-12-08T10:29:48.585+0000][1][safepoint    ] Application time: 1.0000827 seconds
[2019-12-08T10:29:48.585+0000][1][safepoint    ] Entering safepoint region: Cleanup
[2019-12-08T10:29:48.585+0000][1][safepoint    ] Leaving safepoint region
[2019-12-08T10:29:48.585+0000][1][safepoint    ] Total time for which application threads were stopped: 0.0000715 seconds, Stopping threads took: 0.0000182 seconds
[2019-12-08T10:29:49.585+0000][1][safepoint    ] Application time: 1.0000811 seconds
[2019-12-08T10:29:49.585+0000][1][safepoint    ] Entering safepoint region: Cleanup
[2019-12-08T10:29:49.585+0000][1][safepoint    ] Leaving safepoint region
[2019-12-08T10:29:49.585+0000][1][safepoint    ] Total time for which application threads were stopped: 0.0000725 seconds, Stopping threads took: 0.0000185 seconds
[2019-12-08T10:29:50.585+0000][1][safepoint    ] Application time: 1.0000796 seconds
[2019-12-08T10:29:50.585+0000][1][safepoint    ] Entering safepoint region: Cleanup
[2019-12-08T10:29:50.586+0000][1][safepoint    ] Leaving safepoint region
[2019-12-08T10:29:50.586+0000][1][safepoint    ] Total time for which application threads were stopped: 0.0000782 seconds, Stopping threads took: 0.0000246 seconds
[2019-12-08T10:29:51.586+0000][1][safepoint    ] Application time: 1.0000797 seconds
[2019-12-08T10:29:51.586+0000][1][safepoint    ] Entering safepoint region: Cleanup
[2019-12-08T10:29:51.586+0000][1][safepoint    ] Leaving safepoint region
[2019-12-08T10:29:51.586+0000][1][safepoint    ] Total time for which application threads were stopped: 0.0000878 seconds, Stopping threads took: 0.0000180 seconds
[2019-12-08T10:29:52.586+0000][1][safepoint    ] Application time: 1.0000863 seconds
[2019-12-08T10:29:52.586+0000][1][safepoint    ] Entering safepoint region: Cleanup
[2019-12-08T10:29:52.586+0000][1][safepoint    ] Leaving safepoint region
[2019-12-08T10:29:52.586+0000][1][safepoint    ] Total time for which application threads were stopped: 0.0000727 seconds, Stopping threads took: 0.0000180 seconds
[2019-12-08T10:29:53.586+0000][1][safepoint    ] Application time: 1.0000784 seconds
[2019-12-08T10:29:53.586+0000][1][safepoint    ] Entering safepoint region: Cleanup
[2019-12-08T10:29:53.586+0000][1][safepoint    ] Leaving safepoint region
[2019-12-08T10:29:53.586+0000][1][safepoint    ] Total time for which application threads were stopped: 0.0000735 seconds, Stopping threads took: 0.0000194 seconds
[2019-12-08T10:29:54.586+0000][1][safepoint    ] Application time: 1.0000793 seconds
[2019-12-08T10:29:54.586+0000][1][safepoint    ] Entering safepoint region: Cleanup
[2019-12-08T10:29:54.586+0000][1][safepoint    ] Leaving safepoint region
[2019-12-08T10:29:54.586+0000][1][safepoint    ] Total time for which application threads were stopped: 0.0000716 seconds, Stopping threads took: 0.0000170 seconds
[2019-12-08T10:29:55.586+0000][1][safepoint    ] Application time: 1.0000798 seconds
[2019-12-08T10:29:55.586+0000][1][safepoint    ] Entering safepoint region: Cleanup
[2019-12-08T10:29:55.586+0000][1][safepoint    ] Leaving safepoint region
[2019-12-08T10:29:55.587+0000][1][safepoint    ] Total time for which application threads were stopped: 0.0000730 seconds, Stopping threads took: 0.0000198 seconds
[2019-12-08T10:29:56.587+0000][1][safepoint    ] Application time: 1.0000791 seconds
[2019-12-08T10:29:56.587+0000][1][safepoint    ] Entering safepoint region: Cleanup
[2019-12-08T10:29:56.587+0000][1][safepoint    ] Leaving safepoint region
[2019-12-08T10:29:56.587+0000][1][safepoint    ] Total time for which application threads were stopped: 0.0000844 seconds, Stopping threads took: 0.0000198 seconds
[2019-12-08T10:29:57.587+0000][1][safepoint    ] Application time: 1.0000813 seconds
[2019-12-08T10:29:57.587+0000][1][safepoint    ] Entering safepoint region: Cleanup
[2019-12-08T10:29:57.587+0000][1][safepoint    ] Leaving safepoint region
[2019-12-08T10:29:57.587+0000][1][safepoint    ] Total time for which application threads were stopped: 0.0000722 seconds, Stopping threads took: 0.0000178 seconds
[2019-12-08T10:29:58.587+0000][1][safepoint    ] Application time: 1.0000789 seconds
[2019-12-08T10:29:58.587+0000][1][safepoint    ] Entering safepoint region: Cleanup
[2019-12-08T10:29:58.587+0000][1][safepoint    ] Leaving safepoint region
[2019-12-08T10:29:58.587+0000][1][safepoint    ] Total time for which application threads were stopped: 0.0000701 seconds, Stopping threads took: 0.0000172 seconds
[2019-12-08T10:29:59.587+0000][1][safepoint    ] Application time: 1.0000779 seconds
[2019-12-08T10:29:59.587+0000][1][safepoint    ] Entering safepoint region: Cleanup
[2019-12-08T10:29:59.587+0000][1][safepoint    ] Leaving safepoint region
[2019-12-08T10:29:59.587+0000][1][safepoint    ] Total time for which application threads were stopped: 0.0000743 seconds, Stopping threads took: 0.0000174 seconds
[2019-12-08T10:30:00.587+0000][1][safepoint    ] Application time: 1.0000766 seconds
[2019-12-08T10:30:00.587+0000][1][safepoint    ] Entering safepoint region: Cleanup
[2019-12-08T10:30:00.587+0000][1][safepoint    ] Leaving safepoint region
[2019-12-08T10:30:00.587+0000][1][safepoint    ] Total time for which application threads were stopped: 0.0000726 seconds, Stopping threads took: 0.0000181 seconds
[2019-12-08T10:30:01.588+0000][1][safepoint    ] Application time: 1.0000821 seconds
[2019-12-08T10:30:01.588+0000][1][safepoint    ] Entering safepoint region: Cleanup
[2019-12-08T10:30:01.588+0000][1][safepoint    ] Leaving safepoint region
[2019-12-08T10:30:01.588+0000][1][safepoint    ] Total time for which application threads were stopped: 0.0000870 seconds, Stopping threads took: 0.0000185 seconds
[2019-12-08T10:30:02.588+0000][1][safepoint    ] Application time: 1.0000863 seconds
[2019-12-08T10:30:02.588+0000][1][safepoint    ] Entering safepoint region: Cleanup
[2019-12-08T10:30:02.588+0000][1][safepoint    ] Leaving safepoint region
[2019-12-08T10:30:02.588+0000][1][safepoint    ] Total time for which application threads were stopped: 0.0000751 seconds, Stopping threads took: 0.0000189 seconds
[2019-12-08T10:30:03.588+0000][1][safepoint    ] Application time: 1.0000897 seconds
[2019-12-08T10:30:03.588+0000][1][safepoint    ] Entering safepoint region: Cleanup
[2019-12-08T10:30:03.588+0000][1][safepoint    ] Leaving safepoint region
[2019-12-08T10:30:03.588+0000][1][safepoint    ] Total time for which application threads were stopped: 0.0000751 seconds, Stopping threads took: 0.0000186 seconds
[2019-12-08T10:30:04.588+0000][1][safepoint    ] Application time: 1.0000861 seconds
[2019-12-08T10:30:04.588+0000][1][safepoint    ] Entering safepoint region: Cleanup
[2019-12-08T10:30:04.588+0000][1][safepoint    ] Leaving safepoint region
[2019-12-08T10:30:04.588+0000][1][safepoint    ] Total time for which application threads were stopped: 0.0000754 seconds, Stopping threads took: 0.0000177 seconds
[2019-12-08T10:30:05.588+0000][1][safepoint    ] Application time: 1.0000803 seconds
[2019-12-08T10:30:05.588+0000][1][safepoint    ] Entering safepoint region: Cleanup
[2019-12-08T10:30:05.589+0000][1][safepoint    ] Leaving safepoint region
[2019-12-08T10:30:05.589+0000][1][safepoint    ] Total time for which application threads were stopped: 0.0000728 seconds, Stopping threads took: 0.0000183 seconds
[2019-12-08T10:30:06.589+0000][1][safepoint    ] Application time: 1.0000806 seconds
[2019-12-08T10:30:06.589+0000][1][safepoint    ] Entering safepoint region: Cleanup
[2019-12-08T10:30:06.589+0000][1][safepoint    ] Leaving safepoint region
[2019-12-08T10:30:06.589+0000][1][safepoint    ] Total time for which application threads were stopped: 0.0000884 seconds, Stopping threads took: 0.0000203 seconds
[2019-12-08T10:30:07.589+0000][1][safepoint    ] Application time: 1.0000815 seconds
[2019-12-08T10:30:07.589+0000][1][safepoint    ] Entering safepoint region: Cleanup
[2019-12-08T10:30:07.589+0000][1][safepoint    ] Leaving safepoint region
[2019-12-08T10:30:07.589+0000][1][safepoint    ] Total time for which application threads were stopped: 0.0000719 seconds, Stopping threads took: 0.0000181 seconds
[2019-12-08T10:30:08.589+0000][1][safepoint    ] Application time: 1.0000766 seconds
[2019-12-08T10:30:08.589+0000][1][safepoint    ] Entering safepoint region: Cleanup
[2019-12-08T10:30:08.589+0000][1][safepoint    ] Leaving safepoint region
[2019-12-08T10:30:08.589+0000][1][safepoint    ] Total time for which application threads were stopped: 0.0000698 seconds, Stopping threads took: 0.0000176 seconds
[2019-12-08T10:30:09.589+0000][1][safepoint    ] Application time: 1.0000789 seconds
[2019-12-08T10:30:09.589+0000][1][safepoint    ] Entering safepoint region: Cleanup
[2019-12-08T10:30:09.589+0000][1][safepoint    ] Leaving safepoint region
[2019-12-08T10:30:09.589+0000][1][safepoint    ] Total time for which application threads were stopped: 0.0000747 seconds, Stopping threads took: 0.0000182 seconds
[2019-12-08T10:30:10.589+0000][1][safepoint    ] Application time: 1.0000813 seconds
[2019-12-08T10:30:10.589+0000][1][safepoint    ] Entering safepoint region: Cleanup
[2019-12-08T10:30:10.589+0000][1][safepoint    ] Leaving safepoint region
[2019-12-08T10:30:10.590+0000][1][safepoint    ] Total time for which application threads were stopped: 0.0000743 seconds, Stopping threads took: 0.0000174 seconds
[2019-12-08T10:30:11.590+0000][1][safepoint    ] Application time: 1.0000804 seconds
[2019-12-08T10:30:11.590+0000][1][safepoint    ] Entering safepoint region: Cleanup
[2019-12-08T10:30:11.590+0000][1][safepoint    ] Leaving safepoint region
[2019-12-08T10:30:11.590+0000][1][safepoint    ] Total time for which application threads were stopped: 0.0000880 seconds, Stopping threads took: 0.0000179 seconds
[2019-12-08T10:30:12.590+0000][1][safepoint    ] Application time: 1.0000791 seconds
[2019-12-08T10:30:12.590+0000][1][safepoint    ] Entering safepoint region: Cleanup
[2019-12-08T10:30:12.590+0000][1][safepoint    ] Leaving safepoint region
[2019-12-08T10:30:12.590+0000][1][safepoint    ] Total time for which application threads were stopped: 0.0000733 seconds, Stopping threads took: 0.0000181 seconds
[2019-12-08T10:30:13.590+0000][1][safepoint    ] Application time: 1.0000862 seconds
[2019-12-08T10:30:13.590+0000][1][safepoint    ] Entering safepoint region: Cleanup
[2019-12-08T10:30:13.590+0000][1][safepoint    ] Leaving safepoint region
[2019-12-08T10:30:13.590+0000][1][safepoint    ] Total time for which application threads were stopped: 0.0000739 seconds, Stopping threads took: 0.0000186 seconds
[2019-12-08T10:30:15.292+0000][1][safepoint    ] Application time: 1.7019817 seconds
[2019-12-08T10:30:15.292+0000][1][safepoint    ] Entering safepoint region: Cleanup
[2019-12-08T10:30:15.292+0000][1][safepoint    ] Leaving safepoint region
[2019-12-08T10:30:15.292+0000][1][safepoint    ] Total time for which application threads were stopped: 0.0000690 seconds, Stopping threads took: 0.0000154 seconds
[2019-12-08T10:30:16.292+0000][1][safepoint    ] Application time: 1.0000817 seconds
[2019-12-08T10:30:16.292+0000][1][safepoint    ] Entering safepoint region: Cleanup
[2019-12-08T10:30:16.292+0000][1][safepoint    ] Leaving safepoint region
[2019-12-08T10:30:16.292+0000][1][safepoint    ] Total time for which application threads were stopped: 0.0000839 seconds, Stopping threads took: 0.0000191 seconds
[2019-12-08T10:30:17.292+0000][1][safepoint    ] Application time: 1.0000786 seconds
[2019-12-08T10:30:17.293+0000][1][safepoint    ] Entering safepoint region: Cleanup
[2019-12-08T10:30:17.293+0000][1][safepoint    ] Leaving safepoint region
[2019-12-08T10:30:17.293+0000][1][safepoint    ] Total time for which application threads were stopped: 0.0000644 seconds, Stopping threads took: 0.0000154 seconds
[2019-12-08T10:30:18.293+0000][1][safepoint    ] Application time: 1.0000790 seconds
[2019-12-08T10:30:18.293+0000][1][safepoint    ] Entering safepoint region: Cleanup
[2019-12-08T10:30:18.293+0000][1][safepoint    ] Leaving safepoint region
[2019-12-08T10:30:18.293+0000][1][safepoint    ] Total time for which application threads were stopped: 0.0001032 seconds, Stopping threads took: 0.0000489 seconds
[2019-12-08T10:30:19.293+0000][1][safepoint    ] Application time: 1.0000815 seconds
[2019-12-08T10:30:19.293+0000][1][safepoint    ] Entering safepoint region: Cleanup
[2019-12-08T10:30:19.293+0000][1][safepoint    ] Leaving safepoint region
[2019-12-08T10:30:19.293+0000][1][safepoint    ] Total time for which application threads were stopped: 0.0001045 seconds, Stopping threads took: 0.0000522 seconds
[2019-12-08T10:30:20.293+0000][1][safepoint    ] Application time: 1.0000818 seconds
[2019-12-08T10:30:20.293+0000][1][safepoint    ] Entering safepoint region: Cleanup
[2019-12-08T10:30:20.293+0000][1][safepoint    ] Leaving safepoint region
[2019-12-08T10:30:20.293+0000][1][safepoint    ] Total time for which application threads were stopped: 0.0000666 seconds, Stopping threads took: 0.0000177 seconds
[2019-12-08T10:30:21.293+0000][1][safepoint    ] Application time: 1.0000743 seconds
[2019-12-08T10:30:21.293+0000][1][safepoint    ] Entering safepoint region: Cleanup
[2019-12-08T10:30:21.293+0000][1][safepoint    ] Leaving safepoint region
[2019-12-08T10:30:21.293+0000][1][safepoint    ] Total time for which application threads were stopped: 0.0000727 seconds, Stopping threads took: 0.0000219 seconds
[2019-12-08T10:30:22.293+0000][1][safepoint    ] Application time: 1.0000798 seconds
[2019-12-08T10:30:22.293+0000][1][safepoint    ] Entering safepoint region: Cleanup
[2019-12-08T10:30:22.294+0000][1][safepoint    ] Leaving safepoint region
[2019-12-08T10:30:22.294+0000][1][safepoint    ] Total time for which application threads were stopped: 0.0000656 seconds, Stopping threads took: 0.0000149 seconds
[2019-12-08T10:30:23.294+0000][1][safepoint    ] Application time: 1.0000871 seconds
[2019-12-08T10:30:23.294+0000][1][safepoint    ] Entering safepoint region: Cleanup
[2019-12-08T10:30:23.294+0000][1][safepoint    ] Leaving safepoint region
[2019-12-08T10:30:23.294+0000][1][safepoint    ] Total time for which application threads were stopped: 0.0001128 seconds, Stopping threads took: 0.0000407 seconds
[2019-12-08T10:30:24.294+0000][1][safepoint    ] Application time: 1.0000787 seconds
[2019-12-08T10:30:24.294+0000][1][safepoint    ] Entering safepoint region: Cleanup
[2019-12-08T10:30:24.294+0000][1][safepoint    ] Leaving safepoint region
[2019-12-08T10:30:24.294+0000][1][safepoint    ] Total time for which application threads were stopped: 0.0000725 seconds, Stopping threads took: 0.0000195 seconds
[2019-12-08T10:30:25.294+0000][1][safepoint    ] Application time: 1.0000851 seconds
[2019-12-08T10:30:25.294+0000][1][safepoint    ] Entering safepoint region: Cleanup
[2019-12-08T10:30:25.294+0000][1][safepoint    ] Leaving safepoint region
[2019-12-08T10:30:25.294+0000][1][safepoint    ] Total time for which application threads were stopped: 0.0001220 seconds, Stopping threads took: 0.0000569 seconds
[2019-12-08T10:30:26.294+0000][1][safepoint    ] Application time: 1.0000872 seconds
[2019-12-08T10:30:26.294+0000][1][safepoint    ] Entering safepoint region: Cleanup
[2019-12-08T10:30:26.294+0000][1][safepoint    ] Leaving safepoint region
[2019-12-08T10:30:26.294+0000][1][safepoint    ] Total time for which application threads were stopped: 0.0000779 seconds, Stopping threads took: 0.0000179 seconds
[2019-12-08T10:30:27.295+0000][1][safepoint    ] Application time: 1.0000879 seconds
[2019-12-08T10:30:27.295+0000][1][safepoint    ] Entering safepoint region: Cleanup
[2019-12-08T10:30:27.295+0000][1][safepoint    ] Leaving safepoint region
[2019-12-08T10:30:27.295+0000][1][safepoint    ] Total time for which application threads were stopped: 0.0000720 seconds, Stopping threads took: 0.0000189 seconds
[2019-12-08T10:30:28.295+0000][1][safepoint    ] Application time: 1.0000857 seconds
[2019-12-08T10:30:28.295+0000][1][safepoint    ] Entering safepoint region: Cleanup
[2019-12-08T10:30:28.295+0000][1][safepoint    ] Leaving safepoint region
[2019-12-08T10:30:28.295+0000][1][safepoint    ] Total time for which application threads were stopped: 0.0000723 seconds, Stopping threads took: 0.0000191 seconds
[2019-12-08T10:30:29.295+0000][1][safepoint    ] Application time: 1.0000770 seconds
[2019-12-08T10:30:29.295+0000][1][safepoint    ] Entering safepoint region: Cleanup
[2019-12-08T10:30:29.295+0000][1][safepoint    ] Leaving safepoint region
[2019-12-08T10:30:29.295+0000][1][safepoint    ] Total time for which application threads were stopped: 0.0000684 seconds, Stopping threads took: 0.0000162 seconds
[2019-12-08T10:30:30.295+0000][1][safepoint    ] Application time: 1.0000793 seconds
[2019-12-08T10:30:30.295+0000][1][safepoint    ] Entering safepoint region: Cleanup
[2019-12-08T10:30:30.295+0000][1][safepoint    ] Leaving safepoint region
[2019-12-08T10:30:30.295+0000][1][safepoint    ] Total time for which application threads were stopped: 0.0000799 seconds, Stopping threads took: 0.0000155 seconds
[2019-12-08T10:30:31.295+0000][1][safepoint    ] Application time: 1.0000909 seconds
[2019-12-08T10:30:31.295+0000][1][safepoint    ] Entering safepoint region: Cleanup
[2019-12-08T10:30:31.295+0000][1][safepoint    ] Leaving safepoint region
[2019-12-08T10:30:31.295+0000][1][safepoint    ] Total time for which application threads were stopped: 0.0000770 seconds, Stopping threads took: 0.0000264 seconds
[2019-12-08T10:30:32.295+0000][1][safepoint    ] Application time: 1.0000773 seconds
[2019-12-08T10:30:32.296+0000][1][safepoint    ] Entering safepoint region: Cleanup
[2019-12-08T10:30:32.296+0000][1][safepoint    ] Leaving safepoint region
[2019-12-08T10:30:32.296+0000][1][safepoint    ] Total time for which application threads were stopped: 0.0000694 seconds, Stopping threads took: 0.0000162 seconds
[2019-12-08T10:30:33.296+0000][1][safepoint    ] Application time: 1.0000752 seconds
[2019-12-08T10:30:33.296+0000][1][safepoint    ] Entering safepoint region: Cleanup
[2019-12-08T10:30:33.296+0000][1][safepoint    ] Leaving safepoint region
[2019-12-08T10:30:33.296+0000][1][safepoint    ] Total time for which application threads were stopped: 0.0000692 seconds, Stopping threads took: 0.0000202 seconds
[2019-12-08T10:30:34.296+0000][1][safepoint    ] Application time: 1.0000862 seconds
[2019-12-08T10:30:34.296+0000][1][safepoint    ] Entering safepoint region: Cleanup
[2019-12-08T10:30:34.296+0000][1][safepoint    ] Leaving safepoint region
[2019-12-08T10:30:34.296+0000][1][safepoint    ] Total time for which application threads were stopped: 0.0000711 seconds, Stopping threads took: 0.0000214 seconds
[2019-12-08T10:30:35.296+0000][1][safepoint    ] Application time: 1.0000610 seconds
[2019-12-08T10:30:35.296+0000][1][safepoint    ] Entering safepoint region: Cleanup
[2019-12-08T10:30:35.296+0000][1][safepoint    ] Leaving safepoint region
[2019-12-08T10:30:35.296+0000][1][safepoint    ] Total time for which application threads were stopped: 0.0001527 seconds, Stopping threads took: 0.0000741 seconds
[2019-12-08T10:30:36.308+0000][1][safepoint    ] Application time: 1.0120052 seconds
[2019-12-08T10:30:36.308+0000][1][safepoint    ] Entering safepoint region: Cleanup
[2019-12-08T10:30:36.308+0000][1][safepoint    ] Leaving safepoint region
[2019-12-08T10:30:36.308+0000][1][safepoint    ] Total time for which application threads were stopped: 0.0000707 seconds, Stopping threads took: 0.0000155 seconds
[2019-12-08T10:30:37.308+0000][1][safepoint    ] Application time: 1.0000820 seconds
[2019-12-08T10:30:37.308+0000][1][safepoint    ] Entering safepoint region: Cleanup
[2019-12-08T10:30:37.308+0000][1][safepoint    ] Leaving safepoint region
[2019-12-08T10:30:37.309+0000][1][safepoint    ] Total time for which application threads were stopped: 0.0000701 seconds, Stopping threads took: 0.0000158 seconds
[2019-12-08T10:30:38.309+0000][1][safepoint    ] Application time: 1.0000779 seconds
[2019-12-08T10:30:38.309+0000][1][safepoint    ] Entering safepoint region: Cleanup
[2019-12-08T10:30:38.309+0000][1][safepoint    ] Leaving safepoint region
[2019-12-08T10:30:38.309+0000][1][safepoint    ] Total time for which application threads were stopped: 0.0001080 seconds, Stopping threads took: 0.0000230 seconds
[2019-12-08T10:30:39.309+0000][1][safepoint    ] Application time: 1.0000789 seconds
[2019-12-08T10:30:39.309+0000][1][safepoint    ] Entering safepoint region: Cleanup
[2019-12-08T10:30:39.309+0000][1][safepoint    ] Leaving safepoint region
[2019-12-08T10:30:39.309+0000][1][safepoint    ] Total time for which application threads were stopped: 0.0000683 seconds, Stopping threads took: 0.0000160 seconds
[2019-12-08T10:30:40.309+0000][1][safepoint    ] Application time: 1.0000780 seconds
[2019-12-08T10:30:40.309+0000][1][safepoint    ] Entering safepoint region: Cleanup
[2019-12-08T10:30:40.309+0000][1][safepoint    ] Leaving safepoint region
[2019-12-08T10:30:40.309+0000][1][safepoint    ] Total time for which application threads were stopped: 0.0000664 seconds, Stopping threads took: 0.0000154 seconds
[2019-12-08T10:30:41.309+0000][1][safepoint    ] Application time: 1.0000785 seconds
[2019-12-08T10:30:41.309+0000][1][safepoint    ] Entering safepoint region: Cleanup
[2019-12-08T10:30:41.309+0000][1][safepoint    ] Leaving safepoint region
[2019-12-08T10:30:41.309+0000][1][safepoint    ] Total time for which application threads were stopped: 0.0000720 seconds, Stopping threads took: 0.0000221 seconds
[2019-12-08T10:30:42.309+0000][1][safepoint    ] Application time: 1.0000778 seconds
[2019-12-08T10:30:42.309+0000][1][safepoint    ] Entering safepoint region: Cleanup
[2019-12-08T10:30:42.309+0000][1][safepoint    ] Leaving safepoint region
[2019-12-08T10:30:42.309+0000][1][safepoint    ] Total time for which application threads were stopped: 0.0000677 seconds, Stopping threads took: 0.0000163 seconds
[2019-12-08T10:30:43.310+0000][1][safepoint    ] Application time: 1.0000762 seconds
[2019-12-08T10:30:43.310+0000][1][safepoint    ] Entering safepoint region: Cleanup
[2019-12-08T10:30:43.310+0000][1][safepoint    ] Leaving safepoint region
[2019-12-08T10:30:43.310+0000][1][safepoint    ] Total time for which application threads were stopped: 0.0000676 seconds, Stopping threads took: 0.0000176 seconds
[2019-12-08T10:30:44.310+0000][1][safepoint    ] Application time: 1.0000757 seconds
[2019-12-08T10:30:44.310+0000][1][safepoint    ] Entering safepoint region: Cleanup
[2019-12-08T10:30:44.310+0000][1][safepoint    ] Leaving safepoint region
[2019-12-08T10:30:44.310+0000][1][safepoint    ] Total time for which application threads were stopped: 0.0000646 seconds, Stopping threads took: 0.0000149 seconds
[2019-12-08T10:30:45.310+0000][1][safepoint    ] Application time: 1.0000765 seconds
[2019-12-08T10:30:45.310+0000][1][safepoint    ] Entering safepoint region: Cleanup
[2019-12-08T10:30:45.310+0000][1][safepoint    ] Leaving safepoint region
[2019-12-08T10:30:45.310+0000][1][safepoint    ] Total time for which application threads were stopped: 0.0000642 seconds, Stopping threads took: 0.0000151 seconds
[2019-12-08T10:30:46.310+0000][1][safepoint    ] Application time: 1.0000801 seconds
[2019-12-08T10:30:46.310+0000][1][safepoint    ] Entering safepoint region: Cleanup
[2019-12-08T10:30:46.310+0000][1][safepoint    ] Leaving safepoint region
[2019-12-08T10:30:46.310+0000][1][safepoint    ] Total time for which application threads were stopped: 0.0000770 seconds, Stopping threads took: 0.0000173 seconds
[2019-12-08T10:30:47.310+0000][1][safepoint    ] Application time: 1.0000956 seconds
[2019-12-08T10:30:47.310+0000][1][safepoint    ] Entering safepoint region: Cleanup
[2019-12-08T10:30:47.310+0000][1][safepoint    ] Leaving safepoint region
[2019-12-08T10:30:47.310+0000][1][safepoint    ] Total time for which application threads were stopped: 0.0000643 seconds, Stopping threads took: 0.0000148 seconds
[2019-12-08T10:30:48.310+0000][1][safepoint    ] Application time: 1.0000769 seconds
[2019-12-08T10:30:48.310+0000][1][safepoint    ] Entering safepoint region: Cleanup
[2019-12-08T10:30:48.311+0000][1][safepoint    ] Leaving safepoint region
[2019-12-08T10:30:48.311+0000][1][safepoint    ] Total time for which application threads were stopped: 0.0000678 seconds, Stopping threads took: 0.0000163 seconds
[2019-12-08T10:30:49.311+0000][1][safepoint    ] Application time: 1.0000778 seconds
[2019-12-08T10:30:49.311+0000][1][safepoint    ] Entering safepoint region: Cleanup
[2019-12-08T10:30:49.311+0000][1][safepoint    ] Leaving safepoint region
[2019-12-08T10:30:49.311+0000][1][safepoint    ] Total time for which application threads were stopped: 0.0000831 seconds, Stopping threads took: 0.0000168 seconds
[2019-12-08T10:30:50.311+0000][1][safepoint    ] Application time: 1.0000767 seconds
[2019-12-08T10:30:50.311+0000][1][safepoint    ] Entering safepoint region: Cleanup
[2019-12-08T10:30:50.311+0000][1][safepoint    ] Leaving safepoint region
[2019-12-08T10:30:50.311+0000][1][safepoint    ] Total time for which application threads were stopped: 0.0000736 seconds, Stopping threads took: 0.0000217 seconds
[2019-12-08T10:30:51.311+0000][1][safepoint    ] Application time: 1.0000792 seconds
[2019-12-08T10:30:51.311+0000][1][safepoint    ] Entering safepoint region: Cleanup
[2019-12-08T10:30:51.311+0000][1][safepoint    ] Leaving safepoint region
[2019-12-08T10:30:51.311+0000][1][safepoint    ] Total time for which application threads were stopped: 0.0000737 seconds, Stopping threads took: 0.0000157 seconds
[2019-12-08T10:30:52.311+0000][1][safepoint    ] Application time: 1.0000819 seconds
[2019-12-08T10:30:52.311+0000][1][safepoint    ] Entering safepoint region: Cleanup
[2019-12-08T10:30:52.311+0000][1][safepoint    ] Leaving safepoint region
[2019-12-08T10:30:52.311+0000][1][safepoint    ] Total time for which application threads were stopped: 0.0000713 seconds, Stopping threads took: 0.0000152 seconds
[2019-12-08T10:30:53.311+0000][1][safepoint    ] Application time: 1.0000950 seconds
[2019-12-08T10:30:53.311+0000][1][safepoint    ] Entering safepoint region: Cleanup
[2019-12-08T10:30:53.311+0000][1][safepoint    ] Leaving safepoint region
[2019-12-08T10:30:53.311+0000][1][safepoint    ] Total time for which application threads were stopped: 0.0000656 seconds, Stopping threads took: 0.0000154 seconds
[2019-12-08T10:30:54.312+0000][1][safepoint    ] Application time: 1.0000777 seconds
[2019-12-08T10:30:54.312+0000][1][safepoint    ] Entering safepoint region: Cleanup
[2019-12-08T10:30:54.312+0000][1][safepoint    ] Leaving safepoint region
[2019-12-08T10:30:54.312+0000][1][safepoint    ] Total time for which application threads were stopped: 0.0000737 seconds, Stopping threads took: 0.0000216 seconds
[2019-12-08T10:30:55.312+0000][1][safepoint    ] Application time: 1.0000808 seconds
[2019-12-08T10:30:55.312+0000][1][safepoint    ] Entering safepoint region: Cleanup
[2019-12-08T10:30:55.312+0000][1][safepoint    ] Leaving safepoint region
[2019-12-08T10:30:55.312+0000][1][safepoint    ] Total time for which application threads were stopped: 0.0000703 seconds, Stopping threads took: 0.0000176 seconds
[2019-12-08T10:30:56.308+0000][1][safepoint    ] Application time: 0.9959595 seconds
[2019-12-08T10:30:56.308+0000][1][safepoint    ] Entering safepoint region: GenCollectForAllocation
[2019-12-08T10:30:56.308+0000][1][gc,start     ] GC(40) Pause Young (Allocation Failure)
[2019-12-08T10:30:56.308+0000][1][gc,task      ] GC(40) Using 4 workers of 4 for evacuation
[2019-12-08T10:30:56.309+0000][1][gc,age       ] GC(40) Desired survivor size 4456448 bytes, new threshold 6 (max threshold 6)
[2019-12-08T10:30:56.309+0000][1][gc,age       ] GC(40) Age table with threshold 6 (max threshold 6)
[2019-12-08T10:30:56.309+0000][1][gc,age       ] GC(40) - age   1:       4248 bytes,       4248 total
[2019-12-08T10:30:56.309+0000][1][gc,age       ] GC(40) - age   2:         32 bytes,       4280 total
[2019-12-08T10:30:56.309+0000][1][gc,age       ] GC(40) - age   3:        272 bytes,       4552 total
[2019-12-08T10:30:56.309+0000][1][gc,age       ] GC(40) - age   4:       2528 bytes,       7080 total
[2019-12-08T10:30:56.309+0000][1][gc,age       ] GC(40) - age   5:       1528 bytes,       8608 total
[2019-12-08T10:30:56.309+0000][1][gc,heap      ] GC(40) ParNew: 69968K->14K(78656K)
[2019-12-08T10:30:56.309+0000][1][gc,heap      ] GC(40) CMS: 71042K->71043K(174784K)
[2019-12-08T10:30:56.309+0000][1][gc,metaspace ] GC(40) Metaspace: 69162K->69162K(1112064K)
[2019-12-08T10:30:56.309+0000][1][gc           ] GC(40) Pause Young (Allocation Failure) 137M->69M(247M) 0.980ms
[2019-12-08T10:30:56.309+0000][1][gc,cpu       ] GC(40) User=0.00s Sys=0.00s Real=0.00s
[2019-12-08T10:30:56.309+0000][1][safepoint    ] Leaving safepoint region
[2019-12-08T10:30:56.309+0000][1][safepoint    ] Total time for which application threads were stopped: 0.0011181 seconds, Stopping threads took: 0.0000169 seconds
[2019-12-08T10:30:57.309+0000][1][safepoint    ] Application time: 1.0000852 seconds
[2019-12-08T10:30:57.309+0000][1][safepoint    ] Entering safepoint region: Cleanup
[2019-12-08T10:30:57.309+0000][1][safepoint    ] Leaving safepoint region
[2019-12-08T10:30:57.309+0000][1][safepoint    ] Total time for which application threads were stopped: 0.0000675 seconds, Stopping threads took: 0.0000177 seconds
[2019-12-08T10:30:58.309+0000][1][safepoint    ] Application time: 1.0000756 seconds
[2019-12-08T10:30:58.309+0000][1][safepoint    ] Entering safepoint region: Cleanup
[2019-12-08T10:30:58.309+0000][1][safepoint    ] Leaving safepoint region
[2019-12-08T10:30:58.309+0000][1][safepoint    ] Total time for which application threads were stopped: 0.0000676 seconds, Stopping threads took: 0.0000173 seconds
[2019-12-08T10:30:59.309+0000][1][safepoint    ] Application time: 1.0000755 seconds
[2019-12-08T10:30:59.309+0000][1][safepoint    ] Entering safepoint region: Cleanup
[2019-12-08T10:30:59.309+0000][1][safepoint    ] Leaving safepoint region
[2019-12-08T10:30:59.309+0000][1][safepoint    ] Total time for which application threads were stopped: 0.0000633 seconds, Stopping threads took: 0.0000149 seconds
[2019-12-08T10:31:00.310+0000][1][safepoint    ] Application time: 1.0000746 seconds
[2019-12-08T10:31:00.310+0000][1][safepoint    ] Entering safepoint region: Cleanup
[2019-12-08T10:31:00.310+0000][1][safepoint    ] Leaving safepoint region
[2019-12-08T10:31:00.310+0000][1][safepoint    ] Total time for which application threads were stopped: 0.0000650 seconds, Stopping threads took: 0.0000171 seconds
[2019-12-08T10:31:01.310+0000][1][safepoint    ] Application time: 1.0000860 seconds
[2019-12-08T10:31:01.310+0000][1][safepoint    ] Entering safepoint region: Cleanup
[2019-12-08T10:31:01.310+0000][1][safepoint    ] Leaving safepoint region
[2019-12-08T10:31:01.310+0000][1][safepoint    ] Total time for which application threads were stopped: 0.0000714 seconds, Stopping threads took: 0.0000174 seconds
[2019-12-08T10:31:02.310+0000][1][safepoint    ] Application time: 1.0000823 seconds
[2019-12-08T10:31:02.310+0000][1][safepoint    ] Entering safepoint region: Cleanup
[2019-12-08T10:31:02.310+0000][1][safepoint    ] Leaving safepoint region
[2019-12-08T10:31:02.310+0000][1][safepoint    ] Total time for which application threads were stopped: 0.0000952 seconds, Stopping threads took: 0.0000235 seconds
[2019-12-08T10:31:03.310+0000][1][safepoint    ] Application time: 1.0001004 seconds
[2019-12-08T10:31:03.310+0000][1][safepoint    ] Entering safepoint region: Cleanup
[2019-12-08T10:31:03.310+0000][1][safepoint    ] Leaving safepoint region
[2019-12-08T10:31:03.310+0000][1][safepoint    ] Total time for which application threads were stopped: 0.0000704 seconds, Stopping threads took: 0.0000176 seconds
[2019-12-08T10:31:04.310+0000][1][safepoint    ] Application time: 1.0000840 seconds
[2019-12-08T10:31:04.310+0000][1][safepoint    ] Entering safepoint region: Cleanup
[2019-12-08T10:31:04.311+0000][1][safepoint    ] Leaving safepoint region
[2019-12-08T10:31:04.311+0000][1][safepoint    ] Total time for which application threads were stopped: 0.0000705 seconds, Stopping threads took: 0.0000171 seconds
[2019-12-08T10:31:05.311+0000][1][safepoint    ] Application time: 1.0000787 seconds
[2019-12-08T10:31:05.311+0000][1][safepoint    ] Entering safepoint region: Cleanup
[2019-12-08T10:31:05.311+0000][1][safepoint    ] Leaving safepoint region
[2019-12-08T10:31:05.311+0000][1][safepoint    ] Total time for which application threads were stopped: 0.0000847 seconds, Stopping threads took: 0.0000174 seconds
[2019-12-08T10:31:06.311+0000][1][safepoint    ] Application time: 1.0000758 seconds
[2019-12-08T10:31:06.311+0000][1][safepoint    ] Entering safepoint region: Cleanup
[2019-12-08T10:31:06.311+0000][1][safepoint    ] Leaving safepoint region
[2019-12-08T10:31:06.311+0000][1][safepoint    ] Total time for which application threads were stopped: 0.0000690 seconds, Stopping threads took: 0.0000159 seconds
[2019-12-08T10:31:07.311+0000][1][safepoint    ] Application time: 1.0000831 seconds
[2019-12-08T10:31:07.311+0000][1][safepoint    ] Entering safepoint region: Cleanup
[2019-12-08T10:31:07.311+0000][1][safepoint    ] Leaving safepoint region
[2019-12-08T10:31:07.311+0000][1][safepoint    ] Total time for which application threads were stopped: 0.0000722 seconds, Stopping threads took: 0.0000181 seconds
[2019-12-08T10:31:08.312+0000][1][safepoint    ] Application time: 1.0006000 seconds
[2019-12-08T10:31:08.312+0000][1][safepoint    ] Entering safepoint region: Cleanup
[2019-12-08T10:31:08.312+0000][1][safepoint    ] Leaving safepoint region
[2019-12-08T10:31:08.312+0000][1][safepoint    ] Total time for which application threads were stopped: 0.0000973 seconds, Stopping threads took: 0.0000228 seconds
[2019-12-08T10:31:09.312+0000][1][safepoint    ] Application time: 1.0000759 seconds
[2019-12-08T10:31:09.312+0000][1][safepoint    ] Entering safepoint region: Cleanup
[2019-12-08T10:31:09.312+0000][1][safepoint    ] Leaving safepoint region
[2019-12-08T10:31:09.312+0000][1][safepoint    ] Total time for which application threads were stopped: 0.0000703 seconds, Stopping threads took: 0.0000185 seconds
[2019-12-08T10:31:10.312+0000][1][safepoint    ] Application time: 1.0000768 seconds
[2019-12-08T10:31:10.312+0000][1][safepoint    ] Entering safepoint region: Cleanup
[2019-12-08T10:31:10.312+0000][1][safepoint    ] Leaving safepoint region
[2019-12-08T10:31:10.312+0000][1][safepoint    ] Total time for which application threads were stopped: 0.0000679 seconds, Stopping threads took: 0.0000171 seconds
[2019-12-08T10:31:11.312+0000][1][safepoint    ] Application time: 1.0000774 seconds
[2019-12-08T10:31:11.312+0000][1][safepoint    ] Entering safepoint region: Cleanup
[2019-12-08T10:31:11.312+0000][1][safepoint    ] Leaving safepoint region
[2019-12-08T10:31:11.312+0000][1][safepoint    ] Total time for which application threads were stopped: 0.0000665 seconds, Stopping threads took: 0.0000163 seconds
[2019-12-08T10:31:12.313+0000][1][safepoint    ] Application time: 1.0000804 seconds
[2019-12-08T10:31:12.313+0000][1][safepoint    ] Entering safepoint region: Cleanup
[2019-12-08T10:31:12.313+0000][1][safepoint    ] Leaving safepoint region
[2019-12-08T10:31:12.313+0000][1][safepoint    ] Total time for which application threads were stopped: 0.0000712 seconds, Stopping threads took: 0.0000187 seconds
[2019-12-08T10:31:13.313+0000][1][safepoint    ] Application time: 1.0000814 seconds
[2019-12-08T10:31:13.313+0000][1][safepoint    ] Entering safepoint region: Cleanup
[2019-12-08T10:31:13.313+0000][1][safepoint    ] Leaving safepoint region
[2019-12-08T10:31:13.313+0000][1][safepoint    ] Total time for which application threads were stopped: 0.0000696 seconds, Stopping threads took: 0.0000172 seconds
[2019-12-08T10:31:14.313+0000][1][safepoint    ] Application time: 1.0000854 seconds
[2019-12-08T10:31:14.313+0000][1][safepoint    ] Entering safepoint region: Cleanup
[2019-12-08T10:31:14.313+0000][1][safepoint    ] Leaving safepoint region
[2019-12-08T10:31:14.313+0000][1][safepoint    ] Total time for which application threads were stopped: 0.0000970 seconds, Stopping threads took: 0.0000238 seconds
[2019-12-08T10:31:15.313+0000][1][safepoint    ] Application time: 1.0000798 seconds
[2019-12-08T10:31:15.313+0000][1][safepoint    ] Entering safepoint region: Cleanup
[2019-12-08T10:31:15.313+0000][1][safepoint    ] Leaving safepoint region
[2019-12-08T10:31:15.313+0000][1][safepoint    ] Total time for which application threads were stopped: 0.0000728 seconds, Stopping threads took: 0.0000195 seconds
[2019-12-08T10:31:16.313+0000][1][safepoint    ] Application time: 1.0000763 seconds
[2019-12-08T10:31:16.313+0000][1][safepoint    ] Entering safepoint region: Cleanup
[2019-12-08T10:31:16.313+0000][1][safepoint    ] Leaving safepoint region
[2019-12-08T10:31:16.313+0000][1][safepoint    ] Total time for which application threads were stopped: 0.0000688 seconds, Stopping threads took: 0.0000155 seconds
[2019-12-08T10:31:17.314+0000][1][safepoint    ] Application time: 1.0000779 seconds
[2019-12-08T10:31:17.314+0000][1][safepoint    ] Entering safepoint region: Cleanup
[2019-12-08T10:31:17.314+0000][1][safepoint    ] Leaving safepoint region
[2019-12-08T10:31:17.314+0000][1][safepoint    ] Total time for which application threads were stopped: 0.0000727 seconds, Stopping threads took: 0.0000174 seconds
[2019-12-08T10:31:18.314+0000][1][safepoint    ] Application time: 1.0000785 seconds
[2019-12-08T10:31:18.314+0000][1][safepoint    ] Entering safepoint region: Cleanup
[2019-12-08T10:31:18.314+0000][1][safepoint    ] Leaving safepoint region
[2019-12-08T10:31:18.314+0000][1][safepoint    ] Total time for which application threads were stopped: 0.0000763 seconds, Stopping threads took: 0.0000231 seconds
[2019-12-08T10:31:19.314+0000][1][safepoint    ] Application time: 1.0000786 seconds
[2019-12-08T10:31:19.314+0000][1][safepoint    ] Entering safepoint region: Cleanup
[2019-12-08T10:31:19.314+0000][1][safepoint    ] Leaving safepoint region
[2019-12-08T10:31:19.314+0000][1][safepoint    ] Total time for which application threads were stopped: 0.0000693 seconds, Stopping threads took: 0.0000166 seconds
[2019-12-08T10:31:20.314+0000][1][safepoint    ] Application time: 1.0000825 seconds
[2019-12-08T10:31:20.314+0000][1][safepoint    ] Entering safepoint region: Cleanup
[2019-12-08T10:31:20.314+0000][1][safepoint    ] Leaving safepoint region
[2019-12-08T10:31:20.314+0000][1][safepoint    ] Total time for which application threads were stopped: 0.0000744 seconds, Stopping threads took: 0.0000192 seconds
[2019-12-08T10:31:21.314+0000][1][safepoint    ] Application time: 1.0000771 seconds
[2019-12-08T10:31:21.314+0000][1][safepoint    ] Entering safepoint region: Cleanup
[2019-12-08T10:31:21.314+0000][1][safepoint    ] Leaving safepoint region
[2019-12-08T10:31:21.314+0000][1][safepoint    ] Total time for which application threads were stopped: 0.0000739 seconds, Stopping threads took: 0.0000196 seconds
[2019-12-08T10:31:22.315+0000][1][safepoint    ] Application time: 1.0000927 seconds
[2019-12-08T10:31:22.315+0000][1][safepoint    ] Entering safepoint region: Cleanup
[2019-12-08T10:31:22.315+0000][1][safepoint    ] Leaving safepoint region
[2019-12-08T10:31:22.315+0000][1][safepoint    ] Total time for which application threads were stopped: 0.0000690 seconds, Stopping threads took: 0.0000151 seconds
[2019-12-08T10:31:23.315+0000][1][safepoint    ] Application time: 1.0000529 seconds
[2019-12-08T10:31:23.315+0000][1][safepoint    ] Entering safepoint region: Cleanup
[2019-12-08T10:31:23.315+0000][1][safepoint    ] Leaving safepoint region
[2019-12-08T10:31:23.315+0000][1][safepoint    ] Total time for which application threads were stopped: 0.0000862 seconds, Stopping threads took: 0.0000218 seconds
[2019-12-08T10:31:24.315+0000][1][safepoint    ] Application time: 1.0000765 seconds
[2019-12-08T10:31:24.315+0000][1][safepoint    ] Entering safepoint region: Cleanup
[2019-12-08T10:31:24.315+0000][1][safepoint    ] Leaving safepoint region
[2019-12-08T10:31:24.315+0000][1][safepoint    ] Total time for which application threads were stopped: 0.0000708 seconds, Stopping threads took: 0.0000177 seconds
[2019-12-08T10:31:25.315+0000][1][safepoint    ] Application time: 1.0000859 seconds
[2019-12-08T10:31:25.315+0000][1][safepoint    ] Entering safepoint region: Cleanup
[2019-12-08T10:31:25.315+0000][1][safepoint    ] Leaving safepoint region
[2019-12-08T10:31:25.315+0000][1][safepoint    ] Total time for which application threads were stopped: 0.0000686 seconds, Stopping threads took: 0.0000166 seconds
[2019-12-08T10:31:26.315+0000][1][safepoint    ] Application time: 1.0000849 seconds
[2019-12-08T10:31:26.315+0000][1][safepoint    ] Entering safepoint region: Cleanup
[2019-12-08T10:31:26.315+0000][1][safepoint    ] Leaving safepoint region
[2019-12-08T10:31:26.315+0000][1][safepoint    ] Total time for which application threads were stopped: 0.0000692 seconds, Stopping threads took: 0.0000162 seconds
[2019-12-08T10:31:27.315+0000][1][safepoint    ] Application time: 1.0000821 seconds
[2019-12-08T10:31:27.316+0000][1][safepoint    ] Entering safepoint region: Cleanup
[2019-12-08T10:31:27.316+0000][1][safepoint    ] Leaving safepoint region
[2019-12-08T10:31:27.316+0000][1][safepoint    ] Total time for which application threads were stopped: 0.0000685 seconds, Stopping threads took: 0.0000166 seconds
[2019-12-08T10:31:28.316+0000][1][safepoint    ] Application time: 1.0000932 seconds
[2019-12-08T10:31:28.316+0000][1][safepoint    ] Entering safepoint region: Cleanup
[2019-12-08T10:31:28.316+0000][1][safepoint    ] Leaving safepoint region
[2019-12-08T10:31:28.316+0000][1][safepoint    ] Total time for which application threads were stopped: 0.0000748 seconds, Stopping threads took: 0.0000229 seconds
[2019-12-08T10:31:29.316+0000][1][safepoint    ] Application time: 1.0000759 seconds
[2019-12-08T10:31:29.316+0000][1][safepoint    ] Entering safepoint region: Cleanup
[2019-12-08T10:31:29.316+0000][1][safepoint    ] Leaving safepoint region
[2019-12-08T10:31:29.316+0000][1][safepoint    ] Total time for which application threads were stopped: 0.0000680 seconds, Stopping threads took: 0.0000162 seconds
[2019-12-08T10:31:30.316+0000][1][safepoint    ] Application time: 1.0000729 seconds
[2019-12-08T10:31:30.316+0000][1][safepoint    ] Entering safepoint region: Cleanup
[2019-12-08T10:31:30.316+0000][1][safepoint    ] Leaving safepoint region
[2019-12-08T10:31:30.316+0000][1][safepoint    ] Total time for which application threads were stopped: 0.0000734 seconds, Stopping threads took: 0.0000190 seconds
[2019-12-08T10:31:31.316+0000][1][safepoint    ] Application time: 1.0000745 seconds
[2019-12-08T10:31:31.316+0000][1][safepoint    ] Entering safepoint region: Cleanup
[2019-12-08T10:31:31.316+0000][1][safepoint    ] Leaving safepoint region
[2019-12-08T10:31:31.316+0000][1][safepoint    ] Total time for which application threads were stopped: 0.0000797 seconds, Stopping threads took: 0.0000237 seconds
[2019-12-08T10:31:32.316+0000][1][safepoint    ] Application time: 1.0000750 seconds
[2019-12-08T10:31:32.316+0000][1][safepoint    ] Entering safepoint region: Cleanup
[2019-12-08T10:31:32.317+0000][1][safepoint    ] Leaving safepoint region
[2019-12-08T10:31:32.317+0000][1][safepoint    ] Total time for which application threads were stopped: 0.0000669 seconds, Stopping threads took: 0.0000157 seconds
[2019-12-08T10:31:33.317+0000][1][safepoint    ] Application time: 1.0000764 seconds
[2019-12-08T10:31:33.317+0000][1][safepoint    ] Entering safepoint region: Cleanup
[2019-12-08T10:31:33.317+0000][1][safepoint    ] Leaving safepoint region
[2019-12-08T10:31:33.317+0000][1][safepoint    ] Total time for which application threads were stopped: 0.0000799 seconds, Stopping threads took: 0.0000269 seconds
[2019-12-08T10:31:34.317+0000][1][safepoint    ] Application time: 1.0000724 seconds
[2019-12-08T10:31:34.317+0000][1][safepoint    ] Entering safepoint region: Cleanup
[2019-12-08T10:31:34.317+0000][1][safepoint    ] Leaving safepoint region
[2019-12-08T10:31:34.317+0000][1][safepoint    ] Total time for which application threads were stopped: 0.0000752 seconds, Stopping threads took: 0.0000219 seconds
[2019-12-08T10:31:35.317+0000][1][safepoint    ] Application time: 1.0000745 seconds
[2019-12-08T10:31:35.317+0000][1][safepoint    ] Entering safepoint region: Cleanup
[2019-12-08T10:31:35.317+0000][1][safepoint    ] Leaving safepoint region
[2019-12-08T10:31:35.317+0000][1][safepoint    ] Total time for which application threads were stopped: 0.0000680 seconds, Stopping threads took: 0.0000157 seconds
[2019-12-08T10:31:36.317+0000][1][safepoint    ] Application time: 1.0000759 seconds
[2019-12-08T10:31:36.317+0000][1][safepoint    ] Entering safepoint region: Cleanup
[2019-12-08T10:31:36.317+0000][1][safepoint    ] Leaving safepoint region
[2019-12-08T10:31:36.317+0000][1][safepoint    ] Total time for which application threads were stopped: 0.0000662 seconds, Stopping threads took: 0.0000149 seconds
[2019-12-08T10:31:37.317+0000][1][safepoint    ] Application time: 1.0000751 seconds
[2019-12-08T10:31:37.317+0000][1][safepoint    ] Entering safepoint region: Cleanup
[2019-12-08T10:31:37.317+0000][1][safepoint    ] Leaving safepoint region
[2019-12-08T10:31:37.318+0000][1][safepoint    ] Total time for which application threads were stopped: 0.0000680 seconds, Stopping threads took: 0.0000154 seconds
[2019-12-08T10:31:38.318+0000][1][safepoint    ] Application time: 1.0000796 seconds
[2019-12-08T10:31:38.318+0000][1][safepoint    ] Entering safepoint region: Cleanup
[2019-12-08T10:31:38.318+0000][1][safepoint    ] Leaving safepoint region
[2019-12-08T10:31:38.318+0000][1][safepoint    ] Total time for which application threads were stopped: 0.0001204 seconds, Stopping threads took: 0.0000308 seconds
[2019-12-08T10:31:39.318+0000][1][safepoint    ] Application time: 1.0000756 seconds
[2019-12-08T10:31:39.318+0000][1][safepoint    ] Entering safepoint region: Cleanup
[2019-12-08T10:31:39.318+0000][1][safepoint    ] Leaving safepoint region
[2019-12-08T10:31:39.318+0000][1][safepoint    ] Total time for which application threads were stopped: 0.0000703 seconds, Stopping threads took: 0.0000157 seconds
[2019-12-08T10:31:40.318+0000][1][safepoint    ] Application time: 1.0000763 seconds
[2019-12-08T10:31:40.318+0000][1][safepoint    ] Entering safepoint region: Cleanup
[2019-12-08T10:31:40.318+0000][1][safepoint    ] Leaving safepoint region
[2019-12-08T10:31:40.318+0000][1][safepoint    ] Total time for which application threads were stopped: 0.0000701 seconds, Stopping threads took: 0.0000171 seconds
[2019-12-08T10:31:41.318+0000][1][safepoint    ] Application time: 1.0000781 seconds
[2019-12-08T10:31:41.318+0000][1][safepoint    ] Entering safepoint region: Cleanup
[2019-12-08T10:31:41.318+0000][1][safepoint    ] Leaving safepoint region
[2019-12-08T10:31:41.318+0000][1][safepoint    ] Total time for which application threads were stopped: 0.0000688 seconds, Stopping threads took: 0.0000154 seconds
[2019-12-08T10:31:42.318+0000][1][safepoint    ] Application time: 1.0000772 seconds
[2019-12-08T10:31:42.318+0000][1][safepoint    ] Entering safepoint region: Cleanup
[2019-12-08T10:31:42.319+0000][1][safepoint    ] Leaving safepoint region
[2019-12-08T10:31:42.319+0000][1][safepoint    ] Total time for which application threads were stopped: 0.0000708 seconds, Stopping threads took: 0.0000161 seconds
[2019-12-08T10:31:43.319+0000][1][safepoint    ] Application time: 1.0000797 seconds
[2019-12-08T10:31:43.319+0000][1][safepoint    ] Entering safepoint region: Cleanup
[2019-12-08T10:31:43.319+0000][1][safepoint    ] Leaving safepoint region
[2019-12-08T10:31:43.319+0000][1][safepoint    ] Total time for which application threads were stopped: 0.0001015 seconds, Stopping threads took: 0.0000169 seconds
[2019-12-08T10:31:44.319+0000][1][safepoint    ] Application time: 1.0000740 seconds
[2019-12-08T10:31:44.319+0000][1][safepoint    ] Entering safepoint region: Cleanup
[2019-12-08T10:31:44.319+0000][1][safepoint    ] Leaving safepoint region
[2019-12-08T10:31:44.319+0000][1][safepoint    ] Total time for which application threads were stopped: 0.0000647 seconds, Stopping threads took: 0.0000149 seconds
[2019-12-08T10:31:45.319+0000][1][safepoint    ] Application time: 1.0000764 seconds
[2019-12-08T10:31:45.319+0000][1][safepoint    ] Entering safepoint region: Cleanup
[2019-12-08T10:31:45.319+0000][1][safepoint    ] Leaving safepoint region
[2019-12-08T10:31:45.319+0000][1][safepoint    ] Total time for which application threads were stopped: 0.0000674 seconds, Stopping threads took: 0.0000157 seconds
[2019-12-08T10:31:46.319+0000][1][safepoint    ] Application time: 1.0000753 seconds
[2019-12-08T10:31:46.319+0000][1][safepoint    ] Entering safepoint region: Cleanup
[2019-12-08T10:31:46.319+0000][1][safepoint    ] Leaving safepoint region
[2019-12-08T10:31:46.319+0000][1][safepoint    ] Total time for which application threads were stopped: 0.0000682 seconds, Stopping threads took: 0.0000155 seconds
[2019-12-08T10:31:47.319+0000][1][safepoint    ] Application time: 1.0000808 seconds
[2019-12-08T10:31:47.319+0000][1][safepoint    ] Entering safepoint region: Cleanup
[2019-12-08T10:31:47.319+0000][1][safepoint    ] Leaving safepoint region
[2019-12-08T10:31:47.319+0000][1][safepoint    ] Total time for which application threads were stopped: 0.0000693 seconds, Stopping threads took: 0.0000164 seconds
[2019-12-08T10:31:48.320+0000][1][safepoint    ] Application time: 1.0000750 seconds
[2019-12-08T10:31:48.320+0000][1][safepoint    ] Entering safepoint region: Cleanup
[2019-12-08T10:31:48.320+0000][1][safepoint    ] Leaving safepoint region
[2019-12-08T10:31:48.320+0000][1][safepoint    ] Total time for which application threads were stopped: 0.0000745 seconds, Stopping threads took: 0.0000224 seconds
[2019-12-08T10:31:49.320+0000][1][safepoint    ] Application time: 1.0000886 seconds
[2019-12-08T10:31:49.320+0000][1][safepoint    ] Entering safepoint region: Cleanup
[2019-12-08T10:31:49.320+0000][1][safepoint    ] Leaving safepoint region
[2019-12-08T10:31:49.320+0000][1][safepoint    ] Total time for which application threads were stopped: 0.0000674 seconds, Stopping threads took: 0.0000148 seconds
[2019-12-08T10:31:50.320+0000][1][safepoint    ] Application time: 1.0000940 seconds
[2019-12-08T10:31:50.320+0000][1][safepoint    ] Entering safepoint region: Cleanup
[2019-12-08T10:31:50.320+0000][1][safepoint    ] Leaving safepoint region
[2019-12-08T10:31:50.320+0000][1][safepoint    ] Total time for which application threads were stopped: 0.0001023 seconds, Stopping threads took: 0.0000329 seconds
[2019-12-08T10:31:51.320+0000][1][safepoint    ] Application time: 1.0000945 seconds
[2019-12-08T10:31:51.320+0000][1][safepoint    ] Entering safepoint region: Cleanup
[2019-12-08T10:31:51.320+0000][1][safepoint    ] Leaving safepoint region
[2019-12-08T10:31:51.320+0000][1][safepoint    ] Total time for which application threads were stopped: 0.0000758 seconds, Stopping threads took: 0.0000231 seconds
[2019-12-08T10:31:52.320+0000][1][safepoint    ] Application time: 1.0000742 seconds
[2019-12-08T10:31:52.320+0000][1][safepoint    ] Entering safepoint region: Cleanup
[2019-12-08T10:31:52.321+0000][1][safepoint    ] Leaving safepoint region
[2019-12-08T10:31:52.321+0000][1][safepoint    ] Total time for which application threads were stopped: 0.0000702 seconds, Stopping threads took: 0.0000178 seconds
[2019-12-08T10:31:53.321+0000][1][safepoint    ] Application time: 1.0000804 seconds
[2019-12-08T10:31:53.321+0000][1][safepoint    ] Entering safepoint region: Cleanup
[2019-12-08T10:31:53.321+0000][1][safepoint    ] Leaving safepoint region
[2019-12-08T10:31:53.321+0000][1][safepoint    ] Total time for which application threads were stopped: 0.0000975 seconds, Stopping threads took: 0.0000184 seconds
[2019-12-08T10:31:54.321+0000][1][safepoint    ] Application time: 1.0000777 seconds
[2019-12-08T10:31:54.321+0000][1][safepoint    ] Entering safepoint region: Cleanup
[2019-12-08T10:31:54.321+0000][1][safepoint    ] Leaving safepoint region
[2019-12-08T10:31:54.321+0000][1][safepoint    ] Total time for which application threads were stopped: 0.0000684 seconds, Stopping threads took: 0.0000152 seconds
[2019-12-08T10:31:55.321+0000][1][safepoint    ] Application time: 1.0000772 seconds
[2019-12-08T10:31:55.321+0000][1][safepoint    ] Entering safepoint region: Cleanup
[2019-12-08T10:31:55.321+0000][1][safepoint    ] Leaving safepoint region
[2019-12-08T10:31:55.321+0000][1][safepoint    ] Total time for which application threads were stopped: 0.0000725 seconds, Stopping threads took: 0.0000163 seconds
[2019-12-08T10:31:56.321+0000][1][safepoint    ] Application time: 1.0000778 seconds
[2019-12-08T10:31:56.321+0000][1][safepoint    ] Entering safepoint region: Cleanup
[2019-12-08T10:31:56.321+0000][1][safepoint    ] Leaving safepoint region
[2019-12-08T10:31:56.321+0000][1][safepoint    ] Total time for which application threads were stopped: 0.0000752 seconds, Stopping threads took: 0.0000172 seconds
[2019-12-08T10:31:57.321+0000][1][safepoint    ] Application time: 1.0000776 seconds
[2019-12-08T10:31:57.321+0000][1][safepoint    ] Entering safepoint region: Cleanup
[2019-12-08T10:31:57.322+0000][1][safepoint    ] Leaving safepoint region
[2019-12-08T10:31:57.322+0000][1][safepoint    ] Total time for which application threads were stopped: 0.0000714 seconds, Stopping threads took: 0.0000177 seconds
[2019-12-08T10:31:58.322+0000][1][safepoint    ] Application time: 1.0000771 seconds
[2019-12-08T10:31:58.322+0000][1][safepoint    ] Entering safepoint region: Cleanup
[2019-12-08T10:31:58.322+0000][1][safepoint    ] Leaving safepoint region
[2019-12-08T10:31:58.322+0000][1][safepoint    ] Total time for which application threads were stopped: 0.0001004 seconds, Stopping threads took: 0.0000157 seconds
[2019-12-08T10:31:59.322+0000][1][safepoint    ] Application time: 1.0000736 seconds
[2019-12-08T10:31:59.322+0000][1][safepoint    ] Entering safepoint region: Cleanup
[2019-12-08T10:31:59.322+0000][1][safepoint    ] Leaving safepoint region
[2019-12-08T10:31:59.322+0000][1][safepoint    ] Total time for which application threads were stopped: 0.0001003 seconds, Stopping threads took: 0.0000451 seconds
[2019-12-08T10:32:00.322+0000][1][safepoint    ] Application time: 1.0000820 seconds
[2019-12-08T10:32:00.322+0000][1][safepoint    ] Entering safepoint region: Cleanup
[2019-12-08T10:32:00.322+0000][1][safepoint    ] Leaving safepoint region
[2019-12-08T10:32:00.322+0000][1][safepoint    ] Total time for which application threads were stopped: 0.0000699 seconds, Stopping threads took: 0.0000172 seconds
[2019-12-08T10:32:01.322+0000][1][safepoint    ] Application time: 1.0000816 seconds
[2019-12-08T10:32:01.322+0000][1][safepoint    ] Entering safepoint region: Cleanup
[2019-12-08T10:32:01.322+0000][1][safepoint    ] Leaving safepoint region
[2019-12-08T10:32:01.322+0000][1][safepoint    ] Total time for which application threads were stopped: 0.0000727 seconds, Stopping threads took: 0.0000182 seconds
[2019-12-08T10:32:02.322+0000][1][safepoint    ] Application time: 1.0000825 seconds
[2019-12-08T10:32:02.322+0000][1][safepoint    ] Entering safepoint region: Cleanup
[2019-12-08T10:32:02.323+0000][1][safepoint    ] Leaving safepoint region
[2019-12-08T10:32:02.323+0000][1][safepoint    ] Total time for which application threads were stopped: 0.0001118 seconds, Stopping threads took: 0.0000254 seconds
[2019-12-08T10:32:03.323+0000][1][safepoint    ] Application time: 1.0000928 seconds
[2019-12-08T10:32:03.323+0000][1][safepoint    ] Entering safepoint region: Cleanup
[2019-12-08T10:32:03.323+0000][1][safepoint    ] Leaving safepoint region
[2019-12-08T10:32:03.323+0000][1][safepoint    ] Total time for which application threads were stopped: 0.0000749 seconds, Stopping threads took: 0.0000188 seconds
[2019-12-08T10:32:04.323+0000][1][safepoint    ] Application time: 1.0000754 seconds
[2019-12-08T10:32:04.323+0000][1][safepoint    ] Entering safepoint region: Cleanup
[2019-12-08T10:32:04.323+0000][1][safepoint    ] Leaving safepoint region
[2019-12-08T10:32:04.323+0000][1][safepoint    ] Total time for which application threads were stopped: 0.0001079 seconds, Stopping threads took: 0.0000461 seconds
[2019-12-08T10:32:05.323+0000][1][safepoint    ] Application time: 1.0000828 seconds
[2019-12-08T10:32:05.323+0000][1][safepoint    ] Entering safepoint region: Cleanup
[2019-12-08T10:32:05.323+0000][1][safepoint    ] Leaving safepoint region
[2019-12-08T10:32:05.323+0000][1][safepoint    ] Total time for which application threads were stopped: 0.0000709 seconds, Stopping threads took: 0.0000166 seconds
[2019-12-08T10:32:06.323+0000][1][safepoint    ] Application time: 1.0000822 seconds
[2019-12-08T10:32:06.323+0000][1][safepoint    ] Entering safepoint region: Cleanup
[2019-12-08T10:32:06.323+0000][1][safepoint    ] Leaving safepoint region
[2019-12-08T10:32:06.323+0000][1][safepoint    ] Total time for which application threads were stopped: 0.0000742 seconds, Stopping threads took: 0.0000189 seconds
[2019-12-08T10:32:07.324+0000][1][safepoint    ] Application time: 1.0000764 seconds
[2019-12-08T10:32:07.324+0000][1][safepoint    ] Entering safepoint region: Cleanup
[2019-12-08T10:32:07.324+0000][1][safepoint    ] Leaving safepoint region
[2019-12-08T10:32:07.324+0000][1][safepoint    ] Total time for which application threads were stopped: 0.0000759 seconds, Stopping threads took: 0.0000208 seconds
[2019-12-08T10:32:08.324+0000][1][safepoint    ] Application time: 1.0000689 seconds
[2019-12-08T10:32:08.324+0000][1][safepoint    ] Entering safepoint region: Cleanup
[2019-12-08T10:32:08.324+0000][1][safepoint    ] Leaving safepoint region
[2019-12-08T10:32:08.324+0000][1][safepoint    ] Total time for which application threads were stopped: 0.0001084 seconds, Stopping threads took: 0.0000252 seconds
[2019-12-08T10:32:09.324+0000][1][safepoint    ] Application time: 1.0000862 seconds
[2019-12-08T10:32:09.324+0000][1][safepoint    ] Entering safepoint region: Cleanup
[2019-12-08T10:32:09.324+0000][1][safepoint    ] Leaving safepoint region
[2019-12-08T10:32:09.324+0000][1][safepoint    ] Total time for which application threads were stopped: 0.0001026 seconds, Stopping threads took: 0.0000437 seconds
[2019-12-08T10:32:10.324+0000][1][safepoint    ] Application time: 1.0001008 seconds
[2019-12-08T10:32:10.324+0000][1][safepoint    ] Entering safepoint region: Cleanup
[2019-12-08T10:32:10.324+0000][1][safepoint    ] Leaving safepoint region
[2019-12-08T10:32:10.324+0000][1][safepoint    ] Total time for which application threads were stopped: 0.0000751 seconds, Stopping threads took: 0.0000194 seconds
[2019-12-08T10:32:11.324+0000][1][safepoint    ] Application time: 1.0000775 seconds
[2019-12-08T10:32:11.324+0000][1][safepoint    ] Entering safepoint region: Cleanup
[2019-12-08T10:32:11.325+0000][1][safepoint    ] Leaving safepoint region
[2019-12-08T10:32:11.325+0000][1][safepoint    ] Total time for which application threads were stopped: 0.0000760 seconds, Stopping threads took: 0.0000193 seconds
[2019-12-08T10:32:12.325+0000][1][safepoint    ] Application time: 1.0000766 seconds
[2019-12-08T10:32:12.325+0000][1][safepoint    ] Entering safepoint region: Cleanup
[2019-12-08T10:32:12.325+0000][1][safepoint    ] Leaving safepoint region
[2019-12-08T10:32:12.325+0000][1][safepoint    ] Total time for which application threads were stopped: 0.0000881 seconds, Stopping threads took: 0.0000169 seconds
[2019-12-08T10:32:13.325+0000][1][safepoint    ] Application time: 1.0000775 seconds
[2019-12-08T10:32:13.325+0000][1][safepoint    ] Entering safepoint region: Cleanup
[2019-12-08T10:32:13.325+0000][1][safepoint    ] Leaving safepoint region
[2019-12-08T10:32:13.325+0000][1][safepoint    ] Total time for which application threads were stopped: 0.0000732 seconds, Stopping threads took: 0.0000190 seconds
[2019-12-08T10:32:14.325+0000][1][safepoint    ] Application time: 1.0000751 seconds
[2019-12-08T10:32:14.325+0000][1][safepoint    ] Entering safepoint region: Cleanup
[2019-12-08T10:32:14.325+0000][1][safepoint    ] Leaving safepoint region
[2019-12-08T10:32:14.325+0000][1][safepoint    ] Total time for which application threads were stopped: 0.0000853 seconds, Stopping threads took: 0.0000190 seconds
[2019-12-08T10:32:15.325+0000][1][safepoint    ] Application time: 1.0000728 seconds
[2019-12-08T10:32:15.325+0000][1][safepoint    ] Entering safepoint region: Cleanup
[2019-12-08T10:32:15.325+0000][1][safepoint    ] Leaving safepoint region
[2019-12-08T10:32:15.325+0000][1][safepoint    ] Total time for which application threads were stopped: 0.0000717 seconds, Stopping threads took: 0.0000165 seconds
[2019-12-08T10:32:16.325+0000][1][safepoint    ] Application time: 1.0000778 seconds
[2019-12-08T10:32:16.325+0000][1][safepoint    ] Entering safepoint region: Cleanup
[2019-12-08T10:32:16.326+0000][1][safepoint    ] Leaving safepoint region
[2019-12-08T10:32:16.326+0000][1][safepoint    ] Total time for which application threads were stopped: 0.0000728 seconds, Stopping threads took: 0.0000187 seconds
[2019-12-08T10:32:17.326+0000][1][safepoint    ] Application time: 1.0000769 seconds
[2019-12-08T10:32:17.326+0000][1][safepoint    ] Entering safepoint region: Cleanup
[2019-12-08T10:32:17.326+0000][1][safepoint    ] Leaving safepoint region
[2019-12-08T10:32:17.326+0000][1][safepoint    ] Total time for which application threads were stopped: 0.0000841 seconds, Stopping threads took: 0.0000185 seconds
[2019-12-08T10:32:18.326+0000][1][safepoint    ] Application time: 1.0000766 seconds
[2019-12-08T10:32:18.326+0000][1][safepoint    ] Entering safepoint region: Cleanup
[2019-12-08T10:32:18.326+0000][1][safepoint    ] Leaving safepoint region
[2019-12-08T10:32:18.326+0000][1][safepoint    ] Total time for which application threads were stopped: 0.0000820 seconds, Stopping threads took: 0.0000180 seconds
[2019-12-08T10:32:19.326+0000][1][safepoint    ] Application time: 1.0000778 seconds
[2019-12-08T10:32:19.326+0000][1][safepoint    ] Entering safepoint region: Cleanup
[2019-12-08T10:32:19.326+0000][1][safepoint    ] Leaving safepoint region
[2019-12-08T10:32:19.326+0000][1][safepoint    ] Total time for which application threads were stopped: 0.0000761 seconds, Stopping threads took: 0.0000185 seconds
[2019-12-08T10:32:20.326+0000][1][safepoint    ] Application time: 1.0000759 seconds
[2019-12-08T10:32:20.326+0000][1][safepoint    ] Entering safepoint region: Cleanup
[2019-12-08T10:32:20.326+0000][1][safepoint    ] Leaving safepoint region
[2019-12-08T10:32:20.326+0000][1][safepoint    ] Total time for which application threads were stopped: 0.0000712 seconds, Stopping threads took: 0.0000161 seconds
[2019-12-08T10:32:21.326+0000][1][safepoint    ] Application time: 1.0000827 seconds
[2019-12-08T10:32:21.326+0000][1][safepoint    ] Entering safepoint region: Cleanup
[2019-12-08T10:32:21.326+0000][1][safepoint    ] Leaving safepoint region
[2019-12-08T10:32:21.327+0000][1][safepoint    ] Total time for which application threads were stopped: 0.0000708 seconds, Stopping threads took: 0.0000176 seconds
[2019-12-08T10:32:22.327+0000][1][safepoint    ] Application time: 1.0000742 seconds
[2019-12-08T10:32:22.327+0000][1][safepoint    ] Entering safepoint region: Cleanup
[2019-12-08T10:32:22.327+0000][1][safepoint    ] Leaving safepoint region
[2019-12-08T10:32:22.327+0000][1][safepoint    ] Total time for which application threads were stopped: 0.0000855 seconds, Stopping threads took: 0.0000171 seconds
[2019-12-08T10:32:23.327+0000][1][safepoint    ] Application time: 1.0000853 seconds
[2019-12-08T10:32:23.327+0000][1][safepoint    ] Entering safepoint region: Cleanup
[2019-12-08T10:32:23.327+0000][1][safepoint    ] Leaving safepoint region
[2019-12-08T10:32:23.327+0000][1][safepoint    ] Total time for which application threads were stopped: 0.0000995 seconds, Stopping threads took: 0.0000249 seconds
[2019-12-08T10:32:24.355+0000][1][safepoint    ] Application time: 1.0284204 seconds
[2019-12-08T10:32:24.355+0000][1][safepoint    ] Entering safepoint region: Cleanup
[2019-12-08T10:32:24.355+0000][1][safepoint    ] Leaving safepoint region
[2019-12-08T10:32:24.355+0000][1][safepoint    ] Total time for which application threads were stopped: 0.0000708 seconds, Stopping threads took: 0.0000155 seconds
[2019-12-08T10:32:25.356+0000][1][safepoint    ] Application time: 1.0001086 seconds
[2019-12-08T10:32:25.356+0000][1][safepoint    ] Entering safepoint region: Cleanup
[2019-12-08T10:32:25.356+0000][1][safepoint    ] Leaving safepoint region
[2019-12-08T10:32:25.356+0000][1][safepoint    ] Total time for which application threads were stopped: 0.0001106 seconds, Stopping threads took: 0.0000205 seconds
[2019-12-08T10:32:26.356+0000][1][safepoint    ] Application time: 1.0000796 seconds
[2019-12-08T10:32:26.356+0000][1][safepoint    ] Entering safepoint region: Cleanup
[2019-12-08T10:32:26.356+0000][1][safepoint    ] Leaving safepoint region
[2019-12-08T10:32:26.356+0000][1][safepoint    ] Total time for which application threads were stopped: 0.0000705 seconds, Stopping threads took: 0.0000175 seconds
[2019-12-08T10:32:27.356+0000][1][safepoint    ] Application time: 1.0000805 seconds
[2019-12-08T10:32:27.356+0000][1][safepoint    ] Entering safepoint region: Cleanup
[2019-12-08T10:32:27.356+0000][1][safepoint    ] Leaving safepoint region
[2019-12-08T10:32:27.356+0000][1][safepoint    ] Total time for which application threads were stopped: 0.0000659 seconds, Stopping threads took: 0.0000151 seconds
[2019-12-08T10:32:28.356+0000][1][safepoint    ] Application time: 1.0000788 seconds
[2019-12-08T10:32:28.356+0000][1][safepoint    ] Entering safepoint region: Cleanup
[2019-12-08T10:32:28.356+0000][1][safepoint    ] Leaving safepoint region
[2019-12-08T10:32:28.356+0000][1][safepoint    ] Total time for which application threads were stopped: 0.0000663 seconds, Stopping threads took: 0.0000157 seconds
[2019-12-08T10:32:29.356+0000][1][safepoint    ] Application time: 1.0000778 seconds
[2019-12-08T10:32:29.356+0000][1][safepoint    ] Entering safepoint region: Cleanup
[2019-12-08T10:32:29.356+0000][1][safepoint    ] Leaving safepoint region
[2019-12-08T10:32:29.356+0000][1][safepoint    ] Total time for which application threads were stopped: 0.0000668 seconds, Stopping threads took: 0.0000163 seconds
[2019-12-08T10:32:30.357+0000][1][safepoint    ] Application time: 1.0000861 seconds
[2019-12-08T10:32:30.357+0000][1][safepoint    ] Entering safepoint region: Cleanup
[2019-12-08T10:32:30.357+0000][1][safepoint    ] Leaving safepoint region
[2019-12-08T10:32:30.357+0000][1][safepoint    ] Total time for which application threads were stopped: 0.0000814 seconds, Stopping threads took: 0.0000166 seconds
[2019-12-08T10:32:31.357+0000][1][safepoint    ] Application time: 1.0000759 seconds
[2019-12-08T10:32:31.357+0000][1][safepoint    ] Entering safepoint region: Cleanup
[2019-12-08T10:32:31.357+0000][1][safepoint    ] Leaving safepoint region
[2019-12-08T10:32:31.357+0000][1][safepoint    ] Total time for which application threads were stopped: 0.0000700 seconds, Stopping threads took: 0.0000173 seconds
[2019-12-08T10:32:32.357+0000][1][safepoint    ] Application time: 1.0000801 seconds
[2019-12-08T10:32:32.357+0000][1][safepoint    ] Entering safepoint region: Cleanup
[2019-12-08T10:32:32.357+0000][1][safepoint    ] Leaving safepoint region
[2019-12-08T10:32:32.357+0000][1][safepoint    ] Total time for which application threads were stopped: 0.0000694 seconds, Stopping threads took: 0.0000166 seconds
[2019-12-08T10:32:33.357+0000][1][safepoint    ] Application time: 1.0000766 seconds
[2019-12-08T10:32:33.357+0000][1][safepoint    ] Entering safepoint region: Cleanup
[2019-12-08T10:32:33.357+0000][1][safepoint    ] Leaving safepoint region
[2019-12-08T10:32:33.357+0000][1][safepoint    ] Total time for which application threads were stopped: 0.0000677 seconds, Stopping threads took: 0.0000157 seconds
[2019-12-08T10:32:34.357+0000][1][safepoint    ] Application time: 1.0000776 seconds
[2019-12-08T10:32:34.357+0000][1][safepoint    ] Entering safepoint region: Cleanup
[2019-12-08T10:32:34.357+0000][1][safepoint    ] Leaving safepoint region
[2019-12-08T10:32:34.357+0000][1][safepoint    ] Total time for which application threads were stopped: 0.0000775 seconds, Stopping threads took: 0.0000242 seconds
[2019-12-08T10:32:35.358+0000][1][safepoint    ] Application time: 1.0000768 seconds
[2019-12-08T10:32:35.358+0000][1][safepoint    ] Entering safepoint region: Cleanup
[2019-12-08T10:32:35.358+0000][1][safepoint    ] Leaving safepoint region
[2019-12-08T10:32:35.358+0000][1][safepoint    ] Total time for which application threads were stopped: 0.0000707 seconds, Stopping threads took: 0.0000168 seconds
[2019-12-08T10:32:36.358+0000][1][safepoint    ] Application time: 1.0000766 seconds
[2019-12-08T10:32:36.358+0000][1][safepoint    ] Entering safepoint region: Cleanup
[2019-12-08T10:32:36.358+0000][1][safepoint    ] Leaving safepoint region
[2019-12-08T10:32:36.358+0000][1][safepoint    ] Total time for which application threads were stopped: 0.0000706 seconds, Stopping threads took: 0.0000160 seconds
[2019-12-08T10:32:37.358+0000][1][safepoint    ] Application time: 1.0000756 seconds
[2019-12-08T10:32:37.358+0000][1][safepoint    ] Entering safepoint region: Cleanup
[2019-12-08T10:32:37.358+0000][1][safepoint    ] Leaving safepoint region
[2019-12-08T10:32:37.358+0000][1][safepoint    ] Total time for which application threads were stopped: 0.0000695 seconds, Stopping threads took: 0.0000171 seconds
[2019-12-08T10:32:38.358+0000][1][safepoint    ] Application time: 1.0000778 seconds
[2019-12-08T10:32:38.358+0000][1][safepoint    ] Entering safepoint region: Cleanup
[2019-12-08T10:32:38.358+0000][1][safepoint    ] Leaving safepoint region
[2019-12-08T10:32:38.358+0000][1][safepoint    ] Total time for which application threads were stopped: 0.0000735 seconds, Stopping threads took: 0.0000184 seconds
[2019-12-08T10:32:39.358+0000][1][safepoint    ] Application time: 1.0000771 seconds
[2019-12-08T10:32:39.358+0000][1][safepoint    ] Entering safepoint region: Cleanup
[2019-12-08T10:32:39.358+0000][1][safepoint    ] Leaving safepoint region
[2019-12-08T10:32:39.358+0000][1][safepoint    ] Total time for which application threads were stopped: 0.0000697 seconds, Stopping threads took: 0.0000179 seconds
[2019-12-08T10:32:40.358+0000][1][safepoint    ] Application time: 1.0000349 seconds
[2019-12-08T10:32:40.359+0000][1][safepoint    ] Entering safepoint region: Cleanup
[2019-12-08T10:32:40.359+0000][1][safepoint    ] Leaving safepoint region
[2019-12-08T10:32:40.359+0000][1][safepoint    ] Total time for which application threads were stopped: 0.0000739 seconds, Stopping threads took: 0.0000174 seconds
[2019-12-08T10:32:41.359+0000][1][safepoint    ] Application time: 1.0000753 seconds
[2019-12-08T10:32:41.359+0000][1][safepoint    ] Entering safepoint region: Cleanup
[2019-12-08T10:32:41.359+0000][1][safepoint    ] Leaving safepoint region
[2019-12-08T10:32:41.359+0000][1][safepoint    ] Total time for which application threads were stopped: 0.0000713 seconds, Stopping threads took: 0.0000183 seconds
[2019-12-08T10:32:42.359+0000][1][safepoint    ] Application time: 1.0000753 seconds
[2019-12-08T10:32:42.359+0000][1][safepoint    ] Entering safepoint region: Cleanup
[2019-12-08T10:32:42.359+0000][1][safepoint    ] Leaving safepoint region
[2019-12-08T10:32:42.359+0000][1][safepoint    ] Total time for which application threads were stopped: 0.0000706 seconds, Stopping threads took: 0.0000168 seconds
[2019-12-08T10:32:43.359+0000][1][safepoint    ] Application time: 1.0000753 seconds
[2019-12-08T10:32:43.359+0000][1][safepoint    ] Entering safepoint region: Cleanup
[2019-12-08T10:32:43.359+0000][1][safepoint    ] Leaving safepoint region
[2019-12-08T10:32:43.359+0000][1][safepoint    ] Total time for which application threads were stopped: 0.0000725 seconds, Stopping threads took: 0.0000179 seconds
[2019-12-08T10:32:44.359+0000][1][safepoint    ] Application time: 1.0000794 seconds
[2019-12-08T10:32:44.359+0000][1][safepoint    ] Entering safepoint region: Cleanup
[2019-12-08T10:32:44.359+0000][1][safepoint    ] Leaving safepoint region
[2019-12-08T10:32:44.359+0000][1][safepoint    ] Total time for which application threads were stopped: 0.0000770 seconds, Stopping threads took: 0.0000154 seconds
[2019-12-08T10:32:45.359+0000][1][safepoint    ] Application time: 1.0000830 seconds
[2019-12-08T10:32:45.359+0000][1][safepoint    ] Entering safepoint region: Cleanup
[2019-12-08T10:32:45.360+0000][1][safepoint    ] Leaving safepoint region
[2019-12-08T10:32:45.360+0000][1][safepoint    ] Total time for which application threads were stopped: 0.0000691 seconds, Stopping threads took: 0.0000157 seconds
[2019-12-08T10:32:46.360+0000][1][safepoint    ] Application time: 1.0000865 seconds
[2019-12-08T10:32:46.360+0000][1][safepoint    ] Entering safepoint region: Cleanup
[2019-12-08T10:32:46.360+0000][1][safepoint    ] Leaving safepoint region
[2019-12-08T10:32:46.360+0000][1][safepoint    ] Total time for which application threads were stopped: 0.0000737 seconds, Stopping threads took: 0.0000173 seconds
[2019-12-08T10:32:47.360+0000][1][safepoint    ] Application time: 1.0000763 seconds
[2019-12-08T10:32:47.360+0000][1][safepoint    ] Entering safepoint region: Cleanup
[2019-12-08T10:32:47.360+0000][1][safepoint    ] Leaving safepoint region
[2019-12-08T10:32:47.360+0000][1][safepoint    ] Total time for which application threads were stopped: 0.0000696 seconds, Stopping threads took: 0.0000173 seconds
[2019-12-08T10:32:48.360+0000][1][safepoint    ] Application time: 1.0000775 seconds
[2019-12-08T10:32:48.360+0000][1][safepoint    ] Entering safepoint region: Cleanup
[2019-12-08T10:32:48.360+0000][1][safepoint    ] Leaving safepoint region
[2019-12-08T10:32:48.360+0000][1][safepoint    ] Total time for which application threads were stopped: 0.0000818 seconds, Stopping threads took: 0.0000195 seconds
[2019-12-08T10:32:49.360+0000][1][safepoint    ] Application time: 1.0000832 seconds
[2019-12-08T10:32:49.360+0000][1][safepoint    ] Entering safepoint region: Cleanup
[2019-12-08T10:32:49.360+0000][1][safepoint    ] Leaving safepoint region
[2019-12-08T10:32:49.360+0000][1][safepoint    ] Total time for which application threads were stopped: 0.0000755 seconds, Stopping threads took: 0.0000184 seconds
[2019-12-08T10:32:50.360+0000][1][safepoint    ] Application time: 1.0000795 seconds
[2019-12-08T10:32:50.361+0000][1][safepoint    ] Entering safepoint region: Cleanup
[2019-12-08T10:32:50.361+0000][1][safepoint    ] Leaving safepoint region
[2019-12-08T10:32:50.361+0000][1][safepoint    ] Total time for which application threads were stopped: 0.0000745 seconds, Stopping threads took: 0.0000175 seconds
[2019-12-08T10:32:51.361+0000][1][safepoint    ] Application time: 1.0000768 seconds
[2019-12-08T10:32:51.361+0000][1][safepoint    ] Entering safepoint region: Cleanup
[2019-12-08T10:32:51.361+0000][1][safepoint    ] Leaving safepoint region
[2019-12-08T10:32:51.361+0000][1][safepoint    ] Total time for which application threads were stopped: 0.0000785 seconds, Stopping threads took: 0.0000231 seconds
[2019-12-08T10:32:52.361+0000][1][safepoint    ] Application time: 1.0000752 seconds
[2019-12-08T10:32:52.361+0000][1][safepoint    ] Entering safepoint region: Cleanup
[2019-12-08T10:32:52.361+0000][1][safepoint    ] Leaving safepoint region
[2019-12-08T10:32:52.361+0000][1][safepoint    ] Total time for which application threads were stopped: 0.0000712 seconds, Stopping threads took: 0.0000164 seconds
[2019-12-08T10:32:53.361+0000][1][safepoint    ] Application time: 1.0000785 seconds
[2019-12-08T10:32:53.361+0000][1][safepoint    ] Entering safepoint region: Cleanup
[2019-12-08T10:32:53.361+0000][1][safepoint    ] Leaving safepoint region
[2019-12-08T10:32:53.361+0000][1][safepoint    ] Total time for which application threads were stopped: 0.0000742 seconds, Stopping threads took: 0.0000205 seconds
[2019-12-08T10:32:54.361+0000][1][safepoint    ] Application time: 1.0000762 seconds
[2019-12-08T10:32:54.361+0000][1][safepoint    ] Entering safepoint region: Cleanup
[2019-12-08T10:32:54.361+0000][1][safepoint    ] Leaving safepoint region
[2019-12-08T10:32:54.361+0000][1][safepoint    ] Total time for which application threads were stopped: 0.0000696 seconds, Stopping threads took: 0.0000159 seconds
[2019-12-08T10:32:55.361+0000][1][safepoint    ] Application time: 1.0000858 seconds
[2019-12-08T10:32:55.361+0000][1][safepoint    ] Entering safepoint region: Cleanup
[2019-12-08T10:32:55.362+0000][1][safepoint    ] Leaving safepoint region
[2019-12-08T10:32:55.362+0000][1][safepoint    ] Total time for which application threads were stopped: 0.0000697 seconds, Stopping threads took: 0.0000164 seconds
[2019-12-08T10:32:56.372+0000][1][safepoint    ] Application time: 1.0101109 seconds
[2019-12-08T10:32:56.372+0000][1][safepoint    ] Entering safepoint region: Cleanup
[2019-12-08T10:32:56.372+0000][1][safepoint    ] Leaving safepoint region
[2019-12-08T10:32:56.372+0000][1][safepoint    ] Total time for which application threads were stopped: 0.0000894 seconds, Stopping threads took: 0.0000322 seconds
[2019-12-08T10:32:57.372+0000][1][safepoint    ] Application time: 1.0000795 seconds
[2019-12-08T10:32:57.372+0000][1][safepoint    ] Entering safepoint region: Cleanup
[2019-12-08T10:32:57.372+0000][1][safepoint    ] Leaving safepoint region
[2019-12-08T10:32:57.372+0000][1][safepoint    ] Total time for which application threads were stopped: 0.0000695 seconds, Stopping threads took: 0.0000178 seconds
[2019-12-08T10:32:58.372+0000][1][safepoint    ] Application time: 1.0000859 seconds
[2019-12-08T10:32:58.372+0000][1][safepoint    ] Entering safepoint region: Cleanup
[2019-12-08T10:32:58.372+0000][1][safepoint    ] Leaving safepoint region
[2019-12-08T10:32:58.372+0000][1][safepoint    ] Total time for which application threads were stopped: 0.0000709 seconds, Stopping threads took: 0.0000169 seconds
[2019-12-08T10:32:59.372+0000][1][safepoint    ] Application time: 1.0000641 seconds
[2019-12-08T10:32:59.372+0000][1][safepoint    ] Entering safepoint region: Cleanup
[2019-12-08T10:32:59.372+0000][1][safepoint    ] Leaving safepoint region
[2019-12-08T10:32:59.372+0000][1][safepoint    ] Total time for which application threads were stopped: 0.0001555 seconds, Stopping threads took: 0.0000841 seconds
[2019-12-08T10:33:00.372+0000][1][safepoint    ] Application time: 1.0000824 seconds
[2019-12-08T10:33:00.373+0000][1][safepoint    ] Entering safepoint region: Cleanup
[2019-12-08T10:33:00.373+0000][1][safepoint    ] Leaving safepoint region
[2019-12-08T10:33:00.373+0000][1][safepoint    ] Total time for which application threads were stopped: 0.0000682 seconds, Stopping threads took: 0.0000167 seconds
[2019-12-08T10:33:01.373+0000][1][safepoint    ] Application time: 1.0000777 seconds
[2019-12-08T10:33:01.373+0000][1][safepoint    ] Entering safepoint region: Cleanup
[2019-12-08T10:33:01.373+0000][1][safepoint    ] Leaving safepoint region
[2019-12-08T10:33:01.373+0000][1][safepoint    ] Total time for which application threads were stopped: 0.0000685 seconds, Stopping threads took: 0.0000176 seconds
[2019-12-08T10:33:02.373+0000][1][safepoint    ] Application time: 1.0000735 seconds
[2019-12-08T10:33:02.373+0000][1][safepoint    ] Entering safepoint region: Cleanup
[2019-12-08T10:33:02.373+0000][1][safepoint    ] Leaving safepoint region
[2019-12-08T10:33:02.373+0000][1][safepoint    ] Total time for which application threads were stopped: 0.0000663 seconds, Stopping threads took: 0.0000167 seconds
[2019-12-08T10:33:03.373+0000][1][safepoint    ] Application time: 1.0000753 seconds
[2019-12-08T10:33:03.373+0000][1][safepoint    ] Entering safepoint region: Cleanup
[2019-12-08T10:33:03.373+0000][1][safepoint    ] Leaving safepoint region
[2019-12-08T10:33:03.373+0000][1][safepoint    ] Total time for which application threads were stopped: 0.0000666 seconds, Stopping threads took: 0.0000172 seconds
[2019-12-08T10:33:04.343+0000][1][safepoint    ] Application time: 0.9697310 seconds
[2019-12-08T10:33:04.343+0000][1][safepoint    ] Entering safepoint region: GenCollectForAllocation
[2019-12-08T10:33:04.343+0000][1][gc,start     ] GC(41) Pause Young (Allocation Failure)
[2019-12-08T10:33:04.343+0000][1][gc,task      ] GC(41) Using 4 workers of 4 for evacuation
[2019-12-08T10:33:04.344+0000][1][gc,age       ] GC(41) Desired survivor size 4456448 bytes, new threshold 6 (max threshold 6)
[2019-12-08T10:33:04.344+0000][1][gc,age       ] GC(41) Age table with threshold 6 (max threshold 6)
[2019-12-08T10:33:04.344+0000][1][gc,age       ] GC(41) - age   1:       4984 bytes,       4984 total
[2019-12-08T10:33:04.344+0000][1][gc,age       ] GC(41) - age   2:        160 bytes,       5144 total
[2019-12-08T10:33:04.344+0000][1][gc,age       ] GC(41) - age   4:        272 bytes,       5416 total
[2019-12-08T10:33:04.344+0000][1][gc,age       ] GC(41) - age   5:       2496 bytes,       7912 total
[2019-12-08T10:33:04.344+0000][1][gc,age       ] GC(41) - age   6:       1528 bytes,       9440 total
[2019-12-08T10:33:04.344+0000][1][gc,heap      ] GC(41) ParNew: 69966K->14K(78656K)
[2019-12-08T10:33:04.344+0000][1][gc,heap      ] GC(41) CMS: 71043K->71043K(174784K)
[2019-12-08T10:33:04.344+0000][1][gc,metaspace ] GC(41) Metaspace: 69162K->69162K(1112064K)
[2019-12-08T10:33:04.344+0000][1][gc           ] GC(41) Pause Young (Allocation Failure) 137M->69M(247M) 0.956ms
[2019-12-08T10:33:04.344+0000][1][gc,cpu       ] GC(41) User=0.00s Sys=0.00s Real=0.00s
[2019-12-08T10:33:04.344+0000][1][safepoint    ] Leaving safepoint region
[2019-12-08T10:33:04.344+0000][1][safepoint    ] Total time for which application threads were stopped: 0.0010926 seconds, Stopping threads took: 0.0000163 seconds
[2019-12-08T10:33:05.344+0000][1][safepoint    ] Application time: 1.0000876 seconds
[2019-12-08T10:33:05.344+0000][1][safepoint    ] Entering safepoint region: Cleanup
[2019-12-08T10:33:05.344+0000][1][safepoint    ] Leaving safepoint region
[2019-12-08T10:33:05.344+0000][1][safepoint    ] Total time for which application threads were stopped: 0.0000914 seconds, Stopping threads took: 0.0000181 seconds
[2019-12-08T10:33:06.344+0000][1][safepoint    ] Application time: 1.0000856 seconds
[2019-12-08T10:33:06.344+0000][1][safepoint    ] Entering safepoint region: Cleanup
[2019-12-08T10:33:06.344+0000][1][safepoint    ] Leaving safepoint region
[2019-12-08T10:33:06.344+0000][1][safepoint    ] Total time for which application threads were stopped: 0.0000814 seconds, Stopping threads took: 0.0000172 seconds
[2019-12-08T10:33:07.344+0000][1][safepoint    ] Application time: 1.0000794 seconds
[2019-12-08T10:33:07.345+0000][1][safepoint    ] Entering safepoint region: Cleanup
[2019-12-08T10:33:07.345+0000][1][safepoint    ] Leaving safepoint region
[2019-12-08T10:33:07.345+0000][1][safepoint    ] Total time for which application threads were stopped: 0.0000775 seconds, Stopping threads took: 0.0000187 seconds
[2019-12-08T10:33:08.345+0000][1][safepoint    ] Application time: 1.0000889 seconds
[2019-12-08T10:33:08.345+0000][1][safepoint    ] Entering safepoint region: Cleanup
[2019-12-08T10:33:08.345+0000][1][safepoint    ] Leaving safepoint region
[2019-12-08T10:33:08.345+0000][1][safepoint    ] Total time for which application threads were stopped: 0.0000867 seconds, Stopping threads took: 0.0000180 seconds
[2019-12-08T10:33:09.345+0000][1][safepoint    ] Application time: 1.0000796 seconds
[2019-12-08T10:33:09.345+0000][1][safepoint    ] Entering safepoint region: Cleanup
[2019-12-08T10:33:09.345+0000][1][safepoint    ] Leaving safepoint region
[2019-12-08T10:33:09.345+0000][1][safepoint    ] Total time for which application threads were stopped: 0.0000818 seconds, Stopping threads took: 0.0000257 seconds
[2019-12-08T10:33:10.345+0000][1][safepoint    ] Application time: 1.0000792 seconds
[2019-12-08T10:33:10.345+0000][1][safepoint    ] Entering safepoint region: Cleanup
[2019-12-08T10:33:10.345+0000][1][safepoint    ] Leaving safepoint region
[2019-12-08T10:33:10.345+0000][1][safepoint    ] Total time for which application threads were stopped: 0.0000823 seconds, Stopping threads took: 0.0000180 seconds
[2019-12-08T10:33:11.345+0000][1][safepoint    ] Application time: 1.0000861 seconds
[2019-12-08T10:33:11.345+0000][1][safepoint    ] Entering safepoint region: Cleanup
[2019-12-08T10:33:11.345+0000][1][safepoint    ] Leaving safepoint region
[2019-12-08T10:33:11.345+0000][1][safepoint    ] Total time for which application threads were stopped: 0.0000710 seconds, Stopping threads took: 0.0000176 seconds
[2019-12-08T10:33:12.346+0000][1][safepoint    ] Application time: 1.0000785 seconds
[2019-12-08T10:33:12.346+0000][1][safepoint    ] Entering safepoint region: Cleanup
[2019-12-08T10:33:12.346+0000][1][safepoint    ] Leaving safepoint region
[2019-12-08T10:33:12.346+0000][1][safepoint    ] Total time for which application threads were stopped: 0.0000709 seconds, Stopping threads took: 0.0000179 seconds
[2019-12-08T10:33:13.346+0000][1][safepoint    ] Application time: 1.0000768 seconds
[2019-12-08T10:33:13.346+0000][1][safepoint    ] Entering safepoint region: Cleanup
[2019-12-08T10:33:13.346+0000][1][safepoint    ] Leaving safepoint region
[2019-12-08T10:33:13.346+0000][1][safepoint    ] Total time for which application threads were stopped: 0.0000705 seconds, Stopping threads took: 0.0000167 seconds
[2019-12-08T10:33:14.346+0000][1][safepoint    ] Application time: 1.0000833 seconds
[2019-12-08T10:33:14.346+0000][1][safepoint    ] Entering safepoint region: Cleanup
[2019-12-08T10:33:14.346+0000][1][safepoint    ] Leaving safepoint region
[2019-12-08T10:33:14.346+0000][1][safepoint    ] Total time for which application threads were stopped: 0.0000746 seconds, Stopping threads took: 0.0000172 seconds
[2019-12-08T10:33:15.346+0000][1][safepoint    ] Application time: 1.0000772 seconds
[2019-12-08T10:33:15.346+0000][1][safepoint    ] Entering safepoint region: Cleanup
[2019-12-08T10:33:15.346+0000][1][safepoint    ] Leaving safepoint region
[2019-12-08T10:33:15.346+0000][1][safepoint    ] Total time for which application threads were stopped: 0.0000806 seconds, Stopping threads took: 0.0000172 seconds
[2019-12-08T10:33:16.346+0000][1][safepoint    ] Application time: 1.0000783 seconds
[2019-12-08T10:33:16.346+0000][1][safepoint    ] Entering safepoint region: Cleanup
[2019-12-08T10:33:16.346+0000][1][safepoint    ] Leaving safepoint region
[2019-12-08T10:33:16.346+0000][1][safepoint    ] Total time for which application threads were stopped: 0.0000733 seconds, Stopping threads took: 0.0000183 seconds
[2019-12-08T10:33:17.347+0000][1][safepoint    ] Application time: 1.0000806 seconds
[2019-12-08T10:33:17.347+0000][1][safepoint    ] Entering safepoint region: Cleanup
[2019-12-08T10:33:17.347+0000][1][safepoint    ] Leaving safepoint region
[2019-12-08T10:33:17.347+0000][1][safepoint    ] Total time for which application threads were stopped: 0.0000697 seconds, Stopping threads took: 0.0000176 seconds
[2019-12-08T10:33:18.347+0000][1][safepoint    ] Application time: 1.0000878 seconds
[2019-12-08T10:33:18.347+0000][1][safepoint    ] Entering safepoint region: Cleanup
[2019-12-08T10:33:18.347+0000][1][safepoint    ] Leaving safepoint region
[2019-12-08T10:33:18.347+0000][1][safepoint    ] Total time for which application threads were stopped: 0.0000722 seconds, Stopping threads took: 0.0000179 seconds
[2019-12-08T10:33:19.347+0000][1][safepoint    ] Application time: 1.0000796 seconds
[2019-12-08T10:33:19.347+0000][1][safepoint    ] Entering safepoint region: Cleanup
[2019-12-08T10:33:19.347+0000][1][safepoint    ] Leaving safepoint region
[2019-12-08T10:33:19.347+0000][1][safepoint    ] Total time for which application threads were stopped: 0.0001099 seconds, Stopping threads took: 0.0000471 seconds
[2019-12-08T10:33:20.347+0000][1][safepoint    ] Application time: 1.0000853 seconds
[2019-12-08T10:33:20.347+0000][1][safepoint    ] Entering safepoint region: Cleanup
[2019-12-08T10:33:20.347+0000][1][safepoint    ] Leaving safepoint region
[2019-12-08T10:33:20.347+0000][1][safepoint    ] Total time for which application threads were stopped: 0.0000732 seconds, Stopping threads took: 0.0000174 seconds
[2019-12-08T10:33:21.347+0000][1][safepoint    ] Application time: 1.0000769 seconds
[2019-12-08T10:33:21.347+0000][1][safepoint    ] Entering safepoint region: Cleanup
[2019-12-08T10:33:21.347+0000][1][safepoint    ] Leaving safepoint region
[2019-12-08T10:33:21.347+0000][1][safepoint    ] Total time for which application threads were stopped: 0.0000727 seconds, Stopping threads took: 0.0000178 seconds
[2019-12-08T10:33:22.348+0000][1][safepoint    ] Application time: 1.0000770 seconds
[2019-12-08T10:33:22.348+0000][1][safepoint    ] Entering safepoint region: Cleanup
[2019-12-08T10:33:22.348+0000][1][safepoint    ] Leaving safepoint region
[2019-12-08T10:33:22.348+0000][1][safepoint    ] Total time for which application threads were stopped: 0.0000730 seconds, Stopping threads took: 0.0000182 seconds
[2019-12-08T10:33:23.348+0000][1][safepoint    ] Application time: 1.0000731 seconds
[2019-12-08T10:33:23.348+0000][1][safepoint    ] Entering safepoint region: Cleanup
[2019-12-08T10:33:23.348+0000][1][safepoint    ] Leaving safepoint region
[2019-12-08T10:33:23.348+0000][1][safepoint    ] Total time for which application threads were stopped: 0.0000736 seconds, Stopping threads took: 0.0000180 seconds
[2019-12-08T10:33:24.348+0000][1][safepoint    ] Application time: 1.0000773 seconds
[2019-12-08T10:33:24.348+0000][1][safepoint    ] Entering safepoint region: Cleanup
[2019-12-08T10:33:24.348+0000][1][safepoint    ] Leaving safepoint region
[2019-12-08T10:33:24.348+0000][1][safepoint    ] Total time for which application threads were stopped: 0.0001038 seconds, Stopping threads took: 0.0000440 seconds
[2019-12-08T10:33:25.348+0000][1][safepoint    ] Application time: 1.0000831 seconds
[2019-12-08T10:33:25.348+0000][1][safepoint    ] Entering safepoint region: Cleanup
[2019-12-08T10:33:25.348+0000][1][safepoint    ] Leaving safepoint region
[2019-12-08T10:33:25.348+0000][1][safepoint    ] Total time for which application threads were stopped: 0.0000730 seconds, Stopping threads took: 0.0000190 seconds
[2019-12-08T10:33:26.348+0000][1][safepoint    ] Application time: 1.0000752 seconds
[2019-12-08T10:33:26.348+0000][1][safepoint    ] Entering safepoint region: Cleanup
[2019-12-08T10:33:26.348+0000][1][safepoint    ] Leaving safepoint region
[2019-12-08T10:33:26.348+0000][1][safepoint    ] Total time for which application threads were stopped: 0.0000744 seconds, Stopping threads took: 0.0000184 seconds
[2019-12-08T10:33:27.380+0000][1][safepoint    ] Application time: 1.0319026 seconds
[2019-12-08T10:33:27.380+0000][1][safepoint    ] Entering safepoint region: Cleanup
[2019-12-08T10:33:27.380+0000][1][safepoint    ] Leaving safepoint region
[2019-12-08T10:33:27.380+0000][1][safepoint    ] Total time for which application threads were stopped: 0.0000746 seconds, Stopping threads took: 0.0000161 seconds
[2019-12-08T10:33:28.381+0000][1][safepoint    ] Application time: 1.0000888 seconds
[2019-12-08T10:33:28.381+0000][1][safepoint    ] Entering safepoint region: Cleanup
[2019-12-08T10:33:28.381+0000][1][safepoint    ] Leaving safepoint region
[2019-12-08T10:33:28.381+0000][1][safepoint    ] Total time for which application threads were stopped: 0.0001115 seconds, Stopping threads took: 0.0000228 seconds
[2019-12-08T10:33:29.381+0000][1][safepoint    ] Application time: 1.0000809 seconds
[2019-12-08T10:33:29.381+0000][1][safepoint    ] Entering safepoint region: Cleanup
[2019-12-08T10:33:29.381+0000][1][safepoint    ] Leaving safepoint region
[2019-12-08T10:33:29.381+0000][1][safepoint    ] Total time for which application threads were stopped: 0.0000742 seconds, Stopping threads took: 0.0000176 seconds
[2019-12-08T10:33:30.381+0000][1][safepoint    ] Application time: 1.0000767 seconds
[2019-12-08T10:33:30.381+0000][1][safepoint    ] Entering safepoint region: Cleanup
[2019-12-08T10:33:30.381+0000][1][safepoint    ] Leaving safepoint region
[2019-12-08T10:33:30.381+0000][1][safepoint    ] Total time for which application threads were stopped: 0.0000698 seconds, Stopping threads took: 0.0000175 seconds
[2019-12-08T10:33:31.381+0000][1][safepoint    ] Application time: 1.0000786 seconds
[2019-12-08T10:33:31.381+0000][1][safepoint    ] Entering safepoint region: Cleanup
[2019-12-08T10:33:31.381+0000][1][safepoint    ] Leaving safepoint region
[2019-12-08T10:33:31.381+0000][1][safepoint    ] Total time for which application threads were stopped: 0.0000737 seconds, Stopping threads took: 0.0000183 seconds
[2019-12-08T10:33:32.381+0000][1][safepoint    ] Application time: 1.0000898 seconds
[2019-12-08T10:33:32.381+0000][1][safepoint    ] Entering safepoint region: Cleanup
[2019-12-08T10:33:32.381+0000][1][safepoint    ] Leaving safepoint region
[2019-12-08T10:33:32.381+0000][1][safepoint    ] Total time for which application threads were stopped: 0.0000708 seconds, Stopping threads took: 0.0000173 seconds
[2019-12-08T10:33:33.382+0000][1][safepoint    ] Application time: 1.0000869 seconds
[2019-12-08T10:33:33.382+0000][1][safepoint    ] Entering safepoint region: Cleanup
[2019-12-08T10:33:33.382+0000][1][safepoint    ] Leaving safepoint region
[2019-12-08T10:33:33.382+0000][1][safepoint    ] Total time for which application threads were stopped: 0.0000852 seconds, Stopping threads took: 0.0000150 seconds
[2019-12-08T10:33:34.382+0000][1][safepoint    ] Application time: 1.0000835 seconds
[2019-12-08T10:33:34.382+0000][1][safepoint    ] Entering safepoint region: Cleanup
[2019-12-08T10:33:34.382+0000][1][safepoint    ] Leaving safepoint region
[2019-12-08T10:33:34.382+0000][1][safepoint    ] Total time for which application threads were stopped: 0.0000980 seconds, Stopping threads took: 0.0000230 seconds
[2019-12-08T10:33:35.382+0000][1][safepoint    ] Application time: 1.0001003 seconds
[2019-12-08T10:33:35.382+0000][1][safepoint    ] Entering safepoint region: Cleanup
[2019-12-08T10:33:35.382+0000][1][safepoint    ] Leaving safepoint region
[2019-12-08T10:33:35.382+0000][1][safepoint    ] Total time for which application threads were stopped: 0.0000834 seconds, Stopping threads took: 0.0000270 seconds
[2019-12-08T10:33:36.382+0000][1][safepoint    ] Application time: 1.0000907 seconds
[2019-12-08T10:33:36.382+0000][1][safepoint    ] Entering safepoint region: Cleanup
[2019-12-08T10:33:36.382+0000][1][safepoint    ] Leaving safepoint region
[2019-12-08T10:33:36.382+0000][1][safepoint    ] Total time for which application threads were stopped: 0.0000741 seconds, Stopping threads took: 0.0000175 seconds
[2019-12-08T10:33:37.382+0000][1][safepoint    ] Application time: 1.0000927 seconds
[2019-12-08T10:33:37.383+0000][1][safepoint    ] Entering safepoint region: Cleanup
[2019-12-08T10:33:37.383+0000][1][safepoint    ] Leaving safepoint region
[2019-12-08T10:33:37.383+0000][1][safepoint    ] Total time for which application threads were stopped: 0.0000727 seconds, Stopping threads took: 0.0000186 seconds
[2019-12-08T10:33:38.383+0000][1][safepoint    ] Application time: 1.0000908 seconds
[2019-12-08T10:33:38.383+0000][1][safepoint    ] Entering safepoint region: Cleanup
[2019-12-08T10:33:38.383+0000][1][safepoint    ] Leaving safepoint region
[2019-12-08T10:33:38.383+0000][1][safepoint    ] Total time for which application threads were stopped: 0.0000719 seconds, Stopping threads took: 0.0000185 seconds
[2019-12-08T10:33:39.383+0000][1][safepoint    ] Application time: 1.0000779 seconds
[2019-12-08T10:33:39.383+0000][1][safepoint    ] Entering safepoint region: Cleanup
[2019-12-08T10:33:39.383+0000][1][safepoint    ] Leaving safepoint region
[2019-12-08T10:33:39.383+0000][1][safepoint    ] Total time for which application threads were stopped: 0.0000671 seconds, Stopping threads took: 0.0000161 seconds
[2019-12-08T10:33:40.383+0000][1][safepoint    ] Application time: 1.0000815 seconds
[2019-12-08T10:33:40.383+0000][1][safepoint    ] Entering safepoint region: Cleanup
[2019-12-08T10:33:40.383+0000][1][safepoint    ] Leaving safepoint region
[2019-12-08T10:33:40.383+0000][1][safepoint    ] Total time for which application threads were stopped: 0.0000678 seconds, Stopping threads took: 0.0000150 seconds
[2019-12-08T10:33:41.383+0000][1][safepoint    ] Application time: 1.0000818 seconds
[2019-12-08T10:33:41.383+0000][1][safepoint    ] Entering safepoint region: Cleanup
[2019-12-08T10:33:41.383+0000][1][safepoint    ] Leaving safepoint region
[2019-12-08T10:33:41.383+0000][1][safepoint    ] Total time for which application threads were stopped: 0.0000730 seconds, Stopping threads took: 0.0000175 seconds
[2019-12-08T10:33:42.383+0000][1][safepoint    ] Application time: 1.0000783 seconds
[2019-12-08T10:33:42.384+0000][1][safepoint    ] Entering safepoint region: Cleanup
[2019-12-08T10:33:42.384+0000][1][safepoint    ] Leaving safepoint region
[2019-12-08T10:33:42.384+0000][1][safepoint    ] Total time for which application threads were stopped: 0.0000667 seconds, Stopping threads took: 0.0000158 seconds
[2019-12-08T10:33:43.384+0000][1][safepoint    ] Application time: 1.0000829 seconds
[2019-12-08T10:33:43.384+0000][1][safepoint    ] Entering safepoint region: Cleanup
[2019-12-08T10:33:43.384+0000][1][safepoint    ] Leaving safepoint region
[2019-12-08T10:33:43.384+0000][1][safepoint    ] Total time for which application threads were stopped: 0.0000714 seconds, Stopping threads took: 0.0000175 seconds
[2019-12-08T10:33:44.384+0000][1][safepoint    ] Application time: 1.0000789 seconds
[2019-12-08T10:33:44.384+0000][1][safepoint    ] Entering safepoint region: Cleanup
[2019-12-08T10:33:44.384+0000][1][safepoint    ] Leaving safepoint region
[2019-12-08T10:33:44.384+0000][1][safepoint    ] Total time for which application threads were stopped: 0.0000665 seconds, Stopping threads took: 0.0000146 seconds
[2019-12-08T10:33:45.384+0000][1][safepoint    ] Application time: 1.0000769 seconds
[2019-12-08T10:33:45.384+0000][1][safepoint    ] Entering safepoint region: Cleanup
[2019-12-08T10:33:45.384+0000][1][safepoint    ] Leaving safepoint region
[2019-12-08T10:33:45.384+0000][1][safepoint    ] Total time for which application threads were stopped: 0.0000697 seconds, Stopping threads took: 0.0000171 seconds
[2019-12-08T10:33:46.384+0000][1][safepoint    ] Application time: 1.0000785 seconds
[2019-12-08T10:33:46.384+0000][1][safepoint    ] Entering safepoint region: Cleanup
[2019-12-08T10:33:46.384+0000][1][safepoint    ] Leaving safepoint region
[2019-12-08T10:33:46.384+0000][1][safepoint    ] Total time for which application threads were stopped: 0.0000692 seconds, Stopping threads took: 0.0000164 seconds
[2019-12-08T10:33:47.384+0000][1][safepoint    ] Application time: 1.0000768 seconds
[2019-12-08T10:33:47.384+0000][1][safepoint    ] Entering safepoint region: Cleanup
[2019-12-08T10:33:47.385+0000][1][safepoint    ] Leaving safepoint region
[2019-12-08T10:33:47.385+0000][1][safepoint    ] Total time for which application threads were stopped: 0.0000706 seconds, Stopping threads took: 0.0000168 seconds
[2019-12-08T10:33:48.385+0000][1][safepoint    ] Application time: 1.0000786 seconds
[2019-12-08T10:33:48.385+0000][1][safepoint    ] Entering safepoint region: Cleanup
[2019-12-08T10:33:48.385+0000][1][safepoint    ] Leaving safepoint region
[2019-12-08T10:33:48.385+0000][1][safepoint    ] Total time for which application threads were stopped: 0.0000787 seconds, Stopping threads took: 0.0000259 seconds
[2019-12-08T10:33:49.385+0000][1][safepoint    ] Application time: 1.0000773 seconds
[2019-12-08T10:33:49.385+0000][1][safepoint    ] Entering safepoint region: Cleanup
[2019-12-08T10:33:49.385+0000][1][safepoint    ] Leaving safepoint region
[2019-12-08T10:33:49.385+0000][1][safepoint    ] Total time for which application threads were stopped: 0.0000662 seconds, Stopping threads took: 0.0000166 seconds
[2019-12-08T10:33:50.385+0000][1][safepoint    ] Application time: 1.0000763 seconds
[2019-12-08T10:33:50.385+0000][1][safepoint    ] Entering safepoint region: Cleanup
[2019-12-08T10:33:50.385+0000][1][safepoint    ] Leaving safepoint region
[2019-12-08T10:33:50.385+0000][1][safepoint    ] Total time for which application threads were stopped: 0.0000692 seconds, Stopping threads took: 0.0000167 seconds
[2019-12-08T10:33:51.385+0000][1][safepoint    ] Application time: 1.0000768 seconds
[2019-12-08T10:33:51.385+0000][1][safepoint    ] Entering safepoint region: Cleanup
[2019-12-08T10:33:51.385+0000][1][safepoint    ] Leaving safepoint region
[2019-12-08T10:33:51.385+0000][1][safepoint    ] Total time for which application threads were stopped: 0.0000705 seconds, Stopping threads took: 0.0000177 seconds
[2019-12-08T10:33:52.385+0000][1][safepoint    ] Application time: 1.0000801 seconds
[2019-12-08T10:33:52.385+0000][1][safepoint    ] Entering safepoint region: Cleanup
[2019-12-08T10:33:52.386+0000][1][safepoint    ] Leaving safepoint region
[2019-12-08T10:33:52.386+0000][1][safepoint    ] Total time for which application threads were stopped: 0.0000801 seconds, Stopping threads took: 0.0000254 seconds
[2019-12-08T10:33:53.386+0000][1][safepoint    ] Application time: 1.0000873 seconds
[2019-12-08T10:33:53.386+0000][1][safepoint    ] Entering safepoint region: Cleanup
[2019-12-08T10:33:53.386+0000][1][safepoint    ] Leaving safepoint region
[2019-12-08T10:33:53.386+0000][1][safepoint    ] Total time for which application threads were stopped: 0.0001112 seconds, Stopping threads took: 0.0000222 seconds
[2019-12-08T10:33:54.386+0000][1][safepoint    ] Application time: 1.0000843 seconds
[2019-12-08T10:33:54.386+0000][1][safepoint    ] Entering safepoint region: Cleanup
[2019-12-08T10:33:54.386+0000][1][safepoint    ] Leaving safepoint region
[2019-12-08T10:33:54.386+0000][1][safepoint    ] Total time for which application threads were stopped: 0.0000718 seconds, Stopping threads took: 0.0000181 seconds
[2019-12-08T10:33:55.414+0000][1][safepoint    ] Application time: 1.0284926 seconds
[2019-12-08T10:33:55.415+0000][1][safepoint    ] Entering safepoint region: Cleanup
[2019-12-08T10:33:55.415+0000][1][safepoint    ] Leaving safepoint region
[2019-12-08T10:33:55.415+0000][1][safepoint    ] Total time for which application threads were stopped: 0.0000679 seconds, Stopping threads took: 0.0000145 seconds
[2019-12-08T10:33:56.415+0000][1][safepoint    ] Application time: 1.0000781 seconds
[2019-12-08T10:33:56.415+0000][1][safepoint    ] Entering safepoint region: Cleanup
[2019-12-08T10:33:56.415+0000][1][safepoint    ] Leaving safepoint region
[2019-12-08T10:33:56.415+0000][1][safepoint    ] Total time for which application threads were stopped: 0.0000700 seconds, Stopping threads took: 0.0000179 seconds
[2019-12-08T10:33:57.415+0000][1][safepoint    ] Application time: 1.0000784 seconds
[2019-12-08T10:33:57.415+0000][1][safepoint    ] Entering safepoint region: Cleanup
[2019-12-08T10:33:57.415+0000][1][safepoint    ] Leaving safepoint region
[2019-12-08T10:33:57.415+0000][1][safepoint    ] Total time for which application threads were stopped: 0.0000659 seconds, Stopping threads took: 0.0000156 seconds
[2019-12-08T10:33:58.415+0000][1][safepoint    ] Application time: 1.0000769 seconds
[2019-12-08T10:33:58.415+0000][1][safepoint    ] Entering safepoint region: Cleanup
[2019-12-08T10:33:58.415+0000][1][safepoint    ] Leaving safepoint region
[2019-12-08T10:33:58.415+0000][1][safepoint    ] Total time for which application threads were stopped: 0.0000661 seconds, Stopping threads took: 0.0000166 seconds
[2019-12-08T10:33:59.415+0000][1][safepoint    ] Application time: 1.0000760 seconds
[2019-12-08T10:33:59.415+0000][1][safepoint    ] Entering safepoint region: Cleanup
[2019-12-08T10:33:59.415+0000][1][safepoint    ] Leaving safepoint region
[2019-12-08T10:33:59.415+0000][1][safepoint    ] Total time for which application threads were stopped: 0.0000696 seconds, Stopping threads took: 0.0000164 seconds
[2019-12-08T10:34:00.415+0000][1][safepoint    ] Application time: 1.0000760 seconds
[2019-12-08T10:34:00.415+0000][1][safepoint    ] Entering safepoint region: Cleanup
[2019-12-08T10:34:00.415+0000][1][safepoint    ] Leaving safepoint region
[2019-12-08T10:34:00.415+0000][1][safepoint    ] Total time for which application threads were stopped: 0.0000659 seconds, Stopping threads took: 0.0000162 seconds
[2019-12-08T10:34:01.416+0000][1][safepoint    ] Application time: 1.0000861 seconds
[2019-12-08T10:34:01.416+0000][1][safepoint    ] Entering safepoint region: Cleanup
[2019-12-08T10:34:01.416+0000][1][safepoint    ] Leaving safepoint region
[2019-12-08T10:34:01.416+0000][1][safepoint    ] Total time for which application threads were stopped: 0.0001081 seconds, Stopping threads took: 0.0000228 seconds
[2019-12-08T10:34:02.416+0000][1][safepoint    ] Application time: 1.0000770 seconds
[2019-12-08T10:34:02.416+0000][1][safepoint    ] Entering safepoint region: Cleanup
[2019-12-08T10:34:02.416+0000][1][safepoint    ] Leaving safepoint region
[2019-12-08T10:34:02.416+0000][1][safepoint    ] Total time for which application threads were stopped: 0.0000692 seconds, Stopping threads took: 0.0000170 seconds
[2019-12-08T10:34:03.416+0000][1][safepoint    ] Application time: 1.0000867 seconds
[2019-12-08T10:34:03.416+0000][1][safepoint    ] Entering safepoint region: Cleanup
[2019-12-08T10:34:03.416+0000][1][safepoint    ] Leaving safepoint region
[2019-12-08T10:34:03.416+0000][1][safepoint    ] Total time for which application threads were stopped: 0.0000721 seconds, Stopping threads took: 0.0000184 seconds
[2019-12-08T10:34:04.416+0000][1][safepoint    ] Application time: 1.0000792 seconds
[2019-12-08T10:34:04.416+0000][1][safepoint    ] Entering safepoint region: Cleanup
[2019-12-08T10:34:04.416+0000][1][safepoint    ] Leaving safepoint region
[2019-12-08T10:34:04.416+0000][1][safepoint    ] Total time for which application threads were stopped: 0.0000696 seconds, Stopping threads took: 0.0000163 seconds
[2019-12-08T10:34:05.416+0000][1][safepoint    ] Application time: 1.0000798 seconds
[2019-12-08T10:34:05.416+0000][1][safepoint    ] Entering safepoint region: Cleanup
[2019-12-08T10:34:05.416+0000][1][safepoint    ] Leaving safepoint region
[2019-12-08T10:34:05.416+0000][1][safepoint    ] Total time for which application threads were stopped: 0.0000782 seconds, Stopping threads took: 0.0000171 seconds
[2019-12-08T10:34:06.417+0000][1][safepoint    ] Application time: 1.0000809 seconds
[2019-12-08T10:34:06.417+0000][1][safepoint    ] Entering safepoint region: Cleanup
[2019-12-08T10:34:06.417+0000][1][safepoint    ] Leaving safepoint region
[2019-12-08T10:34:06.417+0000][1][safepoint    ] Total time for which application threads were stopped: 0.0000704 seconds, Stopping threads took: 0.0000172 seconds
[2019-12-08T10:34:07.417+0000][1][safepoint    ] Application time: 1.0000973 seconds
[2019-12-08T10:34:07.417+0000][1][safepoint    ] Entering safepoint region: Cleanup
[2019-12-08T10:34:07.417+0000][1][safepoint    ] Leaving safepoint region
[2019-12-08T10:34:07.417+0000][1][safepoint    ] Total time for which application threads were stopped: 0.0000706 seconds, Stopping threads took: 0.0000174 seconds
[2019-12-08T10:34:08.417+0000][1][safepoint    ] Application time: 1.0000782 seconds
[2019-12-08T10:34:08.417+0000][1][safepoint    ] Entering safepoint region: Cleanup
[2019-12-08T10:34:08.417+0000][1][safepoint    ] Leaving safepoint region
[2019-12-08T10:34:08.417+0000][1][safepoint    ] Total time for which application threads were stopped: 0.0000662 seconds, Stopping threads took: 0.0000159 seconds
[2019-12-08T10:34:09.417+0000][1][safepoint    ] Application time: 1.0000866 seconds
[2019-12-08T10:34:09.417+0000][1][safepoint    ] Entering safepoint region: Cleanup
[2019-12-08T10:34:09.417+0000][1][safepoint    ] Leaving safepoint region
[2019-12-08T10:34:09.417+0000][1][safepoint    ] Total time for which application threads were stopped: 0.0000681 seconds, Stopping threads took: 0.0000161 seconds
[2019-12-08T10:34:10.417+0000][1][safepoint    ] Application time: 1.0000798 seconds
[2019-12-08T10:34:10.417+0000][1][safepoint    ] Entering safepoint region: Cleanup
[2019-12-08T10:34:10.417+0000][1][safepoint    ] Leaving safepoint region
[2019-12-08T10:34:10.417+0000][1][safepoint    ] Total time for which application threads were stopped: 0.0000678 seconds, Stopping threads took: 0.0000159 seconds
[2019-12-08T10:34:11.418+0000][1][safepoint    ] Application time: 1.0000817 seconds
[2019-12-08T10:34:11.418+0000][1][safepoint    ] Entering safepoint region: Cleanup
[2019-12-08T10:34:11.418+0000][1][safepoint    ] Leaving safepoint region
[2019-12-08T10:34:11.418+0000][1][safepoint    ] Total time for which application threads were stopped: 0.0000709 seconds, Stopping threads took: 0.0000173 seconds
[2019-12-08T10:34:12.418+0000][1][safepoint    ] Application time: 1.0000884 seconds
[2019-12-08T10:34:12.418+0000][1][safepoint    ] Entering safepoint region: Cleanup
[2019-12-08T10:34:12.418+0000][1][safepoint    ] Leaving safepoint region
[2019-12-08T10:34:12.418+0000][1][safepoint    ] Total time for which application threads were stopped: 0.0000691 seconds, Stopping threads took: 0.0000185 seconds
[2019-12-08T10:34:13.418+0000][1][safepoint    ] Application time: 1.0000775 seconds
[2019-12-08T10:34:13.418+0000][1][safepoint    ] Entering safepoint region: Cleanup
[2019-12-08T10:34:13.418+0000][1][safepoint    ] Leaving safepoint region
[2019-12-08T10:34:13.418+0000][1][safepoint    ] Total time for which application threads were stopped: 0.0000695 seconds, Stopping threads took: 0.0000180 seconds
[2019-12-08T10:34:14.418+0000][1][safepoint    ] Application time: 1.0000793 seconds
[2019-12-08T10:34:14.418+0000][1][safepoint    ] Entering safepoint region: Cleanup
[2019-12-08T10:34:14.418+0000][1][safepoint    ] Leaving safepoint region
[2019-12-08T10:34:14.418+0000][1][safepoint    ] Total time for which application threads were stopped: 0.0000713 seconds, Stopping threads took: 0.0000188 seconds
[2019-12-08T10:34:15.418+0000][1][safepoint    ] Application time: 1.0000796 seconds
[2019-12-08T10:34:15.418+0000][1][safepoint    ] Entering safepoint region: Cleanup
[2019-12-08T10:34:15.418+0000][1][safepoint    ] Leaving safepoint region
[2019-12-08T10:34:15.418+0000][1][safepoint    ] Total time for which application threads were stopped: 0.0000682 seconds, Stopping threads took: 0.0000190 seconds
[2019-12-08T10:34:16.418+0000][1][safepoint    ] Application time: 1.0000808 seconds
[2019-12-08T10:34:16.418+0000][1][safepoint    ] Entering safepoint region: Cleanup
[2019-12-08T10:34:16.419+0000][1][safepoint    ] Leaving safepoint region
[2019-12-08T10:34:16.419+0000][1][safepoint    ] Total time for which application threads were stopped: 0.0000774 seconds, Stopping threads took: 0.0000277 seconds
[2019-12-08T10:34:17.419+0000][1][safepoint    ] Application time: 1.0000836 seconds
[2019-12-08T10:34:17.419+0000][1][safepoint    ] Entering safepoint region: Cleanup
[2019-12-08T10:34:17.419+0000][1][safepoint    ] Leaving safepoint region
[2019-12-08T10:34:17.419+0000][1][safepoint    ] Total time for which application threads were stopped: 0.0000821 seconds, Stopping threads took: 0.0000161 seconds
[2019-12-08T10:34:18.419+0000][1][safepoint    ] Application time: 1.0001786 seconds
[2019-12-08T10:34:18.419+0000][1][safepoint    ] Entering safepoint region: Cleanup
[2019-12-08T10:34:18.419+0000][1][safepoint    ] Leaving safepoint region
[2019-12-08T10:34:18.419+0000][1][safepoint    ] Total time for which application threads were stopped: 0.0001227 seconds, Stopping threads took: 0.0000521 seconds
[2019-12-08T10:34:19.419+0000][1][safepoint    ] Application time: 1.0001924 seconds
[2019-12-08T10:34:19.419+0000][1][safepoint    ] Entering safepoint region: Cleanup
[2019-12-08T10:34:19.419+0000][1][safepoint    ] Leaving safepoint region
[2019-12-08T10:34:19.419+0000][1][safepoint    ] Total time for which application threads were stopped: 0.0001645 seconds, Stopping threads took: 0.0000525 seconds
[2019-12-08T10:34:20.420+0000][1][safepoint    ] Application time: 1.0000926 seconds
[2019-12-08T10:34:20.420+0000][1][safepoint    ] Entering safepoint region: Cleanup
[2019-12-08T10:34:20.420+0000][1][safepoint    ] Leaving safepoint region
[2019-12-08T10:34:20.420+0000][1][safepoint    ] Total time for which application threads were stopped: 0.0000804 seconds, Stopping threads took: 0.0000170 seconds
[2019-12-08T10:34:21.420+0000][1][safepoint    ] Application time: 1.0000921 seconds
[2019-12-08T10:34:21.420+0000][1][safepoint    ] Entering safepoint region: Cleanup
[2019-12-08T10:34:21.420+0000][1][safepoint    ] Leaving safepoint region
[2019-12-08T10:34:21.420+0000][1][safepoint    ] Total time for which application threads were stopped: 0.0000677 seconds, Stopping threads took: 0.0000170 seconds
[2019-12-08T10:34:22.420+0000][1][safepoint    ] Application time: 1.0000784 seconds
[2019-12-08T10:34:22.420+0000][1][safepoint    ] Entering safepoint region: Cleanup
[2019-12-08T10:34:22.420+0000][1][safepoint    ] Leaving safepoint region
[2019-12-08T10:34:22.420+0000][1][safepoint    ] Total time for which application threads were stopped: 0.0000704 seconds, Stopping threads took: 0.0000184 seconds
[2019-12-08T10:34:23.420+0000][1][safepoint    ] Application time: 1.0000756 seconds
[2019-12-08T10:34:23.420+0000][1][safepoint    ] Entering safepoint region: Cleanup
[2019-12-08T10:34:23.420+0000][1][safepoint    ] Leaving safepoint region
[2019-12-08T10:34:23.420+0000][1][safepoint    ] Total time for which application threads were stopped: 0.0000899 seconds, Stopping threads took: 0.0000185 seconds
[2019-12-08T10:34:24.420+0000][1][safepoint    ] Application time: 1.0000773 seconds
[2019-12-08T10:34:24.420+0000][1][safepoint    ] Entering safepoint region: Cleanup
[2019-12-08T10:34:24.420+0000][1][safepoint    ] Leaving safepoint region
[2019-12-08T10:34:24.420+0000][1][safepoint    ] Total time for which application threads were stopped: 0.0000664 seconds, Stopping threads took: 0.0000156 seconds
[2019-12-08T10:34:25.421+0000][1][safepoint    ] Application time: 1.0000834 seconds
[2019-12-08T10:34:25.421+0000][1][safepoint    ] Entering safepoint region: Cleanup
[2019-12-08T10:34:25.421+0000][1][safepoint    ] Leaving safepoint region
[2019-12-08T10:34:25.421+0000][1][safepoint    ] Total time for which application threads were stopped: 0.0000732 seconds, Stopping threads took: 0.0000177 seconds
[2019-12-08T10:34:26.421+0000][1][safepoint    ] Application time: 1.0000838 seconds
[2019-12-08T10:34:26.421+0000][1][safepoint    ] Entering safepoint region: Cleanup
[2019-12-08T10:34:26.421+0000][1][safepoint    ] Leaving safepoint region
[2019-12-08T10:34:26.421+0000][1][safepoint    ] Total time for which application threads were stopped: 0.0000713 seconds, Stopping threads took: 0.0000172 seconds
[2019-12-08T10:34:27.421+0000][1][safepoint    ] Application time: 1.0000783 seconds
[2019-12-08T10:34:27.421+0000][1][safepoint    ] Entering safepoint region: Cleanup
[2019-12-08T10:34:27.421+0000][1][safepoint    ] Leaving safepoint region
[2019-12-08T10:34:27.421+0000][1][safepoint    ] Total time for which application threads were stopped: 0.0000701 seconds, Stopping threads took: 0.0000159 seconds
[2019-12-08T10:34:28.421+0000][1][safepoint    ] Application time: 1.0000788 seconds
[2019-12-08T10:34:28.421+0000][1][safepoint    ] Entering safepoint region: Cleanup
[2019-12-08T10:34:28.421+0000][1][safepoint    ] Leaving safepoint region
[2019-12-08T10:34:28.421+0000][1][safepoint    ] Total time for which application threads were stopped: 0.0000713 seconds, Stopping threads took: 0.0000175 seconds
[2019-12-08T10:34:29.421+0000][1][safepoint    ] Application time: 1.0000794 seconds
[2019-12-08T10:34:29.421+0000][1][safepoint    ] Entering safepoint region: Cleanup
[2019-12-08T10:34:29.421+0000][1][safepoint    ] Leaving safepoint region
[2019-12-08T10:34:29.421+0000][1][safepoint    ] Total time for which application threads were stopped: 0.0000826 seconds, Stopping threads took: 0.0000156 seconds
[2019-12-08T10:34:30.422+0000][1][safepoint    ] Application time: 1.0000764 seconds
[2019-12-08T10:34:30.422+0000][1][safepoint    ] Entering safepoint region: Cleanup
[2019-12-08T10:34:30.422+0000][1][safepoint    ] Leaving safepoint region
[2019-12-08T10:34:30.422+0000][1][safepoint    ] Total time for which application threads were stopped: 0.0000712 seconds, Stopping threads took: 0.0000170 seconds
[2019-12-08T10:34:31.422+0000][1][safepoint    ] Application time: 1.0000760 seconds
[2019-12-08T10:34:31.422+0000][1][safepoint    ] Entering safepoint region: Cleanup
[2019-12-08T10:34:31.422+0000][1][safepoint    ] Leaving safepoint region
[2019-12-08T10:34:31.422+0000][1][safepoint    ] Total time for which application threads were stopped: 0.0000701 seconds, Stopping threads took: 0.0000173 seconds
[2019-12-08T10:34:32.422+0000][1][safepoint    ] Application time: 1.0000758 seconds
[2019-12-08T10:34:32.422+0000][1][safepoint    ] Entering safepoint region: Cleanup
[2019-12-08T10:34:32.422+0000][1][safepoint    ] Leaving safepoint region
[2019-12-08T10:34:32.422+0000][1][safepoint    ] Total time for which application threads were stopped: 0.0000695 seconds, Stopping threads took: 0.0000170 seconds
[2019-12-08T10:34:33.422+0000][1][safepoint    ] Application time: 1.0000766 seconds
[2019-12-08T10:34:33.422+0000][1][safepoint    ] Entering safepoint region: Cleanup
[2019-12-08T10:34:33.422+0000][1][safepoint    ] Leaving safepoint region
[2019-12-08T10:34:33.422+0000][1][safepoint    ] Total time for which application threads were stopped: 0.0000687 seconds, Stopping threads took: 0.0000170 seconds
[2019-12-08T10:34:34.422+0000][1][safepoint    ] Application time: 1.0000790 seconds
[2019-12-08T10:34:34.422+0000][1][safepoint    ] Entering safepoint region: Cleanup
[2019-12-08T10:34:34.422+0000][1][safepoint    ] Leaving safepoint region
[2019-12-08T10:34:34.422+0000][1][safepoint    ] Total time for which application threads were stopped: 0.0000731 seconds, Stopping threads took: 0.0000157 seconds
[2019-12-08T10:34:35.422+0000][1][safepoint    ] Application time: 1.0000761 seconds
[2019-12-08T10:34:35.422+0000][1][safepoint    ] Entering safepoint region: Cleanup
[2019-12-08T10:34:35.423+0000][1][safepoint    ] Leaving safepoint region
[2019-12-08T10:34:35.423+0000][1][safepoint    ] Total time for which application threads were stopped: 0.0000735 seconds, Stopping threads took: 0.0000220 seconds
[2019-12-08T10:34:36.423+0000][1][safepoint    ] Application time: 1.0000776 seconds
[2019-12-08T10:34:36.423+0000][1][safepoint    ] Entering safepoint region: Cleanup
[2019-12-08T10:34:36.423+0000][1][safepoint    ] Leaving safepoint region
[2019-12-08T10:34:36.423+0000][1][safepoint    ] Total time for which application threads were stopped: 0.0000815 seconds, Stopping threads took: 0.0000279 seconds
[2019-12-08T10:34:37.423+0000][1][safepoint    ] Application time: 1.0000829 seconds
[2019-12-08T10:34:37.423+0000][1][safepoint    ] Entering safepoint region: Cleanup
[2019-12-08T10:34:37.423+0000][1][safepoint    ] Leaving safepoint region
[2019-12-08T10:34:37.423+0000][1][safepoint    ] Total time for which application threads were stopped: 0.0000701 seconds, Stopping threads took: 0.0000177 seconds
[2019-12-08T10:34:38.423+0000][1][safepoint    ] Application time: 1.0000811 seconds
[2019-12-08T10:34:38.423+0000][1][safepoint    ] Entering safepoint region: Cleanup
[2019-12-08T10:34:38.423+0000][1][safepoint    ] Leaving safepoint region
[2019-12-08T10:34:38.423+0000][1][safepoint    ] Total time for which application threads were stopped: 0.0000752 seconds, Stopping threads took: 0.0000184 seconds
[2019-12-08T10:34:39.423+0000][1][safepoint    ] Application time: 1.0000768 seconds
[2019-12-08T10:34:39.423+0000][1][safepoint    ] Entering safepoint region: Cleanup
[2019-12-08T10:34:39.423+0000][1][safepoint    ] Leaving safepoint region
[2019-12-08T10:34:39.423+0000][1][safepoint    ] Total time for which application threads were stopped: 0.0000684 seconds, Stopping threads took: 0.0000154 seconds
[2019-12-08T10:34:40.423+0000][1][safepoint    ] Application time: 1.0000831 seconds
[2019-12-08T10:34:40.423+0000][1][safepoint    ] Entering safepoint region: Cleanup
[2019-12-08T10:34:40.423+0000][1][safepoint    ] Leaving safepoint region
[2019-12-08T10:34:40.424+0000][1][safepoint    ] Total time for which application threads were stopped: 0.0000708 seconds, Stopping threads took: 0.0000167 seconds
[2019-12-08T10:34:41.424+0000][1][safepoint    ] Application time: 1.0000783 seconds
[2019-12-08T10:34:41.424+0000][1][safepoint    ] Entering safepoint region: Cleanup
[2019-12-08T10:34:41.424+0000][1][safepoint    ] Leaving safepoint region
[2019-12-08T10:34:41.424+0000][1][safepoint    ] Total time for which application threads were stopped: 0.0000778 seconds, Stopping threads took: 0.0000158 seconds
[2019-12-08T10:34:42.424+0000][1][safepoint    ] Application time: 1.0000810 seconds
[2019-12-08T10:34:42.424+0000][1][safepoint    ] Entering safepoint region: Cleanup
[2019-12-08T10:34:42.424+0000][1][safepoint    ] Leaving safepoint region
[2019-12-08T10:34:42.424+0000][1][safepoint    ] Total time for which application threads were stopped: 0.0000706 seconds, Stopping threads took: 0.0000179 seconds
[2019-12-08T10:34:43.424+0000][1][safepoint    ] Application time: 1.0000789 seconds
[2019-12-08T10:34:43.424+0000][1][safepoint    ] Entering safepoint region: Cleanup
[2019-12-08T10:34:43.424+0000][1][safepoint    ] Leaving safepoint region
[2019-12-08T10:34:43.424+0000][1][safepoint    ] Total time for which application threads were stopped: 0.0000699 seconds, Stopping threads took: 0.0000182 seconds
[2019-12-08T10:34:44.424+0000][1][safepoint    ] Application time: 1.0000912 seconds
[2019-12-08T10:34:44.424+0000][1][safepoint    ] Entering safepoint region: Cleanup
[2019-12-08T10:34:44.424+0000][1][safepoint    ] Leaving safepoint region
[2019-12-08T10:34:44.424+0000][1][safepoint    ] Total time for which application threads were stopped: 0.0000770 seconds, Stopping threads took: 0.0000206 seconds
[2019-12-08T10:34:45.424+0000][1][safepoint    ] Application time: 1.0000847 seconds
[2019-12-08T10:34:45.424+0000][1][safepoint    ] Entering safepoint region: Cleanup
[2019-12-08T10:34:45.424+0000][1][safepoint    ] Leaving safepoint region
[2019-12-08T10:34:45.424+0000][1][safepoint    ] Total time for which application threads were stopped: 0.0000720 seconds, Stopping threads took: 0.0000164 seconds
[2019-12-08T10:34:46.425+0000][1][safepoint    ] Application time: 1.0000910 seconds
[2019-12-08T10:34:46.425+0000][1][safepoint    ] Entering safepoint region: Cleanup
[2019-12-08T10:34:46.425+0000][1][safepoint    ] Leaving safepoint region
[2019-12-08T10:34:46.425+0000][1][safepoint    ] Total time for which application threads were stopped: 0.0000922 seconds, Stopping threads took: 0.0000195 seconds
[2019-12-08T10:34:47.425+0000][1][safepoint    ] Application time: 1.0000850 seconds
[2019-12-08T10:34:47.425+0000][1][safepoint    ] Entering safepoint region: Cleanup
[2019-12-08T10:34:47.425+0000][1][safepoint    ] Leaving safepoint region
[2019-12-08T10:34:47.425+0000][1][safepoint    ] Total time for which application threads were stopped: 0.0000704 seconds, Stopping threads took: 0.0000186 seconds
[2019-12-08T10:34:48.425+0000][1][safepoint    ] Application time: 1.0000907 seconds
[2019-12-08T10:34:48.425+0000][1][safepoint    ] Entering safepoint region: Cleanup
[2019-12-08T10:34:48.425+0000][1][safepoint    ] Leaving safepoint region
[2019-12-08T10:34:48.425+0000][1][safepoint    ] Total time for which application threads were stopped: 0.0000708 seconds, Stopping threads took: 0.0000178 seconds
[2019-12-08T10:34:49.425+0000][1][safepoint    ] Application time: 1.0000888 seconds
[2019-12-08T10:34:49.425+0000][1][safepoint    ] Entering safepoint region: Cleanup
[2019-12-08T10:34:49.425+0000][1][safepoint    ] Leaving safepoint region
[2019-12-08T10:34:49.425+0000][1][safepoint    ] Total time for which application threads were stopped: 0.0000727 seconds, Stopping threads took: 0.0000166 seconds
[2019-12-08T10:34:50.425+0000][1][safepoint    ] Application time: 1.0000891 seconds
[2019-12-08T10:34:50.425+0000][1][safepoint    ] Entering safepoint region: Cleanup
[2019-12-08T10:34:50.426+0000][1][safepoint    ] Leaving safepoint region
[2019-12-08T10:34:50.426+0000][1][safepoint    ] Total time for which application threads were stopped: 0.0000723 seconds, Stopping threads took: 0.0000182 seconds
[2019-12-08T10:34:51.426+0000][1][safepoint    ] Application time: 1.0000804 seconds
[2019-12-08T10:34:51.426+0000][1][safepoint    ] Entering safepoint region: Cleanup
[2019-12-08T10:34:51.426+0000][1][safepoint    ] Leaving safepoint region
[2019-12-08T10:34:51.426+0000][1][safepoint    ] Total time for which application threads were stopped: 0.0000772 seconds, Stopping threads took: 0.0000161 seconds
[2019-12-08T10:34:52.426+0000][1][safepoint    ] Application time: 1.0000793 seconds
[2019-12-08T10:34:52.426+0000][1][safepoint    ] Entering safepoint region: Cleanup
[2019-12-08T10:34:52.426+0000][1][safepoint    ] Leaving safepoint region
[2019-12-08T10:34:52.426+0000][1][safepoint    ] Total time for which application threads were stopped: 0.0000756 seconds, Stopping threads took: 0.0000240 seconds
[2019-12-08T10:34:53.426+0000][1][safepoint    ] Application time: 1.0000780 seconds
[2019-12-08T10:34:53.426+0000][1][safepoint    ] Entering safepoint region: Cleanup
[2019-12-08T10:34:53.426+0000][1][safepoint    ] Leaving safepoint region
[2019-12-08T10:34:53.426+0000][1][safepoint    ] Total time for which application threads were stopped: 0.0000725 seconds, Stopping threads took: 0.0000180 seconds
[2019-12-08T10:34:54.426+0000][1][safepoint    ] Application time: 1.0000760 seconds
[2019-12-08T10:34:54.426+0000][1][safepoint    ] Entering safepoint region: Cleanup
[2019-12-08T10:34:54.426+0000][1][safepoint    ] Leaving safepoint region
[2019-12-08T10:34:54.426+0000][1][safepoint    ] Total time for which application threads were stopped: 0.0000699 seconds, Stopping threads took: 0.0000171 seconds
[2019-12-08T10:34:55.426+0000][1][safepoint    ] Application time: 1.0000850 seconds
[2019-12-08T10:34:55.426+0000][1][safepoint    ] Entering safepoint region: Cleanup
[2019-12-08T10:34:55.426+0000][1][safepoint    ] Leaving safepoint region
[2019-12-08T10:34:55.426+0000][1][safepoint    ] Total time for which application threads were stopped: 0.0000710 seconds, Stopping threads took: 0.0000181 seconds
[2019-12-08T10:34:56.427+0000][1][safepoint    ] Application time: 1.0000837 seconds
[2019-12-08T10:34:56.427+0000][1][safepoint    ] Entering safepoint region: Cleanup
[2019-12-08T10:34:56.427+0000][1][safepoint    ] Leaving safepoint region
[2019-12-08T10:34:56.427+0000][1][safepoint    ] Total time for which application threads were stopped: 0.0000741 seconds, Stopping threads took: 0.0000179 seconds
[2019-12-08T10:34:57.427+0000][1][safepoint    ] Application time: 1.0000786 seconds
[2019-12-08T10:34:57.427+0000][1][safepoint    ] Entering safepoint region: Cleanup
[2019-12-08T10:34:57.427+0000][1][safepoint    ] Leaving safepoint region
[2019-12-08T10:34:57.427+0000][1][safepoint    ] Total time for which application threads were stopped: 0.0000686 seconds, Stopping threads took: 0.0000160 seconds
[2019-12-08T10:34:58.427+0000][1][safepoint    ] Application time: 1.0000779 seconds
[2019-12-08T10:34:58.427+0000][1][safepoint    ] Entering safepoint region: Cleanup
[2019-12-08T10:34:58.427+0000][1][safepoint    ] Leaving safepoint region
[2019-12-08T10:34:58.427+0000][1][safepoint    ] Total time for which application threads were stopped: 0.0000688 seconds, Stopping threads took: 0.0000153 seconds
[2019-12-08T10:34:59.427+0000][1][safepoint    ] Application time: 1.0000779 seconds
[2019-12-08T10:34:59.427+0000][1][safepoint    ] Entering safepoint region: Cleanup
[2019-12-08T10:34:59.427+0000][1][safepoint    ] Leaving safepoint region
[2019-12-08T10:34:59.427+0000][1][safepoint    ] Total time for which application threads were stopped: 0.0000672 seconds, Stopping threads took: 0.0000150 seconds
[2019-12-08T10:35:00.456+0000][1][safepoint    ] Application time: 1.0287181 seconds
[2019-12-08T10:35:00.456+0000][1][safepoint    ] Entering safepoint region: Cleanup
[2019-12-08T10:35:00.456+0000][1][safepoint    ] Leaving safepoint region
[2019-12-08T10:35:00.456+0000][1][safepoint    ] Total time for which application threads were stopped: 0.0000642 seconds, Stopping threads took: 0.0000140 seconds
[2019-12-08T10:35:01.456+0000][1][safepoint    ] Application time: 1.0000862 seconds
[2019-12-08T10:35:01.456+0000][1][safepoint    ] Entering safepoint region: Cleanup
[2019-12-08T10:35:01.456+0000][1][safepoint    ] Leaving safepoint region
[2019-12-08T10:35:01.456+0000][1][safepoint    ] Total time for which application threads were stopped: 0.0000755 seconds, Stopping threads took: 0.0000191 seconds
[2019-12-08T10:35:02.456+0000][1][safepoint    ] Application time: 1.0000819 seconds
[2019-12-08T10:35:02.456+0000][1][safepoint    ] Entering safepoint region: Cleanup
[2019-12-08T10:35:02.456+0000][1][safepoint    ] Leaving safepoint region
[2019-12-08T10:35:02.456+0000][1][safepoint    ] Total time for which application threads were stopped: 0.0000730 seconds, Stopping threads took: 0.0000177 seconds
[2019-12-08T10:35:03.457+0000][1][safepoint    ] Application time: 1.0000788 seconds
[2019-12-08T10:35:03.457+0000][1][safepoint    ] Entering safepoint region: Cleanup
[2019-12-08T10:35:03.457+0000][1][safepoint    ] Leaving safepoint region
[2019-12-08T10:35:03.457+0000][1][safepoint    ] Total time for which application threads were stopped: 0.0000693 seconds, Stopping threads took: 0.0000169 seconds
[2019-12-08T10:35:04.457+0000][1][safepoint    ] Application time: 1.0000862 seconds
[2019-12-08T10:35:04.457+0000][1][safepoint    ] Entering safepoint region: Cleanup
[2019-12-08T10:35:04.457+0000][1][safepoint    ] Leaving safepoint region
[2019-12-08T10:35:04.457+0000][1][safepoint    ] Total time for which application threads were stopped: 0.0000676 seconds, Stopping threads took: 0.0000161 seconds
[2019-12-08T10:35:05.457+0000][1][safepoint    ] Application time: 1.0000761 seconds
[2019-12-08T10:35:05.457+0000][1][safepoint    ] Entering safepoint region: Cleanup
[2019-12-08T10:35:05.457+0000][1][safepoint    ] Leaving safepoint region
[2019-12-08T10:35:05.457+0000][1][safepoint    ] Total time for which application threads were stopped: 0.0000709 seconds, Stopping threads took: 0.0000187 seconds
[2019-12-08T10:35:06.457+0000][1][safepoint    ] Application time: 1.0000782 seconds
[2019-12-08T10:35:06.457+0000][1][safepoint    ] Entering safepoint region: Cleanup
[2019-12-08T10:35:06.457+0000][1][safepoint    ] Leaving safepoint region
[2019-12-08T10:35:06.457+0000][1][safepoint    ] Total time for which application threads were stopped: 0.0000762 seconds, Stopping threads took: 0.0000245 seconds
[2019-12-08T10:35:07.457+0000][1][safepoint    ] Application time: 1.0000805 seconds
[2019-12-08T10:35:07.457+0000][1][safepoint    ] Entering safepoint region: Cleanup
[2019-12-08T10:35:07.457+0000][1][safepoint    ] Leaving safepoint region
[2019-12-08T10:35:07.457+0000][1][safepoint    ] Total time for which application threads were stopped: 0.0000684 seconds, Stopping threads took: 0.0000181 seconds
[2019-12-08T10:35:08.457+0000][1][safepoint    ] Application time: 1.0000793 seconds
[2019-12-08T10:35:08.458+0000][1][safepoint    ] Entering safepoint region: Cleanup
[2019-12-08T10:35:08.458+0000][1][safepoint    ] Leaving safepoint region
[2019-12-08T10:35:08.458+0000][1][safepoint    ] Total time for which application threads were stopped: 0.0000690 seconds, Stopping threads took: 0.0000176 seconds
[2019-12-08T10:35:09.458+0000][1][safepoint    ] Application time: 1.0000784 seconds
[2019-12-08T10:35:09.458+0000][1][safepoint    ] Entering safepoint region: Cleanup
[2019-12-08T10:35:09.458+0000][1][safepoint    ] Leaving safepoint region
[2019-12-08T10:35:09.458+0000][1][safepoint    ] Total time for which application threads were stopped: 0.0000687 seconds, Stopping threads took: 0.0000185 seconds
[2019-12-08T10:35:10.458+0000][1][safepoint    ] Application time: 1.0000776 seconds
[2019-12-08T10:35:10.458+0000][1][safepoint    ] Entering safepoint region: Cleanup
[2019-12-08T10:35:10.458+0000][1][safepoint    ] Leaving safepoint region
[2019-12-08T10:35:10.458+0000][1][safepoint    ] Total time for which application threads were stopped: 0.0000679 seconds, Stopping threads took: 0.0000190 seconds
[2019-12-08T10:35:11.458+0000][1][safepoint    ] Application time: 1.0000751 seconds
[2019-12-08T10:35:11.458+0000][1][safepoint    ] Entering safepoint region: Cleanup
[2019-12-08T10:35:11.458+0000][1][safepoint    ] Leaving safepoint region
[2019-12-08T10:35:11.458+0000][1][safepoint    ] Total time for which application threads were stopped: 0.0000685 seconds, Stopping threads took: 0.0000168 seconds
[2019-12-08T10:35:12.458+0000][1][safepoint    ] Application time: 1.0000757 seconds
[2019-12-08T10:35:12.458+0000][1][safepoint    ] Entering safepoint region: Cleanup
[2019-12-08T10:35:12.458+0000][1][safepoint    ] Leaving safepoint region
[2019-12-08T10:35:12.458+0000][1][safepoint    ] Total time for which application threads were stopped: 0.0000679 seconds, Stopping threads took: 0.0000175 seconds
[2019-12-08T10:35:13.458+0000][1][safepoint    ] Application time: 1.0000821 seconds
[2019-12-08T10:35:13.458+0000][1][safepoint    ] Entering safepoint region: Cleanup
[2019-12-08T10:35:13.458+0000][1][safepoint    ] Leaving safepoint region
[2019-12-08T10:35:13.459+0000][1][safepoint    ] Total time for which application threads were stopped: 0.0000902 seconds, Stopping threads took: 0.0000265 seconds
[2019-12-08T10:35:14.384+0000][1][safepoint    ] Application time: 0.9251294 seconds
[2019-12-08T10:35:14.384+0000][1][safepoint    ] Entering safepoint region: GenCollectForAllocation
[2019-12-08T10:35:14.384+0000][1][gc,start     ] GC(42) Pause Young (Allocation Failure)
[2019-12-08T10:35:14.384+0000][1][gc,task      ] GC(42) Using 4 workers of 4 for evacuation
[2019-12-08T10:35:14.385+0000][1][gc,age       ] GC(42) Desired survivor size 4456448 bytes, new threshold 6 (max threshold 6)
[2019-12-08T10:35:14.385+0000][1][gc,age       ] GC(42) Age table with threshold 6 (max threshold 6)
[2019-12-08T10:35:14.385+0000][1][gc,age       ] GC(42) - age   1:       5584 bytes,       5584 total
[2019-12-08T10:35:14.385+0000][1][gc,age       ] GC(42) - age   3:         96 bytes,       5680 total
[2019-12-08T10:35:14.385+0000][1][gc,age       ] GC(42) - age   5:        272 bytes,       5952 total
[2019-12-08T10:35:14.385+0000][1][gc,age       ] GC(42) - age   6:       2496 bytes,       8448 total
[2019-12-08T10:35:14.385+0000][1][gc,heap      ] GC(42) ParNew: 69966K->13K(78656K)
[2019-12-08T10:35:14.385+0000][1][gc,heap      ] GC(42) CMS: 71043K->71045K(174784K)
[2019-12-08T10:35:14.385+0000][1][gc,metaspace ] GC(42) Metaspace: 69170K->69170K(1112064K)
[2019-12-08T10:35:14.385+0000][1][gc           ] GC(42) Pause Young (Allocation Failure) 137M->69M(247M) 0.961ms
[2019-12-08T10:35:14.385+0000][1][gc,cpu       ] GC(42) User=0.00s Sys=0.00s Real=0.00s
[2019-12-08T10:35:14.385+0000][1][safepoint    ] Leaving safepoint region
[2019-12-08T10:35:14.385+0000][1][safepoint    ] Total time for which application threads were stopped: 0.0011167 seconds, Stopping threads took: 0.0000328 seconds
[2019-12-08T10:35:15.385+0000][1][safepoint    ] Application time: 1.0000864 seconds
[2019-12-08T10:35:15.385+0000][1][safepoint    ] Entering safepoint region: Cleanup
[2019-12-08T10:35:15.385+0000][1][safepoint    ] Leaving safepoint region
[2019-12-08T10:35:15.385+0000][1][safepoint    ] Total time for which application threads were stopped: 0.0000756 seconds, Stopping threads took: 0.0000187 seconds
[2019-12-08T10:35:16.385+0000][1][safepoint    ] Application time: 1.0000812 seconds
[2019-12-08T10:35:16.385+0000][1][safepoint    ] Entering safepoint region: Cleanup
[2019-12-08T10:35:16.385+0000][1][safepoint    ] Leaving safepoint region
[2019-12-08T10:35:16.385+0000][1][safepoint    ] Total time for which application threads were stopped: 0.0000788 seconds, Stopping threads took: 0.0000186 seconds
[2019-12-08T10:35:17.385+0000][1][safepoint    ] Application time: 1.0000765 seconds
[2019-12-08T10:35:17.385+0000][1][safepoint    ] Entering safepoint region: Cleanup
[2019-12-08T10:35:17.385+0000][1][safepoint    ] Leaving safepoint region
[2019-12-08T10:35:17.385+0000][1][safepoint    ] Total time for which application threads were stopped: 0.0000714 seconds, Stopping threads took: 0.0000163 seconds
[2019-12-08T10:35:18.385+0000][1][safepoint    ] Application time: 1.0000761 seconds
[2019-12-08T10:35:18.386+0000][1][safepoint    ] Entering safepoint region: Cleanup
[2019-12-08T10:35:18.386+0000][1][safepoint    ] Leaving safepoint region
[2019-12-08T10:35:18.386+0000][1][safepoint    ] Total time for which application threads were stopped: 0.0000736 seconds, Stopping threads took: 0.0000182 seconds
[2019-12-08T10:35:19.386+0000][1][safepoint    ] Application time: 1.0000791 seconds
[2019-12-08T10:35:19.386+0000][1][safepoint    ] Entering safepoint region: Cleanup
[2019-12-08T10:35:19.386+0000][1][safepoint    ] Leaving safepoint region
[2019-12-08T10:35:19.386+0000][1][safepoint    ] Total time for which application threads were stopped: 0.0000749 seconds, Stopping threads took: 0.0000192 seconds
[2019-12-08T10:35:20.386+0000][1][safepoint    ] Application time: 1.0000765 seconds
[2019-12-08T10:35:20.386+0000][1][safepoint    ] Entering safepoint region: Cleanup
[2019-12-08T10:35:20.386+0000][1][safepoint    ] Leaving safepoint region
[2019-12-08T10:35:20.386+0000][1][safepoint    ] Total time for which application threads were stopped: 0.0000710 seconds, Stopping threads took: 0.0000173 seconds
[2019-12-08T10:35:21.386+0000][1][safepoint    ] Application time: 1.0000752 seconds
[2019-12-08T10:35:21.386+0000][1][safepoint    ] Entering safepoint region: Cleanup
[2019-12-08T10:35:21.386+0000][1][safepoint    ] Leaving safepoint region
[2019-12-08T10:35:21.386+0000][1][safepoint    ] Total time for which application threads were stopped: 0.0000738 seconds, Stopping threads took: 0.0000185 seconds
[2019-12-08T10:35:22.386+0000][1][safepoint    ] Application time: 1.0000746 seconds
[2019-12-08T10:35:22.386+0000][1][safepoint    ] Entering safepoint region: Cleanup
[2019-12-08T10:35:22.386+0000][1][safepoint    ] Leaving safepoint region
[2019-12-08T10:35:22.386+0000][1][safepoint    ] Total time for which application threads were stopped: 0.0000730 seconds, Stopping threads took: 0.0000174 seconds
[2019-12-08T10:35:23.386+0000][1][safepoint    ] Application time: 1.0000839 seconds
[2019-12-08T10:35:23.387+0000][1][safepoint    ] Entering safepoint region: Cleanup
[2019-12-08T10:35:23.387+0000][1][safepoint    ] Leaving safepoint region
[2019-12-08T10:35:23.387+0000][1][safepoint    ] Total time for which application threads were stopped: 0.0000968 seconds, Stopping threads took: 0.0000244 seconds
[2019-12-08T10:35:24.387+0000][1][safepoint    ] Application time: 1.0000969 seconds
[2019-12-08T10:35:24.387+0000][1][safepoint    ] Entering safepoint region: Cleanup
[2019-12-08T10:35:24.387+0000][1][safepoint    ] Leaving safepoint region
[2019-12-08T10:35:24.387+0000][1][safepoint    ] Total time for which application threads were stopped: 0.0000737 seconds, Stopping threads took: 0.0000184 seconds
[2019-12-08T10:35:25.387+0000][1][safepoint    ] Application time: 1.0000821 seconds
[2019-12-08T10:35:25.387+0000][1][safepoint    ] Entering safepoint region: Cleanup
[2019-12-08T10:35:25.387+0000][1][safepoint    ] Leaving safepoint region
[2019-12-08T10:35:25.387+0000][1][safepoint    ] Total time for which application threads were stopped: 0.0000742 seconds, Stopping threads took: 0.0000179 seconds
[2019-12-08T10:35:26.387+0000][1][safepoint    ] Application time: 1.0000821 seconds
[2019-12-08T10:35:26.387+0000][1][safepoint    ] Entering safepoint region: Cleanup
[2019-12-08T10:35:26.387+0000][1][safepoint    ] Leaving safepoint region
[2019-12-08T10:35:26.387+0000][1][safepoint    ] Total time for which application threads were stopped: 0.0000709 seconds, Stopping threads took: 0.0000177 seconds
[2019-12-08T10:35:27.387+0000][1][safepoint    ] Application time: 1.0000798 seconds
[2019-12-08T10:35:27.387+0000][1][safepoint    ] Entering safepoint region: Cleanup
[2019-12-08T10:35:27.387+0000][1][safepoint    ] Leaving safepoint region
[2019-12-08T10:35:27.387+0000][1][safepoint    ] Total time for which application threads were stopped: 0.0000730 seconds, Stopping threads took: 0.0000179 seconds
[2019-12-08T10:35:28.387+0000][1][safepoint    ] Application time: 1.0000779 seconds
[2019-12-08T10:35:28.388+0000][1][safepoint    ] Entering safepoint region: Cleanup
[2019-12-08T10:35:28.388+0000][1][safepoint    ] Leaving safepoint region
[2019-12-08T10:35:28.388+0000][1][safepoint    ] Total time for which application threads were stopped: 0.0000740 seconds, Stopping threads took: 0.0000182 seconds
[2019-12-08T10:35:29.388+0000][1][safepoint    ] Application time: 1.0000774 seconds
[2019-12-08T10:35:29.388+0000][1][safepoint    ] Entering safepoint region: Cleanup
[2019-12-08T10:35:29.388+0000][1][safepoint    ] Leaving safepoint region
[2019-12-08T10:35:29.388+0000][1][safepoint    ] Total time for which application threads were stopped: 0.0000718 seconds, Stopping threads took: 0.0000178 seconds
[2019-12-08T10:35:30.388+0000][1][safepoint    ] Application time: 1.0000760 seconds
[2019-12-08T10:35:30.388+0000][1][safepoint    ] Entering safepoint region: Cleanup
[2019-12-08T10:35:30.388+0000][1][safepoint    ] Leaving safepoint region
[2019-12-08T10:35:30.388+0000][1][safepoint    ] Total time for which application threads were stopped: 0.0000739 seconds, Stopping threads took: 0.0000176 seconds
[2019-12-08T10:35:31.388+0000][1][safepoint    ] Application time: 1.0000991 seconds
[2019-12-08T10:35:31.388+0000][1][safepoint    ] Entering safepoint region: Cleanup
[2019-12-08T10:35:31.388+0000][1][safepoint    ] Leaving safepoint region
[2019-12-08T10:35:31.388+0000][1][safepoint    ] Total time for which application threads were stopped: 0.0000725 seconds, Stopping threads took: 0.0000182 seconds
[2019-12-08T10:35:32.388+0000][1][safepoint    ] Application time: 1.0000771 seconds
[2019-12-08T10:35:32.388+0000][1][safepoint    ] Entering safepoint region: Cleanup
[2019-12-08T10:35:32.388+0000][1][safepoint    ] Leaving safepoint region
[2019-12-08T10:35:32.388+0000][1][safepoint    ] Total time for which application threads were stopped: 0.0000717 seconds, Stopping threads took: 0.0000171 seconds
[2019-12-08T10:35:33.388+0000][1][safepoint    ] Application time: 1.0000771 seconds
[2019-12-08T10:35:33.389+0000][1][safepoint    ] Entering safepoint region: Cleanup
[2019-12-08T10:35:33.389+0000][1][safepoint    ] Leaving safepoint region
[2019-12-08T10:35:33.389+0000][1][safepoint    ] Total time for which application threads were stopped: 0.0000812 seconds, Stopping threads took: 0.0000270 seconds
[2019-12-08T10:35:34.389+0000][1][safepoint    ] Application time: 1.0000777 seconds
[2019-12-08T10:35:34.389+0000][1][safepoint    ] Entering safepoint region: Cleanup
[2019-12-08T10:35:34.389+0000][1][safepoint    ] Leaving safepoint region
[2019-12-08T10:35:34.389+0000][1][safepoint    ] Total time for which application threads were stopped: 0.0000742 seconds, Stopping threads took: 0.0000187 seconds
[2019-12-08T10:35:35.389+0000][1][safepoint    ] Application time: 1.0000744 seconds
[2019-12-08T10:35:35.389+0000][1][safepoint    ] Entering safepoint region: Cleanup
[2019-12-08T10:35:35.389+0000][1][safepoint    ] Leaving safepoint region
[2019-12-08T10:35:35.389+0000][1][safepoint    ] Total time for which application threads were stopped: 0.0000820 seconds, Stopping threads took: 0.0000264 seconds
[2019-12-08T10:35:36.389+0000][1][safepoint    ] Application time: 1.0000774 seconds
[2019-12-08T10:35:36.389+0000][1][safepoint    ] Entering safepoint region: Cleanup
[2019-12-08T10:35:36.389+0000][1][safepoint    ] Leaving safepoint region
[2019-12-08T10:35:36.389+0000][1][safepoint    ] Total time for which application threads were stopped: 0.0000762 seconds, Stopping threads took: 0.0000190 seconds
[2019-12-08T10:35:37.389+0000][1][safepoint    ] Application time: 1.0000801 seconds
[2019-12-08T10:35:37.389+0000][1][safepoint    ] Entering safepoint region: Cleanup
[2019-12-08T10:35:37.389+0000][1][safepoint    ] Leaving safepoint region
[2019-12-08T10:35:37.389+0000][1][safepoint    ] Total time for which application threads were stopped: 0.0000735 seconds, Stopping threads took: 0.0000176 seconds
[2019-12-08T10:35:38.389+0000][1][safepoint    ] Application time: 1.0000774 seconds
[2019-12-08T10:35:38.390+0000][1][safepoint    ] Entering safepoint region: Cleanup
[2019-12-08T10:35:38.390+0000][1][safepoint    ] Leaving safepoint region
[2019-12-08T10:35:38.390+0000][1][safepoint    ] Total time for which application threads were stopped: 0.0000760 seconds, Stopping threads took: 0.0000190 seconds
[2019-12-08T10:35:39.390+0000][1][safepoint    ] Application time: 1.0000817 seconds
[2019-12-08T10:35:39.390+0000][1][safepoint    ] Entering safepoint region: Cleanup
[2019-12-08T10:35:39.390+0000][1][safepoint    ] Leaving safepoint region
[2019-12-08T10:35:39.390+0000][1][safepoint    ] Total time for which application threads were stopped: 0.0000734 seconds, Stopping threads took: 0.0000170 seconds
[2019-12-08T10:35:40.390+0000][1][safepoint    ] Application time: 1.0000805 seconds
[2019-12-08T10:35:40.390+0000][1][safepoint    ] Entering safepoint region: Cleanup
[2019-12-08T10:35:40.390+0000][1][safepoint    ] Leaving safepoint region
[2019-12-08T10:35:40.390+0000][1][safepoint    ] Total time for which application threads were stopped: 0.0000752 seconds, Stopping threads took: 0.0000189 seconds
[2019-12-08T10:35:41.390+0000][1][safepoint    ] Application time: 1.0000779 seconds
[2019-12-08T10:35:41.390+0000][1][safepoint    ] Entering safepoint region: Cleanup
[2019-12-08T10:35:41.390+0000][1][safepoint    ] Leaving safepoint region
[2019-12-08T10:35:41.390+0000][1][safepoint    ] Total time for which application threads were stopped: 0.0000776 seconds, Stopping threads took: 0.0000186 seconds
[2019-12-08T10:35:42.390+0000][1][safepoint    ] Application time: 1.0000868 seconds
[2019-12-08T10:35:42.390+0000][1][safepoint    ] Entering safepoint region: Cleanup
[2019-12-08T10:35:42.390+0000][1][safepoint    ] Leaving safepoint region
[2019-12-08T10:35:42.390+0000][1][safepoint    ] Total time for which application threads were stopped: 0.0000734 seconds, Stopping threads took: 0.0000187 seconds
[2019-12-08T10:35:43.390+0000][1][safepoint    ] Application time: 1.0000768 seconds
[2019-12-08T10:35:43.391+0000][1][safepoint    ] Entering safepoint region: Cleanup
[2019-12-08T10:35:43.391+0000][1][safepoint    ] Leaving safepoint region
[2019-12-08T10:35:43.391+0000][1][safepoint    ] Total time for which application threads were stopped: 0.0000852 seconds, Stopping threads took: 0.0000293 seconds
[2019-12-08T10:35:44.391+0000][1][safepoint    ] Application time: 1.0000951 seconds
[2019-12-08T10:35:44.391+0000][1][safepoint    ] Entering safepoint region: Cleanup
[2019-12-08T10:35:44.391+0000][1][safepoint    ] Leaving safepoint region
[2019-12-08T10:35:44.391+0000][1][safepoint    ] Total time for which application threads were stopped: 0.0001057 seconds, Stopping threads took: 0.0000323 seconds
[2019-12-08T10:35:45.391+0000][1][safepoint    ] Application time: 1.0000854 seconds
[2019-12-08T10:35:45.391+0000][1][safepoint    ] Entering safepoint region: Cleanup
[2019-12-08T10:35:45.391+0000][1][safepoint    ] Leaving safepoint region
[2019-12-08T10:35:45.391+0000][1][safepoint    ] Total time for which application threads were stopped: 0.0000963 seconds, Stopping threads took: 0.0000237 seconds
[2019-12-08T10:35:46.469+0000][1][safepoint    ] Application time: 1.0778260 seconds
[2019-12-08T10:35:46.469+0000][1][safepoint    ] Entering safepoint region: Cleanup
[2019-12-08T10:35:46.469+0000][1][safepoint    ] Leaving safepoint region
[2019-12-08T10:35:46.469+0000][1][safepoint    ] Total time for which application threads were stopped: 0.0000969 seconds, Stopping threads took: 0.0000226 seconds
[2019-12-08T10:35:47.470+0000][1][safepoint    ] Application time: 1.0006736 seconds
[2019-12-08T10:35:47.470+0000][1][safepoint    ] Entering safepoint region: Cleanup
[2019-12-08T10:35:47.470+0000][1][safepoint    ] Leaving safepoint region
[2019-12-08T10:35:47.470+0000][1][safepoint    ] Total time for which application threads were stopped: 0.0001004 seconds, Stopping threads took: 0.0000252 seconds
[2019-12-08T10:35:48.470+0000][1][safepoint    ] Application time: 1.0000835 seconds
[2019-12-08T10:35:48.470+0000][1][safepoint    ] Entering safepoint region: Cleanup
[2019-12-08T10:35:48.470+0000][1][safepoint    ] Leaving safepoint region
[2019-12-08T10:35:48.470+0000][1][safepoint    ] Total time for which application threads were stopped: 0.0000976 seconds, Stopping threads took: 0.0000232 seconds
[2019-12-08T10:35:49.470+0000][1][safepoint    ] Application time: 1.0000817 seconds
[2019-12-08T10:35:49.470+0000][1][safepoint    ] Entering safepoint region: Cleanup
[2019-12-08T10:35:49.470+0000][1][safepoint    ] Leaving safepoint region
[2019-12-08T10:35:49.470+0000][1][safepoint    ] Total time for which application threads were stopped: 0.0001200 seconds, Stopping threads took: 0.0000427 seconds
[2019-12-08T10:35:50.474+0000][1][safepoint    ] Application time: 1.0033898 seconds
[2019-12-08T10:35:50.474+0000][1][safepoint    ] Entering safepoint region: Cleanup
[2019-12-08T10:35:50.474+0000][1][safepoint    ] Leaving safepoint region
[2019-12-08T10:35:50.474+0000][1][safepoint    ] Total time for which application threads were stopped: 0.0000917 seconds, Stopping threads took: 0.0000203 seconds
[2019-12-08T10:35:51.475+0000][1][safepoint    ] Application time: 1.0008642 seconds
[2019-12-08T10:35:51.475+0000][1][safepoint    ] Entering safepoint region: Cleanup
[2019-12-08T10:35:51.475+0000][1][safepoint    ] Leaving safepoint region
[2019-12-08T10:35:51.475+0000][1][safepoint    ] Total time for which application threads were stopped: 0.0000978 seconds, Stopping threads took: 0.0000231 seconds
[2019-12-08T10:35:52.475+0000][1][safepoint    ] Application time: 1.0000776 seconds
[2019-12-08T10:35:52.475+0000][1][safepoint    ] Entering safepoint region: Cleanup
[2019-12-08T10:35:52.475+0000][1][safepoint    ] Leaving safepoint region
[2019-12-08T10:35:52.475+0000][1][safepoint    ] Total time for which application threads were stopped: 0.0000723 seconds, Stopping threads took: 0.0000181 seconds
[2019-12-08T10:35:53.475+0000][1][safepoint    ] Application time: 1.0000872 seconds
[2019-12-08T10:35:53.475+0000][1][safepoint    ] Entering safepoint region: Cleanup
[2019-12-08T10:35:53.475+0000][1][safepoint    ] Leaving safepoint region
[2019-12-08T10:35:53.475+0000][1][safepoint    ] Total time for which application threads were stopped: 0.0001065 seconds, Stopping threads took: 0.0000293 seconds
[2019-12-08T10:35:53.513+0000][1][safepoint    ] Application time: 0.0376037 seconds
[2019-12-08T10:35:53.513+0000][1][safepoint    ] Entering safepoint region: RevokeBias
[2019-12-08T10:35:53.513+0000][1][safepoint    ] Leaving safepoint region
[2019-12-08T10:35:53.513+0000][1][safepoint    ] Total time for which application threads were stopped: 0.0001371 seconds, Stopping threads took: 0.0000188 seconds
[2019-12-08T10:35:53.514+0000][1][safepoint    ] Application time: 0.0006321 seconds
[2019-12-08T10:35:53.514+0000][1][safepoint    ] Entering safepoint region: RevokeBias
[2019-12-08T10:35:53.514+0000][1][safepoint    ] Leaving safepoint region
[2019-12-08T10:35:53.514+0000][1][safepoint    ] Total time for which application threads were stopped: 0.0001171 seconds, Stopping threads took: 0.0000339 seconds
[2019-12-08T10:35:53.575+0000][1][safepoint    ] Application time: 0.0609909 seconds
[2019-12-08T10:35:53.575+0000][1][safepoint    ] Entering safepoint region: RevokeBias
[2019-12-08T10:35:53.575+0000][1][safepoint    ] Leaving safepoint region
[2019-12-08T10:35:53.575+0000][1][safepoint    ] Total time for which application threads were stopped: 0.0001159 seconds, Stopping threads took: 0.0000160 seconds
[2019-12-08T10:35:53.700+0000][1][safepoint    ] Application time: 0.1248549 seconds
[2019-12-08T10:35:53.700+0000][1][safepoint    ] Entering safepoint region: RevokeBias
[2019-12-08T10:35:53.700+0000][1][safepoint    ] Leaving safepoint region
[2019-12-08T10:35:53.700+0000][1][safepoint    ] Total time for which application threads were stopped: 0.0001440 seconds, Stopping threads took: 0.0000205 seconds
[2019-12-08T10:35:53.756+0000][1][safepoint    ] Application time: 0.0561127 seconds
[2019-12-08T10:35:53.756+0000][1][safepoint    ] Entering safepoint region: RevokeBias
[2019-12-08T10:35:53.756+0000][1][safepoint    ] Leaving safepoint region
[2019-12-08T10:35:53.756+0000][1][safepoint    ] Total time for which application threads were stopped: 0.0001415 seconds, Stopping threads took: 0.0000198 seconds
[2019-12-08T10:35:54.756+0000][1][safepoint    ] Application time: 1.0000845 seconds
[2019-12-08T10:35:54.756+0000][1][safepoint    ] Entering safepoint region: Cleanup
[2019-12-08T10:35:54.756+0000][1][safepoint    ] Leaving safepoint region
[2019-12-08T10:35:54.756+0000][1][safepoint    ] Total time for which application threads were stopped: 0.0000916 seconds, Stopping threads took: 0.0000192 seconds
[2019-12-08T10:35:55.757+0000][1][safepoint    ] Application time: 1.0000792 seconds
[2019-12-08T10:35:55.757+0000][1][safepoint    ] Entering safepoint region: Cleanup
[2019-12-08T10:35:55.757+0000][1][safepoint    ] Leaving safepoint region
[2019-12-08T10:35:55.757+0000][1][safepoint    ] Total time for which application threads were stopped: 0.0000756 seconds, Stopping threads took: 0.0000195 seconds
[2019-12-08T10:35:56.757+0000][1][safepoint    ] Application time: 1.0000652 seconds
[2019-12-08T10:35:56.757+0000][1][safepoint    ] Entering safepoint region: Cleanup
[2019-12-08T10:35:56.757+0000][1][safepoint    ] Leaving safepoint region
[2019-12-08T10:35:56.757+0000][1][safepoint    ] Total time for which application threads were stopped: 0.0000733 seconds, Stopping threads took: 0.0000182 seconds
[2019-12-08T10:35:57.757+0000][1][safepoint    ] Application time: 1.0000755 seconds
[2019-12-08T10:35:57.757+0000][1][safepoint    ] Entering safepoint region: Cleanup
[2019-12-08T10:35:57.757+0000][1][safepoint    ] Leaving safepoint region
[2019-12-08T10:35:57.757+0000][1][safepoint    ] Total time for which application threads were stopped: 0.0000719 seconds, Stopping threads took: 0.0000182 seconds
[2019-12-08T10:35:58.757+0000][1][safepoint    ] Application time: 1.0000746 seconds
[2019-12-08T10:35:58.757+0000][1][safepoint    ] Entering safepoint region: Cleanup
[2019-12-08T10:35:58.757+0000][1][safepoint    ] Leaving safepoint region
[2019-12-08T10:35:58.757+0000][1][safepoint    ] Total time for which application threads were stopped: 0.0000837 seconds, Stopping threads took: 0.0000298 seconds
[2019-12-08T10:35:59.757+0000][1][safepoint    ] Application time: 1.0000747 seconds
[2019-12-08T10:35:59.757+0000][1][safepoint    ] Entering safepoint region: Cleanup
[2019-12-08T10:35:59.757+0000][1][safepoint    ] Leaving safepoint region
[2019-12-08T10:35:59.757+0000][1][safepoint    ] Total time for which application threads were stopped: 0.0000733 seconds, Stopping threads took: 0.0000185 seconds
[2019-12-08T10:36:00.757+0000][1][safepoint    ] Application time: 1.0000774 seconds
[2019-12-08T10:36:00.757+0000][1][safepoint    ] Entering safepoint region: Cleanup
[2019-12-08T10:36:00.757+0000][1][safepoint    ] Leaving safepoint region
[2019-12-08T10:36:00.757+0000][1][safepoint    ] Total time for which application threads were stopped: 0.0000749 seconds, Stopping threads took: 0.0000188 seconds
[2019-12-08T10:36:01.758+0000][1][safepoint    ] Application time: 1.0000801 seconds
[2019-12-08T10:36:01.758+0000][1][safepoint    ] Entering safepoint region: Cleanup
[2019-12-08T10:36:01.758+0000][1][safepoint    ] Leaving safepoint region
[2019-12-08T10:36:01.758+0000][1][safepoint    ] Total time for which application threads were stopped: 0.0000917 seconds, Stopping threads took: 0.0000205 seconds
[2019-12-08T10:36:02.758+0000][1][safepoint    ] Application time: 1.0000847 seconds
[2019-12-08T10:36:02.758+0000][1][safepoint    ] Entering safepoint region: Cleanup
[2019-12-08T10:36:02.758+0000][1][safepoint    ] Leaving safepoint region
[2019-12-08T10:36:02.758+0000][1][safepoint    ] Total time for which application threads were stopped: 0.0000787 seconds, Stopping threads took: 0.0000210 seconds
[2019-12-08T10:36:03.758+0000][1][safepoint    ] Application time: 1.0000835 seconds
[2019-12-08T10:36:03.758+0000][1][safepoint    ] Entering safepoint region: Cleanup
[2019-12-08T10:36:03.758+0000][1][safepoint    ] Leaving safepoint region
[2019-12-08T10:36:03.758+0000][1][safepoint    ] Total time for which application threads were stopped: 0.0000782 seconds, Stopping threads took: 0.0000206 seconds
[2019-12-08T10:36:04.758+0000][1][safepoint    ] Application time: 1.0000796 seconds
[2019-12-08T10:36:04.758+0000][1][safepoint    ] Entering safepoint region: Cleanup
[2019-12-08T10:36:04.758+0000][1][safepoint    ] Leaving safepoint region
[2019-12-08T10:36:04.758+0000][1][safepoint    ] Total time for which application threads were stopped: 0.0000790 seconds, Stopping threads took: 0.0000210 seconds
[2019-12-08T10:36:05.758+0000][1][safepoint    ] Application time: 1.0000783 seconds
[2019-12-08T10:36:05.758+0000][1][safepoint    ] Entering safepoint region: Cleanup
[2019-12-08T10:36:05.758+0000][1][safepoint    ] Leaving safepoint region
[2019-12-08T10:36:05.758+0000][1][safepoint    ] Total time for which application threads were stopped: 0.0000781 seconds, Stopping threads took: 0.0000203 seconds
[2019-12-08T10:36:06.759+0000][1][safepoint    ] Application time: 1.0000807 seconds
[2019-12-08T10:36:06.759+0000][1][safepoint    ] Entering safepoint region: Cleanup
[2019-12-08T10:36:06.759+0000][1][safepoint    ] Leaving safepoint region
[2019-12-08T10:36:06.759+0000][1][safepoint    ] Total time for which application threads were stopped: 0.0000788 seconds, Stopping threads took: 0.0000224 seconds
[2019-12-08T10:36:07.759+0000][1][safepoint    ] Application time: 1.0000891 seconds
[2019-12-08T10:36:07.759+0000][1][safepoint    ] Entering safepoint region: Cleanup
[2019-12-08T10:36:07.759+0000][1][safepoint    ] Leaving safepoint region
[2019-12-08T10:36:07.759+0000][1][safepoint    ] Total time for which application threads were stopped: 0.0001039 seconds, Stopping threads took: 0.0000257 seconds
[2019-12-08T10:36:08.759+0000][1][safepoint    ] Application time: 1.0000760 seconds
[2019-12-08T10:36:08.759+0000][1][safepoint    ] Entering safepoint region: Cleanup
[2019-12-08T10:36:08.759+0000][1][safepoint    ] Leaving safepoint region
[2019-12-08T10:36:08.759+0000][1][safepoint    ] Total time for which application threads were stopped: 0.0000781 seconds, Stopping threads took: 0.0000181 seconds
[2019-12-08T10:36:09.759+0000][1][safepoint    ] Application time: 1.0000761 seconds
[2019-12-08T10:36:09.759+0000][1][safepoint    ] Entering safepoint region: Cleanup
[2019-12-08T10:36:09.759+0000][1][safepoint    ] Leaving safepoint region
[2019-12-08T10:36:09.759+0000][1][safepoint    ] Total time for which application threads were stopped: 0.0000794 seconds, Stopping threads took: 0.0000188 seconds
[2019-12-08T10:36:10.759+0000][1][safepoint    ] Application time: 1.0000772 seconds
[2019-12-08T10:36:10.759+0000][1][safepoint    ] Entering safepoint region: Cleanup
[2019-12-08T10:36:10.759+0000][1][safepoint    ] Leaving safepoint region
[2019-12-08T10:36:10.759+0000][1][safepoint    ] Total time for which application threads were stopped: 0.0000772 seconds, Stopping threads took: 0.0000193 seconds
[2019-12-08T10:36:11.760+0000][1][safepoint    ] Application time: 1.0000795 seconds
[2019-12-08T10:36:11.760+0000][1][safepoint    ] Entering safepoint region: Cleanup
[2019-12-08T10:36:11.760+0000][1][safepoint    ] Leaving safepoint region
[2019-12-08T10:36:11.760+0000][1][safepoint    ] Total time for which application threads were stopped: 0.0000796 seconds, Stopping threads took: 0.0000187 seconds
[2019-12-08T10:36:12.760+0000][1][safepoint    ] Application time: 1.0000787 seconds
[2019-12-08T10:36:12.760+0000][1][safepoint    ] Entering safepoint region: Cleanup
[2019-12-08T10:36:12.760+0000][1][safepoint    ] Leaving safepoint region
[2019-12-08T10:36:12.760+0000][1][safepoint    ] Total time for which application threads were stopped: 0.0000782 seconds, Stopping threads took: 0.0000200 seconds
[2019-12-08T10:36:13.760+0000][1][safepoint    ] Application time: 1.0000769 seconds
[2019-12-08T10:36:13.760+0000][1][safepoint    ] Entering safepoint region: Cleanup
[2019-12-08T10:36:13.760+0000][1][safepoint    ] Leaving safepoint region
[2019-12-08T10:36:13.760+0000][1][safepoint    ] Total time for which application threads were stopped: 0.0000765 seconds, Stopping threads took: 0.0000198 seconds
[2019-12-08T10:36:14.760+0000][1][safepoint    ] Application time: 1.0000800 seconds
[2019-12-08T10:36:14.760+0000][1][safepoint    ] Entering safepoint region: Cleanup
[2019-12-08T10:36:14.760+0000][1][safepoint    ] Leaving safepoint region
[2019-12-08T10:36:14.760+0000][1][safepoint    ] Total time for which application threads were stopped: 0.0001018 seconds, Stopping threads took: 0.0000207 seconds
[2019-12-08T10:36:15.760+0000][1][safepoint    ] Application time: 1.0000834 seconds
[2019-12-08T10:36:15.760+0000][1][safepoint    ] Entering safepoint region: Cleanup
[2019-12-08T10:36:15.760+0000][1][safepoint    ] Leaving safepoint region
[2019-12-08T10:36:15.760+0000][1][safepoint    ] Total time for which application threads were stopped: 0.0000802 seconds, Stopping threads took: 0.0000210 seconds
[2019-12-08T10:36:16.761+0000][1][safepoint    ] Application time: 1.0000767 seconds
[2019-12-08T10:36:16.761+0000][1][safepoint    ] Entering safepoint region: Cleanup
[2019-12-08T10:36:16.761+0000][1][safepoint    ] Leaving safepoint region
[2019-12-08T10:36:16.761+0000][1][safepoint    ] Total time for which application threads were stopped: 0.0000781 seconds, Stopping threads took: 0.0000195 seconds
[2019-12-08T10:36:17.761+0000][1][safepoint    ] Application time: 1.0000780 seconds
[2019-12-08T10:36:17.761+0000][1][safepoint    ] Entering safepoint region: Cleanup
[2019-12-08T10:36:17.761+0000][1][safepoint    ] Leaving safepoint region
[2019-12-08T10:36:17.761+0000][1][safepoint    ] Total time for which application threads were stopped: 0.0000798 seconds, Stopping threads took: 0.0000231 seconds
[2019-12-08T10:36:18.761+0000][1][safepoint    ] Application time: 1.0000768 seconds
[2019-12-08T10:36:18.761+0000][1][safepoint    ] Entering safepoint region: Cleanup
[2019-12-08T10:36:18.761+0000][1][safepoint    ] Leaving safepoint region
[2019-12-08T10:36:18.761+0000][1][safepoint    ] Total time for which application threads were stopped: 0.0000929 seconds, Stopping threads took: 0.0000262 seconds
[2019-12-08T10:36:19.761+0000][1][safepoint    ] Application time: 1.0000755 seconds
[2019-12-08T10:36:19.761+0000][1][safepoint    ] Entering safepoint region: Cleanup
[2019-12-08T10:36:19.761+0000][1][safepoint    ] Leaving safepoint region
[2019-12-08T10:36:19.761+0000][1][safepoint    ] Total time for which application threads were stopped: 0.0000776 seconds, Stopping threads took: 0.0000204 seconds
[2019-12-08T10:36:20.761+0000][1][safepoint    ] Application time: 1.0000767 seconds
[2019-12-08T10:36:20.761+0000][1][safepoint    ] Entering safepoint region: Cleanup
[2019-12-08T10:36:20.761+0000][1][safepoint    ] Leaving safepoint region
[2019-12-08T10:36:20.761+0000][1][safepoint    ] Total time for which application threads were stopped: 0.0000902 seconds, Stopping threads took: 0.0000204 seconds
[2019-12-08T10:36:21.762+0000][1][safepoint    ] Application time: 1.0000752 seconds
[2019-12-08T10:36:21.762+0000][1][safepoint    ] Entering safepoint region: Cleanup
[2019-12-08T10:36:21.762+0000][1][safepoint    ] Leaving safepoint region
[2019-12-08T10:36:21.762+0000][1][safepoint    ] Total time for which application threads were stopped: 0.0000770 seconds, Stopping threads took: 0.0000198 seconds
[2019-12-08T10:36:22.762+0000][1][safepoint    ] Application time: 1.0000827 seconds
[2019-12-08T10:36:22.762+0000][1][safepoint    ] Entering safepoint region: Cleanup
[2019-12-08T10:36:22.762+0000][1][safepoint    ] Leaving safepoint region
[2019-12-08T10:36:22.762+0000][1][safepoint    ] Total time for which application threads were stopped: 0.0000805 seconds, Stopping threads took: 0.0000212 seconds
[2019-12-08T10:36:23.762+0000][1][safepoint    ] Application time: 1.0000755 seconds
[2019-12-08T10:36:23.762+0000][1][safepoint    ] Entering safepoint region: Cleanup
[2019-12-08T10:36:23.762+0000][1][safepoint    ] Leaving safepoint region
[2019-12-08T10:36:23.762+0000][1][safepoint    ] Total time for which application threads were stopped: 0.0000784 seconds, Stopping threads took: 0.0000196 seconds
[2019-12-08T10:36:24.762+0000][1][safepoint    ] Application time: 1.0000762 seconds
[2019-12-08T10:36:24.762+0000][1][safepoint    ] Entering safepoint region: Cleanup
[2019-12-08T10:36:24.762+0000][1][safepoint    ] Leaving safepoint region
[2019-12-08T10:36:24.762+0000][1][safepoint    ] Total time for which application threads were stopped: 0.0000808 seconds, Stopping threads took: 0.0000191 seconds
[2019-12-08T10:36:25.762+0000][1][safepoint    ] Application time: 1.0000791 seconds
[2019-12-08T10:36:25.762+0000][1][safepoint    ] Entering safepoint region: Cleanup
[2019-12-08T10:36:25.762+0000][1][safepoint    ] Leaving safepoint region
[2019-12-08T10:36:25.762+0000][1][safepoint    ] Total time for which application threads were stopped: 0.0000827 seconds, Stopping threads took: 0.0000217 seconds
[2019-12-08T10:36:26.762+0000][1][safepoint    ] Application time: 1.0000770 seconds
[2019-12-08T10:36:26.763+0000][1][safepoint    ] Entering safepoint region: Cleanup
[2019-12-08T10:36:26.763+0000][1][safepoint    ] Leaving safepoint region
[2019-12-08T10:36:26.763+0000][1][safepoint    ] Total time for which application threads were stopped: 0.0000752 seconds, Stopping threads took: 0.0000195 seconds
[2019-12-08T10:36:27.763+0000][1][safepoint    ] Application time: 1.0000772 seconds
[2019-12-08T10:36:27.763+0000][1][safepoint    ] Entering safepoint region: Cleanup
[2019-12-08T10:36:27.763+0000][1][safepoint    ] Leaving safepoint region
[2019-12-08T10:36:27.763+0000][1][safepoint    ] Total time for which application threads were stopped: 0.0000863 seconds, Stopping threads took: 0.0000307 seconds
[2019-12-08T10:36:28.763+0000][1][safepoint    ] Application time: 1.0000771 seconds
[2019-12-08T10:36:28.763+0000][1][safepoint    ] Entering safepoint region: Cleanup
[2019-12-08T10:36:28.763+0000][1][safepoint    ] Leaving safepoint region
[2019-12-08T10:36:28.763+0000][1][safepoint    ] Total time for which application threads were stopped: 0.0000833 seconds, Stopping threads took: 0.0000203 seconds
[2019-12-08T10:36:29.763+0000][1][safepoint    ] Application time: 1.0000778 seconds
[2019-12-08T10:36:29.763+0000][1][safepoint    ] Entering safepoint region: Cleanup
[2019-12-08T10:36:29.763+0000][1][safepoint    ] Leaving safepoint region
[2019-12-08T10:36:29.763+0000][1][safepoint    ] Total time for which application threads were stopped: 0.0000757 seconds, Stopping threads took: 0.0000191 seconds
[2019-12-08T10:36:30.763+0000][1][safepoint    ] Application time: 1.0000778 seconds
[2019-12-08T10:36:30.763+0000][1][safepoint    ] Entering safepoint region: Cleanup
[2019-12-08T10:36:30.763+0000][1][safepoint    ] Leaving safepoint region
[2019-12-08T10:36:30.763+0000][1][safepoint    ] Total time for which application threads were stopped: 0.0000775 seconds, Stopping threads took: 0.0000210 seconds
[2019-12-08T10:36:31.763+0000][1][safepoint    ] Application time: 1.0000778 seconds
[2019-12-08T10:36:31.763+0000][1][safepoint    ] Entering safepoint region: Cleanup
[2019-12-08T10:36:31.764+0000][1][safepoint    ] Leaving safepoint region
[2019-12-08T10:36:31.764+0000][1][safepoint    ] Total time for which application threads were stopped: 0.0000770 seconds, Stopping threads took: 0.0000202 seconds
[2019-12-08T10:36:32.764+0000][1][safepoint    ] Application time: 1.0000777 seconds
[2019-12-08T10:36:32.764+0000][1][safepoint    ] Entering safepoint region: Cleanup
[2019-12-08T10:36:32.764+0000][1][safepoint    ] Leaving safepoint region
[2019-12-08T10:36:32.764+0000][1][safepoint    ] Total time for which application threads were stopped: 0.0000860 seconds, Stopping threads took: 0.0000197 seconds
[2019-12-08T10:36:33.764+0000][1][safepoint    ] Application time: 1.0000774 seconds
[2019-12-08T10:36:33.764+0000][1][safepoint    ] Entering safepoint region: Cleanup
[2019-12-08T10:36:33.764+0000][1][safepoint    ] Leaving safepoint region
[2019-12-08T10:36:33.764+0000][1][safepoint    ] Total time for which application threads were stopped: 0.0000763 seconds, Stopping threads took: 0.0000193 seconds
[2019-12-08T10:36:34.764+0000][1][safepoint    ] Application time: 1.0000803 seconds
[2019-12-08T10:36:34.764+0000][1][safepoint    ] Entering safepoint region: Cleanup
[2019-12-08T10:36:34.764+0000][1][safepoint    ] Leaving safepoint region
[2019-12-08T10:36:34.764+0000][1][safepoint    ] Total time for which application threads were stopped: 0.0000740 seconds, Stopping threads took: 0.0000176 seconds
[2019-12-08T10:36:35.764+0000][1][safepoint    ] Application time: 1.0000772 seconds
[2019-12-08T10:36:35.764+0000][1][safepoint    ] Entering safepoint region: Cleanup
[2019-12-08T10:36:35.764+0000][1][safepoint    ] Leaving safepoint region
[2019-12-08T10:36:35.764+0000][1][safepoint    ] Total time for which application threads were stopped: 0.0000806 seconds, Stopping threads took: 0.0000240 seconds
[2019-12-08T10:36:36.764+0000][1][safepoint    ] Application time: 1.0000772 seconds
[2019-12-08T10:36:36.764+0000][1][safepoint    ] Entering safepoint region: Cleanup
[2019-12-08T10:36:36.764+0000][1][safepoint    ] Leaving safepoint region
[2019-12-08T10:36:36.764+0000][1][safepoint    ] Total time for which application threads were stopped: 0.0000836 seconds, Stopping threads took: 0.0000217 seconds
[2019-12-08T10:36:37.765+0000][1][safepoint    ] Application time: 1.0000761 seconds
[2019-12-08T10:36:37.765+0000][1][safepoint    ] Entering safepoint region: Cleanup
[2019-12-08T10:36:37.765+0000][1][safepoint    ] Leaving safepoint region
[2019-12-08T10:36:37.765+0000][1][safepoint    ] Total time for which application threads were stopped: 0.0000764 seconds, Stopping threads took: 0.0000189 seconds
[2019-12-08T10:36:38.765+0000][1][safepoint    ] Application time: 1.0000860 seconds
[2019-12-08T10:36:38.765+0000][1][safepoint    ] Entering safepoint region: Cleanup
[2019-12-08T10:36:38.765+0000][1][safepoint    ] Leaving safepoint region
[2019-12-08T10:36:38.765+0000][1][safepoint    ] Total time for which application threads were stopped: 0.0000740 seconds, Stopping threads took: 0.0000179 seconds
[2019-12-08T10:36:39.765+0000][1][safepoint    ] Application time: 1.0000756 seconds
[2019-12-08T10:36:39.765+0000][1][safepoint    ] Entering safepoint region: Cleanup
[2019-12-08T10:36:39.765+0000][1][safepoint    ] Leaving safepoint region
[2019-12-08T10:36:39.765+0000][1][safepoint    ] Total time for which application threads were stopped: 0.0000728 seconds, Stopping threads took: 0.0000187 seconds
[2019-12-08T10:36:40.765+0000][1][safepoint    ] Application time: 1.0000775 seconds
[2019-12-08T10:36:40.765+0000][1][safepoint    ] Entering safepoint region: Cleanup
[2019-12-08T10:36:40.765+0000][1][safepoint    ] Leaving safepoint region
[2019-12-08T10:36:40.765+0000][1][safepoint    ] Total time for which application threads were stopped: 0.0000755 seconds, Stopping threads took: 0.0000191 seconds
[2019-12-08T10:36:41.765+0000][1][safepoint    ] Application time: 1.0000825 seconds
[2019-12-08T10:36:41.765+0000][1][safepoint    ] Entering safepoint region: Cleanup
[2019-12-08T10:36:41.765+0000][1][safepoint    ] Leaving safepoint region
[2019-12-08T10:36:41.765+0000][1][safepoint    ] Total time for which application threads were stopped: 0.0000837 seconds, Stopping threads took: 0.0000204 seconds
[2019-12-08T10:36:42.766+0000][1][safepoint    ] Application time: 1.0000776 seconds
[2019-12-08T10:36:42.766+0000][1][safepoint    ] Entering safepoint region: Cleanup
[2019-12-08T10:36:42.766+0000][1][safepoint    ] Leaving safepoint region
[2019-12-08T10:36:42.766+0000][1][safepoint    ] Total time for which application threads were stopped: 0.0000785 seconds, Stopping threads took: 0.0000201 seconds
[2019-12-08T10:36:43.766+0000][1][safepoint    ] Application time: 1.0000667 seconds
[2019-12-08T10:36:43.766+0000][1][safepoint    ] Entering safepoint region: Cleanup
[2019-12-08T10:36:43.766+0000][1][safepoint    ] Leaving safepoint region
[2019-12-08T10:36:43.766+0000][1][safepoint    ] Total time for which application threads were stopped: 0.0000750 seconds, Stopping threads took: 0.0000183 seconds
[2019-12-08T10:36:44.766+0000][1][safepoint    ] Application time: 1.0000813 seconds
[2019-12-08T10:36:44.766+0000][1][safepoint    ] Entering safepoint region: Cleanup
[2019-12-08T10:36:44.766+0000][1][safepoint    ] Leaving safepoint region
[2019-12-08T10:36:44.766+0000][1][safepoint    ] Total time for which application threads were stopped: 0.0000815 seconds, Stopping threads took: 0.0000200 seconds
[2019-12-08T10:36:45.766+0000][1][safepoint    ] Application time: 1.0000795 seconds
[2019-12-08T10:36:45.766+0000][1][safepoint    ] Entering safepoint region: Cleanup
[2019-12-08T10:36:45.766+0000][1][safepoint    ] Leaving safepoint region
[2019-12-08T10:36:45.766+0000][1][safepoint    ] Total time for which application threads were stopped: 0.0000758 seconds, Stopping threads took: 0.0000197 seconds
[2019-12-08T10:36:46.766+0000][1][safepoint    ] Application time: 1.0000883 seconds
[2019-12-08T10:36:46.766+0000][1][safepoint    ] Entering safepoint region: Cleanup
[2019-12-08T10:36:46.766+0000][1][safepoint    ] Leaving safepoint region
[2019-12-08T10:36:46.766+0000][1][safepoint    ] Total time for which application threads were stopped: 0.0000770 seconds, Stopping threads took: 0.0000201 seconds
[2019-12-08T10:36:47.766+0000][1][safepoint    ] Application time: 1.0000908 seconds
[2019-12-08T10:36:47.767+0000][1][safepoint    ] Entering safepoint region: Cleanup
[2019-12-08T10:36:47.767+0000][1][safepoint    ] Leaving safepoint region
[2019-12-08T10:36:47.767+0000][1][safepoint    ] Total time for which application threads were stopped: 0.0000772 seconds, Stopping threads took: 0.0000203 seconds
[2019-12-08T10:36:48.767+0000][1][safepoint    ] Application time: 1.0000805 seconds
[2019-12-08T10:36:48.767+0000][1][safepoint    ] Entering safepoint region: Cleanup
[2019-12-08T10:36:48.767+0000][1][safepoint    ] Leaving safepoint region
[2019-12-08T10:36:48.767+0000][1][safepoint    ] Total time for which application threads were stopped: 0.0000743 seconds, Stopping threads took: 0.0000190 seconds
[2019-12-08T10:36:49.767+0000][1][safepoint    ] Application time: 1.0000780 seconds
[2019-12-08T10:36:49.767+0000][1][safepoint    ] Entering safepoint region: Cleanup
[2019-12-08T10:36:49.767+0000][1][safepoint    ] Leaving safepoint region
[2019-12-08T10:36:49.767+0000][1][safepoint    ] Total time for which application threads were stopped: 0.0000796 seconds, Stopping threads took: 0.0000211 seconds
[2019-12-08T10:36:50.767+0000][1][safepoint    ] Application time: 1.0000757 seconds
[2019-12-08T10:36:50.767+0000][1][safepoint    ] Entering safepoint region: Cleanup
[2019-12-08T10:36:50.767+0000][1][safepoint    ] Leaving safepoint region
[2019-12-08T10:36:50.767+0000][1][safepoint    ] Total time for which application threads were stopped: 0.0000765 seconds, Stopping threads took: 0.0000209 seconds
[2019-12-08T10:36:51.767+0000][1][safepoint    ] Application time: 1.0000790 seconds
[2019-12-08T10:36:51.767+0000][1][safepoint    ] Entering safepoint region: Cleanup
[2019-12-08T10:36:51.767+0000][1][safepoint    ] Leaving safepoint region
[2019-12-08T10:36:51.767+0000][1][safepoint    ] Total time for which application threads were stopped: 0.0000769 seconds, Stopping threads took: 0.0000202 seconds
[2019-12-08T10:36:52.767+0000][1][safepoint    ] Application time: 1.0000815 seconds
[2019-12-08T10:36:52.768+0000][1][safepoint    ] Entering safepoint region: Cleanup
[2019-12-08T10:36:52.768+0000][1][safepoint    ] Leaving safepoint region
[2019-12-08T10:36:52.768+0000][1][safepoint    ] Total time for which application threads were stopped: 0.0000946 seconds, Stopping threads took: 0.0000207 seconds
[2019-12-08T10:36:53.768+0000][1][safepoint    ] Application time: 1.0000755 seconds
[2019-12-08T10:36:53.768+0000][1][safepoint    ] Entering safepoint region: Cleanup
[2019-12-08T10:36:53.768+0000][1][safepoint    ] Leaving safepoint region
[2019-12-08T10:36:53.768+0000][1][safepoint    ] Total time for which application threads were stopped: 0.0000754 seconds, Stopping threads took: 0.0000199 seconds
[2019-12-08T10:36:54.768+0000][1][safepoint    ] Application time: 1.0000754 seconds
[2019-12-08T10:36:54.768+0000][1][safepoint    ] Entering safepoint region: Cleanup
[2019-12-08T10:36:54.768+0000][1][safepoint    ] Leaving safepoint region
[2019-12-08T10:36:54.768+0000][1][safepoint    ] Total time for which application threads were stopped: 0.0000730 seconds, Stopping threads took: 0.0000184 seconds
[2019-12-08T10:36:55.768+0000][1][safepoint    ] Application time: 1.0000778 seconds
[2019-12-08T10:36:55.768+0000][1][safepoint    ] Entering safepoint region: Cleanup
[2019-12-08T10:36:55.768+0000][1][safepoint    ] Leaving safepoint region
[2019-12-08T10:36:55.768+0000][1][safepoint    ] Total time for which application threads were stopped: 0.0000774 seconds, Stopping threads took: 0.0000202 seconds
[2019-12-08T10:36:56.768+0000][1][safepoint    ] Application time: 1.0000776 seconds
[2019-12-08T10:36:56.768+0000][1][safepoint    ] Entering safepoint region: Cleanup
[2019-12-08T10:36:56.768+0000][1][safepoint    ] Leaving safepoint region
[2019-12-08T10:36:56.768+0000][1][safepoint    ] Total time for which application threads were stopped: 0.0000780 seconds, Stopping threads took: 0.0000213 seconds
[2019-12-08T10:36:57.768+0000][1][safepoint    ] Application time: 1.0000754 seconds
[2019-12-08T10:36:57.768+0000][1][safepoint    ] Entering safepoint region: Cleanup
[2019-12-08T10:36:57.769+0000][1][safepoint    ] Leaving safepoint region
[2019-12-08T10:36:57.769+0000][1][safepoint    ] Total time for which application threads were stopped: 0.0000735 seconds, Stopping threads took: 0.0000195 seconds
[2019-12-08T10:36:58.769+0000][1][safepoint    ] Application time: 1.0000774 seconds
[2019-12-08T10:36:58.769+0000][1][safepoint    ] Entering safepoint region: Cleanup
[2019-12-08T10:36:58.769+0000][1][safepoint    ] Leaving safepoint region
[2019-12-08T10:36:58.769+0000][1][safepoint    ] Total time for which application threads were stopped: 0.0000869 seconds, Stopping threads took: 0.0000204 seconds
[2019-12-08T10:36:59.769+0000][1][safepoint    ] Application time: 1.0000772 seconds
[2019-12-08T10:36:59.769+0000][1][safepoint    ] Entering safepoint region: Cleanup
[2019-12-08T10:36:59.769+0000][1][safepoint    ] Leaving safepoint region
[2019-12-08T10:36:59.769+0000][1][safepoint    ] Total time for which application threads were stopped: 0.0000754 seconds, Stopping threads took: 0.0000202 seconds
[2019-12-08T10:37:00.769+0000][1][safepoint    ] Application time: 1.0000772 seconds
[2019-12-08T10:37:00.769+0000][1][safepoint    ] Entering safepoint region: Cleanup
[2019-12-08T10:37:00.769+0000][1][safepoint    ] Leaving safepoint region
[2019-12-08T10:37:00.769+0000][1][safepoint    ] Total time for which application threads were stopped: 0.0000748 seconds, Stopping threads took: 0.0000196 seconds
[2019-12-08T10:37:01.769+0000][1][safepoint    ] Application time: 1.0000826 seconds
[2019-12-08T10:37:01.769+0000][1][safepoint    ] Entering safepoint region: Cleanup
[2019-12-08T10:37:01.769+0000][1][safepoint    ] Leaving safepoint region
[2019-12-08T10:37:01.769+0000][1][safepoint    ] Total time for which application threads were stopped: 0.0000794 seconds, Stopping threads took: 0.0000212 seconds
[2019-12-08T10:37:02.769+0000][1][safepoint    ] Application time: 1.0000781 seconds
[2019-12-08T10:37:02.769+0000][1][safepoint    ] Entering safepoint region: Cleanup
[2019-12-08T10:37:02.769+0000][1][safepoint    ] Leaving safepoint region
[2019-12-08T10:37:02.769+0000][1][safepoint    ] Total time for which application threads were stopped: 0.0000742 seconds, Stopping threads took: 0.0000185 seconds
[2019-12-08T10:37:03.770+0000][1][safepoint    ] Application time: 1.0000781 seconds
[2019-12-08T10:37:03.770+0000][1][safepoint    ] Entering safepoint region: Cleanup
[2019-12-08T10:37:03.770+0000][1][safepoint    ] Leaving safepoint region
[2019-12-08T10:37:03.770+0000][1][safepoint    ] Total time for which application threads were stopped: 0.0000766 seconds, Stopping threads took: 0.0000207 seconds
[2019-12-08T10:37:04.770+0000][1][safepoint    ] Application time: 1.0000872 seconds
[2019-12-08T10:37:04.770+0000][1][safepoint    ] Entering safepoint region: Cleanup
[2019-12-08T10:37:04.770+0000][1][safepoint    ] Leaving safepoint region
[2019-12-08T10:37:04.770+0000][1][safepoint    ] Total time for which application threads were stopped: 0.0000760 seconds, Stopping threads took: 0.0000206 seconds
[2019-12-08T10:37:05.770+0000][1][safepoint    ] Application time: 1.0000796 seconds
[2019-12-08T10:37:05.770+0000][1][safepoint    ] Entering safepoint region: Cleanup
[2019-12-08T10:37:05.770+0000][1][safepoint    ] Leaving safepoint region
[2019-12-08T10:37:05.770+0000][1][safepoint    ] Total time for which application threads were stopped: 0.0000740 seconds, Stopping threads took: 0.0000191 seconds
[2019-12-08T10:37:06.770+0000][1][safepoint    ] Application time: 1.0000805 seconds
[2019-12-08T10:37:06.770+0000][1][safepoint    ] Entering safepoint region: Cleanup
[2019-12-08T10:37:06.770+0000][1][safepoint    ] Leaving safepoint region
[2019-12-08T10:37:06.770+0000][1][safepoint    ] Total time for which application threads were stopped: 0.0001069 seconds, Stopping threads took: 0.0000309 seconds
