[2019-12-08T11:32:34.251+0000][1][gc] Using Concurrent Mark Sweep
[2019-12-08T11:32:34.251+0000][1][gc,heap,coops] Heap address: 0x00000000f0000000, size: 256 MB, Compressed Oops mode: 32-bit
[2019-12-08T11:32:34.487+0000][1][safepoint    ] Entering safepoint region: EnableBiasedLocking
[2019-12-08T11:32:34.487+0000][1][safepoint    ] Leaving safepoint region
[2019-12-08T11:32:34.487+0000][1][safepoint    ] Total time for which application threads were stopped: 0.0199660 seconds, Stopping threads took: 0.0198680 seconds
[2019-12-08T11:32:34.511+0000][1][safepoint    ] Application time: 0.0156130 seconds
[2019-12-08T11:32:34.511+0000][1][safepoint    ] Entering safepoint region: RevokeBias
[2019-12-08T11:32:34.511+0000][1][safepoint    ] Leaving safepoint region
[2019-12-08T11:32:34.511+0000][1][safepoint    ] Total time for which application threads were stopped: 0.0000975 seconds, Stopping threads took: 0.0000325 seconds
[2019-12-08T11:32:34.548+0000][1][safepoint    ] Application time: 0.0368968 seconds
[2019-12-08T11:32:34.548+0000][1][safepoint    ] Entering safepoint region: Deoptimize
[2019-12-08T11:32:34.548+0000][1][safepoint    ] Leaving safepoint region
[2019-12-08T11:32:34.548+0000][1][safepoint    ] Total time for which application threads were stopped: 0.0000606 seconds, Stopping threads took: 0.0000128 seconds
[2019-12-08T11:32:34.857+0000][1][safepoint    ] Application time: 0.3089575 seconds
[2019-12-08T11:32:34.857+0000][1][safepoint    ] Entering safepoint region: Deoptimize
[2019-12-08T11:32:34.857+0000][1][safepoint    ] Leaving safepoint region
[2019-12-08T11:32:34.857+0000][1][safepoint    ] Total time for which application threads were stopped: 0.0001440 seconds, Stopping threads took: 0.0000685 seconds
[2019-12-08T11:32:35.805+0000][1][safepoint    ] Application time: 0.9478956 seconds
[2019-12-08T11:32:35.805+0000][1][safepoint    ] Entering safepoint region: Deoptimize
[2019-12-08T11:32:35.805+0000][1][safepoint    ] Leaving safepoint region
[2019-12-08T11:32:35.805+0000][1][safepoint    ] Total time for which application threads were stopped: 0.0002335 seconds, Stopping threads took: 0.0000592 seconds
[2019-12-08T11:32:36.007+0000][1][safepoint    ] Application time: 0.2017355 seconds
[2019-12-08T11:32:36.007+0000][1][safepoint    ] Entering safepoint region: Deoptimize
[2019-12-08T11:32:36.007+0000][1][safepoint    ] Leaving safepoint region
[2019-12-08T11:32:36.007+0000][1][safepoint    ] Total time for which application threads were stopped: 0.0001691 seconds, Stopping threads took: 0.0000121 seconds
[2019-12-08T11:32:36.050+0000][1][safepoint    ] Application time: 0.0427197 seconds
[2019-12-08T11:32:36.050+0000][1][safepoint    ] Entering safepoint region: Deoptimize
[2019-12-08T11:32:36.050+0000][1][safepoint    ] Leaving safepoint region
[2019-12-08T11:32:36.050+0000][1][safepoint    ] Total time for which application threads were stopped: 0.0001479 seconds, Stopping threads took: 0.0000116 seconds
[2019-12-08T11:32:37.054+0000][1][safepoint    ] Application time: 1.0036920 seconds
[2019-12-08T11:32:37.066+0000][1][safepoint    ] Entering safepoint region: Cleanup
[2019-12-08T11:32:37.066+0000][1][safepoint    ] Leaving safepoint region
[2019-12-08T11:32:37.066+0000][1][safepoint    ] Total time for which application threads were stopped: 0.0121760 seconds, Stopping threads took: 0.0121065 seconds
[2019-12-08T11:32:37.955+0000][1][safepoint    ] Application time: 0.8893432 seconds
[2019-12-08T11:32:37.955+0000][1][safepoint    ] Entering safepoint region: Deoptimize
[2019-12-08T11:32:37.956+0000][1][safepoint    ] Leaving safepoint region
[2019-12-08T11:32:37.956+0000][1][safepoint    ] Total time for which application threads were stopped: 0.0002391 seconds, Stopping threads took: 0.0000113 seconds
[2019-12-08T11:32:38.641+0000][1][safepoint    ] Application time: 0.6851089 seconds
[2019-12-08T11:32:38.641+0000][1][safepoint    ] Entering safepoint region: RevokeBias
[2019-12-08T11:32:38.641+0000][1][safepoint    ] Leaving safepoint region
[2019-12-08T11:32:38.641+0000][1][safepoint    ] Total time for which application threads were stopped: 0.0001287 seconds, Stopping threads took: 0.0000125 seconds
[2019-12-08T11:32:39.238+0000][1][safepoint    ] Application time: 0.5968523 seconds
[2019-12-08T11:32:39.238+0000][1][safepoint    ] Entering safepoint region: Deoptimize
[2019-12-08T11:32:39.238+0000][1][safepoint    ] Leaving safepoint region
[2019-12-08T11:32:39.238+0000][1][safepoint    ] Total time for which application threads were stopped: 0.0002497 seconds, Stopping threads took: 0.0000122 seconds
[2019-12-08T11:32:39.981+0000][1][safepoint    ] Application time: 0.7427057 seconds
[2019-12-08T11:32:39.981+0000][1][safepoint    ] Entering safepoint region: Deoptimize
[2019-12-08T11:32:39.981+0000][1][safepoint    ] Leaving safepoint region
[2019-12-08T11:32:39.981+0000][1][safepoint    ] Total time for which application threads were stopped: 0.0002763 seconds, Stopping threads took: 0.0000110 seconds
[2019-12-08T11:32:39.997+0000][1][safepoint    ] Application time: 0.0157933 seconds
[2019-12-08T11:32:39.997+0000][1][safepoint    ] Entering safepoint region: Deoptimize
[2019-12-08T11:32:39.997+0000][1][safepoint    ] Leaving safepoint region
[2019-12-08T11:32:39.997+0000][1][safepoint    ] Total time for which application threads were stopped: 0.0002222 seconds, Stopping threads took: 0.0000112 seconds
[2019-12-08T11:32:40.098+0000][1][safepoint    ] Application time: 0.1006418 seconds
[2019-12-08T11:32:40.098+0000][1][safepoint    ] Entering safepoint region: Deoptimize
[2019-12-08T11:32:40.098+0000][1][safepoint    ] Leaving safepoint region
[2019-12-08T11:32:40.098+0000][1][safepoint    ] Total time for which application threads were stopped: 0.0002546 seconds, Stopping threads took: 0.0000126 seconds
[2019-12-08T11:32:40.155+0000][1][safepoint    ] Application time: 0.0567027 seconds
[2019-12-08T11:32:40.155+0000][1][safepoint    ] Entering safepoint region: RevokeBias
[2019-12-08T11:32:40.155+0000][1][safepoint    ] Leaving safepoint region
[2019-12-08T11:32:40.155+0000][1][safepoint    ] Total time for which application threads were stopped: 0.0000561 seconds, Stopping threads took: 0.0000167 seconds
[2019-12-08T11:32:40.167+0000][1][safepoint    ] Application time: 0.0119040 seconds
[2019-12-08T11:32:40.173+0000][1][safepoint    ] Entering safepoint region: RevokeBias
[2019-12-08T11:32:40.173+0000][1][safepoint    ] Leaving safepoint region
[2019-12-08T11:32:40.173+0000][1][safepoint    ] Total time for which application threads were stopped: 0.0060547 seconds, Stopping threads took: 0.0059933 seconds
[2019-12-08T11:32:40.175+0000][1][safepoint    ] Application time: 0.0019436 seconds
[2019-12-08T11:32:40.175+0000][1][safepoint    ] Entering safepoint region: RevokeBias
[2019-12-08T11:32:40.175+0000][1][safepoint    ] Leaving safepoint region
[2019-12-08T11:32:40.175+0000][1][safepoint    ] Total time for which application threads were stopped: 0.0000532 seconds, Stopping threads took: 0.0000106 seconds
[2019-12-08T11:32:40.175+0000][1][safepoint    ] Application time: 0.0001709 seconds
[2019-12-08T11:32:40.175+0000][1][safepoint    ] Entering safepoint region: RevokeBias
[2019-12-08T11:32:40.175+0000][1][safepoint    ] Leaving safepoint region
[2019-12-08T11:32:40.175+0000][1][safepoint    ] Total time for which application threads were stopped: 0.0000477 seconds, Stopping threads took: 0.0000093 seconds
[2019-12-08T11:32:40.175+0000][1][safepoint    ] Application time: 0.0003415 seconds
[2019-12-08T11:32:40.175+0000][1][safepoint    ] Entering safepoint region: RevokeBias
[2019-12-08T11:32:40.175+0000][1][safepoint    ] Leaving safepoint region
[2019-12-08T11:32:40.175+0000][1][safepoint    ] Total time for which application threads were stopped: 0.0000511 seconds, Stopping threads took: 0.0000092 seconds
[2019-12-08T11:32:41.176+0000][1][safepoint    ] Application time: 1.0002257 seconds
[2019-12-08T11:32:41.212+0000][1][safepoint    ] Entering safepoint region: Cleanup
[2019-12-08T11:32:41.212+0000][1][safepoint    ] Leaving safepoint region
[2019-12-08T11:32:41.212+0000][1][safepoint    ] Total time for which application threads were stopped: 0.0361636 seconds, Stopping threads took: 0.0360761 seconds
[2019-12-08T11:32:41.248+0000][1][safepoint    ] Application time: 0.0358148 seconds
[2019-12-08T11:32:41.248+0000][1][safepoint    ] Entering safepoint region: GenCollectForAllocation
[2019-12-08T11:32:41.248+0000][1][gc,start     ] GC(0) Pause Young (Allocation Failure)
[2019-12-08T11:32:41.248+0000][1][gc,task      ] GC(0) Using 4 workers of 4 for evacuation
[2019-12-08T11:32:41.337+0000][1][gc,age       ] GC(0) Desired survivor size 4456448 bytes, new threshold 1 (max threshold 6)
[2019-12-08T11:32:41.337+0000][1][gc,age       ] GC(0) Age table with threshold 1 (max threshold 6)
[2019-12-08T11:32:41.337+0000][1][gc,age       ] GC(0) - age   1:    6706504 bytes,    6706504 total
[2019-12-08T11:32:41.337+0000][1][gc,heap      ] GC(0) ParNew: 69952K->6630K(78656K)
[2019-12-08T11:32:41.337+0000][1][gc,heap      ] GC(0) CMS: 0K->0K(174784K)
[2019-12-08T11:32:41.337+0000][1][gc,metaspace ] GC(0) Metaspace: 12894K->12894K(1060864K)
[2019-12-08T11:32:41.337+0000][1][gc           ] GC(0) Pause Young (Allocation Failure) 68M->6M(247M) 89.275ms
[2019-12-08T11:32:41.337+0000][1][gc,cpu       ] GC(0) User=0.03s Sys=0.00s Real=0.09s
[2019-12-08T11:32:41.337+0000][1][safepoint    ] Leaving safepoint region
[2019-12-08T11:32:41.337+0000][1][safepoint    ] Total time for which application threads were stopped: 0.0893943 seconds, Stopping threads took: 0.0000131 seconds
[2019-12-08T11:32:41.339+0000][1][safepoint    ] Application time: 0.0021593 seconds
[2019-12-08T11:32:41.339+0000][1][safepoint    ] Entering safepoint region: RevokeBias
[2019-12-08T11:32:41.340+0000][1][safepoint    ] Leaving safepoint region
[2019-12-08T11:32:41.340+0000][1][safepoint    ] Total time for which application threads were stopped: 0.0001638 seconds, Stopping threads took: 0.0000658 seconds
[2019-12-08T11:32:41.340+0000][1][safepoint    ] Application time: 0.0001283 seconds
[2019-12-08T11:32:41.340+0000][1][safepoint    ] Entering safepoint region: RevokeBias
[2019-12-08T11:32:41.340+0000][1][safepoint    ] Leaving safepoint region
[2019-12-08T11:32:41.340+0000][1][safepoint    ] Total time for which application threads were stopped: 0.0000762 seconds, Stopping threads took: 0.0000086 seconds
[2019-12-08T11:32:41.340+0000][1][safepoint    ] Application time: 0.0000616 seconds
[2019-12-08T11:32:41.340+0000][1][safepoint    ] Entering safepoint region: RevokeBias
[2019-12-08T11:32:41.340+0000][1][safepoint    ] Leaving safepoint region
[2019-12-08T11:32:41.340+0000][1][safepoint    ] Total time for which application threads were stopped: 0.0000412 seconds, Stopping threads took: 0.0000072 seconds
[2019-12-08T11:32:41.340+0000][1][safepoint    ] Application time: 0.0000445 seconds
[2019-12-08T11:32:41.340+0000][1][safepoint    ] Entering safepoint region: RevokeBias
[2019-12-08T11:32:41.340+0000][1][safepoint    ] Leaving safepoint region
[2019-12-08T11:32:41.340+0000][1][safepoint    ] Total time for which application threads were stopped: 0.0000342 seconds, Stopping threads took: 0.0000061 seconds
[2019-12-08T11:32:41.340+0000][1][safepoint    ] Application time: 0.0000475 seconds
[2019-12-08T11:32:41.340+0000][1][safepoint    ] Entering safepoint region: RevokeBias
[2019-12-08T11:32:41.340+0000][1][safepoint    ] Leaving safepoint region
[2019-12-08T11:32:41.340+0000][1][safepoint    ] Total time for which application threads were stopped: 0.0000402 seconds, Stopping threads took: 0.0000065 seconds
[2019-12-08T11:32:41.340+0000][1][safepoint    ] Application time: 0.0000432 seconds
[2019-12-08T11:32:41.340+0000][1][safepoint    ] Entering safepoint region: RevokeBias
[2019-12-08T11:32:41.340+0000][1][safepoint    ] Leaving safepoint region
[2019-12-08T11:32:41.340+0000][1][safepoint    ] Total time for which application threads were stopped: 0.0000347 seconds, Stopping threads took: 0.0000063 seconds
[2019-12-08T11:32:41.340+0000][1][safepoint    ] Application time: 0.0000475 seconds
[2019-12-08T11:32:41.340+0000][1][safepoint    ] Entering safepoint region: RevokeBias
[2019-12-08T11:32:41.340+0000][1][safepoint    ] Leaving safepoint region
[2019-12-08T11:32:41.340+0000][1][safepoint    ] Total time for which application threads were stopped: 0.0000489 seconds, Stopping threads took: 0.0000149 seconds
[2019-12-08T11:32:41.340+0000][1][safepoint    ] Application time: 0.0000449 seconds
[2019-12-08T11:32:41.340+0000][1][safepoint    ] Entering safepoint region: RevokeBias
[2019-12-08T11:32:41.340+0000][1][safepoint    ] Leaving safepoint region
[2019-12-08T11:32:41.340+0000][1][safepoint    ] Total time for which application threads were stopped: 0.0000362 seconds, Stopping threads took: 0.0000065 seconds
[2019-12-08T11:32:41.340+0000][1][safepoint    ] Application time: 0.0000469 seconds
[2019-12-08T11:32:41.340+0000][1][safepoint    ] Entering safepoint region: RevokeBias
[2019-12-08T11:32:41.340+0000][1][safepoint    ] Leaving safepoint region
[2019-12-08T11:32:41.340+0000][1][safepoint    ] Total time for which application threads were stopped: 0.0000376 seconds, Stopping threads took: 0.0000065 seconds
[2019-12-08T11:32:41.340+0000][1][safepoint    ] Application time: 0.0000443 seconds
[2019-12-08T11:32:41.340+0000][1][safepoint    ] Entering safepoint region: RevokeBias
[2019-12-08T11:32:41.341+0000][1][safepoint    ] Leaving safepoint region
[2019-12-08T11:32:41.341+0000][1][safepoint    ] Total time for which application threads were stopped: 0.0000359 seconds, Stopping threads took: 0.0000067 seconds
[2019-12-08T11:32:41.341+0000][1][safepoint    ] Application time: 0.0000480 seconds
[2019-12-08T11:32:41.341+0000][1][safepoint    ] Entering safepoint region: RevokeBias
[2019-12-08T11:32:41.341+0000][1][safepoint    ] Leaving safepoint region
[2019-12-08T11:32:41.341+0000][1][safepoint    ] Total time for which application threads were stopped: 0.0000470 seconds, Stopping threads took: 0.0000066 seconds
[2019-12-08T11:32:41.341+0000][1][safepoint    ] Application time: 0.0000566 seconds
[2019-12-08T11:32:41.341+0000][1][safepoint    ] Entering safepoint region: RevokeBias
[2019-12-08T11:32:41.341+0000][1][safepoint    ] Leaving safepoint region
[2019-12-08T11:32:41.341+0000][1][safepoint    ] Total time for which application threads were stopped: 0.0000528 seconds, Stopping threads took: 0.0000073 seconds
[2019-12-08T11:32:41.341+0000][1][safepoint    ] Application time: 0.0000582 seconds
[2019-12-08T11:32:41.341+0000][1][safepoint    ] Entering safepoint region: RevokeBias
[2019-12-08T11:32:41.341+0000][1][safepoint    ] Leaving safepoint region
[2019-12-08T11:32:41.341+0000][1][safepoint    ] Total time for which application threads were stopped: 0.0000427 seconds, Stopping threads took: 0.0000078 seconds
[2019-12-08T11:32:41.341+0000][1][safepoint    ] Application time: 0.0000511 seconds
[2019-12-08T11:32:41.341+0000][1][safepoint    ] Entering safepoint region: RevokeBias
[2019-12-08T11:32:41.341+0000][1][safepoint    ] Leaving safepoint region
[2019-12-08T11:32:41.341+0000][1][safepoint    ] Total time for which application threads were stopped: 0.0000400 seconds, Stopping threads took: 0.0000074 seconds
[2019-12-08T11:32:41.341+0000][1][safepoint    ] Application time: 0.0000537 seconds
[2019-12-08T11:32:41.341+0000][1][safepoint    ] Entering safepoint region: RevokeBias
[2019-12-08T11:32:41.341+0000][1][safepoint    ] Leaving safepoint region
[2019-12-08T11:32:41.341+0000][1][safepoint    ] Total time for which application threads were stopped: 0.0000402 seconds, Stopping threads took: 0.0000077 seconds
[2019-12-08T11:32:41.341+0000][1][safepoint    ] Application time: 0.0000499 seconds
[2019-12-08T11:32:41.341+0000][1][safepoint    ] Entering safepoint region: RevokeBias
[2019-12-08T11:32:41.341+0000][1][safepoint    ] Leaving safepoint region
[2019-12-08T11:32:41.341+0000][1][safepoint    ] Total time for which application threads were stopped: 0.0000377 seconds, Stopping threads took: 0.0000069 seconds
[2019-12-08T11:32:41.341+0000][1][safepoint    ] Application time: 0.0000604 seconds
[2019-12-08T11:32:41.341+0000][1][safepoint    ] Entering safepoint region: RevokeBias
[2019-12-08T11:32:41.341+0000][1][safepoint    ] Leaving safepoint region
[2019-12-08T11:32:41.341+0000][1][safepoint    ] Total time for which application threads were stopped: 0.0000481 seconds, Stopping threads took: 0.0000133 seconds
[2019-12-08T11:32:41.341+0000][1][safepoint    ] Application time: 0.0000521 seconds
[2019-12-08T11:32:41.341+0000][1][safepoint    ] Entering safepoint region: RevokeBias
[2019-12-08T11:32:41.341+0000][1][safepoint    ] Leaving safepoint region
[2019-12-08T11:32:41.341+0000][1][safepoint    ] Total time for which application threads were stopped: 0.0000428 seconds, Stopping threads took: 0.0000073 seconds
[2019-12-08T11:32:41.342+0000][1][safepoint    ] Application time: 0.0000845 seconds
[2019-12-08T11:32:41.342+0000][1][safepoint    ] Entering safepoint region: RevokeBias
[2019-12-08T11:32:41.342+0000][1][safepoint    ] Leaving safepoint region
[2019-12-08T11:32:41.342+0000][1][safepoint    ] Total time for which application threads were stopped: 0.0000456 seconds, Stopping threads took: 0.0000082 seconds
[2019-12-08T11:32:41.342+0000][1][safepoint    ] Application time: 0.0000508 seconds
[2019-12-08T11:32:41.342+0000][1][safepoint    ] Entering safepoint region: RevokeBias
[2019-12-08T11:32:41.342+0000][1][safepoint    ] Leaving safepoint region
[2019-12-08T11:32:41.342+0000][1][safepoint    ] Total time for which application threads were stopped: 0.0000604 seconds, Stopping threads took: 0.0000071 seconds
[2019-12-08T11:32:41.342+0000][1][safepoint    ] Application time: 0.0000623 seconds
[2019-12-08T11:32:41.342+0000][1][safepoint    ] Entering safepoint region: RevokeBias
[2019-12-08T11:32:41.342+0000][1][safepoint    ] Leaving safepoint region
[2019-12-08T11:32:41.342+0000][1][safepoint    ] Total time for which application threads were stopped: 0.0000429 seconds, Stopping threads took: 0.0000074 seconds
[2019-12-08T11:32:41.342+0000][1][safepoint    ] Application time: 0.0000512 seconds
[2019-12-08T11:32:41.342+0000][1][safepoint    ] Entering safepoint region: RevokeBias
[2019-12-08T11:32:41.342+0000][1][safepoint    ] Leaving safepoint region
[2019-12-08T11:32:41.342+0000][1][safepoint    ] Total time for which application threads were stopped: 0.0000415 seconds, Stopping threads took: 0.0000076 seconds
[2019-12-08T11:32:41.342+0000][1][safepoint    ] Application time: 0.0000589 seconds
[2019-12-08T11:32:41.342+0000][1][safepoint    ] Entering safepoint region: RevokeBias
[2019-12-08T11:32:41.342+0000][1][safepoint    ] Leaving safepoint region
[2019-12-08T11:32:41.342+0000][1][safepoint    ] Total time for which application threads were stopped: 0.0000459 seconds, Stopping threads took: 0.0000081 seconds
[2019-12-08T11:32:41.342+0000][1][safepoint    ] Application time: 0.0000537 seconds
[2019-12-08T11:32:41.342+0000][1][safepoint    ] Entering safepoint region: RevokeBias
[2019-12-08T11:32:41.342+0000][1][safepoint    ] Leaving safepoint region
[2019-12-08T11:32:41.342+0000][1][safepoint    ] Total time for which application threads were stopped: 0.0000427 seconds, Stopping threads took: 0.0000074 seconds
[2019-12-08T11:32:41.342+0000][1][safepoint    ] Application time: 0.0000814 seconds
[2019-12-08T11:32:41.342+0000][1][safepoint    ] Entering safepoint region: RevokeBias
[2019-12-08T11:32:41.342+0000][1][safepoint    ] Leaving safepoint region
[2019-12-08T11:32:41.342+0000][1][safepoint    ] Total time for which application threads were stopped: 0.0000442 seconds, Stopping threads took: 0.0000075 seconds
[2019-12-08T11:32:41.342+0000][1][safepoint    ] Application time: 0.0000522 seconds
[2019-12-08T11:32:41.342+0000][1][safepoint    ] Entering safepoint region: RevokeBias
[2019-12-08T11:32:41.342+0000][1][safepoint    ] Leaving safepoint region
[2019-12-08T11:32:41.342+0000][1][safepoint    ] Total time for which application threads were stopped: 0.0000449 seconds, Stopping threads took: 0.0000077 seconds
[2019-12-08T11:32:41.343+0000][1][safepoint    ] Application time: 0.0003563 seconds
[2019-12-08T11:32:41.343+0000][1][safepoint    ] Entering safepoint region: RevokeBias
[2019-12-08T11:32:41.343+0000][1][safepoint    ] Leaving safepoint region
[2019-12-08T11:32:41.343+0000][1][safepoint    ] Total time for which application threads were stopped: 0.0000897 seconds, Stopping threads took: 0.0000284 seconds
[2019-12-08T11:32:41.343+0000][1][safepoint    ] Application time: 0.0000656 seconds
[2019-12-08T11:32:41.343+0000][1][safepoint    ] Entering safepoint region: RevokeBias
[2019-12-08T11:32:41.343+0000][1][safepoint    ] Leaving safepoint region
[2019-12-08T11:32:41.343+0000][1][safepoint    ] Total time for which application threads were stopped: 0.0000509 seconds, Stopping threads took: 0.0000083 seconds
[2019-12-08T11:32:41.343+0000][1][safepoint    ] Application time: 0.0000704 seconds
[2019-12-08T11:32:41.343+0000][1][safepoint    ] Entering safepoint region: RevokeBias
[2019-12-08T11:32:41.343+0000][1][safepoint    ] Leaving safepoint region
[2019-12-08T11:32:41.343+0000][1][safepoint    ] Total time for which application threads were stopped: 0.0000534 seconds, Stopping threads took: 0.0000086 seconds
[2019-12-08T11:32:41.343+0000][1][safepoint    ] Application time: 0.0000537 seconds
[2019-12-08T11:32:41.343+0000][1][safepoint    ] Entering safepoint region: RevokeBias
[2019-12-08T11:32:41.343+0000][1][safepoint    ] Leaving safepoint region
[2019-12-08T11:32:41.343+0000][1][safepoint    ] Total time for which application threads were stopped: 0.0000476 seconds, Stopping threads took: 0.0000079 seconds
[2019-12-08T11:32:42.006+0000][1][safepoint    ] Application time: 0.6629225 seconds
[2019-12-08T11:32:42.006+0000][1][safepoint    ] Entering safepoint region: Deoptimize
[2019-12-08T11:32:42.007+0000][1][safepoint    ] Leaving safepoint region
[2019-12-08T11:32:42.007+0000][1][safepoint    ] Total time for which application threads were stopped: 0.0004239 seconds, Stopping threads took: 0.0000137 seconds
[2019-12-08T11:32:42.671+0000][1][safepoint    ] Application time: 0.6646728 seconds
[2019-12-08T11:32:42.671+0000][1][safepoint    ] Entering safepoint region: RevokeBias
[2019-12-08T11:32:42.672+0000][1][safepoint    ] Leaving safepoint region
[2019-12-08T11:32:42.672+0000][1][safepoint    ] Total time for which application threads were stopped: 0.0001374 seconds, Stopping threads took: 0.0000131 seconds
[2019-12-08T11:32:43.487+0000][1][safepoint    ] Application time: 0.8155343 seconds
[2019-12-08T11:32:43.487+0000][1][safepoint    ] Entering safepoint region: GenCollectForAllocation
[2019-12-08T11:32:43.487+0000][1][gc,start     ] GC(1) Pause Young (Allocation Failure)
[2019-12-08T11:32:43.487+0000][1][gc,task      ] GC(1) Using 4 workers of 4 for evacuation
[2019-12-08T11:32:43.695+0000][1][gc,age       ] GC(1) Desired survivor size 4456448 bytes, new threshold 6 (max threshold 6)
[2019-12-08T11:32:43.695+0000][1][gc,age       ] GC(1) Age table with threshold 6 (max threshold 6)
[2019-12-08T11:32:43.695+0000][1][gc,age       ] GC(1) - age   1:    1220872 bytes,    1220872 total
[2019-12-08T11:32:43.695+0000][1][gc,heap      ] GC(1) ParNew: 76582K->4112K(78656K)
[2019-12-08T11:32:43.695+0000][1][gc,heap      ] GC(1) CMS: 0K->7045K(174784K)
[2019-12-08T11:32:43.695+0000][1][gc,metaspace ] GC(1) Metaspace: 14846K->14846K(1062912K)
[2019-12-08T11:32:43.695+0000][1][gc           ] GC(1) Pause Young (Allocation Failure) 74M->10M(247M) 207.626ms
[2019-12-08T11:32:43.695+0000][1][gc,cpu       ] GC(1) User=0.11s Sys=0.00s Real=0.21s
[2019-12-08T11:32:43.695+0000][1][safepoint    ] Leaving safepoint region
[2019-12-08T11:32:43.695+0000][1][safepoint    ] Total time for which application threads were stopped: 0.2078088 seconds, Stopping threads took: 0.0000146 seconds
[2019-12-08T11:32:43.702+0000][1][safepoint    ] Application time: 0.0068330 seconds
[2019-12-08T11:32:43.702+0000][1][safepoint    ] Entering safepoint region: BulkRevokeBias
[2019-12-08T11:32:43.702+0000][1][safepoint    ] Leaving safepoint region
[2019-12-08T11:32:43.702+0000][1][safepoint    ] Total time for which application threads were stopped: 0.0001255 seconds, Stopping threads took: 0.0000461 seconds
[2019-12-08T11:32:43.709+0000][1][safepoint    ] Application time: 0.0067615 seconds
[2019-12-08T11:32:43.709+0000][1][safepoint    ] Entering safepoint region: RevokeBias
[2019-12-08T11:32:43.709+0000][1][safepoint    ] Leaving safepoint region
[2019-12-08T11:32:43.709+0000][1][safepoint    ] Total time for which application threads were stopped: 0.0000692 seconds, Stopping threads took: 0.0000115 seconds
[2019-12-08T11:32:43.709+0000][1][safepoint    ] Application time: 0.0000479 seconds
[2019-12-08T11:32:43.709+0000][1][safepoint    ] Entering safepoint region: RevokeBias
[2019-12-08T11:32:43.709+0000][1][safepoint    ] Leaving safepoint region
[2019-12-08T11:32:43.709+0000][1][safepoint    ] Total time for which application threads were stopped: 0.0000401 seconds, Stopping threads took: 0.0000069 seconds
[2019-12-08T11:32:43.709+0000][1][safepoint    ] Application time: 0.0000429 seconds
[2019-12-08T11:32:43.709+0000][1][safepoint    ] Entering safepoint region: RevokeBias
[2019-12-08T11:32:43.709+0000][1][safepoint    ] Leaving safepoint region
[2019-12-08T11:32:43.709+0000][1][safepoint    ] Total time for which application threads were stopped: 0.0000617 seconds, Stopping threads took: 0.0000069 seconds
[2019-12-08T11:32:43.709+0000][1][safepoint    ] Application time: 0.0000307 seconds
[2019-12-08T11:32:43.709+0000][1][safepoint    ] Entering safepoint region: RevokeBias
[2019-12-08T11:32:43.709+0000][1][safepoint    ] Leaving safepoint region
[2019-12-08T11:32:43.709+0000][1][safepoint    ] Total time for which application threads were stopped: 0.0000397 seconds, Stopping threads took: 0.0000064 seconds
[2019-12-08T11:32:43.709+0000][1][safepoint    ] Application time: 0.0000403 seconds
[2019-12-08T11:32:43.709+0000][1][safepoint    ] Entering safepoint region: RevokeBias
[2019-12-08T11:32:43.709+0000][1][safepoint    ] Leaving safepoint region
[2019-12-08T11:32:43.709+0000][1][safepoint    ] Total time for which application threads were stopped: 0.0000344 seconds, Stopping threads took: 0.0000063 seconds
[2019-12-08T11:32:43.709+0000][1][safepoint    ] Application time: 0.0000290 seconds
[2019-12-08T11:32:43.709+0000][1][safepoint    ] Entering safepoint region: RevokeBias
[2019-12-08T11:32:43.709+0000][1][safepoint    ] Leaving safepoint region
[2019-12-08T11:32:43.709+0000][1][safepoint    ] Total time for which application threads were stopped: 0.0000323 seconds, Stopping threads took: 0.0000059 seconds
[2019-12-08T11:32:43.709+0000][1][safepoint    ] Application time: 0.0000320 seconds
[2019-12-08T11:32:43.709+0000][1][safepoint    ] Entering safepoint region: BulkRevokeBias
[2019-12-08T11:32:43.709+0000][1][safepoint    ] Leaving safepoint region
[2019-12-08T11:32:43.709+0000][1][safepoint    ] Total time for which application threads were stopped: 0.0000651 seconds, Stopping threads took: 0.0000063 seconds
[2019-12-08T11:32:43.709+0000][1][safepoint    ] Application time: 0.0000298 seconds
[2019-12-08T11:32:43.709+0000][1][safepoint    ] Entering safepoint region: RevokeBias
[2019-12-08T11:32:43.709+0000][1][safepoint    ] Leaving safepoint region
[2019-12-08T11:32:43.709+0000][1][safepoint    ] Total time for which application threads were stopped: 0.0000321 seconds, Stopping threads took: 0.0000064 seconds
[2019-12-08T11:32:43.709+0000][1][safepoint    ] Application time: 0.0000328 seconds
[2019-12-08T11:32:43.709+0000][1][safepoint    ] Entering safepoint region: BulkRevokeBias
[2019-12-08T11:32:43.710+0000][1][safepoint    ] Leaving safepoint region
[2019-12-08T11:32:43.710+0000][1][safepoint    ] Total time for which application threads were stopped: 0.0000561 seconds, Stopping threads took: 0.0000063 seconds
[2019-12-08T11:32:44.441+0000][1][safepoint    ] Application time: 0.7318517 seconds
[2019-12-08T11:32:44.441+0000][1][safepoint    ] Entering safepoint region: GenCollectForAllocation
[2019-12-08T11:32:44.442+0000][1][gc,start     ] GC(2) Pause Young (Allocation Failure)
[2019-12-08T11:32:44.442+0000][1][gc,task      ] GC(2) Using 4 workers of 4 for evacuation
[2019-12-08T11:32:44.483+0000][1][gc,age       ] GC(2) Desired survivor size 4456448 bytes, new threshold 6 (max threshold 6)
[2019-12-08T11:32:44.483+0000][1][gc,age       ] GC(2) Age table with threshold 6 (max threshold 6)
[2019-12-08T11:32:44.483+0000][1][gc,age       ] GC(2) - age   1:    1083992 bytes,    1083992 total
[2019-12-08T11:32:44.483+0000][1][gc,age       ] GC(2) - age   2:     951184 bytes,    2035176 total
[2019-12-08T11:32:44.483+0000][1][gc,heap      ] GC(2) ParNew: 74064K->2406K(78656K)
[2019-12-08T11:32:44.483+0000][1][gc,heap      ] GC(2) CMS: 7045K->7045K(174784K)
[2019-12-08T11:32:44.483+0000][1][gc,metaspace ] GC(2) Metaspace: 14958K->14958K(1062912K)
[2019-12-08T11:32:44.483+0000][1][gc           ] GC(2) Pause Young (Allocation Failure) 79M->9M(247M) 41.500ms
[2019-12-08T11:32:44.483+0000][1][gc,cpu       ] GC(2) User=0.01s Sys=0.00s Real=0.04s
[2019-12-08T11:32:44.483+0000][1][safepoint    ] Leaving safepoint region
[2019-12-08T11:32:44.483+0000][1][safepoint    ] Total time for which application threads were stopped: 0.0416577 seconds, Stopping threads took: 0.0000134 seconds
[2019-12-08T11:32:44.497+0000][1][safepoint    ] Application time: 0.0141910 seconds
[2019-12-08T11:32:44.499+0000][1][safepoint    ] Entering safepoint region: RevokeBias
[2019-12-08T11:32:44.500+0000][1][safepoint    ] Leaving safepoint region
[2019-12-08T11:32:44.500+0000][1][safepoint    ] Total time for which application threads were stopped: 0.0022356 seconds, Stopping threads took: 0.0021646 seconds
[2019-12-08T11:32:44.500+0000][1][safepoint    ] Application time: 0.0000695 seconds
[2019-12-08T11:32:44.500+0000][1][safepoint    ] Entering safepoint region: RevokeBias
[2019-12-08T11:32:44.500+0000][1][safepoint    ] Leaving safepoint region
[2019-12-08T11:32:44.500+0000][1][safepoint    ] Total time for which application threads were stopped: 0.0000648 seconds, Stopping threads took: 0.0000089 seconds
[2019-12-08T11:32:44.500+0000][1][safepoint    ] Application time: 0.0000675 seconds
[2019-12-08T11:32:44.500+0000][1][safepoint    ] Entering safepoint region: RevokeBias
[2019-12-08T11:32:44.500+0000][1][safepoint    ] Leaving safepoint region
[2019-12-08T11:32:44.500+0000][1][safepoint    ] Total time for which application threads were stopped: 0.0000451 seconds, Stopping threads took: 0.0000087 seconds
[2019-12-08T11:32:44.500+0000][1][safepoint    ] Application time: 0.0000548 seconds
[2019-12-08T11:32:44.500+0000][1][safepoint    ] Entering safepoint region: RevokeBias
[2019-12-08T11:32:44.500+0000][1][safepoint    ] Leaving safepoint region
[2019-12-08T11:32:44.500+0000][1][safepoint    ] Total time for which application threads were stopped: 0.0000400 seconds, Stopping threads took: 0.0000083 seconds
[2019-12-08T11:32:44.500+0000][1][safepoint    ] Application time: 0.0000593 seconds
[2019-12-08T11:32:44.500+0000][1][safepoint    ] Entering safepoint region: RevokeBias
[2019-12-08T11:32:44.500+0000][1][safepoint    ] Leaving safepoint region
[2019-12-08T11:32:44.500+0000][1][safepoint    ] Total time for which application threads were stopped: 0.0000377 seconds, Stopping threads took: 0.0000075 seconds
[2019-12-08T11:32:44.500+0000][1][safepoint    ] Application time: 0.0000506 seconds
[2019-12-08T11:32:44.500+0000][1][safepoint    ] Entering safepoint region: RevokeBias
[2019-12-08T11:32:44.500+0000][1][safepoint    ] Leaving safepoint region
[2019-12-08T11:32:44.500+0000][1][safepoint    ] Total time for which application threads were stopped: 0.0000381 seconds, Stopping threads took: 0.0000082 seconds
[2019-12-08T11:32:44.500+0000][1][safepoint    ] Application time: 0.0000546 seconds
[2019-12-08T11:32:44.500+0000][1][safepoint    ] Entering safepoint region: RevokeBias
[2019-12-08T11:32:44.500+0000][1][safepoint    ] Leaving safepoint region
[2019-12-08T11:32:44.500+0000][1][safepoint    ] Total time for which application threads were stopped: 0.0000372 seconds, Stopping threads took: 0.0000077 seconds
[2019-12-08T11:32:44.500+0000][1][safepoint    ] Application time: 0.0000520 seconds
[2019-12-08T11:32:44.500+0000][1][safepoint    ] Entering safepoint region: RevokeBias
[2019-12-08T11:32:44.500+0000][1][safepoint    ] Leaving safepoint region
[2019-12-08T11:32:44.500+0000][1][safepoint    ] Total time for which application threads were stopped: 0.0000525 seconds, Stopping threads took: 0.0000170 seconds
[2019-12-08T11:32:44.500+0000][1][safepoint    ] Application time: 0.0000598 seconds
[2019-12-08T11:32:44.500+0000][1][safepoint    ] Entering safepoint region: RevokeBias
[2019-12-08T11:32:44.501+0000][1][safepoint    ] Leaving safepoint region
[2019-12-08T11:32:44.501+0000][1][safepoint    ] Total time for which application threads were stopped: 0.0000382 seconds, Stopping threads took: 0.0000076 seconds
[2019-12-08T11:32:44.501+0000][1][safepoint    ] Application time: 0.0000514 seconds
[2019-12-08T11:32:44.501+0000][1][safepoint    ] Entering safepoint region: RevokeBias
[2019-12-08T11:32:44.501+0000][1][safepoint    ] Leaving safepoint region
[2019-12-08T11:32:44.501+0000][1][safepoint    ] Total time for which application threads were stopped: 0.0000487 seconds, Stopping threads took: 0.0000074 seconds
[2019-12-08T11:32:44.501+0000][1][safepoint    ] Application time: 0.0000719 seconds
[2019-12-08T11:32:44.501+0000][1][safepoint    ] Entering safepoint region: RevokeBias
[2019-12-08T11:32:44.501+0000][1][safepoint    ] Leaving safepoint region
[2019-12-08T11:32:44.501+0000][1][safepoint    ] Total time for which application threads were stopped: 0.0000398 seconds, Stopping threads took: 0.0000075 seconds
[2019-12-08T11:32:44.501+0000][1][safepoint    ] Application time: 0.0000491 seconds
[2019-12-08T11:32:44.501+0000][1][safepoint    ] Entering safepoint region: RevokeBias
[2019-12-08T11:32:44.501+0000][1][safepoint    ] Leaving safepoint region
[2019-12-08T11:32:44.501+0000][1][safepoint    ] Total time for which application threads were stopped: 0.0000313 seconds, Stopping threads took: 0.0000068 seconds
[2019-12-08T11:32:44.501+0000][1][safepoint    ] Application time: 0.0000513 seconds
[2019-12-08T11:32:44.501+0000][1][safepoint    ] Entering safepoint region: RevokeBias
[2019-12-08T11:32:44.501+0000][1][safepoint    ] Leaving safepoint region
[2019-12-08T11:32:44.501+0000][1][safepoint    ] Total time for which application threads were stopped: 0.0000315 seconds, Stopping threads took: 0.0000068 seconds
[2019-12-08T11:32:44.501+0000][1][safepoint    ] Application time: 0.0000479 seconds
[2019-12-08T11:32:44.501+0000][1][safepoint    ] Entering safepoint region: RevokeBias
[2019-12-08T11:32:44.501+0000][1][safepoint    ] Leaving safepoint region
[2019-12-08T11:32:44.501+0000][1][safepoint    ] Total time for which application threads were stopped: 0.0000307 seconds, Stopping threads took: 0.0000068 seconds
[2019-12-08T11:32:44.501+0000][1][safepoint    ] Application time: 0.0000508 seconds
[2019-12-08T11:32:44.501+0000][1][safepoint    ] Entering safepoint region: RevokeBias
[2019-12-08T11:32:44.501+0000][1][safepoint    ] Leaving safepoint region
[2019-12-08T11:32:44.501+0000][1][safepoint    ] Total time for which application threads were stopped: 0.0000311 seconds, Stopping threads took: 0.0000068 seconds
[2019-12-08T11:32:44.501+0000][1][safepoint    ] Application time: 0.0000479 seconds
[2019-12-08T11:32:44.501+0000][1][safepoint    ] Entering safepoint region: RevokeBias
[2019-12-08T11:32:44.501+0000][1][safepoint    ] Leaving safepoint region
[2019-12-08T11:32:44.501+0000][1][safepoint    ] Total time for which application threads were stopped: 0.0000309 seconds, Stopping threads took: 0.0000068 seconds
[2019-12-08T11:32:44.501+0000][1][safepoint    ] Application time: 0.0000502 seconds
[2019-12-08T11:32:44.501+0000][1][safepoint    ] Entering safepoint region: RevokeBias
[2019-12-08T11:32:44.501+0000][1][safepoint    ] Leaving safepoint region
[2019-12-08T11:32:44.501+0000][1][safepoint    ] Total time for which application threads were stopped: 0.0000310 seconds, Stopping threads took: 0.0000069 seconds
[2019-12-08T11:32:44.501+0000][1][safepoint    ] Application time: 0.0000543 seconds
[2019-12-08T11:32:44.501+0000][1][safepoint    ] Entering safepoint region: RevokeBias
[2019-12-08T11:32:44.501+0000][1][safepoint    ] Leaving safepoint region
[2019-12-08T11:32:44.501+0000][1][safepoint    ] Total time for which application threads were stopped: 0.0000340 seconds, Stopping threads took: 0.0000122 seconds
[2019-12-08T11:32:45.171+0000][1][safepoint    ] Application time: 0.6691198 seconds
[2019-12-08T11:32:45.171+0000][1][safepoint    ] Entering safepoint region: Deoptimize
[2019-12-08T11:32:45.171+0000][1][safepoint    ] Leaving safepoint region
[2019-12-08T11:32:45.171+0000][1][safepoint    ] Total time for which application threads were stopped: 0.0004472 seconds, Stopping threads took: 0.0000127 seconds
[2019-12-08T11:32:45.172+0000][1][safepoint    ] Application time: 0.0007468 seconds
[2019-12-08T11:32:45.172+0000][1][safepoint    ] Entering safepoint region: Deoptimize
[2019-12-08T11:32:45.172+0000][1][safepoint    ] Leaving safepoint region
[2019-12-08T11:32:45.172+0000][1][safepoint    ] Total time for which application threads were stopped: 0.0003040 seconds, Stopping threads took: 0.0000124 seconds
[2019-12-08T11:32:46.173+0000][1][safepoint    ] Application time: 1.0005949 seconds
[2019-12-08T11:32:46.173+0000][1][safepoint    ] Entering safepoint region: Cleanup
[2019-12-08T11:32:46.173+0000][1][safepoint    ] Leaving safepoint region
[2019-12-08T11:32:46.173+0000][1][safepoint    ] Total time for which application threads were stopped: 0.0001264 seconds, Stopping threads took: 0.0000509 seconds
[2019-12-08T11:32:46.600+0000][1][safepoint    ] Application time: 0.4268259 seconds
[2019-12-08T11:32:46.600+0000][1][safepoint    ] Entering safepoint region: GenCollectForAllocation
[2019-12-08T11:32:46.600+0000][1][gc,start     ] GC(3) Pause Young (Allocation Failure)
[2019-12-08T11:32:46.600+0000][1][gc,task      ] GC(3) Using 4 workers of 4 for evacuation
[2019-12-08T11:32:46.660+0000][1][gc,age       ] GC(3) Desired survivor size 4456448 bytes, new threshold 3 (max threshold 6)
[2019-12-08T11:32:46.660+0000][1][gc,age       ] GC(3) Age table with threshold 3 (max threshold 6)
[2019-12-08T11:32:46.660+0000][1][gc,age       ] GC(3) - age   1:    3209528 bytes,    3209528 total
[2019-12-08T11:32:46.660+0000][1][gc,age       ] GC(3) - age   2:    1066720 bytes,    4276248 total
[2019-12-08T11:32:46.660+0000][1][gc,age       ] GC(3) - age   3:     949008 bytes,    5225256 total
[2019-12-08T11:32:46.660+0000][1][gc,heap      ] GC(3) ParNew: 72358K->6178K(78656K)
[2019-12-08T11:32:46.660+0000][1][gc,heap      ] GC(3) CMS: 7045K->7045K(174784K)
[2019-12-08T11:32:46.660+0000][1][gc,metaspace ] GC(3) Metaspace: 18436K->18436K(1067008K)
[2019-12-08T11:32:46.660+0000][1][gc           ] GC(3) Pause Young (Allocation Failure) 77M->12M(247M) 60.485ms
[2019-12-08T11:32:46.660+0000][1][gc,cpu       ] GC(3) User=0.04s Sys=0.00s Real=0.06s
[2019-12-08T11:32:46.660+0000][1][safepoint    ] Leaving safepoint region
[2019-12-08T11:32:46.660+0000][1][safepoint    ] Total time for which application threads were stopped: 0.0606195 seconds, Stopping threads took: 0.0000138 seconds
[2019-12-08T11:32:46.664+0000][1][safepoint    ] Application time: 0.0036334 seconds
[2019-12-08T11:32:46.683+0000][1][safepoint    ] Entering safepoint region: BulkRevokeBias
[2019-12-08T11:32:46.683+0000][1][safepoint    ] Leaving safepoint region
[2019-12-08T11:32:46.683+0000][1][safepoint    ] Total time for which application threads were stopped: 0.0189468 seconds, Stopping threads took: 0.0187761 seconds
[2019-12-08T11:32:46.684+0000][1][safepoint    ] Application time: 0.0007199 seconds
[2019-12-08T11:32:46.684+0000][1][safepoint    ] Entering safepoint region: RevokeBias
[2019-12-08T11:32:46.684+0000][1][safepoint    ] Leaving safepoint region
[2019-12-08T11:32:46.684+0000][1][safepoint    ] Total time for which application threads were stopped: 0.0000708 seconds, Stopping threads took: 0.0000113 seconds
[2019-12-08T11:32:46.690+0000][1][safepoint    ] Application time: 0.0066018 seconds
[2019-12-08T11:32:46.700+0000][1][safepoint    ] Entering safepoint region: RevokeBias
[2019-12-08T11:32:46.700+0000][1][safepoint    ] Leaving safepoint region
[2019-12-08T11:32:46.700+0000][1][safepoint    ] Total time for which application threads were stopped: 0.0094614 seconds, Stopping threads took: 0.0093827 seconds
[2019-12-08T11:32:46.700+0000][1][safepoint    ] Application time: 0.0000607 seconds
[2019-12-08T11:32:46.700+0000][1][safepoint    ] Entering safepoint region: RevokeBias
[2019-12-08T11:32:46.700+0000][1][safepoint    ] Leaving safepoint region
[2019-12-08T11:32:46.700+0000][1][safepoint    ] Total time for which application threads were stopped: 0.0000514 seconds, Stopping threads took: 0.0000076 seconds
[2019-12-08T11:32:46.700+0000][1][safepoint    ] Application time: 0.0000563 seconds
[2019-12-08T11:32:46.700+0000][1][safepoint    ] Entering safepoint region: RevokeBias
[2019-12-08T11:32:46.700+0000][1][safepoint    ] Leaving safepoint region
[2019-12-08T11:32:46.700+0000][1][safepoint    ] Total time for which application threads were stopped: 0.0000471 seconds, Stopping threads took: 0.0000066 seconds
[2019-12-08T11:32:46.700+0000][1][safepoint    ] Application time: 0.0000429 seconds
[2019-12-08T11:32:46.700+0000][1][safepoint    ] Entering safepoint region: RevokeBias
[2019-12-08T11:32:46.700+0000][1][safepoint    ] Leaving safepoint region
[2019-12-08T11:32:46.700+0000][1][safepoint    ] Total time for which application threads were stopped: 0.0000447 seconds, Stopping threads took: 0.0000065 seconds
[2019-12-08T11:32:47.326+0000][1][safepoint    ] Application time: 0.6253400 seconds
[2019-12-08T11:32:47.326+0000][1][safepoint    ] Entering safepoint region: GenCollectForAllocation
[2019-12-08T11:32:47.326+0000][1][gc,start     ] GC(4) Pause Young (Allocation Failure)
[2019-12-08T11:32:47.326+0000][1][gc,task      ] GC(4) Using 4 workers of 4 for evacuation
[2019-12-08T11:32:47.383+0000][1][gc,age       ] GC(4) Desired survivor size 4456448 bytes, new threshold 2 (max threshold 6)
[2019-12-08T11:32:47.383+0000][1][gc,age       ] GC(4) Age table with threshold 2 (max threshold 6)
[2019-12-08T11:32:47.383+0000][1][gc,age       ] GC(4) - age   1:    2000816 bytes,    2000816 total
[2019-12-08T11:32:47.383+0000][1][gc,age       ] GC(4) - age   2:    2646944 bytes,    4647760 total
[2019-12-08T11:32:47.383+0000][1][gc,age       ] GC(4) - age   3:    1066720 bytes,    5714480 total
[2019-12-08T11:32:47.383+0000][1][gc,heap      ] GC(4) ParNew: 76130K->7023K(78656K)
[2019-12-08T11:32:47.383+0000][1][gc,heap      ] GC(4) CMS: 7045K->7985K(174784K)
[2019-12-08T11:32:47.383+0000][1][gc,metaspace ] GC(4) Metaspace: 18651K->18651K(1067008K)
[2019-12-08T11:32:47.383+0000][1][gc           ] GC(4) Pause Young (Allocation Failure) 81M->14M(247M) 57.541ms
[2019-12-08T11:32:47.383+0000][1][gc,cpu       ] GC(4) User=0.04s Sys=0.00s Real=0.06s
[2019-12-08T11:32:47.383+0000][1][safepoint    ] Leaving safepoint region
[2019-12-08T11:32:47.383+0000][1][safepoint    ] Total time for which application threads were stopped: 0.0576971 seconds, Stopping threads took: 0.0000142 seconds
[2019-12-08T11:32:47.418+0000][1][safepoint    ] Application time: 0.0343853 seconds
[2019-12-08T11:32:47.425+0000][1][safepoint    ] Entering safepoint region: RevokeBias
[2019-12-08T11:32:47.425+0000][1][safepoint    ] Leaving safepoint region
[2019-12-08T11:32:47.425+0000][1][safepoint    ] Total time for which application threads were stopped: 0.0076350 seconds, Stopping threads took: 0.0075471 seconds
[2019-12-08T11:32:47.433+0000][1][safepoint    ] Application time: 0.0080984 seconds
[2019-12-08T11:32:47.446+0000][1][safepoint    ] Entering safepoint region: RevokeBias
[2019-12-08T11:32:47.446+0000][1][safepoint    ] Leaving safepoint region
[2019-12-08T11:32:47.446+0000][1][safepoint    ] Total time for which application threads were stopped: 0.0123888 seconds, Stopping threads took: 0.0123136 seconds
[2019-12-08T11:32:47.448+0000][1][safepoint    ] Application time: 0.0019227 seconds
[2019-12-08T11:32:47.448+0000][1][safepoint    ] Entering safepoint region: RevokeBias
[2019-12-08T11:32:47.448+0000][1][safepoint    ] Leaving safepoint region
[2019-12-08T11:32:47.448+0000][1][safepoint    ] Total time for which application threads were stopped: 0.0001009 seconds, Stopping threads took: 0.0000289 seconds
[2019-12-08T11:32:47.448+0000][1][safepoint    ] Application time: 0.0000579 seconds
[2019-12-08T11:32:47.448+0000][1][safepoint    ] Entering safepoint region: RevokeBias
[2019-12-08T11:32:47.448+0000][1][safepoint    ] Leaving safepoint region
[2019-12-08T11:32:47.448+0000][1][safepoint    ] Total time for which application threads were stopped: 0.0000382 seconds, Stopping threads took: 0.0000076 seconds
[2019-12-08T11:32:47.485+0000][1][safepoint    ] Application time: 0.0369612 seconds
[2019-12-08T11:32:47.485+0000][1][safepoint    ] Entering safepoint region: Deoptimize
[2019-12-08T11:32:47.485+0000][1][safepoint    ] Leaving safepoint region
[2019-12-08T11:32:47.485+0000][1][safepoint    ] Total time for which application threads were stopped: 0.0004016 seconds, Stopping threads took: 0.0000131 seconds
[2019-12-08T11:32:47.746+0000][1][safepoint    ] Application time: 0.2609836 seconds
[2019-12-08T11:32:47.747+0000][1][safepoint    ] Entering safepoint region: Deoptimize
[2019-12-08T11:32:47.747+0000][1][safepoint    ] Leaving safepoint region
[2019-12-08T11:32:47.747+0000][1][safepoint    ] Total time for which application threads were stopped: 0.0004354 seconds, Stopping threads took: 0.0000127 seconds
[2019-12-08T11:32:48.407+0000][1][safepoint    ] Application time: 0.6597959 seconds
[2019-12-08T11:32:48.407+0000][1][safepoint    ] Entering safepoint region: GenCollectForAllocation
[2019-12-08T11:32:48.407+0000][1][gc,start     ] GC(5) Pause Young (Allocation Failure)
[2019-12-08T11:32:48.407+0000][1][gc,task      ] GC(5) Using 4 workers of 4 for evacuation
[2019-12-08T11:32:48.466+0000][1][gc,age       ] GC(5) Desired survivor size 4456448 bytes, new threshold 6 (max threshold 6)
[2019-12-08T11:32:48.466+0000][1][gc,age       ] GC(5) Age table with threshold 6 (max threshold 6)
[2019-12-08T11:32:48.466+0000][1][gc,age       ] GC(5) - age   1:    2863488 bytes,    2863488 total
[2019-12-08T11:32:48.466+0000][1][gc,age       ] GC(5) - age   2:     442424 bytes,    3305912 total
[2019-12-08T11:32:48.466+0000][1][gc,heap      ] GC(5) ParNew: 76975K->5038K(78656K)
[2019-12-08T11:32:48.466+0000][1][gc,heap      ] GC(5) CMS: 7985K->11642K(174784K)
[2019-12-08T11:32:48.466+0000][1][gc,metaspace ] GC(5) Metaspace: 18991K->18991K(1067008K)
[2019-12-08T11:32:48.466+0000][1][gc           ] GC(5) Pause Young (Allocation Failure) 82M->16M(247M) 59.429ms
[2019-12-08T11:32:48.466+0000][1][gc,cpu       ] GC(5) User=0.03s Sys=0.00s Real=0.06s
[2019-12-08T11:32:48.466+0000][1][safepoint    ] Leaving safepoint region
[2019-12-08T11:32:48.466+0000][1][safepoint    ] Total time for which application threads were stopped: 0.0596238 seconds, Stopping threads took: 0.0000448 seconds
[2019-12-08T11:32:48.476+0000][1][safepoint    ] Application time: 0.0094056 seconds
[2019-12-08T11:32:48.498+0000][1][safepoint    ] Entering safepoint region: RevokeBias
[2019-12-08T11:32:48.498+0000][1][safepoint    ] Leaving safepoint region
[2019-12-08T11:32:48.498+0000][1][safepoint    ] Total time for which application threads were stopped: 0.0220578 seconds, Stopping threads took: 0.0219811 seconds
[2019-12-08T11:32:48.498+0000][1][safepoint    ] Application time: 0.0000756 seconds
[2019-12-08T11:32:48.498+0000][1][safepoint    ] Entering safepoint region: RevokeBias
[2019-12-08T11:32:48.498+0000][1][safepoint    ] Leaving safepoint region
[2019-12-08T11:32:48.498+0000][1][safepoint    ] Total time for which application threads were stopped: 0.0000538 seconds, Stopping threads took: 0.0000100 seconds
[2019-12-08T11:32:48.498+0000][1][safepoint    ] Application time: 0.0000666 seconds
[2019-12-08T11:32:48.498+0000][1][safepoint    ] Entering safepoint region: RevokeBias
[2019-12-08T11:32:48.498+0000][1][safepoint    ] Leaving safepoint region
[2019-12-08T11:32:48.498+0000][1][safepoint    ] Total time for which application threads were stopped: 0.0000507 seconds, Stopping threads took: 0.0000080 seconds
[2019-12-08T11:32:48.498+0000][1][safepoint    ] Application time: 0.0000533 seconds
[2019-12-08T11:32:48.498+0000][1][safepoint    ] Entering safepoint region: RevokeBias
[2019-12-08T11:32:48.498+0000][1][safepoint    ] Leaving safepoint region
[2019-12-08T11:32:48.498+0000][1][safepoint    ] Total time for which application threads were stopped: 0.0000483 seconds, Stopping threads took: 0.0000084 seconds
[2019-12-08T11:32:48.498+0000][1][safepoint    ] Application time: 0.0000586 seconds
[2019-12-08T11:32:48.498+0000][1][safepoint    ] Entering safepoint region: RevokeBias
[2019-12-08T11:32:48.498+0000][1][safepoint    ] Leaving safepoint region
[2019-12-08T11:32:48.498+0000][1][safepoint    ] Total time for which application threads were stopped: 0.0000479 seconds, Stopping threads took: 0.0000084 seconds
[2019-12-08T11:32:48.498+0000][1][safepoint    ] Application time: 0.0000516 seconds
[2019-12-08T11:32:48.499+0000][1][safepoint    ] Entering safepoint region: RevokeBias
[2019-12-08T11:32:48.499+0000][1][safepoint    ] Leaving safepoint region
[2019-12-08T11:32:48.499+0000][1][safepoint    ] Total time for which application threads were stopped: 0.0000467 seconds, Stopping threads took: 0.0000083 seconds
[2019-12-08T11:32:48.923+0000][1][safepoint    ] Application time: 0.4248253 seconds
[2019-12-08T11:32:48.923+0000][1][safepoint    ] Entering safepoint region: RevokeBias
[2019-12-08T11:32:48.923+0000][1][safepoint    ] Leaving safepoint region
[2019-12-08T11:32:48.923+0000][1][safepoint    ] Total time for which application threads were stopped: 0.0000717 seconds, Stopping threads took: 0.0000122 seconds
[2019-12-08T11:32:48.939+0000][1][safepoint    ] Application time: 0.0154309 seconds
[2019-12-08T11:32:48.939+0000][1][safepoint    ] Entering safepoint region: RevokeBias
[2019-12-08T11:32:48.939+0000][1][safepoint    ] Leaving safepoint region
[2019-12-08T11:32:48.939+0000][1][safepoint    ] Total time for which application threads were stopped: 0.0000652 seconds, Stopping threads took: 0.0000130 seconds
[2019-12-08T11:32:49.100+0000][1][safepoint    ] Application time: 0.1606990 seconds
[2019-12-08T11:32:49.100+0000][1][safepoint    ] Entering safepoint region: GenCollectForAllocation
[2019-12-08T11:32:49.100+0000][1][gc,start     ] GC(6) Pause Young (Allocation Failure)
[2019-12-08T11:32:49.100+0000][1][gc,task      ] GC(6) Using 4 workers of 4 for evacuation
[2019-12-08T11:32:49.146+0000][1][gc,age       ] GC(6) Desired survivor size 4456448 bytes, new threshold 6 (max threshold 6)
[2019-12-08T11:32:49.146+0000][1][gc,age       ] GC(6) Age table with threshold 6 (max threshold 6)
[2019-12-08T11:32:49.146+0000][1][gc,age       ] GC(6) - age   1:    1595208 bytes,    1595208 total
[2019-12-08T11:32:49.146+0000][1][gc,age       ] GC(6) - age   2:    2191168 bytes,    3786376 total
[2019-12-08T11:32:49.146+0000][1][gc,age       ] GC(6) - age   3:     442424 bytes,    4228800 total
[2019-12-08T11:32:49.146+0000][1][gc,heap      ] GC(6) ParNew: 74990K->5156K(78656K)
[2019-12-08T11:32:49.146+0000][1][gc,heap      ] GC(6) CMS: 11642K->11642K(174784K)
[2019-12-08T11:32:49.146+0000][1][gc,metaspace ] GC(6) Metaspace: 19293K->19293K(1067008K)
[2019-12-08T11:32:49.146+0000][1][gc           ] GC(6) Pause Young (Allocation Failure) 84M->16M(247M) 46.069ms
[2019-12-08T11:32:49.146+0000][1][gc,cpu       ] GC(6) User=0.02s Sys=0.00s Real=0.05s
[2019-12-08T11:32:49.146+0000][1][safepoint    ] Leaving safepoint region
[2019-12-08T11:32:49.146+0000][1][safepoint    ] Total time for which application threads were stopped: 0.0462008 seconds, Stopping threads took: 0.0000168 seconds
[2019-12-08T11:32:49.162+0000][1][safepoint    ] Application time: 0.0158342 seconds
[2019-12-08T11:32:49.180+0000][1][safepoint    ] Entering safepoint region: RevokeBias
[2019-12-08T11:32:49.180+0000][1][safepoint    ] Leaving safepoint region
[2019-12-08T11:32:49.180+0000][1][safepoint    ] Total time for which application threads were stopped: 0.0180855 seconds, Stopping threads took: 0.0180152 seconds
[2019-12-08T11:32:49.180+0000][1][safepoint    ] Application time: 0.0000780 seconds
[2019-12-08T11:32:49.180+0000][1][safepoint    ] Entering safepoint region: RevokeBias
[2019-12-08T11:32:49.180+0000][1][safepoint    ] Leaving safepoint region
[2019-12-08T11:32:49.180+0000][1][safepoint    ] Total time for which application threads were stopped: 0.0000576 seconds, Stopping threads took: 0.0000093 seconds
[2019-12-08T11:32:49.180+0000][1][safepoint    ] Application time: 0.0000605 seconds
[2019-12-08T11:32:49.180+0000][1][safepoint    ] Entering safepoint region: BulkRevokeBias
[2019-12-08T11:32:49.180+0000][1][safepoint    ] Leaving safepoint region
[2019-12-08T11:32:49.180+0000][1][safepoint    ] Total time for which application threads were stopped: 0.0000834 seconds, Stopping threads took: 0.0000073 seconds
[2019-12-08T11:32:49.180+0000][1][safepoint    ] Application time: 0.0000491 seconds
[2019-12-08T11:32:49.180+0000][1][safepoint    ] Entering safepoint region: BulkRevokeBias
[2019-12-08T11:32:49.180+0000][1][safepoint    ] Leaving safepoint region
[2019-12-08T11:32:49.180+0000][1][safepoint    ] Total time for which application threads were stopped: 0.0000753 seconds, Stopping threads took: 0.0000074 seconds
[2019-12-08T11:32:49.588+0000][1][safepoint    ] Application time: 0.4078297 seconds
[2019-12-08T11:32:49.588+0000][1][safepoint    ] Entering safepoint region: GenCollectForAllocation
[2019-12-08T11:32:49.588+0000][1][gc,start     ] GC(7) Pause Young (Allocation Failure)
[2019-12-08T11:32:49.588+0000][1][gc,task      ] GC(7) Using 4 workers of 4 for evacuation
[2019-12-08T11:32:49.642+0000][1][gc,age       ] GC(7) Desired survivor size 4456448 bytes, new threshold 6 (max threshold 6)
[2019-12-08T11:32:49.642+0000][1][gc,age       ] GC(7) Age table with threshold 6 (max threshold 6)
[2019-12-08T11:32:49.642+0000][1][gc,age       ] GC(7) - age   1:     396160 bytes,     396160 total
[2019-12-08T11:32:49.642+0000][1][gc,age       ] GC(7) - age   2:    1129680 bytes,    1525840 total
[2019-12-08T11:32:49.642+0000][1][gc,age       ] GC(7) - age   3:    2191088 bytes,    3716928 total
[2019-12-08T11:32:49.642+0000][1][gc,age       ] GC(7) - age   4:     442424 bytes,    4159352 total
[2019-12-08T11:32:49.642+0000][1][gc,heap      ] GC(7) ParNew: 75108K->6302K(78656K)
[2019-12-08T11:32:49.642+0000][1][gc,heap      ] GC(7) CMS: 11642K->11642K(174784K)
[2019-12-08T11:32:49.642+0000][1][gc,metaspace ] GC(7) Metaspace: 19570K->19570K(1067008K)
[2019-12-08T11:32:49.642+0000][1][gc           ] GC(7) Pause Young (Allocation Failure) 84M->17M(247M) 54.101ms
[2019-12-08T11:32:49.642+0000][1][gc,cpu       ] GC(7) User=0.03s Sys=0.00s Real=0.06s
[2019-12-08T11:32:49.643+0000][1][safepoint    ] Leaving safepoint region
[2019-12-08T11:32:49.643+0000][1][safepoint    ] Total time for which application threads were stopped: 0.0542465 seconds, Stopping threads took: 0.0000141 seconds
[2019-12-08T11:32:50.193+0000][1][safepoint    ] Application time: 0.5506566 seconds
[2019-12-08T11:32:50.193+0000][1][safepoint    ] Entering safepoint region: CollectForMetadataAllocation
[2019-12-08T11:32:50.193+0000][1][safepoint    ] Leaving safepoint region
[2019-12-08T11:32:50.193+0000][1][safepoint    ] Total time for which application threads were stopped: 0.0002623 seconds, Stopping threads took: 0.0000147 seconds
[2019-12-08T11:32:50.354+0000][1][safepoint    ] Application time: 0.1604262 seconds
[2019-12-08T11:32:50.354+0000][1][safepoint    ] Entering safepoint region: CollectForMetadataAllocation
[2019-12-08T11:32:50.354+0000][1][safepoint    ] Leaving safepoint region
[2019-12-08T11:32:50.354+0000][1][safepoint    ] Total time for which application threads were stopped: 0.0002438 seconds, Stopping threads took: 0.0000133 seconds
[2019-12-08T11:32:50.786+0000][1][safepoint    ] Application time: 0.4321452 seconds
[2019-12-08T11:32:50.786+0000][1][safepoint    ] Entering safepoint region: GenCollectForAllocation
[2019-12-08T11:32:50.786+0000][1][gc,start     ] GC(8) Pause Young (Allocation Failure)
[2019-12-08T11:32:50.787+0000][1][gc,task      ] GC(8) Using 4 workers of 4 for evacuation
[2019-12-08T11:32:50.866+0000][1][gc,age       ] GC(8) Desired survivor size 4456448 bytes, new threshold 4 (max threshold 6)
[2019-12-08T11:32:50.866+0000][1][gc,age       ] GC(8) Age table with threshold 4 (max threshold 6)
[2019-12-08T11:32:50.866+0000][1][gc,age       ] GC(8) - age   1:     979904 bytes,     979904 total
[2019-12-08T11:32:50.866+0000][1][gc,age       ] GC(8) - age   2:     378688 bytes,    1358592 total
[2019-12-08T11:32:50.866+0000][1][gc,age       ] GC(8) - age   3:    1129536 bytes,    2488128 total
[2019-12-08T11:32:50.866+0000][1][gc,age       ] GC(8) - age   4:    2188872 bytes,    4677000 total
[2019-12-08T11:32:50.866+0000][1][gc,age       ] GC(8) - age   5:     442424 bytes,    5119424 total
[2019-12-08T11:32:50.866+0000][1][gc,heap      ] GC(8) ParNew: 76254K->7501K(78656K)
[2019-12-08T11:32:50.866+0000][1][gc,heap      ] GC(8) CMS: 11642K->11642K(174784K)
[2019-12-08T11:32:50.866+0000][1][gc,metaspace ] GC(8) Metaspace: 20380K->20380K(1069056K)
[2019-12-08T11:32:50.866+0000][1][gc           ] GC(8) Pause Young (Allocation Failure) 85M->18M(247M) 79.501ms
[2019-12-08T11:32:50.866+0000][1][gc,cpu       ] GC(8) User=0.02s Sys=0.00s Real=0.08s
[2019-12-08T11:32:50.866+0000][1][safepoint    ] Leaving safepoint region
[2019-12-08T11:32:50.866+0000][1][safepoint    ] Total time for which application threads were stopped: 0.0796462 seconds, Stopping threads took: 0.0000145 seconds
[2019-12-08T11:32:50.882+0000][1][safepoint    ] Application time: 0.0158126 seconds
[2019-12-08T11:32:50.888+0000][1][safepoint    ] Entering safepoint region: CMS_Initial_Mark
[2019-12-08T11:32:50.888+0000][1][gc,start     ] GC(9) Pause Initial Mark
[2019-12-08T11:32:50.893+0000][1][gc           ] GC(9) Pause Initial Mark 24M->24M(247M) 4.439ms
[2019-12-08T11:32:50.893+0000][1][gc,cpu       ] GC(9) User=0.01s Sys=0.00s Real=0.01s
[2019-12-08T11:32:50.893+0000][1][safepoint    ] Leaving safepoint region
[2019-12-08T11:32:50.893+0000][1][safepoint    ] Total time for which application threads were stopped: 0.0110476 seconds, Stopping threads took: 0.0065116 seconds
[2019-12-08T11:32:50.893+0000][1][gc           ] GC(9) Concurrent Mark
[2019-12-08T11:32:50.966+0000][1][gc           ] GC(9) Concurrent Mark 72.905ms
[2019-12-08T11:32:50.966+0000][1][gc,cpu       ] GC(9) User=0.03s Sys=0.00s Real=0.07s
[2019-12-08T11:32:50.966+0000][1][gc           ] GC(9) Concurrent Preclean
[2019-12-08T11:32:50.966+0000][1][gc           ] GC(9) Concurrent Preclean 0.441ms
[2019-12-08T11:32:50.966+0000][1][gc,cpu       ] GC(9) User=0.00s Sys=0.00s Real=0.00s
[2019-12-08T11:32:50.966+0000][1][gc           ] GC(9) Concurrent Abortable Preclean
[2019-12-08T11:32:51.745+0000][1][safepoint    ] Application time: 0.8517923 seconds
[2019-12-08T11:32:51.745+0000][1][safepoint    ] Entering safepoint region: GenCollectForAllocation
[2019-12-08T11:32:51.745+0000][1][gc,start     ] GC(10) Pause Young (Allocation Failure)
[2019-12-08T11:32:51.745+0000][1][gc,task      ] GC(10) Using 4 workers of 4 for evacuation
[2019-12-08T11:32:51.868+0000][1][gc,age       ] GC(10) Desired survivor size 4456448 bytes, new threshold 6 (max threshold 6)
[2019-12-08T11:32:51.868+0000][1][gc,age       ] GC(10) Age table with threshold 6 (max threshold 6)
[2019-12-08T11:32:51.868+0000][1][gc,age       ] GC(10) - age   1:    1215112 bytes,    1215112 total
[2019-12-08T11:32:51.868+0000][1][gc,age       ] GC(10) - age   2:     641352 bytes,    1856464 total
[2019-12-08T11:32:51.868+0000][1][gc,age       ] GC(10) - age   3:     378688 bytes,    2235152 total
[2019-12-08T11:32:51.868+0000][1][gc,age       ] GC(10) - age   4:    1129536 bytes,    3364688 total
[2019-12-08T11:32:51.868+0000][1][gc,heap      ] GC(10) ParNew: 77453K->5490K(78656K)
[2019-12-08T11:32:51.868+0000][1][gc,heap      ] GC(10) CMS: 11642K->14270K(174784K)
[2019-12-08T11:32:51.868+0000][1][gc,metaspace ] GC(10) Metaspace: 20492K->20492K(1069056K)
[2019-12-08T11:32:51.869+0000][1][gc           ] GC(10) Pause Young (Allocation Failure) 87M->19M(247M) 123.644ms
[2019-12-08T11:32:51.869+0000][1][gc,cpu       ] GC(10) User=0.02s Sys=0.00s Real=0.12s
[2019-12-08T11:32:51.869+0000][1][safepoint    ] Leaving safepoint region
[2019-12-08T11:32:51.869+0000][1][safepoint    ] Total time for which application threads were stopped: 0.1237804 seconds, Stopping threads took: 0.0000132 seconds
[2019-12-08T11:32:52.284+0000][1][gc           ] GC(9) Concurrent Abortable Preclean 1317.281ms
[2019-12-08T11:32:52.284+0000][1][gc,cpu       ] GC(9) User=0.61s Sys=0.02s Real=1.32s
[2019-12-08T11:32:52.284+0000][1][safepoint    ] Application time: 0.4152306 seconds
[2019-12-08T11:32:52.284+0000][1][safepoint    ] Entering safepoint region: CMS_Final_Remark
[2019-12-08T11:32:52.284+0000][1][gc,start     ] GC(9) Pause Remark
[2019-12-08T11:32:52.414+0000][1][gc           ] GC(9) Pause Remark 65M->65M(247M) 130.524ms
[2019-12-08T11:32:52.414+0000][1][gc,cpu       ] GC(9) User=0.06s Sys=0.00s Real=0.13s
[2019-12-08T11:32:52.414+0000][1][safepoint    ] Leaving safepoint region
[2019-12-08T11:32:52.414+0000][1][safepoint    ] Total time for which application threads were stopped: 0.1306690 seconds, Stopping threads took: 0.0000123 seconds
[2019-12-08T11:32:52.419+0000][1][gc           ] GC(9) Concurrent Sweep
[2019-12-08T11:32:52.435+0000][1][gc           ] GC(9) Concurrent Sweep 16.537ms
[2019-12-08T11:32:52.435+0000][1][gc,cpu       ] GC(9) User=0.01s Sys=0.00s Real=0.02s
[2019-12-08T11:32:52.435+0000][1][gc           ] GC(9) Concurrent Reset
[2019-12-08T11:32:52.436+0000][1][gc           ] GC(9) Concurrent Reset 0.291ms
[2019-12-08T11:32:52.436+0000][1][gc,cpu       ] GC(9) User=0.00s Sys=0.00s Real=0.00s
[2019-12-08T11:32:52.436+0000][1][gc,heap      ] GC(9) Old: 11642K->14261K(174784K)
[2019-12-08T11:32:52.685+0000][1][safepoint    ] Application time: 0.2702237 seconds
[2019-12-08T11:32:52.685+0000][1][safepoint    ] Entering safepoint region: GenCollectForAllocation
[2019-12-08T11:32:52.685+0000][1][gc,start     ] GC(11) Pause Young (Allocation Failure)
[2019-12-08T11:32:52.685+0000][1][gc,task      ] GC(11) Using 4 workers of 4 for evacuation
[2019-12-08T11:32:52.701+0000][1][gc,age       ] GC(11) Desired survivor size 4456448 bytes, new threshold 6 (max threshold 6)
[2019-12-08T11:32:52.701+0000][1][gc,age       ] GC(11) Age table with threshold 6 (max threshold 6)
[2019-12-08T11:32:52.701+0000][1][gc,age       ] GC(11) - age   1:    1003040 bytes,    1003040 total
[2019-12-08T11:32:52.701+0000][1][gc,age       ] GC(11) - age   2:      98056 bytes,    1101096 total
[2019-12-08T11:32:52.701+0000][1][gc,age       ] GC(11) - age   3:     641304 bytes,    1742400 total
[2019-12-08T11:32:52.701+0000][1][gc,age       ] GC(11) - age   4:     378584 bytes,    2120984 total
[2019-12-08T11:32:52.701+0000][1][gc,age       ] GC(11) - age   5:    1129248 bytes,    3250232 total
[2019-12-08T11:32:52.701+0000][1][gc,heap      ] GC(11) ParNew: 75442K->3480K(78656K)
[2019-12-08T11:32:52.701+0000][1][gc,heap      ] GC(11) CMS: 14261K->14261K(174784K)
[2019-12-08T11:32:52.701+0000][1][gc,metaspace ] GC(11) Metaspace: 20575K->20575K(1069056K)
[2019-12-08T11:32:52.701+0000][1][gc           ] GC(11) Pause Young (Allocation Failure) 87M->17M(247M) 15.835ms
[2019-12-08T11:32:52.701+0000][1][gc,cpu       ] GC(11) User=0.01s Sys=0.00s Real=0.02s
[2019-12-08T11:32:52.701+0000][1][safepoint    ] Leaving safepoint region
[2019-12-08T11:32:52.701+0000][1][safepoint    ] Total time for which application threads were stopped: 0.0163400 seconds, Stopping threads took: 0.0000138 seconds
[2019-12-08T11:32:53.596+0000][1][safepoint    ] Application time: 0.8949738 seconds
[2019-12-08T11:32:53.596+0000][1][safepoint    ] Entering safepoint region: Deoptimize
[2019-12-08T11:32:53.597+0000][1][safepoint    ] Leaving safepoint region
[2019-12-08T11:32:53.597+0000][1][safepoint    ] Total time for which application threads were stopped: 0.0004771 seconds, Stopping threads took: 0.0000134 seconds
[2019-12-08T11:32:54.607+0000][1][safepoint    ] Application time: 1.0102132 seconds
[2019-12-08T11:32:54.644+0000][1][safepoint    ] Entering safepoint region: Cleanup
[2019-12-08T11:32:54.644+0000][1][safepoint    ] Leaving safepoint region
[2019-12-08T11:32:54.644+0000][1][safepoint    ] Total time for which application threads were stopped: 0.0372687 seconds, Stopping threads took: 0.0372093 seconds
[2019-12-08T11:32:55.078+0000][1][safepoint    ] Application time: 0.4335563 seconds
[2019-12-08T11:32:55.078+0000][1][safepoint    ] Entering safepoint region: GenCollectForAllocation
[2019-12-08T11:32:55.078+0000][1][gc,start     ] GC(12) Pause Young (Allocation Failure)
[2019-12-08T11:32:55.078+0000][1][gc,task      ] GC(12) Using 4 workers of 4 for evacuation
[2019-12-08T11:32:55.144+0000][1][gc,age       ] GC(12) Desired survivor size 4456448 bytes, new threshold 6 (max threshold 6)
[2019-12-08T11:32:55.144+0000][1][gc,age       ] GC(12) Age table with threshold 6 (max threshold 6)
[2019-12-08T11:32:55.144+0000][1][gc,age       ] GC(12) - age   1:    1114816 bytes,    1114816 total
[2019-12-08T11:32:55.144+0000][1][gc,age       ] GC(12) - age   2:     306080 bytes,    1420896 total
[2019-12-08T11:32:55.144+0000][1][gc,age       ] GC(12) - age   3:      98056 bytes,    1518952 total
[2019-12-08T11:32:55.144+0000][1][gc,age       ] GC(12) - age   4:     641240 bytes,    2160192 total
[2019-12-08T11:32:55.144+0000][1][gc,age       ] GC(12) - age   5:     378584 bytes,    2538776 total
[2019-12-08T11:32:55.144+0000][1][gc,age       ] GC(12) - age   6:    1129248 bytes,    3668024 total
[2019-12-08T11:32:55.144+0000][1][gc,heap      ] GC(12) ParNew: 73432K->4607K(78656K)
[2019-12-08T11:32:55.144+0000][1][gc,heap      ] GC(12) CMS: 14261K->14261K(174784K)
[2019-12-08T11:32:55.144+0000][1][gc,metaspace ] GC(12) Metaspace: 22808K->22808K(1071104K)
[2019-12-08T11:32:55.144+0000][1][gc           ] GC(12) Pause Young (Allocation Failure) 85M->18M(247M) 66.201ms
[2019-12-08T11:32:55.144+0000][1][gc,cpu       ] GC(12) User=0.02s Sys=0.00s Real=0.07s
[2019-12-08T11:32:55.144+0000][1][safepoint    ] Leaving safepoint region
[2019-12-08T11:32:55.144+0000][1][safepoint    ] Total time for which application threads were stopped: 0.0663454 seconds, Stopping threads took: 0.0000131 seconds
[2019-12-08T11:32:55.883+0000][1][safepoint    ] Application time: 0.7391854 seconds
[2019-12-08T11:32:55.883+0000][1][safepoint    ] Entering safepoint region: Deoptimize
[2019-12-08T11:32:55.884+0000][1][safepoint    ] Leaving safepoint region
[2019-12-08T11:32:55.884+0000][1][safepoint    ] Total time for which application threads were stopped: 0.0007755 seconds, Stopping threads took: 0.0000777 seconds
[2019-12-08T11:32:56.623+0000][1][safepoint    ] Application time: 0.7387304 seconds
[2019-12-08T11:32:56.623+0000][1][safepoint    ] Entering safepoint region: Deoptimize
[2019-12-08T11:32:56.623+0000][1][safepoint    ] Leaving safepoint region
[2019-12-08T11:32:56.623+0000][1][safepoint    ] Total time for which application threads were stopped: 0.0004859 seconds, Stopping threads took: 0.0000139 seconds
[2019-12-08T11:32:56.689+0000][1][safepoint    ] Application time: 0.0655904 seconds
[2019-12-08T11:32:56.689+0000][1][safepoint    ] Entering safepoint region: Deoptimize
[2019-12-08T11:32:56.689+0000][1][safepoint    ] Leaving safepoint region
[2019-12-08T11:32:56.689+0000][1][safepoint    ] Total time for which application threads were stopped: 0.0004852 seconds, Stopping threads took: 0.0000148 seconds
[2019-12-08T11:32:56.719+0000][1][safepoint    ] Application time: 0.0293322 seconds
[2019-12-08T11:32:56.719+0000][1][safepoint    ] Entering safepoint region: Deoptimize
[2019-12-08T11:32:56.719+0000][1][safepoint    ] Leaving safepoint region
[2019-12-08T11:32:56.719+0000][1][safepoint    ] Total time for which application threads were stopped: 0.0004818 seconds, Stopping threads took: 0.0000153 seconds
[2019-12-08T11:32:56.799+0000][1][safepoint    ] Application time: 0.0798248 seconds
[2019-12-08T11:32:56.799+0000][1][safepoint    ] Entering safepoint region: RevokeBias
[2019-12-08T11:32:56.799+0000][1][safepoint    ] Leaving safepoint region
[2019-12-08T11:32:56.799+0000][1][safepoint    ] Total time for which application threads were stopped: 0.0000663 seconds, Stopping threads took: 0.0000156 seconds
[2019-12-08T11:32:57.812+0000][1][safepoint    ] Application time: 1.0124369 seconds
[2019-12-08T11:32:57.860+0000][1][safepoint    ] Entering safepoint region: Cleanup
[2019-12-08T11:32:57.860+0000][1][safepoint    ] Leaving safepoint region
[2019-12-08T11:32:57.860+0000][1][safepoint    ] Total time for which application threads were stopped: 0.0480969 seconds, Stopping threads took: 0.0480515 seconds
[2019-12-08T11:32:58.860+0000][1][safepoint    ] Application time: 1.0003210 seconds
[2019-12-08T11:32:58.901+0000][1][safepoint    ] Entering safepoint region: Cleanup
[2019-12-08T11:32:58.901+0000][1][safepoint    ] Leaving safepoint region
[2019-12-08T11:32:58.901+0000][1][safepoint    ] Total time for which application threads were stopped: 0.0408000 seconds, Stopping threads took: 0.0405422 seconds
[2019-12-08T11:32:59.903+0000][1][safepoint    ] Application time: 1.0023305 seconds
[2019-12-08T11:32:59.971+0000][1][safepoint    ] Entering safepoint region: Cleanup
[2019-12-08T11:32:59.971+0000][1][safepoint    ] Leaving safepoint region
[2019-12-08T11:32:59.971+0000][1][safepoint    ] Total time for which application threads were stopped: 0.0679974 seconds, Stopping threads took: 0.0679216 seconds
[2019-12-08T11:33:00.979+0000][1][safepoint    ] Application time: 1.0073256 seconds
[2019-12-08T11:33:00.979+0000][1][safepoint    ] Entering safepoint region: Cleanup
[2019-12-08T11:33:00.979+0000][1][safepoint    ] Leaving safepoint region
[2019-12-08T11:33:00.979+0000][1][safepoint    ] Total time for which application threads were stopped: 0.0001852 seconds, Stopping threads took: 0.0001073 seconds
[2019-12-08T11:33:01.295+0000][1][safepoint    ] Application time: 0.3165395 seconds
[2019-12-08T11:33:01.296+0000][1][safepoint    ] Entering safepoint region: GenCollectForAllocation
[2019-12-08T11:33:01.296+0000][1][gc,start     ] GC(13) Pause Young (Allocation Failure)
[2019-12-08T11:33:01.296+0000][1][gc,task      ] GC(13) Using 4 workers of 4 for evacuation
[2019-12-08T11:33:01.688+0000][1][gc,age       ] GC(13) Desired survivor size 4456448 bytes, new threshold 1 (max threshold 6)
[2019-12-08T11:33:01.688+0000][1][gc,age       ] GC(13) Age table with threshold 1 (max threshold 6)
[2019-12-08T11:33:01.688+0000][1][gc,age       ] GC(13) - age   1:    6480000 bytes,    6480000 total
[2019-12-08T11:33:01.688+0000][1][gc,age       ] GC(13) - age   2:    1013760 bytes,    7493760 total
[2019-12-08T11:33:01.688+0000][1][gc,age       ] GC(13) - age   3:     305816 bytes,    7799576 total
[2019-12-08T11:33:01.688+0000][1][gc,age       ] GC(13) - age   4:      97904 bytes,    7897480 total
[2019-12-08T11:33:01.688+0000][1][gc,age       ] GC(13) - age   5:     638200 bytes,    8535680 total
[2019-12-08T11:33:01.688+0000][1][gc,age       ] GC(13) - age   6:     376392 bytes,    8912072 total
[2019-12-08T11:33:01.688+0000][1][gc,heap      ] GC(13) ParNew: 74559K->8704K(78656K)
[2019-12-08T11:33:01.688+0000][1][gc,heap      ] GC(13) CMS: 14261K->21482K(174784K)
[2019-12-08T11:33:01.688+0000][1][gc,metaspace ] GC(13) Metaspace: 27170K->27170K(1075200K)
[2019-12-08T11:33:01.688+0000][1][gc           ] GC(13) Pause Young (Allocation Failure) 86M->29M(247M) 392.240ms
[2019-12-08T11:33:01.688+0000][1][gc,cpu       ] GC(13) User=0.09s Sys=0.00s Real=0.39s
[2019-12-08T11:33:01.688+0000][1][safepoint    ] Leaving safepoint region
[2019-12-08T11:33:01.688+0000][1][safepoint    ] Total time for which application threads were stopped: 0.3924018 seconds, Stopping threads took: 0.0000135 seconds
[2019-12-08T11:33:02.692+0000][1][safepoint    ] Application time: 1.0037826 seconds
[2019-12-08T11:33:02.731+0000][1][safepoint    ] Entering safepoint region: Cleanup
[2019-12-08T11:33:02.731+0000][1][safepoint    ] Leaving safepoint region
[2019-12-08T11:33:02.731+0000][1][safepoint    ] Total time for which application threads were stopped: 0.0390894 seconds, Stopping threads took: 0.0390396 seconds
[2019-12-08T11:33:04.754+0000][1][safepoint    ] Application time: 2.0231153 seconds
[2019-12-08T11:33:04.754+0000][1][safepoint    ] Entering safepoint region: GenCollectForAllocation
[2019-12-08T11:33:04.754+0000][1][gc,start     ] GC(14) Pause Young (Allocation Failure)
[2019-12-08T11:33:04.754+0000][1][gc,task      ] GC(14) Using 4 workers of 4 for evacuation
[2019-12-08T11:33:05.091+0000][1][gc,age       ] GC(14) Desired survivor size 4456448 bytes, new threshold 1 (max threshold 6)
[2019-12-08T11:33:05.091+0000][1][gc,age       ] GC(14) Age table with threshold 1 (max threshold 6)
[2019-12-08T11:33:05.091+0000][1][gc,age       ] GC(14) - age   1:    8912736 bytes,    8912736 total
[2019-12-08T11:33:05.091+0000][1][gc,heap      ] GC(14) ParNew: 78656K->8704K(78656K)
[2019-12-08T11:33:05.091+0000][1][gc,heap      ] GC(14) CMS: 21482K->34489K(174784K)
[2019-12-08T11:33:05.091+0000][1][gc,metaspace ] GC(14) Metaspace: 27197K->27197K(1075200K)
[2019-12-08T11:33:05.091+0000][1][gc           ] GC(14) Pause Young (Allocation Failure) 97M->42M(247M) 337.232ms
[2019-12-08T11:33:05.091+0000][1][gc,cpu       ] GC(14) User=0.17s Sys=0.00s Real=0.34s
[2019-12-08T11:33:05.091+0000][1][safepoint    ] Leaving safepoint region
[2019-12-08T11:33:05.091+0000][1][safepoint    ] Total time for which application threads were stopped: 0.3373738 seconds, Stopping threads took: 0.0000206 seconds
[2019-12-08T11:33:06.093+0000][1][safepoint    ] Application time: 1.0013268 seconds
[2019-12-08T11:33:06.131+0000][1][safepoint    ] Entering safepoint region: Cleanup
[2019-12-08T11:33:06.131+0000][1][safepoint    ] Leaving safepoint region
[2019-12-08T11:33:06.131+0000][1][safepoint    ] Total time for which application threads were stopped: 0.0382141 seconds, Stopping threads took: 0.0381703 seconds
[2019-12-08T11:33:06.362+0000][1][safepoint    ] Application time: 0.2314047 seconds
[2019-12-08T11:33:06.362+0000][1][safepoint    ] Entering safepoint region: RevokeBias
[2019-12-08T11:33:06.362+0000][1][safepoint    ] Leaving safepoint region
[2019-12-08T11:33:06.362+0000][1][safepoint    ] Total time for which application threads were stopped: 0.0000846 seconds, Stopping threads took: 0.0000139 seconds
[2019-12-08T11:33:07.368+0000][1][safepoint    ] Application time: 1.0052065 seconds
[2019-12-08T11:33:07.435+0000][1][safepoint    ] Entering safepoint region: Cleanup
[2019-12-08T11:33:07.435+0000][1][safepoint    ] Leaving safepoint region
[2019-12-08T11:33:07.435+0000][1][safepoint    ] Total time for which application threads were stopped: 0.0670724 seconds, Stopping threads took: 0.0670044 seconds
[2019-12-08T11:33:08.130+0000][1][safepoint    ] Application time: 0.6948307 seconds
[2019-12-08T11:33:08.130+0000][1][safepoint    ] Entering safepoint region: RevokeBias
[2019-12-08T11:33:08.130+0000][1][safepoint    ] Leaving safepoint region
[2019-12-08T11:33:08.130+0000][1][safepoint    ] Total time for which application threads were stopped: 0.0001251 seconds, Stopping threads took: 0.0000142 seconds
[2019-12-08T11:33:09.135+0000][1][safepoint    ] Application time: 1.0049224 seconds
[2019-12-08T11:33:09.207+0000][1][safepoint    ] Entering safepoint region: Cleanup
[2019-12-08T11:33:09.207+0000][1][safepoint    ] Leaving safepoint region
[2019-12-08T11:33:09.207+0000][1][safepoint    ] Total time for which application threads were stopped: 0.0721214 seconds, Stopping threads took: 0.0720194 seconds
[2019-12-08T11:33:09.246+0000][1][safepoint    ] Application time: 0.0386651 seconds
[2019-12-08T11:33:09.246+0000][1][safepoint    ] Entering safepoint region: GenCollectForAllocation
[2019-12-08T11:33:09.246+0000][1][gc,start     ] GC(15) Pause Young (Allocation Failure)
[2019-12-08T11:33:09.246+0000][1][gc,task      ] GC(15) Using 4 workers of 4 for evacuation
[2019-12-08T11:33:09.521+0000][1][gc,age       ] GC(15) Desired survivor size 4456448 bytes, new threshold 1 (max threshold 6)
[2019-12-08T11:33:09.521+0000][1][gc,age       ] GC(15) Age table with threshold 1 (max threshold 6)
[2019-12-08T11:33:09.521+0000][1][gc,age       ] GC(15) - age   1:    8043496 bytes,    8043496 total
[2019-12-08T11:33:09.521+0000][1][gc,heap      ] GC(15) ParNew: 78656K->8704K(78656K)
[2019-12-08T11:33:09.521+0000][1][gc,heap      ] GC(15) CMS: 34489K->46956K(174784K)
[2019-12-08T11:33:09.521+0000][1][gc,metaspace ] GC(15) Metaspace: 29538K->29538K(1077248K)
[2019-12-08T11:33:09.521+0000][1][gc           ] GC(15) Pause Young (Allocation Failure) 110M->54M(247M) 275.344ms
[2019-12-08T11:33:09.521+0000][1][gc,cpu       ] GC(15) User=0.15s Sys=0.00s Real=0.28s
[2019-12-08T11:33:09.521+0000][1][safepoint    ] Leaving safepoint region
[2019-12-08T11:33:09.521+0000][1][safepoint    ] Total time for which application threads were stopped: 0.2754914 seconds, Stopping threads took: 0.0000136 seconds
[2019-12-08T11:33:10.320+0000][1][safepoint    ] Application time: 0.7985768 seconds
[2019-12-08T11:33:10.320+0000][1][safepoint    ] Entering safepoint region: RevokeBias
[2019-12-08T11:33:10.320+0000][1][safepoint    ] Leaving safepoint region
[2019-12-08T11:33:10.320+0000][1][safepoint    ] Total time for which application threads were stopped: 0.0001047 seconds, Stopping threads took: 0.0000144 seconds
[2019-12-08T11:33:10.493+0000][1][safepoint    ] Application time: 0.1733818 seconds
[2019-12-08T11:33:10.493+0000][1][safepoint    ] Entering safepoint region: RevokeBias
[2019-12-08T11:33:10.493+0000][1][safepoint    ] Leaving safepoint region
[2019-12-08T11:33:10.493+0000][1][safepoint    ] Total time for which application threads were stopped: 0.0000905 seconds, Stopping threads took: 0.0000145 seconds
[2019-12-08T11:33:10.528+0000][1][safepoint    ] Application time: 0.0348379 seconds
[2019-12-08T11:33:10.528+0000][1][safepoint    ] Entering safepoint region: RevokeBias
[2019-12-08T11:33:10.528+0000][1][safepoint    ] Leaving safepoint region
[2019-12-08T11:33:10.528+0000][1][safepoint    ] Total time for which application threads were stopped: 0.0000866 seconds, Stopping threads took: 0.0000141 seconds
[2019-12-08T11:33:10.555+0000][1][safepoint    ] Application time: 0.0264049 seconds
[2019-12-08T11:33:10.555+0000][1][safepoint    ] Entering safepoint region: RevokeBias
[2019-12-08T11:33:10.555+0000][1][safepoint    ] Leaving safepoint region
[2019-12-08T11:33:10.555+0000][1][safepoint    ] Total time for which application threads were stopped: 0.0000800 seconds, Stopping threads took: 0.0000154 seconds
[2019-12-08T11:33:11.559+0000][1][safepoint    ] Application time: 1.0038229 seconds
[2019-12-08T11:33:11.559+0000][1][safepoint    ] Entering safepoint region: Cleanup
[2019-12-08T11:33:11.559+0000][1][safepoint    ] Leaving safepoint region
[2019-12-08T11:33:11.559+0000][1][safepoint    ] Total time for which application threads were stopped: 0.0001076 seconds, Stopping threads took: 0.0000508 seconds
[2019-12-08T11:33:11.999+0000][1][safepoint    ] Application time: 0.4402236 seconds
[2019-12-08T11:33:11.999+0000][1][safepoint    ] Entering safepoint region: GenCollectForAllocation
[2019-12-08T11:33:11.999+0000][1][gc,start     ] GC(16) Pause Young (Allocation Failure)
[2019-12-08T11:33:11.999+0000][1][gc,task      ] GC(16) Using 4 workers of 4 for evacuation
[2019-12-08T11:33:12.121+0000][1][gc,age       ] GC(16) Desired survivor size 4456448 bytes, new threshold 6 (max threshold 6)
[2019-12-08T11:33:12.121+0000][1][gc,age       ] GC(16) Age table with threshold 6 (max threshold 6)
[2019-12-08T11:33:12.121+0000][1][gc,age       ] GC(16) - age   1:    1265944 bytes,    1265944 total
[2019-12-08T11:33:12.121+0000][1][gc,heap      ] GC(16) ParNew: 78656K->7978K(78656K)
[2019-12-08T11:33:12.121+0000][1][gc,heap      ] GC(16) CMS: 46956K->54864K(174784K)
[2019-12-08T11:33:12.121+0000][1][gc,metaspace ] GC(16) Metaspace: 33031K->33031K(1079296K)
[2019-12-08T11:33:12.121+0000][1][gc           ] GC(16) Pause Young (Allocation Failure) 122M->61M(247M) 121.380ms
[2019-12-08T11:33:12.121+0000][1][gc,cpu       ] GC(16) User=0.06s Sys=0.00s Real=0.12s
[2019-12-08T11:33:12.121+0000][1][safepoint    ] Leaving safepoint region
[2019-12-08T11:33:12.124+0000][1][safepoint    ] Total time for which application threads were stopped: 0.1245798 seconds, Stopping threads took: 0.0000148 seconds
[2019-12-08T11:33:13.125+0000][1][safepoint    ] Application time: 1.0009642 seconds
[2019-12-08T11:33:13.182+0000][1][safepoint    ] Entering safepoint region: Cleanup
[2019-12-08T11:33:13.182+0000][1][safepoint    ] Leaving safepoint region
[2019-12-08T11:33:13.182+0000][1][safepoint    ] Total time for which application threads were stopped: 0.0571193 seconds, Stopping threads took: 0.0570219 seconds
[2019-12-08T11:33:13.680+0000][1][safepoint    ] Application time: 0.4982376 seconds
[2019-12-08T11:33:13.680+0000][1][safepoint    ] Entering safepoint region: CollectForMetadataAllocation
[2019-12-08T11:33:13.680+0000][1][safepoint    ] Leaving safepoint region
[2019-12-08T11:33:13.680+0000][1][safepoint    ] Total time for which application threads were stopped: 0.0002843 seconds, Stopping threads took: 0.0000496 seconds
[2019-12-08T11:33:13.803+0000][1][safepoint    ] Application time: 0.1230433 seconds
[2019-12-08T11:33:13.804+0000][1][safepoint    ] Entering safepoint region: CollectForMetadataAllocation
[2019-12-08T11:33:13.804+0000][1][safepoint    ] Leaving safepoint region
[2019-12-08T11:33:13.804+0000][1][safepoint    ] Total time for which application threads were stopped: 0.0002549 seconds, Stopping threads took: 0.0000140 seconds
[2019-12-08T11:33:13.883+0000][1][safepoint    ] Application time: 0.0788028 seconds
[2019-12-08T11:33:13.883+0000][1][safepoint    ] Entering safepoint region: CollectForMetadataAllocation
[2019-12-08T11:33:13.883+0000][1][safepoint    ] Leaving safepoint region
[2019-12-08T11:33:13.883+0000][1][safepoint    ] Total time for which application threads were stopped: 0.0002587 seconds, Stopping threads took: 0.0000146 seconds
[2019-12-08T11:33:13.959+0000][1][safepoint    ] Application time: 0.0761806 seconds
[2019-12-08T11:33:13.959+0000][1][safepoint    ] Entering safepoint region: CollectForMetadataAllocation
[2019-12-08T11:33:13.959+0000][1][safepoint    ] Leaving safepoint region
[2019-12-08T11:33:13.959+0000][1][safepoint    ] Total time for which application threads were stopped: 0.0002405 seconds, Stopping threads took: 0.0000124 seconds
[2019-12-08T11:33:14.022+0000][1][safepoint    ] Application time: 0.0621834 seconds
[2019-12-08T11:33:14.022+0000][1][safepoint    ] Entering safepoint region: CollectForMetadataAllocation
[2019-12-08T11:33:14.022+0000][1][safepoint    ] Leaving safepoint region
[2019-12-08T11:33:14.022+0000][1][safepoint    ] Total time for which application threads were stopped: 0.0002556 seconds, Stopping threads took: 0.0000143 seconds
[2019-12-08T11:33:14.055+0000][1][safepoint    ] Application time: 0.0331800 seconds
[2019-12-08T11:33:14.062+0000][1][safepoint    ] Entering safepoint region: CollectForMetadataAllocation
[2019-12-08T11:33:14.063+0000][1][safepoint    ] Leaving safepoint region
[2019-12-08T11:33:14.063+0000][1][safepoint    ] Total time for which application threads were stopped: 0.0075369 seconds, Stopping threads took: 0.0073049 seconds
[2019-12-08T11:33:14.129+0000][1][safepoint    ] Application time: 0.0665192 seconds
[2019-12-08T11:33:14.129+0000][1][safepoint    ] Entering safepoint region: CMS_Initial_Mark
[2019-12-08T11:33:14.129+0000][1][gc,start     ] GC(17) Pause Initial Mark
[2019-12-08T11:33:14.190+0000][1][gc           ] GC(17) Pause Initial Mark 129M->129M(247M) 60.574ms
[2019-12-08T11:33:14.190+0000][1][gc,cpu       ] GC(17) User=0.04s Sys=0.00s Real=0.06s
[2019-12-08T11:33:14.190+0000][1][safepoint    ] Leaving safepoint region
[2019-12-08T11:33:14.190+0000][1][safepoint    ] Total time for which application threads were stopped: 0.0609258 seconds, Stopping threads took: 0.0002431 seconds
[2019-12-08T11:33:14.190+0000][1][gc           ] GC(17) Concurrent Mark
[2019-12-08T11:33:14.282+0000][1][safepoint    ] Application time: 0.0923631 seconds
[2019-12-08T11:33:14.282+0000][1][safepoint    ] Entering safepoint region: CollectForMetadataAllocation
[2019-12-08T11:33:14.283+0000][1][safepoint    ] Leaving safepoint region
[2019-12-08T11:33:14.283+0000][1][safepoint    ] Total time for which application threads were stopped: 0.0002599 seconds, Stopping threads took: 0.0000134 seconds
[2019-12-08T11:33:14.315+0000][1][safepoint    ] Application time: 0.0321050 seconds
[2019-12-08T11:33:14.315+0000][1][safepoint    ] Entering safepoint region: GenCollectForAllocation
[2019-12-08T11:33:14.315+0000][1][gc,start     ] GC(18) Pause Young (Allocation Failure)
[2019-12-08T11:33:14.315+0000][1][gc,task      ] GC(18) Using 4 workers of 4 for evacuation
[2019-12-08T11:33:14.359+0000][1][gc,age       ] GC(18) Desired survivor size 4456448 bytes, new threshold 6 (max threshold 6)
[2019-12-08T11:33:14.359+0000][1][gc,age       ] GC(18) Age table with threshold 6 (max threshold 6)
[2019-12-08T11:33:14.359+0000][1][gc,age       ] GC(18) - age   1:    1959736 bytes,    1959736 total
[2019-12-08T11:33:14.359+0000][1][gc,age       ] GC(18) - age   2:    1199536 bytes,    3159272 total
[2019-12-08T11:33:14.359+0000][1][gc,heap      ] GC(18) ParNew: 77930K->4453K(78656K)
[2019-12-08T11:33:14.359+0000][1][gc,heap      ] GC(18) CMS: 54864K->54864K(174784K)
[2019-12-08T11:33:14.359+0000][1][gc,metaspace ] GC(18) Metaspace: 35444K->35444K(1081344K)
[2019-12-08T11:33:14.359+0000][1][gc           ] GC(18) Pause Young (Allocation Failure) 129M->57M(247M) 43.714ms
[2019-12-08T11:33:14.359+0000][1][gc,cpu       ] GC(18) User=0.01s Sys=0.00s Real=0.04s
[2019-12-08T11:33:14.359+0000][1][safepoint    ] Leaving safepoint region
[2019-12-08T11:33:14.359+0000][1][safepoint    ] Total time for which application threads were stopped: 0.0438689 seconds, Stopping threads took: 0.0000286 seconds
[2019-12-08T11:33:14.381+0000][1][safepoint    ] Application time: 0.0220013 seconds
[2019-12-08T11:33:14.381+0000][1][safepoint    ] Entering safepoint region: RevokeBias
[2019-12-08T11:33:14.381+0000][1][safepoint    ] Leaving safepoint region
[2019-12-08T11:33:14.381+0000][1][safepoint    ] Total time for which application threads were stopped: 0.0000911 seconds, Stopping threads took: 0.0000135 seconds
[2019-12-08T11:33:14.503+0000][1][safepoint    ] Application time: 0.1220421 seconds
[2019-12-08T11:33:14.503+0000][1][safepoint    ] Entering safepoint region: CollectForMetadataAllocation
[2019-12-08T11:33:14.503+0000][1][safepoint    ] Leaving safepoint region
[2019-12-08T11:33:14.503+0000][1][safepoint    ] Total time for which application threads were stopped: 0.0002601 seconds, Stopping threads took: 0.0000143 seconds
[2019-12-08T11:33:14.609+0000][1][safepoint    ] Application time: 0.1059383 seconds
[2019-12-08T11:33:14.609+0000][1][safepoint    ] Entering safepoint region: CollectForMetadataAllocation
[2019-12-08T11:33:14.609+0000][1][safepoint    ] Leaving safepoint region
[2019-12-08T11:33:14.609+0000][1][safepoint    ] Total time for which application threads were stopped: 0.0002153 seconds, Stopping threads took: 0.0000132 seconds
[2019-12-08T11:33:14.743+0000][1][gc           ] GC(17) Concurrent Mark 553.182ms
[2019-12-08T11:33:14.743+0000][1][gc,cpu       ] GC(17) User=0.32s Sys=0.01s Real=0.56s
[2019-12-08T11:33:14.743+0000][1][gc           ] GC(17) Concurrent Preclean
[2019-12-08T11:33:14.765+0000][1][gc           ] GC(17) Concurrent Preclean 21.246ms
[2019-12-08T11:33:14.765+0000][1][gc,cpu       ] GC(17) User=0.01s Sys=0.00s Real=0.02s
[2019-12-08T11:33:14.765+0000][1][gc           ] GC(17) Concurrent Abortable Preclean
[2019-12-08T11:33:14.855+0000][1][safepoint    ] Application time: 0.2453382 seconds
[2019-12-08T11:33:14.855+0000][1][safepoint    ] Entering safepoint region: CollectForMetadataAllocation
[2019-12-08T11:33:14.855+0000][1][safepoint    ] Leaving safepoint region
[2019-12-08T11:33:14.855+0000][1][safepoint    ] Total time for which application threads were stopped: 0.0002444 seconds, Stopping threads took: 0.0000152 seconds
[2019-12-08T11:33:15.044+0000][1][safepoint    ] Application time: 0.1887040 seconds
[2019-12-08T11:33:15.044+0000][1][safepoint    ] Entering safepoint region: CollectForMetadataAllocation
[2019-12-08T11:33:15.044+0000][1][safepoint    ] Leaving safepoint region
[2019-12-08T11:33:15.044+0000][1][safepoint    ] Total time for which application threads were stopped: 0.0002336 seconds, Stopping threads took: 0.0000136 seconds
[2019-12-08T11:33:15.117+0000][1][safepoint    ] Application time: 0.0726418 seconds
[2019-12-08T11:33:15.117+0000][1][safepoint    ] Entering safepoint region: RevokeBias
[2019-12-08T11:33:15.117+0000][1][safepoint    ] Leaving safepoint region
[2019-12-08T11:33:15.117+0000][1][safepoint    ] Total time for which application threads were stopped: 0.0001496 seconds, Stopping threads took: 0.0000189 seconds
[2019-12-08T11:33:15.219+0000][1][safepoint    ] Application time: 0.1025300 seconds
[2019-12-08T11:33:15.219+0000][1][safepoint    ] Entering safepoint region: CollectForMetadataAllocation
[2019-12-08T11:33:15.220+0000][1][safepoint    ] Leaving safepoint region
[2019-12-08T11:33:15.220+0000][1][safepoint    ] Total time for which application threads were stopped: 0.0002848 seconds, Stopping threads took: 0.0000177 seconds
[2019-12-08T11:33:15.432+0000][1][safepoint    ] Application time: 0.2119877 seconds
[2019-12-08T11:33:15.432+0000][1][safepoint    ] Entering safepoint region: CollectForMetadataAllocation
[2019-12-08T11:33:15.432+0000][1][safepoint    ] Leaving safepoint region
[2019-12-08T11:33:15.432+0000][1][safepoint    ] Total time for which application threads were stopped: 0.0001792 seconds, Stopping threads took: 0.0000148 seconds
[2019-12-08T11:33:15.741+0000][1][safepoint    ] Application time: 0.3088125 seconds
[2019-12-08T11:33:15.741+0000][1][safepoint    ] Entering safepoint region: CollectForMetadataAllocation
[2019-12-08T11:33:15.741+0000][1][safepoint    ] Leaving safepoint region
[2019-12-08T11:33:15.741+0000][1][safepoint    ] Total time for which application threads were stopped: 0.0002675 seconds, Stopping threads took: 0.0000169 seconds
[2019-12-08T11:33:16.064+0000][1][safepoint    ] Application time: 0.3230331 seconds
[2019-12-08T11:33:16.064+0000][1][safepoint    ] Entering safepoint region: CollectForMetadataAllocation
[2019-12-08T11:33:16.064+0000][1][safepoint    ] Leaving safepoint region
[2019-12-08T11:33:16.064+0000][1][safepoint    ] Total time for which application threads were stopped: 0.0002629 seconds, Stopping threads took: 0.0000165 seconds
[2019-12-08T11:33:16.185+0000][1][safepoint    ] Application time: 0.1210380 seconds
[2019-12-08T11:33:16.185+0000][1][safepoint    ] Entering safepoint region: CollectForMetadataAllocation
[2019-12-08T11:33:16.186+0000][1][safepoint    ] Leaving safepoint region
[2019-12-08T11:33:16.186+0000][1][safepoint    ] Total time for which application threads were stopped: 0.0002506 seconds, Stopping threads took: 0.0000144 seconds
[2019-12-08T11:33:16.407+0000][1][safepoint    ] Application time: 0.2215599 seconds
[2019-12-08T11:33:16.407+0000][1][safepoint    ] Entering safepoint region: CollectForMetadataAllocation
[2019-12-08T11:33:16.408+0000][1][safepoint    ] Leaving safepoint region
[2019-12-08T11:33:16.408+0000][1][safepoint    ] Total time for which application threads were stopped: 0.0002284 seconds, Stopping threads took: 0.0000136 seconds
[2019-12-08T11:33:16.612+0000][1][safepoint    ] Application time: 0.2047413 seconds
[2019-12-08T11:33:16.612+0000][1][safepoint    ] Entering safepoint region: CollectForMetadataAllocation
[2019-12-08T11:33:16.613+0000][1][safepoint    ] Leaving safepoint region
[2019-12-08T11:33:16.613+0000][1][safepoint    ] Total time for which application threads were stopped: 0.0002310 seconds, Stopping threads took: 0.0000143 seconds
[2019-12-08T11:33:16.767+0000][1][safepoint    ] Application time: 0.1543632 seconds
[2019-12-08T11:33:16.767+0000][1][safepoint    ] Entering safepoint region: CollectForMetadataAllocation
[2019-12-08T11:33:16.767+0000][1][safepoint    ] Leaving safepoint region
[2019-12-08T11:33:16.767+0000][1][safepoint    ] Total time for which application threads were stopped: 0.0002334 seconds, Stopping threads took: 0.0000134 seconds
[2019-12-08T11:33:16.950+0000][1][safepoint    ] Application time: 0.1831280 seconds
[2019-12-08T11:33:16.950+0000][1][safepoint    ] Entering safepoint region: CollectForMetadataAllocation
[2019-12-08T11:33:16.951+0000][1][safepoint    ] Leaving safepoint region
[2019-12-08T11:33:16.951+0000][1][safepoint    ] Total time for which application threads were stopped: 0.0002497 seconds, Stopping threads took: 0.0000141 seconds
[2019-12-08T11:33:17.072+0000][1][safepoint    ] Application time: 0.1210701 seconds
[2019-12-08T11:33:17.072+0000][1][safepoint    ] Entering safepoint region: CollectForMetadataAllocation
[2019-12-08T11:33:17.072+0000][1][safepoint    ] Leaving safepoint region
[2019-12-08T11:33:17.072+0000][1][safepoint    ] Total time for which application threads were stopped: 0.0002441 seconds, Stopping threads took: 0.0000141 seconds
[2019-12-08T11:33:17.353+0000][1][safepoint    ] Application time: 0.2813996 seconds
[2019-12-08T11:33:17.353+0000][1][safepoint    ] Entering safepoint region: CollectForMetadataAllocation
[2019-12-08T11:33:17.354+0000][1][safepoint    ] Leaving safepoint region
[2019-12-08T11:33:17.354+0000][1][safepoint    ] Total time for which application threads were stopped: 0.0002675 seconds, Stopping threads took: 0.0000154 seconds
[2019-12-08T11:33:17.545+0000][1][safepoint    ] Application time: 0.1909582 seconds
[2019-12-08T11:33:17.545+0000][1][safepoint    ] Entering safepoint region: CollectForMetadataAllocation
[2019-12-08T11:33:17.545+0000][1][safepoint    ] Leaving safepoint region
[2019-12-08T11:33:17.545+0000][1][safepoint    ] Total time for which application threads were stopped: 0.0002541 seconds, Stopping threads took: 0.0000167 seconds
[2019-12-08T11:33:17.652+0000][1][safepoint    ] Application time: 0.1065777 seconds
[2019-12-08T11:33:17.652+0000][1][safepoint    ] Entering safepoint region: CollectForMetadataAllocation
[2019-12-08T11:33:17.652+0000][1][safepoint    ] Leaving safepoint region
[2019-12-08T11:33:17.652+0000][1][safepoint    ] Total time for which application threads were stopped: 0.0001738 seconds, Stopping threads took: 0.0000133 seconds
[2019-12-08T11:33:17.890+0000][1][safepoint    ] Application time: 0.2378695 seconds
[2019-12-08T11:33:17.890+0000][1][safepoint    ] Entering safepoint region: CollectForMetadataAllocation
[2019-12-08T11:33:17.890+0000][1][safepoint    ] Leaving safepoint region
[2019-12-08T11:33:17.890+0000][1][safepoint    ] Total time for which application threads were stopped: 0.0002372 seconds, Stopping threads took: 0.0000137 seconds
[2019-12-08T11:33:18.224+0000][1][safepoint    ] Application time: 0.3338859 seconds
[2019-12-08T11:33:18.224+0000][1][safepoint    ] Entering safepoint region: CollectForMetadataAllocation
[2019-12-08T11:33:18.224+0000][1][safepoint    ] Leaving safepoint region
[2019-12-08T11:33:18.224+0000][1][safepoint    ] Total time for which application threads were stopped: 0.0002326 seconds, Stopping threads took: 0.0000134 seconds
[2019-12-08T11:33:18.445+0000][1][safepoint    ] Application time: 0.2211059 seconds
[2019-12-08T11:33:18.445+0000][1][safepoint    ] Entering safepoint region: CollectForMetadataAllocation
[2019-12-08T11:33:18.445+0000][1][safepoint    ] Leaving safepoint region
[2019-12-08T11:33:18.446+0000][1][safepoint    ] Total time for which application threads were stopped: 0.0002336 seconds, Stopping threads took: 0.0000137 seconds
[2019-12-08T11:33:18.650+0000][1][safepoint    ] Application time: 0.2047740 seconds
[2019-12-08T11:33:18.650+0000][1][safepoint    ] Entering safepoint region: CollectForMetadataAllocation
[2019-12-08T11:33:18.651+0000][1][safepoint    ] Leaving safepoint region
[2019-12-08T11:33:18.651+0000][1][safepoint    ] Total time for which application threads were stopped: 0.0002409 seconds, Stopping threads took: 0.0000148 seconds
[2019-12-08T11:33:18.855+0000][1][safepoint    ] Application time: 0.2042872 seconds
[2019-12-08T11:33:18.892+0000][1][safepoint    ] Entering safepoint region: RevokeBias
[2019-12-08T11:33:18.892+0000][1][safepoint    ] Leaving safepoint region
[2019-12-08T11:33:18.892+0000][1][safepoint    ] Total time for which application threads were stopped: 0.0371246 seconds, Stopping threads took: 0.0369380 seconds
[2019-12-08T11:33:18.892+0000][1][safepoint    ] Application time: 0.0001009 seconds
[2019-12-08T11:33:18.892+0000][1][safepoint    ] Entering safepoint region: RevokeBias
[2019-12-08T11:33:18.892+0000][1][safepoint    ] Leaving safepoint region
[2019-12-08T11:33:18.892+0000][1][safepoint    ] Total time for which application threads were stopped: 0.0001210 seconds, Stopping threads took: 0.0000090 seconds
[2019-12-08T11:33:18.892+0000][1][safepoint    ] Application time: 0.0001356 seconds
[2019-12-08T11:33:18.892+0000][1][safepoint    ] Entering safepoint region: RevokeBias
[2019-12-08T11:33:18.893+0000][1][safepoint    ] Leaving safepoint region
[2019-12-08T11:33:18.893+0000][1][safepoint    ] Total time for which application threads were stopped: 0.0001082 seconds, Stopping threads took: 0.0000083 seconds
[2019-12-08T11:33:18.904+0000][1][safepoint    ] Application time: 0.0115151 seconds
[2019-12-08T11:33:18.904+0000][1][safepoint    ] Entering safepoint region: CollectForMetadataAllocation
[2019-12-08T11:33:18.904+0000][1][safepoint    ] Leaving safepoint region
[2019-12-08T11:33:18.904+0000][1][safepoint    ] Total time for which application threads were stopped: 0.0002310 seconds, Stopping threads took: 0.0000128 seconds
[2019-12-08T11:33:19.759+0000][1][gc           ] GC(17) Concurrent Abortable Preclean 4994.070ms
[2019-12-08T11:33:19.759+0000][1][gc,cpu       ] GC(17) User=2.76s Sys=0.03s Real=4.99s
[2019-12-08T11:33:19.759+0000][1][safepoint    ] Application time: 0.8544845 seconds
[2019-12-08T11:33:19.759+0000][1][safepoint    ] Entering safepoint region: CMS_Final_Remark
[2019-12-08T11:33:19.759+0000][1][gc,start     ] GC(17) Pause Remark
[2019-12-08T11:33:19.969+0000][1][gc           ] GC(17) Pause Remark 94M->94M(247M) 209.894ms
[2019-12-08T11:33:19.969+0000][1][gc,cpu       ] GC(17) User=0.06s Sys=0.00s Real=0.21s
[2019-12-08T11:33:19.969+0000][1][safepoint    ] Leaving safepoint region
[2019-12-08T11:33:19.969+0000][1][safepoint    ] Total time for which application threads were stopped: 0.2100834 seconds, Stopping threads took: 0.0000495 seconds
[2019-12-08T11:33:19.981+0000][1][gc           ] GC(17) Concurrent Sweep
[2019-12-08T11:33:20.122+0000][1][gc           ] GC(17) Concurrent Sweep 141.614ms
[2019-12-08T11:33:20.122+0000][1][gc,cpu       ] GC(17) User=0.08s Sys=0.00s Real=0.14s
[2019-12-08T11:33:20.122+0000][1][gc           ] GC(17) Concurrent Reset
[2019-12-08T11:33:20.123+0000][1][gc           ] GC(17) Concurrent Reset 0.329ms
[2019-12-08T11:33:20.123+0000][1][gc,cpu       ] GC(17) User=0.00s Sys=0.00s Real=0.00s
[2019-12-08T11:33:20.123+0000][1][gc,heap      ] GC(17) Old: 54864K->54675K(174784K)
[2019-12-08T11:33:20.981+0000][1][safepoint    ] Application time: 1.0117923 seconds
[2019-12-08T11:33:21.062+0000][1][safepoint    ] Entering safepoint region: Cleanup
[2019-12-08T11:33:21.063+0000][1][safepoint    ] Leaving safepoint region
[2019-12-08T11:33:21.063+0000][1][safepoint    ] Total time for which application threads were stopped: 0.0821652 seconds, Stopping threads took: 0.0810881 seconds
[2019-12-08T11:33:22.070+0000][1][safepoint    ] Application time: 1.0067699 seconds
[2019-12-08T11:33:22.126+0000][1][safepoint    ] Entering safepoint region: Cleanup
[2019-12-08T11:33:22.126+0000][1][safepoint    ] Leaving safepoint region
[2019-12-08T11:33:22.126+0000][1][safepoint    ] Total time for which application threads were stopped: 0.0561050 seconds, Stopping threads took: 0.0560199 seconds
[2019-12-08T11:33:23.130+0000][1][safepoint    ] Application time: 1.0038572 seconds
[2019-12-08T11:33:23.240+0000][1][safepoint    ] Entering safepoint region: Cleanup
[2019-12-08T11:33:23.240+0000][1][safepoint    ] Leaving safepoint region
[2019-12-08T11:33:23.240+0000][1][safepoint    ] Total time for which application threads were stopped: 0.1101491 seconds, Stopping threads took: 0.1100226 seconds
[2019-12-08T11:33:23.602+0000][1][safepoint    ] Application time: 0.3619519 seconds
[2019-12-08T11:33:23.602+0000][1][safepoint    ] Entering safepoint region: GenCollectForAllocation
[2019-12-08T11:33:23.602+0000][1][gc,start     ] GC(19) Pause Young (Allocation Failure)
[2019-12-08T11:33:23.602+0000][1][gc,task      ] GC(19) Using 4 workers of 4 for evacuation
[2019-12-08T11:33:23.747+0000][1][gc,age       ] GC(19) Desired survivor size 4456448 bytes, new threshold 2 (max threshold 6)
[2019-12-08T11:33:23.747+0000][1][gc,age       ] GC(19) Age table with threshold 2 (max threshold 6)
[2019-12-08T11:33:23.747+0000][1][gc,age       ] GC(19) - age   1:    2695296 bytes,    2695296 total
[2019-12-08T11:33:23.747+0000][1][gc,age       ] GC(19) - age   2:    1933128 bytes,    4628424 total
[2019-12-08T11:33:23.747+0000][1][gc,age       ] GC(19) - age   3:    1197736 bytes,    5826160 total
[2019-12-08T11:33:23.747+0000][1][gc,heap      ] GC(19) ParNew: 74405K->7176K(78656K)
[2019-12-08T11:33:23.747+0000][1][gc,heap      ] GC(19) CMS: 54675K->54675K(174784K)
[2019-12-08T11:33:23.747+0000][1][gc,metaspace ] GC(19) Metaspace: 43028K->43028K(1089536K)
[2019-12-08T11:33:23.747+0000][1][gc           ] GC(19) Pause Young (Allocation Failure) 126M->60M(247M) 145.275ms
[2019-12-08T11:33:23.747+0000][1][gc,cpu       ] GC(19) User=0.08s Sys=0.00s Real=0.14s
[2019-12-08T11:33:23.747+0000][1][safepoint    ] Leaving safepoint region
[2019-12-08T11:33:23.747+0000][1][safepoint    ] Total time for which application threads were stopped: 0.1454243 seconds, Stopping threads took: 0.0000190 seconds
[2019-12-08T11:33:23.848+0000][1][safepoint    ] Application time: 0.1003914 seconds
[2019-12-08T11:33:23.856+0000][1][safepoint    ] Entering safepoint region: RevokeBias
[2019-12-08T11:33:23.856+0000][1][safepoint    ] Leaving safepoint region
[2019-12-08T11:33:23.856+0000][1][safepoint    ] Total time for which application threads were stopped: 0.0081963 seconds, Stopping threads took: 0.0080371 seconds
[2019-12-08T11:33:23.862+0000][1][safepoint    ] Application time: 0.0058262 seconds
[2019-12-08T11:33:23.881+0000][1][safepoint    ] Entering safepoint region: RevokeBias
[2019-12-08T11:33:23.881+0000][1][safepoint    ] Leaving safepoint region
[2019-12-08T11:33:23.881+0000][1][safepoint    ] Total time for which application threads were stopped: 0.0190315 seconds, Stopping threads took: 0.0189448 seconds
[2019-12-08T11:33:23.881+0000][1][safepoint    ] Application time: 0.0000698 seconds
[2019-12-08T11:33:23.881+0000][1][safepoint    ] Entering safepoint region: RevokeBias
[2019-12-08T11:33:23.881+0000][1][safepoint    ] Leaving safepoint region
[2019-12-08T11:33:23.881+0000][1][safepoint    ] Total time for which application threads were stopped: 0.0000439 seconds, Stopping threads took: 0.0000098 seconds
[2019-12-08T11:33:23.881+0000][1][safepoint    ] Application time: 0.0000675 seconds
[2019-12-08T11:33:23.881+0000][1][safepoint    ] Entering safepoint region: RevokeBias
[2019-12-08T11:33:23.881+0000][1][safepoint    ] Leaving safepoint region
[2019-12-08T11:33:23.881+0000][1][safepoint    ] Total time for which application threads were stopped: 0.0000445 seconds, Stopping threads took: 0.0000084 seconds
[2019-12-08T11:33:23.881+0000][1][safepoint    ] Application time: 0.0000438 seconds
[2019-12-08T11:33:23.881+0000][1][safepoint    ] Entering safepoint region: RevokeBias
[2019-12-08T11:33:23.881+0000][1][safepoint    ] Leaving safepoint region
[2019-12-08T11:33:23.881+0000][1][safepoint    ] Total time for which application threads were stopped: 0.0000410 seconds, Stopping threads took: 0.0000082 seconds
[2019-12-08T11:33:23.882+0000][1][safepoint    ] Application time: 0.0008315 seconds
[2019-12-08T11:33:23.882+0000][1][safepoint    ] Entering safepoint region: RevokeBias
[2019-12-08T11:33:23.882+0000][1][safepoint    ] Leaving safepoint region
[2019-12-08T11:33:23.882+0000][1][safepoint    ] Total time for which application threads were stopped: 0.0000724 seconds, Stopping threads took: 0.0000125 seconds
[2019-12-08T11:33:23.882+0000][1][safepoint    ] Application time: 0.0000499 seconds
[2019-12-08T11:33:23.882+0000][1][safepoint    ] Entering safepoint region: RevokeBias
[2019-12-08T11:33:23.882+0000][1][safepoint    ] Leaving safepoint region
[2019-12-08T11:33:23.882+0000][1][safepoint    ] Total time for which application threads were stopped: 0.0000549 seconds, Stopping threads took: 0.0000157 seconds
[2019-12-08T11:33:23.883+0000][1][safepoint    ] Application time: 0.0005563 seconds
[2019-12-08T11:33:23.883+0000][1][safepoint    ] Entering safepoint region: RevokeBias
[2019-12-08T11:33:23.883+0000][1][safepoint    ] Leaving safepoint region
[2019-12-08T11:33:23.883+0000][1][safepoint    ] Total time for which application threads were stopped: 0.0000614 seconds, Stopping threads took: 0.0000109 seconds
[2019-12-08T11:33:24.577+0000][1][safepoint    ] Application time: 0.6937998 seconds
[2019-12-08T11:33:24.577+0000][1][safepoint    ] Entering safepoint region: RevokeBias
[2019-12-08T11:33:24.577+0000][1][safepoint    ] Leaving safepoint region
[2019-12-08T11:33:24.577+0000][1][safepoint    ] Total time for which application threads were stopped: 0.0001173 seconds, Stopping threads took: 0.0000147 seconds
[2019-12-08T11:33:24.601+0000][1][safepoint    ] Application time: 0.0238353 seconds
[2019-12-08T11:33:24.601+0000][1][safepoint    ] Entering safepoint region: RevokeBias
[2019-12-08T11:33:24.601+0000][1][safepoint    ] Leaving safepoint region
[2019-12-08T11:33:24.601+0000][1][safepoint    ] Total time for which application threads were stopped: 0.0000824 seconds, Stopping threads took: 0.0000140 seconds
[2019-12-08T11:33:24.853+0000][1][safepoint    ] Application time: 0.2518756 seconds
[2019-12-08T11:33:24.853+0000][1][safepoint    ] Entering safepoint region: RevokeBias
[2019-12-08T11:33:24.853+0000][1][safepoint    ] Leaving safepoint region
[2019-12-08T11:33:24.853+0000][1][safepoint    ] Total time for which application threads were stopped: 0.0001354 seconds, Stopping threads took: 0.0000150 seconds
[2019-12-08T11:33:24.923+0000][1][safepoint    ] Application time: 0.0698218 seconds
[2019-12-08T11:33:24.923+0000][1][safepoint    ] Entering safepoint region: RevokeBias
[2019-12-08T11:33:24.923+0000][1][safepoint    ] Leaving safepoint region
[2019-12-08T11:33:24.923+0000][1][safepoint    ] Total time for which application threads were stopped: 0.0000932 seconds, Stopping threads took: 0.0000139 seconds
[2019-12-08T11:33:24.959+0000][1][safepoint    ] Application time: 0.0358622 seconds
[2019-12-08T11:33:24.959+0000][1][safepoint    ] Entering safepoint region: RevokeBias
[2019-12-08T11:33:24.959+0000][1][safepoint    ] Leaving safepoint region
[2019-12-08T11:33:24.959+0000][1][safepoint    ] Total time for which application threads were stopped: 0.0000991 seconds, Stopping threads took: 0.0000149 seconds
[2019-12-08T11:33:25.897+0000][1][safepoint    ] Application time: 0.9378718 seconds
[2019-12-08T11:33:25.897+0000][1][safepoint    ] Entering safepoint region: RevokeBias
[2019-12-08T11:33:25.897+0000][1][safepoint    ] Leaving safepoint region
[2019-12-08T11:33:25.897+0000][1][safepoint    ] Total time for which application threads were stopped: 0.0005083 seconds, Stopping threads took: 0.0000158 seconds
[2019-12-08T11:33:25.902+0000][1][safepoint    ] Application time: 0.0044181 seconds
[2019-12-08T11:33:25.906+0000][1][safepoint    ] Entering safepoint region: RevokeBias
[2019-12-08T11:33:25.906+0000][1][safepoint    ] Leaving safepoint region
[2019-12-08T11:33:25.906+0000][1][safepoint    ] Total time for which application threads were stopped: 0.0040822 seconds, Stopping threads took: 0.0039807 seconds
[2019-12-08T11:33:25.908+0000][1][safepoint    ] Application time: 0.0018815 seconds
[2019-12-08T11:33:25.908+0000][1][safepoint    ] Entering safepoint region: RevokeBias
[2019-12-08T11:33:25.908+0000][1][safepoint    ] Leaving safepoint region
[2019-12-08T11:33:25.908+0000][1][safepoint    ] Total time for which application threads were stopped: 0.0000732 seconds, Stopping threads took: 0.0000108 seconds
[2019-12-08T11:33:26.188+0000][1][safepoint    ] Application time: 0.2798937 seconds
[2019-12-08T11:33:26.188+0000][1][safepoint    ] Entering safepoint region: RevokeBias
[2019-12-08T11:33:26.188+0000][1][safepoint    ] Leaving safepoint region
[2019-12-08T11:33:26.188+0000][1][safepoint    ] Total time for which application threads were stopped: 0.0001301 seconds, Stopping threads took: 0.0000206 seconds
[2019-12-08T11:33:26.191+0000][1][safepoint    ] Application time: 0.0028247 seconds
[2019-12-08T11:33:26.199+0000][1][safepoint    ] Entering safepoint region: RevokeBias
[2019-12-08T11:33:26.199+0000][1][safepoint    ] Leaving safepoint region
[2019-12-08T11:33:26.199+0000][1][safepoint    ] Total time for which application threads were stopped: 0.0080787 seconds, Stopping threads took: 0.0080024 seconds
[2019-12-08T11:33:26.199+0000][1][safepoint    ] Application time: 0.0000886 seconds
[2019-12-08T11:33:26.199+0000][1][safepoint    ] Entering safepoint region: RevokeBias
[2019-12-08T11:33:26.199+0000][1][safepoint    ] Leaving safepoint region
[2019-12-08T11:33:26.199+0000][1][safepoint    ] Total time for which application threads were stopped: 0.0000439 seconds, Stopping threads took: 0.0000088 seconds
[2019-12-08T11:33:26.199+0000][1][safepoint    ] Application time: 0.0001316 seconds
[2019-12-08T11:33:26.199+0000][1][safepoint    ] Entering safepoint region: RevokeBias
[2019-12-08T11:33:26.199+0000][1][safepoint    ] Leaving safepoint region
[2019-12-08T11:33:26.199+0000][1][safepoint    ] Total time for which application threads were stopped: 0.0000459 seconds, Stopping threads took: 0.0000085 seconds
[2019-12-08T11:33:26.199+0000][1][safepoint    ] Application time: 0.0001743 seconds
[2019-12-08T11:33:26.199+0000][1][safepoint    ] Entering safepoint region: RevokeBias
[2019-12-08T11:33:26.199+0000][1][safepoint    ] Leaving safepoint region
[2019-12-08T11:33:26.199+0000][1][safepoint    ] Total time for which application threads were stopped: 0.0000435 seconds, Stopping threads took: 0.0000077 seconds
[2019-12-08T11:33:26.199+0000][1][safepoint    ] Application time: 0.0000691 seconds
[2019-12-08T11:33:26.199+0000][1][safepoint    ] Entering safepoint region: RevokeBias
[2019-12-08T11:33:26.200+0000][1][safepoint    ] Leaving safepoint region
[2019-12-08T11:33:26.200+0000][1][safepoint    ] Total time for which application threads were stopped: 0.0000369 seconds, Stopping threads took: 0.0000074 seconds
[2019-12-08T11:33:26.200+0000][1][safepoint    ] Application time: 0.0001552 seconds
[2019-12-08T11:33:26.200+0000][1][safepoint    ] Entering safepoint region: RevokeBias
[2019-12-08T11:33:26.200+0000][1][safepoint    ] Leaving safepoint region
[2019-12-08T11:33:26.200+0000][1][safepoint    ] Total time for which application threads were stopped: 0.0000468 seconds, Stopping threads took: 0.0000088 seconds
[2019-12-08T11:33:26.200+0000][1][safepoint    ] Application time: 0.0000484 seconds
[2019-12-08T11:33:26.200+0000][1][safepoint    ] Entering safepoint region: RevokeBias
[2019-12-08T11:33:26.200+0000][1][safepoint    ] Leaving safepoint region
[2019-12-08T11:33:26.200+0000][1][safepoint    ] Total time for which application threads were stopped: 0.0000345 seconds, Stopping threads took: 0.0000074 seconds
[2019-12-08T11:33:26.200+0000][1][safepoint    ] Application time: 0.0000459 seconds
[2019-12-08T11:33:26.200+0000][1][safepoint    ] Entering safepoint region: RevokeBias
[2019-12-08T11:33:26.200+0000][1][safepoint    ] Leaving safepoint region
[2019-12-08T11:33:26.200+0000][1][safepoint    ] Total time for which application threads were stopped: 0.0000346 seconds, Stopping threads took: 0.0000072 seconds
[2019-12-08T11:33:26.200+0000][1][safepoint    ] Application time: 0.0000452 seconds
[2019-12-08T11:33:26.200+0000][1][safepoint    ] Entering safepoint region: RevokeBias
[2019-12-08T11:33:26.200+0000][1][safepoint    ] Leaving safepoint region
[2019-12-08T11:33:26.200+0000][1][safepoint    ] Total time for which application threads were stopped: 0.0000355 seconds, Stopping threads took: 0.0000073 seconds
[2019-12-08T11:33:26.200+0000][1][safepoint    ] Application time: 0.0000454 seconds
[2019-12-08T11:33:26.200+0000][1][safepoint    ] Entering safepoint region: RevokeBias
[2019-12-08T11:33:26.200+0000][1][safepoint    ] Leaving safepoint region
[2019-12-08T11:33:26.200+0000][1][safepoint    ] Total time for which application threads were stopped: 0.0000438 seconds, Stopping threads took: 0.0000148 seconds
[2019-12-08T11:33:26.200+0000][1][safepoint    ] Application time: 0.0000470 seconds
[2019-12-08T11:33:26.200+0000][1][safepoint    ] Entering safepoint region: RevokeBias
[2019-12-08T11:33:26.200+0000][1][safepoint    ] Leaving safepoint region
[2019-12-08T11:33:26.200+0000][1][safepoint    ] Total time for which application threads were stopped: 0.0000352 seconds, Stopping threads took: 0.0000073 seconds
[2019-12-08T11:33:26.200+0000][1][safepoint    ] Application time: 0.0000470 seconds
[2019-12-08T11:33:26.200+0000][1][safepoint    ] Entering safepoint region: BulkRevokeBias
[2019-12-08T11:33:26.200+0000][1][safepoint    ] Leaving safepoint region
[2019-12-08T11:33:26.200+0000][1][safepoint    ] Total time for which application threads were stopped: 0.0001084 seconds, Stopping threads took: 0.0000071 seconds
[2019-12-08T11:33:26.201+0000][1][safepoint    ] Application time: 0.0001783 seconds
[2019-12-08T11:33:26.201+0000][1][safepoint    ] Entering safepoint region: RevokeBias
[2019-12-08T11:33:26.201+0000][1][safepoint    ] Leaving safepoint region
[2019-12-08T11:33:26.201+0000][1][safepoint    ] Total time for which application threads were stopped: 0.0000705 seconds, Stopping threads took: 0.0000092 seconds
[2019-12-08T11:33:26.201+0000][1][safepoint    ] Application time: 0.0000550 seconds
[2019-12-08T11:33:26.201+0000][1][safepoint    ] Entering safepoint region: RevokeBias
[2019-12-08T11:33:26.201+0000][1][safepoint    ] Leaving safepoint region
[2019-12-08T11:33:26.201+0000][1][safepoint    ] Total time for which application threads were stopped: 0.0000408 seconds, Stopping threads took: 0.0000086 seconds
[2019-12-08T11:33:26.201+0000][1][safepoint    ] Application time: 0.0000528 seconds
[2019-12-08T11:33:26.201+0000][1][safepoint    ] Entering safepoint region: RevokeBias
[2019-12-08T11:33:26.201+0000][1][safepoint    ] Leaving safepoint region
[2019-12-08T11:33:26.201+0000][1][safepoint    ] Total time for which application threads were stopped: 0.0000383 seconds, Stopping threads took: 0.0000081 seconds
[2019-12-08T11:33:26.201+0000][1][safepoint    ] Application time: 0.0000508 seconds
[2019-12-08T11:33:26.201+0000][1][safepoint    ] Entering safepoint region: RevokeBias
[2019-12-08T11:33:26.201+0000][1][safepoint    ] Leaving safepoint region
[2019-12-08T11:33:26.201+0000][1][safepoint    ] Total time for which application threads were stopped: 0.0000368 seconds, Stopping threads took: 0.0000079 seconds
[2019-12-08T11:33:26.201+0000][1][safepoint    ] Application time: 0.0000503 seconds
[2019-12-08T11:33:26.201+0000][1][safepoint    ] Entering safepoint region: RevokeBias
[2019-12-08T11:33:26.201+0000][1][safepoint    ] Leaving safepoint region
[2019-12-08T11:33:26.201+0000][1][safepoint    ] Total time for which application threads were stopped: 0.0000361 seconds, Stopping threads took: 0.0000078 seconds
[2019-12-08T11:33:26.201+0000][1][safepoint    ] Application time: 0.0000497 seconds
[2019-12-08T11:33:26.201+0000][1][safepoint    ] Entering safepoint region: RevokeBias
[2019-12-08T11:33:26.201+0000][1][safepoint    ] Leaving safepoint region
[2019-12-08T11:33:26.201+0000][1][safepoint    ] Total time for which application threads were stopped: 0.0000374 seconds, Stopping threads took: 0.0000068 seconds
[2019-12-08T11:33:26.201+0000][1][safepoint    ] Application time: 0.0000493 seconds
[2019-12-08T11:33:26.201+0000][1][safepoint    ] Entering safepoint region: RevokeBias
[2019-12-08T11:33:26.201+0000][1][safepoint    ] Leaving safepoint region
[2019-12-08T11:33:26.201+0000][1][safepoint    ] Total time for which application threads were stopped: 0.0000370 seconds, Stopping threads took: 0.0000081 seconds
[2019-12-08T11:33:26.201+0000][1][safepoint    ] Application time: 0.0000501 seconds
[2019-12-08T11:33:26.201+0000][1][safepoint    ] Entering safepoint region: RevokeBias
[2019-12-08T11:33:26.201+0000][1][safepoint    ] Leaving safepoint region
[2019-12-08T11:33:26.201+0000][1][safepoint    ] Total time for which application threads were stopped: 0.0000416 seconds, Stopping threads took: 0.0000136 seconds
[2019-12-08T11:33:26.201+0000][1][safepoint    ] Application time: 0.0000498 seconds
[2019-12-08T11:33:26.201+0000][1][safepoint    ] Entering safepoint region: RevokeBias
[2019-12-08T11:33:26.202+0000][1][safepoint    ] Leaving safepoint region
[2019-12-08T11:33:26.202+0000][1][safepoint    ] Total time for which application threads were stopped: 0.0000362 seconds, Stopping threads took: 0.0000079 seconds
[2019-12-08T11:33:26.202+0000][1][safepoint    ] Application time: 0.0000501 seconds
[2019-12-08T11:33:26.202+0000][1][safepoint    ] Entering safepoint region: RevokeBias
[2019-12-08T11:33:26.202+0000][1][safepoint    ] Leaving safepoint region
[2019-12-08T11:33:26.202+0000][1][safepoint    ] Total time for which application threads were stopped: 0.0000357 seconds, Stopping threads took: 0.0000078 seconds
[2019-12-08T11:33:26.202+0000][1][safepoint    ] Application time: 0.0000622 seconds
[2019-12-08T11:33:26.202+0000][1][safepoint    ] Entering safepoint region: RevokeBias
[2019-12-08T11:33:26.202+0000][1][safepoint    ] Leaving safepoint region
[2019-12-08T11:33:26.202+0000][1][safepoint    ] Total time for which application threads were stopped: 0.0000370 seconds, Stopping threads took: 0.0000077 seconds
[2019-12-08T11:33:26.202+0000][1][safepoint    ] Application time: 0.0000501 seconds
[2019-12-08T11:33:26.202+0000][1][safepoint    ] Entering safepoint region: RevokeBias
[2019-12-08T11:33:26.202+0000][1][safepoint    ] Leaving safepoint region
[2019-12-08T11:33:26.202+0000][1][safepoint    ] Total time for which application threads were stopped: 0.0000358 seconds, Stopping threads took: 0.0000075 seconds
[2019-12-08T11:33:26.202+0000][1][safepoint    ] Application time: 0.0000495 seconds
[2019-12-08T11:33:26.202+0000][1][safepoint    ] Entering safepoint region: RevokeBias
[2019-12-08T11:33:26.202+0000][1][safepoint    ] Leaving safepoint region
[2019-12-08T11:33:26.202+0000][1][safepoint    ] Total time for which application threads were stopped: 0.0000347 seconds, Stopping threads took: 0.0000072 seconds
[2019-12-08T11:33:26.202+0000][1][safepoint    ] Application time: 0.0000504 seconds
[2019-12-08T11:33:26.202+0000][1][safepoint    ] Entering safepoint region: RevokeBias
[2019-12-08T11:33:26.202+0000][1][safepoint    ] Leaving safepoint region
[2019-12-08T11:33:26.202+0000][1][safepoint    ] Total time for which application threads were stopped: 0.0000363 seconds, Stopping threads took: 0.0000079 seconds
[2019-12-08T11:33:26.202+0000][1][safepoint    ] Application time: 0.0000495 seconds
[2019-12-08T11:33:26.202+0000][1][safepoint    ] Entering safepoint region: RevokeBias
[2019-12-08T11:33:26.202+0000][1][safepoint    ] Leaving safepoint region
[2019-12-08T11:33:26.202+0000][1][safepoint    ] Total time for which application threads were stopped: 0.0000344 seconds, Stopping threads took: 0.0000075 seconds
[2019-12-08T11:33:26.202+0000][1][safepoint    ] Application time: 0.0000501 seconds
[2019-12-08T11:33:26.202+0000][1][safepoint    ] Entering safepoint region: RevokeBias
[2019-12-08T11:33:26.202+0000][1][safepoint    ] Leaving safepoint region
[2019-12-08T11:33:26.202+0000][1][safepoint    ] Total time for which application threads were stopped: 0.0000356 seconds, Stopping threads took: 0.0000077 seconds
[2019-12-08T11:33:26.202+0000][1][safepoint    ] Application time: 0.0000504 seconds
[2019-12-08T11:33:26.202+0000][1][safepoint    ] Entering safepoint region: RevokeBias
[2019-12-08T11:33:26.202+0000][1][safepoint    ] Leaving safepoint region
[2019-12-08T11:33:26.202+0000][1][safepoint    ] Total time for which application threads were stopped: 0.0000359 seconds, Stopping threads took: 0.0000077 seconds
[2019-12-08T11:33:26.202+0000][1][safepoint    ] Application time: 0.0000497 seconds
[2019-12-08T11:33:26.202+0000][1][safepoint    ] Entering safepoint region: BulkRevokeBias
[2019-12-08T11:33:26.203+0000][1][safepoint    ] Leaving safepoint region
[2019-12-08T11:33:26.203+0000][1][safepoint    ] Total time for which application threads were stopped: 0.0001103 seconds, Stopping threads took: 0.0000117 seconds
[2019-12-08T11:33:26.203+0000][1][safepoint    ] Application time: 0.0001792 seconds
[2019-12-08T11:33:26.203+0000][1][safepoint    ] Entering safepoint region: RevokeBias
[2019-12-08T11:33:26.203+0000][1][safepoint    ] Leaving safepoint region
[2019-12-08T11:33:26.203+0000][1][safepoint    ] Total time for which application threads were stopped: 0.0000494 seconds, Stopping threads took: 0.0000088 seconds
[2019-12-08T11:33:26.203+0000][1][safepoint    ] Application time: 0.0001283 seconds
[2019-12-08T11:33:26.203+0000][1][safepoint    ] Entering safepoint region: RevokeBias
[2019-12-08T11:33:26.203+0000][1][safepoint    ] Leaving safepoint region
[2019-12-08T11:33:26.203+0000][1][safepoint    ] Total time for which application threads were stopped: 0.0000383 seconds, Stopping threads took: 0.0000078 seconds
[2019-12-08T11:33:26.203+0000][1][safepoint    ] Application time: 0.0000616 seconds
[2019-12-08T11:33:26.203+0000][1][safepoint    ] Entering safepoint region: RevokeBias
[2019-12-08T11:33:26.203+0000][1][safepoint    ] Leaving safepoint region
[2019-12-08T11:33:26.203+0000][1][safepoint    ] Total time for which application threads were stopped: 0.0000343 seconds, Stopping threads took: 0.0000075 seconds
[2019-12-08T11:33:26.203+0000][1][safepoint    ] Application time: 0.0000772 seconds
[2019-12-08T11:33:26.203+0000][1][safepoint    ] Entering safepoint region: RevokeBias
[2019-12-08T11:33:26.203+0000][1][safepoint    ] Leaving safepoint region
[2019-12-08T11:33:26.203+0000][1][safepoint    ] Total time for which application threads were stopped: 0.0000380 seconds, Stopping threads took: 0.0000076 seconds
[2019-12-08T11:33:26.203+0000][1][safepoint    ] Application time: 0.0000555 seconds
[2019-12-08T11:33:26.203+0000][1][safepoint    ] Entering safepoint region: RevokeBias
[2019-12-08T11:33:26.203+0000][1][safepoint    ] Leaving safepoint region
[2019-12-08T11:33:26.203+0000][1][safepoint    ] Total time for which application threads were stopped: 0.0000359 seconds, Stopping threads took: 0.0000074 seconds
[2019-12-08T11:33:26.203+0000][1][safepoint    ] Application time: 0.0001656 seconds
[2019-12-08T11:33:26.203+0000][1][safepoint    ] Entering safepoint region: RevokeBias
[2019-12-08T11:33:26.204+0000][1][safepoint    ] Leaving safepoint region
[2019-12-08T11:33:26.204+0000][1][safepoint    ] Total time for which application threads were stopped: 0.0000366 seconds, Stopping threads took: 0.0000077 seconds
[2019-12-08T11:33:26.204+0000][1][safepoint    ] Application time: 0.0003240 seconds
[2019-12-08T11:33:26.204+0000][1][safepoint    ] Entering safepoint region: RevokeBias
[2019-12-08T11:33:26.204+0000][1][safepoint    ] Leaving safepoint region
[2019-12-08T11:33:26.204+0000][1][safepoint    ] Total time for which application threads were stopped: 0.0000530 seconds, Stopping threads took: 0.0000097 seconds
[2019-12-08T11:33:26.204+0000][1][safepoint    ] Application time: 0.0000800 seconds
[2019-12-08T11:33:26.204+0000][1][safepoint    ] Entering safepoint region: RevokeBias
[2019-12-08T11:33:26.204+0000][1][safepoint    ] Leaving safepoint region
[2019-12-08T11:33:26.204+0000][1][safepoint    ] Total time for which application threads were stopped: 0.0000430 seconds, Stopping threads took: 0.0000091 seconds
[2019-12-08T11:33:26.204+0000][1][safepoint    ] Application time: 0.0001848 seconds
[2019-12-08T11:33:26.204+0000][1][safepoint    ] Entering safepoint region: RevokeBias
[2019-12-08T11:33:26.204+0000][1][safepoint    ] Leaving safepoint region
[2019-12-08T11:33:26.204+0000][1][safepoint    ] Total time for which application threads were stopped: 0.0000423 seconds, Stopping threads took: 0.0000081 seconds
[2019-12-08T11:33:26.204+0000][1][safepoint    ] Application time: 0.0001160 seconds
[2019-12-08T11:33:26.204+0000][1][safepoint    ] Entering safepoint region: RevokeBias
[2019-12-08T11:33:26.204+0000][1][safepoint    ] Leaving safepoint region
[2019-12-08T11:33:26.205+0000][1][safepoint    ] Total time for which application threads were stopped: 0.0000459 seconds, Stopping threads took: 0.0000123 seconds
[2019-12-08T11:33:26.205+0000][1][safepoint    ] Application time: 0.0000469 seconds
[2019-12-08T11:33:26.205+0000][1][safepoint    ] Entering safepoint region: RevokeBias
[2019-12-08T11:33:26.205+0000][1][safepoint    ] Leaving safepoint region
[2019-12-08T11:33:26.205+0000][1][safepoint    ] Total time for which application threads were stopped: 0.0000350 seconds, Stopping threads took: 0.0000075 seconds
[2019-12-08T11:33:26.205+0000][1][safepoint    ] Application time: 0.0000449 seconds
[2019-12-08T11:33:26.205+0000][1][safepoint    ] Entering safepoint region: RevokeBias
[2019-12-08T11:33:26.205+0000][1][safepoint    ] Leaving safepoint region
[2019-12-08T11:33:26.205+0000][1][safepoint    ] Total time for which application threads were stopped: 0.0000504 seconds, Stopping threads took: 0.0000071 seconds
[2019-12-08T11:33:26.205+0000][1][safepoint    ] Application time: 0.0003289 seconds
[2019-12-08T11:33:26.205+0000][1][safepoint    ] Entering safepoint region: RevokeBias
[2019-12-08T11:33:26.205+0000][1][safepoint    ] Leaving safepoint region
[2019-12-08T11:33:26.205+0000][1][safepoint    ] Total time for which application threads were stopped: 0.0000425 seconds, Stopping threads took: 0.0000088 seconds
[2019-12-08T11:33:26.205+0000][1][safepoint    ] Application time: 0.0001220 seconds
[2019-12-08T11:33:26.205+0000][1][safepoint    ] Entering safepoint region: RevokeBias
[2019-12-08T11:33:26.205+0000][1][safepoint    ] Leaving safepoint region
[2019-12-08T11:33:26.205+0000][1][safepoint    ] Total time for which application threads were stopped: 0.0000388 seconds, Stopping threads took: 0.0000078 seconds
[2019-12-08T11:33:26.205+0000][1][safepoint    ] Application time: 0.0001609 seconds
[2019-12-08T11:33:26.205+0000][1][safepoint    ] Entering safepoint region: RevokeBias
[2019-12-08T11:33:26.205+0000][1][safepoint    ] Leaving safepoint region
[2019-12-08T11:33:26.205+0000][1][safepoint    ] Total time for which application threads were stopped: 0.0000396 seconds, Stopping threads took: 0.0000079 seconds
[2019-12-08T11:33:26.206+0000][1][safepoint    ] Application time: 0.0003613 seconds
[2019-12-08T11:33:26.206+0000][1][safepoint    ] Entering safepoint region: RevokeBias
[2019-12-08T11:33:26.206+0000][1][safepoint    ] Leaving safepoint region
[2019-12-08T11:33:26.206+0000][1][safepoint    ] Total time for which application threads were stopped: 0.0000542 seconds, Stopping threads took: 0.0000104 seconds
[2019-12-08T11:33:26.206+0000][1][safepoint    ] Application time: 0.0004419 seconds
[2019-12-08T11:33:26.206+0000][1][safepoint    ] Entering safepoint region: RevokeBias
[2019-12-08T11:33:26.206+0000][1][safepoint    ] Leaving safepoint region
[2019-12-08T11:33:26.206+0000][1][safepoint    ] Total time for which application threads were stopped: 0.0000528 seconds, Stopping threads took: 0.0000100 seconds
[2019-12-08T11:33:26.207+0000][1][safepoint    ] Application time: 0.0001246 seconds
[2019-12-08T11:33:26.207+0000][1][safepoint    ] Entering safepoint region: RevokeBias
[2019-12-08T11:33:26.207+0000][1][safepoint    ] Leaving safepoint region
[2019-12-08T11:33:26.207+0000][1][safepoint    ] Total time for which application threads were stopped: 0.0000427 seconds, Stopping threads took: 0.0000087 seconds
[2019-12-08T11:33:26.207+0000][1][safepoint    ] Application time: 0.0002139 seconds
[2019-12-08T11:33:26.207+0000][1][safepoint    ] Entering safepoint region: RevokeBias
[2019-12-08T11:33:26.207+0000][1][safepoint    ] Leaving safepoint region
[2019-12-08T11:33:26.207+0000][1][safepoint    ] Total time for which application threads were stopped: 0.0000407 seconds, Stopping threads took: 0.0000080 seconds
[2019-12-08T11:33:26.209+0000][1][safepoint    ] Application time: 0.0017025 seconds
[2019-12-08T11:33:26.209+0000][1][safepoint    ] Entering safepoint region: RevokeBias
[2019-12-08T11:33:26.209+0000][1][safepoint    ] Leaving safepoint region
[2019-12-08T11:33:26.209+0000][1][safepoint    ] Total time for which application threads were stopped: 0.0000951 seconds, Stopping threads took: 0.0000204 seconds
[2019-12-08T11:33:26.209+0000][1][safepoint    ] Application time: 0.0001377 seconds
[2019-12-08T11:33:26.209+0000][1][safepoint    ] Entering safepoint region: RevokeBias
[2019-12-08T11:33:26.209+0000][1][safepoint    ] Leaving safepoint region
[2019-12-08T11:33:26.209+0000][1][safepoint    ] Total time for which application threads were stopped: 0.0000813 seconds, Stopping threads took: 0.0000096 seconds
[2019-12-08T11:33:26.210+0000][1][safepoint    ] Application time: 0.0010253 seconds
[2019-12-08T11:33:26.210+0000][1][safepoint    ] Entering safepoint region: RevokeBias
[2019-12-08T11:33:26.210+0000][1][safepoint    ] Leaving safepoint region
[2019-12-08T11:33:26.210+0000][1][safepoint    ] Total time for which application threads were stopped: 0.0000584 seconds, Stopping threads took: 0.0000108 seconds
[2019-12-08T11:33:26.210+0000][1][safepoint    ] Application time: 0.0000635 seconds
[2019-12-08T11:33:26.210+0000][1][safepoint    ] Entering safepoint region: RevokeBias
[2019-12-08T11:33:26.210+0000][1][safepoint    ] Leaving safepoint region
[2019-12-08T11:33:26.210+0000][1][safepoint    ] Total time for which application threads were stopped: 0.0000433 seconds, Stopping threads took: 0.0000090 seconds
[2019-12-08T11:33:26.210+0000][1][safepoint    ] Application time: 0.0000598 seconds
[2019-12-08T11:33:26.210+0000][1][safepoint    ] Entering safepoint region: RevokeBias
[2019-12-08T11:33:26.210+0000][1][safepoint    ] Leaving safepoint region
[2019-12-08T11:33:26.210+0000][1][safepoint    ] Total time for which application threads were stopped: 0.0000417 seconds, Stopping threads took: 0.0000087 seconds
[2019-12-08T11:33:26.210+0000][1][safepoint    ] Application time: 0.0000553 seconds
[2019-12-08T11:33:26.210+0000][1][safepoint    ] Entering safepoint region: RevokeBias
[2019-12-08T11:33:26.210+0000][1][safepoint    ] Leaving safepoint region
[2019-12-08T11:33:26.210+0000][1][safepoint    ] Total time for which application threads were stopped: 0.0000398 seconds, Stopping threads took: 0.0000086 seconds
[2019-12-08T11:33:26.211+0000][1][safepoint    ] Application time: 0.0000550 seconds
[2019-12-08T11:33:26.211+0000][1][safepoint    ] Entering safepoint region: RevokeBias
[2019-12-08T11:33:26.211+0000][1][safepoint    ] Leaving safepoint region
[2019-12-08T11:33:26.211+0000][1][safepoint    ] Total time for which application threads were stopped: 0.0000409 seconds, Stopping threads took: 0.0000089 seconds
[2019-12-08T11:33:26.211+0000][1][safepoint    ] Application time: 0.0000714 seconds
[2019-12-08T11:33:26.211+0000][1][safepoint    ] Entering safepoint region: RevokeBias
[2019-12-08T11:33:26.211+0000][1][safepoint    ] Leaving safepoint region
[2019-12-08T11:33:26.211+0000][1][safepoint    ] Total time for which application threads were stopped: 0.0000601 seconds, Stopping threads took: 0.0000089 seconds
[2019-12-08T11:33:26.211+0000][1][safepoint    ] Application time: 0.0000639 seconds
[2019-12-08T11:33:26.211+0000][1][safepoint    ] Entering safepoint region: RevokeBias
[2019-12-08T11:33:26.211+0000][1][safepoint    ] Leaving safepoint region
[2019-12-08T11:33:26.211+0000][1][safepoint    ] Total time for which application threads were stopped: 0.0000412 seconds, Stopping threads took: 0.0000084 seconds
[2019-12-08T11:33:26.211+0000][1][safepoint    ] Application time: 0.0000560 seconds
[2019-12-08T11:33:26.211+0000][1][safepoint    ] Entering safepoint region: RevokeBias
[2019-12-08T11:33:26.211+0000][1][safepoint    ] Leaving safepoint region
[2019-12-08T11:33:26.211+0000][1][safepoint    ] Total time for which application threads were stopped: 0.0000398 seconds, Stopping threads took: 0.0000088 seconds
[2019-12-08T11:33:26.211+0000][1][safepoint    ] Application time: 0.0000550 seconds
[2019-12-08T11:33:26.211+0000][1][safepoint    ] Entering safepoint region: RevokeBias
[2019-12-08T11:33:26.211+0000][1][safepoint    ] Leaving safepoint region
[2019-12-08T11:33:26.211+0000][1][safepoint    ] Total time for which application threads were stopped: 0.0000501 seconds, Stopping threads took: 0.0000161 seconds
[2019-12-08T11:33:26.211+0000][1][safepoint    ] Application time: 0.0000589 seconds
[2019-12-08T11:33:26.211+0000][1][safepoint    ] Entering safepoint region: RevokeBias
[2019-12-08T11:33:26.211+0000][1][safepoint    ] Leaving safepoint region
[2019-12-08T11:33:26.211+0000][1][safepoint    ] Total time for which application threads were stopped: 0.0000406 seconds, Stopping threads took: 0.0000088 seconds
[2019-12-08T11:33:26.211+0000][1][safepoint    ] Application time: 0.0000570 seconds
[2019-12-08T11:33:26.211+0000][1][safepoint    ] Entering safepoint region: RevokeBias
[2019-12-08T11:33:26.211+0000][1][safepoint    ] Leaving safepoint region
[2019-12-08T11:33:26.211+0000][1][safepoint    ] Total time for which application threads were stopped: 0.0000405 seconds, Stopping threads took: 0.0000087 seconds
[2019-12-08T11:33:26.211+0000][1][safepoint    ] Application time: 0.0000555 seconds
[2019-12-08T11:33:26.211+0000][1][safepoint    ] Entering safepoint region: RevokeBias
[2019-12-08T11:33:26.211+0000][1][safepoint    ] Leaving safepoint region
[2019-12-08T11:33:26.211+0000][1][safepoint    ] Total time for which application threads were stopped: 0.0000397 seconds, Stopping threads took: 0.0000085 seconds
[2019-12-08T11:33:26.212+0000][1][safepoint    ] Application time: 0.0000550 seconds
[2019-12-08T11:33:26.212+0000][1][safepoint    ] Entering safepoint region: RevokeBias
[2019-12-08T11:33:26.212+0000][1][safepoint    ] Leaving safepoint region
[2019-12-08T11:33:26.212+0000][1][safepoint    ] Total time for which application threads were stopped: 0.0000463 seconds, Stopping threads took: 0.0000086 seconds
[2019-12-08T11:33:26.212+0000][1][safepoint    ] Application time: 0.0000571 seconds
[2019-12-08T11:33:26.212+0000][1][safepoint    ] Entering safepoint region: RevokeBias
[2019-12-08T11:33:26.212+0000][1][safepoint    ] Leaving safepoint region
[2019-12-08T11:33:26.212+0000][1][safepoint    ] Total time for which application threads were stopped: 0.0000414 seconds, Stopping threads took: 0.0000087 seconds
[2019-12-08T11:33:26.212+0000][1][safepoint    ] Application time: 0.0000560 seconds
[2019-12-08T11:33:26.212+0000][1][safepoint    ] Entering safepoint region: RevokeBias
[2019-12-08T11:33:26.212+0000][1][safepoint    ] Leaving safepoint region
[2019-12-08T11:33:26.212+0000][1][safepoint    ] Total time for which application threads were stopped: 0.0000410 seconds, Stopping threads took: 0.0000084 seconds
[2019-12-08T11:33:26.212+0000][1][safepoint    ] Application time: 0.0000529 seconds
[2019-12-08T11:33:26.212+0000][1][safepoint    ] Entering safepoint region: RevokeBias
[2019-12-08T11:33:26.212+0000][1][safepoint    ] Leaving safepoint region
[2019-12-08T11:33:26.212+0000][1][safepoint    ] Total time for which application threads were stopped: 0.0000349 seconds, Stopping threads took: 0.0000079 seconds
[2019-12-08T11:33:26.212+0000][1][safepoint    ] Application time: 0.0000518 seconds
[2019-12-08T11:33:26.212+0000][1][safepoint    ] Entering safepoint region: RevokeBias
[2019-12-08T11:33:26.212+0000][1][safepoint    ] Leaving safepoint region
[2019-12-08T11:33:26.212+0000][1][safepoint    ] Total time for which application threads were stopped: 0.0000330 seconds, Stopping threads took: 0.0000072 seconds
[2019-12-08T11:33:26.212+0000][1][safepoint    ] Application time: 0.0000522 seconds
[2019-12-08T11:33:26.212+0000][1][safepoint    ] Entering safepoint region: RevokeBias
[2019-12-08T11:33:26.212+0000][1][safepoint    ] Leaving safepoint region
[2019-12-08T11:33:26.212+0000][1][safepoint    ] Total time for which application threads were stopped: 0.0000365 seconds, Stopping threads took: 0.0000083 seconds
[2019-12-08T11:33:26.212+0000][1][safepoint    ] Application time: 0.0000522 seconds
[2019-12-08T11:33:26.212+0000][1][safepoint    ] Entering safepoint region: RevokeBias
[2019-12-08T11:33:26.212+0000][1][safepoint    ] Leaving safepoint region
[2019-12-08T11:33:26.212+0000][1][safepoint    ] Total time for which application threads were stopped: 0.0000442 seconds, Stopping threads took: 0.0000118 seconds
[2019-12-08T11:33:26.212+0000][1][safepoint    ] Application time: 0.0000549 seconds
[2019-12-08T11:33:26.212+0000][1][safepoint    ] Entering safepoint region: BulkRevokeBias
[2019-12-08T11:33:26.212+0000][1][safepoint    ] Leaving safepoint region
[2019-12-08T11:33:26.212+0000][1][safepoint    ] Total time for which application threads were stopped: 0.0001321 seconds, Stopping threads took: 0.0000081 seconds
[2019-12-08T11:33:26.213+0000][1][safepoint    ] Application time: 0.0003661 seconds
[2019-12-08T11:33:26.213+0000][1][safepoint    ] Entering safepoint region: RevokeBias
[2019-12-08T11:33:26.213+0000][1][safepoint    ] Leaving safepoint region
[2019-12-08T11:33:26.213+0000][1][safepoint    ] Total time for which application threads were stopped: 0.0000537 seconds, Stopping threads took: 0.0000114 seconds
[2019-12-08T11:33:26.214+0000][1][safepoint    ] Application time: 0.0013849 seconds
[2019-12-08T11:33:26.214+0000][1][safepoint    ] Entering safepoint region: RevokeBias
[2019-12-08T11:33:26.214+0000][1][safepoint    ] Leaving safepoint region
[2019-12-08T11:33:26.214+0000][1][safepoint    ] Total time for which application threads were stopped: 0.0000598 seconds, Stopping threads took: 0.0000115 seconds
[2019-12-08T11:33:26.216+0000][1][safepoint    ] Application time: 0.0011726 seconds
[2019-12-08T11:33:26.216+0000][1][safepoint    ] Entering safepoint region: RevokeBias
[2019-12-08T11:33:26.216+0000][1][safepoint    ] Leaving safepoint region
[2019-12-08T11:33:26.216+0000][1][safepoint    ] Total time for which application threads were stopped: 0.0000946 seconds, Stopping threads took: 0.0000106 seconds
[2019-12-08T11:33:26.247+0000][1][safepoint    ] Application time: 0.0310827 seconds
[2019-12-08T11:33:26.247+0000][1][safepoint    ] Entering safepoint region: RevokeBias
[2019-12-08T11:33:26.247+0000][1][safepoint    ] Leaving safepoint region
[2019-12-08T11:33:26.247+0000][1][safepoint    ] Total time for which application threads were stopped: 0.0003583 seconds, Stopping threads took: 0.0002527 seconds
[2019-12-08T11:33:26.247+0000][1][safepoint    ] Application time: 0.0002850 seconds
[2019-12-08T11:33:26.247+0000][1][safepoint    ] Entering safepoint region: RevokeBias
[2019-12-08T11:33:26.248+0000][1][safepoint    ] Leaving safepoint region
[2019-12-08T11:33:26.248+0000][1][safepoint    ] Total time for which application threads were stopped: 0.0000789 seconds, Stopping threads took: 0.0000122 seconds
[2019-12-08T11:33:26.248+0000][1][safepoint    ] Application time: 0.0004490 seconds
[2019-12-08T11:33:26.248+0000][1][safepoint    ] Entering safepoint region: RevokeBias
[2019-12-08T11:33:26.248+0000][1][safepoint    ] Leaving safepoint region
[2019-12-08T11:33:26.248+0000][1][safepoint    ] Total time for which application threads were stopped: 0.0000432 seconds, Stopping threads took: 0.0000112 seconds
[2019-12-08T11:33:26.250+0000][1][safepoint    ] Application time: 0.0017695 seconds
[2019-12-08T11:33:26.250+0000][1][safepoint    ] Entering safepoint region: RevokeBias
[2019-12-08T11:33:26.250+0000][1][safepoint    ] Leaving safepoint region
[2019-12-08T11:33:26.250+0000][1][safepoint    ] Total time for which application threads were stopped: 0.0000528 seconds, Stopping threads took: 0.0000110 seconds
[2019-12-08T11:33:26.254+0000][1][safepoint    ] Application time: 0.0038743 seconds
[2019-12-08T11:33:26.254+0000][1][safepoint    ] Entering safepoint region: RevokeBias
[2019-12-08T11:33:26.254+0000][1][safepoint    ] Leaving safepoint region
[2019-12-08T11:33:26.254+0000][1][safepoint    ] Total time for which application threads were stopped: 0.0000457 seconds, Stopping threads took: 0.0000112 seconds
[2019-12-08T11:33:26.574+0000][1][safepoint    ] Application time: 0.3197745 seconds
[2019-12-08T11:33:26.574+0000][1][safepoint    ] Entering safepoint region: RevokeBias
[2019-12-08T11:33:26.574+0000][1][safepoint    ] Leaving safepoint region
[2019-12-08T11:33:26.574+0000][1][safepoint    ] Total time for which application threads were stopped: 0.0001186 seconds, Stopping threads took: 0.0000406 seconds
[2019-12-08T11:33:26.646+0000][1][safepoint    ] Application time: 0.0726486 seconds
[2019-12-08T11:33:26.646+0000][1][safepoint    ] Entering safepoint region: RevokeBias
[2019-12-08T11:33:26.647+0000][1][safepoint    ] Leaving safepoint region
[2019-12-08T11:33:26.647+0000][1][safepoint    ] Total time for which application threads were stopped: 0.0000676 seconds, Stopping threads took: 0.0000153 seconds
[2019-12-08T11:33:26.844+0000][1][safepoint    ] Application time: 0.1974551 seconds
[2019-12-08T11:33:26.854+0000][1][safepoint    ] Entering safepoint region: RevokeBias
[2019-12-08T11:33:26.854+0000][1][safepoint    ] Leaving safepoint region
[2019-12-08T11:33:26.854+0000][1][safepoint    ] Total time for which application threads were stopped: 0.0097839 seconds, Stopping threads took: 0.0096912 seconds
[2019-12-08T11:33:26.857+0000][1][safepoint    ] Application time: 0.0029320 seconds
[2019-12-08T11:33:26.906+0000][1][safepoint    ] Entering safepoint region: RevokeBias
[2019-12-08T11:33:26.906+0000][1][safepoint    ] Leaving safepoint region
[2019-12-08T11:33:26.906+0000][1][safepoint    ] Total time for which application threads were stopped: 0.0491251 seconds, Stopping threads took: 0.0490449 seconds
[2019-12-08T11:33:27.467+0000][1][safepoint    ] Application time: 0.5607984 seconds
[2019-12-08T11:33:27.467+0000][1][safepoint    ] Entering safepoint region: GenCollectForAllocation
[2019-12-08T11:33:27.467+0000][1][gc,start     ] GC(20) Pause Young (Allocation Failure)
[2019-12-08T11:33:27.467+0000][1][gc,task      ] GC(20) Using 4 workers of 4 for evacuation
[2019-12-08T11:33:27.633+0000][1][gc,age       ] GC(20) Desired survivor size 4456448 bytes, new threshold 2 (max threshold 6)
[2019-12-08T11:33:27.633+0000][1][gc,age       ] GC(20) Age table with threshold 2 (max threshold 6)
[2019-12-08T11:33:27.633+0000][1][gc,age       ] GC(20) - age   1:    2737448 bytes,    2737448 total
[2019-12-08T11:33:27.633+0000][1][gc,age       ] GC(20) - age   2:    2546128 bytes,    5283576 total
[2019-12-08T11:33:27.633+0000][1][gc,heap      ] GC(20) ParNew: 77128K->6230K(78656K)
[2019-12-08T11:33:27.633+0000][1][gc,heap      ] GC(20) CMS: 54675K->57821K(174784K)
[2019-12-08T11:33:27.633+0000][1][gc,metaspace ] GC(20) Metaspace: 48407K->48407K(1093632K)
[2019-12-08T11:33:27.633+0000][1][gc           ] GC(20) Pause Young (Allocation Failure) 128M->62M(247M) 165.845ms
[2019-12-08T11:33:27.633+0000][1][gc,cpu       ] GC(20) User=0.07s Sys=0.00s Real=0.17s
[2019-12-08T11:33:27.633+0000][1][safepoint    ] Leaving safepoint region
[2019-12-08T11:33:27.633+0000][1][safepoint    ] Total time for which application threads were stopped: 0.1660031 seconds, Stopping threads took: 0.0000165 seconds
[2019-12-08T11:33:27.920+0000][1][safepoint    ] Application time: 0.2875053 seconds
[2019-12-08T11:33:27.963+0000][1][safepoint    ] Entering safepoint region: RevokeBias
[2019-12-08T11:33:27.963+0000][1][safepoint    ] Leaving safepoint region
[2019-12-08T11:33:27.963+0000][1][safepoint    ] Total time for which application threads were stopped: 0.0425255 seconds, Stopping threads took: 0.0424597 seconds
[2019-12-08T11:33:27.967+0000][1][safepoint    ] Application time: 0.0040059 seconds
[2019-12-08T11:33:28.013+0000][1][safepoint    ] Entering safepoint region: RevokeBias
[2019-12-08T11:33:28.013+0000][1][safepoint    ] Leaving safepoint region
[2019-12-08T11:33:28.013+0000][1][safepoint    ] Total time for which application threads were stopped: 0.0460601 seconds, Stopping threads took: 0.0459862 seconds
[2019-12-08T11:33:28.013+0000][1][safepoint    ] Application time: 0.0002249 seconds
[2019-12-08T11:33:28.013+0000][1][safepoint    ] Entering safepoint region: RevokeBias
[2019-12-08T11:33:28.013+0000][1][safepoint    ] Leaving safepoint region
[2019-12-08T11:33:28.013+0000][1][safepoint    ] Total time for which application threads were stopped: 0.0001052 seconds, Stopping threads took: 0.0000108 seconds
[2019-12-08T11:33:28.013+0000][1][safepoint    ] Application time: 0.0000684 seconds
[2019-12-08T11:33:28.013+0000][1][safepoint    ] Entering safepoint region: RevokeBias
[2019-12-08T11:33:28.013+0000][1][safepoint    ] Leaving safepoint region
[2019-12-08T11:33:28.013+0000][1][safepoint    ] Total time for which application threads were stopped: 0.0000608 seconds, Stopping threads took: 0.0000086 seconds
[2019-12-08T11:33:28.014+0000][1][safepoint    ] Application time: 0.0000497 seconds
[2019-12-08T11:33:28.014+0000][1][safepoint    ] Entering safepoint region: RevokeBias
[2019-12-08T11:33:28.014+0000][1][safepoint    ] Leaving safepoint region
[2019-12-08T11:33:28.014+0000][1][safepoint    ] Total time for which application threads were stopped: 0.0000482 seconds, Stopping threads took: 0.0000074 seconds
[2019-12-08T11:33:28.014+0000][1][safepoint    ] Application time: 0.0000453 seconds
[2019-12-08T11:33:28.014+0000][1][safepoint    ] Entering safepoint region: RevokeBias
[2019-12-08T11:33:28.014+0000][1][safepoint    ] Leaving safepoint region
[2019-12-08T11:33:28.014+0000][1][safepoint    ] Total time for which application threads were stopped: 0.0000474 seconds, Stopping threads took: 0.0000071 seconds
[2019-12-08T11:33:28.014+0000][1][safepoint    ] Application time: 0.0000455 seconds
[2019-12-08T11:33:28.014+0000][1][safepoint    ] Entering safepoint region: RevokeBias
[2019-12-08T11:33:28.014+0000][1][safepoint    ] Leaving safepoint region
[2019-12-08T11:33:28.014+0000][1][safepoint    ] Total time for which application threads were stopped: 0.0000507 seconds, Stopping threads took: 0.0000076 seconds
[2019-12-08T11:33:28.014+0000][1][safepoint    ] Application time: 0.0000444 seconds
[2019-12-08T11:33:28.014+0000][1][safepoint    ] Entering safepoint region: RevokeBias
[2019-12-08T11:33:28.014+0000][1][safepoint    ] Leaving safepoint region
[2019-12-08T11:33:28.014+0000][1][safepoint    ] Total time for which application threads were stopped: 0.0000470 seconds, Stopping threads took: 0.0000069 seconds
[2019-12-08T11:33:28.014+0000][1][safepoint    ] Application time: 0.0000445 seconds
[2019-12-08T11:33:28.014+0000][1][safepoint    ] Entering safepoint region: RevokeBias
[2019-12-08T11:33:28.014+0000][1][safepoint    ] Leaving safepoint region
[2019-12-08T11:33:28.014+0000][1][safepoint    ] Total time for which application threads were stopped: 0.0000470 seconds, Stopping threads took: 0.0000071 seconds
[2019-12-08T11:33:28.014+0000][1][safepoint    ] Application time: 0.0000477 seconds
[2019-12-08T11:33:28.014+0000][1][safepoint    ] Entering safepoint region: RevokeBias
[2019-12-08T11:33:28.014+0000][1][safepoint    ] Leaving safepoint region
[2019-12-08T11:33:28.014+0000][1][safepoint    ] Total time for which application threads were stopped: 0.0000466 seconds, Stopping threads took: 0.0000071 seconds
[2019-12-08T11:33:28.014+0000][1][safepoint    ] Application time: 0.0000452 seconds
[2019-12-08T11:33:28.014+0000][1][safepoint    ] Entering safepoint region: RevokeBias
[2019-12-08T11:33:28.014+0000][1][safepoint    ] Leaving safepoint region
[2019-12-08T11:33:28.014+0000][1][safepoint    ] Total time for which application threads were stopped: 0.0000458 seconds, Stopping threads took: 0.0000072 seconds
[2019-12-08T11:33:28.014+0000][1][safepoint    ] Application time: 0.0000436 seconds
[2019-12-08T11:33:28.014+0000][1][safepoint    ] Entering safepoint region: RevokeBias
[2019-12-08T11:33:28.014+0000][1][safepoint    ] Leaving safepoint region
[2019-12-08T11:33:28.014+0000][1][safepoint    ] Total time for which application threads were stopped: 0.0000457 seconds, Stopping threads took: 0.0000068 seconds
[2019-12-08T11:33:28.209+0000][1][safepoint    ] Application time: 0.1948667 seconds
[2019-12-08T11:33:28.209+0000][1][safepoint    ] Entering safepoint region: RevokeBias
[2019-12-08T11:33:28.210+0000][1][safepoint    ] Leaving safepoint region
[2019-12-08T11:33:28.210+0000][1][safepoint    ] Total time for which application threads were stopped: 0.0004870 seconds, Stopping threads took: 0.0000157 seconds
[2019-12-08T11:33:28.952+0000][1][safepoint    ] Application time: 0.7419867 seconds
[2019-12-08T11:33:28.952+0000][1][safepoint    ] Entering safepoint region: RevokeBias
[2019-12-08T11:33:28.952+0000][1][safepoint    ] Leaving safepoint region
[2019-12-08T11:33:28.952+0000][1][safepoint    ] Total time for which application threads were stopped: 0.0000821 seconds, Stopping threads took: 0.0000162 seconds
[2019-12-08T11:33:28.993+0000][1][safepoint    ] Application time: 0.0408756 seconds
[2019-12-08T11:33:28.993+0000][1][safepoint    ] Entering safepoint region: BulkRevokeBias
[2019-12-08T11:33:28.993+0000][1][safepoint    ] Leaving safepoint region
[2019-12-08T11:33:28.993+0000][1][safepoint    ] Total time for which application threads were stopped: 0.0001916 seconds, Stopping threads took: 0.0000180 seconds
[2019-12-08T11:33:29.025+0000][1][safepoint    ] Application time: 0.0319252 seconds
[2019-12-08T11:33:29.030+0000][1][safepoint    ] Entering safepoint region: RevokeBias
[2019-12-08T11:33:29.030+0000][1][safepoint    ] Leaving safepoint region
[2019-12-08T11:33:29.030+0000][1][safepoint    ] Total time for which application threads were stopped: 0.0048831 seconds, Stopping threads took: 0.0048157 seconds
[2019-12-08T11:33:30.076+0000][1][safepoint    ] Application time: 1.0459134 seconds
[2019-12-08T11:33:30.076+0000][1][safepoint    ] Entering safepoint region: Cleanup
[2019-12-08T11:33:30.076+0000][1][safepoint    ] Leaving safepoint region
[2019-12-08T11:33:30.076+0000][1][safepoint    ] Total time for which application threads were stopped: 0.0006155 seconds, Stopping threads took: 0.0001228 seconds
[2019-12-08T11:33:30.076+0000][1][safepoint    ] Application time: 0.0000210 seconds
[2019-12-08T11:33:30.076+0000][1][safepoint    ] Entering safepoint region: RevokeBias
[2019-12-08T11:33:30.076+0000][1][safepoint    ] Leaving safepoint region
[2019-12-08T11:33:30.076+0000][1][safepoint    ] Total time for which application threads were stopped: 0.0000612 seconds, Stopping threads took: 0.0000101 seconds
[2019-12-08T11:33:31.078+0000][1][safepoint    ] Application time: 1.0012293 seconds
[2019-12-08T11:33:31.078+0000][1][safepoint    ] Entering safepoint region: Cleanup
[2019-12-08T11:33:31.078+0000][1][safepoint    ] Leaving safepoint region
[2019-12-08T11:33:31.078+0000][1][safepoint    ] Total time for which application threads were stopped: 0.0001072 seconds, Stopping threads took: 0.0000194 seconds
[2019-12-08T11:33:32.081+0000][1][safepoint    ] Application time: 1.0028493 seconds
[2019-12-08T11:33:32.083+0000][1][safepoint    ] Entering safepoint region: Cleanup
[2019-12-08T11:33:32.083+0000][1][safepoint    ] Leaving safepoint region
[2019-12-08T11:33:32.083+0000][1][safepoint    ] Total time for which application threads were stopped: 0.0021868 seconds, Stopping threads took: 0.0020887 seconds
[2019-12-08T11:33:32.260+0000][1][safepoint    ] Application time: 0.1767638 seconds
[2019-12-08T11:33:32.260+0000][1][safepoint    ] Entering safepoint region: GenCollectForAllocation
[2019-12-08T11:33:32.260+0000][1][gc,start     ] GC(21) Pause Young (Allocation Failure)
[2019-12-08T11:33:32.260+0000][1][gc,task      ] GC(21) Using 4 workers of 4 for evacuation
[2019-12-08T11:33:32.349+0000][1][gc,age       ] GC(21) Desired survivor size 4456448 bytes, new threshold 6 (max threshold 6)
[2019-12-08T11:33:32.349+0000][1][gc,age       ] GC(21) Age table with threshold 6 (max threshold 6)
[2019-12-08T11:33:32.349+0000][1][gc,age       ] GC(21) - age   1:    1639776 bytes,    1639776 total
[2019-12-08T11:33:32.349+0000][1][gc,age       ] GC(21) - age   2:    2667048 bytes,    4306824 total
[2019-12-08T11:33:32.349+0000][1][gc,heap      ] GC(21) ParNew: 76182K->6394K(78656K)
[2019-12-08T11:33:32.349+0000][1][gc,heap      ] GC(21) CMS: 57821K->60372K(174784K)
[2019-12-08T11:33:32.349+0000][1][gc,metaspace ] GC(21) Metaspace: 56147K->56147K(1099776K)
[2019-12-08T11:33:32.349+0000][1][gc           ] GC(21) Pause Young (Allocation Failure) 130M->65M(247M) 89.102ms
[2019-12-08T11:33:32.349+0000][1][gc,cpu       ] GC(21) User=0.05s Sys=0.00s Real=0.09s
[2019-12-08T11:33:32.349+0000][1][safepoint    ] Leaving safepoint region
[2019-12-08T11:33:32.349+0000][1][safepoint    ] Total time for which application threads were stopped: 0.0892602 seconds, Stopping threads took: 0.0000164 seconds
[2019-12-08T11:33:32.933+0000][1][safepoint    ] Application time: 0.5842600 seconds
[2019-12-08T11:33:32.933+0000][1][safepoint    ] Entering safepoint region: Deoptimize
[2019-12-08T11:33:32.934+0000][1][safepoint    ] Leaving safepoint region
[2019-12-08T11:33:32.934+0000][1][safepoint    ] Total time for which application threads were stopped: 0.0007162 seconds, Stopping threads took: 0.0000164 seconds
[2019-12-08T11:33:33.198+0000][1][safepoint    ] Application time: 0.2636759 seconds
[2019-12-08T11:33:33.198+0000][1][safepoint    ] Entering safepoint region: RevokeBias
[2019-12-08T11:33:33.198+0000][1][safepoint    ] Leaving safepoint region
[2019-12-08T11:33:33.198+0000][1][safepoint    ] Total time for which application threads were stopped: 0.0001191 seconds, Stopping threads took: 0.0000174 seconds
[2019-12-08T11:33:33.222+0000][1][safepoint    ] Application time: 0.0241384 seconds
[2019-12-08T11:33:33.222+0000][1][safepoint    ] Entering safepoint region: RevokeBias
[2019-12-08T11:33:33.222+0000][1][safepoint    ] Leaving safepoint region
[2019-12-08T11:33:33.222+0000][1][safepoint    ] Total time for which application threads were stopped: 0.0000890 seconds, Stopping threads took: 0.0000168 seconds
[2019-12-08T11:33:33.222+0000][1][safepoint    ] Application time: 0.0001602 seconds
[2019-12-08T11:33:33.222+0000][1][safepoint    ] Entering safepoint region: RevokeBias
[2019-12-08T11:33:33.222+0000][1][safepoint    ] Leaving safepoint region
[2019-12-08T11:33:33.222+0000][1][safepoint    ] Total time for which application threads were stopped: 0.0000677 seconds, Stopping threads took: 0.0000097 seconds
[2019-12-08T11:33:33.225+0000][1][safepoint    ] Application time: 0.0030032 seconds
[2019-12-08T11:33:33.225+0000][1][safepoint    ] Entering safepoint region: RevokeBias
[2019-12-08T11:33:33.225+0000][1][safepoint    ] Leaving safepoint region
[2019-12-08T11:33:33.225+0000][1][safepoint    ] Total time for which application threads were stopped: 0.0000683 seconds, Stopping threads took: 0.0000128 seconds
[2019-12-08T11:33:34.209+0000][1][safepoint    ] Application time: 0.9832153 seconds
[2019-12-08T11:33:34.209+0000][1][safepoint    ] Entering safepoint region: Deoptimize
[2019-12-08T11:33:34.211+0000][1][safepoint    ] Leaving safepoint region
[2019-12-08T11:33:34.211+0000][1][safepoint    ] Total time for which application threads were stopped: 0.0017945 seconds, Stopping threads took: 0.0000167 seconds
[2019-12-08T11:33:35.281+0000][1][safepoint    ] Application time: 1.0701856 seconds
[2019-12-08T11:33:35.346+0000][1][safepoint    ] Entering safepoint region: RevokeBias
[2019-12-08T11:33:35.346+0000][1][safepoint    ] Leaving safepoint region
[2019-12-08T11:33:35.346+0000][1][safepoint    ] Total time for which application threads were stopped: 0.0652943 seconds, Stopping threads took: 0.0649815 seconds
[2019-12-08T11:33:35.346+0000][1][safepoint    ] Application time: 0.0000677 seconds
[2019-12-08T11:33:35.346+0000][1][safepoint    ] Entering safepoint region: RevokeBias
[2019-12-08T11:33:35.346+0000][1][safepoint    ] Leaving safepoint region
[2019-12-08T11:33:35.346+0000][1][safepoint    ] Total time for which application threads were stopped: 0.0000804 seconds, Stopping threads took: 0.0000097 seconds
[2019-12-08T11:33:35.346+0000][1][safepoint    ] Application time: 0.0002050 seconds
[2019-12-08T11:33:35.346+0000][1][safepoint    ] Entering safepoint region: RevokeBias
[2019-12-08T11:33:35.347+0000][1][safepoint    ] Leaving safepoint region
[2019-12-08T11:33:35.347+0000][1][safepoint    ] Total time for which application threads were stopped: 0.0000905 seconds, Stopping threads took: 0.0000106 seconds
[2019-12-08T11:33:36.413+0000][1][safepoint    ] Application time: 1.0661427 seconds
[2019-12-08T11:33:36.418+0000][1][safepoint    ] Entering safepoint region: Cleanup
[2019-12-08T11:33:36.418+0000][1][safepoint    ] Leaving safepoint region
[2019-12-08T11:33:36.418+0000][1][safepoint    ] Total time for which application threads were stopped: 0.0050837 seconds, Stopping threads took: 0.0049962 seconds
[2019-12-08T11:33:36.644+0000][1][safepoint    ] Application time: 0.2256736 seconds
[2019-12-08T11:33:36.644+0000][1][safepoint    ] Entering safepoint region: BulkRevokeBias
[2019-12-08T11:33:36.644+0000][1][safepoint    ] Leaving safepoint region
[2019-12-08T11:33:36.644+0000][1][safepoint    ] Total time for which application threads were stopped: 0.0002136 seconds, Stopping threads took: 0.0000155 seconds
[2019-12-08T11:33:36.851+0000][1][safepoint    ] Application time: 0.2072883 seconds
[2019-12-08T11:33:36.851+0000][1][safepoint    ] Entering safepoint region: GenCollectForAllocation
[2019-12-08T11:33:36.851+0000][1][gc,start     ] GC(22) Pause Young (Allocation Failure)
[2019-12-08T11:33:36.851+0000][1][gc,task      ] GC(22) Using 4 workers of 4 for evacuation
[2019-12-08T11:33:36.997+0000][1][gc,age       ] GC(22) Desired survivor size 4456448 bytes, new threshold 2 (max threshold 6)
[2019-12-08T11:33:36.997+0000][1][gc,age       ] GC(22) Age table with threshold 2 (max threshold 6)
[2019-12-08T11:33:36.997+0000][1][gc,age       ] GC(22) - age   1:    3683744 bytes,    3683744 total
[2019-12-08T11:33:36.997+0000][1][gc,age       ] GC(22) - age   2:    1561760 bytes,    5245504 total
[2019-12-08T11:33:36.997+0000][1][gc,age       ] GC(22) - age   3:    2638848 bytes,    7884352 total
[2019-12-08T11:33:36.997+0000][1][gc,heap      ] GC(22) ParNew: 76346K->8704K(78656K)
[2019-12-08T11:33:36.997+0000][1][gc,heap      ] GC(22) CMS: 60372K->60372K(174784K)
[2019-12-08T11:33:36.997+0000][1][gc,metaspace ] GC(22) Metaspace: 63333K->63333K(1107968K)
[2019-12-08T11:33:36.997+0000][1][gc           ] GC(22) Pause Young (Allocation Failure) 133M->67M(247M) 146.279ms
[2019-12-08T11:33:36.997+0000][1][gc,cpu       ] GC(22) User=0.08s Sys=0.00s Real=0.14s
[2019-12-08T11:33:36.998+0000][1][safepoint    ] Leaving safepoint region
[2019-12-08T11:33:36.998+0000][1][safepoint    ] Total time for which application threads were stopped: 0.1464358 seconds, Stopping threads took: 0.0000167 seconds
[2019-12-08T11:33:37.145+0000][1][safepoint    ] Application time: 0.1474559 seconds
[2019-12-08T11:33:37.145+0000][1][safepoint    ] Entering safepoint region: Deoptimize
[2019-12-08T11:33:37.146+0000][1][safepoint    ] Leaving safepoint region
[2019-12-08T11:33:37.146+0000][1][safepoint    ] Total time for which application threads were stopped: 0.0006609 seconds, Stopping threads took: 0.0000167 seconds
[2019-12-08T11:33:37.173+0000][1][safepoint    ] Application time: 0.0268516 seconds
[2019-12-08T11:33:37.173+0000][1][safepoint    ] Entering safepoint region: RevokeBias
[2019-12-08T11:33:37.173+0000][1][safepoint    ] Leaving safepoint region
[2019-12-08T11:33:37.173+0000][1][safepoint    ] Total time for which application threads were stopped: 0.0001168 seconds, Stopping threads took: 0.0000154 seconds
[2019-12-08T11:33:37.173+0000][1][safepoint    ] Application time: 0.0004247 seconds
[2019-12-08T11:33:37.173+0000][1][safepoint    ] Entering safepoint region: RevokeBias
[2019-12-08T11:33:37.173+0000][1][safepoint    ] Leaving safepoint region
[2019-12-08T11:33:37.173+0000][1][safepoint    ] Total time for which application threads were stopped: 0.0000537 seconds, Stopping threads took: 0.0000110 seconds
[2019-12-08T11:33:37.174+0000][1][safepoint    ] Application time: 0.0009021 seconds
[2019-12-08T11:33:37.174+0000][1][safepoint    ] Entering safepoint region: RevokeBias
[2019-12-08T11:33:37.174+0000][1][safepoint    ] Leaving safepoint region
[2019-12-08T11:33:37.174+0000][1][safepoint    ] Total time for which application threads were stopped: 0.0000606 seconds, Stopping threads took: 0.0000124 seconds
[2019-12-08T11:33:37.175+0000][1][safepoint    ] Application time: 0.0004022 seconds
[2019-12-08T11:33:37.175+0000][1][safepoint    ] Entering safepoint region: RevokeBias
[2019-12-08T11:33:37.175+0000][1][safepoint    ] Leaving safepoint region
[2019-12-08T11:33:37.175+0000][1][safepoint    ] Total time for which application threads were stopped: 0.0000897 seconds, Stopping threads took: 0.0000119 seconds
[2019-12-08T11:33:37.175+0000][1][safepoint    ] Application time: 0.0000654 seconds
[2019-12-08T11:33:37.175+0000][1][safepoint    ] Entering safepoint region: RevokeBias
[2019-12-08T11:33:37.175+0000][1][safepoint    ] Leaving safepoint region
[2019-12-08T11:33:37.175+0000][1][safepoint    ] Total time for which application threads were stopped: 0.0000548 seconds, Stopping threads took: 0.0000098 seconds
[2019-12-08T11:33:37.175+0000][1][safepoint    ] Application time: 0.0003793 seconds
[2019-12-08T11:33:37.175+0000][1][safepoint    ] Entering safepoint region: RevokeBias
[2019-12-08T11:33:37.175+0000][1][safepoint    ] Leaving safepoint region
[2019-12-08T11:33:37.175+0000][1][safepoint    ] Total time for which application threads were stopped: 0.0000580 seconds, Stopping threads took: 0.0000114 seconds
[2019-12-08T11:33:37.176+0000][1][safepoint    ] Application time: 0.0001925 seconds
[2019-12-08T11:33:37.176+0000][1][safepoint    ] Entering safepoint region: RevokeBias
[2019-12-08T11:33:37.176+0000][1][safepoint    ] Leaving safepoint region
[2019-12-08T11:33:37.176+0000][1][safepoint    ] Total time for which application threads were stopped: 0.0000580 seconds, Stopping threads took: 0.0000096 seconds
[2019-12-08T11:33:37.176+0000][1][safepoint    ] Application time: 0.0000580 seconds
[2019-12-08T11:33:37.176+0000][1][safepoint    ] Entering safepoint region: RevokeBias
[2019-12-08T11:33:37.176+0000][1][safepoint    ] Leaving safepoint region
[2019-12-08T11:33:37.176+0000][1][safepoint    ] Total time for which application threads were stopped: 0.0000526 seconds, Stopping threads took: 0.0000097 seconds
[2019-12-08T11:33:37.176+0000][1][safepoint    ] Application time: 0.0006239 seconds
[2019-12-08T11:33:37.176+0000][1][safepoint    ] Entering safepoint region: RevokeBias
[2019-12-08T11:33:37.176+0000][1][safepoint    ] Leaving safepoint region
[2019-12-08T11:33:37.176+0000][1][safepoint    ] Total time for which application threads were stopped: 0.0000722 seconds, Stopping threads took: 0.0000102 seconds
[2019-12-08T11:33:37.178+0000][1][safepoint    ] Application time: 0.0012596 seconds
[2019-12-08T11:33:37.178+0000][1][safepoint    ] Entering safepoint region: RevokeBias
[2019-12-08T11:33:37.178+0000][1][safepoint    ] Leaving safepoint region
[2019-12-08T11:33:37.178+0000][1][safepoint    ] Total time for which application threads were stopped: 0.0000803 seconds, Stopping threads took: 0.0000160 seconds
[2019-12-08T11:33:37.178+0000][1][safepoint    ] Application time: 0.0001123 seconds
[2019-12-08T11:33:37.178+0000][1][safepoint    ] Entering safepoint region: RevokeBias
[2019-12-08T11:33:37.178+0000][1][safepoint    ] Leaving safepoint region
[2019-12-08T11:33:37.178+0000][1][safepoint    ] Total time for which application threads were stopped: 0.0000586 seconds, Stopping threads took: 0.0000094 seconds
[2019-12-08T11:33:37.182+0000][1][safepoint    ] Application time: 0.0043570 seconds
[2019-12-08T11:33:37.182+0000][1][safepoint    ] Entering safepoint region: Deoptimize
[2019-12-08T11:33:37.183+0000][1][safepoint    ] Leaving safepoint region
[2019-12-08T11:33:37.183+0000][1][safepoint    ] Total time for which application threads were stopped: 0.0006798 seconds, Stopping threads took: 0.0000137 seconds
[2019-12-08T11:33:37.332+0000][1][safepoint    ] Application time: 0.1492825 seconds
[2019-12-08T11:33:37.381+0000][1][safepoint    ] Entering safepoint region: RevokeBias
[2019-12-08T11:33:37.381+0000][1][safepoint    ] Leaving safepoint region
[2019-12-08T11:33:37.381+0000][1][safepoint    ] Total time for which application threads were stopped: 0.0484442 seconds, Stopping threads took: 0.0483300 seconds
[2019-12-08T11:33:37.386+0000][1][safepoint    ] Application time: 0.0046831 seconds
[2019-12-08T11:33:37.386+0000][1][safepoint    ] Entering safepoint region: RevokeBias
[2019-12-08T11:33:37.386+0000][1][safepoint    ] Leaving safepoint region
[2019-12-08T11:33:37.386+0000][1][safepoint    ] Total time for which application threads were stopped: 0.0001267 seconds, Stopping threads took: 0.0000146 seconds
[2019-12-08T11:33:37.386+0000][1][safepoint    ] Application time: 0.0000702 seconds
[2019-12-08T11:33:37.386+0000][1][safepoint    ] Entering safepoint region: RevokeBias
[2019-12-08T11:33:37.386+0000][1][safepoint    ] Leaving safepoint region
[2019-12-08T11:33:37.386+0000][1][safepoint    ] Total time for which application threads were stopped: 0.0000858 seconds, Stopping threads took: 0.0000104 seconds
[2019-12-08T11:33:37.386+0000][1][safepoint    ] Application time: 0.0001406 seconds
[2019-12-08T11:33:37.386+0000][1][safepoint    ] Entering safepoint region: RevokeBias
[2019-12-08T11:33:37.386+0000][1][safepoint    ] Leaving safepoint region
[2019-12-08T11:33:37.386+0000][1][safepoint    ] Total time for which application threads were stopped: 0.0000823 seconds, Stopping threads took: 0.0000107 seconds
[2019-12-08T11:33:37.394+0000][1][safepoint    ] Application time: 0.0077513 seconds
[2019-12-08T11:33:37.394+0000][1][safepoint    ] Entering safepoint region: RevokeBias
[2019-12-08T11:33:37.394+0000][1][safepoint    ] Leaving safepoint region
[2019-12-08T11:33:37.394+0000][1][safepoint    ] Total time for which application threads were stopped: 0.0000990 seconds, Stopping threads took: 0.0000516 seconds
[2019-12-08T11:33:37.397+0000][1][safepoint    ] Application time: 0.0027899 seconds
[2019-12-08T11:33:37.397+0000][1][safepoint    ] Entering safepoint region: RevokeBias
[2019-12-08T11:33:37.397+0000][1][safepoint    ] Leaving safepoint region
[2019-12-08T11:33:37.397+0000][1][safepoint    ] Total time for which application threads were stopped: 0.0000575 seconds, Stopping threads took: 0.0000130 seconds
[2019-12-08T11:33:37.397+0000][1][safepoint    ] Application time: 0.0000891 seconds
[2019-12-08T11:33:37.397+0000][1][safepoint    ] Entering safepoint region: RevokeBias
[2019-12-08T11:33:37.397+0000][1][safepoint    ] Leaving safepoint region
[2019-12-08T11:33:37.397+0000][1][safepoint    ] Total time for which application threads were stopped: 0.0000452 seconds, Stopping threads took: 0.0000094 seconds
[2019-12-08T11:33:37.398+0000][1][safepoint    ] Application time: 0.0011947 seconds
[2019-12-08T11:33:37.398+0000][1][safepoint    ] Entering safepoint region: RevokeBias
[2019-12-08T11:33:37.398+0000][1][safepoint    ] Leaving safepoint region
[2019-12-08T11:33:37.398+0000][1][safepoint    ] Total time for which application threads were stopped: 0.0001046 seconds, Stopping threads took: 0.0000125 seconds
[2019-12-08T11:33:37.398+0000][1][safepoint    ] Application time: 0.0000666 seconds
[2019-12-08T11:33:37.398+0000][1][safepoint    ] Entering safepoint region: RevokeBias
[2019-12-08T11:33:37.399+0000][1][safepoint    ] Leaving safepoint region
[2019-12-08T11:33:37.399+0000][1][safepoint    ] Total time for which application threads were stopped: 0.0000882 seconds, Stopping threads took: 0.0000098 seconds
[2019-12-08T11:33:37.399+0000][1][safepoint    ] Application time: 0.0002952 seconds
[2019-12-08T11:33:37.399+0000][1][safepoint    ] Entering safepoint region: RevokeBias
[2019-12-08T11:33:37.399+0000][1][safepoint    ] Leaving safepoint region
[2019-12-08T11:33:37.399+0000][1][safepoint    ] Total time for which application threads were stopped: 0.0000923 seconds, Stopping threads took: 0.0000114 seconds
[2019-12-08T11:33:37.399+0000][1][safepoint    ] Application time: 0.0000584 seconds
[2019-12-08T11:33:37.399+0000][1][safepoint    ] Entering safepoint region: RevokeBias
[2019-12-08T11:33:37.399+0000][1][safepoint    ] Leaving safepoint region
[2019-12-08T11:33:37.399+0000][1][safepoint    ] Total time for which application threads were stopped: 0.0000802 seconds, Stopping threads took: 0.0000092 seconds
[2019-12-08T11:33:37.399+0000][1][safepoint    ] Application time: 0.0000604 seconds
[2019-12-08T11:33:37.399+0000][1][safepoint    ] Entering safepoint region: RevokeBias
[2019-12-08T11:33:37.399+0000][1][safepoint    ] Leaving safepoint region
[2019-12-08T11:33:37.399+0000][1][safepoint    ] Total time for which application threads were stopped: 0.0000814 seconds, Stopping threads took: 0.0000094 seconds
[2019-12-08T11:33:37.413+0000][1][safepoint    ] Application time: 0.0140172 seconds
[2019-12-08T11:33:37.444+0000][1][safepoint    ] Entering safepoint region: RevokeBias
[2019-12-08T11:33:37.444+0000][1][safepoint    ] Leaving safepoint region
[2019-12-08T11:33:37.444+0000][1][safepoint    ] Total time for which application threads were stopped: 0.0304954 seconds, Stopping threads took: 0.0303728 seconds
[2019-12-08T11:33:37.446+0000][1][safepoint    ] Application time: 0.0019269 seconds
[2019-12-08T11:33:37.446+0000][1][safepoint    ] Entering safepoint region: RevokeBias
[2019-12-08T11:33:37.446+0000][1][safepoint    ] Leaving safepoint region
[2019-12-08T11:33:37.446+0000][1][safepoint    ] Total time for which application threads were stopped: 0.0001869 seconds, Stopping threads took: 0.0000925 seconds
[2019-12-08T11:33:37.454+0000][1][safepoint    ] Application time: 0.0078031 seconds
[2019-12-08T11:33:37.454+0000][1][safepoint    ] Entering safepoint region: RevokeBias
[2019-12-08T11:33:37.454+0000][1][safepoint    ] Leaving safepoint region
[2019-12-08T11:33:37.454+0000][1][safepoint    ] Total time for which application threads were stopped: 0.0000912 seconds, Stopping threads took: 0.0000138 seconds
[2019-12-08T11:33:37.455+0000][1][safepoint    ] Application time: 0.0014573 seconds
[2019-12-08T11:33:37.455+0000][1][safepoint    ] Entering safepoint region: RevokeBias
[2019-12-08T11:33:37.456+0000][1][safepoint    ] Leaving safepoint region
[2019-12-08T11:33:37.456+0000][1][safepoint    ] Total time for which application threads were stopped: 0.0000904 seconds, Stopping threads took: 0.0000127 seconds
[2019-12-08T11:33:37.456+0000][1][safepoint    ] Application time: 0.0000628 seconds
[2019-12-08T11:33:37.456+0000][1][safepoint    ] Entering safepoint region: RevokeBias
[2019-12-08T11:33:37.456+0000][1][safepoint    ] Leaving safepoint region
[2019-12-08T11:33:37.456+0000][1][safepoint    ] Total time for which application threads were stopped: 0.0000672 seconds, Stopping threads took: 0.0000096 seconds
[2019-12-08T11:33:37.456+0000][1][safepoint    ] Application time: 0.0003688 seconds
[2019-12-08T11:33:37.456+0000][1][safepoint    ] Entering safepoint region: RevokeBias
[2019-12-08T11:33:37.456+0000][1][safepoint    ] Leaving safepoint region
[2019-12-08T11:33:37.456+0000][1][safepoint    ] Total time for which application threads were stopped: 0.0000836 seconds, Stopping threads took: 0.0000121 seconds
[2019-12-08T11:33:37.456+0000][1][safepoint    ] Application time: 0.0000634 seconds
[2019-12-08T11:33:37.456+0000][1][safepoint    ] Entering safepoint region: RevokeBias
[2019-12-08T11:33:37.456+0000][1][safepoint    ] Leaving safepoint region
[2019-12-08T11:33:37.456+0000][1][safepoint    ] Total time for which application threads were stopped: 0.0000698 seconds, Stopping threads took: 0.0000095 seconds
[2019-12-08T11:33:37.456+0000][1][safepoint    ] Application time: 0.0001299 seconds
[2019-12-08T11:33:37.456+0000][1][safepoint    ] Entering safepoint region: RevokeBias
[2019-12-08T11:33:37.457+0000][1][safepoint    ] Leaving safepoint region
[2019-12-08T11:33:37.457+0000][1][safepoint    ] Total time for which application threads were stopped: 0.0000762 seconds, Stopping threads took: 0.0000101 seconds
[2019-12-08T11:33:37.457+0000][1][safepoint    ] Application time: 0.0002820 seconds
[2019-12-08T11:33:37.457+0000][1][safepoint    ] Entering safepoint region: RevokeBias
[2019-12-08T11:33:37.457+0000][1][safepoint    ] Leaving safepoint region
[2019-12-08T11:33:37.457+0000][1][safepoint    ] Total time for which application threads were stopped: 0.0000809 seconds, Stopping threads took: 0.0000113 seconds
[2019-12-08T11:33:37.457+0000][1][safepoint    ] Application time: 0.0001025 seconds
[2019-12-08T11:33:37.457+0000][1][safepoint    ] Entering safepoint region: RevokeBias
[2019-12-08T11:33:37.457+0000][1][safepoint    ] Leaving safepoint region
[2019-12-08T11:33:37.457+0000][1][safepoint    ] Total time for which application threads were stopped: 0.0000762 seconds, Stopping threads took: 0.0000098 seconds
[2019-12-08T11:33:37.457+0000][1][safepoint    ] Application time: 0.0000586 seconds
[2019-12-08T11:33:37.457+0000][1][safepoint    ] Entering safepoint region: RevokeBias
[2019-12-08T11:33:37.457+0000][1][safepoint    ] Leaving safepoint region
[2019-12-08T11:33:37.457+0000][1][safepoint    ] Total time for which application threads were stopped: 0.0000724 seconds, Stopping threads took: 0.0000092 seconds
[2019-12-08T11:33:37.458+0000][1][safepoint    ] Application time: 0.0006067 seconds
[2019-12-08T11:33:37.458+0000][1][safepoint    ] Entering safepoint region: RevokeBias
[2019-12-08T11:33:37.458+0000][1][safepoint    ] Leaving safepoint region
[2019-12-08T11:33:37.458+0000][1][safepoint    ] Total time for which application threads were stopped: 0.0000839 seconds, Stopping threads took: 0.0000125 seconds
[2019-12-08T11:33:37.458+0000][1][safepoint    ] Application time: 0.0001922 seconds
[2019-12-08T11:33:37.458+0000][1][safepoint    ] Entering safepoint region: RevokeBias
[2019-12-08T11:33:37.458+0000][1][safepoint    ] Leaving safepoint region
[2019-12-08T11:33:37.458+0000][1][safepoint    ] Total time for which application threads were stopped: 0.0000708 seconds, Stopping threads took: 0.0000092 seconds
[2019-12-08T11:33:37.458+0000][1][safepoint    ] Application time: 0.0000576 seconds
[2019-12-08T11:33:37.458+0000][1][safepoint    ] Entering safepoint region: RevokeBias
[2019-12-08T11:33:37.458+0000][1][safepoint    ] Leaving safepoint region
[2019-12-08T11:33:37.458+0000][1][safepoint    ] Total time for which application threads were stopped: 0.0000667 seconds, Stopping threads took: 0.0000081 seconds
[2019-12-08T11:33:37.459+0000][1][safepoint    ] Application time: 0.0001232 seconds
[2019-12-08T11:33:37.459+0000][1][safepoint    ] Entering safepoint region: RevokeBias
[2019-12-08T11:33:37.459+0000][1][safepoint    ] Leaving safepoint region
[2019-12-08T11:33:37.459+0000][1][safepoint    ] Total time for which application threads were stopped: 0.0000657 seconds, Stopping threads took: 0.0000087 seconds
[2019-12-08T11:33:37.459+0000][1][safepoint    ] Application time: 0.0001279 seconds
[2019-12-08T11:33:37.459+0000][1][safepoint    ] Entering safepoint region: RevokeBias
[2019-12-08T11:33:37.459+0000][1][safepoint    ] Leaving safepoint region
[2019-12-08T11:33:37.459+0000][1][safepoint    ] Total time for which application threads were stopped: 0.0000781 seconds, Stopping threads took: 0.0000089 seconds
[2019-12-08T11:33:37.459+0000][1][safepoint    ] Application time: 0.0000542 seconds
[2019-12-08T11:33:37.459+0000][1][safepoint    ] Entering safepoint region: RevokeBias
[2019-12-08T11:33:37.459+0000][1][safepoint    ] Leaving safepoint region
[2019-12-08T11:33:37.459+0000][1][safepoint    ] Total time for which application threads were stopped: 0.0000650 seconds, Stopping threads took: 0.0000077 seconds
[2019-12-08T11:33:37.459+0000][1][safepoint    ] Application time: 0.0001188 seconds
[2019-12-08T11:33:37.459+0000][1][safepoint    ] Entering safepoint region: RevokeBias
[2019-12-08T11:33:37.459+0000][1][safepoint    ] Leaving safepoint region
[2019-12-08T11:33:37.459+0000][1][safepoint    ] Total time for which application threads were stopped: 0.0000653 seconds, Stopping threads took: 0.0000080 seconds
[2019-12-08T11:33:37.459+0000][1][safepoint    ] Application time: 0.0002085 seconds
[2019-12-08T11:33:37.459+0000][1][safepoint    ] Entering safepoint region: RevokeBias
[2019-12-08T11:33:37.459+0000][1][safepoint    ] Leaving safepoint region
[2019-12-08T11:33:37.459+0000][1][safepoint    ] Total time for which application threads were stopped: 0.0000425 seconds, Stopping threads took: 0.0000093 seconds
[2019-12-08T11:33:37.460+0000][1][safepoint    ] Application time: 0.0001151 seconds
[2019-12-08T11:33:37.460+0000][1][safepoint    ] Entering safepoint region: BulkRevokeBias
[2019-12-08T11:33:37.460+0000][1][safepoint    ] Leaving safepoint region
[2019-12-08T11:33:37.460+0000][1][safepoint    ] Total time for which application threads were stopped: 0.0002035 seconds, Stopping threads took: 0.0000085 seconds
[2019-12-08T11:33:37.473+0000][1][safepoint    ] Application time: 0.0130170 seconds
[2019-12-08T11:33:37.473+0000][1][safepoint    ] Entering safepoint region: RevokeBias
[2019-12-08T11:33:37.473+0000][1][safepoint    ] Leaving safepoint region
[2019-12-08T11:33:37.473+0000][1][safepoint    ] Total time for which application threads were stopped: 0.0000773 seconds, Stopping threads took: 0.0000110 seconds
[2019-12-08T11:33:37.474+0000][1][safepoint    ] Application time: 0.0010305 seconds
[2019-12-08T11:33:37.474+0000][1][safepoint    ] Entering safepoint region: RevokeBias
[2019-12-08T11:33:37.474+0000][1][safepoint    ] Leaving safepoint region
[2019-12-08T11:33:37.474+0000][1][safepoint    ] Total time for which application threads were stopped: 0.0000903 seconds, Stopping threads took: 0.0000117 seconds
[2019-12-08T11:33:37.474+0000][1][safepoint    ] Application time: 0.0000622 seconds
[2019-12-08T11:33:37.474+0000][1][safepoint    ] Entering safepoint region: RevokeBias
[2019-12-08T11:33:37.474+0000][1][safepoint    ] Leaving safepoint region
[2019-12-08T11:33:37.474+0000][1][safepoint    ] Total time for which application threads were stopped: 0.0000721 seconds, Stopping threads took: 0.0000088 seconds
[2019-12-08T11:33:37.557+0000][1][safepoint    ] Application time: 0.0825790 seconds
[2019-12-08T11:33:37.564+0000][1][safepoint    ] Entering safepoint region: RevokeBias
[2019-12-08T11:33:37.564+0000][1][safepoint    ] Leaving safepoint region
[2019-12-08T11:33:37.564+0000][1][safepoint    ] Total time for which application threads were stopped: 0.0070090 seconds, Stopping threads took: 0.0069241 seconds
[2019-12-08T11:33:37.582+0000][1][safepoint    ] Application time: 0.0182769 seconds
[2019-12-08T11:33:37.582+0000][1][safepoint    ] Entering safepoint region: RevokeBias
[2019-12-08T11:33:37.582+0000][1][safepoint    ] Leaving safepoint region
[2019-12-08T11:33:37.582+0000][1][safepoint    ] Total time for which application threads were stopped: 0.0001728 seconds, Stopping threads took: 0.0000519 seconds
[2019-12-08T11:33:37.590+0000][1][safepoint    ] Application time: 0.0074095 seconds
[2019-12-08T11:33:37.590+0000][1][safepoint    ] Entering safepoint region: RevokeBias
[2019-12-08T11:33:37.590+0000][1][safepoint    ] Leaving safepoint region
[2019-12-08T11:33:37.590+0000][1][safepoint    ] Total time for which application threads were stopped: 0.0001746 seconds, Stopping threads took: 0.0000928 seconds
[2019-12-08T11:33:37.590+0000][1][safepoint    ] Application time: 0.0000559 seconds
[2019-12-08T11:33:37.590+0000][1][safepoint    ] Entering safepoint region: RevokeBias
[2019-12-08T11:33:37.590+0000][1][safepoint    ] Leaving safepoint region
[2019-12-08T11:33:37.590+0000][1][safepoint    ] Total time for which application threads were stopped: 0.0000646 seconds, Stopping threads took: 0.0000085 seconds
[2019-12-08T11:33:37.590+0000][1][safepoint    ] Application time: 0.0000379 seconds
[2019-12-08T11:33:37.590+0000][1][safepoint    ] Entering safepoint region: RevokeBias
[2019-12-08T11:33:37.590+0000][1][safepoint    ] Leaving safepoint region
[2019-12-08T11:33:37.590+0000][1][safepoint    ] Total time for which application threads were stopped: 0.0000665 seconds, Stopping threads took: 0.0000077 seconds
[2019-12-08T11:33:37.590+0000][1][safepoint    ] Application time: 0.0000385 seconds
[2019-12-08T11:33:37.590+0000][1][safepoint    ] Entering safepoint region: RevokeBias
[2019-12-08T11:33:37.590+0000][1][safepoint    ] Leaving safepoint region
[2019-12-08T11:33:37.590+0000][1][safepoint    ] Total time for which application threads were stopped: 0.0000598 seconds, Stopping threads took: 0.0000081 seconds
[2019-12-08T11:33:37.590+0000][1][safepoint    ] Application time: 0.0000410 seconds
[2019-12-08T11:33:37.590+0000][1][safepoint    ] Entering safepoint region: RevokeBias
[2019-12-08T11:33:37.590+0000][1][safepoint    ] Leaving safepoint region
[2019-12-08T11:33:37.590+0000][1][safepoint    ] Total time for which application threads were stopped: 0.0000608 seconds, Stopping threads took: 0.0000080 seconds
[2019-12-08T11:33:37.590+0000][1][safepoint    ] Application time: 0.0000376 seconds
[2019-12-08T11:33:37.591+0000][1][safepoint    ] Entering safepoint region: RevokeBias
[2019-12-08T11:33:37.591+0000][1][safepoint    ] Leaving safepoint region
[2019-12-08T11:33:37.591+0000][1][safepoint    ] Total time for which application threads were stopped: 0.0000585 seconds, Stopping threads took: 0.0000081 seconds
[2019-12-08T11:33:37.591+0000][1][safepoint    ] Application time: 0.0000400 seconds
[2019-12-08T11:33:37.591+0000][1][safepoint    ] Entering safepoint region: RevokeBias
[2019-12-08T11:33:37.591+0000][1][safepoint    ] Leaving safepoint region
[2019-12-08T11:33:37.591+0000][1][safepoint    ] Total time for which application threads were stopped: 0.0000901 seconds, Stopping threads took: 0.0000083 seconds
[2019-12-08T11:33:37.713+0000][1][safepoint    ] Application time: 0.1223298 seconds
[2019-12-08T11:33:37.734+0000][1][safepoint    ] Entering safepoint region: RevokeBias
[2019-12-08T11:33:37.734+0000][1][safepoint    ] Leaving safepoint region
[2019-12-08T11:33:37.734+0000][1][safepoint    ] Total time for which application threads were stopped: 0.0214330 seconds, Stopping threads took: 0.0213498 seconds
[2019-12-08T11:33:37.737+0000][1][safepoint    ] Application time: 0.0024811 seconds
[2019-12-08T11:33:37.737+0000][1][safepoint    ] Entering safepoint region: RevokeBias
[2019-12-08T11:33:37.737+0000][1][safepoint    ] Leaving safepoint region
[2019-12-08T11:33:37.737+0000][1][safepoint    ] Total time for which application threads were stopped: 0.0000745 seconds, Stopping threads took: 0.0000149 seconds
[2019-12-08T11:33:37.737+0000][1][safepoint    ] Application time: 0.0000827 seconds
[2019-12-08T11:33:37.737+0000][1][safepoint    ] Entering safepoint region: RevokeBias
[2019-12-08T11:33:37.737+0000][1][safepoint    ] Leaving safepoint region
[2019-12-08T11:33:37.737+0000][1][safepoint    ] Total time for which application threads were stopped: 0.0000371 seconds, Stopping threads took: 0.0000068 seconds
[2019-12-08T11:33:37.737+0000][1][safepoint    ] Application time: 0.0002583 seconds
[2019-12-08T11:33:37.737+0000][1][safepoint    ] Entering safepoint region: RevokeBias
[2019-12-08T11:33:37.738+0000][1][safepoint    ] Leaving safepoint region
[2019-12-08T11:33:37.738+0000][1][safepoint    ] Total time for which application threads were stopped: 0.0000525 seconds, Stopping threads took: 0.0000097 seconds
[2019-12-08T11:33:37.738+0000][1][safepoint    ] Application time: 0.0000566 seconds
[2019-12-08T11:33:37.738+0000][1][safepoint    ] Entering safepoint region: RevokeBias
[2019-12-08T11:33:37.738+0000][1][safepoint    ] Leaving safepoint region
[2019-12-08T11:33:37.738+0000][1][safepoint    ] Total time for which application threads were stopped: 0.0000371 seconds, Stopping threads took: 0.0000074 seconds
[2019-12-08T11:33:37.740+0000][1][safepoint    ] Application time: 0.0022073 seconds
[2019-12-08T11:33:37.740+0000][1][safepoint    ] Entering safepoint region: RevokeBias
[2019-12-08T11:33:37.740+0000][1][safepoint    ] Leaving safepoint region
[2019-12-08T11:33:37.740+0000][1][safepoint    ] Total time for which application threads were stopped: 0.0001108 seconds, Stopping threads took: 0.0000671 seconds
[2019-12-08T11:33:37.740+0000][1][safepoint    ] Application time: 0.0004481 seconds
[2019-12-08T11:33:37.740+0000][1][safepoint    ] Entering safepoint region: RevokeBias
[2019-12-08T11:33:37.741+0000][1][safepoint    ] Leaving safepoint region
[2019-12-08T11:33:37.741+0000][1][safepoint    ] Total time for which application threads were stopped: 0.0000533 seconds, Stopping threads took: 0.0000118 seconds
[2019-12-08T11:33:37.777+0000][1][safepoint    ] Application time: 0.0363659 seconds
[2019-12-08T11:33:37.783+0000][1][safepoint    ] Entering safepoint region: RevokeBias
[2019-12-08T11:33:37.783+0000][1][safepoint    ] Leaving safepoint region
[2019-12-08T11:33:37.783+0000][1][safepoint    ] Total time for which application threads were stopped: 0.0058569 seconds, Stopping threads took: 0.0057870 seconds
[2019-12-08T11:33:37.787+0000][1][safepoint    ] Application time: 0.0043201 seconds
[2019-12-08T11:33:37.854+0000][1][safepoint    ] Entering safepoint region: RevokeBias
[2019-12-08T11:33:37.854+0000][1][safepoint    ] Leaving safepoint region
[2019-12-08T11:33:37.854+0000][1][safepoint    ] Total time for which application threads were stopped: 0.0667238 seconds, Stopping threads took: 0.0666287 seconds
[2019-12-08T11:33:37.855+0000][1][safepoint    ] Application time: 0.0010673 seconds
[2019-12-08T11:33:37.855+0000][1][safepoint    ] Entering safepoint region: RevokeBias
[2019-12-08T11:33:37.855+0000][1][safepoint    ] Leaving safepoint region
[2019-12-08T11:33:37.855+0000][1][safepoint    ] Total time for which application threads were stopped: 0.0000723 seconds, Stopping threads took: 0.0000150 seconds
[2019-12-08T11:33:37.856+0000][1][safepoint    ] Application time: 0.0006745 seconds
[2019-12-08T11:33:37.856+0000][1][safepoint    ] Entering safepoint region: RevokeBias
[2019-12-08T11:33:37.856+0000][1][safepoint    ] Leaving safepoint region
[2019-12-08T11:33:37.856+0000][1][safepoint    ] Total time for which application threads were stopped: 0.0000568 seconds, Stopping threads took: 0.0000123 seconds
[2019-12-08T11:33:37.856+0000][1][safepoint    ] Application time: 0.0005591 seconds
[2019-12-08T11:33:37.856+0000][1][safepoint    ] Entering safepoint region: RevokeBias
[2019-12-08T11:33:37.856+0000][1][safepoint    ] Leaving safepoint region
[2019-12-08T11:33:37.856+0000][1][safepoint    ] Total time for which application threads were stopped: 0.0000510 seconds, Stopping threads took: 0.0000120 seconds
[2019-12-08T11:33:37.860+0000][1][safepoint    ] Application time: 0.0033964 seconds
[2019-12-08T11:33:37.929+0000][1][safepoint    ] Entering safepoint region: RevokeBias
[2019-12-08T11:33:37.929+0000][1][safepoint    ] Leaving safepoint region
[2019-12-08T11:33:37.929+0000][1][safepoint    ] Total time for which application threads were stopped: 0.0689607 seconds, Stopping threads took: 0.0688723 seconds
[2019-12-08T11:33:37.930+0000][1][safepoint    ] Application time: 0.0009631 seconds
[2019-12-08T11:33:37.930+0000][1][safepoint    ] Entering safepoint region: RevokeBias
[2019-12-08T11:33:37.930+0000][1][safepoint    ] Leaving safepoint region
[2019-12-08T11:33:37.930+0000][1][safepoint    ] Total time for which application threads were stopped: 0.0000878 seconds, Stopping threads took: 0.0000199 seconds
[2019-12-08T11:33:37.930+0000][1][safepoint    ] Application time: 0.0002924 seconds
[2019-12-08T11:33:37.930+0000][1][safepoint    ] Entering safepoint region: RevokeBias
[2019-12-08T11:33:37.930+0000][1][safepoint    ] Leaving safepoint region
[2019-12-08T11:33:37.930+0000][1][safepoint    ] Total time for which application threads were stopped: 0.0000762 seconds, Stopping threads took: 0.0000132 seconds
[2019-12-08T11:33:37.930+0000][1][safepoint    ] Application time: 0.0000490 seconds
[2019-12-08T11:33:37.930+0000][1][safepoint    ] Entering safepoint region: RevokeBias
[2019-12-08T11:33:37.930+0000][1][safepoint    ] Leaving safepoint region
[2019-12-08T11:33:37.930+0000][1][safepoint    ] Total time for which application threads were stopped: 0.0000507 seconds, Stopping threads took: 0.0000095 seconds
[2019-12-08T11:33:37.935+0000][1][safepoint    ] Application time: 0.0041657 seconds
[2019-12-08T11:33:37.960+0000][1][safepoint    ] Entering safepoint region: RevokeBias
[2019-12-08T11:33:37.960+0000][1][safepoint    ] Leaving safepoint region
[2019-12-08T11:33:37.960+0000][1][safepoint    ] Total time for which application threads were stopped: 0.0252727 seconds, Stopping threads took: 0.0251706 seconds
[2019-12-08T11:33:37.968+0000][1][safepoint    ] Application time: 0.0083126 seconds
[2019-12-08T11:33:37.969+0000][1][safepoint    ] Entering safepoint region: RevokeBias
[2019-12-08T11:33:37.969+0000][1][safepoint    ] Leaving safepoint region
[2019-12-08T11:33:37.969+0000][1][safepoint    ] Total time for which application threads were stopped: 0.0004016 seconds, Stopping threads took: 0.0003217 seconds
[2019-12-08T11:33:37.969+0000][1][safepoint    ] Application time: 0.0005547 seconds
[2019-12-08T11:33:37.969+0000][1][safepoint    ] Entering safepoint region: RevokeBias
[2019-12-08T11:33:37.969+0000][1][safepoint    ] Leaving safepoint region
[2019-12-08T11:33:37.969+0000][1][safepoint    ] Total time for which application threads were stopped: 0.0000871 seconds, Stopping threads took: 0.0000161 seconds
[2019-12-08T11:33:37.978+0000][1][safepoint    ] Application time: 0.0089078 seconds
[2019-12-08T11:33:38.002+0000][1][safepoint    ] Entering safepoint region: RevokeBias
[2019-12-08T11:33:38.002+0000][1][safepoint    ] Leaving safepoint region
[2019-12-08T11:33:38.002+0000][1][safepoint    ] Total time for which application threads were stopped: 0.0236451 seconds, Stopping threads took: 0.0235309 seconds
[2019-12-08T11:33:38.002+0000][1][safepoint    ] Application time: 0.0004431 seconds
[2019-12-08T11:33:38.002+0000][1][safepoint    ] Entering safepoint region: RevokeBias
[2019-12-08T11:33:38.002+0000][1][safepoint    ] Leaving safepoint region
[2019-12-08T11:33:38.002+0000][1][safepoint    ] Total time for which application threads were stopped: 0.0000953 seconds, Stopping threads took: 0.0000161 seconds
[2019-12-08T11:33:38.003+0000][1][safepoint    ] Application time: 0.0000514 seconds
[2019-12-08T11:33:38.003+0000][1][safepoint    ] Entering safepoint region: RevokeBias
[2019-12-08T11:33:38.003+0000][1][safepoint    ] Leaving safepoint region
[2019-12-08T11:33:38.003+0000][1][safepoint    ] Total time for which application threads were stopped: 0.0000531 seconds, Stopping threads took: 0.0000096 seconds
[2019-12-08T11:33:38.006+0000][1][safepoint    ] Application time: 0.0038587 seconds
[2019-12-08T11:33:38.007+0000][1][safepoint    ] Entering safepoint region: RevokeBias
[2019-12-08T11:33:38.007+0000][1][safepoint    ] Leaving safepoint region
[2019-12-08T11:33:38.007+0000][1][safepoint    ] Total time for which application threads were stopped: 0.0001515 seconds, Stopping threads took: 0.0000866 seconds
[2019-12-08T11:33:38.019+0000][1][safepoint    ] Application time: 0.0122265 seconds
[2019-12-08T11:33:38.019+0000][1][safepoint    ] Entering safepoint region: RevokeBias
[2019-12-08T11:33:38.019+0000][1][safepoint    ] Leaving safepoint region
[2019-12-08T11:33:38.019+0000][1][safepoint    ] Total time for which application threads were stopped: 0.0000863 seconds, Stopping threads took: 0.0000165 seconds
[2019-12-08T11:33:38.020+0000][1][safepoint    ] Application time: 0.0005914 seconds
[2019-12-08T11:33:38.020+0000][1][safepoint    ] Entering safepoint region: RevokeBias
[2019-12-08T11:33:38.020+0000][1][safepoint    ] Leaving safepoint region
[2019-12-08T11:33:38.020+0000][1][safepoint    ] Total time for which application threads were stopped: 0.0000926 seconds, Stopping threads took: 0.0000131 seconds
[2019-12-08T11:33:38.021+0000][1][safepoint    ] Application time: 0.0009914 seconds
[2019-12-08T11:33:38.021+0000][1][safepoint    ] Entering safepoint region: RevokeBias
[2019-12-08T11:33:38.021+0000][1][safepoint    ] Leaving safepoint region
[2019-12-08T11:33:38.021+0000][1][safepoint    ] Total time for which application threads were stopped: 0.0000710 seconds, Stopping threads took: 0.0000132 seconds
[2019-12-08T11:33:38.023+0000][1][safepoint    ] Application time: 0.0020836 seconds
[2019-12-08T11:33:38.023+0000][1][safepoint    ] Entering safepoint region: RevokeBias
[2019-12-08T11:33:38.023+0000][1][safepoint    ] Leaving safepoint region
[2019-12-08T11:33:38.023+0000][1][safepoint    ] Total time for which application threads were stopped: 0.0001078 seconds, Stopping threads took: 0.0000467 seconds
[2019-12-08T11:33:38.025+0000][1][safepoint    ] Application time: 0.0023069 seconds
[2019-12-08T11:33:38.025+0000][1][safepoint    ] Entering safepoint region: RevokeBias
[2019-12-08T11:33:38.025+0000][1][safepoint    ] Leaving safepoint region
[2019-12-08T11:33:38.025+0000][1][safepoint    ] Total time for which application threads were stopped: 0.0000746 seconds, Stopping threads took: 0.0000134 seconds
[2019-12-08T11:33:38.026+0000][1][safepoint    ] Application time: 0.0000773 seconds
[2019-12-08T11:33:38.026+0000][1][safepoint    ] Entering safepoint region: RevokeBias
[2019-12-08T11:33:38.026+0000][1][safepoint    ] Leaving safepoint region
[2019-12-08T11:33:38.026+0000][1][safepoint    ] Total time for which application threads were stopped: 0.0000586 seconds, Stopping threads took: 0.0000100 seconds
[2019-12-08T11:33:38.026+0000][1][safepoint    ] Application time: 0.0002884 seconds
[2019-12-08T11:33:38.026+0000][1][safepoint    ] Entering safepoint region: RevokeBias
[2019-12-08T11:33:38.026+0000][1][safepoint    ] Leaving safepoint region
[2019-12-08T11:33:38.026+0000][1][safepoint    ] Total time for which application threads were stopped: 0.0000647 seconds, Stopping threads took: 0.0000111 seconds
[2019-12-08T11:33:38.034+0000][1][safepoint    ] Application time: 0.0077265 seconds
[2019-12-08T11:33:38.034+0000][1][safepoint    ] Entering safepoint region: RevokeBias
[2019-12-08T11:33:38.034+0000][1][safepoint    ] Leaving safepoint region
[2019-12-08T11:33:38.034+0000][1][safepoint    ] Total time for which application threads were stopped: 0.0000677 seconds, Stopping threads took: 0.0000146 seconds
[2019-12-08T11:33:38.046+0000][1][safepoint    ] Application time: 0.0120714 seconds
[2019-12-08T11:33:38.046+0000][1][safepoint    ] Entering safepoint region: RevokeBias
[2019-12-08T11:33:38.046+0000][1][safepoint    ] Leaving safepoint region
[2019-12-08T11:33:38.046+0000][1][safepoint    ] Total time for which application threads were stopped: 0.0000744 seconds, Stopping threads took: 0.0000142 seconds
[2019-12-08T11:33:38.060+0000][1][safepoint    ] Application time: 0.0141459 seconds
[2019-12-08T11:33:38.060+0000][1][safepoint    ] Entering safepoint region: RevokeBias
[2019-12-08T11:33:38.060+0000][1][safepoint    ] Leaving safepoint region
[2019-12-08T11:33:38.060+0000][1][safepoint    ] Total time for which application threads were stopped: 0.0000881 seconds, Stopping threads took: 0.0000162 seconds
[2019-12-08T11:33:38.060+0000][1][safepoint    ] Application time: 0.0000726 seconds
[2019-12-08T11:33:38.060+0000][1][safepoint    ] Entering safepoint region: RevokeBias
[2019-12-08T11:33:38.060+0000][1][safepoint    ] Leaving safepoint region
[2019-12-08T11:33:38.060+0000][1][safepoint    ] Total time for which application threads were stopped: 0.0000629 seconds, Stopping threads took: 0.0000095 seconds
[2019-12-08T11:33:38.063+0000][1][safepoint    ] Application time: 0.0028172 seconds
[2019-12-08T11:33:38.063+0000][1][safepoint    ] Entering safepoint region: RevokeBias
[2019-12-08T11:33:38.063+0000][1][safepoint    ] Leaving safepoint region
[2019-12-08T11:33:38.063+0000][1][safepoint    ] Total time for which application threads were stopped: 0.0000698 seconds, Stopping threads took: 0.0000139 seconds
[2019-12-08T11:33:38.064+0000][1][safepoint    ] Application time: 0.0010909 seconds
[2019-12-08T11:33:38.064+0000][1][safepoint    ] Entering safepoint region: RevokeBias
[2019-12-08T11:33:38.065+0000][1][safepoint    ] Leaving safepoint region
[2019-12-08T11:33:38.065+0000][1][safepoint    ] Total time for which application threads were stopped: 0.0000685 seconds, Stopping threads took: 0.0000134 seconds
[2019-12-08T11:33:38.065+0000][1][safepoint    ] Application time: 0.0003574 seconds
[2019-12-08T11:33:38.065+0000][1][safepoint    ] Entering safepoint region: RevokeBias
[2019-12-08T11:33:38.065+0000][1][safepoint    ] Leaving safepoint region
[2019-12-08T11:33:38.065+0000][1][safepoint    ] Total time for which application threads were stopped: 0.0000701 seconds, Stopping threads took: 0.0000104 seconds
[2019-12-08T11:33:38.066+0000][1][safepoint    ] Application time: 0.0006046 seconds
[2019-12-08T11:33:38.066+0000][1][safepoint    ] Entering safepoint region: RevokeBias
[2019-12-08T11:33:38.066+0000][1][safepoint    ] Leaving safepoint region
[2019-12-08T11:33:38.066+0000][1][safepoint    ] Total time for which application threads were stopped: 0.0000564 seconds, Stopping threads took: 0.0000113 seconds
[2019-12-08T11:33:38.066+0000][1][safepoint    ] Application time: 0.0003907 seconds
[2019-12-08T11:33:38.066+0000][1][safepoint    ] Entering safepoint region: RevokeBias
[2019-12-08T11:33:38.066+0000][1][safepoint    ] Leaving safepoint region
[2019-12-08T11:33:38.066+0000][1][safepoint    ] Total time for which application threads were stopped: 0.0000557 seconds, Stopping threads took: 0.0000108 seconds
[2019-12-08T11:33:38.066+0000][1][safepoint    ] Application time: 0.0000823 seconds
[2019-12-08T11:33:38.066+0000][1][safepoint    ] Entering safepoint region: RevokeBias
[2019-12-08T11:33:38.066+0000][1][safepoint    ] Leaving safepoint region
[2019-12-08T11:33:38.066+0000][1][safepoint    ] Total time for which application threads were stopped: 0.0000482 seconds, Stopping threads took: 0.0000092 seconds
[2019-12-08T11:33:38.067+0000][1][safepoint    ] Application time: 0.0004511 seconds
[2019-12-08T11:33:38.067+0000][1][safepoint    ] Entering safepoint region: RevokeBias
[2019-12-08T11:33:38.067+0000][1][safepoint    ] Leaving safepoint region
[2019-12-08T11:33:38.067+0000][1][safepoint    ] Total time for which application threads were stopped: 0.0000668 seconds, Stopping threads took: 0.0000241 seconds
[2019-12-08T11:33:38.072+0000][1][safepoint    ] Application time: 0.0047450 seconds
[2019-12-08T11:33:38.072+0000][1][safepoint    ] Entering safepoint region: RevokeBias
[2019-12-08T11:33:38.072+0000][1][safepoint    ] Leaving safepoint region
[2019-12-08T11:33:38.072+0000][1][safepoint    ] Total time for which application threads were stopped: 0.0000607 seconds, Stopping threads took: 0.0000115 seconds
[2019-12-08T11:33:38.072+0000][1][safepoint    ] Application time: 0.0003019 seconds
[2019-12-08T11:33:38.072+0000][1][safepoint    ] Entering safepoint region: RevokeBias
[2019-12-08T11:33:38.072+0000][1][safepoint    ] Leaving safepoint region
[2019-12-08T11:33:38.072+0000][1][safepoint    ] Total time for which application threads were stopped: 0.0000597 seconds, Stopping threads took: 0.0000107 seconds
[2019-12-08T11:33:38.072+0000][1][safepoint    ] Application time: 0.0002390 seconds
[2019-12-08T11:33:38.072+0000][1][safepoint    ] Entering safepoint region: RevokeBias
[2019-12-08T11:33:38.072+0000][1][safepoint    ] Leaving safepoint region
[2019-12-08T11:33:38.072+0000][1][safepoint    ] Total time for which application threads were stopped: 0.0000556 seconds, Stopping threads took: 0.0000102 seconds
[2019-12-08T11:33:38.189+0000][1][safepoint    ] Application time: 0.1163686 seconds
[2019-12-08T11:33:38.189+0000][1][safepoint    ] Entering safepoint region: RevokeBias
[2019-12-08T11:33:38.189+0000][1][safepoint    ] Leaving safepoint region
[2019-12-08T11:33:38.189+0000][1][safepoint    ] Total time for which application threads were stopped: 0.0002063 seconds, Stopping threads took: 0.0001130 seconds
[2019-12-08T11:33:38.190+0000][1][safepoint    ] Application time: 0.0005360 seconds
[2019-12-08T11:33:38.190+0000][1][safepoint    ] Entering safepoint region: RevokeBias
[2019-12-08T11:33:38.190+0000][1][safepoint    ] Leaving safepoint region
[2019-12-08T11:33:38.190+0000][1][safepoint    ] Total time for which application threads were stopped: 0.0000776 seconds, Stopping threads took: 0.0000149 seconds
[2019-12-08T11:33:38.190+0000][1][safepoint    ] Application time: 0.0008624 seconds
[2019-12-08T11:33:38.191+0000][1][safepoint    ] Entering safepoint region: RevokeBias
[2019-12-08T11:33:38.191+0000][1][safepoint    ] Leaving safepoint region
[2019-12-08T11:33:38.191+0000][1][safepoint    ] Total time for which application threads were stopped: 0.0000635 seconds, Stopping threads took: 0.0000133 seconds
[2019-12-08T11:33:38.225+0000][1][safepoint    ] Application time: 0.0343190 seconds
[2019-12-08T11:33:38.225+0000][1][safepoint    ] Entering safepoint region: RevokeBias
[2019-12-08T11:33:38.225+0000][1][safepoint    ] Leaving safepoint region
[2019-12-08T11:33:38.225+0000][1][safepoint    ] Total time for which application threads were stopped: 0.0001041 seconds, Stopping threads took: 0.0000176 seconds
[2019-12-08T11:33:38.230+0000][1][safepoint    ] Application time: 0.0049147 seconds
[2019-12-08T11:33:38.230+0000][1][safepoint    ] Entering safepoint region: RevokeBias
[2019-12-08T11:33:38.230+0000][1][safepoint    ] Leaving safepoint region
[2019-12-08T11:33:38.230+0000][1][safepoint    ] Total time for which application threads were stopped: 0.0000787 seconds, Stopping threads took: 0.0000165 seconds
[2019-12-08T11:33:38.249+0000][1][safepoint    ] Application time: 0.0186486 seconds
[2019-12-08T11:33:38.249+0000][1][safepoint    ] Entering safepoint region: RevokeBias
[2019-12-08T11:33:38.249+0000][1][safepoint    ] Leaving safepoint region
[2019-12-08T11:33:38.249+0000][1][safepoint    ] Total time for which application threads were stopped: 0.0000844 seconds, Stopping threads took: 0.0000176 seconds
[2019-12-08T11:33:38.256+0000][1][safepoint    ] Application time: 0.0067556 seconds
[2019-12-08T11:33:38.256+0000][1][safepoint    ] Entering safepoint region: RevokeBias
[2019-12-08T11:33:38.256+0000][1][safepoint    ] Leaving safepoint region
[2019-12-08T11:33:38.256+0000][1][safepoint    ] Total time for which application threads were stopped: 0.0001013 seconds, Stopping threads took: 0.0000168 seconds
[2019-12-08T11:33:38.349+0000][1][safepoint    ] Application time: 0.0932184 seconds
[2019-12-08T11:33:38.349+0000][1][safepoint    ] Entering safepoint region: RevokeBias
[2019-12-08T11:33:38.349+0000][1][safepoint    ] Leaving safepoint region
[2019-12-08T11:33:38.349+0000][1][safepoint    ] Total time for which application threads were stopped: 0.0001010 seconds, Stopping threads took: 0.0000195 seconds
[2019-12-08T11:33:38.702+0000][1][safepoint    ] Application time: 0.3532200 seconds
[2019-12-08T11:33:38.702+0000][1][safepoint    ] Entering safepoint region: RevokeBias
[2019-12-08T11:33:38.702+0000][1][safepoint    ] Leaving safepoint region
[2019-12-08T11:33:38.702+0000][1][safepoint    ] Total time for which application threads were stopped: 0.0001345 seconds, Stopping threads took: 0.0000207 seconds
[2019-12-08T11:33:38.723+0000][1][safepoint    ] Application time: 0.0201036 seconds
[2019-12-08T11:33:38.723+0000][1][safepoint    ] Entering safepoint region: RevokeBias
[2019-12-08T11:33:38.723+0000][1][safepoint    ] Leaving safepoint region
[2019-12-08T11:33:38.723+0000][1][safepoint    ] Total time for which application threads were stopped: 0.0001336 seconds, Stopping threads took: 0.0000203 seconds
[2019-12-08T11:33:38.725+0000][1][safepoint    ] Application time: 0.0019593 seconds
[2019-12-08T11:33:38.725+0000][1][safepoint    ] Entering safepoint region: RevokeBias
[2019-12-08T11:33:38.725+0000][1][safepoint    ] Leaving safepoint region
[2019-12-08T11:33:38.725+0000][1][safepoint    ] Total time for which application threads were stopped: 0.0001134 seconds, Stopping threads took: 0.0000419 seconds
[2019-12-08T11:33:38.744+0000][1][safepoint    ] Application time: 0.0188835 seconds
[2019-12-08T11:33:38.744+0000][1][safepoint    ] Entering safepoint region: RevokeBias
[2019-12-08T11:33:38.744+0000][1][safepoint    ] Leaving safepoint region
[2019-12-08T11:33:38.744+0000][1][safepoint    ] Total time for which application threads were stopped: 0.0001049 seconds, Stopping threads took: 0.0000185 seconds
[2019-12-08T11:33:38.758+0000][1][safepoint    ] Application time: 0.0142727 seconds
[2019-12-08T11:33:38.758+0000][1][safepoint    ] Entering safepoint region: RevokeBias
[2019-12-08T11:33:38.758+0000][1][safepoint    ] Leaving safepoint region
[2019-12-08T11:33:38.758+0000][1][safepoint    ] Total time for which application threads were stopped: 0.0001067 seconds, Stopping threads took: 0.0000169 seconds
[2019-12-08T11:33:38.760+0000][1][safepoint    ] Application time: 0.0013121 seconds
[2019-12-08T11:33:38.760+0000][1][safepoint    ] Entering safepoint region: RevokeBias
[2019-12-08T11:33:38.760+0000][1][safepoint    ] Leaving safepoint region
[2019-12-08T11:33:38.760+0000][1][safepoint    ] Total time for which application threads were stopped: 0.0000972 seconds, Stopping threads took: 0.0000158 seconds
[2019-12-08T11:33:38.760+0000][1][safepoint    ] Application time: 0.0003902 seconds
[2019-12-08T11:33:38.760+0000][1][safepoint    ] Entering safepoint region: RevokeBias
[2019-12-08T11:33:38.760+0000][1][safepoint    ] Leaving safepoint region
[2019-12-08T11:33:38.760+0000][1][safepoint    ] Total time for which application threads were stopped: 0.0000685 seconds, Stopping threads took: 0.0000127 seconds
[2019-12-08T11:33:38.762+0000][1][safepoint    ] Application time: 0.0016812 seconds
[2019-12-08T11:33:38.762+0000][1][safepoint    ] Entering safepoint region: RevokeBias
[2019-12-08T11:33:38.762+0000][1][safepoint    ] Leaving safepoint region
[2019-12-08T11:33:38.762+0000][1][safepoint    ] Total time for which application threads were stopped: 0.0000616 seconds, Stopping threads took: 0.0000138 seconds
[2019-12-08T11:33:38.762+0000][1][safepoint    ] Application time: 0.0000726 seconds
[2019-12-08T11:33:38.762+0000][1][safepoint    ] Entering safepoint region: RevokeBias
[2019-12-08T11:33:38.762+0000][1][safepoint    ] Leaving safepoint region
[2019-12-08T11:33:38.762+0000][1][safepoint    ] Total time for which application threads were stopped: 0.0000521 seconds, Stopping threads took: 0.0000110 seconds
[2019-12-08T11:33:38.762+0000][1][safepoint    ] Application time: 0.0000563 seconds
[2019-12-08T11:33:38.762+0000][1][safepoint    ] Entering safepoint region: RevokeBias
[2019-12-08T11:33:38.762+0000][1][safepoint    ] Leaving safepoint region
[2019-12-08T11:33:38.762+0000][1][safepoint    ] Total time for which application threads were stopped: 0.0000442 seconds, Stopping threads took: 0.0000098 seconds
[2019-12-08T11:33:38.779+0000][1][safepoint    ] Application time: 0.0164617 seconds
[2019-12-08T11:33:38.779+0000][1][safepoint    ] Entering safepoint region: RevokeBias
[2019-12-08T11:33:38.779+0000][1][safepoint    ] Leaving safepoint region
[2019-12-08T11:33:38.779+0000][1][safepoint    ] Total time for which application threads were stopped: 0.0000634 seconds, Stopping threads took: 0.0000144 seconds
[2019-12-08T11:33:38.794+0000][1][safepoint    ] Application time: 0.0155297 seconds
[2019-12-08T11:33:38.794+0000][1][safepoint    ] Entering safepoint region: RevokeBias
[2019-12-08T11:33:38.794+0000][1][safepoint    ] Leaving safepoint region
[2019-12-08T11:33:38.794+0000][1][safepoint    ] Total time for which application threads were stopped: 0.0000824 seconds, Stopping threads took: 0.0000142 seconds
[2019-12-08T11:33:38.811+0000][1][safepoint    ] Application time: 0.0169446 seconds
[2019-12-08T11:33:38.811+0000][1][safepoint    ] Entering safepoint region: RevokeBias
[2019-12-08T11:33:38.811+0000][1][safepoint    ] Leaving safepoint region
[2019-12-08T11:33:38.812+0000][1][safepoint    ] Total time for which application threads were stopped: 0.0000835 seconds, Stopping threads took: 0.0000144 seconds
[2019-12-08T11:33:38.818+0000][1][safepoint    ] Application time: 0.0063959 seconds
[2019-12-08T11:33:38.818+0000][1][safepoint    ] Entering safepoint region: RevokeBias
[2019-12-08T11:33:38.818+0000][1][safepoint    ] Leaving safepoint region
[2019-12-08T11:33:38.818+0000][1][safepoint    ] Total time for which application threads were stopped: 0.0000700 seconds, Stopping threads took: 0.0000130 seconds
[2019-12-08T11:33:39.186+0000][1][safepoint    ] Application time: 0.3677073 seconds
[2019-12-08T11:33:39.186+0000][1][safepoint    ] Entering safepoint region: RevokeBias
[2019-12-08T11:33:39.186+0000][1][safepoint    ] Leaving safepoint region
[2019-12-08T11:33:39.186+0000][1][safepoint    ] Total time for which application threads were stopped: 0.0000913 seconds, Stopping threads took: 0.0000200 seconds
[2019-12-08T11:33:39.192+0000][1][safepoint    ] Application time: 0.0058656 seconds
[2019-12-08T11:33:39.192+0000][1][safepoint    ] Entering safepoint region: RevokeBias
[2019-12-08T11:33:39.192+0000][1][safepoint    ] Leaving safepoint region
[2019-12-08T11:33:39.192+0000][1][safepoint    ] Total time for which application threads were stopped: 0.0000797 seconds, Stopping threads took: 0.0000173 seconds
[2019-12-08T11:33:39.198+0000][1][safepoint    ] Application time: 0.0062884 seconds
[2019-12-08T11:33:39.198+0000][1][safepoint    ] Entering safepoint region: RevokeBias
[2019-12-08T11:33:39.198+0000][1][safepoint    ] Leaving safepoint region
[2019-12-08T11:33:39.198+0000][1][safepoint    ] Total time for which application threads were stopped: 0.0000826 seconds, Stopping threads took: 0.0000175 seconds
[2019-12-08T11:33:39.295+0000][1][safepoint    ] Application time: 0.0970827 seconds
[2019-12-08T11:33:39.295+0000][1][safepoint    ] Entering safepoint region: RevokeBias
[2019-12-08T11:33:39.295+0000][1][safepoint    ] Leaving safepoint region
[2019-12-08T11:33:39.295+0000][1][safepoint    ] Total time for which application threads were stopped: 0.0000928 seconds, Stopping threads took: 0.0000204 seconds
[2019-12-08T11:33:39.296+0000][1][safepoint    ] Application time: 0.0004496 seconds
[2019-12-08T11:33:39.296+0000][1][safepoint    ] Entering safepoint region: RevokeBias
[2019-12-08T11:33:39.296+0000][1][safepoint    ] Leaving safepoint region
[2019-12-08T11:33:39.296+0000][1][safepoint    ] Total time for which application threads were stopped: 0.0000713 seconds, Stopping threads took: 0.0000142 seconds
[2019-12-08T11:33:39.462+0000][1][safepoint    ] Application time: 0.1658181 seconds
[2019-12-08T11:33:39.462+0000][1][safepoint    ] Entering safepoint region: RevokeBias
[2019-12-08T11:33:39.462+0000][1][safepoint    ] Leaving safepoint region
[2019-12-08T11:33:39.462+0000][1][safepoint    ] Total time for which application threads were stopped: 0.0001013 seconds, Stopping threads took: 0.0000217 seconds
[2019-12-08T11:33:39.462+0000][1][safepoint    ] Application time: 0.0004127 seconds
[2019-12-08T11:33:39.462+0000][1][safepoint    ] Entering safepoint region: RevokeBias
[2019-12-08T11:33:39.462+0000][1][safepoint    ] Leaving safepoint region
[2019-12-08T11:33:39.462+0000][1][safepoint    ] Total time for which application threads were stopped: 0.0000769 seconds, Stopping threads took: 0.0000174 seconds
[2019-12-08T11:33:39.676+0000][1][safepoint    ] Application time: 0.2136008 seconds
[2019-12-08T11:33:39.691+0000][1][safepoint    ] Entering safepoint region: RevokeBias
[2019-12-08T11:33:39.691+0000][1][safepoint    ] Leaving safepoint region
[2019-12-08T11:33:39.691+0000][1][safepoint    ] Total time for which application threads were stopped: 0.0148379 seconds, Stopping threads took: 0.0147370 seconds
[2019-12-08T11:33:39.691+0000][1][safepoint    ] Application time: 0.0005078 seconds
[2019-12-08T11:33:39.691+0000][1][safepoint    ] Entering safepoint region: BulkRevokeBias
[2019-12-08T11:33:39.692+0000][1][safepoint    ] Leaving safepoint region
[2019-12-08T11:33:39.692+0000][1][safepoint    ] Total time for which application threads were stopped: 0.0003518 seconds, Stopping threads took: 0.0000142 seconds
[2019-12-08T11:33:39.697+0000][1][safepoint    ] Application time: 0.0055793 seconds
[2019-12-08T11:33:39.697+0000][1][safepoint    ] Entering safepoint region: RevokeBias
[2019-12-08T11:33:39.698+0000][1][safepoint    ] Leaving safepoint region
[2019-12-08T11:33:39.698+0000][1][safepoint    ] Total time for which application threads were stopped: 0.0000944 seconds, Stopping threads took: 0.0000138 seconds
[2019-12-08T11:33:39.700+0000][1][safepoint    ] Application time: 0.0020702 seconds
[2019-12-08T11:33:39.700+0000][1][safepoint    ] Entering safepoint region: RevokeBias
[2019-12-08T11:33:39.700+0000][1][safepoint    ] Leaving safepoint region
[2019-12-08T11:33:39.700+0000][1][safepoint    ] Total time for which application threads were stopped: 0.0000909 seconds, Stopping threads took: 0.0000143 seconds
[2019-12-08T11:33:39.700+0000][1][safepoint    ] Application time: 0.0002392 seconds
[2019-12-08T11:33:39.700+0000][1][safepoint    ] Entering safepoint region: RevokeBias
[2019-12-08T11:33:39.700+0000][1][safepoint    ] Leaving safepoint region
[2019-12-08T11:33:39.700+0000][1][safepoint    ] Total time for which application threads were stopped: 0.0000637 seconds, Stopping threads took: 0.0000129 seconds
[2019-12-08T11:33:39.700+0000][1][safepoint    ] Application time: 0.0004086 seconds
[2019-12-08T11:33:39.700+0000][1][safepoint    ] Entering safepoint region: RevokeBias
[2019-12-08T11:33:39.701+0000][1][safepoint    ] Leaving safepoint region
[2019-12-08T11:33:39.701+0000][1][safepoint    ] Total time for which application threads were stopped: 0.0000730 seconds, Stopping threads took: 0.0000125 seconds
[2019-12-08T11:33:39.701+0000][1][safepoint    ] Application time: 0.0003219 seconds
[2019-12-08T11:33:39.701+0000][1][safepoint    ] Entering safepoint region: RevokeBias
[2019-12-08T11:33:39.701+0000][1][safepoint    ] Leaving safepoint region
[2019-12-08T11:33:39.701+0000][1][safepoint    ] Total time for which application threads were stopped: 0.0000571 seconds, Stopping threads took: 0.0000135 seconds
[2019-12-08T11:33:39.701+0000][1][safepoint    ] Application time: 0.0000467 seconds
[2019-12-08T11:33:39.701+0000][1][safepoint    ] Entering safepoint region: RevokeBias
[2019-12-08T11:33:39.701+0000][1][safepoint    ] Leaving safepoint region
[2019-12-08T11:33:39.701+0000][1][safepoint    ] Total time for which application threads were stopped: 0.0000474 seconds, Stopping threads took: 0.0000099 seconds
[2019-12-08T11:33:39.701+0000][1][safepoint    ] Application time: 0.0000388 seconds
[2019-12-08T11:33:39.701+0000][1][safepoint    ] Entering safepoint region: RevokeBias
[2019-12-08T11:33:39.701+0000][1][safepoint    ] Leaving safepoint region
[2019-12-08T11:33:39.701+0000][1][safepoint    ] Total time for which application threads were stopped: 0.0000448 seconds, Stopping threads took: 0.0000091 seconds
[2019-12-08T11:33:39.732+0000][1][safepoint    ] Application time: 0.0307123 seconds
[2019-12-08T11:33:39.732+0000][1][safepoint    ] Entering safepoint region: RevokeBias
[2019-12-08T11:33:39.732+0000][1][safepoint    ] Leaving safepoint region
[2019-12-08T11:33:39.732+0000][1][safepoint    ] Total time for which application threads were stopped: 0.0001515 seconds, Stopping threads took: 0.0000831 seconds
[2019-12-08T11:33:39.734+0000][1][safepoint    ] Application time: 0.0022897 seconds
[2019-12-08T11:33:39.734+0000][1][safepoint    ] Entering safepoint region: RevokeBias
[2019-12-08T11:33:39.734+0000][1][safepoint    ] Leaving safepoint region
[2019-12-08T11:33:39.734+0000][1][safepoint    ] Total time for which application threads were stopped: 0.0000639 seconds, Stopping threads took: 0.0000136 seconds
[2019-12-08T11:33:39.744+0000][1][safepoint    ] Application time: 0.0094490 seconds
[2019-12-08T11:33:39.744+0000][1][safepoint    ] Entering safepoint region: RevokeBias
[2019-12-08T11:33:39.744+0000][1][safepoint    ] Leaving safepoint region
[2019-12-08T11:33:39.744+0000][1][safepoint    ] Total time for which application threads were stopped: 0.0000654 seconds, Stopping threads took: 0.0000154 seconds
[2019-12-08T11:33:39.744+0000][1][safepoint    ] Application time: 0.0003901 seconds
[2019-12-08T11:33:39.744+0000][1][safepoint    ] Entering safepoint region: RevokeBias
[2019-12-08T11:33:39.744+0000][1][safepoint    ] Leaving safepoint region
[2019-12-08T11:33:39.744+0000][1][safepoint    ] Total time for which application threads were stopped: 0.0000531 seconds, Stopping threads took: 0.0000114 seconds
[2019-12-08T11:33:39.763+0000][1][safepoint    ] Application time: 0.0180536 seconds
[2019-12-08T11:33:39.763+0000][1][safepoint    ] Entering safepoint region: RevokeBias
[2019-12-08T11:33:39.763+0000][1][safepoint    ] Leaving safepoint region
[2019-12-08T11:33:39.763+0000][1][safepoint    ] Total time for which application threads were stopped: 0.0000642 seconds, Stopping threads took: 0.0000134 seconds
[2019-12-08T11:33:39.765+0000][1][safepoint    ] Application time: 0.0019841 seconds
[2019-12-08T11:33:39.765+0000][1][safepoint    ] Entering safepoint region: RevokeBias
[2019-12-08T11:33:39.765+0000][1][safepoint    ] Leaving safepoint region
[2019-12-08T11:33:39.765+0000][1][safepoint    ] Total time for which application threads were stopped: 0.0000773 seconds, Stopping threads took: 0.0000138 seconds
[2019-12-08T11:33:40.161+0000][1][safepoint    ] Application time: 0.3967026 seconds
[2019-12-08T11:33:40.161+0000][1][safepoint    ] Entering safepoint region: BulkRevokeBias
[2019-12-08T11:33:40.162+0000][1][safepoint    ] Leaving safepoint region
[2019-12-08T11:33:40.162+0000][1][safepoint    ] Total time for which application threads were stopped: 0.0003543 seconds, Stopping threads took: 0.0000198 seconds
[2019-12-08T11:33:40.162+0000][1][safepoint    ] Application time: 0.0004557 seconds
[2019-12-08T11:33:40.162+0000][1][safepoint    ] Entering safepoint region: RevokeBias
[2019-12-08T11:33:40.162+0000][1][safepoint    ] Leaving safepoint region
[2019-12-08T11:33:40.162+0000][1][safepoint    ] Total time for which application threads were stopped: 0.0000757 seconds, Stopping threads took: 0.0000164 seconds
[2019-12-08T11:33:40.163+0000][1][safepoint    ] Application time: 0.0005455 seconds
[2019-12-08T11:33:40.163+0000][1][safepoint    ] Entering safepoint region: RevokeBias
[2019-12-08T11:33:40.163+0000][1][safepoint    ] Leaving safepoint region
[2019-12-08T11:33:40.163+0000][1][safepoint    ] Total time for which application threads were stopped: 0.0000639 seconds, Stopping threads took: 0.0000140 seconds
[2019-12-08T11:33:40.167+0000][1][safepoint    ] Application time: 0.0037301 seconds
[2019-12-08T11:33:40.167+0000][1][safepoint    ] Entering safepoint region: RevokeBias
[2019-12-08T11:33:40.167+0000][1][safepoint    ] Leaving safepoint region
[2019-12-08T11:33:40.167+0000][1][safepoint    ] Total time for which application threads were stopped: 0.0000582 seconds, Stopping threads took: 0.0000162 seconds
[2019-12-08T11:33:40.170+0000][1][safepoint    ] Application time: 0.0033851 seconds
[2019-12-08T11:33:40.170+0000][1][safepoint    ] Entering safepoint region: RevokeBias
[2019-12-08T11:33:40.170+0000][1][safepoint    ] Leaving safepoint region
[2019-12-08T11:33:40.170+0000][1][safepoint    ] Total time for which application threads were stopped: 0.0000582 seconds, Stopping threads took: 0.0000142 seconds
[2019-12-08T11:33:40.176+0000][1][safepoint    ] Application time: 0.0056190 seconds
[2019-12-08T11:33:40.176+0000][1][safepoint    ] Entering safepoint region: RevokeBias
[2019-12-08T11:33:40.176+0000][1][safepoint    ] Leaving safepoint region
[2019-12-08T11:33:40.176+0000][1][safepoint    ] Total time for which application threads were stopped: 0.0000675 seconds, Stopping threads took: 0.0000143 seconds
[2019-12-08T11:33:40.241+0000][1][safepoint    ] Application time: 0.0648054 seconds
[2019-12-08T11:33:40.241+0000][1][safepoint    ] Entering safepoint region: RevokeBias
[2019-12-08T11:33:40.241+0000][1][safepoint    ] Leaving safepoint region
[2019-12-08T11:33:40.241+0000][1][safepoint    ] Total time for which application threads were stopped: 0.0000896 seconds, Stopping threads took: 0.0000207 seconds
[2019-12-08T11:33:40.250+0000][1][safepoint    ] Application time: 0.0087725 seconds
[2019-12-08T11:33:40.250+0000][1][safepoint    ] Entering safepoint region: RevokeBias
[2019-12-08T11:33:40.250+0000][1][safepoint    ] Leaving safepoint region
[2019-12-08T11:33:40.250+0000][1][safepoint    ] Total time for which application threads were stopped: 0.0000842 seconds, Stopping threads took: 0.0000191 seconds
[2019-12-08T11:33:40.689+0000][1][safepoint    ] Application time: 0.4389952 seconds
[2019-12-08T11:33:40.689+0000][1][safepoint    ] Entering safepoint region: RevokeBias
[2019-12-08T11:33:40.689+0000][1][safepoint    ] Leaving safepoint region
[2019-12-08T11:33:40.689+0000][1][safepoint    ] Total time for which application threads were stopped: 0.0001713 seconds, Stopping threads took: 0.0000648 seconds
[2019-12-08T11:33:40.690+0000][1][safepoint    ] Application time: 0.0006575 seconds
[2019-12-08T11:33:40.690+0000][1][safepoint    ] Entering safepoint region: RevokeBias
[2019-12-08T11:33:40.690+0000][1][safepoint    ] Leaving safepoint region
[2019-12-08T11:33:40.690+0000][1][safepoint    ] Total time for which application threads were stopped: 0.0000938 seconds, Stopping threads took: 0.0000143 seconds
[2019-12-08T11:33:40.691+0000][1][safepoint    ] Application time: 0.0007396 seconds
[2019-12-08T11:33:40.691+0000][1][safepoint    ] Entering safepoint region: RevokeBias
[2019-12-08T11:33:40.691+0000][1][safepoint    ] Leaving safepoint region
[2019-12-08T11:33:40.691+0000][1][safepoint    ] Total time for which application threads were stopped: 0.0001263 seconds, Stopping threads took: 0.0000134 seconds
[2019-12-08T11:33:40.716+0000][1][safepoint    ] Application time: 0.0249987 seconds
[2019-12-08T11:33:40.716+0000][1][safepoint    ] Entering safepoint region: RevokeBias
[2019-12-08T11:33:40.717+0000][1][safepoint    ] Leaving safepoint region
[2019-12-08T11:33:40.717+0000][1][safepoint    ] Total time for which application threads were stopped: 0.0010764 seconds, Stopping threads took: 0.0001448 seconds
[2019-12-08T11:33:40.717+0000][1][safepoint    ] Application time: 0.0001253 seconds
[2019-12-08T11:33:40.717+0000][1][safepoint    ] Entering safepoint region: RevokeBias
[2019-12-08T11:33:40.717+0000][1][safepoint    ] Leaving safepoint region
[2019-12-08T11:33:40.717+0000][1][safepoint    ] Total time for which application threads were stopped: 0.0000667 seconds, Stopping threads took: 0.0000107 seconds
[2019-12-08T11:33:40.734+0000][1][safepoint    ] Application time: 0.0167080 seconds
[2019-12-08T11:33:40.759+0000][1][safepoint    ] Entering safepoint region: RevokeBias
[2019-12-08T11:33:40.759+0000][1][safepoint    ] Leaving safepoint region
[2019-12-08T11:33:40.759+0000][1][safepoint    ] Total time for which application threads were stopped: 0.0249425 seconds, Stopping threads took: 0.0247981 seconds
[2019-12-08T11:33:40.767+0000][1][safepoint    ] Application time: 0.0079852 seconds
[2019-12-08T11:33:40.768+0000][1][safepoint    ] Entering safepoint region: RevokeBias
[2019-12-08T11:33:40.769+0000][1][safepoint    ] Leaving safepoint region
[2019-12-08T11:33:40.769+0000][1][safepoint    ] Total time for which application threads were stopped: 0.0018103 seconds, Stopping threads took: 0.0017346 seconds
[2019-12-08T11:33:40.780+0000][1][safepoint    ] Application time: 0.0112263 seconds
[2019-12-08T11:33:40.780+0000][1][safepoint    ] Entering safepoint region: RevokeBias
[2019-12-08T11:33:40.780+0000][1][safepoint    ] Leaving safepoint region
[2019-12-08T11:33:40.780+0000][1][safepoint    ] Total time for which application threads were stopped: 0.0000894 seconds, Stopping threads took: 0.0000141 seconds
[2019-12-08T11:33:40.781+0000][1][safepoint    ] Application time: 0.0013941 seconds
[2019-12-08T11:33:40.781+0000][1][safepoint    ] Entering safepoint region: RevokeBias
[2019-12-08T11:33:40.781+0000][1][safepoint    ] Leaving safepoint region
[2019-12-08T11:33:40.781+0000][1][safepoint    ] Total time for which application threads were stopped: 0.0000600 seconds, Stopping threads took: 0.0000135 seconds
[2019-12-08T11:33:40.781+0000][1][safepoint    ] Application time: 0.0000522 seconds
[2019-12-08T11:33:40.781+0000][1][safepoint    ] Entering safepoint region: RevokeBias
[2019-12-08T11:33:40.781+0000][1][safepoint    ] Leaving safepoint region
[2019-12-08T11:33:40.782+0000][1][safepoint    ] Total time for which application threads were stopped: 0.0000534 seconds, Stopping threads took: 0.0000085 seconds
[2019-12-08T11:33:40.782+0000][1][safepoint    ] Application time: 0.0000372 seconds
[2019-12-08T11:33:40.782+0000][1][safepoint    ] Entering safepoint region: RevokeBias
[2019-12-08T11:33:40.782+0000][1][safepoint    ] Leaving safepoint region
[2019-12-08T11:33:40.782+0000][1][safepoint    ] Total time for which application threads were stopped: 0.0000400 seconds, Stopping threads took: 0.0000089 seconds
[2019-12-08T11:33:41.135+0000][1][safepoint    ] Application time: 0.3538228 seconds
[2019-12-08T11:33:41.135+0000][1][safepoint    ] Entering safepoint region: RevokeBias
[2019-12-08T11:33:41.136+0000][1][safepoint    ] Leaving safepoint region
[2019-12-08T11:33:41.136+0000][1][safepoint    ] Total time for which application threads were stopped: 0.0000947 seconds, Stopping threads took: 0.0000211 seconds
[2019-12-08T11:33:41.136+0000][1][safepoint    ] Application time: 0.0004781 seconds
[2019-12-08T11:33:41.136+0000][1][safepoint    ] Entering safepoint region: RevokeBias
[2019-12-08T11:33:41.136+0000][1][safepoint    ] Leaving safepoint region
[2019-12-08T11:33:41.136+0000][1][safepoint    ] Total time for which application threads were stopped: 0.0000762 seconds, Stopping threads took: 0.0000192 seconds
[2019-12-08T11:33:41.178+0000][1][safepoint    ] Application time: 0.0416442 seconds
[2019-12-08T11:33:41.178+0000][1][safepoint    ] Entering safepoint region: RevokeBias
[2019-12-08T11:33:41.178+0000][1][safepoint    ] Leaving safepoint region
[2019-12-08T11:33:41.178+0000][1][safepoint    ] Total time for which application threads were stopped: 0.0000949 seconds, Stopping threads took: 0.0000187 seconds
[2019-12-08T11:33:41.178+0000][1][safepoint    ] Application time: 0.0003844 seconds
[2019-12-08T11:33:41.178+0000][1][safepoint    ] Entering safepoint region: RevokeBias
[2019-12-08T11:33:41.178+0000][1][safepoint    ] Leaving safepoint region
[2019-12-08T11:33:41.178+0000][1][safepoint    ] Total time for which application threads were stopped: 0.0000755 seconds, Stopping threads took: 0.0000164 seconds
[2019-12-08T11:33:41.222+0000][1][safepoint    ] Application time: 0.0437745 seconds
[2019-12-08T11:33:41.222+0000][1][safepoint    ] Entering safepoint region: RevokeBias
[2019-12-08T11:33:41.222+0000][1][safepoint    ] Leaving safepoint region
[2019-12-08T11:33:41.222+0000][1][safepoint    ] Total time for which application threads were stopped: 0.0000980 seconds, Stopping threads took: 0.0000197 seconds
[2019-12-08T11:33:41.223+0000][1][safepoint    ] Application time: 0.0003944 seconds
[2019-12-08T11:33:41.223+0000][1][safepoint    ] Entering safepoint region: RevokeBias
[2019-12-08T11:33:41.223+0000][1][safepoint    ] Leaving safepoint region
[2019-12-08T11:33:41.223+0000][1][safepoint    ] Total time for which application threads were stopped: 0.0000798 seconds, Stopping threads took: 0.0000249 seconds
[2019-12-08T11:33:41.337+0000][1][safepoint    ] Application time: 0.1141400 seconds
[2019-12-08T11:33:41.337+0000][1][safepoint    ] Entering safepoint region: RevokeBias
[2019-12-08T11:33:41.337+0000][1][safepoint    ] Leaving safepoint region
[2019-12-08T11:33:41.337+0000][1][safepoint    ] Total time for which application threads were stopped: 0.0000923 seconds, Stopping threads took: 0.0000198 seconds
[2019-12-08T11:33:41.337+0000][1][safepoint    ] Application time: 0.0003658 seconds
[2019-12-08T11:33:41.337+0000][1][safepoint    ] Entering safepoint region: RevokeBias
[2019-12-08T11:33:41.338+0000][1][safepoint    ] Leaving safepoint region
[2019-12-08T11:33:41.338+0000][1][safepoint    ] Total time for which application threads were stopped: 0.0000591 seconds, Stopping threads took: 0.0000115 seconds
[2019-12-08T11:33:41.684+0000][1][safepoint    ] Application time: 0.3462919 seconds
[2019-12-08T11:33:41.692+0000][1][safepoint    ] Entering safepoint region: RevokeBias
[2019-12-08T11:33:41.692+0000][1][safepoint    ] Leaving safepoint region
[2019-12-08T11:33:41.692+0000][1][safepoint    ] Total time for which application threads were stopped: 0.0079797 seconds, Stopping threads took: 0.0078775 seconds
[2019-12-08T11:33:41.692+0000][1][safepoint    ] Application time: 0.0002825 seconds
[2019-12-08T11:33:41.692+0000][1][safepoint    ] Entering safepoint region: RevokeBias
[2019-12-08T11:33:41.692+0000][1][safepoint    ] Leaving safepoint region
[2019-12-08T11:33:41.692+0000][1][safepoint    ] Total time for which application threads were stopped: 0.0000902 seconds, Stopping threads took: 0.0000146 seconds
[2019-12-08T11:33:41.693+0000][1][safepoint    ] Application time: 0.0003707 seconds
[2019-12-08T11:33:41.693+0000][1][safepoint    ] Entering safepoint region: RevokeBias
[2019-12-08T11:33:41.693+0000][1][safepoint    ] Leaving safepoint region
[2019-12-08T11:33:41.693+0000][1][safepoint    ] Total time for which application threads were stopped: 0.0000982 seconds, Stopping threads took: 0.0000139 seconds
[2019-12-08T11:33:41.706+0000][1][safepoint    ] Application time: 0.0133761 seconds
[2019-12-08T11:33:41.707+0000][1][safepoint    ] Entering safepoint region: RevokeBias
[2019-12-08T11:33:41.707+0000][1][safepoint    ] Leaving safepoint region
[2019-12-08T11:33:41.707+0000][1][safepoint    ] Total time for which application threads were stopped: 0.0004742 seconds, Stopping threads took: 0.0004142 seconds
[2019-12-08T11:33:41.707+0000][1][safepoint    ] Application time: 0.0004003 seconds
[2019-12-08T11:33:41.707+0000][1][safepoint    ] Entering safepoint region: BulkRevokeBias
[2019-12-08T11:33:41.707+0000][1][safepoint    ] Leaving safepoint region
[2019-12-08T11:33:41.707+0000][1][safepoint    ] Total time for which application threads were stopped: 0.0003472 seconds, Stopping threads took: 0.0000444 seconds
[2019-12-08T11:33:41.708+0000][1][safepoint    ] Application time: 0.0003595 seconds
[2019-12-08T11:33:41.708+0000][1][safepoint    ] Entering safepoint region: RevokeBias
[2019-12-08T11:33:41.708+0000][1][safepoint    ] Leaving safepoint region
[2019-12-08T11:33:41.708+0000][1][safepoint    ] Total time for which application threads were stopped: 0.0000714 seconds, Stopping threads took: 0.0000134 seconds
[2019-12-08T11:33:41.709+0000][1][safepoint    ] Application time: 0.0009289 seconds
[2019-12-08T11:33:41.718+0000][1][safepoint    ] Entering safepoint region: RevokeBias
[2019-12-08T11:33:41.718+0000][1][safepoint    ] Leaving safepoint region
[2019-12-08T11:33:41.718+0000][1][safepoint    ] Total time for which application threads were stopped: 0.0095488 seconds, Stopping threads took: 0.0094763 seconds
[2019-12-08T11:33:41.728+0000][1][safepoint    ] Application time: 0.0092583 seconds
[2019-12-08T11:33:41.728+0000][1][safepoint    ] Entering safepoint region: RevokeBias
[2019-12-08T11:33:41.728+0000][1][safepoint    ] Leaving safepoint region
[2019-12-08T11:33:41.728+0000][1][safepoint    ] Total time for which application threads were stopped: 0.0003746 seconds, Stopping threads took: 0.0000163 seconds
[2019-12-08T11:33:41.738+0000][1][safepoint    ] Application time: 0.0096477 seconds
[2019-12-08T11:33:41.738+0000][1][safepoint    ] Entering safepoint region: RevokeBias
[2019-12-08T11:33:41.738+0000][1][safepoint    ] Leaving safepoint region
[2019-12-08T11:33:41.738+0000][1][safepoint    ] Total time for which application threads were stopped: 0.0005383 seconds, Stopping threads took: 0.0004846 seconds
[2019-12-08T11:33:41.748+0000][1][safepoint    ] Application time: 0.0096761 seconds
[2019-12-08T11:33:41.748+0000][1][safepoint    ] Entering safepoint region: RevokeBias
[2019-12-08T11:33:41.748+0000][1][safepoint    ] Leaving safepoint region
[2019-12-08T11:33:41.748+0000][1][safepoint    ] Total time for which application threads were stopped: 0.0003159 seconds, Stopping threads took: 0.0000148 seconds
[2019-12-08T11:33:41.748+0000][1][safepoint    ] Application time: 0.0000924 seconds
[2019-12-08T11:33:41.748+0000][1][safepoint    ] Entering safepoint region: RevokeBias
[2019-12-08T11:33:41.748+0000][1][safepoint    ] Leaving safepoint region
[2019-12-08T11:33:41.748+0000][1][safepoint    ] Total time for which application threads were stopped: 0.0000647 seconds, Stopping threads took: 0.0000112 seconds
[2019-12-08T11:33:41.749+0000][1][safepoint    ] Application time: 0.0000647 seconds
[2019-12-08T11:33:41.749+0000][1][safepoint    ] Entering safepoint region: RevokeBias
[2019-12-08T11:33:41.749+0000][1][safepoint    ] Leaving safepoint region
[2019-12-08T11:33:41.749+0000][1][safepoint    ] Total time for which application threads were stopped: 0.0000518 seconds, Stopping threads took: 0.0000079 seconds
[2019-12-08T11:33:41.751+0000][1][safepoint    ] Application time: 0.0019900 seconds
[2019-12-08T11:33:41.760+0000][1][safepoint    ] Entering safepoint region: RevokeBias
[2019-12-08T11:33:41.760+0000][1][safepoint    ] Leaving safepoint region
[2019-12-08T11:33:41.760+0000][1][safepoint    ] Total time for which application threads were stopped: 0.0092066 seconds, Stopping threads took: 0.0091370 seconds
[2019-12-08T11:33:41.764+0000][1][safepoint    ] Application time: 0.0039019 seconds
[2019-12-08T11:33:41.764+0000][1][safepoint    ] Entering safepoint region: BulkRevokeBias
[2019-12-08T11:33:41.764+0000][1][safepoint    ] Leaving safepoint region
[2019-12-08T11:33:41.764+0000][1][safepoint    ] Total time for which application threads were stopped: 0.0002831 seconds, Stopping threads took: 0.0000139 seconds
[2019-12-08T11:33:41.765+0000][1][safepoint    ] Application time: 0.0009230 seconds
[2019-12-08T11:33:41.765+0000][1][safepoint    ] Entering safepoint region: RevokeBias
[2019-12-08T11:33:41.765+0000][1][safepoint    ] Leaving safepoint region
[2019-12-08T11:33:41.765+0000][1][safepoint    ] Total time for which application threads were stopped: 0.0000746 seconds, Stopping threads took: 0.0000124 seconds
[2019-12-08T11:33:41.766+0000][1][safepoint    ] Application time: 0.0011019 seconds
[2019-12-08T11:33:41.766+0000][1][safepoint    ] Entering safepoint region: RevokeBias
[2019-12-08T11:33:41.766+0000][1][safepoint    ] Leaving safepoint region
[2019-12-08T11:33:41.766+0000][1][safepoint    ] Total time for which application threads were stopped: 0.0000911 seconds, Stopping threads took: 0.0000147 seconds
[2019-12-08T11:33:41.769+0000][1][safepoint    ] Application time: 0.0029530 seconds
[2019-12-08T11:33:41.769+0000][1][safepoint    ] Entering safepoint region: RevokeBias
[2019-12-08T11:33:41.769+0000][1][safepoint    ] Leaving safepoint region
[2019-12-08T11:33:41.769+0000][1][safepoint    ] Total time for which application threads were stopped: 0.0000864 seconds, Stopping threads took: 0.0000133 seconds
[2019-12-08T11:33:41.771+0000][1][safepoint    ] Application time: 0.0013123 seconds
[2019-12-08T11:33:41.771+0000][1][safepoint    ] Entering safepoint region: RevokeBias
[2019-12-08T11:33:41.771+0000][1][safepoint    ] Leaving safepoint region
[2019-12-08T11:33:41.771+0000][1][safepoint    ] Total time for which application threads were stopped: 0.0001079 seconds, Stopping threads took: 0.0000159 seconds
[2019-12-08T11:33:41.949+0000][1][safepoint    ] Application time: 0.1781606 seconds
[2019-12-08T11:33:41.949+0000][1][safepoint    ] Entering safepoint region: RevokeBias
[2019-12-08T11:33:41.949+0000][1][safepoint    ] Leaving safepoint region
[2019-12-08T11:33:41.949+0000][1][safepoint    ] Total time for which application threads were stopped: 0.0001268 seconds, Stopping threads took: 0.0000206 seconds
[2019-12-08T11:33:41.949+0000][1][safepoint    ] Application time: 0.0000777 seconds
[2019-12-08T11:33:41.949+0000][1][safepoint    ] Entering safepoint region: RevokeBias
[2019-12-08T11:33:41.949+0000][1][safepoint    ] Leaving safepoint region
[2019-12-08T11:33:41.949+0000][1][safepoint    ] Total time for which application threads were stopped: 0.0000660 seconds, Stopping threads took: 0.0000127 seconds
[2019-12-08T11:33:42.260+0000][1][safepoint    ] Application time: 0.3105256 seconds
[2019-12-08T11:33:42.310+0000][1][safepoint    ] Entering safepoint region: RevokeBias
[2019-12-08T11:33:42.310+0000][1][safepoint    ] Leaving safepoint region
[2019-12-08T11:33:42.310+0000][1][safepoint    ] Total time for which application threads were stopped: 0.0500927 seconds, Stopping threads took: 0.0499678 seconds
[2019-12-08T11:33:42.314+0000][1][safepoint    ] Application time: 0.0043803 seconds
[2019-12-08T11:33:42.314+0000][1][safepoint    ] Entering safepoint region: RevokeBias
[2019-12-08T11:33:42.314+0000][1][safepoint    ] Leaving safepoint region
[2019-12-08T11:33:42.314+0000][1][safepoint    ] Total time for which application threads were stopped: 0.0001336 seconds, Stopping threads took: 0.0000447 seconds
[2019-12-08T11:33:42.317+0000][1][safepoint    ] Application time: 0.0022870 seconds
[2019-12-08T11:33:42.317+0000][1][safepoint    ] Entering safepoint region: RevokeBias
[2019-12-08T11:33:42.317+0000][1][safepoint    ] Leaving safepoint region
[2019-12-08T11:33:42.317+0000][1][safepoint    ] Total time for which application threads were stopped: 0.0001287 seconds, Stopping threads took: 0.0000581 seconds
[2019-12-08T11:33:42.321+0000][1][safepoint    ] Application time: 0.0035858 seconds
[2019-12-08T11:33:42.321+0000][1][safepoint    ] Entering safepoint region: RevokeBias
[2019-12-08T11:33:42.321+0000][1][safepoint    ] Leaving safepoint region
[2019-12-08T11:33:42.321+0000][1][safepoint    ] Total time for which application threads were stopped: 0.0006053 seconds, Stopping threads took: 0.0005139 seconds
[2019-12-08T11:33:42.322+0000][1][safepoint    ] Application time: 0.0011831 seconds
[2019-12-08T11:33:42.334+0000][1][safepoint    ] Entering safepoint region: RevokeBias
[2019-12-08T11:33:42.334+0000][1][safepoint    ] Leaving safepoint region
[2019-12-08T11:33:42.334+0000][1][safepoint    ] Total time for which application threads were stopped: 0.0115183 seconds, Stopping threads took: 0.0114409 seconds
[2019-12-08T11:33:42.337+0000][1][safepoint    ] Application time: 0.0027548 seconds
[2019-12-08T11:33:42.337+0000][1][safepoint    ] Entering safepoint region: RevokeBias
[2019-12-08T11:33:42.337+0000][1][safepoint    ] Leaving safepoint region
[2019-12-08T11:33:42.337+0000][1][safepoint    ] Total time for which application threads were stopped: 0.0000950 seconds, Stopping threads took: 0.0000190 seconds
[2019-12-08T11:33:42.337+0000][1][safepoint    ] Application time: 0.0004691 seconds
[2019-12-08T11:33:42.337+0000][1][safepoint    ] Entering safepoint region: RevokeBias
[2019-12-08T11:33:42.337+0000][1][safepoint    ] Leaving safepoint region
[2019-12-08T11:33:42.337+0000][1][safepoint    ] Total time for which application threads were stopped: 0.0000811 seconds, Stopping threads took: 0.0000133 seconds
[2019-12-08T11:33:42.338+0000][1][safepoint    ] Application time: 0.0001814 seconds
[2019-12-08T11:33:42.338+0000][1][safepoint    ] Entering safepoint region: RevokeBias
[2019-12-08T11:33:42.338+0000][1][safepoint    ] Leaving safepoint region
[2019-12-08T11:33:42.338+0000][1][safepoint    ] Total time for which application threads were stopped: 0.0000772 seconds, Stopping threads took: 0.0000120 seconds
[2019-12-08T11:33:42.338+0000][1][safepoint    ] Application time: 0.0002021 seconds
[2019-12-08T11:33:42.338+0000][1][safepoint    ] Entering safepoint region: RevokeBias
[2019-12-08T11:33:42.338+0000][1][safepoint    ] Leaving safepoint region
[2019-12-08T11:33:42.338+0000][1][safepoint    ] Total time for which application threads were stopped: 0.0000926 seconds, Stopping threads took: 0.0000244 seconds
[2019-12-08T11:33:42.338+0000][1][safepoint    ] Application time: 0.0004816 seconds
[2019-12-08T11:33:42.338+0000][1][safepoint    ] Entering safepoint region: RevokeBias
[2019-12-08T11:33:42.339+0000][1][safepoint    ] Leaving safepoint region
[2019-12-08T11:33:42.339+0000][1][safepoint    ] Total time for which application threads were stopped: 0.0000686 seconds, Stopping threads took: 0.0000116 seconds
[2019-12-08T11:33:42.341+0000][1][safepoint    ] Application time: 0.0021023 seconds
[2019-12-08T11:33:42.341+0000][1][safepoint    ] Entering safepoint region: RevokeBias
[2019-12-08T11:33:42.341+0000][1][safepoint    ] Leaving safepoint region
[2019-12-08T11:33:42.341+0000][1][safepoint    ] Total time for which application threads were stopped: 0.0000991 seconds, Stopping threads took: 0.0000322 seconds
[2019-12-08T11:33:42.341+0000][1][safepoint    ] Application time: 0.0003504 seconds
[2019-12-08T11:33:42.341+0000][1][safepoint    ] Entering safepoint region: RevokeBias
[2019-12-08T11:33:42.341+0000][1][safepoint    ] Leaving safepoint region
[2019-12-08T11:33:42.341+0000][1][safepoint    ] Total time for which application threads were stopped: 0.0000802 seconds, Stopping threads took: 0.0000127 seconds
[2019-12-08T11:33:42.351+0000][1][safepoint    ] Application time: 0.0094579 seconds
[2019-12-08T11:33:42.351+0000][1][safepoint    ] Entering safepoint region: RevokeBias
[2019-12-08T11:33:42.352+0000][1][safepoint    ] Leaving safepoint region
[2019-12-08T11:33:42.352+0000][1][safepoint    ] Total time for which application threads were stopped: 0.0008027 seconds, Stopping threads took: 0.0000169 seconds
[2019-12-08T11:33:42.354+0000][1][safepoint    ] Application time: 0.0023842 seconds
[2019-12-08T11:33:42.354+0000][1][safepoint    ] Entering safepoint region: RevokeBias
[2019-12-08T11:33:42.354+0000][1][safepoint    ] Leaving safepoint region
[2019-12-08T11:33:42.354+0000][1][safepoint    ] Total time for which application threads were stopped: 0.0000828 seconds, Stopping threads took: 0.0000158 seconds
[2019-12-08T11:33:42.375+0000][1][safepoint    ] Application time: 0.0212845 seconds
[2019-12-08T11:33:42.375+0000][1][safepoint    ] Entering safepoint region: RevokeBias
[2019-12-08T11:33:42.375+0000][1][safepoint    ] Leaving safepoint region
[2019-12-08T11:33:42.375+0000][1][safepoint    ] Total time for which application threads were stopped: 0.0000804 seconds, Stopping threads took: 0.0000164 seconds
[2019-12-08T11:33:42.406+0000][1][safepoint    ] Application time: 0.0301648 seconds
[2019-12-08T11:33:42.406+0000][1][safepoint    ] Entering safepoint region: RevokeBias
[2019-12-08T11:33:42.406+0000][1][safepoint    ] Leaving safepoint region
[2019-12-08T11:33:42.406+0000][1][safepoint    ] Total time for which application threads were stopped: 0.0001992 seconds, Stopping threads took: 0.0001173 seconds
[2019-12-08T11:33:42.509+0000][1][safepoint    ] Application time: 0.1032382 seconds
[2019-12-08T11:33:42.509+0000][1][safepoint    ] Entering safepoint region: RevokeBias
[2019-12-08T11:33:42.509+0000][1][safepoint    ] Leaving safepoint region
[2019-12-08T11:33:42.509+0000][1][safepoint    ] Total time for which application threads were stopped: 0.0001090 seconds, Stopping threads took: 0.0000211 seconds
[2019-12-08T11:33:42.516+0000][1][safepoint    ] Application time: 0.0068658 seconds
[2019-12-08T11:33:42.516+0000][1][safepoint    ] Entering safepoint region: RevokeBias
[2019-12-08T11:33:42.516+0000][1][safepoint    ] Leaving safepoint region
[2019-12-08T11:33:42.516+0000][1][safepoint    ] Total time for which application threads were stopped: 0.0001100 seconds, Stopping threads took: 0.0000198 seconds
[2019-12-08T11:33:42.516+0000][1][safepoint    ] Application time: 0.0000777 seconds
[2019-12-08T11:33:42.516+0000][1][safepoint    ] Entering safepoint region: RevokeBias
[2019-12-08T11:33:42.516+0000][1][safepoint    ] Leaving safepoint region
[2019-12-08T11:33:42.516+0000][1][safepoint    ] Total time for which application threads were stopped: 0.0000633 seconds, Stopping threads took: 0.0000102 seconds
[2019-12-08T11:33:42.516+0000][1][safepoint    ] Application time: 0.0000672 seconds
[2019-12-08T11:33:42.516+0000][1][safepoint    ] Entering safepoint region: RevokeBias
[2019-12-08T11:33:42.517+0000][1][safepoint    ] Leaving safepoint region
[2019-12-08T11:33:42.517+0000][1][safepoint    ] Total time for which application threads were stopped: 0.0000604 seconds, Stopping threads took: 0.0000099 seconds
[2019-12-08T11:33:42.518+0000][1][safepoint    ] Application time: 0.0010540 seconds
[2019-12-08T11:33:42.518+0000][1][safepoint    ] Entering safepoint region: RevokeBias
[2019-12-08T11:33:42.518+0000][1][safepoint    ] Leaving safepoint region
[2019-12-08T11:33:42.518+0000][1][safepoint    ] Total time for which application threads were stopped: 0.0001109 seconds, Stopping threads took: 0.0000171 seconds
[2019-12-08T11:33:42.518+0000][1][safepoint    ] Application time: 0.0001541 seconds
[2019-12-08T11:33:42.518+0000][1][safepoint    ] Entering safepoint region: RevokeBias
[2019-12-08T11:33:42.518+0000][1][safepoint    ] Leaving safepoint region
[2019-12-08T11:33:42.518+0000][1][safepoint    ] Total time for which application threads were stopped: 0.0000747 seconds, Stopping threads took: 0.0000150 seconds
[2019-12-08T11:33:42.518+0000][1][safepoint    ] Application time: 0.0000581 seconds
[2019-12-08T11:33:42.518+0000][1][safepoint    ] Entering safepoint region: RevokeBias
[2019-12-08T11:33:42.518+0000][1][safepoint    ] Leaving safepoint region
[2019-12-08T11:33:42.518+0000][1][safepoint    ] Total time for which application threads were stopped: 0.0000572 seconds, Stopping threads took: 0.0000094 seconds
[2019-12-08T11:33:42.721+0000][1][safepoint    ] Application time: 0.2033494 seconds
[2019-12-08T11:33:42.722+0000][1][safepoint    ] Entering safepoint region: RevokeBias
[2019-12-08T11:33:42.722+0000][1][safepoint    ] Leaving safepoint region
[2019-12-08T11:33:42.722+0000][1][safepoint    ] Total time for which application threads were stopped: 0.0001079 seconds, Stopping threads took: 0.0000198 seconds
[2019-12-08T11:33:42.722+0000][1][safepoint    ] Application time: 0.0000543 seconds
[2019-12-08T11:33:42.722+0000][1][safepoint    ] Entering safepoint region: RevokeBias
[2019-12-08T11:33:42.722+0000][1][safepoint    ] Leaving safepoint region
[2019-12-08T11:33:42.722+0000][1][safepoint    ] Total time for which application threads were stopped: 0.0000710 seconds, Stopping threads took: 0.0000274 seconds
[2019-12-08T11:33:42.742+0000][1][safepoint    ] Application time: 0.0207129 seconds
[2019-12-08T11:33:42.743+0000][1][safepoint    ] Entering safepoint region: RevokeBias
[2019-12-08T11:33:42.743+0000][1][safepoint    ] Leaving safepoint region
[2019-12-08T11:33:42.743+0000][1][safepoint    ] Total time for which application threads were stopped: 0.0001075 seconds, Stopping threads took: 0.0000234 seconds
[2019-12-08T11:33:42.770+0000][1][safepoint    ] Application time: 0.0271880 seconds
[2019-12-08T11:33:42.805+0000][1][safepoint    ] Entering safepoint region: RevokeBias
[2019-12-08T11:33:42.805+0000][1][safepoint    ] Leaving safepoint region
[2019-12-08T11:33:42.805+0000][1][safepoint    ] Total time for which application threads were stopped: 0.0351231 seconds, Stopping threads took: 0.0350232 seconds
[2019-12-08T11:33:42.813+0000][1][safepoint    ] Application time: 0.0078345 seconds
[2019-12-08T11:33:42.822+0000][1][safepoint    ] Entering safepoint region: RevokeBias
[2019-12-08T11:33:42.823+0000][1][safepoint    ] Leaving safepoint region
[2019-12-08T11:33:42.823+0000][1][safepoint    ] Total time for which application threads were stopped: 0.0097486 seconds, Stopping threads took: 0.0096470 seconds
[2019-12-08T11:33:42.823+0000][1][safepoint    ] Application time: 0.0002963 seconds
[2019-12-08T11:33:42.823+0000][1][safepoint    ] Entering safepoint region: RevokeBias
[2019-12-08T11:33:42.823+0000][1][safepoint    ] Leaving safepoint region
[2019-12-08T11:33:42.823+0000][1][safepoint    ] Total time for which application threads were stopped: 0.0000865 seconds, Stopping threads took: 0.0000178 seconds
[2019-12-08T11:33:42.823+0000][1][safepoint    ] Application time: 0.0000661 seconds
[2019-12-08T11:33:42.823+0000][1][safepoint    ] Entering safepoint region: RevokeBias
[2019-12-08T11:33:42.823+0000][1][safepoint    ] Leaving safepoint region
[2019-12-08T11:33:42.823+0000][1][safepoint    ] Total time for which application threads were stopped: 0.0000569 seconds, Stopping threads took: 0.0000109 seconds
[2019-12-08T11:33:42.823+0000][1][safepoint    ] Application time: 0.0002011 seconds
[2019-12-08T11:33:42.823+0000][1][safepoint    ] Entering safepoint region: RevokeBias
[2019-12-08T11:33:42.823+0000][1][safepoint    ] Leaving safepoint region
[2019-12-08T11:33:42.823+0000][1][safepoint    ] Total time for which application threads were stopped: 0.0000743 seconds, Stopping threads took: 0.0000150 seconds
[2019-12-08T11:33:42.825+0000][1][safepoint    ] Application time: 0.0016209 seconds
[2019-12-08T11:33:42.825+0000][1][safepoint    ] Entering safepoint region: RevokeBias
[2019-12-08T11:33:42.825+0000][1][safepoint    ] Leaving safepoint region
[2019-12-08T11:33:42.825+0000][1][safepoint    ] Total time for which application threads were stopped: 0.0000650 seconds, Stopping threads took: 0.0000159 seconds
[2019-12-08T11:33:42.830+0000][1][safepoint    ] Application time: 0.0048197 seconds
[2019-12-08T11:33:42.830+0000][1][safepoint    ] Entering safepoint region: RevokeBias
[2019-12-08T11:33:42.830+0000][1][safepoint    ] Leaving safepoint region
[2019-12-08T11:33:42.830+0000][1][safepoint    ] Total time for which application threads were stopped: 0.0001129 seconds, Stopping threads took: 0.0000625 seconds
[2019-12-08T11:33:42.847+0000][1][safepoint    ] Application time: 0.0170973 seconds
[2019-12-08T11:33:42.857+0000][1][safepoint    ] Entering safepoint region: RevokeBias
[2019-12-08T11:33:42.857+0000][1][safepoint    ] Leaving safepoint region
[2019-12-08T11:33:42.857+0000][1][safepoint    ] Total time for which application threads were stopped: 0.0095626 seconds, Stopping threads took: 0.0094813 seconds
[2019-12-08T11:33:42.857+0000][1][safepoint    ] Application time: 0.0000867 seconds
[2019-12-08T11:33:42.857+0000][1][safepoint    ] Entering safepoint region: RevokeBias
[2019-12-08T11:33:42.857+0000][1][safepoint    ] Leaving safepoint region
[2019-12-08T11:33:42.857+0000][1][safepoint    ] Total time for which application threads were stopped: 0.0000649 seconds, Stopping threads took: 0.0000124 seconds
[2019-12-08T11:33:43.136+0000][1][safepoint    ] Application time: 0.2793149 seconds
[2019-12-08T11:33:43.136+0000][1][safepoint    ] Entering safepoint region: Deoptimize
[2019-12-08T11:33:43.137+0000][1][safepoint    ] Leaving safepoint region
[2019-12-08T11:33:43.137+0000][1][safepoint    ] Total time for which application threads were stopped: 0.0008199 seconds, Stopping threads took: 0.0000228 seconds
[2019-12-08T11:33:43.531+0000][1][safepoint    ] Application time: 0.3940876 seconds
[2019-12-08T11:33:43.531+0000][1][safepoint    ] Entering safepoint region: BulkRevokeBias
[2019-12-08T11:33:43.532+0000][1][safepoint    ] Leaving safepoint region
[2019-12-08T11:33:43.532+0000][1][safepoint    ] Total time for which application threads were stopped: 0.0005073 seconds, Stopping threads took: 0.0000233 seconds
[2019-12-08T11:33:43.542+0000][1][safepoint    ] Application time: 0.0099346 seconds
[2019-12-08T11:33:43.542+0000][1][safepoint    ] Entering safepoint region: RevokeBias
[2019-12-08T11:33:43.542+0000][1][safepoint    ] Leaving safepoint region
[2019-12-08T11:33:43.542+0000][1][safepoint    ] Total time for which application threads were stopped: 0.0000980 seconds, Stopping threads took: 0.0000212 seconds
[2019-12-08T11:33:43.592+0000][1][safepoint    ] Application time: 0.0497753 seconds
[2019-12-08T11:33:43.592+0000][1][safepoint    ] Entering safepoint region: RevokeBias
[2019-12-08T11:33:43.592+0000][1][safepoint    ] Leaving safepoint region
[2019-12-08T11:33:43.592+0000][1][safepoint    ] Total time for which application threads were stopped: 0.0001165 seconds, Stopping threads took: 0.0000385 seconds
[2019-12-08T11:33:43.611+0000][1][safepoint    ] Application time: 0.0189648 seconds
[2019-12-08T11:33:43.611+0000][1][safepoint    ] Entering safepoint region: BulkRevokeBias
[2019-12-08T11:33:43.611+0000][1][safepoint    ] Leaving safepoint region
[2019-12-08T11:33:43.611+0000][1][safepoint    ] Total time for which application threads were stopped: 0.0004281 seconds, Stopping threads took: 0.0000236 seconds
[2019-12-08T11:33:43.612+0000][1][safepoint    ] Application time: 0.0002829 seconds
[2019-12-08T11:33:43.612+0000][1][safepoint    ] Entering safepoint region: RevokeBias
[2019-12-08T11:33:43.612+0000][1][safepoint    ] Leaving safepoint region
[2019-12-08T11:33:43.612+0000][1][safepoint    ] Total time for which application threads were stopped: 0.0000895 seconds, Stopping threads took: 0.0000187 seconds
[2019-12-08T11:33:43.944+0000][1][safepoint    ] Application time: 0.3319809 seconds
[2019-12-08T11:33:43.944+0000][1][safepoint    ] Entering safepoint region: RevokeBias
[2019-12-08T11:33:43.944+0000][1][safepoint    ] Leaving safepoint region
[2019-12-08T11:33:43.944+0000][1][safepoint    ] Total time for which application threads were stopped: 0.0001538 seconds, Stopping threads took: 0.0000234 seconds
[2019-12-08T11:33:43.944+0000][1][safepoint    ] Application time: 0.0002467 seconds
[2019-12-08T11:33:43.944+0000][1][safepoint    ] Entering safepoint region: RevokeBias
[2019-12-08T11:33:43.944+0000][1][safepoint    ] Leaving safepoint region
[2019-12-08T11:33:43.944+0000][1][safepoint    ] Total time for which application threads were stopped: 0.0000800 seconds, Stopping threads took: 0.0000153 seconds
[2019-12-08T11:33:43.946+0000][1][safepoint    ] Application time: 0.0015032 seconds
[2019-12-08T11:33:43.946+0000][1][safepoint    ] Entering safepoint region: RevokeBias
[2019-12-08T11:33:43.946+0000][1][safepoint    ] Leaving safepoint region
[2019-12-08T11:33:43.946+0000][1][safepoint    ] Total time for which application threads were stopped: 0.0000762 seconds, Stopping threads took: 0.0000183 seconds
[2019-12-08T11:33:43.946+0000][1][safepoint    ] Application time: 0.0000661 seconds
[2019-12-08T11:33:43.946+0000][1][safepoint    ] Entering safepoint region: RevokeBias
[2019-12-08T11:33:43.946+0000][1][safepoint    ] Leaving safepoint region
[2019-12-08T11:33:43.946+0000][1][safepoint    ] Total time for which application threads were stopped: 0.0000457 seconds, Stopping threads took: 0.0000102 seconds
[2019-12-08T11:33:43.946+0000][1][safepoint    ] Application time: 0.0000555 seconds
[2019-12-08T11:33:43.946+0000][1][safepoint    ] Entering safepoint region: RevokeBias
[2019-12-08T11:33:43.946+0000][1][safepoint    ] Leaving safepoint region
[2019-12-08T11:33:43.946+0000][1][safepoint    ] Total time for which application threads were stopped: 0.0000482 seconds, Stopping threads took: 0.0000100 seconds
[2019-12-08T11:33:43.946+0000][1][safepoint    ] Application time: 0.0000546 seconds
[2019-12-08T11:33:43.946+0000][1][safepoint    ] Entering safepoint region: RevokeBias
[2019-12-08T11:33:43.946+0000][1][safepoint    ] Leaving safepoint region
[2019-12-08T11:33:43.946+0000][1][safepoint    ] Total time for which application threads were stopped: 0.0000452 seconds, Stopping threads took: 0.0000094 seconds
[2019-12-08T11:33:43.946+0000][1][safepoint    ] Application time: 0.0000539 seconds
[2019-12-08T11:33:43.946+0000][1][safepoint    ] Entering safepoint region: RevokeBias
[2019-12-08T11:33:43.946+0000][1][safepoint    ] Leaving safepoint region
[2019-12-08T11:33:43.946+0000][1][safepoint    ] Total time for which application threads were stopped: 0.0000457 seconds, Stopping threads took: 0.0000092 seconds
[2019-12-08T11:33:43.946+0000][1][safepoint    ] Application time: 0.0000610 seconds
[2019-12-08T11:33:43.946+0000][1][safepoint    ] Entering safepoint region: RevokeBias
[2019-12-08T11:33:43.946+0000][1][safepoint    ] Leaving safepoint region
[2019-12-08T11:33:43.946+0000][1][safepoint    ] Total time for which application threads were stopped: 0.0000417 seconds, Stopping threads took: 0.0000084 seconds
[2019-12-08T11:33:43.946+0000][1][safepoint    ] Application time: 0.0000465 seconds
[2019-12-08T11:33:43.946+0000][1][safepoint    ] Entering safepoint region: RevokeBias
[2019-12-08T11:33:43.946+0000][1][safepoint    ] Leaving safepoint region
[2019-12-08T11:33:43.946+0000][1][safepoint    ] Total time for which application threads were stopped: 0.0000398 seconds, Stopping threads took: 0.0000082 seconds
[2019-12-08T11:33:43.947+0000][1][safepoint    ] Application time: 0.0000464 seconds
[2019-12-08T11:33:43.947+0000][1][safepoint    ] Entering safepoint region: RevokeBias
[2019-12-08T11:33:43.947+0000][1][safepoint    ] Leaving safepoint region
[2019-12-08T11:33:43.947+0000][1][safepoint    ] Total time for which application threads were stopped: 0.0000399 seconds, Stopping threads took: 0.0000086 seconds
[2019-12-08T11:33:44.070+0000][1][safepoint    ] Application time: 0.1236923 seconds
[2019-12-08T11:33:44.070+0000][1][safepoint    ] Entering safepoint region: RevokeBias
[2019-12-08T11:33:44.070+0000][1][safepoint    ] Leaving safepoint region
[2019-12-08T11:33:44.070+0000][1][safepoint    ] Total time for which application threads were stopped: 0.0001091 seconds, Stopping threads took: 0.0000232 seconds
[2019-12-08T11:33:44.123+0000][1][safepoint    ] Application time: 0.0524786 seconds
[2019-12-08T11:33:44.157+0000][1][safepoint    ] Entering safepoint region: RevokeBias
[2019-12-08T11:33:44.157+0000][1][safepoint    ] Leaving safepoint region
[2019-12-08T11:33:44.157+0000][1][safepoint    ] Total time for which application threads were stopped: 0.0338962 seconds, Stopping threads took: 0.0337807 seconds
[2019-12-08T11:33:44.158+0000][1][safepoint    ] Application time: 0.0011574 seconds
[2019-12-08T11:33:44.158+0000][1][safepoint    ] Entering safepoint region: RevokeBias
[2019-12-08T11:33:44.158+0000][1][safepoint    ] Leaving safepoint region
[2019-12-08T11:33:44.158+0000][1][safepoint    ] Total time for which application threads were stopped: 0.0000940 seconds, Stopping threads took: 0.0000210 seconds
[2019-12-08T11:33:45.159+0000][1][safepoint    ] Application time: 1.0005406 seconds
[2019-12-08T11:33:45.235+0000][1][safepoint    ] Entering safepoint region: Cleanup
[2019-12-08T11:33:45.235+0000][1][safepoint    ] Leaving safepoint region
[2019-12-08T11:33:45.235+0000][1][safepoint    ] Total time for which application threads were stopped: 0.0761268 seconds, Stopping threads took: 0.0760096 seconds
[2019-12-08T11:33:45.269+0000][1][safepoint    ] Application time: 0.0338452 seconds
[2019-12-08T11:33:45.305+0000][1][safepoint    ] Entering safepoint region: RevokeBias
[2019-12-08T11:33:45.305+0000][1][safepoint    ] Leaving safepoint region
[2019-12-08T11:33:45.305+0000][1][safepoint    ] Total time for which application threads were stopped: 0.0359571 seconds, Stopping threads took: 0.0358345 seconds
[2019-12-08T11:33:45.307+0000][1][safepoint    ] Application time: 0.0021266 seconds
[2019-12-08T11:33:45.307+0000][1][safepoint    ] Entering safepoint region: RevokeBias
[2019-12-08T11:33:45.307+0000][1][safepoint    ] Leaving safepoint region
[2019-12-08T11:33:45.307+0000][1][safepoint    ] Total time for which application threads were stopped: 0.0000933 seconds, Stopping threads took: 0.0000195 seconds
[2019-12-08T11:33:45.310+0000][1][safepoint    ] Application time: 0.0027597 seconds
[2019-12-08T11:33:45.310+0000][1][safepoint    ] Entering safepoint region: RevokeBias
[2019-12-08T11:33:45.310+0000][1][safepoint    ] Leaving safepoint region
[2019-12-08T11:33:45.310+0000][1][safepoint    ] Total time for which application threads were stopped: 0.0000894 seconds, Stopping threads took: 0.0000207 seconds
[2019-12-08T11:33:46.313+0000][1][safepoint    ] Application time: 1.0028593 seconds
[2019-12-08T11:33:46.313+0000][1][safepoint    ] Entering safepoint region: Cleanup
[2019-12-08T11:33:46.313+0000][1][safepoint    ] Leaving safepoint region
[2019-12-08T11:33:46.313+0000][1][safepoint    ] Total time for which application threads were stopped: 0.0001223 seconds, Stopping threads took: 0.0000273 seconds
[2019-12-08T11:33:47.314+0000][1][safepoint    ] Application time: 1.0008195 seconds
[2019-12-08T11:33:47.314+0000][1][safepoint    ] Entering safepoint region: Cleanup
[2019-12-08T11:33:47.314+0000][1][safepoint    ] Leaving safepoint region
[2019-12-08T11:33:47.314+0000][1][safepoint    ] Total time for which application threads were stopped: 0.0001043 seconds, Stopping threads took: 0.0000237 seconds
[2019-12-08T11:33:48.315+0000][1][safepoint    ] Application time: 1.0008625 seconds
[2019-12-08T11:33:48.315+0000][1][safepoint    ] Entering safepoint region: Cleanup
[2019-12-08T11:33:48.315+0000][1][safepoint    ] Leaving safepoint region
[2019-12-08T11:33:48.315+0000][1][safepoint    ] Total time for which application threads were stopped: 0.0001144 seconds, Stopping threads took: 0.0000258 seconds
[2019-12-08T11:33:49.318+0000][1][safepoint    ] Application time: 1.0031260 seconds
[2019-12-08T11:33:49.318+0000][1][safepoint    ] Entering safepoint region: Cleanup
[2019-12-08T11:33:49.318+0000][1][safepoint    ] Leaving safepoint region
[2019-12-08T11:33:49.318+0000][1][safepoint    ] Total time for which application threads were stopped: 0.0001211 seconds, Stopping threads took: 0.0000269 seconds
[2019-12-08T11:33:50.319+0000][1][safepoint    ] Application time: 1.0005288 seconds
[2019-12-08T11:33:50.319+0000][1][safepoint    ] Entering safepoint region: Cleanup
[2019-12-08T11:33:50.319+0000][1][safepoint    ] Leaving safepoint region
[2019-12-08T11:33:50.319+0000][1][safepoint    ] Total time for which application threads were stopped: 0.0001236 seconds, Stopping threads took: 0.0000263 seconds
[2019-12-08T11:33:51.320+0000][1][safepoint    ] Application time: 1.0008295 seconds
[2019-12-08T11:33:51.320+0000][1][safepoint    ] Entering safepoint region: Cleanup
[2019-12-08T11:33:51.320+0000][1][safepoint    ] Leaving safepoint region
[2019-12-08T11:33:51.320+0000][1][safepoint    ] Total time for which application threads were stopped: 0.0001209 seconds, Stopping threads took: 0.0000337 seconds
[2019-12-08T11:33:52.321+0000][1][safepoint    ] Application time: 1.0008313 seconds
[2019-12-08T11:33:52.321+0000][1][safepoint    ] Entering safepoint region: Cleanup
[2019-12-08T11:33:52.321+0000][1][safepoint    ] Leaving safepoint region
[2019-12-08T11:33:52.321+0000][1][safepoint    ] Total time for which application threads were stopped: 0.0001357 seconds, Stopping threads took: 0.0000390 seconds
[2019-12-08T11:33:53.322+0000][1][safepoint    ] Application time: 1.0008078 seconds
[2019-12-08T11:33:53.322+0000][1][safepoint    ] Entering safepoint region: Cleanup
[2019-12-08T11:33:53.322+0000][1][safepoint    ] Leaving safepoint region
[2019-12-08T11:33:53.322+0000][1][safepoint    ] Total time for which application threads were stopped: 0.0001308 seconds, Stopping threads took: 0.0000262 seconds
[2019-12-08T11:33:54.322+0000][1][safepoint    ] Application time: 1.0000908 seconds
[2019-12-08T11:33:54.322+0000][1][safepoint    ] Entering safepoint region: Cleanup
[2019-12-08T11:33:54.322+0000][1][safepoint    ] Leaving safepoint region
[2019-12-08T11:33:54.322+0000][1][safepoint    ] Total time for which application threads were stopped: 0.0001196 seconds, Stopping threads took: 0.0000278 seconds
[2019-12-08T11:33:55.324+0000][1][safepoint    ] Application time: 1.0015454 seconds
[2019-12-08T11:33:55.324+0000][1][safepoint    ] Entering safepoint region: Cleanup
[2019-12-08T11:33:55.324+0000][1][safepoint    ] Leaving safepoint region
[2019-12-08T11:33:55.324+0000][1][safepoint    ] Total time for which application threads were stopped: 0.0001099 seconds, Stopping threads took: 0.0000249 seconds
[2019-12-08T11:33:56.325+0000][1][safepoint    ] Application time: 1.0008519 seconds
[2019-12-08T11:33:56.325+0000][1][safepoint    ] Entering safepoint region: Cleanup
[2019-12-08T11:33:56.325+0000][1][safepoint    ] Leaving safepoint region
[2019-12-08T11:33:56.325+0000][1][safepoint    ] Total time for which application threads were stopped: 0.0001304 seconds, Stopping threads took: 0.0000267 seconds
[2019-12-08T11:33:57.325+0000][1][safepoint    ] Application time: 1.0000817 seconds
[2019-12-08T11:33:57.325+0000][1][safepoint    ] Entering safepoint region: Cleanup
[2019-12-08T11:33:57.325+0000][1][safepoint    ] Leaving safepoint region
[2019-12-08T11:33:57.325+0000][1][safepoint    ] Total time for which application threads were stopped: 0.0001054 seconds, Stopping threads took: 0.0000225 seconds
[2019-12-08T11:33:58.326+0000][1][safepoint    ] Application time: 1.0005729 seconds
[2019-12-08T11:33:58.326+0000][1][safepoint    ] Entering safepoint region: Cleanup
[2019-12-08T11:33:58.326+0000][1][safepoint    ] Leaving safepoint region
[2019-12-08T11:33:58.326+0000][1][safepoint    ] Total time for which application threads were stopped: 0.0001127 seconds, Stopping threads took: 0.0000261 seconds
[2019-12-08T11:33:59.326+0000][1][safepoint    ] Application time: 1.0000797 seconds
[2019-12-08T11:33:59.326+0000][1][safepoint    ] Entering safepoint region: Cleanup
[2019-12-08T11:33:59.326+0000][1][safepoint    ] Leaving safepoint region
[2019-12-08T11:33:59.326+0000][1][safepoint    ] Total time for which application threads were stopped: 0.0000790 seconds, Stopping threads took: 0.0000174 seconds
[2019-12-08T11:34:00.326+0000][1][safepoint    ] Application time: 1.0000796 seconds
[2019-12-08T11:34:00.326+0000][1][safepoint    ] Entering safepoint region: Cleanup
[2019-12-08T11:34:00.326+0000][1][safepoint    ] Leaving safepoint region
[2019-12-08T11:34:00.326+0000][1][safepoint    ] Total time for which application threads were stopped: 0.0000820 seconds, Stopping threads took: 0.0000181 seconds
[2019-12-08T11:34:01.326+0000][1][safepoint    ] Application time: 1.0001642 seconds
[2019-12-08T11:34:01.326+0000][1][safepoint    ] Entering safepoint region: Cleanup
[2019-12-08T11:34:01.327+0000][1][safepoint    ] Leaving safepoint region
[2019-12-08T11:34:01.327+0000][1][safepoint    ] Total time for which application threads were stopped: 0.0001152 seconds, Stopping threads took: 0.0000300 seconds
[2019-12-08T11:34:01.573+0000][1][safepoint    ] Application time: 0.2463991 seconds
[2019-12-08T11:34:01.573+0000][1][safepoint    ] Entering safepoint region: GenCollectForAllocation
[2019-12-08T11:34:01.573+0000][1][gc,start     ] GC(23) Pause Young (Allocation Failure)
[2019-12-08T11:34:01.573+0000][1][gc,task      ] GC(23) Using 4 workers of 4 for evacuation
[2019-12-08T11:34:01.591+0000][1][gc,age       ] GC(23) Desired survivor size 4456448 bytes, new threshold 2 (max threshold 6)
[2019-12-08T11:34:01.591+0000][1][gc,age       ] GC(23) Age table with threshold 2 (max threshold 6)
[2019-12-08T11:34:01.591+0000][1][gc,age       ] GC(23) - age   1:    1954480 bytes,    1954480 total
[2019-12-08T11:34:01.591+0000][1][gc,age       ] GC(23) - age   2:    3631104 bytes,    5585584 total
[2019-12-08T11:34:01.591+0000][1][gc,heap      ] GC(23) ParNew: 78656K->8603K(78656K)
[2019-12-08T11:34:01.591+0000][1][gc,heap      ] GC(23) CMS: 60372K->64499K(174784K)
[2019-12-08T11:34:01.591+0000][1][gc,metaspace ] GC(23) Metaspace: 68297K->68297K(1112064K)
[2019-12-08T11:34:01.591+0000][1][gc           ] GC(23) Pause Young (Allocation Failure) 135M->71M(247M) 17.934ms
[2019-12-08T11:34:01.591+0000][1][gc,cpu       ] GC(23) User=0.04s Sys=0.00s Real=0.02s
[2019-12-08T11:34:01.591+0000][1][safepoint    ] Leaving safepoint region
[2019-12-08T11:34:01.591+0000][1][safepoint    ] Total time for which application threads were stopped: 0.0181188 seconds, Stopping threads took: 0.0000179 seconds
[2019-12-08T11:34:02.591+0000][1][safepoint    ] Application time: 1.0000849 seconds
[2019-12-08T11:34:02.591+0000][1][safepoint    ] Entering safepoint region: Cleanup
[2019-12-08T11:34:02.591+0000][1][safepoint    ] Leaving safepoint region
[2019-12-08T11:34:02.591+0000][1][safepoint    ] Total time for which application threads were stopped: 0.0001027 seconds, Stopping threads took: 0.0000280 seconds
[2019-12-08T11:34:03.591+0000][1][safepoint    ] Application time: 1.0000861 seconds
[2019-12-08T11:34:03.592+0000][1][safepoint    ] Entering safepoint region: Cleanup
[2019-12-08T11:34:03.592+0000][1][safepoint    ] Leaving safepoint region
[2019-12-08T11:34:03.592+0000][1][safepoint    ] Total time for which application threads were stopped: 0.0000877 seconds, Stopping threads took: 0.0000207 seconds
[2019-12-08T11:34:04.592+0000][1][safepoint    ] Application time: 1.0000776 seconds
[2019-12-08T11:34:04.592+0000][1][safepoint    ] Entering safepoint region: Cleanup
[2019-12-08T11:34:04.592+0000][1][safepoint    ] Leaving safepoint region
[2019-12-08T11:34:04.592+0000][1][safepoint    ] Total time for which application threads were stopped: 0.0000910 seconds, Stopping threads took: 0.0000213 seconds
[2019-12-08T11:34:05.592+0000][1][safepoint    ] Application time: 1.0000795 seconds
[2019-12-08T11:34:05.592+0000][1][safepoint    ] Entering safepoint region: Cleanup
[2019-12-08T11:34:05.592+0000][1][safepoint    ] Leaving safepoint region
[2019-12-08T11:34:05.592+0000][1][safepoint    ] Total time for which application threads were stopped: 0.0000932 seconds, Stopping threads took: 0.0000208 seconds
[2019-12-08T11:34:06.592+0000][1][safepoint    ] Application time: 1.0000771 seconds
[2019-12-08T11:34:06.592+0000][1][safepoint    ] Entering safepoint region: Cleanup
[2019-12-08T11:34:06.592+0000][1][safepoint    ] Leaving safepoint region
[2019-12-08T11:34:06.592+0000][1][safepoint    ] Total time for which application threads were stopped: 0.0000886 seconds, Stopping threads took: 0.0000180 seconds
[2019-12-08T11:34:07.592+0000][1][safepoint    ] Application time: 1.0000808 seconds
[2019-12-08T11:34:07.592+0000][1][safepoint    ] Entering safepoint region: Cleanup
[2019-12-08T11:34:07.592+0000][1][safepoint    ] Leaving safepoint region
[2019-12-08T11:34:07.592+0000][1][safepoint    ] Total time for which application threads were stopped: 0.0001125 seconds, Stopping threads took: 0.0000218 seconds
[2019-12-08T11:34:08.593+0000][1][safepoint    ] Application time: 1.0000762 seconds
[2019-12-08T11:34:08.593+0000][1][safepoint    ] Entering safepoint region: Cleanup
[2019-12-08T11:34:08.593+0000][1][safepoint    ] Leaving safepoint region
[2019-12-08T11:34:08.593+0000][1][safepoint    ] Total time for which application threads were stopped: 0.0001204 seconds, Stopping threads took: 0.0000207 seconds
[2019-12-08T11:34:09.593+0000][1][safepoint    ] Application time: 1.0000781 seconds
[2019-12-08T11:34:09.593+0000][1][safepoint    ] Entering safepoint region: Cleanup
[2019-12-08T11:34:09.593+0000][1][safepoint    ] Leaving safepoint region
[2019-12-08T11:34:09.593+0000][1][safepoint    ] Total time for which application threads were stopped: 0.0000902 seconds, Stopping threads took: 0.0000212 seconds
[2019-12-08T11:34:10.593+0000][1][safepoint    ] Application time: 1.0000781 seconds
[2019-12-08T11:34:10.593+0000][1][safepoint    ] Entering safepoint region: Cleanup
[2019-12-08T11:34:10.593+0000][1][safepoint    ] Leaving safepoint region
[2019-12-08T11:34:10.593+0000][1][safepoint    ] Total time for which application threads were stopped: 0.0000912 seconds, Stopping threads took: 0.0000227 seconds
[2019-12-08T11:34:11.593+0000][1][safepoint    ] Application time: 1.0000778 seconds
[2019-12-08T11:34:11.593+0000][1][safepoint    ] Entering safepoint region: Cleanup
[2019-12-08T11:34:11.593+0000][1][safepoint    ] Leaving safepoint region
[2019-12-08T11:34:11.593+0000][1][safepoint    ] Total time for which application threads were stopped: 0.0000860 seconds, Stopping threads took: 0.0000189 seconds
[2019-12-08T11:34:12.593+0000][1][safepoint    ] Application time: 1.0000653 seconds
[2019-12-08T11:34:12.593+0000][1][safepoint    ] Entering safepoint region: Cleanup
[2019-12-08T11:34:12.594+0000][1][safepoint    ] Leaving safepoint region
[2019-12-08T11:34:12.594+0000][1][safepoint    ] Total time for which application threads were stopped: 0.0000995 seconds, Stopping threads took: 0.0000200 seconds
[2019-12-08T11:34:13.594+0000][1][safepoint    ] Application time: 1.0000773 seconds
[2019-12-08T11:34:13.594+0000][1][safepoint    ] Entering safepoint region: Cleanup
[2019-12-08T11:34:13.594+0000][1][safepoint    ] Leaving safepoint region
[2019-12-08T11:34:13.594+0000][1][safepoint    ] Total time for which application threads were stopped: 0.0001068 seconds, Stopping threads took: 0.0000342 seconds
[2019-12-08T11:34:14.594+0000][1][safepoint    ] Application time: 1.0000767 seconds
[2019-12-08T11:34:14.594+0000][1][safepoint    ] Entering safepoint region: Cleanup
[2019-12-08T11:34:14.594+0000][1][safepoint    ] Leaving safepoint region
[2019-12-08T11:34:14.594+0000][1][safepoint    ] Total time for which application threads were stopped: 0.0000869 seconds, Stopping threads took: 0.0000222 seconds
[2019-12-08T11:34:15.594+0000][1][safepoint    ] Application time: 1.0000788 seconds
[2019-12-08T11:34:15.594+0000][1][safepoint    ] Entering safepoint region: Cleanup
[2019-12-08T11:34:15.594+0000][1][safepoint    ] Leaving safepoint region
[2019-12-08T11:34:15.594+0000][1][safepoint    ] Total time for which application threads were stopped: 0.0000888 seconds, Stopping threads took: 0.0000203 seconds
[2019-12-08T11:34:16.594+0000][1][safepoint    ] Application time: 1.0000784 seconds
[2019-12-08T11:34:16.594+0000][1][safepoint    ] Entering safepoint region: Cleanup
[2019-12-08T11:34:16.594+0000][1][safepoint    ] Leaving safepoint region
[2019-12-08T11:34:16.594+0000][1][safepoint    ] Total time for which application threads were stopped: 0.0000900 seconds, Stopping threads took: 0.0000202 seconds
[2019-12-08T11:34:17.595+0000][1][safepoint    ] Application time: 1.0000813 seconds
[2019-12-08T11:34:17.595+0000][1][safepoint    ] Entering safepoint region: Cleanup
[2019-12-08T11:34:17.595+0000][1][safepoint    ] Leaving safepoint region
[2019-12-08T11:34:17.595+0000][1][safepoint    ] Total time for which application threads were stopped: 0.0000966 seconds, Stopping threads took: 0.0000185 seconds
[2019-12-08T11:34:18.595+0000][1][safepoint    ] Application time: 1.0000807 seconds
[2019-12-08T11:34:18.595+0000][1][safepoint    ] Entering safepoint region: Cleanup
[2019-12-08T11:34:18.595+0000][1][safepoint    ] Leaving safepoint region
[2019-12-08T11:34:18.595+0000][1][safepoint    ] Total time for which application threads were stopped: 0.0000907 seconds, Stopping threads took: 0.0000220 seconds
[2019-12-08T11:34:19.595+0000][1][safepoint    ] Application time: 1.0000800 seconds
[2019-12-08T11:34:19.595+0000][1][safepoint    ] Entering safepoint region: Cleanup
[2019-12-08T11:34:19.595+0000][1][safepoint    ] Leaving safepoint region
[2019-12-08T11:34:19.595+0000][1][safepoint    ] Total time for which application threads were stopped: 0.0000972 seconds, Stopping threads took: 0.0000225 seconds
[2019-12-08T11:34:20.595+0000][1][safepoint    ] Application time: 1.0000782 seconds
[2019-12-08T11:34:20.595+0000][1][safepoint    ] Entering safepoint region: Cleanup
[2019-12-08T11:34:20.595+0000][1][safepoint    ] Leaving safepoint region
[2019-12-08T11:34:20.595+0000][1][safepoint    ] Total time for which application threads were stopped: 0.0000928 seconds, Stopping threads took: 0.0000211 seconds
[2019-12-08T11:34:21.595+0000][1][safepoint    ] Application time: 1.0000780 seconds
[2019-12-08T11:34:21.595+0000][1][safepoint    ] Entering safepoint region: Cleanup
[2019-12-08T11:34:21.595+0000][1][safepoint    ] Leaving safepoint region
[2019-12-08T11:34:21.595+0000][1][safepoint    ] Total time for which application threads were stopped: 0.0000877 seconds, Stopping threads took: 0.0000192 seconds
[2019-12-08T11:34:22.596+0000][1][safepoint    ] Application time: 1.0000788 seconds
[2019-12-08T11:34:22.596+0000][1][safepoint    ] Entering safepoint region: Cleanup
[2019-12-08T11:34:22.596+0000][1][safepoint    ] Leaving safepoint region
[2019-12-08T11:34:22.596+0000][1][safepoint    ] Total time for which application threads were stopped: 0.0001078 seconds, Stopping threads took: 0.0000193 seconds
[2019-12-08T11:34:23.596+0000][1][safepoint    ] Application time: 1.0000757 seconds
[2019-12-08T11:34:23.596+0000][1][safepoint    ] Entering safepoint region: Cleanup
[2019-12-08T11:34:23.596+0000][1][safepoint    ] Leaving safepoint region
[2019-12-08T11:34:23.596+0000][1][safepoint    ] Total time for which application threads were stopped: 0.0000835 seconds, Stopping threads took: 0.0000178 seconds
[2019-12-08T11:34:24.596+0000][1][safepoint    ] Application time: 1.0000775 seconds
[2019-12-08T11:34:24.596+0000][1][safepoint    ] Entering safepoint region: Cleanup
[2019-12-08T11:34:24.596+0000][1][safepoint    ] Leaving safepoint region
[2019-12-08T11:34:24.596+0000][1][safepoint    ] Total time for which application threads were stopped: 0.0000884 seconds, Stopping threads took: 0.0000197 seconds
[2019-12-08T11:34:25.596+0000][1][safepoint    ] Application time: 1.0000778 seconds
[2019-12-08T11:34:25.596+0000][1][safepoint    ] Entering safepoint region: Cleanup
[2019-12-08T11:34:25.596+0000][1][safepoint    ] Leaving safepoint region
[2019-12-08T11:34:25.596+0000][1][safepoint    ] Total time for which application threads were stopped: 0.0000876 seconds, Stopping threads took: 0.0000186 seconds
[2019-12-08T11:34:26.596+0000][1][safepoint    ] Application time: 1.0000812 seconds
[2019-12-08T11:34:26.596+0000][1][safepoint    ] Entering safepoint region: Cleanup
[2019-12-08T11:34:26.597+0000][1][safepoint    ] Leaving safepoint region
[2019-12-08T11:34:26.597+0000][1][safepoint    ] Total time for which application threads were stopped: 0.0001038 seconds, Stopping threads took: 0.0000282 seconds
[2019-12-08T11:34:27.597+0000][1][safepoint    ] Application time: 1.0000867 seconds
[2019-12-08T11:34:27.597+0000][1][safepoint    ] Entering safepoint region: Cleanup
[2019-12-08T11:34:27.597+0000][1][safepoint    ] Leaving safepoint region
[2019-12-08T11:34:27.597+0000][1][safepoint    ] Total time for which application threads were stopped: 0.0000943 seconds, Stopping threads took: 0.0000208 seconds
[2019-12-08T11:34:28.597+0000][1][safepoint    ] Application time: 1.0000783 seconds
[2019-12-08T11:34:28.597+0000][1][safepoint    ] Entering safepoint region: Cleanup
[2019-12-08T11:34:28.597+0000][1][safepoint    ] Leaving safepoint region
[2019-12-08T11:34:28.597+0000][1][safepoint    ] Total time for which application threads were stopped: 0.0000914 seconds, Stopping threads took: 0.0000183 seconds
[2019-12-08T11:34:29.597+0000][1][safepoint    ] Application time: 1.0000749 seconds
[2019-12-08T11:34:29.597+0000][1][safepoint    ] Entering safepoint region: Cleanup
[2019-12-08T11:34:29.597+0000][1][safepoint    ] Leaving safepoint region
[2019-12-08T11:34:29.597+0000][1][safepoint    ] Total time for which application threads were stopped: 0.0000930 seconds, Stopping threads took: 0.0000199 seconds
[2019-12-08T11:34:30.597+0000][1][safepoint    ] Application time: 1.0000748 seconds
[2019-12-08T11:34:30.597+0000][1][safepoint    ] Entering safepoint region: Cleanup
[2019-12-08T11:34:30.597+0000][1][safepoint    ] Leaving safepoint region
[2019-12-08T11:34:30.597+0000][1][safepoint    ] Total time for which application threads were stopped: 0.0000923 seconds, Stopping threads took: 0.0000242 seconds
[2019-12-08T11:34:31.598+0000][1][safepoint    ] Application time: 1.0000786 seconds
[2019-12-08T11:34:31.598+0000][1][safepoint    ] Entering safepoint region: Cleanup
[2019-12-08T11:34:31.598+0000][1][safepoint    ] Leaving safepoint region
[2019-12-08T11:34:31.598+0000][1][safepoint    ] Total time for which application threads were stopped: 0.0000916 seconds, Stopping threads took: 0.0000231 seconds
[2019-12-08T11:34:32.598+0000][1][safepoint    ] Application time: 1.0000766 seconds
[2019-12-08T11:34:32.598+0000][1][safepoint    ] Entering safepoint region: Cleanup
[2019-12-08T11:34:32.598+0000][1][safepoint    ] Leaving safepoint region
[2019-12-08T11:34:32.598+0000][1][safepoint    ] Total time for which application threads were stopped: 0.0000971 seconds, Stopping threads took: 0.0000222 seconds
[2019-12-08T11:34:33.598+0000][1][safepoint    ] Application time: 1.0000745 seconds
[2019-12-08T11:34:33.598+0000][1][safepoint    ] Entering safepoint region: Cleanup
[2019-12-08T11:34:33.598+0000][1][safepoint    ] Leaving safepoint region
[2019-12-08T11:34:33.598+0000][1][safepoint    ] Total time for which application threads were stopped: 0.0001080 seconds, Stopping threads took: 0.0000184 seconds
[2019-12-08T11:34:34.598+0000][1][safepoint    ] Application time: 1.0000775 seconds
[2019-12-08T11:34:34.598+0000][1][safepoint    ] Entering safepoint region: Cleanup
[2019-12-08T11:34:34.598+0000][1][safepoint    ] Leaving safepoint region
[2019-12-08T11:34:34.598+0000][1][safepoint    ] Total time for which application threads were stopped: 0.0000984 seconds, Stopping threads took: 0.0000223 seconds
[2019-12-08T11:34:35.598+0000][1][safepoint    ] Application time: 1.0000771 seconds
[2019-12-08T11:34:35.598+0000][1][safepoint    ] Entering safepoint region: Cleanup
[2019-12-08T11:34:35.598+0000][1][safepoint    ] Leaving safepoint region
[2019-12-08T11:34:35.598+0000][1][safepoint    ] Total time for which application threads were stopped: 0.0000883 seconds, Stopping threads took: 0.0000216 seconds
[2019-12-08T11:34:36.599+0000][1][safepoint    ] Application time: 1.0000777 seconds
[2019-12-08T11:34:36.599+0000][1][safepoint    ] Entering safepoint region: Cleanup
[2019-12-08T11:34:36.599+0000][1][safepoint    ] Leaving safepoint region
[2019-12-08T11:34:36.599+0000][1][safepoint    ] Total time for which application threads were stopped: 0.0001123 seconds, Stopping threads took: 0.0000229 seconds
[2019-12-08T11:34:37.599+0000][1][safepoint    ] Application time: 1.0000786 seconds
[2019-12-08T11:34:37.599+0000][1][safepoint    ] Entering safepoint region: Cleanup
[2019-12-08T11:34:37.599+0000][1][safepoint    ] Leaving safepoint region
[2019-12-08T11:34:37.599+0000][1][safepoint    ] Total time for which application threads were stopped: 0.0000885 seconds, Stopping threads took: 0.0000189 seconds
[2019-12-08T11:34:38.599+0000][1][safepoint    ] Application time: 1.0000772 seconds
[2019-12-08T11:34:38.599+0000][1][safepoint    ] Entering safepoint region: Cleanup
[2019-12-08T11:34:38.599+0000][1][safepoint    ] Leaving safepoint region
[2019-12-08T11:34:38.599+0000][1][safepoint    ] Total time for which application threads were stopped: 0.0000872 seconds, Stopping threads took: 0.0000170 seconds
[2019-12-08T11:34:39.599+0000][1][safepoint    ] Application time: 1.0000776 seconds
[2019-12-08T11:34:39.599+0000][1][safepoint    ] Entering safepoint region: Cleanup
[2019-12-08T11:34:39.599+0000][1][safepoint    ] Leaving safepoint region
[2019-12-08T11:34:39.599+0000][1][safepoint    ] Total time for which application threads were stopped: 0.0000860 seconds, Stopping threads took: 0.0000175 seconds
[2019-12-08T11:34:40.599+0000][1][safepoint    ] Application time: 1.0000927 seconds
[2019-12-08T11:34:40.599+0000][1][safepoint    ] Entering safepoint region: Cleanup
[2019-12-08T11:34:40.600+0000][1][safepoint    ] Leaving safepoint region
[2019-12-08T11:34:40.600+0000][1][safepoint    ] Total time for which application threads were stopped: 0.0001313 seconds, Stopping threads took: 0.0000262 seconds
[2019-12-08T11:34:41.600+0000][1][safepoint    ] Application time: 1.0000761 seconds
[2019-12-08T11:34:41.600+0000][1][safepoint    ] Entering safepoint region: Cleanup
[2019-12-08T11:34:41.600+0000][1][safepoint    ] Leaving safepoint region
[2019-12-08T11:34:41.600+0000][1][safepoint    ] Total time for which application threads were stopped: 0.0000862 seconds, Stopping threads took: 0.0000179 seconds
[2019-12-08T11:34:42.600+0000][1][safepoint    ] Application time: 1.0000774 seconds
[2019-12-08T11:34:42.600+0000][1][safepoint    ] Entering safepoint region: Cleanup
[2019-12-08T11:34:42.600+0000][1][safepoint    ] Leaving safepoint region
[2019-12-08T11:34:42.600+0000][1][safepoint    ] Total time for which application threads were stopped: 0.0000891 seconds, Stopping threads took: 0.0000197 seconds
[2019-12-08T11:34:43.600+0000][1][safepoint    ] Application time: 1.0000772 seconds
[2019-12-08T11:34:43.600+0000][1][safepoint    ] Entering safepoint region: Cleanup
[2019-12-08T11:34:43.600+0000][1][safepoint    ] Leaving safepoint region
[2019-12-08T11:34:43.600+0000][1][safepoint    ] Total time for which application threads were stopped: 0.0000853 seconds, Stopping threads took: 0.0000186 seconds
[2019-12-08T11:34:44.600+0000][1][safepoint    ] Application time: 1.0000774 seconds
[2019-12-08T11:34:44.600+0000][1][safepoint    ] Entering safepoint region: Cleanup
[2019-12-08T11:34:44.600+0000][1][safepoint    ] Leaving safepoint region
[2019-12-08T11:34:44.600+0000][1][safepoint    ] Total time for which application threads were stopped: 0.0001004 seconds, Stopping threads took: 0.0000218 seconds
[2019-12-08T11:34:45.601+0000][1][safepoint    ] Application time: 1.0000772 seconds
[2019-12-08T11:34:45.601+0000][1][safepoint    ] Entering safepoint region: Cleanup
[2019-12-08T11:34:45.601+0000][1][safepoint    ] Leaving safepoint region
[2019-12-08T11:34:45.601+0000][1][safepoint    ] Total time for which application threads were stopped: 0.0000973 seconds, Stopping threads took: 0.0000187 seconds
[2019-12-08T11:34:46.601+0000][1][safepoint    ] Application time: 1.0000778 seconds
[2019-12-08T11:34:46.601+0000][1][safepoint    ] Entering safepoint region: Cleanup
[2019-12-08T11:34:46.601+0000][1][safepoint    ] Leaving safepoint region
[2019-12-08T11:34:46.601+0000][1][safepoint    ] Total time for which application threads were stopped: 0.0000897 seconds, Stopping threads took: 0.0000239 seconds
[2019-12-08T11:34:47.601+0000][1][safepoint    ] Application time: 1.0000783 seconds
[2019-12-08T11:34:47.601+0000][1][safepoint    ] Entering safepoint region: Cleanup
[2019-12-08T11:34:47.601+0000][1][safepoint    ] Leaving safepoint region
[2019-12-08T11:34:47.601+0000][1][safepoint    ] Total time for which application threads were stopped: 0.0000828 seconds, Stopping threads took: 0.0000176 seconds
[2019-12-08T11:34:48.601+0000][1][safepoint    ] Application time: 1.0000768 seconds
[2019-12-08T11:34:48.601+0000][1][safepoint    ] Entering safepoint region: Cleanup
[2019-12-08T11:34:48.601+0000][1][safepoint    ] Leaving safepoint region
[2019-12-08T11:34:48.601+0000][1][safepoint    ] Total time for which application threads were stopped: 0.0000932 seconds, Stopping threads took: 0.0000223 seconds
[2019-12-08T11:34:49.601+0000][1][safepoint    ] Application time: 1.0000776 seconds
[2019-12-08T11:34:49.601+0000][1][safepoint    ] Entering safepoint region: Cleanup
[2019-12-08T11:34:49.601+0000][1][safepoint    ] Leaving safepoint region
[2019-12-08T11:34:49.601+0000][1][safepoint    ] Total time for which application threads were stopped: 0.0000856 seconds, Stopping threads took: 0.0000195 seconds
[2019-12-08T11:34:50.602+0000][1][safepoint    ] Application time: 1.0000770 seconds
[2019-12-08T11:34:50.602+0000][1][safepoint    ] Entering safepoint region: Cleanup
[2019-12-08T11:34:50.602+0000][1][safepoint    ] Leaving safepoint region
[2019-12-08T11:34:50.602+0000][1][safepoint    ] Total time for which application threads were stopped: 0.0000925 seconds, Stopping threads took: 0.0000192 seconds
[2019-12-08T11:34:51.602+0000][1][safepoint    ] Application time: 1.0000855 seconds
[2019-12-08T11:34:51.602+0000][1][safepoint    ] Entering safepoint region: Cleanup
[2019-12-08T11:34:51.602+0000][1][safepoint    ] Leaving safepoint region
[2019-12-08T11:34:51.602+0000][1][safepoint    ] Total time for which application threads were stopped: 0.0000964 seconds, Stopping threads took: 0.0000247 seconds
[2019-12-08T11:34:52.602+0000][1][safepoint    ] Application time: 1.0000778 seconds
[2019-12-08T11:34:52.602+0000][1][safepoint    ] Entering safepoint region: Cleanup
[2019-12-08T11:34:52.602+0000][1][safepoint    ] Leaving safepoint region
[2019-12-08T11:34:52.602+0000][1][safepoint    ] Total time for which application threads were stopped: 0.0000969 seconds, Stopping threads took: 0.0000201 seconds
[2019-12-08T11:34:53.602+0000][1][safepoint    ] Application time: 1.0000775 seconds
[2019-12-08T11:34:53.602+0000][1][safepoint    ] Entering safepoint region: Cleanup
[2019-12-08T11:34:53.602+0000][1][safepoint    ] Leaving safepoint region
[2019-12-08T11:34:53.602+0000][1][safepoint    ] Total time for which application threads were stopped: 0.0000869 seconds, Stopping threads took: 0.0000201 seconds
[2019-12-08T11:34:54.602+0000][1][safepoint    ] Application time: 1.0000756 seconds
[2019-12-08T11:34:54.602+0000][1][safepoint    ] Entering safepoint region: Cleanup
[2019-12-08T11:34:54.603+0000][1][safepoint    ] Leaving safepoint region
[2019-12-08T11:34:54.603+0000][1][safepoint    ] Total time for which application threads were stopped: 0.0000932 seconds, Stopping threads took: 0.0000250 seconds
[2019-12-08T11:34:55.603+0000][1][safepoint    ] Application time: 1.0000763 seconds
[2019-12-08T11:34:55.603+0000][1][safepoint    ] Entering safepoint region: Cleanup
[2019-12-08T11:34:55.603+0000][1][safepoint    ] Leaving safepoint region
[2019-12-08T11:34:55.603+0000][1][safepoint    ] Total time for which application threads were stopped: 0.0000979 seconds, Stopping threads took: 0.0000195 seconds
[2019-12-08T11:34:56.603+0000][1][safepoint    ] Application time: 1.0000763 seconds
[2019-12-08T11:34:56.603+0000][1][safepoint    ] Entering safepoint region: Cleanup
[2019-12-08T11:34:56.603+0000][1][safepoint    ] Leaving safepoint region
[2019-12-08T11:34:56.603+0000][1][safepoint    ] Total time for which application threads were stopped: 0.0000951 seconds, Stopping threads took: 0.0000211 seconds
[2019-12-08T11:34:57.603+0000][1][safepoint    ] Application time: 1.0000750 seconds
[2019-12-08T11:34:57.603+0000][1][safepoint    ] Entering safepoint region: Cleanup
[2019-12-08T11:34:57.603+0000][1][safepoint    ] Leaving safepoint region
[2019-12-08T11:34:57.603+0000][1][safepoint    ] Total time for which application threads were stopped: 0.0000829 seconds, Stopping threads took: 0.0000181 seconds
[2019-12-08T11:34:58.603+0000][1][safepoint    ] Application time: 1.0000831 seconds
[2019-12-08T11:34:58.603+0000][1][safepoint    ] Entering safepoint region: Cleanup
[2019-12-08T11:34:58.603+0000][1][safepoint    ] Leaving safepoint region
[2019-12-08T11:34:58.603+0000][1][safepoint    ] Total time for which application threads were stopped: 0.0001210 seconds, Stopping threads took: 0.0000242 seconds
[2019-12-08T11:34:59.603+0000][1][safepoint    ] Application time: 1.0000781 seconds
[2019-12-08T11:34:59.604+0000][1][safepoint    ] Entering safepoint region: Cleanup
[2019-12-08T11:34:59.604+0000][1][safepoint    ] Leaving safepoint region
[2019-12-08T11:34:59.604+0000][1][safepoint    ] Total time for which application threads were stopped: 0.0000861 seconds, Stopping threads took: 0.0000193 seconds
[2019-12-08T11:35:00.604+0000][1][safepoint    ] Application time: 1.0000804 seconds
[2019-12-08T11:35:00.604+0000][1][safepoint    ] Entering safepoint region: Cleanup
[2019-12-08T11:35:00.604+0000][1][safepoint    ] Leaving safepoint region
[2019-12-08T11:35:00.604+0000][1][safepoint    ] Total time for which application threads were stopped: 0.0000966 seconds, Stopping threads took: 0.0000227 seconds
[2019-12-08T11:35:01.604+0000][1][safepoint    ] Application time: 1.0000830 seconds
[2019-12-08T11:35:01.604+0000][1][safepoint    ] Entering safepoint region: Cleanup
[2019-12-08T11:35:01.604+0000][1][safepoint    ] Leaving safepoint region
[2019-12-08T11:35:01.604+0000][1][safepoint    ] Total time for which application threads were stopped: 0.0001227 seconds, Stopping threads took: 0.0000256 seconds
[2019-12-08T11:35:02.604+0000][1][safepoint    ] Application time: 1.0000863 seconds
[2019-12-08T11:35:02.604+0000][1][safepoint    ] Entering safepoint region: Cleanup
[2019-12-08T11:35:02.604+0000][1][safepoint    ] Leaving safepoint region
[2019-12-08T11:35:02.604+0000][1][safepoint    ] Total time for which application threads were stopped: 0.0000969 seconds, Stopping threads took: 0.0000204 seconds
[2019-12-08T11:35:03.604+0000][1][safepoint    ] Application time: 1.0000853 seconds
[2019-12-08T11:35:03.604+0000][1][safepoint    ] Entering safepoint region: Cleanup
[2019-12-08T11:35:03.605+0000][1][safepoint    ] Leaving safepoint region
[2019-12-08T11:35:03.605+0000][1][safepoint    ] Total time for which application threads were stopped: 0.0000887 seconds, Stopping threads took: 0.0000200 seconds
[2019-12-08T11:35:04.605+0000][1][safepoint    ] Application time: 1.0000836 seconds
[2019-12-08T11:35:04.605+0000][1][safepoint    ] Entering safepoint region: Cleanup
[2019-12-08T11:35:04.605+0000][1][safepoint    ] Leaving safepoint region
[2019-12-08T11:35:04.605+0000][1][safepoint    ] Total time for which application threads were stopped: 0.0001104 seconds, Stopping threads took: 0.0000203 seconds
[2019-12-08T11:35:05.605+0000][1][safepoint    ] Application time: 1.0000800 seconds
[2019-12-08T11:35:05.605+0000][1][safepoint    ] Entering safepoint region: Cleanup
[2019-12-08T11:35:05.605+0000][1][safepoint    ] Leaving safepoint region
[2019-12-08T11:35:05.605+0000][1][safepoint    ] Total time for which application threads were stopped: 0.0000859 seconds, Stopping threads took: 0.0000186 seconds
[2019-12-08T11:35:06.605+0000][1][safepoint    ] Application time: 1.0000756 seconds
[2019-12-08T11:35:06.605+0000][1][safepoint    ] Entering safepoint region: Cleanup
[2019-12-08T11:35:06.605+0000][1][safepoint    ] Leaving safepoint region
[2019-12-08T11:35:06.605+0000][1][safepoint    ] Total time for which application threads were stopped: 0.0000988 seconds, Stopping threads took: 0.0000217 seconds
[2019-12-08T11:35:07.605+0000][1][safepoint    ] Application time: 1.0000780 seconds
[2019-12-08T11:35:07.605+0000][1][safepoint    ] Entering safepoint region: Cleanup
[2019-12-08T11:35:07.605+0000][1][safepoint    ] Leaving safepoint region
[2019-12-08T11:35:07.605+0000][1][safepoint    ] Total time for which application threads were stopped: 0.0000919 seconds, Stopping threads took: 0.0000200 seconds
[2019-12-08T11:35:08.605+0000][1][safepoint    ] Application time: 1.0000807 seconds
[2019-12-08T11:35:08.606+0000][1][safepoint    ] Entering safepoint region: Cleanup
[2019-12-08T11:35:08.606+0000][1][safepoint    ] Leaving safepoint region
[2019-12-08T11:35:08.606+0000][1][safepoint    ] Total time for which application threads were stopped: 0.0000883 seconds, Stopping threads took: 0.0000198 seconds
[2019-12-08T11:35:09.606+0000][1][safepoint    ] Application time: 1.0000861 seconds
[2019-12-08T11:35:09.606+0000][1][safepoint    ] Entering safepoint region: Cleanup
[2019-12-08T11:35:09.606+0000][1][safepoint    ] Leaving safepoint region
[2019-12-08T11:35:09.606+0000][1][safepoint    ] Total time for which application threads were stopped: 0.0000882 seconds, Stopping threads took: 0.0000212 seconds
[2019-12-08T11:35:10.606+0000][1][safepoint    ] Application time: 1.0000772 seconds
[2019-12-08T11:35:10.606+0000][1][safepoint    ] Entering safepoint region: Cleanup
[2019-12-08T11:35:10.606+0000][1][safepoint    ] Leaving safepoint region
[2019-12-08T11:35:10.606+0000][1][safepoint    ] Total time for which application threads were stopped: 0.0000915 seconds, Stopping threads took: 0.0000201 seconds
[2019-12-08T11:35:11.606+0000][1][safepoint    ] Application time: 1.0000777 seconds
[2019-12-08T11:35:11.606+0000][1][safepoint    ] Entering safepoint region: Cleanup
[2019-12-08T11:35:11.606+0000][1][safepoint    ] Leaving safepoint region
[2019-12-08T11:35:11.606+0000][1][safepoint    ] Total time for which application threads were stopped: 0.0000937 seconds, Stopping threads took: 0.0000192 seconds
[2019-12-08T11:35:12.606+0000][1][safepoint    ] Application time: 1.0000798 seconds
[2019-12-08T11:35:12.606+0000][1][safepoint    ] Entering safepoint region: Cleanup
[2019-12-08T11:35:12.606+0000][1][safepoint    ] Leaving safepoint region
[2019-12-08T11:35:12.606+0000][1][safepoint    ] Total time for which application threads were stopped: 0.0000953 seconds, Stopping threads took: 0.0000194 seconds
[2019-12-08T11:35:13.607+0000][1][safepoint    ] Application time: 1.0000789 seconds
[2019-12-08T11:35:13.607+0000][1][safepoint    ] Entering safepoint region: Cleanup
[2019-12-08T11:35:13.607+0000][1][safepoint    ] Leaving safepoint region
[2019-12-08T11:35:13.607+0000][1][safepoint    ] Total time for which application threads were stopped: 0.0000904 seconds, Stopping threads took: 0.0000200 seconds
[2019-12-08T11:35:14.607+0000][1][safepoint    ] Application time: 1.0000889 seconds
[2019-12-08T11:35:14.607+0000][1][safepoint    ] Entering safepoint region: Cleanup
[2019-12-08T11:35:14.607+0000][1][safepoint    ] Leaving safepoint region
[2019-12-08T11:35:14.607+0000][1][safepoint    ] Total time for which application threads were stopped: 0.0000918 seconds, Stopping threads took: 0.0000225 seconds
[2019-12-08T11:35:15.607+0000][1][safepoint    ] Application time: 1.0000832 seconds
[2019-12-08T11:35:15.607+0000][1][safepoint    ] Entering safepoint region: Cleanup
[2019-12-08T11:35:15.607+0000][1][safepoint    ] Leaving safepoint region
[2019-12-08T11:35:15.607+0000][1][safepoint    ] Total time for which application threads were stopped: 0.0000980 seconds, Stopping threads took: 0.0000229 seconds
[2019-12-08T11:35:16.607+0000][1][safepoint    ] Application time: 1.0000825 seconds
[2019-12-08T11:35:16.607+0000][1][safepoint    ] Entering safepoint region: Cleanup
[2019-12-08T11:35:16.607+0000][1][safepoint    ] Leaving safepoint region
[2019-12-08T11:35:16.607+0000][1][safepoint    ] Total time for which application threads were stopped: 0.0001005 seconds, Stopping threads took: 0.0000193 seconds
[2019-12-08T11:35:17.607+0000][1][safepoint    ] Application time: 1.0000783 seconds
[2019-12-08T11:35:17.607+0000][1][safepoint    ] Entering safepoint region: Cleanup
[2019-12-08T11:35:17.608+0000][1][safepoint    ] Leaving safepoint region
[2019-12-08T11:35:17.608+0000][1][safepoint    ] Total time for which application threads were stopped: 0.0000840 seconds, Stopping threads took: 0.0000190 seconds
[2019-12-08T11:35:18.608+0000][1][safepoint    ] Application time: 1.0000799 seconds
[2019-12-08T11:35:18.608+0000][1][safepoint    ] Entering safepoint region: Cleanup
[2019-12-08T11:35:18.608+0000][1][safepoint    ] Leaving safepoint region
[2019-12-08T11:35:18.608+0000][1][safepoint    ] Total time for which application threads were stopped: 0.0000989 seconds, Stopping threads took: 0.0000314 seconds
[2019-12-08T11:35:19.608+0000][1][safepoint    ] Application time: 1.0000861 seconds
[2019-12-08T11:35:19.608+0000][1][safepoint    ] Entering safepoint region: Cleanup
[2019-12-08T11:35:19.608+0000][1][safepoint    ] Leaving safepoint region
[2019-12-08T11:35:19.608+0000][1][safepoint    ] Total time for which application threads were stopped: 0.0000946 seconds, Stopping threads took: 0.0000212 seconds
[2019-12-08T11:35:20.608+0000][1][safepoint    ] Application time: 1.0000790 seconds
[2019-12-08T11:35:20.608+0000][1][safepoint    ] Entering safepoint region: Cleanup
[2019-12-08T11:35:20.608+0000][1][safepoint    ] Leaving safepoint region
[2019-12-08T11:35:20.608+0000][1][safepoint    ] Total time for which application threads were stopped: 0.0000859 seconds, Stopping threads took: 0.0000187 seconds
[2019-12-08T11:35:21.608+0000][1][safepoint    ] Application time: 1.0000780 seconds
[2019-12-08T11:35:21.608+0000][1][safepoint    ] Entering safepoint region: Cleanup
[2019-12-08T11:35:21.608+0000][1][safepoint    ] Leaving safepoint region
[2019-12-08T11:35:21.608+0000][1][safepoint    ] Total time for which application threads were stopped: 0.0000896 seconds, Stopping threads took: 0.0000197 seconds
[2019-12-08T11:35:22.608+0000][1][safepoint    ] Application time: 1.0000784 seconds
[2019-12-08T11:35:22.609+0000][1][safepoint    ] Entering safepoint region: Cleanup
[2019-12-08T11:35:22.609+0000][1][safepoint    ] Leaving safepoint region
[2019-12-08T11:35:22.609+0000][1][safepoint    ] Total time for which application threads were stopped: 0.0000896 seconds, Stopping threads took: 0.0000192 seconds
[2019-12-08T11:35:23.609+0000][1][safepoint    ] Application time: 1.0000825 seconds
[2019-12-08T11:35:23.609+0000][1][safepoint    ] Entering safepoint region: Cleanup
[2019-12-08T11:35:23.609+0000][1][safepoint    ] Leaving safepoint region
[2019-12-08T11:35:23.609+0000][1][safepoint    ] Total time for which application threads were stopped: 0.0000987 seconds, Stopping threads took: 0.0000201 seconds
[2019-12-08T11:35:24.609+0000][1][safepoint    ] Application time: 1.0000788 seconds
[2019-12-08T11:35:24.609+0000][1][safepoint    ] Entering safepoint region: Cleanup
[2019-12-08T11:35:24.609+0000][1][safepoint    ] Leaving safepoint region
[2019-12-08T11:35:24.609+0000][1][safepoint    ] Total time for which application threads were stopped: 0.0000928 seconds, Stopping threads took: 0.0000265 seconds
[2019-12-08T11:35:25.609+0000][1][safepoint    ] Application time: 1.0000781 seconds
[2019-12-08T11:35:25.609+0000][1][safepoint    ] Entering safepoint region: Cleanup
[2019-12-08T11:35:25.609+0000][1][safepoint    ] Leaving safepoint region
[2019-12-08T11:35:25.609+0000][1][safepoint    ] Total time for which application threads were stopped: 0.0000892 seconds, Stopping threads took: 0.0000208 seconds
[2019-12-08T11:35:26.609+0000][1][safepoint    ] Application time: 1.0000775 seconds
[2019-12-08T11:35:26.609+0000][1][safepoint    ] Entering safepoint region: Cleanup
[2019-12-08T11:35:26.609+0000][1][safepoint    ] Leaving safepoint region
[2019-12-08T11:35:26.609+0000][1][safepoint    ] Total time for which application threads were stopped: 0.0000904 seconds, Stopping threads took: 0.0000212 seconds
[2019-12-08T11:35:27.610+0000][1][safepoint    ] Application time: 1.0000796 seconds
[2019-12-08T11:35:27.610+0000][1][safepoint    ] Entering safepoint region: Cleanup
[2019-12-08T11:35:27.610+0000][1][safepoint    ] Leaving safepoint region
[2019-12-08T11:35:27.610+0000][1][safepoint    ] Total time for which application threads were stopped: 0.0001037 seconds, Stopping threads took: 0.0000195 seconds
[2019-12-08T11:35:28.610+0000][1][safepoint    ] Application time: 1.0000791 seconds
[2019-12-08T11:35:28.610+0000][1][safepoint    ] Entering safepoint region: Cleanup
[2019-12-08T11:35:28.610+0000][1][safepoint    ] Leaving safepoint region
[2019-12-08T11:35:28.610+0000][1][safepoint    ] Total time for which application threads were stopped: 0.0000887 seconds, Stopping threads took: 0.0000198 seconds
[2019-12-08T11:35:29.610+0000][1][safepoint    ] Application time: 1.0000789 seconds
[2019-12-08T11:35:29.610+0000][1][safepoint    ] Entering safepoint region: Cleanup
[2019-12-08T11:35:29.610+0000][1][safepoint    ] Leaving safepoint region
[2019-12-08T11:35:29.610+0000][1][safepoint    ] Total time for which application threads were stopped: 0.0000971 seconds, Stopping threads took: 0.0000202 seconds
[2019-12-08T11:35:30.610+0000][1][safepoint    ] Application time: 1.0000974 seconds
[2019-12-08T11:35:30.610+0000][1][safepoint    ] Entering safepoint region: Cleanup
[2019-12-08T11:35:30.610+0000][1][safepoint    ] Leaving safepoint region
[2019-12-08T11:35:30.610+0000][1][safepoint    ] Total time for which application threads were stopped: 0.0000897 seconds, Stopping threads took: 0.0000204 seconds
[2019-12-08T11:35:31.610+0000][1][safepoint    ] Application time: 1.0000798 seconds
[2019-12-08T11:35:31.611+0000][1][safepoint    ] Entering safepoint region: Cleanup
[2019-12-08T11:35:31.611+0000][1][safepoint    ] Leaving safepoint region
[2019-12-08T11:35:31.611+0000][1][safepoint    ] Total time for which application threads were stopped: 0.0000911 seconds, Stopping threads took: 0.0000202 seconds
[2019-12-08T11:35:32.611+0000][1][safepoint    ] Application time: 1.0000761 seconds
[2019-12-08T11:35:32.611+0000][1][safepoint    ] Entering safepoint region: Cleanup
[2019-12-08T11:35:32.611+0000][1][safepoint    ] Leaving safepoint region
[2019-12-08T11:35:32.611+0000][1][safepoint    ] Total time for which application threads were stopped: 0.0000863 seconds, Stopping threads took: 0.0000191 seconds
[2019-12-08T11:35:33.611+0000][1][safepoint    ] Application time: 1.0000805 seconds
[2019-12-08T11:35:33.611+0000][1][safepoint    ] Entering safepoint region: Cleanup
[2019-12-08T11:35:33.611+0000][1][safepoint    ] Leaving safepoint region
[2019-12-08T11:35:33.611+0000][1][safepoint    ] Total time for which application threads were stopped: 0.0000926 seconds, Stopping threads took: 0.0000202 seconds
[2019-12-08T11:35:34.612+0000][1][safepoint    ] Application time: 1.0006757 seconds
[2019-12-08T11:35:34.612+0000][1][safepoint    ] Entering safepoint region: Cleanup
[2019-12-08T11:35:34.612+0000][1][safepoint    ] Leaving safepoint region
[2019-12-08T11:35:34.612+0000][1][safepoint    ] Total time for which application threads were stopped: 0.0001250 seconds, Stopping threads took: 0.0000321 seconds
[2019-12-08T11:35:35.612+0000][1][safepoint    ] Application time: 1.0000781 seconds
[2019-12-08T11:35:35.612+0000][1][safepoint    ] Entering safepoint region: Cleanup
[2019-12-08T11:35:35.612+0000][1][safepoint    ] Leaving safepoint region
[2019-12-08T11:35:35.612+0000][1][safepoint    ] Total time for which application threads were stopped: 0.0000853 seconds, Stopping threads took: 0.0000196 seconds
[2019-12-08T11:35:36.612+0000][1][safepoint    ] Application time: 1.0000768 seconds
[2019-12-08T11:35:36.612+0000][1][safepoint    ] Entering safepoint region: Cleanup
[2019-12-08T11:35:36.612+0000][1][safepoint    ] Leaving safepoint region
[2019-12-08T11:35:36.612+0000][1][safepoint    ] Total time for which application threads were stopped: 0.0000875 seconds, Stopping threads took: 0.0000187 seconds
[2019-12-08T11:35:37.612+0000][1][safepoint    ] Application time: 1.0000781 seconds
[2019-12-08T11:35:37.612+0000][1][safepoint    ] Entering safepoint region: Cleanup
[2019-12-08T11:35:37.612+0000][1][safepoint    ] Leaving safepoint region
[2019-12-08T11:35:37.613+0000][1][safepoint    ] Total time for which application threads were stopped: 0.0000910 seconds, Stopping threads took: 0.0000186 seconds
[2019-12-08T11:35:38.613+0000][1][safepoint    ] Application time: 1.0000825 seconds
[2019-12-08T11:35:38.613+0000][1][safepoint    ] Entering safepoint region: Cleanup
[2019-12-08T11:35:38.613+0000][1][safepoint    ] Leaving safepoint region
[2019-12-08T11:35:38.613+0000][1][safepoint    ] Total time for which application threads were stopped: 0.0001015 seconds, Stopping threads took: 0.0000217 seconds
[2019-12-08T11:35:39.613+0000][1][safepoint    ] Application time: 1.0000799 seconds
[2019-12-08T11:35:39.613+0000][1][safepoint    ] Entering safepoint region: Cleanup
[2019-12-08T11:35:39.613+0000][1][safepoint    ] Leaving safepoint region
[2019-12-08T11:35:39.613+0000][1][safepoint    ] Total time for which application threads were stopped: 0.0000955 seconds, Stopping threads took: 0.0000189 seconds
[2019-12-08T11:35:40.613+0000][1][safepoint    ] Application time: 1.0000786 seconds
[2019-12-08T11:35:40.613+0000][1][safepoint    ] Entering safepoint region: Cleanup
[2019-12-08T11:35:40.613+0000][1][safepoint    ] Leaving safepoint region
[2019-12-08T11:35:40.613+0000][1][safepoint    ] Total time for which application threads were stopped: 0.0000843 seconds, Stopping threads took: 0.0000183 seconds
[2019-12-08T11:35:41.613+0000][1][safepoint    ] Application time: 1.0000788 seconds
[2019-12-08T11:35:41.613+0000][1][safepoint    ] Entering safepoint region: Cleanup
[2019-12-08T11:35:41.613+0000][1][safepoint    ] Leaving safepoint region
[2019-12-08T11:35:41.613+0000][1][safepoint    ] Total time for which application threads were stopped: 0.0000904 seconds, Stopping threads took: 0.0000216 seconds
[2019-12-08T11:35:42.613+0000][1][safepoint    ] Application time: 1.0000787 seconds
[2019-12-08T11:35:42.613+0000][1][safepoint    ] Entering safepoint region: Cleanup
[2019-12-08T11:35:42.614+0000][1][safepoint    ] Leaving safepoint region
[2019-12-08T11:35:42.614+0000][1][safepoint    ] Total time for which application threads were stopped: 0.0001087 seconds, Stopping threads took: 0.0000205 seconds
[2019-12-08T11:35:43.614+0000][1][safepoint    ] Application time: 1.0000793 seconds
[2019-12-08T11:35:43.614+0000][1][safepoint    ] Entering safepoint region: Cleanup
[2019-12-08T11:35:43.614+0000][1][safepoint    ] Leaving safepoint region
[2019-12-08T11:35:43.614+0000][1][safepoint    ] Total time for which application threads were stopped: 0.0000854 seconds, Stopping threads took: 0.0000191 seconds
[2019-12-08T11:35:44.614+0000][1][safepoint    ] Application time: 1.0000812 seconds
[2019-12-08T11:35:44.614+0000][1][safepoint    ] Entering safepoint region: Cleanup
[2019-12-08T11:35:44.614+0000][1][safepoint    ] Leaving safepoint region
[2019-12-08T11:35:44.614+0000][1][safepoint    ] Total time for which application threads were stopped: 0.0001011 seconds, Stopping threads took: 0.0000266 seconds
[2019-12-08T11:35:45.614+0000][1][safepoint    ] Application time: 1.0000817 seconds
[2019-12-08T11:35:45.614+0000][1][safepoint    ] Entering safepoint region: Cleanup
[2019-12-08T11:35:45.614+0000][1][safepoint    ] Leaving safepoint region
[2019-12-08T11:35:45.614+0000][1][safepoint    ] Total time for which application threads were stopped: 0.0000878 seconds, Stopping threads took: 0.0000182 seconds
[2019-12-08T11:35:46.614+0000][1][safepoint    ] Application time: 1.0000816 seconds
[2019-12-08T11:35:46.614+0000][1][safepoint    ] Entering safepoint region: Cleanup
[2019-12-08T11:35:46.614+0000][1][safepoint    ] Leaving safepoint region
[2019-12-08T11:35:46.614+0000][1][safepoint    ] Total time for which application threads were stopped: 0.0000845 seconds, Stopping threads took: 0.0000198 seconds
[2019-12-08T11:35:47.615+0000][1][safepoint    ] Application time: 1.0000791 seconds
[2019-12-08T11:35:47.615+0000][1][safepoint    ] Entering safepoint region: Cleanup
[2019-12-08T11:35:47.615+0000][1][safepoint    ] Leaving safepoint region
[2019-12-08T11:35:47.615+0000][1][safepoint    ] Total time for which application threads were stopped: 0.0001032 seconds, Stopping threads took: 0.0000188 seconds
[2019-12-08T11:35:48.615+0000][1][safepoint    ] Application time: 1.0000838 seconds
[2019-12-08T11:35:48.615+0000][1][safepoint    ] Entering safepoint region: Cleanup
[2019-12-08T11:35:48.615+0000][1][safepoint    ] Leaving safepoint region
[2019-12-08T11:35:48.615+0000][1][safepoint    ] Total time for which application threads were stopped: 0.0000885 seconds, Stopping threads took: 0.0000191 seconds
[2019-12-08T11:35:49.615+0000][1][safepoint    ] Application time: 1.0000784 seconds
[2019-12-08T11:35:49.615+0000][1][safepoint    ] Entering safepoint region: Cleanup
[2019-12-08T11:35:49.615+0000][1][safepoint    ] Leaving safepoint region
[2019-12-08T11:35:49.615+0000][1][safepoint    ] Total time for which application threads were stopped: 0.0000864 seconds, Stopping threads took: 0.0000199 seconds
[2019-12-08T11:35:50.615+0000][1][safepoint    ] Application time: 1.0000806 seconds
[2019-12-08T11:35:50.615+0000][1][safepoint    ] Entering safepoint region: Cleanup
[2019-12-08T11:35:50.615+0000][1][safepoint    ] Leaving safepoint region
[2019-12-08T11:35:50.615+0000][1][safepoint    ] Total time for which application threads were stopped: 0.0000882 seconds, Stopping threads took: 0.0000191 seconds
[2019-12-08T11:35:51.615+0000][1][safepoint    ] Application time: 1.0000778 seconds
[2019-12-08T11:35:51.615+0000][1][safepoint    ] Entering safepoint region: Cleanup
[2019-12-08T11:35:51.616+0000][1][safepoint    ] Leaving safepoint region
[2019-12-08T11:35:51.616+0000][1][safepoint    ] Total time for which application threads were stopped: 0.0000864 seconds, Stopping threads took: 0.0000192 seconds
[2019-12-08T11:35:52.616+0000][1][safepoint    ] Application time: 1.0000841 seconds
[2019-12-08T11:35:52.616+0000][1][safepoint    ] Entering safepoint region: Cleanup
[2019-12-08T11:35:52.616+0000][1][safepoint    ] Leaving safepoint region
[2019-12-08T11:35:52.616+0000][1][safepoint    ] Total time for which application threads were stopped: 0.0001117 seconds, Stopping threads took: 0.0000417 seconds
[2019-12-08T11:35:53.616+0000][1][safepoint    ] Application time: 1.0000818 seconds
[2019-12-08T11:35:53.616+0000][1][safepoint    ] Entering safepoint region: Cleanup
[2019-12-08T11:35:53.616+0000][1][safepoint    ] Leaving safepoint region
[2019-12-08T11:35:53.616+0000][1][safepoint    ] Total time for which application threads were stopped: 0.0000926 seconds, Stopping threads took: 0.0000195 seconds
[2019-12-08T11:35:54.616+0000][1][safepoint    ] Application time: 1.0000796 seconds
[2019-12-08T11:35:54.616+0000][1][safepoint    ] Entering safepoint region: Cleanup
[2019-12-08T11:35:54.616+0000][1][safepoint    ] Leaving safepoint region
[2019-12-08T11:35:54.616+0000][1][safepoint    ] Total time for which application threads were stopped: 0.0000910 seconds, Stopping threads took: 0.0000255 seconds
[2019-12-08T11:35:55.616+0000][1][safepoint    ] Application time: 1.0000804 seconds
[2019-12-08T11:35:55.616+0000][1][safepoint    ] Entering safepoint region: Cleanup
[2019-12-08T11:35:55.616+0000][1][safepoint    ] Leaving safepoint region
[2019-12-08T11:35:55.616+0000][1][safepoint    ] Total time for which application threads were stopped: 0.0000903 seconds, Stopping threads took: 0.0000205 seconds
[2019-12-08T11:35:56.617+0000][1][safepoint    ] Application time: 1.0000848 seconds
[2019-12-08T11:35:56.617+0000][1][safepoint    ] Entering safepoint region: Cleanup
[2019-12-08T11:35:56.617+0000][1][safepoint    ] Leaving safepoint region
[2019-12-08T11:35:56.617+0000][1][safepoint    ] Total time for which application threads were stopped: 0.0000911 seconds, Stopping threads took: 0.0000182 seconds
[2019-12-08T11:35:57.617+0000][1][safepoint    ] Application time: 1.0000796 seconds
[2019-12-08T11:35:57.617+0000][1][safepoint    ] Entering safepoint region: Cleanup
[2019-12-08T11:35:57.617+0000][1][safepoint    ] Leaving safepoint region
[2019-12-08T11:35:57.617+0000][1][safepoint    ] Total time for which application threads were stopped: 0.0000913 seconds, Stopping threads took: 0.0000184 seconds
[2019-12-08T11:35:58.617+0000][1][safepoint    ] Application time: 1.0000742 seconds
[2019-12-08T11:35:58.617+0000][1][safepoint    ] Entering safepoint region: Cleanup
[2019-12-08T11:35:58.617+0000][1][safepoint    ] Leaving safepoint region
[2019-12-08T11:35:58.617+0000][1][safepoint    ] Total time for which application threads were stopped: 0.0000971 seconds, Stopping threads took: 0.0000193 seconds
[2019-12-08T11:35:59.617+0000][1][safepoint    ] Application time: 1.0000743 seconds
[2019-12-08T11:35:59.617+0000][1][safepoint    ] Entering safepoint region: Cleanup
[2019-12-08T11:35:59.617+0000][1][safepoint    ] Leaving safepoint region
[2019-12-08T11:35:59.617+0000][1][safepoint    ] Total time for which application threads were stopped: 0.0000861 seconds, Stopping threads took: 0.0000196 seconds
[2019-12-08T11:36:00.617+0000][1][safepoint    ] Application time: 1.0000782 seconds
[2019-12-08T11:36:00.617+0000][1][safepoint    ] Entering safepoint region: Cleanup
[2019-12-08T11:36:00.617+0000][1][safepoint    ] Leaving safepoint region
[2019-12-08T11:36:00.617+0000][1][safepoint    ] Total time for which application threads were stopped: 0.0000872 seconds, Stopping threads took: 0.0000196 seconds
[2019-12-08T11:36:01.618+0000][1][safepoint    ] Application time: 1.0000826 seconds
[2019-12-08T11:36:01.618+0000][1][safepoint    ] Entering safepoint region: Cleanup
[2019-12-08T11:36:01.618+0000][1][safepoint    ] Leaving safepoint region
[2019-12-08T11:36:01.618+0000][1][safepoint    ] Total time for which application threads were stopped: 0.0001365 seconds, Stopping threads took: 0.0000264 seconds
[2019-12-08T11:36:02.618+0000][1][safepoint    ] Application time: 1.0000810 seconds
[2019-12-08T11:36:02.618+0000][1][safepoint    ] Entering safepoint region: Cleanup
[2019-12-08T11:36:02.618+0000][1][safepoint    ] Leaving safepoint region
[2019-12-08T11:36:02.618+0000][1][safepoint    ] Total time for which application threads were stopped: 0.0000883 seconds, Stopping threads took: 0.0000197 seconds
[2019-12-08T11:36:03.618+0000][1][safepoint    ] Application time: 1.0000784 seconds
[2019-12-08T11:36:03.618+0000][1][safepoint    ] Entering safepoint region: Cleanup
[2019-12-08T11:36:03.618+0000][1][safepoint    ] Leaving safepoint region
[2019-12-08T11:36:03.618+0000][1][safepoint    ] Total time for which application threads were stopped: 0.0000924 seconds, Stopping threads took: 0.0000200 seconds
[2019-12-08T11:36:04.618+0000][1][safepoint    ] Application time: 1.0000805 seconds
[2019-12-08T11:36:04.618+0000][1][safepoint    ] Entering safepoint region: Cleanup
[2019-12-08T11:36:04.618+0000][1][safepoint    ] Leaving safepoint region
[2019-12-08T11:36:04.618+0000][1][safepoint    ] Total time for which application threads were stopped: 0.0000941 seconds, Stopping threads took: 0.0000200 seconds
[2019-12-08T11:36:05.618+0000][1][safepoint    ] Application time: 1.0000791 seconds
[2019-12-08T11:36:05.619+0000][1][safepoint    ] Entering safepoint region: Cleanup
[2019-12-08T11:36:05.619+0000][1][safepoint    ] Leaving safepoint region
[2019-12-08T11:36:05.619+0000][1][safepoint    ] Total time for which application threads were stopped: 0.0000985 seconds, Stopping threads took: 0.0000196 seconds
[2019-12-08T11:36:06.619+0000][1][safepoint    ] Application time: 1.0000878 seconds
[2019-12-08T11:36:06.619+0000][1][safepoint    ] Entering safepoint region: Cleanup
[2019-12-08T11:36:06.619+0000][1][safepoint    ] Leaving safepoint region
[2019-12-08T11:36:06.619+0000][1][safepoint    ] Total time for which application threads were stopped: 0.0000936 seconds, Stopping threads took: 0.0000205 seconds
[2019-12-08T11:36:06.646+0000][1][safepoint    ] Application time: 0.0271868 seconds
[2019-12-08T11:36:06.646+0000][1][safepoint    ] Entering safepoint region: GenCollectForAllocation
[2019-12-08T11:36:06.646+0000][1][gc,start     ] GC(24) Pause Young (Allocation Failure)
[2019-12-08T11:36:06.646+0000][1][gc,task      ] GC(24) Using 4 workers of 4 for evacuation
[2019-12-08T11:36:06.654+0000][1][gc,age       ] GC(24) Desired survivor size 4456448 bytes, new threshold 6 (max threshold 6)
[2019-12-08T11:36:06.654+0000][1][gc,age       ] GC(24) Age table with threshold 6 (max threshold 6)
[2019-12-08T11:36:06.654+0000][1][gc,age       ] GC(24) - age   1:      25944 bytes,      25944 total
[2019-12-08T11:36:06.654+0000][1][gc,age       ] GC(24) - age   2:    1926984 bytes,    1952928 total
[2019-12-08T11:36:06.654+0000][1][gc,heap      ] GC(24) ParNew: 78555K->5811K(78656K)
[2019-12-08T11:36:06.654+0000][1][gc,heap      ] GC(24) CMS: 64499K->68180K(174784K)
[2019-12-08T11:36:06.654+0000][1][gc,metaspace ] GC(24) Metaspace: 68604K->68604K(1112064K)
[2019-12-08T11:36:06.654+0000][1][gc           ] GC(24) Pause Young (Allocation Failure) 139M->72M(247M) 8.329ms
[2019-12-08T11:36:06.655+0000][1][gc,cpu       ] GC(24) User=0.04s Sys=0.00s Real=0.01s
[2019-12-08T11:36:06.655+0000][1][safepoint    ] Leaving safepoint region
[2019-12-08T11:36:06.655+0000][1][safepoint    ] Total time for which application threads were stopped: 0.0084677 seconds, Stopping threads took: 0.0000129 seconds
[2019-12-08T11:36:07.655+0000][1][safepoint    ] Application time: 1.0000901 seconds
[2019-12-08T11:36:07.655+0000][1][safepoint    ] Entering safepoint region: Cleanup
[2019-12-08T11:36:07.655+0000][1][safepoint    ] Leaving safepoint region
[2019-12-08T11:36:07.655+0000][1][safepoint    ] Total time for which application threads were stopped: 0.0001089 seconds, Stopping threads took: 0.0000345 seconds
[2019-12-08T11:36:08.655+0000][1][safepoint    ] Application time: 1.0000776 seconds
[2019-12-08T11:36:08.655+0000][1][safepoint    ] Entering safepoint region: Cleanup
[2019-12-08T11:36:08.655+0000][1][safepoint    ] Leaving safepoint region
[2019-12-08T11:36:08.655+0000][1][safepoint    ] Total time for which application threads were stopped: 0.0000912 seconds, Stopping threads took: 0.0000192 seconds
[2019-12-08T11:36:09.655+0000][1][safepoint    ] Application time: 1.0000778 seconds
[2019-12-08T11:36:09.655+0000][1][safepoint    ] Entering safepoint region: Cleanup
[2019-12-08T11:36:09.655+0000][1][safepoint    ] Leaving safepoint region
[2019-12-08T11:36:09.655+0000][1][safepoint    ] Total time for which application threads were stopped: 0.0000861 seconds, Stopping threads took: 0.0000192 seconds
[2019-12-08T11:36:10.655+0000][1][safepoint    ] Application time: 1.0000746 seconds
[2019-12-08T11:36:10.655+0000][1][safepoint    ] Entering safepoint region: Cleanup
[2019-12-08T11:36:10.655+0000][1][safepoint    ] Leaving safepoint region
[2019-12-08T11:36:10.655+0000][1][safepoint    ] Total time for which application threads were stopped: 0.0000849 seconds, Stopping threads took: 0.0000193 seconds
[2019-12-08T11:36:11.655+0000][1][safepoint    ] Application time: 1.0000743 seconds
[2019-12-08T11:36:11.656+0000][1][safepoint    ] Entering safepoint region: Cleanup
[2019-12-08T11:36:11.656+0000][1][safepoint    ] Leaving safepoint region
[2019-12-08T11:36:11.656+0000][1][safepoint    ] Total time for which application threads were stopped: 0.0000918 seconds, Stopping threads took: 0.0000182 seconds
[2019-12-08T11:36:12.656+0000][1][safepoint    ] Application time: 1.0000831 seconds
[2019-12-08T11:36:12.656+0000][1][safepoint    ] Entering safepoint region: Cleanup
[2019-12-08T11:36:12.656+0000][1][safepoint    ] Leaving safepoint region
[2019-12-08T11:36:12.656+0000][1][safepoint    ] Total time for which application threads were stopped: 0.0000853 seconds, Stopping threads took: 0.0000188 seconds
[2019-12-08T11:36:13.656+0000][1][safepoint    ] Application time: 1.0000787 seconds
[2019-12-08T11:36:13.656+0000][1][safepoint    ] Entering safepoint region: Cleanup
[2019-12-08T11:36:13.656+0000][1][safepoint    ] Leaving safepoint region
[2019-12-08T11:36:13.656+0000][1][safepoint    ] Total time for which application threads were stopped: 0.0000906 seconds, Stopping threads took: 0.0000236 seconds
[2019-12-08T11:36:14.656+0000][1][safepoint    ] Application time: 1.0000761 seconds
[2019-12-08T11:36:14.656+0000][1][safepoint    ] Entering safepoint region: Cleanup
[2019-12-08T11:36:14.656+0000][1][safepoint    ] Leaving safepoint region
[2019-12-08T11:36:14.656+0000][1][safepoint    ] Total time for which application threads were stopped: 0.0000943 seconds, Stopping threads took: 0.0000232 seconds
[2019-12-08T11:36:15.656+0000][1][safepoint    ] Application time: 1.0000757 seconds
[2019-12-08T11:36:15.656+0000][1][safepoint    ] Entering safepoint region: Cleanup
[2019-12-08T11:36:15.656+0000][1][safepoint    ] Leaving safepoint region
[2019-12-08T11:36:15.656+0000][1][safepoint    ] Total time for which application threads were stopped: 0.0000888 seconds, Stopping threads took: 0.0000221 seconds
[2019-12-08T11:36:16.657+0000][1][safepoint    ] Application time: 1.0000821 seconds
[2019-12-08T11:36:16.657+0000][1][safepoint    ] Entering safepoint region: Cleanup
[2019-12-08T11:36:16.657+0000][1][safepoint    ] Leaving safepoint region
[2019-12-08T11:36:16.657+0000][1][safepoint    ] Total time for which application threads were stopped: 0.0000961 seconds, Stopping threads took: 0.0000209 seconds
[2019-12-08T11:36:17.657+0000][1][safepoint    ] Application time: 1.0000794 seconds
[2019-12-08T11:36:17.657+0000][1][safepoint    ] Entering safepoint region: Cleanup
[2019-12-08T11:36:17.657+0000][1][safepoint    ] Leaving safepoint region
[2019-12-08T11:36:17.657+0000][1][safepoint    ] Total time for which application threads were stopped: 0.0000843 seconds, Stopping threads took: 0.0000189 seconds
[2019-12-08T11:36:18.657+0000][1][safepoint    ] Application time: 1.0000773 seconds
[2019-12-08T11:36:18.657+0000][1][safepoint    ] Entering safepoint region: Cleanup
[2019-12-08T11:36:18.657+0000][1][safepoint    ] Leaving safepoint region
[2019-12-08T11:36:18.657+0000][1][safepoint    ] Total time for which application threads were stopped: 0.0000886 seconds, Stopping threads took: 0.0000191 seconds
[2019-12-08T11:36:19.657+0000][1][safepoint    ] Application time: 1.0000794 seconds
[2019-12-08T11:36:19.657+0000][1][safepoint    ] Entering safepoint region: Cleanup
[2019-12-08T11:36:19.657+0000][1][safepoint    ] Leaving safepoint region
[2019-12-08T11:36:19.657+0000][1][safepoint    ] Total time for which application threads were stopped: 0.0000869 seconds, Stopping threads took: 0.0000202 seconds
[2019-12-08T11:36:20.657+0000][1][safepoint    ] Application time: 1.0000779 seconds
[2019-12-08T11:36:20.657+0000][1][safepoint    ] Entering safepoint region: Cleanup
[2019-12-08T11:36:20.657+0000][1][safepoint    ] Leaving safepoint region
[2019-12-08T11:36:20.657+0000][1][safepoint    ] Total time for which application threads were stopped: 0.0000875 seconds, Stopping threads took: 0.0000202 seconds
[2019-12-08T11:36:21.658+0000][1][safepoint    ] Application time: 1.0000817 seconds
[2019-12-08T11:36:21.658+0000][1][safepoint    ] Entering safepoint region: Cleanup
[2019-12-08T11:36:21.658+0000][1][safepoint    ] Leaving safepoint region
[2019-12-08T11:36:21.658+0000][1][safepoint    ] Total time for which application threads were stopped: 0.0001030 seconds, Stopping threads took: 0.0000206 seconds
[2019-12-08T11:36:22.658+0000][1][safepoint    ] Application time: 1.0000823 seconds
[2019-12-08T11:36:22.658+0000][1][safepoint    ] Entering safepoint region: Cleanup
[2019-12-08T11:36:22.658+0000][1][safepoint    ] Leaving safepoint region
[2019-12-08T11:36:22.658+0000][1][safepoint    ] Total time for which application threads were stopped: 0.0000898 seconds, Stopping threads took: 0.0000187 seconds
[2019-12-08T11:36:23.658+0000][1][safepoint    ] Application time: 1.0000799 seconds
[2019-12-08T11:36:23.658+0000][1][safepoint    ] Entering safepoint region: Cleanup
[2019-12-08T11:36:23.658+0000][1][safepoint    ] Leaving safepoint region
[2019-12-08T11:36:23.658+0000][1][safepoint    ] Total time for which application threads were stopped: 0.0000968 seconds, Stopping threads took: 0.0000277 seconds
[2019-12-08T11:36:24.658+0000][1][safepoint    ] Application time: 1.0000771 seconds
[2019-12-08T11:36:24.658+0000][1][safepoint    ] Entering safepoint region: Cleanup
[2019-12-08T11:36:24.658+0000][1][safepoint    ] Leaving safepoint region
[2019-12-08T11:36:24.658+0000][1][safepoint    ] Total time for which application threads were stopped: 0.0000934 seconds, Stopping threads took: 0.0000265 seconds
[2019-12-08T11:36:25.658+0000][1][safepoint    ] Application time: 1.0000833 seconds
[2019-12-08T11:36:25.659+0000][1][safepoint    ] Entering safepoint region: Cleanup
[2019-12-08T11:36:25.659+0000][1][safepoint    ] Leaving safepoint region
[2019-12-08T11:36:25.659+0000][1][safepoint    ] Total time for which application threads were stopped: 0.0000872 seconds, Stopping threads took: 0.0000204 seconds
[2019-12-08T11:36:26.659+0000][1][safepoint    ] Application time: 1.0000816 seconds
[2019-12-08T11:36:26.659+0000][1][safepoint    ] Entering safepoint region: Cleanup
[2019-12-08T11:36:26.659+0000][1][safepoint    ] Leaving safepoint region
[2019-12-08T11:36:26.659+0000][1][safepoint    ] Total time for which application threads were stopped: 0.0000873 seconds, Stopping threads took: 0.0000206 seconds
[2019-12-08T11:36:27.659+0000][1][safepoint    ] Application time: 1.0000798 seconds
[2019-12-08T11:36:27.659+0000][1][safepoint    ] Entering safepoint region: Cleanup
[2019-12-08T11:36:27.659+0000][1][safepoint    ] Leaving safepoint region
[2019-12-08T11:36:27.659+0000][1][safepoint    ] Total time for which application threads were stopped: 0.0001035 seconds, Stopping threads took: 0.0000211 seconds
[2019-12-08T11:36:28.659+0000][1][safepoint    ] Application time: 1.0000760 seconds
[2019-12-08T11:36:28.659+0000][1][safepoint    ] Entering safepoint region: Cleanup
[2019-12-08T11:36:28.659+0000][1][safepoint    ] Leaving safepoint region
[2019-12-08T11:36:28.659+0000][1][safepoint    ] Total time for which application threads were stopped: 0.0000863 seconds, Stopping threads took: 0.0000200 seconds
[2019-12-08T11:36:29.659+0000][1][safepoint    ] Application time: 1.0000833 seconds
[2019-12-08T11:36:29.659+0000][1][safepoint    ] Entering safepoint region: Cleanup
[2019-12-08T11:36:29.659+0000][1][safepoint    ] Leaving safepoint region
[2019-12-08T11:36:29.659+0000][1][safepoint    ] Total time for which application threads were stopped: 0.0000944 seconds, Stopping threads took: 0.0000213 seconds
[2019-12-08T11:36:30.660+0000][1][safepoint    ] Application time: 1.0000826 seconds
[2019-12-08T11:36:30.660+0000][1][safepoint    ] Entering safepoint region: Cleanup
[2019-12-08T11:36:30.660+0000][1][safepoint    ] Leaving safepoint region
[2019-12-08T11:36:30.660+0000][1][safepoint    ] Total time for which application threads were stopped: 0.0000989 seconds, Stopping threads took: 0.0000205 seconds
[2019-12-08T11:36:31.660+0000][1][safepoint    ] Application time: 1.0000821 seconds
[2019-12-08T11:36:31.660+0000][1][safepoint    ] Entering safepoint region: Cleanup
[2019-12-08T11:36:31.660+0000][1][safepoint    ] Leaving safepoint region
[2019-12-08T11:36:31.660+0000][1][safepoint    ] Total time for which application threads were stopped: 0.0000869 seconds, Stopping threads took: 0.0000198 seconds
[2019-12-08T11:36:32.660+0000][1][safepoint    ] Application time: 1.0000798 seconds
[2019-12-08T11:36:32.660+0000][1][safepoint    ] Entering safepoint region: Cleanup
[2019-12-08T11:36:32.660+0000][1][safepoint    ] Leaving safepoint region
[2019-12-08T11:36:32.660+0000][1][safepoint    ] Total time for which application threads were stopped: 0.0000887 seconds, Stopping threads took: 0.0000193 seconds
[2019-12-08T11:36:33.660+0000][1][safepoint    ] Application time: 1.0000801 seconds
[2019-12-08T11:36:33.660+0000][1][safepoint    ] Entering safepoint region: Cleanup
[2019-12-08T11:36:33.660+0000][1][safepoint    ] Leaving safepoint region
[2019-12-08T11:36:33.660+0000][1][safepoint    ] Total time for which application threads were stopped: 0.0000980 seconds, Stopping threads took: 0.0000259 seconds
[2019-12-08T11:36:34.660+0000][1][safepoint    ] Application time: 1.0000797 seconds
[2019-12-08T11:36:34.660+0000][1][safepoint    ] Entering safepoint region: Cleanup
[2019-12-08T11:36:34.661+0000][1][safepoint    ] Leaving safepoint region
[2019-12-08T11:36:34.661+0000][1][safepoint    ] Total time for which application threads were stopped: 0.0000893 seconds, Stopping threads took: 0.0000184 seconds
[2019-12-08T11:36:35.661+0000][1][safepoint    ] Application time: 1.0000799 seconds
[2019-12-08T11:36:35.661+0000][1][safepoint    ] Entering safepoint region: Cleanup
[2019-12-08T11:36:35.661+0000][1][safepoint    ] Leaving safepoint region
[2019-12-08T11:36:35.661+0000][1][safepoint    ] Total time for which application threads were stopped: 0.0000865 seconds, Stopping threads took: 0.0000197 seconds
[2019-12-08T11:36:36.661+0000][1][safepoint    ] Application time: 1.0000769 seconds
[2019-12-08T11:36:36.661+0000][1][safepoint    ] Entering safepoint region: Cleanup
[2019-12-08T11:36:36.661+0000][1][safepoint    ] Leaving safepoint region
[2019-12-08T11:36:36.661+0000][1][safepoint    ] Total time for which application threads were stopped: 0.0000845 seconds, Stopping threads took: 0.0000196 seconds
[2019-12-08T11:36:37.661+0000][1][safepoint    ] Application time: 1.0000798 seconds
[2019-12-08T11:36:37.661+0000][1][safepoint    ] Entering safepoint region: Cleanup
[2019-12-08T11:36:37.661+0000][1][safepoint    ] Leaving safepoint region
[2019-12-08T11:36:37.661+0000][1][safepoint    ] Total time for which application threads were stopped: 0.0000930 seconds, Stopping threads took: 0.0000229 seconds
[2019-12-08T11:36:38.661+0000][1][safepoint    ] Application time: 1.0000766 seconds
[2019-12-08T11:36:38.661+0000][1][safepoint    ] Entering safepoint region: Cleanup
[2019-12-08T11:36:38.661+0000][1][safepoint    ] Leaving safepoint region
[2019-12-08T11:36:38.661+0000][1][safepoint    ] Total time for which application threads were stopped: 0.0000998 seconds, Stopping threads took: 0.0000201 seconds
[2019-12-08T11:36:39.662+0000][1][safepoint    ] Application time: 1.0000801 seconds
[2019-12-08T11:36:39.662+0000][1][safepoint    ] Entering safepoint region: Cleanup
[2019-12-08T11:36:39.662+0000][1][safepoint    ] Leaving safepoint region
[2019-12-08T11:36:39.662+0000][1][safepoint    ] Total time for which application threads were stopped: 0.0000860 seconds, Stopping threads took: 0.0000199 seconds
[2019-12-08T11:36:40.662+0000][1][safepoint    ] Application time: 1.0000799 seconds
[2019-12-08T11:36:40.662+0000][1][safepoint    ] Entering safepoint region: Cleanup
[2019-12-08T11:36:40.662+0000][1][safepoint    ] Leaving safepoint region
[2019-12-08T11:36:40.662+0000][1][safepoint    ] Total time for which application threads were stopped: 0.0000917 seconds, Stopping threads took: 0.0000206 seconds
[2019-12-08T11:36:41.662+0000][1][safepoint    ] Application time: 1.0000889 seconds
[2019-12-08T11:36:41.662+0000][1][safepoint    ] Entering safepoint region: Cleanup
[2019-12-08T11:36:41.662+0000][1][safepoint    ] Leaving safepoint region
[2019-12-08T11:36:41.662+0000][1][safepoint    ] Total time for which application threads were stopped: 0.0000877 seconds, Stopping threads took: 0.0000198 seconds
[2019-12-08T11:36:42.662+0000][1][safepoint    ] Application time: 1.0000798 seconds
[2019-12-08T11:36:42.662+0000][1][safepoint    ] Entering safepoint region: Cleanup
[2019-12-08T11:36:42.662+0000][1][safepoint    ] Leaving safepoint region
[2019-12-08T11:36:42.662+0000][1][safepoint    ] Total time for which application threads were stopped: 0.0000866 seconds, Stopping threads took: 0.0000194 seconds
[2019-12-08T11:36:43.662+0000][1][safepoint    ] Application time: 1.0000811 seconds
[2019-12-08T11:36:43.662+0000][1][safepoint    ] Entering safepoint region: Cleanup
[2019-12-08T11:36:43.662+0000][1][safepoint    ] Leaving safepoint region
[2019-12-08T11:36:43.663+0000][1][safepoint    ] Total time for which application threads were stopped: 0.0000999 seconds, Stopping threads took: 0.0000194 seconds
[2019-12-08T11:36:44.663+0000][1][safepoint    ] Application time: 1.0000793 seconds
[2019-12-08T11:36:44.663+0000][1][safepoint    ] Entering safepoint region: Cleanup
[2019-12-08T11:36:44.663+0000][1][safepoint    ] Leaving safepoint region
[2019-12-08T11:36:44.663+0000][1][safepoint    ] Total time for which application threads were stopped: 0.0001005 seconds, Stopping threads took: 0.0000181 seconds
[2019-12-08T11:36:45.663+0000][1][safepoint    ] Application time: 1.0000773 seconds
[2019-12-08T11:36:45.663+0000][1][safepoint    ] Entering safepoint region: Cleanup
[2019-12-08T11:36:45.663+0000][1][safepoint    ] Leaving safepoint region
[2019-12-08T11:36:45.663+0000][1][safepoint    ] Total time for which application threads were stopped: 0.0000903 seconds, Stopping threads took: 0.0000196 seconds
[2019-12-08T11:36:46.663+0000][1][safepoint    ] Application time: 1.0000775 seconds
[2019-12-08T11:36:46.663+0000][1][safepoint    ] Entering safepoint region: Cleanup
[2019-12-08T11:36:46.663+0000][1][safepoint    ] Leaving safepoint region
[2019-12-08T11:36:46.663+0000][1][safepoint    ] Total time for which application threads were stopped: 0.0000825 seconds, Stopping threads took: 0.0000182 seconds
[2019-12-08T11:36:47.663+0000][1][safepoint    ] Application time: 1.0000755 seconds
[2019-12-08T11:36:47.663+0000][1][safepoint    ] Entering safepoint region: Cleanup
[2019-12-08T11:36:47.663+0000][1][safepoint    ] Leaving safepoint region
[2019-12-08T11:36:47.663+0000][1][safepoint    ] Total time for which application threads were stopped: 0.0000895 seconds, Stopping threads took: 0.0000181 seconds
[2019-12-08T11:36:48.663+0000][1][safepoint    ] Application time: 1.0000781 seconds
[2019-12-08T11:36:48.663+0000][1][safepoint    ] Entering safepoint region: Cleanup
[2019-12-08T11:36:48.664+0000][1][safepoint    ] Leaving safepoint region
[2019-12-08T11:36:48.664+0000][1][safepoint    ] Total time for which application threads were stopped: 0.0000878 seconds, Stopping threads took: 0.0000179 seconds
[2019-12-08T11:36:49.664+0000][1][safepoint    ] Application time: 1.0000807 seconds
[2019-12-08T11:36:49.664+0000][1][safepoint    ] Entering safepoint region: Cleanup
[2019-12-08T11:36:49.664+0000][1][safepoint    ] Leaving safepoint region
[2019-12-08T11:36:49.664+0000][1][safepoint    ] Total time for which application threads were stopped: 0.0000982 seconds, Stopping threads took: 0.0000318 seconds
[2019-12-08T11:36:50.664+0000][1][safepoint    ] Application time: 1.0000773 seconds
[2019-12-08T11:36:50.664+0000][1][safepoint    ] Entering safepoint region: Cleanup
[2019-12-08T11:36:50.664+0000][1][safepoint    ] Leaving safepoint region
[2019-12-08T11:36:50.664+0000][1][safepoint    ] Total time for which application threads were stopped: 0.0000814 seconds, Stopping threads took: 0.0000189 seconds
[2019-12-08T11:36:51.664+0000][1][safepoint    ] Application time: 1.0000757 seconds
[2019-12-08T11:36:51.664+0000][1][safepoint    ] Entering safepoint region: Cleanup
[2019-12-08T11:36:51.664+0000][1][safepoint    ] Leaving safepoint region
[2019-12-08T11:36:51.664+0000][1][safepoint    ] Total time for which application threads were stopped: 0.0000947 seconds, Stopping threads took: 0.0000205 seconds
[2019-12-08T11:36:52.664+0000][1][safepoint    ] Application time: 1.0000843 seconds
[2019-12-08T11:36:52.664+0000][1][safepoint    ] Entering safepoint region: Cleanup
[2019-12-08T11:36:52.664+0000][1][safepoint    ] Leaving safepoint region
[2019-12-08T11:36:52.664+0000][1][safepoint    ] Total time for which application threads were stopped: 0.0000986 seconds, Stopping threads took: 0.0000263 seconds
[2019-12-08T11:36:53.665+0000][1][safepoint    ] Application time: 1.0000819 seconds
[2019-12-08T11:36:53.665+0000][1][safepoint    ] Entering safepoint region: Cleanup
[2019-12-08T11:36:53.665+0000][1][safepoint    ] Leaving safepoint region
[2019-12-08T11:36:53.665+0000][1][safepoint    ] Total time for which application threads were stopped: 0.0000914 seconds, Stopping threads took: 0.0000188 seconds
[2019-12-08T11:36:54.665+0000][1][safepoint    ] Application time: 1.0000653 seconds
[2019-12-08T11:36:54.665+0000][1][safepoint    ] Entering safepoint region: Cleanup
[2019-12-08T11:36:54.665+0000][1][safepoint    ] Leaving safepoint region
[2019-12-08T11:36:54.665+0000][1][safepoint    ] Total time for which application threads were stopped: 0.0000924 seconds, Stopping threads took: 0.0000224 seconds
[2019-12-08T11:36:55.665+0000][1][safepoint    ] Application time: 1.0000869 seconds
[2019-12-08T11:36:55.665+0000][1][safepoint    ] Entering safepoint region: Cleanup
[2019-12-08T11:36:55.665+0000][1][safepoint    ] Leaving safepoint region
[2019-12-08T11:36:55.665+0000][1][safepoint    ] Total time for which application threads were stopped: 0.0000928 seconds, Stopping threads took: 0.0000259 seconds
[2019-12-08T11:36:56.665+0000][1][safepoint    ] Application time: 1.0000831 seconds
[2019-12-08T11:36:56.665+0000][1][safepoint    ] Entering safepoint region: Cleanup
[2019-12-08T11:36:56.665+0000][1][safepoint    ] Leaving safepoint region
[2019-12-08T11:36:56.665+0000][1][safepoint    ] Total time for which application threads were stopped: 0.0000895 seconds, Stopping threads took: 0.0000217 seconds
[2019-12-08T11:36:57.665+0000][1][safepoint    ] Application time: 1.0000772 seconds
[2019-12-08T11:36:57.665+0000][1][safepoint    ] Entering safepoint region: Cleanup
[2019-12-08T11:36:57.665+0000][1][safepoint    ] Leaving safepoint region
[2019-12-08T11:36:57.665+0000][1][safepoint    ] Total time for which application threads were stopped: 0.0000828 seconds, Stopping threads took: 0.0000175 seconds
[2019-12-08T11:36:58.666+0000][1][safepoint    ] Application time: 1.0000768 seconds
[2019-12-08T11:36:58.666+0000][1][safepoint    ] Entering safepoint region: Cleanup
[2019-12-08T11:36:58.666+0000][1][safepoint    ] Leaving safepoint region
[2019-12-08T11:36:58.666+0000][1][safepoint    ] Total time for which application threads were stopped: 0.0000918 seconds, Stopping threads took: 0.0000184 seconds
[2019-12-08T11:36:59.666+0000][1][safepoint    ] Application time: 1.0000776 seconds
[2019-12-08T11:36:59.666+0000][1][safepoint    ] Entering safepoint region: Cleanup
[2019-12-08T11:36:59.666+0000][1][safepoint    ] Leaving safepoint region
[2019-12-08T11:36:59.666+0000][1][safepoint    ] Total time for which application threads were stopped: 0.0000869 seconds, Stopping threads took: 0.0000220 seconds
[2019-12-08T11:37:00.666+0000][1][safepoint    ] Application time: 1.0000354 seconds
[2019-12-08T11:37:00.666+0000][1][safepoint    ] Entering safepoint region: Cleanup
[2019-12-08T11:37:00.666+0000][1][safepoint    ] Leaving safepoint region
[2019-12-08T11:37:00.666+0000][1][safepoint    ] Total time for which application threads were stopped: 0.0000858 seconds, Stopping threads took: 0.0000177 seconds
[2019-12-08T11:37:01.666+0000][1][safepoint    ] Application time: 1.0000780 seconds
[2019-12-08T11:37:01.666+0000][1][safepoint    ] Entering safepoint region: Cleanup
[2019-12-08T11:37:01.666+0000][1][safepoint    ] Leaving safepoint region
[2019-12-08T11:37:01.666+0000][1][safepoint    ] Total time for which application threads were stopped: 0.0000837 seconds, Stopping threads took: 0.0000190 seconds
[2019-12-08T11:37:02.666+0000][1][safepoint    ] Application time: 1.0000831 seconds
[2019-12-08T11:37:02.666+0000][1][safepoint    ] Entering safepoint region: Cleanup
[2019-12-08T11:37:02.666+0000][1][safepoint    ] Leaving safepoint region
[2019-12-08T11:37:02.666+0000][1][safepoint    ] Total time for which application threads were stopped: 0.0000884 seconds, Stopping threads took: 0.0000190 seconds
[2019-12-08T11:37:03.667+0000][1][safepoint    ] Application time: 1.0000842 seconds
[2019-12-08T11:37:03.667+0000][1][safepoint    ] Entering safepoint region: Cleanup
[2019-12-08T11:37:03.667+0000][1][safepoint    ] Leaving safepoint region
[2019-12-08T11:37:03.667+0000][1][safepoint    ] Total time for which application threads were stopped: 0.0001003 seconds, Stopping threads took: 0.0000196 seconds
[2019-12-08T11:37:04.667+0000][1][safepoint    ] Application time: 1.0000824 seconds
[2019-12-08T11:37:04.667+0000][1][safepoint    ] Entering safepoint region: Cleanup
[2019-12-08T11:37:04.667+0000][1][safepoint    ] Leaving safepoint region
[2019-12-08T11:37:04.667+0000][1][safepoint    ] Total time for which application threads were stopped: 0.0000874 seconds, Stopping threads took: 0.0000199 seconds
[2019-12-08T11:37:05.667+0000][1][safepoint    ] Application time: 1.0000824 seconds
[2019-12-08T11:37:05.667+0000][1][safepoint    ] Entering safepoint region: Cleanup
[2019-12-08T11:37:05.667+0000][1][safepoint    ] Leaving safepoint region
[2019-12-08T11:37:05.667+0000][1][safepoint    ] Total time for which application threads were stopped: 0.0000872 seconds, Stopping threads took: 0.0000190 seconds
[2019-12-08T11:37:06.667+0000][1][safepoint    ] Application time: 1.0000815 seconds
[2019-12-08T11:37:06.667+0000][1][safepoint    ] Entering safepoint region: Cleanup
[2019-12-08T11:37:06.667+0000][1][safepoint    ] Leaving safepoint region
[2019-12-08T11:37:06.667+0000][1][safepoint    ] Total time for which application threads were stopped: 0.0000863 seconds, Stopping threads took: 0.0000215 seconds
[2019-12-08T11:37:07.667+0000][1][safepoint    ] Application time: 1.0000771 seconds
[2019-12-08T11:37:07.667+0000][1][safepoint    ] Entering safepoint region: Cleanup
[2019-12-08T11:37:07.668+0000][1][safepoint    ] Leaving safepoint region
[2019-12-08T11:37:07.668+0000][1][safepoint    ] Total time for which application threads were stopped: 0.0000874 seconds, Stopping threads took: 0.0000177 seconds
[2019-12-08T11:37:08.668+0000][1][safepoint    ] Application time: 1.0000749 seconds
[2019-12-08T11:37:08.668+0000][1][safepoint    ] Entering safepoint region: Cleanup
[2019-12-08T11:37:08.668+0000][1][safepoint    ] Leaving safepoint region
[2019-12-08T11:37:08.668+0000][1][safepoint    ] Total time for which application threads were stopped: 0.0001018 seconds, Stopping threads took: 0.0000295 seconds
[2019-12-08T11:37:09.668+0000][1][safepoint    ] Application time: 1.0000814 seconds
[2019-12-08T11:37:09.668+0000][1][safepoint    ] Entering safepoint region: Cleanup
[2019-12-08T11:37:09.668+0000][1][safepoint    ] Leaving safepoint region
[2019-12-08T11:37:09.668+0000][1][safepoint    ] Total time for which application threads were stopped: 0.0000861 seconds, Stopping threads took: 0.0000188 seconds
[2019-12-08T11:37:10.668+0000][1][safepoint    ] Application time: 1.0000773 seconds
[2019-12-08T11:37:10.668+0000][1][safepoint    ] Entering safepoint region: Cleanup
[2019-12-08T11:37:10.668+0000][1][safepoint    ] Leaving safepoint region
[2019-12-08T11:37:10.668+0000][1][safepoint    ] Total time for which application threads were stopped: 0.0000842 seconds, Stopping threads took: 0.0000185 seconds
[2019-12-08T11:37:11.668+0000][1][safepoint    ] Application time: 1.0000805 seconds
[2019-12-08T11:37:11.668+0000][1][safepoint    ] Entering safepoint region: Cleanup
[2019-12-08T11:37:11.668+0000][1][safepoint    ] Leaving safepoint region
[2019-12-08T11:37:11.668+0000][1][safepoint    ] Total time for which application threads were stopped: 0.0000881 seconds, Stopping threads took: 0.0000195 seconds
[2019-12-08T11:37:12.668+0000][1][safepoint    ] Application time: 1.0000773 seconds
[2019-12-08T11:37:12.669+0000][1][safepoint    ] Entering safepoint region: Cleanup
[2019-12-08T11:37:12.669+0000][1][safepoint    ] Leaving safepoint region
[2019-12-08T11:37:12.669+0000][1][safepoint    ] Total time for which application threads were stopped: 0.0000876 seconds, Stopping threads took: 0.0000181 seconds
[2019-12-08T11:37:13.669+0000][1][safepoint    ] Application time: 1.0000869 seconds
[2019-12-08T11:37:13.669+0000][1][safepoint    ] Entering safepoint region: Cleanup
[2019-12-08T11:37:13.669+0000][1][safepoint    ] Leaving safepoint region
[2019-12-08T11:37:13.669+0000][1][safepoint    ] Total time for which application threads were stopped: 0.0000881 seconds, Stopping threads took: 0.0000186 seconds
[2019-12-08T11:37:14.669+0000][1][safepoint    ] Application time: 1.0000842 seconds
[2019-12-08T11:37:14.669+0000][1][safepoint    ] Entering safepoint region: Cleanup
[2019-12-08T11:37:14.669+0000][1][safepoint    ] Leaving safepoint region
[2019-12-08T11:37:14.669+0000][1][safepoint    ] Total time for which application threads were stopped: 0.0000874 seconds, Stopping threads took: 0.0000208 seconds
[2019-12-08T11:37:15.669+0000][1][safepoint    ] Application time: 1.0000850 seconds
[2019-12-08T11:37:15.669+0000][1][safepoint    ] Entering safepoint region: Cleanup
[2019-12-08T11:37:15.669+0000][1][safepoint    ] Leaving safepoint region
[2019-12-08T11:37:15.669+0000][1][safepoint    ] Total time for which application threads were stopped: 0.0000853 seconds, Stopping threads took: 0.0000188 seconds
[2019-12-08T11:37:16.669+0000][1][safepoint    ] Application time: 1.0000886 seconds
[2019-12-08T11:37:16.669+0000][1][safepoint    ] Entering safepoint region: Cleanup
[2019-12-08T11:37:16.669+0000][1][safepoint    ] Leaving safepoint region
[2019-12-08T11:37:16.669+0000][1][safepoint    ] Total time for which application threads were stopped: 0.0000915 seconds, Stopping threads took: 0.0000198 seconds
[2019-12-08T11:37:17.670+0000][1][safepoint    ] Application time: 1.0000770 seconds
[2019-12-08T11:37:17.670+0000][1][safepoint    ] Entering safepoint region: Cleanup
[2019-12-08T11:37:17.670+0000][1][safepoint    ] Leaving safepoint region
[2019-12-08T11:37:17.670+0000][1][safepoint    ] Total time for which application threads were stopped: 0.0001007 seconds, Stopping threads took: 0.0000199 seconds
[2019-12-08T11:37:18.670+0000][1][safepoint    ] Application time: 1.0000778 seconds
[2019-12-08T11:37:18.670+0000][1][safepoint    ] Entering safepoint region: Cleanup
[2019-12-08T11:37:18.670+0000][1][safepoint    ] Leaving safepoint region
[2019-12-08T11:37:18.670+0000][1][safepoint    ] Total time for which application threads were stopped: 0.0000877 seconds, Stopping threads took: 0.0000210 seconds
[2019-12-08T11:37:19.670+0000][1][safepoint    ] Application time: 1.0000768 seconds
[2019-12-08T11:37:19.670+0000][1][safepoint    ] Entering safepoint region: Cleanup
[2019-12-08T11:37:19.670+0000][1][safepoint    ] Leaving safepoint region
[2019-12-08T11:37:19.670+0000][1][safepoint    ] Total time for which application threads were stopped: 0.0000869 seconds, Stopping threads took: 0.0000185 seconds
[2019-12-08T11:37:20.670+0000][1][safepoint    ] Application time: 1.0000806 seconds
[2019-12-08T11:37:20.670+0000][1][safepoint    ] Entering safepoint region: Cleanup
[2019-12-08T11:37:20.670+0000][1][safepoint    ] Leaving safepoint region
[2019-12-08T11:37:20.670+0000][1][safepoint    ] Total time for which application threads were stopped: 0.0000879 seconds, Stopping threads took: 0.0000191 seconds
[2019-12-08T11:37:21.670+0000][1][safepoint    ] Application time: 1.0000849 seconds
[2019-12-08T11:37:21.670+0000][1][safepoint    ] Entering safepoint region: Cleanup
[2019-12-08T11:37:21.671+0000][1][safepoint    ] Leaving safepoint region
[2019-12-08T11:37:21.671+0000][1][safepoint    ] Total time for which application threads were stopped: 0.0000879 seconds, Stopping threads took: 0.0000200 seconds
[2019-12-08T11:37:22.671+0000][1][safepoint    ] Application time: 1.0000791 seconds
[2019-12-08T11:37:22.671+0000][1][safepoint    ] Entering safepoint region: Cleanup
[2019-12-08T11:37:22.671+0000][1][safepoint    ] Leaving safepoint region
[2019-12-08T11:37:22.671+0000][1][safepoint    ] Total time for which application threads were stopped: 0.0001113 seconds, Stopping threads took: 0.0000468 seconds
[2019-12-08T11:37:23.671+0000][1][safepoint    ] Application time: 1.0000775 seconds
[2019-12-08T11:37:23.671+0000][1][safepoint    ] Entering safepoint region: Cleanup
[2019-12-08T11:37:23.671+0000][1][safepoint    ] Leaving safepoint region
[2019-12-08T11:37:23.671+0000][1][safepoint    ] Total time for which application threads were stopped: 0.0000837 seconds, Stopping threads took: 0.0000189 seconds
[2019-12-08T11:37:24.671+0000][1][safepoint    ] Application time: 1.0000876 seconds
[2019-12-08T11:37:24.671+0000][1][safepoint    ] Entering safepoint region: Cleanup
[2019-12-08T11:37:24.671+0000][1][safepoint    ] Leaving safepoint region
[2019-12-08T11:37:24.671+0000][1][safepoint    ] Total time for which application threads were stopped: 0.0000880 seconds, Stopping threads took: 0.0000216 seconds
[2019-12-08T11:37:25.671+0000][1][safepoint    ] Application time: 1.0000820 seconds
[2019-12-08T11:37:25.671+0000][1][safepoint    ] Entering safepoint region: Cleanup
[2019-12-08T11:37:25.671+0000][1][safepoint    ] Leaving safepoint region
[2019-12-08T11:37:25.671+0000][1][safepoint    ] Total time for which application threads were stopped: 0.0000948 seconds, Stopping threads took: 0.0000235 seconds
[2019-12-08T11:37:26.672+0000][1][safepoint    ] Application time: 1.0000820 seconds
[2019-12-08T11:37:26.672+0000][1][safepoint    ] Entering safepoint region: Cleanup
[2019-12-08T11:37:26.672+0000][1][safepoint    ] Leaving safepoint region
[2019-12-08T11:37:26.672+0000][1][safepoint    ] Total time for which application threads were stopped: 0.0000902 seconds, Stopping threads took: 0.0000181 seconds
[2019-12-08T11:37:27.672+0000][1][safepoint    ] Application time: 1.0000985 seconds
[2019-12-08T11:37:27.672+0000][1][safepoint    ] Entering safepoint region: Cleanup
[2019-12-08T11:37:27.672+0000][1][safepoint    ] Leaving safepoint region
[2019-12-08T11:37:27.672+0000][1][safepoint    ] Total time for which application threads were stopped: 0.0000886 seconds, Stopping threads took: 0.0000213 seconds
[2019-12-08T11:37:28.672+0000][1][safepoint    ] Application time: 1.0000940 seconds
[2019-12-08T11:37:28.672+0000][1][safepoint    ] Entering safepoint region: Cleanup
[2019-12-08T11:37:28.672+0000][1][safepoint    ] Leaving safepoint region
[2019-12-08T11:37:28.672+0000][1][safepoint    ] Total time for which application threads were stopped: 0.0000830 seconds, Stopping threads took: 0.0000182 seconds
[2019-12-08T11:37:29.672+0000][1][safepoint    ] Application time: 1.0000884 seconds
[2019-12-08T11:37:29.672+0000][1][safepoint    ] Entering safepoint region: Cleanup
[2019-12-08T11:37:29.672+0000][1][safepoint    ] Leaving safepoint region
[2019-12-08T11:37:29.672+0000][1][safepoint    ] Total time for which application threads were stopped: 0.0000907 seconds, Stopping threads took: 0.0000202 seconds
[2019-12-08T11:37:30.672+0000][1][safepoint    ] Application time: 1.0000824 seconds
[2019-12-08T11:37:30.672+0000][1][safepoint    ] Entering safepoint region: Cleanup
[2019-12-08T11:37:30.673+0000][1][safepoint    ] Leaving safepoint region
[2019-12-08T11:37:30.673+0000][1][safepoint    ] Total time for which application threads were stopped: 0.0000993 seconds, Stopping threads took: 0.0000196 seconds
[2019-12-08T11:37:31.673+0000][1][safepoint    ] Application time: 1.0000775 seconds
[2019-12-08T11:37:31.673+0000][1][safepoint    ] Entering safepoint region: Cleanup
[2019-12-08T11:37:31.673+0000][1][safepoint    ] Leaving safepoint region
[2019-12-08T11:37:31.673+0000][1][safepoint    ] Total time for which application threads were stopped: 0.0001004 seconds, Stopping threads took: 0.0000284 seconds
[2019-12-08T11:37:32.673+0000][1][safepoint    ] Application time: 1.0000841 seconds
[2019-12-08T11:37:32.673+0000][1][safepoint    ] Entering safepoint region: Cleanup
[2019-12-08T11:37:32.673+0000][1][safepoint    ] Leaving safepoint region
[2019-12-08T11:37:32.673+0000][1][safepoint    ] Total time for which application threads were stopped: 0.0001240 seconds, Stopping threads took: 0.0000259 seconds
[2019-12-08T11:37:33.673+0000][1][safepoint    ] Application time: 1.0000815 seconds
[2019-12-08T11:37:33.673+0000][1][safepoint    ] Entering safepoint region: Cleanup
[2019-12-08T11:37:33.673+0000][1][safepoint    ] Leaving safepoint region
[2019-12-08T11:37:33.673+0000][1][safepoint    ] Total time for which application threads were stopped: 0.0000823 seconds, Stopping threads took: 0.0000173 seconds
[2019-12-08T11:37:34.673+0000][1][safepoint    ] Application time: 1.0000776 seconds
[2019-12-08T11:37:34.673+0000][1][safepoint    ] Entering safepoint region: Cleanup
[2019-12-08T11:37:34.673+0000][1][safepoint    ] Leaving safepoint region
[2019-12-08T11:37:34.673+0000][1][safepoint    ] Total time for which application threads were stopped: 0.0000797 seconds, Stopping threads took: 0.0000166 seconds
[2019-12-08T11:37:35.674+0000][1][safepoint    ] Application time: 1.0000804 seconds
[2019-12-08T11:37:35.674+0000][1][safepoint    ] Entering safepoint region: Cleanup
[2019-12-08T11:37:35.674+0000][1][safepoint    ] Leaving safepoint region
[2019-12-08T11:37:35.674+0000][1][safepoint    ] Total time for which application threads were stopped: 0.0000851 seconds, Stopping threads took: 0.0000191 seconds
[2019-12-08T11:37:36.674+0000][1][safepoint    ] Application time: 1.0000817 seconds
[2019-12-08T11:37:36.674+0000][1][safepoint    ] Entering safepoint region: Cleanup
[2019-12-08T11:37:36.674+0000][1][safepoint    ] Leaving safepoint region
[2019-12-08T11:37:36.674+0000][1][safepoint    ] Total time for which application threads were stopped: 0.0000845 seconds, Stopping threads took: 0.0000180 seconds
[2019-12-08T11:37:37.674+0000][1][safepoint    ] Application time: 1.0000871 seconds
[2019-12-08T11:37:37.674+0000][1][safepoint    ] Entering safepoint region: Cleanup
[2019-12-08T11:37:37.674+0000][1][safepoint    ] Leaving safepoint region
[2019-12-08T11:37:37.674+0000][1][safepoint    ] Total time for which application threads were stopped: 0.0000892 seconds, Stopping threads took: 0.0000185 seconds
[2019-12-08T11:37:38.674+0000][1][safepoint    ] Application time: 1.0000819 seconds
[2019-12-08T11:37:38.674+0000][1][safepoint    ] Entering safepoint region: Cleanup
[2019-12-08T11:37:38.674+0000][1][safepoint    ] Leaving safepoint region
[2019-12-08T11:37:38.674+0000][1][safepoint    ] Total time for which application threads were stopped: 0.0000927 seconds, Stopping threads took: 0.0000199 seconds
[2019-12-08T11:37:39.674+0000][1][safepoint    ] Application time: 1.0000767 seconds
[2019-12-08T11:37:39.674+0000][1][safepoint    ] Entering safepoint region: Cleanup
[2019-12-08T11:37:39.675+0000][1][safepoint    ] Leaving safepoint region
[2019-12-08T11:37:39.675+0000][1][safepoint    ] Total time for which application threads were stopped: 0.0000845 seconds, Stopping threads took: 0.0000195 seconds
[2019-12-08T11:37:40.675+0000][1][safepoint    ] Application time: 1.0000763 seconds
[2019-12-08T11:37:40.675+0000][1][safepoint    ] Entering safepoint region: Cleanup
[2019-12-08T11:37:40.675+0000][1][safepoint    ] Leaving safepoint region
[2019-12-08T11:37:40.675+0000][1][safepoint    ] Total time for which application threads were stopped: 0.0000972 seconds, Stopping threads took: 0.0000189 seconds
[2019-12-08T11:37:41.675+0000][1][safepoint    ] Application time: 1.0000773 seconds
[2019-12-08T11:37:41.675+0000][1][safepoint    ] Entering safepoint region: Cleanup
[2019-12-08T11:37:41.675+0000][1][safepoint    ] Leaving safepoint region
[2019-12-08T11:37:41.675+0000][1][safepoint    ] Total time for which application threads were stopped: 0.0000830 seconds, Stopping threads took: 0.0000191 seconds
[2019-12-08T11:37:42.675+0000][1][safepoint    ] Application time: 1.0000756 seconds
[2019-12-08T11:37:42.675+0000][1][safepoint    ] Entering safepoint region: Cleanup
[2019-12-08T11:37:42.675+0000][1][safepoint    ] Leaving safepoint region
[2019-12-08T11:37:42.675+0000][1][safepoint    ] Total time for which application threads were stopped: 0.0000824 seconds, Stopping threads took: 0.0000184 seconds
[2019-12-08T11:37:43.675+0000][1][safepoint    ] Application time: 1.0000755 seconds
[2019-12-08T11:37:43.675+0000][1][safepoint    ] Entering safepoint region: Cleanup
[2019-12-08T11:37:43.675+0000][1][safepoint    ] Leaving safepoint region
[2019-12-08T11:37:43.675+0000][1][safepoint    ] Total time for which application threads were stopped: 0.0000877 seconds, Stopping threads took: 0.0000184 seconds
[2019-12-08T11:37:44.675+0000][1][safepoint    ] Application time: 1.0000799 seconds
[2019-12-08T11:37:44.675+0000][1][safepoint    ] Entering safepoint region: Cleanup
[2019-12-08T11:37:44.676+0000][1][safepoint    ] Leaving safepoint region
[2019-12-08T11:37:44.676+0000][1][safepoint    ] Total time for which application threads were stopped: 0.0000851 seconds, Stopping threads took: 0.0000195 seconds
[2019-12-08T11:37:45.676+0000][1][safepoint    ] Application time: 1.0000755 seconds
[2019-12-08T11:37:45.676+0000][1][safepoint    ] Entering safepoint region: Cleanup
[2019-12-08T11:37:45.676+0000][1][safepoint    ] Leaving safepoint region
[2019-12-08T11:37:45.676+0000][1][safepoint    ] Total time for which application threads were stopped: 0.0000898 seconds, Stopping threads took: 0.0000170 seconds
[2019-12-08T11:37:46.676+0000][1][safepoint    ] Application time: 1.0000760 seconds
[2019-12-08T11:37:46.676+0000][1][safepoint    ] Entering safepoint region: Cleanup
[2019-12-08T11:37:46.676+0000][1][safepoint    ] Leaving safepoint region
[2019-12-08T11:37:46.676+0000][1][safepoint    ] Total time for which application threads were stopped: 0.0000834 seconds, Stopping threads took: 0.0000184 seconds
[2019-12-08T11:37:47.676+0000][1][safepoint    ] Application time: 1.0000749 seconds
[2019-12-08T11:37:47.676+0000][1][safepoint    ] Entering safepoint region: Cleanup
[2019-12-08T11:37:47.676+0000][1][safepoint    ] Leaving safepoint region
[2019-12-08T11:37:47.676+0000][1][safepoint    ] Total time for which application threads were stopped: 0.0000851 seconds, Stopping threads took: 0.0000189 seconds
[2019-12-08T11:37:48.676+0000][1][safepoint    ] Application time: 1.0000830 seconds
[2019-12-08T11:37:48.676+0000][1][safepoint    ] Entering safepoint region: Cleanup
[2019-12-08T11:37:48.676+0000][1][safepoint    ] Leaving safepoint region
[2019-12-08T11:37:48.676+0000][1][safepoint    ] Total time for which application threads were stopped: 0.0000853 seconds, Stopping threads took: 0.0000198 seconds
[2019-12-08T11:37:49.676+0000][1][safepoint    ] Application time: 1.0000820 seconds
[2019-12-08T11:37:49.677+0000][1][safepoint    ] Entering safepoint region: Cleanup
[2019-12-08T11:37:49.677+0000][1][safepoint    ] Leaving safepoint region
[2019-12-08T11:37:49.677+0000][1][safepoint    ] Total time for which application threads were stopped: 0.0000940 seconds, Stopping threads took: 0.0000225 seconds
[2019-12-08T11:37:50.677+0000][1][safepoint    ] Application time: 1.0000838 seconds
[2019-12-08T11:37:50.677+0000][1][safepoint    ] Entering safepoint region: Cleanup
[2019-12-08T11:37:50.677+0000][1][safepoint    ] Leaving safepoint region
[2019-12-08T11:37:50.677+0000][1][safepoint    ] Total time for which application threads were stopped: 0.0000826 seconds, Stopping threads took: 0.0000173 seconds
[2019-12-08T11:37:51.677+0000][1][safepoint    ] Application time: 1.0000798 seconds
[2019-12-08T11:37:51.677+0000][1][safepoint    ] Entering safepoint region: Cleanup
[2019-12-08T11:37:51.677+0000][1][safepoint    ] Leaving safepoint region
[2019-12-08T11:37:51.677+0000][1][safepoint    ] Total time for which application threads were stopped: 0.0000831 seconds, Stopping threads took: 0.0000180 seconds
[2019-12-08T11:37:52.677+0000][1][safepoint    ] Application time: 1.0000772 seconds
[2019-12-08T11:37:52.677+0000][1][safepoint    ] Entering safepoint region: Cleanup
[2019-12-08T11:37:52.677+0000][1][safepoint    ] Leaving safepoint region
[2019-12-08T11:37:52.677+0000][1][safepoint    ] Total time for which application threads were stopped: 0.0000889 seconds, Stopping threads took: 0.0000239 seconds
[2019-12-08T11:37:53.677+0000][1][safepoint    ] Application time: 1.0000792 seconds
[2019-12-08T11:37:53.677+0000][1][safepoint    ] Entering safepoint region: Cleanup
[2019-12-08T11:37:53.677+0000][1][safepoint    ] Leaving safepoint region
[2019-12-08T11:37:53.677+0000][1][safepoint    ] Total time for which application threads were stopped: 0.0000850 seconds, Stopping threads took: 0.0000198 seconds
[2019-12-08T11:37:54.678+0000][1][safepoint    ] Application time: 1.0000808 seconds
[2019-12-08T11:37:54.678+0000][1][safepoint    ] Entering safepoint region: Cleanup
[2019-12-08T11:37:54.678+0000][1][safepoint    ] Leaving safepoint region
[2019-12-08T11:37:54.678+0000][1][safepoint    ] Total time for which application threads were stopped: 0.0001034 seconds, Stopping threads took: 0.0000219 seconds
[2019-12-08T11:37:55.678+0000][1][safepoint    ] Application time: 1.0000759 seconds
[2019-12-08T11:37:55.678+0000][1][safepoint    ] Entering safepoint region: Cleanup
[2019-12-08T11:37:55.678+0000][1][safepoint    ] Leaving safepoint region
[2019-12-08T11:37:55.678+0000][1][safepoint    ] Total time for which application threads were stopped: 0.0000899 seconds, Stopping threads took: 0.0000255 seconds
[2019-12-08T11:37:56.678+0000][1][safepoint    ] Application time: 1.0000755 seconds
[2019-12-08T11:37:56.678+0000][1][safepoint    ] Entering safepoint region: Cleanup
[2019-12-08T11:37:56.678+0000][1][safepoint    ] Leaving safepoint region
[2019-12-08T11:37:56.678+0000][1][safepoint    ] Total time for which application threads were stopped: 0.0000806 seconds, Stopping threads took: 0.0000173 seconds
[2019-12-08T11:37:57.678+0000][1][safepoint    ] Application time: 1.0000762 seconds
[2019-12-08T11:37:57.678+0000][1][safepoint    ] Entering safepoint region: Cleanup
[2019-12-08T11:37:57.678+0000][1][safepoint    ] Leaving safepoint region
[2019-12-08T11:37:57.678+0000][1][safepoint    ] Total time for which application threads were stopped: 0.0000831 seconds, Stopping threads took: 0.0000183 seconds
[2019-12-08T11:37:58.678+0000][1][safepoint    ] Application time: 1.0000789 seconds
[2019-12-08T11:37:58.678+0000][1][safepoint    ] Entering safepoint region: Cleanup
[2019-12-08T11:37:58.678+0000][1][safepoint    ] Leaving safepoint region
[2019-12-08T11:37:58.678+0000][1][safepoint    ] Total time for which application threads were stopped: 0.0000985 seconds, Stopping threads took: 0.0000323 seconds
[2019-12-08T11:37:59.679+0000][1][safepoint    ] Application time: 1.0000811 seconds
[2019-12-08T11:37:59.679+0000][1][safepoint    ] Entering safepoint region: Cleanup
[2019-12-08T11:37:59.679+0000][1][safepoint    ] Leaving safepoint region
[2019-12-08T11:37:59.679+0000][1][safepoint    ] Total time for which application threads were stopped: 0.0001023 seconds, Stopping threads took: 0.0000216 seconds
[2019-12-08T11:38:00.679+0000][1][safepoint    ] Application time: 1.0000815 seconds
[2019-12-08T11:38:00.679+0000][1][safepoint    ] Entering safepoint region: Cleanup
[2019-12-08T11:38:00.679+0000][1][safepoint    ] Leaving safepoint region
[2019-12-08T11:38:00.679+0000][1][safepoint    ] Total time for which application threads were stopped: 0.0000833 seconds, Stopping threads took: 0.0000192 seconds
[2019-12-08T11:38:01.679+0000][1][safepoint    ] Application time: 1.0000894 seconds
[2019-12-08T11:38:01.679+0000][1][safepoint    ] Entering safepoint region: Cleanup
[2019-12-08T11:38:01.679+0000][1][safepoint    ] Leaving safepoint region
[2019-12-08T11:38:01.679+0000][1][safepoint    ] Total time for which application threads were stopped: 0.0001308 seconds, Stopping threads took: 0.0000293 seconds
[2019-12-08T11:38:02.679+0000][1][safepoint    ] Application time: 1.0000835 seconds
[2019-12-08T11:38:02.679+0000][1][safepoint    ] Entering safepoint region: Cleanup
[2019-12-08T11:38:02.679+0000][1][safepoint    ] Leaving safepoint region
[2019-12-08T11:38:02.679+0000][1][safepoint    ] Total time for which application threads were stopped: 0.0000844 seconds, Stopping threads took: 0.0000189 seconds
[2019-12-08T11:38:03.679+0000][1][safepoint    ] Application time: 1.0000796 seconds
[2019-12-08T11:38:03.680+0000][1][safepoint    ] Entering safepoint region: Cleanup
[2019-12-08T11:38:03.680+0000][1][safepoint    ] Leaving safepoint region
[2019-12-08T11:38:03.680+0000][1][safepoint    ] Total time for which application threads were stopped: 0.0000845 seconds, Stopping threads took: 0.0000213 seconds
[2019-12-08T11:38:04.680+0000][1][safepoint    ] Application time: 1.0000867 seconds
[2019-12-08T11:38:04.680+0000][1][safepoint    ] Entering safepoint region: Cleanup
[2019-12-08T11:38:04.680+0000][1][safepoint    ] Leaving safepoint region
[2019-12-08T11:38:04.680+0000][1][safepoint    ] Total time for which application threads were stopped: 0.0000861 seconds, Stopping threads took: 0.0000196 seconds
[2019-12-08T11:38:05.680+0000][1][safepoint    ] Application time: 1.0000787 seconds
[2019-12-08T11:38:05.680+0000][1][safepoint    ] Entering safepoint region: Cleanup
[2019-12-08T11:38:05.680+0000][1][safepoint    ] Leaving safepoint region
[2019-12-08T11:38:05.680+0000][1][safepoint    ] Total time for which application threads were stopped: 0.0000840 seconds, Stopping threads took: 0.0000196 seconds
[2019-12-08T11:38:06.680+0000][1][safepoint    ] Application time: 1.0000788 seconds
[2019-12-08T11:38:06.680+0000][1][safepoint    ] Entering safepoint region: Cleanup
[2019-12-08T11:38:06.680+0000][1][safepoint    ] Leaving safepoint region
[2019-12-08T11:38:06.680+0000][1][safepoint    ] Total time for which application threads were stopped: 0.0000833 seconds, Stopping threads took: 0.0000183 seconds
[2019-12-08T11:38:07.680+0000][1][safepoint    ] Application time: 1.0000777 seconds
[2019-12-08T11:38:07.680+0000][1][safepoint    ] Entering safepoint region: Cleanup
[2019-12-08T11:38:07.680+0000][1][safepoint    ] Leaving safepoint region
[2019-12-08T11:38:07.680+0000][1][safepoint    ] Total time for which application threads were stopped: 0.0000814 seconds, Stopping threads took: 0.0000194 seconds
[2019-12-08T11:38:08.681+0000][1][safepoint    ] Application time: 1.0000779 seconds
[2019-12-08T11:38:08.681+0000][1][safepoint    ] Entering safepoint region: Cleanup
[2019-12-08T11:38:08.681+0000][1][safepoint    ] Leaving safepoint region
[2019-12-08T11:38:08.681+0000][1][safepoint    ] Total time for which application threads were stopped: 0.0000845 seconds, Stopping threads took: 0.0000171 seconds
[2019-12-08T11:38:09.681+0000][1][safepoint    ] Application time: 1.0000978 seconds
[2019-12-08T11:38:09.681+0000][1][safepoint    ] Entering safepoint region: Cleanup
[2019-12-08T11:38:09.681+0000][1][safepoint    ] Leaving safepoint region
[2019-12-08T11:38:09.681+0000][1][safepoint    ] Total time for which application threads were stopped: 0.0000841 seconds, Stopping threads took: 0.0000193 seconds
[2019-12-08T11:38:10.681+0000][1][safepoint    ] Application time: 1.0000813 seconds
[2019-12-08T11:38:10.681+0000][1][safepoint    ] Entering safepoint region: Cleanup
[2019-12-08T11:38:10.681+0000][1][safepoint    ] Leaving safepoint region
[2019-12-08T11:38:10.681+0000][1][safepoint    ] Total time for which application threads were stopped: 0.0000858 seconds, Stopping threads took: 0.0000196 seconds
[2019-12-08T11:38:11.681+0000][1][safepoint    ] Application time: 1.0000813 seconds
[2019-12-08T11:38:11.681+0000][1][safepoint    ] Entering safepoint region: Cleanup
[2019-12-08T11:38:11.681+0000][1][safepoint    ] Leaving safepoint region
[2019-12-08T11:38:11.681+0000][1][safepoint    ] Total time for which application threads were stopped: 0.0000836 seconds, Stopping threads took: 0.0000178 seconds
[2019-12-08T11:38:11.702+0000][1][safepoint    ] Application time: 0.0210877 seconds
[2019-12-08T11:38:11.702+0000][1][safepoint    ] Entering safepoint region: GenCollectForAllocation
[2019-12-08T11:38:11.702+0000][1][gc,start     ] GC(25) Pause Young (Allocation Failure)
[2019-12-08T11:38:11.702+0000][1][gc,task      ] GC(25) Using 4 workers of 4 for evacuation
[2019-12-08T11:38:11.705+0000][1][gc,age       ] GC(25) Desired survivor size 4456448 bytes, new threshold 6 (max threshold 6)
[2019-12-08T11:38:11.705+0000][1][gc,age       ] GC(25) Age table with threshold 6 (max threshold 6)
[2019-12-08T11:38:11.705+0000][1][gc,age       ] GC(25) - age   1:      12872 bytes,      12872 total
[2019-12-08T11:38:11.705+0000][1][gc,age       ] GC(25) - age   2:      21200 bytes,      34072 total
[2019-12-08T11:38:11.705+0000][1][gc,age       ] GC(25) - age   3:    1926856 bytes,    1960928 total
[2019-12-08T11:38:11.705+0000][1][gc,heap      ] GC(25) ParNew: 75763K->3377K(78656K)
[2019-12-08T11:38:11.705+0000][1][gc,heap      ] GC(25) CMS: 68180K->68180K(174784K)
[2019-12-08T11:38:11.705+0000][1][gc,metaspace ] GC(25) Metaspace: 68867K->68867K(1112064K)
[2019-12-08T11:38:11.705+0000][1][gc           ] GC(25) Pause Young (Allocation Failure) 140M->69M(247M) 2.876ms
[2019-12-08T11:38:11.705+0000][1][gc,cpu       ] GC(25) User=0.01s Sys=0.00s Real=0.00s
[2019-12-08T11:38:11.705+0000][1][safepoint    ] Leaving safepoint region
[2019-12-08T11:38:11.705+0000][1][safepoint    ] Total time for which application threads were stopped: 0.0029996 seconds, Stopping threads took: 0.0000103 seconds
[2019-12-08T11:38:12.705+0000][1][safepoint    ] Application time: 1.0000883 seconds
[2019-12-08T11:38:12.706+0000][1][safepoint    ] Entering safepoint region: Cleanup
[2019-12-08T11:38:12.706+0000][1][safepoint    ] Leaving safepoint region
[2019-12-08T11:38:12.706+0000][1][safepoint    ] Total time for which application threads were stopped: 0.0000852 seconds, Stopping threads took: 0.0000178 seconds
[2019-12-08T11:38:13.706+0000][1][safepoint    ] Application time: 1.0000791 seconds
[2019-12-08T11:38:13.706+0000][1][safepoint    ] Entering safepoint region: Cleanup
[2019-12-08T11:38:13.706+0000][1][safepoint    ] Leaving safepoint region
[2019-12-08T11:38:13.706+0000][1][safepoint    ] Total time for which application threads were stopped: 0.0000856 seconds, Stopping threads took: 0.0000196 seconds
[2019-12-08T11:38:14.706+0000][1][safepoint    ] Application time: 1.0000774 seconds
[2019-12-08T11:38:14.706+0000][1][safepoint    ] Entering safepoint region: Cleanup
[2019-12-08T11:38:14.706+0000][1][safepoint    ] Leaving safepoint region
[2019-12-08T11:38:14.706+0000][1][safepoint    ] Total time for which application threads were stopped: 0.0000838 seconds, Stopping threads took: 0.0000187 seconds
[2019-12-08T11:38:15.706+0000][1][safepoint    ] Application time: 1.0000765 seconds
[2019-12-08T11:38:15.706+0000][1][safepoint    ] Entering safepoint region: Cleanup
[2019-12-08T11:38:15.706+0000][1][safepoint    ] Leaving safepoint region
[2019-12-08T11:38:15.706+0000][1][safepoint    ] Total time for which application threads were stopped: 0.0000846 seconds, Stopping threads took: 0.0000187 seconds
[2019-12-08T11:38:16.706+0000][1][safepoint    ] Application time: 1.0000888 seconds
[2019-12-08T11:38:16.706+0000][1][safepoint    ] Entering safepoint region: Cleanup
[2019-12-08T11:38:16.706+0000][1][safepoint    ] Leaving safepoint region
[2019-12-08T11:38:16.706+0000][1][safepoint    ] Total time for which application threads were stopped: 0.0001235 seconds, Stopping threads took: 0.0000446 seconds
[2019-12-08T11:38:17.707+0000][1][safepoint    ] Application time: 1.0000938 seconds
[2019-12-08T11:38:17.707+0000][1][safepoint    ] Entering safepoint region: Cleanup
[2019-12-08T11:38:17.707+0000][1][safepoint    ] Leaving safepoint region
[2019-12-08T11:38:17.707+0000][1][safepoint    ] Total time for which application threads were stopped: 0.0000977 seconds, Stopping threads took: 0.0000196 seconds
[2019-12-08T11:38:18.707+0000][1][safepoint    ] Application time: 1.0000781 seconds
[2019-12-08T11:38:18.707+0000][1][safepoint    ] Entering safepoint region: Cleanup
[2019-12-08T11:38:18.707+0000][1][safepoint    ] Leaving safepoint region
[2019-12-08T11:38:18.707+0000][1][safepoint    ] Total time for which application threads were stopped: 0.0000856 seconds, Stopping threads took: 0.0000201 seconds
[2019-12-08T11:38:19.707+0000][1][safepoint    ] Application time: 1.0000791 seconds
[2019-12-08T11:38:19.707+0000][1][safepoint    ] Entering safepoint region: Cleanup
[2019-12-08T11:38:19.707+0000][1][safepoint    ] Leaving safepoint region
[2019-12-08T11:38:19.707+0000][1][safepoint    ] Total time for which application threads were stopped: 0.0000830 seconds, Stopping threads took: 0.0000180 seconds
[2019-12-08T11:38:20.707+0000][1][safepoint    ] Application time: 1.0000783 seconds
[2019-12-08T11:38:20.707+0000][1][safepoint    ] Entering safepoint region: Cleanup
[2019-12-08T11:38:20.707+0000][1][safepoint    ] Leaving safepoint region
[2019-12-08T11:38:20.707+0000][1][safepoint    ] Total time for which application threads were stopped: 0.0000859 seconds, Stopping threads took: 0.0000191 seconds
[2019-12-08T11:38:21.707+0000][1][safepoint    ] Application time: 1.0000776 seconds
[2019-12-08T11:38:21.707+0000][1][safepoint    ] Entering safepoint region: Cleanup
[2019-12-08T11:38:21.708+0000][1][safepoint    ] Leaving safepoint region
[2019-12-08T11:38:21.708+0000][1][safepoint    ] Total time for which application threads were stopped: 0.0000845 seconds, Stopping threads took: 0.0000187 seconds
[2019-12-08T11:38:22.708+0000][1][safepoint    ] Application time: 1.0000758 seconds
[2019-12-08T11:38:22.708+0000][1][safepoint    ] Entering safepoint region: Cleanup
[2019-12-08T11:38:22.708+0000][1][safepoint    ] Leaving safepoint region
[2019-12-08T11:38:22.708+0000][1][safepoint    ] Total time for which application threads were stopped: 0.0000972 seconds, Stopping threads took: 0.0000326 seconds
[2019-12-08T11:38:23.708+0000][1][safepoint    ] Application time: 1.0000791 seconds
[2019-12-08T11:38:23.708+0000][1][safepoint    ] Entering safepoint region: Cleanup
[2019-12-08T11:38:23.708+0000][1][safepoint    ] Leaving safepoint region
[2019-12-08T11:38:23.708+0000][1][safepoint    ] Total time for which application threads were stopped: 0.0000821 seconds, Stopping threads took: 0.0000180 seconds
[2019-12-08T11:38:24.708+0000][1][safepoint    ] Application time: 1.0000743 seconds
[2019-12-08T11:38:24.708+0000][1][safepoint    ] Entering safepoint region: Cleanup
[2019-12-08T11:38:24.708+0000][1][safepoint    ] Leaving safepoint region
[2019-12-08T11:38:24.708+0000][1][safepoint    ] Total time for which application threads were stopped: 0.0000847 seconds, Stopping threads took: 0.0000201 seconds
[2019-12-08T11:38:25.708+0000][1][safepoint    ] Application time: 1.0000765 seconds
[2019-12-08T11:38:25.708+0000][1][safepoint    ] Entering safepoint region: Cleanup
[2019-12-08T11:38:25.708+0000][1][safepoint    ] Leaving safepoint region
[2019-12-08T11:38:25.708+0000][1][safepoint    ] Total time for which application threads were stopped: 0.0000868 seconds, Stopping threads took: 0.0000199 seconds
[2019-12-08T11:38:26.708+0000][1][safepoint    ] Application time: 1.0000782 seconds
[2019-12-08T11:38:26.708+0000][1][safepoint    ] Entering safepoint region: Cleanup
[2019-12-08T11:38:26.709+0000][1][safepoint    ] Leaving safepoint region
[2019-12-08T11:38:26.709+0000][1][safepoint    ] Total time for which application threads were stopped: 0.0000879 seconds, Stopping threads took: 0.0000194 seconds
[2019-12-08T11:38:27.709+0000][1][safepoint    ] Application time: 1.0000765 seconds
[2019-12-08T11:38:27.709+0000][1][safepoint    ] Entering safepoint region: Cleanup
[2019-12-08T11:38:27.709+0000][1][safepoint    ] Leaving safepoint region
[2019-12-08T11:38:27.709+0000][1][safepoint    ] Total time for which application threads were stopped: 0.0000822 seconds, Stopping threads took: 0.0000192 seconds
[2019-12-08T11:38:28.709+0000][1][safepoint    ] Application time: 1.0000770 seconds
[2019-12-08T11:38:28.709+0000][1][safepoint    ] Entering safepoint region: Cleanup
[2019-12-08T11:38:28.709+0000][1][safepoint    ] Leaving safepoint region
[2019-12-08T11:38:28.709+0000][1][safepoint    ] Total time for which application threads were stopped: 0.0000842 seconds, Stopping threads took: 0.0000203 seconds
[2019-12-08T11:38:29.709+0000][1][safepoint    ] Application time: 1.0000759 seconds
[2019-12-08T11:38:29.709+0000][1][safepoint    ] Entering safepoint region: Cleanup
[2019-12-08T11:38:29.709+0000][1][safepoint    ] Leaving safepoint region
[2019-12-08T11:38:29.709+0000][1][safepoint    ] Total time for which application threads were stopped: 0.0000817 seconds, Stopping threads took: 0.0000183 seconds
[2019-12-08T11:38:30.709+0000][1][safepoint    ] Application time: 1.0000755 seconds
[2019-12-08T11:38:30.709+0000][1][safepoint    ] Entering safepoint region: Cleanup
[2019-12-08T11:38:30.709+0000][1][safepoint    ] Leaving safepoint region
[2019-12-08T11:38:30.709+0000][1][safepoint    ] Total time for which application threads were stopped: 0.0000899 seconds, Stopping threads took: 0.0000260 seconds
[2019-12-08T11:38:31.709+0000][1][safepoint    ] Application time: 1.0000763 seconds
[2019-12-08T11:38:31.710+0000][1][safepoint    ] Entering safepoint region: Cleanup
[2019-12-08T11:38:31.710+0000][1][safepoint    ] Leaving safepoint region
[2019-12-08T11:38:31.710+0000][1][safepoint    ] Total time for which application threads were stopped: 0.0000837 seconds, Stopping threads took: 0.0000189 seconds
[2019-12-08T11:38:32.710+0000][1][safepoint    ] Application time: 1.0000766 seconds
[2019-12-08T11:38:32.710+0000][1][safepoint    ] Entering safepoint region: Cleanup
[2019-12-08T11:38:32.710+0000][1][safepoint    ] Leaving safepoint region
[2019-12-08T11:38:32.710+0000][1][safepoint    ] Total time for which application threads were stopped: 0.0000854 seconds, Stopping threads took: 0.0000188 seconds
[2019-12-08T11:38:33.710+0000][1][safepoint    ] Application time: 1.0000761 seconds
[2019-12-08T11:38:33.710+0000][1][safepoint    ] Entering safepoint region: Cleanup
[2019-12-08T11:38:33.710+0000][1][safepoint    ] Leaving safepoint region
[2019-12-08T11:38:33.710+0000][1][safepoint    ] Total time for which application threads were stopped: 0.0000867 seconds, Stopping threads took: 0.0000174 seconds
[2019-12-08T11:38:34.710+0000][1][safepoint    ] Application time: 1.0000747 seconds
[2019-12-08T11:38:34.710+0000][1][safepoint    ] Entering safepoint region: Cleanup
[2019-12-08T11:38:34.710+0000][1][safepoint    ] Leaving safepoint region
[2019-12-08T11:38:34.710+0000][1][safepoint    ] Total time for which application threads were stopped: 0.0000868 seconds, Stopping threads took: 0.0000187 seconds
[2019-12-08T11:38:35.710+0000][1][safepoint    ] Application time: 1.0000760 seconds
[2019-12-08T11:38:35.710+0000][1][safepoint    ] Entering safepoint region: Cleanup
[2019-12-08T11:38:35.710+0000][1][safepoint    ] Leaving safepoint region
[2019-12-08T11:38:35.710+0000][1][safepoint    ] Total time for which application threads were stopped: 0.0000818 seconds, Stopping threads took: 0.0000171 seconds
[2019-12-08T11:38:36.710+0000][1][safepoint    ] Application time: 1.0000732 seconds
[2019-12-08T11:38:36.711+0000][1][safepoint    ] Entering safepoint region: Cleanup
[2019-12-08T11:38:36.711+0000][1][safepoint    ] Leaving safepoint region
[2019-12-08T11:38:36.711+0000][1][safepoint    ] Total time for which application threads were stopped: 0.0000837 seconds, Stopping threads took: 0.0000180 seconds
[2019-12-08T11:38:37.711+0000][1][safepoint    ] Application time: 1.0000909 seconds
[2019-12-08T11:38:37.711+0000][1][safepoint    ] Entering safepoint region: Cleanup
[2019-12-08T11:38:37.711+0000][1][safepoint    ] Leaving safepoint region
[2019-12-08T11:38:37.711+0000][1][safepoint    ] Total time for which application threads were stopped: 0.0000869 seconds, Stopping threads took: 0.0000198 seconds
[2019-12-08T11:38:38.711+0000][1][safepoint    ] Application time: 1.0000736 seconds
[2019-12-08T11:38:38.711+0000][1][safepoint    ] Entering safepoint region: Cleanup
[2019-12-08T11:38:38.711+0000][1][safepoint    ] Leaving safepoint region
[2019-12-08T11:38:38.711+0000][1][safepoint    ] Total time for which application threads were stopped: 0.0000909 seconds, Stopping threads took: 0.0000170 seconds
[2019-12-08T11:38:39.711+0000][1][safepoint    ] Application time: 1.0000813 seconds
[2019-12-08T11:38:39.711+0000][1][safepoint    ] Entering safepoint region: Cleanup
[2019-12-08T11:38:39.711+0000][1][safepoint    ] Leaving safepoint region
[2019-12-08T11:38:39.711+0000][1][safepoint    ] Total time for which application threads were stopped: 0.0000901 seconds, Stopping threads took: 0.0000203 seconds
[2019-12-08T11:38:40.711+0000][1][safepoint    ] Application time: 1.0000789 seconds
[2019-12-08T11:38:40.711+0000][1][safepoint    ] Entering safepoint region: Cleanup
[2019-12-08T11:38:40.711+0000][1][safepoint    ] Leaving safepoint region
[2019-12-08T11:38:40.711+0000][1][safepoint    ] Total time for which application threads were stopped: 0.0000923 seconds, Stopping threads took: 0.0000270 seconds
[2019-12-08T11:38:41.712+0000][1][safepoint    ] Application time: 1.0000771 seconds
[2019-12-08T11:38:41.712+0000][1][safepoint    ] Entering safepoint region: Cleanup
[2019-12-08T11:38:41.712+0000][1][safepoint    ] Leaving safepoint region
[2019-12-08T11:38:41.712+0000][1][safepoint    ] Total time for which application threads were stopped: 0.0000845 seconds, Stopping threads took: 0.0000194 seconds
[2019-12-08T11:38:42.712+0000][1][safepoint    ] Application time: 1.0000848 seconds
[2019-12-08T11:38:42.712+0000][1][safepoint    ] Entering safepoint region: Cleanup
[2019-12-08T11:38:42.712+0000][1][safepoint    ] Leaving safepoint region
[2019-12-08T11:38:42.712+0000][1][safepoint    ] Total time for which application threads were stopped: 0.0000857 seconds, Stopping threads took: 0.0000194 seconds
[2019-12-08T11:38:43.712+0000][1][safepoint    ] Application time: 1.0000799 seconds
[2019-12-08T11:38:43.712+0000][1][safepoint    ] Entering safepoint region: Cleanup
[2019-12-08T11:38:43.712+0000][1][safepoint    ] Leaving safepoint region
[2019-12-08T11:38:43.712+0000][1][safepoint    ] Total time for which application threads were stopped: 0.0000862 seconds, Stopping threads took: 0.0000201 seconds
[2019-12-08T11:38:44.712+0000][1][safepoint    ] Application time: 1.0000825 seconds
[2019-12-08T11:38:44.712+0000][1][safepoint    ] Entering safepoint region: Cleanup
[2019-12-08T11:38:44.712+0000][1][safepoint    ] Leaving safepoint region
[2019-12-08T11:38:44.712+0000][1][safepoint    ] Total time for which application threads were stopped: 0.0000832 seconds, Stopping threads took: 0.0000179 seconds
[2019-12-08T11:38:45.712+0000][1][safepoint    ] Application time: 1.0000796 seconds
[2019-12-08T11:38:45.712+0000][1][safepoint    ] Entering safepoint region: Cleanup
[2019-12-08T11:38:45.713+0000][1][safepoint    ] Leaving safepoint region
[2019-12-08T11:38:45.713+0000][1][safepoint    ] Total time for which application threads were stopped: 0.0000826 seconds, Stopping threads took: 0.0000192 seconds
[2019-12-08T11:38:46.713+0000][1][safepoint    ] Application time: 1.0000789 seconds
[2019-12-08T11:38:46.713+0000][1][safepoint    ] Entering safepoint region: Cleanup
[2019-12-08T11:38:46.713+0000][1][safepoint    ] Leaving safepoint region
[2019-12-08T11:38:46.713+0000][1][safepoint    ] Total time for which application threads were stopped: 0.0000951 seconds, Stopping threads took: 0.0000182 seconds
[2019-12-08T11:38:47.713+0000][1][safepoint    ] Application time: 1.0000781 seconds
[2019-12-08T11:38:47.713+0000][1][safepoint    ] Entering safepoint region: Cleanup
[2019-12-08T11:38:47.713+0000][1][safepoint    ] Leaving safepoint region
[2019-12-08T11:38:47.713+0000][1][safepoint    ] Total time for which application threads were stopped: 0.0000804 seconds, Stopping threads took: 0.0000173 seconds
[2019-12-08T11:38:48.713+0000][1][safepoint    ] Application time: 1.0000807 seconds
[2019-12-08T11:38:48.713+0000][1][safepoint    ] Entering safepoint region: Cleanup
[2019-12-08T11:38:48.713+0000][1][safepoint    ] Leaving safepoint region
[2019-12-08T11:38:48.713+0000][1][safepoint    ] Total time for which application threads were stopped: 0.0000846 seconds, Stopping threads took: 0.0000192 seconds
[2019-12-08T11:38:49.713+0000][1][safepoint    ] Application time: 1.0000788 seconds
[2019-12-08T11:38:49.713+0000][1][safepoint    ] Entering safepoint region: Cleanup
[2019-12-08T11:38:49.713+0000][1][safepoint    ] Leaving safepoint region
[2019-12-08T11:38:49.713+0000][1][safepoint    ] Total time for which application threads were stopped: 0.0000855 seconds, Stopping threads took: 0.0000194 seconds
[2019-12-08T11:38:50.713+0000][1][safepoint    ] Application time: 1.0000776 seconds
[2019-12-08T11:38:50.713+0000][1][safepoint    ] Entering safepoint region: Cleanup
[2019-12-08T11:38:50.714+0000][1][safepoint    ] Leaving safepoint region
[2019-12-08T11:38:50.714+0000][1][safepoint    ] Total time for which application threads were stopped: 0.0000929 seconds, Stopping threads took: 0.0000258 seconds
[2019-12-08T11:38:51.714+0000][1][safepoint    ] Application time: 1.0000863 seconds
[2019-12-08T11:38:51.714+0000][1][safepoint    ] Entering safepoint region: Cleanup
[2019-12-08T11:38:51.714+0000][1][safepoint    ] Leaving safepoint region
[2019-12-08T11:38:51.714+0000][1][safepoint    ] Total time for which application threads were stopped: 0.0001258 seconds, Stopping threads took: 0.0000271 seconds
[2019-12-08T11:38:52.714+0000][1][safepoint    ] Application time: 1.0000863 seconds
[2019-12-08T11:38:52.714+0000][1][safepoint    ] Entering safepoint region: Cleanup
[2019-12-08T11:38:52.714+0000][1][safepoint    ] Leaving safepoint region
[2019-12-08T11:38:52.714+0000][1][safepoint    ] Total time for which application threads were stopped: 0.0000927 seconds, Stopping threads took: 0.0000254 seconds
[2019-12-08T11:38:53.714+0000][1][safepoint    ] Application time: 1.0000781 seconds
[2019-12-08T11:38:53.714+0000][1][safepoint    ] Entering safepoint region: Cleanup
[2019-12-08T11:38:53.714+0000][1][safepoint    ] Leaving safepoint region
[2019-12-08T11:38:53.714+0000][1][safepoint    ] Total time for which application threads were stopped: 0.0000825 seconds, Stopping threads took: 0.0000177 seconds
[2019-12-08T11:38:54.714+0000][1][safepoint    ] Application time: 1.0000784 seconds
[2019-12-08T11:38:54.714+0000][1][safepoint    ] Entering safepoint region: Cleanup
[2019-12-08T11:38:54.714+0000][1][safepoint    ] Leaving safepoint region
[2019-12-08T11:38:54.714+0000][1][safepoint    ] Total time for which application threads were stopped: 0.0000852 seconds, Stopping threads took: 0.0000184 seconds
[2019-12-08T11:38:55.715+0000][1][safepoint    ] Application time: 1.0000791 seconds
[2019-12-08T11:38:55.715+0000][1][safepoint    ] Entering safepoint region: Cleanup
[2019-12-08T11:38:55.715+0000][1][safepoint    ] Leaving safepoint region
[2019-12-08T11:38:55.715+0000][1][safepoint    ] Total time for which application threads were stopped: 0.0000875 seconds, Stopping threads took: 0.0000236 seconds
[2019-12-08T11:38:56.715+0000][1][safepoint    ] Application time: 1.0000803 seconds
[2019-12-08T11:38:56.715+0000][1][safepoint    ] Entering safepoint region: Cleanup
[2019-12-08T11:38:56.715+0000][1][safepoint    ] Leaving safepoint region
[2019-12-08T11:38:56.715+0000][1][safepoint    ] Total time for which application threads were stopped: 0.0000838 seconds, Stopping threads took: 0.0000181 seconds
[2019-12-08T11:38:57.715+0000][1][safepoint    ] Application time: 1.0000778 seconds
[2019-12-08T11:38:57.715+0000][1][safepoint    ] Entering safepoint region: Cleanup
[2019-12-08T11:38:57.715+0000][1][safepoint    ] Leaving safepoint region
[2019-12-08T11:38:57.715+0000][1][safepoint    ] Total time for which application threads were stopped: 0.0000846 seconds, Stopping threads took: 0.0000187 seconds
[2019-12-08T11:38:58.715+0000][1][safepoint    ] Application time: 1.0000784 seconds
[2019-12-08T11:38:58.715+0000][1][safepoint    ] Entering safepoint region: Cleanup
[2019-12-08T11:38:58.715+0000][1][safepoint    ] Leaving safepoint region
[2019-12-08T11:38:58.715+0000][1][safepoint    ] Total time for which application threads were stopped: 0.0000836 seconds, Stopping threads took: 0.0000189 seconds
[2019-12-08T11:38:59.715+0000][1][safepoint    ] Application time: 1.0000798 seconds
[2019-12-08T11:38:59.715+0000][1][safepoint    ] Entering safepoint region: Cleanup
[2019-12-08T11:38:59.715+0000][1][safepoint    ] Leaving safepoint region
[2019-12-08T11:38:59.715+0000][1][safepoint    ] Total time for which application threads were stopped: 0.0000814 seconds, Stopping threads took: 0.0000179 seconds
[2019-12-08T11:39:00.716+0000][1][safepoint    ] Application time: 1.0000794 seconds
[2019-12-08T11:39:00.716+0000][1][safepoint    ] Entering safepoint region: Cleanup
[2019-12-08T11:39:00.716+0000][1][safepoint    ] Leaving safepoint region
[2019-12-08T11:39:00.716+0000][1][safepoint    ] Total time for which application threads were stopped: 0.0001020 seconds, Stopping threads took: 0.0000185 seconds
[2019-12-08T11:39:01.716+0000][1][safepoint    ] Application time: 1.0000757 seconds
[2019-12-08T11:39:01.716+0000][1][safepoint    ] Entering safepoint region: Cleanup
[2019-12-08T11:39:01.716+0000][1][safepoint    ] Leaving safepoint region
[2019-12-08T11:39:01.716+0000][1][safepoint    ] Total time for which application threads were stopped: 0.0000865 seconds, Stopping threads took: 0.0000194 seconds
[2019-12-08T11:39:02.716+0000][1][safepoint    ] Application time: 1.0000841 seconds
[2019-12-08T11:39:02.716+0000][1][safepoint    ] Entering safepoint region: Cleanup
[2019-12-08T11:39:02.716+0000][1][safepoint    ] Leaving safepoint region
[2019-12-08T11:39:02.716+0000][1][safepoint    ] Total time for which application threads were stopped: 0.0000859 seconds, Stopping threads took: 0.0000191 seconds
[2019-12-08T11:39:03.716+0000][1][safepoint    ] Application time: 1.0000796 seconds
[2019-12-08T11:39:03.716+0000][1][safepoint    ] Entering safepoint region: Cleanup
[2019-12-08T11:39:03.716+0000][1][safepoint    ] Leaving safepoint region
[2019-12-08T11:39:03.716+0000][1][safepoint    ] Total time for which application threads were stopped: 0.0000865 seconds, Stopping threads took: 0.0000192 seconds
[2019-12-08T11:39:04.716+0000][1][safepoint    ] Application time: 1.0000809 seconds
[2019-12-08T11:39:04.716+0000][1][safepoint    ] Entering safepoint region: Cleanup
[2019-12-08T11:39:04.717+0000][1][safepoint    ] Leaving safepoint region
[2019-12-08T11:39:04.717+0000][1][safepoint    ] Total time for which application threads were stopped: 0.0000857 seconds, Stopping threads took: 0.0000198 seconds
[2019-12-08T11:39:05.717+0000][1][safepoint    ] Application time: 1.0000783 seconds
[2019-12-08T11:39:05.717+0000][1][safepoint    ] Entering safepoint region: Cleanup
[2019-12-08T11:39:05.717+0000][1][safepoint    ] Leaving safepoint region
[2019-12-08T11:39:05.717+0000][1][safepoint    ] Total time for which application threads were stopped: 0.0000970 seconds, Stopping threads took: 0.0000300 seconds
[2019-12-08T11:39:06.717+0000][1][safepoint    ] Application time: 1.0000780 seconds
[2019-12-08T11:39:06.717+0000][1][safepoint    ] Entering safepoint region: Cleanup
[2019-12-08T11:39:06.717+0000][1][safepoint    ] Leaving safepoint region
[2019-12-08T11:39:06.717+0000][1][safepoint    ] Total time for which application threads were stopped: 0.0000817 seconds, Stopping threads took: 0.0000179 seconds
[2019-12-08T11:39:07.717+0000][1][safepoint    ] Application time: 1.0000889 seconds
[2019-12-08T11:39:07.717+0000][1][safepoint    ] Entering safepoint region: Cleanup
[2019-12-08T11:39:07.717+0000][1][safepoint    ] Leaving safepoint region
[2019-12-08T11:39:07.717+0000][1][safepoint    ] Total time for which application threads were stopped: 0.0000860 seconds, Stopping threads took: 0.0000209 seconds
[2019-12-08T11:39:08.717+0000][1][safepoint    ] Application time: 1.0000785 seconds
[2019-12-08T11:39:08.717+0000][1][safepoint    ] Entering safepoint region: Cleanup
[2019-12-08T11:39:08.717+0000][1][safepoint    ] Leaving safepoint region
[2019-12-08T11:39:08.717+0000][1][safepoint    ] Total time for which application threads were stopped: 0.0000836 seconds, Stopping threads took: 0.0000176 seconds
[2019-12-08T11:39:09.717+0000][1][safepoint    ] Application time: 1.0000777 seconds
[2019-12-08T11:39:09.718+0000][1][safepoint    ] Entering safepoint region: Cleanup
[2019-12-08T11:39:09.718+0000][1][safepoint    ] Leaving safepoint region
[2019-12-08T11:39:09.718+0000][1][safepoint    ] Total time for which application threads were stopped: 0.0000838 seconds, Stopping threads took: 0.0000186 seconds
[2019-12-08T11:39:10.718+0000][1][safepoint    ] Application time: 1.0000893 seconds
[2019-12-08T11:39:10.718+0000][1][safepoint    ] Entering safepoint region: Cleanup
[2019-12-08T11:39:10.718+0000][1][safepoint    ] Leaving safepoint region
[2019-12-08T11:39:10.718+0000][1][safepoint    ] Total time for which application threads were stopped: 0.0000966 seconds, Stopping threads took: 0.0000226 seconds
[2019-12-08T11:39:11.718+0000][1][safepoint    ] Application time: 1.0000765 seconds
[2019-12-08T11:39:11.718+0000][1][safepoint    ] Entering safepoint region: Cleanup
[2019-12-08T11:39:11.718+0000][1][safepoint    ] Leaving safepoint region
[2019-12-08T11:39:11.718+0000][1][safepoint    ] Total time for which application threads were stopped: 0.0000823 seconds, Stopping threads took: 0.0000197 seconds
[2019-12-08T11:39:12.718+0000][1][safepoint    ] Application time: 1.0000838 seconds
[2019-12-08T11:39:12.718+0000][1][safepoint    ] Entering safepoint region: Cleanup
[2019-12-08T11:39:12.718+0000][1][safepoint    ] Leaving safepoint region
[2019-12-08T11:39:12.718+0000][1][safepoint    ] Total time for which application threads were stopped: 0.0000901 seconds, Stopping threads took: 0.0000189 seconds
[2019-12-08T11:39:13.718+0000][1][safepoint    ] Application time: 1.0000776 seconds
[2019-12-08T11:39:13.718+0000][1][safepoint    ] Entering safepoint region: Cleanup
[2019-12-08T11:39:13.718+0000][1][safepoint    ] Leaving safepoint region
[2019-12-08T11:39:13.718+0000][1][safepoint    ] Total time for which application threads were stopped: 0.0000897 seconds, Stopping threads took: 0.0000172 seconds
[2019-12-08T11:39:14.719+0000][1][safepoint    ] Application time: 1.0000773 seconds
[2019-12-08T11:39:14.719+0000][1][safepoint    ] Entering safepoint region: Cleanup
[2019-12-08T11:39:14.719+0000][1][safepoint    ] Leaving safepoint region
[2019-12-08T11:39:14.719+0000][1][safepoint    ] Total time for which application threads were stopped: 0.0000840 seconds, Stopping threads took: 0.0000167 seconds
[2019-12-08T11:39:15.719+0000][1][safepoint    ] Application time: 1.0000779 seconds
[2019-12-08T11:39:15.719+0000][1][safepoint    ] Entering safepoint region: Cleanup
[2019-12-08T11:39:15.719+0000][1][safepoint    ] Leaving safepoint region
[2019-12-08T11:39:15.719+0000][1][safepoint    ] Total time for which application threads were stopped: 0.0000806 seconds, Stopping threads took: 0.0000173 seconds
[2019-12-08T11:39:16.719+0000][1][safepoint    ] Application time: 1.0000765 seconds
[2019-12-08T11:39:16.719+0000][1][safepoint    ] Entering safepoint region: Cleanup
[2019-12-08T11:39:16.719+0000][1][safepoint    ] Leaving safepoint region
[2019-12-08T11:39:16.719+0000][1][safepoint    ] Total time for which application threads were stopped: 0.0000830 seconds, Stopping threads took: 0.0000180 seconds
[2019-12-08T11:39:17.719+0000][1][safepoint    ] Application time: 1.0000740 seconds
[2019-12-08T11:39:17.719+0000][1][safepoint    ] Entering safepoint region: Cleanup
[2019-12-08T11:39:17.719+0000][1][safepoint    ] Leaving safepoint region
[2019-12-08T11:39:17.719+0000][1][safepoint    ] Total time for which application threads were stopped: 0.0000833 seconds, Stopping threads took: 0.0000193 seconds
[2019-12-08T11:39:18.719+0000][1][safepoint    ] Application time: 1.0000772 seconds
[2019-12-08T11:39:18.719+0000][1][safepoint    ] Entering safepoint region: Cleanup
[2019-12-08T11:39:18.719+0000][1][safepoint    ] Leaving safepoint region
[2019-12-08T11:39:18.719+0000][1][safepoint    ] Total time for which application threads were stopped: 0.0000820 seconds, Stopping threads took: 0.0000185 seconds
[2019-12-08T11:39:19.720+0000][1][safepoint    ] Application time: 1.0000826 seconds
[2019-12-08T11:39:19.720+0000][1][safepoint    ] Entering safepoint region: Cleanup
[2019-12-08T11:39:19.720+0000][1][safepoint    ] Leaving safepoint region
[2019-12-08T11:39:19.720+0000][1][safepoint    ] Total time for which application threads were stopped: 0.0001120 seconds, Stopping threads took: 0.0000215 seconds
[2019-12-08T11:39:20.720+0000][1][safepoint    ] Application time: 1.0000809 seconds
[2019-12-08T11:39:20.720+0000][1][safepoint    ] Entering safepoint region: Cleanup
[2019-12-08T11:39:20.720+0000][1][safepoint    ] Leaving safepoint region
[2019-12-08T11:39:20.720+0000][1][safepoint    ] Total time for which application threads were stopped: 0.0001046 seconds, Stopping threads took: 0.0000203 seconds
[2019-12-08T11:39:21.720+0000][1][safepoint    ] Application time: 1.0000766 seconds
[2019-12-08T11:39:21.720+0000][1][safepoint    ] Entering safepoint region: Cleanup
[2019-12-08T11:39:21.720+0000][1][safepoint    ] Leaving safepoint region
[2019-12-08T11:39:21.720+0000][1][safepoint    ] Total time for which application threads were stopped: 0.0000831 seconds, Stopping threads took: 0.0000180 seconds
[2019-12-08T11:39:22.720+0000][1][safepoint    ] Application time: 1.0000800 seconds
[2019-12-08T11:39:22.720+0000][1][safepoint    ] Entering safepoint region: Cleanup
[2019-12-08T11:39:22.720+0000][1][safepoint    ] Leaving safepoint region
[2019-12-08T11:39:22.720+0000][1][safepoint    ] Total time for which application threads were stopped: 0.0000826 seconds, Stopping threads took: 0.0000184 seconds
[2019-12-08T11:39:23.720+0000][1][safepoint    ] Application time: 1.0000755 seconds
[2019-12-08T11:39:23.720+0000][1][safepoint    ] Entering safepoint region: Cleanup
[2019-12-08T11:39:23.721+0000][1][safepoint    ] Leaving safepoint region
[2019-12-08T11:39:23.721+0000][1][safepoint    ] Total time for which application threads were stopped: 0.0000854 seconds, Stopping threads took: 0.0000175 seconds
[2019-12-08T11:39:24.721+0000][1][safepoint    ] Application time: 1.0000763 seconds
[2019-12-08T11:39:24.721+0000][1][safepoint    ] Entering safepoint region: Cleanup
[2019-12-08T11:39:24.721+0000][1][safepoint    ] Leaving safepoint region
[2019-12-08T11:39:24.721+0000][1][safepoint    ] Total time for which application threads were stopped: 0.0001235 seconds, Stopping threads took: 0.0000181 seconds
[2019-12-08T11:39:25.721+0000][1][safepoint    ] Application time: 1.0000781 seconds
[2019-12-08T11:39:25.721+0000][1][safepoint    ] Entering safepoint region: Cleanup
[2019-12-08T11:39:25.721+0000][1][safepoint    ] Leaving safepoint region
[2019-12-08T11:39:25.721+0000][1][safepoint    ] Total time for which application threads were stopped: 0.0000838 seconds, Stopping threads took: 0.0000201 seconds
[2019-12-08T11:39:26.721+0000][1][safepoint    ] Application time: 1.0000800 seconds
[2019-12-08T11:39:26.721+0000][1][safepoint    ] Entering safepoint region: Cleanup
[2019-12-08T11:39:26.721+0000][1][safepoint    ] Leaving safepoint region
[2019-12-08T11:39:26.721+0000][1][safepoint    ] Total time for which application threads were stopped: 0.0000830 seconds, Stopping threads took: 0.0000182 seconds
[2019-12-08T11:39:27.721+0000][1][safepoint    ] Application time: 1.0000767 seconds
[2019-12-08T11:39:27.721+0000][1][safepoint    ] Entering safepoint region: Cleanup
[2019-12-08T11:39:27.721+0000][1][safepoint    ] Leaving safepoint region
[2019-12-08T11:39:27.721+0000][1][safepoint    ] Total time for which application threads were stopped: 0.0000827 seconds, Stopping threads took: 0.0000175 seconds
[2019-12-08T11:39:28.721+0000][1][safepoint    ] Application time: 1.0000776 seconds
[2019-12-08T11:39:28.721+0000][1][safepoint    ] Entering safepoint region: Cleanup
[2019-12-08T11:39:28.722+0000][1][safepoint    ] Leaving safepoint region
[2019-12-08T11:39:28.722+0000][1][safepoint    ] Total time for which application threads were stopped: 0.0000866 seconds, Stopping threads took: 0.0000202 seconds
[2019-12-08T11:39:29.722+0000][1][safepoint    ] Application time: 1.0000781 seconds
[2019-12-08T11:39:29.722+0000][1][safepoint    ] Entering safepoint region: Cleanup
[2019-12-08T11:39:29.722+0000][1][safepoint    ] Leaving safepoint region
[2019-12-08T11:39:29.722+0000][1][safepoint    ] Total time for which application threads were stopped: 0.0000895 seconds, Stopping threads took: 0.0000219 seconds
[2019-12-08T11:39:30.722+0000][1][safepoint    ] Application time: 1.0000824 seconds
[2019-12-08T11:39:30.722+0000][1][safepoint    ] Entering safepoint region: Cleanup
[2019-12-08T11:39:30.722+0000][1][safepoint    ] Leaving safepoint region
[2019-12-08T11:39:30.722+0000][1][safepoint    ] Total time for which application threads were stopped: 0.0000834 seconds, Stopping threads took: 0.0000178 seconds
[2019-12-08T11:39:31.722+0000][1][safepoint    ] Application time: 1.0000841 seconds
[2019-12-08T11:39:31.722+0000][1][safepoint    ] Entering safepoint region: Cleanup
[2019-12-08T11:39:31.722+0000][1][safepoint    ] Leaving safepoint region
[2019-12-08T11:39:31.722+0000][1][safepoint    ] Total time for which application threads were stopped: 0.0000879 seconds, Stopping threads took: 0.0000198 seconds
[2019-12-08T11:39:32.722+0000][1][safepoint    ] Application time: 1.0000807 seconds
[2019-12-08T11:39:32.722+0000][1][safepoint    ] Entering safepoint region: Cleanup
[2019-12-08T11:39:32.722+0000][1][safepoint    ] Leaving safepoint region
[2019-12-08T11:39:32.722+0000][1][safepoint    ] Total time for which application threads were stopped: 0.0000860 seconds, Stopping threads took: 0.0000195 seconds
[2019-12-08T11:39:33.723+0000][1][safepoint    ] Application time: 1.0000761 seconds
[2019-12-08T11:39:33.723+0000][1][safepoint    ] Entering safepoint region: Cleanup
[2019-12-08T11:39:33.723+0000][1][safepoint    ] Leaving safepoint region
[2019-12-08T11:39:33.723+0000][1][safepoint    ] Total time for which application threads were stopped: 0.0000837 seconds, Stopping threads took: 0.0000179 seconds
[2019-12-08T11:39:34.723+0000][1][safepoint    ] Application time: 1.0000791 seconds
[2019-12-08T11:39:34.723+0000][1][safepoint    ] Entering safepoint region: Cleanup
[2019-12-08T11:39:34.723+0000][1][safepoint    ] Leaving safepoint region
[2019-12-08T11:39:34.723+0000][1][safepoint    ] Total time for which application threads were stopped: 0.0000863 seconds, Stopping threads took: 0.0000202 seconds
[2019-12-08T11:39:35.723+0000][1][safepoint    ] Application time: 1.0000789 seconds
[2019-12-08T11:39:35.723+0000][1][safepoint    ] Entering safepoint region: Cleanup
[2019-12-08T11:39:35.723+0000][1][safepoint    ] Leaving safepoint region
[2019-12-08T11:39:35.723+0000][1][safepoint    ] Total time for which application threads were stopped: 0.0000849 seconds, Stopping threads took: 0.0000184 seconds
[2019-12-08T11:39:36.723+0000][1][safepoint    ] Application time: 1.0000775 seconds
[2019-12-08T11:39:36.723+0000][1][safepoint    ] Entering safepoint region: Cleanup
[2019-12-08T11:39:36.723+0000][1][safepoint    ] Leaving safepoint region
[2019-12-08T11:39:36.723+0000][1][safepoint    ] Total time for which application threads were stopped: 0.0000817 seconds, Stopping threads took: 0.0000165 seconds
[2019-12-08T11:39:37.723+0000][1][safepoint    ] Application time: 1.0000772 seconds
[2019-12-08T11:39:37.723+0000][1][safepoint    ] Entering safepoint region: Cleanup
[2019-12-08T11:39:37.723+0000][1][safepoint    ] Leaving safepoint region
[2019-12-08T11:39:37.723+0000][1][safepoint    ] Total time for which application threads were stopped: 0.0000857 seconds, Stopping threads took: 0.0000196 seconds
[2019-12-08T11:39:38.724+0000][1][safepoint    ] Application time: 1.0000826 seconds
[2019-12-08T11:39:38.724+0000][1][safepoint    ] Entering safepoint region: Cleanup
[2019-12-08T11:39:38.724+0000][1][safepoint    ] Leaving safepoint region
[2019-12-08T11:39:38.724+0000][1][safepoint    ] Total time for which application threads were stopped: 0.0000848 seconds, Stopping threads took: 0.0000200 seconds
[2019-12-08T11:39:39.724+0000][1][safepoint    ] Application time: 1.0000945 seconds
[2019-12-08T11:39:39.724+0000][1][safepoint    ] Entering safepoint region: Cleanup
[2019-12-08T11:39:39.724+0000][1][safepoint    ] Leaving safepoint region
[2019-12-08T11:39:39.724+0000][1][safepoint    ] Total time for which application threads were stopped: 0.0000817 seconds, Stopping threads took: 0.0000180 seconds
[2019-12-08T11:39:40.724+0000][1][safepoint    ] Application time: 1.0000777 seconds
[2019-12-08T11:39:40.724+0000][1][safepoint    ] Entering safepoint region: Cleanup
[2019-12-08T11:39:40.724+0000][1][safepoint    ] Leaving safepoint region
[2019-12-08T11:39:40.724+0000][1][safepoint    ] Total time for which application threads were stopped: 0.0000837 seconds, Stopping threads took: 0.0000178 seconds
[2019-12-08T11:39:41.724+0000][1][safepoint    ] Application time: 1.0000785 seconds
[2019-12-08T11:39:41.724+0000][1][safepoint    ] Entering safepoint region: Cleanup
[2019-12-08T11:39:41.724+0000][1][safepoint    ] Leaving safepoint region
[2019-12-08T11:39:41.724+0000][1][safepoint    ] Total time for which application threads were stopped: 0.0000827 seconds, Stopping threads took: 0.0000185 seconds
[2019-12-08T11:39:42.724+0000][1][safepoint    ] Application time: 1.0000773 seconds
[2019-12-08T11:39:42.724+0000][1][safepoint    ] Entering safepoint region: Cleanup
[2019-12-08T11:39:42.725+0000][1][safepoint    ] Leaving safepoint region
[2019-12-08T11:39:42.725+0000][1][safepoint    ] Total time for which application threads were stopped: 0.0000919 seconds, Stopping threads took: 0.0000193 seconds
[2019-12-08T11:39:43.725+0000][1][safepoint    ] Application time: 1.0000755 seconds
[2019-12-08T11:39:43.725+0000][1][safepoint    ] Entering safepoint region: Cleanup
[2019-12-08T11:39:43.725+0000][1][safepoint    ] Leaving safepoint region
[2019-12-08T11:39:43.725+0000][1][safepoint    ] Total time for which application threads were stopped: 0.0000992 seconds, Stopping threads took: 0.0000190 seconds
[2019-12-08T11:39:44.725+0000][1][safepoint    ] Application time: 1.0000772 seconds
[2019-12-08T11:39:44.725+0000][1][safepoint    ] Entering safepoint region: Cleanup
[2019-12-08T11:39:44.725+0000][1][safepoint    ] Leaving safepoint region
[2019-12-08T11:39:44.725+0000][1][safepoint    ] Total time for which application threads were stopped: 0.0000812 seconds, Stopping threads took: 0.0000177 seconds
[2019-12-08T11:39:45.725+0000][1][safepoint    ] Application time: 1.0000844 seconds
[2019-12-08T11:39:45.725+0000][1][safepoint    ] Entering safepoint region: Cleanup
[2019-12-08T11:39:45.725+0000][1][safepoint    ] Leaving safepoint region
[2019-12-08T11:39:45.725+0000][1][safepoint    ] Total time for which application threads were stopped: 0.0000845 seconds, Stopping threads took: 0.0000176 seconds
[2019-12-08T11:39:46.725+0000][1][safepoint    ] Application time: 1.0000811 seconds
[2019-12-08T11:39:46.725+0000][1][safepoint    ] Entering safepoint region: Cleanup
[2019-12-08T11:39:46.725+0000][1][safepoint    ] Leaving safepoint region
[2019-12-08T11:39:46.725+0000][1][safepoint    ] Total time for which application threads were stopped: 0.0000917 seconds, Stopping threads took: 0.0000185 seconds
[2019-12-08T11:39:47.725+0000][1][safepoint    ] Application time: 1.0000781 seconds
[2019-12-08T11:39:47.725+0000][1][safepoint    ] Entering safepoint region: Cleanup
[2019-12-08T11:39:47.726+0000][1][safepoint    ] Leaving safepoint region
[2019-12-08T11:39:47.726+0000][1][safepoint    ] Total time for which application threads were stopped: 0.0000838 seconds, Stopping threads took: 0.0000181 seconds
[2019-12-08T11:39:48.726+0000][1][safepoint    ] Application time: 1.0000776 seconds
[2019-12-08T11:39:48.726+0000][1][safepoint    ] Entering safepoint region: Cleanup
[2019-12-08T11:39:48.726+0000][1][safepoint    ] Leaving safepoint region
[2019-12-08T11:39:48.726+0000][1][safepoint    ] Total time for which application threads were stopped: 0.0000879 seconds, Stopping threads took: 0.0000173 seconds
[2019-12-08T11:39:49.726+0000][1][safepoint    ] Application time: 1.0000753 seconds
[2019-12-08T11:39:49.726+0000][1][safepoint    ] Entering safepoint region: Cleanup
[2019-12-08T11:39:49.726+0000][1][safepoint    ] Leaving safepoint region
[2019-12-08T11:39:49.726+0000][1][safepoint    ] Total time for which application threads were stopped: 0.0000860 seconds, Stopping threads took: 0.0000198 seconds
[2019-12-08T11:39:50.726+0000][1][safepoint    ] Application time: 1.0000831 seconds
[2019-12-08T11:39:50.726+0000][1][safepoint    ] Entering safepoint region: Cleanup
[2019-12-08T11:39:50.726+0000][1][safepoint    ] Leaving safepoint region
[2019-12-08T11:39:50.726+0000][1][safepoint    ] Total time for which application threads were stopped: 0.0000865 seconds, Stopping threads took: 0.0000197 seconds
[2019-12-08T11:39:51.726+0000][1][safepoint    ] Application time: 1.0000746 seconds
[2019-12-08T11:39:51.726+0000][1][safepoint    ] Entering safepoint region: Cleanup
[2019-12-08T11:39:51.726+0000][1][safepoint    ] Leaving safepoint region
[2019-12-08T11:39:51.726+0000][1][safepoint    ] Total time for which application threads were stopped: 0.0000809 seconds, Stopping threads took: 0.0000177 seconds
[2019-12-08T11:39:52.727+0000][1][safepoint    ] Application time: 1.0000766 seconds
[2019-12-08T11:39:52.727+0000][1][safepoint    ] Entering safepoint region: Cleanup
[2019-12-08T11:39:52.727+0000][1][safepoint    ] Leaving safepoint region
[2019-12-08T11:39:52.727+0000][1][safepoint    ] Total time for which application threads were stopped: 0.0000830 seconds, Stopping threads took: 0.0000172 seconds
[2019-12-08T11:39:53.727+0000][1][safepoint    ] Application time: 1.0000768 seconds
[2019-12-08T11:39:53.727+0000][1][safepoint    ] Entering safepoint region: Cleanup
[2019-12-08T11:39:53.727+0000][1][safepoint    ] Leaving safepoint region
[2019-12-08T11:39:53.727+0000][1][safepoint    ] Total time for which application threads were stopped: 0.0000923 seconds, Stopping threads took: 0.0000255 seconds
[2019-12-08T11:39:54.727+0000][1][safepoint    ] Application time: 1.0000777 seconds
[2019-12-08T11:39:54.727+0000][1][safepoint    ] Entering safepoint region: Cleanup
[2019-12-08T11:39:54.727+0000][1][safepoint    ] Leaving safepoint region
[2019-12-08T11:39:54.727+0000][1][safepoint    ] Total time for which application threads were stopped: 0.0000859 seconds, Stopping threads took: 0.0000194 seconds
[2019-12-08T11:39:55.728+0000][1][safepoint    ] Application time: 1.0008142 seconds
[2019-12-08T11:39:55.728+0000][1][safepoint    ] Entering safepoint region: Cleanup
[2019-12-08T11:39:55.728+0000][1][safepoint    ] Leaving safepoint region
[2019-12-08T11:39:55.728+0000][1][safepoint    ] Total time for which application threads were stopped: 0.0001290 seconds, Stopping threads took: 0.0000357 seconds
[2019-12-08T11:39:56.728+0000][1][safepoint    ] Application time: 1.0000807 seconds
[2019-12-08T11:39:56.728+0000][1][safepoint    ] Entering safepoint region: Cleanup
[2019-12-08T11:39:56.728+0000][1][safepoint    ] Leaving safepoint region
[2019-12-08T11:39:56.728+0000][1][safepoint    ] Total time for which application threads were stopped: 0.0000887 seconds, Stopping threads took: 0.0000247 seconds
[2019-12-08T11:39:57.728+0000][1][safepoint    ] Application time: 1.0000792 seconds
[2019-12-08T11:39:57.728+0000][1][safepoint    ] Entering safepoint region: Cleanup
[2019-12-08T11:39:57.728+0000][1][safepoint    ] Leaving safepoint region
[2019-12-08T11:39:57.728+0000][1][safepoint    ] Total time for which application threads were stopped: 0.0000834 seconds, Stopping threads took: 0.0000183 seconds
[2019-12-08T11:39:58.729+0000][1][safepoint    ] Application time: 1.0000800 seconds
[2019-12-08T11:39:58.729+0000][1][safepoint    ] Entering safepoint region: Cleanup
[2019-12-08T11:39:58.729+0000][1][safepoint    ] Leaving safepoint region
[2019-12-08T11:39:58.729+0000][1][safepoint    ] Total time for which application threads were stopped: 0.0000836 seconds, Stopping threads took: 0.0000190 seconds
[2019-12-08T11:39:59.729+0000][1][safepoint    ] Application time: 1.0000787 seconds
[2019-12-08T11:39:59.729+0000][1][safepoint    ] Entering safepoint region: Cleanup
[2019-12-08T11:39:59.729+0000][1][safepoint    ] Leaving safepoint region
[2019-12-08T11:39:59.729+0000][1][safepoint    ] Total time for which application threads were stopped: 0.0000900 seconds, Stopping threads took: 0.0000205 seconds
[2019-12-08T11:40:00.729+0000][1][safepoint    ] Application time: 1.0000937 seconds
[2019-12-08T11:40:00.729+0000][1][safepoint    ] Entering safepoint region: Cleanup
[2019-12-08T11:40:00.729+0000][1][safepoint    ] Leaving safepoint region
[2019-12-08T11:40:00.729+0000][1][safepoint    ] Total time for which application threads were stopped: 0.0000843 seconds, Stopping threads took: 0.0000201 seconds
[2019-12-08T11:40:01.729+0000][1][safepoint    ] Application time: 1.0000934 seconds
[2019-12-08T11:40:01.729+0000][1][safepoint    ] Entering safepoint region: Cleanup
[2019-12-08T11:40:01.729+0000][1][safepoint    ] Leaving safepoint region
[2019-12-08T11:40:01.729+0000][1][safepoint    ] Total time for which application threads were stopped: 0.0000863 seconds, Stopping threads took: 0.0000193 seconds
[2019-12-08T11:40:02.729+0000][1][safepoint    ] Application time: 1.0000964 seconds
[2019-12-08T11:40:02.729+0000][1][safepoint    ] Entering safepoint region: Cleanup
[2019-12-08T11:40:02.730+0000][1][safepoint    ] Leaving safepoint region
[2019-12-08T11:40:02.730+0000][1][safepoint    ] Total time for which application threads were stopped: 0.0000909 seconds, Stopping threads took: 0.0000193 seconds
[2019-12-08T11:40:03.730+0000][1][safepoint    ] Application time: 1.0000874 seconds
[2019-12-08T11:40:03.730+0000][1][safepoint    ] Entering safepoint region: Cleanup
[2019-12-08T11:40:03.730+0000][1][safepoint    ] Leaving safepoint region
[2019-12-08T11:40:03.730+0000][1][safepoint    ] Total time for which application threads were stopped: 0.0000864 seconds, Stopping threads took: 0.0000199 seconds
[2019-12-08T11:40:04.730+0000][1][safepoint    ] Application time: 1.0000843 seconds
[2019-12-08T11:40:04.730+0000][1][safepoint    ] Entering safepoint region: Cleanup
[2019-12-08T11:40:04.730+0000][1][safepoint    ] Leaving safepoint region
[2019-12-08T11:40:04.730+0000][1][safepoint    ] Total time for which application threads were stopped: 0.0000855 seconds, Stopping threads took: 0.0000189 seconds
[2019-12-08T11:40:05.730+0000][1][safepoint    ] Application time: 1.0000768 seconds
[2019-12-08T11:40:05.730+0000][1][safepoint    ] Entering safepoint region: Cleanup
[2019-12-08T11:40:05.730+0000][1][safepoint    ] Leaving safepoint region
[2019-12-08T11:40:05.730+0000][1][safepoint    ] Total time for which application threads were stopped: 0.0000805 seconds, Stopping threads took: 0.0000175 seconds
[2019-12-08T11:40:06.730+0000][1][safepoint    ] Application time: 1.0000783 seconds
[2019-12-08T11:40:06.730+0000][1][safepoint    ] Entering safepoint region: Cleanup
[2019-12-08T11:40:06.730+0000][1][safepoint    ] Leaving safepoint region
[2019-12-08T11:40:06.730+0000][1][safepoint    ] Total time for which application threads were stopped: 0.0000854 seconds, Stopping threads took: 0.0000179 seconds
[2019-12-08T11:40:07.730+0000][1][safepoint    ] Application time: 1.0000755 seconds
[2019-12-08T11:40:07.731+0000][1][safepoint    ] Entering safepoint region: Cleanup
[2019-12-08T11:40:07.731+0000][1][safepoint    ] Leaving safepoint region
[2019-12-08T11:40:07.731+0000][1][safepoint    ] Total time for which application threads were stopped: 0.0000821 seconds, Stopping threads took: 0.0000171 seconds
[2019-12-08T11:40:08.731+0000][1][safepoint    ] Application time: 1.0000742 seconds
[2019-12-08T11:40:08.731+0000][1][safepoint    ] Entering safepoint region: Cleanup
[2019-12-08T11:40:08.731+0000][1][safepoint    ] Leaving safepoint region
[2019-12-08T11:40:08.731+0000][1][safepoint    ] Total time for which application threads were stopped: 0.0000836 seconds, Stopping threads took: 0.0000183 seconds
[2019-12-08T11:40:09.731+0000][1][safepoint    ] Application time: 1.0000854 seconds
[2019-12-08T11:40:09.731+0000][1][safepoint    ] Entering safepoint region: Cleanup
[2019-12-08T11:40:09.731+0000][1][safepoint    ] Leaving safepoint region
[2019-12-08T11:40:09.731+0000][1][safepoint    ] Total time for which application threads were stopped: 0.0000868 seconds, Stopping threads took: 0.0000207 seconds
[2019-12-08T11:40:10.731+0000][1][safepoint    ] Application time: 1.0000785 seconds
[2019-12-08T11:40:10.731+0000][1][safepoint    ] Entering safepoint region: Cleanup
[2019-12-08T11:40:10.731+0000][1][safepoint    ] Leaving safepoint region
[2019-12-08T11:40:10.731+0000][1][safepoint    ] Total time for which application threads were stopped: 0.0000880 seconds, Stopping threads took: 0.0000172 seconds
[2019-12-08T11:40:11.731+0000][1][safepoint    ] Application time: 1.0000757 seconds
[2019-12-08T11:40:11.731+0000][1][safepoint    ] Entering safepoint region: Cleanup
[2019-12-08T11:40:11.731+0000][1][safepoint    ] Leaving safepoint region
[2019-12-08T11:40:11.731+0000][1][safepoint    ] Total time for which application threads were stopped: 0.0000876 seconds, Stopping threads took: 0.0000181 seconds
[2019-12-08T11:40:12.732+0000][1][safepoint    ] Application time: 1.0000747 seconds
[2019-12-08T11:40:12.732+0000][1][safepoint    ] Entering safepoint region: Cleanup
[2019-12-08T11:40:12.732+0000][1][safepoint    ] Leaving safepoint region
[2019-12-08T11:40:12.732+0000][1][safepoint    ] Total time for which application threads were stopped: 0.0000829 seconds, Stopping threads took: 0.0000188 seconds
[2019-12-08T11:40:13.732+0000][1][safepoint    ] Application time: 1.0000882 seconds
[2019-12-08T11:40:13.732+0000][1][safepoint    ] Entering safepoint region: Cleanup
[2019-12-08T11:40:13.732+0000][1][safepoint    ] Leaving safepoint region
[2019-12-08T11:40:13.732+0000][1][safepoint    ] Total time for which application threads were stopped: 0.0000845 seconds, Stopping threads took: 0.0000184 seconds
[2019-12-08T11:40:14.732+0000][1][safepoint    ] Application time: 1.0000760 seconds
[2019-12-08T11:40:14.732+0000][1][safepoint    ] Entering safepoint region: Cleanup
[2019-12-08T11:40:14.732+0000][1][safepoint    ] Leaving safepoint region
[2019-12-08T11:40:14.732+0000][1][safepoint    ] Total time for which application threads were stopped: 0.0000867 seconds, Stopping threads took: 0.0000183 seconds
[2019-12-08T11:40:15.732+0000][1][safepoint    ] Application time: 1.0000768 seconds
[2019-12-08T11:40:15.732+0000][1][safepoint    ] Entering safepoint region: Cleanup
[2019-12-08T11:40:15.732+0000][1][safepoint    ] Leaving safepoint region
[2019-12-08T11:40:15.732+0000][1][safepoint    ] Total time for which application threads were stopped: 0.0000827 seconds, Stopping threads took: 0.0000177 seconds
[2019-12-08T11:40:16.732+0000][1][safepoint    ] Application time: 1.0000779 seconds
[2019-12-08T11:40:16.732+0000][1][safepoint    ] Entering safepoint region: Cleanup
[2019-12-08T11:40:16.732+0000][1][safepoint    ] Leaving safepoint region
[2019-12-08T11:40:16.732+0000][1][safepoint    ] Total time for which application threads were stopped: 0.0000895 seconds, Stopping threads took: 0.0000251 seconds
[2019-12-08T11:40:17.733+0000][1][safepoint    ] Application time: 1.0000784 seconds
[2019-12-08T11:40:17.733+0000][1][safepoint    ] Entering safepoint region: Cleanup
[2019-12-08T11:40:17.733+0000][1][safepoint    ] Leaving safepoint region
[2019-12-08T11:40:17.733+0000][1][safepoint    ] Total time for which application threads were stopped: 0.0000957 seconds, Stopping threads took: 0.0000197 seconds
[2019-12-08T11:40:18.733+0000][1][safepoint    ] Application time: 1.0000768 seconds
[2019-12-08T11:40:18.733+0000][1][safepoint    ] Entering safepoint region: Cleanup
[2019-12-08T11:40:18.733+0000][1][safepoint    ] Leaving safepoint region
[2019-12-08T11:40:18.733+0000][1][safepoint    ] Total time for which application threads were stopped: 0.0000829 seconds, Stopping threads took: 0.0000187 seconds
[2019-12-08T11:40:19.582+0000][1][safepoint    ] Application time: 0.8490164 seconds
[2019-12-08T11:40:19.582+0000][1][safepoint    ] Entering safepoint region: GenCollectForAllocation
[2019-12-08T11:40:19.582+0000][1][gc,start     ] GC(26) Pause Young (Allocation Failure)
[2019-12-08T11:40:19.582+0000][1][gc,task      ] GC(26) Using 4 workers of 4 for evacuation
[2019-12-08T11:40:19.585+0000][1][gc,age       ] GC(26) Desired survivor size 4456448 bytes, new threshold 6 (max threshold 6)
[2019-12-08T11:40:19.585+0000][1][gc,age       ] GC(26) Age table with threshold 6 (max threshold 6)
[2019-12-08T11:40:19.585+0000][1][gc,age       ] GC(26) - age   1:       8632 bytes,       8632 total
[2019-12-08T11:40:19.585+0000][1][gc,age       ] GC(26) - age   2:       7832 bytes,      16464 total
[2019-12-08T11:40:19.585+0000][1][gc,age       ] GC(26) - age   3:      20952 bytes,      37416 total
[2019-12-08T11:40:19.585+0000][1][gc,age       ] GC(26) - age   4:    1831024 bytes,    1868440 total
[2019-12-08T11:40:19.585+0000][1][gc,heap      ] GC(26) ParNew: 73265K->2701K(78656K)
[2019-12-08T11:40:19.585+0000][1][gc,heap      ] GC(26) CMS: 68180K->68180K(174784K)
[2019-12-08T11:40:19.585+0000][1][gc,metaspace ] GC(26) Metaspace: 68942K->68942K(1112064K)
[2019-12-08T11:40:19.585+0000][1][gc           ] GC(26) Pause Young (Allocation Failure) 138M->69M(247M) 3.131ms
[2019-12-08T11:40:19.585+0000][1][gc,cpu       ] GC(26) User=0.01s Sys=0.00s Real=0.00s
[2019-12-08T11:40:19.585+0000][1][safepoint    ] Leaving safepoint region
[2019-12-08T11:40:19.585+0000][1][safepoint    ] Total time for which application threads were stopped: 0.0032851 seconds, Stopping threads took: 0.0000181 seconds
[2019-12-08T11:40:20.585+0000][1][safepoint    ] Application time: 1.0001016 seconds
[2019-12-08T11:40:20.585+0000][1][safepoint    ] Entering safepoint region: Cleanup
[2019-12-08T11:40:20.585+0000][1][safepoint    ] Leaving safepoint region
[2019-12-08T11:40:20.585+0000][1][safepoint    ] Total time for which application threads were stopped: 0.0001064 seconds, Stopping threads took: 0.0000239 seconds
[2019-12-08T11:40:21.586+0000][1][safepoint    ] Application time: 1.0000759 seconds
[2019-12-08T11:40:21.586+0000][1][safepoint    ] Entering safepoint region: Cleanup
[2019-12-08T11:40:21.586+0000][1][safepoint    ] Leaving safepoint region
[2019-12-08T11:40:21.586+0000][1][safepoint    ] Total time for which application threads were stopped: 0.0000810 seconds, Stopping threads took: 0.0000182 seconds
[2019-12-08T11:40:22.586+0000][1][safepoint    ] Application time: 1.0000925 seconds
[2019-12-08T11:40:22.586+0000][1][safepoint    ] Entering safepoint region: Cleanup
[2019-12-08T11:40:22.586+0000][1][safepoint    ] Leaving safepoint region
[2019-12-08T11:40:22.586+0000][1][safepoint    ] Total time for which application threads were stopped: 0.0000832 seconds, Stopping threads took: 0.0000179 seconds
[2019-12-08T11:40:23.586+0000][1][safepoint    ] Application time: 1.0000770 seconds
[2019-12-08T11:40:23.586+0000][1][safepoint    ] Entering safepoint region: Cleanup
[2019-12-08T11:40:23.586+0000][1][safepoint    ] Leaving safepoint region
[2019-12-08T11:40:23.586+0000][1][safepoint    ] Total time for which application threads were stopped: 0.0000851 seconds, Stopping threads took: 0.0000176 seconds
[2019-12-08T11:40:24.586+0000][1][safepoint    ] Application time: 1.0000817 seconds
[2019-12-08T11:40:24.586+0000][1][safepoint    ] Entering safepoint region: Cleanup
[2019-12-08T11:40:24.586+0000][1][safepoint    ] Leaving safepoint region
[2019-12-08T11:40:24.586+0000][1][safepoint    ] Total time for which application threads were stopped: 0.0000837 seconds, Stopping threads took: 0.0000183 seconds
[2019-12-08T11:40:25.586+0000][1][safepoint    ] Application time: 1.0000766 seconds
[2019-12-08T11:40:25.586+0000][1][safepoint    ] Entering safepoint region: Cleanup
[2019-12-08T11:40:25.586+0000][1][safepoint    ] Leaving safepoint region
[2019-12-08T11:40:25.586+0000][1][safepoint    ] Total time for which application threads were stopped: 0.0000818 seconds, Stopping threads took: 0.0000192 seconds
[2019-12-08T11:40:26.587+0000][1][safepoint    ] Application time: 1.0000820 seconds
[2019-12-08T11:40:26.587+0000][1][safepoint    ] Entering safepoint region: Cleanup
[2019-12-08T11:40:26.587+0000][1][safepoint    ] Leaving safepoint region
[2019-12-08T11:40:26.587+0000][1][safepoint    ] Total time for which application threads were stopped: 0.0000915 seconds, Stopping threads took: 0.0000188 seconds
[2019-12-08T11:40:27.587+0000][1][safepoint    ] Application time: 1.0000920 seconds
[2019-12-08T11:40:27.587+0000][1][safepoint    ] Entering safepoint region: Cleanup
[2019-12-08T11:40:27.587+0000][1][safepoint    ] Leaving safepoint region
[2019-12-08T11:40:27.587+0000][1][safepoint    ] Total time for which application threads were stopped: 0.0000860 seconds, Stopping threads took: 0.0000191 seconds
[2019-12-08T11:40:28.587+0000][1][safepoint    ] Application time: 1.0001293 seconds
[2019-12-08T11:40:28.587+0000][1][safepoint    ] Entering safepoint region: Cleanup
[2019-12-08T11:40:28.587+0000][1][safepoint    ] Leaving safepoint region
[2019-12-08T11:40:28.587+0000][1][safepoint    ] Total time for which application threads were stopped: 0.0001102 seconds, Stopping threads took: 0.0000242 seconds
[2019-12-08T11:40:29.587+0000][1][safepoint    ] Application time: 1.0000841 seconds
[2019-12-08T11:40:29.587+0000][1][safepoint    ] Entering safepoint region: Cleanup
[2019-12-08T11:40:29.587+0000][1][safepoint    ] Leaving safepoint region
[2019-12-08T11:40:29.587+0000][1][safepoint    ] Total time for which application threads were stopped: 0.0000938 seconds, Stopping threads took: 0.0000194 seconds
[2019-12-08T11:40:30.587+0000][1][safepoint    ] Application time: 1.0000856 seconds
[2019-12-08T11:40:30.588+0000][1][safepoint    ] Entering safepoint region: Cleanup
[2019-12-08T11:40:30.588+0000][1][safepoint    ] Leaving safepoint region
[2019-12-08T11:40:30.588+0000][1][safepoint    ] Total time for which application threads were stopped: 0.0001144 seconds, Stopping threads took: 0.0000253 seconds
[2019-12-08T11:40:31.588+0000][1][safepoint    ] Application time: 1.0000837 seconds
[2019-12-08T11:40:31.588+0000][1][safepoint    ] Entering safepoint region: Cleanup
[2019-12-08T11:40:31.588+0000][1][safepoint    ] Leaving safepoint region
[2019-12-08T11:40:31.588+0000][1][safepoint    ] Total time for which application threads were stopped: 0.0001071 seconds, Stopping threads took: 0.0000219 seconds
[2019-12-08T11:40:32.588+0000][1][safepoint    ] Application time: 1.0000784 seconds
[2019-12-08T11:40:32.588+0000][1][safepoint    ] Entering safepoint region: Cleanup
[2019-12-08T11:40:32.588+0000][1][safepoint    ] Leaving safepoint region
[2019-12-08T11:40:32.588+0000][1][safepoint    ] Total time for which application threads were stopped: 0.0000794 seconds, Stopping threads took: 0.0000177 seconds
[2019-12-08T11:40:33.588+0000][1][safepoint    ] Application time: 1.0000788 seconds
[2019-12-08T11:40:33.588+0000][1][safepoint    ] Entering safepoint region: Cleanup
[2019-12-08T11:40:33.588+0000][1][safepoint    ] Leaving safepoint region
[2019-12-08T11:40:33.588+0000][1][safepoint    ] Total time for which application threads were stopped: 0.0000859 seconds, Stopping threads took: 0.0000193 seconds
[2019-12-08T11:40:34.588+0000][1][safepoint    ] Application time: 1.0000824 seconds
[2019-12-08T11:40:34.588+0000][1][safepoint    ] Entering safepoint region: Cleanup
[2019-12-08T11:40:34.588+0000][1][safepoint    ] Leaving safepoint region
[2019-12-08T11:40:34.588+0000][1][safepoint    ] Total time for which application threads were stopped: 0.0000841 seconds, Stopping threads took: 0.0000184 seconds
[2019-12-08T11:40:35.589+0000][1][safepoint    ] Application time: 1.0000795 seconds
[2019-12-08T11:40:35.589+0000][1][safepoint    ] Entering safepoint region: Cleanup
[2019-12-08T11:40:35.589+0000][1][safepoint    ] Leaving safepoint region
[2019-12-08T11:40:35.589+0000][1][safepoint    ] Total time for which application threads were stopped: 0.0000833 seconds, Stopping threads took: 0.0000199 seconds
[2019-12-08T11:40:36.589+0000][1][safepoint    ] Application time: 1.0000728 seconds
[2019-12-08T11:40:36.589+0000][1][safepoint    ] Entering safepoint region: Cleanup
[2019-12-08T11:40:36.589+0000][1][safepoint    ] Leaving safepoint region
[2019-12-08T11:40:36.589+0000][1][safepoint    ] Total time for which application threads were stopped: 0.0000781 seconds, Stopping threads took: 0.0000167 seconds
[2019-12-08T11:40:37.589+0000][1][safepoint    ] Application time: 1.0000806 seconds
[2019-12-08T11:40:37.589+0000][1][safepoint    ] Entering safepoint region: Cleanup
[2019-12-08T11:40:37.589+0000][1][safepoint    ] Leaving safepoint region
[2019-12-08T11:40:37.589+0000][1][safepoint    ] Total time for which application threads were stopped: 0.0000851 seconds, Stopping threads took: 0.0000183 seconds
[2019-12-08T11:40:38.589+0000][1][safepoint    ] Application time: 1.0000794 seconds
[2019-12-08T11:40:38.589+0000][1][safepoint    ] Entering safepoint region: Cleanup
[2019-12-08T11:40:38.589+0000][1][safepoint    ] Leaving safepoint region
[2019-12-08T11:40:38.589+0000][1][safepoint    ] Total time for which application threads were stopped: 0.0000837 seconds, Stopping threads took: 0.0000182 seconds
[2019-12-08T11:40:39.589+0000][1][safepoint    ] Application time: 1.0000857 seconds
[2019-12-08T11:40:39.589+0000][1][safepoint    ] Entering safepoint region: Cleanup
[2019-12-08T11:40:39.589+0000][1][safepoint    ] Leaving safepoint region
[2019-12-08T11:40:39.589+0000][1][safepoint    ] Total time for which application threads were stopped: 0.0000843 seconds, Stopping threads took: 0.0000199 seconds
[2019-12-08T11:40:40.590+0000][1][safepoint    ] Application time: 1.0000785 seconds
[2019-12-08T11:40:40.590+0000][1][safepoint    ] Entering safepoint region: Cleanup
[2019-12-08T11:40:40.590+0000][1][safepoint    ] Leaving safepoint region
[2019-12-08T11:40:40.590+0000][1][safepoint    ] Total time for which application threads were stopped: 0.0001021 seconds, Stopping threads took: 0.0000188 seconds
[2019-12-08T11:40:41.590+0000][1][safepoint    ] Application time: 1.0000782 seconds
[2019-12-08T11:40:41.590+0000][1][safepoint    ] Entering safepoint region: Cleanup
[2019-12-08T11:40:41.590+0000][1][safepoint    ] Leaving safepoint region
[2019-12-08T11:40:41.590+0000][1][safepoint    ] Total time for which application threads were stopped: 0.0000857 seconds, Stopping threads took: 0.0000188 seconds
[2019-12-08T11:40:42.590+0000][1][safepoint    ] Application time: 1.0000781 seconds
[2019-12-08T11:40:42.590+0000][1][safepoint    ] Entering safepoint region: Cleanup
[2019-12-08T11:40:42.590+0000][1][safepoint    ] Leaving safepoint region
[2019-12-08T11:40:42.590+0000][1][safepoint    ] Total time for which application threads were stopped: 0.0000873 seconds, Stopping threads took: 0.0000180 seconds
[2019-12-08T11:40:43.590+0000][1][safepoint    ] Application time: 1.0000762 seconds
[2019-12-08T11:40:43.590+0000][1][safepoint    ] Entering safepoint region: Cleanup
[2019-12-08T11:40:43.590+0000][1][safepoint    ] Leaving safepoint region
[2019-12-08T11:40:43.590+0000][1][safepoint    ] Total time for which application threads were stopped: 0.0000860 seconds, Stopping threads took: 0.0000209 seconds
[2019-12-08T11:40:44.590+0000][1][safepoint    ] Application time: 1.0000781 seconds
[2019-12-08T11:40:44.590+0000][1][safepoint    ] Entering safepoint region: Cleanup
[2019-12-08T11:40:44.591+0000][1][safepoint    ] Leaving safepoint region
[2019-12-08T11:40:44.591+0000][1][safepoint    ] Total time for which application threads were stopped: 0.0000880 seconds, Stopping threads took: 0.0000195 seconds
[2019-12-08T11:40:45.591+0000][1][safepoint    ] Application time: 1.0000765 seconds
[2019-12-08T11:40:45.591+0000][1][safepoint    ] Entering safepoint region: Cleanup
[2019-12-08T11:40:45.591+0000][1][safepoint    ] Leaving safepoint region
[2019-12-08T11:40:45.591+0000][1][safepoint    ] Total time for which application threads were stopped: 0.0001257 seconds, Stopping threads took: 0.0000205 seconds
[2019-12-08T11:40:46.591+0000][1][safepoint    ] Application time: 1.0000833 seconds
[2019-12-08T11:40:46.591+0000][1][safepoint    ] Entering safepoint region: Cleanup
[2019-12-08T11:40:46.591+0000][1][safepoint    ] Leaving safepoint region
[2019-12-08T11:40:46.591+0000][1][safepoint    ] Total time for which application threads were stopped: 0.0000945 seconds, Stopping threads took: 0.0000270 seconds
[2019-12-08T11:40:47.591+0000][1][safepoint    ] Application time: 1.0000815 seconds
[2019-12-08T11:40:47.591+0000][1][safepoint    ] Entering safepoint region: Cleanup
[2019-12-08T11:40:47.591+0000][1][safepoint    ] Leaving safepoint region
[2019-12-08T11:40:47.591+0000][1][safepoint    ] Total time for which application threads were stopped: 0.0000955 seconds, Stopping threads took: 0.0000209 seconds
[2019-12-08T11:40:48.591+0000][1][safepoint    ] Application time: 1.0000788 seconds
[2019-12-08T11:40:48.591+0000][1][safepoint    ] Entering safepoint region: Cleanup
[2019-12-08T11:40:48.591+0000][1][safepoint    ] Leaving safepoint region
[2019-12-08T11:40:48.591+0000][1][safepoint    ] Total time for which application threads were stopped: 0.0000886 seconds, Stopping threads took: 0.0000199 seconds
[2019-12-08T11:40:49.592+0000][1][safepoint    ] Application time: 1.0000859 seconds
[2019-12-08T11:40:49.592+0000][1][safepoint    ] Entering safepoint region: Cleanup
[2019-12-08T11:40:49.592+0000][1][safepoint    ] Leaving safepoint region
[2019-12-08T11:40:49.592+0000][1][safepoint    ] Total time for which application threads were stopped: 0.0000858 seconds, Stopping threads took: 0.0000206 seconds
[2019-12-08T11:40:50.592+0000][1][safepoint    ] Application time: 1.0000943 seconds
[2019-12-08T11:40:50.592+0000][1][safepoint    ] Entering safepoint region: Cleanup
[2019-12-08T11:40:50.592+0000][1][safepoint    ] Leaving safepoint region
[2019-12-08T11:40:50.592+0000][1][safepoint    ] Total time for which application threads were stopped: 0.0000839 seconds, Stopping threads took: 0.0000188 seconds
[2019-12-08T11:40:51.592+0000][1][safepoint    ] Application time: 1.0000796 seconds
[2019-12-08T11:40:51.592+0000][1][safepoint    ] Entering safepoint region: Cleanup
[2019-12-08T11:40:51.592+0000][1][safepoint    ] Leaving safepoint region
[2019-12-08T11:40:51.592+0000][1][safepoint    ] Total time for which application threads were stopped: 0.0000849 seconds, Stopping threads took: 0.0000193 seconds
[2019-12-08T11:40:52.592+0000][1][safepoint    ] Application time: 1.0000820 seconds
[2019-12-08T11:40:52.592+0000][1][safepoint    ] Entering safepoint region: Cleanup
[2019-12-08T11:40:52.592+0000][1][safepoint    ] Leaving safepoint region
[2019-12-08T11:40:52.592+0000][1][safepoint    ] Total time for which application threads were stopped: 0.0000847 seconds, Stopping threads took: 0.0000192 seconds
[2019-12-08T11:40:53.592+0000][1][safepoint    ] Application time: 1.0000834 seconds
[2019-12-08T11:40:53.592+0000][1][safepoint    ] Entering safepoint region: Cleanup
[2019-12-08T11:40:53.593+0000][1][safepoint    ] Leaving safepoint region
[2019-12-08T11:40:53.593+0000][1][safepoint    ] Total time for which application threads were stopped: 0.0000930 seconds, Stopping threads took: 0.0000266 seconds
[2019-12-08T11:40:54.593+0000][1][safepoint    ] Application time: 1.0000955 seconds
[2019-12-08T11:40:54.593+0000][1][safepoint    ] Entering safepoint region: Cleanup
[2019-12-08T11:40:54.593+0000][1][safepoint    ] Leaving safepoint region
[2019-12-08T11:40:54.593+0000][1][safepoint    ] Total time for which application threads were stopped: 0.0001058 seconds, Stopping threads took: 0.0000365 seconds
[2019-12-08T11:40:55.593+0000][1][safepoint    ] Application time: 1.0000870 seconds
[2019-12-08T11:40:55.593+0000][1][safepoint    ] Entering safepoint region: Cleanup
[2019-12-08T11:40:55.593+0000][1][safepoint    ] Leaving safepoint region
[2019-12-08T11:40:55.593+0000][1][safepoint    ] Total time for which application threads were stopped: 0.0000862 seconds, Stopping threads took: 0.0000195 seconds
[2019-12-08T11:40:56.593+0000][1][safepoint    ] Application time: 1.0000847 seconds
[2019-12-08T11:40:56.593+0000][1][safepoint    ] Entering safepoint region: Cleanup
[2019-12-08T11:40:56.593+0000][1][safepoint    ] Leaving safepoint region
[2019-12-08T11:40:56.593+0000][1][safepoint    ] Total time for which application threads were stopped: 0.0000894 seconds, Stopping threads took: 0.0000257 seconds
[2019-12-08T11:40:57.593+0000][1][safepoint    ] Application time: 1.0000878 seconds
[2019-12-08T11:40:57.593+0000][1][safepoint    ] Entering safepoint region: Cleanup
[2019-12-08T11:40:57.593+0000][1][safepoint    ] Leaving safepoint region
[2019-12-08T11:40:57.593+0000][1][safepoint    ] Total time for which application threads were stopped: 0.0000848 seconds, Stopping threads took: 0.0000184 seconds
[2019-12-08T11:40:58.594+0000][1][safepoint    ] Application time: 1.0000880 seconds
[2019-12-08T11:40:58.594+0000][1][safepoint    ] Entering safepoint region: Cleanup
[2019-12-08T11:40:58.594+0000][1][safepoint    ] Leaving safepoint region
[2019-12-08T11:40:58.594+0000][1][safepoint    ] Total time for which application threads were stopped: 0.0000863 seconds, Stopping threads took: 0.0000210 seconds
[2019-12-08T11:40:59.594+0000][1][safepoint    ] Application time: 1.0000802 seconds
[2019-12-08T11:40:59.594+0000][1][safepoint    ] Entering safepoint region: Cleanup
[2019-12-08T11:40:59.594+0000][1][safepoint    ] Leaving safepoint region
[2019-12-08T11:40:59.594+0000][1][safepoint    ] Total time for which application threads were stopped: 0.0000828 seconds, Stopping threads took: 0.0000184 seconds
[2019-12-08T11:41:00.594+0000][1][safepoint    ] Application time: 1.0000752 seconds
[2019-12-08T11:41:00.594+0000][1][safepoint    ] Entering safepoint region: Cleanup
[2019-12-08T11:41:00.594+0000][1][safepoint    ] Leaving safepoint region
[2019-12-08T11:41:00.594+0000][1][safepoint    ] Total time for which application threads were stopped: 0.0000875 seconds, Stopping threads took: 0.0000195 seconds
[2019-12-08T11:41:01.594+0000][1][safepoint    ] Application time: 1.0000852 seconds
[2019-12-08T11:41:01.594+0000][1][safepoint    ] Entering safepoint region: Cleanup
[2019-12-08T11:41:01.594+0000][1][safepoint    ] Leaving safepoint region
[2019-12-08T11:41:01.594+0000][1][safepoint    ] Total time for which application threads were stopped: 0.0001262 seconds, Stopping threads took: 0.0000248 seconds
[2019-12-08T11:41:02.594+0000][1][safepoint    ] Application time: 1.0000797 seconds
[2019-12-08T11:41:02.594+0000][1][safepoint    ] Entering safepoint region: Cleanup
[2019-12-08T11:41:02.595+0000][1][safepoint    ] Leaving safepoint region
[2019-12-08T11:41:02.595+0000][1][safepoint    ] Total time for which application threads were stopped: 0.0000860 seconds, Stopping threads took: 0.0000199 seconds
[2019-12-08T11:41:03.595+0000][1][safepoint    ] Application time: 1.0000766 seconds
[2019-12-08T11:41:03.595+0000][1][safepoint    ] Entering safepoint region: Cleanup
[2019-12-08T11:41:03.595+0000][1][safepoint    ] Leaving safepoint region
[2019-12-08T11:41:03.595+0000][1][safepoint    ] Total time for which application threads were stopped: 0.0001031 seconds, Stopping threads took: 0.0000195 seconds
[2019-12-08T11:41:04.595+0000][1][safepoint    ] Application time: 1.0000762 seconds
[2019-12-08T11:41:04.595+0000][1][safepoint    ] Entering safepoint region: Cleanup
[2019-12-08T11:41:04.595+0000][1][safepoint    ] Leaving safepoint region
[2019-12-08T11:41:04.595+0000][1][safepoint    ] Total time for which application threads were stopped: 0.0000857 seconds, Stopping threads took: 0.0000187 seconds
[2019-12-08T11:41:05.595+0000][1][safepoint    ] Application time: 1.0000767 seconds
[2019-12-08T11:41:05.595+0000][1][safepoint    ] Entering safepoint region: Cleanup
[2019-12-08T11:41:05.595+0000][1][safepoint    ] Leaving safepoint region
[2019-12-08T11:41:05.595+0000][1][safepoint    ] Total time for which application threads were stopped: 0.0000838 seconds, Stopping threads took: 0.0000180 seconds
[2019-12-08T11:41:06.595+0000][1][safepoint    ] Application time: 1.0000904 seconds
[2019-12-08T11:41:06.595+0000][1][safepoint    ] Entering safepoint region: Cleanup
[2019-12-08T11:41:06.595+0000][1][safepoint    ] Leaving safepoint region
[2019-12-08T11:41:06.595+0000][1][safepoint    ] Total time for which application threads were stopped: 0.0000844 seconds, Stopping threads took: 0.0000180 seconds
[2019-12-08T11:41:07.595+0000][1][safepoint    ] Application time: 1.0000920 seconds
[2019-12-08T11:41:07.596+0000][1][safepoint    ] Entering safepoint region: Cleanup
[2019-12-08T11:41:07.596+0000][1][safepoint    ] Leaving safepoint region
[2019-12-08T11:41:07.596+0000][1][safepoint    ] Total time for which application threads were stopped: 0.0000853 seconds, Stopping threads took: 0.0000192 seconds
[2019-12-08T11:41:08.596+0000][1][safepoint    ] Application time: 1.0000866 seconds
[2019-12-08T11:41:08.596+0000][1][safepoint    ] Entering safepoint region: Cleanup
[2019-12-08T11:41:08.596+0000][1][safepoint    ] Leaving safepoint region
[2019-12-08T11:41:08.596+0000][1][safepoint    ] Total time for which application threads were stopped: 0.0000922 seconds, Stopping threads took: 0.0000188 seconds
[2019-12-08T11:41:09.596+0000][1][safepoint    ] Application time: 1.0000775 seconds
[2019-12-08T11:41:09.596+0000][1][safepoint    ] Entering safepoint region: Cleanup
[2019-12-08T11:41:09.596+0000][1][safepoint    ] Leaving safepoint region
[2019-12-08T11:41:09.596+0000][1][safepoint    ] Total time for which application threads were stopped: 0.0000865 seconds, Stopping threads took: 0.0000189 seconds
[2019-12-08T11:41:10.596+0000][1][safepoint    ] Application time: 1.0000823 seconds
[2019-12-08T11:41:10.596+0000][1][safepoint    ] Entering safepoint region: Cleanup
[2019-12-08T11:41:10.596+0000][1][safepoint    ] Leaving safepoint region
[2019-12-08T11:41:10.596+0000][1][safepoint    ] Total time for which application threads were stopped: 0.0000853 seconds, Stopping threads took: 0.0000194 seconds
[2019-12-08T11:41:11.596+0000][1][safepoint    ] Application time: 1.0000857 seconds
[2019-12-08T11:41:11.596+0000][1][safepoint    ] Entering safepoint region: Cleanup
[2019-12-08T11:41:11.596+0000][1][safepoint    ] Leaving safepoint region
[2019-12-08T11:41:11.596+0000][1][safepoint    ] Total time for which application threads were stopped: 0.0000859 seconds, Stopping threads took: 0.0000190 seconds
[2019-12-08T11:41:12.597+0000][1][safepoint    ] Application time: 1.0000795 seconds
[2019-12-08T11:41:12.597+0000][1][safepoint    ] Entering safepoint region: Cleanup
[2019-12-08T11:41:12.597+0000][1][safepoint    ] Leaving safepoint region
[2019-12-08T11:41:12.597+0000][1][safepoint    ] Total time for which application threads were stopped: 0.0001009 seconds, Stopping threads took: 0.0000186 seconds
[2019-12-08T11:41:13.597+0000][1][safepoint    ] Application time: 1.0000750 seconds
[2019-12-08T11:41:13.597+0000][1][safepoint    ] Entering safepoint region: Cleanup
[2019-12-08T11:41:13.597+0000][1][safepoint    ] Leaving safepoint region
[2019-12-08T11:41:13.597+0000][1][safepoint    ] Total time for which application threads were stopped: 0.0000843 seconds, Stopping threads took: 0.0000204 seconds
[2019-12-08T11:41:14.597+0000][1][safepoint    ] Application time: 1.0000817 seconds
[2019-12-08T11:41:14.597+0000][1][safepoint    ] Entering safepoint region: Cleanup
[2019-12-08T11:41:14.597+0000][1][safepoint    ] Leaving safepoint region
[2019-12-08T11:41:14.597+0000][1][safepoint    ] Total time for which application threads were stopped: 0.0000855 seconds, Stopping threads took: 0.0000182 seconds
[2019-12-08T11:41:15.597+0000][1][safepoint    ] Application time: 1.0000821 seconds
[2019-12-08T11:41:15.597+0000][1][safepoint    ] Entering safepoint region: Cleanup
[2019-12-08T11:41:15.597+0000][1][safepoint    ] Leaving safepoint region
[2019-12-08T11:41:15.597+0000][1][safepoint    ] Total time for which application threads were stopped: 0.0000832 seconds, Stopping threads took: 0.0000185 seconds
[2019-12-08T11:41:16.597+0000][1][safepoint    ] Application time: 1.0000785 seconds
[2019-12-08T11:41:16.597+0000][1][safepoint    ] Entering safepoint region: Cleanup
[2019-12-08T11:41:16.598+0000][1][safepoint    ] Leaving safepoint region
[2019-12-08T11:41:16.598+0000][1][safepoint    ] Total time for which application threads were stopped: 0.0000810 seconds, Stopping threads took: 0.0000169 seconds
[2019-12-08T11:41:17.598+0000][1][safepoint    ] Application time: 1.0000794 seconds
[2019-12-08T11:41:17.598+0000][1][safepoint    ] Entering safepoint region: Cleanup
[2019-12-08T11:41:17.598+0000][1][safepoint    ] Leaving safepoint region
[2019-12-08T11:41:17.598+0000][1][safepoint    ] Total time for which application threads were stopped: 0.0000998 seconds, Stopping threads took: 0.0000188 seconds
[2019-12-08T11:41:18.598+0000][1][safepoint    ] Application time: 1.0000850 seconds
[2019-12-08T11:41:18.598+0000][1][safepoint    ] Entering safepoint region: Cleanup
[2019-12-08T11:41:18.598+0000][1][safepoint    ] Leaving safepoint region
[2019-12-08T11:41:18.598+0000][1][safepoint    ] Total time for which application threads were stopped: 0.0000860 seconds, Stopping threads took: 0.0000197 seconds
[2019-12-08T11:41:19.598+0000][1][safepoint    ] Application time: 1.0000863 seconds
[2019-12-08T11:41:19.598+0000][1][safepoint    ] Entering safepoint region: Cleanup
[2019-12-08T11:41:19.598+0000][1][safepoint    ] Leaving safepoint region
[2019-12-08T11:41:19.598+0000][1][safepoint    ] Total time for which application threads were stopped: 0.0000901 seconds, Stopping threads took: 0.0000201 seconds
[2019-12-08T11:41:20.598+0000][1][safepoint    ] Application time: 1.0000866 seconds
[2019-12-08T11:41:20.598+0000][1][safepoint    ] Entering safepoint region: Cleanup
[2019-12-08T11:41:20.598+0000][1][safepoint    ] Leaving safepoint region
[2019-12-08T11:41:20.598+0000][1][safepoint    ] Total time for which application threads were stopped: 0.0000890 seconds, Stopping threads took: 0.0000197 seconds
[2019-12-08T11:41:21.599+0000][1][safepoint    ] Application time: 1.0000814 seconds
[2019-12-08T11:41:21.599+0000][1][safepoint    ] Entering safepoint region: Cleanup
[2019-12-08T11:41:21.599+0000][1][safepoint    ] Leaving safepoint region
[2019-12-08T11:41:21.599+0000][1][safepoint    ] Total time for which application threads were stopped: 0.0000837 seconds, Stopping threads took: 0.0000188 seconds
[2019-12-08T11:41:22.599+0000][1][safepoint    ] Application time: 1.0000812 seconds
[2019-12-08T11:41:22.599+0000][1][safepoint    ] Entering safepoint region: Cleanup
[2019-12-08T11:41:22.599+0000][1][safepoint    ] Leaving safepoint region
[2019-12-08T11:41:22.599+0000][1][safepoint    ] Total time for which application threads were stopped: 0.0000838 seconds, Stopping threads took: 0.0000194 seconds
[2019-12-08T11:41:23.599+0000][1][safepoint    ] Application time: 1.0000900 seconds
[2019-12-08T11:41:23.599+0000][1][safepoint    ] Entering safepoint region: Cleanup
[2019-12-08T11:41:23.599+0000][1][safepoint    ] Leaving safepoint region
[2019-12-08T11:41:23.599+0000][1][safepoint    ] Total time for which application threads were stopped: 0.0000879 seconds, Stopping threads took: 0.0000211 seconds
[2019-12-08T11:41:24.599+0000][1][safepoint    ] Application time: 1.0000925 seconds
[2019-12-08T11:41:24.599+0000][1][safepoint    ] Entering safepoint region: Cleanup
[2019-12-08T11:41:24.599+0000][1][safepoint    ] Leaving safepoint region
[2019-12-08T11:41:24.599+0000][1][safepoint    ] Total time for which application threads were stopped: 0.0000866 seconds, Stopping threads took: 0.0000213 seconds
[2019-12-08T11:41:25.599+0000][1][safepoint    ] Application time: 1.0000799 seconds
[2019-12-08T11:41:25.599+0000][1][safepoint    ] Entering safepoint region: Cleanup
[2019-12-08T11:41:25.599+0000][1][safepoint    ] Leaving safepoint region
[2019-12-08T11:41:25.599+0000][1][safepoint    ] Total time for which application threads were stopped: 0.0000892 seconds, Stopping threads took: 0.0000194 seconds
[2019-12-08T11:41:26.600+0000][1][safepoint    ] Application time: 1.0000775 seconds
[2019-12-08T11:41:26.600+0000][1][safepoint    ] Entering safepoint region: Cleanup
[2019-12-08T11:41:26.600+0000][1][safepoint    ] Leaving safepoint region
[2019-12-08T11:41:26.600+0000][1][safepoint    ] Total time for which application threads were stopped: 0.0001019 seconds, Stopping threads took: 0.0000177 seconds
[2019-12-08T11:41:27.600+0000][1][safepoint    ] Application time: 1.0000834 seconds
[2019-12-08T11:41:27.600+0000][1][safepoint    ] Entering safepoint region: Cleanup
[2019-12-08T11:41:27.600+0000][1][safepoint    ] Leaving safepoint region
[2019-12-08T11:41:27.600+0000][1][safepoint    ] Total time for which application threads were stopped: 0.0000833 seconds, Stopping threads took: 0.0000180 seconds
[2019-12-08T11:41:28.600+0000][1][safepoint    ] Application time: 1.0000778 seconds
[2019-12-08T11:41:28.600+0000][1][safepoint    ] Entering safepoint region: Cleanup
[2019-12-08T11:41:28.600+0000][1][safepoint    ] Leaving safepoint region
[2019-12-08T11:41:28.600+0000][1][safepoint    ] Total time for which application threads were stopped: 0.0000840 seconds, Stopping threads took: 0.0000194 seconds
[2019-12-08T11:41:29.600+0000][1][safepoint    ] Application time: 1.0000933 seconds
[2019-12-08T11:41:29.600+0000][1][safepoint    ] Entering safepoint region: Cleanup
[2019-12-08T11:41:29.600+0000][1][safepoint    ] Leaving safepoint region
[2019-12-08T11:41:29.600+0000][1][safepoint    ] Total time for which application threads were stopped: 0.0000864 seconds, Stopping threads took: 0.0000204 seconds
[2019-12-08T11:41:30.600+0000][1][safepoint    ] Application time: 1.0000852 seconds
[2019-12-08T11:41:30.601+0000][1][safepoint    ] Entering safepoint region: Cleanup
[2019-12-08T11:41:30.601+0000][1][safepoint    ] Leaving safepoint region
[2019-12-08T11:41:30.601+0000][1][safepoint    ] Total time for which application threads were stopped: 0.0000838 seconds, Stopping threads took: 0.0000188 seconds
[2019-12-08T11:41:31.601+0000][1][safepoint    ] Application time: 1.0000920 seconds
[2019-12-08T11:41:31.601+0000][1][safepoint    ] Entering safepoint region: Cleanup
[2019-12-08T11:41:31.601+0000][1][safepoint    ] Leaving safepoint region
[2019-12-08T11:41:31.601+0000][1][safepoint    ] Total time for which application threads were stopped: 0.0000869 seconds, Stopping threads took: 0.0000202 seconds
[2019-12-08T11:41:32.601+0000][1][safepoint    ] Application time: 1.0000816 seconds
[2019-12-08T11:41:32.601+0000][1][safepoint    ] Entering safepoint region: Cleanup
[2019-12-08T11:41:32.601+0000][1][safepoint    ] Leaving safepoint region
[2019-12-08T11:41:32.601+0000][1][safepoint    ] Total time for which application threads were stopped: 0.0000864 seconds, Stopping threads took: 0.0000198 seconds
[2019-12-08T11:41:33.601+0000][1][safepoint    ] Application time: 1.0000828 seconds
[2019-12-08T11:41:33.601+0000][1][safepoint    ] Entering safepoint region: Cleanup
[2019-12-08T11:41:33.601+0000][1][safepoint    ] Leaving safepoint region
[2019-12-08T11:41:33.601+0000][1][safepoint    ] Total time for which application threads were stopped: 0.0000841 seconds, Stopping threads took: 0.0000202 seconds
[2019-12-08T11:41:34.601+0000][1][safepoint    ] Application time: 1.0000772 seconds
[2019-12-08T11:41:34.601+0000][1][safepoint    ] Entering safepoint region: Cleanup
[2019-12-08T11:41:34.601+0000][1][safepoint    ] Leaving safepoint region
[2019-12-08T11:41:34.601+0000][1][safepoint    ] Total time for which application threads were stopped: 0.0000924 seconds, Stopping threads took: 0.0000203 seconds
[2019-12-08T11:41:35.602+0000][1][safepoint    ] Application time: 1.0000746 seconds
[2019-12-08T11:41:35.602+0000][1][safepoint    ] Entering safepoint region: Cleanup
[2019-12-08T11:41:35.602+0000][1][safepoint    ] Leaving safepoint region
[2019-12-08T11:41:35.602+0000][1][safepoint    ] Total time for which application threads were stopped: 0.0000828 seconds, Stopping threads took: 0.0000179 seconds
[2019-12-08T11:41:36.602+0000][1][safepoint    ] Application time: 1.0000863 seconds
[2019-12-08T11:41:36.602+0000][1][safepoint    ] Entering safepoint region: Cleanup
[2019-12-08T11:41:36.602+0000][1][safepoint    ] Leaving safepoint region
[2019-12-08T11:41:36.602+0000][1][safepoint    ] Total time for which application threads were stopped: 0.0000842 seconds, Stopping threads took: 0.0000195 seconds
[2019-12-08T11:41:37.602+0000][1][safepoint    ] Application time: 1.0000757 seconds
[2019-12-08T11:41:37.602+0000][1][safepoint    ] Entering safepoint region: Cleanup
[2019-12-08T11:41:37.602+0000][1][safepoint    ] Leaving safepoint region
[2019-12-08T11:41:37.602+0000][1][safepoint    ] Total time for which application threads were stopped: 0.0000851 seconds, Stopping threads took: 0.0000183 seconds
[2019-12-08T11:41:38.602+0000][1][safepoint    ] Application time: 1.0000766 seconds
[2019-12-08T11:41:38.602+0000][1][safepoint    ] Entering safepoint region: Cleanup
[2019-12-08T11:41:38.602+0000][1][safepoint    ] Leaving safepoint region
[2019-12-08T11:41:38.602+0000][1][safepoint    ] Total time for which application threads were stopped: 0.0000975 seconds, Stopping threads took: 0.0000292 seconds
[2019-12-08T11:41:39.602+0000][1][safepoint    ] Application time: 1.0000798 seconds
[2019-12-08T11:41:39.602+0000][1][safepoint    ] Entering safepoint region: Cleanup
[2019-12-08T11:41:39.602+0000][1][safepoint    ] Leaving safepoint region
[2019-12-08T11:41:39.603+0000][1][safepoint    ] Total time for which application threads were stopped: 0.0000832 seconds, Stopping threads took: 0.0000194 seconds
[2019-12-08T11:41:40.603+0000][1][safepoint    ] Application time: 1.0000777 seconds
[2019-12-08T11:41:40.603+0000][1][safepoint    ] Entering safepoint region: Cleanup
[2019-12-08T11:41:40.603+0000][1][safepoint    ] Leaving safepoint region
[2019-12-08T11:41:40.603+0000][1][safepoint    ] Total time for which application threads were stopped: 0.0000937 seconds, Stopping threads took: 0.0000189 seconds
[2019-12-08T11:41:41.603+0000][1][safepoint    ] Application time: 1.0000829 seconds
[2019-12-08T11:41:41.603+0000][1][safepoint    ] Entering safepoint region: Cleanup
[2019-12-08T11:41:41.603+0000][1][safepoint    ] Leaving safepoint region
[2019-12-08T11:41:41.603+0000][1][safepoint    ] Total time for which application threads were stopped: 0.0000849 seconds, Stopping threads took: 0.0000193 seconds
[2019-12-08T11:41:42.603+0000][1][safepoint    ] Application time: 1.0000786 seconds
[2019-12-08T11:41:42.603+0000][1][safepoint    ] Entering safepoint region: Cleanup
[2019-12-08T11:41:42.603+0000][1][safepoint    ] Leaving safepoint region
[2019-12-08T11:41:42.603+0000][1][safepoint    ] Total time for which application threads were stopped: 0.0000964 seconds, Stopping threads took: 0.0000201 seconds
[2019-12-08T11:41:43.603+0000][1][safepoint    ] Application time: 1.0000784 seconds
[2019-12-08T11:41:43.603+0000][1][safepoint    ] Entering safepoint region: Cleanup
[2019-12-08T11:41:43.603+0000][1][safepoint    ] Leaving safepoint region
[2019-12-08T11:41:43.603+0000][1][safepoint    ] Total time for which application threads were stopped: 0.0000854 seconds, Stopping threads took: 0.0000190 seconds
[2019-12-08T11:41:44.603+0000][1][safepoint    ] Application time: 1.0000765 seconds
[2019-12-08T11:41:44.603+0000][1][safepoint    ] Entering safepoint region: Cleanup
[2019-12-08T11:41:44.604+0000][1][safepoint    ] Leaving safepoint region
[2019-12-08T11:41:44.604+0000][1][safepoint    ] Total time for which application threads were stopped: 0.0000830 seconds, Stopping threads took: 0.0000206 seconds
[2019-12-08T11:41:45.604+0000][1][safepoint    ] Application time: 1.0000770 seconds
[2019-12-08T11:41:45.604+0000][1][safepoint    ] Entering safepoint region: Cleanup
[2019-12-08T11:41:45.604+0000][1][safepoint    ] Leaving safepoint region
[2019-12-08T11:41:45.604+0000][1][safepoint    ] Total time for which application threads were stopped: 0.0000868 seconds, Stopping threads took: 0.0000209 seconds
[2019-12-08T11:41:46.604+0000][1][safepoint    ] Application time: 1.0000815 seconds
[2019-12-08T11:41:46.604+0000][1][safepoint    ] Entering safepoint region: Cleanup
[2019-12-08T11:41:46.604+0000][1][safepoint    ] Leaving safepoint region
[2019-12-08T11:41:46.604+0000][1][safepoint    ] Total time for which application threads were stopped: 0.0000817 seconds, Stopping threads took: 0.0000172 seconds
[2019-12-08T11:41:47.604+0000][1][safepoint    ] Application time: 1.0000781 seconds
[2019-12-08T11:41:47.604+0000][1][safepoint    ] Entering safepoint region: Cleanup
[2019-12-08T11:41:47.604+0000][1][safepoint    ] Leaving safepoint region
[2019-12-08T11:41:47.604+0000][1][safepoint    ] Total time for which application threads were stopped: 0.0000839 seconds, Stopping threads took: 0.0000189 seconds
[2019-12-08T11:41:48.604+0000][1][safepoint    ] Application time: 1.0000763 seconds
[2019-12-08T11:41:48.604+0000][1][safepoint    ] Entering safepoint region: Cleanup
[2019-12-08T11:41:48.604+0000][1][safepoint    ] Leaving safepoint region
[2019-12-08T11:41:48.604+0000][1][safepoint    ] Total time for which application threads were stopped: 0.0000987 seconds, Stopping threads took: 0.0000321 seconds
[2019-12-08T11:41:49.604+0000][1][safepoint    ] Application time: 1.0000819 seconds
[2019-12-08T11:41:49.605+0000][1][safepoint    ] Entering safepoint region: Cleanup
[2019-12-08T11:41:49.605+0000][1][safepoint    ] Leaving safepoint region
[2019-12-08T11:41:49.605+0000][1][safepoint    ] Total time for which application threads were stopped: 0.0000833 seconds, Stopping threads took: 0.0000185 seconds
[2019-12-08T11:41:50.605+0000][1][safepoint    ] Application time: 1.0000800 seconds
[2019-12-08T11:41:50.605+0000][1][safepoint    ] Entering safepoint region: Cleanup
[2019-12-08T11:41:50.605+0000][1][safepoint    ] Leaving safepoint region
[2019-12-08T11:41:50.605+0000][1][safepoint    ] Total time for which application threads were stopped: 0.0000836 seconds, Stopping threads took: 0.0000186 seconds
[2019-12-08T11:41:51.605+0000][1][safepoint    ] Application time: 1.0000759 seconds
[2019-12-08T11:41:51.605+0000][1][safepoint    ] Entering safepoint region: Cleanup
[2019-12-08T11:41:51.605+0000][1][safepoint    ] Leaving safepoint region
[2019-12-08T11:41:51.605+0000][1][safepoint    ] Total time for which application threads were stopped: 0.0000854 seconds, Stopping threads took: 0.0000201 seconds
[2019-12-08T11:41:52.605+0000][1][safepoint    ] Application time: 1.0000775 seconds
[2019-12-08T11:41:52.605+0000][1][safepoint    ] Entering safepoint region: Cleanup
[2019-12-08T11:41:52.605+0000][1][safepoint    ] Leaving safepoint region
[2019-12-08T11:41:52.605+0000][1][safepoint    ] Total time for which application threads were stopped: 0.0000839 seconds, Stopping threads took: 0.0000194 seconds
[2019-12-08T11:41:53.605+0000][1][safepoint    ] Application time: 1.0000801 seconds
[2019-12-08T11:41:53.605+0000][1][safepoint    ] Entering safepoint region: Cleanup
[2019-12-08T11:41:53.605+0000][1][safepoint    ] Leaving safepoint region
[2019-12-08T11:41:53.605+0000][1][safepoint    ] Total time for which application threads were stopped: 0.0000914 seconds, Stopping threads took: 0.0000249 seconds
[2019-12-08T11:41:54.606+0000][1][safepoint    ] Application time: 1.0000942 seconds
[2019-12-08T11:41:54.606+0000][1][safepoint    ] Entering safepoint region: Cleanup
[2019-12-08T11:41:54.606+0000][1][safepoint    ] Leaving safepoint region
[2019-12-08T11:41:54.606+0000][1][safepoint    ] Total time for which application threads were stopped: 0.0000864 seconds, Stopping threads took: 0.0000199 seconds
[2019-12-08T11:41:55.606+0000][1][safepoint    ] Application time: 1.0000360 seconds
[2019-12-08T11:41:55.606+0000][1][safepoint    ] Entering safepoint region: Cleanup
[2019-12-08T11:41:55.606+0000][1][safepoint    ] Leaving safepoint region
[2019-12-08T11:41:55.606+0000][1][safepoint    ] Total time for which application threads were stopped: 0.0000888 seconds, Stopping threads took: 0.0000187 seconds
[2019-12-08T11:41:56.606+0000][1][safepoint    ] Application time: 1.0000870 seconds
[2019-12-08T11:41:56.606+0000][1][safepoint    ] Entering safepoint region: Cleanup
[2019-12-08T11:41:56.606+0000][1][safepoint    ] Leaving safepoint region
[2019-12-08T11:41:56.606+0000][1][safepoint    ] Total time for which application threads were stopped: 0.0000902 seconds, Stopping threads took: 0.0000205 seconds
[2019-12-08T11:41:57.606+0000][1][safepoint    ] Application time: 1.0000855 seconds
[2019-12-08T11:41:57.606+0000][1][safepoint    ] Entering safepoint region: Cleanup
[2019-12-08T11:41:57.606+0000][1][safepoint    ] Leaving safepoint region
[2019-12-08T11:41:57.606+0000][1][safepoint    ] Total time for which application threads were stopped: 0.0000935 seconds, Stopping threads took: 0.0000269 seconds
[2019-12-08T11:41:58.606+0000][1][safepoint    ] Application time: 1.0000800 seconds
[2019-12-08T11:41:58.606+0000][1][safepoint    ] Entering safepoint region: Cleanup
[2019-12-08T11:41:58.606+0000][1][safepoint    ] Leaving safepoint region
[2019-12-08T11:41:58.606+0000][1][safepoint    ] Total time for which application threads were stopped: 0.0000923 seconds, Stopping threads took: 0.0000273 seconds
[2019-12-08T11:41:59.607+0000][1][safepoint    ] Application time: 1.0000764 seconds
[2019-12-08T11:41:59.607+0000][1][safepoint    ] Entering safepoint region: Cleanup
[2019-12-08T11:41:59.607+0000][1][safepoint    ] Leaving safepoint region
[2019-12-08T11:41:59.607+0000][1][safepoint    ] Total time for which application threads were stopped: 0.0000948 seconds, Stopping threads took: 0.0000192 seconds
[2019-12-08T11:42:00.607+0000][1][safepoint    ] Application time: 1.0000784 seconds
[2019-12-08T11:42:00.607+0000][1][safepoint    ] Entering safepoint region: Cleanup
[2019-12-08T11:42:00.607+0000][1][safepoint    ] Leaving safepoint region
[2019-12-08T11:42:00.607+0000][1][safepoint    ] Total time for which application threads were stopped: 0.0000811 seconds, Stopping threads took: 0.0000179 seconds
[2019-12-08T11:42:01.607+0000][1][safepoint    ] Application time: 1.0000763 seconds
[2019-12-08T11:42:01.607+0000][1][safepoint    ] Entering safepoint region: Cleanup
[2019-12-08T11:42:01.607+0000][1][safepoint    ] Leaving safepoint region
[2019-12-08T11:42:01.607+0000][1][safepoint    ] Total time for which application threads were stopped: 0.0000800 seconds, Stopping threads took: 0.0000172 seconds
[2019-12-08T11:42:02.607+0000][1][safepoint    ] Application time: 1.0000838 seconds
[2019-12-08T11:42:02.607+0000][1][safepoint    ] Entering safepoint region: Cleanup
[2019-12-08T11:42:02.607+0000][1][safepoint    ] Leaving safepoint region
[2019-12-08T11:42:02.607+0000][1][safepoint    ] Total time for which application threads were stopped: 0.0000874 seconds, Stopping threads took: 0.0000216 seconds
[2019-12-08T11:42:03.607+0000][1][safepoint    ] Application time: 1.0000872 seconds
[2019-12-08T11:42:03.607+0000][1][safepoint    ] Entering safepoint region: Cleanup
[2019-12-08T11:42:03.608+0000][1][safepoint    ] Leaving safepoint region
[2019-12-08T11:42:03.608+0000][1][safepoint    ] Total time for which application threads were stopped: 0.0000891 seconds, Stopping threads took: 0.0000212 seconds
[2019-12-08T11:42:04.608+0000][1][safepoint    ] Application time: 1.0000940 seconds
[2019-12-08T11:42:04.608+0000][1][safepoint    ] Entering safepoint region: Cleanup
[2019-12-08T11:42:04.608+0000][1][safepoint    ] Leaving safepoint region
[2019-12-08T11:42:04.608+0000][1][safepoint    ] Total time for which application threads were stopped: 0.0000987 seconds, Stopping threads took: 0.0000348 seconds
[2019-12-08T11:42:05.608+0000][1][safepoint    ] Application time: 1.0000883 seconds
[2019-12-08T11:42:05.608+0000][1][safepoint    ] Entering safepoint region: Cleanup
[2019-12-08T11:42:05.608+0000][1][safepoint    ] Leaving safepoint region
[2019-12-08T11:42:05.608+0000][1][safepoint    ] Total time for which application threads were stopped: 0.0000865 seconds, Stopping threads took: 0.0000204 seconds
[2019-12-08T11:42:06.608+0000][1][safepoint    ] Application time: 1.0000871 seconds
[2019-12-08T11:42:06.608+0000][1][safepoint    ] Entering safepoint region: Cleanup
[2019-12-08T11:42:06.608+0000][1][safepoint    ] Leaving safepoint region
[2019-12-08T11:42:06.608+0000][1][safepoint    ] Total time for which application threads were stopped: 0.0000803 seconds, Stopping threads took: 0.0000185 seconds
[2019-12-08T11:42:07.608+0000][1][safepoint    ] Application time: 1.0000815 seconds
[2019-12-08T11:42:07.608+0000][1][safepoint    ] Entering safepoint region: Cleanup
[2019-12-08T11:42:07.608+0000][1][safepoint    ] Leaving safepoint region
[2019-12-08T11:42:07.608+0000][1][safepoint    ] Total time for which application threads were stopped: 0.0000836 seconds, Stopping threads took: 0.0000187 seconds
[2019-12-08T11:42:08.609+0000][1][safepoint    ] Application time: 1.0000787 seconds
[2019-12-08T11:42:08.609+0000][1][safepoint    ] Entering safepoint region: Cleanup
[2019-12-08T11:42:08.609+0000][1][safepoint    ] Leaving safepoint region
[2019-12-08T11:42:08.609+0000][1][safepoint    ] Total time for which application threads were stopped: 0.0000934 seconds, Stopping threads took: 0.0000190 seconds
[2019-12-08T11:42:09.609+0000][1][safepoint    ] Application time: 1.0000816 seconds
[2019-12-08T11:42:09.609+0000][1][safepoint    ] Entering safepoint region: Cleanup
[2019-12-08T11:42:09.609+0000][1][safepoint    ] Leaving safepoint region
[2019-12-08T11:42:09.609+0000][1][safepoint    ] Total time for which application threads were stopped: 0.0000859 seconds, Stopping threads took: 0.0000182 seconds
[2019-12-08T11:42:10.609+0000][1][safepoint    ] Application time: 1.0000801 seconds
[2019-12-08T11:42:10.609+0000][1][safepoint    ] Entering safepoint region: Cleanup
[2019-12-08T11:42:10.609+0000][1][safepoint    ] Leaving safepoint region
[2019-12-08T11:42:10.609+0000][1][safepoint    ] Total time for which application threads were stopped: 0.0000875 seconds, Stopping threads took: 0.0000210 seconds
[2019-12-08T11:42:11.609+0000][1][safepoint    ] Application time: 1.0000809 seconds
[2019-12-08T11:42:11.609+0000][1][safepoint    ] Entering safepoint region: Cleanup
[2019-12-08T11:42:11.609+0000][1][safepoint    ] Leaving safepoint region
[2019-12-08T11:42:11.609+0000][1][safepoint    ] Total time for which application threads were stopped: 0.0000886 seconds, Stopping threads took: 0.0000210 seconds
[2019-12-08T11:42:12.609+0000][1][safepoint    ] Application time: 1.0000800 seconds
[2019-12-08T11:42:12.609+0000][1][safepoint    ] Entering safepoint region: Cleanup
[2019-12-08T11:42:12.609+0000][1][safepoint    ] Leaving safepoint region
[2019-12-08T11:42:12.609+0000][1][safepoint    ] Total time for which application threads were stopped: 0.0000853 seconds, Stopping threads took: 0.0000200 seconds
[2019-12-08T11:42:13.610+0000][1][safepoint    ] Application time: 1.0000787 seconds
[2019-12-08T11:42:13.610+0000][1][safepoint    ] Entering safepoint region: Cleanup
[2019-12-08T11:42:13.610+0000][1][safepoint    ] Leaving safepoint region
[2019-12-08T11:42:13.610+0000][1][safepoint    ] Total time for which application threads were stopped: 0.0000865 seconds, Stopping threads took: 0.0000211 seconds
[2019-12-08T11:42:14.610+0000][1][safepoint    ] Application time: 1.0000804 seconds
[2019-12-08T11:42:14.610+0000][1][safepoint    ] Entering safepoint region: Cleanup
[2019-12-08T11:42:14.610+0000][1][safepoint    ] Leaving safepoint region
[2019-12-08T11:42:14.610+0000][1][safepoint    ] Total time for which application threads were stopped: 0.0000856 seconds, Stopping threads took: 0.0000206 seconds
[2019-12-08T11:42:15.610+0000][1][safepoint    ] Application time: 1.0000822 seconds
[2019-12-08T11:42:15.610+0000][1][safepoint    ] Entering safepoint region: Cleanup
[2019-12-08T11:42:15.610+0000][1][safepoint    ] Leaving safepoint region
[2019-12-08T11:42:15.610+0000][1][safepoint    ] Total time for which application threads were stopped: 0.0000861 seconds, Stopping threads took: 0.0000194 seconds
[2019-12-08T11:42:16.610+0000][1][safepoint    ] Application time: 1.0000771 seconds
[2019-12-08T11:42:16.610+0000][1][safepoint    ] Entering safepoint region: Cleanup
[2019-12-08T11:42:16.610+0000][1][safepoint    ] Leaving safepoint region
[2019-12-08T11:42:16.610+0000][1][safepoint    ] Total time for which application threads were stopped: 0.0000792 seconds, Stopping threads took: 0.0000160 seconds
[2019-12-08T11:42:17.610+0000][1][safepoint    ] Application time: 1.0000797 seconds
[2019-12-08T11:42:17.610+0000][1][safepoint    ] Entering safepoint region: Cleanup
[2019-12-08T11:42:17.611+0000][1][safepoint    ] Leaving safepoint region
[2019-12-08T11:42:17.611+0000][1][safepoint    ] Total time for which application threads were stopped: 0.0000853 seconds, Stopping threads took: 0.0000195 seconds
[2019-12-08T11:42:18.611+0000][1][safepoint    ] Application time: 1.0000820 seconds
[2019-12-08T11:42:18.611+0000][1][safepoint    ] Entering safepoint region: Cleanup
[2019-12-08T11:42:18.611+0000][1][safepoint    ] Leaving safepoint region
[2019-12-08T11:42:18.611+0000][1][safepoint    ] Total time for which application threads were stopped: 0.0001260 seconds, Stopping threads took: 0.0000201 seconds
[2019-12-08T11:42:19.611+0000][1][safepoint    ] Application time: 1.0000807 seconds
[2019-12-08T11:42:19.611+0000][1][safepoint    ] Entering safepoint region: Cleanup
[2019-12-08T11:42:19.611+0000][1][safepoint    ] Leaving safepoint region
[2019-12-08T11:42:19.611+0000][1][safepoint    ] Total time for which application threads were stopped: 0.0000874 seconds, Stopping threads took: 0.0000197 seconds
[2019-12-08T11:42:20.611+0000][1][safepoint    ] Application time: 1.0000799 seconds
[2019-12-08T11:42:20.611+0000][1][safepoint    ] Entering safepoint region: Cleanup
[2019-12-08T11:42:20.611+0000][1][safepoint    ] Leaving safepoint region
[2019-12-08T11:42:20.611+0000][1][safepoint    ] Total time for which application threads were stopped: 0.0000832 seconds, Stopping threads took: 0.0000208 seconds
[2019-12-08T11:42:21.611+0000][1][safepoint    ] Application time: 1.0000837 seconds
[2019-12-08T11:42:21.611+0000][1][safepoint    ] Entering safepoint region: Cleanup
[2019-12-08T11:42:21.611+0000][1][safepoint    ] Leaving safepoint region
[2019-12-08T11:42:21.611+0000][1][safepoint    ] Total time for which application threads were stopped: 0.0000859 seconds, Stopping threads took: 0.0000194 seconds
[2019-12-08T11:42:22.611+0000][1][safepoint    ] Application time: 1.0000832 seconds
[2019-12-08T11:42:22.612+0000][1][safepoint    ] Entering safepoint region: Cleanup
[2019-12-08T11:42:22.612+0000][1][safepoint    ] Leaving safepoint region
[2019-12-08T11:42:22.612+0000][1][safepoint    ] Total time for which application threads were stopped: 0.0000960 seconds, Stopping threads took: 0.0000205 seconds
[2019-12-08T11:42:23.612+0000][1][safepoint    ] Application time: 1.0000783 seconds
[2019-12-08T11:42:23.612+0000][1][safepoint    ] Entering safepoint region: Cleanup
[2019-12-08T11:42:23.612+0000][1][safepoint    ] Leaving safepoint region
[2019-12-08T11:42:23.612+0000][1][safepoint    ] Total time for which application threads were stopped: 0.0000857 seconds, Stopping threads took: 0.0000202 seconds
[2019-12-08T11:42:24.612+0000][1][safepoint    ] Application time: 1.0000805 seconds
[2019-12-08T11:42:24.612+0000][1][safepoint    ] Entering safepoint region: Cleanup
[2019-12-08T11:42:24.612+0000][1][safepoint    ] Leaving safepoint region
[2019-12-08T11:42:24.612+0000][1][safepoint    ] Total time for which application threads were stopped: 0.0000843 seconds, Stopping threads took: 0.0000192 seconds
[2019-12-08T11:42:25.612+0000][1][safepoint    ] Application time: 1.0000779 seconds
[2019-12-08T11:42:25.612+0000][1][safepoint    ] Entering safepoint region: Cleanup
[2019-12-08T11:42:25.612+0000][1][safepoint    ] Leaving safepoint region
[2019-12-08T11:42:25.612+0000][1][safepoint    ] Total time for which application threads were stopped: 0.0000844 seconds, Stopping threads took: 0.0000183 seconds
[2019-12-08T11:42:26.612+0000][1][safepoint    ] Application time: 1.0000801 seconds
[2019-12-08T11:42:26.612+0000][1][safepoint    ] Entering safepoint region: Cleanup
[2019-12-08T11:42:26.612+0000][1][safepoint    ] Leaving safepoint region
[2019-12-08T11:42:26.612+0000][1][safepoint    ] Total time for which application threads were stopped: 0.0000820 seconds, Stopping threads took: 0.0000172 seconds
[2019-12-08T11:42:26.800+0000][1][safepoint    ] Application time: 0.1871819 seconds
[2019-12-08T11:42:26.800+0000][1][safepoint    ] Entering safepoint region: GenCollectForAllocation
[2019-12-08T11:42:26.800+0000][1][gc,start     ] GC(27) Pause Young (Allocation Failure)
[2019-12-08T11:42:26.800+0000][1][gc,task      ] GC(27) Using 4 workers of 4 for evacuation
[2019-12-08T11:42:26.803+0000][1][gc,age       ] GC(27) Desired survivor size 4456448 bytes, new threshold 6 (max threshold 6)
[2019-12-08T11:42:26.803+0000][1][gc,age       ] GC(27) Age table with threshold 6 (max threshold 6)
[2019-12-08T11:42:26.803+0000][1][gc,age       ] GC(27) - age   1:      10240 bytes,      10240 total
[2019-12-08T11:42:26.803+0000][1][gc,age       ] GC(27) - age   2:       4440 bytes,      14680 total
[2019-12-08T11:42:26.803+0000][1][gc,age       ] GC(27) - age   3:       7768 bytes,      22448 total
[2019-12-08T11:42:26.803+0000][1][gc,age       ] GC(27) - age   4:      20952 bytes,      43400 total
[2019-12-08T11:42:26.803+0000][1][gc,age       ] GC(27) - age   5:    1831024 bytes,    1874424 total
[2019-12-08T11:42:26.803+0000][1][gc,heap      ] GC(27) ParNew: 72653K->2919K(78656K)
[2019-12-08T11:42:26.803+0000][1][gc,heap      ] GC(27) CMS: 68180K->68180K(174784K)
[2019-12-08T11:42:26.803+0000][1][gc,metaspace ] GC(27) Metaspace: 68989K->68989K(1112064K)
[2019-12-08T11:42:26.803+0000][1][gc           ] GC(27) Pause Young (Allocation Failure) 137M->69M(247M) 2.986ms
[2019-12-08T11:42:26.803+0000][1][gc,cpu       ] GC(27) User=0.01s Sys=0.00s Real=0.01s
[2019-12-08T11:42:26.803+0000][1][safepoint    ] Leaving safepoint region
[2019-12-08T11:42:26.803+0000][1][safepoint    ] Total time for which application threads were stopped: 0.0031911 seconds, Stopping threads took: 0.0000708 seconds
[2019-12-08T11:42:27.803+0000][1][safepoint    ] Application time: 1.0001005 seconds
[2019-12-08T11:42:27.803+0000][1][safepoint    ] Entering safepoint region: Cleanup
[2019-12-08T11:42:27.803+0000][1][safepoint    ] Leaving safepoint region
[2019-12-08T11:42:27.803+0000][1][safepoint    ] Total time for which application threads were stopped: 0.0000848 seconds, Stopping threads took: 0.0000188 seconds
[2019-12-08T11:42:28.803+0000][1][safepoint    ] Application time: 1.0000775 seconds
[2019-12-08T11:42:28.803+0000][1][safepoint    ] Entering safepoint region: Cleanup
[2019-12-08T11:42:28.803+0000][1][safepoint    ] Leaving safepoint region
[2019-12-08T11:42:28.803+0000][1][safepoint    ] Total time for which application threads were stopped: 0.0000863 seconds, Stopping threads took: 0.0000196 seconds
[2019-12-08T11:42:29.803+0000][1][safepoint    ] Application time: 1.0000789 seconds
[2019-12-08T11:42:29.803+0000][1][safepoint    ] Entering safepoint region: Cleanup
[2019-12-08T11:42:29.803+0000][1][safepoint    ] Leaving safepoint region
[2019-12-08T11:42:29.803+0000][1][safepoint    ] Total time for which application threads were stopped: 0.0000860 seconds, Stopping threads took: 0.0000193 seconds
[2019-12-08T11:42:30.804+0000][1][safepoint    ] Application time: 1.0000799 seconds
[2019-12-08T11:42:30.804+0000][1][safepoint    ] Entering safepoint region: Cleanup
[2019-12-08T11:42:30.804+0000][1][safepoint    ] Leaving safepoint region
[2019-12-08T11:42:30.804+0000][1][safepoint    ] Total time for which application threads were stopped: 0.0000991 seconds, Stopping threads took: 0.0000197 seconds
[2019-12-08T11:42:31.804+0000][1][safepoint    ] Application time: 1.0000619 seconds
[2019-12-08T11:42:31.804+0000][1][safepoint    ] Entering safepoint region: Cleanup
[2019-12-08T11:42:31.804+0000][1][safepoint    ] Leaving safepoint region
[2019-12-08T11:42:31.804+0000][1][safepoint    ] Total time for which application threads were stopped: 0.0001295 seconds, Stopping threads took: 0.0000545 seconds
[2019-12-08T11:42:32.804+0000][1][safepoint    ] Application time: 1.0000869 seconds
[2019-12-08T11:42:32.804+0000][1][safepoint    ] Entering safepoint region: Cleanup
[2019-12-08T11:42:32.804+0000][1][safepoint    ] Leaving safepoint region
[2019-12-08T11:42:32.804+0000][1][safepoint    ] Total time for which application threads were stopped: 0.0000832 seconds, Stopping threads took: 0.0000174 seconds
[2019-12-08T11:42:33.804+0000][1][safepoint    ] Application time: 1.0000769 seconds
[2019-12-08T11:42:33.804+0000][1][safepoint    ] Entering safepoint region: Cleanup
[2019-12-08T11:42:33.804+0000][1][safepoint    ] Leaving safepoint region
[2019-12-08T11:42:33.804+0000][1][safepoint    ] Total time for which application threads were stopped: 0.0000866 seconds, Stopping threads took: 0.0000214 seconds
[2019-12-08T11:42:34.804+0000][1][safepoint    ] Application time: 1.0000768 seconds
[2019-12-08T11:42:34.805+0000][1][safepoint    ] Entering safepoint region: Cleanup
[2019-12-08T11:42:34.805+0000][1][safepoint    ] Leaving safepoint region
[2019-12-08T11:42:34.805+0000][1][safepoint    ] Total time for which application threads were stopped: 0.0000927 seconds, Stopping threads took: 0.0000256 seconds
[2019-12-08T11:42:35.805+0000][1][safepoint    ] Application time: 1.0000779 seconds
[2019-12-08T11:42:35.805+0000][1][safepoint    ] Entering safepoint region: Cleanup
[2019-12-08T11:42:35.805+0000][1][safepoint    ] Leaving safepoint region
[2019-12-08T11:42:35.805+0000][1][safepoint    ] Total time for which application threads were stopped: 0.0000815 seconds, Stopping threads took: 0.0000185 seconds
[2019-12-08T11:42:36.805+0000][1][safepoint    ] Application time: 1.0000801 seconds
[2019-12-08T11:42:36.805+0000][1][safepoint    ] Entering safepoint region: Cleanup
[2019-12-08T11:42:36.805+0000][1][safepoint    ] Leaving safepoint region
[2019-12-08T11:42:36.805+0000][1][safepoint    ] Total time for which application threads were stopped: 0.0000841 seconds, Stopping threads took: 0.0000211 seconds
[2019-12-08T11:42:37.805+0000][1][safepoint    ] Application time: 1.0000806 seconds
[2019-12-08T11:42:37.805+0000][1][safepoint    ] Entering safepoint region: Cleanup
[2019-12-08T11:42:37.805+0000][1][safepoint    ] Leaving safepoint region
[2019-12-08T11:42:37.805+0000][1][safepoint    ] Total time for which application threads were stopped: 0.0000872 seconds, Stopping threads took: 0.0000202 seconds
[2019-12-08T11:42:38.805+0000][1][safepoint    ] Application time: 1.0000773 seconds
[2019-12-08T11:42:38.805+0000][1][safepoint    ] Entering safepoint region: Cleanup
[2019-12-08T11:42:38.805+0000][1][safepoint    ] Leaving safepoint region
[2019-12-08T11:42:38.805+0000][1][safepoint    ] Total time for which application threads were stopped: 0.0000839 seconds, Stopping threads took: 0.0000180 seconds
[2019-12-08T11:42:39.806+0000][1][safepoint    ] Application time: 1.0000762 seconds
[2019-12-08T11:42:39.806+0000][1][safepoint    ] Entering safepoint region: Cleanup
[2019-12-08T11:42:39.806+0000][1][safepoint    ] Leaving safepoint region
[2019-12-08T11:42:39.806+0000][1][safepoint    ] Total time for which application threads were stopped: 0.0000779 seconds, Stopping threads took: 0.0000173 seconds
[2019-12-08T11:42:40.806+0000][1][safepoint    ] Application time: 1.0000758 seconds
[2019-12-08T11:42:40.806+0000][1][safepoint    ] Entering safepoint region: Cleanup
[2019-12-08T11:42:40.806+0000][1][safepoint    ] Leaving safepoint region
[2019-12-08T11:42:40.806+0000][1][safepoint    ] Total time for which application threads were stopped: 0.0000826 seconds, Stopping threads took: 0.0000172 seconds
[2019-12-08T11:42:41.806+0000][1][safepoint    ] Application time: 1.0000759 seconds
[2019-12-08T11:42:41.806+0000][1][safepoint    ] Entering safepoint region: Cleanup
[2019-12-08T11:42:41.806+0000][1][safepoint    ] Leaving safepoint region
[2019-12-08T11:42:41.806+0000][1][safepoint    ] Total time for which application threads were stopped: 0.0000848 seconds, Stopping threads took: 0.0000191 seconds
[2019-12-08T11:42:42.806+0000][1][safepoint    ] Application time: 1.0000763 seconds
[2019-12-08T11:42:42.806+0000][1][safepoint    ] Entering safepoint region: Cleanup
[2019-12-08T11:42:42.806+0000][1][safepoint    ] Leaving safepoint region
[2019-12-08T11:42:42.806+0000][1][safepoint    ] Total time for which application threads were stopped: 0.0000818 seconds, Stopping threads took: 0.0000168 seconds
[2019-12-08T11:42:43.806+0000][1][safepoint    ] Application time: 1.0000751 seconds
[2019-12-08T11:42:43.806+0000][1][safepoint    ] Entering safepoint region: Cleanup
[2019-12-08T11:42:43.806+0000][1][safepoint    ] Leaving safepoint region
[2019-12-08T11:42:43.806+0000][1][safepoint    ] Total time for which application threads were stopped: 0.0000799 seconds, Stopping threads took: 0.0000179 seconds
[2019-12-08T11:42:44.807+0000][1][safepoint    ] Application time: 1.0000779 seconds
[2019-12-08T11:42:44.807+0000][1][safepoint    ] Entering safepoint region: Cleanup
[2019-12-08T11:42:44.807+0000][1][safepoint    ] Leaving safepoint region
[2019-12-08T11:42:44.807+0000][1][safepoint    ] Total time for which application threads were stopped: 0.0000862 seconds, Stopping threads took: 0.0000247 seconds
[2019-12-08T11:42:45.807+0000][1][safepoint    ] Application time: 1.0000756 seconds
[2019-12-08T11:42:45.807+0000][1][safepoint    ] Entering safepoint region: Cleanup
[2019-12-08T11:42:45.807+0000][1][safepoint    ] Leaving safepoint region
[2019-12-08T11:42:45.807+0000][1][safepoint    ] Total time for which application threads were stopped: 0.0000815 seconds, Stopping threads took: 0.0000179 seconds
[2019-12-08T11:42:46.807+0000][1][safepoint    ] Application time: 1.0000757 seconds
[2019-12-08T11:42:46.807+0000][1][safepoint    ] Entering safepoint region: Cleanup
[2019-12-08T11:42:46.807+0000][1][safepoint    ] Leaving safepoint region
[2019-12-08T11:42:46.807+0000][1][safepoint    ] Total time for which application threads were stopped: 0.0000783 seconds, Stopping threads took: 0.0000175 seconds
[2019-12-08T11:42:47.807+0000][1][safepoint    ] Application time: 1.0000754 seconds
[2019-12-08T11:42:47.807+0000][1][safepoint    ] Entering safepoint region: Cleanup
[2019-12-08T11:42:47.807+0000][1][safepoint    ] Leaving safepoint region
[2019-12-08T11:42:47.807+0000][1][safepoint    ] Total time for which application threads were stopped: 0.0000870 seconds, Stopping threads took: 0.0000201 seconds
[2019-12-08T11:42:48.807+0000][1][safepoint    ] Application time: 1.0000755 seconds
[2019-12-08T11:42:48.807+0000][1][safepoint    ] Entering safepoint region: Cleanup
[2019-12-08T11:42:48.807+0000][1][safepoint    ] Leaving safepoint region
[2019-12-08T11:42:48.807+0000][1][safepoint    ] Total time for which application threads were stopped: 0.0000788 seconds, Stopping threads took: 0.0000177 seconds
[2019-12-08T11:42:49.807+0000][1][safepoint    ] Application time: 1.0000764 seconds
[2019-12-08T11:42:49.808+0000][1][safepoint    ] Entering safepoint region: Cleanup
[2019-12-08T11:42:49.808+0000][1][safepoint    ] Leaving safepoint region
[2019-12-08T11:42:49.808+0000][1][safepoint    ] Total time for which application threads were stopped: 0.0000868 seconds, Stopping threads took: 0.0000202 seconds
[2019-12-08T11:42:50.808+0000][1][safepoint    ] Application time: 1.0000511 seconds
[2019-12-08T11:42:50.808+0000][1][safepoint    ] Entering safepoint region: Cleanup
[2019-12-08T11:42:50.808+0000][1][safepoint    ] Leaving safepoint region
[2019-12-08T11:42:50.808+0000][1][safepoint    ] Total time for which application threads were stopped: 0.0000985 seconds, Stopping threads took: 0.0000326 seconds
[2019-12-08T11:42:51.808+0000][1][safepoint    ] Application time: 1.0000775 seconds
[2019-12-08T11:42:51.808+0000][1][safepoint    ] Entering safepoint region: Cleanup
[2019-12-08T11:42:51.808+0000][1][safepoint    ] Leaving safepoint region
[2019-12-08T11:42:51.808+0000][1][safepoint    ] Total time for which application threads were stopped: 0.0000748 seconds, Stopping threads took: 0.0000164 seconds
[2019-12-08T11:42:52.808+0000][1][safepoint    ] Application time: 1.0000764 seconds
[2019-12-08T11:42:52.808+0000][1][safepoint    ] Entering safepoint region: Cleanup
[2019-12-08T11:42:52.808+0000][1][safepoint    ] Leaving safepoint region
[2019-12-08T11:42:52.808+0000][1][safepoint    ] Total time for which application threads were stopped: 0.0000792 seconds, Stopping threads took: 0.0000173 seconds
[2019-12-08T11:42:53.808+0000][1][safepoint    ] Application time: 1.0000769 seconds
[2019-12-08T11:42:53.808+0000][1][safepoint    ] Entering safepoint region: Cleanup
[2019-12-08T11:42:53.808+0000][1][safepoint    ] Leaving safepoint region
[2019-12-08T11:42:53.808+0000][1][safepoint    ] Total time for which application threads were stopped: 0.0000806 seconds, Stopping threads took: 0.0000225 seconds
[2019-12-08T11:42:54.808+0000][1][safepoint    ] Application time: 1.0000775 seconds
[2019-12-08T11:42:54.808+0000][1][safepoint    ] Entering safepoint region: Cleanup
[2019-12-08T11:42:54.809+0000][1][safepoint    ] Leaving safepoint region
[2019-12-08T11:42:54.809+0000][1][safepoint    ] Total time for which application threads were stopped: 0.0000876 seconds, Stopping threads took: 0.0000261 seconds
[2019-12-08T11:42:55.809+0000][1][safepoint    ] Application time: 1.0000765 seconds
[2019-12-08T11:42:55.809+0000][1][safepoint    ] Entering safepoint region: Cleanup
[2019-12-08T11:42:55.809+0000][1][safepoint    ] Leaving safepoint region
[2019-12-08T11:42:55.809+0000][1][safepoint    ] Total time for which application threads were stopped: 0.0000910 seconds, Stopping threads took: 0.0000184 seconds
[2019-12-08T11:42:56.809+0000][1][safepoint    ] Application time: 1.0000827 seconds
[2019-12-08T11:42:56.809+0000][1][safepoint    ] Entering safepoint region: Cleanup
[2019-12-08T11:42:56.809+0000][1][safepoint    ] Leaving safepoint region
[2019-12-08T11:42:56.809+0000][1][safepoint    ] Total time for which application threads were stopped: 0.0000819 seconds, Stopping threads took: 0.0000183 seconds
[2019-12-08T11:42:57.809+0000][1][safepoint    ] Application time: 1.0000789 seconds
[2019-12-08T11:42:57.809+0000][1][safepoint    ] Entering safepoint region: Cleanup
[2019-12-08T11:42:57.809+0000][1][safepoint    ] Leaving safepoint region
[2019-12-08T11:42:57.809+0000][1][safepoint    ] Total time for which application threads were stopped: 0.0000844 seconds, Stopping threads took: 0.0000238 seconds
[2019-12-08T11:42:58.809+0000][1][safepoint    ] Application time: 1.0000713 seconds
[2019-12-08T11:42:58.809+0000][1][safepoint    ] Entering safepoint region: Cleanup
[2019-12-08T11:42:58.809+0000][1][safepoint    ] Leaving safepoint region
[2019-12-08T11:42:58.809+0000][1][safepoint    ] Total time for which application threads were stopped: 0.0000792 seconds, Stopping threads took: 0.0000174 seconds
[2019-12-08T11:42:59.809+0000][1][safepoint    ] Application time: 1.0000781 seconds
[2019-12-08T11:42:59.809+0000][1][safepoint    ] Entering safepoint region: Cleanup
[2019-12-08T11:42:59.810+0000][1][safepoint    ] Leaving safepoint region
[2019-12-08T11:42:59.810+0000][1][safepoint    ] Total time for which application threads were stopped: 0.0000764 seconds, Stopping threads took: 0.0000168 seconds
[2019-12-08T11:43:00.810+0000][1][safepoint    ] Application time: 1.0000819 seconds
[2019-12-08T11:43:00.810+0000][1][safepoint    ] Entering safepoint region: Cleanup
[2019-12-08T11:43:00.810+0000][1][safepoint    ] Leaving safepoint region
[2019-12-08T11:43:00.810+0000][1][safepoint    ] Total time for which application threads were stopped: 0.0000965 seconds, Stopping threads took: 0.0000180 seconds
[2019-12-08T11:43:01.810+0000][1][safepoint    ] Application time: 1.0000894 seconds
[2019-12-08T11:43:01.810+0000][1][safepoint    ] Entering safepoint region: Cleanup
[2019-12-08T11:43:01.810+0000][1][safepoint    ] Leaving safepoint region
[2019-12-08T11:43:01.810+0000][1][safepoint    ] Total time for which application threads were stopped: 0.0001326 seconds, Stopping threads took: 0.0000313 seconds
[2019-12-08T11:43:02.810+0000][1][safepoint    ] Application time: 1.0000808 seconds
[2019-12-08T11:43:02.810+0000][1][safepoint    ] Entering safepoint region: Cleanup
[2019-12-08T11:43:02.810+0000][1][safepoint    ] Leaving safepoint region
[2019-12-08T11:43:02.810+0000][1][safepoint    ] Total time for which application threads were stopped: 0.0000803 seconds, Stopping threads took: 0.0000182 seconds
[2019-12-08T11:43:03.810+0000][1][safepoint    ] Application time: 1.0000773 seconds
[2019-12-08T11:43:03.810+0000][1][safepoint    ] Entering safepoint region: Cleanup
[2019-12-08T11:43:03.810+0000][1][safepoint    ] Leaving safepoint region
[2019-12-08T11:43:03.810+0000][1][safepoint    ] Total time for which application threads were stopped: 0.0000768 seconds, Stopping threads took: 0.0000169 seconds
[2019-12-08T11:43:04.811+0000][1][safepoint    ] Application time: 1.0000825 seconds
[2019-12-08T11:43:04.811+0000][1][safepoint    ] Entering safepoint region: Cleanup
[2019-12-08T11:43:04.811+0000][1][safepoint    ] Leaving safepoint region
[2019-12-08T11:43:04.811+0000][1][safepoint    ] Total time for which application threads were stopped: 0.0000906 seconds, Stopping threads took: 0.0000275 seconds
[2019-12-08T11:43:05.811+0000][1][safepoint    ] Application time: 1.0000814 seconds
[2019-12-08T11:43:05.811+0000][1][safepoint    ] Entering safepoint region: Cleanup
[2019-12-08T11:43:05.811+0000][1][safepoint    ] Leaving safepoint region
[2019-12-08T11:43:05.811+0000][1][safepoint    ] Total time for which application threads were stopped: 0.0000954 seconds, Stopping threads took: 0.0000344 seconds
[2019-12-08T11:43:06.811+0000][1][safepoint    ] Application time: 1.0000782 seconds
[2019-12-08T11:43:06.811+0000][1][safepoint    ] Entering safepoint region: Cleanup
[2019-12-08T11:43:06.811+0000][1][safepoint    ] Leaving safepoint region
[2019-12-08T11:43:06.811+0000][1][safepoint    ] Total time for which application threads were stopped: 0.0000801 seconds, Stopping threads took: 0.0000182 seconds
[2019-12-08T11:43:07.811+0000][1][safepoint    ] Application time: 1.0000794 seconds
[2019-12-08T11:43:07.811+0000][1][safepoint    ] Entering safepoint region: Cleanup
[2019-12-08T11:43:07.811+0000][1][safepoint    ] Leaving safepoint region
[2019-12-08T11:43:07.811+0000][1][safepoint    ] Total time for which application threads were stopped: 0.0000804 seconds, Stopping threads took: 0.0000186 seconds
[2019-12-08T11:43:08.811+0000][1][safepoint    ] Application time: 1.0000783 seconds
[2019-12-08T11:43:08.811+0000][1][safepoint    ] Entering safepoint region: Cleanup
[2019-12-08T11:43:08.811+0000][1][safepoint    ] Leaving safepoint region
[2019-12-08T11:43:08.811+0000][1][safepoint    ] Total time for which application threads were stopped: 0.0000793 seconds, Stopping threads took: 0.0000200 seconds
[2019-12-08T11:43:09.812+0000][1][safepoint    ] Application time: 1.0000767 seconds
[2019-12-08T11:43:09.812+0000][1][safepoint    ] Entering safepoint region: Cleanup
[2019-12-08T11:43:09.812+0000][1][safepoint    ] Leaving safepoint region
[2019-12-08T11:43:09.812+0000][1][safepoint    ] Total time for which application threads were stopped: 0.0000818 seconds, Stopping threads took: 0.0000178 seconds
[2019-12-08T11:43:10.812+0000][1][safepoint    ] Application time: 1.0000763 seconds
[2019-12-08T11:43:10.812+0000][1][safepoint    ] Entering safepoint region: Cleanup
[2019-12-08T11:43:10.812+0000][1][safepoint    ] Leaving safepoint region
[2019-12-08T11:43:10.812+0000][1][safepoint    ] Total time for which application threads were stopped: 0.0000825 seconds, Stopping threads took: 0.0000186 seconds
[2019-12-08T11:43:11.812+0000][1][safepoint    ] Application time: 1.0000764 seconds
[2019-12-08T11:43:11.812+0000][1][safepoint    ] Entering safepoint region: Cleanup
[2019-12-08T11:43:11.812+0000][1][safepoint    ] Leaving safepoint region
[2019-12-08T11:43:11.812+0000][1][safepoint    ] Total time for which application threads were stopped: 0.0000770 seconds, Stopping threads took: 0.0000173 seconds
[2019-12-08T11:43:12.812+0000][1][safepoint    ] Application time: 1.0000781 seconds
[2019-12-08T11:43:12.812+0000][1][safepoint    ] Entering safepoint region: Cleanup
[2019-12-08T11:43:12.812+0000][1][safepoint    ] Leaving safepoint region
[2019-12-08T11:43:12.812+0000][1][safepoint    ] Total time for which application threads were stopped: 0.0000784 seconds, Stopping threads took: 0.0000166 seconds
[2019-12-08T11:43:13.812+0000][1][safepoint    ] Application time: 1.0000777 seconds
[2019-12-08T11:43:13.812+0000][1][safepoint    ] Entering safepoint region: Cleanup
[2019-12-08T11:43:13.812+0000][1][safepoint    ] Leaving safepoint region
[2019-12-08T11:43:13.812+0000][1][safepoint    ] Total time for which application threads were stopped: 0.0000785 seconds, Stopping threads took: 0.0000181 seconds
[2019-12-08T11:43:14.813+0000][1][safepoint    ] Application time: 1.0000804 seconds
[2019-12-08T11:43:14.813+0000][1][safepoint    ] Entering safepoint region: Cleanup
[2019-12-08T11:43:14.813+0000][1][safepoint    ] Leaving safepoint region
[2019-12-08T11:43:14.813+0000][1][safepoint    ] Total time for which application threads were stopped: 0.0000884 seconds, Stopping threads took: 0.0000185 seconds
[2019-12-08T11:43:15.813+0000][1][safepoint    ] Application time: 1.0000762 seconds
[2019-12-08T11:43:15.813+0000][1][safepoint    ] Entering safepoint region: Cleanup
[2019-12-08T11:43:15.813+0000][1][safepoint    ] Leaving safepoint region
[2019-12-08T11:43:15.813+0000][1][safepoint    ] Total time for which application threads were stopped: 0.0000783 seconds, Stopping threads took: 0.0000177 seconds
[2019-12-08T11:43:16.813+0000][1][safepoint    ] Application time: 1.0000746 seconds
[2019-12-08T11:43:16.813+0000][1][safepoint    ] Entering safepoint region: Cleanup
[2019-12-08T11:43:16.813+0000][1][safepoint    ] Leaving safepoint region
[2019-12-08T11:43:16.813+0000][1][safepoint    ] Total time for which application threads were stopped: 0.0000749 seconds, Stopping threads took: 0.0000173 seconds
[2019-12-08T11:43:17.813+0000][1][safepoint    ] Application time: 1.0000755 seconds
[2019-12-08T11:43:17.813+0000][1][safepoint    ] Entering safepoint region: Cleanup
[2019-12-08T11:43:17.813+0000][1][safepoint    ] Leaving safepoint region
[2019-12-08T11:43:17.813+0000][1][safepoint    ] Total time for which application threads were stopped: 0.0000779 seconds, Stopping threads took: 0.0000172 seconds
[2019-12-08T11:43:18.813+0000][1][safepoint    ] Application time: 1.0000777 seconds
[2019-12-08T11:43:18.813+0000][1][safepoint    ] Entering safepoint region: Cleanup
[2019-12-08T11:43:18.813+0000][1][safepoint    ] Leaving safepoint region
[2019-12-08T11:43:18.813+0000][1][safepoint    ] Total time for which application threads were stopped: 0.0000768 seconds, Stopping threads took: 0.0000173 seconds
[2019-12-08T11:43:19.813+0000][1][safepoint    ] Application time: 1.0000756 seconds
[2019-12-08T11:43:19.814+0000][1][safepoint    ] Entering safepoint region: Cleanup
[2019-12-08T11:43:19.814+0000][1][safepoint    ] Leaving safepoint region
[2019-12-08T11:43:19.814+0000][1][safepoint    ] Total time for which application threads were stopped: 0.0000778 seconds, Stopping threads took: 0.0000169 seconds
[2019-12-08T11:43:20.822+0000][1][safepoint    ] Application time: 1.0088253 seconds
[2019-12-08T11:43:20.822+0000][1][safepoint    ] Entering safepoint region: Cleanup
[2019-12-08T11:43:20.823+0000][1][safepoint    ] Leaving safepoint region
[2019-12-08T11:43:20.823+0000][1][safepoint    ] Total time for which application threads were stopped: 0.0001203 seconds, Stopping threads took: 0.0000157 seconds
[2019-12-08T11:43:21.823+0000][1][safepoint    ] Application time: 1.0000781 seconds
[2019-12-08T11:43:21.823+0000][1][safepoint    ] Entering safepoint region: Cleanup
[2019-12-08T11:43:21.823+0000][1][safepoint    ] Leaving safepoint region
[2019-12-08T11:43:21.823+0000][1][safepoint    ] Total time for which application threads were stopped: 0.0000793 seconds, Stopping threads took: 0.0000209 seconds
[2019-12-08T11:43:22.823+0000][1][safepoint    ] Application time: 1.0000763 seconds
[2019-12-08T11:43:22.823+0000][1][safepoint    ] Entering safepoint region: Cleanup
[2019-12-08T11:43:22.823+0000][1][safepoint    ] Leaving safepoint region
[2019-12-08T11:43:22.823+0000][1][safepoint    ] Total time for which application threads were stopped: 0.0000792 seconds, Stopping threads took: 0.0000184 seconds
[2019-12-08T11:43:23.823+0000][1][safepoint    ] Application time: 1.0000758 seconds
[2019-12-08T11:43:23.823+0000][1][safepoint    ] Entering safepoint region: Cleanup
[2019-12-08T11:43:23.823+0000][1][safepoint    ] Leaving safepoint region
[2019-12-08T11:43:23.823+0000][1][safepoint    ] Total time for which application threads were stopped: 0.0000800 seconds, Stopping threads took: 0.0000171 seconds
[2019-12-08T11:43:24.823+0000][1][safepoint    ] Application time: 1.0000753 seconds
[2019-12-08T11:43:24.823+0000][1][safepoint    ] Entering safepoint region: Cleanup
[2019-12-08T11:43:24.823+0000][1][safepoint    ] Leaving safepoint region
[2019-12-08T11:43:24.823+0000][1][safepoint    ] Total time for which application threads were stopped: 0.0000840 seconds, Stopping threads took: 0.0000161 seconds
[2019-12-08T11:43:25.823+0000][1][safepoint    ] Application time: 1.0000827 seconds
[2019-12-08T11:43:25.824+0000][1][safepoint    ] Entering safepoint region: Cleanup
[2019-12-08T11:43:25.824+0000][1][safepoint    ] Leaving safepoint region
[2019-12-08T11:43:25.824+0000][1][safepoint    ] Total time for which application threads were stopped: 0.0000827 seconds, Stopping threads took: 0.0000217 seconds
[2019-12-08T11:43:26.824+0000][1][safepoint    ] Application time: 1.0000883 seconds
[2019-12-08T11:43:26.824+0000][1][safepoint    ] Entering safepoint region: Cleanup
[2019-12-08T11:43:26.824+0000][1][safepoint    ] Leaving safepoint region
[2019-12-08T11:43:26.824+0000][1][safepoint    ] Total time for which application threads were stopped: 0.0001140 seconds, Stopping threads took: 0.0000526 seconds
[2019-12-08T11:43:27.824+0000][1][safepoint    ] Application time: 1.0000834 seconds
[2019-12-08T11:43:27.824+0000][1][safepoint    ] Entering safepoint region: Cleanup
[2019-12-08T11:43:27.824+0000][1][safepoint    ] Leaving safepoint region
[2019-12-08T11:43:27.824+0000][1][safepoint    ] Total time for which application threads were stopped: 0.0000829 seconds, Stopping threads took: 0.0000181 seconds
[2019-12-08T11:43:28.824+0000][1][safepoint    ] Application time: 1.0000760 seconds
[2019-12-08T11:43:28.824+0000][1][safepoint    ] Entering safepoint region: Cleanup
[2019-12-08T11:43:28.824+0000][1][safepoint    ] Leaving safepoint region
[2019-12-08T11:43:28.824+0000][1][safepoint    ] Total time for which application threads were stopped: 0.0000750 seconds, Stopping threads took: 0.0000167 seconds
[2019-12-08T11:43:29.824+0000][1][safepoint    ] Application time: 1.0000767 seconds
[2019-12-08T11:43:29.824+0000][1][safepoint    ] Entering safepoint region: Cleanup
[2019-12-08T11:43:29.824+0000][1][safepoint    ] Leaving safepoint region
[2019-12-08T11:43:29.824+0000][1][safepoint    ] Total time for which application threads were stopped: 0.0000808 seconds, Stopping threads took: 0.0000180 seconds
[2019-12-08T11:43:30.825+0000][1][safepoint    ] Application time: 1.0000783 seconds
[2019-12-08T11:43:30.825+0000][1][safepoint    ] Entering safepoint region: Cleanup
[2019-12-08T11:43:30.825+0000][1][safepoint    ] Leaving safepoint region
[2019-12-08T11:43:30.825+0000][1][safepoint    ] Total time for which application threads were stopped: 0.0000786 seconds, Stopping threads took: 0.0000173 seconds
[2019-12-08T11:43:31.825+0000][1][safepoint    ] Application time: 1.0000834 seconds
[2019-12-08T11:43:31.825+0000][1][safepoint    ] Entering safepoint region: Cleanup
[2019-12-08T11:43:31.825+0000][1][safepoint    ] Leaving safepoint region
[2019-12-08T11:43:31.825+0000][1][safepoint    ] Total time for which application threads were stopped: 0.0000934 seconds, Stopping threads took: 0.0000214 seconds
[2019-12-08T11:43:32.825+0000][1][safepoint    ] Application time: 1.0000869 seconds
[2019-12-08T11:43:32.825+0000][1][safepoint    ] Entering safepoint region: Cleanup
[2019-12-08T11:43:32.825+0000][1][safepoint    ] Leaving safepoint region
[2019-12-08T11:43:32.825+0000][1][safepoint    ] Total time for which application threads were stopped: 0.0000838 seconds, Stopping threads took: 0.0000178 seconds
[2019-12-08T11:43:33.825+0000][1][safepoint    ] Application time: 1.0000800 seconds
[2019-12-08T11:43:33.825+0000][1][safepoint    ] Entering safepoint region: Cleanup
[2019-12-08T11:43:33.825+0000][1][safepoint    ] Leaving safepoint region
[2019-12-08T11:43:33.825+0000][1][safepoint    ] Total time for which application threads were stopped: 0.0000812 seconds, Stopping threads took: 0.0000189 seconds
[2019-12-08T11:43:34.825+0000][1][safepoint    ] Application time: 1.0000773 seconds
[2019-12-08T11:43:34.825+0000][1][safepoint    ] Entering safepoint region: Cleanup
[2019-12-08T11:43:34.825+0000][1][safepoint    ] Leaving safepoint region
[2019-12-08T11:43:34.825+0000][1][safepoint    ] Total time for which application threads were stopped: 0.0000875 seconds, Stopping threads took: 0.0000182 seconds
[2019-12-08T11:43:35.826+0000][1][safepoint    ] Application time: 1.0000790 seconds
[2019-12-08T11:43:35.826+0000][1][safepoint    ] Entering safepoint region: Cleanup
[2019-12-08T11:43:35.826+0000][1][safepoint    ] Leaving safepoint region
[2019-12-08T11:43:35.826+0000][1][safepoint    ] Total time for which application threads were stopped: 0.0000799 seconds, Stopping threads took: 0.0000192 seconds
[2019-12-08T11:43:36.826+0000][1][safepoint    ] Application time: 1.0000737 seconds
[2019-12-08T11:43:36.826+0000][1][safepoint    ] Entering safepoint region: Cleanup
[2019-12-08T11:43:36.826+0000][1][safepoint    ] Leaving safepoint region
[2019-12-08T11:43:36.826+0000][1][safepoint    ] Total time for which application threads were stopped: 0.0000754 seconds, Stopping threads took: 0.0000170 seconds
[2019-12-08T11:43:37.826+0000][1][safepoint    ] Application time: 1.0000780 seconds
[2019-12-08T11:43:37.826+0000][1][safepoint    ] Entering safepoint region: Cleanup
[2019-12-08T11:43:37.826+0000][1][safepoint    ] Leaving safepoint region
[2019-12-08T11:43:37.826+0000][1][safepoint    ] Total time for which application threads were stopped: 0.0000822 seconds, Stopping threads took: 0.0000172 seconds
[2019-12-08T11:43:38.826+0000][1][safepoint    ] Application time: 1.0000781 seconds
[2019-12-08T11:43:38.826+0000][1][safepoint    ] Entering safepoint region: Cleanup
[2019-12-08T11:43:38.826+0000][1][safepoint    ] Leaving safepoint region
[2019-12-08T11:43:38.826+0000][1][safepoint    ] Total time for which application threads were stopped: 0.0000761 seconds, Stopping threads took: 0.0000173 seconds
[2019-12-08T11:43:39.826+0000][1][safepoint    ] Application time: 1.0000748 seconds
[2019-12-08T11:43:39.826+0000][1][safepoint    ] Entering safepoint region: Cleanup
[2019-12-08T11:43:39.826+0000][1][safepoint    ] Leaving safepoint region
[2019-12-08T11:43:39.826+0000][1][safepoint    ] Total time for which application threads were stopped: 0.0000760 seconds, Stopping threads took: 0.0000174 seconds
[2019-12-08T11:43:40.826+0000][1][safepoint    ] Application time: 1.0000776 seconds
[2019-12-08T11:43:40.826+0000][1][safepoint    ] Entering safepoint region: Cleanup
[2019-12-08T11:43:40.827+0000][1][safepoint    ] Leaving safepoint region
[2019-12-08T11:43:40.827+0000][1][safepoint    ] Total time for which application threads were stopped: 0.0000772 seconds, Stopping threads took: 0.0000183 seconds
[2019-12-08T11:43:41.827+0000][1][safepoint    ] Application time: 1.0000754 seconds
[2019-12-08T11:43:41.827+0000][1][safepoint    ] Entering safepoint region: Cleanup
[2019-12-08T11:43:41.827+0000][1][safepoint    ] Leaving safepoint region
[2019-12-08T11:43:41.827+0000][1][safepoint    ] Total time for which application threads were stopped: 0.0000894 seconds, Stopping threads took: 0.0000190 seconds
[2019-12-08T11:43:42.827+0000][1][safepoint    ] Application time: 1.0000753 seconds
[2019-12-08T11:43:42.827+0000][1][safepoint    ] Entering safepoint region: Cleanup
[2019-12-08T11:43:42.827+0000][1][safepoint    ] Leaving safepoint region
[2019-12-08T11:43:42.827+0000][1][safepoint    ] Total time for which application threads were stopped: 0.0000800 seconds, Stopping threads took: 0.0000152 seconds
[2019-12-08T11:43:43.827+0000][1][safepoint    ] Application time: 1.0000762 seconds
[2019-12-08T11:43:43.827+0000][1][safepoint    ] Entering safepoint region: Cleanup
[2019-12-08T11:43:43.827+0000][1][safepoint    ] Leaving safepoint region
[2019-12-08T11:43:43.827+0000][1][safepoint    ] Total time for which application threads were stopped: 0.0000746 seconds, Stopping threads took: 0.0000174 seconds
[2019-12-08T11:43:44.827+0000][1][safepoint    ] Application time: 1.0000762 seconds
[2019-12-08T11:43:44.827+0000][1][safepoint    ] Entering safepoint region: Cleanup
[2019-12-08T11:43:44.827+0000][1][safepoint    ] Leaving safepoint region
[2019-12-08T11:43:44.827+0000][1][safepoint    ] Total time for which application threads were stopped: 0.0000732 seconds, Stopping threads took: 0.0000162 seconds
[2019-12-08T11:43:45.827+0000][1][safepoint    ] Application time: 1.0000763 seconds
[2019-12-08T11:43:45.827+0000][1][safepoint    ] Entering safepoint region: Cleanup
[2019-12-08T11:43:45.827+0000][1][safepoint    ] Leaving safepoint region
[2019-12-08T11:43:45.827+0000][1][safepoint    ] Total time for which application threads were stopped: 0.0000758 seconds, Stopping threads took: 0.0000193 seconds
[2019-12-08T11:43:46.828+0000][1][safepoint    ] Application time: 1.0000762 seconds
[2019-12-08T11:43:46.828+0000][1][safepoint    ] Entering safepoint region: Cleanup
[2019-12-08T11:43:46.828+0000][1][safepoint    ] Leaving safepoint region
[2019-12-08T11:43:46.828+0000][1][safepoint    ] Total time for which application threads were stopped: 0.0000755 seconds, Stopping threads took: 0.0000173 seconds
[2019-12-08T11:43:47.828+0000][1][safepoint    ] Application time: 1.0000852 seconds
[2019-12-08T11:43:47.828+0000][1][safepoint    ] Entering safepoint region: Cleanup
[2019-12-08T11:43:47.828+0000][1][safepoint    ] Leaving safepoint region
[2019-12-08T11:43:47.828+0000][1][safepoint    ] Total time for which application threads were stopped: 0.0000769 seconds, Stopping threads took: 0.0000187 seconds
[2019-12-08T11:43:48.828+0000][1][safepoint    ] Application time: 1.0000907 seconds
[2019-12-08T11:43:48.828+0000][1][safepoint    ] Entering safepoint region: Cleanup
[2019-12-08T11:43:48.828+0000][1][safepoint    ] Leaving safepoint region
[2019-12-08T11:43:48.828+0000][1][safepoint    ] Total time for which application threads were stopped: 0.0000858 seconds, Stopping threads took: 0.0000183 seconds
[2019-12-08T11:43:49.828+0000][1][safepoint    ] Application time: 1.0001028 seconds
[2019-12-08T11:43:49.828+0000][1][safepoint    ] Entering safepoint region: Cleanup
[2019-12-08T11:43:49.828+0000][1][safepoint    ] Leaving safepoint region
[2019-12-08T11:43:49.828+0000][1][safepoint    ] Total time for which application threads were stopped: 0.0000859 seconds, Stopping threads took: 0.0000202 seconds
[2019-12-08T11:43:50.828+0000][1][safepoint    ] Application time: 1.0000814 seconds
[2019-12-08T11:43:50.828+0000][1][safepoint    ] Entering safepoint region: Cleanup
[2019-12-08T11:43:50.829+0000][1][safepoint    ] Leaving safepoint region
[2019-12-08T11:43:50.829+0000][1][safepoint    ] Total time for which application threads were stopped: 0.0000809 seconds, Stopping threads took: 0.0000171 seconds
[2019-12-08T11:43:51.829+0000][1][safepoint    ] Application time: 1.0000748 seconds
[2019-12-08T11:43:51.829+0000][1][safepoint    ] Entering safepoint region: Cleanup
[2019-12-08T11:43:51.829+0000][1][safepoint    ] Leaving safepoint region
[2019-12-08T11:43:51.829+0000][1][safepoint    ] Total time for which application threads were stopped: 0.0000822 seconds, Stopping threads took: 0.0000167 seconds
[2019-12-08T11:43:52.829+0000][1][safepoint    ] Application time: 1.0000761 seconds
[2019-12-08T11:43:52.829+0000][1][safepoint    ] Entering safepoint region: Cleanup
[2019-12-08T11:43:52.829+0000][1][safepoint    ] Leaving safepoint region
[2019-12-08T11:43:52.829+0000][1][safepoint    ] Total time for which application threads were stopped: 0.0000851 seconds, Stopping threads took: 0.0000199 seconds
[2019-12-08T11:43:53.829+0000][1][safepoint    ] Application time: 1.0000571 seconds
[2019-12-08T11:43:53.829+0000][1][safepoint    ] Entering safepoint region: Cleanup
[2019-12-08T11:43:53.829+0000][1][safepoint    ] Leaving safepoint region
[2019-12-08T11:43:53.829+0000][1][safepoint    ] Total time for which application threads were stopped: 0.0001138 seconds, Stopping threads took: 0.0000267 seconds
[2019-12-08T11:43:54.829+0000][1][safepoint    ] Application time: 1.0000848 seconds
[2019-12-08T11:43:54.829+0000][1][safepoint    ] Entering safepoint region: Cleanup
[2019-12-08T11:43:54.829+0000][1][safepoint    ] Leaving safepoint region
[2019-12-08T11:43:54.829+0000][1][safepoint    ] Total time for which application threads were stopped: 0.0000891 seconds, Stopping threads took: 0.0000276 seconds
[2019-12-08T11:43:55.829+0000][1][safepoint    ] Application time: 1.0000882 seconds
[2019-12-08T11:43:55.829+0000][1][safepoint    ] Entering safepoint region: Cleanup
[2019-12-08T11:43:55.830+0000][1][safepoint    ] Leaving safepoint region
[2019-12-08T11:43:55.830+0000][1][safepoint    ] Total time for which application threads were stopped: 0.0000821 seconds, Stopping threads took: 0.0000190 seconds
[2019-12-08T11:43:56.830+0000][1][safepoint    ] Application time: 1.0000746 seconds
[2019-12-08T11:43:56.830+0000][1][safepoint    ] Entering safepoint region: Cleanup
[2019-12-08T11:43:56.830+0000][1][safepoint    ] Leaving safepoint region
[2019-12-08T11:43:56.830+0000][1][safepoint    ] Total time for which application threads were stopped: 0.0000838 seconds, Stopping threads took: 0.0000250 seconds
[2019-12-08T11:43:57.830+0000][1][safepoint    ] Application time: 1.0000740 seconds
[2019-12-08T11:43:57.830+0000][1][safepoint    ] Entering safepoint region: Cleanup
[2019-12-08T11:43:57.830+0000][1][safepoint    ] Leaving safepoint region
[2019-12-08T11:43:57.830+0000][1][safepoint    ] Total time for which application threads were stopped: 0.0000854 seconds, Stopping threads took: 0.0000219 seconds
[2019-12-08T11:43:58.830+0000][1][safepoint    ] Application time: 1.0000774 seconds
[2019-12-08T11:43:58.830+0000][1][safepoint    ] Entering safepoint region: Cleanup
[2019-12-08T11:43:58.830+0000][1][safepoint    ] Leaving safepoint region
[2019-12-08T11:43:58.830+0000][1][safepoint    ] Total time for which application threads were stopped: 0.0000754 seconds, Stopping threads took: 0.0000166 seconds
[2019-12-08T11:43:59.830+0000][1][safepoint    ] Application time: 1.0000763 seconds
[2019-12-08T11:43:59.830+0000][1][safepoint    ] Entering safepoint region: Cleanup
[2019-12-08T11:43:59.830+0000][1][safepoint    ] Leaving safepoint region
[2019-12-08T11:43:59.830+0000][1][safepoint    ] Total time for which application threads were stopped: 0.0000764 seconds, Stopping threads took: 0.0000183 seconds
[2019-12-08T11:44:00.830+0000][1][safepoint    ] Application time: 1.0000771 seconds
[2019-12-08T11:44:00.830+0000][1][safepoint    ] Entering safepoint region: Cleanup
[2019-12-08T11:44:00.830+0000][1][safepoint    ] Leaving safepoint region
[2019-12-08T11:44:00.830+0000][1][safepoint    ] Total time for which application threads were stopped: 0.0000814 seconds, Stopping threads took: 0.0000170 seconds
[2019-12-08T11:44:01.831+0000][1][safepoint    ] Application time: 1.0000752 seconds
[2019-12-08T11:44:01.831+0000][1][safepoint    ] Entering safepoint region: Cleanup
[2019-12-08T11:44:01.831+0000][1][safepoint    ] Leaving safepoint region
[2019-12-08T11:44:01.831+0000][1][safepoint    ] Total time for which application threads were stopped: 0.0000780 seconds, Stopping threads took: 0.0000180 seconds
[2019-12-08T11:44:02.831+0000][1][safepoint    ] Application time: 1.0001055 seconds
[2019-12-08T11:44:02.831+0000][1][safepoint    ] Entering safepoint region: Cleanup
[2019-12-08T11:44:02.831+0000][1][safepoint    ] Leaving safepoint region
[2019-12-08T11:44:02.831+0000][1][safepoint    ] Total time for which application threads were stopped: 0.0000872 seconds, Stopping threads took: 0.0000196 seconds
[2019-12-08T11:44:03.831+0000][1][safepoint    ] Application time: 1.0000825 seconds
[2019-12-08T11:44:03.831+0000][1][safepoint    ] Entering safepoint region: Cleanup
[2019-12-08T11:44:03.831+0000][1][safepoint    ] Leaving safepoint region
[2019-12-08T11:44:03.831+0000][1][safepoint    ] Total time for which application threads were stopped: 0.0000833 seconds, Stopping threads took: 0.0000182 seconds
[2019-12-08T11:44:04.831+0000][1][safepoint    ] Application time: 1.0000809 seconds
[2019-12-08T11:44:04.831+0000][1][safepoint    ] Entering safepoint region: Cleanup
[2019-12-08T11:44:04.831+0000][1][safepoint    ] Leaving safepoint region
[2019-12-08T11:44:04.831+0000][1][safepoint    ] Total time for which application threads were stopped: 0.0000877 seconds, Stopping threads took: 0.0000195 seconds
[2019-12-08T11:44:05.831+0000][1][safepoint    ] Application time: 1.0000798 seconds
[2019-12-08T11:44:05.831+0000][1][safepoint    ] Entering safepoint region: Cleanup
[2019-12-08T11:44:05.832+0000][1][safepoint    ] Leaving safepoint region
[2019-12-08T11:44:05.832+0000][1][safepoint    ] Total time for which application threads were stopped: 0.0000846 seconds, Stopping threads took: 0.0000197 seconds
[2019-12-08T11:44:06.832+0000][1][safepoint    ] Application time: 1.0000821 seconds
[2019-12-08T11:44:06.832+0000][1][safepoint    ] Entering safepoint region: Cleanup
[2019-12-08T11:44:06.832+0000][1][safepoint    ] Leaving safepoint region
[2019-12-08T11:44:06.832+0000][1][safepoint    ] Total time for which application threads were stopped: 0.0000979 seconds, Stopping threads took: 0.0000190 seconds
[2019-12-08T11:44:07.832+0000][1][safepoint    ] Application time: 1.0000820 seconds
[2019-12-08T11:44:07.832+0000][1][safepoint    ] Entering safepoint region: Cleanup
[2019-12-08T11:44:07.832+0000][1][safepoint    ] Leaving safepoint region
[2019-12-08T11:44:07.832+0000][1][safepoint    ] Total time for which application threads were stopped: 0.0000903 seconds, Stopping threads took: 0.0000172 seconds
[2019-12-08T11:44:08.832+0000][1][safepoint    ] Application time: 1.0000820 seconds
[2019-12-08T11:44:08.832+0000][1][safepoint    ] Entering safepoint region: Cleanup
[2019-12-08T11:44:08.832+0000][1][safepoint    ] Leaving safepoint region
[2019-12-08T11:44:08.832+0000][1][safepoint    ] Total time for which application threads were stopped: 0.0000781 seconds, Stopping threads took: 0.0000182 seconds
[2019-12-08T11:44:09.832+0000][1][safepoint    ] Application time: 1.0000802 seconds
[2019-12-08T11:44:09.832+0000][1][safepoint    ] Entering safepoint region: Cleanup
[2019-12-08T11:44:09.832+0000][1][safepoint    ] Leaving safepoint region
[2019-12-08T11:44:09.832+0000][1][safepoint    ] Total time for which application threads were stopped: 0.0000793 seconds, Stopping threads took: 0.0000193 seconds
[2019-12-08T11:44:10.832+0000][1][safepoint    ] Application time: 1.0000795 seconds
[2019-12-08T11:44:10.832+0000][1][safepoint    ] Entering safepoint region: Cleanup
[2019-12-08T11:44:10.833+0000][1][safepoint    ] Leaving safepoint region
[2019-12-08T11:44:10.833+0000][1][safepoint    ] Total time for which application threads were stopped: 0.0000789 seconds, Stopping threads took: 0.0000190 seconds
[2019-12-08T11:44:11.833+0000][1][safepoint    ] Application time: 1.0000788 seconds
[2019-12-08T11:44:11.833+0000][1][safepoint    ] Entering safepoint region: Cleanup
[2019-12-08T11:44:11.833+0000][1][safepoint    ] Leaving safepoint region
[2019-12-08T11:44:11.833+0000][1][safepoint    ] Total time for which application threads were stopped: 0.0000929 seconds, Stopping threads took: 0.0000321 seconds
[2019-12-08T11:44:12.833+0000][1][safepoint    ] Application time: 1.0000762 seconds
[2019-12-08T11:44:12.833+0000][1][safepoint    ] Entering safepoint region: Cleanup
[2019-12-08T11:44:12.833+0000][1][safepoint    ] Leaving safepoint region
[2019-12-08T11:44:12.833+0000][1][safepoint    ] Total time for which application threads were stopped: 0.0000890 seconds, Stopping threads took: 0.0000207 seconds
[2019-12-08T11:44:13.833+0000][1][safepoint    ] Application time: 1.0000831 seconds
[2019-12-08T11:44:13.833+0000][1][safepoint    ] Entering safepoint region: Cleanup
[2019-12-08T11:44:13.833+0000][1][safepoint    ] Leaving safepoint region
[2019-12-08T11:44:13.833+0000][1][safepoint    ] Total time for which application threads were stopped: 0.0000801 seconds, Stopping threads took: 0.0000192 seconds
[2019-12-08T11:44:14.833+0000][1][safepoint    ] Application time: 1.0000881 seconds
[2019-12-08T11:44:14.833+0000][1][safepoint    ] Entering safepoint region: Cleanup
[2019-12-08T11:44:14.833+0000][1][safepoint    ] Leaving safepoint region
[2019-12-08T11:44:14.833+0000][1][safepoint    ] Total time for which application threads were stopped: 0.0000793 seconds, Stopping threads took: 0.0000192 seconds
[2019-12-08T11:44:15.833+0000][1][safepoint    ] Application time: 1.0000797 seconds
[2019-12-08T11:44:15.834+0000][1][safepoint    ] Entering safepoint region: Cleanup
[2019-12-08T11:44:15.834+0000][1][safepoint    ] Leaving safepoint region
[2019-12-08T11:44:15.834+0000][1][safepoint    ] Total time for which application threads were stopped: 0.0000783 seconds, Stopping threads took: 0.0000192 seconds
[2019-12-08T11:44:16.834+0000][1][safepoint    ] Application time: 1.0000786 seconds
[2019-12-08T11:44:16.834+0000][1][safepoint    ] Entering safepoint region: Cleanup
[2019-12-08T11:44:16.834+0000][1][safepoint    ] Leaving safepoint region
[2019-12-08T11:44:16.834+0000][1][safepoint    ] Total time for which application threads were stopped: 0.0000863 seconds, Stopping threads took: 0.0000188 seconds
[2019-12-08T11:44:17.834+0000][1][safepoint    ] Application time: 1.0000796 seconds
[2019-12-08T11:44:17.834+0000][1][safepoint    ] Entering safepoint region: Cleanup
[2019-12-08T11:44:17.834+0000][1][safepoint    ] Leaving safepoint region
[2019-12-08T11:44:17.834+0000][1][safepoint    ] Total time for which application threads were stopped: 0.0000837 seconds, Stopping threads took: 0.0000179 seconds
[2019-12-08T11:44:18.834+0000][1][safepoint    ] Application time: 1.0000804 seconds
[2019-12-08T11:44:18.834+0000][1][safepoint    ] Entering safepoint region: Cleanup
[2019-12-08T11:44:18.834+0000][1][safepoint    ] Leaving safepoint region
[2019-12-08T11:44:18.834+0000][1][safepoint    ] Total time for which application threads were stopped: 0.0000802 seconds, Stopping threads took: 0.0000191 seconds
[2019-12-08T11:44:19.834+0000][1][safepoint    ] Application time: 1.0000821 seconds
[2019-12-08T11:44:19.834+0000][1][safepoint    ] Entering safepoint region: Cleanup
[2019-12-08T11:44:19.834+0000][1][safepoint    ] Leaving safepoint region
[2019-12-08T11:44:19.834+0000][1][safepoint    ] Total time for which application threads were stopped: 0.0000827 seconds, Stopping threads took: 0.0000203 seconds
[2019-12-08T11:44:20.834+0000][1][safepoint    ] Application time: 1.0000824 seconds
[2019-12-08T11:44:20.834+0000][1][safepoint    ] Entering safepoint region: Cleanup
[2019-12-08T11:44:20.835+0000][1][safepoint    ] Leaving safepoint region
[2019-12-08T11:44:20.835+0000][1][safepoint    ] Total time for which application threads were stopped: 0.0000761 seconds, Stopping threads took: 0.0000179 seconds
[2019-12-08T11:44:21.835+0000][1][safepoint    ] Application time: 1.0000789 seconds
[2019-12-08T11:44:21.835+0000][1][safepoint    ] Entering safepoint region: Cleanup
[2019-12-08T11:44:21.835+0000][1][safepoint    ] Leaving safepoint region
[2019-12-08T11:44:21.835+0000][1][safepoint    ] Total time for which application threads were stopped: 0.0000882 seconds, Stopping threads took: 0.0000286 seconds
[2019-12-08T11:44:22.835+0000][1][safepoint    ] Application time: 1.0000845 seconds
[2019-12-08T11:44:22.835+0000][1][safepoint    ] Entering safepoint region: Cleanup
[2019-12-08T11:44:22.835+0000][1][safepoint    ] Leaving safepoint region
[2019-12-08T11:44:22.835+0000][1][safepoint    ] Total time for which application threads were stopped: 0.0000858 seconds, Stopping threads took: 0.0000208 seconds
[2019-12-08T11:44:23.835+0000][1][safepoint    ] Application time: 1.0000752 seconds
[2019-12-08T11:44:23.835+0000][1][safepoint    ] Entering safepoint region: Cleanup
[2019-12-08T11:44:23.835+0000][1][safepoint    ] Leaving safepoint region
[2019-12-08T11:44:23.835+0000][1][safepoint    ] Total time for which application threads were stopped: 0.0000787 seconds, Stopping threads took: 0.0000184 seconds
[2019-12-08T11:44:24.835+0000][1][safepoint    ] Application time: 1.0000788 seconds
[2019-12-08T11:44:24.835+0000][1][safepoint    ] Entering safepoint region: Cleanup
[2019-12-08T11:44:24.835+0000][1][safepoint    ] Leaving safepoint region
[2019-12-08T11:44:24.835+0000][1][safepoint    ] Total time for which application threads were stopped: 0.0000744 seconds, Stopping threads took: 0.0000174 seconds
[2019-12-08T11:44:25.835+0000][1][safepoint    ] Application time: 1.0000781 seconds
[2019-12-08T11:44:25.835+0000][1][safepoint    ] Entering safepoint region: Cleanup
[2019-12-08T11:44:25.836+0000][1][safepoint    ] Leaving safepoint region
[2019-12-08T11:44:25.836+0000][1][safepoint    ] Total time for which application threads were stopped: 0.0000786 seconds, Stopping threads took: 0.0000185 seconds
[2019-12-08T11:44:26.836+0000][1][safepoint    ] Application time: 1.0000785 seconds
[2019-12-08T11:44:26.836+0000][1][safepoint    ] Entering safepoint region: Cleanup
[2019-12-08T11:44:26.836+0000][1][safepoint    ] Leaving safepoint region
[2019-12-08T11:44:26.836+0000][1][safepoint    ] Total time for which application threads were stopped: 0.0000891 seconds, Stopping threads took: 0.0000282 seconds
[2019-12-08T11:44:27.836+0000][1][safepoint    ] Application time: 1.0000822 seconds
[2019-12-08T11:44:27.836+0000][1][safepoint    ] Entering safepoint region: Cleanup
[2019-12-08T11:44:27.836+0000][1][safepoint    ] Leaving safepoint region
[2019-12-08T11:44:27.836+0000][1][safepoint    ] Total time for which application threads were stopped: 0.0000826 seconds, Stopping threads took: 0.0000185 seconds
[2019-12-08T11:44:28.836+0000][1][safepoint    ] Application time: 1.0000812 seconds
[2019-12-08T11:44:28.836+0000][1][safepoint    ] Entering safepoint region: Cleanup
[2019-12-08T11:44:28.836+0000][1][safepoint    ] Leaving safepoint region
[2019-12-08T11:44:28.836+0000][1][safepoint    ] Total time for which application threads were stopped: 0.0000774 seconds, Stopping threads took: 0.0000177 seconds
[2019-12-08T11:44:29.836+0000][1][safepoint    ] Application time: 1.0000824 seconds
[2019-12-08T11:44:29.836+0000][1][safepoint    ] Entering safepoint region: Cleanup
[2019-12-08T11:44:29.836+0000][1][safepoint    ] Leaving safepoint region
[2019-12-08T11:44:29.836+0000][1][safepoint    ] Total time for which application threads were stopped: 0.0000758 seconds, Stopping threads took: 0.0000176 seconds
[2019-12-08T11:44:30.836+0000][1][safepoint    ] Application time: 1.0000781 seconds
[2019-12-08T11:44:30.836+0000][1][safepoint    ] Entering safepoint region: Cleanup
[2019-12-08T11:44:30.837+0000][1][safepoint    ] Leaving safepoint region
[2019-12-08T11:44:30.837+0000][1][safepoint    ] Total time for which application threads were stopped: 0.0000768 seconds, Stopping threads took: 0.0000177 seconds
[2019-12-08T11:44:31.837+0000][1][safepoint    ] Application time: 1.0000762 seconds
[2019-12-08T11:44:31.837+0000][1][safepoint    ] Entering safepoint region: Cleanup
[2019-12-08T11:44:31.837+0000][1][safepoint    ] Leaving safepoint region
[2019-12-08T11:44:31.837+0000][1][safepoint    ] Total time for which application threads were stopped: 0.0000881 seconds, Stopping threads took: 0.0000173 seconds
[2019-12-08T11:44:32.837+0000][1][safepoint    ] Application time: 1.0000846 seconds
[2019-12-08T11:44:32.837+0000][1][safepoint    ] Entering safepoint region: Cleanup
[2019-12-08T11:44:32.837+0000][1][safepoint    ] Leaving safepoint region
[2019-12-08T11:44:32.837+0000][1][safepoint    ] Total time for which application threads were stopped: 0.0000869 seconds, Stopping threads took: 0.0000199 seconds
[2019-12-08T11:44:33.796+0000][1][safepoint    ] Application time: 0.9594608 seconds
[2019-12-08T11:44:33.796+0000][1][safepoint    ] Entering safepoint region: GenCollectForAllocation
[2019-12-08T11:44:33.797+0000][1][gc,start     ] GC(28) Pause Young (Allocation Failure)
[2019-12-08T11:44:33.797+0000][1][gc,task      ] GC(28) Using 4 workers of 4 for evacuation
[2019-12-08T11:44:33.799+0000][1][gc,age       ] GC(28) Desired survivor size 4456448 bytes, new threshold 6 (max threshold 6)
[2019-12-08T11:44:33.799+0000][1][gc,age       ] GC(28) Age table with threshold 6 (max threshold 6)
[2019-12-08T11:44:33.799+0000][1][gc,age       ] GC(28) - age   1:       5576 bytes,       5576 total
[2019-12-08T11:44:33.799+0000][1][gc,age       ] GC(28) - age   2:       5544 bytes,      11120 total
[2019-12-08T11:44:33.799+0000][1][gc,age       ] GC(28) - age   3:       4192 bytes,      15312 total
[2019-12-08T11:44:33.799+0000][1][gc,age       ] GC(28) - age   4:       7768 bytes,      23080 total
[2019-12-08T11:44:33.799+0000][1][gc,age       ] GC(28) - age   5:      20952 bytes,      44032 total
[2019-12-08T11:44:33.799+0000][1][gc,age       ] GC(28) - age   6:    1831128 bytes,    1875160 total
[2019-12-08T11:44:33.799+0000][1][gc,heap      ] GC(28) ParNew: 72871K->3132K(78656K)
[2019-12-08T11:44:33.799+0000][1][gc,heap      ] GC(28) CMS: 68180K->68180K(174784K)
[2019-12-08T11:44:33.799+0000][1][gc,metaspace ] GC(28) Metaspace: 69013K->69013K(1112064K)
[2019-12-08T11:44:33.799+0000][1][gc           ] GC(28) Pause Young (Allocation Failure) 137M->69M(247M) 2.912ms
[2019-12-08T11:44:33.799+0000][1][gc,cpu       ] GC(28) User=0.01s Sys=0.00s Real=0.00s
[2019-12-08T11:44:33.799+0000][1][safepoint    ] Leaving safepoint region
[2019-12-08T11:44:33.799+0000][1][safepoint    ] Total time for which application threads were stopped: 0.0030571 seconds, Stopping threads took: 0.0000170 seconds
[2019-12-08T11:44:34.800+0000][1][safepoint    ] Application time: 1.0000846 seconds
[2019-12-08T11:44:34.800+0000][1][safepoint    ] Entering safepoint region: Cleanup
[2019-12-08T11:44:34.800+0000][1][safepoint    ] Leaving safepoint region
[2019-12-08T11:44:34.800+0000][1][safepoint    ] Total time for which application threads were stopped: 0.0000906 seconds, Stopping threads took: 0.0000205 seconds
[2019-12-08T11:44:35.800+0000][1][safepoint    ] Application time: 1.0000795 seconds
[2019-12-08T11:44:35.800+0000][1][safepoint    ] Entering safepoint region: Cleanup
[2019-12-08T11:44:35.800+0000][1][safepoint    ] Leaving safepoint region
[2019-12-08T11:44:35.800+0000][1][safepoint    ] Total time for which application threads were stopped: 0.0000924 seconds, Stopping threads took: 0.0000180 seconds
[2019-12-08T11:44:36.800+0000][1][safepoint    ] Application time: 1.0000828 seconds
[2019-12-08T11:44:36.800+0000][1][safepoint    ] Entering safepoint region: Cleanup
[2019-12-08T11:44:36.800+0000][1][safepoint    ] Leaving safepoint region
[2019-12-08T11:44:36.800+0000][1][safepoint    ] Total time for which application threads were stopped: 0.0000777 seconds, Stopping threads took: 0.0000173 seconds
[2019-12-08T11:44:37.800+0000][1][safepoint    ] Application time: 1.0000817 seconds
[2019-12-08T11:44:37.800+0000][1][safepoint    ] Entering safepoint region: Cleanup
[2019-12-08T11:44:37.800+0000][1][safepoint    ] Leaving safepoint region
[2019-12-08T11:44:37.800+0000][1][safepoint    ] Total time for which application threads were stopped: 0.0000772 seconds, Stopping threads took: 0.0000171 seconds
[2019-12-08T11:44:38.800+0000][1][safepoint    ] Application time: 1.0000806 seconds
[2019-12-08T11:44:38.800+0000][1][safepoint    ] Entering safepoint region: Cleanup
[2019-12-08T11:44:38.800+0000][1][safepoint    ] Leaving safepoint region
[2019-12-08T11:44:38.800+0000][1][safepoint    ] Total time for which application threads were stopped: 0.0000786 seconds, Stopping threads took: 0.0000175 seconds
[2019-12-08T11:44:39.801+0000][1][safepoint    ] Application time: 1.0000769 seconds
[2019-12-08T11:44:39.801+0000][1][safepoint    ] Entering safepoint region: Cleanup
[2019-12-08T11:44:39.801+0000][1][safepoint    ] Leaving safepoint region
[2019-12-08T11:44:39.801+0000][1][safepoint    ] Total time for which application threads were stopped: 0.0000861 seconds, Stopping threads took: 0.0000174 seconds
[2019-12-08T11:44:40.801+0000][1][safepoint    ] Application time: 1.0000835 seconds
[2019-12-08T11:44:40.801+0000][1][safepoint    ] Entering safepoint region: Cleanup
[2019-12-08T11:44:40.801+0000][1][safepoint    ] Leaving safepoint region
[2019-12-08T11:44:40.801+0000][1][safepoint    ] Total time for which application threads were stopped: 0.0000784 seconds, Stopping threads took: 0.0000171 seconds
[2019-12-08T11:44:41.801+0000][1][safepoint    ] Application time: 1.0000762 seconds
[2019-12-08T11:44:41.801+0000][1][safepoint    ] Entering safepoint region: Cleanup
[2019-12-08T11:44:41.801+0000][1][safepoint    ] Leaving safepoint region
[2019-12-08T11:44:41.801+0000][1][safepoint    ] Total time for which application threads were stopped: 0.0000844 seconds, Stopping threads took: 0.0000228 seconds
[2019-12-08T11:44:42.801+0000][1][safepoint    ] Application time: 1.0000762 seconds
[2019-12-08T11:44:42.801+0000][1][safepoint    ] Entering safepoint region: Cleanup
[2019-12-08T11:44:42.801+0000][1][safepoint    ] Leaving safepoint region
[2019-12-08T11:44:42.801+0000][1][safepoint    ] Total time for which application threads were stopped: 0.0000912 seconds, Stopping threads took: 0.0000217 seconds
[2019-12-08T11:44:43.801+0000][1][safepoint    ] Application time: 1.0000764 seconds
[2019-12-08T11:44:43.801+0000][1][safepoint    ] Entering safepoint region: Cleanup
[2019-12-08T11:44:43.801+0000][1][safepoint    ] Leaving safepoint region
[2019-12-08T11:44:43.801+0000][1][safepoint    ] Total time for which application threads were stopped: 0.0000811 seconds, Stopping threads took: 0.0000191 seconds
[2019-12-08T11:44:44.802+0000][1][safepoint    ] Application time: 1.0000780 seconds
[2019-12-08T11:44:44.802+0000][1][safepoint    ] Entering safepoint region: Cleanup
[2019-12-08T11:44:44.802+0000][1][safepoint    ] Leaving safepoint region
[2019-12-08T11:44:44.802+0000][1][safepoint    ] Total time for which application threads were stopped: 0.0000797 seconds, Stopping threads took: 0.0000185 seconds
[2019-12-08T11:44:45.802+0000][1][safepoint    ] Application time: 1.0000816 seconds
[2019-12-08T11:44:45.802+0000][1][safepoint    ] Entering safepoint region: Cleanup
[2019-12-08T11:44:45.802+0000][1][safepoint    ] Leaving safepoint region
[2019-12-08T11:44:45.802+0000][1][safepoint    ] Total time for which application threads were stopped: 0.0000817 seconds, Stopping threads took: 0.0000182 seconds
[2019-12-08T11:44:46.802+0000][1][safepoint    ] Application time: 1.0000779 seconds
[2019-12-08T11:44:46.802+0000][1][safepoint    ] Entering safepoint region: Cleanup
[2019-12-08T11:44:46.802+0000][1][safepoint    ] Leaving safepoint region
[2019-12-08T11:44:46.802+0000][1][safepoint    ] Total time for which application threads were stopped: 0.0000776 seconds, Stopping threads took: 0.0000174 seconds
[2019-12-08T11:44:47.802+0000][1][safepoint    ] Application time: 1.0000754 seconds
[2019-12-08T11:44:47.802+0000][1][safepoint    ] Entering safepoint region: Cleanup
[2019-12-08T11:44:47.802+0000][1][safepoint    ] Leaving safepoint region
[2019-12-08T11:44:47.802+0000][1][safepoint    ] Total time for which application threads were stopped: 0.0000808 seconds, Stopping threads took: 0.0000187 seconds
[2019-12-08T11:44:48.802+0000][1][safepoint    ] Application time: 1.0000723 seconds
[2019-12-08T11:44:48.802+0000][1][safepoint    ] Entering safepoint region: Cleanup
[2019-12-08T11:44:48.802+0000][1][safepoint    ] Leaving safepoint region
[2019-12-08T11:44:48.802+0000][1][safepoint    ] Total time for which application threads were stopped: 0.0000752 seconds, Stopping threads took: 0.0000174 seconds
[2019-12-08T11:44:49.803+0000][1][safepoint    ] Application time: 1.0000741 seconds
[2019-12-08T11:44:49.803+0000][1][safepoint    ] Entering safepoint region: Cleanup
[2019-12-08T11:44:49.803+0000][1][safepoint    ] Leaving safepoint region
[2019-12-08T11:44:49.803+0000][1][safepoint    ] Total time for which application threads were stopped: 0.0000781 seconds, Stopping threads took: 0.0000178 seconds
[2019-12-08T11:44:50.803+0000][1][safepoint    ] Application time: 1.0000746 seconds
[2019-12-08T11:44:50.803+0000][1][safepoint    ] Entering safepoint region: Cleanup
[2019-12-08T11:44:50.803+0000][1][safepoint    ] Leaving safepoint region
[2019-12-08T11:44:50.803+0000][1][safepoint    ] Total time for which application threads were stopped: 0.0000753 seconds, Stopping threads took: 0.0000174 seconds
[2019-12-08T11:44:51.803+0000][1][safepoint    ] Application time: 1.0000758 seconds
[2019-12-08T11:44:51.803+0000][1][safepoint    ] Entering safepoint region: Cleanup
[2019-12-08T11:44:51.803+0000][1][safepoint    ] Leaving safepoint region
[2019-12-08T11:44:51.803+0000][1][safepoint    ] Total time for which application threads were stopped: 0.0000907 seconds, Stopping threads took: 0.0000188 seconds
[2019-12-08T11:44:52.803+0000][1][safepoint    ] Application time: 1.0000765 seconds
[2019-12-08T11:44:52.803+0000][1][safepoint    ] Entering safepoint region: Cleanup
[2019-12-08T11:44:52.803+0000][1][safepoint    ] Leaving safepoint region
[2019-12-08T11:44:52.803+0000][1][safepoint    ] Total time for which application threads were stopped: 0.0000796 seconds, Stopping threads took: 0.0000179 seconds
[2019-12-08T11:44:53.803+0000][1][safepoint    ] Application time: 1.0000756 seconds
[2019-12-08T11:44:53.803+0000][1][safepoint    ] Entering safepoint region: Cleanup
[2019-12-08T11:44:53.803+0000][1][safepoint    ] Leaving safepoint region
[2019-12-08T11:44:53.803+0000][1][safepoint    ] Total time for which application threads were stopped: 0.0000905 seconds, Stopping threads took: 0.0000187 seconds
[2019-12-08T11:44:54.804+0000][1][safepoint    ] Application time: 1.0000761 seconds
[2019-12-08T11:44:54.804+0000][1][safepoint    ] Entering safepoint region: Cleanup
[2019-12-08T11:44:54.804+0000][1][safepoint    ] Leaving safepoint region
[2019-12-08T11:44:54.804+0000][1][safepoint    ] Total time for which application threads were stopped: 0.0000864 seconds, Stopping threads took: 0.0000260 seconds
[2019-12-08T11:44:55.804+0000][1][safepoint    ] Application time: 1.0000737 seconds
[2019-12-08T11:44:55.804+0000][1][safepoint    ] Entering safepoint region: Cleanup
[2019-12-08T11:44:55.804+0000][1][safepoint    ] Leaving safepoint region
[2019-12-08T11:44:55.804+0000][1][safepoint    ] Total time for which application threads were stopped: 0.0000801 seconds, Stopping threads took: 0.0000179 seconds
[2019-12-08T11:44:56.804+0000][1][safepoint    ] Application time: 1.0000767 seconds
[2019-12-08T11:44:56.804+0000][1][safepoint    ] Entering safepoint region: Cleanup
[2019-12-08T11:44:56.804+0000][1][safepoint    ] Leaving safepoint region
[2019-12-08T11:44:56.804+0000][1][safepoint    ] Total time for which application threads were stopped: 0.0000744 seconds, Stopping threads took: 0.0000161 seconds
[2019-12-08T11:44:57.804+0000][1][safepoint    ] Application time: 1.0000883 seconds
[2019-12-08T11:44:57.804+0000][1][safepoint    ] Entering safepoint region: Cleanup
[2019-12-08T11:44:57.804+0000][1][safepoint    ] Leaving safepoint region
[2019-12-08T11:44:57.804+0000][1][safepoint    ] Total time for which application threads were stopped: 0.0001210 seconds, Stopping threads took: 0.0000284 seconds
[2019-12-08T11:44:58.804+0000][1][safepoint    ] Application time: 1.0000820 seconds
[2019-12-08T11:44:58.804+0000][1][safepoint    ] Entering safepoint region: Cleanup
[2019-12-08T11:44:58.804+0000][1][safepoint    ] Leaving safepoint region
[2019-12-08T11:44:58.804+0000][1][safepoint    ] Total time for which application threads were stopped: 0.0000883 seconds, Stopping threads took: 0.0000253 seconds
[2019-12-08T11:44:59.805+0000][1][safepoint    ] Application time: 1.0000768 seconds
[2019-12-08T11:44:59.805+0000][1][safepoint    ] Entering safepoint region: Cleanup
[2019-12-08T11:44:59.805+0000][1][safepoint    ] Leaving safepoint region
[2019-12-08T11:44:59.805+0000][1][safepoint    ] Total time for which application threads were stopped: 0.0000876 seconds, Stopping threads took: 0.0000180 seconds
[2019-12-08T11:45:00.805+0000][1][safepoint    ] Application time: 1.0000758 seconds
[2019-12-08T11:45:00.805+0000][1][safepoint    ] Entering safepoint region: Cleanup
[2019-12-08T11:45:00.805+0000][1][safepoint    ] Leaving safepoint region
[2019-12-08T11:45:00.805+0000][1][safepoint    ] Total time for which application threads were stopped: 0.0000840 seconds, Stopping threads took: 0.0000187 seconds
[2019-12-08T11:45:01.805+0000][1][safepoint    ] Application time: 1.0000858 seconds
[2019-12-08T11:45:01.805+0000][1][safepoint    ] Entering safepoint region: Cleanup
[2019-12-08T11:45:01.805+0000][1][safepoint    ] Leaving safepoint region
[2019-12-08T11:45:01.805+0000][1][safepoint    ] Total time for which application threads were stopped: 0.0001195 seconds, Stopping threads took: 0.0000254 seconds
[2019-12-08T11:45:02.862+0000][1][safepoint    ] Application time: 1.0570310 seconds
[2019-12-08T11:45:02.862+0000][1][safepoint    ] Entering safepoint region: Cleanup
[2019-12-08T11:45:02.862+0000][1][safepoint    ] Leaving safepoint region
[2019-12-08T11:45:02.862+0000][1][safepoint    ] Total time for which application threads were stopped: 0.0000967 seconds, Stopping threads took: 0.0000170 seconds
[2019-12-08T11:45:03.862+0000][1][safepoint    ] Application time: 1.0000764 seconds
[2019-12-08T11:45:03.862+0000][1][safepoint    ] Entering safepoint region: Cleanup
[2019-12-08T11:45:03.863+0000][1][safepoint    ] Leaving safepoint region
[2019-12-08T11:45:03.863+0000][1][safepoint    ] Total time for which application threads were stopped: 0.0000787 seconds, Stopping threads took: 0.0000177 seconds
[2019-12-08T11:45:04.863+0000][1][safepoint    ] Application time: 1.0000788 seconds
[2019-12-08T11:45:04.863+0000][1][safepoint    ] Entering safepoint region: Cleanup
[2019-12-08T11:45:04.863+0000][1][safepoint    ] Leaving safepoint region
[2019-12-08T11:45:04.863+0000][1][safepoint    ] Total time for which application threads were stopped: 0.0000877 seconds, Stopping threads took: 0.0000174 seconds
[2019-12-08T11:45:05.863+0000][1][safepoint    ] Application time: 1.0000755 seconds
[2019-12-08T11:45:05.863+0000][1][safepoint    ] Entering safepoint region: Cleanup
[2019-12-08T11:45:05.863+0000][1][safepoint    ] Leaving safepoint region
[2019-12-08T11:45:05.863+0000][1][safepoint    ] Total time for which application threads were stopped: 0.0000765 seconds, Stopping threads took: 0.0000171 seconds
[2019-12-08T11:45:06.863+0000][1][safepoint    ] Application time: 1.0000765 seconds
[2019-12-08T11:45:06.863+0000][1][safepoint    ] Entering safepoint region: Cleanup
[2019-12-08T11:45:06.863+0000][1][safepoint    ] Leaving safepoint region
[2019-12-08T11:45:06.863+0000][1][safepoint    ] Total time for which application threads were stopped: 0.0000741 seconds, Stopping threads took: 0.0000144 seconds
[2019-12-08T11:45:07.863+0000][1][safepoint    ] Application time: 1.0000758 seconds
[2019-12-08T11:45:07.863+0000][1][safepoint    ] Entering safepoint region: Cleanup
[2019-12-08T11:45:07.863+0000][1][safepoint    ] Leaving safepoint region
[2019-12-08T11:45:07.863+0000][1][safepoint    ] Total time for which application threads were stopped: 0.0000755 seconds, Stopping threads took: 0.0000166 seconds
[2019-12-08T11:45:08.863+0000][1][safepoint    ] Application time: 1.0000753 seconds
[2019-12-08T11:45:08.863+0000][1][safepoint    ] Entering safepoint region: Cleanup
[2019-12-08T11:45:08.864+0000][1][safepoint    ] Leaving safepoint region
[2019-12-08T11:45:08.864+0000][1][safepoint    ] Total time for which application threads were stopped: 0.0000770 seconds, Stopping threads took: 0.0000175 seconds
[2019-12-08T11:45:09.864+0000][1][safepoint    ] Application time: 1.0000844 seconds
[2019-12-08T11:45:09.864+0000][1][safepoint    ] Entering safepoint region: Cleanup
[2019-12-08T11:45:09.864+0000][1][safepoint    ] Leaving safepoint region
[2019-12-08T11:45:09.864+0000][1][safepoint    ] Total time for which application threads were stopped: 0.0000897 seconds, Stopping threads took: 0.0000162 seconds
[2019-12-08T11:45:10.864+0000][1][safepoint    ] Application time: 1.0000770 seconds
[2019-12-08T11:45:10.864+0000][1][safepoint    ] Entering safepoint region: Cleanup
[2019-12-08T11:45:10.864+0000][1][safepoint    ] Leaving safepoint region
[2019-12-08T11:45:10.864+0000][1][safepoint    ] Total time for which application threads were stopped: 0.0000735 seconds, Stopping threads took: 0.0000159 seconds
[2019-12-08T11:45:11.864+0000][1][safepoint    ] Application time: 1.0000780 seconds
[2019-12-08T11:45:11.864+0000][1][safepoint    ] Entering safepoint region: Cleanup
[2019-12-08T11:45:11.864+0000][1][safepoint    ] Leaving safepoint region
[2019-12-08T11:45:11.864+0000][1][safepoint    ] Total time for which application threads were stopped: 0.0000844 seconds, Stopping threads took: 0.0000191 seconds
[2019-12-08T11:45:12.864+0000][1][safepoint    ] Application time: 1.0000795 seconds
[2019-12-08T11:45:12.864+0000][1][safepoint    ] Entering safepoint region: Cleanup
[2019-12-08T11:45:12.864+0000][1][safepoint    ] Leaving safepoint region
[2019-12-08T11:45:12.864+0000][1][safepoint    ] Total time for which application threads were stopped: 0.0000788 seconds, Stopping threads took: 0.0000200 seconds
[2019-12-08T11:45:13.864+0000][1][safepoint    ] Application time: 1.0000836 seconds
[2019-12-08T11:45:13.864+0000][1][safepoint    ] Entering safepoint region: Cleanup
[2019-12-08T11:45:13.865+0000][1][safepoint    ] Leaving safepoint region
[2019-12-08T11:45:13.865+0000][1][safepoint    ] Total time for which application threads were stopped: 0.0000847 seconds, Stopping threads took: 0.0000220 seconds
[2019-12-08T11:45:14.865+0000][1][safepoint    ] Application time: 1.0000853 seconds
[2019-12-08T11:45:14.865+0000][1][safepoint    ] Entering safepoint region: Cleanup
[2019-12-08T11:45:14.865+0000][1][safepoint    ] Leaving safepoint region
[2019-12-08T11:45:14.865+0000][1][safepoint    ] Total time for which application threads were stopped: 0.0000910 seconds, Stopping threads took: 0.0000284 seconds
[2019-12-08T11:45:15.865+0000][1][safepoint    ] Application time: 1.0000822 seconds
[2019-12-08T11:45:15.865+0000][1][safepoint    ] Entering safepoint region: Cleanup
[2019-12-08T11:45:15.865+0000][1][safepoint    ] Leaving safepoint region
[2019-12-08T11:45:15.865+0000][1][safepoint    ] Total time for which application threads were stopped: 0.0000797 seconds, Stopping threads took: 0.0000170 seconds
[2019-12-08T11:45:16.865+0000][1][safepoint    ] Application time: 1.0000795 seconds
[2019-12-08T11:45:16.865+0000][1][safepoint    ] Entering safepoint region: Cleanup
[2019-12-08T11:45:16.865+0000][1][safepoint    ] Leaving safepoint region
[2019-12-08T11:45:16.865+0000][1][safepoint    ] Total time for which application threads were stopped: 0.0000759 seconds, Stopping threads took: 0.0000159 seconds
[2019-12-08T11:45:17.865+0000][1][safepoint    ] Application time: 1.0000826 seconds
[2019-12-08T11:45:17.865+0000][1][safepoint    ] Entering safepoint region: Cleanup
[2019-12-08T11:45:17.865+0000][1][safepoint    ] Leaving safepoint region
[2019-12-08T11:45:17.865+0000][1][safepoint    ] Total time for which application threads were stopped: 0.0000775 seconds, Stopping threads took: 0.0000164 seconds
[2019-12-08T11:45:18.865+0000][1][safepoint    ] Application time: 1.0000772 seconds
[2019-12-08T11:45:18.865+0000][1][safepoint    ] Entering safepoint region: Cleanup
[2019-12-08T11:45:18.866+0000][1][safepoint    ] Leaving safepoint region
[2019-12-08T11:45:18.866+0000][1][safepoint    ] Total time for which application threads were stopped: 0.0000737 seconds, Stopping threads took: 0.0000156 seconds
[2019-12-08T11:45:19.866+0000][1][safepoint    ] Application time: 1.0000803 seconds
[2019-12-08T11:45:19.866+0000][1][safepoint    ] Entering safepoint region: Cleanup
[2019-12-08T11:45:19.866+0000][1][safepoint    ] Leaving safepoint region
[2019-12-08T11:45:19.866+0000][1][safepoint    ] Total time for which application threads were stopped: 0.0000918 seconds, Stopping threads took: 0.0000315 seconds
[2019-12-08T11:45:20.866+0000][1][safepoint    ] Application time: 1.0000840 seconds
[2019-12-08T11:45:20.866+0000][1][safepoint    ] Entering safepoint region: Cleanup
[2019-12-08T11:45:20.866+0000][1][safepoint    ] Leaving safepoint region
[2019-12-08T11:45:20.866+0000][1][safepoint    ] Total time for which application threads were stopped: 0.0000824 seconds, Stopping threads took: 0.0000213 seconds
[2019-12-08T11:45:21.866+0000][1][safepoint    ] Application time: 1.0000788 seconds
[2019-12-08T11:45:21.866+0000][1][safepoint    ] Entering safepoint region: Cleanup
[2019-12-08T11:45:21.866+0000][1][safepoint    ] Leaving safepoint region
[2019-12-08T11:45:21.866+0000][1][safepoint    ] Total time for which application threads were stopped: 0.0000761 seconds, Stopping threads took: 0.0000159 seconds
[2019-12-08T11:45:22.866+0000][1][safepoint    ] Application time: 1.0000765 seconds
[2019-12-08T11:45:22.866+0000][1][safepoint    ] Entering safepoint region: Cleanup
[2019-12-08T11:45:22.866+0000][1][safepoint    ] Leaving safepoint region
[2019-12-08T11:45:22.866+0000][1][safepoint    ] Total time for which application threads were stopped: 0.0000769 seconds, Stopping threads took: 0.0000165 seconds
[2019-12-08T11:45:23.866+0000][1][safepoint    ] Application time: 1.0000755 seconds
[2019-12-08T11:45:23.867+0000][1][safepoint    ] Entering safepoint region: Cleanup
[2019-12-08T11:45:23.867+0000][1][safepoint    ] Leaving safepoint region
[2019-12-08T11:45:23.867+0000][1][safepoint    ] Total time for which application threads were stopped: 0.0000758 seconds, Stopping threads took: 0.0000171 seconds
[2019-12-08T11:45:24.867+0000][1][safepoint    ] Application time: 1.0000732 seconds
[2019-12-08T11:45:24.867+0000][1][safepoint    ] Entering safepoint region: Cleanup
[2019-12-08T11:45:24.867+0000][1][safepoint    ] Leaving safepoint region
[2019-12-08T11:45:24.867+0000][1][safepoint    ] Total time for which application threads were stopped: 0.0000762 seconds, Stopping threads took: 0.0000179 seconds
[2019-12-08T11:45:25.867+0000][1][safepoint    ] Application time: 1.0000740 seconds
[2019-12-08T11:45:25.867+0000][1][safepoint    ] Entering safepoint region: Cleanup
[2019-12-08T11:45:25.867+0000][1][safepoint    ] Leaving safepoint region
[2019-12-08T11:45:25.867+0000][1][safepoint    ] Total time for which application threads were stopped: 0.0000791 seconds, Stopping threads took: 0.0000190 seconds
[2019-12-08T11:45:26.867+0000][1][safepoint    ] Application time: 1.0000761 seconds
[2019-12-08T11:45:26.867+0000][1][safepoint    ] Entering safepoint region: Cleanup
[2019-12-08T11:45:26.867+0000][1][safepoint    ] Leaving safepoint region
[2019-12-08T11:45:26.867+0000][1][safepoint    ] Total time for which application threads were stopped: 0.0000738 seconds, Stopping threads took: 0.0000158 seconds
[2019-12-08T11:45:27.867+0000][1][safepoint    ] Application time: 1.0000750 seconds
[2019-12-08T11:45:27.867+0000][1][safepoint    ] Entering safepoint region: Cleanup
[2019-12-08T11:45:27.867+0000][1][safepoint    ] Leaving safepoint region
[2019-12-08T11:45:27.867+0000][1][safepoint    ] Total time for which application threads were stopped: 0.0000750 seconds, Stopping threads took: 0.0000166 seconds
[2019-12-08T11:45:28.867+0000][1][safepoint    ] Application time: 1.0000754 seconds
[2019-12-08T11:45:28.867+0000][1][safepoint    ] Entering safepoint region: Cleanup
[2019-12-08T11:45:28.868+0000][1][safepoint    ] Leaving safepoint region
[2019-12-08T11:45:28.868+0000][1][safepoint    ] Total time for which application threads were stopped: 0.0000775 seconds, Stopping threads took: 0.0000165 seconds
[2019-12-08T11:45:29.868+0000][1][safepoint    ] Application time: 1.0000755 seconds
[2019-12-08T11:45:29.868+0000][1][safepoint    ] Entering safepoint region: Cleanup
[2019-12-08T11:45:29.868+0000][1][safepoint    ] Leaving safepoint region
[2019-12-08T11:45:29.868+0000][1][safepoint    ] Total time for which application threads were stopped: 0.0000903 seconds, Stopping threads took: 0.0000287 seconds
[2019-12-08T11:45:30.868+0000][1][safepoint    ] Application time: 1.0000752 seconds
[2019-12-08T11:45:30.868+0000][1][safepoint    ] Entering safepoint region: Cleanup
[2019-12-08T11:45:30.868+0000][1][safepoint    ] Leaving safepoint region
[2019-12-08T11:45:30.868+0000][1][safepoint    ] Total time for which application threads were stopped: 0.0000749 seconds, Stopping threads took: 0.0000157 seconds
[2019-12-08T11:45:31.868+0000][1][safepoint    ] Application time: 1.0000757 seconds
[2019-12-08T11:45:31.868+0000][1][safepoint    ] Entering safepoint region: Cleanup
[2019-12-08T11:45:31.868+0000][1][safepoint    ] Leaving safepoint region
[2019-12-08T11:45:31.868+0000][1][safepoint    ] Total time for which application threads were stopped: 0.0000768 seconds, Stopping threads took: 0.0000182 seconds
[2019-12-08T11:45:32.868+0000][1][safepoint    ] Application time: 1.0000765 seconds
[2019-12-08T11:45:32.868+0000][1][safepoint    ] Entering safepoint region: Cleanup
[2019-12-08T11:45:32.868+0000][1][safepoint    ] Leaving safepoint region
[2019-12-08T11:45:32.868+0000][1][safepoint    ] Total time for which application threads were stopped: 0.0000756 seconds, Stopping threads took: 0.0000160 seconds
[2019-12-08T11:45:33.868+0000][1][safepoint    ] Application time: 1.0000748 seconds
[2019-12-08T11:45:33.868+0000][1][safepoint    ] Entering safepoint region: Cleanup
[2019-12-08T11:45:33.869+0000][1][safepoint    ] Leaving safepoint region
[2019-12-08T11:45:33.869+0000][1][safepoint    ] Total time for which application threads were stopped: 0.0000739 seconds, Stopping threads took: 0.0000162 seconds
[2019-12-08T11:45:34.869+0000][1][safepoint    ] Application time: 1.0000752 seconds
[2019-12-08T11:45:34.869+0000][1][safepoint    ] Entering safepoint region: Cleanup
[2019-12-08T11:45:34.869+0000][1][safepoint    ] Leaving safepoint region
[2019-12-08T11:45:34.869+0000][1][safepoint    ] Total time for which application threads were stopped: 0.0000846 seconds, Stopping threads took: 0.0000196 seconds
[2019-12-08T11:45:35.869+0000][1][safepoint    ] Application time: 1.0000759 seconds
[2019-12-08T11:45:35.869+0000][1][safepoint    ] Entering safepoint region: Cleanup
[2019-12-08T11:45:35.869+0000][1][safepoint    ] Leaving safepoint region
[2019-12-08T11:45:35.869+0000][1][safepoint    ] Total time for which application threads were stopped: 0.0000814 seconds, Stopping threads took: 0.0000210 seconds
[2019-12-08T11:45:36.869+0000][1][safepoint    ] Application time: 1.0000724 seconds
[2019-12-08T11:45:36.869+0000][1][safepoint    ] Entering safepoint region: Cleanup
[2019-12-08T11:45:36.869+0000][1][safepoint    ] Leaving safepoint region
[2019-12-08T11:45:36.869+0000][1][safepoint    ] Total time for which application threads were stopped: 0.0000741 seconds, Stopping threads took: 0.0000156 seconds
[2019-12-08T11:45:37.869+0000][1][safepoint    ] Application time: 1.0000755 seconds
[2019-12-08T11:45:37.869+0000][1][safepoint    ] Entering safepoint region: Cleanup
[2019-12-08T11:45:37.869+0000][1][safepoint    ] Leaving safepoint region
[2019-12-08T11:45:37.869+0000][1][safepoint    ] Total time for which application threads were stopped: 0.0000780 seconds, Stopping threads took: 0.0000156 seconds
[2019-12-08T11:45:38.869+0000][1][safepoint    ] Application time: 1.0000767 seconds
[2019-12-08T11:45:38.869+0000][1][safepoint    ] Entering safepoint region: Cleanup
[2019-12-08T11:45:38.870+0000][1][safepoint    ] Leaving safepoint region
[2019-12-08T11:45:38.870+0000][1][safepoint    ] Total time for which application threads were stopped: 0.0000772 seconds, Stopping threads took: 0.0000167 seconds
[2019-12-08T11:45:39.870+0000][1][safepoint    ] Application time: 1.0000764 seconds
[2019-12-08T11:45:39.870+0000][1][safepoint    ] Entering safepoint region: Cleanup
[2019-12-08T11:45:39.870+0000][1][safepoint    ] Leaving safepoint region
[2019-12-08T11:45:39.870+0000][1][safepoint    ] Total time for which application threads were stopped: 0.0000923 seconds, Stopping threads took: 0.0000167 seconds
[2019-12-08T11:45:40.870+0000][1][safepoint    ] Application time: 1.0000746 seconds
[2019-12-08T11:45:40.870+0000][1][safepoint    ] Entering safepoint region: Cleanup
[2019-12-08T11:45:40.870+0000][1][safepoint    ] Leaving safepoint region
[2019-12-08T11:45:40.870+0000][1][safepoint    ] Total time for which application threads were stopped: 0.0000751 seconds, Stopping threads took: 0.0000165 seconds
[2019-12-08T11:45:41.870+0000][1][safepoint    ] Application time: 1.0000761 seconds
[2019-12-08T11:45:41.870+0000][1][safepoint    ] Entering safepoint region: Cleanup
[2019-12-08T11:45:41.870+0000][1][safepoint    ] Leaving safepoint region
[2019-12-08T11:45:41.870+0000][1][safepoint    ] Total time for which application threads were stopped: 0.0000758 seconds, Stopping threads took: 0.0000159 seconds
[2019-12-08T11:45:42.870+0000][1][safepoint    ] Application time: 1.0000743 seconds
[2019-12-08T11:45:42.870+0000][1][safepoint    ] Entering safepoint region: Cleanup
[2019-12-08T11:45:42.870+0000][1][safepoint    ] Leaving safepoint region
[2019-12-08T11:45:42.870+0000][1][safepoint    ] Total time for which application threads were stopped: 0.0000739 seconds, Stopping threads took: 0.0000160 seconds
[2019-12-08T11:45:43.870+0000][1][safepoint    ] Application time: 1.0000766 seconds
[2019-12-08T11:45:43.870+0000][1][safepoint    ] Entering safepoint region: Cleanup
[2019-12-08T11:45:43.870+0000][1][safepoint    ] Leaving safepoint region
[2019-12-08T11:45:43.871+0000][1][safepoint    ] Total time for which application threads were stopped: 0.0000793 seconds, Stopping threads took: 0.0000178 seconds
[2019-12-08T11:45:44.871+0000][1][safepoint    ] Application time: 1.0000738 seconds
[2019-12-08T11:45:44.871+0000][1][safepoint    ] Entering safepoint region: Cleanup
[2019-12-08T11:45:44.871+0000][1][safepoint    ] Leaving safepoint region
[2019-12-08T11:45:44.871+0000][1][safepoint    ] Total time for which application threads were stopped: 0.0000863 seconds, Stopping threads took: 0.0000166 seconds
[2019-12-08T11:45:45.871+0000][1][safepoint    ] Application time: 1.0000951 seconds
[2019-12-08T11:45:45.871+0000][1][safepoint    ] Entering safepoint region: Cleanup
[2019-12-08T11:45:45.871+0000][1][safepoint    ] Leaving safepoint region
[2019-12-08T11:45:45.871+0000][1][safepoint    ] Total time for which application threads were stopped: 0.0000780 seconds, Stopping threads took: 0.0000175 seconds
[2019-12-08T11:45:46.871+0000][1][safepoint    ] Application time: 1.0000758 seconds
[2019-12-08T11:45:46.871+0000][1][safepoint    ] Entering safepoint region: Cleanup
[2019-12-08T11:45:46.871+0000][1][safepoint    ] Leaving safepoint region
[2019-12-08T11:45:46.871+0000][1][safepoint    ] Total time for which application threads were stopped: 0.0000771 seconds, Stopping threads took: 0.0000168 seconds
[2019-12-08T11:45:47.871+0000][1][safepoint    ] Application time: 1.0000757 seconds
[2019-12-08T11:45:47.871+0000][1][safepoint    ] Entering safepoint region: Cleanup
[2019-12-08T11:45:47.871+0000][1][safepoint    ] Leaving safepoint region
[2019-12-08T11:45:47.871+0000][1][safepoint    ] Total time for which application threads were stopped: 0.0000767 seconds, Stopping threads took: 0.0000174 seconds
[2019-12-08T11:45:48.871+0000][1][safepoint    ] Application time: 1.0000767 seconds
[2019-12-08T11:45:48.871+0000][1][safepoint    ] Entering safepoint region: Cleanup
[2019-12-08T11:45:48.872+0000][1][safepoint    ] Leaving safepoint region
[2019-12-08T11:45:48.872+0000][1][safepoint    ] Total time for which application threads were stopped: 0.0000794 seconds, Stopping threads took: 0.0000177 seconds
[2019-12-08T11:45:49.872+0000][1][safepoint    ] Application time: 1.0000768 seconds
[2019-12-08T11:45:49.872+0000][1][safepoint    ] Entering safepoint region: Cleanup
[2019-12-08T11:45:49.872+0000][1][safepoint    ] Leaving safepoint region
[2019-12-08T11:45:49.872+0000][1][safepoint    ] Total time for which application threads were stopped: 0.0000889 seconds, Stopping threads took: 0.0000171 seconds
[2019-12-08T11:45:50.872+0000][1][safepoint    ] Application time: 1.0000755 seconds
[2019-12-08T11:45:50.872+0000][1][safepoint    ] Entering safepoint region: Cleanup
[2019-12-08T11:45:50.872+0000][1][safepoint    ] Leaving safepoint region
[2019-12-08T11:45:50.872+0000][1][safepoint    ] Total time for which application threads were stopped: 0.0000758 seconds, Stopping threads took: 0.0000160 seconds
[2019-12-08T11:45:52.871+0000][1][safepoint    ] Application time: 1.9994910 seconds
[2019-12-08T11:45:52.871+0000][1][safepoint    ] Entering safepoint region: Cleanup
[2019-12-08T11:45:52.872+0000][1][safepoint    ] Leaving safepoint region
[2019-12-08T11:45:52.872+0000][1][safepoint    ] Total time for which application threads were stopped: 0.0000919 seconds, Stopping threads took: 0.0000189 seconds
[2019-12-08T11:45:53.872+0000][1][safepoint    ] Application time: 1.0000804 seconds
[2019-12-08T11:45:53.872+0000][1][safepoint    ] Entering safepoint region: Cleanup
[2019-12-08T11:45:53.872+0000][1][safepoint    ] Leaving safepoint region
[2019-12-08T11:45:53.872+0000][1][safepoint    ] Total time for which application threads were stopped: 0.0000960 seconds, Stopping threads took: 0.0000294 seconds
[2019-12-08T11:45:54.872+0000][1][safepoint    ] Application time: 1.0000770 seconds
[2019-12-08T11:45:54.872+0000][1][safepoint    ] Entering safepoint region: Cleanup
[2019-12-08T11:45:54.872+0000][1][safepoint    ] Leaving safepoint region
[2019-12-08T11:45:54.872+0000][1][safepoint    ] Total time for which application threads were stopped: 0.0000991 seconds, Stopping threads took: 0.0000255 seconds
[2019-12-08T11:45:55.872+0000][1][safepoint    ] Application time: 1.0000763 seconds
[2019-12-08T11:45:55.872+0000][1][safepoint    ] Entering safepoint region: Cleanup
[2019-12-08T11:45:55.872+0000][1][safepoint    ] Leaving safepoint region
[2019-12-08T11:45:55.872+0000][1][safepoint    ] Total time for which application threads were stopped: 0.0000795 seconds, Stopping threads took: 0.0000195 seconds
[2019-12-08T11:45:56.872+0000][1][safepoint    ] Application time: 1.0000768 seconds
[2019-12-08T11:45:56.872+0000][1][safepoint    ] Entering safepoint region: Cleanup
[2019-12-08T11:45:56.872+0000][1][safepoint    ] Leaving safepoint region
[2019-12-08T11:45:56.872+0000][1][safepoint    ] Total time for which application threads were stopped: 0.0001059 seconds, Stopping threads took: 0.0000433 seconds
[2019-12-08T11:45:57.872+0000][1][safepoint    ] Application time: 1.0000847 seconds
[2019-12-08T11:45:57.873+0000][1][safepoint    ] Entering safepoint region: Cleanup
[2019-12-08T11:45:57.873+0000][1][safepoint    ] Leaving safepoint region
[2019-12-08T11:45:57.873+0000][1][safepoint    ] Total time for which application threads were stopped: 0.0000757 seconds, Stopping threads took: 0.0000175 seconds
[2019-12-08T11:45:58.873+0000][1][safepoint    ] Application time: 1.0000782 seconds
[2019-12-08T11:45:58.873+0000][1][safepoint    ] Entering safepoint region: Cleanup
[2019-12-08T11:45:58.873+0000][1][safepoint    ] Leaving safepoint region
[2019-12-08T11:45:58.873+0000][1][safepoint    ] Total time for which application threads were stopped: 0.0000866 seconds, Stopping threads took: 0.0000249 seconds
[2019-12-08T11:45:59.873+0000][1][safepoint    ] Application time: 1.0000780 seconds
[2019-12-08T11:45:59.873+0000][1][safepoint    ] Entering safepoint region: Cleanup
[2019-12-08T11:45:59.873+0000][1][safepoint    ] Leaving safepoint region
[2019-12-08T11:45:59.873+0000][1][safepoint    ] Total time for which application threads were stopped: 0.0000791 seconds, Stopping threads took: 0.0000180 seconds
[2019-12-08T11:46:00.873+0000][1][safepoint    ] Application time: 1.0000783 seconds
[2019-12-08T11:46:00.873+0000][1][safepoint    ] Entering safepoint region: Cleanup
[2019-12-08T11:46:00.873+0000][1][safepoint    ] Leaving safepoint region
[2019-12-08T11:46:00.873+0000][1][safepoint    ] Total time for which application threads were stopped: 0.0000772 seconds, Stopping threads took: 0.0000164 seconds
[2019-12-08T11:46:01.873+0000][1][safepoint    ] Application time: 1.0000837 seconds
[2019-12-08T11:46:01.873+0000][1][safepoint    ] Entering safepoint region: Cleanup
[2019-12-08T11:46:01.873+0000][1][safepoint    ] Leaving safepoint region
[2019-12-08T11:46:01.873+0000][1][safepoint    ] Total time for which application threads were stopped: 0.0000866 seconds, Stopping threads took: 0.0000188 seconds
[2019-12-08T11:46:02.873+0000][1][safepoint    ] Application time: 1.0000750 seconds
[2019-12-08T11:46:02.874+0000][1][safepoint    ] Entering safepoint region: Cleanup
[2019-12-08T11:46:02.874+0000][1][safepoint    ] Leaving safepoint region
[2019-12-08T11:46:02.874+0000][1][safepoint    ] Total time for which application threads were stopped: 0.0000795 seconds, Stopping threads took: 0.0000189 seconds
[2019-12-08T11:46:03.874+0000][1][safepoint    ] Application time: 1.0000775 seconds
[2019-12-08T11:46:03.874+0000][1][safepoint    ] Entering safepoint region: Cleanup
[2019-12-08T11:46:03.874+0000][1][safepoint    ] Leaving safepoint region
[2019-12-08T11:46:03.874+0000][1][safepoint    ] Total time for which application threads were stopped: 0.0000797 seconds, Stopping threads took: 0.0000178 seconds
[2019-12-08T11:46:04.874+0000][1][safepoint    ] Application time: 1.0000796 seconds
[2019-12-08T11:46:04.874+0000][1][safepoint    ] Entering safepoint region: Cleanup
[2019-12-08T11:46:04.874+0000][1][safepoint    ] Leaving safepoint region
[2019-12-08T11:46:04.874+0000][1][safepoint    ] Total time for which application threads were stopped: 0.0000815 seconds, Stopping threads took: 0.0000186 seconds
[2019-12-08T11:46:05.874+0000][1][safepoint    ] Application time: 1.0000789 seconds
[2019-12-08T11:46:05.874+0000][1][safepoint    ] Entering safepoint region: Cleanup
[2019-12-08T11:46:05.874+0000][1][safepoint    ] Leaving safepoint region
[2019-12-08T11:46:05.874+0000][1][safepoint    ] Total time for which application threads were stopped: 0.0000840 seconds, Stopping threads took: 0.0000186 seconds
[2019-12-08T11:46:06.874+0000][1][safepoint    ] Application time: 1.0000769 seconds
[2019-12-08T11:46:06.874+0000][1][safepoint    ] Entering safepoint region: Cleanup
[2019-12-08T11:46:06.874+0000][1][safepoint    ] Leaving safepoint region
[2019-12-08T11:46:06.874+0000][1][safepoint    ] Total time for which application threads were stopped: 0.0000764 seconds, Stopping threads took: 0.0000165 seconds
[2019-12-08T11:46:07.875+0000][1][safepoint    ] Application time: 1.0000772 seconds
[2019-12-08T11:46:07.875+0000][1][safepoint    ] Entering safepoint region: Cleanup
[2019-12-08T11:46:07.875+0000][1][safepoint    ] Leaving safepoint region
[2019-12-08T11:46:07.875+0000][1][safepoint    ] Total time for which application threads were stopped: 0.0000788 seconds, Stopping threads took: 0.0000186 seconds
[2019-12-08T11:46:08.875+0000][1][safepoint    ] Application time: 1.0000795 seconds
[2019-12-08T11:46:08.875+0000][1][safepoint    ] Entering safepoint region: Cleanup
[2019-12-08T11:46:08.875+0000][1][safepoint    ] Leaving safepoint region
[2019-12-08T11:46:08.875+0000][1][safepoint    ] Total time for which application threads were stopped: 0.0000831 seconds, Stopping threads took: 0.0000197 seconds
[2019-12-08T11:46:09.875+0000][1][safepoint    ] Application time: 1.0000747 seconds
[2019-12-08T11:46:09.875+0000][1][safepoint    ] Entering safepoint region: Cleanup
[2019-12-08T11:46:09.875+0000][1][safepoint    ] Leaving safepoint region
[2019-12-08T11:46:09.875+0000][1][safepoint    ] Total time for which application threads were stopped: 0.0000784 seconds, Stopping threads took: 0.0000185 seconds
[2019-12-08T11:46:10.875+0000][1][safepoint    ] Application time: 1.0000743 seconds
[2019-12-08T11:46:10.875+0000][1][safepoint    ] Entering safepoint region: Cleanup
[2019-12-08T11:46:10.875+0000][1][safepoint    ] Leaving safepoint region
[2019-12-08T11:46:10.875+0000][1][safepoint    ] Total time for which application threads were stopped: 0.0000832 seconds, Stopping threads took: 0.0000190 seconds
[2019-12-08T11:46:11.875+0000][1][safepoint    ] Application time: 1.0000768 seconds
[2019-12-08T11:46:11.875+0000][1][safepoint    ] Entering safepoint region: Cleanup
[2019-12-08T11:46:11.875+0000][1][safepoint    ] Leaving safepoint region
[2019-12-08T11:46:11.875+0000][1][safepoint    ] Total time for which application threads were stopped: 0.0000791 seconds, Stopping threads took: 0.0000177 seconds
[2019-12-08T11:46:12.876+0000][1][safepoint    ] Application time: 1.0000756 seconds
[2019-12-08T11:46:12.876+0000][1][safepoint    ] Entering safepoint region: Cleanup
[2019-12-08T11:46:12.876+0000][1][safepoint    ] Leaving safepoint region
[2019-12-08T11:46:12.876+0000][1][safepoint    ] Total time for which application threads were stopped: 0.0000787 seconds, Stopping threads took: 0.0000177 seconds
[2019-12-08T11:46:13.876+0000][1][safepoint    ] Application time: 1.0000748 seconds
[2019-12-08T11:46:13.876+0000][1][safepoint    ] Entering safepoint region: Cleanup
[2019-12-08T11:46:13.876+0000][1][safepoint    ] Leaving safepoint region
[2019-12-08T11:46:13.876+0000][1][safepoint    ] Total time for which application threads were stopped: 0.0000797 seconds, Stopping threads took: 0.0000191 seconds
[2019-12-08T11:46:14.876+0000][1][safepoint    ] Application time: 1.0000722 seconds
[2019-12-08T11:46:14.876+0000][1][safepoint    ] Entering safepoint region: Cleanup
[2019-12-08T11:46:14.876+0000][1][safepoint    ] Leaving safepoint region
[2019-12-08T11:46:14.876+0000][1][safepoint    ] Total time for which application threads were stopped: 0.0000843 seconds, Stopping threads took: 0.0000181 seconds
[2019-12-08T11:46:16.829+0000][1][safepoint    ] Application time: 1.9527354 seconds
[2019-12-08T11:46:16.829+0000][1][safepoint    ] Entering safepoint region: Cleanup
[2019-12-08T11:46:16.829+0000][1][safepoint    ] Leaving safepoint region
[2019-12-08T11:46:16.829+0000][1][safepoint    ] Total time for which application threads were stopped: 0.0000788 seconds, Stopping threads took: 0.0000178 seconds
[2019-12-08T11:46:17.829+0000][1][safepoint    ] Application time: 1.0000858 seconds
[2019-12-08T11:46:17.829+0000][1][safepoint    ] Entering safepoint region: Cleanup
[2019-12-08T11:46:17.829+0000][1][safepoint    ] Leaving safepoint region
[2019-12-08T11:46:17.829+0000][1][safepoint    ] Total time for which application threads were stopped: 0.0000846 seconds, Stopping threads took: 0.0000201 seconds
[2019-12-08T11:46:18.829+0000][1][safepoint    ] Application time: 1.0000838 seconds
[2019-12-08T11:46:18.829+0000][1][safepoint    ] Entering safepoint region: Cleanup
[2019-12-08T11:46:18.829+0000][1][safepoint    ] Leaving safepoint region
[2019-12-08T11:46:18.829+0000][1][safepoint    ] Total time for which application threads were stopped: 0.0001166 seconds, Stopping threads took: 0.0000245 seconds
[2019-12-08T11:46:19.829+0000][1][safepoint    ] Application time: 1.0000833 seconds
[2019-12-08T11:46:19.829+0000][1][safepoint    ] Entering safepoint region: Cleanup
[2019-12-08T11:46:19.830+0000][1][safepoint    ] Leaving safepoint region
[2019-12-08T11:46:19.830+0000][1][safepoint    ] Total time for which application threads were stopped: 0.0001022 seconds, Stopping threads took: 0.0000241 seconds
[2019-12-08T11:46:20.830+0000][1][safepoint    ] Application time: 1.0000837 seconds
[2019-12-08T11:46:20.830+0000][1][safepoint    ] Entering safepoint region: Cleanup
[2019-12-08T11:46:20.830+0000][1][safepoint    ] Leaving safepoint region
[2019-12-08T11:46:20.830+0000][1][safepoint    ] Total time for which application threads were stopped: 0.0001335 seconds, Stopping threads took: 0.0000560 seconds
[2019-12-08T11:46:21.830+0000][1][safepoint    ] Application time: 1.0002580 seconds
[2019-12-08T11:46:21.830+0000][1][safepoint    ] Entering safepoint region: Cleanup
[2019-12-08T11:46:21.830+0000][1][safepoint    ] Leaving safepoint region
[2019-12-08T11:46:21.830+0000][1][safepoint    ] Total time for which application threads were stopped: 0.0000838 seconds, Stopping threads took: 0.0000191 seconds
[2019-12-08T11:46:22.830+0000][1][safepoint    ] Application time: 1.0000951 seconds
[2019-12-08T11:46:22.830+0000][1][safepoint    ] Entering safepoint region: Cleanup
[2019-12-08T11:46:22.830+0000][1][safepoint    ] Leaving safepoint region
[2019-12-08T11:46:22.830+0000][1][safepoint    ] Total time for which application threads were stopped: 0.0001072 seconds, Stopping threads took: 0.0000246 seconds
[2019-12-08T11:46:23.831+0000][1][safepoint    ] Application time: 1.0000830 seconds
[2019-12-08T11:46:23.831+0000][1][safepoint    ] Entering safepoint region: Cleanup
[2019-12-08T11:46:23.831+0000][1][safepoint    ] Leaving safepoint region
[2019-12-08T11:46:23.831+0000][1][safepoint    ] Total time for which application threads were stopped: 0.0000839 seconds, Stopping threads took: 0.0000182 seconds
[2019-12-08T11:46:24.831+0000][1][safepoint    ] Application time: 1.0000871 seconds
[2019-12-08T11:46:24.831+0000][1][safepoint    ] Entering safepoint region: Cleanup
[2019-12-08T11:46:24.831+0000][1][safepoint    ] Leaving safepoint region
[2019-12-08T11:46:24.831+0000][1][safepoint    ] Total time for which application threads were stopped: 0.0000850 seconds, Stopping threads took: 0.0000209 seconds
[2019-12-08T11:46:25.831+0000][1][safepoint    ] Application time: 1.0000802 seconds
[2019-12-08T11:46:25.831+0000][1][safepoint    ] Entering safepoint region: Cleanup
[2019-12-08T11:46:25.831+0000][1][safepoint    ] Leaving safepoint region
[2019-12-08T11:46:25.831+0000][1][safepoint    ] Total time for which application threads were stopped: 0.0000779 seconds, Stopping threads took: 0.0000174 seconds
[2019-12-08T11:46:26.831+0000][1][safepoint    ] Application time: 1.0000778 seconds
[2019-12-08T11:46:26.831+0000][1][safepoint    ] Entering safepoint region: Cleanup
[2019-12-08T11:46:26.831+0000][1][safepoint    ] Leaving safepoint region
[2019-12-08T11:46:26.831+0000][1][safepoint    ] Total time for which application threads were stopped: 0.0000802 seconds, Stopping threads took: 0.0000186 seconds
[2019-12-08T11:46:27.831+0000][1][safepoint    ] Application time: 1.0000764 seconds
[2019-12-08T11:46:27.831+0000][1][safepoint    ] Entering safepoint region: Cleanup
[2019-12-08T11:46:27.831+0000][1][safepoint    ] Leaving safepoint region
[2019-12-08T11:46:27.831+0000][1][safepoint    ] Total time for which application threads were stopped: 0.0000797 seconds, Stopping threads took: 0.0000179 seconds
[2019-12-08T11:46:28.832+0000][1][safepoint    ] Application time: 1.0000788 seconds
[2019-12-08T11:46:28.832+0000][1][safepoint    ] Entering safepoint region: Cleanup
[2019-12-08T11:46:28.832+0000][1][safepoint    ] Leaving safepoint region
[2019-12-08T11:46:28.832+0000][1][safepoint    ] Total time for which application threads were stopped: 0.0000823 seconds, Stopping threads took: 0.0000190 seconds
[2019-12-08T11:46:29.832+0000][1][safepoint    ] Application time: 1.0000803 seconds
[2019-12-08T11:46:29.832+0000][1][safepoint    ] Entering safepoint region: Cleanup
[2019-12-08T11:46:29.832+0000][1][safepoint    ] Leaving safepoint region
[2019-12-08T11:46:29.832+0000][1][safepoint    ] Total time for which application threads were stopped: 0.0000796 seconds, Stopping threads took: 0.0000178 seconds
[2019-12-08T11:46:30.832+0000][1][safepoint    ] Application time: 1.0000772 seconds
[2019-12-08T11:46:30.832+0000][1][safepoint    ] Entering safepoint region: Cleanup
[2019-12-08T11:46:30.832+0000][1][safepoint    ] Leaving safepoint region
[2019-12-08T11:46:30.832+0000][1][safepoint    ] Total time for which application threads were stopped: 0.0000928 seconds, Stopping threads took: 0.0000308 seconds
[2019-12-08T11:46:31.832+0000][1][safepoint    ] Application time: 1.0000813 seconds
[2019-12-08T11:46:31.832+0000][1][safepoint    ] Entering safepoint region: Cleanup
[2019-12-08T11:46:31.832+0000][1][safepoint    ] Leaving safepoint region
[2019-12-08T11:46:31.832+0000][1][safepoint    ] Total time for which application threads were stopped: 0.0000813 seconds, Stopping threads took: 0.0000183 seconds
[2019-12-08T11:46:32.832+0000][1][safepoint    ] Application time: 1.0000849 seconds
[2019-12-08T11:46:32.832+0000][1][safepoint    ] Entering safepoint region: Cleanup
[2019-12-08T11:46:32.832+0000][1][safepoint    ] Leaving safepoint region
[2019-12-08T11:46:32.832+0000][1][safepoint    ] Total time for which application threads were stopped: 0.0000821 seconds, Stopping threads took: 0.0000184 seconds
[2019-12-08T11:46:33.833+0000][1][safepoint    ] Application time: 1.0000792 seconds
[2019-12-08T11:46:33.833+0000][1][safepoint    ] Entering safepoint region: Cleanup
[2019-12-08T11:46:33.833+0000][1][safepoint    ] Leaving safepoint region
[2019-12-08T11:46:33.833+0000][1][safepoint    ] Total time for which application threads were stopped: 0.0000800 seconds, Stopping threads took: 0.0000179 seconds
[2019-12-08T11:46:34.833+0000][1][safepoint    ] Application time: 1.0000866 seconds
[2019-12-08T11:46:34.833+0000][1][safepoint    ] Entering safepoint region: Cleanup
[2019-12-08T11:46:34.833+0000][1][safepoint    ] Leaving safepoint region
[2019-12-08T11:46:34.833+0000][1][safepoint    ] Total time for which application threads were stopped: 0.0001095 seconds, Stopping threads took: 0.0000254 seconds
[2019-12-08T11:46:35.833+0000][1][safepoint    ] Application time: 1.0000799 seconds
[2019-12-08T11:46:35.833+0000][1][safepoint    ] Entering safepoint region: Cleanup
[2019-12-08T11:46:35.833+0000][1][safepoint    ] Leaving safepoint region
[2019-12-08T11:46:35.833+0000][1][safepoint    ] Total time for which application threads were stopped: 0.0000842 seconds, Stopping threads took: 0.0000173 seconds
[2019-12-08T11:46:36.833+0000][1][safepoint    ] Application time: 1.0000795 seconds
[2019-12-08T11:46:36.833+0000][1][safepoint    ] Entering safepoint region: Cleanup
[2019-12-08T11:46:36.833+0000][1][safepoint    ] Leaving safepoint region
[2019-12-08T11:46:36.833+0000][1][safepoint    ] Total time for which application threads were stopped: 0.0000816 seconds, Stopping threads took: 0.0000183 seconds
[2019-12-08T11:46:37.833+0000][1][safepoint    ] Application time: 1.0000787 seconds
[2019-12-08T11:46:37.833+0000][1][safepoint    ] Entering safepoint region: Cleanup
[2019-12-08T11:46:37.833+0000][1][safepoint    ] Leaving safepoint region
[2019-12-08T11:46:37.833+0000][1][safepoint    ] Total time for which application threads were stopped: 0.0000796 seconds, Stopping threads took: 0.0000187 seconds
[2019-12-08T11:46:38.834+0000][1][safepoint    ] Application time: 1.0000815 seconds
[2019-12-08T11:46:38.834+0000][1][safepoint    ] Entering safepoint region: Cleanup
[2019-12-08T11:46:38.834+0000][1][safepoint    ] Leaving safepoint region
[2019-12-08T11:46:38.834+0000][1][safepoint    ] Total time for which application threads were stopped: 0.0000854 seconds, Stopping threads took: 0.0000210 seconds
[2019-12-08T11:46:39.834+0000][1][safepoint    ] Application time: 1.0000801 seconds
[2019-12-08T11:46:39.834+0000][1][safepoint    ] Entering safepoint region: Cleanup
[2019-12-08T11:46:39.834+0000][1][safepoint    ] Leaving safepoint region
[2019-12-08T11:46:39.834+0000][1][safepoint    ] Total time for which application threads were stopped: 0.0000840 seconds, Stopping threads took: 0.0000195 seconds
[2019-12-08T11:46:40.834+0000][1][safepoint    ] Application time: 1.0000773 seconds
[2019-12-08T11:46:40.834+0000][1][safepoint    ] Entering safepoint region: Cleanup
[2019-12-08T11:46:40.834+0000][1][safepoint    ] Leaving safepoint region
[2019-12-08T11:46:40.834+0000][1][safepoint    ] Total time for which application threads were stopped: 0.0000821 seconds, Stopping threads took: 0.0000193 seconds
[2019-12-08T11:46:41.834+0000][1][safepoint    ] Application time: 1.0000842 seconds
[2019-12-08T11:46:41.834+0000][1][safepoint    ] Entering safepoint region: Cleanup
[2019-12-08T11:46:41.834+0000][1][safepoint    ] Leaving safepoint region
[2019-12-08T11:46:41.834+0000][1][safepoint    ] Total time for which application threads were stopped: 0.0000827 seconds, Stopping threads took: 0.0000187 seconds
[2019-12-08T11:46:41.889+0000][1][safepoint    ] Application time: 0.0545098 seconds
[2019-12-08T11:46:41.889+0000][1][safepoint    ] Entering safepoint region: GenCollectForAllocation
[2019-12-08T11:46:41.889+0000][1][gc,start     ] GC(29) Pause Young (Allocation Failure)
[2019-12-08T11:46:41.889+0000][1][gc,task      ] GC(29) Using 4 workers of 4 for evacuation
[2019-12-08T11:46:41.893+0000][1][gc,age       ] GC(29) Desired survivor size 4456448 bytes, new threshold 6 (max threshold 6)
[2019-12-08T11:46:41.893+0000][1][gc,age       ] GC(29) Age table with threshold 6 (max threshold 6)
[2019-12-08T11:46:41.893+0000][1][gc,age       ] GC(29) - age   1:       4760 bytes,       4760 total
[2019-12-08T11:46:41.893+0000][1][gc,age       ] GC(29) - age   2:       1840 bytes,       6600 total
[2019-12-08T11:46:41.893+0000][1][gc,age       ] GC(29) - age   3:       5328 bytes,      11928 total
[2019-12-08T11:46:41.893+0000][1][gc,age       ] GC(29) - age   4:       4192 bytes,      16120 total
[2019-12-08T11:46:41.893+0000][1][gc,age       ] GC(29) - age   5:       7768 bytes,      23888 total
[2019-12-08T11:46:41.893+0000][1][gc,age       ] GC(29) - age   6:      20952 bytes,      44840 total
[2019-12-08T11:46:41.893+0000][1][gc,heap      ] GC(29) ParNew: 73084K->1134K(78656K)
[2019-12-08T11:46:41.893+0000][1][gc,heap      ] GC(29) CMS: 68180K->70017K(174784K)
[2019-12-08T11:46:41.893+0000][1][gc,metaspace ] GC(29) Metaspace: 69019K->69019K(1112064K)
[2019-12-08T11:46:41.893+0000][1][gc           ] GC(29) Pause Young (Allocation Failure) 137M->69M(247M) 3.834ms
[2019-12-08T11:46:41.893+0000][1][gc,cpu       ] GC(29) User=0.01s Sys=0.00s Real=0.01s
[2019-12-08T11:46:41.893+0000][1][safepoint    ] Leaving safepoint region
[2019-12-08T11:46:41.893+0000][1][safepoint    ] Total time for which application threads were stopped: 0.0039846 seconds, Stopping threads took: 0.0000173 seconds
[2019-12-08T11:46:42.893+0000][1][safepoint    ] Application time: 1.0000834 seconds
[2019-12-08T11:46:42.893+0000][1][safepoint    ] Entering safepoint region: Cleanup
[2019-12-08T11:46:42.893+0000][1][safepoint    ] Leaving safepoint region
[2019-12-08T11:46:42.893+0000][1][safepoint    ] Total time for which application threads were stopped: 0.0000806 seconds, Stopping threads took: 0.0000215 seconds
[2019-12-08T11:46:43.893+0000][1][safepoint    ] Application time: 1.0000737 seconds
[2019-12-08T11:46:43.893+0000][1][safepoint    ] Entering safepoint region: Cleanup
[2019-12-08T11:46:43.893+0000][1][safepoint    ] Leaving safepoint region
[2019-12-08T11:46:43.893+0000][1][safepoint    ] Total time for which application threads were stopped: 0.0000768 seconds, Stopping threads took: 0.0000171 seconds
[2019-12-08T11:46:44.893+0000][1][safepoint    ] Application time: 1.0000761 seconds
[2019-12-08T11:46:44.893+0000][1][safepoint    ] Entering safepoint region: Cleanup
[2019-12-08T11:46:44.893+0000][1][safepoint    ] Leaving safepoint region
[2019-12-08T11:46:44.893+0000][1][safepoint    ] Total time for which application threads were stopped: 0.0000813 seconds, Stopping threads took: 0.0000188 seconds
[2019-12-08T11:46:45.893+0000][1][safepoint    ] Application time: 1.0000758 seconds
[2019-12-08T11:46:45.894+0000][1][safepoint    ] Entering safepoint region: Cleanup
[2019-12-08T11:46:45.894+0000][1][safepoint    ] Leaving safepoint region
[2019-12-08T11:46:45.894+0000][1][safepoint    ] Total time for which application threads were stopped: 0.0000820 seconds, Stopping threads took: 0.0000196 seconds
[2019-12-08T11:46:46.894+0000][1][safepoint    ] Application time: 1.0000869 seconds
[2019-12-08T11:46:46.894+0000][1][safepoint    ] Entering safepoint region: Cleanup
[2019-12-08T11:46:46.894+0000][1][safepoint    ] Leaving safepoint region
[2019-12-08T11:46:46.894+0000][1][safepoint    ] Total time for which application threads were stopped: 0.0001126 seconds, Stopping threads took: 0.0000448 seconds
[2019-12-08T11:46:47.894+0000][1][safepoint    ] Application time: 1.0000828 seconds
[2019-12-08T11:46:47.894+0000][1][safepoint    ] Entering safepoint region: Cleanup
[2019-12-08T11:46:47.894+0000][1][safepoint    ] Leaving safepoint region
[2019-12-08T11:46:47.894+0000][1][safepoint    ] Total time for which application threads were stopped: 0.0000741 seconds, Stopping threads took: 0.0000167 seconds
[2019-12-08T11:46:48.894+0000][1][safepoint    ] Application time: 1.0000780 seconds
[2019-12-08T11:46:48.894+0000][1][safepoint    ] Entering safepoint region: Cleanup
[2019-12-08T11:46:48.894+0000][1][safepoint    ] Leaving safepoint region
[2019-12-08T11:46:48.894+0000][1][safepoint    ] Total time for which application threads were stopped: 0.0000859 seconds, Stopping threads took: 0.0000197 seconds
[2019-12-08T11:46:49.894+0000][1][safepoint    ] Application time: 1.0000775 seconds
[2019-12-08T11:46:49.894+0000][1][safepoint    ] Entering safepoint region: Cleanup
[2019-12-08T11:46:49.894+0000][1][safepoint    ] Leaving safepoint region
[2019-12-08T11:46:49.894+0000][1][safepoint    ] Total time for which application threads were stopped: 0.0000793 seconds, Stopping threads took: 0.0000168 seconds
[2019-12-08T11:46:50.895+0000][1][safepoint    ] Application time: 1.0000759 seconds
[2019-12-08T11:46:50.895+0000][1][safepoint    ] Entering safepoint region: Cleanup
[2019-12-08T11:46:50.895+0000][1][safepoint    ] Leaving safepoint region
[2019-12-08T11:46:50.895+0000][1][safepoint    ] Total time for which application threads were stopped: 0.0000742 seconds, Stopping threads took: 0.0000180 seconds
[2019-12-08T11:46:51.895+0000][1][safepoint    ] Application time: 1.0000765 seconds
[2019-12-08T11:46:51.895+0000][1][safepoint    ] Entering safepoint region: Cleanup
[2019-12-08T11:46:51.895+0000][1][safepoint    ] Leaving safepoint region
[2019-12-08T11:46:51.895+0000][1][safepoint    ] Total time for which application threads were stopped: 0.0000762 seconds, Stopping threads took: 0.0000181 seconds
[2019-12-08T11:46:52.895+0000][1][safepoint    ] Application time: 1.0000754 seconds
[2019-12-08T11:46:52.895+0000][1][safepoint    ] Entering safepoint region: Cleanup
[2019-12-08T11:46:52.895+0000][1][safepoint    ] Leaving safepoint region
[2019-12-08T11:46:52.895+0000][1][safepoint    ] Total time for which application threads were stopped: 0.0000752 seconds, Stopping threads took: 0.0000181 seconds
[2019-12-08T11:46:53.895+0000][1][safepoint    ] Application time: 1.0000756 seconds
[2019-12-08T11:46:53.895+0000][1][safepoint    ] Entering safepoint region: Cleanup
[2019-12-08T11:46:53.895+0000][1][safepoint    ] Leaving safepoint region
[2019-12-08T11:46:53.895+0000][1][safepoint    ] Total time for which application threads were stopped: 0.0000766 seconds, Stopping threads took: 0.0000183 seconds
[2019-12-08T11:46:54.895+0000][1][safepoint    ] Application time: 1.0000755 seconds
[2019-12-08T11:46:54.895+0000][1][safepoint    ] Entering safepoint region: Cleanup
[2019-12-08T11:46:54.895+0000][1][safepoint    ] Leaving safepoint region
[2019-12-08T11:46:54.895+0000][1][safepoint    ] Total time for which application threads were stopped: 0.0000815 seconds, Stopping threads took: 0.0000228 seconds
[2019-12-08T11:46:55.895+0000][1][safepoint    ] Application time: 1.0000759 seconds
[2019-12-08T11:46:55.896+0000][1][safepoint    ] Entering safepoint region: Cleanup
[2019-12-08T11:46:55.896+0000][1][safepoint    ] Leaving safepoint region
[2019-12-08T11:46:55.896+0000][1][safepoint    ] Total time for which application threads were stopped: 0.0000759 seconds, Stopping threads took: 0.0000170 seconds
[2019-12-08T11:46:56.896+0000][1][safepoint    ] Application time: 1.0000824 seconds
[2019-12-08T11:46:56.896+0000][1][safepoint    ] Entering safepoint region: Cleanup
[2019-12-08T11:46:56.896+0000][1][safepoint    ] Leaving safepoint region
[2019-12-08T11:46:56.896+0000][1][safepoint    ] Total time for which application threads were stopped: 0.0000770 seconds, Stopping threads took: 0.0000183 seconds
[2019-12-08T11:46:57.896+0000][1][safepoint    ] Application time: 1.0000746 seconds
[2019-12-08T11:46:57.896+0000][1][safepoint    ] Entering safepoint region: Cleanup
[2019-12-08T11:46:57.896+0000][1][safepoint    ] Leaving safepoint region
[2019-12-08T11:46:57.896+0000][1][safepoint    ] Total time for which application threads were stopped: 0.0000745 seconds, Stopping threads took: 0.0000173 seconds
[2019-12-08T11:46:58.896+0000][1][safepoint    ] Application time: 1.0000831 seconds
[2019-12-08T11:46:58.896+0000][1][safepoint    ] Entering safepoint region: Cleanup
[2019-12-08T11:46:58.896+0000][1][safepoint    ] Leaving safepoint region
[2019-12-08T11:46:58.896+0000][1][safepoint    ] Total time for which application threads were stopped: 0.0001158 seconds, Stopping threads took: 0.0000269 seconds
[2019-12-08T11:46:59.896+0000][1][safepoint    ] Application time: 1.0000829 seconds
[2019-12-08T11:46:59.896+0000][1][safepoint    ] Entering safepoint region: Cleanup
[2019-12-08T11:46:59.896+0000][1][safepoint    ] Leaving safepoint region
[2019-12-08T11:46:59.896+0000][1][safepoint    ] Total time for which application threads were stopped: 0.0000914 seconds, Stopping threads took: 0.0000258 seconds
[2019-12-08T11:47:00.897+0000][1][safepoint    ] Application time: 1.0000807 seconds
[2019-12-08T11:47:00.897+0000][1][safepoint    ] Entering safepoint region: Cleanup
[2019-12-08T11:47:00.897+0000][1][safepoint    ] Leaving safepoint region
[2019-12-08T11:47:00.897+0000][1][safepoint    ] Total time for which application threads were stopped: 0.0000760 seconds, Stopping threads took: 0.0000180 seconds
[2019-12-08T11:47:01.897+0000][1][safepoint    ] Application time: 1.0000503 seconds
[2019-12-08T11:47:01.897+0000][1][safepoint    ] Entering safepoint region: Cleanup
[2019-12-08T11:47:01.897+0000][1][safepoint    ] Leaving safepoint region
[2019-12-08T11:47:01.897+0000][1][safepoint    ] Total time for which application threads were stopped: 0.0001162 seconds, Stopping threads took: 0.0000278 seconds
[2019-12-08T11:47:02.897+0000][1][safepoint    ] Application time: 1.0000840 seconds
[2019-12-08T11:47:02.897+0000][1][safepoint    ] Entering safepoint region: Cleanup
[2019-12-08T11:47:02.897+0000][1][safepoint    ] Leaving safepoint region
[2019-12-08T11:47:02.897+0000][1][safepoint    ] Total time for which application threads were stopped: 0.0000826 seconds, Stopping threads took: 0.0000187 seconds
[2019-12-08T11:47:03.897+0000][1][safepoint    ] Application time: 1.0000770 seconds
[2019-12-08T11:47:03.897+0000][1][safepoint    ] Entering safepoint region: Cleanup
[2019-12-08T11:47:03.897+0000][1][safepoint    ] Leaving safepoint region
[2019-12-08T11:47:03.897+0000][1][safepoint    ] Total time for which application threads were stopped: 0.0000720 seconds, Stopping threads took: 0.0000172 seconds
[2019-12-08T11:47:04.897+0000][1][safepoint    ] Application time: 1.0000841 seconds
[2019-12-08T11:47:04.897+0000][1][safepoint    ] Entering safepoint region: Cleanup
[2019-12-08T11:47:04.897+0000][1][safepoint    ] Leaving safepoint region
[2019-12-08T11:47:04.897+0000][1][safepoint    ] Total time for which application threads were stopped: 0.0000810 seconds, Stopping threads took: 0.0000200 seconds
[2019-12-08T11:47:05.898+0000][1][safepoint    ] Application time: 1.0000810 seconds
[2019-12-08T11:47:05.898+0000][1][safepoint    ] Entering safepoint region: Cleanup
[2019-12-08T11:47:05.898+0000][1][safepoint    ] Leaving safepoint region
[2019-12-08T11:47:05.898+0000][1][safepoint    ] Total time for which application threads were stopped: 0.0000730 seconds, Stopping threads took: 0.0000173 seconds
[2019-12-08T11:47:06.898+0000][1][safepoint    ] Application time: 1.0000362 seconds
[2019-12-08T11:47:06.898+0000][1][safepoint    ] Entering safepoint region: Cleanup
[2019-12-08T11:47:06.898+0000][1][safepoint    ] Leaving safepoint region
[2019-12-08T11:47:06.898+0000][1][safepoint    ] Total time for which application threads were stopped: 0.0000717 seconds, Stopping threads took: 0.0000169 seconds
[2019-12-08T11:47:07.898+0000][1][safepoint    ] Application time: 1.0000755 seconds
[2019-12-08T11:47:07.898+0000][1][safepoint    ] Entering safepoint region: Cleanup
[2019-12-08T11:47:07.898+0000][1][safepoint    ] Leaving safepoint region
[2019-12-08T11:47:07.898+0000][1][safepoint    ] Total time for which application threads were stopped: 0.0000725 seconds, Stopping threads took: 0.0000162 seconds
[2019-12-08T11:47:08.898+0000][1][safepoint    ] Application time: 1.0000787 seconds
[2019-12-08T11:47:08.898+0000][1][safepoint    ] Entering safepoint region: Cleanup
[2019-12-08T11:47:08.898+0000][1][safepoint    ] Leaving safepoint region
[2019-12-08T11:47:08.898+0000][1][safepoint    ] Total time for which application threads were stopped: 0.0000741 seconds, Stopping threads took: 0.0000181 seconds
[2019-12-08T11:47:09.898+0000][1][safepoint    ] Application time: 1.0000775 seconds
[2019-12-08T11:47:09.898+0000][1][safepoint    ] Entering safepoint region: Cleanup
[2019-12-08T11:47:09.898+0000][1][safepoint    ] Leaving safepoint region
[2019-12-08T11:47:09.898+0000][1][safepoint    ] Total time for which application threads were stopped: 0.0000720 seconds, Stopping threads took: 0.0000174 seconds
[2019-12-08T11:47:10.898+0000][1][safepoint    ] Application time: 1.0000790 seconds
[2019-12-08T11:47:10.899+0000][1][safepoint    ] Entering safepoint region: Cleanup
[2019-12-08T11:47:10.899+0000][1][safepoint    ] Leaving safepoint region
[2019-12-08T11:47:10.899+0000][1][safepoint    ] Total time for which application threads were stopped: 0.0000743 seconds, Stopping threads took: 0.0000188 seconds
[2019-12-08T11:47:11.899+0000][1][safepoint    ] Application time: 1.0000789 seconds
[2019-12-08T11:47:11.899+0000][1][safepoint    ] Entering safepoint region: Cleanup
[2019-12-08T11:47:11.899+0000][1][safepoint    ] Leaving safepoint region
[2019-12-08T11:47:11.899+0000][1][safepoint    ] Total time for which application threads were stopped: 0.0000845 seconds, Stopping threads took: 0.0000262 seconds
[2019-12-08T11:47:12.899+0000][1][safepoint    ] Application time: 1.0000768 seconds
[2019-12-08T11:47:12.899+0000][1][safepoint    ] Entering safepoint region: Cleanup
[2019-12-08T11:47:12.899+0000][1][safepoint    ] Leaving safepoint region
[2019-12-08T11:47:12.899+0000][1][safepoint    ] Total time for which application threads were stopped: 0.0000765 seconds, Stopping threads took: 0.0000165 seconds
[2019-12-08T11:47:13.899+0000][1][safepoint    ] Application time: 1.0000757 seconds
[2019-12-08T11:47:13.899+0000][1][safepoint    ] Entering safepoint region: Cleanup
[2019-12-08T11:47:13.899+0000][1][safepoint    ] Leaving safepoint region
[2019-12-08T11:47:13.899+0000][1][safepoint    ] Total time for which application threads were stopped: 0.0000723 seconds, Stopping threads took: 0.0000172 seconds
[2019-12-08T11:47:14.899+0000][1][safepoint    ] Application time: 1.0000770 seconds
[2019-12-08T11:47:14.899+0000][1][safepoint    ] Entering safepoint region: Cleanup
[2019-12-08T11:47:14.899+0000][1][safepoint    ] Leaving safepoint region
[2019-12-08T11:47:14.899+0000][1][safepoint    ] Total time for which application threads were stopped: 0.0000738 seconds, Stopping threads took: 0.0000188 seconds
[2019-12-08T11:47:15.899+0000][1][safepoint    ] Application time: 1.0000743 seconds
[2019-12-08T11:47:15.899+0000][1][safepoint    ] Entering safepoint region: Cleanup
[2019-12-08T11:47:15.899+0000][1][safepoint    ] Leaving safepoint region
[2019-12-08T11:47:15.899+0000][1][safepoint    ] Total time for which application threads were stopped: 0.0000699 seconds, Stopping threads took: 0.0000158 seconds
[2019-12-08T11:47:16.900+0000][1][safepoint    ] Application time: 1.0000737 seconds
[2019-12-08T11:47:16.900+0000][1][safepoint    ] Entering safepoint region: Cleanup
[2019-12-08T11:47:16.900+0000][1][safepoint    ] Leaving safepoint region
[2019-12-08T11:47:16.900+0000][1][safepoint    ] Total time for which application threads were stopped: 0.0000722 seconds, Stopping threads took: 0.0000171 seconds
[2019-12-08T11:47:17.900+0000][1][safepoint    ] Application time: 1.0000841 seconds
[2019-12-08T11:47:17.900+0000][1][safepoint    ] Entering safepoint region: Cleanup
[2019-12-08T11:47:17.900+0000][1][safepoint    ] Leaving safepoint region
[2019-12-08T11:47:17.900+0000][1][safepoint    ] Total time for which application threads were stopped: 0.0000715 seconds, Stopping threads took: 0.0000173 seconds
[2019-12-08T11:47:18.900+0000][1][safepoint    ] Application time: 1.0000819 seconds
[2019-12-08T11:47:18.900+0000][1][safepoint    ] Entering safepoint region: Cleanup
[2019-12-08T11:47:18.900+0000][1][safepoint    ] Leaving safepoint region
[2019-12-08T11:47:18.900+0000][1][safepoint    ] Total time for which application threads were stopped: 0.0000777 seconds, Stopping threads took: 0.0000184 seconds
[2019-12-08T11:47:19.900+0000][1][safepoint    ] Application time: 1.0000768 seconds
[2019-12-08T11:47:19.900+0000][1][safepoint    ] Entering safepoint region: Cleanup
[2019-12-08T11:47:19.900+0000][1][safepoint    ] Leaving safepoint region
[2019-12-08T11:47:19.900+0000][1][safepoint    ] Total time for which application threads were stopped: 0.0000717 seconds, Stopping threads took: 0.0000172 seconds
[2019-12-08T11:47:20.900+0000][1][safepoint    ] Application time: 1.0000765 seconds
[2019-12-08T11:47:20.900+0000][1][safepoint    ] Entering safepoint region: Cleanup
[2019-12-08T11:47:20.900+0000][1][safepoint    ] Leaving safepoint region
[2019-12-08T11:47:20.900+0000][1][safepoint    ] Total time for which application threads were stopped: 0.0000747 seconds, Stopping threads took: 0.0000182 seconds
[2019-12-08T11:47:21.901+0000][1][safepoint    ] Application time: 1.0000778 seconds
[2019-12-08T11:47:21.901+0000][1][safepoint    ] Entering safepoint region: Cleanup
[2019-12-08T11:47:21.901+0000][1][safepoint    ] Leaving safepoint region
[2019-12-08T11:47:21.901+0000][1][safepoint    ] Total time for which application threads were stopped: 0.0000729 seconds, Stopping threads took: 0.0000168 seconds
[2019-12-08T11:47:22.901+0000][1][safepoint    ] Application time: 1.0000800 seconds
[2019-12-08T11:47:22.901+0000][1][safepoint    ] Entering safepoint region: Cleanup
[2019-12-08T11:47:22.901+0000][1][safepoint    ] Leaving safepoint region
[2019-12-08T11:47:22.901+0000][1][safepoint    ] Total time for which application threads were stopped: 0.0000960 seconds, Stopping threads took: 0.0000361 seconds
[2019-12-08T11:47:23.901+0000][1][safepoint    ] Application time: 1.0000771 seconds
[2019-12-08T11:47:23.901+0000][1][safepoint    ] Entering safepoint region: Cleanup
[2019-12-08T11:47:23.901+0000][1][safepoint    ] Leaving safepoint region
[2019-12-08T11:47:23.901+0000][1][safepoint    ] Total time for which application threads were stopped: 0.0000738 seconds, Stopping threads took: 0.0000178 seconds
[2019-12-08T11:47:24.901+0000][1][safepoint    ] Application time: 1.0000766 seconds
[2019-12-08T11:47:24.901+0000][1][safepoint    ] Entering safepoint region: Cleanup
[2019-12-08T11:47:24.901+0000][1][safepoint    ] Leaving safepoint region
[2019-12-08T11:47:24.901+0000][1][safepoint    ] Total time for which application threads were stopped: 0.0000753 seconds, Stopping threads took: 0.0000179 seconds
[2019-12-08T11:47:25.901+0000][1][safepoint    ] Application time: 1.0000762 seconds
[2019-12-08T11:47:25.901+0000][1][safepoint    ] Entering safepoint region: Cleanup
[2019-12-08T11:47:25.901+0000][1][safepoint    ] Leaving safepoint region
[2019-12-08T11:47:25.901+0000][1][safepoint    ] Total time for which application threads were stopped: 0.0000790 seconds, Stopping threads took: 0.0000184 seconds
[2019-12-08T11:47:26.902+0000][1][safepoint    ] Application time: 1.0000773 seconds
[2019-12-08T11:47:26.902+0000][1][safepoint    ] Entering safepoint region: Cleanup
[2019-12-08T11:47:26.902+0000][1][safepoint    ] Leaving safepoint region
[2019-12-08T11:47:26.902+0000][1][safepoint    ] Total time for which application threads were stopped: 0.0000756 seconds, Stopping threads took: 0.0000178 seconds
[2019-12-08T11:47:27.902+0000][1][safepoint    ] Application time: 1.0000788 seconds
[2019-12-08T11:47:27.902+0000][1][safepoint    ] Entering safepoint region: Cleanup
[2019-12-08T11:47:27.902+0000][1][safepoint    ] Leaving safepoint region
[2019-12-08T11:47:27.902+0000][1][safepoint    ] Total time for which application threads were stopped: 0.0000752 seconds, Stopping threads took: 0.0000181 seconds
[2019-12-08T11:47:28.902+0000][1][safepoint    ] Application time: 1.0000824 seconds
[2019-12-08T11:47:28.902+0000][1][safepoint    ] Entering safepoint region: Cleanup
[2019-12-08T11:47:28.902+0000][1][safepoint    ] Leaving safepoint region
[2019-12-08T11:47:28.902+0000][1][safepoint    ] Total time for which application threads were stopped: 0.0000796 seconds, Stopping threads took: 0.0000192 seconds
[2019-12-08T11:47:29.902+0000][1][safepoint    ] Application time: 1.0000806 seconds
[2019-12-08T11:47:29.902+0000][1][safepoint    ] Entering safepoint region: Cleanup
[2019-12-08T11:47:29.902+0000][1][safepoint    ] Leaving safepoint region
[2019-12-08T11:47:29.902+0000][1][safepoint    ] Total time for which application threads were stopped: 0.0000771 seconds, Stopping threads took: 0.0000182 seconds
[2019-12-08T11:47:30.902+0000][1][safepoint    ] Application time: 1.0000815 seconds
[2019-12-08T11:47:30.902+0000][1][safepoint    ] Entering safepoint region: Cleanup
[2019-12-08T11:47:30.902+0000][1][safepoint    ] Leaving safepoint region
[2019-12-08T11:47:30.902+0000][1][safepoint    ] Total time for which application threads were stopped: 0.0000779 seconds, Stopping threads took: 0.0000178 seconds
[2019-12-08T11:47:31.903+0000][1][safepoint    ] Application time: 1.0000776 seconds
[2019-12-08T11:47:31.903+0000][1][safepoint    ] Entering safepoint region: Cleanup
[2019-12-08T11:47:31.903+0000][1][safepoint    ] Leaving safepoint region
[2019-12-08T11:47:31.903+0000][1][safepoint    ] Total time for which application threads were stopped: 0.0000751 seconds, Stopping threads took: 0.0000182 seconds
[2019-12-08T11:47:32.903+0000][1][safepoint    ] Application time: 1.0000777 seconds
[2019-12-08T11:47:32.903+0000][1][safepoint    ] Entering safepoint region: Cleanup
[2019-12-08T11:47:32.903+0000][1][safepoint    ] Leaving safepoint region
[2019-12-08T11:47:32.903+0000][1][safepoint    ] Total time for which application threads were stopped: 0.0000727 seconds, Stopping threads took: 0.0000166 seconds
[2019-12-08T11:47:33.903+0000][1][safepoint    ] Application time: 1.0000750 seconds
[2019-12-08T11:47:33.903+0000][1][safepoint    ] Entering safepoint region: Cleanup
[2019-12-08T11:47:33.903+0000][1][safepoint    ] Leaving safepoint region
[2019-12-08T11:47:33.903+0000][1][safepoint    ] Total time for which application threads were stopped: 0.0000737 seconds, Stopping threads took: 0.0000183 seconds
[2019-12-08T11:47:34.903+0000][1][safepoint    ] Application time: 1.0000786 seconds
[2019-12-08T11:47:34.903+0000][1][safepoint    ] Entering safepoint region: Cleanup
[2019-12-08T11:47:34.903+0000][1][safepoint    ] Leaving safepoint region
[2019-12-08T11:47:34.903+0000][1][safepoint    ] Total time for which application threads were stopped: 0.0000792 seconds, Stopping threads took: 0.0000183 seconds
[2019-12-08T11:47:35.903+0000][1][safepoint    ] Application time: 1.0000819 seconds
[2019-12-08T11:47:35.903+0000][1][safepoint    ] Entering safepoint region: Cleanup
[2019-12-08T11:47:35.903+0000][1][safepoint    ] Leaving safepoint region
[2019-12-08T11:47:35.903+0000][1][safepoint    ] Total time for which application threads were stopped: 0.0000768 seconds, Stopping threads took: 0.0000184 seconds
[2019-12-08T11:47:36.904+0000][1][safepoint    ] Application time: 1.0000773 seconds
[2019-12-08T11:47:36.904+0000][1][safepoint    ] Entering safepoint region: Cleanup
[2019-12-08T11:47:36.904+0000][1][safepoint    ] Leaving safepoint region
[2019-12-08T11:47:36.904+0000][1][safepoint    ] Total time for which application threads were stopped: 0.0000747 seconds, Stopping threads took: 0.0000175 seconds
[2019-12-08T11:47:37.904+0000][1][safepoint    ] Application time: 1.0000770 seconds
[2019-12-08T11:47:37.904+0000][1][safepoint    ] Entering safepoint region: Cleanup
[2019-12-08T11:47:37.904+0000][1][safepoint    ] Leaving safepoint region
[2019-12-08T11:47:37.904+0000][1][safepoint    ] Total time for which application threads were stopped: 0.0000772 seconds, Stopping threads took: 0.0000195 seconds
[2019-12-08T11:47:38.904+0000][1][safepoint    ] Application time: 1.0000728 seconds
[2019-12-08T11:47:38.904+0000][1][safepoint    ] Entering safepoint region: Cleanup
[2019-12-08T11:47:38.904+0000][1][safepoint    ] Leaving safepoint region
[2019-12-08T11:47:38.904+0000][1][safepoint    ] Total time for which application threads were stopped: 0.0000778 seconds, Stopping threads took: 0.0000192 seconds
[2019-12-08T11:47:39.904+0000][1][safepoint    ] Application time: 1.0000770 seconds
[2019-12-08T11:47:39.904+0000][1][safepoint    ] Entering safepoint region: Cleanup
[2019-12-08T11:47:39.904+0000][1][safepoint    ] Leaving safepoint region
[2019-12-08T11:47:39.904+0000][1][safepoint    ] Total time for which application threads were stopped: 0.0000855 seconds, Stopping threads took: 0.0000181 seconds
[2019-12-08T11:47:41.884+0000][1][safepoint    ] Application time: 1.9797639 seconds
[2019-12-08T11:47:41.884+0000][1][safepoint    ] Entering safepoint region: Cleanup
[2019-12-08T11:47:41.884+0000][1][safepoint    ] Leaving safepoint region
[2019-12-08T11:47:41.884+0000][1][safepoint    ] Total time for which application threads were stopped: 0.0000772 seconds, Stopping threads took: 0.0000162 seconds
[2019-12-08T11:47:42.884+0000][1][safepoint    ] Application time: 1.0000765 seconds
[2019-12-08T11:47:42.884+0000][1][safepoint    ] Entering safepoint region: Cleanup
[2019-12-08T11:47:42.884+0000][1][safepoint    ] Leaving safepoint region
[2019-12-08T11:47:42.884+0000][1][safepoint    ] Total time for which application threads were stopped: 0.0000707 seconds, Stopping threads took: 0.0000165 seconds
[2019-12-08T11:47:43.884+0000][1][safepoint    ] Application time: 1.0000870 seconds
[2019-12-08T11:47:43.884+0000][1][safepoint    ] Entering safepoint region: Cleanup
[2019-12-08T11:47:43.884+0000][1][safepoint    ] Leaving safepoint region
[2019-12-08T11:47:43.884+0000][1][safepoint    ] Total time for which application threads were stopped: 0.0000965 seconds, Stopping threads took: 0.0000224 seconds
[2019-12-08T11:47:44.885+0000][1][safepoint    ] Application time: 1.0000817 seconds
[2019-12-08T11:47:44.885+0000][1][safepoint    ] Entering safepoint region: Cleanup
[2019-12-08T11:47:44.885+0000][1][safepoint    ] Leaving safepoint region
[2019-12-08T11:47:44.885+0000][1][safepoint    ] Total time for which application threads were stopped: 0.0000923 seconds, Stopping threads took: 0.0000172 seconds
[2019-12-08T11:47:45.885+0000][1][safepoint    ] Application time: 1.0000852 seconds
[2019-12-08T11:47:45.885+0000][1][safepoint    ] Entering safepoint region: Cleanup
[2019-12-08T11:47:45.885+0000][1][safepoint    ] Leaving safepoint region
[2019-12-08T11:47:45.885+0000][1][safepoint    ] Total time for which application threads were stopped: 0.0000931 seconds, Stopping threads took: 0.0000221 seconds
[2019-12-08T11:47:46.885+0000][1][safepoint    ] Application time: 1.0000857 seconds
[2019-12-08T11:47:46.885+0000][1][safepoint    ] Entering safepoint region: Cleanup
[2019-12-08T11:47:46.885+0000][1][safepoint    ] Leaving safepoint region
[2019-12-08T11:47:46.885+0000][1][safepoint    ] Total time for which application threads were stopped: 0.0000714 seconds, Stopping threads took: 0.0000188 seconds
[2019-12-08T11:47:47.885+0000][1][safepoint    ] Application time: 1.0000775 seconds
[2019-12-08T11:47:47.885+0000][1][safepoint    ] Entering safepoint region: Cleanup
[2019-12-08T11:47:47.885+0000][1][safepoint    ] Leaving safepoint region
[2019-12-08T11:47:47.885+0000][1][safepoint    ] Total time for which application threads were stopped: 0.0000697 seconds, Stopping threads took: 0.0000172 seconds
[2019-12-08T11:47:48.885+0000][1][safepoint    ] Application time: 1.0000843 seconds
[2019-12-08T11:47:48.885+0000][1][safepoint    ] Entering safepoint region: Cleanup
[2019-12-08T11:47:48.886+0000][1][safepoint    ] Leaving safepoint region
[2019-12-08T11:47:48.886+0000][1][safepoint    ] Total time for which application threads were stopped: 0.0000974 seconds, Stopping threads took: 0.0000243 seconds
[2019-12-08T11:47:49.886+0000][1][safepoint    ] Application time: 1.0000782 seconds
[2019-12-08T11:47:49.886+0000][1][safepoint    ] Entering safepoint region: Cleanup
[2019-12-08T11:47:49.886+0000][1][safepoint    ] Leaving safepoint region
[2019-12-08T11:47:49.886+0000][1][safepoint    ] Total time for which application threads were stopped: 0.0000819 seconds, Stopping threads took: 0.0000169 seconds
[2019-12-08T11:47:50.886+0000][1][safepoint    ] Application time: 1.0000781 seconds
[2019-12-08T11:47:50.886+0000][1][safepoint    ] Entering safepoint region: Cleanup
[2019-12-08T11:47:50.886+0000][1][safepoint    ] Leaving safepoint region
[2019-12-08T11:47:50.886+0000][1][safepoint    ] Total time for which application threads were stopped: 0.0000715 seconds, Stopping threads took: 0.0000180 seconds
[2019-12-08T11:47:51.886+0000][1][safepoint    ] Application time: 1.0000785 seconds
[2019-12-08T11:47:51.886+0000][1][safepoint    ] Entering safepoint region: Cleanup
[2019-12-08T11:47:51.886+0000][1][safepoint    ] Leaving safepoint region
[2019-12-08T11:47:51.886+0000][1][safepoint    ] Total time for which application threads were stopped: 0.0000693 seconds, Stopping threads took: 0.0000165 seconds
[2019-12-08T11:47:52.886+0000][1][safepoint    ] Application time: 1.0000779 seconds
[2019-12-08T11:47:52.886+0000][1][safepoint    ] Entering safepoint region: Cleanup
[2019-12-08T11:47:52.886+0000][1][safepoint    ] Leaving safepoint region
[2019-12-08T11:47:52.886+0000][1][safepoint    ] Total time for which application threads were stopped: 0.0000741 seconds, Stopping threads took: 0.0000176 seconds
[2019-12-08T11:47:53.886+0000][1][safepoint    ] Application time: 1.0000882 seconds
[2019-12-08T11:47:53.886+0000][1][safepoint    ] Entering safepoint region: Cleanup
[2019-12-08T11:47:53.887+0000][1][safepoint    ] Leaving safepoint region
[2019-12-08T11:47:53.887+0000][1][safepoint    ] Total time for which application threads were stopped: 0.0001709 seconds, Stopping threads took: 0.0000807 seconds
[2019-12-08T11:47:54.887+0000][1][safepoint    ] Application time: 1.0000902 seconds
[2019-12-08T11:47:54.887+0000][1][safepoint    ] Entering safepoint region: Cleanup
[2019-12-08T11:47:54.887+0000][1][safepoint    ] Leaving safepoint region
[2019-12-08T11:47:54.887+0000][1][safepoint    ] Total time for which application threads were stopped: 0.0001210 seconds, Stopping threads took: 0.0000574 seconds
[2019-12-08T11:47:55.887+0000][1][safepoint    ] Application time: 1.0000877 seconds
[2019-12-08T11:47:55.887+0000][1][safepoint    ] Entering safepoint region: Cleanup
[2019-12-08T11:47:55.887+0000][1][safepoint    ] Leaving safepoint region
[2019-12-08T11:47:55.887+0000][1][safepoint    ] Total time for which application threads were stopped: 0.0000832 seconds, Stopping threads took: 0.0000220 seconds
[2019-12-08T11:47:56.887+0000][1][safepoint    ] Application time: 1.0000843 seconds
[2019-12-08T11:47:56.887+0000][1][safepoint    ] Entering safepoint region: Cleanup
[2019-12-08T11:47:56.887+0000][1][safepoint    ] Leaving safepoint region
[2019-12-08T11:47:56.887+0000][1][safepoint    ] Total time for which application threads were stopped: 0.0001018 seconds, Stopping threads took: 0.0000234 seconds
[2019-12-08T11:47:57.888+0000][1][safepoint    ] Application time: 1.0002585 seconds
[2019-12-08T11:47:57.888+0000][1][safepoint    ] Entering safepoint region: Cleanup
[2019-12-08T11:47:57.888+0000][1][safepoint    ] Leaving safepoint region
[2019-12-08T11:47:57.888+0000][1][safepoint    ] Total time for which application threads were stopped: 0.0001020 seconds, Stopping threads took: 0.0000240 seconds
[2019-12-08T11:47:58.888+0000][1][safepoint    ] Application time: 1.0001021 seconds
[2019-12-08T11:47:58.888+0000][1][safepoint    ] Entering safepoint region: Cleanup
[2019-12-08T11:47:58.888+0000][1][safepoint    ] Leaving safepoint region
[2019-12-08T11:47:58.888+0000][1][safepoint    ] Total time for which application threads were stopped: 0.0000793 seconds, Stopping threads took: 0.0000204 seconds
[2019-12-08T11:47:59.888+0000][1][safepoint    ] Application time: 1.0000915 seconds
[2019-12-08T11:47:59.888+0000][1][safepoint    ] Entering safepoint region: Cleanup
[2019-12-08T11:47:59.888+0000][1][safepoint    ] Leaving safepoint region
[2019-12-08T11:47:59.888+0000][1][safepoint    ] Total time for which application threads were stopped: 0.0000818 seconds, Stopping threads took: 0.0000253 seconds
[2019-12-08T11:48:00.888+0000][1][safepoint    ] Application time: 1.0000793 seconds
[2019-12-08T11:48:00.888+0000][1][safepoint    ] Entering safepoint region: Cleanup
[2019-12-08T11:48:00.888+0000][1][safepoint    ] Leaving safepoint region
[2019-12-08T11:48:00.888+0000][1][safepoint    ] Total time for which application threads were stopped: 0.0000815 seconds, Stopping threads took: 0.0000226 seconds
[2019-12-08T11:48:01.888+0000][1][safepoint    ] Application time: 1.0000787 seconds
[2019-12-08T11:48:01.888+0000][1][safepoint    ] Entering safepoint region: Cleanup
[2019-12-08T11:48:01.888+0000][1][safepoint    ] Leaving safepoint region
[2019-12-08T11:48:01.888+0000][1][safepoint    ] Total time for which application threads were stopped: 0.0001017 seconds, Stopping threads took: 0.0000247 seconds
[2019-12-08T11:48:02.889+0000][1][safepoint    ] Application time: 1.0000794 seconds
[2019-12-08T11:48:02.889+0000][1][safepoint    ] Entering safepoint region: Cleanup
[2019-12-08T11:48:02.889+0000][1][safepoint    ] Leaving safepoint region
[2019-12-08T11:48:02.889+0000][1][safepoint    ] Total time for which application threads were stopped: 0.0000723 seconds, Stopping threads took: 0.0000169 seconds
[2019-12-08T11:48:03.889+0000][1][safepoint    ] Application time: 1.0000771 seconds
[2019-12-08T11:48:03.889+0000][1][safepoint    ] Entering safepoint region: Cleanup
[2019-12-08T11:48:03.889+0000][1][safepoint    ] Leaving safepoint region
[2019-12-08T11:48:03.889+0000][1][safepoint    ] Total time for which application threads were stopped: 0.0000763 seconds, Stopping threads took: 0.0000172 seconds
[2019-12-08T11:48:04.889+0000][1][safepoint    ] Application time: 1.0000818 seconds
[2019-12-08T11:48:04.889+0000][1][safepoint    ] Entering safepoint region: Cleanup
[2019-12-08T11:48:04.889+0000][1][safepoint    ] Leaving safepoint region
[2019-12-08T11:48:04.889+0000][1][safepoint    ] Total time for which application threads were stopped: 0.0000750 seconds, Stopping threads took: 0.0000183 seconds
[2019-12-08T11:48:05.889+0000][1][safepoint    ] Application time: 1.0000769 seconds
[2019-12-08T11:48:05.889+0000][1][safepoint    ] Entering safepoint region: Cleanup
[2019-12-08T11:48:05.889+0000][1][safepoint    ] Leaving safepoint region
[2019-12-08T11:48:05.889+0000][1][safepoint    ] Total time for which application threads were stopped: 0.0000708 seconds, Stopping threads took: 0.0000167 seconds
[2019-12-08T11:48:06.889+0000][1][safepoint    ] Application time: 1.0000807 seconds
[2019-12-08T11:48:06.889+0000][1][safepoint    ] Entering safepoint region: Cleanup
[2019-12-08T11:48:06.889+0000][1][safepoint    ] Leaving safepoint region
[2019-12-08T11:48:06.889+0000][1][safepoint    ] Total time for which application threads were stopped: 0.0000713 seconds, Stopping threads took: 0.0000166 seconds
[2019-12-08T11:48:07.889+0000][1][safepoint    ] Application time: 1.0000766 seconds
[2019-12-08T11:48:07.890+0000][1][safepoint    ] Entering safepoint region: Cleanup
[2019-12-08T11:48:07.890+0000][1][safepoint    ] Leaving safepoint region
[2019-12-08T11:48:07.890+0000][1][safepoint    ] Total time for which application threads were stopped: 0.0000733 seconds, Stopping threads took: 0.0000171 seconds
[2019-12-08T11:48:08.890+0000][1][safepoint    ] Application time: 1.0000784 seconds
[2019-12-08T11:48:08.890+0000][1][safepoint    ] Entering safepoint region: Cleanup
[2019-12-08T11:48:08.890+0000][1][safepoint    ] Leaving safepoint region
[2019-12-08T11:48:08.890+0000][1][safepoint    ] Total time for which application threads were stopped: 0.0000730 seconds, Stopping threads took: 0.0000166 seconds
[2019-12-08T11:48:09.890+0000][1][safepoint    ] Application time: 1.0000801 seconds
[2019-12-08T11:48:09.890+0000][1][safepoint    ] Entering safepoint region: Cleanup
[2019-12-08T11:48:09.890+0000][1][safepoint    ] Leaving safepoint region
[2019-12-08T11:48:09.890+0000][1][safepoint    ] Total time for which application threads were stopped: 0.0000742 seconds, Stopping threads took: 0.0000169 seconds
[2019-12-08T11:48:10.890+0000][1][safepoint    ] Application time: 1.0000773 seconds
[2019-12-08T11:48:10.890+0000][1][safepoint    ] Entering safepoint region: Cleanup
[2019-12-08T11:48:10.890+0000][1][safepoint    ] Leaving safepoint region
[2019-12-08T11:48:10.890+0000][1][safepoint    ] Total time for which application threads were stopped: 0.0000749 seconds, Stopping threads took: 0.0000181 seconds
[2019-12-08T11:48:11.890+0000][1][safepoint    ] Application time: 1.0000745 seconds
[2019-12-08T11:48:11.890+0000][1][safepoint    ] Entering safepoint region: Cleanup
[2019-12-08T11:48:11.890+0000][1][safepoint    ] Leaving safepoint region
[2019-12-08T11:48:11.890+0000][1][safepoint    ] Total time for which application threads were stopped: 0.0000753 seconds, Stopping threads took: 0.0000206 seconds
[2019-12-08T11:48:12.890+0000][1][safepoint    ] Application time: 1.0000746 seconds
[2019-12-08T11:48:12.890+0000][1][safepoint    ] Entering safepoint region: Cleanup
[2019-12-08T11:48:12.890+0000][1][safepoint    ] Leaving safepoint region
[2019-12-08T11:48:12.890+0000][1][safepoint    ] Total time for which application threads were stopped: 0.0000696 seconds, Stopping threads took: 0.0000156 seconds
[2019-12-08T11:48:13.891+0000][1][safepoint    ] Application time: 1.0000747 seconds
[2019-12-08T11:48:13.891+0000][1][safepoint    ] Entering safepoint region: Cleanup
[2019-12-08T11:48:13.891+0000][1][safepoint    ] Leaving safepoint region
[2019-12-08T11:48:13.891+0000][1][safepoint    ] Total time for which application threads were stopped: 0.0000724 seconds, Stopping threads took: 0.0000185 seconds
[2019-12-08T11:48:14.891+0000][1][safepoint    ] Application time: 1.0000754 seconds
[2019-12-08T11:48:14.891+0000][1][safepoint    ] Entering safepoint region: Cleanup
[2019-12-08T11:48:14.891+0000][1][safepoint    ] Leaving safepoint region
[2019-12-08T11:48:14.891+0000][1][safepoint    ] Total time for which application threads were stopped: 0.0000945 seconds, Stopping threads took: 0.0000176 seconds
[2019-12-08T11:48:15.891+0000][1][safepoint    ] Application time: 1.0000779 seconds
[2019-12-08T11:48:15.891+0000][1][safepoint    ] Entering safepoint region: Cleanup
[2019-12-08T11:48:15.891+0000][1][safepoint    ] Leaving safepoint region
[2019-12-08T11:48:15.891+0000][1][safepoint    ] Total time for which application threads were stopped: 0.0000734 seconds, Stopping threads took: 0.0000188 seconds
[2019-12-08T11:48:16.891+0000][1][safepoint    ] Application time: 1.0000771 seconds
[2019-12-08T11:48:16.891+0000][1][safepoint    ] Entering safepoint region: Cleanup
[2019-12-08T11:48:16.891+0000][1][safepoint    ] Leaving safepoint region
[2019-12-08T11:48:16.891+0000][1][safepoint    ] Total time for which application threads were stopped: 0.0000703 seconds, Stopping threads took: 0.0000171 seconds
[2019-12-08T11:48:17.891+0000][1][safepoint    ] Application time: 1.0000764 seconds
[2019-12-08T11:48:17.891+0000][1][safepoint    ] Entering safepoint region: Cleanup
[2019-12-08T11:48:17.891+0000][1][safepoint    ] Leaving safepoint region
[2019-12-08T11:48:17.891+0000][1][safepoint    ] Total time for which application threads were stopped: 0.0000725 seconds, Stopping threads took: 0.0000177 seconds
[2019-12-08T11:48:18.891+0000][1][safepoint    ] Application time: 1.0000764 seconds
[2019-12-08T11:48:18.891+0000][1][safepoint    ] Entering safepoint region: Cleanup
[2019-12-08T11:48:18.892+0000][1][safepoint    ] Leaving safepoint region
[2019-12-08T11:48:18.892+0000][1][safepoint    ] Total time for which application threads were stopped: 0.0000745 seconds, Stopping threads took: 0.0000178 seconds
[2019-12-08T11:48:19.892+0000][1][safepoint    ] Application time: 1.0000751 seconds
[2019-12-08T11:48:19.892+0000][1][safepoint    ] Entering safepoint region: Cleanup
[2019-12-08T11:48:19.892+0000][1][safepoint    ] Leaving safepoint region
[2019-12-08T11:48:19.892+0000][1][safepoint    ] Total time for which application threads were stopped: 0.0000851 seconds, Stopping threads took: 0.0000174 seconds
[2019-12-08T11:48:20.892+0000][1][safepoint    ] Application time: 1.0000749 seconds
[2019-12-08T11:48:20.892+0000][1][safepoint    ] Entering safepoint region: Cleanup
[2019-12-08T11:48:20.892+0000][1][safepoint    ] Leaving safepoint region
[2019-12-08T11:48:20.892+0000][1][safepoint    ] Total time for which application threads were stopped: 0.0000788 seconds, Stopping threads took: 0.0000207 seconds
[2019-12-08T11:48:21.892+0000][1][safepoint    ] Application time: 1.0000859 seconds
[2019-12-08T11:48:21.892+0000][1][safepoint    ] Entering safepoint region: Cleanup
[2019-12-08T11:48:21.892+0000][1][safepoint    ] Leaving safepoint region
[2019-12-08T11:48:21.892+0000][1][safepoint    ] Total time for which application threads were stopped: 0.0000717 seconds, Stopping threads took: 0.0000197 seconds
[2019-12-08T11:48:22.892+0000][1][safepoint    ] Application time: 1.0000767 seconds
[2019-12-08T11:48:22.892+0000][1][safepoint    ] Entering safepoint region: Cleanup
[2019-12-08T11:48:22.892+0000][1][safepoint    ] Leaving safepoint region
[2019-12-08T11:48:22.892+0000][1][safepoint    ] Total time for which application threads were stopped: 0.0000717 seconds, Stopping threads took: 0.0000193 seconds
[2019-12-08T11:48:23.892+0000][1][safepoint    ] Application time: 1.0000781 seconds
[2019-12-08T11:48:23.892+0000][1][safepoint    ] Entering safepoint region: Cleanup
[2019-12-08T11:48:23.892+0000][1][safepoint    ] Leaving safepoint region
[2019-12-08T11:48:23.892+0000][1][safepoint    ] Total time for which application threads were stopped: 0.0000714 seconds, Stopping threads took: 0.0000175 seconds
[2019-12-08T11:48:24.893+0000][1][safepoint    ] Application time: 1.0000752 seconds
[2019-12-08T11:48:24.893+0000][1][safepoint    ] Entering safepoint region: Cleanup
[2019-12-08T11:48:24.893+0000][1][safepoint    ] Leaving safepoint region
[2019-12-08T11:48:24.893+0000][1][safepoint    ] Total time for which application threads were stopped: 0.0000710 seconds, Stopping threads took: 0.0000175 seconds
[2019-12-08T11:48:25.893+0000][1][safepoint    ] Application time: 1.0000829 seconds
[2019-12-08T11:48:25.893+0000][1][safepoint    ] Entering safepoint region: Cleanup
[2019-12-08T11:48:25.893+0000][1][safepoint    ] Leaving safepoint region
[2019-12-08T11:48:25.893+0000][1][safepoint    ] Total time for which application threads were stopped: 0.0000718 seconds, Stopping threads took: 0.0000175 seconds
[2019-12-08T11:48:26.893+0000][1][safepoint    ] Application time: 1.0000742 seconds
[2019-12-08T11:48:26.893+0000][1][safepoint    ] Entering safepoint region: Cleanup
[2019-12-08T11:48:26.893+0000][1][safepoint    ] Leaving safepoint region
[2019-12-08T11:48:26.893+0000][1][safepoint    ] Total time for which application threads were stopped: 0.0000779 seconds, Stopping threads took: 0.0000173 seconds
[2019-12-08T11:48:27.893+0000][1][safepoint    ] Application time: 1.0000749 seconds
[2019-12-08T11:48:27.893+0000][1][safepoint    ] Entering safepoint region: Cleanup
[2019-12-08T11:48:27.893+0000][1][safepoint    ] Leaving safepoint region
[2019-12-08T11:48:27.893+0000][1][safepoint    ] Total time for which application threads were stopped: 0.0000703 seconds, Stopping threads took: 0.0000175 seconds
[2019-12-08T11:48:28.893+0000][1][safepoint    ] Application time: 1.0000809 seconds
[2019-12-08T11:48:28.893+0000][1][safepoint    ] Entering safepoint region: Cleanup
[2019-12-08T11:48:28.893+0000][1][safepoint    ] Leaving safepoint region
[2019-12-08T11:48:28.893+0000][1][safepoint    ] Total time for which application threads were stopped: 0.0000785 seconds, Stopping threads took: 0.0000190 seconds
[2019-12-08T11:48:29.893+0000][1][safepoint    ] Application time: 1.0000790 seconds
[2019-12-08T11:48:29.893+0000][1][safepoint    ] Entering safepoint region: Cleanup
[2019-12-08T11:48:29.894+0000][1][safepoint    ] Leaving safepoint region
[2019-12-08T11:48:29.894+0000][1][safepoint    ] Total time for which application threads were stopped: 0.0000757 seconds, Stopping threads took: 0.0000184 seconds
[2019-12-08T11:48:30.894+0000][1][safepoint    ] Application time: 1.0000778 seconds
[2019-12-08T11:48:30.894+0000][1][safepoint    ] Entering safepoint region: Cleanup
[2019-12-08T11:48:30.894+0000][1][safepoint    ] Leaving safepoint region
[2019-12-08T11:48:30.894+0000][1][safepoint    ] Total time for which application threads were stopped: 0.0000997 seconds, Stopping threads took: 0.0000403 seconds
[2019-12-08T11:48:31.894+0000][1][safepoint    ] Application time: 1.0000776 seconds
[2019-12-08T11:48:31.894+0000][1][safepoint    ] Entering safepoint region: Cleanup
[2019-12-08T11:48:31.894+0000][1][safepoint    ] Leaving safepoint region
[2019-12-08T11:48:31.894+0000][1][safepoint    ] Total time for which application threads were stopped: 0.0000775 seconds, Stopping threads took: 0.0000192 seconds
[2019-12-08T11:48:32.894+0000][1][safepoint    ] Application time: 1.0000771 seconds
[2019-12-08T11:48:32.894+0000][1][safepoint    ] Entering safepoint region: Cleanup
[2019-12-08T11:48:32.894+0000][1][safepoint    ] Leaving safepoint region
[2019-12-08T11:48:32.894+0000][1][safepoint    ] Total time for which application threads were stopped: 0.0000792 seconds, Stopping threads took: 0.0000198 seconds
[2019-12-08T11:48:33.894+0000][1][safepoint    ] Application time: 1.0000782 seconds
[2019-12-08T11:48:33.894+0000][1][safepoint    ] Entering safepoint region: Cleanup
[2019-12-08T11:48:33.894+0000][1][safepoint    ] Leaving safepoint region
[2019-12-08T11:48:33.894+0000][1][safepoint    ] Total time for which application threads were stopped: 0.0000783 seconds, Stopping threads took: 0.0000184 seconds
[2019-12-08T11:48:34.894+0000][1][safepoint    ] Application time: 1.0000828 seconds
[2019-12-08T11:48:34.895+0000][1][safepoint    ] Entering safepoint region: Cleanup
[2019-12-08T11:48:34.895+0000][1][safepoint    ] Leaving safepoint region
[2019-12-08T11:48:34.895+0000][1][safepoint    ] Total time for which application threads were stopped: 0.0000784 seconds, Stopping threads took: 0.0000188 seconds
[2019-12-08T11:48:35.895+0000][1][safepoint    ] Application time: 1.0000790 seconds
[2019-12-08T11:48:35.895+0000][1][safepoint    ] Entering safepoint region: Cleanup
[2019-12-08T11:48:35.895+0000][1][safepoint    ] Leaving safepoint region
[2019-12-08T11:48:35.895+0000][1][safepoint    ] Total time for which application threads were stopped: 0.0000815 seconds, Stopping threads took: 0.0000197 seconds
[2019-12-08T11:48:36.895+0000][1][safepoint    ] Application time: 1.0000777 seconds
[2019-12-08T11:48:36.895+0000][1][safepoint    ] Entering safepoint region: Cleanup
[2019-12-08T11:48:36.895+0000][1][safepoint    ] Leaving safepoint region
[2019-12-08T11:48:36.895+0000][1][safepoint    ] Total time for which application threads were stopped: 0.0000810 seconds, Stopping threads took: 0.0000186 seconds
[2019-12-08T11:48:37.895+0000][1][safepoint    ] Application time: 1.0000750 seconds
[2019-12-08T11:48:37.895+0000][1][safepoint    ] Entering safepoint region: Cleanup
[2019-12-08T11:48:37.895+0000][1][safepoint    ] Leaving safepoint region
[2019-12-08T11:48:37.895+0000][1][safepoint    ] Total time for which application threads were stopped: 0.0000762 seconds, Stopping threads took: 0.0000179 seconds
[2019-12-08T11:48:38.895+0000][1][safepoint    ] Application time: 1.0000758 seconds
[2019-12-08T11:48:38.895+0000][1][safepoint    ] Entering safepoint region: Cleanup
[2019-12-08T11:48:38.895+0000][1][safepoint    ] Leaving safepoint region
[2019-12-08T11:48:38.895+0000][1][safepoint    ] Total time for which application threads were stopped: 0.0000821 seconds, Stopping threads took: 0.0000209 seconds
[2019-12-08T11:48:39.895+0000][1][safepoint    ] Application time: 1.0000778 seconds
[2019-12-08T11:48:39.896+0000][1][safepoint    ] Entering safepoint region: Cleanup
[2019-12-08T11:48:39.896+0000][1][safepoint    ] Leaving safepoint region
[2019-12-08T11:48:39.896+0000][1][safepoint    ] Total time for which application threads were stopped: 0.0000767 seconds, Stopping threads took: 0.0000186 seconds
[2019-12-08T11:48:40.896+0000][1][safepoint    ] Application time: 1.0001060 seconds
[2019-12-08T11:48:40.896+0000][1][safepoint    ] Entering safepoint region: Cleanup
[2019-12-08T11:48:40.896+0000][1][safepoint    ] Leaving safepoint region
[2019-12-08T11:48:40.896+0000][1][safepoint    ] Total time for which application threads were stopped: 0.0000789 seconds, Stopping threads took: 0.0000201 seconds
[2019-12-08T11:48:41.896+0000][1][safepoint    ] Application time: 1.0000804 seconds
[2019-12-08T11:48:41.896+0000][1][safepoint    ] Entering safepoint region: Cleanup
[2019-12-08T11:48:41.896+0000][1][safepoint    ] Leaving safepoint region
[2019-12-08T11:48:41.896+0000][1][safepoint    ] Total time for which application threads were stopped: 0.0000772 seconds, Stopping threads took: 0.0000204 seconds
[2019-12-08T11:48:42.896+0000][1][safepoint    ] Application time: 1.0000787 seconds
[2019-12-08T11:48:42.896+0000][1][safepoint    ] Entering safepoint region: Cleanup
[2019-12-08T11:48:42.896+0000][1][safepoint    ] Leaving safepoint region
[2019-12-08T11:48:42.896+0000][1][safepoint    ] Total time for which application threads were stopped: 0.0000768 seconds, Stopping threads took: 0.0000194 seconds
[2019-12-08T11:48:43.896+0000][1][safepoint    ] Application time: 1.0000788 seconds
[2019-12-08T11:48:43.896+0000][1][safepoint    ] Entering safepoint region: Cleanup
[2019-12-08T11:48:43.896+0000][1][safepoint    ] Leaving safepoint region
[2019-12-08T11:48:43.896+0000][1][safepoint    ] Total time for which application threads were stopped: 0.0000780 seconds, Stopping threads took: 0.0000192 seconds
[2019-12-08T11:48:44.897+0000][1][safepoint    ] Application time: 1.0000853 seconds
[2019-12-08T11:48:44.897+0000][1][safepoint    ] Entering safepoint region: Cleanup
[2019-12-08T11:48:44.897+0000][1][safepoint    ] Leaving safepoint region
[2019-12-08T11:48:44.897+0000][1][safepoint    ] Total time for which application threads were stopped: 0.0000778 seconds, Stopping threads took: 0.0000199 seconds
[2019-12-08T11:48:45.897+0000][1][safepoint    ] Application time: 1.0000807 seconds
[2019-12-08T11:48:45.897+0000][1][safepoint    ] Entering safepoint region: Cleanup
[2019-12-08T11:48:45.897+0000][1][safepoint    ] Leaving safepoint region
[2019-12-08T11:48:45.897+0000][1][safepoint    ] Total time for which application threads were stopped: 0.0000757 seconds, Stopping threads took: 0.0000193 seconds
[2019-12-08T11:48:46.897+0000][1][safepoint    ] Application time: 1.0000780 seconds
[2019-12-08T11:48:46.897+0000][1][safepoint    ] Entering safepoint region: Cleanup
[2019-12-08T11:48:46.897+0000][1][safepoint    ] Leaving safepoint region
[2019-12-08T11:48:46.897+0000][1][safepoint    ] Total time for which application threads were stopped: 0.0000778 seconds, Stopping threads took: 0.0000206 seconds
[2019-12-08T11:48:47.897+0000][1][safepoint    ] Application time: 1.0000795 seconds
[2019-12-08T11:48:47.897+0000][1][safepoint    ] Entering safepoint region: Cleanup
[2019-12-08T11:48:47.897+0000][1][safepoint    ] Leaving safepoint region
[2019-12-08T11:48:47.897+0000][1][safepoint    ] Total time for which application threads were stopped: 0.0000782 seconds, Stopping threads took: 0.0000204 seconds
[2019-12-08T11:48:47.917+0000][1][safepoint    ] Application time: 0.0195371 seconds
[2019-12-08T11:48:47.917+0000][1][safepoint    ] Entering safepoint region: GenCollectForAllocation
[2019-12-08T11:48:47.917+0000][1][gc,start     ] GC(30) Pause Young (Allocation Failure)
[2019-12-08T11:48:47.917+0000][1][gc,task      ] GC(30) Using 4 workers of 4 for evacuation
[2019-12-08T11:48:47.918+0000][1][gc,age       ] GC(30) Desired survivor size 4456448 bytes, new threshold 6 (max threshold 6)
[2019-12-08T11:48:47.918+0000][1][gc,age       ] GC(30) Age table with threshold 6 (max threshold 6)
[2019-12-08T11:48:47.918+0000][1][gc,age       ] GC(30) - age   1:      12016 bytes,      12016 total
[2019-12-08T11:48:47.918+0000][1][gc,age       ] GC(30) - age   2:        704 bytes,      12720 total
[2019-12-08T11:48:47.918+0000][1][gc,age       ] GC(30) - age   3:       1624 bytes,      14344 total
[2019-12-08T11:48:47.918+0000][1][gc,age       ] GC(30) - age   4:       5296 bytes,      19640 total
[2019-12-08T11:48:47.918+0000][1][gc,age       ] GC(30) - age   5:       4160 bytes,      23800 total
[2019-12-08T11:48:47.918+0000][1][gc,age       ] GC(30) - age   6:       7768 bytes,      31568 total
[2019-12-08T11:48:47.918+0000][1][gc,heap      ] GC(30) ParNew: 71065K->218K(78656K)
[2019-12-08T11:48:47.918+0000][1][gc,heap      ] GC(30) CMS: 70017K->70037K(174784K)
[2019-12-08T11:48:47.918+0000][1][gc,metaspace ] GC(30) Metaspace: 69026K->69026K(1112064K)
[2019-12-08T11:48:47.918+0000][1][gc           ] GC(30) Pause Young (Allocation Failure) 137M->68M(247M) 1.467ms
[2019-12-08T11:48:47.918+0000][1][gc,cpu       ] GC(30) User=0.00s Sys=0.00s Real=0.00s
[2019-12-08T11:48:47.918+0000][1][safepoint    ] Leaving safepoint region
[2019-12-08T11:48:47.918+0000][1][safepoint    ] Total time for which application threads were stopped: 0.0016066 seconds, Stopping threads took: 0.0000207 seconds
[2019-12-08T11:48:48.919+0000][1][safepoint    ] Application time: 1.0000969 seconds
[2019-12-08T11:48:48.919+0000][1][safepoint    ] Entering safepoint region: Cleanup
[2019-12-08T11:48:48.919+0000][1][safepoint    ] Leaving safepoint region
[2019-12-08T11:48:48.919+0000][1][safepoint    ] Total time for which application threads were stopped: 0.0000816 seconds, Stopping threads took: 0.0000188 seconds
[2019-12-08T11:48:49.919+0000][1][safepoint    ] Application time: 1.0000867 seconds
[2019-12-08T11:48:49.919+0000][1][safepoint    ] Entering safepoint region: Cleanup
[2019-12-08T11:48:49.919+0000][1][safepoint    ] Leaving safepoint region
[2019-12-08T11:48:49.919+0000][1][safepoint    ] Total time for which application threads were stopped: 0.0000733 seconds, Stopping threads took: 0.0000189 seconds
[2019-12-08T11:48:50.919+0000][1][safepoint    ] Application time: 1.0000745 seconds
[2019-12-08T11:48:50.919+0000][1][safepoint    ] Entering safepoint region: Cleanup
[2019-12-08T11:48:50.919+0000][1][safepoint    ] Leaving safepoint region
[2019-12-08T11:48:50.919+0000][1][safepoint    ] Total time for which application threads were stopped: 0.0000741 seconds, Stopping threads took: 0.0000191 seconds
[2019-12-08T11:48:51.919+0000][1][safepoint    ] Application time: 1.0000799 seconds
[2019-12-08T11:48:51.919+0000][1][safepoint    ] Entering safepoint region: Cleanup
[2019-12-08T11:48:51.919+0000][1][safepoint    ] Leaving safepoint region
[2019-12-08T11:48:51.919+0000][1][safepoint    ] Total time for which application threads were stopped: 0.0000847 seconds, Stopping threads took: 0.0000188 seconds
[2019-12-08T11:48:52.919+0000][1][safepoint    ] Application time: 1.0000775 seconds
[2019-12-08T11:48:52.919+0000][1][safepoint    ] Entering safepoint region: Cleanup
[2019-12-08T11:48:52.919+0000][1][safepoint    ] Leaving safepoint region
[2019-12-08T11:48:52.919+0000][1][safepoint    ] Total time for which application threads were stopped: 0.0000768 seconds, Stopping threads took: 0.0000218 seconds
[2019-12-08T11:48:53.919+0000][1][safepoint    ] Application time: 1.0000827 seconds
[2019-12-08T11:48:53.920+0000][1][safepoint    ] Entering safepoint region: Cleanup
[2019-12-08T11:48:53.920+0000][1][safepoint    ] Leaving safepoint region
[2019-12-08T11:48:53.920+0000][1][safepoint    ] Total time for which application threads were stopped: 0.0000742 seconds, Stopping threads took: 0.0000185 seconds
[2019-12-08T11:48:54.920+0000][1][safepoint    ] Application time: 1.0000837 seconds
[2019-12-08T11:48:54.920+0000][1][safepoint    ] Entering safepoint region: Cleanup
[2019-12-08T11:48:54.920+0000][1][safepoint    ] Leaving safepoint region
[2019-12-08T11:48:54.920+0000][1][safepoint    ] Total time for which application threads were stopped: 0.0000934 seconds, Stopping threads took: 0.0000238 seconds
[2019-12-08T11:48:55.920+0000][1][safepoint    ] Application time: 1.0000811 seconds
[2019-12-08T11:48:55.920+0000][1][safepoint    ] Entering safepoint region: Cleanup
[2019-12-08T11:48:55.920+0000][1][safepoint    ] Leaving safepoint region
[2019-12-08T11:48:55.920+0000][1][safepoint    ] Total time for which application threads were stopped: 0.0001063 seconds, Stopping threads took: 0.0000327 seconds
[2019-12-08T11:48:56.920+0000][1][safepoint    ] Application time: 1.0000820 seconds
[2019-12-08T11:48:56.920+0000][1][safepoint    ] Entering safepoint region: Cleanup
[2019-12-08T11:48:56.920+0000][1][safepoint    ] Leaving safepoint region
[2019-12-08T11:48:56.920+0000][1][safepoint    ] Total time for which application threads were stopped: 0.0000770 seconds, Stopping threads took: 0.0000196 seconds
[2019-12-08T11:48:57.920+0000][1][safepoint    ] Application time: 1.0000804 seconds
[2019-12-08T11:48:57.920+0000][1][safepoint    ] Entering safepoint region: Cleanup
[2019-12-08T11:48:57.920+0000][1][safepoint    ] Leaving safepoint region
[2019-12-08T11:48:57.920+0000][1][safepoint    ] Total time for which application threads were stopped: 0.0000870 seconds, Stopping threads took: 0.0000179 seconds
[2019-12-08T11:48:58.921+0000][1][safepoint    ] Application time: 1.0001053 seconds
[2019-12-08T11:48:58.921+0000][1][safepoint    ] Entering safepoint region: Cleanup
[2019-12-08T11:48:58.921+0000][1][safepoint    ] Leaving safepoint region
[2019-12-08T11:48:58.921+0000][1][safepoint    ] Total time for which application threads were stopped: 0.0000825 seconds, Stopping threads took: 0.0000239 seconds
[2019-12-08T11:48:59.921+0000][1][safepoint    ] Application time: 1.0000613 seconds
[2019-12-08T11:48:59.921+0000][1][safepoint    ] Entering safepoint region: Cleanup
[2019-12-08T11:48:59.921+0000][1][safepoint    ] Leaving safepoint region
[2019-12-08T11:48:59.921+0000][1][safepoint    ] Total time for which application threads were stopped: 0.0001222 seconds, Stopping threads took: 0.0000306 seconds
[2019-12-08T11:49:00.921+0000][1][safepoint    ] Application time: 1.0000738 seconds
[2019-12-08T11:49:00.921+0000][1][safepoint    ] Entering safepoint region: Cleanup
[2019-12-08T11:49:00.921+0000][1][safepoint    ] Leaving safepoint region
[2019-12-08T11:49:00.921+0000][1][safepoint    ] Total time for which application threads were stopped: 0.0000804 seconds, Stopping threads took: 0.0000231 seconds
[2019-12-08T11:49:01.921+0000][1][safepoint    ] Application time: 1.0000770 seconds
[2019-12-08T11:49:01.921+0000][1][safepoint    ] Entering safepoint region: Cleanup
[2019-12-08T11:49:01.921+0000][1][safepoint    ] Leaving safepoint region
[2019-12-08T11:49:01.921+0000][1][safepoint    ] Total time for which application threads were stopped: 0.0000736 seconds, Stopping threads took: 0.0000177 seconds
[2019-12-08T11:49:02.921+0000][1][safepoint    ] Application time: 1.0000795 seconds
[2019-12-08T11:49:02.921+0000][1][safepoint    ] Entering safepoint region: Cleanup
[2019-12-08T11:49:02.921+0000][1][safepoint    ] Leaving safepoint region
[2019-12-08T11:49:02.921+0000][1][safepoint    ] Total time for which application threads were stopped: 0.0000728 seconds, Stopping threads took: 0.0000179 seconds
[2019-12-08T11:49:03.921+0000][1][safepoint    ] Application time: 1.0000802 seconds
[2019-12-08T11:49:03.922+0000][1][safepoint    ] Entering safepoint region: Cleanup
[2019-12-08T11:49:03.922+0000][1][safepoint    ] Leaving safepoint region
[2019-12-08T11:49:03.922+0000][1][safepoint    ] Total time for which application threads were stopped: 0.0000747 seconds, Stopping threads took: 0.0000185 seconds
[2019-12-08T11:49:04.922+0000][1][safepoint    ] Application time: 1.0000766 seconds
[2019-12-08T11:49:04.922+0000][1][safepoint    ] Entering safepoint region: Cleanup
[2019-12-08T11:49:04.922+0000][1][safepoint    ] Leaving safepoint region
[2019-12-08T11:49:04.922+0000][1][safepoint    ] Total time for which application threads were stopped: 0.0000854 seconds, Stopping threads took: 0.0000308 seconds
[2019-12-08T11:49:05.922+0000][1][safepoint    ] Application time: 1.0000790 seconds
[2019-12-08T11:49:05.922+0000][1][safepoint    ] Entering safepoint region: Cleanup
[2019-12-08T11:49:05.922+0000][1][safepoint    ] Leaving safepoint region
[2019-12-08T11:49:05.922+0000][1][safepoint    ] Total time for which application threads were stopped: 0.0000718 seconds, Stopping threads took: 0.0000169 seconds
[2019-12-08T11:49:06.922+0000][1][safepoint    ] Application time: 1.0000811 seconds
[2019-12-08T11:49:06.922+0000][1][safepoint    ] Entering safepoint region: Cleanup
[2019-12-08T11:49:06.922+0000][1][safepoint    ] Leaving safepoint region
[2019-12-08T11:49:06.922+0000][1][safepoint    ] Total time for which application threads were stopped: 0.0000750 seconds, Stopping threads took: 0.0000189 seconds
[2019-12-08T11:49:07.922+0000][1][safepoint    ] Application time: 1.0000808 seconds
[2019-12-08T11:49:07.922+0000][1][safepoint    ] Entering safepoint region: Cleanup
[2019-12-08T11:49:07.922+0000][1][safepoint    ] Leaving safepoint region
[2019-12-08T11:49:07.922+0000][1][safepoint    ] Total time for which application threads were stopped: 0.0000723 seconds, Stopping threads took: 0.0000176 seconds
[2019-12-08T11:49:08.922+0000][1][safepoint    ] Application time: 1.0000785 seconds
[2019-12-08T11:49:08.922+0000][1][safepoint    ] Entering safepoint region: Cleanup
[2019-12-08T11:49:08.922+0000][1][safepoint    ] Leaving safepoint region
[2019-12-08T11:49:08.922+0000][1][safepoint    ] Total time for which application threads were stopped: 0.0000739 seconds, Stopping threads took: 0.0000181 seconds
[2019-12-08T11:49:09.923+0000][1][safepoint    ] Application time: 1.0000783 seconds
[2019-12-08T11:49:09.923+0000][1][safepoint    ] Entering safepoint region: Cleanup
[2019-12-08T11:49:09.923+0000][1][safepoint    ] Leaving safepoint region
[2019-12-08T11:49:09.923+0000][1][safepoint    ] Total time for which application threads were stopped: 0.0000737 seconds, Stopping threads took: 0.0000196 seconds
[2019-12-08T11:49:10.923+0000][1][safepoint    ] Application time: 1.0000794 seconds
[2019-12-08T11:49:10.923+0000][1][safepoint    ] Entering safepoint region: Cleanup
[2019-12-08T11:49:10.923+0000][1][safepoint    ] Leaving safepoint region
[2019-12-08T11:49:10.923+0000][1][safepoint    ] Total time for which application threads were stopped: 0.0000712 seconds, Stopping threads took: 0.0000180 seconds
[2019-12-08T11:49:11.923+0000][1][safepoint    ] Application time: 1.0000774 seconds
[2019-12-08T11:49:11.923+0000][1][safepoint    ] Entering safepoint region: Cleanup
[2019-12-08T11:49:11.923+0000][1][safepoint    ] Leaving safepoint region
[2019-12-08T11:49:11.923+0000][1][safepoint    ] Total time for which application threads were stopped: 0.0000720 seconds, Stopping threads took: 0.0000175 seconds
[2019-12-08T11:49:12.923+0000][1][safepoint    ] Application time: 1.0000783 seconds
[2019-12-08T11:49:12.923+0000][1][safepoint    ] Entering safepoint region: Cleanup
[2019-12-08T11:49:12.923+0000][1][safepoint    ] Leaving safepoint region
[2019-12-08T11:49:12.923+0000][1][safepoint    ] Total time for which application threads were stopped: 0.0000681 seconds, Stopping threads took: 0.0000173 seconds
[2019-12-08T11:49:13.923+0000][1][safepoint    ] Application time: 1.0000765 seconds
[2019-12-08T11:49:13.923+0000][1][safepoint    ] Entering safepoint region: Cleanup
[2019-12-08T11:49:13.923+0000][1][safepoint    ] Leaving safepoint region
[2019-12-08T11:49:13.923+0000][1][safepoint    ] Total time for which application threads were stopped: 0.0000694 seconds, Stopping threads took: 0.0000182 seconds
[2019-12-08T11:49:14.923+0000][1][safepoint    ] Application time: 1.0000797 seconds
[2019-12-08T11:49:14.923+0000][1][safepoint    ] Entering safepoint region: Cleanup
[2019-12-08T11:49:14.924+0000][1][safepoint    ] Leaving safepoint region
[2019-12-08T11:49:14.924+0000][1][safepoint    ] Total time for which application threads were stopped: 0.0000688 seconds, Stopping threads took: 0.0000180 seconds
[2019-12-08T11:49:15.924+0000][1][safepoint    ] Application time: 1.0000776 seconds
[2019-12-08T11:49:15.924+0000][1][safepoint    ] Entering safepoint region: Cleanup
[2019-12-08T11:49:15.924+0000][1][safepoint    ] Leaving safepoint region
[2019-12-08T11:49:15.924+0000][1][safepoint    ] Total time for which application threads were stopped: 0.0000799 seconds, Stopping threads took: 0.0000176 seconds
[2019-12-08T11:49:16.924+0000][1][safepoint    ] Application time: 1.0000786 seconds
[2019-12-08T11:49:16.924+0000][1][safepoint    ] Entering safepoint region: Cleanup
[2019-12-08T11:49:16.924+0000][1][safepoint    ] Leaving safepoint region
[2019-12-08T11:49:16.924+0000][1][safepoint    ] Total time for which application threads were stopped: 0.0000682 seconds, Stopping threads took: 0.0000183 seconds
[2019-12-08T11:49:17.924+0000][1][safepoint    ] Application time: 1.0000767 seconds
[2019-12-08T11:49:17.924+0000][1][safepoint    ] Entering safepoint region: Cleanup
[2019-12-08T11:49:17.924+0000][1][safepoint    ] Leaving safepoint region
[2019-12-08T11:49:17.924+0000][1][safepoint    ] Total time for which application threads were stopped: 0.0000679 seconds, Stopping threads took: 0.0000172 seconds
[2019-12-08T11:49:18.924+0000][1][safepoint    ] Application time: 1.0000763 seconds
[2019-12-08T11:49:18.924+0000][1][safepoint    ] Entering safepoint region: Cleanup
[2019-12-08T11:49:18.924+0000][1][safepoint    ] Leaving safepoint region
[2019-12-08T11:49:18.924+0000][1][safepoint    ] Total time for which application threads were stopped: 0.0000687 seconds, Stopping threads took: 0.0000177 seconds
[2019-12-08T11:49:19.924+0000][1][safepoint    ] Application time: 1.0000764 seconds
[2019-12-08T11:49:19.924+0000][1][safepoint    ] Entering safepoint region: Cleanup
[2019-12-08T11:49:19.924+0000][1][safepoint    ] Leaving safepoint region
[2019-12-08T11:49:19.924+0000][1][safepoint    ] Total time for which application threads were stopped: 0.0000699 seconds, Stopping threads took: 0.0000180 seconds
[2019-12-08T11:49:20.924+0000][1][safepoint    ] Application time: 1.0000763 seconds
[2019-12-08T11:49:20.925+0000][1][safepoint    ] Entering safepoint region: Cleanup
[2019-12-08T11:49:20.925+0000][1][safepoint    ] Leaving safepoint region
[2019-12-08T11:49:20.925+0000][1][safepoint    ] Total time for which application threads were stopped: 0.0000680 seconds, Stopping threads took: 0.0000185 seconds
[2019-12-08T11:49:21.925+0000][1][safepoint    ] Application time: 1.0000791 seconds
[2019-12-08T11:49:21.925+0000][1][safepoint    ] Entering safepoint region: Cleanup
[2019-12-08T11:49:21.925+0000][1][safepoint    ] Leaving safepoint region
[2019-12-08T11:49:21.925+0000][1][safepoint    ] Total time for which application threads were stopped: 0.0000711 seconds, Stopping threads took: 0.0000186 seconds
[2019-12-08T11:49:22.925+0000][1][safepoint    ] Application time: 1.0000796 seconds
[2019-12-08T11:49:22.925+0000][1][safepoint    ] Entering safepoint region: Cleanup
[2019-12-08T11:49:22.925+0000][1][safepoint    ] Leaving safepoint region
[2019-12-08T11:49:22.925+0000][1][safepoint    ] Total time for which application threads were stopped: 0.0000712 seconds, Stopping threads took: 0.0000190 seconds
[2019-12-08T11:49:23.925+0000][1][safepoint    ] Application time: 1.0000793 seconds
[2019-12-08T11:49:23.925+0000][1][safepoint    ] Entering safepoint region: Cleanup
[2019-12-08T11:49:23.925+0000][1][safepoint    ] Leaving safepoint region
[2019-12-08T11:49:23.925+0000][1][safepoint    ] Total time for which application threads were stopped: 0.0001007 seconds, Stopping threads took: 0.0000256 seconds
[2019-12-08T11:49:24.925+0000][1][safepoint    ] Application time: 1.0000818 seconds
[2019-12-08T11:49:24.925+0000][1][safepoint    ] Entering safepoint region: Cleanup
[2019-12-08T11:49:24.925+0000][1][safepoint    ] Leaving safepoint region
[2019-12-08T11:49:24.925+0000][1][safepoint    ] Total time for which application threads were stopped: 0.0000738 seconds, Stopping threads took: 0.0000186 seconds
[2019-12-08T11:49:25.925+0000][1][safepoint    ] Application time: 1.0000763 seconds
[2019-12-08T11:49:25.925+0000][1][safepoint    ] Entering safepoint region: Cleanup
[2019-12-08T11:49:25.926+0000][1][safepoint    ] Leaving safepoint region
[2019-12-08T11:49:25.926+0000][1][safepoint    ] Total time for which application threads were stopped: 0.0000728 seconds, Stopping threads took: 0.0000183 seconds
[2019-12-08T11:49:26.926+0000][1][safepoint    ] Application time: 1.0000769 seconds
[2019-12-08T11:49:26.926+0000][1][safepoint    ] Entering safepoint region: Cleanup
[2019-12-08T11:49:26.926+0000][1][safepoint    ] Leaving safepoint region
[2019-12-08T11:49:26.926+0000][1][safepoint    ] Total time for which application threads were stopped: 0.0000897 seconds, Stopping threads took: 0.0000185 seconds
[2019-12-08T11:49:27.926+0000][1][safepoint    ] Application time: 1.0000808 seconds
[2019-12-08T11:49:27.926+0000][1][safepoint    ] Entering safepoint region: Cleanup
[2019-12-08T11:49:27.926+0000][1][safepoint    ] Leaving safepoint region
[2019-12-08T11:49:27.926+0000][1][safepoint    ] Total time for which application threads were stopped: 0.0000727 seconds, Stopping threads took: 0.0000185 seconds
[2019-12-08T11:49:28.926+0000][1][safepoint    ] Application time: 1.0000811 seconds
[2019-12-08T11:49:28.926+0000][1][safepoint    ] Entering safepoint region: Cleanup
[2019-12-08T11:49:28.926+0000][1][safepoint    ] Leaving safepoint region
[2019-12-08T11:49:28.926+0000][1][safepoint    ] Total time for which application threads were stopped: 0.0000779 seconds, Stopping threads took: 0.0000196 seconds
[2019-12-08T11:49:29.926+0000][1][safepoint    ] Application time: 1.0000796 seconds
[2019-12-08T11:49:29.926+0000][1][safepoint    ] Entering safepoint region: Cleanup
[2019-12-08T11:49:29.926+0000][1][safepoint    ] Leaving safepoint region
[2019-12-08T11:49:29.926+0000][1][safepoint    ] Total time for which application threads were stopped: 0.0000725 seconds, Stopping threads took: 0.0000188 seconds
[2019-12-08T11:49:30.926+0000][1][safepoint    ] Application time: 1.0000776 seconds
[2019-12-08T11:49:30.926+0000][1][safepoint    ] Entering safepoint region: Cleanup
[2019-12-08T11:49:30.927+0000][1][safepoint    ] Leaving safepoint region
[2019-12-08T11:49:30.927+0000][1][safepoint    ] Total time for which application threads were stopped: 0.0000754 seconds, Stopping threads took: 0.0000190 seconds
[2019-12-08T11:49:31.927+0000][1][safepoint    ] Application time: 1.0000758 seconds
[2019-12-08T11:49:31.927+0000][1][safepoint    ] Entering safepoint region: Cleanup
[2019-12-08T11:49:31.927+0000][1][safepoint    ] Leaving safepoint region
[2019-12-08T11:49:31.927+0000][1][safepoint    ] Total time for which application threads were stopped: 0.0000861 seconds, Stopping threads took: 0.0000186 seconds
[2019-12-08T11:49:32.927+0000][1][safepoint    ] Application time: 1.0000761 seconds
[2019-12-08T11:49:32.927+0000][1][safepoint    ] Entering safepoint region: Cleanup
[2019-12-08T11:49:32.927+0000][1][safepoint    ] Leaving safepoint region
[2019-12-08T11:49:32.927+0000][1][safepoint    ] Total time for which application threads were stopped: 0.0000727 seconds, Stopping threads took: 0.0000189 seconds
[2019-12-08T11:49:33.927+0000][1][safepoint    ] Application time: 1.0000794 seconds
[2019-12-08T11:49:33.927+0000][1][safepoint    ] Entering safepoint region: Cleanup
[2019-12-08T11:49:33.927+0000][1][safepoint    ] Leaving safepoint region
[2019-12-08T11:49:33.927+0000][1][safepoint    ] Total time for which application threads were stopped: 0.0000750 seconds, Stopping threads took: 0.0000202 seconds
[2019-12-08T11:49:34.927+0000][1][safepoint    ] Application time: 1.0000833 seconds
[2019-12-08T11:49:34.927+0000][1][safepoint    ] Entering safepoint region: Cleanup
[2019-12-08T11:49:34.927+0000][1][safepoint    ] Leaving safepoint region
[2019-12-08T11:49:34.927+0000][1][safepoint    ] Total time for which application threads were stopped: 0.0000775 seconds, Stopping threads took: 0.0000209 seconds
[2019-12-08T11:49:35.927+0000][1][safepoint    ] Application time: 1.0000862 seconds
[2019-12-08T11:49:35.927+0000][1][safepoint    ] Entering safepoint region: Cleanup
[2019-12-08T11:49:35.928+0000][1][safepoint    ] Leaving safepoint region
[2019-12-08T11:49:35.928+0000][1][safepoint    ] Total time for which application threads were stopped: 0.0000786 seconds, Stopping threads took: 0.0000191 seconds
[2019-12-08T11:49:36.928+0000][1][safepoint    ] Application time: 1.0000818 seconds
[2019-12-08T11:49:36.928+0000][1][safepoint    ] Entering safepoint region: Cleanup
[2019-12-08T11:49:36.928+0000][1][safepoint    ] Leaving safepoint region
[2019-12-08T11:49:36.928+0000][1][safepoint    ] Total time for which application threads were stopped: 0.0000886 seconds, Stopping threads took: 0.0000326 seconds
[2019-12-08T11:49:37.928+0000][1][safepoint    ] Application time: 1.0000845 seconds
[2019-12-08T11:49:37.928+0000][1][safepoint    ] Entering safepoint region: Cleanup
[2019-12-08T11:49:37.928+0000][1][safepoint    ] Leaving safepoint region
[2019-12-08T11:49:37.928+0000][1][safepoint    ] Total time for which application threads were stopped: 0.0000753 seconds, Stopping threads took: 0.0000203 seconds
[2019-12-08T11:49:38.928+0000][1][safepoint    ] Application time: 1.0000848 seconds
[2019-12-08T11:49:38.928+0000][1][safepoint    ] Entering safepoint region: Cleanup
[2019-12-08T11:49:38.928+0000][1][safepoint    ] Leaving safepoint region
[2019-12-08T11:49:38.928+0000][1][safepoint    ] Total time for which application threads were stopped: 0.0000770 seconds, Stopping threads took: 0.0000204 seconds
[2019-12-08T11:49:39.928+0000][1][safepoint    ] Application time: 1.0000962 seconds
[2019-12-08T11:49:39.928+0000][1][safepoint    ] Entering safepoint region: Cleanup
[2019-12-08T11:49:39.928+0000][1][safepoint    ] Leaving safepoint region
[2019-12-08T11:49:39.928+0000][1][safepoint    ] Total time for which application threads were stopped: 0.0000749 seconds, Stopping threads took: 0.0000191 seconds
[2019-12-08T11:49:40.929+0000][1][safepoint    ] Application time: 1.0000951 seconds
[2019-12-08T11:49:40.929+0000][1][safepoint    ] Entering safepoint region: Cleanup
[2019-12-08T11:49:40.929+0000][1][safepoint    ] Leaving safepoint region
[2019-12-08T11:49:40.929+0000][1][safepoint    ] Total time for which application threads were stopped: 0.0000772 seconds, Stopping threads took: 0.0000203 seconds
[2019-12-08T11:49:41.929+0000][1][safepoint    ] Application time: 1.0000820 seconds
[2019-12-08T11:49:41.929+0000][1][safepoint    ] Entering safepoint region: Cleanup
[2019-12-08T11:49:41.929+0000][1][safepoint    ] Leaving safepoint region
[2019-12-08T11:49:41.929+0000][1][safepoint    ] Total time for which application threads were stopped: 0.0000745 seconds, Stopping threads took: 0.0000199 seconds
[2019-12-08T11:49:42.929+0000][1][safepoint    ] Application time: 1.0000801 seconds
[2019-12-08T11:49:42.929+0000][1][safepoint    ] Entering safepoint region: Cleanup
[2019-12-08T11:49:42.929+0000][1][safepoint    ] Leaving safepoint region
[2019-12-08T11:49:42.929+0000][1][safepoint    ] Total time for which application threads were stopped: 0.0000832 seconds, Stopping threads took: 0.0000209 seconds
[2019-12-08T11:49:43.929+0000][1][safepoint    ] Application time: 1.0000868 seconds
[2019-12-08T11:49:43.929+0000][1][safepoint    ] Entering safepoint region: Cleanup
[2019-12-08T11:49:43.929+0000][1][safepoint    ] Leaving safepoint region
[2019-12-08T11:49:43.929+0000][1][safepoint    ] Total time for which application threads were stopped: 0.0000779 seconds, Stopping threads took: 0.0000196 seconds
[2019-12-08T11:49:44.929+0000][1][safepoint    ] Application time: 1.0000864 seconds
[2019-12-08T11:49:44.929+0000][1][safepoint    ] Entering safepoint region: Cleanup
[2019-12-08T11:49:44.929+0000][1][safepoint    ] Leaving safepoint region
[2019-12-08T11:49:44.929+0000][1][safepoint    ] Total time for which application threads were stopped: 0.0000742 seconds, Stopping threads took: 0.0000198 seconds
[2019-12-08T11:49:45.930+0000][1][safepoint    ] Application time: 1.0000804 seconds
[2019-12-08T11:49:45.930+0000][1][safepoint    ] Entering safepoint region: Cleanup
[2019-12-08T11:49:45.930+0000][1][safepoint    ] Leaving safepoint region
[2019-12-08T11:49:45.930+0000][1][safepoint    ] Total time for which application threads were stopped: 0.0000739 seconds, Stopping threads took: 0.0000189 seconds
[2019-12-08T11:49:46.930+0000][1][safepoint    ] Application time: 1.0000783 seconds
[2019-12-08T11:49:46.930+0000][1][safepoint    ] Entering safepoint region: Cleanup
[2019-12-08T11:49:46.930+0000][1][safepoint    ] Leaving safepoint region
[2019-12-08T11:49:46.930+0000][1][safepoint    ] Total time for which application threads were stopped: 0.0000755 seconds, Stopping threads took: 0.0000198 seconds
[2019-12-08T11:49:47.930+0000][1][safepoint    ] Application time: 1.0000842 seconds
[2019-12-08T11:49:47.930+0000][1][safepoint    ] Entering safepoint region: Cleanup
[2019-12-08T11:49:47.930+0000][1][safepoint    ] Leaving safepoint region
[2019-12-08T11:49:47.930+0000][1][safepoint    ] Total time for which application threads were stopped: 0.0000769 seconds, Stopping threads took: 0.0000204 seconds
[2019-12-08T11:49:48.930+0000][1][safepoint    ] Application time: 1.0000801 seconds
[2019-12-08T11:49:48.930+0000][1][safepoint    ] Entering safepoint region: Cleanup
[2019-12-08T11:49:48.930+0000][1][safepoint    ] Leaving safepoint region
[2019-12-08T11:49:48.930+0000][1][safepoint    ] Total time for which application threads were stopped: 0.0000770 seconds, Stopping threads took: 0.0000200 seconds
[2019-12-08T11:49:49.930+0000][1][safepoint    ] Application time: 1.0000789 seconds
[2019-12-08T11:49:49.930+0000][1][safepoint    ] Entering safepoint region: Cleanup
[2019-12-08T11:49:49.930+0000][1][safepoint    ] Leaving safepoint region
[2019-12-08T11:49:49.930+0000][1][safepoint    ] Total time for which application threads were stopped: 0.0000718 seconds, Stopping threads took: 0.0000180 seconds
[2019-12-08T11:49:50.931+0000][1][safepoint    ] Application time: 1.0000867 seconds
[2019-12-08T11:49:50.931+0000][1][safepoint    ] Entering safepoint region: Cleanup
[2019-12-08T11:49:50.931+0000][1][safepoint    ] Leaving safepoint region
[2019-12-08T11:49:50.931+0000][1][safepoint    ] Total time for which application threads were stopped: 0.0000744 seconds, Stopping threads took: 0.0000213 seconds
[2019-12-08T11:49:51.931+0000][1][safepoint    ] Application time: 1.0000823 seconds
[2019-12-08T11:49:51.931+0000][1][safepoint    ] Entering safepoint region: Cleanup
[2019-12-08T11:49:51.931+0000][1][safepoint    ] Leaving safepoint region
[2019-12-08T11:49:51.931+0000][1][safepoint    ] Total time for which application threads were stopped: 0.0000940 seconds, Stopping threads took: 0.0000368 seconds
[2019-12-08T11:49:52.931+0000][1][safepoint    ] Application time: 1.0000847 seconds
[2019-12-08T11:49:52.931+0000][1][safepoint    ] Entering safepoint region: Cleanup
[2019-12-08T11:49:52.931+0000][1][safepoint    ] Leaving safepoint region
[2019-12-08T11:49:52.931+0000][1][safepoint    ] Total time for which application threads were stopped: 0.0000768 seconds, Stopping threads took: 0.0000190 seconds
[2019-12-08T11:49:53.931+0000][1][safepoint    ] Application time: 1.0000884 seconds
[2019-12-08T11:49:53.931+0000][1][safepoint    ] Entering safepoint region: Cleanup
[2019-12-08T11:49:53.931+0000][1][safepoint    ] Leaving safepoint region
[2019-12-08T11:49:53.931+0000][1][safepoint    ] Total time for which application threads were stopped: 0.0000764 seconds, Stopping threads took: 0.0000212 seconds
[2019-12-08T11:49:54.931+0000][1][safepoint    ] Application time: 1.0000870 seconds
[2019-12-08T11:49:54.931+0000][1][safepoint    ] Entering safepoint region: Cleanup
[2019-12-08T11:49:54.931+0000][1][safepoint    ] Leaving safepoint region
[2019-12-08T11:49:54.932+0000][1][safepoint    ] Total time for which application threads were stopped: 0.0000771 seconds, Stopping threads took: 0.0000200 seconds
[2019-12-08T11:49:55.932+0000][1][safepoint    ] Application time: 1.0000793 seconds
[2019-12-08T11:49:55.932+0000][1][safepoint    ] Entering safepoint region: Cleanup
[2019-12-08T11:49:55.932+0000][1][safepoint    ] Leaving safepoint region
[2019-12-08T11:49:55.932+0000][1][safepoint    ] Total time for which application threads were stopped: 0.0000939 seconds, Stopping threads took: 0.0000273 seconds
[2019-12-08T11:49:56.932+0000][1][safepoint    ] Application time: 1.0000788 seconds
[2019-12-08T11:49:56.932+0000][1][safepoint    ] Entering safepoint region: Cleanup
[2019-12-08T11:49:56.932+0000][1][safepoint    ] Leaving safepoint region
[2019-12-08T11:49:56.932+0000][1][safepoint    ] Total time for which application threads were stopped: 0.0000753 seconds, Stopping threads took: 0.0000203 seconds
[2019-12-08T11:49:57.932+0000][1][safepoint    ] Application time: 1.0000818 seconds
[2019-12-08T11:49:57.932+0000][1][safepoint    ] Entering safepoint region: Cleanup
[2019-12-08T11:49:57.932+0000][1][safepoint    ] Leaving safepoint region
[2019-12-08T11:49:57.932+0000][1][safepoint    ] Total time for which application threads were stopped: 0.0000744 seconds, Stopping threads took: 0.0000202 seconds
[2019-12-08T11:49:58.932+0000][1][safepoint    ] Application time: 1.0000784 seconds
[2019-12-08T11:49:58.932+0000][1][safepoint    ] Entering safepoint region: Cleanup
[2019-12-08T11:49:58.932+0000][1][safepoint    ] Leaving safepoint region
[2019-12-08T11:49:58.932+0000][1][safepoint    ] Total time for which application threads were stopped: 0.0000762 seconds, Stopping threads took: 0.0000192 seconds
[2019-12-08T11:49:59.932+0000][1][safepoint    ] Application time: 1.0000808 seconds
[2019-12-08T11:49:59.932+0000][1][safepoint    ] Entering safepoint region: Cleanup
[2019-12-08T11:49:59.933+0000][1][safepoint    ] Leaving safepoint region
[2019-12-08T11:49:59.933+0000][1][safepoint    ] Total time for which application threads were stopped: 0.0000934 seconds, Stopping threads took: 0.0000238 seconds
[2019-12-08T11:50:00.933+0000][1][safepoint    ] Application time: 1.0000942 seconds
[2019-12-08T11:50:00.933+0000][1][safepoint    ] Entering safepoint region: Cleanup
[2019-12-08T11:50:00.933+0000][1][safepoint    ] Leaving safepoint region
[2019-12-08T11:50:00.933+0000][1][safepoint    ] Total time for which application threads were stopped: 0.0000872 seconds, Stopping threads took: 0.0000287 seconds
[2019-12-08T11:50:01.933+0000][1][safepoint    ] Application time: 1.0000837 seconds
[2019-12-08T11:50:01.933+0000][1][safepoint    ] Entering safepoint region: Cleanup
[2019-12-08T11:50:01.933+0000][1][safepoint    ] Leaving safepoint region
[2019-12-08T11:50:01.933+0000][1][safepoint    ] Total time for which application threads were stopped: 0.0000819 seconds, Stopping threads took: 0.0000214 seconds
[2019-12-08T11:50:02.933+0000][1][safepoint    ] Application time: 1.0000855 seconds
[2019-12-08T11:50:02.933+0000][1][safepoint    ] Entering safepoint region: Cleanup
[2019-12-08T11:50:02.933+0000][1][safepoint    ] Leaving safepoint region
[2019-12-08T11:50:02.933+0000][1][safepoint    ] Total time for which application threads were stopped: 0.0000772 seconds, Stopping threads took: 0.0000200 seconds
[2019-12-08T11:50:03.933+0000][1][safepoint    ] Application time: 1.0000781 seconds
[2019-12-08T11:50:03.933+0000][1][safepoint    ] Entering safepoint region: Cleanup
[2019-12-08T11:50:03.933+0000][1][safepoint    ] Leaving safepoint region
[2019-12-08T11:50:03.933+0000][1][safepoint    ] Total time for which application threads were stopped: 0.0000753 seconds, Stopping threads took: 0.0000194 seconds
[2019-12-08T11:50:04.934+0000][1][safepoint    ] Application time: 1.0000805 seconds
[2019-12-08T11:50:04.934+0000][1][safepoint    ] Entering safepoint region: Cleanup
[2019-12-08T11:50:04.934+0000][1][safepoint    ] Leaving safepoint region
[2019-12-08T11:50:04.934+0000][1][safepoint    ] Total time for which application threads were stopped: 0.0000747 seconds, Stopping threads took: 0.0000190 seconds
[2019-12-08T11:50:05.934+0000][1][safepoint    ] Application time: 1.0000846 seconds
[2019-12-08T11:50:05.934+0000][1][safepoint    ] Entering safepoint region: Cleanup
[2019-12-08T11:50:05.934+0000][1][safepoint    ] Leaving safepoint region
[2019-12-08T11:50:05.934+0000][1][safepoint    ] Total time for which application threads were stopped: 0.0000754 seconds, Stopping threads took: 0.0000191 seconds
[2019-12-08T11:50:06.934+0000][1][safepoint    ] Application time: 1.0000821 seconds
[2019-12-08T11:50:06.934+0000][1][safepoint    ] Entering safepoint region: Cleanup
[2019-12-08T11:50:06.934+0000][1][safepoint    ] Leaving safepoint region
[2019-12-08T11:50:06.934+0000][1][safepoint    ] Total time for which application threads were stopped: 0.0000771 seconds, Stopping threads took: 0.0000199 seconds
[2019-12-08T11:50:07.934+0000][1][safepoint    ] Application time: 1.0000788 seconds
[2019-12-08T11:50:07.934+0000][1][safepoint    ] Entering safepoint region: Cleanup
[2019-12-08T11:50:07.934+0000][1][safepoint    ] Leaving safepoint region
[2019-12-08T11:50:07.934+0000][1][safepoint    ] Total time for which application threads were stopped: 0.0000743 seconds, Stopping threads took: 0.0000193 seconds
[2019-12-08T11:50:08.934+0000][1][safepoint    ] Application time: 1.0000773 seconds
[2019-12-08T11:50:08.934+0000][1][safepoint    ] Entering safepoint region: Cleanup
[2019-12-08T11:50:08.934+0000][1][safepoint    ] Leaving safepoint region
[2019-12-08T11:50:08.934+0000][1][safepoint    ] Total time for which application threads were stopped: 0.0000808 seconds, Stopping threads took: 0.0000221 seconds
[2019-12-08T11:50:09.935+0000][1][safepoint    ] Application time: 1.0000836 seconds
[2019-12-08T11:50:09.935+0000][1][safepoint    ] Entering safepoint region: Cleanup
[2019-12-08T11:50:09.935+0000][1][safepoint    ] Leaving safepoint region
[2019-12-08T11:50:09.935+0000][1][safepoint    ] Total time for which application threads were stopped: 0.0000758 seconds, Stopping threads took: 0.0000203 seconds
[2019-12-08T11:50:10.935+0000][1][safepoint    ] Application time: 1.0000915 seconds
[2019-12-08T11:50:10.935+0000][1][safepoint    ] Entering safepoint region: Cleanup
[2019-12-08T11:50:10.935+0000][1][safepoint    ] Leaving safepoint region
[2019-12-08T11:50:10.935+0000][1][safepoint    ] Total time for which application threads were stopped: 0.0000768 seconds, Stopping threads took: 0.0000210 seconds
[2019-12-08T11:50:11.935+0000][1][safepoint    ] Application time: 1.0000786 seconds
[2019-12-08T11:50:11.935+0000][1][safepoint    ] Entering safepoint region: Cleanup
[2019-12-08T11:50:11.935+0000][1][safepoint    ] Leaving safepoint region
[2019-12-08T11:50:11.935+0000][1][safepoint    ] Total time for which application threads were stopped: 0.0000746 seconds, Stopping threads took: 0.0000199 seconds
[2019-12-08T11:50:12.935+0000][1][safepoint    ] Application time: 1.0000870 seconds
[2019-12-08T11:50:12.935+0000][1][safepoint    ] Entering safepoint region: Cleanup
[2019-12-08T11:50:12.935+0000][1][safepoint    ] Leaving safepoint region
[2019-12-08T11:50:12.935+0000][1][safepoint    ] Total time for which application threads were stopped: 0.0000770 seconds, Stopping threads took: 0.0000181 seconds
[2019-12-08T11:50:13.935+0000][1][safepoint    ] Application time: 1.0000813 seconds
[2019-12-08T11:50:13.935+0000][1][safepoint    ] Entering safepoint region: Cleanup
[2019-12-08T11:50:13.935+0000][1][safepoint    ] Leaving safepoint region
[2019-12-08T11:50:13.935+0000][1][safepoint    ] Total time for which application threads were stopped: 0.0000758 seconds, Stopping threads took: 0.0000201 seconds
[2019-12-08T11:50:14.936+0000][1][safepoint    ] Application time: 1.0000908 seconds
[2019-12-08T11:50:14.936+0000][1][safepoint    ] Entering safepoint region: Cleanup
[2019-12-08T11:50:14.936+0000][1][safepoint    ] Leaving safepoint region
[2019-12-08T11:50:14.936+0000][1][safepoint    ] Total time for which application threads were stopped: 0.0000748 seconds, Stopping threads took: 0.0000202 seconds
[2019-12-08T11:50:15.936+0000][1][safepoint    ] Application time: 1.0000950 seconds
[2019-12-08T11:50:15.936+0000][1][safepoint    ] Entering safepoint region: Cleanup
[2019-12-08T11:50:15.936+0000][1][safepoint    ] Leaving safepoint region
[2019-12-08T11:50:15.936+0000][1][safepoint    ] Total time for which application threads were stopped: 0.0000737 seconds, Stopping threads took: 0.0000187 seconds
[2019-12-08T11:50:16.936+0000][1][safepoint    ] Application time: 1.0000831 seconds
[2019-12-08T11:50:16.936+0000][1][safepoint    ] Entering safepoint region: Cleanup
[2019-12-08T11:50:16.936+0000][1][safepoint    ] Leaving safepoint region
[2019-12-08T11:50:16.936+0000][1][safepoint    ] Total time for which application threads were stopped: 0.0000731 seconds, Stopping threads took: 0.0000196 seconds
[2019-12-08T11:50:17.936+0000][1][safepoint    ] Application time: 1.0000790 seconds
[2019-12-08T11:50:17.936+0000][1][safepoint    ] Entering safepoint region: Cleanup
[2019-12-08T11:50:17.936+0000][1][safepoint    ] Leaving safepoint region
[2019-12-08T11:50:17.936+0000][1][safepoint    ] Total time for which application threads were stopped: 0.0000771 seconds, Stopping threads took: 0.0000198 seconds
[2019-12-08T11:50:18.936+0000][1][safepoint    ] Application time: 1.0000882 seconds
[2019-12-08T11:50:18.936+0000][1][safepoint    ] Entering safepoint region: Cleanup
[2019-12-08T11:50:18.936+0000][1][safepoint    ] Leaving safepoint region
[2019-12-08T11:50:18.936+0000][1][safepoint    ] Total time for which application threads were stopped: 0.0000784 seconds, Stopping threads took: 0.0000211 seconds
[2019-12-08T11:50:19.937+0000][1][safepoint    ] Application time: 1.0000790 seconds
[2019-12-08T11:50:19.937+0000][1][safepoint    ] Entering safepoint region: Cleanup
[2019-12-08T11:50:19.937+0000][1][safepoint    ] Leaving safepoint region
[2019-12-08T11:50:19.937+0000][1][safepoint    ] Total time for which application threads were stopped: 0.0000883 seconds, Stopping threads took: 0.0000210 seconds
[2019-12-08T11:50:20.937+0000][1][safepoint    ] Application time: 1.0000888 seconds
[2019-12-08T11:50:20.937+0000][1][safepoint    ] Entering safepoint region: Cleanup
[2019-12-08T11:50:20.937+0000][1][safepoint    ] Leaving safepoint region
[2019-12-08T11:50:20.937+0000][1][safepoint    ] Total time for which application threads were stopped: 0.0000745 seconds, Stopping threads took: 0.0000201 seconds
[2019-12-08T11:50:21.937+0000][1][safepoint    ] Application time: 1.0000852 seconds
[2019-12-08T11:50:21.937+0000][1][safepoint    ] Entering safepoint region: Cleanup
[2019-12-08T11:50:21.937+0000][1][safepoint    ] Leaving safepoint region
[2019-12-08T11:50:21.937+0000][1][safepoint    ] Total time for which application threads were stopped: 0.0000798 seconds, Stopping threads took: 0.0000203 seconds
[2019-12-08T11:50:22.937+0000][1][safepoint    ] Application time: 1.0000911 seconds
[2019-12-08T11:50:22.937+0000][1][safepoint    ] Entering safepoint region: Cleanup
[2019-12-08T11:50:22.937+0000][1][safepoint    ] Leaving safepoint region
[2019-12-08T11:50:22.937+0000][1][safepoint    ] Total time for which application threads were stopped: 0.0000744 seconds, Stopping threads took: 0.0000193 seconds
[2019-12-08T11:50:23.937+0000][1][safepoint    ] Application time: 1.0000812 seconds
[2019-12-08T11:50:23.937+0000][1][safepoint    ] Entering safepoint region: Cleanup
[2019-12-08T11:50:23.938+0000][1][safepoint    ] Leaving safepoint region
[2019-12-08T11:50:23.938+0000][1][safepoint    ] Total time for which application threads were stopped: 0.0000766 seconds, Stopping threads took: 0.0000205 seconds
[2019-12-08T11:50:24.938+0000][1][safepoint    ] Application time: 1.0000967 seconds
[2019-12-08T11:50:24.938+0000][1][safepoint    ] Entering safepoint region: Cleanup
[2019-12-08T11:50:24.938+0000][1][safepoint    ] Leaving safepoint region
[2019-12-08T11:50:24.938+0000][1][safepoint    ] Total time for which application threads were stopped: 0.0000928 seconds, Stopping threads took: 0.0000366 seconds
[2019-12-08T11:50:25.938+0000][1][safepoint    ] Application time: 1.0000915 seconds
[2019-12-08T11:50:25.938+0000][1][safepoint    ] Entering safepoint region: Cleanup
[2019-12-08T11:50:25.938+0000][1][safepoint    ] Leaving safepoint region
[2019-12-08T11:50:25.938+0000][1][safepoint    ] Total time for which application threads were stopped: 0.0000945 seconds, Stopping threads took: 0.0000206 seconds
[2019-12-08T11:50:26.938+0000][1][safepoint    ] Application time: 1.0000795 seconds
[2019-12-08T11:50:26.938+0000][1][safepoint    ] Entering safepoint region: Cleanup
[2019-12-08T11:50:26.938+0000][1][safepoint    ] Leaving safepoint region
[2019-12-08T11:50:26.938+0000][1][safepoint    ] Total time for which application threads were stopped: 0.0000750 seconds, Stopping threads took: 0.0000192 seconds
[2019-12-08T11:50:27.938+0000][1][safepoint    ] Application time: 1.0000795 seconds
[2019-12-08T11:50:27.938+0000][1][safepoint    ] Entering safepoint region: Cleanup
[2019-12-08T11:50:27.938+0000][1][safepoint    ] Leaving safepoint region
[2019-12-08T11:50:27.938+0000][1][safepoint    ] Total time for which application threads were stopped: 0.0000829 seconds, Stopping threads took: 0.0000272 seconds
[2019-12-08T11:50:28.939+0000][1][safepoint    ] Application time: 1.0000954 seconds
[2019-12-08T11:50:28.939+0000][1][safepoint    ] Entering safepoint region: Cleanup
[2019-12-08T11:50:28.939+0000][1][safepoint    ] Leaving safepoint region
[2019-12-08T11:50:28.939+0000][1][safepoint    ] Total time for which application threads were stopped: 0.0000777 seconds, Stopping threads took: 0.0000209 seconds
[2019-12-08T11:50:29.939+0000][1][safepoint    ] Application time: 1.0000920 seconds
[2019-12-08T11:50:29.939+0000][1][safepoint    ] Entering safepoint region: Cleanup
[2019-12-08T11:50:29.939+0000][1][safepoint    ] Leaving safepoint region
[2019-12-08T11:50:29.939+0000][1][safepoint    ] Total time for which application threads were stopped: 0.0000764 seconds, Stopping threads took: 0.0000205 seconds
[2019-12-08T11:50:30.939+0000][1][safepoint    ] Application time: 1.0000860 seconds
[2019-12-08T11:50:30.939+0000][1][safepoint    ] Entering safepoint region: Cleanup
[2019-12-08T11:50:30.939+0000][1][safepoint    ] Leaving safepoint region
[2019-12-08T11:50:30.939+0000][1][safepoint    ] Total time for which application threads were stopped: 0.0000768 seconds, Stopping threads took: 0.0000205 seconds
[2019-12-08T11:50:31.939+0000][1][safepoint    ] Application time: 1.0000857 seconds
[2019-12-08T11:50:31.939+0000][1][safepoint    ] Entering safepoint region: Cleanup
[2019-12-08T11:50:31.939+0000][1][safepoint    ] Leaving safepoint region
[2019-12-08T11:50:31.939+0000][1][safepoint    ] Total time for which application threads were stopped: 0.0000763 seconds, Stopping threads took: 0.0000195 seconds
[2019-12-08T11:50:32.939+0000][1][safepoint    ] Application time: 1.0000810 seconds
[2019-12-08T11:50:32.939+0000][1][safepoint    ] Entering safepoint region: Cleanup
[2019-12-08T11:50:32.939+0000][1][safepoint    ] Leaving safepoint region
[2019-12-08T11:50:32.939+0000][1][safepoint    ] Total time for which application threads were stopped: 0.0000740 seconds, Stopping threads took: 0.0000199 seconds
[2019-12-08T11:50:33.940+0000][1][safepoint    ] Application time: 1.0000839 seconds
[2019-12-08T11:50:33.940+0000][1][safepoint    ] Entering safepoint region: Cleanup
[2019-12-08T11:50:33.940+0000][1][safepoint    ] Leaving safepoint region
[2019-12-08T11:50:33.940+0000][1][safepoint    ] Total time for which application threads were stopped: 0.0000752 seconds, Stopping threads took: 0.0000190 seconds
[2019-12-08T11:50:34.940+0000][1][safepoint    ] Application time: 1.0000907 seconds
[2019-12-08T11:50:34.940+0000][1][safepoint    ] Entering safepoint region: Cleanup
[2019-12-08T11:50:34.940+0000][1][safepoint    ] Leaving safepoint region
[2019-12-08T11:50:34.940+0000][1][safepoint    ] Total time for which application threads were stopped: 0.0000769 seconds, Stopping threads took: 0.0000195 seconds
[2019-12-08T11:50:35.940+0000][1][safepoint    ] Application time: 1.0000874 seconds
[2019-12-08T11:50:35.940+0000][1][safepoint    ] Entering safepoint region: Cleanup
[2019-12-08T11:50:35.940+0000][1][safepoint    ] Leaving safepoint region
[2019-12-08T11:50:35.940+0000][1][safepoint    ] Total time for which application threads were stopped: 0.0000746 seconds, Stopping threads took: 0.0000201 seconds
[2019-12-08T11:50:36.940+0000][1][safepoint    ] Application time: 1.0000808 seconds
[2019-12-08T11:50:36.940+0000][1][safepoint    ] Entering safepoint region: Cleanup
[2019-12-08T11:50:36.940+0000][1][safepoint    ] Leaving safepoint region
[2019-12-08T11:50:36.940+0000][1][safepoint    ] Total time for which application threads were stopped: 0.0000749 seconds, Stopping threads took: 0.0000198 seconds
[2019-12-08T11:50:37.940+0000][1][safepoint    ] Application time: 1.0000803 seconds
[2019-12-08T11:50:37.940+0000][1][safepoint    ] Entering safepoint region: Cleanup
[2019-12-08T11:50:37.940+0000][1][safepoint    ] Leaving safepoint region
[2019-12-08T11:50:37.940+0000][1][safepoint    ] Total time for which application threads were stopped: 0.0000852 seconds, Stopping threads took: 0.0000289 seconds
[2019-12-08T11:50:38.941+0000][1][safepoint    ] Application time: 1.0000821 seconds
[2019-12-08T11:50:38.941+0000][1][safepoint    ] Entering safepoint region: Cleanup
[2019-12-08T11:50:38.941+0000][1][safepoint    ] Leaving safepoint region
[2019-12-08T11:50:38.941+0000][1][safepoint    ] Total time for which application threads were stopped: 0.0000900 seconds, Stopping threads took: 0.0000202 seconds
[2019-12-08T11:50:39.941+0000][1][safepoint    ] Application time: 1.0000875 seconds
[2019-12-08T11:50:39.941+0000][1][safepoint    ] Entering safepoint region: Cleanup
[2019-12-08T11:50:39.941+0000][1][safepoint    ] Leaving safepoint region
[2019-12-08T11:50:39.941+0000][1][safepoint    ] Total time for which application threads were stopped: 0.0000754 seconds, Stopping threads took: 0.0000198 seconds
[2019-12-08T11:50:40.941+0000][1][safepoint    ] Application time: 1.0000815 seconds
[2019-12-08T11:50:40.941+0000][1][safepoint    ] Entering safepoint region: Cleanup
[2019-12-08T11:50:40.941+0000][1][safepoint    ] Leaving safepoint region
[2019-12-08T11:50:40.941+0000][1][safepoint    ] Total time for which application threads were stopped: 0.0000713 seconds, Stopping threads took: 0.0000175 seconds
[2019-12-08T11:50:41.941+0000][1][safepoint    ] Application time: 1.0000775 seconds
[2019-12-08T11:50:41.941+0000][1][safepoint    ] Entering safepoint region: Cleanup
[2019-12-08T11:50:41.941+0000][1][safepoint    ] Leaving safepoint region
[2019-12-08T11:50:41.941+0000][1][safepoint    ] Total time for which application threads were stopped: 0.0000695 seconds, Stopping threads took: 0.0000185 seconds
[2019-12-08T11:50:42.972+0000][1][safepoint    ] Application time: 1.0308846 seconds
[2019-12-08T11:50:42.972+0000][1][safepoint    ] Entering safepoint region: Cleanup
[2019-12-08T11:50:42.972+0000][1][safepoint    ] Leaving safepoint region
[2019-12-08T11:50:42.972+0000][1][safepoint    ] Total time for which application threads were stopped: 0.0000783 seconds, Stopping threads took: 0.0000187 seconds
[2019-12-08T11:50:43.972+0000][1][safepoint    ] Application time: 1.0000805 seconds
[2019-12-08T11:50:43.972+0000][1][safepoint    ] Entering safepoint region: Cleanup
[2019-12-08T11:50:43.972+0000][1][safepoint    ] Leaving safepoint region
[2019-12-08T11:50:43.972+0000][1][safepoint    ] Total time for which application threads were stopped: 0.0000839 seconds, Stopping threads took: 0.0000194 seconds
[2019-12-08T11:50:44.973+0000][1][safepoint    ] Application time: 1.0000810 seconds
[2019-12-08T11:50:44.973+0000][1][safepoint    ] Entering safepoint region: Cleanup
[2019-12-08T11:50:44.973+0000][1][safepoint    ] Leaving safepoint region
[2019-12-08T11:50:44.973+0000][1][safepoint    ] Total time for which application threads were stopped: 0.0000723 seconds, Stopping threads took: 0.0000181 seconds
[2019-12-08T11:50:45.973+0000][1][safepoint    ] Application time: 1.0000791 seconds
[2019-12-08T11:50:45.973+0000][1][safepoint    ] Entering safepoint region: Cleanup
[2019-12-08T11:50:45.973+0000][1][safepoint    ] Leaving safepoint region
[2019-12-08T11:50:45.973+0000][1][safepoint    ] Total time for which application threads were stopped: 0.0000716 seconds, Stopping threads took: 0.0000193 seconds
[2019-12-08T11:50:46.973+0000][1][safepoint    ] Application time: 1.0000833 seconds
[2019-12-08T11:50:46.973+0000][1][safepoint    ] Entering safepoint region: Cleanup
[2019-12-08T11:50:46.973+0000][1][safepoint    ] Leaving safepoint region
[2019-12-08T11:50:46.973+0000][1][safepoint    ] Total time for which application threads were stopped: 0.0001064 seconds, Stopping threads took: 0.0000466 seconds
[2019-12-08T11:50:47.973+0000][1][safepoint    ] Application time: 1.0000894 seconds
[2019-12-08T11:50:47.973+0000][1][safepoint    ] Entering safepoint region: Cleanup
[2019-12-08T11:50:47.973+0000][1][safepoint    ] Leaving safepoint region
[2019-12-08T11:50:47.973+0000][1][safepoint    ] Total time for which application threads were stopped: 0.0000773 seconds, Stopping threads took: 0.0000238 seconds
[2019-12-08T11:50:48.973+0000][1][safepoint    ] Application time: 1.0000804 seconds
[2019-12-08T11:50:48.973+0000][1][safepoint    ] Entering safepoint region: Cleanup
[2019-12-08T11:50:48.973+0000][1][safepoint    ] Leaving safepoint region
[2019-12-08T11:50:48.973+0000][1][safepoint    ] Total time for which application threads were stopped: 0.0000780 seconds, Stopping threads took: 0.0000197 seconds
[2019-12-08T11:50:49.974+0000][1][safepoint    ] Application time: 1.0000815 seconds
[2019-12-08T11:50:49.974+0000][1][safepoint    ] Entering safepoint region: Cleanup
[2019-12-08T11:50:49.974+0000][1][safepoint    ] Leaving safepoint region
[2019-12-08T11:50:49.974+0000][1][safepoint    ] Total time for which application threads were stopped: 0.0000716 seconds, Stopping threads took: 0.0000169 seconds
[2019-12-08T11:50:50.974+0000][1][safepoint    ] Application time: 1.0001040 seconds
[2019-12-08T11:50:50.974+0000][1][safepoint    ] Entering safepoint region: Cleanup
[2019-12-08T11:50:50.974+0000][1][safepoint    ] Leaving safepoint region
[2019-12-08T11:50:50.974+0000][1][safepoint    ] Total time for which application threads were stopped: 0.0000774 seconds, Stopping threads took: 0.0000215 seconds
[2019-12-08T11:50:51.974+0000][1][safepoint    ] Application time: 1.0000798 seconds
[2019-12-08T11:50:51.974+0000][1][safepoint    ] Entering safepoint region: Cleanup
[2019-12-08T11:50:51.974+0000][1][safepoint    ] Leaving safepoint region
[2019-12-08T11:50:51.974+0000][1][safepoint    ] Total time for which application threads were stopped: 0.0000771 seconds, Stopping threads took: 0.0000203 seconds
[2019-12-08T11:50:52.974+0000][1][safepoint    ] Application time: 1.0000892 seconds
[2019-12-08T11:50:52.974+0000][1][safepoint    ] Entering safepoint region: Cleanup
[2019-12-08T11:50:52.974+0000][1][safepoint    ] Leaving safepoint region
[2019-12-08T11:50:52.974+0000][1][safepoint    ] Total time for which application threads were stopped: 0.0000746 seconds, Stopping threads took: 0.0000185 seconds
[2019-12-08T11:50:53.974+0000][1][safepoint    ] Application time: 1.0000926 seconds
[2019-12-08T11:50:53.974+0000][1][safepoint    ] Entering safepoint region: Cleanup
[2019-12-08T11:50:53.975+0000][1][safepoint    ] Leaving safepoint region
[2019-12-08T11:50:53.975+0000][1][safepoint    ] Total time for which application threads were stopped: 0.0000744 seconds, Stopping threads took: 0.0000191 seconds
[2019-12-08T11:50:54.975+0000][1][safepoint    ] Application time: 1.0000829 seconds
[2019-12-08T11:50:54.975+0000][1][safepoint    ] Entering safepoint region: Cleanup
[2019-12-08T11:50:54.975+0000][1][safepoint    ] Leaving safepoint region
[2019-12-08T11:50:54.975+0000][1][safepoint    ] Total time for which application threads were stopped: 0.0000909 seconds, Stopping threads took: 0.0000209 seconds
[2019-12-08T11:50:55.975+0000][1][safepoint    ] Application time: 1.0000837 seconds
[2019-12-08T11:50:55.975+0000][1][safepoint    ] Entering safepoint region: Cleanup
[2019-12-08T11:50:55.975+0000][1][safepoint    ] Leaving safepoint region
[2019-12-08T11:50:55.975+0000][1][safepoint    ] Total time for which application threads were stopped: 0.0000851 seconds, Stopping threads took: 0.0000289 seconds
[2019-12-08T11:50:56.977+0000][1][safepoint    ] Application time: 1.0021597 seconds
[2019-12-08T11:50:56.977+0000][1][safepoint    ] Entering safepoint region: GenCollectForAllocation
[2019-12-08T11:50:56.977+0000][1][gc,start     ] GC(31) Pause Young (Allocation Failure)
[2019-12-08T11:50:56.977+0000][1][gc,task      ] GC(31) Using 4 workers of 4 for evacuation
[2019-12-08T11:50:56.978+0000][1][gc,age       ] GC(31) Desired survivor size 4456448 bytes, new threshold 6 (max threshold 6)
[2019-12-08T11:50:56.978+0000][1][gc,age       ] GC(31) Age table with threshold 6 (max threshold 6)
[2019-12-08T11:50:56.978+0000][1][gc,age       ] GC(31) - age   1:       8608 bytes,       8608 total
[2019-12-08T11:50:56.978+0000][1][gc,age       ] GC(31) - age   2:       7888 bytes,      16496 total
[2019-12-08T11:50:56.978+0000][1][gc,age       ] GC(31) - age   3:        672 bytes,      17168 total
[2019-12-08T11:50:56.978+0000][1][gc,age       ] GC(31) - age   4:       1592 bytes,      18760 total
[2019-12-08T11:50:56.978+0000][1][gc,age       ] GC(31) - age   5:       5296 bytes,      24056 total
[2019-12-08T11:50:56.978+0000][1][gc,age       ] GC(31) - age   6:       4160 bytes,      28216 total
[2019-12-08T11:50:56.978+0000][1][gc,heap      ] GC(31) ParNew: 70170K->78K(78656K)
[2019-12-08T11:50:56.978+0000][1][gc,heap      ] GC(31) CMS: 70037K->70045K(174784K)
[2019-12-08T11:50:56.978+0000][1][gc,metaspace ] GC(31) Metaspace: 69028K->69028K(1112064K)
[2019-12-08T11:50:56.979+0000][1][gc           ] GC(31) Pause Young (Allocation Failure) 136M->68M(247M) 1.238ms
[2019-12-08T11:50:56.979+0000][1][gc,cpu       ] GC(31) User=0.00s Sys=0.00s Real=0.00s
[2019-12-08T11:50:56.979+0000][1][safepoint    ] Leaving safepoint region
[2019-12-08T11:50:56.979+0000][1][safepoint    ] Total time for which application threads were stopped: 0.0013923 seconds, Stopping threads took: 0.0000180 seconds
[2019-12-08T11:50:57.979+0000][1][safepoint    ] Application time: 1.0001060 seconds
[2019-12-08T11:50:57.979+0000][1][safepoint    ] Entering safepoint region: Cleanup
[2019-12-08T11:50:57.979+0000][1][safepoint    ] Leaving safepoint region
[2019-12-08T11:50:57.979+0000][1][safepoint    ] Total time for which application threads were stopped: 0.0000735 seconds, Stopping threads took: 0.0000192 seconds
[2019-12-08T11:50:58.979+0000][1][safepoint    ] Application time: 1.0000849 seconds
[2019-12-08T11:50:58.979+0000][1][safepoint    ] Entering safepoint region: Cleanup
[2019-12-08T11:50:58.979+0000][1][safepoint    ] Leaving safepoint region
[2019-12-08T11:50:58.979+0000][1][safepoint    ] Total time for which application threads were stopped: 0.0000781 seconds, Stopping threads took: 0.0000205 seconds
[2019-12-08T11:50:59.979+0000][1][safepoint    ] Application time: 1.0000898 seconds
[2019-12-08T11:50:59.979+0000][1][safepoint    ] Entering safepoint region: Cleanup
[2019-12-08T11:50:59.979+0000][1][safepoint    ] Leaving safepoint region
[2019-12-08T11:50:59.979+0000][1][safepoint    ] Total time for which application threads were stopped: 0.0000772 seconds, Stopping threads took: 0.0000201 seconds
[2019-12-08T11:51:00.979+0000][1][safepoint    ] Application time: 1.0000853 seconds
[2019-12-08T11:51:00.979+0000][1][safepoint    ] Entering safepoint region: Cleanup
[2019-12-08T11:51:00.979+0000][1][safepoint    ] Leaving safepoint region
[2019-12-08T11:51:00.979+0000][1][safepoint    ] Total time for which application threads were stopped: 0.0000852 seconds, Stopping threads took: 0.0000288 seconds
[2019-12-08T11:51:01.980+0000][1][safepoint    ] Application time: 1.0000820 seconds
[2019-12-08T11:51:01.980+0000][1][safepoint    ] Entering safepoint region: Cleanup
[2019-12-08T11:51:01.980+0000][1][safepoint    ] Leaving safepoint region
[2019-12-08T11:51:01.980+0000][1][safepoint    ] Total time for which application threads were stopped: 0.0001139 seconds, Stopping threads took: 0.0000491 seconds
[2019-12-08T11:51:02.982+0000][1][safepoint    ] Application time: 1.0021050 seconds
[2019-12-08T11:51:02.982+0000][1][safepoint    ] Entering safepoint region: Cleanup
[2019-12-08T11:51:02.982+0000][1][safepoint    ] Leaving safepoint region
[2019-12-08T11:51:02.982+0000][1][safepoint    ] Total time for which application threads were stopped: 0.0000780 seconds, Stopping threads took: 0.0000181 seconds
[2019-12-08T11:51:03.982+0000][1][safepoint    ] Application time: 1.0000898 seconds
[2019-12-08T11:51:03.982+0000][1][safepoint    ] Entering safepoint region: Cleanup
[2019-12-08T11:51:03.982+0000][1][safepoint    ] Leaving safepoint region
[2019-12-08T11:51:03.982+0000][1][safepoint    ] Total time for which application threads were stopped: 0.0000716 seconds, Stopping threads took: 0.0000179 seconds
[2019-12-08T11:51:04.982+0000][1][safepoint    ] Application time: 1.0000804 seconds
[2019-12-08T11:51:04.982+0000][1][safepoint    ] Entering safepoint region: Cleanup
[2019-12-08T11:51:04.982+0000][1][safepoint    ] Leaving safepoint region
[2019-12-08T11:51:04.982+0000][1][safepoint    ] Total time for which application threads were stopped: 0.0000737 seconds, Stopping threads took: 0.0000178 seconds
[2019-12-08T11:51:05.982+0000][1][safepoint    ] Application time: 1.0000792 seconds
[2019-12-08T11:51:05.982+0000][1][safepoint    ] Entering safepoint region: Cleanup
[2019-12-08T11:51:05.983+0000][1][safepoint    ] Leaving safepoint region
[2019-12-08T11:51:05.983+0000][1][safepoint    ] Total time for which application threads were stopped: 0.0000734 seconds, Stopping threads took: 0.0000198 seconds
[2019-12-08T11:51:06.983+0000][1][safepoint    ] Application time: 1.0000766 seconds
[2019-12-08T11:51:06.983+0000][1][safepoint    ] Entering safepoint region: Cleanup
[2019-12-08T11:51:06.983+0000][1][safepoint    ] Leaving safepoint region
[2019-12-08T11:51:06.983+0000][1][safepoint    ] Total time for which application threads were stopped: 0.0001381 seconds, Stopping threads took: 0.0000651 seconds
[2019-12-08T11:51:07.983+0000][1][safepoint    ] Application time: 1.0000880 seconds
[2019-12-08T11:51:07.983+0000][1][safepoint    ] Entering safepoint region: Cleanup
[2019-12-08T11:51:07.983+0000][1][safepoint    ] Leaving safepoint region
[2019-12-08T11:51:07.983+0000][1][safepoint    ] Total time for which application threads were stopped: 0.0000774 seconds, Stopping threads took: 0.0000200 seconds
[2019-12-08T11:51:08.983+0000][1][safepoint    ] Application time: 1.0000897 seconds
[2019-12-08T11:51:08.983+0000][1][safepoint    ] Entering safepoint region: Cleanup
[2019-12-08T11:51:08.983+0000][1][safepoint    ] Leaving safepoint region
[2019-12-08T11:51:08.983+0000][1][safepoint    ] Total time for which application threads were stopped: 0.0000790 seconds, Stopping threads took: 0.0000193 seconds
[2019-12-08T11:51:09.983+0000][1][safepoint    ] Application time: 1.0000793 seconds
[2019-12-08T11:51:09.983+0000][1][safepoint    ] Entering safepoint region: Cleanup
[2019-12-08T11:51:09.983+0000][1][safepoint    ] Leaving safepoint region
[2019-12-08T11:51:09.983+0000][1][safepoint    ] Total time for which application threads were stopped: 0.0000746 seconds, Stopping threads took: 0.0000201 seconds
[2019-12-08T11:51:10.984+0000][1][safepoint    ] Application time: 1.0000937 seconds
[2019-12-08T11:51:10.984+0000][1][safepoint    ] Entering safepoint region: Cleanup
[2019-12-08T11:51:10.984+0000][1][safepoint    ] Leaving safepoint region
[2019-12-08T11:51:10.984+0000][1][safepoint    ] Total time for which application threads were stopped: 0.0000755 seconds, Stopping threads took: 0.0000182 seconds
[2019-12-08T11:51:11.984+0000][1][safepoint    ] Application time: 1.0000810 seconds
[2019-12-08T11:51:11.984+0000][1][safepoint    ] Entering safepoint region: Cleanup
[2019-12-08T11:51:11.984+0000][1][safepoint    ] Leaving safepoint region
[2019-12-08T11:51:11.984+0000][1][safepoint    ] Total time for which application threads were stopped: 0.0001087 seconds, Stopping threads took: 0.0000463 seconds
[2019-12-08T11:51:12.984+0000][1][safepoint    ] Application time: 1.0001015 seconds
[2019-12-08T11:51:12.984+0000][1][safepoint    ] Entering safepoint region: Cleanup
[2019-12-08T11:51:12.984+0000][1][safepoint    ] Leaving safepoint region
[2019-12-08T11:51:12.984+0000][1][safepoint    ] Total time for which application threads were stopped: 0.0000742 seconds, Stopping threads took: 0.0000189 seconds
[2019-12-08T11:51:13.984+0000][1][safepoint    ] Application time: 1.0000840 seconds
[2019-12-08T11:51:13.984+0000][1][safepoint    ] Entering safepoint region: Cleanup
[2019-12-08T11:51:13.984+0000][1][safepoint    ] Leaving safepoint region
[2019-12-08T11:51:13.984+0000][1][safepoint    ] Total time for which application threads were stopped: 0.0000773 seconds, Stopping threads took: 0.0000201 seconds
[2019-12-08T11:51:14.984+0000][1][safepoint    ] Application time: 1.0000838 seconds
[2019-12-08T11:51:14.984+0000][1][safepoint    ] Entering safepoint region: Cleanup
[2019-12-08T11:51:14.984+0000][1][safepoint    ] Leaving safepoint region
[2019-12-08T11:51:14.985+0000][1][safepoint    ] Total time for which application threads were stopped: 0.0000769 seconds, Stopping threads took: 0.0000204 seconds
[2019-12-08T11:51:15.985+0000][1][safepoint    ] Application time: 1.0000808 seconds
[2019-12-08T11:51:15.985+0000][1][safepoint    ] Entering safepoint region: Cleanup
[2019-12-08T11:51:15.985+0000][1][safepoint    ] Leaving safepoint region
[2019-12-08T11:51:15.985+0000][1][safepoint    ] Total time for which application threads were stopped: 0.0000898 seconds, Stopping threads took: 0.0000193 seconds
[2019-12-08T11:51:16.985+0000][1][safepoint    ] Application time: 1.0000761 seconds
[2019-12-08T11:51:16.985+0000][1][safepoint    ] Entering safepoint region: Cleanup
[2019-12-08T11:51:16.985+0000][1][safepoint    ] Leaving safepoint region
[2019-12-08T11:51:16.985+0000][1][safepoint    ] Total time for which application threads were stopped: 0.0000745 seconds, Stopping threads took: 0.0000201 seconds
[2019-12-08T11:51:17.985+0000][1][safepoint    ] Application time: 1.0000926 seconds
[2019-12-08T11:51:17.985+0000][1][safepoint    ] Entering safepoint region: Cleanup
[2019-12-08T11:51:17.985+0000][1][safepoint    ] Leaving safepoint region
[2019-12-08T11:51:17.985+0000][1][safepoint    ] Total time for which application threads were stopped: 0.0000728 seconds, Stopping threads took: 0.0000184 seconds
[2019-12-08T11:51:18.985+0000][1][safepoint    ] Application time: 1.0000795 seconds
[2019-12-08T11:51:18.985+0000][1][safepoint    ] Entering safepoint region: Cleanup
[2019-12-08T11:51:18.985+0000][1][safepoint    ] Leaving safepoint region
[2019-12-08T11:51:18.985+0000][1][safepoint    ] Total time for which application threads were stopped: 0.0000746 seconds, Stopping threads took: 0.0000185 seconds
[2019-12-08T11:51:19.985+0000][1][safepoint    ] Application time: 1.0000779 seconds
[2019-12-08T11:51:19.985+0000][1][safepoint    ] Entering safepoint region: Cleanup
[2019-12-08T11:51:19.986+0000][1][safepoint    ] Leaving safepoint region
[2019-12-08T11:51:19.986+0000][1][safepoint    ] Total time for which application threads were stopped: 0.0000731 seconds, Stopping threads took: 0.0000183 seconds
[2019-12-08T11:51:20.986+0000][1][safepoint    ] Application time: 1.0000765 seconds
[2019-12-08T11:51:20.986+0000][1][safepoint    ] Entering safepoint region: Cleanup
[2019-12-08T11:51:20.986+0000][1][safepoint    ] Leaving safepoint region
[2019-12-08T11:51:20.986+0000][1][safepoint    ] Total time for which application threads were stopped: 0.0000861 seconds, Stopping threads took: 0.0000186 seconds
[2019-12-08T11:51:21.988+0000][1][safepoint    ] Application time: 1.0022887 seconds
[2019-12-08T11:51:21.988+0000][1][safepoint    ] Entering safepoint region: Cleanup
[2019-12-08T11:51:21.988+0000][1][safepoint    ] Leaving safepoint region
[2019-12-08T11:51:21.988+0000][1][safepoint    ] Total time for which application threads were stopped: 0.0001335 seconds, Stopping threads took: 0.0000612 seconds
[2019-12-08T11:51:22.988+0000][1][safepoint    ] Application time: 1.0000952 seconds
[2019-12-08T11:51:22.988+0000][1][safepoint    ] Entering safepoint region: Cleanup
[2019-12-08T11:51:22.988+0000][1][safepoint    ] Leaving safepoint region
[2019-12-08T11:51:22.988+0000][1][safepoint    ] Total time for which application threads were stopped: 0.0000787 seconds, Stopping threads took: 0.0000235 seconds
[2019-12-08T11:51:23.989+0000][1][safepoint    ] Application time: 1.0000876 seconds
[2019-12-08T11:51:23.989+0000][1][safepoint    ] Entering safepoint region: Cleanup
[2019-12-08T11:51:23.989+0000][1][safepoint    ] Leaving safepoint region
[2019-12-08T11:51:23.989+0000][1][safepoint    ] Total time for which application threads were stopped: 0.0000744 seconds, Stopping threads took: 0.0000196 seconds
[2019-12-08T11:51:24.989+0000][1][safepoint    ] Application time: 1.0000832 seconds
[2019-12-08T11:51:24.989+0000][1][safepoint    ] Entering safepoint region: Cleanup
[2019-12-08T11:51:24.989+0000][1][safepoint    ] Leaving safepoint region
[2019-12-08T11:51:24.989+0000][1][safepoint    ] Total time for which application threads were stopped: 0.0000754 seconds, Stopping threads took: 0.0000198 seconds
[2019-12-08T11:51:25.989+0000][1][safepoint    ] Application time: 1.0000765 seconds
[2019-12-08T11:51:25.989+0000][1][safepoint    ] Entering safepoint region: Cleanup
[2019-12-08T11:51:25.989+0000][1][safepoint    ] Leaving safepoint region
[2019-12-08T11:51:25.989+0000][1][safepoint    ] Total time for which application threads were stopped: 0.0000752 seconds, Stopping threads took: 0.0000195 seconds
[2019-12-08T11:51:26.989+0000][1][safepoint    ] Application time: 1.0000816 seconds
[2019-12-08T11:51:26.989+0000][1][safepoint    ] Entering safepoint region: Cleanup
[2019-12-08T11:51:26.989+0000][1][safepoint    ] Leaving safepoint region
[2019-12-08T11:51:26.989+0000][1][safepoint    ] Total time for which application threads were stopped: 0.0001102 seconds, Stopping threads took: 0.0000509 seconds
[2019-12-08T11:51:27.989+0000][1][safepoint    ] Application time: 1.0000881 seconds
[2019-12-08T11:51:27.989+0000][1][safepoint    ] Entering safepoint region: Cleanup
[2019-12-08T11:51:27.989+0000][1][safepoint    ] Leaving safepoint region
[2019-12-08T11:51:27.989+0000][1][safepoint    ] Total time for which application threads were stopped: 0.0000738 seconds, Stopping threads took: 0.0000189 seconds
[2019-12-08T11:51:28.990+0000][1][safepoint    ] Application time: 1.0000808 seconds
[2019-12-08T11:51:28.990+0000][1][safepoint    ] Entering safepoint region: Cleanup
[2019-12-08T11:51:28.990+0000][1][safepoint    ] Leaving safepoint region
[2019-12-08T11:51:28.990+0000][1][safepoint    ] Total time for which application threads were stopped: 0.0000911 seconds, Stopping threads took: 0.0000201 seconds
[2019-12-08T11:51:29.990+0000][1][safepoint    ] Application time: 1.0000890 seconds
[2019-12-08T11:51:29.990+0000][1][safepoint    ] Entering safepoint region: Cleanup
[2019-12-08T11:51:29.990+0000][1][safepoint    ] Leaving safepoint region
[2019-12-08T11:51:29.990+0000][1][safepoint    ] Total time for which application threads were stopped: 0.0000765 seconds, Stopping threads took: 0.0000191 seconds
[2019-12-08T11:51:30.990+0000][1][safepoint    ] Application time: 1.0000774 seconds
[2019-12-08T11:51:30.990+0000][1][safepoint    ] Entering safepoint region: Cleanup
[2019-12-08T11:51:30.990+0000][1][safepoint    ] Leaving safepoint region
[2019-12-08T11:51:30.990+0000][1][safepoint    ] Total time for which application threads were stopped: 0.0000773 seconds, Stopping threads took: 0.0000187 seconds
[2019-12-08T11:51:31.990+0000][1][safepoint    ] Application time: 1.0000860 seconds
[2019-12-08T11:51:31.990+0000][1][safepoint    ] Entering safepoint region: Cleanup
[2019-12-08T11:51:31.990+0000][1][safepoint    ] Leaving safepoint region
[2019-12-08T11:51:31.990+0000][1][safepoint    ] Total time for which application threads were stopped: 0.0001132 seconds, Stopping threads took: 0.0000493 seconds
[2019-12-08T11:51:32.990+0000][1][safepoint    ] Application time: 1.0000881 seconds
[2019-12-08T11:51:32.990+0000][1][safepoint    ] Entering safepoint region: Cleanup
[2019-12-08T11:51:32.991+0000][1][safepoint    ] Leaving safepoint region
[2019-12-08T11:51:32.991+0000][1][safepoint    ] Total time for which application threads were stopped: 0.0000760 seconds, Stopping threads took: 0.0000207 seconds
[2019-12-08T11:51:33.991+0000][1][safepoint    ] Application time: 1.0000844 seconds
[2019-12-08T11:51:33.991+0000][1][safepoint    ] Entering safepoint region: Cleanup
[2019-12-08T11:51:33.991+0000][1][safepoint    ] Leaving safepoint region
[2019-12-08T11:51:33.991+0000][1][safepoint    ] Total time for which application threads were stopped: 0.0000819 seconds, Stopping threads took: 0.0000196 seconds
[2019-12-08T11:51:34.991+0000][1][safepoint    ] Application time: 1.0001115 seconds
[2019-12-08T11:51:34.991+0000][1][safepoint    ] Entering safepoint region: Cleanup
[2019-12-08T11:51:34.991+0000][1][safepoint    ] Leaving safepoint region
[2019-12-08T11:51:34.991+0000][1][safepoint    ] Total time for which application threads were stopped: 0.0000763 seconds, Stopping threads took: 0.0000196 seconds
[2019-12-08T11:51:35.991+0000][1][safepoint    ] Application time: 1.0000781 seconds
[2019-12-08T11:51:35.991+0000][1][safepoint    ] Entering safepoint region: Cleanup
[2019-12-08T11:51:35.991+0000][1][safepoint    ] Leaving safepoint region
[2019-12-08T11:51:35.991+0000][1][safepoint    ] Total time for which application threads were stopped: 0.0000755 seconds, Stopping threads took: 0.0000192 seconds
[2019-12-08T11:51:36.991+0000][1][safepoint    ] Application time: 1.0000832 seconds
[2019-12-08T11:51:36.991+0000][1][safepoint    ] Entering safepoint region: Cleanup
[2019-12-08T11:51:36.991+0000][1][safepoint    ] Leaving safepoint region
[2019-12-08T11:51:36.991+0000][1][safepoint    ] Total time for which application threads were stopped: 0.0000773 seconds, Stopping threads took: 0.0000196 seconds
[2019-12-08T11:51:37.992+0000][1][safepoint    ] Application time: 1.0000815 seconds
[2019-12-08T11:51:37.992+0000][1][safepoint    ] Entering safepoint region: Cleanup
[2019-12-08T11:51:37.992+0000][1][safepoint    ] Leaving safepoint region
[2019-12-08T11:51:37.992+0000][1][safepoint    ] Total time for which application threads were stopped: 0.0000783 seconds, Stopping threads took: 0.0000204 seconds
[2019-12-08T11:51:38.992+0000][1][safepoint    ] Application time: 1.0000897 seconds
[2019-12-08T11:51:38.992+0000][1][safepoint    ] Entering safepoint region: Cleanup
[2019-12-08T11:51:38.992+0000][1][safepoint    ] Leaving safepoint region
[2019-12-08T11:51:38.992+0000][1][safepoint    ] Total time for which application threads were stopped: 0.0000742 seconds, Stopping threads took: 0.0000186 seconds
[2019-12-08T11:51:39.992+0000][1][safepoint    ] Application time: 1.0000813 seconds
[2019-12-08T11:51:39.992+0000][1][safepoint    ] Entering safepoint region: Cleanup
[2019-12-08T11:51:39.992+0000][1][safepoint    ] Leaving safepoint region
[2019-12-08T11:51:39.992+0000][1][safepoint    ] Total time for which application threads were stopped: 0.0000905 seconds, Stopping threads took: 0.0000213 seconds
[2019-12-08T11:51:40.992+0000][1][safepoint    ] Application time: 1.0000810 seconds
[2019-12-08T11:51:40.992+0000][1][safepoint    ] Entering safepoint region: Cleanup
[2019-12-08T11:51:40.992+0000][1][safepoint    ] Leaving safepoint region
[2019-12-08T11:51:40.992+0000][1][safepoint    ] Total time for which application threads were stopped: 0.0000724 seconds, Stopping threads took: 0.0000189 seconds
[2019-12-08T11:51:41.992+0000][1][safepoint    ] Application time: 1.0000786 seconds
[2019-12-08T11:51:41.992+0000][1][safepoint    ] Entering safepoint region: Cleanup
[2019-12-08T11:51:41.992+0000][1][safepoint    ] Leaving safepoint region
[2019-12-08T11:51:41.992+0000][1][safepoint    ] Total time for which application threads were stopped: 0.0000764 seconds, Stopping threads took: 0.0000191 seconds
[2019-12-08T11:51:42.993+0000][1][safepoint    ] Application time: 1.0000740 seconds
[2019-12-08T11:51:42.993+0000][1][safepoint    ] Entering safepoint region: Cleanup
[2019-12-08T11:51:42.993+0000][1][safepoint    ] Leaving safepoint region
[2019-12-08T11:51:42.993+0000][1][safepoint    ] Total time for which application threads were stopped: 0.0000774 seconds, Stopping threads took: 0.0000218 seconds
[2019-12-08T11:51:43.993+0000][1][safepoint    ] Application time: 1.0000783 seconds
[2019-12-08T11:51:43.993+0000][1][safepoint    ] Entering safepoint region: Cleanup
[2019-12-08T11:51:43.993+0000][1][safepoint    ] Leaving safepoint region
[2019-12-08T11:51:43.993+0000][1][safepoint    ] Total time for which application threads were stopped: 0.0000739 seconds, Stopping threads took: 0.0000190 seconds
[2019-12-08T11:51:44.993+0000][1][safepoint    ] Application time: 1.0000827 seconds
[2019-12-08T11:51:44.993+0000][1][safepoint    ] Entering safepoint region: Cleanup
[2019-12-08T11:51:44.993+0000][1][safepoint    ] Leaving safepoint region
[2019-12-08T11:51:44.993+0000][1][safepoint    ] Total time for which application threads were stopped: 0.0000760 seconds, Stopping threads took: 0.0000189 seconds
[2019-12-08T11:51:45.993+0000][1][safepoint    ] Application time: 1.0000817 seconds
[2019-12-08T11:51:45.993+0000][1][safepoint    ] Entering safepoint region: Cleanup
[2019-12-08T11:51:45.993+0000][1][safepoint    ] Leaving safepoint region
[2019-12-08T11:51:45.993+0000][1][safepoint    ] Total time for which application threads were stopped: 0.0000742 seconds, Stopping threads took: 0.0000188 seconds
[2019-12-08T11:51:46.993+0000][1][safepoint    ] Application time: 1.0000827 seconds
[2019-12-08T11:51:46.993+0000][1][safepoint    ] Entering safepoint region: Cleanup
[2019-12-08T11:51:46.993+0000][1][safepoint    ] Leaving safepoint region
[2019-12-08T11:51:46.993+0000][1][safepoint    ] Total time for which application threads were stopped: 0.0000747 seconds, Stopping threads took: 0.0000203 seconds
[2019-12-08T11:51:47.994+0000][1][safepoint    ] Application time: 1.0000820 seconds
[2019-12-08T11:51:47.994+0000][1][safepoint    ] Entering safepoint region: Cleanup
[2019-12-08T11:51:47.994+0000][1][safepoint    ] Leaving safepoint region
[2019-12-08T11:51:47.994+0000][1][safepoint    ] Total time for which application threads were stopped: 0.0000779 seconds, Stopping threads took: 0.0000203 seconds
[2019-12-08T11:51:48.994+0000][1][safepoint    ] Application time: 1.0000789 seconds
[2019-12-08T11:51:48.994+0000][1][safepoint    ] Entering safepoint region: Cleanup
[2019-12-08T11:51:48.994+0000][1][safepoint    ] Leaving safepoint region
[2019-12-08T11:51:48.994+0000][1][safepoint    ] Total time for which application threads were stopped: 0.0000762 seconds, Stopping threads took: 0.0000189 seconds
[2019-12-08T11:51:49.994+0000][1][safepoint    ] Application time: 1.0000920 seconds
[2019-12-08T11:51:49.994+0000][1][safepoint    ] Entering safepoint region: Cleanup
[2019-12-08T11:51:49.994+0000][1][safepoint    ] Leaving safepoint region
[2019-12-08T11:51:49.994+0000][1][safepoint    ] Total time for which application threads were stopped: 0.0000769 seconds, Stopping threads took: 0.0000210 seconds
[2019-12-08T11:51:50.994+0000][1][safepoint    ] Application time: 1.0000778 seconds
[2019-12-08T11:51:50.994+0000][1][safepoint    ] Entering safepoint region: Cleanup
[2019-12-08T11:51:50.994+0000][1][safepoint    ] Leaving safepoint region
[2019-12-08T11:51:50.994+0000][1][safepoint    ] Total time for which application threads were stopped: 0.0000734 seconds, Stopping threads took: 0.0000195 seconds
[2019-12-08T11:51:51.994+0000][1][safepoint    ] Application time: 1.0000847 seconds
[2019-12-08T11:51:51.994+0000][1][safepoint    ] Entering safepoint region: Cleanup
[2019-12-08T11:51:51.994+0000][1][safepoint    ] Leaving safepoint region
[2019-12-08T11:51:51.994+0000][1][safepoint    ] Total time for which application threads were stopped: 0.0000743 seconds, Stopping threads took: 0.0000193 seconds
[2019-12-08T11:51:52.995+0000][1][safepoint    ] Application time: 1.0000838 seconds
[2019-12-08T11:51:52.995+0000][1][safepoint    ] Entering safepoint region: Cleanup
[2019-12-08T11:51:52.995+0000][1][safepoint    ] Leaving safepoint region
[2019-12-08T11:51:52.995+0000][1][safepoint    ] Total time for which application threads were stopped: 0.0000741 seconds, Stopping threads took: 0.0000199 seconds
[2019-12-08T11:51:53.995+0000][1][safepoint    ] Application time: 1.0000922 seconds
[2019-12-08T11:51:53.995+0000][1][safepoint    ] Entering safepoint region: Cleanup
[2019-12-08T11:51:53.995+0000][1][safepoint    ] Leaving safepoint region
[2019-12-08T11:51:53.995+0000][1][safepoint    ] Total time for which application threads were stopped: 0.0000735 seconds, Stopping threads took: 0.0000185 seconds
[2019-12-08T11:51:54.995+0000][1][safepoint    ] Application time: 1.0000829 seconds
[2019-12-08T11:51:54.995+0000][1][safepoint    ] Entering safepoint region: Cleanup
[2019-12-08T11:51:54.995+0000][1][safepoint    ] Leaving safepoint region
[2019-12-08T11:51:54.995+0000][1][safepoint    ] Total time for which application threads were stopped: 0.0000756 seconds, Stopping threads took: 0.0000196 seconds
[2019-12-08T11:51:55.995+0000][1][safepoint    ] Application time: 1.0000759 seconds
[2019-12-08T11:51:55.995+0000][1][safepoint    ] Entering safepoint region: Cleanup
[2019-12-08T11:51:55.995+0000][1][safepoint    ] Leaving safepoint region
[2019-12-08T11:51:55.995+0000][1][safepoint    ] Total time for which application threads were stopped: 0.0000773 seconds, Stopping threads took: 0.0000226 seconds
[2019-12-08T11:51:56.995+0000][1][safepoint    ] Application time: 1.0000783 seconds
[2019-12-08T11:51:56.995+0000][1][safepoint    ] Entering safepoint region: Cleanup
[2019-12-08T11:51:56.995+0000][1][safepoint    ] Leaving safepoint region
[2019-12-08T11:51:56.995+0000][1][safepoint    ] Total time for which application threads were stopped: 0.0000774 seconds, Stopping threads took: 0.0000197 seconds
[2019-12-08T11:51:57.996+0000][1][safepoint    ] Application time: 1.0000812 seconds
[2019-12-08T11:51:57.996+0000][1][safepoint    ] Entering safepoint region: Cleanup
[2019-12-08T11:51:57.996+0000][1][safepoint    ] Leaving safepoint region
[2019-12-08T11:51:57.996+0000][1][safepoint    ] Total time for which application threads were stopped: 0.0000914 seconds, Stopping threads took: 0.0000183 seconds
[2019-12-08T11:51:58.996+0000][1][safepoint    ] Application time: 1.0000798 seconds
[2019-12-08T11:51:58.996+0000][1][safepoint    ] Entering safepoint region: Cleanup
[2019-12-08T11:51:58.996+0000][1][safepoint    ] Leaving safepoint region
[2019-12-08T11:51:58.996+0000][1][safepoint    ] Total time for which application threads were stopped: 0.0000758 seconds, Stopping threads took: 0.0000195 seconds
[2019-12-08T11:51:59.996+0000][1][safepoint    ] Application time: 1.0000824 seconds
[2019-12-08T11:51:59.996+0000][1][safepoint    ] Entering safepoint region: Cleanup
[2019-12-08T11:51:59.996+0000][1][safepoint    ] Leaving safepoint region
[2019-12-08T11:51:59.996+0000][1][safepoint    ] Total time for which application threads were stopped: 0.0000781 seconds, Stopping threads took: 0.0000215 seconds
[2019-12-08T11:52:01.029+0000][1][safepoint    ] Application time: 1.0325232 seconds
[2019-12-08T11:52:01.029+0000][1][safepoint    ] Entering safepoint region: Cleanup
[2019-12-08T11:52:01.029+0000][1][safepoint    ] Leaving safepoint region
[2019-12-08T11:52:01.029+0000][1][safepoint    ] Total time for which application threads were stopped: 0.0001188 seconds, Stopping threads took: 0.0000404 seconds
[2019-12-08T11:52:02.029+0000][1][safepoint    ] Application time: 1.0000839 seconds
[2019-12-08T11:52:02.029+0000][1][safepoint    ] Entering safepoint region: Cleanup
[2019-12-08T11:52:02.029+0000][1][safepoint    ] Leaving safepoint region
[2019-12-08T11:52:02.029+0000][1][safepoint    ] Total time for which application threads were stopped: 0.0001103 seconds, Stopping threads took: 0.0000352 seconds
[2019-12-08T11:52:03.029+0000][1][safepoint    ] Application time: 1.0000912 seconds
[2019-12-08T11:52:03.029+0000][1][safepoint    ] Entering safepoint region: Cleanup
[2019-12-08T11:52:03.029+0000][1][safepoint    ] Leaving safepoint region
[2019-12-08T11:52:03.029+0000][1][safepoint    ] Total time for which application threads were stopped: 0.0000705 seconds, Stopping threads took: 0.0000189 seconds
[2019-12-08T11:52:04.029+0000][1][safepoint    ] Application time: 1.0000865 seconds
[2019-12-08T11:52:04.029+0000][1][safepoint    ] Entering safepoint region: Cleanup
[2019-12-08T11:52:04.029+0000][1][safepoint    ] Leaving safepoint region
[2019-12-08T11:52:04.029+0000][1][safepoint    ] Total time for which application threads were stopped: 0.0000727 seconds, Stopping threads took: 0.0000190 seconds
[2019-12-08T11:52:05.030+0000][1][safepoint    ] Application time: 1.0000797 seconds
[2019-12-08T11:52:05.030+0000][1][safepoint    ] Entering safepoint region: Cleanup
[2019-12-08T11:52:05.030+0000][1][safepoint    ] Leaving safepoint region
[2019-12-08T11:52:05.030+0000][1][safepoint    ] Total time for which application threads were stopped: 0.0000750 seconds, Stopping threads took: 0.0000201 seconds
[2019-12-08T11:52:06.030+0000][1][safepoint    ] Application time: 1.0000765 seconds
[2019-12-08T11:52:06.030+0000][1][safepoint    ] Entering safepoint region: Cleanup
[2019-12-08T11:52:06.030+0000][1][safepoint    ] Leaving safepoint region
[2019-12-08T11:52:06.030+0000][1][safepoint    ] Total time for which application threads were stopped: 0.0000751 seconds, Stopping threads took: 0.0000199 seconds
[2019-12-08T11:52:07.030+0000][1][safepoint    ] Application time: 1.0000785 seconds
[2019-12-08T11:52:07.030+0000][1][safepoint    ] Entering safepoint region: Cleanup
[2019-12-08T11:52:07.030+0000][1][safepoint    ] Leaving safepoint region
[2019-12-08T11:52:07.030+0000][1][safepoint    ] Total time for which application threads were stopped: 0.0000883 seconds, Stopping threads took: 0.0000221 seconds
[2019-12-08T11:52:08.030+0000][1][safepoint    ] Application time: 1.0000793 seconds
[2019-12-08T11:52:08.030+0000][1][safepoint    ] Entering safepoint region: Cleanup
[2019-12-08T11:52:08.030+0000][1][safepoint    ] Leaving safepoint region
[2019-12-08T11:52:08.030+0000][1][safepoint    ] Total time for which application threads were stopped: 0.0000750 seconds, Stopping threads took: 0.0000213 seconds
[2019-12-08T11:52:09.030+0000][1][safepoint    ] Application time: 1.0000807 seconds
[2019-12-08T11:52:09.030+0000][1][safepoint    ] Entering safepoint region: Cleanup
[2019-12-08T11:52:09.030+0000][1][safepoint    ] Leaving safepoint region
[2019-12-08T11:52:09.030+0000][1][safepoint    ] Total time for which application threads were stopped: 0.0000718 seconds, Stopping threads took: 0.0000198 seconds
[2019-12-08T11:52:10.030+0000][1][safepoint    ] Application time: 1.0000802 seconds
[2019-12-08T11:52:10.031+0000][1][safepoint    ] Entering safepoint region: Cleanup
[2019-12-08T11:52:10.031+0000][1][safepoint    ] Leaving safepoint region
[2019-12-08T11:52:10.031+0000][1][safepoint    ] Total time for which application threads were stopped: 0.0000743 seconds, Stopping threads took: 0.0000196 seconds
[2019-12-08T11:52:11.031+0000][1][safepoint    ] Application time: 1.0000990 seconds
[2019-12-08T11:52:11.031+0000][1][safepoint    ] Entering safepoint region: Cleanup
[2019-12-08T11:52:11.031+0000][1][safepoint    ] Leaving safepoint region
[2019-12-08T11:52:11.031+0000][1][safepoint    ] Total time for which application threads were stopped: 0.0001004 seconds, Stopping threads took: 0.0000201 seconds
[2019-12-08T11:52:12.031+0000][1][safepoint    ] Application time: 1.0000810 seconds
[2019-12-08T11:52:12.031+0000][1][safepoint    ] Entering safepoint region: Cleanup
[2019-12-08T11:52:12.031+0000][1][safepoint    ] Leaving safepoint region
[2019-12-08T11:52:12.031+0000][1][safepoint    ] Total time for which application threads were stopped: 0.0000749 seconds, Stopping threads took: 0.0000210 seconds
[2019-12-08T11:52:13.031+0000][1][safepoint    ] Application time: 1.0000819 seconds
[2019-12-08T11:52:13.031+0000][1][safepoint    ] Entering safepoint region: Cleanup
[2019-12-08T11:52:13.031+0000][1][safepoint    ] Leaving safepoint region
[2019-12-08T11:52:13.031+0000][1][safepoint    ] Total time for which application threads were stopped: 0.0000733 seconds, Stopping threads took: 0.0000200 seconds
[2019-12-08T11:52:14.031+0000][1][safepoint    ] Application time: 1.0000799 seconds
[2019-12-08T11:52:14.031+0000][1][safepoint    ] Entering safepoint region: Cleanup
[2019-12-08T11:52:14.031+0000][1][safepoint    ] Leaving safepoint region
[2019-12-08T11:52:14.031+0000][1][safepoint    ] Total time for which application threads were stopped: 0.0000764 seconds, Stopping threads took: 0.0000221 seconds
[2019-12-08T11:52:15.032+0000][1][safepoint    ] Application time: 1.0000803 seconds
[2019-12-08T11:52:15.032+0000][1][safepoint    ] Entering safepoint region: Cleanup
[2019-12-08T11:52:15.032+0000][1][safepoint    ] Leaving safepoint region
[2019-12-08T11:52:15.032+0000][1][safepoint    ] Total time for which application threads were stopped: 0.0000785 seconds, Stopping threads took: 0.0000244 seconds
[2019-12-08T11:52:16.032+0000][1][safepoint    ] Application time: 1.0000781 seconds
[2019-12-08T11:52:16.032+0000][1][safepoint    ] Entering safepoint region: Cleanup
[2019-12-08T11:52:16.032+0000][1][safepoint    ] Leaving safepoint region
[2019-12-08T11:52:16.032+0000][1][safepoint    ] Total time for which application threads were stopped: 0.0000731 seconds, Stopping threads took: 0.0000191 seconds
[2019-12-08T11:52:17.032+0000][1][safepoint    ] Application time: 1.0000771 seconds
[2019-12-08T11:52:17.032+0000][1][safepoint    ] Entering safepoint region: Cleanup
[2019-12-08T11:52:17.032+0000][1][safepoint    ] Leaving safepoint region
[2019-12-08T11:52:17.032+0000][1][safepoint    ] Total time for which application threads were stopped: 0.0000871 seconds, Stopping threads took: 0.0000176 seconds
[2019-12-08T11:52:18.032+0000][1][safepoint    ] Application time: 1.0000823 seconds
[2019-12-08T11:52:18.032+0000][1][safepoint    ] Entering safepoint region: Cleanup
[2019-12-08T11:52:18.032+0000][1][safepoint    ] Leaving safepoint region
[2019-12-08T11:52:18.032+0000][1][safepoint    ] Total time for which application threads were stopped: 0.0000736 seconds, Stopping threads took: 0.0000193 seconds
[2019-12-08T11:52:19.032+0000][1][safepoint    ] Application time: 1.0000796 seconds
[2019-12-08T11:52:19.032+0000][1][safepoint    ] Entering safepoint region: Cleanup
[2019-12-08T11:52:19.032+0000][1][safepoint    ] Leaving safepoint region
[2019-12-08T11:52:19.032+0000][1][safepoint    ] Total time for which application threads were stopped: 0.0000752 seconds, Stopping threads took: 0.0000207 seconds
[2019-12-08T11:52:20.033+0000][1][safepoint    ] Application time: 1.0000793 seconds
[2019-12-08T11:52:20.033+0000][1][safepoint    ] Entering safepoint region: Cleanup
[2019-12-08T11:52:20.033+0000][1][safepoint    ] Leaving safepoint region
[2019-12-08T11:52:20.033+0000][1][safepoint    ] Total time for which application threads were stopped: 0.0000737 seconds, Stopping threads took: 0.0000199 seconds
[2019-12-08T11:52:21.033+0000][1][safepoint    ] Application time: 1.0000846 seconds
[2019-12-08T11:52:21.033+0000][1][safepoint    ] Entering safepoint region: Cleanup
[2019-12-08T11:52:21.033+0000][1][safepoint    ] Leaving safepoint region
[2019-12-08T11:52:21.033+0000][1][safepoint    ] Total time for which application threads were stopped: 0.0000713 seconds, Stopping threads took: 0.0000179 seconds
[2019-12-08T11:52:22.033+0000][1][safepoint    ] Application time: 1.0000756 seconds
[2019-12-08T11:52:22.033+0000][1][safepoint    ] Entering safepoint region: Cleanup
[2019-12-08T11:52:22.033+0000][1][safepoint    ] Leaving safepoint region
[2019-12-08T11:52:22.033+0000][1][safepoint    ] Total time for which application threads were stopped: 0.0000715 seconds, Stopping threads took: 0.0000175 seconds
[2019-12-08T11:52:23.033+0000][1][safepoint    ] Application time: 1.0000793 seconds
[2019-12-08T11:52:23.033+0000][1][safepoint    ] Entering safepoint region: Cleanup
[2019-12-08T11:52:23.033+0000][1][safepoint    ] Leaving safepoint region
[2019-12-08T11:52:23.033+0000][1][safepoint    ] Total time for which application threads were stopped: 0.0000737 seconds, Stopping threads took: 0.0000200 seconds
[2019-12-08T11:52:24.033+0000][1][safepoint    ] Application time: 1.0000798 seconds
[2019-12-08T11:52:24.033+0000][1][safepoint    ] Entering safepoint region: Cleanup
[2019-12-08T11:52:24.033+0000][1][safepoint    ] Leaving safepoint region
[2019-12-08T11:52:24.033+0000][1][safepoint    ] Total time for which application threads were stopped: 0.0000771 seconds, Stopping threads took: 0.0000218 seconds
[2019-12-08T11:52:25.033+0000][1][safepoint    ] Application time: 1.0000774 seconds
[2019-12-08T11:52:25.034+0000][1][safepoint    ] Entering safepoint region: Cleanup
[2019-12-08T11:52:25.034+0000][1][safepoint    ] Leaving safepoint region
[2019-12-08T11:52:25.034+0000][1][safepoint    ] Total time for which application threads were stopped: 0.0000749 seconds, Stopping threads took: 0.0000238 seconds
[2019-12-08T11:52:26.034+0000][1][safepoint    ] Application time: 1.0000767 seconds
[2019-12-08T11:52:26.034+0000][1][safepoint    ] Entering safepoint region: Cleanup
[2019-12-08T11:52:26.034+0000][1][safepoint    ] Leaving safepoint region
[2019-12-08T11:52:26.034+0000][1][safepoint    ] Total time for which application threads were stopped: 0.0000707 seconds, Stopping threads took: 0.0000165 seconds
[2019-12-08T11:52:27.034+0000][1][safepoint    ] Application time: 1.0000773 seconds
[2019-12-08T11:52:27.034+0000][1][safepoint    ] Entering safepoint region: Cleanup
[2019-12-08T11:52:27.034+0000][1][safepoint    ] Leaving safepoint region
[2019-12-08T11:52:27.034+0000][1][safepoint    ] Total time for which application threads were stopped: 0.0000705 seconds, Stopping threads took: 0.0000178 seconds
[2019-12-08T11:52:28.034+0000][1][safepoint    ] Application time: 1.0000826 seconds
[2019-12-08T11:52:28.034+0000][1][safepoint    ] Entering safepoint region: Cleanup
[2019-12-08T11:52:28.034+0000][1][safepoint    ] Leaving safepoint region
[2019-12-08T11:52:28.034+0000][1][safepoint    ] Total time for which application threads were stopped: 0.0000760 seconds, Stopping threads took: 0.0000215 seconds
[2019-12-08T11:52:29.034+0000][1][safepoint    ] Application time: 1.0000806 seconds
[2019-12-08T11:52:29.034+0000][1][safepoint    ] Entering safepoint region: Cleanup
[2019-12-08T11:52:29.034+0000][1][safepoint    ] Leaving safepoint region
[2019-12-08T11:52:29.034+0000][1][safepoint    ] Total time for which application threads were stopped: 0.0000727 seconds, Stopping threads took: 0.0000175 seconds
[2019-12-08T11:52:30.034+0000][1][safepoint    ] Application time: 1.0000843 seconds
[2019-12-08T11:52:30.035+0000][1][safepoint    ] Entering safepoint region: Cleanup
[2019-12-08T11:52:30.035+0000][1][safepoint    ] Leaving safepoint region
[2019-12-08T11:52:30.035+0000][1][safepoint    ] Total time for which application threads were stopped: 0.0000750 seconds, Stopping threads took: 0.0000196 seconds
[2019-12-08T11:52:31.035+0000][1][safepoint    ] Application time: 1.0000858 seconds
[2019-12-08T11:52:31.035+0000][1][safepoint    ] Entering safepoint region: Cleanup
[2019-12-08T11:52:31.035+0000][1][safepoint    ] Leaving safepoint region
[2019-12-08T11:52:31.035+0000][1][safepoint    ] Total time for which application threads were stopped: 0.0000766 seconds, Stopping threads took: 0.0000201 seconds
[2019-12-08T11:52:32.035+0000][1][safepoint    ] Application time: 1.0000762 seconds
[2019-12-08T11:52:32.035+0000][1][safepoint    ] Entering safepoint region: Cleanup
[2019-12-08T11:52:32.035+0000][1][safepoint    ] Leaving safepoint region
[2019-12-08T11:52:32.035+0000][1][safepoint    ] Total time for which application threads were stopped: 0.0000670 seconds, Stopping threads took: 0.0000162 seconds
[2019-12-08T11:52:33.035+0000][1][safepoint    ] Application time: 1.0000757 seconds
[2019-12-08T11:52:33.035+0000][1][safepoint    ] Entering safepoint region: Cleanup
[2019-12-08T11:52:33.035+0000][1][safepoint    ] Leaving safepoint region
[2019-12-08T11:52:33.035+0000][1][safepoint    ] Total time for which application threads were stopped: 0.0000736 seconds, Stopping threads took: 0.0000192 seconds
[2019-12-08T11:52:34.035+0000][1][safepoint    ] Application time: 1.0000745 seconds
[2019-12-08T11:52:34.035+0000][1][safepoint    ] Entering safepoint region: Cleanup
[2019-12-08T11:52:34.035+0000][1][safepoint    ] Leaving safepoint region
[2019-12-08T11:52:34.035+0000][1][safepoint    ] Total time for which application threads were stopped: 0.0000722 seconds, Stopping threads took: 0.0000192 seconds
[2019-12-08T11:52:35.035+0000][1][safepoint    ] Application time: 1.0000746 seconds
[2019-12-08T11:52:35.035+0000][1][safepoint    ] Entering safepoint region: Cleanup
[2019-12-08T11:52:35.036+0000][1][safepoint    ] Leaving safepoint region
[2019-12-08T11:52:35.036+0000][1][safepoint    ] Total time for which application threads were stopped: 0.0000937 seconds, Stopping threads took: 0.0000272 seconds
[2019-12-08T11:52:36.036+0000][1][safepoint    ] Application time: 1.0000802 seconds
[2019-12-08T11:52:36.036+0000][1][safepoint    ] Entering safepoint region: Cleanup
[2019-12-08T11:52:36.036+0000][1][safepoint    ] Leaving safepoint region
[2019-12-08T11:52:36.036+0000][1][safepoint    ] Total time for which application threads were stopped: 0.0000761 seconds, Stopping threads took: 0.0000197 seconds
[2019-12-08T11:52:37.036+0000][1][safepoint    ] Application time: 1.0000843 seconds
[2019-12-08T11:52:37.036+0000][1][safepoint    ] Entering safepoint region: Cleanup
[2019-12-08T11:52:37.036+0000][1][safepoint    ] Leaving safepoint region
[2019-12-08T11:52:37.036+0000][1][safepoint    ] Total time for which application threads were stopped: 0.0000731 seconds, Stopping threads took: 0.0000183 seconds
[2019-12-08T11:52:38.036+0000][1][safepoint    ] Application time: 1.0000804 seconds
[2019-12-08T11:52:38.036+0000][1][safepoint    ] Entering safepoint region: Cleanup
[2019-12-08T11:52:38.036+0000][1][safepoint    ] Leaving safepoint region
[2019-12-08T11:52:38.036+0000][1][safepoint    ] Total time for which application threads were stopped: 0.0000723 seconds, Stopping threads took: 0.0000195 seconds
[2019-12-08T11:52:39.056+0000][1][safepoint    ] Application time: 1.0200128 seconds
[2019-12-08T11:52:39.056+0000][1][safepoint    ] Entering safepoint region: Cleanup
[2019-12-08T11:52:39.056+0000][1][safepoint    ] Leaving safepoint region
[2019-12-08T11:52:39.056+0000][1][safepoint    ] Total time for which application threads were stopped: 0.0000691 seconds, Stopping threads took: 0.0000170 seconds
[2019-12-08T11:52:40.056+0000][1][safepoint    ] Application time: 1.0000775 seconds
[2019-12-08T11:52:40.056+0000][1][safepoint    ] Entering safepoint region: Cleanup
[2019-12-08T11:52:40.056+0000][1][safepoint    ] Leaving safepoint region
[2019-12-08T11:52:40.056+0000][1][safepoint    ] Total time for which application threads were stopped: 0.0000702 seconds, Stopping threads took: 0.0000189 seconds
[2019-12-08T11:52:41.057+0000][1][safepoint    ] Application time: 1.0000809 seconds
[2019-12-08T11:52:41.057+0000][1][safepoint    ] Entering safepoint region: Cleanup
[2019-12-08T11:52:41.057+0000][1][safepoint    ] Leaving safepoint region
[2019-12-08T11:52:41.057+0000][1][safepoint    ] Total time for which application threads were stopped: 0.0000863 seconds, Stopping threads took: 0.0000175 seconds
[2019-12-08T11:52:42.057+0000][1][safepoint    ] Application time: 1.0000792 seconds
[2019-12-08T11:52:42.057+0000][1][safepoint    ] Entering safepoint region: Cleanup
[2019-12-08T11:52:42.057+0000][1][safepoint    ] Leaving safepoint region
[2019-12-08T11:52:42.057+0000][1][safepoint    ] Total time for which application threads were stopped: 0.0000709 seconds, Stopping threads took: 0.0000183 seconds
[2019-12-08T11:52:43.057+0000][1][safepoint    ] Application time: 1.0000808 seconds
[2019-12-08T11:52:43.057+0000][1][safepoint    ] Entering safepoint region: Cleanup
[2019-12-08T11:52:43.057+0000][1][safepoint    ] Leaving safepoint region
[2019-12-08T11:52:43.057+0000][1][safepoint    ] Total time for which application threads were stopped: 0.0000714 seconds, Stopping threads took: 0.0000183 seconds
[2019-12-08T11:52:44.057+0000][1][safepoint    ] Application time: 1.0000796 seconds
[2019-12-08T11:52:44.057+0000][1][safepoint    ] Entering safepoint region: Cleanup
[2019-12-08T11:52:44.057+0000][1][safepoint    ] Leaving safepoint region
[2019-12-08T11:52:44.057+0000][1][safepoint    ] Total time for which application threads were stopped: 0.0000701 seconds, Stopping threads took: 0.0000168 seconds
[2019-12-08T11:52:45.057+0000][1][safepoint    ] Application time: 1.0000792 seconds
[2019-12-08T11:52:45.057+0000][1][safepoint    ] Entering safepoint region: Cleanup
[2019-12-08T11:52:45.057+0000][1][safepoint    ] Leaving safepoint region
[2019-12-08T11:52:45.057+0000][1][safepoint    ] Total time for which application threads were stopped: 0.0000786 seconds, Stopping threads took: 0.0000180 seconds
[2019-12-08T11:52:46.058+0000][1][safepoint    ] Application time: 1.0000813 seconds
[2019-12-08T11:52:46.058+0000][1][safepoint    ] Entering safepoint region: Cleanup
[2019-12-08T11:52:46.058+0000][1][safepoint    ] Leaving safepoint region
[2019-12-08T11:52:46.058+0000][1][safepoint    ] Total time for which application threads were stopped: 0.0000859 seconds, Stopping threads took: 0.0000174 seconds
[2019-12-08T11:52:47.058+0000][1][safepoint    ] Application time: 1.0000790 seconds
[2019-12-08T11:52:47.058+0000][1][safepoint    ] Entering safepoint region: Cleanup
[2019-12-08T11:52:47.058+0000][1][safepoint    ] Leaving safepoint region
[2019-12-08T11:52:47.058+0000][1][safepoint    ] Total time for which application threads were stopped: 0.0000690 seconds, Stopping threads took: 0.0000186 seconds
[2019-12-08T11:52:48.058+0000][1][safepoint    ] Application time: 1.0000845 seconds
[2019-12-08T11:52:48.058+0000][1][safepoint    ] Entering safepoint region: Cleanup
[2019-12-08T11:52:48.058+0000][1][safepoint    ] Leaving safepoint region
[2019-12-08T11:52:48.058+0000][1][safepoint    ] Total time for which application threads were stopped: 0.0000749 seconds, Stopping threads took: 0.0000188 seconds
[2019-12-08T11:52:49.058+0000][1][safepoint    ] Application time: 1.0000839 seconds
[2019-12-08T11:52:49.058+0000][1][safepoint    ] Entering safepoint region: Cleanup
[2019-12-08T11:52:49.058+0000][1][safepoint    ] Leaving safepoint region
[2019-12-08T11:52:49.058+0000][1][safepoint    ] Total time for which application threads were stopped: 0.0000759 seconds, Stopping threads took: 0.0000188 seconds
[2019-12-08T11:52:50.058+0000][1][safepoint    ] Application time: 1.0000875 seconds
[2019-12-08T11:52:50.058+0000][1][safepoint    ] Entering safepoint region: Cleanup
[2019-12-08T11:52:50.059+0000][1][safepoint    ] Leaving safepoint region
[2019-12-08T11:52:50.059+0000][1][safepoint    ] Total time for which application threads were stopped: 0.0000892 seconds, Stopping threads took: 0.0000249 seconds
[2019-12-08T11:52:51.059+0000][1][safepoint    ] Application time: 1.0000909 seconds
[2019-12-08T11:52:51.059+0000][1][safepoint    ] Entering safepoint region: Cleanup
[2019-12-08T11:52:51.059+0000][1][safepoint    ] Leaving safepoint region
[2019-12-08T11:52:51.059+0000][1][safepoint    ] Total time for which application threads were stopped: 0.0001177 seconds, Stopping threads took: 0.0000394 seconds
[2019-12-08T11:52:52.059+0000][1][safepoint    ] Application time: 1.0000819 seconds
[2019-12-08T11:52:52.059+0000][1][safepoint    ] Entering safepoint region: Cleanup
[2019-12-08T11:52:52.059+0000][1][safepoint    ] Leaving safepoint region
[2019-12-08T11:52:52.059+0000][1][safepoint    ] Total time for which application threads were stopped: 0.0000753 seconds, Stopping threads took: 0.0000184 seconds
[2019-12-08T11:52:53.059+0000][1][safepoint    ] Application time: 1.0000805 seconds
[2019-12-08T11:52:53.059+0000][1][safepoint    ] Entering safepoint region: Cleanup
[2019-12-08T11:52:53.059+0000][1][safepoint    ] Leaving safepoint region
[2019-12-08T11:52:53.059+0000][1][safepoint    ] Total time for which application threads were stopped: 0.0000706 seconds, Stopping threads took: 0.0000181 seconds
[2019-12-08T11:52:54.059+0000][1][safepoint    ] Application time: 1.0000827 seconds
[2019-12-08T11:52:54.059+0000][1][safepoint    ] Entering safepoint region: Cleanup
[2019-12-08T11:52:54.059+0000][1][safepoint    ] Leaving safepoint region
[2019-12-08T11:52:54.059+0000][1][safepoint    ] Total time for which application threads were stopped: 0.0000767 seconds, Stopping threads took: 0.0000227 seconds
[2019-12-08T11:52:55.460+0000][1][safepoint    ] Application time: 1.4004941 seconds
[2019-12-08T11:52:55.460+0000][1][safepoint    ] Entering safepoint region: Cleanup
[2019-12-08T11:52:55.460+0000][1][safepoint    ] Leaving safepoint region
[2019-12-08T11:52:55.460+0000][1][safepoint    ] Total time for which application threads were stopped: 0.0000894 seconds, Stopping threads took: 0.0000187 seconds
[2019-12-08T11:52:56.460+0000][1][safepoint    ] Application time: 1.0000760 seconds
[2019-12-08T11:52:56.460+0000][1][safepoint    ] Entering safepoint region: Cleanup
[2019-12-08T11:52:56.460+0000][1][safepoint    ] Leaving safepoint region
[2019-12-08T11:52:56.460+0000][1][safepoint    ] Total time for which application threads were stopped: 0.0000757 seconds, Stopping threads took: 0.0000225 seconds
[2019-12-08T11:52:57.460+0000][1][safepoint    ] Application time: 1.0000801 seconds
[2019-12-08T11:52:57.460+0000][1][safepoint    ] Entering safepoint region: Cleanup
[2019-12-08T11:52:57.460+0000][1][safepoint    ] Leaving safepoint region
[2019-12-08T11:52:57.460+0000][1][safepoint    ] Total time for which application threads were stopped: 0.0000718 seconds, Stopping threads took: 0.0000197 seconds
[2019-12-08T11:52:58.460+0000][1][safepoint    ] Application time: 1.0000854 seconds
[2019-12-08T11:52:58.461+0000][1][safepoint    ] Entering safepoint region: Cleanup
[2019-12-08T11:52:58.461+0000][1][safepoint    ] Leaving safepoint region
[2019-12-08T11:52:58.461+0000][1][safepoint    ] Total time for which application threads were stopped: 0.0000722 seconds, Stopping threads took: 0.0000192 seconds
[2019-12-08T11:52:59.461+0000][1][safepoint    ] Application time: 1.0001014 seconds
[2019-12-08T11:52:59.461+0000][1][safepoint    ] Entering safepoint region: Cleanup
[2019-12-08T11:52:59.461+0000][1][safepoint    ] Leaving safepoint region
[2019-12-08T11:52:59.461+0000][1][safepoint    ] Total time for which application threads were stopped: 0.0000961 seconds, Stopping threads took: 0.0000198 seconds
[2019-12-08T11:53:00.461+0000][1][safepoint    ] Application time: 1.0000773 seconds
[2019-12-08T11:53:00.461+0000][1][safepoint    ] Entering safepoint region: Cleanup
[2019-12-08T11:53:00.461+0000][1][safepoint    ] Leaving safepoint region
[2019-12-08T11:53:00.461+0000][1][safepoint    ] Total time for which application threads were stopped: 0.0000694 seconds, Stopping threads took: 0.0000186 seconds
[2019-12-08T11:53:01.461+0000][1][safepoint    ] Application time: 1.0000862 seconds
[2019-12-08T11:53:01.461+0000][1][safepoint    ] Entering safepoint region: Cleanup
[2019-12-08T11:53:01.461+0000][1][safepoint    ] Leaving safepoint region
[2019-12-08T11:53:01.461+0000][1][safepoint    ] Total time for which application threads were stopped: 0.0001163 seconds, Stopping threads took: 0.0000306 seconds
[2019-12-08T11:53:02.461+0000][1][safepoint    ] Application time: 1.0000805 seconds
[2019-12-08T11:53:02.461+0000][1][safepoint    ] Entering safepoint region: Cleanup
[2019-12-08T11:53:02.461+0000][1][safepoint    ] Leaving safepoint region
[2019-12-08T11:53:02.461+0000][1][safepoint    ] Total time for which application threads were stopped: 0.0000859 seconds, Stopping threads took: 0.0000260 seconds
[2019-12-08T11:53:03.462+0000][1][safepoint    ] Application time: 1.0000784 seconds
[2019-12-08T11:53:03.462+0000][1][safepoint    ] Entering safepoint region: Cleanup
[2019-12-08T11:53:03.462+0000][1][safepoint    ] Leaving safepoint region
[2019-12-08T11:53:03.462+0000][1][safepoint    ] Total time for which application threads were stopped: 0.0000733 seconds, Stopping threads took: 0.0000191 seconds
[2019-12-08T11:53:04.065+0000][1][safepoint    ] Application time: 0.6031784 seconds
[2019-12-08T11:53:04.065+0000][1][safepoint    ] Entering safepoint region: GenCollectForAllocation
[2019-12-08T11:53:04.065+0000][1][gc,start     ] GC(32) Pause Young (Allocation Failure)
[2019-12-08T11:53:04.065+0000][1][gc,task      ] GC(32) Using 4 workers of 4 for evacuation
[2019-12-08T11:53:04.066+0000][1][gc,age       ] GC(32) Desired survivor size 4456448 bytes, new threshold 6 (max threshold 6)
[2019-12-08T11:53:04.066+0000][1][gc,age       ] GC(32) Age table with threshold 6 (max threshold 6)
[2019-12-08T11:53:04.066+0000][1][gc,age       ] GC(32) - age   1:       5144 bytes,       5144 total
[2019-12-08T11:53:04.066+0000][1][gc,age       ] GC(32) - age   2:       3832 bytes,       8976 total
[2019-12-08T11:53:04.066+0000][1][gc,age       ] GC(32) - age   3:       7640 bytes,      16616 total
[2019-12-08T11:53:04.066+0000][1][gc,age       ] GC(32) - age   4:        672 bytes,      17288 total
[2019-12-08T11:53:04.066+0000][1][gc,age       ] GC(32) - age   5:       1592 bytes,      18880 total
[2019-12-08T11:53:04.066+0000][1][gc,age       ] GC(32) - age   6:       5296 bytes,      24176 total
[2019-12-08T11:53:04.066+0000][1][gc,heap      ] GC(32) ParNew: 70011K->33K(78656K)
[2019-12-08T11:53:04.066+0000][1][gc,heap      ] GC(32) CMS: 70045K->70049K(174784K)
[2019-12-08T11:53:04.066+0000][1][gc,metaspace ] GC(32) Metaspace: 69029K->69029K(1112064K)
[2019-12-08T11:53:04.066+0000][1][gc           ] GC(32) Pause Young (Allocation Failure) 136M->68M(247M) 1.288ms
[2019-12-08T11:53:04.066+0000][1][gc,cpu       ] GC(32) User=0.00s Sys=0.00s Real=0.00s
[2019-12-08T11:53:04.066+0000][1][safepoint    ] Leaving safepoint region
[2019-12-08T11:53:04.066+0000][1][safepoint    ] Total time for which application threads were stopped: 0.0014651 seconds, Stopping threads took: 0.0000259 seconds
[2019-12-08T11:53:05.066+0000][1][safepoint    ] Application time: 1.0000918 seconds
[2019-12-08T11:53:05.067+0000][1][safepoint    ] Entering safepoint region: Cleanup
[2019-12-08T11:53:05.067+0000][1][safepoint    ] Leaving safepoint region
[2019-12-08T11:53:05.067+0000][1][safepoint    ] Total time for which application threads were stopped: 0.0000839 seconds, Stopping threads took: 0.0000305 seconds
[2019-12-08T11:53:06.067+0000][1][safepoint    ] Application time: 1.0000813 seconds
[2019-12-08T11:53:06.067+0000][1][safepoint    ] Entering safepoint region: Cleanup
[2019-12-08T11:53:06.067+0000][1][safepoint    ] Leaving safepoint region
[2019-12-08T11:53:06.067+0000][1][safepoint    ] Total time for which application threads were stopped: 0.0000776 seconds, Stopping threads took: 0.0000199 seconds
[2019-12-08T11:53:07.067+0000][1][safepoint    ] Application time: 1.0000834 seconds
[2019-12-08T11:53:07.067+0000][1][safepoint    ] Entering safepoint region: Cleanup
[2019-12-08T11:53:07.067+0000][1][safepoint    ] Leaving safepoint region
[2019-12-08T11:53:07.067+0000][1][safepoint    ] Total time for which application threads were stopped: 0.0000804 seconds, Stopping threads took: 0.0000217 seconds
[2019-12-08T11:53:08.067+0000][1][safepoint    ] Application time: 1.0000810 seconds
[2019-12-08T11:53:08.067+0000][1][safepoint    ] Entering safepoint region: Cleanup
[2019-12-08T11:53:08.067+0000][1][safepoint    ] Leaving safepoint region
[2019-12-08T11:53:08.067+0000][1][safepoint    ] Total time for which application threads were stopped: 0.0000878 seconds, Stopping threads took: 0.0000278 seconds
[2019-12-08T11:53:09.067+0000][1][safepoint    ] Application time: 1.0000821 seconds
[2019-12-08T11:53:09.067+0000][1][safepoint    ] Entering safepoint region: Cleanup
[2019-12-08T11:53:09.067+0000][1][safepoint    ] Leaving safepoint region
[2019-12-08T11:53:09.067+0000][1][safepoint    ] Total time for which application threads were stopped: 0.0000729 seconds, Stopping threads took: 0.0000196 seconds
[2019-12-08T11:53:10.068+0000][1][safepoint    ] Application time: 1.0000779 seconds
[2019-12-08T11:53:10.068+0000][1][safepoint    ] Entering safepoint region: Cleanup
[2019-12-08T11:53:10.068+0000][1][safepoint    ] Leaving safepoint region
[2019-12-08T11:53:10.068+0000][1][safepoint    ] Total time for which application threads were stopped: 0.0000746 seconds, Stopping threads took: 0.0000192 seconds
[2019-12-08T11:53:11.068+0000][1][safepoint    ] Application time: 1.0000744 seconds
[2019-12-08T11:53:11.068+0000][1][safepoint    ] Entering safepoint region: Cleanup
[2019-12-08T11:53:11.068+0000][1][safepoint    ] Leaving safepoint region
[2019-12-08T11:53:11.068+0000][1][safepoint    ] Total time for which application threads were stopped: 0.0000749 seconds, Stopping threads took: 0.0000196 seconds
[2019-12-08T11:53:12.068+0000][1][safepoint    ] Application time: 1.0000802 seconds
[2019-12-08T11:53:12.068+0000][1][safepoint    ] Entering safepoint region: Cleanup
[2019-12-08T11:53:12.068+0000][1][safepoint    ] Leaving safepoint region
[2019-12-08T11:53:12.068+0000][1][safepoint    ] Total time for which application threads were stopped: 0.0000724 seconds, Stopping threads took: 0.0000176 seconds
[2019-12-08T11:53:13.068+0000][1][safepoint    ] Application time: 1.0000800 seconds
[2019-12-08T11:53:13.068+0000][1][safepoint    ] Entering safepoint region: Cleanup
[2019-12-08T11:53:13.068+0000][1][safepoint    ] Leaving safepoint region
[2019-12-08T11:53:13.068+0000][1][safepoint    ] Total time for which application threads were stopped: 0.0000763 seconds, Stopping threads took: 0.0000219 seconds
[2019-12-08T11:53:14.068+0000][1][safepoint    ] Application time: 1.0000805 seconds
[2019-12-08T11:53:14.068+0000][1][safepoint    ] Entering safepoint region: Cleanup
[2019-12-08T11:53:14.068+0000][1][safepoint    ] Leaving safepoint region
[2019-12-08T11:53:14.068+0000][1][safepoint    ] Total time for which application threads were stopped: 0.0000738 seconds, Stopping threads took: 0.0000194 seconds
[2019-12-08T11:53:15.073+0000][1][safepoint    ] Application time: 1.0049220 seconds
[2019-12-08T11:53:15.073+0000][1][safepoint    ] Entering safepoint region: Cleanup
[2019-12-08T11:53:15.073+0000][1][safepoint    ] Leaving safepoint region
[2019-12-08T11:53:15.073+0000][1][safepoint    ] Total time for which application threads were stopped: 0.0000690 seconds, Stopping threads took: 0.0000160 seconds
[2019-12-08T11:53:16.074+0000][1][safepoint    ] Application time: 1.0000809 seconds
[2019-12-08T11:53:16.074+0000][1][safepoint    ] Entering safepoint region: Cleanup
[2019-12-08T11:53:16.074+0000][1][safepoint    ] Leaving safepoint region
[2019-12-08T11:53:16.074+0000][1][safepoint    ] Total time for which application threads were stopped: 0.0000741 seconds, Stopping threads took: 0.0000181 seconds
[2019-12-08T11:53:17.074+0000][1][safepoint    ] Application time: 1.0000786 seconds
[2019-12-08T11:53:17.074+0000][1][safepoint    ] Entering safepoint region: Cleanup
[2019-12-08T11:53:17.074+0000][1][safepoint    ] Leaving safepoint region
[2019-12-08T11:53:17.074+0000][1][safepoint    ] Total time for which application threads were stopped: 0.0001009 seconds, Stopping threads took: 0.0000226 seconds
[2019-12-08T11:53:18.074+0000][1][safepoint    ] Application time: 1.0000810 seconds
[2019-12-08T11:53:18.074+0000][1][safepoint    ] Entering safepoint region: Cleanup
[2019-12-08T11:53:18.074+0000][1][safepoint    ] Leaving safepoint region
[2019-12-08T11:53:18.074+0000][1][safepoint    ] Total time for which application threads were stopped: 0.0000716 seconds, Stopping threads took: 0.0000185 seconds
[2019-12-08T11:53:19.074+0000][1][safepoint    ] Application time: 1.0000799 seconds
[2019-12-08T11:53:19.074+0000][1][safepoint    ] Entering safepoint region: Cleanup
[2019-12-08T11:53:19.074+0000][1][safepoint    ] Leaving safepoint region
[2019-12-08T11:53:19.074+0000][1][safepoint    ] Total time for which application threads were stopped: 0.0000750 seconds, Stopping threads took: 0.0000189 seconds
[2019-12-08T11:53:20.074+0000][1][safepoint    ] Application time: 1.0001155 seconds
[2019-12-08T11:53:20.074+0000][1][safepoint    ] Entering safepoint region: Cleanup
[2019-12-08T11:53:20.075+0000][1][safepoint    ] Leaving safepoint region
[2019-12-08T11:53:20.075+0000][1][safepoint    ] Total time for which application threads were stopped: 0.0000741 seconds, Stopping threads took: 0.0000188 seconds
[2019-12-08T11:53:21.075+0000][1][safepoint    ] Application time: 1.0001014 seconds
[2019-12-08T11:53:21.075+0000][1][safepoint    ] Entering safepoint region: Cleanup
[2019-12-08T11:53:21.075+0000][1][safepoint    ] Leaving safepoint region
[2019-12-08T11:53:21.075+0000][1][safepoint    ] Total time for which application threads were stopped: 0.0000934 seconds, Stopping threads took: 0.0000267 seconds
[2019-12-08T11:53:22.075+0000][1][safepoint    ] Application time: 1.0000902 seconds
[2019-12-08T11:53:22.075+0000][1][safepoint    ] Entering safepoint region: Cleanup
[2019-12-08T11:53:22.075+0000][1][safepoint    ] Leaving safepoint region
[2019-12-08T11:53:22.075+0000][1][safepoint    ] Total time for which application threads were stopped: 0.0000716 seconds, Stopping threads took: 0.0000172 seconds
[2019-12-08T11:53:23.075+0000][1][safepoint    ] Application time: 1.0000809 seconds
[2019-12-08T11:53:23.075+0000][1][safepoint    ] Entering safepoint region: Cleanup
[2019-12-08T11:53:23.075+0000][1][safepoint    ] Leaving safepoint region
[2019-12-08T11:53:23.075+0000][1][safepoint    ] Total time for which application threads were stopped: 0.0000734 seconds, Stopping threads took: 0.0000189 seconds
[2019-12-08T11:53:24.075+0000][1][safepoint    ] Application time: 1.0000788 seconds
[2019-12-08T11:53:24.075+0000][1][safepoint    ] Entering safepoint region: Cleanup
[2019-12-08T11:53:24.075+0000][1][safepoint    ] Leaving safepoint region
[2019-12-08T11:53:24.075+0000][1][safepoint    ] Total time for which application threads were stopped: 0.0000804 seconds, Stopping threads took: 0.0000196 seconds
[2019-12-08T11:53:25.076+0000][1][safepoint    ] Application time: 1.0000788 seconds
[2019-12-08T11:53:25.076+0000][1][safepoint    ] Entering safepoint region: Cleanup
[2019-12-08T11:53:25.076+0000][1][safepoint    ] Leaving safepoint region
[2019-12-08T11:53:25.076+0000][1][safepoint    ] Total time for which application threads were stopped: 0.0000773 seconds, Stopping threads took: 0.0000214 seconds
[2019-12-08T11:53:26.076+0000][1][safepoint    ] Application time: 1.0000829 seconds
[2019-12-08T11:53:26.076+0000][1][safepoint    ] Entering safepoint region: Cleanup
[2019-12-08T11:53:26.076+0000][1][safepoint    ] Leaving safepoint region
[2019-12-08T11:53:26.076+0000][1][safepoint    ] Total time for which application threads were stopped: 0.0000737 seconds, Stopping threads took: 0.0000205 seconds
[2019-12-08T11:53:27.076+0000][1][safepoint    ] Application time: 1.0000780 seconds
[2019-12-08T11:53:27.076+0000][1][safepoint    ] Entering safepoint region: Cleanup
[2019-12-08T11:53:27.076+0000][1][safepoint    ] Leaving safepoint region
[2019-12-08T11:53:27.076+0000][1][safepoint    ] Total time for which application threads were stopped: 0.0000702 seconds, Stopping threads took: 0.0000174 seconds
[2019-12-08T11:53:28.076+0000][1][safepoint    ] Application time: 1.0000841 seconds
[2019-12-08T11:53:28.076+0000][1][safepoint    ] Entering safepoint region: Cleanup
[2019-12-08T11:53:28.076+0000][1][safepoint    ] Leaving safepoint region
[2019-12-08T11:53:28.076+0000][1][safepoint    ] Total time for which application threads were stopped: 0.0000737 seconds, Stopping threads took: 0.0000188 seconds
[2019-12-08T11:53:29.076+0000][1][safepoint    ] Application time: 1.0000760 seconds
[2019-12-08T11:53:29.076+0000][1][safepoint    ] Entering safepoint region: Cleanup
[2019-12-08T11:53:29.076+0000][1][safepoint    ] Leaving safepoint region
[2019-12-08T11:53:29.076+0000][1][safepoint    ] Total time for which application threads were stopped: 0.0000727 seconds, Stopping threads took: 0.0000184 seconds
[2019-12-08T11:53:30.077+0000][1][safepoint    ] Application time: 1.0000807 seconds
[2019-12-08T11:53:30.077+0000][1][safepoint    ] Entering safepoint region: Cleanup
[2019-12-08T11:53:30.077+0000][1][safepoint    ] Leaving safepoint region
[2019-12-08T11:53:30.077+0000][1][safepoint    ] Total time for which application threads were stopped: 0.0000742 seconds, Stopping threads took: 0.0000201 seconds
[2019-12-08T11:53:31.077+0000][1][safepoint    ] Application time: 1.0000810 seconds
[2019-12-08T11:53:31.077+0000][1][safepoint    ] Entering safepoint region: Cleanup
[2019-12-08T11:53:31.077+0000][1][safepoint    ] Leaving safepoint region
[2019-12-08T11:53:31.077+0000][1][safepoint    ] Total time for which application threads were stopped: 0.0000767 seconds, Stopping threads took: 0.0000198 seconds
[2019-12-08T11:53:32.077+0000][1][safepoint    ] Application time: 1.0000811 seconds
[2019-12-08T11:53:32.077+0000][1][safepoint    ] Entering safepoint region: Cleanup
[2019-12-08T11:53:32.077+0000][1][safepoint    ] Leaving safepoint region
[2019-12-08T11:53:32.077+0000][1][safepoint    ] Total time for which application threads were stopped: 0.0000817 seconds, Stopping threads took: 0.0000274 seconds
[2019-12-08T11:53:33.077+0000][1][safepoint    ] Application time: 1.0000882 seconds
[2019-12-08T11:53:33.077+0000][1][safepoint    ] Entering safepoint region: Cleanup
[2019-12-08T11:53:33.077+0000][1][safepoint    ] Leaving safepoint region
[2019-12-08T11:53:33.077+0000][1][safepoint    ] Total time for which application threads were stopped: 0.0000773 seconds, Stopping threads took: 0.0000196 seconds
[2019-12-08T11:53:34.077+0000][1][safepoint    ] Application time: 1.0000783 seconds
[2019-12-08T11:53:34.077+0000][1][safepoint    ] Entering safepoint region: Cleanup
[2019-12-08T11:53:34.077+0000][1][safepoint    ] Leaving safepoint region
[2019-12-08T11:53:34.077+0000][1][safepoint    ] Total time for which application threads were stopped: 0.0000752 seconds, Stopping threads took: 0.0000196 seconds
[2019-12-08T11:53:35.078+0000][1][safepoint    ] Application time: 1.0000764 seconds
[2019-12-08T11:53:35.078+0000][1][safepoint    ] Entering safepoint region: Cleanup
[2019-12-08T11:53:35.078+0000][1][safepoint    ] Leaving safepoint region
[2019-12-08T11:53:35.078+0000][1][safepoint    ] Total time for which application threads were stopped: 0.0000737 seconds, Stopping threads took: 0.0000212 seconds
[2019-12-08T11:53:36.078+0000][1][safepoint    ] Application time: 1.0000759 seconds
[2019-12-08T11:53:36.078+0000][1][safepoint    ] Entering safepoint region: Cleanup
[2019-12-08T11:53:36.078+0000][1][safepoint    ] Leaving safepoint region
[2019-12-08T11:53:36.078+0000][1][safepoint    ] Total time for which application threads were stopped: 0.0000757 seconds, Stopping threads took: 0.0000197 seconds
[2019-12-08T11:53:37.078+0000][1][safepoint    ] Application time: 1.0000757 seconds
[2019-12-08T11:53:37.078+0000][1][safepoint    ] Entering safepoint region: Cleanup
[2019-12-08T11:53:37.078+0000][1][safepoint    ] Leaving safepoint region
[2019-12-08T11:53:37.078+0000][1][safepoint    ] Total time for which application threads were stopped: 0.0000805 seconds, Stopping threads took: 0.0000266 seconds
[2019-12-08T11:53:38.078+0000][1][safepoint    ] Application time: 1.0000825 seconds
[2019-12-08T11:53:38.078+0000][1][safepoint    ] Entering safepoint region: Cleanup
[2019-12-08T11:53:38.078+0000][1][safepoint    ] Leaving safepoint region
[2019-12-08T11:53:38.078+0000][1][safepoint    ] Total time for which application threads were stopped: 0.0000743 seconds, Stopping threads took: 0.0000184 seconds
[2019-12-08T11:53:39.078+0000][1][safepoint    ] Application time: 1.0000822 seconds
[2019-12-08T11:53:39.078+0000][1][safepoint    ] Entering safepoint region: Cleanup
[2019-12-08T11:53:39.078+0000][1][safepoint    ] Leaving safepoint region
[2019-12-08T11:53:39.078+0000][1][safepoint    ] Total time for which application threads were stopped: 0.0000788 seconds, Stopping threads took: 0.0000176 seconds
[2019-12-08T11:53:40.079+0000][1][safepoint    ] Application time: 1.0000906 seconds
[2019-12-08T11:53:40.079+0000][1][safepoint    ] Entering safepoint region: Cleanup
[2019-12-08T11:53:40.079+0000][1][safepoint    ] Leaving safepoint region
[2019-12-08T11:53:40.079+0000][1][safepoint    ] Total time for which application threads were stopped: 0.0000761 seconds, Stopping threads took: 0.0000212 seconds
[2019-12-08T11:53:41.079+0000][1][safepoint    ] Application time: 1.0000895 seconds
[2019-12-08T11:53:41.079+0000][1][safepoint    ] Entering safepoint region: Cleanup
[2019-12-08T11:53:41.079+0000][1][safepoint    ] Leaving safepoint region
[2019-12-08T11:53:41.079+0000][1][safepoint    ] Total time for which application threads were stopped: 0.0000736 seconds, Stopping threads took: 0.0000191 seconds
[2019-12-08T11:53:42.079+0000][1][safepoint    ] Application time: 1.0000868 seconds
[2019-12-08T11:53:42.079+0000][1][safepoint    ] Entering safepoint region: Cleanup
[2019-12-08T11:53:42.079+0000][1][safepoint    ] Leaving safepoint region
[2019-12-08T11:53:42.079+0000][1][safepoint    ] Total time for which application threads were stopped: 0.0000722 seconds, Stopping threads took: 0.0000178 seconds
[2019-12-08T11:53:43.079+0000][1][safepoint    ] Application time: 1.0000850 seconds
[2019-12-08T11:53:43.079+0000][1][safepoint    ] Entering safepoint region: Cleanup
[2019-12-08T11:53:43.079+0000][1][safepoint    ] Leaving safepoint region
[2019-12-08T11:53:43.079+0000][1][safepoint    ] Total time for which application threads were stopped: 0.0000712 seconds, Stopping threads took: 0.0000178 seconds
[2019-12-08T11:53:44.079+0000][1][safepoint    ] Application time: 1.0000807 seconds
[2019-12-08T11:53:44.079+0000][1][safepoint    ] Entering safepoint region: Cleanup
[2019-12-08T11:53:44.079+0000][1][safepoint    ] Leaving safepoint region
[2019-12-08T11:53:44.079+0000][1][safepoint    ] Total time for which application threads were stopped: 0.0000733 seconds, Stopping threads took: 0.0000184 seconds
[2019-12-08T11:53:45.080+0000][1][safepoint    ] Application time: 1.0000827 seconds
[2019-12-08T11:53:45.080+0000][1][safepoint    ] Entering safepoint region: Cleanup
[2019-12-08T11:53:45.080+0000][1][safepoint    ] Leaving safepoint region
[2019-12-08T11:53:45.080+0000][1][safepoint    ] Total time for which application threads were stopped: 0.0000966 seconds, Stopping threads took: 0.0000189 seconds
[2019-12-08T11:53:46.080+0000][1][safepoint    ] Application time: 1.0000810 seconds
[2019-12-08T11:53:46.080+0000][1][safepoint    ] Entering safepoint region: Cleanup
[2019-12-08T11:53:46.080+0000][1][safepoint    ] Leaving safepoint region
[2019-12-08T11:53:46.080+0000][1][safepoint    ] Total time for which application threads were stopped: 0.0000727 seconds, Stopping threads took: 0.0000178 seconds
[2019-12-08T11:53:47.080+0000][1][safepoint    ] Application time: 1.0000766 seconds
[2019-12-08T11:53:47.080+0000][1][safepoint    ] Entering safepoint region: Cleanup
[2019-12-08T11:53:47.080+0000][1][safepoint    ] Leaving safepoint region
[2019-12-08T11:53:47.080+0000][1][safepoint    ] Total time for which application threads were stopped: 0.0000687 seconds, Stopping threads took: 0.0000173 seconds
[2019-12-08T11:53:48.080+0000][1][safepoint    ] Application time: 1.0000756 seconds
[2019-12-08T11:53:48.080+0000][1][safepoint    ] Entering safepoint region: Cleanup
[2019-12-08T11:53:48.080+0000][1][safepoint    ] Leaving safepoint region
[2019-12-08T11:53:48.080+0000][1][safepoint    ] Total time for which application threads were stopped: 0.0000726 seconds, Stopping threads took: 0.0000179 seconds
[2019-12-08T11:53:49.080+0000][1][safepoint    ] Application time: 1.0000781 seconds
[2019-12-08T11:53:49.080+0000][1][safepoint    ] Entering safepoint region: Cleanup
[2019-12-08T11:53:49.080+0000][1][safepoint    ] Leaving safepoint region
[2019-12-08T11:53:49.080+0000][1][safepoint    ] Total time for which application threads were stopped: 0.0000792 seconds, Stopping threads took: 0.0000239 seconds
[2019-12-08T11:53:50.081+0000][1][safepoint    ] Application time: 1.0000793 seconds
[2019-12-08T11:53:50.081+0000][1][safepoint    ] Entering safepoint region: Cleanup
[2019-12-08T11:53:50.081+0000][1][safepoint    ] Leaving safepoint region
[2019-12-08T11:53:50.081+0000][1][safepoint    ] Total time for which application threads were stopped: 0.0000721 seconds, Stopping threads took: 0.0000189 seconds
[2019-12-08T11:53:51.081+0000][1][safepoint    ] Application time: 1.0000879 seconds
[2019-12-08T11:53:51.081+0000][1][safepoint    ] Entering safepoint region: Cleanup
[2019-12-08T11:53:51.081+0000][1][safepoint    ] Leaving safepoint region
[2019-12-08T11:53:51.081+0000][1][safepoint    ] Total time for which application threads were stopped: 0.0000901 seconds, Stopping threads took: 0.0000359 seconds
[2019-12-08T11:53:52.081+0000][1][safepoint    ] Application time: 1.0000791 seconds
[2019-12-08T11:53:52.081+0000][1][safepoint    ] Entering safepoint region: Cleanup
[2019-12-08T11:53:52.081+0000][1][safepoint    ] Leaving safepoint region
[2019-12-08T11:53:52.081+0000][1][safepoint    ] Total time for which application threads were stopped: 0.0000821 seconds, Stopping threads took: 0.0000278 seconds
[2019-12-08T11:53:53.081+0000][1][safepoint    ] Application time: 1.0000779 seconds
[2019-12-08T11:53:53.081+0000][1][safepoint    ] Entering safepoint region: Cleanup
[2019-12-08T11:53:53.081+0000][1][safepoint    ] Leaving safepoint region
[2019-12-08T11:53:53.081+0000][1][safepoint    ] Total time for which application threads were stopped: 0.0000760 seconds, Stopping threads took: 0.0000200 seconds
[2019-12-08T11:53:54.081+0000][1][safepoint    ] Application time: 1.0000857 seconds
[2019-12-08T11:53:54.081+0000][1][safepoint    ] Entering safepoint region: Cleanup
[2019-12-08T11:53:54.082+0000][1][safepoint    ] Leaving safepoint region
[2019-12-08T11:53:54.082+0000][1][safepoint    ] Total time for which application threads were stopped: 0.0000739 seconds, Stopping threads took: 0.0000189 seconds
[2019-12-08T11:53:55.082+0000][1][safepoint    ] Application time: 1.0000931 seconds
[2019-12-08T11:53:55.082+0000][1][safepoint    ] Entering safepoint region: Cleanup
[2019-12-08T11:53:55.082+0000][1][safepoint    ] Leaving safepoint region
[2019-12-08T11:53:55.082+0000][1][safepoint    ] Total time for which application threads were stopped: 0.0000918 seconds, Stopping threads took: 0.0000344 seconds
[2019-12-08T11:53:56.082+0000][1][safepoint    ] Application time: 1.0000926 seconds
[2019-12-08T11:53:56.082+0000][1][safepoint    ] Entering safepoint region: Cleanup
[2019-12-08T11:53:56.082+0000][1][safepoint    ] Leaving safepoint region
[2019-12-08T11:53:56.082+0000][1][safepoint    ] Total time for which application threads were stopped: 0.0000753 seconds, Stopping threads took: 0.0000202 seconds
[2019-12-08T11:53:57.082+0000][1][safepoint    ] Application time: 1.0000850 seconds
[2019-12-08T11:53:57.082+0000][1][safepoint    ] Entering safepoint region: Cleanup
[2019-12-08T11:53:57.082+0000][1][safepoint    ] Leaving safepoint region
[2019-12-08T11:53:57.082+0000][1][safepoint    ] Total time for which application threads were stopped: 0.0000821 seconds, Stopping threads took: 0.0000273 seconds
[2019-12-08T11:53:58.082+0000][1][safepoint    ] Application time: 1.0000810 seconds
[2019-12-08T11:53:58.082+0000][1][safepoint    ] Entering safepoint region: Cleanup
[2019-12-08T11:53:58.082+0000][1][safepoint    ] Leaving safepoint region
[2019-12-08T11:53:58.082+0000][1][safepoint    ] Total time for which application threads were stopped: 0.0000736 seconds, Stopping threads took: 0.0000189 seconds
[2019-12-08T11:53:59.082+0000][1][safepoint    ] Application time: 1.0000825 seconds
[2019-12-08T11:53:59.083+0000][1][safepoint    ] Entering safepoint region: Cleanup
[2019-12-08T11:53:59.083+0000][1][safepoint    ] Leaving safepoint region
[2019-12-08T11:53:59.083+0000][1][safepoint    ] Total time for which application threads were stopped: 0.0000709 seconds, Stopping threads took: 0.0000181 seconds
[2019-12-08T11:54:00.083+0000][1][safepoint    ] Application time: 1.0000919 seconds
[2019-12-08T11:54:00.083+0000][1][safepoint    ] Entering safepoint region: Cleanup
[2019-12-08T11:54:00.083+0000][1][safepoint    ] Leaving safepoint region
[2019-12-08T11:54:00.083+0000][1][safepoint    ] Total time for which application threads were stopped: 0.0000748 seconds, Stopping threads took: 0.0000175 seconds
[2019-12-08T11:54:01.083+0000][1][safepoint    ] Application time: 1.0000857 seconds
[2019-12-08T11:54:01.083+0000][1][safepoint    ] Entering safepoint region: Cleanup
[2019-12-08T11:54:01.083+0000][1][safepoint    ] Leaving safepoint region
[2019-12-08T11:54:01.083+0000][1][safepoint    ] Total time for which application threads were stopped: 0.0000779 seconds, Stopping threads took: 0.0000182 seconds
[2019-12-08T11:54:02.083+0000][1][safepoint    ] Application time: 1.0000840 seconds
[2019-12-08T11:54:02.083+0000][1][safepoint    ] Entering safepoint region: Cleanup
[2019-12-08T11:54:02.083+0000][1][safepoint    ] Leaving safepoint region
[2019-12-08T11:54:02.083+0000][1][safepoint    ] Total time for which application threads were stopped: 0.0000803 seconds, Stopping threads took: 0.0000255 seconds
[2019-12-08T11:54:03.083+0000][1][safepoint    ] Application time: 1.0000839 seconds
[2019-12-08T11:54:03.083+0000][1][safepoint    ] Entering safepoint region: Cleanup
[2019-12-08T11:54:03.083+0000][1][safepoint    ] Leaving safepoint region
[2019-12-08T11:54:03.083+0000][1][safepoint    ] Total time for which application threads were stopped: 0.0000847 seconds, Stopping threads took: 0.0000261 seconds
[2019-12-08T11:54:04.084+0000][1][safepoint    ] Application time: 1.0000803 seconds
[2019-12-08T11:54:04.084+0000][1][safepoint    ] Entering safepoint region: Cleanup
[2019-12-08T11:54:04.084+0000][1][safepoint    ] Leaving safepoint region
[2019-12-08T11:54:04.084+0000][1][safepoint    ] Total time for which application threads were stopped: 0.0000715 seconds, Stopping threads took: 0.0000183 seconds
[2019-12-08T11:54:05.084+0000][1][safepoint    ] Application time: 1.0000836 seconds
[2019-12-08T11:54:05.084+0000][1][safepoint    ] Entering safepoint region: Cleanup
[2019-12-08T11:54:05.084+0000][1][safepoint    ] Leaving safepoint region
[2019-12-08T11:54:05.084+0000][1][safepoint    ] Total time for which application threads were stopped: 0.0000798 seconds, Stopping threads took: 0.0000201 seconds
[2019-12-08T11:54:06.084+0000][1][safepoint    ] Application time: 1.0000853 seconds
[2019-12-08T11:54:06.084+0000][1][safepoint    ] Entering safepoint region: Cleanup
[2019-12-08T11:54:06.084+0000][1][safepoint    ] Leaving safepoint region
[2019-12-08T11:54:06.084+0000][1][safepoint    ] Total time for which application threads were stopped: 0.0000760 seconds, Stopping threads took: 0.0000208 seconds
[2019-12-08T11:54:07.084+0000][1][safepoint    ] Application time: 1.0000830 seconds
[2019-12-08T11:54:07.084+0000][1][safepoint    ] Entering safepoint region: Cleanup
[2019-12-08T11:54:07.084+0000][1][safepoint    ] Leaving safepoint region
[2019-12-08T11:54:07.084+0000][1][safepoint    ] Total time for which application threads were stopped: 0.0000713 seconds, Stopping threads took: 0.0000180 seconds
[2019-12-08T11:54:08.084+0000][1][safepoint    ] Application time: 1.0000822 seconds
[2019-12-08T11:54:08.084+0000][1][safepoint    ] Entering safepoint region: Cleanup
[2019-12-08T11:54:08.084+0000][1][safepoint    ] Leaving safepoint region
[2019-12-08T11:54:08.084+0000][1][safepoint    ] Total time for which application threads were stopped: 0.0000738 seconds, Stopping threads took: 0.0000183 seconds
[2019-12-08T11:54:09.085+0000][1][safepoint    ] Application time: 1.0000738 seconds
[2019-12-08T11:54:09.085+0000][1][safepoint    ] Entering safepoint region: Cleanup
[2019-12-08T11:54:09.085+0000][1][safepoint    ] Leaving safepoint region
[2019-12-08T11:54:09.085+0000][1][safepoint    ] Total time for which application threads were stopped: 0.0000721 seconds, Stopping threads took: 0.0000190 seconds
[2019-12-08T11:54:10.085+0000][1][safepoint    ] Application time: 1.0000817 seconds
[2019-12-08T11:54:10.085+0000][1][safepoint    ] Entering safepoint region: Cleanup
[2019-12-08T11:54:10.085+0000][1][safepoint    ] Leaving safepoint region
[2019-12-08T11:54:10.085+0000][1][safepoint    ] Total time for which application threads were stopped: 0.0000729 seconds, Stopping threads took: 0.0000195 seconds
[2019-12-08T11:54:11.085+0000][1][safepoint    ] Application time: 1.0000861 seconds
[2019-12-08T11:54:11.085+0000][1][safepoint    ] Entering safepoint region: Cleanup
[2019-12-08T11:54:11.085+0000][1][safepoint    ] Leaving safepoint region
[2019-12-08T11:54:11.085+0000][1][safepoint    ] Total time for which application threads were stopped: 0.0000759 seconds, Stopping threads took: 0.0000199 seconds
[2019-12-08T11:54:12.085+0000][1][safepoint    ] Application time: 1.0000909 seconds
[2019-12-08T11:54:12.085+0000][1][safepoint    ] Entering safepoint region: Cleanup
[2019-12-08T11:54:12.085+0000][1][safepoint    ] Leaving safepoint region
[2019-12-08T11:54:12.085+0000][1][safepoint    ] Total time for which application threads were stopped: 0.0000782 seconds, Stopping threads took: 0.0000247 seconds
[2019-12-08T11:54:13.085+0000][1][safepoint    ] Application time: 1.0000809 seconds
[2019-12-08T11:54:13.085+0000][1][safepoint    ] Entering safepoint region: Cleanup
[2019-12-08T11:54:13.085+0000][1][safepoint    ] Leaving safepoint region
[2019-12-08T11:54:13.085+0000][1][safepoint    ] Total time for which application threads were stopped: 0.0000767 seconds, Stopping threads took: 0.0000221 seconds
[2019-12-08T11:54:14.086+0000][1][safepoint    ] Application time: 1.0000745 seconds
[2019-12-08T11:54:14.086+0000][1][safepoint    ] Entering safepoint region: Cleanup
[2019-12-08T11:54:14.086+0000][1][safepoint    ] Leaving safepoint region
[2019-12-08T11:54:14.086+0000][1][safepoint    ] Total time for which application threads were stopped: 0.0000732 seconds, Stopping threads took: 0.0000187 seconds
[2019-12-08T11:54:15.086+0000][1][safepoint    ] Application time: 1.0000847 seconds
[2019-12-08T11:54:15.086+0000][1][safepoint    ] Entering safepoint region: Cleanup
[2019-12-08T11:54:15.086+0000][1][safepoint    ] Leaving safepoint region
[2019-12-08T11:54:15.086+0000][1][safepoint    ] Total time for which application threads were stopped: 0.0000750 seconds, Stopping threads took: 0.0000196 seconds
[2019-12-08T11:54:16.086+0000][1][safepoint    ] Application time: 1.0000912 seconds
[2019-12-08T11:54:16.086+0000][1][safepoint    ] Entering safepoint region: Cleanup
[2019-12-08T11:54:16.086+0000][1][safepoint    ] Leaving safepoint region
[2019-12-08T11:54:16.086+0000][1][safepoint    ] Total time for which application threads were stopped: 0.0000725 seconds, Stopping threads took: 0.0000182 seconds
[2019-12-08T11:54:17.086+0000][1][safepoint    ] Application time: 1.0000914 seconds
[2019-12-08T11:54:17.086+0000][1][safepoint    ] Entering safepoint region: Cleanup
[2019-12-08T11:54:17.086+0000][1][safepoint    ] Leaving safepoint region
[2019-12-08T11:54:17.086+0000][1][safepoint    ] Total time for which application threads were stopped: 0.0000734 seconds, Stopping threads took: 0.0000191 seconds
[2019-12-08T11:54:18.086+0000][1][safepoint    ] Application time: 1.0000875 seconds
[2019-12-08T11:54:18.086+0000][1][safepoint    ] Entering safepoint region: Cleanup
[2019-12-08T11:54:18.086+0000][1][safepoint    ] Leaving safepoint region
[2019-12-08T11:54:18.086+0000][1][safepoint    ] Total time for which application threads were stopped: 0.0000731 seconds, Stopping threads took: 0.0000183 seconds
[2019-12-08T11:54:19.087+0000][1][safepoint    ] Application time: 1.0000786 seconds
[2019-12-08T11:54:19.087+0000][1][safepoint    ] Entering safepoint region: Cleanup
[2019-12-08T11:54:19.087+0000][1][safepoint    ] Leaving safepoint region
[2019-12-08T11:54:19.087+0000][1][safepoint    ] Total time for which application threads were stopped: 0.0000845 seconds, Stopping threads took: 0.0000208 seconds
[2019-12-08T11:54:20.087+0000][1][safepoint    ] Application time: 1.0000782 seconds
[2019-12-08T11:54:20.087+0000][1][safepoint    ] Entering safepoint region: Cleanup
[2019-12-08T11:54:20.087+0000][1][safepoint    ] Leaving safepoint region
[2019-12-08T11:54:20.087+0000][1][safepoint    ] Total time for which application threads were stopped: 0.0000744 seconds, Stopping threads took: 0.0000188 seconds
[2019-12-08T11:54:21.087+0000][1][safepoint    ] Application time: 1.0000758 seconds
[2019-12-08T11:54:21.087+0000][1][safepoint    ] Entering safepoint region: Cleanup
[2019-12-08T11:54:21.087+0000][1][safepoint    ] Leaving safepoint region
[2019-12-08T11:54:21.087+0000][1][safepoint    ] Total time for which application threads were stopped: 0.0000724 seconds, Stopping threads took: 0.0000193 seconds
[2019-12-08T11:54:22.087+0000][1][safepoint    ] Application time: 1.0000787 seconds
[2019-12-08T11:54:22.087+0000][1][safepoint    ] Entering safepoint region: Cleanup
[2019-12-08T11:54:22.087+0000][1][safepoint    ] Leaving safepoint region
[2019-12-08T11:54:22.087+0000][1][safepoint    ] Total time for which application threads were stopped: 0.0000792 seconds, Stopping threads took: 0.0000250 seconds
[2019-12-08T11:54:23.087+0000][1][safepoint    ] Application time: 1.0000811 seconds
[2019-12-08T11:54:23.087+0000][1][safepoint    ] Entering safepoint region: Cleanup
[2019-12-08T11:54:23.087+0000][1][safepoint    ] Leaving safepoint region
[2019-12-08T11:54:23.087+0000][1][safepoint    ] Total time for which application threads were stopped: 0.0000743 seconds, Stopping threads took: 0.0000198 seconds
[2019-12-08T11:54:24.088+0000][1][safepoint    ] Application time: 1.0000828 seconds
[2019-12-08T11:54:24.088+0000][1][safepoint    ] Entering safepoint region: Cleanup
[2019-12-08T11:54:24.088+0000][1][safepoint    ] Leaving safepoint region
[2019-12-08T11:54:24.088+0000][1][safepoint    ] Total time for which application threads were stopped: 0.0000950 seconds, Stopping threads took: 0.0000198 seconds
[2019-12-08T11:54:25.088+0000][1][safepoint    ] Application time: 1.0000874 seconds
[2019-12-08T11:54:25.088+0000][1][safepoint    ] Entering safepoint region: Cleanup
[2019-12-08T11:54:25.088+0000][1][safepoint    ] Leaving safepoint region
[2019-12-08T11:54:25.088+0000][1][safepoint    ] Total time for which application threads were stopped: 0.0000759 seconds, Stopping threads took: 0.0000198 seconds
[2019-12-08T11:54:26.088+0000][1][safepoint    ] Application time: 1.0000808 seconds
[2019-12-08T11:54:26.088+0000][1][safepoint    ] Entering safepoint region: Cleanup
[2019-12-08T11:54:26.088+0000][1][safepoint    ] Leaving safepoint region
[2019-12-08T11:54:26.088+0000][1][safepoint    ] Total time for which application threads were stopped: 0.0000707 seconds, Stopping threads took: 0.0000181 seconds
[2019-12-08T11:54:27.088+0000][1][safepoint    ] Application time: 1.0000833 seconds
[2019-12-08T11:54:27.088+0000][1][safepoint    ] Entering safepoint region: Cleanup
[2019-12-08T11:54:27.088+0000][1][safepoint    ] Leaving safepoint region
[2019-12-08T11:54:27.088+0000][1][safepoint    ] Total time for which application threads were stopped: 0.0000757 seconds, Stopping threads took: 0.0000218 seconds
[2019-12-08T11:54:28.088+0000][1][safepoint    ] Application time: 1.0000800 seconds
[2019-12-08T11:54:28.088+0000][1][safepoint    ] Entering safepoint region: Cleanup
[2019-12-08T11:54:28.089+0000][1][safepoint    ] Leaving safepoint region
[2019-12-08T11:54:28.089+0000][1][safepoint    ] Total time for which application threads were stopped: 0.0000721 seconds, Stopping threads took: 0.0000181 seconds
[2019-12-08T11:54:29.089+0000][1][safepoint    ] Application time: 1.0000837 seconds
[2019-12-08T11:54:29.089+0000][1][safepoint    ] Entering safepoint region: Cleanup
[2019-12-08T11:54:29.089+0000][1][safepoint    ] Leaving safepoint region
[2019-12-08T11:54:29.089+0000][1][safepoint    ] Total time for which application threads were stopped: 0.0000913 seconds, Stopping threads took: 0.0000180 seconds
[2019-12-08T11:54:30.089+0000][1][safepoint    ] Application time: 1.0000847 seconds
[2019-12-08T11:54:30.089+0000][1][safepoint    ] Entering safepoint region: Cleanup
[2019-12-08T11:54:30.089+0000][1][safepoint    ] Leaving safepoint region
[2019-12-08T11:54:30.089+0000][1][safepoint    ] Total time for which application threads were stopped: 0.0000719 seconds, Stopping threads took: 0.0000184 seconds
[2019-12-08T11:54:31.117+0000][1][safepoint    ] Application time: 1.0277163 seconds
[2019-12-08T11:54:31.117+0000][1][safepoint    ] Entering safepoint region: Cleanup
[2019-12-08T11:54:31.117+0000][1][safepoint    ] Leaving safepoint region
[2019-12-08T11:54:31.117+0000][1][safepoint    ] Total time for which application threads were stopped: 0.0001105 seconds, Stopping threads took: 0.0000521 seconds
[2019-12-08T11:54:32.117+0000][1][safepoint    ] Application time: 1.0000894 seconds
[2019-12-08T11:54:32.117+0000][1][safepoint    ] Entering safepoint region: Cleanup
[2019-12-08T11:54:32.117+0000][1][safepoint    ] Leaving safepoint region
[2019-12-08T11:54:32.117+0000][1][safepoint    ] Total time for which application threads were stopped: 0.0000759 seconds, Stopping threads took: 0.0000182 seconds
[2019-12-08T11:54:33.117+0000][1][safepoint    ] Application time: 1.0000833 seconds
[2019-12-08T11:54:33.117+0000][1][safepoint    ] Entering safepoint region: Cleanup
[2019-12-08T11:54:33.117+0000][1][safepoint    ] Leaving safepoint region
[2019-12-08T11:54:33.117+0000][1][safepoint    ] Total time for which application threads were stopped: 0.0000713 seconds, Stopping threads took: 0.0000196 seconds
[2019-12-08T11:54:34.117+0000][1][safepoint    ] Application time: 1.0000906 seconds
[2019-12-08T11:54:34.117+0000][1][safepoint    ] Entering safepoint region: Cleanup
[2019-12-08T11:54:34.117+0000][1][safepoint    ] Leaving safepoint region
[2019-12-08T11:54:34.117+0000][1][safepoint    ] Total time for which application threads were stopped: 0.0000718 seconds, Stopping threads took: 0.0000203 seconds
[2019-12-08T11:54:35.117+0000][1][safepoint    ] Application time: 1.0000764 seconds
[2019-12-08T11:54:35.117+0000][1][safepoint    ] Entering safepoint region: Cleanup
[2019-12-08T11:54:35.118+0000][1][safepoint    ] Leaving safepoint region
[2019-12-08T11:54:35.118+0000][1][safepoint    ] Total time for which application threads were stopped: 0.0000703 seconds, Stopping threads took: 0.0000190 seconds
[2019-12-08T11:54:36.118+0000][1][safepoint    ] Application time: 1.0000794 seconds
[2019-12-08T11:54:36.118+0000][1][safepoint    ] Entering safepoint region: Cleanup
[2019-12-08T11:54:36.118+0000][1][safepoint    ] Leaving safepoint region
[2019-12-08T11:54:36.118+0000][1][safepoint    ] Total time for which application threads were stopped: 0.0000754 seconds, Stopping threads took: 0.0000173 seconds
[2019-12-08T11:54:37.118+0000][1][safepoint    ] Application time: 1.0000752 seconds
[2019-12-08T11:54:37.118+0000][1][safepoint    ] Entering safepoint region: Cleanup
[2019-12-08T11:54:37.118+0000][1][safepoint    ] Leaving safepoint region
[2019-12-08T11:54:37.118+0000][1][safepoint    ] Total time for which application threads were stopped: 0.0000660 seconds, Stopping threads took: 0.0000160 seconds
[2019-12-08T11:54:38.118+0000][1][safepoint    ] Application time: 1.0000806 seconds
[2019-12-08T11:54:38.118+0000][1][safepoint    ] Entering safepoint region: Cleanup
[2019-12-08T11:54:38.118+0000][1][safepoint    ] Leaving safepoint region
[2019-12-08T11:54:38.118+0000][1][safepoint    ] Total time for which application threads were stopped: 0.0000687 seconds, Stopping threads took: 0.0000170 seconds
[2019-12-08T11:54:39.118+0000][1][safepoint    ] Application time: 1.0000769 seconds
[2019-12-08T11:54:39.118+0000][1][safepoint    ] Entering safepoint region: Cleanup
[2019-12-08T11:54:39.118+0000][1][safepoint    ] Leaving safepoint region
[2019-12-08T11:54:39.118+0000][1][safepoint    ] Total time for which application threads were stopped: 0.0000680 seconds, Stopping threads took: 0.0000178 seconds
[2019-12-08T11:54:40.118+0000][1][safepoint    ] Application time: 1.0000766 seconds
[2019-12-08T11:54:40.118+0000][1][safepoint    ] Entering safepoint region: Cleanup
[2019-12-08T11:54:40.118+0000][1][safepoint    ] Leaving safepoint region
[2019-12-08T11:54:40.118+0000][1][safepoint    ] Total time for which application threads were stopped: 0.0000664 seconds, Stopping threads took: 0.0000169 seconds
[2019-12-08T11:54:41.118+0000][1][safepoint    ] Application time: 1.0000769 seconds
[2019-12-08T11:54:41.119+0000][1][safepoint    ] Entering safepoint region: Cleanup
[2019-12-08T11:54:41.119+0000][1][safepoint    ] Leaving safepoint region
[2019-12-08T11:54:41.119+0000][1][safepoint    ] Total time for which application threads were stopped: 0.0000683 seconds, Stopping threads took: 0.0000166 seconds
[2019-12-08T11:54:42.119+0000][1][safepoint    ] Application time: 1.0000792 seconds
[2019-12-08T11:54:42.119+0000][1][safepoint    ] Entering safepoint region: Cleanup
[2019-12-08T11:54:42.119+0000][1][safepoint    ] Leaving safepoint region
[2019-12-08T11:54:42.119+0000][1][safepoint    ] Total time for which application threads were stopped: 0.0000934 seconds, Stopping threads took: 0.0000337 seconds
[2019-12-08T11:54:43.119+0000][1][safepoint    ] Application time: 1.0000789 seconds
[2019-12-08T11:54:43.119+0000][1][safepoint    ] Entering safepoint region: Cleanup
[2019-12-08T11:54:43.119+0000][1][safepoint    ] Leaving safepoint region
[2019-12-08T11:54:43.119+0000][1][safepoint    ] Total time for which application threads were stopped: 0.0000678 seconds, Stopping threads took: 0.0000177 seconds
[2019-12-08T11:54:44.119+0000][1][safepoint    ] Application time: 1.0000757 seconds
[2019-12-08T11:54:44.119+0000][1][safepoint    ] Entering safepoint region: Cleanup
[2019-12-08T11:54:44.119+0000][1][safepoint    ] Leaving safepoint region
[2019-12-08T11:54:44.119+0000][1][safepoint    ] Total time for which application threads were stopped: 0.0000770 seconds, Stopping threads took: 0.0000201 seconds
[2019-12-08T11:54:45.119+0000][1][safepoint    ] Application time: 1.0000784 seconds
[2019-12-08T11:54:45.119+0000][1][safepoint    ] Entering safepoint region: Cleanup
[2019-12-08T11:54:45.119+0000][1][safepoint    ] Leaving safepoint region
[2019-12-08T11:54:45.119+0000][1][safepoint    ] Total time for which application threads were stopped: 0.0000688 seconds, Stopping threads took: 0.0000185 seconds
[2019-12-08T11:54:46.119+0000][1][safepoint    ] Application time: 1.0000879 seconds
[2019-12-08T11:54:46.119+0000][1][safepoint    ] Entering safepoint region: Cleanup
[2019-12-08T11:54:46.119+0000][1][safepoint    ] Leaving safepoint region
[2019-12-08T11:54:46.119+0000][1][safepoint    ] Total time for which application threads were stopped: 0.0000691 seconds, Stopping threads took: 0.0000172 seconds
[2019-12-08T11:54:47.120+0000][1][safepoint    ] Application time: 1.0000769 seconds
[2019-12-08T11:54:47.120+0000][1][safepoint    ] Entering safepoint region: Cleanup
[2019-12-08T11:54:47.120+0000][1][safepoint    ] Leaving safepoint region
[2019-12-08T11:54:47.120+0000][1][safepoint    ] Total time for which application threads were stopped: 0.0000647 seconds, Stopping threads took: 0.0000161 seconds
[2019-12-08T11:54:48.120+0000][1][safepoint    ] Application time: 1.0000774 seconds
[2019-12-08T11:54:48.120+0000][1][safepoint    ] Entering safepoint region: Cleanup
[2019-12-08T11:54:48.120+0000][1][safepoint    ] Leaving safepoint region
[2019-12-08T11:54:48.120+0000][1][safepoint    ] Total time for which application threads were stopped: 0.0000725 seconds, Stopping threads took: 0.0000222 seconds
[2019-12-08T11:54:49.120+0000][1][safepoint    ] Application time: 1.0000781 seconds
[2019-12-08T11:54:49.120+0000][1][safepoint    ] Entering safepoint region: Cleanup
[2019-12-08T11:54:49.120+0000][1][safepoint    ] Leaving safepoint region
[2019-12-08T11:54:49.120+0000][1][safepoint    ] Total time for which application threads were stopped: 0.0000676 seconds, Stopping threads took: 0.0000172 seconds
[2019-12-08T11:54:50.120+0000][1][safepoint    ] Application time: 1.0000783 seconds
[2019-12-08T11:54:50.120+0000][1][safepoint    ] Entering safepoint region: Cleanup
[2019-12-08T11:54:50.120+0000][1][safepoint    ] Leaving safepoint region
[2019-12-08T11:54:50.120+0000][1][safepoint    ] Total time for which application threads were stopped: 0.0000683 seconds, Stopping threads took: 0.0000174 seconds
[2019-12-08T11:54:51.120+0000][1][safepoint    ] Application time: 1.0000760 seconds
[2019-12-08T11:54:51.120+0000][1][safepoint    ] Entering safepoint region: Cleanup
[2019-12-08T11:54:51.120+0000][1][safepoint    ] Leaving safepoint region
[2019-12-08T11:54:51.120+0000][1][safepoint    ] Total time for which application threads were stopped: 0.0000661 seconds, Stopping threads took: 0.0000167 seconds
[2019-12-08T11:54:52.120+0000][1][safepoint    ] Application time: 1.0000768 seconds
[2019-12-08T11:54:52.120+0000][1][safepoint    ] Entering safepoint region: Cleanup
[2019-12-08T11:54:52.120+0000][1][safepoint    ] Leaving safepoint region
[2019-12-08T11:54:52.121+0000][1][safepoint    ] Total time for which application threads were stopped: 0.0000728 seconds, Stopping threads took: 0.0000167 seconds
[2019-12-08T11:54:53.122+0000][1][safepoint    ] Application time: 1.0016940 seconds
[2019-12-08T11:54:53.122+0000][1][safepoint    ] Entering safepoint region: Cleanup
[2019-12-08T11:54:53.122+0000][1][safepoint    ] Leaving safepoint region
[2019-12-08T11:54:53.122+0000][1][safepoint    ] Total time for which application threads were stopped: 0.0000940 seconds, Stopping threads took: 0.0000233 seconds
[2019-12-08T11:54:54.130+0000][1][safepoint    ] Application time: 1.0079663 seconds
[2019-12-08T11:54:54.130+0000][1][safepoint    ] Entering safepoint region: Cleanup
[2019-12-08T11:54:54.130+0000][1][safepoint    ] Leaving safepoint region
[2019-12-08T11:54:54.130+0000][1][safepoint    ] Total time for which application threads were stopped: 0.0001533 seconds, Stopping threads took: 0.0000620 seconds
[2019-12-08T11:54:55.131+0000][1][safepoint    ] Application time: 1.0000890 seconds
[2019-12-08T11:54:55.131+0000][1][safepoint    ] Entering safepoint region: Cleanup
[2019-12-08T11:54:55.131+0000][1][safepoint    ] Leaving safepoint region
[2019-12-08T11:54:55.131+0000][1][safepoint    ] Total time for which application threads were stopped: 0.0001158 seconds, Stopping threads took: 0.0000399 seconds
[2019-12-08T11:54:56.131+0000][1][safepoint    ] Application time: 1.0000860 seconds
[2019-12-08T11:54:56.131+0000][1][safepoint    ] Entering safepoint region: Cleanup
[2019-12-08T11:54:56.131+0000][1][safepoint    ] Leaving safepoint region
[2019-12-08T11:54:56.131+0000][1][safepoint    ] Total time for which application threads were stopped: 0.0000689 seconds, Stopping threads took: 0.0000177 seconds
[2019-12-08T11:54:57.131+0000][1][safepoint    ] Application time: 1.0000809 seconds
[2019-12-08T11:54:57.131+0000][1][safepoint    ] Entering safepoint region: Cleanup
[2019-12-08T11:54:57.131+0000][1][safepoint    ] Leaving safepoint region
[2019-12-08T11:54:57.131+0000][1][safepoint    ] Total time for which application threads were stopped: 0.0000860 seconds, Stopping threads took: 0.0000268 seconds
[2019-12-08T11:54:58.131+0000][1][safepoint    ] Application time: 1.0000868 seconds
[2019-12-08T11:54:58.131+0000][1][safepoint    ] Entering safepoint region: Cleanup
[2019-12-08T11:54:58.131+0000][1][safepoint    ] Leaving safepoint region
[2019-12-08T11:54:58.131+0000][1][safepoint    ] Total time for which application threads were stopped: 0.0000711 seconds, Stopping threads took: 0.0000180 seconds
[2019-12-08T11:54:59.131+0000][1][safepoint    ] Application time: 1.0000824 seconds
[2019-12-08T11:54:59.131+0000][1][safepoint    ] Entering safepoint region: Cleanup
[2019-12-08T11:54:59.131+0000][1][safepoint    ] Leaving safepoint region
[2019-12-08T11:54:59.131+0000][1][safepoint    ] Total time for which application threads were stopped: 0.0000717 seconds, Stopping threads took: 0.0000187 seconds
[2019-12-08T11:55:00.132+0000][1][safepoint    ] Application time: 1.0000796 seconds
[2019-12-08T11:55:00.132+0000][1][safepoint    ] Entering safepoint region: Cleanup
[2019-12-08T11:55:00.132+0000][1][safepoint    ] Leaving safepoint region
[2019-12-08T11:55:00.132+0000][1][safepoint    ] Total time for which application threads were stopped: 0.0000716 seconds, Stopping threads took: 0.0000182 seconds
[2019-12-08T11:55:01.132+0000][1][safepoint    ] Application time: 1.0000850 seconds
[2019-12-08T11:55:01.132+0000][1][safepoint    ] Entering safepoint region: Cleanup
[2019-12-08T11:55:01.132+0000][1][safepoint    ] Leaving safepoint region
[2019-12-08T11:55:01.132+0000][1][safepoint    ] Total time for which application threads were stopped: 0.0000700 seconds, Stopping threads took: 0.0000184 seconds
[2019-12-08T11:55:02.132+0000][1][safepoint    ] Application time: 1.0000959 seconds
[2019-12-08T11:55:02.132+0000][1][safepoint    ] Entering safepoint region: Cleanup
[2019-12-08T11:55:02.132+0000][1][safepoint    ] Leaving safepoint region
[2019-12-08T11:55:02.132+0000][1][safepoint    ] Total time for which application threads were stopped: 0.0001170 seconds, Stopping threads took: 0.0000396 seconds
[2019-12-08T11:55:03.132+0000][1][safepoint    ] Application time: 1.0000922 seconds
[2019-12-08T11:55:03.132+0000][1][safepoint    ] Entering safepoint region: Cleanup
[2019-12-08T11:55:03.132+0000][1][safepoint    ] Leaving safepoint region
[2019-12-08T11:55:03.132+0000][1][safepoint    ] Total time for which application threads were stopped: 0.0000842 seconds, Stopping threads took: 0.0000280 seconds
[2019-12-08T11:55:04.132+0000][1][safepoint    ] Application time: 1.0000860 seconds
[2019-12-08T11:55:04.133+0000][1][safepoint    ] Entering safepoint region: Cleanup
[2019-12-08T11:55:04.133+0000][1][safepoint    ] Leaving safepoint region
[2019-12-08T11:55:04.133+0000][1][safepoint    ] Total time for which application threads were stopped: 0.0000743 seconds, Stopping threads took: 0.0000205 seconds
[2019-12-08T11:55:05.133+0000][1][safepoint    ] Application time: 1.0000902 seconds
[2019-12-08T11:55:05.133+0000][1][safepoint    ] Entering safepoint region: Cleanup
[2019-12-08T11:55:05.133+0000][1][safepoint    ] Leaving safepoint region
[2019-12-08T11:55:05.133+0000][1][safepoint    ] Total time for which application threads were stopped: 0.0000764 seconds, Stopping threads took: 0.0000203 seconds
[2019-12-08T11:55:06.133+0000][1][safepoint    ] Application time: 1.0000873 seconds
[2019-12-08T11:55:06.133+0000][1][safepoint    ] Entering safepoint region: Cleanup
[2019-12-08T11:55:06.133+0000][1][safepoint    ] Leaving safepoint region
[2019-12-08T11:55:06.133+0000][1][safepoint    ] Total time for which application threads were stopped: 0.0000765 seconds, Stopping threads took: 0.0000202 seconds
[2019-12-08T11:55:07.133+0000][1][safepoint    ] Application time: 1.0000859 seconds
[2019-12-08T11:55:07.133+0000][1][safepoint    ] Entering safepoint region: Cleanup
[2019-12-08T11:55:07.133+0000][1][safepoint    ] Leaving safepoint region
[2019-12-08T11:55:07.133+0000][1][safepoint    ] Total time for which application threads were stopped: 0.0000747 seconds, Stopping threads took: 0.0000176 seconds
[2019-12-08T11:55:08.133+0000][1][safepoint    ] Application time: 1.0000772 seconds
[2019-12-08T11:55:08.133+0000][1][safepoint    ] Entering safepoint region: Cleanup
[2019-12-08T11:55:08.133+0000][1][safepoint    ] Leaving safepoint region
[2019-12-08T11:55:08.133+0000][1][safepoint    ] Total time for which application threads were stopped: 0.0000819 seconds, Stopping threads took: 0.0000189 seconds
[2019-12-08T11:55:09.133+0000][1][safepoint    ] Application time: 1.0000767 seconds
[2019-12-08T11:55:09.134+0000][1][safepoint    ] Entering safepoint region: Cleanup
[2019-12-08T11:55:09.134+0000][1][safepoint    ] Leaving safepoint region
[2019-12-08T11:55:09.134+0000][1][safepoint    ] Total time for which application threads were stopped: 0.0000752 seconds, Stopping threads took: 0.0000196 seconds
[2019-12-08T11:55:10.134+0000][1][safepoint    ] Application time: 1.0001014 seconds
[2019-12-08T11:55:10.134+0000][1][safepoint    ] Entering safepoint region: Cleanup
[2019-12-08T11:55:10.134+0000][1][safepoint    ] Leaving safepoint region
[2019-12-08T11:55:10.134+0000][1][safepoint    ] Total time for which application threads were stopped: 0.0000866 seconds, Stopping threads took: 0.0000189 seconds
[2019-12-08T11:55:11.134+0000][1][safepoint    ] Application time: 1.0000825 seconds
[2019-12-08T11:55:11.134+0000][1][safepoint    ] Entering safepoint region: Cleanup
[2019-12-08T11:55:11.134+0000][1][safepoint    ] Leaving safepoint region
[2019-12-08T11:55:11.134+0000][1][safepoint    ] Total time for which application threads were stopped: 0.0000791 seconds, Stopping threads took: 0.0000190 seconds
[2019-12-08T11:55:12.070+0000][1][safepoint    ] Application time: 0.9356628 seconds
[2019-12-08T11:55:12.070+0000][1][safepoint    ] Entering safepoint region: GenCollectForAllocation
[2019-12-08T11:55:12.070+0000][1][gc,start     ] GC(33) Pause Young (Allocation Failure)
[2019-12-08T11:55:12.070+0000][1][gc,task      ] GC(33) Using 4 workers of 4 for evacuation
[2019-12-08T11:55:12.071+0000][1][gc,age       ] GC(33) Desired survivor size 4456448 bytes, new threshold 6 (max threshold 6)
[2019-12-08T11:55:12.071+0000][1][gc,age       ] GC(33) Age table with threshold 6 (max threshold 6)
[2019-12-08T11:55:12.071+0000][1][gc,age       ] GC(33) - age   1:       5512 bytes,       5512 total
[2019-12-08T11:55:12.071+0000][1][gc,age       ] GC(33) - age   2:       1408 bytes,       6920 total
[2019-12-08T11:55:12.071+0000][1][gc,age       ] GC(33) - age   3:       3584 bytes,      10504 total
[2019-12-08T11:55:12.071+0000][1][gc,age       ] GC(33) - age   4:       7608 bytes,      18112 total
[2019-12-08T11:55:12.071+0000][1][gc,age       ] GC(33) - age   5:        672 bytes,      18784 total
[2019-12-08T11:55:12.071+0000][1][gc,age       ] GC(33) - age   6:       1592 bytes,      20376 total
[2019-12-08T11:55:12.071+0000][1][gc,heap      ] GC(33) ParNew: 69985K->36K(78656K)
[2019-12-08T11:55:12.071+0000][1][gc,heap      ] GC(33) CMS: 70049K->70054K(174784K)
[2019-12-08T11:55:12.071+0000][1][gc,metaspace ] GC(33) Metaspace: 69047K->69047K(1112064K)
[2019-12-08T11:55:12.071+0000][1][gc           ] GC(33) Pause Young (Allocation Failure) 136M->68M(247M) 1.277ms
[2019-12-08T11:55:12.071+0000][1][gc,cpu       ] GC(33) User=0.00s Sys=0.00s Real=0.01s
[2019-12-08T11:55:12.071+0000][1][safepoint    ] Leaving safepoint region
[2019-12-08T11:55:12.071+0000][1][safepoint    ] Total time for which application threads were stopped: 0.0014318 seconds, Stopping threads took: 0.0000201 seconds
[2019-12-08T11:55:13.071+0000][1][safepoint    ] Application time: 1.0000896 seconds
[2019-12-08T11:55:13.071+0000][1][safepoint    ] Entering safepoint region: Cleanup
[2019-12-08T11:55:13.071+0000][1][safepoint    ] Leaving safepoint region
[2019-12-08T11:55:13.071+0000][1][safepoint    ] Total time for which application threads were stopped: 0.0000765 seconds, Stopping threads took: 0.0000201 seconds
[2019-12-08T11:55:14.071+0000][1][safepoint    ] Application time: 1.0000807 seconds
[2019-12-08T11:55:14.072+0000][1][safepoint    ] Entering safepoint region: Cleanup
[2019-12-08T11:55:14.072+0000][1][safepoint    ] Leaving safepoint region
[2019-12-08T11:55:14.072+0000][1][safepoint    ] Total time for which application threads were stopped: 0.0000787 seconds, Stopping threads took: 0.0000197 seconds
[2019-12-08T11:55:15.072+0000][1][safepoint    ] Application time: 1.0000790 seconds
[2019-12-08T11:55:15.072+0000][1][safepoint    ] Entering safepoint region: Cleanup
[2019-12-08T11:55:15.072+0000][1][safepoint    ] Leaving safepoint region
[2019-12-08T11:55:15.072+0000][1][safepoint    ] Total time for which application threads were stopped: 0.0000764 seconds, Stopping threads took: 0.0000190 seconds
[2019-12-08T11:55:16.072+0000][1][safepoint    ] Application time: 1.0000899 seconds
[2019-12-08T11:55:16.072+0000][1][safepoint    ] Entering safepoint region: Cleanup
[2019-12-08T11:55:16.072+0000][1][safepoint    ] Leaving safepoint region
[2019-12-08T11:55:16.072+0000][1][safepoint    ] Total time for which application threads were stopped: 0.0000767 seconds, Stopping threads took: 0.0000210 seconds
[2019-12-08T11:55:17.072+0000][1][safepoint    ] Application time: 1.0000856 seconds
[2019-12-08T11:55:17.072+0000][1][safepoint    ] Entering safepoint region: Cleanup
[2019-12-08T11:55:17.072+0000][1][safepoint    ] Leaving safepoint region
[2019-12-08T11:55:17.072+0000][1][safepoint    ] Total time for which application threads were stopped: 0.0001130 seconds, Stopping threads took: 0.0000496 seconds
[2019-12-08T11:55:18.072+0000][1][safepoint    ] Application time: 1.0000909 seconds
[2019-12-08T11:55:18.072+0000][1][safepoint    ] Entering safepoint region: Cleanup
[2019-12-08T11:55:18.072+0000][1][safepoint    ] Leaving safepoint region
[2019-12-08T11:55:18.072+0000][1][safepoint    ] Total time for which application threads were stopped: 0.0000794 seconds, Stopping threads took: 0.0000201 seconds
[2019-12-08T11:55:19.073+0000][1][safepoint    ] Application time: 1.0000915 seconds
[2019-12-08T11:55:19.073+0000][1][safepoint    ] Entering safepoint region: Cleanup
[2019-12-08T11:55:19.073+0000][1][safepoint    ] Leaving safepoint region
[2019-12-08T11:55:19.073+0000][1][safepoint    ] Total time for which application threads were stopped: 0.0000944 seconds, Stopping threads took: 0.0000212 seconds
[2019-12-08T11:55:20.073+0000][1][safepoint    ] Application time: 1.0000795 seconds
[2019-12-08T11:55:20.073+0000][1][safepoint    ] Entering safepoint region: Cleanup
[2019-12-08T11:55:20.073+0000][1][safepoint    ] Leaving safepoint region
[2019-12-08T11:55:20.073+0000][1][safepoint    ] Total time for which application threads were stopped: 0.0000843 seconds, Stopping threads took: 0.0000207 seconds
[2019-12-08T11:55:21.073+0000][1][safepoint    ] Application time: 1.0000873 seconds
[2019-12-08T11:55:21.073+0000][1][safepoint    ] Entering safepoint region: Cleanup
[2019-12-08T11:55:21.073+0000][1][safepoint    ] Leaving safepoint region
[2019-12-08T11:55:21.073+0000][1][safepoint    ] Total time for which application threads were stopped: 0.0000775 seconds, Stopping threads took: 0.0000208 seconds
[2019-12-08T11:55:22.073+0000][1][safepoint    ] Application time: 1.0000852 seconds
[2019-12-08T11:55:22.073+0000][1][safepoint    ] Entering safepoint region: Cleanup
[2019-12-08T11:55:22.073+0000][1][safepoint    ] Leaving safepoint region
[2019-12-08T11:55:22.073+0000][1][safepoint    ] Total time for which application threads were stopped: 0.0000915 seconds, Stopping threads took: 0.0000189 seconds
[2019-12-08T11:55:23.073+0000][1][safepoint    ] Application time: 1.0000854 seconds
[2019-12-08T11:55:23.073+0000][1][safepoint    ] Entering safepoint region: Cleanup
[2019-12-08T11:55:23.074+0000][1][safepoint    ] Leaving safepoint region
[2019-12-08T11:55:23.074+0000][1][safepoint    ] Total time for which application threads were stopped: 0.0000859 seconds, Stopping threads took: 0.0000282 seconds
[2019-12-08T11:55:24.074+0000][1][safepoint    ] Application time: 1.0000918 seconds
[2019-12-08T11:55:24.074+0000][1][safepoint    ] Entering safepoint region: Cleanup
[2019-12-08T11:55:24.074+0000][1][safepoint    ] Leaving safepoint region
[2019-12-08T11:55:24.074+0000][1][safepoint    ] Total time for which application threads were stopped: 0.0000760 seconds, Stopping threads took: 0.0000199 seconds
[2019-12-08T11:55:25.074+0000][1][safepoint    ] Application time: 1.0000799 seconds
[2019-12-08T11:55:25.074+0000][1][safepoint    ] Entering safepoint region: Cleanup
[2019-12-08T11:55:25.074+0000][1][safepoint    ] Leaving safepoint region
[2019-12-08T11:55:25.074+0000][1][safepoint    ] Total time for which application threads were stopped: 0.0000755 seconds, Stopping threads took: 0.0000197 seconds
[2019-12-08T11:55:26.074+0000][1][safepoint    ] Application time: 1.0000795 seconds
[2019-12-08T11:55:26.074+0000][1][safepoint    ] Entering safepoint region: Cleanup
[2019-12-08T11:55:26.074+0000][1][safepoint    ] Leaving safepoint region
[2019-12-08T11:55:26.074+0000][1][safepoint    ] Total time for which application threads were stopped: 0.0000737 seconds, Stopping threads took: 0.0000186 seconds
[2019-12-08T11:55:27.074+0000][1][safepoint    ] Application time: 1.0000789 seconds
[2019-12-08T11:55:27.074+0000][1][safepoint    ] Entering safepoint region: Cleanup
[2019-12-08T11:55:27.074+0000][1][safepoint    ] Leaving safepoint region
[2019-12-08T11:55:27.074+0000][1][safepoint    ] Total time for which application threads were stopped: 0.0000731 seconds, Stopping threads took: 0.0000186 seconds
[2019-12-08T11:55:28.074+0000][1][safepoint    ] Application time: 1.0000773 seconds
[2019-12-08T11:55:28.075+0000][1][safepoint    ] Entering safepoint region: Cleanup
[2019-12-08T11:55:28.075+0000][1][safepoint    ] Leaving safepoint region
[2019-12-08T11:55:28.075+0000][1][safepoint    ] Total time for which application threads were stopped: 0.0000759 seconds, Stopping threads took: 0.0000198 seconds
[2019-12-08T11:55:29.075+0000][1][safepoint    ] Application time: 1.0000793 seconds
[2019-12-08T11:55:29.075+0000][1][safepoint    ] Entering safepoint region: Cleanup
[2019-12-08T11:55:29.075+0000][1][safepoint    ] Leaving safepoint region
[2019-12-08T11:55:29.075+0000][1][safepoint    ] Total time for which application threads were stopped: 0.0000777 seconds, Stopping threads took: 0.0000199 seconds
[2019-12-08T11:55:30.075+0000][1][safepoint    ] Application time: 1.0000767 seconds
[2019-12-08T11:55:30.075+0000][1][safepoint    ] Entering safepoint region: Cleanup
[2019-12-08T11:55:30.075+0000][1][safepoint    ] Leaving safepoint region
[2019-12-08T11:55:30.075+0000][1][safepoint    ] Total time for which application threads were stopped: 0.0000748 seconds, Stopping threads took: 0.0000200 seconds
[2019-12-08T11:55:31.075+0000][1][safepoint    ] Application time: 1.0000759 seconds
[2019-12-08T11:55:31.075+0000][1][safepoint    ] Entering safepoint region: Cleanup
[2019-12-08T11:55:31.075+0000][1][safepoint    ] Leaving safepoint region
[2019-12-08T11:55:31.075+0000][1][safepoint    ] Total time for which application threads were stopped: 0.0000793 seconds, Stopping threads took: 0.0000201 seconds
[2019-12-08T11:55:32.075+0000][1][safepoint    ] Application time: 1.0000806 seconds
[2019-12-08T11:55:32.075+0000][1][safepoint    ] Entering safepoint region: Cleanup
[2019-12-08T11:55:32.075+0000][1][safepoint    ] Leaving safepoint region
[2019-12-08T11:55:32.075+0000][1][safepoint    ] Total time for which application threads were stopped: 0.0000773 seconds, Stopping threads took: 0.0000195 seconds
[2019-12-08T11:55:33.075+0000][1][safepoint    ] Application time: 1.0000774 seconds
[2019-12-08T11:55:33.076+0000][1][safepoint    ] Entering safepoint region: Cleanup
[2019-12-08T11:55:33.076+0000][1][safepoint    ] Leaving safepoint region
[2019-12-08T11:55:33.076+0000][1][safepoint    ] Total time for which application threads were stopped: 0.0000743 seconds, Stopping threads took: 0.0000202 seconds
[2019-12-08T11:55:34.076+0000][1][safepoint    ] Application time: 1.0000624 seconds
[2019-12-08T11:55:34.076+0000][1][safepoint    ] Entering safepoint region: Cleanup
[2019-12-08T11:55:34.076+0000][1][safepoint    ] Leaving safepoint region
[2019-12-08T11:55:34.076+0000][1][safepoint    ] Total time for which application threads were stopped: 0.0000777 seconds, Stopping threads took: 0.0000218 seconds
[2019-12-08T11:55:35.076+0000][1][safepoint    ] Application time: 1.0000781 seconds
[2019-12-08T11:55:35.076+0000][1][safepoint    ] Entering safepoint region: Cleanup
[2019-12-08T11:55:35.076+0000][1][safepoint    ] Leaving safepoint region
[2019-12-08T11:55:35.076+0000][1][safepoint    ] Total time for which application threads were stopped: 0.0000746 seconds, Stopping threads took: 0.0000200 seconds
[2019-12-08T11:55:36.076+0000][1][safepoint    ] Application time: 1.0000763 seconds
[2019-12-08T11:55:36.076+0000][1][safepoint    ] Entering safepoint region: Cleanup
[2019-12-08T11:55:36.076+0000][1][safepoint    ] Leaving safepoint region
[2019-12-08T11:55:36.076+0000][1][safepoint    ] Total time for which application threads were stopped: 0.0000785 seconds, Stopping threads took: 0.0000203 seconds
[2019-12-08T11:55:37.076+0000][1][safepoint    ] Application time: 1.0000826 seconds
[2019-12-08T11:55:37.076+0000][1][safepoint    ] Entering safepoint region: Cleanup
[2019-12-08T11:55:37.076+0000][1][safepoint    ] Leaving safepoint region
[2019-12-08T11:55:37.076+0000][1][safepoint    ] Total time for which application threads were stopped: 0.0000764 seconds, Stopping threads took: 0.0000201 seconds
[2019-12-08T11:55:38.076+0000][1][safepoint    ] Application time: 1.0000754 seconds
[2019-12-08T11:55:38.076+0000][1][safepoint    ] Entering safepoint region: Cleanup
[2019-12-08T11:55:38.077+0000][1][safepoint    ] Leaving safepoint region
[2019-12-08T11:55:38.077+0000][1][safepoint    ] Total time for which application threads were stopped: 0.0000754 seconds, Stopping threads took: 0.0000198 seconds
[2019-12-08T11:55:39.077+0000][1][safepoint    ] Application time: 1.0000753 seconds
[2019-12-08T11:55:39.077+0000][1][safepoint    ] Entering safepoint region: Cleanup
[2019-12-08T11:55:39.077+0000][1][safepoint    ] Leaving safepoint region
[2019-12-08T11:55:39.077+0000][1][safepoint    ] Total time for which application threads were stopped: 0.0001016 seconds, Stopping threads took: 0.0000374 seconds
[2019-12-08T11:55:40.077+0000][1][safepoint    ] Application time: 1.0000772 seconds
[2019-12-08T11:55:40.077+0000][1][safepoint    ] Entering safepoint region: Cleanup
[2019-12-08T11:55:40.077+0000][1][safepoint    ] Leaving safepoint region
[2019-12-08T11:55:40.077+0000][1][safepoint    ] Total time for which application threads were stopped: 0.0000713 seconds, Stopping threads took: 0.0000185 seconds
[2019-12-08T11:55:41.077+0000][1][safepoint    ] Application time: 1.0000770 seconds
[2019-12-08T11:55:41.077+0000][1][safepoint    ] Entering safepoint region: Cleanup
[2019-12-08T11:55:41.077+0000][1][safepoint    ] Leaving safepoint region
[2019-12-08T11:55:41.077+0000][1][safepoint    ] Total time for which application threads were stopped: 0.0000733 seconds, Stopping threads took: 0.0000198 seconds
[2019-12-08T11:55:42.077+0000][1][safepoint    ] Application time: 1.0000767 seconds
[2019-12-08T11:55:42.077+0000][1][safepoint    ] Entering safepoint region: Cleanup
[2019-12-08T11:55:42.077+0000][1][safepoint    ] Leaving safepoint region
[2019-12-08T11:55:42.077+0000][1][safepoint    ] Total time for which application threads were stopped: 0.0000735 seconds, Stopping threads took: 0.0000196 seconds
[2019-12-08T11:55:43.077+0000][1][safepoint    ] Application time: 1.0000888 seconds
[2019-12-08T11:55:43.077+0000][1][safepoint    ] Entering safepoint region: Cleanup
[2019-12-08T11:55:43.078+0000][1][safepoint    ] Leaving safepoint region
[2019-12-08T11:55:43.078+0000][1][safepoint    ] Total time for which application threads were stopped: 0.0000760 seconds, Stopping threads took: 0.0000203 seconds
[2019-12-08T11:55:44.078+0000][1][safepoint    ] Application time: 1.0000842 seconds
[2019-12-08T11:55:44.078+0000][1][safepoint    ] Entering safepoint region: Cleanup
[2019-12-08T11:55:44.078+0000][1][safepoint    ] Leaving safepoint region
[2019-12-08T11:55:44.078+0000][1][safepoint    ] Total time for which application threads were stopped: 0.0000848 seconds, Stopping threads took: 0.0000278 seconds
[2019-12-08T11:55:45.078+0000][1][safepoint    ] Application time: 1.0000780 seconds
[2019-12-08T11:55:45.078+0000][1][safepoint    ] Entering safepoint region: Cleanup
[2019-12-08T11:55:45.078+0000][1][safepoint    ] Leaving safepoint region
[2019-12-08T11:55:45.078+0000][1][safepoint    ] Total time for which application threads were stopped: 0.0000721 seconds, Stopping threads took: 0.0000193 seconds
[2019-12-08T11:55:46.078+0000][1][safepoint    ] Application time: 1.0000777 seconds
[2019-12-08T11:55:46.078+0000][1][safepoint    ] Entering safepoint region: Cleanup
[2019-12-08T11:55:46.078+0000][1][safepoint    ] Leaving safepoint region
[2019-12-08T11:55:46.078+0000][1][safepoint    ] Total time for which application threads were stopped: 0.0000713 seconds, Stopping threads took: 0.0000184 seconds
[2019-12-08T11:55:47.078+0000][1][safepoint    ] Application time: 1.0000744 seconds
[2019-12-08T11:55:47.078+0000][1][safepoint    ] Entering safepoint region: Cleanup
[2019-12-08T11:55:47.078+0000][1][safepoint    ] Leaving safepoint region
[2019-12-08T11:55:47.078+0000][1][safepoint    ] Total time for which application threads were stopped: 0.0000729 seconds, Stopping threads took: 0.0000195 seconds
[2019-12-08T11:55:48.078+0000][1][safepoint    ] Application time: 1.0000813 seconds
[2019-12-08T11:55:48.078+0000][1][safepoint    ] Entering safepoint region: Cleanup
[2019-12-08T11:55:48.079+0000][1][safepoint    ] Leaving safepoint region
[2019-12-08T11:55:48.079+0000][1][safepoint    ] Total time for which application threads were stopped: 0.0000736 seconds, Stopping threads took: 0.0000191 seconds
[2019-12-08T11:55:49.079+0000][1][safepoint    ] Application time: 1.0000767 seconds
[2019-12-08T11:55:49.079+0000][1][safepoint    ] Entering safepoint region: Cleanup
[2019-12-08T11:55:49.079+0000][1][safepoint    ] Leaving safepoint region
[2019-12-08T11:55:49.079+0000][1][safepoint    ] Total time for which application threads were stopped: 0.0000956 seconds, Stopping threads took: 0.0000253 seconds
[2019-12-08T11:55:50.079+0000][1][safepoint    ] Application time: 1.0000789 seconds
[2019-12-08T11:55:50.079+0000][1][safepoint    ] Entering safepoint region: Cleanup
[2019-12-08T11:55:50.079+0000][1][safepoint    ] Leaving safepoint region
[2019-12-08T11:55:50.079+0000][1][safepoint    ] Total time for which application threads were stopped: 0.0000741 seconds, Stopping threads took: 0.0000201 seconds
[2019-12-08T11:55:51.079+0000][1][safepoint    ] Application time: 1.0000810 seconds
[2019-12-08T11:55:51.079+0000][1][safepoint    ] Entering safepoint region: Cleanup
[2019-12-08T11:55:51.079+0000][1][safepoint    ] Leaving safepoint region
[2019-12-08T11:55:51.079+0000][1][safepoint    ] Total time for which application threads were stopped: 0.0000736 seconds, Stopping threads took: 0.0000183 seconds
[2019-12-08T11:55:52.079+0000][1][safepoint    ] Application time: 1.0000784 seconds
[2019-12-08T11:55:52.079+0000][1][safepoint    ] Entering safepoint region: Cleanup
[2019-12-08T11:55:52.079+0000][1][safepoint    ] Leaving safepoint region
[2019-12-08T11:55:52.079+0000][1][safepoint    ] Total time for which application threads were stopped: 0.0000737 seconds, Stopping threads took: 0.0000197 seconds
[2019-12-08T11:55:53.079+0000][1][safepoint    ] Application time: 1.0000794 seconds
[2019-12-08T11:55:53.079+0000][1][safepoint    ] Entering safepoint region: Cleanup
[2019-12-08T11:55:53.080+0000][1][safepoint    ] Leaving safepoint region
[2019-12-08T11:55:53.080+0000][1][safepoint    ] Total time for which application threads were stopped: 0.0000806 seconds, Stopping threads took: 0.0000263 seconds
[2019-12-08T11:55:54.080+0000][1][safepoint    ] Application time: 1.0000772 seconds
[2019-12-08T11:55:54.080+0000][1][safepoint    ] Entering safepoint region: Cleanup
[2019-12-08T11:55:54.080+0000][1][safepoint    ] Leaving safepoint region
[2019-12-08T11:55:54.080+0000][1][safepoint    ] Total time for which application threads were stopped: 0.0000873 seconds, Stopping threads took: 0.0000198 seconds
[2019-12-08T11:55:55.080+0000][1][safepoint    ] Application time: 1.0000756 seconds
[2019-12-08T11:55:55.080+0000][1][safepoint    ] Entering safepoint region: Cleanup
[2019-12-08T11:55:55.080+0000][1][safepoint    ] Leaving safepoint region
[2019-12-08T11:55:55.080+0000][1][safepoint    ] Total time for which application threads were stopped: 0.0000738 seconds, Stopping threads took: 0.0000185 seconds
[2019-12-08T11:55:56.080+0000][1][safepoint    ] Application time: 1.0000747 seconds
[2019-12-08T11:55:56.080+0000][1][safepoint    ] Entering safepoint region: Cleanup
[2019-12-08T11:55:56.080+0000][1][safepoint    ] Leaving safepoint region
[2019-12-08T11:55:56.080+0000][1][safepoint    ] Total time for which application threads were stopped: 0.0000727 seconds, Stopping threads took: 0.0000177 seconds
[2019-12-08T11:55:57.080+0000][1][safepoint    ] Application time: 1.0000750 seconds
[2019-12-08T11:55:57.080+0000][1][safepoint    ] Entering safepoint region: Cleanup
[2019-12-08T11:55:57.080+0000][1][safepoint    ] Leaving safepoint region
[2019-12-08T11:55:57.080+0000][1][safepoint    ] Total time for which application threads were stopped: 0.0000786 seconds, Stopping threads took: 0.0000245 seconds
[2019-12-08T11:55:58.080+0000][1][safepoint    ] Application time: 1.0000777 seconds
[2019-12-08T11:55:58.080+0000][1][safepoint    ] Entering safepoint region: Cleanup
[2019-12-08T11:55:58.080+0000][1][safepoint    ] Leaving safepoint region
[2019-12-08T11:55:58.080+0000][1][safepoint    ] Total time for which application threads were stopped: 0.0000706 seconds, Stopping threads took: 0.0000173 seconds
[2019-12-08T11:55:59.081+0000][1][safepoint    ] Application time: 1.0000760 seconds
[2019-12-08T11:55:59.081+0000][1][safepoint    ] Entering safepoint region: Cleanup
[2019-12-08T11:55:59.081+0000][1][safepoint    ] Leaving safepoint region
[2019-12-08T11:55:59.081+0000][1][safepoint    ] Total time for which application threads were stopped: 0.0000799 seconds, Stopping threads took: 0.0000255 seconds
[2019-12-08T11:56:00.081+0000][1][safepoint    ] Application time: 1.0000778 seconds
[2019-12-08T11:56:00.081+0000][1][safepoint    ] Entering safepoint region: Cleanup
[2019-12-08T11:56:00.081+0000][1][safepoint    ] Leaving safepoint region
[2019-12-08T11:56:00.081+0000][1][safepoint    ] Total time for which application threads were stopped: 0.0000936 seconds, Stopping threads took: 0.0000197 seconds
[2019-12-08T11:56:01.081+0000][1][safepoint    ] Application time: 1.0000816 seconds
[2019-12-08T11:56:01.081+0000][1][safepoint    ] Entering safepoint region: Cleanup
[2019-12-08T11:56:01.081+0000][1][safepoint    ] Leaving safepoint region
[2019-12-08T11:56:01.081+0000][1][safepoint    ] Total time for which application threads were stopped: 0.0000763 seconds, Stopping threads took: 0.0000198 seconds
[2019-12-08T11:56:02.081+0000][1][safepoint    ] Application time: 1.0000807 seconds
[2019-12-08T11:56:02.081+0000][1][safepoint    ] Entering safepoint region: Cleanup
[2019-12-08T11:56:02.081+0000][1][safepoint    ] Leaving safepoint region
[2019-12-08T11:56:02.081+0000][1][safepoint    ] Total time for which application threads were stopped: 0.0000775 seconds, Stopping threads took: 0.0000195 seconds
[2019-12-08T11:56:03.545+0000][1][safepoint    ] Application time: 1.4634004 seconds
[2019-12-08T11:56:03.545+0000][1][safepoint    ] Entering safepoint region: Cleanup
[2019-12-08T11:56:03.545+0000][1][safepoint    ] Leaving safepoint region
[2019-12-08T11:56:03.545+0000][1][safepoint    ] Total time for which application threads were stopped: 0.0000777 seconds, Stopping threads took: 0.0000241 seconds
[2019-12-08T11:56:04.545+0000][1][safepoint    ] Application time: 1.0000761 seconds
[2019-12-08T11:56:04.545+0000][1][safepoint    ] Entering safepoint region: Cleanup
[2019-12-08T11:56:04.545+0000][1][safepoint    ] Leaving safepoint region
[2019-12-08T11:56:04.545+0000][1][safepoint    ] Total time for which application threads were stopped: 0.0000714 seconds, Stopping threads took: 0.0000174 seconds
[2019-12-08T11:56:05.545+0000][1][safepoint    ] Application time: 1.0000748 seconds
[2019-12-08T11:56:05.545+0000][1][safepoint    ] Entering safepoint region: Cleanup
[2019-12-08T11:56:05.545+0000][1][safepoint    ] Leaving safepoint region
[2019-12-08T11:56:05.545+0000][1][safepoint    ] Total time for which application threads were stopped: 0.0000713 seconds, Stopping threads took: 0.0000177 seconds
[2019-12-08T11:56:06.545+0000][1][safepoint    ] Application time: 1.0000767 seconds
[2019-12-08T11:56:06.545+0000][1][safepoint    ] Entering safepoint region: Cleanup
[2019-12-08T11:56:06.545+0000][1][safepoint    ] Leaving safepoint region
[2019-12-08T11:56:06.545+0000][1][safepoint    ] Total time for which application threads were stopped: 0.0000719 seconds, Stopping threads took: 0.0000178 seconds
[2019-12-08T11:56:07.545+0000][1][safepoint    ] Application time: 1.0000748 seconds
[2019-12-08T11:56:07.546+0000][1][safepoint    ] Entering safepoint region: Cleanup
[2019-12-08T11:56:07.546+0000][1][safepoint    ] Leaving safepoint region
[2019-12-08T11:56:07.546+0000][1][safepoint    ] Total time for which application threads were stopped: 0.0000716 seconds, Stopping threads took: 0.0000196 seconds
[2019-12-08T11:56:08.546+0000][1][safepoint    ] Application time: 1.0000771 seconds
[2019-12-08T11:56:08.546+0000][1][safepoint    ] Entering safepoint region: Cleanup
[2019-12-08T11:56:08.546+0000][1][safepoint    ] Leaving safepoint region
[2019-12-08T11:56:08.546+0000][1][safepoint    ] Total time for which application threads were stopped: 0.0000706 seconds, Stopping threads took: 0.0000184 seconds
[2019-12-08T11:56:09.546+0000][1][safepoint    ] Application time: 1.0000788 seconds
[2019-12-08T11:56:09.546+0000][1][safepoint    ] Entering safepoint region: Cleanup
[2019-12-08T11:56:09.546+0000][1][safepoint    ] Leaving safepoint region
[2019-12-08T11:56:09.546+0000][1][safepoint    ] Total time for which application threads were stopped: 0.0000882 seconds, Stopping threads took: 0.0000269 seconds
[2019-12-08T11:56:10.546+0000][1][safepoint    ] Application time: 1.0000749 seconds
[2019-12-08T11:56:10.546+0000][1][safepoint    ] Entering safepoint region: Cleanup
[2019-12-08T11:56:10.546+0000][1][safepoint    ] Leaving safepoint region
[2019-12-08T11:56:10.546+0000][1][safepoint    ] Total time for which application threads were stopped: 0.0000727 seconds, Stopping threads took: 0.0000181 seconds
[2019-12-08T11:56:11.546+0000][1][safepoint    ] Application time: 1.0000750 seconds
[2019-12-08T11:56:11.546+0000][1][safepoint    ] Entering safepoint region: Cleanup
[2019-12-08T11:56:11.546+0000][1][safepoint    ] Leaving safepoint region
[2019-12-08T11:56:11.546+0000][1][safepoint    ] Total time for which application threads were stopped: 0.0000729 seconds, Stopping threads took: 0.0000188 seconds
[2019-12-08T11:56:12.546+0000][1][safepoint    ] Application time: 1.0000750 seconds
[2019-12-08T11:56:12.547+0000][1][safepoint    ] Entering safepoint region: Cleanup
[2019-12-08T11:56:12.547+0000][1][safepoint    ] Leaving safepoint region
[2019-12-08T11:56:12.547+0000][1][safepoint    ] Total time for which application threads were stopped: 0.0000802 seconds, Stopping threads took: 0.0000201 seconds
[2019-12-08T11:56:13.547+0000][1][safepoint    ] Application time: 1.0000771 seconds
[2019-12-08T11:56:13.547+0000][1][safepoint    ] Entering safepoint region: Cleanup
[2019-12-08T11:56:13.547+0000][1][safepoint    ] Leaving safepoint region
[2019-12-08T11:56:13.547+0000][1][safepoint    ] Total time for which application threads were stopped: 0.0000755 seconds, Stopping threads took: 0.0000202 seconds
[2019-12-08T11:56:14.547+0000][1][safepoint    ] Application time: 1.0000767 seconds
[2019-12-08T11:56:14.547+0000][1][safepoint    ] Entering safepoint region: Cleanup
[2019-12-08T11:56:14.547+0000][1][safepoint    ] Leaving safepoint region
[2019-12-08T11:56:14.547+0000][1][safepoint    ] Total time for which application threads were stopped: 0.0000723 seconds, Stopping threads took: 0.0000187 seconds
[2019-12-08T11:56:15.547+0000][1][safepoint    ] Application time: 1.0000756 seconds
[2019-12-08T11:56:15.547+0000][1][safepoint    ] Entering safepoint region: Cleanup
[2019-12-08T11:56:15.547+0000][1][safepoint    ] Leaving safepoint region
[2019-12-08T11:56:15.547+0000][1][safepoint    ] Total time for which application threads were stopped: 0.0000723 seconds, Stopping threads took: 0.0000175 seconds
[2019-12-08T11:56:16.547+0000][1][safepoint    ] Application time: 1.0000754 seconds
[2019-12-08T11:56:16.547+0000][1][safepoint    ] Entering safepoint region: Cleanup
[2019-12-08T11:56:16.547+0000][1][safepoint    ] Leaving safepoint region
[2019-12-08T11:56:16.547+0000][1][safepoint    ] Total time for which application threads were stopped: 0.0000701 seconds, Stopping threads took: 0.0000181 seconds
[2019-12-08T11:56:17.547+0000][1][safepoint    ] Application time: 1.0000741 seconds
[2019-12-08T11:56:17.547+0000][1][safepoint    ] Entering safepoint region: Cleanup
[2019-12-08T11:56:17.548+0000][1][safepoint    ] Leaving safepoint region
[2019-12-08T11:56:17.548+0000][1][safepoint    ] Total time for which application threads were stopped: 0.0000732 seconds, Stopping threads took: 0.0000184 seconds
[2019-12-08T11:56:18.548+0000][1][safepoint    ] Application time: 1.0000838 seconds
[2019-12-08T11:56:18.548+0000][1][safepoint    ] Entering safepoint region: Cleanup
[2019-12-08T11:56:18.548+0000][1][safepoint    ] Leaving safepoint region
[2019-12-08T11:56:18.548+0000][1][safepoint    ] Total time for which application threads were stopped: 0.0000946 seconds, Stopping threads took: 0.0000372 seconds
[2019-12-08T11:56:19.548+0000][1][safepoint    ] Application time: 1.0000779 seconds
[2019-12-08T11:56:19.548+0000][1][safepoint    ] Entering safepoint region: Cleanup
[2019-12-08T11:56:19.548+0000][1][safepoint    ] Leaving safepoint region
[2019-12-08T11:56:19.548+0000][1][safepoint    ] Total time for which application threads were stopped: 0.0000801 seconds, Stopping threads took: 0.0000192 seconds
[2019-12-08T11:56:20.548+0000][1][safepoint    ] Application time: 1.0000757 seconds
[2019-12-08T11:56:20.548+0000][1][safepoint    ] Entering safepoint region: Cleanup
[2019-12-08T11:56:20.548+0000][1][safepoint    ] Leaving safepoint region
[2019-12-08T11:56:20.548+0000][1][safepoint    ] Total time for which application threads were stopped: 0.0000720 seconds, Stopping threads took: 0.0000177 seconds
[2019-12-08T11:56:21.548+0000][1][safepoint    ] Application time: 1.0000756 seconds
[2019-12-08T11:56:21.548+0000][1][safepoint    ] Entering safepoint region: Cleanup
[2019-12-08T11:56:21.548+0000][1][safepoint    ] Leaving safepoint region
[2019-12-08T11:56:21.548+0000][1][safepoint    ] Total time for which application threads were stopped: 0.0000670 seconds, Stopping threads took: 0.0000174 seconds
[2019-12-08T11:56:22.548+0000][1][safepoint    ] Application time: 1.0000765 seconds
[2019-12-08T11:56:22.548+0000][1][safepoint    ] Entering safepoint region: Cleanup
[2019-12-08T11:56:22.549+0000][1][safepoint    ] Leaving safepoint region
[2019-12-08T11:56:22.549+0000][1][safepoint    ] Total time for which application threads were stopped: 0.0000767 seconds, Stopping threads took: 0.0000214 seconds
[2019-12-08T11:56:23.549+0000][1][safepoint    ] Application time: 1.0000959 seconds
[2019-12-08T11:56:23.549+0000][1][safepoint    ] Entering safepoint region: Cleanup
[2019-12-08T11:56:23.549+0000][1][safepoint    ] Leaving safepoint region
[2019-12-08T11:56:23.549+0000][1][safepoint    ] Total time for which application threads were stopped: 0.0001103 seconds, Stopping threads took: 0.0000199 seconds
[2019-12-08T11:56:24.549+0000][1][safepoint    ] Application time: 1.0000776 seconds
[2019-12-08T11:56:24.549+0000][1][safepoint    ] Entering safepoint region: Cleanup
[2019-12-08T11:56:24.549+0000][1][safepoint    ] Leaving safepoint region
[2019-12-08T11:56:24.549+0000][1][safepoint    ] Total time for which application threads were stopped: 0.0000742 seconds, Stopping threads took: 0.0000189 seconds
[2019-12-08T11:56:25.549+0000][1][safepoint    ] Application time: 1.0000754 seconds
[2019-12-08T11:56:25.549+0000][1][safepoint    ] Entering safepoint region: Cleanup
[2019-12-08T11:56:25.549+0000][1][safepoint    ] Leaving safepoint region
[2019-12-08T11:56:25.549+0000][1][safepoint    ] Total time for which application threads were stopped: 0.0000740 seconds, Stopping threads took: 0.0000190 seconds
[2019-12-08T11:56:26.549+0000][1][safepoint    ] Application time: 1.0000776 seconds
[2019-12-08T11:56:26.549+0000][1][safepoint    ] Entering safepoint region: Cleanup
[2019-12-08T11:56:26.549+0000][1][safepoint    ] Leaving safepoint region
[2019-12-08T11:56:26.549+0000][1][safepoint    ] Total time for which application threads were stopped: 0.0000733 seconds, Stopping threads took: 0.0000184 seconds
[2019-12-08T11:56:27.549+0000][1][safepoint    ] Application time: 1.0000770 seconds
[2019-12-08T11:56:27.549+0000][1][safepoint    ] Entering safepoint region: Cleanup
[2019-12-08T11:56:27.550+0000][1][safepoint    ] Leaving safepoint region
[2019-12-08T11:56:27.550+0000][1][safepoint    ] Total time for which application threads were stopped: 0.0000726 seconds, Stopping threads took: 0.0000178 seconds
[2019-12-08T11:56:28.550+0000][1][safepoint    ] Application time: 1.0000836 seconds
[2019-12-08T11:56:28.550+0000][1][safepoint    ] Entering safepoint region: Cleanup
[2019-12-08T11:56:28.550+0000][1][safepoint    ] Leaving safepoint region
[2019-12-08T11:56:28.550+0000][1][safepoint    ] Total time for which application threads were stopped: 0.0000901 seconds, Stopping threads took: 0.0000322 seconds
[2019-12-08T11:56:29.550+0000][1][safepoint    ] Application time: 1.0000825 seconds
[2019-12-08T11:56:29.550+0000][1][safepoint    ] Entering safepoint region: Cleanup
[2019-12-08T11:56:29.550+0000][1][safepoint    ] Leaving safepoint region
[2019-12-08T11:56:29.550+0000][1][safepoint    ] Total time for which application threads were stopped: 0.0000863 seconds, Stopping threads took: 0.0000206 seconds
[2019-12-08T11:56:30.550+0000][1][safepoint    ] Application time: 1.0000843 seconds
[2019-12-08T11:56:30.550+0000][1][safepoint    ] Entering safepoint region: Cleanup
[2019-12-08T11:56:30.550+0000][1][safepoint    ] Leaving safepoint region
[2019-12-08T11:56:30.550+0000][1][safepoint    ] Total time for which application threads were stopped: 0.0000750 seconds, Stopping threads took: 0.0000191 seconds
[2019-12-08T11:56:31.550+0000][1][safepoint    ] Application time: 1.0000806 seconds
[2019-12-08T11:56:31.550+0000][1][safepoint    ] Entering safepoint region: Cleanup
[2019-12-08T11:56:31.550+0000][1][safepoint    ] Leaving safepoint region
[2019-12-08T11:56:31.550+0000][1][safepoint    ] Total time for which application threads were stopped: 0.0000754 seconds, Stopping threads took: 0.0000193 seconds
[2019-12-08T11:56:32.550+0000][1][safepoint    ] Application time: 1.0000834 seconds
[2019-12-08T11:56:32.551+0000][1][safepoint    ] Entering safepoint region: Cleanup
[2019-12-08T11:56:32.551+0000][1][safepoint    ] Leaving safepoint region
[2019-12-08T11:56:32.551+0000][1][safepoint    ] Total time for which application threads were stopped: 0.0000767 seconds, Stopping threads took: 0.0000195 seconds
[2019-12-08T11:56:33.551+0000][1][safepoint    ] Application time: 1.0000801 seconds
[2019-12-08T11:56:33.551+0000][1][safepoint    ] Entering safepoint region: Cleanup
[2019-12-08T11:56:33.551+0000][1][safepoint    ] Leaving safepoint region
[2019-12-08T11:56:33.551+0000][1][safepoint    ] Total time for which application threads were stopped: 0.0000883 seconds, Stopping threads took: 0.0000281 seconds
[2019-12-08T11:56:34.551+0000][1][safepoint    ] Application time: 1.0000783 seconds
[2019-12-08T11:56:34.551+0000][1][safepoint    ] Entering safepoint region: Cleanup
[2019-12-08T11:56:34.551+0000][1][safepoint    ] Leaving safepoint region
[2019-12-08T11:56:34.551+0000][1][safepoint    ] Total time for which application threads were stopped: 0.0000743 seconds, Stopping threads took: 0.0000197 seconds
[2019-12-08T11:56:35.551+0000][1][safepoint    ] Application time: 1.0000815 seconds
[2019-12-08T11:56:35.551+0000][1][safepoint    ] Entering safepoint region: Cleanup
[2019-12-08T11:56:35.551+0000][1][safepoint    ] Leaving safepoint region
[2019-12-08T11:56:35.551+0000][1][safepoint    ] Total time for which application threads were stopped: 0.0000748 seconds, Stopping threads took: 0.0000192 seconds
[2019-12-08T11:56:37.188+0000][1][safepoint    ] Application time: 1.6364872 seconds
[2019-12-08T11:56:37.188+0000][1][safepoint    ] Entering safepoint region: Cleanup
[2019-12-08T11:56:37.188+0000][1][safepoint    ] Leaving safepoint region
[2019-12-08T11:56:37.188+0000][1][safepoint    ] Total time for which application threads were stopped: 0.0000779 seconds, Stopping threads took: 0.0000177 seconds
[2019-12-08T11:56:38.188+0000][1][safepoint    ] Application time: 1.0000784 seconds
[2019-12-08T11:56:38.188+0000][1][safepoint    ] Entering safepoint region: Cleanup
[2019-12-08T11:56:38.188+0000][1][safepoint    ] Leaving safepoint region
[2019-12-08T11:56:38.188+0000][1][safepoint    ] Total time for which application threads were stopped: 0.0000687 seconds, Stopping threads took: 0.0000169 seconds
[2019-12-08T11:56:39.188+0000][1][safepoint    ] Application time: 1.0000820 seconds
[2019-12-08T11:56:39.188+0000][1][safepoint    ] Entering safepoint region: Cleanup
[2019-12-08T11:56:39.188+0000][1][safepoint    ] Leaving safepoint region
[2019-12-08T11:56:39.188+0000][1][safepoint    ] Total time for which application threads were stopped: 0.0000869 seconds, Stopping threads took: 0.0000280 seconds
[2019-12-08T11:56:40.188+0000][1][safepoint    ] Application time: 1.0000834 seconds
[2019-12-08T11:56:40.188+0000][1][safepoint    ] Entering safepoint region: Cleanup
[2019-12-08T11:56:40.188+0000][1][safepoint    ] Leaving safepoint region
[2019-12-08T11:56:40.188+0000][1][safepoint    ] Total time for which application threads were stopped: 0.0000849 seconds, Stopping threads took: 0.0000203 seconds
[2019-12-08T11:56:41.189+0000][1][safepoint    ] Application time: 1.0000937 seconds
[2019-12-08T11:56:41.189+0000][1][safepoint    ] Entering safepoint region: Cleanup
[2019-12-08T11:56:41.189+0000][1][safepoint    ] Leaving safepoint region
[2019-12-08T11:56:41.189+0000][1][safepoint    ] Total time for which application threads were stopped: 0.0000816 seconds, Stopping threads took: 0.0000223 seconds
[2019-12-08T11:56:42.189+0000][1][safepoint    ] Application time: 1.0000396 seconds
[2019-12-08T11:56:42.189+0000][1][safepoint    ] Entering safepoint region: Cleanup
[2019-12-08T11:56:42.189+0000][1][safepoint    ] Leaving safepoint region
[2019-12-08T11:56:42.189+0000][1][safepoint    ] Total time for which application threads were stopped: 0.0001113 seconds, Stopping threads took: 0.0000249 seconds
[2019-12-08T11:56:43.189+0000][1][safepoint    ] Application time: 1.0000876 seconds
[2019-12-08T11:56:43.189+0000][1][safepoint    ] Entering safepoint region: Cleanup
[2019-12-08T11:56:43.189+0000][1][safepoint    ] Leaving safepoint region
[2019-12-08T11:56:43.189+0000][1][safepoint    ] Total time for which application threads were stopped: 0.0000937 seconds, Stopping threads took: 0.0000251 seconds
[2019-12-08T11:56:44.189+0000][1][safepoint    ] Application time: 1.0000788 seconds
[2019-12-08T11:56:44.189+0000][1][safepoint    ] Entering safepoint region: Cleanup
[2019-12-08T11:56:44.189+0000][1][safepoint    ] Leaving safepoint region
[2019-12-08T11:56:44.189+0000][1][safepoint    ] Total time for which application threads were stopped: 0.0000737 seconds, Stopping threads took: 0.0000226 seconds
[2019-12-08T11:56:45.189+0000][1][safepoint    ] Application time: 1.0000804 seconds
[2019-12-08T11:56:45.189+0000][1][safepoint    ] Entering safepoint region: Cleanup
[2019-12-08T11:56:45.189+0000][1][safepoint    ] Leaving safepoint region
[2019-12-08T11:56:45.189+0000][1][safepoint    ] Total time for which application threads were stopped: 0.0000688 seconds, Stopping threads took: 0.0000170 seconds
[2019-12-08T11:56:46.190+0000][1][safepoint    ] Application time: 1.0000823 seconds
[2019-12-08T11:56:46.190+0000][1][safepoint    ] Entering safepoint region: Cleanup
[2019-12-08T11:56:46.190+0000][1][safepoint    ] Leaving safepoint region
[2019-12-08T11:56:46.190+0000][1][safepoint    ] Total time for which application threads were stopped: 0.0000915 seconds, Stopping threads took: 0.0000190 seconds
[2019-12-08T11:56:47.190+0000][1][safepoint    ] Application time: 1.0000778 seconds
[2019-12-08T11:56:47.190+0000][1][safepoint    ] Entering safepoint region: Cleanup
[2019-12-08T11:56:47.190+0000][1][safepoint    ] Leaving safepoint region
[2019-12-08T11:56:47.190+0000][1][safepoint    ] Total time for which application threads were stopped: 0.0000715 seconds, Stopping threads took: 0.0000186 seconds
[2019-12-08T11:56:48.190+0000][1][safepoint    ] Application time: 1.0000915 seconds
[2019-12-08T11:56:48.190+0000][1][safepoint    ] Entering safepoint region: Cleanup
[2019-12-08T11:56:48.190+0000][1][safepoint    ] Leaving safepoint region
[2019-12-08T11:56:48.190+0000][1][safepoint    ] Total time for which application threads were stopped: 0.0001234 seconds, Stopping threads took: 0.0000562 seconds
[2019-12-08T11:56:49.190+0000][1][safepoint    ] Application time: 1.0000842 seconds
[2019-12-08T11:56:49.190+0000][1][safepoint    ] Entering safepoint region: Cleanup
[2019-12-08T11:56:49.190+0000][1][safepoint    ] Leaving safepoint region
[2019-12-08T11:56:49.190+0000][1][safepoint    ] Total time for which application threads were stopped: 0.0000802 seconds, Stopping threads took: 0.0000201 seconds
[2019-12-08T11:56:50.190+0000][1][safepoint    ] Application time: 1.0000862 seconds
[2019-12-08T11:56:50.191+0000][1][safepoint    ] Entering safepoint region: Cleanup
[2019-12-08T11:56:50.191+0000][1][safepoint    ] Leaving safepoint region
[2019-12-08T11:56:50.191+0000][1][safepoint    ] Total time for which application threads were stopped: 0.0000742 seconds, Stopping threads took: 0.0000178 seconds
[2019-12-08T11:56:51.191+0000][1][safepoint    ] Application time: 1.0000748 seconds
[2019-12-08T11:56:51.191+0000][1][safepoint    ] Entering safepoint region: Cleanup
[2019-12-08T11:56:51.191+0000][1][safepoint    ] Leaving safepoint region
[2019-12-08T11:56:51.191+0000][1][safepoint    ] Total time for which application threads were stopped: 0.0000706 seconds, Stopping threads took: 0.0000184 seconds
[2019-12-08T11:56:52.191+0000][1][safepoint    ] Application time: 1.0000959 seconds
[2019-12-08T11:56:52.191+0000][1][safepoint    ] Entering safepoint region: Cleanup
[2019-12-08T11:56:52.191+0000][1][safepoint    ] Leaving safepoint region
[2019-12-08T11:56:52.191+0000][1][safepoint    ] Total time for which application threads were stopped: 0.0000761 seconds, Stopping threads took: 0.0000210 seconds
[2019-12-08T11:56:53.192+0000][1][safepoint    ] Application time: 1.0013706 seconds
[2019-12-08T11:56:53.192+0000][1][safepoint    ] Entering safepoint region: Cleanup
[2019-12-08T11:56:53.193+0000][1][safepoint    ] Leaving safepoint region
[2019-12-08T11:56:53.193+0000][1][safepoint    ] Total time for which application threads were stopped: 0.0001873 seconds, Stopping threads took: 0.0000860 seconds
[2019-12-08T11:56:54.193+0000][1][safepoint    ] Application time: 1.0000961 seconds
[2019-12-08T11:56:54.193+0000][1][safepoint    ] Entering safepoint region: Cleanup
[2019-12-08T11:56:54.193+0000][1][safepoint    ] Leaving safepoint region
[2019-12-08T11:56:54.193+0000][1][safepoint    ] Total time for which application threads were stopped: 0.0000840 seconds, Stopping threads took: 0.0000204 seconds
[2019-12-08T11:56:55.193+0000][1][safepoint    ] Application time: 1.0000861 seconds
[2019-12-08T11:56:55.193+0000][1][safepoint    ] Entering safepoint region: Cleanup
[2019-12-08T11:56:55.193+0000][1][safepoint    ] Leaving safepoint region
[2019-12-08T11:56:55.193+0000][1][safepoint    ] Total time for which application threads were stopped: 0.0000723 seconds, Stopping threads took: 0.0000182 seconds
[2019-12-08T11:56:56.193+0000][1][safepoint    ] Application time: 1.0000762 seconds
[2019-12-08T11:56:56.193+0000][1][safepoint    ] Entering safepoint region: Cleanup
[2019-12-08T11:56:56.193+0000][1][safepoint    ] Leaving safepoint region
[2019-12-08T11:56:56.193+0000][1][safepoint    ] Total time for which application threads were stopped: 0.0000730 seconds, Stopping threads took: 0.0000186 seconds
[2019-12-08T11:56:57.193+0000][1][safepoint    ] Application time: 1.0000754 seconds
[2019-12-08T11:56:57.193+0000][1][safepoint    ] Entering safepoint region: Cleanup
[2019-12-08T11:56:57.193+0000][1][safepoint    ] Leaving safepoint region
[2019-12-08T11:56:57.193+0000][1][safepoint    ] Total time for which application threads were stopped: 0.0000748 seconds, Stopping threads took: 0.0000190 seconds
[2019-12-08T11:56:58.193+0000][1][safepoint    ] Application time: 1.0000773 seconds
[2019-12-08T11:56:58.194+0000][1][safepoint    ] Entering safepoint region: Cleanup
[2019-12-08T11:56:58.194+0000][1][safepoint    ] Leaving safepoint region
[2019-12-08T11:56:58.194+0000][1][safepoint    ] Total time for which application threads were stopped: 0.0000821 seconds, Stopping threads took: 0.0000276 seconds
[2019-12-08T11:56:59.194+0000][1][safepoint    ] Application time: 1.0000851 seconds
[2019-12-08T11:56:59.194+0000][1][safepoint    ] Entering safepoint region: Cleanup
[2019-12-08T11:56:59.194+0000][1][safepoint    ] Leaving safepoint region
[2019-12-08T11:56:59.194+0000][1][safepoint    ] Total time for which application threads were stopped: 0.0000747 seconds, Stopping threads took: 0.0000202 seconds
[2019-12-08T11:57:00.194+0000][1][safepoint    ] Application time: 1.0000764 seconds
[2019-12-08T11:57:00.194+0000][1][safepoint    ] Entering safepoint region: Cleanup
[2019-12-08T11:57:00.194+0000][1][safepoint    ] Leaving safepoint region
[2019-12-08T11:57:00.194+0000][1][safepoint    ] Total time for which application threads were stopped: 0.0000728 seconds, Stopping threads took: 0.0000187 seconds
[2019-12-08T11:57:01.194+0000][1][safepoint    ] Application time: 1.0000796 seconds
[2019-12-08T11:57:01.194+0000][1][safepoint    ] Entering safepoint region: Cleanup
[2019-12-08T11:57:01.194+0000][1][safepoint    ] Leaving safepoint region
[2019-12-08T11:57:01.194+0000][1][safepoint    ] Total time for which application threads were stopped: 0.0000746 seconds, Stopping threads took: 0.0000186 seconds
[2019-12-08T11:57:02.194+0000][1][safepoint    ] Application time: 1.0000839 seconds
[2019-12-08T11:57:02.194+0000][1][safepoint    ] Entering safepoint region: Cleanup
[2019-12-08T11:57:02.194+0000][1][safepoint    ] Leaving safepoint region
[2019-12-08T11:57:02.194+0000][1][safepoint    ] Total time for which application threads were stopped: 0.0000979 seconds, Stopping threads took: 0.0000248 seconds
[2019-12-08T11:57:03.195+0000][1][safepoint    ] Application time: 1.0000903 seconds
[2019-12-08T11:57:03.195+0000][1][safepoint    ] Entering safepoint region: Cleanup
[2019-12-08T11:57:03.195+0000][1][safepoint    ] Leaving safepoint region
[2019-12-08T11:57:03.195+0000][1][safepoint    ] Total time for which application threads were stopped: 0.0001298 seconds, Stopping threads took: 0.0000282 seconds
[2019-12-08T11:57:04.195+0000][1][safepoint    ] Application time: 1.0000895 seconds
[2019-12-08T11:57:04.195+0000][1][safepoint    ] Entering safepoint region: Cleanup
[2019-12-08T11:57:04.195+0000][1][safepoint    ] Leaving safepoint region
[2019-12-08T11:57:04.195+0000][1][safepoint    ] Total time for which application threads were stopped: 0.0000888 seconds, Stopping threads took: 0.0000273 seconds
[2019-12-08T11:57:05.195+0000][1][safepoint    ] Application time: 1.0000864 seconds
[2019-12-08T11:57:05.195+0000][1][safepoint    ] Entering safepoint region: Cleanup
[2019-12-08T11:57:05.195+0000][1][safepoint    ] Leaving safepoint region
[2019-12-08T11:57:05.195+0000][1][safepoint    ] Total time for which application threads were stopped: 0.0000779 seconds, Stopping threads took: 0.0000197 seconds
[2019-12-08T11:57:06.195+0000][1][safepoint    ] Application time: 1.0000860 seconds
[2019-12-08T11:57:06.195+0000][1][safepoint    ] Entering safepoint region: Cleanup
[2019-12-08T11:57:06.195+0000][1][safepoint    ] Leaving safepoint region
[2019-12-08T11:57:06.195+0000][1][safepoint    ] Total time for which application threads were stopped: 0.0000804 seconds, Stopping threads took: 0.0000191 seconds
[2019-12-08T11:57:07.195+0000][1][safepoint    ] Application time: 1.0000871 seconds
[2019-12-08T11:57:07.195+0000][1][safepoint    ] Entering safepoint region: Cleanup
[2019-12-08T11:57:07.196+0000][1][safepoint    ] Leaving safepoint region
[2019-12-08T11:57:07.196+0000][1][safepoint    ] Total time for which application threads were stopped: 0.0000759 seconds, Stopping threads took: 0.0000202 seconds
[2019-12-08T11:57:08.196+0000][1][safepoint    ] Application time: 1.0000838 seconds
[2019-12-08T11:57:08.196+0000][1][safepoint    ] Entering safepoint region: Cleanup
[2019-12-08T11:57:08.196+0000][1][safepoint    ] Leaving safepoint region
[2019-12-08T11:57:08.196+0000][1][safepoint    ] Total time for which application threads were stopped: 0.0000780 seconds, Stopping threads took: 0.0000216 seconds
[2019-12-08T11:57:09.196+0000][1][safepoint    ] Application time: 1.0000858 seconds
[2019-12-08T11:57:09.196+0000][1][safepoint    ] Entering safepoint region: Cleanup
[2019-12-08T11:57:09.196+0000][1][safepoint    ] Leaving safepoint region
[2019-12-08T11:57:09.196+0000][1][safepoint    ] Total time for which application threads were stopped: 0.0000747 seconds, Stopping threads took: 0.0000191 seconds
[2019-12-08T11:57:10.196+0000][1][safepoint    ] Application time: 1.0000839 seconds
[2019-12-08T11:57:10.196+0000][1][safepoint    ] Entering safepoint region: Cleanup
[2019-12-08T11:57:10.196+0000][1][safepoint    ] Leaving safepoint region
[2019-12-08T11:57:10.196+0000][1][safepoint    ] Total time for which application threads were stopped: 0.0000797 seconds, Stopping threads took: 0.0000211 seconds
[2019-12-08T11:57:11.196+0000][1][safepoint    ] Application time: 1.0000867 seconds
[2019-12-08T11:57:11.196+0000][1][safepoint    ] Entering safepoint region: Cleanup
[2019-12-08T11:57:11.196+0000][1][safepoint    ] Leaving safepoint region
[2019-12-08T11:57:11.196+0000][1][safepoint    ] Total time for which application threads were stopped: 0.0000779 seconds, Stopping threads took: 0.0000211 seconds
[2019-12-08T11:57:12.197+0000][1][safepoint    ] Application time: 1.0000816 seconds
[2019-12-08T11:57:12.197+0000][1][safepoint    ] Entering safepoint region: Cleanup
[2019-12-08T11:57:12.197+0000][1][safepoint    ] Leaving safepoint region
[2019-12-08T11:57:12.197+0000][1][safepoint    ] Total time for which application threads were stopped: 0.0000718 seconds, Stopping threads took: 0.0000175 seconds
[2019-12-08T11:57:13.197+0000][1][safepoint    ] Application time: 1.0000786 seconds
[2019-12-08T11:57:13.197+0000][1][safepoint    ] Entering safepoint region: Cleanup
[2019-12-08T11:57:13.197+0000][1][safepoint    ] Leaving safepoint region
[2019-12-08T11:57:13.197+0000][1][safepoint    ] Total time for which application threads were stopped: 0.0000766 seconds, Stopping threads took: 0.0000201 seconds
[2019-12-08T11:57:14.197+0000][1][safepoint    ] Application time: 1.0000830 seconds
[2019-12-08T11:57:14.197+0000][1][safepoint    ] Entering safepoint region: Cleanup
[2019-12-08T11:57:14.197+0000][1][safepoint    ] Leaving safepoint region
[2019-12-08T11:57:14.197+0000][1][safepoint    ] Total time for which application threads were stopped: 0.0000770 seconds, Stopping threads took: 0.0000199 seconds
[2019-12-08T11:57:15.197+0000][1][safepoint    ] Application time: 1.0000809 seconds
[2019-12-08T11:57:15.197+0000][1][safepoint    ] Entering safepoint region: Cleanup
[2019-12-08T11:57:15.197+0000][1][safepoint    ] Leaving safepoint region
[2019-12-08T11:57:15.197+0000][1][safepoint    ] Total time for which application threads were stopped: 0.0000809 seconds, Stopping threads took: 0.0000193 seconds
[2019-12-08T11:57:16.197+0000][1][safepoint    ] Application time: 1.0000802 seconds
[2019-12-08T11:57:16.197+0000][1][safepoint    ] Entering safepoint region: Cleanup
[2019-12-08T11:57:16.197+0000][1][safepoint    ] Leaving safepoint region
[2019-12-08T11:57:16.197+0000][1][safepoint    ] Total time for which application threads were stopped: 0.0000738 seconds, Stopping threads took: 0.0000191 seconds
[2019-12-08T11:57:17.198+0000][1][safepoint    ] Application time: 1.0000805 seconds
[2019-12-08T11:57:17.198+0000][1][safepoint    ] Entering safepoint region: Cleanup
[2019-12-08T11:57:17.198+0000][1][safepoint    ] Leaving safepoint region
[2019-12-08T11:57:17.198+0000][1][safepoint    ] Total time for which application threads were stopped: 0.0000754 seconds, Stopping threads took: 0.0000197 seconds
[2019-12-08T11:57:18.198+0000][1][safepoint    ] Application time: 1.0000805 seconds
[2019-12-08T11:57:18.198+0000][1][safepoint    ] Entering safepoint region: Cleanup
[2019-12-08T11:57:18.198+0000][1][safepoint    ] Leaving safepoint region
[2019-12-08T11:57:18.198+0000][1][safepoint    ] Total time for which application threads were stopped: 0.0000764 seconds, Stopping threads took: 0.0000211 seconds
[2019-12-08T11:57:19.198+0000][1][safepoint    ] Application time: 1.0000833 seconds
[2019-12-08T11:57:19.198+0000][1][safepoint    ] Entering safepoint region: Cleanup
[2019-12-08T11:57:19.198+0000][1][safepoint    ] Leaving safepoint region
[2019-12-08T11:57:19.198+0000][1][safepoint    ] Total time for which application threads were stopped: 0.0000750 seconds, Stopping threads took: 0.0000198 seconds
[2019-12-08T11:57:20.198+0000][1][safepoint    ] Application time: 1.0000847 seconds
[2019-12-08T11:57:20.198+0000][1][safepoint    ] Entering safepoint region: Cleanup
[2019-12-08T11:57:20.198+0000][1][safepoint    ] Leaving safepoint region
[2019-12-08T11:57:20.198+0000][1][safepoint    ] Total time for which application threads were stopped: 0.0000731 seconds, Stopping threads took: 0.0000187 seconds
[2019-12-08T11:57:20.210+0000][1][safepoint    ] Application time: 0.0113409 seconds
[2019-12-08T11:57:20.210+0000][1][safepoint    ] Entering safepoint region: GenCollectForAllocation
[2019-12-08T11:57:20.210+0000][1][gc,start     ] GC(34) Pause Young (Allocation Failure)
[2019-12-08T11:57:20.210+0000][1][gc,task      ] GC(34) Using 4 workers of 4 for evacuation
[2019-12-08T11:57:20.211+0000][1][gc,age       ] GC(34) Desired survivor size 4456448 bytes, new threshold 6 (max threshold 6)
[2019-12-08T11:57:20.211+0000][1][gc,age       ] GC(34) Age table with threshold 6 (max threshold 6)
[2019-12-08T11:57:20.211+0000][1][gc,age       ] GC(34) - age   1:       6096 bytes,       6096 total
[2019-12-08T11:57:20.211+0000][1][gc,age       ] GC(34) - age   2:       1512 bytes,       7608 total
[2019-12-08T11:57:20.211+0000][1][gc,age       ] GC(34) - age   3:       1160 bytes,       8768 total
[2019-12-08T11:57:20.211+0000][1][gc,age       ] GC(34) - age   4:       3584 bytes,      12352 total
[2019-12-08T11:57:20.211+0000][1][gc,age       ] GC(34) - age   5:       7576 bytes,      19928 total
[2019-12-08T11:57:20.211+0000][1][gc,age       ] GC(34) - age   6:        672 bytes,      20600 total
[2019-12-08T11:57:20.211+0000][1][gc,heap      ] GC(34) ParNew: 69988K->27K(78656K)
[2019-12-08T11:57:20.211+0000][1][gc,heap      ] GC(34) CMS: 70054K->70056K(174784K)
[2019-12-08T11:57:20.211+0000][1][gc,metaspace ] GC(34) Metaspace: 69047K->69047K(1112064K)
[2019-12-08T11:57:20.211+0000][1][gc           ] GC(34) Pause Young (Allocation Failure) 136M->68M(247M) 1.337ms
[2019-12-08T11:57:20.211+0000][1][gc,cpu       ] GC(34) User=0.00s Sys=0.00s Real=0.01s
[2019-12-08T11:57:20.211+0000][1][safepoint    ] Leaving safepoint region
[2019-12-08T11:57:20.211+0000][1][safepoint    ] Total time for which application threads were stopped: 0.0015405 seconds, Stopping threads took: 0.0000533 seconds
[2019-12-08T11:57:21.211+0000][1][safepoint    ] Application time: 1.0001237 seconds
[2019-12-08T11:57:21.211+0000][1][safepoint    ] Entering safepoint region: Cleanup
[2019-12-08T11:57:21.211+0000][1][safepoint    ] Leaving safepoint region
[2019-12-08T11:57:21.211+0000][1][safepoint    ] Total time for which application threads were stopped: 0.0001025 seconds, Stopping threads took: 0.0000261 seconds
[2019-12-08T11:57:22.212+0000][1][safepoint    ] Application time: 1.0000819 seconds
[2019-12-08T11:57:22.212+0000][1][safepoint    ] Entering safepoint region: Cleanup
[2019-12-08T11:57:22.212+0000][1][safepoint    ] Leaving safepoint region
[2019-12-08T11:57:22.212+0000][1][safepoint    ] Total time for which application threads were stopped: 0.0000734 seconds, Stopping threads took: 0.0000191 seconds
[2019-12-08T11:57:23.212+0000][1][safepoint    ] Application time: 1.0000907 seconds
[2019-12-08T11:57:23.212+0000][1][safepoint    ] Entering safepoint region: Cleanup
[2019-12-08T11:57:23.212+0000][1][safepoint    ] Leaving safepoint region
[2019-12-08T11:57:23.212+0000][1][safepoint    ] Total time for which application threads were stopped: 0.0000779 seconds, Stopping threads took: 0.0000206 seconds
[2019-12-08T11:57:24.212+0000][1][safepoint    ] Application time: 1.0000890 seconds
[2019-12-08T11:57:24.212+0000][1][safepoint    ] Entering safepoint region: Cleanup
[2019-12-08T11:57:24.212+0000][1][safepoint    ] Leaving safepoint region
[2019-12-08T11:57:24.212+0000][1][safepoint    ] Total time for which application threads were stopped: 0.0000861 seconds, Stopping threads took: 0.0000262 seconds
[2019-12-08T11:57:25.212+0000][1][safepoint    ] Application time: 1.0002112 seconds
[2019-12-08T11:57:25.212+0000][1][safepoint    ] Entering safepoint region: Cleanup
[2019-12-08T11:57:25.212+0000][1][safepoint    ] Leaving safepoint region
[2019-12-08T11:57:25.212+0000][1][safepoint    ] Total time for which application threads were stopped: 0.0000999 seconds, Stopping threads took: 0.0000264 seconds
[2019-12-08T11:57:26.212+0000][1][safepoint    ] Application time: 1.0000788 seconds
[2019-12-08T11:57:26.213+0000][1][safepoint    ] Entering safepoint region: Cleanup
[2019-12-08T11:57:26.213+0000][1][safepoint    ] Leaving safepoint region
[2019-12-08T11:57:26.213+0000][1][safepoint    ] Total time for which application threads were stopped: 0.0000926 seconds, Stopping threads took: 0.0000259 seconds
[2019-12-08T11:57:27.213+0000][1][safepoint    ] Application time: 1.0000745 seconds
[2019-12-08T11:57:27.213+0000][1][safepoint    ] Entering safepoint region: Cleanup
[2019-12-08T11:57:27.213+0000][1][safepoint    ] Leaving safepoint region
[2019-12-08T11:57:27.213+0000][1][safepoint    ] Total time for which application threads were stopped: 0.0000699 seconds, Stopping threads took: 0.0000183 seconds
[2019-12-08T11:57:28.213+0000][1][safepoint    ] Application time: 1.0000766 seconds
[2019-12-08T11:57:28.213+0000][1][safepoint    ] Entering safepoint region: Cleanup
[2019-12-08T11:57:28.213+0000][1][safepoint    ] Leaving safepoint region
[2019-12-08T11:57:28.213+0000][1][safepoint    ] Total time for which application threads were stopped: 0.0000695 seconds, Stopping threads took: 0.0000180 seconds
[2019-12-08T11:57:29.213+0000][1][safepoint    ] Application time: 1.0000765 seconds
[2019-12-08T11:57:29.213+0000][1][safepoint    ] Entering safepoint region: Cleanup
[2019-12-08T11:57:29.213+0000][1][safepoint    ] Leaving safepoint region
[2019-12-08T11:57:29.213+0000][1][safepoint    ] Total time for which application threads were stopped: 0.0000704 seconds, Stopping threads took: 0.0000184 seconds
[2019-12-08T11:57:30.213+0000][1][safepoint    ] Application time: 1.0000757 seconds
[2019-12-08T11:57:30.213+0000][1][safepoint    ] Entering safepoint region: Cleanup
[2019-12-08T11:57:30.213+0000][1][safepoint    ] Leaving safepoint region
[2019-12-08T11:57:30.213+0000][1][safepoint    ] Total time for which application threads were stopped: 0.0000690 seconds, Stopping threads took: 0.0000182 seconds
[2019-12-08T11:57:31.213+0000][1][safepoint    ] Application time: 1.0000760 seconds
[2019-12-08T11:57:31.213+0000][1][safepoint    ] Entering safepoint region: Cleanup
[2019-12-08T11:57:31.213+0000][1][safepoint    ] Leaving safepoint region
[2019-12-08T11:57:31.213+0000][1][safepoint    ] Total time for which application threads were stopped: 0.0000694 seconds, Stopping threads took: 0.0000179 seconds
[2019-12-08T11:57:32.214+0000][1][safepoint    ] Application time: 1.0000750 seconds
[2019-12-08T11:57:32.214+0000][1][safepoint    ] Entering safepoint region: Cleanup
[2019-12-08T11:57:32.214+0000][1][safepoint    ] Leaving safepoint region
[2019-12-08T11:57:32.214+0000][1][safepoint    ] Total time for which application threads were stopped: 0.0000690 seconds, Stopping threads took: 0.0000189 seconds
[2019-12-08T11:57:33.214+0000][1][safepoint    ] Application time: 1.0000779 seconds
[2019-12-08T11:57:33.214+0000][1][safepoint    ] Entering safepoint region: Cleanup
[2019-12-08T11:57:33.214+0000][1][safepoint    ] Leaving safepoint region
[2019-12-08T11:57:33.214+0000][1][safepoint    ] Total time for which application threads were stopped: 0.0000705 seconds, Stopping threads took: 0.0000187 seconds
[2019-12-08T11:57:34.214+0000][1][safepoint    ] Application time: 1.0000747 seconds
[2019-12-08T11:57:34.214+0000][1][safepoint    ] Entering safepoint region: Cleanup
[2019-12-08T11:57:34.214+0000][1][safepoint    ] Leaving safepoint region
[2019-12-08T11:57:34.214+0000][1][safepoint    ] Total time for which application threads were stopped: 0.0000709 seconds, Stopping threads took: 0.0000188 seconds
[2019-12-08T11:57:35.214+0000][1][safepoint    ] Application time: 1.0000755 seconds
[2019-12-08T11:57:35.214+0000][1][safepoint    ] Entering safepoint region: Cleanup
[2019-12-08T11:57:35.214+0000][1][safepoint    ] Leaving safepoint region
[2019-12-08T11:57:35.214+0000][1][safepoint    ] Total time for which application threads were stopped: 0.0000712 seconds, Stopping threads took: 0.0000184 seconds
[2019-12-08T11:57:36.214+0000][1][safepoint    ] Application time: 1.0000751 seconds
[2019-12-08T11:57:36.214+0000][1][safepoint    ] Entering safepoint region: Cleanup
[2019-12-08T11:57:36.214+0000][1][safepoint    ] Leaving safepoint region
[2019-12-08T11:57:36.214+0000][1][safepoint    ] Total time for which application threads were stopped: 0.0000792 seconds, Stopping threads took: 0.0000247 seconds
[2019-12-08T11:57:37.215+0000][1][safepoint    ] Application time: 1.0000795 seconds
[2019-12-08T11:57:37.215+0000][1][safepoint    ] Entering safepoint region: Cleanup
[2019-12-08T11:57:37.215+0000][1][safepoint    ] Leaving safepoint region
[2019-12-08T11:57:37.215+0000][1][safepoint    ] Total time for which application threads were stopped: 0.0000706 seconds, Stopping threads took: 0.0000175 seconds
[2019-12-08T11:57:38.215+0000][1][safepoint    ] Application time: 1.0000803 seconds
[2019-12-08T11:57:38.215+0000][1][safepoint    ] Entering safepoint region: Cleanup
[2019-12-08T11:57:38.215+0000][1][safepoint    ] Leaving safepoint region
[2019-12-08T11:57:38.215+0000][1][safepoint    ] Total time for which application threads were stopped: 0.0000699 seconds, Stopping threads took: 0.0000183 seconds
[2019-12-08T11:57:39.215+0000][1][safepoint    ] Application time: 1.0000797 seconds
[2019-12-08T11:57:39.215+0000][1][safepoint    ] Entering safepoint region: Cleanup
[2019-12-08T11:57:39.215+0000][1][safepoint    ] Leaving safepoint region
[2019-12-08T11:57:39.215+0000][1][safepoint    ] Total time for which application threads were stopped: 0.0000722 seconds, Stopping threads took: 0.0000193 seconds
[2019-12-08T11:57:40.215+0000][1][safepoint    ] Application time: 1.0000750 seconds
[2019-12-08T11:57:40.215+0000][1][safepoint    ] Entering safepoint region: Cleanup
[2019-12-08T11:57:40.215+0000][1][safepoint    ] Leaving safepoint region
[2019-12-08T11:57:40.215+0000][1][safepoint    ] Total time for which application threads were stopped: 0.0000701 seconds, Stopping threads took: 0.0000169 seconds
[2019-12-08T11:57:41.215+0000][1][safepoint    ] Application time: 1.0000771 seconds
[2019-12-08T11:57:41.215+0000][1][safepoint    ] Entering safepoint region: Cleanup
[2019-12-08T11:57:41.215+0000][1][safepoint    ] Leaving safepoint region
[2019-12-08T11:57:41.215+0000][1][safepoint    ] Total time for which application threads were stopped: 0.0000726 seconds, Stopping threads took: 0.0000202 seconds
[2019-12-08T11:57:42.215+0000][1][safepoint    ] Application time: 1.0000798 seconds
[2019-12-08T11:57:42.215+0000][1][safepoint    ] Entering safepoint region: Cleanup
[2019-12-08T11:57:42.216+0000][1][safepoint    ] Leaving safepoint region
[2019-12-08T11:57:42.216+0000][1][safepoint    ] Total time for which application threads were stopped: 0.0000716 seconds, Stopping threads took: 0.0000177 seconds
[2019-12-08T11:57:43.216+0000][1][safepoint    ] Application time: 1.0000808 seconds
[2019-12-08T11:57:43.216+0000][1][safepoint    ] Entering safepoint region: Cleanup
[2019-12-08T11:57:43.216+0000][1][safepoint    ] Leaving safepoint region
[2019-12-08T11:57:43.216+0000][1][safepoint    ] Total time for which application threads were stopped: 0.0000885 seconds, Stopping threads took: 0.0000227 seconds
[2019-12-08T11:57:44.216+0000][1][safepoint    ] Application time: 1.0000751 seconds
[2019-12-08T11:57:44.216+0000][1][safepoint    ] Entering safepoint region: Cleanup
[2019-12-08T11:57:44.216+0000][1][safepoint    ] Leaving safepoint region
[2019-12-08T11:57:44.216+0000][1][safepoint    ] Total time for which application threads were stopped: 0.0000759 seconds, Stopping threads took: 0.0000218 seconds
[2019-12-08T11:57:45.216+0000][1][safepoint    ] Application time: 1.0000812 seconds
[2019-12-08T11:57:45.216+0000][1][safepoint    ] Entering safepoint region: Cleanup
[2019-12-08T11:57:45.216+0000][1][safepoint    ] Leaving safepoint region
[2019-12-08T11:57:45.216+0000][1][safepoint    ] Total time for which application threads were stopped: 0.0000714 seconds, Stopping threads took: 0.0000196 seconds
[2019-12-08T11:57:46.216+0000][1][safepoint    ] Application time: 1.0000826 seconds
[2019-12-08T11:57:46.216+0000][1][safepoint    ] Entering safepoint region: Cleanup
[2019-12-08T11:57:46.216+0000][1][safepoint    ] Leaving safepoint region
[2019-12-08T11:57:46.216+0000][1][safepoint    ] Total time for which application threads were stopped: 0.0000855 seconds, Stopping threads took: 0.0000323 seconds
[2019-12-08T11:57:47.216+0000][1][safepoint    ] Application time: 1.0000765 seconds
[2019-12-08T11:57:47.216+0000][1][safepoint    ] Entering safepoint region: Cleanup
[2019-12-08T11:57:47.216+0000][1][safepoint    ] Leaving safepoint region
[2019-12-08T11:57:47.217+0000][1][safepoint    ] Total time for which application threads were stopped: 0.0000681 seconds, Stopping threads took: 0.0000180 seconds
[2019-12-08T11:57:48.217+0000][1][safepoint    ] Application time: 1.0000751 seconds
[2019-12-08T11:57:48.217+0000][1][safepoint    ] Entering safepoint region: Cleanup
[2019-12-08T11:57:48.217+0000][1][safepoint    ] Leaving safepoint region
[2019-12-08T11:57:48.217+0000][1][safepoint    ] Total time for which application threads were stopped: 0.0000857 seconds, Stopping threads took: 0.0000195 seconds
[2019-12-08T11:57:49.217+0000][1][safepoint    ] Application time: 1.0000748 seconds
[2019-12-08T11:57:49.217+0000][1][safepoint    ] Entering safepoint region: Cleanup
[2019-12-08T11:57:49.217+0000][1][safepoint    ] Leaving safepoint region
[2019-12-08T11:57:49.217+0000][1][safepoint    ] Total time for which application threads were stopped: 0.0000744 seconds, Stopping threads took: 0.0000193 seconds
[2019-12-08T11:57:50.217+0000][1][safepoint    ] Application time: 1.0000761 seconds
[2019-12-08T11:57:50.217+0000][1][safepoint    ] Entering safepoint region: Cleanup
[2019-12-08T11:57:50.217+0000][1][safepoint    ] Leaving safepoint region
[2019-12-08T11:57:50.217+0000][1][safepoint    ] Total time for which application threads were stopped: 0.0000739 seconds, Stopping threads took: 0.0000204 seconds
[2019-12-08T11:57:51.217+0000][1][safepoint    ] Application time: 1.0000762 seconds
[2019-12-08T11:57:51.217+0000][1][safepoint    ] Entering safepoint region: Cleanup
[2019-12-08T11:57:51.217+0000][1][safepoint    ] Leaving safepoint region
[2019-12-08T11:57:51.217+0000][1][safepoint    ] Total time for which application threads were stopped: 0.0000718 seconds, Stopping threads took: 0.0000191 seconds
[2019-12-08T11:57:52.217+0000][1][safepoint    ] Application time: 1.0000784 seconds
[2019-12-08T11:57:52.217+0000][1][safepoint    ] Entering safepoint region: Cleanup
[2019-12-08T11:57:52.217+0000][1][safepoint    ] Leaving safepoint region
[2019-12-08T11:57:52.217+0000][1][safepoint    ] Total time for which application threads were stopped: 0.0000724 seconds, Stopping threads took: 0.0000182 seconds
[2019-12-08T11:57:53.218+0000][1][safepoint    ] Application time: 1.0000817 seconds
[2019-12-08T11:57:53.218+0000][1][safepoint    ] Entering safepoint region: Cleanup
[2019-12-08T11:57:53.218+0000][1][safepoint    ] Leaving safepoint region
[2019-12-08T11:57:53.218+0000][1][safepoint    ] Total time for which application threads were stopped: 0.0000779 seconds, Stopping threads took: 0.0000230 seconds
[2019-12-08T11:57:54.218+0000][1][safepoint    ] Application time: 1.0000773 seconds
[2019-12-08T11:57:54.218+0000][1][safepoint    ] Entering safepoint region: Cleanup
[2019-12-08T11:57:54.218+0000][1][safepoint    ] Leaving safepoint region
[2019-12-08T11:57:54.218+0000][1][safepoint    ] Total time for which application threads were stopped: 0.0000769 seconds, Stopping threads took: 0.0000239 seconds
[2019-12-08T11:57:55.218+0000][1][safepoint    ] Application time: 1.0000782 seconds
[2019-12-08T11:57:55.218+0000][1][safepoint    ] Entering safepoint region: Cleanup
[2019-12-08T11:57:55.218+0000][1][safepoint    ] Leaving safepoint region
[2019-12-08T11:57:55.218+0000][1][safepoint    ] Total time for which application threads were stopped: 0.0000723 seconds, Stopping threads took: 0.0000192 seconds
[2019-12-08T11:57:56.218+0000][1][safepoint    ] Application time: 1.0000755 seconds
[2019-12-08T11:57:56.218+0000][1][safepoint    ] Entering safepoint region: Cleanup
[2019-12-08T11:57:56.218+0000][1][safepoint    ] Leaving safepoint region
[2019-12-08T11:57:56.218+0000][1][safepoint    ] Total time for which application threads were stopped: 0.0000805 seconds, Stopping threads took: 0.0000185 seconds
[2019-12-08T11:57:57.218+0000][1][safepoint    ] Application time: 1.0000341 seconds
[2019-12-08T11:57:57.218+0000][1][safepoint    ] Entering safepoint region: Cleanup
[2019-12-08T11:57:57.218+0000][1][safepoint    ] Leaving safepoint region
[2019-12-08T11:57:57.218+0000][1][safepoint    ] Total time for which application threads were stopped: 0.0000812 seconds, Stopping threads took: 0.0000180 seconds
[2019-12-08T11:57:58.219+0000][1][safepoint    ] Application time: 1.0000781 seconds
[2019-12-08T11:57:58.219+0000][1][safepoint    ] Entering safepoint region: Cleanup
[2019-12-08T11:57:58.219+0000][1][safepoint    ] Leaving safepoint region
[2019-12-08T11:57:58.219+0000][1][safepoint    ] Total time for which application threads were stopped: 0.0000811 seconds, Stopping threads took: 0.0000264 seconds
[2019-12-08T11:57:59.219+0000][1][safepoint    ] Application time: 1.0000742 seconds
[2019-12-08T11:57:59.219+0000][1][safepoint    ] Entering safepoint region: Cleanup
[2019-12-08T11:57:59.219+0000][1][safepoint    ] Leaving safepoint region
[2019-12-08T11:57:59.219+0000][1][safepoint    ] Total time for which application threads were stopped: 0.0000723 seconds, Stopping threads took: 0.0000192 seconds
[2019-12-08T11:58:00.219+0000][1][safepoint    ] Application time: 1.0000817 seconds
[2019-12-08T11:58:00.219+0000][1][safepoint    ] Entering safepoint region: Cleanup
[2019-12-08T11:58:00.219+0000][1][safepoint    ] Leaving safepoint region
[2019-12-08T11:58:00.219+0000][1][safepoint    ] Total time for which application threads were stopped: 0.0000765 seconds, Stopping threads took: 0.0000197 seconds
[2019-12-08T11:58:01.219+0000][1][safepoint    ] Application time: 1.0000763 seconds
[2019-12-08T11:58:01.219+0000][1][safepoint    ] Entering safepoint region: Cleanup
[2019-12-08T11:58:01.219+0000][1][safepoint    ] Leaving safepoint region
[2019-12-08T11:58:01.219+0000][1][safepoint    ] Total time for which application threads were stopped: 0.0000749 seconds, Stopping threads took: 0.0000198 seconds
[2019-12-08T11:58:02.219+0000][1][safepoint    ] Application time: 1.0000759 seconds
[2019-12-08T11:58:02.219+0000][1][safepoint    ] Entering safepoint region: Cleanup
[2019-12-08T11:58:02.219+0000][1][safepoint    ] Leaving safepoint region
[2019-12-08T11:58:02.219+0000][1][safepoint    ] Total time for which application threads were stopped: 0.0000707 seconds, Stopping threads took: 0.0000178 seconds
[2019-12-08T11:58:03.219+0000][1][safepoint    ] Application time: 1.0000799 seconds
[2019-12-08T11:58:03.220+0000][1][safepoint    ] Entering safepoint region: Cleanup
[2019-12-08T11:58:03.220+0000][1][safepoint    ] Leaving safepoint region
[2019-12-08T11:58:03.220+0000][1][safepoint    ] Total time for which application threads were stopped: 0.0000742 seconds, Stopping threads took: 0.0000185 seconds
[2019-12-08T11:58:04.220+0000][1][safepoint    ] Application time: 1.0000875 seconds
[2019-12-08T11:58:04.220+0000][1][safepoint    ] Entering safepoint region: Cleanup
[2019-12-08T11:58:04.220+0000][1][safepoint    ] Leaving safepoint region
[2019-12-08T11:58:04.220+0000][1][safepoint    ] Total time for which application threads were stopped: 0.0000744 seconds, Stopping threads took: 0.0000225 seconds
[2019-12-08T11:58:05.220+0000][1][safepoint    ] Application time: 1.0000767 seconds
[2019-12-08T11:58:05.220+0000][1][safepoint    ] Entering safepoint region: Cleanup
[2019-12-08T11:58:05.220+0000][1][safepoint    ] Leaving safepoint region
[2019-12-08T11:58:05.220+0000][1][safepoint    ] Total time for which application threads were stopped: 0.0000731 seconds, Stopping threads took: 0.0000191 seconds
[2019-12-08T11:58:06.220+0000][1][safepoint    ] Application time: 1.0000753 seconds
[2019-12-08T11:58:06.220+0000][1][safepoint    ] Entering safepoint region: Cleanup
[2019-12-08T11:58:06.220+0000][1][safepoint    ] Leaving safepoint region
[2019-12-08T11:58:06.220+0000][1][safepoint    ] Total time for which application threads were stopped: 0.0000815 seconds, Stopping threads took: 0.0000194 seconds
[2019-12-08T11:58:07.220+0000][1][safepoint    ] Application time: 1.0000755 seconds
[2019-12-08T11:58:07.220+0000][1][safepoint    ] Entering safepoint region: Cleanup
[2019-12-08T11:58:07.220+0000][1][safepoint    ] Leaving safepoint region
[2019-12-08T11:58:07.220+0000][1][safepoint    ] Total time for which application threads were stopped: 0.0000728 seconds, Stopping threads took: 0.0000196 seconds
[2019-12-08T11:58:08.220+0000][1][safepoint    ] Application time: 1.0000769 seconds
[2019-12-08T11:58:08.221+0000][1][safepoint    ] Entering safepoint region: Cleanup
[2019-12-08T11:58:08.221+0000][1][safepoint    ] Leaving safepoint region
[2019-12-08T11:58:08.221+0000][1][safepoint    ] Total time for which application threads were stopped: 0.0000752 seconds, Stopping threads took: 0.0000197 seconds
[2019-12-08T11:58:09.221+0000][1][safepoint    ] Application time: 1.0000754 seconds
[2019-12-08T11:58:09.221+0000][1][safepoint    ] Entering safepoint region: Cleanup
[2019-12-08T11:58:09.221+0000][1][safepoint    ] Leaving safepoint region
[2019-12-08T11:58:09.221+0000][1][safepoint    ] Total time for which application threads were stopped: 0.0000785 seconds, Stopping threads took: 0.0000225 seconds
[2019-12-08T11:58:10.221+0000][1][safepoint    ] Application time: 1.0000542 seconds
[2019-12-08T11:58:10.221+0000][1][safepoint    ] Entering safepoint region: Cleanup
[2019-12-08T11:58:10.221+0000][1][safepoint    ] Leaving safepoint region
[2019-12-08T11:58:10.221+0000][1][safepoint    ] Total time for which application threads were stopped: 0.0001049 seconds, Stopping threads took: 0.0000505 seconds
[2019-12-08T11:58:11.221+0000][1][safepoint    ] Application time: 1.0000825 seconds
[2019-12-08T11:58:11.221+0000][1][safepoint    ] Entering safepoint region: Cleanup
[2019-12-08T11:58:11.221+0000][1][safepoint    ] Leaving safepoint region
[2019-12-08T11:58:11.221+0000][1][safepoint    ] Total time for which application threads were stopped: 0.0000739 seconds, Stopping threads took: 0.0000197 seconds
[2019-12-08T11:58:12.221+0000][1][safepoint    ] Application time: 1.0000764 seconds
[2019-12-08T11:58:12.221+0000][1][safepoint    ] Entering safepoint region: Cleanup
[2019-12-08T11:58:12.221+0000][1][safepoint    ] Leaving safepoint region
[2019-12-08T11:58:12.221+0000][1][safepoint    ] Total time for which application threads were stopped: 0.0000696 seconds, Stopping threads took: 0.0000171 seconds
[2019-12-08T11:58:13.221+0000][1][safepoint    ] Application time: 1.0000784 seconds
[2019-12-08T11:58:13.222+0000][1][safepoint    ] Entering safepoint region: Cleanup
[2019-12-08T11:58:13.222+0000][1][safepoint    ] Leaving safepoint region
[2019-12-08T11:58:13.222+0000][1][safepoint    ] Total time for which application threads were stopped: 0.0000734 seconds, Stopping threads took: 0.0000197 seconds
[2019-12-08T11:58:14.222+0000][1][safepoint    ] Application time: 1.0000759 seconds
[2019-12-08T11:58:14.222+0000][1][safepoint    ] Entering safepoint region: Cleanup
[2019-12-08T11:58:14.222+0000][1][safepoint    ] Leaving safepoint region
[2019-12-08T11:58:14.222+0000][1][safepoint    ] Total time for which application threads were stopped: 0.0000731 seconds, Stopping threads took: 0.0000191 seconds
[2019-12-08T11:58:15.222+0000][1][safepoint    ] Application time: 1.0000761 seconds
[2019-12-08T11:58:15.222+0000][1][safepoint    ] Entering safepoint region: Cleanup
[2019-12-08T11:58:15.222+0000][1][safepoint    ] Leaving safepoint region
[2019-12-08T11:58:15.222+0000][1][safepoint    ] Total time for which application threads were stopped: 0.0000747 seconds, Stopping threads took: 0.0000193 seconds
[2019-12-08T11:58:16.222+0000][1][safepoint    ] Application time: 1.0000771 seconds
[2019-12-08T11:58:16.222+0000][1][safepoint    ] Entering safepoint region: Cleanup
[2019-12-08T11:58:16.222+0000][1][safepoint    ] Leaving safepoint region
[2019-12-08T11:58:16.222+0000][1][safepoint    ] Total time for which application threads were stopped: 0.0000834 seconds, Stopping threads took: 0.0000214 seconds
[2019-12-08T11:58:17.222+0000][1][safepoint    ] Application time: 1.0000765 seconds
[2019-12-08T11:58:17.222+0000][1][safepoint    ] Entering safepoint region: Cleanup
[2019-12-08T11:58:17.222+0000][1][safepoint    ] Leaving safepoint region
[2019-12-08T11:58:17.222+0000][1][safepoint    ] Total time for which application threads were stopped: 0.0000713 seconds, Stopping threads took: 0.0000187 seconds
[2019-12-08T11:58:18.222+0000][1][safepoint    ] Application time: 1.0000791 seconds
[2019-12-08T11:58:18.223+0000][1][safepoint    ] Entering safepoint region: Cleanup
[2019-12-08T11:58:18.223+0000][1][safepoint    ] Leaving safepoint region
[2019-12-08T11:58:18.223+0000][1][safepoint    ] Total time for which application threads were stopped: 0.0000717 seconds, Stopping threads took: 0.0000197 seconds
[2019-12-08T11:58:19.223+0000][1][safepoint    ] Application time: 1.0000882 seconds
[2019-12-08T11:58:19.223+0000][1][safepoint    ] Entering safepoint region: Cleanup
[2019-12-08T11:58:19.223+0000][1][safepoint    ] Leaving safepoint region
[2019-12-08T11:58:19.223+0000][1][safepoint    ] Total time for which application threads were stopped: 0.0000747 seconds, Stopping threads took: 0.0000205 seconds
[2019-12-08T11:58:20.223+0000][1][safepoint    ] Application time: 1.0000849 seconds
[2019-12-08T11:58:20.223+0000][1][safepoint    ] Entering safepoint region: Cleanup
[2019-12-08T11:58:20.223+0000][1][safepoint    ] Leaving safepoint region
[2019-12-08T11:58:20.223+0000][1][safepoint    ] Total time for which application threads were stopped: 0.0000748 seconds, Stopping threads took: 0.0000194 seconds
[2019-12-08T11:58:21.223+0000][1][safepoint    ] Application time: 1.0000820 seconds
[2019-12-08T11:58:21.223+0000][1][safepoint    ] Entering safepoint region: Cleanup
[2019-12-08T11:58:21.223+0000][1][safepoint    ] Leaving safepoint region
[2019-12-08T11:58:21.223+0000][1][safepoint    ] Total time for which application threads were stopped: 0.0000761 seconds, Stopping threads took: 0.0000204 seconds
[2019-12-08T11:58:22.223+0000][1][safepoint    ] Application time: 1.0000951 seconds
[2019-12-08T11:58:22.223+0000][1][safepoint    ] Entering safepoint region: Cleanup
[2019-12-08T11:58:22.223+0000][1][safepoint    ] Leaving safepoint region
[2019-12-08T11:58:22.223+0000][1][safepoint    ] Total time for which application threads were stopped: 0.0000762 seconds, Stopping threads took: 0.0000206 seconds
[2019-12-08T11:58:23.224+0000][1][safepoint    ] Application time: 1.0000922 seconds
[2019-12-08T11:58:23.224+0000][1][safepoint    ] Entering safepoint region: Cleanup
[2019-12-08T11:58:23.224+0000][1][safepoint    ] Leaving safepoint region
[2019-12-08T11:58:23.224+0000][1][safepoint    ] Total time for which application threads were stopped: 0.0000789 seconds, Stopping threads took: 0.0000201 seconds
[2019-12-08T11:58:24.224+0000][1][safepoint    ] Application time: 1.0000784 seconds
[2019-12-08T11:58:24.224+0000][1][safepoint    ] Entering safepoint region: Cleanup
[2019-12-08T11:58:24.224+0000][1][safepoint    ] Leaving safepoint region
[2019-12-08T11:58:24.224+0000][1][safepoint    ] Total time for which application threads were stopped: 0.0000748 seconds, Stopping threads took: 0.0000191 seconds
[2019-12-08T11:58:25.224+0000][1][safepoint    ] Application time: 1.0000773 seconds
[2019-12-08T11:58:25.224+0000][1][safepoint    ] Entering safepoint region: Cleanup
[2019-12-08T11:58:25.224+0000][1][safepoint    ] Leaving safepoint region
[2019-12-08T11:58:25.224+0000][1][safepoint    ] Total time for which application threads were stopped: 0.0000749 seconds, Stopping threads took: 0.0000190 seconds
[2019-12-08T11:58:26.224+0000][1][safepoint    ] Application time: 1.0000793 seconds
[2019-12-08T11:58:26.224+0000][1][safepoint    ] Entering safepoint region: Cleanup
[2019-12-08T11:58:26.224+0000][1][safepoint    ] Leaving safepoint region
[2019-12-08T11:58:26.224+0000][1][safepoint    ] Total time for which application threads were stopped: 0.0000736 seconds, Stopping threads took: 0.0000191 seconds
[2019-12-08T11:58:27.224+0000][1][safepoint    ] Application time: 1.0000777 seconds
[2019-12-08T11:58:27.224+0000][1][safepoint    ] Entering safepoint region: Cleanup
[2019-12-08T11:58:27.224+0000][1][safepoint    ] Leaving safepoint region
[2019-12-08T11:58:27.224+0000][1][safepoint    ] Total time for which application threads were stopped: 0.0000745 seconds, Stopping threads took: 0.0000192 seconds
[2019-12-08T11:58:28.225+0000][1][safepoint    ] Application time: 1.0000908 seconds
[2019-12-08T11:58:28.225+0000][1][safepoint    ] Entering safepoint region: Cleanup
[2019-12-08T11:58:28.225+0000][1][safepoint    ] Leaving safepoint region
[2019-12-08T11:58:28.225+0000][1][safepoint    ] Total time for which application threads were stopped: 0.0000761 seconds, Stopping threads took: 0.0000202 seconds
[2019-12-08T11:58:29.225+0000][1][safepoint    ] Application time: 1.0000947 seconds
[2019-12-08T11:58:29.225+0000][1][safepoint    ] Entering safepoint region: Cleanup
[2019-12-08T11:58:29.225+0000][1][safepoint    ] Leaving safepoint region
[2019-12-08T11:58:29.225+0000][1][safepoint    ] Total time for which application threads were stopped: 0.0000762 seconds, Stopping threads took: 0.0000199 seconds
[2019-12-08T11:58:30.225+0000][1][safepoint    ] Application time: 1.0000865 seconds
[2019-12-08T11:58:30.225+0000][1][safepoint    ] Entering safepoint region: Cleanup
[2019-12-08T11:58:30.225+0000][1][safepoint    ] Leaving safepoint region
[2019-12-08T11:58:30.225+0000][1][safepoint    ] Total time for which application threads were stopped: 0.0000741 seconds, Stopping threads took: 0.0000198 seconds
[2019-12-08T11:58:31.575+0000][1][safepoint    ] Application time: 1.3495747 seconds
[2019-12-08T11:58:31.575+0000][1][safepoint    ] Entering safepoint region: Cleanup
[2019-12-08T11:58:31.575+0000][1][safepoint    ] Leaving safepoint region
[2019-12-08T11:58:31.575+0000][1][safepoint    ] Total time for which application threads were stopped: 0.0000826 seconds, Stopping threads took: 0.0000194 seconds
[2019-12-08T11:58:32.575+0000][1][safepoint    ] Application time: 1.0000789 seconds
[2019-12-08T11:58:32.575+0000][1][safepoint    ] Entering safepoint region: Cleanup
[2019-12-08T11:58:32.575+0000][1][safepoint    ] Leaving safepoint region
[2019-12-08T11:58:32.575+0000][1][safepoint    ] Total time for which application threads were stopped: 0.0000741 seconds, Stopping threads took: 0.0000192 seconds
[2019-12-08T11:58:33.575+0000][1][safepoint    ] Application time: 1.0000805 seconds
[2019-12-08T11:58:33.575+0000][1][safepoint    ] Entering safepoint region: Cleanup
[2019-12-08T11:58:33.575+0000][1][safepoint    ] Leaving safepoint region
[2019-12-08T11:58:33.575+0000][1][safepoint    ] Total time for which application threads were stopped: 0.0000751 seconds, Stopping threads took: 0.0000204 seconds
[2019-12-08T11:58:34.575+0000][1][safepoint    ] Application time: 1.0000800 seconds
[2019-12-08T11:58:34.575+0000][1][safepoint    ] Entering safepoint region: Cleanup
[2019-12-08T11:58:34.575+0000][1][safepoint    ] Leaving safepoint region
[2019-12-08T11:58:34.575+0000][1][safepoint    ] Total time for which application threads were stopped: 0.0000827 seconds, Stopping threads took: 0.0000286 seconds
[2019-12-08T11:58:35.575+0000][1][safepoint    ] Application time: 1.0000775 seconds
[2019-12-08T11:58:35.576+0000][1][safepoint    ] Entering safepoint region: Cleanup
[2019-12-08T11:58:35.576+0000][1][safepoint    ] Leaving safepoint region
[2019-12-08T11:58:35.576+0000][1][safepoint    ] Total time for which application threads were stopped: 0.0000706 seconds, Stopping threads took: 0.0000180 seconds
[2019-12-08T11:58:36.576+0000][1][safepoint    ] Application time: 1.0000790 seconds
[2019-12-08T11:58:36.576+0000][1][safepoint    ] Entering safepoint region: Cleanup
[2019-12-08T11:58:36.576+0000][1][safepoint    ] Leaving safepoint region
[2019-12-08T11:58:36.576+0000][1][safepoint    ] Total time for which application threads were stopped: 0.0000749 seconds, Stopping threads took: 0.0000202 seconds
[2019-12-08T11:58:37.576+0000][1][safepoint    ] Application time: 1.0000803 seconds
[2019-12-08T11:58:37.576+0000][1][safepoint    ] Entering safepoint region: Cleanup
[2019-12-08T11:58:37.576+0000][1][safepoint    ] Leaving safepoint region
[2019-12-08T11:58:37.576+0000][1][safepoint    ] Total time for which application threads were stopped: 0.0000743 seconds, Stopping threads took: 0.0000191 seconds
[2019-12-08T11:58:38.576+0000][1][safepoint    ] Application time: 1.0000755 seconds
[2019-12-08T11:58:38.576+0000][1][safepoint    ] Entering safepoint region: Cleanup
[2019-12-08T11:58:38.576+0000][1][safepoint    ] Leaving safepoint region
[2019-12-08T11:58:38.576+0000][1][safepoint    ] Total time for which application threads were stopped: 0.0000714 seconds, Stopping threads took: 0.0000186 seconds
[2019-12-08T11:58:39.576+0000][1][safepoint    ] Application time: 1.0000787 seconds
[2019-12-08T11:58:39.576+0000][1][safepoint    ] Entering safepoint region: Cleanup
[2019-12-08T11:58:39.576+0000][1][safepoint    ] Leaving safepoint region
[2019-12-08T11:58:39.576+0000][1][safepoint    ] Total time for which application threads were stopped: 0.0000732 seconds, Stopping threads took: 0.0000187 seconds
[2019-12-08T11:58:40.576+0000][1][safepoint    ] Application time: 1.0000768 seconds
[2019-12-08T11:58:40.577+0000][1][safepoint    ] Entering safepoint region: Cleanup
[2019-12-08T11:58:40.577+0000][1][safepoint    ] Leaving safepoint region
[2019-12-08T11:58:40.577+0000][1][safepoint    ] Total time for which application threads were stopped: 0.0000719 seconds, Stopping threads took: 0.0000189 seconds
[2019-12-08T11:58:41.577+0000][1][safepoint    ] Application time: 1.0000742 seconds
[2019-12-08T11:58:41.577+0000][1][safepoint    ] Entering safepoint region: Cleanup
[2019-12-08T11:58:41.577+0000][1][safepoint    ] Leaving safepoint region
[2019-12-08T11:58:41.577+0000][1][safepoint    ] Total time for which application threads were stopped: 0.0000709 seconds, Stopping threads took: 0.0000191 seconds
[2019-12-08T11:58:42.577+0000][1][safepoint    ] Application time: 1.0000756 seconds
[2019-12-08T11:58:42.577+0000][1][safepoint    ] Entering safepoint region: Cleanup
[2019-12-08T11:58:42.577+0000][1][safepoint    ] Leaving safepoint region
[2019-12-08T11:58:42.577+0000][1][safepoint    ] Total time for which application threads were stopped: 0.0000706 seconds, Stopping threads took: 0.0000193 seconds
[2019-12-08T11:58:43.577+0000][1][safepoint    ] Application time: 1.0000767 seconds
[2019-12-08T11:58:43.577+0000][1][safepoint    ] Entering safepoint region: Cleanup
[2019-12-08T11:58:43.577+0000][1][safepoint    ] Leaving safepoint region
[2019-12-08T11:58:43.577+0000][1][safepoint    ] Total time for which application threads were stopped: 0.0000709 seconds, Stopping threads took: 0.0000191 seconds
[2019-12-08T11:58:44.577+0000][1][safepoint    ] Application time: 1.0000757 seconds
[2019-12-08T11:58:44.577+0000][1][safepoint    ] Entering safepoint region: Cleanup
[2019-12-08T11:58:44.577+0000][1][safepoint    ] Leaving safepoint region
[2019-12-08T11:58:44.577+0000][1][safepoint    ] Total time for which application threads were stopped: 0.0000697 seconds, Stopping threads took: 0.0000181 seconds
[2019-12-08T11:58:45.577+0000][1][safepoint    ] Application time: 1.0000749 seconds
[2019-12-08T11:58:45.577+0000][1][safepoint    ] Entering safepoint region: Cleanup
[2019-12-08T11:58:45.577+0000][1][safepoint    ] Leaving safepoint region
[2019-12-08T11:58:45.577+0000][1][safepoint    ] Total time for which application threads were stopped: 0.0000684 seconds, Stopping threads took: 0.0000160 seconds
[2019-12-08T11:58:46.578+0000][1][safepoint    ] Application time: 1.0000759 seconds
[2019-12-08T11:58:46.578+0000][1][safepoint    ] Entering safepoint region: Cleanup
[2019-12-08T11:58:46.578+0000][1][safepoint    ] Leaving safepoint region
[2019-12-08T11:58:46.578+0000][1][safepoint    ] Total time for which application threads were stopped: 0.0000829 seconds, Stopping threads took: 0.0000189 seconds
[2019-12-08T11:58:47.578+0000][1][safepoint    ] Application time: 1.0000753 seconds
[2019-12-08T11:58:47.578+0000][1][safepoint    ] Entering safepoint region: Cleanup
[2019-12-08T11:58:47.578+0000][1][safepoint    ] Leaving safepoint region
[2019-12-08T11:58:47.578+0000][1][safepoint    ] Total time for which application threads were stopped: 0.0000698 seconds, Stopping threads took: 0.0000184 seconds
[2019-12-08T11:58:48.578+0000][1][safepoint    ] Application time: 1.0000775 seconds
[2019-12-08T11:58:48.578+0000][1][safepoint    ] Entering safepoint region: Cleanup
[2019-12-08T11:58:48.578+0000][1][safepoint    ] Leaving safepoint region
[2019-12-08T11:58:48.578+0000][1][safepoint    ] Total time for which application threads were stopped: 0.0000740 seconds, Stopping threads took: 0.0000193 seconds
[2019-12-08T11:58:49.578+0000][1][safepoint    ] Application time: 1.0000815 seconds
[2019-12-08T11:58:49.578+0000][1][safepoint    ] Entering safepoint region: Cleanup
[2019-12-08T11:58:49.578+0000][1][safepoint    ] Leaving safepoint region
[2019-12-08T11:58:49.578+0000][1][safepoint    ] Total time for which application threads were stopped: 0.0000762 seconds, Stopping threads took: 0.0000205 seconds
[2019-12-08T11:58:50.578+0000][1][safepoint    ] Application time: 1.0000747 seconds
[2019-12-08T11:58:50.578+0000][1][safepoint    ] Entering safepoint region: Cleanup
[2019-12-08T11:58:50.578+0000][1][safepoint    ] Leaving safepoint region
[2019-12-08T11:58:50.578+0000][1][safepoint    ] Total time for which application threads were stopped: 0.0000689 seconds, Stopping threads took: 0.0000189 seconds
[2019-12-08T11:58:51.579+0000][1][safepoint    ] Application time: 1.0000754 seconds
[2019-12-08T11:58:51.579+0000][1][safepoint    ] Entering safepoint region: Cleanup
[2019-12-08T11:58:51.579+0000][1][safepoint    ] Leaving safepoint region
[2019-12-08T11:58:51.579+0000][1][safepoint    ] Total time for which application threads were stopped: 0.0000731 seconds, Stopping threads took: 0.0000195 seconds
[2019-12-08T11:58:52.579+0000][1][safepoint    ] Application time: 1.0000767 seconds
[2019-12-08T11:58:52.579+0000][1][safepoint    ] Entering safepoint region: Cleanup
[2019-12-08T11:58:52.579+0000][1][safepoint    ] Leaving safepoint region
[2019-12-08T11:58:52.579+0000][1][safepoint    ] Total time for which application threads were stopped: 0.0000700 seconds, Stopping threads took: 0.0000168 seconds
[2019-12-08T11:58:53.579+0000][1][safepoint    ] Application time: 1.0000741 seconds
[2019-12-08T11:58:53.579+0000][1][safepoint    ] Entering safepoint region: Cleanup
[2019-12-08T11:58:53.579+0000][1][safepoint    ] Leaving safepoint region
[2019-12-08T11:58:53.579+0000][1][safepoint    ] Total time for which application threads were stopped: 0.0000701 seconds, Stopping threads took: 0.0000178 seconds
[2019-12-08T11:58:54.579+0000][1][safepoint    ] Application time: 1.0000775 seconds
[2019-12-08T11:58:54.579+0000][1][safepoint    ] Entering safepoint region: Cleanup
[2019-12-08T11:58:54.579+0000][1][safepoint    ] Leaving safepoint region
[2019-12-08T11:58:54.579+0000][1][safepoint    ] Total time for which application threads were stopped: 0.0000743 seconds, Stopping threads took: 0.0000182 seconds
[2019-12-08T11:58:55.579+0000][1][safepoint    ] Application time: 1.0000833 seconds
[2019-12-08T11:58:55.579+0000][1][safepoint    ] Entering safepoint region: Cleanup
[2019-12-08T11:58:55.579+0000][1][safepoint    ] Leaving safepoint region
[2019-12-08T11:58:55.579+0000][1][safepoint    ] Total time for which application threads were stopped: 0.0000716 seconds, Stopping threads took: 0.0000185 seconds
[2019-12-08T11:58:56.580+0000][1][safepoint    ] Application time: 1.0000793 seconds
[2019-12-08T11:58:56.580+0000][1][safepoint    ] Entering safepoint region: Cleanup
[2019-12-08T11:58:56.580+0000][1][safepoint    ] Leaving safepoint region
[2019-12-08T11:58:56.580+0000][1][safepoint    ] Total time for which application threads were stopped: 0.0000745 seconds, Stopping threads took: 0.0000188 seconds
[2019-12-08T11:58:57.580+0000][1][safepoint    ] Application time: 1.0000792 seconds
[2019-12-08T11:58:57.580+0000][1][safepoint    ] Entering safepoint region: Cleanup
[2019-12-08T11:58:57.580+0000][1][safepoint    ] Leaving safepoint region
[2019-12-08T11:58:57.580+0000][1][safepoint    ] Total time for which application threads were stopped: 0.0000981 seconds, Stopping threads took: 0.0000244 seconds
[2019-12-08T11:58:58.580+0000][1][safepoint    ] Application time: 1.0000766 seconds
[2019-12-08T11:58:58.580+0000][1][safepoint    ] Entering safepoint region: Cleanup
[2019-12-08T11:58:58.580+0000][1][safepoint    ] Leaving safepoint region
[2019-12-08T11:58:58.580+0000][1][safepoint    ] Total time for which application threads were stopped: 0.0000792 seconds, Stopping threads took: 0.0000266 seconds
[2019-12-08T11:58:59.580+0000][1][safepoint    ] Application time: 1.0000778 seconds
[2019-12-08T11:58:59.580+0000][1][safepoint    ] Entering safepoint region: Cleanup
[2019-12-08T11:58:59.580+0000][1][safepoint    ] Leaving safepoint region
[2019-12-08T11:58:59.580+0000][1][safepoint    ] Total time for which application threads were stopped: 0.0000754 seconds, Stopping threads took: 0.0000203 seconds
[2019-12-08T11:59:00.580+0000][1][safepoint    ] Application time: 1.0000806 seconds
[2019-12-08T11:59:00.580+0000][1][safepoint    ] Entering safepoint region: Cleanup
[2019-12-08T11:59:00.580+0000][1][safepoint    ] Leaving safepoint region
[2019-12-08T11:59:00.580+0000][1][safepoint    ] Total time for which application threads were stopped: 0.0000714 seconds, Stopping threads took: 0.0000181 seconds
[2019-12-08T11:59:01.581+0000][1][safepoint    ] Application time: 1.0000606 seconds
[2019-12-08T11:59:01.581+0000][1][safepoint    ] Entering safepoint region: Cleanup
[2019-12-08T11:59:01.581+0000][1][safepoint    ] Leaving safepoint region
[2019-12-08T11:59:01.581+0000][1][safepoint    ] Total time for which application threads were stopped: 0.0001326 seconds, Stopping threads took: 0.0000311 seconds
[2019-12-08T11:59:02.581+0000][1][safepoint    ] Application time: 1.0000786 seconds
[2019-12-08T11:59:02.581+0000][1][safepoint    ] Entering safepoint region: Cleanup
[2019-12-08T11:59:02.581+0000][1][safepoint    ] Leaving safepoint region
[2019-12-08T11:59:02.581+0000][1][safepoint    ] Total time for which application threads were stopped: 0.0000994 seconds, Stopping threads took: 0.0000384 seconds
[2019-12-08T11:59:03.581+0000][1][safepoint    ] Application time: 1.0000803 seconds
[2019-12-08T11:59:03.581+0000][1][safepoint    ] Entering safepoint region: Cleanup
[2019-12-08T11:59:03.581+0000][1][safepoint    ] Leaving safepoint region
[2019-12-08T11:59:03.581+0000][1][safepoint    ] Total time for which application threads were stopped: 0.0000770 seconds, Stopping threads took: 0.0000202 seconds
[2019-12-08T11:59:04.581+0000][1][safepoint    ] Application time: 1.0000871 seconds
[2019-12-08T11:59:04.581+0000][1][safepoint    ] Entering safepoint region: Cleanup
[2019-12-08T11:59:04.581+0000][1][safepoint    ] Leaving safepoint region
[2019-12-08T11:59:04.581+0000][1][safepoint    ] Total time for which application threads were stopped: 0.0000866 seconds, Stopping threads took: 0.0000288 seconds
[2019-12-08T11:59:05.581+0000][1][safepoint    ] Application time: 1.0000919 seconds
[2019-12-08T11:59:05.582+0000][1][safepoint    ] Entering safepoint region: Cleanup
[2019-12-08T11:59:05.582+0000][1][safepoint    ] Leaving safepoint region
[2019-12-08T11:59:05.582+0000][1][safepoint    ] Total time for which application threads were stopped: 0.0000754 seconds, Stopping threads took: 0.0000206 seconds
[2019-12-08T11:59:06.582+0000][1][safepoint    ] Application time: 1.0000847 seconds
[2019-12-08T11:59:06.582+0000][1][safepoint    ] Entering safepoint region: Cleanup
[2019-12-08T11:59:06.582+0000][1][safepoint    ] Leaving safepoint region
[2019-12-08T11:59:06.582+0000][1][safepoint    ] Total time for which application threads were stopped: 0.0000759 seconds, Stopping threads took: 0.0000200 seconds
[2019-12-08T11:59:07.582+0000][1][safepoint    ] Application time: 1.0000790 seconds
[2019-12-08T11:59:07.582+0000][1][safepoint    ] Entering safepoint region: Cleanup
[2019-12-08T11:59:07.582+0000][1][safepoint    ] Leaving safepoint region
[2019-12-08T11:59:07.582+0000][1][safepoint    ] Total time for which application threads were stopped: 0.0000752 seconds, Stopping threads took: 0.0000196 seconds
[2019-12-08T11:59:08.582+0000][1][safepoint    ] Application time: 1.0000879 seconds
[2019-12-08T11:59:08.582+0000][1][safepoint    ] Entering safepoint region: Cleanup
[2019-12-08T11:59:08.582+0000][1][safepoint    ] Leaving safepoint region
[2019-12-08T11:59:08.582+0000][1][safepoint    ] Total time for which application threads were stopped: 0.0000738 seconds, Stopping threads took: 0.0000191 seconds
[2019-12-08T11:59:09.582+0000][1][safepoint    ] Application time: 1.0000776 seconds
[2019-12-08T11:59:09.582+0000][1][safepoint    ] Entering safepoint region: Cleanup
[2019-12-08T11:59:09.582+0000][1][safepoint    ] Leaving safepoint region
[2019-12-08T11:59:09.582+0000][1][safepoint    ] Total time for which application threads were stopped: 0.0000732 seconds, Stopping threads took: 0.0000190 seconds
[2019-12-08T11:59:10.582+0000][1][safepoint    ] Application time: 1.0000746 seconds
[2019-12-08T11:59:10.583+0000][1][safepoint    ] Entering safepoint region: Cleanup
[2019-12-08T11:59:10.583+0000][1][safepoint    ] Leaving safepoint region
[2019-12-08T11:59:10.583+0000][1][safepoint    ] Total time for which application threads were stopped: 0.0000730 seconds, Stopping threads took: 0.0000179 seconds
[2019-12-08T11:59:11.583+0000][1][safepoint    ] Application time: 1.0001088 seconds
[2019-12-08T11:59:11.583+0000][1][safepoint    ] Entering safepoint region: Cleanup
[2019-12-08T11:59:11.583+0000][1][safepoint    ] Leaving safepoint region
[2019-12-08T11:59:11.583+0000][1][safepoint    ] Total time for which application threads were stopped: 0.0000972 seconds, Stopping threads took: 0.0000244 seconds
[2019-12-08T11:59:13.506+0000][1][safepoint    ] Application time: 1.9227362 seconds
[2019-12-08T11:59:13.506+0000][1][safepoint    ] Entering safepoint region: Cleanup
[2019-12-08T11:59:13.506+0000][1][safepoint    ] Leaving safepoint region
[2019-12-08T11:59:13.506+0000][1][safepoint    ] Total time for which application threads were stopped: 0.0000859 seconds, Stopping threads took: 0.0000192 seconds
[2019-12-08T11:59:14.506+0000][1][safepoint    ] Application time: 1.0000755 seconds
[2019-12-08T11:59:14.506+0000][1][safepoint    ] Entering safepoint region: Cleanup
[2019-12-08T11:59:14.506+0000][1][safepoint    ] Leaving safepoint region
[2019-12-08T11:59:14.506+0000][1][safepoint    ] Total time for which application threads were stopped: 0.0000722 seconds, Stopping threads took: 0.0000184 seconds
[2019-12-08T11:59:15.506+0000][1][safepoint    ] Application time: 1.0000759 seconds
[2019-12-08T11:59:15.506+0000][1][safepoint    ] Entering safepoint region: Cleanup
[2019-12-08T11:59:15.506+0000][1][safepoint    ] Leaving safepoint region
[2019-12-08T11:59:15.506+0000][1][safepoint    ] Total time for which application threads were stopped: 0.0000716 seconds, Stopping threads took: 0.0000179 seconds
[2019-12-08T11:59:16.506+0000][1][safepoint    ] Application time: 1.0000743 seconds
[2019-12-08T11:59:16.506+0000][1][safepoint    ] Entering safepoint region: Cleanup
[2019-12-08T11:59:16.506+0000][1][safepoint    ] Leaving safepoint region
[2019-12-08T11:59:16.506+0000][1][safepoint    ] Total time for which application threads were stopped: 0.0000733 seconds, Stopping threads took: 0.0000184 seconds
[2019-12-08T11:59:17.506+0000][1][safepoint    ] Application time: 1.0000772 seconds
[2019-12-08T11:59:17.506+0000][1][safepoint    ] Entering safepoint region: Cleanup
[2019-12-08T11:59:17.506+0000][1][safepoint    ] Leaving safepoint region
[2019-12-08T11:59:17.507+0000][1][safepoint    ] Total time for which application threads were stopped: 0.0000761 seconds, Stopping threads took: 0.0000214 seconds
[2019-12-08T11:59:18.507+0000][1][safepoint    ] Application time: 1.0000761 seconds
[2019-12-08T11:59:18.507+0000][1][safepoint    ] Entering safepoint region: Cleanup
[2019-12-08T11:59:18.507+0000][1][safepoint    ] Leaving safepoint region
[2019-12-08T11:59:18.507+0000][1][safepoint    ] Total time for which application threads were stopped: 0.0000845 seconds, Stopping threads took: 0.0000179 seconds
[2019-12-08T11:59:19.507+0000][1][safepoint    ] Application time: 1.0000775 seconds
[2019-12-08T11:59:19.507+0000][1][safepoint    ] Entering safepoint region: Cleanup
[2019-12-08T11:59:19.507+0000][1][safepoint    ] Leaving safepoint region
[2019-12-08T11:59:19.507+0000][1][safepoint    ] Total time for which application threads were stopped: 0.0000751 seconds, Stopping threads took: 0.0000191 seconds
[2019-12-08T11:59:20.507+0000][1][safepoint    ] Application time: 1.0000757 seconds
[2019-12-08T11:59:20.507+0000][1][safepoint    ] Entering safepoint region: Cleanup
[2019-12-08T11:59:20.507+0000][1][safepoint    ] Leaving safepoint region
[2019-12-08T11:59:20.507+0000][1][safepoint    ] Total time for which application threads were stopped: 0.0000779 seconds, Stopping threads took: 0.0000240 seconds
[2019-12-08T11:59:21.507+0000][1][safepoint    ] Application time: 1.0000755 seconds
[2019-12-08T11:59:21.507+0000][1][safepoint    ] Entering safepoint region: Cleanup
[2019-12-08T11:59:21.507+0000][1][safepoint    ] Leaving safepoint region
[2019-12-08T11:59:21.507+0000][1][safepoint    ] Total time for which application threads were stopped: 0.0000703 seconds, Stopping threads took: 0.0000180 seconds
[2019-12-08T11:59:22.507+0000][1][safepoint    ] Application time: 1.0000775 seconds
[2019-12-08T11:59:22.507+0000][1][safepoint    ] Entering safepoint region: Cleanup
[2019-12-08T11:59:22.507+0000][1][safepoint    ] Leaving safepoint region
[2019-12-08T11:59:22.507+0000][1][safepoint    ] Total time for which application threads were stopped: 0.0000749 seconds, Stopping threads took: 0.0000204 seconds
[2019-12-08T11:59:23.508+0000][1][safepoint    ] Application time: 1.0000778 seconds
[2019-12-08T11:59:23.508+0000][1][safepoint    ] Entering safepoint region: Cleanup
[2019-12-08T11:59:23.508+0000][1][safepoint    ] Leaving safepoint region
[2019-12-08T11:59:23.508+0000][1][safepoint    ] Total time for which application threads were stopped: 0.0000719 seconds, Stopping threads took: 0.0000180 seconds
[2019-12-08T11:59:24.508+0000][1][safepoint    ] Application time: 1.0000800 seconds
[2019-12-08T11:59:24.508+0000][1][safepoint    ] Entering safepoint region: Cleanup
[2019-12-08T11:59:24.508+0000][1][safepoint    ] Leaving safepoint region
[2019-12-08T11:59:24.508+0000][1][safepoint    ] Total time for which application threads were stopped: 0.0000766 seconds, Stopping threads took: 0.0000209 seconds
[2019-12-08T11:59:25.508+0000][1][safepoint    ] Application time: 1.0000799 seconds
[2019-12-08T11:59:25.508+0000][1][safepoint    ] Entering safepoint region: Cleanup
[2019-12-08T11:59:25.508+0000][1][safepoint    ] Leaving safepoint region
[2019-12-08T11:59:25.508+0000][1][safepoint    ] Total time for which application threads were stopped: 0.0000747 seconds, Stopping threads took: 0.0000204 seconds
[2019-12-08T11:59:26.508+0000][1][safepoint    ] Application time: 1.0000797 seconds
[2019-12-08T11:59:26.508+0000][1][safepoint    ] Entering safepoint region: Cleanup
[2019-12-08T11:59:26.508+0000][1][safepoint    ] Leaving safepoint region
[2019-12-08T11:59:26.508+0000][1][safepoint    ] Total time for which application threads were stopped: 0.0000810 seconds, Stopping threads took: 0.0000191 seconds
[2019-12-08T11:59:27.155+0000][1][safepoint    ] Application time: 0.6471250 seconds
[2019-12-08T11:59:27.155+0000][1][safepoint    ] Entering safepoint region: GenCollectForAllocation
[2019-12-08T11:59:27.156+0000][1][gc,start     ] GC(35) Pause Young (Allocation Failure)
[2019-12-08T11:59:27.156+0000][1][gc,task      ] GC(35) Using 4 workers of 4 for evacuation
[2019-12-08T11:59:27.157+0000][1][gc,age       ] GC(35) Desired survivor size 4456448 bytes, new threshold 6 (max threshold 6)
[2019-12-08T11:59:27.157+0000][1][gc,age       ] GC(35) Age table with threshold 6 (max threshold 6)
[2019-12-08T11:59:27.157+0000][1][gc,age       ] GC(35) - age   1:       5400 bytes,       5400 total
[2019-12-08T11:59:27.157+0000][1][gc,age       ] GC(35) - age   2:       1048 bytes,       6448 total
[2019-12-08T11:59:27.157+0000][1][gc,age       ] GC(35) - age   3:       1480 bytes,       7928 total
[2019-12-08T11:59:27.157+0000][1][gc,age       ] GC(35) - age   4:       1160 bytes,       9088 total
[2019-12-08T11:59:27.157+0000][1][gc,age       ] GC(35) - age   5:       3584 bytes,      12672 total
[2019-12-08T11:59:27.157+0000][1][gc,age       ] GC(35) - age   6:       7576 bytes,      20248 total
[2019-12-08T11:59:27.157+0000][1][gc,heap      ] GC(35) ParNew: 69979K->27K(78656K)
[2019-12-08T11:59:27.157+0000][1][gc,heap      ] GC(35) CMS: 70056K->70056K(174784K)
[2019-12-08T11:59:27.157+0000][1][gc,metaspace ] GC(35) Metaspace: 69049K->69049K(1112064K)
[2019-12-08T11:59:27.157+0000][1][gc           ] GC(35) Pause Young (Allocation Failure) 136M->68M(247M) 1.139ms
[2019-12-08T11:59:27.157+0000][1][gc,cpu       ] GC(35) User=0.00s Sys=0.00s Real=0.00s
[2019-12-08T11:59:27.157+0000][1][safepoint    ] Leaving safepoint region
[2019-12-08T11:59:27.157+0000][1][safepoint    ] Total time for which application threads were stopped: 0.0012839 seconds, Stopping threads took: 0.0000172 seconds
[2019-12-08T11:59:28.157+0000][1][safepoint    ] Application time: 1.0000895 seconds
[2019-12-08T11:59:28.157+0000][1][safepoint    ] Entering safepoint region: Cleanup
[2019-12-08T11:59:28.157+0000][1][safepoint    ] Leaving safepoint region
[2019-12-08T11:59:28.157+0000][1][safepoint    ] Total time for which application threads were stopped: 0.0000724 seconds, Stopping threads took: 0.0000183 seconds
[2019-12-08T11:59:29.157+0000][1][safepoint    ] Application time: 1.0000780 seconds
[2019-12-08T11:59:29.157+0000][1][safepoint    ] Entering safepoint region: Cleanup
[2019-12-08T11:59:29.157+0000][1][safepoint    ] Leaving safepoint region
[2019-12-08T11:59:29.157+0000][1][safepoint    ] Total time for which application threads were stopped: 0.0000743 seconds, Stopping threads took: 0.0000206 seconds
[2019-12-08T11:59:30.157+0000][1][safepoint    ] Application time: 1.0000791 seconds
[2019-12-08T11:59:30.157+0000][1][safepoint    ] Entering safepoint region: Cleanup
[2019-12-08T11:59:30.157+0000][1][safepoint    ] Leaving safepoint region
[2019-12-08T11:59:30.157+0000][1][safepoint    ] Total time for which application threads were stopped: 0.0000732 seconds, Stopping threads took: 0.0000194 seconds
[2019-12-08T11:59:31.157+0000][1][safepoint    ] Application time: 1.0000787 seconds
[2019-12-08T11:59:31.157+0000][1][safepoint    ] Entering safepoint region: Cleanup
[2019-12-08T11:59:31.158+0000][1][safepoint    ] Leaving safepoint region
[2019-12-08T11:59:31.158+0000][1][safepoint    ] Total time for which application threads were stopped: 0.0000717 seconds, Stopping threads took: 0.0000185 seconds
[2019-12-08T11:59:32.158+0000][1][safepoint    ] Application time: 1.0000793 seconds
[2019-12-08T11:59:32.158+0000][1][safepoint    ] Entering safepoint region: Cleanup
[2019-12-08T11:59:32.158+0000][1][safepoint    ] Leaving safepoint region
[2019-12-08T11:59:32.158+0000][1][safepoint    ] Total time for which application threads were stopped: 0.0001342 seconds, Stopping threads took: 0.0000741 seconds
[2019-12-08T11:59:33.158+0000][1][safepoint    ] Application time: 1.0000715 seconds
[2019-12-08T11:59:33.158+0000][1][safepoint    ] Entering safepoint region: Cleanup
[2019-12-08T11:59:33.158+0000][1][safepoint    ] Leaving safepoint region
[2019-12-08T11:59:33.158+0000][1][safepoint    ] Total time for which application threads were stopped: 0.0000800 seconds, Stopping threads took: 0.0000205 seconds
[2019-12-08T11:59:34.158+0000][1][safepoint    ] Application time: 1.0000798 seconds
[2019-12-08T11:59:34.158+0000][1][safepoint    ] Entering safepoint region: Cleanup
[2019-12-08T11:59:34.158+0000][1][safepoint    ] Leaving safepoint region
[2019-12-08T11:59:34.158+0000][1][safepoint    ] Total time for which application threads were stopped: 0.0000819 seconds, Stopping threads took: 0.0000269 seconds
[2019-12-08T11:59:35.158+0000][1][safepoint    ] Application time: 1.0000759 seconds
[2019-12-08T11:59:35.158+0000][1][safepoint    ] Entering safepoint region: Cleanup
[2019-12-08T11:59:35.158+0000][1][safepoint    ] Leaving safepoint region
[2019-12-08T11:59:35.158+0000][1][safepoint    ] Total time for which application threads were stopped: 0.0000731 seconds, Stopping threads took: 0.0000205 seconds
[2019-12-08T11:59:36.158+0000][1][safepoint    ] Application time: 1.0000757 seconds
[2019-12-08T11:59:36.159+0000][1][safepoint    ] Entering safepoint region: Cleanup
[2019-12-08T11:59:36.159+0000][1][safepoint    ] Leaving safepoint region
[2019-12-08T11:59:36.159+0000][1][safepoint    ] Total time for which application threads were stopped: 0.0000745 seconds, Stopping threads took: 0.0000200 seconds
[2019-12-08T11:59:37.159+0000][1][safepoint    ] Application time: 1.0000853 seconds
[2019-12-08T11:59:37.159+0000][1][safepoint    ] Entering safepoint region: Cleanup
[2019-12-08T11:59:37.159+0000][1][safepoint    ] Leaving safepoint region
[2019-12-08T11:59:37.159+0000][1][safepoint    ] Total time for which application threads were stopped: 0.0000744 seconds, Stopping threads took: 0.0000200 seconds
[2019-12-08T11:59:38.159+0000][1][safepoint    ] Application time: 1.0000778 seconds
[2019-12-08T11:59:38.159+0000][1][safepoint    ] Entering safepoint region: Cleanup
[2019-12-08T11:59:38.159+0000][1][safepoint    ] Leaving safepoint region
[2019-12-08T11:59:38.159+0000][1][safepoint    ] Total time for which application threads were stopped: 0.0000740 seconds, Stopping threads took: 0.0000188 seconds
[2019-12-08T11:59:39.159+0000][1][safepoint    ] Application time: 1.0000781 seconds
[2019-12-08T11:59:39.159+0000][1][safepoint    ] Entering safepoint region: Cleanup
[2019-12-08T11:59:39.159+0000][1][safepoint    ] Leaving safepoint region
[2019-12-08T11:59:39.159+0000][1][safepoint    ] Total time for which application threads were stopped: 0.0000715 seconds, Stopping threads took: 0.0000182 seconds
[2019-12-08T11:59:40.159+0000][1][safepoint    ] Application time: 1.0000763 seconds
[2019-12-08T11:59:40.159+0000][1][safepoint    ] Entering safepoint region: Cleanup
[2019-12-08T11:59:40.159+0000][1][safepoint    ] Leaving safepoint region
[2019-12-08T11:59:40.159+0000][1][safepoint    ] Total time for which application threads were stopped: 0.0000715 seconds, Stopping threads took: 0.0000175 seconds
[2019-12-08T11:59:41.159+0000][1][safepoint    ] Application time: 1.0000755 seconds
[2019-12-08T11:59:41.160+0000][1][safepoint    ] Entering safepoint region: Cleanup
[2019-12-08T11:59:41.160+0000][1][safepoint    ] Leaving safepoint region
[2019-12-08T11:59:41.160+0000][1][safepoint    ] Total time for which application threads were stopped: 0.0000734 seconds, Stopping threads took: 0.0000200 seconds
[2019-12-08T11:59:42.160+0000][1][safepoint    ] Application time: 1.0000764 seconds
[2019-12-08T11:59:42.160+0000][1][safepoint    ] Entering safepoint region: Cleanup
[2019-12-08T11:59:42.160+0000][1][safepoint    ] Leaving safepoint region
[2019-12-08T11:59:42.160+0000][1][safepoint    ] Total time for which application threads were stopped: 0.0000749 seconds, Stopping threads took: 0.0000205 seconds
[2019-12-08T11:59:43.160+0000][1][safepoint    ] Application time: 1.0000765 seconds
[2019-12-08T11:59:43.160+0000][1][safepoint    ] Entering safepoint region: Cleanup
[2019-12-08T11:59:43.160+0000][1][safepoint    ] Leaving safepoint region
[2019-12-08T11:59:43.160+0000][1][safepoint    ] Total time for which application threads were stopped: 0.0000769 seconds, Stopping threads took: 0.0000200 seconds
[2019-12-08T11:59:44.160+0000][1][safepoint    ] Application time: 1.0000794 seconds
[2019-12-08T11:59:44.160+0000][1][safepoint    ] Entering safepoint region: Cleanup
[2019-12-08T11:59:44.160+0000][1][safepoint    ] Leaving safepoint region
[2019-12-08T11:59:44.160+0000][1][safepoint    ] Total time for which application threads were stopped: 0.0000830 seconds, Stopping threads took: 0.0000198 seconds
[2019-12-08T11:59:45.160+0000][1][safepoint    ] Application time: 1.0000751 seconds
[2019-12-08T11:59:45.160+0000][1][safepoint    ] Entering safepoint region: Cleanup
[2019-12-08T11:59:45.160+0000][1][safepoint    ] Leaving safepoint region
[2019-12-08T11:59:45.160+0000][1][safepoint    ] Total time for which application threads were stopped: 0.0000704 seconds, Stopping threads took: 0.0000195 seconds
[2019-12-08T11:59:46.160+0000][1][safepoint    ] Application time: 1.0000762 seconds
[2019-12-08T11:59:46.160+0000][1][safepoint    ] Entering safepoint region: Cleanup
[2019-12-08T11:59:46.161+0000][1][safepoint    ] Leaving safepoint region
[2019-12-08T11:59:46.161+0000][1][safepoint    ] Total time for which application threads were stopped: 0.0000731 seconds, Stopping threads took: 0.0000190 seconds
[2019-12-08T11:59:47.161+0000][1][safepoint    ] Application time: 1.0000779 seconds
[2019-12-08T11:59:47.161+0000][1][safepoint    ] Entering safepoint region: Cleanup
[2019-12-08T11:59:47.161+0000][1][safepoint    ] Leaving safepoint region
[2019-12-08T11:59:47.161+0000][1][safepoint    ] Total time for which application threads were stopped: 0.0000900 seconds, Stopping threads took: 0.0000335 seconds
[2019-12-08T11:59:48.161+0000][1][safepoint    ] Application time: 1.0000833 seconds
[2019-12-08T11:59:48.161+0000][1][safepoint    ] Entering safepoint region: Cleanup
[2019-12-08T11:59:48.161+0000][1][safepoint    ] Leaving safepoint region
[2019-12-08T11:59:48.161+0000][1][safepoint    ] Total time for which application threads were stopped: 0.0000728 seconds, Stopping threads took: 0.0000186 seconds
[2019-12-08T11:59:49.161+0000][1][safepoint    ] Application time: 1.0000822 seconds
[2019-12-08T11:59:49.161+0000][1][safepoint    ] Entering safepoint region: Cleanup
[2019-12-08T11:59:49.161+0000][1][safepoint    ] Leaving safepoint region
[2019-12-08T11:59:49.161+0000][1][safepoint    ] Total time for which application threads were stopped: 0.0000746 seconds, Stopping threads took: 0.0000201 seconds
[2019-12-08T11:59:50.161+0000][1][safepoint    ] Application time: 1.0000800 seconds
[2019-12-08T11:59:50.161+0000][1][safepoint    ] Entering safepoint region: Cleanup
[2019-12-08T11:59:50.161+0000][1][safepoint    ] Leaving safepoint region
[2019-12-08T11:59:50.161+0000][1][safepoint    ] Total time for which application threads were stopped: 0.0000840 seconds, Stopping threads took: 0.0000274 seconds
[2019-12-08T11:59:51.161+0000][1][safepoint    ] Application time: 1.0000791 seconds
[2019-12-08T11:59:51.162+0000][1][safepoint    ] Entering safepoint region: Cleanup
[2019-12-08T11:59:51.162+0000][1][safepoint    ] Leaving safepoint region
[2019-12-08T11:59:51.162+0000][1][safepoint    ] Total time for which application threads were stopped: 0.0000720 seconds, Stopping threads took: 0.0000184 seconds
[2019-12-08T11:59:52.162+0000][1][safepoint    ] Application time: 1.0000792 seconds
[2019-12-08T11:59:52.162+0000][1][safepoint    ] Entering safepoint region: Cleanup
[2019-12-08T11:59:52.162+0000][1][safepoint    ] Leaving safepoint region
[2019-12-08T11:59:52.162+0000][1][safepoint    ] Total time for which application threads were stopped: 0.0000768 seconds, Stopping threads took: 0.0000221 seconds
[2019-12-08T11:59:53.162+0000][1][safepoint    ] Application time: 1.0000781 seconds
[2019-12-08T11:59:53.162+0000][1][safepoint    ] Entering safepoint region: Cleanup
[2019-12-08T11:59:53.162+0000][1][safepoint    ] Leaving safepoint region
[2019-12-08T11:59:53.162+0000][1][safepoint    ] Total time for which application threads were stopped: 0.0000764 seconds, Stopping threads took: 0.0000211 seconds
[2019-12-08T11:59:54.162+0000][1][safepoint    ] Application time: 1.0000859 seconds
[2019-12-08T11:59:54.162+0000][1][safepoint    ] Entering safepoint region: Cleanup
[2019-12-08T11:59:54.162+0000][1][safepoint    ] Leaving safepoint region
[2019-12-08T11:59:54.162+0000][1][safepoint    ] Total time for which application threads were stopped: 0.0000811 seconds, Stopping threads took: 0.0000193 seconds
[2019-12-08T11:59:55.162+0000][1][safepoint    ] Application time: 1.0000813 seconds
[2019-12-08T11:59:55.162+0000][1][safepoint    ] Entering safepoint region: Cleanup
[2019-12-08T11:59:55.162+0000][1][safepoint    ] Leaving safepoint region
[2019-12-08T11:59:55.162+0000][1][safepoint    ] Total time for which application threads were stopped: 0.0000761 seconds, Stopping threads took: 0.0000190 seconds
[2019-12-08T11:59:56.162+0000][1][safepoint    ] Application time: 1.0000762 seconds
[2019-12-08T11:59:56.163+0000][1][safepoint    ] Entering safepoint region: Cleanup
[2019-12-08T11:59:56.163+0000][1][safepoint    ] Leaving safepoint region
[2019-12-08T11:59:56.163+0000][1][safepoint    ] Total time for which application threads were stopped: 0.0000766 seconds, Stopping threads took: 0.0000199 seconds
[2019-12-08T11:59:57.163+0000][1][safepoint    ] Application time: 1.0000776 seconds
[2019-12-08T11:59:57.163+0000][1][safepoint    ] Entering safepoint region: Cleanup
[2019-12-08T11:59:57.163+0000][1][safepoint    ] Leaving safepoint region
[2019-12-08T11:59:57.163+0000][1][safepoint    ] Total time for which application threads were stopped: 0.0000729 seconds, Stopping threads took: 0.0000188 seconds
[2019-12-08T11:59:58.171+0000][1][safepoint    ] Application time: 1.0077633 seconds
[2019-12-08T11:59:58.171+0000][1][safepoint    ] Entering safepoint region: Cleanup
[2019-12-08T11:59:58.171+0000][1][safepoint    ] Leaving safepoint region
[2019-12-08T11:59:58.171+0000][1][safepoint    ] Total time for which application threads were stopped: 0.0000801 seconds, Stopping threads took: 0.0000268 seconds
[2019-12-08T11:59:59.171+0000][1][safepoint    ] Application time: 1.0000859 seconds
[2019-12-08T11:59:59.171+0000][1][safepoint    ] Entering safepoint region: Cleanup
[2019-12-08T11:59:59.171+0000][1][safepoint    ] Leaving safepoint region
[2019-12-08T11:59:59.171+0000][1][safepoint    ] Total time for which application threads were stopped: 0.0001316 seconds, Stopping threads took: 0.0000332 seconds
[2019-12-08T12:00:00.171+0000][1][safepoint    ] Application time: 1.0000792 seconds
[2019-12-08T12:00:00.171+0000][1][safepoint    ] Entering safepoint region: Cleanup
[2019-12-08T12:00:00.171+0000][1][safepoint    ] Leaving safepoint region
[2019-12-08T12:00:00.171+0000][1][safepoint    ] Total time for which application threads were stopped: 0.0000740 seconds, Stopping threads took: 0.0000188 seconds
[2019-12-08T12:00:01.171+0000][1][safepoint    ] Application time: 1.0000836 seconds
[2019-12-08T12:00:01.171+0000][1][safepoint    ] Entering safepoint region: Cleanup
[2019-12-08T12:00:01.171+0000][1][safepoint    ] Leaving safepoint region
[2019-12-08T12:00:01.171+0000][1][safepoint    ] Total time for which application threads were stopped: 0.0000733 seconds, Stopping threads took: 0.0000198 seconds
[2019-12-08T12:00:02.172+0000][1][safepoint    ] Application time: 1.0002510 seconds
[2019-12-08T12:00:02.172+0000][1][safepoint    ] Entering safepoint region: Cleanup
[2019-12-08T12:00:02.172+0000][1][safepoint    ] Leaving safepoint region
[2019-12-08T12:00:02.172+0000][1][safepoint    ] Total time for which application threads were stopped: 0.0001266 seconds, Stopping threads took: 0.0000256 seconds
[2019-12-08T12:00:03.172+0000][1][safepoint    ] Application time: 1.0000377 seconds
[2019-12-08T12:00:03.172+0000][1][safepoint    ] Entering safepoint region: Cleanup
[2019-12-08T12:00:03.172+0000][1][safepoint    ] Leaving safepoint region
[2019-12-08T12:00:03.172+0000][1][safepoint    ] Total time for which application threads were stopped: 0.0000727 seconds, Stopping threads took: 0.0000195 seconds
[2019-12-08T12:00:04.172+0000][1][safepoint    ] Application time: 1.0000661 seconds
[2019-12-08T12:00:04.172+0000][1][safepoint    ] Entering safepoint region: Cleanup
[2019-12-08T12:00:04.172+0000][1][safepoint    ] Leaving safepoint region
[2019-12-08T12:00:04.172+0000][1][safepoint    ] Total time for which application threads were stopped: 0.0000981 seconds, Stopping threads took: 0.0000321 seconds
[2019-12-08T12:00:05.172+0000][1][safepoint    ] Application time: 1.0000796 seconds
[2019-12-08T12:00:05.172+0000][1][safepoint    ] Entering safepoint region: Cleanup
[2019-12-08T12:00:05.172+0000][1][safepoint    ] Leaving safepoint region
[2019-12-08T12:00:05.172+0000][1][safepoint    ] Total time for which application threads were stopped: 0.0000819 seconds, Stopping threads took: 0.0000296 seconds
[2019-12-08T12:00:06.172+0000][1][safepoint    ] Application time: 1.0000766 seconds
[2019-12-08T12:00:06.172+0000][1][safepoint    ] Entering safepoint region: Cleanup
[2019-12-08T12:00:06.173+0000][1][safepoint    ] Leaving safepoint region
[2019-12-08T12:00:06.173+0000][1][safepoint    ] Total time for which application threads were stopped: 0.0000723 seconds, Stopping threads took: 0.0000201 seconds
[2019-12-08T12:00:07.173+0000][1][safepoint    ] Application time: 1.0000746 seconds
[2019-12-08T12:00:07.173+0000][1][safepoint    ] Entering safepoint region: Cleanup
[2019-12-08T12:00:07.173+0000][1][safepoint    ] Leaving safepoint region
[2019-12-08T12:00:07.173+0000][1][safepoint    ] Total time for which application threads were stopped: 0.0000834 seconds, Stopping threads took: 0.0000158 seconds
[2019-12-08T12:00:08.173+0000][1][safepoint    ] Application time: 1.0000765 seconds
[2019-12-08T12:00:08.173+0000][1][safepoint    ] Entering safepoint region: Cleanup
[2019-12-08T12:00:08.173+0000][1][safepoint    ] Leaving safepoint region
[2019-12-08T12:00:08.173+0000][1][safepoint    ] Total time for which application threads were stopped: 0.0000717 seconds, Stopping threads took: 0.0000161 seconds
[2019-12-08T12:00:09.173+0000][1][safepoint    ] Application time: 1.0000777 seconds
[2019-12-08T12:00:09.173+0000][1][safepoint    ] Entering safepoint region: Cleanup
[2019-12-08T12:00:09.173+0000][1][safepoint    ] Leaving safepoint region
[2019-12-08T12:00:09.173+0000][1][safepoint    ] Total time for which application threads were stopped: 0.0000710 seconds, Stopping threads took: 0.0000181 seconds
[2019-12-08T12:00:10.173+0000][1][safepoint    ] Application time: 1.0000781 seconds
[2019-12-08T12:00:10.173+0000][1][safepoint    ] Entering safepoint region: Cleanup
[2019-12-08T12:00:10.173+0000][1][safepoint    ] Leaving safepoint region
[2019-12-08T12:00:10.173+0000][1][safepoint    ] Total time for which application threads were stopped: 0.0000736 seconds, Stopping threads took: 0.0000185 seconds
[2019-12-08T12:00:11.173+0000][1][safepoint    ] Application time: 1.0000812 seconds
[2019-12-08T12:00:11.173+0000][1][safepoint    ] Entering safepoint region: Cleanup
[2019-12-08T12:00:11.174+0000][1][safepoint    ] Leaving safepoint region
[2019-12-08T12:00:11.174+0000][1][safepoint    ] Total time for which application threads were stopped: 0.0000724 seconds, Stopping threads took: 0.0000179 seconds
[2019-12-08T12:00:12.174+0000][1][safepoint    ] Application time: 1.0000785 seconds
[2019-12-08T12:00:12.174+0000][1][safepoint    ] Entering safepoint region: Cleanup
[2019-12-08T12:00:12.174+0000][1][safepoint    ] Leaving safepoint region
[2019-12-08T12:00:12.174+0000][1][safepoint    ] Total time for which application threads were stopped: 0.0000854 seconds, Stopping threads took: 0.0000210 seconds
[2019-12-08T12:00:13.174+0000][1][safepoint    ] Application time: 1.0000802 seconds
[2019-12-08T12:00:13.174+0000][1][safepoint    ] Entering safepoint region: Cleanup
[2019-12-08T12:00:13.174+0000][1][safepoint    ] Leaving safepoint region
[2019-12-08T12:00:13.174+0000][1][safepoint    ] Total time for which application threads were stopped: 0.0000751 seconds, Stopping threads took: 0.0000219 seconds
[2019-12-08T12:00:14.174+0000][1][safepoint    ] Application time: 1.0000789 seconds
[2019-12-08T12:00:14.174+0000][1][safepoint    ] Entering safepoint region: Cleanup
[2019-12-08T12:00:14.174+0000][1][safepoint    ] Leaving safepoint region
[2019-12-08T12:00:14.174+0000][1][safepoint    ] Total time for which application threads were stopped: 0.0000777 seconds, Stopping threads took: 0.0000194 seconds
[2019-12-08T12:00:15.174+0000][1][safepoint    ] Application time: 1.0000786 seconds
[2019-12-08T12:00:15.174+0000][1][safepoint    ] Entering safepoint region: Cleanup
[2019-12-08T12:00:15.174+0000][1][safepoint    ] Leaving safepoint region
[2019-12-08T12:00:15.174+0000][1][safepoint    ] Total time for which application threads were stopped: 0.0000749 seconds, Stopping threads took: 0.0000198 seconds
[2019-12-08T12:00:16.174+0000][1][safepoint    ] Application time: 1.0000782 seconds
[2019-12-08T12:00:16.174+0000][1][safepoint    ] Entering safepoint region: Cleanup
[2019-12-08T12:00:16.175+0000][1][safepoint    ] Leaving safepoint region
[2019-12-08T12:00:16.175+0000][1][safepoint    ] Total time for which application threads were stopped: 0.0000747 seconds, Stopping threads took: 0.0000200 seconds
[2019-12-08T12:00:17.175+0000][1][safepoint    ] Application time: 1.0000805 seconds
[2019-12-08T12:00:17.175+0000][1][safepoint    ] Entering safepoint region: Cleanup
[2019-12-08T12:00:17.175+0000][1][safepoint    ] Leaving safepoint region
[2019-12-08T12:00:17.175+0000][1][safepoint    ] Total time for which application threads were stopped: 0.0000869 seconds, Stopping threads took: 0.0000321 seconds
[2019-12-08T12:00:18.528+0000][1][safepoint    ] Application time: 1.3536012 seconds
[2019-12-08T12:00:18.528+0000][1][safepoint    ] Entering safepoint region: Cleanup
[2019-12-08T12:00:18.528+0000][1][safepoint    ] Leaving safepoint region
[2019-12-08T12:00:18.528+0000][1][safepoint    ] Total time for which application threads were stopped: 0.0000780 seconds, Stopping threads took: 0.0000193 seconds
[2019-12-08T12:00:19.529+0000][1][safepoint    ] Application time: 1.0000883 seconds
[2019-12-08T12:00:19.529+0000][1][safepoint    ] Entering safepoint region: Cleanup
[2019-12-08T12:00:19.529+0000][1][safepoint    ] Leaving safepoint region
[2019-12-08T12:00:19.529+0000][1][safepoint    ] Total time for which application threads were stopped: 0.0000889 seconds, Stopping threads took: 0.0000198 seconds
[2019-12-08T12:00:20.529+0000][1][safepoint    ] Application time: 1.0000828 seconds
[2019-12-08T12:00:20.529+0000][1][safepoint    ] Entering safepoint region: Cleanup
[2019-12-08T12:00:20.529+0000][1][safepoint    ] Leaving safepoint region
[2019-12-08T12:00:20.529+0000][1][safepoint    ] Total time for which application threads were stopped: 0.0000742 seconds, Stopping threads took: 0.0000201 seconds
[2019-12-08T12:00:21.529+0000][1][safepoint    ] Application time: 1.0000811 seconds
[2019-12-08T12:00:21.529+0000][1][safepoint    ] Entering safepoint region: Cleanup
[2019-12-08T12:00:21.529+0000][1][safepoint    ] Leaving safepoint region
[2019-12-08T12:00:21.529+0000][1][safepoint    ] Total time for which application threads were stopped: 0.0000753 seconds, Stopping threads took: 0.0000191 seconds
[2019-12-08T12:00:22.529+0000][1][safepoint    ] Application time: 1.0000786 seconds
[2019-12-08T12:00:22.529+0000][1][safepoint    ] Entering safepoint region: Cleanup
[2019-12-08T12:00:22.529+0000][1][safepoint    ] Leaving safepoint region
[2019-12-08T12:00:22.529+0000][1][safepoint    ] Total time for which application threads were stopped: 0.0000739 seconds, Stopping threads took: 0.0000195 seconds
[2019-12-08T12:00:23.529+0000][1][safepoint    ] Application time: 1.0000965 seconds
[2019-12-08T12:00:23.529+0000][1][safepoint    ] Entering safepoint region: Cleanup
[2019-12-08T12:00:23.530+0000][1][safepoint    ] Leaving safepoint region
[2019-12-08T12:00:23.530+0000][1][safepoint    ] Total time for which application threads were stopped: 0.0000758 seconds, Stopping threads took: 0.0000213 seconds
[2019-12-08T12:00:24.530+0000][1][safepoint    ] Application time: 1.0000840 seconds
[2019-12-08T12:00:24.530+0000][1][safepoint    ] Entering safepoint region: Cleanup
[2019-12-08T12:00:24.530+0000][1][safepoint    ] Leaving safepoint region
[2019-12-08T12:00:24.530+0000][1][safepoint    ] Total time for which application threads were stopped: 0.0001055 seconds, Stopping threads took: 0.0000425 seconds
[2019-12-08T12:00:25.530+0000][1][safepoint    ] Application time: 1.0000937 seconds
[2019-12-08T12:00:25.530+0000][1][safepoint    ] Entering safepoint region: Cleanup
[2019-12-08T12:00:25.530+0000][1][safepoint    ] Leaving safepoint region
[2019-12-08T12:00:25.530+0000][1][safepoint    ] Total time for which application threads were stopped: 0.0000744 seconds, Stopping threads took: 0.0000191 seconds
[2019-12-08T12:00:26.530+0000][1][safepoint    ] Application time: 1.0000853 seconds
[2019-12-08T12:00:26.530+0000][1][safepoint    ] Entering safepoint region: Cleanup
[2019-12-08T12:00:26.530+0000][1][safepoint    ] Leaving safepoint region
[2019-12-08T12:00:26.530+0000][1][safepoint    ] Total time for which application threads were stopped: 0.0000804 seconds, Stopping threads took: 0.0000188 seconds
[2019-12-08T12:00:27.530+0000][1][safepoint    ] Application time: 1.0000816 seconds
[2019-12-08T12:00:27.530+0000][1][safepoint    ] Entering safepoint region: Cleanup
[2019-12-08T12:00:27.530+0000][1][safepoint    ] Leaving safepoint region
[2019-12-08T12:00:27.530+0000][1][safepoint    ] Total time for which application threads were stopped: 0.0000758 seconds, Stopping threads took: 0.0000209 seconds
[2019-12-08T12:00:28.531+0000][1][safepoint    ] Application time: 1.0000874 seconds
[2019-12-08T12:00:28.531+0000][1][safepoint    ] Entering safepoint region: Cleanup
[2019-12-08T12:00:28.531+0000][1][safepoint    ] Leaving safepoint region
[2019-12-08T12:00:28.531+0000][1][safepoint    ] Total time for which application threads were stopped: 0.0000723 seconds, Stopping threads took: 0.0000195 seconds
[2019-12-08T12:00:29.531+0000][1][safepoint    ] Application time: 1.0000815 seconds
[2019-12-08T12:00:29.531+0000][1][safepoint    ] Entering safepoint region: Cleanup
[2019-12-08T12:00:29.531+0000][1][safepoint    ] Leaving safepoint region
[2019-12-08T12:00:29.531+0000][1][safepoint    ] Total time for which application threads were stopped: 0.0000691 seconds, Stopping threads took: 0.0000170 seconds
[2019-12-08T12:00:30.531+0000][1][safepoint    ] Application time: 1.0000948 seconds
[2019-12-08T12:00:30.531+0000][1][safepoint    ] Entering safepoint region: Cleanup
[2019-12-08T12:00:30.531+0000][1][safepoint    ] Leaving safepoint region
[2019-12-08T12:00:30.531+0000][1][safepoint    ] Total time for which application threads were stopped: 0.0000696 seconds, Stopping threads took: 0.0000180 seconds
[2019-12-08T12:00:31.531+0000][1][safepoint    ] Application time: 1.0000770 seconds
[2019-12-08T12:00:31.531+0000][1][safepoint    ] Entering safepoint region: Cleanup
[2019-12-08T12:00:31.531+0000][1][safepoint    ] Leaving safepoint region
[2019-12-08T12:00:31.531+0000][1][safepoint    ] Total time for which application threads were stopped: 0.0000704 seconds, Stopping threads took: 0.0000188 seconds
[2019-12-08T12:00:32.531+0000][1][safepoint    ] Application time: 1.0000777 seconds
[2019-12-08T12:00:32.531+0000][1][safepoint    ] Entering safepoint region: Cleanup
[2019-12-08T12:00:32.531+0000][1][safepoint    ] Leaving safepoint region
[2019-12-08T12:00:32.531+0000][1][safepoint    ] Total time for which application threads were stopped: 0.0000690 seconds, Stopping threads took: 0.0000173 seconds
[2019-12-08T12:00:33.531+0000][1][safepoint    ] Application time: 1.0000769 seconds
[2019-12-08T12:00:33.531+0000][1][safepoint    ] Entering safepoint region: Cleanup
[2019-12-08T12:00:33.532+0000][1][safepoint    ] Leaving safepoint region
[2019-12-08T12:00:33.532+0000][1][safepoint    ] Total time for which application threads were stopped: 0.0000719 seconds, Stopping threads took: 0.0000201 seconds
[2019-12-08T12:00:34.532+0000][1][safepoint    ] Application time: 1.0000797 seconds
[2019-12-08T12:00:34.532+0000][1][safepoint    ] Entering safepoint region: Cleanup
[2019-12-08T12:00:34.532+0000][1][safepoint    ] Leaving safepoint region
[2019-12-08T12:00:34.532+0000][1][safepoint    ] Total time for which application threads were stopped: 0.0000844 seconds, Stopping threads took: 0.0000301 seconds
[2019-12-08T12:00:35.532+0000][1][safepoint    ] Application time: 1.0000813 seconds
[2019-12-08T12:00:35.532+0000][1][safepoint    ] Entering safepoint region: Cleanup
[2019-12-08T12:00:35.532+0000][1][safepoint    ] Leaving safepoint region
[2019-12-08T12:00:35.532+0000][1][safepoint    ] Total time for which application threads were stopped: 0.0000745 seconds, Stopping threads took: 0.0000199 seconds
[2019-12-08T12:00:36.532+0000][1][safepoint    ] Application time: 1.0000750 seconds
[2019-12-08T12:00:36.532+0000][1][safepoint    ] Entering safepoint region: Cleanup
[2019-12-08T12:00:36.532+0000][1][safepoint    ] Leaving safepoint region
[2019-12-08T12:00:36.532+0000][1][safepoint    ] Total time for which application threads were stopped: 0.0000717 seconds, Stopping threads took: 0.0000192 seconds
[2019-12-08T12:00:37.532+0000][1][safepoint    ] Application time: 1.0000753 seconds
[2019-12-08T12:00:37.532+0000][1][safepoint    ] Entering safepoint region: Cleanup
[2019-12-08T12:00:37.532+0000][1][safepoint    ] Leaving safepoint region
[2019-12-08T12:00:37.532+0000][1][safepoint    ] Total time for which application threads were stopped: 0.0000717 seconds, Stopping threads took: 0.0000180 seconds
[2019-12-08T12:00:38.532+0000][1][safepoint    ] Application time: 1.0000835 seconds
[2019-12-08T12:00:38.532+0000][1][safepoint    ] Entering safepoint region: Cleanup
[2019-12-08T12:00:38.533+0000][1][safepoint    ] Leaving safepoint region
[2019-12-08T12:00:38.533+0000][1][safepoint    ] Total time for which application threads were stopped: 0.0000761 seconds, Stopping threads took: 0.0000197 seconds
[2019-12-08T12:00:39.533+0000][1][safepoint    ] Application time: 1.0000783 seconds
[2019-12-08T12:00:39.533+0000][1][safepoint    ] Entering safepoint region: Cleanup
[2019-12-08T12:00:39.533+0000][1][safepoint    ] Leaving safepoint region
[2019-12-08T12:00:39.533+0000][1][safepoint    ] Total time for which application threads were stopped: 0.0000830 seconds, Stopping threads took: 0.0000301 seconds
[2019-12-08T12:00:40.533+0000][1][safepoint    ] Application time: 1.0000762 seconds
[2019-12-08T12:00:40.533+0000][1][safepoint    ] Entering safepoint region: Cleanup
[2019-12-08T12:00:40.533+0000][1][safepoint    ] Leaving safepoint region
[2019-12-08T12:00:40.533+0000][1][safepoint    ] Total time for which application threads were stopped: 0.0000704 seconds, Stopping threads took: 0.0000174 seconds
[2019-12-08T12:00:41.533+0000][1][safepoint    ] Application time: 1.0000787 seconds
[2019-12-08T12:00:41.533+0000][1][safepoint    ] Entering safepoint region: Cleanup
[2019-12-08T12:00:41.533+0000][1][safepoint    ] Leaving safepoint region
[2019-12-08T12:00:41.533+0000][1][safepoint    ] Total time for which application threads were stopped: 0.0000745 seconds, Stopping threads took: 0.0000192 seconds
[2019-12-08T12:00:42.533+0000][1][safepoint    ] Application time: 1.0000789 seconds
[2019-12-08T12:00:42.533+0000][1][safepoint    ] Entering safepoint region: Cleanup
[2019-12-08T12:00:42.533+0000][1][safepoint    ] Leaving safepoint region
[2019-12-08T12:00:42.533+0000][1][safepoint    ] Total time for which application threads were stopped: 0.0000724 seconds, Stopping threads took: 0.0000185 seconds
[2019-12-08T12:00:43.533+0000][1][safepoint    ] Application time: 1.0000817 seconds
[2019-12-08T12:00:43.533+0000][1][safepoint    ] Entering safepoint region: Cleanup
[2019-12-08T12:00:43.534+0000][1][safepoint    ] Leaving safepoint region
[2019-12-08T12:00:43.534+0000][1][safepoint    ] Total time for which application threads were stopped: 0.0000737 seconds, Stopping threads took: 0.0000182 seconds
[2019-12-08T12:00:44.534+0000][1][safepoint    ] Application time: 1.0000793 seconds
[2019-12-08T12:00:44.534+0000][1][safepoint    ] Entering safepoint region: Cleanup
[2019-12-08T12:00:44.534+0000][1][safepoint    ] Leaving safepoint region
[2019-12-08T12:00:44.534+0000][1][safepoint    ] Total time for which application threads were stopped: 0.0000886 seconds, Stopping threads took: 0.0000346 seconds
[2019-12-08T12:00:46.327+0000][1][safepoint    ] Application time: 1.7936192 seconds
[2019-12-08T12:00:46.327+0000][1][safepoint    ] Entering safepoint region: Cleanup
[2019-12-08T12:00:46.328+0000][1][safepoint    ] Leaving safepoint region
[2019-12-08T12:00:46.328+0000][1][safepoint    ] Total time for which application threads were stopped: 0.0000819 seconds, Stopping threads took: 0.0000280 seconds
[2019-12-08T12:00:47.328+0000][1][safepoint    ] Application time: 1.0000804 seconds
[2019-12-08T12:00:47.328+0000][1][safepoint    ] Entering safepoint region: Cleanup
[2019-12-08T12:00:47.328+0000][1][safepoint    ] Leaving safepoint region
[2019-12-08T12:00:47.328+0000][1][safepoint    ] Total time for which application threads were stopped: 0.0000833 seconds, Stopping threads took: 0.0000172 seconds
[2019-12-08T12:00:48.328+0000][1][safepoint    ] Application time: 1.0000796 seconds
[2019-12-08T12:00:48.328+0000][1][safepoint    ] Entering safepoint region: Cleanup
[2019-12-08T12:00:48.328+0000][1][safepoint    ] Leaving safepoint region
[2019-12-08T12:00:48.328+0000][1][safepoint    ] Total time for which application threads were stopped: 0.0000729 seconds, Stopping threads took: 0.0000172 seconds
[2019-12-08T12:00:49.328+0000][1][safepoint    ] Application time: 1.0000816 seconds
[2019-12-08T12:00:49.328+0000][1][safepoint    ] Entering safepoint region: Cleanup
[2019-12-08T12:00:49.328+0000][1][safepoint    ] Leaving safepoint region
[2019-12-08T12:00:49.328+0000][1][safepoint    ] Total time for which application threads were stopped: 0.0000718 seconds, Stopping threads took: 0.0000184 seconds
[2019-12-08T12:00:50.328+0000][1][safepoint    ] Application time: 1.0000783 seconds
[2019-12-08T12:00:50.328+0000][1][safepoint    ] Entering safepoint region: Cleanup
[2019-12-08T12:00:50.328+0000][1][safepoint    ] Leaving safepoint region
[2019-12-08T12:00:50.328+0000][1][safepoint    ] Total time for which application threads were stopped: 0.0000760 seconds, Stopping threads took: 0.0000234 seconds
[2019-12-08T12:00:51.328+0000][1][safepoint    ] Application time: 1.0000825 seconds
[2019-12-08T12:00:51.328+0000][1][safepoint    ] Entering safepoint region: Cleanup
[2019-12-08T12:00:51.328+0000][1][safepoint    ] Leaving safepoint region
[2019-12-08T12:00:51.328+0000][1][safepoint    ] Total time for which application threads were stopped: 0.0000735 seconds, Stopping threads took: 0.0000188 seconds
[2019-12-08T12:00:52.329+0000][1][safepoint    ] Application time: 1.0000817 seconds
[2019-12-08T12:00:52.329+0000][1][safepoint    ] Entering safepoint region: Cleanup
[2019-12-08T12:00:52.329+0000][1][safepoint    ] Leaving safepoint region
[2019-12-08T12:00:52.329+0000][1][safepoint    ] Total time for which application threads were stopped: 0.0000720 seconds, Stopping threads took: 0.0000182 seconds
[2019-12-08T12:00:53.329+0000][1][safepoint    ] Application time: 1.0000962 seconds
[2019-12-08T12:00:53.329+0000][1][safepoint    ] Entering safepoint region: Cleanup
[2019-12-08T12:00:53.329+0000][1][safepoint    ] Leaving safepoint region
[2019-12-08T12:00:53.329+0000][1][safepoint    ] Total time for which application threads were stopped: 0.0000957 seconds, Stopping threads took: 0.0000246 seconds
[2019-12-08T12:00:54.329+0000][1][safepoint    ] Application time: 1.0000875 seconds
[2019-12-08T12:00:54.329+0000][1][safepoint    ] Entering safepoint region: Cleanup
[2019-12-08T12:00:54.329+0000][1][safepoint    ] Leaving safepoint region
[2019-12-08T12:00:54.329+0000][1][safepoint    ] Total time for which application threads were stopped: 0.0000686 seconds, Stopping threads took: 0.0000171 seconds
[2019-12-08T12:00:55.329+0000][1][safepoint    ] Application time: 1.0000765 seconds
[2019-12-08T12:00:55.329+0000][1][safepoint    ] Entering safepoint region: Cleanup
[2019-12-08T12:00:55.329+0000][1][safepoint    ] Leaving safepoint region
[2019-12-08T12:00:55.329+0000][1][safepoint    ] Total time for which application threads were stopped: 0.0000702 seconds, Stopping threads took: 0.0000175 seconds
[2019-12-08T12:00:56.329+0000][1][safepoint    ] Application time: 1.0000786 seconds
[2019-12-08T12:00:56.329+0000][1][safepoint    ] Entering safepoint region: Cleanup
[2019-12-08T12:00:56.330+0000][1][safepoint    ] Leaving safepoint region
[2019-12-08T12:00:56.330+0000][1][safepoint    ] Total time for which application threads were stopped: 0.0000733 seconds, Stopping threads took: 0.0000180 seconds
[2019-12-08T12:00:57.330+0000][1][safepoint    ] Application time: 1.0000773 seconds
[2019-12-08T12:00:57.330+0000][1][safepoint    ] Entering safepoint region: Cleanup
[2019-12-08T12:00:57.330+0000][1][safepoint    ] Leaving safepoint region
[2019-12-08T12:00:57.330+0000][1][safepoint    ] Total time for which application threads were stopped: 0.0000827 seconds, Stopping threads took: 0.0000178 seconds
[2019-12-08T12:00:58.330+0000][1][safepoint    ] Application time: 1.0000808 seconds
[2019-12-08T12:00:58.330+0000][1][safepoint    ] Entering safepoint region: Cleanup
[2019-12-08T12:00:58.330+0000][1][safepoint    ] Leaving safepoint region
[2019-12-08T12:00:58.330+0000][1][safepoint    ] Total time for which application threads were stopped: 0.0000771 seconds, Stopping threads took: 0.0000248 seconds
[2019-12-08T12:00:59.330+0000][1][safepoint    ] Application time: 1.0000829 seconds
[2019-12-08T12:00:59.330+0000][1][safepoint    ] Entering safepoint region: Cleanup
[2019-12-08T12:00:59.330+0000][1][safepoint    ] Leaving safepoint region
[2019-12-08T12:00:59.330+0000][1][safepoint    ] Total time for which application threads were stopped: 0.0000824 seconds, Stopping threads took: 0.0000175 seconds
[2019-12-08T12:01:00.330+0000][1][safepoint    ] Application time: 1.0000824 seconds
[2019-12-08T12:01:00.330+0000][1][safepoint    ] Entering safepoint region: Cleanup
[2019-12-08T12:01:00.330+0000][1][safepoint    ] Leaving safepoint region
[2019-12-08T12:01:00.330+0000][1][safepoint    ] Total time for which application threads were stopped: 0.0000721 seconds, Stopping threads took: 0.0000176 seconds
[2019-12-08T12:01:01.330+0000][1][safepoint    ] Application time: 1.0001266 seconds
[2019-12-08T12:01:01.330+0000][1][safepoint    ] Entering safepoint region: Cleanup
[2019-12-08T12:01:01.331+0000][1][safepoint    ] Leaving safepoint region
[2019-12-08T12:01:01.331+0000][1][safepoint    ] Total time for which application threads were stopped: 0.0001024 seconds, Stopping threads took: 0.0000253 seconds
[2019-12-08T12:01:02.331+0000][1][safepoint    ] Application time: 1.0001743 seconds
[2019-12-08T12:01:02.331+0000][1][safepoint    ] Entering safepoint region: Cleanup
[2019-12-08T12:01:02.331+0000][1][safepoint    ] Leaving safepoint region
[2019-12-08T12:01:02.331+0000][1][safepoint    ] Total time for which application threads were stopped: 0.0001319 seconds, Stopping threads took: 0.0000510 seconds
[2019-12-08T12:01:03.331+0000][1][safepoint    ] Application time: 1.0000911 seconds
[2019-12-08T12:01:03.331+0000][1][safepoint    ] Entering safepoint region: Cleanup
[2019-12-08T12:01:03.331+0000][1][safepoint    ] Leaving safepoint region
[2019-12-08T12:01:03.331+0000][1][safepoint    ] Total time for which application threads were stopped: 0.0001271 seconds, Stopping threads took: 0.0000642 seconds
[2019-12-08T12:01:04.331+0000][1][safepoint    ] Application time: 1.0000932 seconds
[2019-12-08T12:01:04.331+0000][1][safepoint    ] Entering safepoint region: Cleanup
[2019-12-08T12:01:04.331+0000][1][safepoint    ] Leaving safepoint region
[2019-12-08T12:01:04.331+0000][1][safepoint    ] Total time for which application threads were stopped: 0.0000780 seconds, Stopping threads took: 0.0000204 seconds
[2019-12-08T12:01:05.331+0000][1][safepoint    ] Application time: 1.0000790 seconds
[2019-12-08T12:01:05.332+0000][1][safepoint    ] Entering safepoint region: Cleanup
[2019-12-08T12:01:05.332+0000][1][safepoint    ] Leaving safepoint region
[2019-12-08T12:01:05.332+0000][1][safepoint    ] Total time for which application threads were stopped: 0.0000775 seconds, Stopping threads took: 0.0000194 seconds
[2019-12-08T12:01:06.332+0000][1][safepoint    ] Application time: 1.0000839 seconds
[2019-12-08T12:01:06.332+0000][1][safepoint    ] Entering safepoint region: Cleanup
[2019-12-08T12:01:06.332+0000][1][safepoint    ] Leaving safepoint region
[2019-12-08T12:01:06.332+0000][1][safepoint    ] Total time for which application threads were stopped: 0.0000923 seconds, Stopping threads took: 0.0000266 seconds
[2019-12-08T12:01:07.332+0000][1][safepoint    ] Application time: 1.0000849 seconds
[2019-12-08T12:01:07.332+0000][1][safepoint    ] Entering safepoint region: Cleanup
[2019-12-08T12:01:07.332+0000][1][safepoint    ] Leaving safepoint region
[2019-12-08T12:01:07.332+0000][1][safepoint    ] Total time for which application threads were stopped: 0.0000731 seconds, Stopping threads took: 0.0000182 seconds
[2019-12-08T12:01:08.332+0000][1][safepoint    ] Application time: 1.0000804 seconds
[2019-12-08T12:01:08.332+0000][1][safepoint    ] Entering safepoint region: Cleanup
[2019-12-08T12:01:08.332+0000][1][safepoint    ] Leaving safepoint region
[2019-12-08T12:01:08.332+0000][1][safepoint    ] Total time for which application threads were stopped: 0.0000862 seconds, Stopping threads took: 0.0000256 seconds
[2019-12-08T12:01:09.332+0000][1][safepoint    ] Application time: 1.0000755 seconds
[2019-12-08T12:01:09.332+0000][1][safepoint    ] Entering safepoint region: Cleanup
[2019-12-08T12:01:09.332+0000][1][safepoint    ] Leaving safepoint region
[2019-12-08T12:01:09.332+0000][1][safepoint    ] Total time for which application threads were stopped: 0.0000723 seconds, Stopping threads took: 0.0000190 seconds
[2019-12-08T12:01:10.333+0000][1][safepoint    ] Application time: 1.0000764 seconds
[2019-12-08T12:01:10.333+0000][1][safepoint    ] Entering safepoint region: Cleanup
[2019-12-08T12:01:10.333+0000][1][safepoint    ] Leaving safepoint region
[2019-12-08T12:01:10.333+0000][1][safepoint    ] Total time for which application threads were stopped: 0.0000742 seconds, Stopping threads took: 0.0000180 seconds
[2019-12-08T12:01:11.333+0000][1][safepoint    ] Application time: 1.0000787 seconds
[2019-12-08T12:01:11.333+0000][1][safepoint    ] Entering safepoint region: Cleanup
[2019-12-08T12:01:11.333+0000][1][safepoint    ] Leaving safepoint region
[2019-12-08T12:01:11.333+0000][1][safepoint    ] Total time for which application threads were stopped: 0.0000758 seconds, Stopping threads took: 0.0000205 seconds
[2019-12-08T12:01:12.333+0000][1][safepoint    ] Application time: 1.0000843 seconds
[2019-12-08T12:01:12.333+0000][1][safepoint    ] Entering safepoint region: Cleanup
[2019-12-08T12:01:12.333+0000][1][safepoint    ] Leaving safepoint region
[2019-12-08T12:01:12.333+0000][1][safepoint    ] Total time for which application threads were stopped: 0.0000699 seconds, Stopping threads took: 0.0000169 seconds
[2019-12-08T12:01:13.333+0000][1][safepoint    ] Application time: 1.0000796 seconds
[2019-12-08T12:01:13.333+0000][1][safepoint    ] Entering safepoint region: Cleanup
[2019-12-08T12:01:13.333+0000][1][safepoint    ] Leaving safepoint region
[2019-12-08T12:01:13.333+0000][1][safepoint    ] Total time for which application threads were stopped: 0.0000759 seconds, Stopping threads took: 0.0000216 seconds
[2019-12-08T12:01:14.333+0000][1][safepoint    ] Application time: 1.0000780 seconds
[2019-12-08T12:01:14.333+0000][1][safepoint    ] Entering safepoint region: Cleanup
[2019-12-08T12:01:14.333+0000][1][safepoint    ] Leaving safepoint region
[2019-12-08T12:01:14.333+0000][1][safepoint    ] Total time for which application threads were stopped: 0.0000727 seconds, Stopping threads took: 0.0000195 seconds
[2019-12-08T12:01:15.334+0000][1][safepoint    ] Application time: 1.0000787 seconds
[2019-12-08T12:01:15.334+0000][1][safepoint    ] Entering safepoint region: Cleanup
[2019-12-08T12:01:15.334+0000][1][safepoint    ] Leaving safepoint region
[2019-12-08T12:01:15.334+0000][1][safepoint    ] Total time for which application threads were stopped: 0.0000737 seconds, Stopping threads took: 0.0000191 seconds
[2019-12-08T12:01:16.334+0000][1][safepoint    ] Application time: 1.0000750 seconds
[2019-12-08T12:01:16.334+0000][1][safepoint    ] Entering safepoint region: Cleanup
[2019-12-08T12:01:16.334+0000][1][safepoint    ] Leaving safepoint region
[2019-12-08T12:01:16.334+0000][1][safepoint    ] Total time for which application threads were stopped: 0.0000713 seconds, Stopping threads took: 0.0000181 seconds
[2019-12-08T12:01:17.334+0000][1][safepoint    ] Application time: 1.0000770 seconds
[2019-12-08T12:01:17.334+0000][1][safepoint    ] Entering safepoint region: Cleanup
[2019-12-08T12:01:17.334+0000][1][safepoint    ] Leaving safepoint region
[2019-12-08T12:01:17.334+0000][1][safepoint    ] Total time for which application threads were stopped: 0.0000708 seconds, Stopping threads took: 0.0000180 seconds
[2019-12-08T12:01:18.334+0000][1][safepoint    ] Application time: 1.0000748 seconds
[2019-12-08T12:01:18.334+0000][1][safepoint    ] Entering safepoint region: Cleanup
[2019-12-08T12:01:18.334+0000][1][safepoint    ] Leaving safepoint region
[2019-12-08T12:01:18.334+0000][1][safepoint    ] Total time for which application threads were stopped: 0.0000710 seconds, Stopping threads took: 0.0000183 seconds
[2019-12-08T12:01:19.334+0000][1][safepoint    ] Application time: 1.0000770 seconds
[2019-12-08T12:01:19.334+0000][1][safepoint    ] Entering safepoint region: Cleanup
[2019-12-08T12:01:19.334+0000][1][safepoint    ] Leaving safepoint region
[2019-12-08T12:01:19.334+0000][1][safepoint    ] Total time for which application threads were stopped: 0.0000724 seconds, Stopping threads took: 0.0000192 seconds
[2019-12-08T12:01:20.334+0000][1][safepoint    ] Application time: 1.0000759 seconds
[2019-12-08T12:01:20.334+0000][1][safepoint    ] Entering safepoint region: Cleanup
[2019-12-08T12:01:20.335+0000][1][safepoint    ] Leaving safepoint region
[2019-12-08T12:01:20.335+0000][1][safepoint    ] Total time for which application threads were stopped: 0.0000724 seconds, Stopping threads took: 0.0000195 seconds
[2019-12-08T12:01:21.335+0000][1][safepoint    ] Application time: 1.0000749 seconds
[2019-12-08T12:01:21.335+0000][1][safepoint    ] Entering safepoint region: Cleanup
[2019-12-08T12:01:21.335+0000][1][safepoint    ] Leaving safepoint region
[2019-12-08T12:01:21.335+0000][1][safepoint    ] Total time for which application threads were stopped: 0.0000867 seconds, Stopping threads took: 0.0000340 seconds
[2019-12-08T12:01:22.335+0000][1][safepoint    ] Application time: 1.0000755 seconds
[2019-12-08T12:01:22.335+0000][1][safepoint    ] Entering safepoint region: Cleanup
[2019-12-08T12:01:22.335+0000][1][safepoint    ] Leaving safepoint region
[2019-12-08T12:01:22.335+0000][1][safepoint    ] Total time for which application threads were stopped: 0.0000724 seconds, Stopping threads took: 0.0000180 seconds
[2019-12-08T12:01:23.335+0000][1][safepoint    ] Application time: 1.0000749 seconds
[2019-12-08T12:01:23.335+0000][1][safepoint    ] Entering safepoint region: Cleanup
[2019-12-08T12:01:23.335+0000][1][safepoint    ] Leaving safepoint region
[2019-12-08T12:01:23.335+0000][1][safepoint    ] Total time for which application threads were stopped: 0.0000753 seconds, Stopping threads took: 0.0000194 seconds
[2019-12-08T12:01:24.335+0000][1][safepoint    ] Application time: 1.0000776 seconds
[2019-12-08T12:01:24.335+0000][1][safepoint    ] Entering safepoint region: Cleanup
[2019-12-08T12:01:24.335+0000][1][safepoint    ] Leaving safepoint region
[2019-12-08T12:01:24.335+0000][1][safepoint    ] Total time for which application threads were stopped: 0.0000741 seconds, Stopping threads took: 0.0000203 seconds
[2019-12-08T12:01:25.335+0000][1][safepoint    ] Application time: 1.0000758 seconds
[2019-12-08T12:01:25.335+0000][1][safepoint    ] Entering safepoint region: Cleanup
[2019-12-08T12:01:25.336+0000][1][safepoint    ] Leaving safepoint region
[2019-12-08T12:01:25.336+0000][1][safepoint    ] Total time for which application threads were stopped: 0.0000702 seconds, Stopping threads took: 0.0000189 seconds
[2019-12-08T12:01:26.336+0000][1][safepoint    ] Application time: 1.0001050 seconds
[2019-12-08T12:01:26.336+0000][1][safepoint    ] Entering safepoint region: Cleanup
[2019-12-08T12:01:26.336+0000][1][safepoint    ] Leaving safepoint region
[2019-12-08T12:01:26.336+0000][1][safepoint    ] Total time for which application threads were stopped: 0.0000910 seconds, Stopping threads took: 0.0000274 seconds
[2019-12-08T12:01:27.336+0000][1][safepoint    ] Application time: 1.0000800 seconds
[2019-12-08T12:01:27.336+0000][1][safepoint    ] Entering safepoint region: Cleanup
[2019-12-08T12:01:27.336+0000][1][safepoint    ] Leaving safepoint region
[2019-12-08T12:01:27.336+0000][1][safepoint    ] Total time for which application threads were stopped: 0.0000722 seconds, Stopping threads took: 0.0000182 seconds
[2019-12-08T12:01:28.336+0000][1][safepoint    ] Application time: 1.0000916 seconds
[2019-12-08T12:01:28.336+0000][1][safepoint    ] Entering safepoint region: Cleanup
[2019-12-08T12:01:28.336+0000][1][safepoint    ] Leaving safepoint region
[2019-12-08T12:01:28.336+0000][1][safepoint    ] Total time for which application threads were stopped: 0.0000724 seconds, Stopping threads took: 0.0000185 seconds
[2019-12-08T12:01:29.336+0000][1][safepoint    ] Application time: 1.0000776 seconds
[2019-12-08T12:01:29.336+0000][1][safepoint    ] Entering safepoint region: Cleanup
[2019-12-08T12:01:29.336+0000][1][safepoint    ] Leaving safepoint region
[2019-12-08T12:01:29.336+0000][1][safepoint    ] Total time for which application threads were stopped: 0.0000679 seconds, Stopping threads took: 0.0000173 seconds
[2019-12-08T12:01:30.336+0000][1][safepoint    ] Application time: 1.0000740 seconds
[2019-12-08T12:01:30.337+0000][1][safepoint    ] Entering safepoint region: Cleanup
[2019-12-08T12:01:30.337+0000][1][safepoint    ] Leaving safepoint region
[2019-12-08T12:01:30.337+0000][1][safepoint    ] Total time for which application threads were stopped: 0.0000705 seconds, Stopping threads took: 0.0000171 seconds
[2019-12-08T12:01:31.337+0000][1][safepoint    ] Application time: 1.0000753 seconds
[2019-12-08T12:01:31.337+0000][1][safepoint    ] Entering safepoint region: Cleanup
[2019-12-08T12:01:31.337+0000][1][safepoint    ] Leaving safepoint region
[2019-12-08T12:01:31.337+0000][1][safepoint    ] Total time for which application threads were stopped: 0.0000737 seconds, Stopping threads took: 0.0000202 seconds
[2019-12-08T12:01:32.337+0000][1][safepoint    ] Application time: 1.0000771 seconds
[2019-12-08T12:01:32.337+0000][1][safepoint    ] Entering safepoint region: Cleanup
[2019-12-08T12:01:32.337+0000][1][safepoint    ] Leaving safepoint region
[2019-12-08T12:01:32.337+0000][1][safepoint    ] Total time for which application threads were stopped: 0.0000730 seconds, Stopping threads took: 0.0000185 seconds
[2019-12-08T12:01:33.337+0000][1][safepoint    ] Application time: 1.0000785 seconds
[2019-12-08T12:01:33.337+0000][1][safepoint    ] Entering safepoint region: Cleanup
[2019-12-08T12:01:33.337+0000][1][safepoint    ] Leaving safepoint region
[2019-12-08T12:01:33.337+0000][1][safepoint    ] Total time for which application threads were stopped: 0.0000939 seconds, Stopping threads took: 0.0000229 seconds
[2019-12-08T12:01:34.337+0000][1][safepoint    ] Application time: 1.0000874 seconds
[2019-12-08T12:01:34.337+0000][1][safepoint    ] Entering safepoint region: Cleanup
[2019-12-08T12:01:34.337+0000][1][safepoint    ] Leaving safepoint region
[2019-12-08T12:01:34.337+0000][1][safepoint    ] Total time for which application threads were stopped: 0.0000706 seconds, Stopping threads took: 0.0000181 seconds
[2019-12-08T12:01:35.426+0000][1][safepoint    ] Application time: 1.0884537 seconds
[2019-12-08T12:01:35.426+0000][1][safepoint    ] Entering safepoint region: Cleanup
[2019-12-08T12:01:35.426+0000][1][safepoint    ] Leaving safepoint region
[2019-12-08T12:01:35.426+0000][1][safepoint    ] Total time for which application threads were stopped: 0.0000666 seconds, Stopping threads took: 0.0000167 seconds
[2019-12-08T12:01:36.426+0000][1][safepoint    ] Application time: 1.0000762 seconds
[2019-12-08T12:01:36.426+0000][1][safepoint    ] Entering safepoint region: Cleanup
[2019-12-08T12:01:36.426+0000][1][safepoint    ] Leaving safepoint region
[2019-12-08T12:01:36.426+0000][1][safepoint    ] Total time for which application threads were stopped: 0.0000685 seconds, Stopping threads took: 0.0000185 seconds
[2019-12-08T12:01:37.200+0000][1][safepoint    ] Application time: 0.7739729 seconds
[2019-12-08T12:01:37.200+0000][1][safepoint    ] Entering safepoint region: GenCollectForAllocation
[2019-12-08T12:01:37.200+0000][1][gc,start     ] GC(36) Pause Young (Allocation Failure)
[2019-12-08T12:01:37.200+0000][1][gc,task      ] GC(36) Using 4 workers of 4 for evacuation
[2019-12-08T12:01:37.201+0000][1][gc,age       ] GC(36) Desired survivor size 4456448 bytes, new threshold 6 (max threshold 6)
[2019-12-08T12:01:37.201+0000][1][gc,age       ] GC(36) Age table with threshold 6 (max threshold 6)
[2019-12-08T12:01:37.201+0000][1][gc,age       ] GC(36) - age   1:       5080 bytes,       5080 total
[2019-12-08T12:01:37.201+0000][1][gc,age       ] GC(36) - age   2:       1640 bytes,       6720 total
[2019-12-08T12:01:37.201+0000][1][gc,age       ] GC(36) - age   3:        768 bytes,       7488 total
[2019-12-08T12:01:37.201+0000][1][gc,age       ] GC(36) - age   4:       1480 bytes,       8968 total
[2019-12-08T12:01:37.201+0000][1][gc,age       ] GC(36) - age   5:       1160 bytes,      10128 total
[2019-12-08T12:01:37.201+0000][1][gc,age       ] GC(36) - age   6:       3584 bytes,      13712 total
[2019-12-08T12:01:37.201+0000][1][gc,heap      ] GC(36) ParNew: 69979K->24K(78656K)
[2019-12-08T12:01:37.201+0000][1][gc,heap      ] GC(36) CMS: 70056K->70064K(174784K)
[2019-12-08T12:01:37.201+0000][1][gc,metaspace ] GC(36) Metaspace: 69049K->69049K(1112064K)
[2019-12-08T12:01:37.201+0000][1][gc           ] GC(36) Pause Young (Allocation Failure) 136M->68M(247M) 1.135ms
[2019-12-08T12:01:37.201+0000][1][gc,cpu       ] GC(36) User=0.00s Sys=0.00s Real=0.01s
[2019-12-08T12:01:37.201+0000][1][safepoint    ] Leaving safepoint region
[2019-12-08T12:01:37.201+0000][1][safepoint    ] Total time for which application threads were stopped: 0.0012753 seconds, Stopping threads took: 0.0000167 seconds
[2019-12-08T12:01:38.201+0000][1][safepoint    ] Application time: 1.0000872 seconds
[2019-12-08T12:01:38.202+0000][1][safepoint    ] Entering safepoint region: Cleanup
[2019-12-08T12:01:38.202+0000][1][safepoint    ] Leaving safepoint region
[2019-12-08T12:01:38.202+0000][1][safepoint    ] Total time for which application threads were stopped: 0.0000781 seconds, Stopping threads took: 0.0000224 seconds
[2019-12-08T12:01:39.202+0000][1][safepoint    ] Application time: 1.0000763 seconds
[2019-12-08T12:01:39.202+0000][1][safepoint    ] Entering safepoint region: Cleanup
[2019-12-08T12:01:39.202+0000][1][safepoint    ] Leaving safepoint region
[2019-12-08T12:01:39.202+0000][1][safepoint    ] Total time for which application threads were stopped: 0.0000775 seconds, Stopping threads took: 0.0000213 seconds
[2019-12-08T12:01:40.202+0000][1][safepoint    ] Application time: 1.0000791 seconds
[2019-12-08T12:01:40.202+0000][1][safepoint    ] Entering safepoint region: Cleanup
[2019-12-08T12:01:40.202+0000][1][safepoint    ] Leaving safepoint region
[2019-12-08T12:01:40.202+0000][1][safepoint    ] Total time for which application threads were stopped: 0.0000756 seconds, Stopping threads took: 0.0000189 seconds
[2019-12-08T12:01:41.202+0000][1][safepoint    ] Application time: 1.0000859 seconds
[2019-12-08T12:01:41.202+0000][1][safepoint    ] Entering safepoint region: Cleanup
[2019-12-08T12:01:41.202+0000][1][safepoint    ] Leaving safepoint region
[2019-12-08T12:01:41.202+0000][1][safepoint    ] Total time for which application threads were stopped: 0.0000747 seconds, Stopping threads took: 0.0000190 seconds
[2019-12-08T12:01:42.202+0000][1][safepoint    ] Application time: 1.0000798 seconds
[2019-12-08T12:01:42.202+0000][1][safepoint    ] Entering safepoint region: Cleanup
[2019-12-08T12:01:42.202+0000][1][safepoint    ] Leaving safepoint region
[2019-12-08T12:01:42.202+0000][1][safepoint    ] Total time for which application threads were stopped: 0.0000797 seconds, Stopping threads took: 0.0000186 seconds
[2019-12-08T12:01:43.202+0000][1][safepoint    ] Application time: 1.0000773 seconds
[2019-12-08T12:01:43.203+0000][1][safepoint    ] Entering safepoint region: Cleanup
[2019-12-08T12:01:43.203+0000][1][safepoint    ] Leaving safepoint region
[2019-12-08T12:01:43.203+0000][1][safepoint    ] Total time for which application threads were stopped: 0.0000695 seconds, Stopping threads took: 0.0000175 seconds
[2019-12-08T12:01:44.203+0000][1][safepoint    ] Application time: 1.0000763 seconds
[2019-12-08T12:01:44.203+0000][1][safepoint    ] Entering safepoint region: Cleanup
[2019-12-08T12:01:44.203+0000][1][safepoint    ] Leaving safepoint region
[2019-12-08T12:01:44.203+0000][1][safepoint    ] Total time for which application threads were stopped: 0.0000778 seconds, Stopping threads took: 0.0000224 seconds
[2019-12-08T12:01:45.203+0000][1][safepoint    ] Application time: 1.0000778 seconds
[2019-12-08T12:01:45.203+0000][1][safepoint    ] Entering safepoint region: Cleanup
[2019-12-08T12:01:45.203+0000][1][safepoint    ] Leaving safepoint region
[2019-12-08T12:01:45.203+0000][1][safepoint    ] Total time for which application threads were stopped: 0.0000666 seconds, Stopping threads took: 0.0000171 seconds
[2019-12-08T12:01:46.203+0000][1][safepoint    ] Application time: 1.0000793 seconds
[2019-12-08T12:01:46.203+0000][1][safepoint    ] Entering safepoint region: Cleanup
[2019-12-08T12:01:46.203+0000][1][safepoint    ] Leaving safepoint region
[2019-12-08T12:01:46.203+0000][1][safepoint    ] Total time for which application threads were stopped: 0.0000702 seconds, Stopping threads took: 0.0000172 seconds
[2019-12-08T12:01:47.203+0000][1][safepoint    ] Application time: 1.0000772 seconds
[2019-12-08T12:01:47.203+0000][1][safepoint    ] Entering safepoint region: Cleanup
[2019-12-08T12:01:47.203+0000][1][safepoint    ] Leaving safepoint region
[2019-12-08T12:01:47.203+0000][1][safepoint    ] Total time for which application threads were stopped: 0.0000710 seconds, Stopping threads took: 0.0000180 seconds
[2019-12-08T12:01:48.203+0000][1][safepoint    ] Application time: 1.0000763 seconds
[2019-12-08T12:01:48.203+0000][1][safepoint    ] Entering safepoint region: Cleanup
[2019-12-08T12:01:48.203+0000][1][safepoint    ] Leaving safepoint region
[2019-12-08T12:01:48.203+0000][1][safepoint    ] Total time for which application threads were stopped: 0.0000686 seconds, Stopping threads took: 0.0000182 seconds
[2019-12-08T12:01:49.204+0000][1][safepoint    ] Application time: 1.0000928 seconds
[2019-12-08T12:01:49.204+0000][1][safepoint    ] Entering safepoint region: Cleanup
[2019-12-08T12:01:49.204+0000][1][safepoint    ] Leaving safepoint region
[2019-12-08T12:01:49.204+0000][1][safepoint    ] Total time for which application threads were stopped: 0.0001301 seconds, Stopping threads took: 0.0000284 seconds
[2019-12-08T12:01:50.204+0000][1][safepoint    ] Application time: 1.0000768 seconds
[2019-12-08T12:01:50.204+0000][1][safepoint    ] Entering safepoint region: Cleanup
[2019-12-08T12:01:50.204+0000][1][safepoint    ] Leaving safepoint region
[2019-12-08T12:01:50.204+0000][1][safepoint    ] Total time for which application threads were stopped: 0.0000711 seconds, Stopping threads took: 0.0000181 seconds
[2019-12-08T12:01:51.204+0000][1][safepoint    ] Application time: 1.0000763 seconds
[2019-12-08T12:01:51.204+0000][1][safepoint    ] Entering safepoint region: Cleanup
[2019-12-08T12:01:51.204+0000][1][safepoint    ] Leaving safepoint region
[2019-12-08T12:01:51.204+0000][1][safepoint    ] Total time for which application threads were stopped: 0.0000695 seconds, Stopping threads took: 0.0000181 seconds
[2019-12-08T12:01:52.204+0000][1][safepoint    ] Application time: 1.0000743 seconds
[2019-12-08T12:01:52.204+0000][1][safepoint    ] Entering safepoint region: Cleanup
[2019-12-08T12:01:52.204+0000][1][safepoint    ] Leaving safepoint region
[2019-12-08T12:01:52.204+0000][1][safepoint    ] Total time for which application threads were stopped: 0.0000781 seconds, Stopping threads took: 0.0000182 seconds
[2019-12-08T12:01:53.204+0000][1][safepoint    ] Application time: 1.0000775 seconds
[2019-12-08T12:01:53.204+0000][1][safepoint    ] Entering safepoint region: Cleanup
[2019-12-08T12:01:53.204+0000][1][safepoint    ] Leaving safepoint region
[2019-12-08T12:01:53.204+0000][1][safepoint    ] Total time for which application threads were stopped: 0.0000719 seconds, Stopping threads took: 0.0000191 seconds
[2019-12-08T12:01:54.205+0000][1][safepoint    ] Application time: 1.0000788 seconds
[2019-12-08T12:01:54.205+0000][1][safepoint    ] Entering safepoint region: Cleanup
[2019-12-08T12:01:54.205+0000][1][safepoint    ] Leaving safepoint region
[2019-12-08T12:01:54.205+0000][1][safepoint    ] Total time for which application threads were stopped: 0.0000703 seconds, Stopping threads took: 0.0000186 seconds
[2019-12-08T12:01:55.205+0000][1][safepoint    ] Application time: 1.0000781 seconds
[2019-12-08T12:01:55.205+0000][1][safepoint    ] Entering safepoint region: Cleanup
[2019-12-08T12:01:55.205+0000][1][safepoint    ] Leaving safepoint region
[2019-12-08T12:01:55.205+0000][1][safepoint    ] Total time for which application threads were stopped: 0.0000677 seconds, Stopping threads took: 0.0000172 seconds
[2019-12-08T12:01:56.205+0000][1][safepoint    ] Application time: 1.0000768 seconds
[2019-12-08T12:01:56.205+0000][1][safepoint    ] Entering safepoint region: Cleanup
[2019-12-08T12:01:56.205+0000][1][safepoint    ] Leaving safepoint region
[2019-12-08T12:01:56.205+0000][1][safepoint    ] Total time for which application threads were stopped: 0.0000682 seconds, Stopping threads took: 0.0000185 seconds
[2019-12-08T12:01:57.205+0000][1][safepoint    ] Application time: 1.0000776 seconds
[2019-12-08T12:01:57.205+0000][1][safepoint    ] Entering safepoint region: Cleanup
[2019-12-08T12:01:57.205+0000][1][safepoint    ] Leaving safepoint region
[2019-12-08T12:01:57.205+0000][1][safepoint    ] Total time for which application threads were stopped: 0.0000690 seconds, Stopping threads took: 0.0000177 seconds
[2019-12-08T12:01:58.205+0000][1][safepoint    ] Application time: 1.0000755 seconds
[2019-12-08T12:01:58.205+0000][1][safepoint    ] Entering safepoint region: Cleanup
[2019-12-08T12:01:58.205+0000][1][safepoint    ] Leaving safepoint region
[2019-12-08T12:01:58.205+0000][1][safepoint    ] Total time for which application threads were stopped: 0.0000683 seconds, Stopping threads took: 0.0000167 seconds
[2019-12-08T12:01:59.205+0000][1][safepoint    ] Application time: 1.0000776 seconds
[2019-12-08T12:01:59.205+0000][1][safepoint    ] Entering safepoint region: Cleanup
[2019-12-08T12:01:59.205+0000][1][safepoint    ] Leaving safepoint region
[2019-12-08T12:01:59.205+0000][1][safepoint    ] Total time for which application threads were stopped: 0.0000757 seconds, Stopping threads took: 0.0000242 seconds
[2019-12-08T12:02:00.206+0000][1][safepoint    ] Application time: 1.0000796 seconds
[2019-12-08T12:02:00.206+0000][1][safepoint    ] Entering safepoint region: Cleanup
[2019-12-08T12:02:00.206+0000][1][safepoint    ] Leaving safepoint region
[2019-12-08T12:02:00.206+0000][1][safepoint    ] Total time for which application threads were stopped: 0.0000699 seconds, Stopping threads took: 0.0000182 seconds
[2019-12-08T12:02:01.206+0000][1][safepoint    ] Application time: 1.0000803 seconds
[2019-12-08T12:02:01.206+0000][1][safepoint    ] Entering safepoint region: Cleanup
[2019-12-08T12:02:01.206+0000][1][safepoint    ] Leaving safepoint region
[2019-12-08T12:02:01.206+0000][1][safepoint    ] Total time for which application threads were stopped: 0.0000798 seconds, Stopping threads took: 0.0000185 seconds
[2019-12-08T12:02:02.206+0000][1][safepoint    ] Application time: 1.0000931 seconds
[2019-12-08T12:02:02.206+0000][1][safepoint    ] Entering safepoint region: Cleanup
[2019-12-08T12:02:02.206+0000][1][safepoint    ] Leaving safepoint region
[2019-12-08T12:02:02.206+0000][1][safepoint    ] Total time for which application threads were stopped: 0.0001031 seconds, Stopping threads took: 0.0000261 seconds
[2019-12-08T12:02:03.206+0000][1][safepoint    ] Application time: 1.0000886 seconds
[2019-12-08T12:02:03.206+0000][1][safepoint    ] Entering safepoint region: Cleanup
[2019-12-08T12:02:03.206+0000][1][safepoint    ] Leaving safepoint region
[2019-12-08T12:02:03.206+0000][1][safepoint    ] Total time for which application threads were stopped: 0.0000846 seconds, Stopping threads took: 0.0000182 seconds
[2019-12-08T12:02:04.206+0000][1][safepoint    ] Application time: 1.0000906 seconds
[2019-12-08T12:02:04.206+0000][1][safepoint    ] Entering safepoint region: Cleanup
[2019-12-08T12:02:04.207+0000][1][safepoint    ] Leaving safepoint region
[2019-12-08T12:02:04.207+0000][1][safepoint    ] Total time for which application threads were stopped: 0.0000710 seconds, Stopping threads took: 0.0000182 seconds
[2019-12-08T12:02:05.207+0000][1][safepoint    ] Application time: 1.0000905 seconds
[2019-12-08T12:02:05.207+0000][1][safepoint    ] Entering safepoint region: Cleanup
[2019-12-08T12:02:05.207+0000][1][safepoint    ] Leaving safepoint region
[2019-12-08T12:02:05.207+0000][1][safepoint    ] Total time for which application threads were stopped: 0.0000845 seconds, Stopping threads took: 0.0000180 seconds
[2019-12-08T12:02:06.439+0000][1][safepoint    ] Application time: 1.2326459 seconds
[2019-12-08T12:02:06.439+0000][1][safepoint    ] Entering safepoint region: Cleanup
[2019-12-08T12:02:06.439+0000][1][safepoint    ] Leaving safepoint region
[2019-12-08T12:02:06.440+0000][1][safepoint    ] Total time for which application threads were stopped: 0.0001004 seconds, Stopping threads took: 0.0000276 seconds
[2019-12-08T12:02:07.440+0000][1][safepoint    ] Application time: 1.0000816 seconds
[2019-12-08T12:02:07.440+0000][1][safepoint    ] Entering safepoint region: Cleanup
[2019-12-08T12:02:07.440+0000][1][safepoint    ] Leaving safepoint region
[2019-12-08T12:02:07.440+0000][1][safepoint    ] Total time for which application threads were stopped: 0.0000955 seconds, Stopping threads took: 0.0000196 seconds
[2019-12-08T12:02:08.440+0000][1][safepoint    ] Application time: 1.0000905 seconds
[2019-12-08T12:02:08.440+0000][1][safepoint    ] Entering safepoint region: Cleanup
[2019-12-08T12:02:08.440+0000][1][safepoint    ] Leaving safepoint region
[2019-12-08T12:02:08.440+0000][1][safepoint    ] Total time for which application threads were stopped: 0.0001039 seconds, Stopping threads took: 0.0000244 seconds
[2019-12-08T12:02:09.440+0000][1][safepoint    ] Application time: 1.0001014 seconds
[2019-12-08T12:02:09.440+0000][1][safepoint    ] Entering safepoint region: Cleanup
[2019-12-08T12:02:09.440+0000][1][safepoint    ] Leaving safepoint region
[2019-12-08T12:02:09.440+0000][1][safepoint    ] Total time for which application threads were stopped: 0.0001109 seconds, Stopping threads took: 0.0000266 seconds
[2019-12-08T12:02:10.440+0000][1][safepoint    ] Application time: 1.0001030 seconds
[2019-12-08T12:02:10.440+0000][1][safepoint    ] Entering safepoint region: Cleanup
[2019-12-08T12:02:10.440+0000][1][safepoint    ] Leaving safepoint region
[2019-12-08T12:02:10.440+0000][1][safepoint    ] Total time for which application threads were stopped: 0.0000801 seconds, Stopping threads took: 0.0000214 seconds
[2019-12-08T12:02:11.441+0000][1][safepoint    ] Application time: 1.0001302 seconds
[2019-12-08T12:02:11.441+0000][1][safepoint    ] Entering safepoint region: Cleanup
[2019-12-08T12:02:11.441+0000][1][safepoint    ] Leaving safepoint region
[2019-12-08T12:02:11.441+0000][1][safepoint    ] Total time for which application threads were stopped: 0.0001337 seconds, Stopping threads took: 0.0000270 seconds
[2019-12-08T12:02:12.441+0000][1][safepoint    ] Application time: 1.0000675 seconds
[2019-12-08T12:02:12.441+0000][1][safepoint    ] Entering safepoint region: Cleanup
[2019-12-08T12:02:12.441+0000][1][safepoint    ] Leaving safepoint region
[2019-12-08T12:02:12.441+0000][1][safepoint    ] Total time for which application threads were stopped: 0.0000791 seconds, Stopping threads took: 0.0000195 seconds
[2019-12-08T12:02:13.441+0000][1][safepoint    ] Application time: 1.0001016 seconds
[2019-12-08T12:02:13.441+0000][1][safepoint    ] Entering safepoint region: Cleanup
[2019-12-08T12:02:13.441+0000][1][safepoint    ] Leaving safepoint region
[2019-12-08T12:02:13.441+0000][1][safepoint    ] Total time for which application threads were stopped: 0.0000772 seconds, Stopping threads took: 0.0000215 seconds
[2019-12-08T12:02:14.441+0000][1][safepoint    ] Application time: 1.0000864 seconds
[2019-12-08T12:02:14.441+0000][1][safepoint    ] Entering safepoint region: Cleanup
[2019-12-08T12:02:14.441+0000][1][safepoint    ] Leaving safepoint region
[2019-12-08T12:02:14.441+0000][1][safepoint    ] Total time for which application threads were stopped: 0.0000786 seconds, Stopping threads took: 0.0000223 seconds
[2019-12-08T12:02:15.442+0000][1][safepoint    ] Application time: 1.0000887 seconds
[2019-12-08T12:02:15.442+0000][1][safepoint    ] Entering safepoint region: Cleanup
[2019-12-08T12:02:15.442+0000][1][safepoint    ] Leaving safepoint region
[2019-12-08T12:02:15.442+0000][1][safepoint    ] Total time for which application threads were stopped: 0.0000766 seconds, Stopping threads took: 0.0000202 seconds
[2019-12-08T12:02:16.442+0000][1][safepoint    ] Application time: 1.0000956 seconds
[2019-12-08T12:02:16.442+0000][1][safepoint    ] Entering safepoint region: Cleanup
[2019-12-08T12:02:16.442+0000][1][safepoint    ] Leaving safepoint region
[2019-12-08T12:02:16.442+0000][1][safepoint    ] Total time for which application threads were stopped: 0.0000794 seconds, Stopping threads took: 0.0000190 seconds
[2019-12-08T12:02:17.442+0000][1][safepoint    ] Application time: 1.0000889 seconds
[2019-12-08T12:02:17.442+0000][1][safepoint    ] Entering safepoint region: Cleanup
[2019-12-08T12:02:17.442+0000][1][safepoint    ] Leaving safepoint region
[2019-12-08T12:02:17.442+0000][1][safepoint    ] Total time for which application threads were stopped: 0.0000866 seconds, Stopping threads took: 0.0000186 seconds
[2019-12-08T12:02:18.442+0000][1][safepoint    ] Application time: 1.0000835 seconds
[2019-12-08T12:02:18.442+0000][1][safepoint    ] Entering safepoint region: Cleanup
[2019-12-08T12:02:18.442+0000][1][safepoint    ] Leaving safepoint region
[2019-12-08T12:02:18.442+0000][1][safepoint    ] Total time for which application threads were stopped: 0.0000749 seconds, Stopping threads took: 0.0000202 seconds
[2019-12-08T12:02:19.442+0000][1][safepoint    ] Application time: 1.0000785 seconds
[2019-12-08T12:02:19.442+0000][1][safepoint    ] Entering safepoint region: Cleanup
[2019-12-08T12:02:19.443+0000][1][safepoint    ] Leaving safepoint region
[2019-12-08T12:02:19.443+0000][1][safepoint    ] Total time for which application threads were stopped: 0.0000712 seconds, Stopping threads took: 0.0000179 seconds
[2019-12-08T12:02:20.443+0000][1][safepoint    ] Application time: 1.0000766 seconds
[2019-12-08T12:02:20.443+0000][1][safepoint    ] Entering safepoint region: Cleanup
[2019-12-08T12:02:20.443+0000][1][safepoint    ] Leaving safepoint region
[2019-12-08T12:02:20.443+0000][1][safepoint    ] Total time for which application threads were stopped: 0.0000812 seconds, Stopping threads took: 0.0000172 seconds
[2019-12-08T12:02:21.443+0000][1][safepoint    ] Application time: 1.0000766 seconds
[2019-12-08T12:02:21.443+0000][1][safepoint    ] Entering safepoint region: Cleanup
[2019-12-08T12:02:21.443+0000][1][safepoint    ] Leaving safepoint region
[2019-12-08T12:02:21.443+0000][1][safepoint    ] Total time for which application threads were stopped: 0.0000736 seconds, Stopping threads took: 0.0000205 seconds
[2019-12-08T12:02:22.443+0000][1][safepoint    ] Application time: 1.0000761 seconds
[2019-12-08T12:02:22.443+0000][1][safepoint    ] Entering safepoint region: Cleanup
[2019-12-08T12:02:22.443+0000][1][safepoint    ] Leaving safepoint region
[2019-12-08T12:02:22.443+0000][1][safepoint    ] Total time for which application threads were stopped: 0.0000787 seconds, Stopping threads took: 0.0000219 seconds
[2019-12-08T12:02:23.443+0000][1][safepoint    ] Application time: 1.0000788 seconds
[2019-12-08T12:02:23.443+0000][1][safepoint    ] Entering safepoint region: Cleanup
[2019-12-08T12:02:23.443+0000][1][safepoint    ] Leaving safepoint region
[2019-12-08T12:02:23.443+0000][1][safepoint    ] Total time for which application threads were stopped: 0.0000747 seconds, Stopping threads took: 0.0000195 seconds
[2019-12-08T12:02:24.443+0000][1][safepoint    ] Application time: 1.0000755 seconds
[2019-12-08T12:02:24.443+0000][1][safepoint    ] Entering safepoint region: Cleanup
[2019-12-08T12:02:24.443+0000][1][safepoint    ] Leaving safepoint region
[2019-12-08T12:02:24.443+0000][1][safepoint    ] Total time for which application threads were stopped: 0.0000752 seconds, Stopping threads took: 0.0000207 seconds
[2019-12-08T12:02:25.444+0000][1][safepoint    ] Application time: 1.0000762 seconds
[2019-12-08T12:02:25.444+0000][1][safepoint    ] Entering safepoint region: Cleanup
[2019-12-08T12:02:25.444+0000][1][safepoint    ] Leaving safepoint region
[2019-12-08T12:02:25.444+0000][1][safepoint    ] Total time for which application threads were stopped: 0.0000827 seconds, Stopping threads took: 0.0000192 seconds
[2019-12-08T12:02:26.447+0000][1][safepoint    ] Application time: 1.0033017 seconds
[2019-12-08T12:02:26.447+0000][1][safepoint    ] Entering safepoint region: Cleanup
[2019-12-08T12:02:26.447+0000][1][safepoint    ] Leaving safepoint region
[2019-12-08T12:02:26.447+0000][1][safepoint    ] Total time for which application threads were stopped: 0.0000990 seconds, Stopping threads took: 0.0000268 seconds
[2019-12-08T12:02:27.447+0000][1][safepoint    ] Application time: 1.0000795 seconds
[2019-12-08T12:02:27.447+0000][1][safepoint    ] Entering safepoint region: Cleanup
[2019-12-08T12:02:27.447+0000][1][safepoint    ] Leaving safepoint region
[2019-12-08T12:02:27.447+0000][1][safepoint    ] Total time for which application threads were stopped: 0.0000744 seconds, Stopping threads took: 0.0000216 seconds
[2019-12-08T12:02:28.447+0000][1][safepoint    ] Application time: 1.0000840 seconds
[2019-12-08T12:02:28.447+0000][1][safepoint    ] Entering safepoint region: Cleanup
[2019-12-08T12:02:28.448+0000][1][safepoint    ] Leaving safepoint region
[2019-12-08T12:02:28.448+0000][1][safepoint    ] Total time for which application threads were stopped: 0.0000773 seconds, Stopping threads took: 0.0000194 seconds
[2019-12-08T12:02:29.448+0000][1][safepoint    ] Application time: 1.0000755 seconds
[2019-12-08T12:02:29.448+0000][1][safepoint    ] Entering safepoint region: Cleanup
[2019-12-08T12:02:29.448+0000][1][safepoint    ] Leaving safepoint region
[2019-12-08T12:02:29.448+0000][1][safepoint    ] Total time for which application threads were stopped: 0.0000840 seconds, Stopping threads took: 0.0000290 seconds
[2019-12-08T12:02:30.448+0000][1][safepoint    ] Application time: 1.0000763 seconds
[2019-12-08T12:02:30.448+0000][1][safepoint    ] Entering safepoint region: Cleanup
[2019-12-08T12:02:30.448+0000][1][safepoint    ] Leaving safepoint region
[2019-12-08T12:02:30.448+0000][1][safepoint    ] Total time for which application threads were stopped: 0.0000722 seconds, Stopping threads took: 0.0000192 seconds
[2019-12-08T12:02:31.448+0000][1][safepoint    ] Application time: 1.0000737 seconds
[2019-12-08T12:02:31.448+0000][1][safepoint    ] Entering safepoint region: Cleanup
[2019-12-08T12:02:31.448+0000][1][safepoint    ] Leaving safepoint region
[2019-12-08T12:02:31.448+0000][1][safepoint    ] Total time for which application threads were stopped: 0.0000690 seconds, Stopping threads took: 0.0000186 seconds
[2019-12-08T12:02:32.448+0000][1][safepoint    ] Application time: 1.0000764 seconds
[2019-12-08T12:02:32.448+0000][1][safepoint    ] Entering safepoint region: Cleanup
[2019-12-08T12:02:32.448+0000][1][safepoint    ] Leaving safepoint region
[2019-12-08T12:02:32.448+0000][1][safepoint    ] Total time for which application threads were stopped: 0.0000697 seconds, Stopping threads took: 0.0000174 seconds
[2019-12-08T12:02:33.448+0000][1][safepoint    ] Application time: 1.0000749 seconds
[2019-12-08T12:02:33.448+0000][1][safepoint    ] Entering safepoint region: Cleanup
[2019-12-08T12:02:33.448+0000][1][safepoint    ] Leaving safepoint region
[2019-12-08T12:02:33.448+0000][1][safepoint    ] Total time for which application threads were stopped: 0.0000676 seconds, Stopping threads took: 0.0000180 seconds
[2019-12-08T12:02:34.449+0000][1][safepoint    ] Application time: 1.0000745 seconds
[2019-12-08T12:02:34.449+0000][1][safepoint    ] Entering safepoint region: Cleanup
[2019-12-08T12:02:34.449+0000][1][safepoint    ] Leaving safepoint region
[2019-12-08T12:02:34.449+0000][1][safepoint    ] Total time for which application threads were stopped: 0.0000737 seconds, Stopping threads took: 0.0000193 seconds
[2019-12-08T12:02:35.449+0000][1][safepoint    ] Application time: 1.0000842 seconds
[2019-12-08T12:02:35.449+0000][1][safepoint    ] Entering safepoint region: Cleanup
[2019-12-08T12:02:35.449+0000][1][safepoint    ] Leaving safepoint region
[2019-12-08T12:02:35.449+0000][1][safepoint    ] Total time for which application threads were stopped: 0.0000722 seconds, Stopping threads took: 0.0000193 seconds
[2019-12-08T12:02:36.449+0000][1][safepoint    ] Application time: 1.0000813 seconds
[2019-12-08T12:02:36.449+0000][1][safepoint    ] Entering safepoint region: Cleanup
[2019-12-08T12:02:36.449+0000][1][safepoint    ] Leaving safepoint region
[2019-12-08T12:02:36.449+0000][1][safepoint    ] Total time for which application threads were stopped: 0.0000719 seconds, Stopping threads took: 0.0000187 seconds
[2019-12-08T12:02:37.449+0000][1][safepoint    ] Application time: 1.0000818 seconds
[2019-12-08T12:02:37.449+0000][1][safepoint    ] Entering safepoint region: Cleanup
[2019-12-08T12:02:37.449+0000][1][safepoint    ] Leaving safepoint region
[2019-12-08T12:02:37.449+0000][1][safepoint    ] Total time for which application threads were stopped: 0.0000761 seconds, Stopping threads took: 0.0000205 seconds
[2019-12-08T12:02:38.449+0000][1][safepoint    ] Application time: 1.0000899 seconds
[2019-12-08T12:02:38.449+0000][1][safepoint    ] Entering safepoint region: Cleanup
[2019-12-08T12:02:38.449+0000][1][safepoint    ] Leaving safepoint region
[2019-12-08T12:02:38.449+0000][1][safepoint    ] Total time for which application threads were stopped: 0.0000772 seconds, Stopping threads took: 0.0000215 seconds
[2019-12-08T12:02:39.450+0000][1][safepoint    ] Application time: 1.0000871 seconds
[2019-12-08T12:02:39.450+0000][1][safepoint    ] Entering safepoint region: Cleanup
[2019-12-08T12:02:39.450+0000][1][safepoint    ] Leaving safepoint region
[2019-12-08T12:02:39.450+0000][1][safepoint    ] Total time for which application threads were stopped: 0.0000895 seconds, Stopping threads took: 0.0000197 seconds
[2019-12-08T12:02:40.450+0000][1][safepoint    ] Application time: 1.0000903 seconds
[2019-12-08T12:02:40.450+0000][1][safepoint    ] Entering safepoint region: Cleanup
[2019-12-08T12:02:40.450+0000][1][safepoint    ] Leaving safepoint region
[2019-12-08T12:02:40.450+0000][1][safepoint    ] Total time for which application threads were stopped: 0.0000779 seconds, Stopping threads took: 0.0000210 seconds
[2019-12-08T12:02:41.450+0000][1][safepoint    ] Application time: 1.0000846 seconds
[2019-12-08T12:02:41.450+0000][1][safepoint    ] Entering safepoint region: Cleanup
[2019-12-08T12:02:41.450+0000][1][safepoint    ] Leaving safepoint region
[2019-12-08T12:02:41.450+0000][1][safepoint    ] Total time for which application threads were stopped: 0.0000752 seconds, Stopping threads took: 0.0000192 seconds
[2019-12-08T12:02:42.450+0000][1][safepoint    ] Application time: 1.0000817 seconds
[2019-12-08T12:02:42.450+0000][1][safepoint    ] Entering safepoint region: Cleanup
[2019-12-08T12:02:42.450+0000][1][safepoint    ] Leaving safepoint region
[2019-12-08T12:02:42.450+0000][1][safepoint    ] Total time for which application threads were stopped: 0.0000787 seconds, Stopping threads took: 0.0000214 seconds
[2019-12-08T12:02:43.450+0000][1][safepoint    ] Application time: 1.0000863 seconds
[2019-12-08T12:02:43.450+0000][1][safepoint    ] Entering safepoint region: Cleanup
[2019-12-08T12:02:43.451+0000][1][safepoint    ] Leaving safepoint region
[2019-12-08T12:02:43.451+0000][1][safepoint    ] Total time for which application threads were stopped: 0.0000763 seconds, Stopping threads took: 0.0000209 seconds
[2019-12-08T12:02:44.451+0000][1][safepoint    ] Application time: 1.0000821 seconds
[2019-12-08T12:02:44.451+0000][1][safepoint    ] Entering safepoint region: Cleanup
[2019-12-08T12:02:44.451+0000][1][safepoint    ] Leaving safepoint region
[2019-12-08T12:02:44.451+0000][1][safepoint    ] Total time for which application threads were stopped: 0.0000886 seconds, Stopping threads took: 0.0000335 seconds
[2019-12-08T12:02:45.451+0000][1][safepoint    ] Application time: 1.0000908 seconds
[2019-12-08T12:02:45.451+0000][1][safepoint    ] Entering safepoint region: Cleanup
[2019-12-08T12:02:45.451+0000][1][safepoint    ] Leaving safepoint region
[2019-12-08T12:02:45.451+0000][1][safepoint    ] Total time for which application threads were stopped: 0.0000770 seconds, Stopping threads took: 0.0000216 seconds
[2019-12-08T12:02:46.451+0000][1][safepoint    ] Application time: 1.0000868 seconds
[2019-12-08T12:02:46.451+0000][1][safepoint    ] Entering safepoint region: Cleanup
[2019-12-08T12:02:46.451+0000][1][safepoint    ] Leaving safepoint region
[2019-12-08T12:02:46.451+0000][1][safepoint    ] Total time for which application threads were stopped: 0.0000751 seconds, Stopping threads took: 0.0000198 seconds
[2019-12-08T12:02:47.451+0000][1][safepoint    ] Application time: 1.0000872 seconds
[2019-12-08T12:02:47.451+0000][1][safepoint    ] Entering safepoint region: Cleanup
[2019-12-08T12:02:47.451+0000][1][safepoint    ] Leaving safepoint region
[2019-12-08T12:02:47.451+0000][1][safepoint    ] Total time for which application threads were stopped: 0.0000773 seconds, Stopping threads took: 0.0000215 seconds
[2019-12-08T12:02:48.452+0000][1][safepoint    ] Application time: 1.0000890 seconds
[2019-12-08T12:02:48.452+0000][1][safepoint    ] Entering safepoint region: Cleanup
[2019-12-08T12:02:48.452+0000][1][safepoint    ] Leaving safepoint region
[2019-12-08T12:02:48.452+0000][1][safepoint    ] Total time for which application threads were stopped: 0.0000749 seconds, Stopping threads took: 0.0000198 seconds
[2019-12-08T12:02:49.452+0000][1][safepoint    ] Application time: 1.0000843 seconds
[2019-12-08T12:02:49.452+0000][1][safepoint    ] Entering safepoint region: Cleanup
[2019-12-08T12:02:49.452+0000][1][safepoint    ] Leaving safepoint region
[2019-12-08T12:02:49.452+0000][1][safepoint    ] Total time for which application threads were stopped: 0.0000771 seconds, Stopping threads took: 0.0000204 seconds
[2019-12-08T12:02:50.452+0000][1][safepoint    ] Application time: 1.0000848 seconds
[2019-12-08T12:02:50.452+0000][1][safepoint    ] Entering safepoint region: Cleanup
[2019-12-08T12:02:50.452+0000][1][safepoint    ] Leaving safepoint region
[2019-12-08T12:02:50.452+0000][1][safepoint    ] Total time for which application threads were stopped: 0.0000843 seconds, Stopping threads took: 0.0000225 seconds
[2019-12-08T12:02:51.452+0000][1][safepoint    ] Application time: 1.0000889 seconds
[2019-12-08T12:02:51.452+0000][1][safepoint    ] Entering safepoint region: Cleanup
[2019-12-08T12:02:51.452+0000][1][safepoint    ] Leaving safepoint region
[2019-12-08T12:02:51.452+0000][1][safepoint    ] Total time for which application threads were stopped: 0.0000767 seconds, Stopping threads took: 0.0000196 seconds
[2019-12-08T12:02:52.452+0000][1][safepoint    ] Application time: 1.0000576 seconds
[2019-12-08T12:02:52.452+0000][1][safepoint    ] Entering safepoint region: Cleanup
[2019-12-08T12:02:52.452+0000][1][safepoint    ] Leaving safepoint region
[2019-12-08T12:02:52.452+0000][1][safepoint    ] Total time for which application threads were stopped: 0.0000730 seconds, Stopping threads took: 0.0000174 seconds
[2019-12-08T12:02:53.453+0000][1][safepoint    ] Application time: 1.0000799 seconds
[2019-12-08T12:02:53.453+0000][1][safepoint    ] Entering safepoint region: Cleanup
[2019-12-08T12:02:53.453+0000][1][safepoint    ] Leaving safepoint region
[2019-12-08T12:02:53.453+0000][1][safepoint    ] Total time for which application threads were stopped: 0.0000754 seconds, Stopping threads took: 0.0000195 seconds
[2019-12-08T12:02:54.453+0000][1][safepoint    ] Application time: 1.0000796 seconds
[2019-12-08T12:02:54.453+0000][1][safepoint    ] Entering safepoint region: Cleanup
[2019-12-08T12:02:54.453+0000][1][safepoint    ] Leaving safepoint region
[2019-12-08T12:02:54.453+0000][1][safepoint    ] Total time for which application threads were stopped: 0.0000732 seconds, Stopping threads took: 0.0000192 seconds
[2019-12-08T12:02:55.453+0000][1][safepoint    ] Application time: 1.0000832 seconds
[2019-12-08T12:02:55.453+0000][1][safepoint    ] Entering safepoint region: Cleanup
[2019-12-08T12:02:55.453+0000][1][safepoint    ] Leaving safepoint region
[2019-12-08T12:02:55.453+0000][1][safepoint    ] Total time for which application threads were stopped: 0.0000758 seconds, Stopping threads took: 0.0000204 seconds
[2019-12-08T12:02:56.453+0000][1][safepoint    ] Application time: 1.0000832 seconds
[2019-12-08T12:02:56.453+0000][1][safepoint    ] Entering safepoint region: Cleanup
[2019-12-08T12:02:56.453+0000][1][safepoint    ] Leaving safepoint region
[2019-12-08T12:02:56.453+0000][1][safepoint    ] Total time for which application threads were stopped: 0.0000762 seconds, Stopping threads took: 0.0000197 seconds
[2019-12-08T12:02:57.453+0000][1][safepoint    ] Application time: 1.0000809 seconds
[2019-12-08T12:02:57.453+0000][1][safepoint    ] Entering safepoint region: Cleanup
[2019-12-08T12:02:57.453+0000][1][safepoint    ] Leaving safepoint region
[2019-12-08T12:02:57.453+0000][1][safepoint    ] Total time for which application threads were stopped: 0.0000718 seconds, Stopping threads took: 0.0000173 seconds
[2019-12-08T12:02:58.454+0000][1][safepoint    ] Application time: 1.0000776 seconds
[2019-12-08T12:02:58.454+0000][1][safepoint    ] Entering safepoint region: Cleanup
[2019-12-08T12:02:58.454+0000][1][safepoint    ] Leaving safepoint region
[2019-12-08T12:02:58.454+0000][1][safepoint    ] Total time for which application threads were stopped: 0.0000697 seconds, Stopping threads took: 0.0000188 seconds
[2019-12-08T12:02:59.454+0000][1][safepoint    ] Application time: 1.0000761 seconds
[2019-12-08T12:02:59.454+0000][1][safepoint    ] Entering safepoint region: Cleanup
[2019-12-08T12:02:59.454+0000][1][safepoint    ] Leaving safepoint region
[2019-12-08T12:02:59.454+0000][1][safepoint    ] Total time for which application threads were stopped: 0.0000795 seconds, Stopping threads took: 0.0000265 seconds
[2019-12-08T12:03:00.454+0000][1][safepoint    ] Application time: 1.0000795 seconds
[2019-12-08T12:03:00.454+0000][1][safepoint    ] Entering safepoint region: Cleanup
[2019-12-08T12:03:00.454+0000][1][safepoint    ] Leaving safepoint region
[2019-12-08T12:03:00.454+0000][1][safepoint    ] Total time for which application threads were stopped: 0.0000731 seconds, Stopping threads took: 0.0000203 seconds
[2019-12-08T12:03:01.454+0000][1][safepoint    ] Application time: 1.0000526 seconds
[2019-12-08T12:03:01.454+0000][1][safepoint    ] Entering safepoint region: Cleanup
[2019-12-08T12:03:01.454+0000][1][safepoint    ] Leaving safepoint region
[2019-12-08T12:03:01.454+0000][1][safepoint    ] Total time for which application threads were stopped: 0.0000777 seconds, Stopping threads took: 0.0000203 seconds
[2019-12-08T12:03:03.398+0000][1][safepoint    ] Application time: 1.9436318 seconds
[2019-12-08T12:03:03.398+0000][1][safepoint    ] Entering safepoint region: Cleanup
[2019-12-08T12:03:03.398+0000][1][safepoint    ] Leaving safepoint region
[2019-12-08T12:03:03.398+0000][1][safepoint    ] Total time for which application threads were stopped: 0.0000695 seconds, Stopping threads took: 0.0000171 seconds
[2019-12-08T12:03:04.398+0000][1][safepoint    ] Application time: 1.0000776 seconds
[2019-12-08T12:03:04.398+0000][1][safepoint    ] Entering safepoint region: Cleanup
[2019-12-08T12:03:04.398+0000][1][safepoint    ] Leaving safepoint region
[2019-12-08T12:03:04.398+0000][1][safepoint    ] Total time for which application threads were stopped: 0.0000729 seconds, Stopping threads took: 0.0000201 seconds
[2019-12-08T12:03:05.398+0000][1][safepoint    ] Application time: 1.0000769 seconds
[2019-12-08T12:03:05.398+0000][1][safepoint    ] Entering safepoint region: Cleanup
[2019-12-08T12:03:05.398+0000][1][safepoint    ] Leaving safepoint region
[2019-12-08T12:03:05.398+0000][1][safepoint    ] Total time for which application threads were stopped: 0.0000830 seconds, Stopping threads took: 0.0000190 seconds
[2019-12-08T12:03:06.398+0000][1][safepoint    ] Application time: 1.0000854 seconds
[2019-12-08T12:03:06.398+0000][1][safepoint    ] Entering safepoint region: Cleanup
[2019-12-08T12:03:06.399+0000][1][safepoint    ] Leaving safepoint region
[2019-12-08T12:03:06.399+0000][1][safepoint    ] Total time for which application threads were stopped: 0.0000836 seconds, Stopping threads took: 0.0000260 seconds
[2019-12-08T12:03:07.399+0000][1][safepoint    ] Application time: 1.0000815 seconds
[2019-12-08T12:03:07.399+0000][1][safepoint    ] Entering safepoint region: Cleanup
[2019-12-08T12:03:07.399+0000][1][safepoint    ] Leaving safepoint region
[2019-12-08T12:03:07.399+0000][1][safepoint    ] Total time for which application threads were stopped: 0.0001185 seconds, Stopping threads took: 0.0000412 seconds
[2019-12-08T12:03:08.399+0000][1][safepoint    ] Application time: 1.0000952 seconds
[2019-12-08T12:03:08.399+0000][1][safepoint    ] Entering safepoint region: Cleanup
[2019-12-08T12:03:08.399+0000][1][safepoint    ] Leaving safepoint region
[2019-12-08T12:03:08.399+0000][1][safepoint    ] Total time for which application threads were stopped: 0.0001040 seconds, Stopping threads took: 0.0000283 seconds
[2019-12-08T12:03:09.399+0000][1][safepoint    ] Application time: 1.0000806 seconds
[2019-12-08T12:03:09.399+0000][1][safepoint    ] Entering safepoint region: Cleanup
[2019-12-08T12:03:09.399+0000][1][safepoint    ] Leaving safepoint region
[2019-12-08T12:03:09.399+0000][1][safepoint    ] Total time for which application threads were stopped: 0.0000721 seconds, Stopping threads took: 0.0000191 seconds
[2019-12-08T12:03:10.399+0000][1][safepoint    ] Application time: 1.0000821 seconds
[2019-12-08T12:03:10.399+0000][1][safepoint    ] Entering safepoint region: Cleanup
[2019-12-08T12:03:10.399+0000][1][safepoint    ] Leaving safepoint region
[2019-12-08T12:03:10.399+0000][1][safepoint    ] Total time for which application threads were stopped: 0.0000732 seconds, Stopping threads took: 0.0000191 seconds
[2019-12-08T12:03:11.400+0000][1][safepoint    ] Application time: 1.0000776 seconds
[2019-12-08T12:03:11.400+0000][1][safepoint    ] Entering safepoint region: Cleanup
[2019-12-08T12:03:11.400+0000][1][safepoint    ] Leaving safepoint region
[2019-12-08T12:03:11.400+0000][1][safepoint    ] Total time for which application threads were stopped: 0.0000734 seconds, Stopping threads took: 0.0000197 seconds
[2019-12-08T12:03:12.400+0000][1][safepoint    ] Application time: 1.0000839 seconds
[2019-12-08T12:03:12.400+0000][1][safepoint    ] Entering safepoint region: Cleanup
[2019-12-08T12:03:12.400+0000][1][safepoint    ] Leaving safepoint region
[2019-12-08T12:03:12.400+0000][1][safepoint    ] Total time for which application threads were stopped: 0.0000764 seconds, Stopping threads took: 0.0000206 seconds
[2019-12-08T12:03:13.400+0000][1][safepoint    ] Application time: 1.0000865 seconds
[2019-12-08T12:03:13.400+0000][1][safepoint    ] Entering safepoint region: Cleanup
[2019-12-08T12:03:13.400+0000][1][safepoint    ] Leaving safepoint region
[2019-12-08T12:03:13.400+0000][1][safepoint    ] Total time for which application threads were stopped: 0.0000727 seconds, Stopping threads took: 0.0000189 seconds
[2019-12-08T12:03:14.400+0000][1][safepoint    ] Application time: 1.0000814 seconds
[2019-12-08T12:03:14.400+0000][1][safepoint    ] Entering safepoint region: Cleanup
[2019-12-08T12:03:14.400+0000][1][safepoint    ] Leaving safepoint region
[2019-12-08T12:03:14.400+0000][1][safepoint    ] Total time for which application threads were stopped: 0.0000731 seconds, Stopping threads took: 0.0000184 seconds
[2019-12-08T12:03:15.400+0000][1][safepoint    ] Application time: 1.0000758 seconds
[2019-12-08T12:03:15.400+0000][1][safepoint    ] Entering safepoint region: Cleanup
[2019-12-08T12:03:15.400+0000][1][safepoint    ] Leaving safepoint region
[2019-12-08T12:03:15.400+0000][1][safepoint    ] Total time for which application threads were stopped: 0.0000736 seconds, Stopping threads took: 0.0000183 seconds
[2019-12-08T12:03:16.401+0000][1][safepoint    ] Application time: 1.0000844 seconds
[2019-12-08T12:03:16.401+0000][1][safepoint    ] Entering safepoint region: Cleanup
[2019-12-08T12:03:16.401+0000][1][safepoint    ] Leaving safepoint region
[2019-12-08T12:03:16.401+0000][1][safepoint    ] Total time for which application threads were stopped: 0.0000717 seconds, Stopping threads took: 0.0000187 seconds
[2019-12-08T12:03:17.401+0000][1][safepoint    ] Application time: 1.0000824 seconds
[2019-12-08T12:03:17.401+0000][1][safepoint    ] Entering safepoint region: Cleanup
[2019-12-08T12:03:17.401+0000][1][safepoint    ] Leaving safepoint region
[2019-12-08T12:03:17.401+0000][1][safepoint    ] Total time for which application threads were stopped: 0.0000743 seconds, Stopping threads took: 0.0000214 seconds
[2019-12-08T12:03:18.401+0000][1][safepoint    ] Application time: 1.0000912 seconds
[2019-12-08T12:03:18.401+0000][1][safepoint    ] Entering safepoint region: Cleanup
[2019-12-08T12:03:18.401+0000][1][safepoint    ] Leaving safepoint region
[2019-12-08T12:03:18.401+0000][1][safepoint    ] Total time for which application threads were stopped: 0.0000754 seconds, Stopping threads took: 0.0000224 seconds
[2019-12-08T12:03:19.401+0000][1][safepoint    ] Application time: 1.0000899 seconds
[2019-12-08T12:03:19.401+0000][1][safepoint    ] Entering safepoint region: Cleanup
[2019-12-08T12:03:19.401+0000][1][safepoint    ] Leaving safepoint region
[2019-12-08T12:03:19.401+0000][1][safepoint    ] Total time for which application threads were stopped: 0.0000752 seconds, Stopping threads took: 0.0000203 seconds
[2019-12-08T12:03:20.401+0000][1][safepoint    ] Application time: 1.0000969 seconds
[2019-12-08T12:03:20.401+0000][1][safepoint    ] Entering safepoint region: Cleanup
[2019-12-08T12:03:20.401+0000][1][safepoint    ] Leaving safepoint region
[2019-12-08T12:03:20.401+0000][1][safepoint    ] Total time for which application threads were stopped: 0.0000948 seconds, Stopping threads took: 0.0000325 seconds
[2019-12-08T12:03:21.402+0000][1][safepoint    ] Application time: 1.0000839 seconds
[2019-12-08T12:03:21.402+0000][1][safepoint    ] Entering safepoint region: Cleanup
[2019-12-08T12:03:21.402+0000][1][safepoint    ] Leaving safepoint region
[2019-12-08T12:03:21.402+0000][1][safepoint    ] Total time for which application threads were stopped: 0.0000888 seconds, Stopping threads took: 0.0000202 seconds
[2019-12-08T12:03:23.240+0000][1][safepoint    ] Application time: 1.8379643 seconds
[2019-12-08T12:03:23.240+0000][1][safepoint    ] Entering safepoint region: Cleanup
[2019-12-08T12:03:23.240+0000][1][safepoint    ] Leaving safepoint region
[2019-12-08T12:03:23.240+0000][1][safepoint    ] Total time for which application threads were stopped: 0.0000980 seconds, Stopping threads took: 0.0000225 seconds
[2019-12-08T12:03:24.240+0000][1][safepoint    ] Application time: 1.0000870 seconds
[2019-12-08T12:03:24.240+0000][1][safepoint    ] Entering safepoint region: Cleanup
[2019-12-08T12:03:24.240+0000][1][safepoint    ] Leaving safepoint region
[2019-12-08T12:03:24.240+0000][1][safepoint    ] Total time for which application threads were stopped: 0.0000701 seconds, Stopping threads took: 0.0000168 seconds
[2019-12-08T12:03:25.240+0000][1][safepoint    ] Application time: 1.0000772 seconds
[2019-12-08T12:03:25.240+0000][1][safepoint    ] Entering safepoint region: Cleanup
[2019-12-08T12:03:25.240+0000][1][safepoint    ] Leaving safepoint region
[2019-12-08T12:03:25.240+0000][1][safepoint    ] Total time for which application threads were stopped: 0.0000803 seconds, Stopping threads took: 0.0000205 seconds
[2019-12-08T12:03:26.240+0000][1][safepoint    ] Application time: 1.0000784 seconds
[2019-12-08T12:03:26.240+0000][1][safepoint    ] Entering safepoint region: Cleanup
[2019-12-08T12:03:26.240+0000][1][safepoint    ] Leaving safepoint region
[2019-12-08T12:03:26.240+0000][1][safepoint    ] Total time for which application threads were stopped: 0.0000749 seconds, Stopping threads took: 0.0000210 seconds
[2019-12-08T12:03:27.241+0000][1][safepoint    ] Application time: 1.0000811 seconds
[2019-12-08T12:03:27.241+0000][1][safepoint    ] Entering safepoint region: Cleanup
[2019-12-08T12:03:27.241+0000][1][safepoint    ] Leaving safepoint region
[2019-12-08T12:03:27.241+0000][1][safepoint    ] Total time for which application threads were stopped: 0.0000695 seconds, Stopping threads took: 0.0000162 seconds
[2019-12-08T12:03:28.241+0000][1][safepoint    ] Application time: 1.0000771 seconds
[2019-12-08T12:03:28.241+0000][1][safepoint    ] Entering safepoint region: Cleanup
[2019-12-08T12:03:28.241+0000][1][safepoint    ] Leaving safepoint region
[2019-12-08T12:03:28.241+0000][1][safepoint    ] Total time for which application threads were stopped: 0.0000698 seconds, Stopping threads took: 0.0000177 seconds
[2019-12-08T12:03:29.241+0000][1][safepoint    ] Application time: 1.0000965 seconds
[2019-12-08T12:03:29.241+0000][1][safepoint    ] Entering safepoint region: Cleanup
[2019-12-08T12:03:29.241+0000][1][safepoint    ] Leaving safepoint region
[2019-12-08T12:03:29.241+0000][1][safepoint    ] Total time for which application threads were stopped: 0.0000707 seconds, Stopping threads took: 0.0000167 seconds
[2019-12-08T12:03:30.241+0000][1][safepoint    ] Application time: 1.0000778 seconds
[2019-12-08T12:03:30.241+0000][1][safepoint    ] Entering safepoint region: Cleanup
[2019-12-08T12:03:30.241+0000][1][safepoint    ] Leaving safepoint region
[2019-12-08T12:03:30.241+0000][1][safepoint    ] Total time for which application threads were stopped: 0.0000711 seconds, Stopping threads took: 0.0000170 seconds
[2019-12-08T12:03:31.241+0000][1][safepoint    ] Application time: 1.0000792 seconds
[2019-12-08T12:03:31.241+0000][1][safepoint    ] Entering safepoint region: Cleanup
[2019-12-08T12:03:31.241+0000][1][safepoint    ] Leaving safepoint region
[2019-12-08T12:03:31.241+0000][1][safepoint    ] Total time for which application threads were stopped: 0.0000741 seconds, Stopping threads took: 0.0000194 seconds
[2019-12-08T12:03:32.241+0000][1][safepoint    ] Application time: 1.0000849 seconds
[2019-12-08T12:03:32.242+0000][1][safepoint    ] Entering safepoint region: Cleanup
[2019-12-08T12:03:32.242+0000][1][safepoint    ] Leaving safepoint region
[2019-12-08T12:03:32.242+0000][1][safepoint    ] Total time for which application threads were stopped: 0.0000725 seconds, Stopping threads took: 0.0000174 seconds
[2019-12-08T12:03:33.242+0000][1][safepoint    ] Application time: 1.0000938 seconds
[2019-12-08T12:03:33.242+0000][1][safepoint    ] Entering safepoint region: Cleanup
[2019-12-08T12:03:33.242+0000][1][safepoint    ] Leaving safepoint region
[2019-12-08T12:03:33.242+0000][1][safepoint    ] Total time for which application threads were stopped: 0.0000742 seconds, Stopping threads took: 0.0000180 seconds
[2019-12-08T12:03:34.242+0000][1][safepoint    ] Application time: 1.0000789 seconds
[2019-12-08T12:03:34.242+0000][1][safepoint    ] Entering safepoint region: Cleanup
[2019-12-08T12:03:34.242+0000][1][safepoint    ] Leaving safepoint region
[2019-12-08T12:03:34.242+0000][1][safepoint    ] Total time for which application threads were stopped: 0.0000721 seconds, Stopping threads took: 0.0000182 seconds
[2019-12-08T12:03:35.242+0000][1][safepoint    ] Application time: 1.0000853 seconds
[2019-12-08T12:03:35.242+0000][1][safepoint    ] Entering safepoint region: Cleanup
[2019-12-08T12:03:35.242+0000][1][safepoint    ] Leaving safepoint region
[2019-12-08T12:03:35.242+0000][1][safepoint    ] Total time for which application threads were stopped: 0.0000772 seconds, Stopping threads took: 0.0000249 seconds
[2019-12-08T12:03:36.242+0000][1][safepoint    ] Application time: 1.0000763 seconds
[2019-12-08T12:03:36.242+0000][1][safepoint    ] Entering safepoint region: Cleanup
[2019-12-08T12:03:36.242+0000][1][safepoint    ] Leaving safepoint region
[2019-12-08T12:03:36.242+0000][1][safepoint    ] Total time for which application threads were stopped: 0.0000730 seconds, Stopping threads took: 0.0000190 seconds
[2019-12-08T12:03:37.242+0000][1][safepoint    ] Application time: 1.0000770 seconds
[2019-12-08T12:03:37.243+0000][1][safepoint    ] Entering safepoint region: Cleanup
[2019-12-08T12:03:37.243+0000][1][safepoint    ] Leaving safepoint region
[2019-12-08T12:03:37.243+0000][1][safepoint    ] Total time for which application threads were stopped: 0.0001054 seconds, Stopping threads took: 0.0000466 seconds
[2019-12-08T12:03:38.243+0000][1][safepoint    ] Application time: 1.0000832 seconds
[2019-12-08T12:03:38.243+0000][1][safepoint    ] Entering safepoint region: Cleanup
[2019-12-08T12:03:38.243+0000][1][safepoint    ] Leaving safepoint region
[2019-12-08T12:03:38.243+0000][1][safepoint    ] Total time for which application threads were stopped: 0.0000741 seconds, Stopping threads took: 0.0000205 seconds
[2019-12-08T12:03:39.243+0000][1][safepoint    ] Application time: 1.0000785 seconds
[2019-12-08T12:03:39.243+0000][1][safepoint    ] Entering safepoint region: Cleanup
[2019-12-08T12:03:39.243+0000][1][safepoint    ] Leaving safepoint region
[2019-12-08T12:03:39.243+0000][1][safepoint    ] Total time for which application threads were stopped: 0.0000737 seconds, Stopping threads took: 0.0000197 seconds
[2019-12-08T12:03:40.487+0000][1][safepoint    ] Application time: 1.2434836 seconds
[2019-12-08T12:03:40.487+0000][1][safepoint    ] Entering safepoint region: Cleanup
[2019-12-08T12:03:40.487+0000][1][safepoint    ] Leaving safepoint region
[2019-12-08T12:03:40.487+0000][1][safepoint    ] Total time for which application threads were stopped: 0.0000691 seconds, Stopping threads took: 0.0000168 seconds
[2019-12-08T12:03:41.487+0000][1][safepoint    ] Application time: 1.0000843 seconds
[2019-12-08T12:03:41.487+0000][1][safepoint    ] Entering safepoint region: Cleanup
[2019-12-08T12:03:41.487+0000][1][safepoint    ] Leaving safepoint region
[2019-12-08T12:03:41.487+0000][1][safepoint    ] Total time for which application threads were stopped: 0.0000746 seconds, Stopping threads took: 0.0000184 seconds
[2019-12-08T12:03:42.245+0000][1][safepoint    ] Application time: 0.7580363 seconds
[2019-12-08T12:03:42.245+0000][1][safepoint    ] Entering safepoint region: GenCollectForAllocation
[2019-12-08T12:03:42.245+0000][1][gc,start     ] GC(37) Pause Young (Allocation Failure)
[2019-12-08T12:03:42.245+0000][1][gc,task      ] GC(37) Using 4 workers of 4 for evacuation
[2019-12-08T12:03:42.246+0000][1][gc,age       ] GC(37) Desired survivor size 4456448 bytes, new threshold 6 (max threshold 6)
[2019-12-08T12:03:42.246+0000][1][gc,age       ] GC(37) Age table with threshold 6 (max threshold 6)
[2019-12-08T12:03:42.246+0000][1][gc,age       ] GC(37) - age   1:       6072 bytes,       6072 total
[2019-12-08T12:03:42.246+0000][1][gc,age       ] GC(37) - age   2:        176 bytes,       6248 total
[2019-12-08T12:03:42.246+0000][1][gc,age       ] GC(37) - age   3:       1424 bytes,       7672 total
[2019-12-08T12:03:42.246+0000][1][gc,age       ] GC(37) - age   4:        768 bytes,       8440 total
[2019-12-08T12:03:42.246+0000][1][gc,age       ] GC(37) - age   5:       1480 bytes,       9920 total
[2019-12-08T12:03:42.246+0000][1][gc,age       ] GC(37) - age   6:       1160 bytes,      11080 total
[2019-12-08T12:03:42.246+0000][1][gc,heap      ] GC(37) ParNew: 69976K->17K(78656K)
[2019-12-08T12:03:42.246+0000][1][gc,heap      ] GC(37) CMS: 70064K->70067K(174784K)
[2019-12-08T12:03:42.246+0000][1][gc,metaspace ] GC(37) Metaspace: 69050K->69050K(1112064K)
[2019-12-08T12:03:42.246+0000][1][gc           ] GC(37) Pause Young (Allocation Failure) 136M->68M(247M) 1.045ms
[2019-12-08T12:03:42.246+0000][1][gc,cpu       ] GC(37) User=0.01s Sys=0.00s Real=0.00s
[2019-12-08T12:03:42.246+0000][1][safepoint    ] Leaving safepoint region
[2019-12-08T12:03:42.246+0000][1][safepoint    ] Total time for which application threads were stopped: 0.0011802 seconds, Stopping threads took: 0.0000164 seconds
[2019-12-08T12:03:43.246+0000][1][safepoint    ] Application time: 1.0000957 seconds
[2019-12-08T12:03:43.246+0000][1][safepoint    ] Entering safepoint region: Cleanup
[2019-12-08T12:03:43.246+0000][1][safepoint    ] Leaving safepoint region
[2019-12-08T12:03:43.246+0000][1][safepoint    ] Total time for which application threads were stopped: 0.0000983 seconds, Stopping threads took: 0.0000455 seconds
[2019-12-08T12:03:44.246+0000][1][safepoint    ] Application time: 1.0000851 seconds
[2019-12-08T12:03:44.246+0000][1][safepoint    ] Entering safepoint region: Cleanup
[2019-12-08T12:03:44.247+0000][1][safepoint    ] Leaving safepoint region
[2019-12-08T12:03:44.247+0000][1][safepoint    ] Total time for which application threads were stopped: 0.0001028 seconds, Stopping threads took: 0.0000494 seconds
[2019-12-08T12:03:45.247+0000][1][safepoint    ] Application time: 1.0000967 seconds
[2019-12-08T12:03:45.247+0000][1][safepoint    ] Entering safepoint region: Cleanup
[2019-12-08T12:03:45.247+0000][1][safepoint    ] Leaving safepoint region
[2019-12-08T12:03:45.247+0000][1][safepoint    ] Total time for which application threads were stopped: 0.0000970 seconds, Stopping threads took: 0.0000409 seconds
[2019-12-08T12:03:46.247+0000][1][safepoint    ] Application time: 1.0000496 seconds
[2019-12-08T12:03:46.247+0000][1][safepoint    ] Entering safepoint region: Cleanup
[2019-12-08T12:03:46.247+0000][1][safepoint    ] Leaving safepoint region
[2019-12-08T12:03:46.247+0000][1][safepoint    ] Total time for which application threads were stopped: 0.0001110 seconds, Stopping threads took: 0.0000544 seconds
[2019-12-08T12:03:47.247+0000][1][safepoint    ] Application time: 1.0000867 seconds
[2019-12-08T12:03:47.247+0000][1][safepoint    ] Entering safepoint region: Cleanup
[2019-12-08T12:03:47.247+0000][1][safepoint    ] Leaving safepoint region
[2019-12-08T12:03:47.247+0000][1][safepoint    ] Total time for which application threads were stopped: 0.0000720 seconds, Stopping threads took: 0.0000183 seconds
[2019-12-08T12:03:48.247+0000][1][safepoint    ] Application time: 1.0000859 seconds
[2019-12-08T12:03:48.247+0000][1][safepoint    ] Entering safepoint region: Cleanup
[2019-12-08T12:03:48.247+0000][1][safepoint    ] Leaving safepoint region
[2019-12-08T12:03:48.247+0000][1][safepoint    ] Total time for which application threads were stopped: 0.0000715 seconds, Stopping threads took: 0.0000192 seconds
[2019-12-08T12:03:49.248+0000][1][safepoint    ] Application time: 1.0000877 seconds
[2019-12-08T12:03:49.248+0000][1][safepoint    ] Entering safepoint region: Cleanup
[2019-12-08T12:03:49.248+0000][1][safepoint    ] Leaving safepoint region
[2019-12-08T12:03:49.248+0000][1][safepoint    ] Total time for which application threads were stopped: 0.0000899 seconds, Stopping threads took: 0.0000309 seconds
[2019-12-08T12:03:50.248+0000][1][safepoint    ] Application time: 1.0000857 seconds
[2019-12-08T12:03:50.248+0000][1][safepoint    ] Entering safepoint region: Cleanup
[2019-12-08T12:03:50.248+0000][1][safepoint    ] Leaving safepoint region
[2019-12-08T12:03:50.248+0000][1][safepoint    ] Total time for which application threads were stopped: 0.0000697 seconds, Stopping threads took: 0.0000183 seconds
[2019-12-08T12:03:51.248+0000][1][safepoint    ] Application time: 1.0000836 seconds
[2019-12-08T12:03:51.248+0000][1][safepoint    ] Entering safepoint region: Cleanup
[2019-12-08T12:03:51.248+0000][1][safepoint    ] Leaving safepoint region
[2019-12-08T12:03:51.248+0000][1][safepoint    ] Total time for which application threads were stopped: 0.0001057 seconds, Stopping threads took: 0.0000468 seconds
[2019-12-08T12:03:52.248+0000][1][safepoint    ] Application time: 1.0000849 seconds
[2019-12-08T12:03:52.248+0000][1][safepoint    ] Entering safepoint region: Cleanup
[2019-12-08T12:03:52.248+0000][1][safepoint    ] Leaving safepoint region
[2019-12-08T12:03:52.248+0000][1][safepoint    ] Total time for which application threads were stopped: 0.0001028 seconds, Stopping threads took: 0.0000488 seconds
[2019-12-08T12:03:53.248+0000][1][safepoint    ] Application time: 1.0000859 seconds
[2019-12-08T12:03:53.248+0000][1][safepoint    ] Entering safepoint region: Cleanup
[2019-12-08T12:03:53.248+0000][1][safepoint    ] Leaving safepoint region
[2019-12-08T12:03:53.249+0000][1][safepoint    ] Total time for which application threads were stopped: 0.0000782 seconds, Stopping threads took: 0.0000244 seconds
[2019-12-08T12:03:54.249+0000][1][safepoint    ] Application time: 1.0000870 seconds
[2019-12-08T12:03:54.249+0000][1][safepoint    ] Entering safepoint region: Cleanup
[2019-12-08T12:03:54.249+0000][1][safepoint    ] Leaving safepoint region
[2019-12-08T12:03:54.249+0000][1][safepoint    ] Total time for which application threads were stopped: 0.0000925 seconds, Stopping threads took: 0.0000250 seconds
[2019-12-08T12:03:55.249+0000][1][safepoint    ] Application time: 1.0000837 seconds
[2019-12-08T12:03:55.249+0000][1][safepoint    ] Entering safepoint region: Cleanup
[2019-12-08T12:03:55.249+0000][1][safepoint    ] Leaving safepoint region
[2019-12-08T12:03:55.249+0000][1][safepoint    ] Total time for which application threads were stopped: 0.0000715 seconds, Stopping threads took: 0.0000186 seconds
[2019-12-08T12:03:56.249+0000][1][safepoint    ] Application time: 1.0000827 seconds
[2019-12-08T12:03:56.249+0000][1][safepoint    ] Entering safepoint region: Cleanup
[2019-12-08T12:03:56.249+0000][1][safepoint    ] Leaving safepoint region
[2019-12-08T12:03:56.249+0000][1][safepoint    ] Total time for which application threads were stopped: 0.0001056 seconds, Stopping threads took: 0.0000442 seconds
[2019-12-08T12:03:57.249+0000][1][safepoint    ] Application time: 1.0000863 seconds
[2019-12-08T12:03:57.249+0000][1][safepoint    ] Entering safepoint region: Cleanup
[2019-12-08T12:03:57.249+0000][1][safepoint    ] Leaving safepoint region
[2019-12-08T12:03:57.249+0000][1][safepoint    ] Total time for which application threads were stopped: 0.0000818 seconds, Stopping threads took: 0.0000212 seconds
[2019-12-08T12:03:58.249+0000][1][safepoint    ] Application time: 1.0000931 seconds
[2019-12-08T12:03:58.250+0000][1][safepoint    ] Entering safepoint region: Cleanup
[2019-12-08T12:03:58.250+0000][1][safepoint    ] Leaving safepoint region
[2019-12-08T12:03:58.250+0000][1][safepoint    ] Total time for which application threads were stopped: 0.0001086 seconds, Stopping threads took: 0.0000278 seconds
[2019-12-08T12:03:59.250+0000][1][safepoint    ] Application time: 1.0000784 seconds
[2019-12-08T12:03:59.250+0000][1][safepoint    ] Entering safepoint region: Cleanup
[2019-12-08T12:03:59.250+0000][1][safepoint    ] Leaving safepoint region
[2019-12-08T12:03:59.250+0000][1][safepoint    ] Total time for which application threads were stopped: 0.0000802 seconds, Stopping threads took: 0.0000249 seconds
[2019-12-08T12:04:00.250+0000][1][safepoint    ] Application time: 1.0000812 seconds
[2019-12-08T12:04:00.250+0000][1][safepoint    ] Entering safepoint region: Cleanup
[2019-12-08T12:04:00.250+0000][1][safepoint    ] Leaving safepoint region
[2019-12-08T12:04:00.250+0000][1][safepoint    ] Total time for which application threads were stopped: 0.0000733 seconds, Stopping threads took: 0.0000189 seconds
[2019-12-08T12:04:01.250+0000][1][safepoint    ] Application time: 1.0000825 seconds
[2019-12-08T12:04:01.250+0000][1][safepoint    ] Entering safepoint region: Cleanup
[2019-12-08T12:04:01.250+0000][1][safepoint    ] Leaving safepoint region
[2019-12-08T12:04:01.250+0000][1][safepoint    ] Total time for which application threads were stopped: 0.0000787 seconds, Stopping threads took: 0.0000194 seconds
[2019-12-08T12:04:02.250+0000][1][safepoint    ] Application time: 1.0000782 seconds
[2019-12-08T12:04:02.250+0000][1][safepoint    ] Entering safepoint region: Cleanup
[2019-12-08T12:04:02.250+0000][1][safepoint    ] Leaving safepoint region
[2019-12-08T12:04:02.250+0000][1][safepoint    ] Total time for which application threads were stopped: 0.0001138 seconds, Stopping threads took: 0.0000528 seconds
[2019-12-08T12:04:03.251+0000][1][safepoint    ] Application time: 1.0000844 seconds
[2019-12-08T12:04:03.251+0000][1][safepoint    ] Entering safepoint region: Cleanup
[2019-12-08T12:04:03.251+0000][1][safepoint    ] Leaving safepoint region
[2019-12-08T12:04:03.251+0000][1][safepoint    ] Total time for which application threads were stopped: 0.0000928 seconds, Stopping threads took: 0.0000199 seconds
[2019-12-08T12:04:04.251+0000][1][safepoint    ] Application time: 1.0000807 seconds
[2019-12-08T12:04:04.251+0000][1][safepoint    ] Entering safepoint region: Cleanup
[2019-12-08T12:04:04.251+0000][1][safepoint    ] Leaving safepoint region
[2019-12-08T12:04:04.251+0000][1][safepoint    ] Total time for which application threads were stopped: 0.0000980 seconds, Stopping threads took: 0.0000247 seconds
[2019-12-08T12:04:05.251+0000][1][safepoint    ] Application time: 1.0000817 seconds
[2019-12-08T12:04:05.251+0000][1][safepoint    ] Entering safepoint region: Cleanup
[2019-12-08T12:04:05.251+0000][1][safepoint    ] Leaving safepoint region
[2019-12-08T12:04:05.251+0000][1][safepoint    ] Total time for which application threads were stopped: 0.0000907 seconds, Stopping threads took: 0.0000231 seconds
[2019-12-08T12:04:06.251+0000][1][safepoint    ] Application time: 1.0000873 seconds
[2019-12-08T12:04:06.251+0000][1][safepoint    ] Entering safepoint region: Cleanup
[2019-12-08T12:04:06.251+0000][1][safepoint    ] Leaving safepoint region
[2019-12-08T12:04:06.251+0000][1][safepoint    ] Total time for which application threads were stopped: 0.0001011 seconds, Stopping threads took: 0.0000260 seconds
[2019-12-08T12:04:07.251+0000][1][safepoint    ] Application time: 1.0000809 seconds
[2019-12-08T12:04:07.252+0000][1][safepoint    ] Entering safepoint region: Cleanup
[2019-12-08T12:04:07.252+0000][1][safepoint    ] Leaving safepoint region
[2019-12-08T12:04:07.252+0000][1][safepoint    ] Total time for which application threads were stopped: 0.0000824 seconds, Stopping threads took: 0.0000274 seconds
[2019-12-08T12:04:08.252+0000][1][safepoint    ] Application time: 1.0000806 seconds
[2019-12-08T12:04:08.252+0000][1][safepoint    ] Entering safepoint region: Cleanup
[2019-12-08T12:04:08.252+0000][1][safepoint    ] Leaving safepoint region
[2019-12-08T12:04:08.252+0000][1][safepoint    ] Total time for which application threads were stopped: 0.0000770 seconds, Stopping threads took: 0.0000225 seconds
[2019-12-08T12:04:09.252+0000][1][safepoint    ] Application time: 1.0000821 seconds
[2019-12-08T12:04:09.252+0000][1][safepoint    ] Entering safepoint region: Cleanup
[2019-12-08T12:04:09.252+0000][1][safepoint    ] Leaving safepoint region
[2019-12-08T12:04:09.252+0000][1][safepoint    ] Total time for which application threads were stopped: 0.0000747 seconds, Stopping threads took: 0.0000199 seconds
[2019-12-08T12:04:10.252+0000][1][safepoint    ] Application time: 1.0000815 seconds
[2019-12-08T12:04:10.252+0000][1][safepoint    ] Entering safepoint region: Cleanup
[2019-12-08T12:04:10.252+0000][1][safepoint    ] Leaving safepoint region
[2019-12-08T12:04:10.252+0000][1][safepoint    ] Total time for which application threads were stopped: 0.0000710 seconds, Stopping threads took: 0.0000185 seconds
[2019-12-08T12:04:11.252+0000][1][safepoint    ] Application time: 1.0000837 seconds
[2019-12-08T12:04:11.252+0000][1][safepoint    ] Entering safepoint region: Cleanup
[2019-12-08T12:04:11.252+0000][1][safepoint    ] Leaving safepoint region
[2019-12-08T12:04:11.252+0000][1][safepoint    ] Total time for which application threads were stopped: 0.0000741 seconds, Stopping threads took: 0.0000184 seconds
[2019-12-08T12:04:12.253+0000][1][safepoint    ] Application time: 1.0000869 seconds
[2019-12-08T12:04:12.253+0000][1][safepoint    ] Entering safepoint region: Cleanup
[2019-12-08T12:04:12.253+0000][1][safepoint    ] Leaving safepoint region
[2019-12-08T12:04:12.253+0000][1][safepoint    ] Total time for which application threads were stopped: 0.0000772 seconds, Stopping threads took: 0.0000197 seconds
[2019-12-08T12:04:13.253+0000][1][safepoint    ] Application time: 1.0000880 seconds
[2019-12-08T12:04:13.253+0000][1][safepoint    ] Entering safepoint region: Cleanup
[2019-12-08T12:04:13.253+0000][1][safepoint    ] Leaving safepoint region
[2019-12-08T12:04:13.253+0000][1][safepoint    ] Total time for which application threads were stopped: 0.0000760 seconds, Stopping threads took: 0.0000190 seconds
[2019-12-08T12:04:14.253+0000][1][safepoint    ] Application time: 1.0000834 seconds
[2019-12-08T12:04:14.253+0000][1][safepoint    ] Entering safepoint region: Cleanup
[2019-12-08T12:04:14.253+0000][1][safepoint    ] Leaving safepoint region
[2019-12-08T12:04:14.253+0000][1][safepoint    ] Total time for which application threads were stopped: 0.0000757 seconds, Stopping threads took: 0.0000195 seconds
[2019-12-08T12:04:15.253+0000][1][safepoint    ] Application time: 1.0000831 seconds
[2019-12-08T12:04:15.253+0000][1][safepoint    ] Entering safepoint region: Cleanup
[2019-12-08T12:04:15.253+0000][1][safepoint    ] Leaving safepoint region
[2019-12-08T12:04:15.253+0000][1][safepoint    ] Total time for which application threads were stopped: 0.0000720 seconds, Stopping threads took: 0.0000184 seconds
[2019-12-08T12:04:16.253+0000][1][safepoint    ] Application time: 1.0000799 seconds
[2019-12-08T12:04:16.253+0000][1][safepoint    ] Entering safepoint region: Cleanup
[2019-12-08T12:04:16.253+0000][1][safepoint    ] Leaving safepoint region
[2019-12-08T12:04:16.253+0000][1][safepoint    ] Total time for which application threads were stopped: 0.0000697 seconds, Stopping threads took: 0.0000179 seconds
[2019-12-08T12:04:17.512+0000][1][safepoint    ] Application time: 1.2590018 seconds
[2019-12-08T12:04:17.512+0000][1][safepoint    ] Entering safepoint region: Cleanup
[2019-12-08T12:04:17.513+0000][1][safepoint    ] Leaving safepoint region
[2019-12-08T12:04:17.513+0000][1][safepoint    ] Total time for which application threads were stopped: 0.0000670 seconds, Stopping threads took: 0.0000169 seconds
[2019-12-08T12:04:18.513+0000][1][safepoint    ] Application time: 1.0000825 seconds
[2019-12-08T12:04:18.513+0000][1][safepoint    ] Entering safepoint region: Cleanup
[2019-12-08T12:04:18.513+0000][1][safepoint    ] Leaving safepoint region
[2019-12-08T12:04:18.513+0000][1][safepoint    ] Total time for which application threads were stopped: 0.0000788 seconds, Stopping threads took: 0.0000171 seconds
[2019-12-08T12:04:19.513+0000][1][safepoint    ] Application time: 1.0000767 seconds
[2019-12-08T12:04:19.513+0000][1][safepoint    ] Entering safepoint region: Cleanup
[2019-12-08T12:04:19.513+0000][1][safepoint    ] Leaving safepoint region
[2019-12-08T12:04:19.513+0000][1][safepoint    ] Total time for which application threads were stopped: 0.0000729 seconds, Stopping threads took: 0.0000178 seconds
[2019-12-08T12:04:20.513+0000][1][safepoint    ] Application time: 1.0000819 seconds
[2019-12-08T12:04:20.513+0000][1][safepoint    ] Entering safepoint region: Cleanup
[2019-12-08T12:04:20.513+0000][1][safepoint    ] Leaving safepoint region
[2019-12-08T12:04:20.513+0000][1][safepoint    ] Total time for which application threads were stopped: 0.0000685 seconds, Stopping threads took: 0.0000182 seconds
[2019-12-08T12:04:21.513+0000][1][safepoint    ] Application time: 1.0000791 seconds
[2019-12-08T12:04:21.513+0000][1][safepoint    ] Entering safepoint region: Cleanup
[2019-12-08T12:04:21.513+0000][1][safepoint    ] Leaving safepoint region
[2019-12-08T12:04:21.513+0000][1][safepoint    ] Total time for which application threads were stopped: 0.0000701 seconds, Stopping threads took: 0.0000181 seconds
[2019-12-08T12:04:22.513+0000][1][safepoint    ] Application time: 1.0000817 seconds
[2019-12-08T12:04:22.513+0000][1][safepoint    ] Entering safepoint region: Cleanup
[2019-12-08T12:04:22.513+0000][1][safepoint    ] Leaving safepoint region
[2019-12-08T12:04:22.513+0000][1][safepoint    ] Total time for which application threads were stopped: 0.0000709 seconds, Stopping threads took: 0.0000172 seconds
[2019-12-08T12:04:23.514+0000][1][safepoint    ] Application time: 1.0000800 seconds
[2019-12-08T12:04:23.514+0000][1][safepoint    ] Entering safepoint region: Cleanup
[2019-12-08T12:04:23.514+0000][1][safepoint    ] Leaving safepoint region
[2019-12-08T12:04:23.514+0000][1][safepoint    ] Total time for which application threads were stopped: 0.0000730 seconds, Stopping threads took: 0.0000192 seconds
[2019-12-08T12:04:24.514+0000][1][safepoint    ] Application time: 1.0000878 seconds
[2019-12-08T12:04:24.514+0000][1][safepoint    ] Entering safepoint region: Cleanup
[2019-12-08T12:04:24.514+0000][1][safepoint    ] Leaving safepoint region
[2019-12-08T12:04:24.514+0000][1][safepoint    ] Total time for which application threads were stopped: 0.0000717 seconds, Stopping threads took: 0.0000179 seconds
[2019-12-08T12:04:25.514+0000][1][safepoint    ] Application time: 1.0000776 seconds
[2019-12-08T12:04:25.514+0000][1][safepoint    ] Entering safepoint region: Cleanup
[2019-12-08T12:04:25.514+0000][1][safepoint    ] Leaving safepoint region
[2019-12-08T12:04:25.514+0000][1][safepoint    ] Total time for which application threads were stopped: 0.0000714 seconds, Stopping threads took: 0.0000175 seconds
[2019-12-08T12:04:26.514+0000][1][safepoint    ] Application time: 1.0000765 seconds
[2019-12-08T12:04:26.514+0000][1][safepoint    ] Entering safepoint region: Cleanup
[2019-12-08T12:04:26.514+0000][1][safepoint    ] Leaving safepoint region
[2019-12-08T12:04:26.514+0000][1][safepoint    ] Total time for which application threads were stopped: 0.0000706 seconds, Stopping threads took: 0.0000184 seconds
[2019-12-08T12:04:27.514+0000][1][safepoint    ] Application time: 1.0000780 seconds
[2019-12-08T12:04:27.514+0000][1][safepoint    ] Entering safepoint region: Cleanup
[2019-12-08T12:04:27.514+0000][1][safepoint    ] Leaving safepoint region
[2019-12-08T12:04:27.514+0000][1][safepoint    ] Total time for which application threads were stopped: 0.0000732 seconds, Stopping threads took: 0.0000180 seconds
[2019-12-08T12:04:28.515+0000][1][safepoint    ] Application time: 1.0000767 seconds
[2019-12-08T12:04:28.515+0000][1][safepoint    ] Entering safepoint region: Cleanup
[2019-12-08T12:04:28.515+0000][1][safepoint    ] Leaving safepoint region
[2019-12-08T12:04:28.515+0000][1][safepoint    ] Total time for which application threads were stopped: 0.0000689 seconds, Stopping threads took: 0.0000162 seconds
[2019-12-08T12:04:29.515+0000][1][safepoint    ] Application time: 1.0000756 seconds
[2019-12-08T12:04:29.515+0000][1][safepoint    ] Entering safepoint region: Cleanup
[2019-12-08T12:04:29.515+0000][1][safepoint    ] Leaving safepoint region
[2019-12-08T12:04:29.515+0000][1][safepoint    ] Total time for which application threads were stopped: 0.0000715 seconds, Stopping threads took: 0.0000185 seconds
[2019-12-08T12:04:30.515+0000][1][safepoint    ] Application time: 1.0000740 seconds
[2019-12-08T12:04:30.515+0000][1][safepoint    ] Entering safepoint region: Cleanup
[2019-12-08T12:04:30.515+0000][1][safepoint    ] Leaving safepoint region
[2019-12-08T12:04:30.515+0000][1][safepoint    ] Total time for which application threads were stopped: 0.0000707 seconds, Stopping threads took: 0.0000178 seconds
[2019-12-08T12:04:31.515+0000][1][safepoint    ] Application time: 1.0000632 seconds
[2019-12-08T12:04:31.515+0000][1][safepoint    ] Entering safepoint region: Cleanup
[2019-12-08T12:04:31.515+0000][1][safepoint    ] Leaving safepoint region
[2019-12-08T12:04:31.515+0000][1][safepoint    ] Total time for which application threads were stopped: 0.0000740 seconds, Stopping threads took: 0.0000188 seconds
[2019-12-08T12:04:32.515+0000][1][safepoint    ] Application time: 1.0000791 seconds
[2019-12-08T12:04:32.515+0000][1][safepoint    ] Entering safepoint region: Cleanup
[2019-12-08T12:04:32.515+0000][1][safepoint    ] Leaving safepoint region
[2019-12-08T12:04:32.515+0000][1][safepoint    ] Total time for which application threads were stopped: 0.0000840 seconds, Stopping threads took: 0.0000186 seconds
[2019-12-08T12:04:33.516+0000][1][safepoint    ] Application time: 1.0000814 seconds
[2019-12-08T12:04:33.516+0000][1][safepoint    ] Entering safepoint region: Cleanup
[2019-12-08T12:04:33.516+0000][1][safepoint    ] Leaving safepoint region
[2019-12-08T12:04:33.516+0000][1][safepoint    ] Total time for which application threads were stopped: 0.0000813 seconds, Stopping threads took: 0.0000237 seconds
[2019-12-08T12:04:34.516+0000][1][safepoint    ] Application time: 1.0000714 seconds
[2019-12-08T12:04:34.516+0000][1][safepoint    ] Entering safepoint region: Cleanup
[2019-12-08T12:04:34.516+0000][1][safepoint    ] Leaving safepoint region
[2019-12-08T12:04:34.516+0000][1][safepoint    ] Total time for which application threads were stopped: 0.0000771 seconds, Stopping threads took: 0.0000194 seconds
[2019-12-08T12:04:35.516+0000][1][safepoint    ] Application time: 1.0000778 seconds
[2019-12-08T12:04:35.516+0000][1][safepoint    ] Entering safepoint region: Cleanup
[2019-12-08T12:04:35.516+0000][1][safepoint    ] Leaving safepoint region
[2019-12-08T12:04:35.516+0000][1][safepoint    ] Total time for which application threads were stopped: 0.0000739 seconds, Stopping threads took: 0.0000195 seconds
[2019-12-08T12:04:36.516+0000][1][safepoint    ] Application time: 1.0000781 seconds
[2019-12-08T12:04:36.516+0000][1][safepoint    ] Entering safepoint region: Cleanup
[2019-12-08T12:04:36.516+0000][1][safepoint    ] Leaving safepoint region
[2019-12-08T12:04:36.516+0000][1][safepoint    ] Total time for which application threads were stopped: 0.0000735 seconds, Stopping threads took: 0.0000181 seconds
[2019-12-08T12:04:37.516+0000][1][safepoint    ] Application time: 1.0000797 seconds
[2019-12-08T12:04:37.516+0000][1][safepoint    ] Entering safepoint region: Cleanup
[2019-12-08T12:04:37.516+0000][1][safepoint    ] Leaving safepoint region
[2019-12-08T12:04:37.516+0000][1][safepoint    ] Total time for which application threads were stopped: 0.0000748 seconds, Stopping threads took: 0.0000194 seconds
[2019-12-08T12:04:38.517+0000][1][safepoint    ] Application time: 1.0000779 seconds
[2019-12-08T12:04:38.517+0000][1][safepoint    ] Entering safepoint region: Cleanup
[2019-12-08T12:04:38.517+0000][1][safepoint    ] Leaving safepoint region
[2019-12-08T12:04:38.517+0000][1][safepoint    ] Total time for which application threads were stopped: 0.0000750 seconds, Stopping threads took: 0.0000191 seconds
[2019-12-08T12:04:39.517+0000][1][safepoint    ] Application time: 1.0000783 seconds
[2019-12-08T12:04:39.517+0000][1][safepoint    ] Entering safepoint region: Cleanup
[2019-12-08T12:04:39.517+0000][1][safepoint    ] Leaving safepoint region
[2019-12-08T12:04:39.517+0000][1][safepoint    ] Total time for which application threads were stopped: 0.0000725 seconds, Stopping threads took: 0.0000190 seconds
[2019-12-08T12:04:40.517+0000][1][safepoint    ] Application time: 1.0000840 seconds
[2019-12-08T12:04:40.517+0000][1][safepoint    ] Entering safepoint region: Cleanup
[2019-12-08T12:04:40.517+0000][1][safepoint    ] Leaving safepoint region
[2019-12-08T12:04:40.517+0000][1][safepoint    ] Total time for which application threads were stopped: 0.0000745 seconds, Stopping threads took: 0.0000173 seconds
[2019-12-08T12:04:41.517+0000][1][safepoint    ] Application time: 1.0000818 seconds
[2019-12-08T12:04:41.517+0000][1][safepoint    ] Entering safepoint region: Cleanup
[2019-12-08T12:04:41.517+0000][1][safepoint    ] Leaving safepoint region
[2019-12-08T12:04:41.517+0000][1][safepoint    ] Total time for which application threads were stopped: 0.0000726 seconds, Stopping threads took: 0.0000189 seconds
[2019-12-08T12:04:42.517+0000][1][safepoint    ] Application time: 1.0000804 seconds
[2019-12-08T12:04:42.517+0000][1][safepoint    ] Entering safepoint region: Cleanup
[2019-12-08T12:04:42.517+0000][1][safepoint    ] Leaving safepoint region
[2019-12-08T12:04:42.517+0000][1][safepoint    ] Total time for which application threads were stopped: 0.0000729 seconds, Stopping threads took: 0.0000188 seconds
[2019-12-08T12:04:43.517+0000][1][safepoint    ] Application time: 1.0000780 seconds
[2019-12-08T12:04:43.518+0000][1][safepoint    ] Entering safepoint region: Cleanup
[2019-12-08T12:04:43.518+0000][1][safepoint    ] Leaving safepoint region
[2019-12-08T12:04:43.518+0000][1][safepoint    ] Total time for which application threads were stopped: 0.0000718 seconds, Stopping threads took: 0.0000174 seconds
[2019-12-08T12:04:44.518+0000][1][safepoint    ] Application time: 1.0000741 seconds
[2019-12-08T12:04:44.518+0000][1][safepoint    ] Entering safepoint region: Cleanup
[2019-12-08T12:04:44.518+0000][1][safepoint    ] Leaving safepoint region
[2019-12-08T12:04:44.518+0000][1][safepoint    ] Total time for which application threads were stopped: 0.0000733 seconds, Stopping threads took: 0.0000201 seconds
[2019-12-08T12:04:45.518+0000][1][safepoint    ] Application time: 1.0000814 seconds
[2019-12-08T12:04:45.518+0000][1][safepoint    ] Entering safepoint region: Cleanup
[2019-12-08T12:04:45.518+0000][1][safepoint    ] Leaving safepoint region
[2019-12-08T12:04:45.518+0000][1][safepoint    ] Total time for which application threads were stopped: 0.0000742 seconds, Stopping threads took: 0.0000188 seconds
[2019-12-08T12:04:46.518+0000][1][safepoint    ] Application time: 1.0000809 seconds
[2019-12-08T12:04:46.518+0000][1][safepoint    ] Entering safepoint region: Cleanup
[2019-12-08T12:04:46.518+0000][1][safepoint    ] Leaving safepoint region
[2019-12-08T12:04:46.518+0000][1][safepoint    ] Total time for which application threads were stopped: 0.0000727 seconds, Stopping threads took: 0.0000179 seconds
[2019-12-08T12:04:47.518+0000][1][safepoint    ] Application time: 1.0000840 seconds
[2019-12-08T12:04:47.518+0000][1][safepoint    ] Entering safepoint region: Cleanup
[2019-12-08T12:04:47.518+0000][1][safepoint    ] Leaving safepoint region
[2019-12-08T12:04:47.518+0000][1][safepoint    ] Total time for which application threads were stopped: 0.0000804 seconds, Stopping threads took: 0.0000203 seconds
[2019-12-08T12:04:48.518+0000][1][safepoint    ] Application time: 1.0000902 seconds
[2019-12-08T12:04:48.519+0000][1][safepoint    ] Entering safepoint region: Cleanup
[2019-12-08T12:04:48.519+0000][1][safepoint    ] Leaving safepoint region
[2019-12-08T12:04:48.519+0000][1][safepoint    ] Total time for which application threads were stopped: 0.0000814 seconds, Stopping threads took: 0.0000217 seconds
[2019-12-08T12:04:49.519+0000][1][safepoint    ] Application time: 1.0001879 seconds
[2019-12-08T12:04:49.519+0000][1][safepoint    ] Entering safepoint region: Cleanup
[2019-12-08T12:04:49.519+0000][1][safepoint    ] Leaving safepoint region
[2019-12-08T12:04:49.519+0000][1][safepoint    ] Total time for which application threads were stopped: 0.0001074 seconds, Stopping threads took: 0.0000271 seconds
[2019-12-08T12:04:50.519+0000][1][safepoint    ] Application time: 1.0000647 seconds
[2019-12-08T12:04:50.519+0000][1][safepoint    ] Entering safepoint region: Cleanup
[2019-12-08T12:04:50.519+0000][1][safepoint    ] Leaving safepoint region
[2019-12-08T12:04:50.519+0000][1][safepoint    ] Total time for which application threads were stopped: 0.0001032 seconds, Stopping threads took: 0.0000268 seconds
[2019-12-08T12:04:51.519+0000][1][safepoint    ] Application time: 1.0000833 seconds
[2019-12-08T12:04:51.519+0000][1][safepoint    ] Entering safepoint region: Cleanup
[2019-12-08T12:04:51.519+0000][1][safepoint    ] Leaving safepoint region
[2019-12-08T12:04:51.519+0000][1][safepoint    ] Total time for which application threads were stopped: 0.0000855 seconds, Stopping threads took: 0.0000282 seconds
[2019-12-08T12:04:52.519+0000][1][safepoint    ] Application time: 1.0000843 seconds
[2019-12-08T12:04:52.520+0000][1][safepoint    ] Entering safepoint region: Cleanup
[2019-12-08T12:04:52.520+0000][1][safepoint    ] Leaving safepoint region
[2019-12-08T12:04:52.520+0000][1][safepoint    ] Total time for which application threads were stopped: 0.0000791 seconds, Stopping threads took: 0.0000185 seconds
[2019-12-08T12:04:53.520+0000][1][safepoint    ] Application time: 1.0000835 seconds
[2019-12-08T12:04:53.520+0000][1][safepoint    ] Entering safepoint region: Cleanup
[2019-12-08T12:04:53.520+0000][1][safepoint    ] Leaving safepoint region
[2019-12-08T12:04:53.520+0000][1][safepoint    ] Total time for which application threads were stopped: 0.0001045 seconds, Stopping threads took: 0.0000267 seconds
[2019-12-08T12:04:54.520+0000][1][safepoint    ] Application time: 1.0000879 seconds
[2019-12-08T12:04:54.520+0000][1][safepoint    ] Entering safepoint region: Cleanup
[2019-12-08T12:04:54.520+0000][1][safepoint    ] Leaving safepoint region
[2019-12-08T12:04:54.520+0000][1][safepoint    ] Total time for which application threads were stopped: 0.0001176 seconds, Stopping threads took: 0.0000525 seconds
[2019-12-08T12:04:55.523+0000][1][safepoint    ] Application time: 1.0027760 seconds
[2019-12-08T12:04:55.523+0000][1][safepoint    ] Entering safepoint region: Cleanup
[2019-12-08T12:04:55.523+0000][1][safepoint    ] Leaving safepoint region
[2019-12-08T12:04:55.523+0000][1][safepoint    ] Total time for which application threads were stopped: 0.0001109 seconds, Stopping threads took: 0.0000249 seconds
[2019-12-08T12:04:56.523+0000][1][safepoint    ] Application time: 1.0000776 seconds
[2019-12-08T12:04:56.523+0000][1][safepoint    ] Entering safepoint region: Cleanup
[2019-12-08T12:04:56.523+0000][1][safepoint    ] Leaving safepoint region
[2019-12-08T12:04:56.523+0000][1][safepoint    ] Total time for which application threads were stopped: 0.0000804 seconds, Stopping threads took: 0.0000184 seconds
[2019-12-08T12:04:57.523+0000][1][safepoint    ] Application time: 1.0000788 seconds
[2019-12-08T12:04:57.523+0000][1][safepoint    ] Entering safepoint region: Cleanup
[2019-12-08T12:04:57.523+0000][1][safepoint    ] Leaving safepoint region
[2019-12-08T12:04:57.523+0000][1][safepoint    ] Total time for which application threads were stopped: 0.0000707 seconds, Stopping threads took: 0.0000184 seconds
[2019-12-08T12:04:58.524+0000][1][safepoint    ] Application time: 1.0000782 seconds
[2019-12-08T12:04:58.524+0000][1][safepoint    ] Entering safepoint region: Cleanup
[2019-12-08T12:04:58.524+0000][1][safepoint    ] Leaving safepoint region
[2019-12-08T12:04:58.524+0000][1][safepoint    ] Total time for which application threads were stopped: 0.0000718 seconds, Stopping threads took: 0.0000200 seconds
[2019-12-08T12:04:59.524+0000][1][safepoint    ] Application time: 1.0000774 seconds
[2019-12-08T12:04:59.524+0000][1][safepoint    ] Entering safepoint region: Cleanup
[2019-12-08T12:04:59.524+0000][1][safepoint    ] Leaving safepoint region
[2019-12-08T12:04:59.524+0000][1][safepoint    ] Total time for which application threads were stopped: 0.0000778 seconds, Stopping threads took: 0.0000249 seconds
[2019-12-08T12:05:00.524+0000][1][safepoint    ] Application time: 1.0000791 seconds
[2019-12-08T12:05:00.524+0000][1][safepoint    ] Entering safepoint region: Cleanup
[2019-12-08T12:05:00.524+0000][1][safepoint    ] Leaving safepoint region
[2019-12-08T12:05:00.524+0000][1][safepoint    ] Total time for which application threads were stopped: 0.0000729 seconds, Stopping threads took: 0.0000190 seconds
[2019-12-08T12:05:01.524+0000][1][safepoint    ] Application time: 1.0000843 seconds
[2019-12-08T12:05:01.524+0000][1][safepoint    ] Entering safepoint region: Cleanup
[2019-12-08T12:05:01.524+0000][1][safepoint    ] Leaving safepoint region
[2019-12-08T12:05:01.524+0000][1][safepoint    ] Total time for which application threads were stopped: 0.0000748 seconds, Stopping threads took: 0.0000191 seconds
[2019-12-08T12:05:02.524+0000][1][safepoint    ] Application time: 1.0000808 seconds
[2019-12-08T12:05:02.524+0000][1][safepoint    ] Entering safepoint region: Cleanup
[2019-12-08T12:05:02.524+0000][1][safepoint    ] Leaving safepoint region
[2019-12-08T12:05:02.524+0000][1][safepoint    ] Total time for which application threads were stopped: 0.0000760 seconds, Stopping threads took: 0.0000200 seconds
[2019-12-08T12:05:03.525+0000][1][safepoint    ] Application time: 1.0000842 seconds
[2019-12-08T12:05:03.525+0000][1][safepoint    ] Entering safepoint region: Cleanup
[2019-12-08T12:05:03.525+0000][1][safepoint    ] Leaving safepoint region
[2019-12-08T12:05:03.525+0000][1][safepoint    ] Total time for which application threads were stopped: 0.0000734 seconds, Stopping threads took: 0.0000190 seconds
[2019-12-08T12:05:04.525+0000][1][safepoint    ] Application time: 1.0000762 seconds
[2019-12-08T12:05:04.525+0000][1][safepoint    ] Entering safepoint region: Cleanup
[2019-12-08T12:05:04.525+0000][1][safepoint    ] Leaving safepoint region
[2019-12-08T12:05:04.525+0000][1][safepoint    ] Total time for which application threads were stopped: 0.0000792 seconds, Stopping threads took: 0.0000178 seconds
[2019-12-08T12:05:05.525+0000][1][safepoint    ] Application time: 1.0000774 seconds
[2019-12-08T12:05:05.525+0000][1][safepoint    ] Entering safepoint region: Cleanup
[2019-12-08T12:05:05.525+0000][1][safepoint    ] Leaving safepoint region
[2019-12-08T12:05:05.525+0000][1][safepoint    ] Total time for which application threads were stopped: 0.0000722 seconds, Stopping threads took: 0.0000189 seconds
[2019-12-08T12:05:06.525+0000][1][safepoint    ] Application time: 1.0000760 seconds
[2019-12-08T12:05:06.525+0000][1][safepoint    ] Entering safepoint region: Cleanup
[2019-12-08T12:05:06.525+0000][1][safepoint    ] Leaving safepoint region
[2019-12-08T12:05:06.525+0000][1][safepoint    ] Total time for which application threads were stopped: 0.0000707 seconds, Stopping threads took: 0.0000188 seconds
[2019-12-08T12:05:07.525+0000][1][safepoint    ] Application time: 1.0000756 seconds
[2019-12-08T12:05:07.525+0000][1][safepoint    ] Entering safepoint region: Cleanup
[2019-12-08T12:05:07.525+0000][1][safepoint    ] Leaving safepoint region
[2019-12-08T12:05:07.525+0000][1][safepoint    ] Total time for which application threads were stopped: 0.0000733 seconds, Stopping threads took: 0.0000230 seconds
[2019-12-08T12:05:08.525+0000][1][safepoint    ] Application time: 1.0000771 seconds
[2019-12-08T12:05:08.526+0000][1][safepoint    ] Entering safepoint region: Cleanup
[2019-12-08T12:05:08.526+0000][1][safepoint    ] Leaving safepoint region
[2019-12-08T12:05:08.526+0000][1][safepoint    ] Total time for which application threads were stopped: 0.0000753 seconds, Stopping threads took: 0.0000191 seconds
[2019-12-08T12:05:09.526+0000][1][safepoint    ] Application time: 1.0000804 seconds
[2019-12-08T12:05:09.526+0000][1][safepoint    ] Entering safepoint region: Cleanup
[2019-12-08T12:05:09.526+0000][1][safepoint    ] Leaving safepoint region
[2019-12-08T12:05:09.526+0000][1][safepoint    ] Total time for which application threads were stopped: 0.0000730 seconds, Stopping threads took: 0.0000195 seconds
[2019-12-08T12:05:10.526+0000][1][safepoint    ] Application time: 1.0000742 seconds
[2019-12-08T12:05:10.526+0000][1][safepoint    ] Entering safepoint region: Cleanup
[2019-12-08T12:05:10.526+0000][1][safepoint    ] Leaving safepoint region
[2019-12-08T12:05:10.526+0000][1][safepoint    ] Total time for which application threads were stopped: 0.0000712 seconds, Stopping threads took: 0.0000186 seconds
[2019-12-08T12:05:11.526+0000][1][safepoint    ] Application time: 1.0000728 seconds
[2019-12-08T12:05:11.526+0000][1][safepoint    ] Entering safepoint region: Cleanup
[2019-12-08T12:05:11.526+0000][1][safepoint    ] Leaving safepoint region
[2019-12-08T12:05:11.526+0000][1][safepoint    ] Total time for which application threads were stopped: 0.0000726 seconds, Stopping threads took: 0.0000193 seconds
[2019-12-08T12:05:12.526+0000][1][safepoint    ] Application time: 1.0000788 seconds
[2019-12-08T12:05:12.526+0000][1][safepoint    ] Entering safepoint region: Cleanup
[2019-12-08T12:05:12.526+0000][1][safepoint    ] Leaving safepoint region
[2019-12-08T12:05:12.526+0000][1][safepoint    ] Total time for which application threads were stopped: 0.0000741 seconds, Stopping threads took: 0.0000193 seconds
[2019-12-08T12:05:13.526+0000][1][safepoint    ] Application time: 1.0000812 seconds
[2019-12-08T12:05:13.526+0000][1][safepoint    ] Entering safepoint region: Cleanup
[2019-12-08T12:05:13.527+0000][1][safepoint    ] Leaving safepoint region
[2019-12-08T12:05:13.527+0000][1][safepoint    ] Total time for which application threads were stopped: 0.0000706 seconds, Stopping threads took: 0.0000178 seconds
[2019-12-08T12:05:14.527+0000][1][safepoint    ] Application time: 1.0000763 seconds
[2019-12-08T12:05:14.527+0000][1][safepoint    ] Entering safepoint region: Cleanup
[2019-12-08T12:05:14.527+0000][1][safepoint    ] Leaving safepoint region
[2019-12-08T12:05:14.527+0000][1][safepoint    ] Total time for which application threads were stopped: 0.0000837 seconds, Stopping threads took: 0.0000193 seconds
[2019-12-08T12:05:15.527+0000][1][safepoint    ] Application time: 1.0000770 seconds
[2019-12-08T12:05:15.527+0000][1][safepoint    ] Entering safepoint region: Cleanup
[2019-12-08T12:05:15.527+0000][1][safepoint    ] Leaving safepoint region
[2019-12-08T12:05:15.527+0000][1][safepoint    ] Total time for which application threads were stopped: 0.0000752 seconds, Stopping threads took: 0.0000218 seconds
[2019-12-08T12:05:16.527+0000][1][safepoint    ] Application time: 1.0000772 seconds
[2019-12-08T12:05:16.527+0000][1][safepoint    ] Entering safepoint region: Cleanup
[2019-12-08T12:05:16.527+0000][1][safepoint    ] Leaving safepoint region
[2019-12-08T12:05:16.527+0000][1][safepoint    ] Total time for which application threads were stopped: 0.0000728 seconds, Stopping threads took: 0.0000184 seconds
[2019-12-08T12:05:17.527+0000][1][safepoint    ] Application time: 1.0000760 seconds
[2019-12-08T12:05:17.527+0000][1][safepoint    ] Entering safepoint region: Cleanup
[2019-12-08T12:05:17.527+0000][1][safepoint    ] Leaving safepoint region
[2019-12-08T12:05:17.527+0000][1][safepoint    ] Total time for which application threads were stopped: 0.0000724 seconds, Stopping threads took: 0.0000190 seconds
[2019-12-08T12:05:18.527+0000][1][safepoint    ] Application time: 1.0000828 seconds
[2019-12-08T12:05:18.527+0000][1][safepoint    ] Entering safepoint region: Cleanup
[2019-12-08T12:05:18.528+0000][1][safepoint    ] Leaving safepoint region
[2019-12-08T12:05:18.528+0000][1][safepoint    ] Total time for which application threads were stopped: 0.0000782 seconds, Stopping threads took: 0.0000222 seconds
[2019-12-08T12:05:19.528+0000][1][safepoint    ] Application time: 1.0000766 seconds
[2019-12-08T12:05:19.528+0000][1][safepoint    ] Entering safepoint region: Cleanup
[2019-12-08T12:05:19.528+0000][1][safepoint    ] Leaving safepoint region
[2019-12-08T12:05:19.528+0000][1][safepoint    ] Total time for which application threads were stopped: 0.0000817 seconds, Stopping threads took: 0.0000187 seconds
[2019-12-08T12:05:20.528+0000][1][safepoint    ] Application time: 1.0000748 seconds
[2019-12-08T12:05:20.528+0000][1][safepoint    ] Entering safepoint region: Cleanup
[2019-12-08T12:05:20.528+0000][1][safepoint    ] Leaving safepoint region
[2019-12-08T12:05:20.528+0000][1][safepoint    ] Total time for which application threads were stopped: 0.0000733 seconds, Stopping threads took: 0.0000207 seconds
[2019-12-08T12:05:21.528+0000][1][safepoint    ] Application time: 1.0000760 seconds
[2019-12-08T12:05:21.528+0000][1][safepoint    ] Entering safepoint region: Cleanup
[2019-12-08T12:05:21.528+0000][1][safepoint    ] Leaving safepoint region
[2019-12-08T12:05:21.528+0000][1][safepoint    ] Total time for which application threads were stopped: 0.0000750 seconds, Stopping threads took: 0.0000192 seconds
[2019-12-08T12:05:22.528+0000][1][safepoint    ] Application time: 1.0000753 seconds
[2019-12-08T12:05:22.528+0000][1][safepoint    ] Entering safepoint region: Cleanup
[2019-12-08T12:05:22.528+0000][1][safepoint    ] Leaving safepoint region
[2019-12-08T12:05:22.528+0000][1][safepoint    ] Total time for which application threads were stopped: 0.0000802 seconds, Stopping threads took: 0.0000264 seconds
[2019-12-08T12:05:23.528+0000][1][safepoint    ] Application time: 1.0000737 seconds
[2019-12-08T12:05:23.528+0000][1][safepoint    ] Entering safepoint region: Cleanup
[2019-12-08T12:05:23.528+0000][1][safepoint    ] Leaving safepoint region
[2019-12-08T12:05:23.528+0000][1][safepoint    ] Total time for which application threads were stopped: 0.0000717 seconds, Stopping threads took: 0.0000192 seconds
[2019-12-08T12:05:24.529+0000][1][safepoint    ] Application time: 1.0000832 seconds
[2019-12-08T12:05:24.529+0000][1][safepoint    ] Entering safepoint region: Cleanup
[2019-12-08T12:05:24.529+0000][1][safepoint    ] Leaving safepoint region
[2019-12-08T12:05:24.529+0000][1][safepoint    ] Total time for which application threads were stopped: 0.0000854 seconds, Stopping threads took: 0.0000188 seconds
[2019-12-08T12:05:25.529+0000][1][safepoint    ] Application time: 1.0000811 seconds
[2019-12-08T12:05:25.529+0000][1][safepoint    ] Entering safepoint region: Cleanup
[2019-12-08T12:05:25.529+0000][1][safepoint    ] Leaving safepoint region
[2019-12-08T12:05:25.529+0000][1][safepoint    ] Total time for which application threads were stopped: 0.0000745 seconds, Stopping threads took: 0.0000191 seconds
[2019-12-08T12:05:26.529+0000][1][safepoint    ] Application time: 1.0000787 seconds
[2019-12-08T12:05:26.529+0000][1][safepoint    ] Entering safepoint region: Cleanup
[2019-12-08T12:05:26.529+0000][1][safepoint    ] Leaving safepoint region
[2019-12-08T12:05:26.529+0000][1][safepoint    ] Total time for which application threads were stopped: 0.0000764 seconds, Stopping threads took: 0.0000202 seconds
[2019-12-08T12:05:27.529+0000][1][safepoint    ] Application time: 1.0000813 seconds
[2019-12-08T12:05:27.529+0000][1][safepoint    ] Entering safepoint region: Cleanup
[2019-12-08T12:05:27.529+0000][1][safepoint    ] Leaving safepoint region
[2019-12-08T12:05:27.529+0000][1][safepoint    ] Total time for which application threads were stopped: 0.0000750 seconds, Stopping threads took: 0.0000196 seconds
[2019-12-08T12:05:28.529+0000][1][safepoint    ] Application time: 1.0000784 seconds
[2019-12-08T12:05:28.529+0000][1][safepoint    ] Entering safepoint region: Cleanup
[2019-12-08T12:05:28.529+0000][1][safepoint    ] Leaving safepoint region
[2019-12-08T12:05:28.529+0000][1][safepoint    ] Total time for which application threads were stopped: 0.0000741 seconds, Stopping threads took: 0.0000195 seconds
[2019-12-08T12:05:29.530+0000][1][safepoint    ] Application time: 1.0000772 seconds
[2019-12-08T12:05:29.530+0000][1][safepoint    ] Entering safepoint region: Cleanup
[2019-12-08T12:05:29.530+0000][1][safepoint    ] Leaving safepoint region
[2019-12-08T12:05:29.530+0000][1][safepoint    ] Total time for which application threads were stopped: 0.0000694 seconds, Stopping threads took: 0.0000174 seconds
[2019-12-08T12:05:30.530+0000][1][safepoint    ] Application time: 1.0000761 seconds
[2019-12-08T12:05:30.530+0000][1][safepoint    ] Entering safepoint region: Cleanup
[2019-12-08T12:05:30.530+0000][1][safepoint    ] Leaving safepoint region
[2019-12-08T12:05:30.530+0000][1][safepoint    ] Total time for which application threads were stopped: 0.0000705 seconds, Stopping threads took: 0.0000180 seconds
[2019-12-08T12:05:31.530+0000][1][safepoint    ] Application time: 1.0000756 seconds
[2019-12-08T12:05:31.530+0000][1][safepoint    ] Entering safepoint region: Cleanup
[2019-12-08T12:05:31.530+0000][1][safepoint    ] Leaving safepoint region
[2019-12-08T12:05:31.530+0000][1][safepoint    ] Total time for which application threads were stopped: 0.0000725 seconds, Stopping threads took: 0.0000181 seconds
[2019-12-08T12:05:32.530+0000][1][safepoint    ] Application time: 1.0000787 seconds
[2019-12-08T12:05:32.530+0000][1][safepoint    ] Entering safepoint region: Cleanup
[2019-12-08T12:05:32.530+0000][1][safepoint    ] Leaving safepoint region
[2019-12-08T12:05:32.530+0000][1][safepoint    ] Total time for which application threads were stopped: 0.0000828 seconds, Stopping threads took: 0.0000274 seconds
[2019-12-08T12:05:33.530+0000][1][safepoint    ] Application time: 1.0000824 seconds
[2019-12-08T12:05:33.530+0000][1][safepoint    ] Entering safepoint region: Cleanup
[2019-12-08T12:05:33.530+0000][1][safepoint    ] Leaving safepoint region
[2019-12-08T12:05:33.530+0000][1][safepoint    ] Total time for which application threads were stopped: 0.0000711 seconds, Stopping threads took: 0.0000183 seconds
[2019-12-08T12:05:34.531+0000][1][safepoint    ] Application time: 1.0000766 seconds
[2019-12-08T12:05:34.531+0000][1][safepoint    ] Entering safepoint region: Cleanup
[2019-12-08T12:05:34.531+0000][1][safepoint    ] Leaving safepoint region
[2019-12-08T12:05:34.531+0000][1][safepoint    ] Total time for which application threads were stopped: 0.0000699 seconds, Stopping threads took: 0.0000179 seconds
[2019-12-08T12:05:35.531+0000][1][safepoint    ] Application time: 1.0000879 seconds
[2019-12-08T12:05:35.531+0000][1][safepoint    ] Entering safepoint region: Cleanup
[2019-12-08T12:05:35.531+0000][1][safepoint    ] Leaving safepoint region
[2019-12-08T12:05:35.531+0000][1][safepoint    ] Total time for which application threads were stopped: 0.0000733 seconds, Stopping threads took: 0.0000182 seconds
[2019-12-08T12:05:36.531+0000][1][safepoint    ] Application time: 1.0000781 seconds
[2019-12-08T12:05:36.531+0000][1][safepoint    ] Entering safepoint region: Cleanup
[2019-12-08T12:05:36.531+0000][1][safepoint    ] Leaving safepoint region
[2019-12-08T12:05:36.531+0000][1][safepoint    ] Total time for which application threads were stopped: 0.0000718 seconds, Stopping threads took: 0.0000184 seconds
[2019-12-08T12:05:37.531+0000][1][safepoint    ] Application time: 1.0000781 seconds
[2019-12-08T12:05:37.531+0000][1][safepoint    ] Entering safepoint region: Cleanup
[2019-12-08T12:05:37.531+0000][1][safepoint    ] Leaving safepoint region
[2019-12-08T12:05:37.531+0000][1][safepoint    ] Total time for which application threads were stopped: 0.0000698 seconds, Stopping threads took: 0.0000180 seconds
[2019-12-08T12:05:38.531+0000][1][safepoint    ] Application time: 1.0000786 seconds
[2019-12-08T12:05:38.531+0000][1][safepoint    ] Entering safepoint region: Cleanup
[2019-12-08T12:05:38.531+0000][1][safepoint    ] Leaving safepoint region
[2019-12-08T12:05:38.531+0000][1][safepoint    ] Total time for which application threads were stopped: 0.0000731 seconds, Stopping threads took: 0.0000186 seconds
[2019-12-08T12:05:39.531+0000][1][safepoint    ] Application time: 1.0000785 seconds
[2019-12-08T12:05:39.532+0000][1][safepoint    ] Entering safepoint region: Cleanup
[2019-12-08T12:05:39.532+0000][1][safepoint    ] Leaving safepoint region
[2019-12-08T12:05:39.532+0000][1][safepoint    ] Total time for which application threads were stopped: 0.0000723 seconds, Stopping threads took: 0.0000189 seconds
[2019-12-08T12:05:40.532+0000][1][safepoint    ] Application time: 1.0000766 seconds
[2019-12-08T12:05:40.532+0000][1][safepoint    ] Entering safepoint region: Cleanup
[2019-12-08T12:05:40.532+0000][1][safepoint    ] Leaving safepoint region
[2019-12-08T12:05:40.532+0000][1][safepoint    ] Total time for which application threads were stopped: 0.0000713 seconds, Stopping threads took: 0.0000183 seconds
[2019-12-08T12:05:41.532+0000][1][safepoint    ] Application time: 1.0000771 seconds
[2019-12-08T12:05:41.532+0000][1][safepoint    ] Entering safepoint region: Cleanup
[2019-12-08T12:05:41.532+0000][1][safepoint    ] Leaving safepoint region
[2019-12-08T12:05:41.532+0000][1][safepoint    ] Total time for which application threads were stopped: 0.0000711 seconds, Stopping threads took: 0.0000184 seconds
[2019-12-08T12:05:42.532+0000][1][safepoint    ] Application time: 1.0000765 seconds
[2019-12-08T12:05:42.532+0000][1][safepoint    ] Entering safepoint region: Cleanup
[2019-12-08T12:05:42.532+0000][1][safepoint    ] Leaving safepoint region
[2019-12-08T12:05:42.532+0000][1][safepoint    ] Total time for which application threads were stopped: 0.0000812 seconds, Stopping threads took: 0.0000276 seconds
[2019-12-08T12:05:43.532+0000][1][safepoint    ] Application time: 1.0000763 seconds
[2019-12-08T12:05:43.532+0000][1][safepoint    ] Entering safepoint region: Cleanup
[2019-12-08T12:05:43.532+0000][1][safepoint    ] Leaving safepoint region
[2019-12-08T12:05:43.532+0000][1][safepoint    ] Total time for which application threads were stopped: 0.0000722 seconds, Stopping threads took: 0.0000195 seconds
[2019-12-08T12:05:44.532+0000][1][safepoint    ] Application time: 1.0000756 seconds
[2019-12-08T12:05:44.533+0000][1][safepoint    ] Entering safepoint region: Cleanup
[2019-12-08T12:05:44.533+0000][1][safepoint    ] Leaving safepoint region
[2019-12-08T12:05:44.533+0000][1][safepoint    ] Total time for which application threads were stopped: 0.0000721 seconds, Stopping threads took: 0.0000182 seconds
[2019-12-08T12:05:45.533+0000][1][safepoint    ] Application time: 1.0000792 seconds
[2019-12-08T12:05:45.533+0000][1][safepoint    ] Entering safepoint region: Cleanup
[2019-12-08T12:05:45.533+0000][1][safepoint    ] Leaving safepoint region
[2019-12-08T12:05:45.533+0000][1][safepoint    ] Total time for which application threads were stopped: 0.0000781 seconds, Stopping threads took: 0.0000230 seconds
[2019-12-08T12:05:46.533+0000][1][safepoint    ] Application time: 1.0000865 seconds
[2019-12-08T12:05:46.533+0000][1][safepoint    ] Entering safepoint region: Cleanup
[2019-12-08T12:05:46.533+0000][1][safepoint    ] Leaving safepoint region
[2019-12-08T12:05:46.533+0000][1][safepoint    ] Total time for which application threads were stopped: 0.0000763 seconds, Stopping threads took: 0.0000208 seconds
[2019-12-08T12:05:47.533+0000][1][safepoint    ] Application time: 1.0000858 seconds
[2019-12-08T12:05:47.533+0000][1][safepoint    ] Entering safepoint region: Cleanup
[2019-12-08T12:05:47.533+0000][1][safepoint    ] Leaving safepoint region
[2019-12-08T12:05:47.533+0000][1][safepoint    ] Total time for which application threads were stopped: 0.0000736 seconds, Stopping threads took: 0.0000184 seconds
[2019-12-08T12:05:48.533+0000][1][safepoint    ] Application time: 1.0000779 seconds
[2019-12-08T12:05:48.533+0000][1][safepoint    ] Entering safepoint region: Cleanup
[2019-12-08T12:05:48.533+0000][1][safepoint    ] Leaving safepoint region
[2019-12-08T12:05:48.533+0000][1][safepoint    ] Total time for which application threads were stopped: 0.0000743 seconds, Stopping threads took: 0.0000208 seconds
[2019-12-08T12:05:49.533+0000][1][safepoint    ] Application time: 1.0000764 seconds
[2019-12-08T12:05:49.534+0000][1][safepoint    ] Entering safepoint region: Cleanup
[2019-12-08T12:05:49.534+0000][1][safepoint    ] Leaving safepoint region
[2019-12-08T12:05:49.534+0000][1][safepoint    ] Total time for which application threads were stopped: 0.0000708 seconds, Stopping threads took: 0.0000181 seconds
[2019-12-08T12:05:50.534+0000][1][safepoint    ] Application time: 1.0000781 seconds
[2019-12-08T12:05:50.534+0000][1][safepoint    ] Entering safepoint region: Cleanup
[2019-12-08T12:05:50.534+0000][1][safepoint    ] Leaving safepoint region
[2019-12-08T12:05:50.534+0000][1][safepoint    ] Total time for which application threads were stopped: 0.0000752 seconds, Stopping threads took: 0.0000219 seconds
[2019-12-08T12:05:51.534+0000][1][safepoint    ] Application time: 1.0000794 seconds
[2019-12-08T12:05:51.534+0000][1][safepoint    ] Entering safepoint region: Cleanup
[2019-12-08T12:05:51.534+0000][1][safepoint    ] Leaving safepoint region
[2019-12-08T12:05:51.534+0000][1][safepoint    ] Total time for which application threads were stopped: 0.0000746 seconds, Stopping threads took: 0.0000193 seconds
[2019-12-08T12:05:52.288+0000][1][safepoint    ] Application time: 0.7535613 seconds
[2019-12-08T12:05:52.288+0000][1][safepoint    ] Entering safepoint region: GenCollectForAllocation
[2019-12-08T12:05:52.288+0000][1][gc,start     ] GC(38) Pause Young (Allocation Failure)
[2019-12-08T12:05:52.288+0000][1][gc,task      ] GC(38) Using 4 workers of 4 for evacuation
[2019-12-08T12:05:52.289+0000][1][gc,age       ] GC(38) Desired survivor size 4456448 bytes, new threshold 6 (max threshold 6)
[2019-12-08T12:05:52.289+0000][1][gc,age       ] GC(38) Age table with threshold 6 (max threshold 6)
[2019-12-08T12:05:52.289+0000][1][gc,age       ] GC(38) - age   1:       5000 bytes,       5000 total
[2019-12-08T12:05:52.289+0000][1][gc,age       ] GC(38) - age   2:       2272 bytes,       7272 total
[2019-12-08T12:05:52.289+0000][1][gc,age       ] GC(38) - age   3:        144 bytes,       7416 total
[2019-12-08T12:05:52.289+0000][1][gc,age       ] GC(38) - age   4:       1392 bytes,       8808 total
[2019-12-08T12:05:52.289+0000][1][gc,age       ] GC(38) - age   5:        768 bytes,       9576 total
[2019-12-08T12:05:52.289+0000][1][gc,age       ] GC(38) - age   6:       1480 bytes,      11056 total
[2019-12-08T12:05:52.289+0000][1][gc,heap      ] GC(38) ParNew: 69969K->18K(78656K)
[2019-12-08T12:05:52.289+0000][1][gc,heap      ] GC(38) CMS: 70067K->70068K(174784K)
[2019-12-08T12:05:52.289+0000][1][gc,metaspace ] GC(38) Metaspace: 69056K->69056K(1112064K)
[2019-12-08T12:05:52.289+0000][1][gc           ] GC(38) Pause Young (Allocation Failure) 136M->68M(247M) 1.090ms
[2019-12-08T12:05:52.289+0000][1][gc,cpu       ] GC(38) User=0.00s Sys=0.00s Real=0.00s
[2019-12-08T12:05:52.289+0000][1][safepoint    ] Leaving safepoint region
[2019-12-08T12:05:52.289+0000][1][safepoint    ] Total time for which application threads were stopped: 0.0012608 seconds, Stopping threads took: 0.0000262 seconds
[2019-12-08T12:05:53.289+0000][1][safepoint    ] Application time: 1.0005128 seconds
[2019-12-08T12:05:53.289+0000][1][safepoint    ] Entering safepoint region: Cleanup
[2019-12-08T12:05:53.289+0000][1][safepoint    ] Leaving safepoint region
[2019-12-08T12:05:53.289+0000][1][safepoint    ] Total time for which application threads were stopped: 0.0000767 seconds, Stopping threads took: 0.0000216 seconds
[2019-12-08T12:05:54.290+0000][1][safepoint    ] Application time: 1.0000789 seconds
[2019-12-08T12:05:54.290+0000][1][safepoint    ] Entering safepoint region: Cleanup
[2019-12-08T12:05:54.290+0000][1][safepoint    ] Leaving safepoint region
[2019-12-08T12:05:54.290+0000][1][safepoint    ] Total time for which application threads were stopped: 0.0000772 seconds, Stopping threads took: 0.0000202 seconds
[2019-12-08T12:05:55.290+0000][1][safepoint    ] Application time: 1.0000975 seconds
[2019-12-08T12:05:55.290+0000][1][safepoint    ] Entering safepoint region: Cleanup
[2019-12-08T12:05:55.290+0000][1][safepoint    ] Leaving safepoint region
[2019-12-08T12:05:55.290+0000][1][safepoint    ] Total time for which application threads were stopped: 0.0000755 seconds, Stopping threads took: 0.0000201 seconds
[2019-12-08T12:05:56.290+0000][1][safepoint    ] Application time: 1.0000772 seconds
[2019-12-08T12:05:56.290+0000][1][safepoint    ] Entering safepoint region: Cleanup
[2019-12-08T12:05:56.290+0000][1][safepoint    ] Leaving safepoint region
[2019-12-08T12:05:56.290+0000][1][safepoint    ] Total time for which application threads were stopped: 0.0000749 seconds, Stopping threads took: 0.0000187 seconds
[2019-12-08T12:05:57.290+0000][1][safepoint    ] Application time: 1.0000845 seconds
[2019-12-08T12:05:57.290+0000][1][safepoint    ] Entering safepoint region: Cleanup
[2019-12-08T12:05:57.290+0000][1][safepoint    ] Leaving safepoint region
[2019-12-08T12:05:57.290+0000][1][safepoint    ] Total time for which application threads were stopped: 0.0001051 seconds, Stopping threads took: 0.0000425 seconds
[2019-12-08T12:05:58.290+0000][1][safepoint    ] Application time: 1.0000855 seconds
[2019-12-08T12:05:58.290+0000][1][safepoint    ] Entering safepoint region: Cleanup
[2019-12-08T12:05:58.291+0000][1][safepoint    ] Leaving safepoint region
[2019-12-08T12:05:58.291+0000][1][safepoint    ] Total time for which application threads were stopped: 0.0000744 seconds, Stopping threads took: 0.0000188 seconds
[2019-12-08T12:05:59.291+0000][1][safepoint    ] Application time: 1.0000914 seconds
[2019-12-08T12:05:59.291+0000][1][safepoint    ] Entering safepoint region: Cleanup
[2019-12-08T12:05:59.291+0000][1][safepoint    ] Leaving safepoint region
[2019-12-08T12:05:59.291+0000][1][safepoint    ] Total time for which application threads were stopped: 0.0000914 seconds, Stopping threads took: 0.0000306 seconds
[2019-12-08T12:06:00.291+0000][1][safepoint    ] Application time: 1.0000752 seconds
[2019-12-08T12:06:00.291+0000][1][safepoint    ] Entering safepoint region: Cleanup
[2019-12-08T12:06:00.291+0000][1][safepoint    ] Leaving safepoint region
[2019-12-08T12:06:00.291+0000][1][safepoint    ] Total time for which application threads were stopped: 0.0001018 seconds, Stopping threads took: 0.0000288 seconds
[2019-12-08T12:06:01.291+0000][1][safepoint    ] Application time: 1.0000322 seconds
[2019-12-08T12:06:01.291+0000][1][safepoint    ] Entering safepoint region: Cleanup
[2019-12-08T12:06:01.291+0000][1][safepoint    ] Leaving safepoint region
[2019-12-08T12:06:01.291+0000][1][safepoint    ] Total time for which application threads were stopped: 0.0000801 seconds, Stopping threads took: 0.0000207 seconds
[2019-12-08T12:06:02.291+0000][1][safepoint    ] Application time: 1.0000794 seconds
[2019-12-08T12:06:02.291+0000][1][safepoint    ] Entering safepoint region: Cleanup
[2019-12-08T12:06:02.291+0000][1][safepoint    ] Leaving safepoint region
[2019-12-08T12:06:02.291+0000][1][safepoint    ] Total time for which application threads were stopped: 0.0000754 seconds, Stopping threads took: 0.0000186 seconds
[2019-12-08T12:06:03.291+0000][1][safepoint    ] Application time: 1.0000811 seconds
[2019-12-08T12:06:03.291+0000][1][safepoint    ] Entering safepoint region: Cleanup
[2019-12-08T12:06:03.292+0000][1][safepoint    ] Leaving safepoint region
[2019-12-08T12:06:03.292+0000][1][safepoint    ] Total time for which application threads were stopped: 0.0000767 seconds, Stopping threads took: 0.0000205 seconds
[2019-12-08T12:06:04.292+0000][1][safepoint    ] Application time: 1.0000769 seconds
[2019-12-08T12:06:04.292+0000][1][safepoint    ] Entering safepoint region: Cleanup
[2019-12-08T12:06:04.292+0000][1][safepoint    ] Leaving safepoint region
[2019-12-08T12:06:04.292+0000][1][safepoint    ] Total time for which application threads were stopped: 0.0001007 seconds, Stopping threads took: 0.0000207 seconds
[2019-12-08T12:06:05.292+0000][1][safepoint    ] Application time: 1.0000819 seconds
[2019-12-08T12:06:05.292+0000][1][safepoint    ] Entering safepoint region: Cleanup
[2019-12-08T12:06:05.292+0000][1][safepoint    ] Leaving safepoint region
[2019-12-08T12:06:05.292+0000][1][safepoint    ] Total time for which application threads were stopped: 0.0000760 seconds, Stopping threads took: 0.0000209 seconds
[2019-12-08T12:06:06.292+0000][1][safepoint    ] Application time: 1.0000810 seconds
[2019-12-08T12:06:06.292+0000][1][safepoint    ] Entering safepoint region: Cleanup
[2019-12-08T12:06:06.292+0000][1][safepoint    ] Leaving safepoint region
[2019-12-08T12:06:06.292+0000][1][safepoint    ] Total time for which application threads were stopped: 0.0000774 seconds, Stopping threads took: 0.0000207 seconds
[2019-12-08T12:06:07.292+0000][1][safepoint    ] Application time: 1.0000856 seconds
[2019-12-08T12:06:07.292+0000][1][safepoint    ] Entering safepoint region: Cleanup
[2019-12-08T12:06:07.292+0000][1][safepoint    ] Leaving safepoint region
[2019-12-08T12:06:07.292+0000][1][safepoint    ] Total time for which application threads were stopped: 0.0000777 seconds, Stopping threads took: 0.0000207 seconds
[2019-12-08T12:06:08.292+0000][1][safepoint    ] Application time: 1.0000843 seconds
[2019-12-08T12:06:08.293+0000][1][safepoint    ] Entering safepoint region: Cleanup
[2019-12-08T12:06:08.293+0000][1][safepoint    ] Leaving safepoint region
[2019-12-08T12:06:08.293+0000][1][safepoint    ] Total time for which application threads were stopped: 0.0000849 seconds, Stopping threads took: 0.0000270 seconds
[2019-12-08T12:06:09.293+0000][1][safepoint    ] Application time: 1.0000950 seconds
[2019-12-08T12:06:09.293+0000][1][safepoint    ] Entering safepoint region: Cleanup
[2019-12-08T12:06:09.293+0000][1][safepoint    ] Leaving safepoint region
[2019-12-08T12:06:09.293+0000][1][safepoint    ] Total time for which application threads were stopped: 0.0000795 seconds, Stopping threads took: 0.0000195 seconds
[2019-12-08T12:06:10.293+0000][1][safepoint    ] Application time: 1.0000760 seconds
[2019-12-08T12:06:10.293+0000][1][safepoint    ] Entering safepoint region: Cleanup
[2019-12-08T12:06:10.293+0000][1][safepoint    ] Leaving safepoint region
[2019-12-08T12:06:10.293+0000][1][safepoint    ] Total time for which application threads were stopped: 0.0000700 seconds, Stopping threads took: 0.0000172 seconds
[2019-12-08T12:06:11.293+0000][1][safepoint    ] Application time: 1.0000806 seconds
[2019-12-08T12:06:11.293+0000][1][safepoint    ] Entering safepoint region: Cleanup
[2019-12-08T12:06:11.293+0000][1][safepoint    ] Leaving safepoint region
[2019-12-08T12:06:11.293+0000][1][safepoint    ] Total time for which application threads were stopped: 0.0000774 seconds, Stopping threads took: 0.0000192 seconds
[2019-12-08T12:06:12.293+0000][1][safepoint    ] Application time: 1.0000745 seconds
[2019-12-08T12:06:12.293+0000][1][safepoint    ] Entering safepoint region: Cleanup
[2019-12-08T12:06:12.293+0000][1][safepoint    ] Leaving safepoint region
[2019-12-08T12:06:12.293+0000][1][safepoint    ] Total time for which application threads were stopped: 0.0000712 seconds, Stopping threads took: 0.0000184 seconds
[2019-12-08T12:06:13.293+0000][1][safepoint    ] Application time: 1.0000743 seconds
[2019-12-08T12:06:13.293+0000][1][safepoint    ] Entering safepoint region: Cleanup
[2019-12-08T12:06:13.294+0000][1][safepoint    ] Leaving safepoint region
[2019-12-08T12:06:13.294+0000][1][safepoint    ] Total time for which application threads were stopped: 0.0000693 seconds, Stopping threads took: 0.0000168 seconds
[2019-12-08T12:06:14.294+0000][1][safepoint    ] Application time: 1.0000779 seconds
[2019-12-08T12:06:14.294+0000][1][safepoint    ] Entering safepoint region: Cleanup
[2019-12-08T12:06:14.294+0000][1][safepoint    ] Leaving safepoint region
[2019-12-08T12:06:14.294+0000][1][safepoint    ] Total time for which application threads were stopped: 0.0000870 seconds, Stopping threads took: 0.0000313 seconds
[2019-12-08T12:06:15.294+0000][1][safepoint    ] Application time: 1.0000769 seconds
[2019-12-08T12:06:15.294+0000][1][safepoint    ] Entering safepoint region: Cleanup
[2019-12-08T12:06:15.294+0000][1][safepoint    ] Leaving safepoint region
[2019-12-08T12:06:15.294+0000][1][safepoint    ] Total time for which application threads were stopped: 0.0000713 seconds, Stopping threads took: 0.0000185 seconds
[2019-12-08T12:06:16.294+0000][1][safepoint    ] Application time: 1.0000765 seconds
[2019-12-08T12:06:16.294+0000][1][safepoint    ] Entering safepoint region: Cleanup
[2019-12-08T12:06:16.294+0000][1][safepoint    ] Leaving safepoint region
[2019-12-08T12:06:16.294+0000][1][safepoint    ] Total time for which application threads were stopped: 0.0000748 seconds, Stopping threads took: 0.0000221 seconds
[2019-12-08T12:06:17.597+0000][1][safepoint    ] Application time: 1.3032953 seconds
[2019-12-08T12:06:17.597+0000][1][safepoint    ] Entering safepoint region: Cleanup
[2019-12-08T12:06:17.598+0000][1][safepoint    ] Leaving safepoint region
[2019-12-08T12:06:17.598+0000][1][safepoint    ] Total time for which application threads were stopped: 0.0000700 seconds, Stopping threads took: 0.0000185 seconds
[2019-12-08T12:06:18.598+0000][1][safepoint    ] Application time: 1.0000767 seconds
[2019-12-08T12:06:18.598+0000][1][safepoint    ] Entering safepoint region: Cleanup
[2019-12-08T12:06:18.598+0000][1][safepoint    ] Leaving safepoint region
[2019-12-08T12:06:18.598+0000][1][safepoint    ] Total time for which application threads were stopped: 0.0000815 seconds, Stopping threads took: 0.0000285 seconds
[2019-12-08T12:06:19.598+0000][1][safepoint    ] Application time: 1.0000770 seconds
[2019-12-08T12:06:19.598+0000][1][safepoint    ] Entering safepoint region: Cleanup
[2019-12-08T12:06:19.598+0000][1][safepoint    ] Leaving safepoint region
[2019-12-08T12:06:19.598+0000][1][safepoint    ] Total time for which application threads were stopped: 0.0000744 seconds, Stopping threads took: 0.0000202 seconds
[2019-12-08T12:06:20.598+0000][1][safepoint    ] Application time: 1.0000770 seconds
[2019-12-08T12:06:20.598+0000][1][safepoint    ] Entering safepoint region: Cleanup
[2019-12-08T12:06:20.598+0000][1][safepoint    ] Leaving safepoint region
[2019-12-08T12:06:20.598+0000][1][safepoint    ] Total time for which application threads were stopped: 0.0000716 seconds, Stopping threads took: 0.0000183 seconds
[2019-12-08T12:06:21.598+0000][1][safepoint    ] Application time: 1.0000757 seconds
[2019-12-08T12:06:21.598+0000][1][safepoint    ] Entering safepoint region: Cleanup
[2019-12-08T12:06:21.598+0000][1][safepoint    ] Leaving safepoint region
[2019-12-08T12:06:21.598+0000][1][safepoint    ] Total time for which application threads were stopped: 0.0000726 seconds, Stopping threads took: 0.0000193 seconds
[2019-12-08T12:06:22.598+0000][1][safepoint    ] Application time: 1.0000778 seconds
[2019-12-08T12:06:22.598+0000][1][safepoint    ] Entering safepoint region: Cleanup
[2019-12-08T12:06:22.599+0000][1][safepoint    ] Leaving safepoint region
[2019-12-08T12:06:22.599+0000][1][safepoint    ] Total time for which application threads were stopped: 0.0000740 seconds, Stopping threads took: 0.0000194 seconds
[2019-12-08T12:06:23.599+0000][1][safepoint    ] Application time: 1.0000815 seconds
[2019-12-08T12:06:23.599+0000][1][safepoint    ] Entering safepoint region: Cleanup
[2019-12-08T12:06:23.599+0000][1][safepoint    ] Leaving safepoint region
[2019-12-08T12:06:23.599+0000][1][safepoint    ] Total time for which application threads were stopped: 0.0000818 seconds, Stopping threads took: 0.0000187 seconds
[2019-12-08T12:06:24.599+0000][1][safepoint    ] Application time: 1.0000787 seconds
[2019-12-08T12:06:24.599+0000][1][safepoint    ] Entering safepoint region: Cleanup
[2019-12-08T12:06:24.599+0000][1][safepoint    ] Leaving safepoint region
[2019-12-08T12:06:24.599+0000][1][safepoint    ] Total time for which application threads were stopped: 0.0000723 seconds, Stopping threads took: 0.0000186 seconds
[2019-12-08T12:06:25.599+0000][1][safepoint    ] Application time: 1.0000835 seconds
[2019-12-08T12:06:25.599+0000][1][safepoint    ] Entering safepoint region: Cleanup
[2019-12-08T12:06:25.599+0000][1][safepoint    ] Leaving safepoint region
[2019-12-08T12:06:25.599+0000][1][safepoint    ] Total time for which application threads were stopped: 0.0000935 seconds, Stopping threads took: 0.0000237 seconds
[2019-12-08T12:06:26.599+0000][1][safepoint    ] Application time: 1.0000796 seconds
[2019-12-08T12:06:26.599+0000][1][safepoint    ] Entering safepoint region: Cleanup
[2019-12-08T12:06:26.599+0000][1][safepoint    ] Leaving safepoint region
[2019-12-08T12:06:26.599+0000][1][safepoint    ] Total time for which application threads were stopped: 0.0000734 seconds, Stopping threads took: 0.0000205 seconds
[2019-12-08T12:06:27.599+0000][1][safepoint    ] Application time: 1.0000803 seconds
[2019-12-08T12:06:27.599+0000][1][safepoint    ] Entering safepoint region: Cleanup
[2019-12-08T12:06:27.600+0000][1][safepoint    ] Leaving safepoint region
[2019-12-08T12:06:27.600+0000][1][safepoint    ] Total time for which application threads were stopped: 0.0000726 seconds, Stopping threads took: 0.0000188 seconds
[2019-12-08T12:06:28.600+0000][1][safepoint    ] Application time: 1.0000895 seconds
[2019-12-08T12:06:28.600+0000][1][safepoint    ] Entering safepoint region: Cleanup
[2019-12-08T12:06:28.600+0000][1][safepoint    ] Leaving safepoint region
[2019-12-08T12:06:28.600+0000][1][safepoint    ] Total time for which application threads were stopped: 0.0000751 seconds, Stopping threads took: 0.0000203 seconds
[2019-12-08T12:06:29.600+0000][1][safepoint    ] Application time: 1.0000913 seconds
[2019-12-08T12:06:29.600+0000][1][safepoint    ] Entering safepoint region: Cleanup
[2019-12-08T12:06:29.600+0000][1][safepoint    ] Leaving safepoint region
[2019-12-08T12:06:29.600+0000][1][safepoint    ] Total time for which application threads were stopped: 0.0000766 seconds, Stopping threads took: 0.0000211 seconds
[2019-12-08T12:06:30.600+0000][1][safepoint    ] Application time: 1.0000854 seconds
[2019-12-08T12:06:30.600+0000][1][safepoint    ] Entering safepoint region: Cleanup
[2019-12-08T12:06:30.600+0000][1][safepoint    ] Leaving safepoint region
[2019-12-08T12:06:30.600+0000][1][safepoint    ] Total time for which application threads were stopped: 0.0000743 seconds, Stopping threads took: 0.0000197 seconds
[2019-12-08T12:06:31.600+0000][1][safepoint    ] Application time: 1.0000853 seconds
[2019-12-08T12:06:31.600+0000][1][safepoint    ] Entering safepoint region: Cleanup
[2019-12-08T12:06:31.600+0000][1][safepoint    ] Leaving safepoint region
[2019-12-08T12:06:31.600+0000][1][safepoint    ] Total time for which application threads were stopped: 0.0000776 seconds, Stopping threads took: 0.0000202 seconds
[2019-12-08T12:06:32.601+0000][1][safepoint    ] Application time: 1.0000858 seconds
[2019-12-08T12:06:32.601+0000][1][safepoint    ] Entering safepoint region: Cleanup
[2019-12-08T12:06:32.601+0000][1][safepoint    ] Leaving safepoint region
[2019-12-08T12:06:32.601+0000][1][safepoint    ] Total time for which application threads were stopped: 0.0000744 seconds, Stopping threads took: 0.0000197 seconds
[2019-12-08T12:06:33.601+0000][1][safepoint    ] Application time: 1.0000652 seconds
[2019-12-08T12:06:33.601+0000][1][safepoint    ] Entering safepoint region: Cleanup
[2019-12-08T12:06:33.601+0000][1][safepoint    ] Leaving safepoint region
[2019-12-08T12:06:33.601+0000][1][safepoint    ] Total time for which application threads were stopped: 0.0000777 seconds, Stopping threads took: 0.0000190 seconds
[2019-12-08T12:06:34.601+0000][1][safepoint    ] Application time: 1.0001075 seconds
[2019-12-08T12:06:34.601+0000][1][safepoint    ] Entering safepoint region: Cleanup
[2019-12-08T12:06:34.601+0000][1][safepoint    ] Leaving safepoint region
[2019-12-08T12:06:34.601+0000][1][safepoint    ] Total time for which application threads were stopped: 0.0000765 seconds, Stopping threads took: 0.0000195 seconds
[2019-12-08T12:06:35.601+0000][1][safepoint    ] Application time: 1.0000871 seconds
[2019-12-08T12:06:35.601+0000][1][safepoint    ] Entering safepoint region: Cleanup
[2019-12-08T12:06:35.601+0000][1][safepoint    ] Leaving safepoint region
[2019-12-08T12:06:35.601+0000][1][safepoint    ] Total time for which application threads were stopped: 0.0000789 seconds, Stopping threads took: 0.0000203 seconds
[2019-12-08T12:06:37.575+0000][1][safepoint    ] Application time: 1.9739949 seconds
[2019-12-08T12:06:37.575+0000][1][safepoint    ] Entering safepoint region: Cleanup
[2019-12-08T12:06:37.575+0000][1][safepoint    ] Leaving safepoint region
[2019-12-08T12:06:37.575+0000][1][safepoint    ] Total time for which application threads were stopped: 0.0000784 seconds, Stopping threads took: 0.0000201 seconds
[2019-12-08T12:06:38.575+0000][1][safepoint    ] Application time: 1.0000855 seconds
[2019-12-08T12:06:38.576+0000][1][safepoint    ] Entering safepoint region: Cleanup
[2019-12-08T12:06:38.576+0000][1][safepoint    ] Leaving safepoint region
[2019-12-08T12:06:38.576+0000][1][safepoint    ] Total time for which application threads were stopped: 0.0000791 seconds, Stopping threads took: 0.0000209 seconds
[2019-12-08T12:06:39.576+0000][1][safepoint    ] Application time: 1.0001127 seconds
[2019-12-08T12:06:39.576+0000][1][safepoint    ] Entering safepoint region: Cleanup
[2019-12-08T12:06:39.576+0000][1][safepoint    ] Leaving safepoint region
[2019-12-08T12:06:39.576+0000][1][safepoint    ] Total time for which application threads were stopped: 0.0001029 seconds, Stopping threads took: 0.0000259 seconds
[2019-12-08T12:06:40.576+0000][1][safepoint    ] Application time: 1.0000873 seconds
[2019-12-08T12:06:40.576+0000][1][safepoint    ] Entering safepoint region: Cleanup
[2019-12-08T12:06:40.576+0000][1][safepoint    ] Leaving safepoint region
[2019-12-08T12:06:40.576+0000][1][safepoint    ] Total time for which application threads were stopped: 0.0000745 seconds, Stopping threads took: 0.0000201 seconds
[2019-12-08T12:06:41.576+0000][1][safepoint    ] Application time: 1.0000811 seconds
[2019-12-08T12:06:41.576+0000][1][safepoint    ] Entering safepoint region: Cleanup
[2019-12-08T12:06:41.576+0000][1][safepoint    ] Leaving safepoint region
[2019-12-08T12:06:41.576+0000][1][safepoint    ] Total time for which application threads were stopped: 0.0000736 seconds, Stopping threads took: 0.0000193 seconds
[2019-12-08T12:06:42.576+0000][1][safepoint    ] Application time: 1.0000806 seconds
[2019-12-08T12:06:42.576+0000][1][safepoint    ] Entering safepoint region: Cleanup
[2019-12-08T12:06:42.576+0000][1][safepoint    ] Leaving safepoint region
[2019-12-08T12:06:42.576+0000][1][safepoint    ] Total time for which application threads were stopped: 0.0000714 seconds, Stopping threads took: 0.0000181 seconds
[2019-12-08T12:06:43.577+0000][1][safepoint    ] Application time: 1.0000801 seconds
[2019-12-08T12:06:43.577+0000][1][safepoint    ] Entering safepoint region: Cleanup
[2019-12-08T12:06:43.577+0000][1][safepoint    ] Leaving safepoint region
[2019-12-08T12:06:43.577+0000][1][safepoint    ] Total time for which application threads were stopped: 0.0000816 seconds, Stopping threads took: 0.0000183 seconds
[2019-12-08T12:06:44.577+0000][1][safepoint    ] Application time: 1.0000817 seconds
[2019-12-08T12:06:44.577+0000][1][safepoint    ] Entering safepoint region: Cleanup
[2019-12-08T12:06:44.577+0000][1][safepoint    ] Leaving safepoint region
[2019-12-08T12:06:44.577+0000][1][safepoint    ] Total time for which application threads were stopped: 0.0000732 seconds, Stopping threads took: 0.0000189 seconds
[2019-12-08T12:06:45.577+0000][1][safepoint    ] Application time: 1.0000768 seconds
[2019-12-08T12:06:45.577+0000][1][safepoint    ] Entering safepoint region: Cleanup
[2019-12-08T12:06:45.577+0000][1][safepoint    ] Leaving safepoint region
[2019-12-08T12:06:45.577+0000][1][safepoint    ] Total time for which application threads were stopped: 0.0000700 seconds, Stopping threads took: 0.0000179 seconds
[2019-12-08T12:06:46.577+0000][1][safepoint    ] Application time: 1.0000743 seconds
[2019-12-08T12:06:46.577+0000][1][safepoint    ] Entering safepoint region: Cleanup
[2019-12-08T12:06:46.577+0000][1][safepoint    ] Leaving safepoint region
[2019-12-08T12:06:46.577+0000][1][safepoint    ] Total time for which application threads were stopped: 0.0000717 seconds, Stopping threads took: 0.0000192 seconds
[2019-12-08T12:06:47.577+0000][1][safepoint    ] Application time: 1.0000845 seconds
[2019-12-08T12:06:47.577+0000][1][safepoint    ] Entering safepoint region: Cleanup
[2019-12-08T12:06:47.577+0000][1][safepoint    ] Leaving safepoint region
[2019-12-08T12:06:47.577+0000][1][safepoint    ] Total time for which application threads were stopped: 0.0000703 seconds, Stopping threads took: 0.0000187 seconds
[2019-12-08T12:06:48.578+0000][1][safepoint    ] Application time: 1.0000754 seconds
[2019-12-08T12:06:48.578+0000][1][safepoint    ] Entering safepoint region: Cleanup
[2019-12-08T12:06:48.578+0000][1][safepoint    ] Leaving safepoint region
[2019-12-08T12:06:48.578+0000][1][safepoint    ] Total time for which application threads were stopped: 0.0000778 seconds, Stopping threads took: 0.0000186 seconds
[2019-12-08T12:06:49.578+0000][1][safepoint    ] Application time: 1.0000776 seconds
[2019-12-08T12:06:49.578+0000][1][safepoint    ] Entering safepoint region: Cleanup
[2019-12-08T12:06:49.578+0000][1][safepoint    ] Leaving safepoint region
[2019-12-08T12:06:49.578+0000][1][safepoint    ] Total time for which application threads were stopped: 0.0000743 seconds, Stopping threads took: 0.0000196 seconds
[2019-12-08T12:06:50.578+0000][1][safepoint    ] Application time: 1.0000791 seconds
[2019-12-08T12:06:50.578+0000][1][safepoint    ] Entering safepoint region: Cleanup
[2019-12-08T12:06:50.578+0000][1][safepoint    ] Leaving safepoint region
[2019-12-08T12:06:50.578+0000][1][safepoint    ] Total time for which application threads were stopped: 0.0000745 seconds, Stopping threads took: 0.0000224 seconds
[2019-12-08T12:06:51.578+0000][1][safepoint    ] Application time: 1.0000779 seconds
[2019-12-08T12:06:51.578+0000][1][safepoint    ] Entering safepoint region: Cleanup
[2019-12-08T12:06:51.578+0000][1][safepoint    ] Leaving safepoint region
[2019-12-08T12:06:51.578+0000][1][safepoint    ] Total time for which application threads were stopped: 0.0000727 seconds, Stopping threads took: 0.0000199 seconds
[2019-12-08T12:06:52.578+0000][1][safepoint    ] Application time: 1.0000754 seconds
[2019-12-08T12:06:52.578+0000][1][safepoint    ] Entering safepoint region: Cleanup
[2019-12-08T12:06:52.578+0000][1][safepoint    ] Leaving safepoint region
[2019-12-08T12:06:52.578+0000][1][safepoint    ] Total time for which application threads were stopped: 0.0000706 seconds, Stopping threads took: 0.0000198 seconds
[2019-12-08T12:06:53.579+0000][1][safepoint    ] Application time: 1.0000800 seconds
[2019-12-08T12:06:53.579+0000][1][safepoint    ] Entering safepoint region: Cleanup
[2019-12-08T12:06:53.579+0000][1][safepoint    ] Leaving safepoint region
[2019-12-08T12:06:53.579+0000][1][safepoint    ] Total time for which application threads were stopped: 0.0000773 seconds, Stopping threads took: 0.0000199 seconds
[2019-12-08T12:06:54.579+0000][1][safepoint    ] Application time: 1.0000782 seconds
[2019-12-08T12:06:54.579+0000][1][safepoint    ] Entering safepoint region: Cleanup
[2019-12-08T12:06:54.579+0000][1][safepoint    ] Leaving safepoint region
[2019-12-08T12:06:54.579+0000][1][safepoint    ] Total time for which application threads were stopped: 0.0000722 seconds, Stopping threads took: 0.0000208 seconds
[2019-12-08T12:06:55.579+0000][1][safepoint    ] Application time: 1.0000780 seconds
[2019-12-08T12:06:55.579+0000][1][safepoint    ] Entering safepoint region: Cleanup
[2019-12-08T12:06:55.579+0000][1][safepoint    ] Leaving safepoint region
[2019-12-08T12:06:55.579+0000][1][safepoint    ] Total time for which application threads were stopped: 0.0000733 seconds, Stopping threads took: 0.0000213 seconds
[2019-12-08T12:06:56.579+0000][1][safepoint    ] Application time: 1.0000764 seconds
[2019-12-08T12:06:56.579+0000][1][safepoint    ] Entering safepoint region: Cleanup
[2019-12-08T12:06:56.579+0000][1][safepoint    ] Leaving safepoint region
[2019-12-08T12:06:56.579+0000][1][safepoint    ] Total time for which application threads were stopped: 0.0000722 seconds, Stopping threads took: 0.0000193 seconds
[2019-12-08T12:06:57.579+0000][1][safepoint    ] Application time: 1.0000801 seconds
[2019-12-08T12:06:57.579+0000][1][safepoint    ] Entering safepoint region: Cleanup
[2019-12-08T12:06:57.579+0000][1][safepoint    ] Leaving safepoint region
[2019-12-08T12:06:57.579+0000][1][safepoint    ] Total time for which application threads were stopped: 0.0000706 seconds, Stopping threads took: 0.0000183 seconds
[2019-12-08T12:06:58.580+0000][1][safepoint    ] Application time: 1.0000787 seconds
[2019-12-08T12:06:58.580+0000][1][safepoint    ] Entering safepoint region: Cleanup
[2019-12-08T12:06:58.580+0000][1][safepoint    ] Leaving safepoint region
[2019-12-08T12:06:58.580+0000][1][safepoint    ] Total time for which application threads were stopped: 0.0000711 seconds, Stopping threads took: 0.0000184 seconds
[2019-12-08T12:06:59.580+0000][1][safepoint    ] Application time: 1.0000958 seconds
[2019-12-08T12:06:59.580+0000][1][safepoint    ] Entering safepoint region: Cleanup
[2019-12-08T12:06:59.580+0000][1][safepoint    ] Leaving safepoint region
[2019-12-08T12:06:59.580+0000][1][safepoint    ] Total time for which application threads were stopped: 0.0001025 seconds, Stopping threads took: 0.0000247 seconds
[2019-12-08T12:07:00.580+0000][1][safepoint    ] Application time: 1.0000822 seconds
[2019-12-08T12:07:00.580+0000][1][safepoint    ] Entering safepoint region: Cleanup
[2019-12-08T12:07:00.580+0000][1][safepoint    ] Leaving safepoint region
[2019-12-08T12:07:00.580+0000][1][safepoint    ] Total time for which application threads were stopped: 0.0000761 seconds, Stopping threads took: 0.0000236 seconds
[2019-12-08T12:07:01.580+0000][1][safepoint    ] Application time: 1.0000797 seconds
[2019-12-08T12:07:01.580+0000][1][safepoint    ] Entering safepoint region: Cleanup
[2019-12-08T12:07:01.580+0000][1][safepoint    ] Leaving safepoint region
[2019-12-08T12:07:01.580+0000][1][safepoint    ] Total time for which application threads were stopped: 0.0000717 seconds, Stopping threads took: 0.0000184 seconds
[2019-12-08T12:07:02.580+0000][1][safepoint    ] Application time: 1.0000823 seconds
[2019-12-08T12:07:02.580+0000][1][safepoint    ] Entering safepoint region: Cleanup
[2019-12-08T12:07:02.581+0000][1][safepoint    ] Leaving safepoint region
[2019-12-08T12:07:02.581+0000][1][safepoint    ] Total time for which application threads were stopped: 0.0000725 seconds, Stopping threads took: 0.0000182 seconds
[2019-12-08T12:07:03.581+0000][1][safepoint    ] Application time: 1.0000836 seconds
[2019-12-08T12:07:03.581+0000][1][safepoint    ] Entering safepoint region: Cleanup
[2019-12-08T12:07:03.581+0000][1][safepoint    ] Leaving safepoint region
[2019-12-08T12:07:03.581+0000][1][safepoint    ] Total time for which application threads were stopped: 0.0000847 seconds, Stopping threads took: 0.0000191 seconds
[2019-12-08T12:07:04.581+0000][1][safepoint    ] Application time: 1.0000820 seconds
[2019-12-08T12:07:04.581+0000][1][safepoint    ] Entering safepoint region: Cleanup
[2019-12-08T12:07:04.581+0000][1][safepoint    ] Leaving safepoint region
[2019-12-08T12:07:04.581+0000][1][safepoint    ] Total time for which application threads were stopped: 0.0000993 seconds, Stopping threads took: 0.0000263 seconds
[2019-12-08T12:07:05.581+0000][1][safepoint    ] Application time: 1.0000790 seconds
[2019-12-08T12:07:05.581+0000][1][safepoint    ] Entering safepoint region: Cleanup
[2019-12-08T12:07:05.581+0000][1][safepoint    ] Leaving safepoint region
[2019-12-08T12:07:05.581+0000][1][safepoint    ] Total time for which application threads were stopped: 0.0000725 seconds, Stopping threads took: 0.0000197 seconds
[2019-12-08T12:07:06.581+0000][1][safepoint    ] Application time: 1.0000782 seconds
[2019-12-08T12:07:06.581+0000][1][safepoint    ] Entering safepoint region: Cleanup
[2019-12-08T12:07:06.581+0000][1][safepoint    ] Leaving safepoint region
[2019-12-08T12:07:06.581+0000][1][safepoint    ] Total time for which application threads were stopped: 0.0000718 seconds, Stopping threads took: 0.0000195 seconds
[2019-12-08T12:07:07.581+0000][1][safepoint    ] Application time: 1.0000758 seconds
[2019-12-08T12:07:07.581+0000][1][safepoint    ] Entering safepoint region: Cleanup
[2019-12-08T12:07:07.582+0000][1][safepoint    ] Leaving safepoint region
[2019-12-08T12:07:07.582+0000][1][safepoint    ] Total time for which application threads were stopped: 0.0000728 seconds, Stopping threads took: 0.0000180 seconds
[2019-12-08T12:07:08.582+0000][1][safepoint    ] Application time: 1.0000764 seconds
[2019-12-08T12:07:08.582+0000][1][safepoint    ] Entering safepoint region: Cleanup
[2019-12-08T12:07:08.582+0000][1][safepoint    ] Leaving safepoint region
[2019-12-08T12:07:08.582+0000][1][safepoint    ] Total time for which application threads were stopped: 0.0000945 seconds, Stopping threads took: 0.0000279 seconds
[2019-12-08T12:07:09.582+0000][1][safepoint    ] Application time: 1.0000829 seconds
[2019-12-08T12:07:09.582+0000][1][safepoint    ] Entering safepoint region: Cleanup
[2019-12-08T12:07:09.582+0000][1][safepoint    ] Leaving safepoint region
[2019-12-08T12:07:09.582+0000][1][safepoint    ] Total time for which application threads were stopped: 0.0000751 seconds, Stopping threads took: 0.0000193 seconds
[2019-12-08T12:07:10.582+0000][1][safepoint    ] Application time: 1.0000764 seconds
[2019-12-08T12:07:10.582+0000][1][safepoint    ] Entering safepoint region: Cleanup
[2019-12-08T12:07:10.582+0000][1][safepoint    ] Leaving safepoint region
[2019-12-08T12:07:10.582+0000][1][safepoint    ] Total time for which application threads were stopped: 0.0000910 seconds, Stopping threads took: 0.0000260 seconds
[2019-12-08T12:07:11.582+0000][1][safepoint    ] Application time: 1.0000772 seconds
[2019-12-08T12:07:11.582+0000][1][safepoint    ] Entering safepoint region: Cleanup
[2019-12-08T12:07:11.582+0000][1][safepoint    ] Leaving safepoint region
[2019-12-08T12:07:11.582+0000][1][safepoint    ] Total time for which application threads were stopped: 0.0000713 seconds, Stopping threads took: 0.0000179 seconds
[2019-12-08T12:07:12.582+0000][1][safepoint    ] Application time: 1.0000807 seconds
[2019-12-08T12:07:12.582+0000][1][safepoint    ] Entering safepoint region: Cleanup
[2019-12-08T12:07:12.583+0000][1][safepoint    ] Leaving safepoint region
[2019-12-08T12:07:12.583+0000][1][safepoint    ] Total time for which application threads were stopped: 0.0000742 seconds, Stopping threads took: 0.0000190 seconds
[2019-12-08T12:07:13.583+0000][1][safepoint    ] Application time: 1.0000786 seconds
[2019-12-08T12:07:13.583+0000][1][safepoint    ] Entering safepoint region: Cleanup
[2019-12-08T12:07:13.583+0000][1][safepoint    ] Leaving safepoint region
[2019-12-08T12:07:13.583+0000][1][safepoint    ] Total time for which application threads were stopped: 0.0000806 seconds, Stopping threads took: 0.0000277 seconds
[2019-12-08T12:07:14.583+0000][1][safepoint    ] Application time: 1.0000856 seconds
[2019-12-08T12:07:14.583+0000][1][safepoint    ] Entering safepoint region: Cleanup
[2019-12-08T12:07:14.583+0000][1][safepoint    ] Leaving safepoint region
[2019-12-08T12:07:14.583+0000][1][safepoint    ] Total time for which application threads were stopped: 0.0000748 seconds, Stopping threads took: 0.0000197 seconds
[2019-12-08T12:07:15.583+0000][1][safepoint    ] Application time: 1.0000787 seconds
[2019-12-08T12:07:15.583+0000][1][safepoint    ] Entering safepoint region: Cleanup
[2019-12-08T12:07:15.583+0000][1][safepoint    ] Leaving safepoint region
[2019-12-08T12:07:15.583+0000][1][safepoint    ] Total time for which application threads were stopped: 0.0000728 seconds, Stopping threads took: 0.0000198 seconds
[2019-12-08T12:07:16.583+0000][1][safepoint    ] Application time: 1.0000759 seconds
[2019-12-08T12:07:16.583+0000][1][safepoint    ] Entering safepoint region: Cleanup
[2019-12-08T12:07:16.583+0000][1][safepoint    ] Leaving safepoint region
[2019-12-08T12:07:16.583+0000][1][safepoint    ] Total time for which application threads were stopped: 0.0000707 seconds, Stopping threads took: 0.0000182 seconds
[2019-12-08T12:07:17.583+0000][1][safepoint    ] Application time: 1.0000757 seconds
[2019-12-08T12:07:17.583+0000][1][safepoint    ] Entering safepoint region: Cleanup
[2019-12-08T12:07:17.584+0000][1][safepoint    ] Leaving safepoint region
[2019-12-08T12:07:17.584+0000][1][safepoint    ] Total time for which application threads were stopped: 0.0000708 seconds, Stopping threads took: 0.0000177 seconds
[2019-12-08T12:07:18.584+0000][1][safepoint    ] Application time: 1.0000782 seconds
[2019-12-08T12:07:18.584+0000][1][safepoint    ] Entering safepoint region: Cleanup
[2019-12-08T12:07:18.584+0000][1][safepoint    ] Leaving safepoint region
[2019-12-08T12:07:18.584+0000][1][safepoint    ] Total time for which application threads were stopped: 0.0000821 seconds, Stopping threads took: 0.0000191 seconds
[2019-12-08T12:07:19.584+0000][1][safepoint    ] Application time: 1.0000778 seconds
[2019-12-08T12:07:19.584+0000][1][safepoint    ] Entering safepoint region: Cleanup
[2019-12-08T12:07:19.584+0000][1][safepoint    ] Leaving safepoint region
[2019-12-08T12:07:19.584+0000][1][safepoint    ] Total time for which application threads were stopped: 0.0000693 seconds, Stopping threads took: 0.0000174 seconds
[2019-12-08T12:07:20.584+0000][1][safepoint    ] Application time: 1.0000766 seconds
[2019-12-08T12:07:20.584+0000][1][safepoint    ] Entering safepoint region: Cleanup
[2019-12-08T12:07:20.584+0000][1][safepoint    ] Leaving safepoint region
[2019-12-08T12:07:20.584+0000][1][safepoint    ] Total time for which application threads were stopped: 0.0000775 seconds, Stopping threads took: 0.0000242 seconds
[2019-12-08T12:07:21.584+0000][1][safepoint    ] Application time: 1.0000759 seconds
[2019-12-08T12:07:21.584+0000][1][safepoint    ] Entering safepoint region: Cleanup
[2019-12-08T12:07:21.584+0000][1][safepoint    ] Leaving safepoint region
[2019-12-08T12:07:21.584+0000][1][safepoint    ] Total time for which application threads were stopped: 0.0000702 seconds, Stopping threads took: 0.0000186 seconds
[2019-12-08T12:07:22.584+0000][1][safepoint    ] Application time: 1.0000762 seconds
[2019-12-08T12:07:22.584+0000][1][safepoint    ] Entering safepoint region: Cleanup
[2019-12-08T12:07:22.584+0000][1][safepoint    ] Leaving safepoint region
[2019-12-08T12:07:22.584+0000][1][safepoint    ] Total time for which application threads were stopped: 0.0000717 seconds, Stopping threads took: 0.0000191 seconds
[2019-12-08T12:07:23.585+0000][1][safepoint    ] Application time: 1.0000770 seconds
[2019-12-08T12:07:23.585+0000][1][safepoint    ] Entering safepoint region: Cleanup
[2019-12-08T12:07:23.585+0000][1][safepoint    ] Leaving safepoint region
[2019-12-08T12:07:23.585+0000][1][safepoint    ] Total time for which application threads were stopped: 0.0000863 seconds, Stopping threads took: 0.0000189 seconds
[2019-12-08T12:07:24.585+0000][1][safepoint    ] Application time: 1.0000755 seconds
[2019-12-08T12:07:24.585+0000][1][safepoint    ] Entering safepoint region: Cleanup
[2019-12-08T12:07:24.585+0000][1][safepoint    ] Leaving safepoint region
[2019-12-08T12:07:24.585+0000][1][safepoint    ] Total time for which application threads were stopped: 0.0000721 seconds, Stopping threads took: 0.0000189 seconds
[2019-12-08T12:07:25.585+0000][1][safepoint    ] Application time: 1.0000765 seconds
[2019-12-08T12:07:25.585+0000][1][safepoint    ] Entering safepoint region: Cleanup
[2019-12-08T12:07:25.585+0000][1][safepoint    ] Leaving safepoint region
[2019-12-08T12:07:25.585+0000][1][safepoint    ] Total time for which application threads were stopped: 0.0000724 seconds, Stopping threads took: 0.0000187 seconds
[2019-12-08T12:07:27.322+0000][1][safepoint    ] Application time: 1.7368323 seconds
[2019-12-08T12:07:27.322+0000][1][safepoint    ] Entering safepoint region: Cleanup
[2019-12-08T12:07:27.322+0000][1][safepoint    ] Leaving safepoint region
[2019-12-08T12:07:27.322+0000][1][safepoint    ] Total time for which application threads were stopped: 0.0000734 seconds, Stopping threads took: 0.0000173 seconds
[2019-12-08T12:07:28.322+0000][1][safepoint    ] Application time: 1.0000881 seconds
[2019-12-08T12:07:28.322+0000][1][safepoint    ] Entering safepoint region: Cleanup
[2019-12-08T12:07:28.322+0000][1][safepoint    ] Leaving safepoint region
[2019-12-08T12:07:28.322+0000][1][safepoint    ] Total time for which application threads were stopped: 0.0000691 seconds, Stopping threads took: 0.0000176 seconds
[2019-12-08T12:07:29.322+0000][1][safepoint    ] Application time: 1.0000761 seconds
[2019-12-08T12:07:29.322+0000][1][safepoint    ] Entering safepoint region: Cleanup
[2019-12-08T12:07:29.322+0000][1][safepoint    ] Leaving safepoint region
[2019-12-08T12:07:29.322+0000][1][safepoint    ] Total time for which application threads were stopped: 0.0000723 seconds, Stopping threads took: 0.0000193 seconds
[2019-12-08T12:07:30.322+0000][1][safepoint    ] Application time: 1.0000762 seconds
[2019-12-08T12:07:30.323+0000][1][safepoint    ] Entering safepoint region: Cleanup
[2019-12-08T12:07:30.323+0000][1][safepoint    ] Leaving safepoint region
[2019-12-08T12:07:30.323+0000][1][safepoint    ] Total time for which application threads were stopped: 0.0000695 seconds, Stopping threads took: 0.0000167 seconds
[2019-12-08T12:07:31.323+0000][1][safepoint    ] Application time: 1.0000912 seconds
[2019-12-08T12:07:31.323+0000][1][safepoint    ] Entering safepoint region: Cleanup
[2019-12-08T12:07:31.323+0000][1][safepoint    ] Leaving safepoint region
[2019-12-08T12:07:31.323+0000][1][safepoint    ] Total time for which application threads were stopped: 0.0000779 seconds, Stopping threads took: 0.0000269 seconds
[2019-12-08T12:07:32.323+0000][1][safepoint    ] Application time: 1.0000752 seconds
[2019-12-08T12:07:32.323+0000][1][safepoint    ] Entering safepoint region: Cleanup
[2019-12-08T12:07:32.323+0000][1][safepoint    ] Leaving safepoint region
[2019-12-08T12:07:32.323+0000][1][safepoint    ] Total time for which application threads were stopped: 0.0001066 seconds, Stopping threads took: 0.0000468 seconds
[2019-12-08T12:07:33.323+0000][1][safepoint    ] Application time: 1.0000822 seconds
[2019-12-08T12:07:33.323+0000][1][safepoint    ] Entering safepoint region: Cleanup
[2019-12-08T12:07:33.323+0000][1][safepoint    ] Leaving safepoint region
[2019-12-08T12:07:33.323+0000][1][safepoint    ] Total time for which application threads were stopped: 0.0000702 seconds, Stopping threads took: 0.0000178 seconds
[2019-12-08T12:07:34.323+0000][1][safepoint    ] Application time: 1.0000755 seconds
[2019-12-08T12:07:34.323+0000][1][safepoint    ] Entering safepoint region: Cleanup
[2019-12-08T12:07:34.323+0000][1][safepoint    ] Leaving safepoint region
[2019-12-08T12:07:34.323+0000][1][safepoint    ] Total time for which application threads were stopped: 0.0000731 seconds, Stopping threads took: 0.0000190 seconds
[2019-12-08T12:07:35.324+0000][1][safepoint    ] Application time: 1.0000753 seconds
[2019-12-08T12:07:35.324+0000][1][safepoint    ] Entering safepoint region: Cleanup
[2019-12-08T12:07:35.324+0000][1][safepoint    ] Leaving safepoint region
[2019-12-08T12:07:35.324+0000][1][safepoint    ] Total time for which application threads were stopped: 0.0000730 seconds, Stopping threads took: 0.0000187 seconds
[2019-12-08T12:07:36.324+0000][1][safepoint    ] Application time: 1.0000747 seconds
[2019-12-08T12:07:36.324+0000][1][safepoint    ] Entering safepoint region: Cleanup
[2019-12-08T12:07:36.324+0000][1][safepoint    ] Leaving safepoint region
[2019-12-08T12:07:36.324+0000][1][safepoint    ] Total time for which application threads were stopped: 0.0000700 seconds, Stopping threads took: 0.0000186 seconds
[2019-12-08T12:07:37.324+0000][1][safepoint    ] Application time: 1.0000796 seconds
[2019-12-08T12:07:37.324+0000][1][safepoint    ] Entering safepoint region: Cleanup
[2019-12-08T12:07:37.324+0000][1][safepoint    ] Leaving safepoint region
[2019-12-08T12:07:37.324+0000][1][safepoint    ] Total time for which application threads were stopped: 0.0001053 seconds, Stopping threads took: 0.0000456 seconds
[2019-12-08T12:07:38.324+0000][1][safepoint    ] Application time: 1.0000907 seconds
[2019-12-08T12:07:38.324+0000][1][safepoint    ] Entering safepoint region: Cleanup
[2019-12-08T12:07:38.324+0000][1][safepoint    ] Leaving safepoint region
[2019-12-08T12:07:38.324+0000][1][safepoint    ] Total time for which application threads were stopped: 0.0000971 seconds, Stopping threads took: 0.0000250 seconds
[2019-12-08T12:07:39.324+0000][1][safepoint    ] Application time: 1.0000790 seconds
[2019-12-08T12:07:39.324+0000][1][safepoint    ] Entering safepoint region: Cleanup
[2019-12-08T12:07:39.324+0000][1][safepoint    ] Leaving safepoint region
[2019-12-08T12:07:39.324+0000][1][safepoint    ] Total time for which application threads were stopped: 0.0000734 seconds, Stopping threads took: 0.0000187 seconds
[2019-12-08T12:07:40.325+0000][1][safepoint    ] Application time: 1.0000790 seconds
[2019-12-08T12:07:40.325+0000][1][safepoint    ] Entering safepoint region: Cleanup
[2019-12-08T12:07:40.325+0000][1][safepoint    ] Leaving safepoint region
[2019-12-08T12:07:40.325+0000][1][safepoint    ] Total time for which application threads were stopped: 0.0000740 seconds, Stopping threads took: 0.0000187 seconds
[2019-12-08T12:07:41.325+0000][1][safepoint    ] Application time: 1.0000767 seconds
[2019-12-08T12:07:41.325+0000][1][safepoint    ] Entering safepoint region: Cleanup
[2019-12-08T12:07:41.325+0000][1][safepoint    ] Leaving safepoint region
[2019-12-08T12:07:41.325+0000][1][safepoint    ] Total time for which application threads were stopped: 0.0000841 seconds, Stopping threads took: 0.0000193 seconds
[2019-12-08T12:07:42.325+0000][1][safepoint    ] Application time: 1.0000777 seconds
[2019-12-08T12:07:42.325+0000][1][safepoint    ] Entering safepoint region: Cleanup
[2019-12-08T12:07:42.325+0000][1][safepoint    ] Leaving safepoint region
[2019-12-08T12:07:42.325+0000][1][safepoint    ] Total time for which application threads were stopped: 0.0000764 seconds, Stopping threads took: 0.0000197 seconds
[2019-12-08T12:07:43.325+0000][1][safepoint    ] Application time: 1.0000811 seconds
[2019-12-08T12:07:43.325+0000][1][safepoint    ] Entering safepoint region: Cleanup
[2019-12-08T12:07:43.325+0000][1][safepoint    ] Leaving safepoint region
[2019-12-08T12:07:43.325+0000][1][safepoint    ] Total time for which application threads were stopped: 0.0000723 seconds, Stopping threads took: 0.0000184 seconds
[2019-12-08T12:07:44.325+0000][1][safepoint    ] Application time: 1.0000823 seconds
[2019-12-08T12:07:44.325+0000][1][safepoint    ] Entering safepoint region: Cleanup
[2019-12-08T12:07:44.326+0000][1][safepoint    ] Leaving safepoint region
[2019-12-08T12:07:44.326+0000][1][safepoint    ] Total time for which application threads were stopped: 0.0000788 seconds, Stopping threads took: 0.0000215 seconds
[2019-12-08T12:07:45.326+0000][1][safepoint    ] Application time: 1.0000796 seconds
[2019-12-08T12:07:45.326+0000][1][safepoint    ] Entering safepoint region: Cleanup
[2019-12-08T12:07:45.326+0000][1][safepoint    ] Leaving safepoint region
[2019-12-08T12:07:45.326+0000][1][safepoint    ] Total time for which application threads were stopped: 0.0000985 seconds, Stopping threads took: 0.0000195 seconds
[2019-12-08T12:07:46.326+0000][1][safepoint    ] Application time: 1.0000827 seconds
[2019-12-08T12:07:46.326+0000][1][safepoint    ] Entering safepoint region: Cleanup
[2019-12-08T12:07:46.326+0000][1][safepoint    ] Leaving safepoint region
[2019-12-08T12:07:46.326+0000][1][safepoint    ] Total time for which application threads were stopped: 0.0000748 seconds, Stopping threads took: 0.0000213 seconds
[2019-12-08T12:07:47.326+0000][1][safepoint    ] Application time: 1.0000771 seconds
[2019-12-08T12:07:47.326+0000][1][safepoint    ] Entering safepoint region: Cleanup
[2019-12-08T12:07:47.326+0000][1][safepoint    ] Leaving safepoint region
[2019-12-08T12:07:47.326+0000][1][safepoint    ] Total time for which application threads were stopped: 0.0000757 seconds, Stopping threads took: 0.0000201 seconds
[2019-12-08T12:07:48.326+0000][1][safepoint    ] Application time: 1.0000755 seconds
[2019-12-08T12:07:48.326+0000][1][safepoint    ] Entering safepoint region: Cleanup
[2019-12-08T12:07:48.326+0000][1][safepoint    ] Leaving safepoint region
[2019-12-08T12:07:48.326+0000][1][safepoint    ] Total time for which application threads were stopped: 0.0000745 seconds, Stopping threads took: 0.0000193 seconds
[2019-12-08T12:07:49.326+0000][1][safepoint    ] Application time: 1.0000772 seconds
[2019-12-08T12:07:49.326+0000][1][safepoint    ] Entering safepoint region: Cleanup
[2019-12-08T12:07:49.327+0000][1][safepoint    ] Leaving safepoint region
[2019-12-08T12:07:49.327+0000][1][safepoint    ] Total time for which application threads were stopped: 0.0000733 seconds, Stopping threads took: 0.0000192 seconds
[2019-12-08T12:07:50.327+0000][1][safepoint    ] Application time: 1.0000757 seconds
[2019-12-08T12:07:50.327+0000][1][safepoint    ] Entering safepoint region: Cleanup
[2019-12-08T12:07:50.327+0000][1][safepoint    ] Leaving safepoint region
[2019-12-08T12:07:50.327+0000][1][safepoint    ] Total time for which application threads were stopped: 0.0000900 seconds, Stopping threads took: 0.0000182 seconds
[2019-12-08T12:07:51.327+0000][1][safepoint    ] Application time: 1.0000840 seconds
[2019-12-08T12:07:51.327+0000][1][safepoint    ] Entering safepoint region: Cleanup
[2019-12-08T12:07:51.327+0000][1][safepoint    ] Leaving safepoint region
[2019-12-08T12:07:51.327+0000][1][safepoint    ] Total time for which application threads were stopped: 0.0000818 seconds, Stopping threads took: 0.0000190 seconds
[2019-12-08T12:07:52.327+0000][1][safepoint    ] Application time: 1.0000778 seconds
[2019-12-08T12:07:52.327+0000][1][safepoint    ] Entering safepoint region: Cleanup
[2019-12-08T12:07:52.327+0000][1][safepoint    ] Leaving safepoint region
[2019-12-08T12:07:52.327+0000][1][safepoint    ] Total time for which application threads were stopped: 0.0000737 seconds, Stopping threads took: 0.0000195 seconds
[2019-12-08T12:07:53.327+0000][1][safepoint    ] Application time: 1.0000751 seconds
[2019-12-08T12:07:53.327+0000][1][safepoint    ] Entering safepoint region: Cleanup
[2019-12-08T12:07:53.327+0000][1][safepoint    ] Leaving safepoint region
[2019-12-08T12:07:53.327+0000][1][safepoint    ] Total time for which application threads were stopped: 0.0000783 seconds, Stopping threads took: 0.0000205 seconds
[2019-12-08T12:07:54.617+0000][1][safepoint    ] Application time: 1.2894259 seconds
[2019-12-08T12:07:54.617+0000][1][safepoint    ] Entering safepoint region: Cleanup
[2019-12-08T12:07:54.617+0000][1][safepoint    ] Leaving safepoint region
[2019-12-08T12:07:54.617+0000][1][safepoint    ] Total time for which application threads were stopped: 0.0000763 seconds, Stopping threads took: 0.0000211 seconds
[2019-12-08T12:07:55.617+0000][1][safepoint    ] Application time: 1.0000837 seconds
[2019-12-08T12:07:55.617+0000][1][safepoint    ] Entering safepoint region: Cleanup
[2019-12-08T12:07:55.617+0000][1][safepoint    ] Leaving safepoint region
[2019-12-08T12:07:55.617+0000][1][safepoint    ] Total time for which application threads were stopped: 0.0000760 seconds, Stopping threads took: 0.0000195 seconds
[2019-12-08T12:07:56.617+0000][1][safepoint    ] Application time: 1.0000894 seconds
[2019-12-08T12:07:56.617+0000][1][safepoint    ] Entering safepoint region: Cleanup
[2019-12-08T12:07:56.617+0000][1][safepoint    ] Leaving safepoint region
[2019-12-08T12:07:56.617+0000][1][safepoint    ] Total time for which application threads were stopped: 0.0001307 seconds, Stopping threads took: 0.0000257 seconds
[2019-12-08T12:07:57.618+0000][1][safepoint    ] Application time: 1.0001671 seconds
[2019-12-08T12:07:57.618+0000][1][safepoint    ] Entering safepoint region: Cleanup
[2019-12-08T12:07:57.618+0000][1][safepoint    ] Leaving safepoint region
[2019-12-08T12:07:57.618+0000][1][safepoint    ] Total time for which application threads were stopped: 0.0001671 seconds, Stopping threads took: 0.0000588 seconds
[2019-12-08T12:07:58.618+0000][1][safepoint    ] Application time: 1.0000929 seconds
[2019-12-08T12:07:58.618+0000][1][safepoint    ] Entering safepoint region: Cleanup
[2019-12-08T12:07:58.618+0000][1][safepoint    ] Leaving safepoint region
[2019-12-08T12:07:58.618+0000][1][safepoint    ] Total time for which application threads were stopped: 0.0001075 seconds, Stopping threads took: 0.0000274 seconds
[2019-12-08T12:07:59.618+0000][1][safepoint    ] Application time: 1.0000937 seconds
[2019-12-08T12:07:59.618+0000][1][safepoint    ] Entering safepoint region: Cleanup
[2019-12-08T12:07:59.618+0000][1][safepoint    ] Leaving safepoint region
[2019-12-08T12:07:59.618+0000][1][safepoint    ] Total time for which application threads were stopped: 0.0000904 seconds, Stopping threads took: 0.0000196 seconds
[2019-12-08T12:08:00.618+0000][1][safepoint    ] Application time: 1.0000852 seconds
[2019-12-08T12:08:00.618+0000][1][safepoint    ] Entering safepoint region: Cleanup
[2019-12-08T12:08:00.618+0000][1][safepoint    ] Leaving safepoint region
[2019-12-08T12:08:00.618+0000][1][safepoint    ] Total time for which application threads were stopped: 0.0000886 seconds, Stopping threads took: 0.0000294 seconds
[2019-12-08T12:08:01.619+0000][1][safepoint    ] Application time: 1.0000865 seconds
[2019-12-08T12:08:01.619+0000][1][safepoint    ] Entering safepoint region: Cleanup
[2019-12-08T12:08:01.619+0000][1][safepoint    ] Leaving safepoint region
[2019-12-08T12:08:01.619+0000][1][safepoint    ] Total time for which application threads were stopped: 0.0001038 seconds, Stopping threads took: 0.0000210 seconds
[2019-12-08T12:08:01.619+0000][1][safepoint    ] Application time: 0.0007628 seconds
[2019-12-08T12:08:01.620+0000][1][safepoint    ] Entering safepoint region: GenCollectForAllocation
[2019-12-08T12:08:01.620+0000][1][gc,start     ] GC(39) Pause Young (Allocation Failure)
[2019-12-08T12:08:01.620+0000][1][gc,task      ] GC(39) Using 4 workers of 4 for evacuation
[2019-12-08T12:08:01.621+0000][1][gc,age       ] GC(39) Desired survivor size 4456448 bytes, new threshold 6 (max threshold 6)
[2019-12-08T12:08:01.621+0000][1][gc,age       ] GC(39) Age table with threshold 6 (max threshold 6)
[2019-12-08T12:08:01.621+0000][1][gc,age       ] GC(39) - age   1:       4136 bytes,       4136 total
[2019-12-08T12:08:01.621+0000][1][gc,age       ] GC(39) - age   2:        248 bytes,       4384 total
[2019-12-08T12:08:01.621+0000][1][gc,age       ] GC(39) - age   3:       2056 bytes,       6440 total
[2019-12-08T12:08:01.621+0000][1][gc,age       ] GC(39) - age   4:        144 bytes,       6584 total
[2019-12-08T12:08:01.621+0000][1][gc,age       ] GC(39) - age   5:       1392 bytes,       7976 total
[2019-12-08T12:08:01.621+0000][1][gc,age       ] GC(39) - age   6:        768 bytes,       8744 total
[2019-12-08T12:08:01.621+0000][1][gc,heap      ] GC(39) ParNew: 69933K->10K(78656K)
[2019-12-08T12:08:01.621+0000][1][gc,heap      ] GC(39) CMS: 70068K->70070K(174784K)
[2019-12-08T12:08:01.621+0000][1][gc,metaspace ] GC(39) Metaspace: 69058K->69058K(1112064K)
[2019-12-08T12:08:01.621+0000][1][gc           ] GC(39) Pause Young (Allocation Failure) 136M->68M(247M) 1.823ms
[2019-12-08T12:08:01.621+0000][1][gc,cpu       ] GC(39) User=0.01s Sys=0.00s Real=0.01s
[2019-12-08T12:08:01.621+0000][1][safepoint    ] Leaving safepoint region
[2019-12-08T12:08:01.621+0000][1][safepoint    ] Total time for which application threads were stopped: 0.0019898 seconds, Stopping threads took: 0.0000218 seconds
[2019-12-08T12:08:02.622+0000][1][safepoint    ] Application time: 1.0000895 seconds
[2019-12-08T12:08:02.622+0000][1][safepoint    ] Entering safepoint region: Cleanup
[2019-12-08T12:08:02.622+0000][1][safepoint    ] Leaving safepoint region
[2019-12-08T12:08:02.622+0000][1][safepoint    ] Total time for which application threads were stopped: 0.0000869 seconds, Stopping threads took: 0.0000189 seconds
[2019-12-08T12:08:03.622+0000][1][safepoint    ] Application time: 1.0000772 seconds
[2019-12-08T12:08:03.622+0000][1][safepoint    ] Entering safepoint region: Cleanup
[2019-12-08T12:08:03.622+0000][1][safepoint    ] Leaving safepoint region
[2019-12-08T12:08:03.622+0000][1][safepoint    ] Total time for which application threads were stopped: 0.0000724 seconds, Stopping threads took: 0.0000188 seconds
[2019-12-08T12:08:04.622+0000][1][safepoint    ] Application time: 1.0000777 seconds
[2019-12-08T12:08:04.622+0000][1][safepoint    ] Entering safepoint region: Cleanup
[2019-12-08T12:08:04.622+0000][1][safepoint    ] Leaving safepoint region
[2019-12-08T12:08:04.622+0000][1][safepoint    ] Total time for which application threads were stopped: 0.0000727 seconds, Stopping threads took: 0.0000178 seconds
[2019-12-08T12:08:05.622+0000][1][safepoint    ] Application time: 1.0000819 seconds
[2019-12-08T12:08:05.622+0000][1][safepoint    ] Entering safepoint region: Cleanup
[2019-12-08T12:08:05.622+0000][1][safepoint    ] Leaving safepoint region
[2019-12-08T12:08:05.622+0000][1][safepoint    ] Total time for which application threads were stopped: 0.0000756 seconds, Stopping threads took: 0.0000214 seconds
[2019-12-08T12:08:06.622+0000][1][safepoint    ] Application time: 1.0000873 seconds
[2019-12-08T12:08:06.622+0000][1][safepoint    ] Entering safepoint region: Cleanup
[2019-12-08T12:08:06.622+0000][1][safepoint    ] Leaving safepoint region
[2019-12-08T12:08:06.623+0000][1][safepoint    ] Total time for which application threads were stopped: 0.0000729 seconds, Stopping threads took: 0.0000186 seconds
[2019-12-08T12:08:07.623+0000][1][safepoint    ] Application time: 1.0000862 seconds
[2019-12-08T12:08:07.623+0000][1][safepoint    ] Entering safepoint region: Cleanup
[2019-12-08T12:08:07.623+0000][1][safepoint    ] Leaving safepoint region
[2019-12-08T12:08:07.623+0000][1][safepoint    ] Total time for which application threads were stopped: 0.0000864 seconds, Stopping threads took: 0.0000197 seconds
[2019-12-08T12:08:08.623+0000][1][safepoint    ] Application time: 1.0000758 seconds
[2019-12-08T12:08:08.623+0000][1][safepoint    ] Entering safepoint region: Cleanup
[2019-12-08T12:08:08.623+0000][1][safepoint    ] Leaving safepoint region
[2019-12-08T12:08:08.623+0000][1][safepoint    ] Total time for which application threads were stopped: 0.0000797 seconds, Stopping threads took: 0.0000217 seconds
[2019-12-08T12:08:09.623+0000][1][safepoint    ] Application time: 1.0000830 seconds
[2019-12-08T12:08:09.623+0000][1][safepoint    ] Entering safepoint region: Cleanup
[2019-12-08T12:08:09.623+0000][1][safepoint    ] Leaving safepoint region
[2019-12-08T12:08:09.623+0000][1][safepoint    ] Total time for which application threads were stopped: 0.0000954 seconds, Stopping threads took: 0.0000392 seconds
[2019-12-08T12:08:11.561+0000][1][safepoint    ] Application time: 1.9378358 seconds
[2019-12-08T12:08:11.561+0000][1][safepoint    ] Entering safepoint region: Cleanup
[2019-12-08T12:08:11.561+0000][1][safepoint    ] Leaving safepoint region
[2019-12-08T12:08:11.561+0000][1][safepoint    ] Total time for which application threads were stopped: 0.0000814 seconds, Stopping threads took: 0.0000228 seconds
[2019-12-08T12:08:12.561+0000][1][safepoint    ] Application time: 1.0000804 seconds
[2019-12-08T12:08:12.561+0000][1][safepoint    ] Entering safepoint region: Cleanup
[2019-12-08T12:08:12.561+0000][1][safepoint    ] Leaving safepoint region
[2019-12-08T12:08:12.561+0000][1][safepoint    ] Total time for which application threads were stopped: 0.0000740 seconds, Stopping threads took: 0.0000203 seconds
[2019-12-08T12:08:13.561+0000][1][safepoint    ] Application time: 1.0000883 seconds
[2019-12-08T12:08:13.561+0000][1][safepoint    ] Entering safepoint region: Cleanup
[2019-12-08T12:08:13.561+0000][1][safepoint    ] Leaving safepoint region
[2019-12-08T12:08:13.561+0000][1][safepoint    ] Total time for which application threads were stopped: 0.0000738 seconds, Stopping threads took: 0.0000200 seconds
[2019-12-08T12:08:14.562+0000][1][safepoint    ] Application time: 1.0001788 seconds
[2019-12-08T12:08:14.562+0000][1][safepoint    ] Entering safepoint region: Cleanup
[2019-12-08T12:08:14.562+0000][1][safepoint    ] Leaving safepoint region
[2019-12-08T12:08:14.562+0000][1][safepoint    ] Total time for which application threads were stopped: 0.0000761 seconds, Stopping threads took: 0.0000220 seconds
[2019-12-08T12:08:15.562+0000][1][safepoint    ] Application time: 1.0000863 seconds
[2019-12-08T12:08:15.562+0000][1][safepoint    ] Entering safepoint region: Cleanup
[2019-12-08T12:08:15.562+0000][1][safepoint    ] Leaving safepoint region
[2019-12-08T12:08:15.562+0000][1][safepoint    ] Total time for which application threads were stopped: 0.0000906 seconds, Stopping threads took: 0.0000193 seconds
[2019-12-08T12:08:16.562+0000][1][safepoint    ] Application time: 1.0000923 seconds
[2019-12-08T12:08:16.562+0000][1][safepoint    ] Entering safepoint region: Cleanup
[2019-12-08T12:08:16.562+0000][1][safepoint    ] Leaving safepoint region
[2019-12-08T12:08:16.562+0000][1][safepoint    ] Total time for which application threads were stopped: 0.0000867 seconds, Stopping threads took: 0.0000318 seconds
[2019-12-08T12:08:17.562+0000][1][safepoint    ] Application time: 1.0000918 seconds
[2019-12-08T12:08:17.562+0000][1][safepoint    ] Entering safepoint region: Cleanup
[2019-12-08T12:08:17.562+0000][1][safepoint    ] Leaving safepoint region
[2019-12-08T12:08:17.562+0000][1][safepoint    ] Total time for which application threads were stopped: 0.0000779 seconds, Stopping threads took: 0.0000224 seconds
[2019-12-08T12:08:18.563+0000][1][safepoint    ] Application time: 1.0000985 seconds
[2019-12-08T12:08:18.563+0000][1][safepoint    ] Entering safepoint region: Cleanup
[2019-12-08T12:08:18.563+0000][1][safepoint    ] Leaving safepoint region
[2019-12-08T12:08:18.563+0000][1][safepoint    ] Total time for which application threads were stopped: 0.0000763 seconds, Stopping threads took: 0.0000203 seconds
[2019-12-08T12:08:19.563+0000][1][safepoint    ] Application time: 1.0000894 seconds
[2019-12-08T12:08:19.563+0000][1][safepoint    ] Entering safepoint region: Cleanup
[2019-12-08T12:08:19.563+0000][1][safepoint    ] Leaving safepoint region
[2019-12-08T12:08:19.563+0000][1][safepoint    ] Total time for which application threads were stopped: 0.0000750 seconds, Stopping threads took: 0.0000198 seconds
[2019-12-08T12:08:20.563+0000][1][safepoint    ] Application time: 1.0000913 seconds
[2019-12-08T12:08:20.563+0000][1][safepoint    ] Entering safepoint region: Cleanup
[2019-12-08T12:08:20.563+0000][1][safepoint    ] Leaving safepoint region
[2019-12-08T12:08:20.563+0000][1][safepoint    ] Total time for which application threads were stopped: 0.0000754 seconds, Stopping threads took: 0.0000200 seconds
[2019-12-08T12:08:21.563+0000][1][safepoint    ] Application time: 1.0000856 seconds
[2019-12-08T12:08:21.563+0000][1][safepoint    ] Entering safepoint region: Cleanup
[2019-12-08T12:08:21.563+0000][1][safepoint    ] Leaving safepoint region
[2019-12-08T12:08:21.563+0000][1][safepoint    ] Total time for which application threads were stopped: 0.0000751 seconds, Stopping threads took: 0.0000190 seconds
[2019-12-08T12:08:22.563+0000][1][safepoint    ] Application time: 1.0000876 seconds
[2019-12-08T12:08:22.563+0000][1][safepoint    ] Entering safepoint region: Cleanup
[2019-12-08T12:08:22.563+0000][1][safepoint    ] Leaving safepoint region
[2019-12-08T12:08:22.563+0000][1][safepoint    ] Total time for which application threads were stopped: 0.0000763 seconds, Stopping threads took: 0.0000205 seconds
[2019-12-08T12:08:23.564+0000][1][safepoint    ] Application time: 1.0000879 seconds
[2019-12-08T12:08:23.564+0000][1][safepoint    ] Entering safepoint region: Cleanup
[2019-12-08T12:08:23.564+0000][1][safepoint    ] Leaving safepoint region
[2019-12-08T12:08:23.564+0000][1][safepoint    ] Total time for which application threads were stopped: 0.0000740 seconds, Stopping threads took: 0.0000196 seconds
[2019-12-08T12:08:24.564+0000][1][safepoint    ] Application time: 1.0000841 seconds
[2019-12-08T12:08:24.564+0000][1][safepoint    ] Entering safepoint region: Cleanup
[2019-12-08T12:08:24.564+0000][1][safepoint    ] Leaving safepoint region
[2019-12-08T12:08:24.564+0000][1][safepoint    ] Total time for which application threads were stopped: 0.0000769 seconds, Stopping threads took: 0.0000199 seconds
[2019-12-08T12:08:25.564+0000][1][safepoint    ] Application time: 1.0000873 seconds
[2019-12-08T12:08:25.564+0000][1][safepoint    ] Entering safepoint region: Cleanup
[2019-12-08T12:08:25.564+0000][1][safepoint    ] Leaving safepoint region
[2019-12-08T12:08:25.564+0000][1][safepoint    ] Total time for which application threads were stopped: 0.0000725 seconds, Stopping threads took: 0.0000188 seconds
[2019-12-08T12:08:26.564+0000][1][safepoint    ] Application time: 1.0000825 seconds
[2019-12-08T12:08:26.564+0000][1][safepoint    ] Entering safepoint region: Cleanup
[2019-12-08T12:08:26.564+0000][1][safepoint    ] Leaving safepoint region
[2019-12-08T12:08:26.564+0000][1][safepoint    ] Total time for which application threads were stopped: 0.0000772 seconds, Stopping threads took: 0.0000202 seconds
[2019-12-08T12:08:27.564+0000][1][safepoint    ] Application time: 1.0000784 seconds
[2019-12-08T12:08:27.564+0000][1][safepoint    ] Entering safepoint region: Cleanup
[2019-12-08T12:08:27.564+0000][1][safepoint    ] Leaving safepoint region
[2019-12-08T12:08:27.564+0000][1][safepoint    ] Total time for which application threads were stopped: 0.0000718 seconds, Stopping threads took: 0.0000187 seconds
[2019-12-08T12:08:28.565+0000][1][safepoint    ] Application time: 1.0000829 seconds
[2019-12-08T12:08:28.565+0000][1][safepoint    ] Entering safepoint region: Cleanup
[2019-12-08T12:08:28.565+0000][1][safepoint    ] Leaving safepoint region
[2019-12-08T12:08:28.565+0000][1][safepoint    ] Total time for which application threads were stopped: 0.0000745 seconds, Stopping threads took: 0.0000198 seconds
[2019-12-08T12:08:29.565+0000][1][safepoint    ] Application time: 1.0000799 seconds
[2019-12-08T12:08:29.565+0000][1][safepoint    ] Entering safepoint region: Cleanup
[2019-12-08T12:08:29.565+0000][1][safepoint    ] Leaving safepoint region
[2019-12-08T12:08:29.565+0000][1][safepoint    ] Total time for which application threads were stopped: 0.0000745 seconds, Stopping threads took: 0.0000203 seconds
[2019-12-08T12:08:30.565+0000][1][safepoint    ] Application time: 1.0000878 seconds
[2019-12-08T12:08:30.565+0000][1][safepoint    ] Entering safepoint region: Cleanup
[2019-12-08T12:08:30.565+0000][1][safepoint    ] Leaving safepoint region
[2019-12-08T12:08:30.565+0000][1][safepoint    ] Total time for which application threads were stopped: 0.0000793 seconds, Stopping threads took: 0.0000210 seconds
[2019-12-08T12:08:31.565+0000][1][safepoint    ] Application time: 1.0000942 seconds
[2019-12-08T12:08:31.565+0000][1][safepoint    ] Entering safepoint region: Cleanup
[2019-12-08T12:08:31.565+0000][1][safepoint    ] Leaving safepoint region
[2019-12-08T12:08:31.565+0000][1][safepoint    ] Total time for which application threads were stopped: 0.0000741 seconds, Stopping threads took: 0.0000197 seconds
[2019-12-08T12:08:32.565+0000][1][safepoint    ] Application time: 1.0000849 seconds
[2019-12-08T12:08:32.565+0000][1][safepoint    ] Entering safepoint region: Cleanup
[2019-12-08T12:08:32.565+0000][1][safepoint    ] Leaving safepoint region
[2019-12-08T12:08:32.565+0000][1][safepoint    ] Total time for which application threads were stopped: 0.0000746 seconds, Stopping threads took: 0.0000200 seconds
[2019-12-08T12:08:33.566+0000][1][safepoint    ] Application time: 1.0000893 seconds
[2019-12-08T12:08:33.566+0000][1][safepoint    ] Entering safepoint region: Cleanup
[2019-12-08T12:08:33.566+0000][1][safepoint    ] Leaving safepoint region
[2019-12-08T12:08:33.566+0000][1][safepoint    ] Total time for which application threads were stopped: 0.0000720 seconds, Stopping threads took: 0.0000191 seconds
[2019-12-08T12:08:34.566+0000][1][safepoint    ] Application time: 1.0000848 seconds
[2019-12-08T12:08:34.566+0000][1][safepoint    ] Entering safepoint region: Cleanup
[2019-12-08T12:08:34.566+0000][1][safepoint    ] Leaving safepoint region
[2019-12-08T12:08:34.566+0000][1][safepoint    ] Total time for which application threads were stopped: 0.0000731 seconds, Stopping threads took: 0.0000208 seconds
[2019-12-08T12:08:35.566+0000][1][safepoint    ] Application time: 1.0000906 seconds
[2019-12-08T12:08:35.566+0000][1][safepoint    ] Entering safepoint region: Cleanup
[2019-12-08T12:08:35.566+0000][1][safepoint    ] Leaving safepoint region
[2019-12-08T12:08:35.566+0000][1][safepoint    ] Total time for which application threads were stopped: 0.0000796 seconds, Stopping threads took: 0.0000229 seconds
[2019-12-08T12:08:36.566+0000][1][safepoint    ] Application time: 1.0000833 seconds
[2019-12-08T12:08:36.566+0000][1][safepoint    ] Entering safepoint region: Cleanup
[2019-12-08T12:08:36.566+0000][1][safepoint    ] Leaving safepoint region
[2019-12-08T12:08:36.566+0000][1][safepoint    ] Total time for which application threads were stopped: 0.0000720 seconds, Stopping threads took: 0.0000184 seconds
[2019-12-08T12:08:37.566+0000][1][safepoint    ] Application time: 1.0000806 seconds
[2019-12-08T12:08:37.566+0000][1][safepoint    ] Entering safepoint region: Cleanup
[2019-12-08T12:08:37.566+0000][1][safepoint    ] Leaving safepoint region
[2019-12-08T12:08:37.566+0000][1][safepoint    ] Total time for which application threads were stopped: 0.0000719 seconds, Stopping threads took: 0.0000186 seconds
[2019-12-08T12:08:38.567+0000][1][safepoint    ] Application time: 1.0000804 seconds
[2019-12-08T12:08:38.567+0000][1][safepoint    ] Entering safepoint region: Cleanup
[2019-12-08T12:08:38.567+0000][1][safepoint    ] Leaving safepoint region
[2019-12-08T12:08:38.567+0000][1][safepoint    ] Total time for which application threads were stopped: 0.0000722 seconds, Stopping threads took: 0.0000195 seconds
[2019-12-08T12:08:39.567+0000][1][safepoint    ] Application time: 1.0000624 seconds
[2019-12-08T12:08:39.567+0000][1][safepoint    ] Entering safepoint region: Cleanup
[2019-12-08T12:08:39.567+0000][1][safepoint    ] Leaving safepoint region
[2019-12-08T12:08:39.567+0000][1][safepoint    ] Total time for which application threads were stopped: 0.0000719 seconds, Stopping threads took: 0.0000189 seconds
[2019-12-08T12:08:40.567+0000][1][safepoint    ] Application time: 1.0000839 seconds
[2019-12-08T12:08:40.567+0000][1][safepoint    ] Entering safepoint region: Cleanup
[2019-12-08T12:08:40.567+0000][1][safepoint    ] Leaving safepoint region
[2019-12-08T12:08:40.567+0000][1][safepoint    ] Total time for which application threads were stopped: 0.0000758 seconds, Stopping threads took: 0.0000219 seconds
[2019-12-08T12:08:41.567+0000][1][safepoint    ] Application time: 1.0000867 seconds
[2019-12-08T12:08:41.567+0000][1][safepoint    ] Entering safepoint region: Cleanup
[2019-12-08T12:08:41.567+0000][1][safepoint    ] Leaving safepoint region
[2019-12-08T12:08:41.567+0000][1][safepoint    ] Total time for which application threads were stopped: 0.0000695 seconds, Stopping threads took: 0.0000177 seconds
[2019-12-08T12:08:42.567+0000][1][safepoint    ] Application time: 1.0000770 seconds
[2019-12-08T12:08:42.567+0000][1][safepoint    ] Entering safepoint region: Cleanup
[2019-12-08T12:08:42.567+0000][1][safepoint    ] Leaving safepoint region
[2019-12-08T12:08:42.567+0000][1][safepoint    ] Total time for which application threads were stopped: 0.0000759 seconds, Stopping threads took: 0.0000177 seconds
[2019-12-08T12:08:43.567+0000][1][safepoint    ] Application time: 1.0000755 seconds
[2019-12-08T12:08:43.567+0000][1][safepoint    ] Entering safepoint region: Cleanup
[2019-12-08T12:08:43.568+0000][1][safepoint    ] Leaving safepoint region
[2019-12-08T12:08:43.568+0000][1][safepoint    ] Total time for which application threads were stopped: 0.0000683 seconds, Stopping threads took: 0.0000174 seconds
[2019-12-08T12:08:44.568+0000][1][safepoint    ] Application time: 1.0000789 seconds
[2019-12-08T12:08:44.568+0000][1][safepoint    ] Entering safepoint region: Cleanup
[2019-12-08T12:08:44.568+0000][1][safepoint    ] Leaving safepoint region
[2019-12-08T12:08:44.568+0000][1][safepoint    ] Total time for which application threads were stopped: 0.0000796 seconds, Stopping threads took: 0.0000180 seconds
[2019-12-08T12:08:45.568+0000][1][safepoint    ] Application time: 1.0000776 seconds
[2019-12-08T12:08:45.568+0000][1][safepoint    ] Entering safepoint region: Cleanup
[2019-12-08T12:08:45.568+0000][1][safepoint    ] Leaving safepoint region
[2019-12-08T12:08:45.568+0000][1][safepoint    ] Total time for which application threads were stopped: 0.0000658 seconds, Stopping threads took: 0.0000165 seconds
[2019-12-08T12:08:46.568+0000][1][safepoint    ] Application time: 1.0000743 seconds
[2019-12-08T12:08:46.568+0000][1][safepoint    ] Entering safepoint region: Cleanup
[2019-12-08T12:08:46.568+0000][1][safepoint    ] Leaving safepoint region
[2019-12-08T12:08:46.568+0000][1][safepoint    ] Total time for which application threads were stopped: 0.0000705 seconds, Stopping threads took: 0.0000188 seconds
[2019-12-08T12:08:47.568+0000][1][safepoint    ] Application time: 1.0000754 seconds
[2019-12-08T12:08:47.568+0000][1][safepoint    ] Entering safepoint region: Cleanup
[2019-12-08T12:08:47.568+0000][1][safepoint    ] Leaving safepoint region
[2019-12-08T12:08:47.568+0000][1][safepoint    ] Total time for which application threads were stopped: 0.0000697 seconds, Stopping threads took: 0.0000186 seconds
[2019-12-08T12:08:48.568+0000][1][safepoint    ] Application time: 1.0000800 seconds
[2019-12-08T12:08:48.568+0000][1][safepoint    ] Entering safepoint region: Cleanup
[2019-12-08T12:08:48.568+0000][1][safepoint    ] Leaving safepoint region
[2019-12-08T12:08:48.568+0000][1][safepoint    ] Total time for which application threads were stopped: 0.0000797 seconds, Stopping threads took: 0.0000269 seconds
[2019-12-08T12:08:49.569+0000][1][safepoint    ] Application time: 1.0000816 seconds
[2019-12-08T12:08:49.569+0000][1][safepoint    ] Entering safepoint region: Cleanup
[2019-12-08T12:08:49.569+0000][1][safepoint    ] Leaving safepoint region
[2019-12-08T12:08:49.569+0000][1][safepoint    ] Total time for which application threads were stopped: 0.0000694 seconds, Stopping threads took: 0.0000176 seconds
[2019-12-08T12:08:50.569+0000][1][safepoint    ] Application time: 1.0000786 seconds
[2019-12-08T12:08:50.569+0000][1][safepoint    ] Entering safepoint region: Cleanup
[2019-12-08T12:08:50.569+0000][1][safepoint    ] Leaving safepoint region
[2019-12-08T12:08:50.569+0000][1][safepoint    ] Total time for which application threads were stopped: 0.0000683 seconds, Stopping threads took: 0.0000178 seconds
[2019-12-08T12:08:51.569+0000][1][safepoint    ] Application time: 1.0000750 seconds
[2019-12-08T12:08:51.569+0000][1][safepoint    ] Entering safepoint region: Cleanup
[2019-12-08T12:08:51.569+0000][1][safepoint    ] Leaving safepoint region
[2019-12-08T12:08:51.569+0000][1][safepoint    ] Total time for which application threads were stopped: 0.0000690 seconds, Stopping threads took: 0.0000188 seconds
[2019-12-08T12:08:52.569+0000][1][safepoint    ] Application time: 1.0000731 seconds
[2019-12-08T12:08:52.569+0000][1][safepoint    ] Entering safepoint region: Cleanup
[2019-12-08T12:08:52.569+0000][1][safepoint    ] Leaving safepoint region
[2019-12-08T12:08:52.569+0000][1][safepoint    ] Total time for which application threads were stopped: 0.0000753 seconds, Stopping threads took: 0.0000202 seconds
[2019-12-08T12:08:53.569+0000][1][safepoint    ] Application time: 1.0000817 seconds
[2019-12-08T12:08:53.569+0000][1][safepoint    ] Entering safepoint region: Cleanup
[2019-12-08T12:08:53.569+0000][1][safepoint    ] Leaving safepoint region
[2019-12-08T12:08:53.569+0000][1][safepoint    ] Total time for which application threads were stopped: 0.0000741 seconds, Stopping threads took: 0.0000185 seconds
[2019-12-08T12:08:54.569+0000][1][safepoint    ] Application time: 1.0000792 seconds
[2019-12-08T12:08:54.569+0000][1][safepoint    ] Entering safepoint region: Cleanup
[2019-12-08T12:08:54.570+0000][1][safepoint    ] Leaving safepoint region
[2019-12-08T12:08:54.570+0000][1][safepoint    ] Total time for which application threads were stopped: 0.0000747 seconds, Stopping threads took: 0.0000193 seconds
[2019-12-08T12:08:55.570+0000][1][safepoint    ] Application time: 1.0000909 seconds
[2019-12-08T12:08:55.570+0000][1][safepoint    ] Entering safepoint region: Cleanup
[2019-12-08T12:08:55.570+0000][1][safepoint    ] Leaving safepoint region
[2019-12-08T12:08:55.570+0000][1][safepoint    ] Total time for which application threads were stopped: 0.0000752 seconds, Stopping threads took: 0.0000203 seconds
[2019-12-08T12:08:56.570+0000][1][safepoint    ] Application time: 1.0000802 seconds
[2019-12-08T12:08:56.570+0000][1][safepoint    ] Entering safepoint region: Cleanup
[2019-12-08T12:08:56.570+0000][1][safepoint    ] Leaving safepoint region
[2019-12-08T12:08:56.570+0000][1][safepoint    ] Total time for which application threads were stopped: 0.0000767 seconds, Stopping threads took: 0.0000187 seconds
[2019-12-08T12:08:57.570+0000][1][safepoint    ] Application time: 1.0000935 seconds
[2019-12-08T12:08:57.570+0000][1][safepoint    ] Entering safepoint region: Cleanup
[2019-12-08T12:08:57.570+0000][1][safepoint    ] Leaving safepoint region
[2019-12-08T12:08:57.570+0000][1][safepoint    ] Total time for which application threads were stopped: 0.0000763 seconds, Stopping threads took: 0.0000204 seconds
[2019-12-08T12:08:58.570+0000][1][safepoint    ] Application time: 1.0000830 seconds
[2019-12-08T12:08:58.570+0000][1][safepoint    ] Entering safepoint region: Cleanup
[2019-12-08T12:08:58.570+0000][1][safepoint    ] Leaving safepoint region
[2019-12-08T12:08:58.570+0000][1][safepoint    ] Total time for which application threads were stopped: 0.0000812 seconds, Stopping threads took: 0.0000282 seconds
[2019-12-08T12:08:59.570+0000][1][safepoint    ] Application time: 1.0000824 seconds
[2019-12-08T12:08:59.571+0000][1][safepoint    ] Entering safepoint region: Cleanup
[2019-12-08T12:08:59.571+0000][1][safepoint    ] Leaving safepoint region
[2019-12-08T12:08:59.571+0000][1][safepoint    ] Total time for which application threads were stopped: 0.0000756 seconds, Stopping threads took: 0.0000213 seconds
[2019-12-08T12:09:00.571+0000][1][safepoint    ] Application time: 1.0000890 seconds
[2019-12-08T12:09:00.571+0000][1][safepoint    ] Entering safepoint region: Cleanup
[2019-12-08T12:09:00.571+0000][1][safepoint    ] Leaving safepoint region
[2019-12-08T12:09:00.571+0000][1][safepoint    ] Total time for which application threads were stopped: 0.0000797 seconds, Stopping threads took: 0.0000252 seconds
[2019-12-08T12:09:01.571+0000][1][safepoint    ] Application time: 1.0000836 seconds
[2019-12-08T12:09:01.571+0000][1][safepoint    ] Entering safepoint region: Cleanup
[2019-12-08T12:09:01.571+0000][1][safepoint    ] Leaving safepoint region
[2019-12-08T12:09:01.571+0000][1][safepoint    ] Total time for which application threads were stopped: 0.0000768 seconds, Stopping threads took: 0.0000199 seconds
[2019-12-08T12:09:02.571+0000][1][safepoint    ] Application time: 1.0000790 seconds
[2019-12-08T12:09:02.571+0000][1][safepoint    ] Entering safepoint region: Cleanup
[2019-12-08T12:09:02.571+0000][1][safepoint    ] Leaving safepoint region
[2019-12-08T12:09:02.571+0000][1][safepoint    ] Total time for which application threads were stopped: 0.0000735 seconds, Stopping threads took: 0.0000199 seconds
[2019-12-08T12:09:03.571+0000][1][safepoint    ] Application time: 1.0000899 seconds
[2019-12-08T12:09:03.571+0000][1][safepoint    ] Entering safepoint region: Cleanup
[2019-12-08T12:09:03.571+0000][1][safepoint    ] Leaving safepoint region
[2019-12-08T12:09:03.571+0000][1][safepoint    ] Total time for which application threads were stopped: 0.0000768 seconds, Stopping threads took: 0.0000198 seconds
[2019-12-08T12:09:04.588+0000][1][safepoint    ] Application time: 1.0167958 seconds
[2019-12-08T12:09:04.588+0000][1][safepoint    ] Entering safepoint region: Cleanup
[2019-12-08T12:09:04.588+0000][1][safepoint    ] Leaving safepoint region
[2019-12-08T12:09:04.588+0000][1][safepoint    ] Total time for which application threads were stopped: 0.0000676 seconds, Stopping threads took: 0.0000165 seconds
[2019-12-08T12:09:05.588+0000][1][safepoint    ] Application time: 1.0000763 seconds
[2019-12-08T12:09:05.588+0000][1][safepoint    ] Entering safepoint region: Cleanup
[2019-12-08T12:09:05.589+0000][1][safepoint    ] Leaving safepoint region
[2019-12-08T12:09:05.589+0000][1][safepoint    ] Total time for which application threads were stopped: 0.0000691 seconds, Stopping threads took: 0.0000176 seconds
[2019-12-08T12:09:06.589+0000][1][safepoint    ] Application time: 1.0000788 seconds
[2019-12-08T12:09:06.589+0000][1][safepoint    ] Entering safepoint region: Cleanup
[2019-12-08T12:09:06.589+0000][1][safepoint    ] Leaving safepoint region
[2019-12-08T12:09:06.589+0000][1][safepoint    ] Total time for which application threads were stopped: 0.0001102 seconds, Stopping threads took: 0.0000241 seconds
[2019-12-08T12:09:07.589+0000][1][safepoint    ] Application time: 1.0000844 seconds
[2019-12-08T12:09:07.589+0000][1][safepoint    ] Entering safepoint region: Cleanup
[2019-12-08T12:09:07.589+0000][1][safepoint    ] Leaving safepoint region
[2019-12-08T12:09:07.589+0000][1][safepoint    ] Total time for which application threads were stopped: 0.0000670 seconds, Stopping threads took: 0.0000176 seconds
[2019-12-08T12:09:08.589+0000][1][safepoint    ] Application time: 1.0000832 seconds
[2019-12-08T12:09:08.589+0000][1][safepoint    ] Entering safepoint region: Cleanup
[2019-12-08T12:09:08.589+0000][1][safepoint    ] Leaving safepoint region
[2019-12-08T12:09:08.589+0000][1][safepoint    ] Total time for which application threads were stopped: 0.0000780 seconds, Stopping threads took: 0.0000259 seconds
[2019-12-08T12:09:09.589+0000][1][safepoint    ] Application time: 1.0000754 seconds
[2019-12-08T12:09:09.589+0000][1][safepoint    ] Entering safepoint region: Cleanup
[2019-12-08T12:09:09.589+0000][1][safepoint    ] Leaving safepoint region
[2019-12-08T12:09:09.589+0000][1][safepoint    ] Total time for which application threads were stopped: 0.0000764 seconds, Stopping threads took: 0.0000242 seconds
[2019-12-08T12:09:10.589+0000][1][safepoint    ] Application time: 1.0000746 seconds
[2019-12-08T12:09:10.589+0000][1][safepoint    ] Entering safepoint region: Cleanup
[2019-12-08T12:09:10.590+0000][1][safepoint    ] Leaving safepoint region
[2019-12-08T12:09:10.590+0000][1][safepoint    ] Total time for which application threads were stopped: 0.0000670 seconds, Stopping threads took: 0.0000171 seconds
[2019-12-08T12:09:11.590+0000][1][safepoint    ] Application time: 1.0000766 seconds
[2019-12-08T12:09:11.590+0000][1][safepoint    ] Entering safepoint region: Cleanup
[2019-12-08T12:09:11.590+0000][1][safepoint    ] Leaving safepoint region
[2019-12-08T12:09:11.590+0000][1][safepoint    ] Total time for which application threads were stopped: 0.0000792 seconds, Stopping threads took: 0.0000179 seconds
[2019-12-08T12:09:12.590+0000][1][safepoint    ] Application time: 1.0000789 seconds
[2019-12-08T12:09:12.590+0000][1][safepoint    ] Entering safepoint region: Cleanup
[2019-12-08T12:09:12.590+0000][1][safepoint    ] Leaving safepoint region
[2019-12-08T12:09:12.590+0000][1][safepoint    ] Total time for which application threads were stopped: 0.0000720 seconds, Stopping threads took: 0.0000196 seconds
[2019-12-08T12:09:13.590+0000][1][safepoint    ] Application time: 1.0000766 seconds
[2019-12-08T12:09:13.590+0000][1][safepoint    ] Entering safepoint region: Cleanup
[2019-12-08T12:09:13.590+0000][1][safepoint    ] Leaving safepoint region
[2019-12-08T12:09:13.590+0000][1][safepoint    ] Total time for which application threads were stopped: 0.0000671 seconds, Stopping threads took: 0.0000167 seconds
[2019-12-08T12:09:14.590+0000][1][safepoint    ] Application time: 1.0000749 seconds
[2019-12-08T12:09:14.590+0000][1][safepoint    ] Entering safepoint region: Cleanup
[2019-12-08T12:09:14.590+0000][1][safepoint    ] Leaving safepoint region
[2019-12-08T12:09:14.590+0000][1][safepoint    ] Total time for which application threads were stopped: 0.0000685 seconds, Stopping threads took: 0.0000181 seconds
[2019-12-08T12:09:15.590+0000][1][safepoint    ] Application time: 1.0000769 seconds
[2019-12-08T12:09:15.590+0000][1][safepoint    ] Entering safepoint region: Cleanup
[2019-12-08T12:09:15.590+0000][1][safepoint    ] Leaving safepoint region
[2019-12-08T12:09:15.590+0000][1][safepoint    ] Total time for which application threads were stopped: 0.0000700 seconds, Stopping threads took: 0.0000172 seconds
[2019-12-08T12:09:16.591+0000][1][safepoint    ] Application time: 1.0000763 seconds
[2019-12-08T12:09:16.591+0000][1][safepoint    ] Entering safepoint region: Cleanup
[2019-12-08T12:09:16.591+0000][1][safepoint    ] Leaving safepoint region
[2019-12-08T12:09:16.591+0000][1][safepoint    ] Total time for which application threads were stopped: 0.0000687 seconds, Stopping threads took: 0.0000173 seconds
[2019-12-08T12:09:17.591+0000][1][safepoint    ] Application time: 1.0000756 seconds
[2019-12-08T12:09:17.591+0000][1][safepoint    ] Entering safepoint region: Cleanup
[2019-12-08T12:09:17.591+0000][1][safepoint    ] Leaving safepoint region
[2019-12-08T12:09:17.591+0000][1][safepoint    ] Total time for which application threads were stopped: 0.0000693 seconds, Stopping threads took: 0.0000182 seconds
[2019-12-08T12:09:18.591+0000][1][safepoint    ] Application time: 1.0000757 seconds
[2019-12-08T12:09:18.591+0000][1][safepoint    ] Entering safepoint region: Cleanup
[2019-12-08T12:09:18.591+0000][1][safepoint    ] Leaving safepoint region
[2019-12-08T12:09:18.591+0000][1][safepoint    ] Total time for which application threads were stopped: 0.0000969 seconds, Stopping threads took: 0.0000438 seconds
[2019-12-08T12:09:19.591+0000][1][safepoint    ] Application time: 1.0000741 seconds
[2019-12-08T12:09:19.591+0000][1][safepoint    ] Entering safepoint region: Cleanup
[2019-12-08T12:09:19.591+0000][1][safepoint    ] Leaving safepoint region
[2019-12-08T12:09:19.591+0000][1][safepoint    ] Total time for which application threads were stopped: 0.0000715 seconds, Stopping threads took: 0.0000187 seconds
[2019-12-08T12:09:20.591+0000][1][safepoint    ] Application time: 1.0000764 seconds
[2019-12-08T12:09:20.591+0000][1][safepoint    ] Entering safepoint region: Cleanup
[2019-12-08T12:09:20.591+0000][1][safepoint    ] Leaving safepoint region
[2019-12-08T12:09:20.591+0000][1][safepoint    ] Total time for which application threads were stopped: 0.0000707 seconds, Stopping threads took: 0.0000178 seconds
[2019-12-08T12:09:21.596+0000][1][safepoint    ] Application time: 1.0044284 seconds
[2019-12-08T12:09:21.596+0000][1][safepoint    ] Entering safepoint region: Cleanup
[2019-12-08T12:09:21.596+0000][1][safepoint    ] Leaving safepoint region
[2019-12-08T12:09:21.596+0000][1][safepoint    ] Total time for which application threads were stopped: 0.0001301 seconds, Stopping threads took: 0.0000544 seconds
[2019-12-08T12:09:22.596+0000][1][safepoint    ] Application time: 1.0000848 seconds
[2019-12-08T12:09:22.596+0000][1][safepoint    ] Entering safepoint region: Cleanup
[2019-12-08T12:09:22.596+0000][1][safepoint    ] Leaving safepoint region
[2019-12-08T12:09:22.596+0000][1][safepoint    ] Total time for which application threads were stopped: 0.0000703 seconds, Stopping threads took: 0.0000177 seconds
[2019-12-08T12:09:23.596+0000][1][safepoint    ] Application time: 1.0000772 seconds
[2019-12-08T12:09:23.596+0000][1][safepoint    ] Entering safepoint region: Cleanup
[2019-12-08T12:09:23.596+0000][1][safepoint    ] Leaving safepoint region
[2019-12-08T12:09:23.596+0000][1][safepoint    ] Total time for which application threads were stopped: 0.0000699 seconds, Stopping threads took: 0.0000178 seconds
[2019-12-08T12:09:24.596+0000][1][safepoint    ] Application time: 1.0000788 seconds
[2019-12-08T12:09:24.596+0000][1][safepoint    ] Entering safepoint region: Cleanup
[2019-12-08T12:09:24.597+0000][1][safepoint    ] Leaving safepoint region
[2019-12-08T12:09:24.597+0000][1][safepoint    ] Total time for which application threads were stopped: 0.0000703 seconds, Stopping threads took: 0.0000205 seconds
[2019-12-08T12:09:25.597+0000][1][safepoint    ] Application time: 1.0000775 seconds
[2019-12-08T12:09:25.597+0000][1][safepoint    ] Entering safepoint region: Cleanup
[2019-12-08T12:09:25.597+0000][1][safepoint    ] Leaving safepoint region
[2019-12-08T12:09:25.597+0000][1][safepoint    ] Total time for which application threads were stopped: 0.0000866 seconds, Stopping threads took: 0.0000217 seconds
[2019-12-08T12:09:26.597+0000][1][safepoint    ] Application time: 1.0000784 seconds
[2019-12-08T12:09:26.597+0000][1][safepoint    ] Entering safepoint region: Cleanup
[2019-12-08T12:09:26.597+0000][1][safepoint    ] Leaving safepoint region
[2019-12-08T12:09:26.597+0000][1][safepoint    ] Total time for which application threads were stopped: 0.0000678 seconds, Stopping threads took: 0.0000173 seconds
[2019-12-08T12:09:27.597+0000][1][safepoint    ] Application time: 1.0000800 seconds
[2019-12-08T12:09:27.597+0000][1][safepoint    ] Entering safepoint region: Cleanup
[2019-12-08T12:09:27.597+0000][1][safepoint    ] Leaving safepoint region
[2019-12-08T12:09:27.597+0000][1][safepoint    ] Total time for which application threads were stopped: 0.0000697 seconds, Stopping threads took: 0.0000187 seconds
[2019-12-08T12:09:28.597+0000][1][safepoint    ] Application time: 1.0000760 seconds
[2019-12-08T12:09:28.597+0000][1][safepoint    ] Entering safepoint region: Cleanup
[2019-12-08T12:09:28.597+0000][1][safepoint    ] Leaving safepoint region
[2019-12-08T12:09:28.597+0000][1][safepoint    ] Total time for which application threads were stopped: 0.0000787 seconds, Stopping threads took: 0.0000182 seconds
[2019-12-08T12:09:29.597+0000][1][safepoint    ] Application time: 1.0000800 seconds
[2019-12-08T12:09:29.597+0000][1][safepoint    ] Entering safepoint region: Cleanup
[2019-12-08T12:09:29.597+0000][1][safepoint    ] Leaving safepoint region
[2019-12-08T12:09:29.598+0000][1][safepoint    ] Total time for which application threads were stopped: 0.0000741 seconds, Stopping threads took: 0.0000187 seconds
[2019-12-08T12:09:30.598+0000][1][safepoint    ] Application time: 1.0000784 seconds
[2019-12-08T12:09:30.598+0000][1][safepoint    ] Entering safepoint region: Cleanup
[2019-12-08T12:09:30.598+0000][1][safepoint    ] Leaving safepoint region
[2019-12-08T12:09:30.598+0000][1][safepoint    ] Total time for which application threads were stopped: 0.0000816 seconds, Stopping threads took: 0.0000183 seconds
[2019-12-08T12:09:31.598+0000][1][safepoint    ] Application time: 1.0000844 seconds
[2019-12-08T12:09:31.598+0000][1][safepoint    ] Entering safepoint region: Cleanup
[2019-12-08T12:09:31.598+0000][1][safepoint    ] Leaving safepoint region
[2019-12-08T12:09:31.598+0000][1][safepoint    ] Total time for which application threads were stopped: 0.0000772 seconds, Stopping threads took: 0.0000213 seconds
[2019-12-08T12:09:32.598+0000][1][safepoint    ] Application time: 1.0000882 seconds
[2019-12-08T12:09:32.598+0000][1][safepoint    ] Entering safepoint region: Cleanup
[2019-12-08T12:09:32.598+0000][1][safepoint    ] Leaving safepoint region
[2019-12-08T12:09:32.598+0000][1][safepoint    ] Total time for which application threads were stopped: 0.0000751 seconds, Stopping threads took: 0.0000184 seconds
[2019-12-08T12:09:33.598+0000][1][safepoint    ] Application time: 1.0000893 seconds
[2019-12-08T12:09:33.598+0000][1][safepoint    ] Entering safepoint region: Cleanup
[2019-12-08T12:09:33.598+0000][1][safepoint    ] Leaving safepoint region
[2019-12-08T12:09:33.598+0000][1][safepoint    ] Total time for which application threads were stopped: 0.0000756 seconds, Stopping threads took: 0.0000193 seconds
[2019-12-08T12:09:34.598+0000][1][safepoint    ] Application time: 1.0000869 seconds
[2019-12-08T12:09:34.598+0000][1][safepoint    ] Entering safepoint region: Cleanup
[2019-12-08T12:09:34.599+0000][1][safepoint    ] Leaving safepoint region
[2019-12-08T12:09:34.599+0000][1][safepoint    ] Total time for which application threads were stopped: 0.0000770 seconds, Stopping threads took: 0.0000197 seconds
[2019-12-08T12:09:35.599+0000][1][safepoint    ] Application time: 1.0000799 seconds
[2019-12-08T12:09:35.599+0000][1][safepoint    ] Entering safepoint region: Cleanup
[2019-12-08T12:09:35.599+0000][1][safepoint    ] Leaving safepoint region
[2019-12-08T12:09:35.599+0000][1][safepoint    ] Total time for which application threads were stopped: 0.0000800 seconds, Stopping threads took: 0.0000247 seconds
[2019-12-08T12:09:36.599+0000][1][safepoint    ] Application time: 1.0000806 seconds
[2019-12-08T12:09:36.599+0000][1][safepoint    ] Entering safepoint region: Cleanup
[2019-12-08T12:09:36.599+0000][1][safepoint    ] Leaving safepoint region
[2019-12-08T12:09:36.599+0000][1][safepoint    ] Total time for which application threads were stopped: 0.0000756 seconds, Stopping threads took: 0.0000205 seconds
[2019-12-08T12:09:37.599+0000][1][safepoint    ] Application time: 1.0000911 seconds
[2019-12-08T12:09:37.599+0000][1][safepoint    ] Entering safepoint region: Cleanup
[2019-12-08T12:09:37.599+0000][1][safepoint    ] Leaving safepoint region
[2019-12-08T12:09:37.599+0000][1][safepoint    ] Total time for which application threads were stopped: 0.0000746 seconds, Stopping threads took: 0.0000199 seconds
[2019-12-08T12:09:38.599+0000][1][safepoint    ] Application time: 1.0000982 seconds
[2019-12-08T12:09:38.599+0000][1][safepoint    ] Entering safepoint region: Cleanup
[2019-12-08T12:09:38.599+0000][1][safepoint    ] Leaving safepoint region
[2019-12-08T12:09:38.599+0000][1][safepoint    ] Total time for which application threads were stopped: 0.0000877 seconds, Stopping threads took: 0.0000215 seconds
[2019-12-08T12:09:39.600+0000][1][safepoint    ] Application time: 1.0000884 seconds
[2019-12-08T12:09:39.600+0000][1][safepoint    ] Entering safepoint region: Cleanup
[2019-12-08T12:09:39.600+0000][1][safepoint    ] Leaving safepoint region
[2019-12-08T12:09:39.600+0000][1][safepoint    ] Total time for which application threads were stopped: 0.0000770 seconds, Stopping threads took: 0.0000227 seconds
[2019-12-08T12:09:40.600+0000][1][safepoint    ] Application time: 1.0000829 seconds
[2019-12-08T12:09:40.600+0000][1][safepoint    ] Entering safepoint region: Cleanup
[2019-12-08T12:09:40.600+0000][1][safepoint    ] Leaving safepoint region
[2019-12-08T12:09:40.600+0000][1][safepoint    ] Total time for which application threads were stopped: 0.0000945 seconds, Stopping threads took: 0.0000245 seconds
[2019-12-08T12:09:41.600+0000][1][safepoint    ] Application time: 1.0000808 seconds
[2019-12-08T12:09:41.600+0000][1][safepoint    ] Entering safepoint region: Cleanup
[2019-12-08T12:09:41.600+0000][1][safepoint    ] Leaving safepoint region
[2019-12-08T12:09:41.600+0000][1][safepoint    ] Total time for which application threads were stopped: 0.0000726 seconds, Stopping threads took: 0.0000195 seconds
[2019-12-08T12:09:42.600+0000][1][safepoint    ] Application time: 1.0000782 seconds
[2019-12-08T12:09:42.600+0000][1][safepoint    ] Entering safepoint region: Cleanup
[2019-12-08T12:09:42.600+0000][1][safepoint    ] Leaving safepoint region
[2019-12-08T12:09:42.600+0000][1][safepoint    ] Total time for which application threads were stopped: 0.0000772 seconds, Stopping threads took: 0.0000217 seconds
[2019-12-08T12:09:43.600+0000][1][safepoint    ] Application time: 1.0000811 seconds
[2019-12-08T12:09:43.600+0000][1][safepoint    ] Entering safepoint region: Cleanup
[2019-12-08T12:09:43.600+0000][1][safepoint    ] Leaving safepoint region
[2019-12-08T12:09:43.600+0000][1][safepoint    ] Total time for which application threads were stopped: 0.0000778 seconds, Stopping threads took: 0.0000232 seconds
[2019-12-08T12:09:44.601+0000][1][safepoint    ] Application time: 1.0000753 seconds
[2019-12-08T12:09:44.601+0000][1][safepoint    ] Entering safepoint region: Cleanup
[2019-12-08T12:09:44.601+0000][1][safepoint    ] Leaving safepoint region
[2019-12-08T12:09:44.601+0000][1][safepoint    ] Total time for which application threads were stopped: 0.0000958 seconds, Stopping threads took: 0.0000218 seconds
[2019-12-08T12:09:45.601+0000][1][safepoint    ] Application time: 1.0000889 seconds
[2019-12-08T12:09:45.601+0000][1][safepoint    ] Entering safepoint region: Cleanup
[2019-12-08T12:09:45.601+0000][1][safepoint    ] Leaving safepoint region
[2019-12-08T12:09:45.601+0000][1][safepoint    ] Total time for which application threads were stopped: 0.0001009 seconds, Stopping threads took: 0.0000219 seconds
[2019-12-08T12:09:46.601+0000][1][safepoint    ] Application time: 1.0000798 seconds
[2019-12-08T12:09:46.601+0000][1][safepoint    ] Entering safepoint region: Cleanup
[2019-12-08T12:09:46.601+0000][1][safepoint    ] Leaving safepoint region
[2019-12-08T12:09:46.601+0000][1][safepoint    ] Total time for which application threads were stopped: 0.0000779 seconds, Stopping threads took: 0.0000215 seconds
[2019-12-08T12:09:47.601+0000][1][safepoint    ] Application time: 1.0000931 seconds
[2019-12-08T12:09:47.601+0000][1][safepoint    ] Entering safepoint region: Cleanup
[2019-12-08T12:09:47.601+0000][1][safepoint    ] Leaving safepoint region
[2019-12-08T12:09:47.601+0000][1][safepoint    ] Total time for which application threads were stopped: 0.0000770 seconds, Stopping threads took: 0.0000219 seconds
[2019-12-08T12:09:48.601+0000][1][safepoint    ] Application time: 1.0000908 seconds
[2019-12-08T12:09:48.602+0000][1][safepoint    ] Entering safepoint region: Cleanup
[2019-12-08T12:09:48.602+0000][1][safepoint    ] Leaving safepoint region
[2019-12-08T12:09:48.602+0000][1][safepoint    ] Total time for which application threads were stopped: 0.0000719 seconds, Stopping threads took: 0.0000184 seconds
[2019-12-08T12:09:49.602+0000][1][safepoint    ] Application time: 1.0000942 seconds
[2019-12-08T12:09:49.602+0000][1][safepoint    ] Entering safepoint region: Cleanup
[2019-12-08T12:09:49.602+0000][1][safepoint    ] Leaving safepoint region
[2019-12-08T12:09:49.602+0000][1][safepoint    ] Total time for which application threads were stopped: 0.0000742 seconds, Stopping threads took: 0.0000207 seconds
[2019-12-08T12:09:50.602+0000][1][safepoint    ] Application time: 1.0000862 seconds
[2019-12-08T12:09:50.602+0000][1][safepoint    ] Entering safepoint region: Cleanup
[2019-12-08T12:09:50.602+0000][1][safepoint    ] Leaving safepoint region
[2019-12-08T12:09:50.602+0000][1][safepoint    ] Total time for which application threads were stopped: 0.0000731 seconds, Stopping threads took: 0.0000184 seconds
[2019-12-08T12:09:51.602+0000][1][safepoint    ] Application time: 1.0000772 seconds
[2019-12-08T12:09:51.602+0000][1][safepoint    ] Entering safepoint region: Cleanup
[2019-12-08T12:09:51.602+0000][1][safepoint    ] Leaving safepoint region
[2019-12-08T12:09:51.602+0000][1][safepoint    ] Total time for which application threads were stopped: 0.0000766 seconds, Stopping threads took: 0.0000217 seconds
[2019-12-08T12:09:52.602+0000][1][safepoint    ] Application time: 1.0000800 seconds
[2019-12-08T12:09:52.602+0000][1][safepoint    ] Entering safepoint region: Cleanup
[2019-12-08T12:09:52.602+0000][1][safepoint    ] Leaving safepoint region
[2019-12-08T12:09:52.602+0000][1][safepoint    ] Total time for which application threads were stopped: 0.0000743 seconds, Stopping threads took: 0.0000190 seconds
[2019-12-08T12:09:53.603+0000][1][safepoint    ] Application time: 1.0000775 seconds
[2019-12-08T12:09:53.603+0000][1][safepoint    ] Entering safepoint region: Cleanup
[2019-12-08T12:09:53.603+0000][1][safepoint    ] Leaving safepoint region
[2019-12-08T12:09:53.603+0000][1][safepoint    ] Total time for which application threads were stopped: 0.0000733 seconds, Stopping threads took: 0.0000201 seconds
[2019-12-08T12:09:54.603+0000][1][safepoint    ] Application time: 1.0000779 seconds
[2019-12-08T12:09:54.603+0000][1][safepoint    ] Entering safepoint region: Cleanup
[2019-12-08T12:09:54.603+0000][1][safepoint    ] Leaving safepoint region
[2019-12-08T12:09:54.603+0000][1][safepoint    ] Total time for which application threads were stopped: 0.0000716 seconds, Stopping threads took: 0.0000185 seconds
[2019-12-08T12:09:55.603+0000][1][safepoint    ] Application time: 1.0000768 seconds
[2019-12-08T12:09:55.603+0000][1][safepoint    ] Entering safepoint region: Cleanup
[2019-12-08T12:09:55.603+0000][1][safepoint    ] Leaving safepoint region
[2019-12-08T12:09:55.603+0000][1][safepoint    ] Total time for which application threads were stopped: 0.0000728 seconds, Stopping threads took: 0.0000194 seconds
[2019-12-08T12:09:56.603+0000][1][safepoint    ] Application time: 1.0000755 seconds
[2019-12-08T12:09:56.603+0000][1][safepoint    ] Entering safepoint region: Cleanup
[2019-12-08T12:09:56.603+0000][1][safepoint    ] Leaving safepoint region
[2019-12-08T12:09:56.603+0000][1][safepoint    ] Total time for which application threads were stopped: 0.0000743 seconds, Stopping threads took: 0.0000199 seconds
[2019-12-08T12:09:57.603+0000][1][safepoint    ] Application time: 1.0000803 seconds
[2019-12-08T12:09:57.603+0000][1][safepoint    ] Entering safepoint region: Cleanup
[2019-12-08T12:09:57.603+0000][1][safepoint    ] Leaving safepoint region
[2019-12-08T12:09:57.603+0000][1][safepoint    ] Total time for which application threads were stopped: 0.0000704 seconds, Stopping threads took: 0.0000179 seconds
[2019-12-08T12:09:58.603+0000][1][safepoint    ] Application time: 1.0000760 seconds
[2019-12-08T12:09:58.604+0000][1][safepoint    ] Entering safepoint region: Cleanup
[2019-12-08T12:09:58.604+0000][1][safepoint    ] Leaving safepoint region
[2019-12-08T12:09:58.604+0000][1][safepoint    ] Total time for which application threads were stopped: 0.0000709 seconds, Stopping threads took: 0.0000177 seconds
[2019-12-08T12:09:59.604+0000][1][safepoint    ] Application time: 1.0000758 seconds
[2019-12-08T12:09:59.604+0000][1][safepoint    ] Entering safepoint region: Cleanup
[2019-12-08T12:09:59.604+0000][1][safepoint    ] Leaving safepoint region
[2019-12-08T12:09:59.604+0000][1][safepoint    ] Total time for which application threads were stopped: 0.0000727 seconds, Stopping threads took: 0.0000192 seconds
[2019-12-08T12:10:00.604+0000][1][safepoint    ] Application time: 1.0000759 seconds
[2019-12-08T12:10:00.604+0000][1][safepoint    ] Entering safepoint region: Cleanup
[2019-12-08T12:10:00.604+0000][1][safepoint    ] Leaving safepoint region
[2019-12-08T12:10:00.604+0000][1][safepoint    ] Total time for which application threads were stopped: 0.0000792 seconds, Stopping threads took: 0.0000269 seconds
[2019-12-08T12:10:01.604+0000][1][safepoint    ] Application time: 1.0000800 seconds
[2019-12-08T12:10:01.604+0000][1][safepoint    ] Entering safepoint region: Cleanup
[2019-12-08T12:10:01.604+0000][1][safepoint    ] Leaving safepoint region
[2019-12-08T12:10:01.604+0000][1][safepoint    ] Total time for which application threads were stopped: 0.0000783 seconds, Stopping threads took: 0.0000207 seconds
[2019-12-08T12:10:02.604+0000][1][safepoint    ] Application time: 1.0000931 seconds
[2019-12-08T12:10:02.604+0000][1][safepoint    ] Entering safepoint region: Cleanup
[2019-12-08T12:10:02.604+0000][1][safepoint    ] Leaving safepoint region
[2019-12-08T12:10:02.604+0000][1][safepoint    ] Total time for which application threads were stopped: 0.0000719 seconds, Stopping threads took: 0.0000191 seconds
[2019-12-08T12:10:03.604+0000][1][safepoint    ] Application time: 1.0000870 seconds
[2019-12-08T12:10:03.605+0000][1][safepoint    ] Entering safepoint region: Cleanup
[2019-12-08T12:10:03.605+0000][1][safepoint    ] Leaving safepoint region
[2019-12-08T12:10:03.605+0000][1][safepoint    ] Total time for which application threads were stopped: 0.0000745 seconds, Stopping threads took: 0.0000191 seconds
[2019-12-08T12:10:04.605+0000][1][safepoint    ] Application time: 1.0000777 seconds
[2019-12-08T12:10:04.605+0000][1][safepoint    ] Entering safepoint region: Cleanup
[2019-12-08T12:10:04.605+0000][1][safepoint    ] Leaving safepoint region
[2019-12-08T12:10:04.605+0000][1][safepoint    ] Total time for which application threads were stopped: 0.0000699 seconds, Stopping threads took: 0.0000177 seconds
[2019-12-08T12:10:06.375+0000][1][safepoint    ] Application time: 1.7701887 seconds
[2019-12-08T12:10:06.375+0000][1][safepoint    ] Entering safepoint region: Cleanup
[2019-12-08T12:10:06.375+0000][1][safepoint    ] Leaving safepoint region
[2019-12-08T12:10:06.375+0000][1][safepoint    ] Total time for which application threads were stopped: 0.0000670 seconds, Stopping threads took: 0.0000173 seconds
[2019-12-08T12:10:07.374+0000][1][safepoint    ] Application time: 0.9992281 seconds
[2019-12-08T12:10:07.374+0000][1][safepoint    ] Entering safepoint region: GenCollectForAllocation
[2019-12-08T12:10:07.374+0000][1][gc,start     ] GC(40) Pause Young (Allocation Failure)
[2019-12-08T12:10:07.374+0000][1][gc,task      ] GC(40) Using 4 workers of 4 for evacuation
[2019-12-08T12:10:07.375+0000][1][gc,age       ] GC(40) Desired survivor size 4456448 bytes, new threshold 6 (max threshold 6)
[2019-12-08T12:10:07.375+0000][1][gc,age       ] GC(40) Age table with threshold 6 (max threshold 6)
[2019-12-08T12:10:07.375+0000][1][gc,age       ] GC(40) - age   1:       4944 bytes,       4944 total
[2019-12-08T12:10:07.375+0000][1][gc,age       ] GC(40) - age   2:        400 bytes,       5344 total
[2019-12-08T12:10:07.375+0000][1][gc,age       ] GC(40) - age   3:         32 bytes,       5376 total
[2019-12-08T12:10:07.375+0000][1][gc,age       ] GC(40) - age   4:       2056 bytes,       7432 total
[2019-12-08T12:10:07.375+0000][1][gc,age       ] GC(40) - age   5:        112 bytes,       7544 total
[2019-12-08T12:10:07.375+0000][1][gc,age       ] GC(40) - age   6:       1392 bytes,       8936 total
[2019-12-08T12:10:07.375+0000][1][gc,heap      ] GC(40) ParNew: 69962K->14K(78656K)
[2019-12-08T12:10:07.375+0000][1][gc,heap      ] GC(40) CMS: 70070K->70070K(174784K)
[2019-12-08T12:10:07.375+0000][1][gc,metaspace ] GC(40) Metaspace: 69058K->69058K(1112064K)
[2019-12-08T12:10:07.375+0000][1][gc           ] GC(40) Pause Young (Allocation Failure) 136M->68M(247M) 1.044ms
[2019-12-08T12:10:07.375+0000][1][gc,cpu       ] GC(40) User=0.01s Sys=0.00s Real=0.00s
[2019-12-08T12:10:07.376+0000][1][safepoint    ] Leaving safepoint region
[2019-12-08T12:10:07.376+0000][1][safepoint    ] Total time for which application threads were stopped: 0.0011801 seconds, Stopping threads took: 0.0000162 seconds
[2019-12-08T12:10:08.376+0000][1][safepoint    ] Application time: 1.0000915 seconds
[2019-12-08T12:10:08.376+0000][1][safepoint    ] Entering safepoint region: Cleanup
[2019-12-08T12:10:08.376+0000][1][safepoint    ] Leaving safepoint region
[2019-12-08T12:10:08.376+0000][1][safepoint    ] Total time for which application threads were stopped: 0.0000895 seconds, Stopping threads took: 0.0000201 seconds
[2019-12-08T12:10:09.376+0000][1][safepoint    ] Application time: 1.0000804 seconds
[2019-12-08T12:10:09.376+0000][1][safepoint    ] Entering safepoint region: Cleanup
[2019-12-08T12:10:09.376+0000][1][safepoint    ] Leaving safepoint region
[2019-12-08T12:10:09.376+0000][1][safepoint    ] Total time for which application threads were stopped: 0.0000760 seconds, Stopping threads took: 0.0000202 seconds
[2019-12-08T12:10:10.376+0000][1][safepoint    ] Application time: 1.0000803 seconds
[2019-12-08T12:10:10.376+0000][1][safepoint    ] Entering safepoint region: Cleanup
[2019-12-08T12:10:10.376+0000][1][safepoint    ] Leaving safepoint region
[2019-12-08T12:10:10.376+0000][1][safepoint    ] Total time for which application threads were stopped: 0.0000814 seconds, Stopping threads took: 0.0000265 seconds
[2019-12-08T12:10:11.376+0000][1][safepoint    ] Application time: 1.0000807 seconds
[2019-12-08T12:10:11.376+0000][1][safepoint    ] Entering safepoint region: Cleanup
[2019-12-08T12:10:11.376+0000][1][safepoint    ] Leaving safepoint region
[2019-12-08T12:10:11.376+0000][1][safepoint    ] Total time for which application threads were stopped: 0.0000745 seconds, Stopping threads took: 0.0000193 seconds
[2019-12-08T12:10:12.376+0000][1][safepoint    ] Application time: 1.0000819 seconds
[2019-12-08T12:10:12.377+0000][1][safepoint    ] Entering safepoint region: Cleanup
[2019-12-08T12:10:12.377+0000][1][safepoint    ] Leaving safepoint region
[2019-12-08T12:10:12.377+0000][1][safepoint    ] Total time for which application threads were stopped: 0.0001124 seconds, Stopping threads took: 0.0000506 seconds
[2019-12-08T12:10:13.377+0000][1][safepoint    ] Application time: 1.0000871 seconds
[2019-12-08T12:10:13.377+0000][1][safepoint    ] Entering safepoint region: Cleanup
[2019-12-08T12:10:13.377+0000][1][safepoint    ] Leaving safepoint region
[2019-12-08T12:10:13.377+0000][1][safepoint    ] Total time for which application threads were stopped: 0.0000736 seconds, Stopping threads took: 0.0000189 seconds
[2019-12-08T12:10:14.377+0000][1][safepoint    ] Application time: 1.0000892 seconds
[2019-12-08T12:10:14.377+0000][1][safepoint    ] Entering safepoint region: Cleanup
[2019-12-08T12:10:14.377+0000][1][safepoint    ] Leaving safepoint region
[2019-12-08T12:10:14.377+0000][1][safepoint    ] Total time for which application threads were stopped: 0.0000746 seconds, Stopping threads took: 0.0000191 seconds
[2019-12-08T12:10:15.377+0000][1][safepoint    ] Application time: 1.0000873 seconds
[2019-12-08T12:10:15.377+0000][1][safepoint    ] Entering safepoint region: Cleanup
[2019-12-08T12:10:15.377+0000][1][safepoint    ] Leaving safepoint region
[2019-12-08T12:10:15.377+0000][1][safepoint    ] Total time for which application threads were stopped: 0.0000770 seconds, Stopping threads took: 0.0000203 seconds
[2019-12-08T12:10:16.377+0000][1][safepoint    ] Application time: 1.0000927 seconds
[2019-12-08T12:10:16.377+0000][1][safepoint    ] Entering safepoint region: Cleanup
[2019-12-08T12:10:16.377+0000][1][safepoint    ] Leaving safepoint region
[2019-12-08T12:10:16.377+0000][1][safepoint    ] Total time for which application threads were stopped: 0.0000779 seconds, Stopping threads took: 0.0000210 seconds
[2019-12-08T12:10:17.378+0000][1][safepoint    ] Application time: 1.0000809 seconds
[2019-12-08T12:10:17.378+0000][1][safepoint    ] Entering safepoint region: Cleanup
[2019-12-08T12:10:17.378+0000][1][safepoint    ] Leaving safepoint region
[2019-12-08T12:10:17.378+0000][1][safepoint    ] Total time for which application threads were stopped: 0.0000734 seconds, Stopping threads took: 0.0000187 seconds
[2019-12-08T12:10:18.378+0000][1][safepoint    ] Application time: 1.0000893 seconds
[2019-12-08T12:10:18.378+0000][1][safepoint    ] Entering safepoint region: Cleanup
[2019-12-08T12:10:18.378+0000][1][safepoint    ] Leaving safepoint region
[2019-12-08T12:10:18.378+0000][1][safepoint    ] Total time for which application threads were stopped: 0.0000735 seconds, Stopping threads took: 0.0000196 seconds
[2019-12-08T12:10:19.378+0000][1][safepoint    ] Application time: 1.0000709 seconds
[2019-12-08T12:10:19.378+0000][1][safepoint    ] Entering safepoint region: Cleanup
[2019-12-08T12:10:19.378+0000][1][safepoint    ] Leaving safepoint region
[2019-12-08T12:10:19.378+0000][1][safepoint    ] Total time for which application threads were stopped: 0.0000747 seconds, Stopping threads took: 0.0000189 seconds
[2019-12-08T12:10:20.378+0000][1][safepoint    ] Application time: 1.0000873 seconds
[2019-12-08T12:10:20.378+0000][1][safepoint    ] Entering safepoint region: Cleanup
[2019-12-08T12:10:20.378+0000][1][safepoint    ] Leaving safepoint region
[2019-12-08T12:10:20.378+0000][1][safepoint    ] Total time for which application threads were stopped: 0.0000749 seconds, Stopping threads took: 0.0000191 seconds
[2019-12-08T12:10:21.378+0000][1][safepoint    ] Application time: 1.0000913 seconds
[2019-12-08T12:10:21.378+0000][1][safepoint    ] Entering safepoint region: Cleanup
[2019-12-08T12:10:21.378+0000][1][safepoint    ] Leaving safepoint region
[2019-12-08T12:10:21.378+0000][1][safepoint    ] Total time for which application threads were stopped: 0.0000680 seconds, Stopping threads took: 0.0000172 seconds
[2019-12-08T12:10:22.378+0000][1][safepoint    ] Application time: 1.0000899 seconds
[2019-12-08T12:10:22.379+0000][1][safepoint    ] Entering safepoint region: Cleanup
[2019-12-08T12:10:22.379+0000][1][safepoint    ] Leaving safepoint region
[2019-12-08T12:10:22.379+0000][1][safepoint    ] Total time for which application threads were stopped: 0.0000749 seconds, Stopping threads took: 0.0000217 seconds
[2019-12-08T12:10:23.379+0000][1][safepoint    ] Application time: 1.0000930 seconds
[2019-12-08T12:10:23.379+0000][1][safepoint    ] Entering safepoint region: Cleanup
[2019-12-08T12:10:23.379+0000][1][safepoint    ] Leaving safepoint region
[2019-12-08T12:10:23.379+0000][1][safepoint    ] Total time for which application threads were stopped: 0.0000771 seconds, Stopping threads took: 0.0000201 seconds
[2019-12-08T12:10:24.379+0000][1][safepoint    ] Application time: 1.0000919 seconds
[2019-12-08T12:10:24.379+0000][1][safepoint    ] Entering safepoint region: Cleanup
[2019-12-08T12:10:24.379+0000][1][safepoint    ] Leaving safepoint region
[2019-12-08T12:10:24.379+0000][1][safepoint    ] Total time for which application threads were stopped: 0.0000734 seconds, Stopping threads took: 0.0000190 seconds
[2019-12-08T12:10:25.379+0000][1][safepoint    ] Application time: 1.0000801 seconds
[2019-12-08T12:10:25.379+0000][1][safepoint    ] Entering safepoint region: Cleanup
[2019-12-08T12:10:25.379+0000][1][safepoint    ] Leaving safepoint region
[2019-12-08T12:10:25.379+0000][1][safepoint    ] Total time for which application threads were stopped: 0.0000743 seconds, Stopping threads took: 0.0000192 seconds
[2019-12-08T12:10:26.379+0000][1][safepoint    ] Application time: 1.0000935 seconds
[2019-12-08T12:10:26.379+0000][1][safepoint    ] Entering safepoint region: Cleanup
[2019-12-08T12:10:26.379+0000][1][safepoint    ] Leaving safepoint region
[2019-12-08T12:10:26.379+0000][1][safepoint    ] Total time for which application threads were stopped: 0.0000763 seconds, Stopping threads took: 0.0000194 seconds
[2019-12-08T12:10:27.380+0000][1][safepoint    ] Application time: 1.0000829 seconds
[2019-12-08T12:10:27.380+0000][1][safepoint    ] Entering safepoint region: Cleanup
[2019-12-08T12:10:27.380+0000][1][safepoint    ] Leaving safepoint region
[2019-12-08T12:10:27.380+0000][1][safepoint    ] Total time for which application threads were stopped: 0.0000746 seconds, Stopping threads took: 0.0000190 seconds
[2019-12-08T12:10:28.380+0000][1][safepoint    ] Application time: 1.0000783 seconds
[2019-12-08T12:10:28.380+0000][1][safepoint    ] Entering safepoint region: Cleanup
[2019-12-08T12:10:28.380+0000][1][safepoint    ] Leaving safepoint region
[2019-12-08T12:10:28.380+0000][1][safepoint    ] Total time for which application threads were stopped: 0.0000730 seconds, Stopping threads took: 0.0000192 seconds
[2019-12-08T12:10:29.380+0000][1][safepoint    ] Application time: 1.0000796 seconds
[2019-12-08T12:10:29.380+0000][1][safepoint    ] Entering safepoint region: Cleanup
[2019-12-08T12:10:29.380+0000][1][safepoint    ] Leaving safepoint region
[2019-12-08T12:10:29.380+0000][1][safepoint    ] Total time for which application threads were stopped: 0.0000740 seconds, Stopping threads took: 0.0000183 seconds
[2019-12-08T12:10:30.380+0000][1][safepoint    ] Application time: 1.0000790 seconds
[2019-12-08T12:10:30.380+0000][1][safepoint    ] Entering safepoint region: Cleanup
[2019-12-08T12:10:30.380+0000][1][safepoint    ] Leaving safepoint region
[2019-12-08T12:10:30.380+0000][1][safepoint    ] Total time for which application threads were stopped: 0.0000729 seconds, Stopping threads took: 0.0000190 seconds
[2019-12-08T12:10:31.380+0000][1][safepoint    ] Application time: 1.0000759 seconds
[2019-12-08T12:10:31.380+0000][1][safepoint    ] Entering safepoint region: Cleanup
[2019-12-08T12:10:31.380+0000][1][safepoint    ] Leaving safepoint region
[2019-12-08T12:10:31.380+0000][1][safepoint    ] Total time for which application threads were stopped: 0.0000724 seconds, Stopping threads took: 0.0000197 seconds
[2019-12-08T12:10:32.381+0000][1][safepoint    ] Application time: 1.0000785 seconds
[2019-12-08T12:10:32.381+0000][1][safepoint    ] Entering safepoint region: Cleanup
[2019-12-08T12:10:32.381+0000][1][safepoint    ] Leaving safepoint region
[2019-12-08T12:10:32.381+0000][1][safepoint    ] Total time for which application threads were stopped: 0.0000770 seconds, Stopping threads took: 0.0000215 seconds
[2019-12-08T12:10:33.381+0000][1][safepoint    ] Application time: 1.0000806 seconds
[2019-12-08T12:10:33.381+0000][1][safepoint    ] Entering safepoint region: Cleanup
[2019-12-08T12:10:33.381+0000][1][safepoint    ] Leaving safepoint region
[2019-12-08T12:10:33.381+0000][1][safepoint    ] Total time for which application threads were stopped: 0.0000742 seconds, Stopping threads took: 0.0000189 seconds
[2019-12-08T12:10:34.381+0000][1][safepoint    ] Application time: 1.0000854 seconds
[2019-12-08T12:10:34.381+0000][1][safepoint    ] Entering safepoint region: Cleanup
[2019-12-08T12:10:34.381+0000][1][safepoint    ] Leaving safepoint region
[2019-12-08T12:10:34.381+0000][1][safepoint    ] Total time for which application threads were stopped: 0.0000753 seconds, Stopping threads took: 0.0000200 seconds
[2019-12-08T12:10:35.381+0000][1][safepoint    ] Application time: 1.0000801 seconds
[2019-12-08T12:10:35.381+0000][1][safepoint    ] Entering safepoint region: Cleanup
[2019-12-08T12:10:35.381+0000][1][safepoint    ] Leaving safepoint region
[2019-12-08T12:10:35.381+0000][1][safepoint    ] Total time for which application threads were stopped: 0.0000735 seconds, Stopping threads took: 0.0000193 seconds
[2019-12-08T12:10:36.381+0000][1][safepoint    ] Application time: 1.0000789 seconds
[2019-12-08T12:10:36.381+0000][1][safepoint    ] Entering safepoint region: Cleanup
[2019-12-08T12:10:36.381+0000][1][safepoint    ] Leaving safepoint region
[2019-12-08T12:10:36.381+0000][1][safepoint    ] Total time for which application threads were stopped: 0.0000800 seconds, Stopping threads took: 0.0000271 seconds
[2019-12-08T12:10:37.382+0000][1][safepoint    ] Application time: 1.0000777 seconds
[2019-12-08T12:10:37.382+0000][1][safepoint    ] Entering safepoint region: Cleanup
[2019-12-08T12:10:37.382+0000][1][safepoint    ] Leaving safepoint region
[2019-12-08T12:10:37.382+0000][1][safepoint    ] Total time for which application threads were stopped: 0.0000737 seconds, Stopping threads took: 0.0000197 seconds
[2019-12-08T12:10:38.382+0000][1][safepoint    ] Application time: 1.0000800 seconds
[2019-12-08T12:10:38.382+0000][1][safepoint    ] Entering safepoint region: Cleanup
[2019-12-08T12:10:38.382+0000][1][safepoint    ] Leaving safepoint region
[2019-12-08T12:10:38.382+0000][1][safepoint    ] Total time for which application threads were stopped: 0.0000771 seconds, Stopping threads took: 0.0000197 seconds
[2019-12-08T12:10:39.382+0000][1][safepoint    ] Application time: 1.0000902 seconds
[2019-12-08T12:10:39.382+0000][1][safepoint    ] Entering safepoint region: Cleanup
[2019-12-08T12:10:39.382+0000][1][safepoint    ] Leaving safepoint region
[2019-12-08T12:10:39.382+0000][1][safepoint    ] Total time for which application threads were stopped: 0.0000743 seconds, Stopping threads took: 0.0000189 seconds
[2019-12-08T12:10:40.382+0000][1][safepoint    ] Application time: 1.0000876 seconds
[2019-12-08T12:10:40.382+0000][1][safepoint    ] Entering safepoint region: Cleanup
[2019-12-08T12:10:40.382+0000][1][safepoint    ] Leaving safepoint region
[2019-12-08T12:10:40.382+0000][1][safepoint    ] Total time for which application threads were stopped: 0.0000767 seconds, Stopping threads took: 0.0000209 seconds
[2019-12-08T12:10:41.382+0000][1][safepoint    ] Application time: 1.0000774 seconds
[2019-12-08T12:10:41.382+0000][1][safepoint    ] Entering safepoint region: Cleanup
[2019-12-08T12:10:41.382+0000][1][safepoint    ] Leaving safepoint region
[2019-12-08T12:10:41.382+0000][1][safepoint    ] Total time for which application threads were stopped: 0.0000790 seconds, Stopping threads took: 0.0000210 seconds
[2019-12-08T12:10:42.383+0000][1][safepoint    ] Application time: 1.0000776 seconds
[2019-12-08T12:10:42.383+0000][1][safepoint    ] Entering safepoint region: Cleanup
[2019-12-08T12:10:42.383+0000][1][safepoint    ] Leaving safepoint region
[2019-12-08T12:10:42.383+0000][1][safepoint    ] Total time for which application threads were stopped: 0.0000732 seconds, Stopping threads took: 0.0000188 seconds
[2019-12-08T12:10:43.383+0000][1][safepoint    ] Application time: 1.0000895 seconds
[2019-12-08T12:10:43.383+0000][1][safepoint    ] Entering safepoint region: Cleanup
[2019-12-08T12:10:43.383+0000][1][safepoint    ] Leaving safepoint region
[2019-12-08T12:10:43.383+0000][1][safepoint    ] Total time for which application threads were stopped: 0.0000734 seconds, Stopping threads took: 0.0000188 seconds
[2019-12-08T12:10:44.383+0000][1][safepoint    ] Application time: 1.0000771 seconds
[2019-12-08T12:10:44.383+0000][1][safepoint    ] Entering safepoint region: Cleanup
[2019-12-08T12:10:44.383+0000][1][safepoint    ] Leaving safepoint region
[2019-12-08T12:10:44.383+0000][1][safepoint    ] Total time for which application threads were stopped: 0.0000742 seconds, Stopping threads took: 0.0000193 seconds
[2019-12-08T12:10:45.383+0000][1][safepoint    ] Application time: 1.0000766 seconds
[2019-12-08T12:10:45.383+0000][1][safepoint    ] Entering safepoint region: Cleanup
[2019-12-08T12:10:45.383+0000][1][safepoint    ] Leaving safepoint region
[2019-12-08T12:10:45.383+0000][1][safepoint    ] Total time for which application threads were stopped: 0.0000723 seconds, Stopping threads took: 0.0000189 seconds
[2019-12-08T12:10:46.383+0000][1][safepoint    ] Application time: 1.0000757 seconds
[2019-12-08T12:10:46.383+0000][1][safepoint    ] Entering safepoint region: Cleanup
[2019-12-08T12:10:46.383+0000][1][safepoint    ] Leaving safepoint region
[2019-12-08T12:10:46.383+0000][1][safepoint    ] Total time for which application threads were stopped: 0.0000797 seconds, Stopping threads took: 0.0000257 seconds
[2019-12-08T12:10:47.384+0000][1][safepoint    ] Application time: 1.0000744 seconds
[2019-12-08T12:10:47.384+0000][1][safepoint    ] Entering safepoint region: Cleanup
[2019-12-08T12:10:47.384+0000][1][safepoint    ] Leaving safepoint region
[2019-12-08T12:10:47.384+0000][1][safepoint    ] Total time for which application threads were stopped: 0.0000711 seconds, Stopping threads took: 0.0000178 seconds
[2019-12-08T12:10:48.384+0000][1][safepoint    ] Application time: 1.0000842 seconds
[2019-12-08T12:10:48.384+0000][1][safepoint    ] Entering safepoint region: Cleanup
[2019-12-08T12:10:48.384+0000][1][safepoint    ] Leaving safepoint region
[2019-12-08T12:10:48.384+0000][1][safepoint    ] Total time for which application threads were stopped: 0.0000725 seconds, Stopping threads took: 0.0000189 seconds
[2019-12-08T12:10:49.384+0000][1][safepoint    ] Application time: 1.0000810 seconds
[2019-12-08T12:10:49.384+0000][1][safepoint    ] Entering safepoint region: Cleanup
[2019-12-08T12:10:49.384+0000][1][safepoint    ] Leaving safepoint region
[2019-12-08T12:10:49.384+0000][1][safepoint    ] Total time for which application threads were stopped: 0.0000731 seconds, Stopping threads took: 0.0000191 seconds
[2019-12-08T12:10:50.384+0000][1][safepoint    ] Application time: 1.0000771 seconds
[2019-12-08T12:10:50.384+0000][1][safepoint    ] Entering safepoint region: Cleanup
[2019-12-08T12:10:50.384+0000][1][safepoint    ] Leaving safepoint region
[2019-12-08T12:10:50.384+0000][1][safepoint    ] Total time for which application threads were stopped: 0.0000740 seconds, Stopping threads took: 0.0000187 seconds
[2019-12-08T12:10:51.384+0000][1][safepoint    ] Application time: 1.0000782 seconds
[2019-12-08T12:10:51.384+0000][1][safepoint    ] Entering safepoint region: Cleanup
[2019-12-08T12:10:51.384+0000][1][safepoint    ] Leaving safepoint region
[2019-12-08T12:10:51.384+0000][1][safepoint    ] Total time for which application threads were stopped: 0.0000731 seconds, Stopping threads took: 0.0000192 seconds
[2019-12-08T12:10:52.385+0000][1][safepoint    ] Application time: 1.0000770 seconds
[2019-12-08T12:10:52.385+0000][1][safepoint    ] Entering safepoint region: Cleanup
[2019-12-08T12:10:52.385+0000][1][safepoint    ] Leaving safepoint region
[2019-12-08T12:10:52.385+0000][1][safepoint    ] Total time for which application threads were stopped: 0.0000731 seconds, Stopping threads took: 0.0000188 seconds
[2019-12-08T12:10:53.385+0000][1][safepoint    ] Application time: 1.0000722 seconds
[2019-12-08T12:10:53.385+0000][1][safepoint    ] Entering safepoint region: Cleanup
[2019-12-08T12:10:53.385+0000][1][safepoint    ] Leaving safepoint region
[2019-12-08T12:10:53.385+0000][1][safepoint    ] Total time for which application threads were stopped: 0.0000758 seconds, Stopping threads took: 0.0000195 seconds
[2019-12-08T12:10:54.385+0000][1][safepoint    ] Application time: 1.0000740 seconds
[2019-12-08T12:10:54.385+0000][1][safepoint    ] Entering safepoint region: Cleanup
[2019-12-08T12:10:54.385+0000][1][safepoint    ] Leaving safepoint region
[2019-12-08T12:10:54.385+0000][1][safepoint    ] Total time for which application threads were stopped: 0.0000700 seconds, Stopping threads took: 0.0000170 seconds
[2019-12-08T12:10:55.385+0000][1][safepoint    ] Application time: 1.0000730 seconds
[2019-12-08T12:10:55.385+0000][1][safepoint    ] Entering safepoint region: Cleanup
[2019-12-08T12:10:55.385+0000][1][safepoint    ] Leaving safepoint region
[2019-12-08T12:10:55.385+0000][1][safepoint    ] Total time for which application threads were stopped: 0.0000713 seconds, Stopping threads took: 0.0000183 seconds
[2019-12-08T12:10:56.385+0000][1][safepoint    ] Application time: 1.0000781 seconds
[2019-12-08T12:10:56.385+0000][1][safepoint    ] Entering safepoint region: Cleanup
[2019-12-08T12:10:56.385+0000][1][safepoint    ] Leaving safepoint region
[2019-12-08T12:10:56.385+0000][1][safepoint    ] Total time for which application threads were stopped: 0.0000816 seconds, Stopping threads took: 0.0000263 seconds
[2019-12-08T12:10:57.385+0000][1][safepoint    ] Application time: 1.0000760 seconds
[2019-12-08T12:10:57.386+0000][1][safepoint    ] Entering safepoint region: Cleanup
[2019-12-08T12:10:57.386+0000][1][safepoint    ] Leaving safepoint region
[2019-12-08T12:10:57.386+0000][1][safepoint    ] Total time for which application threads were stopped: 0.0000716 seconds, Stopping threads took: 0.0000192 seconds
[2019-12-08T12:10:58.386+0000][1][safepoint    ] Application time: 1.0000766 seconds
[2019-12-08T12:10:58.386+0000][1][safepoint    ] Entering safepoint region: Cleanup
[2019-12-08T12:10:58.386+0000][1][safepoint    ] Leaving safepoint region
[2019-12-08T12:10:58.386+0000][1][safepoint    ] Total time for which application threads were stopped: 0.0000720 seconds, Stopping threads took: 0.0000180 seconds
[2019-12-08T12:10:59.386+0000][1][safepoint    ] Application time: 1.0000759 seconds
[2019-12-08T12:10:59.386+0000][1][safepoint    ] Entering safepoint region: Cleanup
[2019-12-08T12:10:59.386+0000][1][safepoint    ] Leaving safepoint region
[2019-12-08T12:10:59.386+0000][1][safepoint    ] Total time for which application threads were stopped: 0.0000850 seconds, Stopping threads took: 0.0000185 seconds
[2019-12-08T12:11:00.386+0000][1][safepoint    ] Application time: 1.0000762 seconds
[2019-12-08T12:11:00.386+0000][1][safepoint    ] Entering safepoint region: Cleanup
[2019-12-08T12:11:00.386+0000][1][safepoint    ] Leaving safepoint region
[2019-12-08T12:11:00.386+0000][1][safepoint    ] Total time for which application threads were stopped: 0.0000715 seconds, Stopping threads took: 0.0000184 seconds
[2019-12-08T12:11:01.386+0000][1][safepoint    ] Application time: 1.0000895 seconds
[2019-12-08T12:11:01.386+0000][1][safepoint    ] Entering safepoint region: Cleanup
[2019-12-08T12:11:01.386+0000][1][safepoint    ] Leaving safepoint region
[2019-12-08T12:11:01.386+0000][1][safepoint    ] Total time for which application threads were stopped: 0.0001102 seconds, Stopping threads took: 0.0000342 seconds
[2019-12-08T12:11:02.387+0000][1][safepoint    ] Application time: 1.0000784 seconds
[2019-12-08T12:11:02.387+0000][1][safepoint    ] Entering safepoint region: Cleanup
[2019-12-08T12:11:02.387+0000][1][safepoint    ] Leaving safepoint region
[2019-12-08T12:11:02.387+0000][1][safepoint    ] Total time for which application threads were stopped: 0.0000738 seconds, Stopping threads took: 0.0000192 seconds
[2019-12-08T12:11:03.387+0000][1][safepoint    ] Application time: 1.0000790 seconds
[2019-12-08T12:11:03.387+0000][1][safepoint    ] Entering safepoint region: Cleanup
[2019-12-08T12:11:03.387+0000][1][safepoint    ] Leaving safepoint region
[2019-12-08T12:11:03.387+0000][1][safepoint    ] Total time for which application threads were stopped: 0.0000708 seconds, Stopping threads took: 0.0000167 seconds
[2019-12-08T12:11:04.387+0000][1][safepoint    ] Application time: 1.0000769 seconds
[2019-12-08T12:11:04.387+0000][1][safepoint    ] Entering safepoint region: Cleanup
[2019-12-08T12:11:04.387+0000][1][safepoint    ] Leaving safepoint region
[2019-12-08T12:11:04.387+0000][1][safepoint    ] Total time for which application threads were stopped: 0.0000735 seconds, Stopping threads took: 0.0000199 seconds
[2019-12-08T12:11:05.387+0000][1][safepoint    ] Application time: 1.0000737 seconds
[2019-12-08T12:11:05.387+0000][1][safepoint    ] Entering safepoint region: Cleanup
[2019-12-08T12:11:05.387+0000][1][safepoint    ] Leaving safepoint region
[2019-12-08T12:11:05.387+0000][1][safepoint    ] Total time for which application threads were stopped: 0.0000721 seconds, Stopping threads took: 0.0000176 seconds
[2019-12-08T12:11:06.387+0000][1][safepoint    ] Application time: 1.0000771 seconds
[2019-12-08T12:11:06.387+0000][1][safepoint    ] Entering safepoint region: Cleanup
[2019-12-08T12:11:06.387+0000][1][safepoint    ] Leaving safepoint region
[2019-12-08T12:11:06.387+0000][1][safepoint    ] Total time for which application threads were stopped: 0.0000781 seconds, Stopping threads took: 0.0000183 seconds
[2019-12-08T12:11:07.387+0000][1][safepoint    ] Application time: 1.0000831 seconds
[2019-12-08T12:11:07.388+0000][1][safepoint    ] Entering safepoint region: Cleanup
[2019-12-08T12:11:07.388+0000][1][safepoint    ] Leaving safepoint region
[2019-12-08T12:11:07.388+0000][1][safepoint    ] Total time for which application threads were stopped: 0.0000744 seconds, Stopping threads took: 0.0000200 seconds
[2019-12-08T12:11:08.388+0000][1][safepoint    ] Application time: 1.0000951 seconds
[2019-12-08T12:11:08.388+0000][1][safepoint    ] Entering safepoint region: Cleanup
[2019-12-08T12:11:08.388+0000][1][safepoint    ] Leaving safepoint region
[2019-12-08T12:11:08.388+0000][1][safepoint    ] Total time for which application threads were stopped: 0.0000728 seconds, Stopping threads took: 0.0000195 seconds
[2019-12-08T12:11:09.388+0000][1][safepoint    ] Application time: 1.0000774 seconds
[2019-12-08T12:11:09.388+0000][1][safepoint    ] Entering safepoint region: Cleanup
[2019-12-08T12:11:09.388+0000][1][safepoint    ] Leaving safepoint region
[2019-12-08T12:11:09.388+0000][1][safepoint    ] Total time for which application threads were stopped: 0.0000747 seconds, Stopping threads took: 0.0000191 seconds
[2019-12-08T12:11:10.388+0000][1][safepoint    ] Application time: 1.0000738 seconds
[2019-12-08T12:11:10.388+0000][1][safepoint    ] Entering safepoint region: Cleanup
[2019-12-08T12:11:10.388+0000][1][safepoint    ] Leaving safepoint region
[2019-12-08T12:11:10.388+0000][1][safepoint    ] Total time for which application threads were stopped: 0.0000814 seconds, Stopping threads took: 0.0000273 seconds
[2019-12-08T12:11:11.388+0000][1][safepoint    ] Application time: 1.0000750 seconds
[2019-12-08T12:11:11.388+0000][1][safepoint    ] Entering safepoint region: Cleanup
[2019-12-08T12:11:11.388+0000][1][safepoint    ] Leaving safepoint region
[2019-12-08T12:11:11.388+0000][1][safepoint    ] Total time for which application threads were stopped: 0.0000722 seconds, Stopping threads took: 0.0000184 seconds
[2019-12-08T12:11:12.388+0000][1][safepoint    ] Application time: 1.0000764 seconds
[2019-12-08T12:11:12.389+0000][1][safepoint    ] Entering safepoint region: Cleanup
[2019-12-08T12:11:12.389+0000][1][safepoint    ] Leaving safepoint region
[2019-12-08T12:11:12.389+0000][1][safepoint    ] Total time for which application threads were stopped: 0.0000723 seconds, Stopping threads took: 0.0000185 seconds
[2019-12-08T12:11:13.389+0000][1][safepoint    ] Application time: 1.0000855 seconds
[2019-12-08T12:11:13.389+0000][1][safepoint    ] Entering safepoint region: Cleanup
[2019-12-08T12:11:13.389+0000][1][safepoint    ] Leaving safepoint region
[2019-12-08T12:11:13.389+0000][1][safepoint    ] Total time for which application threads were stopped: 0.0000745 seconds, Stopping threads took: 0.0000200 seconds
[2019-12-08T12:11:14.389+0000][1][safepoint    ] Application time: 1.0000760 seconds
[2019-12-08T12:11:14.389+0000][1][safepoint    ] Entering safepoint region: Cleanup
[2019-12-08T12:11:14.389+0000][1][safepoint    ] Leaving safepoint region
[2019-12-08T12:11:14.389+0000][1][safepoint    ] Total time for which application threads were stopped: 0.0000724 seconds, Stopping threads took: 0.0000189 seconds
[2019-12-08T12:11:15.389+0000][1][safepoint    ] Application time: 1.0000754 seconds
[2019-12-08T12:11:15.389+0000][1][safepoint    ] Entering safepoint region: Cleanup
[2019-12-08T12:11:15.389+0000][1][safepoint    ] Leaving safepoint region
[2019-12-08T12:11:15.389+0000][1][safepoint    ] Total time for which application threads were stopped: 0.0000731 seconds, Stopping threads took: 0.0000192 seconds
[2019-12-08T12:11:16.389+0000][1][safepoint    ] Application time: 1.0000797 seconds
[2019-12-08T12:11:16.389+0000][1][safepoint    ] Entering safepoint region: Cleanup
[2019-12-08T12:11:16.389+0000][1][safepoint    ] Leaving safepoint region
[2019-12-08T12:11:16.389+0000][1][safepoint    ] Total time for which application threads were stopped: 0.0000806 seconds, Stopping threads took: 0.0000194 seconds
[2019-12-08T12:11:17.389+0000][1][safepoint    ] Application time: 1.0000795 seconds
[2019-12-08T12:11:17.390+0000][1][safepoint    ] Entering safepoint region: Cleanup
[2019-12-08T12:11:17.390+0000][1][safepoint    ] Leaving safepoint region
[2019-12-08T12:11:17.390+0000][1][safepoint    ] Total time for which application threads were stopped: 0.0000718 seconds, Stopping threads took: 0.0000178 seconds
[2019-12-08T12:11:18.390+0000][1][safepoint    ] Application time: 1.0000759 seconds
[2019-12-08T12:11:18.390+0000][1][safepoint    ] Entering safepoint region: Cleanup
[2019-12-08T12:11:18.390+0000][1][safepoint    ] Leaving safepoint region
[2019-12-08T12:11:18.390+0000][1][safepoint    ] Total time for which application threads were stopped: 0.0000747 seconds, Stopping threads took: 0.0000214 seconds
[2019-12-08T12:11:19.390+0000][1][safepoint    ] Application time: 1.0000763 seconds
[2019-12-08T12:11:19.390+0000][1][safepoint    ] Entering safepoint region: Cleanup
[2019-12-08T12:11:19.390+0000][1][safepoint    ] Leaving safepoint region
[2019-12-08T12:11:19.390+0000][1][safepoint    ] Total time for which application threads were stopped: 0.0000726 seconds, Stopping threads took: 0.0000185 seconds
[2019-12-08T12:11:20.390+0000][1][safepoint    ] Application time: 1.0000778 seconds
[2019-12-08T12:11:20.390+0000][1][safepoint    ] Entering safepoint region: Cleanup
[2019-12-08T12:11:20.390+0000][1][safepoint    ] Leaving safepoint region
[2019-12-08T12:11:20.390+0000][1][safepoint    ] Total time for which application threads were stopped: 0.0000757 seconds, Stopping threads took: 0.0000208 seconds
[2019-12-08T12:11:21.390+0000][1][safepoint    ] Application time: 1.0000759 seconds
[2019-12-08T12:11:21.390+0000][1][safepoint    ] Entering safepoint region: Cleanup
[2019-12-08T12:11:21.390+0000][1][safepoint    ] Leaving safepoint region
[2019-12-08T12:11:21.390+0000][1][safepoint    ] Total time for which application threads were stopped: 0.0000737 seconds, Stopping threads took: 0.0000200 seconds
[2019-12-08T12:11:22.390+0000][1][safepoint    ] Application time: 1.0000818 seconds
[2019-12-08T12:11:22.391+0000][1][safepoint    ] Entering safepoint region: Cleanup
[2019-12-08T12:11:22.391+0000][1][safepoint    ] Leaving safepoint region
[2019-12-08T12:11:22.391+0000][1][safepoint    ] Total time for which application threads were stopped: 0.0000762 seconds, Stopping threads took: 0.0000199 seconds
[2019-12-08T12:11:23.391+0000][1][safepoint    ] Application time: 1.0000854 seconds
[2019-12-08T12:11:23.391+0000][1][safepoint    ] Entering safepoint region: Cleanup
[2019-12-08T12:11:23.391+0000][1][safepoint    ] Leaving safepoint region
[2019-12-08T12:11:23.391+0000][1][safepoint    ] Total time for which application threads were stopped: 0.0000959 seconds, Stopping threads took: 0.0000248 seconds
[2019-12-08T12:11:24.391+0000][1][safepoint    ] Application time: 1.0000807 seconds
[2019-12-08T12:11:24.391+0000][1][safepoint    ] Entering safepoint region: Cleanup
[2019-12-08T12:11:24.391+0000][1][safepoint    ] Leaving safepoint region
[2019-12-08T12:11:24.391+0000][1][safepoint    ] Total time for which application threads were stopped: 0.0000726 seconds, Stopping threads took: 0.0000188 seconds
[2019-12-08T12:11:25.391+0000][1][safepoint    ] Application time: 1.0000773 seconds
[2019-12-08T12:11:25.391+0000][1][safepoint    ] Entering safepoint region: Cleanup
[2019-12-08T12:11:25.391+0000][1][safepoint    ] Leaving safepoint region
[2019-12-08T12:11:25.391+0000][1][safepoint    ] Total time for which application threads were stopped: 0.0000730 seconds, Stopping threads took: 0.0000183 seconds
[2019-12-08T12:11:26.391+0000][1][safepoint    ] Application time: 1.0000784 seconds
[2019-12-08T12:11:26.391+0000][1][safepoint    ] Entering safepoint region: Cleanup
[2019-12-08T12:11:26.391+0000][1][safepoint    ] Leaving safepoint region
[2019-12-08T12:11:26.391+0000][1][safepoint    ] Total time for which application threads were stopped: 0.0000816 seconds, Stopping threads took: 0.0000187 seconds
[2019-12-08T12:11:27.660+0000][1][safepoint    ] Application time: 1.2688492 seconds
[2019-12-08T12:11:27.660+0000][1][safepoint    ] Entering safepoint region: Cleanup
[2019-12-08T12:11:27.660+0000][1][safepoint    ] Leaving safepoint region
[2019-12-08T12:11:27.660+0000][1][safepoint    ] Total time for which application threads were stopped: 0.0000787 seconds, Stopping threads took: 0.0000187 seconds
[2019-12-08T12:11:28.661+0000][1][safepoint    ] Application time: 1.0001102 seconds
[2019-12-08T12:11:28.661+0000][1][safepoint    ] Entering safepoint region: Cleanup
[2019-12-08T12:11:28.661+0000][1][safepoint    ] Leaving safepoint region
[2019-12-08T12:11:28.661+0000][1][safepoint    ] Total time for which application threads were stopped: 0.0000741 seconds, Stopping threads took: 0.0000206 seconds
[2019-12-08T12:11:29.661+0000][1][safepoint    ] Application time: 1.0000768 seconds
[2019-12-08T12:11:29.661+0000][1][safepoint    ] Entering safepoint region: Cleanup
[2019-12-08T12:11:29.661+0000][1][safepoint    ] Leaving safepoint region
[2019-12-08T12:11:29.661+0000][1][safepoint    ] Total time for which application threads were stopped: 0.0001973 seconds, Stopping threads took: 0.0000685 seconds
[2019-12-08T12:11:30.661+0000][1][safepoint    ] Application time: 1.0000912 seconds
[2019-12-08T12:11:30.661+0000][1][safepoint    ] Entering safepoint region: Cleanup
[2019-12-08T12:11:30.661+0000][1][safepoint    ] Leaving safepoint region
[2019-12-08T12:11:30.661+0000][1][safepoint    ] Total time for which application threads were stopped: 0.0000888 seconds, Stopping threads took: 0.0000211 seconds
[2019-12-08T12:11:31.661+0000][1][safepoint    ] Application time: 1.0000748 seconds
[2019-12-08T12:11:31.661+0000][1][safepoint    ] Entering safepoint region: Cleanup
[2019-12-08T12:11:31.661+0000][1][safepoint    ] Leaving safepoint region
[2019-12-08T12:11:31.661+0000][1][safepoint    ] Total time for which application threads were stopped: 0.0000756 seconds, Stopping threads took: 0.0000203 seconds
[2019-12-08T12:11:32.661+0000][1][safepoint    ] Application time: 1.0000803 seconds
[2019-12-08T12:11:32.662+0000][1][safepoint    ] Entering safepoint region: Cleanup
[2019-12-08T12:11:32.662+0000][1][safepoint    ] Leaving safepoint region
[2019-12-08T12:11:32.662+0000][1][safepoint    ] Total time for which application threads were stopped: 0.0000734 seconds, Stopping threads took: 0.0000189 seconds
[2019-12-08T12:11:33.662+0000][1][safepoint    ] Application time: 1.0000938 seconds
[2019-12-08T12:11:33.662+0000][1][safepoint    ] Entering safepoint region: Cleanup
[2019-12-08T12:11:33.662+0000][1][safepoint    ] Leaving safepoint region
[2019-12-08T12:11:33.662+0000][1][safepoint    ] Total time for which application threads were stopped: 0.0000752 seconds, Stopping threads took: 0.0000196 seconds
[2019-12-08T12:11:34.662+0000][1][safepoint    ] Application time: 1.0000815 seconds
[2019-12-08T12:11:34.662+0000][1][safepoint    ] Entering safepoint region: Cleanup
[2019-12-08T12:11:34.662+0000][1][safepoint    ] Leaving safepoint region
[2019-12-08T12:11:34.662+0000][1][safepoint    ] Total time for which application threads were stopped: 0.0000800 seconds, Stopping threads took: 0.0000197 seconds
[2019-12-08T12:11:35.662+0000][1][safepoint    ] Application time: 1.0000810 seconds
[2019-12-08T12:11:35.662+0000][1][safepoint    ] Entering safepoint region: Cleanup
[2019-12-08T12:11:35.662+0000][1][safepoint    ] Leaving safepoint region
[2019-12-08T12:11:35.662+0000][1][safepoint    ] Total time for which application threads were stopped: 0.0000758 seconds, Stopping threads took: 0.0000201 seconds
[2019-12-08T12:11:36.662+0000][1][safepoint    ] Application time: 1.0000791 seconds
[2019-12-08T12:11:36.662+0000][1][safepoint    ] Entering safepoint region: Cleanup
[2019-12-08T12:11:36.662+0000][1][safepoint    ] Leaving safepoint region
[2019-12-08T12:11:36.662+0000][1][safepoint    ] Total time for which application threads were stopped: 0.0000745 seconds, Stopping threads took: 0.0000205 seconds
[2019-12-08T12:11:37.663+0000][1][safepoint    ] Application time: 1.0000791 seconds
[2019-12-08T12:11:37.663+0000][1][safepoint    ] Entering safepoint region: Cleanup
[2019-12-08T12:11:37.663+0000][1][safepoint    ] Leaving safepoint region
[2019-12-08T12:11:37.663+0000][1][safepoint    ] Total time for which application threads were stopped: 0.0000773 seconds, Stopping threads took: 0.0000190 seconds
[2019-12-08T12:11:38.663+0000][1][safepoint    ] Application time: 1.0000862 seconds
[2019-12-08T12:11:38.663+0000][1][safepoint    ] Entering safepoint region: Cleanup
[2019-12-08T12:11:38.663+0000][1][safepoint    ] Leaving safepoint region
[2019-12-08T12:11:38.663+0000][1][safepoint    ] Total time for which application threads were stopped: 0.0000932 seconds, Stopping threads took: 0.0000224 seconds
[2019-12-08T12:11:39.663+0000][1][safepoint    ] Application time: 1.0000962 seconds
[2019-12-08T12:11:39.663+0000][1][safepoint    ] Entering safepoint region: Cleanup
[2019-12-08T12:11:39.663+0000][1][safepoint    ] Leaving safepoint region
[2019-12-08T12:11:39.663+0000][1][safepoint    ] Total time for which application threads were stopped: 0.0000767 seconds, Stopping threads took: 0.0000203 seconds
[2019-12-08T12:11:40.663+0000][1][safepoint    ] Application time: 1.0000947 seconds
[2019-12-08T12:11:40.663+0000][1][safepoint    ] Entering safepoint region: Cleanup
[2019-12-08T12:11:40.663+0000][1][safepoint    ] Leaving safepoint region
[2019-12-08T12:11:40.663+0000][1][safepoint    ] Total time for which application threads were stopped: 0.0000781 seconds, Stopping threads took: 0.0000204 seconds
[2019-12-08T12:11:41.663+0000][1][safepoint    ] Application time: 1.0000797 seconds
[2019-12-08T12:11:41.663+0000][1][safepoint    ] Entering safepoint region: Cleanup
[2019-12-08T12:11:41.664+0000][1][safepoint    ] Leaving safepoint region
[2019-12-08T12:11:41.664+0000][1][safepoint    ] Total time for which application threads were stopped: 0.0000752 seconds, Stopping threads took: 0.0000193 seconds
[2019-12-08T12:11:42.664+0000][1][safepoint    ] Application time: 1.0000898 seconds
[2019-12-08T12:11:42.664+0000][1][safepoint    ] Entering safepoint region: Cleanup
[2019-12-08T12:11:42.664+0000][1][safepoint    ] Leaving safepoint region
[2019-12-08T12:11:42.664+0000][1][safepoint    ] Total time for which application threads were stopped: 0.0000876 seconds, Stopping threads took: 0.0000192 seconds
[2019-12-08T12:11:43.664+0000][1][safepoint    ] Application time: 1.0000953 seconds
[2019-12-08T12:11:43.664+0000][1][safepoint    ] Entering safepoint region: Cleanup
[2019-12-08T12:11:43.664+0000][1][safepoint    ] Leaving safepoint region
[2019-12-08T12:11:43.664+0000][1][safepoint    ] Total time for which application threads were stopped: 0.0000780 seconds, Stopping threads took: 0.0000215 seconds
[2019-12-08T12:11:44.664+0000][1][safepoint    ] Application time: 1.0000848 seconds
[2019-12-08T12:11:44.664+0000][1][safepoint    ] Entering safepoint region: Cleanup
[2019-12-08T12:11:44.664+0000][1][safepoint    ] Leaving safepoint region
[2019-12-08T12:11:44.664+0000][1][safepoint    ] Total time for which application threads were stopped: 0.0000835 seconds, Stopping threads took: 0.0000277 seconds
[2019-12-08T12:11:45.664+0000][1][safepoint    ] Application time: 1.0000833 seconds
[2019-12-08T12:11:45.664+0000][1][safepoint    ] Entering safepoint region: Cleanup
[2019-12-08T12:11:45.664+0000][1][safepoint    ] Leaving safepoint region
[2019-12-08T12:11:45.664+0000][1][safepoint    ] Total time for which application threads were stopped: 0.0000783 seconds, Stopping threads took: 0.0000240 seconds
[2019-12-08T12:11:46.664+0000][1][safepoint    ] Application time: 1.0000882 seconds
[2019-12-08T12:11:46.665+0000][1][safepoint    ] Entering safepoint region: Cleanup
[2019-12-08T12:11:46.665+0000][1][safepoint    ] Leaving safepoint region
[2019-12-08T12:11:46.665+0000][1][safepoint    ] Total time for which application threads were stopped: 0.0000757 seconds, Stopping threads took: 0.0000202 seconds
[2019-12-08T12:11:47.665+0000][1][safepoint    ] Application time: 1.0000949 seconds
[2019-12-08T12:11:47.665+0000][1][safepoint    ] Entering safepoint region: Cleanup
[2019-12-08T12:11:47.665+0000][1][safepoint    ] Leaving safepoint region
[2019-12-08T12:11:47.665+0000][1][safepoint    ] Total time for which application threads were stopped: 0.0000695 seconds, Stopping threads took: 0.0000179 seconds
[2019-12-08T12:11:48.665+0000][1][safepoint    ] Application time: 1.0000825 seconds
[2019-12-08T12:11:48.665+0000][1][safepoint    ] Entering safepoint region: Cleanup
[2019-12-08T12:11:48.665+0000][1][safepoint    ] Leaving safepoint region
[2019-12-08T12:11:48.665+0000][1][safepoint    ] Total time for which application threads were stopped: 0.0000732 seconds, Stopping threads took: 0.0000194 seconds
[2019-12-08T12:11:49.665+0000][1][safepoint    ] Application time: 1.0000839 seconds
[2019-12-08T12:11:49.665+0000][1][safepoint    ] Entering safepoint region: Cleanup
[2019-12-08T12:11:49.665+0000][1][safepoint    ] Leaving safepoint region
[2019-12-08T12:11:49.665+0000][1][safepoint    ] Total time for which application threads were stopped: 0.0000792 seconds, Stopping threads took: 0.0000217 seconds
[2019-12-08T12:11:50.665+0000][1][safepoint    ] Application time: 1.0000795 seconds
[2019-12-08T12:11:50.665+0000][1][safepoint    ] Entering safepoint region: Cleanup
[2019-12-08T12:11:50.665+0000][1][safepoint    ] Leaving safepoint region
[2019-12-08T12:11:50.665+0000][1][safepoint    ] Total time for which application threads were stopped: 0.0000766 seconds, Stopping threads took: 0.0000194 seconds
[2019-12-08T12:11:51.666+0000][1][safepoint    ] Application time: 1.0000823 seconds
[2019-12-08T12:11:51.666+0000][1][safepoint    ] Entering safepoint region: Cleanup
[2019-12-08T12:11:51.666+0000][1][safepoint    ] Leaving safepoint region
[2019-12-08T12:11:51.666+0000][1][safepoint    ] Total time for which application threads were stopped: 0.0000749 seconds, Stopping threads took: 0.0000199 seconds
[2019-12-08T12:11:52.666+0000][1][safepoint    ] Application time: 1.0000785 seconds
[2019-12-08T12:11:52.666+0000][1][safepoint    ] Entering safepoint region: Cleanup
[2019-12-08T12:11:52.666+0000][1][safepoint    ] Leaving safepoint region
[2019-12-08T12:11:52.666+0000][1][safepoint    ] Total time for which application threads were stopped: 0.0000734 seconds, Stopping threads took: 0.0000182 seconds
[2019-12-08T12:11:53.666+0000][1][safepoint    ] Application time: 1.0000803 seconds
[2019-12-08T12:11:53.666+0000][1][safepoint    ] Entering safepoint region: Cleanup
[2019-12-08T12:11:53.666+0000][1][safepoint    ] Leaving safepoint region
[2019-12-08T12:11:53.666+0000][1][safepoint    ] Total time for which application threads were stopped: 0.0000745 seconds, Stopping threads took: 0.0000194 seconds
[2019-12-08T12:11:54.666+0000][1][safepoint    ] Application time: 1.0000849 seconds
[2019-12-08T12:11:54.666+0000][1][safepoint    ] Entering safepoint region: Cleanup
[2019-12-08T12:11:54.666+0000][1][safepoint    ] Leaving safepoint region
[2019-12-08T12:11:54.666+0000][1][safepoint    ] Total time for which application threads were stopped: 0.0000742 seconds, Stopping threads took: 0.0000194 seconds
[2019-12-08T12:11:55.666+0000][1][safepoint    ] Application time: 1.0000794 seconds
[2019-12-08T12:11:55.666+0000][1][safepoint    ] Entering safepoint region: Cleanup
[2019-12-08T12:11:55.666+0000][1][safepoint    ] Leaving safepoint region
[2019-12-08T12:11:55.666+0000][1][safepoint    ] Total time for which application threads were stopped: 0.0000719 seconds, Stopping threads took: 0.0000198 seconds
[2019-12-08T12:11:56.666+0000][1][safepoint    ] Application time: 1.0000831 seconds
[2019-12-08T12:11:56.667+0000][1][safepoint    ] Entering safepoint region: Cleanup
[2019-12-08T12:11:56.667+0000][1][safepoint    ] Leaving safepoint region
[2019-12-08T12:11:56.667+0000][1][safepoint    ] Total time for which application threads were stopped: 0.0000729 seconds, Stopping threads took: 0.0000196 seconds
[2019-12-08T12:11:57.667+0000][1][safepoint    ] Application time: 1.0000796 seconds
[2019-12-08T12:11:57.667+0000][1][safepoint    ] Entering safepoint region: Cleanup
[2019-12-08T12:11:57.667+0000][1][safepoint    ] Leaving safepoint region
[2019-12-08T12:11:57.667+0000][1][safepoint    ] Total time for which application threads were stopped: 0.0000722 seconds, Stopping threads took: 0.0000179 seconds
[2019-12-08T12:11:59.461+0000][1][safepoint    ] Application time: 1.7945969 seconds
[2019-12-08T12:11:59.461+0000][1][safepoint    ] Entering safepoint region: Cleanup
[2019-12-08T12:11:59.462+0000][1][safepoint    ] Leaving safepoint region
[2019-12-08T12:11:59.462+0000][1][safepoint    ] Total time for which application threads were stopped: 0.0000732 seconds, Stopping threads took: 0.0000176 seconds
[2019-12-08T12:12:00.462+0000][1][safepoint    ] Application time: 1.0000775 seconds
[2019-12-08T12:12:00.462+0000][1][safepoint    ] Entering safepoint region: Cleanup
[2019-12-08T12:12:00.462+0000][1][safepoint    ] Leaving safepoint region
[2019-12-08T12:12:00.462+0000][1][safepoint    ] Total time for which application threads were stopped: 0.0000825 seconds, Stopping threads took: 0.0000193 seconds
[2019-12-08T12:12:01.462+0000][1][safepoint    ] Application time: 1.0000810 seconds
[2019-12-08T12:12:01.462+0000][1][safepoint    ] Entering safepoint region: Cleanup
[2019-12-08T12:12:01.462+0000][1][safepoint    ] Leaving safepoint region
[2019-12-08T12:12:01.462+0000][1][safepoint    ] Total time for which application threads were stopped: 0.0000799 seconds, Stopping threads took: 0.0000256 seconds
[2019-12-08T12:12:02.462+0000][1][safepoint    ] Application time: 1.0000844 seconds
[2019-12-08T12:12:02.462+0000][1][safepoint    ] Entering safepoint region: Cleanup
[2019-12-08T12:12:02.462+0000][1][safepoint    ] Leaving safepoint region
[2019-12-08T12:12:02.462+0000][1][safepoint    ] Total time for which application threads were stopped: 0.0000757 seconds, Stopping threads took: 0.0000209 seconds
[2019-12-08T12:12:03.462+0000][1][safepoint    ] Application time: 1.0000863 seconds
[2019-12-08T12:12:03.462+0000][1][safepoint    ] Entering safepoint region: Cleanup
[2019-12-08T12:12:03.462+0000][1][safepoint    ] Leaving safepoint region
[2019-12-08T12:12:03.462+0000][1][safepoint    ] Total time for which application threads were stopped: 0.0000724 seconds, Stopping threads took: 0.0000188 seconds
[2019-12-08T12:12:04.462+0000][1][safepoint    ] Application time: 1.0000867 seconds
[2019-12-08T12:12:04.462+0000][1][safepoint    ] Entering safepoint region: Cleanup
[2019-12-08T12:12:04.463+0000][1][safepoint    ] Leaving safepoint region
[2019-12-08T12:12:04.463+0000][1][safepoint    ] Total time for which application threads were stopped: 0.0000760 seconds, Stopping threads took: 0.0000192 seconds
[2019-12-08T12:12:05.463+0000][1][safepoint    ] Application time: 1.0000821 seconds
[2019-12-08T12:12:05.463+0000][1][safepoint    ] Entering safepoint region: Cleanup
[2019-12-08T12:12:05.463+0000][1][safepoint    ] Leaving safepoint region
[2019-12-08T12:12:05.463+0000][1][safepoint    ] Total time for which application threads were stopped: 0.0000810 seconds, Stopping threads took: 0.0000235 seconds
[2019-12-08T12:12:06.463+0000][1][safepoint    ] Application time: 1.0000878 seconds
[2019-12-08T12:12:06.463+0000][1][safepoint    ] Entering safepoint region: Cleanup
[2019-12-08T12:12:06.463+0000][1][safepoint    ] Leaving safepoint region
[2019-12-08T12:12:06.463+0000][1][safepoint    ] Total time for which application threads were stopped: 0.0000774 seconds, Stopping threads took: 0.0000200 seconds
[2019-12-08T12:12:07.463+0000][1][safepoint    ] Application time: 1.0000810 seconds
[2019-12-08T12:12:07.463+0000][1][safepoint    ] Entering safepoint region: Cleanup
[2019-12-08T12:12:07.463+0000][1][safepoint    ] Leaving safepoint region
[2019-12-08T12:12:07.463+0000][1][safepoint    ] Total time for which application threads were stopped: 0.0000727 seconds, Stopping threads took: 0.0000185 seconds
[2019-12-08T12:12:08.463+0000][1][safepoint    ] Application time: 1.0000905 seconds
[2019-12-08T12:12:08.463+0000][1][safepoint    ] Entering safepoint region: Cleanup
[2019-12-08T12:12:08.463+0000][1][safepoint    ] Leaving safepoint region
[2019-12-08T12:12:08.463+0000][1][safepoint    ] Total time for which application threads were stopped: 0.0000776 seconds, Stopping threads took: 0.0000202 seconds
[2019-12-08T12:12:09.464+0000][1][safepoint    ] Application time: 1.0000919 seconds
[2019-12-08T12:12:09.464+0000][1][safepoint    ] Entering safepoint region: Cleanup
[2019-12-08T12:12:09.464+0000][1][safepoint    ] Leaving safepoint region
[2019-12-08T12:12:09.464+0000][1][safepoint    ] Total time for which application threads were stopped: 0.0000734 seconds, Stopping threads took: 0.0000177 seconds
[2019-12-08T12:12:10.464+0000][1][safepoint    ] Application time: 1.0000754 seconds
[2019-12-08T12:12:10.464+0000][1][safepoint    ] Entering safepoint region: Cleanup
[2019-12-08T12:12:10.464+0000][1][safepoint    ] Leaving safepoint region
[2019-12-08T12:12:10.464+0000][1][safepoint    ] Total time for which application threads were stopped: 0.0000795 seconds, Stopping threads took: 0.0000214 seconds
[2019-12-08T12:12:11.464+0000][1][safepoint    ] Application time: 1.0000906 seconds
[2019-12-08T12:12:11.464+0000][1][safepoint    ] Entering safepoint region: Cleanup
[2019-12-08T12:12:11.464+0000][1][safepoint    ] Leaving safepoint region
[2019-12-08T12:12:11.464+0000][1][safepoint    ] Total time for which application threads were stopped: 0.0000853 seconds, Stopping threads took: 0.0000291 seconds
[2019-12-08T12:12:12.464+0000][1][safepoint    ] Application time: 1.0000833 seconds
[2019-12-08T12:12:12.464+0000][1][safepoint    ] Entering safepoint region: Cleanup
[2019-12-08T12:12:12.464+0000][1][safepoint    ] Leaving safepoint region
[2019-12-08T12:12:12.464+0000][1][safepoint    ] Total time for which application threads were stopped: 0.0000795 seconds, Stopping threads took: 0.0000207 seconds
[2019-12-08T12:12:13.464+0000][1][safepoint    ] Application time: 1.0000902 seconds
[2019-12-08T12:12:13.464+0000][1][safepoint    ] Entering safepoint region: Cleanup
[2019-12-08T12:12:13.464+0000][1][safepoint    ] Leaving safepoint region
[2019-12-08T12:12:13.464+0000][1][safepoint    ] Total time for which application threads were stopped: 0.0000770 seconds, Stopping threads took: 0.0000210 seconds
[2019-12-08T12:12:14.465+0000][1][safepoint    ] Application time: 1.0000904 seconds
[2019-12-08T12:12:14.465+0000][1][safepoint    ] Entering safepoint region: Cleanup
[2019-12-08T12:12:14.465+0000][1][safepoint    ] Leaving safepoint region
[2019-12-08T12:12:14.465+0000][1][safepoint    ] Total time for which application threads were stopped: 0.0000744 seconds, Stopping threads took: 0.0000183 seconds
[2019-12-08T12:12:15.465+0000][1][safepoint    ] Application time: 1.0001041 seconds
[2019-12-08T12:12:15.465+0000][1][safepoint    ] Entering safepoint region: Cleanup
[2019-12-08T12:12:15.465+0000][1][safepoint    ] Leaving safepoint region
[2019-12-08T12:12:15.465+0000][1][safepoint    ] Total time for which application threads were stopped: 0.0000731 seconds, Stopping threads took: 0.0000197 seconds
[2019-12-08T12:12:16.465+0000][1][safepoint    ] Application time: 1.0000841 seconds
[2019-12-08T12:12:16.465+0000][1][safepoint    ] Entering safepoint region: Cleanup
[2019-12-08T12:12:16.465+0000][1][safepoint    ] Leaving safepoint region
[2019-12-08T12:12:16.465+0000][1][safepoint    ] Total time for which application threads were stopped: 0.0000770 seconds, Stopping threads took: 0.0000200 seconds
[2019-12-08T12:12:17.417+0000][1][safepoint    ] Application time: 0.9520963 seconds
[2019-12-08T12:12:17.417+0000][1][safepoint    ] Entering safepoint region: GenCollectForAllocation
[2019-12-08T12:12:17.417+0000][1][gc,start     ] GC(41) Pause Young (Allocation Failure)
[2019-12-08T12:12:17.417+0000][1][gc,task      ] GC(41) Using 4 workers of 4 for evacuation
[2019-12-08T12:12:17.418+0000][1][gc,age       ] GC(41) Desired survivor size 4456448 bytes, new threshold 6 (max threshold 6)
[2019-12-08T12:12:17.418+0000][1][gc,age       ] GC(41) Age table with threshold 6 (max threshold 6)
[2019-12-08T12:12:17.418+0000][1][gc,age       ] GC(41) - age   1:       4376 bytes,       4376 total
[2019-12-08T12:12:17.418+0000][1][gc,age       ] GC(41) - age   2:         64 bytes,       4440 total
[2019-12-08T12:12:17.418+0000][1][gc,age       ] GC(41) - age   3:        184 bytes,       4624 total
[2019-12-08T12:12:17.418+0000][1][gc,age       ] GC(41) - age   5:       2056 bytes,       6680 total
[2019-12-08T12:12:17.418+0000][1][gc,age       ] GC(41) - age   6:        112 bytes,       6792 total
[2019-12-08T12:12:17.418+0000][1][gc,heap      ] GC(41) ParNew: 69966K->12K(78656K)
[2019-12-08T12:12:17.418+0000][1][gc,heap      ] GC(41) CMS: 70070K->70072K(174784K)
[2019-12-08T12:12:17.418+0000][1][gc,metaspace ] GC(41) Metaspace: 69063K->69063K(1112064K)
[2019-12-08T12:12:17.418+0000][1][gc           ] GC(41) Pause Young (Allocation Failure) 136M->68M(247M) 1.051ms
[2019-12-08T12:12:17.418+0000][1][gc,cpu       ] GC(41) User=0.00s Sys=0.00s Real=0.00s
[2019-12-08T12:12:17.418+0000][1][safepoint    ] Leaving safepoint region
[2019-12-08T12:12:17.418+0000][1][safepoint    ] Total time for which application threads were stopped: 0.0011963 seconds, Stopping threads took: 0.0000179 seconds
[2019-12-08T12:12:18.419+0000][1][safepoint    ] Application time: 1.0000896 seconds
[2019-12-08T12:12:18.419+0000][1][safepoint    ] Entering safepoint region: Cleanup
[2019-12-08T12:12:18.419+0000][1][safepoint    ] Leaving safepoint region
[2019-12-08T12:12:18.419+0000][1][safepoint    ] Total time for which application threads were stopped: 0.0000769 seconds, Stopping threads took: 0.0000194 seconds
[2019-12-08T12:12:19.419+0000][1][safepoint    ] Application time: 1.0000625 seconds
[2019-12-08T12:12:19.419+0000][1][safepoint    ] Entering safepoint region: Cleanup
[2019-12-08T12:12:19.419+0000][1][safepoint    ] Leaving safepoint region
[2019-12-08T12:12:19.419+0000][1][safepoint    ] Total time for which application threads were stopped: 0.0000741 seconds, Stopping threads took: 0.0000194 seconds
[2019-12-08T12:12:20.419+0000][1][safepoint    ] Application time: 1.0000771 seconds
[2019-12-08T12:12:20.419+0000][1][safepoint    ] Entering safepoint region: Cleanup
[2019-12-08T12:12:20.419+0000][1][safepoint    ] Leaving safepoint region
[2019-12-08T12:12:20.419+0000][1][safepoint    ] Total time for which application threads were stopped: 0.0000750 seconds, Stopping threads took: 0.0000201 seconds
[2019-12-08T12:12:21.419+0000][1][safepoint    ] Application time: 1.0000384 seconds
[2019-12-08T12:12:21.419+0000][1][safepoint    ] Entering safepoint region: Cleanup
[2019-12-08T12:12:21.419+0000][1][safepoint    ] Leaving safepoint region
[2019-12-08T12:12:21.419+0000][1][safepoint    ] Total time for which application threads were stopped: 0.0000750 seconds, Stopping threads took: 0.0000191 seconds
[2019-12-08T12:12:22.419+0000][1][safepoint    ] Application time: 1.0000798 seconds
[2019-12-08T12:12:22.419+0000][1][safepoint    ] Entering safepoint region: Cleanup
[2019-12-08T12:12:22.419+0000][1][safepoint    ] Leaving safepoint region
[2019-12-08T12:12:22.419+0000][1][safepoint    ] Total time for which application threads were stopped: 0.0000765 seconds, Stopping threads took: 0.0000190 seconds
[2019-12-08T12:12:23.419+0000][1][safepoint    ] Application time: 1.0000900 seconds
[2019-12-08T12:12:23.420+0000][1][safepoint    ] Entering safepoint region: Cleanup
[2019-12-08T12:12:23.420+0000][1][safepoint    ] Leaving safepoint region
[2019-12-08T12:12:23.420+0000][1][safepoint    ] Total time for which application threads were stopped: 0.0000964 seconds, Stopping threads took: 0.0000253 seconds
[2019-12-08T12:12:24.420+0000][1][safepoint    ] Application time: 1.0000791 seconds
[2019-12-08T12:12:24.420+0000][1][safepoint    ] Entering safepoint region: Cleanup
[2019-12-08T12:12:24.420+0000][1][safepoint    ] Leaving safepoint region
[2019-12-08T12:12:24.420+0000][1][safepoint    ] Total time for which application threads were stopped: 0.0000798 seconds, Stopping threads took: 0.0000188 seconds
[2019-12-08T12:12:25.420+0000][1][safepoint    ] Application time: 1.0000781 seconds
[2019-12-08T12:12:25.420+0000][1][safepoint    ] Entering safepoint region: Cleanup
[2019-12-08T12:12:25.420+0000][1][safepoint    ] Leaving safepoint region
[2019-12-08T12:12:25.420+0000][1][safepoint    ] Total time for which application threads were stopped: 0.0000751 seconds, Stopping threads took: 0.0000197 seconds
[2019-12-08T12:12:26.420+0000][1][safepoint    ] Application time: 1.0000761 seconds
[2019-12-08T12:12:26.420+0000][1][safepoint    ] Entering safepoint region: Cleanup
[2019-12-08T12:12:26.420+0000][1][safepoint    ] Leaving safepoint region
[2019-12-08T12:12:26.420+0000][1][safepoint    ] Total time for which application threads were stopped: 0.0000729 seconds, Stopping threads took: 0.0000183 seconds
[2019-12-08T12:12:27.420+0000][1][safepoint    ] Application time: 1.0000857 seconds
[2019-12-08T12:12:27.420+0000][1][safepoint    ] Entering safepoint region: Cleanup
[2019-12-08T12:12:27.420+0000][1][safepoint    ] Leaving safepoint region
[2019-12-08T12:12:27.420+0000][1][safepoint    ] Total time for which application threads were stopped: 0.0000733 seconds, Stopping threads took: 0.0000191 seconds
[2019-12-08T12:12:28.421+0000][1][safepoint    ] Application time: 1.0000818 seconds
[2019-12-08T12:12:28.421+0000][1][safepoint    ] Entering safepoint region: Cleanup
[2019-12-08T12:12:28.421+0000][1][safepoint    ] Leaving safepoint region
[2019-12-08T12:12:28.421+0000][1][safepoint    ] Total time for which application threads were stopped: 0.0000757 seconds, Stopping threads took: 0.0000200 seconds
[2019-12-08T12:12:29.421+0000][1][safepoint    ] Application time: 1.0000819 seconds
[2019-12-08T12:12:29.421+0000][1][safepoint    ] Entering safepoint region: Cleanup
[2019-12-08T12:12:29.421+0000][1][safepoint    ] Leaving safepoint region
[2019-12-08T12:12:29.421+0000][1][safepoint    ] Total time for which application threads were stopped: 0.0000757 seconds, Stopping threads took: 0.0000199 seconds
[2019-12-08T12:12:30.421+0000][1][safepoint    ] Application time: 1.0000820 seconds
[2019-12-08T12:12:30.421+0000][1][safepoint    ] Entering safepoint region: Cleanup
[2019-12-08T12:12:30.421+0000][1][safepoint    ] Leaving safepoint region
[2019-12-08T12:12:30.421+0000][1][safepoint    ] Total time for which application threads were stopped: 0.0000751 seconds, Stopping threads took: 0.0000193 seconds
[2019-12-08T12:12:31.421+0000][1][safepoint    ] Application time: 1.0000784 seconds
[2019-12-08T12:12:31.421+0000][1][safepoint    ] Entering safepoint region: Cleanup
[2019-12-08T12:12:31.421+0000][1][safepoint    ] Leaving safepoint region
[2019-12-08T12:12:31.421+0000][1][safepoint    ] Total time for which application threads were stopped: 0.0000757 seconds, Stopping threads took: 0.0000201 seconds
[2019-12-08T12:12:32.421+0000][1][safepoint    ] Application time: 1.0000763 seconds
[2019-12-08T12:12:32.421+0000][1][safepoint    ] Entering safepoint region: Cleanup
[2019-12-08T12:12:32.421+0000][1][safepoint    ] Leaving safepoint region
[2019-12-08T12:12:32.421+0000][1][safepoint    ] Total time for which application threads were stopped: 0.0000732 seconds, Stopping threads took: 0.0000184 seconds
[2019-12-08T12:12:33.422+0000][1][safepoint    ] Application time: 1.0000802 seconds
[2019-12-08T12:12:33.422+0000][1][safepoint    ] Entering safepoint region: Cleanup
[2019-12-08T12:12:33.422+0000][1][safepoint    ] Leaving safepoint region
[2019-12-08T12:12:33.422+0000][1][safepoint    ] Total time for which application threads were stopped: 0.0000763 seconds, Stopping threads took: 0.0000213 seconds
[2019-12-08T12:12:34.422+0000][1][safepoint    ] Application time: 1.0000775 seconds
[2019-12-08T12:12:34.422+0000][1][safepoint    ] Entering safepoint region: Cleanup
[2019-12-08T12:12:34.422+0000][1][safepoint    ] Leaving safepoint region
[2019-12-08T12:12:34.422+0000][1][safepoint    ] Total time for which application threads were stopped: 0.0000819 seconds, Stopping threads took: 0.0000192 seconds
[2019-12-08T12:12:35.422+0000][1][safepoint    ] Application time: 1.0000783 seconds
[2019-12-08T12:12:35.422+0000][1][safepoint    ] Entering safepoint region: Cleanup
[2019-12-08T12:12:35.422+0000][1][safepoint    ] Leaving safepoint region
[2019-12-08T12:12:35.422+0000][1][safepoint    ] Total time for which application threads were stopped: 0.0000761 seconds, Stopping threads took: 0.0000198 seconds
[2019-12-08T12:12:36.422+0000][1][safepoint    ] Application time: 1.0000773 seconds
[2019-12-08T12:12:36.422+0000][1][safepoint    ] Entering safepoint region: Cleanup
[2019-12-08T12:12:36.422+0000][1][safepoint    ] Leaving safepoint region
[2019-12-08T12:12:36.422+0000][1][safepoint    ] Total time for which application threads were stopped: 0.0000720 seconds, Stopping threads took: 0.0000188 seconds
[2019-12-08T12:12:37.422+0000][1][safepoint    ] Application time: 1.0000767 seconds
[2019-12-08T12:12:37.422+0000][1][safepoint    ] Entering safepoint region: Cleanup
[2019-12-08T12:12:37.422+0000][1][safepoint    ] Leaving safepoint region
[2019-12-08T12:12:37.422+0000][1][safepoint    ] Total time for which application threads were stopped: 0.0000737 seconds, Stopping threads took: 0.0000197 seconds
[2019-12-08T12:12:38.423+0000][1][safepoint    ] Application time: 1.0000768 seconds
[2019-12-08T12:12:38.423+0000][1][safepoint    ] Entering safepoint region: Cleanup
[2019-12-08T12:12:38.423+0000][1][safepoint    ] Leaving safepoint region
[2019-12-08T12:12:38.423+0000][1][safepoint    ] Total time for which application threads were stopped: 0.0000740 seconds, Stopping threads took: 0.0000200 seconds
[2019-12-08T12:12:39.423+0000][1][safepoint    ] Application time: 1.0000776 seconds
[2019-12-08T12:12:39.423+0000][1][safepoint    ] Entering safepoint region: Cleanup
[2019-12-08T12:12:39.423+0000][1][safepoint    ] Leaving safepoint region
[2019-12-08T12:12:39.423+0000][1][safepoint    ] Total time for which application threads were stopped: 0.0000755 seconds, Stopping threads took: 0.0000223 seconds
[2019-12-08T12:12:40.423+0000][1][safepoint    ] Application time: 1.0000757 seconds
[2019-12-08T12:12:40.423+0000][1][safepoint    ] Entering safepoint region: Cleanup
[2019-12-08T12:12:40.423+0000][1][safepoint    ] Leaving safepoint region
[2019-12-08T12:12:40.423+0000][1][safepoint    ] Total time for which application threads were stopped: 0.0000730 seconds, Stopping threads took: 0.0000189 seconds
[2019-12-08T12:12:41.423+0000][1][safepoint    ] Application time: 1.0000763 seconds
[2019-12-08T12:12:41.423+0000][1][safepoint    ] Entering safepoint region: Cleanup
[2019-12-08T12:12:41.423+0000][1][safepoint    ] Leaving safepoint region
[2019-12-08T12:12:41.423+0000][1][safepoint    ] Total time for which application threads were stopped: 0.0000812 seconds, Stopping threads took: 0.0000280 seconds
[2019-12-08T12:12:42.423+0000][1][safepoint    ] Application time: 1.0000773 seconds
[2019-12-08T12:12:42.423+0000][1][safepoint    ] Entering safepoint region: Cleanup
[2019-12-08T12:12:42.423+0000][1][safepoint    ] Leaving safepoint region
[2019-12-08T12:12:42.423+0000][1][safepoint    ] Total time for which application threads were stopped: 0.0000743 seconds, Stopping threads took: 0.0000190 seconds
[2019-12-08T12:12:43.424+0000][1][safepoint    ] Application time: 1.0000815 seconds
[2019-12-08T12:12:43.424+0000][1][safepoint    ] Entering safepoint region: Cleanup
[2019-12-08T12:12:43.424+0000][1][safepoint    ] Leaving safepoint region
[2019-12-08T12:12:43.424+0000][1][safepoint    ] Total time for which application threads were stopped: 0.0000754 seconds, Stopping threads took: 0.0000197 seconds
[2019-12-08T12:12:44.424+0000][1][safepoint    ] Application time: 1.0000888 seconds
[2019-12-08T12:12:44.424+0000][1][safepoint    ] Entering safepoint region: Cleanup
[2019-12-08T12:12:44.424+0000][1][safepoint    ] Leaving safepoint region
[2019-12-08T12:12:44.424+0000][1][safepoint    ] Total time for which application threads were stopped: 0.0000734 seconds, Stopping threads took: 0.0000196 seconds
[2019-12-08T12:12:45.424+0000][1][safepoint    ] Application time: 1.0000752 seconds
[2019-12-08T12:12:45.424+0000][1][safepoint    ] Entering safepoint region: Cleanup
[2019-12-08T12:12:45.424+0000][1][safepoint    ] Leaving safepoint region
[2019-12-08T12:12:45.424+0000][1][safepoint    ] Total time for which application threads were stopped: 0.0000750 seconds, Stopping threads took: 0.0000196 seconds
[2019-12-08T12:12:46.424+0000][1][safepoint    ] Application time: 1.0000796 seconds
[2019-12-08T12:12:46.424+0000][1][safepoint    ] Entering safepoint region: Cleanup
[2019-12-08T12:12:46.424+0000][1][safepoint    ] Leaving safepoint region
[2019-12-08T12:12:46.424+0000][1][safepoint    ] Total time for which application threads were stopped: 0.0000722 seconds, Stopping threads took: 0.0000191 seconds
[2019-12-08T12:12:47.424+0000][1][safepoint    ] Application time: 1.0000822 seconds
[2019-12-08T12:12:47.424+0000][1][safepoint    ] Entering safepoint region: Cleanup
[2019-12-08T12:12:47.424+0000][1][safepoint    ] Leaving safepoint region
[2019-12-08T12:12:47.424+0000][1][safepoint    ] Total time for which application threads were stopped: 0.0000729 seconds, Stopping threads took: 0.0000188 seconds
[2019-12-08T12:12:48.424+0000][1][safepoint    ] Application time: 1.0000821 seconds
[2019-12-08T12:12:48.425+0000][1][safepoint    ] Entering safepoint region: Cleanup
[2019-12-08T12:12:48.425+0000][1][safepoint    ] Leaving safepoint region
[2019-12-08T12:12:48.425+0000][1][safepoint    ] Total time for which application threads were stopped: 0.0000752 seconds, Stopping threads took: 0.0000193 seconds
[2019-12-08T12:12:49.425+0000][1][safepoint    ] Application time: 1.0000938 seconds
[2019-12-08T12:12:49.425+0000][1][safepoint    ] Entering safepoint region: Cleanup
[2019-12-08T12:12:49.425+0000][1][safepoint    ] Leaving safepoint region
[2019-12-08T12:12:49.425+0000][1][safepoint    ] Total time for which application threads were stopped: 0.0000742 seconds, Stopping threads took: 0.0000196 seconds
[2019-12-08T12:12:50.425+0000][1][safepoint    ] Application time: 1.0000788 seconds
[2019-12-08T12:12:50.425+0000][1][safepoint    ] Entering safepoint region: Cleanup
[2019-12-08T12:12:50.425+0000][1][safepoint    ] Leaving safepoint region
[2019-12-08T12:12:50.425+0000][1][safepoint    ] Total time for which application threads were stopped: 0.0000742 seconds, Stopping threads took: 0.0000189 seconds
[2019-12-08T12:12:51.425+0000][1][safepoint    ] Application time: 1.0000756 seconds
[2019-12-08T12:12:51.425+0000][1][safepoint    ] Entering safepoint region: Cleanup
[2019-12-08T12:12:51.425+0000][1][safepoint    ] Leaving safepoint region
[2019-12-08T12:12:51.425+0000][1][safepoint    ] Total time for which application threads were stopped: 0.0000749 seconds, Stopping threads took: 0.0000185 seconds
[2019-12-08T12:12:52.425+0000][1][safepoint    ] Application time: 1.0000789 seconds
[2019-12-08T12:12:52.425+0000][1][safepoint    ] Entering safepoint region: Cleanup
[2019-12-08T12:12:52.425+0000][1][safepoint    ] Leaving safepoint region
[2019-12-08T12:12:52.425+0000][1][safepoint    ] Total time for which application threads were stopped: 0.0000744 seconds, Stopping threads took: 0.0000191 seconds
[2019-12-08T12:12:53.425+0000][1][safepoint    ] Application time: 1.0000826 seconds
[2019-12-08T12:12:53.426+0000][1][safepoint    ] Entering safepoint region: Cleanup
[2019-12-08T12:12:53.426+0000][1][safepoint    ] Leaving safepoint region
[2019-12-08T12:12:53.426+0000][1][safepoint    ] Total time for which application threads were stopped: 0.0000724 seconds, Stopping threads took: 0.0000179 seconds
[2019-12-08T12:12:54.426+0000][1][safepoint    ] Application time: 1.0000790 seconds
[2019-12-08T12:12:54.426+0000][1][safepoint    ] Entering safepoint region: Cleanup
[2019-12-08T12:12:54.426+0000][1][safepoint    ] Leaving safepoint region
[2019-12-08T12:12:54.426+0000][1][safepoint    ] Total time for which application threads were stopped: 0.0000760 seconds, Stopping threads took: 0.0000209 seconds
[2019-12-08T12:12:55.426+0000][1][safepoint    ] Application time: 1.0000774 seconds
[2019-12-08T12:12:55.426+0000][1][safepoint    ] Entering safepoint region: Cleanup
[2019-12-08T12:12:55.426+0000][1][safepoint    ] Leaving safepoint region
[2019-12-08T12:12:55.426+0000][1][safepoint    ] Total time for which application threads were stopped: 0.0000738 seconds, Stopping threads took: 0.0000197 seconds
[2019-12-08T12:12:56.426+0000][1][safepoint    ] Application time: 1.0000777 seconds
[2019-12-08T12:12:56.426+0000][1][safepoint    ] Entering safepoint region: Cleanup
[2019-12-08T12:12:56.426+0000][1][safepoint    ] Leaving safepoint region
[2019-12-08T12:12:56.426+0000][1][safepoint    ] Total time for which application threads were stopped: 0.0000715 seconds, Stopping threads took: 0.0000190 seconds
[2019-12-08T12:12:57.426+0000][1][safepoint    ] Application time: 1.0000759 seconds
[2019-12-08T12:12:57.426+0000][1][safepoint    ] Entering safepoint region: Cleanup
[2019-12-08T12:12:57.426+0000][1][safepoint    ] Leaving safepoint region
[2019-12-08T12:12:57.426+0000][1][safepoint    ] Total time for which application threads were stopped: 0.0000746 seconds, Stopping threads took: 0.0000207 seconds
[2019-12-08T12:12:58.426+0000][1][safepoint    ] Application time: 1.0000801 seconds
[2019-12-08T12:12:58.427+0000][1][safepoint    ] Entering safepoint region: Cleanup
[2019-12-08T12:12:58.427+0000][1][safepoint    ] Leaving safepoint region
[2019-12-08T12:12:58.427+0000][1][safepoint    ] Total time for which application threads were stopped: 0.0000745 seconds, Stopping threads took: 0.0000197 seconds
[2019-12-08T12:12:59.427+0000][1][safepoint    ] Application time: 1.0000815 seconds
[2019-12-08T12:12:59.427+0000][1][safepoint    ] Entering safepoint region: Cleanup
[2019-12-08T12:12:59.427+0000][1][safepoint    ] Leaving safepoint region
[2019-12-08T12:12:59.427+0000][1][safepoint    ] Total time for which application threads were stopped: 0.0000745 seconds, Stopping threads took: 0.0000205 seconds
[2019-12-08T12:13:00.427+0000][1][safepoint    ] Application time: 1.0000822 seconds
[2019-12-08T12:13:00.427+0000][1][safepoint    ] Entering safepoint region: Cleanup
[2019-12-08T12:13:00.427+0000][1][safepoint    ] Leaving safepoint region
[2019-12-08T12:13:00.427+0000][1][safepoint    ] Total time for which application threads were stopped: 0.0000763 seconds, Stopping threads took: 0.0000193 seconds
[2019-12-08T12:13:01.427+0000][1][safepoint    ] Application time: 1.0000858 seconds
[2019-12-08T12:13:01.427+0000][1][safepoint    ] Entering safepoint region: Cleanup
[2019-12-08T12:13:01.427+0000][1][safepoint    ] Leaving safepoint region
[2019-12-08T12:13:01.427+0000][1][safepoint    ] Total time for which application threads were stopped: 0.0001284 seconds, Stopping threads took: 0.0000399 seconds
[2019-12-08T12:13:02.427+0000][1][safepoint    ] Application time: 1.0000808 seconds
[2019-12-08T12:13:02.427+0000][1][safepoint    ] Entering safepoint region: Cleanup
[2019-12-08T12:13:02.427+0000][1][safepoint    ] Leaving safepoint region
[2019-12-08T12:13:02.427+0000][1][safepoint    ] Total time for which application threads were stopped: 0.0000743 seconds, Stopping threads took: 0.0000199 seconds
[2019-12-08T12:13:03.428+0000][1][safepoint    ] Application time: 1.0000766 seconds
[2019-12-08T12:13:03.428+0000][1][safepoint    ] Entering safepoint region: Cleanup
[2019-12-08T12:13:03.428+0000][1][safepoint    ] Leaving safepoint region
[2019-12-08T12:13:03.428+0000][1][safepoint    ] Total time for which application threads were stopped: 0.0000722 seconds, Stopping threads took: 0.0000191 seconds
[2019-12-08T12:13:04.428+0000][1][safepoint    ] Application time: 1.0000454 seconds
[2019-12-08T12:13:04.428+0000][1][safepoint    ] Entering safepoint region: Cleanup
[2019-12-08T12:13:04.428+0000][1][safepoint    ] Leaving safepoint region
[2019-12-08T12:13:04.428+0000][1][safepoint    ] Total time for which application threads were stopped: 0.0000732 seconds, Stopping threads took: 0.0000184 seconds
[2019-12-08T12:13:05.428+0000][1][safepoint    ] Application time: 1.0000930 seconds
[2019-12-08T12:13:05.428+0000][1][safepoint    ] Entering safepoint region: Cleanup
[2019-12-08T12:13:05.428+0000][1][safepoint    ] Leaving safepoint region
[2019-12-08T12:13:05.428+0000][1][safepoint    ] Total time for which application threads were stopped: 0.0000723 seconds, Stopping threads took: 0.0000180 seconds
[2019-12-08T12:13:06.428+0000][1][safepoint    ] Application time: 1.0000777 seconds
[2019-12-08T12:13:06.428+0000][1][safepoint    ] Entering safepoint region: Cleanup
[2019-12-08T12:13:06.428+0000][1][safepoint    ] Leaving safepoint region
[2019-12-08T12:13:06.428+0000][1][safepoint    ] Total time for which application threads were stopped: 0.0000697 seconds, Stopping threads took: 0.0000176 seconds
[2019-12-08T12:13:07.428+0000][1][safepoint    ] Application time: 1.0000751 seconds
[2019-12-08T12:13:07.428+0000][1][safepoint    ] Entering safepoint region: Cleanup
[2019-12-08T12:13:07.428+0000][1][safepoint    ] Leaving safepoint region
[2019-12-08T12:13:07.428+0000][1][safepoint    ] Total time for which application threads were stopped: 0.0000716 seconds, Stopping threads took: 0.0000192 seconds
[2019-12-08T12:13:08.428+0000][1][safepoint    ] Application time: 1.0000749 seconds
[2019-12-08T12:13:08.429+0000][1][safepoint    ] Entering safepoint region: Cleanup
[2019-12-08T12:13:08.429+0000][1][safepoint    ] Leaving safepoint region
[2019-12-08T12:13:08.429+0000][1][safepoint    ] Total time for which application threads were stopped: 0.0000734 seconds, Stopping threads took: 0.0000186 seconds
[2019-12-08T12:13:09.429+0000][1][safepoint    ] Application time: 1.0000821 seconds
[2019-12-08T12:13:09.429+0000][1][safepoint    ] Entering safepoint region: Cleanup
[2019-12-08T12:13:09.429+0000][1][safepoint    ] Leaving safepoint region
[2019-12-08T12:13:09.429+0000][1][safepoint    ] Total time for which application threads were stopped: 0.0000714 seconds, Stopping threads took: 0.0000183 seconds
[2019-12-08T12:13:10.429+0000][1][safepoint    ] Application time: 1.0000832 seconds
[2019-12-08T12:13:10.429+0000][1][safepoint    ] Entering safepoint region: Cleanup
[2019-12-08T12:13:10.429+0000][1][safepoint    ] Leaving safepoint region
[2019-12-08T12:13:10.429+0000][1][safepoint    ] Total time for which application threads were stopped: 0.0000733 seconds, Stopping threads took: 0.0000194 seconds
[2019-12-08T12:13:11.429+0000][1][safepoint    ] Application time: 1.0000782 seconds
[2019-12-08T12:13:11.429+0000][1][safepoint    ] Entering safepoint region: Cleanup
[2019-12-08T12:13:11.429+0000][1][safepoint    ] Leaving safepoint region
[2019-12-08T12:13:11.429+0000][1][safepoint    ] Total time for which application threads were stopped: 0.0000827 seconds, Stopping threads took: 0.0000272 seconds
[2019-12-08T12:13:12.429+0000][1][safepoint    ] Application time: 1.0000780 seconds
[2019-12-08T12:13:12.429+0000][1][safepoint    ] Entering safepoint region: Cleanup
[2019-12-08T12:13:12.429+0000][1][safepoint    ] Leaving safepoint region
[2019-12-08T12:13:12.429+0000][1][safepoint    ] Total time for which application threads were stopped: 0.0000759 seconds, Stopping threads took: 0.0000205 seconds
[2019-12-08T12:13:13.430+0000][1][safepoint    ] Application time: 1.0000967 seconds
[2019-12-08T12:13:13.430+0000][1][safepoint    ] Entering safepoint region: Cleanup
[2019-12-08T12:13:13.430+0000][1][safepoint    ] Leaving safepoint region
[2019-12-08T12:13:13.430+0000][1][safepoint    ] Total time for which application threads were stopped: 0.0000738 seconds, Stopping threads took: 0.0000189 seconds
[2019-12-08T12:13:14.430+0000][1][safepoint    ] Application time: 1.0000813 seconds
[2019-12-08T12:13:14.430+0000][1][safepoint    ] Entering safepoint region: Cleanup
[2019-12-08T12:13:14.430+0000][1][safepoint    ] Leaving safepoint region
[2019-12-08T12:13:14.430+0000][1][safepoint    ] Total time for which application threads were stopped: 0.0000752 seconds, Stopping threads took: 0.0000195 seconds
[2019-12-08T12:13:15.430+0000][1][safepoint    ] Application time: 1.0000822 seconds
[2019-12-08T12:13:15.430+0000][1][safepoint    ] Entering safepoint region: Cleanup
[2019-12-08T12:13:15.430+0000][1][safepoint    ] Leaving safepoint region
[2019-12-08T12:13:15.430+0000][1][safepoint    ] Total time for which application threads were stopped: 0.0000731 seconds, Stopping threads took: 0.0000187 seconds
[2019-12-08T12:13:16.430+0000][1][safepoint    ] Application time: 1.0000757 seconds
[2019-12-08T12:13:16.430+0000][1][safepoint    ] Entering safepoint region: Cleanup
[2019-12-08T12:13:16.430+0000][1][safepoint    ] Leaving safepoint region
[2019-12-08T12:13:16.430+0000][1][safepoint    ] Total time for which application threads were stopped: 0.0000757 seconds, Stopping threads took: 0.0000217 seconds
[2019-12-08T12:13:17.607+0000][1][safepoint    ] Application time: 1.1770730 seconds
[2019-12-08T12:13:17.607+0000][1][safepoint    ] Entering safepoint region: Cleanup
[2019-12-08T12:13:17.607+0000][1][safepoint    ] Leaving safepoint region
[2019-12-08T12:13:17.607+0000][1][safepoint    ] Total time for which application threads were stopped: 0.0000820 seconds, Stopping threads took: 0.0000215 seconds
[2019-12-08T12:13:18.608+0000][1][safepoint    ] Application time: 1.0000765 seconds
[2019-12-08T12:13:18.608+0000][1][safepoint    ] Entering safepoint region: Cleanup
[2019-12-08T12:13:18.608+0000][1][safepoint    ] Leaving safepoint region
[2019-12-08T12:13:18.608+0000][1][safepoint    ] Total time for which application threads were stopped: 0.0000780 seconds, Stopping threads took: 0.0000216 seconds
[2019-12-08T12:13:19.608+0000][1][safepoint    ] Application time: 1.0000784 seconds
[2019-12-08T12:13:19.608+0000][1][safepoint    ] Entering safepoint region: Cleanup
[2019-12-08T12:13:19.608+0000][1][safepoint    ] Leaving safepoint region
[2019-12-08T12:13:19.608+0000][1][safepoint    ] Total time for which application threads were stopped: 0.0000770 seconds, Stopping threads took: 0.0000200 seconds
[2019-12-08T12:13:20.608+0000][1][safepoint    ] Application time: 1.0000843 seconds
[2019-12-08T12:13:20.608+0000][1][safepoint    ] Entering safepoint region: Cleanup
[2019-12-08T12:13:20.608+0000][1][safepoint    ] Leaving safepoint region
[2019-12-08T12:13:20.608+0000][1][safepoint    ] Total time for which application threads were stopped: 0.0000769 seconds, Stopping threads took: 0.0000206 seconds
[2019-12-08T12:13:21.608+0000][1][safepoint    ] Application time: 1.0000752 seconds
[2019-12-08T12:13:21.608+0000][1][safepoint    ] Entering safepoint region: Cleanup
[2019-12-08T12:13:21.608+0000][1][safepoint    ] Leaving safepoint region
[2019-12-08T12:13:21.608+0000][1][safepoint    ] Total time for which application threads were stopped: 0.0000717 seconds, Stopping threads took: 0.0000187 seconds
[2019-12-08T12:13:22.608+0000][1][safepoint    ] Application time: 1.0000893 seconds
[2019-12-08T12:13:22.608+0000][1][safepoint    ] Entering safepoint region: Cleanup
[2019-12-08T12:13:22.608+0000][1][safepoint    ] Leaving safepoint region
[2019-12-08T12:13:22.608+0000][1][safepoint    ] Total time for which application threads were stopped: 0.0000827 seconds, Stopping threads took: 0.0000216 seconds
[2019-12-08T12:13:23.609+0000][1][safepoint    ] Application time: 1.0000830 seconds
[2019-12-08T12:13:23.609+0000][1][safepoint    ] Entering safepoint region: Cleanup
[2019-12-08T12:13:23.609+0000][1][safepoint    ] Leaving safepoint region
[2019-12-08T12:13:23.609+0000][1][safepoint    ] Total time for which application threads were stopped: 0.0000773 seconds, Stopping threads took: 0.0000206 seconds
[2019-12-08T12:13:24.609+0000][1][safepoint    ] Application time: 1.0000868 seconds
[2019-12-08T12:13:24.609+0000][1][safepoint    ] Entering safepoint region: Cleanup
[2019-12-08T12:13:24.609+0000][1][safepoint    ] Leaving safepoint region
[2019-12-08T12:13:24.609+0000][1][safepoint    ] Total time for which application threads were stopped: 0.0000756 seconds, Stopping threads took: 0.0000197 seconds
[2019-12-08T12:13:25.609+0000][1][safepoint    ] Application time: 1.0000895 seconds
[2019-12-08T12:13:25.609+0000][1][safepoint    ] Entering safepoint region: Cleanup
[2019-12-08T12:13:25.609+0000][1][safepoint    ] Leaving safepoint region
[2019-12-08T12:13:25.609+0000][1][safepoint    ] Total time for which application threads were stopped: 0.0000781 seconds, Stopping threads took: 0.0000231 seconds
[2019-12-08T12:13:26.609+0000][1][safepoint    ] Application time: 1.0000836 seconds
[2019-12-08T12:13:26.609+0000][1][safepoint    ] Entering safepoint region: Cleanup
[2019-12-08T12:13:26.609+0000][1][safepoint    ] Leaving safepoint region
[2019-12-08T12:13:26.609+0000][1][safepoint    ] Total time for which application threads were stopped: 0.0000854 seconds, Stopping threads took: 0.0000165 seconds
[2019-12-08T12:13:27.609+0000][1][safepoint    ] Application time: 1.0000954 seconds
[2019-12-08T12:13:27.609+0000][1][safepoint    ] Entering safepoint region: Cleanup
[2019-12-08T12:13:27.610+0000][1][safepoint    ] Leaving safepoint region
[2019-12-08T12:13:27.610+0000][1][safepoint    ] Total time for which application threads were stopped: 0.0000856 seconds, Stopping threads took: 0.0000286 seconds
[2019-12-08T12:13:28.610+0000][1][safepoint    ] Application time: 1.0000800 seconds
[2019-12-08T12:13:28.610+0000][1][safepoint    ] Entering safepoint region: Cleanup
[2019-12-08T12:13:28.610+0000][1][safepoint    ] Leaving safepoint region
[2019-12-08T12:13:28.610+0000][1][safepoint    ] Total time for which application threads were stopped: 0.0000875 seconds, Stopping threads took: 0.0000200 seconds
[2019-12-08T12:13:29.610+0000][1][safepoint    ] Application time: 1.0000817 seconds
[2019-12-08T12:13:29.610+0000][1][safepoint    ] Entering safepoint region: Cleanup
[2019-12-08T12:13:29.610+0000][1][safepoint    ] Leaving safepoint region
[2019-12-08T12:13:29.610+0000][1][safepoint    ] Total time for which application threads were stopped: 0.0000780 seconds, Stopping threads took: 0.0000207 seconds
[2019-12-08T12:13:30.610+0000][1][safepoint    ] Application time: 1.0000758 seconds
[2019-12-08T12:13:30.610+0000][1][safepoint    ] Entering safepoint region: Cleanup
[2019-12-08T12:13:30.610+0000][1][safepoint    ] Leaving safepoint region
[2019-12-08T12:13:30.610+0000][1][safepoint    ] Total time for which application threads were stopped: 0.0000756 seconds, Stopping threads took: 0.0000199 seconds
[2019-12-08T12:13:31.610+0000][1][safepoint    ] Application time: 1.0000819 seconds
[2019-12-08T12:13:31.610+0000][1][safepoint    ] Entering safepoint region: Cleanup
[2019-12-08T12:13:31.610+0000][1][safepoint    ] Leaving safepoint region
[2019-12-08T12:13:31.610+0000][1][safepoint    ] Total time for which application threads were stopped: 0.0000729 seconds, Stopping threads took: 0.0000190 seconds
[2019-12-08T12:13:32.610+0000][1][safepoint    ] Application time: 1.0000790 seconds
[2019-12-08T12:13:32.610+0000][1][safepoint    ] Entering safepoint region: Cleanup
[2019-12-08T12:13:32.611+0000][1][safepoint    ] Leaving safepoint region
[2019-12-08T12:13:32.611+0000][1][safepoint    ] Total time for which application threads were stopped: 0.0000760 seconds, Stopping threads took: 0.0000189 seconds
[2019-12-08T12:13:33.611+0000][1][safepoint    ] Application time: 1.0000841 seconds
[2019-12-08T12:13:33.611+0000][1][safepoint    ] Entering safepoint region: Cleanup
[2019-12-08T12:13:33.611+0000][1][safepoint    ] Leaving safepoint region
[2019-12-08T12:13:33.611+0000][1][safepoint    ] Total time for which application threads were stopped: 0.0000888 seconds, Stopping threads took: 0.0000323 seconds
[2019-12-08T12:13:34.611+0000][1][safepoint    ] Application time: 1.0000853 seconds
[2019-12-08T12:13:34.611+0000][1][safepoint    ] Entering safepoint region: Cleanup
[2019-12-08T12:13:34.611+0000][1][safepoint    ] Leaving safepoint region
[2019-12-08T12:13:34.611+0000][1][safepoint    ] Total time for which application threads were stopped: 0.0001015 seconds, Stopping threads took: 0.0000200 seconds
[2019-12-08T12:13:35.611+0000][1][safepoint    ] Application time: 1.0000779 seconds
[2019-12-08T12:13:35.611+0000][1][safepoint    ] Entering safepoint region: Cleanup
[2019-12-08T12:13:35.611+0000][1][safepoint    ] Leaving safepoint region
[2019-12-08T12:13:35.611+0000][1][safepoint    ] Total time for which application threads were stopped: 0.0000771 seconds, Stopping threads took: 0.0000193 seconds
[2019-12-08T12:13:36.611+0000][1][safepoint    ] Application time: 1.0000768 seconds
[2019-12-08T12:13:36.611+0000][1][safepoint    ] Entering safepoint region: Cleanup
[2019-12-08T12:13:36.611+0000][1][safepoint    ] Leaving safepoint region
[2019-12-08T12:13:36.611+0000][1][safepoint    ] Total time for which application threads were stopped: 0.0000712 seconds, Stopping threads took: 0.0000185 seconds
[2019-12-08T12:13:37.611+0000][1][safepoint    ] Application time: 1.0000810 seconds
[2019-12-08T12:13:37.612+0000][1][safepoint    ] Entering safepoint region: Cleanup
[2019-12-08T12:13:37.612+0000][1][safepoint    ] Leaving safepoint region
[2019-12-08T12:13:37.612+0000][1][safepoint    ] Total time for which application threads were stopped: 0.0000769 seconds, Stopping threads took: 0.0000205 seconds
[2019-12-08T12:13:38.612+0000][1][safepoint    ] Application time: 1.0000956 seconds
[2019-12-08T12:13:38.612+0000][1][safepoint    ] Entering safepoint region: Cleanup
[2019-12-08T12:13:38.612+0000][1][safepoint    ] Leaving safepoint region
[2019-12-08T12:13:38.612+0000][1][safepoint    ] Total time for which application threads were stopped: 0.0000763 seconds, Stopping threads took: 0.0000204 seconds
[2019-12-08T12:13:39.612+0000][1][safepoint    ] Application time: 1.0000783 seconds
[2019-12-08T12:13:39.612+0000][1][safepoint    ] Entering safepoint region: Cleanup
[2019-12-08T12:13:39.612+0000][1][safepoint    ] Leaving safepoint region
[2019-12-08T12:13:39.612+0000][1][safepoint    ] Total time for which application threads were stopped: 0.0000744 seconds, Stopping threads took: 0.0000206 seconds
[2019-12-08T12:13:40.612+0000][1][safepoint    ] Application time: 1.0000798 seconds
[2019-12-08T12:13:40.612+0000][1][safepoint    ] Entering safepoint region: Cleanup
[2019-12-08T12:13:40.612+0000][1][safepoint    ] Leaving safepoint region
[2019-12-08T12:13:40.612+0000][1][safepoint    ] Total time for which application threads were stopped: 0.0000864 seconds, Stopping threads took: 0.0000319 seconds
[2019-12-08T12:13:41.612+0000][1][safepoint    ] Application time: 1.0000823 seconds
[2019-12-08T12:13:41.612+0000][1][safepoint    ] Entering safepoint region: Cleanup
[2019-12-08T12:13:41.612+0000][1][safepoint    ] Leaving safepoint region
[2019-12-08T12:13:41.612+0000][1][safepoint    ] Total time for which application threads were stopped: 0.0000791 seconds, Stopping threads took: 0.0000230 seconds
[2019-12-08T12:13:42.613+0000][1][safepoint    ] Application time: 1.0000774 seconds
[2019-12-08T12:13:42.613+0000][1][safepoint    ] Entering safepoint region: Cleanup
[2019-12-08T12:13:42.613+0000][1][safepoint    ] Leaving safepoint region
[2019-12-08T12:13:42.613+0000][1][safepoint    ] Total time for which application threads were stopped: 0.0000732 seconds, Stopping threads took: 0.0000194 seconds
[2019-12-08T12:13:43.613+0000][1][safepoint    ] Application time: 1.0000920 seconds
[2019-12-08T12:13:43.613+0000][1][safepoint    ] Entering safepoint region: Cleanup
[2019-12-08T12:13:43.613+0000][1][safepoint    ] Leaving safepoint region
[2019-12-08T12:13:43.613+0000][1][safepoint    ] Total time for which application threads were stopped: 0.0000740 seconds, Stopping threads took: 0.0000189 seconds
[2019-12-08T12:13:44.613+0000][1][safepoint    ] Application time: 1.0000754 seconds
[2019-12-08T12:13:44.613+0000][1][safepoint    ] Entering safepoint region: Cleanup
[2019-12-08T12:13:44.613+0000][1][safepoint    ] Leaving safepoint region
[2019-12-08T12:13:44.613+0000][1][safepoint    ] Total time for which application threads were stopped: 0.0000739 seconds, Stopping threads took: 0.0000203 seconds
[2019-12-08T12:13:45.613+0000][1][safepoint    ] Application time: 1.0000770 seconds
[2019-12-08T12:13:45.613+0000][1][safepoint    ] Entering safepoint region: Cleanup
[2019-12-08T12:13:45.613+0000][1][safepoint    ] Leaving safepoint region
[2019-12-08T12:13:45.613+0000][1][safepoint    ] Total time for which application threads were stopped: 0.0000762 seconds, Stopping threads took: 0.0000208 seconds
[2019-12-08T12:13:46.613+0000][1][safepoint    ] Application time: 1.0000759 seconds
[2019-12-08T12:13:46.613+0000][1][safepoint    ] Entering safepoint region: Cleanup
[2019-12-08T12:13:46.613+0000][1][safepoint    ] Leaving safepoint region
[2019-12-08T12:13:46.613+0000][1][safepoint    ] Total time for which application threads were stopped: 0.0000701 seconds, Stopping threads took: 0.0000178 seconds
[2019-12-08T12:13:47.613+0000][1][safepoint    ] Application time: 1.0000764 seconds
[2019-12-08T12:13:47.614+0000][1][safepoint    ] Entering safepoint region: Cleanup
[2019-12-08T12:13:47.614+0000][1][safepoint    ] Leaving safepoint region
[2019-12-08T12:13:47.614+0000][1][safepoint    ] Total time for which application threads were stopped: 0.0000897 seconds, Stopping threads took: 0.0000193 seconds
[2019-12-08T12:13:48.614+0000][1][safepoint    ] Application time: 1.0000794 seconds
[2019-12-08T12:13:48.614+0000][1][safepoint    ] Entering safepoint region: Cleanup
[2019-12-08T12:13:48.614+0000][1][safepoint    ] Leaving safepoint region
[2019-12-08T12:13:48.614+0000][1][safepoint    ] Total time for which application threads were stopped: 0.0000802 seconds, Stopping threads took: 0.0000209 seconds
[2019-12-08T12:13:49.614+0000][1][safepoint    ] Application time: 1.0000789 seconds
[2019-12-08T12:13:49.614+0000][1][safepoint    ] Entering safepoint region: Cleanup
[2019-12-08T12:13:49.614+0000][1][safepoint    ] Leaving safepoint region
[2019-12-08T12:13:49.614+0000][1][safepoint    ] Total time for which application threads were stopped: 0.0000758 seconds, Stopping threads took: 0.0000194 seconds
[2019-12-08T12:13:50.614+0000][1][safepoint    ] Application time: 1.0000708 seconds
[2019-12-08T12:13:50.614+0000][1][safepoint    ] Entering safepoint region: Cleanup
[2019-12-08T12:13:50.614+0000][1][safepoint    ] Leaving safepoint region
[2019-12-08T12:13:50.614+0000][1][safepoint    ] Total time for which application threads were stopped: 0.0000745 seconds, Stopping threads took: 0.0000189 seconds
[2019-12-08T12:13:51.614+0000][1][safepoint    ] Application time: 1.0000781 seconds
[2019-12-08T12:13:51.614+0000][1][safepoint    ] Entering safepoint region: Cleanup
[2019-12-08T12:13:51.614+0000][1][safepoint    ] Leaving safepoint region
[2019-12-08T12:13:51.614+0000][1][safepoint    ] Total time for which application threads were stopped: 0.0000719 seconds, Stopping threads took: 0.0000189 seconds
[2019-12-08T12:13:52.614+0000][1][safepoint    ] Application time: 1.0000760 seconds
[2019-12-08T12:13:52.615+0000][1][safepoint    ] Entering safepoint region: Cleanup
[2019-12-08T12:13:52.615+0000][1][safepoint    ] Leaving safepoint region
[2019-12-08T12:13:52.615+0000][1][safepoint    ] Total time for which application threads were stopped: 0.0000749 seconds, Stopping threads took: 0.0000203 seconds
[2019-12-08T12:13:53.615+0000][1][safepoint    ] Application time: 1.0000745 seconds
[2019-12-08T12:13:53.615+0000][1][safepoint    ] Entering safepoint region: Cleanup
[2019-12-08T12:13:53.615+0000][1][safepoint    ] Leaving safepoint region
[2019-12-08T12:13:53.615+0000][1][safepoint    ] Total time for which application threads were stopped: 0.0000724 seconds, Stopping threads took: 0.0000195 seconds
[2019-12-08T12:13:54.615+0000][1][safepoint    ] Application time: 1.0000793 seconds
[2019-12-08T12:13:54.615+0000][1][safepoint    ] Entering safepoint region: Cleanup
[2019-12-08T12:13:54.615+0000][1][safepoint    ] Leaving safepoint region
[2019-12-08T12:13:54.615+0000][1][safepoint    ] Total time for which application threads were stopped: 0.0000754 seconds, Stopping threads took: 0.0000207 seconds
[2019-12-08T12:13:55.615+0000][1][safepoint    ] Application time: 1.0000795 seconds
[2019-12-08T12:13:55.615+0000][1][safepoint    ] Entering safepoint region: Cleanup
[2019-12-08T12:13:55.615+0000][1][safepoint    ] Leaving safepoint region
[2019-12-08T12:13:55.615+0000][1][safepoint    ] Total time for which application threads were stopped: 0.0000765 seconds, Stopping threads took: 0.0000188 seconds
[2019-12-08T12:13:56.615+0000][1][safepoint    ] Application time: 1.0000790 seconds
[2019-12-08T12:13:56.615+0000][1][safepoint    ] Entering safepoint region: Cleanup
[2019-12-08T12:13:56.615+0000][1][safepoint    ] Leaving safepoint region
[2019-12-08T12:13:56.615+0000][1][safepoint    ] Total time for which application threads were stopped: 0.0000846 seconds, Stopping threads took: 0.0000292 seconds
[2019-12-08T12:13:57.615+0000][1][safepoint    ] Application time: 1.0000776 seconds
[2019-12-08T12:13:57.616+0000][1][safepoint    ] Entering safepoint region: Cleanup
[2019-12-08T12:13:57.616+0000][1][safepoint    ] Leaving safepoint region
[2019-12-08T12:13:57.616+0000][1][safepoint    ] Total time for which application threads were stopped: 0.0000746 seconds, Stopping threads took: 0.0000197 seconds
[2019-12-08T12:13:58.616+0000][1][safepoint    ] Application time: 1.0000814 seconds
[2019-12-08T12:13:58.616+0000][1][safepoint    ] Entering safepoint region: Cleanup
[2019-12-08T12:13:58.616+0000][1][safepoint    ] Leaving safepoint region
[2019-12-08T12:13:58.616+0000][1][safepoint    ] Total time for which application threads were stopped: 0.0000749 seconds, Stopping threads took: 0.0000191 seconds
[2019-12-08T12:13:59.616+0000][1][safepoint    ] Application time: 1.0000759 seconds
[2019-12-08T12:13:59.616+0000][1][safepoint    ] Entering safepoint region: Cleanup
[2019-12-08T12:13:59.616+0000][1][safepoint    ] Leaving safepoint region
[2019-12-08T12:13:59.616+0000][1][safepoint    ] Total time for which application threads were stopped: 0.0000820 seconds, Stopping threads took: 0.0000204 seconds
[2019-12-08T12:14:00.616+0000][1][safepoint    ] Application time: 1.0000920 seconds
[2019-12-08T12:14:00.616+0000][1][safepoint    ] Entering safepoint region: Cleanup
[2019-12-08T12:14:00.616+0000][1][safepoint    ] Leaving safepoint region
[2019-12-08T12:14:00.616+0000][1][safepoint    ] Total time for which application threads were stopped: 0.0000795 seconds, Stopping threads took: 0.0000208 seconds
[2019-12-08T12:14:01.616+0000][1][safepoint    ] Application time: 1.0000805 seconds
[2019-12-08T12:14:01.616+0000][1][safepoint    ] Entering safepoint region: Cleanup
[2019-12-08T12:14:01.616+0000][1][safepoint    ] Leaving safepoint region
[2019-12-08T12:14:01.616+0000][1][safepoint    ] Total time for which application threads were stopped: 0.0000741 seconds, Stopping threads took: 0.0000196 seconds
[2019-12-08T12:14:02.617+0000][1][safepoint    ] Application time: 1.0000863 seconds
[2019-12-08T12:14:02.617+0000][1][safepoint    ] Entering safepoint region: Cleanup
[2019-12-08T12:14:02.617+0000][1][safepoint    ] Leaving safepoint region
[2019-12-08T12:14:02.617+0000][1][safepoint    ] Total time for which application threads were stopped: 0.0000881 seconds, Stopping threads took: 0.0000291 seconds
[2019-12-08T12:14:03.617+0000][1][safepoint    ] Application time: 1.0000853 seconds
[2019-12-08T12:14:03.617+0000][1][safepoint    ] Entering safepoint region: Cleanup
[2019-12-08T12:14:03.617+0000][1][safepoint    ] Leaving safepoint region
[2019-12-08T12:14:03.617+0000][1][safepoint    ] Total time for which application threads were stopped: 0.0000759 seconds, Stopping threads took: 0.0000195 seconds
[2019-12-08T12:14:04.617+0000][1][safepoint    ] Application time: 1.0000858 seconds
[2019-12-08T12:14:04.617+0000][1][safepoint    ] Entering safepoint region: Cleanup
[2019-12-08T12:14:04.617+0000][1][safepoint    ] Leaving safepoint region
[2019-12-08T12:14:04.617+0000][1][safepoint    ] Total time for which application threads were stopped: 0.0000764 seconds, Stopping threads took: 0.0000198 seconds
[2019-12-08T12:14:05.617+0000][1][safepoint    ] Application time: 1.0000932 seconds
[2019-12-08T12:14:05.617+0000][1][safepoint    ] Entering safepoint region: Cleanup
[2019-12-08T12:14:05.617+0000][1][safepoint    ] Leaving safepoint region
[2019-12-08T12:14:05.617+0000][1][safepoint    ] Total time for which application threads were stopped: 0.0000785 seconds, Stopping threads took: 0.0000211 seconds
[2019-12-08T12:14:06.617+0000][1][safepoint    ] Application time: 1.0000820 seconds
[2019-12-08T12:14:06.617+0000][1][safepoint    ] Entering safepoint region: Cleanup
[2019-12-08T12:14:06.617+0000][1][safepoint    ] Leaving safepoint region
[2019-12-08T12:14:06.617+0000][1][safepoint    ] Total time for which application threads were stopped: 0.0000727 seconds, Stopping threads took: 0.0000174 seconds
[2019-12-08T12:14:07.618+0000][1][safepoint    ] Application time: 1.0000815 seconds
[2019-12-08T12:14:07.618+0000][1][safepoint    ] Entering safepoint region: Cleanup
[2019-12-08T12:14:07.618+0000][1][safepoint    ] Leaving safepoint region
[2019-12-08T12:14:07.618+0000][1][safepoint    ] Total time for which application threads were stopped: 0.0000902 seconds, Stopping threads took: 0.0000189 seconds
[2019-12-08T12:14:08.618+0000][1][safepoint    ] Application time: 1.0000848 seconds
[2019-12-08T12:14:08.618+0000][1][safepoint    ] Entering safepoint region: Cleanup
[2019-12-08T12:14:08.618+0000][1][safepoint    ] Leaving safepoint region
[2019-12-08T12:14:08.618+0000][1][safepoint    ] Total time for which application threads were stopped: 0.0000766 seconds, Stopping threads took: 0.0000205 seconds
[2019-12-08T12:14:09.618+0000][1][safepoint    ] Application time: 1.0000814 seconds
[2019-12-08T12:14:09.618+0000][1][safepoint    ] Entering safepoint region: Cleanup
[2019-12-08T12:14:09.618+0000][1][safepoint    ] Leaving safepoint region
[2019-12-08T12:14:09.618+0000][1][safepoint    ] Total time for which application threads were stopped: 0.0000749 seconds, Stopping threads took: 0.0000194 seconds
[2019-12-08T12:14:10.618+0000][1][safepoint    ] Application time: 1.0000840 seconds
[2019-12-08T12:14:10.618+0000][1][safepoint    ] Entering safepoint region: Cleanup
[2019-12-08T12:14:10.618+0000][1][safepoint    ] Leaving safepoint region
[2019-12-08T12:14:10.618+0000][1][safepoint    ] Total time for which application threads were stopped: 0.0000752 seconds, Stopping threads took: 0.0000186 seconds
[2019-12-08T12:14:11.618+0000][1][safepoint    ] Application time: 1.0000887 seconds
[2019-12-08T12:14:11.618+0000][1][safepoint    ] Entering safepoint region: Cleanup
[2019-12-08T12:14:11.619+0000][1][safepoint    ] Leaving safepoint region
[2019-12-08T12:14:11.619+0000][1][safepoint    ] Total time for which application threads were stopped: 0.0000826 seconds, Stopping threads took: 0.0000273 seconds
[2019-12-08T12:14:12.619+0000][1][safepoint    ] Application time: 1.0000836 seconds
[2019-12-08T12:14:12.619+0000][1][safepoint    ] Entering safepoint region: Cleanup
[2019-12-08T12:14:12.619+0000][1][safepoint    ] Leaving safepoint region
[2019-12-08T12:14:12.619+0000][1][safepoint    ] Total time for which application threads were stopped: 0.0000843 seconds, Stopping threads took: 0.0000186 seconds
[2019-12-08T12:14:13.619+0000][1][safepoint    ] Application time: 1.0000828 seconds
[2019-12-08T12:14:13.619+0000][1][safepoint    ] Entering safepoint region: Cleanup
[2019-12-08T12:14:13.619+0000][1][safepoint    ] Leaving safepoint region
[2019-12-08T12:14:13.619+0000][1][safepoint    ] Total time for which application threads were stopped: 0.0000740 seconds, Stopping threads took: 0.0000195 seconds
[2019-12-08T12:14:14.619+0000][1][safepoint    ] Application time: 1.0000771 seconds
[2019-12-08T12:14:14.619+0000][1][safepoint    ] Entering safepoint region: Cleanup
[2019-12-08T12:14:14.619+0000][1][safepoint    ] Leaving safepoint region
[2019-12-08T12:14:14.619+0000][1][safepoint    ] Total time for which application threads were stopped: 0.0000756 seconds, Stopping threads took: 0.0000202 seconds
[2019-12-08T12:14:15.619+0000][1][safepoint    ] Application time: 1.0000787 seconds
[2019-12-08T12:14:15.619+0000][1][safepoint    ] Entering safepoint region: Cleanup
[2019-12-08T12:14:15.619+0000][1][safepoint    ] Leaving safepoint region
[2019-12-08T12:14:15.619+0000][1][safepoint    ] Total time for which application threads were stopped: 0.0000841 seconds, Stopping threads took: 0.0000270 seconds
[2019-12-08T12:14:16.619+0000][1][safepoint    ] Application time: 1.0000903 seconds
[2019-12-08T12:14:16.619+0000][1][safepoint    ] Entering safepoint region: Cleanup
[2019-12-08T12:14:16.620+0000][1][safepoint    ] Leaving safepoint region
[2019-12-08T12:14:16.620+0000][1][safepoint    ] Total time for which application threads were stopped: 0.0000734 seconds, Stopping threads took: 0.0000186 seconds
[2019-12-08T12:14:17.620+0000][1][safepoint    ] Application time: 1.0000830 seconds
[2019-12-08T12:14:17.620+0000][1][safepoint    ] Entering safepoint region: Cleanup
[2019-12-08T12:14:17.620+0000][1][safepoint    ] Leaving safepoint region
[2019-12-08T12:14:17.620+0000][1][safepoint    ] Total time for which application threads were stopped: 0.0000771 seconds, Stopping threads took: 0.0000215 seconds
[2019-12-08T12:14:18.620+0000][1][safepoint    ] Application time: 1.0000837 seconds
[2019-12-08T12:14:18.620+0000][1][safepoint    ] Entering safepoint region: Cleanup
[2019-12-08T12:14:18.620+0000][1][safepoint    ] Leaving safepoint region
[2019-12-08T12:14:18.620+0000][1][safepoint    ] Total time for which application threads were stopped: 0.0000758 seconds, Stopping threads took: 0.0000204 seconds
[2019-12-08T12:14:19.620+0000][1][safepoint    ] Application time: 1.0000834 seconds
[2019-12-08T12:14:19.620+0000][1][safepoint    ] Entering safepoint region: Cleanup
[2019-12-08T12:14:19.620+0000][1][safepoint    ] Leaving safepoint region
[2019-12-08T12:14:19.620+0000][1][safepoint    ] Total time for which application threads were stopped: 0.0000746 seconds, Stopping threads took: 0.0000194 seconds
[2019-12-08T12:14:20.620+0000][1][safepoint    ] Application time: 1.0000868 seconds
[2019-12-08T12:14:20.620+0000][1][safepoint    ] Entering safepoint region: Cleanup
[2019-12-08T12:14:20.620+0000][1][safepoint    ] Leaving safepoint region
[2019-12-08T12:14:20.620+0000][1][safepoint    ] Total time for which application threads were stopped: 0.0000741 seconds, Stopping threads took: 0.0000191 seconds
[2019-12-08T12:14:21.620+0000][1][safepoint    ] Application time: 1.0000834 seconds
[2019-12-08T12:14:21.621+0000][1][safepoint    ] Entering safepoint region: Cleanup
[2019-12-08T12:14:21.621+0000][1][safepoint    ] Leaving safepoint region
[2019-12-08T12:14:21.621+0000][1][safepoint    ] Total time for which application threads were stopped: 0.0000731 seconds, Stopping threads took: 0.0000189 seconds
[2019-12-08T12:14:22.460+0000][1][safepoint    ] Application time: 0.8395702 seconds
[2019-12-08T12:14:22.460+0000][1][safepoint    ] Entering safepoint region: GenCollectForAllocation
[2019-12-08T12:14:22.460+0000][1][gc,start     ] GC(42) Pause Young (Allocation Failure)
[2019-12-08T12:14:22.460+0000][1][gc,task      ] GC(42) Using 4 workers of 4 for evacuation
[2019-12-08T12:14:22.461+0000][1][gc,age       ] GC(42) Desired survivor size 4456448 bytes, new threshold 6 (max threshold 6)
[2019-12-08T12:14:22.461+0000][1][gc,age       ] GC(42) Age table with threshold 6 (max threshold 6)
[2019-12-08T12:14:22.461+0000][1][gc,age       ] GC(42) - age   1:       3824 bytes,       3824 total
[2019-12-08T12:14:22.461+0000][1][gc,age       ] GC(42) - age   2:        368 bytes,       4192 total
[2019-12-08T12:14:22.461+0000][1][gc,age       ] GC(42) - age   4:        152 bytes,       4344 total
[2019-12-08T12:14:22.461+0000][1][gc,age       ] GC(42) - age   6:       2056 bytes,       6400 total
[2019-12-08T12:14:22.461+0000][1][gc,heap      ] GC(42) ParNew: 69964K->10K(78656K)
[2019-12-08T12:14:22.461+0000][1][gc,heap      ] GC(42) CMS: 70072K->70072K(174784K)
[2019-12-08T12:14:22.461+0000][1][gc,metaspace ] GC(42) Metaspace: 69063K->69063K(1112064K)
[2019-12-08T12:14:22.461+0000][1][gc           ] GC(42) Pause Young (Allocation Failure) 136M->68M(247M) 1.078ms
[2019-12-08T12:14:22.461+0000][1][gc,cpu       ] GC(42) User=0.00s Sys=0.00s Real=0.01s
[2019-12-08T12:14:22.461+0000][1][safepoint    ] Leaving safepoint region
[2019-12-08T12:14:22.461+0000][1][safepoint    ] Total time for which application threads were stopped: 0.0012273 seconds, Stopping threads took: 0.0000190 seconds
[2019-12-08T12:14:23.462+0000][1][safepoint    ] Application time: 1.0000883 seconds
[2019-12-08T12:14:23.462+0000][1][safepoint    ] Entering safepoint region: Cleanup
[2019-12-08T12:14:23.462+0000][1][safepoint    ] Leaving safepoint region
[2019-12-08T12:14:23.462+0000][1][safepoint    ] Total time for which application threads were stopped: 0.0000707 seconds, Stopping threads took: 0.0000187 seconds
[2019-12-08T12:14:24.462+0000][1][safepoint    ] Application time: 1.0000858 seconds
[2019-12-08T12:14:24.462+0000][1][safepoint    ] Entering safepoint region: Cleanup
[2019-12-08T12:14:24.462+0000][1][safepoint    ] Leaving safepoint region
[2019-12-08T12:14:24.462+0000][1][safepoint    ] Total time for which application threads were stopped: 0.0000802 seconds, Stopping threads took: 0.0000205 seconds
[2019-12-08T12:14:25.462+0000][1][safepoint    ] Application time: 1.0000835 seconds
[2019-12-08T12:14:25.462+0000][1][safepoint    ] Entering safepoint region: Cleanup
[2019-12-08T12:14:25.462+0000][1][safepoint    ] Leaving safepoint region
[2019-12-08T12:14:25.462+0000][1][safepoint    ] Total time for which application threads were stopped: 0.0000700 seconds, Stopping threads took: 0.0000176 seconds
[2019-12-08T12:14:26.462+0000][1][safepoint    ] Application time: 1.0000774 seconds
[2019-12-08T12:14:26.462+0000][1][safepoint    ] Entering safepoint region: Cleanup
[2019-12-08T12:14:26.462+0000][1][safepoint    ] Leaving safepoint region
[2019-12-08T12:14:26.462+0000][1][safepoint    ] Total time for which application threads were stopped: 0.0000686 seconds, Stopping threads took: 0.0000174 seconds
[2019-12-08T12:14:27.462+0000][1][safepoint    ] Application time: 1.0000778 seconds
[2019-12-08T12:14:27.462+0000][1][safepoint    ] Entering safepoint region: Cleanup
[2019-12-08T12:14:27.462+0000][1][safepoint    ] Leaving safepoint region
[2019-12-08T12:14:27.462+0000][1][safepoint    ] Total time for which application threads were stopped: 0.0000777 seconds, Stopping threads took: 0.0000255 seconds
[2019-12-08T12:14:28.628+0000][1][safepoint    ] Application time: 1.1658639 seconds
[2019-12-08T12:14:28.628+0000][1][safepoint    ] Entering safepoint region: Cleanup
[2019-12-08T12:14:28.628+0000][1][safepoint    ] Leaving safepoint region
[2019-12-08T12:14:28.628+0000][1][safepoint    ] Total time for which application threads were stopped: 0.0000670 seconds, Stopping threads took: 0.0000161 seconds
[2019-12-08T12:14:29.629+0000][1][safepoint    ] Application time: 1.0000747 seconds
[2019-12-08T12:14:29.629+0000][1][safepoint    ] Entering safepoint region: Cleanup
[2019-12-08T12:14:29.629+0000][1][safepoint    ] Leaving safepoint region
[2019-12-08T12:14:29.629+0000][1][safepoint    ] Total time for which application threads were stopped: 0.0000709 seconds, Stopping threads took: 0.0000154 seconds
[2019-12-08T12:14:30.629+0000][1][safepoint    ] Application time: 1.0000775 seconds
[2019-12-08T12:14:30.629+0000][1][safepoint    ] Entering safepoint region: Cleanup
[2019-12-08T12:14:30.629+0000][1][safepoint    ] Leaving safepoint region
[2019-12-08T12:14:30.629+0000][1][safepoint    ] Total time for which application threads were stopped: 0.0000732 seconds, Stopping threads took: 0.0000189 seconds
[2019-12-08T12:14:31.629+0000][1][safepoint    ] Application time: 1.0000791 seconds
[2019-12-08T12:14:31.629+0000][1][safepoint    ] Entering safepoint region: Cleanup
[2019-12-08T12:14:31.629+0000][1][safepoint    ] Leaving safepoint region
[2019-12-08T12:14:31.629+0000][1][safepoint    ] Total time for which application threads were stopped: 0.0000730 seconds, Stopping threads took: 0.0000186 seconds
[2019-12-08T12:14:32.629+0000][1][safepoint    ] Application time: 1.0000791 seconds
[2019-12-08T12:14:32.629+0000][1][safepoint    ] Entering safepoint region: Cleanup
[2019-12-08T12:14:32.629+0000][1][safepoint    ] Leaving safepoint region
[2019-12-08T12:14:32.629+0000][1][safepoint    ] Total time for which application threads were stopped: 0.0000731 seconds, Stopping threads took: 0.0000184 seconds
[2019-12-08T12:14:33.629+0000][1][safepoint    ] Application time: 1.0000861 seconds
[2019-12-08T12:14:33.629+0000][1][safepoint    ] Entering safepoint region: Cleanup
[2019-12-08T12:14:33.629+0000][1][safepoint    ] Leaving safepoint region
[2019-12-08T12:14:33.629+0000][1][safepoint    ] Total time for which application threads were stopped: 0.0000773 seconds, Stopping threads took: 0.0000217 seconds
[2019-12-08T12:14:34.630+0000][1][safepoint    ] Application time: 1.0000785 seconds
[2019-12-08T12:14:34.630+0000][1][safepoint    ] Entering safepoint region: Cleanup
[2019-12-08T12:14:34.630+0000][1][safepoint    ] Leaving safepoint region
[2019-12-08T12:14:34.630+0000][1][safepoint    ] Total time for which application threads were stopped: 0.0000746 seconds, Stopping threads took: 0.0000200 seconds
[2019-12-08T12:14:35.630+0000][1][safepoint    ] Application time: 1.0000803 seconds
[2019-12-08T12:14:35.630+0000][1][safepoint    ] Entering safepoint region: Cleanup
[2019-12-08T12:14:35.630+0000][1][safepoint    ] Leaving safepoint region
[2019-12-08T12:14:35.630+0000][1][safepoint    ] Total time for which application threads were stopped: 0.0000758 seconds, Stopping threads took: 0.0000221 seconds
[2019-12-08T12:14:36.630+0000][1][safepoint    ] Application time: 1.0000781 seconds
[2019-12-08T12:14:36.630+0000][1][safepoint    ] Entering safepoint region: Cleanup
[2019-12-08T12:14:36.630+0000][1][safepoint    ] Leaving safepoint region
[2019-12-08T12:14:36.630+0000][1][safepoint    ] Total time for which application threads were stopped: 0.0000825 seconds, Stopping threads took: 0.0000284 seconds
[2019-12-08T12:14:37.630+0000][1][safepoint    ] Application time: 1.0000770 seconds
[2019-12-08T12:14:37.630+0000][1][safepoint    ] Entering safepoint region: Cleanup
[2019-12-08T12:14:37.630+0000][1][safepoint    ] Leaving safepoint region
[2019-12-08T12:14:37.630+0000][1][safepoint    ] Total time for which application threads were stopped: 0.0000735 seconds, Stopping threads took: 0.0000192 seconds
[2019-12-08T12:14:38.630+0000][1][safepoint    ] Application time: 1.0000841 seconds
[2019-12-08T12:14:38.630+0000][1][safepoint    ] Entering safepoint region: Cleanup
[2019-12-08T12:14:38.630+0000][1][safepoint    ] Leaving safepoint region
[2019-12-08T12:14:38.630+0000][1][safepoint    ] Total time for which application threads were stopped: 0.0000737 seconds, Stopping threads took: 0.0000198 seconds
[2019-12-08T12:14:39.631+0000][1][safepoint    ] Application time: 1.0000749 seconds
[2019-12-08T12:14:39.631+0000][1][safepoint    ] Entering safepoint region: Cleanup
[2019-12-08T12:14:39.631+0000][1][safepoint    ] Leaving safepoint region
[2019-12-08T12:14:39.631+0000][1][safepoint    ] Total time for which application threads were stopped: 0.0000723 seconds, Stopping threads took: 0.0000180 seconds
[2019-12-08T12:14:40.631+0000][1][safepoint    ] Application time: 1.0000847 seconds
[2019-12-08T12:14:40.631+0000][1][safepoint    ] Entering safepoint region: Cleanup
[2019-12-08T12:14:40.631+0000][1][safepoint    ] Leaving safepoint region
[2019-12-08T12:14:40.631+0000][1][safepoint    ] Total time for which application threads were stopped: 0.0000726 seconds, Stopping threads took: 0.0000179 seconds
[2019-12-08T12:14:41.631+0000][1][safepoint    ] Application time: 1.0000773 seconds
[2019-12-08T12:14:41.631+0000][1][safepoint    ] Entering safepoint region: Cleanup
[2019-12-08T12:14:41.631+0000][1][safepoint    ] Leaving safepoint region
[2019-12-08T12:14:41.631+0000][1][safepoint    ] Total time for which application threads were stopped: 0.0000972 seconds, Stopping threads took: 0.0000246 seconds
[2019-12-08T12:14:42.631+0000][1][safepoint    ] Application time: 1.0000791 seconds
[2019-12-08T12:14:42.631+0000][1][safepoint    ] Entering safepoint region: Cleanup
[2019-12-08T12:14:42.631+0000][1][safepoint    ] Leaving safepoint region
[2019-12-08T12:14:42.631+0000][1][safepoint    ] Total time for which application threads were stopped: 0.0000805 seconds, Stopping threads took: 0.0000256 seconds
[2019-12-08T12:14:43.631+0000][1][safepoint    ] Application time: 1.0000769 seconds
[2019-12-08T12:14:43.631+0000][1][safepoint    ] Entering safepoint region: Cleanup
[2019-12-08T12:14:43.631+0000][1][safepoint    ] Leaving safepoint region
[2019-12-08T12:14:43.631+0000][1][safepoint    ] Total time for which application threads were stopped: 0.0000708 seconds, Stopping threads took: 0.0000175 seconds
[2019-12-08T12:14:44.632+0000][1][safepoint    ] Application time: 1.0000759 seconds
[2019-12-08T12:14:44.632+0000][1][safepoint    ] Entering safepoint region: Cleanup
[2019-12-08T12:14:44.632+0000][1][safepoint    ] Leaving safepoint region
[2019-12-08T12:14:44.632+0000][1][safepoint    ] Total time for which application threads were stopped: 0.0000730 seconds, Stopping threads took: 0.0000183 seconds
[2019-12-08T12:14:45.632+0000][1][safepoint    ] Application time: 1.0000838 seconds
[2019-12-08T12:14:45.632+0000][1][safepoint    ] Entering safepoint region: Cleanup
[2019-12-08T12:14:45.632+0000][1][safepoint    ] Leaving safepoint region
[2019-12-08T12:14:45.632+0000][1][safepoint    ] Total time for which application threads were stopped: 0.0000721 seconds, Stopping threads took: 0.0000180 seconds
[2019-12-08T12:14:46.632+0000][1][safepoint    ] Application time: 1.0000764 seconds
[2019-12-08T12:14:46.632+0000][1][safepoint    ] Entering safepoint region: Cleanup
[2019-12-08T12:14:46.632+0000][1][safepoint    ] Leaving safepoint region
[2019-12-08T12:14:46.632+0000][1][safepoint    ] Total time for which application threads were stopped: 0.0000782 seconds, Stopping threads took: 0.0000246 seconds
[2019-12-08T12:14:47.632+0000][1][safepoint    ] Application time: 1.0000752 seconds
[2019-12-08T12:14:47.632+0000][1][safepoint    ] Entering safepoint region: Cleanup
[2019-12-08T12:14:47.632+0000][1][safepoint    ] Leaving safepoint region
[2019-12-08T12:14:47.632+0000][1][safepoint    ] Total time for which application threads were stopped: 0.0000831 seconds, Stopping threads took: 0.0000173 seconds
[2019-12-08T12:14:48.632+0000][1][safepoint    ] Application time: 1.0000797 seconds
[2019-12-08T12:14:48.632+0000][1][safepoint    ] Entering safepoint region: Cleanup
[2019-12-08T12:14:48.632+0000][1][safepoint    ] Leaving safepoint region
[2019-12-08T12:14:48.632+0000][1][safepoint    ] Total time for which application threads were stopped: 0.0000707 seconds, Stopping threads took: 0.0000185 seconds
[2019-12-08T12:14:49.831+0000][1][safepoint    ] Application time: 1.1987940 seconds
[2019-12-08T12:14:49.831+0000][1][safepoint    ] Entering safepoint region: Cleanup
[2019-12-08T12:14:49.831+0000][1][safepoint    ] Leaving safepoint region
[2019-12-08T12:14:49.831+0000][1][safepoint    ] Total time for which application threads were stopped: 0.0000724 seconds, Stopping threads took: 0.0000175 seconds
[2019-12-08T12:14:50.831+0000][1][safepoint    ] Application time: 1.0000826 seconds
[2019-12-08T12:14:50.831+0000][1][safepoint    ] Entering safepoint region: Cleanup
[2019-12-08T12:14:50.831+0000][1][safepoint    ] Leaving safepoint region
[2019-12-08T12:14:50.831+0000][1][safepoint    ] Total time for which application threads were stopped: 0.0000718 seconds, Stopping threads took: 0.0000191 seconds
[2019-12-08T12:14:51.832+0000][1][safepoint    ] Application time: 1.0000831 seconds
[2019-12-08T12:14:51.832+0000][1][safepoint    ] Entering safepoint region: Cleanup
[2019-12-08T12:14:51.832+0000][1][safepoint    ] Leaving safepoint region
[2019-12-08T12:14:51.832+0000][1][safepoint    ] Total time for which application threads were stopped: 0.0000891 seconds, Stopping threads took: 0.0000252 seconds
[2019-12-08T12:14:52.832+0000][1][safepoint    ] Application time: 1.0000776 seconds
[2019-12-08T12:14:52.832+0000][1][safepoint    ] Entering safepoint region: Cleanup
[2019-12-08T12:14:52.832+0000][1][safepoint    ] Leaving safepoint region
[2019-12-08T12:14:52.832+0000][1][safepoint    ] Total time for which application threads were stopped: 0.0000846 seconds, Stopping threads took: 0.0000289 seconds
[2019-12-08T12:14:53.832+0000][1][safepoint    ] Application time: 1.0000775 seconds
[2019-12-08T12:14:53.832+0000][1][safepoint    ] Entering safepoint region: Cleanup
[2019-12-08T12:14:53.832+0000][1][safepoint    ] Leaving safepoint region
[2019-12-08T12:14:53.832+0000][1][safepoint    ] Total time for which application threads were stopped: 0.0000726 seconds, Stopping threads took: 0.0000186 seconds
[2019-12-08T12:14:54.832+0000][1][safepoint    ] Application time: 1.0000895 seconds
[2019-12-08T12:14:54.832+0000][1][safepoint    ] Entering safepoint region: Cleanup
[2019-12-08T12:14:54.832+0000][1][safepoint    ] Leaving safepoint region
[2019-12-08T12:14:54.832+0000][1][safepoint    ] Total time for which application threads were stopped: 0.0000712 seconds, Stopping threads took: 0.0000187 seconds
[2019-12-08T12:14:55.832+0000][1][safepoint    ] Application time: 1.0000777 seconds
[2019-12-08T12:14:55.832+0000][1][safepoint    ] Entering safepoint region: Cleanup
[2019-12-08T12:14:55.832+0000][1][safepoint    ] Leaving safepoint region
[2019-12-08T12:14:55.832+0000][1][safepoint    ] Total time for which application threads were stopped: 0.0000698 seconds, Stopping threads took: 0.0000184 seconds
[2019-12-08T12:14:56.833+0000][1][safepoint    ] Application time: 1.0000762 seconds
[2019-12-08T12:14:56.833+0000][1][safepoint    ] Entering safepoint region: Cleanup
[2019-12-08T12:14:56.833+0000][1][safepoint    ] Leaving safepoint region
[2019-12-08T12:14:56.833+0000][1][safepoint    ] Total time for which application threads were stopped: 0.0000678 seconds, Stopping threads took: 0.0000180 seconds
[2019-12-08T12:14:57.833+0000][1][safepoint    ] Application time: 1.0000755 seconds
[2019-12-08T12:14:57.833+0000][1][safepoint    ] Entering safepoint region: Cleanup
[2019-12-08T12:14:57.833+0000][1][safepoint    ] Leaving safepoint region
[2019-12-08T12:14:57.833+0000][1][safepoint    ] Total time for which application threads were stopped: 0.0000701 seconds, Stopping threads took: 0.0000182 seconds
[2019-12-08T12:14:58.833+0000][1][safepoint    ] Application time: 1.0000774 seconds
[2019-12-08T12:14:58.833+0000][1][safepoint    ] Entering safepoint region: Cleanup
[2019-12-08T12:14:58.833+0000][1][safepoint    ] Leaving safepoint region
[2019-12-08T12:14:58.833+0000][1][safepoint    ] Total time for which application threads were stopped: 0.0000699 seconds, Stopping threads took: 0.0000185 seconds
[2019-12-08T12:14:59.833+0000][1][safepoint    ] Application time: 1.0000767 seconds
[2019-12-08T12:14:59.833+0000][1][safepoint    ] Entering safepoint region: Cleanup
[2019-12-08T12:14:59.833+0000][1][safepoint    ] Leaving safepoint region
[2019-12-08T12:14:59.833+0000][1][safepoint    ] Total time for which application threads were stopped: 0.0000676 seconds, Stopping threads took: 0.0000161 seconds
[2019-12-08T12:15:00.833+0000][1][safepoint    ] Application time: 1.0000786 seconds
[2019-12-08T12:15:00.833+0000][1][safepoint    ] Entering safepoint region: Cleanup
[2019-12-08T12:15:00.833+0000][1][safepoint    ] Leaving safepoint region
[2019-12-08T12:15:00.833+0000][1][safepoint    ] Total time for which application threads were stopped: 0.0000758 seconds, Stopping threads took: 0.0000173 seconds
[2019-12-08T12:15:01.835+0000][1][safepoint    ] Application time: 1.0014982 seconds
[2019-12-08T12:15:01.835+0000][1][safepoint    ] Entering safepoint region: Cleanup
[2019-12-08T12:15:01.835+0000][1][safepoint    ] Leaving safepoint region
[2019-12-08T12:15:01.835+0000][1][safepoint    ] Total time for which application threads were stopped: 0.0001085 seconds, Stopping threads took: 0.0000249 seconds
[2019-12-08T12:15:02.835+0000][1][safepoint    ] Application time: 1.0000820 seconds
[2019-12-08T12:15:02.835+0000][1][safepoint    ] Entering safepoint region: Cleanup
[2019-12-08T12:15:02.835+0000][1][safepoint    ] Leaving safepoint region
[2019-12-08T12:15:02.835+0000][1][safepoint    ] Total time for which application threads were stopped: 0.0000883 seconds, Stopping threads took: 0.0000340 seconds
[2019-12-08T12:15:03.835+0000][1][safepoint    ] Application time: 1.0000932 seconds
[2019-12-08T12:15:03.835+0000][1][safepoint    ] Entering safepoint region: Cleanup
[2019-12-08T12:15:03.835+0000][1][safepoint    ] Leaving safepoint region
[2019-12-08T12:15:03.835+0000][1][safepoint    ] Total time for which application threads were stopped: 0.0000758 seconds, Stopping threads took: 0.0000191 seconds
[2019-12-08T12:15:04.836+0000][1][safepoint    ] Application time: 1.0000837 seconds
[2019-12-08T12:15:04.836+0000][1][safepoint    ] Entering safepoint region: Cleanup
[2019-12-08T12:15:04.836+0000][1][safepoint    ] Leaving safepoint region
[2019-12-08T12:15:04.836+0000][1][safepoint    ] Total time for which application threads were stopped: 0.0000732 seconds, Stopping threads took: 0.0000189 seconds
[2019-12-08T12:15:05.836+0000][1][safepoint    ] Application time: 1.0000456 seconds
[2019-12-08T12:15:05.836+0000][1][safepoint    ] Entering safepoint region: Cleanup
[2019-12-08T12:15:05.836+0000][1][safepoint    ] Leaving safepoint region
[2019-12-08T12:15:05.836+0000][1][safepoint    ] Total time for which application threads were stopped: 0.0000771 seconds, Stopping threads took: 0.0000201 seconds
[2019-12-08T12:15:07.639+0000][1][safepoint    ] Application time: 1.8031921 seconds
[2019-12-08T12:15:07.639+0000][1][safepoint    ] Entering safepoint region: Cleanup
[2019-12-08T12:15:07.639+0000][1][safepoint    ] Leaving safepoint region
[2019-12-08T12:15:07.639+0000][1][safepoint    ] Total time for which application threads were stopped: 0.0000783 seconds, Stopping threads took: 0.0000208 seconds
[2019-12-08T12:15:08.639+0000][1][safepoint    ] Application time: 1.0000822 seconds
[2019-12-08T12:15:08.639+0000][1][safepoint    ] Entering safepoint region: Cleanup
[2019-12-08T12:15:08.639+0000][1][safepoint    ] Leaving safepoint region
[2019-12-08T12:15:08.639+0000][1][safepoint    ] Total time for which application threads were stopped: 0.0000761 seconds, Stopping threads took: 0.0000224 seconds
[2019-12-08T12:15:09.639+0000][1][safepoint    ] Application time: 1.0000766 seconds
[2019-12-08T12:15:09.639+0000][1][safepoint    ] Entering safepoint region: Cleanup
[2019-12-08T12:15:09.640+0000][1][safepoint    ] Leaving safepoint region
[2019-12-08T12:15:09.640+0000][1][safepoint    ] Total time for which application threads were stopped: 0.0000726 seconds, Stopping threads took: 0.0000203 seconds
[2019-12-08T12:15:10.640+0000][1][safepoint    ] Application time: 1.0000818 seconds
[2019-12-08T12:15:10.640+0000][1][safepoint    ] Entering safepoint region: Cleanup
[2019-12-08T12:15:10.640+0000][1][safepoint    ] Leaving safepoint region
[2019-12-08T12:15:10.640+0000][1][safepoint    ] Total time for which application threads were stopped: 0.0000848 seconds, Stopping threads took: 0.0000172 seconds
[2019-12-08T12:15:11.640+0000][1][safepoint    ] Application time: 1.0000831 seconds
[2019-12-08T12:15:11.640+0000][1][safepoint    ] Entering safepoint region: Cleanup
[2019-12-08T12:15:11.640+0000][1][safepoint    ] Leaving safepoint region
[2019-12-08T12:15:11.640+0000][1][safepoint    ] Total time for which application threads were stopped: 0.0000763 seconds, Stopping threads took: 0.0000195 seconds
[2019-12-08T12:15:12.640+0000][1][safepoint    ] Application time: 1.0000910 seconds
[2019-12-08T12:15:12.640+0000][1][safepoint    ] Entering safepoint region: Cleanup
[2019-12-08T12:15:12.640+0000][1][safepoint    ] Leaving safepoint region
[2019-12-08T12:15:12.640+0000][1][safepoint    ] Total time for which application threads were stopped: 0.0000850 seconds, Stopping threads took: 0.0000314 seconds
[2019-12-08T12:15:13.640+0000][1][safepoint    ] Application time: 1.0001004 seconds
[2019-12-08T12:15:13.640+0000][1][safepoint    ] Entering safepoint region: Cleanup
[2019-12-08T12:15:13.640+0000][1][safepoint    ] Leaving safepoint region
[2019-12-08T12:15:13.640+0000][1][safepoint    ] Total time for which application threads were stopped: 0.0000877 seconds, Stopping threads took: 0.0000205 seconds
[2019-12-08T12:15:14.640+0000][1][safepoint    ] Application time: 1.0000852 seconds
[2019-12-08T12:15:14.641+0000][1][safepoint    ] Entering safepoint region: Cleanup
[2019-12-08T12:15:14.641+0000][1][safepoint    ] Leaving safepoint region
[2019-12-08T12:15:14.641+0000][1][safepoint    ] Total time for which application threads were stopped: 0.0000760 seconds, Stopping threads took: 0.0000202 seconds
[2019-12-08T12:15:15.641+0000][1][safepoint    ] Application time: 1.0001000 seconds
[2019-12-08T12:15:15.641+0000][1][safepoint    ] Entering safepoint region: Cleanup
[2019-12-08T12:15:15.641+0000][1][safepoint    ] Leaving safepoint region
[2019-12-08T12:15:15.641+0000][1][safepoint    ] Total time for which application threads were stopped: 0.0000765 seconds, Stopping threads took: 0.0000193 seconds
[2019-12-08T12:15:16.641+0000][1][safepoint    ] Application time: 1.0000889 seconds
[2019-12-08T12:15:16.641+0000][1][safepoint    ] Entering safepoint region: Cleanup
[2019-12-08T12:15:16.641+0000][1][safepoint    ] Leaving safepoint region
[2019-12-08T12:15:16.641+0000][1][safepoint    ] Total time for which application threads were stopped: 0.0000810 seconds, Stopping threads took: 0.0000202 seconds
[2019-12-08T12:15:17.641+0000][1][safepoint    ] Application time: 1.0000886 seconds
[2019-12-08T12:15:17.641+0000][1][safepoint    ] Entering safepoint region: Cleanup
[2019-12-08T12:15:17.641+0000][1][safepoint    ] Leaving safepoint region
[2019-12-08T12:15:17.641+0000][1][safepoint    ] Total time for which application threads were stopped: 0.0000828 seconds, Stopping threads took: 0.0000205 seconds
[2019-12-08T12:15:18.641+0000][1][safepoint    ] Application time: 1.0000896 seconds
[2019-12-08T12:15:18.641+0000][1][safepoint    ] Entering safepoint region: Cleanup
[2019-12-08T12:15:18.641+0000][1][safepoint    ] Leaving safepoint region
[2019-12-08T12:15:18.642+0000][1][safepoint    ] Total time for which application threads were stopped: 0.0000757 seconds, Stopping threads took: 0.0000193 seconds
[2019-12-08T12:15:19.642+0000][1][safepoint    ] Application time: 1.0000819 seconds
[2019-12-08T12:15:19.642+0000][1][safepoint    ] Entering safepoint region: Cleanup
[2019-12-08T12:15:19.642+0000][1][safepoint    ] Leaving safepoint region
[2019-12-08T12:15:19.642+0000][1][safepoint    ] Total time for which application threads were stopped: 0.0000931 seconds, Stopping threads took: 0.0000201 seconds
[2019-12-08T12:15:20.642+0000][1][safepoint    ] Application time: 1.0000833 seconds
[2019-12-08T12:15:20.642+0000][1][safepoint    ] Entering safepoint region: Cleanup
[2019-12-08T12:15:20.642+0000][1][safepoint    ] Leaving safepoint region
[2019-12-08T12:15:20.642+0000][1][safepoint    ] Total time for which application threads were stopped: 0.0000785 seconds, Stopping threads took: 0.0000200 seconds
[2019-12-08T12:15:21.642+0000][1][safepoint    ] Application time: 1.0000932 seconds
[2019-12-08T12:15:21.642+0000][1][safepoint    ] Entering safepoint region: Cleanup
[2019-12-08T12:15:21.642+0000][1][safepoint    ] Leaving safepoint region
[2019-12-08T12:15:21.642+0000][1][safepoint    ] Total time for which application threads were stopped: 0.0000749 seconds, Stopping threads took: 0.0000189 seconds
[2019-12-08T12:15:22.642+0000][1][safepoint    ] Application time: 1.0000862 seconds
[2019-12-08T12:15:22.642+0000][1][safepoint    ] Entering safepoint region: Cleanup
[2019-12-08T12:15:22.642+0000][1][safepoint    ] Leaving safepoint region
[2019-12-08T12:15:22.642+0000][1][safepoint    ] Total time for which application threads were stopped: 0.0000725 seconds, Stopping threads took: 0.0000188 seconds
[2019-12-08T12:15:23.642+0000][1][safepoint    ] Application time: 1.0000900 seconds
[2019-12-08T12:15:23.642+0000][1][safepoint    ] Entering safepoint region: Cleanup
[2019-12-08T12:15:23.643+0000][1][safepoint    ] Leaving safepoint region
[2019-12-08T12:15:23.643+0000][1][safepoint    ] Total time for which application threads were stopped: 0.0000835 seconds, Stopping threads took: 0.0000198 seconds
[2019-12-08T12:15:24.643+0000][1][safepoint    ] Application time: 1.0000855 seconds
[2019-12-08T12:15:24.643+0000][1][safepoint    ] Entering safepoint region: Cleanup
[2019-12-08T12:15:24.643+0000][1][safepoint    ] Leaving safepoint region
[2019-12-08T12:15:24.643+0000][1][safepoint    ] Total time for which application threads were stopped: 0.0000793 seconds, Stopping threads took: 0.0000213 seconds
[2019-12-08T12:15:25.643+0000][1][safepoint    ] Application time: 1.0000855 seconds
[2019-12-08T12:15:25.643+0000][1][safepoint    ] Entering safepoint region: Cleanup
[2019-12-08T12:15:25.643+0000][1][safepoint    ] Leaving safepoint region
[2019-12-08T12:15:25.643+0000][1][safepoint    ] Total time for which application threads were stopped: 0.0000733 seconds, Stopping threads took: 0.0000183 seconds
[2019-12-08T12:15:26.643+0000][1][safepoint    ] Application time: 1.0000864 seconds
[2019-12-08T12:15:26.643+0000][1][safepoint    ] Entering safepoint region: Cleanup
[2019-12-08T12:15:26.643+0000][1][safepoint    ] Leaving safepoint region
[2019-12-08T12:15:26.643+0000][1][safepoint    ] Total time for which application threads were stopped: 0.0000745 seconds, Stopping threads took: 0.0000196 seconds
[2019-12-08T12:15:27.643+0000][1][safepoint    ] Application time: 1.0000839 seconds
[2019-12-08T12:15:27.643+0000][1][safepoint    ] Entering safepoint region: Cleanup
[2019-12-08T12:15:27.643+0000][1][safepoint    ] Leaving safepoint region
[2019-12-08T12:15:27.643+0000][1][safepoint    ] Total time for which application threads were stopped: 0.0000800 seconds, Stopping threads took: 0.0000199 seconds
[2019-12-08T12:15:28.644+0000][1][safepoint    ] Application time: 1.0000863 seconds
[2019-12-08T12:15:28.644+0000][1][safepoint    ] Entering safepoint region: Cleanup
[2019-12-08T12:15:28.644+0000][1][safepoint    ] Leaving safepoint region
[2019-12-08T12:15:28.644+0000][1][safepoint    ] Total time for which application threads were stopped: 0.0000733 seconds, Stopping threads took: 0.0000207 seconds
[2019-12-08T12:15:29.644+0000][1][safepoint    ] Application time: 1.0000796 seconds
[2019-12-08T12:15:29.644+0000][1][safepoint    ] Entering safepoint region: Cleanup
[2019-12-08T12:15:29.644+0000][1][safepoint    ] Leaving safepoint region
[2019-12-08T12:15:29.644+0000][1][safepoint    ] Total time for which application threads were stopped: 0.0000779 seconds, Stopping threads took: 0.0000197 seconds
[2019-12-08T12:15:30.644+0000][1][safepoint    ] Application time: 1.0000839 seconds
[2019-12-08T12:15:30.644+0000][1][safepoint    ] Entering safepoint region: Cleanup
[2019-12-08T12:15:30.644+0000][1][safepoint    ] Leaving safepoint region
[2019-12-08T12:15:30.644+0000][1][safepoint    ] Total time for which application threads were stopped: 0.0000767 seconds, Stopping threads took: 0.0000215 seconds
[2019-12-08T12:15:31.644+0000][1][safepoint    ] Application time: 1.0000776 seconds
[2019-12-08T12:15:31.644+0000][1][safepoint    ] Entering safepoint region: Cleanup
[2019-12-08T12:15:31.644+0000][1][safepoint    ] Leaving safepoint region
[2019-12-08T12:15:31.644+0000][1][safepoint    ] Total time for which application threads were stopped: 0.0000702 seconds, Stopping threads took: 0.0000178 seconds
[2019-12-08T12:15:32.644+0000][1][safepoint    ] Application time: 1.0000777 seconds
[2019-12-08T12:15:32.644+0000][1][safepoint    ] Entering safepoint region: Cleanup
[2019-12-08T12:15:32.644+0000][1][safepoint    ] Leaving safepoint region
[2019-12-08T12:15:32.644+0000][1][safepoint    ] Total time for which application threads were stopped: 0.0000710 seconds, Stopping threads took: 0.0000180 seconds
[2019-12-08T12:15:33.645+0000][1][safepoint    ] Application time: 1.0000815 seconds
[2019-12-08T12:15:33.645+0000][1][safepoint    ] Entering safepoint region: Cleanup
[2019-12-08T12:15:33.645+0000][1][safepoint    ] Leaving safepoint region
[2019-12-08T12:15:33.645+0000][1][safepoint    ] Total time for which application threads were stopped: 0.0000781 seconds, Stopping threads took: 0.0000183 seconds
[2019-12-08T12:15:34.645+0000][1][safepoint    ] Application time: 1.0000825 seconds
[2019-12-08T12:15:34.645+0000][1][safepoint    ] Entering safepoint region: Cleanup
[2019-12-08T12:15:34.645+0000][1][safepoint    ] Leaving safepoint region
[2019-12-08T12:15:34.645+0000][1][safepoint    ] Total time for which application threads were stopped: 0.0000732 seconds, Stopping threads took: 0.0000193 seconds
[2019-12-08T12:15:35.645+0000][1][safepoint    ] Application time: 1.0000818 seconds
[2019-12-08T12:15:35.645+0000][1][safepoint    ] Entering safepoint region: Cleanup
[2019-12-08T12:15:35.645+0000][1][safepoint    ] Leaving safepoint region
[2019-12-08T12:15:35.645+0000][1][safepoint    ] Total time for which application threads were stopped: 0.0000722 seconds, Stopping threads took: 0.0000190 seconds
[2019-12-08T12:15:36.645+0000][1][safepoint    ] Application time: 1.0000796 seconds
[2019-12-08T12:15:36.645+0000][1][safepoint    ] Entering safepoint region: Cleanup
[2019-12-08T12:15:36.645+0000][1][safepoint    ] Leaving safepoint region
[2019-12-08T12:15:36.645+0000][1][safepoint    ] Total time for which application threads were stopped: 0.0000716 seconds, Stopping threads took: 0.0000192 seconds
[2019-12-08T12:15:37.645+0000][1][safepoint    ] Application time: 1.0000786 seconds
[2019-12-08T12:15:37.645+0000][1][safepoint    ] Entering safepoint region: Cleanup
[2019-12-08T12:15:37.645+0000][1][safepoint    ] Leaving safepoint region
[2019-12-08T12:15:37.645+0000][1][safepoint    ] Total time for which application threads were stopped: 0.0000718 seconds, Stopping threads took: 0.0000177 seconds
[2019-12-08T12:15:38.645+0000][1][safepoint    ] Application time: 1.0000773 seconds
[2019-12-08T12:15:38.646+0000][1][safepoint    ] Entering safepoint region: Cleanup
[2019-12-08T12:15:38.646+0000][1][safepoint    ] Leaving safepoint region
[2019-12-08T12:15:38.646+0000][1][safepoint    ] Total time for which application threads were stopped: 0.0000708 seconds, Stopping threads took: 0.0000191 seconds
[2019-12-08T12:15:39.646+0000][1][safepoint    ] Application time: 1.0000783 seconds
[2019-12-08T12:15:39.646+0000][1][safepoint    ] Entering safepoint region: Cleanup
[2019-12-08T12:15:39.646+0000][1][safepoint    ] Leaving safepoint region
[2019-12-08T12:15:39.646+0000][1][safepoint    ] Total time for which application threads were stopped: 0.0000743 seconds, Stopping threads took: 0.0000200 seconds
[2019-12-08T12:15:40.646+0000][1][safepoint    ] Application time: 1.0000808 seconds
[2019-12-08T12:15:40.646+0000][1][safepoint    ] Entering safepoint region: Cleanup
[2019-12-08T12:15:40.646+0000][1][safepoint    ] Leaving safepoint region
[2019-12-08T12:15:40.646+0000][1][safepoint    ] Total time for which application threads were stopped: 0.0000715 seconds, Stopping threads took: 0.0000180 seconds
[2019-12-08T12:15:41.646+0000][1][safepoint    ] Application time: 1.0000813 seconds
[2019-12-08T12:15:41.646+0000][1][safepoint    ] Entering safepoint region: Cleanup
[2019-12-08T12:15:41.646+0000][1][safepoint    ] Leaving safepoint region
[2019-12-08T12:15:41.646+0000][1][safepoint    ] Total time for which application threads were stopped: 0.0000725 seconds, Stopping threads took: 0.0000189 seconds
[2019-12-08T12:15:43.268+0000][1][safepoint    ] Application time: 1.6216395 seconds
[2019-12-08T12:15:43.268+0000][1][safepoint    ] Entering safepoint region: Cleanup
[2019-12-08T12:15:43.268+0000][1][safepoint    ] Leaving safepoint region
[2019-12-08T12:15:43.268+0000][1][safepoint    ] Total time for which application threads were stopped: 0.0000740 seconds, Stopping threads took: 0.0000183 seconds
[2019-12-08T12:15:44.268+0000][1][safepoint    ] Application time: 1.0000768 seconds
[2019-12-08T12:15:44.268+0000][1][safepoint    ] Entering safepoint region: Cleanup
[2019-12-08T12:15:44.268+0000][1][safepoint    ] Leaving safepoint region
[2019-12-08T12:15:44.268+0000][1][safepoint    ] Total time for which application threads were stopped: 0.0000734 seconds, Stopping threads took: 0.0000206 seconds
[2019-12-08T12:15:45.268+0000][1][safepoint    ] Application time: 1.0000784 seconds
[2019-12-08T12:15:45.268+0000][1][safepoint    ] Entering safepoint region: Cleanup
[2019-12-08T12:15:45.268+0000][1][safepoint    ] Leaving safepoint region
[2019-12-08T12:15:45.268+0000][1][safepoint    ] Total time for which application threads were stopped: 0.0000792 seconds, Stopping threads took: 0.0000185 seconds
[2019-12-08T12:15:46.268+0000][1][safepoint    ] Application time: 1.0000779 seconds
[2019-12-08T12:15:46.268+0000][1][safepoint    ] Entering safepoint region: Cleanup
[2019-12-08T12:15:46.269+0000][1][safepoint    ] Leaving safepoint region
[2019-12-08T12:15:46.269+0000][1][safepoint    ] Total time for which application threads were stopped: 0.0000747 seconds, Stopping threads took: 0.0000202 seconds
[2019-12-08T12:15:47.269+0000][1][safepoint    ] Application time: 1.0000785 seconds
[2019-12-08T12:15:47.269+0000][1][safepoint    ] Entering safepoint region: Cleanup
[2019-12-08T12:15:47.269+0000][1][safepoint    ] Leaving safepoint region
[2019-12-08T12:15:47.269+0000][1][safepoint    ] Total time for which application threads were stopped: 0.0000971 seconds, Stopping threads took: 0.0000188 seconds
[2019-12-08T12:15:48.269+0000][1][safepoint    ] Application time: 1.0000787 seconds
[2019-12-08T12:15:48.269+0000][1][safepoint    ] Entering safepoint region: Cleanup
[2019-12-08T12:15:48.269+0000][1][safepoint    ] Leaving safepoint region
[2019-12-08T12:15:48.269+0000][1][safepoint    ] Total time for which application threads were stopped: 0.0000733 seconds, Stopping threads took: 0.0000191 seconds
[2019-12-08T12:15:49.269+0000][1][safepoint    ] Application time: 1.0000916 seconds
[2019-12-08T12:15:49.269+0000][1][safepoint    ] Entering safepoint region: Cleanup
[2019-12-08T12:15:49.269+0000][1][safepoint    ] Leaving safepoint region
[2019-12-08T12:15:49.269+0000][1][safepoint    ] Total time for which application threads were stopped: 0.0000747 seconds, Stopping threads took: 0.0000196 seconds
[2019-12-08T12:15:50.269+0000][1][safepoint    ] Application time: 1.0000939 seconds
[2019-12-08T12:15:50.269+0000][1][safepoint    ] Entering safepoint region: Cleanup
[2019-12-08T12:15:50.269+0000][1][safepoint    ] Leaving safepoint region
[2019-12-08T12:15:50.269+0000][1][safepoint    ] Total time for which application threads were stopped: 0.0000760 seconds, Stopping threads took: 0.0000202 seconds
[2019-12-08T12:15:51.269+0000][1][safepoint    ] Application time: 1.0000834 seconds
[2019-12-08T12:15:51.269+0000][1][safepoint    ] Entering safepoint region: Cleanup
[2019-12-08T12:15:51.270+0000][1][safepoint    ] Leaving safepoint region
[2019-12-08T12:15:51.270+0000][1][safepoint    ] Total time for which application threads were stopped: 0.0000736 seconds, Stopping threads took: 0.0000193 seconds
[2019-12-08T12:15:52.270+0000][1][safepoint    ] Application time: 1.0000842 seconds
[2019-12-08T12:15:52.270+0000][1][safepoint    ] Entering safepoint region: Cleanup
[2019-12-08T12:15:52.270+0000][1][safepoint    ] Leaving safepoint region
[2019-12-08T12:15:52.270+0000][1][safepoint    ] Total time for which application threads were stopped: 0.0000844 seconds, Stopping threads took: 0.0000316 seconds
[2019-12-08T12:15:53.270+0000][1][safepoint    ] Application time: 1.0000825 seconds
[2019-12-08T12:15:53.270+0000][1][safepoint    ] Entering safepoint region: Cleanup
[2019-12-08T12:15:53.270+0000][1][safepoint    ] Leaving safepoint region
[2019-12-08T12:15:53.270+0000][1][safepoint    ] Total time for which application threads were stopped: 0.0000981 seconds, Stopping threads took: 0.0000228 seconds
[2019-12-08T12:15:54.270+0000][1][safepoint    ] Application time: 1.0000916 seconds
[2019-12-08T12:15:54.270+0000][1][safepoint    ] Entering safepoint region: Cleanup
[2019-12-08T12:15:54.270+0000][1][safepoint    ] Leaving safepoint region
[2019-12-08T12:15:54.270+0000][1][safepoint    ] Total time for which application threads were stopped: 0.0000754 seconds, Stopping threads took: 0.0000211 seconds
[2019-12-08T12:15:55.270+0000][1][safepoint    ] Application time: 1.0000841 seconds
[2019-12-08T12:15:55.270+0000][1][safepoint    ] Entering safepoint region: Cleanup
[2019-12-08T12:15:55.270+0000][1][safepoint    ] Leaving safepoint region
[2019-12-08T12:15:55.270+0000][1][safepoint    ] Total time for which application threads were stopped: 0.0000736 seconds, Stopping threads took: 0.0000195 seconds
[2019-12-08T12:15:56.270+0000][1][safepoint    ] Application time: 1.0000935 seconds
[2019-12-08T12:15:56.271+0000][1][safepoint    ] Entering safepoint region: Cleanup
[2019-12-08T12:15:56.271+0000][1][safepoint    ] Leaving safepoint region
[2019-12-08T12:15:56.271+0000][1][safepoint    ] Total time for which application threads were stopped: 0.0000723 seconds, Stopping threads took: 0.0000191 seconds
[2019-12-08T12:15:57.271+0000][1][safepoint    ] Application time: 1.0000902 seconds
[2019-12-08T12:15:57.271+0000][1][safepoint    ] Entering safepoint region: Cleanup
[2019-12-08T12:15:57.271+0000][1][safepoint    ] Leaving safepoint region
[2019-12-08T12:15:57.271+0000][1][safepoint    ] Total time for which application threads were stopped: 0.0000751 seconds, Stopping threads took: 0.0000188 seconds
[2019-12-08T12:15:58.271+0000][1][safepoint    ] Application time: 1.0000801 seconds
[2019-12-08T12:15:58.271+0000][1][safepoint    ] Entering safepoint region: Cleanup
[2019-12-08T12:15:58.271+0000][1][safepoint    ] Leaving safepoint region
[2019-12-08T12:15:58.271+0000][1][safepoint    ] Total time for which application threads were stopped: 0.0000921 seconds, Stopping threads took: 0.0000175 seconds
[2019-12-08T12:15:59.271+0000][1][safepoint    ] Application time: 1.0000811 seconds
[2019-12-08T12:15:59.271+0000][1][safepoint    ] Entering safepoint region: Cleanup
[2019-12-08T12:15:59.271+0000][1][safepoint    ] Leaving safepoint region
[2019-12-08T12:15:59.271+0000][1][safepoint    ] Total time for which application threads were stopped: 0.0000781 seconds, Stopping threads took: 0.0000190 seconds
[2019-12-08T12:16:00.271+0000][1][safepoint    ] Application time: 1.0000798 seconds
[2019-12-08T12:16:00.271+0000][1][safepoint    ] Entering safepoint region: Cleanup
[2019-12-08T12:16:00.271+0000][1][safepoint    ] Leaving safepoint region
[2019-12-08T12:16:00.271+0000][1][safepoint    ] Total time for which application threads were stopped: 0.0000750 seconds, Stopping threads took: 0.0000190 seconds
[2019-12-08T12:16:01.272+0000][1][safepoint    ] Application time: 1.0000933 seconds
[2019-12-08T12:16:01.272+0000][1][safepoint    ] Entering safepoint region: Cleanup
[2019-12-08T12:16:01.272+0000][1][safepoint    ] Leaving safepoint region
[2019-12-08T12:16:01.272+0000][1][safepoint    ] Total time for which application threads were stopped: 0.0001160 seconds, Stopping threads took: 0.0000303 seconds
[2019-12-08T12:16:02.272+0000][1][safepoint    ] Application time: 1.0000851 seconds
[2019-12-08T12:16:02.272+0000][1][safepoint    ] Entering safepoint region: Cleanup
[2019-12-08T12:16:02.272+0000][1][safepoint    ] Leaving safepoint region
[2019-12-08T12:16:02.272+0000][1][safepoint    ] Total time for which application threads were stopped: 0.0000819 seconds, Stopping threads took: 0.0000254 seconds
[2019-12-08T12:16:03.272+0000][1][safepoint    ] Application time: 1.0000863 seconds
[2019-12-08T12:16:03.272+0000][1][safepoint    ] Entering safepoint region: Cleanup
[2019-12-08T12:16:03.272+0000][1][safepoint    ] Leaving safepoint region
[2019-12-08T12:16:03.272+0000][1][safepoint    ] Total time for which application threads were stopped: 0.0000724 seconds, Stopping threads took: 0.0000184 seconds
[2019-12-08T12:16:04.272+0000][1][safepoint    ] Application time: 1.0000857 seconds
[2019-12-08T12:16:04.272+0000][1][safepoint    ] Entering safepoint region: Cleanup
[2019-12-08T12:16:04.272+0000][1][safepoint    ] Leaving safepoint region
[2019-12-08T12:16:04.272+0000][1][safepoint    ] Total time for which application threads were stopped: 0.0000820 seconds, Stopping threads took: 0.0000189 seconds
[2019-12-08T12:16:05.272+0000][1][safepoint    ] Application time: 1.0000778 seconds
[2019-12-08T12:16:05.272+0000][1][safepoint    ] Entering safepoint region: Cleanup
[2019-12-08T12:16:05.273+0000][1][safepoint    ] Leaving safepoint region
[2019-12-08T12:16:05.273+0000][1][safepoint    ] Total time for which application threads were stopped: 0.0000770 seconds, Stopping threads took: 0.0000210 seconds
[2019-12-08T12:16:06.273+0000][1][safepoint    ] Application time: 1.0000377 seconds
[2019-12-08T12:16:06.273+0000][1][safepoint    ] Entering safepoint region: Cleanup
[2019-12-08T12:16:06.273+0000][1][safepoint    ] Leaving safepoint region
[2019-12-08T12:16:06.273+0000][1][safepoint    ] Total time for which application threads were stopped: 0.0000851 seconds, Stopping threads took: 0.0000186 seconds
[2019-12-08T12:16:07.273+0000][1][safepoint    ] Application time: 1.0000787 seconds
[2019-12-08T12:16:07.273+0000][1][safepoint    ] Entering safepoint region: Cleanup
[2019-12-08T12:16:07.273+0000][1][safepoint    ] Leaving safepoint region
[2019-12-08T12:16:07.273+0000][1][safepoint    ] Total time for which application threads were stopped: 0.0000749 seconds, Stopping threads took: 0.0000197 seconds
[2019-12-08T12:16:08.273+0000][1][safepoint    ] Application time: 1.0000775 seconds
[2019-12-08T12:16:08.273+0000][1][safepoint    ] Entering safepoint region: Cleanup
[2019-12-08T12:16:08.273+0000][1][safepoint    ] Leaving safepoint region
[2019-12-08T12:16:08.273+0000][1][safepoint    ] Total time for which application threads were stopped: 0.0000789 seconds, Stopping threads took: 0.0000226 seconds
[2019-12-08T12:16:09.273+0000][1][safepoint    ] Application time: 1.0000760 seconds
[2019-12-08T12:16:09.273+0000][1][safepoint    ] Entering safepoint region: Cleanup
[2019-12-08T12:16:09.273+0000][1][safepoint    ] Leaving safepoint region
[2019-12-08T12:16:09.273+0000][1][safepoint    ] Total time for which application threads were stopped: 0.0000747 seconds, Stopping threads took: 0.0000198 seconds
[2019-12-08T12:16:10.273+0000][1][safepoint    ] Application time: 1.0000750 seconds
[2019-12-08T12:16:10.273+0000][1][safepoint    ] Entering safepoint region: Cleanup
[2019-12-08T12:16:10.273+0000][1][safepoint    ] Leaving safepoint region
[2019-12-08T12:16:10.273+0000][1][safepoint    ] Total time for which application threads were stopped: 0.0000772 seconds, Stopping threads took: 0.0000193 seconds
[2019-12-08T12:16:11.274+0000][1][safepoint    ] Application time: 1.0000772 seconds
[2019-12-08T12:16:11.274+0000][1][safepoint    ] Entering safepoint region: Cleanup
[2019-12-08T12:16:11.274+0000][1][safepoint    ] Leaving safepoint region
[2019-12-08T12:16:11.274+0000][1][safepoint    ] Total time for which application threads were stopped: 0.0000735 seconds, Stopping threads took: 0.0000190 seconds
[2019-12-08T12:16:12.274+0000][1][safepoint    ] Application time: 1.0000844 seconds
[2019-12-08T12:16:12.274+0000][1][safepoint    ] Entering safepoint region: Cleanup
[2019-12-08T12:16:12.274+0000][1][safepoint    ] Leaving safepoint region
[2019-12-08T12:16:12.274+0000][1][safepoint    ] Total time for which application threads were stopped: 0.0000717 seconds, Stopping threads took: 0.0000173 seconds
[2019-12-08T12:16:13.274+0000][1][safepoint    ] Application time: 1.0000755 seconds
[2019-12-08T12:16:13.274+0000][1][safepoint    ] Entering safepoint region: Cleanup
[2019-12-08T12:16:13.274+0000][1][safepoint    ] Leaving safepoint region
[2019-12-08T12:16:13.274+0000][1][safepoint    ] Total time for which application threads were stopped: 0.0000752 seconds, Stopping threads took: 0.0000246 seconds
[2019-12-08T12:16:14.274+0000][1][safepoint    ] Application time: 1.0000778 seconds
[2019-12-08T12:16:14.274+0000][1][safepoint    ] Entering safepoint region: Cleanup
[2019-12-08T12:16:14.274+0000][1][safepoint    ] Leaving safepoint region
[2019-12-08T12:16:14.274+0000][1][safepoint    ] Total time for which application threads were stopped: 0.0000794 seconds, Stopping threads took: 0.0000198 seconds
[2019-12-08T12:16:15.274+0000][1][safepoint    ] Application time: 1.0000777 seconds
[2019-12-08T12:16:15.274+0000][1][safepoint    ] Entering safepoint region: Cleanup
[2019-12-08T12:16:15.274+0000][1][safepoint    ] Leaving safepoint region
[2019-12-08T12:16:15.274+0000][1][safepoint    ] Total time for which application threads were stopped: 0.0000718 seconds, Stopping threads took: 0.0000195 seconds
[2019-12-08T12:16:16.275+0000][1][safepoint    ] Application time: 1.0000781 seconds
[2019-12-08T12:16:16.275+0000][1][safepoint    ] Entering safepoint region: Cleanup
[2019-12-08T12:16:16.275+0000][1][safepoint    ] Leaving safepoint region
[2019-12-08T12:16:16.275+0000][1][safepoint    ] Total time for which application threads were stopped: 0.0000728 seconds, Stopping threads took: 0.0000196 seconds
[2019-12-08T12:16:17.275+0000][1][safepoint    ] Application time: 1.0000762 seconds
[2019-12-08T12:16:17.275+0000][1][safepoint    ] Entering safepoint region: Cleanup
[2019-12-08T12:16:17.275+0000][1][safepoint    ] Leaving safepoint region
[2019-12-08T12:16:17.275+0000][1][safepoint    ] Total time for which application threads were stopped: 0.0000696 seconds, Stopping threads took: 0.0000179 seconds
[2019-12-08T12:16:18.275+0000][1][safepoint    ] Application time: 1.0000772 seconds
[2019-12-08T12:16:18.275+0000][1][safepoint    ] Entering safepoint region: Cleanup
[2019-12-08T12:16:18.275+0000][1][safepoint    ] Leaving safepoint region
[2019-12-08T12:16:18.275+0000][1][safepoint    ] Total time for which application threads were stopped: 0.0000703 seconds, Stopping threads took: 0.0000170 seconds
[2019-12-08T12:16:19.275+0000][1][safepoint    ] Application time: 1.0000739 seconds
[2019-12-08T12:16:19.275+0000][1][safepoint    ] Entering safepoint region: Cleanup
[2019-12-08T12:16:19.275+0000][1][safepoint    ] Leaving safepoint region
[2019-12-08T12:16:19.275+0000][1][safepoint    ] Total time for which application threads were stopped: 0.0000746 seconds, Stopping threads took: 0.0000201 seconds
[2019-12-08T12:16:20.275+0000][1][safepoint    ] Application time: 1.0000759 seconds
[2019-12-08T12:16:20.275+0000][1][safepoint    ] Entering safepoint region: Cleanup
[2019-12-08T12:16:20.275+0000][1][safepoint    ] Leaving safepoint region
[2019-12-08T12:16:20.275+0000][1][safepoint    ] Total time for which application threads were stopped: 0.0000729 seconds, Stopping threads took: 0.0000183 seconds
[2019-12-08T12:16:21.275+0000][1][safepoint    ] Application time: 1.0000766 seconds
[2019-12-08T12:16:21.276+0000][1][safepoint    ] Entering safepoint region: Cleanup
[2019-12-08T12:16:21.276+0000][1][safepoint    ] Leaving safepoint region
[2019-12-08T12:16:21.276+0000][1][safepoint    ] Total time for which application threads were stopped: 0.0000712 seconds, Stopping threads took: 0.0000200 seconds
[2019-12-08T12:16:22.276+0000][1][safepoint    ] Application time: 1.0000786 seconds
[2019-12-08T12:16:22.276+0000][1][safepoint    ] Entering safepoint region: Cleanup
[2019-12-08T12:16:22.276+0000][1][safepoint    ] Leaving safepoint region
[2019-12-08T12:16:22.276+0000][1][safepoint    ] Total time for which application threads were stopped: 0.0000738 seconds, Stopping threads took: 0.0000202 seconds
[2019-12-08T12:16:23.277+0000][1][safepoint    ] Application time: 1.0009110 seconds
[2019-12-08T12:16:23.277+0000][1][safepoint    ] Entering safepoint region: Cleanup
[2019-12-08T12:16:23.277+0000][1][safepoint    ] Leaving safepoint region
[2019-12-08T12:16:23.277+0000][1][safepoint    ] Total time for which application threads were stopped: 0.0000992 seconds, Stopping threads took: 0.0000242 seconds
[2019-12-08T12:16:24.277+0000][1][safepoint    ] Application time: 1.0000780 seconds
[2019-12-08T12:16:24.277+0000][1][safepoint    ] Entering safepoint region: Cleanup
[2019-12-08T12:16:24.277+0000][1][safepoint    ] Leaving safepoint region
[2019-12-08T12:16:24.277+0000][1][safepoint    ] Total time for which application threads were stopped: 0.0000742 seconds, Stopping threads took: 0.0000193 seconds
[2019-12-08T12:16:25.277+0000][1][safepoint    ] Application time: 1.0000815 seconds
[2019-12-08T12:16:25.277+0000][1][safepoint    ] Entering safepoint region: Cleanup
[2019-12-08T12:16:25.277+0000][1][safepoint    ] Leaving safepoint region
[2019-12-08T12:16:25.277+0000][1][safepoint    ] Total time for which application threads were stopped: 0.0000737 seconds, Stopping threads took: 0.0000194 seconds
[2019-12-08T12:16:26.277+0000][1][safepoint    ] Application time: 1.0000793 seconds
[2019-12-08T12:16:26.277+0000][1][safepoint    ] Entering safepoint region: Cleanup
[2019-12-08T12:16:26.277+0000][1][safepoint    ] Leaving safepoint region
[2019-12-08T12:16:26.277+0000][1][safepoint    ] Total time for which application threads were stopped: 0.0000692 seconds, Stopping threads took: 0.0000180 seconds
[2019-12-08T12:16:27.278+0000][1][safepoint    ] Application time: 1.0000756 seconds
[2019-12-08T12:16:27.278+0000][1][safepoint    ] Entering safepoint region: Cleanup
[2019-12-08T12:16:27.278+0000][1][safepoint    ] Leaving safepoint region
[2019-12-08T12:16:27.278+0000][1][safepoint    ] Total time for which application threads were stopped: 0.0000709 seconds, Stopping threads took: 0.0000182 seconds
[2019-12-08T12:16:28.278+0000][1][safepoint    ] Application time: 1.0000780 seconds
[2019-12-08T12:16:28.278+0000][1][safepoint    ] Entering safepoint region: Cleanup
[2019-12-08T12:16:28.278+0000][1][safepoint    ] Leaving safepoint region
[2019-12-08T12:16:28.278+0000][1][safepoint    ] Total time for which application threads were stopped: 0.0000739 seconds, Stopping threads took: 0.0000182 seconds
[2019-12-08T12:16:29.278+0000][1][safepoint    ] Application time: 1.0000760 seconds
[2019-12-08T12:16:29.278+0000][1][safepoint    ] Entering safepoint region: Cleanup
[2019-12-08T12:16:29.278+0000][1][safepoint    ] Leaving safepoint region
[2019-12-08T12:16:29.278+0000][1][safepoint    ] Total time for which application threads were stopped: 0.0000756 seconds, Stopping threads took: 0.0000191 seconds
[2019-12-08T12:16:30.278+0000][1][safepoint    ] Application time: 1.0000794 seconds
[2019-12-08T12:16:30.278+0000][1][safepoint    ] Entering safepoint region: Cleanup
[2019-12-08T12:16:30.278+0000][1][safepoint    ] Leaving safepoint region
[2019-12-08T12:16:30.278+0000][1][safepoint    ] Total time for which application threads were stopped: 0.0000755 seconds, Stopping threads took: 0.0000198 seconds
[2019-12-08T12:16:31.278+0000][1][safepoint    ] Application time: 1.0000753 seconds
[2019-12-08T12:16:31.278+0000][1][safepoint    ] Entering safepoint region: Cleanup
[2019-12-08T12:16:31.278+0000][1][safepoint    ] Leaving safepoint region
[2019-12-08T12:16:31.278+0000][1][safepoint    ] Total time for which application threads were stopped: 0.0000712 seconds, Stopping threads took: 0.0000190 seconds
[2019-12-08T12:16:32.279+0000][1][safepoint    ] Application time: 1.0000819 seconds
[2019-12-08T12:16:32.279+0000][1][safepoint    ] Entering safepoint region: Cleanup
[2019-12-08T12:16:32.279+0000][1][safepoint    ] Leaving safepoint region
[2019-12-08T12:16:32.279+0000][1][safepoint    ] Total time for which application threads were stopped: 0.0001006 seconds, Stopping threads took: 0.0000252 seconds
[2019-12-08T12:16:32.502+0000][1][safepoint    ] Application time: 0.2231143 seconds
[2019-12-08T12:16:32.502+0000][1][safepoint    ] Entering safepoint region: GenCollectForAllocation
[2019-12-08T12:16:32.502+0000][1][gc,start     ] GC(43) Pause Young (Allocation Failure)
[2019-12-08T12:16:32.502+0000][1][gc,task      ] GC(43) Using 4 workers of 4 for evacuation
[2019-12-08T12:16:32.503+0000][1][gc,age       ] GC(43) Desired survivor size 4456448 bytes, new threshold 6 (max threshold 6)
[2019-12-08T12:16:32.503+0000][1][gc,age       ] GC(43) Age table with threshold 6 (max threshold 6)
[2019-12-08T12:16:32.503+0000][1][gc,age       ] GC(43) - age   1:       5824 bytes,       5824 total
[2019-12-08T12:16:32.503+0000][1][gc,age       ] GC(43) - age   2:        312 bytes,       6136 total
[2019-12-08T12:16:32.503+0000][1][gc,age       ] GC(43) - age   3:         88 bytes,       6224 total
[2019-12-08T12:16:32.503+0000][1][gc,age       ] GC(43) - age   5:        152 bytes,       6376 total
[2019-12-08T12:16:32.503+0000][1][gc,heap      ] GC(43) ParNew: 69962K->10K(78656K)
[2019-12-08T12:16:32.503+0000][1][gc,heap      ] GC(43) CMS: 70072K->70074K(174784K)
[2019-12-08T12:16:32.503+0000][1][gc,metaspace ] GC(43) Metaspace: 69080K->69080K(1112064K)
[2019-12-08T12:16:32.503+0000][1][gc           ] GC(43) Pause Young (Allocation Failure) 136M->68M(247M) 1.039ms
[2019-12-08T12:16:32.503+0000][1][gc,cpu       ] GC(43) User=0.00s Sys=0.00s Real=0.00s
[2019-12-08T12:16:32.503+0000][1][safepoint    ] Leaving safepoint region
[2019-12-08T12:16:32.503+0000][1][safepoint    ] Total time for which application threads were stopped: 0.0011794 seconds, Stopping threads took: 0.0000168 seconds
[2019-12-08T12:16:33.503+0000][1][safepoint    ] Application time: 1.0000860 seconds
[2019-12-08T12:16:33.503+0000][1][safepoint    ] Entering safepoint region: Cleanup
[2019-12-08T12:16:33.503+0000][1][safepoint    ] Leaving safepoint region
[2019-12-08T12:16:33.503+0000][1][safepoint    ] Total time for which application threads were stopped: 0.0000711 seconds, Stopping threads took: 0.0000178 seconds
[2019-12-08T12:16:34.503+0000][1][safepoint    ] Application time: 1.0000795 seconds
[2019-12-08T12:16:34.503+0000][1][safepoint    ] Entering safepoint region: Cleanup
[2019-12-08T12:16:34.503+0000][1][safepoint    ] Leaving safepoint region
[2019-12-08T12:16:34.503+0000][1][safepoint    ] Total time for which application threads were stopped: 0.0000725 seconds, Stopping threads took: 0.0000182 seconds
[2019-12-08T12:16:35.503+0000][1][safepoint    ] Application time: 1.0000766 seconds
[2019-12-08T12:16:35.504+0000][1][safepoint    ] Entering safepoint region: Cleanup
[2019-12-08T12:16:35.504+0000][1][safepoint    ] Leaving safepoint region
[2019-12-08T12:16:35.504+0000][1][safepoint    ] Total time for which application threads were stopped: 0.0000748 seconds, Stopping threads took: 0.0000201 seconds
[2019-12-08T12:16:36.504+0000][1][safepoint    ] Application time: 1.0000775 seconds
[2019-12-08T12:16:36.504+0000][1][safepoint    ] Entering safepoint region: Cleanup
[2019-12-08T12:16:36.504+0000][1][safepoint    ] Leaving safepoint region
[2019-12-08T12:16:36.504+0000][1][safepoint    ] Total time for which application threads were stopped: 0.0000761 seconds, Stopping threads took: 0.0000233 seconds
[2019-12-08T12:16:37.504+0000][1][safepoint    ] Application time: 1.0000807 seconds
[2019-12-08T12:16:37.504+0000][1][safepoint    ] Entering safepoint region: Cleanup
[2019-12-08T12:16:37.504+0000][1][safepoint    ] Leaving safepoint region
[2019-12-08T12:16:37.504+0000][1][safepoint    ] Total time for which application threads were stopped: 0.0001153 seconds, Stopping threads took: 0.0000588 seconds
[2019-12-08T12:16:38.504+0000][1][safepoint    ] Application time: 1.0000847 seconds
[2019-12-08T12:16:38.504+0000][1][safepoint    ] Entering safepoint region: Cleanup
[2019-12-08T12:16:38.504+0000][1][safepoint    ] Leaving safepoint region
[2019-12-08T12:16:38.504+0000][1][safepoint    ] Total time for which application threads were stopped: 0.0000750 seconds, Stopping threads took: 0.0000196 seconds
[2019-12-08T12:16:39.504+0000][1][safepoint    ] Application time: 1.0000740 seconds
[2019-12-08T12:16:39.504+0000][1][safepoint    ] Entering safepoint region: Cleanup
[2019-12-08T12:16:39.504+0000][1][safepoint    ] Leaving safepoint region
[2019-12-08T12:16:39.504+0000][1][safepoint    ] Total time for which application threads were stopped: 0.0000728 seconds, Stopping threads took: 0.0000190 seconds
[2019-12-08T12:16:40.504+0000][1][safepoint    ] Application time: 1.0000766 seconds
[2019-12-08T12:16:40.505+0000][1][safepoint    ] Entering safepoint region: Cleanup
[2019-12-08T12:16:40.505+0000][1][safepoint    ] Leaving safepoint region
[2019-12-08T12:16:40.505+0000][1][safepoint    ] Total time for which application threads were stopped: 0.0000725 seconds, Stopping threads took: 0.0000194 seconds
[2019-12-08T12:16:41.505+0000][1][safepoint    ] Application time: 1.0000787 seconds
[2019-12-08T12:16:41.505+0000][1][safepoint    ] Entering safepoint region: Cleanup
[2019-12-08T12:16:41.505+0000][1][safepoint    ] Leaving safepoint region
[2019-12-08T12:16:41.505+0000][1][safepoint    ] Total time for which application threads were stopped: 0.0000734 seconds, Stopping threads took: 0.0000189 seconds
[2019-12-08T12:16:42.505+0000][1][safepoint    ] Application time: 1.0000765 seconds
[2019-12-08T12:16:42.505+0000][1][safepoint    ] Entering safepoint region: Cleanup
[2019-12-08T12:16:42.505+0000][1][safepoint    ] Leaving safepoint region
[2019-12-08T12:16:42.505+0000][1][safepoint    ] Total time for which application threads were stopped: 0.0000743 seconds, Stopping threads took: 0.0000194 seconds
[2019-12-08T12:16:43.505+0000][1][safepoint    ] Application time: 1.0000770 seconds
[2019-12-08T12:16:43.505+0000][1][safepoint    ] Entering safepoint region: Cleanup
[2019-12-08T12:16:43.505+0000][1][safepoint    ] Leaving safepoint region
[2019-12-08T12:16:43.505+0000][1][safepoint    ] Total time for which application threads were stopped: 0.0000709 seconds, Stopping threads took: 0.0000177 seconds
[2019-12-08T12:16:44.505+0000][1][safepoint    ] Application time: 1.0000777 seconds
[2019-12-08T12:16:44.505+0000][1][safepoint    ] Entering safepoint region: Cleanup
[2019-12-08T12:16:44.505+0000][1][safepoint    ] Leaving safepoint region
[2019-12-08T12:16:44.505+0000][1][safepoint    ] Total time for which application threads were stopped: 0.0000749 seconds, Stopping threads took: 0.0000199 seconds
[2019-12-08T12:16:45.505+0000][1][safepoint    ] Application time: 1.0000779 seconds
[2019-12-08T12:16:45.506+0000][1][safepoint    ] Entering safepoint region: Cleanup
[2019-12-08T12:16:45.506+0000][1][safepoint    ] Leaving safepoint region
[2019-12-08T12:16:45.506+0000][1][safepoint    ] Total time for which application threads were stopped: 0.0000770 seconds, Stopping threads took: 0.0000225 seconds
[2019-12-08T12:16:46.506+0000][1][safepoint    ] Application time: 1.0000783 seconds
[2019-12-08T12:16:46.506+0000][1][safepoint    ] Entering safepoint region: Cleanup
[2019-12-08T12:16:46.506+0000][1][safepoint    ] Leaving safepoint region
[2019-12-08T12:16:46.506+0000][1][safepoint    ] Total time for which application threads were stopped: 0.0000743 seconds, Stopping threads took: 0.0000200 seconds
[2019-12-08T12:16:47.506+0000][1][safepoint    ] Application time: 1.0000878 seconds
[2019-12-08T12:16:47.506+0000][1][safepoint    ] Entering safepoint region: Cleanup
[2019-12-08T12:16:47.506+0000][1][safepoint    ] Leaving safepoint region
[2019-12-08T12:16:47.506+0000][1][safepoint    ] Total time for which application threads were stopped: 0.0000747 seconds, Stopping threads took: 0.0000203 seconds
[2019-12-08T12:16:48.506+0000][1][safepoint    ] Application time: 1.0000796 seconds
[2019-12-08T12:16:48.506+0000][1][safepoint    ] Entering safepoint region: Cleanup
[2019-12-08T12:16:48.506+0000][1][safepoint    ] Leaving safepoint region
[2019-12-08T12:16:48.506+0000][1][safepoint    ] Total time for which application threads were stopped: 0.0000722 seconds, Stopping threads took: 0.0000191 seconds
[2019-12-08T12:16:49.506+0000][1][safepoint    ] Application time: 1.0000777 seconds
[2019-12-08T12:16:49.506+0000][1][safepoint    ] Entering safepoint region: Cleanup
[2019-12-08T12:16:49.506+0000][1][safepoint    ] Leaving safepoint region
[2019-12-08T12:16:49.506+0000][1][safepoint    ] Total time for which application threads were stopped: 0.0000731 seconds, Stopping threads took: 0.0000198 seconds
[2019-12-08T12:16:50.506+0000][1][safepoint    ] Application time: 1.0000827 seconds
[2019-12-08T12:16:50.507+0000][1][safepoint    ] Entering safepoint region: Cleanup
[2019-12-08T12:16:50.507+0000][1][safepoint    ] Leaving safepoint region
[2019-12-08T12:16:50.507+0000][1][safepoint    ] Total time for which application threads were stopped: 0.0000726 seconds, Stopping threads took: 0.0000199 seconds
[2019-12-08T12:16:51.507+0000][1][safepoint    ] Application time: 1.0000796 seconds
[2019-12-08T12:16:51.507+0000][1][safepoint    ] Entering safepoint region: Cleanup
[2019-12-08T12:16:51.507+0000][1][safepoint    ] Leaving safepoint region
[2019-12-08T12:16:51.507+0000][1][safepoint    ] Total time for which application threads were stopped: 0.0000720 seconds, Stopping threads took: 0.0000188 seconds
[2019-12-08T12:16:52.507+0000][1][safepoint    ] Application time: 1.0000787 seconds
[2019-12-08T12:16:52.507+0000][1][safepoint    ] Entering safepoint region: Cleanup
[2019-12-08T12:16:52.507+0000][1][safepoint    ] Leaving safepoint region
[2019-12-08T12:16:52.507+0000][1][safepoint    ] Total time for which application threads were stopped: 0.0000793 seconds, Stopping threads took: 0.0000244 seconds
[2019-12-08T12:16:53.507+0000][1][safepoint    ] Application time: 1.0000790 seconds
[2019-12-08T12:16:53.507+0000][1][safepoint    ] Entering safepoint region: Cleanup
[2019-12-08T12:16:53.507+0000][1][safepoint    ] Leaving safepoint region
[2019-12-08T12:16:53.507+0000][1][safepoint    ] Total time for which application threads were stopped: 0.0000738 seconds, Stopping threads took: 0.0000196 seconds
[2019-12-08T12:16:54.507+0000][1][safepoint    ] Application time: 1.0000753 seconds
[2019-12-08T12:16:54.507+0000][1][safepoint    ] Entering safepoint region: Cleanup
[2019-12-08T12:16:54.507+0000][1][safepoint    ] Leaving safepoint region
[2019-12-08T12:16:54.507+0000][1][safepoint    ] Total time for which application threads were stopped: 0.0000779 seconds, Stopping threads took: 0.0000182 seconds
[2019-12-08T12:16:55.507+0000][1][safepoint    ] Application time: 1.0000758 seconds
[2019-12-08T12:16:55.508+0000][1][safepoint    ] Entering safepoint region: Cleanup
[2019-12-08T12:16:55.508+0000][1][safepoint    ] Leaving safepoint region
[2019-12-08T12:16:55.508+0000][1][safepoint    ] Total time for which application threads were stopped: 0.0000727 seconds, Stopping threads took: 0.0000196 seconds
[2019-12-08T12:16:56.508+0000][1][safepoint    ] Application time: 1.0000785 seconds
[2019-12-08T12:16:56.508+0000][1][safepoint    ] Entering safepoint region: Cleanup
[2019-12-08T12:16:56.508+0000][1][safepoint    ] Leaving safepoint region
[2019-12-08T12:16:56.508+0000][1][safepoint    ] Total time for which application threads were stopped: 0.0000762 seconds, Stopping threads took: 0.0000218 seconds
[2019-12-08T12:16:57.508+0000][1][safepoint    ] Application time: 1.0000772 seconds
[2019-12-08T12:16:57.508+0000][1][safepoint    ] Entering safepoint region: Cleanup
[2019-12-08T12:16:57.508+0000][1][safepoint    ] Leaving safepoint region
[2019-12-08T12:16:57.508+0000][1][safepoint    ] Total time for which application threads were stopped: 0.0000774 seconds, Stopping threads took: 0.0000206 seconds
[2019-12-08T12:16:58.508+0000][1][safepoint    ] Application time: 1.0000750 seconds
[2019-12-08T12:16:58.508+0000][1][safepoint    ] Entering safepoint region: Cleanup
[2019-12-08T12:16:58.508+0000][1][safepoint    ] Leaving safepoint region
[2019-12-08T12:16:58.508+0000][1][safepoint    ] Total time for which application threads were stopped: 0.0000712 seconds, Stopping threads took: 0.0000173 seconds
[2019-12-08T12:16:59.508+0000][1][safepoint    ] Application time: 1.0000758 seconds
[2019-12-08T12:16:59.508+0000][1][safepoint    ] Entering safepoint region: Cleanup
[2019-12-08T12:16:59.508+0000][1][safepoint    ] Leaving safepoint region
[2019-12-08T12:16:59.508+0000][1][safepoint    ] Total time for which application threads were stopped: 0.0000727 seconds, Stopping threads took: 0.0000188 seconds
[2019-12-08T12:17:00.508+0000][1][safepoint    ] Application time: 1.0000761 seconds
[2019-12-08T12:17:00.508+0000][1][safepoint    ] Entering safepoint region: Cleanup
[2019-12-08T12:17:00.509+0000][1][safepoint    ] Leaving safepoint region
[2019-12-08T12:17:00.509+0000][1][safepoint    ] Total time for which application threads were stopped: 0.0000781 seconds, Stopping threads took: 0.0000195 seconds
[2019-12-08T12:17:01.509+0000][1][safepoint    ] Application time: 1.0000818 seconds
[2019-12-08T12:17:01.509+0000][1][safepoint    ] Entering safepoint region: Cleanup
[2019-12-08T12:17:01.509+0000][1][safepoint    ] Leaving safepoint region
[2019-12-08T12:17:01.509+0000][1][safepoint    ] Total time for which application threads were stopped: 0.0000861 seconds, Stopping threads took: 0.0000305 seconds
[2019-12-08T12:17:02.509+0000][1][safepoint    ] Application time: 1.0000780 seconds
[2019-12-08T12:17:02.509+0000][1][safepoint    ] Entering safepoint region: Cleanup
[2019-12-08T12:17:02.509+0000][1][safepoint    ] Leaving safepoint region
[2019-12-08T12:17:02.509+0000][1][safepoint    ] Total time for which application threads were stopped: 0.0000835 seconds, Stopping threads took: 0.0000242 seconds
[2019-12-08T12:17:03.509+0000][1][safepoint    ] Application time: 1.0000789 seconds
[2019-12-08T12:17:03.509+0000][1][safepoint    ] Entering safepoint region: Cleanup
[2019-12-08T12:17:03.509+0000][1][safepoint    ] Leaving safepoint region
[2019-12-08T12:17:03.509+0000][1][safepoint    ] Total time for which application threads were stopped: 0.0000740 seconds, Stopping threads took: 0.0000192 seconds
[2019-12-08T12:17:04.509+0000][1][safepoint    ] Application time: 1.0000824 seconds
[2019-12-08T12:17:04.509+0000][1][safepoint    ] Entering safepoint region: Cleanup
[2019-12-08T12:17:04.509+0000][1][safepoint    ] Leaving safepoint region
[2019-12-08T12:17:04.509+0000][1][safepoint    ] Total time for which application threads were stopped: 0.0000792 seconds, Stopping threads took: 0.0000196 seconds
[2019-12-08T12:17:05.509+0000][1][safepoint    ] Application time: 1.0000810 seconds
[2019-12-08T12:17:05.510+0000][1][safepoint    ] Entering safepoint region: Cleanup
[2019-12-08T12:17:05.510+0000][1][safepoint    ] Leaving safepoint region
[2019-12-08T12:17:05.510+0000][1][safepoint    ] Total time for which application threads were stopped: 0.0000774 seconds, Stopping threads took: 0.0000207 seconds
[2019-12-08T12:17:06.510+0000][1][safepoint    ] Application time: 1.0000790 seconds
[2019-12-08T12:17:06.510+0000][1][safepoint    ] Entering safepoint region: Cleanup
[2019-12-08T12:17:06.510+0000][1][safepoint    ] Leaving safepoint region
[2019-12-08T12:17:06.510+0000][1][safepoint    ] Total time for which application threads were stopped: 0.0000861 seconds, Stopping threads took: 0.0000237 seconds
[2019-12-08T12:17:07.510+0000][1][safepoint    ] Application time: 1.0000806 seconds
[2019-12-08T12:17:07.510+0000][1][safepoint    ] Entering safepoint region: Cleanup
[2019-12-08T12:17:07.510+0000][1][safepoint    ] Leaving safepoint region
[2019-12-08T12:17:07.510+0000][1][safepoint    ] Total time for which application threads were stopped: 0.0000742 seconds, Stopping threads took: 0.0000196 seconds
[2019-12-08T12:17:08.510+0000][1][safepoint    ] Application time: 1.0000884 seconds
[2019-12-08T12:17:08.510+0000][1][safepoint    ] Entering safepoint region: Cleanup
[2019-12-08T12:17:08.510+0000][1][safepoint    ] Leaving safepoint region
[2019-12-08T12:17:08.510+0000][1][safepoint    ] Total time for which application threads were stopped: 0.0000908 seconds, Stopping threads took: 0.0000206 seconds
[2019-12-08T12:17:09.510+0000][1][safepoint    ] Application time: 1.0000770 seconds
[2019-12-08T12:17:09.510+0000][1][safepoint    ] Entering safepoint region: Cleanup
[2019-12-08T12:17:09.510+0000][1][safepoint    ] Leaving safepoint region
[2019-12-08T12:17:09.510+0000][1][safepoint    ] Total time for which application threads were stopped: 0.0000725 seconds, Stopping threads took: 0.0000192 seconds
[2019-12-08T12:17:10.510+0000][1][safepoint    ] Application time: 1.0000793 seconds
[2019-12-08T12:17:10.511+0000][1][safepoint    ] Entering safepoint region: Cleanup
[2019-12-08T12:17:10.511+0000][1][safepoint    ] Leaving safepoint region
[2019-12-08T12:17:10.511+0000][1][safepoint    ] Total time for which application threads were stopped: 0.0000835 seconds, Stopping threads took: 0.0000218 seconds
[2019-12-08T12:17:11.511+0000][1][safepoint    ] Application time: 1.0000910 seconds
[2019-12-08T12:17:11.511+0000][1][safepoint    ] Entering safepoint region: Cleanup
[2019-12-08T12:17:11.511+0000][1][safepoint    ] Leaving safepoint region
[2019-12-08T12:17:11.511+0000][1][safepoint    ] Total time for which application threads were stopped: 0.0000757 seconds, Stopping threads took: 0.0000210 seconds
[2019-12-08T12:17:12.511+0000][1][safepoint    ] Application time: 1.0000797 seconds
[2019-12-08T12:17:12.511+0000][1][safepoint    ] Entering safepoint region: Cleanup
[2019-12-08T12:17:12.511+0000][1][safepoint    ] Leaving safepoint region
[2019-12-08T12:17:12.511+0000][1][safepoint    ] Total time for which application threads were stopped: 0.0001021 seconds, Stopping threads took: 0.0000262 seconds
[2019-12-08T12:17:13.511+0000][1][safepoint    ] Application time: 1.0000869 seconds
[2019-12-08T12:17:13.511+0000][1][safepoint    ] Entering safepoint region: Cleanup
[2019-12-08T12:17:13.511+0000][1][safepoint    ] Leaving safepoint region
[2019-12-08T12:17:13.511+0000][1][safepoint    ] Total time for which application threads were stopped: 0.0000853 seconds, Stopping threads took: 0.0000288 seconds
[2019-12-08T12:17:14.209+0000][1][safepoint    ] Application time: 0.6977238 seconds
[2019-12-08T12:17:14.209+0000][1][safepoint    ] Entering safepoint region: RevokeBias
[2019-12-08T12:17:14.209+0000][1][safepoint    ] Leaving safepoint region
[2019-12-08T12:17:14.209+0000][1][safepoint    ] Total time for which application threads were stopped: 0.0001263 seconds, Stopping threads took: 0.0000362 seconds
[2019-12-08T12:17:14.210+0000][1][safepoint    ] Application time: 0.0006373 seconds
[2019-12-08T12:17:14.210+0000][1][safepoint    ] Entering safepoint region: RevokeBias
[2019-12-08T12:17:14.210+0000][1][safepoint    ] Leaving safepoint region
[2019-12-08T12:17:14.210+0000][1][safepoint    ] Total time for which application threads were stopped: 0.0000834 seconds, Stopping threads took: 0.0000187 seconds
[2019-12-08T12:17:14.219+0000][1][safepoint    ] Application time: 0.0087940 seconds
[2019-12-08T12:17:14.219+0000][1][safepoint    ] Entering safepoint region: RevokeBias
[2019-12-08T12:17:14.219+0000][1][safepoint    ] Leaving safepoint region
[2019-12-08T12:17:14.219+0000][1][safepoint    ] Total time for which application threads were stopped: 0.0000981 seconds, Stopping threads took: 0.0000267 seconds
[2019-12-08T12:17:14.225+0000][1][safepoint    ] Application time: 0.0057045 seconds
[2019-12-08T12:17:14.225+0000][1][safepoint    ] Entering safepoint region: RevokeBias
[2019-12-08T12:17:14.225+0000][1][safepoint    ] Leaving safepoint region
[2019-12-08T12:17:14.225+0000][1][safepoint    ] Total time for which application threads were stopped: 0.0000837 seconds, Stopping threads took: 0.0000162 seconds
[2019-12-08T12:17:14.228+0000][1][safepoint    ] Application time: 0.0030980 seconds
[2019-12-08T12:17:14.228+0000][1][safepoint    ] Entering safepoint region: RevokeBias
[2019-12-08T12:17:14.228+0000][1][safepoint    ] Leaving safepoint region
[2019-12-08T12:17:14.228+0000][1][safepoint    ] Total time for which application threads were stopped: 0.0000724 seconds, Stopping threads took: 0.0000169 seconds
[2019-12-08T12:17:14.230+0000][1][safepoint    ] Application time: 0.0020232 seconds
[2019-12-08T12:17:14.230+0000][1][safepoint    ] Entering safepoint region: RevokeBias
[2019-12-08T12:17:14.230+0000][1][safepoint    ] Leaving safepoint region
[2019-12-08T12:17:14.230+0000][1][safepoint    ] Total time for which application threads were stopped: 0.0000738 seconds, Stopping threads took: 0.0000150 seconds
[2019-12-08T12:17:14.230+0000][1][safepoint    ] Application time: 0.0002630 seconds
[2019-12-08T12:17:14.230+0000][1][safepoint    ] Entering safepoint region: RevokeBias
[2019-12-08T12:17:14.230+0000][1][safepoint    ] Leaving safepoint region
[2019-12-08T12:17:14.230+0000][1][safepoint    ] Total time for which application threads were stopped: 0.0000665 seconds, Stopping threads took: 0.0000113 seconds
[2019-12-08T12:17:14.231+0000][1][safepoint    ] Application time: 0.0009391 seconds
[2019-12-08T12:17:14.231+0000][1][safepoint    ] Entering safepoint region: RevokeBias
[2019-12-08T12:17:14.231+0000][1][safepoint    ] Leaving safepoint region
[2019-12-08T12:17:14.231+0000][1][safepoint    ] Total time for which application threads were stopped: 0.0001478 seconds, Stopping threads took: 0.0000955 seconds
[2019-12-08T12:17:14.236+0000][1][safepoint    ] Application time: 0.0047926 seconds
[2019-12-08T12:17:14.289+0000][1][safepoint    ] Entering safepoint region: RevokeBias
[2019-12-08T12:17:14.289+0000][1][safepoint    ] Leaving safepoint region
[2019-12-08T12:17:14.289+0000][1][safepoint    ] Total time for which application threads were stopped: 0.0529433 seconds, Stopping threads took: 0.0528251 seconds
[2019-12-08T12:17:14.292+0000][1][safepoint    ] Application time: 0.0022840 seconds
[2019-12-08T12:17:14.297+0000][1][safepoint    ] Entering safepoint region: RevokeBias
[2019-12-08T12:17:14.298+0000][1][safepoint    ] Leaving safepoint region
[2019-12-08T12:17:14.298+0000][1][safepoint    ] Total time for which application threads were stopped: 0.0060805 seconds, Stopping threads took: 0.0059289 seconds
[2019-12-08T12:17:14.298+0000][1][safepoint    ] Application time: 0.0007827 seconds
[2019-12-08T12:17:14.298+0000][1][safepoint    ] Entering safepoint region: RevokeBias
[2019-12-08T12:17:14.299+0000][1][safepoint    ] Leaving safepoint region
[2019-12-08T12:17:14.299+0000][1][safepoint    ] Total time for which application threads were stopped: 0.0000876 seconds, Stopping threads took: 0.0000168 seconds
[2019-12-08T12:17:14.299+0000][1][safepoint    ] Application time: 0.0001868 seconds
[2019-12-08T12:17:14.299+0000][1][safepoint    ] Entering safepoint region: RevokeBias
[2019-12-08T12:17:14.299+0000][1][safepoint    ] Leaving safepoint region
[2019-12-08T12:17:14.299+0000][1][safepoint    ] Total time for which application threads were stopped: 0.0000598 seconds, Stopping threads took: 0.0000114 seconds
[2019-12-08T12:17:14.299+0000][1][safepoint    ] Application time: 0.0001480 seconds
[2019-12-08T12:17:14.304+0000][1][safepoint    ] Entering safepoint region: RevokeBias
[2019-12-08T12:17:14.304+0000][1][safepoint    ] Leaving safepoint region
[2019-12-08T12:17:14.304+0000][1][safepoint    ] Total time for which application threads were stopped: 0.0049176 seconds, Stopping threads took: 0.0048495 seconds
[2019-12-08T12:17:14.316+0000][1][safepoint    ] Application time: 0.0119789 seconds
[2019-12-08T12:17:14.316+0000][1][safepoint    ] Entering safepoint region: RevokeBias
[2019-12-08T12:17:14.316+0000][1][safepoint    ] Leaving safepoint region
[2019-12-08T12:17:14.316+0000][1][safepoint    ] Total time for which application threads were stopped: 0.0000930 seconds, Stopping threads took: 0.0000184 seconds
[2019-12-08T12:17:14.333+0000][1][safepoint    ] Application time: 0.0167609 seconds
[2019-12-08T12:17:14.364+0000][1][safepoint    ] Entering safepoint region: RevokeBias
[2019-12-08T12:17:14.364+0000][1][safepoint    ] Leaving safepoint region
[2019-12-08T12:17:14.364+0000][1][safepoint    ] Total time for which application threads were stopped: 0.0311377 seconds, Stopping threads took: 0.0309599 seconds
[2019-12-08T12:17:14.377+0000][1][safepoint    ] Application time: 0.0135307 seconds
[2019-12-08T12:17:14.378+0000][1][safepoint    ] Entering safepoint region: RevokeBias
[2019-12-08T12:17:14.378+0000][1][safepoint    ] Leaving safepoint region
[2019-12-08T12:17:14.378+0000][1][safepoint    ] Total time for which application threads were stopped: 0.0001707 seconds, Stopping threads took: 0.0000550 seconds
[2019-12-08T12:17:14.378+0000][1][safepoint    ] Application time: 0.0003802 seconds
[2019-12-08T12:17:14.378+0000][1][safepoint    ] Entering safepoint region: RevokeBias
[2019-12-08T12:17:14.378+0000][1][safepoint    ] Leaving safepoint region
[2019-12-08T12:17:14.378+0000][1][safepoint    ] Total time for which application threads were stopped: 0.0000919 seconds, Stopping threads took: 0.0000162 seconds
[2019-12-08T12:17:14.380+0000][1][safepoint    ] Application time: 0.0017131 seconds
[2019-12-08T12:17:14.380+0000][1][safepoint    ] Entering safepoint region: RevokeBias
[2019-12-08T12:17:14.380+0000][1][safepoint    ] Leaving safepoint region
[2019-12-08T12:17:14.380+0000][1][safepoint    ] Total time for which application threads were stopped: 0.0000912 seconds, Stopping threads took: 0.0000147 seconds
[2019-12-08T12:17:14.381+0000][1][safepoint    ] Application time: 0.0005586 seconds
[2019-12-08T12:17:14.381+0000][1][safepoint    ] Entering safepoint region: RevokeBias
[2019-12-08T12:17:14.381+0000][1][safepoint    ] Leaving safepoint region
[2019-12-08T12:17:14.381+0000][1][safepoint    ] Total time for which application threads were stopped: 0.0000669 seconds, Stopping threads took: 0.0000125 seconds
[2019-12-08T12:17:14.381+0000][1][safepoint    ] Application time: 0.0003283 seconds
[2019-12-08T12:17:14.381+0000][1][safepoint    ] Entering safepoint region: RevokeBias
[2019-12-08T12:17:14.381+0000][1][safepoint    ] Leaving safepoint region
[2019-12-08T12:17:14.381+0000][1][safepoint    ] Total time for which application threads were stopped: 0.0000716 seconds, Stopping threads took: 0.0000292 seconds
[2019-12-08T12:17:14.381+0000][1][safepoint    ] Application time: 0.0000694 seconds
[2019-12-08T12:17:14.381+0000][1][safepoint    ] Entering safepoint region: RevokeBias
[2019-12-08T12:17:14.381+0000][1][safepoint    ] Leaving safepoint region
[2019-12-08T12:17:14.381+0000][1][safepoint    ] Total time for which application threads were stopped: 0.0000440 seconds, Stopping threads took: 0.0000085 seconds
[2019-12-08T12:17:14.381+0000][1][safepoint    ] Application time: 0.0000620 seconds
[2019-12-08T12:17:14.381+0000][1][safepoint    ] Entering safepoint region: RevokeBias
[2019-12-08T12:17:14.381+0000][1][safepoint    ] Leaving safepoint region
[2019-12-08T12:17:14.381+0000][1][safepoint    ] Total time for which application threads were stopped: 0.0000437 seconds, Stopping threads took: 0.0000092 seconds
[2019-12-08T12:17:14.381+0000][1][safepoint    ] Application time: 0.0001021 seconds
[2019-12-08T12:17:14.381+0000][1][safepoint    ] Entering safepoint region: RevokeBias
[2019-12-08T12:17:14.381+0000][1][safepoint    ] Leaving safepoint region
[2019-12-08T12:17:14.381+0000][1][safepoint    ] Total time for which application threads were stopped: 0.0000436 seconds, Stopping threads took: 0.0000088 seconds
[2019-12-08T12:17:14.382+0000][1][safepoint    ] Application time: 0.0000556 seconds
[2019-12-08T12:17:14.382+0000][1][safepoint    ] Entering safepoint region: RevokeBias
[2019-12-08T12:17:14.382+0000][1][safepoint    ] Leaving safepoint region
[2019-12-08T12:17:14.382+0000][1][safepoint    ] Total time for which application threads were stopped: 0.0000407 seconds, Stopping threads took: 0.0000083 seconds
[2019-12-08T12:17:14.382+0000][1][safepoint    ] Application time: 0.0002209 seconds
[2019-12-08T12:17:14.382+0000][1][safepoint    ] Entering safepoint region: RevokeBias
[2019-12-08T12:17:14.382+0000][1][safepoint    ] Leaving safepoint region
[2019-12-08T12:17:14.382+0000][1][safepoint    ] Total time for which application threads were stopped: 0.0000521 seconds, Stopping threads took: 0.0000109 seconds
[2019-12-08T12:17:14.382+0000][1][safepoint    ] Application time: 0.0000586 seconds
[2019-12-08T12:17:14.382+0000][1][safepoint    ] Entering safepoint region: RevokeBias
[2019-12-08T12:17:14.382+0000][1][safepoint    ] Leaving safepoint region
[2019-12-08T12:17:14.382+0000][1][safepoint    ] Total time for which application threads were stopped: 0.0000407 seconds, Stopping threads took: 0.0000083 seconds
[2019-12-08T12:17:14.382+0000][1][safepoint    ] Application time: 0.0003782 seconds
[2019-12-08T12:17:14.382+0000][1][safepoint    ] Entering safepoint region: RevokeBias
[2019-12-08T12:17:14.382+0000][1][safepoint    ] Leaving safepoint region
[2019-12-08T12:17:14.382+0000][1][safepoint    ] Total time for which application threads were stopped: 0.0000608 seconds, Stopping threads took: 0.0000119 seconds
[2019-12-08T12:17:14.470+0000][1][safepoint    ] Application time: 0.0876297 seconds
[2019-12-08T12:17:14.477+0000][1][safepoint    ] Entering safepoint region: RevokeBias
[2019-12-08T12:17:14.477+0000][1][safepoint    ] Leaving safepoint region
[2019-12-08T12:17:14.477+0000][1][safepoint    ] Total time for which application threads were stopped: 0.0067417 seconds, Stopping threads took: 0.0065909 seconds
[2019-12-08T12:17:14.478+0000][1][safepoint    ] Application time: 0.0009401 seconds
[2019-12-08T12:17:14.480+0000][1][safepoint    ] Entering safepoint region: RevokeBias
[2019-12-08T12:17:14.480+0000][1][safepoint    ] Leaving safepoint region
[2019-12-08T12:17:14.480+0000][1][safepoint    ] Total time for which application threads were stopped: 0.0026709 seconds, Stopping threads took: 0.0025606 seconds
[2019-12-08T12:17:14.483+0000][1][safepoint    ] Application time: 0.0024684 seconds
[2019-12-08T12:17:14.483+0000][1][safepoint    ] Entering safepoint region: RevokeBias
[2019-12-08T12:17:14.483+0000][1][safepoint    ] Leaving safepoint region
[2019-12-08T12:17:14.483+0000][1][safepoint    ] Total time for which application threads were stopped: 0.0001135 seconds, Stopping threads took: 0.0000168 seconds
[2019-12-08T12:17:14.485+0000][1][safepoint    ] Application time: 0.0021422 seconds
[2019-12-08T12:17:14.485+0000][1][safepoint    ] Entering safepoint region: RevokeBias
[2019-12-08T12:17:14.486+0000][1][safepoint    ] Leaving safepoint region
[2019-12-08T12:17:14.486+0000][1][safepoint    ] Total time for which application threads were stopped: 0.0006606 seconds, Stopping threads took: 0.0000139 seconds
[2019-12-08T12:17:14.498+0000][1][safepoint    ] Application time: 0.0115637 seconds
[2019-12-08T12:17:14.537+0000][1][safepoint    ] Entering safepoint region: RevokeBias
[2019-12-08T12:17:14.537+0000][1][safepoint    ] Leaving safepoint region
[2019-12-08T12:17:14.537+0000][1][safepoint    ] Total time for which application threads were stopped: 0.0394404 seconds, Stopping threads took: 0.0392260 seconds
[2019-12-08T12:17:14.540+0000][1][safepoint    ] Application time: 0.0032346 seconds
[2019-12-08T12:17:14.540+0000][1][safepoint    ] Entering safepoint region: RevokeBias
[2019-12-08T12:17:14.540+0000][1][safepoint    ] Leaving safepoint region
[2019-12-08T12:17:14.540+0000][1][safepoint    ] Total time for which application threads were stopped: 0.0001483 seconds, Stopping threads took: 0.0000188 seconds
[2019-12-08T12:17:14.553+0000][1][safepoint    ] Application time: 0.0123161 seconds
[2019-12-08T12:17:14.553+0000][1][safepoint    ] Entering safepoint region: RevokeBias
[2019-12-08T12:17:14.553+0000][1][safepoint    ] Leaving safepoint region
[2019-12-08T12:17:14.553+0000][1][safepoint    ] Total time for which application threads were stopped: 0.0001592 seconds, Stopping threads took: 0.0000468 seconds
[2019-12-08T12:17:14.554+0000][1][safepoint    ] Application time: 0.0007385 seconds
[2019-12-08T12:17:14.554+0000][1][safepoint    ] Entering safepoint region: RevokeBias
[2019-12-08T12:17:14.554+0000][1][safepoint    ] Leaving safepoint region
[2019-12-08T12:17:14.554+0000][1][safepoint    ] Total time for which application threads were stopped: 0.0001319 seconds, Stopping threads took: 0.0000151 seconds
[2019-12-08T12:17:14.554+0000][1][safepoint    ] Application time: 0.0003034 seconds
[2019-12-08T12:17:14.554+0000][1][safepoint    ] Entering safepoint region: RevokeBias
[2019-12-08T12:17:14.554+0000][1][safepoint    ] Leaving safepoint region
[2019-12-08T12:17:14.554+0000][1][safepoint    ] Total time for which application threads were stopped: 0.0000681 seconds, Stopping threads took: 0.0000128 seconds
[2019-12-08T12:17:14.554+0000][1][safepoint    ] Application time: 0.0000724 seconds
[2019-12-08T12:17:14.554+0000][1][safepoint    ] Entering safepoint region: RevokeBias
[2019-12-08T12:17:14.554+0000][1][safepoint    ] Leaving safepoint region
[2019-12-08T12:17:14.554+0000][1][safepoint    ] Total time for which application threads were stopped: 0.0000596 seconds, Stopping threads took: 0.0000104 seconds
[2019-12-08T12:17:14.776+0000][1][safepoint    ] Application time: 0.2218409 seconds
[2019-12-08T12:17:14.776+0000][1][safepoint    ] Entering safepoint region: RevokeBias
[2019-12-08T12:17:14.776+0000][1][safepoint    ] Leaving safepoint region
[2019-12-08T12:17:14.776+0000][1][safepoint    ] Total time for which application threads were stopped: 0.0001511 seconds, Stopping threads took: 0.0000222 seconds
[2019-12-08T12:17:14.777+0000][1][safepoint    ] Application time: 0.0002741 seconds
[2019-12-08T12:17:14.777+0000][1][safepoint    ] Entering safepoint region: RevokeBias
[2019-12-08T12:17:14.777+0000][1][safepoint    ] Leaving safepoint region
[2019-12-08T12:17:14.777+0000][1][safepoint    ] Total time for which application threads were stopped: 0.0001174 seconds, Stopping threads took: 0.0000378 seconds
[2019-12-08T12:17:14.777+0000][1][safepoint    ] Application time: 0.0000736 seconds
[2019-12-08T12:17:14.777+0000][1][safepoint    ] Entering safepoint region: RevokeBias
[2019-12-08T12:17:14.777+0000][1][safepoint    ] Leaving safepoint region
[2019-12-08T12:17:14.777+0000][1][safepoint    ] Total time for which application threads were stopped: 0.0000952 seconds, Stopping threads took: 0.0000430 seconds
[2019-12-08T12:17:14.777+0000][1][safepoint    ] Application time: 0.0000519 seconds
[2019-12-08T12:17:14.777+0000][1][safepoint    ] Entering safepoint region: RevokeBias
[2019-12-08T12:17:14.777+0000][1][safepoint    ] Leaving safepoint region
[2019-12-08T12:17:14.777+0000][1][safepoint    ] Total time for which application threads were stopped: 0.0000491 seconds, Stopping threads took: 0.0000085 seconds
[2019-12-08T12:17:14.797+0000][1][safepoint    ] Application time: 0.0200711 seconds
[2019-12-08T12:17:14.797+0000][1][safepoint    ] Entering safepoint region: RevokeBias
[2019-12-08T12:17:14.797+0000][1][safepoint    ] Leaving safepoint region
[2019-12-08T12:17:14.797+0000][1][safepoint    ] Total time for which application threads were stopped: 0.0001943 seconds, Stopping threads took: 0.0000173 seconds
[2019-12-08T12:17:14.798+0000][1][safepoint    ] Application time: 0.0003380 seconds
[2019-12-08T12:17:14.798+0000][1][safepoint    ] Entering safepoint region: BulkRevokeBias
[2019-12-08T12:17:14.799+0000][1][safepoint    ] Leaving safepoint region
[2019-12-08T12:17:14.799+0000][1][safepoint    ] Total time for which application threads were stopped: 0.0012025 seconds, Stopping threads took: 0.0000154 seconds
[2019-12-08T12:17:14.804+0000][1][safepoint    ] Application time: 0.0051922 seconds
[2019-12-08T12:17:14.804+0000][1][safepoint    ] Entering safepoint region: RevokeBias
[2019-12-08T12:17:14.804+0000][1][safepoint    ] Leaving safepoint region
[2019-12-08T12:17:14.804+0000][1][safepoint    ] Total time for which application threads were stopped: 0.0001239 seconds, Stopping threads took: 0.0000336 seconds
[2019-12-08T12:17:14.805+0000][1][safepoint    ] Application time: 0.0010251 seconds
[2019-12-08T12:17:14.805+0000][1][safepoint    ] Entering safepoint region: RevokeBias
[2019-12-08T12:17:14.805+0000][1][safepoint    ] Leaving safepoint region
[2019-12-08T12:17:14.805+0000][1][safepoint    ] Total time for which application threads were stopped: 0.0000973 seconds, Stopping threads took: 0.0000157 seconds
[2019-12-08T12:17:14.839+0000][1][safepoint    ] Application time: 0.0331831 seconds
[2019-12-08T12:17:14.839+0000][1][safepoint    ] Entering safepoint region: RevokeBias
[2019-12-08T12:17:14.839+0000][1][safepoint    ] Leaving safepoint region
[2019-12-08T12:17:14.839+0000][1][safepoint    ] Total time for which application threads were stopped: 0.0007942 seconds, Stopping threads took: 0.0006740 seconds
[2019-12-08T12:17:14.841+0000][1][safepoint    ] Application time: 0.0013595 seconds
[2019-12-08T12:17:14.841+0000][1][safepoint    ] Entering safepoint region: RevokeBias
[2019-12-08T12:17:14.841+0000][1][safepoint    ] Leaving safepoint region
[2019-12-08T12:17:14.841+0000][1][safepoint    ] Total time for which application threads were stopped: 0.0001381 seconds, Stopping threads took: 0.0000188 seconds
[2019-12-08T12:17:14.848+0000][1][safepoint    ] Application time: 0.0067366 seconds
[2019-12-08T12:17:14.848+0000][1][safepoint    ] Entering safepoint region: RevokeBias
[2019-12-08T12:17:14.848+0000][1][safepoint    ] Leaving safepoint region
[2019-12-08T12:17:14.848+0000][1][safepoint    ] Total time for which application threads were stopped: 0.0001045 seconds, Stopping threads took: 0.0000171 seconds
[2019-12-08T12:17:14.848+0000][1][safepoint    ] Application time: 0.0001913 seconds
[2019-12-08T12:17:14.848+0000][1][safepoint    ] Entering safepoint region: RevokeBias
[2019-12-08T12:17:14.848+0000][1][safepoint    ] Leaving safepoint region
[2019-12-08T12:17:14.848+0000][1][safepoint    ] Total time for which application threads were stopped: 0.0000637 seconds, Stopping threads took: 0.0000098 seconds
[2019-12-08T12:17:14.852+0000][1][safepoint    ] Application time: 0.0033454 seconds
[2019-12-08T12:17:14.852+0000][1][safepoint    ] Entering safepoint region: RevokeBias
[2019-12-08T12:17:14.852+0000][1][safepoint    ] Leaving safepoint region
[2019-12-08T12:17:14.852+0000][1][safepoint    ] Total time for which application threads were stopped: 0.0000701 seconds, Stopping threads took: 0.0000144 seconds
[2019-12-08T12:17:14.853+0000][1][safepoint    ] Application time: 0.0009977 seconds
[2019-12-08T12:17:14.853+0000][1][safepoint    ] Entering safepoint region: RevokeBias
[2019-12-08T12:17:14.853+0000][1][safepoint    ] Leaving safepoint region
[2019-12-08T12:17:14.853+0000][1][safepoint    ] Total time for which application threads were stopped: 0.0000861 seconds, Stopping threads took: 0.0000142 seconds
[2019-12-08T12:17:14.853+0000][1][safepoint    ] Application time: 0.0000701 seconds
[2019-12-08T12:17:14.853+0000][1][safepoint    ] Entering safepoint region: RevokeBias
[2019-12-08T12:17:14.853+0000][1][safepoint    ] Leaving safepoint region
[2019-12-08T12:17:14.853+0000][1][safepoint    ] Total time for which application threads were stopped: 0.0000517 seconds, Stopping threads took: 0.0000101 seconds
[2019-12-08T12:17:14.853+0000][1][safepoint    ] Application time: 0.0000590 seconds
[2019-12-08T12:17:14.853+0000][1][safepoint    ] Entering safepoint region: RevokeBias
[2019-12-08T12:17:14.853+0000][1][safepoint    ] Leaving safepoint region
[2019-12-08T12:17:14.853+0000][1][safepoint    ] Total time for which application threads were stopped: 0.0000510 seconds, Stopping threads took: 0.0000095 seconds
[2019-12-08T12:17:14.853+0000][1][safepoint    ] Application time: 0.0000846 seconds
[2019-12-08T12:17:14.853+0000][1][safepoint    ] Entering safepoint region: RevokeBias
[2019-12-08T12:17:14.853+0000][1][safepoint    ] Leaving safepoint region
[2019-12-08T12:17:14.853+0000][1][safepoint    ] Total time for which application threads were stopped: 0.0000436 seconds, Stopping threads took: 0.0000086 seconds
[2019-12-08T12:17:14.853+0000][1][safepoint    ] Application time: 0.0000743 seconds
[2019-12-08T12:17:14.853+0000][1][safepoint    ] Entering safepoint region: RevokeBias
[2019-12-08T12:17:14.853+0000][1][safepoint    ] Leaving safepoint region
[2019-12-08T12:17:14.853+0000][1][safepoint    ] Total time for which application threads were stopped: 0.0000397 seconds, Stopping threads took: 0.0000093 seconds
[2019-12-08T12:17:14.853+0000][1][safepoint    ] Application time: 0.0000733 seconds
[2019-12-08T12:17:14.853+0000][1][safepoint    ] Entering safepoint region: RevokeBias
[2019-12-08T12:17:14.853+0000][1][safepoint    ] Leaving safepoint region
[2019-12-08T12:17:14.853+0000][1][safepoint    ] Total time for which application threads were stopped: 0.0000379 seconds, Stopping threads took: 0.0000079 seconds
[2019-12-08T12:17:14.854+0000][1][safepoint    ] Application time: 0.0007558 seconds
[2019-12-08T12:17:14.854+0000][1][safepoint    ] Entering safepoint region: RevokeBias
[2019-12-08T12:17:14.854+0000][1][safepoint    ] Leaving safepoint region
[2019-12-08T12:17:14.854+0000][1][safepoint    ] Total time for which application threads were stopped: 0.0000592 seconds, Stopping threads took: 0.0000129 seconds
[2019-12-08T12:17:14.855+0000][1][safepoint    ] Application time: 0.0003938 seconds
[2019-12-08T12:17:14.855+0000][1][safepoint    ] Entering safepoint region: BulkRevokeBias
[2019-12-08T12:17:14.855+0000][1][safepoint    ] Leaving safepoint region
[2019-12-08T12:17:14.855+0000][1][safepoint    ] Total time for which application threads were stopped: 0.0003657 seconds, Stopping threads took: 0.0000131 seconds
[2019-12-08T12:17:14.867+0000][1][safepoint    ] Application time: 0.0123901 seconds
[2019-12-08T12:17:14.867+0000][1][safepoint    ] Entering safepoint region: RevokeBias
[2019-12-08T12:17:14.868+0000][1][safepoint    ] Leaving safepoint region
[2019-12-08T12:17:14.868+0000][1][safepoint    ] Total time for which application threads were stopped: 0.0001235 seconds, Stopping threads took: 0.0000454 seconds
[2019-12-08T12:17:14.901+0000][1][safepoint    ] Application time: 0.0331419 seconds
[2019-12-08T12:17:14.901+0000][1][safepoint    ] Entering safepoint region: RevokeBias
[2019-12-08T12:17:14.901+0000][1][safepoint    ] Leaving safepoint region
[2019-12-08T12:17:14.901+0000][1][safepoint    ] Total time for which application threads were stopped: 0.0002272 seconds, Stopping threads took: 0.0001277 seconds
[2019-12-08T12:17:14.915+0000][1][safepoint    ] Application time: 0.0139791 seconds
[2019-12-08T12:17:14.915+0000][1][safepoint    ] Entering safepoint region: RevokeBias
[2019-12-08T12:17:14.915+0000][1][safepoint    ] Leaving safepoint region
[2019-12-08T12:17:14.915+0000][1][safepoint    ] Total time for which application threads were stopped: 0.0000783 seconds, Stopping threads took: 0.0000148 seconds
[2019-12-08T12:17:14.916+0000][1][safepoint    ] Application time: 0.0005370 seconds
[2019-12-08T12:17:14.916+0000][1][safepoint    ] Entering safepoint region: RevokeBias
[2019-12-08T12:17:14.916+0000][1][safepoint    ] Leaving safepoint region
[2019-12-08T12:17:14.916+0000][1][safepoint    ] Total time for which application threads were stopped: 0.0000817 seconds, Stopping threads took: 0.0000120 seconds
[2019-12-08T12:17:14.930+0000][1][safepoint    ] Application time: 0.0139911 seconds
[2019-12-08T12:17:14.948+0000][1][safepoint    ] Entering safepoint region: RevokeBias
[2019-12-08T12:17:14.948+0000][1][safepoint    ] Leaving safepoint region
[2019-12-08T12:17:14.948+0000][1][safepoint    ] Total time for which application threads were stopped: 0.0181579 seconds, Stopping threads took: 0.0180787 seconds
[2019-12-08T12:17:14.957+0000][1][safepoint    ] Application time: 0.0089295 seconds
[2019-12-08T12:17:14.969+0000][1][safepoint    ] Entering safepoint region: RevokeBias
[2019-12-08T12:17:14.969+0000][1][safepoint    ] Leaving safepoint region
[2019-12-08T12:17:14.969+0000][1][safepoint    ] Total time for which application threads were stopped: 0.0119468 seconds, Stopping threads took: 0.0118988 seconds
[2019-12-08T12:17:14.984+0000][1][safepoint    ] Application time: 0.0151849 seconds
[2019-12-08T12:17:14.984+0000][1][safepoint    ] Entering safepoint region: RevokeBias
[2019-12-08T12:17:14.984+0000][1][safepoint    ] Leaving safepoint region
[2019-12-08T12:17:14.984+0000][1][safepoint    ] Total time for which application threads were stopped: 0.0001199 seconds, Stopping threads took: 0.0000784 seconds
[2019-12-08T12:17:14.995+0000][1][safepoint    ] Application time: 0.0109575 seconds
[2019-12-08T12:17:14.995+0000][1][safepoint    ] Entering safepoint region: RevokeBias
[2019-12-08T12:17:14.995+0000][1][safepoint    ] Leaving safepoint region
[2019-12-08T12:17:14.995+0000][1][safepoint    ] Total time for which application threads were stopped: 0.0000745 seconds, Stopping threads took: 0.0000151 seconds
[2019-12-08T12:17:15.033+0000][1][gc,heap,exit ] Heap
[2019-12-08T12:17:15.033+0000][1][gc,heap,exit ]  par new generation   total 78656K, used 39647K [0x00000000f0000000, 0x00000000f5550000, 0x00000000f5550000)
[2019-12-08T12:17:15.033+0000][1][gc,heap,exit ]   eden space 69952K,  56% used [0x00000000f0000000, 0x00000000f26b56d8, 0x00000000f4450000)
[2019-12-08T12:17:15.033+0000][1][gc,heap,exit ]   from space 8704K,   0% used [0x00000000f4450000, 0x00000000f4452850, 0x00000000f4cd0000)
[2019-12-08T12:17:15.033+0000][1][gc,heap,exit ]   to   space 8704K,   0% used [0x00000000f4cd0000, 0x00000000f4cd0000, 0x00000000f5550000)
[2019-12-08T12:17:15.033+0000][1][gc,heap,exit ]  concurrent mark-sweep generation total 174784K, used 70074K [0x00000000f5550000, 0x0000000100000000, 0x0000000100000000)
[2019-12-08T12:17:15.033+0000][1][gc,heap,exit ]  Metaspace       used 69361K, capacity 74460K, committed 74576K, reserved 1112064K
[2019-12-08T12:17:15.033+0000][1][gc,heap,exit ]   class space    used 9344K, capacity 11522K, committed 11608K, reserved 1048576K
[2019-12-08T12:17:15.038+0000][1][safepoint    ] Application time: 0.0430412 seconds
[2019-12-08T12:17:15.038+0000][1][safepoint    ] Entering safepoint region: Exit
